Archive member included because of file (symbol)

c:/isis/application/toolchain/bin/../lib/gcc/arm-none-eabi/4.7.4/../../../../arm-none-eabi/lib\libc_s.a(lib_a-vfprintf_float.o)
                              (_printf_float)
c:/isis/application/toolchain/bin/../lib/gcc/arm-none-eabi/4.7.4/../../../../arm-none-eabi/lib\libc_s.a(lib_a-vfprintf_i.o)
                              c:/isis/application/toolchain/bin/../lib/gcc/arm-none-eabi/4.7.4/../../../../arm-none-eabi/lib\libc_s.a(lib_a-vfprintf_float.o) (_printf_common)
c:/isis/application/toolchain/bin/../lib/gcc/arm-none-eabi/4.7.4/../../../../arm-none-eabi/lib\libc_s.a(lib_a-vfscanf_float.o)
                              (_scanf_float)
c:/isis/application/toolchain/bin/../lib/gcc/arm-none-eabi/4.7.4/../../../../arm-none-eabi/lib\libc_s.a(lib_a-dtoa.o)
                              c:/isis/application/toolchain/bin/../lib/gcc/arm-none-eabi/4.7.4/../../../../arm-none-eabi/lib\libc_s.a(lib_a-vfprintf_float.o) (_dtoa_r)
c:/isis/application/toolchain/bin/../lib/gcc/arm-none-eabi/4.7.4/../../../../arm-none-eabi/lib\libc_s.a(lib_a-locale.o)
                              c:/isis/application/toolchain/bin/../lib/gcc/arm-none-eabi/4.7.4/../../../../arm-none-eabi/lib\libc_s.a(lib_a-vfprintf_float.o) (_localeconv_r)
c:/isis/application/toolchain/bin/../lib/gcc/arm-none-eabi/4.7.4/../../../../arm-none-eabi/lib\libc_s.a(lib_a-malloc.o)
                              c:/isis/application/toolchain/bin/../lib/gcc/arm-none-eabi/4.7.4/../../../../arm-none-eabi/lib\libc_s.a(lib_a-dtoa.o) (malloc)
c:/isis/application/toolchain/bin/../lib/gcc/arm-none-eabi/4.7.4/../../../../arm-none-eabi/lib\libc_s.a(lib_a-mallocr.o)
                              c:/isis/application/toolchain/bin/../lib/gcc/arm-none-eabi/4.7.4/../../../../arm-none-eabi/lib\libc_s.a(lib_a-malloc.o) (_malloc_r)
c:/isis/application/toolchain/bin/../lib/gcc/arm-none-eabi/4.7.4/../../../../arm-none-eabi/lib\libc_s.a(lib_a-memcpy.o)
                              c:/isis/application/toolchain/bin/../lib/gcc/arm-none-eabi/4.7.4/../../../../arm-none-eabi/lib\libc_s.a(lib_a-dtoa.o) (memcpy)
c:/isis/application/toolchain/bin/../lib/gcc/arm-none-eabi/4.7.4/../../../../arm-none-eabi/lib\libc_s.a(lib_a-mprec.o)
                              c:/isis/application/toolchain/bin/../lib/gcc/arm-none-eabi/4.7.4/../../../../arm-none-eabi/lib\libc_s.a(lib_a-dtoa.o) (_Balloc)
c:/isis/application/toolchain/bin/../lib/gcc/arm-none-eabi/4.7.4/../../../../arm-none-eabi/lib\libc_s.a(lib_a-s_fpclassify.o)
                              c:/isis/application/toolchain/bin/../lib/gcc/arm-none-eabi/4.7.4/../../../../arm-none-eabi/lib\libc_s.a(lib_a-vfprintf_float.o) (__fpclassifyd)
c:/isis/application/toolchain/bin/../lib/gcc/arm-none-eabi/4.7.4/../../../../arm-none-eabi/lib\libc_s.a(lib_a-sbrkr.o)
                              c:/isis/application/toolchain/bin/../lib/gcc/arm-none-eabi/4.7.4/../../../../arm-none-eabi/lib\libc_s.a(lib_a-mallocr.o) (_sbrk_r)
c:/isis/application/toolchain/bin/../lib/gcc/arm-none-eabi/4.7.4/../../../../arm-none-eabi/lib\libc_s.a(lib_a-sf_nan.o)
                              c:/isis/application/toolchain/bin/../lib/gcc/arm-none-eabi/4.7.4/../../../../arm-none-eabi/lib\libc_s.a(lib_a-vfscanf_float.o) (nanf)
c:/isis/application/toolchain/bin/../lib/gcc/arm-none-eabi/4.7.4/../../../../arm-none-eabi/lib\libc_s.a(lib_a-sprintf.o)
                              c:/isis/application/toolchain/bin/../lib/gcc/arm-none-eabi/4.7.4/../../../../arm-none-eabi/lib\libc_s.a(lib_a-vfscanf_float.o) (sprintf)
c:/isis/application/toolchain/bin/../lib/gcc/arm-none-eabi/4.7.4/../../../../arm-none-eabi/lib\libc_s.a(lib_a-strcmp.o)
                              c:/isis/application/toolchain/bin/../lib/gcc/arm-none-eabi/4.7.4/../../../../arm-none-eabi/lib\libc_s.a(lib_a-locale.o) (strcmp)
c:/isis/application/toolchain/bin/../lib/gcc/arm-none-eabi/4.7.4/../../../../arm-none-eabi/lib\libc_s.a(lib_a-strlen.o)
                              c:/isis/application/toolchain/bin/../lib/gcc/arm-none-eabi/4.7.4/../../../../arm-none-eabi/lib\libc_s.a(lib_a-vfprintf_float.o) (strlen)
c:/isis/application/toolchain/bin/../lib/gcc/arm-none-eabi/4.7.4/../../../../arm-none-eabi/lib\libc_s.a(lib_a-strtod.o)
                              c:/isis/application/toolchain/bin/../lib/gcc/arm-none-eabi/4.7.4/../../../../arm-none-eabi/lib\libc_s.a(lib_a-vfscanf_float.o) (_strtod_r)
c:/isis/application/toolchain/bin/../lib/gcc/arm-none-eabi/4.7.4/../../../../arm-none-eabi/lib\libc_s.a(lib_a-strtol.o)
                              c:/isis/application/toolchain/bin/../lib/gcc/arm-none-eabi/4.7.4/../../../../arm-none-eabi/lib\libc_s.a(lib_a-vfscanf_float.o) (_strtol_r)
c:/isis/application/toolchain/bin/../lib/gcc/arm-none-eabi/4.7.4/../../../../arm-none-eabi/lib\libc_s.a(lib_a-svfprintf.o)
                              c:/isis/application/toolchain/bin/../lib/gcc/arm-none-eabi/4.7.4/../../../../arm-none-eabi/lib\libc_s.a(lib_a-sprintf.o) (_svfprintf_r)
[...]
Memory Configuration

Name             Origin             Length             Attributes
sram0            0x00200000         0x00004000         w !xr
sram1            0x00300000         0x00004000         w !xr
sdram            0x20000000         0x02000000         w !xr
*default*        0x00000000         0xffffffff

Linker script and memory map

LOAD c:/isis/application/toolchain/bin/../lib/gcc/arm-none-eabi/4.7.4/../../../../arm-none-eabi/lib\libc_s.a
LOAD ./src/sub-systemCode/payload/ImgCompressor/ImgCompressor.o
LOAD ./src/sub-systemCode/payload/ImgCompressor/rawToBMP.o
LOAD ./src/sub-systemCode/payload/Butchering.o
LOAD ./src/sub-systemCode/payload/Camera.o
LOAD ./src/sub-systemCode/payload/CameraManeger.o
LOAD ./src/sub-systemCode/payload/DB_RequestHandling.o
LOAD ./src/sub-systemCode/payload/DataBase.o
LOAD ./src/sub-systemCode/payload/FRAM_Extended.o
LOAD ./src/sub-systemCode/Tests/Test.o
LOAD ./src/sub-systemCode/Main/CMD/COMM_CMD.o
LOAD ./src/sub-systemCode/Main/CMD/EPS_CMD.o
LOAD ./src/sub-systemCode/Main/CMD/General_CMD.o
LOAD ./src/sub-systemCode/Main/CMD/SW_CMD.o
LOAD ./src/sub-systemCode/Main/CMD/payload_CMD.o
LOAD ./src/sub-systemCode/Main/CMD/test_CMD.o
LOAD ./src/sub-systemCode/Main/Ants.o
LOAD ./src/sub-systemCode/Main/EPS.o
LOAD ./src/sub-systemCode/Main/HouseKeeping.o
LOAD ./src/sub-systemCode/Main/Main_Init.o
LOAD ./src/sub-systemCode/Main/commands.o
LOAD ./src/sub-systemCode/Global/Global.o
LOAD ./src/sub-systemCode/Global/GlobalParam.o
LOAD ./src/sub-systemCode/Global/TM_managment.o
LOAD ./src/sub-systemCode/Global/logger.o
LOAD ./src/sub-systemCode/COMM/APRS.o
LOAD ./src/sub-systemCode/COMM/DelayedCommand_list.o
LOAD ./src/sub-systemCode/COMM/GSC.o
LOAD ./src/sub-systemCode/COMM/TRXVU.o
LOAD ./src/sub-systemCode/COMM/imageDump.o
LOAD ./src/sub-systemCode/ADCS/ADCS.o
LOAD ./src/sub-systemCode/ADCS/Stage_Table.o
LOAD ./src/main.o
LOAD C:/Users/user1/Desktop/Elai/satellite-subsystems/demo/..//satellite-subsystems/lib\libSatelliteSubsystemsD.a
LOAD c:/isis/application/toolchain/bin/../lib/gcc/arm-none-eabi/4.7.4/../../../../arm-none-eabi/lib\libm.a
LOAD C:/Users/user1/Desktop/Elai/satellite-subsystems/demo/../..//hal/hcc/lib\libHCCD.a
LOAD C:/Users/user1/Desktop/Elai/satellite-subsystems/demo/../..//hal/hal/lib\libHALD.a
LOAD C:/Users/user1/Desktop/Elai/satellite-subsystems/demo/../..//hal/freertos/lib\libFreeRTOSD.a
LOAD C:/Users/user1/Desktop/Elai/satellite-subsystems/demo/../..//hal/at91/lib\libAt91D.a
START GROUP
LOAD c:/isis/application/toolchain/bin/../lib/gcc/arm-none-eabi/4.7.4\libgcc.a
LOAD c:/isis/application/toolchain/bin/../lib/gcc/arm-none-eabi/4.7.4/../../../../arm-none-eabi/lib\libc_s.a
END GROUP

.fixed          0x20000000    0x3b894
                0x20000000                . = ALIGN (0x4)
                0x20000000                _sfixed = .
 *(.startup)
 .startup       0x20000000      0x134 C:/Users/user1/Desktop/Elai/satellite-subsystems/demo/../..//hal/at91/lib\libAt91D.a(board_cstartup.o)
                0x20000000                entry
 *(.text)
 .text          0x20000134       0x64 C:/Users/user1/Desktop/Elai/satellite-subsystems/demo/../..//hal/at91/lib\libAt91D.a(cp15_asm.o)
                0x20000134                _readControlRegister
                0x20000140                _writeControlRegister
                0x20000148                _waitForInterrupt
                0x20000154                _writeTTB
                0x2000015c                _writeDomain
                0x20000164                _writeITLBLockdown
                0x2000016c                _prefetchICacheLine
                0x20000174                _flushDCache
                0x20000180                _flushWriteBuffer
                0x2000018c                _invalidateIDTLBs
 .text          0x20000198      0x114 c:/isis/application/toolchain/bin/../lib/gcc/arm-none-eabi/4.7.4\libgcc.a(_udivsi3.o)
                0x20000198                __aeabi_uidiv
                0x20000198                __udivsi3
                0x2000028c                __aeabi_uidivmod
 .text          0x200002ac      0x148 c:/isis/application/toolchain/bin/../lib/gcc/arm-none-eabi/4.7.4\libgcc.a(_divsi3.o)
                0x200002ac                __divsi3
                0x200002ac                __aeabi_idiv
                0x200003d4                __aeabi_idivmod
 .text          0x200003f4        0x4 c:/isis/application/toolchain/bin/../lib/gcc/arm-none-eabi/4.7.4\libgcc.a(_dvmd_tls.o)
                0x200003f4                __aeabi_idiv0
                0x200003f4                __aeabi_ldiv0
 .text          0x200003f8      0x41c c:/isis/application/toolchain/bin/../lib/gcc/arm-none-eabi/4.7.4\libgcc.a(_arm_addsubdf3.o)
                0x200003f8                __aeabi_drsub
                0x20000400                __aeabi_dsub
                0x20000400                __subdf3
                0x20000404                __aeabi_dadd
                0x20000404                __adddf3
                0x20000714                __floatunsidf
                0x20000714                __aeabi_ui2d
                0x20000738                __floatsidf
                0x20000738                __aeabi_i2d
                0x20000760                __aeabi_f2d
                0x20000760                __extendsfdf2
                0x200007a0                __floatundidf
                0x200007a0                __aeabi_ul2d
                0x200007b4                __floatdidf
                0x200007b4                __aeabi_l2d
 .text          0x20000814      0x49c c:/isis/application/toolchain/bin/../lib/gcc/arm-none-eabi/4.7.4\libgcc.a(_arm_muldivdf3.o)
                0x20000814                __aeabi_dmul
                0x20000814                __muldf3
                0x20000aa4                __divdf3
                0x20000aa4                __aeabi_ddiv
 .text          0x20000cb0      0x144 c:/isis/application/toolchain/bin/../lib/gcc/arm-none-eabi/4.7.4\libgcc.a(_arm_cmpdf2.o)
                0x20000cb0                __gtdf2
                0x20000cb0                __gedf2
                0x20000cb8                __ltdf2
                0x20000cb8                __ledf2
                0x20000cc0                __nedf2
                0x20000cc0                __eqdf2
                0x20000cc0                __cmpdf2
                0x20000d48                __aeabi_cdrcmple
                0x20000d64                __aeabi_cdcmpeq
                0x20000d64                __aeabi_cdcmple
                0x20000d7c                __aeabi_dcmpeq
                0x20000d94                __aeabi_dcmplt
                0x20000dac                __aeabi_dcmple
                0x20000dc4                __aeabi_dcmpge
                0x20000ddc                __aeabi_dcmpgt
 .text          0x20000df4       0x5c c:/isis/application/toolchain/bin/../lib/gcc/arm-none-eabi/4.7.4\libgcc.a(_arm_fixdfsi.o)
                0x20000df4                __aeabi_d2iz
                0x20000df4                __fixdfsi
 .text          0x20000e50       0x54 c:/isis/application/toolchain/bin/../lib/gcc/arm-none-eabi/4.7.4\libgcc.a(_arm_fixunsdfsi.o)
                0x20000e50                __aeabi_d2uiz
                0x20000e50                __fixunsdfsi
 .text          0x20000ea4       0xa0 c:/isis/application/toolchain/bin/../lib/gcc/arm-none-eabi/4.7.4\libgcc.a(_arm_truncdfsf2.o)
                0x20000ea4                __truncdfsf2
                0x20000ea4                __aeabi_d2f
 .text          0x20000f44      0x2ac c:/isis/application/toolchain/bin/../lib/gcc/arm-none-eabi/4.7.4\libgcc.a(_arm_addsubsf3.o)
                0x20000f44                __aeabi_frsub
                0x20000f4c                __subsf3
                0x20000f4c                __aeabi_fsub
                0x20000f50                __aeabi_fadd
                0x20000f50                __addsf3
                0x2000110c                __aeabi_ui2f
                0x2000110c                __floatunsisf
                0x20001114                __aeabi_i2f
                0x20001114                __floatsisf
                0x20001134                __aeabi_ul2f
                0x20001134                __floatundisf
                0x20001144                __aeabi_l2f
                0x20001144                __floatdisf
 .text          0x200011f0      0x2f8 c:/isis/application/toolchain/bin/../lib/gcc/arm-none-eabi/4.7.4\libgcc.a(_arm_muldivsf3.o)
                0x200011f0                __mulsf3
                0x200011f0                __aeabi_fmul
                0x20001388                __aeabi_fdiv
                0x20001388                __divsf3
 .text          0x200014e8       0x5c c:/isis/application/toolchain/bin/../lib/gcc/arm-none-eabi/4.7.4\libgcc.a(_arm_fixsfsi.o)
                0x200014e8                __aeabi_f2iz
                0x200014e8                __fixsfsi
 .text          0x20001544       0x54 c:/isis/application/toolchain/bin/../lib/gcc/arm-none-eabi/4.7.4\libgcc.a(_arm_fixunssfsi.o)
                0x20001544                __fixunssfsi
                0x20001544                __aeabi_f2uiz
 *(.text*)
 .text.__cvt    0x20001598      0x138 c:/isis/application/toolchain/bin/../lib/gcc/arm-none-eabi/4.7.4/../../../../arm-none-eabi/lib\libc_s.a(lib_a-vfprintf_float.o)
                0x20001598                __cvt
 .text.__exponent
                0x200016d0       0xa8 c:/isis/application/toolchain/bin/../lib/gcc/arm-none-eabi/4.7.4/../../../../arm-none-eabi/lib\libc_s.a(lib_a-vfprintf_float.o)
                0x200016d0                __exponent
 .text._printf_float
                0x20001778      0x7dc c:/isis/application/toolchain/bin/../lib/gcc/arm-none-eabi/4.7.4/../../../../arm-none-eabi/lib\libc_s.a(lib_a-vfprintf_float.o)
                0x20001778                _printf_float
 .text._printf_common
                0x20001f54      0x174 c:/isis/application/toolchain/bin/../lib/gcc/arm-none-eabi/4.7.4/../../../../arm-none-eabi/lib\libc_s.a(lib_a-vfprintf_i.o)
                0x20001f54                _printf_common
 .text._printf_i
                0x200020c8      0x3c4 c:/isis/application/toolchain/bin/../lib/gcc/arm-none-eabi/4.7.4/../../../../arm-none-eabi/lib\libc_s.a(lib_a-vfprintf_i.o)
                0x200020c8                _printf_i
 .text._scanf_float
                0x2000248c      0x5f4 c:/isis/application/toolchain/bin/../lib/gcc/arm-none-eabi/4.7.4/../../../../arm-none-eabi/lib\libc_s.a(lib_a-vfscanf_float.o)
                0x2000248c                _scanf_float
 .text.quorem   0x20002a80      0x1ac c:/isis/application/toolchain/bin/../lib/gcc/arm-none-eabi/4.7.4/../../../../arm-none-eabi/lib\libc_s.a(lib_a-dtoa.o)
 .text._dtoa_r  0x20002c2c     0x1268 c:/isis/application/toolchain/bin/../lib/gcc/arm-none-eabi/4.7.4/../../../../arm-none-eabi/lib\libc_s.a(lib_a-dtoa.o)
                0x20002c2c                _dtoa_r
 .text._localeconv_r
                0x20003e94        0xc c:/isis/application/toolchain/bin/../lib/gcc/arm-none-eabi/4.7.4/../../../../arm-none-eabi/lib\libc_s.a(lib_a-locale.o)
                0x20003e94                _localeconv_r
 .text.malloc   0x20003ea0       0x20 c:/isis/application/toolchain/bin/../lib/gcc/arm-none-eabi/4.7.4/../../../../arm-none-eabi/lib\libc_s.a(lib_a-malloc.o)
                0x20003ea0                malloc
 .text.free     0x20003ec0       0x20 c:/isis/application/toolchain/bin/../lib/gcc/arm-none-eabi/4.7.4/../../../../arm-none-eabi/lib\libc_s.a(lib_a-malloc.o)
                0x20003ec0                free
 .text._malloc_r
                0x20003ee0       0xfc c:/isis/application/toolchain/bin/../lib/gcc/arm-none-eabi/4.7.4/../../../../arm-none-eabi/lib\libc_s.a(lib_a-mallocr.o)
                0x20003ee0                _malloc_r
 .text.memcpy   0x20003fdc       0x20 c:/isis/application/toolchain/bin/../lib/gcc/arm-none-eabi/4.7.4/../../../../arm-none-eabi/lib\libc_s.a(lib_a-memcpy.o)
                0x20003fdc                memcpy
 .text._Balloc  0x20003ffc       0xcc c:/isis/application/toolchain/bin/../lib/gcc/arm-none-eabi/4.7.4/../../../../arm-none-eabi/lib\libc_s.a(lib_a-mprec.o)
                0x20003ffc                _Balloc
 .text._Bfree   0x200040c8       0x5c c:/isis/application/toolchain/bin/../lib/gcc/arm-none-eabi/4.7.4/../../../../arm-none-eabi/lib\libc_s.a(lib_a-mprec.o)
                0x200040c8                _Bfree
 .text.__multadd
                0x20004124       0xbc c:/isis/application/toolchain/bin/../lib/gcc/arm-none-eabi/4.7.4/../../../../arm-none-eabi/lib\libc_s.a(lib_a-mprec.o)
                0x20004124                __multadd
 .text.__s2b    0x200041e0       0xd8 c:/isis/application/toolchain/bin/../lib/gcc/arm-none-eabi/4.7.4/../../../../arm-none-eabi/lib\libc_s.a(lib_a-mprec.o)
                0x200041e0                __s2b
 .text.__hi0bits
                0x200042b8       0x58 c:/isis/application/toolchain/bin/../lib/gcc/arm-none-eabi/4.7.4/../../../../arm-none-eabi/lib\libc_s.a(lib_a-mprec.o)
                0x200042b8                __hi0bits
 .text.__lo0bits
                0x20004310       0x94 c:/isis/application/toolchain/bin/../lib/gcc/arm-none-eabi/4.7.4/../../../../arm-none-eabi/lib\libc_s.a(lib_a-mprec.o)
                0x20004310                __lo0bits
 .text.__i2b    0x200043a4       0x24 c:/isis/application/toolchain/bin/../lib/gcc/arm-none-eabi/4.7.4/../../../../arm-none-eabi/lib\libc_s.a(lib_a-mprec.o)
                0x200043a4                __i2b
 .text.__multiply
                0x200043c8      0x1ac c:/isis/application/toolchain/bin/../lib/gcc/arm-none-eabi/4.7.4/../../../../arm-none-eabi/lib\libc_s.a(lib_a-mprec.o)
                0x200043c8                __multiply
 .text.__pow5mult
                0x20004574      0x10c c:/isis/application/toolchain/bin/../lib/gcc/arm-none-eabi/4.7.4/../../../../arm-none-eabi/lib\libc_s.a(lib_a-mprec.o)
                0x20004574                __pow5mult
 .text.__lshift
                0x20004680       0xf0 c:/isis/application/toolchain/bin/../lib/gcc/arm-none-eabi/4.7.4/../../../../arm-none-eabi/lib\libc_s.a(lib_a-mprec.o)
                0x20004680                __lshift
 .text.__mcmp   0x20004770       0x60 c:/isis/application/toolchain/bin/../lib/gcc/arm-none-eabi/4.7.4/../../../../arm-none-eabi/lib\libc_s.a(lib_a-mprec.o)
                0x20004770                __mcmp
 .text.__mdiff  0x200047d0      0x128 c:/isis/application/toolchain/bin/../lib/gcc/arm-none-eabi/4.7.4/../../../../arm-none-eabi/lib\libc_s.a(lib_a-mprec.o)
                0x200047d0                __mdiff
 .text.__ulp    0x200048f8       0x5c c:/isis/application/toolchain/bin/../lib/gcc/arm-none-eabi/4.7.4/../../../../arm-none-eabi/lib\libc_s.a(lib_a-mprec.o)
                0x200048f8                __ulp
 .text.__b2d    0x20004954       0xc8 c:/isis/application/toolchain/bin/../lib/gcc/arm-none-eabi/4.7.4/../../../../arm-none-eabi/lib\libc_s.a(lib_a-mprec.o)
                0x20004954                __b2d
 .text.__d2b    0x20004a1c       0xfc c:/isis/application/toolchain/bin/../lib/gcc/arm-none-eabi/4.7.4/../../../../arm-none-eabi/lib\libc_s.a(lib_a-mprec.o)
                0x20004a1c                __d2b
 .text.__ratio  0x20004b18       0x70 c:/isis/application/toolchain/bin/../lib/gcc/arm-none-eabi/4.7.4/../../../../arm-none-eabi/lib\libc_s.a(lib_a-mprec.o)
                0x20004b18                __ratio
 .text.__copybits
                0x20004b88       0x4c c:/isis/application/toolchain/bin/../lib/gcc/arm-none-eabi/4.7.4/../../../../arm-none-eabi/lib\libc_s.a(lib_a-mprec.o)
                0x20004b88                __copybits
 .text.__any_on
                0x20004bd4       0x7c c:/isis/application/toolchain/bin/../lib/gcc/arm-none-eabi/4.7.4/../../../../arm-none-eabi/lib\libc_s.a(lib_a-mprec.o)
                0x20004bd4                __any_on
 .text.__fpclassifyd
                0x20004c50       0x6c c:/isis/application/toolchain/bin/../lib/gcc/arm-none-eabi/4.7.4/../../../../arm-none-eabi/lib\libc_s.a(lib_a-s_fpclassify.o)
                0x20004c50                __fpclassifyd
 .text._sbrk_r  0x20004cbc       0x3c c:/isis/application/toolchain/bin/../lib/gcc/arm-none-eabi/4.7.4/../../../../arm-none-eabi/lib\libc_s.a(lib_a-sbrkr.o)
                0x20004cbc                _sbrk_r
 .text.nanf     0x20004cf8        0xc c:/isis/application/toolchain/bin/../lib/gcc/arm-none-eabi/4.7.4/../../../../arm-none-eabi/lib\libc_s.a(lib_a-sf_nan.o)
                0x20004cf8                nanf
 .text.sprintf  0x20004d04       0x6c c:/isis/application/toolchain/bin/../lib/gcc/arm-none-eabi/4.7.4/../../../../arm-none-eabi/lib\libc_s.a(lib_a-sprintf.o)
                0x20004d04                siprintf
                0x20004d04                sprintf
 .text.strcmp   0x20004d70       0x1c c:/isis/application/toolchain/bin/../lib/gcc/arm-none-eabi/4.7.4/../../../../arm-none-eabi/lib\libc_s.a(lib_a-strcmp.o)
                0x20004d70                strcmp
 .text.strlen   0x20004d8c       0x1c c:/isis/application/toolchain/bin/../lib/gcc/arm-none-eabi/4.7.4/../../../../arm-none-eabi/lib\libc_s.a(lib_a-strlen.o)
                0x20004d8c                strlen
 .text.match    0x20004da8       0x54 c:/isis/application/toolchain/bin/../lib/gcc/arm-none-eabi/4.7.4/../../../../arm-none-eabi/lib\libc_s.a(lib_a-strtod.o)
 .text._strtod_r
                0x20004dfc     0x1168 c:/isis/application/toolchain/bin/../lib/gcc/arm-none-eabi/4.7.4/../../../../arm-none-eabi/lib\libc_s.a(lib_a-strtod.o)
                0x20004dfc                _strtod_r
 .text._strtol_r
                0x20005f64      0x1b8 c:/isis/application/toolchain/bin/../lib/gcc/arm-none-eabi/4.7.4/../../../../arm-none-eabi/lib\libc_s.a(lib_a-strtol.o)
                0x20005f64                _strtol_r
 .text.__ssputc_r
                0x2000611c      0x10c c:/isis/application/toolchain/bin/../lib/gcc/arm-none-eabi/4.7.4/../../../../arm-none-eabi/lib\libc_s.a(lib_a-svfprintf.o)
                0x2000611c                __ssputc_r
 .text._svfprintf_r
                0x20006228      0x328 c:/isis/application/toolchain/bin/../lib/gcc/arm-none-eabi/4.7.4/../../../../arm-none-eabi/lib\libc_s.a(lib_a-svfprintf.o)
                0x20006228                _svfiprintf_r
                0x20006228                _svfprintf_r
 .text._calloc_r
                0x20006550       0x2c c:/isis/application/toolchain/bin/../lib/gcc/arm-none-eabi/4.7.4/../../../../arm-none-eabi/lib\libc_s.a(lib_a-callocr.o)
                0x20006550                _calloc_r
 .text._free_r  0x2000657c      0x108 c:/isis/application/toolchain/bin/../lib/gcc/arm-none-eabi/4.7.4/../../../../arm-none-eabi/lib\libc_s.a(lib_a-freer.o)
                0x2000657c                _free_r
 .text.rshift   0x20006684       0xb0 c:/isis/application/toolchain/bin/../lib/gcc/arm-none-eabi/4.7.4/../../../../arm-none-eabi/lib\libc_s.a(lib_a-gdtoa-gethex.o)
 .text.htinit.constprop.0
                0x20006734       0x34 c:/isis/application/toolchain/bin/../lib/gcc/arm-none-eabi/4.7.4/../../../../arm-none-eabi/lib\libc_s.a(lib_a-gdtoa-gethex.o)
 .text.__hexdig_init
                0x20006768       0x38 c:/isis/application/toolchain/bin/../lib/gcc/arm-none-eabi/4.7.4/../../../../arm-none-eabi/lib\libc_s.a(lib_a-gdtoa-gethex.o)
                0x20006768                __hexdig_init
 .text.__gethex
                0x200067a0      0x6cc c:/isis/application/toolchain/bin/../lib/gcc/arm-none-eabi/4.7.4/../../../../arm-none-eabi/lib\libc_s.a(lib_a-gdtoa-gethex.o)
                0x200067a0                __gethex
 .text.L_shift  0x20006e6c       0x38 c:/isis/application/toolchain/bin/../lib/gcc/arm-none-eabi/4.7.4/../../../../arm-none-eabi/lib\libc_s.a(lib_a-gdtoa-hexnan.o)
 .text.__hexnan
                0x20006ea4      0x1d8 c:/isis/application/toolchain/bin/../lib/gcc/arm-none-eabi/4.7.4/../../../../arm-none-eabi/lib\libc_s.a(lib_a-gdtoa-hexnan.o)
                0x20006ea4                __hexnan
 .text.memchr   0x2000707c       0x34 c:/isis/application/toolchain/bin/../lib/gcc/arm-none-eabi/4.7.4/../../../../arm-none-eabi/lib\libc_s.a(lib_a-memchr.o)
                0x2000707c                memchr
 .text.memset   0x200070b0       0x1c c:/isis/application/toolchain/bin/../lib/gcc/arm-none-eabi/4.7.4/../../../../arm-none-eabi/lib\libc_s.a(lib_a-memset.o)
                0x200070b0                memset
 .text._realloc_r
                0x200070cc       0x80 c:/isis/application/toolchain/bin/../lib/gcc/arm-none-eabi/4.7.4/../../../../arm-none-eabi/lib\libc_s.a(lib_a-reallocr.o)
                0x200070cc                _realloc_r
 .text.strncmp  0x2000714c       0x64 c:/isis/application/toolchain/bin/../lib/gcc/arm-none-eabi/4.7.4/../../../../arm-none-eabi/lib\libc_s.a(lib_a-strncmp.o)
                0x2000714c                strncmp
 .text._malloc_usable_size_r
                0x200071b0       0x1c c:/isis/application/toolchain/bin/../lib/gcc/arm-none-eabi/4.7.4/../../../../arm-none-eabi/lib\libc_s.a(lib_a-msizer.o)
                0x200071b0                _malloc_usable_size_r
 .text.Initialized_GPIO
                0x200071cc       0x54 ./src/sub-systemCode/payload/Camera.o
                0x200071cc                Initialized_GPIO
 .text.initGecko
                0x20007220       0x50 ./src/sub-systemCode/payload/Camera.o
                0x20007220                initGecko
 .text.initCamera
                0x20007270       0x44 ./src/sub-systemCode/payload/CameraManeger.o
                0x20007270                initCamera
 .text.getDatabaseStart
                0x200072b4       0x28 ./src/sub-systemCode/payload/DataBase.o
 .text.getDatabaseEnd
                0x200072dc       0x50 ./src/sub-systemCode/payload/DataBase.o
 .text.zeroDataBase
                0x2000732c       0xd0 ./src/sub-systemCode/payload/DataBase.o
 .text.updateGeneralParameters
                0x200073fc      0x234 ./src/sub-systemCode/payload/DataBase.o
 .text.initDataBase
                0x20007630      0x490 ./src/sub-systemCode/payload/DataBase.o
                0x20007630                initDataBase
 .text.updateCameraParameters
                0x20007ac0       0xa8 ./src/sub-systemCode/payload/DataBase.o
                0x20007ac0                updateCameraParameters
 .text.FRAM_readAndProgress
                0x20007b68       0x5c ./src/sub-systemCode/payload/FRAM_Extended.o
                0x20007b68                FRAM_readAndProgress
 .text.FRAM_writeAndProgress
                0x20007bc4       0x5c ./src/sub-systemCode/payload/FRAM_Extended.o
                0x20007bc4                FRAM_writeAndProgress
 .text.reset_FIRST_activation
                0x20007c20       0x34 ./src/sub-systemCode/Tests/Test.o
                0x20007c20                reset_FIRST_activation
 .text.ButcheringTest
                0x20007c54      0x164 ./src/sub-systemCode/Tests/Test.o
                0x20007c54                ButcheringTest
 .text.GetChunkFromImageTest
                0x20007db8       0xec ./src/sub-systemCode/Tests/Test.o
                0x20007db8                GetChunkFromImageTest
 .text.imageDump_test
                0x20007ea4      0x11c ./src/sub-systemCode/Tests/Test.o
                0x20007ea4                imageDump_test
 .text.cmd_error
                0x20007fc0       0x38 ./src/sub-systemCode/Main/CMD/COMM_CMD.o
                0x20007fc0                cmd_error
 .text.cmd_mute
                0x20007ff8       0xc4 ./src/sub-systemCode/Main/CMD/COMM_CMD.o
                0x20007ff8                cmd_mute
 .text.cmd_unmute
                0x200080bc       0x50 ./src/sub-systemCode/Main/CMD/COMM_CMD.o
                0x200080bc                cmd_unmute
 .text.cmd_active_trans
                0x2000810c       0xc0 ./src/sub-systemCode/Main/CMD/COMM_CMD.o
                0x2000810c                cmd_active_trans
 .text.cmd_shut_trans
                0x200081cc       0x38 ./src/sub-systemCode/Main/CMD/COMM_CMD.o
                0x200081cc                cmd_shut_trans
 .text.cmd_change_trans_rssi
                0x20008204       0xb8 ./src/sub-systemCode/Main/CMD/COMM_CMD.o
                0x20008204                cmd_change_trans_rssi
 .text.cmd_aprs_dump
                0x200082bc       0x50 ./src/sub-systemCode/Main/CMD/COMM_CMD.o
                0x200082bc                cmd_aprs_dump
 .text.cmd_stop_dump
                0x2000830c       0x38 ./src/sub-systemCode/Main/CMD/COMM_CMD.o
                0x2000830c                cmd_stop_dump
 .text.cmd_time_frequency
                0x20008344       0xc0 ./src/sub-systemCode/Main/CMD/COMM_CMD.o
                0x20008344                cmd_time_frequency
 .text.cmd_upload_volt_logic
                0x20008404      0x3d0 ./src/sub-systemCode/Main/CMD/EPS_CMD.o
                0x20008404                cmd_upload_volt_logic
 .text.cmd_upload_volt_COMM
                0x200087d4      0x1c8 ./src/sub-systemCode/Main/CMD/EPS_CMD.o
                0x200087d4                cmd_upload_volt_COMM
 .text.cmd_heater_temp
                0x2000899c       0xc0 ./src/sub-systemCode/Main/CMD/EPS_CMD.o
                0x2000899c                cmd_heater_temp
 .text.cmd_SHUT_CAM
                0x20008a5c       0x6c ./src/sub-systemCode/Main/CMD/EPS_CMD.o
                0x20008a5c                cmd_SHUT_CAM
 .text.cmd_SHUT_ADCS
                0x20008ac8       0x6c ./src/sub-systemCode/Main/CMD/EPS_CMD.o
                0x20008ac8                cmd_SHUT_ADCS
 .text.cmd_allow_CAM
                0x20008b34       0x6c ./src/sub-systemCode/Main/CMD/EPS_CMD.o
                0x20008b34                cmd_allow_CAM
 .text.cmd_allow_ADCS
                0x20008ba0       0x6c ./src/sub-systemCode/Main/CMD/EPS_CMD.o
                0x20008ba0                cmd_allow_ADCS
 .text.cmd_generic_I2C
                0x20008c0c       0xb4 ./src/sub-systemCode/Main/CMD/General_CMD.o
                0x20008c0c                cmd_generic_I2C
 .text.cmd_dump
                0x20008cc0       0xf0 ./src/sub-systemCode/Main/CMD/General_CMD.o
                0x20008cc0                cmd_dump
 .text.cmd_delete_TM
                0x20008db0      0x210 ./src/sub-systemCode/Main/CMD/General_CMD.o
                0x20008db0                cmd_delete_TM
 .text.cmd_dummy_func
                0x20008fc0       0x40 ./src/sub-systemCode/Main/CMD/General_CMD.o
                0x20008fc0                cmd_dummy_func
 .text.cmd_soft_reset_cmponent
                0x20009000       0xb0 ./src/sub-systemCode/Main/CMD/General_CMD.o
                0x20009000                cmd_soft_reset_cmponent
 .text.cmd_hard_reset_cmponent
                0x200090b0       0xb0 ./src/sub-systemCode/Main/CMD/General_CMD.o
                0x200090b0                cmd_hard_reset_cmponent
 .text.cmd_reset_satellite
                0x20009160       0x78 ./src/sub-systemCode/Main/CMD/General_CMD.o
                0x20009160                cmd_reset_satellite
 .text.cmd_gracefull_reset_satellite
                0x200091d8       0x78 ./src/sub-systemCode/Main/CMD/General_CMD.o
                0x200091d8                cmd_gracefull_reset_satellite
 .text.cmd_upload_time
                0x20009250       0x98 ./src/sub-systemCode/Main/CMD/General_CMD.o
                0x20009250                cmd_upload_time
 .text.cmd_ARM_DIARM
                0x200092e8       0xd4 ./src/sub-systemCode/Main/CMD/General_CMD.o
                0x200092e8                cmd_ARM_DIARM
 .text.cmd_reset_delayed_command_list
                0x200093bc       0x3c ./src/sub-systemCode/Main/CMD/SW_CMD.o
                0x200093bc                cmd_reset_delayed_command_list
 .text.cmd_reset_APRS_list
                0x200093f8       0x3c ./src/sub-systemCode/Main/CMD/SW_CMD.o
                0x200093f8                cmd_reset_APRS_list
 .text.cmd_reset_FRAM
                0x20009434       0xe8 ./src/sub-systemCode/Main/CMD/SW_CMD.o
                0x20009434                cmd_reset_FRAM
 .text.cmd_imageDump_test
                0x2000951c       0xf8 ./src/sub-systemCode/Main/CMD/test_CMD.o
                0x2000951c                cmd_imageDump_test
 .text.ARM_ants
                0x20009614       0xb8 ./src/sub-systemCode/Main/Ants.o
                0x20009614                ARM_ants
 .text.DISARM_ants
                0x200096cc       0xb8 ./src/sub-systemCode/Main/Ants.o
                0x200096cc                DISARM_ants
 .text.convert_vol
                0x20009784      0x12c ./src/sub-systemCode/Main/EPS.o
                0x20009784                convert_vol
 .text.get_shut_ADCS
                0x200098b0       0x48 ./src/sub-systemCode/Main/EPS.o
                0x200098b0                get_shut_ADCS
 .text.shut_ADCS
                0x200098f8       0x48 ./src/sub-systemCode/Main/EPS.o
                0x200098f8                shut_ADCS
 .text.get_shut_CAM
                0x20009940       0x48 ./src/sub-systemCode/Main/EPS.o
                0x20009940                get_shut_CAM
 .text.shut_CAM
                0x20009988       0x48 ./src/sub-systemCode/Main/EPS.o
                0x20009988                shut_CAM
 .text.EPS_Init
                0x200099d0      0x1a0 ./src/sub-systemCode/Main/EPS.o
                0x200099d0                EPS_Init
 .text.reset_FRAM_EPS
                0x20009b70       0xa4 ./src/sub-systemCode/Main/EPS.o
                0x20009b70                reset_FRAM_EPS
 .text.reset_EPS_voltages
                0x20009c14       0xbc ./src/sub-systemCode/Main/EPS.o
                0x20009c14                reset_EPS_voltages
 .text.EPS_Conditioning
                0x20009cd0      0x2ac ./src/sub-systemCode/Main/EPS.o
                0x20009cd0                EPS_Conditioning
 .text.overRide_ADCS
                0x20009f7c       0x50 ./src/sub-systemCode/Main/EPS.o
                0x20009f7c                overRide_ADCS
 .text.overRide_Camera
                0x20009fcc       0x38 ./src/sub-systemCode/Main/EPS.o
                0x20009fcc                overRide_Camera
 .text.EnterFullMode
                0x2000a004       0xec ./src/sub-systemCode/Main/EPS.o
                0x2000a004                EnterFullMode
 .text.EnterCruiseMode
                0x2000a0f0       0xdc ./src/sub-systemCode/Main/EPS.o
                0x2000a0f0                EnterCruiseMode
 .text.EnterSafeMode
                0x2000a1cc       0xdc ./src/sub-systemCode/Main/EPS.o
                0x2000a1cc                EnterSafeMode
 .text.EnterCriticalMode
                0x2000a2a8       0xc8 ./src/sub-systemCode/Main/EPS.o
                0x2000a2a8                EnterCriticalMode
 .text.convert_raw_voltage
                0x2000a370       0xd8 ./src/sub-systemCode/Main/EPS.o
                0x2000a370                convert_raw_voltage
 .text.find_fileName
                0x2000a448      0x55c ./src/sub-systemCode/Main/HouseKeeping.o
                0x2000a448                find_fileName
 .text.size_of_element
                0x2000a9a4       0xac ./src/sub-systemCode/Main/HouseKeeping.o
                0x2000a9a4                size_of_element
 .text.save_ACK
                0x2000aa50       0xa0 ./src/sub-systemCode/Main/HouseKeeping.o
                0x2000aa50                save_ACK
 .text.set_GP_EPS
                0x2000aaf0      0x124 ./src/sub-systemCode/Main/HouseKeeping.o
                0x2000aaf0                set_GP_EPS
 .text.set_GP_COMM
                0x2000ac14      0x160 ./src/sub-systemCode/Main/HouseKeeping.o
                0x2000ac14                set_GP_COMM
 .text.SP_HK_collect
                0x2000ad74      0x134 ./src/sub-systemCode/Main/HouseKeeping.o
                0x2000ad74                SP_HK_collect
 .text.EPS_HK_collect
                0x2000aea8      0x4d8 ./src/sub-systemCode/Main/HouseKeeping.o
                0x2000aea8                EPS_HK_collect
 .text.CAM_HK_collect
                0x2000b380      0x91c ./src/sub-systemCode/Main/HouseKeeping.o
                0x2000b380                CAM_HK_collect
 .text.COMM_HK_collect
                0x2000bc9c      0x148 ./src/sub-systemCode/Main/HouseKeeping.o
                0x2000bc9c                COMM_HK_collect
 .text.ADCS_HK_collect
                0x2000bde4       0x40 ./src/sub-systemCode/Main/HouseKeeping.o
                0x2000bde4                ADCS_HK_collect
 .text.COMM_create_file
                0x2000be24       0x74 ./src/sub-systemCode/Main/HouseKeeping.o
                0x2000be24                COMM_create_file
 .text.ACK_create_file
                0x2000be98       0x74 ./src/sub-systemCode/Main/HouseKeeping.o
                0x2000be98                ACK_create_file
 .text.EPS_create_file
                0x2000bf0c       0x74 ./src/sub-systemCode/Main/HouseKeeping.o
                0x2000bf0c                EPS_create_file
 .text.CAM_create_file
                0x2000bf80       0x54 ./src/sub-systemCode/Main/HouseKeeping.o
                0x2000bf80                CAM_create_file
 .text.ADCS_create_file
                0x2000bfd4       0x54 ./src/sub-systemCode/Main/HouseKeeping.o
                0x2000bfd4                ADCS_create_file
 .text.create_files
                0x2000c028       0x44 ./src/sub-systemCode/Main/HouseKeeping.o
                0x2000c028                create_files
 .text.save_SP_HK
                0x2000c06c       0x70 ./src/sub-systemCode/Main/HouseKeeping.o
                0x2000c06c                save_SP_HK
 .text.save_EPS_HK
                0x2000c0dc       0x70 ./src/sub-systemCode/Main/HouseKeeping.o
                0x2000c0dc                save_EPS_HK
 .text.save_CAM_HK
                0x2000c14c       0x70 ./src/sub-systemCode/Main/HouseKeeping.o
                0x2000c14c                save_CAM_HK
 .text.save_COMM_HK
                0x2000c1bc       0x6c ./src/sub-systemCode/Main/HouseKeeping.o
                0x2000c1bc                save_COMM_HK
 .text.save_ADCS_HK
                0x2000c228       0x84 ./src/sub-systemCode/Main/HouseKeeping.o
                0x2000c228                save_ADCS_HK
 .text.save_HK  0x2000c2ac       0x54 ./src/sub-systemCode/Main/HouseKeeping.o
                0x2000c2ac                save_HK
 .text.EPS_HK_raw_BigEnE
                0x2000c300      0x194 ./src/sub-systemCode/Main/HouseKeeping.o
                0x2000c300                EPS_HK_raw_BigEnE
 .text.CAM_HK_raw_BigEnE
                0x2000c494      0x194 ./src/sub-systemCode/Main/HouseKeeping.o
                0x2000c494                CAM_HK_raw_BigEnE
 .text.COMM_HK_raw_BigEnE
                0x2000c628      0x194 ./src/sub-systemCode/Main/HouseKeeping.o
                0x2000c628                COMM_HK_raw_BigEnE
 .text.ADCS_HK_raw_BigEnE
                0x2000c7bc      0x194 ./src/sub-systemCode/Main/HouseKeeping.o
                0x2000c7bc                ADCS_HK_raw_BigEnE
 .text.ADCS_SC_raw_BigEnE
                0x2000c950      0x188 ./src/sub-systemCode/Main/HouseKeeping.o
                0x2000c950                ADCS_SC_raw_BigEnE
 .text.build_HK_spl_packet
                0x2000cad8      0x918 ./src/sub-systemCode/Main/HouseKeeping.o
                0x2000cad8                build_HK_spl_packet
 .text.HouseKeeping_Task
                0x2000d3f0       0x50 ./src/sub-systemCode/Main/HouseKeeping.o
                0x2000d3f0                HouseKeeping_Task
 .text.HouseKeeping_secondTask
                0x2000d440       0x54 ./src/sub-systemCode/Main/HouseKeeping.o
                0x2000d440                HouseKeeping_secondTask
 .text.test_menu
                0x2000d494       0xd4 ./src/sub-systemCode/Main/Main_Init.o
                0x2000d494                test_menu
 .text.numberOfRestarts
                0x2000d568       0x94 ./src/sub-systemCode/Main/Main_Init.o
                0x2000d568                numberOfRestarts
 .text.StartFRAM
                0x2000d5fc       0x38 ./src/sub-systemCode/Main/Main_Init.o
                0x2000d5fc                StartFRAM
 .text.StartI2C
                0x2000d634       0x44 ./src/sub-systemCode/Main/Main_Init.o
                0x2000d634                StartI2C
 .text.StartSPI
                0x2000d678       0x40 ./src/sub-systemCode/Main/Main_Init.o
                0x2000d678                StartSPI
 .text.StartTIME
                0x2000d6b8      0x118 ./src/sub-systemCode/Main/Main_Init.o
                0x2000d6b8                StartTIME
 .text.first_activation
                0x2000d7d0       0x78 ./src/sub-systemCode/Main/Main_Init.o
                0x2000d7d0                first_activation
 .text.resetSD  0x2000d848       0x3c ./src/sub-systemCode/Main/Main_Init.o
                0x2000d848                resetSD
 .text.InitSubsystems
                0x2000d884       0x68 ./src/sub-systemCode/Main/Main_Init.o
                0x2000d884                InitSubsystems
 .text.SubSystemTaskStart
                0x2000d8ec       0xe8 ./src/sub-systemCode/Main/Main_Init.o
                0x2000d8ec                SubSystemTaskStart
 .text.copy_command
                0x2000d9d4       0x80 ./src/sub-systemCode/Main/commands.o
                0x2000d9d4                copy_command
 .text.reset_command
                0x2000da54       0x28 ./src/sub-systemCode/Main/commands.o
                0x2000da54                reset_command
 .text.init_command
                0x2000da7c       0xd4 ./src/sub-systemCode/Main/commands.o
                0x2000da7c                init_command
 .text.add_command
                0x2000db50      0x138 ./src/sub-systemCode/Main/commands.o
                0x2000db50                add_command
 .text.get_command
                0x2000dc88      0x1cc ./src/sub-systemCode/Main/commands.o
                0x2000dc88                get_command
 .text.act_upon_command
                0x2000de54      0x240 ./src/sub-systemCode/Main/commands.o
                0x2000de54                act_upon_command
 .text.AUC_COMM
                0x2000e094      0x200 ./src/sub-systemCode/Main/commands.o
                0x2000e094                AUC_COMM
 .text.AUC_general
                0x2000e294      0x17c ./src/sub-systemCode/Main/commands.o
                0x2000e294                AUC_general
 .text.AUC_payload
                0x2000e410      0x110 ./src/sub-systemCode/Main/commands.o
                0x2000e410                AUC_payload
 .text.AUC_EPS  0x2000e520      0x248 ./src/sub-systemCode/Main/commands.o
                0x2000e520                AUC_EPS
 .text.AUC_ADCS
                0x2000e768       0x5c ./src/sub-systemCode/Main/commands.o
                0x2000e768                AUC_ADCS
 .text.AUC_GS   0x2000e7c4      0x1c8 ./src/sub-systemCode/Main/commands.o
                0x2000e7c4                AUC_GS
 .text.AUC_SW   0x2000e98c       0xe4 ./src/sub-systemCode/Main/commands.o
                0x2000e98c                AUC_SW
 .text.AUC_special_operation
                0x2000ea70       0x8c ./src/sub-systemCode/Main/commands.o
                0x2000ea70                AUC_special_operation
 .text.AUC_test
                0x2000eafc       0xa4 ./src/sub-systemCode/Main/commands.o
                0x2000eafc                AUC_test
 .text.check_int
                0x2000eba0       0x3c ./src/sub-systemCode/Global/Global.o
                0x2000eba0                check_int
 .text.check_portBASE_TYPE
                0x2000ebdc       0x3c ./src/sub-systemCode/Global/Global.o
                0x2000ebdc                check_portBASE_TYPE
 .text.soft_reset_subsystem
                0x2000ec18       0xd8 ./src/sub-systemCode/Global/Global.o
                0x2000ec18                soft_reset_subsystem
 .text.hard_reset_subsystem
                0x2000ecf0       0xfc ./src/sub-systemCode/Global/Global.o
                0x2000ecf0                hard_reset_subsystem
 .text.BigEnE_raw_to_uInt
                0x2000edec       0x94 ./src/sub-systemCode/Global/Global.o
                0x2000edec                BigEnE_raw_to_uInt
 .text.BigEnE_raw_to_uShort
                0x2000ee80       0x50 ./src/sub-systemCode/Global/Global.o
                0x2000ee80                BigEnE_raw_to_uShort
 .text.BigEnE_uInt_to_raw
                0x2000eed0       0x78 ./src/sub-systemCode/Global/Global.o
                0x2000eed0                BigEnE_uInt_to_raw
 .text.reset_FRAM_MAIN
                0x2000ef48      0x144 ./src/sub-systemCode/Global/Global.o
                0x2000ef48                reset_FRAM_MAIN
 .text.init_GP  0x2000f08c      0x350 ./src/sub-systemCode/Global/GlobalParam.o
                0x2000f08c                init_GP
 .text.get_system_state
                0x2000f3dc      0x268 ./src/sub-systemCode/Global/GlobalParam.o
                0x2000f3dc                get_system_state
 .text.set_system_state
                0x2000f644      0x298 ./src/sub-systemCode/Global/GlobalParam.o
                0x2000f644                set_system_state
 .text.get_current_global_param
                0x2000f8dc      0x670 ./src/sub-systemCode/Global/GlobalParam.o
                0x2000f8dc                get_current_global_param
 .text.set_Vbatt_previous
                0x2000ff4c       0xe8 ./src/sub-systemCode/Global/GlobalParam.o
                0x2000ff4c                set_Vbatt_previous
 .text.get_Vbatt_previous
                0x20010034       0xc8 ./src/sub-systemCode/Global/GlobalParam.o
                0x20010034                get_Vbatt_previous
 .text.set_Vbatt
                0x200100fc       0xb8 ./src/sub-systemCode/Global/GlobalParam.o
                0x200100fc                set_Vbatt
 .text.get_Vbatt
                0x200101b4       0x8c ./src/sub-systemCode/Global/GlobalParam.o
                0x200101b4                get_Vbatt
 .text.set_curBat
                0x20010240       0x8c ./src/sub-systemCode/Global/GlobalParam.o
                0x20010240                set_curBat
 .text.set_cur3V3
                0x200102cc       0x8c ./src/sub-systemCode/Global/GlobalParam.o
                0x200102cc                set_cur3V3
 .text.set_cur5V
                0x20010358       0x8c ./src/sub-systemCode/Global/GlobalParam.o
                0x20010358                set_cur5V
 .text.set_tempComm_LO
                0x200103e4       0xac ./src/sub-systemCode/Global/GlobalParam.o
                0x200103e4                set_tempComm_LO
 .text.set_tempComm_PA
                0x20010490       0xac ./src/sub-systemCode/Global/GlobalParam.o
                0x20010490                set_tempComm_PA
 .text.set_tempEPS
                0x2001053c       0xe8 ./src/sub-systemCode/Global/GlobalParam.o
                0x2001053c                set_tempEPS
 .text.set_tempBatt
                0x20010624       0xe8 ./src/sub-systemCode/Global/GlobalParam.o
                0x20010624                set_tempBatt
 .text.set_RxDoppler
                0x2001070c       0x8c ./src/sub-systemCode/Global/GlobalParam.o
                0x2001070c                set_RxDoppler
 .text.set_RxRSSI
                0x20010798       0x8c ./src/sub-systemCode/Global/GlobalParam.o
                0x20010798                set_RxRSSI
 .text.set_TxRefl
                0x20010824       0x8c ./src/sub-systemCode/Global/GlobalParam.o
                0x20010824                set_TxRefl
 .text.set_TxForw
                0x200108b0       0x8c ./src/sub-systemCode/Global/GlobalParam.o
                0x200108b0                set_TxForw
 .text.get_ST   0x2001093c       0x98 ./src/sub-systemCode/Global/GlobalParam.o
                0x2001093c                get_ST
 .text.set_numOfAPRS
                0x200109d4       0x8c ./src/sub-systemCode/Global/GlobalParam.o
                0x200109d4                set_numOfAPRS
 .text.set_numOfResets
                0x20010a60       0xac ./src/sub-systemCode/Global/GlobalParam.o
                0x20010a60                set_numOfResets
 .text.getNumOfFilesInFS
                0x20010b0c       0x44 ./src/sub-systemCode/Global/TM_managment.o
 .text.setNumOfFilesInFS
                0x20010b50       0x50 ./src/sub-systemCode/Global/TM_managment.o
 .text.InitializeFS
                0x20010ba0      0x114 ./src/sub-systemCode/Global/TM_managment.o
                0x20010ba0                InitializeFS
 .text.c_fileCreate
                0x20010cb4       0xf4 ./src/sub-systemCode/Global/TM_managment.o
                0x20010cb4                c_fileCreate
 .text.writewithEpochtime
                0x20010da8       0xb0 ./src/sub-systemCode/Global/TM_managment.o
 .text.get_C_FILE_struct
                0x20010e58      0x104 ./src/sub-systemCode/Global/TM_managment.o
 .text.getFileIndex
                0x20010f5c       0x4c ./src/sub-systemCode/Global/TM_managment.o
 .text.get_file_name_by_index
                0x20010fa8       0x48 ./src/sub-systemCode/Global/TM_managment.o
                0x20010fa8                get_file_name_by_index
 .text.c_fileReset
                0x20010ff0       0xbc ./src/sub-systemCode/Global/TM_managment.o
                0x20010ff0                c_fileReset
 .text.c_fileWrite
                0x200110ac      0x100 ./src/sub-systemCode/Global/TM_managment.o
                0x200110ac                c_fileWrite
 .text.c_fileRead
                0x200111ac      0x250 ./src/sub-systemCode/Global/TM_managment.o
                0x200111ac                c_fileRead
 .text.reset_APRS_list
                0x200113fc       0xa4 ./src/sub-systemCode/COMM/APRS.o
                0x200113fc                reset_APRS_list
 .text.send_APRS_Dump
                0x200114a0      0x1c4 ./src/sub-systemCode/COMM/APRS.o
                0x200114a0                send_APRS_Dump
 .text.check_APRS
                0x20011664      0x1a4 ./src/sub-systemCode/COMM/APRS.o
                0x20011664                check_APRS
 .text.get_APRS_list
                0x20011808       0x88 ./src/sub-systemCode/COMM/APRS.o
                0x20011808                get_APRS_list
 .text.find_CMD_in_list
                0x20011890       0x7c ./src/sub-systemCode/COMM/DelayedCommand_list.o
                0x20011890                find_CMD_in_list
 .text.find_empty_in_list
                0x2001190c       0x74 ./src/sub-systemCode/COMM/DelayedCommand_list.o
                0x2001190c                find_empty_in_list
 .text.check_delayCommandTime
                0x20011980       0x8c ./src/sub-systemCode/COMM/DelayedCommand_list.o
                0x20011980                check_delayCommandTime
 .text.execute_delayedCommand
                0x20011a0c       0x64 ./src/sub-systemCode/COMM/DelayedCommand_list.o
                0x20011a0c                execute_delayedCommand
 .text.check_delaycommand
                0x20011a70      0x170 ./src/sub-systemCode/COMM/DelayedCommand_list.o
                0x20011a70                check_delaycommand
 .text.reset_delayCommand
                0x20011be0       0x8c ./src/sub-systemCode/COMM/DelayedCommand_list.o
                0x20011be0                reset_delayCommand
 .text.add_delayCommand
                0x20011c6c      0x1a4 ./src/sub-systemCode/COMM/DelayedCommand_list.o
                0x20011c6c                add_delayCommand
 .text.get_delayCommand_list
                0x20011e10       0x80 ./src/sub-systemCode/COMM/DelayedCommand_list.o
                0x20011e10                get_delayCommand_list
 .text.EmptyOldestCommand
                0x20011e90       0xfc ./src/sub-systemCode/COMM/DelayedCommand_list.o
                0x20011e90                EmptyOldestCommand
 .text.decode_TCpacket
                0x20011f8c      0x158 ./src/sub-systemCode/COMM/GSC.o
                0x20011f8c                decode_TCpacket
 .text.encode_TCpacket
                0x200120e4       0xf4 ./src/sub-systemCode/COMM/GSC.o
                0x200120e4                encode_TCpacket
 .text.encode_TMpacket
                0x200121d8       0xe4 ./src/sub-systemCode/COMM/GSC.o
                0x200121d8                encode_TMpacket
 .text.build_raw_ACK
                0x200122bc       0xbc ./src/sub-systemCode/COMM/GSC.o
                0x200122bc                build_raw_ACK
 .text.build_data_field_ACK
                0x20012378       0x60 ./src/sub-systemCode/COMM/GSC.o
                0x20012378                build_data_field_ACK
 .text.init_trxvu
                0x200123d8      0x160 ./src/sub-systemCode/COMM/TRXVU.o
                0x200123d8                init_trxvu
 .text.TRXVU_task
                0x20012538      0x18c ./src/sub-systemCode/COMM/TRXVU.o
                0x20012538                TRXVU_task
 .text.dump_logic
                0x200126c4      0x220 ./src/sub-systemCode/COMM/TRXVU.o
                0x200126c4                dump_logic
 .text.Dump_task
                0x200128e4      0x170 ./src/sub-systemCode/COMM/TRXVU.o
                0x200128e4                Dump_task
 .text.transponder_logic
                0x20012a54       0xf0 ./src/sub-systemCode/COMM/TRXVU.o
                0x20012a54                transponder_logic
 .text.Transponder_task
                0x20012b44      0x1dc ./src/sub-systemCode/COMM/TRXVU.o
                0x20012b44                Transponder_task
 .text.lookForRequestToDelete_dump
                0x20012d20       0x7c ./src/sub-systemCode/COMM/TRXVU.o
                0x20012d20                lookForRequestToDelete_dump
 .text.sendRequestToStop_dump
                0x20012d9c       0x8c ./src/sub-systemCode/COMM/TRXVU.o
                0x20012d9c                sendRequestToStop_dump
 .text.sendRequestToStop_transponder
                0x20012e28       0x98 ./src/sub-systemCode/COMM/TRXVU.o
                0x20012e28                sendRequestToStop_transponder
 .text.Rx_logic
                0x20012ec0      0x180 ./src/sub-systemCode/COMM/TRXVU.o
                0x20012ec0                Rx_logic
 .text.trxvu_logic
                0x20013040       0x18 ./src/sub-systemCode/COMM/TRXVU.o
                0x20013040                trxvu_logic
 .text.Beacon_task
                0x20013058      0x1d8 ./src/sub-systemCode/COMM/TRXVU.o
                0x20013058                Beacon_task
 .text.buildAndSend_beacon
                0x20013230      0x614 ./src/sub-systemCode/COMM/TRXVU.o
                0x20013230                buildAndSend_beacon
 .text.reset_FRAM_TRXVU
                0x20013844       0xc0 ./src/sub-systemCode/COMM/TRXVU.o
                0x20013844                reset_FRAM_TRXVU
 .text.TRX_sendFrame
                0x20013904      0x25c ./src/sub-systemCode/COMM/TRXVU.o
                0x20013904                TRX_sendFrame
 .text.TRX_getFrameData
                0x20013b60      0x114 ./src/sub-systemCode/COMM/TRXVU.o
                0x20013b60                TRX_getFrameData
 .text.mute_Tx  0x20013c74       0x20 ./src/sub-systemCode/COMM/TRXVU.o
                0x20013c74                mute_Tx
 .text.unmute_Tx
                0x20013c94       0x54 ./src/sub-systemCode/COMM/TRXVU.o
                0x20013c94                unmute_Tx
 .text.check_time_off_mute
                0x20013ce8       0x74 ./src/sub-systemCode/COMM/TRXVU.o
                0x20013ce8                check_time_off_mute
 .text.set_mute_time
                0x20013d5c       0xb4 ./src/sub-systemCode/COMM/TRXVU.o
                0x20013d5c                set_mute_time
 .text.change_TRXVU_state
                0x20013e10       0x98 ./src/sub-systemCode/COMM/TRXVU.o
                0x20013e10                change_TRXVU_state
 .text.change_trans_RSSI
                0x20013ea8       0x60 ./src/sub-systemCode/COMM/TRXVU.o
                0x20013ea8                change_trans_RSSI
 .text.getTableTo
                0x20013f08       0x64 ./src/sub-systemCode/ADCS/Stage_Table.o
                0x20013f08                getTableTo
 .text.save_time
                0x20013f6c       0x9c ./src/main.o
                0x20013f6c                save_time
 .text.Command_logic
                0x20014008       0x6c ./src/main.o
                0x20014008                Command_logic
 .text.taskMain
                0x20014074       0x74 ./src/main.o
                0x20014074                taskMain
 .text.main     0x200140e8       0xb8 ./src/main.o
                0x200140e8                main
 .text.GomEpsInitialize
                0x200141a0      0x148 C:/Users/user1/Desktop/Elai/satellite-subsystems/demo/..//satellite-subsystems/lib\libSatelliteSubsystemsD.a(GomEPS.o)
                0x200141a0                GomEpsInitialize
 .text.makeEPStransfer
                0x200142e8       0x3c C:/Users/user1/Desktop/Elai/satellite-subsystems/demo/..//satellite-subsystems/lib\libSatelliteSubsystemsD.a(GomEPS.o)
 .text.GomEpsSoftReset
                0x20014324       0xc4 C:/Users/user1/Desktop/Elai/satellite-subsystems/demo/..//satellite-subsystems/lib\libSatelliteSubsystemsD.a(GomEPS.o)
                0x20014324                GomEpsSoftReset
 .text.GomEpsHardReset
                0x200143e8       0xa8 C:/Users/user1/Desktop/Elai/satellite-subsystems/demo/..//satellite-subsystems/lib\libSatelliteSubsystemsD.a(GomEPS.o)
                0x200143e8                GomEpsHardReset
 .text.GomEpsGetHkData_general
                0x20014490      0x45c C:/Users/user1/Desktop/Elai/satellite-subsystems/demo/..//satellite-subsystems/lib\libSatelliteSubsystemsD.a(GomEPS.o)
                0x20014490                GomEpsGetHkData_general
 .text.GomEpsGetHkData_basic
                0x200148ec      0x22c C:/Users/user1/Desktop/Elai/satellite-subsystems/demo/..//satellite-subsystems/lib\libSatelliteSubsystemsD.a(GomEPS.o)
                0x200148ec                GomEpsGetHkData_basic
 .text.GomEpsSetOutput
                0x20014b18       0xbc C:/Users/user1/Desktop/Elai/satellite-subsystems/demo/..//satellite-subsystems/lib\libSatelliteSubsystemsD.a(GomEPS.o)
                0x20014b18                GomEpsSetOutput
 .text.GomEpsConfigSet
                0x20014bd4      0x184 C:/Users/user1/Desktop/Elai/satellite-subsystems/demo/..//satellite-subsystems/lib\libSatelliteSubsystemsD.a(GomEPS.o)
                0x20014bd4                GomEpsConfigSet
 .text.makeAntStransfer
                0x20014d58       0x4c C:/Users/user1/Desktop/Elai/satellite-subsystems/demo/..//satellite-subsystems/lib\libSatelliteSubsystemsD.a(IsisAntS.o)
 .text.checkInputsValid
                0x20014da4       0x7c C:/Users/user1/Desktop/Elai/satellite-subsystems/demo/..//satellite-subsystems/lib\libSatelliteSubsystemsD.a(IsisAntS.o)
 .text.IsisAntS_setArmStatus
                0x20014e20      0x104 C:/Users/user1/Desktop/Elai/satellite-subsystems/demo/..//satellite-subsystems/lib\libSatelliteSubsystemsD.a(IsisAntS.o)
                0x20014e20                IsisAntS_setArmStatus
 .text.IsisAntS_getTemperature
                0x20014f24      0x120 C:/Users/user1/Desktop/Elai/satellite-subsystems/demo/..//satellite-subsystems/lib\libSatelliteSubsystemsD.a(IsisAntS.o)
                0x20014f24                IsisAntS_getTemperature
 .text.IsisAntS_reset
                0x20015044      0x104 C:/Users/user1/Desktop/Elai/satellite-subsystems/demo/..//satellite-subsystems/lib\libSatelliteSubsystemsD.a(IsisAntS.o)
                0x20015044                IsisAntS_reset
 .text.IsisSolarPanelv2_initialize
                0x20015148       0xb4 C:/Users/user1/Desktop/Elai/satellite-subsystems/demo/..//satellite-subsystems/lib\libSatelliteSubsystemsD.a(IsisSolarPanelv2.o)
                0x20015148                IsisSolarPanelv2_initialize
 .text.IsisSolarPanelv2_getTemperature
                0x200151fc       0xc8 C:/Users/user1/Desktop/Elai/satellite-subsystems/demo/..//satellite-subsystems/lib\libSatelliteSubsystemsD.a(IsisSolarPanelv2.o)
                0x200151fc                IsisSolarPanelv2_getTemperature
 .text.IsisSolarPanelv2_sleep
                0x200152c4       0xbc C:/Users/user1/Desktop/Elai/satellite-subsystems/demo/..//satellite-subsystems/lib\libSatelliteSubsystemsD.a(IsisSolarPanelv2.o)
                0x200152c4                IsisSolarPanelv2_sleep
 .text.IsisSolarPanelv2_wakeup
                0x20015380       0x80 C:/Users/user1/Desktop/Elai/satellite-subsystems/demo/..//satellite-subsystems/lib\libSatelliteSubsystemsD.a(IsisSolarPanelv2.o)
                0x20015380                IsisSolarPanelv2_wakeup
 .text._Reset   0x20015400       0x20 C:/Users/user1/Desktop/Elai/satellite-subsystems/demo/..//satellite-subsystems/lib\libSatelliteSubsystemsD.a(IsisSolarPanelv2.o)
 .text._WaitForStartup
                0x20015420       0x90 C:/Users/user1/Desktop/Elai/satellite-subsystems/demo/..//satellite-subsystems/lib\libSatelliteSubsystemsD.a(IsisSolarPanelv2.o)
 .text._AssignAllChannels
                0x200154b0       0x90 C:/Users/user1/Desktop/Elai/satellite-subsystems/demo/..//satellite-subsystems/lib\libSatelliteSubsystemsD.a(IsisSolarPanelv2.o)
 .text._AssignThisChannel
                0x20015540       0xe8 C:/Users/user1/Desktop/Elai/satellite-subsystems/demo/..//satellite-subsystems/lib\libSatelliteSubsystemsD.a(IsisSolarPanelv2.o)
 .text._InitiateConversion
                0x20015628       0xac C:/Users/user1/Desktop/Elai/satellite-subsystems/demo/..//satellite-subsystems/lib\libSatelliteSubsystemsD.a(IsisSolarPanelv2.o)
 .text._WaitForConversionComplete
                0x200156d4      0x100 C:/Users/user1/Desktop/Elai/satellite-subsystems/demo/..//satellite-subsystems/lib\libSatelliteSubsystemsD.a(IsisSolarPanelv2.o)
 .text._ReadResult
                0x200157d4      0x158 C:/Users/user1/Desktop/Elai/satellite-subsystems/demo/..//satellite-subsystems/lib\libSatelliteSubsystemsD.a(IsisSolarPanelv2.o)
 .text._ExtractByte
                0x2001592c       0x38 C:/Users/user1/Desktop/Elai/satellite-subsystems/demo/..//satellite-subsystems/lib\libSatelliteSubsystemsD.a(IsisSolarPanelv2.o)
 .text._ExtendSign
                0x20015964       0x6c C:/Users/user1/Desktop/Elai/satellite-subsystems/demo/..//satellite-subsystems/lib\libSatelliteSubsystemsD.a(IsisSolarPanelv2.o)
 .text._PinsInit
                0x200159d0       0x50 C:/Users/user1/Desktop/Elai/satellite-subsystems/demo/..//satellite-subsystems/lib\libSatelliteSubsystemsD.a(IsisSolarPanelv2.o)
 .text._SpiWriteRead
                0x20015a20       0x70 C:/Users/user1/Desktop/Elai/satellite-subsystems/demo/..//satellite-subsystems/lib\libSatelliteSubsystemsD.a(IsisSolarPanelv2.o)
 .text.IsisTrxvu_initialize
                0x20015a90      0x2f4 C:/Users/user1/Desktop/Elai/satellite-subsystems/demo/..//satellite-subsystems/lib\libSatelliteSubsystemsD.a(IsisTRXVU.o)
                0x20015a90                IsisTrxvu_initialize
 .text.makeTRXVUtransfer
                0x20015d84       0x44 C:/Users/user1/Desktop/Elai/satellite-subsystems/demo/..//satellite-subsystems/lib\libSatelliteSubsystemsD.a(IsisTRXVU.o)
 .text.IsisTrxvu_componentSoftReset
                0x20015dc8       0x6c C:/Users/user1/Desktop/Elai/satellite-subsystems/demo/..//satellite-subsystems/lib\libSatelliteSubsystemsD.a(IsisTRXVU.o)
                0x20015dc8                IsisTrxvu_componentSoftReset
 .text.IsisTrxvu_componentHardReset
                0x20015e34       0xc8 C:/Users/user1/Desktop/Elai/satellite-subsystems/demo/..//satellite-subsystems/lib\libSatelliteSubsystemsD.a(IsisTRXVU.o)
                0x20015e34                IsisTrxvu_componentHardReset
 .text.IsisTrxvu_softReset
                0x20015efc       0x74 C:/Users/user1/Desktop/Elai/satellite-subsystems/demo/..//satellite-subsystems/lib\libSatelliteSubsystemsD.a(IsisTRXVU.o)
                0x20015efc                IsisTrxvu_softReset
 .text.IsisTrxvu_hardReset
                0x20015f70       0x74 C:/Users/user1/Desktop/Elai/satellite-subsystems/demo/..//satellite-subsystems/lib\libSatelliteSubsystemsD.a(IsisTRXVU.o)
                0x20015f70                IsisTrxvu_hardReset
 .text.IsisTrxvu_tcSendAX25DefClSign
                0x20015fe4       0xec C:/Users/user1/Desktop/Elai/satellite-subsystems/demo/..//satellite-subsystems/lib\libSatelliteSubsystemsD.a(IsisTRXVU.o)
                0x20015fe4                IsisTrxvu_tcSendAX25DefClSign
 .text.IsisTrxvu_tcSetDefToClSign
                0x200160d0       0x9c C:/Users/user1/Desktop/Elai/satellite-subsystems/demo/..//satellite-subsystems/lib\libSatelliteSubsystemsD.a(IsisTRXVU.o)
                0x200160d0                IsisTrxvu_tcSetDefToClSign
 .text.IsisTrxvu_tcSetDefFromClSign
                0x2001616c       0x9c C:/Users/user1/Desktop/Elai/satellite-subsystems/demo/..//satellite-subsystems/lib\libSatelliteSubsystemsD.a(IsisTRXVU.o)
                0x2001616c                IsisTrxvu_tcSetDefFromClSign
 .text.IsisTrxvu_tcSetIdlestate
                0x20016208       0xa4 C:/Users/user1/Desktop/Elai/satellite-subsystems/demo/..//satellite-subsystems/lib\libSatelliteSubsystemsD.a(IsisTRXVU.o)
                0x20016208                IsisTrxvu_tcSetIdlestate
 .text.IsisTrxvu_tcSetAx25Bitrate
                0x200162ac       0xc4 C:/Users/user1/Desktop/Elai/satellite-subsystems/demo/..//satellite-subsystems/lib\libSatelliteSubsystemsD.a(IsisTRXVU.o)
                0x200162ac                IsisTrxvu_tcSetAx25Bitrate
 .text.IsisTrxvu_tcGetTelemetryAll_revC
                0x20016370       0xd0 C:/Users/user1/Desktop/Elai/satellite-subsystems/demo/..//satellite-subsystems/lib\libSatelliteSubsystemsD.a(IsisTRXVU.o)
                0x20016370                IsisTrxvu_tcGetTelemetryAll_revC
 .text.IsisTrxvu_rcGetFrameCount
                0x20016440       0xa0 C:/Users/user1/Desktop/Elai/satellite-subsystems/demo/..//satellite-subsystems/lib\libSatelliteSubsystemsD.a(IsisTRXVU.o)
                0x20016440                IsisTrxvu_rcGetFrameCount
 .text.IsisTrxvu_rcGetCommandFrame
                0x200164e0      0x2d8 C:/Users/user1/Desktop/Elai/satellite-subsystems/demo/..//satellite-subsystems/lib\libSatelliteSubsystemsD.a(IsisTRXVU.o)
                0x200164e0                IsisTrxvu_rcGetCommandFrame
 .text.IsisTrxvu_rcGetTelemetryAll_revC
                0x200167b8       0xec C:/Users/user1/Desktop/Elai/satellite-subsystems/demo/..//satellite-subsystems/lib\libSatelliteSubsystemsD.a(IsisTRXVU.o)
                0x200167b8                IsisTrxvu_rcGetTelemetryAll_revC
 .text.make_cspaceADCStransfer
                0x200168a4      0x1b4 C:/Users/user1/Desktop/Elai/satellite-subsystems/demo/..//satellite-subsystems/lib\libSatelliteSubsystemsD.a(cspaceADCS.o)
 .text.cspaceADCS_componentReset
                0x20016a58       0xbc C:/Users/user1/Desktop/Elai/satellite-subsystems/demo/..//satellite-subsystems/lib\libSatelliteSubsystemsD.a(cspaceADCS.o)
                0x20016a58                cspaceADCS_componentReset
 .text.cspaceADCS_getPowTempMeasTLM
                0x20016b14       0xc4 C:/Users/user1/Desktop/Elai/satellite-subsystems/demo/..//satellite-subsystems/lib\libSatelliteSubsystemsD.a(cspaceADCS.o)
                0x20016b14                cspaceADCS_getPowTempMeasTLM
 .text.GECKO_Init
                0x20016bd8       0x40 C:/Users/user1/Desktop/Elai/satellite-subsystems/demo/..//satellite-subsystems/lib\libSatelliteSubsystemsD.a(gecko_driver.o)
                0x20016bd8                GECKO_Init
 .text.GECKO_GetReg
                0x20016c18      0x110 C:/Users/user1/Desktop/Elai/satellite-subsystems/demo/..//satellite-subsystems/lib\libSatelliteSubsystemsD.a(gecko_driver.o)
                0x20016c18                GECKO_GetReg
 .text.GECKO_GetVoltageInput5V
                0x20016d28       0xf4 C:/Users/user1/Desktop/Elai/satellite-subsystems/demo/..//satellite-subsystems/lib\libSatelliteSubsystemsD.a(gecko_driver.o)
                0x20016d28                GECKO_GetVoltageInput5V
 .text.GECKO_GetCurrentInput5V
                0x20016e1c      0x130 C:/Users/user1/Desktop/Elai/satellite-subsystems/demo/..//satellite-subsystems/lib\libSatelliteSubsystemsD.a(gecko_driver.o)
                0x20016e1c                GECKO_GetCurrentInput5V
 .text.GECKO_GetVoltageFPGA1V
                0x20016f4c       0xd4 C:/Users/user1/Desktop/Elai/satellite-subsystems/demo/..//satellite-subsystems/lib\libSatelliteSubsystemsD.a(gecko_driver.o)
                0x20016f4c                GECKO_GetVoltageFPGA1V
 .text.GECKO_GetCurrentFPGA1V
                0x20017020      0x130 C:/Users/user1/Desktop/Elai/satellite-subsystems/demo/..//satellite-subsystems/lib\libSatelliteSubsystemsD.a(gecko_driver.o)
                0x20017020                GECKO_GetCurrentFPGA1V
 .text.GECKO_GetVoltageFPGA1V8
                0x20017150       0xd4 C:/Users/user1/Desktop/Elai/satellite-subsystems/demo/..//satellite-subsystems/lib\libSatelliteSubsystemsD.a(gecko_driver.o)
                0x20017150                GECKO_GetVoltageFPGA1V8
 .text.GECKO_GetCurrentFPGA1V8
                0x20017224      0x130 C:/Users/user1/Desktop/Elai/satellite-subsystems/demo/..//satellite-subsystems/lib\libSatelliteSubsystemsD.a(gecko_driver.o)
                0x20017224                GECKO_GetCurrentFPGA1V8
 .text.GECKO_GetVoltageFPGA2V5
                0x20017354       0xe8 C:/Users/user1/Desktop/Elai/satellite-subsystems/demo/..//satellite-subsystems/lib\libSatelliteSubsystemsD.a(gecko_driver.o)
                0x20017354                GECKO_GetVoltageFPGA2V5
 .text.GECKO_GetCurrentFPGA2V5
                0x2001743c      0x130 C:/Users/user1/Desktop/Elai/satellite-subsystems/demo/..//satellite-subsystems/lib\libSatelliteSubsystemsD.a(gecko_driver.o)
                0x2001743c                GECKO_GetCurrentFPGA2V5
 .text.GECKO_GetVoltageFPGA3V3
                0x2001756c       0xe8 C:/Users/user1/Desktop/Elai/satellite-subsystems/demo/..//satellite-subsystems/lib\libSatelliteSubsystemsD.a(gecko_driver.o)
                0x2001756c                GECKO_GetVoltageFPGA3V3
 .text.GECKO_GetCurrentFPGA3V3
                0x20017654      0x130 C:/Users/user1/Desktop/Elai/satellite-subsystems/demo/..//satellite-subsystems/lib\libSatelliteSubsystemsD.a(gecko_driver.o)
                0x20017654                GECKO_GetCurrentFPGA3V3
 .text.GECKO_GetVoltageFlash1V8
                0x20017784       0xd4 C:/Users/user1/Desktop/Elai/satellite-subsystems/demo/..//satellite-subsystems/lib\libSatelliteSubsystemsD.a(gecko_driver.o)
                0x20017784                GECKO_GetVoltageFlash1V8
 .text.GECKO_GetCurrentFlash1V8
                0x20017858      0x130 C:/Users/user1/Desktop/Elai/satellite-subsystems/demo/..//satellite-subsystems/lib\libSatelliteSubsystemsD.a(gecko_driver.o)
                0x20017858                GECKO_GetCurrentFlash1V8
 .text.GECKO_GetVoltageFlash3V3
                0x20017988       0xe8 C:/Users/user1/Desktop/Elai/satellite-subsystems/demo/..//satellite-subsystems/lib\libSatelliteSubsystemsD.a(gecko_driver.o)
                0x20017988                GECKO_GetVoltageFlash3V3
 .text.GECKO_GetCurrentFlash3V3
                0x20017a70      0x130 C:/Users/user1/Desktop/Elai/satellite-subsystems/demo/..//satellite-subsystems/lib\libSatelliteSubsystemsD.a(gecko_driver.o)
                0x20017a70                GECKO_GetCurrentFlash3V3
 .text.GECKO_GetVoltageSNSR1V8
                0x20017ba0       0xe8 C:/Users/user1/Desktop/Elai/satellite-subsystems/demo/..//satellite-subsystems/lib\libSatelliteSubsystemsD.a(gecko_driver.o)
                0x20017ba0                GECKO_GetVoltageSNSR1V8
 .text.GECKO_GetCurrentSNSR1V8
                0x20017c88      0x130 C:/Users/user1/Desktop/Elai/satellite-subsystems/demo/..//satellite-subsystems/lib\libSatelliteSubsystemsD.a(gecko_driver.o)
                0x20017c88                GECKO_GetCurrentSNSR1V8
 .text.GECKO_GetVoltageSNSRVDDPIX
                0x20017db8       0xe8 C:/Users/user1/Desktop/Elai/satellite-subsystems/demo/..//satellite-subsystems/lib\libSatelliteSubsystemsD.a(gecko_driver.o)
                0x20017db8                GECKO_GetVoltageSNSRVDDPIX
 .text.GECKO_GetCurrentSNSRVDDPIX
                0x20017ea0      0x130 C:/Users/user1/Desktop/Elai/satellite-subsystems/demo/..//satellite-subsystems/lib\libSatelliteSubsystemsD.a(gecko_driver.o)
                0x20017ea0                GECKO_GetCurrentSNSRVDDPIX
 .text.GECKO_GetVoltageSNSR3V3
                0x20017fd0       0xe8 C:/Users/user1/Desktop/Elai/satellite-subsystems/demo/..//satellite-subsystems/lib\libSatelliteSubsystemsD.a(gecko_driver.o)
                0x20017fd0                GECKO_GetVoltageSNSR3V3
 .text.GECKO_GetCurrentSNSR3V3
                0x200180b8      0x130 C:/Users/user1/Desktop/Elai/satellite-subsystems/demo/..//satellite-subsystems/lib\libSatelliteSubsystemsD.a(gecko_driver.o)
                0x200180b8                GECKO_GetCurrentSNSR3V3
 .text.GECKO_GetVoltageFlashVTT09
                0x200181e8       0xd4 C:/Users/user1/Desktop/Elai/satellite-subsystems/demo/..//satellite-subsystems/lib\libSatelliteSubsystemsD.a(gecko_driver.o)
                0x200181e8                GECKO_GetVoltageFlashVTT09
 .text.GECKO_GetTempSMU3AB
                0x200182bc      0x35c C:/Users/user1/Desktop/Elai/satellite-subsystems/demo/..//satellite-subsystems/lib\libSatelliteSubsystemsD.a(gecko_driver.o)
                0x200182bc                GECKO_GetTempSMU3AB
 .text.GECKO_GetTempSMU3BC
                0x20018618      0x360 C:/Users/user1/Desktop/Elai/satellite-subsystems/demo/..//satellite-subsystems/lib\libSatelliteSubsystemsD.a(gecko_driver.o)
                0x20018618                GECKO_GetTempSMU3BC
 .text.GECKO_GetTempREGU6
                0x20018978      0x35c C:/Users/user1/Desktop/Elai/satellite-subsystems/demo/..//satellite-subsystems/lib\libSatelliteSubsystemsD.a(gecko_driver.o)
                0x20018978                GECKO_GetTempREGU6
 .text.GECKO_GetTempREGU8
                0x20018cd4      0x360 C:/Users/user1/Desktop/Elai/satellite-subsystems/demo/..//satellite-subsystems/lib\libSatelliteSubsystemsD.a(gecko_driver.o)
                0x20018cd4                GECKO_GetTempREGU8
 .text.GECKO_GetTempFlash
                0x20019034      0x360 C:/Users/user1/Desktop/Elai/satellite-subsystems/demo/..//satellite-subsystems/lib\libSatelliteSubsystemsD.a(gecko_driver.o)
                0x20019034                GECKO_GetTempFlash
 .text._SpiWriteRead
                0x20019394       0x70 C:/Users/user1/Desktop/Elai/satellite-subsystems/demo/..//satellite-subsystems/lib\libSatelliteSubsystemsD.a(gecko_driver.o)
 .text.makeTRXCommonTransfer
                0x20019404       0x34 C:/Users/user1/Desktop/Elai/satellite-subsystems/demo/..//satellite-subsystems/lib\libSatelliteSubsystemsD.a(IsisTRXCommon.o)
 .text.IsisTrxCommon_componentReset
                0x20019438       0x68 C:/Users/user1/Desktop/Elai/satellite-subsystems/demo/..//satellite-subsystems/lib\libSatelliteSubsystemsD.a(IsisTRXCommon.o)
                0x20019438                IsisTrxCommon_componentReset
 .text.IsisTrxCommon_TxSendAX25DefClSign
                0x200194a0       0xf4 C:/Users/user1/Desktop/Elai/satellite-subsystems/demo/..//satellite-subsystems/lib\libSatelliteSubsystemsD.a(IsisTRXCommon.o)
                0x200194a0                IsisTrxCommon_TxSendAX25DefClSign
 .text.IsisTrxCommon_TxSetDefToClSign
                0x20019594       0x84 C:/Users/user1/Desktop/Elai/satellite-subsystems/demo/..//satellite-subsystems/lib\libSatelliteSubsystemsD.a(IsisTRXCommon.o)
                0x20019594                IsisTrxCommon_TxSetDefToClSign
 .text.IsisTrxCommon_TxSetDefFromClSign
                0x20019618       0x84 C:/Users/user1/Desktop/Elai/satellite-subsystems/demo/..//satellite-subsystems/lib\libSatelliteSubsystemsD.a(IsisTRXCommon.o)
                0x20019618                IsisTrxCommon_TxSetDefFromClSign
 .text.IsisTrxCommon_TxSetIdlestate
                0x2001969c       0x78 C:/Users/user1/Desktop/Elai/satellite-subsystems/demo/..//satellite-subsystems/lib\libSatelliteSubsystemsD.a(IsisTRXCommon.o)
                0x2001969c                IsisTrxCommon_TxSetIdlestate
 .text.IsisTrxCommon_TxSetAx25Bitrate
                0x20019714       0x78 C:/Users/user1/Desktop/Elai/satellite-subsystems/demo/..//satellite-subsystems/lib\libSatelliteSubsystemsD.a(IsisTRXCommon.o)
                0x20019714                IsisTrxCommon_TxSetAx25Bitrate
 .text.IsisTrxCommon_RxGetFrameCount
                0x2001978c       0x8c C:/Users/user1/Desktop/Elai/satellite-subsystems/demo/..//satellite-subsystems/lib\libSatelliteSubsystemsD.a(IsisTRXCommon.o)
                0x2001978c                IsisTrxCommon_RxGetFrameCount
 .text.IsisTrxCommon_RxGetTelemetryAll_revC
                0x20019818       0x8c C:/Users/user1/Desktop/Elai/satellite-subsystems/demo/..//satellite-subsystems/lib\libSatelliteSubsystemsD.a(IsisTRXCommon.o)
                0x20019818                IsisTrxCommon_RxGetTelemetryAll_revC
 .text.log      0x200198a4      0x17c c:/isis/application/toolchain/bin/../lib/gcc/arm-none-eabi/4.7.4/../../../../arm-none-eabi/lib\libm.a(lib_a-w_log.o)
                0x200198a4                log
 .text.__ieee754_log
                0x20019a20      0x5c0 c:/isis/application/toolchain/bin/../lib/gcc/arm-none-eabi/4.7.4/../../../../arm-none-eabi/lib\libm.a(lib_a-e_log.o)
                0x20019a20                __ieee754_log
 .text.matherr  0x20019fe0        0x8 c:/isis/application/toolchain/bin/../lib/gcc/arm-none-eabi/4.7.4/../../../../arm-none-eabi/lib\libm.a(lib_a-s_matherr.o)
                0x20019fe0                matherr
 .text.nan      0x20019fe8       0x10 c:/isis/application/toolchain/bin/../lib/gcc/arm-none-eabi/4.7.4/../../../../arm-none-eabi/lib\libm.a(lib_a-s_nan.o)
                0x20019fe8                nan
 .text.fn_init  0x20019ff8      0x2e0 C:/Users/user1/Desktop/Elai/satellite-subsystems/demo/../..//hal/hcc/lib\libHCCD.a(fat_common.o)
                0x20019ff8                fn_init
 .text._f_get16bitl
                0x2001a2d8       0x4c C:/Users/user1/Desktop/Elai/satellite-subsystems/demo/../..//hal/hcc/lib\libHCCD.a(fat_common.o)
                0x2001a2d8                _f_get16bitl
 .text._f_set16bitl
                0x2001a324       0x54 C:/Users/user1/Desktop/Elai/satellite-subsystems/demo/../..//hal/hcc/lib\libHCCD.a(fat_common.o)
                0x2001a324                _f_set16bitl
 .text._f_get32bitl
                0x2001a378       0x68 C:/Users/user1/Desktop/Elai/satellite-subsystems/demo/../..//hal/hcc/lib\libHCCD.a(fat_common.o)
                0x2001a378                _f_get32bitl
 .text._f_set32bitl
                0x2001a3e0       0x78 C:/Users/user1/Desktop/Elai/satellite-subsystems/demo/../..//hal/hcc/lib\libHCCD.a(fat_common.o)
                0x2001a3e0                _f_set32bitl
 .text._get8bit
                0x2001a458       0xa0 C:/Users/user1/Desktop/Elai/satellite-subsystems/demo/../..//hal/hcc/lib\libHCCD.a(fat_common.o)
 .text._get16bitl
                0x2001a4f8       0x40 C:/Users/user1/Desktop/Elai/satellite-subsystems/demo/../..//hal/hcc/lib\libHCCD.a(fat_common.o)
 .text._get32bitl
                0x2001a538       0x3c C:/Users/user1/Desktop/Elai/satellite-subsystems/demo/../..//hal/hcc/lib\libHCCD.a(fat_common.o)
 .text._f_setcardremoved
                0x2001a574       0x94 C:/Users/user1/Desktop/Elai/satellite-subsystems/demo/../..//hal/hcc/lib\libHCCD.a(fat_common.o)
 .text._f_checkstatus
                0x2001a608      0x104 C:/Users/user1/Desktop/Elai/satellite-subsystems/demo/../..//hal/hcc/lib\libHCCD.a(fat_common.o)
                0x2001a608                _f_checkstatus
 .text._f_drvgetphy
                0x2001a70c      0x114 C:/Users/user1/Desktop/Elai/satellite-subsystems/demo/../..//hal/hcc/lib\libHCCD.a(fat_common.o)
 .text._f_drvwritesector
                0x2001a820       0xdc C:/Users/user1/Desktop/Elai/satellite-subsystems/demo/../..//hal/hcc/lib\libHCCD.a(fat_common.o)
 .text._f_drvreadsector
                0x2001a8fc       0xa8 C:/Users/user1/Desktop/Elai/satellite-subsystems/demo/../..//hal/hcc/lib\libHCCD.a(fat_common.o)
 .text._f_writesector
                0x2001a9a4      0x23c C:/Users/user1/Desktop/Elai/satellite-subsystems/demo/../..//hal/hcc/lib\libHCCD.a(fat_common.o)
                0x2001a9a4                _f_writesector
 .text._f_readsector
                0x2001abe0      0x1dc C:/Users/user1/Desktop/Elai/satellite-subsystems/demo/../..//hal/hcc/lib\libHCCD.a(fat_common.o)
                0x2001abe0                _f_readsector
 .text._f_getmaxcluster
                0x2001adbc       0x94 C:/Users/user1/Desktop/Elai/satellite-subsystems/demo/../..//hal/hcc/lib\libHCCD.a(fat_common.o)
                0x2001adbc                _f_getmaxcluster
 .text._getsectorfromcluster
                0x2001ae50       0x68 C:/Users/user1/Desktop/Elai/satellite-subsystems/demo/../..//hal/hcc/lib\libHCCD.a(fat_common.o)
 .text._f_buildsectors
                0x2001aeb8      0x268 C:/Users/user1/Desktop/Elai/satellite-subsystems/demo/../..//hal/hcc/lib\libHCCD.a(fat_common.o)
 .text._f_getbootrecord
                0x2001b120      0x5e4 C:/Users/user1/Desktop/Elai/satellite-subsystems/demo/../..//hal/hcc/lib\libHCCD.a(fat_common.o)
 .text._f_readbootrecord
                0x2001b704      0x4f8 C:/Users/user1/Desktop/Elai/satellite-subsystems/demo/../..//hal/hcc/lib\libHCCD.a(fat_common.o)
 .text._f_flushcffiles
                0x2001bbfc      0x17c C:/Users/user1/Desktop/Elai/satellite-subsystems/demo/../..//hal/hcc/lib\libHCCD.a(fat_common.o)
                0x2001bbfc                _f_flushcffiles
 .text._f_fatcache_flush
                0x2001bd78      0x270 C:/Users/user1/Desktop/Elai/satellite-subsystems/demo/../..//hal/hcc/lib\libHCCD.a(fat_common.o)
                0x2001bd78                _f_fatcache_flush
 .text._f_writefatsector
                0x2001bfe8      0x100 C:/Users/user1/Desktop/Elai/satellite-subsystems/demo/../..//hal/hcc/lib\libHCCD.a(fat_common.o)
                0x2001bfe8                _f_writefatsector
 .text._f_getfatsector
                0x2001c0e8      0x3bc C:/Users/user1/Desktop/Elai/satellite-subsystems/demo/../..//hal/hcc/lib\libHCCD.a(fat_common.o)
 .text._f_setclustervalue
                0x2001c4a4      0x490 C:/Users/user1/Desktop/Elai/satellite-subsystems/demo/../..//hal/hcc/lib\libHCCD.a(fat_common.o)
                0x2001c4a4                _f_setclustervalue
 .text._f_getclustervalue
                0x2001c934      0x388 C:/Users/user1/Desktop/Elai/satellite-subsystems/demo/../..//hal/hcc/lib\libHCCD.a(fat_common.o)
                0x2001c934                _f_getclustervalue
 .text._f_close_drive_files
                0x2001ccbc       0xac C:/Users/user1/Desktop/Elai/satellite-subsystems/demo/../..//hal/hcc/lib\libHCCD.a(fat_common.o)
 .text._f_inc_mount_count
                0x2001cd68       0xa4 C:/Users/user1/Desktop/Elai/satellite-subsystems/demo/../..//hal/hcc/lib\libHCCD.a(fat_common.o)
 .text._f_getvolume
                0x2001ce0c      0x2f8 C:/Users/user1/Desktop/Elai/satellite-subsystems/demo/../..//hal/hcc/lib\libHCCD.a(fat_common.o)
                0x2001ce0c                _f_getvolume
 .text.fn_createdriver
                0x2001d104      0x118 C:/Users/user1/Desktop/Elai/satellite-subsystems/demo/../..//hal/hcc/lib\libHCCD.a(fat_common.o)
                0x2001d104                fn_createdriver
 .text.fn_initvolume
                0x2001d21c      0x12c C:/Users/user1/Desktop/Elai/satellite-subsystems/demo/../..//hal/hcc/lib\libHCCD.a(fat_common.o)
                0x2001d21c                fn_initvolume
 .text.fn_initvolumepartition_sub
                0x2001d348       0xe0 C:/Users/user1/Desktop/Elai/satellite-subsystems/demo/../..//hal/hcc/lib\libHCCD.a(fat_common.o)
 .text.fn_initvolumepartition
                0x2001d428       0xac C:/Users/user1/Desktop/Elai/satellite-subsystems/demo/../..//hal/hcc/lib\libHCCD.a(fat_common.o)
                0x2001d428                fn_initvolumepartition
 .text._f_clustertopos
                0x2001d4d4       0xf8 C:/Users/user1/Desktop/Elai/satellite-subsystems/demo/../..//hal/hcc/lib\libHCCD.a(fat_common.o)
                0x2001d4d4                _f_clustertopos
 .text._f_getcurrsector
                0x2001d5cc      0x6c8 C:/Users/user1/Desktop/Elai/satellite-subsystems/demo/../..//hal/hcc/lib\libHCCD.a(fat_common.o)
                0x2001d5cc                _f_getcurrsector
 .text._f_getdecluster
                0x2001dc94       0x90 C:/Users/user1/Desktop/Elai/satellite-subsystems/demo/../..//hal/hcc/lib\libHCCD.a(fat_common.o)
                0x2001dc94                _f_getdecluster
 .text._f_setdecluster
                0x2001dd24       0x8c C:/Users/user1/Desktop/Elai/satellite-subsystems/demo/../..//hal/hcc/lib\libHCCD.a(fat_common.o)
                0x2001dd24                _f_setdecluster
 .text.fn_getdrive
                0x2001ddb0       0x30 C:/Users/user1/Desktop/Elai/satellite-subsystems/demo/../..//hal/hcc/lib\libHCCD.a(fat_common.o)
                0x2001ddb0                fn_getdrive
 .text._f_getcurrenttimedate
                0x2001dde0      0x138 C:/Users/user1/Desktop/Elai/satellite-subsystems/demo/../..//hal/hcc/lib\libHCCD.a(fat_common.o)
                0x2001dde0                _f_getcurrenttimedate
 .text._f_initentry
                0x2001df18       0xa0 C:/Users/user1/Desktop/Elai/satellite-subsystems/demo/../..//hal/hcc/lib\libHCCD.a(fat_common.o)
                0x2001df18                _f_initentry
 .text._f_alloccluster
                0x2001dfb8      0x344 C:/Users/user1/Desktop/Elai/satellite-subsystems/demo/../..//hal/hcc/lib\libHCCD.a(fat_common.o)
                0x2001dfb8                _f_alloccluster
 .text._f_dobadblock
                0x2001e2fc      0x2cc C:/Users/user1/Desktop/Elai/satellite-subsystems/demo/../..//hal/hcc/lib\libHCCD.a(fat_common.o)
                0x2001e2fc                _f_dobadblock
 .text._f_checklocked
                0x2001e5c8       0xe4 C:/Users/user1/Desktop/Elai/satellite-subsystems/demo/../..//hal/hcc/lib\libHCCD.a(fat_common.o)
                0x2001e5c8                _f_checklocked
 .text._f_checkappendlocked
                0x2001e6ac      0x110 C:/Users/user1/Desktop/Elai/satellite-subsystems/demo/../..//hal/hcc/lib\libHCCD.a(fat_common.o)
                0x2001e6ac                _f_checkappendlocked
 .text._f_setsyncafile
                0x2001e7bc      0x114 C:/Users/user1/Desktop/Elai/satellite-subsystems/demo/../..//hal/hcc/lib\libHCCD.a(fat_common.o)
                0x2001e7bc                _f_setsyncafile
 .text._f_syncfiles
                0x2001e8d0      0x128 C:/Users/user1/Desktop/Elai/satellite-subsystems/demo/../..//hal/hcc/lib\libHCCD.a(fat_common.o)
                0x2001e8d0                _f_syncfiles
 .text._f_syncfilescontent
                0x2001e9f8      0x15c C:/Users/user1/Desktop/Elai/satellite-subsystems/demo/../..//hal/hcc/lib\libHCCD.a(fat_common.o)
 .text._f_emptywritecache
                0x2001eb54      0x4a4 C:/Users/user1/Desktop/Elai/satellite-subsystems/demo/../..//hal/hcc/lib\libHCCD.a(fat_common.o)
 .text._f_allocnextcluster
                0x2001eff8      0x54c C:/Users/user1/Desktop/Elai/satellite-subsystems/demo/../..//hal/hcc/lib\libHCCD.a(fat_common.o)
 .text._f_emptywritebuffer
                0x2001f544      0x20c C:/Users/user1/Desktop/Elai/satellite-subsystems/demo/../..//hal/hcc/lib\libHCCD.a(fat_common.o)
 .text._f_writezeros
                0x2001f750       0xf0 C:/Users/user1/Desktop/Elai/satellite-subsystems/demo/../..//hal/hcc/lib\libHCCD.a(fat_common.o)
                0x2001f750                _f_writezeros
 .text._f_extend_file
                0x2001f840      0x570 C:/Users/user1/Desktop/Elai/satellite-subsystems/demo/../..//hal/hcc/lib\libHCCD.a(fat_common.o)
 .text._f_fseek
                0x2001fdb0      0x9bc C:/Users/user1/Desktop/Elai/satellite-subsystems/demo/../..//hal/hcc/lib\libHCCD.a(fat_common.o)
                0x2001fdb0                _f_fseek
 .text._f_removechain
                0x2002076c      0x104 C:/Users/user1/Desktop/Elai/satellite-subsystems/demo/../..//hal/hcc/lib\libHCCD.a(fat_common.o)
                0x2002076c                _f_removechain
 .text._f_updatefileentry
                0x20020870      0x1cc C:/Users/user1/Desktop/Elai/satellite-subsystems/demo/../..//hal/hcc/lib\libHCCD.a(fat_common.o)
 .text._f_checkreadlocked
                0x20020a3c      0x1bc C:/Users/user1/Desktop/Elai/satellite-subsystems/demo/../..//hal/hcc/lib\libHCCD.a(fat_common.o)
                0x20020a3c                _f_checkreadlocked
 .text._f_check_handle
                0x20020bf8       0x98 C:/Users/user1/Desktop/Elai/satellite-subsystems/demo/../..//hal/hcc/lib\libHCCD.a(fat_common.o)
                0x20020bf8                _f_check_handle
 .text._f_removesyncafile
                0x20020c90      0x1ec C:/Users/user1/Desktop/Elai/satellite-subsystems/demo/../..//hal/hcc/lib\libHCCD.a(fat_common.o)
 .text.fn_close
                0x20020e7c      0x3f8 C:/Users/user1/Desktop/Elai/satellite-subsystems/demo/../..//hal/hcc/lib\libHCCD.a(fat_common.o)
                0x20020e7c                fn_close
 .text.fn_flush
                0x20021274      0x374 C:/Users/user1/Desktop/Elai/satellite-subsystems/demo/../..//hal/hcc/lib\libHCCD.a(fat_common.o)
                0x20021274                fn_flush
 .text.fn_read  0x200215e8      0x690 C:/Users/user1/Desktop/Elai/satellite-subsystems/demo/../..//hal/hcc/lib\libHCCD.a(fat_common.o)
                0x200215e8                fn_read
 .text._f_abortwrite
                0x20021c78      0x100 C:/Users/user1/Desktop/Elai/satellite-subsystems/demo/../..//hal/hcc/lib\libHCCD.a(fat_common.o)
 .text._f_checkwritecluster
                0x20021d78       0xe4 C:/Users/user1/Desktop/Elai/satellite-subsystems/demo/../..//hal/hcc/lib\libHCCD.a(fat_common.o)
 .text.fn_write
                0x20021e5c      0x8a8 C:/Users/user1/Desktop/Elai/satellite-subsystems/demo/../..//hal/hcc/lib\libHCCD.a(fat_common.o)
                0x20021e5c                fn_write
 .text.fn_seek  0x20022704      0x270 C:/Users/user1/Desktop/Elai/satellite-subsystems/demo/../..//hal/hcc/lib\libHCCD.a(fat_common.o)
                0x20022704                fn_seek
 .text.f_enterFS
                0x20022974      0x1c0 C:/Users/user1/Desktop/Elai/satellite-subsystems/demo/../..//hal/hcc/lib\libHCCD.a(fat_common.o)
                0x20022974                f_enterFS
 .text.fnGetTask
                0x20022b34       0xfc C:/Users/user1/Desktop/Elai/satellite-subsystems/demo/../..//hal/hcc/lib\libHCCD.a(fat_common.o)
                0x20022b34                fnGetTask
 .text._f_mutex_get
                0x20022c30       0x98 C:/Users/user1/Desktop/Elai/satellite-subsystems/demo/../..//hal/hcc/lib\libHCCD.a(fat_common.o)
                0x20022c30                _f_mutex_get
 .text._f_mutex_put
                0x20022cc8       0x54 C:/Users/user1/Desktop/Elai/satellite-subsystems/demo/../..//hal/hcc/lib\libHCCD.a(fat_common.o)
                0x20022cc8                _f_mutex_put
 .text._fn_initseekdivisor
                0x20022d1c      0x158 C:/Users/user1/Desktop/Elai/satellite-subsystems/demo/../..//hal/hcc/lib\libHCCD.a(fat_common.o)
                0x20022d1c                _fn_initseekdivisor
 .text._fn_updateseekpos
                0x20022e74       0xc4 C:/Users/user1/Desktop/Elai/satellite-subsystems/demo/../..//hal/hcc/lib\libHCCD.a(fat_common.o)
 .text._f_findopensize
                0x20022f38       0x2c C:/Users/user1/Desktop/Elai/satellite-subsystems/demo/../..//hal/hcc/lib\libHCCD.a(fat_common.o)
                0x20022f38                _f_findopensize
 .text.fn_setlasterror
                0x20022f64       0x34 C:/Users/user1/Desktop/Elai/satellite-subsystems/demo/../..//hal/hcc/lib\libHCCD.a(fat_common.o)
                0x20022f64                fn_setlasterror
 .text.fn_setlasterror_noret
                0x20022f98       0x2c C:/Users/user1/Desktop/Elai/satellite-subsystems/demo/../..//hal/hcc/lib\libHCCD.a(fat_common.o)
                0x20022f98                fn_setlasterror_noret
 .text.fm_initvolume
                0x20022fc4       0x70 C:/Users/user1/Desktop/Elai/satellite-subsystems/demo/../..//hal/hcc/lib\libHCCD.a(fat_m.o)
                0x20022fc4                fm_initvolume
 .text.fm_filelength
                0x20023034       0x60 C:/Users/user1/Desktop/Elai/satellite-subsystems/demo/../..//hal/hcc/lib\libHCCD.a(fat_m.o)
                0x20023034                fm_filelength
 .text.fm_close
                0x20023094       0x60 C:/Users/user1/Desktop/Elai/satellite-subsystems/demo/../..//hal/hcc/lib\libHCCD.a(fat_m.o)
                0x20023094                fm_close
 .text.fm_flush
                0x200230f4       0x60 C:/Users/user1/Desktop/Elai/satellite-subsystems/demo/../..//hal/hcc/lib\libHCCD.a(fat_m.o)
                0x200230f4                fm_flush
 .text.fm_open  0x20023154       0x68 C:/Users/user1/Desktop/Elai/satellite-subsystems/demo/../..//hal/hcc/lib\libHCCD.a(fat_m.o)
                0x20023154                fm_open
 .text.fm_read  0x200231bc       0x7c C:/Users/user1/Desktop/Elai/satellite-subsystems/demo/../..//hal/hcc/lib\libHCCD.a(fat_m.o)
                0x200231bc                fm_read
 .text.fm_write
                0x20023238       0x7c C:/Users/user1/Desktop/Elai/satellite-subsystems/demo/../..//hal/hcc/lib\libHCCD.a(fat_m.o)
                0x20023238                fm_write
 .text.fm_seek  0x200232b4       0x70 C:/Users/user1/Desktop/Elai/satellite-subsystems/demo/../..//hal/hcc/lib\libHCCD.a(fat_m.o)
                0x200232b4                fm_seek
 .text.fm_delete
                0x20023324       0x64 C:/Users/user1/Desktop/Elai/satellite-subsystems/demo/../..//hal/hcc/lib\libHCCD.a(fat_m.o)
                0x20023324                fm_delete
 .text._s_checkzeroclusteratend
                0x20023388       0xf8 C:/Users/user1/Desktop/Elai/satellite-subsystems/demo/../..//hal/hcc/lib\libHCCD.a(safefat.o)
 .text._s_clearclustercontent
                0x20023480      0x108 C:/Users/user1/Desktop/Elai/satellite-subsystems/demo/../..//hal/hcc/lib\libHCCD.a(safefat.o)
 .text._s_clearclustercontentdir
                0x20023588      0x19c C:/Users/user1/Desktop/Elai/satellite-subsystems/demo/../..//hal/hcc/lib\libHCCD.a(safefat.o)
 .text._s_writedirsector
                0x20023724       0xd0 C:/Users/user1/Desktop/Elai/satellite-subsystems/demo/../..//hal/hcc/lib\libHCCD.a(safefat.o)
 .text._s_getdirsector
                0x200237f4      0x100 C:/Users/user1/Desktop/Elai/satellite-subsystems/demo/../..//hal/hcc/lib\libHCCD.a(safefat.o)
 .text._s_addentry
                0x200238f4      0x394 C:/Users/user1/Desktop/Elai/satellite-subsystems/demo/../..//hal/hcc/lib\libHCCD.a(safefat.o)
 .text._s_findfile
                0x20023c88      0x33c C:/Users/user1/Desktop/Elai/satellite-subsystems/demo/../..//hal/hcc/lib\libHCCD.a(safefat.o)
 .text._s_findsubdir
                0x20023fc4      0x248 C:/Users/user1/Desktop/Elai/satellite-subsystems/demo/../..//hal/hcc/lib\libHCCD.a(safefat.o)
 .text._s_createfile
                0x2002420c      0x190 C:/Users/user1/Desktop/Elai/satellite-subsystems/demo/../..//hal/hcc/lib\libHCCD.a(safefat.o)
 .text._s_findsaffile
                0x2002439c      0x1b8 C:/Users/user1/Desktop/Elai/satellite-subsystems/demo/../..//hal/hcc/lib\libHCCD.a(safefat.o)
 .text._s_open  0x20024554       0xe4 C:/Users/user1/Desktop/Elai/satellite-subsystems/demo/../..//hal/hcc/lib\libHCCD.a(safefat.o)
 .text._s_open_saf
                0x20024638       0xe8 C:/Users/user1/Desktop/Elai/satellite-subsystems/demo/../..//hal/hcc/lib\libHCCD.a(safefat.o)
 .text._s_flush
                0x20024720       0x84 C:/Users/user1/Desktop/Elai/satellite-subsystems/demo/../..//hal/hcc/lib\libHCCD.a(safefat.o)
 .text._s_allocnextcluster
                0x200247a4      0x13c C:/Users/user1/Desktop/Elai/satellite-subsystems/demo/../..//hal/hcc/lib\libHCCD.a(safefat.o)
 .text._s_getnextsector
                0x200248e0       0xdc C:/Users/user1/Desktop/Elai/satellite-subsystems/demo/../..//hal/hcc/lib\libHCCD.a(safefat.o)
 .text._s_seek  0x200249bc      0x1e8 C:/Users/user1/Desktop/Elai/satellite-subsystems/demo/../..//hal/hcc/lib\libHCCD.a(safefat.o)
 .text._s_read  0x20024ba4      0x228 C:/Users/user1/Desktop/Elai/satellite-subsystems/demo/../..//hal/hcc/lib\libHCCD.a(safefat.o)
 .text._s_write
                0x20024dcc      0x384 C:/Users/user1/Desktop/Elai/satellite-subsystems/demo/../..//hal/hcc/lib\libHCCD.a(safefat.o)
 .text._s_restoreclusters
                0x20025150      0x270 C:/Users/user1/Desktop/Elai/satellite-subsystems/demo/../..//hal/hcc/lib\libHCCD.a(safefat.o)
                0x20025150                _s_restoreclusters
 .text._s_findrestore
                0x200253c0      0x18c C:/Users/user1/Desktop/Elai/satellite-subsystems/demo/../..//hal/hcc/lib\libHCCD.a(safefat.o)
 .text._s_cmd_writede
                0x2002554c       0xd8 C:/Users/user1/Desktop/Elai/satellite-subsystems/demo/../..//hal/hcc/lib\libHCCD.a(safefat.o)
 .text._s_cmd_setcluster
                0x20025624       0x88 C:/Users/user1/Desktop/Elai/satellite-subsystems/demo/../..//hal/hcc/lib\libHCCD.a(safefat.o)
 .text._s_cmd_deletechain
                0x200256ac      0x100 C:/Users/user1/Desktop/Elai/satellite-subsystems/demo/../..//hal/hcc/lib\libHCCD.a(safefat.o)
 .text._s_cmd_validatecfn
                0x200257ac      0x308 C:/Users/user1/Desktop/Elai/satellite-subsystems/demo/../..//hal/hcc/lib\libHCCD.a(safefat.o)
 .text._s_cmd_seteof
                0x20025ab4      0x3c4 C:/Users/user1/Desktop/Elai/satellite-subsystems/demo/../..//hal/hcc/lib\libHCCD.a(safefat.o)
 .text.safe_docommands
                0x20025e78      0x56c C:/Users/user1/Desktop/Elai/satellite-subsystems/demo/../..//hal/hcc/lib\libHCCD.a(safefat.o)
                0x20025e78                safe_docommands
 .text.safe_entercommand
                0x200263e4       0x68 C:/Users/user1/Desktop/Elai/satellite-subsystems/demo/../..//hal/hcc/lib\libHCCD.a(safefat.o)
                0x200263e4                safe_entercommand
 .text.safe_ready
                0x2002644c       0xf4 C:/Users/user1/Desktop/Elai/satellite-subsystems/demo/../..//hal/hcc/lib\libHCCD.a(safefat.o)
                0x2002644c                safe_ready
 .text.safe_copycfn
                0x20026540       0xb8 C:/Users/user1/Desktop/Elai/satellite-subsystems/demo/../..//hal/hcc/lib\libHCCD.a(safefat.o)
                0x20026540                safe_copycfn
 .text.safe_cfremove
                0x200265f8       0xb8 C:/Users/user1/Desktop/Elai/satellite-subsystems/demo/../..//hal/hcc/lib\libHCCD.a(safefat.o)
                0x200265f8                safe_cfremove
 .text.safe_writede
                0x200266b0      0x104 C:/Users/user1/Desktop/Elai/satellite-subsystems/demo/../..//hal/hcc/lib\libHCCD.a(safefat.o)
                0x200266b0                safe_writede
 .text.safe_setcluster