Archive member included because of file (symbol)

c:/isis/application/toolchain/bin/../lib/gcc/arm-none-eabi/4.7.4/../../../../arm-none-eabi/lib\libc_s.a(lib_a-vfprintf_float.o)
                              (_printf_float)
c:/isis/application/toolchain/bin/../lib/gcc/arm-none-eabi/4.7.4/../../../../arm-none-eabi/lib\libc_s.a(lib_a-vfprintf_i.o)
                              c:/isis/application/toolchain/bin/../lib/gcc/arm-none-eabi/4.7.4/../../../../arm-none-eabi/lib\libc_s.a(lib_a-vfprintf_float.o) (_printf_common)
c:/isis/application/toolchain/bin/../lib/gcc/arm-none-eabi/4.7.4/../../../../arm-none-eabi/lib\libc_s.a(lib_a-vfscanf_float.o)
                              (_scanf_float)
c:/isis/application/toolchain/bin/../lib/gcc/arm-none-eabi/4.7.4/../../../../arm-none-eabi/lib\libc_s.a(lib_a-dtoa.o)
                              c:/isis/application/toolchain/bin/../lib/gcc/arm-none-eabi/4.7.4/../../../../arm-none-eabi/lib\libc_s.a(lib_a-vfprintf_float.o) (_dtoa_r)
c:/isis/application/toolchain/bin/../lib/gcc/arm-none-eabi/4.7.4/../../../../arm-none-eabi/lib\libc_s.a(lib_a-locale.o)
                              c:/isis/application/toolchain/bin/../lib/gcc/arm-none-eabi/4.7.4/../../../../arm-none-eabi/lib\libc_s.a(lib_a-vfprintf_float.o) (_localeconv_r)
c:/isis/application/toolchain/bin/../lib/gcc/arm-none-eabi/4.7.4/../../../../arm-none-eabi/lib\libc_s.a(lib_a-malloc.o)
                              c:/isis/application/toolchain/bin/../lib/gcc/arm-none-eabi/4.7.4/../../../../arm-none-eabi/lib\libc_s.a(lib_a-dtoa.o) (malloc)
c:/isis/application/toolchain/bin/../lib/gcc/arm-none-eabi/4.7.4/../../../../arm-none-eabi/lib\libc_s.a(lib_a-mallocr.o)
                              c:/isis/application/toolchain/bin/../lib/gcc/arm-none-eabi/4.7.4/../../../../arm-none-eabi/lib\libc_s.a(lib_a-malloc.o) (_malloc_r)
c:/isis/application/toolchain/bin/../lib/gcc/arm-none-eabi/4.7.4/../../../../arm-none-eabi/lib\libc_s.a(lib_a-memcpy.o)
                              c:/isis/application/toolchain/bin/../lib/gcc/arm-none-eabi/4.7.4/../../../../arm-none-eabi/lib\libc_s.a(lib_a-dtoa.o) (memcpy)
c:/isis/application/toolchain/bin/../lib/gcc/arm-none-eabi/4.7.4/../../../../arm-none-eabi/lib\libc_s.a(lib_a-mprec.o)
                              c:/isis/application/toolchain/bin/../lib/gcc/arm-none-eabi/4.7.4/../../../../arm-none-eabi/lib\libc_s.a(lib_a-dtoa.o) (_Balloc)
c:/isis/application/toolchain/bin/../lib/gcc/arm-none-eabi/4.7.4/../../../../arm-none-eabi/lib\libc_s.a(lib_a-s_fpclassify.o)
                              c:/isis/application/toolchain/bin/../lib/gcc/arm-none-eabi/4.7.4/../../../../arm-none-eabi/lib\libc_s.a(lib_a-vfprintf_float.o) (__fpclassifyd)
c:/isis/application/toolchain/bin/../lib/gcc/arm-none-eabi/4.7.4/../../../../arm-none-eabi/lib\libc_s.a(lib_a-sbrkr.o)
                              c:/isis/application/toolchain/bin/../lib/gcc/arm-none-eabi/4.7.4/../../../../arm-none-eabi/lib\libc_s.a(lib_a-mallocr.o) (_sbrk_r)
c:/isis/application/toolchain/bin/../lib/gcc/arm-none-eabi/4.7.4/../../../../arm-none-eabi/lib\libc_s.a(lib_a-sf_nan.o)
                              c:/isis/application/toolchain/bin/../lib/gcc/arm-none-eabi/4.7.4/../../../../arm-none-eabi/lib\libc_s.a(lib_a-vfscanf_float.o) (nanf)
c:/isis/application/toolchain/bin/../lib/gcc/arm-none-eabi/4.7.4/../../../../arm-none-eabi/lib\libc_s.a(lib_a-sprintf.o)
                              c:/isis/application/toolchain/bin/../lib/gcc/arm-none-eabi/4.7.4/../../../../arm-none-eabi/lib\libc_s.a(lib_a-vfscanf_float.o) (sprintf)
c:/isis/application/toolchain/bin/../lib/gcc/arm-none-eabi/4.7.4/../../../../arm-none-eabi/lib\libc_s.a(lib_a-strcmp.o)
                              c:/isis/application/toolchain/bin/../lib/gcc/arm-none-eabi/4.7.4/../../../../arm-none-eabi/lib\libc_s.a(lib_a-locale.o) (strcmp)
c:/isis/application/toolchain/bin/../lib/gcc/arm-none-eabi/4.7.4/../../../../arm-none-eabi/lib\libc_s.a(lib_a-strlen.o)
                              c:/isis/application/toolchain/bin/../lib/gcc/arm-none-eabi/4.7.4/../../../../arm-none-eabi/lib\libc_s.a(lib_a-vfprintf_float.o) (strlen)
c:/isis/application/toolchain/bin/../lib/gcc/arm-none-eabi/4.7.4/../../../../arm-none-eabi/lib\libc_s.a(lib_a-strtod.o)
                              c:/isis/application/toolchain/bin/../lib/gcc/arm-none-eabi/4.7.4/../../../../arm-none-eabi/lib\libc_s.a(lib_a-vfscanf_float.o) (_strtod_r)
c:/isis/application/toolchain/bin/../lib/gcc/arm-none-eabi/4.7.4/../../../../arm-none-eabi/lib\libc_s.a(lib_a-strtol.o)
                              c:/isis/application/toolchain/bin/../lib/gcc/arm-none-eabi/4.7.4/../../../../arm-none-eabi/lib\libc_s.a(lib_a-vfscanf_float.o) (_strtol_r)
c:/isis/application/toolchain/bin/../lib/gcc/arm-none-eabi/4.7.4/../../../../arm-none-eabi/lib\libc_s.a(lib_a-svfprintf.o)
                              c:/isis/application/toolchain/bin/../lib/gcc/arm-none-eabi/4.7.4/../../../../arm-none-eabi/lib\libc_s.a(lib_a-sprintf.o) (_svfprintf_r)
[...]
Memory Configuration

Name             Origin             Length             Attributes
sram0            0x00200000         0x00004000         w !xr
sram1            0x00300000         0x00004000         w !xr
sdram            0x20000000         0x02000000         w !xr
*default*        0x00000000         0xffffffff

Linker script and memory map

LOAD c:/isis/application/toolchain/bin/../lib/gcc/arm-none-eabi/4.7.4/../../../../arm-none-eabi/lib\libc_s.a
LOAD ./src/sub-systemCode/payload/Request Management/Dump/Butchering.o
LOAD ./src/sub-systemCode/payload/Request Management/Dump/imageDump.o
LOAD ./src/sub-systemCode/payload/Request Management/AutomaticImageHandler.o
LOAD ./src/sub-systemCode/payload/Request Management/CameraManeger.o
LOAD ./src/sub-systemCode/payload/Request Management/DB_RequestHandling.o
LOAD ./src/sub-systemCode/payload/Misc/Boolean_bit.o
LOAD ./src/sub-systemCode/payload/Misc/FileSystem.o
LOAD ./src/sub-systemCode/payload/Drivers/GeckoCameraDriver.o
LOAD ./src/sub-systemCode/payload/DataBase/DataBase.o
LOAD ./src/sub-systemCode/payload/Compression/jpeg/bmp/rawToBMP.o
LOAD ./src/sub-systemCode/payload/Compression/jpeg/DCT.o
LOAD ./src/sub-systemCode/payload/Compression/jpeg/ImgCompressor.o
LOAD ./src/sub-systemCode/payload/Compression/jpeg/color_conv.o
LOAD ./src/sub-systemCode/payload/Compression/jpeg/jpeg.o
LOAD ./src/sub-systemCode/payload/Compression/jpeg/jpeg_encoder.o
LOAD ./src/sub-systemCode/payload/Compression/jpeg/jpeg_memory_alloc.o
LOAD ./src/sub-systemCode/payload/Compression/jpeg/jpeg_params.o
LOAD ./src/sub-systemCode/payload/Compression/jpeg/output_stream.o
LOAD ./src/sub-systemCode/payload/Compression/ImageConversion.o
LOAD ./src/sub-systemCode/Main/CMD/ADCS_CMD.o
LOAD ./src/sub-systemCode/Main/CMD/COMM_CMD.o
LOAD ./src/sub-systemCode/Main/CMD/EPS_CMD.o
LOAD ./src/sub-systemCode/Main/CMD/General_CMD.o
LOAD ./src/sub-systemCode/Main/CMD/SW_CMD.o
LOAD ./src/sub-systemCode/Main/CMD/payload_CMD.o
LOAD ./src/sub-systemCode/Main/Ants.o
LOAD ./src/sub-systemCode/Main/EPS.o
LOAD ./src/sub-systemCode/Main/HouseKeeping.o
LOAD ./src/sub-systemCode/Main/Main_Init.o
LOAD ./src/sub-systemCode/Main/commands.o
LOAD ./src/sub-systemCode/Global/GenericTaskSave.o
LOAD ./src/sub-systemCode/Global/Global.o
LOAD ./src/sub-systemCode/Global/GlobalParam.o
LOAD ./src/sub-systemCode/Global/OnlineTM.o
LOAD ./src/sub-systemCode/Global/TLM_management.o
LOAD ./src/sub-systemCode/Global/freertosExtended.o
LOAD ./src/sub-systemCode/Global/logger.o
LOAD ./src/sub-systemCode/CUF/CUF.o
LOAD ./src/sub-systemCode/CUF/uploadCodeTelemetry.o
LOAD ./src/sub-systemCode/COMM/APRS.o
LOAD ./src/sub-systemCode/COMM/DelayedCommand_list.o
LOAD ./src/sub-systemCode/COMM/GSC.o
LOAD ./src/sub-systemCode/COMM/TRXVU.o
LOAD ./src/sub-systemCode/ADCS/AdcsCommands.o
LOAD ./src/sub-systemCode/ADCS/AdcsGetDataAndTlm.o
LOAD ./src/sub-systemCode/ADCS/AdcsMain.o
LOAD ./src/sub-systemCode/ADCS/AdcsTroubleShooting.o
LOAD ./src/sub-systemCode/ADCS/StateMachine.o
LOAD ./src/main.o
LOAD C:/HOOPOE3/satellite-subsystems/demo/..//satellite-subsystems/lib\libSatelliteSubsystemsD.a
LOAD c:/isis/application/toolchain/bin/../lib/gcc/arm-none-eabi/4.7.4/../../../../arm-none-eabi/lib\libm.a
LOAD C:/HOOPOE3/satellite-subsystems/demo/../..//hal/hcc/lib\libHCCD.a
LOAD C:/HOOPOE3/satellite-subsystems/demo/../..//hal/hal/lib\libHALD.a
LOAD C:/HOOPOE3/satellite-subsystems/demo/../..//hal/freertos/lib\libFreeRTOSD.a
LOAD C:/HOOPOE3/satellite-subsystems/demo/../..//hal/at91/lib\libAt91D.a
START GROUP
LOAD c:/isis/application/toolchain/bin/../lib/gcc/arm-none-eabi/4.7.4\libgcc.a
LOAD c:/isis/application/toolchain/bin/../lib/gcc/arm-none-eabi/4.7.4/../../../../arm-none-eabi/lib\libc_s.a
END GROUP

.fixed          0x20000000    0x5f79c
                0x20000000                . = ALIGN (0x4)
                0x20000000                _sfixed = .
 *(.startup)
 .startup       0x20000000      0x134 C:/HOOPOE3/satellite-subsystems/demo/../..//hal/at91/lib\libAt91D.a(board_cstartup.o)
                0x20000000                entry
 *(.text)
 .text          0x20000134       0x64 C:/HOOPOE3/satellite-subsystems/demo/../..//hal/at91/lib\libAt91D.a(cp15_asm.o)
                0x20000134                _readControlRegister
                0x20000140                _writeControlRegister
                0x20000148                _waitForInterrupt
                0x20000154                _writeTTB
                0x2000015c                _writeDomain
                0x20000164                _writeITLBLockdown
                0x2000016c                _prefetchICacheLine
                0x20000174                _flushDCache
                0x20000180                _flushWriteBuffer
                0x2000018c                _invalidateIDTLBs
 .text          0x20000198      0x114 c:/isis/application/toolchain/bin/../lib/gcc/arm-none-eabi/4.7.4\libgcc.a(_udivsi3.o)
                0x20000198                __aeabi_uidiv
                0x20000198                __udivsi3
                0x2000028c                __aeabi_uidivmod
 .text          0x200002ac      0x148 c:/isis/application/toolchain/bin/../lib/gcc/arm-none-eabi/4.7.4\libgcc.a(_divsi3.o)
                0x200002ac                __divsi3
                0x200002ac                __aeabi_idiv
                0x200003d4                __aeabi_idivmod
 .text          0x200003f4        0x4 c:/isis/application/toolchain/bin/../lib/gcc/arm-none-eabi/4.7.4\libgcc.a(_dvmd_tls.o)
                0x200003f4                __aeabi_idiv0
                0x200003f4                __aeabi_ldiv0
 .text          0x200003f8      0x41c c:/isis/application/toolchain/bin/../lib/gcc/arm-none-eabi/4.7.4\libgcc.a(_arm_addsubdf3.o)
                0x200003f8                __aeabi_drsub
                0x20000400                __aeabi_dsub
                0x20000400                __subdf3
                0x20000404                __aeabi_dadd
                0x20000404                __adddf3
                0x20000714                __floatunsidf
                0x20000714                __aeabi_ui2d
                0x20000738                __floatsidf
                0x20000738                __aeabi_i2d
                0x20000760                __aeabi_f2d
                0x20000760                __extendsfdf2
                0x200007a0                __floatundidf
                0x200007a0                __aeabi_ul2d
                0x200007b4                __floatdidf
                0x200007b4                __aeabi_l2d
 .text          0x20000814      0x49c c:/isis/application/toolchain/bin/../lib/gcc/arm-none-eabi/4.7.4\libgcc.a(_arm_muldivdf3.o)
                0x20000814                __aeabi_dmul
                0x20000814                __muldf3
                0x20000aa4                __divdf3
                0x20000aa4                __aeabi_ddiv
 .text          0x20000cb0      0x144 c:/isis/application/toolchain/bin/../lib/gcc/arm-none-eabi/4.7.4\libgcc.a(_arm_cmpdf2.o)
                0x20000cb0                __gtdf2
                0x20000cb0                __gedf2
                0x20000cb8                __ltdf2
                0x20000cb8                __ledf2
                0x20000cc0                __nedf2
                0x20000cc0                __eqdf2
                0x20000cc0                __cmpdf2
                0x20000d48                __aeabi_cdrcmple
                0x20000d64                __aeabi_cdcmpeq
                0x20000d64                __aeabi_cdcmple
                0x20000d7c                __aeabi_dcmpeq
                0x20000d94                __aeabi_dcmplt
                0x20000dac                __aeabi_dcmple
                0x20000dc4                __aeabi_dcmpge
                0x20000ddc                __aeabi_dcmpgt
 .text          0x20000df4       0x5c c:/isis/application/toolchain/bin/../lib/gcc/arm-none-eabi/4.7.4\libgcc.a(_arm_fixdfsi.o)
                0x20000df4                __aeabi_d2iz
                0x20000df4                __fixdfsi
 .text          0x20000e50       0x54 c:/isis/application/toolchain/bin/../lib/gcc/arm-none-eabi/4.7.4\libgcc.a(_arm_fixunsdfsi.o)
                0x20000e50                __aeabi_d2uiz
                0x20000e50                __fixunsdfsi
 .text          0x20000ea4       0xa0 c:/isis/application/toolchain/bin/../lib/gcc/arm-none-eabi/4.7.4\libgcc.a(_arm_truncdfsf2.o)
                0x20000ea4                __truncdfsf2
                0x20000ea4                __aeabi_d2f
 .text          0x20000f44      0x2ac c:/isis/application/toolchain/bin/../lib/gcc/arm-none-eabi/4.7.4\libgcc.a(_arm_addsubsf3.o)
                0x20000f44                __aeabi_frsub
                0x20000f4c                __subsf3
                0x20000f4c                __aeabi_fsub
                0x20000f50                __aeabi_fadd
                0x20000f50                __addsf3
                0x2000110c                __aeabi_ui2f
                0x2000110c                __floatunsisf
                0x20001114                __aeabi_i2f
                0x20001114                __floatsisf
                0x20001134                __aeabi_ul2f
                0x20001134                __floatundisf
                0x20001144                __aeabi_l2f
                0x20001144                __floatdisf
 .text          0x200011f0      0x2f8 c:/isis/application/toolchain/bin/../lib/gcc/arm-none-eabi/4.7.4\libgcc.a(_arm_muldivsf3.o)
                0x200011f0                __mulsf3
                0x200011f0                __aeabi_fmul
                0x20001388                __aeabi_fdiv
                0x20001388                __divsf3
 .text          0x200014e8      0x114 c:/isis/application/toolchain/bin/../lib/gcc/arm-none-eabi/4.7.4\libgcc.a(_arm_cmpsf2.o)
                0x200014e8                __gesf2
                0x200014e8                __gtsf2
                0x200014f0                __lesf2
                0x200014f0                __ltsf2
                0x200014f8                __nesf2
                0x200014f8                __eqsf2
                0x200014f8                __cmpsf2
                0x2000155c                __aeabi_cfrcmple
                0x2000156c                __aeabi_cfcmpeq
                0x2000156c                __aeabi_cfcmple
                0x20001584                __aeabi_fcmpeq
                0x2000159c                __aeabi_fcmplt
                0x200015b4                __aeabi_fcmple
                0x200015cc                __aeabi_fcmpge
                0x200015e4                __aeabi_fcmpgt
 .text          0x200015fc       0x54 c:/isis/application/toolchain/bin/../lib/gcc/arm-none-eabi/4.7.4\libgcc.a(_arm_fixunssfsi.o)
                0x200015fc                __fixunssfsi
                0x200015fc                __aeabi_f2uiz
 *(.text*)
 .text.__cvt    0x20001650      0x138 c:/isis/application/toolchain/bin/../lib/gcc/arm-none-eabi/4.7.4/../../../../arm-none-eabi/lib\libc_s.a(lib_a-vfprintf_float.o)
                0x20001650                __cvt
 .text.__exponent
                0x20001788       0xa8 c:/isis/application/toolchain/bin/../lib/gcc/arm-none-eabi/4.7.4/../../../../arm-none-eabi/lib\libc_s.a(lib_a-vfprintf_float.o)
                0x20001788                __exponent
 .text._printf_float
                0x20001830      0x7dc c:/isis/application/toolchain/bin/../lib/gcc/arm-none-eabi/4.7.4/../../../../arm-none-eabi/lib\libc_s.a(lib_a-vfprintf_float.o)
                0x20001830                _printf_float
 .text._printf_common
                0x2000200c      0x174 c:/isis/application/toolchain/bin/../lib/gcc/arm-none-eabi/4.7.4/../../../../arm-none-eabi/lib\libc_s.a(lib_a-vfprintf_i.o)
                0x2000200c                _printf_common
 .text._printf_i
                0x20002180      0x3c4 c:/isis/application/toolchain/bin/../lib/gcc/arm-none-eabi/4.7.4/../../../../arm-none-eabi/lib\libc_s.a(lib_a-vfprintf_i.o)
                0x20002180                _printf_i
 .text._scanf_float
                0x20002544      0x5f4 c:/isis/application/toolchain/bin/../lib/gcc/arm-none-eabi/4.7.4/../../../../arm-none-eabi/lib\libc_s.a(lib_a-vfscanf_float.o)
                0x20002544                _scanf_float
 .text.quorem   0x20002b38      0x1ac c:/isis/application/toolchain/bin/../lib/gcc/arm-none-eabi/4.7.4/../../../../arm-none-eabi/lib\libc_s.a(lib_a-dtoa.o)
 .text._dtoa_r  0x20002ce4     0x1268 c:/isis/application/toolchain/bin/../lib/gcc/arm-none-eabi/4.7.4/../../../../arm-none-eabi/lib\libc_s.a(lib_a-dtoa.o)
                0x20002ce4                _dtoa_r
 .text._localeconv_r
                0x20003f4c        0xc c:/isis/application/toolchain/bin/../lib/gcc/arm-none-eabi/4.7.4/../../../../arm-none-eabi/lib\libc_s.a(lib_a-locale.o)
                0x20003f4c                _localeconv_r
 .text.malloc   0x20003f58       0x20 c:/isis/application/toolchain/bin/../lib/gcc/arm-none-eabi/4.7.4/../../../../arm-none-eabi/lib\libc_s.a(lib_a-malloc.o)
                0x20003f58                malloc
 .text.free     0x20003f78       0x20 c:/isis/application/toolchain/bin/../lib/gcc/arm-none-eabi/4.7.4/../../../../arm-none-eabi/lib\libc_s.a(lib_a-malloc.o)
                0x20003f78                free
 .text._malloc_r
                0x20003f98       0xfc c:/isis/application/toolchain/bin/../lib/gcc/arm-none-eabi/4.7.4/../../../../arm-none-eabi/lib\libc_s.a(lib_a-mallocr.o)
                0x20003f98                _malloc_r
 .text.memcpy   0x20004094       0x20 c:/isis/application/toolchain/bin/../lib/gcc/arm-none-eabi/4.7.4/../../../../arm-none-eabi/lib\libc_s.a(lib_a-memcpy.o)
                0x20004094                memcpy
 .text._Balloc  0x200040b4       0xcc c:/isis/application/toolchain/bin/../lib/gcc/arm-none-eabi/4.7.4/../../../../arm-none-eabi/lib\libc_s.a(lib_a-mprec.o)
                0x200040b4                _Balloc
 .text._Bfree   0x20004180       0x5c c:/isis/application/toolchain/bin/../lib/gcc/arm-none-eabi/4.7.4/../../../../arm-none-eabi/lib\libc_s.a(lib_a-mprec.o)
                0x20004180                _Bfree
 .text.__multadd
                0x200041dc       0xbc c:/isis/application/toolchain/bin/../lib/gcc/arm-none-eabi/4.7.4/../../../../arm-none-eabi/lib\libc_s.a(lib_a-mprec.o)
                0x200041dc                __multadd
 .text.__s2b    0x20004298       0xd8 c:/isis/application/toolchain/bin/../lib/gcc/arm-none-eabi/4.7.4/../../../../arm-none-eabi/lib\libc_s.a(lib_a-mprec.o)
                0x20004298                __s2b
 .text.__hi0bits
                0x20004370       0x58 c:/isis/application/toolchain/bin/../lib/gcc/arm-none-eabi/4.7.4/../../../../arm-none-eabi/lib\libc_s.a(lib_a-mprec.o)
                0x20004370                __hi0bits
 .text.__lo0bits
                0x200043c8       0x94 c:/isis/application/toolchain/bin/../lib/gcc/arm-none-eabi/4.7.4/../../../../arm-none-eabi/lib\libc_s.a(lib_a-mprec.o)
                0x200043c8                __lo0bits
 .text.__i2b    0x2000445c       0x24 c:/isis/application/toolchain/bin/../lib/gcc/arm-none-eabi/4.7.4/../../../../arm-none-eabi/lib\libc_s.a(lib_a-mprec.o)
                0x2000445c                __i2b
 .text.__multiply
                0x20004480      0x1ac c:/isis/application/toolchain/bin/../lib/gcc/arm-none-eabi/4.7.4/../../../../arm-none-eabi/lib\libc_s.a(lib_a-mprec.o)
                0x20004480                __multiply
 .text.__pow5mult
                0x2000462c      0x10c c:/isis/application/toolchain/bin/../lib/gcc/arm-none-eabi/4.7.4/../../../../arm-none-eabi/lib\libc_s.a(lib_a-mprec.o)
                0x2000462c                __pow5mult
 .text.__lshift
                0x20004738       0xf0 c:/isis/application/toolchain/bin/../lib/gcc/arm-none-eabi/4.7.4/../../../../arm-none-eabi/lib\libc_s.a(lib_a-mprec.o)
                0x20004738                __lshift
 .text.__mcmp   0x20004828       0x60 c:/isis/application/toolchain/bin/../lib/gcc/arm-none-eabi/4.7.4/../../../../arm-none-eabi/lib\libc_s.a(lib_a-mprec.o)
                0x20004828                __mcmp
 .text.__mdiff  0x20004888      0x128 c:/isis/application/toolchain/bin/../lib/gcc/arm-none-eabi/4.7.4/../../../../arm-none-eabi/lib\libc_s.a(lib_a-mprec.o)
                0x20004888                __mdiff
 .text.__ulp    0x200049b0       0x5c c:/isis/application/toolchain/bin/../lib/gcc/arm-none-eabi/4.7.4/../../../../arm-none-eabi/lib\libc_s.a(lib_a-mprec.o)
                0x200049b0                __ulp
 .text.__b2d    0x20004a0c       0xc8 c:/isis/application/toolchain/bin/../lib/gcc/arm-none-eabi/4.7.4/../../../../arm-none-eabi/lib\libc_s.a(lib_a-mprec.o)
                0x20004a0c                __b2d
 .text.__d2b    0x20004ad4       0xfc c:/isis/application/toolchain/bin/../lib/gcc/arm-none-eabi/4.7.4/../../../../arm-none-eabi/lib\libc_s.a(lib_a-mprec.o)
                0x20004ad4                __d2b
 .text.__ratio  0x20004bd0       0x70 c:/isis/application/toolchain/bin/../lib/gcc/arm-none-eabi/4.7.4/../../../../arm-none-eabi/lib\libc_s.a(lib_a-mprec.o)
                0x20004bd0                __ratio
 .text.__copybits
                0x20004c40       0x4c c:/isis/application/toolchain/bin/../lib/gcc/arm-none-eabi/4.7.4/../../../../arm-none-eabi/lib\libc_s.a(lib_a-mprec.o)
                0x20004c40                __copybits
 .text.__any_on
                0x20004c8c       0x7c c:/isis/application/toolchain/bin/../lib/gcc/arm-none-eabi/4.7.4/../../../../arm-none-eabi/lib\libc_s.a(lib_a-mprec.o)
                0x20004c8c                __any_on
 .text.__fpclassifyd
                0x20004d08       0x6c c:/isis/application/toolchain/bin/../lib/gcc/arm-none-eabi/4.7.4/../../../../arm-none-eabi/lib\libc_s.a(lib_a-s_fpclassify.o)
                0x20004d08                __fpclassifyd
 .text._sbrk_r  0x20004d74       0x3c c:/isis/application/toolchain/bin/../lib/gcc/arm-none-eabi/4.7.4/../../../../arm-none-eabi/lib\libc_s.a(lib_a-sbrkr.o)
                0x20004d74                _sbrk_r
 .text.nanf     0x20004db0        0xc c:/isis/application/toolchain/bin/../lib/gcc/arm-none-eabi/4.7.4/../../../../arm-none-eabi/lib\libc_s.a(lib_a-sf_nan.o)
                0x20004db0                nanf
 .text.sprintf  0x20004dbc       0x6c c:/isis/application/toolchain/bin/../lib/gcc/arm-none-eabi/4.7.4/../../../../arm-none-eabi/lib\libc_s.a(lib_a-sprintf.o)
                0x20004dbc                siprintf
                0x20004dbc                sprintf
 .text.strcmp   0x20004e28       0x1c c:/isis/application/toolchain/bin/../lib/gcc/arm-none-eabi/4.7.4/../../../../arm-none-eabi/lib\libc_s.a(lib_a-strcmp.o)
                0x20004e28                strcmp
 .text.strlen   0x20004e44       0x1c c:/isis/application/toolchain/bin/../lib/gcc/arm-none-eabi/4.7.4/../../../../arm-none-eabi/lib\libc_s.a(lib_a-strlen.o)
                0x20004e44                strlen
 .text.match    0x20004e60       0x54 c:/isis/application/toolchain/bin/../lib/gcc/arm-none-eabi/4.7.4/../../../../arm-none-eabi/lib\libc_s.a(lib_a-strtod.o)
 .text._strtod_r
                0x20004eb4     0x1168 c:/isis/application/toolchain/bin/../lib/gcc/arm-none-eabi/4.7.4/../../../../arm-none-eabi/lib\libc_s.a(lib_a-strtod.o)
                0x20004eb4                _strtod_r
 .text._strtol_r
                0x2000601c      0x1b8 c:/isis/application/toolchain/bin/../lib/gcc/arm-none-eabi/4.7.4/../../../../arm-none-eabi/lib\libc_s.a(lib_a-strtol.o)
                0x2000601c                _strtol_r
 .text.__ssputc_r
                0x200061d4      0x10c c:/isis/application/toolchain/bin/../lib/gcc/arm-none-eabi/4.7.4/../../../../arm-none-eabi/lib\libc_s.a(lib_a-svfprintf.o)
                0x200061d4                __ssputc_r
 .text._svfprintf_r
                0x200062e0      0x328 c:/isis/application/toolchain/bin/../lib/gcc/arm-none-eabi/4.7.4/../../../../arm-none-eabi/lib\libc_s.a(lib_a-svfprintf.o)
                0x200062e0                _svfiprintf_r
                0x200062e0                _svfprintf_r
 .text._calloc_r
                0x20006608       0x2c c:/isis/application/toolchain/bin/../lib/gcc/arm-none-eabi/4.7.4/../../../../arm-none-eabi/lib\libc_s.a(lib_a-callocr.o)
                0x20006608                _calloc_r
 .text._free_r  0x20006634      0x108 c:/isis/application/toolchain/bin/../lib/gcc/arm-none-eabi/4.7.4/../../../../arm-none-eabi/lib\libc_s.a(lib_a-freer.o)
                0x20006634                _free_r
 .text.rshift   0x2000673c       0xb0 c:/isis/application/toolchain/bin/../lib/gcc/arm-none-eabi/4.7.4/../../../../arm-none-eabi/lib\libc_s.a(lib_a-gdtoa-gethex.o)
 .text.htinit.constprop.0
                0x200067ec       0x34 c:/isis/application/toolchain/bin/../lib/gcc/arm-none-eabi/4.7.4/../../../../arm-none-eabi/lib\libc_s.a(lib_a-gdtoa-gethex.o)
 .text.__hexdig_init
                0x20006820       0x38 c:/isis/application/toolchain/bin/../lib/gcc/arm-none-eabi/4.7.4/../../../../arm-none-eabi/lib\libc_s.a(lib_a-gdtoa-gethex.o)
                0x20006820                __hexdig_init
 .text.__gethex
                0x20006858      0x6cc c:/isis/application/toolchain/bin/../lib/gcc/arm-none-eabi/4.7.4/../../../../arm-none-eabi/lib\libc_s.a(lib_a-gdtoa-gethex.o)
                0x20006858                __gethex
 .text.L_shift  0x20006f24       0x38 c:/isis/application/toolchain/bin/../lib/gcc/arm-none-eabi/4.7.4/../../../../arm-none-eabi/lib\libc_s.a(lib_a-gdtoa-hexnan.o)
 .text.__hexnan
                0x20006f5c      0x1d8 c:/isis/application/toolchain/bin/../lib/gcc/arm-none-eabi/4.7.4/../../../../arm-none-eabi/lib\libc_s.a(lib_a-gdtoa-hexnan.o)
                0x20006f5c                __hexnan
 .text.memchr   0x20007134       0x34 c:/isis/application/toolchain/bin/../lib/gcc/arm-none-eabi/4.7.4/../../../../arm-none-eabi/lib\libc_s.a(lib_a-memchr.o)
                0x20007134                memchr
 .text.memset   0x20007168       0x1c c:/isis/application/toolchain/bin/../lib/gcc/arm-none-eabi/4.7.4/../../../../arm-none-eabi/lib\libc_s.a(lib_a-memset.o)
                0x20007168                memset
 .text._realloc_r
                0x20007184       0x80 c:/isis/application/toolchain/bin/../lib/gcc/arm-none-eabi/4.7.4/../../../../arm-none-eabi/lib\libc_s.a(lib_a-reallocr.o)
                0x20007184                _realloc_r
 .text.strncmp  0x20007204       0x64 c:/isis/application/toolchain/bin/../lib/gcc/arm-none-eabi/4.7.4/../../../../arm-none-eabi/lib\libc_s.a(lib_a-strncmp.o)
                0x20007204                strncmp
 .text._malloc_usable_size_r
                0x20007268       0x1c c:/isis/application/toolchain/bin/../lib/gcc/arm-none-eabi/4.7.4/../../../../arm-none-eabi/lib\libc_s.a(lib_a-msizer.o)
                0x20007268                _malloc_usable_size_r
 .text.GetChunkFromImage
                0x20007284      0x2d0 ./src/sub-systemCode/payload/Request Management/Dump/Butchering.o
                0x20007284                GetChunkFromImage
 .text.SimpleButcher
                0x20007554       0xd8 ./src/sub-systemCode/payload/Request Management/Dump/Butchering.o
                0x20007554                SimpleButcher
 .text.readChunkDimentionsFromFRAM
                0x2000762c       0x80 ./src/sub-systemCode/payload/Request Management/Dump/imageDump.o
                0x2000762c                readChunkDimentionsFromFRAM
 .text.setChunkDimensions_inFRAM
                0x200076ac      0x10c ./src/sub-systemCode/payload/Request Management/Dump/imageDump.o
                0x200076ac                setChunkDimensions_inFRAM
 .text.getLastImageChunkIndex
                0x200077b8      0x1bc ./src/sub-systemCode/payload/Request Management/Dump/imageDump.o
                0x200077b8                getLastImageChunkIndex
 .text.find_subType_ofImage
                0x20007974       0xe0 ./src/sub-systemCode/payload/Request Management/Dump/imageDump.o
                0x20007974                find_subType_ofImage
 .text.buildAndSend_chunck
                0x20007a54      0x320 ./src/sub-systemCode/payload/Request Management/Dump/imageDump.o
                0x20007a54                buildAndSend_chunck
 .text.chunkField_imageDump
                0x20007d74      0x258 ./src/sub-systemCode/payload/Request Management/Dump/imageDump.o
                0x20007d74                chunkField_imageDump
 .text.bitField_imageDump
                0x20007fcc      0x23c ./src/sub-systemCode/payload/Request Management/Dump/imageDump.o
                0x20007fcc                bitField_imageDump
 .text.fileTypeDump
                0x20008208      0x170 ./src/sub-systemCode/payload/Request Management/Dump/imageDump.o
                0x20008208                fileTypeDump
 .text.imageDataBase_Dump
                0x20008378      0x118 ./src/sub-systemCode/payload/Request Management/Dump/imageDump.o
                0x20008378                imageDataBase_Dump
 .text.imageDump_task
                0x20008490      0x4f4 ./src/sub-systemCode/payload/Request Management/Dump/imageDump.o
                0x20008490                imageDump_task
 .text.KickStartImageDumpTask
                0x20008984       0x5c ./src/sub-systemCode/payload/Request Management/Dump/imageDump.o
                0x20008984                KickStartImageDumpTask
 .text.AutomaticImageHandlerTaskMain
                0x200089e0      0x12c ./src/sub-systemCode/payload/Request Management/AutomaticImageHandler.o
                0x200089e0                AutomaticImageHandlerTaskMain
 .text.KickStartAutomaticImageHandlerTask
                0x20008b0c       0x70 ./src/sub-systemCode/payload/Request Management/AutomaticImageHandler.o
                0x20008b0c                KickStartAutomaticImageHandlerTask
 .text.stopAction
                0x20008b7c       0xc4 ./src/sub-systemCode/payload/Request Management/AutomaticImageHandler.o
                0x20008b7c                stopAction
 .text.resumeAction
                0x20008c40       0x68 ./src/sub-systemCode/payload/Request Management/AutomaticImageHandler.o
                0x20008c40                resumeAction
 .text.handleErrors
                0x20008ca8       0x50 ./src/sub-systemCode/payload/Request Management/AutomaticImageHandler.o
                0x20008ca8                handleErrors
 .text.CameraManagerTaskMain
                0x20008cf8       0xc8 ./src/sub-systemCode/payload/Request Management/CameraManeger.o
                0x20008cf8                CameraManagerTaskMain
 .text.createFolders
                0x20008dc0      0x22c ./src/sub-systemCode/payload/Request Management/CameraManeger.o
                0x20008dc0                createFolders
 .text.initCamera
                0x20008fec       0xc0 ./src/sub-systemCode/payload/Request Management/CameraManeger.o
                0x20008fec                initCamera
 .text.KickStartCamera
                0x200090ac       0xe4 ./src/sub-systemCode/payload/Request Management/CameraManeger.o
                0x200090ac                KickStartCamera
 .text.addRequestToQueue
                0x20009190       0xa8 ./src/sub-systemCode/payload/Request Management/CameraManeger.o
                0x20009190                addRequestToQueue
 .text.removeRequestFromQueue
                0x20009238       0x7c ./src/sub-systemCode/payload/Request Management/CameraManeger.o
                0x20009238                removeRequestFromQueue
 .text.Take_pictures_with_time_in_between
                0x200092b4      0x114 ./src/sub-systemCode/payload/Request Management/CameraManeger.o
                0x200092b4                Take_pictures_with_time_in_between
 .text.act_upon_request
                0x200093c8      0x518 ./src/sub-systemCode/payload/Request Management/CameraManeger.o
                0x200093c8                act_upon_request
 .text.TakePicture
                0x200098e0       0x4c ./src/sub-systemCode/payload/Request Management/DB_RequestHandling.o
                0x200098e0                TakePicture
 .text.TakeSpecialPicture
                0x2000992c      0x130 ./src/sub-systemCode/payload/Request Management/DB_RequestHandling.o
                0x2000992c                TakeSpecialPicture
 .text.DeletePictureFile
                0x20009a5c       0x88 ./src/sub-systemCode/payload/Request Management/DB_RequestHandling.o
                0x20009a5c                DeletePictureFile
 .text.DeletePicture
                0x20009ae4       0x6c ./src/sub-systemCode/payload/Request Management/DB_RequestHandling.o
                0x20009ae4                DeletePicture
 .text.TransferPicture
                0x20009b50       0x54 ./src/sub-systemCode/payload/Request Management/DB_RequestHandling.o
                0x20009b50                TransferPicture
 .text.CreateThumbnail
                0x20009ba4       0x80 ./src/sub-systemCode/payload/Request Management/DB_RequestHandling.o
                0x20009ba4                CreateThumbnail
 .text.CreateJPG
                0x20009c24       0x7c ./src/sub-systemCode/payload/Request Management/DB_RequestHandling.o
                0x20009c24                CreateJPG
 .text.UpdatePhotographyValues
                0x20009ca0       0xd8 ./src/sub-systemCode/payload/Request Management/DB_RequestHandling.o
                0x20009ca0                UpdatePhotographyValues
 .text.setChunkDimensions
                0x20009d78       0x64 ./src/sub-systemCode/payload/Request Management/DB_RequestHandling.o
                0x20009d78                setChunkDimensions
 .text.convert2char
                0x20009ddc      0x14c ./src/sub-systemCode/payload/Misc/Boolean_bit.o
                0x20009ddc                convert2char
 .text.convert2byte
                0x20009f28      0x1c8 ./src/sub-systemCode/payload/Misc/Boolean_bit.o
                0x20009f28                convert2byte
 .text.bits2byte
                0x2000a0f0      0x17c ./src/sub-systemCode/payload/Misc/Boolean_bit.o
                0x2000a0f0                bits2byte
 .text.byte2bits
                0x2000a26c      0x17c ./src/sub-systemCode/payload/Misc/Boolean_bit.o
                0x2000a26c                byte2bits
 .text.char2bits
                0x2000a3e8       0x44 ./src/sub-systemCode/payload/Misc/Boolean_bit.o
                0x2000a3e8                char2bits
 .text.bits2char
                0x2000a42c       0x3c ./src/sub-systemCode/payload/Misc/Boolean_bit.o
                0x2000a42c                bits2char
 .text.ReadFromFile
                0x2000a468       0x6c ./src/sub-systemCode/payload/Misc/FileSystem.o
                0x2000a468                ReadFromFile
 .text.WriteToFile
                0x2000a4d4       0x74 ./src/sub-systemCode/payload/Misc/FileSystem.o
                0x2000a4d4                WriteToFile
 .text.Initialized_GPIO
                0x2000a548       0x54 ./src/sub-systemCode/payload/Drivers/GeckoCameraDriver.o
                0x2000a548                Initialized_GPIO
 .text.TurnOnGecko
                0x2000a59c      0x140 ./src/sub-systemCode/payload/Drivers/GeckoCameraDriver.o
                0x2000a59c                TurnOnGecko
 .text.TurnOffGecko
                0x2000a6dc       0xd8 ./src/sub-systemCode/payload/Drivers/GeckoCameraDriver.o
                0x2000a6dc                TurnOffGecko
 .text.initGecko
                0x2000a7b4       0x3c ./src/sub-systemCode/payload/Drivers/GeckoCameraDriver.o
                0x2000a7b4                initGecko
 .text.GECKO_TakeImage
                0x2000a7f0      0x2f4 ./src/sub-systemCode/payload/Drivers/GeckoCameraDriver.o
                0x2000a7f0                GECKO_TakeImage
 .text.readStopFlag
                0x2000aae4       0x48 ./src/sub-systemCode/payload/Drivers/GeckoCameraDriver.o
                0x2000aae4                readStopFlag
 .text.setStopFlag
                0x2000ab2c       0x50 ./src/sub-systemCode/payload/Drivers/GeckoCameraDriver.o
                0x2000ab2c                setStopFlag
 .text.GECKO_ReadImage
                0x2000ab7c      0x230 ./src/sub-systemCode/payload/Drivers/GeckoCameraDriver.o
                0x2000ab7c                GECKO_ReadImage
 .text.GECKO_EraseBlock
                0x2000adac       0xf0 ./src/sub-systemCode/payload/Drivers/GeckoCameraDriver.o
                0x2000adac                GECKO_EraseBlock
 .text.getFileName
                0x2000ae9c      0x1f8 ./src/sub-systemCode/payload/DataBase/DataBase.o
 .text.zeroImageDataBase
                0x2000b094       0xfc ./src/sub-systemCode/payload/DataBase/DataBase.o
                0x2000b094                zeroImageDataBase
 .text.updateGeneralDataBaseParameters
                0x2000b190       0x5c ./src/sub-systemCode/payload/DataBase/DataBase.o
                0x2000b190                updateGeneralDataBaseParameters
 .text.SearchDataBase_byID
                0x2000b1ec      0x234 ./src/sub-systemCode/payload/DataBase/DataBase.o
                0x2000b1ec                SearchDataBase_byID
 .text.SearchDataBase_byMark
                0x2000b420       0xb8 ./src/sub-systemCode/payload/DataBase/DataBase.o
                0x2000b420                SearchDataBase_byMark
 .text.SearchDataBase_forLatestMarkedImage
                0x2000b4d8       0x38 ./src/sub-systemCode/payload/DataBase/DataBase.o
                0x2000b4d8                SearchDataBase_forLatestMarkedImage
 .text.SearchDataBase_byTimeRange
                0x2000b510      0x148 ./src/sub-systemCode/payload/DataBase/DataBase.o
                0x2000b510                SearchDataBase_byTimeRange
 .text.SearchDataBase_forImageFileType_byTimeRange
                0x2000b658      0x11c ./src/sub-systemCode/payload/DataBase/DataBase.o
                0x2000b658                SearchDataBase_forImageFileType_byTimeRange
 .text.checkForFileType
                0x2000b774       0x74 ./src/sub-systemCode/payload/DataBase/DataBase.o
                0x2000b774                checkForFileType
 .text.updateFileTypes
                0x2000b7e8       0xbc ./src/sub-systemCode/payload/DataBase/DataBase.o
                0x2000b7e8                updateFileTypes
 .text.GetImageFactor
                0x2000b8a4       0x58 ./src/sub-systemCode/payload/DataBase/DataBase.o
                0x2000b8a4                GetImageFactor
 .text.readImageFromBuffer
                0x2000b8fc      0x12c ./src/sub-systemCode/payload/DataBase/DataBase.o
                0x2000b8fc                readImageFromBuffer
 .text.saveImageToBuffer
                0x2000ba28      0x12c ./src/sub-systemCode/payload/DataBase/DataBase.o
                0x2000ba28                saveImageToBuffer
 .text.getLatestID
                0x2000bb54       0x48 ./src/sub-systemCode/payload/DataBase/DataBase.o
                0x2000bb54                getLatestID
 .text.getDataBaseStart
                0x2000bb9c       0x20 ./src/sub-systemCode/payload/DataBase/DataBase.o
                0x2000bb9c                getDataBaseStart
 .text.getDataBaseEnd
                0x2000bbbc       0x20 ./src/sub-systemCode/payload/DataBase/DataBase.o
                0x2000bbbc                getDataBaseEnd
 .text.setDataBaseValues
                0x2000bbdc      0x208 ./src/sub-systemCode/payload/DataBase/DataBase.o
                0x2000bbdc                setDataBaseValues
 .text.initImageDataBase
                0x2000bde4      0x20c ./src/sub-systemCode/payload/DataBase/DataBase.o
                0x2000bde4                initImageDataBase
 .text.resetImageDataBase
                0x2000bff0       0x98 ./src/sub-systemCode/payload/DataBase/DataBase.o
                0x2000bff0                resetImageDataBase
 .text.setCameraPhotographyValues
                0x2000c088      0x130 ./src/sub-systemCode/payload/DataBase/DataBase.o
                0x2000c088                setCameraPhotographyValues
 .text.transferImageToSD_withoutSearch
                0x2000c1b8      0x17c ./src/sub-systemCode/payload/DataBase/DataBase.o
                0x2000c1b8                transferImageToSD_withoutSearch
 .text.transferImageToSD
                0x2000c334       0xac ./src/sub-systemCode/payload/DataBase/DataBase.o
                0x2000c334                transferImageToSD
 .text.DeleteImageFromOBC_withoutSearch
                0x2000c3e0       0xf0 ./src/sub-systemCode/payload/DataBase/DataBase.o
                0x2000c3e0                DeleteImageFromOBC_withoutSearch
 .text.DeleteImageFromOBC
                0x2000c4d0       0xb8 ./src/sub-systemCode/payload/DataBase/DataBase.o
                0x2000c4d0                DeleteImageFromOBC
 .text.DeleteImageFromPayload
                0x2000c588      0x270 ./src/sub-systemCode/payload/DataBase/DataBase.o
                0x2000c588                DeleteImageFromPayload
 .text.clearImageDataBase
                0x2000c7f8      0x13c ./src/sub-systemCode/payload/DataBase/DataBase.o
                0x2000c7f8                clearImageDataBase
 .text.handleMarkedPictures
                0x2000c934      0x21c ./src/sub-systemCode/payload/DataBase/DataBase.o
                0x2000c934                handleMarkedPictures
 .text.writeNewImageMetaDataToFRAM
                0x2000cb50      0x21c ./src/sub-systemCode/payload/DataBase/DataBase.o
                0x2000cb50                writeNewImageMetaDataToFRAM
 .text.takePicture
                0x2000cd6c      0x344 ./src/sub-systemCode/payload/DataBase/DataBase.o
                0x2000cd6c                takePicture
 .text.takePicture_withSpecialParameters
                0x2000d0b0       0xc4 ./src/sub-systemCode/payload/DataBase/DataBase.o
                0x2000d0b0                takePicture_withSpecialParameters
 .text.GetImageFileName_withSpecialParameters
                0x2000d174       0x98 ./src/sub-systemCode/payload/DataBase/DataBase.o
                0x2000d174                GetImageFileName_withSpecialParameters
 .text.GetImageFileName
                0x2000d20c       0x98 ./src/sub-systemCode/payload/DataBase/DataBase.o
                0x2000d20c                GetImageFileName
 .text.getDataBaseSize
                0x2000d2a4       0x20 ./src/sub-systemCode/payload/DataBase/DataBase.o
                0x2000d2a4                getDataBaseSize
 .text.getImageDataBaseBuffer
                0x2000d2c4      0x240 ./src/sub-systemCode/payload/DataBase/DataBase.o
                0x2000d2c4                getImageDataBaseBuffer
 .text.setAutoThumbnailCreation
                0x2000d504       0x30 ./src/sub-systemCode/payload/DataBase/DataBase.o
                0x2000d504                setAutoThumbnailCreation
 .text.Gecko_TroubleShooter
                0x2000d534       0xd8 ./src/sub-systemCode/payload/DataBase/DataBase.o
                0x2000d534                Gecko_TroubleShooter
 .text.TransformRawToBMP
                0x2000d60c      0x1e0 ./src/sub-systemCode/payload/Compression/jpeg/bmp/rawToBMP.o
                0x2000d60c                TransformRawToBMP
 .text.interpolate
                0x2000d7ec      0x8d0 ./src/sub-systemCode/payload/Compression/jpeg/bmp/rawToBMP.o
                0x2000d7ec                interpolate
 .text.getInputAt
                0x2000e0bc      0x308 ./src/sub-systemCode/payload/Compression/jpeg/bmp/rawToBMP.o
                0x2000e0bc                getInputAt
 .text.f_writeF_FILEHeader
                0x2000e3c4      0x2f0 ./src/sub-systemCode/payload/Compression/jpeg/bmp/rawToBMP.o
                0x2000e3c4                f_writeF_FILEHeader
 .text.f_writeOutputRow
                0x2000e6b4       0xbc ./src/sub-systemCode/payload/Compression/jpeg/bmp/rawToBMP.o
                0x2000e6b4                f_writeOutputRow
 .text.dct      0x2000e770      0x9c4 ./src/sub-systemCode/payload/Compression/jpeg/DCT.o
                0x2000e770                dct
 .text.JPEG_compressor
                0x2000f134       0xfc ./src/sub-systemCode/payload/Compression/jpeg/ImgCompressor.o
                0x2000f134                JPEG_compressor
 .text.Create_BMP_File
                0x2000f230       0xf4 ./src/sub-systemCode/payload/Compression/jpeg/ImgCompressor.o
                0x2000f230                Create_BMP_File
 .text.CompressImage
                0x2000f324      0x1cc ./src/sub-systemCode/payload/Compression/jpeg/ImgCompressor.o
                0x2000f324                CompressImage
 .text.clamp    0x2000f4f0       0x60 ./src/sub-systemCode/payload/Compression/jpeg/color_conv.o
                0x2000f4f0                clamp
 .text.RGB_to_YCC
                0x2000f550      0x1a8 ./src/sub-systemCode/payload/Compression/jpeg/color_conv.o
                0x2000f550                RGB_to_YCC
 .text.RGB_to_Y
                0x2000f6f8       0xc4 ./src/sub-systemCode/payload/Compression/jpeg/color_conv.o
                0x2000f6f8                RGB_to_Y
 .text.Y_to_YCC
                0x2000f7bc       0x88 ./src/sub-systemCode/payload/Compression/jpeg/color_conv.o
                0x2000f7bc                Y_to_YCC
 .text.compress_image_to_jpeg_file
                0x2000f844      0x1ac ./src/sub-systemCode/payload/Compression/jpeg/jpeg.o
                0x2000f844                compress_image_to_jpeg_file
 .text.emit_marker
                0x2000f9f0       0xc8 ./src/sub-systemCode/payload/Compression/jpeg/jpeg_encoder.o
                0x2000f9f0                emit_marker
 .text.emit_byte
                0x2000fab8       0x6c ./src/sub-systemCode/payload/Compression/jpeg/jpeg_encoder.o
                0x2000fab8                emit_byte
 .text.emit_word
                0x2000fb24       0xd0 ./src/sub-systemCode/payload/Compression/jpeg/jpeg_encoder.o
                0x2000fb24                emit_word
 .text.emit_jfif_app0
                0x2000fbf4       0xc0 ./src/sub-systemCode/payload/Compression/jpeg/jpeg_encoder.o
                0x2000fbf4                emit_jfif_app0
 .text.emit_dqt
                0x2000fcb4       0xd8 ./src/sub-systemCode/payload/Compression/jpeg/jpeg_encoder.o
                0x2000fcb4                emit_dqt
 .text.emit_sof
                0x2000fd8c      0x14c ./src/sub-systemCode/payload/Compression/jpeg/jpeg_encoder.o
                0x2000fd8c                emit_sof
 .text.emit_dht
                0x2000fed8      0x138 ./src/sub-systemCode/payload/Compression/jpeg/jpeg_encoder.o
                0x2000fed8                emit_dht
 .text.emit_dhts
                0x20010010       0xd8 ./src/sub-systemCode/payload/Compression/jpeg/jpeg_encoder.o
                0x20010010                emit_dhts
 .text.emit_sos
                0x200100e8       0xec ./src/sub-systemCode/payload/Compression/jpeg/jpeg_encoder.o
                0x200100e8                emit_sos
 .text.emit_markers
                0x200101d4       0x4c ./src/sub-systemCode/payload/Compression/jpeg/jpeg_encoder.o
                0x200101d4                emit_markers
 .text.compute_huffman_table
                0x20010220      0x334 ./src/sub-systemCode/payload/Compression/jpeg/jpeg_encoder.o
                0x20010220                compute_huffman_table
 .text.compute_quant_table
                0x20010554      0x11c ./src/sub-systemCode/payload/Compression/jpeg/jpeg_encoder.o
                0x20010554                compute_quant_table
 .text.first_pass_init
                0x20010670       0x54 ./src/sub-systemCode/payload/Compression/jpeg/jpeg_encoder.o
                0x20010670                first_pass_init
 .text.second_pass_init
                0x200106c4      0x110 ./src/sub-systemCode/payload/Compression/jpeg/jpeg_encoder.o
                0x200106c4                second_pass_init
 .text.jpg_open
                0x200107d4      0x7b4 ./src/sub-systemCode/payload/Compression/jpeg/jpeg_encoder.o
                0x200107d4                jpg_open
 .text.load_block_8_8_grey
                0x20010f88      0x164 ./src/sub-systemCode/payload/Compression/jpeg/jpeg_encoder.o
                0x20010f88                load_block_8_8_grey
 .text.load_block_8_8
                0x200110ec      0x198 ./src/sub-systemCode/payload/Compression/jpeg/jpeg_encoder.o
                0x200110ec                load_block_8_8
 .text.load_block_16_8
                0x20011284      0x3cc ./src/sub-systemCode/payload/Compression/jpeg/jpeg_encoder.o
                0x20011284                load_block_16_8
 .text.load_block_16_8_8
                0x20011650      0x2a8 ./src/sub-systemCode/payload/Compression/jpeg/jpeg_encoder.o
                0x20011650                load_block_16_8_8
 .text.load_coefficients
                0x200118f8      0x1c8 ./src/sub-systemCode/payload/Compression/jpeg/jpeg_encoder.o
                0x200118f8                load_coefficients
 .text.flush_output_buffer
                0x20011ac0       0xa0 ./src/sub-systemCode/payload/Compression/jpeg/jpeg_encoder.o
                0x20011ac0                flush_output_buffer
 .text.put_bits
                0x20011b60      0x170 ./src/sub-systemCode/payload/Compression/jpeg/jpeg_encoder.o
                0x20011b60                put_bits
 .text.code_coefficients_pass_two
                0x20011cd0      0x338 ./src/sub-systemCode/payload/Compression/jpeg/jpeg_encoder.o
                0x20011cd0                code_coefficients_pass_two
 .text.code_block
                0x20012008       0x44 ./src/sub-systemCode/payload/Compression/jpeg/jpeg_encoder.o
                0x20012008                code_block
 .text.process_mcu_row
                0x2001204c      0x328 ./src/sub-systemCode/payload/Compression/jpeg/jpeg_encoder.o
                0x2001204c                process_mcu_row
 .text.terminate_pass_two
                0x20012374       0x44 ./src/sub-systemCode/payload/Compression/jpeg/jpeg_encoder.o
                0x20012374                terminate_pass_two
 .text.process_end_of_image
                0x200123b8       0xc0 ./src/sub-systemCode/payload/Compression/jpeg/jpeg_encoder.o
                0x200123b8                process_end_of_image
 .text.load_mcu
                0x20012478      0x29c ./src/sub-systemCode/payload/Compression/jpeg/jpeg_encoder.o
                0x20012478                load_mcu
 .text.clear    0x20012714      0x1e0 ./src/sub-systemCode/payload/Compression/jpeg/jpeg_encoder.o
                0x20012714                clear
 .text.init     0x200128f4       0xe4 ./src/sub-systemCode/payload/Compression/jpeg/jpeg_encoder.o
                0x200128f4                init
 .text.deinit   0x200129d8      0x160 ./src/sub-systemCode/payload/Compression/jpeg/jpeg_encoder.o
                0x200129d8                deinit
 .text.process_scanline
                0x20012b38       0x6c ./src/sub-systemCode/payload/Compression/jpeg/jpeg_encoder.o
                0x20012b38                process_scanline
 .text.jpge_malloc
                0x20012ba4       0x28 ./src/sub-systemCode/payload/Compression/jpeg/jpeg_memory_alloc.o
                0x20012ba4                jpge_malloc
 .text.jpge_cmalloc
                0x20012bcc       0x48 ./src/sub-systemCode/payload/Compression/jpeg/jpeg_memory_alloc.o
                0x20012bcc                jpge_cmalloc
 .text.jpge_free
                0x20012c14       0x24 ./src/sub-systemCode/payload/Compression/jpeg/jpeg_memory_alloc.o
                0x20012c14                jpge_free
 .text.check    0x20012c38       0x78 ./src/sub-systemCode/payload/Compression/jpeg/jpeg_params.o
                0x20012c38                check
 .text.open_jpeg_file
                0x20012cb0       0xfc ./src/sub-systemCode/payload/Compression/jpeg/output_stream.o
                0x20012cb0                open_jpeg_file
 .text.close_jpeg_file
                0x20012dac      0x118 ./src/sub-systemCode/payload/Compression/jpeg/output_stream.o
                0x20012dac                close_jpeg_file
 .text.put_buf  0x20012ec4      0x258 ./src/sub-systemCode/payload/Compression/jpeg/output_stream.o
                0x20012ec4                put_buf
 .text.GetBayerPixel
                0x2001311c       0xe8 ./src/sub-systemCode/payload/Compression/ImageConversion.o
 .text.BinImage
                0x20013204      0x2c8 ./src/sub-systemCode/payload/Compression/ImageConversion.o
                0x20013204                BinImage
 .text.ImageSkipping
                0x200134cc      0x2ac ./src/sub-systemCode/payload/Compression/ImageConversion.o
                0x200134cc                ImageSkipping
 .text.CreateImageThumbnail_withoutSearch
                0x20013778      0x14c ./src/sub-systemCode/payload/Compression/ImageConversion.o
                0x20013778                CreateImageThumbnail_withoutSearch
 .text.CreateImageThumbnail
                0x200138c4       0x98 ./src/sub-systemCode/payload/Compression/ImageConversion.o
                0x200138c4                CreateImageThumbnail
 .text.compressImage
                0x2001395c      0x17c ./src/sub-systemCode/payload/Compression/ImageConversion.o
                0x2001395c                compressImage
 .text.AdcsCmdQueueInit
                0x20013ad8       0x4c ./src/sub-systemCode/Main/CMD/ADCS_CMD.o
                0x20013ad8                AdcsCmdQueueInit
 .text.AdcsCmdQueueGet
                0x20013b24       0x8c ./src/sub-systemCode/Main/CMD/ADCS_CMD.o
                0x20013b24                AdcsCmdQueueGet
 .text.AdcsCmdQueueAdd
                0x20013bb0       0x74 ./src/sub-systemCode/Main/CMD/ADCS_CMD.o
                0x20013bb0                AdcsCmdQueueAdd
 .text.AdcsCmdQueueIsEmpty
                0x20013c24       0x3c ./src/sub-systemCode/Main/CMD/ADCS_CMD.o
                0x20013c24                AdcsCmdQueueIsEmpty
 .text.getAdcsQueueWaitPointer
                0x20013c60       0x20 ./src/sub-systemCode/Main/CMD/ADCS_CMD.o
                0x20013c60                getAdcsQueueWaitPointer
 .text.cmd_mute
                0x20013c80       0xf4 ./src/sub-systemCode/Main/CMD/COMM_CMD.o
                0x20013c80                cmd_mute
 .text.cmd_unmute
                0x20013d74       0x90 ./src/sub-systemCode/Main/CMD/COMM_CMD.o
                0x20013d74                cmd_unmute
 .text.cmd_active_trans
                0x20013e04       0xc0 ./src/sub-systemCode/Main/CMD/COMM_CMD.o
                0x20013e04                cmd_active_trans
 .text.cmd_shut_trans
                0x20013ec4       0x8c ./src/sub-systemCode/Main/CMD/COMM_CMD.o
                0x20013ec4                cmd_shut_trans
 .text.cmd_change_trans_rssi
                0x20013f50      0x140 ./src/sub-systemCode/Main/CMD/COMM_CMD.o
                0x20013f50                cmd_change_trans_rssi
 .text.cmd_aprs_dump
                0x20014090       0x38 ./src/sub-systemCode/Main/CMD/COMM_CMD.o
                0x20014090                cmd_aprs_dump
 .text.cmd_stop_dump
                0x200140c8       0x8c ./src/sub-systemCode/Main/CMD/COMM_CMD.o
                0x200140c8                cmd_stop_dump
 .text.cmd_time_frequency
                0x20014154       0xf8 ./src/sub-systemCode/Main/CMD/COMM_CMD.o
                0x20014154                cmd_time_frequency
 .text.cmd_change_def_bit_rate
                0x2001424c      0x1a8 ./src/sub-systemCode/Main/CMD/COMM_CMD.o
                0x2001424c                cmd_change_def_bit_rate
 .text.cmd_upload_volt_logic
                0x200143f4      0x370 ./src/sub-systemCode/Main/CMD/EPS_CMD.o
                0x200143f4                cmd_upload_volt_logic
 .text.cmd_upload_volt_COMM
                0x20014764      0x1d4 ./src/sub-systemCode/Main/CMD/EPS_CMD.o
                0x20014764                cmd_upload_volt_COMM
 .text.cmd_heater_temp
                0x20014938       0xe4 ./src/sub-systemCode/Main/CMD/EPS_CMD.o
                0x20014938                cmd_heater_temp
 .text.cmd_SHUT_CAM
                0x20014a1c       0x78 ./src/sub-systemCode/Main/CMD/EPS_CMD.o
                0x20014a1c                cmd_SHUT_CAM
 .text.cmd_SHUT_ADCS
                0x20014a94       0x78 ./src/sub-systemCode/Main/CMD/EPS_CMD.o
                0x20014a94                cmd_SHUT_ADCS
 .text.cmd_allow_CAM
                0x20014b0c       0x78 ./src/sub-systemCode/Main/CMD/EPS_CMD.o
                0x20014b0c                cmd_allow_CAM
 .text.cmd_allow_ADCS
                0x20014b84       0x78 ./src/sub-systemCode/Main/CMD/EPS_CMD.o
                0x20014b84                cmd_allow_ADCS
 .text.cmd_update_alpha
                0x20014bfc      0x120 ./src/sub-systemCode/Main/CMD/EPS_CMD.o
                0x20014bfc                cmd_update_alpha
 .text.cmd_generic_I2C
                0x20014d1c       0xe4 ./src/sub-systemCode/Main/CMD/General_CMD.o
                0x20014d1c                cmd_generic_I2C
 .text.cmd_dump
                0x20014e00       0xf0 ./src/sub-systemCode/Main/CMD/General_CMD.o
                0x20014e00                cmd_dump
 .text.cmd_delete_TM
                0x20014ef0      0x24c ./src/sub-systemCode/Main/CMD/General_CMD.o
                0x20014ef0                cmd_delete_TM
 .text.cmd_reset_file
                0x2001513c      0x130 ./src/sub-systemCode/Main/CMD/General_CMD.o
                0x2001513c                cmd_reset_file
 .text.cmd_format_SD
                0x2001526c       0x3c ./src/sub-systemCode/Main/CMD/General_CMD.o
                0x2001526c                cmd_format_SD
 .text.cmd_dummy_func
                0x200152a8       0x40 ./src/sub-systemCode/Main/CMD/General_CMD.o
                0x200152a8                cmd_dummy_func
 .text.cmd_reset_TLM_SD
                0x200152e8       0x54 ./src/sub-systemCode/Main/CMD/General_CMD.o
                0x200152e8                cmd_reset_TLM_SD
 .text.cmd_stop_TM
                0x2001533c       0x7c ./src/sub-systemCode/Main/CMD/General_CMD.o
                0x2001533c                cmd_stop_TM
 .text.cmd_resume_TM
                0x200153b8       0x7c ./src/sub-systemCode/Main/CMD/General_CMD.o
                0x200153b8                cmd_resume_TM
 .text.cmd_soft_reset_cmponent
                0x20015434       0xd0 ./src/sub-systemCode/Main/CMD/General_CMD.o
                0x20015434                cmd_soft_reset_cmponent
 .text.cmd_hard_reset_cmponent
                0x20015504       0xd0 ./src/sub-systemCode/Main/CMD/General_CMD.o
                0x20015504                cmd_hard_reset_cmponent
 .text.cmd_reset_satellite
                0x200155d4       0x90 ./src/sub-systemCode/Main/CMD/General_CMD.o
                0x200155d4                cmd_reset_satellite
 .text.cmd_gracefull_reset_satellite
                0x20015664       0x90 ./src/sub-systemCode/Main/CMD/General_CMD.o
                0x20015664                cmd_gracefull_reset_satellite
 .text.cmd_upload_time
                0x200156f4       0xdc ./src/sub-systemCode/Main/CMD/General_CMD.o
                0x200156f4                cmd_upload_time
 .text.cmd_ARM_DIARM
                0x200157d0      0x104 ./src/sub-systemCode/Main/CMD/General_CMD.o
                0x200157d0                cmd_ARM_DIARM
 .text.cmd_get_onlineTM
                0x200158d4      0x220 ./src/sub-systemCode/Main/CMD/General_CMD.o
                0x200158d4                cmd_get_onlineTM
 .text.cmd_reset_off_line
                0x20015af4       0x74 ./src/sub-systemCode/Main/CMD/General_CMD.o
                0x20015af4                cmd_reset_off_line
 .text.cmd_add_item_off_line
                0x20015b68      0x124 ./src/sub-systemCode/Main/CMD/General_CMD.o
                0x20015b68                cmd_add_item_off_line
 .text.cmd_delete_item_off_line
                0x20015c8c       0xb0 ./src/sub-systemCode/Main/CMD/General_CMD.o
                0x20015c8c                cmd_delete_item_off_line
 .text.cmd_get_off_line_setting
                0x20015d3c      0x1cc ./src/sub-systemCode/Main/CMD/General_CMD.o
                0x20015d3c                cmd_get_off_line_setting
 .text.cmd_reset_delayed_command_list
                0x20015f08       0x3c ./src/sub-systemCode/Main/CMD/SW_CMD.o
                0x20015f08                cmd_reset_delayed_command_list
 .text.cmd_reset_APRS_list
                0x20015f44       0x3c ./src/sub-systemCode/Main/CMD/SW_CMD.o
                0x20015f44                cmd_reset_APRS_list
 .text.cmd_reset_FRAM
                0x20015f80      0x100 ./src/sub-systemCode/Main/CMD/SW_CMD.o
                0x20015f80                cmd_reset_FRAM
 .text.cmd_FRAM_read
                0x20016080      0x260 ./src/sub-systemCode/Main/CMD/SW_CMD.o
                0x20016080                cmd_FRAM_read
 .text.cmd_FRAM_write
                0x200162e0      0x114 ./src/sub-systemCode/Main/CMD/SW_CMD.o
                0x200162e0                cmd_FRAM_write
 .text.ARM_ants
                0x200163f4       0xb8 ./src/sub-systemCode/Main/Ants.o
                0x200163f4                ARM_ants
 .text.DISARM_ants
                0x200164ac       0xf0 ./src/sub-systemCode/Main/Ants.o
                0x200164ac                DISARM_ants
 .text.reset_deployStatusFRAM
                0x2001659c       0xdc ./src/sub-systemCode/Main/Ants.o
                0x2001659c                reset_deployStatusFRAM
 .text.reset_FRAM_ants
                0x20016678       0xc4 ./src/sub-systemCode/Main/Ants.o
                0x20016678                reset_FRAM_ants
 .text.update_stopDeploy_FRAM
                0x2001673c       0x64 ./src/sub-systemCode/Main/Ants.o
                0x2001673c                update_stopDeploy_FRAM
 .text.round_vol
                0x200167a0      0x124 ./src/sub-systemCode/Main/EPS.o
                0x200167a0                round_vol
 .text.get_shut_ADCS
                0x200168c4       0x64 ./src/sub-systemCode/Main/EPS.o
                0x200168c4                get_shut_ADCS
 .text.shut_ADCS
                0x20016928       0x60 ./src/sub-systemCode/Main/EPS.o
                0x20016928                shut_ADCS
 .text.get_shut_CAM
                0x20016988       0x64 ./src/sub-systemCode/Main/EPS.o
                0x20016988                get_shut_CAM
 .text.shut_CAM
                0x200169ec       0x60 ./src/sub-systemCode/Main/EPS.o
                0x200169ec                shut_CAM
 .text.update_powerLines
                0x20016a4c      0x124 ./src/sub-systemCode/Main/EPS.o
                0x20016a4c                update_powerLines
 .text.get_EPS_mode_t
                0x20016b70       0x24 ./src/sub-systemCode/Main/EPS.o
                0x20016b70                get_EPS_mode_t
 .text.init_enterMode
                0x20016b94       0x88 ./src/sub-systemCode/Main/EPS.o
                0x20016b94                init_enterMode
 .text.EPS_Init
                0x20016c1c      0x1c8 ./src/sub-systemCode/Main/EPS.o
                0x20016c1c                EPS_Init
 .text.reset_FRAM_EPS
                0x20016de4      0x150 ./src/sub-systemCode/Main/EPS.o
                0x20016de4                reset_FRAM_EPS
 .text.reset_EPS_voltages
                0x20016f34      0x110 ./src/sub-systemCode/Main/EPS.o
                0x20016f34                reset_EPS_voltages
 .text.writeState_log
                0x20017044       0xc4 ./src/sub-systemCode/Main/EPS.o
                0x20017044                writeState_log
 .text.battery_downward
                0x20017108      0x160 ./src/sub-systemCode/Main/EPS.o
                0x20017108                battery_downward
 .text.battery_upward
                0x20017268      0x16c ./src/sub-systemCode/Main/EPS.o
                0x20017268                battery_upward
 .text.sanityCheck_EPS
                0x200173d4      0x184 ./src/sub-systemCode/Main/EPS.o
                0x200173d4                sanityCheck_EPS
 .text.overRide_ADCS
                0x20017558       0x50 ./src/sub-systemCode/Main/EPS.o
                0x20017558                overRide_ADCS
 .text.overRide_Camera
                0x200175a8       0x38 ./src/sub-systemCode/Main/EPS.o
                0x200175a8                overRide_Camera
 .text.EPS_Conditioning
                0x200175e0      0x2e4 ./src/sub-systemCode/Main/EPS.o
                0x200175e0                EPS_Conditioning
 .text.EnterFullMode
                0x200178c4       0xf0 ./src/sub-systemCode/Main/EPS.o
                0x200178c4                EnterFullMode
 .text.EnterCruiseMode
                0x200179b4       0xe0 ./src/sub-systemCode/Main/EPS.o
                0x200179b4                EnterCruiseMode
 .text.EnterSafeMode
                0x20017a94       0xe0 ./src/sub-systemCode/Main/EPS.o
                0x20017a94                EnterSafeMode
 .text.EnterCriticalMode
                0x20017b74       0xcc ./src/sub-systemCode/Main/EPS.o
                0x20017b74                EnterCriticalMode
 .text.check_EPSTableCorrection
                0x20017c40      0x120 ./src/sub-systemCode/Main/EPS.o
                0x20017c40                check_EPSTableCorrection
 .text.save_ACK
                0x20017d60       0xd4 ./src/sub-systemCode/Main/HouseKeeping.o
                0x20017d60                save_ACK
 .text.set_GP_EPS
                0x20017e34      0x10c ./src/sub-systemCode/Main/HouseKeeping.o
                0x20017e34                set_GP_EPS
 .text.set_GP_COMM
                0x20017f40       0x88 ./src/sub-systemCode/Main/HouseKeeping.o
                0x20017f40                set_GP_COMM
 .text.SP_HK_collect
                0x20017fc8      0x22c ./src/sub-systemCode/Main/HouseKeeping.o
                0x20017fc8                SP_HK_collect
 .text.EPS_HK_collect
                0x200181f4      0x528 ./src/sub-systemCode/Main/HouseKeeping.o
                0x200181f4                EPS_HK_collect
 .text.CAM_HK_collect
                0x2001871c      0x920 ./src/sub-systemCode/Main/HouseKeeping.o
                0x2001871c                CAM_HK_collect
 .text.COMM_HK_collect
                0x2001903c      0x244 ./src/sub-systemCode/Main/HouseKeeping.o
                0x2001903c                COMM_HK_collect
 .text.HK_find_ADCSTM_fileName
                0x20019280      0x44c ./src/sub-systemCode/Main/HouseKeeping.o
                0x20019280                HK_find_ADCSTM_fileName
 .text.HK_find_fileName
                0x200196cc      0x174 ./src/sub-systemCode/Main/HouseKeeping.o
                0x200196cc                HK_find_fileName
 .text.HK_find_ADCSTM_ElementSize
                0x20019840      0x1b8 ./src/sub-systemCode/Main/HouseKeeping.o
                0x20019840                HK_find_ADCSTM_ElementSize
 .text.HK_findElementSize
                0x200199f8       0xd4 ./src/sub-systemCode/Main/HouseKeeping.o
                0x200199f8                HK_findElementSize
 .text.build_HK_spl_packet
                0x20019acc      0x27c ./src/sub-systemCode/Main/HouseKeeping.o
                0x20019acc                build_HK_spl_packet
 .text.numberOfRestarts
                0x20019d48       0x94 ./src/sub-systemCode/Main/Main_Init.o
                0x20019d48                numberOfRestarts
 .text.StartFRAM
                0x20019ddc       0x38 ./src/sub-systemCode/Main/Main_Init.o
                0x20019ddc                StartFRAM
 .text.StartI2C
                0x20019e14       0x44 ./src/sub-systemCode/Main/Main_Init.o
                0x20019e14                StartI2C
 .text.StartSPI
                0x20019e58       0x40 ./src/sub-systemCode/Main/Main_Init.o
                0x20019e58                StartSPI
 .text.StartTIME
                0x20019e98      0x120 ./src/sub-systemCode/Main/Main_Init.o
                0x20019e98                StartTIME
 .text.first_activation
                0x20019fb8       0x7c ./src/sub-systemCode/Main/Main_Init.o
                0x20019fb8                first_activation
 .text.InitSubsystems
                0x2001a034       0x6c ./src/sub-systemCode/Main/Main_Init.o
                0x2001a034                InitSubsystems
 .text.SubSystemTaskStart
                0x2001a0a0      0x13c ./src/sub-systemCode/Main/Main_Init.o
                0x2001a0a0                SubSystemTaskStart
 .text.copy_command
                0x2001a1dc       0x80 ./src/sub-systemCode/Main/commands.o
                0x2001a1dc                copy_command
 .text.reset_command
                0x2001a25c       0x28 ./src/sub-systemCode/Main/commands.o
                0x2001a25c                reset_command
 .text.init_command
                0x2001a284       0xf4 ./src/sub-systemCode/Main/commands.o
                0x2001a284                init_command
 .text.add_command
                0x2001a378      0x12c ./src/sub-systemCode/Main/commands.o
                0x2001a378                add_command
 .text.get_command
                0x2001a4a4      0x1c0 ./src/sub-systemCode/Main/commands.o
                0x2001a4a4                get_command
 .text.act_upon_command
                0x2001a664      0x1e4 ./src/sub-systemCode/Main/commands.o
                0x2001a664                act_upon_command
 .text.cmd_error
                0x2001a848       0x38 ./src/sub-systemCode/Main/commands.o
                0x2001a848                cmd_error
 .text.AUC_COMM
                0x2001a880      0x25c ./src/sub-systemCode/Main/commands.o
                0x2001a880                AUC_COMM
 .text.AUC_general
                0x2001aadc      0x390 ./src/sub-systemCode/Main/commands.o
                0x2001aadc                AUC_general
 .text.AUC_payload
                0x2001ae6c      0x248 ./src/sub-systemCode/Main/commands.o
                0x2001ae6c                AUC_payload
 .text.AUC_EPS  0x2001b0b4      0x28c ./src/sub-systemCode/Main/commands.o
                0x2001b0b4                AUC_EPS
 .text.AUC_SW   0x2001b340      0x1cc ./src/sub-systemCode/Main/commands.o
                0x2001b340                AUC_SW
 .text.AUC_onlineTM
                0x2001b50c      0x1f0 ./src/sub-systemCode/Main/commands.o
                0x2001b50c                AUC_onlineTM
 .text.AUC_CUF  0x2001b6fc      0x168 ./src/sub-systemCode/Main/commands.o
                0x2001b6fc                AUC_CUF
 .text.init_GenericSaveQueue
                0x2001b864       0x3c ./src/sub-systemCode/Global/GenericTaskSave.o
                0x2001b864                init_GenericSaveQueue
 .text.add_GenericElement_queue
                0x2001b8a0       0x80 ./src/sub-systemCode/Global/GenericTaskSave.o
                0x2001b8a0                add_GenericElement_queue
 .text.GenericSave_Task
                0x2001b920      0x128 ./src/sub-systemCode/Global/GenericTaskSave.o
                0x2001b920                GenericSave_Task
 .text.check_int
                0x2001ba48       0x20 ./src/sub-systemCode/Global/Global.o
                0x2001ba48                check_int
 .text.check_portBASE_TYPE
                0x2001ba68       0x20 ./src/sub-systemCode/Global/Global.o
                0x2001ba68                check_portBASE_TYPE
 .text.soft_reset_subsystem
                0x2001ba88       0xf0 ./src/sub-systemCode/Global/Global.o
                0x2001ba88                soft_reset_subsystem
 .text.hard_reset_subsystem
                0x2001bb78      0x134 ./src/sub-systemCode/Global/Global.o
                0x2001bb78                hard_reset_subsystem
 .text.BigEnE_raw_to_uInt
                0x2001bcac       0x94 ./src/sub-systemCode/Global/Global.o
                0x2001bcac                BigEnE_raw_to_uInt
 .text.BigEnE_raw_to_uShort
                0x2001bd40       0x50 ./src/sub-systemCode/Global/Global.o
                0x2001bd40                BigEnE_raw_to_uShort
 .text.BigEnE_uInt_to_raw
                0x2001bd90       0x78 ./src/sub-systemCode/Global/Global.o
                0x2001bd90                BigEnE_uInt_to_raw
 .text.reset_FRAM_MAIN
                0x2001be08      0x1cc ./src/sub-systemCode/Global/Global.o
                0x2001be08                reset_FRAM_MAIN
 .text.getBitValueByIndex
                0x2001bfd4       0xd0 ./src/sub-systemCode/Global/Global.o
                0x2001bfd4                getBitValueByIndex
 .text.FRAM_write_exte
                0x2001c0a4       0x84 ./src/sub-systemCode/Global/Global.o
                0x2001c0a4                FRAM_write_exte
 .text.FRAM_read_exte
                0x2001c128       0x84 ./src/sub-systemCode/Global/Global.o
                0x2001c128                FRAM_read_exte
 .text.FRAM_writeAndVerify_exte
                0x2001c1ac       0x84 ./src/sub-systemCode/Global/Global.o
                0x2001c1ac                FRAM_writeAndVerify_exte
 .text.init_GP  0x2001c230      0x368 ./src/sub-systemCode/Global/GlobalParam.o
                0x2001c230                init_GP
 .text.get_system_state
                0x2001c598      0x268 ./src/sub-systemCode/Global/GlobalParam.o
                0x2001c598                get_system_state
 .text.set_system_state
                0x2001c800      0x298 ./src/sub-systemCode/Global/GlobalParam.o
                0x2001c800                set_system_state
 .text.get_systems_state_param
                0x2001ca98       0x8c ./src/sub-systemCode/Global/GlobalParam.o
                0x2001ca98                get_systems_state_param
 .text.get_current_global_param
                0x2001cb24      0x55c ./src/sub-systemCode/Global/GlobalParam.o
                0x2001cb24                get_current_global_param
 .text.set_Vbatt
                0x2001d080       0x8c ./src/sub-systemCode/Global/GlobalParam.o
                0x2001d080                set_Vbatt
 .text.get_Vbatt
                0x2001d10c       0x8c ./src/sub-systemCode/Global/GlobalParam.o
                0x2001d10c                get_Vbatt
 .text.set_curBat
                0x2001d198       0x8c ./src/sub-systemCode/Global/GlobalParam.o
                0x2001d198                set_curBat
 .text.set_cur3V3
                0x2001d224       0x8c ./src/sub-systemCode/Global/GlobalParam.o
                0x2001d224                set_cur3V3
 .text.set_cur5V
                0x2001d2b0       0x8c ./src/sub-systemCode/Global/GlobalParam.o
                0x2001d2b0                set_cur5V
 .text.set_tempComm_LO
                0x2001d33c       0x8c ./src/sub-systemCode/Global/GlobalParam.o
                0x2001d33c                set_tempComm_LO
 .text.set_tempComm_PA
                0x2001d3c8       0x8c ./src/sub-systemCode/Global/GlobalParam.o
                0x2001d3c8                set_tempComm_PA
 .text.set_tempEPS
                0x2001d454       0xc8 ./src/sub-systemCode/Global/GlobalParam.o
                0x2001d454                set_tempEPS
 .text.set_tempBatt
                0x2001d51c       0xc8 ./src/sub-systemCode/Global/GlobalParam.o
                0x2001d51c                set_tempBatt
 .text.set_RxDoppler
                0x2001d5e4       0x8c ./src/sub-systemCode/Global/GlobalParam.o
                0x2001d5e4                set_RxDoppler
 .text.set_RxRSSI
                0x2001d670       0x8c ./src/sub-systemCode/Global/GlobalParam.o
                0x2001d670                set_RxRSSI
 .text.set_TxRefl
                0x2001d6fc       0x8c ./src/sub-systemCode/Global/GlobalParam.o
                0x2001d6fc                set_TxRefl
 .text.set_TxForw
                0x2001d788       0x8c ./src/sub-systemCode/Global/GlobalParam.o
                0x2001d788                set_TxForw
 .text.set_EPSState
                0x2001d814       0x8c ./src/sub-systemCode/Global/GlobalParam.o
                0x2001d814                set_EPSState
 .text.set_numOfDelayedCommand
                0x2001d8a0       0x8c ./src/sub-systemCode/Global/GlobalParam.o
                0x2001d8a0                set_numOfDelayedCommand
 .text.set_numOfResets
                0x2001d92c       0xac ./src/sub-systemCode/Global/GlobalParam.o
                0x2001d92c                set_numOfResets
 .text.set_ground_conn
                0x2001d9d8       0xa0 ./src/sub-systemCode/Global/GlobalParam.o
                0x2001d9d8                set_ground_conn
 .text.get_ground_conn
                0x2001da78       0xa0 ./src/sub-systemCode/Global/GlobalParam.o
                0x2001da78                get_ground_conn
 .text.IsisAntS_getStatusData_sideA
                0x2001db18       0x3c ./src/sub-systemCode/Global/OnlineTM.o
                0x2001db18                IsisAntS_getStatusData_sideA
 .text.IsisAntS_getAlltelemetry_sideA
                0x2001db54       0x3c ./src/sub-systemCode/Global/OnlineTM.o
                0x2001db54                IsisAntS_getAlltelemetry_sideA
 .text.IsisAntS_getTemperature_sideA
                0x2001db90       0x3c ./src/sub-systemCode/Global/OnlineTM.o
                0x2001db90                IsisAntS_getTemperature_sideA
 .text.IsisAntS_getStatusData_sideB
                0x2001dbcc       0x3c ./src/sub-systemCode/Global/OnlineTM.o
                0x2001dbcc                IsisAntS_getStatusData_sideB
 .text.IsisAntS_getAlltelemetry_sideB
                0x2001dc08       0x3c ./src/sub-systemCode/Global/OnlineTM.o
                0x2001dc08                IsisAntS_getAlltelemetry_sideB
 .text.IsisAntS_getTemperature_sideB
                0x2001dc44       0x3c ./src/sub-systemCode/Global/OnlineTM.o
                0x2001dc44                IsisAntS_getTemperature_sideB
 .text.HK_collect_EPS
                0x2001dc80       0x30 ./src/sub-systemCode/Global/OnlineTM.o
                0x2001dc80                HK_collect_EPS
 .text.HK_collect_COMM
                0x2001dcb0       0x30 ./src/sub-systemCode/Global/OnlineTM.o
                0x2001dcb0                HK_collect_COMM
 .text.HK_collect_CAM
                0x2001dce0       0x30 ./src/sub-systemCode/Global/OnlineTM.o
                0x2001dce0                HK_collect_CAM
 .text.HK_collect_SP
                0x2001dd10       0x30 ./src/sub-systemCode/Global/OnlineTM.o
                0x2001dd10                HK_collect_SP
 .text.HK_collect_FS_A
                0x2001dd40       0x9c ./src/sub-systemCode/Global/OnlineTM.o
                0x2001dd40                HK_collect_FS_A
 .text.HK_collect_FS_B
                0x2001dddc       0x9c ./src/sub-systemCode/Global/OnlineTM.o
                0x2001dddc                HK_collect_FS_B
 .text.save_offlineSetting_FRAM
                0x2001de78      0x26c ./src/sub-systemCode/Global/OnlineTM.o
                0x2001de78                save_offlineSetting_FRAM
 .text.get_offlineSetting_FRAM
                0x2001e0e4       0x58 ./src/sub-systemCode/Global/OnlineTM.o
                0x2001e0e4                get_offlineSetting_FRAM
 .text.update_offlineSetting_FRAM
                0x2001e13c      0x360 ./src/sub-systemCode/Global/OnlineTM.o
                0x2001e13c                update_offlineSetting_FRAM
 .text.get_offlineSettingPacket
                0x2001e49c       0xc4 ./src/sub-systemCode/Global/OnlineTM.o
                0x2001e49c                get_offlineSettingPacket
 .text.get_item_by_index
                0x2001e560       0xdc ./src/sub-systemCode/Global/OnlineTM.o
                0x2001e560                get_item_by_index
 .text.get_pointer_item_by_index
                0x2001e63c       0x48 ./src/sub-systemCode/Global/OnlineTM.o
                0x2001e63c                get_pointer_item_by_index
 .text.init_onlineParam
                0x2001e684     0x2f70 ./src/sub-systemCode/Global/OnlineTM.o
                0x2001e684                init_onlineParam
 .text.reset_offline_TM_list
                0x200215f4      0x184 ./src/sub-systemCode/Global/OnlineTM.o
                0x200215f4                reset_offline_TM_list
 .text.get_online_packet
                0x20021778      0x25c ./src/sub-systemCode/Global/OnlineTM.o
                0x20021778                get_online_packet
 .text.save_onlineTM_param
                0x200219d4      0x1b4 ./src/sub-systemCode/Global/OnlineTM.o
                0x200219d4                save_onlineTM_param
 .text.add_onlineTM_param_to_save_list
                0x20021b88      0x3e4 ./src/sub-systemCode/Global/OnlineTM.o
                0x20021b88                add_onlineTM_param_to_save_list
 .text.delete_onlineTM_param_from_offline
                0x20021f6c      0x1a8 ./src/sub-systemCode/Global/OnlineTM.o
                0x20021f6c                delete_onlineTM_param_from_offline
 .text.save_onlineTM_logic
                0x20022114      0x2d4 ./src/sub-systemCode/Global/OnlineTM.o
                0x20022114                save_onlineTM_logic
 .text.updateSD_state
                0x200223e8       0xbc ./src/sub-systemCode/Global/OnlineTM.o
                0x200223e8                updateSD_state
 .text.sleepRTC_second
                0x200224a4       0x64 ./src/sub-systemCode/Global/OnlineTM.o
 .text.save_onlineTM_task
                0x20022508       0xf4 ./src/sub-systemCode/Global/OnlineTM.o
                0x20022508                save_onlineTM_task
 .text.sd_format
                0x200225fc       0x44 ./src/sub-systemCode/Global/TLM_management.o
                0x200225fc                sd_format
 .text.deleteDir
                0x20022640       0x48 ./src/sub-systemCode/Global/TLM_management.o
                0x20022640                deleteDir
 .text.getNumOfFilesInFS
                0x20022688       0x44 ./src/sub-systemCode/Global/TLM_management.o
 .text.setNumOfFilesInFS
                0x200226cc       0x50 ./src/sub-systemCode/Global/TLM_management.o
 .text.f_managed_enterFS
                0x2002271c       0x18 ./src/sub-systemCode/Global/TLM_management.o
                0x2002271c                f_managed_enterFS
 .text.f_managed_releaseFS
                0x20022734       0x18 ./src/sub-systemCode/Global/TLM_management.o
                0x20022734                f_managed_releaseFS
 .text.f_managed_open
                0x2002274c      0x120 ./src/sub-systemCode/Global/TLM_management.o
                0x2002274c                f_managed_open
 .text.f_managed_close
                0x2002286c       0x94 ./src/sub-systemCode/Global/TLM_management.o
                0x2002286c                f_managed_close
 .text.createSemahores_FS
                0x20022900       0x48 ./src/sub-systemCode/Global/TLM_management.o
                0x20022900                createSemahores_FS
 .text.InitializeFS
                0x20022948      0x194 ./src/sub-systemCode/Global/TLM_management.o
                0x20022948                InitializeFS
 .text.c_fileCreate
                0x20022adc      0x11c ./src/sub-systemCode/Global/TLM_management.o
                0x20022adc                c_fileCreate
 .text.writewithEpochtime
                0x20022bf8       0xa8 ./src/sub-systemCode/Global/TLM_management.o
 .text.get_C_FILE_struct
                0x20022ca0      0x104 ./src/sub-systemCode/Global/TLM_management.o
 .text.getFileIndex
                0x20022da4       0x64 ./src/sub-systemCode/Global/TLM_management.o
 .text.get_file_name_by_index
                0x20022e08       0x54 ./src/sub-systemCode/Global/TLM_management.o
                0x20022e08                get_file_name_by_index
 .text.c_fileReset
                0x20022e5c      0x164 ./src/sub-systemCode/Global/TLM_management.o
                0x20022e5c                c_fileReset
 .text.c_fileWrite
                0x20022fc0      0x174 ./src/sub-systemCode/Global/TLM_management.o
                0x20022fc0                c_fileWrite
 .text.deleteElementsFromFile
                0x20023134      0x1a0 ./src/sub-systemCode/Global/TLM_management.o
 .text.c_fileDeleteElements
                0x200232d4      0x168 ./src/sub-systemCode/Global/TLM_management.o
                0x200232d4                c_fileDeleteElements
 .text.c_fileRead
                0x2002343c      0x310 ./src/sub-systemCode/Global/TLM_management.o
                0x2002343c                c_fileRead
 .text.DeInitializeFS
                0x2002374c       0xdc ./src/sub-systemCode/Global/TLM_management.o
                0x2002374c                DeInitializeFS
 .text.xSemaphoreGive_extended
                0x20023828       0x48 ./src/sub-systemCode/Global/freertosExtended.o
                0x20023828                xSemaphoreGive_extended
 .text.xSemaphoreTake_extended
                0x20023870       0x54 ./src/sub-systemCode/Global/freertosExtended.o
                0x20023870                xSemaphoreTake_extended
 .text.WriteLog
                0x200238c4       0xb4 ./src/sub-systemCode/Global/logger.o
 .text.WriteErrorLog
                0x20023978       0x64 ./src/sub-systemCode/Global/logger.o
                0x20023978                WriteErrorLog
 .text.WriteResetLog
                0x200239dc       0x54 ./src/sub-systemCode/Global/logger.o
                0x200239dc                WriteResetLog
 .text.WritePayloadLog
                0x20023a30       0x50 ./src/sub-systemCode/Global/logger.o
                0x20023a30                WritePayloadLog
 .text.WriteEpsLog
                0x20023a80       0x4c ./src/sub-systemCode/Global/logger.o
                0x20023a80                WriteEpsLog
 .text.WriteTransponderLog
                0x20023acc       0x50 ./src/sub-systemCode/Global/logger.o
                0x20023acc                WriteTransponderLog
 .text.WriteCUFLog
                0x20023b1c       0x50 ./src/sub-systemCode/Global/logger.o
                0x20023b1c                WriteCUFLog
 .text.castCharPointerToInt
                0x20023b6c       0x84 ./src/sub-systemCode/CUF/CUF.o
                0x20023b6c                castCharPointerToInt
 .text.castCharArrayToIntArray
                0x20023bf0       0xa4 ./src/sub-systemCode/CUF/CUF.o
                0x20023bf0                castCharArrayToIntArray
 .text.SavePerminantCUF
                0x20023c94      0x1b0 ./src/sub-systemCode/CUF/CUF.o
                0x20023c94                SavePerminantCUF
 .text.LoadPerminantCUF
                0x20023e44      0x1ac ./src/sub-systemCode/CUF/CUF.o
                0x20023e44                LoadPerminantCUF
 .text.CheckResetThreashold
                0x20023ff0      0x160 ./src/sub-systemCode/CUF/CUF.o
                0x20023ff0                CheckResetThreashold
 .text.CUFManageRestart
                0x20024150      0x1d4 ./src/sub-systemCode/CUF/CUF.o
                0x20024150                CUFManageRestart
 .text.InitCUF  0x20024324      0x13c ./src/sub-systemCode/CUF/CUF.o
                0x20024324                InitCUF
 .text.CUFSwitch
                0x20024460       0x30 ./src/sub-systemCode/CUF/CUF.o
                0x20024460                CUFSwitch
 .text.GenerateSSH
                0x20024490       0x98 ./src/sub-systemCode/CUF/CUF.o
                0x20024490                GenerateSSH
 .text.getExtendedName
                0x20024528       0x84 ./src/sub-systemCode/CUF/CUF.o
                0x20024528                getExtendedName
 .text.AuthenticateCUF
                0x200245ac       0x74 ./src/sub-systemCode/CUF/CUF.o
                0x200245ac                AuthenticateCUF
 .text.UpdatePerminantCUF
                0x20024620       0x94 ./src/sub-systemCode/CUF/CUF.o
                0x20024620                UpdatePerminantCUF
 .text.RemoveCUF
                0x200246b4      0x1cc ./src/sub-systemCode/CUF/CUF.o
                0x200246b4                RemoveCUF
 .text.ExecuteCUF
                0x20024880       0xe4 ./src/sub-systemCode/CUF/CUF.o
                0x20024880                ExecuteCUF
 .text.IntegrateCUF
                0x20024964      0x1a4 ./src/sub-systemCode/CUF/CUF.o
                0x20024964                IntegrateCUF
 .text.AddToCUFTempArray
                0x20024b08       0xa4 ./src/sub-systemCode/CUF/CUF.o
                0x20024b08                AddToCUFTempArray
 .text.GetFromCUFTempArray
                0x20024bac       0xe8 ./src/sub-systemCode/CUF/CUF.o
                0x20024bac                GetFromCUFTempArray
 .text.DisableCUF
                0x20024c94       0xb4 ./src/sub-systemCode/CUF/CUF.o
                0x20024c94                DisableCUF
 .text.EnableCUF
                0x20024d48       0xb4 ./src/sub-systemCode/CUF/CUF.o
                0x20024d48                EnableCUF
 .text.initializeUpload
                0x20024dfc       0x94 ./src/sub-systemCode/CUF/uploadCodeTelemetry.o
                0x20024dfc                initializeUpload
 .text.removeFiles
                0x20024e90      0x16c ./src/sub-systemCode/CUF/uploadCodeTelemetry.o
                0x20024e90                removeFiles
 .text.loadBackup
                0x20024ffc      0x144 ./src/sub-systemCode/CUF/uploadCodeTelemetry.o
                0x20024ffc                loadBackup
 .text.addToArray
                0x20025140       0xd8 ./src/sub-systemCode/CUF/uploadCodeTelemetry.o
                0x20025140                addToArray
 .text.headerHandle
                0x20025218       0xb8 ./src/sub-systemCode/CUF/uploadCodeTelemetry.o
                0x20025218                headerHandle
 .text.startCUFintegration
                0x200252d0      0x1d0 ./src/sub-systemCode/CUF/uploadCodeTelemetry.o
                0x200252d0                startCUFintegration
 .text.saveBackup
                0x200254a0      0x118 ./src/sub-systemCode/CUF/uploadCodeTelemetry.o
                0x200254a0                saveBackup
 .text.saveAck  0x200255b8       0x28 ./src/sub-systemCode/CUF/uploadCodeTelemetry.o
                0x200255b8                saveAck
 .text.reset_APRS_list
                0x200255e0       0x20 ./src/sub-systemCode/COMM/APRS.o
                0x200255e0                reset_APRS_list
 .text.get_APRS_list
                0x20025600       0x18 ./src/sub-systemCode/COMM/APRS.o
                0x20025600                get_APRS_list
 .text.find_CMD_in_list
                0x20025618       0x7c ./src/sub-systemCode/COMM/DelayedCommand_list.o
                0x20025618                find_CMD_in_list
 .text.find_empty_in_list
                0x20025694       0x74 ./src/sub-systemCode/COMM/DelayedCommand_list.o
                0x20025694                find_empty_in_list
 .text.check_delayCommandTime
                0x20025708       0xa8 ./src/sub-systemCode/COMM/DelayedCommand_list.o
                0x20025708                check_delayCommandTime
 .text.execute_delayedCommand
                0x200257b0       0x8c ./src/sub-systemCode/COMM/DelayedCommand_list.o
                0x200257b0                execute_delayedCommand
 .text.check_delaycommand
                0x2002583c      0x198 ./src/sub-systemCode/COMM/DelayedCommand_list.o
                0x2002583c                check_delaycommand
 .text.reset_delayCommand
                0x200259d4       0xc4 ./src/sub-systemCode/COMM/DelayedCommand_list.o
                0x200259d4                reset_delayCommand
 .text.add_delayCommand
                0x20025a98      0x220 ./src/sub-systemCode/COMM/DelayedCommand_list.o
                0x20025a98                add_delayCommand
 .text.get_delayCommand_list
                0x20025cb8       0xb8 ./src/sub-systemCode/COMM/DelayedCommand_list.o
                0x20025cb8                get_delayCommand_list
 .text.EmptyOldestCommand
                0x20025d70      0x108 ./src/sub-systemCode/COMM/DelayedCommand_list.o
                0x20025d70                EmptyOldestCommand
 .text.decode_TCpacket
                0x20025e78      0x16c ./src/sub-systemCode/COMM/GSC.o
                0x20025e78                decode_TCpacket
 .text.encode_TCpacket
                0x20025fe4      0x114 ./src/sub-systemCode/COMM/GSC.o
                0x20025fe4                encode_TCpacket
 .text.encode_TMpacket
                0x200260f8      0x104 ./src/sub-systemCode/COMM/GSC.o
                0x200260f8                encode_TMpacket
 .text.build_raw_ACK
                0x200261fc       0xbc ./src/sub-systemCode/COMM/GSC.o
                0x200261fc                build_raw_ACK
 .text.build_data_field_ACK
                0x200262b8       0x74 ./src/sub-systemCode/COMM/GSC.o
                0x200262b8                build_data_field_ACK
 .text.update_FRAM_bitRate
                0x2002632c      0x108 ./src/sub-systemCode/COMM/TRXVU.o
                0x2002632c                update_FRAM_bitRate
 .text.idle_state_
                0x20026434       0x78 ./src/sub-systemCode/COMM/TRXVU.o
                0x20026434                idle_state_
 .text.toggle_idle_state
                0x200264ac       0x64 ./src/sub-systemCode/COMM/TRXVU.o
                0x200264ac                toggle_idle_state
 .text.TRXVU_init_hardWare
                0x20026510       0xc8 ./src/sub-systemCode/COMM/TRXVU.o
                0x20026510                TRXVU_init_hardWare
 .text.TRXVU_init_softWare
                0x200265d8      0x160 ./src/sub-systemCode/COMM/TRXVU.o
                0x200265d8                TRXVU_init_softWare
 .text.init_trxvu
                0x20026738       0x14 ./src/sub-systemCode/COMM/TRXVU.o
                0x20026738                init_trxvu
 .text.TRXVU_task
                0x2002674c       0xb8 ./src/sub-systemCode/COMM/TRXVU.o
                0x2002674c                TRXVU_task
 .text.dump_logic
                0x20026804      0x3bc ./src/sub-systemCode/COMM/TRXVU.o
                0x20026804                dump_logic
 .text.Dump_task
                0x20026bc0      0x1a4 ./src/sub-systemCode/COMM/TRXVU.o
                0x20026bc0                Dump_task
 .text.transponder_logic
                0x20026d64      0x120 ./src/sub-systemCode/COMM/TRXVU.o
                0x20026d64                transponder_logic
 .text.Transponder_task
                0x20026e84      0x1b0 ./src/sub-systemCode/COMM/TRXVU.o
                0x20026e84                Transponder_task
 .text.lookForRequestToDelete_transponder
                0x20027034       0x8c ./src/sub-systemCode/COMM/TRXVU.o
                0x20027034                lookForRequestToDelete_transponder
 .text.lookForRequestToDelete_dump
                0x200270c0       0x88 ./src/sub-systemCode/COMM/TRXVU.o
                0x200270c0                lookForRequestToDelete_dump
 .text.sendRequestToStop_dump
                0x20027148       0x8c ./src/sub-systemCode/COMM/TRXVU.o
                0x20027148                sendRequestToStop_dump
 .text.sendRequestToStop_transponder
                0x200271d4       0x8c ./src/sub-systemCode/COMM/TRXVU.o
                0x200271d4                sendRequestToStop_transponder
 .text.Rx_logic
                0x20027260      0x1e0 ./src/sub-systemCode/COMM/TRXVU.o
                0x20027260                Rx_logic
 .text.pass_above_Ground
                0x20027440      0x15c ./src/sub-systemCode/COMM/TRXVU.o
                0x20027440                pass_above_Ground
 .text.check_TRXVUState
                0x2002759c      0x194 ./src/sub-systemCode/COMM/TRXVU.o
                0x2002759c                check_TRXVUState
 .text.trxvu_logic
                0x20027730       0x20 ./src/sub-systemCode/COMM/TRXVU.o
                0x20027730                trxvu_logic
 .text.Beacon_task
                0x20027750      0x190 ./src/sub-systemCode/COMM/TRXVU.o
                0x20027750                Beacon_task
 .text.buildAndSend_beacon
                0x200278e0      0x5c0 ./src/sub-systemCode/COMM/TRXVU.o
                0x200278e0                buildAndSend_beacon
 .text.reset_FRAM_TRXVU
                0x20027ea0      0x208 ./src/sub-systemCode/COMM/TRXVU.o
                0x20027ea0                reset_FRAM_TRXVU
 .text.TRX_sendFrame
                0x200280a8      0x1c8 ./src/sub-systemCode/COMM/TRXVU.o
                0x200280a8                TRX_sendFrame
 .text.TRX_getFrameData
                0x20028270      0x144 ./src/sub-systemCode/COMM/TRXVU.o
                0x20028270                TRX_getFrameData
 .text.mute_Tx  0x200283b4       0x64 ./src/sub-systemCode/COMM/TRXVU.o
                0x200283b4                mute_Tx
 .text.unmute_Tx
                0x20028418       0x58 ./src/sub-systemCode/COMM/TRXVU.o
                0x20028418                unmute_Tx
 .text.check_time_off_mute
                0x20028470       0xc0 ./src/sub-systemCode/COMM/TRXVU.o
                0x20028470                check_time_off_mute
 .text.set_mute_time
                0x20028530      0x100 ./src/sub-systemCode/COMM/TRXVU.o
                0x20028530                set_mute_time
 .text.change_TRXVU_state
                0x20028630      0x118 ./src/sub-systemCode/COMM/TRXVU.o
                0x20028630                change_TRXVU_state
 .text.change_trans_RSSI
                0x20028748       0x7c ./src/sub-systemCode/COMM/TRXVU.o
                0x20028748                change_trans_RSSI
 .text.AdcsReadI2cAck
                0x200287c4       0xfc ./src/sub-systemCode/ADCS/AdcsCommands.o
                0x200287c4                AdcsReadI2cAck
 .text.AdcsGenericI2cCmd
                0x200288c0      0x198 ./src/sub-systemCode/ADCS/AdcsCommands.o
                0x200288c0                AdcsGenericI2cCmd
 .text.SendAdcsTlm
                0x20028a58      0x14c ./src/sub-systemCode/ADCS/AdcsCommands.o
                0x20028a58                SendAdcsTlm
 .text.AdcsExecuteCommand
                0x20028ba4     0x1b00 ./src/sub-systemCode/ADCS/AdcsCommands.o
                0x20028ba4                AdcsExecuteCommand
 .text.cspaceADCS_getEstimatedAngles
                0x2002a6a4       0x98 ./src/sub-systemCode/ADCS/AdcsGetDataAndTlm.o
                0x2002a6a4                cspaceADCS_getEstimatedAngles
 .text.cspaceADCS_getEstimatedAnglesRates
                0x2002a73c       0x98 ./src/sub-systemCode/ADCS/AdcsGetDataAndTlm.o
                0x2002a73c                cspaceADCS_getEstimatedAnglesRates
 .text.cspaceADCS_getSatellitePosition
                0x2002a7d4       0x98 ./src/sub-systemCode/ADCS/AdcsGetDataAndTlm.o
                0x2002a7d4                cspaceADCS_getSatellitePosition
 .text.InitTlmElements
                0x2002a86c      0x238 ./src/sub-systemCode/ADCS/AdcsGetDataAndTlm.o
                0x2002a86c                InitTlmElements
 .text.CreateTlmElementFiles
                0x2002aaa4      0x178 ./src/sub-systemCode/ADCS/AdcsGetDataAndTlm.o
                0x2002aaa4                CreateTlmElementFiles
 .text.SaveElementTlmAtIndex
                0x2002ac1c      0x3f0 ./src/sub-systemCode/ADCS/AdcsGetDataAndTlm.o
                0x2002ac1c                SaveElementTlmAtIndex
 .text.UpdateTlmElementAtIndex
                0x2002b00c      0x150 ./src/sub-systemCode/ADCS/AdcsGetDataAndTlm.o
                0x2002b00c                UpdateTlmElementAtIndex
 .text.UpdateTlmToSaveVector
                0x2002b15c       0xc8 ./src/sub-systemCode/ADCS/AdcsGetDataAndTlm.o
                0x2002b15c                UpdateTlmToSaveVector
 .text.UpdateTlmPeriodVector
                0x2002b224      0x120 ./src/sub-systemCode/ADCS/AdcsGetDataAndTlm.o
                0x2002b224                UpdateTlmPeriodVector