Archive member included because of file (symbol)

c:/isis/application/toolchain/bin/../lib/gcc/arm-none-eabi/4.7.4/../../../../arm-none-eabi/lib\libc_s.a(lib_a-vfprintf_float.o)
                              (_printf_float)
c:/isis/application/toolchain/bin/../lib/gcc/arm-none-eabi/4.7.4/../../../../arm-none-eabi/lib\libc_s.a(lib_a-vfprintf_i.o)
                              c:/isis/application/toolchain/bin/../lib/gcc/arm-none-eabi/4.7.4/../../../../arm-none-eabi/lib\libc_s.a(lib_a-vfprintf_float.o) (_printf_common)
c:/isis/application/toolchain/bin/../lib/gcc/arm-none-eabi/4.7.4/../../../../arm-none-eabi/lib\libc_s.a(lib_a-vfscanf_float.o)
                              (_scanf_float)
c:/isis/application/toolchain/bin/../lib/gcc/arm-none-eabi/4.7.4/../../../../arm-none-eabi/lib\libc_s.a(lib_a-dtoa.o)
                              c:/isis/application/toolchain/bin/../lib/gcc/arm-none-eabi/4.7.4/../../../../arm-none-eabi/lib\libc_s.a(lib_a-vfprintf_float.o) (_dtoa_r)
c:/isis/application/toolchain/bin/../lib/gcc/arm-none-eabi/4.7.4/../../../../arm-none-eabi/lib\libc_s.a(lib_a-locale.o)
                              c:/isis/application/toolchain/bin/../lib/gcc/arm-none-eabi/4.7.4/../../../../arm-none-eabi/lib\libc_s.a(lib_a-vfprintf_float.o) (_localeconv_r)
c:/isis/application/toolchain/bin/../lib/gcc/arm-none-eabi/4.7.4/../../../../arm-none-eabi/lib\libc_s.a(lib_a-malloc.o)
                              c:/isis/application/toolchain/bin/../lib/gcc/arm-none-eabi/4.7.4/../../../../arm-none-eabi/lib\libc_s.a(lib_a-dtoa.o) (malloc)
c:/isis/application/toolchain/bin/../lib/gcc/arm-none-eabi/4.7.4/../../../../arm-none-eabi/lib\libc_s.a(lib_a-mallocr.o)
                              c:/isis/application/toolchain/bin/../lib/gcc/arm-none-eabi/4.7.4/../../../../arm-none-eabi/lib\libc_s.a(lib_a-malloc.o) (_malloc_r)
c:/isis/application/toolchain/bin/../lib/gcc/arm-none-eabi/4.7.4/../../../../arm-none-eabi/lib\libc_s.a(lib_a-memcpy.o)
                              c:/isis/application/toolchain/bin/../lib/gcc/arm-none-eabi/4.7.4/../../../../arm-none-eabi/lib\libc_s.a(lib_a-dtoa.o) (memcpy)
c:/isis/application/toolchain/bin/../lib/gcc/arm-none-eabi/4.7.4/../../../../arm-none-eabi/lib\libc_s.a(lib_a-mprec.o)
                              c:/isis/application/toolchain/bin/../lib/gcc/arm-none-eabi/4.7.4/../../../../arm-none-eabi/lib\libc_s.a(lib_a-dtoa.o) (_Balloc)
c:/isis/application/toolchain/bin/../lib/gcc/arm-none-eabi/4.7.4/../../../../arm-none-eabi/lib\libc_s.a(lib_a-s_fpclassify.o)
                              c:/isis/application/toolchain/bin/../lib/gcc/arm-none-eabi/4.7.4/../../../../arm-none-eabi/lib\libc_s.a(lib_a-vfprintf_float.o) (__fpclassifyd)
c:/isis/application/toolchain/bin/../lib/gcc/arm-none-eabi/4.7.4/../../../../arm-none-eabi/lib\libc_s.a(lib_a-sbrkr.o)
                              c:/isis/application/toolchain/bin/../lib/gcc/arm-none-eabi/4.7.4/../../../../arm-none-eabi/lib\libc_s.a(lib_a-mallocr.o) (_sbrk_r)
c:/isis/application/toolchain/bin/../lib/gcc/arm-none-eabi/4.7.4/../../../../arm-none-eabi/lib\libc_s.a(lib_a-sf_nan.o)
                              c:/isis/application/toolchain/bin/../lib/gcc/arm-none-eabi/4.7.4/../../../../arm-none-eabi/lib\libc_s.a(lib_a-vfscanf_float.o) (nanf)
c:/isis/application/toolchain/bin/../lib/gcc/arm-none-eabi/4.7.4/../../../../arm-none-eabi/lib\libc_s.a(lib_a-sprintf.o)
                              c:/isis/application/toolchain/bin/../lib/gcc/arm-none-eabi/4.7.4/../../../../arm-none-eabi/lib\libc_s.a(lib_a-vfscanf_float.o) (sprintf)
c:/isis/application/toolchain/bin/../lib/gcc/arm-none-eabi/4.7.4/../../../../arm-none-eabi/lib\libc_s.a(lib_a-strcmp.o)
                              c:/isis/application/toolchain/bin/../lib/gcc/arm-none-eabi/4.7.4/../../../../arm-none-eabi/lib\libc_s.a(lib_a-locale.o) (strcmp)
c:/isis/application/toolchain/bin/../lib/gcc/arm-none-eabi/4.7.4/../../../../arm-none-eabi/lib\libc_s.a(lib_a-strlen.o)
                              c:/isis/application/toolchain/bin/../lib/gcc/arm-none-eabi/4.7.4/../../../../arm-none-eabi/lib\libc_s.a(lib_a-vfprintf_float.o) (strlen)
c:/isis/application/toolchain/bin/../lib/gcc/arm-none-eabi/4.7.4/../../../../arm-none-eabi/lib\libc_s.a(lib_a-strtod.o)
                              c:/isis/application/toolchain/bin/../lib/gcc/arm-none-eabi/4.7.4/../../../../arm-none-eabi/lib\libc_s.a(lib_a-vfscanf_float.o) (_strtod_r)
c:/isis/application/toolchain/bin/../lib/gcc/arm-none-eabi/4.7.4/../../../../arm-none-eabi/lib\libc_s.a(lib_a-strtol.o)
                              c:/isis/application/toolchain/bin/../lib/gcc/arm-none-eabi/4.7.4/../../../../arm-none-eabi/lib\libc_s.a(lib_a-vfscanf_float.o) (_strtol_r)
c:/isis/application/toolchain/bin/../lib/gcc/arm-none-eabi/4.7.4/../../../../arm-none-eabi/lib\libc_s.a(lib_a-svfprintf.o)
                              c:/isis/application/toolchain/bin/../lib/gcc/arm-none-eabi/4.7.4/../../../../arm-none-eabi/lib\libc_s.a(lib_a-sprintf.o) (_svfprintf_r)
[...]
Memory Configuration

Name             Origin             Length             Attributes
sram0            0x00200000         0x00004000         w !xr
sram1            0x00300000         0x00004000         w !xr
sdram            0x20000000         0x02000000         w !xr
*default*        0x00000000         0xffffffff

Linker script and memory map

LOAD c:/isis/application/toolchain/bin/../lib/gcc/arm-none-eabi/4.7.4/../../../../arm-none-eabi/lib\libc_s.a
LOAD ./src/sub-systemCode/payload/Request Management/Dump/Butchering.o
LOAD ./src/sub-systemCode/payload/Request Management/Dump/imageDump.o
LOAD ./src/sub-systemCode/payload/Request Management/AutomaticImageHandler.o
LOAD ./src/sub-systemCode/payload/Request Management/CameraManeger.o
LOAD ./src/sub-systemCode/payload/Request Management/DB_RequestHandling.o
LOAD ./src/sub-systemCode/payload/Misc/Boolean_bit.o
LOAD ./src/sub-systemCode/payload/Misc/FileSystem.o
LOAD ./src/sub-systemCode/payload/Drivers/GeckoCameraDriver.o
LOAD ./src/sub-systemCode/payload/DataBase/DataBase.o
LOAD ./src/sub-systemCode/payload/Compression/jpeg/bmp/rawToBMP.o
LOAD ./src/sub-systemCode/payload/Compression/jpeg/DCT.o
LOAD ./src/sub-systemCode/payload/Compression/jpeg/ImgCompressor.o
LOAD ./src/sub-systemCode/payload/Compression/jpeg/color_conv.o
LOAD ./src/sub-systemCode/payload/Compression/jpeg/jpeg.o
LOAD ./src/sub-systemCode/payload/Compression/jpeg/jpeg_encoder.o
LOAD ./src/sub-systemCode/payload/Compression/jpeg/jpeg_memory_alloc.o
LOAD ./src/sub-systemCode/payload/Compression/jpeg/jpeg_params.o
LOAD ./src/sub-systemCode/payload/Compression/jpeg/output_stream.o
LOAD ./src/sub-systemCode/payload/Compression/ImageConversion.o
LOAD ./src/sub-systemCode/Main/CMD/ADCS_CMD.o
LOAD ./src/sub-systemCode/Main/CMD/COMM_CMD.o
LOAD ./src/sub-systemCode/Main/CMD/EPS_CMD.o
LOAD ./src/sub-systemCode/Main/CMD/General_CMD.o
LOAD ./src/sub-systemCode/Main/CMD/SW_CMD.o
LOAD ./src/sub-systemCode/Main/CMD/payload_CMD.o
LOAD ./src/sub-systemCode/Main/Ants.o
LOAD ./src/sub-systemCode/Main/EPS.o
LOAD ./src/sub-systemCode/Main/HouseKeeping.o
LOAD ./src/sub-systemCode/Main/Main_Init.o
LOAD ./src/sub-systemCode/Main/commands.o
LOAD ./src/sub-systemCode/Global/GenericTaskSave.o
LOAD ./src/sub-systemCode/Global/Global.o
LOAD ./src/sub-systemCode/Global/GlobalParam.o
LOAD ./src/sub-systemCode/Global/OnlineTM.o
LOAD ./src/sub-systemCode/Global/TLM_management.o
LOAD ./src/sub-systemCode/Global/freertosExtended.o
LOAD ./src/sub-systemCode/Global/logger.o
LOAD ./src/sub-systemCode/CUF/CUF.o
LOAD ./src/sub-systemCode/CUF/uploadCodeTelemetry.o
LOAD ./src/sub-systemCode/COMM/APRS.o
LOAD ./src/sub-systemCode/COMM/DelayedCommand_list.o
LOAD ./src/sub-systemCode/COMM/GSC.o
LOAD ./src/sub-systemCode/COMM/TRXVU.o
LOAD ./src/sub-systemCode/ADCS/AdcsCommands.o
LOAD ./src/sub-systemCode/ADCS/AdcsGetDataAndTlm.o
LOAD ./src/sub-systemCode/ADCS/AdcsMain.o
LOAD ./src/sub-systemCode/ADCS/AdcsTroubleShooting.o
LOAD ./src/sub-systemCode/ADCS/StateMachine.o
LOAD ./src/main.o
LOAD C:/HOOPOE3/satellite-subsystems/demo/..//satellite-subsystems/lib\libSatelliteSubsystemsD.a
LOAD c:/isis/application/toolchain/bin/../lib/gcc/arm-none-eabi/4.7.4/../../../../arm-none-eabi/lib\libm.a
LOAD C:/HOOPOE3/satellite-subsystems/demo/../..//hal/hcc/lib\libHCCD.a
LOAD C:/HOOPOE3/satellite-subsystems/demo/../..//hal/hal/lib\libHALD.a
LOAD C:/HOOPOE3/satellite-subsystems/demo/../..//hal/freertos/lib\libFreeRTOSD.a
LOAD C:/HOOPOE3/satellite-subsystems/demo/../..//hal/at91/lib\libAt91D.a
START GROUP
LOAD c:/isis/application/toolchain/bin/../lib/gcc/arm-none-eabi/4.7.4\libgcc.a
LOAD c:/isis/application/toolchain/bin/../lib/gcc/arm-none-eabi/4.7.4/../../../../arm-none-eabi/lib\libc_s.a
END GROUP

.fixed          0x20000000    0x5ee2c
                0x20000000                . = ALIGN (0x4)
                0x20000000                _sfixed = .
 *(.startup)
 .startup       0x20000000      0x134 C:/HOOPOE3/satellite-subsystems/demo/../..//hal/at91/lib\libAt91D.a(board_cstartup.o)
                0x20000000                entry
 *(.text)
 .text          0x20000134       0x64 C:/HOOPOE3/satellite-subsystems/demo/../..//hal/at91/lib\libAt91D.a(cp15_asm.o)
                0x20000134                _readControlRegister
                0x20000140                _writeControlRegister
                0x20000148                _waitForInterrupt
                0x20000154                _writeTTB
                0x2000015c                _writeDomain
                0x20000164                _writeITLBLockdown
                0x2000016c                _prefetchICacheLine
                0x20000174                _flushDCache
                0x20000180                _flushWriteBuffer
                0x2000018c                _invalidateIDTLBs
 .text          0x20000198      0x114 c:/isis/application/toolchain/bin/../lib/gcc/arm-none-eabi/4.7.4\libgcc.a(_udivsi3.o)
                0x20000198                __aeabi_uidiv
                0x20000198                __udivsi3
                0x2000028c                __aeabi_uidivmod
 .text          0x200002ac      0x148 c:/isis/application/toolchain/bin/../lib/gcc/arm-none-eabi/4.7.4\libgcc.a(_divsi3.o)
                0x200002ac                __divsi3
                0x200002ac                __aeabi_idiv
                0x200003d4                __aeabi_idivmod
 .text          0x200003f4        0x4 c:/isis/application/toolchain/bin/../lib/gcc/arm-none-eabi/4.7.4\libgcc.a(_dvmd_tls.o)
                0x200003f4                __aeabi_idiv0
                0x200003f4                __aeabi_ldiv0
 .text          0x200003f8      0x41c c:/isis/application/toolchain/bin/../lib/gcc/arm-none-eabi/4.7.4\libgcc.a(_arm_addsubdf3.o)
                0x200003f8                __aeabi_drsub
                0x20000400                __aeabi_dsub
                0x20000400                __subdf3
                0x20000404                __aeabi_dadd
                0x20000404                __adddf3
                0x20000714                __floatunsidf
                0x20000714                __aeabi_ui2d
                0x20000738                __floatsidf
                0x20000738                __aeabi_i2d
                0x20000760                __aeabi_f2d
                0x20000760                __extendsfdf2
                0x200007a0                __floatundidf
                0x200007a0                __aeabi_ul2d
                0x200007b4                __floatdidf
                0x200007b4                __aeabi_l2d
 .text          0x20000814      0x49c c:/isis/application/toolchain/bin/../lib/gcc/arm-none-eabi/4.7.4\libgcc.a(_arm_muldivdf3.o)
                0x20000814                __aeabi_dmul
                0x20000814                __muldf3
                0x20000aa4                __divdf3
                0x20000aa4                __aeabi_ddiv
 .text          0x20000cb0      0x144 c:/isis/application/toolchain/bin/../lib/gcc/arm-none-eabi/4.7.4\libgcc.a(_arm_cmpdf2.o)
                0x20000cb0                __gtdf2
                0x20000cb0                __gedf2
                0x20000cb8                __ltdf2
                0x20000cb8                __ledf2
                0x20000cc0                __nedf2
                0x20000cc0                __eqdf2
                0x20000cc0                __cmpdf2
                0x20000d48                __aeabi_cdrcmple
                0x20000d64                __aeabi_cdcmpeq
                0x20000d64                __aeabi_cdcmple
                0x20000d7c                __aeabi_dcmpeq
                0x20000d94                __aeabi_dcmplt
                0x20000dac                __aeabi_dcmple
                0x20000dc4                __aeabi_dcmpge
                0x20000ddc                __aeabi_dcmpgt
 .text          0x20000df4       0x5c c:/isis/application/toolchain/bin/../lib/gcc/arm-none-eabi/4.7.4\libgcc.a(_arm_fixdfsi.o)
                0x20000df4                __aeabi_d2iz
                0x20000df4                __fixdfsi
 .text          0x20000e50       0x54 c:/isis/application/toolchain/bin/../lib/gcc/arm-none-eabi/4.7.4\libgcc.a(_arm_fixunsdfsi.o)
                0x20000e50                __aeabi_d2uiz
                0x20000e50                __fixunsdfsi
 .text          0x20000ea4       0xa0 c:/isis/application/toolchain/bin/../lib/gcc/arm-none-eabi/4.7.4\libgcc.a(_arm_truncdfsf2.o)
                0x20000ea4                __truncdfsf2
                0x20000ea4                __aeabi_d2f
 .text          0x20000f44      0x2ac c:/isis/application/toolchain/bin/../lib/gcc/arm-none-eabi/4.7.4\libgcc.a(_arm_addsubsf3.o)
                0x20000f44                __aeabi_frsub
                0x20000f4c                __subsf3
                0x20000f4c                __aeabi_fsub
                0x20000f50                __aeabi_fadd
                0x20000f50                __addsf3
                0x2000110c                __aeabi_ui2f
                0x2000110c                __floatunsisf
                0x20001114                __aeabi_i2f
                0x20001114                __floatsisf
                0x20001134                __aeabi_ul2f
                0x20001134                __floatundisf
                0x20001144                __aeabi_l2f
                0x20001144                __floatdisf
 .text          0x200011f0      0x2f8 c:/isis/application/toolchain/bin/../lib/gcc/arm-none-eabi/4.7.4\libgcc.a(_arm_muldivsf3.o)
                0x200011f0                __mulsf3
                0x200011f0                __aeabi_fmul
                0x20001388                __aeabi_fdiv
                0x20001388                __divsf3
 .text          0x200014e8      0x114 c:/isis/application/toolchain/bin/../lib/gcc/arm-none-eabi/4.7.4\libgcc.a(_arm_cmpsf2.o)
                0x200014e8                __gesf2
                0x200014e8                __gtsf2
                0x200014f0                __lesf2
                0x200014f0                __ltsf2
                0x200014f8                __nesf2
                0x200014f8                __eqsf2
                0x200014f8                __cmpsf2
                0x2000155c                __aeabi_cfrcmple
                0x2000156c                __aeabi_cfcmpeq
                0x2000156c                __aeabi_cfcmple
                0x20001584                __aeabi_fcmpeq
                0x2000159c                __aeabi_fcmplt
                0x200015b4                __aeabi_fcmple
                0x200015cc                __aeabi_fcmpge
                0x200015e4                __aeabi_fcmpgt
 .text          0x200015fc       0x54 c:/isis/application/toolchain/bin/../lib/gcc/arm-none-eabi/4.7.4\libgcc.a(_arm_fixunssfsi.o)
                0x200015fc                __fixunssfsi
                0x200015fc                __aeabi_f2uiz
 *(.text*)
 .text.__cvt    0x20001650      0x138 c:/isis/application/toolchain/bin/../lib/gcc/arm-none-eabi/4.7.4/../../../../arm-none-eabi/lib\libc_s.a(lib_a-vfprintf_float.o)
                0x20001650                __cvt
 .text.__exponent
                0x20001788       0xa8 c:/isis/application/toolchain/bin/../lib/gcc/arm-none-eabi/4.7.4/../../../../arm-none-eabi/lib\libc_s.a(lib_a-vfprintf_float.o)
                0x20001788                __exponent
 .text._printf_float
                0x20001830      0x7dc c:/isis/application/toolchain/bin/../lib/gcc/arm-none-eabi/4.7.4/../../../../arm-none-eabi/lib\libc_s.a(lib_a-vfprintf_float.o)
                0x20001830                _printf_float
 .text._printf_common
                0x2000200c      0x174 c:/isis/application/toolchain/bin/../lib/gcc/arm-none-eabi/4.7.4/../../../../arm-none-eabi/lib\libc_s.a(lib_a-vfprintf_i.o)
                0x2000200c                _printf_common
 .text._printf_i
                0x20002180      0x3c4 c:/isis/application/toolchain/bin/../lib/gcc/arm-none-eabi/4.7.4/../../../../arm-none-eabi/lib\libc_s.a(lib_a-vfprintf_i.o)
                0x20002180                _printf_i
 .text._scanf_float
                0x20002544      0x5f4 c:/isis/application/toolchain/bin/../lib/gcc/arm-none-eabi/4.7.4/../../../../arm-none-eabi/lib\libc_s.a(lib_a-vfscanf_float.o)
                0x20002544                _scanf_float
 .text.quorem   0x20002b38      0x1ac c:/isis/application/toolchain/bin/../lib/gcc/arm-none-eabi/4.7.4/../../../../arm-none-eabi/lib\libc_s.a(lib_a-dtoa.o)
 .text._dtoa_r  0x20002ce4     0x1268 c:/isis/application/toolchain/bin/../lib/gcc/arm-none-eabi/4.7.4/../../../../arm-none-eabi/lib\libc_s.a(lib_a-dtoa.o)
                0x20002ce4                _dtoa_r
 .text._localeconv_r
                0x20003f4c        0xc c:/isis/application/toolchain/bin/../lib/gcc/arm-none-eabi/4.7.4/../../../../arm-none-eabi/lib\libc_s.a(lib_a-locale.o)
                0x20003f4c                _localeconv_r
 .text.malloc   0x20003f58       0x20 c:/isis/application/toolchain/bin/../lib/gcc/arm-none-eabi/4.7.4/../../../../arm-none-eabi/lib\libc_s.a(lib_a-malloc.o)
                0x20003f58                malloc
 .text.free     0x20003f78       0x20 c:/isis/application/toolchain/bin/../lib/gcc/arm-none-eabi/4.7.4/../../../../arm-none-eabi/lib\libc_s.a(lib_a-malloc.o)
                0x20003f78                free
 .text._malloc_r
                0x20003f98       0xfc c:/isis/application/toolchain/bin/../lib/gcc/arm-none-eabi/4.7.4/../../../../arm-none-eabi/lib\libc_s.a(lib_a-mallocr.o)
                0x20003f98                _malloc_r
 .text.memcpy   0x20004094       0x20 c:/isis/application/toolchain/bin/../lib/gcc/arm-none-eabi/4.7.4/../../../../arm-none-eabi/lib\libc_s.a(lib_a-memcpy.o)
                0x20004094                memcpy
 .text._Balloc  0x200040b4       0xcc c:/isis/application/toolchain/bin/../lib/gcc/arm-none-eabi/4.7.4/../../../../arm-none-eabi/lib\libc_s.a(lib_a-mprec.o)
                0x200040b4                _Balloc
 .text._Bfree   0x20004180       0x5c c:/isis/application/toolchain/bin/../lib/gcc/arm-none-eabi/4.7.4/../../../../arm-none-eabi/lib\libc_s.a(lib_a-mprec.o)
                0x20004180                _Bfree
 .text.__multadd
                0x200041dc       0xbc c:/isis/application/toolchain/bin/../lib/gcc/arm-none-eabi/4.7.4/../../../../arm-none-eabi/lib\libc_s.a(lib_a-mprec.o)
                0x200041dc                __multadd
 .text.__s2b    0x20004298       0xd8 c:/isis/application/toolchain/bin/../lib/gcc/arm-none-eabi/4.7.4/../../../../arm-none-eabi/lib\libc_s.a(lib_a-mprec.o)
                0x20004298                __s2b
 .text.__hi0bits
                0x20004370       0x58 c:/isis/application/toolchain/bin/../lib/gcc/arm-none-eabi/4.7.4/../../../../arm-none-eabi/lib\libc_s.a(lib_a-mprec.o)
                0x20004370                __hi0bits
 .text.__lo0bits
                0x200043c8       0x94 c:/isis/application/toolchain/bin/../lib/gcc/arm-none-eabi/4.7.4/../../../../arm-none-eabi/lib\libc_s.a(lib_a-mprec.o)
                0x200043c8                __lo0bits
 .text.__i2b    0x2000445c       0x24 c:/isis/application/toolchain/bin/../lib/gcc/arm-none-eabi/4.7.4/../../../../arm-none-eabi/lib\libc_s.a(lib_a-mprec.o)
                0x2000445c                __i2b
 .text.__multiply
                0x20004480      0x1ac c:/isis/application/toolchain/bin/../lib/gcc/arm-none-eabi/4.7.4/../../../../arm-none-eabi/lib\libc_s.a(lib_a-mprec.o)
                0x20004480                __multiply
 .text.__pow5mult
                0x2000462c      0x10c c:/isis/application/toolchain/bin/../lib/gcc/arm-none-eabi/4.7.4/../../../../arm-none-eabi/lib\libc_s.a(lib_a-mprec.o)
                0x2000462c                __pow5mult
 .text.__lshift
                0x20004738       0xf0 c:/isis/application/toolchain/bin/../lib/gcc/arm-none-eabi/4.7.4/../../../../arm-none-eabi/lib\libc_s.a(lib_a-mprec.o)
                0x20004738                __lshift
 .text.__mcmp   0x20004828       0x60 c:/isis/application/toolchain/bin/../lib/gcc/arm-none-eabi/4.7.4/../../../../arm-none-eabi/lib\libc_s.a(lib_a-mprec.o)
                0x20004828                __mcmp
 .text.__mdiff  0x20004888      0x128 c:/isis/application/toolchain/bin/../lib/gcc/arm-none-eabi/4.7.4/../../../../arm-none-eabi/lib\libc_s.a(lib_a-mprec.o)
                0x20004888                __mdiff
 .text.__ulp    0x200049b0       0x5c c:/isis/application/toolchain/bin/../lib/gcc/arm-none-eabi/4.7.4/../../../../arm-none-eabi/lib\libc_s.a(lib_a-mprec.o)
                0x200049b0                __ulp
 .text.__b2d    0x20004a0c       0xc8 c:/isis/application/toolchain/bin/../lib/gcc/arm-none-eabi/4.7.4/../../../../arm-none-eabi/lib\libc_s.a(lib_a-mprec.o)
                0x20004a0c                __b2d
 .text.__d2b    0x20004ad4       0xfc c:/isis/application/toolchain/bin/../lib/gcc/arm-none-eabi/4.7.4/../../../../arm-none-eabi/lib\libc_s.a(lib_a-mprec.o)
                0x20004ad4                __d2b
 .text.__ratio  0x20004bd0       0x70 c:/isis/application/toolchain/bin/../lib/gcc/arm-none-eabi/4.7.4/../../../../arm-none-eabi/lib\libc_s.a(lib_a-mprec.o)
                0x20004bd0                __ratio
 .text.__copybits
                0x20004c40       0x4c c:/isis/application/toolchain/bin/../lib/gcc/arm-none-eabi/4.7.4/../../../../arm-none-eabi/lib\libc_s.a(lib_a-mprec.o)
                0x20004c40                __copybits
 .text.__any_on
                0x20004c8c       0x7c c:/isis/application/toolchain/bin/../lib/gcc/arm-none-eabi/4.7.4/../../../../arm-none-eabi/lib\libc_s.a(lib_a-mprec.o)
                0x20004c8c                __any_on
 .text.__fpclassifyd
                0x20004d08       0x6c c:/isis/application/toolchain/bin/../lib/gcc/arm-none-eabi/4.7.4/../../../../arm-none-eabi/lib\libc_s.a(lib_a-s_fpclassify.o)
                0x20004d08                __fpclassifyd
 .text._sbrk_r  0x20004d74       0x3c c:/isis/application/toolchain/bin/../lib/gcc/arm-none-eabi/4.7.4/../../../../arm-none-eabi/lib\libc_s.a(lib_a-sbrkr.o)
                0x20004d74                _sbrk_r
 .text.nanf     0x20004db0        0xc c:/isis/application/toolchain/bin/../lib/gcc/arm-none-eabi/4.7.4/../../../../arm-none-eabi/lib\libc_s.a(lib_a-sf_nan.o)
                0x20004db0                nanf
 .text.sprintf  0x20004dbc       0x6c c:/isis/application/toolchain/bin/../lib/gcc/arm-none-eabi/4.7.4/../../../../arm-none-eabi/lib\libc_s.a(lib_a-sprintf.o)
                0x20004dbc                siprintf
                0x20004dbc                sprintf
 .text.strcmp   0x20004e28       0x1c c:/isis/application/toolchain/bin/../lib/gcc/arm-none-eabi/4.7.4/../../../../arm-none-eabi/lib\libc_s.a(lib_a-strcmp.o)
                0x20004e28                strcmp
 .text.strlen   0x20004e44       0x1c c:/isis/application/toolchain/bin/../lib/gcc/arm-none-eabi/4.7.4/../../../../arm-none-eabi/lib\libc_s.a(lib_a-strlen.o)
                0x20004e44                strlen
 .text.match    0x20004e60       0x54 c:/isis/application/toolchain/bin/../lib/gcc/arm-none-eabi/4.7.4/../../../../arm-none-eabi/lib\libc_s.a(lib_a-strtod.o)
 .text._strtod_r
                0x20004eb4     0x1168 c:/isis/application/toolchain/bin/../lib/gcc/arm-none-eabi/4.7.4/../../../../arm-none-eabi/lib\libc_s.a(lib_a-strtod.o)
                0x20004eb4                _strtod_r
 .text._strtol_r
                0x2000601c      0x1b8 c:/isis/application/toolchain/bin/../lib/gcc/arm-none-eabi/4.7.4/../../../../arm-none-eabi/lib\libc_s.a(lib_a-strtol.o)
                0x2000601c                _strtol_r
 .text.__ssputc_r
                0x200061d4      0x10c c:/isis/application/toolchain/bin/../lib/gcc/arm-none-eabi/4.7.4/../../../../arm-none-eabi/lib\libc_s.a(lib_a-svfprintf.o)
                0x200061d4                __ssputc_r
 .text._svfprintf_r
                0x200062e0      0x328 c:/isis/application/toolchain/bin/../lib/gcc/arm-none-eabi/4.7.4/../../../../arm-none-eabi/lib\libc_s.a(lib_a-svfprintf.o)
                0x200062e0                _svfiprintf_r
                0x200062e0                _svfprintf_r
 .text._calloc_r
                0x20006608       0x2c c:/isis/application/toolchain/bin/../lib/gcc/arm-none-eabi/4.7.4/../../../../arm-none-eabi/lib\libc_s.a(lib_a-callocr.o)
                0x20006608                _calloc_r
 .text._free_r  0x20006634      0x108 c:/isis/application/toolchain/bin/../lib/gcc/arm-none-eabi/4.7.4/../../../../arm-none-eabi/lib\libc_s.a(lib_a-freer.o)
                0x20006634                _free_r
 .text.rshift   0x2000673c       0xb0 c:/isis/application/toolchain/bin/../lib/gcc/arm-none-eabi/4.7.4/../../../../arm-none-eabi/lib\libc_s.a(lib_a-gdtoa-gethex.o)
 .text.htinit.constprop.0
                0x200067ec       0x34 c:/isis/application/toolchain/bin/../lib/gcc/arm-none-eabi/4.7.4/../../../../arm-none-eabi/lib\libc_s.a(lib_a-gdtoa-gethex.o)
 .text.__hexdig_init
                0x20006820       0x38 c:/isis/application/toolchain/bin/../lib/gcc/arm-none-eabi/4.7.4/../../../../arm-none-eabi/lib\libc_s.a(lib_a-gdtoa-gethex.o)
                0x20006820                __hexdig_init
 .text.__gethex
                0x20006858      0x6cc c:/isis/application/toolchain/bin/../lib/gcc/arm-none-eabi/4.7.4/../../../../arm-none-eabi/lib\libc_s.a(lib_a-gdtoa-gethex.o)
                0x20006858                __gethex
 .text.L_shift  0x20006f24       0x38 c:/isis/application/toolchain/bin/../lib/gcc/arm-none-eabi/4.7.4/../../../../arm-none-eabi/lib\libc_s.a(lib_a-gdtoa-hexnan.o)
 .text.__hexnan
                0x20006f5c      0x1d8 c:/isis/application/toolchain/bin/../lib/gcc/arm-none-eabi/4.7.4/../../../../arm-none-eabi/lib\libc_s.a(lib_a-gdtoa-hexnan.o)
                0x20006f5c                __hexnan
 .text.memchr   0x20007134       0x34 c:/isis/application/toolchain/bin/../lib/gcc/arm-none-eabi/4.7.4/../../../../arm-none-eabi/lib\libc_s.a(lib_a-memchr.o)
                0x20007134                memchr
 .text.memset   0x20007168       0x1c c:/isis/application/toolchain/bin/../lib/gcc/arm-none-eabi/4.7.4/../../../../arm-none-eabi/lib\libc_s.a(lib_a-memset.o)
                0x20007168                memset
 .text._realloc_r
                0x20007184       0x80 c:/isis/application/toolchain/bin/../lib/gcc/arm-none-eabi/4.7.4/../../../../arm-none-eabi/lib\libc_s.a(lib_a-reallocr.o)
                0x20007184                _realloc_r
 .text.strncmp  0x20007204       0x64 c:/isis/application/toolchain/bin/../lib/gcc/arm-none-eabi/4.7.4/../../../../arm-none-eabi/lib\libc_s.a(lib_a-strncmp.o)
                0x20007204                strncmp
 .text._malloc_usable_size_r
                0x20007268       0x1c c:/isis/application/toolchain/bin/../lib/gcc/arm-none-eabi/4.7.4/../../../../arm-none-eabi/lib\libc_s.a(lib_a-msizer.o)
                0x20007268                _malloc_usable_size_r
 .text.GetChunkFromImage
                0x20007284      0x2d0 ./src/sub-systemCode/payload/Request Management/Dump/Butchering.o
                0x20007284                GetChunkFromImage
 .text.SimpleButcher
                0x20007554       0xd8 ./src/sub-systemCode/payload/Request Management/Dump/Butchering.o
                0x20007554                SimpleButcher
 .text.readChunkDimentionsFromFRAM
                0x2000762c       0x80 ./src/sub-systemCode/payload/Request Management/Dump/imageDump.o
                0x2000762c                readChunkDimentionsFromFRAM
 .text.setChunkDimensions_inFRAM
                0x200076ac      0x10c ./src/sub-systemCode/payload/Request Management/Dump/imageDump.o
                0x200076ac                setChunkDimensions_inFRAM
 .text.getLastImageChunkIndex
                0x200077b8      0x1bc ./src/sub-systemCode/payload/Request Management/Dump/imageDump.o
                0x200077b8                getLastImageChunkIndex
 .text.find_subType_ofImage
                0x20007974       0xe0 ./src/sub-systemCode/payload/Request Management/Dump/imageDump.o
                0x20007974                find_subType_ofImage
 .text.buildAndSend_chunck
                0x20007a54      0x320 ./src/sub-systemCode/payload/Request Management/Dump/imageDump.o
                0x20007a54                buildAndSend_chunck
 .text.chunkField_imageDump
                0x20007d74      0x258 ./src/sub-systemCode/payload/Request Management/Dump/imageDump.o
                0x20007d74                chunkField_imageDump
 .text.bitField_imageDump
                0x20007fcc      0x23c ./src/sub-systemCode/payload/Request Management/Dump/imageDump.o
                0x20007fcc                bitField_imageDump
 .text.fileTypeDump
                0x20008208      0x170 ./src/sub-systemCode/payload/Request Management/Dump/imageDump.o
                0x20008208                fileTypeDump
 .text.imageDataBase_Dump
                0x20008378      0x118 ./src/sub-systemCode/payload/Request Management/Dump/imageDump.o
                0x20008378                imageDataBase_Dump
 .text.imageDump_task
                0x20008490      0x48c ./src/sub-systemCode/payload/Request Management/Dump/imageDump.o
                0x20008490                imageDump_task
 .text.KickStartImageDumpTask
                0x2000891c       0x5c ./src/sub-systemCode/payload/Request Management/Dump/imageDump.o
                0x2000891c                KickStartImageDumpTask
 .text.AutomaticImageHandlerTaskMain
                0x20008978      0x12c ./src/sub-systemCode/payload/Request Management/AutomaticImageHandler.o
                0x20008978                AutomaticImageHandlerTaskMain
 .text.KickStartAutomaticImageHandlerTask
                0x20008aa4       0x70 ./src/sub-systemCode/payload/Request Management/AutomaticImageHandler.o
                0x20008aa4                KickStartAutomaticImageHandlerTask
 .text.stopAction
                0x20008b14       0xc4 ./src/sub-systemCode/payload/Request Management/AutomaticImageHandler.o
                0x20008b14                stopAction
 .text.resumeAction
                0x20008bd8       0x68 ./src/sub-systemCode/payload/Request Management/AutomaticImageHandler.o
                0x20008bd8                resumeAction
 .text.handleErrors
                0x20008c40       0x50 ./src/sub-systemCode/payload/Request Management/AutomaticImageHandler.o
                0x20008c40                handleErrors
 .text.CameraManagerTaskMain
                0x20008c90       0xc8 ./src/sub-systemCode/payload/Request Management/CameraManeger.o
                0x20008c90                CameraManagerTaskMain
 .text.createFolders
                0x20008d58      0x260 ./src/sub-systemCode/payload/Request Management/CameraManeger.o
                0x20008d58                createFolders
 .text.initCamera
                0x20008fb8       0xc0 ./src/sub-systemCode/payload/Request Management/CameraManeger.o
                0x20008fb8                initCamera
 .text.KickStartCamera
                0x20009078       0xe4 ./src/sub-systemCode/payload/Request Management/CameraManeger.o
                0x20009078                KickStartCamera
 .text.addRequestToQueue
                0x2000915c       0xa8 ./src/sub-systemCode/payload/Request Management/CameraManeger.o
                0x2000915c                addRequestToQueue
 .text.removeRequestFromQueue
                0x20009204       0x7c ./src/sub-systemCode/payload/Request Management/CameraManeger.o
                0x20009204                removeRequestFromQueue
 .text.Take_pictures_with_time_in_between
                0x20009280      0x114 ./src/sub-systemCode/payload/Request Management/CameraManeger.o
                0x20009280                Take_pictures_with_time_in_between
 .text.act_upon_request
                0x20009394      0x538 ./src/sub-systemCode/payload/Request Management/CameraManeger.o
                0x20009394                act_upon_request
 .text.TakePicture
                0x200098cc       0x4c ./src/sub-systemCode/payload/Request Management/DB_RequestHandling.o
                0x200098cc                TakePicture
 .text.TakeSpecialPicture
                0x20009918      0x130 ./src/sub-systemCode/payload/Request Management/DB_RequestHandling.o
                0x20009918                TakeSpecialPicture
 .text.DeletePictureFile
                0x20009a48       0x88 ./src/sub-systemCode/payload/Request Management/DB_RequestHandling.o
                0x20009a48                DeletePictureFile
 .text.DeletePicture
                0x20009ad0       0x6c ./src/sub-systemCode/payload/Request Management/DB_RequestHandling.o
                0x20009ad0                DeletePicture
 .text.TransferPicture
                0x20009b3c       0x54 ./src/sub-systemCode/payload/Request Management/DB_RequestHandling.o
                0x20009b3c                TransferPicture
 .text.CreateThumbnail
                0x20009b90       0x80 ./src/sub-systemCode/payload/Request Management/DB_RequestHandling.o
                0x20009b90                CreateThumbnail
 .text.CreateJPG
                0x20009c10       0x7c ./src/sub-systemCode/payload/Request Management/DB_RequestHandling.o
                0x20009c10                CreateJPG
 .text.UpdatePhotographyValues
                0x20009c8c       0xd8 ./src/sub-systemCode/payload/Request Management/DB_RequestHandling.o
                0x20009c8c                UpdatePhotographyValues
 .text.setChunkDimensions
                0x20009d64       0x64 ./src/sub-systemCode/payload/Request Management/DB_RequestHandling.o
                0x20009d64                setChunkDimensions
 .text.convert2char
                0x20009dc8      0x14c ./src/sub-systemCode/payload/Misc/Boolean_bit.o
                0x20009dc8                convert2char
 .text.convert2byte
                0x20009f14      0x1c8 ./src/sub-systemCode/payload/Misc/Boolean_bit.o
                0x20009f14                convert2byte
 .text.bits2byte
                0x2000a0dc      0x17c ./src/sub-systemCode/payload/Misc/Boolean_bit.o
                0x2000a0dc                bits2byte
 .text.byte2bits
                0x2000a258      0x17c ./src/sub-systemCode/payload/Misc/Boolean_bit.o
                0x2000a258                byte2bits
 .text.char2bits
                0x2000a3d4       0x44 ./src/sub-systemCode/payload/Misc/Boolean_bit.o
                0x2000a3d4                char2bits
 .text.bits2char
                0x2000a418       0x3c ./src/sub-systemCode/payload/Misc/Boolean_bit.o
                0x2000a418                bits2char
 .text.ReadFromFile
                0x2000a454       0x6c ./src/sub-systemCode/payload/Misc/FileSystem.o
                0x2000a454                ReadFromFile
 .text.WriteToFile
                0x2000a4c0       0x74 ./src/sub-systemCode/payload/Misc/FileSystem.o
                0x2000a4c0                WriteToFile
 .text.Initialized_GPIO
                0x2000a534       0x54 ./src/sub-systemCode/payload/Drivers/GeckoCameraDriver.o
                0x2000a534                Initialized_GPIO
 .text.TurnOnGecko
                0x2000a588      0x134 ./src/sub-systemCode/payload/Drivers/GeckoCameraDriver.o
                0x2000a588                TurnOnGecko
 .text.TurnOffGecko
                0x2000a6bc       0xcc ./src/sub-systemCode/payload/Drivers/GeckoCameraDriver.o
                0x2000a6bc                TurnOffGecko
 .text.initGecko
                0x2000a788       0x3c ./src/sub-systemCode/payload/Drivers/GeckoCameraDriver.o
                0x2000a788                initGecko
 .text.GECKO_TakeImage
                0x2000a7c4      0x2c4 ./src/sub-systemCode/payload/Drivers/GeckoCameraDriver.o
                0x2000a7c4                GECKO_TakeImage
 .text.readStopFlag
                0x2000aa88       0x48 ./src/sub-systemCode/payload/Drivers/GeckoCameraDriver.o
                0x2000aa88                readStopFlag
 .text.setStopFlag
                0x2000aad0       0x50 ./src/sub-systemCode/payload/Drivers/GeckoCameraDriver.o
                0x2000aad0                setStopFlag
 .text.GECKO_ReadImage
                0x2000ab20      0x1e4 ./src/sub-systemCode/payload/Drivers/GeckoCameraDriver.o
                0x2000ab20                GECKO_ReadImage
 .text.GECKO_EraseBlock
                0x2000ad04       0xdc ./src/sub-systemCode/payload/Drivers/GeckoCameraDriver.o
                0x2000ad04                GECKO_EraseBlock
 .text.getFileName
                0x2000ade0      0x1f8 ./src/sub-systemCode/payload/DataBase/DataBase.o
 .text.zeroImageDataBase
                0x2000afd8       0xfc ./src/sub-systemCode/payload/DataBase/DataBase.o
                0x2000afd8                zeroImageDataBase
 .text.updateGeneralDataBaseParameters
                0x2000b0d4       0x5c ./src/sub-systemCode/payload/DataBase/DataBase.o
                0x2000b0d4                updateGeneralDataBaseParameters
 .text.SearchDataBase_byID
                0x2000b130       0xe8 ./src/sub-systemCode/payload/DataBase/DataBase.o
                0x2000b130                SearchDataBase_byID
 .text.SearchDataBase_byMark
                0x2000b218       0xb8 ./src/sub-systemCode/payload/DataBase/DataBase.o
                0x2000b218                SearchDataBase_byMark
 .text.SearchDataBase_forLatestMarkedImage
                0x2000b2d0       0x38 ./src/sub-systemCode/payload/DataBase/DataBase.o
                0x2000b2d0                SearchDataBase_forLatestMarkedImage
 .text.SearchDataBase_byTimeRange
                0x2000b308      0x148 ./src/sub-systemCode/payload/DataBase/DataBase.o
                0x2000b308                SearchDataBase_byTimeRange
 .text.SearchDataBase_forImageFileType_byTimeRange
                0x2000b450      0x11c ./src/sub-systemCode/payload/DataBase/DataBase.o
                0x2000b450                SearchDataBase_forImageFileType_byTimeRange
 .text.checkForFileType
                0x2000b56c       0x74 ./src/sub-systemCode/payload/DataBase/DataBase.o
                0x2000b56c                checkForFileType
 .text.updateFileTypes
                0x2000b5e0       0xbc ./src/sub-systemCode/payload/DataBase/DataBase.o
                0x2000b5e0                updateFileTypes
 .text.GetImageFactor
                0x2000b69c       0x58 ./src/sub-systemCode/payload/DataBase/DataBase.o
                0x2000b69c                GetImageFactor
 .text.readImageFromBuffer
                0x2000b6f4      0x12c ./src/sub-systemCode/payload/DataBase/DataBase.o
                0x2000b6f4                readImageFromBuffer
 .text.saveImageToBuffer
                0x2000b820      0x12c ./src/sub-systemCode/payload/DataBase/DataBase.o
                0x2000b820                saveImageToBuffer
 .text.getLatestID
                0x2000b94c       0x48 ./src/sub-systemCode/payload/DataBase/DataBase.o
                0x2000b94c                getLatestID
 .text.getDataBaseStart
                0x2000b994       0x20 ./src/sub-systemCode/payload/DataBase/DataBase.o
                0x2000b994                getDataBaseStart
 .text.getDataBaseEnd
                0x2000b9b4       0x20 ./src/sub-systemCode/payload/DataBase/DataBase.o
                0x2000b9b4                getDataBaseEnd
 .text.setDataBaseValues
                0x2000b9d4       0xd0 ./src/sub-systemCode/payload/DataBase/DataBase.o
                0x2000b9d4                setDataBaseValues
 .text.initImageDataBase
                0x2000baa4       0xd4 ./src/sub-systemCode/payload/DataBase/DataBase.o
                0x2000baa4                initImageDataBase
 .text.resetImageDataBase
                0x2000bb78       0x98 ./src/sub-systemCode/payload/DataBase/DataBase.o
                0x2000bb78                resetImageDataBase
 .text.setCameraPhotographyValues
                0x2000bc10      0x130 ./src/sub-systemCode/payload/DataBase/DataBase.o
                0x2000bc10                setCameraPhotographyValues
 .text.transferImageToSD_withoutSearch
                0x2000bd40      0x16c ./src/sub-systemCode/payload/DataBase/DataBase.o
                0x2000bd40                transferImageToSD_withoutSearch
 .text.transferImageToSD
                0x2000beac       0xac ./src/sub-systemCode/payload/DataBase/DataBase.o
                0x2000beac                transferImageToSD
 .text.DeleteImageFromOBC_withoutSearch
                0x2000bf58       0xf0 ./src/sub-systemCode/payload/DataBase/DataBase.o
                0x2000bf58                DeleteImageFromOBC_withoutSearch
 .text.DeleteImageFromOBC
                0x2000c048       0xb8 ./src/sub-systemCode/payload/DataBase/DataBase.o
                0x2000c048                DeleteImageFromOBC
 .text.DeleteImageFromPayload
                0x2000c100      0x260 ./src/sub-systemCode/payload/DataBase/DataBase.o
                0x2000c100                DeleteImageFromPayload
 .text.clearImageDataBase
                0x2000c360      0x134 ./src/sub-systemCode/payload/DataBase/DataBase.o
                0x2000c360                clearImageDataBase
 .text.handleMarkedPictures
                0x2000c494      0x21c ./src/sub-systemCode/payload/DataBase/DataBase.o
                0x2000c494                handleMarkedPictures
 .text.writeNewImageMetaDataToFRAM
                0x2000c6b0      0x21c ./src/sub-systemCode/payload/DataBase/DataBase.o
                0x2000c6b0                writeNewImageMetaDataToFRAM
 .text.takePicture
                0x2000c8cc      0x454 ./src/sub-systemCode/payload/DataBase/DataBase.o
                0x2000c8cc                takePicture
 .text.takePicture_withSpecialParameters
                0x2000cd20       0xc4 ./src/sub-systemCode/payload/DataBase/DataBase.o
                0x2000cd20                takePicture_withSpecialParameters
 .text.GetImageFileName_withSpecialParameters
                0x2000cde4       0x98 ./src/sub-systemCode/payload/DataBase/DataBase.o
                0x2000cde4                GetImageFileName_withSpecialParameters
 .text.GetImageFileName
                0x2000ce7c       0x98 ./src/sub-systemCode/payload/DataBase/DataBase.o
                0x2000ce7c                GetImageFileName
 .text.getDataBaseSize
                0x2000cf14       0x20 ./src/sub-systemCode/payload/DataBase/DataBase.o
                0x2000cf14                getDataBaseSize
 .text.getImageDataBaseBuffer
                0x2000cf34      0x144 ./src/sub-systemCode/payload/DataBase/DataBase.o
                0x2000cf34                getImageDataBaseBuffer
 .text.setAutoThumbnailCreation
                0x2000d078       0x30 ./src/sub-systemCode/payload/DataBase/DataBase.o
                0x2000d078                setAutoThumbnailCreation
 .text.Gecko_TroubleShooter
                0x2000d0a8       0xd8 ./src/sub-systemCode/payload/DataBase/DataBase.o
                0x2000d0a8                Gecko_TroubleShooter
 .text.TransformRawToBMP
                0x2000d180      0x1b8 ./src/sub-systemCode/payload/Compression/jpeg/bmp/rawToBMP.o
                0x2000d180                TransformRawToBMP
 .text.interpolate
                0x2000d338      0x8d0 ./src/sub-systemCode/payload/Compression/jpeg/bmp/rawToBMP.o
                0x2000d338                interpolate
 .text.getInputAt
                0x2000dc08      0x288 ./src/sub-systemCode/payload/Compression/jpeg/bmp/rawToBMP.o
                0x2000dc08                getInputAt
 .text.f_writeF_FILEHeader
                0x2000de90      0x2d8 ./src/sub-systemCode/payload/Compression/jpeg/bmp/rawToBMP.o
                0x2000de90                f_writeF_FILEHeader
 .text.f_writeOutputRow
                0x2000e168       0xa4 ./src/sub-systemCode/payload/Compression/jpeg/bmp/rawToBMP.o
                0x2000e168                f_writeOutputRow
 .text.dct      0x2000e20c      0x9c4 ./src/sub-systemCode/payload/Compression/jpeg/DCT.o
                0x2000e20c                dct
 .text.JPEG_compressor
                0x2000ebd0       0xbc ./src/sub-systemCode/payload/Compression/jpeg/ImgCompressor.o
                0x2000ebd0                JPEG_compressor
 .text.Create_BMP_File
                0x2000ec8c       0xf4 ./src/sub-systemCode/payload/Compression/jpeg/ImgCompressor.o
                0x2000ec8c                Create_BMP_File
 .text.CompressImage
                0x2000ed80      0x1b4 ./src/sub-systemCode/payload/Compression/jpeg/ImgCompressor.o
                0x2000ed80                CompressImage
 .text.clamp    0x2000ef34       0x60 ./src/sub-systemCode/payload/Compression/jpeg/color_conv.o
                0x2000ef34                clamp
 .text.RGB_to_YCC
                0x2000ef94      0x1a8 ./src/sub-systemCode/payload/Compression/jpeg/color_conv.o
                0x2000ef94                RGB_to_YCC
 .text.RGB_to_Y
                0x2000f13c       0xc4 ./src/sub-systemCode/payload/Compression/jpeg/color_conv.o
                0x2000f13c                RGB_to_Y
 .text.Y_to_YCC
                0x2000f200       0x88 ./src/sub-systemCode/payload/Compression/jpeg/color_conv.o
                0x2000f200                Y_to_YCC
 .text.compress_image_to_jpeg_file
                0x2000f288      0x1ac ./src/sub-systemCode/payload/Compression/jpeg/jpeg.o
                0x2000f288                compress_image_to_jpeg_file
 .text.emit_marker
                0x2000f434       0xc8 ./src/sub-systemCode/payload/Compression/jpeg/jpeg_encoder.o
                0x2000f434                emit_marker
 .text.emit_byte
                0x2000f4fc       0x6c ./src/sub-systemCode/payload/Compression/jpeg/jpeg_encoder.o
                0x2000f4fc                emit_byte
 .text.emit_word
                0x2000f568       0xd0 ./src/sub-systemCode/payload/Compression/jpeg/jpeg_encoder.o
                0x2000f568                emit_word
 .text.emit_jfif_app0
                0x2000f638       0xc0 ./src/sub-systemCode/payload/Compression/jpeg/jpeg_encoder.o
                0x2000f638                emit_jfif_app0
 .text.emit_dqt
                0x2000f6f8       0xd8 ./src/sub-systemCode/payload/Compression/jpeg/jpeg_encoder.o
                0x2000f6f8                emit_dqt
 .text.emit_sof
                0x2000f7d0      0x14c ./src/sub-systemCode/payload/Compression/jpeg/jpeg_encoder.o
                0x2000f7d0                emit_sof
 .text.emit_dht
                0x2000f91c      0x138 ./src/sub-systemCode/payload/Compression/jpeg/jpeg_encoder.o
                0x2000f91c                emit_dht
 .text.emit_dhts
                0x2000fa54       0xd8 ./src/sub-systemCode/payload/Compression/jpeg/jpeg_encoder.o
                0x2000fa54                emit_dhts
 .text.emit_sos
                0x2000fb2c       0xec ./src/sub-systemCode/payload/Compression/jpeg/jpeg_encoder.o
                0x2000fb2c                emit_sos
 .text.emit_markers
                0x2000fc18       0x4c ./src/sub-systemCode/payload/Compression/jpeg/jpeg_encoder.o
                0x2000fc18                emit_markers
 .text.compute_huffman_table
                0x2000fc64      0x334 ./src/sub-systemCode/payload/Compression/jpeg/jpeg_encoder.o
                0x2000fc64                compute_huffman_table
 .text.compute_quant_table
                0x2000ff98      0x11c ./src/sub-systemCode/payload/Compression/jpeg/jpeg_encoder.o
                0x2000ff98                compute_quant_table
 .text.first_pass_init
                0x200100b4       0x54 ./src/sub-systemCode/payload/Compression/jpeg/jpeg_encoder.o
                0x200100b4                first_pass_init
 .text.second_pass_init
                0x20010108      0x110 ./src/sub-systemCode/payload/Compression/jpeg/jpeg_encoder.o
                0x20010108                second_pass_init
 .text.jpg_open
                0x20010218      0x7b4 ./src/sub-systemCode/payload/Compression/jpeg/jpeg_encoder.o
                0x20010218                jpg_open
 .text.load_block_8_8_grey
                0x200109cc      0x164 ./src/sub-systemCode/payload/Compression/jpeg/jpeg_encoder.o
                0x200109cc                load_block_8_8_grey
 .text.load_block_8_8
                0x20010b30      0x198 ./src/sub-systemCode/payload/Compression/jpeg/jpeg_encoder.o
                0x20010b30                load_block_8_8
 .text.load_block_16_8
                0x20010cc8      0x3cc ./src/sub-systemCode/payload/Compression/jpeg/jpeg_encoder.o
                0x20010cc8                load_block_16_8
 .text.load_block_16_8_8
                0x20011094      0x2a8 ./src/sub-systemCode/payload/Compression/jpeg/jpeg_encoder.o
                0x20011094                load_block_16_8_8
 .text.load_coefficients
                0x2001133c      0x1c8 ./src/sub-systemCode/payload/Compression/jpeg/jpeg_encoder.o
                0x2001133c                load_coefficients
 .text.flush_output_buffer
                0x20011504       0xa0 ./src/sub-systemCode/payload/Compression/jpeg/jpeg_encoder.o
                0x20011504                flush_output_buffer
 .text.put_bits
                0x200115a4      0x170 ./src/sub-systemCode/payload/Compression/jpeg/jpeg_encoder.o
                0x200115a4                put_bits
 .text.code_coefficients_pass_two
                0x20011714      0x338 ./src/sub-systemCode/payload/Compression/jpeg/jpeg_encoder.o
                0x20011714                code_coefficients_pass_two
 .text.code_block
                0x20011a4c       0x44 ./src/sub-systemCode/payload/Compression/jpeg/jpeg_encoder.o
                0x20011a4c                code_block
 .text.process_mcu_row
                0x20011a90      0x328 ./src/sub-systemCode/payload/Compression/jpeg/jpeg_encoder.o
                0x20011a90                process_mcu_row
 .text.terminate_pass_two
                0x20011db8       0x44 ./src/sub-systemCode/payload/Compression/jpeg/jpeg_encoder.o
                0x20011db8                terminate_pass_two
 .text.process_end_of_image
                0x20011dfc       0xc0 ./src/sub-systemCode/payload/Compression/jpeg/jpeg_encoder.o
                0x20011dfc                process_end_of_image
 .text.load_mcu
                0x20011ebc      0x29c ./src/sub-systemCode/payload/Compression/jpeg/jpeg_encoder.o
                0x20011ebc                load_mcu
 .text.clear    0x20012158      0x1e0 ./src/sub-systemCode/payload/Compression/jpeg/jpeg_encoder.o
                0x20012158                clear
 .text.init     0x20012338       0xe4 ./src/sub-systemCode/payload/Compression/jpeg/jpeg_encoder.o
                0x20012338                init
 .text.deinit   0x2001241c      0x160 ./src/sub-systemCode/payload/Compression/jpeg/jpeg_encoder.o
                0x2001241c                deinit
 .text.process_scanline
                0x2001257c       0x6c ./src/sub-systemCode/payload/Compression/jpeg/jpeg_encoder.o
                0x2001257c                process_scanline
 .text.jpge_malloc
                0x200125e8       0x28 ./src/sub-systemCode/payload/Compression/jpeg/jpeg_memory_alloc.o
                0x200125e8                jpge_malloc
 .text.jpge_cmalloc
                0x20012610       0x48 ./src/sub-systemCode/payload/Compression/jpeg/jpeg_memory_alloc.o
                0x20012610                jpge_cmalloc
 .text.jpge_free
                0x20012658       0x24 ./src/sub-systemCode/payload/Compression/jpeg/jpeg_memory_alloc.o
                0x20012658                jpge_free
 .text.check    0x2001267c       0x78 ./src/sub-systemCode/payload/Compression/jpeg/jpeg_params.o
                0x2001267c                check
 .text.open_jpeg_file
                0x200126f4       0xfc ./src/sub-systemCode/payload/Compression/jpeg/output_stream.o
                0x200126f4                open_jpeg_file
 .text.close_jpeg_file
                0x200127f0      0x118 ./src/sub-systemCode/payload/Compression/jpeg/output_stream.o
                0x200127f0                close_jpeg_file
 .text.put_buf  0x20012908      0x258 ./src/sub-systemCode/payload/Compression/jpeg/output_stream.o
                0x20012908                put_buf
 .text.GetBayerPixel
                0x20012b60       0xe8 ./src/sub-systemCode/payload/Compression/ImageConversion.o
 .text.BinImage
                0x20012c48      0x2c8 ./src/sub-systemCode/payload/Compression/ImageConversion.o
                0x20012c48                BinImage
 .text.ImageSkipping
                0x20012f10      0x2ac ./src/sub-systemCode/payload/Compression/ImageConversion.o
                0x20012f10                ImageSkipping
 .text.CreateImageThumbnail_withoutSearch
                0x200131bc      0x14c ./src/sub-systemCode/payload/Compression/ImageConversion.o
                0x200131bc                CreateImageThumbnail_withoutSearch
 .text.CreateImageThumbnail
                0x20013308       0x98 ./src/sub-systemCode/payload/Compression/ImageConversion.o
                0x20013308                CreateImageThumbnail
 .text.compressImage
                0x200133a0      0x16c ./src/sub-systemCode/payload/Compression/ImageConversion.o
                0x200133a0                compressImage
 .text.AdcsCmdQueueInit
                0x2001350c       0x4c ./src/sub-systemCode/Main/CMD/ADCS_CMD.o
                0x2001350c                AdcsCmdQueueInit
 .text.AdcsCmdQueueGet
                0x20013558       0x8c ./src/sub-systemCode/Main/CMD/ADCS_CMD.o
                0x20013558                AdcsCmdQueueGet
 .text.AdcsCmdQueueAdd
                0x200135e4       0x74 ./src/sub-systemCode/Main/CMD/ADCS_CMD.o
                0x200135e4                AdcsCmdQueueAdd
 .text.AdcsCmdQueueIsEmpty
                0x20013658       0x3c ./src/sub-systemCode/Main/CMD/ADCS_CMD.o
                0x20013658                AdcsCmdQueueIsEmpty
 .text.getAdcsQueueWaitPointer
                0x20013694       0x20 ./src/sub-systemCode/Main/CMD/ADCS_CMD.o
                0x20013694                getAdcsQueueWaitPointer
 .text.cmd_mute
                0x200136b4       0xf4 ./src/sub-systemCode/Main/CMD/COMM_CMD.o
                0x200136b4                cmd_mute
 .text.cmd_unmute
                0x200137a8       0x90 ./src/sub-systemCode/Main/CMD/COMM_CMD.o
                0x200137a8                cmd_unmute
 .text.cmd_active_trans
                0x20013838       0xc0 ./src/sub-systemCode/Main/CMD/COMM_CMD.o
                0x20013838                cmd_active_trans
 .text.cmd_shut_trans
                0x200138f8       0x8c ./src/sub-systemCode/Main/CMD/COMM_CMD.o
                0x200138f8                cmd_shut_trans
 .text.cmd_change_trans_rssi
                0x20013984      0x140 ./src/sub-systemCode/Main/CMD/COMM_CMD.o
                0x20013984                cmd_change_trans_rssi
 .text.cmd_aprs_dump
                0x20013ac4       0x38 ./src/sub-systemCode/Main/CMD/COMM_CMD.o
                0x20013ac4                cmd_aprs_dump
 .text.cmd_stop_dump
                0x20013afc       0x8c ./src/sub-systemCode/Main/CMD/COMM_CMD.o
                0x20013afc                cmd_stop_dump
 .text.cmd_time_frequency
                0x20013b88       0xf8 ./src/sub-systemCode/Main/CMD/COMM_CMD.o
                0x20013b88                cmd_time_frequency
 .text.cmd_change_def_bit_rate
                0x20013c80      0x1a8 ./src/sub-systemCode/Main/CMD/COMM_CMD.o
                0x20013c80                cmd_change_def_bit_rate
 .text.cmd_upload_volt_logic
                0x20013e28      0x370 ./src/sub-systemCode/Main/CMD/EPS_CMD.o
                0x20013e28                cmd_upload_volt_logic
 .text.cmd_upload_volt_COMM
                0x20014198      0x1d4 ./src/sub-systemCode/Main/CMD/EPS_CMD.o
                0x20014198                cmd_upload_volt_COMM
 .text.cmd_heater_temp
                0x2001436c       0xe4 ./src/sub-systemCode/Main/CMD/EPS_CMD.o
                0x2001436c                cmd_heater_temp
 .text.cmd_SHUT_CAM
                0x20014450       0x78 ./src/sub-systemCode/Main/CMD/EPS_CMD.o
                0x20014450                cmd_SHUT_CAM
 .text.cmd_SHUT_ADCS
                0x200144c8       0x78 ./src/sub-systemCode/Main/CMD/EPS_CMD.o
                0x200144c8                cmd_SHUT_ADCS
 .text.cmd_allow_CAM
                0x20014540       0x78 ./src/sub-systemCode/Main/CMD/EPS_CMD.o
                0x20014540                cmd_allow_CAM
 .text.cmd_allow_ADCS
                0x200145b8       0x78 ./src/sub-systemCode/Main/CMD/EPS_CMD.o
                0x200145b8                cmd_allow_ADCS
 .text.cmd_update_alpha
                0x20014630      0x120 ./src/sub-systemCode/Main/CMD/EPS_CMD.o
                0x20014630                cmd_update_alpha
 .text.cmd_generic_I2C
                0x20014750       0xe4 ./src/sub-systemCode/Main/CMD/General_CMD.o
                0x20014750                cmd_generic_I2C
 .text.cmd_dump
                0x20014834       0xf0 ./src/sub-systemCode/Main/CMD/General_CMD.o
                0x20014834                cmd_dump
 .text.cmd_delete_TM
                0x20014924      0x24c ./src/sub-systemCode/Main/CMD/General_CMD.o
                0x20014924                cmd_delete_TM
 .text.cmd_reset_file
                0x20014b70      0x130 ./src/sub-systemCode/Main/CMD/General_CMD.o
                0x20014b70                cmd_reset_file
 .text.cmd_format_SD
                0x20014ca0       0x7c ./src/sub-systemCode/Main/CMD/General_CMD.o
                0x20014ca0                cmd_format_SD
 .text.cmd_dummy_func
                0x20014d1c       0x38 ./src/sub-systemCode/Main/CMD/General_CMD.o
                0x20014d1c                cmd_dummy_func
 .text.cmd_reset_TLM_SD
                0x20014d54       0x54 ./src/sub-systemCode/Main/CMD/General_CMD.o
                0x20014d54                cmd_reset_TLM_SD
 .text.cmd_stop_TM
                0x20014da8       0x7c ./src/sub-systemCode/Main/CMD/General_CMD.o
                0x20014da8                cmd_stop_TM
 .text.cmd_resume_TM
                0x20014e24       0x7c ./src/sub-systemCode/Main/CMD/General_CMD.o
                0x20014e24                cmd_resume_TM
 .text.cmd_soft_reset_cmponent
                0x20014ea0       0xd0 ./src/sub-systemCode/Main/CMD/General_CMD.o
                0x20014ea0                cmd_soft_reset_cmponent
 .text.cmd_hard_reset_cmponent
                0x20014f70       0xd0 ./src/sub-systemCode/Main/CMD/General_CMD.o
                0x20014f70                cmd_hard_reset_cmponent
 .text.cmd_reset_satellite
                0x20015040       0x90 ./src/sub-systemCode/Main/CMD/General_CMD.o
                0x20015040                cmd_reset_satellite
 .text.cmd_gracefull_reset_satellite
                0x200150d0       0x90 ./src/sub-systemCode/Main/CMD/General_CMD.o
                0x200150d0                cmd_gracefull_reset_satellite
 .text.cmd_upload_time
                0x20015160       0xc4 ./src/sub-systemCode/Main/CMD/General_CMD.o
                0x20015160                cmd_upload_time
 .text.cmd_ARM_DIARM
                0x20015224      0x104 ./src/sub-systemCode/Main/CMD/General_CMD.o
                0x20015224                cmd_ARM_DIARM
 .text.cmd_deploy_ants
                0x20015328       0xcc ./src/sub-systemCode/Main/CMD/General_CMD.o
                0x20015328                cmd_deploy_ants
 .text.cmd_get_onlineTM
                0x200153f4      0x220 ./src/sub-systemCode/Main/CMD/General_CMD.o
                0x200153f4                cmd_get_onlineTM
 .text.cmd_reset_off_line
                0x20015614       0x74 ./src/sub-systemCode/Main/CMD/General_CMD.o
                0x20015614                cmd_reset_off_line
 .text.cmd_add_item_off_line
                0x20015688      0x124 ./src/sub-systemCode/Main/CMD/General_CMD.o
                0x20015688                cmd_add_item_off_line
 .text.cmd_delete_item_off_line
                0x200157ac       0xb0 ./src/sub-systemCode/Main/CMD/General_CMD.o
                0x200157ac                cmd_delete_item_off_line
 .text.cmd_get_off_line_setting
                0x2001585c      0x1cc ./src/sub-systemCode/Main/CMD/General_CMD.o
                0x2001585c                cmd_get_off_line_setting
 .text.cmd_reset_delayed_command_list
                0x20015a28       0x3c ./src/sub-systemCode/Main/CMD/SW_CMD.o
                0x20015a28                cmd_reset_delayed_command_list
 .text.cmd_reset_APRS_list
                0x20015a64       0x3c ./src/sub-systemCode/Main/CMD/SW_CMD.o
                0x20015a64                cmd_reset_APRS_list
 .text.cmd_reset_FRAM
                0x20015aa0      0x100 ./src/sub-systemCode/Main/CMD/SW_CMD.o
                0x20015aa0                cmd_reset_FRAM
 .text.cmd_FRAM_read
                0x20015ba0      0x270 ./src/sub-systemCode/Main/CMD/SW_CMD.o
                0x20015ba0                cmd_FRAM_read
 .text.cmd_FRAM_write
                0x20015e10      0x114 ./src/sub-systemCode/Main/CMD/SW_CMD.o
                0x20015e10                cmd_FRAM_write
 .text.init_Ants
                0x20015f24       0x90 ./src/sub-systemCode/Main/Ants.o
                0x20015f24                init_Ants
 .text.ARM_ants
                0x20015fb4       0xb8 ./src/sub-systemCode/Main/Ants.o
                0x20015fb4                ARM_ants
 .text.DISARM_ants
                0x2001606c       0xf0 ./src/sub-systemCode/Main/Ants.o
                0x2001606c                DISARM_ants
 .text.deploye_ants
                0x2001615c       0x90 ./src/sub-systemCode/Main/Ants.o
                0x2001615c                deploye_ants
 .text.checkDeployAttempt
                0x200161ec      0x180 ./src/sub-systemCode/Main/Ants.o
                0x200161ec                checkDeployAttempt
 .text.reset_deployStatusFRAM
                0x2001636c       0xdc ./src/sub-systemCode/Main/Ants.o
                0x2001636c                reset_deployStatusFRAM
 .text.reset_FRAM_ants
                0x20016448       0xc4 ./src/sub-systemCode/Main/Ants.o
                0x20016448                reset_FRAM_ants
 .text.DeployIfNeeded
                0x2001650c      0x188 ./src/sub-systemCode/Main/Ants.o
                0x2001650c                DeployIfNeeded
 .text.update_stopDeploy_FRAM
                0x20016694       0x64 ./src/sub-systemCode/Main/Ants.o
                0x20016694                update_stopDeploy_FRAM
 .text.round_vol
                0x200166f8      0x124 ./src/sub-systemCode/Main/EPS.o
                0x200166f8                round_vol
 .text.get_shut_ADCS
                0x2001681c       0x64 ./src/sub-systemCode/Main/EPS.o
                0x2001681c                get_shut_ADCS
 .text.shut_ADCS
                0x20016880       0x60 ./src/sub-systemCode/Main/EPS.o
                0x20016880                shut_ADCS
 .text.get_shut_CAM
                0x200168e0       0x64 ./src/sub-systemCode/Main/EPS.o
                0x200168e0                get_shut_CAM
 .text.shut_CAM
                0x20016944       0x60 ./src/sub-systemCode/Main/EPS.o
                0x20016944                shut_CAM
 .text.update_powerLines
                0x200169a4      0x124 ./src/sub-systemCode/Main/EPS.o
                0x200169a4                update_powerLines
 .text.get_EPS_mode_t
                0x20016ac8       0x24 ./src/sub-systemCode/Main/EPS.o
                0x20016ac8                get_EPS_mode_t
 .text.init_enterMode
                0x20016aec       0x88 ./src/sub-systemCode/Main/EPS.o
                0x20016aec                init_enterMode
 .text.EPS_Init
                0x20016b74      0x1ac ./src/sub-systemCode/Main/EPS.o
                0x20016b74                EPS_Init
 .text.reset_FRAM_EPS
                0x20016d20      0x150 ./src/sub-systemCode/Main/EPS.o
                0x20016d20                reset_FRAM_EPS
 .text.reset_EPS_voltages
                0x20016e70      0x110 ./src/sub-systemCode/Main/EPS.o
                0x20016e70                reset_EPS_voltages
 .text.writeState_log
                0x20016f80       0x94 ./src/sub-systemCode/Main/EPS.o
                0x20016f80                writeState_log
 .text.battery_downward
                0x20017014      0x144 ./src/sub-systemCode/Main/EPS.o
                0x20017014                battery_downward
 .text.battery_upward
                0x20017158      0x150 ./src/sub-systemCode/Main/EPS.o
                0x20017158                battery_upward
 .text.sanityCheck_EPS
                0x200172a8      0x178 ./src/sub-systemCode/Main/EPS.o
                0x200172a8                sanityCheck_EPS
 .text.overRide_ADCS
                0x20017420       0x50 ./src/sub-systemCode/Main/EPS.o
                0x20017420                overRide_ADCS
 .text.overRide_Camera
                0x20017470       0x38 ./src/sub-systemCode/Main/EPS.o
                0x20017470                overRide_Camera
 .text.EPS_Conditioning
                0x200174a8      0x2e4 ./src/sub-systemCode/Main/EPS.o
                0x200174a8                EPS_Conditioning
 .text.EnterFullMode
                0x2001778c       0xf0 ./src/sub-systemCode/Main/EPS.o
                0x2001778c                EnterFullMode
 .text.EnterCruiseMode
                0x2001787c       0xe0 ./src/sub-systemCode/Main/EPS.o
                0x2001787c                EnterCruiseMode
 .text.EnterSafeMode
                0x2001795c       0xe0 ./src/sub-systemCode/Main/EPS.o
                0x2001795c                EnterSafeMode
 .text.EnterCriticalMode
                0x20017a3c       0xcc ./src/sub-systemCode/Main/EPS.o
                0x20017a3c                EnterCriticalMode
 .text.check_EPSTableCorrection
                0x20017b08      0x120 ./src/sub-systemCode/Main/EPS.o
                0x20017b08                check_EPSTableCorrection
 .text.save_ACK
                0x20017c28       0xc8 ./src/sub-systemCode/Main/HouseKeeping.o
                0x20017c28                save_ACK
 .text.set_GP_EPS
                0x20017cf0      0x10c ./src/sub-systemCode/Main/HouseKeeping.o
                0x20017cf0                set_GP_EPS
 .text.set_GP_COMM
                0x20017dfc       0x88 ./src/sub-systemCode/Main/HouseKeeping.o
                0x20017dfc                set_GP_COMM
 .text.SP_HK_collect
                0x20017e84      0x22c ./src/sub-systemCode/Main/HouseKeeping.o
                0x20017e84                SP_HK_collect
 .text.EPS_HK_collect
                0x200180b0      0x528 ./src/sub-systemCode/Main/HouseKeeping.o
                0x200180b0                EPS_HK_collect
 .text.CAM_HK_collect
                0x200185d8      0x920 ./src/sub-systemCode/Main/HouseKeeping.o
                0x200185d8                CAM_HK_collect
 .text.COMM_HK_collect
                0x20018ef8      0x2d0 ./src/sub-systemCode/Main/HouseKeeping.o
                0x20018ef8                COMM_HK_collect
 .text.HK_find_ADCSTM_fileName
                0x200191c8      0x44c ./src/sub-systemCode/Main/HouseKeeping.o
                0x200191c8                HK_find_ADCSTM_fileName
 .text.HK_find_fileName
                0x20019614      0x174 ./src/sub-systemCode/Main/HouseKeeping.o
                0x20019614                HK_find_fileName
 .text.HK_find_ADCSTM_ElementSize
                0x20019788      0x1b8 ./src/sub-systemCode/Main/HouseKeeping.o
                0x20019788                HK_find_ADCSTM_ElementSize
 .text.HK_findElementSize
                0x20019940       0xd4 ./src/sub-systemCode/Main/HouseKeeping.o
                0x20019940                HK_findElementSize
 .text.build_HK_spl_packet
                0x20019a14      0x27c ./src/sub-systemCode/Main/HouseKeeping.o
                0x20019a14                build_HK_spl_packet
 .text.numberOfRestarts
                0x20019c90       0x94 ./src/sub-systemCode/Main/Main_Init.o
                0x20019c90                numberOfRestarts
 .text.StartFRAM
                0x20019d24       0x1c ./src/sub-systemCode/Main/Main_Init.o
                0x20019d24                StartFRAM
 .text.StartI2C
                0x20019d40       0x28 ./src/sub-systemCode/Main/Main_Init.o
                0x20019d40                StartI2C
 .text.StartSPI
                0x20019d68       0x24 ./src/sub-systemCode/Main/Main_Init.o
                0x20019d68                StartSPI
 .text.StartTIME
                0x20019d8c      0x104 ./src/sub-systemCode/Main/Main_Init.o
                0x20019d8c                StartTIME
 .text.first_activation
                0x20019e90       0x7c ./src/sub-systemCode/Main/Main_Init.o
                0x20019e90                first_activation
 .text.InitSubsystems
                0x20019f0c       0x74 ./src/sub-systemCode/Main/Main_Init.o
                0x20019f0c                InitSubsystems
 .text.SubSystemTaskStart
                0x20019f80      0x13c ./src/sub-systemCode/Main/Main_Init.o
                0x20019f80                SubSystemTaskStart
 .text.copy_command
                0x2001a0bc       0x80 ./src/sub-systemCode/Main/commands.o
                0x2001a0bc                copy_command
 .text.reset_command
                0x2001a13c       0x28 ./src/sub-systemCode/Main/commands.o
                0x2001a13c                reset_command
 .text.init_command
                0x2001a164       0xf4 ./src/sub-systemCode/Main/commands.o
                0x2001a164                init_command
 .text.add_command
                0x2001a258      0x12c ./src/sub-systemCode/Main/commands.o
                0x2001a258                add_command
 .text.get_command
                0x2001a384      0x1c0 ./src/sub-systemCode/Main/commands.o
                0x2001a384                get_command
 .text.act_upon_command
                0x2001a544      0x1cc ./src/sub-systemCode/Main/commands.o
                0x2001a544                act_upon_command
 .text.cmd_error
                0x2001a710       0x38 ./src/sub-systemCode/Main/commands.o
                0x2001a710                cmd_error
 .text.AUC_COMM
                0x2001a748      0x25c ./src/sub-systemCode/Main/commands.o
                0x2001a748                AUC_COMM
 .text.AUC_general
                0x2001a9a4      0x3c8 ./src/sub-systemCode/Main/commands.o
                0x2001a9a4                AUC_general
 .text.AUC_payload
                0x2001ad6c      0x248 ./src/sub-systemCode/Main/commands.o
                0x2001ad6c                AUC_payload
 .text.AUC_EPS  0x2001afb4      0x28c ./src/sub-systemCode/Main/commands.o
                0x2001afb4                AUC_EPS
 .text.AUC_SW   0x2001b240      0x1cc ./src/sub-systemCode/Main/commands.o
                0x2001b240                AUC_SW
 .text.AUC_onlineTM
                0x2001b40c      0x1f0 ./src/sub-systemCode/Main/commands.o
                0x2001b40c                AUC_onlineTM
 .text.AUC_CUF  0x2001b5fc      0x160 ./src/sub-systemCode/Main/commands.o
                0x2001b5fc                AUC_CUF
 .text.init_GenericSaveQueue
                0x2001b75c       0x3c ./src/sub-systemCode/Global/GenericTaskSave.o
                0x2001b75c                init_GenericSaveQueue
 .text.add_GenericElement_queue
                0x2001b798       0x80 ./src/sub-systemCode/Global/GenericTaskSave.o
                0x2001b798                add_GenericElement_queue
 .text.GenericSave_Task
                0x2001b818      0x128 ./src/sub-systemCode/Global/GenericTaskSave.o
                0x2001b818                GenericSave_Task
 .text.check_int
                0x2001b940       0x20 ./src/sub-systemCode/Global/Global.o
                0x2001b940                check_int
 .text.check_portBASE_TYPE
                0x2001b960       0x20 ./src/sub-systemCode/Global/Global.o
                0x2001b960                check_portBASE_TYPE
 .text.soft_reset_subsystem
                0x2001b980       0xf0 ./src/sub-systemCode/Global/Global.o
                0x2001b980                soft_reset_subsystem
 .text.hard_reset_subsystem
                0x2001ba70      0x134 ./src/sub-systemCode/Global/Global.o
                0x2001ba70                hard_reset_subsystem
 .text.BigEnE_raw_to_uInt
                0x2001bba4       0x94 ./src/sub-systemCode/Global/Global.o
                0x2001bba4                BigEnE_raw_to_uInt
 .text.BigEnE_raw_to_uShort
                0x2001bc38       0x50 ./src/sub-systemCode/Global/Global.o
                0x2001bc38                BigEnE_raw_to_uShort
 .text.BigEnE_uInt_to_raw
                0x2001bc88       0x78 ./src/sub-systemCode/Global/Global.o
                0x2001bc88                BigEnE_uInt_to_raw
 .text.reset_FRAM_MAIN
                0x2001bd00      0x1cc ./src/sub-systemCode/Global/Global.o
                0x2001bd00                reset_FRAM_MAIN
 .text.getBitValueByIndex
                0x2001becc       0xd0 ./src/sub-systemCode/Global/Global.o
                0x2001becc                getBitValueByIndex
 .text.FRAM_write_exte
                0x2001bf9c       0x84 ./src/sub-systemCode/Global/Global.o
                0x2001bf9c                FRAM_write_exte
 .text.FRAM_read_exte
                0x2001c020       0x84 ./src/sub-systemCode/Global/Global.o
                0x2001c020                FRAM_read_exte
 .text.FRAM_writeAndVerify_exte
                0x2001c0a4       0x84 ./src/sub-systemCode/Global/Global.o
                0x2001c0a4                FRAM_writeAndVerify_exte
 .text.init_GP  0x2001c128      0x368 ./src/sub-systemCode/Global/GlobalParam.o
                0x2001c128                init_GP
 .text.get_system_state
                0x2001c490      0x268 ./src/sub-systemCode/Global/GlobalParam.o
                0x2001c490                get_system_state
 .text.set_system_state
                0x2001c6f8      0x298 ./src/sub-systemCode/Global/GlobalParam.o
                0x2001c6f8                set_system_state
 .text.get_systems_state_param
                0x2001c990       0x8c ./src/sub-systemCode/Global/GlobalParam.o
                0x2001c990                get_systems_state_param
 .text.get_current_global_param
                0x2001ca1c      0x55c ./src/sub-systemCode/Global/GlobalParam.o
                0x2001ca1c                get_current_global_param
 .text.set_Vbatt
                0x2001cf78       0x8c ./src/sub-systemCode/Global/GlobalParam.o
                0x2001cf78                set_Vbatt
 .text.get_Vbatt
                0x2001d004       0x8c ./src/sub-systemCode/Global/GlobalParam.o
                0x2001d004                get_Vbatt
 .text.set_curBat
                0x2001d090       0x8c ./src/sub-systemCode/Global/GlobalParam.o
                0x2001d090                set_curBat
 .text.set_cur3V3
                0x2001d11c       0x8c ./src/sub-systemCode/Global/GlobalParam.o
                0x2001d11c                set_cur3V3
 .text.set_cur5V
                0x2001d1a8       0x8c ./src/sub-systemCode/Global/GlobalParam.o
                0x2001d1a8                set_cur5V
 .text.set_tempComm_LO
                0x2001d234       0x8c ./src/sub-systemCode/Global/GlobalParam.o
                0x2001d234                set_tempComm_LO
 .text.set_tempComm_PA
                0x2001d2c0       0x8c ./src/sub-systemCode/Global/GlobalParam.o
                0x2001d2c0                set_tempComm_PA
 .text.set_tempEPS
                0x2001d34c       0xc8 ./src/sub-systemCode/Global/GlobalParam.o
                0x2001d34c                set_tempEPS
 .text.set_tempBatt
                0x2001d414       0xc8 ./src/sub-systemCode/Global/GlobalParam.o
                0x2001d414                set_tempBatt
 .text.set_RxDoppler
                0x2001d4dc       0x8c ./src/sub-systemCode/Global/GlobalParam.o
                0x2001d4dc                set_RxDoppler
 .text.set_RxRSSI
                0x2001d568       0x8c ./src/sub-systemCode/Global/GlobalParam.o
                0x2001d568                set_RxRSSI
 .text.set_TxRefl
                0x2001d5f4       0x8c ./src/sub-systemCode/Global/GlobalParam.o
                0x2001d5f4                set_TxRefl
 .text.set_TxForw
                0x2001d680       0x8c ./src/sub-systemCode/Global/GlobalParam.o
                0x2001d680                set_TxForw
 .text.set_FS_failFlag
                0x2001d70c       0x8c ./src/sub-systemCode/Global/GlobalParam.o
                0x2001d70c                set_FS_failFlag
 .text.set_EPSState
                0x2001d798       0x8c ./src/sub-systemCode/Global/GlobalParam.o
                0x2001d798                set_EPSState
 .text.set_numOfDelayedCommand
                0x2001d824       0x8c ./src/sub-systemCode/Global/GlobalParam.o
                0x2001d824                set_numOfDelayedCommand
 .text.set_numOfResets
                0x2001d8b0       0xac ./src/sub-systemCode/Global/GlobalParam.o
                0x2001d8b0                set_numOfResets
 .text.set_ground_conn
                0x2001d95c       0xa0 ./src/sub-systemCode/Global/GlobalParam.o
                0x2001d95c                set_ground_conn
 .text.get_ground_conn
                0x2001d9fc       0xa0 ./src/sub-systemCode/Global/GlobalParam.o
                0x2001d9fc                get_ground_conn
 .text.IsisAntS_getStatusData_sideA
                0x2001da9c       0x3c ./src/sub-systemCode/Global/OnlineTM.o
                0x2001da9c                IsisAntS_getStatusData_sideA
 .text.IsisAntS_getAlltelemetry_sideA
                0x2001dad8       0x3c ./src/sub-systemCode/Global/OnlineTM.o
                0x2001dad8                IsisAntS_getAlltelemetry_sideA
 .text.IsisAntS_getTemperature_sideA
                0x2001db14       0x3c ./src/sub-systemCode/Global/OnlineTM.o
                0x2001db14                IsisAntS_getTemperature_sideA
 .text.IsisAntS_getStatusData_sideB
                0x2001db50       0x3c ./src/sub-systemCode/Global/OnlineTM.o
                0x2001db50                IsisAntS_getStatusData_sideB
 .text.IsisAntS_getAlltelemetry_sideB
                0x2001db8c       0x3c ./src/sub-systemCode/Global/OnlineTM.o
                0x2001db8c                IsisAntS_getAlltelemetry_sideB
 .text.IsisAntS_getTemperature_sideB
                0x2001dbc8       0x3c ./src/sub-systemCode/Global/OnlineTM.o
                0x2001dbc8                IsisAntS_getTemperature_sideB
 .text.HK_collect_EPS
                0x2001dc04       0x30 ./src/sub-systemCode/Global/OnlineTM.o
                0x2001dc04                HK_collect_EPS
 .text.HK_collect_COMM
                0x2001dc34       0x30 ./src/sub-systemCode/Global/OnlineTM.o
                0x2001dc34                HK_collect_COMM
 .text.HK_collect_CAM
                0x2001dc64       0x30 ./src/sub-systemCode/Global/OnlineTM.o
                0x2001dc64                HK_collect_CAM
 .text.HK_collect_SP
                0x2001dc94       0x30 ./src/sub-systemCode/Global/OnlineTM.o
                0x2001dc94                HK_collect_SP
 .text.HK_collect_FS_A
                0x2001dcc4       0x9c ./src/sub-systemCode/Global/OnlineTM.o
                0x2001dcc4                HK_collect_FS_A
 .text.HK_collect_FS_B
                0x2001dd60       0x9c ./src/sub-systemCode/Global/OnlineTM.o
                0x2001dd60                HK_collect_FS_B
 .text.save_offlineSetting_FRAM
                0x2001ddfc      0x26c ./src/sub-systemCode/Global/OnlineTM.o
                0x2001ddfc                save_offlineSetting_FRAM
 .text.get_offlineSetting_FRAM
                0x2001e068       0x58 ./src/sub-systemCode/Global/OnlineTM.o
                0x2001e068                get_offlineSetting_FRAM
 .text.update_offlineSetting_FRAM
                0x2001e0c0      0x360 ./src/sub-systemCode/Global/OnlineTM.o
                0x2001e0c0                update_offlineSetting_FRAM
 .text.get_offlineSettingPacket
                0x2001e420       0xc4 ./src/sub-systemCode/Global/OnlineTM.o
                0x2001e420                get_offlineSettingPacket
 .text.get_item_by_index
                0x2001e4e4       0xdc ./src/sub-systemCode/Global/OnlineTM.o
                0x2001e4e4                get_item_by_index
 .text.get_pointer_item_by_index
                0x2001e5c0       0x48 ./src/sub-systemCode/Global/OnlineTM.o
                0x2001e5c0                get_pointer_item_by_index
 .text.init_onlineParam
                0x2001e608     0x2f54 ./src/sub-systemCode/Global/OnlineTM.o
                0x2001e608                init_onlineParam
 .text.reset_offline_TM_list
                0x2002155c      0x184 ./src/sub-systemCode/Global/OnlineTM.o
                0x2002155c                reset_offline_TM_list
 .text.get_online_packet
                0x200216e0      0x25c ./src/sub-systemCode/Global/OnlineTM.o
                0x200216e0                get_online_packet
 .text.save_onlineTM_param
                0x2002193c      0x1b4 ./src/sub-systemCode/Global/OnlineTM.o
                0x2002193c                save_onlineTM_param
 .text.add_onlineTM_param_to_save_list
                0x20021af0      0x3e4 ./src/sub-systemCode/Global/OnlineTM.o
                0x20021af0                add_onlineTM_param_to_save_list
 .text.delete_onlineTM_param_from_offline
                0x20021ed4      0x1a8 ./src/sub-systemCode/Global/OnlineTM.o
                0x20021ed4                delete_onlineTM_param_from_offline
 .text.save_onlineTM_logic
                0x2002207c      0x2c0 ./src/sub-systemCode/Global/OnlineTM.o
                0x2002207c                save_onlineTM_logic
 .text.updateSD_state
                0x2002233c       0xc0 ./src/sub-systemCode/Global/OnlineTM.o
                0x2002233c                updateSD_state
 .text.sleepRTC_second
                0x200223fc       0x64 ./src/sub-systemCode/Global/OnlineTM.o
 .text.save_onlineTM_task
                0x20022460       0xe8 ./src/sub-systemCode/Global/OnlineTM.o
                0x20022460                save_onlineTM_task
 .text.reset_FRAM_FS
                0x20022548       0x4c ./src/sub-systemCode/Global/TLM_management.o
                0x20022548                reset_FRAM_FS
 .text.sd_format
                0x20022594       0x28 ./src/sub-systemCode/Global/TLM_management.o
                0x20022594                sd_format
 .text.deleteDir
                0x200225bc       0x2c ./src/sub-systemCode/Global/TLM_management.o
                0x200225bc                deleteDir
 .text.getNumOfFilesInFS
                0x200225e8       0x44 ./src/sub-systemCode/Global/TLM_management.o
 .text.setNumOfFilesInFS
                0x2002262c       0x50 ./src/sub-systemCode/Global/TLM_management.o
 .text.f_managed_enterFS
                0x2002267c       0x18 ./src/sub-systemCode/Global/TLM_management.o
                0x2002267c                f_managed_enterFS
 .text.f_managed_releaseFS
                0x20022694       0x18 ./src/sub-systemCode/Global/TLM_management.o
                0x20022694                f_managed_releaseFS
 .text.f_managed_open
                0x200226ac      0x100 ./src/sub-systemCode/Global/TLM_management.o
                0x200226ac                f_managed_open
 .text.f_managed_close
                0x200227ac       0x84 ./src/sub-systemCode/Global/TLM_management.o
                0x200227ac                f_managed_close
 .text.createSemahores_FS
                0x20022830       0x48 ./src/sub-systemCode/Global/TLM_management.o
                0x20022830                createSemahores_FS
 .text.InitializeFS
                0x20022878      0x138 ./src/sub-systemCode/Global/TLM_management.o
                0x20022878                InitializeFS
 .text.c_fileCreate
                0x200229b0      0x110 ./src/sub-systemCode/Global/TLM_management.o
                0x200229b0                c_fileCreate
 .text.writewithEpochtime
                0x20022ac0       0x90 ./src/sub-systemCode/Global/TLM_management.o
 .text.get_C_FILE_struct
                0x20022b50       0xe4 ./src/sub-systemCode/Global/TLM_management.o
 .text.getFileIndex
                0x20022c34       0x58 ./src/sub-systemCode/Global/TLM_management.o
 .text.get_file_name_by_index
                0x20022c8c       0x44 ./src/sub-systemCode/Global/TLM_management.o
                0x20022c8c                get_file_name_by_index
 .text.c_fileReset
                0x20022cd0       0xe0 ./src/sub-systemCode/Global/TLM_management.o
                0x20022cd0                c_fileReset
 .text.c_fileWrite
                0x20022db0      0x154 ./src/sub-systemCode/Global/TLM_management.o
                0x20022db0                c_fileWrite
 .text.deleteElementsFromFile
                0x20022f04      0x1a0 ./src/sub-systemCode/Global/TLM_management.o
 .text.c_fileDeleteElements
                0x200230a4      0x158 ./src/sub-systemCode/Global/TLM_management.o
                0x200230a4                c_fileDeleteElements
 .text.c_fileRead
                0x200231fc      0x300 ./src/sub-systemCode/Global/TLM_management.o
                0x200231fc                c_fileRead
 .text.DeInitializeFS
                0x200234fc       0x30 ./src/sub-systemCode/Global/TLM_management.o
                0x200234fc                DeInitializeFS
 .text.xSemaphoreGive_extended
                0x2002352c       0x48 ./src/sub-systemCode/Global/freertosExtended.o
                0x2002352c                xSemaphoreGive_extended
 .text.xSemaphoreTake_extended
                0x20023574       0x54 ./src/sub-systemCode/Global/freertosExtended.o
                0x20023574                xSemaphoreTake_extended
 .text.WriteLog
                0x200235c8       0xa8 ./src/sub-systemCode/Global/logger.o
 .text.WriteErrorLog
                0x20023670       0x64 ./src/sub-systemCode/Global/logger.o
                0x20023670                WriteErrorLog
 .text.WriteResetLog
                0x200236d4       0x54 ./src/sub-systemCode/Global/logger.o
                0x200236d4                WriteResetLog
 .text.WritePayloadLog
                0x20023728       0x50 ./src/sub-systemCode/Global/logger.o
                0x20023728                WritePayloadLog
 .text.WriteEpsLog
                0x20023778       0x4c ./src/sub-systemCode/Global/logger.o
                0x20023778                WriteEpsLog
 .text.WriteTransponderLog
                0x200237c4       0x50 ./src/sub-systemCode/Global/logger.o
                0x200237c4                WriteTransponderLog
 .text.WriteAdcsLog
                0x20023814       0x50 ./src/sub-systemCode/Global/logger.o
                0x20023814                WriteAdcsLog
 .text.WriteCUFLog
                0x20023864       0x50 ./src/sub-systemCode/Global/logger.o
                0x20023864                WriteCUFLog
 .text.castCharPointerToInt
                0x200238b4       0x84 ./src/sub-systemCode/CUF/CUF.o
                0x200238b4                castCharPointerToInt
 .text.castCharArrayToIntArray
                0x20023938       0xa4 ./src/sub-systemCode/CUF/CUF.o
                0x20023938                castCharArrayToIntArray
 .text.SavePerminantCUF
                0x200239dc      0x1b0 ./src/sub-systemCode/CUF/CUF.o
                0x200239dc                SavePerminantCUF
 .text.LoadPerminantCUF
                0x20023b8c      0x1ac ./src/sub-systemCode/CUF/CUF.o
                0x20023b8c                LoadPerminantCUF
 .text.CheckResetThreashold
                0x20023d38      0x160 ./src/sub-systemCode/CUF/CUF.o
                0x20023d38                CheckResetThreashold
 .text.CUFManageRestart
                0x20023e98      0x1d0 ./src/sub-systemCode/CUF/CUF.o
                0x20023e98                CUFManageRestart
 .text.InitCUF  0x20024068      0x13c ./src/sub-systemCode/CUF/CUF.o
                0x20024068                InitCUF
 .text.CUFSwitch
                0x200241a4       0x30 ./src/sub-systemCode/CUF/CUF.o
                0x200241a4                CUFSwitch
 .text.GenerateSSH
                0x200241d4       0xb8 ./src/sub-systemCode/CUF/CUF.o
                0x200241d4                GenerateSSH
 .text.getExtendedName
                0x2002428c       0xc4 ./src/sub-systemCode/CUF/CUF.o
                0x2002428c                getExtendedName
 .text.AuthenticateCUF
                0x20024350       0x84 ./src/sub-systemCode/CUF/CUF.o
                0x20024350                AuthenticateCUF
 .text.UpdatePerminantCUF
                0x200243d4       0x94 ./src/sub-systemCode/CUF/CUF.o
                0x200243d4                UpdatePerminantCUF
 .text.RemoveCUF
                0x20024468      0x1c0 ./src/sub-systemCode/CUF/CUF.o
                0x20024468                RemoveCUF
 .text.ExecuteCUF
                0x20024628       0xd4 ./src/sub-systemCode/CUF/CUF.o
                0x20024628                ExecuteCUF
 .text.IntegrateCUF
                0x200246fc      0x170 ./src/sub-systemCode/CUF/CUF.o
                0x200246fc                IntegrateCUF
 .text.AddToCUFTempArray
                0x2002486c       0xa0 ./src/sub-systemCode/CUF/CUF.o
                0x2002486c                AddToCUFTempArray
 .text.GetFromCUFTempArray
                0x2002490c       0xe0 ./src/sub-systemCode/CUF/CUF.o
                0x2002490c                GetFromCUFTempArray
 .text.DisableCUF
                0x200249ec       0xb0 ./src/sub-systemCode/CUF/CUF.o
                0x200249ec                DisableCUF
 .text.EnableCUF
                0x20024a9c       0xb0 ./src/sub-systemCode/CUF/CUF.o
                0x20024a9c                EnableCUF
 .text.initializeUpload
                0x20024b4c       0x94 ./src/sub-systemCode/CUF/uploadCodeTelemetry.o
                0x20024b4c                initializeUpload
 .text.removeFiles
                0x20024be0      0x16c ./src/sub-systemCode/CUF/uploadCodeTelemetry.o
                0x20024be0                removeFiles
 .text.loadBackup
                0x20024d4c      0x144 ./src/sub-systemCode/CUF/uploadCodeTelemetry.o
                0x20024d4c                loadBackup
 .text.addToArray
                0x20024e90       0xcc ./src/sub-systemCode/CUF/uploadCodeTelemetry.o
                0x20024e90                addToArray
 .text.headerHandle
                0x20024f5c       0xb8 ./src/sub-systemCode/CUF/uploadCodeTelemetry.o
                0x20024f5c                headerHandle
 .text.startCUFintegration
                0x20025014      0x134 ./src/sub-systemCode/CUF/uploadCodeTelemetry.o
                0x20025014                startCUFintegration
 .text.saveBackup
                0x20025148       0xfc ./src/sub-systemCode/CUF/uploadCodeTelemetry.o
                0x20025148                saveBackup
 .text.saveAck  0x20025244       0x1c ./src/sub-systemCode/CUF/uploadCodeTelemetry.o
                0x20025244                saveAck
 .text.reset_APRS_list
                0x20025260       0x20 ./src/sub-systemCode/COMM/APRS.o
                0x20025260                reset_APRS_list
 .text.get_APRS_list
                0x20025280       0x18 ./src/sub-systemCode/COMM/APRS.o
                0x20025280                get_APRS_list
 .text.find_CMD_in_list
                0x20025298       0x7c ./src/sub-systemCode/COMM/DelayedCommand_list.o
                0x20025298                find_CMD_in_list
 .text.find_empty_in_list
                0x20025314       0x74 ./src/sub-systemCode/COMM/DelayedCommand_list.o
                0x20025314                find_empty_in_list
 .text.check_delayCommandTime
                0x20025388       0xa8 ./src/sub-systemCode/COMM/DelayedCommand_list.o
                0x20025388                check_delayCommandTime
 .text.execute_delayedCommand
                0x20025430       0x64 ./src/sub-systemCode/COMM/DelayedCommand_list.o
                0x20025430                execute_delayedCommand
 .text.check_delaycommand
                0x20025494      0x198 ./src/sub-systemCode/COMM/DelayedCommand_list.o
                0x20025494                check_delaycommand
 .text.reset_delayCommand
                0x2002562c       0xc4 ./src/sub-systemCode/COMM/DelayedCommand_list.o
                0x2002562c                reset_delayCommand
 .text.add_delayCommand
                0x200256f0      0x1ec ./src/sub-systemCode/COMM/DelayedCommand_list.o
                0x200256f0                add_delayCommand
 .text.get_delayCommand_list
                0x200258dc       0xb8 ./src/sub-systemCode/COMM/DelayedCommand_list.o
                0x200258dc                get_delayCommand_list
 .text.EmptyOldestCommand
                0x20025994       0xfc ./src/sub-systemCode/COMM/DelayedCommand_list.o
                0x20025994                EmptyOldestCommand
 .text.decode_TCpacket
                0x20025a90      0x16c ./src/sub-systemCode/COMM/GSC.o
                0x20025a90                decode_TCpacket
 .text.encode_TCpacket
                0x20025bfc      0x114 ./src/sub-systemCode/COMM/GSC.o
                0x20025bfc                encode_TCpacket
 .text.encode_TMpacket
                0x20025d10      0x104 ./src/sub-systemCode/COMM/GSC.o
                0x20025d10                encode_TMpacket
 .text.build_raw_ACK
                0x20025e14       0xbc ./src/sub-systemCode/COMM/GSC.o
                0x20025e14                build_raw_ACK
 .text.build_data_field_ACK
                0x20025ed0       0x74 ./src/sub-systemCode/COMM/GSC.o
                0x20025ed0                build_data_field_ACK
 .text.update_FRAM_bitRate
                0x20025f44       0xf4 ./src/sub-systemCode/COMM/TRXVU.o
                0x20025f44                update_FRAM_bitRate
 .text.idle_state_
                0x20026038       0x78 ./src/sub-systemCode/COMM/TRXVU.o
                0x20026038                idle_state_
 .text.toggle_idle_state
                0x200260b0       0x64 ./src/sub-systemCode/COMM/TRXVU.o
                0x200260b0                toggle_idle_state
 .text.TRXVU_init_hardWare
                0x20026114       0xc8 ./src/sub-systemCode/COMM/TRXVU.o
                0x20026114                TRXVU_init_hardWare
 .text.TRXVU_init_softWare
                0x200261dc      0x124 ./src/sub-systemCode/COMM/TRXVU.o
                0x200261dc                TRXVU_init_softWare
 .text.init_trxvu
                0x20026300       0x14 ./src/sub-systemCode/COMM/TRXVU.o
                0x20026300                init_trxvu
 .text.TRXVU_task
                0x20026314       0xb8 ./src/sub-systemCode/COMM/TRXVU.o
                0x20026314                TRXVU_task
 .text.dump_logic
                0x200263cc      0x37c ./src/sub-systemCode/COMM/TRXVU.o
                0x200263cc                dump_logic
 .text.Dump_task
                0x20026748      0x1a4 ./src/sub-systemCode/COMM/TRXVU.o
                0x20026748                Dump_task
 .text.transponder_logic
                0x200268ec      0x120 ./src/sub-systemCode/COMM/TRXVU.o
                0x200268ec                transponder_logic
 .text.Transponder_task
                0x20026a0c      0x1b0 ./src/sub-systemCode/COMM/TRXVU.o
                0x20026a0c                Transponder_task
 .text.lookForRequestToDelete_transponder
                0x20026bbc       0x8c ./src/sub-systemCode/COMM/TRXVU.o
                0x20026bbc                lookForRequestToDelete_transponder
 .text.lookForRequestToDelete_dump
                0x20026c48       0x88 ./src/sub-systemCode/COMM/TRXVU.o
                0x20026c48                lookForRequestToDelete_dump
 .text.sendRequestToStop_dump
                0x20026cd0       0x8c ./src/sub-systemCode/COMM/TRXVU.o
                0x20026cd0                sendRequestToStop_dump
 .text.sendRequestToStop_transponder
                0x20026d5c       0x8c ./src/sub-systemCode/COMM/TRXVU.o
                0x20026d5c                sendRequestToStop_transponder
 .text.Rx_logic
                0x20026de8      0x1d4 ./src/sub-systemCode/COMM/TRXVU.o
                0x20026de8                Rx_logic
 .text.pass_above_Ground
                0x20026fbc      0x15c ./src/sub-systemCode/COMM/TRXVU.o
                0x20026fbc                pass_above_Ground
 .text.check_TRXVUState
                0x20027118      0x188 ./src/sub-systemCode/COMM/TRXVU.o
                0x20027118                check_TRXVUState
 .text.trxvu_logic
                0x200272a0       0x20 ./src/sub-systemCode/COMM/TRXVU.o
                0x200272a0                trxvu_logic
 .text.Beacon_task
                0x200272c0      0x174 ./src/sub-systemCode/COMM/TRXVU.o
                0x200272c0                Beacon_task
 .text.buildAndSend_beacon
                0x20027434      0x5c0 ./src/sub-systemCode/COMM/TRXVU.o
                0x20027434                buildAndSend_beacon
 .text.reset_FRAM_TRXVU
                0x200279f4      0x208 ./src/sub-systemCode/COMM/TRXVU.o
                0x200279f4                reset_FRAM_TRXVU
 .text.TRX_sendFrame
                0x20027bfc      0x1bc ./src/sub-systemCode/COMM/TRXVU.o
                0x20027bfc                TRX_sendFrame
 .text.TRX_getFrameData
                0x20027db8      0x144 ./src/sub-systemCode/COMM/TRXVU.o
                0x20027db8                TRX_getFrameData
 .text.mute_Tx  0x20027efc       0x64 ./src/sub-systemCode/COMM/TRXVU.o
                0x20027efc                mute_Tx
 .text.unmute_Tx
                0x20027f60       0x58 ./src/sub-systemCode/COMM/TRXVU.o
                0x20027f60                unmute_Tx
 .text.check_time_off_mute
                0x20027fb8       0xc0 ./src/sub-systemCode/COMM/TRXVU.o
                0x20027fb8                check_time_off_mute
 .text.set_mute_time
                0x20028078      0x100 ./src/sub-systemCode/COMM/TRXVU.o
                0x20028078                set_mute_time
 .text.change_TRXVU_state
                0x20028178      0x100 ./src/sub-systemCode/COMM/TRXVU.o
                0x20028178                change_TRXVU_state
 .text.change_trans_RSSI
                0x20028278       0x7c ./src/sub-systemCode/COMM/TRXVU.o
                0x20028278                change_trans_RSSI
 .text.AdcsReadI2cAck
                0x200282f4       0xfc ./src/sub-systemCode/ADCS/AdcsCommands.o
                0x200282f4                AdcsReadI2cAck
 .text.AdcsGenericI2cCmd
                0x200283f0      0x1bc ./src/sub-systemCode/ADCS/AdcsCommands.o
                0x200283f0                AdcsGenericI2cCmd
 .text.SendAdcsTlm
                0x200285ac      0x14c ./src/sub-systemCode/ADCS/AdcsCommands.o
                0x200285ac                SendAdcsTlm
 .text.AdcsExecuteCommand
                0x200286f8     0x1bd0 ./src/sub-systemCode/ADCS/AdcsCommands.o
                0x200286f8                AdcsExecuteCommand
 .text.cspaceADCS_getEstimatedAngles
                0x2002a2c8       0x98 ./src/sub-systemCode/ADCS/AdcsGetDataAndTlm.o
                0x2002a2c8                cspaceADCS_getEstimatedAngles
 .text.cspaceADCS_getEstimatedAnglesRates
                0x2002a360       0x98 ./src/sub-systemCode/ADCS/AdcsGetDataAndTlm.o
                0x2002a360                cspaceADCS_getEstimatedAnglesRates
 .text.cspaceADCS_getSatellitePosition