Archive member included because of file (symbol)

c:/isis/application/toolchain/bin/../lib/gcc/arm-none-eabi/4.7.4/../../../../arm-none-eabi/lib\libc_s.a(lib_a-vfprintf_float.o)
                              (_printf_float)
c:/isis/application/toolchain/bin/../lib/gcc/arm-none-eabi/4.7.4/../../../../arm-none-eabi/lib\libc_s.a(lib_a-vfprintf_i.o)
                              c:/isis/application/toolchain/bin/../lib/gcc/arm-none-eabi/4.7.4/../../../../arm-none-eabi/lib\libc_s.a(lib_a-vfprintf_float.o) (_printf_common)
c:/isis/application/toolchain/bin/../lib/gcc/arm-none-eabi/4.7.4/../../../../arm-none-eabi/lib\libc_s.a(lib_a-vfscanf_float.o)
                              (_scanf_float)
c:/isis/application/toolchain/bin/../lib/gcc/arm-none-eabi/4.7.4/../../../../arm-none-eabi/lib\libc_s.a(lib_a-dtoa.o)
                              c:/isis/application/toolchain/bin/../lib/gcc/arm-none-eabi/4.7.4/../../../../arm-none-eabi/lib\libc_s.a(lib_a-vfprintf_float.o) (_dtoa_r)
c:/isis/application/toolchain/bin/../lib/gcc/arm-none-eabi/4.7.4/../../../../arm-none-eabi/lib\libc_s.a(lib_a-locale.o)
                              c:/isis/application/toolchain/bin/../lib/gcc/arm-none-eabi/4.7.4/../../../../arm-none-eabi/lib\libc_s.a(lib_a-vfprintf_float.o) (_localeconv_r)
c:/isis/application/toolchain/bin/../lib/gcc/arm-none-eabi/4.7.4/../../../../arm-none-eabi/lib\libc_s.a(lib_a-malloc.o)
                              c:/isis/application/toolchain/bin/../lib/gcc/arm-none-eabi/4.7.4/../../../../arm-none-eabi/lib\libc_s.a(lib_a-dtoa.o) (malloc)
c:/isis/application/toolchain/bin/../lib/gcc/arm-none-eabi/4.7.4/../../../../arm-none-eabi/lib\libc_s.a(lib_a-mallocr.o)
                              c:/isis/application/toolchain/bin/../lib/gcc/arm-none-eabi/4.7.4/../../../../arm-none-eabi/lib\libc_s.a(lib_a-malloc.o) (_malloc_r)
c:/isis/application/toolchain/bin/../lib/gcc/arm-none-eabi/4.7.4/../../../../arm-none-eabi/lib\libc_s.a(lib_a-memcpy.o)
                              c:/isis/application/toolchain/bin/../lib/gcc/arm-none-eabi/4.7.4/../../../../arm-none-eabi/lib\libc_s.a(lib_a-dtoa.o) (memcpy)
c:/isis/application/toolchain/bin/../lib/gcc/arm-none-eabi/4.7.4/../../../../arm-none-eabi/lib\libc_s.a(lib_a-mprec.o)
                              c:/isis/application/toolchain/bin/../lib/gcc/arm-none-eabi/4.7.4/../../../../arm-none-eabi/lib\libc_s.a(lib_a-dtoa.o) (_Balloc)
c:/isis/application/toolchain/bin/../lib/gcc/arm-none-eabi/4.7.4/../../../../arm-none-eabi/lib\libc_s.a(lib_a-s_fpclassify.o)
                              c:/isis/application/toolchain/bin/../lib/gcc/arm-none-eabi/4.7.4/../../../../arm-none-eabi/lib\libc_s.a(lib_a-vfprintf_float.o) (__fpclassifyd)
c:/isis/application/toolchain/bin/../lib/gcc/arm-none-eabi/4.7.4/../../../../arm-none-eabi/lib\libc_s.a(lib_a-sbrkr.o)
                              c:/isis/application/toolchain/bin/../lib/gcc/arm-none-eabi/4.7.4/../../../../arm-none-eabi/lib\libc_s.a(lib_a-mallocr.o) (_sbrk_r)
c:/isis/application/toolchain/bin/../lib/gcc/arm-none-eabi/4.7.4/../../../../arm-none-eabi/lib\libc_s.a(lib_a-sf_nan.o)
                              c:/isis/application/toolchain/bin/../lib/gcc/arm-none-eabi/4.7.4/../../../../arm-none-eabi/lib\libc_s.a(lib_a-vfscanf_float.o) (nanf)
c:/isis/application/toolchain/bin/../lib/gcc/arm-none-eabi/4.7.4/../../../../arm-none-eabi/lib\libc_s.a(lib_a-sprintf.o)
                              c:/isis/application/toolchain/bin/../lib/gcc/arm-none-eabi/4.7.4/../../../../arm-none-eabi/lib\libc_s.a(lib_a-vfscanf_float.o) (sprintf)
c:/isis/application/toolchain/bin/../lib/gcc/arm-none-eabi/4.7.4/../../../../arm-none-eabi/lib\libc_s.a(lib_a-strcmp.o)
                              c:/isis/application/toolchain/bin/../lib/gcc/arm-none-eabi/4.7.4/../../../../arm-none-eabi/lib\libc_s.a(lib_a-locale.o) (strcmp)
c:/isis/application/toolchain/bin/../lib/gcc/arm-none-eabi/4.7.4/../../../../arm-none-eabi/lib\libc_s.a(lib_a-strlen.o)
                              c:/isis/application/toolchain/bin/../lib/gcc/arm-none-eabi/4.7.4/../../../../arm-none-eabi/lib\libc_s.a(lib_a-vfprintf_float.o) (strlen)
c:/isis/application/toolchain/bin/../lib/gcc/arm-none-eabi/4.7.4/../../../../arm-none-eabi/lib\libc_s.a(lib_a-strtod.o)
                              c:/isis/application/toolchain/bin/../lib/gcc/arm-none-eabi/4.7.4/../../../../arm-none-eabi/lib\libc_s.a(lib_a-vfscanf_float.o) (_strtod_r)
c:/isis/application/toolchain/bin/../lib/gcc/arm-none-eabi/4.7.4/../../../../arm-none-eabi/lib\libc_s.a(lib_a-strtol.o)
                              c:/isis/application/toolchain/bin/../lib/gcc/arm-none-eabi/4.7.4/../../../../arm-none-eabi/lib\libc_s.a(lib_a-vfscanf_float.o) (_strtol_r)
c:/isis/application/toolchain/bin/../lib/gcc/arm-none-eabi/4.7.4/../../../../arm-none-eabi/lib\libc_s.a(lib_a-svfprintf.o)
                              c:/isis/application/toolchain/bin/../lib/gcc/arm-none-eabi/4.7.4/../../../../arm-none-eabi/lib\libc_s.a(lib_a-sprintf.o) (_svfprintf_r)
[...]
Memory Configuration

Name             Origin             Length             Attributes
sram0            0x00200000         0x00004000         w !xr
sram1            0x00300000         0x00004000         w !xr
sdram            0x20000000         0x02000000         w !xr
*default*        0x00000000         0xffffffff

Linker script and memory map

LOAD c:/isis/application/toolchain/bin/../lib/gcc/arm-none-eabi/4.7.4/../../../../arm-none-eabi/lib\libc_s.a
LOAD ./src/sub-systemCode/payload/Request Management/Dump/Butchering.o
LOAD ./src/sub-systemCode/payload/Request Management/Dump/imageDump.o
LOAD ./src/sub-systemCode/payload/Request Management/CameraManeger.o
LOAD ./src/sub-systemCode/payload/Request Management/DB_RequestHandling.o
LOAD ./src/sub-systemCode/payload/Misc/Boolean_bit.o
LOAD ./src/sub-systemCode/payload/Misc/FileSystem.o
LOAD ./src/sub-systemCode/payload/Drivers/GeckoCameraDriver.o
LOAD ./src/sub-systemCode/payload/DataBase/DataBase.o
LOAD ./src/sub-systemCode/payload/Compression/jpeg/bmp/rawToBMP.o
LOAD ./src/sub-systemCode/payload/Compression/jpeg/DCT.o
LOAD ./src/sub-systemCode/payload/Compression/jpeg/ImgCompressor.o
LOAD ./src/sub-systemCode/payload/Compression/jpeg/color_conv.o
LOAD ./src/sub-systemCode/payload/Compression/jpeg/jpeg.o
LOAD ./src/sub-systemCode/payload/Compression/jpeg/jpeg_encoder.o
LOAD ./src/sub-systemCode/payload/Compression/jpeg/jpeg_memory_alloc.o
LOAD ./src/sub-systemCode/payload/Compression/jpeg/jpeg_params.o
LOAD ./src/sub-systemCode/payload/Compression/jpeg/output_stream.o
LOAD ./src/sub-systemCode/payload/Compression/ImageConversion.o
LOAD ./src/sub-systemCode/Main/CMD/ADCS_CMD.o
LOAD ./src/sub-systemCode/Main/CMD/COMM_CMD.o
LOAD ./src/sub-systemCode/Main/CMD/EPS_CMD.o
LOAD ./src/sub-systemCode/Main/CMD/General_CMD.o
LOAD ./src/sub-systemCode/Main/CMD/SW_CMD.o
LOAD ./src/sub-systemCode/Main/CMD/payload_CMD.o
LOAD ./src/sub-systemCode/Main/Ants.o
LOAD ./src/sub-systemCode/Main/EPS.o
LOAD ./src/sub-systemCode/Main/HouseKeeping.o
LOAD ./src/sub-systemCode/Main/Main_Init.o
LOAD ./src/sub-systemCode/Main/commands.o
LOAD ./src/sub-systemCode/Global/Global.o
LOAD ./src/sub-systemCode/Global/GlobalParam.o
LOAD ./src/sub-systemCode/Global/OnlineTM.o
LOAD ./src/sub-systemCode/Global/TLM_management.o
LOAD ./src/sub-systemCode/Global/freertosExtended.o
LOAD ./src/sub-systemCode/Global/logger.o
LOAD ./src/sub-systemCode/COMM/APRS.o
LOAD ./src/sub-systemCode/COMM/DelayedCommand_list.o
LOAD ./src/sub-systemCode/COMM/GSC.o
LOAD ./src/sub-systemCode/COMM/TRXVU.o
LOAD ./src/sub-systemCode/ADCS/AdcsCommands.o
LOAD ./src/sub-systemCode/ADCS/AdcsGetDataAndTlm.o
LOAD ./src/sub-systemCode/ADCS/AdcsMain.o
LOAD ./src/sub-systemCode/ADCS/AdcsTest.o
LOAD ./src/sub-systemCode/ADCS/AdcsTroubleShooting.o
LOAD ./src/sub-systemCode/ADCS/StateMachine.o
LOAD ./src/main.o
LOAD C:/HOOPOE3/satellite-subsystems/demo/..//satellite-subsystems/lib\libSatelliteSubsystemsD.a
LOAD c:/isis/application/toolchain/bin/../lib/gcc/arm-none-eabi/4.7.4/../../../../arm-none-eabi/lib\libm.a
LOAD C:/HOOPOE3/satellite-subsystems/demo/../..//hal/hcc/lib\libHCCD.a
LOAD C:/HOOPOE3/satellite-subsystems/demo/../..//hal/hal/lib\libHALD.a
LOAD C:/HOOPOE3/satellite-subsystems/demo/../..//hal/freertos/lib\libFreeRTOSD.a
LOAD C:/HOOPOE3/satellite-subsystems/demo/../..//hal/at91/lib\libAt91D.a
START GROUP
LOAD c:/isis/application/toolchain/bin/../lib/gcc/arm-none-eabi/4.7.4\libgcc.a
LOAD c:/isis/application/toolchain/bin/../lib/gcc/arm-none-eabi/4.7.4/../../../../arm-none-eabi/lib\libc_s.a
END GROUP

.fixed          0x20000000    0x585c4
                0x20000000                . = ALIGN (0x4)
                0x20000000                _sfixed = .
 *(.startup)
 .startup       0x20000000      0x134 C:/HOOPOE3/satellite-subsystems/demo/../..//hal/at91/lib\libAt91D.a(board_cstartup.o)
                0x20000000                entry
 *(.text)
 .text          0x20000134       0x64 C:/HOOPOE3/satellite-subsystems/demo/../..//hal/at91/lib\libAt91D.a(cp15_asm.o)
                0x20000134                _readControlRegister
                0x20000140                _writeControlRegister
                0x20000148                _waitForInterrupt
                0x20000154                _writeTTB
                0x2000015c                _writeDomain
                0x20000164                _writeITLBLockdown
                0x2000016c                _prefetchICacheLine
                0x20000174                _flushDCache
                0x20000180                _flushWriteBuffer
                0x2000018c                _invalidateIDTLBs
 .text          0x20000198      0x114 c:/isis/application/toolchain/bin/../lib/gcc/arm-none-eabi/4.7.4\libgcc.a(_udivsi3.o)
                0x20000198                __aeabi_uidiv
                0x20000198                __udivsi3
                0x2000028c                __aeabi_uidivmod
 .text          0x200002ac      0x148 c:/isis/application/toolchain/bin/../lib/gcc/arm-none-eabi/4.7.4\libgcc.a(_divsi3.o)
                0x200002ac                __divsi3
                0x200002ac                __aeabi_idiv
                0x200003d4                __aeabi_idivmod
 .text          0x200003f4        0x4 c:/isis/application/toolchain/bin/../lib/gcc/arm-none-eabi/4.7.4\libgcc.a(_dvmd_tls.o)
                0x200003f4                __aeabi_idiv0
                0x200003f4                __aeabi_ldiv0
 .text          0x200003f8      0x41c c:/isis/application/toolchain/bin/../lib/gcc/arm-none-eabi/4.7.4\libgcc.a(_arm_addsubdf3.o)
                0x200003f8                __aeabi_drsub
                0x20000400                __aeabi_dsub
                0x20000400                __subdf3
                0x20000404                __aeabi_dadd
                0x20000404                __adddf3
                0x20000714                __floatunsidf
                0x20000714                __aeabi_ui2d
                0x20000738                __floatsidf
                0x20000738                __aeabi_i2d
                0x20000760                __aeabi_f2d
                0x20000760                __extendsfdf2
                0x200007a0                __floatundidf
                0x200007a0                __aeabi_ul2d
                0x200007b4                __floatdidf
                0x200007b4                __aeabi_l2d
 .text          0x20000814      0x49c c:/isis/application/toolchain/bin/../lib/gcc/arm-none-eabi/4.7.4\libgcc.a(_arm_muldivdf3.o)
                0x20000814                __aeabi_dmul
                0x20000814                __muldf3
                0x20000aa4                __divdf3
                0x20000aa4                __aeabi_ddiv
 .text          0x20000cb0      0x144 c:/isis/application/toolchain/bin/../lib/gcc/arm-none-eabi/4.7.4\libgcc.a(_arm_cmpdf2.o)
                0x20000cb0                __gtdf2
                0x20000cb0                __gedf2
                0x20000cb8                __ltdf2
                0x20000cb8                __ledf2
                0x20000cc0                __nedf2
                0x20000cc0                __eqdf2
                0x20000cc0                __cmpdf2
                0x20000d48                __aeabi_cdrcmple
                0x20000d64                __aeabi_cdcmpeq
                0x20000d64                __aeabi_cdcmple
                0x20000d7c                __aeabi_dcmpeq
                0x20000d94                __aeabi_dcmplt
                0x20000dac                __aeabi_dcmple
                0x20000dc4                __aeabi_dcmpge
                0x20000ddc                __aeabi_dcmpgt
 .text          0x20000df4       0x5c c:/isis/application/toolchain/bin/../lib/gcc/arm-none-eabi/4.7.4\libgcc.a(_arm_fixdfsi.o)
                0x20000df4                __aeabi_d2iz
                0x20000df4                __fixdfsi
 .text          0x20000e50       0x54 c:/isis/application/toolchain/bin/../lib/gcc/arm-none-eabi/4.7.4\libgcc.a(_arm_fixunsdfsi.o)
                0x20000e50                __aeabi_d2uiz
                0x20000e50                __fixunsdfsi
 .text          0x20000ea4       0xa0 c:/isis/application/toolchain/bin/../lib/gcc/arm-none-eabi/4.7.4\libgcc.a(_arm_truncdfsf2.o)
                0x20000ea4                __truncdfsf2
                0x20000ea4                __aeabi_d2f
 .text          0x20000f44      0x2ac c:/isis/application/toolchain/bin/../lib/gcc/arm-none-eabi/4.7.4\libgcc.a(_arm_addsubsf3.o)
                0x20000f44                __aeabi_frsub
                0x20000f4c                __subsf3
                0x20000f4c                __aeabi_fsub
                0x20000f50                __aeabi_fadd
                0x20000f50                __addsf3
                0x2000110c                __aeabi_ui2f
                0x2000110c                __floatunsisf
                0x20001114                __aeabi_i2f
                0x20001114                __floatsisf
                0x20001134                __aeabi_ul2f
                0x20001134                __floatundisf
                0x20001144                __aeabi_l2f
                0x20001144                __floatdisf
 .text          0x200011f0      0x2f8 c:/isis/application/toolchain/bin/../lib/gcc/arm-none-eabi/4.7.4\libgcc.a(_arm_muldivsf3.o)
                0x200011f0                __mulsf3
                0x200011f0                __aeabi_fmul
                0x20001388                __aeabi_fdiv
                0x20001388                __divsf3
 .text          0x200014e8      0x114 c:/isis/application/toolchain/bin/../lib/gcc/arm-none-eabi/4.7.4\libgcc.a(_arm_cmpsf2.o)
                0x200014e8                __gesf2
                0x200014e8                __gtsf2
                0x200014f0                __lesf2
                0x200014f0                __ltsf2
                0x200014f8                __nesf2
                0x200014f8                __eqsf2
                0x200014f8                __cmpsf2
                0x2000155c                __aeabi_cfrcmple
                0x2000156c                __aeabi_cfcmpeq
                0x2000156c                __aeabi_cfcmple
                0x20001584                __aeabi_fcmpeq
                0x2000159c                __aeabi_fcmplt
                0x200015b4                __aeabi_fcmple
                0x200015cc                __aeabi_fcmpge
                0x200015e4                __aeabi_fcmpgt
 .text          0x200015fc       0x5c c:/isis/application/toolchain/bin/../lib/gcc/arm-none-eabi/4.7.4\libgcc.a(_arm_fixsfsi.o)
                0x200015fc                __aeabi_f2iz
                0x200015fc                __fixsfsi
 .text          0x20001658       0x54 c:/isis/application/toolchain/bin/../lib/gcc/arm-none-eabi/4.7.4\libgcc.a(_arm_fixunssfsi.o)
                0x20001658                __fixunssfsi
                0x20001658                __aeabi_f2uiz
 *(.text*)
 .text.__cvt    0x200016ac      0x138 c:/isis/application/toolchain/bin/../lib/gcc/arm-none-eabi/4.7.4/../../../../arm-none-eabi/lib\libc_s.a(lib_a-vfprintf_float.o)
                0x200016ac                __cvt
 .text.__exponent
                0x200017e4       0xa8 c:/isis/application/toolchain/bin/../lib/gcc/arm-none-eabi/4.7.4/../../../../arm-none-eabi/lib\libc_s.a(lib_a-vfprintf_float.o)
                0x200017e4                __exponent
 .text._printf_float
                0x2000188c      0x7dc c:/isis/application/toolchain/bin/../lib/gcc/arm-none-eabi/4.7.4/../../../../arm-none-eabi/lib\libc_s.a(lib_a-vfprintf_float.o)
                0x2000188c                _printf_float
 .text._printf_common
                0x20002068      0x174 c:/isis/application/toolchain/bin/../lib/gcc/arm-none-eabi/4.7.4/../../../../arm-none-eabi/lib\libc_s.a(lib_a-vfprintf_i.o)
                0x20002068                _printf_common
 .text._printf_i
                0x200021dc      0x3c4 c:/isis/application/toolchain/bin/../lib/gcc/arm-none-eabi/4.7.4/../../../../arm-none-eabi/lib\libc_s.a(lib_a-vfprintf_i.o)
                0x200021dc                _printf_i
 .text._scanf_float
                0x200025a0      0x5f4 c:/isis/application/toolchain/bin/../lib/gcc/arm-none-eabi/4.7.4/../../../../arm-none-eabi/lib\libc_s.a(lib_a-vfscanf_float.o)
                0x200025a0                _scanf_float
 .text.quorem   0x20002b94      0x1ac c:/isis/application/toolchain/bin/../lib/gcc/arm-none-eabi/4.7.4/../../../../arm-none-eabi/lib\libc_s.a(lib_a-dtoa.o)
 .text._dtoa_r  0x20002d40     0x1268 c:/isis/application/toolchain/bin/../lib/gcc/arm-none-eabi/4.7.4/../../../../arm-none-eabi/lib\libc_s.a(lib_a-dtoa.o)
                0x20002d40                _dtoa_r
 .text._localeconv_r
                0x20003fa8        0xc c:/isis/application/toolchain/bin/../lib/gcc/arm-none-eabi/4.7.4/../../../../arm-none-eabi/lib\libc_s.a(lib_a-locale.o)
                0x20003fa8                _localeconv_r
 .text.malloc   0x20003fb4       0x20 c:/isis/application/toolchain/bin/../lib/gcc/arm-none-eabi/4.7.4/../../../../arm-none-eabi/lib\libc_s.a(lib_a-malloc.o)
                0x20003fb4                malloc
 .text.free     0x20003fd4       0x20 c:/isis/application/toolchain/bin/../lib/gcc/arm-none-eabi/4.7.4/../../../../arm-none-eabi/lib\libc_s.a(lib_a-malloc.o)
                0x20003fd4                free
 .text._malloc_r
                0x20003ff4       0xfc c:/isis/application/toolchain/bin/../lib/gcc/arm-none-eabi/4.7.4/../../../../arm-none-eabi/lib\libc_s.a(lib_a-mallocr.o)
                0x20003ff4                _malloc_r
 .text.memcpy   0x200040f0       0x20 c:/isis/application/toolchain/bin/../lib/gcc/arm-none-eabi/4.7.4/../../../../arm-none-eabi/lib\libc_s.a(lib_a-memcpy.o)
                0x200040f0                memcpy
 .text._Balloc  0x20004110       0xcc c:/isis/application/toolchain/bin/../lib/gcc/arm-none-eabi/4.7.4/../../../../arm-none-eabi/lib\libc_s.a(lib_a-mprec.o)
                0x20004110                _Balloc
 .text._Bfree   0x200041dc       0x5c c:/isis/application/toolchain/bin/../lib/gcc/arm-none-eabi/4.7.4/../../../../arm-none-eabi/lib\libc_s.a(lib_a-mprec.o)
                0x200041dc                _Bfree
 .text.__multadd
                0x20004238       0xbc c:/isis/application/toolchain/bin/../lib/gcc/arm-none-eabi/4.7.4/../../../../arm-none-eabi/lib\libc_s.a(lib_a-mprec.o)
                0x20004238                __multadd
 .text.__s2b    0x200042f4       0xd8 c:/isis/application/toolchain/bin/../lib/gcc/arm-none-eabi/4.7.4/../../../../arm-none-eabi/lib\libc_s.a(lib_a-mprec.o)
                0x200042f4                __s2b
 .text.__hi0bits
                0x200043cc       0x58 c:/isis/application/toolchain/bin/../lib/gcc/arm-none-eabi/4.7.4/../../../../arm-none-eabi/lib\libc_s.a(lib_a-mprec.o)
                0x200043cc                __hi0bits
 .text.__lo0bits
                0x20004424       0x94 c:/isis/application/toolchain/bin/../lib/gcc/arm-none-eabi/4.7.4/../../../../arm-none-eabi/lib\libc_s.a(lib_a-mprec.o)
                0x20004424                __lo0bits
 .text.__i2b    0x200044b8       0x24 c:/isis/application/toolchain/bin/../lib/gcc/arm-none-eabi/4.7.4/../../../../arm-none-eabi/lib\libc_s.a(lib_a-mprec.o)
                0x200044b8                __i2b
 .text.__multiply
                0x200044dc      0x1ac c:/isis/application/toolchain/bin/../lib/gcc/arm-none-eabi/4.7.4/../../../../arm-none-eabi/lib\libc_s.a(lib_a-mprec.o)
                0x200044dc                __multiply
 .text.__pow5mult
                0x20004688      0x10c c:/isis/application/toolchain/bin/../lib/gcc/arm-none-eabi/4.7.4/../../../../arm-none-eabi/lib\libc_s.a(lib_a-mprec.o)
                0x20004688                __pow5mult
 .text.__lshift
                0x20004794       0xf0 c:/isis/application/toolchain/bin/../lib/gcc/arm-none-eabi/4.7.4/../../../../arm-none-eabi/lib\libc_s.a(lib_a-mprec.o)
                0x20004794                __lshift
 .text.__mcmp   0x20004884       0x60 c:/isis/application/toolchain/bin/../lib/gcc/arm-none-eabi/4.7.4/../../../../arm-none-eabi/lib\libc_s.a(lib_a-mprec.o)
                0x20004884                __mcmp
 .text.__mdiff  0x200048e4      0x128 c:/isis/application/toolchain/bin/../lib/gcc/arm-none-eabi/4.7.4/../../../../arm-none-eabi/lib\libc_s.a(lib_a-mprec.o)
                0x200048e4                __mdiff
 .text.__ulp    0x20004a0c       0x5c c:/isis/application/toolchain/bin/../lib/gcc/arm-none-eabi/4.7.4/../../../../arm-none-eabi/lib\libc_s.a(lib_a-mprec.o)
                0x20004a0c                __ulp
 .text.__b2d    0x20004a68       0xc8 c:/isis/application/toolchain/bin/../lib/gcc/arm-none-eabi/4.7.4/../../../../arm-none-eabi/lib\libc_s.a(lib_a-mprec.o)
                0x20004a68                __b2d
 .text.__d2b    0x20004b30       0xfc c:/isis/application/toolchain/bin/../lib/gcc/arm-none-eabi/4.7.4/../../../../arm-none-eabi/lib\libc_s.a(lib_a-mprec.o)
                0x20004b30                __d2b
 .text.__ratio  0x20004c2c       0x70 c:/isis/application/toolchain/bin/../lib/gcc/arm-none-eabi/4.7.4/../../../../arm-none-eabi/lib\libc_s.a(lib_a-mprec.o)
                0x20004c2c                __ratio
 .text.__copybits
                0x20004c9c       0x4c c:/isis/application/toolchain/bin/../lib/gcc/arm-none-eabi/4.7.4/../../../../arm-none-eabi/lib\libc_s.a(lib_a-mprec.o)
                0x20004c9c                __copybits
 .text.__any_on
                0x20004ce8       0x7c c:/isis/application/toolchain/bin/../lib/gcc/arm-none-eabi/4.7.4/../../../../arm-none-eabi/lib\libc_s.a(lib_a-mprec.o)
                0x20004ce8                __any_on
 .text.__fpclassifyd
                0x20004d64       0x6c c:/isis/application/toolchain/bin/../lib/gcc/arm-none-eabi/4.7.4/../../../../arm-none-eabi/lib\libc_s.a(lib_a-s_fpclassify.o)
                0x20004d64                __fpclassifyd
 .text._sbrk_r  0x20004dd0       0x3c c:/isis/application/toolchain/bin/../lib/gcc/arm-none-eabi/4.7.4/../../../../arm-none-eabi/lib\libc_s.a(lib_a-sbrkr.o)
                0x20004dd0                _sbrk_r
 .text.nanf     0x20004e0c        0xc c:/isis/application/toolchain/bin/../lib/gcc/arm-none-eabi/4.7.4/../../../../arm-none-eabi/lib\libc_s.a(lib_a-sf_nan.o)
                0x20004e0c                nanf
 .text.sprintf  0x20004e18       0x6c c:/isis/application/toolchain/bin/../lib/gcc/arm-none-eabi/4.7.4/../../../../arm-none-eabi/lib\libc_s.a(lib_a-sprintf.o)
                0x20004e18                siprintf
                0x20004e18                sprintf
 .text.strcmp   0x20004e84       0x1c c:/isis/application/toolchain/bin/../lib/gcc/arm-none-eabi/4.7.4/../../../../arm-none-eabi/lib\libc_s.a(lib_a-strcmp.o)
                0x20004e84                strcmp
 .text.strlen   0x20004ea0       0x1c c:/isis/application/toolchain/bin/../lib/gcc/arm-none-eabi/4.7.4/../../../../arm-none-eabi/lib\libc_s.a(lib_a-strlen.o)
                0x20004ea0                strlen
 .text.match    0x20004ebc       0x54 c:/isis/application/toolchain/bin/../lib/gcc/arm-none-eabi/4.7.4/../../../../arm-none-eabi/lib\libc_s.a(lib_a-strtod.o)
 .text._strtod_r
                0x20004f10     0x1168 c:/isis/application/toolchain/bin/../lib/gcc/arm-none-eabi/4.7.4/../../../../arm-none-eabi/lib\libc_s.a(lib_a-strtod.o)
                0x20004f10                _strtod_r
 .text._strtol_r
                0x20006078      0x1b8 c:/isis/application/toolchain/bin/../lib/gcc/arm-none-eabi/4.7.4/../../../../arm-none-eabi/lib\libc_s.a(lib_a-strtol.o)
                0x20006078                _strtol_r
 .text.__ssputc_r
                0x20006230      0x10c c:/isis/application/toolchain/bin/../lib/gcc/arm-none-eabi/4.7.4/../../../../arm-none-eabi/lib\libc_s.a(lib_a-svfprintf.o)
                0x20006230                __ssputc_r
 .text._svfprintf_r
                0x2000633c      0x328 c:/isis/application/toolchain/bin/../lib/gcc/arm-none-eabi/4.7.4/../../../../arm-none-eabi/lib\libc_s.a(lib_a-svfprintf.o)
                0x2000633c                _svfiprintf_r
                0x2000633c                _svfprintf_r
 .text._calloc_r
                0x20006664       0x2c c:/isis/application/toolchain/bin/../lib/gcc/arm-none-eabi/4.7.4/../../../../arm-none-eabi/lib\libc_s.a(lib_a-callocr.o)
                0x20006664                _calloc_r
 .text._free_r  0x20006690      0x108 c:/isis/application/toolchain/bin/../lib/gcc/arm-none-eabi/4.7.4/../../../../arm-none-eabi/lib\libc_s.a(lib_a-freer.o)
                0x20006690                _free_r
 .text.rshift   0x20006798       0xb0 c:/isis/application/toolchain/bin/../lib/gcc/arm-none-eabi/4.7.4/../../../../arm-none-eabi/lib\libc_s.a(lib_a-gdtoa-gethex.o)
 .text.htinit.constprop.0
                0x20006848       0x34 c:/isis/application/toolchain/bin/../lib/gcc/arm-none-eabi/4.7.4/../../../../arm-none-eabi/lib\libc_s.a(lib_a-gdtoa-gethex.o)
 .text.__hexdig_init
                0x2000687c       0x38 c:/isis/application/toolchain/bin/../lib/gcc/arm-none-eabi/4.7.4/../../../../arm-none-eabi/lib\libc_s.a(lib_a-gdtoa-gethex.o)
                0x2000687c                __hexdig_init
 .text.__gethex
                0x200068b4      0x6cc c:/isis/application/toolchain/bin/../lib/gcc/arm-none-eabi/4.7.4/../../../../arm-none-eabi/lib\libc_s.a(lib_a-gdtoa-gethex.o)
                0x200068b4                __gethex
 .text.L_shift  0x20006f80       0x38 c:/isis/application/toolchain/bin/../lib/gcc/arm-none-eabi/4.7.4/../../../../arm-none-eabi/lib\libc_s.a(lib_a-gdtoa-hexnan.o)
 .text.__hexnan
                0x20006fb8      0x1d8 c:/isis/application/toolchain/bin/../lib/gcc/arm-none-eabi/4.7.4/../../../../arm-none-eabi/lib\libc_s.a(lib_a-gdtoa-hexnan.o)
                0x20006fb8                __hexnan
 .text.memchr   0x20007190       0x34 c:/isis/application/toolchain/bin/../lib/gcc/arm-none-eabi/4.7.4/../../../../arm-none-eabi/lib\libc_s.a(lib_a-memchr.o)
                0x20007190                memchr
 .text.memset   0x200071c4       0x1c c:/isis/application/toolchain/bin/../lib/gcc/arm-none-eabi/4.7.4/../../../../arm-none-eabi/lib\libc_s.a(lib_a-memset.o)
                0x200071c4                memset
 .text._realloc_r
                0x200071e0       0x80 c:/isis/application/toolchain/bin/../lib/gcc/arm-none-eabi/4.7.4/../../../../arm-none-eabi/lib\libc_s.a(lib_a-reallocr.o)
                0x200071e0                _realloc_r
 .text.strncmp  0x20007260       0x64 c:/isis/application/toolchain/bin/../lib/gcc/arm-none-eabi/4.7.4/../../../../arm-none-eabi/lib\libc_s.a(lib_a-strncmp.o)
                0x20007260                strncmp
 .text._malloc_usable_size_r
                0x200072c4       0x1c c:/isis/application/toolchain/bin/../lib/gcc/arm-none-eabi/4.7.4/../../../../arm-none-eabi/lib\libc_s.a(lib_a-msizer.o)
                0x200072c4                _malloc_usable_size_r
 .text.GetChunkFromImage
                0x200072e0      0x2e0 ./src/sub-systemCode/payload/Request Management/Dump/Butchering.o
                0x200072e0                GetChunkFromImage
 .text.SimpleButcher
                0x200075c0       0xf4 ./src/sub-systemCode/payload/Request Management/Dump/Butchering.o
                0x200075c0                SimpleButcher
 .text.readChunkDimentionsFromFRAM
                0x200076b4       0x80 ./src/sub-systemCode/payload/Request Management/Dump/imageDump.o
                0x200076b4                readChunkDimentionsFromFRAM
 .text.setChunkDimensions_inFRAM
                0x20007734      0x10c ./src/sub-systemCode/payload/Request Management/Dump/imageDump.o
                0x20007734                setChunkDimensions_inFRAM
 .text.find_subType_ofImage
                0x20007840       0xe0 ./src/sub-systemCode/payload/Request Management/Dump/imageDump.o
                0x20007840                find_subType_ofImage
 .text.buildAndSend_chunck
                0x20007920      0x320 ./src/sub-systemCode/payload/Request Management/Dump/imageDump.o
                0x20007920                buildAndSend_chunck
 .text.bitField_imageDump
                0x20007c40      0x2b8 ./src/sub-systemCode/payload/Request Management/Dump/imageDump.o
                0x20007c40                bitField_imageDump
 .text.imageDataBase_Dump
                0x20007ef8      0x104 ./src/sub-systemCode/payload/Request Management/Dump/imageDump.o
                0x20007ef8                imageDataBase_Dump
 .text.chunkField_imageDump
                0x20007ffc      0x258 ./src/sub-systemCode/payload/Request Management/Dump/imageDump.o
                0x20007ffc                chunkField_imageDump
 .text.imageDump_task
                0x20008254      0x3fc ./src/sub-systemCode/payload/Request Management/Dump/imageDump.o
                0x20008254                imageDump_task
 .text.CameraManagerTaskMain
                0x20008650      0x180 ./src/sub-systemCode/payload/Request Management/CameraManeger.o
                0x20008650                CameraManagerTaskMain
 .text.initCamera
                0x200087d0       0xa4 ./src/sub-systemCode/payload/Request Management/CameraManeger.o
                0x200087d0                initCamera
 .text.KickStartCamera
                0x20008874       0xb4 ./src/sub-systemCode/payload/Request Management/CameraManeger.o
                0x20008874                KickStartCamera
 .text.addRequestToQueue
                0x20008928       0xa8 ./src/sub-systemCode/payload/Request Management/CameraManeger.o
                0x20008928                addRequestToQueue
 .text.removeRequestFromQueue
                0x200089d0       0x7c ./src/sub-systemCode/payload/Request Management/CameraManeger.o
                0x200089d0                removeRequestFromQueue
 .text.Take_pictures_with_time_in_between
                0x20008a4c       0xb8 ./src/sub-systemCode/payload/Request Management/CameraManeger.o
                0x20008a4c                Take_pictures_with_time_in_between
 .text.Gecko_TroubleShooter
                0x20008b04       0xdc ./src/sub-systemCode/payload/Request Management/CameraManeger.o
                0x20008b04                Gecko_TroubleShooter
 .text.startDumpTask
                0x20008be0       0x70 ./src/sub-systemCode/payload/Request Management/CameraManeger.o
                0x20008be0                startDumpTask
 .text.act_upon_request
                0x20008c50      0x3e8 ./src/sub-systemCode/payload/Request Management/CameraManeger.o
                0x20008c50                act_upon_request
 .text.TakePicture
                0x20009038       0x4c ./src/sub-systemCode/payload/Request Management/DB_RequestHandling.o
                0x20009038                TakePicture
 .text.TakeSpecialPicture
                0x20009084      0x104 ./src/sub-systemCode/payload/Request Management/DB_RequestHandling.o
                0x20009084                TakeSpecialPicture
 .text.DeletePictureFile
                0x20009188       0x88 ./src/sub-systemCode/payload/Request Management/DB_RequestHandling.o
                0x20009188                DeletePictureFile
 .text.DeletePicture
                0x20009210       0x6c ./src/sub-systemCode/payload/Request Management/DB_RequestHandling.o
                0x20009210                DeletePicture
 .text.TransferPicture
                0x2000927c       0x54 ./src/sub-systemCode/payload/Request Management/DB_RequestHandling.o
                0x2000927c                TransferPicture
 .text.CreateThumbnail
                0x200092d0       0x80 ./src/sub-systemCode/payload/Request Management/DB_RequestHandling.o
                0x200092d0                CreateThumbnail
 .text.CreateJPG
                0x20009350       0x7c ./src/sub-systemCode/payload/Request Management/DB_RequestHandling.o
                0x20009350                CreateJPG
 .text.UpdatePhotographyValues
                0x200093cc       0xb4 ./src/sub-systemCode/payload/Request Management/DB_RequestHandling.o
                0x200093cc                UpdatePhotographyValues
 .text.setChunkDimensions
                0x20009480       0x64 ./src/sub-systemCode/payload/Request Management/DB_RequestHandling.o
                0x20009480                setChunkDimensions
 .text.convert2char
                0x200094e4      0x14c ./src/sub-systemCode/payload/Misc/Boolean_bit.o
                0x200094e4                convert2char
 .text.convert2byte
                0x20009630      0x1c8 ./src/sub-systemCode/payload/Misc/Boolean_bit.o
                0x20009630                convert2byte
 .text.bits2byte
                0x200097f8      0x17c ./src/sub-systemCode/payload/Misc/Boolean_bit.o
                0x200097f8                bits2byte
 .text.byte2bits
                0x20009974      0x17c ./src/sub-systemCode/payload/Misc/Boolean_bit.o
                0x20009974                byte2bits
 .text.char2bits
                0x20009af0       0x44 ./src/sub-systemCode/payload/Misc/Boolean_bit.o
                0x20009af0                char2bits
 .text.bits2char
                0x20009b34       0x3c ./src/sub-systemCode/payload/Misc/Boolean_bit.o
                0x20009b34                bits2char
 .text.ReadFromFile
                0x20009b70       0x6c ./src/sub-systemCode/payload/Misc/FileSystem.o
                0x20009b70                ReadFromFile
 .text.WriteToFile
                0x20009bdc       0x74 ./src/sub-systemCode/payload/Misc/FileSystem.o
                0x20009bdc                WriteToFile
 .text.Initialized_GPIO
                0x20009c50       0x54 ./src/sub-systemCode/payload/Drivers/GeckoCameraDriver.o
                0x20009c50                Initialized_GPIO
 .text.TurnOnGecko
                0x20009ca4      0x140 ./src/sub-systemCode/payload/Drivers/GeckoCameraDriver.o
                0x20009ca4                TurnOnGecko
 .text.TurnOffGecko
                0x20009de4       0xd8 ./src/sub-systemCode/payload/Drivers/GeckoCameraDriver.o
                0x20009de4                TurnOffGecko
 .text.initGecko
                0x20009ebc       0x3c ./src/sub-systemCode/payload/Drivers/GeckoCameraDriver.o
                0x20009ebc                initGecko
 .text.GECKO_TakeImage
                0x20009ef8      0x2f4 ./src/sub-systemCode/payload/Drivers/GeckoCameraDriver.o
                0x20009ef8                GECKO_TakeImage
 .text.GECKO_ReadImage
                0x2000a1ec      0x234 ./src/sub-systemCode/payload/Drivers/GeckoCameraDriver.o
                0x2000a1ec                GECKO_ReadImage
 .text.GECKO_EraseBlock
                0x2000a420       0xf0 ./src/sub-systemCode/payload/Drivers/GeckoCameraDriver.o
                0x2000a420                GECKO_EraseBlock
 .text.getFileName
                0x2000a510      0x1a0 ./src/sub-systemCode/payload/DataBase/DataBase.o
 .text.zeroImageDataBase
                0x2000a6b0       0xfc ./src/sub-systemCode/payload/DataBase/DataBase.o
                0x2000a6b0                zeroImageDataBase
 .text.updateGeneralDataBaseParameters
                0x2000a7ac       0x5c ./src/sub-systemCode/payload/DataBase/DataBase.o
                0x2000a7ac                updateGeneralDataBaseParameters
 .text.SearchDataBase_byID
                0x2000a808      0x220 ./src/sub-systemCode/payload/DataBase/DataBase.o
                0x2000a808                SearchDataBase_byID
 .text.SearchDataBase_byMark
                0x2000aa28       0xa4 ./src/sub-systemCode/payload/DataBase/DataBase.o
                0x2000aa28                SearchDataBase_byMark
 .text.checkForFileType
                0x2000aacc       0x68 ./src/sub-systemCode/payload/DataBase/DataBase.o
                0x2000aacc                checkForFileType
 .text.updateFileTypes
                0x2000ab34       0xbc ./src/sub-systemCode/payload/DataBase/DataBase.o
                0x2000ab34                updateFileTypes
 .text.GetImageFactor
                0x2000abf0       0x58 ./src/sub-systemCode/payload/DataBase/DataBase.o
                0x2000abf0                GetImageFactor
 .text.readImageFromBuffer
                0x2000ac48      0x12c ./src/sub-systemCode/payload/DataBase/DataBase.o
                0x2000ac48                readImageFromBuffer
 .text.saveImageToBuffer
                0x2000ad74      0x12c ./src/sub-systemCode/payload/DataBase/DataBase.o
                0x2000ad74                saveImageToBuffer
 .text.getLatestID
                0x2000aea0       0x48 ./src/sub-systemCode/payload/DataBase/DataBase.o
                0x2000aea0                getLatestID
 .text.getDataBaseStart
                0x2000aee8       0x20 ./src/sub-systemCode/payload/DataBase/DataBase.o
                0x2000aee8                getDataBaseStart
 .text.setDataBaseValues
                0x2000af08      0x1d8 ./src/sub-systemCode/payload/DataBase/DataBase.o
                0x2000af08                setDataBaseValues
 .text.initImageDataBase
                0x2000b0e0      0x1b0 ./src/sub-systemCode/payload/DataBase/DataBase.o
                0x2000b0e0                initImageDataBase
 .text.resetImageDataBase
                0x2000b290       0x98 ./src/sub-systemCode/payload/DataBase/DataBase.o
                0x2000b290                resetImageDataBase
 .text.setCameraPhotographyValues
                0x2000b328      0x10c ./src/sub-systemCode/payload/DataBase/DataBase.o
                0x2000b328                setCameraPhotographyValues
 .text.transferImageToSD_withoutSearch
                0x2000b434      0x15c ./src/sub-systemCode/payload/DataBase/DataBase.o
                0x2000b434                transferImageToSD_withoutSearch
 .text.transferImageToSD
                0x2000b590       0xb4 ./src/sub-systemCode/payload/DataBase/DataBase.o
                0x2000b590                transferImageToSD
 .text.DeleteImageFromOBC_withoutSearch
                0x2000b644       0xe0 ./src/sub-systemCode/payload/DataBase/DataBase.o
                0x2000b644                DeleteImageFromOBC_withoutSearch
 .text.DeleteImageFromOBC
                0x2000b724       0xb4 ./src/sub-systemCode/payload/DataBase/DataBase.o
                0x2000b724                DeleteImageFromOBC
 .text.DeleteImageFromPayload
                0x2000b7d8      0x25c ./src/sub-systemCode/payload/DataBase/DataBase.o
                0x2000b7d8                DeleteImageFromPayload
 .text.clearImageDataBase
                0x2000ba34      0x114 ./src/sub-systemCode/payload/DataBase/DataBase.o
                0x2000ba34                clearImageDataBase
 .text.handleMarkedPictures
                0x2000bb48      0x1dc ./src/sub-systemCode/payload/DataBase/DataBase.o
                0x2000bb48                handleMarkedPictures
 .text.writeNewImageMetaDataToFRAM
                0x2000bd24      0x234 ./src/sub-systemCode/payload/DataBase/DataBase.o
                0x2000bd24                writeNewImageMetaDataToFRAM
 .text.takePicture
                0x2000bf58      0x378 ./src/sub-systemCode/payload/DataBase/DataBase.o
                0x2000bf58                takePicture
 .text.takePicture_withSpecialParameters
                0x2000c2d0       0xbc ./src/sub-systemCode/payload/DataBase/DataBase.o
                0x2000c2d0                takePicture_withSpecialParameters
 .text.GetImageFileName
                0x2000c38c       0xc0 ./src/sub-systemCode/payload/DataBase/DataBase.o
                0x2000c38c                GetImageFileName
 .text.getDataBaseSize
                0x2000c44c       0x20 ./src/sub-systemCode/payload/DataBase/DataBase.o
                0x2000c44c                getDataBaseSize
 .text.getImageDataBaseBuffer
                0x2000c46c      0x240 ./src/sub-systemCode/payload/DataBase/DataBase.o
                0x2000c46c                getImageDataBaseBuffer
 .text.TransformRawToBMP
                0x2000c6ac      0x1e0 ./src/sub-systemCode/payload/Compression/jpeg/bmp/rawToBMP.o
                0x2000c6ac                TransformRawToBMP
 .text.interpolate
                0x2000c88c      0x8d0 ./src/sub-systemCode/payload/Compression/jpeg/bmp/rawToBMP.o
                0x2000c88c                interpolate
 .text.getInputAt
                0x2000d15c      0x308 ./src/sub-systemCode/payload/Compression/jpeg/bmp/rawToBMP.o
                0x2000d15c                getInputAt
 .text.f_writeF_FILEHeader
                0x2000d464      0x2f0 ./src/sub-systemCode/payload/Compression/jpeg/bmp/rawToBMP.o
                0x2000d464                f_writeF_FILEHeader
 .text.f_writeOutputRow
                0x2000d754       0xbc ./src/sub-systemCode/payload/Compression/jpeg/bmp/rawToBMP.o
                0x2000d754                f_writeOutputRow
 .text.dct      0x2000d810      0x9c4 ./src/sub-systemCode/payload/Compression/jpeg/DCT.o
                0x2000d810                dct
 .text.JPEG_compressor
                0x2000e1d4       0xfc ./src/sub-systemCode/payload/Compression/jpeg/ImgCompressor.o
                0x2000e1d4                JPEG_compressor
 .text.Create_BMP_File
                0x2000e2d0       0xf4 ./src/sub-systemCode/payload/Compression/jpeg/ImgCompressor.o
                0x2000e2d0                Create_BMP_File
 .text.CompressImage
                0x2000e3c4      0x1cc ./src/sub-systemCode/payload/Compression/jpeg/ImgCompressor.o
                0x2000e3c4                CompressImage
 .text.clamp    0x2000e590       0x60 ./src/sub-systemCode/payload/Compression/jpeg/color_conv.o
                0x2000e590                clamp
 .text.RGB_to_YCC
                0x2000e5f0      0x1a8 ./src/sub-systemCode/payload/Compression/jpeg/color_conv.o
                0x2000e5f0                RGB_to_YCC
 .text.RGB_to_Y
                0x2000e798       0xc4 ./src/sub-systemCode/payload/Compression/jpeg/color_conv.o
                0x2000e798                RGB_to_Y
 .text.Y_to_YCC
                0x2000e85c       0x88 ./src/sub-systemCode/payload/Compression/jpeg/color_conv.o
                0x2000e85c                Y_to_YCC
 .text.compress_image_to_jpeg_file
                0x2000e8e4      0x1ac ./src/sub-systemCode/payload/Compression/jpeg/jpeg.o
                0x2000e8e4                compress_image_to_jpeg_file
 .text.emit_marker
                0x2000ea90       0xc8 ./src/sub-systemCode/payload/Compression/jpeg/jpeg_encoder.o
                0x2000ea90                emit_marker
 .text.emit_byte
                0x2000eb58       0x6c ./src/sub-systemCode/payload/Compression/jpeg/jpeg_encoder.o
                0x2000eb58                emit_byte
 .text.emit_word
                0x2000ebc4       0xd0 ./src/sub-systemCode/payload/Compression/jpeg/jpeg_encoder.o
                0x2000ebc4                emit_word
 .text.emit_jfif_app0
                0x2000ec94       0xc0 ./src/sub-systemCode/payload/Compression/jpeg/jpeg_encoder.o
                0x2000ec94                emit_jfif_app0
 .text.emit_dqt
                0x2000ed54       0xd8 ./src/sub-systemCode/payload/Compression/jpeg/jpeg_encoder.o
                0x2000ed54                emit_dqt
 .text.emit_sof
                0x2000ee2c      0x14c ./src/sub-systemCode/payload/Compression/jpeg/jpeg_encoder.o
                0x2000ee2c                emit_sof
 .text.emit_dht
                0x2000ef78      0x138 ./src/sub-systemCode/payload/Compression/jpeg/jpeg_encoder.o
                0x2000ef78                emit_dht
 .text.emit_dhts
                0x2000f0b0       0xd8 ./src/sub-systemCode/payload/Compression/jpeg/jpeg_encoder.o
                0x2000f0b0                emit_dhts
 .text.emit_sos
                0x2000f188       0xec ./src/sub-systemCode/payload/Compression/jpeg/jpeg_encoder.o
                0x2000f188                emit_sos
 .text.emit_markers
                0x2000f274       0x4c ./src/sub-systemCode/payload/Compression/jpeg/jpeg_encoder.o
                0x2000f274                emit_markers
 .text.compute_huffman_table
                0x2000f2c0      0x334 ./src/sub-systemCode/payload/Compression/jpeg/jpeg_encoder.o
                0x2000f2c0                compute_huffman_table
 .text.compute_quant_table
                0x2000f5f4      0x11c ./src/sub-systemCode/payload/Compression/jpeg/jpeg_encoder.o
                0x2000f5f4                compute_quant_table
 .text.first_pass_init
                0x2000f710       0x54 ./src/sub-systemCode/payload/Compression/jpeg/jpeg_encoder.o
                0x2000f710                first_pass_init
 .text.second_pass_init
                0x2000f764      0x110 ./src/sub-systemCode/payload/Compression/jpeg/jpeg_encoder.o
                0x2000f764                second_pass_init
 .text.jpg_open
                0x2000f874      0x7b4 ./src/sub-systemCode/payload/Compression/jpeg/jpeg_encoder.o
                0x2000f874                jpg_open
 .text.load_block_8_8_grey
                0x20010028      0x164 ./src/sub-systemCode/payload/Compression/jpeg/jpeg_encoder.o
                0x20010028                load_block_8_8_grey
 .text.load_block_8_8
                0x2001018c      0x198 ./src/sub-systemCode/payload/Compression/jpeg/jpeg_encoder.o
                0x2001018c                load_block_8_8
 .text.load_block_16_8
                0x20010324      0x3cc ./src/sub-systemCode/payload/Compression/jpeg/jpeg_encoder.o
                0x20010324                load_block_16_8
 .text.load_block_16_8_8
                0x200106f0      0x2a8 ./src/sub-systemCode/payload/Compression/jpeg/jpeg_encoder.o
                0x200106f0                load_block_16_8_8
 .text.load_coefficients
                0x20010998      0x1c8 ./src/sub-systemCode/payload/Compression/jpeg/jpeg_encoder.o
                0x20010998                load_coefficients
 .text.flush_output_buffer
                0x20010b60       0xa0 ./src/sub-systemCode/payload/Compression/jpeg/jpeg_encoder.o
                0x20010b60                flush_output_buffer
 .text.put_bits
                0x20010c00      0x170 ./src/sub-systemCode/payload/Compression/jpeg/jpeg_encoder.o
                0x20010c00                put_bits
 .text.code_coefficients_pass_two
                0x20010d70      0x338 ./src/sub-systemCode/payload/Compression/jpeg/jpeg_encoder.o
                0x20010d70                code_coefficients_pass_two
 .text.code_block
                0x200110a8       0x44 ./src/sub-systemCode/payload/Compression/jpeg/jpeg_encoder.o
                0x200110a8                code_block
 .text.process_mcu_row
                0x200110ec      0x328 ./src/sub-systemCode/payload/Compression/jpeg/jpeg_encoder.o
                0x200110ec                process_mcu_row
 .text.terminate_pass_two
                0x20011414       0x44 ./src/sub-systemCode/payload/Compression/jpeg/jpeg_encoder.o
                0x20011414                terminate_pass_two
 .text.process_end_of_image
                0x20011458       0xc0 ./src/sub-systemCode/payload/Compression/jpeg/jpeg_encoder.o
                0x20011458                process_end_of_image
 .text.load_mcu
                0x20011518      0x29c ./src/sub-systemCode/payload/Compression/jpeg/jpeg_encoder.o
                0x20011518                load_mcu
 .text.clear    0x200117b4      0x1e0 ./src/sub-systemCode/payload/Compression/jpeg/jpeg_encoder.o
                0x200117b4                clear
 .text.init     0x20011994       0xe4 ./src/sub-systemCode/payload/Compression/jpeg/jpeg_encoder.o
                0x20011994                init
 .text.deinit   0x20011a78      0x160 ./src/sub-systemCode/payload/Compression/jpeg/jpeg_encoder.o
                0x20011a78                deinit
 .text.process_scanline
                0x20011bd8       0x6c ./src/sub-systemCode/payload/Compression/jpeg/jpeg_encoder.o
                0x20011bd8                process_scanline
 .text.jpge_malloc
                0x20011c44       0x28 ./src/sub-systemCode/payload/Compression/jpeg/jpeg_memory_alloc.o
                0x20011c44                jpge_malloc
 .text.jpge_cmalloc
                0x20011c6c       0x48 ./src/sub-systemCode/payload/Compression/jpeg/jpeg_memory_alloc.o
                0x20011c6c                jpge_cmalloc
 .text.jpge_free
                0x20011cb4       0x24 ./src/sub-systemCode/payload/Compression/jpeg/jpeg_memory_alloc.o
                0x20011cb4                jpge_free
 .text.check    0x20011cd8       0x78 ./src/sub-systemCode/payload/Compression/jpeg/jpeg_params.o
                0x20011cd8                check
 .text.open_jpeg_file
                0x20011d50       0xfc ./src/sub-systemCode/payload/Compression/jpeg/output_stream.o
                0x20011d50                open_jpeg_file
 .text.close_jpeg_file
                0x20011e4c      0x118 ./src/sub-systemCode/payload/Compression/jpeg/output_stream.o
                0x20011e4c                close_jpeg_file
 .text.put_buf  0x20011f64      0x258 ./src/sub-systemCode/payload/Compression/jpeg/output_stream.o
                0x20011f64                put_buf
 .text.GetBayerPixel
                0x200121bc       0xe8 ./src/sub-systemCode/payload/Compression/ImageConversion.o
 .text.BinImage
                0x200122a4      0x2c8 ./src/sub-systemCode/payload/Compression/ImageConversion.o
                0x200122a4                BinImage
 .text.ImageSkipping
                0x2001256c      0x2ac ./src/sub-systemCode/payload/Compression/ImageConversion.o
                0x2001256c                ImageSkipping
 .text.CreateImageThumbnail_withoutSearch
                0x20012818      0x14c ./src/sub-systemCode/payload/Compression/ImageConversion.o
                0x20012818                CreateImageThumbnail_withoutSearch
 .text.CreateImageThumbnail
                0x20012964       0x94 ./src/sub-systemCode/payload/Compression/ImageConversion.o
                0x20012964                CreateImageThumbnail
 .text.compressImage
                0x200129f8      0x17c ./src/sub-systemCode/payload/Compression/ImageConversion.o
                0x200129f8                compressImage
 .text.AdcsCmdQueueInit
                0x20012b74       0x4c ./src/sub-systemCode/Main/CMD/ADCS_CMD.o
                0x20012b74                AdcsCmdQueueInit
 .text.AdcsCmdQueueGet
                0x20012bc0       0x8c ./src/sub-systemCode/Main/CMD/ADCS_CMD.o
                0x20012bc0                AdcsCmdQueueGet
 .text.AdcsCmdQueueAdd
                0x20012c4c       0x74 ./src/sub-systemCode/Main/CMD/ADCS_CMD.o
                0x20012c4c                AdcsCmdQueueAdd
 .text.AdcsCmdQueueIsEmpty
                0x20012cc0       0x3c ./src/sub-systemCode/Main/CMD/ADCS_CMD.o
                0x20012cc0                AdcsCmdQueueIsEmpty
 .text.getAdcsQueueWaitPointer
                0x20012cfc       0x20 ./src/sub-systemCode/Main/CMD/ADCS_CMD.o
                0x20012cfc                getAdcsQueueWaitPointer
 .text.cmd_mute
                0x20012d1c       0xc4 ./src/sub-systemCode/Main/CMD/COMM_CMD.o
                0x20012d1c                cmd_mute
 .text.cmd_unmute
                0x20012de0       0x4c ./src/sub-systemCode/Main/CMD/COMM_CMD.o
                0x20012de0                cmd_unmute
 .text.cmd_active_trans
                0x20012e2c       0xc0 ./src/sub-systemCode/Main/CMD/COMM_CMD.o
                0x20012e2c                cmd_active_trans
 .text.cmd_shut_trans
                0x20012eec       0x38 ./src/sub-systemCode/Main/CMD/COMM_CMD.o
                0x20012eec                cmd_shut_trans
 .text.cmd_change_trans_rssi
                0x20012f24      0x100 ./src/sub-systemCode/Main/CMD/COMM_CMD.o
                0x20012f24                cmd_change_trans_rssi
 .text.cmd_aprs_dump
                0x20013024       0x50 ./src/sub-systemCode/Main/CMD/COMM_CMD.o
                0x20013024                cmd_aprs_dump
 .text.cmd_stop_dump
                0x20013074       0x38 ./src/sub-systemCode/Main/CMD/COMM_CMD.o
                0x20013074                cmd_stop_dump
 .text.cmd_time_frequency
                0x200130ac       0xc0 ./src/sub-systemCode/Main/CMD/COMM_CMD.o
                0x200130ac                cmd_time_frequency
 .text.cmd_change_def_bit_rate
                0x2001316c      0x158 ./src/sub-systemCode/Main/CMD/COMM_CMD.o
                0x2001316c                cmd_change_def_bit_rate
 .text.cmd_upload_volt_logic
                0x200132c4      0x334 ./src/sub-systemCode/Main/CMD/EPS_CMD.o
                0x200132c4                cmd_upload_volt_logic
 .text.cmd_upload_volt_COMM
                0x200135f8      0x1c8 ./src/sub-systemCode/Main/CMD/EPS_CMD.o
                0x200135f8                cmd_upload_volt_COMM
 .text.cmd_heater_temp
                0x200137c0       0xc0 ./src/sub-systemCode/Main/CMD/EPS_CMD.o
                0x200137c0                cmd_heater_temp
 .text.cmd_SHUT_CAM
                0x20013880       0x6c ./src/sub-systemCode/Main/CMD/EPS_CMD.o
                0x20013880                cmd_SHUT_CAM
 .text.cmd_SHUT_ADCS
                0x200138ec       0x6c ./src/sub-systemCode/Main/CMD/EPS_CMD.o
                0x200138ec                cmd_SHUT_ADCS
 .text.cmd_allow_CAM
                0x20013958       0x6c ./src/sub-systemCode/Main/CMD/EPS_CMD.o
                0x20013958                cmd_allow_CAM
 .text.cmd_allow_ADCS
                0x200139c4       0x6c ./src/sub-systemCode/Main/CMD/EPS_CMD.o
                0x200139c4                cmd_allow_ADCS
 .text.cmd_update_alpha
                0x20013a30       0xfc ./src/sub-systemCode/Main/CMD/EPS_CMD.o
                0x20013a30                cmd_update_alpha
 .text.cmd_generic_I2C
                0x20013b2c       0xb4 ./src/sub-systemCode/Main/CMD/General_CMD.o
                0x20013b2c                cmd_generic_I2C
 .text.cmd_dump
                0x20013be0       0xf0 ./src/sub-systemCode/Main/CMD/General_CMD.o
                0x20013be0                cmd_dump
 .text.cmd_delete_TM
                0x20013cd0      0x230 ./src/sub-systemCode/Main/CMD/General_CMD.o
                0x20013cd0                cmd_delete_TM
 .text.cmd_reset_file
                0x20013f00      0x118 ./src/sub-systemCode/Main/CMD/General_CMD.o
                0x20013f00                cmd_reset_file
 .text.cmd_dummy_func
                0x20014018       0x40 ./src/sub-systemCode/Main/CMD/General_CMD.o
                0x20014018                cmd_dummy_func
 .text.cmd_reset_TLM_SD
                0x20014058       0x4c ./src/sub-systemCode/Main/CMD/General_CMD.o
                0x20014058                cmd_reset_TLM_SD
 .text.cmd_soft_reset_cmponent
                0x200140a4       0xac ./src/sub-systemCode/Main/CMD/General_CMD.o
                0x200140a4                cmd_soft_reset_cmponent
 .text.cmd_hard_reset_cmponent
                0x20014150       0xac ./src/sub-systemCode/Main/CMD/General_CMD.o
                0x20014150                cmd_hard_reset_cmponent
 .text.cmd_reset_satellite
                0x200141fc       0x78 ./src/sub-systemCode/Main/CMD/General_CMD.o
                0x200141fc                cmd_reset_satellite
 .text.cmd_gracefull_reset_satellite
                0x20014274       0x78 ./src/sub-systemCode/Main/CMD/General_CMD.o
                0x20014274                cmd_gracefull_reset_satellite
 .text.cmd_upload_time
                0x200142ec       0xb0 ./src/sub-systemCode/Main/CMD/General_CMD.o
                0x200142ec                cmd_upload_time
 .text.cmd_ARM_DIARM
                0x2001439c       0xd4 ./src/sub-systemCode/Main/CMD/General_CMD.o
                0x2001439c                cmd_ARM_DIARM
 .text.cmd_get_onlineTM
                0x20014470      0x148 ./src/sub-systemCode/Main/CMD/General_CMD.o
                0x20014470                cmd_get_onlineTM
 .text.cmd_reset_off_line
                0x200145b8       0x68 ./src/sub-systemCode/Main/CMD/General_CMD.o
                0x200145b8                cmd_reset_off_line
 .text.cmd_add_item_off_line
                0x20014620       0xf4 ./src/sub-systemCode/Main/CMD/General_CMD.o
                0x20014620                cmd_add_item_off_line
 .text.cmd_delete_item_off_line
                0x20014714       0x98 ./src/sub-systemCode/Main/CMD/General_CMD.o
                0x20014714                cmd_delete_item_off_line
 .text.cmd_get_off_line_setting
                0x200147ac      0x108 ./src/sub-systemCode/Main/CMD/General_CMD.o
                0x200147ac                cmd_get_off_line_setting
 .text.cmd_reset_delayed_command_list
                0x200148b4       0x3c ./src/sub-systemCode/Main/CMD/SW_CMD.o
                0x200148b4                cmd_reset_delayed_command_list
 .text.cmd_reset_APRS_list
                0x200148f0       0x3c ./src/sub-systemCode/Main/CMD/SW_CMD.o
                0x200148f0                cmd_reset_APRS_list
 .text.cmd_reset_FRAM
                0x2001492c       0xe8 ./src/sub-systemCode/Main/CMD/SW_CMD.o
                0x2001492c                cmd_reset_FRAM
 .text.ARM_ants
                0x20014a14       0xb8 ./src/sub-systemCode/Main/Ants.o
                0x20014a14                ARM_ants
 .text.DISARM_ants
                0x20014acc       0xb8 ./src/sub-systemCode/Main/Ants.o
                0x20014acc                DISARM_ants
 .text.round_vol
                0x20014b84      0x124 ./src/sub-systemCode/Main/EPS.o
                0x20014b84                round_vol
 .text.get_shut_ADCS
                0x20014ca8       0x48 ./src/sub-systemCode/Main/EPS.o
                0x20014ca8                get_shut_ADCS
 .text.shut_ADCS
                0x20014cf0       0x44 ./src/sub-systemCode/Main/EPS.o
                0x20014cf0                shut_ADCS
 .text.get_shut_CAM
                0x20014d34       0x48 ./src/sub-systemCode/Main/EPS.o
                0x20014d34                get_shut_CAM
 .text.shut_CAM
                0x20014d7c       0x44 ./src/sub-systemCode/Main/EPS.o
                0x20014d7c                shut_CAM
 .text.update_powerLines
                0x20014dc0       0xec ./src/sub-systemCode/Main/EPS.o
                0x20014dc0                update_powerLines
 .text.get_EPS_mode_t
                0x20014eac       0x24 ./src/sub-systemCode/Main/EPS.o
                0x20014eac                get_EPS_mode_t
 .text.init_enterMode
                0x20014ed0       0x88 ./src/sub-systemCode/Main/EPS.o
                0x20014ed0                init_enterMode
 .text.EPS_Init
                0x20014f58      0x1dc ./src/sub-systemCode/Main/EPS.o
                0x20014f58                EPS_Init
 .text.reset_FRAM_EPS
                0x20015134       0xe0 ./src/sub-systemCode/Main/EPS.o
                0x20015134                reset_FRAM_EPS
 .text.reset_EPS_voltages
                0x20015214       0xbc ./src/sub-systemCode/Main/EPS.o
                0x20015214                reset_EPS_voltages
 .text.battery_downward
                0x200152d0      0x114 ./src/sub-systemCode/Main/EPS.o
                0x200152d0                battery_downward
 .text.battery_upward
                0x200153e4      0x120 ./src/sub-systemCode/Main/EPS.o
                0x200153e4                battery_upward
 .text.EPS_Conditioning
                0x20015504      0x244 ./src/sub-systemCode/Main/EPS.o
                0x20015504                EPS_Conditioning
 .text.overRide_ADCS
                0x20015748       0x50 ./src/sub-systemCode/Main/EPS.o
                0x20015748                overRide_ADCS
 .text.overRide_Camera
                0x20015798       0x38 ./src/sub-systemCode/Main/EPS.o
                0x20015798                overRide_Camera
 .text.EnterFullMode
                0x200157d0       0xfc ./src/sub-systemCode/Main/EPS.o
                0x200157d0                EnterFullMode
 .text.EnterCruiseMode
                0x200158cc       0xec ./src/sub-systemCode/Main/EPS.o
                0x200158cc                EnterCruiseMode
 .text.EnterSafeMode
                0x200159b8       0xec ./src/sub-systemCode/Main/EPS.o
                0x200159b8                EnterSafeMode
 .text.EnterCriticalMode
                0x20015aa4       0xd8 ./src/sub-systemCode/Main/EPS.o
                0x20015aa4                EnterCriticalMode
 .text.check_EPSTableCorrection
                0x20015b7c      0x120 ./src/sub-systemCode/Main/EPS.o
                0x20015b7c                check_EPSTableCorrection
 .text.save_ACK
                0x20015c9c      0x11c ./src/sub-systemCode/Main/HouseKeeping.o
                0x20015c9c                save_ACK
 .text.set_GP_EPS
                0x20015db8      0x10c ./src/sub-systemCode/Main/HouseKeeping.o
                0x20015db8                set_GP_EPS
 .text.set_GP_COMM
                0x20015ec4       0x88 ./src/sub-systemCode/Main/HouseKeeping.o
                0x20015ec4                set_GP_COMM
 .text.SP_HK_collect
                0x20015f4c      0x198 ./src/sub-systemCode/Main/HouseKeeping.o
                0x20015f4c                SP_HK_collect
 .text.EPS_HK_collect
                0x200160e4      0x4f8 ./src/sub-systemCode/Main/HouseKeeping.o
                0x200160e4                EPS_HK_collect
 .text.CAM_HK_collect
                0x200165dc      0x91c ./src/sub-systemCode/Main/HouseKeeping.o
                0x200165dc                CAM_HK_collect
 .text.COMM_HK_collect
                0x20016ef8      0x20c ./src/sub-systemCode/Main/HouseKeeping.o
                0x20016ef8                COMM_HK_collect
 .text.FS_HK_collect
                0x20017104      0x18c ./src/sub-systemCode/Main/HouseKeeping.o
                0x20017104                FS_HK_collect
 .text.HK_find_ADCSTM_fileName
                0x20017290      0x284 ./src/sub-systemCode/Main/HouseKeeping.o
                0x20017290                HK_find_ADCSTM_fileName
 .text.HK_find_fileName
                0x20017514       0xfc ./src/sub-systemCode/Main/HouseKeeping.o
                0x20017514                HK_find_fileName
 .text.HK_find_ADCSTM_ElementSize
                0x20017610       0xc8 ./src/sub-systemCode/Main/HouseKeeping.o
                0x20017610                HK_find_ADCSTM_ElementSize
 .text.HK_findElementSize
                0x200176d8       0xac ./src/sub-systemCode/Main/HouseKeeping.o
                0x200176d8                HK_findElementSize
 .text.build_HK_spl_packet
                0x20017784      0x150 ./src/sub-systemCode/Main/HouseKeeping.o
                0x20017784                build_HK_spl_packet
 .text.reset_FIRST_activation
                0x200178d4       0x34 ./src/sub-systemCode/Main/Main_Init.o
                0x200178d4                reset_FIRST_activation
 .text.test_menu
                0x20017908       0xb4 ./src/sub-systemCode/Main/Main_Init.o
                0x20017908                test_menu
 .text.numberOfRestarts
                0x200179bc       0x94 ./src/sub-systemCode/Main/Main_Init.o
                0x200179bc                numberOfRestarts
 .text.StartFRAM
                0x20017a50       0x38 ./src/sub-systemCode/Main/Main_Init.o
                0x20017a50                StartFRAM
 .text.StartI2C
                0x20017a88       0x44 ./src/sub-systemCode/Main/Main_Init.o
                0x20017a88                StartI2C
 .text.StartSPI
                0x20017acc       0x40 ./src/sub-systemCode/Main/Main_Init.o
                0x20017acc                StartSPI
 .text.StartTIME
                0x20017b0c      0x118 ./src/sub-systemCode/Main/Main_Init.o
                0x20017b0c                StartTIME
 .text.first_activation
                0x20017c24       0x7c ./src/sub-systemCode/Main/Main_Init.o
                0x20017c24                first_activation
 .text.InitSubsystems
                0x20017ca0       0x64 ./src/sub-systemCode/Main/Main_Init.o
                0x20017ca0                InitSubsystems
 .text.LoggerTestTask
                0x20017d04      0x220 ./src/sub-systemCode/Main/Main_Init.o
                0x20017d04                LoggerTestTask
 .text.SubSystemTaskStart
                0x20017f24      0x128 ./src/sub-systemCode/Main/Main_Init.o
                0x20017f24                SubSystemTaskStart
 .text.save_ACK_s
                0x2001804c       0x5c ./src/sub-systemCode/Main/commands.o
                0x2001804c                save_ACK_s
 .text.copy_command
                0x200180a8       0x80 ./src/sub-systemCode/Main/commands.o
                0x200180a8                copy_command
 .text.reset_command
                0x20018128       0x28 ./src/sub-systemCode/Main/commands.o
                0x20018128                reset_command
 .text.init_command
                0x20018150       0xd4 ./src/sub-systemCode/Main/commands.o
                0x20018150                init_command
 .text.add_command
                0x20018224      0x118 ./src/sub-systemCode/Main/commands.o
                0x20018224                add_command
 .text.get_command
                0x2001833c      0x1ac ./src/sub-systemCode/Main/commands.o
                0x2001833c                get_command
 .text.act_upon_command
                0x200184e8      0x1e4 ./src/sub-systemCode/Main/commands.o
                0x200184e8                act_upon_command
 .text.cmd_error
                0x200186cc       0x38 ./src/sub-systemCode/Main/commands.o
                0x200186cc                cmd_error
 .text.AUC_COMM
                0x20018704      0x25c ./src/sub-systemCode/Main/commands.o
                0x20018704                AUC_COMM
 .text.AUC_general
                0x20018960      0x48c ./src/sub-systemCode/Main/commands.o
                0x20018960                AUC_general
 .text.AUC_payload
                0x20018dec      0x204 ./src/sub-systemCode/Main/commands.o
                0x20018dec                AUC_payload
 .text.AUC_EPS  0x20018ff0      0x28c ./src/sub-systemCode/Main/commands.o
                0x20018ff0                AUC_EPS
 .text.AUC_SW   0x2001927c       0xe4 ./src/sub-systemCode/Main/commands.o
                0x2001927c                AUC_SW
 .text.AUC_onlineTM
                0x20019360      0x1ac ./src/sub-systemCode/Main/commands.o
                0x20019360                AUC_onlineTM
 .text.AUC_special_operation
                0x2001950c       0x8c ./src/sub-systemCode/Main/commands.o
                0x2001950c                AUC_special_operation
 .text.check_int
                0x20019598       0x3c ./src/sub-systemCode/Global/Global.o
                0x20019598                check_int
 .text.check_portBASE_TYPE
                0x200195d4       0x3c ./src/sub-systemCode/Global/Global.o
                0x200195d4                check_portBASE_TYPE
 .text.soft_reset_subsystem
                0x20019610       0xd8 ./src/sub-systemCode/Global/Global.o
                0x20019610                soft_reset_subsystem
 .text.hard_reset_subsystem
                0x200196e8      0x104 ./src/sub-systemCode/Global/Global.o
                0x200196e8                hard_reset_subsystem
 .text.BigEnE_raw_to_uInt
                0x200197ec       0x94 ./src/sub-systemCode/Global/Global.o
                0x200197ec                BigEnE_raw_to_uInt
 .text.BigEnE_raw_to_uShort
                0x20019880       0x50 ./src/sub-systemCode/Global/Global.o
                0x20019880                BigEnE_raw_to_uShort
 .text.BigEnE_uInt_to_raw
                0x200198d0       0x78 ./src/sub-systemCode/Global/Global.o
                0x200198d0                BigEnE_uInt_to_raw
 .text.reset_FRAM_MAIN
                0x20019948      0x19c ./src/sub-systemCode/Global/Global.o
                0x20019948                reset_FRAM_MAIN
 .text.getBitValueByIndex
                0x20019ae4       0xd0 ./src/sub-systemCode/Global/Global.o
                0x20019ae4                getBitValueByIndex
 .text.terminateTask
                0x20019bb4       0x18 ./src/sub-systemCode/Global/Global.o
                0x20019bb4                terminateTask
 .text.init_GP  0x20019bcc      0x2e0 ./src/sub-systemCode/Global/GlobalParam.o
                0x20019bcc                init_GP
 .text.get_system_state
                0x20019eac      0x254 ./src/sub-systemCode/Global/GlobalParam.o
                0x20019eac                get_system_state
 .text.set_system_state
                0x2001a100      0x284 ./src/sub-systemCode/Global/GlobalParam.o
                0x2001a100                set_system_state
 .text.get_systems_state_param
                0x2001a384       0x78 ./src/sub-systemCode/Global/GlobalParam.o
                0x2001a384                get_systems_state_param
 .text.get_current_global_param
                0x2001a3fc      0x548 ./src/sub-systemCode/Global/GlobalParam.o
                0x2001a3fc                get_current_global_param
 .text.set_Vbatt
                0x2001a944       0x78 ./src/sub-systemCode/Global/GlobalParam.o
                0x2001a944                set_Vbatt
 .text.get_Vbatt
                0x2001a9bc       0x78 ./src/sub-systemCode/Global/GlobalParam.o
                0x2001a9bc                get_Vbatt
 .text.set_curBat
                0x2001aa34       0x78 ./src/sub-systemCode/Global/GlobalParam.o
                0x2001aa34                set_curBat
 .text.set_cur3V3
                0x2001aaac       0x78 ./src/sub-systemCode/Global/GlobalParam.o
                0x2001aaac                set_cur3V3
 .text.set_cur5V
                0x2001ab24       0x78 ./src/sub-systemCode/Global/GlobalParam.o
                0x2001ab24                set_cur5V
 .text.set_tempComm_LO
                0x2001ab9c       0x78 ./src/sub-systemCode/Global/GlobalParam.o
                0x2001ab9c                set_tempComm_LO
 .text.set_tempComm_PA
                0x2001ac14       0x78 ./src/sub-systemCode/Global/GlobalParam.o
                0x2001ac14                set_tempComm_PA
 .text.set_tempEPS
                0x2001ac8c       0xb4 ./src/sub-systemCode/Global/GlobalParam.o
                0x2001ac8c                set_tempEPS
 .text.set_tempBatt
                0x2001ad40       0xb4 ./src/sub-systemCode/Global/GlobalParam.o
                0x2001ad40                set_tempBatt
 .text.set_RxDoppler
                0x2001adf4       0x78 ./src/sub-systemCode/Global/GlobalParam.o
                0x2001adf4                set_RxDoppler
 .text.set_RxRSSI
                0x2001ae6c       0x78 ./src/sub-systemCode/Global/GlobalParam.o
                0x2001ae6c                set_RxRSSI
 .text.set_TxRefl
                0x2001aee4       0x78 ./src/sub-systemCode/Global/GlobalParam.o
                0x2001aee4                set_TxRefl
 .text.set_TxForw
                0x2001af5c       0x78 ./src/sub-systemCode/Global/GlobalParam.o
                0x2001af5c                set_TxForw
 .text.get_Attitude
                0x2001afd4      0x10c ./src/sub-systemCode/Global/GlobalParam.o
                0x2001afd4                get_Attitude
 .text.set_numOfAPRS
                0x2001b0e0       0x78 ./src/sub-systemCode/Global/GlobalParam.o
                0x2001b0e0                set_numOfAPRS
 .text.set_numOfDelayedCommand
                0x2001b158       0x78 ./src/sub-systemCode/Global/GlobalParam.o
                0x2001b158                set_numOfDelayedCommand
 .text.set_numOfResets
                0x2001b1d0       0x98 ./src/sub-systemCode/Global/GlobalParam.o
                0x2001b1d0                set_numOfResets
 .text.set_ground_conn
                0x2001b268       0x8c ./src/sub-systemCode/Global/GlobalParam.o
                0x2001b268                set_ground_conn
 .text.get_ground_conn
                0x2001b2f4       0x8c ./src/sub-systemCode/Global/GlobalParam.o
                0x2001b2f4                get_ground_conn
 .text.IsisAntS_getStatusData_sideA
                0x2001b380       0x3c ./src/sub-systemCode/Global/OnlineTM.o
                0x2001b380                IsisAntS_getStatusData_sideA
 .text.IsisAntS_getAlltelemetry_sideA
                0x2001b3bc       0x3c ./src/sub-systemCode/Global/OnlineTM.o
                0x2001b3bc                IsisAntS_getAlltelemetry_sideA
 .text.IsisAntS_getTemperature_sideA
                0x2001b3f8       0x3c ./src/sub-systemCode/Global/OnlineTM.o
                0x2001b3f8                IsisAntS_getTemperature_sideA
 .text.IsisAntS_getStatusData_sideB
                0x2001b434       0x3c ./src/sub-systemCode/Global/OnlineTM.o
                0x2001b434                IsisAntS_getStatusData_sideB
 .text.IsisAntS_getAlltelemetry_sideB
                0x2001b470       0x3c ./src/sub-systemCode/Global/OnlineTM.o
                0x2001b470                IsisAntS_getAlltelemetry_sideB
 .text.IsisAntS_getTemperature_sideB
                0x2001b4ac       0x3c ./src/sub-systemCode/Global/OnlineTM.o
                0x2001b4ac                IsisAntS_getTemperature_sideB
 .text.HK_collect_EPS
                0x2001b4e8       0x30 ./src/sub-systemCode/Global/OnlineTM.o
                0x2001b4e8                HK_collect_EPS
 .text.HK_collect_COMM
                0x2001b518       0x30 ./src/sub-systemCode/Global/OnlineTM.o
                0x2001b518                HK_collect_COMM
 .text.HK_collect_CAM
                0x2001b548       0x30 ./src/sub-systemCode/Global/OnlineTM.o
                0x2001b548                HK_collect_CAM
 .text.HK_collect_SP
                0x2001b578       0x30 ./src/sub-systemCode/Global/OnlineTM.o
                0x2001b578                HK_collect_SP
 .text.HK_collect_FS_A
                0x2001b5a8       0x34 ./src/sub-systemCode/Global/OnlineTM.o
                0x2001b5a8                HK_collect_FS_A
 .text.HK_collect_FS_B
                0x2001b5dc       0x34 ./src/sub-systemCode/Global/OnlineTM.o
                0x2001b5dc                HK_collect_FS_B
 .text.save_offlineSetting_FRAM
                0x2001b610      0x26c ./src/sub-systemCode/Global/OnlineTM.o
                0x2001b610                save_offlineSetting_FRAM
 .text.get_offlineSetting_FRAM
                0x2001b87c       0x58 ./src/sub-systemCode/Global/OnlineTM.o
                0x2001b87c                get_offlineSetting_FRAM
 .text.update_offlineSetting_FRAM
                0x2001b8d4      0x360 ./src/sub-systemCode/Global/OnlineTM.o
                0x2001b8d4                update_offlineSetting_FRAM
 .text.get_offlineSettingPacket
                0x2001bc34       0xc4 ./src/sub-systemCode/Global/OnlineTM.o
                0x2001bc34                get_offlineSettingPacket
 .text.get_item_by_index
                0x2001bcf8       0xdc ./src/sub-systemCode/Global/OnlineTM.o
                0x2001bcf8                get_item_by_index
 .text.get_pointer_item_by_index
                0x2001bdd4       0x48 ./src/sub-systemCode/Global/OnlineTM.o
                0x2001bdd4                get_pointer_item_by_index
 .text.init_onlineParam
                0x2001be1c     0x2f10 ./src/sub-systemCode/Global/OnlineTM.o
                0x2001be1c                init_onlineParam
 .text.reset_offline_TM_list
                0x2001ed2c      0x194 ./src/sub-systemCode/Global/OnlineTM.o
                0x2001ed2c                reset_offline_TM_list
 .text.get_online_packet
                0x2001eec0      0x25c ./src/sub-systemCode/Global/OnlineTM.o
                0x2001eec0                get_online_packet
 .text.save_onlineTM_param
                0x2001f11c      0x1b4 ./src/sub-systemCode/Global/OnlineTM.o
                0x2001f11c                save_onlineTM_param
 .text.add_onlineTM_param_to_save_list
                0x2001f2d0      0x3d8 ./src/sub-systemCode/Global/OnlineTM.o
                0x2001f2d0                add_onlineTM_param_to_save_list
 .text.delete_onlineTM_param_from_offline
                0x2001f6a8      0x1a8 ./src/sub-systemCode/Global/OnlineTM.o
                0x2001f6a8                delete_onlineTM_param_from_offline
 .text.save_onlineTM_logic
                0x2001f850      0x2bc ./src/sub-systemCode/Global/OnlineTM.o
                0x2001f850                save_onlineTM_logic
 .text.save_onlineTM_task
                0x2001fb0c       0xd8 ./src/sub-systemCode/Global/OnlineTM.o
                0x2001fb0c                save_onlineTM_task
 .text.delete_allTMFilesFromSD
                0x2001fbe4      0x14c ./src/sub-systemCode/Global/TLM_management.o
                0x2001fbe4                delete_allTMFilesFromSD
 .text.getNumOfFilesInFS
                0x2001fd30       0x44 ./src/sub-systemCode/Global/TLM_management.o
 .text.setNumOfFilesInFS
                0x2001fd74       0x50 ./src/sub-systemCode/Global/TLM_management.o
 .text.f_managed_enterFS
                0x2001fdc4       0x9c ./src/sub-systemCode/Global/TLM_management.o
                0x2001fdc4                f_managed_enterFS
 .text.f_managed_releaseFS
                0x2001fe60       0x4c ./src/sub-systemCode/Global/TLM_management.o
                0x2001fe60                f_managed_releaseFS
 .text.f_managed_open
                0x2001feac      0x104 ./src/sub-systemCode/Global/TLM_management.o
                0x2001feac                f_managed_open
 .text.f_managed_close
                0x2001ffb0       0x98 ./src/sub-systemCode/Global/TLM_management.o
                0x2001ffb0                f_managed_close
 .text.createSemahores_FS
                0x20020048       0x7c ./src/sub-systemCode/Global/TLM_management.o
                0x20020048                createSemahores_FS
 .text.InitializeFS
                0x200200c4      0x1a8 ./src/sub-systemCode/Global/TLM_management.o
                0x200200c4                InitializeFS
 .text.c_fileCreate
                0x2002026c       0xf4 ./src/sub-systemCode/Global/TLM_management.o
                0x2002026c                c_fileCreate
 .text.writewithEpochtime
                0x20020360       0x94 ./src/sub-systemCode/Global/TLM_management.o
 .text.get_C_FILE_struct
                0x200203f4      0x104 ./src/sub-systemCode/Global/TLM_management.o
 .text.getFileIndex
                0x200204f8       0x64 ./src/sub-systemCode/Global/TLM_management.o
 .text.get_file_name_by_index
                0x2002055c       0x54 ./src/sub-systemCode/Global/TLM_management.o
                0x2002055c                get_file_name_by_index
 .text.c_fileReset
                0x200205b0      0x140 ./src/sub-systemCode/Global/TLM_management.o
                0x200205b0                c_fileReset
 .text.c_fileWrite
                0x200206f0      0x168 ./src/sub-systemCode/Global/TLM_management.o
                0x200206f0                c_fileWrite
 .text.deleteElementsFromFile
                0x20020858      0x188 ./src/sub-systemCode/Global/TLM_management.o
 .text.c_fileDeleteElements
                0x200209e0      0x168 ./src/sub-systemCode/Global/TLM_management.o
                0x200209e0                c_fileDeleteElements
 .text.c_fileRead
                0x20020b48      0x2c8 ./src/sub-systemCode/Global/TLM_management.o
                0x20020b48                c_fileRead
 .text.xSemaphoreGive_extended
                0x20020e10       0x48 ./src/sub-systemCode/Global/freertosExtended.o
                0x20020e10                xSemaphoreGive_extended
 .text.xSemaphoreTake_extended
                0x20020e58       0x54 ./src/sub-systemCode/Global/freertosExtended.o
                0x20020e58                xSemaphoreTake_extended
 .text.WriteLog
                0x20020eac       0x94 ./src/sub-systemCode/Global/logger.o
 .text.WriteErrorLog
                0x20020f40       0x64 ./src/sub-systemCode/Global/logger.o
                0x20020f40                WriteErrorLog
 .text.WriteResetLog
                0x20020fa4       0x50 ./src/sub-systemCode/Global/logger.o
                0x20020fa4                WriteResetLog
 .text.WritePayloadLog
                0x20020ff4       0x50 ./src/sub-systemCode/Global/logger.o
                0x20020ff4                WritePayloadLog
 .text.WriteEpsLog
                0x20021044       0x4c ./src/sub-systemCode/Global/logger.o
                0x20021044                WriteEpsLog
 .text.WriteTransponderLog
                0x20021090       0x4c ./src/sub-systemCode/Global/logger.o
                0x20021090                WriteTransponderLog
 .text.reset_APRS_list
                0x200210dc       0xa4 ./src/sub-systemCode/COMM/APRS.o
                0x200210dc                reset_APRS_list
 .text.send_APRS_Dump
                0x20021180      0x1c0 ./src/sub-systemCode/COMM/APRS.o
                0x20021180                send_APRS_Dump
 .text.get_APRS_list
                0x20021340       0x88 ./src/sub-systemCode/COMM/APRS.o
                0x20021340                get_APRS_list
 .text.find_CMD_in_list
                0x200213c8       0x7c ./src/sub-systemCode/COMM/DelayedCommand_list.o
                0x200213c8                find_CMD_in_list
 .text.find_empty_in_list
                0x20021444       0x74 ./src/sub-systemCode/COMM/DelayedCommand_list.o
                0x20021444                find_empty_in_list
 .text.check_delayCommandTime
                0x200214b8       0x8c ./src/sub-systemCode/COMM/DelayedCommand_list.o
                0x200214b8                check_delayCommandTime
 .text.execute_delayedCommand
                0x20021544       0x64 ./src/sub-systemCode/COMM/DelayedCommand_list.o
                0x20021544                execute_delayedCommand
 .text.check_delaycommand
                0x200215a8      0x17c ./src/sub-systemCode/COMM/DelayedCommand_list.o
                0x200215a8                check_delaycommand
 .text.reset_delayCommand
                0x20021724       0x8c ./src/sub-systemCode/COMM/DelayedCommand_list.o
                0x20021724                reset_delayCommand
 .text.add_delayCommand
                0x200217b0      0x1a4 ./src/sub-systemCode/COMM/DelayedCommand_list.o
                0x200217b0                add_delayCommand
 .text.get_delayCommand_list
                0x20021954       0x80 ./src/sub-systemCode/COMM/DelayedCommand_list.o
                0x20021954                get_delayCommand_list
 .text.EmptyOldestCommand
                0x200219d4       0xfc ./src/sub-systemCode/COMM/DelayedCommand_list.o
                0x200219d4                EmptyOldestCommand
 .text.decode_TCpacket
                0x20021ad0      0x16c ./src/sub-systemCode/COMM/GSC.o
                0x20021ad0                decode_TCpacket
 .text.encode_TCpacket
                0x20021c3c      0x114 ./src/sub-systemCode/COMM/GSC.o
                0x20021c3c                encode_TCpacket
 .text.encode_TMpacket
                0x20021d50      0x104 ./src/sub-systemCode/COMM/GSC.o
                0x20021d50                encode_TMpacket
 .text.build_raw_ACK
                0x20021e54       0xbc ./src/sub-systemCode/COMM/GSC.o
                0x20021e54                build_raw_ACK
 .text.build_data_field_ACK
                0x20021f10       0x74 ./src/sub-systemCode/COMM/GSC.o
                0x20021f10                build_data_field_ACK
 .text.update_FRAM_bitRate
                0x20021f84       0xd0 ./src/sub-systemCode/COMM/TRXVU.o
                0x20021f84                update_FRAM_bitRate
 .text.toggle_idle_state
                0x20022054       0x94 ./src/sub-systemCode/COMM/TRXVU.o
                0x20022054                toggle_idle_state
 .text.TRXVU_init_hardWare
                0x200220e8       0xac ./src/sub-systemCode/COMM/TRXVU.o
                0x200220e8                TRXVU_init_hardWare
 .text.TRXVU_init_softWare
                0x20022194      0x100 ./src/sub-systemCode/COMM/TRXVU.o
                0x20022194                TRXVU_init_softWare
 .text.init_trxvu
                0x20022294       0x14 ./src/sub-systemCode/COMM/TRXVU.o
                0x20022294                init_trxvu
 .text.TRXVU_task
                0x200222a8       0xfc ./src/sub-systemCode/COMM/TRXVU.o
                0x200222a8                TRXVU_task
 .text.dump_logic
                0x200223a4      0x34c ./src/sub-systemCode/COMM/TRXVU.o
                0x200223a4                dump_logic
 .text.Dump_task
                0x200226f0      0x17c ./src/sub-systemCode/COMM/TRXVU.o
                0x200226f0                Dump_task
 .text.transponder_logic
                0x2002286c       0xbc ./src/sub-systemCode/COMM/TRXVU.o
                0x2002286c                transponder_logic
 .text.Transponder_task
                0x20022928      0x224 ./src/sub-systemCode/COMM/TRXVU.o
                0x20022928                Transponder_task
 .text.lookForRequestToDelete_transponder
                0x20022b4c       0xb4 ./src/sub-systemCode/COMM/TRXVU.o
                0x20022b4c                lookForRequestToDelete_transponder
 .text.lookForRequestToDelete_dump
                0x20022c00       0x78 ./src/sub-systemCode/COMM/TRXVU.o
                0x20022c00                lookForRequestToDelete_dump
 .text.sendRequestToStop_dump
                0x20022c78       0x8c ./src/sub-systemCode/COMM/TRXVU.o
                0x20022c78                sendRequestToStop_dump
 .text.sendRequestToStop_transponder
                0x20022d04       0x8c ./src/sub-systemCode/COMM/TRXVU.o
                0x20022d04                sendRequestToStop_transponder
 .text.Rx_logic
                0x20022d90      0x18c ./src/sub-systemCode/COMM/TRXVU.o
                0x20022d90                Rx_logic
 .text.pass_above_Ground
                0x20022f1c      0x104 ./src/sub-systemCode/COMM/TRXVU.o
                0x20022f1c                pass_above_Ground
 .text.trxvu_logic
                0x20023020       0x1c ./src/sub-systemCode/COMM/TRXVU.o
                0x20023020                trxvu_logic
 .text.Beacon_task
                0x2002303c      0x17c ./src/sub-systemCode/COMM/TRXVU.o
                0x2002303c                Beacon_task
 .text.buildAndSend_beacon
                0x200231b8      0x5a0 ./src/sub-systemCode/COMM/TRXVU.o
                0x200231b8                buildAndSend_beacon
 .text.reset_FRAM_TRXVU
                0x20023758      0x160 ./src/sub-systemCode/COMM/TRXVU.o
                0x20023758                reset_FRAM_TRXVU
 .text.TRX_sendFrame
                0x200238b8      0x1ac ./src/sub-systemCode/COMM/TRXVU.o
                0x200238b8                TRX_sendFrame
 .text.TRX_getFrameData
                0x20023a64      0x10c ./src/sub-systemCode/COMM/TRXVU.o
                0x20023a64                TRX_getFrameData
 .text.mute_Tx  0x20023b70       0x20 ./src/sub-systemCode/COMM/TRXVU.o
                0x20023b70                mute_Tx
 .text.unmute_Tx
                0x20023b90       0x58 ./src/sub-systemCode/COMM/TRXVU.o
                0x20023b90                unmute_Tx
 .text.check_time_off_mute
                0x20023be8       0x88 ./src/sub-systemCode/COMM/TRXVU.o
                0x20023be8                check_time_off_mute
 .text.set_mute_time
                0x20023c70       0xb4 ./src/sub-systemCode/COMM/TRXVU.o
                0x20023c70                set_mute_time
 .text.change_TRXVU_state
                0x20023d24       0xe0 ./src/sub-systemCode/COMM/TRXVU.o
                0x20023d24                change_TRXVU_state
 .text.change_trans_RSSI
                0x20023e04       0x60 ./src/sub-systemCode/COMM/TRXVU.o
                0x20023e04                change_trans_RSSI
 .text.AdcsReadI2cAck
                0x20023e64       0xfc ./src/sub-systemCode/ADCS/AdcsCommands.o
                0x20023e64                AdcsReadI2cAck
 .text.AdcsGenericI2cCmd
                0x20023f60      0x198 ./src/sub-systemCode/ADCS/AdcsCommands.o
                0x20023f60                AdcsGenericI2cCmd
 .text.SendAdcsTlm
                0x200240f8      0x14c ./src/sub-systemCode/ADCS/AdcsCommands.o
                0x200240f8                SendAdcsTlm
 .text.AdcsExecuteCommand
                0x20024244     0x1fa0 ./src/sub-systemCode/ADCS/AdcsCommands.o
                0x20024244                AdcsExecuteCommand
 .text.InitTlmElements
                0x200261e4      0x204 ./src/sub-systemCode/ADCS/AdcsGetDataAndTlm.o
                0x200261e4                InitTlmElements
 .text.CreateTlmElementFiles
                0x200263e8      0x178 ./src/sub-systemCode/ADCS/AdcsGetDataAndTlm.o
                0x200263e8                CreateTlmElementFiles
 .text.SaveElementTlmAtIndex
                0x20026560      0x4ec ./src/sub-systemCode/ADCS/AdcsGetDataAndTlm.o
                0x20026560                SaveElementTlmAtIndex
 .text.UpdateTlmElementAtIndex
                0x20026a4c      0x150 ./src/sub-systemCode/ADCS/AdcsGetDataAndTlm.o
                0x20026a4c                UpdateTlmElementAtIndex
 .text.AdcsGetTlmOverrideFlag
                0x20026b9c       0x5c ./src/sub-systemCode/ADCS/AdcsGetDataAndTlm.o
                0x20026b9c                AdcsGetTlmOverrideFlag
 .text.AdcsSetTlmOverrideFlag
                0x20026bf8       0x9c ./src/sub-systemCode/ADCS/AdcsGetDataAndTlm.o
                0x20026bf8                AdcsSetTlmOverrideFlag
 .text.RestoreDefaultTlmElement
                0x20026c94      0x1d0 ./src/sub-systemCode/ADCS/AdcsGetDataAndTlm.o
                0x20026c94                RestoreDefaultTlmElement
 .text.GetTlmElementAtIndex
                0x20026e64       0x80 ./src/sub-systemCode/ADCS/AdcsGetDataAndTlm.o
                0x20026e64                GetTlmElementAtIndex
 .text.GatherTlmAndData
                0x20026ee4      0x100 ./src/sub-systemCode/ADCS/AdcsGetDataAndTlm.o
                0x20026ee4                GatherTlmAndData
 .text.AdcsInit
                0x20026fe4      0x160 ./src/sub-systemCode/ADCS/AdcsMain.o
                0x20026fe4                AdcsInit
 .text.AdcsTask
                0x20027144      0x118 ./src/sub-systemCode/ADCS/AdcsMain.o
                0x20027144                AdcsTask
 .text.AdcsTroubleShooting
                0x2002725c       0x88 ./src/sub-systemCode/ADCS/AdcsTroubleShooting.o
                0x2002725c                AdcsTroubleShooting
 .text.UpdateAdcsStateMachine
                0x200272e4       0x1c ./src/sub-systemCode/ADCS/StateMachine.o
                0x200272e4                UpdateAdcsStateMachine
 .text.save_time
                0x20027300       0x9c ./src/main.o
                0x20027300                save_time
 .text.Command_logic
                0x2002739c       0x6c ./src/main.o
                0x2002739c                Command_logic
 .text.taskMain
                0x20027408       0x74 ./src/main.o
                0x20027408                taskMain
 .text.main     0x2002747c       0xc4 ./src/main.o
                0x2002747c                main
 .text.GomEpsInitialize
                0x20027540      0x148 C:/HOOPOE3/satellite-subsystems/demo/..//satellite-subsystems/lib\libSatelliteSubsystemsD.a(GomEPS.o)
                0x20027540                GomEpsInitialize
 .text.makeEPStransfer
                0x20027688       0x3c C:/HOOPOE3/satellite-subsystems/demo/..//satellite-subsystems/lib\libSatelliteSubsystemsD.a(GomEPS.o)
 .text.GomEpsPing
                0x200276c4       0xf8 C:/HOOPOE3/satellite-subsystems/demo/..//satellite-subsystems/lib\libSatelliteSubsystemsD.a(GomEPS.o)
                0x200276c4                GomEpsPing
 .text.GomEpsSoftReset
                0x200277bc       0xc4 C:/HOOPOE3/satellite-subsystems/demo/..//satellite-subsystems/lib\libSatelliteSubsystemsD.a(GomEPS.o)
                0x200277bc                GomEpsSoftReset
 .text.GomEpsHardReset
                0x20027880       0xa8 C:/HOOPOE3/satellite-subsystems/demo/..//satellite-subsystems/lib\libSatelliteSubsystemsD.a(GomEPS.o)
                0x20027880                GomEpsHardReset
 .text.GomEpsGetHkData_param
                0x20027928      0x29c C:/HOOPOE3/satellite-subsystems/demo/..//satellite-subsystems/lib\libSatelliteSubsystemsD.a(GomEPS.o)
                0x20027928                GomEpsGetHkData_param
 .text.GomEpsGetHkData_general
                0x20027bc4      0x45c C:/HOOPOE3/satellite-subsystems/demo/..//satellite-subsystems/lib\libSatelliteSubsystemsD.a(GomEPS.o)
                0x20027bc4                GomEpsGetHkData_general
 .text.GomEpsGetHkData_vi
                0x20028020      0x188 C:/HOOPOE3/satellite-subsystems/demo/..//satellite-subsystems/lib\libSatelliteSubsystemsD.a(GomEPS.o)
                0x20028020                GomEpsGetHkData_vi
 .text.GomEpsGetHkData_out
                0x200281a8      0x21c C:/HOOPOE3/satellite-subsystems/demo/..//satellite-subsystems/lib\libSatelliteSubsystemsD.a(GomEPS.o)
                0x200281a8                GomEpsGetHkData_out
 .text.GomEpsGetHkData_wdt
                0x200283c4      0x2b4 C:/HOOPOE3/satellite-subsystems/demo/..//satellite-subsystems/lib\libSatelliteSubsystemsD.a(GomEPS.o)
                0x200283c4                GomEpsGetHkData_wdt
 .text.GomEpsGetHkData_basic
                0x20028678      0x22c C:/HOOPOE3/satellite-subsystems/demo/..//satellite-subsystems/lib\libSatelliteSubsystemsD.a(GomEPS.o)
                0x20028678                GomEpsGetHkData_basic
 .text.GomEpsSetOutput
                0x200288a4       0xbc C:/HOOPOE3/satellite-subsystems/demo/..//satellite-subsystems/lib\libSatelliteSubsystemsD.a(GomEPS.o)
                0x200288a4                GomEpsSetOutput
 .text.GomEpsResetWDT
                0x20028960       0xc4 C:/HOOPOE3/satellite-subsystems/demo/..//satellite-subsystems/lib\libSatelliteSubsystemsD.a(GomEPS.o)
                0x20028960                GomEpsResetWDT
 .text.GomEpsConfigGet
                0x20028a24      0x16c C:/HOOPOE3/satellite-subsystems/demo/..//satellite-subsystems/lib\libSatelliteSubsystemsD.a(GomEPS.o)
                0x20028a24                GomEpsConfigGet
 .text.GomEpsConfigSet
                0x20028b90      0x184 C:/HOOPOE3/satellite-subsystems/demo/..//satellite-subsystems/lib\libSatelliteSubsystemsD.a(GomEPS.o)
                0x20028b90                GomEpsConfigSet
 .text.GomEpsConfig2Get
                0x20028d14      0x16c C:/HOOPOE3/satellite-subsystems/demo/..//satellite-subsystems/lib\libSatelliteSubsystemsD.a(GomEPS.o)
                0x20028d14                GomEpsConfig2Get
 .text.makeAntStransfer
                0x20028e80       0x4c C:/HOOPOE3/satellite-subsystems/demo/..//satellite-subsystems/lib\libSatelliteSubsystemsD.a(IsisAntS.o)
 .text.checkInputsValid
                0x20028ecc       0x7c C:/HOOPOE3/satellite-subsystems/demo/..//satellite-subsystems/lib\libSatelliteSubsystemsD.a(IsisAntS.o)
 .text.IsisAntS_setArmStatus
                0x20028f48      0x104 C:/HOOPOE3/satellite-subsystems/demo/..//satellite-subsystems/lib\libSatelliteSubsystemsD.a(IsisAntS.o)
                0x20028f48                IsisAntS_setArmStatus
 .text.IsisAntS_getStatusData
                0x2002904c      0x120 C:/HOOPOE3/satellite-subsystems/demo/..//satellite-subsystems/lib\libSatelliteSubsystemsD.a(IsisAntS.o)
                0x2002904c                IsisAntS_getStatusData
 .text.IsisAntS_getTemperature
                0x2002916c      0x120 C:/HOOPOE3/satellite-subsystems/demo/..//satellite-subsystems/lib\libSatelliteSubsystemsD.a(IsisAntS.o)
                0x2002916c                IsisAntS_getTemperature
 .text.IsisAntS_getAlltelemetry
                0x2002928c      0x120 C:/HOOPOE3/satellite-subsystems/demo/..//satellite-subsystems/lib\libSatelliteSubsystemsD.a(IsisAntS.o)
                0x2002928c                IsisAntS_getAlltelemetry
 .text.IsisAntS_reset
                0x200293ac      0x104 C:/HOOPOE3/satellite-subsystems/demo/..//satellite-subsystems/lib\libSatelliteSubsystemsD.a(IsisAntS.o)
                0x200293ac                IsisAntS_reset
 .text.IsisSolarPanelv2_initialize
                0x200294b0       0xb4 C:/HOOPOE3/satellite-subsystems/demo/..//satellite-subsystems/lib\libSatelliteSubsystemsD.a(IsisSolarPanelv2.o)
                0x200294b0                IsisSolarPanelv2_initialize
 .text.IsisSolarPanelv2_getTemperature
                0x20029564       0xc8 C:/HOOPOE3/satellite-subsystems/demo/..//satellite-subsystems/lib\libSatelliteSubsystemsD.a(IsisSolarPanelv2.o)
                0x20029564                IsisSolarPanelv2_getTemperature
 .text.IsisSolarPanelv2_sleep
                0x2002962c       0xbc C:/HOOPOE3/satellite-subsystems/demo/..//satellite-subsystems/lib\libSatelliteSubsystemsD.a(IsisSolarPanelv2.o)
                0x2002962c                IsisSolarPanelv2_sleep
 .text.IsisSolarPanelv2_wakeup
                0x200296e8       0x80 C:/HOOPOE3/satellite-subsystems/demo/..//satellite-subsystems/lib\libSatelliteSubsystemsD.a(IsisSolarPanelv2.o)
                0x200296e8                IsisSolarPanelv2_wakeup
 .text._Reset   0x20029768       0x20 C:/HOOPOE3/satellite-subsystems/demo/..//satellite-subsystems/lib\libSatelliteSubsystemsD.a(IsisSolarPanelv2.o)
 .text._WaitForStartup
                0x20029788       0x90 C:/HOOPOE3/satellite-subsystems/demo/..//satellite-subsystems/lib\libSatelliteSubsystemsD.a(IsisSolarPanelv2.o)
 .text._AssignAllChannels
                0x20029818       0x90 C:/HOOPOE3/satellite-subsystems/demo/..//satellite-subsystems/lib\libSatelliteSubsystemsD.a(IsisSolarPanelv2.o)
 .text._AssignThisChannel
                0x200298a8       0xe8 C:/HOOPOE3/satellite-subsystems/demo/..//satellite-subsystems/lib\libSatelliteSubsystemsD.a(IsisSolarPanelv2.o)
 .text._InitiateConversion
                0x20029990       0xac C:/HOOPOE3/satellite-subsystems/demo/..//satellite-subsystems/lib\libSatelliteSubsystemsD.a(IsisSolarPanelv2.o)
 .text._WaitForConversionComplete
                0x20029a3c      0x100 C:/HOOPOE3/satellite-subsystems/demo/..//satellite-subsystems/lib\libSatelliteSubsystemsD.a(IsisSolarPanelv2.o)
 .text._ReadResult
                0x20029b3c      0x158 C:/HOOPOE3/satellite-subsystems/demo/..//satellite-subsystems/lib\libSatelliteSubsystemsD.a(IsisSolarPanelv2.o)
 .text._ExtractByte
                0x20029c94       0x38 C:/HOOPOE3/satellite-subsystems/demo/..//satellite-subsystems/lib\libSatelliteSubsystemsD.a(IsisSolarPanelv2.o)
 .text._ExtendSign
                0x20029ccc       0x6c C:/HOOPOE3/satellite-subsystems/demo/..//satellite-subsystems/lib\libSatelliteSubsystemsD.a(IsisSolarPanelv2.o)
 .text._PinsInit
                0x20029d38       0x50 C:/HOOPOE3/satellite-subsystems/demo/..//satellite-subsystems/lib\libSatelliteSubsystemsD.a(IsisSolarPanelv2.o)
 .text._SpiWriteRead
                0x20029d88       0x70 C:/HOOPOE3/satellite-subsystems/demo/..//satellite-subsystems/lib\libSatelliteSubsystemsD.a(IsisSolarPanelv2.o)
 .text.IsisTrxvu_initialize
                0x20029df8      0x2f4 C:/HOOPOE3/satellite-subsystems/demo/..//satellite-subsystems/lib\libSatelliteSubsystemsD.a(IsisTRXVU.o)
                0x20029df8                IsisTrxvu_initialize
 .text.makeTRXVUtransfer
                0x2002a0ec       0x44 C:/HOOPOE3/satellite-subsystems/demo/..//satellite-subsystems/lib\libSatelliteSubsystemsD.a(IsisTRXVU.o)
 .text.IsisTrxvu_componentSoftReset