Archive member included because of file (symbol)

c:/isis/application/toolchain/bin/../lib/gcc/arm-none-eabi/4.7.4/../../../../arm-none-eabi/lib\libc_s.a(lib_a-vfprintf_float.o)
                              (_printf_float)
c:/isis/application/toolchain/bin/../lib/gcc/arm-none-eabi/4.7.4/../../../../arm-none-eabi/lib\libc_s.a(lib_a-vfprintf_i.o)
                              c:/isis/application/toolchain/bin/../lib/gcc/arm-none-eabi/4.7.4/../../../../arm-none-eabi/lib\libc_s.a(lib_a-vfprintf_float.o) (_printf_common)
c:/isis/application/toolchain/bin/../lib/gcc/arm-none-eabi/4.7.4/../../../../arm-none-eabi/lib\libc_s.a(lib_a-vfscanf_float.o)
                              (_scanf_float)
c:/isis/application/toolchain/bin/../lib/gcc/arm-none-eabi/4.7.4/../../../../arm-none-eabi/lib\libc_s.a(lib_a-dtoa.o)
                              c:/isis/application/toolchain/bin/../lib/gcc/arm-none-eabi/4.7.4/../../../../arm-none-eabi/lib\libc_s.a(lib_a-vfprintf_float.o) (_dtoa_r)
c:/isis/application/toolchain/bin/../lib/gcc/arm-none-eabi/4.7.4/../../../../arm-none-eabi/lib\libc_s.a(lib_a-locale.o)
                              c:/isis/application/toolchain/bin/../lib/gcc/arm-none-eabi/4.7.4/../../../../arm-none-eabi/lib\libc_s.a(lib_a-vfprintf_float.o) (_localeconv_r)
c:/isis/application/toolchain/bin/../lib/gcc/arm-none-eabi/4.7.4/../../../../arm-none-eabi/lib\libc_s.a(lib_a-malloc.o)
                              c:/isis/application/toolchain/bin/../lib/gcc/arm-none-eabi/4.7.4/../../../../arm-none-eabi/lib\libc_s.a(lib_a-dtoa.o) (malloc)
c:/isis/application/toolchain/bin/../lib/gcc/arm-none-eabi/4.7.4/../../../../arm-none-eabi/lib\libc_s.a(lib_a-mallocr.o)
                              c:/isis/application/toolchain/bin/../lib/gcc/arm-none-eabi/4.7.4/../../../../arm-none-eabi/lib\libc_s.a(lib_a-malloc.o) (_malloc_r)
c:/isis/application/toolchain/bin/../lib/gcc/arm-none-eabi/4.7.4/../../../../arm-none-eabi/lib\libc_s.a(lib_a-memcpy.o)
                              c:/isis/application/toolchain/bin/../lib/gcc/arm-none-eabi/4.7.4/../../../../arm-none-eabi/lib\libc_s.a(lib_a-dtoa.o) (memcpy)
c:/isis/application/toolchain/bin/../lib/gcc/arm-none-eabi/4.7.4/../../../../arm-none-eabi/lib\libc_s.a(lib_a-mprec.o)
                              c:/isis/application/toolchain/bin/../lib/gcc/arm-none-eabi/4.7.4/../../../../arm-none-eabi/lib\libc_s.a(lib_a-dtoa.o) (_Balloc)
c:/isis/application/toolchain/bin/../lib/gcc/arm-none-eabi/4.7.4/../../../../arm-none-eabi/lib\libc_s.a(lib_a-s_fpclassify.o)
                              c:/isis/application/toolchain/bin/../lib/gcc/arm-none-eabi/4.7.4/../../../../arm-none-eabi/lib\libc_s.a(lib_a-vfprintf_float.o) (__fpclassifyd)
c:/isis/application/toolchain/bin/../lib/gcc/arm-none-eabi/4.7.4/../../../../arm-none-eabi/lib\libc_s.a(lib_a-sbrkr.o)
                              c:/isis/application/toolchain/bin/../lib/gcc/arm-none-eabi/4.7.4/../../../../arm-none-eabi/lib\libc_s.a(lib_a-mallocr.o) (_sbrk_r)
c:/isis/application/toolchain/bin/../lib/gcc/arm-none-eabi/4.7.4/../../../../arm-none-eabi/lib\libc_s.a(lib_a-sf_nan.o)
                              c:/isis/application/toolchain/bin/../lib/gcc/arm-none-eabi/4.7.4/../../../../arm-none-eabi/lib\libc_s.a(lib_a-vfscanf_float.o) (nanf)
c:/isis/application/toolchain/bin/../lib/gcc/arm-none-eabi/4.7.4/../../../../arm-none-eabi/lib\libc_s.a(lib_a-sprintf.o)
                              c:/isis/application/toolchain/bin/../lib/gcc/arm-none-eabi/4.7.4/../../../../arm-none-eabi/lib\libc_s.a(lib_a-vfscanf_float.o) (sprintf)
c:/isis/application/toolchain/bin/../lib/gcc/arm-none-eabi/4.7.4/../../../../arm-none-eabi/lib\libc_s.a(lib_a-strcmp.o)
                              c:/isis/application/toolchain/bin/../lib/gcc/arm-none-eabi/4.7.4/../../../../arm-none-eabi/lib\libc_s.a(lib_a-locale.o) (strcmp)
c:/isis/application/toolchain/bin/../lib/gcc/arm-none-eabi/4.7.4/../../../../arm-none-eabi/lib\libc_s.a(lib_a-strlen.o)
                              c:/isis/application/toolchain/bin/../lib/gcc/arm-none-eabi/4.7.4/../../../../arm-none-eabi/lib\libc_s.a(lib_a-vfprintf_float.o) (strlen)
c:/isis/application/toolchain/bin/../lib/gcc/arm-none-eabi/4.7.4/../../../../arm-none-eabi/lib\libc_s.a(lib_a-strtod.o)
                              c:/isis/application/toolchain/bin/../lib/gcc/arm-none-eabi/4.7.4/../../../../arm-none-eabi/lib\libc_s.a(lib_a-vfscanf_float.o) (_strtod_r)
c:/isis/application/toolchain/bin/../lib/gcc/arm-none-eabi/4.7.4/../../../../arm-none-eabi/lib\libc_s.a(lib_a-strtol.o)
                              c:/isis/application/toolchain/bin/../lib/gcc/arm-none-eabi/4.7.4/../../../../arm-none-eabi/lib\libc_s.a(lib_a-vfscanf_float.o) (_strtol_r)
c:/isis/application/toolchain/bin/../lib/gcc/arm-none-eabi/4.7.4/../../../../arm-none-eabi/lib\libc_s.a(lib_a-svfprintf.o)
                              c:/isis/application/toolchain/bin/../lib/gcc/arm-none-eabi/4.7.4/../../../../arm-none-eabi/lib\libc_s.a(lib_a-sprintf.o) (_svfprintf_r)
[...]
Memory Configuration

Name             Origin             Length             Attributes
sram0            0x00200000         0x00004000         w !xr
sram1            0x00300000         0x00004000         w !xr
sdram            0x20000000         0x02000000         w !xr
*default*        0x00000000         0xffffffff

Linker script and memory map

LOAD c:/isis/application/toolchain/bin/../lib/gcc/arm-none-eabi/4.7.4/../../../../arm-none-eabi/lib\libc_s.a
LOAD ./src/sub-systemCode/payload/Request Management/Dump/Butchering.o
LOAD ./src/sub-systemCode/payload/Request Management/Dump/imageDump.o
LOAD ./src/sub-systemCode/payload/Request Management/CameraManeger.o
LOAD ./src/sub-systemCode/payload/Request Management/DB_RequestHandling.o
LOAD ./src/sub-systemCode/payload/Misc/Boolean_bit.o
LOAD ./src/sub-systemCode/payload/Misc/FileSystem.o
LOAD ./src/sub-systemCode/payload/Drivers/GeckoCameraDriver.o
LOAD ./src/sub-systemCode/payload/DataBase/DataBase.o
LOAD ./src/sub-systemCode/payload/Compression/jpeg/bmp/rawToBMP.o
LOAD ./src/sub-systemCode/payload/Compression/jpeg/DCT.o
LOAD ./src/sub-systemCode/payload/Compression/jpeg/ImgCompressor.o
LOAD ./src/sub-systemCode/payload/Compression/jpeg/color_conv.o
LOAD ./src/sub-systemCode/payload/Compression/jpeg/jpeg.o
LOAD ./src/sub-systemCode/payload/Compression/jpeg/jpeg_encoder.o
LOAD ./src/sub-systemCode/payload/Compression/jpeg/jpeg_memory_alloc.o
LOAD ./src/sub-systemCode/payload/Compression/jpeg/jpeg_params.o
LOAD ./src/sub-systemCode/payload/Compression/jpeg/output_stream.o
LOAD ./src/sub-systemCode/payload/Compression/ImageConversion.o
LOAD ./src/sub-systemCode/Main/CMD/COMM_CMD.o
LOAD ./src/sub-systemCode/Main/CMD/EPS_CMD.o
LOAD ./src/sub-systemCode/Main/CMD/General_CMD.o
LOAD ./src/sub-systemCode/Main/CMD/SW_CMD.o
LOAD ./src/sub-systemCode/Main/CMD/payload_CMD.o
LOAD ./src/sub-systemCode/Main/Ants.o
LOAD ./src/sub-systemCode/Main/EPS.o
LOAD ./src/sub-systemCode/Main/HouseKeeping.o
LOAD ./src/sub-systemCode/Main/Main_Init.o
LOAD ./src/sub-systemCode/Main/commands.o
LOAD ./src/sub-systemCode/Global/Global.o
LOAD ./src/sub-systemCode/Global/GlobalParam.o
LOAD ./src/sub-systemCode/Global/OnlineTM.o
LOAD ./src/sub-systemCode/Global/TLM_management.o
LOAD ./src/sub-systemCode/COMM/APRS.o
LOAD ./src/sub-systemCode/COMM/DelayedCommand_list.o
LOAD ./src/sub-systemCode/COMM/GSC.o
LOAD ./src/sub-systemCode/COMM/TRXVU.o
LOAD ./src/sub-systemCode/ADCS/ADCS.o
LOAD ./src/sub-systemCode/ADCS/Stage_Table.o
LOAD ./src/main.o
LOAD C:/ISIS/workspace/HOOPOE3/satellite-subsystems/demo/..//satellite-subsystems/lib\libSatelliteSubsystemsD.a
LOAD c:/isis/application/toolchain/bin/../lib/gcc/arm-none-eabi/4.7.4/../../../../arm-none-eabi/lib\libm.a
LOAD C:/ISIS/workspace/HOOPOE3/satellite-subsystems/demo/../..//hal/hcc/lib\libHCCD.a
LOAD C:/ISIS/workspace/HOOPOE3/satellite-subsystems/demo/../..//hal/hal/lib\libHALD.a
LOAD C:/ISIS/workspace/HOOPOE3/satellite-subsystems/demo/../..//hal/freertos/lib\libFreeRTOSD.a
LOAD C:/ISIS/workspace/HOOPOE3/satellite-subsystems/demo/../..//hal/at91/lib\libAt91D.a
START GROUP
LOAD c:/isis/application/toolchain/bin/../lib/gcc/arm-none-eabi/4.7.4\libgcc.a
LOAD c:/isis/application/toolchain/bin/../lib/gcc/arm-none-eabi/4.7.4/../../../../arm-none-eabi/lib\libc_s.a
END GROUP

.fixed          0x20000000    0x4eb20
                0x20000000                . = ALIGN (0x4)
                0x20000000                _sfixed = .
 *(.startup)
 .startup       0x20000000      0x134 C:/ISIS/workspace/HOOPOE3/satellite-subsystems/demo/../..//hal/at91/lib\libAt91D.a(board_cstartup.o)
                0x20000000                entry
 *(.text)
 .text          0x20000134       0x64 C:/ISIS/workspace/HOOPOE3/satellite-subsystems/demo/../..//hal/at91/lib\libAt91D.a(cp15_asm.o)
                0x20000134                _readControlRegister
                0x20000140                _writeControlRegister
                0x20000148                _waitForInterrupt
                0x20000154                _writeTTB
                0x2000015c                _writeDomain
                0x20000164                _writeITLBLockdown
                0x2000016c                _prefetchICacheLine
                0x20000174                _flushDCache
                0x20000180                _flushWriteBuffer
                0x2000018c                _invalidateIDTLBs
 .text          0x20000198      0x114 c:/isis/application/toolchain/bin/../lib/gcc/arm-none-eabi/4.7.4\libgcc.a(_udivsi3.o)
                0x20000198                __aeabi_uidiv
                0x20000198                __udivsi3
                0x2000028c                __aeabi_uidivmod
 .text          0x200002ac      0x148 c:/isis/application/toolchain/bin/../lib/gcc/arm-none-eabi/4.7.4\libgcc.a(_divsi3.o)
                0x200002ac                __divsi3
                0x200002ac                __aeabi_idiv
                0x200003d4                __aeabi_idivmod
 .text          0x200003f4        0x4 c:/isis/application/toolchain/bin/../lib/gcc/arm-none-eabi/4.7.4\libgcc.a(_dvmd_tls.o)
                0x200003f4                __aeabi_idiv0
                0x200003f4                __aeabi_ldiv0
 .text          0x200003f8      0x41c c:/isis/application/toolchain/bin/../lib/gcc/arm-none-eabi/4.7.4\libgcc.a(_arm_addsubdf3.o)
                0x200003f8                __aeabi_drsub
                0x20000400                __aeabi_dsub
                0x20000400                __subdf3
                0x20000404                __aeabi_dadd
                0x20000404                __adddf3
                0x20000714                __floatunsidf
                0x20000714                __aeabi_ui2d
                0x20000738                __floatsidf
                0x20000738                __aeabi_i2d
                0x20000760                __aeabi_f2d
                0x20000760                __extendsfdf2
                0x200007a0                __floatundidf
                0x200007a0                __aeabi_ul2d
                0x200007b4                __floatdidf
                0x200007b4                __aeabi_l2d
 .text          0x20000814      0x49c c:/isis/application/toolchain/bin/../lib/gcc/arm-none-eabi/4.7.4\libgcc.a(_arm_muldivdf3.o)
                0x20000814                __aeabi_dmul
                0x20000814                __muldf3
                0x20000aa4                __divdf3
                0x20000aa4                __aeabi_ddiv
 .text          0x20000cb0      0x144 c:/isis/application/toolchain/bin/../lib/gcc/arm-none-eabi/4.7.4\libgcc.a(_arm_cmpdf2.o)
                0x20000cb0                __gtdf2
                0x20000cb0                __gedf2
                0x20000cb8                __ltdf2
                0x20000cb8                __ledf2
                0x20000cc0                __nedf2
                0x20000cc0                __eqdf2
                0x20000cc0                __cmpdf2
                0x20000d48                __aeabi_cdrcmple
                0x20000d64                __aeabi_cdcmpeq
                0x20000d64                __aeabi_cdcmple
                0x20000d7c                __aeabi_dcmpeq
                0x20000d94                __aeabi_dcmplt
                0x20000dac                __aeabi_dcmple
                0x20000dc4                __aeabi_dcmpge
                0x20000ddc                __aeabi_dcmpgt
 .text          0x20000df4       0x5c c:/isis/application/toolchain/bin/../lib/gcc/arm-none-eabi/4.7.4\libgcc.a(_arm_fixdfsi.o)
                0x20000df4                __aeabi_d2iz
                0x20000df4                __fixdfsi
 .text          0x20000e50       0x54 c:/isis/application/toolchain/bin/../lib/gcc/arm-none-eabi/4.7.4\libgcc.a(_arm_fixunsdfsi.o)
                0x20000e50                __aeabi_d2uiz
                0x20000e50                __fixunsdfsi
 .text          0x20000ea4       0xa0 c:/isis/application/toolchain/bin/../lib/gcc/arm-none-eabi/4.7.4\libgcc.a(_arm_truncdfsf2.o)
                0x20000ea4                __truncdfsf2
                0x20000ea4                __aeabi_d2f
 .text          0x20000f44      0x2ac c:/isis/application/toolchain/bin/../lib/gcc/arm-none-eabi/4.7.4\libgcc.a(_arm_addsubsf3.o)
                0x20000f44                __aeabi_frsub
                0x20000f4c                __subsf3
                0x20000f4c                __aeabi_fsub
                0x20000f50                __aeabi_fadd
                0x20000f50                __addsf3
                0x2000110c                __aeabi_ui2f
                0x2000110c                __floatunsisf
                0x20001114                __aeabi_i2f
                0x20001114                __floatsisf
                0x20001134                __aeabi_ul2f
                0x20001134                __floatundisf
                0x20001144                __aeabi_l2f
                0x20001144                __floatdisf
 .text          0x200011f0      0x2f8 c:/isis/application/toolchain/bin/../lib/gcc/arm-none-eabi/4.7.4\libgcc.a(_arm_muldivsf3.o)
                0x200011f0                __mulsf3
                0x200011f0                __aeabi_fmul
                0x20001388                __aeabi_fdiv
                0x20001388                __divsf3
 .text          0x200014e8       0x5c c:/isis/application/toolchain/bin/../lib/gcc/arm-none-eabi/4.7.4\libgcc.a(_arm_fixsfsi.o)
                0x200014e8                __aeabi_f2iz
                0x200014e8                __fixsfsi
 .text          0x20001544       0x54 c:/isis/application/toolchain/bin/../lib/gcc/arm-none-eabi/4.7.4\libgcc.a(_arm_fixunssfsi.o)
                0x20001544                __fixunssfsi
                0x20001544                __aeabi_f2uiz
 *(.text*)
 .text.__cvt    0x20001598      0x138 c:/isis/application/toolchain/bin/../lib/gcc/arm-none-eabi/4.7.4/../../../../arm-none-eabi/lib\libc_s.a(lib_a-vfprintf_float.o)
                0x20001598                __cvt
 .text.__exponent
                0x200016d0       0xa8 c:/isis/application/toolchain/bin/../lib/gcc/arm-none-eabi/4.7.4/../../../../arm-none-eabi/lib\libc_s.a(lib_a-vfprintf_float.o)
                0x200016d0                __exponent
 .text._printf_float
                0x20001778      0x7dc c:/isis/application/toolchain/bin/../lib/gcc/arm-none-eabi/4.7.4/../../../../arm-none-eabi/lib\libc_s.a(lib_a-vfprintf_float.o)
                0x20001778                _printf_float
 .text._printf_common
                0x20001f54      0x174 c:/isis/application/toolchain/bin/../lib/gcc/arm-none-eabi/4.7.4/../../../../arm-none-eabi/lib\libc_s.a(lib_a-vfprintf_i.o)
                0x20001f54                _printf_common
 .text._printf_i
                0x200020c8      0x3c4 c:/isis/application/toolchain/bin/../lib/gcc/arm-none-eabi/4.7.4/../../../../arm-none-eabi/lib\libc_s.a(lib_a-vfprintf_i.o)
                0x200020c8                _printf_i
 .text._scanf_float
                0x2000248c      0x5f4 c:/isis/application/toolchain/bin/../lib/gcc/arm-none-eabi/4.7.4/../../../../arm-none-eabi/lib\libc_s.a(lib_a-vfscanf_float.o)
                0x2000248c                _scanf_float
 .text.quorem   0x20002a80      0x1ac c:/isis/application/toolchain/bin/../lib/gcc/arm-none-eabi/4.7.4/../../../../arm-none-eabi/lib\libc_s.a(lib_a-dtoa.o)
 .text._dtoa_r  0x20002c2c     0x1268 c:/isis/application/toolchain/bin/../lib/gcc/arm-none-eabi/4.7.4/../../../../arm-none-eabi/lib\libc_s.a(lib_a-dtoa.o)
                0x20002c2c                _dtoa_r
 .text._localeconv_r
                0x20003e94        0xc c:/isis/application/toolchain/bin/../lib/gcc/arm-none-eabi/4.7.4/../../../../arm-none-eabi/lib\libc_s.a(lib_a-locale.o)
                0x20003e94                _localeconv_r
 .text.malloc   0x20003ea0       0x20 c:/isis/application/toolchain/bin/../lib/gcc/arm-none-eabi/4.7.4/../../../../arm-none-eabi/lib\libc_s.a(lib_a-malloc.o)
                0x20003ea0                malloc
 .text.free     0x20003ec0       0x20 c:/isis/application/toolchain/bin/../lib/gcc/arm-none-eabi/4.7.4/../../../../arm-none-eabi/lib\libc_s.a(lib_a-malloc.o)
                0x20003ec0                free
 .text._malloc_r
                0x20003ee0       0xfc c:/isis/application/toolchain/bin/../lib/gcc/arm-none-eabi/4.7.4/../../../../arm-none-eabi/lib\libc_s.a(lib_a-mallocr.o)
                0x20003ee0                _malloc_r
 .text.memcpy   0x20003fdc       0x20 c:/isis/application/toolchain/bin/../lib/gcc/arm-none-eabi/4.7.4/../../../../arm-none-eabi/lib\libc_s.a(lib_a-memcpy.o)
                0x20003fdc                memcpy
 .text._Balloc  0x20003ffc       0xcc c:/isis/application/toolchain/bin/../lib/gcc/arm-none-eabi/4.7.4/../../../../arm-none-eabi/lib\libc_s.a(lib_a-mprec.o)
                0x20003ffc                _Balloc
 .text._Bfree   0x200040c8       0x5c c:/isis/application/toolchain/bin/../lib/gcc/arm-none-eabi/4.7.4/../../../../arm-none-eabi/lib\libc_s.a(lib_a-mprec.o)
                0x200040c8                _Bfree
 .text.__multadd
                0x20004124       0xbc c:/isis/application/toolchain/bin/../lib/gcc/arm-none-eabi/4.7.4/../../../../arm-none-eabi/lib\libc_s.a(lib_a-mprec.o)
                0x20004124                __multadd
 .text.__s2b    0x200041e0       0xd8 c:/isis/application/toolchain/bin/../lib/gcc/arm-none-eabi/4.7.4/../../../../arm-none-eabi/lib\libc_s.a(lib_a-mprec.o)
                0x200041e0                __s2b
 .text.__hi0bits
                0x200042b8       0x58 c:/isis/application/toolchain/bin/../lib/gcc/arm-none-eabi/4.7.4/../../../../arm-none-eabi/lib\libc_s.a(lib_a-mprec.o)
                0x200042b8                __hi0bits
 .text.__lo0bits
                0x20004310       0x94 c:/isis/application/toolchain/bin/../lib/gcc/arm-none-eabi/4.7.4/../../../../arm-none-eabi/lib\libc_s.a(lib_a-mprec.o)
                0x20004310                __lo0bits
 .text.__i2b    0x200043a4       0x24 c:/isis/application/toolchain/bin/../lib/gcc/arm-none-eabi/4.7.4/../../../../arm-none-eabi/lib\libc_s.a(lib_a-mprec.o)
                0x200043a4                __i2b
 .text.__multiply
                0x200043c8      0x1ac c:/isis/application/toolchain/bin/../lib/gcc/arm-none-eabi/4.7.4/../../../../arm-none-eabi/lib\libc_s.a(lib_a-mprec.o)
                0x200043c8                __multiply
 .text.__pow5mult
                0x20004574      0x10c c:/isis/application/toolchain/bin/../lib/gcc/arm-none-eabi/4.7.4/../../../../arm-none-eabi/lib\libc_s.a(lib_a-mprec.o)
                0x20004574                __pow5mult
 .text.__lshift
                0x20004680       0xf0 c:/isis/application/toolchain/bin/../lib/gcc/arm-none-eabi/4.7.4/../../../../arm-none-eabi/lib\libc_s.a(lib_a-mprec.o)
                0x20004680                __lshift
 .text.__mcmp   0x20004770       0x60 c:/isis/application/toolchain/bin/../lib/gcc/arm-none-eabi/4.7.4/../../../../arm-none-eabi/lib\libc_s.a(lib_a-mprec.o)
                0x20004770                __mcmp
 .text.__mdiff  0x200047d0      0x128 c:/isis/application/toolchain/bin/../lib/gcc/arm-none-eabi/4.7.4/../../../../arm-none-eabi/lib\libc_s.a(lib_a-mprec.o)
                0x200047d0                __mdiff
 .text.__ulp    0x200048f8       0x5c c:/isis/application/toolchain/bin/../lib/gcc/arm-none-eabi/4.7.4/../../../../arm-none-eabi/lib\libc_s.a(lib_a-mprec.o)
                0x200048f8                __ulp
 .text.__b2d    0x20004954       0xc8 c:/isis/application/toolchain/bin/../lib/gcc/arm-none-eabi/4.7.4/../../../../arm-none-eabi/lib\libc_s.a(lib_a-mprec.o)
                0x20004954                __b2d
 .text.__d2b    0x20004a1c       0xfc c:/isis/application/toolchain/bin/../lib/gcc/arm-none-eabi/4.7.4/../../../../arm-none-eabi/lib\libc_s.a(lib_a-mprec.o)
                0x20004a1c                __d2b
 .text.__ratio  0x20004b18       0x70 c:/isis/application/toolchain/bin/../lib/gcc/arm-none-eabi/4.7.4/../../../../arm-none-eabi/lib\libc_s.a(lib_a-mprec.o)
                0x20004b18                __ratio
 .text.__copybits
                0x20004b88       0x4c c:/isis/application/toolchain/bin/../lib/gcc/arm-none-eabi/4.7.4/../../../../arm-none-eabi/lib\libc_s.a(lib_a-mprec.o)
                0x20004b88                __copybits
 .text.__any_on
                0x20004bd4       0x7c c:/isis/application/toolchain/bin/../lib/gcc/arm-none-eabi/4.7.4/../../../../arm-none-eabi/lib\libc_s.a(lib_a-mprec.o)
                0x20004bd4                __any_on
 .text.__fpclassifyd
                0x20004c50       0x6c c:/isis/application/toolchain/bin/../lib/gcc/arm-none-eabi/4.7.4/../../../../arm-none-eabi/lib\libc_s.a(lib_a-s_fpclassify.o)
                0x20004c50                __fpclassifyd
 .text._sbrk_r  0x20004cbc       0x3c c:/isis/application/toolchain/bin/../lib/gcc/arm-none-eabi/4.7.4/../../../../arm-none-eabi/lib\libc_s.a(lib_a-sbrkr.o)
                0x20004cbc                _sbrk_r
 .text.nanf     0x20004cf8        0xc c:/isis/application/toolchain/bin/../lib/gcc/arm-none-eabi/4.7.4/../../../../arm-none-eabi/lib\libc_s.a(lib_a-sf_nan.o)
                0x20004cf8                nanf
 .text.sprintf  0x20004d04       0x6c c:/isis/application/toolchain/bin/../lib/gcc/arm-none-eabi/4.7.4/../../../../arm-none-eabi/lib\libc_s.a(lib_a-sprintf.o)
                0x20004d04                siprintf
                0x20004d04                sprintf
 .text.strcmp   0x20004d70       0x1c c:/isis/application/toolchain/bin/../lib/gcc/arm-none-eabi/4.7.4/../../../../arm-none-eabi/lib\libc_s.a(lib_a-strcmp.o)
                0x20004d70                strcmp
 .text.strlen   0x20004d8c       0x1c c:/isis/application/toolchain/bin/../lib/gcc/arm-none-eabi/4.7.4/../../../../arm-none-eabi/lib\libc_s.a(lib_a-strlen.o)
                0x20004d8c                strlen
 .text.match    0x20004da8       0x54 c:/isis/application/toolchain/bin/../lib/gcc/arm-none-eabi/4.7.4/../../../../arm-none-eabi/lib\libc_s.a(lib_a-strtod.o)
 .text._strtod_r
                0x20004dfc     0x1168 c:/isis/application/toolchain/bin/../lib/gcc/arm-none-eabi/4.7.4/../../../../arm-none-eabi/lib\libc_s.a(lib_a-strtod.o)
                0x20004dfc                _strtod_r
 .text._strtol_r
                0x20005f64      0x1b8 c:/isis/application/toolchain/bin/../lib/gcc/arm-none-eabi/4.7.4/../../../../arm-none-eabi/lib\libc_s.a(lib_a-strtol.o)
                0x20005f64                _strtol_r
 .text.__ssputc_r
                0x2000611c      0x10c c:/isis/application/toolchain/bin/../lib/gcc/arm-none-eabi/4.7.4/../../../../arm-none-eabi/lib\libc_s.a(lib_a-svfprintf.o)
                0x2000611c                __ssputc_r
 .text._svfprintf_r
                0x20006228      0x328 c:/isis/application/toolchain/bin/../lib/gcc/arm-none-eabi/4.7.4/../../../../arm-none-eabi/lib\libc_s.a(lib_a-svfprintf.o)
                0x20006228                _svfiprintf_r
                0x20006228                _svfprintf_r
 .text._calloc_r
                0x20006550       0x2c c:/isis/application/toolchain/bin/../lib/gcc/arm-none-eabi/4.7.4/../../../../arm-none-eabi/lib\libc_s.a(lib_a-callocr.o)
                0x20006550                _calloc_r
 .text._free_r  0x2000657c      0x108 c:/isis/application/toolchain/bin/../lib/gcc/arm-none-eabi/4.7.4/../../../../arm-none-eabi/lib\libc_s.a(lib_a-freer.o)
                0x2000657c                _free_r
 .text.rshift   0x20006684       0xb0 c:/isis/application/toolchain/bin/../lib/gcc/arm-none-eabi/4.7.4/../../../../arm-none-eabi/lib\libc_s.a(lib_a-gdtoa-gethex.o)
 .text.htinit.constprop.0
                0x20006734       0x34 c:/isis/application/toolchain/bin/../lib/gcc/arm-none-eabi/4.7.4/../../../../arm-none-eabi/lib\libc_s.a(lib_a-gdtoa-gethex.o)
 .text.__hexdig_init
                0x20006768       0x38 c:/isis/application/toolchain/bin/../lib/gcc/arm-none-eabi/4.7.4/../../../../arm-none-eabi/lib\libc_s.a(lib_a-gdtoa-gethex.o)
                0x20006768                __hexdig_init
 .text.__gethex
                0x200067a0      0x6cc c:/isis/application/toolchain/bin/../lib/gcc/arm-none-eabi/4.7.4/../../../../arm-none-eabi/lib\libc_s.a(lib_a-gdtoa-gethex.o)
                0x200067a0                __gethex
 .text.L_shift  0x20006e6c       0x38 c:/isis/application/toolchain/bin/../lib/gcc/arm-none-eabi/4.7.4/../../../../arm-none-eabi/lib\libc_s.a(lib_a-gdtoa-hexnan.o)
 .text.__hexnan
                0x20006ea4      0x1d8 c:/isis/application/toolchain/bin/../lib/gcc/arm-none-eabi/4.7.4/../../../../arm-none-eabi/lib\libc_s.a(lib_a-gdtoa-hexnan.o)
                0x20006ea4                __hexnan
 .text.memchr   0x2000707c       0x34 c:/isis/application/toolchain/bin/../lib/gcc/arm-none-eabi/4.7.4/../../../../arm-none-eabi/lib\libc_s.a(lib_a-memchr.o)
                0x2000707c                memchr
 .text.memset   0x200070b0       0x1c c:/isis/application/toolchain/bin/../lib/gcc/arm-none-eabi/4.7.4/../../../../arm-none-eabi/lib\libc_s.a(lib_a-memset.o)
                0x200070b0                memset
 .text._realloc_r
                0x200070cc       0x80 c:/isis/application/toolchain/bin/../lib/gcc/arm-none-eabi/4.7.4/../../../../arm-none-eabi/lib\libc_s.a(lib_a-reallocr.o)
                0x200070cc                _realloc_r
 .text.strncmp  0x2000714c       0x64 c:/isis/application/toolchain/bin/../lib/gcc/arm-none-eabi/4.7.4/../../../../arm-none-eabi/lib\libc_s.a(lib_a-strncmp.o)
                0x2000714c                strncmp
 .text._malloc_usable_size_r
                0x200071b0       0x1c c:/isis/application/toolchain/bin/../lib/gcc/arm-none-eabi/4.7.4/../../../../arm-none-eabi/lib\libc_s.a(lib_a-msizer.o)
                0x200071b0                _malloc_usable_size_r
 .text.GetChunkFromImage
                0x200071cc      0x2e0 ./src/sub-systemCode/payload/Request Management/Dump/Butchering.o
                0x200071cc                GetChunkFromImage
 .text.SimpleButcher
                0x200074ac       0xf4 ./src/sub-systemCode/payload/Request Management/Dump/Butchering.o
                0x200074ac                SimpleButcher
 .text.setChunkDimensions_inFRAM
                0x200075a0       0xac ./src/sub-systemCode/payload/Request Management/Dump/imageDump.o
                0x200075a0                setChunkDimensions_inFRAM
 .text.readChunkDimentionsFromFRAM
                0x2000764c       0x80 ./src/sub-systemCode/payload/Request Management/Dump/imageDump.o
                0x2000764c                readChunkDimentionsFromFRAM
 .text.find_subType_ofImage
                0x200076cc       0xe0 ./src/sub-systemCode/payload/Request Management/Dump/imageDump.o
                0x200076cc                find_subType_ofImage
 .text.buildAndSend_chunck
                0x200077ac      0x314 ./src/sub-systemCode/payload/Request Management/Dump/imageDump.o
                0x200077ac                buildAndSend_chunck
 .text.bitField_imageDump
                0x20007ac0      0x28c ./src/sub-systemCode/payload/Request Management/Dump/imageDump.o
                0x20007ac0                bitField_imageDump
 .text.thumbnail_Dump
                0x20007d4c      0x358 ./src/sub-systemCode/payload/Request Management/Dump/imageDump.o
                0x20007d4c                thumbnail_Dump
 .text.imageDataBase_Dump
                0x200080a4      0x130 ./src/sub-systemCode/payload/Request Management/Dump/imageDump.o
                0x200080a4                imageDataBase_Dump
 .text.chunkField_imageDump
                0x200081d4      0x27c ./src/sub-systemCode/payload/Request Management/Dump/imageDump.o
                0x200081d4                chunkField_imageDump
 .text.imageDump_task
                0x20008450      0x3f8 ./src/sub-systemCode/payload/Request Management/Dump/imageDump.o
                0x20008450                imageDump_task
 .text.CameraManagerTaskMain
                0x20008848       0xbc ./src/sub-systemCode/payload/Request Management/CameraManeger.o
                0x20008848                CameraManagerTaskMain
 .text.initCamera
                0x20008904       0x98 ./src/sub-systemCode/payload/Request Management/CameraManeger.o
                0x20008904                initCamera
 .text.KickStartCamera
                0x2000899c       0xb4 ./src/sub-systemCode/payload/Request Management/CameraManeger.o
                0x2000899c                KickStartCamera
 .text.addRequestToQueue
                0x20008a50       0xa8 ./src/sub-systemCode/payload/Request Management/CameraManeger.o
                0x20008a50                addRequestToQueue
 .text.removeRequestFromQueue
                0x20008af8       0x7c ./src/sub-systemCode/payload/Request Management/CameraManeger.o
                0x20008af8                removeRequestFromQueue
 .text.Take_pictures_with_time_in_between
                0x20008b74       0xa4 ./src/sub-systemCode/payload/Request Management/CameraManeger.o
                0x20008b74                Take_pictures_with_time_in_between
 .text.Gecko_TroubleShooter
                0x20008c18       0xdc ./src/sub-systemCode/payload/Request Management/CameraManeger.o
                0x20008c18                Gecko_TroubleShooter
 .text.startDumpTask
                0x20008cf4       0x70 ./src/sub-systemCode/payload/Request Management/CameraManeger.o
                0x20008cf4                startDumpTask
 .text.act_upon_request
                0x20008d64      0x318 ./src/sub-systemCode/payload/Request Management/CameraManeger.o
                0x20008d64                act_upon_request
 .text.TakePicture
                0x2000907c       0x4c ./src/sub-systemCode/payload/Request Management/DB_RequestHandling.o
                0x2000907c                TakePicture
 .text.TakeSpecialPicture
                0x200090c8      0x104 ./src/sub-systemCode/payload/Request Management/DB_RequestHandling.o
                0x200090c8                TakeSpecialPicture
 .text.DeletePictureFile
                0x200091cc       0x88 ./src/sub-systemCode/payload/Request Management/DB_RequestHandling.o
                0x200091cc                DeletePictureFile
 .text.DeletePicture
                0x20009254       0x68 ./src/sub-systemCode/payload/Request Management/DB_RequestHandling.o
                0x20009254                DeletePicture
 .text.TransferPicture
                0x200092bc       0x54 ./src/sub-systemCode/payload/Request Management/DB_RequestHandling.o
                0x200092bc                TransferPicture
 .text.CreateThumbnail
                0x20009310       0x90 ./src/sub-systemCode/payload/Request Management/DB_RequestHandling.o
                0x20009310                CreateThumbnail
 .text.CreateJPG
                0x200093a0       0x7c ./src/sub-systemCode/payload/Request Management/DB_RequestHandling.o
                0x200093a0                CreateJPG
 .text.UpdatePhotographyValues
                0x2000941c       0xb4 ./src/sub-systemCode/payload/Request Management/DB_RequestHandling.o
                0x2000941c                UpdatePhotographyValues
 .text.setChunkDimensions
                0x200094d0       0x64 ./src/sub-systemCode/payload/Request Management/DB_RequestHandling.o
                0x200094d0                setChunkDimensions
 .text.convert2char
                0x20009534      0x14c ./src/sub-systemCode/payload/Misc/Boolean_bit.o
                0x20009534                convert2char
 .text.convert2byte
                0x20009680      0x1c8 ./src/sub-systemCode/payload/Misc/Boolean_bit.o
                0x20009680                convert2byte
 .text.bits2byte
                0x20009848      0x17c ./src/sub-systemCode/payload/Misc/Boolean_bit.o
                0x20009848                bits2byte
 .text.byte2bits
                0x200099c4      0x17c ./src/sub-systemCode/payload/Misc/Boolean_bit.o
                0x200099c4                byte2bits
 .text.char2bits
                0x20009b40       0x44 ./src/sub-systemCode/payload/Misc/Boolean_bit.o
                0x20009b40                char2bits
 .text.bits2char
                0x20009b84       0x3c ./src/sub-systemCode/payload/Misc/Boolean_bit.o
                0x20009b84                bits2char
 .text.keepTryingTo_enterFS
                0x20009bc0       0x24 ./src/sub-systemCode/payload/Misc/FileSystem.o
                0x20009bc0                keepTryingTo_enterFS
 .text.releaseFS
                0x20009be4       0x18 ./src/sub-systemCode/payload/Misc/FileSystem.o
                0x20009be4                releaseFS
 .text.OpenFile
                0x20009bfc       0x64 ./src/sub-systemCode/payload/Misc/FileSystem.o
                0x20009bfc                OpenFile
 .text.CloseFile
                0x20009c60       0x4c ./src/sub-systemCode/payload/Misc/FileSystem.o
                0x20009c60                CloseFile
 .text.DeleteFile
                0x20009cac       0x60 ./src/sub-systemCode/payload/Misc/FileSystem.o
                0x20009cac                DeleteFile
 .text.ReadFromFile
                0x20009d0c       0x7c ./src/sub-systemCode/payload/Misc/FileSystem.o
                0x20009d0c                ReadFromFile
 .text.WriteToFile
                0x20009d88       0xb4 ./src/sub-systemCode/payload/Misc/FileSystem.o
                0x20009d88                WriteToFile
 .text.Initialized_GPIO
                0x20009e3c       0x54 ./src/sub-systemCode/payload/Drivers/GeckoCameraDriver.o
                0x20009e3c                Initialized_GPIO
 .text.TurnOnGecko
                0x20009e90      0x128 ./src/sub-systemCode/payload/Drivers/GeckoCameraDriver.o
                0x20009e90                TurnOnGecko
 .text.TurnOffGecko
                0x20009fb8       0xc0 ./src/sub-systemCode/payload/Drivers/GeckoCameraDriver.o
                0x20009fb8                TurnOffGecko
 .text.initGecko
                0x2000a078       0x3c ./src/sub-systemCode/payload/Drivers/GeckoCameraDriver.o
                0x2000a078                initGecko
 .text.GECKO_TakeImage
                0x2000a0b4      0x2f4 ./src/sub-systemCode/payload/Drivers/GeckoCameraDriver.o
                0x2000a0b4                GECKO_TakeImage
 .text.GECKO_ReadImage
                0x2000a3a8      0x234 ./src/sub-systemCode/payload/Drivers/GeckoCameraDriver.o
                0x2000a3a8                GECKO_ReadImage
 .text.GECKO_EraseBlock
                0x2000a5dc       0xf0 ./src/sub-systemCode/payload/Drivers/GeckoCameraDriver.o
                0x2000a5dc                GECKO_EraseBlock
 .text.getFileName
                0x2000a6cc      0x1a0 ./src/sub-systemCode/payload/DataBase/DataBase.o
 .text.zeroImageDataBase
                0x2000a86c       0x84 ./src/sub-systemCode/payload/DataBase/DataBase.o
                0x2000a86c                zeroImageDataBase
 .text.updateGeneralDataBaseParameters
                0x2000a8f0       0x5c ./src/sub-systemCode/payload/DataBase/DataBase.o
                0x2000a8f0                updateGeneralDataBaseParameters
 .text.SearchDataBase_byID
                0x2000a94c      0x220 ./src/sub-systemCode/payload/DataBase/DataBase.o
                0x2000a94c                SearchDataBase_byID
 .text.checkForFileType
                0x2000ab6c       0x68 ./src/sub-systemCode/payload/DataBase/DataBase.o
                0x2000ab6c                checkForFileType
 .text.updateFileTypes
                0x2000abd4       0xbc ./src/sub-systemCode/payload/DataBase/DataBase.o
                0x2000abd4                updateFileTypes
 .text.GetImageFactor
                0x2000ac90       0x58 ./src/sub-systemCode/payload/DataBase/DataBase.o
                0x2000ac90                GetImageFactor
 .text.readImageFromBuffer
                0x2000ace8      0x12c ./src/sub-systemCode/payload/DataBase/DataBase.o
                0x2000ace8                readImageFromBuffer
 .text.saveImageToBuffer
                0x2000ae14      0x12c ./src/sub-systemCode/payload/DataBase/DataBase.o
                0x2000ae14                saveImageToBuffer
 .text.getDataBaseStart
                0x2000af40       0x20 ./src/sub-systemCode/payload/DataBase/DataBase.o
                0x2000af40                getDataBaseStart
 .text.setDataBaseValues
                0x2000af60      0x1d8 ./src/sub-systemCode/payload/DataBase/DataBase.o
                0x2000af60                setDataBaseValues
 .text.initImageDataBase
                0x2000b138      0x1b0 ./src/sub-systemCode/payload/DataBase/DataBase.o
                0x2000b138                initImageDataBase
 .text.resetImageDataBase
                0x2000b2e8       0x98 ./src/sub-systemCode/payload/DataBase/DataBase.o
                0x2000b2e8                resetImageDataBase
 .text.setCameraPhotographyValues
                0x2000b380      0x10c ./src/sub-systemCode/payload/DataBase/DataBase.o
                0x2000b380                setCameraPhotographyValues
 .text.transferImageToSD_withoutSearch
                0x2000b48c      0x14c ./src/sub-systemCode/payload/DataBase/DataBase.o
                0x2000b48c                transferImageToSD_withoutSearch
 .text.transferImageToSD
                0x2000b5d8       0xb4 ./src/sub-systemCode/payload/DataBase/DataBase.o
                0x2000b5d8                transferImageToSD
 .text.DeleteImageFromOBC_withoutSearch
                0x2000b68c       0xe0 ./src/sub-systemCode/payload/DataBase/DataBase.o
                0x2000b68c                DeleteImageFromOBC_withoutSearch
 .text.DeleteImageFromOBC
                0x2000b76c       0xb4 ./src/sub-systemCode/payload/DataBase/DataBase.o
                0x2000b76c                DeleteImageFromOBC
 .text.DeleteImageFromPayload
                0x2000b820      0x24c ./src/sub-systemCode/payload/DataBase/DataBase.o
                0x2000b820                DeleteImageFromPayload
 .text.clearImageDataBase
                0x2000ba6c      0x114 ./src/sub-systemCode/payload/DataBase/DataBase.o
                0x2000ba6c                clearImageDataBase
 .text.writeNewImageMetaDataToFRAM
                0x2000bb80      0x234 ./src/sub-systemCode/payload/DataBase/DataBase.o
                0x2000bb80                writeNewImageMetaDataToFRAM
 .text.takePicture
                0x2000bdb4      0x31c ./src/sub-systemCode/payload/DataBase/DataBase.o
                0x2000bdb4                takePicture
 .text.takePicture_withSpecialParameters
                0x2000c0d0       0xbc ./src/sub-systemCode/payload/DataBase/DataBase.o
                0x2000c0d0                takePicture_withSpecialParameters
 .text.GetImageFileName
                0x2000c18c       0xc0 ./src/sub-systemCode/payload/DataBase/DataBase.o
                0x2000c18c                GetImageFileName
 .text.getImageDataBaseBuffer
                0x2000c24c      0x3fc ./src/sub-systemCode/payload/DataBase/DataBase.o
                0x2000c24c                getImageDataBaseBuffer
 .text.get_ID_list_withDefaltThumbnail
                0x2000c648      0x180 ./src/sub-systemCode/payload/DataBase/DataBase.o
                0x2000c648                get_ID_list_withDefaltThumbnail
 .text.TransformRawToBMP
                0x2000c7c8      0x1a8 ./src/sub-systemCode/payload/Compression/jpeg/bmp/rawToBMP.o
                0x2000c7c8                TransformRawToBMP
 .text.interpolate
                0x2000c970      0x8d0 ./src/sub-systemCode/payload/Compression/jpeg/bmp/rawToBMP.o
                0x2000c970                interpolate
 .text.getInputAt
                0x2000d240      0x308 ./src/sub-systemCode/payload/Compression/jpeg/bmp/rawToBMP.o
                0x2000d240                getInputAt
 .text.f_writeF_FILEHeader
                0x2000d548      0x2f0 ./src/sub-systemCode/payload/Compression/jpeg/bmp/rawToBMP.o
                0x2000d548                f_writeF_FILEHeader
 .text.f_writeOutputRow
                0x2000d838       0xbc ./src/sub-systemCode/payload/Compression/jpeg/bmp/rawToBMP.o
                0x2000d838                f_writeOutputRow
 .text.dct      0x2000d8f4      0x9c4 ./src/sub-systemCode/payload/Compression/jpeg/DCT.o
                0x2000d8f4                dct
 .text.JPEG_compressor
                0x2000e2b8      0x1c0 ./src/sub-systemCode/payload/Compression/jpeg/ImgCompressor.o
                0x2000e2b8                JPEG_compressor
 .text.Create_BMP_File
                0x2000e478       0xf4 ./src/sub-systemCode/payload/Compression/jpeg/ImgCompressor.o
                0x2000e478                Create_BMP_File
 .text.CompressImage
                0x2000e56c      0x1c8 ./src/sub-systemCode/payload/Compression/jpeg/ImgCompressor.o
                0x2000e56c                CompressImage
 .text.clamp    0x2000e734       0x60 ./src/sub-systemCode/payload/Compression/jpeg/color_conv.o
                0x2000e734                clamp
 .text.RGB_to_YCC
                0x2000e794      0x1a8 ./src/sub-systemCode/payload/Compression/jpeg/color_conv.o
                0x2000e794                RGB_to_YCC
 .text.RGB_to_Y
                0x2000e93c       0xc4 ./src/sub-systemCode/payload/Compression/jpeg/color_conv.o
                0x2000e93c                RGB_to_Y
 .text.Y_to_YCC
                0x2000ea00       0x88 ./src/sub-systemCode/payload/Compression/jpeg/color_conv.o
                0x2000ea00                Y_to_YCC
 .text.compress_image_to_jpeg_file
                0x2000ea88      0x18c ./src/sub-systemCode/payload/Compression/jpeg/jpeg.o
                0x2000ea88                compress_image_to_jpeg_file
 .text.emit_marker
                0x2000ec14       0xc8 ./src/sub-systemCode/payload/Compression/jpeg/jpeg_encoder.o
                0x2000ec14                emit_marker
 .text.emit_byte
                0x2000ecdc       0x6c ./src/sub-systemCode/payload/Compression/jpeg/jpeg_encoder.o
                0x2000ecdc                emit_byte
 .text.emit_word
                0x2000ed48       0xd0 ./src/sub-systemCode/payload/Compression/jpeg/jpeg_encoder.o
                0x2000ed48                emit_word
 .text.emit_jfif_app0
                0x2000ee18       0xc0 ./src/sub-systemCode/payload/Compression/jpeg/jpeg_encoder.o
                0x2000ee18                emit_jfif_app0
 .text.emit_dqt
                0x2000eed8       0xd8 ./src/sub-systemCode/payload/Compression/jpeg/jpeg_encoder.o
                0x2000eed8                emit_dqt
 .text.emit_sof
                0x2000efb0      0x14c ./src/sub-systemCode/payload/Compression/jpeg/jpeg_encoder.o
                0x2000efb0                emit_sof
 .text.emit_dht
                0x2000f0fc      0x138 ./src/sub-systemCode/payload/Compression/jpeg/jpeg_encoder.o
                0x2000f0fc                emit_dht
 .text.emit_dhts
                0x2000f234       0xd8 ./src/sub-systemCode/payload/Compression/jpeg/jpeg_encoder.o
                0x2000f234                emit_dhts
 .text.emit_sos
                0x2000f30c       0xec ./src/sub-systemCode/payload/Compression/jpeg/jpeg_encoder.o
                0x2000f30c                emit_sos
 .text.emit_markers
                0x2000f3f8       0x4c ./src/sub-systemCode/payload/Compression/jpeg/jpeg_encoder.o
                0x2000f3f8                emit_markers
 .text.compute_huffman_table
                0x2000f444      0x334 ./src/sub-systemCode/payload/Compression/jpeg/jpeg_encoder.o
                0x2000f444                compute_huffman_table
 .text.compute_quant_table
                0x2000f778      0x11c ./src/sub-systemCode/payload/Compression/jpeg/jpeg_encoder.o
                0x2000f778                compute_quant_table
 .text.first_pass_init
                0x2000f894       0x54 ./src/sub-systemCode/payload/Compression/jpeg/jpeg_encoder.o
                0x2000f894                first_pass_init
 .text.second_pass_init
                0x2000f8e8      0x110 ./src/sub-systemCode/payload/Compression/jpeg/jpeg_encoder.o
                0x2000f8e8                second_pass_init
 .text.jpg_open
                0x2000f9f8      0x7b4 ./src/sub-systemCode/payload/Compression/jpeg/jpeg_encoder.o
                0x2000f9f8                jpg_open
 .text.load_block_8_8_grey
                0x200101ac      0x164 ./src/sub-systemCode/payload/Compression/jpeg/jpeg_encoder.o
                0x200101ac                load_block_8_8_grey
 .text.load_block_8_8
                0x20010310      0x198 ./src/sub-systemCode/payload/Compression/jpeg/jpeg_encoder.o
                0x20010310                load_block_8_8
 .text.load_block_16_8
                0x200104a8      0x3cc ./src/sub-systemCode/payload/Compression/jpeg/jpeg_encoder.o
                0x200104a8                load_block_16_8
 .text.load_block_16_8_8
                0x20010874      0x2a8 ./src/sub-systemCode/payload/Compression/jpeg/jpeg_encoder.o
                0x20010874                load_block_16_8_8
 .text.load_coefficients
                0x20010b1c      0x1c8 ./src/sub-systemCode/payload/Compression/jpeg/jpeg_encoder.o
                0x20010b1c                load_coefficients
 .text.flush_output_buffer
                0x20010ce4       0xa0 ./src/sub-systemCode/payload/Compression/jpeg/jpeg_encoder.o
                0x20010ce4                flush_output_buffer
 .text.put_bits
                0x20010d84      0x170 ./src/sub-systemCode/payload/Compression/jpeg/jpeg_encoder.o
                0x20010d84                put_bits
 .text.code_coefficients_pass_two
                0x20010ef4      0x338 ./src/sub-systemCode/payload/Compression/jpeg/jpeg_encoder.o
                0x20010ef4                code_coefficients_pass_two
 .text.code_block
                0x2001122c       0x44 ./src/sub-systemCode/payload/Compression/jpeg/jpeg_encoder.o
                0x2001122c                code_block
 .text.process_mcu_row
                0x20011270      0x328 ./src/sub-systemCode/payload/Compression/jpeg/jpeg_encoder.o
                0x20011270                process_mcu_row
 .text.terminate_pass_two
                0x20011598       0x44 ./src/sub-systemCode/payload/Compression/jpeg/jpeg_encoder.o
                0x20011598                terminate_pass_two
 .text.process_end_of_image
                0x200115dc       0xc0 ./src/sub-systemCode/payload/Compression/jpeg/jpeg_encoder.o
                0x200115dc                process_end_of_image
 .text.load_mcu
                0x2001169c      0x29c ./src/sub-systemCode/payload/Compression/jpeg/jpeg_encoder.o
                0x2001169c                load_mcu
 .text.clear    0x20011938      0x1e0 ./src/sub-systemCode/payload/Compression/jpeg/jpeg_encoder.o
                0x20011938                clear
 .text.init     0x20011b18       0xe4 ./src/sub-systemCode/payload/Compression/jpeg/jpeg_encoder.o
                0x20011b18                init
 .text.deinit   0x20011bfc      0x160 ./src/sub-systemCode/payload/Compression/jpeg/jpeg_encoder.o
                0x20011bfc                deinit
 .text.process_scanline
                0x20011d5c       0x6c ./src/sub-systemCode/payload/Compression/jpeg/jpeg_encoder.o
                0x20011d5c                process_scanline
 .text.jpge_malloc
                0x20011dc8       0x28 ./src/sub-systemCode/payload/Compression/jpeg/jpeg_memory_alloc.o
                0x20011dc8                jpge_malloc
 .text.jpge_cmalloc
                0x20011df0       0x48 ./src/sub-systemCode/payload/Compression/jpeg/jpeg_memory_alloc.o
                0x20011df0                jpge_cmalloc
 .text.jpge_free
                0x20011e38       0x24 ./src/sub-systemCode/payload/Compression/jpeg/jpeg_memory_alloc.o
                0x20011e38                jpge_free
 .text.check    0x20011e5c       0x78 ./src/sub-systemCode/payload/Compression/jpeg/jpeg_params.o
                0x20011e5c                check
 .text.open_jpeg_file
                0x20011ed4       0xfc ./src/sub-systemCode/payload/Compression/jpeg/output_stream.o
                0x20011ed4                open_jpeg_file
 .text.close_jpeg_file
                0x20011fd0      0x118 ./src/sub-systemCode/payload/Compression/jpeg/output_stream.o
                0x20011fd0                close_jpeg_file
 .text.put_buf  0x200120e8      0x258 ./src/sub-systemCode/payload/Compression/jpeg/output_stream.o
                0x200120e8                put_buf
 .text.GetBinnedPixel
                0x20012340       0xe8 ./src/sub-systemCode/payload/Compression/ImageConversion.o
 .text.BinImage
                0x20012428      0x2c8 ./src/sub-systemCode/payload/Compression/ImageConversion.o
                0x20012428                BinImage
 .text.ImageSkipping
                0x200126f0      0x2ac ./src/sub-systemCode/payload/Compression/ImageConversion.o
                0x200126f0                ImageSkipping
 .text.CreateImageThumbnail_withoutSearch
                0x2001299c      0x14c ./src/sub-systemCode/payload/Compression/ImageConversion.o
                0x2001299c                CreateImageThumbnail_withoutSearch
 .text.CreateImageThumbnail
                0x20012ae8       0x94 ./src/sub-systemCode/payload/Compression/ImageConversion.o
                0x20012ae8                CreateImageThumbnail
 .text.compressImage
                0x20012b7c      0x12c ./src/sub-systemCode/payload/Compression/ImageConversion.o
                0x20012b7c                compressImage
 .text.cmd_mute
                0x20012ca8       0xc4 ./src/sub-systemCode/Main/CMD/COMM_CMD.o
                0x20012ca8                cmd_mute
 .text.cmd_unmute
                0x20012d6c       0x50 ./src/sub-systemCode/Main/CMD/COMM_CMD.o
                0x20012d6c                cmd_unmute
 .text.cmd_active_trans
                0x20012dbc       0xc0 ./src/sub-systemCode/Main/CMD/COMM_CMD.o
                0x20012dbc                cmd_active_trans
 .text.cmd_shut_trans
                0x20012e7c       0x38 ./src/sub-systemCode/Main/CMD/COMM_CMD.o
                0x20012e7c                cmd_shut_trans
 .text.cmd_change_trans_rssi
                0x20012eb4      0x100 ./src/sub-systemCode/Main/CMD/COMM_CMD.o
                0x20012eb4                cmd_change_trans_rssi
 .text.cmd_aprs_dump
                0x20012fb4       0x50 ./src/sub-systemCode/Main/CMD/COMM_CMD.o
                0x20012fb4                cmd_aprs_dump
 .text.cmd_stop_dump
                0x20013004       0x38 ./src/sub-systemCode/Main/CMD/COMM_CMD.o
                0x20013004                cmd_stop_dump
 .text.cmd_time_frequency
                0x2001303c       0xc0 ./src/sub-systemCode/Main/CMD/COMM_CMD.o
                0x2001303c                cmd_time_frequency
 .text.cmd_change_def_bit_rate
                0x200130fc      0x158 ./src/sub-systemCode/Main/CMD/COMM_CMD.o
                0x200130fc                cmd_change_def_bit_rate
 .text.cmd_upload_volt_logic
                0x20013254      0x3d0 ./src/sub-systemCode/Main/CMD/EPS_CMD.o
                0x20013254                cmd_upload_volt_logic
 .text.cmd_upload_volt_COMM
                0x20013624      0x1c8 ./src/sub-systemCode/Main/CMD/EPS_CMD.o
                0x20013624                cmd_upload_volt_COMM
 .text.cmd_heater_temp
                0x200137ec       0xc0 ./src/sub-systemCode/Main/CMD/EPS_CMD.o
                0x200137ec                cmd_heater_temp
 .text.cmd_SHUT_CAM
                0x200138ac       0x6c ./src/sub-systemCode/Main/CMD/EPS_CMD.o
                0x200138ac                cmd_SHUT_CAM
 .text.cmd_SHUT_ADCS
                0x20013918       0x6c ./src/sub-systemCode/Main/CMD/EPS_CMD.o
                0x20013918                cmd_SHUT_ADCS
 .text.cmd_allow_CAM
                0x20013984       0x6c ./src/sub-systemCode/Main/CMD/EPS_CMD.o
                0x20013984                cmd_allow_CAM
 .text.cmd_allow_ADCS
                0x200139f0       0x6c ./src/sub-systemCode/Main/CMD/EPS_CMD.o
                0x200139f0                cmd_allow_ADCS
 .text.cmd_generic_I2C
                0x20013a5c       0xb4 ./src/sub-systemCode/Main/CMD/General_CMD.o
                0x20013a5c                cmd_generic_I2C
 .text.cmd_dump
                0x20013b10       0xf0 ./src/sub-systemCode/Main/CMD/General_CMD.o
                0x20013b10                cmd_dump
 .text.cmd_delete_TM
                0x20013c00      0x1dc ./src/sub-systemCode/Main/CMD/General_CMD.o
                0x20013c00                cmd_delete_TM
 .text.cmd_reset_file
                0x20013ddc      0x110 ./src/sub-systemCode/Main/CMD/General_CMD.o
                0x20013ddc                cmd_reset_file
 .text.cmd_dummy_func
                0x20013eec       0x40 ./src/sub-systemCode/Main/CMD/General_CMD.o
                0x20013eec                cmd_dummy_func
 .text.cmd_soft_reset_cmponent
                0x20013f2c       0xb0 ./src/sub-systemCode/Main/CMD/General_CMD.o
                0x20013f2c                cmd_soft_reset_cmponent
 .text.cmd_hard_reset_cmponent
                0x20013fdc       0xb0 ./src/sub-systemCode/Main/CMD/General_CMD.o
                0x20013fdc                cmd_hard_reset_cmponent
 .text.cmd_reset_satellite
                0x2001408c       0x78 ./src/sub-systemCode/Main/CMD/General_CMD.o
                0x2001408c                cmd_reset_satellite
 .text.cmd_gracefull_reset_satellite
                0x20014104       0x78 ./src/sub-systemCode/Main/CMD/General_CMD.o
                0x20014104                cmd_gracefull_reset_satellite
 .text.cmd_upload_time
                0x2001417c       0xb0 ./src/sub-systemCode/Main/CMD/General_CMD.o
                0x2001417c                cmd_upload_time
 .text.cmd_ARM_DIARM
                0x2001422c       0xd4 ./src/sub-systemCode/Main/CMD/General_CMD.o
                0x2001422c                cmd_ARM_DIARM
 .text.cmd_get_onlineTM
                0x20014300       0xb8 ./src/sub-systemCode/Main/CMD/General_CMD.o
                0x20014300                cmd_get_onlineTM
 .text.cmd_reset_off_line
                0x200143b8       0x68 ./src/sub-systemCode/Main/CMD/General_CMD.o
                0x200143b8                cmd_reset_off_line
 .text.cmd_add_item_off_line
                0x20014420       0xf0 ./src/sub-systemCode/Main/CMD/General_CMD.o
                0x20014420                cmd_add_item_off_line
 .text.cmd_reset_delayed_command_list
                0x20014510       0x3c ./src/sub-systemCode/Main/CMD/SW_CMD.o
                0x20014510                cmd_reset_delayed_command_list
 .text.cmd_reset_APRS_list
                0x2001454c       0x3c ./src/sub-systemCode/Main/CMD/SW_CMD.o
                0x2001454c                cmd_reset_APRS_list
 .text.cmd_reset_FRAM
                0x20014588       0xe8 ./src/sub-systemCode/Main/CMD/SW_CMD.o
                0x20014588                cmd_reset_FRAM
 .text.ARM_ants
                0x20014670       0xb8 ./src/sub-systemCode/Main/Ants.o
                0x20014670                ARM_ants
 .text.DISARM_ants
                0x20014728       0xb8 ./src/sub-systemCode/Main/Ants.o
                0x20014728                DISARM_ants
 .text.round_vol
                0x200147e0      0x124 ./src/sub-systemCode/Main/EPS.o
                0x200147e0                round_vol
 .text.get_shut_ADCS
                0x20014904       0x48 ./src/sub-systemCode/Main/EPS.o
                0x20014904                get_shut_ADCS
 .text.shut_ADCS
                0x2001494c       0x44 ./src/sub-systemCode/Main/EPS.o
                0x2001494c                shut_ADCS
 .text.get_shut_CAM
                0x20014990       0x48 ./src/sub-systemCode/Main/EPS.o
                0x20014990                get_shut_CAM
 .text.shut_CAM
                0x200149d8       0x44 ./src/sub-systemCode/Main/EPS.o
                0x200149d8                shut_CAM
 .text.update_powerLines
                0x20014a1c       0xec ./src/sub-systemCode/Main/EPS.o
                0x20014a1c                update_powerLines
 .text.init_enterMode
                0x20014b08       0x88 ./src/sub-systemCode/Main/EPS.o
                0x20014b08                init_enterMode
 .text.EPS_Init
                0x20014b90      0x1c8 ./src/sub-systemCode/Main/EPS.o
                0x20014b90                EPS_Init
 .text.reset_FRAM_EPS
                0x20014d58       0xa4 ./src/sub-systemCode/Main/EPS.o
                0x20014d58                reset_FRAM_EPS
 .text.reset_EPS_voltages
                0x20014dfc       0xbc ./src/sub-systemCode/Main/EPS.o
                0x20014dfc                reset_EPS_voltages
 .text.EPS_Conditioning
                0x20014eb8      0x158 ./src/sub-systemCode/Main/EPS.o
                0x20014eb8                EPS_Conditioning
 .text.overRide_ADCS
                0x20015010       0x50 ./src/sub-systemCode/Main/EPS.o
                0x20015010                overRide_ADCS
 .text.overRide_Camera
                0x20015060       0x38 ./src/sub-systemCode/Main/EPS.o
                0x20015060                overRide_Camera
 .text.EnterFullMode
                0x20015098       0xfc ./src/sub-systemCode/Main/EPS.o
                0x20015098                EnterFullMode
 .text.EnterCruiseMode
                0x20015194       0xec ./src/sub-systemCode/Main/EPS.o
                0x20015194                EnterCruiseMode
 .text.EnterSafeMode
                0x20015280       0xec ./src/sub-systemCode/Main/EPS.o
                0x20015280                EnterSafeMode
 .text.EnterCriticalMode
                0x2001536c       0xd8 ./src/sub-systemCode/Main/EPS.o
                0x2001536c                EnterCriticalMode
 .text.find_fileName
                0x20015444      0x5e4 ./src/sub-systemCode/Main/HouseKeeping.o
                0x20015444                find_fileName
 .text.size_of_element
                0x20015a28      0x108 ./src/sub-systemCode/Main/HouseKeeping.o
                0x20015a28                size_of_element
 .text.save_ACK
                0x20015b30       0xc0 ./src/sub-systemCode/Main/HouseKeeping.o
                0x20015b30                save_ACK
 .text.set_GP_EPS
                0x20015bf0      0x10c ./src/sub-systemCode/Main/HouseKeeping.o
                0x20015bf0                set_GP_EPS
 .text.set_GP_COMM
                0x20015cfc       0x88 ./src/sub-systemCode/Main/HouseKeeping.o
                0x20015cfc                set_GP_COMM
 .text.SP_HK_collect
                0x20015d84      0x17c ./src/sub-systemCode/Main/HouseKeeping.o
                0x20015d84                SP_HK_collect
 .text.EPS_HK_collect
                0x20015f00      0x4d8 ./src/sub-systemCode/Main/HouseKeeping.o
                0x20015f00                EPS_HK_collect
 .text.CAM_HK_collect
                0x200163d8      0x91c ./src/sub-systemCode/Main/HouseKeeping.o
                0x200163d8                CAM_HK_collect
 .text.COMM_HK_collect
                0x20016cf4      0x154 ./src/sub-systemCode/Main/HouseKeeping.o
                0x20016cf4                COMM_HK_collect
 .text.COMM_create_file
                0x20016e48       0x74 ./src/sub-systemCode/Main/HouseKeeping.o
                0x20016e48                COMM_create_file
 .text.ACK_create_file
                0x20016ebc       0x74 ./src/sub-systemCode/Main/HouseKeeping.o
                0x20016ebc                ACK_create_file
 .text.EPS_create_file
                0x20016f30       0x74 ./src/sub-systemCode/Main/HouseKeeping.o
                0x20016f30                EPS_create_file
 .text.CAM_create_file
                0x20016fa4       0x54 ./src/sub-systemCode/Main/HouseKeeping.o
                0x20016fa4                CAM_create_file
 .text.SP_create_file
                0x20016ff8       0x54 ./src/sub-systemCode/Main/HouseKeeping.o
                0x20016ff8                SP_create_file
 .text.create_files
                0x2001704c       0x48 ./src/sub-systemCode/Main/HouseKeeping.o
                0x2001704c                create_files
 .text.save_SP_HK
                0x20017094       0x70 ./src/sub-systemCode/Main/HouseKeeping.o
                0x20017094                save_SP_HK
 .text.save_EPS_HK
                0x20017104       0x70 ./src/sub-systemCode/Main/HouseKeeping.o
                0x20017104                save_EPS_HK
 .text.save_CAM_HK
                0x20017174       0x84 ./src/sub-systemCode/Main/HouseKeeping.o
                0x20017174                save_CAM_HK
 .text.save_COMM_HK
                0x200171f8       0x70 ./src/sub-systemCode/Main/HouseKeeping.o
                0x200171f8                save_COMM_HK
 .text.EPS_HK_raw_BigEnE
                0x20017268      0x194 ./src/sub-systemCode/Main/HouseKeeping.o
                0x20017268                EPS_HK_raw_BigEnE
 .text.CAM_HK_raw_BigEnE
                0x200173fc      0x194 ./src/sub-systemCode/Main/HouseKeeping.o
                0x200173fc                CAM_HK_raw_BigEnE
 .text.COMM_HK_raw_BigEnE
                0x20017590      0x194 ./src/sub-systemCode/Main/HouseKeeping.o
                0x20017590                COMM_HK_raw_BigEnE
 .text.ADCS_HK_raw_BigEnE
                0x20017724      0x194 ./src/sub-systemCode/Main/HouseKeeping.o
                0x20017724                ADCS_HK_raw_BigEnE
 .text.ADCS_SC_raw_BigEnE
                0x200178b8      0x188 ./src/sub-systemCode/Main/HouseKeeping.o
                0x200178b8                ADCS_SC_raw_BigEnE
 .text.build_HK_spl_packet
                0x20017a40      0xa2c ./src/sub-systemCode/Main/HouseKeeping.o
                0x20017a40                build_HK_spl_packet
 .text.HouseKeeping_highRate_Task
                0x2001846c       0x78 ./src/sub-systemCode/Main/HouseKeeping.o
                0x2001846c                HouseKeeping_highRate_Task
 .text.HouseKeeping_lowRate_Task
                0x200184e4       0x74 ./src/sub-systemCode/Main/HouseKeeping.o
                0x200184e4                HouseKeeping_lowRate_Task
 .text.reset_FIRST_activation
                0x20018558       0x34 ./src/sub-systemCode/Main/Main_Init.o
                0x20018558                reset_FIRST_activation
 .text.test_menu
                0x2001858c       0xb4 ./src/sub-systemCode/Main/Main_Init.o
                0x2001858c                test_menu
 .text.printImage
                0x20018640      0x158 ./src/sub-systemCode/Main/Main_Init.o
 .text.numberOfRestarts
                0x20018798       0x94 ./src/sub-systemCode/Main/Main_Init.o
                0x20018798                numberOfRestarts
 .text.StartFRAM
                0x2001882c       0x38 ./src/sub-systemCode/Main/Main_Init.o
                0x2001882c                StartFRAM
 .text.StartI2C
                0x20018864       0x44 ./src/sub-systemCode/Main/Main_Init.o
                0x20018864                StartI2C
 .text.StartSPI
                0x200188a8       0x40 ./src/sub-systemCode/Main/Main_Init.o
                0x200188a8                StartSPI
 .text.StartTIME
                0x200188e8      0x118 ./src/sub-systemCode/Main/Main_Init.o
                0x200188e8                StartTIME
 .text.first_activation
                0x20018a00       0x78 ./src/sub-systemCode/Main/Main_Init.o
                0x20018a00                first_activation
 .text.pre_written_test
                0x20018a78       0xec ./src/sub-systemCode/Main/Main_Init.o
                0x20018a78                pre_written_test
 .text.InitSubsystems
                0x20018b64       0xfc ./src/sub-systemCode/Main/Main_Init.o
                0x20018b64                InitSubsystems
 .text.SubSystemTaskStart
                0x20018c60       0xec ./src/sub-systemCode/Main/Main_Init.o
                0x20018c60                SubSystemTaskStart
 .text.copy_command
                0x20018d4c       0x80 ./src/sub-systemCode/Main/commands.o
                0x20018d4c                copy_command
 .text.reset_command
                0x20018dcc       0x28 ./src/sub-systemCode/Main/commands.o
                0x20018dcc                reset_command
 .text.init_command
                0x20018df4       0xd4 ./src/sub-systemCode/Main/commands.o
                0x20018df4                init_command
 .text.add_command
                0x20018ec8      0x138 ./src/sub-systemCode/Main/commands.o
                0x20018ec8                add_command
 .text.get_command
                0x20019000      0x1cc ./src/sub-systemCode/Main/commands.o
                0x20019000                get_command
 .text.act_upon_command
                0x200191cc      0x240 ./src/sub-systemCode/Main/commands.o
                0x200191cc                act_upon_command
 .text.cmd_error
                0x2001940c       0x38 ./src/sub-systemCode/Main/commands.o
                0x2001940c                cmd_error
 .text.AUC_COMM
                0x20019444      0x25c ./src/sub-systemCode/Main/commands.o
                0x20019444                AUC_COMM
 .text.AUC_general
                0x200196a0      0x17c ./src/sub-systemCode/Main/commands.o
                0x200196a0                AUC_general
 .text.AUC_payload
                0x2001981c      0x214 ./src/sub-systemCode/Main/commands.o
                0x2001981c                AUC_payload
 .text.AUC_EPS  0x20019a30      0x248 ./src/sub-systemCode/Main/commands.o
                0x20019a30                AUC_EPS
 .text.AUC_ADCS
                0x20019c78       0x5c ./src/sub-systemCode/Main/commands.o
                0x20019c78                AUC_ADCS
 .text.AUC_GS   0x20019cd4      0x1fc ./src/sub-systemCode/Main/commands.o
                0x20019cd4                AUC_GS
 .text.AUC_SW   0x20019ed0       0xe4 ./src/sub-systemCode/Main/commands.o
                0x20019ed0                AUC_SW
 .text.AUC_onlineTM
                0x20019fb4      0x16c ./src/sub-systemCode/Main/commands.o
                0x20019fb4                AUC_onlineTM
 .text.AUC_special_operation
                0x2001a120       0x8c ./src/sub-systemCode/Main/commands.o
                0x2001a120                AUC_special_operation
 .text.check_int
                0x2001a1ac       0x3c ./src/sub-systemCode/Global/Global.o
                0x2001a1ac                check_int
 .text.check_portBASE_TYPE
                0x2001a1e8       0x3c ./src/sub-systemCode/Global/Global.o
                0x2001a1e8                check_portBASE_TYPE
 .text.soft_reset_subsystem
                0x2001a224       0xd8 ./src/sub-systemCode/Global/Global.o
                0x2001a224                soft_reset_subsystem
 .text.hard_reset_subsystem
                0x2001a2fc       0xfc ./src/sub-systemCode/Global/Global.o
                0x2001a2fc                hard_reset_subsystem
 .text.BigEnE_raw_to_uInt
                0x2001a3f8       0x94 ./src/sub-systemCode/Global/Global.o
                0x2001a3f8                BigEnE_raw_to_uInt
 .text.BigEnE_raw_to_uShort
                0x2001a48c       0x50 ./src/sub-systemCode/Global/Global.o
                0x2001a48c                BigEnE_raw_to_uShort
 .text.BigEnE_uInt_to_raw
                0x2001a4dc       0x78 ./src/sub-systemCode/Global/Global.o
                0x2001a4dc                BigEnE_uInt_to_raw
 .text.reset_FRAM_MAIN
                0x2001a554      0x19c ./src/sub-systemCode/Global/Global.o
                0x2001a554                reset_FRAM_MAIN
 .text.getBitValueByIndex
                0x2001a6f0       0xd0 ./src/sub-systemCode/Global/Global.o
                0x2001a6f0                getBitValueByIndex
 .text.init_GP  0x2001a7c0      0x300 ./src/sub-systemCode/Global/GlobalParam.o
                0x2001a7c0                init_GP
 .text.get_system_state
                0x2001aac0      0x268 ./src/sub-systemCode/Global/GlobalParam.o
                0x2001aac0                get_system_state
 .text.set_system_state
                0x2001ad28      0x298 ./src/sub-systemCode/Global/GlobalParam.o
                0x2001ad28                set_system_state
 .text.get_current_global_param
                0x2001afc0      0x5c8 ./src/sub-systemCode/Global/GlobalParam.o
                0x2001afc0                get_current_global_param
 .text.set_Vbatt
                0x2001b588       0x8c ./src/sub-systemCode/Global/GlobalParam.o
                0x2001b588                set_Vbatt
 .text.get_Vbatt
                0x2001b614       0x8c ./src/sub-systemCode/Global/GlobalParam.o
                0x2001b614                get_Vbatt
 .text.set_curBat
                0x2001b6a0       0x8c ./src/sub-systemCode/Global/GlobalParam.o
                0x2001b6a0                set_curBat
 .text.set_cur3V3
                0x2001b72c       0x8c ./src/sub-systemCode/Global/GlobalParam.o
                0x2001b72c                set_cur3V3
 .text.set_cur5V
                0x2001b7b8       0x8c ./src/sub-systemCode/Global/GlobalParam.o
                0x2001b7b8                set_cur5V
 .text.set_tempComm_LO
                0x2001b844       0x8c ./src/sub-systemCode/Global/GlobalParam.o
                0x2001b844                set_tempComm_LO
 .text.set_tempComm_PA
                0x2001b8d0       0x8c ./src/sub-systemCode/Global/GlobalParam.o
                0x2001b8d0                set_tempComm_PA
 .text.set_tempEPS
                0x2001b95c       0xc8 ./src/sub-systemCode/Global/GlobalParam.o
                0x2001b95c                set_tempEPS
 .text.set_tempBatt
                0x2001ba24       0xc8 ./src/sub-systemCode/Global/GlobalParam.o
                0x2001ba24                set_tempBatt
 .text.set_RxDoppler
                0x2001baec       0x8c ./src/sub-systemCode/Global/GlobalParam.o
                0x2001baec                set_RxDoppler
 .text.set_RxRSSI
                0x2001bb78       0x8c ./src/sub-systemCode/Global/GlobalParam.o
                0x2001bb78                set_RxRSSI
 .text.set_TxRefl
                0x2001bc04       0x8c ./src/sub-systemCode/Global/GlobalParam.o
                0x2001bc04                set_TxRefl
 .text.set_TxForw
                0x2001bc90       0x8c ./src/sub-systemCode/Global/GlobalParam.o
                0x2001bc90                set_TxForw
 .text.get_ST   0x2001bd1c       0x8c ./src/sub-systemCode/Global/GlobalParam.o
                0x2001bd1c                get_ST
 .text.get_Attitude
                0x2001bda8      0x128 ./src/sub-systemCode/Global/GlobalParam.o
                0x2001bda8                get_Attitude
 .text.set_numOfAPRS
                0x2001bed0       0x8c ./src/sub-systemCode/Global/GlobalParam.o
                0x2001bed0                set_numOfAPRS
 .text.set_numOfResets
                0x2001bf5c       0xac ./src/sub-systemCode/Global/GlobalParam.o
                0x2001bf5c                set_numOfResets
 .text.set_ground_conn
                0x2001c008       0xa0 ./src/sub-systemCode/Global/GlobalParam.o
                0x2001c008                set_ground_conn
 .text.get_ground_conn
                0x2001c0a8       0xa0 ./src/sub-systemCode/Global/GlobalParam.o
                0x2001c0a8                get_ground_conn
 .text.IsisAntS_getStatusData_sideA
                0x2001c148       0x3c ./src/sub-systemCode/Global/OnlineTM.o
                0x2001c148                IsisAntS_getStatusData_sideA
 .text.IsisAntS_getAlltelemetry_sideA
                0x2001c184       0x3c ./src/sub-systemCode/Global/OnlineTM.o
                0x2001c184                IsisAntS_getAlltelemetry_sideA
 .text.IsisAntS_getTemperature_sideA
                0x2001c1c0       0x3c ./src/sub-systemCode/Global/OnlineTM.o
                0x2001c1c0                IsisAntS_getTemperature_sideA
 .text.IsisAntS_getStatusData_sideB
                0x2001c1fc       0x3c ./src/sub-systemCode/Global/OnlineTM.o
                0x2001c1fc                IsisAntS_getStatusData_sideB
 .text.IsisAntS_getAlltelemetry_sideB
                0x2001c238       0x3c ./src/sub-systemCode/Global/OnlineTM.o
                0x2001c238                IsisAntS_getAlltelemetry_sideB
 .text.IsisAntS_getTemperature_sideB
                0x2001c274       0x3c ./src/sub-systemCode/Global/OnlineTM.o
                0x2001c274                IsisAntS_getTemperature_sideB
 .text.get_item_by_index
                0x2001c2b0       0xd8 ./src/sub-systemCode/Global/OnlineTM.o
                0x2001c2b0                get_item_by_index
 .text.init_onlineParam
                0x2001c388      0xc80 ./src/sub-systemCode/Global/OnlineTM.o
                0x2001c388                init_onlineParam
 .text.reset_offline_TM_list
                0x2001d008       0x50 ./src/sub-systemCode/Global/OnlineTM.o
                0x2001d008                reset_offline_TM_list
 .text.get_online_packet
                0x2001d058      0x254 ./src/sub-systemCode/Global/OnlineTM.o
                0x2001d058                get_online_packet
 .text.add_onlineTM_param_to_save_list
                0x2001d2ac      0x214 ./src/sub-systemCode/Global/OnlineTM.o
                0x2001d2ac                add_onlineTM_param_to_save_list
 .text.delete_allTMFilesFromSD
                0x2001d4c0       0xf8 ./src/sub-systemCode/Global/TLM_management.o
                0x2001d4c0                delete_allTMFilesFromSD
 .text.getNumOfFilesInFS
                0x2001d5b8       0x44 ./src/sub-systemCode/Global/TLM_management.o
 .text.setNumOfFilesInFS
                0x2001d5fc       0x50 ./src/sub-systemCode/Global/TLM_management.o
 .text.f_managed_enterFS
                0x2001d64c       0x24 ./src/sub-systemCode/Global/TLM_management.o
                0x2001d64c                f_managed_enterFS
 .text.f_managed_releaseFS
                0x2001d670       0x18 ./src/sub-systemCode/Global/TLM_management.o
                0x2001d670                f_managed_releaseFS
 .text.f_managed_open
                0x2001d688       0x3c ./src/sub-systemCode/Global/TLM_management.o
                0x2001d688                f_managed_open
 .text.f_managed_close
                0x2001d6c4       0x2c ./src/sub-systemCode/Global/TLM_management.o
                0x2001d6c4                f_managed_close
 .text.InitializeFS
                0x2001d6f0      0x188 ./src/sub-systemCode/Global/TLM_management.o
                0x2001d6f0                InitializeFS
 .text.c_fileCreate
                0x2001d878       0xf4 ./src/sub-systemCode/Global/TLM_management.o
                0x2001d878                c_fileCreate
 .text.writewithEpochtime
                0x2001d96c       0x9c ./src/sub-systemCode/Global/TLM_management.o
 .text.get_C_FILE_struct
                0x2001da08      0x104 ./src/sub-systemCode/Global/TLM_management.o
 .text.getFileIndex
                0x2001db0c       0x4c ./src/sub-systemCode/Global/TLM_management.o
 .text.get_file_name_by_index
                0x2001db58       0x54 ./src/sub-systemCode/Global/TLM_management.o
                0x2001db58                get_file_name_by_index
 .text.c_fileReset
                0x2001dbac       0xbc ./src/sub-systemCode/Global/TLM_management.o
                0x2001dbac                c_fileReset
 .text.c_fileWrite
                0x2001dc68      0x138 ./src/sub-systemCode/Global/TLM_management.o
                0x2001dc68                c_fileWrite
 .text.c_fileRead
                0x2001dda0      0x2bc ./src/sub-systemCode/Global/TLM_management.o
                0x2001dda0                c_fileRead
 .text.reset_APRS_list
                0x2001e05c       0xa4 ./src/sub-systemCode/COMM/APRS.o
                0x2001e05c                reset_APRS_list
 .text.send_APRS_Dump
                0x2001e100      0x1c0 ./src/sub-systemCode/COMM/APRS.o
                0x2001e100                send_APRS_Dump
 .text.check_APRS
                0x2001e2c0      0x1a4 ./src/sub-systemCode/COMM/APRS.o
                0x2001e2c0                check_APRS
 .text.get_APRS_list
                0x2001e464       0x88 ./src/sub-systemCode/COMM/APRS.o
                0x2001e464                get_APRS_list
 .text.find_CMD_in_list
                0x2001e4ec       0x7c ./src/sub-systemCode/COMM/DelayedCommand_list.o
                0x2001e4ec                find_CMD_in_list
 .text.find_empty_in_list
                0x2001e568       0x74 ./src/sub-systemCode/COMM/DelayedCommand_list.o
                0x2001e568                find_empty_in_list
 .text.check_delayCommandTime
                0x2001e5dc       0x8c ./src/sub-systemCode/COMM/DelayedCommand_list.o
                0x2001e5dc                check_delayCommandTime
 .text.execute_delayedCommand
                0x2001e668       0x64 ./src/sub-systemCode/COMM/DelayedCommand_list.o
                0x2001e668                execute_delayedCommand
 .text.check_delaycommand
                0x2001e6cc      0x170 ./src/sub-systemCode/COMM/DelayedCommand_list.o
                0x2001e6cc                check_delaycommand
 .text.reset_delayCommand
                0x2001e83c       0x8c ./src/sub-systemCode/COMM/DelayedCommand_list.o
                0x2001e83c                reset_delayCommand
 .text.add_delayCommand
                0x2001e8c8      0x1a4 ./src/sub-systemCode/COMM/DelayedCommand_list.o
                0x2001e8c8                add_delayCommand
 .text.get_delayCommand_list
                0x2001ea6c       0x80 ./src/sub-systemCode/COMM/DelayedCommand_list.o
                0x2001ea6c                get_delayCommand_list
 .text.EmptyOldestCommand
                0x2001eaec       0xfc ./src/sub-systemCode/COMM/DelayedCommand_list.o
                0x2001eaec                EmptyOldestCommand
 .text.decode_TCpacket
                0x2001ebe8      0x16c ./src/sub-systemCode/COMM/GSC.o
                0x2001ebe8                decode_TCpacket
 .text.encode_TCpacket
                0x2001ed54      0x114 ./src/sub-systemCode/COMM/GSC.o
                0x2001ed54                encode_TCpacket
 .text.encode_TMpacket
                0x2001ee68      0x104 ./src/sub-systemCode/COMM/GSC.o
                0x2001ee68                encode_TMpacket
 .text.build_raw_ACK
                0x2001ef6c       0xbc ./src/sub-systemCode/COMM/GSC.o
                0x2001ef6c                build_raw_ACK
 .text.build_data_field_ACK
                0x2001f028       0x74 ./src/sub-systemCode/COMM/GSC.o
                0x2001f028                build_data_field_ACK
 .text.toggle_idle_state
                0x2001f09c       0x64 ./src/sub-systemCode/COMM/TRXVU.o
                0x2001f09c                toggle_idle_state
 .text.TRXVU_init_hardWare
                0x2001f100       0x98 ./src/sub-systemCode/COMM/TRXVU.o
                0x2001f100                TRXVU_init_hardWare
 .text.TRXVU_init_softWare
                0x2001f198      0x1a4 ./src/sub-systemCode/COMM/TRXVU.o
                0x2001f198                TRXVU_init_softWare
 .text.init_trxvu
                0x2001f33c       0x14 ./src/sub-systemCode/COMM/TRXVU.o
                0x2001f33c                init_trxvu
 .text.TRXVU_task
                0x2001f350       0x9c ./src/sub-systemCode/COMM/TRXVU.o
                0x2001f350                TRXVU_task
 .text.dump_logic
                0x2001f3ec      0x324 ./src/sub-systemCode/COMM/TRXVU.o
                0x2001f3ec                dump_logic
 .text.Dump_task
                0x2001f710      0x16c ./src/sub-systemCode/COMM/TRXVU.o
                0x2001f710                Dump_task
 .text.transponder_logic
                0x2001f87c       0xbc ./src/sub-systemCode/COMM/TRXVU.o
                0x2001f87c                transponder_logic
 .text.Transponder_task
                0x2001f938      0x1f4 ./src/sub-systemCode/COMM/TRXVU.o
                0x2001f938                Transponder_task
 .text.lookForRequestToDelete_transponder
                0x2001fb2c       0xac ./src/sub-systemCode/COMM/TRXVU.o
                0x2001fb2c                lookForRequestToDelete_transponder
 .text.lookForRequestToDelete_dump
                0x2001fbd8       0x7c ./src/sub-systemCode/COMM/TRXVU.o
                0x2001fbd8                lookForRequestToDelete_dump
 .text.sendRequestToStop_dump
                0x2001fc54       0x8c ./src/sub-systemCode/COMM/TRXVU.o
                0x2001fc54                sendRequestToStop_dump
 .text.sendRequestToStop_transponder
                0x2001fce0       0x98 ./src/sub-systemCode/COMM/TRXVU.o
                0x2001fce0                sendRequestToStop_transponder
 .text.Rx_logic
                0x2001fd78      0x184 ./src/sub-systemCode/COMM/TRXVU.o
                0x2001fd78                Rx_logic
 .text.pass_above_Ground
                0x2001fefc      0x104 ./src/sub-systemCode/COMM/TRXVU.o
                0x2001fefc                pass_above_Ground
 .text.trxvu_logic
                0x20020000       0x1c ./src/sub-systemCode/COMM/TRXVU.o
                0x20020000                trxvu_logic
 .text.Beacon_task
                0x2002001c      0x170 ./src/sub-systemCode/COMM/TRXVU.o
                0x2002001c                Beacon_task
 .text.buildAndSend_beacon
                0x2002018c      0x604 ./src/sub-systemCode/COMM/TRXVU.o
                0x2002018c                buildAndSend_beacon
 .text.reset_FRAM_TRXVU
                0x20020790      0x160 ./src/sub-systemCode/COMM/TRXVU.o
                0x20020790                reset_FRAM_TRXVU
 .text.TRX_sendFrame
                0x200208f0      0x1c0 ./src/sub-systemCode/COMM/TRXVU.o
                0x200208f0                TRX_sendFrame
 .text.TRX_getFrameData
                0x20020ab0      0x128 ./src/sub-systemCode/COMM/TRXVU.o
                0x20020ab0                TRX_getFrameData
 .text.mute_Tx  0x20020bd8       0x20 ./src/sub-systemCode/COMM/TRXVU.o
                0x20020bd8                mute_Tx
 .text.unmute_Tx
                0x20020bf8       0x60 ./src/sub-systemCode/COMM/TRXVU.o
                0x20020bf8                unmute_Tx
 .text.check_time_off_mute
                0x20020c58       0x88 ./src/sub-systemCode/COMM/TRXVU.o
                0x20020c58                check_time_off_mute
 .text.set_mute_time
                0x20020ce0       0xb4 ./src/sub-systemCode/COMM/TRXVU.o
                0x20020ce0                set_mute_time
 .text.change_TRXVU_state
                0x20020d94       0xd0 ./src/sub-systemCode/COMM/TRXVU.o
                0x20020d94                change_TRXVU_state
 .text.change_trans_RSSI
                0x20020e64       0x60 ./src/sub-systemCode/COMM/TRXVU.o
                0x20020e64                change_trans_RSSI
 .text.init_adcs
                0x20020ec4      0x104 ./src/sub-systemCode/ADCS/ADCS.o
                0x20020ec4                init_adcs
 .text.telemtryStart
                0x20020fc8      0x16c ./src/sub-systemCode/ADCS/Stage_Table.o
                0x20020fc8                telemtryStart
 .text.powerStart
                0x20021134       0x5c ./src/sub-systemCode/ADCS/Stage_Table.o
                0x20021134                powerStart
 .text.createTable
                0x20021190       0xb4 ./src/sub-systemCode/ADCS/Stage_Table.o
                0x20021190                createTable
 .text.buildControlMode
                0x20021244       0x60 ./src/sub-systemCode/ADCS/Stage_Table.o
                0x20021244                buildControlMode
 .text.Check_Table
                0x200212a4      0x178 ./src/sub-systemCode/ADCS/Stage_Table.o
                0x200212a4                Check_Table
 .text.updateTable
                0x2002141c      0x1f0 ./src/sub-systemCode/ADCS/Stage_Table.o
                0x2002141c                updateTable
 .text.translateCommandFULL
                0x2002160c       0x78 ./src/sub-systemCode/ADCS/Stage_Table.o
                0x2002160c                translateCommandFULL
 .text.getTableTo
                0x20021684       0x64 ./src/sub-systemCode/ADCS/Stage_Table.o
                0x20021684                getTableTo
 .text.save_time
                0x200216e8       0x9c ./src/main.o
                0x200216e8                save_time
 .text.Command_logic
                0x20021784       0x6c ./src/main.o
                0x20021784                Command_logic
 .text.taskMain
                0x200217f0       0x74 ./src/main.o
                0x200217f0                taskMain
 .text.main     0x20021864       0xbc ./src/main.o
                0x20021864                main
 .text.GomEpsInitialize
                0x20021920      0x148 C:/ISIS/workspace/HOOPOE3/satellite-subsystems/demo/..//satellite-subsystems/lib\libSatelliteSubsystemsD.a(GomEPS.o)
                0x20021920                GomEpsInitialize
 .text.makeEPStransfer
                0x20021a68       0x3c C:/ISIS/workspace/HOOPOE3/satellite-subsystems/demo/..//satellite-subsystems/lib\libSatelliteSubsystemsD.a(GomEPS.o)
 .text.GomEpsPing
                0x20021aa4       0xf8 C:/ISIS/workspace/HOOPOE3/satellite-subsystems/demo/..//satellite-subsystems/lib\libSatelliteSubsystemsD.a(GomEPS.o)
                0x20021aa4                GomEpsPing
 .text.GomEpsSoftReset
                0x20021b9c       0xc4 C:/ISIS/workspace/HOOPOE3/satellite-subsystems/demo/..//satellite-subsystems/lib\libSatelliteSubsystemsD.a(GomEPS.o)
                0x20021b9c                GomEpsSoftReset
 .text.GomEpsHardReset
                0x20021c60       0xa8 C:/ISIS/workspace/HOOPOE3/satellite-subsystems/demo/..//satellite-subsystems/lib\libSatelliteSubsystemsD.a(GomEPS.o)
                0x20021c60                GomEpsHardReset
 .text.GomEpsGetHkData_param
                0x20021d08      0x29c C:/ISIS/workspace/HOOPOE3/satellite-subsystems/demo/..//satellite-subsystems/lib\libSatelliteSubsystemsD.a(GomEPS.o)
                0x20021d08                GomEpsGetHkData_param
 .text.GomEpsGetHkData_general
                0x20021fa4      0x45c C:/ISIS/workspace/HOOPOE3/satellite-subsystems/demo/..//satellite-subsystems/lib\libSatelliteSubsystemsD.a(GomEPS.o)
                0x20021fa4                GomEpsGetHkData_general
 .text.GomEpsGetHkData_vi
                0x20022400      0x188 C:/ISIS/workspace/HOOPOE3/satellite-subsystems/demo/..//satellite-subsystems/lib\libSatelliteSubsystemsD.a(GomEPS.o)
                0x20022400                GomEpsGetHkData_vi
 .text.GomEpsGetHkData_out
                0x20022588      0x21c C:/ISIS/workspace/HOOPOE3/satellite-subsystems/demo/..//satellite-subsystems/lib\libSatelliteSubsystemsD.a(GomEPS.o)
                0x20022588                GomEpsGetHkData_out
 .text.GomEpsGetHkData_wdt
                0x200227a4      0x2b4 C:/ISIS/workspace/HOOPOE3/satellite-subsystems/demo/..//satellite-subsystems/lib\libSatelliteSubsystemsD.a(GomEPS.o)
                0x200227a4                GomEpsGetHkData_wdt
 .text.GomEpsGetHkData_basic
                0x20022a58      0x22c C:/ISIS/workspace/HOOPOE3/satellite-subsystems/demo/..//satellite-subsystems/lib\libSatelliteSubsystemsD.a(GomEPS.o)
                0x20022a58                GomEpsGetHkData_basic
 .text.GomEpsSetOutput
                0x20022c84       0xbc C:/ISIS/workspace/HOOPOE3/satellite-subsystems/demo/..//satellite-subsystems/lib\libSatelliteSubsystemsD.a(GomEPS.o)
                0x20022c84                GomEpsSetOutput
 .text.GomEpsResetWDT
                0x20022d40       0xc4 C:/ISIS/workspace/HOOPOE3/satellite-subsystems/demo/..//satellite-subsystems/lib\libSatelliteSubsystemsD.a(GomEPS.o)
                0x20022d40                GomEpsResetWDT
 .text.GomEpsConfigGet
                0x20022e04      0x16c C:/ISIS/workspace/HOOPOE3/satellite-subsystems/demo/..//satellite-subsystems/lib\libSatelliteSubsystemsD.a(GomEPS.o)
                0x20022e04                GomEpsConfigGet
 .text.GomEpsConfigSet
                0x20022f70      0x184 C:/ISIS/workspace/HOOPOE3/satellite-subsystems/demo/..//satellite-subsystems/lib\libSatelliteSubsystemsD.a(GomEPS.o)
                0x20022f70                GomEpsConfigSet
 .text.GomEpsConfig2Get
                0x200230f4      0x16c C:/ISIS/workspace/HOOPOE3/satellite-subsystems/demo/..//satellite-subsystems/lib\libSatelliteSubsystemsD.a(GomEPS.o)
                0x200230f4                GomEpsConfig2Get
 .text.makeAntStransfer
                0x20023260       0x4c C:/ISIS/workspace/HOOPOE3/satellite-subsystems/demo/..//satellite-subsystems/lib\libSatelliteSubsystemsD.a(IsisAntS.o)
 .text.checkInputsValid
                0x200232ac       0x7c C:/ISIS/workspace/HOOPOE3/satellite-subsystems/demo/..//satellite-subsystems/lib\libSatelliteSubsystemsD.a(IsisAntS.o)
 .text.IsisAntS_setArmStatus
                0x20023328      0x104 C:/ISIS/workspace/HOOPOE3/satellite-subsystems/demo/..//satellite-subsystems/lib\libSatelliteSubsystemsD.a(IsisAntS.o)
                0x20023328                IsisAntS_setArmStatus
 .text.IsisAntS_getStatusData
                0x2002342c      0x120 C:/ISIS/workspace/HOOPOE3/satellite-subsystems/demo/..//satellite-subsystems/lib\libSatelliteSubsystemsD.a(IsisAntS.o)
                0x2002342c                IsisAntS_getStatusData
 .text.IsisAntS_getTemperature
                0x2002354c      0x120 C:/ISIS/workspace/HOOPOE3/satellite-subsystems/demo/..//satellite-subsystems/lib\libSatelliteSubsystemsD.a(IsisAntS.o)
                0x2002354c                IsisAntS_getTemperature
 .text.IsisAntS_getAlltelemetry
                0x2002366c      0x120 C:/ISIS/workspace/HOOPOE3/satellite-subsystems/demo/..//satellite-subsystems/lib\libSatelliteSubsystemsD.a(IsisAntS.o)
                0x2002366c                IsisAntS_getAlltelemetry
 .text.IsisAntS_reset
                0x2002378c      0x104 C:/ISIS/workspace/HOOPOE3/satellite-subsystems/demo/..//satellite-subsystems/lib\libSatelliteSubsystemsD.a(IsisAntS.o)
                0x2002378c                IsisAntS_reset
 .text.IsisSolarPanelv2_initialize
                0x20023890       0xb4 C:/ISIS/workspace/HOOPOE3/satellite-subsystems/demo/..//satellite-subsystems/lib\libSatelliteSubsystemsD.a(IsisSolarPanelv2.o)
                0x20023890                IsisSolarPanelv2_initialize
 .text.IsisSolarPanelv2_getTemperature
                0x20023944       0xc8 C:/ISIS/workspace/HOOPOE3/satellite-subsystems/demo/..//satellite-subsystems/lib\libSatelliteSubsystemsD.a(IsisSolarPanelv2.o)
                0x20023944                IsisSolarPanelv2_getTemperature
 .text.IsisSolarPanelv2_sleep
                0x20023a0c       0xbc C:/ISIS/workspace/HOOPOE3/satellite-subsystems/demo/..//satellite-subsystems/lib\libSatelliteSubsystemsD.a(IsisSolarPanelv2.o)
                0x20023a0c                IsisSolarPanelv2_sleep
 .text.IsisSolarPanelv2_wakeup
                0x20023ac8       0x80 C:/ISIS/workspace/HOOPOE3/satellite-subsystems/demo/..//satellite-subsystems/lib\libSatelliteSubsystemsD.a(IsisSolarPanelv2.o)
                0x20023ac8                IsisSolarPanelv2_wakeup
 .text._Reset   0x20023b48       0x20 C:/ISIS/workspace/HOOPOE3/satellite-subsystems/demo/..//satellite-subsystems/lib\libSatelliteSubsystemsD.a(IsisSolarPanelv2.o)
 .text._WaitForStartup
                0x20023b68       0x90 C:/ISIS/workspace/HOOPOE3/satellite-subsystems/demo/..//satellite-subsystems/lib\libSatelliteSubsystemsD.a(IsisSolarPanelv2.o)
 .text._AssignAllChannels
                0x20023bf8       0x90 C:/ISIS/workspace/HOOPOE3/satellite-subsystems/demo/..//satellite-subsystems/lib\libSatelliteSubsystemsD.a(IsisSolarPanelv2.o)
 .text._AssignThisChannel
                0x20023c88       0xe8 C:/ISIS/workspace/HOOPOE3/satellite-subsystems/demo/..//satellite-subsystems/lib\libSatelliteSubsystemsD.a(IsisSolarPanelv2.o)
 .text._InitiateConversion
                0x20023d70       0xac C:/ISIS/workspace/HOOPOE3/satellite-subsystems/demo/..//satellite-subsystems/lib\libSatelliteSubsystemsD.a(IsisSolarPanelv2.o)
 .text._WaitForConversionComplete
                0x20023e1c      0x100 C:/ISIS/workspace/HOOPOE3/satellite-subsystems/demo/..//satellite-subsystems/lib\libSatelliteSubsystemsD.a(IsisSolarPanelv2.o)
 .text._ReadResult
                0x20023f1c      0x158 C:/ISIS/workspace/HOOPOE3/satellite-subsystems/demo/..//satellite-subsystems/lib\libSatelliteSubsystemsD.a(IsisSolarPanelv2.o)
 .text._ExtractByte
                0x20024074       0x38 C:/ISIS/workspace/HOOPOE3/satellite-subsystems/demo/..//satellite-subsystems/lib\libSatelliteSubsystemsD.a(IsisSolarPanelv2.o)
 .text._ExtendSign
                0x200240ac       0x6c C:/ISIS/workspace/HOOPOE3/satellite-subsystems/demo/..//satellite-subsystems/lib\libSatelliteSubsystemsD.a(IsisSolarPanelv2.o)
 .text._PinsInit
                0x20024118       0x50 C:/ISIS/workspace/HOOPOE3/satellite-subsystems/demo/..//satellite-subsystems/lib\libSatelliteSubsystemsD.a(IsisSolarPanelv2.o)
 .text._SpiWriteRead
                0x20024168       0x70 C:/ISIS/workspace/HOOPOE3/satellite-subsystems/demo/..//satellite-subsystems/lib\libSatelliteSubsystemsD.a(IsisSolarPanelv2.o)
 .text.IsisTrxvu_initialize
                0x200241d8      0x2f4 C:/ISIS/workspace/HOOPOE3/satellite-subsystems/demo/..//satellite-subsystems/lib\libSatelliteSubsystemsD.a(IsisTRXVU.o)
                0x200241d8                IsisTrxvu_initialize
 .text.makeTRXVUtransfer
                0x200244cc       0x44 C:/ISIS/workspace/HOOPOE3/satellite-subsystems/demo/..//satellite-subsystems/lib\libSatelliteSubsystemsD.a(IsisTRXVU.o)
 .text.IsisTrxvu_componentSoftReset
                0x20024510       0x6c C:/ISIS/workspace/HOOPOE3/satellite-subsystems/demo/..//satellite-subsystems/lib\libSatelliteSubsystemsD.a(IsisTRXVU.o)
                0x20024510                IsisTrxvu_componentSoftReset
 .text.IsisTrxvu_componentHardReset
                0x2002457c       0xc8 C:/ISIS/workspace/HOOPOE3/satellite-subsystems/demo/..//satellite-subsystems/lib\libSatelliteSubsystemsD.a(IsisTRXVU.o)
                0x2002457c                IsisTrxvu_componentHardReset
 .text.IsisTrxvu_softReset
                0x20024644       0x74 C:/ISIS/workspace/HOOPOE3/satellite-subsystems/demo/..//satellite-subsystems/lib\libSatelliteSubsystemsD.a(IsisTRXVU.o)
                0x20024644                IsisTrxvu_softReset
 .text.IsisTrxvu_hardReset
                0x200246b8       0x74 C:/ISIS/workspace/HOOPOE3/satellite-subsystems/demo/..//satellite-subsystems/lib\libSatelliteSubsystemsD.a(IsisTRXVU.o)
                0x200246b8                IsisTrxvu_hardReset
 .text.IsisTrxvu_tcSendAX25DefClSign
                0x2002472c       0xec C:/ISIS/workspace/HOOPOE3/satellite-subsystems/demo/..//satellite-subsystems/lib\libSatelliteSubsystemsD.a(IsisTRXVU.o)
                0x2002472c                IsisTrxvu_tcSendAX25DefClSign
 .text.IsisTrxvu_tcSetIdlestate
                0x20024818       0xa4 C:/ISIS/workspace/HOOPOE3/satellite-subsystems/demo/..//satellite-subsystems/lib\libSatelliteSubsystemsD.a(IsisTRXVU.o)
                0x20024818                IsisTrxvu_tcSetIdlestate
 .text.IsisTrxvu_tcSetAx25Bitrate
                0x200248bc       0xc4 C:/ISIS/workspace/HOOPOE3/satellite-subsystems/demo/..//satellite-subsystems/lib\libSatelliteSubsystemsD.a(IsisTRXVU.o)
                0x200248bc                IsisTrxvu_tcSetAx25Bitrate
 .text.IsisTrxvu_tcGetTelemetryAll
                0x20024980       0xd0 C:/ISIS/workspace/HOOPOE3/satellite-subsystems/demo/..//satellite-subsystems/lib\libSatelliteSubsystemsD.a(IsisTRXVU.o)
                0x20024980                IsisTrxvu_tcGetTelemetryAll
 .text.IsisTrxvu_tcGetTelemetryAll_revC
                0x20024a50       0xd0 C:/ISIS/workspace/HOOPOE3/satellite-subsystems/demo/..//satellite-subsystems/lib\libSatelliteSubsystemsD.a(IsisTRXVU.o)
                0x20024a50                IsisTrxvu_tcGetTelemetryAll_revC
 .text.IsisTrxvu_rcGetFrameCount
                0x20024b20       0xa0 C:/ISIS/workspace/HOOPOE3/satellite-subsystems/demo/..//satellite-subsystems/lib\libSatelliteSubsystemsD.a(IsisTRXVU.o)
                0x20024b20                IsisTrxvu_rcGetFrameCount
 .text.IsisTrxvu_rcGetCommandFrame
                0x20024bc0      0x2d8 C:/ISIS/workspace/HOOPOE3/satellite-subsystems/demo/..//satellite-subsystems/lib\libSatelliteSubsystemsD.a(IsisTRXVU.o)
                0x20024bc0                IsisTrxvu_rcGetCommandFrame
 .text.IsisTrxvu_rcGetTelemetryAll
                0x20024e98       0xd0 C:/ISIS/workspace/HOOPOE3/satellite-subsystems/demo/..//satellite-subsystems/lib\libSatelliteSubsystemsD.a(IsisTRXVU.o)
                0x20024e98                IsisTrxvu_rcGetTelemetryAll
 .text.IsisTrxvu_rcGetTelemetryAll_revC
                0x20024f68       0xec C:/ISIS/workspace/HOOPOE3/satellite-subsystems/demo/..//satellite-subsystems/lib\libSatelliteSubsystemsD.a(IsisTRXVU.o)
                0x20024f68                IsisTrxvu_rcGetTelemetryAll_revC
 .text.cspaceADCS_initialize
                0x20025054      0x18c C:/ISIS/workspace/HOOPOE3/satellite-subsystems/demo/..//satellite-subsystems/lib\libSatelliteSubsystemsD.a(cspaceADCS.o)
                0x20025054                cspaceADCS_initialize
 .text.make_cspaceADCStransfer
                0x200251e0      0x1b4 C:/ISIS/workspace/HOOPOE3/satellite-subsystems/demo/..//satellite-subsystems/lib\libSatelliteSubsystemsD.a(cspaceADCS.o)
 .text.cspaceADCS_componentReset
                0x20025394       0xbc C:/ISIS/workspace/HOOPOE3/satellite-subsystems/demo/..//satellite-subsystems/lib\libSatelliteSubsystemsD.a(cspaceADCS.o)
                0x20025394                cspaceADCS_componentReset
 .text.cspaceADCS_setRunMode
                0x20025450       0xbc C:/ISIS/workspace/HOOPOE3/satellite-subsystems/demo/..//satellite-subsystems/lib\libSatelliteSubsystemsD.a(cspaceADCS.o)
                0x20025450                cspaceADCS_setRunMode
 .text.cspaceADCS_setPwrCtrlDevice
                0x2002550c       0xd0 C:/ISIS/workspace/HOOPOE3/satellite-subsystems/demo/..//satellite-subsystems/lib\libSatelliteSubsystemsD.a(cspaceADCS.o)
                0x2002550c                cspaceADCS_setPwrCtrlDevice
 .text.cspaceADCS_setAttCtrlMode
                0x200255dc       0xd0 C:/ISIS/workspace/HOOPOE3/satellite-subsystems/demo/..//satellite-subsystems/lib\libSatelliteSubsystemsD.a(cspaceADCS.o)
                0x200255dc                cspaceADCS_setAttCtrlMode
 .text.cspaceADCS_setAttEstMode
                0x200256ac       0xbc C:/ISIS/workspace/HOOPOE3/satellite-subsystems/demo/..//satellite-subsystems/lib\libSatelliteSubsystemsD.a(cspaceADCS.o)
                0x200256ac                cspaceADCS_setAttEstMode
 .text.cspaceADCS_getCurrentState
                0x20025768       0xc4 C:/ISIS/workspace/HOOPOE3/satellite-subsystems/demo/..//satellite-subsystems/lib\libSatelliteSubsystemsD.a(cspaceADCS.o)
                0x20025768                cspaceADCS_getCurrentState
 .text.cspaceADCS_getPwrCtrlDevice
                0x2002582c       0xc4 C:/ISIS/workspace/HOOPOE3/satellite-subsystems/demo/..//satellite-subsystems/lib\libSatelliteSubsystemsD.a(cspaceADCS.o)
                0x2002582c                cspaceADCS_getPwrCtrlDevice
 .text.GECKO_Init
                0x200258f0       0x40 C:/ISIS/workspace/HOOPOE3/satellite-subsystems/demo/..//satellite-subsystems/lib\libSatelliteSubsystemsD.a(gecko_driver.o)