Archive member included because of file (symbol)

c:/isis/application/toolchain/bin/../lib/gcc/arm-none-eabi/4.7.4/../../../../arm-none-eabi/lib\libc_s.a(lib_a-vfprintf_float.o)
                              (_printf_float)
c:/isis/application/toolchain/bin/../lib/gcc/arm-none-eabi/4.7.4/../../../../arm-none-eabi/lib\libc_s.a(lib_a-vfprintf_i.o)
                              c:/isis/application/toolchain/bin/../lib/gcc/arm-none-eabi/4.7.4/../../../../arm-none-eabi/lib\libc_s.a(lib_a-vfprintf_float.o) (_printf_common)
c:/isis/application/toolchain/bin/../lib/gcc/arm-none-eabi/4.7.4/../../../../arm-none-eabi/lib\libc_s.a(lib_a-vfscanf_float.o)
                              (_scanf_float)
c:/isis/application/toolchain/bin/../lib/gcc/arm-none-eabi/4.7.4/../../../../arm-none-eabi/lib\libc_s.a(lib_a-dtoa.o)
                              c:/isis/application/toolchain/bin/../lib/gcc/arm-none-eabi/4.7.4/../../../../arm-none-eabi/lib\libc_s.a(lib_a-vfprintf_float.o) (_dtoa_r)
c:/isis/application/toolchain/bin/../lib/gcc/arm-none-eabi/4.7.4/../../../../arm-none-eabi/lib\libc_s.a(lib_a-locale.o)
                              c:/isis/application/toolchain/bin/../lib/gcc/arm-none-eabi/4.7.4/../../../../arm-none-eabi/lib\libc_s.a(lib_a-vfprintf_float.o) (_localeconv_r)
c:/isis/application/toolchain/bin/../lib/gcc/arm-none-eabi/4.7.4/../../../../arm-none-eabi/lib\libc_s.a(lib_a-malloc.o)
                              c:/isis/application/toolchain/bin/../lib/gcc/arm-none-eabi/4.7.4/../../../../arm-none-eabi/lib\libc_s.a(lib_a-dtoa.o) (malloc)
c:/isis/application/toolchain/bin/../lib/gcc/arm-none-eabi/4.7.4/../../../../arm-none-eabi/lib\libc_s.a(lib_a-mallocr.o)
                              c:/isis/application/toolchain/bin/../lib/gcc/arm-none-eabi/4.7.4/../../../../arm-none-eabi/lib\libc_s.a(lib_a-malloc.o) (_malloc_r)
c:/isis/application/toolchain/bin/../lib/gcc/arm-none-eabi/4.7.4/../../../../arm-none-eabi/lib\libc_s.a(lib_a-memcpy.o)
                              c:/isis/application/toolchain/bin/../lib/gcc/arm-none-eabi/4.7.4/../../../../arm-none-eabi/lib\libc_s.a(lib_a-dtoa.o) (memcpy)
c:/isis/application/toolchain/bin/../lib/gcc/arm-none-eabi/4.7.4/../../../../arm-none-eabi/lib\libc_s.a(lib_a-mprec.o)
                              c:/isis/application/toolchain/bin/../lib/gcc/arm-none-eabi/4.7.4/../../../../arm-none-eabi/lib\libc_s.a(lib_a-dtoa.o) (_Balloc)
c:/isis/application/toolchain/bin/../lib/gcc/arm-none-eabi/4.7.4/../../../../arm-none-eabi/lib\libc_s.a(lib_a-s_fpclassify.o)
                              c:/isis/application/toolchain/bin/../lib/gcc/arm-none-eabi/4.7.4/../../../../arm-none-eabi/lib\libc_s.a(lib_a-vfprintf_float.o) (__fpclassifyd)
c:/isis/application/toolchain/bin/../lib/gcc/arm-none-eabi/4.7.4/../../../../arm-none-eabi/lib\libc_s.a(lib_a-sbrkr.o)
                              c:/isis/application/toolchain/bin/../lib/gcc/arm-none-eabi/4.7.4/../../../../arm-none-eabi/lib\libc_s.a(lib_a-mallocr.o) (_sbrk_r)
c:/isis/application/toolchain/bin/../lib/gcc/arm-none-eabi/4.7.4/../../../../arm-none-eabi/lib\libc_s.a(lib_a-sf_nan.o)
                              c:/isis/application/toolchain/bin/../lib/gcc/arm-none-eabi/4.7.4/../../../../arm-none-eabi/lib\libc_s.a(lib_a-vfscanf_float.o) (nanf)
c:/isis/application/toolchain/bin/../lib/gcc/arm-none-eabi/4.7.4/../../../../arm-none-eabi/lib\libc_s.a(lib_a-sprintf.o)
                              c:/isis/application/toolchain/bin/../lib/gcc/arm-none-eabi/4.7.4/../../../../arm-none-eabi/lib\libc_s.a(lib_a-vfscanf_float.o) (sprintf)
c:/isis/application/toolchain/bin/../lib/gcc/arm-none-eabi/4.7.4/../../../../arm-none-eabi/lib\libc_s.a(lib_a-strcmp.o)
                              c:/isis/application/toolchain/bin/../lib/gcc/arm-none-eabi/4.7.4/../../../../arm-none-eabi/lib\libc_s.a(lib_a-locale.o) (strcmp)
c:/isis/application/toolchain/bin/../lib/gcc/arm-none-eabi/4.7.4/../../../../arm-none-eabi/lib\libc_s.a(lib_a-strlen.o)
                              c:/isis/application/toolchain/bin/../lib/gcc/arm-none-eabi/4.7.4/../../../../arm-none-eabi/lib\libc_s.a(lib_a-vfprintf_float.o) (strlen)
c:/isis/application/toolchain/bin/../lib/gcc/arm-none-eabi/4.7.4/../../../../arm-none-eabi/lib\libc_s.a(lib_a-strtod.o)
                              c:/isis/application/toolchain/bin/../lib/gcc/arm-none-eabi/4.7.4/../../../../arm-none-eabi/lib\libc_s.a(lib_a-vfscanf_float.o) (_strtod_r)
c:/isis/application/toolchain/bin/../lib/gcc/arm-none-eabi/4.7.4/../../../../arm-none-eabi/lib\libc_s.a(lib_a-strtol.o)
                              c:/isis/application/toolchain/bin/../lib/gcc/arm-none-eabi/4.7.4/../../../../arm-none-eabi/lib\libc_s.a(lib_a-vfscanf_float.o) (_strtol_r)
c:/isis/application/toolchain/bin/../lib/gcc/arm-none-eabi/4.7.4/../../../../arm-none-eabi/lib\libc_s.a(lib_a-svfprintf.o)
                              c:/isis/application/toolchain/bin/../lib/gcc/arm-none-eabi/4.7.4/../../../../arm-none-eabi/lib\libc_s.a(lib_a-sprintf.o) (_svfprintf_r)
[...]
Memory Configuration

Name             Origin             Length             Attributes
sram0            0x00200000         0x00004000         w !xr
sram1            0x00300000         0x00004000         w !xr
sdram            0x20000000         0x02000000         w !xr
*default*        0x00000000         0xffffffff

Linker script and memory map

LOAD c:/isis/application/toolchain/bin/../lib/gcc/arm-none-eabi/4.7.4/../../../../arm-none-eabi/lib\libc_s.a
LOAD ./src/sub-systemCode/Main/CMD/COMM_CMD.o
LOAD ./src/sub-systemCode/Main/CMD/EPS_CMD.o
LOAD ./src/sub-systemCode/Main/CMD/General_CMD.o
LOAD ./src/sub-systemCode/Main/CMD/SW_CMD.o
LOAD ./src/sub-systemCode/Main/CMD/payload_CMD.o
LOAD ./src/sub-systemCode/Main/CMD/test_CMD.o
LOAD ./src/sub-systemCode/Main/Ants.o
LOAD ./src/sub-systemCode/Main/EPS.o
LOAD ./src/sub-systemCode/Main/HouseKeeping.o
LOAD ./src/sub-systemCode/Main/Main_Init.o
LOAD ./src/sub-systemCode/Main/commands.o
LOAD ./src/sub-systemCode/Global/Global.o
LOAD ./src/sub-systemCode/Global/GlobalParam.o
LOAD ./src/sub-systemCode/Global/TM_managment.o
LOAD ./src/sub-systemCode/COMM/APRS.o
LOAD ./src/sub-systemCode/COMM/DelayedCommand_list.o
LOAD ./src/sub-systemCode/COMM/GSC.o
LOAD ./src/sub-systemCode/COMM/TRXVU.o
LOAD ./src/sub-systemCode/ADCS/ADCS.o
LOAD ./src/sub-systemCode/ADCS/Stage_Table.o
LOAD ./src/main.o
LOAD C:/Hoopoe3/satellite-subsystems/demo/..//satellite-subsystems/lib\libSatelliteSubsystemsD.a
LOAD c:/isis/application/toolchain/bin/../lib/gcc/arm-none-eabi/4.7.4/../../../../arm-none-eabi/lib\libm.a
LOAD C:/Hoopoe3/satellite-subsystems/demo/../..//hal/hcc/lib\libHCCD.a
LOAD C:/Hoopoe3/satellite-subsystems/demo/../..//hal/hal/lib\libHALD.a
LOAD C:/Hoopoe3/satellite-subsystems/demo/../..//hal/freertos/lib\libFreeRTOSD.a
LOAD C:/Hoopoe3/satellite-subsystems/demo/../..//hal/at91/lib\libAt91D.a
START GROUP
LOAD c:/isis/application/toolchain/bin/../lib/gcc/arm-none-eabi/4.7.4\libgcc.a
LOAD c:/isis/application/toolchain/bin/../lib/gcc/arm-none-eabi/4.7.4/../../../../arm-none-eabi/lib\libc_s.a
END GROUP

.fixed          0x20000000    0x3c454
                0x20000000                . = ALIGN (0x4)
                0x20000000                _sfixed = .
 *(.startup)
 .startup       0x20000000      0x134 C:/Hoopoe3/satellite-subsystems/demo/../..//hal/at91/lib\libAt91D.a(board_cstartup.o)
                0x20000000                entry
 *(.text)
 .text          0x20000134       0x64 C:/Hoopoe3/satellite-subsystems/demo/../..//hal/at91/lib\libAt91D.a(cp15_asm.o)
                0x20000134                _readControlRegister
                0x20000140                _writeControlRegister
                0x20000148                _waitForInterrupt
                0x20000154                _writeTTB
                0x2000015c                _writeDomain
                0x20000164                _writeITLBLockdown
                0x2000016c                _prefetchICacheLine
                0x20000174                _flushDCache
                0x20000180                _flushWriteBuffer
                0x2000018c                _invalidateIDTLBs
 .text          0x20000198      0x114 c:/isis/application/toolchain/bin/../lib/gcc/arm-none-eabi/4.7.4\libgcc.a(_udivsi3.o)
                0x20000198                __aeabi_uidiv
                0x20000198                __udivsi3
                0x2000028c                __aeabi_uidivmod
 .text          0x200002ac      0x148 c:/isis/application/toolchain/bin/../lib/gcc/arm-none-eabi/4.7.4\libgcc.a(_divsi3.o)
                0x200002ac                __divsi3
                0x200002ac                __aeabi_idiv
                0x200003d4                __aeabi_idivmod
 .text          0x200003f4        0x4 c:/isis/application/toolchain/bin/../lib/gcc/arm-none-eabi/4.7.4\libgcc.a(_dvmd_tls.o)
                0x200003f4                __aeabi_idiv0
                0x200003f4                __aeabi_ldiv0
 .text          0x200003f8      0x41c c:/isis/application/toolchain/bin/../lib/gcc/arm-none-eabi/4.7.4\libgcc.a(_arm_addsubdf3.o)
                0x200003f8                __aeabi_drsub
                0x20000400                __aeabi_dsub
                0x20000400                __subdf3
                0x20000404                __aeabi_dadd
                0x20000404                __adddf3
                0x20000714                __floatunsidf
                0x20000714                __aeabi_ui2d
                0x20000738                __floatsidf
                0x20000738                __aeabi_i2d
                0x20000760                __aeabi_f2d
                0x20000760                __extendsfdf2
                0x200007a0                __floatundidf
                0x200007a0                __aeabi_ul2d
                0x200007b4                __floatdidf
                0x200007b4                __aeabi_l2d
 .text          0x20000814      0x49c c:/isis/application/toolchain/bin/../lib/gcc/arm-none-eabi/4.7.4\libgcc.a(_arm_muldivdf3.o)
                0x20000814                __aeabi_dmul
                0x20000814                __muldf3
                0x20000aa4                __divdf3
                0x20000aa4                __aeabi_ddiv
 .text          0x20000cb0      0x144 c:/isis/application/toolchain/bin/../lib/gcc/arm-none-eabi/4.7.4\libgcc.a(_arm_cmpdf2.o)
                0x20000cb0                __gtdf2
                0x20000cb0                __gedf2
                0x20000cb8                __ltdf2
                0x20000cb8                __ledf2
                0x20000cc0                __nedf2
                0x20000cc0                __eqdf2
                0x20000cc0                __cmpdf2
                0x20000d48                __aeabi_cdrcmple
                0x20000d64                __aeabi_cdcmpeq
                0x20000d64                __aeabi_cdcmple
                0x20000d7c                __aeabi_dcmpeq
                0x20000d94                __aeabi_dcmplt
                0x20000dac                __aeabi_dcmple
                0x20000dc4                __aeabi_dcmpge
                0x20000ddc                __aeabi_dcmpgt
 .text          0x20000df4       0x5c c:/isis/application/toolchain/bin/../lib/gcc/arm-none-eabi/4.7.4\libgcc.a(_arm_fixdfsi.o)
                0x20000df4                __aeabi_d2iz
                0x20000df4                __fixdfsi
 .text          0x20000e50       0x54 c:/isis/application/toolchain/bin/../lib/gcc/arm-none-eabi/4.7.4\libgcc.a(_arm_fixunsdfsi.o)
                0x20000e50                __aeabi_d2uiz
                0x20000e50                __fixunsdfsi
 .text          0x20000ea4       0xa0 c:/isis/application/toolchain/bin/../lib/gcc/arm-none-eabi/4.7.4\libgcc.a(_arm_truncdfsf2.o)
                0x20000ea4                __truncdfsf2
                0x20000ea4                __aeabi_d2f
 .text          0x20000f44      0x2ac c:/isis/application/toolchain/bin/../lib/gcc/arm-none-eabi/4.7.4\libgcc.a(_arm_addsubsf3.o)
                0x20000f44                __aeabi_frsub
                0x20000f4c                __subsf3
                0x20000f4c                __aeabi_fsub
                0x20000f50                __aeabi_fadd
                0x20000f50                __addsf3
                0x2000110c                __aeabi_ui2f
                0x2000110c                __floatunsisf
                0x20001114                __aeabi_i2f
                0x20001114                __floatsisf
                0x20001134                __aeabi_ul2f
                0x20001134                __floatundisf
                0x20001144                __aeabi_l2f
                0x20001144                __floatdisf
 .text          0x200011f0      0x2f8 c:/isis/application/toolchain/bin/../lib/gcc/arm-none-eabi/4.7.4\libgcc.a(_arm_muldivsf3.o)
                0x200011f0                __mulsf3
                0x200011f0                __aeabi_fmul
                0x20001388                __aeabi_fdiv
                0x20001388                __divsf3
 .text          0x200014e8       0x54 c:/isis/application/toolchain/bin/../lib/gcc/arm-none-eabi/4.7.4\libgcc.a(_arm_fixunssfsi.o)
                0x200014e8                __fixunssfsi
                0x200014e8                __aeabi_f2uiz
 *(.text*)
 .text.__cvt    0x2000153c      0x138 c:/isis/application/toolchain/bin/../lib/gcc/arm-none-eabi/4.7.4/../../../../arm-none-eabi/lib\libc_s.a(lib_a-vfprintf_float.o)
                0x2000153c                __cvt
 .text.__exponent
                0x20001674       0xa8 c:/isis/application/toolchain/bin/../lib/gcc/arm-none-eabi/4.7.4/../../../../arm-none-eabi/lib\libc_s.a(lib_a-vfprintf_float.o)
                0x20001674                __exponent
 .text._printf_float
                0x2000171c      0x7dc c:/isis/application/toolchain/bin/../lib/gcc/arm-none-eabi/4.7.4/../../../../arm-none-eabi/lib\libc_s.a(lib_a-vfprintf_float.o)
                0x2000171c                _printf_float
 .text._printf_common
                0x20001ef8      0x174 c:/isis/application/toolchain/bin/../lib/gcc/arm-none-eabi/4.7.4/../../../../arm-none-eabi/lib\libc_s.a(lib_a-vfprintf_i.o)
                0x20001ef8                _printf_common
 .text._printf_i
                0x2000206c      0x3c4 c:/isis/application/toolchain/bin/../lib/gcc/arm-none-eabi/4.7.4/../../../../arm-none-eabi/lib\libc_s.a(lib_a-vfprintf_i.o)
                0x2000206c                _printf_i
 .text._scanf_float
                0x20002430      0x5f4 c:/isis/application/toolchain/bin/../lib/gcc/arm-none-eabi/4.7.4/../../../../arm-none-eabi/lib\libc_s.a(lib_a-vfscanf_float.o)
                0x20002430                _scanf_float
 .text.quorem   0x20002a24      0x1ac c:/isis/application/toolchain/bin/../lib/gcc/arm-none-eabi/4.7.4/../../../../arm-none-eabi/lib\libc_s.a(lib_a-dtoa.o)
 .text._dtoa_r  0x20002bd0     0x1268 c:/isis/application/toolchain/bin/../lib/gcc/arm-none-eabi/4.7.4/../../../../arm-none-eabi/lib\libc_s.a(lib_a-dtoa.o)
                0x20002bd0                _dtoa_r
 .text._localeconv_r
                0x20003e38        0xc c:/isis/application/toolchain/bin/../lib/gcc/arm-none-eabi/4.7.4/../../../../arm-none-eabi/lib\libc_s.a(lib_a-locale.o)
                0x20003e38                _localeconv_r
 .text.malloc   0x20003e44       0x20 c:/isis/application/toolchain/bin/../lib/gcc/arm-none-eabi/4.7.4/../../../../arm-none-eabi/lib\libc_s.a(lib_a-malloc.o)
                0x20003e44                malloc
 .text.free     0x20003e64       0x20 c:/isis/application/toolchain/bin/../lib/gcc/arm-none-eabi/4.7.4/../../../../arm-none-eabi/lib\libc_s.a(lib_a-malloc.o)
                0x20003e64                free
 .text._malloc_r
                0x20003e84       0xfc c:/isis/application/toolchain/bin/../lib/gcc/arm-none-eabi/4.7.4/../../../../arm-none-eabi/lib\libc_s.a(lib_a-mallocr.o)
                0x20003e84                _malloc_r
 .text.memcpy   0x20003f80       0x20 c:/isis/application/toolchain/bin/../lib/gcc/arm-none-eabi/4.7.4/../../../../arm-none-eabi/lib\libc_s.a(lib_a-memcpy.o)
                0x20003f80                memcpy
 .text._Balloc  0x20003fa0       0xcc c:/isis/application/toolchain/bin/../lib/gcc/arm-none-eabi/4.7.4/../../../../arm-none-eabi/lib\libc_s.a(lib_a-mprec.o)
                0x20003fa0                _Balloc
 .text._Bfree   0x2000406c       0x5c c:/isis/application/toolchain/bin/../lib/gcc/arm-none-eabi/4.7.4/../../../../arm-none-eabi/lib\libc_s.a(lib_a-mprec.o)
                0x2000406c                _Bfree
 .text.__multadd
                0x200040c8       0xbc c:/isis/application/toolchain/bin/../lib/gcc/arm-none-eabi/4.7.4/../../../../arm-none-eabi/lib\libc_s.a(lib_a-mprec.o)
                0x200040c8                __multadd
 .text.__s2b    0x20004184       0xd8 c:/isis/application/toolchain/bin/../lib/gcc/arm-none-eabi/4.7.4/../../../../arm-none-eabi/lib\libc_s.a(lib_a-mprec.o)
                0x20004184                __s2b
 .text.__hi0bits
                0x2000425c       0x58 c:/isis/application/toolchain/bin/../lib/gcc/arm-none-eabi/4.7.4/../../../../arm-none-eabi/lib\libc_s.a(lib_a-mprec.o)
                0x2000425c                __hi0bits
 .text.__lo0bits
                0x200042b4       0x94 c:/isis/application/toolchain/bin/../lib/gcc/arm-none-eabi/4.7.4/../../../../arm-none-eabi/lib\libc_s.a(lib_a-mprec.o)
                0x200042b4                __lo0bits
 .text.__i2b    0x20004348       0x24 c:/isis/application/toolchain/bin/../lib/gcc/arm-none-eabi/4.7.4/../../../../arm-none-eabi/lib\libc_s.a(lib_a-mprec.o)
                0x20004348                __i2b
 .text.__multiply
                0x2000436c      0x1ac c:/isis/application/toolchain/bin/../lib/gcc/arm-none-eabi/4.7.4/../../../../arm-none-eabi/lib\libc_s.a(lib_a-mprec.o)
                0x2000436c                __multiply
 .text.__pow5mult
                0x20004518      0x10c c:/isis/application/toolchain/bin/../lib/gcc/arm-none-eabi/4.7.4/../../../../arm-none-eabi/lib\libc_s.a(lib_a-mprec.o)
                0x20004518                __pow5mult
 .text.__lshift
                0x20004624       0xf0 c:/isis/application/toolchain/bin/../lib/gcc/arm-none-eabi/4.7.4/../../../../arm-none-eabi/lib\libc_s.a(lib_a-mprec.o)
                0x20004624                __lshift
 .text.__mcmp   0x20004714       0x60 c:/isis/application/toolchain/bin/../lib/gcc/arm-none-eabi/4.7.4/../../../../arm-none-eabi/lib\libc_s.a(lib_a-mprec.o)
                0x20004714                __mcmp
 .text.__mdiff  0x20004774      0x128 c:/isis/application/toolchain/bin/../lib/gcc/arm-none-eabi/4.7.4/../../../../arm-none-eabi/lib\libc_s.a(lib_a-mprec.o)
                0x20004774                __mdiff
 .text.__ulp    0x2000489c       0x5c c:/isis/application/toolchain/bin/../lib/gcc/arm-none-eabi/4.7.4/../../../../arm-none-eabi/lib\libc_s.a(lib_a-mprec.o)
                0x2000489c                __ulp
 .text.__b2d    0x200048f8       0xc8 c:/isis/application/toolchain/bin/../lib/gcc/arm-none-eabi/4.7.4/../../../../arm-none-eabi/lib\libc_s.a(lib_a-mprec.o)
                0x200048f8                __b2d
 .text.__d2b    0x200049c0       0xfc c:/isis/application/toolchain/bin/../lib/gcc/arm-none-eabi/4.7.4/../../../../arm-none-eabi/lib\libc_s.a(lib_a-mprec.o)
                0x200049c0                __d2b
 .text.__ratio  0x20004abc       0x70 c:/isis/application/toolchain/bin/../lib/gcc/arm-none-eabi/4.7.4/../../../../arm-none-eabi/lib\libc_s.a(lib_a-mprec.o)
                0x20004abc                __ratio
 .text.__copybits
                0x20004b2c       0x4c c:/isis/application/toolchain/bin/../lib/gcc/arm-none-eabi/4.7.4/../../../../arm-none-eabi/lib\libc_s.a(lib_a-mprec.o)
                0x20004b2c                __copybits
 .text.__any_on
                0x20004b78       0x7c c:/isis/application/toolchain/bin/../lib/gcc/arm-none-eabi/4.7.4/../../../../arm-none-eabi/lib\libc_s.a(lib_a-mprec.o)
                0x20004b78                __any_on
 .text.__fpclassifyd
                0x20004bf4       0x6c c:/isis/application/toolchain/bin/../lib/gcc/arm-none-eabi/4.7.4/../../../../arm-none-eabi/lib\libc_s.a(lib_a-s_fpclassify.o)
                0x20004bf4                __fpclassifyd
 .text._sbrk_r  0x20004c60       0x3c c:/isis/application/toolchain/bin/../lib/gcc/arm-none-eabi/4.7.4/../../../../arm-none-eabi/lib\libc_s.a(lib_a-sbrkr.o)
                0x20004c60                _sbrk_r
 .text.nanf     0x20004c9c        0xc c:/isis/application/toolchain/bin/../lib/gcc/arm-none-eabi/4.7.4/../../../../arm-none-eabi/lib\libc_s.a(lib_a-sf_nan.o)
                0x20004c9c                nanf
 .text.sprintf  0x20004ca8       0x6c c:/isis/application/toolchain/bin/../lib/gcc/arm-none-eabi/4.7.4/../../../../arm-none-eabi/lib\libc_s.a(lib_a-sprintf.o)
                0x20004ca8                siprintf
                0x20004ca8                sprintf
 .text.strcmp   0x20004d14       0x1c c:/isis/application/toolchain/bin/../lib/gcc/arm-none-eabi/4.7.4/../../../../arm-none-eabi/lib\libc_s.a(lib_a-strcmp.o)
                0x20004d14                strcmp
 .text.strlen   0x20004d30       0x1c c:/isis/application/toolchain/bin/../lib/gcc/arm-none-eabi/4.7.4/../../../../arm-none-eabi/lib\libc_s.a(lib_a-strlen.o)
                0x20004d30                strlen
 .text.match    0x20004d4c       0x54 c:/isis/application/toolchain/bin/../lib/gcc/arm-none-eabi/4.7.4/../../../../arm-none-eabi/lib\libc_s.a(lib_a-strtod.o)
 .text._strtod_r
                0x20004da0     0x1168 c:/isis/application/toolchain/bin/../lib/gcc/arm-none-eabi/4.7.4/../../../../arm-none-eabi/lib\libc_s.a(lib_a-strtod.o)
                0x20004da0                _strtod_r
 .text._strtol_r
                0x20005f08      0x1b8 c:/isis/application/toolchain/bin/../lib/gcc/arm-none-eabi/4.7.4/../../../../arm-none-eabi/lib\libc_s.a(lib_a-strtol.o)
                0x20005f08                _strtol_r
 .text.__ssputc_r
                0x200060c0      0x10c c:/isis/application/toolchain/bin/../lib/gcc/arm-none-eabi/4.7.4/../../../../arm-none-eabi/lib\libc_s.a(lib_a-svfprintf.o)
                0x200060c0                __ssputc_r
 .text._svfprintf_r
                0x200061cc      0x328 c:/isis/application/toolchain/bin/../lib/gcc/arm-none-eabi/4.7.4/../../../../arm-none-eabi/lib\libc_s.a(lib_a-svfprintf.o)
                0x200061cc                _svfiprintf_r
                0x200061cc                _svfprintf_r
 .text._calloc_r
                0x200064f4       0x2c c:/isis/application/toolchain/bin/../lib/gcc/arm-none-eabi/4.7.4/../../../../arm-none-eabi/lib\libc_s.a(lib_a-callocr.o)
                0x200064f4                _calloc_r
 .text._free_r  0x20006520      0x108 c:/isis/application/toolchain/bin/../lib/gcc/arm-none-eabi/4.7.4/../../../../arm-none-eabi/lib\libc_s.a(lib_a-freer.o)
                0x20006520                _free_r
 .text.rshift   0x20006628       0xb0 c:/isis/application/toolchain/bin/../lib/gcc/arm-none-eabi/4.7.4/../../../../arm-none-eabi/lib\libc_s.a(lib_a-gdtoa-gethex.o)
 .text.htinit.constprop.0
                0x200066d8       0x34 c:/isis/application/toolchain/bin/../lib/gcc/arm-none-eabi/4.7.4/../../../../arm-none-eabi/lib\libc_s.a(lib_a-gdtoa-gethex.o)
 .text.__hexdig_init
                0x2000670c       0x38 c:/isis/application/toolchain/bin/../lib/gcc/arm-none-eabi/4.7.4/../../../../arm-none-eabi/lib\libc_s.a(lib_a-gdtoa-gethex.o)
                0x2000670c                __hexdig_init
 .text.__gethex
                0x20006744      0x6cc c:/isis/application/toolchain/bin/../lib/gcc/arm-none-eabi/4.7.4/../../../../arm-none-eabi/lib\libc_s.a(lib_a-gdtoa-gethex.o)
                0x20006744                __gethex
 .text.L_shift  0x20006e10       0x38 c:/isis/application/toolchain/bin/../lib/gcc/arm-none-eabi/4.7.4/../../../../arm-none-eabi/lib\libc_s.a(lib_a-gdtoa-hexnan.o)
 .text.__hexnan
                0x20006e48      0x1d8 c:/isis/application/toolchain/bin/../lib/gcc/arm-none-eabi/4.7.4/../../../../arm-none-eabi/lib\libc_s.a(lib_a-gdtoa-hexnan.o)
                0x20006e48                __hexnan
 .text.memchr   0x20007020       0x34 c:/isis/application/toolchain/bin/../lib/gcc/arm-none-eabi/4.7.4/../../../../arm-none-eabi/lib\libc_s.a(lib_a-memchr.o)
                0x20007020                memchr
 .text.memset   0x20007054       0x1c c:/isis/application/toolchain/bin/../lib/gcc/arm-none-eabi/4.7.4/../../../../arm-none-eabi/lib\libc_s.a(lib_a-memset.o)
                0x20007054                memset
 .text._realloc_r
                0x20007070       0x80 c:/isis/application/toolchain/bin/../lib/gcc/arm-none-eabi/4.7.4/../../../../arm-none-eabi/lib\libc_s.a(lib_a-reallocr.o)
                0x20007070                _realloc_r
 .text.strncmp  0x200070f0       0x64 c:/isis/application/toolchain/bin/../lib/gcc/arm-none-eabi/4.7.4/../../../../arm-none-eabi/lib\libc_s.a(lib_a-strncmp.o)
                0x200070f0                strncmp
 .text._malloc_usable_size_r
                0x20007154       0x1c c:/isis/application/toolchain/bin/../lib/gcc/arm-none-eabi/4.7.4/../../../../arm-none-eabi/lib\libc_s.a(lib_a-msizer.o)
                0x20007154                _malloc_usable_size_r
 .text.cmd_error
                0x20007170       0x38 ./src/sub-systemCode/Main/CMD/COMM_CMD.o
                0x20007170                cmd_error
 .text.cmd_mute
                0x200071a8       0xc4 ./src/sub-systemCode/Main/CMD/COMM_CMD.o
                0x200071a8                cmd_mute
 .text.cmd_unmute
                0x2000726c       0x4c ./src/sub-systemCode/Main/CMD/COMM_CMD.o
                0x2000726c                cmd_unmute
 .text.cmd_active_trans
                0x200072b8       0xc0 ./src/sub-systemCode/Main/CMD/COMM_CMD.o
                0x200072b8                cmd_active_trans
 .text.cmd_shut_trans
                0x20007378       0x38 ./src/sub-systemCode/Main/CMD/COMM_CMD.o
                0x20007378                cmd_shut_trans
 .text.cmd_change_trans_rssi
                0x200073b0       0xb8 ./src/sub-systemCode/Main/CMD/COMM_CMD.o
                0x200073b0                cmd_change_trans_rssi
 .text.cmd_aprs_dump
                0x20007468       0x50 ./src/sub-systemCode/Main/CMD/COMM_CMD.o
                0x20007468                cmd_aprs_dump
 .text.cmd_stop_dump
                0x200074b8       0x38 ./src/sub-systemCode/Main/CMD/COMM_CMD.o
                0x200074b8                cmd_stop_dump
 .text.cmd_time_frequency
                0x200074f0       0xc0 ./src/sub-systemCode/Main/CMD/COMM_CMD.o
                0x200074f0                cmd_time_frequency
 .text.cmd_upload_volt_logic
                0x200075b0      0x3d0 ./src/sub-systemCode/Main/CMD/EPS_CMD.o
                0x200075b0                cmd_upload_volt_logic
 .text.cmd_upload_volt_COMM
                0x20007980      0x1c8 ./src/sub-systemCode/Main/CMD/EPS_CMD.o
                0x20007980                cmd_upload_volt_COMM
 .text.cmd_heater_temp
                0x20007b48       0xc0 ./src/sub-systemCode/Main/CMD/EPS_CMD.o
                0x20007b48                cmd_heater_temp
 .text.cmd_SHUT_CAM
                0x20007c08       0x6c ./src/sub-systemCode/Main/CMD/EPS_CMD.o
                0x20007c08                cmd_SHUT_CAM
 .text.cmd_SHUT_ADCS
                0x20007c74       0x6c ./src/sub-systemCode/Main/CMD/EPS_CMD.o
                0x20007c74                cmd_SHUT_ADCS
 .text.cmd_allow_CAM
                0x20007ce0       0x6c ./src/sub-systemCode/Main/CMD/EPS_CMD.o
                0x20007ce0                cmd_allow_CAM
 .text.cmd_allow_ADCS
                0x20007d4c       0x6c ./src/sub-systemCode/Main/CMD/EPS_CMD.o
                0x20007d4c                cmd_allow_ADCS
 .text.cmd_generic_I2C
                0x20007db8       0xb4 ./src/sub-systemCode/Main/CMD/General_CMD.o
                0x20007db8                cmd_generic_I2C
 .text.cmd_dump
                0x20007e6c       0xf0 ./src/sub-systemCode/Main/CMD/General_CMD.o
                0x20007e6c                cmd_dump
 .text.cmd_delete_TM
                0x20007f5c      0x1dc ./src/sub-systemCode/Main/CMD/General_CMD.o
                0x20007f5c                cmd_delete_TM
 .text.cmd_reset_file
                0x20008138      0x110 ./src/sub-systemCode/Main/CMD/General_CMD.o
                0x20008138                cmd_reset_file
 .text.cmd_dummy_func
                0x20008248       0x40 ./src/sub-systemCode/Main/CMD/General_CMD.o
                0x20008248                cmd_dummy_func
 .text.cmd_soft_reset_cmponent
                0x20008288       0xb0 ./src/sub-systemCode/Main/CMD/General_CMD.o
                0x20008288                cmd_soft_reset_cmponent
 .text.cmd_hard_reset_cmponent
                0x20008338       0xb0 ./src/sub-systemCode/Main/CMD/General_CMD.o
                0x20008338                cmd_hard_reset_cmponent
 .text.cmd_reset_satellite
                0x200083e8       0x78 ./src/sub-systemCode/Main/CMD/General_CMD.o
                0x200083e8                cmd_reset_satellite
 .text.cmd_gracefull_reset_satellite
                0x20008460       0x78 ./src/sub-systemCode/Main/CMD/General_CMD.o
                0x20008460                cmd_gracefull_reset_satellite
 .text.cmd_upload_time
                0x200084d8       0xb0 ./src/sub-systemCode/Main/CMD/General_CMD.o
                0x200084d8                cmd_upload_time
 .text.cmd_ARM_DIARM
                0x20008588       0xd4 ./src/sub-systemCode/Main/CMD/General_CMD.o
                0x20008588                cmd_ARM_DIARM
 .text.cmd_reset_delayed_command_list
                0x2000865c       0x3c ./src/sub-systemCode/Main/CMD/SW_CMD.o
                0x2000865c                cmd_reset_delayed_command_list
 .text.cmd_reset_APRS_list
                0x20008698       0x3c ./src/sub-systemCode/Main/CMD/SW_CMD.o
                0x20008698                cmd_reset_APRS_list
 .text.cmd_reset_FRAM
                0x200086d4       0xe8 ./src/sub-systemCode/Main/CMD/SW_CMD.o
                0x200086d4                cmd_reset_FRAM
 .text.ARM_ants
                0x200087bc       0xb8 ./src/sub-systemCode/Main/Ants.o
                0x200087bc                ARM_ants
 .text.DISARM_ants
                0x20008874       0xb8 ./src/sub-systemCode/Main/Ants.o
                0x20008874                DISARM_ants
 .text.convert_vol
                0x2000892c      0x124 ./src/sub-systemCode/Main/EPS.o
                0x2000892c                convert_vol
 .text.get_shut_ADCS
                0x20008a50       0x48 ./src/sub-systemCode/Main/EPS.o
                0x20008a50                get_shut_ADCS
 .text.shut_ADCS
                0x20008a98       0x44 ./src/sub-systemCode/Main/EPS.o
                0x20008a98                shut_ADCS
 .text.get_shut_CAM
                0x20008adc       0x48 ./src/sub-systemCode/Main/EPS.o
                0x20008adc                get_shut_CAM
 .text.shut_CAM
                0x20008b24       0x44 ./src/sub-systemCode/Main/EPS.o
                0x20008b24                shut_CAM
 .text.update_powerLines
                0x20008b68       0xec ./src/sub-systemCode/Main/EPS.o
                0x20008b68                update_powerLines
 .text.init_enterMode
                0x20008c54       0x88 ./src/sub-systemCode/Main/EPS.o
                0x20008c54                init_enterMode
 .text.EPS_Init
                0x20008cdc      0x1f0 ./src/sub-systemCode/Main/EPS.o
                0x20008cdc                EPS_Init
 .text.reset_FRAM_EPS
                0x20008ecc       0xa4 ./src/sub-systemCode/Main/EPS.o
                0x20008ecc                reset_FRAM_EPS
 .text.reset_EPS_voltages
                0x20008f70       0xbc ./src/sub-systemCode/Main/EPS.o
                0x20008f70                reset_EPS_voltages
 .text.battery_downward
                0x2000902c      0x118 ./src/sub-systemCode/Main/EPS.o
                0x2000902c                battery_downward
 .text.battery_upward
                0x20009144      0x120 ./src/sub-systemCode/Main/EPS.o
                0x20009144                battery_upward
 .text.EPS_Conditioning
                0x20009264      0x1b0 ./src/sub-systemCode/Main/EPS.o
                0x20009264                EPS_Conditioning
 .text.overRide_ADCS
                0x20009414       0x50 ./src/sub-systemCode/Main/EPS.o
                0x20009414                overRide_ADCS
 .text.overRide_Camera
                0x20009464       0x38 ./src/sub-systemCode/Main/EPS.o
                0x20009464                overRide_Camera
 .text.EnterFullMode
                0x2000949c       0xfc ./src/sub-systemCode/Main/EPS.o
                0x2000949c                EnterFullMode
 .text.EnterCruiseMode
                0x20009598       0xec ./src/sub-systemCode/Main/EPS.o
                0x20009598                EnterCruiseMode
 .text.EnterSafeMode
                0x20009684       0xec ./src/sub-systemCode/Main/EPS.o
                0x20009684                EnterSafeMode
 .text.EnterCriticalMode
                0x20009770       0xd8 ./src/sub-systemCode/Main/EPS.o
                0x20009770                EnterCriticalMode
 .text.find_fileName
                0x20009848      0x588 ./src/sub-systemCode/Main/HouseKeeping.o
                0x20009848                find_fileName
 .text.size_of_element
                0x20009dd0       0xd4 ./src/sub-systemCode/Main/HouseKeeping.o
                0x20009dd0                size_of_element
 .text.save_ACK
                0x20009ea4       0xa0 ./src/sub-systemCode/Main/HouseKeeping.o
                0x20009ea4                save_ACK
 .text.set_GP_EPS
                0x20009f44      0x10c ./src/sub-systemCode/Main/HouseKeeping.o
                0x20009f44                set_GP_EPS
 .text.set_GP_COMM
                0x2000a050       0x88 ./src/sub-systemCode/Main/HouseKeeping.o
                0x2000a050                set_GP_COMM
 .text.SP_HK_collect
                0x2000a0d8      0x17c ./src/sub-systemCode/Main/HouseKeeping.o
                0x2000a0d8                SP_HK_collect
 .text.EPS_HK_collect
                0x2000a254      0x4d8 ./src/sub-systemCode/Main/HouseKeeping.o
                0x2000a254                EPS_HK_collect
 .text.CAM_HK_collect
                0x2000a72c      0x91c ./src/sub-systemCode/Main/HouseKeeping.o
                0x2000a72c                CAM_HK_collect
 .text.COMM_HK_collect
                0x2000b048      0x154 ./src/sub-systemCode/Main/HouseKeeping.o
                0x2000b048                COMM_HK_collect
 .text.COMM_create_file
                0x2000b19c       0x74 ./src/sub-systemCode/Main/HouseKeeping.o
                0x2000b19c                COMM_create_file
 .text.ACK_create_file
                0x2000b210       0x74 ./src/sub-systemCode/Main/HouseKeeping.o
                0x2000b210                ACK_create_file
 .text.EPS_create_file
                0x2000b284       0x74 ./src/sub-systemCode/Main/HouseKeeping.o
                0x2000b284                EPS_create_file
 .text.CAM_create_file
                0x2000b2f8       0x54 ./src/sub-systemCode/Main/HouseKeeping.o
                0x2000b2f8                CAM_create_file
 .text.SP_create_file
                0x2000b34c       0x54 ./src/sub-systemCode/Main/HouseKeeping.o
                0x2000b34c                SP_create_file
 .text.create_files
                0x2000b3a0       0x48 ./src/sub-systemCode/Main/HouseKeeping.o
                0x2000b3a0                create_files
 .text.save_SP_HK
                0x2000b3e8       0x70 ./src/sub-systemCode/Main/HouseKeeping.o
                0x2000b3e8                save_SP_HK
 .text.save_EPS_HK
                0x2000b458       0x70 ./src/sub-systemCode/Main/HouseKeeping.o
                0x2000b458                save_EPS_HK
 .text.save_CAM_HK
                0x2000b4c8       0x70 ./src/sub-systemCode/Main/HouseKeeping.o
                0x2000b4c8                save_CAM_HK
 .text.save_COMM_HK
                0x2000b538       0x70 ./src/sub-systemCode/Main/HouseKeeping.o
                0x2000b538                save_COMM_HK
 .text.EPS_HK_raw_BigEnE
                0x2000b5a8      0x194 ./src/sub-systemCode/Main/HouseKeeping.o
                0x2000b5a8                EPS_HK_raw_BigEnE
 .text.CAM_HK_raw_BigEnE
                0x2000b73c      0x194 ./src/sub-systemCode/Main/HouseKeeping.o
                0x2000b73c                CAM_HK_raw_BigEnE
 .text.COMM_HK_raw_BigEnE
                0x2000b8d0      0x194 ./src/sub-systemCode/Main/HouseKeeping.o
                0x2000b8d0                COMM_HK_raw_BigEnE
 .text.ADCS_HK_raw_BigEnE
                0x2000ba64      0x194 ./src/sub-systemCode/Main/HouseKeeping.o
                0x2000ba64                ADCS_HK_raw_BigEnE
 .text.ADCS_SC_raw_BigEnE
                0x2000bbf8      0x188 ./src/sub-systemCode/Main/HouseKeeping.o
                0x2000bbf8                ADCS_SC_raw_BigEnE
 .text.build_HK_spl_packet
                0x2000bd80      0x970 ./src/sub-systemCode/Main/HouseKeeping.o
                0x2000bd80                build_HK_spl_packet
 .text.HouseKeeping_highRate_Task
                0x2000c6f0       0x60 ./src/sub-systemCode/Main/HouseKeeping.o
                0x2000c6f0                HouseKeeping_highRate_Task
 .text.HouseKeeping_lowRate_Task
                0x2000c750       0x5c ./src/sub-systemCode/Main/HouseKeeping.o
                0x2000c750                HouseKeeping_lowRate_Task
 .text.test_menu
                0x2000c7ac       0xd8 ./src/sub-systemCode/Main/Main_Init.o
                0x2000c7ac                test_menu
 .text.numberOfRestarts
                0x2000c884       0x94 ./src/sub-systemCode/Main/Main_Init.o
                0x2000c884                numberOfRestarts
 .text.StartFRAM
                0x2000c918       0x38 ./src/sub-systemCode/Main/Main_Init.o
                0x2000c918                StartFRAM
 .text.StartI2C
                0x2000c950       0x44 ./src/sub-systemCode/Main/Main_Init.o
                0x2000c950                StartI2C
 .text.StartSPI
                0x2000c994       0x40 ./src/sub-systemCode/Main/Main_Init.o
                0x2000c994                StartSPI
 .text.StartTIME
                0x2000c9d4      0x118 ./src/sub-systemCode/Main/Main_Init.o
                0x2000c9d4                StartTIME
 .text.first_activation
                0x2000caec       0x78 ./src/sub-systemCode/Main/Main_Init.o
                0x2000caec                first_activation
 .text.InitSubsystems
                0x2000cb64       0x64 ./src/sub-systemCode/Main/Main_Init.o
                0x2000cb64                InitSubsystems
 .text.SubSystemTaskStart
                0x2000cbc8       0xe8 ./src/sub-systemCode/Main/Main_Init.o
                0x2000cbc8                SubSystemTaskStart
 .text.copy_command
                0x2000ccb0       0x80 ./src/sub-systemCode/Main/commands.o
                0x2000ccb0                copy_command
 .text.reset_command
                0x2000cd30       0x28 ./src/sub-systemCode/Main/commands.o
                0x2000cd30                reset_command
 .text.init_command
                0x2000cd58       0xd4 ./src/sub-systemCode/Main/commands.o
                0x2000cd58                init_command
 .text.add_command
                0x2000ce2c      0x138 ./src/sub-systemCode/Main/commands.o
                0x2000ce2c                add_command
 .text.get_command
                0x2000cf64      0x1cc ./src/sub-systemCode/Main/commands.o
                0x2000cf64                get_command
 .text.act_upon_command
                0x2000d130      0x200 ./src/sub-systemCode/Main/commands.o
                0x2000d130                act_upon_command
 .text.AUC_COMM
                0x2000d330      0x200 ./src/sub-systemCode/Main/commands.o
                0x2000d330                AUC_COMM
 .text.AUC_general
                0x2000d530      0x17c ./src/sub-systemCode/Main/commands.o
                0x2000d530                AUC_general
 .text.AUC_payload
                0x2000d6ac      0x110 ./src/sub-systemCode/Main/commands.o
                0x2000d6ac                AUC_payload
 .text.AUC_EPS  0x2000d7bc      0x248 ./src/sub-systemCode/Main/commands.o
                0x2000d7bc                AUC_EPS
 .text.AUC_ADCS
                0x2000da04       0x5c ./src/sub-systemCode/Main/commands.o
                0x2000da04                AUC_ADCS
 .text.AUC_GS   0x2000da60      0x1fc ./src/sub-systemCode/Main/commands.o
                0x2000da60                AUC_GS
 .text.AUC_SW   0x2000dc5c       0xe4 ./src/sub-systemCode/Main/commands.o
                0x2000dc5c                AUC_SW
 .text.AUC_special_operation
                0x2000dd40       0x8c ./src/sub-systemCode/Main/commands.o
                0x2000dd40                AUC_special_operation
 .text.check_int
                0x2000ddcc       0x3c ./src/sub-systemCode/Global/Global.o
                0x2000ddcc                check_int
 .text.check_portBASE_TYPE
                0x2000de08       0x3c ./src/sub-systemCode/Global/Global.o
                0x2000de08                check_portBASE_TYPE
 .text.soft_reset_subsystem
                0x2000de44       0xd8 ./src/sub-systemCode/Global/Global.o
                0x2000de44                soft_reset_subsystem
 .text.hard_reset_subsystem
                0x2000df1c       0xfc ./src/sub-systemCode/Global/Global.o
                0x2000df1c                hard_reset_subsystem
 .text.BigEnE_raw_to_uInt
                0x2000e018       0x94 ./src/sub-systemCode/Global/Global.o
                0x2000e018                BigEnE_raw_to_uInt
 .text.BigEnE_raw_to_uShort
                0x2000e0ac       0x50 ./src/sub-systemCode/Global/Global.o
                0x2000e0ac                BigEnE_raw_to_uShort
 .text.BigEnE_uInt_to_raw
                0x2000e0fc       0x78 ./src/sub-systemCode/Global/Global.o
                0x2000e0fc                BigEnE_uInt_to_raw
 .text.reset_FRAM_MAIN
                0x2000e174      0x19c ./src/sub-systemCode/Global/Global.o
                0x2000e174                reset_FRAM_MAIN
 .text.init_GP  0x2000e310      0x35c ./src/sub-systemCode/Global/GlobalParam.o
                0x2000e310                init_GP
 .text.get_system_state
                0x2000e66c      0x268 ./src/sub-systemCode/Global/GlobalParam.o
                0x2000e66c                get_system_state
 .text.set_system_state
                0x2000e8d4      0x298 ./src/sub-systemCode/Global/GlobalParam.o
                0x2000e8d4                set_system_state
 .text.get_current_global_param
                0x2000eb6c      0x670 ./src/sub-systemCode/Global/GlobalParam.o
                0x2000eb6c                get_current_global_param
 .text.set_Vbatt_previous
                0x2000f1dc       0xe8 ./src/sub-systemCode/Global/GlobalParam.o
                0x2000f1dc                set_Vbatt_previous
 .text.get_Vbatt_previous
                0x2000f2c4       0xc8 ./src/sub-systemCode/Global/GlobalParam.o
                0x2000f2c4                get_Vbatt_previous
 .text.set_Vbatt
                0x2000f38c       0xb8 ./src/sub-systemCode/Global/GlobalParam.o
                0x2000f38c                set_Vbatt
 .text.get_Vbatt
                0x2000f444       0x8c ./src/sub-systemCode/Global/GlobalParam.o
                0x2000f444                get_Vbatt
 .text.set_curBat
                0x2000f4d0       0x8c ./src/sub-systemCode/Global/GlobalParam.o
                0x2000f4d0                set_curBat
 .text.set_cur3V3
                0x2000f55c       0x8c ./src/sub-systemCode/Global/GlobalParam.o
                0x2000f55c                set_cur3V3
 .text.set_cur5V
                0x2000f5e8       0x8c ./src/sub-systemCode/Global/GlobalParam.o
                0x2000f5e8                set_cur5V
 .text.set_tempComm_LO
                0x2000f674       0x8c ./src/sub-systemCode/Global/GlobalParam.o
                0x2000f674                set_tempComm_LO
 .text.set_tempComm_PA
                0x2000f700       0x8c ./src/sub-systemCode/Global/GlobalParam.o
                0x2000f700                set_tempComm_PA
 .text.set_tempEPS
                0x2000f78c       0xc8 ./src/sub-systemCode/Global/GlobalParam.o
                0x2000f78c                set_tempEPS
 .text.set_tempBatt
                0x2000f854       0xc8 ./src/sub-systemCode/Global/GlobalParam.o
                0x2000f854                set_tempBatt
 .text.set_RxDoppler
                0x2000f91c       0x8c ./src/sub-systemCode/Global/GlobalParam.o
                0x2000f91c                set_RxDoppler
 .text.set_RxRSSI
                0x2000f9a8       0x8c ./src/sub-systemCode/Global/GlobalParam.o
                0x2000f9a8                set_RxRSSI
 .text.set_TxRefl
                0x2000fa34       0x8c ./src/sub-systemCode/Global/GlobalParam.o
                0x2000fa34                set_TxRefl
 .text.set_TxForw
                0x2000fac0       0x8c ./src/sub-systemCode/Global/GlobalParam.o
                0x2000fac0                set_TxForw
 .text.get_ST   0x2000fb4c       0x98 ./src/sub-systemCode/Global/GlobalParam.o
                0x2000fb4c                get_ST
 .text.set_numOfAPRS
                0x2000fbe4       0x8c ./src/sub-systemCode/Global/GlobalParam.o
                0x2000fbe4                set_numOfAPRS
 .text.set_numOfDelayedCommand
                0x2000fc70       0x8c ./src/sub-systemCode/Global/GlobalParam.o
                0x2000fc70                set_numOfDelayedCommand
 .text.set_numOfResets
                0x2000fcfc       0xac ./src/sub-systemCode/Global/GlobalParam.o
                0x2000fcfc                set_numOfResets
 .text.set_ground_conn
                0x2000fda8       0x88 ./src/sub-systemCode/Global/GlobalParam.o
                0x2000fda8                set_ground_conn
 .text.get_ground_conn
                0x2000fe30       0x94 ./src/sub-systemCode/Global/GlobalParam.o
                0x2000fe30                get_ground_conn
 .text.delete_allTMFilesFromSD
                0x2000fec4       0xf8 ./src/sub-systemCode/Global/TM_managment.o
                0x2000fec4                delete_allTMFilesFromSD
 .text.getNumOfFilesInFS
                0x2000ffbc       0x44 ./src/sub-systemCode/Global/TM_managment.o
 .text.setNumOfFilesInFS
                0x20010000       0x50 ./src/sub-systemCode/Global/TM_managment.o
 .text.InitializeFS
                0x20010050      0x174 ./src/sub-systemCode/Global/TM_managment.o
                0x20010050                InitializeFS
 .text.c_fileCreate
                0x200101c4       0xf4 ./src/sub-systemCode/Global/TM_managment.o
                0x200101c4                c_fileCreate
 .text.writewithEpochtime
                0x200102b8       0x9c ./src/sub-systemCode/Global/TM_managment.o
 .text.get_C_FILE_struct
                0x20010354      0x104 ./src/sub-systemCode/Global/TM_managment.o
 .text.getFileIndex
                0x20010458       0x4c ./src/sub-systemCode/Global/TM_managment.o
 .text.get_file_name_by_index
                0x200104a4       0x54 ./src/sub-systemCode/Global/TM_managment.o
                0x200104a4                get_file_name_by_index
 .text.c_fileReset
                0x200104f8       0xbc ./src/sub-systemCode/Global/TM_managment.o
                0x200104f8                c_fileReset
 .text.c_fileWrite
                0x200105b4      0x11c ./src/sub-systemCode/Global/TM_managment.o
                0x200105b4                c_fileWrite
 .text.c_fileRead
                0x200106d0      0x28c ./src/sub-systemCode/Global/TM_managment.o
                0x200106d0                c_fileRead
 .text.reset_APRS_list
                0x2001095c       0xa4 ./src/sub-systemCode/COMM/APRS.o
                0x2001095c                reset_APRS_list
 .text.send_APRS_Dump
                0x20010a00      0x1c4 ./src/sub-systemCode/COMM/APRS.o
                0x20010a00                send_APRS_Dump
 .text.check_APRS
                0x20010bc4      0x1a4 ./src/sub-systemCode/COMM/APRS.o
                0x20010bc4                check_APRS
 .text.get_APRS_list
                0x20010d68       0x88 ./src/sub-systemCode/COMM/APRS.o
                0x20010d68                get_APRS_list
 .text.find_CMD_in_list
                0x20010df0       0x7c ./src/sub-systemCode/COMM/DelayedCommand_list.o
                0x20010df0                find_CMD_in_list
 .text.find_empty_in_list
                0x20010e6c       0x74 ./src/sub-systemCode/COMM/DelayedCommand_list.o
                0x20010e6c                find_empty_in_list
 .text.check_delayCommandTime
                0x20010ee0       0x8c ./src/sub-systemCode/COMM/DelayedCommand_list.o
                0x20010ee0                check_delayCommandTime
 .text.execute_delayedCommand
                0x20010f6c       0x64 ./src/sub-systemCode/COMM/DelayedCommand_list.o
                0x20010f6c                execute_delayedCommand
 .text.check_delaycommand
                0x20010fd0      0x17c ./src/sub-systemCode/COMM/DelayedCommand_list.o
                0x20010fd0                check_delaycommand
 .text.reset_delayCommand
                0x2001114c       0x8c ./src/sub-systemCode/COMM/DelayedCommand_list.o
                0x2001114c                reset_delayCommand
 .text.add_delayCommand
                0x200111d8      0x1a4 ./src/sub-systemCode/COMM/DelayedCommand_list.o
                0x200111d8                add_delayCommand
 .text.get_delayCommand_list
                0x2001137c       0x80 ./src/sub-systemCode/COMM/DelayedCommand_list.o
                0x2001137c                get_delayCommand_list
 .text.EmptyOldestCommand
                0x200113fc       0xfc ./src/sub-systemCode/COMM/DelayedCommand_list.o
                0x200113fc                EmptyOldestCommand
 .text.decode_TCpacket
                0x200114f8      0x16c ./src/sub-systemCode/COMM/GSC.o
                0x200114f8                decode_TCpacket
 .text.encode_TCpacket
                0x20011664      0x114 ./src/sub-systemCode/COMM/GSC.o
                0x20011664                encode_TCpacket
 .text.encode_TMpacket
                0x20011778      0x104 ./src/sub-systemCode/COMM/GSC.o
                0x20011778                encode_TMpacket
 .text.build_raw_ACK
                0x2001187c       0xbc ./src/sub-systemCode/COMM/GSC.o
                0x2001187c                build_raw_ACK
 .text.build_data_field_ACK
                0x20011938       0x74 ./src/sub-systemCode/COMM/GSC.o
                0x20011938                build_data_field_ACK
 .text.init_trxvu
                0x200119ac      0x118 ./src/sub-systemCode/COMM/TRXVU.o
                0x200119ac                init_trxvu
 .text.TRXVU_task
                0x20011ac4      0x18c ./src/sub-systemCode/COMM/TRXVU.o
                0x20011ac4                TRXVU_task
 .text.dump_logic
                0x20011c50      0x2ec ./src/sub-systemCode/COMM/TRXVU.o
                0x20011c50                dump_logic
 .text.Dump_task
                0x20011f3c      0x16c ./src/sub-systemCode/COMM/TRXVU.o
                0x20011f3c                Dump_task
 .text.transponder_logic
                0x200120a8       0xbc ./src/sub-systemCode/COMM/TRXVU.o
                0x200120a8                transponder_logic
 .text.Transponder_task
                0x20012164      0x1e0 ./src/sub-systemCode/COMM/TRXVU.o
                0x20012164                Transponder_task
 .text.lookForRequestToDelete_transponder
                0x20012344       0xac ./src/sub-systemCode/COMM/TRXVU.o
                0x20012344                lookForRequestToDelete_transponder
 .text.lookForRequestToDelete_dump
                0x200123f0       0x7c ./src/sub-systemCode/COMM/TRXVU.o
                0x200123f0                lookForRequestToDelete_dump
 .text.sendRequestToStop_dump
                0x2001246c       0x8c ./src/sub-systemCode/COMM/TRXVU.o
                0x2001246c                sendRequestToStop_dump
 .text.sendRequestToStop_transponder
                0x200124f8       0x98 ./src/sub-systemCode/COMM/TRXVU.o
                0x200124f8                sendRequestToStop_transponder
 .text.Rx_logic
                0x20012590      0x188 ./src/sub-systemCode/COMM/TRXVU.o
                0x20012590                Rx_logic
 .text.pass_above_Ground
                0x20012718      0x104 ./src/sub-systemCode/COMM/TRXVU.o
                0x20012718                pass_above_Ground
 .text.trxvu_logic
                0x2001281c       0x1c ./src/sub-systemCode/COMM/TRXVU.o
                0x2001281c                trxvu_logic
 .text.Beacon_task
                0x20012838      0x1d8 ./src/sub-systemCode/COMM/TRXVU.o
                0x20012838                Beacon_task
 .text.buildAndSend_beacon
                0x20012a10      0x614 ./src/sub-systemCode/COMM/TRXVU.o
                0x20012a10                buildAndSend_beacon
 .text.reset_FRAM_TRXVU
                0x20013024       0xc0 ./src/sub-systemCode/COMM/TRXVU.o
                0x20013024                reset_FRAM_TRXVU
 .text.TRX_sendFrame
                0x200130e4      0x250 ./src/sub-systemCode/COMM/TRXVU.o
                0x200130e4                TRX_sendFrame
 .text.TRX_getFrameData
                0x20013334      0x128 ./src/sub-systemCode/COMM/TRXVU.o
                0x20013334                TRX_getFrameData
 .text.mute_Tx  0x2001345c       0x20 ./src/sub-systemCode/COMM/TRXVU.o
                0x2001345c                mute_Tx
 .text.unmute_Tx
                0x2001347c       0x54 ./src/sub-systemCode/COMM/TRXVU.o
                0x2001347c                unmute_Tx
 .text.check_time_off_mute
                0x200134d0       0x74 ./src/sub-systemCode/COMM/TRXVU.o
                0x200134d0                check_time_off_mute
 .text.set_mute_time
                0x20013544       0xb4 ./src/sub-systemCode/COMM/TRXVU.o
                0x20013544                set_mute_time
 .text.change_TRXVU_state
                0x200135f8       0x98 ./src/sub-systemCode/COMM/TRXVU.o
                0x200135f8                change_TRXVU_state
 .text.change_trans_RSSI
                0x20013690       0x60 ./src/sub-systemCode/COMM/TRXVU.o
                0x20013690                change_trans_RSSI
 .text.init_adcs
                0x200136f0      0x104 ./src/sub-systemCode/ADCS/ADCS.o
                0x200136f0                init_adcs
 .text.telemtryStart
                0x200137f4      0x16c ./src/sub-systemCode/ADCS/Stage_Table.o
                0x200137f4                telemtryStart
 .text.powerStart
                0x20013960       0x5c ./src/sub-systemCode/ADCS/Stage_Table.o
                0x20013960                powerStart
 .text.createTable
                0x200139bc       0xb4 ./src/sub-systemCode/ADCS/Stage_Table.o
                0x200139bc                createTable
 .text.buildControlMode
                0x20013a70       0x60 ./src/sub-systemCode/ADCS/Stage_Table.o
                0x20013a70                buildControlMode
 .text.Check_Table
                0x20013ad0      0x178 ./src/sub-systemCode/ADCS/Stage_Table.o
                0x20013ad0                Check_Table
 .text.updateTable
                0x20013c48      0x1f0 ./src/sub-systemCode/ADCS/Stage_Table.o
                0x20013c48                updateTable
 .text.translateCommandFULL
                0x20013e38       0x78 ./src/sub-systemCode/ADCS/Stage_Table.o
                0x20013e38                translateCommandFULL
 .text.getTableTo
                0x20013eb0       0x64 ./src/sub-systemCode/ADCS/Stage_Table.o
                0x20013eb0                getTableTo
 .text.save_time
                0x20013f14       0x9c ./src/main.o
                0x20013f14                save_time
 .text.Command_logic
                0x20013fb0       0x6c ./src/main.o
                0x20013fb0                Command_logic
 .text.taskMain
                0x2001401c       0x74 ./src/main.o
                0x2001401c                taskMain
 .text.main     0x20014090       0xb8 ./src/main.o
                0x20014090                main
 .text.GomEpsInitialize
                0x20014148      0x148 C:/Hoopoe3/satellite-subsystems/demo/..//satellite-subsystems/lib\libSatelliteSubsystemsD.a(GomEPS.o)
                0x20014148                GomEpsInitialize
 .text.makeEPStransfer
                0x20014290       0x3c C:/Hoopoe3/satellite-subsystems/demo/..//satellite-subsystems/lib\libSatelliteSubsystemsD.a(GomEPS.o)
 .text.GomEpsSoftReset
                0x200142cc       0xc4 C:/Hoopoe3/satellite-subsystems/demo/..//satellite-subsystems/lib\libSatelliteSubsystemsD.a(GomEPS.o)
                0x200142cc                GomEpsSoftReset
 .text.GomEpsHardReset
                0x20014390       0xa8 C:/Hoopoe3/satellite-subsystems/demo/..//satellite-subsystems/lib\libSatelliteSubsystemsD.a(GomEPS.o)
                0x20014390                GomEpsHardReset
 .text.GomEpsGetHkData_general
                0x20014438      0x45c C:/Hoopoe3/satellite-subsystems/demo/..//satellite-subsystems/lib\libSatelliteSubsystemsD.a(GomEPS.o)
                0x20014438                GomEpsGetHkData_general
 .text.GomEpsGetHkData_basic
                0x20014894      0x22c C:/Hoopoe3/satellite-subsystems/demo/..//satellite-subsystems/lib\libSatelliteSubsystemsD.a(GomEPS.o)
                0x20014894                GomEpsGetHkData_basic
 .text.GomEpsSetOutput
                0x20014ac0       0xbc C:/Hoopoe3/satellite-subsystems/demo/..//satellite-subsystems/lib\libSatelliteSubsystemsD.a(GomEPS.o)
                0x20014ac0                GomEpsSetOutput
 .text.GomEpsConfigSet
                0x20014b7c      0x184 C:/Hoopoe3/satellite-subsystems/demo/..//satellite-subsystems/lib\libSatelliteSubsystemsD.a(GomEPS.o)
                0x20014b7c                GomEpsConfigSet
 .text.makeAntStransfer
                0x20014d00       0x4c C:/Hoopoe3/satellite-subsystems/demo/..//satellite-subsystems/lib\libSatelliteSubsystemsD.a(IsisAntS.o)
 .text.checkInputsValid
                0x20014d4c       0x7c C:/Hoopoe3/satellite-subsystems/demo/..//satellite-subsystems/lib\libSatelliteSubsystemsD.a(IsisAntS.o)
 .text.IsisAntS_setArmStatus
                0x20014dc8      0x104 C:/Hoopoe3/satellite-subsystems/demo/..//satellite-subsystems/lib\libSatelliteSubsystemsD.a(IsisAntS.o)
                0x20014dc8                IsisAntS_setArmStatus
 .text.IsisAntS_reset
                0x20014ecc      0x104 C:/Hoopoe3/satellite-subsystems/demo/..//satellite-subsystems/lib\libSatelliteSubsystemsD.a(IsisAntS.o)
                0x20014ecc                IsisAntS_reset
 .text.IsisSolarPanelv2_initialize
                0x20014fd0       0xb4 C:/Hoopoe3/satellite-subsystems/demo/..//satellite-subsystems/lib\libSatelliteSubsystemsD.a(IsisSolarPanelv2.o)
                0x20014fd0                IsisSolarPanelv2_initialize
 .text.IsisSolarPanelv2_getTemperature
                0x20015084       0xc8 C:/Hoopoe3/satellite-subsystems/demo/..//satellite-subsystems/lib\libSatelliteSubsystemsD.a(IsisSolarPanelv2.o)
                0x20015084                IsisSolarPanelv2_getTemperature
 .text.IsisSolarPanelv2_sleep
                0x2001514c       0xbc C:/Hoopoe3/satellite-subsystems/demo/..//satellite-subsystems/lib\libSatelliteSubsystemsD.a(IsisSolarPanelv2.o)
                0x2001514c                IsisSolarPanelv2_sleep
 .text.IsisSolarPanelv2_wakeup
                0x20015208       0x80 C:/Hoopoe3/satellite-subsystems/demo/..//satellite-subsystems/lib\libSatelliteSubsystemsD.a(IsisSolarPanelv2.o)
                0x20015208                IsisSolarPanelv2_wakeup
 .text._Reset   0x20015288       0x20 C:/Hoopoe3/satellite-subsystems/demo/..//satellite-subsystems/lib\libSatelliteSubsystemsD.a(IsisSolarPanelv2.o)
 .text._WaitForStartup
                0x200152a8       0x90 C:/Hoopoe3/satellite-subsystems/demo/..//satellite-subsystems/lib\libSatelliteSubsystemsD.a(IsisSolarPanelv2.o)
 .text._AssignAllChannels
                0x20015338       0x90 C:/Hoopoe3/satellite-subsystems/demo/..//satellite-subsystems/lib\libSatelliteSubsystemsD.a(IsisSolarPanelv2.o)
 .text._AssignThisChannel
                0x200153c8       0xe8 C:/Hoopoe3/satellite-subsystems/demo/..//satellite-subsystems/lib\libSatelliteSubsystemsD.a(IsisSolarPanelv2.o)
 .text._InitiateConversion
                0x200154b0       0xac C:/Hoopoe3/satellite-subsystems/demo/..//satellite-subsystems/lib\libSatelliteSubsystemsD.a(IsisSolarPanelv2.o)
 .text._WaitForConversionComplete
                0x2001555c      0x100 C:/Hoopoe3/satellite-subsystems/demo/..//satellite-subsystems/lib\libSatelliteSubsystemsD.a(IsisSolarPanelv2.o)
 .text._ReadResult
                0x2001565c      0x158 C:/Hoopoe3/satellite-subsystems/demo/..//satellite-subsystems/lib\libSatelliteSubsystemsD.a(IsisSolarPanelv2.o)
 .text._ExtractByte
                0x200157b4       0x38 C:/Hoopoe3/satellite-subsystems/demo/..//satellite-subsystems/lib\libSatelliteSubsystemsD.a(IsisSolarPanelv2.o)
 .text._ExtendSign
                0x200157ec       0x6c C:/Hoopoe3/satellite-subsystems/demo/..//satellite-subsystems/lib\libSatelliteSubsystemsD.a(IsisSolarPanelv2.o)
 .text._PinsInit
                0x20015858       0x50 C:/Hoopoe3/satellite-subsystems/demo/..//satellite-subsystems/lib\libSatelliteSubsystemsD.a(IsisSolarPanelv2.o)
 .text._SpiWriteRead
                0x200158a8       0x70 C:/Hoopoe3/satellite-subsystems/demo/..//satellite-subsystems/lib\libSatelliteSubsystemsD.a(IsisSolarPanelv2.o)
 .text.IsisTrxvu_initialize
                0x20015918      0x2f4 C:/Hoopoe3/satellite-subsystems/demo/..//satellite-subsystems/lib\libSatelliteSubsystemsD.a(IsisTRXVU.o)
                0x20015918                IsisTrxvu_initialize
 .text.makeTRXVUtransfer
                0x20015c0c       0x44 C:/Hoopoe3/satellite-subsystems/demo/..//satellite-subsystems/lib\libSatelliteSubsystemsD.a(IsisTRXVU.o)
 .text.IsisTrxvu_componentSoftReset
                0x20015c50       0x6c C:/Hoopoe3/satellite-subsystems/demo/..//satellite-subsystems/lib\libSatelliteSubsystemsD.a(IsisTRXVU.o)
                0x20015c50                IsisTrxvu_componentSoftReset
 .text.IsisTrxvu_componentHardReset
                0x20015cbc       0xc8 C:/Hoopoe3/satellite-subsystems/demo/..//satellite-subsystems/lib\libSatelliteSubsystemsD.a(IsisTRXVU.o)
                0x20015cbc                IsisTrxvu_componentHardReset
 .text.IsisTrxvu_softReset
                0x20015d84       0x74 C:/Hoopoe3/satellite-subsystems/demo/..//satellite-subsystems/lib\libSatelliteSubsystemsD.a(IsisTRXVU.o)
                0x20015d84                IsisTrxvu_softReset
 .text.IsisTrxvu_hardReset
                0x20015df8       0x74 C:/Hoopoe3/satellite-subsystems/demo/..//satellite-subsystems/lib\libSatelliteSubsystemsD.a(IsisTRXVU.o)
                0x20015df8                IsisTrxvu_hardReset
 .text.IsisTrxvu_tcSendAX25DefClSign
                0x20015e6c       0xec C:/Hoopoe3/satellite-subsystems/demo/..//satellite-subsystems/lib\libSatelliteSubsystemsD.a(IsisTRXVU.o)
                0x20015e6c                IsisTrxvu_tcSendAX25DefClSign
 .text.IsisTrxvu_tcSetIdlestate
                0x20015f58       0xa4 C:/Hoopoe3/satellite-subsystems/demo/..//satellite-subsystems/lib\libSatelliteSubsystemsD.a(IsisTRXVU.o)
                0x20015f58                IsisTrxvu_tcSetIdlestate
 .text.IsisTrxvu_tcSetAx25Bitrate
                0x20015ffc       0xc4 C:/Hoopoe3/satellite-subsystems/demo/..//satellite-subsystems/lib\libSatelliteSubsystemsD.a(IsisTRXVU.o)
                0x20015ffc                IsisTrxvu_tcSetAx25Bitrate
 .text.IsisTrxvu_tcGetTelemetryAll_revC
                0x200160c0       0xd0 C:/Hoopoe3/satellite-subsystems/demo/..//satellite-subsystems/lib\libSatelliteSubsystemsD.a(IsisTRXVU.o)
                0x200160c0                IsisTrxvu_tcGetTelemetryAll_revC
 .text.IsisTrxvu_rcGetFrameCount
                0x20016190       0xa0 C:/Hoopoe3/satellite-subsystems/demo/..//satellite-subsystems/lib\libSatelliteSubsystemsD.a(IsisTRXVU.o)
                0x20016190                IsisTrxvu_rcGetFrameCount
 .text.IsisTrxvu_rcGetCommandFrame
                0x20016230      0x2d8 C:/Hoopoe3/satellite-subsystems/demo/..//satellite-subsystems/lib\libSatelliteSubsystemsD.a(IsisTRXVU.o)
                0x20016230                IsisTrxvu_rcGetCommandFrame
 .text.IsisTrxvu_rcGetTelemetryAll_revC
                0x20016508       0xec C:/Hoopoe3/satellite-subsystems/demo/..//satellite-subsystems/lib\libSatelliteSubsystemsD.a(IsisTRXVU.o)
                0x20016508                IsisTrxvu_rcGetTelemetryAll_revC
 .text.cspaceADCS_initialize
                0x200165f4      0x18c C:/Hoopoe3/satellite-subsystems/demo/..//satellite-subsystems/lib\libSatelliteSubsystemsD.a(cspaceADCS.o)
                0x200165f4                cspaceADCS_initialize
 .text.make_cspaceADCStransfer
                0x20016780      0x1b4 C:/Hoopoe3/satellite-subsystems/demo/..//satellite-subsystems/lib\libSatelliteSubsystemsD.a(cspaceADCS.o)
 .text.cspaceADCS_componentReset
                0x20016934       0xbc C:/Hoopoe3/satellite-subsystems/demo/..//satellite-subsystems/lib\libSatelliteSubsystemsD.a(cspaceADCS.o)
                0x20016934                cspaceADCS_componentReset
 .text.cspaceADCS_setRunMode
                0x200169f0       0xbc C:/Hoopoe3/satellite-subsystems/demo/..//satellite-subsystems/lib\libSatelliteSubsystemsD.a(cspaceADCS.o)
                0x200169f0                cspaceADCS_setRunMode
 .text.cspaceADCS_setPwrCtrlDevice
                0x20016aac       0xd0 C:/Hoopoe3/satellite-subsystems/demo/..//satellite-subsystems/lib\libSatelliteSubsystemsD.a(cspaceADCS.o)
                0x20016aac                cspaceADCS_setPwrCtrlDevice
 .text.cspaceADCS_setAttCtrlMode
                0x20016b7c       0xd0 C:/Hoopoe3/satellite-subsystems/demo/..//satellite-subsystems/lib\libSatelliteSubsystemsD.a(cspaceADCS.o)
                0x20016b7c                cspaceADCS_setAttCtrlMode
 .text.cspaceADCS_setAttEstMode
                0x20016c4c       0xbc C:/Hoopoe3/satellite-subsystems/demo/..//satellite-subsystems/lib\libSatelliteSubsystemsD.a(cspaceADCS.o)
                0x20016c4c                cspaceADCS_setAttEstMode
 .text.cspaceADCS_getCurrentState
                0x20016d08       0xc4 C:/Hoopoe3/satellite-subsystems/demo/..//satellite-subsystems/lib\libSatelliteSubsystemsD.a(cspaceADCS.o)
                0x20016d08                cspaceADCS_getCurrentState
 .text.cspaceADCS_getPwrCtrlDevice
                0x20016dcc       0xc4 C:/Hoopoe3/satellite-subsystems/demo/..//satellite-subsystems/lib\libSatelliteSubsystemsD.a(cspaceADCS.o)
                0x20016dcc                cspaceADCS_getPwrCtrlDevice
 .text.GECKO_GetReg
                0x20016e90      0x110 C:/Hoopoe3/satellite-subsystems/demo/..//satellite-subsystems/lib\libSatelliteSubsystemsD.a(gecko_driver.o)
                0x20016e90                GECKO_GetReg
 .text.GECKO_GetVoltageInput5V
                0x20016fa0       0xf4 C:/Hoopoe3/satellite-subsystems/demo/..//satellite-subsystems/lib\libSatelliteSubsystemsD.a(gecko_driver.o)
                0x20016fa0                GECKO_GetVoltageInput5V
 .text.GECKO_GetCurrentInput5V
                0x20017094      0x130 C:/Hoopoe3/satellite-subsystems/demo/..//satellite-subsystems/lib\libSatelliteSubsystemsD.a(gecko_driver.o)
                0x20017094                GECKO_GetCurrentInput5V
 .text.GECKO_GetVoltageFPGA1V
                0x200171c4       0xd4 C:/Hoopoe3/satellite-subsystems/demo/..//satellite-subsystems/lib\libSatelliteSubsystemsD.a(gecko_driver.o)
                0x200171c4                GECKO_GetVoltageFPGA1V
 .text.GECKO_GetCurrentFPGA1V
                0x20017298      0x130 C:/Hoopoe3/satellite-subsystems/demo/..//satellite-subsystems/lib\libSatelliteSubsystemsD.a(gecko_driver.o)
                0x20017298                GECKO_GetCurrentFPGA1V
 .text.GECKO_GetVoltageFPGA1V8
                0x200173c8       0xd4 C:/Hoopoe3/satellite-subsystems/demo/..//satellite-subsystems/lib\libSatelliteSubsystemsD.a(gecko_driver.o)
                0x200173c8                GECKO_GetVoltageFPGA1V8
 .text.GECKO_GetCurrentFPGA1V8
                0x2001749c      0x130 C:/Hoopoe3/satellite-subsystems/demo/..//satellite-subsystems/lib\libSatelliteSubsystemsD.a(gecko_driver.o)
                0x2001749c                GECKO_GetCurrentFPGA1V8
 .text.GECKO_GetVoltageFPGA2V5
                0x200175cc       0xe8 C:/Hoopoe3/satellite-subsystems/demo/..//satellite-subsystems/lib\libSatelliteSubsystemsD.a(gecko_driver.o)
                0x200175cc                GECKO_GetVoltageFPGA2V5
 .text.GECKO_GetCurrentFPGA2V5
                0x200176b4      0x130 C:/Hoopoe3/satellite-subsystems/demo/..//satellite-subsystems/lib\libSatelliteSubsystemsD.a(gecko_driver.o)
                0x200176b4                GECKO_GetCurrentFPGA2V5
 .text.GECKO_GetVoltageFPGA3V3
                0x200177e4       0xe8 C:/Hoopoe3/satellite-subsystems/demo/..//satellite-subsystems/lib\libSatelliteSubsystemsD.a(gecko_driver.o)
                0x200177e4                GECKO_GetVoltageFPGA3V3
 .text.GECKO_GetCurrentFPGA3V3
                0x200178cc      0x130 C:/Hoopoe3/satellite-subsystems/demo/..//satellite-subsystems/lib\libSatelliteSubsystemsD.a(gecko_driver.o)
                0x200178cc                GECKO_GetCurrentFPGA3V3
 .text.GECKO_GetVoltageFlash1V8
                0x200179fc       0xd4 C:/Hoopoe3/satellite-subsystems/demo/..//satellite-subsystems/lib\libSatelliteSubsystemsD.a(gecko_driver.o)
                0x200179fc                GECKO_GetVoltageFlash1V8
 .text.GECKO_GetCurrentFlash1V8
                0x20017ad0      0x130 C:/Hoopoe3/satellite-subsystems/demo/..//satellite-subsystems/lib\libSatelliteSubsystemsD.a(gecko_driver.o)
                0x20017ad0                GECKO_GetCurrentFlash1V8
 .text.GECKO_GetVoltageFlash3V3
                0x20017c00       0xe8 C:/Hoopoe3/satellite-subsystems/demo/..//satellite-subsystems/lib\libSatelliteSubsystemsD.a(gecko_driver.o)
                0x20017c00                GECKO_GetVoltageFlash3V3
 .text.GECKO_GetCurrentFlash3V3
                0x20017ce8      0x130 C:/Hoopoe3/satellite-subsystems/demo/..//satellite-subsystems/lib\libSatelliteSubsystemsD.a(gecko_driver.o)
                0x20017ce8                GECKO_GetCurrentFlash3V3
 .text.GECKO_GetVoltageSNSR1V8
                0x20017e18       0xe8 C:/Hoopoe3/satellite-subsystems/demo/..//satellite-subsystems/lib\libSatelliteSubsystemsD.a(gecko_driver.o)
                0x20017e18                GECKO_GetVoltageSNSR1V8
 .text.GECKO_GetCurrentSNSR1V8
                0x20017f00      0x130 C:/Hoopoe3/satellite-subsystems/demo/..//satellite-subsystems/lib\libSatelliteSubsystemsD.a(gecko_driver.o)
                0x20017f00                GECKO_GetCurrentSNSR1V8
 .text.GECKO_GetVoltageSNSRVDDPIX
                0x20018030       0xe8 C:/Hoopoe3/satellite-subsystems/demo/..//satellite-subsystems/lib\libSatelliteSubsystemsD.a(gecko_driver.o)
                0x20018030                GECKO_GetVoltageSNSRVDDPIX
 .text.GECKO_GetCurrentSNSRVDDPIX
                0x20018118      0x130 C:/Hoopoe3/satellite-subsystems/demo/..//satellite-subsystems/lib\libSatelliteSubsystemsD.a(gecko_driver.o)
                0x20018118                GECKO_GetCurrentSNSRVDDPIX
 .text.GECKO_GetVoltageSNSR3V3
                0x20018248       0xe8 C:/Hoopoe3/satellite-subsystems/demo/..//satellite-subsystems/lib\libSatelliteSubsystemsD.a(gecko_driver.o)
                0x20018248                GECKO_GetVoltageSNSR3V3
 .text.GECKO_GetCurrentSNSR3V3
                0x20018330      0x130 C:/Hoopoe3/satellite-subsystems/demo/..//satellite-subsystems/lib\libSatelliteSubsystemsD.a(gecko_driver.o)
                0x20018330                GECKO_GetCurrentSNSR3V3
 .text.GECKO_GetVoltageFlashVTT09
                0x20018460       0xd4 C:/Hoopoe3/satellite-subsystems/demo/..//satellite-subsystems/lib\libSatelliteSubsystemsD.a(gecko_driver.o)
                0x20018460                GECKO_GetVoltageFlashVTT09
 .text.GECKO_GetTempSMU3AB
                0x20018534      0x35c C:/Hoopoe3/satellite-subsystems/demo/..//satellite-subsystems/lib\libSatelliteSubsystemsD.a(gecko_driver.o)
                0x20018534                GECKO_GetTempSMU3AB
 .text.GECKO_GetTempSMU3BC
                0x20018890      0x360 C:/Hoopoe3/satellite-subsystems/demo/..//satellite-subsystems/lib\libSatelliteSubsystemsD.a(gecko_driver.o)
                0x20018890                GECKO_GetTempSMU3BC
 .text.GECKO_GetTempREGU6
                0x20018bf0      0x35c C:/Hoopoe3/satellite-subsystems/demo/..//satellite-subsystems/lib\libSatelliteSubsystemsD.a(gecko_driver.o)
                0x20018bf0                GECKO_GetTempREGU6
 .text.GECKO_GetTempREGU8
                0x20018f4c      0x360 C:/Hoopoe3/satellite-subsystems/demo/..//satellite-subsystems/lib\libSatelliteSubsystemsD.a(gecko_driver.o)
                0x20018f4c                GECKO_GetTempREGU8
 .text.GECKO_GetTempFlash
                0x200192ac      0x360 C:/Hoopoe3/satellite-subsystems/demo/..//satellite-subsystems/lib\libSatelliteSubsystemsD.a(gecko_driver.o)
                0x200192ac                GECKO_GetTempFlash
 .text._SpiWriteRead
                0x2001960c       0x70 C:/Hoopoe3/satellite-subsystems/demo/..//satellite-subsystems/lib\libSatelliteSubsystemsD.a(gecko_driver.o)
 .text.makeTRXCommonTransfer
                0x2001967c       0x34 C:/Hoopoe3/satellite-subsystems/demo/..//satellite-subsystems/lib\libSatelliteSubsystemsD.a(IsisTRXCommon.o)
 .text.IsisTrxCommon_componentReset
                0x200196b0       0x68 C:/Hoopoe3/satellite-subsystems/demo/..//satellite-subsystems/lib\libSatelliteSubsystemsD.a(IsisTRXCommon.o)
                0x200196b0                IsisTrxCommon_componentReset
 .text.IsisTrxCommon_TxSendAX25DefClSign
                0x20019718       0xf4 C:/Hoopoe3/satellite-subsystems/demo/..//satellite-subsystems/lib\libSatelliteSubsystemsD.a(IsisTRXCommon.o)
                0x20019718                IsisTrxCommon_TxSendAX25DefClSign
 .text.IsisTrxCommon_TxSetIdlestate
                0x2001980c       0x78 C:/Hoopoe3/satellite-subsystems/demo/..//satellite-subsystems/lib\libSatelliteSubsystemsD.a(IsisTRXCommon.o)
                0x2001980c                IsisTrxCommon_TxSetIdlestate
 .text.IsisTrxCommon_TxSetAx25Bitrate
                0x20019884       0x78 C:/Hoopoe3/satellite-subsystems/demo/..//satellite-subsystems/lib\libSatelliteSubsystemsD.a(IsisTRXCommon.o)
                0x20019884                IsisTrxCommon_TxSetAx25Bitrate
 .text.IsisTrxCommon_RxGetFrameCount
                0x200198fc       0x8c C:/Hoopoe3/satellite-subsystems/demo/..//satellite-subsystems/lib\libSatelliteSubsystemsD.a(IsisTRXCommon.o)
                0x200198fc                IsisTrxCommon_RxGetFrameCount
 .text.IsisTrxCommon_RxGetTelemetryAll_revC
                0x20019988       0x8c C:/Hoopoe3/satellite-subsystems/demo/..//satellite-subsystems/lib\libSatelliteSubsystemsD.a(IsisTRXCommon.o)
                0x20019988                IsisTrxCommon_RxGetTelemetryAll_revC
 .text.log      0x20019a14      0x17c c:/isis/application/toolchain/bin/../lib/gcc/arm-none-eabi/4.7.4/../../../../arm-none-eabi/lib\libm.a(lib_a-w_log.o)
                0x20019a14                log
 .text.__ieee754_log
                0x20019b90      0x5c0 c:/isis/application/toolchain/bin/../lib/gcc/arm-none-eabi/4.7.4/../../../../arm-none-eabi/lib\libm.a(lib_a-e_log.o)
                0x20019b90                __ieee754_log
 .text.matherr  0x2001a150        0x8 c:/isis/application/toolchain/bin/../lib/gcc/arm-none-eabi/4.7.4/../../../../arm-none-eabi/lib\libm.a(lib_a-s_matherr.o)
                0x2001a150                matherr
 .text.nan      0x2001a158       0x10 c:/isis/application/toolchain/bin/../lib/gcc/arm-none-eabi/4.7.4/../../../../arm-none-eabi/lib\libm.a(lib_a-s_nan.o)
                0x2001a158                nan
 .text.fn_init  0x2001a168      0x2e0 C:/Hoopoe3/satellite-subsystems/demo/../..//hal/hcc/lib\libHCCD.a(fat_common.o)
                0x2001a168                fn_init
 .text._f_get16bitl
                0x2001a448       0x4c C:/Hoopoe3/satellite-subsystems/demo/../..//hal/hcc/lib\libHCCD.a(fat_common.o)
                0x2001a448                _f_get16bitl
 .text._f_set16bitl
                0x2001a494       0x54 C:/Hoopoe3/satellite-subsystems/demo/../..//hal/hcc/lib\libHCCD.a(fat_common.o)
                0x2001a494                _f_set16bitl
 .text._f_get32bitl
                0x2001a4e8       0x68 C:/Hoopoe3/satellite-subsystems/demo/../..//hal/hcc/lib\libHCCD.a(fat_common.o)
                0x2001a4e8                _f_get32bitl
 .text._f_set32bitl
                0x2001a550       0x78 C:/Hoopoe3/satellite-subsystems/demo/../..//hal/hcc/lib\libHCCD.a(fat_common.o)
                0x2001a550                _f_set32bitl
 .text._get8bit
                0x2001a5c8       0xa0 C:/Hoopoe3/satellite-subsystems/demo/../..//hal/hcc/lib\libHCCD.a(fat_common.o)
 .text._get16bitl
                0x2001a668       0x40 C:/Hoopoe3/satellite-subsystems/demo/../..//hal/hcc/lib\libHCCD.a(fat_common.o)
 .text._get32bitl
                0x2001a6a8       0x3c C:/Hoopoe3/satellite-subsystems/demo/../..//hal/hcc/lib\libHCCD.a(fat_common.o)
 .text._f_setcardremoved
                0x2001a6e4       0x94 C:/Hoopoe3/satellite-subsystems/demo/../..//hal/hcc/lib\libHCCD.a(fat_common.o)
 .text._f_checkstatus
                0x2001a778      0x104 C:/Hoopoe3/satellite-subsystems/demo/../..//hal/hcc/lib\libHCCD.a(fat_common.o)
                0x2001a778                _f_checkstatus
 .text._f_drvgetphy
                0x2001a87c      0x114 C:/Hoopoe3/satellite-subsystems/demo/../..//hal/hcc/lib\libHCCD.a(fat_common.o)
 .text._f_drvwritesector
                0x2001a990       0xdc C:/Hoopoe3/satellite-subsystems/demo/../..//hal/hcc/lib\libHCCD.a(fat_common.o)
 .text._f_drvreadsector
                0x2001aa6c       0xa8 C:/Hoopoe3/satellite-subsystems/demo/../..//hal/hcc/lib\libHCCD.a(fat_common.o)
 .text._f_writesector
                0x2001ab14      0x23c C:/Hoopoe3/satellite-subsystems/demo/../..//hal/hcc/lib\libHCCD.a(fat_common.o)
                0x2001ab14                _f_writesector
 .text._f_readsector
                0x2001ad50      0x1dc C:/Hoopoe3/satellite-subsystems/demo/../..//hal/hcc/lib\libHCCD.a(fat_common.o)
                0x2001ad50                _f_readsector
 .text._f_getmaxcluster
                0x2001af2c       0x94 C:/Hoopoe3/satellite-subsystems/demo/../..//hal/hcc/lib\libHCCD.a(fat_common.o)
                0x2001af2c                _f_getmaxcluster
 .text._getsectorfromcluster
                0x2001afc0       0x68 C:/Hoopoe3/satellite-subsystems/demo/../..//hal/hcc/lib\libHCCD.a(fat_common.o)
 .text._f_buildsectors
                0x2001b028      0x268 C:/Hoopoe3/satellite-subsystems/demo/../..//hal/hcc/lib\libHCCD.a(fat_common.o)
 .text._f_getbootrecord
                0x2001b290      0x5e4 C:/Hoopoe3/satellite-subsystems/demo/../..//hal/hcc/lib\libHCCD.a(fat_common.o)
 .text._f_readbootrecord
                0x2001b874      0x4f8 C:/Hoopoe3/satellite-subsystems/demo/../..//hal/hcc/lib\libHCCD.a(fat_common.o)
 .text._f_flushcffiles
                0x2001bd6c      0x17c C:/Hoopoe3/satellite-subsystems/demo/../..//hal/hcc/lib\libHCCD.a(fat_common.o)
                0x2001bd6c                _f_flushcffiles
 .text._f_fatcache_flush
                0x2001bee8      0x270 C:/Hoopoe3/satellite-subsystems/demo/../..//hal/hcc/lib\libHCCD.a(fat_common.o)
                0x2001bee8                _f_fatcache_flush
 .text._f_writefatsector
                0x2001c158      0x100 C:/Hoopoe3/satellite-subsystems/demo/../..//hal/hcc/lib\libHCCD.a(fat_common.o)
                0x2001c158                _f_writefatsector
 .text._f_getfatsector
                0x2001c258      0x3bc C:/Hoopoe3/satellite-subsystems/demo/../..//hal/hcc/lib\libHCCD.a(fat_common.o)
 .text._f_setclustervalue
                0x2001c614      0x490 C:/Hoopoe3/satellite-subsystems/demo/../..//hal/hcc/lib\libHCCD.a(fat_common.o)
                0x2001c614                _f_setclustervalue
 .text._f_getclustervalue
                0x2001caa4      0x388 C:/Hoopoe3/satellite-subsystems/demo/../..//hal/hcc/lib\libHCCD.a(fat_common.o)
                0x2001caa4                _f_getclustervalue
 .text._f_close_drive_files
                0x2001ce2c       0xac C:/Hoopoe3/satellite-subsystems/demo/../..//hal/hcc/lib\libHCCD.a(fat_common.o)
 .text._f_inc_mount_count
                0x2001ced8       0xa4 C:/Hoopoe3/satellite-subsystems/demo/../..//hal/hcc/lib\libHCCD.a(fat_common.o)
 .text._f_getvolume
                0x2001cf7c      0x2f8 C:/Hoopoe3/satellite-subsystems/demo/../..//hal/hcc/lib\libHCCD.a(fat_common.o)
                0x2001cf7c                _f_getvolume
 .text.fn_createdriver
                0x2001d274      0x118 C:/Hoopoe3/satellite-subsystems/demo/../..//hal/hcc/lib\libHCCD.a(fat_common.o)
                0x2001d274                fn_createdriver
 .text.fn_initvolume
                0x2001d38c      0x12c C:/Hoopoe3/satellite-subsystems/demo/../..//hal/hcc/lib\libHCCD.a(fat_common.o)
                0x2001d38c                fn_initvolume
 .text.fn_initvolumepartition_sub
                0x2001d4b8       0xe0 C:/Hoopoe3/satellite-subsystems/demo/../..//hal/hcc/lib\libHCCD.a(fat_common.o)
 .text.fn_initvolumepartition
                0x2001d598       0xac C:/Hoopoe3/satellite-subsystems/demo/../..//hal/hcc/lib\libHCCD.a(fat_common.o)
                0x2001d598                fn_initvolumepartition
 .text._f_clustertopos
                0x2001d644       0xf8 C:/Hoopoe3/satellite-subsystems/demo/../..//hal/hcc/lib\libHCCD.a(fat_common.o)
                0x2001d644                _f_clustertopos
 .text._f_getcurrsector
                0x2001d73c      0x6c8 C:/Hoopoe3/satellite-subsystems/demo/../..//hal/hcc/lib\libHCCD.a(fat_common.o)
                0x2001d73c                _f_getcurrsector
 .text._f_getdecluster
                0x2001de04       0x90 C:/Hoopoe3/satellite-subsystems/demo/../..//hal/hcc/lib\libHCCD.a(fat_common.o)
                0x2001de04                _f_getdecluster
 .text._f_setdecluster
                0x2001de94       0x8c C:/Hoopoe3/satellite-subsystems/demo/../..//hal/hcc/lib\libHCCD.a(fat_common.o)
                0x2001de94                _f_setdecluster
 .text.fn_getdrive
                0x2001df20       0x30 C:/Hoopoe3/satellite-subsystems/demo/../..//hal/hcc/lib\libHCCD.a(fat_common.o)
                0x2001df20                fn_getdrive
 .text._f_getcurrenttimedate
                0x2001df50      0x138 C:/Hoopoe3/satellite-subsystems/demo/../..//hal/hcc/lib\libHCCD.a(fat_common.o)
                0x2001df50                _f_getcurrenttimedate
 .text._f_initentry
                0x2001e088       0xa0 C:/Hoopoe3/satellite-subsystems/demo/../..//hal/hcc/lib\libHCCD.a(fat_common.o)
                0x2001e088                _f_initentry
 .text._f_alloccluster
                0x2001e128      0x344 C:/Hoopoe3/satellite-subsystems/demo/../..//hal/hcc/lib\libHCCD.a(fat_common.o)
                0x2001e128                _f_alloccluster
 .text._f_dobadblock
                0x2001e46c      0x2cc C:/Hoopoe3/satellite-subsystems/demo/../..//hal/hcc/lib\libHCCD.a(fat_common.o)
                0x2001e46c                _f_dobadblock
 .text._f_checklocked
                0x2001e738       0xe4 C:/Hoopoe3/satellite-subsystems/demo/../..//hal/hcc/lib\libHCCD.a(fat_common.o)
                0x2001e738                _f_checklocked
 .text._f_checkappendlocked
                0x2001e81c      0x110 C:/Hoopoe3/satellite-subsystems/demo/../..//hal/hcc/lib\libHCCD.a(fat_common.o)
                0x2001e81c                _f_checkappendlocked
 .text._f_setsyncafile
                0x2001e92c      0x114 C:/Hoopoe3/satellite-subsystems/demo/../..//hal/hcc/lib\libHCCD.a(fat_common.o)
                0x2001e92c                _f_setsyncafile
 .text._f_syncfiles
                0x2001ea40      0x128 C:/Hoopoe3/satellite-subsystems/demo/../..//hal/hcc/lib\libHCCD.a(fat_common.o)
                0x2001ea40                _f_syncfiles
 .text._f_syncfilescontent
                0x2001eb68      0x15c C:/Hoopoe3/satellite-subsystems/demo/../..//hal/hcc/lib\libHCCD.a(fat_common.o)
 .text.fn_getfreespace
                0x2001ecc4      0x4c0 C:/Hoopoe3/satellite-subsystems/demo/../..//hal/hcc/lib\libHCCD.a(fat_common.o)
                0x2001ecc4                fn_getfreespace
 .text._f_emptywritecache
                0x2001f184      0x4a4 C:/Hoopoe3/satellite-subsystems/demo/../..//hal/hcc/lib\libHCCD.a(fat_common.o)
 .text._f_allocnextcluster
                0x2001f628      0x54c C:/Hoopoe3/satellite-subsystems/demo/../..//hal/hcc/lib\libHCCD.a(fat_common.o)
 .text._f_emptywritebuffer
                0x2001fb74      0x20c C:/Hoopoe3/satellite-subsystems/demo/../..//hal/hcc/lib\libHCCD.a(fat_common.o)
 .text._f_writezeros
                0x2001fd80       0xf0 C:/Hoopoe3/satellite-subsystems/demo/../..//hal/hcc/lib\libHCCD.a(fat_common.o)
                0x2001fd80                _f_writezeros
 .text._f_extend_file
                0x2001fe70      0x570 C:/Hoopoe3/satellite-subsystems/demo/../..//hal/hcc/lib\libHCCD.a(fat_common.o)
 .text._f_fseek
                0x200203e0      0x9bc C:/Hoopoe3/satellite-subsystems/demo/../..//hal/hcc/lib\libHCCD.a(fat_common.o)
                0x200203e0                _f_fseek
 .text._f_removechain
                0x20020d9c      0x104 C:/Hoopoe3/satellite-subsystems/demo/../..//hal/hcc/lib\libHCCD.a(fat_common.o)
                0x20020d9c                _f_removechain
 .text._f_updatefileentry
                0x20020ea0      0x1cc C:/Hoopoe3/satellite-subsystems/demo/../..//hal/hcc/lib\libHCCD.a(fat_common.o)
 .text._f_checkreadlocked
                0x2002106c      0x1bc C:/Hoopoe3/satellite-subsystems/demo/../..//hal/hcc/lib\libHCCD.a(fat_common.o)
                0x2002106c                _f_checkreadlocked
 .text._f_check_handle
                0x20021228       0x98 C:/Hoopoe3/satellite-subsystems/demo/../..//hal/hcc/lib\libHCCD.a(fat_common.o)
                0x20021228                _f_check_handle
 .text._f_removesyncafile
                0x200212c0      0x1ec C:/Hoopoe3/satellite-subsystems/demo/../..//hal/hcc/lib\libHCCD.a(fat_common.o)
 .text.fn_close
                0x200214ac      0x3f8 C:/Hoopoe3/satellite-subsystems/demo/../..//hal/hcc/lib\libHCCD.a(fat_common.o)
                0x200214ac                fn_close
 .text.fn_flush
                0x200218a4      0x374 C:/Hoopoe3/satellite-subsystems/demo/../..//hal/hcc/lib\libHCCD.a(fat_common.o)
                0x200218a4                fn_flush
 .text.fn_read  0x20021c18      0x690 C:/Hoopoe3/satellite-subsystems/demo/../..//hal/hcc/lib\libHCCD.a(fat_common.o)
                0x20021c18                fn_read
 .text._f_abortwrite
                0x200222a8      0x100 C:/Hoopoe3/satellite-subsystems/demo/../..//hal/hcc/lib\libHCCD.a(fat_common.o)
 .text._f_checkwritecluster
                0x200223a8       0xe4 C:/Hoopoe3/satellite-subsystems/demo/../..//hal/hcc/lib\libHCCD.a(fat_common.o)
 .text.fn_write
                0x2002248c      0x8a8 C:/Hoopoe3/satellite-subsystems/demo/../..//hal/hcc/lib\libHCCD.a(fat_common.o)
                0x2002248c                fn_write
 .text.fn_seek  0x20022d34      0x270 C:/Hoopoe3/satellite-subsystems/demo/../..//hal/hcc/lib\libHCCD.a(fat_common.o)
                0x20022d34                fn_seek
 .text.f_enterFS
                0x20022fa4      0x1c0 C:/Hoopoe3/satellite-subsystems/demo/../..//hal/hcc/lib\libHCCD.a(fat_common.o)
                0x20022fa4                f_enterFS
 .text.f_releaseFS
                0x20023164       0xb0 C:/Hoopoe3/satellite-subsystems/demo/../..//hal/hcc/lib\libHCCD.a(fat_common.o)
                0x20023164                f_releaseFS
 .text.fnGetTask
                0x20023214       0xfc C:/Hoopoe3/satellite-subsystems/demo/../..//hal/hcc/lib\libHCCD.a(fat_common.o)
                0x20023214                fnGetTask
 .text._f_mutex_get
                0x20023310       0x98 C:/Hoopoe3/satellite-subsystems/demo/../..//hal/hcc/lib\libHCCD.a(fat_common.o)
                0x20023310                _f_mutex_get
 .text._f_mutex_put
                0x200233a8       0x54 C:/Hoopoe3/satellite-subsystems/demo/../..//hal/hcc/lib\libHCCD.a(fat_common.o)
                0x200233a8                _f_mutex_put
 .text._fn_initseekdivisor
                0x200233fc      0x158 C:/Hoopoe3/satellite-subsystems/demo/../..//hal/hcc/lib\libHCCD.a(fat_common.o)
                0x200233fc                _fn_initseekdivisor
 .text._fn_updateseekpos
                0x20023554       0xc4 C:/Hoopoe3/satellite-subsystems/demo/../..//hal/hcc/lib\libHCCD.a(fat_common.o)
 .text._f_findopensize
                0x20023618       0x2c C:/Hoopoe3/satellite-subsystems/demo/../..//hal/hcc/lib\libHCCD.a(fat_common.o)
                0x20023618                _f_findopensize
 .text.fn_setlasterror
                0x20023644       0x34 C:/Hoopoe3/satellite-subsystems/demo/../..//hal/hcc/lib\libHCCD.a(fat_common.o)
                0x20023644                fn_setlasterror
 .text.fn_setlasterror_noret
                0x20023678       0x2c C:/Hoopoe3/satellite-subsystems/demo/../..//hal/hcc/lib\libHCCD.a(fat_common.o)
                0x20023678                fn_setlasterror_noret
 .text.fm_initvolume
                0x200236a4       0x70 C:/Hoopoe3/satellite-subsystems/demo/../..//hal/hcc/lib\libHCCD.a(fat_m.o)
                0x200236a4                fm_initvolume
 .text.fm_getdrive
                0x20023714       0x70 C:/Hoopoe3/satellite-subsystems/demo/../..//hal/hcc/lib\libHCCD.a(fat_m.o)
                0x20023714                fm_getdrive
 .text.fm_getfreespace
                0x20023784       0x68 C:/Hoopoe3/satellite-subsystems/demo/../..//hal/hcc/lib\libHCCD.a(fat_m.o)
                0x20023784                fm_getfreespace
 .text.fm_findfirst
                0x200237ec       0x68 C:/Hoopoe3/satellite-subsystems/demo/../..//hal/hcc/lib\libHCCD.a(fat_m.o)
                0x200237ec                fm_findfirst
 .text.fm_findnext
                0x20023854       0x60 C:/Hoopoe3/satellite-subsystems/demo/../..//hal/hcc/lib\libHCCD.a(fat_m.o)
                0x20023854                fm_findnext
 .text.fm_filelength
                0x200238b4       0x60 C:/Hoopoe3/satellite-subsystems/demo/../..//hal/hcc/lib\libHCCD.a(fat_m.o)
                0x200238b4                fm_filelength
 .text.fm_close
                0x20023914       0x60 C:/Hoopoe3/satellite-subsystems/demo/../..//hal/hcc/lib\libHCCD.a(fat_m.o)
                0x20023914                fm_close
 .text.fm_flush
                0x20023974       0x60 C:/Hoopoe3/satellite-subsystems/demo/../..//hal/hcc/lib\libHCCD.a(fat_m.o)
                0x20023974                fm_flush
 .text.fm_open  0x200239d4       0x68 C:/Hoopoe3/satellite-subsystems/demo/../..//hal/hcc/lib\libHCCD.a(fat_m.o)
                0x200239d4                fm_open
 .text.fm_read  0x20023a3c       0x7c C:/Hoopoe3/satellite-subsystems/demo/../..//hal/hcc/lib\libHCCD.a(fat_m.o)
                0x20023a3c                fm_read
 .text.fm_write
                0x20023ab8       0x7c C:/Hoopoe3/satellite-subsystems/demo/../..//hal/hcc/lib\libHCCD.a(fat_m.o)
                0x20023ab8                fm_write
 .text.fm_seek  0x20023b34       0x70 C:/Hoopoe3/satellite-subsystems/demo/../..//hal/hcc/lib\libHCCD.a(fat_m.o)
                0x20023b34                fm_seek
 .text.fm_delete
                0x20023ba4       0x64 C:/Hoopoe3/satellite-subsystems/demo/../..//hal/hcc/lib\libHCCD.a(fat_m.o)
                0x20023ba4                fm_delete
 .text._s_checkzeroclusteratend
                0x20023c08       0xf8 C:/Hoopoe3/satellite-subsystems/demo/../..//hal/hcc/lib\libHCCD.a(safefat.o)
 .text._s_clearclustercontent
                0x20023d00      0x108 C:/Hoopoe3/satellite-subsystems/demo/../..//hal/hcc/lib\libHCCD.a(safefat.o)
 .text._s_clearclustercontentdir
                0x20023e08      0x19c C:/Hoopoe3/satellite-subsystems/demo/../..//hal/hcc/lib\libHCCD.a(safefat.o)
 .text._s_writedirsector
                0x20023fa4       0xd0 C:/Hoopoe3/satellite-subsystems/demo/../..//hal/hcc/lib\libHCCD.a(safefat.o)
 .text._s_getdirsector
                0x20024074      0x100 C:/Hoopoe3/satellite-subsystems/demo/../..//hal/hcc/lib\libHCCD.a(safefat.o)
 .text._s_addentry
                0x20024174      0x394 C:/Hoopoe3/satellite-subsystems/demo/../..//hal/hcc/lib\libHCCD.a(safefat.o)
 .text._s_findfile
                0x20024508      0x33c C:/Hoopoe3/satellite-subsystems/demo/../..//hal/hcc/lib\libHCCD.a(safefat.o)
 .text._s_findsubdir
                0x20024844      0x248 C:/Hoopoe3/satellite-subsystems/demo/../..//hal/hcc/lib\libHCCD.a(safefat.o)
 .text._s_createfile
                0x20024a8c      0x190 C:/Hoopoe3/satellite-subsystems/demo/../..//hal/hcc/lib\libHCCD.a(safefat.o)
 .text._s_findsaffile
                0x20024c1c      0x1b8 C:/Hoopoe3/satellite-subsystems/demo/../..//hal/hcc/lib\libHCCD.a(safefat.o)
 .text._s_open  0x20024dd4       0xe4 C:/Hoopoe3/satellite-subsystems/demo/../..//hal/hcc/lib\libHCCD.a(safefat.o)
 .text._s_open_saf
                0x20024eb8       0xe8 C:/Hoopoe3/satellite-subsystems/demo/../..//hal/hcc/lib\libHCCD.a(safefat.o)
 .text._s_flush
                0x20024fa0       0x84 C:/Hoopoe3/satellite-subsystems/demo/../..//hal/hcc/lib\libHCCD.a(safefat.o)
 .text._s_allocnextcluster
                0x20025024      0x13c C:/Hoopoe3/satellite-subsystems/demo/../..//hal/hcc/lib\libHCCD.a(safefat.o)
 .text._s_getnextsector
                0x20025160       0xdc C:/Hoopoe3/satellite-subsystems/demo/../..//hal/hcc/lib\libHCCD.a(safefat.o)
 .text._s_seek  0x2002523c      0x1e8 C:/Hoopoe3/satellite-subsystems/demo/../..//hal/hcc/lib\libHCCD.a(safefat.o)
 .text._s_read  0x20025424      0x228 C:/Hoopoe3/satellite-subsystems/demo/../..//hal/hcc/lib\libHCCD.a(safefat.o)
 .text._s_write
                0x2002564c      0x384 C:/Hoopoe3/satellite-subsystems/demo/../..//hal/hcc/lib\libHCCD.a(safefat.o)
 .text._s_restoreclusters
                0x200259d0      0x270 C:/Hoopoe3/satellite-subsystems/demo/../..//hal/hcc/lib\libHCCD.a(safefat.o)
                0x200259d0                _s_restoreclusters
 .text._s_findrestore
                0x20025c40      0x18c C:/Hoopoe3/satellite-subsystems/demo/../..//hal/hcc/lib\libHCCD.a(safefat.o)
 .text._s_cmd_writede
                0x20025dcc       0xd8 C:/Hoopoe3/satellite-subsystems/demo/../..//hal/hcc/lib\libHCCD.a(safefat.o)
 .text._s_cmd_setcluster
                0x20025ea4       0x88 C:/Hoopoe3/satellite-subsystems/demo/../..//hal/hcc/lib\libHCCD.a(safefat.o)
 .text._s_cmd_deletechain
                0x20025f2c      0x100 C:/Hoopoe3/satellite-subsystems/demo/../..//hal/hcc/lib\libHCCD.a(safefat.o)
 .text._s_cmd_validatecfn
                0x2002602c      0x308 C:/Hoopoe3/satellite-subsystems/demo/../..//hal/hcc/lib\libHCCD.a(safefat.o)
 .text._s_cmd_seteof
                0x20026334      0x3c4 C:/Hoopoe3/satellite-subsystems/demo/../..//hal/hcc/lib\libHCCD.a(safefat.o)
 .text.safe_docommands
                0x200266f8      0x56c C:/Hoopoe3/satellite-subsystems/demo/../..//hal/hcc/lib\libHCCD.a(safefat.o)
                0x200266f8                safe_docommands
 .text.safe_entercommand
                0x20026c64       0x68 C:/Hoopoe3/satellite-subsystems/demo/../..//hal/hcc/lib\libHCCD.a(safefat.o)
                0x20026c64                safe_entercommand
 .text.safe_ready
                0x20026ccc       0xf4 C:/Hoopoe3/satellite-subsystems/demo/../..//hal/hcc/lib\libHCCD.a(safefat.o)
                0x20026ccc                safe_ready
 .text.safe_copycfn
                0x20026dc0       0xb8 C:/Hoopoe3/satellite-subsystems/demo/../..//hal/hcc/lib\libHCCD.a(safefat.o)
                0x20026dc0                safe_copycfn
 .text.safe_cfremove
                0x20026e78       0xb8 C:/Hoopoe3/satellite-subsystems/demo/../..//hal/hcc/lib\libHCCD.a(safefat.o)
                0x20026e78                safe_cfremove
 .text.safe_writede
                0x20026f30      0x104 C:/Hoopoe3/satellite-subsystems/demo/../..//hal/hcc/lib\libHCCD.a(safefat.o)
                0x20026f30                safe_writede
 .text.safe_setcluster
                0x20027034       0xcc C:/Hoopoe3/satellite-subsystems/demo/../..//hal/hcc/lib\libHCCD.a(safefat.o)
                0x20027034                safe_setcluster
 .text.safe_deletechain
                0x20027100      0x1c8 C:/Hoopoe3/satellite-subsystems/demo/../..//hal/hcc/lib\libHCCD.a(safefat.o)
                0x20027100                safe_deletechain
 .text.safe_cfclose
                0x200272c8      0x104 C:/Hoopoe3/satellite-subsystems/demo/../..//hal/hcc/lib\libHCCD.a(safefat.o)
                0x200272c8                safe_cfclose
 .text.safe_cfflush
                0x200273cc      0x124 C:/Hoopoe3/satellite-subsystems/demo/../..//hal/hcc/lib\libHCCD.a(safefat.o)
                0x200273cc                safe_cfflush
 .text.safe_reset
                0x200274f0       0x78 C:/Hoopoe3/satellite-subsystems/demo/../..//hal/hcc/lib\libHCCD.a(safefat.o)
                0x200274f0                safe_reset
 .text.safe_loadcommands
                0x20027568       0x78 C:/Hoopoe3/satellite-subsystems/demo/../..//hal/hcc/lib\libHCCD.a(safefat.o)
                0x20027568                safe_loadcommands
 .text.safe_poweron
                0x200275e0      0x1fc C:/Hoopoe3/satellite-subsystems/demo/../..//hal/hcc/lib\libHCCD.a(safefat.o)
                0x200275e0                safe_poweron
 .text.cf_getname
                0x200277dc       0xc0 C:/Hoopoe3/satellite-subsystems/demo/../..//hal/hcc/lib\libHCCD.a(safefat.o)
 .text.cf_copyclusterchain
                0x2002789c      0x138 C:/Hoopoe3/satellite-subsystems/demo/../..//hal/hcc/lib\libHCCD.a(safefat.o)
 .text.cf_seektozero
                0x200279d4       0x94 C:/Hoopoe3/satellite-subsystems/demo/../..//hal/hcc/lib\libHCCD.a(safefat.o)
                0x200279d4                cf_seektozero
 .text.cf_create
                0x20027a68      0x3a8 C:/Hoopoe3/satellite-subsystems/demo/../..//hal/hcc/lib\libHCCD.a(safefat.o)
                0x20027a68                cf_create
 .text.cf_copyclustercontent
                0x20027e10      0x128 C:/Hoopoe3/satellite-subsystems/demo/../..//hal/hcc/lib\libHCCD.a(safefat.o)
                0x20027e10                cf_copyclustercontent
 .text.cf_copycfn
                0x20027f38      0x4bc C:/Hoopoe3/satellite-subsystems/demo/../..//hal/hcc/lib\libHCCD.a(safefat.o)
                0x20027f38                cf_copycfn
 .text.cf_remove
                0x200283f4      0x344 C:/Hoopoe3/satellite-subsystems/demo/../..//hal/hcc/lib\libHCCD.a(safefat.o)
                0x200283f4                cf_remove
 .text.cf_setclusternew
                0x20028738       0xf0 C:/Hoopoe3/satellite-subsystems/demo/../..//hal/hcc/lib\libHCCD.a(safefat.o)
                0x20028738                cf_setclusternew
 .text.cf_flush
                0x20028828       0x58 C:/Hoopoe3/satellite-subsystems/demo/../..//hal/hcc/lib\libHCCD.a(safefat.o)
                0x20028828                cf_flush
 .text.cf_getcluster
                0x20028880      0x1b4 C:/Hoopoe3/satellite-subsystems/demo/../..//hal/hcc/lib\libHCCD.a(safefat.o)
                0x20028880                cf_getcluster
 .text.cf_setnextcluster
                0x20028a34      0x194 C:/Hoopoe3/satellite-subsystems/demo/../..//hal/hcc/lib\libHCCD.a(safefat.o)
                0x20028a34                cf_setnextcluster
 .text.cf_getpositions