Archive member included because of file (symbol)

c:/isis/application/toolchain/bin/../lib/gcc/arm-none-eabi/4.7.4/../../../../arm-none-eabi/lib\libc_s.a(lib_a-vfprintf_float.o)
                              (_printf_float)
c:/isis/application/toolchain/bin/../lib/gcc/arm-none-eabi/4.7.4/../../../../arm-none-eabi/lib\libc_s.a(lib_a-vfprintf_i.o)
                              c:/isis/application/toolchain/bin/../lib/gcc/arm-none-eabi/4.7.4/../../../../arm-none-eabi/lib\libc_s.a(lib_a-vfprintf_float.o) (_printf_common)
c:/isis/application/toolchain/bin/../lib/gcc/arm-none-eabi/4.7.4/../../../../arm-none-eabi/lib\libc_s.a(lib_a-vfscanf_float.o)
                              (_scanf_float)
c:/isis/application/toolchain/bin/../lib/gcc/arm-none-eabi/4.7.4/../../../../arm-none-eabi/lib\libc_s.a(lib_a-dtoa.o)
                              c:/isis/application/toolchain/bin/../lib/gcc/arm-none-eabi/4.7.4/../../../../arm-none-eabi/lib\libc_s.a(lib_a-vfprintf_float.o) (_dtoa_r)
c:/isis/application/toolchain/bin/../lib/gcc/arm-none-eabi/4.7.4/../../../../arm-none-eabi/lib\libc_s.a(lib_a-locale.o)
                              c:/isis/application/toolchain/bin/../lib/gcc/arm-none-eabi/4.7.4/../../../../arm-none-eabi/lib\libc_s.a(lib_a-vfprintf_float.o) (_localeconv_r)
c:/isis/application/toolchain/bin/../lib/gcc/arm-none-eabi/4.7.4/../../../../arm-none-eabi/lib\libc_s.a(lib_a-malloc.o)
                              c:/isis/application/toolchain/bin/../lib/gcc/arm-none-eabi/4.7.4/../../../../arm-none-eabi/lib\libc_s.a(lib_a-dtoa.o) (malloc)
c:/isis/application/toolchain/bin/../lib/gcc/arm-none-eabi/4.7.4/../../../../arm-none-eabi/lib\libc_s.a(lib_a-mallocr.o)
                              c:/isis/application/toolchain/bin/../lib/gcc/arm-none-eabi/4.7.4/../../../../arm-none-eabi/lib\libc_s.a(lib_a-malloc.o) (_malloc_r)
c:/isis/application/toolchain/bin/../lib/gcc/arm-none-eabi/4.7.4/../../../../arm-none-eabi/lib\libc_s.a(lib_a-memcpy.o)
                              c:/isis/application/toolchain/bin/../lib/gcc/arm-none-eabi/4.7.4/../../../../arm-none-eabi/lib\libc_s.a(lib_a-dtoa.o) (memcpy)
c:/isis/application/toolchain/bin/../lib/gcc/arm-none-eabi/4.7.4/../../../../arm-none-eabi/lib\libc_s.a(lib_a-mprec.o)
                              c:/isis/application/toolchain/bin/../lib/gcc/arm-none-eabi/4.7.4/../../../../arm-none-eabi/lib\libc_s.a(lib_a-dtoa.o) (_Balloc)
c:/isis/application/toolchain/bin/../lib/gcc/arm-none-eabi/4.7.4/../../../../arm-none-eabi/lib\libc_s.a(lib_a-s_fpclassify.o)
                              c:/isis/application/toolchain/bin/../lib/gcc/arm-none-eabi/4.7.4/../../../../arm-none-eabi/lib\libc_s.a(lib_a-vfprintf_float.o) (__fpclassifyd)
c:/isis/application/toolchain/bin/../lib/gcc/arm-none-eabi/4.7.4/../../../../arm-none-eabi/lib\libc_s.a(lib_a-sbrkr.o)
                              c:/isis/application/toolchain/bin/../lib/gcc/arm-none-eabi/4.7.4/../../../../arm-none-eabi/lib\libc_s.a(lib_a-mallocr.o) (_sbrk_r)
c:/isis/application/toolchain/bin/../lib/gcc/arm-none-eabi/4.7.4/../../../../arm-none-eabi/lib\libc_s.a(lib_a-sf_nan.o)
                              c:/isis/application/toolchain/bin/../lib/gcc/arm-none-eabi/4.7.4/../../../../arm-none-eabi/lib\libc_s.a(lib_a-vfscanf_float.o) (nanf)
c:/isis/application/toolchain/bin/../lib/gcc/arm-none-eabi/4.7.4/../../../../arm-none-eabi/lib\libc_s.a(lib_a-sprintf.o)
                              c:/isis/application/toolchain/bin/../lib/gcc/arm-none-eabi/4.7.4/../../../../arm-none-eabi/lib\libc_s.a(lib_a-vfscanf_float.o) (sprintf)
c:/isis/application/toolchain/bin/../lib/gcc/arm-none-eabi/4.7.4/../../../../arm-none-eabi/lib\libc_s.a(lib_a-strcmp.o)
                              c:/isis/application/toolchain/bin/../lib/gcc/arm-none-eabi/4.7.4/../../../../arm-none-eabi/lib\libc_s.a(lib_a-locale.o) (strcmp)
c:/isis/application/toolchain/bin/../lib/gcc/arm-none-eabi/4.7.4/../../../../arm-none-eabi/lib\libc_s.a(lib_a-strlen.o)
                              c:/isis/application/toolchain/bin/../lib/gcc/arm-none-eabi/4.7.4/../../../../arm-none-eabi/lib\libc_s.a(lib_a-vfprintf_float.o) (strlen)
c:/isis/application/toolchain/bin/../lib/gcc/arm-none-eabi/4.7.4/../../../../arm-none-eabi/lib\libc_s.a(lib_a-strtod.o)
                              c:/isis/application/toolchain/bin/../lib/gcc/arm-none-eabi/4.7.4/../../../../arm-none-eabi/lib\libc_s.a(lib_a-vfscanf_float.o) (_strtod_r)
c:/isis/application/toolchain/bin/../lib/gcc/arm-none-eabi/4.7.4/../../../../arm-none-eabi/lib\libc_s.a(lib_a-strtol.o)
                              c:/isis/application/toolchain/bin/../lib/gcc/arm-none-eabi/4.7.4/../../../../arm-none-eabi/lib\libc_s.a(lib_a-vfscanf_float.o) (_strtol_r)
c:/isis/application/toolchain/bin/../lib/gcc/arm-none-eabi/4.7.4/../../../../arm-none-eabi/lib\libc_s.a(lib_a-svfprintf.o)
                              c:/isis/application/toolchain/bin/../lib/gcc/arm-none-eabi/4.7.4/../../../../arm-none-eabi/lib\libc_s.a(lib_a-sprintf.o) (_svfprintf_r)
[...]
Memory Configuration

Name             Origin             Length             Attributes
sram0            0x00200000         0x00004000         w !xr
sram1            0x00300000         0x00004000         w !xr
sdram            0x20000000         0x02000000         w !xr
*default*        0x00000000         0xffffffff

Linker script and memory map

LOAD c:/isis/application/toolchain/bin/../lib/gcc/arm-none-eabi/4.7.4/../../../../arm-none-eabi/lib\libc_s.a
LOAD ./src/sub-systemCode/payload/Request Management/Dump/Butchering.o
LOAD ./src/sub-systemCode/payload/Request Management/Dump/imageDump.o
LOAD ./src/sub-systemCode/payload/Request Management/CameraManeger.o
LOAD ./src/sub-systemCode/payload/Request Management/DB_RequestHandling.o
LOAD ./src/sub-systemCode/payload/Misc/Boolean_bit.o
LOAD ./src/sub-systemCode/payload/Misc/FileSystem.o
LOAD ./src/sub-systemCode/payload/Drivers/GeckoCameraDriver.o
LOAD ./src/sub-systemCode/payload/DataBase/DataBase.o
LOAD ./src/sub-systemCode/payload/Compression/jpeg/bmp/rawToBMP.o
LOAD ./src/sub-systemCode/payload/Compression/jpeg/DCT.o
LOAD ./src/sub-systemCode/payload/Compression/jpeg/ImgCompressor.o
LOAD ./src/sub-systemCode/payload/Compression/jpeg/color_conv.o
LOAD ./src/sub-systemCode/payload/Compression/jpeg/jpeg.o
LOAD ./src/sub-systemCode/payload/Compression/jpeg/jpeg_encoder.o
LOAD ./src/sub-systemCode/payload/Compression/jpeg/jpeg_memory_alloc.o
LOAD ./src/sub-systemCode/payload/Compression/jpeg/jpeg_params.o
LOAD ./src/sub-systemCode/payload/Compression/jpeg/output_stream.o
LOAD ./src/sub-systemCode/payload/Compression/ImageConversion.o
LOAD ./src/sub-systemCode/Main/CMD/COMM_CMD.o
LOAD ./src/sub-systemCode/Main/CMD/EPS_CMD.o
LOAD ./src/sub-systemCode/Main/CMD/General_CMD.o
LOAD ./src/sub-systemCode/Main/CMD/SW_CMD.o
LOAD ./src/sub-systemCode/Main/CMD/payload_CMD.o
LOAD ./src/sub-systemCode/Main/Ants.o
LOAD ./src/sub-systemCode/Main/EPS.o
LOAD ./src/sub-systemCode/Main/HouseKeeping.o
LOAD ./src/sub-systemCode/Main/Main_Init.o
LOAD ./src/sub-systemCode/Main/commands.o
LOAD ./src/sub-systemCode/Global/Global.o
LOAD ./src/sub-systemCode/Global/GlobalParam.o
LOAD ./src/sub-systemCode/Global/OnlineTM.o
LOAD ./src/sub-systemCode/Global/TLM_management.o
LOAD ./src/sub-systemCode/Global/logger.o
LOAD ./src/sub-systemCode/COMM/APRS.o
LOAD ./src/sub-systemCode/COMM/DelayedCommand_list.o
LOAD ./src/sub-systemCode/COMM/GSC.o
LOAD ./src/sub-systemCode/COMM/TRXVU.o
LOAD ./src/sub-systemCode/ADCS/ADCS.o
LOAD ./src/sub-systemCode/ADCS/Stage_Table.o
LOAD ./src/main.o
LOAD C:/ISIS/workspace/HOOPOE3/satellite-subsystems/demo/..//satellite-subsystems/lib\libSatelliteSubsystemsD.a
LOAD c:/isis/application/toolchain/bin/../lib/gcc/arm-none-eabi/4.7.4/../../../../arm-none-eabi/lib\libm.a
LOAD C:/ISIS/workspace/HOOPOE3/satellite-subsystems/demo/../..//hal/hcc/lib\libHCCD.a
LOAD C:/ISIS/workspace/HOOPOE3/satellite-subsystems/demo/../..//hal/hal/lib\libHALD.a
LOAD C:/ISIS/workspace/HOOPOE3/satellite-subsystems/demo/../..//hal/freertos/lib\libFreeRTOSD.a
LOAD C:/ISIS/workspace/HOOPOE3/satellite-subsystems/demo/../..//hal/at91/lib\libAt91D.a
START GROUP
LOAD c:/isis/application/toolchain/bin/../lib/gcc/arm-none-eabi/4.7.4\libgcc.a
LOAD c:/isis/application/toolchain/bin/../lib/gcc/arm-none-eabi/4.7.4/../../../../arm-none-eabi/lib\libc_s.a
END GROUP

.fixed          0x20000000    0x4e4f8
                0x20000000                . = ALIGN (0x4)
                0x20000000                _sfixed = .
 *(.startup)
 .startup       0x20000000      0x134 C:/ISIS/workspace/HOOPOE3/satellite-subsystems/demo/../..//hal/at91/lib\libAt91D.a(board_cstartup.o)
                0x20000000                entry
 *(.text)
 .text          0x20000134       0x64 C:/ISIS/workspace/HOOPOE3/satellite-subsystems/demo/../..//hal/at91/lib\libAt91D.a(cp15_asm.o)
                0x20000134                _readControlRegister
                0x20000140                _writeControlRegister
                0x20000148                _waitForInterrupt
                0x20000154                _writeTTB
                0x2000015c                _writeDomain
                0x20000164                _writeITLBLockdown
                0x2000016c                _prefetchICacheLine
                0x20000174                _flushDCache
                0x20000180                _flushWriteBuffer
                0x2000018c                _invalidateIDTLBs
 .text          0x20000198      0x114 c:/isis/application/toolchain/bin/../lib/gcc/arm-none-eabi/4.7.4\libgcc.a(_udivsi3.o)
                0x20000198                __aeabi_uidiv
                0x20000198                __udivsi3
                0x2000028c                __aeabi_uidivmod
 .text          0x200002ac      0x148 c:/isis/application/toolchain/bin/../lib/gcc/arm-none-eabi/4.7.4\libgcc.a(_divsi3.o)
                0x200002ac                __divsi3
                0x200002ac                __aeabi_idiv
                0x200003d4                __aeabi_idivmod
 .text          0x200003f4        0x4 c:/isis/application/toolchain/bin/../lib/gcc/arm-none-eabi/4.7.4\libgcc.a(_dvmd_tls.o)
                0x200003f4                __aeabi_idiv0
                0x200003f4                __aeabi_ldiv0
 .text          0x200003f8      0x41c c:/isis/application/toolchain/bin/../lib/gcc/arm-none-eabi/4.7.4\libgcc.a(_arm_addsubdf3.o)
                0x200003f8                __aeabi_drsub
                0x20000400                __aeabi_dsub
                0x20000400                __subdf3
                0x20000404                __aeabi_dadd
                0x20000404                __adddf3
                0x20000714                __floatunsidf
                0x20000714                __aeabi_ui2d
                0x20000738                __floatsidf
                0x20000738                __aeabi_i2d
                0x20000760                __aeabi_f2d
                0x20000760                __extendsfdf2
                0x200007a0                __floatundidf
                0x200007a0                __aeabi_ul2d
                0x200007b4                __floatdidf
                0x200007b4                __aeabi_l2d
 .text          0x20000814      0x49c c:/isis/application/toolchain/bin/../lib/gcc/arm-none-eabi/4.7.4\libgcc.a(_arm_muldivdf3.o)
                0x20000814                __aeabi_dmul
                0x20000814                __muldf3
                0x20000aa4                __divdf3
                0x20000aa4                __aeabi_ddiv
 .text          0x20000cb0      0x144 c:/isis/application/toolchain/bin/../lib/gcc/arm-none-eabi/4.7.4\libgcc.a(_arm_cmpdf2.o)
                0x20000cb0                __gtdf2
                0x20000cb0                __gedf2
                0x20000cb8                __ltdf2
                0x20000cb8                __ledf2
                0x20000cc0                __nedf2
                0x20000cc0                __eqdf2
                0x20000cc0                __cmpdf2
                0x20000d48                __aeabi_cdrcmple
                0x20000d64                __aeabi_cdcmpeq
                0x20000d64                __aeabi_cdcmple
                0x20000d7c                __aeabi_dcmpeq
                0x20000d94                __aeabi_dcmplt
                0x20000dac                __aeabi_dcmple
                0x20000dc4                __aeabi_dcmpge
                0x20000ddc                __aeabi_dcmpgt
 .text          0x20000df4       0x5c c:/isis/application/toolchain/bin/../lib/gcc/arm-none-eabi/4.7.4\libgcc.a(_arm_fixdfsi.o)
                0x20000df4                __aeabi_d2iz
                0x20000df4                __fixdfsi
 .text          0x20000e50       0x54 c:/isis/application/toolchain/bin/../lib/gcc/arm-none-eabi/4.7.4\libgcc.a(_arm_fixunsdfsi.o)
                0x20000e50                __aeabi_d2uiz
                0x20000e50                __fixunsdfsi
 .text          0x20000ea4       0xa0 c:/isis/application/toolchain/bin/../lib/gcc/arm-none-eabi/4.7.4\libgcc.a(_arm_truncdfsf2.o)
                0x20000ea4                __truncdfsf2
                0x20000ea4                __aeabi_d2f
 .text          0x20000f44      0x2ac c:/isis/application/toolchain/bin/../lib/gcc/arm-none-eabi/4.7.4\libgcc.a(_arm_addsubsf3.o)
                0x20000f44                __aeabi_frsub
                0x20000f4c                __subsf3
                0x20000f4c                __aeabi_fsub
                0x20000f50                __aeabi_fadd
                0x20000f50                __addsf3
                0x2000110c                __aeabi_ui2f
                0x2000110c                __floatunsisf
                0x20001114                __aeabi_i2f
                0x20001114                __floatsisf
                0x20001134                __aeabi_ul2f
                0x20001134                __floatundisf
                0x20001144                __aeabi_l2f
                0x20001144                __floatdisf
 .text          0x200011f0      0x2f8 c:/isis/application/toolchain/bin/../lib/gcc/arm-none-eabi/4.7.4\libgcc.a(_arm_muldivsf3.o)
                0x200011f0                __mulsf3
                0x200011f0                __aeabi_fmul
                0x20001388                __aeabi_fdiv
                0x20001388                __divsf3
 .text          0x200014e8       0x5c c:/isis/application/toolchain/bin/../lib/gcc/arm-none-eabi/4.7.4\libgcc.a(_arm_fixsfsi.o)
                0x200014e8                __aeabi_f2iz
                0x200014e8                __fixsfsi
 .text          0x20001544       0x54 c:/isis/application/toolchain/bin/../lib/gcc/arm-none-eabi/4.7.4\libgcc.a(_arm_fixunssfsi.o)
                0x20001544                __fixunssfsi
                0x20001544                __aeabi_f2uiz
 *(.text*)
 .text.__cvt    0x20001598      0x138 c:/isis/application/toolchain/bin/../lib/gcc/arm-none-eabi/4.7.4/../../../../arm-none-eabi/lib\libc_s.a(lib_a-vfprintf_float.o)
                0x20001598                __cvt
 .text.__exponent
                0x200016d0       0xa8 c:/isis/application/toolchain/bin/../lib/gcc/arm-none-eabi/4.7.4/../../../../arm-none-eabi/lib\libc_s.a(lib_a-vfprintf_float.o)
                0x200016d0                __exponent
 .text._printf_float
                0x20001778      0x7dc c:/isis/application/toolchain/bin/../lib/gcc/arm-none-eabi/4.7.4/../../../../arm-none-eabi/lib\libc_s.a(lib_a-vfprintf_float.o)
                0x20001778                _printf_float
 .text._printf_common
                0x20001f54      0x174 c:/isis/application/toolchain/bin/../lib/gcc/arm-none-eabi/4.7.4/../../../../arm-none-eabi/lib\libc_s.a(lib_a-vfprintf_i.o)
                0x20001f54                _printf_common
 .text._printf_i
                0x200020c8      0x3c4 c:/isis/application/toolchain/bin/../lib/gcc/arm-none-eabi/4.7.4/../../../../arm-none-eabi/lib\libc_s.a(lib_a-vfprintf_i.o)
                0x200020c8                _printf_i
 .text._scanf_float
                0x2000248c      0x5f4 c:/isis/application/toolchain/bin/../lib/gcc/arm-none-eabi/4.7.4/../../../../arm-none-eabi/lib\libc_s.a(lib_a-vfscanf_float.o)
                0x2000248c                _scanf_float
 .text.quorem   0x20002a80      0x1ac c:/isis/application/toolchain/bin/../lib/gcc/arm-none-eabi/4.7.4/../../../../arm-none-eabi/lib\libc_s.a(lib_a-dtoa.o)
 .text._dtoa_r  0x20002c2c     0x1268 c:/isis/application/toolchain/bin/../lib/gcc/arm-none-eabi/4.7.4/../../../../arm-none-eabi/lib\libc_s.a(lib_a-dtoa.o)
                0x20002c2c                _dtoa_r
 .text._localeconv_r
                0x20003e94        0xc c:/isis/application/toolchain/bin/../lib/gcc/arm-none-eabi/4.7.4/../../../../arm-none-eabi/lib\libc_s.a(lib_a-locale.o)
                0x20003e94                _localeconv_r
 .text.malloc   0x20003ea0       0x20 c:/isis/application/toolchain/bin/../lib/gcc/arm-none-eabi/4.7.4/../../../../arm-none-eabi/lib\libc_s.a(lib_a-malloc.o)
                0x20003ea0                malloc
 .text.free     0x20003ec0       0x20 c:/isis/application/toolchain/bin/../lib/gcc/arm-none-eabi/4.7.4/../../../../arm-none-eabi/lib\libc_s.a(lib_a-malloc.o)
                0x20003ec0                free
 .text._malloc_r
                0x20003ee0       0xfc c:/isis/application/toolchain/bin/../lib/gcc/arm-none-eabi/4.7.4/../../../../arm-none-eabi/lib\libc_s.a(lib_a-mallocr.o)
                0x20003ee0                _malloc_r
 .text.memcpy   0x20003fdc       0x20 c:/isis/application/toolchain/bin/../lib/gcc/arm-none-eabi/4.7.4/../../../../arm-none-eabi/lib\libc_s.a(lib_a-memcpy.o)
                0x20003fdc                memcpy
 .text._Balloc  0x20003ffc       0xcc c:/isis/application/toolchain/bin/../lib/gcc/arm-none-eabi/4.7.4/../../../../arm-none-eabi/lib\libc_s.a(lib_a-mprec.o)
                0x20003ffc                _Balloc
 .text._Bfree   0x200040c8       0x5c c:/isis/application/toolchain/bin/../lib/gcc/arm-none-eabi/4.7.4/../../../../arm-none-eabi/lib\libc_s.a(lib_a-mprec.o)
                0x200040c8                _Bfree
 .text.__multadd
                0x20004124       0xbc c:/isis/application/toolchain/bin/../lib/gcc/arm-none-eabi/4.7.4/../../../../arm-none-eabi/lib\libc_s.a(lib_a-mprec.o)
                0x20004124                __multadd
 .text.__s2b    0x200041e0       0xd8 c:/isis/application/toolchain/bin/../lib/gcc/arm-none-eabi/4.7.4/../../../../arm-none-eabi/lib\libc_s.a(lib_a-mprec.o)
                0x200041e0                __s2b
 .text.__hi0bits
                0x200042b8       0x58 c:/isis/application/toolchain/bin/../lib/gcc/arm-none-eabi/4.7.4/../../../../arm-none-eabi/lib\libc_s.a(lib_a-mprec.o)
                0x200042b8                __hi0bits
 .text.__lo0bits
                0x20004310       0x94 c:/isis/application/toolchain/bin/../lib/gcc/arm-none-eabi/4.7.4/../../../../arm-none-eabi/lib\libc_s.a(lib_a-mprec.o)
                0x20004310                __lo0bits
 .text.__i2b    0x200043a4       0x24 c:/isis/application/toolchain/bin/../lib/gcc/arm-none-eabi/4.7.4/../../../../arm-none-eabi/lib\libc_s.a(lib_a-mprec.o)
                0x200043a4                __i2b
 .text.__multiply
                0x200043c8      0x1ac c:/isis/application/toolchain/bin/../lib/gcc/arm-none-eabi/4.7.4/../../../../arm-none-eabi/lib\libc_s.a(lib_a-mprec.o)
                0x200043c8                __multiply
 .text.__pow5mult
                0x20004574      0x10c c:/isis/application/toolchain/bin/../lib/gcc/arm-none-eabi/4.7.4/../../../../arm-none-eabi/lib\libc_s.a(lib_a-mprec.o)
                0x20004574                __pow5mult
 .text.__lshift
                0x20004680       0xf0 c:/isis/application/toolchain/bin/../lib/gcc/arm-none-eabi/4.7.4/../../../../arm-none-eabi/lib\libc_s.a(lib_a-mprec.o)
                0x20004680                __lshift
 .text.__mcmp   0x20004770       0x60 c:/isis/application/toolchain/bin/../lib/gcc/arm-none-eabi/4.7.4/../../../../arm-none-eabi/lib\libc_s.a(lib_a-mprec.o)
                0x20004770                __mcmp
 .text.__mdiff  0x200047d0      0x128 c:/isis/application/toolchain/bin/../lib/gcc/arm-none-eabi/4.7.4/../../../../arm-none-eabi/lib\libc_s.a(lib_a-mprec.o)
                0x200047d0                __mdiff
 .text.__ulp    0x200048f8       0x5c c:/isis/application/toolchain/bin/../lib/gcc/arm-none-eabi/4.7.4/../../../../arm-none-eabi/lib\libc_s.a(lib_a-mprec.o)
                0x200048f8                __ulp
 .text.__b2d    0x20004954       0xc8 c:/isis/application/toolchain/bin/../lib/gcc/arm-none-eabi/4.7.4/../../../../arm-none-eabi/lib\libc_s.a(lib_a-mprec.o)
                0x20004954                __b2d
 .text.__d2b    0x20004a1c       0xfc c:/isis/application/toolchain/bin/../lib/gcc/arm-none-eabi/4.7.4/../../../../arm-none-eabi/lib\libc_s.a(lib_a-mprec.o)
                0x20004a1c                __d2b
 .text.__ratio  0x20004b18       0x70 c:/isis/application/toolchain/bin/../lib/gcc/arm-none-eabi/4.7.4/../../../../arm-none-eabi/lib\libc_s.a(lib_a-mprec.o)
                0x20004b18                __ratio
 .text.__copybits
                0x20004b88       0x4c c:/isis/application/toolchain/bin/../lib/gcc/arm-none-eabi/4.7.4/../../../../arm-none-eabi/lib\libc_s.a(lib_a-mprec.o)
                0x20004b88                __copybits
 .text.__any_on
                0x20004bd4       0x7c c:/isis/application/toolchain/bin/../lib/gcc/arm-none-eabi/4.7.4/../../../../arm-none-eabi/lib\libc_s.a(lib_a-mprec.o)
                0x20004bd4                __any_on
 .text.__fpclassifyd
                0x20004c50       0x6c c:/isis/application/toolchain/bin/../lib/gcc/arm-none-eabi/4.7.4/../../../../arm-none-eabi/lib\libc_s.a(lib_a-s_fpclassify.o)
                0x20004c50                __fpclassifyd
 .text._sbrk_r  0x20004cbc       0x3c c:/isis/application/toolchain/bin/../lib/gcc/arm-none-eabi/4.7.4/../../../../arm-none-eabi/lib\libc_s.a(lib_a-sbrkr.o)
                0x20004cbc                _sbrk_r
 .text.nanf     0x20004cf8        0xc c:/isis/application/toolchain/bin/../lib/gcc/arm-none-eabi/4.7.4/../../../../arm-none-eabi/lib\libc_s.a(lib_a-sf_nan.o)
                0x20004cf8                nanf
 .text.sprintf  0x20004d04       0x6c c:/isis/application/toolchain/bin/../lib/gcc/arm-none-eabi/4.7.4/../../../../arm-none-eabi/lib\libc_s.a(lib_a-sprintf.o)
                0x20004d04                siprintf
                0x20004d04                sprintf
 .text.strcmp   0x20004d70       0x1c c:/isis/application/toolchain/bin/../lib/gcc/arm-none-eabi/4.7.4/../../../../arm-none-eabi/lib\libc_s.a(lib_a-strcmp.o)
                0x20004d70                strcmp
 .text.strlen   0x20004d8c       0x1c c:/isis/application/toolchain/bin/../lib/gcc/arm-none-eabi/4.7.4/../../../../arm-none-eabi/lib\libc_s.a(lib_a-strlen.o)
                0x20004d8c                strlen
 .text.match    0x20004da8       0x54 c:/isis/application/toolchain/bin/../lib/gcc/arm-none-eabi/4.7.4/../../../../arm-none-eabi/lib\libc_s.a(lib_a-strtod.o)
 .text._strtod_r
                0x20004dfc     0x1168 c:/isis/application/toolchain/bin/../lib/gcc/arm-none-eabi/4.7.4/../../../../arm-none-eabi/lib\libc_s.a(lib_a-strtod.o)
                0x20004dfc                _strtod_r
 .text._strtol_r
                0x20005f64      0x1b8 c:/isis/application/toolchain/bin/../lib/gcc/arm-none-eabi/4.7.4/../../../../arm-none-eabi/lib\libc_s.a(lib_a-strtol.o)
                0x20005f64                _strtol_r
 .text.__ssputc_r
                0x2000611c      0x10c c:/isis/application/toolchain/bin/../lib/gcc/arm-none-eabi/4.7.4/../../../../arm-none-eabi/lib\libc_s.a(lib_a-svfprintf.o)
                0x2000611c                __ssputc_r
 .text._svfprintf_r
                0x20006228      0x328 c:/isis/application/toolchain/bin/../lib/gcc/arm-none-eabi/4.7.4/../../../../arm-none-eabi/lib\libc_s.a(lib_a-svfprintf.o)
                0x20006228                _svfiprintf_r
                0x20006228                _svfprintf_r
 .text._calloc_r
                0x20006550       0x2c c:/isis/application/toolchain/bin/../lib/gcc/arm-none-eabi/4.7.4/../../../../arm-none-eabi/lib\libc_s.a(lib_a-callocr.o)
                0x20006550                _calloc_r
 .text._free_r  0x2000657c      0x108 c:/isis/application/toolchain/bin/../lib/gcc/arm-none-eabi/4.7.4/../../../../arm-none-eabi/lib\libc_s.a(lib_a-freer.o)
                0x2000657c                _free_r
 .text.rshift   0x20006684       0xb0 c:/isis/application/toolchain/bin/../lib/gcc/arm-none-eabi/4.7.4/../../../../arm-none-eabi/lib\libc_s.a(lib_a-gdtoa-gethex.o)
 .text.htinit.constprop.0
                0x20006734       0x34 c:/isis/application/toolchain/bin/../lib/gcc/arm-none-eabi/4.7.4/../../../../arm-none-eabi/lib\libc_s.a(lib_a-gdtoa-gethex.o)
 .text.__hexdig_init
                0x20006768       0x38 c:/isis/application/toolchain/bin/../lib/gcc/arm-none-eabi/4.7.4/../../../../arm-none-eabi/lib\libc_s.a(lib_a-gdtoa-gethex.o)
                0x20006768                __hexdig_init
 .text.__gethex
                0x200067a0      0x6cc c:/isis/application/toolchain/bin/../lib/gcc/arm-none-eabi/4.7.4/../../../../arm-none-eabi/lib\libc_s.a(lib_a-gdtoa-gethex.o)
                0x200067a0                __gethex
 .text.L_shift  0x20006e6c       0x38 c:/isis/application/toolchain/bin/../lib/gcc/arm-none-eabi/4.7.4/../../../../arm-none-eabi/lib\libc_s.a(lib_a-gdtoa-hexnan.o)
 .text.__hexnan
                0x20006ea4      0x1d8 c:/isis/application/toolchain/bin/../lib/gcc/arm-none-eabi/4.7.4/../../../../arm-none-eabi/lib\libc_s.a(lib_a-gdtoa-hexnan.o)
                0x20006ea4                __hexnan
 .text.memchr   0x2000707c       0x34 c:/isis/application/toolchain/bin/../lib/gcc/arm-none-eabi/4.7.4/../../../../arm-none-eabi/lib\libc_s.a(lib_a-memchr.o)
                0x2000707c                memchr
 .text.memset   0x200070b0       0x1c c:/isis/application/toolchain/bin/../lib/gcc/arm-none-eabi/4.7.4/../../../../arm-none-eabi/lib\libc_s.a(lib_a-memset.o)
                0x200070b0                memset
 .text._realloc_r
                0x200070cc       0x80 c:/isis/application/toolchain/bin/../lib/gcc/arm-none-eabi/4.7.4/../../../../arm-none-eabi/lib\libc_s.a(lib_a-reallocr.o)
                0x200070cc                _realloc_r
 .text.strncmp  0x2000714c       0x64 c:/isis/application/toolchain/bin/../lib/gcc/arm-none-eabi/4.7.4/../../../../arm-none-eabi/lib\libc_s.a(lib_a-strncmp.o)
                0x2000714c                strncmp
 .text._malloc_usable_size_r
                0x200071b0       0x1c c:/isis/application/toolchain/bin/../lib/gcc/arm-none-eabi/4.7.4/../../../../arm-none-eabi/lib\libc_s.a(lib_a-msizer.o)
                0x200071b0                _malloc_usable_size_r
 .text.GetChunkFromImage
                0x200071cc      0x2e0 ./src/sub-systemCode/payload/Request Management/Dump/Butchering.o
                0x200071cc                GetChunkFromImage
 .text.SimpleButcher
                0x200074ac       0xf4 ./src/sub-systemCode/payload/Request Management/Dump/Butchering.o
                0x200074ac                SimpleButcher
 .text.readChunkDimentionsFromFRAM
                0x200075a0       0x80 ./src/sub-systemCode/payload/Request Management/Dump/imageDump.o
                0x200075a0                readChunkDimentionsFromFRAM
 .text.setChunkDimensions_inFRAM
                0x20007620      0x10c ./src/sub-systemCode/payload/Request Management/Dump/imageDump.o
                0x20007620                setChunkDimensions_inFRAM
 .text.find_subType_ofImage
                0x2000772c       0xe0 ./src/sub-systemCode/payload/Request Management/Dump/imageDump.o
                0x2000772c                find_subType_ofImage
 .text.buildAndSend_chunck
                0x2000780c      0x314 ./src/sub-systemCode/payload/Request Management/Dump/imageDump.o
                0x2000780c                buildAndSend_chunck
 .text.bitField_imageDump
                0x20007b20      0x294 ./src/sub-systemCode/payload/Request Management/Dump/imageDump.o
                0x20007b20                bitField_imageDump
 .text.imageDataBase_Dump
                0x20007db4      0x130 ./src/sub-systemCode/payload/Request Management/Dump/imageDump.o
                0x20007db4                imageDataBase_Dump
 .text.chunkField_imageDump
                0x20007ee4      0x27c ./src/sub-systemCode/payload/Request Management/Dump/imageDump.o
                0x20007ee4                chunkField_imageDump
 .text.imageDump_task
                0x20008160      0x32c ./src/sub-systemCode/payload/Request Management/Dump/imageDump.o
                0x20008160                imageDump_task
 .text.CameraManagerTaskMain
                0x2000848c       0xbc ./src/sub-systemCode/payload/Request Management/CameraManeger.o
                0x2000848c                CameraManagerTaskMain
 .text.initCamera
                0x20008548       0xa4 ./src/sub-systemCode/payload/Request Management/CameraManeger.o
                0x20008548                initCamera
 .text.KickStartCamera
                0x200085ec       0xb4 ./src/sub-systemCode/payload/Request Management/CameraManeger.o
                0x200085ec                KickStartCamera
 .text.addRequestToQueue
                0x200086a0       0xa8 ./src/sub-systemCode/payload/Request Management/CameraManeger.o
                0x200086a0                addRequestToQueue
 .text.removeRequestFromQueue
                0x20008748       0x7c ./src/sub-systemCode/payload/Request Management/CameraManeger.o
                0x20008748                removeRequestFromQueue
 .text.Take_pictures_with_time_in_between
                0x200087c4       0xa4 ./src/sub-systemCode/payload/Request Management/CameraManeger.o
                0x200087c4                Take_pictures_with_time_in_between
 .text.Gecko_TroubleShooter
                0x20008868       0xdc ./src/sub-systemCode/payload/Request Management/CameraManeger.o
                0x20008868                Gecko_TroubleShooter
 .text.startDumpTask
                0x20008944       0x70 ./src/sub-systemCode/payload/Request Management/CameraManeger.o
                0x20008944                startDumpTask
 .text.act_upon_request
                0x200089b4      0x314 ./src/sub-systemCode/payload/Request Management/CameraManeger.o
                0x200089b4                act_upon_request
 .text.TakePicture
                0x20008cc8       0x4c ./src/sub-systemCode/payload/Request Management/DB_RequestHandling.o
                0x20008cc8                TakePicture
 .text.TakeSpecialPicture
                0x20008d14      0x104 ./src/sub-systemCode/payload/Request Management/DB_RequestHandling.o
                0x20008d14                TakeSpecialPicture
 .text.DeletePictureFile
                0x20008e18       0x88 ./src/sub-systemCode/payload/Request Management/DB_RequestHandling.o
                0x20008e18                DeletePictureFile
 .text.DeletePicture
                0x20008ea0       0x6c ./src/sub-systemCode/payload/Request Management/DB_RequestHandling.o
                0x20008ea0                DeletePicture
 .text.TransferPicture
                0x20008f0c       0x54 ./src/sub-systemCode/payload/Request Management/DB_RequestHandling.o
                0x20008f0c                TransferPicture
 .text.CreateThumbnail
                0x20008f60       0x80 ./src/sub-systemCode/payload/Request Management/DB_RequestHandling.o
                0x20008f60                CreateThumbnail
 .text.CreateJPG
                0x20008fe0       0x7c ./src/sub-systemCode/payload/Request Management/DB_RequestHandling.o
                0x20008fe0                CreateJPG
 .text.UpdatePhotographyValues
                0x2000905c       0xb4 ./src/sub-systemCode/payload/Request Management/DB_RequestHandling.o
                0x2000905c                UpdatePhotographyValues
 .text.setChunkDimensions
                0x20009110       0x64 ./src/sub-systemCode/payload/Request Management/DB_RequestHandling.o
                0x20009110                setChunkDimensions
 .text.convert2char
                0x20009174      0x14c ./src/sub-systemCode/payload/Misc/Boolean_bit.o
                0x20009174                convert2char
 .text.convert2byte
                0x200092c0      0x1c8 ./src/sub-systemCode/payload/Misc/Boolean_bit.o
                0x200092c0                convert2byte
 .text.bits2byte
                0x20009488      0x17c ./src/sub-systemCode/payload/Misc/Boolean_bit.o
                0x20009488                bits2byte
 .text.byte2bits
                0x20009604      0x17c ./src/sub-systemCode/payload/Misc/Boolean_bit.o
                0x20009604                byte2bits
 .text.char2bits
                0x20009780       0x44 ./src/sub-systemCode/payload/Misc/Boolean_bit.o
                0x20009780                char2bits
 .text.bits2char
                0x200097c4       0x3c ./src/sub-systemCode/payload/Misc/Boolean_bit.o
                0x200097c4                bits2char
 .text.keepTryingTo_enterFS
                0x20009800       0x24 ./src/sub-systemCode/payload/Misc/FileSystem.o
                0x20009800                keepTryingTo_enterFS
 .text.releaseFS
                0x20009824       0x18 ./src/sub-systemCode/payload/Misc/FileSystem.o
                0x20009824                releaseFS
 .text.OpenFile
                0x2000983c       0x64 ./src/sub-systemCode/payload/Misc/FileSystem.o
                0x2000983c                OpenFile
 .text.CloseFile
                0x200098a0       0x4c ./src/sub-systemCode/payload/Misc/FileSystem.o
                0x200098a0                CloseFile
 .text.DeleteFile
                0x200098ec       0x60 ./src/sub-systemCode/payload/Misc/FileSystem.o
                0x200098ec                DeleteFile
 .text.ReadFromFile
                0x2000994c       0x7c ./src/sub-systemCode/payload/Misc/FileSystem.o
                0x2000994c                ReadFromFile
 .text.WriteToFile
                0x200099c8       0xb4 ./src/sub-systemCode/payload/Misc/FileSystem.o
                0x200099c8                WriteToFile
 .text.Initialized_GPIO
                0x20009a7c       0x54 ./src/sub-systemCode/payload/Drivers/GeckoCameraDriver.o
                0x20009a7c                Initialized_GPIO
 .text.TurnOnGecko
                0x20009ad0      0x134 ./src/sub-systemCode/payload/Drivers/GeckoCameraDriver.o
                0x20009ad0                TurnOnGecko
 .text.TurnOffGecko
                0x20009c04       0xcc ./src/sub-systemCode/payload/Drivers/GeckoCameraDriver.o
                0x20009c04                TurnOffGecko
 .text.initGecko
                0x20009cd0       0x3c ./src/sub-systemCode/payload/Drivers/GeckoCameraDriver.o
                0x20009cd0                initGecko
 .text.GECKO_TakeImage
                0x20009d0c      0x2f4 ./src/sub-systemCode/payload/Drivers/GeckoCameraDriver.o
                0x20009d0c                GECKO_TakeImage
 .text.GECKO_ReadImage
                0x2000a000      0x234 ./src/sub-systemCode/payload/Drivers/GeckoCameraDriver.o
                0x2000a000                GECKO_ReadImage
 .text.GECKO_EraseBlock
                0x2000a234       0xf0 ./src/sub-systemCode/payload/Drivers/GeckoCameraDriver.o
                0x2000a234                GECKO_EraseBlock
 .text.getFileName
                0x2000a324      0x1a0 ./src/sub-systemCode/payload/DataBase/DataBase.o
 .text.zeroImageDataBase
                0x2000a4c4       0x84 ./src/sub-systemCode/payload/DataBase/DataBase.o
                0x2000a4c4                zeroImageDataBase
 .text.updateGeneralDataBaseParameters
                0x2000a548       0x5c ./src/sub-systemCode/payload/DataBase/DataBase.o
                0x2000a548                updateGeneralDataBaseParameters
 .text.SearchDataBase_byID
                0x2000a5a4      0x220 ./src/sub-systemCode/payload/DataBase/DataBase.o
                0x2000a5a4                SearchDataBase_byID
 .text.checkForFileType
                0x2000a7c4       0x68 ./src/sub-systemCode/payload/DataBase/DataBase.o
                0x2000a7c4                checkForFileType
 .text.updateFileTypes
                0x2000a82c       0xbc ./src/sub-systemCode/payload/DataBase/DataBase.o
                0x2000a82c                updateFileTypes
 .text.GetImageFactor
                0x2000a8e8       0x58 ./src/sub-systemCode/payload/DataBase/DataBase.o
                0x2000a8e8                GetImageFactor
 .text.readImageFromBuffer
                0x2000a940      0x12c ./src/sub-systemCode/payload/DataBase/DataBase.o
                0x2000a940                readImageFromBuffer
 .text.saveImageToBuffer
                0x2000aa6c      0x12c ./src/sub-systemCode/payload/DataBase/DataBase.o
                0x2000aa6c                saveImageToBuffer
 .text.getLatestID
                0x2000ab98       0x48 ./src/sub-systemCode/payload/DataBase/DataBase.o
                0x2000ab98                getLatestID
 .text.getDataBaseStart
                0x2000abe0       0x20 ./src/sub-systemCode/payload/DataBase/DataBase.o
                0x2000abe0                getDataBaseStart
 .text.setDataBaseValues
                0x2000ac00      0x1d8 ./src/sub-systemCode/payload/DataBase/DataBase.o
                0x2000ac00                setDataBaseValues
 .text.initImageDataBase
                0x2000add8      0x1b0 ./src/sub-systemCode/payload/DataBase/DataBase.o
                0x2000add8                initImageDataBase
 .text.resetImageDataBase
                0x2000af88       0x98 ./src/sub-systemCode/payload/DataBase/DataBase.o
                0x2000af88                resetImageDataBase
 .text.setCameraPhotographyValues
                0x2000b020      0x10c ./src/sub-systemCode/payload/DataBase/DataBase.o
                0x2000b020                setCameraPhotographyValues
 .text.transferImageToSD_withoutSearch
                0x2000b12c      0x15c ./src/sub-systemCode/payload/DataBase/DataBase.o
                0x2000b12c                transferImageToSD_withoutSearch
 .text.transferImageToSD
                0x2000b288       0xb4 ./src/sub-systemCode/payload/DataBase/DataBase.o
                0x2000b288                transferImageToSD
 .text.DeleteImageFromOBC_withoutSearch
                0x2000b33c       0xe0 ./src/sub-systemCode/payload/DataBase/DataBase.o
                0x2000b33c                DeleteImageFromOBC_withoutSearch
 .text.DeleteImageFromOBC
                0x2000b41c       0xb4 ./src/sub-systemCode/payload/DataBase/DataBase.o
                0x2000b41c                DeleteImageFromOBC
 .text.DeleteImageFromPayload
                0x2000b4d0      0x25c ./src/sub-systemCode/payload/DataBase/DataBase.o
                0x2000b4d0                DeleteImageFromPayload
 .text.clearImageDataBase
                0x2000b72c      0x114 ./src/sub-systemCode/payload/DataBase/DataBase.o
                0x2000b72c                clearImageDataBase
 .text.writeNewImageMetaDataToFRAM
                0x2000b840      0x234 ./src/sub-systemCode/payload/DataBase/DataBase.o
                0x2000b840                writeNewImageMetaDataToFRAM
 .text.takePicture
                0x2000ba74      0x334 ./src/sub-systemCode/payload/DataBase/DataBase.o
                0x2000ba74                takePicture
 .text.takePicture_withSpecialParameters
                0x2000bda8       0xbc ./src/sub-systemCode/payload/DataBase/DataBase.o
                0x2000bda8                takePicture_withSpecialParameters
 .text.GetImageFileName
                0x2000be64       0xc0 ./src/sub-systemCode/payload/DataBase/DataBase.o
                0x2000be64                GetImageFileName
 .text.getImageDataBaseBuffer
                0x2000bf24      0x3fc ./src/sub-systemCode/payload/DataBase/DataBase.o
                0x2000bf24                getImageDataBaseBuffer
 .text.TransformRawToBMP
                0x2000c320      0x1a8 ./src/sub-systemCode/payload/Compression/jpeg/bmp/rawToBMP.o
                0x2000c320                TransformRawToBMP
 .text.interpolate
                0x2000c4c8      0x8d0 ./src/sub-systemCode/payload/Compression/jpeg/bmp/rawToBMP.o
                0x2000c4c8                interpolate
 .text.getInputAt
                0x2000cd98      0x308 ./src/sub-systemCode/payload/Compression/jpeg/bmp/rawToBMP.o
                0x2000cd98                getInputAt
 .text.f_writeF_FILEHeader
                0x2000d0a0      0x2f0 ./src/sub-systemCode/payload/Compression/jpeg/bmp/rawToBMP.o
                0x2000d0a0                f_writeF_FILEHeader
 .text.f_writeOutputRow
                0x2000d390       0xbc ./src/sub-systemCode/payload/Compression/jpeg/bmp/rawToBMP.o
                0x2000d390                f_writeOutputRow
 .text.dct      0x2000d44c      0x9c4 ./src/sub-systemCode/payload/Compression/jpeg/DCT.o
                0x2000d44c                dct
 .text.JPEG_compressor
                0x2000de10      0x104 ./src/sub-systemCode/payload/Compression/jpeg/ImgCompressor.o
                0x2000de10                JPEG_compressor
 .text.Create_BMP_File
                0x2000df14       0xf4 ./src/sub-systemCode/payload/Compression/jpeg/ImgCompressor.o
                0x2000df14                Create_BMP_File
 .text.CompressImage
                0x2000e008      0x1cc ./src/sub-systemCode/payload/Compression/jpeg/ImgCompressor.o
                0x2000e008                CompressImage
 .text.clamp    0x2000e1d4       0x60 ./src/sub-systemCode/payload/Compression/jpeg/color_conv.o
                0x2000e1d4                clamp
 .text.RGB_to_YCC
                0x2000e234      0x1a8 ./src/sub-systemCode/payload/Compression/jpeg/color_conv.o
                0x2000e234                RGB_to_YCC
 .text.RGB_to_Y
                0x2000e3dc       0xc4 ./src/sub-systemCode/payload/Compression/jpeg/color_conv.o
                0x2000e3dc                RGB_to_Y
 .text.Y_to_YCC
                0x2000e4a0       0x88 ./src/sub-systemCode/payload/Compression/jpeg/color_conv.o
                0x2000e4a0                Y_to_YCC
 .text.compress_image_to_jpeg_file
                0x2000e528      0x18c ./src/sub-systemCode/payload/Compression/jpeg/jpeg.o
                0x2000e528                compress_image_to_jpeg_file
 .text.emit_marker
                0x2000e6b4       0xc8 ./src/sub-systemCode/payload/Compression/jpeg/jpeg_encoder.o
                0x2000e6b4                emit_marker
 .text.emit_byte
                0x2000e77c       0x6c ./src/sub-systemCode/payload/Compression/jpeg/jpeg_encoder.o
                0x2000e77c                emit_byte
 .text.emit_word
                0x2000e7e8       0xd0 ./src/sub-systemCode/payload/Compression/jpeg/jpeg_encoder.o
                0x2000e7e8                emit_word
 .text.emit_jfif_app0
                0x2000e8b8       0xc0 ./src/sub-systemCode/payload/Compression/jpeg/jpeg_encoder.o
                0x2000e8b8                emit_jfif_app0
 .text.emit_dqt
                0x2000e978       0xd8 ./src/sub-systemCode/payload/Compression/jpeg/jpeg_encoder.o
                0x2000e978                emit_dqt
 .text.emit_sof
                0x2000ea50      0x14c ./src/sub-systemCode/payload/Compression/jpeg/jpeg_encoder.o
                0x2000ea50                emit_sof
 .text.emit_dht
                0x2000eb9c      0x138 ./src/sub-systemCode/payload/Compression/jpeg/jpeg_encoder.o
                0x2000eb9c                emit_dht
 .text.emit_dhts
                0x2000ecd4       0xd8 ./src/sub-systemCode/payload/Compression/jpeg/jpeg_encoder.o
                0x2000ecd4                emit_dhts
 .text.emit_sos
                0x2000edac       0xec ./src/sub-systemCode/payload/Compression/jpeg/jpeg_encoder.o
                0x2000edac                emit_sos
 .text.emit_markers
                0x2000ee98       0x4c ./src/sub-systemCode/payload/Compression/jpeg/jpeg_encoder.o
                0x2000ee98                emit_markers
 .text.compute_huffman_table
                0x2000eee4      0x334 ./src/sub-systemCode/payload/Compression/jpeg/jpeg_encoder.o
                0x2000eee4                compute_huffman_table
 .text.compute_quant_table
                0x2000f218      0x11c ./src/sub-systemCode/payload/Compression/jpeg/jpeg_encoder.o
                0x2000f218                compute_quant_table
 .text.first_pass_init
                0x2000f334       0x54 ./src/sub-systemCode/payload/Compression/jpeg/jpeg_encoder.o
                0x2000f334                first_pass_init
 .text.second_pass_init
                0x2000f388      0x110 ./src/sub-systemCode/payload/Compression/jpeg/jpeg_encoder.o
                0x2000f388                second_pass_init
 .text.jpg_open
                0x2000f498      0x7b4 ./src/sub-systemCode/payload/Compression/jpeg/jpeg_encoder.o
                0x2000f498                jpg_open
 .text.load_block_8_8_grey
                0x2000fc4c      0x164 ./src/sub-systemCode/payload/Compression/jpeg/jpeg_encoder.o
                0x2000fc4c                load_block_8_8_grey
 .text.load_block_8_8
                0x2000fdb0      0x198 ./src/sub-systemCode/payload/Compression/jpeg/jpeg_encoder.o
                0x2000fdb0                load_block_8_8
 .text.load_block_16_8
                0x2000ff48      0x3cc ./src/sub-systemCode/payload/Compression/jpeg/jpeg_encoder.o
                0x2000ff48                load_block_16_8
 .text.load_block_16_8_8
                0x20010314      0x2a8 ./src/sub-systemCode/payload/Compression/jpeg/jpeg_encoder.o
                0x20010314                load_block_16_8_8
 .text.load_coefficients
                0x200105bc      0x1c8 ./src/sub-systemCode/payload/Compression/jpeg/jpeg_encoder.o
                0x200105bc                load_coefficients
 .text.flush_output_buffer
                0x20010784       0xa0 ./src/sub-systemCode/payload/Compression/jpeg/jpeg_encoder.o
                0x20010784                flush_output_buffer
 .text.put_bits
                0x20010824      0x170 ./src/sub-systemCode/payload/Compression/jpeg/jpeg_encoder.o
                0x20010824                put_bits
 .text.code_coefficients_pass_two
                0x20010994      0x338 ./src/sub-systemCode/payload/Compression/jpeg/jpeg_encoder.o
                0x20010994                code_coefficients_pass_two
 .text.code_block
                0x20010ccc       0x44 ./src/sub-systemCode/payload/Compression/jpeg/jpeg_encoder.o
                0x20010ccc                code_block
 .text.process_mcu_row
                0x20010d10      0x328 ./src/sub-systemCode/payload/Compression/jpeg/jpeg_encoder.o
                0x20010d10                process_mcu_row
 .text.terminate_pass_two
                0x20011038       0x44 ./src/sub-systemCode/payload/Compression/jpeg/jpeg_encoder.o
                0x20011038                terminate_pass_two
 .text.process_end_of_image
                0x2001107c       0xc0 ./src/sub-systemCode/payload/Compression/jpeg/jpeg_encoder.o
                0x2001107c                process_end_of_image
 .text.load_mcu
                0x2001113c      0x29c ./src/sub-systemCode/payload/Compression/jpeg/jpeg_encoder.o
                0x2001113c                load_mcu
 .text.clear    0x200113d8      0x1e0 ./src/sub-systemCode/payload/Compression/jpeg/jpeg_encoder.o
                0x200113d8                clear
 .text.init     0x200115b8       0xe4 ./src/sub-systemCode/payload/Compression/jpeg/jpeg_encoder.o
                0x200115b8                init
 .text.deinit   0x2001169c      0x160 ./src/sub-systemCode/payload/Compression/jpeg/jpeg_encoder.o
                0x2001169c                deinit
 .text.process_scanline
                0x200117fc       0x6c ./src/sub-systemCode/payload/Compression/jpeg/jpeg_encoder.o
                0x200117fc                process_scanline
 .text.jpge_malloc
                0x20011868       0x28 ./src/sub-systemCode/payload/Compression/jpeg/jpeg_memory_alloc.o
                0x20011868                jpge_malloc
 .text.jpge_cmalloc
                0x20011890       0x48 ./src/sub-systemCode/payload/Compression/jpeg/jpeg_memory_alloc.o
                0x20011890                jpge_cmalloc
 .text.jpge_free
                0x200118d8       0x24 ./src/sub-systemCode/payload/Compression/jpeg/jpeg_memory_alloc.o
                0x200118d8                jpge_free
 .text.check    0x200118fc       0x78 ./src/sub-systemCode/payload/Compression/jpeg/jpeg_params.o
                0x200118fc                check
 .text.open_jpeg_file
                0x20011974       0xfc ./src/sub-systemCode/payload/Compression/jpeg/output_stream.o
                0x20011974                open_jpeg_file
 .text.close_jpeg_file
                0x20011a70      0x118 ./src/sub-systemCode/payload/Compression/jpeg/output_stream.o
                0x20011a70                close_jpeg_file
 .text.put_buf  0x20011b88      0x258 ./src/sub-systemCode/payload/Compression/jpeg/output_stream.o
                0x20011b88                put_buf
 .text.GetBayerPixel
                0x20011de0       0xe8 ./src/sub-systemCode/payload/Compression/ImageConversion.o
 .text.BinImage
                0x20011ec8      0x2c8 ./src/sub-systemCode/payload/Compression/ImageConversion.o
                0x20011ec8                BinImage
 .text.ImageSkipping
                0x20012190      0x2ac ./src/sub-systemCode/payload/Compression/ImageConversion.o
                0x20012190                ImageSkipping
 .text.CreateImageThumbnail_withoutSearch
                0x2001243c      0x14c ./src/sub-systemCode/payload/Compression/ImageConversion.o
                0x2001243c                CreateImageThumbnail_withoutSearch
 .text.CreateImageThumbnail
                0x20012588       0x94 ./src/sub-systemCode/payload/Compression/ImageConversion.o
                0x20012588                CreateImageThumbnail
 .text.compressImage
                0x2001261c      0x17c ./src/sub-systemCode/payload/Compression/ImageConversion.o
                0x2001261c                compressImage
 .text.cmd_mute
                0x20012798       0xc4 ./src/sub-systemCode/Main/CMD/COMM_CMD.o
                0x20012798                cmd_mute
 .text.cmd_unmute
                0x2001285c       0x50 ./src/sub-systemCode/Main/CMD/COMM_CMD.o
                0x2001285c                cmd_unmute
 .text.cmd_active_trans
                0x200128ac       0xc0 ./src/sub-systemCode/Main/CMD/COMM_CMD.o
                0x200128ac                cmd_active_trans
 .text.cmd_shut_trans
                0x2001296c       0x38 ./src/sub-systemCode/Main/CMD/COMM_CMD.o
                0x2001296c                cmd_shut_trans
 .text.cmd_change_trans_rssi
                0x200129a4      0x100 ./src/sub-systemCode/Main/CMD/COMM_CMD.o
                0x200129a4                cmd_change_trans_rssi
 .text.cmd_aprs_dump
                0x20012aa4       0x50 ./src/sub-systemCode/Main/CMD/COMM_CMD.o
                0x20012aa4                cmd_aprs_dump
 .text.cmd_stop_dump
                0x20012af4       0x38 ./src/sub-systemCode/Main/CMD/COMM_CMD.o
                0x20012af4                cmd_stop_dump
 .text.cmd_time_frequency
                0x20012b2c       0xc0 ./src/sub-systemCode/Main/CMD/COMM_CMD.o
                0x20012b2c                cmd_time_frequency
 .text.cmd_change_def_bit_rate
                0x20012bec      0x158 ./src/sub-systemCode/Main/CMD/COMM_CMD.o
                0x20012bec                cmd_change_def_bit_rate
 .text.cmd_upload_volt_logic
                0x20012d44      0x3d0 ./src/sub-systemCode/Main/CMD/EPS_CMD.o
                0x20012d44                cmd_upload_volt_logic
 .text.cmd_upload_volt_COMM
                0x20013114      0x1c8 ./src/sub-systemCode/Main/CMD/EPS_CMD.o
                0x20013114                cmd_upload_volt_COMM
 .text.cmd_heater_temp
                0x200132dc       0xc0 ./src/sub-systemCode/Main/CMD/EPS_CMD.o
                0x200132dc                cmd_heater_temp
 .text.cmd_SHUT_CAM
                0x2001339c       0x6c ./src/sub-systemCode/Main/CMD/EPS_CMD.o
                0x2001339c                cmd_SHUT_CAM
 .text.cmd_SHUT_ADCS
                0x20013408       0x6c ./src/sub-systemCode/Main/CMD/EPS_CMD.o
                0x20013408                cmd_SHUT_ADCS
 .text.cmd_allow_CAM
                0x20013474       0x6c ./src/sub-systemCode/Main/CMD/EPS_CMD.o
                0x20013474                cmd_allow_CAM
 .text.cmd_allow_ADCS
                0x200134e0       0x6c ./src/sub-systemCode/Main/CMD/EPS_CMD.o
                0x200134e0                cmd_allow_ADCS
 .text.cmd_generic_I2C
                0x2001354c       0xb4 ./src/sub-systemCode/Main/CMD/General_CMD.o
                0x2001354c                cmd_generic_I2C
 .text.cmd_dump
                0x20013600       0xf0 ./src/sub-systemCode/Main/CMD/General_CMD.o
                0x20013600                cmd_dump
 .text.cmd_delete_TM
                0x200136f0      0x1dc ./src/sub-systemCode/Main/CMD/General_CMD.o
                0x200136f0                cmd_delete_TM
 .text.cmd_reset_file
                0x200138cc      0x110 ./src/sub-systemCode/Main/CMD/General_CMD.o
                0x200138cc                cmd_reset_file
 .text.cmd_dummy_func
                0x200139dc       0x40 ./src/sub-systemCode/Main/CMD/General_CMD.o
                0x200139dc                cmd_dummy_func
 .text.cmd_soft_reset_cmponent
                0x20013a1c       0xb0 ./src/sub-systemCode/Main/CMD/General_CMD.o
                0x20013a1c                cmd_soft_reset_cmponent
 .text.cmd_hard_reset_cmponent
                0x20013acc       0xb0 ./src/sub-systemCode/Main/CMD/General_CMD.o
                0x20013acc                cmd_hard_reset_cmponent
 .text.cmd_reset_satellite
                0x20013b7c       0x78 ./src/sub-systemCode/Main/CMD/General_CMD.o
                0x20013b7c                cmd_reset_satellite
 .text.cmd_gracefull_reset_satellite
                0x20013bf4       0x78 ./src/sub-systemCode/Main/CMD/General_CMD.o
                0x20013bf4                cmd_gracefull_reset_satellite
 .text.cmd_upload_time
                0x20013c6c       0xb0 ./src/sub-systemCode/Main/CMD/General_CMD.o
                0x20013c6c                cmd_upload_time
 .text.cmd_ARM_DIARM
                0x20013d1c       0xd4 ./src/sub-systemCode/Main/CMD/General_CMD.o
                0x20013d1c                cmd_ARM_DIARM
 .text.cmd_get_onlineTM
                0x20013df0       0xb8 ./src/sub-systemCode/Main/CMD/General_CMD.o
                0x20013df0                cmd_get_onlineTM
 .text.cmd_reset_off_line
                0x20013ea8       0x68 ./src/sub-systemCode/Main/CMD/General_CMD.o
                0x20013ea8                cmd_reset_off_line
 .text.cmd_add_item_off_line
                0x20013f10       0xf0 ./src/sub-systemCode/Main/CMD/General_CMD.o
                0x20013f10                cmd_add_item_off_line
 .text.cmd_reset_delayed_command_list
                0x20014000       0x3c ./src/sub-systemCode/Main/CMD/SW_CMD.o
                0x20014000                cmd_reset_delayed_command_list
 .text.cmd_reset_APRS_list
                0x2001403c       0x3c ./src/sub-systemCode/Main/CMD/SW_CMD.o
                0x2001403c                cmd_reset_APRS_list
 .text.cmd_reset_FRAM
                0x20014078       0xe8 ./src/sub-systemCode/Main/CMD/SW_CMD.o
                0x20014078                cmd_reset_FRAM
 .text.ARM_ants
                0x20014160       0xb8 ./src/sub-systemCode/Main/Ants.o
                0x20014160                ARM_ants
 .text.DISARM_ants
                0x20014218       0xb8 ./src/sub-systemCode/Main/Ants.o
                0x20014218                DISARM_ants
 .text.round_vol
                0x200142d0      0x124 ./src/sub-systemCode/Main/EPS.o
                0x200142d0                round_vol
 .text.get_shut_ADCS
                0x200143f4       0x48 ./src/sub-systemCode/Main/EPS.o
                0x200143f4                get_shut_ADCS
 .text.shut_ADCS
                0x2001443c       0x44 ./src/sub-systemCode/Main/EPS.o
                0x2001443c                shut_ADCS
 .text.get_shut_CAM
                0x20014480       0x48 ./src/sub-systemCode/Main/EPS.o
                0x20014480                get_shut_CAM
 .text.shut_CAM
                0x200144c8       0x44 ./src/sub-systemCode/Main/EPS.o
                0x200144c8                shut_CAM
 .text.update_powerLines
                0x2001450c       0xec ./src/sub-systemCode/Main/EPS.o
                0x2001450c                update_powerLines
 .text.init_enterMode
                0x200145f8       0x88 ./src/sub-systemCode/Main/EPS.o
                0x200145f8                init_enterMode
 .text.EPS_Init
                0x20014680      0x1c8 ./src/sub-systemCode/Main/EPS.o
                0x20014680                EPS_Init
 .text.reset_FRAM_EPS
                0x20014848       0xa4 ./src/sub-systemCode/Main/EPS.o
                0x20014848                reset_FRAM_EPS
 .text.reset_EPS_voltages
                0x200148ec       0xbc ./src/sub-systemCode/Main/EPS.o
                0x200148ec                reset_EPS_voltages
 .text.EPS_Conditioning
                0x200149a8      0x158 ./src/sub-systemCode/Main/EPS.o
                0x200149a8                EPS_Conditioning
 .text.overRide_ADCS
                0x20014b00       0x50 ./src/sub-systemCode/Main/EPS.o
                0x20014b00                overRide_ADCS
 .text.overRide_Camera
                0x20014b50       0x38 ./src/sub-systemCode/Main/EPS.o
                0x20014b50                overRide_Camera
 .text.EnterFullMode
                0x20014b88       0xfc ./src/sub-systemCode/Main/EPS.o
                0x20014b88                EnterFullMode
 .text.EnterCruiseMode
                0x20014c84       0xec ./src/sub-systemCode/Main/EPS.o
                0x20014c84                EnterCruiseMode
 .text.EnterSafeMode
                0x20014d70       0xec ./src/sub-systemCode/Main/EPS.o
                0x20014d70                EnterSafeMode
 .text.EnterCriticalMode
                0x20014e5c       0xd8 ./src/sub-systemCode/Main/EPS.o
                0x20014e5c                EnterCriticalMode
 .text.find_fileName
                0x20014f34      0x5e4 ./src/sub-systemCode/Main/HouseKeeping.o
                0x20014f34                find_fileName
 .text.size_of_element
                0x20015518      0x108 ./src/sub-systemCode/Main/HouseKeeping.o
                0x20015518                size_of_element
 .text.save_ACK
                0x20015620       0xc0 ./src/sub-systemCode/Main/HouseKeeping.o
                0x20015620                save_ACK
 .text.set_GP_EPS
                0x200156e0      0x10c ./src/sub-systemCode/Main/HouseKeeping.o
                0x200156e0                set_GP_EPS
 .text.set_GP_COMM
                0x200157ec       0x88 ./src/sub-systemCode/Main/HouseKeeping.o
                0x200157ec                set_GP_COMM
 .text.SP_HK_collect
                0x20015874      0x17c ./src/sub-systemCode/Main/HouseKeeping.o
                0x20015874                SP_HK_collect
 .text.EPS_HK_collect
                0x200159f0      0x4d8 ./src/sub-systemCode/Main/HouseKeeping.o
                0x200159f0                EPS_HK_collect
 .text.CAM_HK_collect
                0x20015ec8      0x91c ./src/sub-systemCode/Main/HouseKeeping.o
                0x20015ec8                CAM_HK_collect
 .text.COMM_HK_collect
                0x200167e4      0x154 ./src/sub-systemCode/Main/HouseKeeping.o
                0x200167e4                COMM_HK_collect
 .text.COMM_create_file
                0x20016938       0x74 ./src/sub-systemCode/Main/HouseKeeping.o
                0x20016938                COMM_create_file
 .text.ACK_create_file
                0x200169ac       0x74 ./src/sub-systemCode/Main/HouseKeeping.o
                0x200169ac                ACK_create_file
 .text.EPS_create_file
                0x20016a20       0x74 ./src/sub-systemCode/Main/HouseKeeping.o
                0x20016a20                EPS_create_file
 .text.CAM_create_file
                0x20016a94       0x54 ./src/sub-systemCode/Main/HouseKeeping.o
                0x20016a94                CAM_create_file
 .text.SP_create_file
                0x20016ae8       0x54 ./src/sub-systemCode/Main/HouseKeeping.o
                0x20016ae8                SP_create_file
 .text.create_files
                0x20016b3c       0x48 ./src/sub-systemCode/Main/HouseKeeping.o
                0x20016b3c                create_files
 .text.save_SP_HK
                0x20016b84       0x70 ./src/sub-systemCode/Main/HouseKeeping.o
                0x20016b84                save_SP_HK
 .text.save_EPS_HK
                0x20016bf4       0x70 ./src/sub-systemCode/Main/HouseKeeping.o
                0x20016bf4                save_EPS_HK
 .text.save_CAM_HK
                0x20016c64       0x84 ./src/sub-systemCode/Main/HouseKeeping.o
                0x20016c64                save_CAM_HK
 .text.save_COMM_HK
                0x20016ce8       0x70 ./src/sub-systemCode/Main/HouseKeeping.o
                0x20016ce8                save_COMM_HK
 .text.EPS_HK_raw_BigEnE
                0x20016d58      0x194 ./src/sub-systemCode/Main/HouseKeeping.o
                0x20016d58                EPS_HK_raw_BigEnE
 .text.CAM_HK_raw_BigEnE
                0x20016eec      0x194 ./src/sub-systemCode/Main/HouseKeeping.o
                0x20016eec                CAM_HK_raw_BigEnE
 .text.COMM_HK_raw_BigEnE
                0x20017080      0x194 ./src/sub-systemCode/Main/HouseKeeping.o
                0x20017080                COMM_HK_raw_BigEnE
 .text.ADCS_HK_raw_BigEnE
                0x20017214      0x194 ./src/sub-systemCode/Main/HouseKeeping.o
                0x20017214                ADCS_HK_raw_BigEnE
 .text.ADCS_SC_raw_BigEnE
                0x200173a8      0x188 ./src/sub-systemCode/Main/HouseKeeping.o
                0x200173a8                ADCS_SC_raw_BigEnE
 .text.build_HK_spl_packet
                0x20017530      0xa2c ./src/sub-systemCode/Main/HouseKeeping.o
                0x20017530                build_HK_spl_packet
 .text.HouseKeeping_highRate_Task
                0x20017f5c       0x78 ./src/sub-systemCode/Main/HouseKeeping.o
                0x20017f5c                HouseKeeping_highRate_Task
 .text.HouseKeeping_lowRate_Task
                0x20017fd4       0x74 ./src/sub-systemCode/Main/HouseKeeping.o
                0x20017fd4                HouseKeeping_lowRate_Task
 .text.reset_FIRST_activation
                0x20018048       0x34 ./src/sub-systemCode/Main/Main_Init.o
                0x20018048                reset_FIRST_activation
 .text.test_menu
                0x2001807c       0xb4 ./src/sub-systemCode/Main/Main_Init.o
                0x2001807c                test_menu
 .text.printImage
                0x20018130      0x158 ./src/sub-systemCode/Main/Main_Init.o
 .text.numberOfRestarts
                0x20018288       0x94 ./src/sub-systemCode/Main/Main_Init.o
                0x20018288                numberOfRestarts
 .text.StartFRAM
                0x2001831c       0x38 ./src/sub-systemCode/Main/Main_Init.o
                0x2001831c                StartFRAM
 .text.StartI2C
                0x20018354       0x44 ./src/sub-systemCode/Main/Main_Init.o
                0x20018354                StartI2C
 .text.StartSPI
                0x20018398       0x40 ./src/sub-systemCode/Main/Main_Init.o
                0x20018398                StartSPI
 .text.StartTIME
                0x200183d8      0x118 ./src/sub-systemCode/Main/Main_Init.o
                0x200183d8                StartTIME
 .text.first_activation
                0x200184f0       0x78 ./src/sub-systemCode/Main/Main_Init.o
                0x200184f0                first_activation
 .text.pre_written_test
                0x20018568       0xb4 ./src/sub-systemCode/Main/Main_Init.o
                0x20018568                pre_written_test
 .text.InitSubsystems
                0x2001861c       0xfc ./src/sub-systemCode/Main/Main_Init.o
                0x2001861c                InitSubsystems
 .text.SubSystemTaskStart
                0x20018718       0xec ./src/sub-systemCode/Main/Main_Init.o
                0x20018718                SubSystemTaskStart
 .text.copy_command
                0x20018804       0x80 ./src/sub-systemCode/Main/commands.o
                0x20018804                copy_command
 .text.reset_command
                0x20018884       0x28 ./src/sub-systemCode/Main/commands.o
                0x20018884                reset_command
 .text.init_command
                0x200188ac       0xd4 ./src/sub-systemCode/Main/commands.o
                0x200188ac                init_command
 .text.add_command
                0x20018980      0x138 ./src/sub-systemCode/Main/commands.o
                0x20018980                add_command
 .text.get_command
                0x20018ab8      0x1cc ./src/sub-systemCode/Main/commands.o
                0x20018ab8                get_command
 .text.act_upon_command
                0x20018c84      0x240 ./src/sub-systemCode/Main/commands.o
                0x20018c84                act_upon_command
 .text.cmd_error
                0x20018ec4       0x38 ./src/sub-systemCode/Main/commands.o
                0x20018ec4                cmd_error
 .text.AUC_COMM
                0x20018efc      0x25c ./src/sub-systemCode/Main/commands.o
                0x20018efc                AUC_COMM
 .text.AUC_general
                0x20019158      0x17c ./src/sub-systemCode/Main/commands.o
                0x20019158                AUC_general
 .text.AUC_payload
                0x200192d4      0x204 ./src/sub-systemCode/Main/commands.o
                0x200192d4                AUC_payload
 .text.AUC_EPS  0x200194d8      0x248 ./src/sub-systemCode/Main/commands.o
                0x200194d8                AUC_EPS
 .text.AUC_ADCS
                0x20019720       0x5c ./src/sub-systemCode/Main/commands.o
                0x20019720                AUC_ADCS
 .text.AUC_GS   0x2001977c      0x1fc ./src/sub-systemCode/Main/commands.o
                0x2001977c                AUC_GS
 .text.AUC_SW   0x20019978       0xe4 ./src/sub-systemCode/Main/commands.o
                0x20019978                AUC_SW
 .text.AUC_onlineTM
                0x20019a5c      0x16c ./src/sub-systemCode/Main/commands.o
                0x20019a5c                AUC_onlineTM
 .text.AUC_special_operation
                0x20019bc8       0x8c ./src/sub-systemCode/Main/commands.o
                0x20019bc8                AUC_special_operation
 .text.check_int
                0x20019c54       0x3c ./src/sub-systemCode/Global/Global.o
                0x20019c54                check_int
 .text.check_portBASE_TYPE
                0x20019c90       0x3c ./src/sub-systemCode/Global/Global.o
                0x20019c90                check_portBASE_TYPE
 .text.soft_reset_subsystem
                0x20019ccc       0xd8 ./src/sub-systemCode/Global/Global.o
                0x20019ccc                soft_reset_subsystem
 .text.hard_reset_subsystem
                0x20019da4       0xfc ./src/sub-systemCode/Global/Global.o
                0x20019da4                hard_reset_subsystem
 .text.BigEnE_raw_to_uInt
                0x20019ea0       0x94 ./src/sub-systemCode/Global/Global.o
                0x20019ea0                BigEnE_raw_to_uInt
 .text.BigEnE_raw_to_uShort
                0x20019f34       0x50 ./src/sub-systemCode/Global/Global.o
                0x20019f34                BigEnE_raw_to_uShort
 .text.BigEnE_uInt_to_raw
                0x20019f84       0x78 ./src/sub-systemCode/Global/Global.o
                0x20019f84                BigEnE_uInt_to_raw
 .text.reset_FRAM_MAIN
                0x20019ffc      0x19c ./src/sub-systemCode/Global/Global.o
                0x20019ffc                reset_FRAM_MAIN
 .text.getBitValueByIndex
                0x2001a198       0xd0 ./src/sub-systemCode/Global/Global.o
                0x2001a198                getBitValueByIndex
 .text.init_GP  0x2001a268      0x300 ./src/sub-systemCode/Global/GlobalParam.o
                0x2001a268                init_GP
 .text.get_system_state
                0x2001a568      0x268 ./src/sub-systemCode/Global/GlobalParam.o
                0x2001a568                get_system_state
 .text.set_system_state
                0x2001a7d0      0x298 ./src/sub-systemCode/Global/GlobalParam.o
                0x2001a7d0                set_system_state
 .text.get_current_global_param
                0x2001aa68      0x5c8 ./src/sub-systemCode/Global/GlobalParam.o
                0x2001aa68                get_current_global_param
 .text.set_Vbatt
                0x2001b030       0x8c ./src/sub-systemCode/Global/GlobalParam.o
                0x2001b030                set_Vbatt
 .text.get_Vbatt
                0x2001b0bc       0x8c ./src/sub-systemCode/Global/GlobalParam.o
                0x2001b0bc                get_Vbatt
 .text.set_curBat
                0x2001b148       0x8c ./src/sub-systemCode/Global/GlobalParam.o
                0x2001b148                set_curBat
 .text.set_cur3V3
                0x2001b1d4       0x8c ./src/sub-systemCode/Global/GlobalParam.o
                0x2001b1d4                set_cur3V3
 .text.set_cur5V
                0x2001b260       0x8c ./src/sub-systemCode/Global/GlobalParam.o
                0x2001b260                set_cur5V
 .text.set_tempComm_LO
                0x2001b2ec       0x8c ./src/sub-systemCode/Global/GlobalParam.o
                0x2001b2ec                set_tempComm_LO
 .text.set_tempComm_PA
                0x2001b378       0x8c ./src/sub-systemCode/Global/GlobalParam.o
                0x2001b378                set_tempComm_PA
 .text.set_tempEPS
                0x2001b404       0xc8 ./src/sub-systemCode/Global/GlobalParam.o
                0x2001b404                set_tempEPS
 .text.set_tempBatt
                0x2001b4cc       0xc8 ./src/sub-systemCode/Global/GlobalParam.o
                0x2001b4cc                set_tempBatt
 .text.set_RxDoppler
                0x2001b594       0x8c ./src/sub-systemCode/Global/GlobalParam.o
                0x2001b594                set_RxDoppler
 .text.set_RxRSSI
                0x2001b620       0x8c ./src/sub-systemCode/Global/GlobalParam.o
                0x2001b620                set_RxRSSI
 .text.set_TxRefl
                0x2001b6ac       0x8c ./src/sub-systemCode/Global/GlobalParam.o
                0x2001b6ac                set_TxRefl
 .text.set_TxForw
                0x2001b738       0x8c ./src/sub-systemCode/Global/GlobalParam.o
                0x2001b738                set_TxForw
 .text.get_ST   0x2001b7c4       0x8c ./src/sub-systemCode/Global/GlobalParam.o
                0x2001b7c4                get_ST
 .text.get_Attitude
                0x2001b850      0x128 ./src/sub-systemCode/Global/GlobalParam.o
                0x2001b850                get_Attitude
 .text.set_numOfAPRS
                0x2001b978       0x8c ./src/sub-systemCode/Global/GlobalParam.o
                0x2001b978                set_numOfAPRS
 .text.set_numOfResets
                0x2001ba04       0xac ./src/sub-systemCode/Global/GlobalParam.o
                0x2001ba04                set_numOfResets
 .text.set_ground_conn
                0x2001bab0       0xa0 ./src/sub-systemCode/Global/GlobalParam.o
                0x2001bab0                set_ground_conn
 .text.get_ground_conn
                0x2001bb50       0xa0 ./src/sub-systemCode/Global/GlobalParam.o
                0x2001bb50                get_ground_conn
 .text.IsisAntS_getStatusData_sideA
                0x2001bbf0       0x3c ./src/sub-systemCode/Global/OnlineTM.o
                0x2001bbf0                IsisAntS_getStatusData_sideA
 .text.IsisAntS_getAlltelemetry_sideA
                0x2001bc2c       0x3c ./src/sub-systemCode/Global/OnlineTM.o
                0x2001bc2c                IsisAntS_getAlltelemetry_sideA
 .text.IsisAntS_getTemperature_sideA
                0x2001bc68       0x3c ./src/sub-systemCode/Global/OnlineTM.o
                0x2001bc68                IsisAntS_getTemperature_sideA
 .text.IsisAntS_getStatusData_sideB
                0x2001bca4       0x3c ./src/sub-systemCode/Global/OnlineTM.o
                0x2001bca4                IsisAntS_getStatusData_sideB
 .text.IsisAntS_getAlltelemetry_sideB
                0x2001bce0       0x3c ./src/sub-systemCode/Global/OnlineTM.o
                0x2001bce0                IsisAntS_getAlltelemetry_sideB
 .text.IsisAntS_getTemperature_sideB
                0x2001bd1c       0x3c ./src/sub-systemCode/Global/OnlineTM.o
                0x2001bd1c                IsisAntS_getTemperature_sideB
 .text.get_item_by_index
                0x2001bd58       0xd8 ./src/sub-systemCode/Global/OnlineTM.o
                0x2001bd58                get_item_by_index
 .text.init_onlineParam
                0x2001be30      0xc80 ./src/sub-systemCode/Global/OnlineTM.o
                0x2001be30                init_onlineParam
 .text.reset_offline_TM_list
                0x2001cab0       0x50 ./src/sub-systemCode/Global/OnlineTM.o
                0x2001cab0                reset_offline_TM_list
 .text.get_online_packet
                0x2001cb00      0x254 ./src/sub-systemCode/Global/OnlineTM.o
                0x2001cb00                get_online_packet
 .text.add_onlineTM_param_to_save_list
                0x2001cd54      0x214 ./src/sub-systemCode/Global/OnlineTM.o
                0x2001cd54                add_onlineTM_param_to_save_list
 .text.delete_allTMFilesFromSD
                0x2001cf68       0xf8 ./src/sub-systemCode/Global/TLM_management.o
                0x2001cf68                delete_allTMFilesFromSD
 .text.getNumOfFilesInFS
                0x2001d060       0x44 ./src/sub-systemCode/Global/TLM_management.o
 .text.setNumOfFilesInFS
                0x2001d0a4       0x50 ./src/sub-systemCode/Global/TLM_management.o
 .text.f_managed_enterFS
                0x2001d0f4       0x24 ./src/sub-systemCode/Global/TLM_management.o
                0x2001d0f4                f_managed_enterFS
 .text.f_managed_releaseFS
                0x2001d118       0x18 ./src/sub-systemCode/Global/TLM_management.o
                0x2001d118                f_managed_releaseFS
 .text.f_managed_open
                0x2001d130       0x3c ./src/sub-systemCode/Global/TLM_management.o
                0x2001d130                f_managed_open
 .text.f_managed_close
                0x2001d16c       0x2c ./src/sub-systemCode/Global/TLM_management.o
                0x2001d16c                f_managed_close
 .text.InitializeFS
                0x2001d198      0x188 ./src/sub-systemCode/Global/TLM_management.o
                0x2001d198                InitializeFS
 .text.c_fileCreate
                0x2001d320       0xf4 ./src/sub-systemCode/Global/TLM_management.o
                0x2001d320                c_fileCreate
 .text.writewithEpochtime
                0x2001d414       0x9c ./src/sub-systemCode/Global/TLM_management.o
 .text.get_C_FILE_struct
                0x2001d4b0      0x104 ./src/sub-systemCode/Global/TLM_management.o
 .text.getFileIndex
                0x2001d5b4       0x4c ./src/sub-systemCode/Global/TLM_management.o
 .text.get_file_name_by_index
                0x2001d600       0x54 ./src/sub-systemCode/Global/TLM_management.o
                0x2001d600                get_file_name_by_index
 .text.c_fileReset
                0x2001d654       0xbc ./src/sub-systemCode/Global/TLM_management.o
                0x2001d654                c_fileReset
 .text.c_fileWrite
                0x2001d710      0x138 ./src/sub-systemCode/Global/TLM_management.o
                0x2001d710                c_fileWrite
 .text.c_fileRead
                0x2001d848      0x2bc ./src/sub-systemCode/Global/TLM_management.o
                0x2001d848                c_fileRead
 .text.WriteLog
                0x2001db04       0x94 ./src/sub-systemCode/Global/logger.o
                0x2001db04                WriteLog
 .text.WritePayloadLog
                0x2001db98       0x54 ./src/sub-systemCode/Global/logger.o
                0x2001db98                WritePayloadLog
 .text.reset_APRS_list
                0x2001dbec       0xa4 ./src/sub-systemCode/COMM/APRS.o
                0x2001dbec                reset_APRS_list
 .text.send_APRS_Dump
                0x2001dc90      0x1c0 ./src/sub-systemCode/COMM/APRS.o
                0x2001dc90                send_APRS_Dump
 .text.check_APRS
                0x2001de50      0x1a4 ./src/sub-systemCode/COMM/APRS.o
                0x2001de50                check_APRS
 .text.get_APRS_list
                0x2001dff4       0x88 ./src/sub-systemCode/COMM/APRS.o
                0x2001dff4                get_APRS_list
 .text.find_CMD_in_list
                0x2001e07c       0x7c ./src/sub-systemCode/COMM/DelayedCommand_list.o
                0x2001e07c                find_CMD_in_list
 .text.find_empty_in_list
                0x2001e0f8       0x74 ./src/sub-systemCode/COMM/DelayedCommand_list.o
                0x2001e0f8                find_empty_in_list
 .text.check_delayCommandTime
                0x2001e16c       0x8c ./src/sub-systemCode/COMM/DelayedCommand_list.o
                0x2001e16c                check_delayCommandTime
 .text.execute_delayedCommand
                0x2001e1f8       0x64 ./src/sub-systemCode/COMM/DelayedCommand_list.o
                0x2001e1f8                execute_delayedCommand
 .text.check_delaycommand
                0x2001e25c      0x170 ./src/sub-systemCode/COMM/DelayedCommand_list.o
                0x2001e25c                check_delaycommand
 .text.reset_delayCommand
                0x2001e3cc       0x8c ./src/sub-systemCode/COMM/DelayedCommand_list.o
                0x2001e3cc                reset_delayCommand
 .text.add_delayCommand
                0x2001e458      0x1a4 ./src/sub-systemCode/COMM/DelayedCommand_list.o
                0x2001e458                add_delayCommand
 .text.get_delayCommand_list
                0x2001e5fc       0x80 ./src/sub-systemCode/COMM/DelayedCommand_list.o
                0x2001e5fc                get_delayCommand_list
 .text.EmptyOldestCommand
                0x2001e67c       0xfc ./src/sub-systemCode/COMM/DelayedCommand_list.o
                0x2001e67c                EmptyOldestCommand
 .text.decode_TCpacket
                0x2001e778      0x16c ./src/sub-systemCode/COMM/GSC.o
                0x2001e778                decode_TCpacket
 .text.encode_TCpacket
                0x2001e8e4      0x114 ./src/sub-systemCode/COMM/GSC.o
                0x2001e8e4                encode_TCpacket
 .text.encode_TMpacket
                0x2001e9f8      0x104 ./src/sub-systemCode/COMM/GSC.o
                0x2001e9f8                encode_TMpacket
 .text.build_raw_ACK
                0x2001eafc       0xbc ./src/sub-systemCode/COMM/GSC.o
                0x2001eafc                build_raw_ACK
 .text.build_data_field_ACK
                0x2001ebb8       0x74 ./src/sub-systemCode/COMM/GSC.o
                0x2001ebb8                build_data_field_ACK
 .text.toggle_idle_state
                0x2001ec2c       0x64 ./src/sub-systemCode/COMM/TRXVU.o
                0x2001ec2c                toggle_idle_state
 .text.TRXVU_init_hardWare
                0x2001ec90       0x98 ./src/sub-systemCode/COMM/TRXVU.o
                0x2001ec90                TRXVU_init_hardWare
 .text.TRXVU_init_softWare
                0x2001ed28      0x1a4 ./src/sub-systemCode/COMM/TRXVU.o
                0x2001ed28                TRXVU_init_softWare
 .text.init_trxvu
                0x2001eecc       0x14 ./src/sub-systemCode/COMM/TRXVU.o
                0x2001eecc                init_trxvu
 .text.TRXVU_task
                0x2001eee0       0x9c ./src/sub-systemCode/COMM/TRXVU.o
                0x2001eee0                TRXVU_task
 .text.dump_logic
                0x2001ef7c      0x324 ./src/sub-systemCode/COMM/TRXVU.o
                0x2001ef7c                dump_logic
 .text.Dump_task
                0x2001f2a0      0x16c ./src/sub-systemCode/COMM/TRXVU.o
                0x2001f2a0                Dump_task
 .text.transponder_logic
                0x2001f40c       0xbc ./src/sub-systemCode/COMM/TRXVU.o
                0x2001f40c                transponder_logic
 .text.Transponder_task
                0x2001f4c8      0x1f4 ./src/sub-systemCode/COMM/TRXVU.o
                0x2001f4c8                Transponder_task
 .text.lookForRequestToDelete_transponder
                0x2001f6bc       0xac ./src/sub-systemCode/COMM/TRXVU.o
                0x2001f6bc                lookForRequestToDelete_transponder
 .text.lookForRequestToDelete_dump
                0x2001f768       0x7c ./src/sub-systemCode/COMM/TRXVU.o
                0x2001f768                lookForRequestToDelete_dump
 .text.sendRequestToStop_dump
                0x2001f7e4       0x8c ./src/sub-systemCode/COMM/TRXVU.o
                0x2001f7e4                sendRequestToStop_dump
 .text.sendRequestToStop_transponder
                0x2001f870       0x98 ./src/sub-systemCode/COMM/TRXVU.o
                0x2001f870                sendRequestToStop_transponder
 .text.Rx_logic
                0x2001f908      0x184 ./src/sub-systemCode/COMM/TRXVU.o
                0x2001f908                Rx_logic
 .text.pass_above_Ground
                0x2001fa8c      0x104 ./src/sub-systemCode/COMM/TRXVU.o
                0x2001fa8c                pass_above_Ground
 .text.trxvu_logic
                0x2001fb90       0x1c ./src/sub-systemCode/COMM/TRXVU.o
                0x2001fb90                trxvu_logic
 .text.Beacon_task
                0x2001fbac      0x170 ./src/sub-systemCode/COMM/TRXVU.o
                0x2001fbac                Beacon_task
 .text.buildAndSend_beacon
                0x2001fd1c      0x604 ./src/sub-systemCode/COMM/TRXVU.o
                0x2001fd1c                buildAndSend_beacon
 .text.reset_FRAM_TRXVU
                0x20020320      0x160 ./src/sub-systemCode/COMM/TRXVU.o
                0x20020320                reset_FRAM_TRXVU
 .text.TRX_sendFrame
                0x20020480      0x1c0 ./src/sub-systemCode/COMM/TRXVU.o
                0x20020480                TRX_sendFrame
 .text.TRX_getFrameData
                0x20020640      0x128 ./src/sub-systemCode/COMM/TRXVU.o
                0x20020640                TRX_getFrameData
 .text.mute_Tx  0x20020768       0x20 ./src/sub-systemCode/COMM/TRXVU.o
                0x20020768                mute_Tx
 .text.unmute_Tx
                0x20020788       0x60 ./src/sub-systemCode/COMM/TRXVU.o
                0x20020788                unmute_Tx
 .text.check_time_off_mute
                0x200207e8       0x88 ./src/sub-systemCode/COMM/TRXVU.o
                0x200207e8                check_time_off_mute
 .text.set_mute_time
                0x20020870       0xb4 ./src/sub-systemCode/COMM/TRXVU.o
                0x20020870                set_mute_time
 .text.change_TRXVU_state
                0x20020924       0xd0 ./src/sub-systemCode/COMM/TRXVU.o
                0x20020924                change_TRXVU_state
 .text.change_trans_RSSI
                0x200209f4       0x60 ./src/sub-systemCode/COMM/TRXVU.o
                0x200209f4                change_trans_RSSI
 .text.init_adcs
                0x20020a54      0x104 ./src/sub-systemCode/ADCS/ADCS.o
                0x20020a54                init_adcs
 .text.telemtryStart
                0x20020b58      0x16c ./src/sub-systemCode/ADCS/Stage_Table.o
                0x20020b58                telemtryStart
 .text.powerStart
                0x20020cc4       0x5c ./src/sub-systemCode/ADCS/Stage_Table.o
                0x20020cc4                powerStart
 .text.createTable
                0x20020d20       0xb4 ./src/sub-systemCode/ADCS/Stage_Table.o
                0x20020d20                createTable
 .text.buildControlMode
                0x20020dd4       0x60 ./src/sub-systemCode/ADCS/Stage_Table.o
                0x20020dd4                buildControlMode
 .text.Check_Table
                0x20020e34      0x178 ./src/sub-systemCode/ADCS/Stage_Table.o
                0x20020e34                Check_Table
 .text.updateTable
                0x20020fac      0x1f0 ./src/sub-systemCode/ADCS/Stage_Table.o
                0x20020fac                updateTable
 .text.translateCommandFULL
                0x2002119c       0x78 ./src/sub-systemCode/ADCS/Stage_Table.o
                0x2002119c                translateCommandFULL
 .text.getTableTo
                0x20021214       0x64 ./src/sub-systemCode/ADCS/Stage_Table.o
                0x20021214                getTableTo
 .text.save_time
                0x20021278       0x9c ./src/main.o
                0x20021278                save_time
 .text.Command_logic
                0x20021314       0x6c ./src/main.o
                0x20021314                Command_logic
 .text.taskMain
                0x20021380       0x74 ./src/main.o
                0x20021380                taskMain
 .text.main     0x200213f4       0xbc ./src/main.o
                0x200213f4                main
 .text.GomEpsInitialize
                0x200214b0      0x148 C:/ISIS/workspace/HOOPOE3/satellite-subsystems/demo/..//satellite-subsystems/lib\libSatelliteSubsystemsD.a(GomEPS.o)
                0x200214b0                GomEpsInitialize
 .text.makeEPStransfer
                0x200215f8       0x3c C:/ISIS/workspace/HOOPOE3/satellite-subsystems/demo/..//satellite-subsystems/lib\libSatelliteSubsystemsD.a(GomEPS.o)
 .text.GomEpsPing
                0x20021634       0xf8 C:/ISIS/workspace/HOOPOE3/satellite-subsystems/demo/..//satellite-subsystems/lib\libSatelliteSubsystemsD.a(GomEPS.o)
                0x20021634                GomEpsPing
 .text.GomEpsSoftReset
                0x2002172c       0xc4 C:/ISIS/workspace/HOOPOE3/satellite-subsystems/demo/..//satellite-subsystems/lib\libSatelliteSubsystemsD.a(GomEPS.o)
                0x2002172c                GomEpsSoftReset
 .text.GomEpsHardReset
                0x200217f0       0xa8 C:/ISIS/workspace/HOOPOE3/satellite-subsystems/demo/..//satellite-subsystems/lib\libSatelliteSubsystemsD.a(GomEPS.o)
                0x200217f0                GomEpsHardReset
 .text.GomEpsGetHkData_param
                0x20021898      0x29c C:/ISIS/workspace/HOOPOE3/satellite-subsystems/demo/..//satellite-subsystems/lib\libSatelliteSubsystemsD.a(GomEPS.o)
                0x20021898                GomEpsGetHkData_param
 .text.GomEpsGetHkData_general
                0x20021b34      0x45c C:/ISIS/workspace/HOOPOE3/satellite-subsystems/demo/..//satellite-subsystems/lib\libSatelliteSubsystemsD.a(GomEPS.o)
                0x20021b34                GomEpsGetHkData_general
 .text.GomEpsGetHkData_vi
                0x20021f90      0x188 C:/ISIS/workspace/HOOPOE3/satellite-subsystems/demo/..//satellite-subsystems/lib\libSatelliteSubsystemsD.a(GomEPS.o)
                0x20021f90                GomEpsGetHkData_vi
 .text.GomEpsGetHkData_out
                0x20022118      0x21c C:/ISIS/workspace/HOOPOE3/satellite-subsystems/demo/..//satellite-subsystems/lib\libSatelliteSubsystemsD.a(GomEPS.o)
                0x20022118                GomEpsGetHkData_out
 .text.GomEpsGetHkData_wdt
                0x20022334      0x2b4 C:/ISIS/workspace/HOOPOE3/satellite-subsystems/demo/..//satellite-subsystems/lib\libSatelliteSubsystemsD.a(GomEPS.o)
                0x20022334                GomEpsGetHkData_wdt
 .text.GomEpsGetHkData_basic
                0x200225e8      0x22c C:/ISIS/workspace/HOOPOE3/satellite-subsystems/demo/..//satellite-subsystems/lib\libSatelliteSubsystemsD.a(GomEPS.o)
                0x200225e8                GomEpsGetHkData_basic
 .text.GomEpsSetOutput
                0x20022814       0xbc C:/ISIS/workspace/HOOPOE3/satellite-subsystems/demo/..//satellite-subsystems/lib\libSatelliteSubsystemsD.a(GomEPS.o)
                0x20022814                GomEpsSetOutput
 .text.GomEpsResetWDT
                0x200228d0       0xc4 C:/ISIS/workspace/HOOPOE3/satellite-subsystems/demo/..//satellite-subsystems/lib\libSatelliteSubsystemsD.a(GomEPS.o)
                0x200228d0                GomEpsResetWDT
 .text.GomEpsConfigGet
                0x20022994      0x16c C:/ISIS/workspace/HOOPOE3/satellite-subsystems/demo/..//satellite-subsystems/lib\libSatelliteSubsystemsD.a(GomEPS.o)
                0x20022994                GomEpsConfigGet
 .text.GomEpsConfigSet
                0x20022b00      0x184 C:/ISIS/workspace/HOOPOE3/satellite-subsystems/demo/..//satellite-subsystems/lib\libSatelliteSubsystemsD.a(GomEPS.o)
                0x20022b00                GomEpsConfigSet
 .text.GomEpsConfig2Get
                0x20022c84      0x16c C:/ISIS/workspace/HOOPOE3/satellite-subsystems/demo/..//satellite-subsystems/lib\libSatelliteSubsystemsD.a(GomEPS.o)
                0x20022c84                GomEpsConfig2Get
 .text.makeAntStransfer
                0x20022df0       0x4c C:/ISIS/workspace/HOOPOE3/satellite-subsystems/demo/..//satellite-subsystems/lib\libSatelliteSubsystemsD.a(IsisAntS.o)
 .text.checkInputsValid
                0x20022e3c       0x7c C:/ISIS/workspace/HOOPOE3/satellite-subsystems/demo/..//satellite-subsystems/lib\libSatelliteSubsystemsD.a(IsisAntS.o)
 .text.IsisAntS_setArmStatus
                0x20022eb8      0x104 C:/ISIS/workspace/HOOPOE3/satellite-subsystems/demo/..//satellite-subsystems/lib\libSatelliteSubsystemsD.a(IsisAntS.o)
                0x20022eb8                IsisAntS_setArmStatus
 .text.IsisAntS_getStatusData
                0x20022fbc      0x120 C:/ISIS/workspace/HOOPOE3/satellite-subsystems/demo/..//satellite-subsystems/lib\libSatelliteSubsystemsD.a(IsisAntS.o)
                0x20022fbc                IsisAntS_getStatusData
 .text.IsisAntS_getTemperature
                0x200230dc      0x120 C:/ISIS/workspace/HOOPOE3/satellite-subsystems/demo/..//satellite-subsystems/lib\libSatelliteSubsystemsD.a(IsisAntS.o)
                0x200230dc                IsisAntS_getTemperature
 .text.IsisAntS_getAlltelemetry
                0x200231fc      0x120 C:/ISIS/workspace/HOOPOE3/satellite-subsystems/demo/..//satellite-subsystems/lib\libSatelliteSubsystemsD.a(IsisAntS.o)
                0x200231fc                IsisAntS_getAlltelemetry
 .text.IsisAntS_reset
                0x2002331c      0x104 C:/ISIS/workspace/HOOPOE3/satellite-subsystems/demo/..//satellite-subsystems/lib\libSatelliteSubsystemsD.a(IsisAntS.o)
                0x2002331c                IsisAntS_reset
 .text.IsisSolarPanelv2_initialize
                0x20023420       0xb4 C:/ISIS/workspace/HOOPOE3/satellite-subsystems/demo/..//satellite-subsystems/lib\libSatelliteSubsystemsD.a(IsisSolarPanelv2.o)
                0x20023420                IsisSolarPanelv2_initialize
 .text.IsisSolarPanelv2_getTemperature
                0x200234d4       0xc8 C:/ISIS/workspace/HOOPOE3/satellite-subsystems/demo/..//satellite-subsystems/lib\libSatelliteSubsystemsD.a(IsisSolarPanelv2.o)
                0x200234d4                IsisSolarPanelv2_getTemperature
 .text.IsisSolarPanelv2_sleep
                0x2002359c       0xbc C:/ISIS/workspace/HOOPOE3/satellite-subsystems/demo/..//satellite-subsystems/lib\libSatelliteSubsystemsD.a(IsisSolarPanelv2.o)
                0x2002359c                IsisSolarPanelv2_sleep
 .text.IsisSolarPanelv2_wakeup
                0x20023658       0x80 C:/ISIS/workspace/HOOPOE3/satellite-subsystems/demo/..//satellite-subsystems/lib\libSatelliteSubsystemsD.a(IsisSolarPanelv2.o)
                0x20023658                IsisSolarPanelv2_wakeup
 .text._Reset   0x200236d8       0x20 C:/ISIS/workspace/HOOPOE3/satellite-subsystems/demo/..//satellite-subsystems/lib\libSatelliteSubsystemsD.a(IsisSolarPanelv2.o)
 .text._WaitForStartup
                0x200236f8       0x90 C:/ISIS/workspace/HOOPOE3/satellite-subsystems/demo/..//satellite-subsystems/lib\libSatelliteSubsystemsD.a(IsisSolarPanelv2.o)
 .text._AssignAllChannels
                0x20023788       0x90 C:/ISIS/workspace/HOOPOE3/satellite-subsystems/demo/..//satellite-subsystems/lib\libSatelliteSubsystemsD.a(IsisSolarPanelv2.o)
 .text._AssignThisChannel
                0x20023818       0xe8 C:/ISIS/workspace/HOOPOE3/satellite-subsystems/demo/..//satellite-subsystems/lib\libSatelliteSubsystemsD.a(IsisSolarPanelv2.o)
 .text._InitiateConversion
                0x20023900       0xac C:/ISIS/workspace/HOOPOE3/satellite-subsystems/demo/..//satellite-subsystems/lib\libSatelliteSubsystemsD.a(IsisSolarPanelv2.o)
 .text._WaitForConversionComplete
                0x200239ac      0x100 C:/ISIS/workspace/HOOPOE3/satellite-subsystems/demo/..//satellite-subsystems/lib\libSatelliteSubsystemsD.a(IsisSolarPanelv2.o)
 .text._ReadResult
                0x20023aac      0x158 C:/ISIS/workspace/HOOPOE3/satellite-subsystems/demo/..//satellite-subsystems/lib\libSatelliteSubsystemsD.a(IsisSolarPanelv2.o)
 .text._ExtractByte
                0x20023c04       0x38 C:/ISIS/workspace/HOOPOE3/satellite-subsystems/demo/..//satellite-subsystems/lib\libSatelliteSubsystemsD.a(IsisSolarPanelv2.o)
 .text._ExtendSign
                0x20023c3c       0x6c C:/ISIS/workspace/HOOPOE3/satellite-subsystems/demo/..//satellite-subsystems/lib\libSatelliteSubsystemsD.a(IsisSolarPanelv2.o)
 .text._PinsInit
                0x20023ca8       0x50 C:/ISIS/workspace/HOOPOE3/satellite-subsystems/demo/..//satellite-subsystems/lib\libSatelliteSubsystemsD.a(IsisSolarPanelv2.o)
 .text._SpiWriteRead
                0x20023cf8       0x70 C:/ISIS/workspace/HOOPOE3/satellite-subsystems/demo/..//satellite-subsystems/lib\libSatelliteSubsystemsD.a(IsisSolarPanelv2.o)
 .text.IsisTrxvu_initialize
                0x20023d68      0x2f4 C:/ISIS/workspace/HOOPOE3/satellite-subsystems/demo/..//satellite-subsystems/lib\libSatelliteSubsystemsD.a(IsisTRXVU.o)
                0x20023d68                IsisTrxvu_initialize
 .text.makeTRXVUtransfer
                0x2002405c       0x44 C:/ISIS/workspace/HOOPOE3/satellite-subsystems/demo/..//satellite-subsystems/lib\libSatelliteSubsystemsD.a(IsisTRXVU.o)
 .text.IsisTrxvu_componentSoftReset
                0x200240a0       0x6c C:/ISIS/workspace/HOOPOE3/satellite-subsystems/demo/..//satellite-subsystems/lib\libSatelliteSubsystemsD.a(IsisTRXVU.o)
                0x200240a0                IsisTrxvu_componentSoftReset
 .text.IsisTrxvu_componentHardReset
                0x2002410c       0xc8 C:/ISIS/workspace/HOOPOE3/satellite-subsystems/demo/..//satellite-subsystems/lib\libSatelliteSubsystemsD.a(IsisTRXVU.o)
                0x2002410c                IsisTrxvu_componentHardReset
 .text.IsisTrxvu_softReset
                0x200241d4       0x74 C:/ISIS/workspace/HOOPOE3/satellite-subsystems/demo/..//satellite-subsystems/lib\libSatelliteSubsystemsD.a(IsisTRXVU.o)
                0x200241d4                IsisTrxvu_softReset
 .text.IsisTrxvu_hardReset
                0x20024248       0x74 C:/ISIS/workspace/HOOPOE3/satellite-subsystems/demo/..//satellite-subsystems/lib\libSatelliteSubsystemsD.a(IsisTRXVU.o)
                0x20024248                IsisTrxvu_hardReset
 .text.IsisTrxvu_tcSendAX25DefClSign
                0x200242bc       0xec C:/ISIS/workspace/HOOPOE3/satellite-subsystems/demo/..//satellite-subsystems/lib\libSatelliteSubsystemsD.a(IsisTRXVU.o)
                0x200242bc                IsisTrxvu_tcSendAX25DefClSign
 .text.IsisTrxvu_tcSetIdlestate
                0x200243a8       0xa4 C:/ISIS/workspace/HOOPOE3/satellite-subsystems/demo/..//satellite-subsystems/lib\libSatelliteSubsystemsD.a(IsisTRXVU.o)
                0x200243a8                IsisTrxvu_tcSetIdlestate
 .text.IsisTrxvu_tcSetAx25Bitrate
                0x2002444c       0xc4 C:/ISIS/workspace/HOOPOE3/satellite-subsystems/demo/..//satellite-subsystems/lib\libSatelliteSubsystemsD.a(IsisTRXVU.o)
                0x2002444c                IsisTrxvu_tcSetAx25Bitrate
 .text.IsisTrxvu_tcGetTelemetryAll
                0x20024510       0xd0 C:/ISIS/workspace/HOOPOE3/satellite-subsystems/demo/..//satellite-subsystems/lib\libSatelliteSubsystemsD.a(IsisTRXVU.o)
                0x20024510                IsisTrxvu_tcGetTelemetryAll
 .text.IsisTrxvu_tcGetTelemetryAll_revC
                0x200245e0       0xd0 C:/ISIS/workspace/HOOPOE3/satellite-subsystems/demo/..//satellite-subsystems/lib\libSatelliteSubsystemsD.a(IsisTRXVU.o)
                0x200245e0                IsisTrxvu_tcGetTelemetryAll_revC
 .text.IsisTrxvu_rcGetFrameCount
                0x200246b0       0xa0 C:/ISIS/workspace/HOOPOE3/satellite-subsystems/demo/..//satellite-subsystems/lib\libSatelliteSubsystemsD.a(IsisTRXVU.o)
                0x200246b0                IsisTrxvu_rcGetFrameCount
 .text.IsisTrxvu_rcGetCommandFrame
                0x20024750      0x2d8 C:/ISIS/workspace/HOOPOE3/satellite-subsystems/demo/..//satellite-subsystems/lib\libSatelliteSubsystemsD.a(IsisTRXVU.o)
                0x20024750                IsisTrxvu_rcGetCommandFrame
 .text.IsisTrxvu_rcGetTelemetryAll
                0x20024a28       0xd0 C:/ISIS/workspace/HOOPOE3/satellite-subsystems/demo/..//satellite-subsystems/lib\libSatelliteSubsystemsD.a(IsisTRXVU.o)
                0x20024a28                IsisTrxvu_rcGetTelemetryAll
 .text.IsisTrxvu_rcGetTelemetryAll_revC
                0x20024af8       0xec C:/ISIS/workspace/HOOPOE3/satellite-subsystems/demo/..//satellite-subsystems/lib\libSatelliteSubsystemsD.a(IsisTRXVU.o)
                0x20024af8                IsisTrxvu_rcGetTelemetryAll_revC
 .text.cspaceADCS_initialize
                0x20024be4      0x18c C:/ISIS/workspace/HOOPOE3/satellite-subsystems/demo/..//satellite-subsystems/lib\libSatelliteSubsystemsD.a(cspaceADCS.o)
                0x20024be4                cspaceADCS_initialize
 .text.make_cspaceADCStransfer
                0x20024d70      0x1b4 C:/ISIS/workspace/HOOPOE3/satellite-subsystems/demo/..//satellite-subsystems/lib\libSatelliteSubsystemsD.a(cspaceADCS.o)
 .text.cspaceADCS_componentReset
                0x20024f24       0xbc C:/ISIS/workspace/HOOPOE3/satellite-subsystems/demo/..//satellite-subsystems/lib\libSatelliteSubsystemsD.a(cspaceADCS.o)
                0x20024f24                cspaceADCS_componentReset
 .text.cspaceADCS_setRunMode
                0x20024fe0       0xbc C:/ISIS/workspace/HOOPOE3/satellite-subsystems/demo/..//satellite-subsystems/lib\libSatelliteSubsystemsD.a(cspaceADCS.o)
                0x20024fe0                cspaceADCS_setRunMode
 .text.cspaceADCS_setPwrCtrlDevice
                0x2002509c       0xd0 C:/ISIS/workspace/HOOPOE3/satellite-subsystems/demo/..//satellite-subsystems/lib\libSatelliteSubsystemsD.a(cspaceADCS.o)
                0x2002509c                cspaceADCS_setPwrCtrlDevice
 .text.cspaceADCS_setAttCtrlMode
                0x2002516c       0xd0 C:/ISIS/workspace/HOOPOE3/satellite-subsystems/demo/..//satellite-subsystems/lib\libSatelliteSubsystemsD.a(cspaceADCS.o)
                0x2002516c                cspaceADCS_setAttCtrlMode
 .text.cspaceADCS_setAttEstMode
                0x2002523c       0xbc C:/ISIS/workspace/HOOPOE3/satellite-subsystems/demo/..//satellite-subsystems/lib\libSatelliteSubsystemsD.a(cspaceADCS.o)
                0x2002523c                cspaceADCS_setAttEstMode
 .text.cspaceADCS_getCurrentState
                0x200252f8       0xc4 C:/ISIS/workspace/HOOPOE3/satellite-subsystems/demo/..//satellite-subsystems/lib\libSatelliteSubsystemsD.a(cspaceADCS.o)
                0x200252f8                cspaceADCS_getCurrentState
 .text.cspaceADCS_getPwrCtrlDevice
                0x200253bc       0xc4 C:/ISIS/workspace/HOOPOE3/satellite-subsystems/demo/..//satellite-subsystems/lib\libSatelliteSubsystemsD.a(cspaceADCS.o)
                0x200253bc                cspaceADCS_getPwrCtrlDevice
 .text.GECKO_Init