Archive member included because of file (symbol)

c:/isis/application/toolchain/bin/../lib/gcc/arm-none-eabi/4.7.4/../../../../arm-none-eabi/lib\libc_s.a(lib_a-vfprintf_float.o)
                              (_printf_float)
c:/isis/application/toolchain/bin/../lib/gcc/arm-none-eabi/4.7.4/../../../../arm-none-eabi/lib\libc_s.a(lib_a-vfprintf_i.o)
                              c:/isis/application/toolchain/bin/../lib/gcc/arm-none-eabi/4.7.4/../../../../arm-none-eabi/lib\libc_s.a(lib_a-vfprintf_float.o) (_printf_common)
c:/isis/application/toolchain/bin/../lib/gcc/arm-none-eabi/4.7.4/../../../../arm-none-eabi/lib\libc_s.a(lib_a-vfscanf_float.o)
                              (_scanf_float)
c:/isis/application/toolchain/bin/../lib/gcc/arm-none-eabi/4.7.4/../../../../arm-none-eabi/lib\libc_s.a(lib_a-dtoa.o)
                              c:/isis/application/toolchain/bin/../lib/gcc/arm-none-eabi/4.7.4/../../../../arm-none-eabi/lib\libc_s.a(lib_a-vfprintf_float.o) (_dtoa_r)
c:/isis/application/toolchain/bin/../lib/gcc/arm-none-eabi/4.7.4/../../../../arm-none-eabi/lib\libc_s.a(lib_a-locale.o)
                              c:/isis/application/toolchain/bin/../lib/gcc/arm-none-eabi/4.7.4/../../../../arm-none-eabi/lib\libc_s.a(lib_a-vfprintf_float.o) (_localeconv_r)
c:/isis/application/toolchain/bin/../lib/gcc/arm-none-eabi/4.7.4/../../../../arm-none-eabi/lib\libc_s.a(lib_a-malloc.o)
                              c:/isis/application/toolchain/bin/../lib/gcc/arm-none-eabi/4.7.4/../../../../arm-none-eabi/lib\libc_s.a(lib_a-dtoa.o) (malloc)
c:/isis/application/toolchain/bin/../lib/gcc/arm-none-eabi/4.7.4/../../../../arm-none-eabi/lib\libc_s.a(lib_a-mallocr.o)
                              c:/isis/application/toolchain/bin/../lib/gcc/arm-none-eabi/4.7.4/../../../../arm-none-eabi/lib\libc_s.a(lib_a-malloc.o) (_malloc_r)
c:/isis/application/toolchain/bin/../lib/gcc/arm-none-eabi/4.7.4/../../../../arm-none-eabi/lib\libc_s.a(lib_a-memcpy.o)
                              c:/isis/application/toolchain/bin/../lib/gcc/arm-none-eabi/4.7.4/../../../../arm-none-eabi/lib\libc_s.a(lib_a-dtoa.o) (memcpy)
c:/isis/application/toolchain/bin/../lib/gcc/arm-none-eabi/4.7.4/../../../../arm-none-eabi/lib\libc_s.a(lib_a-mprec.o)
                              c:/isis/application/toolchain/bin/../lib/gcc/arm-none-eabi/4.7.4/../../../../arm-none-eabi/lib\libc_s.a(lib_a-dtoa.o) (_Balloc)
c:/isis/application/toolchain/bin/../lib/gcc/arm-none-eabi/4.7.4/../../../../arm-none-eabi/lib\libc_s.a(lib_a-s_fpclassify.o)
                              c:/isis/application/toolchain/bin/../lib/gcc/arm-none-eabi/4.7.4/../../../../arm-none-eabi/lib\libc_s.a(lib_a-vfprintf_float.o) (__fpclassifyd)
c:/isis/application/toolchain/bin/../lib/gcc/arm-none-eabi/4.7.4/../../../../arm-none-eabi/lib\libc_s.a(lib_a-sbrkr.o)
                              c:/isis/application/toolchain/bin/../lib/gcc/arm-none-eabi/4.7.4/../../../../arm-none-eabi/lib\libc_s.a(lib_a-mallocr.o) (_sbrk_r)
c:/isis/application/toolchain/bin/../lib/gcc/arm-none-eabi/4.7.4/../../../../arm-none-eabi/lib\libc_s.a(lib_a-sf_nan.o)
                              c:/isis/application/toolchain/bin/../lib/gcc/arm-none-eabi/4.7.4/../../../../arm-none-eabi/lib\libc_s.a(lib_a-vfscanf_float.o) (nanf)
c:/isis/application/toolchain/bin/../lib/gcc/arm-none-eabi/4.7.4/../../../../arm-none-eabi/lib\libc_s.a(lib_a-sprintf.o)
                              c:/isis/application/toolchain/bin/../lib/gcc/arm-none-eabi/4.7.4/../../../../arm-none-eabi/lib\libc_s.a(lib_a-vfscanf_float.o) (sprintf)
c:/isis/application/toolchain/bin/../lib/gcc/arm-none-eabi/4.7.4/../../../../arm-none-eabi/lib\libc_s.a(lib_a-strcmp.o)
                              c:/isis/application/toolchain/bin/../lib/gcc/arm-none-eabi/4.7.4/../../../../arm-none-eabi/lib\libc_s.a(lib_a-locale.o) (strcmp)
c:/isis/application/toolchain/bin/../lib/gcc/arm-none-eabi/4.7.4/../../../../arm-none-eabi/lib\libc_s.a(lib_a-strlen.o)
                              c:/isis/application/toolchain/bin/../lib/gcc/arm-none-eabi/4.7.4/../../../../arm-none-eabi/lib\libc_s.a(lib_a-vfprintf_float.o) (strlen)
c:/isis/application/toolchain/bin/../lib/gcc/arm-none-eabi/4.7.4/../../../../arm-none-eabi/lib\libc_s.a(lib_a-strtod.o)
                              c:/isis/application/toolchain/bin/../lib/gcc/arm-none-eabi/4.7.4/../../../../arm-none-eabi/lib\libc_s.a(lib_a-vfscanf_float.o) (_strtod_r)
c:/isis/application/toolchain/bin/../lib/gcc/arm-none-eabi/4.7.4/../../../../arm-none-eabi/lib\libc_s.a(lib_a-strtol.o)
                              c:/isis/application/toolchain/bin/../lib/gcc/arm-none-eabi/4.7.4/../../../../arm-none-eabi/lib\libc_s.a(lib_a-vfscanf_float.o) (_strtol_r)
c:/isis/application/toolchain/bin/../lib/gcc/arm-none-eabi/4.7.4/../../../../arm-none-eabi/lib\libc_s.a(lib_a-svfprintf.o)
                              c:/isis/application/toolchain/bin/../lib/gcc/arm-none-eabi/4.7.4/../../../../arm-none-eabi/lib\libc_s.a(lib_a-sprintf.o) (_svfprintf_r)
[...]
Memory Configuration

Name             Origin             Length             Attributes
sram0            0x00200000         0x00004000         w !xr
sram1            0x00300000         0x00004000         w !xr
sdram            0x20000000         0x02000000         w !xr
*default*        0x00000000         0xffffffff

Linker script and memory map

LOAD c:/isis/application/toolchain/bin/../lib/gcc/arm-none-eabi/4.7.4/../../../../arm-none-eabi/lib\libc_s.a
LOAD ./src/sub-systemCode/payload/Request Management/Dump/Butchering.o
LOAD ./src/sub-systemCode/payload/Request Management/Dump/imageDump.o
LOAD ./src/sub-systemCode/payload/Request Management/CameraManeger.o
LOAD ./src/sub-systemCode/payload/Request Management/DB_RequestHandling.o
LOAD ./src/sub-systemCode/payload/Misc/Boolean_bit.o
LOAD ./src/sub-systemCode/payload/Misc/FileSystem.o
LOAD ./src/sub-systemCode/payload/Drivers/GeckoCameraDriver.o
LOAD ./src/sub-systemCode/payload/DataBase/DataBase.o
LOAD ./src/sub-systemCode/payload/Compression/jpeg/bmp/rawToBMP.o
LOAD ./src/sub-systemCode/payload/Compression/jpeg/DCT.o
LOAD ./src/sub-systemCode/payload/Compression/jpeg/ImgCompressor.o
LOAD ./src/sub-systemCode/payload/Compression/jpeg/color_conv.o
LOAD ./src/sub-systemCode/payload/Compression/jpeg/jpeg.o
LOAD ./src/sub-systemCode/payload/Compression/jpeg/jpeg_encoder.o
LOAD ./src/sub-systemCode/payload/Compression/jpeg/jpeg_memory_alloc.o
LOAD ./src/sub-systemCode/payload/Compression/jpeg/jpeg_params.o
LOAD ./src/sub-systemCode/payload/Compression/jpeg/output_stream.o
LOAD ./src/sub-systemCode/payload/Compression/ImageConversion.o
LOAD ./src/sub-systemCode/Main/CMD/ADCS_CMD.o
LOAD ./src/sub-systemCode/Main/CMD/COMM_CMD.o
LOAD ./src/sub-systemCode/Main/CMD/EPS_CMD.o
LOAD ./src/sub-systemCode/Main/CMD/General_CMD.o
LOAD ./src/sub-systemCode/Main/CMD/SW_CMD.o
LOAD ./src/sub-systemCode/Main/CMD/payload_CMD.o
LOAD ./src/sub-systemCode/Main/Ants.o
LOAD ./src/sub-systemCode/Main/EPS.o
LOAD ./src/sub-systemCode/Main/HouseKeeping.o
LOAD ./src/sub-systemCode/Main/Main_Init.o
LOAD ./src/sub-systemCode/Main/commands.o
LOAD ./src/sub-systemCode/Global/Global.o
LOAD ./src/sub-systemCode/Global/GlobalParam.o
LOAD ./src/sub-systemCode/Global/OnlineTM.o
LOAD ./src/sub-systemCode/Global/TLM_management.o
LOAD ./src/sub-systemCode/Global/freertosExtended.o
LOAD ./src/sub-systemCode/Global/logger.o
LOAD ./src/sub-systemCode/COMM/APRS.o
LOAD ./src/sub-systemCode/COMM/DelayedCommand_list.o
LOAD ./src/sub-systemCode/COMM/GSC.o
LOAD ./src/sub-systemCode/COMM/TRXVU.o
LOAD ./src/sub-systemCode/ADCS/AdcsCommands.o
LOAD ./src/sub-systemCode/ADCS/AdcsGetDataAndTlm.o
LOAD ./src/sub-systemCode/ADCS/AdcsMain.o
LOAD ./src/sub-systemCode/ADCS/AdcsTest.o
LOAD ./src/sub-systemCode/ADCS/AdcsTroubleShooting.o
LOAD ./src/sub-systemCode/ADCS/StateMachine.o
LOAD ./src/main.o
LOAD C:/ISIS/workspace/HOOPOE3/satellite-subsystems/demo/..//satellite-subsystems/lib\libSatelliteSubsystemsD.a
LOAD c:/isis/application/toolchain/bin/../lib/gcc/arm-none-eabi/4.7.4/../../../../arm-none-eabi/lib\libm.a
LOAD C:/ISIS/workspace/HOOPOE3/satellite-subsystems/demo/../..//hal/hcc/lib\libHCCD.a
LOAD C:/ISIS/workspace/HOOPOE3/satellite-subsystems/demo/../..//hal/hal/lib\libHALD.a
LOAD C:/ISIS/workspace/HOOPOE3/satellite-subsystems/demo/../..//hal/freertos/lib\libFreeRTOSD.a
LOAD C:/ISIS/workspace/HOOPOE3/satellite-subsystems/demo/../..//hal/at91/lib\libAt91D.a
START GROUP
LOAD c:/isis/application/toolchain/bin/../lib/gcc/arm-none-eabi/4.7.4\libgcc.a
LOAD c:/isis/application/toolchain/bin/../lib/gcc/arm-none-eabi/4.7.4/../../../../arm-none-eabi/lib\libc_s.a
END GROUP

.fixed          0x20000000    0x587a8
                0x20000000                . = ALIGN (0x4)
                0x20000000                _sfixed = .
 *(.startup)
 .startup       0x20000000      0x134 C:/ISIS/workspace/HOOPOE3/satellite-subsystems/demo/../..//hal/at91/lib\libAt91D.a(board_cstartup.o)
                0x20000000                entry
 *(.text)
 .text          0x20000134       0x64 C:/ISIS/workspace/HOOPOE3/satellite-subsystems/demo/../..//hal/at91/lib\libAt91D.a(cp15_asm.o)
                0x20000134                _readControlRegister
                0x20000140                _writeControlRegister
                0x20000148                _waitForInterrupt
                0x20000154                _writeTTB
                0x2000015c                _writeDomain
                0x20000164                _writeITLBLockdown
                0x2000016c                _prefetchICacheLine
                0x20000174                _flushDCache
                0x20000180                _flushWriteBuffer
                0x2000018c                _invalidateIDTLBs
 .text          0x20000198      0x114 c:/isis/application/toolchain/bin/../lib/gcc/arm-none-eabi/4.7.4\libgcc.a(_udivsi3.o)
                0x20000198                __aeabi_uidiv
                0x20000198                __udivsi3
                0x2000028c                __aeabi_uidivmod
 .text          0x200002ac      0x148 c:/isis/application/toolchain/bin/../lib/gcc/arm-none-eabi/4.7.4\libgcc.a(_divsi3.o)
                0x200002ac                __divsi3
                0x200002ac                __aeabi_idiv
                0x200003d4                __aeabi_idivmod
 .text          0x200003f4        0x4 c:/isis/application/toolchain/bin/../lib/gcc/arm-none-eabi/4.7.4\libgcc.a(_dvmd_tls.o)
                0x200003f4                __aeabi_idiv0
                0x200003f4                __aeabi_ldiv0
 .text          0x200003f8      0x41c c:/isis/application/toolchain/bin/../lib/gcc/arm-none-eabi/4.7.4\libgcc.a(_arm_addsubdf3.o)
                0x200003f8                __aeabi_drsub
                0x20000400                __aeabi_dsub
                0x20000400                __subdf3
                0x20000404                __aeabi_dadd
                0x20000404                __adddf3
                0x20000714                __floatunsidf
                0x20000714                __aeabi_ui2d
                0x20000738                __floatsidf
                0x20000738                __aeabi_i2d
                0x20000760                __aeabi_f2d
                0x20000760                __extendsfdf2
                0x200007a0                __floatundidf
                0x200007a0                __aeabi_ul2d
                0x200007b4                __floatdidf
                0x200007b4                __aeabi_l2d
 .text          0x20000814      0x49c c:/isis/application/toolchain/bin/../lib/gcc/arm-none-eabi/4.7.4\libgcc.a(_arm_muldivdf3.o)
                0x20000814                __aeabi_dmul
                0x20000814                __muldf3
                0x20000aa4                __divdf3
                0x20000aa4                __aeabi_ddiv
 .text          0x20000cb0      0x144 c:/isis/application/toolchain/bin/../lib/gcc/arm-none-eabi/4.7.4\libgcc.a(_arm_cmpdf2.o)
                0x20000cb0                __gtdf2
                0x20000cb0                __gedf2
                0x20000cb8                __ltdf2
                0x20000cb8                __ledf2
                0x20000cc0                __nedf2
                0x20000cc0                __eqdf2
                0x20000cc0                __cmpdf2
                0x20000d48                __aeabi_cdrcmple
                0x20000d64                __aeabi_cdcmpeq
                0x20000d64                __aeabi_cdcmple
                0x20000d7c                __aeabi_dcmpeq
                0x20000d94                __aeabi_dcmplt
                0x20000dac                __aeabi_dcmple
                0x20000dc4                __aeabi_dcmpge
                0x20000ddc                __aeabi_dcmpgt
 .text          0x20000df4       0x5c c:/isis/application/toolchain/bin/../lib/gcc/arm-none-eabi/4.7.4\libgcc.a(_arm_fixdfsi.o)
                0x20000df4                __aeabi_d2iz
                0x20000df4                __fixdfsi
 .text          0x20000e50       0x54 c:/isis/application/toolchain/bin/../lib/gcc/arm-none-eabi/4.7.4\libgcc.a(_arm_fixunsdfsi.o)
                0x20000e50                __aeabi_d2uiz
                0x20000e50                __fixunsdfsi
 .text          0x20000ea4       0xa0 c:/isis/application/toolchain/bin/../lib/gcc/arm-none-eabi/4.7.4\libgcc.a(_arm_truncdfsf2.o)
                0x20000ea4                __truncdfsf2
                0x20000ea4                __aeabi_d2f
 .text          0x20000f44      0x2ac c:/isis/application/toolchain/bin/../lib/gcc/arm-none-eabi/4.7.4\libgcc.a(_arm_addsubsf3.o)
                0x20000f44                __aeabi_frsub
                0x20000f4c                __subsf3
                0x20000f4c                __aeabi_fsub
                0x20000f50                __aeabi_fadd
                0x20000f50                __addsf3
                0x2000110c                __aeabi_ui2f
                0x2000110c                __floatunsisf
                0x20001114                __aeabi_i2f
                0x20001114                __floatsisf
                0x20001134                __aeabi_ul2f
                0x20001134                __floatundisf
                0x20001144                __aeabi_l2f
                0x20001144                __floatdisf
 .text          0x200011f0      0x2f8 c:/isis/application/toolchain/bin/../lib/gcc/arm-none-eabi/4.7.4\libgcc.a(_arm_muldivsf3.o)
                0x200011f0                __mulsf3
                0x200011f0                __aeabi_fmul
                0x20001388                __aeabi_fdiv
                0x20001388                __divsf3
 .text          0x200014e8      0x114 c:/isis/application/toolchain/bin/../lib/gcc/arm-none-eabi/4.7.4\libgcc.a(_arm_cmpsf2.o)
                0x200014e8                __gesf2
                0x200014e8                __gtsf2
                0x200014f0                __lesf2
                0x200014f0                __ltsf2
                0x200014f8                __nesf2
                0x200014f8                __eqsf2
                0x200014f8                __cmpsf2
                0x2000155c                __aeabi_cfrcmple
                0x2000156c                __aeabi_cfcmpeq
                0x2000156c                __aeabi_cfcmple
                0x20001584                __aeabi_fcmpeq
                0x2000159c                __aeabi_fcmplt
                0x200015b4                __aeabi_fcmple
                0x200015cc                __aeabi_fcmpge
                0x200015e4                __aeabi_fcmpgt
 .text          0x200015fc       0x5c c:/isis/application/toolchain/bin/../lib/gcc/arm-none-eabi/4.7.4\libgcc.a(_arm_fixsfsi.o)
                0x200015fc                __aeabi_f2iz
                0x200015fc                __fixsfsi
 .text          0x20001658       0x54 c:/isis/application/toolchain/bin/../lib/gcc/arm-none-eabi/4.7.4\libgcc.a(_arm_fixunssfsi.o)
                0x20001658                __fixunssfsi
                0x20001658                __aeabi_f2uiz
 *(.text*)
 .text.__cvt    0x200016ac      0x138 c:/isis/application/toolchain/bin/../lib/gcc/arm-none-eabi/4.7.4/../../../../arm-none-eabi/lib\libc_s.a(lib_a-vfprintf_float.o)
                0x200016ac                __cvt
 .text.__exponent
                0x200017e4       0xa8 c:/isis/application/toolchain/bin/../lib/gcc/arm-none-eabi/4.7.4/../../../../arm-none-eabi/lib\libc_s.a(lib_a-vfprintf_float.o)
                0x200017e4                __exponent
 .text._printf_float
                0x2000188c      0x7dc c:/isis/application/toolchain/bin/../lib/gcc/arm-none-eabi/4.7.4/../../../../arm-none-eabi/lib\libc_s.a(lib_a-vfprintf_float.o)
                0x2000188c                _printf_float
 .text._printf_common
                0x20002068      0x174 c:/isis/application/toolchain/bin/../lib/gcc/arm-none-eabi/4.7.4/../../../../arm-none-eabi/lib\libc_s.a(lib_a-vfprintf_i.o)
                0x20002068                _printf_common
 .text._printf_i
                0x200021dc      0x3c4 c:/isis/application/toolchain/bin/../lib/gcc/arm-none-eabi/4.7.4/../../../../arm-none-eabi/lib\libc_s.a(lib_a-vfprintf_i.o)
                0x200021dc                _printf_i
 .text._scanf_float
                0x200025a0      0x5f4 c:/isis/application/toolchain/bin/../lib/gcc/arm-none-eabi/4.7.4/../../../../arm-none-eabi/lib\libc_s.a(lib_a-vfscanf_float.o)
                0x200025a0                _scanf_float
 .text.quorem   0x20002b94      0x1ac c:/isis/application/toolchain/bin/../lib/gcc/arm-none-eabi/4.7.4/../../../../arm-none-eabi/lib\libc_s.a(lib_a-dtoa.o)
 .text._dtoa_r  0x20002d40     0x1268 c:/isis/application/toolchain/bin/../lib/gcc/arm-none-eabi/4.7.4/../../../../arm-none-eabi/lib\libc_s.a(lib_a-dtoa.o)
                0x20002d40                _dtoa_r
 .text._localeconv_r
                0x20003fa8        0xc c:/isis/application/toolchain/bin/../lib/gcc/arm-none-eabi/4.7.4/../../../../arm-none-eabi/lib\libc_s.a(lib_a-locale.o)
                0x20003fa8                _localeconv_r
 .text.malloc   0x20003fb4       0x20 c:/isis/application/toolchain/bin/../lib/gcc/arm-none-eabi/4.7.4/../../../../arm-none-eabi/lib\libc_s.a(lib_a-malloc.o)
                0x20003fb4                malloc
 .text.free     0x20003fd4       0x20 c:/isis/application/toolchain/bin/../lib/gcc/arm-none-eabi/4.7.4/../../../../arm-none-eabi/lib\libc_s.a(lib_a-malloc.o)
                0x20003fd4                free
 .text._malloc_r
                0x20003ff4       0xfc c:/isis/application/toolchain/bin/../lib/gcc/arm-none-eabi/4.7.4/../../../../arm-none-eabi/lib\libc_s.a(lib_a-mallocr.o)
                0x20003ff4                _malloc_r
 .text.memcpy   0x200040f0       0x20 c:/isis/application/toolchain/bin/../lib/gcc/arm-none-eabi/4.7.4/../../../../arm-none-eabi/lib\libc_s.a(lib_a-memcpy.o)
                0x200040f0                memcpy
 .text._Balloc  0x20004110       0xcc c:/isis/application/toolchain/bin/../lib/gcc/arm-none-eabi/4.7.4/../../../../arm-none-eabi/lib\libc_s.a(lib_a-mprec.o)
                0x20004110                _Balloc
 .text._Bfree   0x200041dc       0x5c c:/isis/application/toolchain/bin/../lib/gcc/arm-none-eabi/4.7.4/../../../../arm-none-eabi/lib\libc_s.a(lib_a-mprec.o)
                0x200041dc                _Bfree
 .text.__multadd
                0x20004238       0xbc c:/isis/application/toolchain/bin/../lib/gcc/arm-none-eabi/4.7.4/../../../../arm-none-eabi/lib\libc_s.a(lib_a-mprec.o)
                0x20004238                __multadd
 .text.__s2b    0x200042f4       0xd8 c:/isis/application/toolchain/bin/../lib/gcc/arm-none-eabi/4.7.4/../../../../arm-none-eabi/lib\libc_s.a(lib_a-mprec.o)
                0x200042f4                __s2b
 .text.__hi0bits
                0x200043cc       0x58 c:/isis/application/toolchain/bin/../lib/gcc/arm-none-eabi/4.7.4/../../../../arm-none-eabi/lib\libc_s.a(lib_a-mprec.o)
                0x200043cc                __hi0bits
 .text.__lo0bits
                0x20004424       0x94 c:/isis/application/toolchain/bin/../lib/gcc/arm-none-eabi/4.7.4/../../../../arm-none-eabi/lib\libc_s.a(lib_a-mprec.o)
                0x20004424                __lo0bits
 .text.__i2b    0x200044b8       0x24 c:/isis/application/toolchain/bin/../lib/gcc/arm-none-eabi/4.7.4/../../../../arm-none-eabi/lib\libc_s.a(lib_a-mprec.o)
                0x200044b8                __i2b
 .text.__multiply
                0x200044dc      0x1ac c:/isis/application/toolchain/bin/../lib/gcc/arm-none-eabi/4.7.4/../../../../arm-none-eabi/lib\libc_s.a(lib_a-mprec.o)
                0x200044dc                __multiply
 .text.__pow5mult
                0x20004688      0x10c c:/isis/application/toolchain/bin/../lib/gcc/arm-none-eabi/4.7.4/../../../../arm-none-eabi/lib\libc_s.a(lib_a-mprec.o)
                0x20004688                __pow5mult
 .text.__lshift
                0x20004794       0xf0 c:/isis/application/toolchain/bin/../lib/gcc/arm-none-eabi/4.7.4/../../../../arm-none-eabi/lib\libc_s.a(lib_a-mprec.o)
                0x20004794                __lshift
 .text.__mcmp   0x20004884       0x60 c:/isis/application/toolchain/bin/../lib/gcc/arm-none-eabi/4.7.4/../../../../arm-none-eabi/lib\libc_s.a(lib_a-mprec.o)
                0x20004884                __mcmp
 .text.__mdiff  0x200048e4      0x128 c:/isis/application/toolchain/bin/../lib/gcc/arm-none-eabi/4.7.4/../../../../arm-none-eabi/lib\libc_s.a(lib_a-mprec.o)
                0x200048e4                __mdiff
 .text.__ulp    0x20004a0c       0x5c c:/isis/application/toolchain/bin/../lib/gcc/arm-none-eabi/4.7.4/../../../../arm-none-eabi/lib\libc_s.a(lib_a-mprec.o)
                0x20004a0c                __ulp
 .text.__b2d    0x20004a68       0xc8 c:/isis/application/toolchain/bin/../lib/gcc/arm-none-eabi/4.7.4/../../../../arm-none-eabi/lib\libc_s.a(lib_a-mprec.o)
                0x20004a68                __b2d
 .text.__d2b    0x20004b30       0xfc c:/isis/application/toolchain/bin/../lib/gcc/arm-none-eabi/4.7.4/../../../../arm-none-eabi/lib\libc_s.a(lib_a-mprec.o)
                0x20004b30                __d2b
 .text.__ratio  0x20004c2c       0x70 c:/isis/application/toolchain/bin/../lib/gcc/arm-none-eabi/4.7.4/../../../../arm-none-eabi/lib\libc_s.a(lib_a-mprec.o)
                0x20004c2c                __ratio
 .text.__copybits
                0x20004c9c       0x4c c:/isis/application/toolchain/bin/../lib/gcc/arm-none-eabi/4.7.4/../../../../arm-none-eabi/lib\libc_s.a(lib_a-mprec.o)
                0x20004c9c                __copybits
 .text.__any_on
                0x20004ce8       0x7c c:/isis/application/toolchain/bin/../lib/gcc/arm-none-eabi/4.7.4/../../../../arm-none-eabi/lib\libc_s.a(lib_a-mprec.o)
                0x20004ce8                __any_on
 .text.__fpclassifyd
                0x20004d64       0x6c c:/isis/application/toolchain/bin/../lib/gcc/arm-none-eabi/4.7.4/../../../../arm-none-eabi/lib\libc_s.a(lib_a-s_fpclassify.o)
                0x20004d64                __fpclassifyd
 .text._sbrk_r  0x20004dd0       0x3c c:/isis/application/toolchain/bin/../lib/gcc/arm-none-eabi/4.7.4/../../../../arm-none-eabi/lib\libc_s.a(lib_a-sbrkr.o)
                0x20004dd0                _sbrk_r
 .text.nanf     0x20004e0c        0xc c:/isis/application/toolchain/bin/../lib/gcc/arm-none-eabi/4.7.4/../../../../arm-none-eabi/lib\libc_s.a(lib_a-sf_nan.o)
                0x20004e0c                nanf
 .text.sprintf  0x20004e18       0x6c c:/isis/application/toolchain/bin/../lib/gcc/arm-none-eabi/4.7.4/../../../../arm-none-eabi/lib\libc_s.a(lib_a-sprintf.o)
                0x20004e18                siprintf
                0x20004e18                sprintf
 .text.strcmp   0x20004e84       0x1c c:/isis/application/toolchain/bin/../lib/gcc/arm-none-eabi/4.7.4/../../../../arm-none-eabi/lib\libc_s.a(lib_a-strcmp.o)
                0x20004e84                strcmp
 .text.strlen   0x20004ea0       0x1c c:/isis/application/toolchain/bin/../lib/gcc/arm-none-eabi/4.7.4/../../../../arm-none-eabi/lib\libc_s.a(lib_a-strlen.o)
                0x20004ea0                strlen
 .text.match    0x20004ebc       0x54 c:/isis/application/toolchain/bin/../lib/gcc/arm-none-eabi/4.7.4/../../../../arm-none-eabi/lib\libc_s.a(lib_a-strtod.o)
 .text._strtod_r
                0x20004f10     0x1168 c:/isis/application/toolchain/bin/../lib/gcc/arm-none-eabi/4.7.4/../../../../arm-none-eabi/lib\libc_s.a(lib_a-strtod.o)
                0x20004f10                _strtod_r
 .text._strtol_r
                0x20006078      0x1b8 c:/isis/application/toolchain/bin/../lib/gcc/arm-none-eabi/4.7.4/../../../../arm-none-eabi/lib\libc_s.a(lib_a-strtol.o)
                0x20006078                _strtol_r
 .text.__ssputc_r
                0x20006230      0x10c c:/isis/application/toolchain/bin/../lib/gcc/arm-none-eabi/4.7.4/../../../../arm-none-eabi/lib\libc_s.a(lib_a-svfprintf.o)
                0x20006230                __ssputc_r
 .text._svfprintf_r
                0x2000633c      0x328 c:/isis/application/toolchain/bin/../lib/gcc/arm-none-eabi/4.7.4/../../../../arm-none-eabi/lib\libc_s.a(lib_a-svfprintf.o)
                0x2000633c                _svfiprintf_r
                0x2000633c                _svfprintf_r
 .text._calloc_r
                0x20006664       0x2c c:/isis/application/toolchain/bin/../lib/gcc/arm-none-eabi/4.7.4/../../../../arm-none-eabi/lib\libc_s.a(lib_a-callocr.o)
                0x20006664                _calloc_r
 .text._free_r  0x20006690      0x108 c:/isis/application/toolchain/bin/../lib/gcc/arm-none-eabi/4.7.4/../../../../arm-none-eabi/lib\libc_s.a(lib_a-freer.o)
                0x20006690                _free_r
 .text.rshift   0x20006798       0xb0 c:/isis/application/toolchain/bin/../lib/gcc/arm-none-eabi/4.7.4/../../../../arm-none-eabi/lib\libc_s.a(lib_a-gdtoa-gethex.o)
 .text.htinit.constprop.0
                0x20006848       0x34 c:/isis/application/toolchain/bin/../lib/gcc/arm-none-eabi/4.7.4/../../../../arm-none-eabi/lib\libc_s.a(lib_a-gdtoa-gethex.o)
 .text.__hexdig_init
                0x2000687c       0x38 c:/isis/application/toolchain/bin/../lib/gcc/arm-none-eabi/4.7.4/../../../../arm-none-eabi/lib\libc_s.a(lib_a-gdtoa-gethex.o)
                0x2000687c                __hexdig_init
 .text.__gethex
                0x200068b4      0x6cc c:/isis/application/toolchain/bin/../lib/gcc/arm-none-eabi/4.7.4/../../../../arm-none-eabi/lib\libc_s.a(lib_a-gdtoa-gethex.o)
                0x200068b4                __gethex
 .text.L_shift  0x20006f80       0x38 c:/isis/application/toolchain/bin/../lib/gcc/arm-none-eabi/4.7.4/../../../../arm-none-eabi/lib\libc_s.a(lib_a-gdtoa-hexnan.o)
 .text.__hexnan
                0x20006fb8      0x1d8 c:/isis/application/toolchain/bin/../lib/gcc/arm-none-eabi/4.7.4/../../../../arm-none-eabi/lib\libc_s.a(lib_a-gdtoa-hexnan.o)
                0x20006fb8                __hexnan
 .text.memchr   0x20007190       0x34 c:/isis/application/toolchain/bin/../lib/gcc/arm-none-eabi/4.7.4/../../../../arm-none-eabi/lib\libc_s.a(lib_a-memchr.o)
                0x20007190                memchr
 .text.memset   0x200071c4       0x1c c:/isis/application/toolchain/bin/../lib/gcc/arm-none-eabi/4.7.4/../../../../arm-none-eabi/lib\libc_s.a(lib_a-memset.o)
                0x200071c4                memset
 .text._realloc_r
                0x200071e0       0x80 c:/isis/application/toolchain/bin/../lib/gcc/arm-none-eabi/4.7.4/../../../../arm-none-eabi/lib\libc_s.a(lib_a-reallocr.o)
                0x200071e0                _realloc_r
 .text.strncmp  0x20007260       0x64 c:/isis/application/toolchain/bin/../lib/gcc/arm-none-eabi/4.7.4/../../../../arm-none-eabi/lib\libc_s.a(lib_a-strncmp.o)
                0x20007260                strncmp
 .text._malloc_usable_size_r
                0x200072c4       0x1c c:/isis/application/toolchain/bin/../lib/gcc/arm-none-eabi/4.7.4/../../../../arm-none-eabi/lib\libc_s.a(lib_a-msizer.o)
                0x200072c4                _malloc_usable_size_r
 .text.GetChunkFromImage
                0x200072e0      0x308 ./src/sub-systemCode/payload/Request Management/Dump/Butchering.o
                0x200072e0                GetChunkFromImage
 .text.SimpleButcher
                0x200075e8       0xf4 ./src/sub-systemCode/payload/Request Management/Dump/Butchering.o
                0x200075e8                SimpleButcher
 .text.readChunkDimentionsFromFRAM
                0x200076dc       0x80 ./src/sub-systemCode/payload/Request Management/Dump/imageDump.o
                0x200076dc                readChunkDimentionsFromFRAM
 .text.setChunkDimensions_inFRAM
                0x2000775c      0x10c ./src/sub-systemCode/payload/Request Management/Dump/imageDump.o
                0x2000775c                setChunkDimensions_inFRAM
 .text.find_subType_ofImage
                0x20007868       0xe0 ./src/sub-systemCode/payload/Request Management/Dump/imageDump.o
                0x20007868                find_subType_ofImage
 .text.buildAndSend_chunck
                0x20007948      0x320 ./src/sub-systemCode/payload/Request Management/Dump/imageDump.o
                0x20007948                buildAndSend_chunck
 .text.bitField_imageDump
                0x20007c68      0x2b8 ./src/sub-systemCode/payload/Request Management/Dump/imageDump.o
                0x20007c68                bitField_imageDump
 .text.imageDataBase_Dump
                0x20007f20      0x104 ./src/sub-systemCode/payload/Request Management/Dump/imageDump.o
                0x20007f20                imageDataBase_Dump
 .text.chunkField_imageDump
                0x20008024      0x258 ./src/sub-systemCode/payload/Request Management/Dump/imageDump.o
                0x20008024                chunkField_imageDump
 .text.imageDump_task
                0x2000827c      0x400 ./src/sub-systemCode/payload/Request Management/Dump/imageDump.o
                0x2000827c                imageDump_task
 .text.CameraManagerTaskMain
                0x2000867c      0x120 ./src/sub-systemCode/payload/Request Management/CameraManeger.o
                0x2000867c                CameraManagerTaskMain
 .text.initCamera
                0x2000879c       0xa4 ./src/sub-systemCode/payload/Request Management/CameraManeger.o
                0x2000879c                initCamera
 .text.KickStartCamera
                0x20008840       0xb4 ./src/sub-systemCode/payload/Request Management/CameraManeger.o
                0x20008840                KickStartCamera
 .text.addRequestToQueue
                0x200088f4       0xa8 ./src/sub-systemCode/payload/Request Management/CameraManeger.o
                0x200088f4                addRequestToQueue
 .text.removeRequestFromQueue
                0x2000899c       0x7c ./src/sub-systemCode/payload/Request Management/CameraManeger.o
                0x2000899c                removeRequestFromQueue
 .text.Take_pictures_with_time_in_between
                0x20008a18       0xe8 ./src/sub-systemCode/payload/Request Management/CameraManeger.o
                0x20008a18                Take_pictures_with_time_in_between
 .text.Gecko_TroubleShooter
                0x20008b00       0xdc ./src/sub-systemCode/payload/Request Management/CameraManeger.o
                0x20008b00                Gecko_TroubleShooter
 .text.startDumpTask
                0x20008bdc       0x70 ./src/sub-systemCode/payload/Request Management/CameraManeger.o
                0x20008bdc                startDumpTask
 .text.act_upon_request
                0x20008c4c      0x434 ./src/sub-systemCode/payload/Request Management/CameraManeger.o
                0x20008c4c                act_upon_request
 .text.TakePicture
                0x20009080       0x4c ./src/sub-systemCode/payload/Request Management/DB_RequestHandling.o
                0x20009080                TakePicture
 .text.TakeSpecialPicture
                0x200090cc      0x104 ./src/sub-systemCode/payload/Request Management/DB_RequestHandling.o
                0x200090cc                TakeSpecialPicture
 .text.DeletePictureFile
                0x200091d0       0x88 ./src/sub-systemCode/payload/Request Management/DB_RequestHandling.o
                0x200091d0                DeletePictureFile
 .text.DeletePicture
                0x20009258       0x6c ./src/sub-systemCode/payload/Request Management/DB_RequestHandling.o
                0x20009258                DeletePicture
 .text.TransferPicture
                0x200092c4       0x54 ./src/sub-systemCode/payload/Request Management/DB_RequestHandling.o
                0x200092c4                TransferPicture
 .text.CreateThumbnail
                0x20009318       0x80 ./src/sub-systemCode/payload/Request Management/DB_RequestHandling.o
                0x20009318                CreateThumbnail
 .text.CreateJPG
                0x20009398       0x7c ./src/sub-systemCode/payload/Request Management/DB_RequestHandling.o
                0x20009398                CreateJPG
 .text.UpdatePhotographyValues
                0x20009414       0xb4 ./src/sub-systemCode/payload/Request Management/DB_RequestHandling.o
                0x20009414                UpdatePhotographyValues
 .text.setChunkDimensions
                0x200094c8       0x64 ./src/sub-systemCode/payload/Request Management/DB_RequestHandling.o
                0x200094c8                setChunkDimensions
 .text.convert2char
                0x2000952c      0x14c ./src/sub-systemCode/payload/Misc/Boolean_bit.o
                0x2000952c                convert2char
 .text.convert2byte
                0x20009678      0x1c8 ./src/sub-systemCode/payload/Misc/Boolean_bit.o
                0x20009678                convert2byte
 .text.bits2byte
                0x20009840      0x17c ./src/sub-systemCode/payload/Misc/Boolean_bit.o
                0x20009840                bits2byte
 .text.byte2bits
                0x200099bc      0x17c ./src/sub-systemCode/payload/Misc/Boolean_bit.o
                0x200099bc                byte2bits
 .text.char2bits
                0x20009b38       0x44 ./src/sub-systemCode/payload/Misc/Boolean_bit.o
                0x20009b38                char2bits
 .text.bits2char
                0x20009b7c       0x3c ./src/sub-systemCode/payload/Misc/Boolean_bit.o
                0x20009b7c                bits2char
 .text.ReadFromFile
                0x20009bb8       0x6c ./src/sub-systemCode/payload/Misc/FileSystem.o
                0x20009bb8                ReadFromFile
 .text.WriteToFile
                0x20009c24       0x74 ./src/sub-systemCode/payload/Misc/FileSystem.o
                0x20009c24                WriteToFile
 .text.Initialized_GPIO
                0x20009c98       0x54 ./src/sub-systemCode/payload/Drivers/GeckoCameraDriver.o
                0x20009c98                Initialized_GPIO
 .text.TurnOnGecko
                0x20009cec      0x140 ./src/sub-systemCode/payload/Drivers/GeckoCameraDriver.o
                0x20009cec                TurnOnGecko
 .text.TurnOffGecko
                0x20009e2c       0xd8 ./src/sub-systemCode/payload/Drivers/GeckoCameraDriver.o
                0x20009e2c                TurnOffGecko
 .text.initGecko
                0x20009f04       0x3c ./src/sub-systemCode/payload/Drivers/GeckoCameraDriver.o
                0x20009f04                initGecko
 .text.GECKO_TakeImage
                0x20009f40      0x2f4 ./src/sub-systemCode/payload/Drivers/GeckoCameraDriver.o
                0x20009f40                GECKO_TakeImage
 .text.GECKO_ReadImage
                0x2000a234      0x234 ./src/sub-systemCode/payload/Drivers/GeckoCameraDriver.o
                0x2000a234                GECKO_ReadImage
 .text.GECKO_EraseBlock
                0x2000a468       0xf0 ./src/sub-systemCode/payload/Drivers/GeckoCameraDriver.o
                0x2000a468                GECKO_EraseBlock
 .text.getFileName
                0x2000a558      0x1a0 ./src/sub-systemCode/payload/DataBase/DataBase.o
 .text.zeroImageDataBase
                0x2000a6f8       0xfc ./src/sub-systemCode/payload/DataBase/DataBase.o
                0x2000a6f8                zeroImageDataBase
 .text.updateGeneralDataBaseParameters
                0x2000a7f4       0x5c ./src/sub-systemCode/payload/DataBase/DataBase.o
                0x2000a7f4                updateGeneralDataBaseParameters
 .text.SearchDataBase_byID
                0x2000a850      0x220 ./src/sub-systemCode/payload/DataBase/DataBase.o
                0x2000a850                SearchDataBase_byID
 .text.SearchDataBase_byMark
                0x2000aa70       0xa4 ./src/sub-systemCode/payload/DataBase/DataBase.o
                0x2000aa70                SearchDataBase_byMark
 .text.checkForFileType
                0x2000ab14       0x68 ./src/sub-systemCode/payload/DataBase/DataBase.o
                0x2000ab14                checkForFileType
 .text.updateFileTypes
                0x2000ab7c       0xbc ./src/sub-systemCode/payload/DataBase/DataBase.o
                0x2000ab7c                updateFileTypes
 .text.GetImageFactor
                0x2000ac38       0x58 ./src/sub-systemCode/payload/DataBase/DataBase.o
                0x2000ac38                GetImageFactor
 .text.readImageFromBuffer
                0x2000ac90      0x12c ./src/sub-systemCode/payload/DataBase/DataBase.o
                0x2000ac90                readImageFromBuffer
 .text.saveImageToBuffer
                0x2000adbc      0x12c ./src/sub-systemCode/payload/DataBase/DataBase.o
                0x2000adbc                saveImageToBuffer
 .text.getLatestID
                0x2000aee8       0x48 ./src/sub-systemCode/payload/DataBase/DataBase.o
                0x2000aee8                getLatestID
 .text.getDataBaseStart
                0x2000af30       0x20 ./src/sub-systemCode/payload/DataBase/DataBase.o
                0x2000af30                getDataBaseStart
 .text.setDataBaseValues
                0x2000af50      0x1d8 ./src/sub-systemCode/payload/DataBase/DataBase.o
                0x2000af50                setDataBaseValues
 .text.initImageDataBase
                0x2000b128      0x1b0 ./src/sub-systemCode/payload/DataBase/DataBase.o
                0x2000b128                initImageDataBase
 .text.resetImageDataBase
                0x2000b2d8       0x98 ./src/sub-systemCode/payload/DataBase/DataBase.o
                0x2000b2d8                resetImageDataBase
 .text.setCameraPhotographyValues
                0x2000b370      0x10c ./src/sub-systemCode/payload/DataBase/DataBase.o
                0x2000b370                setCameraPhotographyValues
 .text.transferImageToSD_withoutSearch
                0x2000b47c      0x15c ./src/sub-systemCode/payload/DataBase/DataBase.o
                0x2000b47c                transferImageToSD_withoutSearch
 .text.transferImageToSD
                0x2000b5d8       0xb4 ./src/sub-systemCode/payload/DataBase/DataBase.o
                0x2000b5d8                transferImageToSD
 .text.DeleteImageFromOBC_withoutSearch
                0x2000b68c       0xe0 ./src/sub-systemCode/payload/DataBase/DataBase.o
                0x2000b68c                DeleteImageFromOBC_withoutSearch
 .text.DeleteImageFromOBC
                0x2000b76c       0xb4 ./src/sub-systemCode/payload/DataBase/DataBase.o
                0x2000b76c                DeleteImageFromOBC
 .text.DeleteImageFromPayload
                0x2000b820      0x25c ./src/sub-systemCode/payload/DataBase/DataBase.o
                0x2000b820                DeleteImageFromPayload
 .text.clearImageDataBase
                0x2000ba7c      0x114 ./src/sub-systemCode/payload/DataBase/DataBase.o
                0x2000ba7c                clearImageDataBase
 .text.handleMarkedPictures
                0x2000bb90      0x1dc ./src/sub-systemCode/payload/DataBase/DataBase.o
                0x2000bb90                handleMarkedPictures
 .text.writeNewImageMetaDataToFRAM
                0x2000bd6c      0x234 ./src/sub-systemCode/payload/DataBase/DataBase.o
                0x2000bd6c                writeNewImageMetaDataToFRAM
 .text.takePicture
                0x2000bfa0      0x378 ./src/sub-systemCode/payload/DataBase/DataBase.o
                0x2000bfa0                takePicture
 .text.takePicture_withSpecialParameters
                0x2000c318       0xbc ./src/sub-systemCode/payload/DataBase/DataBase.o
                0x2000c318                takePicture_withSpecialParameters
 .text.GetImageFileName
                0x2000c3d4       0xc0 ./src/sub-systemCode/payload/DataBase/DataBase.o
                0x2000c3d4                GetImageFileName
 .text.getDataBaseSize
                0x2000c494       0x20 ./src/sub-systemCode/payload/DataBase/DataBase.o
                0x2000c494                getDataBaseSize
 .text.getImageDataBaseBuffer
                0x2000c4b4      0x240 ./src/sub-systemCode/payload/DataBase/DataBase.o
                0x2000c4b4                getImageDataBaseBuffer
 .text.TransformRawToBMP
                0x2000c6f4      0x1e0 ./src/sub-systemCode/payload/Compression/jpeg/bmp/rawToBMP.o
                0x2000c6f4                TransformRawToBMP
 .text.interpolate
                0x2000c8d4      0x8d0 ./src/sub-systemCode/payload/Compression/jpeg/bmp/rawToBMP.o
                0x2000c8d4                interpolate
 .text.getInputAt
                0x2000d1a4      0x308 ./src/sub-systemCode/payload/Compression/jpeg/bmp/rawToBMP.o
                0x2000d1a4                getInputAt
 .text.f_writeF_FILEHeader
                0x2000d4ac      0x2f0 ./src/sub-systemCode/payload/Compression/jpeg/bmp/rawToBMP.o
                0x2000d4ac                f_writeF_FILEHeader
 .text.f_writeOutputRow
                0x2000d79c       0xbc ./src/sub-systemCode/payload/Compression/jpeg/bmp/rawToBMP.o
                0x2000d79c                f_writeOutputRow
 .text.dct      0x2000d858      0x9c4 ./src/sub-systemCode/payload/Compression/jpeg/DCT.o
                0x2000d858                dct
 .text.JPEG_compressor
                0x2000e21c       0xfc ./src/sub-systemCode/payload/Compression/jpeg/ImgCompressor.o
                0x2000e21c                JPEG_compressor
 .text.Create_BMP_File
                0x2000e318       0xf4 ./src/sub-systemCode/payload/Compression/jpeg/ImgCompressor.o
                0x2000e318                Create_BMP_File
 .text.CompressImage
                0x2000e40c      0x1cc ./src/sub-systemCode/payload/Compression/jpeg/ImgCompressor.o
                0x2000e40c                CompressImage
 .text.clamp    0x2000e5d8       0x60 ./src/sub-systemCode/payload/Compression/jpeg/color_conv.o
                0x2000e5d8                clamp
 .text.RGB_to_YCC
                0x2000e638      0x1a8 ./src/sub-systemCode/payload/Compression/jpeg/color_conv.o
                0x2000e638                RGB_to_YCC
 .text.RGB_to_Y
                0x2000e7e0       0xc4 ./src/sub-systemCode/payload/Compression/jpeg/color_conv.o
                0x2000e7e0                RGB_to_Y
 .text.Y_to_YCC
                0x2000e8a4       0x88 ./src/sub-systemCode/payload/Compression/jpeg/color_conv.o
                0x2000e8a4                Y_to_YCC
 .text.compress_image_to_jpeg_file
                0x2000e92c      0x1ac ./src/sub-systemCode/payload/Compression/jpeg/jpeg.o
                0x2000e92c                compress_image_to_jpeg_file
 .text.emit_marker
                0x2000ead8       0xc8 ./src/sub-systemCode/payload/Compression/jpeg/jpeg_encoder.o
                0x2000ead8                emit_marker
 .text.emit_byte
                0x2000eba0       0x6c ./src/sub-systemCode/payload/Compression/jpeg/jpeg_encoder.o
                0x2000eba0                emit_byte
 .text.emit_word
                0x2000ec0c       0xd0 ./src/sub-systemCode/payload/Compression/jpeg/jpeg_encoder.o
                0x2000ec0c                emit_word
 .text.emit_jfif_app0
                0x2000ecdc       0xc0 ./src/sub-systemCode/payload/Compression/jpeg/jpeg_encoder.o
                0x2000ecdc                emit_jfif_app0
 .text.emit_dqt
                0x2000ed9c       0xd8 ./src/sub-systemCode/payload/Compression/jpeg/jpeg_encoder.o
                0x2000ed9c                emit_dqt
 .text.emit_sof
                0x2000ee74      0x14c ./src/sub-systemCode/payload/Compression/jpeg/jpeg_encoder.o
                0x2000ee74                emit_sof
 .text.emit_dht
                0x2000efc0      0x138 ./src/sub-systemCode/payload/Compression/jpeg/jpeg_encoder.o
                0x2000efc0                emit_dht
 .text.emit_dhts
                0x2000f0f8       0xd8 ./src/sub-systemCode/payload/Compression/jpeg/jpeg_encoder.o
                0x2000f0f8                emit_dhts
 .text.emit_sos
                0x2000f1d0       0xec ./src/sub-systemCode/payload/Compression/jpeg/jpeg_encoder.o
                0x2000f1d0                emit_sos
 .text.emit_markers
                0x2000f2bc       0x4c ./src/sub-systemCode/payload/Compression/jpeg/jpeg_encoder.o
                0x2000f2bc                emit_markers
 .text.compute_huffman_table
                0x2000f308      0x334 ./src/sub-systemCode/payload/Compression/jpeg/jpeg_encoder.o
                0x2000f308                compute_huffman_table
 .text.compute_quant_table
                0x2000f63c      0x11c ./src/sub-systemCode/payload/Compression/jpeg/jpeg_encoder.o
                0x2000f63c                compute_quant_table
 .text.first_pass_init
                0x2000f758       0x54 ./src/sub-systemCode/payload/Compression/jpeg/jpeg_encoder.o
                0x2000f758                first_pass_init
 .text.second_pass_init
                0x2000f7ac      0x110 ./src/sub-systemCode/payload/Compression/jpeg/jpeg_encoder.o
                0x2000f7ac                second_pass_init
 .text.jpg_open
                0x2000f8bc      0x7b4 ./src/sub-systemCode/payload/Compression/jpeg/jpeg_encoder.o
                0x2000f8bc                jpg_open
 .text.load_block_8_8_grey
                0x20010070      0x164 ./src/sub-systemCode/payload/Compression/jpeg/jpeg_encoder.o
                0x20010070                load_block_8_8_grey
 .text.load_block_8_8
                0x200101d4      0x198 ./src/sub-systemCode/payload/Compression/jpeg/jpeg_encoder.o
                0x200101d4                load_block_8_8
 .text.load_block_16_8
                0x2001036c      0x3cc ./src/sub-systemCode/payload/Compression/jpeg/jpeg_encoder.o
                0x2001036c                load_block_16_8
 .text.load_block_16_8_8
                0x20010738      0x2a8 ./src/sub-systemCode/payload/Compression/jpeg/jpeg_encoder.o
                0x20010738                load_block_16_8_8
 .text.load_coefficients
                0x200109e0      0x1c8 ./src/sub-systemCode/payload/Compression/jpeg/jpeg_encoder.o
                0x200109e0                load_coefficients
 .text.flush_output_buffer
                0x20010ba8       0xa0 ./src/sub-systemCode/payload/Compression/jpeg/jpeg_encoder.o
                0x20010ba8                flush_output_buffer
 .text.put_bits
                0x20010c48      0x170 ./src/sub-systemCode/payload/Compression/jpeg/jpeg_encoder.o
                0x20010c48                put_bits
 .text.code_coefficients_pass_two
                0x20010db8      0x338 ./src/sub-systemCode/payload/Compression/jpeg/jpeg_encoder.o
                0x20010db8                code_coefficients_pass_two
 .text.code_block
                0x200110f0       0x44 ./src/sub-systemCode/payload/Compression/jpeg/jpeg_encoder.o
                0x200110f0                code_block
 .text.process_mcu_row
                0x20011134      0x328 ./src/sub-systemCode/payload/Compression/jpeg/jpeg_encoder.o
                0x20011134                process_mcu_row
 .text.terminate_pass_two
                0x2001145c       0x44 ./src/sub-systemCode/payload/Compression/jpeg/jpeg_encoder.o
                0x2001145c                terminate_pass_two
 .text.process_end_of_image
                0x200114a0       0xc0 ./src/sub-systemCode/payload/Compression/jpeg/jpeg_encoder.o
                0x200114a0                process_end_of_image
 .text.load_mcu
                0x20011560      0x29c ./src/sub-systemCode/payload/Compression/jpeg/jpeg_encoder.o
                0x20011560                load_mcu
 .text.clear    0x200117fc      0x1e0 ./src/sub-systemCode/payload/Compression/jpeg/jpeg_encoder.o
                0x200117fc                clear
 .text.init     0x200119dc       0xe4 ./src/sub-systemCode/payload/Compression/jpeg/jpeg_encoder.o
                0x200119dc                init
 .text.deinit   0x20011ac0      0x160 ./src/sub-systemCode/payload/Compression/jpeg/jpeg_encoder.o
                0x20011ac0                deinit
 .text.process_scanline
                0x20011c20       0x6c ./src/sub-systemCode/payload/Compression/jpeg/jpeg_encoder.o
                0x20011c20                process_scanline
 .text.jpge_malloc
                0x20011c8c       0x28 ./src/sub-systemCode/payload/Compression/jpeg/jpeg_memory_alloc.o
                0x20011c8c                jpge_malloc
 .text.jpge_cmalloc
                0x20011cb4       0x48 ./src/sub-systemCode/payload/Compression/jpeg/jpeg_memory_alloc.o
                0x20011cb4                jpge_cmalloc
 .text.jpge_free
                0x20011cfc       0x24 ./src/sub-systemCode/payload/Compression/jpeg/jpeg_memory_alloc.o
                0x20011cfc                jpge_free
 .text.check    0x20011d20       0x78 ./src/sub-systemCode/payload/Compression/jpeg/jpeg_params.o
                0x20011d20                check
 .text.open_jpeg_file
                0x20011d98       0xfc ./src/sub-systemCode/payload/Compression/jpeg/output_stream.o
                0x20011d98                open_jpeg_file
 .text.close_jpeg_file
                0x20011e94      0x118 ./src/sub-systemCode/payload/Compression/jpeg/output_stream.o
                0x20011e94                close_jpeg_file
 .text.put_buf  0x20011fac      0x258 ./src/sub-systemCode/payload/Compression/jpeg/output_stream.o
                0x20011fac                put_buf
 .text.GetBayerPixel
                0x20012204       0xe8 ./src/sub-systemCode/payload/Compression/ImageConversion.o
 .text.BinImage
                0x200122ec      0x2c8 ./src/sub-systemCode/payload/Compression/ImageConversion.o
                0x200122ec                BinImage
 .text.ImageSkipping
                0x200125b4      0x2ac ./src/sub-systemCode/payload/Compression/ImageConversion.o
                0x200125b4                ImageSkipping
 .text.CreateImageThumbnail_withoutSearch
                0x20012860      0x14c ./src/sub-systemCode/payload/Compression/ImageConversion.o
                0x20012860                CreateImageThumbnail_withoutSearch
 .text.CreateImageThumbnail
                0x200129ac       0x94 ./src/sub-systemCode/payload/Compression/ImageConversion.o
                0x200129ac                CreateImageThumbnail
 .text.compressImage
                0x20012a40      0x17c ./src/sub-systemCode/payload/Compression/ImageConversion.o
                0x20012a40                compressImage
 .text.AdcsCmdQueueInit
                0x20012bbc       0x4c ./src/sub-systemCode/Main/CMD/ADCS_CMD.o
                0x20012bbc                AdcsCmdQueueInit
 .text.AdcsCmdQueueGet
                0x20012c08       0x8c ./src/sub-systemCode/Main/CMD/ADCS_CMD.o
                0x20012c08                AdcsCmdQueueGet
 .text.AdcsCmdQueueAdd
                0x20012c94       0x74 ./src/sub-systemCode/Main/CMD/ADCS_CMD.o
                0x20012c94                AdcsCmdQueueAdd
 .text.AdcsCmdQueueIsEmpty
                0x20012d08       0x3c ./src/sub-systemCode/Main/CMD/ADCS_CMD.o
                0x20012d08                AdcsCmdQueueIsEmpty
 .text.getAdcsQueueWaitPointer
                0x20012d44       0x20 ./src/sub-systemCode/Main/CMD/ADCS_CMD.o
                0x20012d44                getAdcsQueueWaitPointer
 .text.cmd_mute
                0x20012d64       0xc4 ./src/sub-systemCode/Main/CMD/COMM_CMD.o
                0x20012d64                cmd_mute
 .text.cmd_unmute
                0x20012e28       0x4c ./src/sub-systemCode/Main/CMD/COMM_CMD.o
                0x20012e28                cmd_unmute
 .text.cmd_active_trans
                0x20012e74       0xc0 ./src/sub-systemCode/Main/CMD/COMM_CMD.o
                0x20012e74                cmd_active_trans
 .text.cmd_shut_trans
                0x20012f34       0x38 ./src/sub-systemCode/Main/CMD/COMM_CMD.o
                0x20012f34                cmd_shut_trans
 .text.cmd_change_trans_rssi
                0x20012f6c      0x100 ./src/sub-systemCode/Main/CMD/COMM_CMD.o
                0x20012f6c                cmd_change_trans_rssi
 .text.cmd_aprs_dump
                0x2001306c       0x50 ./src/sub-systemCode/Main/CMD/COMM_CMD.o
                0x2001306c                cmd_aprs_dump
 .text.cmd_stop_dump
                0x200130bc       0x38 ./src/sub-systemCode/Main/CMD/COMM_CMD.o
                0x200130bc                cmd_stop_dump
 .text.cmd_time_frequency
                0x200130f4       0xc0 ./src/sub-systemCode/Main/CMD/COMM_CMD.o
                0x200130f4                cmd_time_frequency
 .text.cmd_change_def_bit_rate
                0x200131b4      0x158 ./src/sub-systemCode/Main/CMD/COMM_CMD.o
                0x200131b4                cmd_change_def_bit_rate
 .text.cmd_upload_volt_logic
                0x2001330c      0x334 ./src/sub-systemCode/Main/CMD/EPS_CMD.o
                0x2001330c                cmd_upload_volt_logic
 .text.cmd_upload_volt_COMM
                0x20013640      0x1c8 ./src/sub-systemCode/Main/CMD/EPS_CMD.o
                0x20013640                cmd_upload_volt_COMM
 .text.cmd_heater_temp
                0x20013808       0xc0 ./src/sub-systemCode/Main/CMD/EPS_CMD.o
                0x20013808                cmd_heater_temp
 .text.cmd_SHUT_CAM
                0x200138c8       0x6c ./src/sub-systemCode/Main/CMD/EPS_CMD.o
                0x200138c8                cmd_SHUT_CAM
 .text.cmd_SHUT_ADCS
                0x20013934       0x6c ./src/sub-systemCode/Main/CMD/EPS_CMD.o
                0x20013934                cmd_SHUT_ADCS
 .text.cmd_allow_CAM
                0x200139a0       0x6c ./src/sub-systemCode/Main/CMD/EPS_CMD.o
                0x200139a0                cmd_allow_CAM
 .text.cmd_allow_ADCS
                0x20013a0c       0x6c ./src/sub-systemCode/Main/CMD/EPS_CMD.o
                0x20013a0c                cmd_allow_ADCS
 .text.cmd_update_alpha
                0x20013a78       0xfc ./src/sub-systemCode/Main/CMD/EPS_CMD.o
                0x20013a78                cmd_update_alpha
 .text.cmd_generic_I2C
                0x20013b74       0xb4 ./src/sub-systemCode/Main/CMD/General_CMD.o
                0x20013b74                cmd_generic_I2C
 .text.cmd_dump
                0x20013c28       0xf0 ./src/sub-systemCode/Main/CMD/General_CMD.o
                0x20013c28                cmd_dump
 .text.cmd_delete_TM
                0x20013d18      0x230 ./src/sub-systemCode/Main/CMD/General_CMD.o
                0x20013d18                cmd_delete_TM
 .text.cmd_reset_file
                0x20013f48      0x118 ./src/sub-systemCode/Main/CMD/General_CMD.o
                0x20013f48                cmd_reset_file
 .text.cmd_dummy_func
                0x20014060       0x40 ./src/sub-systemCode/Main/CMD/General_CMD.o
                0x20014060                cmd_dummy_func
 .text.cmd_reset_TLM_SD
                0x200140a0       0x4c ./src/sub-systemCode/Main/CMD/General_CMD.o
                0x200140a0                cmd_reset_TLM_SD
 .text.cmd_soft_reset_cmponent
                0x200140ec       0xac ./src/sub-systemCode/Main/CMD/General_CMD.o
                0x200140ec                cmd_soft_reset_cmponent
 .text.cmd_hard_reset_cmponent
                0x20014198       0xac ./src/sub-systemCode/Main/CMD/General_CMD.o
                0x20014198                cmd_hard_reset_cmponent
 .text.cmd_reset_satellite
                0x20014244       0x78 ./src/sub-systemCode/Main/CMD/General_CMD.o
                0x20014244                cmd_reset_satellite
 .text.cmd_gracefull_reset_satellite
                0x200142bc       0x78 ./src/sub-systemCode/Main/CMD/General_CMD.o
                0x200142bc                cmd_gracefull_reset_satellite
 .text.cmd_upload_time
                0x20014334       0xb0 ./src/sub-systemCode/Main/CMD/General_CMD.o
                0x20014334                cmd_upload_time
 .text.cmd_ARM_DIARM
                0x200143e4       0xd4 ./src/sub-systemCode/Main/CMD/General_CMD.o
                0x200143e4                cmd_ARM_DIARM
 .text.cmd_get_onlineTM
                0x200144b8      0x148 ./src/sub-systemCode/Main/CMD/General_CMD.o
                0x200144b8                cmd_get_onlineTM
 .text.cmd_reset_off_line
                0x20014600       0x68 ./src/sub-systemCode/Main/CMD/General_CMD.o
                0x20014600                cmd_reset_off_line
 .text.cmd_add_item_off_line
                0x20014668       0xf4 ./src/sub-systemCode/Main/CMD/General_CMD.o
                0x20014668                cmd_add_item_off_line
 .text.cmd_delete_item_off_line
                0x2001475c       0x98 ./src/sub-systemCode/Main/CMD/General_CMD.o
                0x2001475c                cmd_delete_item_off_line
 .text.cmd_get_off_line_setting
                0x200147f4      0x108 ./src/sub-systemCode/Main/CMD/General_CMD.o
                0x200147f4                cmd_get_off_line_setting
 .text.cmd_reset_delayed_command_list
                0x200148fc       0x3c ./src/sub-systemCode/Main/CMD/SW_CMD.o
                0x200148fc                cmd_reset_delayed_command_list
 .text.cmd_reset_APRS_list
                0x20014938       0x3c ./src/sub-systemCode/Main/CMD/SW_CMD.o
                0x20014938                cmd_reset_APRS_list
 .text.cmd_reset_FRAM
                0x20014974       0xe8 ./src/sub-systemCode/Main/CMD/SW_CMD.o
                0x20014974                cmd_reset_FRAM
 .text.ARM_ants
                0x20014a5c       0xb8 ./src/sub-systemCode/Main/Ants.o
                0x20014a5c                ARM_ants
 .text.DISARM_ants
                0x20014b14       0xb8 ./src/sub-systemCode/Main/Ants.o
                0x20014b14                DISARM_ants
 .text.round_vol
                0x20014bcc      0x124 ./src/sub-systemCode/Main/EPS.o
                0x20014bcc                round_vol
 .text.get_shut_ADCS
                0x20014cf0       0x48 ./src/sub-systemCode/Main/EPS.o
                0x20014cf0                get_shut_ADCS
 .text.shut_ADCS
                0x20014d38       0x44 ./src/sub-systemCode/Main/EPS.o
                0x20014d38                shut_ADCS
 .text.get_shut_CAM
                0x20014d7c       0x48 ./src/sub-systemCode/Main/EPS.o
                0x20014d7c                get_shut_CAM
 .text.shut_CAM
                0x20014dc4       0x44 ./src/sub-systemCode/Main/EPS.o
                0x20014dc4                shut_CAM
 .text.update_powerLines
                0x20014e08       0xec ./src/sub-systemCode/Main/EPS.o
                0x20014e08                update_powerLines
 .text.get_EPS_mode_t
                0x20014ef4       0x24 ./src/sub-systemCode/Main/EPS.o
                0x20014ef4                get_EPS_mode_t
 .text.init_enterMode
                0x20014f18       0x88 ./src/sub-systemCode/Main/EPS.o
                0x20014f18                init_enterMode
 .text.EPS_Init
                0x20014fa0      0x1dc ./src/sub-systemCode/Main/EPS.o
                0x20014fa0                EPS_Init
 .text.reset_FRAM_EPS
                0x2001517c       0xe0 ./src/sub-systemCode/Main/EPS.o
                0x2001517c                reset_FRAM_EPS
 .text.reset_EPS_voltages
                0x2001525c       0xbc ./src/sub-systemCode/Main/EPS.o
                0x2001525c                reset_EPS_voltages
 .text.battery_downward
                0x20015318      0x114 ./src/sub-systemCode/Main/EPS.o
                0x20015318                battery_downward
 .text.battery_upward
                0x2001542c      0x120 ./src/sub-systemCode/Main/EPS.o
                0x2001542c                battery_upward
 .text.EPS_Conditioning
                0x2001554c      0x244 ./src/sub-systemCode/Main/EPS.o
                0x2001554c                EPS_Conditioning
 .text.overRide_ADCS
                0x20015790       0x50 ./src/sub-systemCode/Main/EPS.o
                0x20015790                overRide_ADCS
 .text.overRide_Camera
                0x200157e0       0x38 ./src/sub-systemCode/Main/EPS.o
                0x200157e0                overRide_Camera
 .text.EnterFullMode
                0x20015818       0xfc ./src/sub-systemCode/Main/EPS.o
                0x20015818                EnterFullMode
 .text.EnterCruiseMode
                0x20015914       0xec ./src/sub-systemCode/Main/EPS.o
                0x20015914                EnterCruiseMode
 .text.EnterSafeMode
                0x20015a00       0xec ./src/sub-systemCode/Main/EPS.o
                0x20015a00                EnterSafeMode
 .text.EnterCriticalMode
                0x20015aec       0xd8 ./src/sub-systemCode/Main/EPS.o
                0x20015aec                EnterCriticalMode
 .text.check_EPSTableCorrection
                0x20015bc4      0x120 ./src/sub-systemCode/Main/EPS.o
                0x20015bc4                check_EPSTableCorrection
 .text.save_ACK
                0x20015ce4      0x11c ./src/sub-systemCode/Main/HouseKeeping.o
                0x20015ce4                save_ACK
 .text.set_GP_EPS
                0x20015e00      0x10c ./src/sub-systemCode/Main/HouseKeeping.o
                0x20015e00                set_GP_EPS
 .text.set_GP_COMM
                0x20015f0c       0x88 ./src/sub-systemCode/Main/HouseKeeping.o
                0x20015f0c                set_GP_COMM
 .text.SP_HK_collect
                0x20015f94      0x198 ./src/sub-systemCode/Main/HouseKeeping.o
                0x20015f94                SP_HK_collect
 .text.EPS_HK_collect
                0x2001612c      0x4f8 ./src/sub-systemCode/Main/HouseKeeping.o
                0x2001612c                EPS_HK_collect
 .text.CAM_HK_collect
                0x20016624      0x91c ./src/sub-systemCode/Main/HouseKeeping.o
                0x20016624                CAM_HK_collect
 .text.COMM_HK_collect
                0x20016f40      0x20c ./src/sub-systemCode/Main/HouseKeeping.o
                0x20016f40                COMM_HK_collect
 .text.FS_HK_collect
                0x2001714c      0x18c ./src/sub-systemCode/Main/HouseKeeping.o
                0x2001714c                FS_HK_collect
 .text.HK_find_ADCSTM_fileName
                0x200172d8      0x284 ./src/sub-systemCode/Main/HouseKeeping.o
                0x200172d8                HK_find_ADCSTM_fileName
 .text.HK_find_fileName
                0x2001755c       0xfc ./src/sub-systemCode/Main/HouseKeeping.o
                0x2001755c                HK_find_fileName
 .text.HK_find_ADCSTM_ElementSize
                0x20017658       0xc8 ./src/sub-systemCode/Main/HouseKeeping.o
                0x20017658                HK_find_ADCSTM_ElementSize
 .text.HK_findElementSize
                0x20017720       0xac ./src/sub-systemCode/Main/HouseKeeping.o
                0x20017720                HK_findElementSize
 .text.build_HK_spl_packet
                0x200177cc      0x150 ./src/sub-systemCode/Main/HouseKeeping.o
                0x200177cc                build_HK_spl_packet
 .text.reset_FIRST_activation
                0x2001791c       0x34 ./src/sub-systemCode/Main/Main_Init.o
                0x2001791c                reset_FIRST_activation
 .text.test_menu
                0x20017950       0xb4 ./src/sub-systemCode/Main/Main_Init.o
                0x20017950                test_menu
 .text.numberOfRestarts
                0x20017a04       0x94 ./src/sub-systemCode/Main/Main_Init.o
                0x20017a04                numberOfRestarts
 .text.StartFRAM
                0x20017a98       0x38 ./src/sub-systemCode/Main/Main_Init.o
                0x20017a98                StartFRAM
 .text.StartI2C
                0x20017ad0       0x44 ./src/sub-systemCode/Main/Main_Init.o
                0x20017ad0                StartI2C
 .text.StartSPI
                0x20017b14       0x40 ./src/sub-systemCode/Main/Main_Init.o
                0x20017b14                StartSPI
 .text.StartTIME
                0x20017b54      0x118 ./src/sub-systemCode/Main/Main_Init.o
                0x20017b54                StartTIME
 .text.first_activation
                0x20017c6c       0x7c ./src/sub-systemCode/Main/Main_Init.o
                0x20017c6c                first_activation
 .text.InitSubsystems
                0x20017ce8       0x64 ./src/sub-systemCode/Main/Main_Init.o
                0x20017ce8                InitSubsystems
 .text.SubSystemTaskStart
                0x20017d4c       0xec ./src/sub-systemCode/Main/Main_Init.o
                0x20017d4c                SubSystemTaskStart
 .text.save_ACK_s
                0x20017e38       0x5c ./src/sub-systemCode/Main/commands.o
                0x20017e38                save_ACK_s
 .text.copy_command
                0x20017e94       0x80 ./src/sub-systemCode/Main/commands.o
                0x20017e94                copy_command
 .text.reset_command
                0x20017f14       0x28 ./src/sub-systemCode/Main/commands.o
                0x20017f14                reset_command
 .text.init_command
                0x20017f3c       0xd4 ./src/sub-systemCode/Main/commands.o
                0x20017f3c                init_command
 .text.add_command
                0x20018010      0x118 ./src/sub-systemCode/Main/commands.o
                0x20018010                add_command
 .text.get_command
                0x20018128      0x1ac ./src/sub-systemCode/Main/commands.o
                0x20018128                get_command
 .text.act_upon_command
                0x200182d4      0x1e4 ./src/sub-systemCode/Main/commands.o
                0x200182d4                act_upon_command
 .text.cmd_error
                0x200184b8       0x38 ./src/sub-systemCode/Main/commands.o
                0x200184b8                cmd_error
 .text.AUC_COMM
                0x200184f0      0x25c ./src/sub-systemCode/Main/commands.o
                0x200184f0                AUC_COMM
 .text.AUC_general
                0x2001874c      0x48c ./src/sub-systemCode/Main/commands.o
                0x2001874c                AUC_general
 .text.AUC_payload
                0x20018bd8      0x1e8 ./src/sub-systemCode/Main/commands.o
                0x20018bd8                AUC_payload
 .text.AUC_EPS  0x20018dc0      0x28c ./src/sub-systemCode/Main/commands.o
                0x20018dc0                AUC_EPS
 .text.AUC_SW   0x2001904c       0xe4 ./src/sub-systemCode/Main/commands.o
                0x2001904c                AUC_SW
 .text.AUC_onlineTM
                0x20019130      0x1ac ./src/sub-systemCode/Main/commands.o
                0x20019130                AUC_onlineTM
 .text.AUC_special_operation
                0x200192dc       0x8c ./src/sub-systemCode/Main/commands.o
                0x200192dc                AUC_special_operation
 .text.check_int
                0x20019368       0x3c ./src/sub-systemCode/Global/Global.o
                0x20019368                check_int
 .text.check_portBASE_TYPE
                0x200193a4       0x3c ./src/sub-systemCode/Global/Global.o
                0x200193a4                check_portBASE_TYPE
 .text.soft_reset_subsystem
                0x200193e0       0xd8 ./src/sub-systemCode/Global/Global.o
                0x200193e0                soft_reset_subsystem
 .text.hard_reset_subsystem
                0x200194b8      0x104 ./src/sub-systemCode/Global/Global.o
                0x200194b8                hard_reset_subsystem
 .text.BigEnE_raw_to_uInt
                0x200195bc       0x94 ./src/sub-systemCode/Global/Global.o
                0x200195bc                BigEnE_raw_to_uInt
 .text.BigEnE_raw_to_uShort
                0x20019650       0x50 ./src/sub-systemCode/Global/Global.o
                0x20019650                BigEnE_raw_to_uShort
 .text.BigEnE_uInt_to_raw
                0x200196a0       0x78 ./src/sub-systemCode/Global/Global.o
                0x200196a0                BigEnE_uInt_to_raw
 .text.reset_FRAM_MAIN
                0x20019718      0x19c ./src/sub-systemCode/Global/Global.o
                0x20019718                reset_FRAM_MAIN
 .text.getBitValueByIndex
                0x200198b4       0xd0 ./src/sub-systemCode/Global/Global.o
                0x200198b4                getBitValueByIndex
 .text.terminateTask
                0x20019984       0x18 ./src/sub-systemCode/Global/Global.o
                0x20019984                terminateTask
 .text.init_GP  0x2001999c      0x2e0 ./src/sub-systemCode/Global/GlobalParam.o
                0x2001999c                init_GP
 .text.get_system_state
                0x20019c7c      0x254 ./src/sub-systemCode/Global/GlobalParam.o
                0x20019c7c                get_system_state
 .text.set_system_state
                0x20019ed0      0x284 ./src/sub-systemCode/Global/GlobalParam.o
                0x20019ed0                set_system_state
 .text.get_systems_state_param
                0x2001a154       0x78 ./src/sub-systemCode/Global/GlobalParam.o
                0x2001a154                get_systems_state_param
 .text.get_current_global_param
                0x2001a1cc      0x548 ./src/sub-systemCode/Global/GlobalParam.o
                0x2001a1cc                get_current_global_param
 .text.set_Vbatt
                0x2001a714       0x78 ./src/sub-systemCode/Global/GlobalParam.o
                0x2001a714                set_Vbatt
 .text.get_Vbatt
                0x2001a78c       0x78 ./src/sub-systemCode/Global/GlobalParam.o
                0x2001a78c                get_Vbatt
 .text.set_curBat
                0x2001a804       0x78 ./src/sub-systemCode/Global/GlobalParam.o
                0x2001a804                set_curBat
 .text.set_cur3V3
                0x2001a87c       0x78 ./src/sub-systemCode/Global/GlobalParam.o
                0x2001a87c                set_cur3V3
 .text.set_cur5V
                0x2001a8f4       0x78 ./src/sub-systemCode/Global/GlobalParam.o
                0x2001a8f4                set_cur5V
 .text.set_tempComm_LO
                0x2001a96c       0x78 ./src/sub-systemCode/Global/GlobalParam.o
                0x2001a96c                set_tempComm_LO
 .text.set_tempComm_PA
                0x2001a9e4       0x78 ./src/sub-systemCode/Global/GlobalParam.o
                0x2001a9e4                set_tempComm_PA
 .text.set_tempEPS
                0x2001aa5c       0xb4 ./src/sub-systemCode/Global/GlobalParam.o
                0x2001aa5c                set_tempEPS
 .text.set_tempBatt
                0x2001ab10       0xb4 ./src/sub-systemCode/Global/GlobalParam.o
                0x2001ab10                set_tempBatt
 .text.set_RxDoppler
                0x2001abc4       0x78 ./src/sub-systemCode/Global/GlobalParam.o
                0x2001abc4                set_RxDoppler
 .text.set_RxRSSI
                0x2001ac3c       0x78 ./src/sub-systemCode/Global/GlobalParam.o
                0x2001ac3c                set_RxRSSI
 .text.set_TxRefl
                0x2001acb4       0x78 ./src/sub-systemCode/Global/GlobalParam.o
                0x2001acb4                set_TxRefl
 .text.set_TxForw
                0x2001ad2c       0x78 ./src/sub-systemCode/Global/GlobalParam.o
                0x2001ad2c                set_TxForw
 .text.get_Attitude
                0x2001ada4      0x10c ./src/sub-systemCode/Global/GlobalParam.o
                0x2001ada4                get_Attitude
 .text.set_numOfAPRS
                0x2001aeb0       0x78 ./src/sub-systemCode/Global/GlobalParam.o
                0x2001aeb0                set_numOfAPRS
 .text.set_numOfDelayedCommand
                0x2001af28       0x78 ./src/sub-systemCode/Global/GlobalParam.o
                0x2001af28                set_numOfDelayedCommand
 .text.set_numOfResets
                0x2001afa0       0x98 ./src/sub-systemCode/Global/GlobalParam.o
                0x2001afa0                set_numOfResets
 .text.set_ground_conn
                0x2001b038       0x8c ./src/sub-systemCode/Global/GlobalParam.o
                0x2001b038                set_ground_conn
 .text.get_ground_conn
                0x2001b0c4       0x8c ./src/sub-systemCode/Global/GlobalParam.o
                0x2001b0c4                get_ground_conn
 .text.IsisAntS_getStatusData_sideA
                0x2001b150       0x3c ./src/sub-systemCode/Global/OnlineTM.o
                0x2001b150                IsisAntS_getStatusData_sideA
 .text.IsisAntS_getAlltelemetry_sideA
                0x2001b18c       0x3c ./src/sub-systemCode/Global/OnlineTM.o
                0x2001b18c                IsisAntS_getAlltelemetry_sideA
 .text.IsisAntS_getTemperature_sideA
                0x2001b1c8       0x3c ./src/sub-systemCode/Global/OnlineTM.o
                0x2001b1c8                IsisAntS_getTemperature_sideA
 .text.IsisAntS_getStatusData_sideB
                0x2001b204       0x3c ./src/sub-systemCode/Global/OnlineTM.o
                0x2001b204                IsisAntS_getStatusData_sideB
 .text.IsisAntS_getAlltelemetry_sideB
                0x2001b240       0x3c ./src/sub-systemCode/Global/OnlineTM.o
                0x2001b240                IsisAntS_getAlltelemetry_sideB
 .text.IsisAntS_getTemperature_sideB
                0x2001b27c       0x3c ./src/sub-systemCode/Global/OnlineTM.o
                0x2001b27c                IsisAntS_getTemperature_sideB
 .text.HK_collect_EPS
                0x2001b2b8       0x30 ./src/sub-systemCode/Global/OnlineTM.o
                0x2001b2b8                HK_collect_EPS
 .text.HK_collect_COMM
                0x2001b2e8       0x30 ./src/sub-systemCode/Global/OnlineTM.o
                0x2001b2e8                HK_collect_COMM
 .text.HK_collect_CAM
                0x2001b318       0x30 ./src/sub-systemCode/Global/OnlineTM.o
                0x2001b318                HK_collect_CAM
 .text.HK_collect_SP
                0x2001b348       0x30 ./src/sub-systemCode/Global/OnlineTM.o
                0x2001b348                HK_collect_SP
 .text.HK_collect_FS_A
                0x2001b378       0x34 ./src/sub-systemCode/Global/OnlineTM.o
                0x2001b378                HK_collect_FS_A
 .text.HK_collect_FS_B
                0x2001b3ac       0x34 ./src/sub-systemCode/Global/OnlineTM.o
                0x2001b3ac                HK_collect_FS_B
 .text.save_offlineSetting_FRAM
                0x2001b3e0      0x26c ./src/sub-systemCode/Global/OnlineTM.o
                0x2001b3e0                save_offlineSetting_FRAM
 .text.get_offlineSetting_FRAM
                0x2001b64c       0x58 ./src/sub-systemCode/Global/OnlineTM.o
                0x2001b64c                get_offlineSetting_FRAM
 .text.update_offlineSetting_FRAM
                0x2001b6a4      0x360 ./src/sub-systemCode/Global/OnlineTM.o
                0x2001b6a4                update_offlineSetting_FRAM
 .text.get_offlineSettingPacket
                0x2001ba04       0xc4 ./src/sub-systemCode/Global/OnlineTM.o
                0x2001ba04                get_offlineSettingPacket
 .text.get_item_by_index
                0x2001bac8       0xdc ./src/sub-systemCode/Global/OnlineTM.o
                0x2001bac8                get_item_by_index
 .text.get_pointer_item_by_index
                0x2001bba4       0x48 ./src/sub-systemCode/Global/OnlineTM.o
                0x2001bba4                get_pointer_item_by_index
 .text.init_onlineParam
                0x2001bbec     0x2f10 ./src/sub-systemCode/Global/OnlineTM.o
                0x2001bbec                init_onlineParam
 .text.reset_offline_TM_list
                0x2001eafc      0x194 ./src/sub-systemCode/Global/OnlineTM.o
                0x2001eafc                reset_offline_TM_list
 .text.get_online_packet
                0x2001ec90      0x25c ./src/sub-systemCode/Global/OnlineTM.o
                0x2001ec90                get_online_packet
 .text.save_onlineTM_param
                0x2001eeec      0x1b4 ./src/sub-systemCode/Global/OnlineTM.o
                0x2001eeec                save_onlineTM_param
 .text.add_onlineTM_param_to_save_list
                0x2001f0a0      0x3d8 ./src/sub-systemCode/Global/OnlineTM.o
                0x2001f0a0                add_onlineTM_param_to_save_list
 .text.delete_onlineTM_param_from_offline
                0x2001f478      0x1a8 ./src/sub-systemCode/Global/OnlineTM.o
                0x2001f478                delete_onlineTM_param_from_offline
 .text.save_onlineTM_logic
                0x2001f620      0x2bc ./src/sub-systemCode/Global/OnlineTM.o
                0x2001f620                save_onlineTM_logic
 .text.save_onlineTM_task
                0x2001f8dc       0xd8 ./src/sub-systemCode/Global/OnlineTM.o
                0x2001f8dc                save_onlineTM_task
 .text.delete_allTMFilesFromSD
                0x2001f9b4      0x14c ./src/sub-systemCode/Global/TLM_management.o
                0x2001f9b4                delete_allTMFilesFromSD
 .text.getNumOfFilesInFS
                0x2001fb00       0x44 ./src/sub-systemCode/Global/TLM_management.o
 .text.setNumOfFilesInFS
                0x2001fb44       0x50 ./src/sub-systemCode/Global/TLM_management.o
 .text.f_managed_enterFS
                0x2001fb94       0x9c ./src/sub-systemCode/Global/TLM_management.o
                0x2001fb94                f_managed_enterFS
 .text.f_managed_releaseFS
                0x2001fc30       0x4c ./src/sub-systemCode/Global/TLM_management.o
                0x2001fc30                f_managed_releaseFS
 .text.f_managed_open
                0x2001fc7c       0xf0 ./src/sub-systemCode/Global/TLM_management.o
                0x2001fc7c                f_managed_open
 .text.f_managed_close
                0x2001fd6c       0x80 ./src/sub-systemCode/Global/TLM_management.o
                0x2001fd6c                f_managed_close
 .text.createSemahores_FS
                0x2001fdec       0x7c ./src/sub-systemCode/Global/TLM_management.o
                0x2001fdec                createSemahores_FS
 .text.InitializeFS
                0x2001fe68      0x1a8 ./src/sub-systemCode/Global/TLM_management.o
                0x2001fe68                InitializeFS
 .text.c_fileCreate
                0x20020010       0xf4 ./src/sub-systemCode/Global/TLM_management.o
                0x20020010                c_fileCreate
 .text.writewithEpochtime
                0x20020104       0x94 ./src/sub-systemCode/Global/TLM_management.o
 .text.get_C_FILE_struct
                0x20020198      0x104 ./src/sub-systemCode/Global/TLM_management.o
 .text.getFileIndex
                0x2002029c       0x64 ./src/sub-systemCode/Global/TLM_management.o
 .text.get_file_name_by_index
                0x20020300       0x54 ./src/sub-systemCode/Global/TLM_management.o
                0x20020300                get_file_name_by_index
 .text.c_fileReset
                0x20020354      0x140 ./src/sub-systemCode/Global/TLM_management.o
                0x20020354                c_fileReset
 .text.c_fileWrite
                0x20020494      0x168 ./src/sub-systemCode/Global/TLM_management.o
                0x20020494                c_fileWrite
 .text.deleteElementsFromFile
                0x200205fc      0x188 ./src/sub-systemCode/Global/TLM_management.o
 .text.c_fileDeleteElements
                0x20020784      0x168 ./src/sub-systemCode/Global/TLM_management.o
                0x20020784                c_fileDeleteElements
 .text.c_fileRead
                0x200208ec      0x2c8 ./src/sub-systemCode/Global/TLM_management.o
                0x200208ec                c_fileRead
 .text.xSemaphoreGive_extended
                0x20020bb4       0x48 ./src/sub-systemCode/Global/freertosExtended.o
                0x20020bb4                xSemaphoreGive_extended
 .text.xSemaphoreTake_extended
                0x20020bfc       0x54 ./src/sub-systemCode/Global/freertosExtended.o
                0x20020bfc                xSemaphoreTake_extended
 .text.WriteLog
                0x20020c50       0x94 ./src/sub-systemCode/Global/logger.o
                0x20020c50                WriteLog
 .text.WritePayloadLog
                0x20020ce4       0x54 ./src/sub-systemCode/Global/logger.o
                0x20020ce4                WritePayloadLog
 .text.reset_APRS_list
                0x20020d38       0xa4 ./src/sub-systemCode/COMM/APRS.o
                0x20020d38                reset_APRS_list
 .text.send_APRS_Dump
                0x20020ddc      0x1c0 ./src/sub-systemCode/COMM/APRS.o
                0x20020ddc                send_APRS_Dump
 .text.get_APRS_list
                0x20020f9c       0x88 ./src/sub-systemCode/COMM/APRS.o
                0x20020f9c                get_APRS_list
 .text.find_CMD_in_list
                0x20021024       0x7c ./src/sub-systemCode/COMM/DelayedCommand_list.o
                0x20021024                find_CMD_in_list
 .text.find_empty_in_list
                0x200210a0       0x74 ./src/sub-systemCode/COMM/DelayedCommand_list.o
                0x200210a0                find_empty_in_list
 .text.check_delayCommandTime
                0x20021114       0x8c ./src/sub-systemCode/COMM/DelayedCommand_list.o
                0x20021114                check_delayCommandTime
 .text.execute_delayedCommand
                0x200211a0       0x8c ./src/sub-systemCode/COMM/DelayedCommand_list.o
                0x200211a0                execute_delayedCommand
 .text.check_delaycommand
                0x2002122c      0x17c ./src/sub-systemCode/COMM/DelayedCommand_list.o
                0x2002122c                check_delaycommand
 .text.reset_delayCommand
                0x200213a8       0x8c ./src/sub-systemCode/COMM/DelayedCommand_list.o
                0x200213a8                reset_delayCommand
 .text.add_delayCommand
                0x20021434      0x1cc ./src/sub-systemCode/COMM/DelayedCommand_list.o
                0x20021434                add_delayCommand
 .text.get_delayCommand_list
                0x20021600       0x80 ./src/sub-systemCode/COMM/DelayedCommand_list.o
                0x20021600                get_delayCommand_list
 .text.EmptyOldestCommand
                0x20021680      0x108 ./src/sub-systemCode/COMM/DelayedCommand_list.o
                0x20021680                EmptyOldestCommand
 .text.decode_TCpacket
                0x20021788      0x16c ./src/sub-systemCode/COMM/GSC.o
                0x20021788                decode_TCpacket
 .text.encode_TCpacket
                0x200218f4      0x114 ./src/sub-systemCode/COMM/GSC.o
                0x200218f4                encode_TCpacket
 .text.encode_TMpacket
                0x20021a08      0x104 ./src/sub-systemCode/COMM/GSC.o
                0x20021a08                encode_TMpacket
 .text.build_raw_ACK
                0x20021b0c       0xbc ./src/sub-systemCode/COMM/GSC.o
                0x20021b0c                build_raw_ACK
 .text.build_data_field_ACK
                0x20021bc8       0x74 ./src/sub-systemCode/COMM/GSC.o
                0x20021bc8                build_data_field_ACK
 .text.update_FRAM_bitRate
                0x20021c3c       0xd0 ./src/sub-systemCode/COMM/TRXVU.o
                0x20021c3c                update_FRAM_bitRate
 .text.toggle_idle_state
                0x20021d0c       0x94 ./src/sub-systemCode/COMM/TRXVU.o
                0x20021d0c                toggle_idle_state
 .text.TRXVU_init_hardWare
                0x20021da0       0xac ./src/sub-systemCode/COMM/TRXVU.o
                0x20021da0                TRXVU_init_hardWare
 .text.TRXVU_init_softWare
                0x20021e4c      0x100 ./src/sub-systemCode/COMM/TRXVU.o
                0x20021e4c                TRXVU_init_softWare
 .text.init_trxvu
                0x20021f4c       0x14 ./src/sub-systemCode/COMM/TRXVU.o
                0x20021f4c                init_trxvu
 .text.TRXVU_task
                0x20021f60       0x9c ./src/sub-systemCode/COMM/TRXVU.o
                0x20021f60                TRXVU_task
 .text.dump_logic
                0x20021ffc      0x34c ./src/sub-systemCode/COMM/TRXVU.o
                0x20021ffc                dump_logic
 .text.Dump_task
                0x20022348      0x17c ./src/sub-systemCode/COMM/TRXVU.o
                0x20022348                Dump_task
 .text.transponder_logic
                0x200224c4       0xbc ./src/sub-systemCode/COMM/TRXVU.o
                0x200224c4                transponder_logic
 .text.Transponder_task
                0x20022580      0x224 ./src/sub-systemCode/COMM/TRXVU.o
                0x20022580                Transponder_task
 .text.lookForRequestToDelete_transponder
                0x200227a4       0xb4 ./src/sub-systemCode/COMM/TRXVU.o
                0x200227a4                lookForRequestToDelete_transponder
 .text.lookForRequestToDelete_dump
                0x20022858       0x78 ./src/sub-systemCode/COMM/TRXVU.o
                0x20022858                lookForRequestToDelete_dump
 .text.sendRequestToStop_dump
                0x200228d0       0x8c ./src/sub-systemCode/COMM/TRXVU.o
                0x200228d0                sendRequestToStop_dump
 .text.sendRequestToStop_transponder
                0x2002295c       0x8c ./src/sub-systemCode/COMM/TRXVU.o
                0x2002295c                sendRequestToStop_transponder
 .text.Rx_logic
                0x200229e8      0x18c ./src/sub-systemCode/COMM/TRXVU.o
                0x200229e8                Rx_logic
 .text.pass_above_Ground
                0x20022b74      0x104 ./src/sub-systemCode/COMM/TRXVU.o
                0x20022b74                pass_above_Ground
 .text.check_TRXVUState
                0x20022c78       0xf0 ./src/sub-systemCode/COMM/TRXVU.o
                0x20022c78                check_TRXVUState
 .text.trxvu_logic
                0x20022d68       0x20 ./src/sub-systemCode/COMM/TRXVU.o
                0x20022d68                trxvu_logic
 .text.Beacon_task
                0x20022d88      0x17c ./src/sub-systemCode/COMM/TRXVU.o
                0x20022d88                Beacon_task
 .text.buildAndSend_beacon
                0x20022f04      0x5a0 ./src/sub-systemCode/COMM/TRXVU.o
                0x20022f04                buildAndSend_beacon
 .text.reset_FRAM_TRXVU
                0x200234a4      0x160 ./src/sub-systemCode/COMM/TRXVU.o
                0x200234a4                reset_FRAM_TRXVU
 .text.TRX_sendFrame
                0x20023604      0x1ac ./src/sub-systemCode/COMM/TRXVU.o
                0x20023604                TRX_sendFrame
 .text.TRX_getFrameData
                0x200237b0      0x10c ./src/sub-systemCode/COMM/TRXVU.o
                0x200237b0                TRX_getFrameData
 .text.mute_Tx  0x200238bc       0x20 ./src/sub-systemCode/COMM/TRXVU.o
                0x200238bc                mute_Tx
 .text.unmute_Tx
                0x200238dc       0x58 ./src/sub-systemCode/COMM/TRXVU.o
                0x200238dc                unmute_Tx
 .text.check_time_off_mute
                0x20023934       0x88 ./src/sub-systemCode/COMM/TRXVU.o
                0x20023934                check_time_off_mute
 .text.set_mute_time
                0x200239bc       0xb4 ./src/sub-systemCode/COMM/TRXVU.o
                0x200239bc                set_mute_time
 .text.change_TRXVU_state
                0x20023a70       0xe0 ./src/sub-systemCode/COMM/TRXVU.o
                0x20023a70                change_TRXVU_state
 .text.change_trans_RSSI
                0x20023b50       0x60 ./src/sub-systemCode/COMM/TRXVU.o
                0x20023b50                change_trans_RSSI
 .text.AdcsReadI2cAck
                0x20023bb0       0xfc ./src/sub-systemCode/ADCS/AdcsCommands.o
                0x20023bb0                AdcsReadI2cAck
 .text.AdcsGenericI2cCmd
                0x20023cac      0x198 ./src/sub-systemCode/ADCS/AdcsCommands.o
                0x20023cac                AdcsGenericI2cCmd
 .text.SendAdcsTlm
                0x20023e44      0x14c ./src/sub-systemCode/ADCS/AdcsCommands.o
                0x20023e44                SendAdcsTlm
 .text.AdcsExecuteCommand
                0x20023f90     0x1e28 ./src/sub-systemCode/ADCS/AdcsCommands.o
                0x20023f90                AdcsExecuteCommand
 .text.cspaceADCS_getEstimatedAngles
                0x20025db8       0x98 ./src/sub-systemCode/ADCS/AdcsGetDataAndTlm.o
                0x20025db8                cspaceADCS_getEstimatedAngles
 .text.cspaceADCS_getEstimatedAnglesRates
                0x20025e50       0x98 ./src/sub-systemCode/ADCS/AdcsGetDataAndTlm.o
                0x20025e50                cspaceADCS_getEstimatedAnglesRates
 .text.cspaceADCS_getSatellitePosition
                0x20025ee8       0x98 ./src/sub-systemCode/ADCS/AdcsGetDataAndTlm.o
                0x20025ee8                cspaceADCS_getSatellitePosition
 .text.InitTlmElements
                0x20025f80      0x234 ./src/sub-systemCode/ADCS/AdcsGetDataAndTlm.o
                0x20025f80                InitTlmElements
 .text.CreateTlmElementFiles
                0x200261b4      0x178 ./src/sub-systemCode/ADCS/AdcsGetDataAndTlm.o
                0x200261b4                CreateTlmElementFiles
 .text.SaveElementTlmAtIndex
                0x2002632c      0x4ec ./src/sub-systemCode/ADCS/AdcsGetDataAndTlm.o
                0x2002632c                SaveElementTlmAtIndex
 .text.UpdateTlmElementAtIndex
                0x20026818      0x150 ./src/sub-systemCode/ADCS/AdcsGetDataAndTlm.o
                0x20026818                UpdateTlmElementAtIndex
 .text.UpdateTlmToSaveVector
                0x20026968       0xc8 ./src/sub-systemCode/ADCS/AdcsGetDataAndTlm.o
                0x20026968                UpdateTlmToSaveVector
 .text.UpdateTlmPeriodVector
                0x20026a30      0x120 ./src/sub-systemCode/ADCS/AdcsGetDataAndTlm.o
                0x20026a30                UpdateTlmPeriodVector
 .text.AdcsGetTlmOverrideFlag
                0x20026b50       0x5c ./src/sub-systemCode/ADCS/AdcsGetDataAndTlm.o
                0x20026b50                AdcsGetTlmOverrideFlag
 .text.AdcsSetTlmOverrideFlag
                0x20026bac       0x9c ./src/sub-systemCode/ADCS/AdcsGetDataAndTlm.o
                0x20026bac                AdcsSetTlmOverrideFlag
 .text.RestoreDefaultTlmElement
                0x20026c48      0x1e8 ./src/sub-systemCode/ADCS/AdcsGetDataAndTlm.o
                0x20026c48                RestoreDefaultTlmElement
 .text.GetTlmElementAtIndex
                0x20026e30       0x80 ./src/sub-systemCode/ADCS/AdcsGetDataAndTlm.o
                0x20026e30                GetTlmElementAtIndex
 .text.GatherTlmAndData
                0x20026eb0       0xec ./src/sub-systemCode/ADCS/AdcsGetDataAndTlm.o
                0x20026eb0                GatherTlmAndData
 .text.UpdateAdcsFramParameters
                0x20026f9c      0x124 ./src/sub-systemCode/ADCS/AdcsMain.o
                0x20026f9c                UpdateAdcsFramParameters
 .text.AdcsInit
                0x200270c0      0x140 ./src/sub-systemCode/ADCS/AdcsMain.o
                0x200270c0                AdcsInit
 .text.AdcsTask
                0x20027200      0x110 ./src/sub-systemCode/ADCS/AdcsMain.o
                0x20027200                AdcsTask
 .text.AdcsTroubleShooting
                0x20027310       0x88 ./src/sub-systemCode/ADCS/AdcsTroubleShooting.o
                0x20027310                AdcsTroubleShooting
 .text.UpdateAdcsStateMachine
                0x20027398       0x1c ./src/sub-systemCode/ADCS/StateMachine.o
                0x20027398                UpdateAdcsStateMachine
 .text.save_time
                0x200273b4       0x9c ./src/main.o
                0x200273b4                save_time
 .text.Command_logic
                0x20027450       0x6c ./src/main.o
                0x20027450                Command_logic
 .text.taskMain
                0x200274bc       0x74 ./src/main.o
                0x200274bc                taskMain
 .text.main     0x20027530       0xc4 ./src/main.o
                0x20027530                main
 .text.GomEpsInitialize
                0x200275f4      0x148 C:/ISIS/workspace/HOOPOE3/satellite-subsystems/demo/..//satellite-subsystems/lib\libSatelliteSubsystemsD.a(GomEPS.o)
                0x200275f4                GomEpsInitialize
 .text.makeEPStransfer
                0x2002773c       0x3c C:/ISIS/workspace/HOOPOE3/satellite-subsystems/demo/..//satellite-subsystems/lib\libSatelliteSubsystemsD.a(GomEPS.o)
 .text.GomEpsPing
                0x20027778       0xf8 C:/ISIS/workspace/HOOPOE3/satellite-subsystems/demo/..//satellite-subsystems/lib\libSatelliteSubsystemsD.a(GomEPS.o)
                0x20027778                GomEpsPing
 .text.GomEpsSoftReset
                0x20027870       0xc4 C:/ISIS/workspace/HOOPOE3/satellite-subsystems/demo/..//satellite-subsystems/lib\libSatelliteSubsystemsD.a(GomEPS.o)
                0x20027870                GomEpsSoftReset
 .text.GomEpsHardReset
                0x20027934       0xa8 C:/ISIS/workspace/HOOPOE3/satellite-subsystems/demo/..//satellite-subsystems/lib\libSatelliteSubsystemsD.a(GomEPS.o)
                0x20027934                GomEpsHardReset
 .text.GomEpsGetHkData_param
                0x200279dc      0x29c C:/ISIS/workspace/HOOPOE3/satellite-subsystems/demo/..//satellite-subsystems/lib\libSatelliteSubsystemsD.a(GomEPS.o)
                0x200279dc                GomEpsGetHkData_param
 .text.GomEpsGetHkData_general
                0x20027c78      0x45c C:/ISIS/workspace/HOOPOE3/satellite-subsystems/demo/..//satellite-subsystems/lib\libSatelliteSubsystemsD.a(GomEPS.o)
                0x20027c78                GomEpsGetHkData_general
 .text.GomEpsGetHkData_vi
                0x200280d4      0x188 C:/ISIS/workspace/HOOPOE3/satellite-subsystems/demo/..//satellite-subsystems/lib\libSatelliteSubsystemsD.a(GomEPS.o)
                0x200280d4                GomEpsGetHkData_vi
 .text.GomEpsGetHkData_out
                0x2002825c      0x21c C:/ISIS/workspace/HOOPOE3/satellite-subsystems/demo/..//satellite-subsystems/lib\libSatelliteSubsystemsD.a(GomEPS.o)
                0x2002825c                GomEpsGetHkData_out
 .text.GomEpsGetHkData_wdt
                0x20028478      0x2b4 C:/ISIS/workspace/HOOPOE3/satellite-subsystems/demo/..//satellite-subsystems/lib\libSatelliteSubsystemsD.a(GomEPS.o)
                0x20028478                GomEpsGetHkData_wdt
 .text.GomEpsGetHkData_basic
                0x2002872c      0x22c C:/ISIS/workspace/HOOPOE3/satellite-subsystems/demo/..//satellite-subsystems/lib\libSatelliteSubsystemsD.a(GomEPS.o)
                0x2002872c                GomEpsGetHkData_basic
 .text.GomEpsSetOutput
                0x20028958       0xbc C:/ISIS/workspace/HOOPOE3/satellite-subsystems/demo/..//satellite-subsystems/lib\libSatelliteSubsystemsD.a(GomEPS.o)
                0x20028958                GomEpsSetOutput
 .text.GomEpsResetWDT
                0x20028a14       0xc4 C:/ISIS/workspace/HOOPOE3/satellite-subsystems/demo/..//satellite-subsystems/lib\libSatelliteSubsystemsD.a(GomEPS.o)
                0x20028a14                GomEpsResetWDT
 .text.GomEpsConfigGet
                0x20028ad8      0x16c C:/ISIS/workspace/HOOPOE3/satellite-subsystems/demo/..//satellite-subsystems/lib\libSatelliteSubsystemsD.a(GomEPS.o)
                0x20028ad8                GomEpsConfigGet
 .text.GomEpsConfigSet
                0x20028c44      0x184 C:/ISIS/workspace/HOOPOE3/satellite-subsystems/demo/..//satellite-subsystems/lib\libSatelliteSubsystemsD.a(GomEPS.o)
                0x20028c44                GomEpsConfigSet
 .text.GomEpsConfig2Get
                0x20028dc8      0x16c C:/ISIS/workspace/HOOPOE3/satellite-subsystems/demo/..//satellite-subsystems/lib\libSatelliteSubsystemsD.a(GomEPS.o)
                0x20028dc8                GomEpsConfig2Get
 .text.makeAntStransfer
                0x20028f34       0x4c C:/ISIS/workspace/HOOPOE3/satellite-subsystems/demo/..//satellite-subsystems/lib\libSatelliteSubsystemsD.a(IsisAntS.o)
 .text.checkInputsValid
                0x20028f80       0x7c C:/ISIS/workspace/HOOPOE3/satellite-subsystems/demo/..//satellite-subsystems/lib\libSatelliteSubsystemsD.a(IsisAntS.o)
 .text.IsisAntS_setArmStatus
                0x20028ffc      0x104 C:/ISIS/workspace/HOOPOE3/satellite-subsystems/demo/..//satellite-subsystems/lib\libSatelliteSubsystemsD.a(IsisAntS.o)
                0x20028ffc                IsisAntS_setArmStatus
 .text.IsisAntS_getStatusData
                0x20029100      0x120 C:/ISIS/workspace/HOOPOE3/satellite-subsystems/demo/..//satellite-subsystems/lib\libSatelliteSubsystemsD.a(IsisAntS.o)
                0x20029100                IsisAntS_getStatusData
 .text.IsisAntS_getTemperature
                0x20029220      0x120 C:/ISIS/workspace/HOOPOE3/satellite-subsystems/demo/..//satellite-subsystems/lib\libSatelliteSubsystemsD.a(IsisAntS.o)
                0x20029220                IsisAntS_getTemperature
 .text.IsisAntS_getAlltelemetry
                0x20029340      0x120 C:/ISIS/workspace/HOOPOE3/satellite-subsystems/demo/..//satellite-subsystems/lib\libSatelliteSubsystemsD.a(IsisAntS.o)
                0x20029340                IsisAntS_getAlltelemetry
 .text.IsisAntS_reset
                0x20029460      0x104 C:/ISIS/workspace/HOOPOE3/satellite-subsystems/demo/..//satellite-subsystems/lib\libSatelliteSubsystemsD.a(IsisAntS.o)
                0x20029460                IsisAntS_reset
 .text.IsisSolarPanelv2_initialize
                0x20029564       0xb4 C:/ISIS/workspace/HOOPOE3/satellite-subsystems/demo/..//satellite-subsystems/lib\libSatelliteSubsystemsD.a(IsisSolarPanelv2.o)
                0x20029564                IsisSolarPanelv2_initialize
 .text.IsisSolarPanelv2_getTemperature
                0x20029618       0xc8 C:/ISIS/workspace/HOOPOE3/satellite-subsystems/demo/..//satellite-subsystems/lib\libSatelliteSubsystemsD.a(IsisSolarPanelv2.o)
                0x20029618                IsisSolarPanelv2_getTemperature
 .text.IsisSolarPanelv2_sleep
                0x200296e0       0xbc C:/ISIS/workspace/HOOPOE3/satellite-subsystems/demo/..//satellite-subsystems/lib\libSatelliteSubsystemsD.a(IsisSolarPanelv2.o)
                0x200296e0                IsisSolarPanelv2_sleep
 .text.IsisSolarPanelv2_wakeup
                0x2002979c       0x80 C:/ISIS/workspace/HOOPOE3/satellite-subsystems/demo/..//satellite-subsystems/lib\libSatelliteSubsystemsD.a(IsisSolarPanelv2.o)
                0x2002979c                IsisSolarPanelv2_wakeup
 .text._Reset   0x2002981c       0x20 C:/ISIS/workspace/HOOPOE3/satellite-subsystems/demo/..//satellite-subsystems/lib\libSatelliteSubsystemsD.a(IsisSolarPanelv2.o)
 .text._WaitForStartup
                0x2002983c       0x90 C:/ISIS/workspace/HOOPOE3/satellite-subsystems/demo/..//satellite-subsystems/lib\libSatelliteSubsystemsD.a(IsisSolarPanelv2.o)
 .text._AssignAllChannels
                0x200298cc       0x90 C:/ISIS/workspace/HOOPOE3/satellite-subsystems/demo/..//satellite-subsystems/lib\libSatelliteSubsystemsD.a(IsisSolarPanelv2.o)
 .text._AssignThisChannel
                0x2002995c       0xe8 C:/ISIS/workspace/HOOPOE3/satellite-subsystems/demo/..//satellite-subsystems/lib\libSatelliteSubsystemsD.a(IsisSolarPanelv2.o)
 .text._InitiateConversion
                0x20029a44       0xac C:/ISIS/workspace/HOOPOE3/satellite-subsystems/demo/..//satellite-subsystems/lib\libSatelliteSubsystemsD.a(IsisSolarPanelv2.o)
 .text._WaitForConversionComplete
                0x20029af0      0x100 C:/ISIS/workspace/HOOPOE3/satellite-subsystems/demo/..//satellite-subsystems/lib\libSatelliteSubsystemsD.a(IsisSolarPanelv2.o)
 .text._ReadResult