Archive member included because of file (symbol)

c:/isis/application/toolchain/bin/../lib/gcc/arm-none-eabi/4.7.4/../../../../arm-none-eabi/lib\libc_s.a(lib_a-vfprintf_float.o)
                              (_printf_float)
c:/isis/application/toolchain/bin/../lib/gcc/arm-none-eabi/4.7.4/../../../../arm-none-eabi/lib\libc_s.a(lib_a-vfprintf_i.o)
                              c:/isis/application/toolchain/bin/../lib/gcc/arm-none-eabi/4.7.4/../../../../arm-none-eabi/lib\libc_s.a(lib_a-vfprintf_float.o) (_printf_common)
c:/isis/application/toolchain/bin/../lib/gcc/arm-none-eabi/4.7.4/../../../../arm-none-eabi/lib\libc_s.a(lib_a-vfscanf_float.o)
                              (_scanf_float)
c:/isis/application/toolchain/bin/../lib/gcc/arm-none-eabi/4.7.4/../../../../arm-none-eabi/lib\libc_s.a(lib_a-dtoa.o)
                              c:/isis/application/toolchain/bin/../lib/gcc/arm-none-eabi/4.7.4/../../../../arm-none-eabi/lib\libc_s.a(lib_a-vfprintf_float.o) (_dtoa_r)
c:/isis/application/toolchain/bin/../lib/gcc/arm-none-eabi/4.7.4/../../../../arm-none-eabi/lib\libc_s.a(lib_a-locale.o)
                              c:/isis/application/toolchain/bin/../lib/gcc/arm-none-eabi/4.7.4/../../../../arm-none-eabi/lib\libc_s.a(lib_a-vfprintf_float.o) (_localeconv_r)
c:/isis/application/toolchain/bin/../lib/gcc/arm-none-eabi/4.7.4/../../../../arm-none-eabi/lib\libc_s.a(lib_a-malloc.o)
                              c:/isis/application/toolchain/bin/../lib/gcc/arm-none-eabi/4.7.4/../../../../arm-none-eabi/lib\libc_s.a(lib_a-dtoa.o) (malloc)
c:/isis/application/toolchain/bin/../lib/gcc/arm-none-eabi/4.7.4/../../../../arm-none-eabi/lib\libc_s.a(lib_a-mallocr.o)
                              c:/isis/application/toolchain/bin/../lib/gcc/arm-none-eabi/4.7.4/../../../../arm-none-eabi/lib\libc_s.a(lib_a-malloc.o) (_malloc_r)
c:/isis/application/toolchain/bin/../lib/gcc/arm-none-eabi/4.7.4/../../../../arm-none-eabi/lib\libc_s.a(lib_a-memcpy.o)
                              c:/isis/application/toolchain/bin/../lib/gcc/arm-none-eabi/4.7.4/../../../../arm-none-eabi/lib\libc_s.a(lib_a-dtoa.o) (memcpy)
c:/isis/application/toolchain/bin/../lib/gcc/arm-none-eabi/4.7.4/../../../../arm-none-eabi/lib\libc_s.a(lib_a-mprec.o)
                              c:/isis/application/toolchain/bin/../lib/gcc/arm-none-eabi/4.7.4/../../../../arm-none-eabi/lib\libc_s.a(lib_a-dtoa.o) (_Balloc)
c:/isis/application/toolchain/bin/../lib/gcc/arm-none-eabi/4.7.4/../../../../arm-none-eabi/lib\libc_s.a(lib_a-s_fpclassify.o)
                              c:/isis/application/toolchain/bin/../lib/gcc/arm-none-eabi/4.7.4/../../../../arm-none-eabi/lib\libc_s.a(lib_a-vfprintf_float.o) (__fpclassifyd)
c:/isis/application/toolchain/bin/../lib/gcc/arm-none-eabi/4.7.4/../../../../arm-none-eabi/lib\libc_s.a(lib_a-sbrkr.o)
                              c:/isis/application/toolchain/bin/../lib/gcc/arm-none-eabi/4.7.4/../../../../arm-none-eabi/lib\libc_s.a(lib_a-mallocr.o) (_sbrk_r)
c:/isis/application/toolchain/bin/../lib/gcc/arm-none-eabi/4.7.4/../../../../arm-none-eabi/lib\libc_s.a(lib_a-sf_nan.o)
                              c:/isis/application/toolchain/bin/../lib/gcc/arm-none-eabi/4.7.4/../../../../arm-none-eabi/lib\libc_s.a(lib_a-vfscanf_float.o) (nanf)
c:/isis/application/toolchain/bin/../lib/gcc/arm-none-eabi/4.7.4/../../../../arm-none-eabi/lib\libc_s.a(lib_a-sprintf.o)
                              c:/isis/application/toolchain/bin/../lib/gcc/arm-none-eabi/4.7.4/../../../../arm-none-eabi/lib\libc_s.a(lib_a-vfscanf_float.o) (sprintf)
c:/isis/application/toolchain/bin/../lib/gcc/arm-none-eabi/4.7.4/../../../../arm-none-eabi/lib\libc_s.a(lib_a-strcmp.o)
                              c:/isis/application/toolchain/bin/../lib/gcc/arm-none-eabi/4.7.4/../../../../arm-none-eabi/lib\libc_s.a(lib_a-locale.o) (strcmp)
c:/isis/application/toolchain/bin/../lib/gcc/arm-none-eabi/4.7.4/../../../../arm-none-eabi/lib\libc_s.a(lib_a-strlen.o)
                              c:/isis/application/toolchain/bin/../lib/gcc/arm-none-eabi/4.7.4/../../../../arm-none-eabi/lib\libc_s.a(lib_a-vfprintf_float.o) (strlen)
c:/isis/application/toolchain/bin/../lib/gcc/arm-none-eabi/4.7.4/../../../../arm-none-eabi/lib\libc_s.a(lib_a-strtod.o)
                              c:/isis/application/toolchain/bin/../lib/gcc/arm-none-eabi/4.7.4/../../../../arm-none-eabi/lib\libc_s.a(lib_a-vfscanf_float.o) (_strtod_r)
c:/isis/application/toolchain/bin/../lib/gcc/arm-none-eabi/4.7.4/../../../../arm-none-eabi/lib\libc_s.a(lib_a-strtol.o)
                              c:/isis/application/toolchain/bin/../lib/gcc/arm-none-eabi/4.7.4/../../../../arm-none-eabi/lib\libc_s.a(lib_a-vfscanf_float.o) (_strtol_r)
c:/isis/application/toolchain/bin/../lib/gcc/arm-none-eabi/4.7.4/../../../../arm-none-eabi/lib\libc_s.a(lib_a-svfprintf.o)
                              c:/isis/application/toolchain/bin/../lib/gcc/arm-none-eabi/4.7.4/../../../../arm-none-eabi/lib\libc_s.a(lib_a-sprintf.o) (_svfprintf_r)
[...]
Memory Configuration

Name             Origin             Length             Attributes
sram0            0x00200000         0x00004000         w !xr
sram1            0x00300000         0x00004000         w !xr
sdram            0x20000000         0x02000000         w !xr
*default*        0x00000000         0xffffffff

Linker script and memory map

LOAD c:/isis/application/toolchain/bin/../lib/gcc/arm-none-eabi/4.7.4/../../../../arm-none-eabi/lib\libc_s.a
LOAD ./src/sub-systemCode/payload/Request Management/Dump/Butchering.o
LOAD ./src/sub-systemCode/payload/Request Management/Dump/imageDump.o
LOAD ./src/sub-systemCode/payload/Request Management/CameraManeger.o
LOAD ./src/sub-systemCode/payload/Request Management/DB_RequestHandling.o
LOAD ./src/sub-systemCode/payload/Misc/Boolean_bit.o
LOAD ./src/sub-systemCode/payload/Misc/FileSystem.o
LOAD ./src/sub-systemCode/payload/Drivers/GeckoCameraDriver.o
LOAD ./src/sub-systemCode/payload/DataBase/DataBase.o
LOAD ./src/sub-systemCode/payload/Compression/jpeg/bmp/rawToBMP.o
LOAD ./src/sub-systemCode/payload/Compression/jpeg/DCT.o
LOAD ./src/sub-systemCode/payload/Compression/jpeg/ImgCompressor.o
LOAD ./src/sub-systemCode/payload/Compression/jpeg/color_conv.o
LOAD ./src/sub-systemCode/payload/Compression/jpeg/jpeg.o
LOAD ./src/sub-systemCode/payload/Compression/jpeg/jpeg_encoder.o
LOAD ./src/sub-systemCode/payload/Compression/jpeg/jpeg_memory_alloc.o
LOAD ./src/sub-systemCode/payload/Compression/jpeg/jpeg_params.o
LOAD ./src/sub-systemCode/payload/Compression/jpeg/output_stream.o
LOAD ./src/sub-systemCode/payload/Compression/ImageConversion.o
LOAD ./src/sub-systemCode/Main/CMD/ADCS_CMD.o
LOAD ./src/sub-systemCode/Main/CMD/COMM_CMD.o
LOAD ./src/sub-systemCode/Main/CMD/EPS_CMD.o
LOAD ./src/sub-systemCode/Main/CMD/General_CMD.o
LOAD ./src/sub-systemCode/Main/CMD/SW_CMD.o
LOAD ./src/sub-systemCode/Main/CMD/payload_CMD.o
LOAD ./src/sub-systemCode/Main/Ants.o
LOAD ./src/sub-systemCode/Main/EPS.o
LOAD ./src/sub-systemCode/Main/HouseKeeping.o
LOAD ./src/sub-systemCode/Main/Main_Init.o
LOAD ./src/sub-systemCode/Main/commands.o
LOAD ./src/sub-systemCode/Global/GenericTaskSave.o
LOAD ./src/sub-systemCode/Global/Global.o
LOAD ./src/sub-systemCode/Global/GlobalParam.o
LOAD ./src/sub-systemCode/Global/OnlineTM.o
LOAD ./src/sub-systemCode/Global/TLM_management.o
LOAD ./src/sub-systemCode/Global/freertosExtended.o
LOAD ./src/sub-systemCode/Global/logger.o
LOAD ./src/sub-systemCode/CUF/CUF.o
LOAD ./src/sub-systemCode/CUF/uploadCodeTelemetry.o
LOAD ./src/sub-systemCode/COMM/APRS.o
LOAD ./src/sub-systemCode/COMM/DelayedCommand_list.o
LOAD ./src/sub-systemCode/COMM/GSC.o
LOAD ./src/sub-systemCode/COMM/TRXVU.o
LOAD ./src/sub-systemCode/ADCS/AdcsCommands.o
LOAD ./src/sub-systemCode/ADCS/AdcsGetDataAndTlm.o
LOAD ./src/sub-systemCode/ADCS/AdcsMain.o
LOAD ./src/sub-systemCode/ADCS/AdcsTroubleShooting.o
LOAD ./src/sub-systemCode/ADCS/StateMachine.o
LOAD ./src/main.o
LOAD C:/HOOPOE3/satellite-subsystems/demo/..//satellite-subsystems/lib\libSatelliteSubsystemsD.a
LOAD c:/isis/application/toolchain/bin/../lib/gcc/arm-none-eabi/4.7.4/../../../../arm-none-eabi/lib\libm.a
LOAD C:/HOOPOE3/satellite-subsystems/demo/../..//hal/hcc/lib\libHCCD.a
LOAD C:/HOOPOE3/satellite-subsystems/demo/../..//hal/hal/lib\libHALD.a
LOAD C:/HOOPOE3/satellite-subsystems/demo/../..//hal/freertos/lib\libFreeRTOSD.a
LOAD C:/HOOPOE3/satellite-subsystems/demo/../..//hal/at91/lib\libAt91D.a
START GROUP
LOAD c:/isis/application/toolchain/bin/../lib/gcc/arm-none-eabi/4.7.4\libgcc.a
LOAD c:/isis/application/toolchain/bin/../lib/gcc/arm-none-eabi/4.7.4/../../../../arm-none-eabi/lib\libc_s.a
END GROUP

.fixed          0x20000000    0x5b3e0
                0x20000000                . = ALIGN (0x4)
                0x20000000                _sfixed = .
 *(.startup)
 .startup       0x20000000      0x134 C:/HOOPOE3/satellite-subsystems/demo/../..//hal/at91/lib\libAt91D.a(board_cstartup.o)
                0x20000000                entry
 *(.text)
 .text          0x20000134       0x64 C:/HOOPOE3/satellite-subsystems/demo/../..//hal/at91/lib\libAt91D.a(cp15_asm.o)
                0x20000134                _readControlRegister
                0x20000140                _writeControlRegister
                0x20000148                _waitForInterrupt
                0x20000154                _writeTTB
                0x2000015c                _writeDomain
                0x20000164                _writeITLBLockdown
                0x2000016c                _prefetchICacheLine
                0x20000174                _flushDCache
                0x20000180                _flushWriteBuffer
                0x2000018c                _invalidateIDTLBs
 .text          0x20000198      0x114 c:/isis/application/toolchain/bin/../lib/gcc/arm-none-eabi/4.7.4\libgcc.a(_udivsi3.o)
                0x20000198                __aeabi_uidiv
                0x20000198                __udivsi3
                0x2000028c                __aeabi_uidivmod
 .text          0x200002ac      0x148 c:/isis/application/toolchain/bin/../lib/gcc/arm-none-eabi/4.7.4\libgcc.a(_divsi3.o)
                0x200002ac                __divsi3
                0x200002ac                __aeabi_idiv
                0x200003d4                __aeabi_idivmod
 .text          0x200003f4        0x4 c:/isis/application/toolchain/bin/../lib/gcc/arm-none-eabi/4.7.4\libgcc.a(_dvmd_tls.o)
                0x200003f4                __aeabi_idiv0
                0x200003f4                __aeabi_ldiv0
 .text          0x200003f8      0x41c c:/isis/application/toolchain/bin/../lib/gcc/arm-none-eabi/4.7.4\libgcc.a(_arm_addsubdf3.o)
                0x200003f8                __aeabi_drsub
                0x20000400                __aeabi_dsub
                0x20000400                __subdf3
                0x20000404                __aeabi_dadd
                0x20000404                __adddf3
                0x20000714                __floatunsidf
                0x20000714                __aeabi_ui2d
                0x20000738                __floatsidf
                0x20000738                __aeabi_i2d
                0x20000760                __aeabi_f2d
                0x20000760                __extendsfdf2
                0x200007a0                __floatundidf
                0x200007a0                __aeabi_ul2d
                0x200007b4                __floatdidf
                0x200007b4                __aeabi_l2d
 .text          0x20000814      0x49c c:/isis/application/toolchain/bin/../lib/gcc/arm-none-eabi/4.7.4\libgcc.a(_arm_muldivdf3.o)
                0x20000814                __aeabi_dmul
                0x20000814                __muldf3
                0x20000aa4                __divdf3
                0x20000aa4                __aeabi_ddiv
 .text          0x20000cb0      0x144 c:/isis/application/toolchain/bin/../lib/gcc/arm-none-eabi/4.7.4\libgcc.a(_arm_cmpdf2.o)
                0x20000cb0                __gtdf2
                0x20000cb0                __gedf2
                0x20000cb8                __ltdf2
                0x20000cb8                __ledf2
                0x20000cc0                __nedf2
                0x20000cc0                __eqdf2
                0x20000cc0                __cmpdf2
                0x20000d48                __aeabi_cdrcmple
                0x20000d64                __aeabi_cdcmpeq
                0x20000d64                __aeabi_cdcmple
                0x20000d7c                __aeabi_dcmpeq
                0x20000d94                __aeabi_dcmplt
                0x20000dac                __aeabi_dcmple
                0x20000dc4                __aeabi_dcmpge
                0x20000ddc                __aeabi_dcmpgt
 .text          0x20000df4       0x5c c:/isis/application/toolchain/bin/../lib/gcc/arm-none-eabi/4.7.4\libgcc.a(_arm_fixdfsi.o)
                0x20000df4                __aeabi_d2iz
                0x20000df4                __fixdfsi
 .text          0x20000e50       0x54 c:/isis/application/toolchain/bin/../lib/gcc/arm-none-eabi/4.7.4\libgcc.a(_arm_fixunsdfsi.o)
                0x20000e50                __aeabi_d2uiz
                0x20000e50                __fixunsdfsi
 .text          0x20000ea4       0xa0 c:/isis/application/toolchain/bin/../lib/gcc/arm-none-eabi/4.7.4\libgcc.a(_arm_truncdfsf2.o)
                0x20000ea4                __truncdfsf2
                0x20000ea4                __aeabi_d2f
 .text          0x20000f44      0x2ac c:/isis/application/toolchain/bin/../lib/gcc/arm-none-eabi/4.7.4\libgcc.a(_arm_addsubsf3.o)
                0x20000f44                __aeabi_frsub
                0x20000f4c                __subsf3
                0x20000f4c                __aeabi_fsub
                0x20000f50                __aeabi_fadd
                0x20000f50                __addsf3
                0x2000110c                __aeabi_ui2f
                0x2000110c                __floatunsisf
                0x20001114                __aeabi_i2f
                0x20001114                __floatsisf
                0x20001134                __aeabi_ul2f
                0x20001134                __floatundisf
                0x20001144                __aeabi_l2f
                0x20001144                __floatdisf
 .text          0x200011f0      0x2f8 c:/isis/application/toolchain/bin/../lib/gcc/arm-none-eabi/4.7.4\libgcc.a(_arm_muldivsf3.o)
                0x200011f0                __mulsf3
                0x200011f0                __aeabi_fmul
                0x20001388                __aeabi_fdiv
                0x20001388                __divsf3
 .text          0x200014e8      0x114 c:/isis/application/toolchain/bin/../lib/gcc/arm-none-eabi/4.7.4\libgcc.a(_arm_cmpsf2.o)
                0x200014e8                __gesf2
                0x200014e8                __gtsf2
                0x200014f0                __lesf2
                0x200014f0                __ltsf2
                0x200014f8                __nesf2
                0x200014f8                __eqsf2
                0x200014f8                __cmpsf2
                0x2000155c                __aeabi_cfrcmple
                0x2000156c                __aeabi_cfcmpeq
                0x2000156c                __aeabi_cfcmple
                0x20001584                __aeabi_fcmpeq
                0x2000159c                __aeabi_fcmplt
                0x200015b4                __aeabi_fcmple
                0x200015cc                __aeabi_fcmpge
                0x200015e4                __aeabi_fcmpgt
 .text          0x200015fc       0x54 c:/isis/application/toolchain/bin/../lib/gcc/arm-none-eabi/4.7.4\libgcc.a(_arm_fixunssfsi.o)
                0x200015fc                __fixunssfsi
                0x200015fc                __aeabi_f2uiz
 *(.text*)
 .text.__cvt    0x20001650      0x138 c:/isis/application/toolchain/bin/../lib/gcc/arm-none-eabi/4.7.4/../../../../arm-none-eabi/lib\libc_s.a(lib_a-vfprintf_float.o)
                0x20001650                __cvt
 .text.__exponent
                0x20001788       0xa8 c:/isis/application/toolchain/bin/../lib/gcc/arm-none-eabi/4.7.4/../../../../arm-none-eabi/lib\libc_s.a(lib_a-vfprintf_float.o)
                0x20001788                __exponent
 .text._printf_float
                0x20001830      0x7dc c:/isis/application/toolchain/bin/../lib/gcc/arm-none-eabi/4.7.4/../../../../arm-none-eabi/lib\libc_s.a(lib_a-vfprintf_float.o)
                0x20001830                _printf_float
 .text._printf_common
                0x2000200c      0x174 c:/isis/application/toolchain/bin/../lib/gcc/arm-none-eabi/4.7.4/../../../../arm-none-eabi/lib\libc_s.a(lib_a-vfprintf_i.o)
                0x2000200c                _printf_common
 .text._printf_i
                0x20002180      0x3c4 c:/isis/application/toolchain/bin/../lib/gcc/arm-none-eabi/4.7.4/../../../../arm-none-eabi/lib\libc_s.a(lib_a-vfprintf_i.o)
                0x20002180                _printf_i
 .text._scanf_float
                0x20002544      0x5f4 c:/isis/application/toolchain/bin/../lib/gcc/arm-none-eabi/4.7.4/../../../../arm-none-eabi/lib\libc_s.a(lib_a-vfscanf_float.o)
                0x20002544                _scanf_float
 .text.quorem   0x20002b38      0x1ac c:/isis/application/toolchain/bin/../lib/gcc/arm-none-eabi/4.7.4/../../../../arm-none-eabi/lib\libc_s.a(lib_a-dtoa.o)
 .text._dtoa_r  0x20002ce4     0x1268 c:/isis/application/toolchain/bin/../lib/gcc/arm-none-eabi/4.7.4/../../../../arm-none-eabi/lib\libc_s.a(lib_a-dtoa.o)
                0x20002ce4                _dtoa_r
 .text._localeconv_r
                0x20003f4c        0xc c:/isis/application/toolchain/bin/../lib/gcc/arm-none-eabi/4.7.4/../../../../arm-none-eabi/lib\libc_s.a(lib_a-locale.o)
                0x20003f4c                _localeconv_r
 .text.malloc   0x20003f58       0x20 c:/isis/application/toolchain/bin/../lib/gcc/arm-none-eabi/4.7.4/../../../../arm-none-eabi/lib\libc_s.a(lib_a-malloc.o)
                0x20003f58                malloc
 .text.free     0x20003f78       0x20 c:/isis/application/toolchain/bin/../lib/gcc/arm-none-eabi/4.7.4/../../../../arm-none-eabi/lib\libc_s.a(lib_a-malloc.o)
                0x20003f78                free
 .text._malloc_r
                0x20003f98       0xfc c:/isis/application/toolchain/bin/../lib/gcc/arm-none-eabi/4.7.4/../../../../arm-none-eabi/lib\libc_s.a(lib_a-mallocr.o)
                0x20003f98                _malloc_r
 .text.memcpy   0x20004094       0x20 c:/isis/application/toolchain/bin/../lib/gcc/arm-none-eabi/4.7.4/../../../../arm-none-eabi/lib\libc_s.a(lib_a-memcpy.o)
                0x20004094                memcpy
 .text._Balloc  0x200040b4       0xcc c:/isis/application/toolchain/bin/../lib/gcc/arm-none-eabi/4.7.4/../../../../arm-none-eabi/lib\libc_s.a(lib_a-mprec.o)
                0x200040b4                _Balloc
 .text._Bfree   0x20004180       0x5c c:/isis/application/toolchain/bin/../lib/gcc/arm-none-eabi/4.7.4/../../../../arm-none-eabi/lib\libc_s.a(lib_a-mprec.o)
                0x20004180                _Bfree
 .text.__multadd
                0x200041dc       0xbc c:/isis/application/toolchain/bin/../lib/gcc/arm-none-eabi/4.7.4/../../../../arm-none-eabi/lib\libc_s.a(lib_a-mprec.o)
                0x200041dc                __multadd
 .text.__s2b    0x20004298       0xd8 c:/isis/application/toolchain/bin/../lib/gcc/arm-none-eabi/4.7.4/../../../../arm-none-eabi/lib\libc_s.a(lib_a-mprec.o)
                0x20004298                __s2b
 .text.__hi0bits
                0x20004370       0x58 c:/isis/application/toolchain/bin/../lib/gcc/arm-none-eabi/4.7.4/../../../../arm-none-eabi/lib\libc_s.a(lib_a-mprec.o)
                0x20004370                __hi0bits
 .text.__lo0bits
                0x200043c8       0x94 c:/isis/application/toolchain/bin/../lib/gcc/arm-none-eabi/4.7.4/../../../../arm-none-eabi/lib\libc_s.a(lib_a-mprec.o)
                0x200043c8                __lo0bits
 .text.__i2b    0x2000445c       0x24 c:/isis/application/toolchain/bin/../lib/gcc/arm-none-eabi/4.7.4/../../../../arm-none-eabi/lib\libc_s.a(lib_a-mprec.o)
                0x2000445c                __i2b
 .text.__multiply
                0x20004480      0x1ac c:/isis/application/toolchain/bin/../lib/gcc/arm-none-eabi/4.7.4/../../../../arm-none-eabi/lib\libc_s.a(lib_a-mprec.o)
                0x20004480                __multiply
 .text.__pow5mult
                0x2000462c      0x10c c:/isis/application/toolchain/bin/../lib/gcc/arm-none-eabi/4.7.4/../../../../arm-none-eabi/lib\libc_s.a(lib_a-mprec.o)
                0x2000462c                __pow5mult
 .text.__lshift
                0x20004738       0xf0 c:/isis/application/toolchain/bin/../lib/gcc/arm-none-eabi/4.7.4/../../../../arm-none-eabi/lib\libc_s.a(lib_a-mprec.o)
                0x20004738                __lshift
 .text.__mcmp   0x20004828       0x60 c:/isis/application/toolchain/bin/../lib/gcc/arm-none-eabi/4.7.4/../../../../arm-none-eabi/lib\libc_s.a(lib_a-mprec.o)
                0x20004828                __mcmp
 .text.__mdiff  0x20004888      0x128 c:/isis/application/toolchain/bin/../lib/gcc/arm-none-eabi/4.7.4/../../../../arm-none-eabi/lib\libc_s.a(lib_a-mprec.o)
                0x20004888                __mdiff
 .text.__ulp    0x200049b0       0x5c c:/isis/application/toolchain/bin/../lib/gcc/arm-none-eabi/4.7.4/../../../../arm-none-eabi/lib\libc_s.a(lib_a-mprec.o)
                0x200049b0                __ulp
 .text.__b2d    0x20004a0c       0xc8 c:/isis/application/toolchain/bin/../lib/gcc/arm-none-eabi/4.7.4/../../../../arm-none-eabi/lib\libc_s.a(lib_a-mprec.o)
                0x20004a0c                __b2d
 .text.__d2b    0x20004ad4       0xfc c:/isis/application/toolchain/bin/../lib/gcc/arm-none-eabi/4.7.4/../../../../arm-none-eabi/lib\libc_s.a(lib_a-mprec.o)
                0x20004ad4                __d2b
 .text.__ratio  0x20004bd0       0x70 c:/isis/application/toolchain/bin/../lib/gcc/arm-none-eabi/4.7.4/../../../../arm-none-eabi/lib\libc_s.a(lib_a-mprec.o)
                0x20004bd0                __ratio
 .text.__copybits
                0x20004c40       0x4c c:/isis/application/toolchain/bin/../lib/gcc/arm-none-eabi/4.7.4/../../../../arm-none-eabi/lib\libc_s.a(lib_a-mprec.o)
                0x20004c40                __copybits
 .text.__any_on
                0x20004c8c       0x7c c:/isis/application/toolchain/bin/../lib/gcc/arm-none-eabi/4.7.4/../../../../arm-none-eabi/lib\libc_s.a(lib_a-mprec.o)
                0x20004c8c                __any_on
 .text.__fpclassifyd
                0x20004d08       0x6c c:/isis/application/toolchain/bin/../lib/gcc/arm-none-eabi/4.7.4/../../../../arm-none-eabi/lib\libc_s.a(lib_a-s_fpclassify.o)
                0x20004d08                __fpclassifyd
 .text._sbrk_r  0x20004d74       0x3c c:/isis/application/toolchain/bin/../lib/gcc/arm-none-eabi/4.7.4/../../../../arm-none-eabi/lib\libc_s.a(lib_a-sbrkr.o)
                0x20004d74                _sbrk_r
 .text.nanf     0x20004db0        0xc c:/isis/application/toolchain/bin/../lib/gcc/arm-none-eabi/4.7.4/../../../../arm-none-eabi/lib\libc_s.a(lib_a-sf_nan.o)
                0x20004db0                nanf
 .text.sprintf  0x20004dbc       0x6c c:/isis/application/toolchain/bin/../lib/gcc/arm-none-eabi/4.7.4/../../../../arm-none-eabi/lib\libc_s.a(lib_a-sprintf.o)
                0x20004dbc                siprintf
                0x20004dbc                sprintf
 .text.strcmp   0x20004e28       0x1c c:/isis/application/toolchain/bin/../lib/gcc/arm-none-eabi/4.7.4/../../../../arm-none-eabi/lib\libc_s.a(lib_a-strcmp.o)
                0x20004e28                strcmp
 .text.strlen   0x20004e44       0x1c c:/isis/application/toolchain/bin/../lib/gcc/arm-none-eabi/4.7.4/../../../../arm-none-eabi/lib\libc_s.a(lib_a-strlen.o)
                0x20004e44                strlen
 .text.match    0x20004e60       0x54 c:/isis/application/toolchain/bin/../lib/gcc/arm-none-eabi/4.7.4/../../../../arm-none-eabi/lib\libc_s.a(lib_a-strtod.o)
 .text._strtod_r
                0x20004eb4     0x1168 c:/isis/application/toolchain/bin/../lib/gcc/arm-none-eabi/4.7.4/../../../../arm-none-eabi/lib\libc_s.a(lib_a-strtod.o)
                0x20004eb4                _strtod_r
 .text._strtol_r
                0x2000601c      0x1b8 c:/isis/application/toolchain/bin/../lib/gcc/arm-none-eabi/4.7.4/../../../../arm-none-eabi/lib\libc_s.a(lib_a-strtol.o)
                0x2000601c                _strtol_r
 .text.__ssputc_r
                0x200061d4      0x10c c:/isis/application/toolchain/bin/../lib/gcc/arm-none-eabi/4.7.4/../../../../arm-none-eabi/lib\libc_s.a(lib_a-svfprintf.o)
                0x200061d4                __ssputc_r
 .text._svfprintf_r
                0x200062e0      0x328 c:/isis/application/toolchain/bin/../lib/gcc/arm-none-eabi/4.7.4/../../../../arm-none-eabi/lib\libc_s.a(lib_a-svfprintf.o)
                0x200062e0                _svfiprintf_r
                0x200062e0                _svfprintf_r
 .text._calloc_r
                0x20006608       0x2c c:/isis/application/toolchain/bin/../lib/gcc/arm-none-eabi/4.7.4/../../../../arm-none-eabi/lib\libc_s.a(lib_a-callocr.o)
                0x20006608                _calloc_r
 .text._free_r  0x20006634      0x108 c:/isis/application/toolchain/bin/../lib/gcc/arm-none-eabi/4.7.4/../../../../arm-none-eabi/lib\libc_s.a(lib_a-freer.o)
                0x20006634                _free_r
 .text.rshift   0x2000673c       0xb0 c:/isis/application/toolchain/bin/../lib/gcc/arm-none-eabi/4.7.4/../../../../arm-none-eabi/lib\libc_s.a(lib_a-gdtoa-gethex.o)
 .text.htinit.constprop.0
                0x200067ec       0x34 c:/isis/application/toolchain/bin/../lib/gcc/arm-none-eabi/4.7.4/../../../../arm-none-eabi/lib\libc_s.a(lib_a-gdtoa-gethex.o)
 .text.__hexdig_init
                0x20006820       0x38 c:/isis/application/toolchain/bin/../lib/gcc/arm-none-eabi/4.7.4/../../../../arm-none-eabi/lib\libc_s.a(lib_a-gdtoa-gethex.o)
                0x20006820                __hexdig_init
 .text.__gethex
                0x20006858      0x6cc c:/isis/application/toolchain/bin/../lib/gcc/arm-none-eabi/4.7.4/../../../../arm-none-eabi/lib\libc_s.a(lib_a-gdtoa-gethex.o)
                0x20006858                __gethex
 .text.L_shift  0x20006f24       0x38 c:/isis/application/toolchain/bin/../lib/gcc/arm-none-eabi/4.7.4/../../../../arm-none-eabi/lib\libc_s.a(lib_a-gdtoa-hexnan.o)
 .text.__hexnan
                0x20006f5c      0x1d8 c:/isis/application/toolchain/bin/../lib/gcc/arm-none-eabi/4.7.4/../../../../arm-none-eabi/lib\libc_s.a(lib_a-gdtoa-hexnan.o)
                0x20006f5c                __hexnan
 .text.memchr   0x20007134       0x34 c:/isis/application/toolchain/bin/../lib/gcc/arm-none-eabi/4.7.4/../../../../arm-none-eabi/lib\libc_s.a(lib_a-memchr.o)
                0x20007134                memchr
 .text.memset   0x20007168       0x1c c:/isis/application/toolchain/bin/../lib/gcc/arm-none-eabi/4.7.4/../../../../arm-none-eabi/lib\libc_s.a(lib_a-memset.o)
                0x20007168                memset
 .text._realloc_r
                0x20007184       0x80 c:/isis/application/toolchain/bin/../lib/gcc/arm-none-eabi/4.7.4/../../../../arm-none-eabi/lib\libc_s.a(lib_a-reallocr.o)
                0x20007184                _realloc_r
 .text.strncmp  0x20007204       0x64 c:/isis/application/toolchain/bin/../lib/gcc/arm-none-eabi/4.7.4/../../../../arm-none-eabi/lib\libc_s.a(lib_a-strncmp.o)
                0x20007204                strncmp
 .text._malloc_usable_size_r
                0x20007268       0x1c c:/isis/application/toolchain/bin/../lib/gcc/arm-none-eabi/4.7.4/../../../../arm-none-eabi/lib\libc_s.a(lib_a-msizer.o)
                0x20007268                _malloc_usable_size_r
 .text.GetChunkFromImage
                0x20007284      0x2d0 ./src/sub-systemCode/payload/Request Management/Dump/Butchering.o
                0x20007284                GetChunkFromImage
 .text.SimpleButcher
                0x20007554       0xd8 ./src/sub-systemCode/payload/Request Management/Dump/Butchering.o
                0x20007554                SimpleButcher
 .text.readChunkDimentionsFromFRAM
                0x2000762c       0x80 ./src/sub-systemCode/payload/Request Management/Dump/imageDump.o
                0x2000762c                readChunkDimentionsFromFRAM
 .text.setChunkDimensions_inFRAM
                0x200076ac      0x10c ./src/sub-systemCode/payload/Request Management/Dump/imageDump.o
                0x200076ac                setChunkDimensions_inFRAM
 .text.find_subType_ofImage
                0x200077b8       0xe0 ./src/sub-systemCode/payload/Request Management/Dump/imageDump.o
                0x200077b8                find_subType_ofImage
 .text.buildAndSend_chunck
                0x20007898      0x320 ./src/sub-systemCode/payload/Request Management/Dump/imageDump.o
                0x20007898                buildAndSend_chunck
 .text.bitField_imageDump
                0x20007bb8      0x23c ./src/sub-systemCode/payload/Request Management/Dump/imageDump.o
                0x20007bb8                bitField_imageDump
 .text.imageDataBase_Dump
                0x20007df4      0x118 ./src/sub-systemCode/payload/Request Management/Dump/imageDump.o
                0x20007df4                imageDataBase_Dump
 .text.chunkField_imageDump
                0x20007f0c      0x258 ./src/sub-systemCode/payload/Request Management/Dump/imageDump.o
                0x20007f0c                chunkField_imageDump
 .text.imageDump_task
                0x20008164      0x464 ./src/sub-systemCode/payload/Request Management/Dump/imageDump.o
                0x20008164                imageDump_task
 .text.CameraManagerTaskMain
                0x200085c8      0x138 ./src/sub-systemCode/payload/Request Management/CameraManeger.o
                0x200085c8                CameraManagerTaskMain
 .text.initCamera
                0x20008700       0xa4 ./src/sub-systemCode/payload/Request Management/CameraManeger.o
                0x20008700                initCamera
 .text.KickStartCamera
                0x200087a4       0xb4 ./src/sub-systemCode/payload/Request Management/CameraManeger.o
                0x200087a4                KickStartCamera
 .text.addRequestToQueue
                0x20008858       0xa8 ./src/sub-systemCode/payload/Request Management/CameraManeger.o
                0x20008858                addRequestToQueue
 .text.removeRequestFromQueue
                0x20008900       0x7c ./src/sub-systemCode/payload/Request Management/CameraManeger.o
                0x20008900                removeRequestFromQueue
 .text.Take_pictures_with_time_in_between
                0x2000897c       0xec ./src/sub-systemCode/payload/Request Management/CameraManeger.o
                0x2000897c                Take_pictures_with_time_in_between
 .text.Gecko_TroubleShooter
                0x20008a68       0xd8 ./src/sub-systemCode/payload/Request Management/CameraManeger.o
                0x20008a68                Gecko_TroubleShooter
 .text.startDumpTask
                0x20008b40       0x70 ./src/sub-systemCode/payload/Request Management/CameraManeger.o
                0x20008b40                startDumpTask
 .text.act_upon_request
                0x20008bb0      0x478 ./src/sub-systemCode/payload/Request Management/CameraManeger.o
                0x20008bb0                act_upon_request
 .text.TakePicture
                0x20009028       0x4c ./src/sub-systemCode/payload/Request Management/DB_RequestHandling.o
                0x20009028                TakePicture
 .text.TakeSpecialPicture
                0x20009074      0x130 ./src/sub-systemCode/payload/Request Management/DB_RequestHandling.o
                0x20009074                TakeSpecialPicture
 .text.DeletePictureFile
                0x200091a4       0x88 ./src/sub-systemCode/payload/Request Management/DB_RequestHandling.o
                0x200091a4                DeletePictureFile
 .text.DeletePicture
                0x2000922c       0x6c ./src/sub-systemCode/payload/Request Management/DB_RequestHandling.o
                0x2000922c                DeletePicture
 .text.TransferPicture
                0x20009298       0x54 ./src/sub-systemCode/payload/Request Management/DB_RequestHandling.o
                0x20009298                TransferPicture
 .text.CreateThumbnail
                0x200092ec       0x80 ./src/sub-systemCode/payload/Request Management/DB_RequestHandling.o
                0x200092ec                CreateThumbnail
 .text.CreateJPG
                0x2000936c       0x7c ./src/sub-systemCode/payload/Request Management/DB_RequestHandling.o
                0x2000936c                CreateJPG
 .text.UpdatePhotographyValues
                0x200093e8       0xd8 ./src/sub-systemCode/payload/Request Management/DB_RequestHandling.o
                0x200093e8                UpdatePhotographyValues
 .text.setChunkDimensions
                0x200094c0       0x64 ./src/sub-systemCode/payload/Request Management/DB_RequestHandling.o
                0x200094c0                setChunkDimensions
 .text.convert2char
                0x20009524      0x14c ./src/sub-systemCode/payload/Misc/Boolean_bit.o
                0x20009524                convert2char
 .text.convert2byte
                0x20009670      0x1c8 ./src/sub-systemCode/payload/Misc/Boolean_bit.o
                0x20009670                convert2byte
 .text.bits2byte
                0x20009838      0x17c ./src/sub-systemCode/payload/Misc/Boolean_bit.o
                0x20009838                bits2byte
 .text.byte2bits
                0x200099b4      0x17c ./src/sub-systemCode/payload/Misc/Boolean_bit.o
                0x200099b4                byte2bits
 .text.char2bits
                0x20009b30       0x44 ./src/sub-systemCode/payload/Misc/Boolean_bit.o
                0x20009b30                char2bits
 .text.bits2char
                0x20009b74       0x3c ./src/sub-systemCode/payload/Misc/Boolean_bit.o
                0x20009b74                bits2char
 .text.ReadFromFile
                0x20009bb0       0x6c ./src/sub-systemCode/payload/Misc/FileSystem.o
                0x20009bb0                ReadFromFile
 .text.WriteToFile
                0x20009c1c       0x74 ./src/sub-systemCode/payload/Misc/FileSystem.o
                0x20009c1c                WriteToFile
 .text.Initialized_GPIO
                0x20009c90       0x54 ./src/sub-systemCode/payload/Drivers/GeckoCameraDriver.o
                0x20009c90                Initialized_GPIO
 .text.TurnOnGecko
                0x20009ce4      0x140 ./src/sub-systemCode/payload/Drivers/GeckoCameraDriver.o
                0x20009ce4                TurnOnGecko
 .text.TurnOffGecko
                0x20009e24       0xd8 ./src/sub-systemCode/payload/Drivers/GeckoCameraDriver.o
                0x20009e24                TurnOffGecko
 .text.initGecko
                0x20009efc       0x3c ./src/sub-systemCode/payload/Drivers/GeckoCameraDriver.o
                0x20009efc                initGecko
 .text.GECKO_TakeImage
                0x20009f38      0x2f4 ./src/sub-systemCode/payload/Drivers/GeckoCameraDriver.o
                0x20009f38                GECKO_TakeImage
 .text.GECKO_ReadImage
                0x2000a22c      0x234 ./src/sub-systemCode/payload/Drivers/GeckoCameraDriver.o
                0x2000a22c                GECKO_ReadImage
 .text.GECKO_EraseBlock
                0x2000a460       0xf0 ./src/sub-systemCode/payload/Drivers/GeckoCameraDriver.o
                0x2000a460                GECKO_EraseBlock
 .text.getFileName
                0x2000a550      0x190 ./src/sub-systemCode/payload/DataBase/DataBase.o
 .text.zeroImageDataBase
                0x2000a6e0       0xfc ./src/sub-systemCode/payload/DataBase/DataBase.o
                0x2000a6e0                zeroImageDataBase
 .text.updateGeneralDataBaseParameters
                0x2000a7dc       0x5c ./src/sub-systemCode/payload/DataBase/DataBase.o
                0x2000a7dc                updateGeneralDataBaseParameters
 .text.SearchDataBase_byID
                0x2000a838      0x234 ./src/sub-systemCode/payload/DataBase/DataBase.o
                0x2000a838                SearchDataBase_byID
 .text.SearchDataBase_byMark
                0x2000aa6c       0xb8 ./src/sub-systemCode/payload/DataBase/DataBase.o
                0x2000aa6c                SearchDataBase_byMark
 .text.checkForFileType
                0x2000ab24       0x74 ./src/sub-systemCode/payload/DataBase/DataBase.o
                0x2000ab24                checkForFileType
 .text.updateFileTypes
                0x2000ab98       0xbc ./src/sub-systemCode/payload/DataBase/DataBase.o
                0x2000ab98                updateFileTypes
 .text.GetImageFactor
                0x2000ac54       0x58 ./src/sub-systemCode/payload/DataBase/DataBase.o
                0x2000ac54                GetImageFactor
 .text.readImageFromBuffer
                0x2000acac      0x12c ./src/sub-systemCode/payload/DataBase/DataBase.o
                0x2000acac                readImageFromBuffer
 .text.saveImageToBuffer
                0x2000add8      0x12c ./src/sub-systemCode/payload/DataBase/DataBase.o
                0x2000add8                saveImageToBuffer
 .text.getLatestID
                0x2000af04       0x48 ./src/sub-systemCode/payload/DataBase/DataBase.o
                0x2000af04                getLatestID
 .text.getDataBaseStart
                0x2000af4c       0x20 ./src/sub-systemCode/payload/DataBase/DataBase.o
                0x2000af4c                getDataBaseStart
 .text.setDataBaseValues
                0x2000af6c      0x208 ./src/sub-systemCode/payload/DataBase/DataBase.o
                0x2000af6c                setDataBaseValues
 .text.initImageDataBase
                0x2000b174      0x20c ./src/sub-systemCode/payload/DataBase/DataBase.o
                0x2000b174                initImageDataBase
 .text.resetImageDataBase
                0x2000b380       0x98 ./src/sub-systemCode/payload/DataBase/DataBase.o
                0x2000b380                resetImageDataBase
 .text.setCameraPhotographyValues
                0x2000b418      0x130 ./src/sub-systemCode/payload/DataBase/DataBase.o
                0x2000b418                setCameraPhotographyValues
 .text.transferImageToSD_withoutSearch
                0x2000b548      0x17c ./src/sub-systemCode/payload/DataBase/DataBase.o
                0x2000b548                transferImageToSD_withoutSearch
 .text.transferImageToSD
                0x2000b6c4       0xac ./src/sub-systemCode/payload/DataBase/DataBase.o
                0x2000b6c4                transferImageToSD
 .text.DeleteImageFromOBC_withoutSearch
                0x2000b770       0xf0 ./src/sub-systemCode/payload/DataBase/DataBase.o
                0x2000b770                DeleteImageFromOBC_withoutSearch
 .text.DeleteImageFromOBC
                0x2000b860       0xb8 ./src/sub-systemCode/payload/DataBase/DataBase.o
                0x2000b860                DeleteImageFromOBC
 .text.DeleteImageFromPayload
                0x2000b918      0x270 ./src/sub-systemCode/payload/DataBase/DataBase.o
                0x2000b918                DeleteImageFromPayload
 .text.clearImageDataBase
                0x2000bb88      0x13c ./src/sub-systemCode/payload/DataBase/DataBase.o
                0x2000bb88                clearImageDataBase
 .text.handleMarkedPictures
                0x2000bcc4      0x278 ./src/sub-systemCode/payload/DataBase/DataBase.o
                0x2000bcc4                handleMarkedPictures
 .text.writeNewImageMetaDataToFRAM
                0x2000bf3c      0x258 ./src/sub-systemCode/payload/DataBase/DataBase.o
                0x2000bf3c                writeNewImageMetaDataToFRAM
 .text.takePicture
                0x2000c194      0x344 ./src/sub-systemCode/payload/DataBase/DataBase.o
                0x2000c194                takePicture
 .text.takePicture_withSpecialParameters
                0x2000c4d8       0xbc ./src/sub-systemCode/payload/DataBase/DataBase.o
                0x2000c4d8                takePicture_withSpecialParameters
 .text.GetImageFileName
                0x2000c594       0xd0 ./src/sub-systemCode/payload/DataBase/DataBase.o
                0x2000c594                GetImageFileName
 .text.getDataBaseSize
                0x2000c664       0x20 ./src/sub-systemCode/payload/DataBase/DataBase.o
                0x2000c664                getDataBaseSize
 .text.getImageDataBaseBuffer
                0x2000c684      0x240 ./src/sub-systemCode/payload/DataBase/DataBase.o
                0x2000c684                getImageDataBaseBuffer
 .text.setAutoThumbnailCreation
                0x2000c8c4       0x30 ./src/sub-systemCode/payload/DataBase/DataBase.o
                0x2000c8c4                setAutoThumbnailCreation
 .text.TransformRawToBMP
                0x2000c8f4      0x1e0 ./src/sub-systemCode/payload/Compression/jpeg/bmp/rawToBMP.o
                0x2000c8f4                TransformRawToBMP
 .text.interpolate
                0x2000cad4      0x8d0 ./src/sub-systemCode/payload/Compression/jpeg/bmp/rawToBMP.o
                0x2000cad4                interpolate
 .text.getInputAt
                0x2000d3a4      0x308 ./src/sub-systemCode/payload/Compression/jpeg/bmp/rawToBMP.o
                0x2000d3a4                getInputAt
 .text.f_writeF_FILEHeader
                0x2000d6ac      0x2f0 ./src/sub-systemCode/payload/Compression/jpeg/bmp/rawToBMP.o
                0x2000d6ac                f_writeF_FILEHeader
 .text.f_writeOutputRow
                0x2000d99c       0xbc ./src/sub-systemCode/payload/Compression/jpeg/bmp/rawToBMP.o
                0x2000d99c                f_writeOutputRow
 .text.dct      0x2000da58      0x9c4 ./src/sub-systemCode/payload/Compression/jpeg/DCT.o
                0x2000da58                dct
 .text.JPEG_compressor
                0x2000e41c       0xfc ./src/sub-systemCode/payload/Compression/jpeg/ImgCompressor.o
                0x2000e41c                JPEG_compressor
 .text.Create_BMP_File
                0x2000e518       0xf4 ./src/sub-systemCode/payload/Compression/jpeg/ImgCompressor.o
                0x2000e518                Create_BMP_File
 .text.CompressImage
                0x2000e60c      0x1cc ./src/sub-systemCode/payload/Compression/jpeg/ImgCompressor.o
                0x2000e60c                CompressImage
 .text.clamp    0x2000e7d8       0x60 ./src/sub-systemCode/payload/Compression/jpeg/color_conv.o
                0x2000e7d8                clamp
 .text.RGB_to_YCC
                0x2000e838      0x1a8 ./src/sub-systemCode/payload/Compression/jpeg/color_conv.o
                0x2000e838                RGB_to_YCC
 .text.RGB_to_Y
                0x2000e9e0       0xc4 ./src/sub-systemCode/payload/Compression/jpeg/color_conv.o
                0x2000e9e0                RGB_to_Y
 .text.Y_to_YCC
                0x2000eaa4       0x88 ./src/sub-systemCode/payload/Compression/jpeg/color_conv.o
                0x2000eaa4                Y_to_YCC
 .text.compress_image_to_jpeg_file
                0x2000eb2c      0x1ac ./src/sub-systemCode/payload/Compression/jpeg/jpeg.o
                0x2000eb2c                compress_image_to_jpeg_file
 .text.emit_marker
                0x2000ecd8       0xc8 ./src/sub-systemCode/payload/Compression/jpeg/jpeg_encoder.o
                0x2000ecd8                emit_marker
 .text.emit_byte
                0x2000eda0       0x6c ./src/sub-systemCode/payload/Compression/jpeg/jpeg_encoder.o
                0x2000eda0                emit_byte
 .text.emit_word
                0x2000ee0c       0xd0 ./src/sub-systemCode/payload/Compression/jpeg/jpeg_encoder.o
                0x2000ee0c                emit_word
 .text.emit_jfif_app0
                0x2000eedc       0xc0 ./src/sub-systemCode/payload/Compression/jpeg/jpeg_encoder.o
                0x2000eedc                emit_jfif_app0
 .text.emit_dqt
                0x2000ef9c       0xd8 ./src/sub-systemCode/payload/Compression/jpeg/jpeg_encoder.o
                0x2000ef9c                emit_dqt
 .text.emit_sof
                0x2000f074      0x14c ./src/sub-systemCode/payload/Compression/jpeg/jpeg_encoder.o
                0x2000f074                emit_sof
 .text.emit_dht
                0x2000f1c0      0x138 ./src/sub-systemCode/payload/Compression/jpeg/jpeg_encoder.o
                0x2000f1c0                emit_dht
 .text.emit_dhts
                0x2000f2f8       0xd8 ./src/sub-systemCode/payload/Compression/jpeg/jpeg_encoder.o
                0x2000f2f8                emit_dhts
 .text.emit_sos
                0x2000f3d0       0xec ./src/sub-systemCode/payload/Compression/jpeg/jpeg_encoder.o
                0x2000f3d0                emit_sos
 .text.emit_markers
                0x2000f4bc       0x4c ./src/sub-systemCode/payload/Compression/jpeg/jpeg_encoder.o
                0x2000f4bc                emit_markers
 .text.compute_huffman_table
                0x2000f508      0x334 ./src/sub-systemCode/payload/Compression/jpeg/jpeg_encoder.o
                0x2000f508                compute_huffman_table
 .text.compute_quant_table
                0x2000f83c      0x11c ./src/sub-systemCode/payload/Compression/jpeg/jpeg_encoder.o
                0x2000f83c                compute_quant_table
 .text.first_pass_init
                0x2000f958       0x54 ./src/sub-systemCode/payload/Compression/jpeg/jpeg_encoder.o
                0x2000f958                first_pass_init
 .text.second_pass_init
                0x2000f9ac      0x110 ./src/sub-systemCode/payload/Compression/jpeg/jpeg_encoder.o
                0x2000f9ac                second_pass_init
 .text.jpg_open
                0x2000fabc      0x7b4 ./src/sub-systemCode/payload/Compression/jpeg/jpeg_encoder.o
                0x2000fabc                jpg_open
 .text.load_block_8_8_grey
                0x20010270      0x164 ./src/sub-systemCode/payload/Compression/jpeg/jpeg_encoder.o
                0x20010270                load_block_8_8_grey
 .text.load_block_8_8
                0x200103d4      0x198 ./src/sub-systemCode/payload/Compression/jpeg/jpeg_encoder.o
                0x200103d4                load_block_8_8
 .text.load_block_16_8
                0x2001056c      0x3cc ./src/sub-systemCode/payload/Compression/jpeg/jpeg_encoder.o
                0x2001056c                load_block_16_8
 .text.load_block_16_8_8
                0x20010938      0x2a8 ./src/sub-systemCode/payload/Compression/jpeg/jpeg_encoder.o
                0x20010938                load_block_16_8_8
 .text.load_coefficients
                0x20010be0      0x1c8 ./src/sub-systemCode/payload/Compression/jpeg/jpeg_encoder.o
                0x20010be0                load_coefficients
 .text.flush_output_buffer
                0x20010da8       0xa0 ./src/sub-systemCode/payload/Compression/jpeg/jpeg_encoder.o
                0x20010da8                flush_output_buffer
 .text.put_bits
                0x20010e48      0x170 ./src/sub-systemCode/payload/Compression/jpeg/jpeg_encoder.o
                0x20010e48                put_bits
 .text.code_coefficients_pass_two
                0x20010fb8      0x338 ./src/sub-systemCode/payload/Compression/jpeg/jpeg_encoder.o
                0x20010fb8                code_coefficients_pass_two
 .text.code_block
                0x200112f0       0x44 ./src/sub-systemCode/payload/Compression/jpeg/jpeg_encoder.o
                0x200112f0                code_block
 .text.process_mcu_row
                0x20011334      0x328 ./src/sub-systemCode/payload/Compression/jpeg/jpeg_encoder.o
                0x20011334                process_mcu_row
 .text.terminate_pass_two
                0x2001165c       0x44 ./src/sub-systemCode/payload/Compression/jpeg/jpeg_encoder.o
                0x2001165c                terminate_pass_two
 .text.process_end_of_image
                0x200116a0       0xc0 ./src/sub-systemCode/payload/Compression/jpeg/jpeg_encoder.o
                0x200116a0                process_end_of_image
 .text.load_mcu
                0x20011760      0x29c ./src/sub-systemCode/payload/Compression/jpeg/jpeg_encoder.o
                0x20011760                load_mcu
 .text.clear    0x200119fc      0x1e0 ./src/sub-systemCode/payload/Compression/jpeg/jpeg_encoder.o
                0x200119fc                clear
 .text.init     0x20011bdc       0xe4 ./src/sub-systemCode/payload/Compression/jpeg/jpeg_encoder.o
                0x20011bdc                init
 .text.deinit   0x20011cc0      0x160 ./src/sub-systemCode/payload/Compression/jpeg/jpeg_encoder.o
                0x20011cc0                deinit
 .text.process_scanline
                0x20011e20       0x6c ./src/sub-systemCode/payload/Compression/jpeg/jpeg_encoder.o
                0x20011e20                process_scanline
 .text.jpge_malloc
                0x20011e8c       0x28 ./src/sub-systemCode/payload/Compression/jpeg/jpeg_memory_alloc.o
                0x20011e8c                jpge_malloc
 .text.jpge_cmalloc
                0x20011eb4       0x48 ./src/sub-systemCode/payload/Compression/jpeg/jpeg_memory_alloc.o
                0x20011eb4                jpge_cmalloc
 .text.jpge_free
                0x20011efc       0x24 ./src/sub-systemCode/payload/Compression/jpeg/jpeg_memory_alloc.o
                0x20011efc                jpge_free
 .text.check    0x20011f20       0x78 ./src/sub-systemCode/payload/Compression/jpeg/jpeg_params.o
                0x20011f20                check
 .text.open_jpeg_file
                0x20011f98       0xfc ./src/sub-systemCode/payload/Compression/jpeg/output_stream.o
                0x20011f98                open_jpeg_file
 .text.close_jpeg_file
                0x20012094      0x118 ./src/sub-systemCode/payload/Compression/jpeg/output_stream.o
                0x20012094                close_jpeg_file
 .text.put_buf  0x200121ac      0x258 ./src/sub-systemCode/payload/Compression/jpeg/output_stream.o
                0x200121ac                put_buf
 .text.GetBayerPixel
                0x20012404       0xe8 ./src/sub-systemCode/payload/Compression/ImageConversion.o
 .text.BinImage
                0x200124ec      0x2c8 ./src/sub-systemCode/payload/Compression/ImageConversion.o
                0x200124ec                BinImage
 .text.ImageSkipping
                0x200127b4      0x2ac ./src/sub-systemCode/payload/Compression/ImageConversion.o
                0x200127b4                ImageSkipping
 .text.CreateImageThumbnail_withoutSearch
                0x20012a60      0x14c ./src/sub-systemCode/payload/Compression/ImageConversion.o
                0x20012a60                CreateImageThumbnail_withoutSearch
 .text.CreateImageThumbnail
                0x20012bac       0x98 ./src/sub-systemCode/payload/Compression/ImageConversion.o
                0x20012bac                CreateImageThumbnail
 .text.compressImage
                0x20012c44      0x17c ./src/sub-systemCode/payload/Compression/ImageConversion.o
                0x20012c44                compressImage
 .text.AdcsCmdQueueInit
                0x20012dc0       0x4c ./src/sub-systemCode/Main/CMD/ADCS_CMD.o
                0x20012dc0                AdcsCmdQueueInit
 .text.AdcsCmdQueueGet
                0x20012e0c       0x8c ./src/sub-systemCode/Main/CMD/ADCS_CMD.o
                0x20012e0c                AdcsCmdQueueGet
 .text.AdcsCmdQueueAdd
                0x20012e98       0x74 ./src/sub-systemCode/Main/CMD/ADCS_CMD.o
                0x20012e98                AdcsCmdQueueAdd
 .text.AdcsCmdQueueIsEmpty
                0x20012f0c       0x3c ./src/sub-systemCode/Main/CMD/ADCS_CMD.o
                0x20012f0c                AdcsCmdQueueIsEmpty
 .text.getAdcsQueueWaitPointer
                0x20012f48       0x20 ./src/sub-systemCode/Main/CMD/ADCS_CMD.o
                0x20012f48                getAdcsQueueWaitPointer
 .text.cmd_mute
                0x20012f68       0xc4 ./src/sub-systemCode/Main/CMD/COMM_CMD.o
                0x20012f68                cmd_mute
 .text.cmd_unmute
                0x2001302c       0x4c ./src/sub-systemCode/Main/CMD/COMM_CMD.o
                0x2001302c                cmd_unmute
 .text.cmd_active_trans
                0x20013078       0xc0 ./src/sub-systemCode/Main/CMD/COMM_CMD.o
                0x20013078                cmd_active_trans
 .text.cmd_shut_trans
                0x20013138       0x38 ./src/sub-systemCode/Main/CMD/COMM_CMD.o
                0x20013138                cmd_shut_trans
 .text.cmd_change_trans_rssi
                0x20013170      0x100 ./src/sub-systemCode/Main/CMD/COMM_CMD.o
                0x20013170                cmd_change_trans_rssi
 .text.cmd_aprs_dump
                0x20013270       0x50 ./src/sub-systemCode/Main/CMD/COMM_CMD.o
                0x20013270                cmd_aprs_dump
 .text.cmd_stop_dump
                0x200132c0       0x38 ./src/sub-systemCode/Main/CMD/COMM_CMD.o
                0x200132c0                cmd_stop_dump
 .text.cmd_time_frequency
                0x200132f8       0xc0 ./src/sub-systemCode/Main/CMD/COMM_CMD.o
                0x200132f8                cmd_time_frequency
 .text.cmd_change_def_bit_rate
                0x200133b8      0x158 ./src/sub-systemCode/Main/CMD/COMM_CMD.o
                0x200133b8                cmd_change_def_bit_rate
 .text.cmd_upload_volt_logic
                0x20013510      0x334 ./src/sub-systemCode/Main/CMD/EPS_CMD.o
                0x20013510                cmd_upload_volt_logic
 .text.cmd_upload_volt_COMM
                0x20013844      0x1c8 ./src/sub-systemCode/Main/CMD/EPS_CMD.o
                0x20013844                cmd_upload_volt_COMM
 .text.cmd_heater_temp
                0x20013a0c       0xc0 ./src/sub-systemCode/Main/CMD/EPS_CMD.o
                0x20013a0c                cmd_heater_temp
 .text.cmd_SHUT_CAM
                0x20013acc       0x6c ./src/sub-systemCode/Main/CMD/EPS_CMD.o
                0x20013acc                cmd_SHUT_CAM
 .text.cmd_SHUT_ADCS
                0x20013b38       0x6c ./src/sub-systemCode/Main/CMD/EPS_CMD.o
                0x20013b38                cmd_SHUT_ADCS
 .text.cmd_allow_CAM
                0x20013ba4       0x6c ./src/sub-systemCode/Main/CMD/EPS_CMD.o
                0x20013ba4                cmd_allow_CAM
 .text.cmd_allow_ADCS
                0x20013c10       0x6c ./src/sub-systemCode/Main/CMD/EPS_CMD.o
                0x20013c10                cmd_allow_ADCS
 .text.cmd_update_alpha
                0x20013c7c       0xfc ./src/sub-systemCode/Main/CMD/EPS_CMD.o
                0x20013c7c                cmd_update_alpha
 .text.cmd_generic_I2C
                0x20013d78       0xb4 ./src/sub-systemCode/Main/CMD/General_CMD.o
                0x20013d78                cmd_generic_I2C
 .text.cmd_dump
                0x20013e2c       0xf0 ./src/sub-systemCode/Main/CMD/General_CMD.o
                0x20013e2c                cmd_dump
 .text.cmd_delete_TM
                0x20013f1c      0x214 ./src/sub-systemCode/Main/CMD/General_CMD.o
                0x20013f1c                cmd_delete_TM
 .text.cmd_reset_file
                0x20014130      0x118 ./src/sub-systemCode/Main/CMD/General_CMD.o
                0x20014130                cmd_reset_file
 .text.cmd_dummy_func
                0x20014248       0x40 ./src/sub-systemCode/Main/CMD/General_CMD.o
                0x20014248                cmd_dummy_func
 .text.cmd_reset_TLM_SD
                0x20014288       0x38 ./src/sub-systemCode/Main/CMD/General_CMD.o
                0x20014288                cmd_reset_TLM_SD
 .text.cmd_soft_reset_cmponent
                0x200142c0       0xac ./src/sub-systemCode/Main/CMD/General_CMD.o
                0x200142c0                cmd_soft_reset_cmponent
 .text.cmd_hard_reset_cmponent
                0x2001436c       0xac ./src/sub-systemCode/Main/CMD/General_CMD.o
                0x2001436c                cmd_hard_reset_cmponent
 .text.cmd_reset_satellite
                0x20014418       0x78 ./src/sub-systemCode/Main/CMD/General_CMD.o
                0x20014418                cmd_reset_satellite
 .text.cmd_gracefull_reset_satellite
                0x20014490       0x78 ./src/sub-systemCode/Main/CMD/General_CMD.o
                0x20014490                cmd_gracefull_reset_satellite
 .text.cmd_upload_time
                0x20014508       0xb0 ./src/sub-systemCode/Main/CMD/General_CMD.o
                0x20014508                cmd_upload_time
 .text.cmd_ARM_DIARM
                0x200145b8       0xd4 ./src/sub-systemCode/Main/CMD/General_CMD.o
                0x200145b8                cmd_ARM_DIARM
 .text.cmd_get_onlineTM
                0x2001468c      0x148 ./src/sub-systemCode/Main/CMD/General_CMD.o
                0x2001468c                cmd_get_onlineTM
 .text.cmd_reset_off_line
                0x200147d4       0x68 ./src/sub-systemCode/Main/CMD/General_CMD.o
                0x200147d4                cmd_reset_off_line
 .text.cmd_add_item_off_line
                0x2001483c       0xf4 ./src/sub-systemCode/Main/CMD/General_CMD.o
                0x2001483c                cmd_add_item_off_line
 .text.cmd_delete_item_off_line
                0x20014930       0x98 ./src/sub-systemCode/Main/CMD/General_CMD.o
                0x20014930                cmd_delete_item_off_line
 .text.cmd_get_off_line_setting
                0x200149c8      0x108 ./src/sub-systemCode/Main/CMD/General_CMD.o
                0x200149c8                cmd_get_off_line_setting
 .text.cmd_reset_delayed_command_list
                0x20014ad0       0x3c ./src/sub-systemCode/Main/CMD/SW_CMD.o
                0x20014ad0                cmd_reset_delayed_command_list
 .text.cmd_reset_APRS_list
                0x20014b0c       0x3c ./src/sub-systemCode/Main/CMD/SW_CMD.o
                0x20014b0c                cmd_reset_APRS_list
 .text.cmd_reset_FRAM
                0x20014b48       0xf4 ./src/sub-systemCode/Main/CMD/SW_CMD.o
                0x20014b48                cmd_reset_FRAM
 .text.init_Ants
                0x20014c3c       0x74 ./src/sub-systemCode/Main/Ants.o
                0x20014c3c                init_Ants
 .text.ARM_ants
                0x20014cb0       0xb8 ./src/sub-systemCode/Main/Ants.o
                0x20014cb0                ARM_ants
 .text.DISARM_ants
                0x20014d68       0xb8 ./src/sub-systemCode/Main/Ants.o
                0x20014d68                DISARM_ants
 .text.checkDeployAttempt
                0x20014e20      0x128 ./src/sub-systemCode/Main/Ants.o
                0x20014e20                checkDeployAttempt
 .text.reset_deployStatusFRAM
                0x20014f48       0xc0 ./src/sub-systemCode/Main/Ants.o
                0x20014f48                reset_deployStatusFRAM
 .text.reset_FRAM_ants
                0x20015008       0x88 ./src/sub-systemCode/Main/Ants.o
                0x20015008                reset_FRAM_ants
 .text.DeployIfNeeded
                0x20015090      0x134 ./src/sub-systemCode/Main/Ants.o
                0x20015090                DeployIfNeeded
 .text.update_stopDeploy_FRAM
                0x200151c4       0x48 ./src/sub-systemCode/Main/Ants.o
                0x200151c4                update_stopDeploy_FRAM
 .text.round_vol
                0x2001520c      0x124 ./src/sub-systemCode/Main/EPS.o
                0x2001520c                round_vol
 .text.get_shut_ADCS
                0x20015330       0x48 ./src/sub-systemCode/Main/EPS.o
                0x20015330                get_shut_ADCS
 .text.shut_ADCS
                0x20015378       0x44 ./src/sub-systemCode/Main/EPS.o
                0x20015378                shut_ADCS
 .text.get_shut_CAM
                0x200153bc       0x48 ./src/sub-systemCode/Main/EPS.o
                0x200153bc                get_shut_CAM
 .text.shut_CAM
                0x20015404       0x44 ./src/sub-systemCode/Main/EPS.o
                0x20015404                shut_CAM
 .text.update_powerLines
                0x20015448       0xec ./src/sub-systemCode/Main/EPS.o
                0x20015448                update_powerLines
 .text.get_EPS_mode_t
                0x20015534       0x24 ./src/sub-systemCode/Main/EPS.o
                0x20015534                get_EPS_mode_t
 .text.init_enterMode
                0x20015558       0x88 ./src/sub-systemCode/Main/EPS.o
                0x20015558                init_enterMode
 .text.EPS_Init
                0x200155e0      0x1c8 ./src/sub-systemCode/Main/EPS.o
                0x200155e0                EPS_Init
 .text.reset_FRAM_EPS
                0x200157a8       0xe0 ./src/sub-systemCode/Main/EPS.o
                0x200157a8                reset_FRAM_EPS
 .text.reset_EPS_voltages
                0x20015888       0xbc ./src/sub-systemCode/Main/EPS.o
                0x20015888                reset_EPS_voltages
 .text.writeState_log
                0x20015944       0xac ./src/sub-systemCode/Main/EPS.o
                0x20015944                writeState_log
 .text.battery_downward
                0x200159f0      0x120 ./src/sub-systemCode/Main/EPS.o
                0x200159f0                battery_downward
 .text.battery_upward
                0x20015b10      0x12c ./src/sub-systemCode/Main/EPS.o
                0x20015b10                battery_upward
 .text.overRide_ADCS
                0x20015c3c       0x50 ./src/sub-systemCode/Main/EPS.o
                0x20015c3c                overRide_ADCS
 .text.overRide_Camera
                0x20015c8c       0x38 ./src/sub-systemCode/Main/EPS.o
                0x20015c8c                overRide_Camera
 .text.EPS_Conditioning
                0x20015cc4      0x258 ./src/sub-systemCode/Main/EPS.o
                0x20015cc4                EPS_Conditioning
 .text.EnterFullMode
                0x20015f1c       0xf0 ./src/sub-systemCode/Main/EPS.o
                0x20015f1c                EnterFullMode
 .text.EnterCruiseMode
                0x2001600c       0xe0 ./src/sub-systemCode/Main/EPS.o
                0x2001600c                EnterCruiseMode
 .text.EnterSafeMode
                0x200160ec       0xe0 ./src/sub-systemCode/Main/EPS.o
                0x200160ec                EnterSafeMode
 .text.EnterCriticalMode
                0x200161cc       0xcc ./src/sub-systemCode/Main/EPS.o
                0x200161cc                EnterCriticalMode
 .text.check_EPSTableCorrection
                0x20016298      0x120 ./src/sub-systemCode/Main/EPS.o
                0x20016298                check_EPSTableCorrection
 .text.save_ACK
                0x200163b8       0xec ./src/sub-systemCode/Main/HouseKeeping.o
                0x200163b8                save_ACK
 .text.set_GP_EPS
                0x200164a4      0x10c ./src/sub-systemCode/Main/HouseKeeping.o
                0x200164a4                set_GP_EPS
 .text.set_GP_COMM
                0x200165b0       0x88 ./src/sub-systemCode/Main/HouseKeeping.o
                0x200165b0                set_GP_COMM
 .text.SP_HK_collect
                0x20016638      0x198 ./src/sub-systemCode/Main/HouseKeeping.o
                0x20016638                SP_HK_collect
 .text.EPS_HK_collect
                0x200167d0      0x50c ./src/sub-systemCode/Main/HouseKeeping.o
                0x200167d0                EPS_HK_collect
 .text.CAM_HK_collect
                0x20016cdc      0x91c ./src/sub-systemCode/Main/HouseKeeping.o
                0x20016cdc                CAM_HK_collect
 .text.COMM_HK_collect
                0x200175f8      0x260 ./src/sub-systemCode/Main/HouseKeeping.o
                0x200175f8                COMM_HK_collect
 .text.HK_find_ADCSTM_fileName
                0x20017858      0x44c ./src/sub-systemCode/Main/HouseKeeping.o
                0x20017858                HK_find_ADCSTM_fileName
 .text.HK_find_fileName
                0x20017ca4      0x174 ./src/sub-systemCode/Main/HouseKeeping.o
                0x20017ca4                HK_find_fileName
 .text.HK_find_ADCSTM_ElementSize
                0x20017e18      0x1b8 ./src/sub-systemCode/Main/HouseKeeping.o
                0x20017e18                HK_find_ADCSTM_ElementSize
 .text.HK_findElementSize
                0x20017fd0       0xd4 ./src/sub-systemCode/Main/HouseKeeping.o
                0x20017fd0                HK_findElementSize
 .text.build_HK_spl_packet
                0x200180a4      0x27c ./src/sub-systemCode/Main/HouseKeeping.o
                0x200180a4                build_HK_spl_packet
 .text.numberOfRestarts
                0x20018320       0x94 ./src/sub-systemCode/Main/Main_Init.o
                0x20018320                numberOfRestarts
 .text.StartFRAM
                0x200183b4       0x38 ./src/sub-systemCode/Main/Main_Init.o
                0x200183b4                StartFRAM
 .text.StartI2C
                0x200183ec       0x44 ./src/sub-systemCode/Main/Main_Init.o
                0x200183ec                StartI2C
 .text.StartSPI
                0x20018430       0x40 ./src/sub-systemCode/Main/Main_Init.o
                0x20018430                StartSPI
 .text.StartTIME
                0x20018470      0x120 ./src/sub-systemCode/Main/Main_Init.o
                0x20018470                StartTIME
 .text.first_activation
                0x20018590       0x7c ./src/sub-systemCode/Main/Main_Init.o
                0x20018590                first_activation
 .text.InitSubsystems
                0x2001860c       0x6c ./src/sub-systemCode/Main/Main_Init.o
                0x2001860c                InitSubsystems
 .text.SubSystemTaskStart
                0x20018678      0x130 ./src/sub-systemCode/Main/Main_Init.o
                0x20018678                SubSystemTaskStart
 .text.copy_command
                0x200187a8       0x80 ./src/sub-systemCode/Main/commands.o
                0x200187a8                copy_command
 .text.reset_command
                0x20018828       0x28 ./src/sub-systemCode/Main/commands.o
                0x20018828                reset_command
 .text.init_command
                0x20018850       0xd4 ./src/sub-systemCode/Main/commands.o
                0x20018850                init_command
 .text.add_command
                0x20018924      0x118 ./src/sub-systemCode/Main/commands.o
                0x20018924                add_command
 .text.get_command
                0x20018a3c      0x1ac ./src/sub-systemCode/Main/commands.o
                0x20018a3c                get_command
 .text.act_upon_command
                0x20018be8      0x1e4 ./src/sub-systemCode/Main/commands.o
                0x20018be8                act_upon_command
 .text.cmd_error
                0x20018dcc       0x38 ./src/sub-systemCode/Main/commands.o
                0x20018dcc                cmd_error
 .text.AUC_COMM
                0x20018e04      0x25c ./src/sub-systemCode/Main/commands.o
                0x20018e04                AUC_COMM
 .text.AUC_general
                0x20019060      0x48c ./src/sub-systemCode/Main/commands.o
                0x20019060                AUC_general
 .text.AUC_payload
                0x200194ec      0x208 ./src/sub-systemCode/Main/commands.o
                0x200194ec                AUC_payload
 .text.AUC_EPS  0x200196f4      0x28c ./src/sub-systemCode/Main/commands.o
                0x200196f4                AUC_EPS
 .text.AUC_SW   0x20019980       0xe4 ./src/sub-systemCode/Main/commands.o
                0x20019980                AUC_SW
 .text.AUC_onlineTM
                0x20019a64      0x1f0 ./src/sub-systemCode/Main/commands.o
                0x20019a64                AUC_onlineTM
 .text.AUC_CUF  0x20019c54      0x154 ./src/sub-systemCode/Main/commands.o
                0x20019c54                AUC_CUF
 .text.init_GenericSaveQueue
                0x20019da8       0x3c ./src/sub-systemCode/Global/GenericTaskSave.o
                0x20019da8                init_GenericSaveQueue
 .text.add_GenericElement_queue
                0x20019de4       0x80 ./src/sub-systemCode/Global/GenericTaskSave.o
                0x20019de4                add_GenericElement_queue
 .text.GenericSave_Task
                0x20019e64      0x128 ./src/sub-systemCode/Global/GenericTaskSave.o
                0x20019e64                GenericSave_Task
 .text.check_int
                0x20019f8c       0x20 ./src/sub-systemCode/Global/Global.o
                0x20019f8c                check_int
 .text.check_portBASE_TYPE
                0x20019fac       0x20 ./src/sub-systemCode/Global/Global.o
                0x20019fac                check_portBASE_TYPE
 .text.soft_reset_subsystem
                0x20019fcc       0xd8 ./src/sub-systemCode/Global/Global.o
                0x20019fcc                soft_reset_subsystem
 .text.hard_reset_subsystem
                0x2001a0a4      0x104 ./src/sub-systemCode/Global/Global.o
                0x2001a0a4                hard_reset_subsystem
 .text.BigEnE_raw_to_uInt
                0x2001a1a8       0x94 ./src/sub-systemCode/Global/Global.o
                0x2001a1a8                BigEnE_raw_to_uInt
 .text.BigEnE_raw_to_uShort
                0x2001a23c       0x50 ./src/sub-systemCode/Global/Global.o
                0x2001a23c                BigEnE_raw_to_uShort
 .text.BigEnE_uInt_to_raw
                0x2001a28c       0x78 ./src/sub-systemCode/Global/Global.o
                0x2001a28c                BigEnE_uInt_to_raw
 .text.reset_FRAM_MAIN
                0x2001a304      0x140 ./src/sub-systemCode/Global/Global.o
                0x2001a304                reset_FRAM_MAIN
 .text.getBitValueByIndex
                0x2001a444       0xd0 ./src/sub-systemCode/Global/Global.o
                0x2001a444                getBitValueByIndex
 .text.init_GP  0x2001a514      0x2e0 ./src/sub-systemCode/Global/GlobalParam.o
                0x2001a514                init_GP
 .text.get_system_state
                0x2001a7f4      0x254 ./src/sub-systemCode/Global/GlobalParam.o
                0x2001a7f4                get_system_state
 .text.set_system_state
                0x2001aa48      0x284 ./src/sub-systemCode/Global/GlobalParam.o
                0x2001aa48                set_system_state
 .text.get_systems_state_param
                0x2001accc       0x78 ./src/sub-systemCode/Global/GlobalParam.o
                0x2001accc                get_systems_state_param
 .text.get_current_global_param
                0x2001ad44      0x548 ./src/sub-systemCode/Global/GlobalParam.o
                0x2001ad44                get_current_global_param
 .text.set_Vbatt
                0x2001b28c       0x78 ./src/sub-systemCode/Global/GlobalParam.o
                0x2001b28c                set_Vbatt
 .text.get_Vbatt
                0x2001b304       0x78 ./src/sub-systemCode/Global/GlobalParam.o
                0x2001b304                get_Vbatt
 .text.set_curBat
                0x2001b37c       0x78 ./src/sub-systemCode/Global/GlobalParam.o
                0x2001b37c                set_curBat
 .text.set_cur3V3
                0x2001b3f4       0x78 ./src/sub-systemCode/Global/GlobalParam.o
                0x2001b3f4                set_cur3V3
 .text.set_cur5V
                0x2001b46c       0x78 ./src/sub-systemCode/Global/GlobalParam.o
                0x2001b46c                set_cur5V
 .text.set_tempComm_LO
                0x2001b4e4       0x78 ./src/sub-systemCode/Global/GlobalParam.o
                0x2001b4e4                set_tempComm_LO
 .text.set_tempComm_PA
                0x2001b55c       0x78 ./src/sub-systemCode/Global/GlobalParam.o
                0x2001b55c                set_tempComm_PA
 .text.set_tempEPS
                0x2001b5d4       0xb4 ./src/sub-systemCode/Global/GlobalParam.o
                0x2001b5d4                set_tempEPS
 .text.set_tempBatt
                0x2001b688       0xb4 ./src/sub-systemCode/Global/GlobalParam.o
                0x2001b688                set_tempBatt
 .text.set_RxDoppler
                0x2001b73c       0x78 ./src/sub-systemCode/Global/GlobalParam.o
                0x2001b73c                set_RxDoppler
 .text.set_RxRSSI
                0x2001b7b4       0x78 ./src/sub-systemCode/Global/GlobalParam.o
                0x2001b7b4                set_RxRSSI
 .text.set_TxRefl
                0x2001b82c       0x78 ./src/sub-systemCode/Global/GlobalParam.o
                0x2001b82c                set_TxRefl
 .text.set_TxForw
                0x2001b8a4       0x78 ./src/sub-systemCode/Global/GlobalParam.o
                0x2001b8a4                set_TxForw
 .text.set_numOfAPRS
                0x2001b91c       0x78 ./src/sub-systemCode/Global/GlobalParam.o
                0x2001b91c                set_numOfAPRS
 .text.set_numOfDelayedCommand
                0x2001b994       0x78 ./src/sub-systemCode/Global/GlobalParam.o
                0x2001b994                set_numOfDelayedCommand
 .text.set_numOfResets
                0x2001ba0c       0x98 ./src/sub-systemCode/Global/GlobalParam.o
                0x2001ba0c                set_numOfResets
 .text.set_ground_conn
                0x2001baa4       0x8c ./src/sub-systemCode/Global/GlobalParam.o
                0x2001baa4                set_ground_conn
 .text.get_ground_conn
                0x2001bb30       0x8c ./src/sub-systemCode/Global/GlobalParam.o
                0x2001bb30                get_ground_conn
 .text.IsisAntS_getStatusData_sideA
                0x2001bbbc       0x3c ./src/sub-systemCode/Global/OnlineTM.o
                0x2001bbbc                IsisAntS_getStatusData_sideA
 .text.IsisAntS_getAlltelemetry_sideA
                0x2001bbf8       0x3c ./src/sub-systemCode/Global/OnlineTM.o
                0x2001bbf8                IsisAntS_getAlltelemetry_sideA
 .text.IsisAntS_getTemperature_sideA
                0x2001bc34       0x3c ./src/sub-systemCode/Global/OnlineTM.o
                0x2001bc34                IsisAntS_getTemperature_sideA
 .text.IsisAntS_getStatusData_sideB
                0x2001bc70       0x3c ./src/sub-systemCode/Global/OnlineTM.o
                0x2001bc70                IsisAntS_getStatusData_sideB
 .text.IsisAntS_getAlltelemetry_sideB
                0x2001bcac       0x3c ./src/sub-systemCode/Global/OnlineTM.o
                0x2001bcac                IsisAntS_getAlltelemetry_sideB
 .text.IsisAntS_getTemperature_sideB
                0x2001bce8       0x3c ./src/sub-systemCode/Global/OnlineTM.o
                0x2001bce8                IsisAntS_getTemperature_sideB
 .text.HK_collect_EPS
                0x2001bd24       0x30 ./src/sub-systemCode/Global/OnlineTM.o
                0x2001bd24                HK_collect_EPS
 .text.HK_collect_COMM
                0x2001bd54       0x30 ./src/sub-systemCode/Global/OnlineTM.o
                0x2001bd54                HK_collect_COMM
 .text.HK_collect_CAM
                0x2001bd84       0x30 ./src/sub-systemCode/Global/OnlineTM.o
                0x2001bd84                HK_collect_CAM
 .text.HK_collect_SP
                0x2001bdb4       0x30 ./src/sub-systemCode/Global/OnlineTM.o
                0x2001bdb4                HK_collect_SP
 .text.HK_collect_FS_A
                0x2001bde4       0x8c ./src/sub-systemCode/Global/OnlineTM.o
                0x2001bde4                HK_collect_FS_A
 .text.HK_collect_FS_B
                0x2001be70       0x8c ./src/sub-systemCode/Global/OnlineTM.o
                0x2001be70                HK_collect_FS_B
 .text.save_offlineSetting_FRAM
                0x2001befc      0x26c ./src/sub-systemCode/Global/OnlineTM.o
                0x2001befc                save_offlineSetting_FRAM
 .text.get_offlineSetting_FRAM
                0x2001c168       0x58 ./src/sub-systemCode/Global/OnlineTM.o
                0x2001c168                get_offlineSetting_FRAM
 .text.update_offlineSetting_FRAM
                0x2001c1c0      0x360 ./src/sub-systemCode/Global/OnlineTM.o
                0x2001c1c0                update_offlineSetting_FRAM
 .text.get_offlineSettingPacket
                0x2001c520       0xc4 ./src/sub-systemCode/Global/OnlineTM.o
                0x2001c520                get_offlineSettingPacket
 .text.get_item_by_index
                0x2001c5e4       0xdc ./src/sub-systemCode/Global/OnlineTM.o
                0x2001c5e4                get_item_by_index
 .text.get_pointer_item_by_index
                0x2001c6c0       0x48 ./src/sub-systemCode/Global/OnlineTM.o
                0x2001c6c0                get_pointer_item_by_index
 .text.init_onlineParam
                0x2001c708     0x2f70 ./src/sub-systemCode/Global/OnlineTM.o
                0x2001c708                init_onlineParam
 .text.reset_offline_TM_list
                0x2001f678      0x184 ./src/sub-systemCode/Global/OnlineTM.o
                0x2001f678                reset_offline_TM_list
 .text.get_online_packet
                0x2001f7fc      0x25c ./src/sub-systemCode/Global/OnlineTM.o
                0x2001f7fc                get_online_packet
 .text.save_onlineTM_param
                0x2001fa58      0x1b4 ./src/sub-systemCode/Global/OnlineTM.o
                0x2001fa58                save_onlineTM_param
 .text.add_onlineTM_param_to_save_list
                0x2001fc0c      0x3e4 ./src/sub-systemCode/Global/OnlineTM.o
                0x2001fc0c                add_onlineTM_param_to_save_list
 .text.delete_onlineTM_param_from_offline
                0x2001fff0      0x1a8 ./src/sub-systemCode/Global/OnlineTM.o
                0x2001fff0                delete_onlineTM_param_from_offline
 .text.save_onlineTM_logic
                0x20020198      0x2bc ./src/sub-systemCode/Global/OnlineTM.o
                0x20020198                save_onlineTM_logic
 .text.updateSD_state
                0x20020454       0xa8 ./src/sub-systemCode/Global/OnlineTM.o
                0x20020454                updateSD_state
 .text.save_onlineTM_task
                0x200204fc       0xdc ./src/sub-systemCode/Global/OnlineTM.o
                0x200204fc                save_onlineTM_task
 .text.delete_allTMFilesFromSD
                0x200205d8      0x14c ./src/sub-systemCode/Global/TLM_management.o
                0x200205d8                delete_allTMFilesFromSD
 .text.getNumOfFilesInFS
                0x20020724       0x44 ./src/sub-systemCode/Global/TLM_management.o
 .text.setNumOfFilesInFS
                0x20020768       0x50 ./src/sub-systemCode/Global/TLM_management.o
 .text.f_managed_enterFS
                0x200207b8       0x18 ./src/sub-systemCode/Global/TLM_management.o
                0x200207b8                f_managed_enterFS
 .text.f_managed_releaseFS
                0x200207d0       0x18 ./src/sub-systemCode/Global/TLM_management.o
                0x200207d0                f_managed_releaseFS
 .text.f_managed_open
                0x200207e8       0xfc ./src/sub-systemCode/Global/TLM_management.o
                0x200207e8                f_managed_open
 .text.f_managed_close
                0x200208e4       0x80 ./src/sub-systemCode/Global/TLM_management.o
                0x200208e4                f_managed_close
 .text.createSemahores_FS
                0x20020964       0x48 ./src/sub-systemCode/Global/TLM_management.o
                0x20020964                createSemahores_FS
 .text.InitializeFS
                0x200209ac      0x1bc ./src/sub-systemCode/Global/TLM_management.o
                0x200209ac                InitializeFS
 .text.c_fileCreate
                0x20020b68       0xf4 ./src/sub-systemCode/Global/TLM_management.o
                0x20020b68                c_fileCreate
 .text.writewithEpochtime
                0x20020c5c       0x94 ./src/sub-systemCode/Global/TLM_management.o
 .text.get_C_FILE_struct
                0x20020cf0      0x104 ./src/sub-systemCode/Global/TLM_management.o
 .text.getFileIndex
                0x20020df4       0x64 ./src/sub-systemCode/Global/TLM_management.o
 .text.get_file_name_by_index
                0x20020e58       0x54 ./src/sub-systemCode/Global/TLM_management.o
                0x20020e58                get_file_name_by_index
 .text.c_fileReset
                0x20020eac      0x140 ./src/sub-systemCode/Global/TLM_management.o
                0x20020eac                c_fileReset
 .text.c_fileWrite
                0x20020fec      0x168 ./src/sub-systemCode/Global/TLM_management.o
                0x20020fec                c_fileWrite
 .text.deleteElementsFromFile
                0x20021154      0x188 ./src/sub-systemCode/Global/TLM_management.o
 .text.c_fileDeleteElements
                0x200212dc      0x168 ./src/sub-systemCode/Global/TLM_management.o
                0x200212dc                c_fileDeleteElements
 .text.c_fileRead
                0x20021444      0x2f0 ./src/sub-systemCode/Global/TLM_management.o
                0x20021444                c_fileRead
 .text.DeInitializeFS
                0x20021734       0xdc ./src/sub-systemCode/Global/TLM_management.o
                0x20021734                DeInitializeFS
 .text.xSemaphoreGive_extended
                0x20021810       0x48 ./src/sub-systemCode/Global/freertosExtended.o
                0x20021810                xSemaphoreGive_extended
 .text.xSemaphoreTake_extended
                0x20021858       0x54 ./src/sub-systemCode/Global/freertosExtended.o
                0x20021858                xSemaphoreTake_extended
 .text.WriteLog
                0x200218ac       0xb4 ./src/sub-systemCode/Global/logger.o
 .text.WriteErrorLog
                0x20021960       0x64 ./src/sub-systemCode/Global/logger.o
                0x20021960                WriteErrorLog
 .text.WritePayloadLog
                0x200219c4       0x50 ./src/sub-systemCode/Global/logger.o
                0x200219c4                WritePayloadLog
 .text.WriteEpsLog
                0x20021a14       0x4c ./src/sub-systemCode/Global/logger.o
                0x20021a14                WriteEpsLog
 .text.WriteTransponderLog
                0x20021a60       0x50 ./src/sub-systemCode/Global/logger.o
                0x20021a60                WriteTransponderLog
 .text.castCharPointerToInt
                0x20021ab0       0x84 ./src/sub-systemCode/CUF/CUF.o
                0x20021ab0                castCharPointerToInt
 .text.castCharArrayToIntArray
                0x20021b34       0xa4 ./src/sub-systemCode/CUF/CUF.o
                0x20021b34                castCharArrayToIntArray
 .text.SavePerminantCUF
                0x20021bd8      0x1b4 ./src/sub-systemCode/CUF/CUF.o
                0x20021bd8                SavePerminantCUF
 .text.InitCUF  0x20021d8c      0x120 ./src/sub-systemCode/CUF/CUF.o
                0x20021d8c                InitCUF
 .text.CUFSwitch
                0x20021eac       0x30 ./src/sub-systemCode/CUF/CUF.o
                0x20021eac                CUFSwitch
 .text.GenerateSSH
                0x20021edc       0x8c ./src/sub-systemCode/CUF/CUF.o
                0x20021edc                GenerateSSH
 .text.AuthenticateCUF
                0x20021f68       0x64 ./src/sub-systemCode/CUF/CUF.o
                0x20021f68                AuthenticateCUF
 .text.UpdatePerminantCUF
                0x20021fcc       0x84 ./src/sub-systemCode/CUF/CUF.o
                0x20021fcc                UpdatePerminantCUF
 .text.RemoveCUF
                0x20022050      0x1ac ./src/sub-systemCode/CUF/CUF.o
                0x20022050                RemoveCUF
 .text.CreateCUF
                0x200221fc      0x114 ./src/sub-systemCode/CUF/CUF.o
                0x200221fc                CreateCUF
 .text.ExecuteCUF
                0x20022310      0x1e8 ./src/sub-systemCode/CUF/CUF.o
                0x20022310                ExecuteCUF
 .text.IntegrateCUF
                0x200224f8      0x1a4 ./src/sub-systemCode/CUF/CUF.o
                0x200224f8                IntegrateCUF
 .text.AddToCUFTempArray
                0x2002269c       0xa0 ./src/sub-systemCode/CUF/CUF.o
                0x2002269c                AddToCUFTempArray
 .text.GetFromCUFTempArray
                0x2002273c       0x88 ./src/sub-systemCode/CUF/CUF.o
                0x2002273c                GetFromCUFTempArray
 .text.DisableCUF
                0x200227c4       0x84 ./src/sub-systemCode/CUF/CUF.o
                0x200227c4                DisableCUF
 .text.EnableCUF
                0x20022848       0x84 ./src/sub-systemCode/CUF/CUF.o
                0x20022848                EnableCUF
 .text.initializeUpload
                0x200228cc       0x9c ./src/sub-systemCode/CUF/uploadCodeTelemetry.o
                0x200228cc                initializeUpload
 .text.removeFiles
                0x20022968       0xc0 ./src/sub-systemCode/CUF/uploadCodeTelemetry.o
                0x20022968                removeFiles
 .text.loadBackup
                0x20022a28      0x128 ./src/sub-systemCode/CUF/uploadCodeTelemetry.o
                0x20022a28                loadBackup
 .text.addToArray
                0x20022b50       0xc8 ./src/sub-systemCode/CUF/uploadCodeTelemetry.o
                0x20022b50                addToArray
 .text.headerHandle
                0x20022c18       0xa8 ./src/sub-systemCode/CUF/uploadCodeTelemetry.o
                0x20022c18                headerHandle
 .text.startCUFintegration
                0x20022cc0      0x1e4 ./src/sub-systemCode/CUF/uploadCodeTelemetry.o
                0x20022cc0                startCUFintegration
 .text.saveBackup
                0x20022ea4       0xf8 ./src/sub-systemCode/CUF/uploadCodeTelemetry.o
                0x20022ea4                saveBackup
 .text.saveAck  0x20022f9c       0x28 ./src/sub-systemCode/CUF/uploadCodeTelemetry.o
                0x20022f9c                saveAck
 .text.reset_APRS_list
                0x20022fc4       0xa4 ./src/sub-systemCode/COMM/APRS.o
                0x20022fc4                reset_APRS_list
 .text.send_APRS_Dump
                0x20023068      0x1c0 ./src/sub-systemCode/COMM/APRS.o
                0x20023068                send_APRS_Dump
 .text.get_APRS_list
                0x20023228       0x88 ./src/sub-systemCode/COMM/APRS.o
                0x20023228                get_APRS_list
 .text.find_CMD_in_list
                0x200232b0       0x7c ./src/sub-systemCode/COMM/DelayedCommand_list.o
                0x200232b0                find_CMD_in_list
 .text.find_empty_in_list
                0x2002332c       0x74 ./src/sub-systemCode/COMM/DelayedCommand_list.o
                0x2002332c                find_empty_in_list
 .text.check_delayCommandTime
                0x200233a0       0x8c ./src/sub-systemCode/COMM/DelayedCommand_list.o
                0x200233a0                check_delayCommandTime
 .text.execute_delayedCommand
                0x2002342c       0x8c ./src/sub-systemCode/COMM/DelayedCommand_list.o
                0x2002342c                execute_delayedCommand
 .text.check_delaycommand
                0x200234b8      0x17c ./src/sub-systemCode/COMM/DelayedCommand_list.o
                0x200234b8                check_delaycommand
 .text.reset_delayCommand
                0x20023634       0x8c ./src/sub-systemCode/COMM/DelayedCommand_list.o
                0x20023634                reset_delayCommand
 .text.add_delayCommand
                0x200236c0      0x1cc ./src/sub-systemCode/COMM/DelayedCommand_list.o
                0x200236c0                add_delayCommand
 .text.get_delayCommand_list
                0x2002388c       0x80 ./src/sub-systemCode/COMM/DelayedCommand_list.o
                0x2002388c                get_delayCommand_list
 .text.EmptyOldestCommand
                0x2002390c      0x108 ./src/sub-systemCode/COMM/DelayedCommand_list.o
                0x2002390c                EmptyOldestCommand
 .text.decode_TCpacket
                0x20023a14      0x16c ./src/sub-systemCode/COMM/GSC.o
                0x20023a14                decode_TCpacket
 .text.encode_TCpacket
                0x20023b80      0x114 ./src/sub-systemCode/COMM/GSC.o
                0x20023b80                encode_TCpacket
 .text.encode_TMpacket
                0x20023c94      0x104 ./src/sub-systemCode/COMM/GSC.o
                0x20023c94                encode_TMpacket
 .text.build_raw_ACK
                0x20023d98       0xbc ./src/sub-systemCode/COMM/GSC.o
                0x20023d98                build_raw_ACK
 .text.build_data_field_ACK
                0x20023e54       0x74 ./src/sub-systemCode/COMM/GSC.o
                0x20023e54                build_data_field_ACK
 .text.update_FRAM_bitRate
                0x20023ec8       0xd0 ./src/sub-systemCode/COMM/TRXVU.o
                0x20023ec8                update_FRAM_bitRate
 .text.toggle_idle_state
                0x20023f98       0x94 ./src/sub-systemCode/COMM/TRXVU.o
                0x20023f98                toggle_idle_state
 .text.TRXVU_init_hardWare
                0x2002402c       0xac ./src/sub-systemCode/COMM/TRXVU.o
                0x2002402c                TRXVU_init_hardWare
 .text.TRXVU_init_softWare
                0x200240d8      0x100 ./src/sub-systemCode/COMM/TRXVU.o
                0x200240d8                TRXVU_init_softWare
 .text.init_trxvu
                0x200241d8       0x14 ./src/sub-systemCode/COMM/TRXVU.o
                0x200241d8                init_trxvu
 .text.TRXVU_task
                0x200241ec       0x9c ./src/sub-systemCode/COMM/TRXVU.o
                0x200241ec                TRXVU_task
 .text.dump_logic
                0x20024288      0x378 ./src/sub-systemCode/COMM/TRXVU.o
                0x20024288                dump_logic
 .text.Dump_task
                0x20024600      0x188 ./src/sub-systemCode/COMM/TRXVU.o
                0x20024600                Dump_task
 .text.transponder_logic
                0x20024788       0xe8 ./src/sub-systemCode/COMM/TRXVU.o
                0x20024788                transponder_logic
 .text.Transponder_task
                0x20024870      0x198 ./src/sub-systemCode/COMM/TRXVU.o
                0x20024870                Transponder_task
 .text.lookForRequestToDelete_transponder
                0x20024a08       0x8c ./src/sub-systemCode/COMM/TRXVU.o
                0x20024a08                lookForRequestToDelete_transponder
 .text.lookForRequestToDelete_dump
                0x20024a94       0x88 ./src/sub-systemCode/COMM/TRXVU.o
                0x20024a94                lookForRequestToDelete_dump
 .text.sendRequestToStop_dump
                0x20024b1c       0x8c ./src/sub-systemCode/COMM/TRXVU.o
                0x20024b1c                sendRequestToStop_dump
 .text.sendRequestToStop_transponder
                0x20024ba8       0x8c ./src/sub-systemCode/COMM/TRXVU.o
                0x20024ba8                sendRequestToStop_transponder
 .text.Rx_logic
                0x20024c34      0x190 ./src/sub-systemCode/COMM/TRXVU.o
                0x20024c34                Rx_logic
 .text.pass_above_Ground
                0x20024dc4      0x104 ./src/sub-systemCode/COMM/TRXVU.o
                0x20024dc4                pass_above_Ground
 .text.check_TRXVUState
                0x20024ec8       0xf0 ./src/sub-systemCode/COMM/TRXVU.o
                0x20024ec8                check_TRXVUState
 .text.trxvu_logic
                0x20024fb8       0x20 ./src/sub-systemCode/COMM/TRXVU.o
                0x20024fb8                trxvu_logic
 .text.Beacon_task
                0x20024fd8      0x18c ./src/sub-systemCode/COMM/TRXVU.o
                0x20024fd8                Beacon_task
 .text.buildAndSend_beacon
                0x20025164      0x5a0 ./src/sub-systemCode/COMM/TRXVU.o
                0x20025164                buildAndSend_beacon
 .text.reset_FRAM_TRXVU
                0x20025704      0x160 ./src/sub-systemCode/COMM/TRXVU.o
                0x20025704                reset_FRAM_TRXVU
 .text.TRX_sendFrame
                0x20025864      0x1ac ./src/sub-systemCode/COMM/TRXVU.o
                0x20025864                TRX_sendFrame
 .text.TRX_getFrameData
                0x20025a10      0x10c ./src/sub-systemCode/COMM/TRXVU.o
                0x20025a10                TRX_getFrameData
 .text.mute_Tx  0x20025b1c       0x20 ./src/sub-systemCode/COMM/TRXVU.o
                0x20025b1c                mute_Tx
 .text.unmute_Tx
                0x20025b3c       0x58 ./src/sub-systemCode/COMM/TRXVU.o
                0x20025b3c                unmute_Tx
 .text.check_time_off_mute
                0x20025b94       0x88 ./src/sub-systemCode/COMM/TRXVU.o
                0x20025b94                check_time_off_mute
 .text.set_mute_time
                0x20025c1c       0xb4 ./src/sub-systemCode/COMM/TRXVU.o
                0x20025c1c                set_mute_time
 .text.change_TRXVU_state
                0x20025cd0       0xe0 ./src/sub-systemCode/COMM/TRXVU.o
                0x20025cd0                change_TRXVU_state
 .text.change_trans_RSSI
                0x20025db0       0x60 ./src/sub-systemCode/COMM/TRXVU.o
                0x20025db0                change_trans_RSSI
 .text.AdcsReadI2cAck
                0x20025e10       0xfc ./src/sub-systemCode/ADCS/AdcsCommands.o
                0x20025e10                AdcsReadI2cAck
 .text.AdcsGenericI2cCmd
                0x20025f0c      0x198 ./src/sub-systemCode/ADCS/AdcsCommands.o
                0x20025f0c                AdcsGenericI2cCmd
 .text.SendAdcsTlm
                0x200260a4      0x1b8 ./src/sub-systemCode/ADCS/AdcsCommands.o
                0x200260a4                SendAdcsTlm
 .text.AdcsExecuteCommand
                0x2002625c     0x1e84 ./src/sub-systemCode/ADCS/AdcsCommands.o
                0x2002625c                AdcsExecuteCommand
 .text.cspaceADCS_getEstimatedAngles
                0x200280e0       0x98 ./src/sub-systemCode/ADCS/AdcsGetDataAndTlm.o
                0x200280e0                cspaceADCS_getEstimatedAngles
 .text.cspaceADCS_getEstimatedAnglesRates
                0x20028178       0x98 ./src/sub-systemCode/ADCS/AdcsGetDataAndTlm.o
                0x20028178                cspaceADCS_getEstimatedAnglesRates
 .text.cspaceADCS_getSatellitePosition
                0x20028210       0x98 ./src/sub-systemCode/ADCS/AdcsGetDataAndTlm.o
                0x20028210                cspaceADCS_getSatellitePosition
 .text.InitTlmElements
                0x200282a8      0x238 ./src/sub-systemCode/ADCS/AdcsGetDataAndTlm.o
                0x200282a8                InitTlmElements
 .text.CreateTlmElementFiles
                0x200284e0      0x178 ./src/sub-systemCode/ADCS/AdcsGetDataAndTlm.o
                0x200284e0                CreateTlmElementFiles
 .text.SaveElementTlmAtIndex
                0x20028658      0x3f0 ./src/sub-systemCode/ADCS/AdcsGetDataAndTlm.o
                0x20028658                SaveElementTlmAtIndex
 .text.UpdateTlmElementAtIndex
                0x20028a48      0x150 ./src/sub-systemCode/ADCS/AdcsGetDataAndTlm.o
                0x20028a48                UpdateTlmElementAtIndex
 .text.UpdateTlmToSaveVector
                0x20028b98       0xc8 ./src/sub-systemCode/ADCS/AdcsGetDataAndTlm.o
                0x20028b98                UpdateTlmToSaveVector
 .text.UpdateTlmPeriodVector
                0x20028c60      0x120 ./src/sub-systemCode/ADCS/AdcsGetDataAndTlm.o
                0x20028c60                UpdateTlmPeriodVector
 .text.AdcsGetTlmOverrideFlag
                0x20028d80       0x5c ./src/sub-systemCode/ADCS/AdcsGetDataAndTlm.o
                0x20028d80                AdcsGetTlmOverrideFlag
 .text.AdcsSetTlmOverrideFlag
                0x20028ddc       0x9c ./src/sub-systemCode/ADCS/AdcsGetDataAndTlm.o
                0x20028ddc                AdcsSetTlmOverrideFlag
 .text.RestoreDefaultTlmElement
                0x20028e78      0x1ec ./src/sub-systemCode/ADCS/AdcsGetDataAndTlm.o
                0x20028e78                RestoreDefaultTlmElement
 .text.GetTlmElementAtIndex
                0x20029064       0x80 ./src/sub-systemCode/ADCS/AdcsGetDataAndTlm.o
                0x20029064                GetTlmElementAtIndex
 .text.GatherTlmAndData
                0x200290e4       0xd0 ./src/sub-systemCode/ADCS/AdcsGetDataAndTlm.o
                0x200290e4                GatherTlmAndData
 .text.UpdateAdcsFramParameters
                0x200291b4      0x124 ./src/sub-systemCode/ADCS/AdcsMain.o
                0x200291b4                UpdateAdcsFramParameters
 .text.AdcsInit
                0x200292d8      0x168 ./src/sub-systemCode/ADCS/AdcsMain.o
                0x200292d8                AdcsInit
 .text.AdcsTask
                0x20029440      0x128 ./src/sub-systemCode/ADCS/AdcsMain.o
                0x20029440                AdcsTask
 .text.AdcsTroubleShooting
                0x20029568       0x88 ./src/sub-systemCode/ADCS/AdcsTroubleShooting.o
                0x20029568                AdcsTroubleShooting
 .text.UpdateAdcsStateMachine
                0x200295f0       0x1c ./src/sub-systemCode/ADCS/StateMachine.o
                0x200295f0                UpdateAdcsStateMachine
 .text.save_time
                0x2002960c       0x9c ./src/main.o
                0x2002960c                save_time
 .text.Command_logic
                0x200296a8       0x6c ./src/main.o
                0x200296a8                Command_logic
 .text.taskMain
                0x20029714       0x6c ./src/main.o
                0x20029714                taskMain
 .text.main     0x20029780       0xc4 ./src/main.o
                0x20029780                main
 .text.GomEpsInitialize
                0x20029844      0x148 C:/HOOPOE3/satellite-subsystems/demo/..//satellite-subsystems/lib\libSatelliteSubsystemsD.a(GomEPS.o)
                0x20029844                GomEpsInitialize
 .text.makeEPStransfer
                0x2002998c       0x3c C:/HOOPOE3/satellite-subsystems/demo/..//satellite-subsystems/lib\libSatelliteSubsystemsD.a(GomEPS.o)
 .text.GomEpsPing
                0x200299c8       0xf8 C:/HOOPOE3/satellite-subsystems/demo/..//satellite-subsystems/lib\libSatelliteSubsystemsD.a(GomEPS.o)
                0x200299c8                GomEpsPing
 .text.GomEpsSoftReset
                0x20029ac0       0xc4 C:/HOOPOE3/satellite-subsystems/demo/..//satellite-subsystems/lib\libSatelliteSubsystemsD.a(GomEPS.o)
                0x20029ac0                GomEpsSoftReset
 .text.GomEpsHardReset
                0x20029b84       0xa8 C:/HOOPOE3/satellite-subsystems/demo/..//satellite-subsystems/lib\libSatelliteSubsystemsD.a(GomEPS.o)
                0x20029b84                GomEpsHardReset
 .text.GomEpsGetHkData_param
                0x20029c2c      0x29c C:/HOOPOE3/satellite-subsystems/demo/..//satellite-subsystems/lib\libSatelliteSubsystemsD.a(GomEPS.o)
                0x20029c2c                GomEpsGetHkData_param
 .text.GomEpsGetHkData_general
                0x20029ec8      0x45c C:/HOOPOE3/satellite-subsystems/demo/..//satellite-subsystems/lib\libSatelliteSubsystemsD.a(GomEPS.o)
                0x20029ec8                GomEpsGetHkData_general
 .text.GomEpsGetHkData_vi
                0x2002a324      0x188 C:/HOOPOE3/satellite-subsystems/demo/..//satellite-subsystems/lib\libSatelliteSubsystemsD.a(GomEPS.o)
                0x2002a324                GomEpsGetHkData_vi
 .text.GomEpsGetHkData_out
                0x2002a4ac      0x21c C:/HOOPOE3/satellite-subsystems/demo/..//satellite-subsystems/lib\libSatelliteSubsystemsD.a(GomEPS.o)
                0x2002a4ac                GomEpsGetHkData_out
 .text.GomEpsGetHkData_wdt
                0x2002a6c8      0x2b4 C:/HOOPOE3/satellite-subsystems/demo/..//satellite-subsystems/lib\libSatelliteSubsystemsD.a(GomEPS.o)
                0x2002a6c8                GomEpsGetHkData_wdt
 .text.GomEpsGetHkData_basic
                0x2002a97c      0x22c C:/HOOPOE3/satellite-subsystems/demo/..//satellite-subsystems/lib\libSatelliteSubsystemsD.a(GomEPS.o)
                0x2002a97c                GomEpsGetHkData_basic
 .text.GomEpsSetOutput
                0x2002aba8       0xbc C:/HOOPOE3/satellite-subsystems/demo/..//satellite-subsystems/lib\libSatelliteSubsystemsD.a(GomEPS.o)
                0x2002aba8                GomEpsSetOutput
 .text.GomEpsResetWDT