Archive member included because of file (symbol)

c:/isis/application/toolchain/bin/../lib/gcc/arm-none-eabi/4.7.4/../../../../arm-none-eabi/lib\libc_s.a(lib_a-vfprintf_float.o)
                              (_printf_float)
c:/isis/application/toolchain/bin/../lib/gcc/arm-none-eabi/4.7.4/../../../../arm-none-eabi/lib\libc_s.a(lib_a-vfprintf_i.o)
                              c:/isis/application/toolchain/bin/../lib/gcc/arm-none-eabi/4.7.4/../../../../arm-none-eabi/lib\libc_s.a(lib_a-vfprintf_float.o) (_printf_common)
c:/isis/application/toolchain/bin/../lib/gcc/arm-none-eabi/4.7.4/../../../../arm-none-eabi/lib\libc_s.a(lib_a-vfscanf_float.o)
                              (_scanf_float)
c:/isis/application/toolchain/bin/../lib/gcc/arm-none-eabi/4.7.4/../../../../arm-none-eabi/lib\libc_s.a(lib_a-dtoa.o)
                              c:/isis/application/toolchain/bin/../lib/gcc/arm-none-eabi/4.7.4/../../../../arm-none-eabi/lib\libc_s.a(lib_a-vfprintf_float.o) (_dtoa_r)
c:/isis/application/toolchain/bin/../lib/gcc/arm-none-eabi/4.7.4/../../../../arm-none-eabi/lib\libc_s.a(lib_a-locale.o)
                              c:/isis/application/toolchain/bin/../lib/gcc/arm-none-eabi/4.7.4/../../../../arm-none-eabi/lib\libc_s.a(lib_a-vfprintf_float.o) (_localeconv_r)
c:/isis/application/toolchain/bin/../lib/gcc/arm-none-eabi/4.7.4/../../../../arm-none-eabi/lib\libc_s.a(lib_a-malloc.o)
                              c:/isis/application/toolchain/bin/../lib/gcc/arm-none-eabi/4.7.4/../../../../arm-none-eabi/lib\libc_s.a(lib_a-dtoa.o) (malloc)
c:/isis/application/toolchain/bin/../lib/gcc/arm-none-eabi/4.7.4/../../../../arm-none-eabi/lib\libc_s.a(lib_a-mallocr.o)
                              c:/isis/application/toolchain/bin/../lib/gcc/arm-none-eabi/4.7.4/../../../../arm-none-eabi/lib\libc_s.a(lib_a-malloc.o) (_malloc_r)
c:/isis/application/toolchain/bin/../lib/gcc/arm-none-eabi/4.7.4/../../../../arm-none-eabi/lib\libc_s.a(lib_a-memcpy.o)
                              c:/isis/application/toolchain/bin/../lib/gcc/arm-none-eabi/4.7.4/../../../../arm-none-eabi/lib\libc_s.a(lib_a-dtoa.o) (memcpy)
c:/isis/application/toolchain/bin/../lib/gcc/arm-none-eabi/4.7.4/../../../../arm-none-eabi/lib\libc_s.a(lib_a-mprec.o)
                              c:/isis/application/toolchain/bin/../lib/gcc/arm-none-eabi/4.7.4/../../../../arm-none-eabi/lib\libc_s.a(lib_a-dtoa.o) (_Balloc)
c:/isis/application/toolchain/bin/../lib/gcc/arm-none-eabi/4.7.4/../../../../arm-none-eabi/lib\libc_s.a(lib_a-s_fpclassify.o)
                              c:/isis/application/toolchain/bin/../lib/gcc/arm-none-eabi/4.7.4/../../../../arm-none-eabi/lib\libc_s.a(lib_a-vfprintf_float.o) (__fpclassifyd)
c:/isis/application/toolchain/bin/../lib/gcc/arm-none-eabi/4.7.4/../../../../arm-none-eabi/lib\libc_s.a(lib_a-sbrkr.o)
                              c:/isis/application/toolchain/bin/../lib/gcc/arm-none-eabi/4.7.4/../../../../arm-none-eabi/lib\libc_s.a(lib_a-mallocr.o) (_sbrk_r)
c:/isis/application/toolchain/bin/../lib/gcc/arm-none-eabi/4.7.4/../../../../arm-none-eabi/lib\libc_s.a(lib_a-sf_nan.o)
                              c:/isis/application/toolchain/bin/../lib/gcc/arm-none-eabi/4.7.4/../../../../arm-none-eabi/lib\libc_s.a(lib_a-vfscanf_float.o) (nanf)
c:/isis/application/toolchain/bin/../lib/gcc/arm-none-eabi/4.7.4/../../../../arm-none-eabi/lib\libc_s.a(lib_a-sprintf.o)
                              c:/isis/application/toolchain/bin/../lib/gcc/arm-none-eabi/4.7.4/../../../../arm-none-eabi/lib\libc_s.a(lib_a-vfscanf_float.o) (sprintf)
c:/isis/application/toolchain/bin/../lib/gcc/arm-none-eabi/4.7.4/../../../../arm-none-eabi/lib\libc_s.a(lib_a-strcmp.o)
                              c:/isis/application/toolchain/bin/../lib/gcc/arm-none-eabi/4.7.4/../../../../arm-none-eabi/lib\libc_s.a(lib_a-locale.o) (strcmp)
c:/isis/application/toolchain/bin/../lib/gcc/arm-none-eabi/4.7.4/../../../../arm-none-eabi/lib\libc_s.a(lib_a-strlen.o)
                              c:/isis/application/toolchain/bin/../lib/gcc/arm-none-eabi/4.7.4/../../../../arm-none-eabi/lib\libc_s.a(lib_a-vfprintf_float.o) (strlen)
c:/isis/application/toolchain/bin/../lib/gcc/arm-none-eabi/4.7.4/../../../../arm-none-eabi/lib\libc_s.a(lib_a-strtod.o)
                              c:/isis/application/toolchain/bin/../lib/gcc/arm-none-eabi/4.7.4/../../../../arm-none-eabi/lib\libc_s.a(lib_a-vfscanf_float.o) (_strtod_r)
c:/isis/application/toolchain/bin/../lib/gcc/arm-none-eabi/4.7.4/../../../../arm-none-eabi/lib\libc_s.a(lib_a-strtol.o)
                              c:/isis/application/toolchain/bin/../lib/gcc/arm-none-eabi/4.7.4/../../../../arm-none-eabi/lib\libc_s.a(lib_a-vfscanf_float.o) (_strtol_r)
c:/isis/application/toolchain/bin/../lib/gcc/arm-none-eabi/4.7.4/../../../../arm-none-eabi/lib\libc_s.a(lib_a-svfprintf.o)
                              c:/isis/application/toolchain/bin/../lib/gcc/arm-none-eabi/4.7.4/../../../../arm-none-eabi/lib\libc_s.a(lib_a-sprintf.o) (_svfprintf_r)
[...]
Memory Configuration

Name             Origin             Length             Attributes
sram0            0x00200000         0x00004000         w !xr
sram1            0x00300000         0x00004000         w !xr
sdram            0x20000000         0x02000000         w !xr
*default*        0x00000000         0xffffffff

Linker script and memory map

LOAD c:/isis/application/toolchain/bin/../lib/gcc/arm-none-eabi/4.7.4/../../../../arm-none-eabi/lib\libc_s.a
LOAD ./src/sub-systemCode/payload/Request Management/Dump/Butchering.o
LOAD ./src/sub-systemCode/payload/Request Management/Dump/imageDump.o
LOAD ./src/sub-systemCode/payload/Request Management/CameraManeger.o
LOAD ./src/sub-systemCode/payload/Request Management/DB_RequestHandling.o
LOAD ./src/sub-systemCode/payload/Misc/Boolean_bit.o
LOAD ./src/sub-systemCode/payload/Misc/FileSystem.o
LOAD ./src/sub-systemCode/payload/Drivers/GeckoCameraDriver.o
LOAD ./src/sub-systemCode/payload/DataBase/DataBase.o
LOAD ./src/sub-systemCode/payload/Compression/jpeg/bmp/rawToBMP.o
LOAD ./src/sub-systemCode/payload/Compression/jpeg/DCT.o
LOAD ./src/sub-systemCode/payload/Compression/jpeg/ImgCompressor.o
LOAD ./src/sub-systemCode/payload/Compression/jpeg/color_conv.o
LOAD ./src/sub-systemCode/payload/Compression/jpeg/jpeg.o
LOAD ./src/sub-systemCode/payload/Compression/jpeg/jpeg_encoder.o
LOAD ./src/sub-systemCode/payload/Compression/jpeg/jpeg_memory_alloc.o
LOAD ./src/sub-systemCode/payload/Compression/jpeg/jpeg_params.o
LOAD ./src/sub-systemCode/payload/Compression/jpeg/output_stream.o
LOAD ./src/sub-systemCode/payload/Compression/ImageConversion.o
LOAD ./src/sub-systemCode/Main/CMD/ADCS_CMD.o
LOAD ./src/sub-systemCode/Main/CMD/COMM_CMD.o
LOAD ./src/sub-systemCode/Main/CMD/EPS_CMD.o
LOAD ./src/sub-systemCode/Main/CMD/General_CMD.o
LOAD ./src/sub-systemCode/Main/CMD/SW_CMD.o
LOAD ./src/sub-systemCode/Main/CMD/payload_CMD.o
LOAD ./src/sub-systemCode/Main/Ants.o
LOAD ./src/sub-systemCode/Main/EPS.o
LOAD ./src/sub-systemCode/Main/HouseKeeping.o
LOAD ./src/sub-systemCode/Main/Main_Init.o
LOAD ./src/sub-systemCode/Main/commands.o
LOAD ./src/sub-systemCode/Global/Global.o
LOAD ./src/sub-systemCode/Global/GlobalParam.o
LOAD ./src/sub-systemCode/Global/OnlineTM.o
LOAD ./src/sub-systemCode/Global/TLM_management.o
LOAD ./src/sub-systemCode/Global/freertosExtended.o
LOAD ./src/sub-systemCode/Global/logger.o
LOAD ./src/sub-systemCode/COMM/APRS.o
LOAD ./src/sub-systemCode/COMM/DelayedCommand_list.o
LOAD ./src/sub-systemCode/COMM/GSC.o
LOAD ./src/sub-systemCode/COMM/TRXVU.o
LOAD ./src/sub-systemCode/ADCS/AdcsCommands.o
LOAD ./src/sub-systemCode/ADCS/AdcsGetDataAndTlm.o
LOAD ./src/sub-systemCode/ADCS/AdcsMain.o
LOAD ./src/sub-systemCode/ADCS/AdcsTest.o
LOAD ./src/sub-systemCode/ADCS/AdcsTroubleShooting.o
LOAD ./src/sub-systemCode/ADCS/StateMachine.o
LOAD ./src/main.o
LOAD C:/HOOPOE3/satellite-subsystems/demo/..//satellite-subsystems/lib\libSatelliteSubsystemsD.a
LOAD c:/isis/application/toolchain/bin/../lib/gcc/arm-none-eabi/4.7.4/../../../../arm-none-eabi/lib\libm.a
LOAD C:/HOOPOE3/satellite-subsystems/demo/../..//hal/hcc/lib\libHCCD.a
LOAD C:/HOOPOE3/satellite-subsystems/demo/../..//hal/hal/lib\libHALD.a
LOAD C:/HOOPOE3/satellite-subsystems/demo/../..//hal/freertos/lib\libFreeRTOSD.a
LOAD C:/HOOPOE3/satellite-subsystems/demo/../..//hal/at91/lib\libAt91D.a
START GROUP
LOAD c:/isis/application/toolchain/bin/../lib/gcc/arm-none-eabi/4.7.4\libgcc.a
LOAD c:/isis/application/toolchain/bin/../lib/gcc/arm-none-eabi/4.7.4/../../../../arm-none-eabi/lib\libc_s.a
END GROUP

.fixed          0x20000000    0x59cb0
                0x20000000                . = ALIGN (0x4)
                0x20000000                _sfixed = .
 *(.startup)
 .startup       0x20000000      0x134 C:/HOOPOE3/satellite-subsystems/demo/../..//hal/at91/lib\libAt91D.a(board_cstartup.o)
                0x20000000                entry
 *(.text)
 .text          0x20000134       0x64 C:/HOOPOE3/satellite-subsystems/demo/../..//hal/at91/lib\libAt91D.a(cp15_asm.o)
                0x20000134                _readControlRegister
                0x20000140                _writeControlRegister
                0x20000148                _waitForInterrupt
                0x20000154                _writeTTB
                0x2000015c                _writeDomain
                0x20000164                _writeITLBLockdown
                0x2000016c                _prefetchICacheLine
                0x20000174                _flushDCache
                0x20000180                _flushWriteBuffer
                0x2000018c                _invalidateIDTLBs
 .text          0x20000198      0x114 c:/isis/application/toolchain/bin/../lib/gcc/arm-none-eabi/4.7.4\libgcc.a(_udivsi3.o)
                0x20000198                __aeabi_uidiv
                0x20000198                __udivsi3
                0x2000028c                __aeabi_uidivmod
 .text          0x200002ac      0x148 c:/isis/application/toolchain/bin/../lib/gcc/arm-none-eabi/4.7.4\libgcc.a(_divsi3.o)
                0x200002ac                __divsi3
                0x200002ac                __aeabi_idiv
                0x200003d4                __aeabi_idivmod
 .text          0x200003f4        0x4 c:/isis/application/toolchain/bin/../lib/gcc/arm-none-eabi/4.7.4\libgcc.a(_dvmd_tls.o)
                0x200003f4                __aeabi_idiv0
                0x200003f4                __aeabi_ldiv0
 .text          0x200003f8      0x41c c:/isis/application/toolchain/bin/../lib/gcc/arm-none-eabi/4.7.4\libgcc.a(_arm_addsubdf3.o)
                0x200003f8                __aeabi_drsub
                0x20000400                __aeabi_dsub
                0x20000400                __subdf3
                0x20000404                __aeabi_dadd
                0x20000404                __adddf3
                0x20000714                __floatunsidf
                0x20000714                __aeabi_ui2d
                0x20000738                __floatsidf
                0x20000738                __aeabi_i2d
                0x20000760                __aeabi_f2d
                0x20000760                __extendsfdf2
                0x200007a0                __floatundidf
                0x200007a0                __aeabi_ul2d
                0x200007b4                __floatdidf
                0x200007b4                __aeabi_l2d
 .text          0x20000814      0x49c c:/isis/application/toolchain/bin/../lib/gcc/arm-none-eabi/4.7.4\libgcc.a(_arm_muldivdf3.o)
                0x20000814                __aeabi_dmul
                0x20000814                __muldf3
                0x20000aa4                __divdf3
                0x20000aa4                __aeabi_ddiv
 .text          0x20000cb0      0x144 c:/isis/application/toolchain/bin/../lib/gcc/arm-none-eabi/4.7.4\libgcc.a(_arm_cmpdf2.o)
                0x20000cb0                __gtdf2
                0x20000cb0                __gedf2
                0x20000cb8                __ltdf2
                0x20000cb8                __ledf2
                0x20000cc0                __nedf2
                0x20000cc0                __eqdf2
                0x20000cc0                __cmpdf2
                0x20000d48                __aeabi_cdrcmple
                0x20000d64                __aeabi_cdcmpeq
                0x20000d64                __aeabi_cdcmple
                0x20000d7c                __aeabi_dcmpeq
                0x20000d94                __aeabi_dcmplt
                0x20000dac                __aeabi_dcmple
                0x20000dc4                __aeabi_dcmpge
                0x20000ddc                __aeabi_dcmpgt
 .text          0x20000df4       0x5c c:/isis/application/toolchain/bin/../lib/gcc/arm-none-eabi/4.7.4\libgcc.a(_arm_fixdfsi.o)
                0x20000df4                __aeabi_d2iz
                0x20000df4                __fixdfsi
 .text          0x20000e50       0x54 c:/isis/application/toolchain/bin/../lib/gcc/arm-none-eabi/4.7.4\libgcc.a(_arm_fixunsdfsi.o)
                0x20000e50                __aeabi_d2uiz
                0x20000e50                __fixunsdfsi
 .text          0x20000ea4       0xa0 c:/isis/application/toolchain/bin/../lib/gcc/arm-none-eabi/4.7.4\libgcc.a(_arm_truncdfsf2.o)
                0x20000ea4                __truncdfsf2
                0x20000ea4                __aeabi_d2f
 .text          0x20000f44      0x2ac c:/isis/application/toolchain/bin/../lib/gcc/arm-none-eabi/4.7.4\libgcc.a(_arm_addsubsf3.o)
                0x20000f44                __aeabi_frsub
                0x20000f4c                __subsf3
                0x20000f4c                __aeabi_fsub
                0x20000f50                __aeabi_fadd
                0x20000f50                __addsf3
                0x2000110c                __aeabi_ui2f
                0x2000110c                __floatunsisf
                0x20001114                __aeabi_i2f
                0x20001114                __floatsisf
                0x20001134                __aeabi_ul2f
                0x20001134                __floatundisf
                0x20001144                __aeabi_l2f
                0x20001144                __floatdisf
 .text          0x200011f0      0x2f8 c:/isis/application/toolchain/bin/../lib/gcc/arm-none-eabi/4.7.4\libgcc.a(_arm_muldivsf3.o)
                0x200011f0                __mulsf3
                0x200011f0                __aeabi_fmul
                0x20001388                __aeabi_fdiv
                0x20001388                __divsf3
 .text          0x200014e8      0x114 c:/isis/application/toolchain/bin/../lib/gcc/arm-none-eabi/4.7.4\libgcc.a(_arm_cmpsf2.o)
                0x200014e8                __gesf2
                0x200014e8                __gtsf2
                0x200014f0                __lesf2
                0x200014f0                __ltsf2
                0x200014f8                __nesf2
                0x200014f8                __eqsf2
                0x200014f8                __cmpsf2
                0x2000155c                __aeabi_cfrcmple
                0x2000156c                __aeabi_cfcmpeq
                0x2000156c                __aeabi_cfcmple
                0x20001584                __aeabi_fcmpeq
                0x2000159c                __aeabi_fcmplt
                0x200015b4                __aeabi_fcmple
                0x200015cc                __aeabi_fcmpge
                0x200015e4                __aeabi_fcmpgt
 .text          0x200015fc       0x5c c:/isis/application/toolchain/bin/../lib/gcc/arm-none-eabi/4.7.4\libgcc.a(_arm_fixsfsi.o)
                0x200015fc                __aeabi_f2iz
                0x200015fc                __fixsfsi
 .text          0x20001658       0x54 c:/isis/application/toolchain/bin/../lib/gcc/arm-none-eabi/4.7.4\libgcc.a(_arm_fixunssfsi.o)
                0x20001658                __fixunssfsi
                0x20001658                __aeabi_f2uiz
 *(.text*)
 .text.__cvt    0x200016ac      0x138 c:/isis/application/toolchain/bin/../lib/gcc/arm-none-eabi/4.7.4/../../../../arm-none-eabi/lib\libc_s.a(lib_a-vfprintf_float.o)
                0x200016ac                __cvt
 .text.__exponent
                0x200017e4       0xa8 c:/isis/application/toolchain/bin/../lib/gcc/arm-none-eabi/4.7.4/../../../../arm-none-eabi/lib\libc_s.a(lib_a-vfprintf_float.o)
                0x200017e4                __exponent
 .text._printf_float
                0x2000188c      0x7dc c:/isis/application/toolchain/bin/../lib/gcc/arm-none-eabi/4.7.4/../../../../arm-none-eabi/lib\libc_s.a(lib_a-vfprintf_float.o)
                0x2000188c                _printf_float
 .text._printf_common
                0x20002068      0x174 c:/isis/application/toolchain/bin/../lib/gcc/arm-none-eabi/4.7.4/../../../../arm-none-eabi/lib\libc_s.a(lib_a-vfprintf_i.o)
                0x20002068                _printf_common
 .text._printf_i
                0x200021dc      0x3c4 c:/isis/application/toolchain/bin/../lib/gcc/arm-none-eabi/4.7.4/../../../../arm-none-eabi/lib\libc_s.a(lib_a-vfprintf_i.o)
                0x200021dc                _printf_i
 .text._scanf_float
                0x200025a0      0x5f4 c:/isis/application/toolchain/bin/../lib/gcc/arm-none-eabi/4.7.4/../../../../arm-none-eabi/lib\libc_s.a(lib_a-vfscanf_float.o)
                0x200025a0                _scanf_float
 .text.quorem   0x20002b94      0x1ac c:/isis/application/toolchain/bin/../lib/gcc/arm-none-eabi/4.7.4/../../../../arm-none-eabi/lib\libc_s.a(lib_a-dtoa.o)
 .text._dtoa_r  0x20002d40     0x1268 c:/isis/application/toolchain/bin/../lib/gcc/arm-none-eabi/4.7.4/../../../../arm-none-eabi/lib\libc_s.a(lib_a-dtoa.o)
                0x20002d40                _dtoa_r
 .text._localeconv_r
                0x20003fa8        0xc c:/isis/application/toolchain/bin/../lib/gcc/arm-none-eabi/4.7.4/../../../../arm-none-eabi/lib\libc_s.a(lib_a-locale.o)
                0x20003fa8                _localeconv_r
 .text.malloc   0x20003fb4       0x20 c:/isis/application/toolchain/bin/../lib/gcc/arm-none-eabi/4.7.4/../../../../arm-none-eabi/lib\libc_s.a(lib_a-malloc.o)
                0x20003fb4                malloc
 .text.free     0x20003fd4       0x20 c:/isis/application/toolchain/bin/../lib/gcc/arm-none-eabi/4.7.4/../../../../arm-none-eabi/lib\libc_s.a(lib_a-malloc.o)
                0x20003fd4                free
 .text._malloc_r
                0x20003ff4       0xfc c:/isis/application/toolchain/bin/../lib/gcc/arm-none-eabi/4.7.4/../../../../arm-none-eabi/lib\libc_s.a(lib_a-mallocr.o)
                0x20003ff4                _malloc_r
 .text.memcpy   0x200040f0       0x20 c:/isis/application/toolchain/bin/../lib/gcc/arm-none-eabi/4.7.4/../../../../arm-none-eabi/lib\libc_s.a(lib_a-memcpy.o)
                0x200040f0                memcpy
 .text._Balloc  0x20004110       0xcc c:/isis/application/toolchain/bin/../lib/gcc/arm-none-eabi/4.7.4/../../../../arm-none-eabi/lib\libc_s.a(lib_a-mprec.o)
                0x20004110                _Balloc
 .text._Bfree   0x200041dc       0x5c c:/isis/application/toolchain/bin/../lib/gcc/arm-none-eabi/4.7.4/../../../../arm-none-eabi/lib\libc_s.a(lib_a-mprec.o)
                0x200041dc                _Bfree
 .text.__multadd
                0x20004238       0xbc c:/isis/application/toolchain/bin/../lib/gcc/arm-none-eabi/4.7.4/../../../../arm-none-eabi/lib\libc_s.a(lib_a-mprec.o)
                0x20004238                __multadd
 .text.__s2b    0x200042f4       0xd8 c:/isis/application/toolchain/bin/../lib/gcc/arm-none-eabi/4.7.4/../../../../arm-none-eabi/lib\libc_s.a(lib_a-mprec.o)
                0x200042f4                __s2b
 .text.__hi0bits
                0x200043cc       0x58 c:/isis/application/toolchain/bin/../lib/gcc/arm-none-eabi/4.7.4/../../../../arm-none-eabi/lib\libc_s.a(lib_a-mprec.o)
                0x200043cc                __hi0bits
 .text.__lo0bits
                0x20004424       0x94 c:/isis/application/toolchain/bin/../lib/gcc/arm-none-eabi/4.7.4/../../../../arm-none-eabi/lib\libc_s.a(lib_a-mprec.o)
                0x20004424                __lo0bits
 .text.__i2b    0x200044b8       0x24 c:/isis/application/toolchain/bin/../lib/gcc/arm-none-eabi/4.7.4/../../../../arm-none-eabi/lib\libc_s.a(lib_a-mprec.o)
                0x200044b8                __i2b
 .text.__multiply
                0x200044dc      0x1ac c:/isis/application/toolchain/bin/../lib/gcc/arm-none-eabi/4.7.4/../../../../arm-none-eabi/lib\libc_s.a(lib_a-mprec.o)
                0x200044dc                __multiply
 .text.__pow5mult
                0x20004688      0x10c c:/isis/application/toolchain/bin/../lib/gcc/arm-none-eabi/4.7.4/../../../../arm-none-eabi/lib\libc_s.a(lib_a-mprec.o)
                0x20004688                __pow5mult
 .text.__lshift
                0x20004794       0xf0 c:/isis/application/toolchain/bin/../lib/gcc/arm-none-eabi/4.7.4/../../../../arm-none-eabi/lib\libc_s.a(lib_a-mprec.o)
                0x20004794                __lshift
 .text.__mcmp   0x20004884       0x60 c:/isis/application/toolchain/bin/../lib/gcc/arm-none-eabi/4.7.4/../../../../arm-none-eabi/lib\libc_s.a(lib_a-mprec.o)
                0x20004884                __mcmp
 .text.__mdiff  0x200048e4      0x128 c:/isis/application/toolchain/bin/../lib/gcc/arm-none-eabi/4.7.4/../../../../arm-none-eabi/lib\libc_s.a(lib_a-mprec.o)
                0x200048e4                __mdiff
 .text.__ulp    0x20004a0c       0x5c c:/isis/application/toolchain/bin/../lib/gcc/arm-none-eabi/4.7.4/../../../../arm-none-eabi/lib\libc_s.a(lib_a-mprec.o)
                0x20004a0c                __ulp
 .text.__b2d    0x20004a68       0xc8 c:/isis/application/toolchain/bin/../lib/gcc/arm-none-eabi/4.7.4/../../../../arm-none-eabi/lib\libc_s.a(lib_a-mprec.o)
                0x20004a68                __b2d
 .text.__d2b    0x20004b30       0xfc c:/isis/application/toolchain/bin/../lib/gcc/arm-none-eabi/4.7.4/../../../../arm-none-eabi/lib\libc_s.a(lib_a-mprec.o)
                0x20004b30                __d2b
 .text.__ratio  0x20004c2c       0x70 c:/isis/application/toolchain/bin/../lib/gcc/arm-none-eabi/4.7.4/../../../../arm-none-eabi/lib\libc_s.a(lib_a-mprec.o)
                0x20004c2c                __ratio
 .text.__copybits
                0x20004c9c       0x4c c:/isis/application/toolchain/bin/../lib/gcc/arm-none-eabi/4.7.4/../../../../arm-none-eabi/lib\libc_s.a(lib_a-mprec.o)
                0x20004c9c                __copybits
 .text.__any_on
                0x20004ce8       0x7c c:/isis/application/toolchain/bin/../lib/gcc/arm-none-eabi/4.7.4/../../../../arm-none-eabi/lib\libc_s.a(lib_a-mprec.o)
                0x20004ce8                __any_on
 .text.__fpclassifyd
                0x20004d64       0x6c c:/isis/application/toolchain/bin/../lib/gcc/arm-none-eabi/4.7.4/../../../../arm-none-eabi/lib\libc_s.a(lib_a-s_fpclassify.o)
                0x20004d64                __fpclassifyd
 .text._sbrk_r  0x20004dd0       0x3c c:/isis/application/toolchain/bin/../lib/gcc/arm-none-eabi/4.7.4/../../../../arm-none-eabi/lib\libc_s.a(lib_a-sbrkr.o)
                0x20004dd0                _sbrk_r
 .text.nanf     0x20004e0c        0xc c:/isis/application/toolchain/bin/../lib/gcc/arm-none-eabi/4.7.4/../../../../arm-none-eabi/lib\libc_s.a(lib_a-sf_nan.o)
                0x20004e0c                nanf
 .text.sprintf  0x20004e18       0x6c c:/isis/application/toolchain/bin/../lib/gcc/arm-none-eabi/4.7.4/../../../../arm-none-eabi/lib\libc_s.a(lib_a-sprintf.o)
                0x20004e18                siprintf
                0x20004e18                sprintf
 .text.strcmp   0x20004e84       0x1c c:/isis/application/toolchain/bin/../lib/gcc/arm-none-eabi/4.7.4/../../../../arm-none-eabi/lib\libc_s.a(lib_a-strcmp.o)
                0x20004e84                strcmp
 .text.strlen   0x20004ea0       0x1c c:/isis/application/toolchain/bin/../lib/gcc/arm-none-eabi/4.7.4/../../../../arm-none-eabi/lib\libc_s.a(lib_a-strlen.o)
                0x20004ea0                strlen
 .text.match    0x20004ebc       0x54 c:/isis/application/toolchain/bin/../lib/gcc/arm-none-eabi/4.7.4/../../../../arm-none-eabi/lib\libc_s.a(lib_a-strtod.o)
 .text._strtod_r
                0x20004f10     0x1168 c:/isis/application/toolchain/bin/../lib/gcc/arm-none-eabi/4.7.4/../../../../arm-none-eabi/lib\libc_s.a(lib_a-strtod.o)
                0x20004f10                _strtod_r
 .text._strtol_r
                0x20006078      0x1b8 c:/isis/application/toolchain/bin/../lib/gcc/arm-none-eabi/4.7.4/../../../../arm-none-eabi/lib\libc_s.a(lib_a-strtol.o)
                0x20006078                _strtol_r
 .text.__ssputc_r
                0x20006230      0x10c c:/isis/application/toolchain/bin/../lib/gcc/arm-none-eabi/4.7.4/../../../../arm-none-eabi/lib\libc_s.a(lib_a-svfprintf.o)
                0x20006230                __ssputc_r
 .text._svfprintf_r
                0x2000633c      0x328 c:/isis/application/toolchain/bin/../lib/gcc/arm-none-eabi/4.7.4/../../../../arm-none-eabi/lib\libc_s.a(lib_a-svfprintf.o)
                0x2000633c                _svfiprintf_r
                0x2000633c                _svfprintf_r
 .text._calloc_r
                0x20006664       0x2c c:/isis/application/toolchain/bin/../lib/gcc/arm-none-eabi/4.7.4/../../../../arm-none-eabi/lib\libc_s.a(lib_a-callocr.o)
                0x20006664                _calloc_r
 .text._free_r  0x20006690      0x108 c:/isis/application/toolchain/bin/../lib/gcc/arm-none-eabi/4.7.4/../../../../arm-none-eabi/lib\libc_s.a(lib_a-freer.o)
                0x20006690                _free_r
 .text.rshift   0x20006798       0xb0 c:/isis/application/toolchain/bin/../lib/gcc/arm-none-eabi/4.7.4/../../../../arm-none-eabi/lib\libc_s.a(lib_a-gdtoa-gethex.o)
 .text.htinit.constprop.0
                0x20006848       0x34 c:/isis/application/toolchain/bin/../lib/gcc/arm-none-eabi/4.7.4/../../../../arm-none-eabi/lib\libc_s.a(lib_a-gdtoa-gethex.o)
 .text.__hexdig_init
                0x2000687c       0x38 c:/isis/application/toolchain/bin/../lib/gcc/arm-none-eabi/4.7.4/../../../../arm-none-eabi/lib\libc_s.a(lib_a-gdtoa-gethex.o)
                0x2000687c                __hexdig_init
 .text.__gethex
                0x200068b4      0x6cc c:/isis/application/toolchain/bin/../lib/gcc/arm-none-eabi/4.7.4/../../../../arm-none-eabi/lib\libc_s.a(lib_a-gdtoa-gethex.o)
                0x200068b4                __gethex
 .text.L_shift  0x20006f80       0x38 c:/isis/application/toolchain/bin/../lib/gcc/arm-none-eabi/4.7.4/../../../../arm-none-eabi/lib\libc_s.a(lib_a-gdtoa-hexnan.o)
 .text.__hexnan
                0x20006fb8      0x1d8 c:/isis/application/toolchain/bin/../lib/gcc/arm-none-eabi/4.7.4/../../../../arm-none-eabi/lib\libc_s.a(lib_a-gdtoa-hexnan.o)
                0x20006fb8                __hexnan
 .text.memchr   0x20007190       0x34 c:/isis/application/toolchain/bin/../lib/gcc/arm-none-eabi/4.7.4/../../../../arm-none-eabi/lib\libc_s.a(lib_a-memchr.o)
                0x20007190                memchr
 .text.memset   0x200071c4       0x1c c:/isis/application/toolchain/bin/../lib/gcc/arm-none-eabi/4.7.4/../../../../arm-none-eabi/lib\libc_s.a(lib_a-memset.o)
                0x200071c4                memset
 .text._realloc_r
                0x200071e0       0x80 c:/isis/application/toolchain/bin/../lib/gcc/arm-none-eabi/4.7.4/../../../../arm-none-eabi/lib\libc_s.a(lib_a-reallocr.o)
                0x200071e0                _realloc_r
 .text.strncmp  0x20007260       0x64 c:/isis/application/toolchain/bin/../lib/gcc/arm-none-eabi/4.7.4/../../../../arm-none-eabi/lib\libc_s.a(lib_a-strncmp.o)
                0x20007260                strncmp
 .text._malloc_usable_size_r
                0x200072c4       0x1c c:/isis/application/toolchain/bin/../lib/gcc/arm-none-eabi/4.7.4/../../../../arm-none-eabi/lib\libc_s.a(lib_a-msizer.o)
                0x200072c4                _malloc_usable_size_r
 .text.GetChunkFromImage
                0x200072e0      0x308 ./src/sub-systemCode/payload/Request Management/Dump/Butchering.o
                0x200072e0                GetChunkFromImage
 .text.SimpleButcher
                0x200075e8       0xf4 ./src/sub-systemCode/payload/Request Management/Dump/Butchering.o
                0x200075e8                SimpleButcher
 .text.readChunkDimentionsFromFRAM
                0x200076dc       0x80 ./src/sub-systemCode/payload/Request Management/Dump/imageDump.o
                0x200076dc                readChunkDimentionsFromFRAM
 .text.setChunkDimensions_inFRAM
                0x2000775c      0x10c ./src/sub-systemCode/payload/Request Management/Dump/imageDump.o
                0x2000775c                setChunkDimensions_inFRAM
 .text.find_subType_ofImage
                0x20007868       0xe0 ./src/sub-systemCode/payload/Request Management/Dump/imageDump.o
                0x20007868                find_subType_ofImage
 .text.buildAndSend_chunck
                0x20007948      0x320 ./src/sub-systemCode/payload/Request Management/Dump/imageDump.o
                0x20007948                buildAndSend_chunck
 .text.bitField_imageDump
                0x20007c68      0x2b8 ./src/sub-systemCode/payload/Request Management/Dump/imageDump.o
                0x20007c68                bitField_imageDump
 .text.imageDataBase_Dump
                0x20007f20      0x104 ./src/sub-systemCode/payload/Request Management/Dump/imageDump.o
                0x20007f20                imageDataBase_Dump
 .text.chunkField_imageDump
                0x20008024      0x258 ./src/sub-systemCode/payload/Request Management/Dump/imageDump.o
                0x20008024                chunkField_imageDump
 .text.imageDump_task
                0x2000827c      0x434 ./src/sub-systemCode/payload/Request Management/Dump/imageDump.o
                0x2000827c                imageDump_task
 .text.CameraManagerTaskMain
                0x200086b0      0x120 ./src/sub-systemCode/payload/Request Management/CameraManeger.o
                0x200086b0                CameraManagerTaskMain
 .text.initCamera
                0x200087d0       0xa4 ./src/sub-systemCode/payload/Request Management/CameraManeger.o
                0x200087d0                initCamera
 .text.KickStartCamera
                0x20008874       0xb4 ./src/sub-systemCode/payload/Request Management/CameraManeger.o
                0x20008874                KickStartCamera
 .text.addRequestToQueue
                0x20008928       0xa8 ./src/sub-systemCode/payload/Request Management/CameraManeger.o
                0x20008928                addRequestToQueue
 .text.removeRequestFromQueue
                0x200089d0       0x7c ./src/sub-systemCode/payload/Request Management/CameraManeger.o
                0x200089d0                removeRequestFromQueue
 .text.Take_pictures_with_time_in_between
                0x20008a4c       0xe8 ./src/sub-systemCode/payload/Request Management/CameraManeger.o
                0x20008a4c                Take_pictures_with_time_in_between
 .text.Gecko_TroubleShooter
                0x20008b34       0xdc ./src/sub-systemCode/payload/Request Management/CameraManeger.o
                0x20008b34                Gecko_TroubleShooter
 .text.startDumpTask
                0x20008c10       0x70 ./src/sub-systemCode/payload/Request Management/CameraManeger.o
                0x20008c10                startDumpTask
 .text.act_upon_request
                0x20008c80      0x434 ./src/sub-systemCode/payload/Request Management/CameraManeger.o
                0x20008c80                act_upon_request
 .text.TakePicture
                0x200090b4       0x4c ./src/sub-systemCode/payload/Request Management/DB_RequestHandling.o
                0x200090b4                TakePicture
 .text.TakeSpecialPicture
                0x20009100      0x104 ./src/sub-systemCode/payload/Request Management/DB_RequestHandling.o
                0x20009100                TakeSpecialPicture
 .text.DeletePictureFile
                0x20009204       0x88 ./src/sub-systemCode/payload/Request Management/DB_RequestHandling.o
                0x20009204                DeletePictureFile
 .text.DeletePicture
                0x2000928c       0x6c ./src/sub-systemCode/payload/Request Management/DB_RequestHandling.o
                0x2000928c                DeletePicture
 .text.TransferPicture
                0x200092f8       0x54 ./src/sub-systemCode/payload/Request Management/DB_RequestHandling.o
                0x200092f8                TransferPicture
 .text.CreateThumbnail
                0x2000934c       0x80 ./src/sub-systemCode/payload/Request Management/DB_RequestHandling.o
                0x2000934c                CreateThumbnail
 .text.CreateJPG
                0x200093cc       0x7c ./src/sub-systemCode/payload/Request Management/DB_RequestHandling.o
                0x200093cc                CreateJPG
 .text.UpdatePhotographyValues
                0x20009448       0xb4 ./src/sub-systemCode/payload/Request Management/DB_RequestHandling.o
                0x20009448                UpdatePhotographyValues
 .text.setChunkDimensions
                0x200094fc       0x64 ./src/sub-systemCode/payload/Request Management/DB_RequestHandling.o
                0x200094fc                setChunkDimensions
 .text.convert2char
                0x20009560      0x14c ./src/sub-systemCode/payload/Misc/Boolean_bit.o
                0x20009560                convert2char
 .text.convert2byte
                0x200096ac      0x1c8 ./src/sub-systemCode/payload/Misc/Boolean_bit.o
                0x200096ac                convert2byte
 .text.bits2byte
                0x20009874      0x17c ./src/sub-systemCode/payload/Misc/Boolean_bit.o
                0x20009874                bits2byte
 .text.byte2bits
                0x200099f0      0x17c ./src/sub-systemCode/payload/Misc/Boolean_bit.o
                0x200099f0                byte2bits
 .text.char2bits
                0x20009b6c       0x44 ./src/sub-systemCode/payload/Misc/Boolean_bit.o
                0x20009b6c                char2bits
 .text.bits2char
                0x20009bb0       0x3c ./src/sub-systemCode/payload/Misc/Boolean_bit.o
                0x20009bb0                bits2char
 .text.ReadFromFile
                0x20009bec       0x6c ./src/sub-systemCode/payload/Misc/FileSystem.o
                0x20009bec                ReadFromFile
 .text.WriteToFile
                0x20009c58       0x74 ./src/sub-systemCode/payload/Misc/FileSystem.o
                0x20009c58                WriteToFile
 .text.Initialized_GPIO
                0x20009ccc       0x54 ./src/sub-systemCode/payload/Drivers/GeckoCameraDriver.o
                0x20009ccc                Initialized_GPIO
 .text.TurnOnGecko
                0x20009d20      0x140 ./src/sub-systemCode/payload/Drivers/GeckoCameraDriver.o
                0x20009d20                TurnOnGecko
 .text.TurnOffGecko
                0x20009e60       0xd8 ./src/sub-systemCode/payload/Drivers/GeckoCameraDriver.o
                0x20009e60                TurnOffGecko
 .text.initGecko
                0x20009f38       0x3c ./src/sub-systemCode/payload/Drivers/GeckoCameraDriver.o
                0x20009f38                initGecko
 .text.GECKO_TakeImage
                0x20009f74      0x2f4 ./src/sub-systemCode/payload/Drivers/GeckoCameraDriver.o
                0x20009f74                GECKO_TakeImage
 .text.GECKO_ReadImage
                0x2000a268      0x234 ./src/sub-systemCode/payload/Drivers/GeckoCameraDriver.o
                0x2000a268                GECKO_ReadImage
 .text.GECKO_EraseBlock
                0x2000a49c       0xf0 ./src/sub-systemCode/payload/Drivers/GeckoCameraDriver.o
                0x2000a49c                GECKO_EraseBlock
 .text.getFileName
                0x2000a58c      0x1a0 ./src/sub-systemCode/payload/DataBase/DataBase.o
 .text.zeroImageDataBase
                0x2000a72c       0xfc ./src/sub-systemCode/payload/DataBase/DataBase.o
                0x2000a72c                zeroImageDataBase
 .text.updateGeneralDataBaseParameters
                0x2000a828       0x5c ./src/sub-systemCode/payload/DataBase/DataBase.o
                0x2000a828                updateGeneralDataBaseParameters
 .text.SearchDataBase_byID
                0x2000a884      0x220 ./src/sub-systemCode/payload/DataBase/DataBase.o
                0x2000a884                SearchDataBase_byID
 .text.SearchDataBase_byMark
                0x2000aaa4       0xa4 ./src/sub-systemCode/payload/DataBase/DataBase.o
                0x2000aaa4                SearchDataBase_byMark
 .text.checkForFileType
                0x2000ab48       0x68 ./src/sub-systemCode/payload/DataBase/DataBase.o
                0x2000ab48                checkForFileType
 .text.updateFileTypes
                0x2000abb0       0xbc ./src/sub-systemCode/payload/DataBase/DataBase.o
                0x2000abb0                updateFileTypes
 .text.GetImageFactor
                0x2000ac6c       0x58 ./src/sub-systemCode/payload/DataBase/DataBase.o
                0x2000ac6c                GetImageFactor
 .text.readImageFromBuffer
                0x2000acc4      0x12c ./src/sub-systemCode/payload/DataBase/DataBase.o
                0x2000acc4                readImageFromBuffer
 .text.saveImageToBuffer
                0x2000adf0      0x12c ./src/sub-systemCode/payload/DataBase/DataBase.o
                0x2000adf0                saveImageToBuffer
 .text.getLatestID
                0x2000af1c       0x48 ./src/sub-systemCode/payload/DataBase/DataBase.o
                0x2000af1c                getLatestID
 .text.getDataBaseStart
                0x2000af64       0x20 ./src/sub-systemCode/payload/DataBase/DataBase.o
                0x2000af64                getDataBaseStart
 .text.setDataBaseValues
                0x2000af84      0x1d8 ./src/sub-systemCode/payload/DataBase/DataBase.o
                0x2000af84                setDataBaseValues
 .text.initImageDataBase
                0x2000b15c      0x1b0 ./src/sub-systemCode/payload/DataBase/DataBase.o
                0x2000b15c                initImageDataBase
 .text.resetImageDataBase
                0x2000b30c       0x98 ./src/sub-systemCode/payload/DataBase/DataBase.o
                0x2000b30c                resetImageDataBase
 .text.setCameraPhotographyValues
                0x2000b3a4      0x10c ./src/sub-systemCode/payload/DataBase/DataBase.o
                0x2000b3a4                setCameraPhotographyValues
 .text.transferImageToSD_withoutSearch
                0x2000b4b0      0x15c ./src/sub-systemCode/payload/DataBase/DataBase.o
                0x2000b4b0                transferImageToSD_withoutSearch
 .text.transferImageToSD
                0x2000b60c       0xb4 ./src/sub-systemCode/payload/DataBase/DataBase.o
                0x2000b60c                transferImageToSD
 .text.DeleteImageFromOBC_withoutSearch
                0x2000b6c0       0xe0 ./src/sub-systemCode/payload/DataBase/DataBase.o
                0x2000b6c0                DeleteImageFromOBC_withoutSearch
 .text.DeleteImageFromOBC
                0x2000b7a0       0xb4 ./src/sub-systemCode/payload/DataBase/DataBase.o
                0x2000b7a0                DeleteImageFromOBC
 .text.DeleteImageFromPayload
                0x2000b854      0x25c ./src/sub-systemCode/payload/DataBase/DataBase.o
                0x2000b854                DeleteImageFromPayload
 .text.clearImageDataBase
                0x2000bab0      0x114 ./src/sub-systemCode/payload/DataBase/DataBase.o
                0x2000bab0                clearImageDataBase
 .text.handleMarkedPictures
                0x2000bbc4      0x1dc ./src/sub-systemCode/payload/DataBase/DataBase.o
                0x2000bbc4                handleMarkedPictures
 .text.writeNewImageMetaDataToFRAM
                0x2000bda0      0x234 ./src/sub-systemCode/payload/DataBase/DataBase.o
                0x2000bda0                writeNewImageMetaDataToFRAM
 .text.takePicture
                0x2000bfd4      0x378 ./src/sub-systemCode/payload/DataBase/DataBase.o
                0x2000bfd4                takePicture
 .text.takePicture_withSpecialParameters
                0x2000c34c       0xbc ./src/sub-systemCode/payload/DataBase/DataBase.o
                0x2000c34c                takePicture_withSpecialParameters
 .text.GetImageFileName
                0x2000c408       0xc0 ./src/sub-systemCode/payload/DataBase/DataBase.o
                0x2000c408                GetImageFileName
 .text.getDataBaseSize
                0x2000c4c8       0x20 ./src/sub-systemCode/payload/DataBase/DataBase.o
                0x2000c4c8                getDataBaseSize
 .text.getImageDataBaseBuffer
                0x2000c4e8      0x240 ./src/sub-systemCode/payload/DataBase/DataBase.o
                0x2000c4e8                getImageDataBaseBuffer
 .text.TransformRawToBMP
                0x2000c728      0x1e0 ./src/sub-systemCode/payload/Compression/jpeg/bmp/rawToBMP.o
                0x2000c728                TransformRawToBMP
 .text.interpolate
                0x2000c908      0x8d0 ./src/sub-systemCode/payload/Compression/jpeg/bmp/rawToBMP.o
                0x2000c908                interpolate
 .text.getInputAt
                0x2000d1d8      0x308 ./src/sub-systemCode/payload/Compression/jpeg/bmp/rawToBMP.o
                0x2000d1d8                getInputAt
 .text.f_writeF_FILEHeader
                0x2000d4e0      0x2f0 ./src/sub-systemCode/payload/Compression/jpeg/bmp/rawToBMP.o
                0x2000d4e0                f_writeF_FILEHeader
 .text.f_writeOutputRow
                0x2000d7d0       0xbc ./src/sub-systemCode/payload/Compression/jpeg/bmp/rawToBMP.o
                0x2000d7d0                f_writeOutputRow
 .text.dct      0x2000d88c      0x9c4 ./src/sub-systemCode/payload/Compression/jpeg/DCT.o
                0x2000d88c                dct
 .text.JPEG_compressor
                0x2000e250       0xfc ./src/sub-systemCode/payload/Compression/jpeg/ImgCompressor.o
                0x2000e250                JPEG_compressor
 .text.Create_BMP_File
                0x2000e34c       0xf4 ./src/sub-systemCode/payload/Compression/jpeg/ImgCompressor.o
                0x2000e34c                Create_BMP_File
 .text.CompressImage
                0x2000e440      0x1cc ./src/sub-systemCode/payload/Compression/jpeg/ImgCompressor.o
                0x2000e440                CompressImage
 .text.clamp    0x2000e60c       0x60 ./src/sub-systemCode/payload/Compression/jpeg/color_conv.o
                0x2000e60c                clamp
 .text.RGB_to_YCC
                0x2000e66c      0x1a8 ./src/sub-systemCode/payload/Compression/jpeg/color_conv.o
                0x2000e66c                RGB_to_YCC
 .text.RGB_to_Y
                0x2000e814       0xc4 ./src/sub-systemCode/payload/Compression/jpeg/color_conv.o
                0x2000e814                RGB_to_Y
 .text.Y_to_YCC
                0x2000e8d8       0x88 ./src/sub-systemCode/payload/Compression/jpeg/color_conv.o
                0x2000e8d8                Y_to_YCC
 .text.compress_image_to_jpeg_file
                0x2000e960      0x1ac ./src/sub-systemCode/payload/Compression/jpeg/jpeg.o
                0x2000e960                compress_image_to_jpeg_file
 .text.emit_marker
                0x2000eb0c       0xc8 ./src/sub-systemCode/payload/Compression/jpeg/jpeg_encoder.o
                0x2000eb0c                emit_marker
 .text.emit_byte
                0x2000ebd4       0x6c ./src/sub-systemCode/payload/Compression/jpeg/jpeg_encoder.o
                0x2000ebd4                emit_byte
 .text.emit_word
                0x2000ec40       0xd0 ./src/sub-systemCode/payload/Compression/jpeg/jpeg_encoder.o
                0x2000ec40                emit_word
 .text.emit_jfif_app0
                0x2000ed10       0xc0 ./src/sub-systemCode/payload/Compression/jpeg/jpeg_encoder.o
                0x2000ed10                emit_jfif_app0
 .text.emit_dqt
                0x2000edd0       0xd8 ./src/sub-systemCode/payload/Compression/jpeg/jpeg_encoder.o
                0x2000edd0                emit_dqt
 .text.emit_sof
                0x2000eea8      0x14c ./src/sub-systemCode/payload/Compression/jpeg/jpeg_encoder.o
                0x2000eea8                emit_sof
 .text.emit_dht
                0x2000eff4      0x138 ./src/sub-systemCode/payload/Compression/jpeg/jpeg_encoder.o
                0x2000eff4                emit_dht
 .text.emit_dhts
                0x2000f12c       0xd8 ./src/sub-systemCode/payload/Compression/jpeg/jpeg_encoder.o
                0x2000f12c                emit_dhts
 .text.emit_sos
                0x2000f204       0xec ./src/sub-systemCode/payload/Compression/jpeg/jpeg_encoder.o
                0x2000f204                emit_sos
 .text.emit_markers
                0x2000f2f0       0x4c ./src/sub-systemCode/payload/Compression/jpeg/jpeg_encoder.o
                0x2000f2f0                emit_markers
 .text.compute_huffman_table
                0x2000f33c      0x334 ./src/sub-systemCode/payload/Compression/jpeg/jpeg_encoder.o
                0x2000f33c                compute_huffman_table
 .text.compute_quant_table
                0x2000f670      0x11c ./src/sub-systemCode/payload/Compression/jpeg/jpeg_encoder.o
                0x2000f670                compute_quant_table
 .text.first_pass_init
                0x2000f78c       0x54 ./src/sub-systemCode/payload/Compression/jpeg/jpeg_encoder.o
                0x2000f78c                first_pass_init
 .text.second_pass_init
                0x2000f7e0      0x110 ./src/sub-systemCode/payload/Compression/jpeg/jpeg_encoder.o
                0x2000f7e0                second_pass_init
 .text.jpg_open
                0x2000f8f0      0x7b4 ./src/sub-systemCode/payload/Compression/jpeg/jpeg_encoder.o
                0x2000f8f0                jpg_open
 .text.load_block_8_8_grey
                0x200100a4      0x164 ./src/sub-systemCode/payload/Compression/jpeg/jpeg_encoder.o
                0x200100a4                load_block_8_8_grey
 .text.load_block_8_8
                0x20010208      0x198 ./src/sub-systemCode/payload/Compression/jpeg/jpeg_encoder.o
                0x20010208                load_block_8_8
 .text.load_block_16_8
                0x200103a0      0x3cc ./src/sub-systemCode/payload/Compression/jpeg/jpeg_encoder.o
                0x200103a0                load_block_16_8
 .text.load_block_16_8_8
                0x2001076c      0x2a8 ./src/sub-systemCode/payload/Compression/jpeg/jpeg_encoder.o
                0x2001076c                load_block_16_8_8
 .text.load_coefficients
                0x20010a14      0x1c8 ./src/sub-systemCode/payload/Compression/jpeg/jpeg_encoder.o
                0x20010a14                load_coefficients
 .text.flush_output_buffer
                0x20010bdc       0xa0 ./src/sub-systemCode/payload/Compression/jpeg/jpeg_encoder.o
                0x20010bdc                flush_output_buffer
 .text.put_bits
                0x20010c7c      0x170 ./src/sub-systemCode/payload/Compression/jpeg/jpeg_encoder.o
                0x20010c7c                put_bits
 .text.code_coefficients_pass_two
                0x20010dec      0x338 ./src/sub-systemCode/payload/Compression/jpeg/jpeg_encoder.o
                0x20010dec                code_coefficients_pass_two
 .text.code_block
                0x20011124       0x44 ./src/sub-systemCode/payload/Compression/jpeg/jpeg_encoder.o
                0x20011124                code_block
 .text.process_mcu_row
                0x20011168      0x328 ./src/sub-systemCode/payload/Compression/jpeg/jpeg_encoder.o
                0x20011168                process_mcu_row
 .text.terminate_pass_two
                0x20011490       0x44 ./src/sub-systemCode/payload/Compression/jpeg/jpeg_encoder.o
                0x20011490                terminate_pass_two
 .text.process_end_of_image
                0x200114d4       0xc0 ./src/sub-systemCode/payload/Compression/jpeg/jpeg_encoder.o
                0x200114d4                process_end_of_image
 .text.load_mcu
                0x20011594      0x29c ./src/sub-systemCode/payload/Compression/jpeg/jpeg_encoder.o
                0x20011594                load_mcu
 .text.clear    0x20011830      0x1e0 ./src/sub-systemCode/payload/Compression/jpeg/jpeg_encoder.o
                0x20011830                clear
 .text.init     0x20011a10       0xe4 ./src/sub-systemCode/payload/Compression/jpeg/jpeg_encoder.o
                0x20011a10                init
 .text.deinit   0x20011af4      0x160 ./src/sub-systemCode/payload/Compression/jpeg/jpeg_encoder.o
                0x20011af4                deinit
 .text.process_scanline
                0x20011c54       0x6c ./src/sub-systemCode/payload/Compression/jpeg/jpeg_encoder.o
                0x20011c54                process_scanline
 .text.jpge_malloc
                0x20011cc0       0x28 ./src/sub-systemCode/payload/Compression/jpeg/jpeg_memory_alloc.o
                0x20011cc0                jpge_malloc
 .text.jpge_cmalloc
                0x20011ce8       0x48 ./src/sub-systemCode/payload/Compression/jpeg/jpeg_memory_alloc.o
                0x20011ce8                jpge_cmalloc
 .text.jpge_free
                0x20011d30       0x24 ./src/sub-systemCode/payload/Compression/jpeg/jpeg_memory_alloc.o
                0x20011d30                jpge_free
 .text.check    0x20011d54       0x78 ./src/sub-systemCode/payload/Compression/jpeg/jpeg_params.o
                0x20011d54                check
 .text.open_jpeg_file
                0x20011dcc       0xfc ./src/sub-systemCode/payload/Compression/jpeg/output_stream.o
                0x20011dcc                open_jpeg_file
 .text.close_jpeg_file
                0x20011ec8      0x118 ./src/sub-systemCode/payload/Compression/jpeg/output_stream.o
                0x20011ec8                close_jpeg_file
 .text.put_buf  0x20011fe0      0x258 ./src/sub-systemCode/payload/Compression/jpeg/output_stream.o
                0x20011fe0                put_buf
 .text.GetBayerPixel
                0x20012238       0xe8 ./src/sub-systemCode/payload/Compression/ImageConversion.o
 .text.BinImage
                0x20012320      0x2c8 ./src/sub-systemCode/payload/Compression/ImageConversion.o
                0x20012320                BinImage
 .text.ImageSkipping
                0x200125e8      0x2ac ./src/sub-systemCode/payload/Compression/ImageConversion.o
                0x200125e8                ImageSkipping
 .text.CreateImageThumbnail_withoutSearch
                0x20012894      0x14c ./src/sub-systemCode/payload/Compression/ImageConversion.o
                0x20012894                CreateImageThumbnail_withoutSearch
 .text.CreateImageThumbnail
                0x200129e0       0x94 ./src/sub-systemCode/payload/Compression/ImageConversion.o
                0x200129e0                CreateImageThumbnail
 .text.compressImage
                0x20012a74      0x17c ./src/sub-systemCode/payload/Compression/ImageConversion.o
                0x20012a74                compressImage
 .text.AdcsCmdQueueInit
                0x20012bf0       0x4c ./src/sub-systemCode/Main/CMD/ADCS_CMD.o
                0x20012bf0                AdcsCmdQueueInit
 .text.AdcsCmdQueueGet
                0x20012c3c       0x8c ./src/sub-systemCode/Main/CMD/ADCS_CMD.o
                0x20012c3c                AdcsCmdQueueGet
 .text.AdcsCmdQueueAdd
                0x20012cc8       0x74 ./src/sub-systemCode/Main/CMD/ADCS_CMD.o
                0x20012cc8                AdcsCmdQueueAdd
 .text.AdcsCmdQueueIsEmpty
                0x20012d3c       0x3c ./src/sub-systemCode/Main/CMD/ADCS_CMD.o
                0x20012d3c                AdcsCmdQueueIsEmpty
 .text.getAdcsQueueWaitPointer
                0x20012d78       0x20 ./src/sub-systemCode/Main/CMD/ADCS_CMD.o
                0x20012d78                getAdcsQueueWaitPointer
 .text.cmd_mute
                0x20012d98       0xc4 ./src/sub-systemCode/Main/CMD/COMM_CMD.o
                0x20012d98                cmd_mute
 .text.cmd_unmute
                0x20012e5c       0x4c ./src/sub-systemCode/Main/CMD/COMM_CMD.o
                0x20012e5c                cmd_unmute
 .text.cmd_active_trans
                0x20012ea8       0xc0 ./src/sub-systemCode/Main/CMD/COMM_CMD.o
                0x20012ea8                cmd_active_trans
 .text.cmd_shut_trans
                0x20012f68       0x38 ./src/sub-systemCode/Main/CMD/COMM_CMD.o
                0x20012f68                cmd_shut_trans
 .text.cmd_change_trans_rssi
                0x20012fa0      0x100 ./src/sub-systemCode/Main/CMD/COMM_CMD.o
                0x20012fa0                cmd_change_trans_rssi
 .text.cmd_aprs_dump
                0x200130a0       0x50 ./src/sub-systemCode/Main/CMD/COMM_CMD.o
                0x200130a0                cmd_aprs_dump
 .text.cmd_stop_dump
                0x200130f0       0x38 ./src/sub-systemCode/Main/CMD/COMM_CMD.o
                0x200130f0                cmd_stop_dump
 .text.cmd_time_frequency
                0x20013128       0xc0 ./src/sub-systemCode/Main/CMD/COMM_CMD.o
                0x20013128                cmd_time_frequency
 .text.cmd_change_def_bit_rate
                0x200131e8      0x158 ./src/sub-systemCode/Main/CMD/COMM_CMD.o
                0x200131e8                cmd_change_def_bit_rate
 .text.cmd_upload_volt_logic
                0x20013340      0x334 ./src/sub-systemCode/Main/CMD/EPS_CMD.o
                0x20013340                cmd_upload_volt_logic
 .text.cmd_upload_volt_COMM
                0x20013674      0x1c8 ./src/sub-systemCode/Main/CMD/EPS_CMD.o
                0x20013674                cmd_upload_volt_COMM
 .text.cmd_heater_temp
                0x2001383c       0xc0 ./src/sub-systemCode/Main/CMD/EPS_CMD.o
                0x2001383c                cmd_heater_temp
 .text.cmd_SHUT_CAM
                0x200138fc       0x6c ./src/sub-systemCode/Main/CMD/EPS_CMD.o
                0x200138fc                cmd_SHUT_CAM
 .text.cmd_SHUT_ADCS
                0x20013968       0x6c ./src/sub-systemCode/Main/CMD/EPS_CMD.o
                0x20013968                cmd_SHUT_ADCS
 .text.cmd_allow_CAM
                0x200139d4       0x6c ./src/sub-systemCode/Main/CMD/EPS_CMD.o
                0x200139d4                cmd_allow_CAM
 .text.cmd_allow_ADCS
                0x20013a40       0x6c ./src/sub-systemCode/Main/CMD/EPS_CMD.o
                0x20013a40                cmd_allow_ADCS
 .text.cmd_update_alpha
                0x20013aac       0xfc ./src/sub-systemCode/Main/CMD/EPS_CMD.o
                0x20013aac                cmd_update_alpha
 .text.cmd_generic_I2C
                0x20013ba8       0xb4 ./src/sub-systemCode/Main/CMD/General_CMD.o
                0x20013ba8                cmd_generic_I2C
 .text.cmd_dump
                0x20013c5c       0xf0 ./src/sub-systemCode/Main/CMD/General_CMD.o
                0x20013c5c                cmd_dump
 .text.cmd_delete_TM
                0x20013d4c      0x230 ./src/sub-systemCode/Main/CMD/General_CMD.o
                0x20013d4c                cmd_delete_TM
 .text.cmd_reset_file
                0x20013f7c      0x118 ./src/sub-systemCode/Main/CMD/General_CMD.o
                0x20013f7c                cmd_reset_file
 .text.cmd_dummy_func
                0x20014094       0x40 ./src/sub-systemCode/Main/CMD/General_CMD.o
                0x20014094                cmd_dummy_func
 .text.cmd_reset_TLM_SD
                0x200140d4       0x4c ./src/sub-systemCode/Main/CMD/General_CMD.o
                0x200140d4                cmd_reset_TLM_SD
 .text.cmd_soft_reset_cmponent
                0x20014120       0xac ./src/sub-systemCode/Main/CMD/General_CMD.o
                0x20014120                cmd_soft_reset_cmponent
 .text.cmd_hard_reset_cmponent
                0x200141cc       0xac ./src/sub-systemCode/Main/CMD/General_CMD.o
                0x200141cc                cmd_hard_reset_cmponent
 .text.cmd_reset_satellite
                0x20014278       0x78 ./src/sub-systemCode/Main/CMD/General_CMD.o
                0x20014278                cmd_reset_satellite
 .text.cmd_gracefull_reset_satellite
                0x200142f0       0x78 ./src/sub-systemCode/Main/CMD/General_CMD.o
                0x200142f0                cmd_gracefull_reset_satellite
 .text.cmd_upload_time
                0x20014368       0xb0 ./src/sub-systemCode/Main/CMD/General_CMD.o
                0x20014368                cmd_upload_time
 .text.cmd_ARM_DIARM
                0x20014418       0xd4 ./src/sub-systemCode/Main/CMD/General_CMD.o
                0x20014418                cmd_ARM_DIARM
 .text.cmd_get_onlineTM
                0x200144ec      0x148 ./src/sub-systemCode/Main/CMD/General_CMD.o
                0x200144ec                cmd_get_onlineTM
 .text.cmd_reset_off_line
                0x20014634       0x68 ./src/sub-systemCode/Main/CMD/General_CMD.o
                0x20014634                cmd_reset_off_line
 .text.cmd_add_item_off_line
                0x2001469c       0xf4 ./src/sub-systemCode/Main/CMD/General_CMD.o
                0x2001469c                cmd_add_item_off_line
 .text.cmd_delete_item_off_line
                0x20014790       0x98 ./src/sub-systemCode/Main/CMD/General_CMD.o
                0x20014790                cmd_delete_item_off_line
 .text.cmd_get_off_line_setting
                0x20014828      0x108 ./src/sub-systemCode/Main/CMD/General_CMD.o
                0x20014828                cmd_get_off_line_setting
 .text.cmd_reset_delayed_command_list
                0x20014930       0x3c ./src/sub-systemCode/Main/CMD/SW_CMD.o
                0x20014930                cmd_reset_delayed_command_list
 .text.cmd_reset_APRS_list
                0x2001496c       0x3c ./src/sub-systemCode/Main/CMD/SW_CMD.o
                0x2001496c                cmd_reset_APRS_list
 .text.cmd_reset_FRAM
                0x200149a8       0xf4 ./src/sub-systemCode/Main/CMD/SW_CMD.o
                0x200149a8                cmd_reset_FRAM
 .text.init_Ants
                0x20014a9c       0x74 ./src/sub-systemCode/Main/Ants.o
                0x20014a9c                init_Ants
 .text.ARM_ants
                0x20014b10       0xb8 ./src/sub-systemCode/Main/Ants.o
                0x20014b10                ARM_ants
 .text.DISARM_ants
                0x20014bc8       0xb8 ./src/sub-systemCode/Main/Ants.o
                0x20014bc8                DISARM_ants
 .text.checkDeployAttempt
                0x20014c80      0x128 ./src/sub-systemCode/Main/Ants.o
                0x20014c80                checkDeployAttempt
 .text.reset_deployStatusFRAM
                0x20014da8       0xc0 ./src/sub-systemCode/Main/Ants.o
                0x20014da8                reset_deployStatusFRAM
 .text.reset_FRAM_ants
                0x20014e68       0x88 ./src/sub-systemCode/Main/Ants.o
                0x20014e68                reset_FRAM_ants
 .text.DeployIfNeeded
                0x20014ef0      0x134 ./src/sub-systemCode/Main/Ants.o
                0x20014ef0                DeployIfNeeded
 .text.update_stopDeploy_FRAM
                0x20015024       0x48 ./src/sub-systemCode/Main/Ants.o
                0x20015024                update_stopDeploy_FRAM
 .text.round_vol
                0x2001506c      0x124 ./src/sub-systemCode/Main/EPS.o
                0x2001506c                round_vol
 .text.get_shut_ADCS
                0x20015190       0x48 ./src/sub-systemCode/Main/EPS.o
                0x20015190                get_shut_ADCS
 .text.shut_ADCS
                0x200151d8       0x44 ./src/sub-systemCode/Main/EPS.o
                0x200151d8                shut_ADCS
 .text.get_shut_CAM
                0x2001521c       0x48 ./src/sub-systemCode/Main/EPS.o
                0x2001521c                get_shut_CAM
 .text.shut_CAM
                0x20015264       0x44 ./src/sub-systemCode/Main/EPS.o
                0x20015264                shut_CAM
 .text.update_powerLines
                0x200152a8       0xec ./src/sub-systemCode/Main/EPS.o
                0x200152a8                update_powerLines
 .text.get_EPS_mode_t
                0x20015394       0x24 ./src/sub-systemCode/Main/EPS.o
                0x20015394                get_EPS_mode_t
 .text.init_enterMode
                0x200153b8       0x88 ./src/sub-systemCode/Main/EPS.o
                0x200153b8                init_enterMode
 .text.EPS_Init
                0x20015440      0x1c8 ./src/sub-systemCode/Main/EPS.o
                0x20015440                EPS_Init
 .text.reset_FRAM_EPS
                0x20015608       0xe0 ./src/sub-systemCode/Main/EPS.o
                0x20015608                reset_FRAM_EPS
 .text.reset_EPS_voltages
                0x200156e8       0xbc ./src/sub-systemCode/Main/EPS.o
                0x200156e8                reset_EPS_voltages
 .text.writeState_log
                0x200157a4       0xc0 ./src/sub-systemCode/Main/EPS.o
                0x200157a4                writeState_log
 .text.battery_downward
                0x20015864      0x120 ./src/sub-systemCode/Main/EPS.o
                0x20015864                battery_downward
 .text.battery_upward
                0x20015984      0x12c ./src/sub-systemCode/Main/EPS.o
                0x20015984                battery_upward
 .text.overRide_ADCS
                0x20015ab0       0x50 ./src/sub-systemCode/Main/EPS.o
                0x20015ab0                overRide_ADCS
 .text.overRide_Camera
                0x20015b00       0x38 ./src/sub-systemCode/Main/EPS.o
                0x20015b00                overRide_Camera
 .text.EPS_Conditioning
                0x20015b38      0x258 ./src/sub-systemCode/Main/EPS.o
                0x20015b38                EPS_Conditioning
 .text.EnterFullMode
                0x20015d90       0xf0 ./src/sub-systemCode/Main/EPS.o
                0x20015d90                EnterFullMode
 .text.EnterCruiseMode
                0x20015e80       0xe0 ./src/sub-systemCode/Main/EPS.o
                0x20015e80                EnterCruiseMode
 .text.EnterSafeMode
                0x20015f60       0xe0 ./src/sub-systemCode/Main/EPS.o
                0x20015f60                EnterSafeMode
 .text.EnterCriticalMode
                0x20016040       0xcc ./src/sub-systemCode/Main/EPS.o
                0x20016040                EnterCriticalMode
 .text.check_EPSTableCorrection
                0x2001610c      0x120 ./src/sub-systemCode/Main/EPS.o
                0x2001610c                check_EPSTableCorrection
 .text.save_ACK
                0x2001622c      0x11c ./src/sub-systemCode/Main/HouseKeeping.o
                0x2001622c                save_ACK
 .text.set_GP_EPS
                0x20016348      0x10c ./src/sub-systemCode/Main/HouseKeeping.o
                0x20016348                set_GP_EPS
 .text.set_GP_COMM
                0x20016454       0x88 ./src/sub-systemCode/Main/HouseKeeping.o
                0x20016454                set_GP_COMM
 .text.SP_HK_collect
                0x200164dc      0x198 ./src/sub-systemCode/Main/HouseKeeping.o
                0x200164dc                SP_HK_collect
 .text.EPS_HK_collect
                0x20016674      0x50c ./src/sub-systemCode/Main/HouseKeeping.o
                0x20016674                EPS_HK_collect
 .text.CAM_HK_collect
                0x20016b80      0x91c ./src/sub-systemCode/Main/HouseKeeping.o
                0x20016b80                CAM_HK_collect
 .text.COMM_HK_collect
                0x2001749c      0x260 ./src/sub-systemCode/Main/HouseKeeping.o
                0x2001749c                COMM_HK_collect
 .text.HK_find_ADCSTM_fileName
                0x200176fc      0x3a4 ./src/sub-systemCode/Main/HouseKeeping.o
                0x200176fc                HK_find_ADCSTM_fileName
 .text.HK_find_fileName
                0x20017aa0      0x174 ./src/sub-systemCode/Main/HouseKeeping.o
                0x20017aa0                HK_find_fileName
 .text.HK_find_ADCSTM_ElementSize
                0x20017c14      0x110 ./src/sub-systemCode/Main/HouseKeeping.o
                0x20017c14                HK_find_ADCSTM_ElementSize
 .text.HK_findElementSize
                0x20017d24       0xd4 ./src/sub-systemCode/Main/HouseKeeping.o
                0x20017d24                HK_findElementSize
 .text.build_HK_spl_packet
                0x20017df8      0x200 ./src/sub-systemCode/Main/HouseKeeping.o
                0x20017df8                build_HK_spl_packet
 .text.numberOfRestarts
                0x20017ff8       0x94 ./src/sub-systemCode/Main/Main_Init.o
                0x20017ff8                numberOfRestarts
 .text.StartFRAM
                0x2001808c       0x38 ./src/sub-systemCode/Main/Main_Init.o
                0x2001808c                StartFRAM
 .text.StartI2C
                0x200180c4       0x44 ./src/sub-systemCode/Main/Main_Init.o
                0x200180c4                StartI2C
 .text.StartSPI
                0x20018108       0x40 ./src/sub-systemCode/Main/Main_Init.o
                0x20018108                StartSPI
 .text.StartTIME
                0x20018148      0x120 ./src/sub-systemCode/Main/Main_Init.o
                0x20018148                StartTIME
 .text.first_activation
                0x20018268       0x7c ./src/sub-systemCode/Main/Main_Init.o
                0x20018268                first_activation
 .text.InitSubsystems
                0x200182e4       0x68 ./src/sub-systemCode/Main/Main_Init.o
                0x200182e4                InitSubsystems
 .text.SubSystemTaskStart
                0x2001834c       0xec ./src/sub-systemCode/Main/Main_Init.o
                0x2001834c                SubSystemTaskStart
 .text.save_ACK_s
                0x20018438       0x68 ./src/sub-systemCode/Main/commands.o
                0x20018438                save_ACK_s
 .text.copy_command
                0x200184a0       0x80 ./src/sub-systemCode/Main/commands.o
                0x200184a0                copy_command
 .text.reset_command
                0x20018520       0x28 ./src/sub-systemCode/Main/commands.o
                0x20018520                reset_command
 .text.init_command
                0x20018548       0xd4 ./src/sub-systemCode/Main/commands.o
                0x20018548                init_command
 .text.add_command
                0x2001861c      0x118 ./src/sub-systemCode/Main/commands.o
                0x2001861c                add_command
 .text.get_command
                0x20018734      0x1ac ./src/sub-systemCode/Main/commands.o
                0x20018734                get_command
 .text.act_upon_command
                0x200188e0      0x1e4 ./src/sub-systemCode/Main/commands.o
                0x200188e0                act_upon_command
 .text.cmd_error
                0x20018ac4       0x38 ./src/sub-systemCode/Main/commands.o
                0x20018ac4                cmd_error
 .text.AUC_COMM
                0x20018afc      0x25c ./src/sub-systemCode/Main/commands.o
                0x20018afc                AUC_COMM
 .text.AUC_general
                0x20018d58      0x48c ./src/sub-systemCode/Main/commands.o
                0x20018d58                AUC_general
 .text.AUC_payload
                0x200191e4      0x1e8 ./src/sub-systemCode/Main/commands.o
                0x200191e4                AUC_payload
 .text.AUC_EPS  0x200193cc      0x28c ./src/sub-systemCode/Main/commands.o
                0x200193cc                AUC_EPS
 .text.AUC_SW   0x20019658       0xe4 ./src/sub-systemCode/Main/commands.o
                0x20019658                AUC_SW
 .text.AUC_onlineTM
                0x2001973c      0x1ac ./src/sub-systemCode/Main/commands.o
                0x2001973c                AUC_onlineTM
 .text.AUC_special_operation
                0x200198e8       0x8c ./src/sub-systemCode/Main/commands.o
                0x200198e8                AUC_special_operation
 .text.check_int
                0x20019974       0x20 ./src/sub-systemCode/Global/Global.o
                0x20019974                check_int
 .text.check_portBASE_TYPE
                0x20019994       0x20 ./src/sub-systemCode/Global/Global.o
                0x20019994                check_portBASE_TYPE
 .text.soft_reset_subsystem
                0x200199b4       0xd8 ./src/sub-systemCode/Global/Global.o
                0x200199b4                soft_reset_subsystem
 .text.hard_reset_subsystem
                0x20019a8c      0x104 ./src/sub-systemCode/Global/Global.o
                0x20019a8c                hard_reset_subsystem
 .text.BigEnE_raw_to_uInt
                0x20019b90       0x94 ./src/sub-systemCode/Global/Global.o
                0x20019b90                BigEnE_raw_to_uInt
 .text.BigEnE_raw_to_uShort
                0x20019c24       0x50 ./src/sub-systemCode/Global/Global.o
                0x20019c24                BigEnE_raw_to_uShort
 .text.BigEnE_uInt_to_raw
                0x20019c74       0x78 ./src/sub-systemCode/Global/Global.o
                0x20019c74                BigEnE_uInt_to_raw
 .text.reset_FRAM_MAIN
                0x20019cec      0x140 ./src/sub-systemCode/Global/Global.o
                0x20019cec                reset_FRAM_MAIN
 .text.getBitValueByIndex
                0x20019e2c       0xd0 ./src/sub-systemCode/Global/Global.o
                0x20019e2c                getBitValueByIndex
 .text.terminateTask
                0x20019efc       0x18 ./src/sub-systemCode/Global/Global.o
                0x20019efc                terminateTask
 .text.init_GP  0x20019f14      0x2e0 ./src/sub-systemCode/Global/GlobalParam.o
                0x20019f14                init_GP
 .text.get_system_state
                0x2001a1f4      0x254 ./src/sub-systemCode/Global/GlobalParam.o
                0x2001a1f4                get_system_state
 .text.set_system_state
                0x2001a448      0x284 ./src/sub-systemCode/Global/GlobalParam.o
                0x2001a448                set_system_state
 .text.get_systems_state_param
                0x2001a6cc       0x78 ./src/sub-systemCode/Global/GlobalParam.o
                0x2001a6cc                get_systems_state_param
 .text.get_current_global_param
                0x2001a744      0x548 ./src/sub-systemCode/Global/GlobalParam.o
                0x2001a744                get_current_global_param
 .text.set_Vbatt
                0x2001ac8c       0x78 ./src/sub-systemCode/Global/GlobalParam.o
                0x2001ac8c                set_Vbatt
 .text.get_Vbatt
                0x2001ad04       0x78 ./src/sub-systemCode/Global/GlobalParam.o
                0x2001ad04                get_Vbatt
 .text.set_curBat
                0x2001ad7c       0x78 ./src/sub-systemCode/Global/GlobalParam.o
                0x2001ad7c                set_curBat
 .text.set_cur3V3
                0x2001adf4       0x78 ./src/sub-systemCode/Global/GlobalParam.o
                0x2001adf4                set_cur3V3
 .text.set_cur5V
                0x2001ae6c       0x78 ./src/sub-systemCode/Global/GlobalParam.o
                0x2001ae6c                set_cur5V
 .text.set_tempComm_LO
                0x2001aee4       0x78 ./src/sub-systemCode/Global/GlobalParam.o
                0x2001aee4                set_tempComm_LO
 .text.set_tempComm_PA
                0x2001af5c       0x78 ./src/sub-systemCode/Global/GlobalParam.o
                0x2001af5c                set_tempComm_PA
 .text.set_tempEPS
                0x2001afd4       0xb4 ./src/sub-systemCode/Global/GlobalParam.o
                0x2001afd4                set_tempEPS
 .text.set_tempBatt
                0x2001b088       0xb4 ./src/sub-systemCode/Global/GlobalParam.o
                0x2001b088                set_tempBatt
 .text.set_RxDoppler
                0x2001b13c       0x78 ./src/sub-systemCode/Global/GlobalParam.o
                0x2001b13c                set_RxDoppler
 .text.set_RxRSSI
                0x2001b1b4       0x78 ./src/sub-systemCode/Global/GlobalParam.o
                0x2001b1b4                set_RxRSSI
 .text.set_TxRefl
                0x2001b22c       0x78 ./src/sub-systemCode/Global/GlobalParam.o
                0x2001b22c                set_TxRefl
 .text.set_TxForw
                0x2001b2a4       0x78 ./src/sub-systemCode/Global/GlobalParam.o
                0x2001b2a4                set_TxForw
 .text.get_Attitude
                0x2001b31c      0x10c ./src/sub-systemCode/Global/GlobalParam.o
                0x2001b31c                get_Attitude
 .text.set_numOfAPRS
                0x2001b428       0x78 ./src/sub-systemCode/Global/GlobalParam.o
                0x2001b428                set_numOfAPRS
 .text.set_numOfDelayedCommand
                0x2001b4a0       0x78 ./src/sub-systemCode/Global/GlobalParam.o
                0x2001b4a0                set_numOfDelayedCommand
 .text.set_numOfResets
                0x2001b518       0x98 ./src/sub-systemCode/Global/GlobalParam.o
                0x2001b518                set_numOfResets
 .text.set_ground_conn
                0x2001b5b0       0x8c ./src/sub-systemCode/Global/GlobalParam.o
                0x2001b5b0                set_ground_conn
 .text.get_ground_conn
                0x2001b63c       0x8c ./src/sub-systemCode/Global/GlobalParam.o
                0x2001b63c                get_ground_conn
 .text.IsisAntS_getStatusData_sideA
                0x2001b6c8       0x3c ./src/sub-systemCode/Global/OnlineTM.o
                0x2001b6c8                IsisAntS_getStatusData_sideA
 .text.IsisAntS_getAlltelemetry_sideA
                0x2001b704       0x3c ./src/sub-systemCode/Global/OnlineTM.o
                0x2001b704                IsisAntS_getAlltelemetry_sideA
 .text.IsisAntS_getTemperature_sideA
                0x2001b740       0x3c ./src/sub-systemCode/Global/OnlineTM.o
                0x2001b740                IsisAntS_getTemperature_sideA
 .text.IsisAntS_getStatusData_sideB
                0x2001b77c       0x3c ./src/sub-systemCode/Global/OnlineTM.o
                0x2001b77c                IsisAntS_getStatusData_sideB
 .text.IsisAntS_getAlltelemetry_sideB
                0x2001b7b8       0x3c ./src/sub-systemCode/Global/OnlineTM.o
                0x2001b7b8                IsisAntS_getAlltelemetry_sideB
 .text.IsisAntS_getTemperature_sideB
                0x2001b7f4       0x3c ./src/sub-systemCode/Global/OnlineTM.o
                0x2001b7f4                IsisAntS_getTemperature_sideB
 .text.HK_collect_EPS
                0x2001b830       0x30 ./src/sub-systemCode/Global/OnlineTM.o
                0x2001b830                HK_collect_EPS
 .text.HK_collect_COMM
                0x2001b860       0x30 ./src/sub-systemCode/Global/OnlineTM.o
                0x2001b860                HK_collect_COMM
 .text.HK_collect_CAM
                0x2001b890       0x30 ./src/sub-systemCode/Global/OnlineTM.o
                0x2001b890                HK_collect_CAM
 .text.HK_collect_SP
                0x2001b8c0       0x30 ./src/sub-systemCode/Global/OnlineTM.o
                0x2001b8c0                HK_collect_SP
 .text.HK_collect_FS_A
                0x2001b8f0       0x8c ./src/sub-systemCode/Global/OnlineTM.o
                0x2001b8f0                HK_collect_FS_A
 .text.HK_collect_FS_B
                0x2001b97c       0x8c ./src/sub-systemCode/Global/OnlineTM.o
                0x2001b97c                HK_collect_FS_B
 .text.save_offlineSetting_FRAM
                0x2001ba08      0x26c ./src/sub-systemCode/Global/OnlineTM.o
                0x2001ba08                save_offlineSetting_FRAM
 .text.get_offlineSetting_FRAM
                0x2001bc74       0x58 ./src/sub-systemCode/Global/OnlineTM.o
                0x2001bc74                get_offlineSetting_FRAM
 .text.update_offlineSetting_FRAM
                0x2001bccc      0x360 ./src/sub-systemCode/Global/OnlineTM.o
                0x2001bccc                update_offlineSetting_FRAM
 .text.get_offlineSettingPacket
                0x2001c02c       0xc4 ./src/sub-systemCode/Global/OnlineTM.o
                0x2001c02c                get_offlineSettingPacket
 .text.get_item_by_index
                0x2001c0f0       0xdc ./src/sub-systemCode/Global/OnlineTM.o
                0x2001c0f0                get_item_by_index
 .text.get_pointer_item_by_index
                0x2001c1cc       0x48 ./src/sub-systemCode/Global/OnlineTM.o
                0x2001c1cc                get_pointer_item_by_index
 .text.init_onlineParam
                0x2001c214     0x2f70 ./src/sub-systemCode/Global/OnlineTM.o
                0x2001c214                init_onlineParam
 .text.reset_offline_TM_list
                0x2001f184      0x184 ./src/sub-systemCode/Global/OnlineTM.o
                0x2001f184                reset_offline_TM_list
 .text.get_online_packet
                0x2001f308      0x25c ./src/sub-systemCode/Global/OnlineTM.o
                0x2001f308                get_online_packet
 .text.save_onlineTM_param
                0x2001f564      0x1b4 ./src/sub-systemCode/Global/OnlineTM.o
                0x2001f564                save_onlineTM_param
 .text.add_onlineTM_param_to_save_list
                0x2001f718      0x3e4 ./src/sub-systemCode/Global/OnlineTM.o
                0x2001f718                add_onlineTM_param_to_save_list
 .text.delete_onlineTM_param_from_offline
                0x2001fafc      0x1a8 ./src/sub-systemCode/Global/OnlineTM.o
                0x2001fafc                delete_onlineTM_param_from_offline
 .text.save_onlineTM_logic
                0x2001fca4      0x2bc ./src/sub-systemCode/Global/OnlineTM.o
                0x2001fca4                save_onlineTM_logic
 .text.updateSD_state
                0x2001ff60      0x104 ./src/sub-systemCode/Global/OnlineTM.o
                0x2001ff60                updateSD_state
 .text.save_onlineTM_task
                0x20020064       0xdc ./src/sub-systemCode/Global/OnlineTM.o
                0x20020064                save_onlineTM_task
 .text.delete_allTMFilesFromSD
                0x20020140      0x14c ./src/sub-systemCode/Global/TLM_management.o
                0x20020140                delete_allTMFilesFromSD
 .text.getNumOfFilesInFS
                0x2002028c       0x44 ./src/sub-systemCode/Global/TLM_management.o
 .text.setNumOfFilesInFS
                0x200202d0       0x50 ./src/sub-systemCode/Global/TLM_management.o
 .text.printSem
                0x20020320       0x6c ./src/sub-systemCode/Global/TLM_management.o
                0x20020320                printSem
 .text.updateVectorSem
                0x2002038c      0x1c4 ./src/sub-systemCode/Global/TLM_management.o
                0x2002038c                updateVectorSem
 .text.f_managed_enterFS
                0x20020550       0xc0 ./src/sub-systemCode/Global/TLM_management.o
                0x20020550                f_managed_enterFS
 .text.f_managed_releaseFS
                0x20020610       0x60 ./src/sub-systemCode/Global/TLM_management.o
                0x20020610                f_managed_releaseFS
 .text.f_managed_open
                0x20020670       0xd8 ./src/sub-systemCode/Global/TLM_management.o
                0x20020670                f_managed_open
 .text.f_managed_close
                0x20020748       0x80 ./src/sub-systemCode/Global/TLM_management.o
                0x20020748                f_managed_close
 .text.createSemahores_FS
                0x200207c8       0x7c ./src/sub-systemCode/Global/TLM_management.o
                0x200207c8                createSemahores_FS
 .text.InitializeFS
                0x20020844      0x210 ./src/sub-systemCode/Global/TLM_management.o
                0x20020844                InitializeFS
 .text.c_fileCreate
                0x20020a54       0xf4 ./src/sub-systemCode/Global/TLM_management.o
                0x20020a54                c_fileCreate
 .text.writewithEpochtime
                0x20020b48       0x94 ./src/sub-systemCode/Global/TLM_management.o
 .text.get_C_FILE_struct
                0x20020bdc      0x104 ./src/sub-systemCode/Global/TLM_management.o
 .text.getFileIndex
                0x20020ce0       0x64 ./src/sub-systemCode/Global/TLM_management.o
 .text.get_file_name_by_index
                0x20020d44       0x54 ./src/sub-systemCode/Global/TLM_management.o
                0x20020d44                get_file_name_by_index
 .text.c_fileReset
                0x20020d98      0x140 ./src/sub-systemCode/Global/TLM_management.o
                0x20020d98                c_fileReset
 .text.c_fileWrite
                0x20020ed8      0x168 ./src/sub-systemCode/Global/TLM_management.o
                0x20020ed8                c_fileWrite
 .text.deleteElementsFromFile
                0x20021040      0x188 ./src/sub-systemCode/Global/TLM_management.o
 .text.c_fileDeleteElements
                0x200211c8      0x168 ./src/sub-systemCode/Global/TLM_management.o
                0x200211c8                c_fileDeleteElements
 .text.c_fileRead
                0x20021330      0x2f0 ./src/sub-systemCode/Global/TLM_management.o
                0x20021330                c_fileRead
 .text.DeInitializeFS
                0x20021620       0xe0 ./src/sub-systemCode/Global/TLM_management.o
                0x20021620                DeInitializeFS
 .text.xSemaphoreGive_extended
                0x20021700       0x48 ./src/sub-systemCode/Global/freertosExtended.o
                0x20021700                xSemaphoreGive_extended
 .text.xSemaphoreTake_extended
                0x20021748       0x54 ./src/sub-systemCode/Global/freertosExtended.o
                0x20021748                xSemaphoreTake_extended
 .text.WriteLog
                0x2002179c       0x94 ./src/sub-systemCode/Global/logger.o
 .text.WritePayloadLog
                0x20021830       0x50 ./src/sub-systemCode/Global/logger.o
                0x20021830                WritePayloadLog
 .text.WriteEpsLog
                0x20021880       0x4c ./src/sub-systemCode/Global/logger.o
                0x20021880                WriteEpsLog
 .text.WriteTransponderLog
                0x200218cc       0x50 ./src/sub-systemCode/Global/logger.o
                0x200218cc                WriteTransponderLog
 .text.reset_APRS_list
                0x2002191c       0xa4 ./src/sub-systemCode/COMM/APRS.o
                0x2002191c                reset_APRS_list
 .text.send_APRS_Dump
                0x200219c0      0x1c0 ./src/sub-systemCode/COMM/APRS.o
                0x200219c0                send_APRS_Dump
 .text.get_APRS_list
                0x20021b80       0x88 ./src/sub-systemCode/COMM/APRS.o
                0x20021b80                get_APRS_list
 .text.find_CMD_in_list
                0x20021c08       0x7c ./src/sub-systemCode/COMM/DelayedCommand_list.o
                0x20021c08                find_CMD_in_list
 .text.find_empty_in_list
                0x20021c84       0x74 ./src/sub-systemCode/COMM/DelayedCommand_list.o
                0x20021c84                find_empty_in_list
 .text.check_delayCommandTime
                0x20021cf8       0x8c ./src/sub-systemCode/COMM/DelayedCommand_list.o
                0x20021cf8                check_delayCommandTime
 .text.execute_delayedCommand
                0x20021d84       0x8c ./src/sub-systemCode/COMM/DelayedCommand_list.o
                0x20021d84                execute_delayedCommand
 .text.check_delaycommand
                0x20021e10      0x17c ./src/sub-systemCode/COMM/DelayedCommand_list.o
                0x20021e10                check_delaycommand
 .text.reset_delayCommand
                0x20021f8c       0x8c ./src/sub-systemCode/COMM/DelayedCommand_list.o
                0x20021f8c                reset_delayCommand
 .text.add_delayCommand
                0x20022018      0x1cc ./src/sub-systemCode/COMM/DelayedCommand_list.o
                0x20022018                add_delayCommand
 .text.get_delayCommand_list
                0x200221e4       0x80 ./src/sub-systemCode/COMM/DelayedCommand_list.o
                0x200221e4                get_delayCommand_list
 .text.EmptyOldestCommand
                0x20022264      0x108 ./src/sub-systemCode/COMM/DelayedCommand_list.o
                0x20022264                EmptyOldestCommand
 .text.decode_TCpacket
                0x2002236c      0x16c ./src/sub-systemCode/COMM/GSC.o
                0x2002236c                decode_TCpacket
 .text.encode_TCpacket
                0x200224d8      0x114 ./src/sub-systemCode/COMM/GSC.o
                0x200224d8                encode_TCpacket
 .text.encode_TMpacket
                0x200225ec      0x104 ./src/sub-systemCode/COMM/GSC.o
                0x200225ec                encode_TMpacket
 .text.build_raw_ACK
                0x200226f0       0xbc ./src/sub-systemCode/COMM/GSC.o
                0x200226f0                build_raw_ACK
 .text.build_data_field_ACK
                0x200227ac       0x74 ./src/sub-systemCode/COMM/GSC.o
                0x200227ac                build_data_field_ACK
 .text.update_FRAM_bitRate
                0x20022820       0xd0 ./src/sub-systemCode/COMM/TRXVU.o
                0x20022820                update_FRAM_bitRate
 .text.toggle_idle_state
                0x200228f0       0x94 ./src/sub-systemCode/COMM/TRXVU.o
                0x200228f0                toggle_idle_state
 .text.TRXVU_init_hardWare
                0x20022984       0xac ./src/sub-systemCode/COMM/TRXVU.o
                0x20022984                TRXVU_init_hardWare
 .text.TRXVU_init_softWare
                0x20022a30      0x100 ./src/sub-systemCode/COMM/TRXVU.o
                0x20022a30                TRXVU_init_softWare
 .text.init_trxvu
                0x20022b30       0x14 ./src/sub-systemCode/COMM/TRXVU.o
                0x20022b30                init_trxvu
 .text.TRXVU_task
                0x20022b44       0x9c ./src/sub-systemCode/COMM/TRXVU.o
                0x20022b44                TRXVU_task
 .text.dump_logic
                0x20022be0      0x378 ./src/sub-systemCode/COMM/TRXVU.o
                0x20022be0                dump_logic
 .text.Dump_task
                0x20022f58      0x1b0 ./src/sub-systemCode/COMM/TRXVU.o
                0x20022f58                Dump_task
 .text.transponder_logic
                0x20023108      0x110 ./src/sub-systemCode/COMM/TRXVU.o
                0x20023108                transponder_logic
 .text.Transponder_task
                0x20023218      0x218 ./src/sub-systemCode/COMM/TRXVU.o
                0x20023218                Transponder_task
 .text.lookForRequestToDelete_transponder
                0x20023430       0xb4 ./src/sub-systemCode/COMM/TRXVU.o
                0x20023430                lookForRequestToDelete_transponder
 .text.lookForRequestToDelete_dump
                0x200234e4       0x80 ./src/sub-systemCode/COMM/TRXVU.o
                0x200234e4                lookForRequestToDelete_dump
 .text.sendRequestToStop_dump
                0x20023564       0x8c ./src/sub-systemCode/COMM/TRXVU.o
                0x20023564                sendRequestToStop_dump
 .text.sendRequestToStop_transponder
                0x200235f0       0x8c ./src/sub-systemCode/COMM/TRXVU.o
                0x200235f0                sendRequestToStop_transponder
 .text.Rx_logic
                0x2002367c      0x190 ./src/sub-systemCode/COMM/TRXVU.o
                0x2002367c                Rx_logic
 .text.pass_above_Ground
                0x2002380c      0x104 ./src/sub-systemCode/COMM/TRXVU.o
                0x2002380c                pass_above_Ground
 .text.check_TRXVUState
                0x20023910       0xf0 ./src/sub-systemCode/COMM/TRXVU.o
                0x20023910                check_TRXVUState
 .text.trxvu_logic
                0x20023a00       0x20 ./src/sub-systemCode/COMM/TRXVU.o
                0x20023a00                trxvu_logic
 .text.Beacon_task
                0x20023a20      0x17c ./src/sub-systemCode/COMM/TRXVU.o
                0x20023a20                Beacon_task
 .text.buildAndSend_beacon
                0x20023b9c      0x5a0 ./src/sub-systemCode/COMM/TRXVU.o
                0x20023b9c                buildAndSend_beacon
 .text.reset_FRAM_TRXVU
                0x2002413c      0x160 ./src/sub-systemCode/COMM/TRXVU.o
                0x2002413c                reset_FRAM_TRXVU
 .text.TRX_sendFrame
                0x2002429c      0x1ac ./src/sub-systemCode/COMM/TRXVU.o
                0x2002429c                TRX_sendFrame
 .text.TRX_getFrameData
                0x20024448      0x10c ./src/sub-systemCode/COMM/TRXVU.o
                0x20024448                TRX_getFrameData
 .text.mute_Tx  0x20024554       0x20 ./src/sub-systemCode/COMM/TRXVU.o
                0x20024554                mute_Tx
 .text.unmute_Tx
                0x20024574       0x58 ./src/sub-systemCode/COMM/TRXVU.o
                0x20024574                unmute_Tx
 .text.check_time_off_mute
                0x200245cc       0x88 ./src/sub-systemCode/COMM/TRXVU.o
                0x200245cc                check_time_off_mute
 .text.set_mute_time
                0x20024654       0xb4 ./src/sub-systemCode/COMM/TRXVU.o
                0x20024654                set_mute_time
 .text.change_TRXVU_state
                0x20024708       0xe0 ./src/sub-systemCode/COMM/TRXVU.o
                0x20024708                change_TRXVU_state
 .text.change_trans_RSSI
                0x200247e8       0x60 ./src/sub-systemCode/COMM/TRXVU.o
                0x200247e8                change_trans_RSSI
 .text.AdcsReadI2cAck
                0x20024848       0xfc ./src/sub-systemCode/ADCS/AdcsCommands.o
                0x20024848                AdcsReadI2cAck
 .text.AdcsGenericI2cCmd
                0x20024944      0x198 ./src/sub-systemCode/ADCS/AdcsCommands.o
                0x20024944                AdcsGenericI2cCmd
 .text.SendAdcsTlm
                0x20024adc      0x14c ./src/sub-systemCode/ADCS/AdcsCommands.o
                0x20024adc                SendAdcsTlm
 .text.AdcsExecuteCommand
                0x20024c28     0x1e2c ./src/sub-systemCode/ADCS/AdcsCommands.o
                0x20024c28                AdcsExecuteCommand
 .text.cspaceADCS_getEstimatedAngles
                0x20026a54       0x98 ./src/sub-systemCode/ADCS/AdcsGetDataAndTlm.o
                0x20026a54                cspaceADCS_getEstimatedAngles
 .text.cspaceADCS_getEstimatedAnglesRates
                0x20026aec       0x98 ./src/sub-systemCode/ADCS/AdcsGetDataAndTlm.o
                0x20026aec                cspaceADCS_getEstimatedAnglesRates
 .text.cspaceADCS_getSatellitePosition
                0x20026b84       0x98 ./src/sub-systemCode/ADCS/AdcsGetDataAndTlm.o
                0x20026b84                cspaceADCS_getSatellitePosition
 .text.InitTlmElements
                0x20026c1c      0x238 ./src/sub-systemCode/ADCS/AdcsGetDataAndTlm.o
                0x20026c1c                InitTlmElements
 .text.CreateTlmElementFiles
                0x20026e54      0x178 ./src/sub-systemCode/ADCS/AdcsGetDataAndTlm.o
                0x20026e54                CreateTlmElementFiles
 .text.SaveElementTlmAtIndex
                0x20026fcc      0x4ec ./src/sub-systemCode/ADCS/AdcsGetDataAndTlm.o
                0x20026fcc                SaveElementTlmAtIndex
 .text.UpdateTlmElementAtIndex
                0x200274b8      0x150 ./src/sub-systemCode/ADCS/AdcsGetDataAndTlm.o
                0x200274b8                UpdateTlmElementAtIndex
 .text.UpdateTlmToSaveVector
                0x20027608       0xc8 ./src/sub-systemCode/ADCS/AdcsGetDataAndTlm.o
                0x20027608                UpdateTlmToSaveVector
 .text.UpdateTlmPeriodVector
                0x200276d0      0x120 ./src/sub-systemCode/ADCS/AdcsGetDataAndTlm.o
                0x200276d0                UpdateTlmPeriodVector
 .text.AdcsGetTlmOverrideFlag
                0x200277f0       0x5c ./src/sub-systemCode/ADCS/AdcsGetDataAndTlm.o
                0x200277f0                AdcsGetTlmOverrideFlag
 .text.AdcsSetTlmOverrideFlag
                0x2002784c       0x9c ./src/sub-systemCode/ADCS/AdcsGetDataAndTlm.o
                0x2002784c                AdcsSetTlmOverrideFlag
 .text.RestoreDefaultTlmElement
                0x200278e8      0x1ec ./src/sub-systemCode/ADCS/AdcsGetDataAndTlm.o
                0x200278e8                RestoreDefaultTlmElement
 .text.GetTlmElementAtIndex
                0x20027ad4       0x80 ./src/sub-systemCode/ADCS/AdcsGetDataAndTlm.o
                0x20027ad4                GetTlmElementAtIndex
 .text.GatherTlmAndData
                0x20027b54       0xec ./src/sub-systemCode/ADCS/AdcsGetDataAndTlm.o
                0x20027b54                GatherTlmAndData
 .text.UpdateAdcsFramParameters
                0x20027c40      0x124 ./src/sub-systemCode/ADCS/AdcsMain.o
                0x20027c40                UpdateAdcsFramParameters
 .text.AdcsInit
                0x20027d64      0x168 ./src/sub-systemCode/ADCS/AdcsMain.o
                0x20027d64                AdcsInit
 .text.AdcsTask
                0x20027ecc      0x110 ./src/sub-systemCode/ADCS/AdcsMain.o
                0x20027ecc                AdcsTask
 .text.AdcsTroubleShooting
                0x20027fdc       0x88 ./src/sub-systemCode/ADCS/AdcsTroubleShooting.o
                0x20027fdc                AdcsTroubleShooting
 .text.UpdateAdcsStateMachine
                0x20028064       0x1c ./src/sub-systemCode/ADCS/StateMachine.o
                0x20028064                UpdateAdcsStateMachine
 .text.save_time
                0x20028080       0x9c ./src/main.o
                0x20028080                save_time
 .text.Command_logic
                0x2002811c       0x6c ./src/main.o
                0x2002811c                Command_logic
 .text.taskMain
                0x20028188       0x6c ./src/main.o
                0x20028188                taskMain
 .text.main     0x200281f4       0xc4 ./src/main.o
                0x200281f4                main
 .text.GomEpsInitialize
                0x200282b8      0x148 C:/HOOPOE3/satellite-subsystems/demo/..//satellite-subsystems/lib\libSatelliteSubsystemsD.a(GomEPS.o)
                0x200282b8                GomEpsInitialize
 .text.makeEPStransfer
                0x20028400       0x3c C:/HOOPOE3/satellite-subsystems/demo/..//satellite-subsystems/lib\libSatelliteSubsystemsD.a(GomEPS.o)
 .text.GomEpsPing
                0x2002843c       0xf8 C:/HOOPOE3/satellite-subsystems/demo/..//satellite-subsystems/lib\libSatelliteSubsystemsD.a(GomEPS.o)
                0x2002843c                GomEpsPing
 .text.GomEpsSoftReset
                0x20028534       0xc4 C:/HOOPOE3/satellite-subsystems/demo/..//satellite-subsystems/lib\libSatelliteSubsystemsD.a(GomEPS.o)
                0x20028534                GomEpsSoftReset
 .text.GomEpsHardReset
                0x200285f8       0xa8 C:/HOOPOE3/satellite-subsystems/demo/..//satellite-subsystems/lib\libSatelliteSubsystemsD.a(GomEPS.o)
                0x200285f8                GomEpsHardReset
 .text.GomEpsGetHkData_param
                0x200286a0      0x29c C:/HOOPOE3/satellite-subsystems/demo/..//satellite-subsystems/lib\libSatelliteSubsystemsD.a(GomEPS.o)
                0x200286a0                GomEpsGetHkData_param
 .text.GomEpsGetHkData_general
                0x2002893c      0x45c C:/HOOPOE3/satellite-subsystems/demo/..//satellite-subsystems/lib\libSatelliteSubsystemsD.a(GomEPS.o)
                0x2002893c                GomEpsGetHkData_general
 .text.GomEpsGetHkData_vi
                0x20028d98      0x188 C:/HOOPOE3/satellite-subsystems/demo/..//satellite-subsystems/lib\libSatelliteSubsystemsD.a(GomEPS.o)
                0x20028d98                GomEpsGetHkData_vi
 .text.GomEpsGetHkData_out
                0x20028f20      0x21c C:/HOOPOE3/satellite-subsystems/demo/..//satellite-subsystems/lib\libSatelliteSubsystemsD.a(GomEPS.o)
                0x20028f20                GomEpsGetHkData_out
 .text.GomEpsGetHkData_wdt
                0x2002913c      0x2b4 C:/HOOPOE3/satellite-subsystems/demo/..//satellite-subsystems/lib\libSatelliteSubsystemsD.a(GomEPS.o)
                0x2002913c                GomEpsGetHkData_wdt
 .text.GomEpsGetHkData_basic
                0x200293f0      0x22c C:/HOOPOE3/satellite-subsystems/demo/..//satellite-subsystems/lib\libSatelliteSubsystemsD.a(GomEPS.o)
                0x200293f0                GomEpsGetHkData_basic
 .text.GomEpsSetOutput
                0x2002961c       0xbc C:/HOOPOE3/satellite-subsystems/demo/..//satellite-subsystems/lib\libSatelliteSubsystemsD.a(GomEPS.o)
                0x2002961c                GomEpsSetOutput
 .text.GomEpsResetWDT
                0x200296d8       0xc4 C:/HOOPOE3/satellite-subsystems/demo/..//satellite-subsystems/lib\libSatelliteSubsystemsD.a(GomEPS.o)
                0x200296d8                GomEpsResetWDT
 .text.GomEpsConfigGet
                0x2002979c      0x16c C:/HOOPOE3/satellite-subsystems/demo/..//satellite-subsystems/lib\libSatelliteSubsystemsD.a(GomEPS.o)
                0x2002979c                GomEpsConfigGet
 .text.GomEpsConfigSet
                0x20029908      0x184 C:/HOOPOE3/satellite-subsystems/demo/..//satellite-subsystems/lib\libSatelliteSubsystemsD.a(GomEPS.o)
                0x20029908                GomEpsConfigSet
 .text.GomEpsConfig2Get
                0x20029a8c      0x16c C:/HOOPOE3/satellite-subsystems/demo/..//satellite-subsystems/lib\libSatelliteSubsystemsD.a(GomEPS.o)
                0x20029a8c                GomEpsConfig2Get
 .text.makeAntStransfer
                0x20029bf8       0x4c C:/HOOPOE3/satellite-subsystems/demo/..//satellite-subsystems/lib\libSatelliteSubsystemsD.a(IsisAntS.o)
 .text.checkInputsValid
                0x20029c44       0x7c C:/HOOPOE3/satellite-subsystems/demo/..//satellite-subsystems/lib\libSatelliteSubsystemsD.a(IsisAntS.o)
 .text.IsisAntS_initialize
                0x20029cc0      0x26c C:/HOOPOE3/satellite-subsystems/demo/..//satellite-subsystems/lib\libSatelliteSubsystemsD.a(IsisAntS.o)
                0x20029cc0                IsisAntS_initialize
 .text.IsisAntS_setArmStatus
                0x20029f2c      0x104 C:/HOOPOE3/satellite-subsystems/demo/..//satellite-subsystems/lib\libSatelliteSubsystemsD.a(IsisAntS.o)
                0x20029f2c                IsisAntS_setArmStatus
 .text.IsisAntS_getStatusData
                0x2002a030      0x120 C:/HOOPOE3/satellite-subsystems/demo/..//satellite-subsystems/lib\libSatelliteSubsystemsD.a(IsisAntS.o)
                0x2002a030                IsisAntS_getStatusData
 .text.IsisAntS_getTemperature
                0x2002a150      0x120 C:/HOOPOE3/satellite-subsystems/demo/..//satellite-subsystems/lib\libSatelliteSubsystemsD.a(IsisAntS.o)
                0x2002a150                IsisAntS_getTemperature
 .text.IsisAntS_getAlltelemetry
                0x2002a270      0x120 C:/HOOPOE3/satellite-subsystems/demo/..//satellite-subsystems/lib\libSatelliteSubsystemsD.a(IsisAntS.o)
                0x2002a270                IsisAntS_getAlltelemetry
 .text.IsisAntS_reset
                0x2002a390      0x104 C:/HOOPOE3/satellite-subsystems/demo/..//satellite-subsystems/lib\libSatelliteSubsystemsD.a(IsisAntS.o)
                0x2002a390                IsisAntS_reset
 .text.IsisSolarPanelv2_initialize
                0x2002a494       0xb4 C:/HOOPOE3/satellite-subsystems/demo/..//satellite-subsystems/lib\libSatelliteSubsystemsD.a(IsisSolarPanelv2.o)
                0x2002a494                IsisSolarPanelv2_initialize
 .text.IsisSolarPanelv2_getTemperature
                0x2002a548       0xc8 C:/HOOPOE3/satellite-subsystems/demo/..//satellite-subsystems/lib\libSatelliteSubsystemsD.a(IsisSolarPanelv2.o)
                0x2002a548                IsisSolarPanelv2_getTemperature
 .text.IsisSolarPanelv2_sleep
                0x2002a610       0xbc C:/HOOPOE3/satellite-subsystems/demo/..//satellite-subsystems/lib\libSatelliteSubsystemsD.a(IsisSolarPanelv2.o)
                0x2002a610                IsisSolarPanelv2_sleep
 .text.IsisSolarPanelv2_wakeup
                0x2002a6cc       0x80 C:/HOOPOE3/satellite-subsystems/demo/..//satellite-subsystems/lib\libSatelliteSubsystemsD.a(IsisSolarPanelv2.o)
                0x2002a6cc                IsisSolarPanelv2_wakeup