Archive member included because of file (symbol)

c:/isis/application/toolchain/bin/../lib/gcc/arm-none-eabi/4.7.4/../../../../arm-none-eabi/lib\libc_s.a(lib_a-vfprintf_float.o)
                              (_printf_float)
c:/isis/application/toolchain/bin/../lib/gcc/arm-none-eabi/4.7.4/../../../../arm-none-eabi/lib\libc_s.a(lib_a-vfprintf_i.o)
                              c:/isis/application/toolchain/bin/../lib/gcc/arm-none-eabi/4.7.4/../../../../arm-none-eabi/lib\libc_s.a(lib_a-vfprintf_float.o) (_printf_common)
c:/isis/application/toolchain/bin/../lib/gcc/arm-none-eabi/4.7.4/../../../../arm-none-eabi/lib\libc_s.a(lib_a-vfscanf_float.o)
                              (_scanf_float)
c:/isis/application/toolchain/bin/../lib/gcc/arm-none-eabi/4.7.4/../../../../arm-none-eabi/lib\libc_s.a(lib_a-dtoa.o)
                              c:/isis/application/toolchain/bin/../lib/gcc/arm-none-eabi/4.7.4/../../../../arm-none-eabi/lib\libc_s.a(lib_a-vfprintf_float.o) (_dtoa_r)
c:/isis/application/toolchain/bin/../lib/gcc/arm-none-eabi/4.7.4/../../../../arm-none-eabi/lib\libc_s.a(lib_a-locale.o)
                              c:/isis/application/toolchain/bin/../lib/gcc/arm-none-eabi/4.7.4/../../../../arm-none-eabi/lib\libc_s.a(lib_a-vfprintf_float.o) (_localeconv_r)
c:/isis/application/toolchain/bin/../lib/gcc/arm-none-eabi/4.7.4/../../../../arm-none-eabi/lib\libc_s.a(lib_a-malloc.o)
                              c:/isis/application/toolchain/bin/../lib/gcc/arm-none-eabi/4.7.4/../../../../arm-none-eabi/lib\libc_s.a(lib_a-dtoa.o) (malloc)
c:/isis/application/toolchain/bin/../lib/gcc/arm-none-eabi/4.7.4/../../../../arm-none-eabi/lib\libc_s.a(lib_a-mallocr.o)
                              c:/isis/application/toolchain/bin/../lib/gcc/arm-none-eabi/4.7.4/../../../../arm-none-eabi/lib\libc_s.a(lib_a-malloc.o) (_malloc_r)
c:/isis/application/toolchain/bin/../lib/gcc/arm-none-eabi/4.7.4/../../../../arm-none-eabi/lib\libc_s.a(lib_a-memcpy.o)
                              c:/isis/application/toolchain/bin/../lib/gcc/arm-none-eabi/4.7.4/../../../../arm-none-eabi/lib\libc_s.a(lib_a-dtoa.o) (memcpy)
c:/isis/application/toolchain/bin/../lib/gcc/arm-none-eabi/4.7.4/../../../../arm-none-eabi/lib\libc_s.a(lib_a-mprec.o)
                              c:/isis/application/toolchain/bin/../lib/gcc/arm-none-eabi/4.7.4/../../../../arm-none-eabi/lib\libc_s.a(lib_a-dtoa.o) (_Balloc)
c:/isis/application/toolchain/bin/../lib/gcc/arm-none-eabi/4.7.4/../../../../arm-none-eabi/lib\libc_s.a(lib_a-s_fpclassify.o)
                              c:/isis/application/toolchain/bin/../lib/gcc/arm-none-eabi/4.7.4/../../../../arm-none-eabi/lib\libc_s.a(lib_a-vfprintf_float.o) (__fpclassifyd)
c:/isis/application/toolchain/bin/../lib/gcc/arm-none-eabi/4.7.4/../../../../arm-none-eabi/lib\libc_s.a(lib_a-sbrkr.o)
                              c:/isis/application/toolchain/bin/../lib/gcc/arm-none-eabi/4.7.4/../../../../arm-none-eabi/lib\libc_s.a(lib_a-mallocr.o) (_sbrk_r)
c:/isis/application/toolchain/bin/../lib/gcc/arm-none-eabi/4.7.4/../../../../arm-none-eabi/lib\libc_s.a(lib_a-sf_nan.o)
                              c:/isis/application/toolchain/bin/../lib/gcc/arm-none-eabi/4.7.4/../../../../arm-none-eabi/lib\libc_s.a(lib_a-vfscanf_float.o) (nanf)
c:/isis/application/toolchain/bin/../lib/gcc/arm-none-eabi/4.7.4/../../../../arm-none-eabi/lib\libc_s.a(lib_a-sprintf.o)
                              c:/isis/application/toolchain/bin/../lib/gcc/arm-none-eabi/4.7.4/../../../../arm-none-eabi/lib\libc_s.a(lib_a-vfscanf_float.o) (sprintf)
c:/isis/application/toolchain/bin/../lib/gcc/arm-none-eabi/4.7.4/../../../../arm-none-eabi/lib\libc_s.a(lib_a-strcmp.o)
                              c:/isis/application/toolchain/bin/../lib/gcc/arm-none-eabi/4.7.4/../../../../arm-none-eabi/lib\libc_s.a(lib_a-locale.o) (strcmp)
c:/isis/application/toolchain/bin/../lib/gcc/arm-none-eabi/4.7.4/../../../../arm-none-eabi/lib\libc_s.a(lib_a-strlen.o)
                              c:/isis/application/toolchain/bin/../lib/gcc/arm-none-eabi/4.7.4/../../../../arm-none-eabi/lib\libc_s.a(lib_a-vfprintf_float.o) (strlen)
c:/isis/application/toolchain/bin/../lib/gcc/arm-none-eabi/4.7.4/../../../../arm-none-eabi/lib\libc_s.a(lib_a-strtod.o)
                              c:/isis/application/toolchain/bin/../lib/gcc/arm-none-eabi/4.7.4/../../../../arm-none-eabi/lib\libc_s.a(lib_a-vfscanf_float.o) (_strtod_r)
c:/isis/application/toolchain/bin/../lib/gcc/arm-none-eabi/4.7.4/../../../../arm-none-eabi/lib\libc_s.a(lib_a-strtol.o)
                              c:/isis/application/toolchain/bin/../lib/gcc/arm-none-eabi/4.7.4/../../../../arm-none-eabi/lib\libc_s.a(lib_a-vfscanf_float.o) (_strtol_r)
c:/isis/application/toolchain/bin/../lib/gcc/arm-none-eabi/4.7.4/../../../../arm-none-eabi/lib\libc_s.a(lib_a-svfprintf.o)
                              c:/isis/application/toolchain/bin/../lib/gcc/arm-none-eabi/4.7.4/../../../../arm-none-eabi/lib\libc_s.a(lib_a-sprintf.o) (_svfprintf_r)
[...]
Memory Configuration

Name             Origin             Length             Attributes
sram0            0x00200000         0x00004000         w !xr
sram1            0x00300000         0x00004000         w !xr
sdram            0x20000000         0x02000000         w !xr
*default*        0x00000000         0xffffffff

Linker script and memory map

LOAD c:/isis/application/toolchain/bin/../lib/gcc/arm-none-eabi/4.7.4/../../../../arm-none-eabi/lib\libc_s.a
LOAD ./src/sub-systemCode/payload/jpeg/bmp/rawToBMP.o
LOAD ./src/sub-systemCode/payload/jpeg/DCT.o
LOAD ./src/sub-systemCode/payload/jpeg/ImgCompressor.o
LOAD ./src/sub-systemCode/payload/jpeg/color_conv.o
LOAD ./src/sub-systemCode/payload/jpeg/jpeg.o
LOAD ./src/sub-systemCode/payload/jpeg/jpeg_encoder.o
LOAD ./src/sub-systemCode/payload/jpeg/jpeg_memory_alloc.o
LOAD ./src/sub-systemCode/payload/jpeg/jpeg_params.o
LOAD ./src/sub-systemCode/payload/jpeg/output_stream.o
LOAD ./src/sub-systemCode/payload/Boolean_bit.o
LOAD ./src/sub-systemCode/payload/Butchering.o
LOAD ./src/sub-systemCode/payload/CameraManager.o
LOAD ./src/sub-systemCode/payload/DB_RequestHandling.o
LOAD ./src/sub-systemCode/payload/DataBase.o
LOAD ./src/sub-systemCode/payload/FRAM_DataStructure.o
LOAD ./src/sub-systemCode/payload/FRAM_Extended.o
LOAD ./src/sub-systemCode/payload/GeckoCameraDriver.o
LOAD ./src/sub-systemCode/payload/ImageConversion.o
LOAD ./src/sub-systemCode/Main/CMD/COMM_CMD.o
LOAD ./src/sub-systemCode/Main/CMD/EPS_CMD.o
LOAD ./src/sub-systemCode/Main/CMD/General_CMD.o
LOAD ./src/sub-systemCode/Main/CMD/SW_CMD.o
LOAD ./src/sub-systemCode/Main/CMD/payload_CMD.o
LOAD ./src/sub-systemCode/Main/CMD/test_CMD.o
LOAD ./src/sub-systemCode/Main/Ants.o
LOAD ./src/sub-systemCode/Main/EPS.o
LOAD ./src/sub-systemCode/Main/HouseKeeping.o
LOAD ./src/sub-systemCode/Main/Main_Init.o
LOAD ./src/sub-systemCode/Main/commands.o
LOAD ./src/sub-systemCode/Global/Global.o
LOAD ./src/sub-systemCode/Global/GlobalParam.o
LOAD ./src/sub-systemCode/Global/TM_managment.o
LOAD ./src/sub-systemCode/COMM/APRS.o
LOAD ./src/sub-systemCode/COMM/DelayedCommand_list.o
LOAD ./src/sub-systemCode/COMM/GSC.o
LOAD ./src/sub-systemCode/COMM/TRXVU.o
LOAD ./src/sub-systemCode/COMM/imageDump.o
LOAD ./src/sub-systemCode/ADCS/ADCS.o
LOAD ./src/sub-systemCode/ADCS/Stage_Table.o
LOAD ./src/main.o
LOAD C:/ISIS/workspace/HOOPOE3/satellite-subsystems/demo/..//satellite-subsystems/lib\libSatelliteSubsystemsD.a
LOAD c:/isis/application/toolchain/bin/../lib/gcc/arm-none-eabi/4.7.4/../../../../arm-none-eabi/lib\libm.a
LOAD C:/ISIS/workspace/HOOPOE3/satellite-subsystems/demo/../..//hal/hcc/lib\libHCCD.a
LOAD C:/ISIS/workspace/HOOPOE3/satellite-subsystems/demo/../..//hal/hal/lib\libHALD.a
LOAD C:/ISIS/workspace/HOOPOE3/satellite-subsystems/demo/../..//hal/freertos/lib\libFreeRTOSD.a
LOAD C:/ISIS/workspace/HOOPOE3/satellite-subsystems/demo/../..//hal/at91/lib\libAt91D.a
START GROUP
LOAD c:/isis/application/toolchain/bin/../lib/gcc/arm-none-eabi/4.7.4\libgcc.a
LOAD c:/isis/application/toolchain/bin/../lib/gcc/arm-none-eabi/4.7.4/../../../../arm-none-eabi/lib\libc_s.a
END GROUP

.fixed          0x20000000    0x4b00c
                0x20000000                . = ALIGN (0x4)
                0x20000000                _sfixed = .
 *(.startup)
 .startup       0x20000000      0x134 C:/ISIS/workspace/HOOPOE3/satellite-subsystems/demo/../..//hal/at91/lib\libAt91D.a(board_cstartup.o)
                0x20000000                entry
 *(.text)
 .text          0x20000134       0x64 C:/ISIS/workspace/HOOPOE3/satellite-subsystems/demo/../..//hal/at91/lib\libAt91D.a(cp15_asm.o)
                0x20000134                _readControlRegister
                0x20000140                _writeControlRegister
                0x20000148                _waitForInterrupt
                0x20000154                _writeTTB
                0x2000015c                _writeDomain
                0x20000164                _writeITLBLockdown
                0x2000016c                _prefetchICacheLine
                0x20000174                _flushDCache
                0x20000180                _flushWriteBuffer
                0x2000018c                _invalidateIDTLBs
 .text          0x20000198      0x114 c:/isis/application/toolchain/bin/../lib/gcc/arm-none-eabi/4.7.4\libgcc.a(_udivsi3.o)
                0x20000198                __aeabi_uidiv
                0x20000198                __udivsi3
                0x2000028c                __aeabi_uidivmod
 .text          0x200002ac      0x148 c:/isis/application/toolchain/bin/../lib/gcc/arm-none-eabi/4.7.4\libgcc.a(_divsi3.o)
                0x200002ac                __divsi3
                0x200002ac                __aeabi_idiv
                0x200003d4                __aeabi_idivmod
 .text          0x200003f4        0x4 c:/isis/application/toolchain/bin/../lib/gcc/arm-none-eabi/4.7.4\libgcc.a(_dvmd_tls.o)
                0x200003f4                __aeabi_idiv0
                0x200003f4                __aeabi_ldiv0
 .text          0x200003f8      0x41c c:/isis/application/toolchain/bin/../lib/gcc/arm-none-eabi/4.7.4\libgcc.a(_arm_addsubdf3.o)
                0x200003f8                __aeabi_drsub
                0x20000400                __aeabi_dsub
                0x20000400                __subdf3
                0x20000404                __aeabi_dadd
                0x20000404                __adddf3
                0x20000714                __floatunsidf
                0x20000714                __aeabi_ui2d
                0x20000738                __floatsidf
                0x20000738                __aeabi_i2d
                0x20000760                __aeabi_f2d
                0x20000760                __extendsfdf2
                0x200007a0                __floatundidf
                0x200007a0                __aeabi_ul2d
                0x200007b4                __floatdidf
                0x200007b4                __aeabi_l2d
 .text          0x20000814      0x49c c:/isis/application/toolchain/bin/../lib/gcc/arm-none-eabi/4.7.4\libgcc.a(_arm_muldivdf3.o)
                0x20000814                __aeabi_dmul
                0x20000814                __muldf3
                0x20000aa4                __divdf3
                0x20000aa4                __aeabi_ddiv
 .text          0x20000cb0      0x144 c:/isis/application/toolchain/bin/../lib/gcc/arm-none-eabi/4.7.4\libgcc.a(_arm_cmpdf2.o)
                0x20000cb0                __gtdf2
                0x20000cb0                __gedf2
                0x20000cb8                __ltdf2
                0x20000cb8                __ledf2
                0x20000cc0                __nedf2
                0x20000cc0                __eqdf2
                0x20000cc0                __cmpdf2
                0x20000d48                __aeabi_cdrcmple
                0x20000d64                __aeabi_cdcmpeq
                0x20000d64                __aeabi_cdcmple
                0x20000d7c                __aeabi_dcmpeq
                0x20000d94                __aeabi_dcmplt
                0x20000dac                __aeabi_dcmple
                0x20000dc4                __aeabi_dcmpge
                0x20000ddc                __aeabi_dcmpgt
 .text          0x20000df4       0x5c c:/isis/application/toolchain/bin/../lib/gcc/arm-none-eabi/4.7.4\libgcc.a(_arm_fixdfsi.o)
                0x20000df4                __aeabi_d2iz
                0x20000df4                __fixdfsi
 .text          0x20000e50       0x54 c:/isis/application/toolchain/bin/../lib/gcc/arm-none-eabi/4.7.4\libgcc.a(_arm_fixunsdfsi.o)
                0x20000e50                __aeabi_d2uiz
                0x20000e50                __fixunsdfsi
 .text          0x20000ea4       0xa0 c:/isis/application/toolchain/bin/../lib/gcc/arm-none-eabi/4.7.4\libgcc.a(_arm_truncdfsf2.o)
                0x20000ea4                __truncdfsf2
                0x20000ea4                __aeabi_d2f
 .text          0x20000f44      0x2ac c:/isis/application/toolchain/bin/../lib/gcc/arm-none-eabi/4.7.4\libgcc.a(_arm_addsubsf3.o)
                0x20000f44                __aeabi_frsub
                0x20000f4c                __subsf3
                0x20000f4c                __aeabi_fsub
                0x20000f50                __aeabi_fadd
                0x20000f50                __addsf3
                0x2000110c                __aeabi_ui2f
                0x2000110c                __floatunsisf
                0x20001114                __aeabi_i2f
                0x20001114                __floatsisf
                0x20001134                __aeabi_ul2f
                0x20001134                __floatundisf
                0x20001144                __aeabi_l2f
                0x20001144                __floatdisf
 .text          0x200011f0      0x2f8 c:/isis/application/toolchain/bin/../lib/gcc/arm-none-eabi/4.7.4\libgcc.a(_arm_muldivsf3.o)
                0x200011f0                __mulsf3
                0x200011f0                __aeabi_fmul
                0x20001388                __aeabi_fdiv
                0x20001388                __divsf3
 .text          0x200014e8       0x54 c:/isis/application/toolchain/bin/../lib/gcc/arm-none-eabi/4.7.4\libgcc.a(_arm_fixunssfsi.o)
                0x200014e8                __fixunssfsi
                0x200014e8                __aeabi_f2uiz
 *(.text*)
 .text.__cvt    0x2000153c      0x138 c:/isis/application/toolchain/bin/../lib/gcc/arm-none-eabi/4.7.4/../../../../arm-none-eabi/lib\libc_s.a(lib_a-vfprintf_float.o)
                0x2000153c                __cvt
 .text.__exponent
                0x20001674       0xa8 c:/isis/application/toolchain/bin/../lib/gcc/arm-none-eabi/4.7.4/../../../../arm-none-eabi/lib\libc_s.a(lib_a-vfprintf_float.o)
                0x20001674                __exponent
 .text._printf_float
                0x2000171c      0x7dc c:/isis/application/toolchain/bin/../lib/gcc/arm-none-eabi/4.7.4/../../../../arm-none-eabi/lib\libc_s.a(lib_a-vfprintf_float.o)
                0x2000171c                _printf_float
 .text._printf_common
                0x20001ef8      0x174 c:/isis/application/toolchain/bin/../lib/gcc/arm-none-eabi/4.7.4/../../../../arm-none-eabi/lib\libc_s.a(lib_a-vfprintf_i.o)
                0x20001ef8                _printf_common
 .text._printf_i
                0x2000206c      0x3c4 c:/isis/application/toolchain/bin/../lib/gcc/arm-none-eabi/4.7.4/../../../../arm-none-eabi/lib\libc_s.a(lib_a-vfprintf_i.o)
                0x2000206c                _printf_i
 .text._scanf_float
                0x20002430      0x5f4 c:/isis/application/toolchain/bin/../lib/gcc/arm-none-eabi/4.7.4/../../../../arm-none-eabi/lib\libc_s.a(lib_a-vfscanf_float.o)
                0x20002430                _scanf_float
 .text.quorem   0x20002a24      0x1ac c:/isis/application/toolchain/bin/../lib/gcc/arm-none-eabi/4.7.4/../../../../arm-none-eabi/lib\libc_s.a(lib_a-dtoa.o)
 .text._dtoa_r  0x20002bd0     0x1268 c:/isis/application/toolchain/bin/../lib/gcc/arm-none-eabi/4.7.4/../../../../arm-none-eabi/lib\libc_s.a(lib_a-dtoa.o)
                0x20002bd0                _dtoa_r
 .text._localeconv_r
                0x20003e38        0xc c:/isis/application/toolchain/bin/../lib/gcc/arm-none-eabi/4.7.4/../../../../arm-none-eabi/lib\libc_s.a(lib_a-locale.o)
                0x20003e38                _localeconv_r
 .text.malloc   0x20003e44       0x20 c:/isis/application/toolchain/bin/../lib/gcc/arm-none-eabi/4.7.4/../../../../arm-none-eabi/lib\libc_s.a(lib_a-malloc.o)
                0x20003e44                malloc
 .text.free     0x20003e64       0x20 c:/isis/application/toolchain/bin/../lib/gcc/arm-none-eabi/4.7.4/../../../../arm-none-eabi/lib\libc_s.a(lib_a-malloc.o)
                0x20003e64                free
 .text._malloc_r
                0x20003e84       0xfc c:/isis/application/toolchain/bin/../lib/gcc/arm-none-eabi/4.7.4/../../../../arm-none-eabi/lib\libc_s.a(lib_a-mallocr.o)
                0x20003e84                _malloc_r
 .text.memcpy   0x20003f80       0x20 c:/isis/application/toolchain/bin/../lib/gcc/arm-none-eabi/4.7.4/../../../../arm-none-eabi/lib\libc_s.a(lib_a-memcpy.o)
                0x20003f80                memcpy
 .text._Balloc  0x20003fa0       0xcc c:/isis/application/toolchain/bin/../lib/gcc/arm-none-eabi/4.7.4/../../../../arm-none-eabi/lib\libc_s.a(lib_a-mprec.o)
                0x20003fa0                _Balloc
 .text._Bfree   0x2000406c       0x5c c:/isis/application/toolchain/bin/../lib/gcc/arm-none-eabi/4.7.4/../../../../arm-none-eabi/lib\libc_s.a(lib_a-mprec.o)
                0x2000406c                _Bfree
 .text.__multadd
                0x200040c8       0xbc c:/isis/application/toolchain/bin/../lib/gcc/arm-none-eabi/4.7.4/../../../../arm-none-eabi/lib\libc_s.a(lib_a-mprec.o)
                0x200040c8                __multadd
 .text.__s2b    0x20004184       0xd8 c:/isis/application/toolchain/bin/../lib/gcc/arm-none-eabi/4.7.4/../../../../arm-none-eabi/lib\libc_s.a(lib_a-mprec.o)
                0x20004184                __s2b
 .text.__hi0bits
                0x2000425c       0x58 c:/isis/application/toolchain/bin/../lib/gcc/arm-none-eabi/4.7.4/../../../../arm-none-eabi/lib\libc_s.a(lib_a-mprec.o)
                0x2000425c                __hi0bits
 .text.__lo0bits
                0x200042b4       0x94 c:/isis/application/toolchain/bin/../lib/gcc/arm-none-eabi/4.7.4/../../../../arm-none-eabi/lib\libc_s.a(lib_a-mprec.o)
                0x200042b4                __lo0bits
 .text.__i2b    0x20004348       0x24 c:/isis/application/toolchain/bin/../lib/gcc/arm-none-eabi/4.7.4/../../../../arm-none-eabi/lib\libc_s.a(lib_a-mprec.o)
                0x20004348                __i2b
 .text.__multiply
                0x2000436c      0x1ac c:/isis/application/toolchain/bin/../lib/gcc/arm-none-eabi/4.7.4/../../../../arm-none-eabi/lib\libc_s.a(lib_a-mprec.o)
                0x2000436c                __multiply
 .text.__pow5mult
                0x20004518      0x10c c:/isis/application/toolchain/bin/../lib/gcc/arm-none-eabi/4.7.4/../../../../arm-none-eabi/lib\libc_s.a(lib_a-mprec.o)
                0x20004518                __pow5mult
 .text.__lshift
                0x20004624       0xf0 c:/isis/application/toolchain/bin/../lib/gcc/arm-none-eabi/4.7.4/../../../../arm-none-eabi/lib\libc_s.a(lib_a-mprec.o)
                0x20004624                __lshift
 .text.__mcmp   0x20004714       0x60 c:/isis/application/toolchain/bin/../lib/gcc/arm-none-eabi/4.7.4/../../../../arm-none-eabi/lib\libc_s.a(lib_a-mprec.o)
                0x20004714                __mcmp
 .text.__mdiff  0x20004774      0x128 c:/isis/application/toolchain/bin/../lib/gcc/arm-none-eabi/4.7.4/../../../../arm-none-eabi/lib\libc_s.a(lib_a-mprec.o)
                0x20004774                __mdiff
 .text.__ulp    0x2000489c       0x5c c:/isis/application/toolchain/bin/../lib/gcc/arm-none-eabi/4.7.4/../../../../arm-none-eabi/lib\libc_s.a(lib_a-mprec.o)
                0x2000489c                __ulp
 .text.__b2d    0x200048f8       0xc8 c:/isis/application/toolchain/bin/../lib/gcc/arm-none-eabi/4.7.4/../../../../arm-none-eabi/lib\libc_s.a(lib_a-mprec.o)
                0x200048f8                __b2d
 .text.__d2b    0x200049c0       0xfc c:/isis/application/toolchain/bin/../lib/gcc/arm-none-eabi/4.7.4/../../../../arm-none-eabi/lib\libc_s.a(lib_a-mprec.o)
                0x200049c0                __d2b
 .text.__ratio  0x20004abc       0x70 c:/isis/application/toolchain/bin/../lib/gcc/arm-none-eabi/4.7.4/../../../../arm-none-eabi/lib\libc_s.a(lib_a-mprec.o)
                0x20004abc                __ratio
 .text.__copybits
                0x20004b2c       0x4c c:/isis/application/toolchain/bin/../lib/gcc/arm-none-eabi/4.7.4/../../../../arm-none-eabi/lib\libc_s.a(lib_a-mprec.o)
                0x20004b2c                __copybits
 .text.__any_on
                0x20004b78       0x7c c:/isis/application/toolchain/bin/../lib/gcc/arm-none-eabi/4.7.4/../../../../arm-none-eabi/lib\libc_s.a(lib_a-mprec.o)
                0x20004b78                __any_on
 .text.__fpclassifyd
                0x20004bf4       0x6c c:/isis/application/toolchain/bin/../lib/gcc/arm-none-eabi/4.7.4/../../../../arm-none-eabi/lib\libc_s.a(lib_a-s_fpclassify.o)
                0x20004bf4                __fpclassifyd
 .text._sbrk_r  0x20004c60       0x3c c:/isis/application/toolchain/bin/../lib/gcc/arm-none-eabi/4.7.4/../../../../arm-none-eabi/lib\libc_s.a(lib_a-sbrkr.o)
                0x20004c60                _sbrk_r
 .text.nanf     0x20004c9c        0xc c:/isis/application/toolchain/bin/../lib/gcc/arm-none-eabi/4.7.4/../../../../arm-none-eabi/lib\libc_s.a(lib_a-sf_nan.o)
                0x20004c9c                nanf
 .text.sprintf  0x20004ca8       0x6c c:/isis/application/toolchain/bin/../lib/gcc/arm-none-eabi/4.7.4/../../../../arm-none-eabi/lib\libc_s.a(lib_a-sprintf.o)
                0x20004ca8                siprintf
                0x20004ca8                sprintf
 .text.strcmp   0x20004d14       0x1c c:/isis/application/toolchain/bin/../lib/gcc/arm-none-eabi/4.7.4/../../../../arm-none-eabi/lib\libc_s.a(lib_a-strcmp.o)
                0x20004d14                strcmp
 .text.strlen   0x20004d30       0x1c c:/isis/application/toolchain/bin/../lib/gcc/arm-none-eabi/4.7.4/../../../../arm-none-eabi/lib\libc_s.a(lib_a-strlen.o)
                0x20004d30                strlen
 .text.match    0x20004d4c       0x54 c:/isis/application/toolchain/bin/../lib/gcc/arm-none-eabi/4.7.4/../../../../arm-none-eabi/lib\libc_s.a(lib_a-strtod.o)
 .text._strtod_r
                0x20004da0     0x1168 c:/isis/application/toolchain/bin/../lib/gcc/arm-none-eabi/4.7.4/../../../../arm-none-eabi/lib\libc_s.a(lib_a-strtod.o)
                0x20004da0                _strtod_r
 .text._strtol_r
                0x20005f08      0x1b8 c:/isis/application/toolchain/bin/../lib/gcc/arm-none-eabi/4.7.4/../../../../arm-none-eabi/lib\libc_s.a(lib_a-strtol.o)
                0x20005f08                _strtol_r
 .text.__ssputc_r
                0x200060c0      0x10c c:/isis/application/toolchain/bin/../lib/gcc/arm-none-eabi/4.7.4/../../../../arm-none-eabi/lib\libc_s.a(lib_a-svfprintf.o)
                0x200060c0                __ssputc_r
 .text._svfprintf_r
                0x200061cc      0x328 c:/isis/application/toolchain/bin/../lib/gcc/arm-none-eabi/4.7.4/../../../../arm-none-eabi/lib\libc_s.a(lib_a-svfprintf.o)
                0x200061cc                _svfiprintf_r
                0x200061cc                _svfprintf_r
 .text._calloc_r
                0x200064f4       0x2c c:/isis/application/toolchain/bin/../lib/gcc/arm-none-eabi/4.7.4/../../../../arm-none-eabi/lib\libc_s.a(lib_a-callocr.o)
                0x200064f4                _calloc_r
 .text._free_r  0x20006520      0x108 c:/isis/application/toolchain/bin/../lib/gcc/arm-none-eabi/4.7.4/../../../../arm-none-eabi/lib\libc_s.a(lib_a-freer.o)
                0x20006520                _free_r
 .text.rshift   0x20006628       0xb0 c:/isis/application/toolchain/bin/../lib/gcc/arm-none-eabi/4.7.4/../../../../arm-none-eabi/lib\libc_s.a(lib_a-gdtoa-gethex.o)
 .text.htinit.constprop.0
                0x200066d8       0x34 c:/isis/application/toolchain/bin/../lib/gcc/arm-none-eabi/4.7.4/../../../../arm-none-eabi/lib\libc_s.a(lib_a-gdtoa-gethex.o)
 .text.__hexdig_init
                0x2000670c       0x38 c:/isis/application/toolchain/bin/../lib/gcc/arm-none-eabi/4.7.4/../../../../arm-none-eabi/lib\libc_s.a(lib_a-gdtoa-gethex.o)
                0x2000670c                __hexdig_init
 .text.__gethex
                0x20006744      0x6cc c:/isis/application/toolchain/bin/../lib/gcc/arm-none-eabi/4.7.4/../../../../arm-none-eabi/lib\libc_s.a(lib_a-gdtoa-gethex.o)
                0x20006744                __gethex
 .text.L_shift  0x20006e10       0x38 c:/isis/application/toolchain/bin/../lib/gcc/arm-none-eabi/4.7.4/../../../../arm-none-eabi/lib\libc_s.a(lib_a-gdtoa-hexnan.o)
 .text.__hexnan
                0x20006e48      0x1d8 c:/isis/application/toolchain/bin/../lib/gcc/arm-none-eabi/4.7.4/../../../../arm-none-eabi/lib\libc_s.a(lib_a-gdtoa-hexnan.o)
                0x20006e48                __hexnan
 .text.memchr   0x20007020       0x34 c:/isis/application/toolchain/bin/../lib/gcc/arm-none-eabi/4.7.4/../../../../arm-none-eabi/lib\libc_s.a(lib_a-memchr.o)
                0x20007020                memchr
 .text.memset   0x20007054       0x1c c:/isis/application/toolchain/bin/../lib/gcc/arm-none-eabi/4.7.4/../../../../arm-none-eabi/lib\libc_s.a(lib_a-memset.o)
                0x20007054                memset
 .text._realloc_r
                0x20007070       0x80 c:/isis/application/toolchain/bin/../lib/gcc/arm-none-eabi/4.7.4/../../../../arm-none-eabi/lib\libc_s.a(lib_a-reallocr.o)
                0x20007070                _realloc_r
 .text.strncmp  0x200070f0       0x64 c:/isis/application/toolchain/bin/../lib/gcc/arm-none-eabi/4.7.4/../../../../arm-none-eabi/lib\libc_s.a(lib_a-strncmp.o)
                0x200070f0                strncmp
 .text._malloc_usable_size_r
                0x20007154       0x1c c:/isis/application/toolchain/bin/../lib/gcc/arm-none-eabi/4.7.4/../../../../arm-none-eabi/lib\libc_s.a(lib_a-msizer.o)
                0x20007154                _malloc_usable_size_r
 .text.TransformRawToBMP
                0x20007170      0x190 ./src/sub-systemCode/payload/jpeg/bmp/rawToBMP.o
                0x20007170                TransformRawToBMP
 .text.interpolate
                0x20007300      0x8d0 ./src/sub-systemCode/payload/jpeg/bmp/rawToBMP.o
                0x20007300                interpolate
 .text.getInputAt
                0x20007bd0      0x308 ./src/sub-systemCode/payload/jpeg/bmp/rawToBMP.o
                0x20007bd0                getInputAt
 .text.f_writeF_FILEHeader
                0x20007ed8      0x2f0 ./src/sub-systemCode/payload/jpeg/bmp/rawToBMP.o
                0x20007ed8                f_writeF_FILEHeader
 .text.f_writeOutputRow
                0x200081c8       0xbc ./src/sub-systemCode/payload/jpeg/bmp/rawToBMP.o
                0x200081c8                f_writeOutputRow
 .text.dct      0x20008284      0x9c4 ./src/sub-systemCode/payload/jpeg/DCT.o
                0x20008284                dct
 .text.CompressImage
                0x20008c48      0x270 ./src/sub-systemCode/payload/jpeg/ImgCompressor.o
                0x20008c48                CompressImage
 .text.clamp    0x20008eb8       0x60 ./src/sub-systemCode/payload/jpeg/color_conv.o
                0x20008eb8                clamp
 .text.RGB_to_YCC
                0x20008f18      0x1a8 ./src/sub-systemCode/payload/jpeg/color_conv.o
                0x20008f18                RGB_to_YCC
 .text.RGB_to_Y
                0x200090c0       0xc4 ./src/sub-systemCode/payload/jpeg/color_conv.o
                0x200090c0                RGB_to_Y
 .text.Y_to_YCC
                0x20009184       0x88 ./src/sub-systemCode/payload/jpeg/color_conv.o
                0x20009184                Y_to_YCC
 .text.compress_image_to_jpeg_file
                0x2000920c      0x184 ./src/sub-systemCode/payload/jpeg/jpeg.o
                0x2000920c                compress_image_to_jpeg_file
 .text.emit_marker
                0x20009390       0xc8 ./src/sub-systemCode/payload/jpeg/jpeg_encoder.o
                0x20009390                emit_marker
 .text.emit_byte
                0x20009458       0x6c ./src/sub-systemCode/payload/jpeg/jpeg_encoder.o
                0x20009458                emit_byte
 .text.emit_word
                0x200094c4       0xd0 ./src/sub-systemCode/payload/jpeg/jpeg_encoder.o
                0x200094c4                emit_word
 .text.emit_jfif_app0
                0x20009594       0xc0 ./src/sub-systemCode/payload/jpeg/jpeg_encoder.o
                0x20009594                emit_jfif_app0
 .text.emit_dqt
                0x20009654       0xd8 ./src/sub-systemCode/payload/jpeg/jpeg_encoder.o
                0x20009654                emit_dqt
 .text.emit_sof
                0x2000972c      0x14c ./src/sub-systemCode/payload/jpeg/jpeg_encoder.o
                0x2000972c                emit_sof
 .text.emit_dht
                0x20009878      0x138 ./src/sub-systemCode/payload/jpeg/jpeg_encoder.o
                0x20009878                emit_dht
 .text.emit_dhts
                0x200099b0       0xd8 ./src/sub-systemCode/payload/jpeg/jpeg_encoder.o
                0x200099b0                emit_dhts
 .text.emit_sos
                0x20009a88       0xec ./src/sub-systemCode/payload/jpeg/jpeg_encoder.o
                0x20009a88                emit_sos
 .text.emit_markers
                0x20009b74       0x4c ./src/sub-systemCode/payload/jpeg/jpeg_encoder.o
                0x20009b74                emit_markers
 .text.compute_huffman_table
                0x20009bc0      0x334 ./src/sub-systemCode/payload/jpeg/jpeg_encoder.o
                0x20009bc0                compute_huffman_table
 .text.compute_quant_table
                0x20009ef4      0x11c ./src/sub-systemCode/payload/jpeg/jpeg_encoder.o
                0x20009ef4                compute_quant_table
 .text.first_pass_init
                0x2000a010       0x54 ./src/sub-systemCode/payload/jpeg/jpeg_encoder.o
                0x2000a010                first_pass_init
 .text.second_pass_init
                0x2000a064      0x110 ./src/sub-systemCode/payload/jpeg/jpeg_encoder.o
                0x2000a064                second_pass_init
 .text.jpg_open
                0x2000a174      0x7b4 ./src/sub-systemCode/payload/jpeg/jpeg_encoder.o
                0x2000a174                jpg_open
 .text.load_block_8_8_grey
                0x2000a928      0x164 ./src/sub-systemCode/payload/jpeg/jpeg_encoder.o
                0x2000a928                load_block_8_8_grey
 .text.load_block_8_8
                0x2000aa8c      0x198 ./src/sub-systemCode/payload/jpeg/jpeg_encoder.o
                0x2000aa8c                load_block_8_8
 .text.load_block_16_8
                0x2000ac24      0x3cc ./src/sub-systemCode/payload/jpeg/jpeg_encoder.o
                0x2000ac24                load_block_16_8
 .text.load_block_16_8_8
                0x2000aff0      0x2a8 ./src/sub-systemCode/payload/jpeg/jpeg_encoder.o
                0x2000aff0                load_block_16_8_8
 .text.load_coefficients
                0x2000b298      0x1c8 ./src/sub-systemCode/payload/jpeg/jpeg_encoder.o
                0x2000b298                load_coefficients
 .text.flush_output_buffer
                0x2000b460       0xa0 ./src/sub-systemCode/payload/jpeg/jpeg_encoder.o
                0x2000b460                flush_output_buffer
 .text.put_bits
                0x2000b500      0x170 ./src/sub-systemCode/payload/jpeg/jpeg_encoder.o
                0x2000b500                put_bits
 .text.code_coefficients_pass_two
                0x2000b670      0x338 ./src/sub-systemCode/payload/jpeg/jpeg_encoder.o
                0x2000b670                code_coefficients_pass_two
 .text.code_block
                0x2000b9a8       0x44 ./src/sub-systemCode/payload/jpeg/jpeg_encoder.o
                0x2000b9a8                code_block
 .text.process_mcu_row
                0x2000b9ec      0x328 ./src/sub-systemCode/payload/jpeg/jpeg_encoder.o
                0x2000b9ec                process_mcu_row
 .text.terminate_pass_two
                0x2000bd14       0x44 ./src/sub-systemCode/payload/jpeg/jpeg_encoder.o
                0x2000bd14                terminate_pass_two
 .text.process_end_of_image
                0x2000bd58       0xc0 ./src/sub-systemCode/payload/jpeg/jpeg_encoder.o
                0x2000bd58                process_end_of_image
 .text.load_mcu
                0x2000be18      0x29c ./src/sub-systemCode/payload/jpeg/jpeg_encoder.o
                0x2000be18                load_mcu
 .text.clear    0x2000c0b4      0x1e0 ./src/sub-systemCode/payload/jpeg/jpeg_encoder.o
                0x2000c0b4                clear
 .text.init     0x2000c294       0xe4 ./src/sub-systemCode/payload/jpeg/jpeg_encoder.o
                0x2000c294                init
 .text.deinit   0x2000c378      0x160 ./src/sub-systemCode/payload/jpeg/jpeg_encoder.o
                0x2000c378                deinit
 .text.process_scanline
                0x2000c4d8       0x6c ./src/sub-systemCode/payload/jpeg/jpeg_encoder.o
                0x2000c4d8                process_scanline
 .text.jpge_malloc
                0x2000c544       0x28 ./src/sub-systemCode/payload/jpeg/jpeg_memory_alloc.o
                0x2000c544                jpge_malloc
 .text.jpge_cmalloc
                0x2000c56c       0x48 ./src/sub-systemCode/payload/jpeg/jpeg_memory_alloc.o
                0x2000c56c                jpge_cmalloc
 .text.jpge_free
                0x2000c5b4       0x24 ./src/sub-systemCode/payload/jpeg/jpeg_memory_alloc.o
                0x2000c5b4                jpge_free
 .text.check    0x2000c5d8       0x78 ./src/sub-systemCode/payload/jpeg/jpeg_params.o
                0x2000c5d8                check
 .text.open_jpeg_file
                0x2000c650       0xe0 ./src/sub-systemCode/payload/jpeg/output_stream.o
                0x2000c650                open_jpeg_file
 .text.close_jpeg_file
                0x2000c730      0x118 ./src/sub-systemCode/payload/jpeg/output_stream.o
                0x2000c730                close_jpeg_file
 .text.put_buf  0x2000c848      0x258 ./src/sub-systemCode/payload/jpeg/output_stream.o
                0x2000c848                put_buf
 .text.convert2char
                0x2000caa0      0x14c ./src/sub-systemCode/payload/Boolean_bit.o
                0x2000caa0                convert2char
 .text.convert2byte
                0x2000cbec      0x1c8 ./src/sub-systemCode/payload/Boolean_bit.o
                0x2000cbec                convert2byte
 .text.bits2byte
                0x2000cdb4      0x17c ./src/sub-systemCode/payload/Boolean_bit.o
                0x2000cdb4                bits2byte
 .text.byte2bits
                0x2000cf30      0x17c ./src/sub-systemCode/payload/Boolean_bit.o
                0x2000cf30                byte2bits
 .text.char2bits
                0x2000d0ac       0x44 ./src/sub-systemCode/payload/Boolean_bit.o
                0x2000d0ac                char2bits
 .text.bits2char
                0x2000d0f0       0x3c ./src/sub-systemCode/payload/Boolean_bit.o
                0x2000d0f0                bits2char
 .text.GetChunksFromRange
                0x2000d12c      0x164 ./src/sub-systemCode/payload/Butchering.o
                0x2000d12c                GetChunksFromRange
 .text.GetChunkFromImage
                0x2000d290      0x2e0 ./src/sub-systemCode/payload/Butchering.o
                0x2000d290                GetChunkFromImage
 .text.SimpleButcher
                0x2000d570       0xf4 ./src/sub-systemCode/payload/Butchering.o
                0x2000d570                SimpleButcher
 .text.CameraManagerTaskMain
                0x2000d664      0x120 ./src/sub-systemCode/payload/CameraManager.o
                0x2000d664                CameraManagerTaskMain
 .text.initCamera
                0x2000d784       0x70 ./src/sub-systemCode/payload/CameraManager.o
                0x2000d784                initCamera
 .text.KickStartCamera
                0x2000d7f4       0xb4 ./src/sub-systemCode/payload/CameraManager.o
                0x2000d7f4                KickStartCamera
 .text.addRequestToQueue
                0x2000d8a8       0xa8 ./src/sub-systemCode/payload/CameraManager.o
                0x2000d8a8                addRequestToQueue
 .text.removeRequestFromQueue
                0x2000d950       0x7c ./src/sub-systemCode/payload/CameraManager.o
                0x2000d950                removeRequestFromQueue
 .text.Take_pictures_with_time_in_between
                0x2000d9cc       0xa4 ./src/sub-systemCode/payload/CameraManager.o
                0x2000d9cc                Take_pictures_with_time_in_between
 .text.handleDump
                0x2000da70      0x228 ./src/sub-systemCode/payload/CameraManager.o
                0x2000da70                handleDump
 .text.act_upon_request
                0x2000dc98      0x2b8 ./src/sub-systemCode/payload/CameraManager.o
                0x2000dc98                act_upon_request
 .text.TakePicture
                0x2000df50       0x4c ./src/sub-systemCode/payload/DB_RequestHandling.o
                0x2000df50                TakePicture
 .text.TakeSpecialPicture
                0x2000df9c       0xe4 ./src/sub-systemCode/payload/DB_RequestHandling.o
                0x2000df9c                TakeSpecialPicture
 .text.DeletePicture
                0x2000e080       0xb4 ./src/sub-systemCode/payload/DB_RequestHandling.o
                0x2000e080                DeletePicture
 .text.TransferPicture
                0x2000e134       0x5c ./src/sub-systemCode/payload/DB_RequestHandling.o
                0x2000e134                TransferPicture
 .text.CreateThumbnail
                0x2000e190       0x80 ./src/sub-systemCode/payload/DB_RequestHandling.o
                0x2000e190                CreateThumbnail
 .text.CreateJPG
                0x2000e210       0x8c ./src/sub-systemCode/payload/DB_RequestHandling.o
                0x2000e210                CreateJPG
 .text.UpdatePhotographyValues
                0x2000e29c       0xb4 ./src/sub-systemCode/payload/DB_RequestHandling.o
                0x2000e29c                UpdatePhotographyValues
 .text.getFileName
                0x2000e350      0x304 ./src/sub-systemCode/payload/DataBase.o
 .text.zeroImageDataBase
                0x2000e654       0x7c ./src/sub-systemCode/payload/DataBase.o
                0x2000e654                zeroImageDataBase
 .text.updateGeneralDataBaseParameters
                0x2000e6d0       0x64 ./src/sub-systemCode/payload/DataBase.o
                0x2000e6d0                updateGeneralDataBaseParameters
 .text.checkForID
                0x2000e734       0x4c ./src/sub-systemCode/payload/DataBase.o
                0x2000e734                checkForID
 .text.SearchDataBase_byID
                0x2000e780       0xe8 ./src/sub-systemCode/payload/DataBase.o
                0x2000e780                SearchDataBase_byID
 .text.checkForFileType
                0x2000e868       0x68 ./src/sub-systemCode/payload/DataBase.o
                0x2000e868                checkForFileType
 .text.updateFileTypes
                0x2000e8d0       0xa8 ./src/sub-systemCode/payload/DataBase.o
                0x2000e8d0                updateFileTypes
 .text.GetImageFactor
                0x2000e978       0xb8 ./src/sub-systemCode/payload/DataBase.o
                0x2000e978                GetImageFactor
 .text.readImageToBuffer
                0x2000ea30      0x124 ./src/sub-systemCode/payload/DataBase.o
                0x2000ea30                readImageToBuffer
 .text.saveImageFromBuffer
                0x2000eb54      0x12c ./src/sub-systemCode/payload/DataBase.o
                0x2000eb54                saveImageFromBuffer
 .text.checkForMark
                0x2000ec80       0x64 ./src/sub-systemCode/payload/DataBase.o
                0x2000ec80                checkForMark
 .text.handleMarkedPictures
                0x2000ece4      0x1a0 ./src/sub-systemCode/payload/DataBase.o
                0x2000ece4                handleMarkedPictures
 .text.setDataBaseValues
                0x2000ee84      0x1d8 ./src/sub-systemCode/payload/DataBase.o
                0x2000ee84                setDataBaseValues
 .text.initImageDataBase
                0x2000f05c      0x1b8 ./src/sub-systemCode/payload/DataBase.o
                0x2000f05c                initImageDataBase
 .text.resetImageDataBase
                0x2000f214       0x58 ./src/sub-systemCode/payload/DataBase.o
                0x2000f214                resetImageDataBase
 .text.setCameraPhotographyValues
                0x2000f26c      0x110 ./src/sub-systemCode/payload/DataBase.o
                0x2000f26c                setCameraPhotographyValues
 .text.transferImageToSD
                0x2000f37c      0x1ec ./src/sub-systemCode/payload/DataBase.o
                0x2000f37c                transferImageToSD
 .text.DeleteImageFromOBC
                0x2000f568      0x110 ./src/sub-systemCode/payload/DataBase.o
                0x2000f568                DeleteImageFromOBC
 .text.DeleteImageFromPayload
                0x2000f678      0x214 ./src/sub-systemCode/payload/DataBase.o
                0x2000f678                DeleteImageFromPayload
 .text.clearImageDataBase
                0x2000f88c       0x94 ./src/sub-systemCode/payload/DataBase.o
                0x2000f88c                clearImageDataBase
 .text.writeNewImageMetaDataToFRAM
                0x2000f920      0x204 ./src/sub-systemCode/payload/DataBase.o
                0x2000f920                writeNewImageMetaDataToFRAM
 .text.takePicture
                0x2000fb24      0x318 ./src/sub-systemCode/payload/DataBase.o
                0x2000fb24                takePicture
 .text.takePicture_withSpecialParameters
                0x2000fe3c       0xbc ./src/sub-systemCode/payload/DataBase.o
                0x2000fe3c                takePicture_withSpecialParameters
 .text.GetImageFileName
                0x2000fef8       0xb8 ./src/sub-systemCode/payload/DataBase.o
                0x2000fef8                GetImageFileName
 .text.checkIfInRange
                0x2000ffb0       0xf8 ./src/sub-systemCode/payload/DataBase.o
                0x2000ffb0                checkIfInRange
 .text.getImageDataBaseBuffer
                0x200100a8      0x3a8 ./src/sub-systemCode/payload/DataBase.o
                0x200100a8                getImageDataBaseBuffer
 .text.get_ID_list_withDefaltThumbnail
                0x20010450      0x148 ./src/sub-systemCode/payload/DataBase.o
                0x20010450                get_ID_list_withDefaltThumbnail
 .text.FRAM_DataStructure_search
                0x20010598       0xa4 ./src/sub-systemCode/payload/FRAM_DataStructure.o
                0x20010598                FRAM_DataStructure_search
 .text.FRAM_readAndProgress
                0x2001063c       0x5c ./src/sub-systemCode/payload/FRAM_Extended.o
                0x2001063c                FRAM_readAndProgress
 .text.Initialized_GPIO
                0x20010698       0x54 ./src/sub-systemCode/payload/GeckoCameraDriver.o
                0x20010698                Initialized_GPIO
 .text.TurnOnGecko
                0x200106ec      0x128 ./src/sub-systemCode/payload/GeckoCameraDriver.o
                0x200106ec                TurnOnGecko
 .text.TurnOffGecko
                0x20010814       0xc0 ./src/sub-systemCode/payload/GeckoCameraDriver.o
                0x20010814                TurnOffGecko
 .text.initGecko
                0x200108d4       0x3c ./src/sub-systemCode/payload/GeckoCameraDriver.o
                0x200108d4                initGecko
 .text.GECKO_TakeImage
                0x20010910      0x2c4 ./src/sub-systemCode/payload/GeckoCameraDriver.o
                0x20010910                GECKO_TakeImage
 .text.GECKO_ReadImage
                0x20010bd4      0x1f8 ./src/sub-systemCode/payload/GeckoCameraDriver.o
                0x20010bd4                GECKO_ReadImage
 .text.GECKO_EraseBlock
                0x20010dcc       0xc0 ./src/sub-systemCode/payload/GeckoCameraDriver.o
                0x20010dcc                GECKO_EraseBlock
 .text.GetBinnedPixel
                0x20010e8c       0xec ./src/sub-systemCode/payload/ImageConversion.o
 .text.BinImage
                0x20010f78      0x2c8 ./src/sub-systemCode/payload/ImageConversion.o
                0x20010f78                BinImage
 .text.ImageSkipping
                0x20011240      0x2bc ./src/sub-systemCode/payload/ImageConversion.o
                0x20011240                ImageSkipping
 .text.CreateImageThumbnail
                0x200114fc      0x150 ./src/sub-systemCode/payload/ImageConversion.o
                0x200114fc                CreateImageThumbnail
 .text.compressImage
                0x2001164c      0x138 ./src/sub-systemCode/payload/ImageConversion.o
                0x2001164c                compressImage
 .text.cmd_error
                0x20011784       0x38 ./src/sub-systemCode/Main/CMD/COMM_CMD.o
                0x20011784                cmd_error
 .text.cmd_mute
                0x200117bc       0xc4 ./src/sub-systemCode/Main/CMD/COMM_CMD.o
                0x200117bc                cmd_mute
 .text.cmd_unmute
                0x20011880       0x4c ./src/sub-systemCode/Main/CMD/COMM_CMD.o
                0x20011880                cmd_unmute
 .text.cmd_active_trans
                0x200118cc       0xc0 ./src/sub-systemCode/Main/CMD/COMM_CMD.o
                0x200118cc                cmd_active_trans
 .text.cmd_shut_trans
                0x2001198c       0x38 ./src/sub-systemCode/Main/CMD/COMM_CMD.o
                0x2001198c                cmd_shut_trans
 .text.cmd_change_trans_rssi
                0x200119c4       0xb8 ./src/sub-systemCode/Main/CMD/COMM_CMD.o
                0x200119c4                cmd_change_trans_rssi
 .text.cmd_aprs_dump
                0x20011a7c       0x50 ./src/sub-systemCode/Main/CMD/COMM_CMD.o
                0x20011a7c                cmd_aprs_dump
 .text.cmd_stop_dump
                0x20011acc       0x38 ./src/sub-systemCode/Main/CMD/COMM_CMD.o
                0x20011acc                cmd_stop_dump
 .text.cmd_time_frequency
                0x20011b04       0xc0 ./src/sub-systemCode/Main/CMD/COMM_CMD.o
                0x20011b04                cmd_time_frequency
 .text.cmd_upload_volt_logic
                0x20011bc4      0x3d0 ./src/sub-systemCode/Main/CMD/EPS_CMD.o
                0x20011bc4                cmd_upload_volt_logic
 .text.cmd_upload_volt_COMM
                0x20011f94      0x1c8 ./src/sub-systemCode/Main/CMD/EPS_CMD.o
                0x20011f94                cmd_upload_volt_COMM
 .text.cmd_heater_temp
                0x2001215c       0xc0 ./src/sub-systemCode/Main/CMD/EPS_CMD.o
                0x2001215c                cmd_heater_temp
 .text.cmd_SHUT_CAM
                0x2001221c       0x6c ./src/sub-systemCode/Main/CMD/EPS_CMD.o
                0x2001221c                cmd_SHUT_CAM
 .text.cmd_SHUT_ADCS
                0x20012288       0x6c ./src/sub-systemCode/Main/CMD/EPS_CMD.o
                0x20012288                cmd_SHUT_ADCS
 .text.cmd_allow_CAM
                0x200122f4       0x6c ./src/sub-systemCode/Main/CMD/EPS_CMD.o
                0x200122f4                cmd_allow_CAM
 .text.cmd_allow_ADCS
                0x20012360       0x6c ./src/sub-systemCode/Main/CMD/EPS_CMD.o
                0x20012360                cmd_allow_ADCS
 .text.cmd_generic_I2C
                0x200123cc       0xb4 ./src/sub-systemCode/Main/CMD/General_CMD.o
                0x200123cc                cmd_generic_I2C
 .text.cmd_dump
                0x20012480       0xf0 ./src/sub-systemCode/Main/CMD/General_CMD.o
                0x20012480                cmd_dump
 .text.cmd_delete_TM
                0x20012570      0x1dc ./src/sub-systemCode/Main/CMD/General_CMD.o
                0x20012570                cmd_delete_TM
 .text.cmd_reset_file
                0x2001274c      0x110 ./src/sub-systemCode/Main/CMD/General_CMD.o
                0x2001274c                cmd_reset_file
 .text.cmd_dummy_func
                0x2001285c       0x40 ./src/sub-systemCode/Main/CMD/General_CMD.o
                0x2001285c                cmd_dummy_func
 .text.cmd_soft_reset_cmponent
                0x2001289c       0xb0 ./src/sub-systemCode/Main/CMD/General_CMD.o
                0x2001289c                cmd_soft_reset_cmponent
 .text.cmd_hard_reset_cmponent
                0x2001294c       0xb0 ./src/sub-systemCode/Main/CMD/General_CMD.o
                0x2001294c                cmd_hard_reset_cmponent
 .text.cmd_reset_satellite
                0x200129fc       0x78 ./src/sub-systemCode/Main/CMD/General_CMD.o
                0x200129fc                cmd_reset_satellite
 .text.cmd_gracefull_reset_satellite
                0x20012a74       0x78 ./src/sub-systemCode/Main/CMD/General_CMD.o
                0x20012a74                cmd_gracefull_reset_satellite
 .text.cmd_upload_time
                0x20012aec       0xb0 ./src/sub-systemCode/Main/CMD/General_CMD.o
                0x20012aec                cmd_upload_time
 .text.cmd_ARM_DIARM
                0x20012b9c       0xd4 ./src/sub-systemCode/Main/CMD/General_CMD.o
                0x20012b9c                cmd_ARM_DIARM
 .text.cmd_reset_delayed_command_list
                0x20012c70       0x3c ./src/sub-systemCode/Main/CMD/SW_CMD.o
                0x20012c70                cmd_reset_delayed_command_list
 .text.cmd_reset_APRS_list
                0x20012cac       0x3c ./src/sub-systemCode/Main/CMD/SW_CMD.o
                0x20012cac                cmd_reset_APRS_list
 .text.cmd_reset_FRAM
                0x20012ce8       0xe8 ./src/sub-systemCode/Main/CMD/SW_CMD.o
                0x20012ce8                cmd_reset_FRAM
 .text.ARM_ants
                0x20012dd0       0xb8 ./src/sub-systemCode/Main/Ants.o
                0x20012dd0                ARM_ants
 .text.DISARM_ants
                0x20012e88       0xb8 ./src/sub-systemCode/Main/Ants.o
                0x20012e88                DISARM_ants
 .text.convert_vol
                0x20012f40      0x12c ./src/sub-systemCode/Main/EPS.o
                0x20012f40                convert_vol
 .text.get_shut_ADCS
                0x2001306c       0x48 ./src/sub-systemCode/Main/EPS.o
                0x2001306c                get_shut_ADCS
 .text.shut_ADCS
                0x200130b4       0x44 ./src/sub-systemCode/Main/EPS.o
                0x200130b4                shut_ADCS
 .text.get_shut_CAM
                0x200130f8       0x48 ./src/sub-systemCode/Main/EPS.o
                0x200130f8                get_shut_CAM
 .text.shut_CAM
                0x20013140       0x44 ./src/sub-systemCode/Main/EPS.o
                0x20013140                shut_CAM
 .text.EPS_Init
                0x20013184      0x1a0 ./src/sub-systemCode/Main/EPS.o
                0x20013184                EPS_Init
 .text.reset_FRAM_EPS
                0x20013324       0xa4 ./src/sub-systemCode/Main/EPS.o
                0x20013324                reset_FRAM_EPS
 .text.reset_EPS_voltages
                0x200133c8       0xbc ./src/sub-systemCode/Main/EPS.o
                0x200133c8                reset_EPS_voltages
 .text.EPS_Conditioning
                0x20013484      0x2b4 ./src/sub-systemCode/Main/EPS.o
                0x20013484                EPS_Conditioning
 .text.overRide_ADCS
                0x20013738       0x50 ./src/sub-systemCode/Main/EPS.o
                0x20013738                overRide_ADCS
 .text.overRide_Camera
                0x20013788       0x38 ./src/sub-systemCode/Main/EPS.o
                0x20013788                overRide_Camera
 .text.EnterFullMode
                0x200137c0       0xec ./src/sub-systemCode/Main/EPS.o
                0x200137c0                EnterFullMode
 .text.EnterCruiseMode
                0x200138ac       0xdc ./src/sub-systemCode/Main/EPS.o
                0x200138ac                EnterCruiseMode
 .text.EnterSafeMode
                0x20013988       0xdc ./src/sub-systemCode/Main/EPS.o
                0x20013988                EnterSafeMode
 .text.EnterCriticalMode
                0x20013a64       0xc8 ./src/sub-systemCode/Main/EPS.o
                0x20013a64                EnterCriticalMode
 .text.convert_raw_voltage
                0x20013b2c       0xd8 ./src/sub-systemCode/Main/EPS.o
                0x20013b2c                convert_raw_voltage
 .text.find_fileName
                0x20013c04      0x588 ./src/sub-systemCode/Main/HouseKeeping.o
                0x20013c04                find_fileName
 .text.size_of_element
                0x2001418c       0xd4 ./src/sub-systemCode/Main/HouseKeeping.o
                0x2001418c                size_of_element
 .text.save_ACK
                0x20014260       0xa0 ./src/sub-systemCode/Main/HouseKeeping.o
                0x20014260                save_ACK
 .text.set_GP_EPS
                0x20014300      0x10c ./src/sub-systemCode/Main/HouseKeeping.o
                0x20014300                set_GP_EPS
 .text.set_GP_COMM
                0x2001440c       0x88 ./src/sub-systemCode/Main/HouseKeeping.o
                0x2001440c                set_GP_COMM
 .text.SP_HK_collect
                0x20014494      0x17c ./src/sub-systemCode/Main/HouseKeeping.o
                0x20014494                SP_HK_collect
 .text.EPS_HK_collect
                0x20014610      0x4d8 ./src/sub-systemCode/Main/HouseKeeping.o
                0x20014610                EPS_HK_collect
 .text.CAM_HK_collect
                0x20014ae8      0x91c ./src/sub-systemCode/Main/HouseKeeping.o
                0x20014ae8                CAM_HK_collect
 .text.COMM_HK_collect
                0x20015404      0x154 ./src/sub-systemCode/Main/HouseKeeping.o
                0x20015404                COMM_HK_collect
 .text.COMM_create_file
                0x20015558       0x74 ./src/sub-systemCode/Main/HouseKeeping.o
                0x20015558                COMM_create_file
 .text.ACK_create_file
                0x200155cc       0x74 ./src/sub-systemCode/Main/HouseKeeping.o
                0x200155cc                ACK_create_file
 .text.EPS_create_file
                0x20015640       0x74 ./src/sub-systemCode/Main/HouseKeeping.o
                0x20015640                EPS_create_file
 .text.CAM_create_file
                0x200156b4       0x54 ./src/sub-systemCode/Main/HouseKeeping.o
                0x200156b4                CAM_create_file
 .text.SP_create_file
                0x20015708       0x54 ./src/sub-systemCode/Main/HouseKeeping.o
                0x20015708                SP_create_file
 .text.create_files
                0x2001575c       0x48 ./src/sub-systemCode/Main/HouseKeeping.o
                0x2001575c                create_files
 .text.save_SP_HK
                0x200157a4       0x70 ./src/sub-systemCode/Main/HouseKeeping.o
                0x200157a4                save_SP_HK
 .text.save_EPS_HK
                0x20015814       0x70 ./src/sub-systemCode/Main/HouseKeeping.o
                0x20015814                save_EPS_HK
 .text.save_CAM_HK
                0x20015884       0x70 ./src/sub-systemCode/Main/HouseKeeping.o
                0x20015884                save_CAM_HK
 .text.save_COMM_HK
                0x200158f4       0x70 ./src/sub-systemCode/Main/HouseKeeping.o
                0x200158f4                save_COMM_HK
 .text.EPS_HK_raw_BigEnE
                0x20015964      0x194 ./src/sub-systemCode/Main/HouseKeeping.o
                0x20015964                EPS_HK_raw_BigEnE
 .text.CAM_HK_raw_BigEnE
                0x20015af8      0x194 ./src/sub-systemCode/Main/HouseKeeping.o
                0x20015af8                CAM_HK_raw_BigEnE
 .text.COMM_HK_raw_BigEnE
                0x20015c8c      0x194 ./src/sub-systemCode/Main/HouseKeeping.o
                0x20015c8c                COMM_HK_raw_BigEnE
 .text.ADCS_HK_raw_BigEnE
                0x20015e20      0x194 ./src/sub-systemCode/Main/HouseKeeping.o
                0x20015e20                ADCS_HK_raw_BigEnE
 .text.ADCS_SC_raw_BigEnE
                0x20015fb4      0x188 ./src/sub-systemCode/Main/HouseKeeping.o
                0x20015fb4                ADCS_SC_raw_BigEnE
 .text.build_HK_spl_packet
                0x2001613c      0x970 ./src/sub-systemCode/Main/HouseKeeping.o
                0x2001613c                build_HK_spl_packet
 .text.HouseKeeping_highRate_Task
                0x20016aac       0x60 ./src/sub-systemCode/Main/HouseKeeping.o
                0x20016aac                HouseKeeping_highRate_Task
 .text.HouseKeeping_lowRate_Task
                0x20016b0c       0x5c ./src/sub-systemCode/Main/HouseKeeping.o
                0x20016b0c                HouseKeeping_lowRate_Task
 .text.test_menu
                0x20016b68       0xd8 ./src/sub-systemCode/Main/Main_Init.o
                0x20016b68                test_menu
 .text.numberOfRestarts
                0x20016c40       0x94 ./src/sub-systemCode/Main/Main_Init.o
                0x20016c40                numberOfRestarts
 .text.StartFRAM
                0x20016cd4       0x38 ./src/sub-systemCode/Main/Main_Init.o
                0x20016cd4                StartFRAM
 .text.StartI2C
                0x20016d0c       0x44 ./src/sub-systemCode/Main/Main_Init.o
                0x20016d0c                StartI2C
 .text.StartSPI
                0x20016d50       0x40 ./src/sub-systemCode/Main/Main_Init.o
                0x20016d50                StartSPI
 .text.StartTIME
                0x20016d90      0x118 ./src/sub-systemCode/Main/Main_Init.o
                0x20016d90                StartTIME
 .text.first_activation
                0x20016ea8       0x78 ./src/sub-systemCode/Main/Main_Init.o
                0x20016ea8                first_activation
 .text.InitSubsystems
                0x20016f20       0x6c ./src/sub-systemCode/Main/Main_Init.o
                0x20016f20                InitSubsystems
 .text.SubSystemTaskStart
                0x20016f8c       0xec ./src/sub-systemCode/Main/Main_Init.o
                0x20016f8c                SubSystemTaskStart
 .text.copy_command
                0x20017078       0x80 ./src/sub-systemCode/Main/commands.o
                0x20017078                copy_command
 .text.reset_command
                0x200170f8       0x28 ./src/sub-systemCode/Main/commands.o
                0x200170f8                reset_command
 .text.init_command
                0x20017120       0xd4 ./src/sub-systemCode/Main/commands.o
                0x20017120                init_command
 .text.add_command
                0x200171f4      0x138 ./src/sub-systemCode/Main/commands.o
                0x200171f4                add_command
 .text.get_command
                0x2001732c      0x1cc ./src/sub-systemCode/Main/commands.o
                0x2001732c                get_command
 .text.act_upon_command
                0x200174f8      0x200 ./src/sub-systemCode/Main/commands.o
                0x200174f8                act_upon_command
 .text.AUC_COMM
                0x200176f8      0x200 ./src/sub-systemCode/Main/commands.o
                0x200176f8                AUC_COMM
 .text.AUC_general
                0x200178f8      0x17c ./src/sub-systemCode/Main/commands.o
                0x200178f8                AUC_general
 .text.AUC_payload
                0x20017a74      0x378 ./src/sub-systemCode/Main/commands.o
                0x20017a74                AUC_payload
 .text.AUC_EPS  0x20017dec      0x248 ./src/sub-systemCode/Main/commands.o
                0x20017dec                AUC_EPS
 .text.AUC_ADCS
                0x20018034       0x5c ./src/sub-systemCode/Main/commands.o
                0x20018034                AUC_ADCS
 .text.AUC_GS   0x20018090      0x1fc ./src/sub-systemCode/Main/commands.o
                0x20018090                AUC_GS
 .text.AUC_SW   0x2001828c       0xe4 ./src/sub-systemCode/Main/commands.o
                0x2001828c                AUC_SW
 .text.AUC_special_operation
                0x20018370       0x8c ./src/sub-systemCode/Main/commands.o
                0x20018370                AUC_special_operation
 .text.check_int
                0x200183fc       0x3c ./src/sub-systemCode/Global/Global.o
                0x200183fc                check_int
 .text.check_portBASE_TYPE
                0x20018438       0x3c ./src/sub-systemCode/Global/Global.o
                0x20018438                check_portBASE_TYPE
 .text.soft_reset_subsystem
                0x20018474       0xd8 ./src/sub-systemCode/Global/Global.o
                0x20018474                soft_reset_subsystem
 .text.hard_reset_subsystem
                0x2001854c       0xfc ./src/sub-systemCode/Global/Global.o
                0x2001854c                hard_reset_subsystem
 .text.BigEnE_raw_to_uInt
                0x20018648       0x94 ./src/sub-systemCode/Global/Global.o
                0x20018648                BigEnE_raw_to_uInt
 .text.BigEnE_raw_to_uShort
                0x200186dc       0x50 ./src/sub-systemCode/Global/Global.o
                0x200186dc                BigEnE_raw_to_uShort
 .text.BigEnE_uInt_to_raw
                0x2001872c       0x78 ./src/sub-systemCode/Global/Global.o
                0x2001872c                BigEnE_uInt_to_raw
 .text.reset_FRAM_MAIN
                0x200187a4      0x19c ./src/sub-systemCode/Global/Global.o
                0x200187a4                reset_FRAM_MAIN
 .text.getBitValueByIndex
                0x20018940       0xd0 ./src/sub-systemCode/Global/Global.o
                0x20018940                getBitValueByIndex
 .text.init_GP  0x20018a10      0x35c ./src/sub-systemCode/Global/GlobalParam.o
                0x20018a10                init_GP
 .text.get_system_state
                0x20018d6c      0x268 ./src/sub-systemCode/Global/GlobalParam.o
                0x20018d6c                get_system_state
 .text.set_system_state
                0x20018fd4      0x298 ./src/sub-systemCode/Global/GlobalParam.o
                0x20018fd4                set_system_state
 .text.get_current_global_param
                0x2001926c      0x670 ./src/sub-systemCode/Global/GlobalParam.o
                0x2001926c                get_current_global_param
 .text.set_Vbatt_previous
                0x200198dc       0xe8 ./src/sub-systemCode/Global/GlobalParam.o
                0x200198dc                set_Vbatt_previous
 .text.get_Vbatt_previous
                0x200199c4       0xc8 ./src/sub-systemCode/Global/GlobalParam.o
                0x200199c4                get_Vbatt_previous
 .text.set_Vbatt
                0x20019a8c       0xb8 ./src/sub-systemCode/Global/GlobalParam.o
                0x20019a8c                set_Vbatt
 .text.get_Vbatt
                0x20019b44       0x8c ./src/sub-systemCode/Global/GlobalParam.o
                0x20019b44                get_Vbatt
 .text.set_curBat
                0x20019bd0       0x8c ./src/sub-systemCode/Global/GlobalParam.o
                0x20019bd0                set_curBat
 .text.set_cur3V3
                0x20019c5c       0x8c ./src/sub-systemCode/Global/GlobalParam.o
                0x20019c5c                set_cur3V3
 .text.set_cur5V
                0x20019ce8       0x8c ./src/sub-systemCode/Global/GlobalParam.o
                0x20019ce8                set_cur5V
 .text.set_tempComm_LO
                0x20019d74       0x8c ./src/sub-systemCode/Global/GlobalParam.o
                0x20019d74                set_tempComm_LO
 .text.set_tempComm_PA
                0x20019e00       0x8c ./src/sub-systemCode/Global/GlobalParam.o
                0x20019e00                set_tempComm_PA
 .text.set_tempEPS
                0x20019e8c       0xc8 ./src/sub-systemCode/Global/GlobalParam.o
                0x20019e8c                set_tempEPS
 .text.set_tempBatt
                0x20019f54       0xc8 ./src/sub-systemCode/Global/GlobalParam.o
                0x20019f54                set_tempBatt
 .text.set_RxDoppler
                0x2001a01c       0x8c ./src/sub-systemCode/Global/GlobalParam.o
                0x2001a01c                set_RxDoppler
 .text.set_RxRSSI
                0x2001a0a8       0x8c ./src/sub-systemCode/Global/GlobalParam.o
                0x2001a0a8                set_RxRSSI
 .text.set_TxRefl
                0x2001a134       0x8c ./src/sub-systemCode/Global/GlobalParam.o
                0x2001a134                set_TxRefl
 .text.set_TxForw
                0x2001a1c0       0x8c ./src/sub-systemCode/Global/GlobalParam.o
                0x2001a1c0                set_TxForw
 .text.get_ST   0x2001a24c       0x98 ./src/sub-systemCode/Global/GlobalParam.o
                0x2001a24c                get_ST
 .text.set_numOfAPRS
                0x2001a2e4       0x8c ./src/sub-systemCode/Global/GlobalParam.o
                0x2001a2e4                set_numOfAPRS
 .text.set_numOfDelayedCommand
                0x2001a370       0x8c ./src/sub-systemCode/Global/GlobalParam.o
                0x2001a370                set_numOfDelayedCommand
 .text.set_numOfResets
                0x2001a3fc       0xac ./src/sub-systemCode/Global/GlobalParam.o
                0x2001a3fc                set_numOfResets
 .text.set_ground_conn
                0x2001a4a8       0x88 ./src/sub-systemCode/Global/GlobalParam.o
                0x2001a4a8                set_ground_conn
 .text.get_ground_conn
                0x2001a530       0x94 ./src/sub-systemCode/Global/GlobalParam.o
                0x2001a530                get_ground_conn
 .text.delete_allTMFilesFromSD
                0x2001a5c4       0xf8 ./src/sub-systemCode/Global/TM_managment.o
                0x2001a5c4                delete_allTMFilesFromSD
 .text.getNumOfFilesInFS
                0x2001a6bc       0x44 ./src/sub-systemCode/Global/TM_managment.o
 .text.setNumOfFilesInFS
                0x2001a700       0x50 ./src/sub-systemCode/Global/TM_managment.o
 .text.InitializeFS
                0x2001a750      0x174 ./src/sub-systemCode/Global/TM_managment.o
                0x2001a750                InitializeFS
 .text.c_fileCreate
                0x2001a8c4       0xf4 ./src/sub-systemCode/Global/TM_managment.o
                0x2001a8c4                c_fileCreate
 .text.writewithEpochtime
                0x2001a9b8       0x9c ./src/sub-systemCode/Global/TM_managment.o
 .text.get_C_FILE_struct
                0x2001aa54      0x104 ./src/sub-systemCode/Global/TM_managment.o
 .text.getFileIndex
                0x2001ab58       0x4c ./src/sub-systemCode/Global/TM_managment.o
 .text.get_file_name_by_index
                0x2001aba4       0x54 ./src/sub-systemCode/Global/TM_managment.o
                0x2001aba4                get_file_name_by_index
 .text.c_fileReset
                0x2001abf8       0xbc ./src/sub-systemCode/Global/TM_managment.o
                0x2001abf8                c_fileReset
 .text.c_fileWrite
                0x2001acb4      0x11c ./src/sub-systemCode/Global/TM_managment.o
                0x2001acb4                c_fileWrite
 .text.c_fileRead
                0x2001add0      0x28c ./src/sub-systemCode/Global/TM_managment.o
                0x2001add0                c_fileRead
 .text.reset_APRS_list
                0x2001b05c       0xa4 ./src/sub-systemCode/COMM/APRS.o
                0x2001b05c                reset_APRS_list
 .text.send_APRS_Dump
                0x2001b100      0x1c4 ./src/sub-systemCode/COMM/APRS.o
                0x2001b100                send_APRS_Dump
 .text.check_APRS
                0x2001b2c4      0x1a4 ./src/sub-systemCode/COMM/APRS.o
                0x2001b2c4                check_APRS
 .text.get_APRS_list
                0x2001b468       0x88 ./src/sub-systemCode/COMM/APRS.o
                0x2001b468                get_APRS_list
 .text.find_CMD_in_list
                0x2001b4f0       0x7c ./src/sub-systemCode/COMM/DelayedCommand_list.o
                0x2001b4f0                find_CMD_in_list
 .text.find_empty_in_list
                0x2001b56c       0x74 ./src/sub-systemCode/COMM/DelayedCommand_list.o
                0x2001b56c                find_empty_in_list
 .text.check_delayCommandTime
                0x2001b5e0       0x8c ./src/sub-systemCode/COMM/DelayedCommand_list.o
                0x2001b5e0                check_delayCommandTime
 .text.execute_delayedCommand
                0x2001b66c       0x64 ./src/sub-systemCode/COMM/DelayedCommand_list.o
                0x2001b66c                execute_delayedCommand
 .text.check_delaycommand
                0x2001b6d0      0x17c ./src/sub-systemCode/COMM/DelayedCommand_list.o
                0x2001b6d0                check_delaycommand
 .text.reset_delayCommand
                0x2001b84c       0x8c ./src/sub-systemCode/COMM/DelayedCommand_list.o
                0x2001b84c                reset_delayCommand
 .text.add_delayCommand
                0x2001b8d8      0x1a4 ./src/sub-systemCode/COMM/DelayedCommand_list.o
                0x2001b8d8                add_delayCommand
 .text.get_delayCommand_list
                0x2001ba7c       0x80 ./src/sub-systemCode/COMM/DelayedCommand_list.o
                0x2001ba7c                get_delayCommand_list
 .text.EmptyOldestCommand
                0x2001bafc       0xfc ./src/sub-systemCode/COMM/DelayedCommand_list.o
                0x2001bafc                EmptyOldestCommand
 .text.decode_TCpacket
                0x2001bbf8      0x16c ./src/sub-systemCode/COMM/GSC.o
                0x2001bbf8                decode_TCpacket
 .text.encode_TCpacket
                0x2001bd64      0x114 ./src/sub-systemCode/COMM/GSC.o
                0x2001bd64                encode_TCpacket
 .text.encode_TMpacket
                0x2001be78      0x104 ./src/sub-systemCode/COMM/GSC.o
                0x2001be78                encode_TMpacket
 .text.build_raw_ACK
                0x2001bf7c       0xbc ./src/sub-systemCode/COMM/GSC.o
                0x2001bf7c                build_raw_ACK
 .text.build_data_field_ACK
                0x2001c038       0x74 ./src/sub-systemCode/COMM/GSC.o
                0x2001c038                build_data_field_ACK
 .text.init_trxvu
                0x2001c0ac      0x134 ./src/sub-systemCode/COMM/TRXVU.o
                0x2001c0ac                init_trxvu
 .text.TRXVU_task
                0x2001c1e0      0x18c ./src/sub-systemCode/COMM/TRXVU.o
                0x2001c1e0                TRXVU_task
 .text.dump_logic
                0x2001c36c      0x2ec ./src/sub-systemCode/COMM/TRXVU.o
                0x2001c36c                dump_logic
 .text.Dump_task
                0x2001c658      0x16c ./src/sub-systemCode/COMM/TRXVU.o
                0x2001c658                Dump_task
 .text.transponder_logic
                0x2001c7c4       0xbc ./src/sub-systemCode/COMM/TRXVU.o
                0x2001c7c4                transponder_logic
 .text.Transponder_task
                0x2001c880      0x1e0 ./src/sub-systemCode/COMM/TRXVU.o
                0x2001c880                Transponder_task
 .text.lookForRequestToDelete_transponder
                0x2001ca60       0xac ./src/sub-systemCode/COMM/TRXVU.o
                0x2001ca60                lookForRequestToDelete_transponder
 .text.lookForRequestToDelete_dump
                0x2001cb0c       0x7c ./src/sub-systemCode/COMM/TRXVU.o
                0x2001cb0c                lookForRequestToDelete_dump
 .text.sendRequestToStop_dump
                0x2001cb88       0x8c ./src/sub-systemCode/COMM/TRXVU.o
                0x2001cb88                sendRequestToStop_dump
 .text.sendRequestToStop_transponder
                0x2001cc14       0x98 ./src/sub-systemCode/COMM/TRXVU.o
                0x2001cc14                sendRequestToStop_transponder
 .text.Rx_logic
                0x2001ccac      0x188 ./src/sub-systemCode/COMM/TRXVU.o
                0x2001ccac                Rx_logic
 .text.pass_above_Ground
                0x2001ce34      0x104 ./src/sub-systemCode/COMM/TRXVU.o
                0x2001ce34                pass_above_Ground
 .text.trxvu_logic
                0x2001cf38       0x1c ./src/sub-systemCode/COMM/TRXVU.o
                0x2001cf38                trxvu_logic
 .text.Beacon_task
                0x2001cf54      0x1d8 ./src/sub-systemCode/COMM/TRXVU.o
                0x2001cf54                Beacon_task
 .text.buildAndSend_beacon
                0x2001d12c      0x614 ./src/sub-systemCode/COMM/TRXVU.o
                0x2001d12c                buildAndSend_beacon
 .text.reset_FRAM_TRXVU
                0x2001d740       0xc0 ./src/sub-systemCode/COMM/TRXVU.o
                0x2001d740                reset_FRAM_TRXVU
 .text.TRX_sendFrame
                0x2001d800      0x23c ./src/sub-systemCode/COMM/TRXVU.o
                0x2001d800                TRX_sendFrame
 .text.TRX_getFrameData
                0x2001da3c      0x128 ./src/sub-systemCode/COMM/TRXVU.o
                0x2001da3c                TRX_getFrameData
 .text.mute_Tx  0x2001db64       0x20 ./src/sub-systemCode/COMM/TRXVU.o
                0x2001db64                mute_Tx
 .text.unmute_Tx
                0x2001db84       0x54 ./src/sub-systemCode/COMM/TRXVU.o
                0x2001db84                unmute_Tx
 .text.check_time_off_mute
                0x2001dbd8       0x74 ./src/sub-systemCode/COMM/TRXVU.o
                0x2001dbd8                check_time_off_mute
 .text.set_mute_time
                0x2001dc4c       0xb4 ./src/sub-systemCode/COMM/TRXVU.o
                0x2001dc4c                set_mute_time
 .text.change_TRXVU_state
                0x2001dd00       0x98 ./src/sub-systemCode/COMM/TRXVU.o
                0x2001dd00                change_TRXVU_state
 .text.change_trans_RSSI
                0x2001dd98       0x60 ./src/sub-systemCode/COMM/TRXVU.o
                0x2001dd98                change_trans_RSSI
 .text.find_subType_ofImage
                0x2001ddf8       0x98 ./src/sub-systemCode/COMM/imageDump.o
                0x2001ddf8                find_subType_ofImage
 .text.buildAndSend_chunck
                0x2001de90       0xf0 ./src/sub-systemCode/COMM/imageDump.o
                0x2001de90                buildAndSend_chunck
 .text.bitField_imageDump
                0x2001df80      0x1a8 ./src/sub-systemCode/COMM/imageDump.o
                0x2001df80                bitField_imageDump
 .text.thumbnail_Dump
                0x2001e128      0x248 ./src/sub-systemCode/COMM/imageDump.o
                0x2001e128                thumbnail_Dump
 .text.imageDataBase_Dump
                0x2001e370      0x158 ./src/sub-systemCode/COMM/imageDump.o
                0x2001e370                imageDataBase_Dump
 .text.imageDump_task
                0x2001e4c8      0x460 ./src/sub-systemCode/COMM/imageDump.o
                0x2001e4c8                imageDump_task
 .text.init_adcs
                0x2001e928      0x104 ./src/sub-systemCode/ADCS/ADCS.o
                0x2001e928                init_adcs
 .text.telemtryStart
                0x2001ea2c      0x16c ./src/sub-systemCode/ADCS/Stage_Table.o
                0x2001ea2c                telemtryStart
 .text.powerStart
                0x2001eb98       0x5c ./src/sub-systemCode/ADCS/Stage_Table.o
                0x2001eb98                powerStart
 .text.createTable
                0x2001ebf4       0xb4 ./src/sub-systemCode/ADCS/Stage_Table.o
                0x2001ebf4                createTable
 .text.buildControlMode
                0x2001eca8       0x60 ./src/sub-systemCode/ADCS/Stage_Table.o
                0x2001eca8                buildControlMode
 .text.Check_Table
                0x2001ed08      0x178 ./src/sub-systemCode/ADCS/Stage_Table.o
                0x2001ed08                Check_Table
 .text.updateTable
                0x2001ee80      0x1f0 ./src/sub-systemCode/ADCS/Stage_Table.o
                0x2001ee80                updateTable
 .text.translateCommandFULL
                0x2001f070       0x78 ./src/sub-systemCode/ADCS/Stage_Table.o
                0x2001f070                translateCommandFULL
 .text.getTableTo
                0x2001f0e8       0x64 ./src/sub-systemCode/ADCS/Stage_Table.o
                0x2001f0e8                getTableTo
 .text.save_time
                0x2001f14c       0x9c ./src/main.o
                0x2001f14c                save_time
 .text.Command_logic
                0x2001f1e8       0x6c ./src/main.o
                0x2001f1e8                Command_logic
 .text.taskMain
                0x2001f254       0x74 ./src/main.o
                0x2001f254                taskMain
 .text.main     0x2001f2c8       0xb8 ./src/main.o
                0x2001f2c8                main
 .text.GomEpsInitialize
                0x2001f380      0x148 C:/ISIS/workspace/HOOPOE3/satellite-subsystems/demo/..//satellite-subsystems/lib\libSatelliteSubsystemsD.a(GomEPS.o)
                0x2001f380                GomEpsInitialize
 .text.makeEPStransfer
                0x2001f4c8       0x3c C:/ISIS/workspace/HOOPOE3/satellite-subsystems/demo/..//satellite-subsystems/lib\libSatelliteSubsystemsD.a(GomEPS.o)
 .text.GomEpsSoftReset
                0x2001f504       0xc4 C:/ISIS/workspace/HOOPOE3/satellite-subsystems/demo/..//satellite-subsystems/lib\libSatelliteSubsystemsD.a(GomEPS.o)
                0x2001f504                GomEpsSoftReset
 .text.GomEpsHardReset
                0x2001f5c8       0xa8 C:/ISIS/workspace/HOOPOE3/satellite-subsystems/demo/..//satellite-subsystems/lib\libSatelliteSubsystemsD.a(GomEPS.o)
                0x2001f5c8                GomEpsHardReset
 .text.GomEpsGetHkData_general
                0x2001f670      0x45c C:/ISIS/workspace/HOOPOE3/satellite-subsystems/demo/..//satellite-subsystems/lib\libSatelliteSubsystemsD.a(GomEPS.o)
                0x2001f670                GomEpsGetHkData_general
 .text.GomEpsGetHkData_basic
                0x2001facc      0x22c C:/ISIS/workspace/HOOPOE3/satellite-subsystems/demo/..//satellite-subsystems/lib\libSatelliteSubsystemsD.a(GomEPS.o)
                0x2001facc                GomEpsGetHkData_basic
 .text.GomEpsSetOutput
                0x2001fcf8       0xbc C:/ISIS/workspace/HOOPOE3/satellite-subsystems/demo/..//satellite-subsystems/lib\libSatelliteSubsystemsD.a(GomEPS.o)
                0x2001fcf8                GomEpsSetOutput
 .text.GomEpsResetWDT
                0x2001fdb4       0xc4 C:/ISIS/workspace/HOOPOE3/satellite-subsystems/demo/..//satellite-subsystems/lib\libSatelliteSubsystemsD.a(GomEPS.o)
                0x2001fdb4                GomEpsResetWDT
 .text.GomEpsConfigSet
                0x2001fe78      0x184 C:/ISIS/workspace/HOOPOE3/satellite-subsystems/demo/..//satellite-subsystems/lib\libSatelliteSubsystemsD.a(GomEPS.o)
                0x2001fe78                GomEpsConfigSet
 .text.makeAntStransfer
                0x2001fffc       0x4c C:/ISIS/workspace/HOOPOE3/satellite-subsystems/demo/..//satellite-subsystems/lib\libSatelliteSubsystemsD.a(IsisAntS.o)
 .text.checkInputsValid
                0x20020048       0x7c C:/ISIS/workspace/HOOPOE3/satellite-subsystems/demo/..//satellite-subsystems/lib\libSatelliteSubsystemsD.a(IsisAntS.o)
 .text.IsisAntS_setArmStatus
                0x200200c4      0x104 C:/ISIS/workspace/HOOPOE3/satellite-subsystems/demo/..//satellite-subsystems/lib\libSatelliteSubsystemsD.a(IsisAntS.o)
                0x200200c4                IsisAntS_setArmStatus
 .text.IsisAntS_reset
                0x200201c8      0x104 C:/ISIS/workspace/HOOPOE3/satellite-subsystems/demo/..//satellite-subsystems/lib\libSatelliteSubsystemsD.a(IsisAntS.o)
                0x200201c8                IsisAntS_reset
 .text.IsisSolarPanelv2_initialize
                0x200202cc       0xb4 C:/ISIS/workspace/HOOPOE3/satellite-subsystems/demo/..//satellite-subsystems/lib\libSatelliteSubsystemsD.a(IsisSolarPanelv2.o)
                0x200202cc                IsisSolarPanelv2_initialize
 .text.IsisSolarPanelv2_getTemperature
                0x20020380       0xc8 C:/ISIS/workspace/HOOPOE3/satellite-subsystems/demo/..//satellite-subsystems/lib\libSatelliteSubsystemsD.a(IsisSolarPanelv2.o)
                0x20020380                IsisSolarPanelv2_getTemperature
 .text.IsisSolarPanelv2_sleep
                0x20020448       0xbc C:/ISIS/workspace/HOOPOE3/satellite-subsystems/demo/..//satellite-subsystems/lib\libSatelliteSubsystemsD.a(IsisSolarPanelv2.o)
                0x20020448                IsisSolarPanelv2_sleep
 .text.IsisSolarPanelv2_wakeup
                0x20020504       0x80 C:/ISIS/workspace/HOOPOE3/satellite-subsystems/demo/..//satellite-subsystems/lib\libSatelliteSubsystemsD.a(IsisSolarPanelv2.o)
                0x20020504                IsisSolarPanelv2_wakeup
 .text._Reset   0x20020584       0x20 C:/ISIS/workspace/HOOPOE3/satellite-subsystems/demo/..//satellite-subsystems/lib\libSatelliteSubsystemsD.a(IsisSolarPanelv2.o)
 .text._WaitForStartup
                0x200205a4       0x90 C:/ISIS/workspace/HOOPOE3/satellite-subsystems/demo/..//satellite-subsystems/lib\libSatelliteSubsystemsD.a(IsisSolarPanelv2.o)
 .text._AssignAllChannels
                0x20020634       0x90 C:/ISIS/workspace/HOOPOE3/satellite-subsystems/demo/..//satellite-subsystems/lib\libSatelliteSubsystemsD.a(IsisSolarPanelv2.o)
 .text._AssignThisChannel
                0x200206c4       0xe8 C:/ISIS/workspace/HOOPOE3/satellite-subsystems/demo/..//satellite-subsystems/lib\libSatelliteSubsystemsD.a(IsisSolarPanelv2.o)
 .text._InitiateConversion
                0x200207ac       0xac C:/ISIS/workspace/HOOPOE3/satellite-subsystems/demo/..//satellite-subsystems/lib\libSatelliteSubsystemsD.a(IsisSolarPanelv2.o)
 .text._WaitForConversionComplete
                0x20020858      0x100 C:/ISIS/workspace/HOOPOE3/satellite-subsystems/demo/..//satellite-subsystems/lib\libSatelliteSubsystemsD.a(IsisSolarPanelv2.o)
 .text._ReadResult
                0x20020958      0x158 C:/ISIS/workspace/HOOPOE3/satellite-subsystems/demo/..//satellite-subsystems/lib\libSatelliteSubsystemsD.a(IsisSolarPanelv2.o)
 .text._ExtractByte
                0x20020ab0       0x38 C:/ISIS/workspace/HOOPOE3/satellite-subsystems/demo/..//satellite-subsystems/lib\libSatelliteSubsystemsD.a(IsisSolarPanelv2.o)
 .text._ExtendSign
                0x20020ae8       0x6c C:/ISIS/workspace/HOOPOE3/satellite-subsystems/demo/..//satellite-subsystems/lib\libSatelliteSubsystemsD.a(IsisSolarPanelv2.o)
 .text._PinsInit
                0x20020b54       0x50 C:/ISIS/workspace/HOOPOE3/satellite-subsystems/demo/..//satellite-subsystems/lib\libSatelliteSubsystemsD.a(IsisSolarPanelv2.o)
 .text._SpiWriteRead
                0x20020ba4       0x70 C:/ISIS/workspace/HOOPOE3/satellite-subsystems/demo/..//satellite-subsystems/lib\libSatelliteSubsystemsD.a(IsisSolarPanelv2.o)
 .text.IsisTrxvu_initialize
                0x20020c14      0x2f4 C:/ISIS/workspace/HOOPOE3/satellite-subsystems/demo/..//satellite-subsystems/lib\libSatelliteSubsystemsD.a(IsisTRXVU.o)
                0x20020c14                IsisTrxvu_initialize
 .text.makeTRXVUtransfer
                0x20020f08       0x44 C:/ISIS/workspace/HOOPOE3/satellite-subsystems/demo/..//satellite-subsystems/lib\libSatelliteSubsystemsD.a(IsisTRXVU.o)
 .text.IsisTrxvu_componentSoftReset
                0x20020f4c       0x6c C:/ISIS/workspace/HOOPOE3/satellite-subsystems/demo/..//satellite-subsystems/lib\libSatelliteSubsystemsD.a(IsisTRXVU.o)
                0x20020f4c                IsisTrxvu_componentSoftReset
 .text.IsisTrxvu_componentHardReset
                0x20020fb8       0xc8 C:/ISIS/workspace/HOOPOE3/satellite-subsystems/demo/..//satellite-subsystems/lib\libSatelliteSubsystemsD.a(IsisTRXVU.o)
                0x20020fb8                IsisTrxvu_componentHardReset
 .text.IsisTrxvu_softReset
                0x20021080       0x74 C:/ISIS/workspace/HOOPOE3/satellite-subsystems/demo/..//satellite-subsystems/lib\libSatelliteSubsystemsD.a(IsisTRXVU.o)
                0x20021080                IsisTrxvu_softReset
 .text.IsisTrxvu_hardReset
                0x200210f4       0x74 C:/ISIS/workspace/HOOPOE3/satellite-subsystems/demo/..//satellite-subsystems/lib\libSatelliteSubsystemsD.a(IsisTRXVU.o)
                0x200210f4                IsisTrxvu_hardReset
 .text.IsisTrxvu_tcSendAX25DefClSign
                0x20021168       0xec C:/ISIS/workspace/HOOPOE3/satellite-subsystems/demo/..//satellite-subsystems/lib\libSatelliteSubsystemsD.a(IsisTRXVU.o)
                0x20021168                IsisTrxvu_tcSendAX25DefClSign
 .text.IsisTrxvu_tcSetIdlestate
                0x20021254       0xa4 C:/ISIS/workspace/HOOPOE3/satellite-subsystems/demo/..//satellite-subsystems/lib\libSatelliteSubsystemsD.a(IsisTRXVU.o)
                0x20021254                IsisTrxvu_tcSetIdlestate
 .text.IsisTrxvu_tcSetAx25Bitrate
                0x200212f8       0xc4 C:/ISIS/workspace/HOOPOE3/satellite-subsystems/demo/..//satellite-subsystems/lib\libSatelliteSubsystemsD.a(IsisTRXVU.o)
                0x200212f8                IsisTrxvu_tcSetAx25Bitrate
 .text.IsisTrxvu_tcGetTelemetryAll_revC
                0x200213bc       0xd0 C:/ISIS/workspace/HOOPOE3/satellite-subsystems/demo/..//satellite-subsystems/lib\libSatelliteSubsystemsD.a(IsisTRXVU.o)
                0x200213bc                IsisTrxvu_tcGetTelemetryAll_revC
 .text.IsisTrxvu_rcGetFrameCount
                0x2002148c       0xa0 C:/ISIS/workspace/HOOPOE3/satellite-subsystems/demo/..//satellite-subsystems/lib\libSatelliteSubsystemsD.a(IsisTRXVU.o)
                0x2002148c                IsisTrxvu_rcGetFrameCount
 .text.IsisTrxvu_rcGetCommandFrame
                0x2002152c      0x2d8 C:/ISIS/workspace/HOOPOE3/satellite-subsystems/demo/..//satellite-subsystems/lib\libSatelliteSubsystemsD.a(IsisTRXVU.o)
                0x2002152c                IsisTrxvu_rcGetCommandFrame
 .text.IsisTrxvu_rcGetTelemetryAll_revC
                0x20021804       0xec C:/ISIS/workspace/HOOPOE3/satellite-subsystems/demo/..//satellite-subsystems/lib\libSatelliteSubsystemsD.a(IsisTRXVU.o)
                0x20021804                IsisTrxvu_rcGetTelemetryAll_revC
 .text.cspaceADCS_initialize
                0x200218f0      0x18c C:/ISIS/workspace/HOOPOE3/satellite-subsystems/demo/..//satellite-subsystems/lib\libSatelliteSubsystemsD.a(cspaceADCS.o)
                0x200218f0                cspaceADCS_initialize
 .text.make_cspaceADCStransfer
                0x20021a7c      0x1b4 C:/ISIS/workspace/HOOPOE3/satellite-subsystems/demo/..//satellite-subsystems/lib\libSatelliteSubsystemsD.a(cspaceADCS.o)
 .text.cspaceADCS_componentReset
                0x20021c30       0xbc C:/ISIS/workspace/HOOPOE3/satellite-subsystems/demo/..//satellite-subsystems/lib\libSatelliteSubsystemsD.a(cspaceADCS.o)
                0x20021c30                cspaceADCS_componentReset
 .text.cspaceADCS_setRunMode
                0x20021cec       0xbc C:/ISIS/workspace/HOOPOE3/satellite-subsystems/demo/..//satellite-subsystems/lib\libSatelliteSubsystemsD.a(cspaceADCS.o)
                0x20021cec                cspaceADCS_setRunMode
 .text.cspaceADCS_setPwrCtrlDevice
                0x20021da8       0xd0 C:/ISIS/workspace/HOOPOE3/satellite-subsystems/demo/..//satellite-subsystems/lib\libSatelliteSubsystemsD.a(cspaceADCS.o)
                0x20021da8                cspaceADCS_setPwrCtrlDevice
 .text.cspaceADCS_setAttCtrlMode
                0x20021e78       0xd0 C:/ISIS/workspace/HOOPOE3/satellite-subsystems/demo/..//satellite-subsystems/lib\libSatelliteSubsystemsD.a(cspaceADCS.o)
                0x20021e78                cspaceADCS_setAttCtrlMode
 .text.cspaceADCS_setAttEstMode
                0x20021f48       0xbc C:/ISIS/workspace/HOOPOE3/satellite-subsystems/demo/..//satellite-subsystems/lib\libSatelliteSubsystemsD.a(cspaceADCS.o)
                0x20021f48                cspaceADCS_setAttEstMode
 .text.cspaceADCS_getCurrentState
                0x20022004       0xc4 C:/ISIS/workspace/HOOPOE3/satellite-subsystems/demo/..//satellite-subsystems/lib\libSatelliteSubsystemsD.a(cspaceADCS.o)
                0x20022004                cspaceADCS_getCurrentState
 .text.cspaceADCS_getPwrCtrlDevice
                0x200220c8       0xc4 C:/ISIS/workspace/HOOPOE3/satellite-subsystems/demo/..//satellite-subsystems/lib\libSatelliteSubsystemsD.a(cspaceADCS.o)
                0x200220c8                cspaceADCS_getPwrCtrlDevice
 .text.GECKO_Init
                0x2002218c       0x40 C:/ISIS/workspace/HOOPOE3/satellite-subsystems/demo/..//satellite-subsystems/lib\libSatelliteSubsystemsD.a(gecko_driver.o)
                0x2002218c                GECKO_Init
 .text.GECKO_SetReg
                0x200221cc      0x138 C:/ISIS/workspace/HOOPOE3/satellite-subsystems/demo/..//satellite-subsystems/lib\libSatelliteSubsystemsD.a(gecko_driver.o)
                0x200221cc                GECKO_SetReg
 .text.GECKO_GetReg
                0x20022304      0x110 C:/ISIS/workspace/HOOPOE3/satellite-subsystems/demo/..//satellite-subsystems/lib\libSatelliteSubsystemsD.a(gecko_driver.o)
                0x20022304                GECKO_GetReg
 .text.GECKO_GetImgData
                0x20022414       0x5c C:/ISIS/workspace/HOOPOE3/satellite-subsystems/demo/..//satellite-subsystems/lib\libSatelliteSubsystemsD.a(gecko_driver.o)
                0x20022414                GECKO_GetImgData
 .text.GECKO_StartReadout
                0x20022470       0xb8 C:/ISIS/workspace/HOOPOE3/satellite-subsystems/demo/..//satellite-subsystems/lib\libSatelliteSubsystemsD.a(gecko_driver.o)
                0x20022470                GECKO_StartReadout
 .text.GECKO_StartSample
                0x20022528       0xb8 C:/ISIS/workspace/HOOPOE3/satellite-subsystems/demo/..//satellite-subsystems/lib\libSatelliteSubsystemsD.a(gecko_driver.o)
                0x20022528                GECKO_StartSample
 .text.GECKO_StartErase
                0x200225e0       0xb8 C:/ISIS/workspace/HOOPOE3/satellite-subsystems/demo/..//satellite-subsystems/lib\libSatelliteSubsystemsD.a(gecko_driver.o)
                0x200225e0                GECKO_StartErase
 .text.GECKO_EnableTestPattern
                0x20022698       0xb8 C:/ISIS/workspace/HOOPOE3/satellite-subsystems/demo/..//satellite-subsystems/lib\libSatelliteSubsystemsD.a(gecko_driver.o)
                0x20022698                GECKO_EnableTestPattern
 .text.GECKO_DisableTestPattern
                0x20022750       0xb4 C:/ISIS/workspace/HOOPOE3/satellite-subsystems/demo/..//satellite-subsystems/lib\libSatelliteSubsystemsD.a(gecko_driver.o)
                0x20022750                GECKO_DisableTestPattern
 .text.GECKO_GetFlashInitDone
                0x20022804       0x64 C:/ISIS/workspace/HOOPOE3/satellite-subsystems/demo/..//satellite-subsystems/lib\libSatelliteSubsystemsD.a(gecko_driver.o)
                0x20022804                GECKO_GetFlashInitDone
 .text.GECKO_GetReadReady
                0x20022868       0x64 C:/ISIS/workspace/HOOPOE3/satellite-subsystems/demo/..//satellite-subsystems/lib\libSatelliteSubsystemsD.a(gecko_driver.o)
                0x20022868                GECKO_GetReadReady
 .text.GECKO_GetReadDone
                0x200228cc       0x64 C:/ISIS/workspace/HOOPOE3/satellite-subsystems/demo/..//satellite-subsystems/lib\libSatelliteSubsystemsD.a(gecko_driver.o)
                0x200228cc                GECKO_GetReadDone
 .text.GECKO_GetSampleDone
                0x20022930       0x64 C:/ISIS/workspace/HOOPOE3/satellite-subsystems/demo/..//satellite-subsystems/lib\libSatelliteSubsystemsD.a(gecko_driver.o)
                0x20022930                GECKO_GetSampleDone
 .text.GECKO_GetEraseDone
                0x20022994       0x64 C:/ISIS/workspace/HOOPOE3/satellite-subsystems/demo/..//satellite-subsystems/lib\libSatelliteSubsystemsD.a(gecko_driver.o)
                0x20022994                GECKO_GetEraseDone
 .text.GECKO_ClearReadDone
                0x200229f8       0xb4 C:/ISIS/workspace/HOOPOE3/satellite-subsystems/demo/..//satellite-subsystems/lib\libSatelliteSubsystemsD.a(gecko_driver.o)
                0x200229f8                GECKO_ClearReadDone
 .text.GECKO_ClearSampleDone
                0x20022aac       0xb4 C:/ISIS/workspace/HOOPOE3/satellite-subsystems/demo/..//satellite-subsystems/lib\libSatelliteSubsystemsD.a(gecko_driver.o)
                0x20022aac                GECKO_ClearSampleDone
 .text.GECKO_ClearEraseDone
                0x20022b60       0xb4 C:/ISIS/workspace/HOOPOE3/satellite-subsystems/demo/..//satellite-subsystems/lib\libSatelliteSubsystemsD.a(gecko_driver.o)
                0x20022b60                GECKO_ClearEraseDone
 .text.GECKO_SetImageID
                0x20022c14       0xcc C:/ISIS/workspace/HOOPOE3/satellite-subsystems/demo/..//satellite-subsystems/lib\libSatelliteSubsystemsD.a(gecko_driver.o)
                0x20022c14                GECKO_SetImageID
 .text.GECKO_SetFrameAmount
                0x20022ce0       0xbc C:/ISIS/workspace/HOOPOE3/satellite-subsystems/demo/..//satellite-subsystems/lib\libSatelliteSubsystemsD.a(gecko_driver.o)
                0x20022ce0                GECKO_SetFrameAmount
 .text.GECKO_SensorOn
                0x20022d9c       0xb8 C:/ISIS/workspace/HOOPOE3/satellite-subsystems/demo/..//satellite-subsystems/lib\libSatelliteSubsystemsD.a(gecko_driver.o)
                0x20022d9c                GECKO_SensorOn
 .text.GECKO_SensorOff
                0x20022e54       0xb4 C:/ISIS/workspace/HOOPOE3/satellite-subsystems/demo/..//satellite-subsystems/lib\libSatelliteSubsystemsD.a(gecko_driver.o)
                0x20022e54                GECKO_SensorOff
 .text.GECKO_SetFrameRate
                0x20022f08       0xc4 C:/ISIS/workspace/HOOPOE3/satellite-subsystems/demo/..//satellite-subsystems/lib\libSatelliteSubsystemsD.a(gecko_driver.o)
                0x20022f08                GECKO_SetFrameRate
 .text.GECKO_GetTrainingDone
                0x20022fcc       0x64 C:/ISIS/workspace/HOOPOE3/satellite-subsystems/demo/..//satellite-subsystems/lib\libSatelliteSubsystemsD.a(gecko_driver.o)
                0x20022fcc                GECKO_GetTrainingDone
 .text.GECKO_GetTrainingError
                0x20023030       0x64 C:/ISIS/workspace/HOOPOE3/satellite-subsystems/demo/..//satellite-subsystems/lib\libSatelliteSubsystemsD.a(gecko_driver.o)
                0x20023030                GECKO_GetTrainingError
 .text.GECKO_SetAdcGain
                0x20023094       0xc4 C:/ISIS/workspace/HOOPOE3/satellite-subsystems/demo/..//satellite-subsystems/lib\libSatelliteSubsystemsD.a(gecko_driver.o)
                0x20023094                GECKO_SetAdcGain
 .text.GECKO_SetPgaGain
                0x20023158       0xcc C:/ISIS/workspace/HOOPOE3/satellite-subsystems/demo/..//satellite-subsystems/lib\libSatelliteSubsystemsD.a(gecko_driver.o)
                0x20023158                GECKO_SetPgaGain
 .text.GECKO_SetOffset
                0x20023224       0xd0 C:/ISIS/workspace/HOOPOE3/satellite-subsystems/demo/..//satellite-subsystems/lib\libSatelliteSubsystemsD.a(gecko_driver.o)
                0x20023224                GECKO_SetOffset
 .text.GECKO_SetExposure
                0x200232f4       0xc4 C:/ISIS/workspace/HOOPOE3/satellite-subsystems/demo/..//satellite-subsystems/lib\libSatelliteSubsystemsD.a(gecko_driver.o)
                0x200232f4                GECKO_SetExposure
 .text.GECKO_GetVoltageInput5V
                0x200233b8       0xf4 C:/ISIS/workspace/HOOPOE3/satellite-subsystems/demo/..//satellite-subsystems/lib\libSatelliteSubsystemsD.a(gecko_driver.o)
                0x200233b8                GECKO_GetVoltageInput5V
 .text.GECKO_GetCurrentInput5V
                0x200234ac      0x130 C:/ISIS/workspace/HOOPOE3/satellite-subsystems/demo/..//satellite-subsystems/lib\libSatelliteSubsystemsD.a(gecko_driver.o)
                0x200234ac                GECKO_GetCurrentInput5V
 .text.GECKO_GetVoltageFPGA1V
                0x200235dc       0xd4 C:/ISIS/workspace/HOOPOE3/satellite-subsystems/demo/..//satellite-subsystems/lib\libSatelliteSubsystemsD.a(gecko_driver.o)
                0x200235dc                GECKO_GetVoltageFPGA1V
 .text.GECKO_GetCurrentFPGA1V
                0x200236b0      0x130 C:/ISIS/workspace/HOOPOE3/satellite-subsystems/demo/..//satellite-subsystems/lib\libSatelliteSubsystemsD.a(gecko_driver.o)
                0x200236b0                GECKO_GetCurrentFPGA1V
 .text.GECKO_GetVoltageFPGA1V8
                0x200237e0       0xd4 C:/ISIS/workspace/HOOPOE3/satellite-subsystems/demo/..//satellite-subsystems/lib\libSatelliteSubsystemsD.a(gecko_driver.o)
                0x200237e0                GECKO_GetVoltageFPGA1V8
 .text.GECKO_GetCurrentFPGA1V8
                0x200238b4      0x130 C:/ISIS/workspace/HOOPOE3/satellite-subsystems/demo/..//satellite-subsystems/lib\libSatelliteSubsystemsD.a(gecko_driver.o)
                0x200238b4                GECKO_GetCurrentFPGA1V8
 .text.GECKO_GetVoltageFPGA2V5
                0x200239e4       0xe8 C:/ISIS/workspace/HOOPOE3/satellite-subsystems/demo/..//satellite-subsystems/lib\libSatelliteSubsystemsD.a(gecko_driver.o)
                0x200239e4                GECKO_GetVoltageFPGA2V5
 .text.GECKO_GetCurrentFPGA2V5
                0x20023acc      0x130 C:/ISIS/workspace/HOOPOE3/satellite-subsystems/demo/..//satellite-subsystems/lib\libSatelliteSubsystemsD.a(gecko_driver.o)
                0x20023acc                GECKO_GetCurrentFPGA2V5
 .text.GECKO_GetVoltageFPGA3V3
                0x20023bfc       0xe8 C:/ISIS/workspace/HOOPOE3/satellite-subsystems/demo/..//satellite-subsystems/lib\libSatelliteSubsystemsD.a(gecko_driver.o)
                0x20023bfc                GECKO_GetVoltageFPGA3V3
 .text.GECKO_GetCurrentFPGA3V3
                0x20023ce4      0x130 C:/ISIS/workspace/HOOPOE3/satellite-subsystems/demo/..//satellite-subsystems/lib\libSatelliteSubsystemsD.a(gecko_driver.o)
                0x20023ce4                GECKO_GetCurrentFPGA3V3
 .text.GECKO_GetVoltageFlash1V8
                0x20023e14       0xd4 C:/ISIS/workspace/HOOPOE3/satellite-subsystems/demo/..//satellite-subsystems/lib\libSatelliteSubsystemsD.a(gecko_driver.o)
                0x20023e14                GECKO_GetVoltageFlash1V8
 .text.GECKO_GetCurrentFlash1V8
                0x20023ee8      0x130 C:/ISIS/workspace/HOOPOE3/satellite-subsystems/demo/..//satellite-subsystems/lib\libSatelliteSubsystemsD.a(gecko_driver.o)
                0x20023ee8                GECKO_GetCurrentFlash1V8
 .text.GECKO_GetVoltageFlash3V3
                0x20024018       0xe8 C:/ISIS/workspace/HOOPOE3/satellite-subsystems/demo/..//satellite-subsystems/lib\libSatelliteSubsystemsD.a(gecko_driver.o)
                0x20024018                GECKO_GetVoltageFlash3V3
 .text.GECKO_GetCurrentFlash3V3
                0x20024100      0x130 C:/ISIS/workspace/HOOPOE3/satellite-subsystems/demo/..//satellite-subsystems/lib\libSatelliteSubsystemsD.a(gecko_driver.o)
                0x20024100                GECKO_GetCurrentFlash3V3
 .text.GECKO_GetVoltageSNSR1V8
                0x20024230       0xe8 C:/ISIS/workspace/HOOPOE3/satellite-subsystems/demo/..//satellite-subsystems/lib\libSatelliteSubsystemsD.a(gecko_driver.o)
                0x20024230                GECKO_GetVoltageSNSR1V8
 .text.GECKO_GetCurrentSNSR1V8
                0x20024318      0x130 C:/ISIS/workspace/HOOPOE3/satellite-subsystems/demo/..//satellite-subsystems/lib\libSatelliteSubsystemsD.a(gecko_driver.o)
                0x20024318                GECKO_GetCurrentSNSR1V8
 .text.GECKO_GetVoltageSNSRVDDPIX
                0x20024448       0xe8 C:/ISIS/workspace/HOOPOE3/satellite-subsystems/demo/..//satellite-subsystems/lib\libSatelliteSubsystemsD.a(gecko_driver.o)
                0x20024448                GECKO_GetVoltageSNSRVDDPIX
 .text.GECKO_GetCurrentSNSRVDDPIX
                0x20024530      0x130 C:/ISIS/workspace/HOOPOE3/satellite-subsystems/demo/..//satellite-subsystems/lib\libSatelliteSubsystemsD.a(gecko_driver.o)