Archive member included because of file (symbol)

c:/isis/application/toolchain/bin/../lib/gcc/arm-none-eabi/4.7.4/../../../../arm-none-eabi/lib\libc_s.a(lib_a-vfprintf_float.o)
                              (_printf_float)
c:/isis/application/toolchain/bin/../lib/gcc/arm-none-eabi/4.7.4/../../../../arm-none-eabi/lib\libc_s.a(lib_a-vfprintf_i.o)
                              c:/isis/application/toolchain/bin/../lib/gcc/arm-none-eabi/4.7.4/../../../../arm-none-eabi/lib\libc_s.a(lib_a-vfprintf_float.o) (_printf_common)
c:/isis/application/toolchain/bin/../lib/gcc/arm-none-eabi/4.7.4/../../../../arm-none-eabi/lib\libc_s.a(lib_a-vfscanf_float.o)
                              (_scanf_float)
c:/isis/application/toolchain/bin/../lib/gcc/arm-none-eabi/4.7.4/../../../../arm-none-eabi/lib\libc_s.a(lib_a-dtoa.o)
                              c:/isis/application/toolchain/bin/../lib/gcc/arm-none-eabi/4.7.4/../../../../arm-none-eabi/lib\libc_s.a(lib_a-vfprintf_float.o) (_dtoa_r)
c:/isis/application/toolchain/bin/../lib/gcc/arm-none-eabi/4.7.4/../../../../arm-none-eabi/lib\libc_s.a(lib_a-locale.o)
                              c:/isis/application/toolchain/bin/../lib/gcc/arm-none-eabi/4.7.4/../../../../arm-none-eabi/lib\libc_s.a(lib_a-vfprintf_float.o) (_localeconv_r)
c:/isis/application/toolchain/bin/../lib/gcc/arm-none-eabi/4.7.4/../../../../arm-none-eabi/lib\libc_s.a(lib_a-malloc.o)
                              c:/isis/application/toolchain/bin/../lib/gcc/arm-none-eabi/4.7.4/../../../../arm-none-eabi/lib\libc_s.a(lib_a-dtoa.o) (malloc)
c:/isis/application/toolchain/bin/../lib/gcc/arm-none-eabi/4.7.4/../../../../arm-none-eabi/lib\libc_s.a(lib_a-mallocr.o)
                              c:/isis/application/toolchain/bin/../lib/gcc/arm-none-eabi/4.7.4/../../../../arm-none-eabi/lib\libc_s.a(lib_a-malloc.o) (_malloc_r)
c:/isis/application/toolchain/bin/../lib/gcc/arm-none-eabi/4.7.4/../../../../arm-none-eabi/lib\libc_s.a(lib_a-memcpy.o)
                              c:/isis/application/toolchain/bin/../lib/gcc/arm-none-eabi/4.7.4/../../../../arm-none-eabi/lib\libc_s.a(lib_a-dtoa.o) (memcpy)
c:/isis/application/toolchain/bin/../lib/gcc/arm-none-eabi/4.7.4/../../../../arm-none-eabi/lib\libc_s.a(lib_a-mprec.o)
                              c:/isis/application/toolchain/bin/../lib/gcc/arm-none-eabi/4.7.4/../../../../arm-none-eabi/lib\libc_s.a(lib_a-dtoa.o) (_Balloc)
c:/isis/application/toolchain/bin/../lib/gcc/arm-none-eabi/4.7.4/../../../../arm-none-eabi/lib\libc_s.a(lib_a-s_fpclassify.o)
                              c:/isis/application/toolchain/bin/../lib/gcc/arm-none-eabi/4.7.4/../../../../arm-none-eabi/lib\libc_s.a(lib_a-vfprintf_float.o) (__fpclassifyd)
c:/isis/application/toolchain/bin/../lib/gcc/arm-none-eabi/4.7.4/../../../../arm-none-eabi/lib\libc_s.a(lib_a-sbrkr.o)
                              c:/isis/application/toolchain/bin/../lib/gcc/arm-none-eabi/4.7.4/../../../../arm-none-eabi/lib\libc_s.a(lib_a-mallocr.o) (_sbrk_r)
c:/isis/application/toolchain/bin/../lib/gcc/arm-none-eabi/4.7.4/../../../../arm-none-eabi/lib\libc_s.a(lib_a-sf_nan.o)
                              c:/isis/application/toolchain/bin/../lib/gcc/arm-none-eabi/4.7.4/../../../../arm-none-eabi/lib\libc_s.a(lib_a-vfscanf_float.o) (nanf)
c:/isis/application/toolchain/bin/../lib/gcc/arm-none-eabi/4.7.4/../../../../arm-none-eabi/lib\libc_s.a(lib_a-sprintf.o)
                              c:/isis/application/toolchain/bin/../lib/gcc/arm-none-eabi/4.7.4/../../../../arm-none-eabi/lib\libc_s.a(lib_a-vfscanf_float.o) (sprintf)
c:/isis/application/toolchain/bin/../lib/gcc/arm-none-eabi/4.7.4/../../../../arm-none-eabi/lib\libc_s.a(lib_a-strcmp.o)
                              c:/isis/application/toolchain/bin/../lib/gcc/arm-none-eabi/4.7.4/../../../../arm-none-eabi/lib\libc_s.a(lib_a-locale.o) (strcmp)
c:/isis/application/toolchain/bin/../lib/gcc/arm-none-eabi/4.7.4/../../../../arm-none-eabi/lib\libc_s.a(lib_a-strlen.o)
                              c:/isis/application/toolchain/bin/../lib/gcc/arm-none-eabi/4.7.4/../../../../arm-none-eabi/lib\libc_s.a(lib_a-vfprintf_float.o) (strlen)
c:/isis/application/toolchain/bin/../lib/gcc/arm-none-eabi/4.7.4/../../../../arm-none-eabi/lib\libc_s.a(lib_a-strtod.o)
                              c:/isis/application/toolchain/bin/../lib/gcc/arm-none-eabi/4.7.4/../../../../arm-none-eabi/lib\libc_s.a(lib_a-vfscanf_float.o) (_strtod_r)
c:/isis/application/toolchain/bin/../lib/gcc/arm-none-eabi/4.7.4/../../../../arm-none-eabi/lib\libc_s.a(lib_a-strtol.o)
                              c:/isis/application/toolchain/bin/../lib/gcc/arm-none-eabi/4.7.4/../../../../arm-none-eabi/lib\libc_s.a(lib_a-vfscanf_float.o) (_strtol_r)
c:/isis/application/toolchain/bin/../lib/gcc/arm-none-eabi/4.7.4/../../../../arm-none-eabi/lib\libc_s.a(lib_a-svfprintf.o)
                              c:/isis/application/toolchain/bin/../lib/gcc/arm-none-eabi/4.7.4/../../../../arm-none-eabi/lib\libc_s.a(lib_a-sprintf.o) (_svfprintf_r)
[...]
Memory Configuration

Name             Origin             Length             Attributes
sram0            0x00200000         0x00004000         w !xr
sram1            0x00300000         0x00004000         w !xr
sdram            0x20000000         0x02000000         w !xr
*default*        0x00000000         0xffffffff

Linker script and memory map

LOAD c:/isis/application/toolchain/bin/../lib/gcc/arm-none-eabi/4.7.4/../../../../arm-none-eabi/lib\libc_s.a
LOAD ./src/sub-systemCode/payload/Request Management/Dump/Butchering.o
LOAD ./src/sub-systemCode/payload/Request Management/Dump/imageDump.o
LOAD ./src/sub-systemCode/payload/Request Management/CameraManeger.o
LOAD ./src/sub-systemCode/payload/Request Management/DB_RequestHandling.o
LOAD ./src/sub-systemCode/payload/Misc/Boolean_bit.o
LOAD ./src/sub-systemCode/payload/Misc/FileSystem.o
LOAD ./src/sub-systemCode/payload/Drivers/GeckoCameraDriver.o
LOAD ./src/sub-systemCode/payload/DataBase/DataBase.o
LOAD ./src/sub-systemCode/payload/Compression/jpeg/bmp/rawToBMP.o
LOAD ./src/sub-systemCode/payload/Compression/jpeg/DCT.o
LOAD ./src/sub-systemCode/payload/Compression/jpeg/ImgCompressor.o
LOAD ./src/sub-systemCode/payload/Compression/jpeg/color_conv.o
LOAD ./src/sub-systemCode/payload/Compression/jpeg/jpeg.o
LOAD ./src/sub-systemCode/payload/Compression/jpeg/jpeg_encoder.o
LOAD ./src/sub-systemCode/payload/Compression/jpeg/jpeg_memory_alloc.o
LOAD ./src/sub-systemCode/payload/Compression/jpeg/jpeg_params.o
LOAD ./src/sub-systemCode/payload/Compression/jpeg/output_stream.o
LOAD ./src/sub-systemCode/payload/Compression/ImageConversion.o
LOAD ./src/sub-systemCode/Main/CMD/ADCS_CMD.o
LOAD ./src/sub-systemCode/Main/CMD/COMM_CMD.o
LOAD ./src/sub-systemCode/Main/CMD/EPS_CMD.o
LOAD ./src/sub-systemCode/Main/CMD/General_CMD.o
LOAD ./src/sub-systemCode/Main/CMD/SW_CMD.o
LOAD ./src/sub-systemCode/Main/CMD/payload_CMD.o
LOAD ./src/sub-systemCode/Main/Ants.o
LOAD ./src/sub-systemCode/Main/EPS.o
LOAD ./src/sub-systemCode/Main/HouseKeeping.o
LOAD ./src/sub-systemCode/Main/Main_Init.o
LOAD ./src/sub-systemCode/Main/commands.o
LOAD ./src/sub-systemCode/Global/Global.o
LOAD ./src/sub-systemCode/Global/GlobalParam.o
LOAD ./src/sub-systemCode/Global/OnlineTM.o
LOAD ./src/sub-systemCode/Global/TLM_management.o
LOAD ./src/sub-systemCode/Global/freertosExtended.o
LOAD ./src/sub-systemCode/Global/logger.o
LOAD ./src/sub-systemCode/COMM/APRS.o
LOAD ./src/sub-systemCode/COMM/DelayedCommand_list.o
LOAD ./src/sub-systemCode/COMM/GSC.o
LOAD ./src/sub-systemCode/COMM/TRXVU.o
LOAD ./src/sub-systemCode/ADCS/AdcsCommands.o
LOAD ./src/sub-systemCode/ADCS/AdcsGetDataAndTlm.o
LOAD ./src/sub-systemCode/ADCS/AdcsMain.o
LOAD ./src/sub-systemCode/ADCS/AdcsTest.o
LOAD ./src/sub-systemCode/ADCS/AdcsTroubleShooting.o
LOAD ./src/sub-systemCode/ADCS/StateMachine.o
LOAD ./src/main.o
LOAD C:/Users/97250/Documents/GitHub/online/HOOPOE3/satellite-subsystems/demo/..//satellite-subsystems/lib\libSatelliteSubsystemsD.a
LOAD c:/isis/application/toolchain/bin/../lib/gcc/arm-none-eabi/4.7.4/../../../../arm-none-eabi/lib\libm.a
LOAD C:/Users/97250/Documents/GitHub/online/HOOPOE3/satellite-subsystems/demo/../..//hal/hcc/lib\libHCCD.a
LOAD C:/Users/97250/Documents/GitHub/online/HOOPOE3/satellite-subsystems/demo/../..//hal/hal/lib\libHALD.a
LOAD C:/Users/97250/Documents/GitHub/online/HOOPOE3/satellite-subsystems/demo/../..//hal/freertos/lib\libFreeRTOSD.a
LOAD C:/Users/97250/Documents/GitHub/online/HOOPOE3/satellite-subsystems/demo/../..//hal/at91/lib\libAt91D.a
START GROUP
LOAD c:/isis/application/toolchain/bin/../lib/gcc/arm-none-eabi/4.7.4\libgcc.a
LOAD c:/isis/application/toolchain/bin/../lib/gcc/arm-none-eabi/4.7.4/../../../../arm-none-eabi/lib\libc_s.a
END GROUP

.fixed          0x20000000    0x50bf4
                0x20000000                . = ALIGN (0x4)
                0x20000000                _sfixed = .
 *(.startup)
 .startup       0x20000000      0x134 C:/Users/97250/Documents/GitHub/online/HOOPOE3/satellite-subsystems/demo/../..//hal/at91/lib\libAt91D.a(board_cstartup.o)
                0x20000000                entry
 *(.text)
 .text          0x20000134       0x64 C:/Users/97250/Documents/GitHub/online/HOOPOE3/satellite-subsystems/demo/../..//hal/at91/lib\libAt91D.a(cp15_asm.o)
                0x20000134                _readControlRegister
                0x20000140                _writeControlRegister
                0x20000148                _waitForInterrupt
                0x20000154                _writeTTB
                0x2000015c                _writeDomain
                0x20000164                _writeITLBLockdown
                0x2000016c                _prefetchICacheLine
                0x20000174                _flushDCache
                0x20000180                _flushWriteBuffer
                0x2000018c                _invalidateIDTLBs
 .text          0x20000198      0x114 c:/isis/application/toolchain/bin/../lib/gcc/arm-none-eabi/4.7.4\libgcc.a(_udivsi3.o)
                0x20000198                __aeabi_uidiv
                0x20000198                __udivsi3
                0x2000028c                __aeabi_uidivmod
 .text          0x200002ac      0x148 c:/isis/application/toolchain/bin/../lib/gcc/arm-none-eabi/4.7.4\libgcc.a(_divsi3.o)
                0x200002ac                __divsi3
                0x200002ac                __aeabi_idiv
                0x200003d4                __aeabi_idivmod
 .text          0x200003f4        0x4 c:/isis/application/toolchain/bin/../lib/gcc/arm-none-eabi/4.7.4\libgcc.a(_dvmd_tls.o)
                0x200003f4                __aeabi_idiv0
                0x200003f4                __aeabi_ldiv0
 .text          0x200003f8      0x41c c:/isis/application/toolchain/bin/../lib/gcc/arm-none-eabi/4.7.4\libgcc.a(_arm_addsubdf3.o)
                0x200003f8                __aeabi_drsub
                0x20000400                __aeabi_dsub
                0x20000400                __subdf3
                0x20000404                __aeabi_dadd
                0x20000404                __adddf3
                0x20000714                __floatunsidf
                0x20000714                __aeabi_ui2d
                0x20000738                __floatsidf
                0x20000738                __aeabi_i2d
                0x20000760                __aeabi_f2d
                0x20000760                __extendsfdf2
                0x200007a0                __floatundidf
                0x200007a0                __aeabi_ul2d
                0x200007b4                __floatdidf
                0x200007b4                __aeabi_l2d
 .text          0x20000814      0x49c c:/isis/application/toolchain/bin/../lib/gcc/arm-none-eabi/4.7.4\libgcc.a(_arm_muldivdf3.o)
                0x20000814                __aeabi_dmul
                0x20000814                __muldf3
                0x20000aa4                __divdf3
                0x20000aa4                __aeabi_ddiv
 .text          0x20000cb0      0x144 c:/isis/application/toolchain/bin/../lib/gcc/arm-none-eabi/4.7.4\libgcc.a(_arm_cmpdf2.o)
                0x20000cb0                __gtdf2
                0x20000cb0                __gedf2
                0x20000cb8                __ltdf2
                0x20000cb8                __ledf2
                0x20000cc0                __nedf2
                0x20000cc0                __eqdf2
                0x20000cc0                __cmpdf2
                0x20000d48                __aeabi_cdrcmple
                0x20000d64                __aeabi_cdcmpeq
                0x20000d64                __aeabi_cdcmple
                0x20000d7c                __aeabi_dcmpeq
                0x20000d94                __aeabi_dcmplt
                0x20000dac                __aeabi_dcmple
                0x20000dc4                __aeabi_dcmpge
                0x20000ddc                __aeabi_dcmpgt
 .text          0x20000df4       0x5c c:/isis/application/toolchain/bin/../lib/gcc/arm-none-eabi/4.7.4\libgcc.a(_arm_fixdfsi.o)
                0x20000df4                __aeabi_d2iz
                0x20000df4                __fixdfsi
 .text          0x20000e50       0x54 c:/isis/application/toolchain/bin/../lib/gcc/arm-none-eabi/4.7.4\libgcc.a(_arm_fixunsdfsi.o)
                0x20000e50                __aeabi_d2uiz
                0x20000e50                __fixunsdfsi
 .text          0x20000ea4       0xa0 c:/isis/application/toolchain/bin/../lib/gcc/arm-none-eabi/4.7.4\libgcc.a(_arm_truncdfsf2.o)
                0x20000ea4                __truncdfsf2
                0x20000ea4                __aeabi_d2f
 .text          0x20000f44      0x2ac c:/isis/application/toolchain/bin/../lib/gcc/arm-none-eabi/4.7.4\libgcc.a(_arm_addsubsf3.o)
                0x20000f44                __aeabi_frsub
                0x20000f4c                __subsf3
                0x20000f4c                __aeabi_fsub
                0x20000f50                __aeabi_fadd
                0x20000f50                __addsf3
                0x2000110c                __aeabi_ui2f
                0x2000110c                __floatunsisf
                0x20001114                __aeabi_i2f
                0x20001114                __floatsisf
                0x20001134                __aeabi_ul2f
                0x20001134                __floatundisf
                0x20001144                __aeabi_l2f
                0x20001144                __floatdisf
 .text          0x200011f0      0x2f8 c:/isis/application/toolchain/bin/../lib/gcc/arm-none-eabi/4.7.4\libgcc.a(_arm_muldivsf3.o)
                0x200011f0                __mulsf3
                0x200011f0                __aeabi_fmul
                0x20001388                __aeabi_fdiv
                0x20001388                __divsf3
 .text          0x200014e8       0x5c c:/isis/application/toolchain/bin/../lib/gcc/arm-none-eabi/4.7.4\libgcc.a(_arm_fixsfsi.o)
                0x200014e8                __aeabi_f2iz
                0x200014e8                __fixsfsi
 .text          0x20001544       0x54 c:/isis/application/toolchain/bin/../lib/gcc/arm-none-eabi/4.7.4\libgcc.a(_arm_fixunssfsi.o)
                0x20001544                __fixunssfsi
                0x20001544                __aeabi_f2uiz
 *(.text*)
 .text.__cvt    0x20001598      0x138 c:/isis/application/toolchain/bin/../lib/gcc/arm-none-eabi/4.7.4/../../../../arm-none-eabi/lib\libc_s.a(lib_a-vfprintf_float.o)
                0x20001598                __cvt
 .text.__exponent
                0x200016d0       0xa8 c:/isis/application/toolchain/bin/../lib/gcc/arm-none-eabi/4.7.4/../../../../arm-none-eabi/lib\libc_s.a(lib_a-vfprintf_float.o)
                0x200016d0                __exponent
 .text._printf_float
                0x20001778      0x7dc c:/isis/application/toolchain/bin/../lib/gcc/arm-none-eabi/4.7.4/../../../../arm-none-eabi/lib\libc_s.a(lib_a-vfprintf_float.o)
                0x20001778                _printf_float
 .text._printf_common
                0x20001f54      0x174 c:/isis/application/toolchain/bin/../lib/gcc/arm-none-eabi/4.7.4/../../../../arm-none-eabi/lib\libc_s.a(lib_a-vfprintf_i.o)
                0x20001f54                _printf_common
 .text._printf_i
                0x200020c8      0x3c4 c:/isis/application/toolchain/bin/../lib/gcc/arm-none-eabi/4.7.4/../../../../arm-none-eabi/lib\libc_s.a(lib_a-vfprintf_i.o)
                0x200020c8                _printf_i
 .text._scanf_float
                0x2000248c      0x5f4 c:/isis/application/toolchain/bin/../lib/gcc/arm-none-eabi/4.7.4/../../../../arm-none-eabi/lib\libc_s.a(lib_a-vfscanf_float.o)
                0x2000248c                _scanf_float
 .text.quorem   0x20002a80      0x1ac c:/isis/application/toolchain/bin/../lib/gcc/arm-none-eabi/4.7.4/../../../../arm-none-eabi/lib\libc_s.a(lib_a-dtoa.o)
 .text._dtoa_r  0x20002c2c     0x1268 c:/isis/application/toolchain/bin/../lib/gcc/arm-none-eabi/4.7.4/../../../../arm-none-eabi/lib\libc_s.a(lib_a-dtoa.o)
                0x20002c2c                _dtoa_r
 .text._localeconv_r
                0x20003e94        0xc c:/isis/application/toolchain/bin/../lib/gcc/arm-none-eabi/4.7.4/../../../../arm-none-eabi/lib\libc_s.a(lib_a-locale.o)
                0x20003e94                _localeconv_r
 .text.malloc   0x20003ea0       0x20 c:/isis/application/toolchain/bin/../lib/gcc/arm-none-eabi/4.7.4/../../../../arm-none-eabi/lib\libc_s.a(lib_a-malloc.o)
                0x20003ea0                malloc
 .text.free     0x20003ec0       0x20 c:/isis/application/toolchain/bin/../lib/gcc/arm-none-eabi/4.7.4/../../../../arm-none-eabi/lib\libc_s.a(lib_a-malloc.o)
                0x20003ec0                free
 .text._malloc_r
                0x20003ee0       0xfc c:/isis/application/toolchain/bin/../lib/gcc/arm-none-eabi/4.7.4/../../../../arm-none-eabi/lib\libc_s.a(lib_a-mallocr.o)
                0x20003ee0                _malloc_r
 .text.memcpy   0x20003fdc       0x20 c:/isis/application/toolchain/bin/../lib/gcc/arm-none-eabi/4.7.4/../../../../arm-none-eabi/lib\libc_s.a(lib_a-memcpy.o)
                0x20003fdc                memcpy
 .text._Balloc  0x20003ffc       0xcc c:/isis/application/toolchain/bin/../lib/gcc/arm-none-eabi/4.7.4/../../../../arm-none-eabi/lib\libc_s.a(lib_a-mprec.o)
                0x20003ffc                _Balloc
 .text._Bfree   0x200040c8       0x5c c:/isis/application/toolchain/bin/../lib/gcc/arm-none-eabi/4.7.4/../../../../arm-none-eabi/lib\libc_s.a(lib_a-mprec.o)
                0x200040c8                _Bfree
 .text.__multadd
                0x20004124       0xbc c:/isis/application/toolchain/bin/../lib/gcc/arm-none-eabi/4.7.4/../../../../arm-none-eabi/lib\libc_s.a(lib_a-mprec.o)
                0x20004124                __multadd
 .text.__s2b    0x200041e0       0xd8 c:/isis/application/toolchain/bin/../lib/gcc/arm-none-eabi/4.7.4/../../../../arm-none-eabi/lib\libc_s.a(lib_a-mprec.o)
                0x200041e0                __s2b
 .text.__hi0bits
                0x200042b8       0x58 c:/isis/application/toolchain/bin/../lib/gcc/arm-none-eabi/4.7.4/../../../../arm-none-eabi/lib\libc_s.a(lib_a-mprec.o)
                0x200042b8                __hi0bits
 .text.__lo0bits
                0x20004310       0x94 c:/isis/application/toolchain/bin/../lib/gcc/arm-none-eabi/4.7.4/../../../../arm-none-eabi/lib\libc_s.a(lib_a-mprec.o)
                0x20004310                __lo0bits
 .text.__i2b    0x200043a4       0x24 c:/isis/application/toolchain/bin/../lib/gcc/arm-none-eabi/4.7.4/../../../../arm-none-eabi/lib\libc_s.a(lib_a-mprec.o)
                0x200043a4                __i2b
 .text.__multiply
                0x200043c8      0x1ac c:/isis/application/toolchain/bin/../lib/gcc/arm-none-eabi/4.7.4/../../../../arm-none-eabi/lib\libc_s.a(lib_a-mprec.o)
                0x200043c8                __multiply
 .text.__pow5mult
                0x20004574      0x10c c:/isis/application/toolchain/bin/../lib/gcc/arm-none-eabi/4.7.4/../../../../arm-none-eabi/lib\libc_s.a(lib_a-mprec.o)
                0x20004574                __pow5mult
 .text.__lshift
                0x20004680       0xf0 c:/isis/application/toolchain/bin/../lib/gcc/arm-none-eabi/4.7.4/../../../../arm-none-eabi/lib\libc_s.a(lib_a-mprec.o)
                0x20004680                __lshift
 .text.__mcmp   0x20004770       0x60 c:/isis/application/toolchain/bin/../lib/gcc/arm-none-eabi/4.7.4/../../../../arm-none-eabi/lib\libc_s.a(lib_a-mprec.o)
                0x20004770                __mcmp
 .text.__mdiff  0x200047d0      0x128 c:/isis/application/toolchain/bin/../lib/gcc/arm-none-eabi/4.7.4/../../../../arm-none-eabi/lib\libc_s.a(lib_a-mprec.o)
                0x200047d0                __mdiff
 .text.__ulp    0x200048f8       0x5c c:/isis/application/toolchain/bin/../lib/gcc/arm-none-eabi/4.7.4/../../../../arm-none-eabi/lib\libc_s.a(lib_a-mprec.o)
                0x200048f8                __ulp
 .text.__b2d    0x20004954       0xc8 c:/isis/application/toolchain/bin/../lib/gcc/arm-none-eabi/4.7.4/../../../../arm-none-eabi/lib\libc_s.a(lib_a-mprec.o)
                0x20004954                __b2d
 .text.__d2b    0x20004a1c       0xfc c:/isis/application/toolchain/bin/../lib/gcc/arm-none-eabi/4.7.4/../../../../arm-none-eabi/lib\libc_s.a(lib_a-mprec.o)
                0x20004a1c                __d2b
 .text.__ratio  0x20004b18       0x70 c:/isis/application/toolchain/bin/../lib/gcc/arm-none-eabi/4.7.4/../../../../arm-none-eabi/lib\libc_s.a(lib_a-mprec.o)
                0x20004b18                __ratio
 .text.__copybits
                0x20004b88       0x4c c:/isis/application/toolchain/bin/../lib/gcc/arm-none-eabi/4.7.4/../../../../arm-none-eabi/lib\libc_s.a(lib_a-mprec.o)
                0x20004b88                __copybits
 .text.__any_on
                0x20004bd4       0x7c c:/isis/application/toolchain/bin/../lib/gcc/arm-none-eabi/4.7.4/../../../../arm-none-eabi/lib\libc_s.a(lib_a-mprec.o)
                0x20004bd4                __any_on
 .text.__fpclassifyd
                0x20004c50       0x6c c:/isis/application/toolchain/bin/../lib/gcc/arm-none-eabi/4.7.4/../../../../arm-none-eabi/lib\libc_s.a(lib_a-s_fpclassify.o)
                0x20004c50                __fpclassifyd
 .text._sbrk_r  0x20004cbc       0x3c c:/isis/application/toolchain/bin/../lib/gcc/arm-none-eabi/4.7.4/../../../../arm-none-eabi/lib\libc_s.a(lib_a-sbrkr.o)
                0x20004cbc                _sbrk_r
 .text.nanf     0x20004cf8        0xc c:/isis/application/toolchain/bin/../lib/gcc/arm-none-eabi/4.7.4/../../../../arm-none-eabi/lib\libc_s.a(lib_a-sf_nan.o)
                0x20004cf8                nanf
 .text.sprintf  0x20004d04       0x6c c:/isis/application/toolchain/bin/../lib/gcc/arm-none-eabi/4.7.4/../../../../arm-none-eabi/lib\libc_s.a(lib_a-sprintf.o)
                0x20004d04                siprintf
                0x20004d04                sprintf
 .text.strcmp   0x20004d70       0x1c c:/isis/application/toolchain/bin/../lib/gcc/arm-none-eabi/4.7.4/../../../../arm-none-eabi/lib\libc_s.a(lib_a-strcmp.o)
                0x20004d70                strcmp
 .text.strlen   0x20004d8c       0x1c c:/isis/application/toolchain/bin/../lib/gcc/arm-none-eabi/4.7.4/../../../../arm-none-eabi/lib\libc_s.a(lib_a-strlen.o)
                0x20004d8c                strlen
 .text.match    0x20004da8       0x54 c:/isis/application/toolchain/bin/../lib/gcc/arm-none-eabi/4.7.4/../../../../arm-none-eabi/lib\libc_s.a(lib_a-strtod.o)
 .text._strtod_r
                0x20004dfc     0x1168 c:/isis/application/toolchain/bin/../lib/gcc/arm-none-eabi/4.7.4/../../../../arm-none-eabi/lib\libc_s.a(lib_a-strtod.o)
                0x20004dfc                _strtod_r
 .text._strtol_r
                0x20005f64      0x1b8 c:/isis/application/toolchain/bin/../lib/gcc/arm-none-eabi/4.7.4/../../../../arm-none-eabi/lib\libc_s.a(lib_a-strtol.o)
                0x20005f64                _strtol_r
 .text.__ssputc_r
                0x2000611c      0x10c c:/isis/application/toolchain/bin/../lib/gcc/arm-none-eabi/4.7.4/../../../../arm-none-eabi/lib\libc_s.a(lib_a-svfprintf.o)
                0x2000611c                __ssputc_r
 .text._svfprintf_r
                0x20006228      0x328 c:/isis/application/toolchain/bin/../lib/gcc/arm-none-eabi/4.7.4/../../../../arm-none-eabi/lib\libc_s.a(lib_a-svfprintf.o)
                0x20006228                _svfiprintf_r
                0x20006228                _svfprintf_r
 .text._calloc_r
                0x20006550       0x2c c:/isis/application/toolchain/bin/../lib/gcc/arm-none-eabi/4.7.4/../../../../arm-none-eabi/lib\libc_s.a(lib_a-callocr.o)
                0x20006550                _calloc_r
 .text._free_r  0x2000657c      0x108 c:/isis/application/toolchain/bin/../lib/gcc/arm-none-eabi/4.7.4/../../../../arm-none-eabi/lib\libc_s.a(lib_a-freer.o)
                0x2000657c                _free_r
 .text.rshift   0x20006684       0xb0 c:/isis/application/toolchain/bin/../lib/gcc/arm-none-eabi/4.7.4/../../../../arm-none-eabi/lib\libc_s.a(lib_a-gdtoa-gethex.o)
 .text.htinit.constprop.0
                0x20006734       0x34 c:/isis/application/toolchain/bin/../lib/gcc/arm-none-eabi/4.7.4/../../../../arm-none-eabi/lib\libc_s.a(lib_a-gdtoa-gethex.o)
 .text.__hexdig_init
                0x20006768       0x38 c:/isis/application/toolchain/bin/../lib/gcc/arm-none-eabi/4.7.4/../../../../arm-none-eabi/lib\libc_s.a(lib_a-gdtoa-gethex.o)
                0x20006768                __hexdig_init
 .text.__gethex
                0x200067a0      0x6cc c:/isis/application/toolchain/bin/../lib/gcc/arm-none-eabi/4.7.4/../../../../arm-none-eabi/lib\libc_s.a(lib_a-gdtoa-gethex.o)
                0x200067a0                __gethex
 .text.L_shift  0x20006e6c       0x38 c:/isis/application/toolchain/bin/../lib/gcc/arm-none-eabi/4.7.4/../../../../arm-none-eabi/lib\libc_s.a(lib_a-gdtoa-hexnan.o)
 .text.__hexnan
                0x20006ea4      0x1d8 c:/isis/application/toolchain/bin/../lib/gcc/arm-none-eabi/4.7.4/../../../../arm-none-eabi/lib\libc_s.a(lib_a-gdtoa-hexnan.o)
                0x20006ea4                __hexnan
 .text.memchr   0x2000707c       0x34 c:/isis/application/toolchain/bin/../lib/gcc/arm-none-eabi/4.7.4/../../../../arm-none-eabi/lib\libc_s.a(lib_a-memchr.o)
                0x2000707c                memchr
 .text.memset   0x200070b0       0x1c c:/isis/application/toolchain/bin/../lib/gcc/arm-none-eabi/4.7.4/../../../../arm-none-eabi/lib\libc_s.a(lib_a-memset.o)
                0x200070b0                memset
 .text._realloc_r
                0x200070cc       0x80 c:/isis/application/toolchain/bin/../lib/gcc/arm-none-eabi/4.7.4/../../../../arm-none-eabi/lib\libc_s.a(lib_a-reallocr.o)
                0x200070cc                _realloc_r
 .text.strncmp  0x2000714c       0x64 c:/isis/application/toolchain/bin/../lib/gcc/arm-none-eabi/4.7.4/../../../../arm-none-eabi/lib\libc_s.a(lib_a-strncmp.o)
                0x2000714c                strncmp
 .text._malloc_usable_size_r
                0x200071b0       0x1c c:/isis/application/toolchain/bin/../lib/gcc/arm-none-eabi/4.7.4/../../../../arm-none-eabi/lib\libc_s.a(lib_a-msizer.o)
                0x200071b0                _malloc_usable_size_r
 .text.GetChunkFromImage
                0x200071cc      0x2e0 ./src/sub-systemCode/payload/Request Management/Dump/Butchering.o
                0x200071cc                GetChunkFromImage
 .text.SimpleButcher
                0x200074ac       0xf4 ./src/sub-systemCode/payload/Request Management/Dump/Butchering.o
                0x200074ac                SimpleButcher
 .text.readChunkDimentionsFromFRAM
                0x200075a0       0x80 ./src/sub-systemCode/payload/Request Management/Dump/imageDump.o
                0x200075a0                readChunkDimentionsFromFRAM
 .text.setChunkDimensions_inFRAM
                0x20007620      0x10c ./src/sub-systemCode/payload/Request Management/Dump/imageDump.o
                0x20007620                setChunkDimensions_inFRAM
 .text.find_subType_ofImage
                0x2000772c       0xe0 ./src/sub-systemCode/payload/Request Management/Dump/imageDump.o
                0x2000772c                find_subType_ofImage
 .text.buildAndSend_chunck
                0x2000780c      0x320 ./src/sub-systemCode/payload/Request Management/Dump/imageDump.o
                0x2000780c                buildAndSend_chunck
 .text.bitField_imageDump
                0x20007b2c      0x2f0 ./src/sub-systemCode/payload/Request Management/Dump/imageDump.o
                0x20007b2c                bitField_imageDump
 .text.imageDataBase_Dump
                0x20007e1c      0x104 ./src/sub-systemCode/payload/Request Management/Dump/imageDump.o
                0x20007e1c                imageDataBase_Dump
 .text.chunkField_imageDump
                0x20007f20      0x290 ./src/sub-systemCode/payload/Request Management/Dump/imageDump.o
                0x20007f20                chunkField_imageDump
 .text.imageDump_task
                0x200081b0      0x3f4 ./src/sub-systemCode/payload/Request Management/Dump/imageDump.o
                0x200081b0                imageDump_task
 .text.CameraManagerTaskMain
                0x200085a4      0x158 ./src/sub-systemCode/payload/Request Management/CameraManeger.o
                0x200085a4                CameraManagerTaskMain
 .text.initCamera
                0x200086fc       0xa4 ./src/sub-systemCode/payload/Request Management/CameraManeger.o
                0x200086fc                initCamera
 .text.KickStartCamera
                0x200087a0       0xb4 ./src/sub-systemCode/payload/Request Management/CameraManeger.o
                0x200087a0                KickStartCamera
 .text.addRequestToQueue
                0x20008854       0xa8 ./src/sub-systemCode/payload/Request Management/CameraManeger.o
                0x20008854                addRequestToQueue
 .text.removeRequestFromQueue
                0x200088fc       0x7c ./src/sub-systemCode/payload/Request Management/CameraManeger.o
                0x200088fc                removeRequestFromQueue
 .text.Take_pictures_with_time_in_between
                0x20008978       0xb8 ./src/sub-systemCode/payload/Request Management/CameraManeger.o
                0x20008978                Take_pictures_with_time_in_between
 .text.Gecko_TroubleShooter
                0x20008a30       0xdc ./src/sub-systemCode/payload/Request Management/CameraManeger.o
                0x20008a30                Gecko_TroubleShooter
 .text.startDumpTask
                0x20008b0c       0x70 ./src/sub-systemCode/payload/Request Management/CameraManeger.o
                0x20008b0c                startDumpTask
 .text.act_upon_request
                0x20008b7c      0x3d4 ./src/sub-systemCode/payload/Request Management/CameraManeger.o
                0x20008b7c                act_upon_request
 .text.TakePicture
                0x20008f50       0x4c ./src/sub-systemCode/payload/Request Management/DB_RequestHandling.o
                0x20008f50                TakePicture
 .text.TakeSpecialPicture
                0x20008f9c      0x104 ./src/sub-systemCode/payload/Request Management/DB_RequestHandling.o
                0x20008f9c                TakeSpecialPicture
 .text.DeletePictureFile
                0x200090a0       0x88 ./src/sub-systemCode/payload/Request Management/DB_RequestHandling.o
                0x200090a0                DeletePictureFile
 .text.DeletePicture
                0x20009128       0x6c ./src/sub-systemCode/payload/Request Management/DB_RequestHandling.o
                0x20009128                DeletePicture
 .text.TransferPicture
                0x20009194       0x54 ./src/sub-systemCode/payload/Request Management/DB_RequestHandling.o
                0x20009194                TransferPicture
 .text.CreateThumbnail
                0x200091e8       0x80 ./src/sub-systemCode/payload/Request Management/DB_RequestHandling.o
                0x200091e8                CreateThumbnail
 .text.CreateJPG
                0x20009268       0x7c ./src/sub-systemCode/payload/Request Management/DB_RequestHandling.o
                0x20009268                CreateJPG
 .text.UpdatePhotographyValues
                0x200092e4       0xb4 ./src/sub-systemCode/payload/Request Management/DB_RequestHandling.o
                0x200092e4                UpdatePhotographyValues
 .text.setChunkDimensions
                0x20009398       0x64 ./src/sub-systemCode/payload/Request Management/DB_RequestHandling.o
                0x20009398                setChunkDimensions
 .text.convert2char
                0x200093fc      0x14c ./src/sub-systemCode/payload/Misc/Boolean_bit.o
                0x200093fc                convert2char
 .text.convert2byte
                0x20009548      0x1c8 ./src/sub-systemCode/payload/Misc/Boolean_bit.o
                0x20009548                convert2byte
 .text.bits2byte
                0x20009710      0x17c ./src/sub-systemCode/payload/Misc/Boolean_bit.o
                0x20009710                bits2byte
 .text.byte2bits
                0x2000988c      0x17c ./src/sub-systemCode/payload/Misc/Boolean_bit.o
                0x2000988c                byte2bits
 .text.char2bits
                0x20009a08       0x44 ./src/sub-systemCode/payload/Misc/Boolean_bit.o
                0x20009a08                char2bits
 .text.bits2char
                0x20009a4c       0x3c ./src/sub-systemCode/payload/Misc/Boolean_bit.o
                0x20009a4c                bits2char
 .text.ReadFromFile
                0x20009a88       0x6c ./src/sub-systemCode/payload/Misc/FileSystem.o
                0x20009a88                ReadFromFile
 .text.WriteToFile
                0x20009af4       0x74 ./src/sub-systemCode/payload/Misc/FileSystem.o
                0x20009af4                WriteToFile
 .text.Initialized_GPIO
                0x20009b68       0x54 ./src/sub-systemCode/payload/Drivers/GeckoCameraDriver.o
                0x20009b68                Initialized_GPIO
 .text.TurnOnGecko
                0x20009bbc      0x140 ./src/sub-systemCode/payload/Drivers/GeckoCameraDriver.o
                0x20009bbc                TurnOnGecko
 .text.TurnOffGecko
                0x20009cfc       0xd8 ./src/sub-systemCode/payload/Drivers/GeckoCameraDriver.o
                0x20009cfc                TurnOffGecko
 .text.initGecko
                0x20009dd4       0x3c ./src/sub-systemCode/payload/Drivers/GeckoCameraDriver.o
                0x20009dd4                initGecko
 .text.GECKO_TakeImage
                0x20009e10      0x2f4 ./src/sub-systemCode/payload/Drivers/GeckoCameraDriver.o
                0x20009e10                GECKO_TakeImage
 .text.GECKO_ReadImage
                0x2000a104      0x234 ./src/sub-systemCode/payload/Drivers/GeckoCameraDriver.o
                0x2000a104                GECKO_ReadImage
 .text.GECKO_EraseBlock
                0x2000a338       0xf0 ./src/sub-systemCode/payload/Drivers/GeckoCameraDriver.o
                0x2000a338                GECKO_EraseBlock
 .text.getFileName
                0x2000a428      0x1a0 ./src/sub-systemCode/payload/DataBase/DataBase.o
 .text.zeroImageDataBase
                0x2000a5c8       0xfc ./src/sub-systemCode/payload/DataBase/DataBase.o
                0x2000a5c8                zeroImageDataBase
 .text.updateGeneralDataBaseParameters
                0x2000a6c4       0x5c ./src/sub-systemCode/payload/DataBase/DataBase.o
                0x2000a6c4                updateGeneralDataBaseParameters
 .text.SearchDataBase_byID
                0x2000a720      0x220 ./src/sub-systemCode/payload/DataBase/DataBase.o
                0x2000a720                SearchDataBase_byID
 .text.SearchDataBase_byMark
                0x2000a940       0xa4 ./src/sub-systemCode/payload/DataBase/DataBase.o
                0x2000a940                SearchDataBase_byMark
 .text.checkForFileType
                0x2000a9e4       0x68 ./src/sub-systemCode/payload/DataBase/DataBase.o
                0x2000a9e4                checkForFileType
 .text.updateFileTypes
                0x2000aa4c       0xbc ./src/sub-systemCode/payload/DataBase/DataBase.o
                0x2000aa4c                updateFileTypes
 .text.GetImageFactor
                0x2000ab08       0x58 ./src/sub-systemCode/payload/DataBase/DataBase.o
                0x2000ab08                GetImageFactor
 .text.readImageFromBuffer
                0x2000ab60      0x12c ./src/sub-systemCode/payload/DataBase/DataBase.o
                0x2000ab60                readImageFromBuffer
 .text.saveImageToBuffer
                0x2000ac8c      0x12c ./src/sub-systemCode/payload/DataBase/DataBase.o
                0x2000ac8c                saveImageToBuffer
 .text.getLatestID
                0x2000adb8       0x48 ./src/sub-systemCode/payload/DataBase/DataBase.o
                0x2000adb8                getLatestID
 .text.getDataBaseStart
                0x2000ae00       0x20 ./src/sub-systemCode/payload/DataBase/DataBase.o
                0x2000ae00                getDataBaseStart
 .text.setDataBaseValues
                0x2000ae20      0x1d8 ./src/sub-systemCode/payload/DataBase/DataBase.o
                0x2000ae20                setDataBaseValues
 .text.initImageDataBase
                0x2000aff8      0x1b0 ./src/sub-systemCode/payload/DataBase/DataBase.o
                0x2000aff8                initImageDataBase
 .text.resetImageDataBase
                0x2000b1a8       0x98 ./src/sub-systemCode/payload/DataBase/DataBase.o
                0x2000b1a8                resetImageDataBase
 .text.setCameraPhotographyValues
                0x2000b240      0x10c ./src/sub-systemCode/payload/DataBase/DataBase.o
                0x2000b240                setCameraPhotographyValues
 .text.transferImageToSD_withoutSearch
                0x2000b34c      0x15c ./src/sub-systemCode/payload/DataBase/DataBase.o
                0x2000b34c                transferImageToSD_withoutSearch
 .text.transferImageToSD
                0x2000b4a8       0xb4 ./src/sub-systemCode/payload/DataBase/DataBase.o
                0x2000b4a8                transferImageToSD
 .text.DeleteImageFromOBC_withoutSearch
                0x2000b55c       0xe0 ./src/sub-systemCode/payload/DataBase/DataBase.o
                0x2000b55c                DeleteImageFromOBC_withoutSearch
 .text.DeleteImageFromOBC
                0x2000b63c       0xb4 ./src/sub-systemCode/payload/DataBase/DataBase.o
                0x2000b63c                DeleteImageFromOBC
 .text.DeleteImageFromPayload
                0x2000b6f0      0x25c ./src/sub-systemCode/payload/DataBase/DataBase.o
                0x2000b6f0                DeleteImageFromPayload
 .text.clearImageDataBase
                0x2000b94c      0x114 ./src/sub-systemCode/payload/DataBase/DataBase.o
                0x2000b94c                clearImageDataBase
 .text.handleMarkedPictures
                0x2000ba60      0x1dc ./src/sub-systemCode/payload/DataBase/DataBase.o
                0x2000ba60                handleMarkedPictures
 .text.writeNewImageMetaDataToFRAM
                0x2000bc3c      0x234 ./src/sub-systemCode/payload/DataBase/DataBase.o
                0x2000bc3c                writeNewImageMetaDataToFRAM
 .text.takePicture
                0x2000be70      0x370 ./src/sub-systemCode/payload/DataBase/DataBase.o
                0x2000be70                takePicture
 .text.takePicture_withSpecialParameters
                0x2000c1e0       0xbc ./src/sub-systemCode/payload/DataBase/DataBase.o
                0x2000c1e0                takePicture_withSpecialParameters
 .text.GetImageFileName
                0x2000c29c       0xc0 ./src/sub-systemCode/payload/DataBase/DataBase.o
                0x2000c29c                GetImageFileName
 .text.getDataBaseSize
                0x2000c35c       0x20 ./src/sub-systemCode/payload/DataBase/DataBase.o
                0x2000c35c                getDataBaseSize
 .text.getImageDataBaseBuffer
                0x2000c37c      0x240 ./src/sub-systemCode/payload/DataBase/DataBase.o
                0x2000c37c                getImageDataBaseBuffer
 .text.TransformRawToBMP
                0x2000c5bc      0x1e0 ./src/sub-systemCode/payload/Compression/jpeg/bmp/rawToBMP.o
                0x2000c5bc                TransformRawToBMP
 .text.interpolate
                0x2000c79c      0x8d0 ./src/sub-systemCode/payload/Compression/jpeg/bmp/rawToBMP.o
                0x2000c79c                interpolate
 .text.getInputAt
                0x2000d06c      0x308 ./src/sub-systemCode/payload/Compression/jpeg/bmp/rawToBMP.o
                0x2000d06c                getInputAt
 .text.f_writeF_FILEHeader
                0x2000d374      0x2f0 ./src/sub-systemCode/payload/Compression/jpeg/bmp/rawToBMP.o
                0x2000d374                f_writeF_FILEHeader
 .text.f_writeOutputRow
                0x2000d664       0xbc ./src/sub-systemCode/payload/Compression/jpeg/bmp/rawToBMP.o
                0x2000d664                f_writeOutputRow
 .text.dct      0x2000d720      0x9c4 ./src/sub-systemCode/payload/Compression/jpeg/DCT.o
                0x2000d720                dct
 .text.JPEG_compressor
                0x2000e0e4       0xfc ./src/sub-systemCode/payload/Compression/jpeg/ImgCompressor.o
                0x2000e0e4                JPEG_compressor
 .text.Create_BMP_File
                0x2000e1e0       0xf4 ./src/sub-systemCode/payload/Compression/jpeg/ImgCompressor.o
                0x2000e1e0                Create_BMP_File
 .text.CompressImage
                0x2000e2d4      0x1cc ./src/sub-systemCode/payload/Compression/jpeg/ImgCompressor.o
                0x2000e2d4                CompressImage
 .text.clamp    0x2000e4a0       0x60 ./src/sub-systemCode/payload/Compression/jpeg/color_conv.o
                0x2000e4a0                clamp
 .text.RGB_to_YCC
                0x2000e500      0x1a8 ./src/sub-systemCode/payload/Compression/jpeg/color_conv.o
                0x2000e500                RGB_to_YCC
 .text.RGB_to_Y
                0x2000e6a8       0xc4 ./src/sub-systemCode/payload/Compression/jpeg/color_conv.o
                0x2000e6a8                RGB_to_Y
 .text.Y_to_YCC
                0x2000e76c       0x88 ./src/sub-systemCode/payload/Compression/jpeg/color_conv.o
                0x2000e76c                Y_to_YCC
 .text.compress_image_to_jpeg_file
                0x2000e7f4      0x1ac ./src/sub-systemCode/payload/Compression/jpeg/jpeg.o
                0x2000e7f4                compress_image_to_jpeg_file
 .text.emit_marker
                0x2000e9a0       0xc8 ./src/sub-systemCode/payload/Compression/jpeg/jpeg_encoder.o
                0x2000e9a0                emit_marker
 .text.emit_byte
                0x2000ea68       0x6c ./src/sub-systemCode/payload/Compression/jpeg/jpeg_encoder.o
                0x2000ea68                emit_byte
 .text.emit_word
                0x2000ead4       0xd0 ./src/sub-systemCode/payload/Compression/jpeg/jpeg_encoder.o
                0x2000ead4                emit_word
 .text.emit_jfif_app0
                0x2000eba4       0xc0 ./src/sub-systemCode/payload/Compression/jpeg/jpeg_encoder.o
                0x2000eba4                emit_jfif_app0
 .text.emit_dqt
                0x2000ec64       0xd8 ./src/sub-systemCode/payload/Compression/jpeg/jpeg_encoder.o
                0x2000ec64                emit_dqt
 .text.emit_sof
                0x2000ed3c      0x14c ./src/sub-systemCode/payload/Compression/jpeg/jpeg_encoder.o
                0x2000ed3c                emit_sof
 .text.emit_dht
                0x2000ee88      0x138 ./src/sub-systemCode/payload/Compression/jpeg/jpeg_encoder.o
                0x2000ee88                emit_dht
 .text.emit_dhts
                0x2000efc0       0xd8 ./src/sub-systemCode/payload/Compression/jpeg/jpeg_encoder.o
                0x2000efc0                emit_dhts
 .text.emit_sos
                0x2000f098       0xec ./src/sub-systemCode/payload/Compression/jpeg/jpeg_encoder.o
                0x2000f098                emit_sos
 .text.emit_markers
                0x2000f184       0x4c ./src/sub-systemCode/payload/Compression/jpeg/jpeg_encoder.o
                0x2000f184                emit_markers
 .text.compute_huffman_table
                0x2000f1d0      0x334 ./src/sub-systemCode/payload/Compression/jpeg/jpeg_encoder.o
                0x2000f1d0                compute_huffman_table
 .text.compute_quant_table
                0x2000f504      0x11c ./src/sub-systemCode/payload/Compression/jpeg/jpeg_encoder.o
                0x2000f504                compute_quant_table
 .text.first_pass_init
                0x2000f620       0x54 ./src/sub-systemCode/payload/Compression/jpeg/jpeg_encoder.o
                0x2000f620                first_pass_init
 .text.second_pass_init
                0x2000f674      0x110 ./src/sub-systemCode/payload/Compression/jpeg/jpeg_encoder.o
                0x2000f674                second_pass_init
 .text.jpg_open
                0x2000f784      0x7b4 ./src/sub-systemCode/payload/Compression/jpeg/jpeg_encoder.o
                0x2000f784                jpg_open
 .text.load_block_8_8_grey
                0x2000ff38      0x164 ./src/sub-systemCode/payload/Compression/jpeg/jpeg_encoder.o
                0x2000ff38                load_block_8_8_grey
 .text.load_block_8_8
                0x2001009c      0x198 ./src/sub-systemCode/payload/Compression/jpeg/jpeg_encoder.o
                0x2001009c                load_block_8_8
 .text.load_block_16_8
                0x20010234      0x3cc ./src/sub-systemCode/payload/Compression/jpeg/jpeg_encoder.o
                0x20010234                load_block_16_8
 .text.load_block_16_8_8
                0x20010600      0x2a8 ./src/sub-systemCode/payload/Compression/jpeg/jpeg_encoder.o
                0x20010600                load_block_16_8_8
 .text.load_coefficients
                0x200108a8      0x1c8 ./src/sub-systemCode/payload/Compression/jpeg/jpeg_encoder.o
                0x200108a8                load_coefficients
 .text.flush_output_buffer
                0x20010a70       0xa0 ./src/sub-systemCode/payload/Compression/jpeg/jpeg_encoder.o
                0x20010a70                flush_output_buffer
 .text.put_bits
                0x20010b10      0x170 ./src/sub-systemCode/payload/Compression/jpeg/jpeg_encoder.o
                0x20010b10                put_bits
 .text.code_coefficients_pass_two
                0x20010c80      0x338 ./src/sub-systemCode/payload/Compression/jpeg/jpeg_encoder.o
                0x20010c80                code_coefficients_pass_two
 .text.code_block
                0x20010fb8       0x44 ./src/sub-systemCode/payload/Compression/jpeg/jpeg_encoder.o
                0x20010fb8                code_block
 .text.process_mcu_row
                0x20010ffc      0x328 ./src/sub-systemCode/payload/Compression/jpeg/jpeg_encoder.o
                0x20010ffc                process_mcu_row
 .text.terminate_pass_two
                0x20011324       0x44 ./src/sub-systemCode/payload/Compression/jpeg/jpeg_encoder.o
                0x20011324                terminate_pass_two
 .text.process_end_of_image
                0x20011368       0xc0 ./src/sub-systemCode/payload/Compression/jpeg/jpeg_encoder.o
                0x20011368                process_end_of_image
 .text.load_mcu
                0x20011428      0x29c ./src/sub-systemCode/payload/Compression/jpeg/jpeg_encoder.o
                0x20011428                load_mcu
 .text.clear    0x200116c4      0x1e0 ./src/sub-systemCode/payload/Compression/jpeg/jpeg_encoder.o
                0x200116c4                clear
 .text.init     0x200118a4       0xe4 ./src/sub-systemCode/payload/Compression/jpeg/jpeg_encoder.o
                0x200118a4                init
 .text.deinit   0x20011988      0x160 ./src/sub-systemCode/payload/Compression/jpeg/jpeg_encoder.o
                0x20011988                deinit
 .text.process_scanline
                0x20011ae8       0x6c ./src/sub-systemCode/payload/Compression/jpeg/jpeg_encoder.o
                0x20011ae8                process_scanline
 .text.jpge_malloc
                0x20011b54       0x28 ./src/sub-systemCode/payload/Compression/jpeg/jpeg_memory_alloc.o
                0x20011b54                jpge_malloc
 .text.jpge_cmalloc
                0x20011b7c       0x48 ./src/sub-systemCode/payload/Compression/jpeg/jpeg_memory_alloc.o
                0x20011b7c                jpge_cmalloc
 .text.jpge_free
                0x20011bc4       0x24 ./src/sub-systemCode/payload/Compression/jpeg/jpeg_memory_alloc.o
                0x20011bc4                jpge_free
 .text.check    0x20011be8       0x78 ./src/sub-systemCode/payload/Compression/jpeg/jpeg_params.o
                0x20011be8                check
 .text.open_jpeg_file
                0x20011c60       0xfc ./src/sub-systemCode/payload/Compression/jpeg/output_stream.o
                0x20011c60                open_jpeg_file
 .text.close_jpeg_file
                0x20011d5c      0x118 ./src/sub-systemCode/payload/Compression/jpeg/output_stream.o
                0x20011d5c                close_jpeg_file
 .text.put_buf  0x20011e74      0x258 ./src/sub-systemCode/payload/Compression/jpeg/output_stream.o
                0x20011e74                put_buf
 .text.GetBayerPixel
                0x200120cc       0xe8 ./src/sub-systemCode/payload/Compression/ImageConversion.o
 .text.BinImage
                0x200121b4      0x2c8 ./src/sub-systemCode/payload/Compression/ImageConversion.o
                0x200121b4                BinImage
 .text.ImageSkipping
                0x2001247c      0x2ac ./src/sub-systemCode/payload/Compression/ImageConversion.o
                0x2001247c                ImageSkipping
 .text.CreateImageThumbnail_withoutSearch
                0x20012728      0x14c ./src/sub-systemCode/payload/Compression/ImageConversion.o
                0x20012728                CreateImageThumbnail_withoutSearch
 .text.CreateImageThumbnail
                0x20012874       0x94 ./src/sub-systemCode/payload/Compression/ImageConversion.o
                0x20012874                CreateImageThumbnail
 .text.compressImage
                0x20012908      0x17c ./src/sub-systemCode/payload/Compression/ImageConversion.o
                0x20012908                compressImage
 .text.AdcsCmdQueueInit
                0x20012a84       0x4c ./src/sub-systemCode/Main/CMD/ADCS_CMD.o
                0x20012a84                AdcsCmdQueueInit
 .text.AdcsCmdQueueGet
                0x20012ad0       0x8c ./src/sub-systemCode/Main/CMD/ADCS_CMD.o
                0x20012ad0                AdcsCmdQueueGet
 .text.AdcsCmdQueueIsEmpty
                0x20012b5c       0x3c ./src/sub-systemCode/Main/CMD/ADCS_CMD.o
                0x20012b5c                AdcsCmdQueueIsEmpty
 .text.getAdcsQueueWaitPointer
                0x20012b98       0x20 ./src/sub-systemCode/Main/CMD/ADCS_CMD.o
                0x20012b98                getAdcsQueueWaitPointer
 .text.round_vol
                0x20012bb8      0x124 ./src/sub-systemCode/Main/EPS.o
                0x20012bb8                round_vol
 .text.get_shut_ADCS
                0x20012cdc       0x48 ./src/sub-systemCode/Main/EPS.o
                0x20012cdc                get_shut_ADCS
 .text.get_shut_CAM
                0x20012d24       0x48 ./src/sub-systemCode/Main/EPS.o
                0x20012d24                get_shut_CAM
 .text.update_powerLines
                0x20012d6c       0xec ./src/sub-systemCode/Main/EPS.o
                0x20012d6c                update_powerLines
 .text.get_EPS_mode_t
                0x20012e58       0x24 ./src/sub-systemCode/Main/EPS.o
                0x20012e58                get_EPS_mode_t
 .text.init_enterMode
                0x20012e7c       0x88 ./src/sub-systemCode/Main/EPS.o
                0x20012e7c                init_enterMode
 .text.EPS_Init
                0x20012f04      0x1dc ./src/sub-systemCode/Main/EPS.o
                0x20012f04                EPS_Init
 .text.reset_FRAM_EPS
                0x200130e0       0xe0 ./src/sub-systemCode/Main/EPS.o
                0x200130e0                reset_FRAM_EPS
 .text.reset_EPS_voltages
                0x200131c0       0xbc ./src/sub-systemCode/Main/EPS.o
                0x200131c0                reset_EPS_voltages
 .text.overRide_ADCS
                0x2001327c       0x50 ./src/sub-systemCode/Main/EPS.o
                0x2001327c                overRide_ADCS
 .text.overRide_Camera
                0x200132cc       0x38 ./src/sub-systemCode/Main/EPS.o
                0x200132cc                overRide_Camera
 .text.EnterFullMode
                0x20013304       0xfc ./src/sub-systemCode/Main/EPS.o
                0x20013304                EnterFullMode
 .text.EnterCruiseMode
                0x20013400       0xec ./src/sub-systemCode/Main/EPS.o
                0x20013400                EnterCruiseMode
 .text.EnterSafeMode
                0x200134ec       0xec ./src/sub-systemCode/Main/EPS.o
                0x200134ec                EnterSafeMode
 .text.EnterCriticalMode
                0x200135d8       0xd8 ./src/sub-systemCode/Main/EPS.o
                0x200135d8                EnterCriticalMode
 .text.save_ACK
                0x200136b0      0x11c ./src/sub-systemCode/Main/HouseKeeping.o
                0x200136b0                save_ACK
 .text.set_GP_EPS
                0x200137cc      0x10c ./src/sub-systemCode/Main/HouseKeeping.o
                0x200137cc                set_GP_EPS
 .text.set_GP_COMM
                0x200138d8       0x88 ./src/sub-systemCode/Main/HouseKeeping.o
                0x200138d8                set_GP_COMM
 .text.SP_HK_collect
                0x20013960      0x198 ./src/sub-systemCode/Main/HouseKeeping.o
                0x20013960                SP_HK_collect
 .text.EPS_HK_collect
                0x20013af8      0x4f8 ./src/sub-systemCode/Main/HouseKeeping.o
                0x20013af8                EPS_HK_collect
 .text.CAM_HK_collect
                0x20013ff0      0x91c ./src/sub-systemCode/Main/HouseKeeping.o
                0x20013ff0                CAM_HK_collect
 .text.COMM_HK_collect
                0x2001490c      0x20c ./src/sub-systemCode/Main/HouseKeeping.o
                0x2001490c                COMM_HK_collect
 .text.FS_HK_collect
                0x20014b18      0x18c ./src/sub-systemCode/Main/HouseKeeping.o
                0x20014b18                FS_HK_collect
 .text.reset_FIRST_activation
                0x20014ca4       0x34 ./src/sub-systemCode/Main/Main_Init.o
                0x20014ca4                reset_FIRST_activation
 .text.test_menu
                0x20014cd8       0xb4 ./src/sub-systemCode/Main/Main_Init.o
                0x20014cd8                test_menu
 .text.numberOfRestarts
                0x20014d8c       0x94 ./src/sub-systemCode/Main/Main_Init.o
                0x20014d8c                numberOfRestarts
 .text.StartFRAM
                0x20014e20       0x38 ./src/sub-systemCode/Main/Main_Init.o
                0x20014e20                StartFRAM
 .text.StartI2C
                0x20014e58       0x44 ./src/sub-systemCode/Main/Main_Init.o
                0x20014e58                StartI2C
 .text.StartSPI
                0x20014e9c       0x40 ./src/sub-systemCode/Main/Main_Init.o
                0x20014e9c                StartSPI
 .text.StartTIME
                0x20014edc      0x118 ./src/sub-systemCode/Main/Main_Init.o
                0x20014edc                StartTIME
 .text.first_activation
                0x20014ff4       0x7c ./src/sub-systemCode/Main/Main_Init.o
                0x20014ff4                first_activation
 .text.InitSubsystems
                0x20015070       0x64 ./src/sub-systemCode/Main/Main_Init.o
                0x20015070                InitSubsystems
 .text.SubSystemTaskStart
                0x200150d4       0xec ./src/sub-systemCode/Main/Main_Init.o
                0x200150d4                SubSystemTaskStart
 .text.copy_command
                0x200151c0       0x80 ./src/sub-systemCode/Main/commands.o
                0x200151c0                copy_command
 .text.reset_command
                0x20015240       0x28 ./src/sub-systemCode/Main/commands.o
                0x20015240                reset_command
 .text.init_command
                0x20015268       0xd4 ./src/sub-systemCode/Main/commands.o
                0x20015268                init_command
 .text.add_command
                0x2001533c      0x118 ./src/sub-systemCode/Main/commands.o
                0x2001533c                add_command
 .text.check_int
                0x20015454       0x3c ./src/sub-systemCode/Global/Global.o
                0x20015454                check_int
 .text.check_portBASE_TYPE
                0x20015490       0x3c ./src/sub-systemCode/Global/Global.o
                0x20015490                check_portBASE_TYPE
 .text.BigEnE_raw_to_uInt
                0x200154cc       0x94 ./src/sub-systemCode/Global/Global.o
                0x200154cc                BigEnE_raw_to_uInt
 .text.BigEnE_uInt_to_raw
                0x20015560       0x78 ./src/sub-systemCode/Global/Global.o
                0x20015560                BigEnE_uInt_to_raw
 .text.reset_FRAM_MAIN
                0x200155d8      0x19c ./src/sub-systemCode/Global/Global.o
                0x200155d8                reset_FRAM_MAIN
 .text.getBitValueByIndex
                0x20015774       0xd0 ./src/sub-systemCode/Global/Global.o
                0x20015774                getBitValueByIndex
 .text.terminateTask
                0x20015844       0x18 ./src/sub-systemCode/Global/Global.o
                0x20015844                terminateTask
 .text.init_GP  0x2001585c      0x2e0 ./src/sub-systemCode/Global/GlobalParam.o
                0x2001585c                init_GP
 .text.get_system_state
                0x20015b3c      0x254 ./src/sub-systemCode/Global/GlobalParam.o
                0x20015b3c                get_system_state
 .text.set_system_state
                0x20015d90      0x284 ./src/sub-systemCode/Global/GlobalParam.o
                0x20015d90                set_system_state
 .text.get_systems_state_param
                0x20016014       0x78 ./src/sub-systemCode/Global/GlobalParam.o
                0x20016014                get_systems_state_param
 .text.get_current_global_param
                0x2001608c      0x548 ./src/sub-systemCode/Global/GlobalParam.o
                0x2001608c                get_current_global_param
 .text.set_Vbatt
                0x200165d4       0x78 ./src/sub-systemCode/Global/GlobalParam.o
                0x200165d4                set_Vbatt
 .text.get_Vbatt
                0x2001664c       0x78 ./src/sub-systemCode/Global/GlobalParam.o
                0x2001664c                get_Vbatt
 .text.set_curBat
                0x200166c4       0x78 ./src/sub-systemCode/Global/GlobalParam.o
                0x200166c4                set_curBat
 .text.set_cur3V3
                0x2001673c       0x78 ./src/sub-systemCode/Global/GlobalParam.o
                0x2001673c                set_cur3V3
 .text.set_cur5V
                0x200167b4       0x78 ./src/sub-systemCode/Global/GlobalParam.o
                0x200167b4                set_cur5V
 .text.set_tempComm_LO
                0x2001682c       0x78 ./src/sub-systemCode/Global/GlobalParam.o
                0x2001682c                set_tempComm_LO
 .text.set_tempComm_PA
                0x200168a4       0x78 ./src/sub-systemCode/Global/GlobalParam.o
                0x200168a4                set_tempComm_PA
 .text.set_tempEPS
                0x2001691c       0xb4 ./src/sub-systemCode/Global/GlobalParam.o
                0x2001691c                set_tempEPS
 .text.set_tempBatt
                0x200169d0       0xb4 ./src/sub-systemCode/Global/GlobalParam.o
                0x200169d0                set_tempBatt
 .text.set_RxDoppler
                0x20016a84       0x78 ./src/sub-systemCode/Global/GlobalParam.o
                0x20016a84                set_RxDoppler
 .text.set_RxRSSI
                0x20016afc       0x78 ./src/sub-systemCode/Global/GlobalParam.o
                0x20016afc                set_RxRSSI
 .text.set_TxRefl
                0x20016b74       0x78 ./src/sub-systemCode/Global/GlobalParam.o
                0x20016b74                set_TxRefl
 .text.set_TxForw
                0x20016bec       0x78 ./src/sub-systemCode/Global/GlobalParam.o
                0x20016bec                set_TxForw
 .text.get_Attitude
                0x20016c64      0x10c ./src/sub-systemCode/Global/GlobalParam.o
                0x20016c64                get_Attitude
 .text.set_numOfAPRS
                0x20016d70       0x78 ./src/sub-systemCode/Global/GlobalParam.o
                0x20016d70                set_numOfAPRS
 .text.set_numOfDelayedCommand
                0x20016de8       0x78 ./src/sub-systemCode/Global/GlobalParam.o
                0x20016de8                set_numOfDelayedCommand
 .text.set_numOfResets
                0x20016e60       0x98 ./src/sub-systemCode/Global/GlobalParam.o
                0x20016e60                set_numOfResets
 .text.set_ground_conn
                0x20016ef8       0x8c ./src/sub-systemCode/Global/GlobalParam.o
                0x20016ef8                set_ground_conn
 .text.get_ground_conn
                0x20016f84       0x8c ./src/sub-systemCode/Global/GlobalParam.o
                0x20016f84                get_ground_conn
 .text.IsisAntS_getStatusData_sideA
                0x20017010       0x3c ./src/sub-systemCode/Global/OnlineTM.o
                0x20017010                IsisAntS_getStatusData_sideA
 .text.IsisAntS_getAlltelemetry_sideA
                0x2001704c       0x3c ./src/sub-systemCode/Global/OnlineTM.o
                0x2001704c                IsisAntS_getAlltelemetry_sideA
 .text.IsisAntS_getTemperature_sideA
                0x20017088       0x3c ./src/sub-systemCode/Global/OnlineTM.o
                0x20017088                IsisAntS_getTemperature_sideA
 .text.IsisAntS_getStatusData_sideB
                0x200170c4       0x3c ./src/sub-systemCode/Global/OnlineTM.o
                0x200170c4                IsisAntS_getStatusData_sideB
 .text.IsisAntS_getAlltelemetry_sideB
                0x20017100       0x3c ./src/sub-systemCode/Global/OnlineTM.o
                0x20017100                IsisAntS_getAlltelemetry_sideB
 .text.IsisAntS_getTemperature_sideB
                0x2001713c       0x3c ./src/sub-systemCode/Global/OnlineTM.o
                0x2001713c                IsisAntS_getTemperature_sideB
 .text.HK_collect_EPS
                0x20017178       0x30 ./src/sub-systemCode/Global/OnlineTM.o
                0x20017178                HK_collect_EPS
 .text.HK_collect_COMM
                0x200171a8       0x30 ./src/sub-systemCode/Global/OnlineTM.o
                0x200171a8                HK_collect_COMM
 .text.HK_collect_CAM
                0x200171d8       0x30 ./src/sub-systemCode/Global/OnlineTM.o
                0x200171d8                HK_collect_CAM
 .text.HK_collect_SP
                0x20017208       0x30 ./src/sub-systemCode/Global/OnlineTM.o
                0x20017208                HK_collect_SP
 .text.HK_collect_FS_A
                0x20017238       0x34 ./src/sub-systemCode/Global/OnlineTM.o
                0x20017238                HK_collect_FS_A
 .text.HK_collect_FS_B
                0x2001726c       0x34 ./src/sub-systemCode/Global/OnlineTM.o
                0x2001726c                HK_collect_FS_B
 .text.save_offlineSetting_FRAM
                0x200172a0      0x26c ./src/sub-systemCode/Global/OnlineTM.o
                0x200172a0                save_offlineSetting_FRAM
 .text.get_offlineSetting_FRAM
                0x2001750c       0x58 ./src/sub-systemCode/Global/OnlineTM.o
                0x2001750c                get_offlineSetting_FRAM
 .text.update_offlineSetting_FRAM
                0x20017564      0x360 ./src/sub-systemCode/Global/OnlineTM.o
                0x20017564                update_offlineSetting_FRAM
 .text.get_pointer_item_by_index
                0x200178c4       0x48 ./src/sub-systemCode/Global/OnlineTM.o
                0x200178c4                get_pointer_item_by_index
 .text.init_onlineParam
                0x2001790c     0x2f10 ./src/sub-systemCode/Global/OnlineTM.o
                0x2001790c                init_onlineParam
 .text.reset_offline_TM_list
                0x2001a81c      0x190 ./src/sub-systemCode/Global/OnlineTM.o
                0x2001a81c                reset_offline_TM_list
 .text.save_onlineTM_param
                0x2001a9ac      0x1b4 ./src/sub-systemCode/Global/OnlineTM.o
                0x2001a9ac                save_onlineTM_param
 .text.add_onlineTM_param_to_save_list
                0x2001ab60      0x3d8 ./src/sub-systemCode/Global/OnlineTM.o
                0x2001ab60                add_onlineTM_param_to_save_list
 .text.delete_onlineTM_param_from_offline
                0x2001af38      0x1a8 ./src/sub-systemCode/Global/OnlineTM.o
                0x2001af38                delete_onlineTM_param_from_offline
 .text.save_onlineTM_logic
                0x2001b0e0      0x2bc ./src/sub-systemCode/Global/OnlineTM.o
                0x2001b0e0                save_onlineTM_logic
 .text.save_onlineTM_task
                0x2001b39c       0xd8 ./src/sub-systemCode/Global/OnlineTM.o
                0x2001b39c                save_onlineTM_task
 .text.delete_allTMFilesFromSD
                0x2001b474      0x14c ./src/sub-systemCode/Global/TLM_management.o
                0x2001b474                delete_allTMFilesFromSD
 .text.getNumOfFilesInFS
                0x2001b5c0       0x44 ./src/sub-systemCode/Global/TLM_management.o
 .text.setNumOfFilesInFS
                0x2001b604       0x50 ./src/sub-systemCode/Global/TLM_management.o
 .text.f_managed_enterFS
                0x2001b654       0x9c ./src/sub-systemCode/Global/TLM_management.o
                0x2001b654                f_managed_enterFS
 .text.f_managed_releaseFS
                0x2001b6f0       0x4c ./src/sub-systemCode/Global/TLM_management.o
                0x2001b6f0                f_managed_releaseFS
 .text.f_managed_open
                0x2001b73c       0xe8 ./src/sub-systemCode/Global/TLM_management.o
                0x2001b73c                f_managed_open
 .text.f_managed_close
                0x2001b824       0x80 ./src/sub-systemCode/Global/TLM_management.o
                0x2001b824                f_managed_close
 .text.createSemahores_FS
                0x2001b8a4       0x7c ./src/sub-systemCode/Global/TLM_management.o
                0x2001b8a4                createSemahores_FS
 .text.InitializeFS
                0x2001b920      0x1a8 ./src/sub-systemCode/Global/TLM_management.o
                0x2001b920                InitializeFS
 .text.c_fileCreate
                0x2001bac8       0xf4 ./src/sub-systemCode/Global/TLM_management.o
                0x2001bac8                c_fileCreate
 .text.writewithEpochtime
                0x2001bbbc       0x94 ./src/sub-systemCode/Global/TLM_management.o
 .text.get_C_FILE_struct
                0x2001bc50      0x104 ./src/sub-systemCode/Global/TLM_management.o
 .text.getFileIndex
                0x2001bd54       0x64 ./src/sub-systemCode/Global/TLM_management.o
 .text.get_file_name_by_index
                0x2001bdb8       0x54 ./src/sub-systemCode/Global/TLM_management.o
                0x2001bdb8                get_file_name_by_index
 .text.c_fileWrite
                0x2001be0c      0x168 ./src/sub-systemCode/Global/TLM_management.o
                0x2001be0c                c_fileWrite
 .text.xSemaphoreGive_extended
                0x2001bf74       0x48 ./src/sub-systemCode/Global/freertosExtended.o
                0x2001bf74                xSemaphoreGive_extended
 .text.xSemaphoreTake_extended
                0x2001bfbc       0x54 ./src/sub-systemCode/Global/freertosExtended.o
                0x2001bfbc                xSemaphoreTake_extended
 .text.WriteLog
                0x2001c010       0x94 ./src/sub-systemCode/Global/logger.o
                0x2001c010                WriteLog
 .text.WritePayloadLog
                0x2001c0a4       0x54 ./src/sub-systemCode/Global/logger.o
                0x2001c0a4                WritePayloadLog
 .text.reset_APRS_list
                0x2001c0f8       0xa4 ./src/sub-systemCode/COMM/APRS.o
                0x2001c0f8                reset_APRS_list
 .text.get_APRS_list
                0x2001c19c       0x88 ./src/sub-systemCode/COMM/APRS.o
                0x2001c19c                get_APRS_list
 .text.find_CMD_in_list
                0x2001c224       0x7c ./src/sub-systemCode/COMM/DelayedCommand_list.o
                0x2001c224                find_CMD_in_list
 .text.find_empty_in_list
                0x2001c2a0       0x74 ./src/sub-systemCode/COMM/DelayedCommand_list.o
                0x2001c2a0                find_empty_in_list
 .text.check_delayCommandTime
                0x2001c314       0x8c ./src/sub-systemCode/COMM/DelayedCommand_list.o
                0x2001c314                check_delayCommandTime
 .text.execute_delayedCommand
                0x2001c3a0       0x64 ./src/sub-systemCode/COMM/DelayedCommand_list.o
                0x2001c3a0                execute_delayedCommand
 .text.check_delaycommand
                0x2001c404      0x17c ./src/sub-systemCode/COMM/DelayedCommand_list.o
                0x2001c404                check_delaycommand
 .text.reset_delayCommand
                0x2001c580       0x8c ./src/sub-systemCode/COMM/DelayedCommand_list.o
                0x2001c580                reset_delayCommand
 .text.add_delayCommand
                0x2001c60c      0x1a4 ./src/sub-systemCode/COMM/DelayedCommand_list.o
                0x2001c60c                add_delayCommand
 .text.get_delayCommand_list
                0x2001c7b0       0x80 ./src/sub-systemCode/COMM/DelayedCommand_list.o
                0x2001c7b0                get_delayCommand_list
 .text.EmptyOldestCommand
                0x2001c830       0xfc ./src/sub-systemCode/COMM/DelayedCommand_list.o
                0x2001c830                EmptyOldestCommand
 .text.decode_TCpacket
                0x2001c92c      0x16c ./src/sub-systemCode/COMM/GSC.o
                0x2001c92c                decode_TCpacket
 .text.encode_TCpacket
                0x2001ca98      0x114 ./src/sub-systemCode/COMM/GSC.o
                0x2001ca98                encode_TCpacket
 .text.encode_TMpacket
                0x2001cbac      0x104 ./src/sub-systemCode/COMM/GSC.o
                0x2001cbac                encode_TMpacket
 .text.build_raw_ACK
                0x2001ccb0       0xbc ./src/sub-systemCode/COMM/GSC.o
                0x2001ccb0                build_raw_ACK
 .text.build_data_field_ACK
                0x2001cd6c       0x74 ./src/sub-systemCode/COMM/GSC.o
                0x2001cd6c                build_data_field_ACK
 .text.update_FRAM_bitRate
                0x2001cde0       0xd0 ./src/sub-systemCode/COMM/TRXVU.o
                0x2001cde0                update_FRAM_bitRate
 .text.toggle_idle_state
                0x2001ceb0       0x94 ./src/sub-systemCode/COMM/TRXVU.o
                0x2001ceb0                toggle_idle_state
 .text.TRXVU_init_hardWare
                0x2001cf44       0xac ./src/sub-systemCode/COMM/TRXVU.o
                0x2001cf44                TRXVU_init_hardWare
 .text.TRXVU_init_softWare
                0x2001cff0      0x100 ./src/sub-systemCode/COMM/TRXVU.o
                0x2001cff0                TRXVU_init_softWare
 .text.init_trxvu
                0x2001d0f0       0x14 ./src/sub-systemCode/COMM/TRXVU.o
                0x2001d0f0                init_trxvu
 .text.TRXVU_task
                0x2001d104       0xfc ./src/sub-systemCode/COMM/TRXVU.o
                0x2001d104                TRXVU_task
 .text.lookForRequestToDelete_dump
                0x2001d200       0x78 ./src/sub-systemCode/COMM/TRXVU.o
                0x2001d200                lookForRequestToDelete_dump
 .text.Rx_logic
                0x2001d278      0x18c ./src/sub-systemCode/COMM/TRXVU.o
                0x2001d278                Rx_logic
 .text.pass_above_Ground
                0x2001d404      0x104 ./src/sub-systemCode/COMM/TRXVU.o
                0x2001d404                pass_above_Ground
 .text.trxvu_logic
                0x2001d508       0x1c ./src/sub-systemCode/COMM/TRXVU.o
                0x2001d508                trxvu_logic
 .text.Beacon_task
                0x2001d524      0x17c ./src/sub-systemCode/COMM/TRXVU.o
                0x2001d524                Beacon_task
 .text.buildAndSend_beacon
                0x2001d6a0      0x5a0 ./src/sub-systemCode/COMM/TRXVU.o
                0x2001d6a0                buildAndSend_beacon
 .text.reset_FRAM_TRXVU
                0x2001dc40      0x160 ./src/sub-systemCode/COMM/TRXVU.o
                0x2001dc40                reset_FRAM_TRXVU
 .text.TRX_sendFrame
                0x2001dda0      0x1ac ./src/sub-systemCode/COMM/TRXVU.o
                0x2001dda0                TRX_sendFrame
 .text.TRX_getFrameData
                0x2001df4c      0x10c ./src/sub-systemCode/COMM/TRXVU.o
                0x2001df4c                TRX_getFrameData
 .text.unmute_Tx
                0x2001e058       0x58 ./src/sub-systemCode/COMM/TRXVU.o
                0x2001e058                unmute_Tx
 .text.check_time_off_mute
                0x2001e0b0       0x88 ./src/sub-systemCode/COMM/TRXVU.o
                0x2001e0b0                check_time_off_mute
 .text.change_TRXVU_state
                0x2001e138       0xe0 ./src/sub-systemCode/COMM/TRXVU.o
                0x2001e138                change_TRXVU_state
 .text.change_trans_RSSI
                0x2001e218       0x60 ./src/sub-systemCode/COMM/TRXVU.o
                0x2001e218                change_trans_RSSI
 .text.AdcsReadI2cAck
                0x2001e278       0xfc ./src/sub-systemCode/ADCS/AdcsCommands.o
                0x2001e278                AdcsReadI2cAck
 .text.AdcsGenericI2cCmd
                0x2001e374      0x198 ./src/sub-systemCode/ADCS/AdcsCommands.o
                0x2001e374                AdcsGenericI2cCmd
 .text.SendAdcsTlm
                0x2001e50c      0x14c ./src/sub-systemCode/ADCS/AdcsCommands.o
                0x2001e50c                SendAdcsTlm
 .text.AdcsExecuteCommand
                0x2001e658     0x1c5c ./src/sub-systemCode/ADCS/AdcsCommands.o
                0x2001e658                AdcsExecuteCommand
 .text.InitTlmElements
                0x200202b4      0x204 ./src/sub-systemCode/ADCS/AdcsGetDataAndTlm.o
                0x200202b4                InitTlmElements
 .text.CreateTlmElementFiles
                0x200204b8      0x178 ./src/sub-systemCode/ADCS/AdcsGetDataAndTlm.o
                0x200204b8                CreateTlmElementFiles
 .text.SaveElementTlmAtIndex
                0x20020630      0x4ec ./src/sub-systemCode/ADCS/AdcsGetDataAndTlm.o
                0x20020630                SaveElementTlmAtIndex
 .text.UpdateTlmElementAtIndex
                0x20020b1c      0x150 ./src/sub-systemCode/ADCS/AdcsGetDataAndTlm.o
                0x20020b1c                UpdateTlmElementAtIndex
 .text.AdcsSetTlmOverrideFlag
                0x20020c6c       0x9c ./src/sub-systemCode/ADCS/AdcsGetDataAndTlm.o
                0x20020c6c                AdcsSetTlmOverrideFlag
 .text.RestoreDefaultTlmElement
                0x20020d08      0x1d0 ./src/sub-systemCode/ADCS/AdcsGetDataAndTlm.o
                0x20020d08                RestoreDefaultTlmElement
 .text.GetTlmElementAtIndex
                0x20020ed8       0x80 ./src/sub-systemCode/ADCS/AdcsGetDataAndTlm.o
                0x20020ed8                GetTlmElementAtIndex
 .text.GatherTlmAndData
                0x20020f58      0x100 ./src/sub-systemCode/ADCS/AdcsGetDataAndTlm.o
                0x20020f58                GatherTlmAndData
 .text.AdcsInit
                0x20021058      0x144 ./src/sub-systemCode/ADCS/AdcsMain.o
                0x20021058                AdcsInit
 .text.AdcsTask
                0x2002119c      0x10c ./src/sub-systemCode/ADCS/AdcsMain.o
                0x2002119c                AdcsTask
 .text.AdcsTroubleShooting
                0x200212a8       0x88 ./src/sub-systemCode/ADCS/AdcsTroubleShooting.o
                0x200212a8                AdcsTroubleShooting
 .text.UpdateAdcsStateMachine
                0x20021330       0x1c ./src/sub-systemCode/ADCS/StateMachine.o
                0x20021330                UpdateAdcsStateMachine
 .text.taskMain
                0x2002134c       0x5c ./src/main.o
                0x2002134c                taskMain
 .text.main     0x200213a8       0xc4 ./src/main.o
                0x200213a8                main
 .text.GomEpsInitialize
                0x2002146c      0x148 C:/Users/97250/Documents/GitHub/online/HOOPOE3/satellite-subsystems/demo/..//satellite-subsystems/lib\libSatelliteSubsystemsD.a(GomEPS.o)
                0x2002146c                GomEpsInitialize
 .text.makeEPStransfer
                0x200215b4       0x3c C:/Users/97250/Documents/GitHub/online/HOOPOE3/satellite-subsystems/demo/..//satellite-subsystems/lib\libSatelliteSubsystemsD.a(GomEPS.o)
 .text.GomEpsPing
                0x200215f0       0xf8 C:/Users/97250/Documents/GitHub/online/HOOPOE3/satellite-subsystems/demo/..//satellite-subsystems/lib\libSatelliteSubsystemsD.a(GomEPS.o)
                0x200215f0                GomEpsPing
 .text.GomEpsGetHkData_param
                0x200216e8      0x29c C:/Users/97250/Documents/GitHub/online/HOOPOE3/satellite-subsystems/demo/..//satellite-subsystems/lib\libSatelliteSubsystemsD.a(GomEPS.o)
                0x200216e8                GomEpsGetHkData_param
 .text.GomEpsGetHkData_general
                0x20021984      0x45c C:/Users/97250/Documents/GitHub/online/HOOPOE3/satellite-subsystems/demo/..//satellite-subsystems/lib\libSatelliteSubsystemsD.a(GomEPS.o)
                0x20021984                GomEpsGetHkData_general
 .text.GomEpsGetHkData_vi
                0x20021de0      0x188 C:/Users/97250/Documents/GitHub/online/HOOPOE3/satellite-subsystems/demo/..//satellite-subsystems/lib\libSatelliteSubsystemsD.a(GomEPS.o)
                0x20021de0                GomEpsGetHkData_vi
 .text.GomEpsGetHkData_out
                0x20021f68      0x21c C:/Users/97250/Documents/GitHub/online/HOOPOE3/satellite-subsystems/demo/..//satellite-subsystems/lib\libSatelliteSubsystemsD.a(GomEPS.o)
                0x20021f68                GomEpsGetHkData_out
 .text.GomEpsGetHkData_wdt
                0x20022184      0x2b4 C:/Users/97250/Documents/GitHub/online/HOOPOE3/satellite-subsystems/demo/..//satellite-subsystems/lib\libSatelliteSubsystemsD.a(GomEPS.o)
                0x20022184                GomEpsGetHkData_wdt
 .text.GomEpsGetHkData_basic
                0x20022438      0x22c C:/Users/97250/Documents/GitHub/online/HOOPOE3/satellite-subsystems/demo/..//satellite-subsystems/lib\libSatelliteSubsystemsD.a(GomEPS.o)
                0x20022438                GomEpsGetHkData_basic
 .text.GomEpsSetOutput
                0x20022664       0xbc C:/Users/97250/Documents/GitHub/online/HOOPOE3/satellite-subsystems/demo/..//satellite-subsystems/lib\libSatelliteSubsystemsD.a(GomEPS.o)
                0x20022664                GomEpsSetOutput
 .text.GomEpsResetWDT
                0x20022720       0xc4 C:/Users/97250/Documents/GitHub/online/HOOPOE3/satellite-subsystems/demo/..//satellite-subsystems/lib\libSatelliteSubsystemsD.a(GomEPS.o)
                0x20022720                GomEpsResetWDT
 .text.GomEpsConfigGet
                0x200227e4      0x16c C:/Users/97250/Documents/GitHub/online/HOOPOE3/satellite-subsystems/demo/..//satellite-subsystems/lib\libSatelliteSubsystemsD.a(GomEPS.o)
                0x200227e4                GomEpsConfigGet
 .text.GomEpsConfig2Get
                0x20022950      0x16c C:/Users/97250/Documents/GitHub/online/HOOPOE3/satellite-subsystems/demo/..//satellite-subsystems/lib\libSatelliteSubsystemsD.a(GomEPS.o)
                0x20022950                GomEpsConfig2Get
 .text.makeAntStransfer
                0x20022abc       0x4c C:/Users/97250/Documents/GitHub/online/HOOPOE3/satellite-subsystems/demo/..//satellite-subsystems/lib\libSatelliteSubsystemsD.a(IsisAntS.o)
 .text.checkInputsValid
                0x20022b08       0x7c C:/Users/97250/Documents/GitHub/online/HOOPOE3/satellite-subsystems/demo/..//satellite-subsystems/lib\libSatelliteSubsystemsD.a(IsisAntS.o)
 .text.IsisAntS_getStatusData
                0x20022b84      0x120 C:/Users/97250/Documents/GitHub/online/HOOPOE3/satellite-subsystems/demo/..//satellite-subsystems/lib\libSatelliteSubsystemsD.a(IsisAntS.o)
                0x20022b84                IsisAntS_getStatusData
 .text.IsisAntS_getTemperature
                0x20022ca4      0x120 C:/Users/97250/Documents/GitHub/online/HOOPOE3/satellite-subsystems/demo/..//satellite-subsystems/lib\libSatelliteSubsystemsD.a(IsisAntS.o)
                0x20022ca4                IsisAntS_getTemperature
 .text.IsisAntS_getAlltelemetry
                0x20022dc4      0x120 C:/Users/97250/Documents/GitHub/online/HOOPOE3/satellite-subsystems/demo/..//satellite-subsystems/lib\libSatelliteSubsystemsD.a(IsisAntS.o)
                0x20022dc4                IsisAntS_getAlltelemetry
 .text.IsisSolarPanelv2_initialize
                0x20022ee4       0xb4 C:/Users/97250/Documents/GitHub/online/HOOPOE3/satellite-subsystems/demo/..//satellite-subsystems/lib\libSatelliteSubsystemsD.a(IsisSolarPanelv2.o)
                0x20022ee4                IsisSolarPanelv2_initialize
 .text.IsisSolarPanelv2_getTemperature
                0x20022f98       0xc8 C:/Users/97250/Documents/GitHub/online/HOOPOE3/satellite-subsystems/demo/..//satellite-subsystems/lib\libSatelliteSubsystemsD.a(IsisSolarPanelv2.o)
                0x20022f98                IsisSolarPanelv2_getTemperature
 .text.IsisSolarPanelv2_sleep
                0x20023060       0xbc C:/Users/97250/Documents/GitHub/online/HOOPOE3/satellite-subsystems/demo/..//satellite-subsystems/lib\libSatelliteSubsystemsD.a(IsisSolarPanelv2.o)
                0x20023060                IsisSolarPanelv2_sleep
 .text.IsisSolarPanelv2_wakeup
                0x2002311c       0x80 C:/Users/97250/Documents/GitHub/online/HOOPOE3/satellite-subsystems/demo/..//satellite-subsystems/lib\libSatelliteSubsystemsD.a(IsisSolarPanelv2.o)
                0x2002311c                IsisSolarPanelv2_wakeup
 .text._Reset   0x2002319c       0x20 C:/Users/97250/Documents/GitHub/online/HOOPOE3/satellite-subsystems/demo/..//satellite-subsystems/lib\libSatelliteSubsystemsD.a(IsisSolarPanelv2.o)
 .text._WaitForStartup
                0x200231bc       0x90 C:/Users/97250/Documents/GitHub/online/HOOPOE3/satellite-subsystems/demo/..//satellite-subsystems/lib\libSatelliteSubsystemsD.a(IsisSolarPanelv2.o)
 .text._AssignAllChannels
                0x2002324c       0x90 C:/Users/97250/Documents/GitHub/online/HOOPOE3/satellite-subsystems/demo/..//satellite-subsystems/lib\libSatelliteSubsystemsD.a(IsisSolarPanelv2.o)
 .text._AssignThisChannel
                0x200232dc       0xe8 C:/Users/97250/Documents/GitHub/online/HOOPOE3/satellite-subsystems/demo/..//satellite-subsystems/lib\libSatelliteSubsystemsD.a(IsisSolarPanelv2.o)
 .text._InitiateConversion
                0x200233c4       0xac C:/Users/97250/Documents/GitHub/online/HOOPOE3/satellite-subsystems/demo/..//satellite-subsystems/lib\libSatelliteSubsystemsD.a(IsisSolarPanelv2.o)
 .text._WaitForConversionComplete
                0x20023470      0x100 C:/Users/97250/Documents/GitHub/online/HOOPOE3/satellite-subsystems/demo/..//satellite-subsystems/lib\libSatelliteSubsystemsD.a(IsisSolarPanelv2.o)
 .text._ReadResult
                0x20023570      0x158 C:/Users/97250/Documents/GitHub/online/HOOPOE3/satellite-subsystems/demo/..//satellite-subsystems/lib\libSatelliteSubsystemsD.a(IsisSolarPanelv2.o)
 .text._ExtractByte
                0x200236c8       0x38 C:/Users/97250/Documents/GitHub/online/HOOPOE3/satellite-subsystems/demo/..//satellite-subsystems/lib\libSatelliteSubsystemsD.a(IsisSolarPanelv2.o)
 .text._ExtendSign
                0x20023700       0x6c C:/Users/97250/Documents/GitHub/online/HOOPOE3/satellite-subsystems/demo/..//satellite-subsystems/lib\libSatelliteSubsystemsD.a(IsisSolarPanelv2.o)
 .text._PinsInit
                0x2002376c       0x50 C:/Users/97250/Documents/GitHub/online/HOOPOE3/satellite-subsystems/demo/..//satellite-subsystems/lib\libSatelliteSubsystemsD.a(IsisSolarPanelv2.o)
 .text._SpiWriteRead
                0x200237bc       0x70 C:/Users/97250/Documents/GitHub/online/HOOPOE3/satellite-subsystems/demo/..//satellite-subsystems/lib\libSatelliteSubsystemsD.a(IsisSolarPanelv2.o)
 .text.IsisTrxvu_initialize
                0x2002382c      0x2f4 C:/Users/97250/Documents/GitHub/online/HOOPOE3/satellite-subsystems/demo/..//satellite-subsystems/lib\libSatelliteSubsystemsD.a(IsisTRXVU.o)
                0x2002382c                IsisTrxvu_initialize
 .text.makeTRXVUtransfer
                0x20023b20       0x44 C:/Users/97250/Documents/GitHub/online/HOOPOE3/satellite-subsystems/demo/..//satellite-subsystems/lib\libSatelliteSubsystemsD.a(IsisTRXVU.o)
 .text.IsisTrxvu_tcSendAX25DefClSign
                0x20023b64       0xec C:/Users/97250/Documents/GitHub/online/HOOPOE3/satellite-subsystems/demo/..//satellite-subsystems/lib\libSatelliteSubsystemsD.a(IsisTRXVU.o)
                0x20023b64                IsisTrxvu_tcSendAX25DefClSign
 .text.IsisTrxvu_tcSetIdlestate
                0x20023c50       0xa4 C:/Users/97250/Documents/GitHub/online/HOOPOE3/satellite-subsystems/demo/..//satellite-subsystems/lib\libSatelliteSubsystemsD.a(IsisTRXVU.o)
                0x20023c50                IsisTrxvu_tcSetIdlestate
 .text.IsisTrxvu_tcSetAx25Bitrate
                0x20023cf4       0xc4 C:/Users/97250/Documents/GitHub/online/HOOPOE3/satellite-subsystems/demo/..//satellite-subsystems/lib\libSatelliteSubsystemsD.a(IsisTRXVU.o)
                0x20023cf4                IsisTrxvu_tcSetAx25Bitrate
 .text.IsisTrxvu_tcGetTelemetryAll
                0x20023db8       0xd0 C:/Users/97250/Documents/GitHub/online/HOOPOE3/satellite-subsystems/demo/..//satellite-subsystems/lib\libSatelliteSubsystemsD.a(IsisTRXVU.o)
                0x20023db8                IsisTrxvu_tcGetTelemetryAll
 .text.IsisTrxvu_tcGetTelemetryAll_revC
                0x20023e88       0xd0 C:/Users/97250/Documents/GitHub/online/HOOPOE3/satellite-subsystems/demo/..//satellite-subsystems/lib\libSatelliteSubsystemsD.a(IsisTRXVU.o)
                0x20023e88                IsisTrxvu_tcGetTelemetryAll_revC
 .text.IsisTrxvu_rcGetFrameCount
                0x20023f58       0xa0 C:/Users/97250/Documents/GitHub/online/HOOPOE3/satellite-subsystems/demo/..//satellite-subsystems/lib\libSatelliteSubsystemsD.a(IsisTRXVU.o)
                0x20023f58                IsisTrxvu_rcGetFrameCount
 .text.IsisTrxvu_rcGetCommandFrame
                0x20023ff8      0x2d8 C:/Users/97250/Documents/GitHub/online/HOOPOE3/satellite-subsystems/demo/..//satellite-subsystems/lib\libSatelliteSubsystemsD.a(IsisTRXVU.o)
                0x20023ff8                IsisTrxvu_rcGetCommandFrame
 .text.IsisTrxvu_rcGetTelemetryAll
                0x200242d0       0xd0 C:/Users/97250/Documents/GitHub/online/HOOPOE3/satellite-subsystems/demo/..//satellite-subsystems/lib\libSatelliteSubsystemsD.a(IsisTRXVU.o)
                0x200242d0                IsisTrxvu_rcGetTelemetryAll
 .text.IsisTrxvu_rcGetTelemetryAll_revC
                0x200243a0       0xec C:/Users/97250/Documents/GitHub/online/HOOPOE3/satellite-subsystems/demo/..//satellite-subsystems/lib\libSatelliteSubsystemsD.a(IsisTRXVU.o)
                0x200243a0                IsisTrxvu_rcGetTelemetryAll_revC
 .text.cspaceADCS_initialize
                0x2002448c      0x18c C:/Users/97250/Documents/GitHub/online/HOOPOE3/satellite-subsystems/demo/..//satellite-subsystems/lib\libSatelliteSubsystemsD.a(cspaceADCS.o)
                0x2002448c                cspaceADCS_initialize
 .text.make_cspaceADCStransfer
                0x20024618      0x1b4 C:/Users/97250/Documents/GitHub/online/HOOPOE3/satellite-subsystems/demo/..//satellite-subsystems/lib\libSatelliteSubsystemsD.a(cspaceADCS.o)
 .text.cspaceADCS_componentReset
                0x200247cc       0xbc C:/Users/97250/Documents/GitHub/online/HOOPOE3/satellite-subsystems/demo/..//satellite-subsystems/lib\libSatelliteSubsystemsD.a(cspaceADCS.o)
                0x200247cc                cspaceADCS_componentReset
 .text.cspaceADCS_setCurrentTime
                0x20024888       0xd0 C:/Users/97250/Documents/GitHub/online/HOOPOE3/satellite-subsystems/demo/..//satellite-subsystems/lib\libSatelliteSubsystemsD.a(cspaceADCS.o)
                0x20024888                cspaceADCS_setCurrentTime
 .text.cspaceADCS_cacheStateADCS
                0x20024958       0xd0 C:/Users/97250/Documents/GitHub/online/HOOPOE3/satellite-subsystems/demo/..//satellite-subsystems/lib\libSatelliteSubsystemsD.a(cspaceADCS.o)
                0x20024958                cspaceADCS_cacheStateADCS
 .text.cspaceADCS_setRunMode
                0x20024a28       0xbc C:/Users/97250/Documents/GitHub/online/HOOPOE3/satellite-subsystems/demo/..//satellite-subsystems/lib\libSatelliteSubsystemsD.a(cspaceADCS.o)
                0x20024a28                cspaceADCS_setRunMode
 .text.cspaceADCS_setPwrCtrlDevice
                0x20024ae4       0xd0 C:/Users/97250/Documents/GitHub/online/HOOPOE3/satellite-subsystems/demo/..//satellite-subsystems/lib\libSatelliteSubsystemsD.a(cspaceADCS.o)
                0x20024ae4                cspaceADCS_setPwrCtrlDevice
 .text.cspaceADCS_clearErrors
                0x20024bb4       0xb8 C:/Users/97250/Documents/GitHub/online/HOOPOE3/satellite-subsystems/demo/..//satellite-subsystems/lib\libSatelliteSubsystemsD.a(cspaceADCS.o)
                0x20024bb4                cspaceADCS_clearErrors
 .text.cspaceADCS_setAttCtrlMode
                0x20024c6c       0xd0 C:/Users/97250/Documents/GitHub/online/HOOPOE3/satellite-subsystems/demo/..//satellite-subsystems/lib\libSatelliteSubsystemsD.a(cspaceADCS.o)
                0x20024c6c                cspaceADCS_setAttCtrlMode
 .text.cspaceADCS_setAttEstMode
                0x20024d3c       0xbc C:/Users/97250/Documents/GitHub/online/HOOPOE3/satellite-subsystems/demo/..//satellite-subsystems/lib\libSatelliteSubsystemsD.a(cspaceADCS.o)
                0x20024d3c                cspaceADCS_setAttEstMode
 .text.cspaceADCS_setMagOutput
                0x20024df8       0xd0 C:/Users/97250/Documents/GitHub/online/HOOPOE3/satellite-subsystems/demo/..//satellite-subsystems/lib\libSatelliteSubsystemsD.a(cspaceADCS.o)
                0x20024df8                cspaceADCS_setMagOutput
 .text.cspaceADCS_setWheelSpeed
                0x20024ec8       0xd0 C:/Users/97250/Documents/GitHub/online/HOOPOE3/satellite-subsystems/demo/..//satellite-subsystems/lib\libSatelliteSubsystemsD.a(cspaceADCS.o)
                0x20024ec8                cspaceADCS_setWheelSpeed
 .text.cspaceADCS_setMagMountConfig
                0x20024f98       0xd0 C:/Users/97250/Documents/GitHub/online/HOOPOE3/satellite-subsystems/demo/..//satellite-subsystems/lib\libSatelliteSubsystemsD.a(cspaceADCS.o)
                0x20024f98                cspaceADCS_setMagMountConfig
 .text.cspaceADCS_setMagOffsetScalingConfig
                0x20025068       0xd0 C:/Users/97250/Documents/GitHub/online/HOOPOE3/satellite-subsystems/demo/..//satellite-subsystems/lib\libSatelliteSubsystemsD.a(cspaceADCS.o)
                0x20025068                cspaceADCS_setMagOffsetScalingConfig
 .text.cspaceADCS_setMagSensConfig
                0x20025138       0xd0 C:/Users/97250/Documents/GitHub/online/HOOPOE3/satellite-subsystems/demo/..//satellite-subsystems/lib\libSatelliteSubsystemsD.a(cspaceADCS.o)
                0x20025138                cspaceADCS_setMagSensConfig
 .text.cspaceADCS_setRateSensorConfig
                0x20025208       0xd0 C:/Users/97250/Documents/GitHub/online/HOOPOE3/satellite-subsystems/demo/..//satellite-subsystems/lib\libSatelliteSubsystemsD.a(cspaceADCS.o)
                0x20025208                cspaceADCS_setRateSensorConfig
 .text.cspaceADCS_setStarTrackerConfig
                0x200252d8       0xd0 C:/Users/97250/Documents/GitHub/online/HOOPOE3/satellite-subsystems/demo/..//satellite-subsystems/lib\libSatelliteSubsystemsD.a(cspaceADCS.o)
                0x200252d8                cspaceADCS_setStarTrackerConfig
 .text.cspaceADCS_setEstimationParam1
                0x200253a8       0xd0 C:/Users/97250/Documents/GitHub/online/HOOPOE3/satellite-subsystems/demo/..//satellite-subsystems/lib\libSatelliteSubsystemsD.a(cspaceADCS.o)
                0x200253a8                cspaceADCS_setEstimationParam1
 .text.cspaceADCS_setEstimationParam2
                0x20025478       0xd0 C:/Users/97250/Documents/GitHub/online/HOOPOE3/satellite-subsystems/demo/..//satellite-subsystems/lib\libSatelliteSubsystemsD.a(cspaceADCS.o)
                0x20025478                cspaceADCS_setEstimationParam2
 .text.cspaceADCS_setSGP4OrbitParameters
                0x20025548       0xcc C:/Users/97250/Documents/GitHub/online/HOOPOE3/satellite-subsystems/demo/..//satellite-subsystems/lib\libSatelliteSubsystemsD.a(cspaceADCS.o)
                0x20025548                cspaceADCS_setSGP4OrbitParameters
 .text.cspaceADCS_setMagnetometerMode
                0x20025614       0xb8 C:/Users/97250/Documents/GitHub/online/HOOPOE3/satellite-subsystems/demo/..//satellite-subsystems/lib\libSatelliteSubsystemsD.a(cspaceADCS.o)
                0x20025614                cspaceADCS_setMagnetometerMode
 .text.cspaceADCS_saveConfig
                0x200256cc       0xac C:/Users/97250/Documents/GitHub/online/HOOPOE3/satellite-subsystems/demo/..//satellite-subsystems/lib\libSatelliteSubsystemsD.a(cspaceADCS.o)
                0x200256cc                cspaceADCS_saveConfig
 .text.cspaceADCS_saveOrbitParam
                0x20025778       0xac C:/Users/97250/Documents/GitHub/online/HOOPOE3/satellite-subsystems/demo/..//satellite-subsystems/lib\libSatelliteSubsystemsD.a(cspaceADCS.o)
                0x20025778                cspaceADCS_saveOrbitParam
 .text.cspaceADCS_saveImage
                0x20025824       0xd8 C:/Users/97250/Documents/GitHub/online/HOOPOE3/satellite-subsystems/demo/..//satellite-subsystems/lib\libSatelliteSubsystemsD.a(cspaceADCS.o)
                0x20025824                cspaceADCS_saveImage
 .text.cspaceADCS_BLSetBootIndex
                0x200258fc      0x124 C:/Users/97250/Documents/GitHub/online/HOOPOE3/satellite-subsystems/demo/..//satellite-subsystems/lib\libSatelliteSubsystemsD.a(cspaceADCS.o)
                0x200258fc                cspaceADCS_BLSetBootIndex
 .text.cspaceADCS_BLRunSelectedProgram
                0x20025a20      0x114 C:/Users/97250/Documents/GitHub/online/HOOPOE3/satellite-subsystems/demo/..//satellite-subsystems/lib\libSatelliteSubsystemsD.a(cspaceADCS.o)
                0x20025a20                cspaceADCS_BLRunSelectedProgram
 .text.cspaceADCS_getGeneralInfo
                0x20025b34       0xc4 C:/Users/97250/Documents/GitHub/online/HOOPOE3/satellite-subsystems/demo/..//satellite-subsystems/lib\libSatelliteSubsystemsD.a(cspaceADCS.o)
                0x20025b34                cspaceADCS_getGeneralInfo
 .text.cspaceADCS_getBootProgramInfo
                0x20025bf8       0xc4 C:/Users/97250/Documents/GitHub/online/HOOPOE3/satellite-subsystems/demo/..//satellite-subsystems/lib\libSatelliteSubsystemsD.a(cspaceADCS.o)
                0x20025bf8                cspaceADCS_getBootProgramInfo
 .text.cspaceADCS_getSRAMLatchupCounters
                0x20025cbc       0xc4 C:/Users/97250/Documents/GitHub/online/HOOPOE3/satellite-subsystems/demo/..//satellite-subsystems/lib\libSatelliteSubsystemsD.a(cspaceADCS.o)
                0x20025cbc                cspaceADCS_getSRAMLatchupCounters
 .text.cspaceADCS_getEDACCounters
                0x20025d80       0xc4 C:/Users/97250/Documents/GitHub/online/HOOPOE3/satellite-subsystems/demo/..//satellite-subsystems/lib\libSatelliteSubsystemsD.a(cspaceADCS.o)
                0x20025d80                cspaceADCS_getEDACCounters
 .text.cspaceADCS_getCurrentTime
                0x20025e44       0xc4 C:/Users/97250/Documents/GitHub/online/HOOPOE3/satellite-subsystems/demo/..//satellite-subsystems/lib\libSatelliteSubsystemsD.a(cspaceADCS.o)
                0x20025e44                cspaceADCS_getCurrentTime
 .text.cspaceADCS_getCommStatus
                0x20025f08       0xc4 C:/Users/97250/Documents/GitHub/online/HOOPOE3/satellite-subsystems/demo/..//satellite-subsystems/lib\libSatelliteSubsystemsD.a(cspaceADCS.o)
                0x20025f08                cspaceADCS_getCommStatus
 .text.cspaceADCS_getCurrentState
                0x20025fcc       0xc4 C:/Users/97250/Documents/GitHub/online/HOOPOE3/satellite-subsystems/demo/..//satellite-subsystems/lib\libSatelliteSubsystemsD.a(cspaceADCS.o)
                0x20025fcc                cspaceADCS_getCurrentState
 .text.cspaceADCS_getMagneticFieldVec
                0x20026090       0xc4 C:/Users/97250/Documents/GitHub/online/HOOPOE3/satellite-subsystems/demo/..//satellite-subsystems/lib\libSatelliteSubsystemsD.a(cspaceADCS.o)
                0x20026090                cspaceADCS_getMagneticFieldVec
 .text.cspaceADCS_getCoarseSunVec
                0x20026154       0xc4 C:/Users/97250/Documents/GitHub/online/HOOPOE3/satellite-subsystems/demo/..//satellite-subsystems/lib\libSatelliteSubsystemsD.a(cspaceADCS.o)
                0x20026154                cspaceADCS_getCoarseSunVec
 .text.cspaceADCS_getFineSunVec
                0x20026218       0xc4 C:/Users/97250/Documents/GitHub/online/HOOPOE3/satellite-subsystems/demo/..//satellite-subsystems/lib\libSatelliteSubsystemsD.a(cspaceADCS.o)
                0x20026218                cspaceADCS_getFineSunVec
 .text.cspaceADCS_getNadirVector
                0x200262dc       0xc4 C:/Users/97250/Documents/GitHub/online/HOOPOE3/satellite-subsystems/demo/..//satellite-subsystems/lib\libSatelliteSubsystemsD.a(cspaceADCS.o)
                0x200262dc                cspaceADCS_getNadirVector
 .text.cspaceADCS_getSensorRates
                0x200263a0       0xc4 C:/Users/97250/Documents/GitHub/online/HOOPOE3/satellite-subsystems/demo/..//satellite-subsystems/lib\libSatelliteSubsystemsD.a(cspaceADCS.o)
                0x200263a0                cspaceADCS_getSensorRates
 .text.cspaceADCS_getWheelSpeed
                0x20026464       0xc4 C:/Users/97250/Documents/GitHub/online/HOOPOE3/satellite-subsystems/demo/..//satellite-subsystems/lib\libSatelliteSubsystemsD.a(cspaceADCS.o)
                0x20026464                cspaceADCS_getWheelSpeed
 .text.cspaceADCS_getMagnetorquerCmd
                0x20026528       0xc4 C:/Users/97250/Documents/GitHub/online/HOOPOE3/satellite-subsystems/demo/..//satellite-subsystems/lib\libSatelliteSubsystemsD.a(cspaceADCS.o)
                0x20026528                cspaceADCS_getMagnetorquerCmd
 .text.cspaceADCS_getWheelSpeedCmd
                0x200265ec       0xc4 C:/Users/97250/Documents/GitHub/online/HOOPOE3/satellite-subsystems/demo/..//satellite-subsystems/lib\libSatelliteSubsystemsD.a(cspaceADCS.o)
                0x200265ec                cspaceADCS_getWheelSpeedCmd
 .text.cspaceADCS_getRawCss1_6Measurements
                0x200266b0       0xc4 C:/Users/97250/Documents/GitHub/online/HOOPOE3/satellite-subsystems/demo/..//satellite-subsystems/lib\libSatelliteSubsystemsD.a(cspaceADCS.o)
                0x200266b0                cspaceADCS_getRawCss1_6Measurements
 .text.cspaceADCS_getRawCss7_10Measurements
                0x20026774       0xc4 C:/Users/97250/Documents/GitHub/online/HOOPOE3/satellite-subsystems/demo/..//satellite-subsystems/lib\libSatelliteSubsystemsD.a(cspaceADCS.o)
                0x20026774                cspaceADCS_getRawCss7_10Measurements
 .text.cspaceADCS_getRawMagnetometerMeas