Archive member included because of file (symbol)

c:/isis/application/toolchain/bin/../lib/gcc/arm-none-eabi/4.7.4/../../../../arm-none-eabi/lib\libc_s.a(lib_a-vfprintf_float.o)
                              (_printf_float)
c:/isis/application/toolchain/bin/../lib/gcc/arm-none-eabi/4.7.4/../../../../arm-none-eabi/lib\libc_s.a(lib_a-vfprintf_i.o)
                              c:/isis/application/toolchain/bin/../lib/gcc/arm-none-eabi/4.7.4/../../../../arm-none-eabi/lib\libc_s.a(lib_a-vfprintf_float.o) (_printf_common)
c:/isis/application/toolchain/bin/../lib/gcc/arm-none-eabi/4.7.4/../../../../arm-none-eabi/lib\libc_s.a(lib_a-vfscanf_float.o)
                              (_scanf_float)
c:/isis/application/toolchain/bin/../lib/gcc/arm-none-eabi/4.7.4/../../../../arm-none-eabi/lib\libc_s.a(lib_a-dtoa.o)
                              c:/isis/application/toolchain/bin/../lib/gcc/arm-none-eabi/4.7.4/../../../../arm-none-eabi/lib\libc_s.a(lib_a-vfprintf_float.o) (_dtoa_r)
c:/isis/application/toolchain/bin/../lib/gcc/arm-none-eabi/4.7.4/../../../../arm-none-eabi/lib\libc_s.a(lib_a-locale.o)
                              c:/isis/application/toolchain/bin/../lib/gcc/arm-none-eabi/4.7.4/../../../../arm-none-eabi/lib\libc_s.a(lib_a-vfprintf_float.o) (_localeconv_r)
c:/isis/application/toolchain/bin/../lib/gcc/arm-none-eabi/4.7.4/../../../../arm-none-eabi/lib\libc_s.a(lib_a-malloc.o)
                              c:/isis/application/toolchain/bin/../lib/gcc/arm-none-eabi/4.7.4/../../../../arm-none-eabi/lib\libc_s.a(lib_a-dtoa.o) (malloc)
c:/isis/application/toolchain/bin/../lib/gcc/arm-none-eabi/4.7.4/../../../../arm-none-eabi/lib\libc_s.a(lib_a-mallocr.o)
                              c:/isis/application/toolchain/bin/../lib/gcc/arm-none-eabi/4.7.4/../../../../arm-none-eabi/lib\libc_s.a(lib_a-malloc.o) (_malloc_r)
c:/isis/application/toolchain/bin/../lib/gcc/arm-none-eabi/4.7.4/../../../../arm-none-eabi/lib\libc_s.a(lib_a-memcpy.o)
                              c:/isis/application/toolchain/bin/../lib/gcc/arm-none-eabi/4.7.4/../../../../arm-none-eabi/lib\libc_s.a(lib_a-dtoa.o) (memcpy)
c:/isis/application/toolchain/bin/../lib/gcc/arm-none-eabi/4.7.4/../../../../arm-none-eabi/lib\libc_s.a(lib_a-mprec.o)
                              c:/isis/application/toolchain/bin/../lib/gcc/arm-none-eabi/4.7.4/../../../../arm-none-eabi/lib\libc_s.a(lib_a-dtoa.o) (_Balloc)
c:/isis/application/toolchain/bin/../lib/gcc/arm-none-eabi/4.7.4/../../../../arm-none-eabi/lib\libc_s.a(lib_a-s_fpclassify.o)
                              c:/isis/application/toolchain/bin/../lib/gcc/arm-none-eabi/4.7.4/../../../../arm-none-eabi/lib\libc_s.a(lib_a-vfprintf_float.o) (__fpclassifyd)
c:/isis/application/toolchain/bin/../lib/gcc/arm-none-eabi/4.7.4/../../../../arm-none-eabi/lib\libc_s.a(lib_a-sbrkr.o)
                              c:/isis/application/toolchain/bin/../lib/gcc/arm-none-eabi/4.7.4/../../../../arm-none-eabi/lib\libc_s.a(lib_a-mallocr.o) (_sbrk_r)
c:/isis/application/toolchain/bin/../lib/gcc/arm-none-eabi/4.7.4/../../../../arm-none-eabi/lib\libc_s.a(lib_a-sf_nan.o)
                              c:/isis/application/toolchain/bin/../lib/gcc/arm-none-eabi/4.7.4/../../../../arm-none-eabi/lib\libc_s.a(lib_a-vfscanf_float.o) (nanf)
c:/isis/application/toolchain/bin/../lib/gcc/arm-none-eabi/4.7.4/../../../../arm-none-eabi/lib\libc_s.a(lib_a-sprintf.o)
                              c:/isis/application/toolchain/bin/../lib/gcc/arm-none-eabi/4.7.4/../../../../arm-none-eabi/lib\libc_s.a(lib_a-vfscanf_float.o) (sprintf)
c:/isis/application/toolchain/bin/../lib/gcc/arm-none-eabi/4.7.4/../../../../arm-none-eabi/lib\libc_s.a(lib_a-strcmp.o)
                              c:/isis/application/toolchain/bin/../lib/gcc/arm-none-eabi/4.7.4/../../../../arm-none-eabi/lib\libc_s.a(lib_a-locale.o) (strcmp)
c:/isis/application/toolchain/bin/../lib/gcc/arm-none-eabi/4.7.4/../../../../arm-none-eabi/lib\libc_s.a(lib_a-strlen.o)
                              c:/isis/application/toolchain/bin/../lib/gcc/arm-none-eabi/4.7.4/../../../../arm-none-eabi/lib\libc_s.a(lib_a-vfprintf_float.o) (strlen)
c:/isis/application/toolchain/bin/../lib/gcc/arm-none-eabi/4.7.4/../../../../arm-none-eabi/lib\libc_s.a(lib_a-strtod.o)
                              c:/isis/application/toolchain/bin/../lib/gcc/arm-none-eabi/4.7.4/../../../../arm-none-eabi/lib\libc_s.a(lib_a-vfscanf_float.o) (_strtod_r)
c:/isis/application/toolchain/bin/../lib/gcc/arm-none-eabi/4.7.4/../../../../arm-none-eabi/lib\libc_s.a(lib_a-strtol.o)
                              c:/isis/application/toolchain/bin/../lib/gcc/arm-none-eabi/4.7.4/../../../../arm-none-eabi/lib\libc_s.a(lib_a-vfscanf_float.o) (_strtol_r)
c:/isis/application/toolchain/bin/../lib/gcc/arm-none-eabi/4.7.4/../../../../arm-none-eabi/lib\libc_s.a(lib_a-svfprintf.o)
                              c:/isis/application/toolchain/bin/../lib/gcc/arm-none-eabi/4.7.4/../../../../arm-none-eabi/lib\libc_s.a(lib_a-sprintf.o) (_svfprintf_r)
[...]
Memory Configuration

Name             Origin             Length             Attributes
sram0            0x00200000         0x00004000         w !xr
sram1            0x00300000         0x00004000         w !xr
sdram            0x20000000         0x02000000         w !xr
*default*        0x00000000         0xffffffff

Linker script and memory map

LOAD c:/isis/application/toolchain/bin/../lib/gcc/arm-none-eabi/4.7.4/../../../../arm-none-eabi/lib\libc_s.a
LOAD ./src/sub-systemCode/payload/Request Management/Dump/Butchering.o
LOAD ./src/sub-systemCode/payload/Request Management/Dump/imageDump.o
LOAD ./src/sub-systemCode/payload/Request Management/CameraManeger.o
LOAD ./src/sub-systemCode/payload/Request Management/DB_RequestHandling.o
LOAD ./src/sub-systemCode/payload/Misc/Boolean_bit.o
LOAD ./src/sub-systemCode/payload/Misc/FileSystem.o
LOAD ./src/sub-systemCode/payload/Drivers/GeckoCameraDriver.o
LOAD ./src/sub-systemCode/payload/DataBase/DataBase.o
LOAD ./src/sub-systemCode/payload/Compression/jpeg/bmp/rawToBMP.o
LOAD ./src/sub-systemCode/payload/Compression/jpeg/DCT.o
LOAD ./src/sub-systemCode/payload/Compression/jpeg/ImgCompressor.o
LOAD ./src/sub-systemCode/payload/Compression/jpeg/color_conv.o
LOAD ./src/sub-systemCode/payload/Compression/jpeg/jpeg.o
LOAD ./src/sub-systemCode/payload/Compression/jpeg/jpeg_encoder.o
LOAD ./src/sub-systemCode/payload/Compression/jpeg/jpeg_memory_alloc.o
LOAD ./src/sub-systemCode/payload/Compression/jpeg/jpeg_params.o
LOAD ./src/sub-systemCode/payload/Compression/jpeg/output_stream.o
LOAD ./src/sub-systemCode/payload/Compression/ImageConversion.o
LOAD ./src/sub-systemCode/Main/CMD/ADCS_CMD.o
LOAD ./src/sub-systemCode/Main/CMD/COMM_CMD.o
LOAD ./src/sub-systemCode/Main/CMD/EPS_CMD.o
LOAD ./src/sub-systemCode/Main/CMD/General_CMD.o
LOAD ./src/sub-systemCode/Main/CMD/SW_CMD.o
LOAD ./src/sub-systemCode/Main/CMD/payload_CMD.o
LOAD ./src/sub-systemCode/Main/Ants.o
LOAD ./src/sub-systemCode/Main/EPS.o
LOAD ./src/sub-systemCode/Main/HouseKeeping.o
LOAD ./src/sub-systemCode/Main/Main_Init.o
LOAD ./src/sub-systemCode/Main/commands.o
LOAD ./src/sub-systemCode/Global/Global.o
LOAD ./src/sub-systemCode/Global/GlobalParam.o
LOAD ./src/sub-systemCode/Global/OnlineTM.o
LOAD ./src/sub-systemCode/Global/TLM_management.o
LOAD ./src/sub-systemCode/Global/freertosExtended.o
LOAD ./src/sub-systemCode/Global/logger.o
LOAD ./src/sub-systemCode/CUF/CUF.o
LOAD ./src/sub-systemCode/CUF/uploadCodeTelemetry.o
LOAD ./src/sub-systemCode/COMM/APRS.o
LOAD ./src/sub-systemCode/COMM/DelayedCommand_list.o
LOAD ./src/sub-systemCode/COMM/GSC.o
LOAD ./src/sub-systemCode/COMM/TRXVU.o
LOAD ./src/sub-systemCode/ADCS/AdcsCommands.o
LOAD ./src/sub-systemCode/ADCS/AdcsGetDataAndTlm.o
LOAD ./src/sub-systemCode/ADCS/AdcsMain.o
LOAD ./src/sub-systemCode/ADCS/AdcsTroubleShooting.o
LOAD ./src/sub-systemCode/ADCS/StateMachine.o
LOAD ./src/main.o
LOAD C:/HOOPOE3/satellite-subsystems/demo/..//satellite-subsystems/lib\libSatelliteSubsystemsD.a
LOAD c:/isis/application/toolchain/bin/../lib/gcc/arm-none-eabi/4.7.4/../../../../arm-none-eabi/lib\libm.a
LOAD C:/HOOPOE3/satellite-subsystems/demo/../..//hal/hcc/lib\libHCCD.a
LOAD C:/HOOPOE3/satellite-subsystems/demo/../..//hal/hal/lib\libHALD.a
LOAD C:/HOOPOE3/satellite-subsystems/demo/../..//hal/freertos/lib\libFreeRTOSD.a
LOAD C:/HOOPOE3/satellite-subsystems/demo/../..//hal/at91/lib\libAt91D.a
START GROUP
LOAD c:/isis/application/toolchain/bin/../lib/gcc/arm-none-eabi/4.7.4\libgcc.a
LOAD c:/isis/application/toolchain/bin/../lib/gcc/arm-none-eabi/4.7.4/../../../../arm-none-eabi/lib\libc_s.a
END GROUP

.fixed          0x20000000    0x5b6c0
                0x20000000                . = ALIGN (0x4)
                0x20000000                _sfixed = .
 *(.startup)
 .startup       0x20000000      0x134 C:/HOOPOE3/satellite-subsystems/demo/../..//hal/at91/lib\libAt91D.a(board_cstartup.o)
                0x20000000                entry
 *(.text)
 .text          0x20000134       0x64 C:/HOOPOE3/satellite-subsystems/demo/../..//hal/at91/lib\libAt91D.a(cp15_asm.o)
                0x20000134                _readControlRegister
                0x20000140                _writeControlRegister
                0x20000148                _waitForInterrupt
                0x20000154                _writeTTB
                0x2000015c                _writeDomain
                0x20000164                _writeITLBLockdown
                0x2000016c                _prefetchICacheLine
                0x20000174                _flushDCache
                0x20000180                _flushWriteBuffer
                0x2000018c                _invalidateIDTLBs
 .text          0x20000198      0x114 c:/isis/application/toolchain/bin/../lib/gcc/arm-none-eabi/4.7.4\libgcc.a(_udivsi3.o)
                0x20000198                __aeabi_uidiv
                0x20000198                __udivsi3
                0x2000028c                __aeabi_uidivmod
 .text          0x200002ac      0x148 c:/isis/application/toolchain/bin/../lib/gcc/arm-none-eabi/4.7.4\libgcc.a(_divsi3.o)
                0x200002ac                __divsi3
                0x200002ac                __aeabi_idiv
                0x200003d4                __aeabi_idivmod
 .text          0x200003f4        0x4 c:/isis/application/toolchain/bin/../lib/gcc/arm-none-eabi/4.7.4\libgcc.a(_dvmd_tls.o)
                0x200003f4                __aeabi_idiv0
                0x200003f4                __aeabi_ldiv0
 .text          0x200003f8      0x41c c:/isis/application/toolchain/bin/../lib/gcc/arm-none-eabi/4.7.4\libgcc.a(_arm_addsubdf3.o)
                0x200003f8                __aeabi_drsub
                0x20000400                __aeabi_dsub
                0x20000400                __subdf3
                0x20000404                __aeabi_dadd
                0x20000404                __adddf3
                0x20000714                __floatunsidf
                0x20000714                __aeabi_ui2d
                0x20000738                __floatsidf
                0x20000738                __aeabi_i2d
                0x20000760                __aeabi_f2d
                0x20000760                __extendsfdf2
                0x200007a0                __floatundidf
                0x200007a0                __aeabi_ul2d
                0x200007b4                __floatdidf
                0x200007b4                __aeabi_l2d
 .text          0x20000814      0x49c c:/isis/application/toolchain/bin/../lib/gcc/arm-none-eabi/4.7.4\libgcc.a(_arm_muldivdf3.o)
                0x20000814                __aeabi_dmul
                0x20000814                __muldf3
                0x20000aa4                __divdf3
                0x20000aa4                __aeabi_ddiv
 .text          0x20000cb0      0x144 c:/isis/application/toolchain/bin/../lib/gcc/arm-none-eabi/4.7.4\libgcc.a(_arm_cmpdf2.o)
                0x20000cb0                __gtdf2
                0x20000cb0                __gedf2
                0x20000cb8                __ltdf2
                0x20000cb8                __ledf2
                0x20000cc0                __nedf2
                0x20000cc0                __eqdf2
                0x20000cc0                __cmpdf2
                0x20000d48                __aeabi_cdrcmple
                0x20000d64                __aeabi_cdcmpeq
                0x20000d64                __aeabi_cdcmple
                0x20000d7c                __aeabi_dcmpeq
                0x20000d94                __aeabi_dcmplt
                0x20000dac                __aeabi_dcmple
                0x20000dc4                __aeabi_dcmpge
                0x20000ddc                __aeabi_dcmpgt
 .text          0x20000df4       0x5c c:/isis/application/toolchain/bin/../lib/gcc/arm-none-eabi/4.7.4\libgcc.a(_arm_fixdfsi.o)
                0x20000df4                __aeabi_d2iz
                0x20000df4                __fixdfsi
 .text          0x20000e50       0x54 c:/isis/application/toolchain/bin/../lib/gcc/arm-none-eabi/4.7.4\libgcc.a(_arm_fixunsdfsi.o)
                0x20000e50                __aeabi_d2uiz
                0x20000e50                __fixunsdfsi
 .text          0x20000ea4       0xa0 c:/isis/application/toolchain/bin/../lib/gcc/arm-none-eabi/4.7.4\libgcc.a(_arm_truncdfsf2.o)
                0x20000ea4                __truncdfsf2
                0x20000ea4                __aeabi_d2f
 .text          0x20000f44      0x2ac c:/isis/application/toolchain/bin/../lib/gcc/arm-none-eabi/4.7.4\libgcc.a(_arm_addsubsf3.o)
                0x20000f44                __aeabi_frsub
                0x20000f4c                __subsf3
                0x20000f4c                __aeabi_fsub
                0x20000f50                __aeabi_fadd
                0x20000f50                __addsf3
                0x2000110c                __aeabi_ui2f
                0x2000110c                __floatunsisf
                0x20001114                __aeabi_i2f
                0x20001114                __floatsisf
                0x20001134                __aeabi_ul2f
                0x20001134                __floatundisf
                0x20001144                __aeabi_l2f
                0x20001144                __floatdisf
 .text          0x200011f0      0x2f8 c:/isis/application/toolchain/bin/../lib/gcc/arm-none-eabi/4.7.4\libgcc.a(_arm_muldivsf3.o)
                0x200011f0                __mulsf3
                0x200011f0                __aeabi_fmul
                0x20001388                __aeabi_fdiv
                0x20001388                __divsf3
 .text          0x200014e8      0x114 c:/isis/application/toolchain/bin/../lib/gcc/arm-none-eabi/4.7.4\libgcc.a(_arm_cmpsf2.o)
                0x200014e8                __gesf2
                0x200014e8                __gtsf2
                0x200014f0                __lesf2
                0x200014f0                __ltsf2
                0x200014f8                __nesf2
                0x200014f8                __eqsf2
                0x200014f8                __cmpsf2
                0x2000155c                __aeabi_cfrcmple
                0x2000156c                __aeabi_cfcmpeq
                0x2000156c                __aeabi_cfcmple
                0x20001584                __aeabi_fcmpeq
                0x2000159c                __aeabi_fcmplt
                0x200015b4                __aeabi_fcmple
                0x200015cc                __aeabi_fcmpge
                0x200015e4                __aeabi_fcmpgt
 .text          0x200015fc       0x54 c:/isis/application/toolchain/bin/../lib/gcc/arm-none-eabi/4.7.4\libgcc.a(_arm_fixunssfsi.o)
                0x200015fc                __fixunssfsi
                0x200015fc                __aeabi_f2uiz
 *(.text*)
 .text.__cvt    0x20001650      0x138 c:/isis/application/toolchain/bin/../lib/gcc/arm-none-eabi/4.7.4/../../../../arm-none-eabi/lib\libc_s.a(lib_a-vfprintf_float.o)
                0x20001650                __cvt
 .text.__exponent
                0x20001788       0xa8 c:/isis/application/toolchain/bin/../lib/gcc/arm-none-eabi/4.7.4/../../../../arm-none-eabi/lib\libc_s.a(lib_a-vfprintf_float.o)
                0x20001788                __exponent
 .text._printf_float
                0x20001830      0x7dc c:/isis/application/toolchain/bin/../lib/gcc/arm-none-eabi/4.7.4/../../../../arm-none-eabi/lib\libc_s.a(lib_a-vfprintf_float.o)
                0x20001830                _printf_float
 .text._printf_common
                0x2000200c      0x174 c:/isis/application/toolchain/bin/../lib/gcc/arm-none-eabi/4.7.4/../../../../arm-none-eabi/lib\libc_s.a(lib_a-vfprintf_i.o)
                0x2000200c                _printf_common
 .text._printf_i
                0x20002180      0x3c4 c:/isis/application/toolchain/bin/../lib/gcc/arm-none-eabi/4.7.4/../../../../arm-none-eabi/lib\libc_s.a(lib_a-vfprintf_i.o)
                0x20002180                _printf_i
 .text._scanf_float
                0x20002544      0x5f4 c:/isis/application/toolchain/bin/../lib/gcc/arm-none-eabi/4.7.4/../../../../arm-none-eabi/lib\libc_s.a(lib_a-vfscanf_float.o)
                0x20002544                _scanf_float
 .text.quorem   0x20002b38      0x1ac c:/isis/application/toolchain/bin/../lib/gcc/arm-none-eabi/4.7.4/../../../../arm-none-eabi/lib\libc_s.a(lib_a-dtoa.o)
 .text._dtoa_r  0x20002ce4     0x1268 c:/isis/application/toolchain/bin/../lib/gcc/arm-none-eabi/4.7.4/../../../../arm-none-eabi/lib\libc_s.a(lib_a-dtoa.o)
                0x20002ce4                _dtoa_r
 .text._localeconv_r
                0x20003f4c        0xc c:/isis/application/toolchain/bin/../lib/gcc/arm-none-eabi/4.7.4/../../../../arm-none-eabi/lib\libc_s.a(lib_a-locale.o)
                0x20003f4c                _localeconv_r
 .text.malloc   0x20003f58       0x20 c:/isis/application/toolchain/bin/../lib/gcc/arm-none-eabi/4.7.4/../../../../arm-none-eabi/lib\libc_s.a(lib_a-malloc.o)
                0x20003f58                malloc
 .text.free     0x20003f78       0x20 c:/isis/application/toolchain/bin/../lib/gcc/arm-none-eabi/4.7.4/../../../../arm-none-eabi/lib\libc_s.a(lib_a-malloc.o)
                0x20003f78                free
 .text._malloc_r
                0x20003f98       0xfc c:/isis/application/toolchain/bin/../lib/gcc/arm-none-eabi/4.7.4/../../../../arm-none-eabi/lib\libc_s.a(lib_a-mallocr.o)
                0x20003f98                _malloc_r
 .text.memcpy   0x20004094       0x20 c:/isis/application/toolchain/bin/../lib/gcc/arm-none-eabi/4.7.4/../../../../arm-none-eabi/lib\libc_s.a(lib_a-memcpy.o)
                0x20004094                memcpy
 .text._Balloc  0x200040b4       0xcc c:/isis/application/toolchain/bin/../lib/gcc/arm-none-eabi/4.7.4/../../../../arm-none-eabi/lib\libc_s.a(lib_a-mprec.o)
                0x200040b4                _Balloc
 .text._Bfree   0x20004180       0x5c c:/isis/application/toolchain/bin/../lib/gcc/arm-none-eabi/4.7.4/../../../../arm-none-eabi/lib\libc_s.a(lib_a-mprec.o)
                0x20004180                _Bfree
 .text.__multadd
                0x200041dc       0xbc c:/isis/application/toolchain/bin/../lib/gcc/arm-none-eabi/4.7.4/../../../../arm-none-eabi/lib\libc_s.a(lib_a-mprec.o)
                0x200041dc                __multadd
 .text.__s2b    0x20004298       0xd8 c:/isis/application/toolchain/bin/../lib/gcc/arm-none-eabi/4.7.4/../../../../arm-none-eabi/lib\libc_s.a(lib_a-mprec.o)
                0x20004298                __s2b
 .text.__hi0bits
                0x20004370       0x58 c:/isis/application/toolchain/bin/../lib/gcc/arm-none-eabi/4.7.4/../../../../arm-none-eabi/lib\libc_s.a(lib_a-mprec.o)
                0x20004370                __hi0bits
 .text.__lo0bits
                0x200043c8       0x94 c:/isis/application/toolchain/bin/../lib/gcc/arm-none-eabi/4.7.4/../../../../arm-none-eabi/lib\libc_s.a(lib_a-mprec.o)
                0x200043c8                __lo0bits
 .text.__i2b    0x2000445c       0x24 c:/isis/application/toolchain/bin/../lib/gcc/arm-none-eabi/4.7.4/../../../../arm-none-eabi/lib\libc_s.a(lib_a-mprec.o)
                0x2000445c                __i2b
 .text.__multiply
                0x20004480      0x1ac c:/isis/application/toolchain/bin/../lib/gcc/arm-none-eabi/4.7.4/../../../../arm-none-eabi/lib\libc_s.a(lib_a-mprec.o)
                0x20004480                __multiply
 .text.__pow5mult
                0x2000462c      0x10c c:/isis/application/toolchain/bin/../lib/gcc/arm-none-eabi/4.7.4/../../../../arm-none-eabi/lib\libc_s.a(lib_a-mprec.o)
                0x2000462c                __pow5mult
 .text.__lshift
                0x20004738       0xf0 c:/isis/application/toolchain/bin/../lib/gcc/arm-none-eabi/4.7.4/../../../../arm-none-eabi/lib\libc_s.a(lib_a-mprec.o)
                0x20004738                __lshift
 .text.__mcmp   0x20004828       0x60 c:/isis/application/toolchain/bin/../lib/gcc/arm-none-eabi/4.7.4/../../../../arm-none-eabi/lib\libc_s.a(lib_a-mprec.o)
                0x20004828                __mcmp
 .text.__mdiff  0x20004888      0x128 c:/isis/application/toolchain/bin/../lib/gcc/arm-none-eabi/4.7.4/../../../../arm-none-eabi/lib\libc_s.a(lib_a-mprec.o)
                0x20004888                __mdiff
 .text.__ulp    0x200049b0       0x5c c:/isis/application/toolchain/bin/../lib/gcc/arm-none-eabi/4.7.4/../../../../arm-none-eabi/lib\libc_s.a(lib_a-mprec.o)
                0x200049b0                __ulp
 .text.__b2d    0x20004a0c       0xc8 c:/isis/application/toolchain/bin/../lib/gcc/arm-none-eabi/4.7.4/../../../../arm-none-eabi/lib\libc_s.a(lib_a-mprec.o)
                0x20004a0c                __b2d
 .text.__d2b    0x20004ad4       0xfc c:/isis/application/toolchain/bin/../lib/gcc/arm-none-eabi/4.7.4/../../../../arm-none-eabi/lib\libc_s.a(lib_a-mprec.o)
                0x20004ad4                __d2b
 .text.__ratio  0x20004bd0       0x70 c:/isis/application/toolchain/bin/../lib/gcc/arm-none-eabi/4.7.4/../../../../arm-none-eabi/lib\libc_s.a(lib_a-mprec.o)
                0x20004bd0                __ratio
 .text.__copybits
                0x20004c40       0x4c c:/isis/application/toolchain/bin/../lib/gcc/arm-none-eabi/4.7.4/../../../../arm-none-eabi/lib\libc_s.a(lib_a-mprec.o)
                0x20004c40                __copybits
 .text.__any_on
                0x20004c8c       0x7c c:/isis/application/toolchain/bin/../lib/gcc/arm-none-eabi/4.7.4/../../../../arm-none-eabi/lib\libc_s.a(lib_a-mprec.o)
                0x20004c8c                __any_on
 .text.__fpclassifyd
                0x20004d08       0x6c c:/isis/application/toolchain/bin/../lib/gcc/arm-none-eabi/4.7.4/../../../../arm-none-eabi/lib\libc_s.a(lib_a-s_fpclassify.o)
                0x20004d08                __fpclassifyd
 .text._sbrk_r  0x20004d74       0x3c c:/isis/application/toolchain/bin/../lib/gcc/arm-none-eabi/4.7.4/../../../../arm-none-eabi/lib\libc_s.a(lib_a-sbrkr.o)
                0x20004d74                _sbrk_r
 .text.nanf     0x20004db0        0xc c:/isis/application/toolchain/bin/../lib/gcc/arm-none-eabi/4.7.4/../../../../arm-none-eabi/lib\libc_s.a(lib_a-sf_nan.o)
                0x20004db0                nanf
 .text.sprintf  0x20004dbc       0x6c c:/isis/application/toolchain/bin/../lib/gcc/arm-none-eabi/4.7.4/../../../../arm-none-eabi/lib\libc_s.a(lib_a-sprintf.o)
                0x20004dbc                siprintf
                0x20004dbc                sprintf
 .text.strcmp   0x20004e28       0x1c c:/isis/application/toolchain/bin/../lib/gcc/arm-none-eabi/4.7.4/../../../../arm-none-eabi/lib\libc_s.a(lib_a-strcmp.o)
                0x20004e28                strcmp
 .text.strlen   0x20004e44       0x1c c:/isis/application/toolchain/bin/../lib/gcc/arm-none-eabi/4.7.4/../../../../arm-none-eabi/lib\libc_s.a(lib_a-strlen.o)
                0x20004e44                strlen
 .text.match    0x20004e60       0x54 c:/isis/application/toolchain/bin/../lib/gcc/arm-none-eabi/4.7.4/../../../../arm-none-eabi/lib\libc_s.a(lib_a-strtod.o)
 .text._strtod_r
                0x20004eb4     0x1168 c:/isis/application/toolchain/bin/../lib/gcc/arm-none-eabi/4.7.4/../../../../arm-none-eabi/lib\libc_s.a(lib_a-strtod.o)
                0x20004eb4                _strtod_r
 .text._strtol_r
                0x2000601c      0x1b8 c:/isis/application/toolchain/bin/../lib/gcc/arm-none-eabi/4.7.4/../../../../arm-none-eabi/lib\libc_s.a(lib_a-strtol.o)
                0x2000601c                _strtol_r
 .text.__ssputc_r
                0x200061d4      0x10c c:/isis/application/toolchain/bin/../lib/gcc/arm-none-eabi/4.7.4/../../../../arm-none-eabi/lib\libc_s.a(lib_a-svfprintf.o)
                0x200061d4                __ssputc_r
 .text._svfprintf_r
                0x200062e0      0x328 c:/isis/application/toolchain/bin/../lib/gcc/arm-none-eabi/4.7.4/../../../../arm-none-eabi/lib\libc_s.a(lib_a-svfprintf.o)
                0x200062e0                _svfiprintf_r
                0x200062e0                _svfprintf_r
 .text._calloc_r
                0x20006608       0x2c c:/isis/application/toolchain/bin/../lib/gcc/arm-none-eabi/4.7.4/../../../../arm-none-eabi/lib\libc_s.a(lib_a-callocr.o)
                0x20006608                _calloc_r
 .text._free_r  0x20006634      0x108 c:/isis/application/toolchain/bin/../lib/gcc/arm-none-eabi/4.7.4/../../../../arm-none-eabi/lib\libc_s.a(lib_a-freer.o)
                0x20006634                _free_r
 .text.rshift   0x2000673c       0xb0 c:/isis/application/toolchain/bin/../lib/gcc/arm-none-eabi/4.7.4/../../../../arm-none-eabi/lib\libc_s.a(lib_a-gdtoa-gethex.o)
 .text.htinit.constprop.0
                0x200067ec       0x34 c:/isis/application/toolchain/bin/../lib/gcc/arm-none-eabi/4.7.4/../../../../arm-none-eabi/lib\libc_s.a(lib_a-gdtoa-gethex.o)
 .text.__hexdig_init
                0x20006820       0x38 c:/isis/application/toolchain/bin/../lib/gcc/arm-none-eabi/4.7.4/../../../../arm-none-eabi/lib\libc_s.a(lib_a-gdtoa-gethex.o)
                0x20006820                __hexdig_init
 .text.__gethex
                0x20006858      0x6cc c:/isis/application/toolchain/bin/../lib/gcc/arm-none-eabi/4.7.4/../../../../arm-none-eabi/lib\libc_s.a(lib_a-gdtoa-gethex.o)
                0x20006858                __gethex
 .text.L_shift  0x20006f24       0x38 c:/isis/application/toolchain/bin/../lib/gcc/arm-none-eabi/4.7.4/../../../../arm-none-eabi/lib\libc_s.a(lib_a-gdtoa-hexnan.o)
 .text.__hexnan
                0x20006f5c      0x1d8 c:/isis/application/toolchain/bin/../lib/gcc/arm-none-eabi/4.7.4/../../../../arm-none-eabi/lib\libc_s.a(lib_a-gdtoa-hexnan.o)
                0x20006f5c                __hexnan
 .text.memchr   0x20007134       0x34 c:/isis/application/toolchain/bin/../lib/gcc/arm-none-eabi/4.7.4/../../../../arm-none-eabi/lib\libc_s.a(lib_a-memchr.o)
                0x20007134                memchr
 .text.memset   0x20007168       0x1c c:/isis/application/toolchain/bin/../lib/gcc/arm-none-eabi/4.7.4/../../../../arm-none-eabi/lib\libc_s.a(lib_a-memset.o)
                0x20007168                memset
 .text._realloc_r
                0x20007184       0x80 c:/isis/application/toolchain/bin/../lib/gcc/arm-none-eabi/4.7.4/../../../../arm-none-eabi/lib\libc_s.a(lib_a-reallocr.o)
                0x20007184                _realloc_r
 .text.strncmp  0x20007204       0x64 c:/isis/application/toolchain/bin/../lib/gcc/arm-none-eabi/4.7.4/../../../../arm-none-eabi/lib\libc_s.a(lib_a-strncmp.o)
                0x20007204                strncmp
 .text._malloc_usable_size_r
                0x20007268       0x1c c:/isis/application/toolchain/bin/../lib/gcc/arm-none-eabi/4.7.4/../../../../arm-none-eabi/lib\libc_s.a(lib_a-msizer.o)
                0x20007268                _malloc_usable_size_r
 .text.GetChunkFromImage
                0x20007284      0x2d0 ./src/sub-systemCode/payload/Request Management/Dump/Butchering.o
                0x20007284                GetChunkFromImage
 .text.SimpleButcher
                0x20007554       0xd8 ./src/sub-systemCode/payload/Request Management/Dump/Butchering.o
                0x20007554                SimpleButcher
 .text.readChunkDimentionsFromFRAM
                0x2000762c       0x80 ./src/sub-systemCode/payload/Request Management/Dump/imageDump.o
                0x2000762c                readChunkDimentionsFromFRAM
 .text.setChunkDimensions_inFRAM
                0x200076ac      0x10c ./src/sub-systemCode/payload/Request Management/Dump/imageDump.o
                0x200076ac                setChunkDimensions_inFRAM
 .text.find_subType_ofImage
                0x200077b8       0xe0 ./src/sub-systemCode/payload/Request Management/Dump/imageDump.o
                0x200077b8                find_subType_ofImage
 .text.buildAndSend_chunck
                0x20007898      0x320 ./src/sub-systemCode/payload/Request Management/Dump/imageDump.o
                0x20007898                buildAndSend_chunck
 .text.bitField_imageDump
                0x20007bb8      0x23c ./src/sub-systemCode/payload/Request Management/Dump/imageDump.o
                0x20007bb8                bitField_imageDump
 .text.imageDataBase_Dump
                0x20007df4      0x118 ./src/sub-systemCode/payload/Request Management/Dump/imageDump.o
                0x20007df4                imageDataBase_Dump
 .text.chunkField_imageDump
                0x20007f0c      0x258 ./src/sub-systemCode/payload/Request Management/Dump/imageDump.o
                0x20007f0c                chunkField_imageDump
 .text.imageDump_task
                0x20008164      0x480 ./src/sub-systemCode/payload/Request Management/Dump/imageDump.o
                0x20008164                imageDump_task
 .text.CameraManagerTaskMain
                0x200085e4      0x120 ./src/sub-systemCode/payload/Request Management/CameraManeger.o
                0x200085e4                CameraManagerTaskMain
 .text.initCamera
                0x20008704       0xa4 ./src/sub-systemCode/payload/Request Management/CameraManeger.o
                0x20008704                initCamera
 .text.KickStartCamera
                0x200087a8       0xb4 ./src/sub-systemCode/payload/Request Management/CameraManeger.o
                0x200087a8                KickStartCamera
 .text.addRequestToQueue
                0x2000885c       0xa8 ./src/sub-systemCode/payload/Request Management/CameraManeger.o
                0x2000885c                addRequestToQueue
 .text.removeRequestFromQueue
                0x20008904       0x7c ./src/sub-systemCode/payload/Request Management/CameraManeger.o
                0x20008904                removeRequestFromQueue
 .text.Take_pictures_with_time_in_between
                0x20008980       0xec ./src/sub-systemCode/payload/Request Management/CameraManeger.o
                0x20008980                Take_pictures_with_time_in_between
 .text.Gecko_TroubleShooter
                0x20008a6c       0xd8 ./src/sub-systemCode/payload/Request Management/CameraManeger.o
                0x20008a6c                Gecko_TroubleShooter
 .text.startDumpTask
                0x20008b44       0x70 ./src/sub-systemCode/payload/Request Management/CameraManeger.o
                0x20008b44                startDumpTask
 .text.act_upon_request
                0x20008bb4      0x4dc ./src/sub-systemCode/payload/Request Management/CameraManeger.o
                0x20008bb4                act_upon_request
 .text.TakePicture
                0x20009090       0x4c ./src/sub-systemCode/payload/Request Management/DB_RequestHandling.o
                0x20009090                TakePicture
 .text.TakeSpecialPicture
                0x200090dc      0x130 ./src/sub-systemCode/payload/Request Management/DB_RequestHandling.o
                0x200090dc                TakeSpecialPicture
 .text.DeletePictureFile
                0x2000920c       0x88 ./src/sub-systemCode/payload/Request Management/DB_RequestHandling.o
                0x2000920c                DeletePictureFile
 .text.DeletePicture
                0x20009294       0x6c ./src/sub-systemCode/payload/Request Management/DB_RequestHandling.o
                0x20009294                DeletePicture
 .text.TransferPicture
                0x20009300       0x54 ./src/sub-systemCode/payload/Request Management/DB_RequestHandling.o
                0x20009300                TransferPicture
 .text.CreateThumbnail
                0x20009354       0x80 ./src/sub-systemCode/payload/Request Management/DB_RequestHandling.o
                0x20009354                CreateThumbnail
 .text.CreateJPG
                0x200093d4       0x7c ./src/sub-systemCode/payload/Request Management/DB_RequestHandling.o
                0x200093d4                CreateJPG
 .text.UpdatePhotographyValues
                0x20009450       0xd8 ./src/sub-systemCode/payload/Request Management/DB_RequestHandling.o
                0x20009450                UpdatePhotographyValues
 .text.setChunkDimensions
                0x20009528       0x64 ./src/sub-systemCode/payload/Request Management/DB_RequestHandling.o
                0x20009528                setChunkDimensions
 .text.convert2char
                0x2000958c      0x14c ./src/sub-systemCode/payload/Misc/Boolean_bit.o
                0x2000958c                convert2char
 .text.convert2byte
                0x200096d8      0x1c8 ./src/sub-systemCode/payload/Misc/Boolean_bit.o
                0x200096d8                convert2byte
 .text.bits2byte
                0x200098a0      0x17c ./src/sub-systemCode/payload/Misc/Boolean_bit.o
                0x200098a0                bits2byte
 .text.byte2bits
                0x20009a1c      0x17c ./src/sub-systemCode/payload/Misc/Boolean_bit.o
                0x20009a1c                byte2bits
 .text.char2bits
                0x20009b98       0x44 ./src/sub-systemCode/payload/Misc/Boolean_bit.o
                0x20009b98                char2bits
 .text.bits2char
                0x20009bdc       0x3c ./src/sub-systemCode/payload/Misc/Boolean_bit.o
                0x20009bdc                bits2char
 .text.ReadFromFile
                0x20009c18       0x6c ./src/sub-systemCode/payload/Misc/FileSystem.o
                0x20009c18                ReadFromFile
 .text.WriteToFile
                0x20009c84       0x74 ./src/sub-systemCode/payload/Misc/FileSystem.o
                0x20009c84                WriteToFile
 .text.Initialized_GPIO
                0x20009cf8       0x54 ./src/sub-systemCode/payload/Drivers/GeckoCameraDriver.o
                0x20009cf8                Initialized_GPIO
 .text.TurnOnGecko
                0x20009d4c      0x140 ./src/sub-systemCode/payload/Drivers/GeckoCameraDriver.o
                0x20009d4c                TurnOnGecko
 .text.TurnOffGecko
                0x20009e8c       0xd8 ./src/sub-systemCode/payload/Drivers/GeckoCameraDriver.o
                0x20009e8c                TurnOffGecko
 .text.initGecko
                0x20009f64       0x3c ./src/sub-systemCode/payload/Drivers/GeckoCameraDriver.o
                0x20009f64                initGecko
 .text.GECKO_TakeImage
                0x20009fa0      0x2f4 ./src/sub-systemCode/payload/Drivers/GeckoCameraDriver.o
                0x20009fa0                GECKO_TakeImage
 .text.GECKO_ReadImage
                0x2000a294      0x234 ./src/sub-systemCode/payload/Drivers/GeckoCameraDriver.o
                0x2000a294                GECKO_ReadImage
 .text.GECKO_EraseBlock
                0x2000a4c8       0xf0 ./src/sub-systemCode/payload/Drivers/GeckoCameraDriver.o
                0x2000a4c8                GECKO_EraseBlock
 .text.getFileName
                0x2000a5b8      0x190 ./src/sub-systemCode/payload/DataBase/DataBase.o
 .text.zeroImageDataBase
                0x2000a748       0xfc ./src/sub-systemCode/payload/DataBase/DataBase.o
                0x2000a748                zeroImageDataBase
 .text.updateGeneralDataBaseParameters
                0x2000a844       0x5c ./src/sub-systemCode/payload/DataBase/DataBase.o
                0x2000a844                updateGeneralDataBaseParameters
 .text.SearchDataBase_byID
                0x2000a8a0      0x234 ./src/sub-systemCode/payload/DataBase/DataBase.o
                0x2000a8a0                SearchDataBase_byID
 .text.SearchDataBase_byMark
                0x2000aad4       0xb8 ./src/sub-systemCode/payload/DataBase/DataBase.o
                0x2000aad4                SearchDataBase_byMark
 .text.checkForFileType
                0x2000ab8c       0x74 ./src/sub-systemCode/payload/DataBase/DataBase.o
                0x2000ab8c                checkForFileType
 .text.updateFileTypes
                0x2000ac00       0xbc ./src/sub-systemCode/payload/DataBase/DataBase.o
                0x2000ac00                updateFileTypes
 .text.GetImageFactor
                0x2000acbc       0x58 ./src/sub-systemCode/payload/DataBase/DataBase.o
                0x2000acbc                GetImageFactor
 .text.readImageFromBuffer
                0x2000ad14      0x12c ./src/sub-systemCode/payload/DataBase/DataBase.o
                0x2000ad14                readImageFromBuffer
 .text.saveImageToBuffer
                0x2000ae40      0x12c ./src/sub-systemCode/payload/DataBase/DataBase.o
                0x2000ae40                saveImageToBuffer
 .text.getLatestID
                0x2000af6c       0x48 ./src/sub-systemCode/payload/DataBase/DataBase.o
                0x2000af6c                getLatestID
 .text.getDataBaseStart
                0x2000afb4       0x20 ./src/sub-systemCode/payload/DataBase/DataBase.o
                0x2000afb4                getDataBaseStart
 .text.setDataBaseValues
                0x2000afd4      0x208 ./src/sub-systemCode/payload/DataBase/DataBase.o
                0x2000afd4                setDataBaseValues
 .text.initImageDataBase
                0x2000b1dc      0x20c ./src/sub-systemCode/payload/DataBase/DataBase.o
                0x2000b1dc                initImageDataBase
 .text.resetImageDataBase
                0x2000b3e8       0x98 ./src/sub-systemCode/payload/DataBase/DataBase.o
                0x2000b3e8                resetImageDataBase
 .text.setCameraPhotographyValues
                0x2000b480      0x130 ./src/sub-systemCode/payload/DataBase/DataBase.o
                0x2000b480                setCameraPhotographyValues
 .text.transferImageToSD_withoutSearch
                0x2000b5b0      0x17c ./src/sub-systemCode/payload/DataBase/DataBase.o
                0x2000b5b0                transferImageToSD_withoutSearch
 .text.transferImageToSD
                0x2000b72c       0xac ./src/sub-systemCode/payload/DataBase/DataBase.o
                0x2000b72c                transferImageToSD
 .text.DeleteImageFromOBC_withoutSearch
                0x2000b7d8       0xf0 ./src/sub-systemCode/payload/DataBase/DataBase.o
                0x2000b7d8                DeleteImageFromOBC_withoutSearch
 .text.DeleteImageFromOBC
                0x2000b8c8       0xb8 ./src/sub-systemCode/payload/DataBase/DataBase.o
                0x2000b8c8                DeleteImageFromOBC
 .text.DeleteImageFromPayload
                0x2000b980      0x270 ./src/sub-systemCode/payload/DataBase/DataBase.o
                0x2000b980                DeleteImageFromPayload
 .text.clearImageDataBase
                0x2000bbf0      0x13c ./src/sub-systemCode/payload/DataBase/DataBase.o
                0x2000bbf0                clearImageDataBase
 .text.handleMarkedPictures
                0x2000bd2c      0x278 ./src/sub-systemCode/payload/DataBase/DataBase.o
                0x2000bd2c                handleMarkedPictures
 .text.writeNewImageMetaDataToFRAM
                0x2000bfa4      0x258 ./src/sub-systemCode/payload/DataBase/DataBase.o
                0x2000bfa4                writeNewImageMetaDataToFRAM
 .text.takePicture
                0x2000c1fc      0x344 ./src/sub-systemCode/payload/DataBase/DataBase.o
                0x2000c1fc                takePicture
 .text.takePicture_withSpecialParameters
                0x2000c540       0xbc ./src/sub-systemCode/payload/DataBase/DataBase.o
                0x2000c540                takePicture_withSpecialParameters
 .text.GetImageFileName
                0x2000c5fc       0xd0 ./src/sub-systemCode/payload/DataBase/DataBase.o
                0x2000c5fc                GetImageFileName
 .text.getDataBaseSize
                0x2000c6cc       0x20 ./src/sub-systemCode/payload/DataBase/DataBase.o
                0x2000c6cc                getDataBaseSize
 .text.getImageDataBaseBuffer
                0x2000c6ec      0x240 ./src/sub-systemCode/payload/DataBase/DataBase.o
                0x2000c6ec                getImageDataBaseBuffer
 .text.setAutoThumbnailCreation
                0x2000c92c       0x30 ./src/sub-systemCode/payload/DataBase/DataBase.o
                0x2000c92c                setAutoThumbnailCreation
 .text.TransformRawToBMP
                0x2000c95c      0x1e0 ./src/sub-systemCode/payload/Compression/jpeg/bmp/rawToBMP.o
                0x2000c95c                TransformRawToBMP
 .text.interpolate
                0x2000cb3c      0x8d0 ./src/sub-systemCode/payload/Compression/jpeg/bmp/rawToBMP.o
                0x2000cb3c                interpolate
 .text.getInputAt
                0x2000d40c      0x308 ./src/sub-systemCode/payload/Compression/jpeg/bmp/rawToBMP.o
                0x2000d40c                getInputAt
 .text.f_writeF_FILEHeader
                0x2000d714      0x2f0 ./src/sub-systemCode/payload/Compression/jpeg/bmp/rawToBMP.o
                0x2000d714                f_writeF_FILEHeader
 .text.f_writeOutputRow
                0x2000da04       0xbc ./src/sub-systemCode/payload/Compression/jpeg/bmp/rawToBMP.o
                0x2000da04                f_writeOutputRow
 .text.dct      0x2000dac0      0x9c4 ./src/sub-systemCode/payload/Compression/jpeg/DCT.o
                0x2000dac0                dct
 .text.JPEG_compressor
                0x2000e484       0xfc ./src/sub-systemCode/payload/Compression/jpeg/ImgCompressor.o
                0x2000e484                JPEG_compressor
 .text.Create_BMP_File
                0x2000e580       0xf4 ./src/sub-systemCode/payload/Compression/jpeg/ImgCompressor.o
                0x2000e580                Create_BMP_File
 .text.CompressImage
                0x2000e674      0x1cc ./src/sub-systemCode/payload/Compression/jpeg/ImgCompressor.o
                0x2000e674                CompressImage
 .text.clamp    0x2000e840       0x60 ./src/sub-systemCode/payload/Compression/jpeg/color_conv.o
                0x2000e840                clamp
 .text.RGB_to_YCC
                0x2000e8a0      0x1a8 ./src/sub-systemCode/payload/Compression/jpeg/color_conv.o
                0x2000e8a0                RGB_to_YCC
 .text.RGB_to_Y
                0x2000ea48       0xc4 ./src/sub-systemCode/payload/Compression/jpeg/color_conv.o
                0x2000ea48                RGB_to_Y
 .text.Y_to_YCC
                0x2000eb0c       0x88 ./src/sub-systemCode/payload/Compression/jpeg/color_conv.o
                0x2000eb0c                Y_to_YCC
 .text.compress_image_to_jpeg_file
                0x2000eb94      0x1ac ./src/sub-systemCode/payload/Compression/jpeg/jpeg.o
                0x2000eb94                compress_image_to_jpeg_file
 .text.emit_marker
                0x2000ed40       0xc8 ./src/sub-systemCode/payload/Compression/jpeg/jpeg_encoder.o
                0x2000ed40                emit_marker
 .text.emit_byte
                0x2000ee08       0x6c ./src/sub-systemCode/payload/Compression/jpeg/jpeg_encoder.o
                0x2000ee08                emit_byte
 .text.emit_word
                0x2000ee74       0xd0 ./src/sub-systemCode/payload/Compression/jpeg/jpeg_encoder.o
                0x2000ee74                emit_word
 .text.emit_jfif_app0
                0x2000ef44       0xc0 ./src/sub-systemCode/payload/Compression/jpeg/jpeg_encoder.o
                0x2000ef44                emit_jfif_app0
 .text.emit_dqt
                0x2000f004       0xd8 ./src/sub-systemCode/payload/Compression/jpeg/jpeg_encoder.o
                0x2000f004                emit_dqt
 .text.emit_sof
                0x2000f0dc      0x14c ./src/sub-systemCode/payload/Compression/jpeg/jpeg_encoder.o
                0x2000f0dc                emit_sof
 .text.emit_dht
                0x2000f228      0x138 ./src/sub-systemCode/payload/Compression/jpeg/jpeg_encoder.o
                0x2000f228                emit_dht
 .text.emit_dhts
                0x2000f360       0xd8 ./src/sub-systemCode/payload/Compression/jpeg/jpeg_encoder.o
                0x2000f360                emit_dhts
 .text.emit_sos
                0x2000f438       0xec ./src/sub-systemCode/payload/Compression/jpeg/jpeg_encoder.o
                0x2000f438                emit_sos
 .text.emit_markers
                0x2000f524       0x4c ./src/sub-systemCode/payload/Compression/jpeg/jpeg_encoder.o
                0x2000f524                emit_markers
 .text.compute_huffman_table
                0x2000f570      0x334 ./src/sub-systemCode/payload/Compression/jpeg/jpeg_encoder.o
                0x2000f570                compute_huffman_table
 .text.compute_quant_table
                0x2000f8a4      0x11c ./src/sub-systemCode/payload/Compression/jpeg/jpeg_encoder.o
                0x2000f8a4                compute_quant_table
 .text.first_pass_init
                0x2000f9c0       0x54 ./src/sub-systemCode/payload/Compression/jpeg/jpeg_encoder.o
                0x2000f9c0                first_pass_init
 .text.second_pass_init
                0x2000fa14      0x110 ./src/sub-systemCode/payload/Compression/jpeg/jpeg_encoder.o
                0x2000fa14                second_pass_init
 .text.jpg_open
                0x2000fb24      0x7b4 ./src/sub-systemCode/payload/Compression/jpeg/jpeg_encoder.o
                0x2000fb24                jpg_open
 .text.load_block_8_8_grey
                0x200102d8      0x164 ./src/sub-systemCode/payload/Compression/jpeg/jpeg_encoder.o
                0x200102d8                load_block_8_8_grey
 .text.load_block_8_8
                0x2001043c      0x198 ./src/sub-systemCode/payload/Compression/jpeg/jpeg_encoder.o
                0x2001043c                load_block_8_8
 .text.load_block_16_8
                0x200105d4      0x3cc ./src/sub-systemCode/payload/Compression/jpeg/jpeg_encoder.o
                0x200105d4                load_block_16_8
 .text.load_block_16_8_8
                0x200109a0      0x2a8 ./src/sub-systemCode/payload/Compression/jpeg/jpeg_encoder.o
                0x200109a0                load_block_16_8_8
 .text.load_coefficients
                0x20010c48      0x1c8 ./src/sub-systemCode/payload/Compression/jpeg/jpeg_encoder.o
                0x20010c48                load_coefficients
 .text.flush_output_buffer
                0x20010e10       0xa0 ./src/sub-systemCode/payload/Compression/jpeg/jpeg_encoder.o
                0x20010e10                flush_output_buffer
 .text.put_bits
                0x20010eb0      0x170 ./src/sub-systemCode/payload/Compression/jpeg/jpeg_encoder.o
                0x20010eb0                put_bits
 .text.code_coefficients_pass_two
                0x20011020      0x338 ./src/sub-systemCode/payload/Compression/jpeg/jpeg_encoder.o
                0x20011020                code_coefficients_pass_two
 .text.code_block
                0x20011358       0x44 ./src/sub-systemCode/payload/Compression/jpeg/jpeg_encoder.o
                0x20011358                code_block
 .text.process_mcu_row
                0x2001139c      0x328 ./src/sub-systemCode/payload/Compression/jpeg/jpeg_encoder.o
                0x2001139c                process_mcu_row
 .text.terminate_pass_two
                0x200116c4       0x44 ./src/sub-systemCode/payload/Compression/jpeg/jpeg_encoder.o
                0x200116c4                terminate_pass_two
 .text.process_end_of_image
                0x20011708       0xc0 ./src/sub-systemCode/payload/Compression/jpeg/jpeg_encoder.o
                0x20011708                process_end_of_image
 .text.load_mcu
                0x200117c8      0x29c ./src/sub-systemCode/payload/Compression/jpeg/jpeg_encoder.o
                0x200117c8                load_mcu
 .text.clear    0x20011a64      0x1e0 ./src/sub-systemCode/payload/Compression/jpeg/jpeg_encoder.o
                0x20011a64                clear
 .text.init     0x20011c44       0xe4 ./src/sub-systemCode/payload/Compression/jpeg/jpeg_encoder.o
                0x20011c44                init
 .text.deinit   0x20011d28      0x160 ./src/sub-systemCode/payload/Compression/jpeg/jpeg_encoder.o
                0x20011d28                deinit
 .text.process_scanline
                0x20011e88       0x6c ./src/sub-systemCode/payload/Compression/jpeg/jpeg_encoder.o
                0x20011e88                process_scanline
 .text.jpge_malloc
                0x20011ef4       0x28 ./src/sub-systemCode/payload/Compression/jpeg/jpeg_memory_alloc.o
                0x20011ef4                jpge_malloc
 .text.jpge_cmalloc
                0x20011f1c       0x48 ./src/sub-systemCode/payload/Compression/jpeg/jpeg_memory_alloc.o
                0x20011f1c                jpge_cmalloc
 .text.jpge_free
                0x20011f64       0x24 ./src/sub-systemCode/payload/Compression/jpeg/jpeg_memory_alloc.o
                0x20011f64                jpge_free
 .text.check    0x20011f88       0x78 ./src/sub-systemCode/payload/Compression/jpeg/jpeg_params.o
                0x20011f88                check
 .text.open_jpeg_file
                0x20012000       0xfc ./src/sub-systemCode/payload/Compression/jpeg/output_stream.o
                0x20012000                open_jpeg_file
 .text.close_jpeg_file
                0x200120fc      0x118 ./src/sub-systemCode/payload/Compression/jpeg/output_stream.o
                0x200120fc                close_jpeg_file
 .text.put_buf  0x20012214      0x258 ./src/sub-systemCode/payload/Compression/jpeg/output_stream.o
                0x20012214                put_buf
 .text.GetBayerPixel
                0x2001246c       0xe8 ./src/sub-systemCode/payload/Compression/ImageConversion.o
 .text.BinImage
                0x20012554      0x2c8 ./src/sub-systemCode/payload/Compression/ImageConversion.o
                0x20012554                BinImage
 .text.ImageSkipping
                0x2001281c      0x2ac ./src/sub-systemCode/payload/Compression/ImageConversion.o
                0x2001281c                ImageSkipping
 .text.CreateImageThumbnail_withoutSearch
                0x20012ac8      0x14c ./src/sub-systemCode/payload/Compression/ImageConversion.o
                0x20012ac8                CreateImageThumbnail_withoutSearch
 .text.CreateImageThumbnail
                0x20012c14       0x98 ./src/sub-systemCode/payload/Compression/ImageConversion.o
                0x20012c14                CreateImageThumbnail
 .text.compressImage
                0x20012cac      0x17c ./src/sub-systemCode/payload/Compression/ImageConversion.o
                0x20012cac                compressImage
 .text.AdcsCmdQueueInit
                0x20012e28       0x4c ./src/sub-systemCode/Main/CMD/ADCS_CMD.o
                0x20012e28                AdcsCmdQueueInit
 .text.AdcsCmdQueueGet
                0x20012e74       0x8c ./src/sub-systemCode/Main/CMD/ADCS_CMD.o
                0x20012e74                AdcsCmdQueueGet
 .text.AdcsCmdQueueAdd
                0x20012f00       0x74 ./src/sub-systemCode/Main/CMD/ADCS_CMD.o
                0x20012f00                AdcsCmdQueueAdd
 .text.AdcsCmdQueueIsEmpty
                0x20012f74       0x3c ./src/sub-systemCode/Main/CMD/ADCS_CMD.o
                0x20012f74                AdcsCmdQueueIsEmpty
 .text.getAdcsQueueWaitPointer
                0x20012fb0       0x20 ./src/sub-systemCode/Main/CMD/ADCS_CMD.o
                0x20012fb0                getAdcsQueueWaitPointer
 .text.cmd_mute
                0x20012fd0       0xc4 ./src/sub-systemCode/Main/CMD/COMM_CMD.o
                0x20012fd0                cmd_mute
 .text.cmd_unmute
                0x20013094       0x4c ./src/sub-systemCode/Main/CMD/COMM_CMD.o
                0x20013094                cmd_unmute
 .text.cmd_active_trans
                0x200130e0       0xc0 ./src/sub-systemCode/Main/CMD/COMM_CMD.o
                0x200130e0                cmd_active_trans
 .text.cmd_shut_trans
                0x200131a0       0x38 ./src/sub-systemCode/Main/CMD/COMM_CMD.o
                0x200131a0                cmd_shut_trans
 .text.cmd_change_trans_rssi
                0x200131d8      0x100 ./src/sub-systemCode/Main/CMD/COMM_CMD.o
                0x200131d8                cmd_change_trans_rssi
 .text.cmd_aprs_dump
                0x200132d8       0x50 ./src/sub-systemCode/Main/CMD/COMM_CMD.o
                0x200132d8                cmd_aprs_dump
 .text.cmd_stop_dump
                0x20013328       0x38 ./src/sub-systemCode/Main/CMD/COMM_CMD.o
                0x20013328                cmd_stop_dump
 .text.cmd_time_frequency
                0x20013360       0xc0 ./src/sub-systemCode/Main/CMD/COMM_CMD.o
                0x20013360                cmd_time_frequency
 .text.cmd_change_def_bit_rate
                0x20013420      0x158 ./src/sub-systemCode/Main/CMD/COMM_CMD.o
                0x20013420                cmd_change_def_bit_rate
 .text.cmd_upload_volt_logic
                0x20013578      0x334 ./src/sub-systemCode/Main/CMD/EPS_CMD.o
                0x20013578                cmd_upload_volt_logic
 .text.cmd_upload_volt_COMM
                0x200138ac      0x1c8 ./src/sub-systemCode/Main/CMD/EPS_CMD.o
                0x200138ac                cmd_upload_volt_COMM
 .text.cmd_heater_temp
                0x20013a74       0xc0 ./src/sub-systemCode/Main/CMD/EPS_CMD.o
                0x20013a74                cmd_heater_temp
 .text.cmd_SHUT_CAM
                0x20013b34       0x6c ./src/sub-systemCode/Main/CMD/EPS_CMD.o
                0x20013b34                cmd_SHUT_CAM
 .text.cmd_SHUT_ADCS
                0x20013ba0       0x6c ./src/sub-systemCode/Main/CMD/EPS_CMD.o
                0x20013ba0                cmd_SHUT_ADCS
 .text.cmd_allow_CAM
                0x20013c0c       0x6c ./src/sub-systemCode/Main/CMD/EPS_CMD.o
                0x20013c0c                cmd_allow_CAM
 .text.cmd_allow_ADCS
                0x20013c78       0x6c ./src/sub-systemCode/Main/CMD/EPS_CMD.o
                0x20013c78                cmd_allow_ADCS
 .text.cmd_update_alpha
                0x20013ce4       0xfc ./src/sub-systemCode/Main/CMD/EPS_CMD.o
                0x20013ce4                cmd_update_alpha
 .text.cmd_generic_I2C
                0x20013de0       0xb4 ./src/sub-systemCode/Main/CMD/General_CMD.o
                0x20013de0                cmd_generic_I2C
 .text.cmd_dump
                0x20013e94       0xf0 ./src/sub-systemCode/Main/CMD/General_CMD.o
                0x20013e94                cmd_dump
 .text.cmd_delete_TM
                0x20013f84      0x230 ./src/sub-systemCode/Main/CMD/General_CMD.o
                0x20013f84                cmd_delete_TM
 .text.cmd_reset_file
                0x200141b4      0x118 ./src/sub-systemCode/Main/CMD/General_CMD.o
                0x200141b4                cmd_reset_file
 .text.cmd_dummy_func
                0x200142cc       0x40 ./src/sub-systemCode/Main/CMD/General_CMD.o
                0x200142cc                cmd_dummy_func
 .text.cmd_reset_TLM_SD
                0x2001430c       0x4c ./src/sub-systemCode/Main/CMD/General_CMD.o
                0x2001430c                cmd_reset_TLM_SD
 .text.cmd_stop_TM
                0x20014358       0x70 ./src/sub-systemCode/Main/CMD/General_CMD.o
                0x20014358                cmd_stop_TM
 .text.cmd_resume_TM
                0x200143c8       0x70 ./src/sub-systemCode/Main/CMD/General_CMD.o
                0x200143c8                cmd_resume_TM
 .text.cmd_soft_reset_cmponent
                0x20014438       0xac ./src/sub-systemCode/Main/CMD/General_CMD.o
                0x20014438                cmd_soft_reset_cmponent
 .text.cmd_hard_reset_cmponent
                0x200144e4       0xac ./src/sub-systemCode/Main/CMD/General_CMD.o
                0x200144e4                cmd_hard_reset_cmponent
 .text.cmd_reset_satellite
                0x20014590       0x78 ./src/sub-systemCode/Main/CMD/General_CMD.o
                0x20014590                cmd_reset_satellite
 .text.cmd_gracefull_reset_satellite
                0x20014608       0x78 ./src/sub-systemCode/Main/CMD/General_CMD.o
                0x20014608                cmd_gracefull_reset_satellite
 .text.cmd_upload_time
                0x20014680       0xb0 ./src/sub-systemCode/Main/CMD/General_CMD.o
                0x20014680                cmd_upload_time
 .text.cmd_ARM_DIARM
                0x20014730       0xd4 ./src/sub-systemCode/Main/CMD/General_CMD.o
                0x20014730                cmd_ARM_DIARM
 .text.cmd_get_onlineTM
                0x20014804      0x148 ./src/sub-systemCode/Main/CMD/General_CMD.o
                0x20014804                cmd_get_onlineTM
 .text.cmd_reset_off_line
                0x2001494c       0x68 ./src/sub-systemCode/Main/CMD/General_CMD.o
                0x2001494c                cmd_reset_off_line
 .text.cmd_add_item_off_line
                0x200149b4       0xf4 ./src/sub-systemCode/Main/CMD/General_CMD.o
                0x200149b4                cmd_add_item_off_line
 .text.cmd_delete_item_off_line
                0x20014aa8       0x98 ./src/sub-systemCode/Main/CMD/General_CMD.o
                0x20014aa8                cmd_delete_item_off_line
 .text.cmd_get_off_line_setting
                0x20014b40      0x108 ./src/sub-systemCode/Main/CMD/General_CMD.o
                0x20014b40                cmd_get_off_line_setting
 .text.cmd_reset_delayed_command_list
                0x20014c48       0x3c ./src/sub-systemCode/Main/CMD/SW_CMD.o
                0x20014c48                cmd_reset_delayed_command_list
 .text.cmd_reset_APRS_list
                0x20014c84       0x3c ./src/sub-systemCode/Main/CMD/SW_CMD.o
                0x20014c84                cmd_reset_APRS_list
 .text.cmd_reset_FRAM
                0x20014cc0       0xf4 ./src/sub-systemCode/Main/CMD/SW_CMD.o
                0x20014cc0                cmd_reset_FRAM
 .text.ARM_ants
                0x20014db4       0xb8 ./src/sub-systemCode/Main/Ants.o
                0x20014db4                ARM_ants
 .text.DISARM_ants
                0x20014e6c       0xb8 ./src/sub-systemCode/Main/Ants.o
                0x20014e6c                DISARM_ants
 .text.reset_deployStatusFRAM
                0x20014f24       0xc0 ./src/sub-systemCode/Main/Ants.o
                0x20014f24                reset_deployStatusFRAM
 .text.reset_FRAM_ants
                0x20014fe4       0x88 ./src/sub-systemCode/Main/Ants.o
                0x20014fe4                reset_FRAM_ants
 .text.update_stopDeploy_FRAM
                0x2001506c       0x48 ./src/sub-systemCode/Main/Ants.o
                0x2001506c                update_stopDeploy_FRAM
 .text.round_vol
                0x200150b4      0x124 ./src/sub-systemCode/Main/EPS.o
                0x200150b4                round_vol
 .text.get_shut_ADCS
                0x200151d8       0x48 ./src/sub-systemCode/Main/EPS.o
                0x200151d8                get_shut_ADCS
 .text.shut_ADCS
                0x20015220       0x44 ./src/sub-systemCode/Main/EPS.o
                0x20015220                shut_ADCS
 .text.get_shut_CAM
                0x20015264       0x48 ./src/sub-systemCode/Main/EPS.o
                0x20015264                get_shut_CAM
 .text.shut_CAM
                0x200152ac       0x44 ./src/sub-systemCode/Main/EPS.o
                0x200152ac                shut_CAM
 .text.update_powerLines
                0x200152f0       0xec ./src/sub-systemCode/Main/EPS.o
                0x200152f0                update_powerLines
 .text.get_EPS_mode_t
                0x200153dc       0x24 ./src/sub-systemCode/Main/EPS.o
                0x200153dc                get_EPS_mode_t
 .text.init_enterMode
                0x20015400       0x88 ./src/sub-systemCode/Main/EPS.o
                0x20015400                init_enterMode
 .text.EPS_Init
                0x20015488      0x1c8 ./src/sub-systemCode/Main/EPS.o
                0x20015488                EPS_Init
 .text.reset_FRAM_EPS
                0x20015650       0xe0 ./src/sub-systemCode/Main/EPS.o
                0x20015650                reset_FRAM_EPS
 .text.reset_EPS_voltages
                0x20015730       0xbc ./src/sub-systemCode/Main/EPS.o
                0x20015730                reset_EPS_voltages
 .text.writeState_log
                0x200157ec       0xc0 ./src/sub-systemCode/Main/EPS.o
                0x200157ec                writeState_log
 .text.battery_downward
                0x200158ac      0x120 ./src/sub-systemCode/Main/EPS.o
                0x200158ac                battery_downward
 .text.battery_upward
                0x200159cc      0x12c ./src/sub-systemCode/Main/EPS.o
                0x200159cc                battery_upward
 .text.overRide_ADCS
                0x20015af8       0x50 ./src/sub-systemCode/Main/EPS.o
                0x20015af8                overRide_ADCS
 .text.overRide_Camera
                0x20015b48       0x38 ./src/sub-systemCode/Main/EPS.o
                0x20015b48                overRide_Camera
 .text.EPS_Conditioning
                0x20015b80      0x258 ./src/sub-systemCode/Main/EPS.o
                0x20015b80                EPS_Conditioning
 .text.EnterFullMode
                0x20015dd8       0xf0 ./src/sub-systemCode/Main/EPS.o
                0x20015dd8                EnterFullMode
 .text.EnterCruiseMode
                0x20015ec8       0xe0 ./src/sub-systemCode/Main/EPS.o
                0x20015ec8                EnterCruiseMode
 .text.EnterSafeMode
                0x20015fa8       0xe0 ./src/sub-systemCode/Main/EPS.o
                0x20015fa8                EnterSafeMode
 .text.EnterCriticalMode
                0x20016088       0xcc ./src/sub-systemCode/Main/EPS.o
                0x20016088                EnterCriticalMode
 .text.check_EPSTableCorrection
                0x20016154      0x120 ./src/sub-systemCode/Main/EPS.o
                0x20016154                check_EPSTableCorrection
 .text.save_ACK
                0x20016274      0x11c ./src/sub-systemCode/Main/HouseKeeping.o
                0x20016274                save_ACK
 .text.set_GP_EPS
                0x20016390      0x10c ./src/sub-systemCode/Main/HouseKeeping.o
                0x20016390                set_GP_EPS
 .text.set_GP_COMM
                0x2001649c       0x88 ./src/sub-systemCode/Main/HouseKeeping.o
                0x2001649c                set_GP_COMM
 .text.SP_HK_collect
                0x20016524      0x198 ./src/sub-systemCode/Main/HouseKeeping.o
                0x20016524                SP_HK_collect
 .text.EPS_HK_collect
                0x200166bc      0x50c ./src/sub-systemCode/Main/HouseKeeping.o
                0x200166bc                EPS_HK_collect
 .text.CAM_HK_collect
                0x20016bc8      0x91c ./src/sub-systemCode/Main/HouseKeeping.o
                0x20016bc8                CAM_HK_collect
 .text.COMM_HK_collect
                0x200174e4      0x20c ./src/sub-systemCode/Main/HouseKeeping.o
                0x200174e4                COMM_HK_collect
 .text.HK_find_ADCSTM_fileName
                0x200176f0      0x44c ./src/sub-systemCode/Main/HouseKeeping.o
                0x200176f0                HK_find_ADCSTM_fileName
 .text.HK_find_fileName
                0x20017b3c      0x174 ./src/sub-systemCode/Main/HouseKeeping.o
                0x20017b3c                HK_find_fileName
 .text.HK_find_ADCSTM_ElementSize
                0x20017cb0      0x1b8 ./src/sub-systemCode/Main/HouseKeeping.o
                0x20017cb0                HK_find_ADCSTM_ElementSize
 .text.HK_findElementSize
                0x20017e68       0xd4 ./src/sub-systemCode/Main/HouseKeeping.o
                0x20017e68                HK_findElementSize
 .text.build_HK_spl_packet
                0x20017f3c      0x27c ./src/sub-systemCode/Main/HouseKeeping.o
                0x20017f3c                build_HK_spl_packet
 .text.numberOfRestarts
                0x200181b8       0x94 ./src/sub-systemCode/Main/Main_Init.o
                0x200181b8                numberOfRestarts
 .text.StartFRAM
                0x2001824c       0x38 ./src/sub-systemCode/Main/Main_Init.o
                0x2001824c                StartFRAM
 .text.StartI2C
                0x20018284       0x44 ./src/sub-systemCode/Main/Main_Init.o
                0x20018284                StartI2C
 .text.StartSPI
                0x200182c8       0x40 ./src/sub-systemCode/Main/Main_Init.o
                0x200182c8                StartSPI
 .text.StartTIME
                0x20018308      0x120 ./src/sub-systemCode/Main/Main_Init.o
                0x20018308                StartTIME
 .text.first_activation
                0x20018428       0x7c ./src/sub-systemCode/Main/Main_Init.o
                0x20018428                first_activation
 .text.InitSubsystems
                0x200184a4       0x68 ./src/sub-systemCode/Main/Main_Init.o
                0x200184a4                InitSubsystems
 .text.SubSystemTaskStart
                0x2001850c       0xec ./src/sub-systemCode/Main/Main_Init.o
                0x2001850c                SubSystemTaskStart
 .text.save_ACK_s
                0x200185f8       0x68 ./src/sub-systemCode/Main/commands.o
                0x200185f8                save_ACK_s
 .text.copy_command
                0x20018660       0x80 ./src/sub-systemCode/Main/commands.o
                0x20018660                copy_command
 .text.reset_command
                0x200186e0       0x28 ./src/sub-systemCode/Main/commands.o
                0x200186e0                reset_command
 .text.init_command
                0x20018708       0xd4 ./src/sub-systemCode/Main/commands.o
                0x20018708                init_command
 .text.add_command
                0x200187dc      0x118 ./src/sub-systemCode/Main/commands.o
                0x200187dc                add_command
 .text.get_command
                0x200188f4      0x1ac ./src/sub-systemCode/Main/commands.o
                0x200188f4                get_command
 .text.act_upon_command
                0x20018aa0      0x25c ./src/sub-systemCode/Main/commands.o
                0x20018aa0                act_upon_command
 .text.cmd_error
                0x20018cfc       0x38 ./src/sub-systemCode/Main/commands.o
                0x20018cfc                cmd_error
 .text.AUC_COMM
                0x20018d34      0x25c ./src/sub-systemCode/Main/commands.o
                0x20018d34                AUC_COMM
 .text.AUC_general
                0x20018f90      0x364 ./src/sub-systemCode/Main/commands.o
                0x20018f90                AUC_general
 .text.AUC_payload
                0x200192f4      0x208 ./src/sub-systemCode/Main/commands.o
                0x200192f4                AUC_payload
 .text.AUC_EPS  0x200194fc      0x28c ./src/sub-systemCode/Main/commands.o
                0x200194fc                AUC_EPS
 .text.AUC_SW   0x20019788       0xe4 ./src/sub-systemCode/Main/commands.o
                0x20019788                AUC_SW
 .text.AUC_onlineTM
                0x2001986c      0x1f0 ./src/sub-systemCode/Main/commands.o
                0x2001986c                AUC_onlineTM
 .text.AUC_CUF  0x20019a5c      0x168 ./src/sub-systemCode/Main/commands.o
                0x20019a5c                AUC_CUF
 .text.check_int
                0x20019bc4       0x20 ./src/sub-systemCode/Global/Global.o
                0x20019bc4                check_int
 .text.check_portBASE_TYPE
                0x20019be4       0x20 ./src/sub-systemCode/Global/Global.o
                0x20019be4                check_portBASE_TYPE
 .text.soft_reset_subsystem
                0x20019c04       0xd8 ./src/sub-systemCode/Global/Global.o
                0x20019c04                soft_reset_subsystem
 .text.hard_reset_subsystem
                0x20019cdc      0x104 ./src/sub-systemCode/Global/Global.o
                0x20019cdc                hard_reset_subsystem
 .text.BigEnE_raw_to_uInt
                0x20019de0       0x94 ./src/sub-systemCode/Global/Global.o
                0x20019de0                BigEnE_raw_to_uInt
 .text.BigEnE_raw_to_uShort
                0x20019e74       0x50 ./src/sub-systemCode/Global/Global.o
                0x20019e74                BigEnE_raw_to_uShort
 .text.BigEnE_uInt_to_raw
                0x20019ec4       0x78 ./src/sub-systemCode/Global/Global.o
                0x20019ec4                BigEnE_uInt_to_raw
 .text.reset_FRAM_MAIN
                0x20019f3c      0x140 ./src/sub-systemCode/Global/Global.o
                0x20019f3c                reset_FRAM_MAIN
 .text.getBitValueByIndex
                0x2001a07c       0xd0 ./src/sub-systemCode/Global/Global.o
                0x2001a07c                getBitValueByIndex
 .text.terminateTask
                0x2001a14c       0x18 ./src/sub-systemCode/Global/Global.o
                0x2001a14c                terminateTask
 .text.init_GP  0x2001a164      0x2e0 ./src/sub-systemCode/Global/GlobalParam.o
                0x2001a164                init_GP
 .text.get_system_state
                0x2001a444      0x254 ./src/sub-systemCode/Global/GlobalParam.o
                0x2001a444                get_system_state
 .text.set_system_state
                0x2001a698      0x284 ./src/sub-systemCode/Global/GlobalParam.o
                0x2001a698                set_system_state
 .text.get_systems_state_param
                0x2001a91c       0x78 ./src/sub-systemCode/Global/GlobalParam.o
                0x2001a91c                get_systems_state_param
 .text.get_current_global_param
                0x2001a994      0x548 ./src/sub-systemCode/Global/GlobalParam.o
                0x2001a994                get_current_global_param
 .text.set_Vbatt
                0x2001aedc       0x78 ./src/sub-systemCode/Global/GlobalParam.o
                0x2001aedc                set_Vbatt
 .text.get_Vbatt
                0x2001af54       0x78 ./src/sub-systemCode/Global/GlobalParam.o
                0x2001af54                get_Vbatt
 .text.set_curBat
                0x2001afcc       0x78 ./src/sub-systemCode/Global/GlobalParam.o
                0x2001afcc                set_curBat
 .text.set_cur3V3
                0x2001b044       0x78 ./src/sub-systemCode/Global/GlobalParam.o
                0x2001b044                set_cur3V3
 .text.set_cur5V
                0x2001b0bc       0x78 ./src/sub-systemCode/Global/GlobalParam.o
                0x2001b0bc                set_cur5V
 .text.set_tempComm_LO
                0x2001b134       0x78 ./src/sub-systemCode/Global/GlobalParam.o
                0x2001b134                set_tempComm_LO
 .text.set_tempComm_PA
                0x2001b1ac       0x78 ./src/sub-systemCode/Global/GlobalParam.o
                0x2001b1ac                set_tempComm_PA
 .text.set_tempEPS
                0x2001b224       0xb4 ./src/sub-systemCode/Global/GlobalParam.o
                0x2001b224                set_tempEPS
 .text.set_tempBatt
                0x2001b2d8       0xb4 ./src/sub-systemCode/Global/GlobalParam.o
                0x2001b2d8                set_tempBatt
 .text.set_RxDoppler
                0x2001b38c       0x78 ./src/sub-systemCode/Global/GlobalParam.o
                0x2001b38c                set_RxDoppler
 .text.set_RxRSSI
                0x2001b404       0x78 ./src/sub-systemCode/Global/GlobalParam.o
                0x2001b404                set_RxRSSI
 .text.set_TxRefl
                0x2001b47c       0x78 ./src/sub-systemCode/Global/GlobalParam.o
                0x2001b47c                set_TxRefl
 .text.set_TxForw
                0x2001b4f4       0x78 ./src/sub-systemCode/Global/GlobalParam.o
                0x2001b4f4                set_TxForw
 .text.set_numOfAPRS
                0x2001b56c       0x78 ./src/sub-systemCode/Global/GlobalParam.o
                0x2001b56c                set_numOfAPRS
 .text.set_numOfDelayedCommand
                0x2001b5e4       0x78 ./src/sub-systemCode/Global/GlobalParam.o
                0x2001b5e4                set_numOfDelayedCommand
 .text.set_numOfResets
                0x2001b65c       0x98 ./src/sub-systemCode/Global/GlobalParam.o
                0x2001b65c                set_numOfResets
 .text.set_ground_conn
                0x2001b6f4       0x8c ./src/sub-systemCode/Global/GlobalParam.o
                0x2001b6f4                set_ground_conn
 .text.get_ground_conn
                0x2001b780       0x8c ./src/sub-systemCode/Global/GlobalParam.o
                0x2001b780                get_ground_conn
 .text.IsisAntS_getStatusData_sideA
                0x2001b80c       0x3c ./src/sub-systemCode/Global/OnlineTM.o
                0x2001b80c                IsisAntS_getStatusData_sideA
 .text.IsisAntS_getAlltelemetry_sideA
                0x2001b848       0x3c ./src/sub-systemCode/Global/OnlineTM.o
                0x2001b848                IsisAntS_getAlltelemetry_sideA
 .text.IsisAntS_getTemperature_sideA
                0x2001b884       0x3c ./src/sub-systemCode/Global/OnlineTM.o
                0x2001b884                IsisAntS_getTemperature_sideA
 .text.IsisAntS_getStatusData_sideB
                0x2001b8c0       0x3c ./src/sub-systemCode/Global/OnlineTM.o
                0x2001b8c0                IsisAntS_getStatusData_sideB
 .text.IsisAntS_getAlltelemetry_sideB
                0x2001b8fc       0x3c ./src/sub-systemCode/Global/OnlineTM.o
                0x2001b8fc                IsisAntS_getAlltelemetry_sideB
 .text.IsisAntS_getTemperature_sideB
                0x2001b938       0x3c ./src/sub-systemCode/Global/OnlineTM.o
                0x2001b938                IsisAntS_getTemperature_sideB
 .text.HK_collect_EPS
                0x2001b974       0x30 ./src/sub-systemCode/Global/OnlineTM.o
                0x2001b974                HK_collect_EPS
 .text.HK_collect_COMM
                0x2001b9a4       0x30 ./src/sub-systemCode/Global/OnlineTM.o
                0x2001b9a4                HK_collect_COMM
 .text.HK_collect_CAM
                0x2001b9d4       0x30 ./src/sub-systemCode/Global/OnlineTM.o
                0x2001b9d4                HK_collect_CAM
 .text.HK_collect_SP
                0x2001ba04       0x30 ./src/sub-systemCode/Global/OnlineTM.o
                0x2001ba04                HK_collect_SP
 .text.HK_collect_FS_A
                0x2001ba34       0x8c ./src/sub-systemCode/Global/OnlineTM.o
                0x2001ba34                HK_collect_FS_A
 .text.HK_collect_FS_B
                0x2001bac0       0x8c ./src/sub-systemCode/Global/OnlineTM.o
                0x2001bac0                HK_collect_FS_B
 .text.save_offlineSetting_FRAM
                0x2001bb4c      0x26c ./src/sub-systemCode/Global/OnlineTM.o
                0x2001bb4c                save_offlineSetting_FRAM
 .text.get_offlineSetting_FRAM
                0x2001bdb8       0x58 ./src/sub-systemCode/Global/OnlineTM.o
                0x2001bdb8                get_offlineSetting_FRAM
 .text.update_offlineSetting_FRAM
                0x2001be10      0x360 ./src/sub-systemCode/Global/OnlineTM.o
                0x2001be10                update_offlineSetting_FRAM
 .text.get_offlineSettingPacket
                0x2001c170       0xc4 ./src/sub-systemCode/Global/OnlineTM.o
                0x2001c170                get_offlineSettingPacket
 .text.get_item_by_index
                0x2001c234       0xdc ./src/sub-systemCode/Global/OnlineTM.o
                0x2001c234                get_item_by_index
 .text.get_pointer_item_by_index
                0x2001c310       0x48 ./src/sub-systemCode/Global/OnlineTM.o
                0x2001c310                get_pointer_item_by_index
 .text.init_onlineParam
                0x2001c358     0x2f70 ./src/sub-systemCode/Global/OnlineTM.o
                0x2001c358                init_onlineParam
 .text.reset_offline_TM_list
                0x2001f2c8      0x184 ./src/sub-systemCode/Global/OnlineTM.o
                0x2001f2c8                reset_offline_TM_list
 .text.get_online_packet
                0x2001f44c      0x25c ./src/sub-systemCode/Global/OnlineTM.o
                0x2001f44c                get_online_packet
 .text.save_onlineTM_param
                0x2001f6a8      0x1b4 ./src/sub-systemCode/Global/OnlineTM.o
                0x2001f6a8                save_onlineTM_param
 .text.add_onlineTM_param_to_save_list
                0x2001f85c      0x3e4 ./src/sub-systemCode/Global/OnlineTM.o
                0x2001f85c                add_onlineTM_param_to_save_list
 .text.delete_onlineTM_param_from_offline
                0x2001fc40      0x1a8 ./src/sub-systemCode/Global/OnlineTM.o
                0x2001fc40                delete_onlineTM_param_from_offline
 .text.save_onlineTM_logic
                0x2001fde8      0x2bc ./src/sub-systemCode/Global/OnlineTM.o
                0x2001fde8                save_onlineTM_logic
 .text.updateSD_state
                0x200200a4       0xa8 ./src/sub-systemCode/Global/OnlineTM.o
                0x200200a4                updateSD_state
 .text.save_onlineTM_task
                0x2002014c       0xdc ./src/sub-systemCode/Global/OnlineTM.o
                0x2002014c                save_onlineTM_task
 .text.delete_allTMFilesFromSD
                0x20020228      0x154 ./src/sub-systemCode/Global/TLM_management.o
                0x20020228                delete_allTMFilesFromSD
 .text.getNumOfFilesInFS
                0x2002037c       0x44 ./src/sub-systemCode/Global/TLM_management.o
 .text.setNumOfFilesInFS
                0x200203c0       0x50 ./src/sub-systemCode/Global/TLM_management.o
 .text.printSem
                0x20020410       0x6c ./src/sub-systemCode/Global/TLM_management.o
                0x20020410                printSem
 .text.updateVectorSem
                0x2002047c      0x1c8 ./src/sub-systemCode/Global/TLM_management.o
                0x2002047c                updateVectorSem
 .text.f_managed_enterFS
                0x20020644       0xc0 ./src/sub-systemCode/Global/TLM_management.o
                0x20020644                f_managed_enterFS
 .text.f_managed_releaseFS
                0x20020704       0x60 ./src/sub-systemCode/Global/TLM_management.o
                0x20020704                f_managed_releaseFS
 .text.f_managed_open
                0x20020764       0xd8 ./src/sub-systemCode/Global/TLM_management.o
                0x20020764                f_managed_open
 .text.f_managed_close
                0x2002083c       0x80 ./src/sub-systemCode/Global/TLM_management.o
                0x2002083c                f_managed_close
 .text.createSemahores_FS
                0x200208bc       0x7c ./src/sub-systemCode/Global/TLM_management.o
                0x200208bc                createSemahores_FS
 .text.InitializeFS
                0x20020938      0x1d8 ./src/sub-systemCode/Global/TLM_management.o
                0x20020938                InitializeFS
 .text.c_fileCreate
                0x20020b10       0xf4 ./src/sub-systemCode/Global/TLM_management.o
                0x20020b10                c_fileCreate
 .text.writewithEpochtime
                0x20020c04       0x94 ./src/sub-systemCode/Global/TLM_management.o
 .text.get_C_FILE_struct
                0x20020c98      0x104 ./src/sub-systemCode/Global/TLM_management.o
 .text.getFileIndex
                0x20020d9c       0x64 ./src/sub-systemCode/Global/TLM_management.o
 .text.get_file_name_by_index
                0x20020e00       0x54 ./src/sub-systemCode/Global/TLM_management.o
                0x20020e00                get_file_name_by_index
 .text.c_fileReset
                0x20020e54      0x140 ./src/sub-systemCode/Global/TLM_management.o
                0x20020e54                c_fileReset
 .text.c_fileWrite
                0x20020f94      0x168 ./src/sub-systemCode/Global/TLM_management.o
                0x20020f94                c_fileWrite
 .text.deleteElementsFromFile
                0x200210fc      0x188 ./src/sub-systemCode/Global/TLM_management.o
 .text.c_fileDeleteElements
                0x20021284      0x168 ./src/sub-systemCode/Global/TLM_management.o
                0x20021284                c_fileDeleteElements
 .text.c_fileRead
                0x200213ec      0x2f0 ./src/sub-systemCode/Global/TLM_management.o
                0x200213ec                c_fileRead
 .text.DeInitializeFS
                0x200216dc       0xe0 ./src/sub-systemCode/Global/TLM_management.o
                0x200216dc                DeInitializeFS
 .text.xSemaphoreGive_extended
                0x200217bc       0x48 ./src/sub-systemCode/Global/freertosExtended.o
                0x200217bc                xSemaphoreGive_extended
 .text.xSemaphoreTake_extended
                0x20021804       0x54 ./src/sub-systemCode/Global/freertosExtended.o
                0x20021804                xSemaphoreTake_extended
 .text.WriteLog
                0x20021858       0x94 ./src/sub-systemCode/Global/logger.o
 .text.WriteErrorLog
                0x200218ec       0x64 ./src/sub-systemCode/Global/logger.o
                0x200218ec                WriteErrorLog
 .text.WritePayloadLog
                0x20021950       0x50 ./src/sub-systemCode/Global/logger.o
                0x20021950                WritePayloadLog
 .text.WriteEpsLog
                0x200219a0       0x4c ./src/sub-systemCode/Global/logger.o
                0x200219a0                WriteEpsLog
 .text.WriteTransponderLog
                0x200219ec       0x50 ./src/sub-systemCode/Global/logger.o
                0x200219ec                WriteTransponderLog
 .text.castCharPointerToInt
                0x20021a3c       0x84 ./src/sub-systemCode/CUF/CUF.o
                0x20021a3c                castCharPointerToInt
 .text.castCharArrayToIntArray
                0x20021ac0       0xa4 ./src/sub-systemCode/CUF/CUF.o
                0x20021ac0                castCharArrayToIntArray
 .text.SavePerminantCUF
                0x20021b64      0x1b4 ./src/sub-systemCode/CUF/CUF.o
                0x20021b64                SavePerminantCUF
 .text.LoadPerminantCUF
                0x20021d18      0x158 ./src/sub-systemCode/CUF/CUF.o
                0x20021d18                LoadPerminantCUF
 .text.CUFManageRestart
                0x20021e70       0xa4 ./src/sub-systemCode/CUF/CUF.o
                0x20021e70                CUFManageRestart
 .text.InitCUF  0x20021f14      0x194 ./src/sub-systemCode/CUF/CUF.o
                0x20021f14                InitCUF
 .text.CUFSwitch
                0x200220a8       0x30 ./src/sub-systemCode/CUF/CUF.o
                0x200220a8                CUFSwitch
 .text.GenerateSSH
                0x200220d8       0x8c ./src/sub-systemCode/CUF/CUF.o
                0x200220d8                GenerateSSH
 .text.AuthenticateCUF
                0x20022164       0x64 ./src/sub-systemCode/CUF/CUF.o
                0x20022164                AuthenticateCUF
 .text.UpdatePerminantCUF
                0x200221c8       0x84 ./src/sub-systemCode/CUF/CUF.o
                0x200221c8                UpdatePerminantCUF
 .text.RemoveCUF
                0x2002224c      0x1ac ./src/sub-systemCode/CUF/CUF.o
                0x2002224c                RemoveCUF
 .text.CreateCUF
                0x200223f8      0x114 ./src/sub-systemCode/CUF/CUF.o
                0x200223f8                CreateCUF
 .text.ExecuteCUF
                0x2002250c      0x210 ./src/sub-systemCode/CUF/CUF.o
                0x2002250c                ExecuteCUF
 .text.IntegrateCUF
                0x2002271c      0x1a4 ./src/sub-systemCode/CUF/CUF.o
                0x2002271c                IntegrateCUF
 .text.AddToCUFTempArray
                0x200228c0       0xa4 ./src/sub-systemCode/CUF/CUF.o
                0x200228c0                AddToCUFTempArray
 .text.GetFromCUFTempArray
                0x20022964       0xe8 ./src/sub-systemCode/CUF/CUF.o
                0x20022964                GetFromCUFTempArray
 .text.DisableCUF
                0x20022a4c       0x84 ./src/sub-systemCode/CUF/CUF.o
                0x20022a4c                DisableCUF
 .text.EnableCUF
                0x20022ad0       0x84 ./src/sub-systemCode/CUF/CUF.o
                0x20022ad0                EnableCUF
 .text.initializeUpload
                0x20022b54       0x9c ./src/sub-systemCode/CUF/uploadCodeTelemetry.o
                0x20022b54                initializeUpload
 .text.removeFiles
                0x20022bf0       0xc0 ./src/sub-systemCode/CUF/uploadCodeTelemetry.o
                0x20022bf0                removeFiles
 .text.loadBackup
                0x20022cb0      0x138 ./src/sub-systemCode/CUF/uploadCodeTelemetry.o
                0x20022cb0                loadBackup
 .text.addToArray
                0x20022de8       0xe8 ./src/sub-systemCode/CUF/uploadCodeTelemetry.o
                0x20022de8                addToArray
 .text.headerHandle
                0x20022ed0       0xa8 ./src/sub-systemCode/CUF/uploadCodeTelemetry.o
                0x20022ed0                headerHandle
 .text.startCUFintegration
                0x20022f78      0x1e4 ./src/sub-systemCode/CUF/uploadCodeTelemetry.o
                0x20022f78                startCUFintegration
 .text.saveBackup
                0x2002315c      0x104 ./src/sub-systemCode/CUF/uploadCodeTelemetry.o
                0x2002315c                saveBackup
 .text.saveAck  0x20023260       0x28 ./src/sub-systemCode/CUF/uploadCodeTelemetry.o
                0x20023260                saveAck
 .text.reset_APRS_list
                0x20023288       0xa4 ./src/sub-systemCode/COMM/APRS.o
                0x20023288                reset_APRS_list
 .text.send_APRS_Dump
                0x2002332c      0x1c0 ./src/sub-systemCode/COMM/APRS.o
                0x2002332c                send_APRS_Dump
 .text.get_APRS_list
                0x200234ec       0x88 ./src/sub-systemCode/COMM/APRS.o
                0x200234ec                get_APRS_list
 .text.find_CMD_in_list
                0x20023574       0x7c ./src/sub-systemCode/COMM/DelayedCommand_list.o
                0x20023574                find_CMD_in_list
 .text.find_empty_in_list
                0x200235f0       0x74 ./src/sub-systemCode/COMM/DelayedCommand_list.o
                0x200235f0                find_empty_in_list
 .text.check_delayCommandTime
                0x20023664       0x8c ./src/sub-systemCode/COMM/DelayedCommand_list.o
                0x20023664                check_delayCommandTime
 .text.execute_delayedCommand
                0x200236f0       0x8c ./src/sub-systemCode/COMM/DelayedCommand_list.o
                0x200236f0                execute_delayedCommand
 .text.check_delaycommand
                0x2002377c      0x17c ./src/sub-systemCode/COMM/DelayedCommand_list.o
                0x2002377c                check_delaycommand
 .text.reset_delayCommand
                0x200238f8       0x8c ./src/sub-systemCode/COMM/DelayedCommand_list.o
                0x200238f8                reset_delayCommand
 .text.add_delayCommand
                0x20023984      0x1cc ./src/sub-systemCode/COMM/DelayedCommand_list.o
                0x20023984                add_delayCommand
 .text.get_delayCommand_list
                0x20023b50       0x80 ./src/sub-systemCode/COMM/DelayedCommand_list.o
                0x20023b50                get_delayCommand_list
 .text.EmptyOldestCommand
                0x20023bd0      0x108 ./src/sub-systemCode/COMM/DelayedCommand_list.o
                0x20023bd0                EmptyOldestCommand
 .text.decode_TCpacket
                0x20023cd8      0x16c ./src/sub-systemCode/COMM/GSC.o
                0x20023cd8                decode_TCpacket
 .text.encode_TCpacket
                0x20023e44      0x114 ./src/sub-systemCode/COMM/GSC.o
                0x20023e44                encode_TCpacket
 .text.encode_TMpacket
                0x20023f58      0x104 ./src/sub-systemCode/COMM/GSC.o
                0x20023f58                encode_TMpacket
 .text.build_raw_ACK
                0x2002405c       0xbc ./src/sub-systemCode/COMM/GSC.o
                0x2002405c                build_raw_ACK
 .text.build_data_field_ACK
                0x20024118       0x74 ./src/sub-systemCode/COMM/GSC.o
                0x20024118                build_data_field_ACK
 .text.update_FRAM_bitRate
                0x2002418c       0xd0 ./src/sub-systemCode/COMM/TRXVU.o
                0x2002418c                update_FRAM_bitRate
 .text.toggle_idle_state
                0x2002425c       0x94 ./src/sub-systemCode/COMM/TRXVU.o
                0x2002425c                toggle_idle_state
 .text.TRXVU_init_hardWare
                0x200242f0       0xac ./src/sub-systemCode/COMM/TRXVU.o
                0x200242f0                TRXVU_init_hardWare
 .text.TRXVU_init_softWare
                0x2002439c      0x100 ./src/sub-systemCode/COMM/TRXVU.o
                0x2002439c                TRXVU_init_softWare
 .text.init_trxvu
                0x2002449c       0x14 ./src/sub-systemCode/COMM/TRXVU.o
                0x2002449c                init_trxvu
 .text.TRXVU_task
                0x200244b0       0x9c ./src/sub-systemCode/COMM/TRXVU.o
                0x200244b0                TRXVU_task
 .text.dump_logic
                0x2002454c      0x378 ./src/sub-systemCode/COMM/TRXVU.o
                0x2002454c                dump_logic
 .text.Dump_task
                0x200248c4      0x1a4 ./src/sub-systemCode/COMM/TRXVU.o
                0x200248c4                Dump_task
 .text.transponder_logic
                0x20024a68      0x110 ./src/sub-systemCode/COMM/TRXVU.o
                0x20024a68                transponder_logic
 .text.Transponder_task
                0x20024b78      0x218 ./src/sub-systemCode/COMM/TRXVU.o
                0x20024b78                Transponder_task
 .text.lookForRequestToDelete_transponder
                0x20024d90       0xb4 ./src/sub-systemCode/COMM/TRXVU.o
                0x20024d90                lookForRequestToDelete_transponder
 .text.lookForRequestToDelete_dump
                0x20024e44       0x80 ./src/sub-systemCode/COMM/TRXVU.o
                0x20024e44                lookForRequestToDelete_dump
 .text.sendRequestToStop_dump
                0x20024ec4       0x8c ./src/sub-systemCode/COMM/TRXVU.o
                0x20024ec4                sendRequestToStop_dump
 .text.sendRequestToStop_transponder
                0x20024f50       0x8c ./src/sub-systemCode/COMM/TRXVU.o
                0x20024f50                sendRequestToStop_transponder
 .text.Rx_logic
                0x20024fdc      0x190 ./src/sub-systemCode/COMM/TRXVU.o
                0x20024fdc                Rx_logic
 .text.pass_above_Ground
                0x2002516c      0x104 ./src/sub-systemCode/COMM/TRXVU.o
                0x2002516c                pass_above_Ground
 .text.check_TRXVUState
                0x20025270       0xf0 ./src/sub-systemCode/COMM/TRXVU.o
                0x20025270                check_TRXVUState
 .text.trxvu_logic
                0x20025360       0x20 ./src/sub-systemCode/COMM/TRXVU.o
                0x20025360                trxvu_logic
 .text.Beacon_task
                0x20025380      0x18c ./src/sub-systemCode/COMM/TRXVU.o
                0x20025380                Beacon_task
 .text.buildAndSend_beacon
                0x2002550c      0x5a0 ./src/sub-systemCode/COMM/TRXVU.o
                0x2002550c                buildAndSend_beacon
 .text.reset_FRAM_TRXVU
                0x20025aac      0x160 ./src/sub-systemCode/COMM/TRXVU.o
                0x20025aac                reset_FRAM_TRXVU
 .text.TRX_sendFrame
                0x20025c0c      0x1ac ./src/sub-systemCode/COMM/TRXVU.o
                0x20025c0c                TRX_sendFrame
 .text.TRX_getFrameData
                0x20025db8      0x10c ./src/sub-systemCode/COMM/TRXVU.o
                0x20025db8                TRX_getFrameData
 .text.mute_Tx  0x20025ec4       0x20 ./src/sub-systemCode/COMM/TRXVU.o
                0x20025ec4                mute_Tx
 .text.unmute_Tx
                0x20025ee4       0x58 ./src/sub-systemCode/COMM/TRXVU.o
                0x20025ee4                unmute_Tx
 .text.check_time_off_mute
                0x20025f3c       0x88 ./src/sub-systemCode/COMM/TRXVU.o
                0x20025f3c                check_time_off_mute
 .text.set_mute_time
                0x20025fc4       0xb4 ./src/sub-systemCode/COMM/TRXVU.o
                0x20025fc4                set_mute_time
 .text.change_TRXVU_state
                0x20026078       0xe0 ./src/sub-systemCode/COMM/TRXVU.o
                0x20026078                change_TRXVU_state
 .text.change_trans_RSSI
                0x20026158       0x60 ./src/sub-systemCode/COMM/TRXVU.o
                0x20026158                change_trans_RSSI
 .text.AdcsReadI2cAck
                0x200261b8       0xfc ./src/sub-systemCode/ADCS/AdcsCommands.o
                0x200261b8                AdcsReadI2cAck
 .text.AdcsGenericI2cCmd
                0x200262b4      0x198 ./src/sub-systemCode/ADCS/AdcsCommands.o
                0x200262b4                AdcsGenericI2cCmd
 .text.SendAdcsTlm
                0x2002644c      0x1b8 ./src/sub-systemCode/ADCS/AdcsCommands.o
                0x2002644c                SendAdcsTlm
 .text.AdcsExecuteCommand
                0x20026604     0x1e84 ./src/sub-systemCode/ADCS/AdcsCommands.o
                0x20026604                AdcsExecuteCommand
 .text.cspaceADCS_getEstimatedAngles
                0x20028488       0x98 ./src/sub-systemCode/ADCS/AdcsGetDataAndTlm.o
                0x20028488                cspaceADCS_getEstimatedAngles
 .text.cspaceADCS_getEstimatedAnglesRates
                0x20028520       0x98 ./src/sub-systemCode/ADCS/AdcsGetDataAndTlm.o
                0x20028520                cspaceADCS_getEstimatedAnglesRates
 .text.cspaceADCS_getSatellitePosition
                0x200285b8       0x98 ./src/sub-systemCode/ADCS/AdcsGetDataAndTlm.o
                0x200285b8                cspaceADCS_getSatellitePosition
 .text.InitTlmElements
                0x20028650      0x238 ./src/sub-systemCode/ADCS/AdcsGetDataAndTlm.o
                0x20028650                InitTlmElements
 .text.CreateTlmElementFiles
                0x20028888      0x178 ./src/sub-systemCode/ADCS/AdcsGetDataAndTlm.o
                0x20028888                CreateTlmElementFiles
 .text.SaveElementTlmAtIndex
                0x20028a00      0x424 ./src/sub-systemCode/ADCS/AdcsGetDataAndTlm.o
                0x20028a00                SaveElementTlmAtIndex
 .text.UpdateTlmElementAtIndex
                0x20028e24      0x150 ./src/sub-systemCode/ADCS/AdcsGetDataAndTlm.o
                0x20028e24                UpdateTlmElementAtIndex
 .text.UpdateTlmToSaveVector
                0x20028f74       0xc8 ./src/sub-systemCode/ADCS/AdcsGetDataAndTlm.o
                0x20028f74                UpdateTlmToSaveVector
 .text.UpdateTlmPeriodVector
                0x2002903c      0x120 ./src/sub-systemCode/ADCS/AdcsGetDataAndTlm.o
                0x2002903c                UpdateTlmPeriodVector
 .text.AdcsGetTlmOverrideFlag
                0x2002915c       0x5c ./src/sub-systemCode/ADCS/AdcsGetDataAndTlm.o
                0x2002915c                AdcsGetTlmOverrideFlag
 .text.AdcsSetTlmOverrideFlag
                0x200291b8       0x9c ./src/sub-systemCode/ADCS/AdcsGetDataAndTlm.o
                0x200291b8                AdcsSetTlmOverrideFlag
 .text.RestoreDefaultTlmElement
                0x20029254      0x1ec ./src/sub-systemCode/ADCS/AdcsGetDataAndTlm.o
                0x20029254                RestoreDefaultTlmElement
 .text.GetTlmElementAtIndex
                0x20029440       0x80 ./src/sub-systemCode/ADCS/AdcsGetDataAndTlm.o
                0x20029440                GetTlmElementAtIndex
 .text.GatherTlmAndData
                0x200294c0       0xf0 ./src/sub-systemCode/ADCS/AdcsGetDataAndTlm.o
                0x200294c0                GatherTlmAndData
 .text.UpdateAdcsFramParameters
                0x200295b0      0x124 ./src/sub-systemCode/ADCS/AdcsMain.o
                0x200295b0                UpdateAdcsFramParameters
 .text.AdcsInit
                0x200296d4      0x168 ./src/sub-systemCode/ADCS/AdcsMain.o
                0x200296d4                AdcsInit
 .text.AdcsTask
                0x2002983c      0x110 ./src/sub-systemCode/ADCS/AdcsMain.o
                0x2002983c                AdcsTask
 .text.AdcsTroubleShooting
                0x2002994c       0x88 ./src/sub-systemCode/ADCS/AdcsTroubleShooting.o
                0x2002994c                AdcsTroubleShooting
 .text.UpdateAdcsStateMachine
                0x200299d4       0x1c ./src/sub-systemCode/ADCS/StateMachine.o
                0x200299d4                UpdateAdcsStateMachine
 .text.save_time
                0x200299f0       0x9c ./src/main.o
                0x200299f0                save_time
 .text.Command_logic
                0x20029a8c       0x6c ./src/main.o
                0x20029a8c                Command_logic
 .text.taskMain
                0x20029af8       0x68 ./src/main.o
                0x20029af8                taskMain
 .text.main     0x20029b60       0x88 ./src/main.o
                0x20029b60                main
 .text.GomEpsInitialize
                0x20029be8      0x148 C:/HOOPOE3/satellite-subsystems/demo/..//satellite-subsystems/lib\libSatelliteSubsystemsD.a(GomEPS.o)
                0x20029be8                GomEpsInitialize
 .text.makeEPStransfer
                0x20029d30       0x3c C:/HOOPOE3/satellite-subsystems/demo/..//satellite-subsystems/lib\libSatelliteSubsystemsD.a(GomEPS.o)
 .text.GomEpsPing
                0x20029d6c       0xf8 C:/HOOPOE3/satellite-subsystems/demo/..//satellite-subsystems/lib\libSatelliteSubsystemsD.a(GomEPS.o)
                0x20029d6c                GomEpsPing
 .text.GomEpsSoftReset
                0x20029e64       0xc4 C:/HOOPOE3/satellite-subsystems/demo/..//satellite-subsystems/lib\libSatelliteSubsystemsD.a(GomEPS.o)
                0x20029e64                GomEpsSoftReset
 .text.GomEpsHardReset
                0x20029f28       0xa8 C:/HOOPOE3/satellite-subsystems/demo/..//satellite-subsystems/lib\libSatelliteSubsystemsD.a(GomEPS.o)
                0x20029f28                GomEpsHardReset
 .text.GomEpsGetHkData_param
                0x20029fd0      0x29c C:/HOOPOE3/satellite-subsystems/demo/..//satellite-subsystems/lib\libSatelliteSubsystemsD.a(GomEPS.o)
                0x20029fd0                GomEpsGetHkData_param
 .text.GomEpsGetHkData_general
                0x2002a26c      0x45c C:/HOOPOE3/satellite-subsystems/demo/..//satellite-subsystems/lib\libSatelliteSubsystemsD.a(GomEPS.o)
                0x2002a26c                GomEpsGetHkData_general
 .text.GomEpsGetHkData_vi
                0x2002a6c8      0x188 C:/HOOPOE3/satellite-subsystems/demo/..//satellite-subsystems/lib\libSatelliteSubsystemsD.a(GomEPS.o)
                0x2002a6c8                GomEpsGetHkData_vi
 .text.GomEpsGetHkData_out
                0x2002a850      0x21c C:/HOOPOE3/satellite-subsystems/demo/..//satellite-subsystems/lib\libSatelliteSubsystemsD.a(GomEPS.o)
                0x2002a850                GomEpsGetHkData_out
 .text.GomEpsGetHkData_wdt
                0x2002aa6c      0x2b4 C:/HOOPOE3/satellite-subsystems/demo/..//satellite-subsystems/lib\libSatelliteSubsystemsD.a(GomEPS.o)
                0x2002aa6c                GomEpsGetHkData_wdt
 .text.GomEpsGetHkData_basic
                0x2002ad20      0x22c C:/HOOPOE3/satellite-subsystems/demo/..//satellite-subsystems/lib\libSatelliteSubsystemsD.a(GomEPS.o)
                0x2002ad20                GomEpsGetHkData_basic
 .text.GomEpsSetOutput
                0x2002af4c       0xbc C:/HOOPOE3/satellite-subsystems/demo/..//satellite-subsystems/lib\libSatelliteSubsystemsD.a(GomEPS.o)