Archive member included because of file (symbol)

c:/isis/application/toolchain/bin/../lib/gcc/arm-none-eabi/4.7.4/../../../../arm-none-eabi/lib\libc_s.a(lib_a-vfprintf_float.o)
                              (_printf_float)
c:/isis/application/toolchain/bin/../lib/gcc/arm-none-eabi/4.7.4/../../../../arm-none-eabi/lib\libc_s.a(lib_a-vfprintf_i.o)
                              c:/isis/application/toolchain/bin/../lib/gcc/arm-none-eabi/4.7.4/../../../../arm-none-eabi/lib\libc_s.a(lib_a-vfprintf_float.o) (_printf_common)
c:/isis/application/toolchain/bin/../lib/gcc/arm-none-eabi/4.7.4/../../../../arm-none-eabi/lib\libc_s.a(lib_a-vfscanf_float.o)
                              (_scanf_float)
c:/isis/application/toolchain/bin/../lib/gcc/arm-none-eabi/4.7.4/../../../../arm-none-eabi/lib\libc_s.a(lib_a-dtoa.o)
                              c:/isis/application/toolchain/bin/../lib/gcc/arm-none-eabi/4.7.4/../../../../arm-none-eabi/lib\libc_s.a(lib_a-vfprintf_float.o) (_dtoa_r)
c:/isis/application/toolchain/bin/../lib/gcc/arm-none-eabi/4.7.4/../../../../arm-none-eabi/lib\libc_s.a(lib_a-locale.o)
                              c:/isis/application/toolchain/bin/../lib/gcc/arm-none-eabi/4.7.4/../../../../arm-none-eabi/lib\libc_s.a(lib_a-vfprintf_float.o) (_localeconv_r)
c:/isis/application/toolchain/bin/../lib/gcc/arm-none-eabi/4.7.4/../../../../arm-none-eabi/lib\libc_s.a(lib_a-malloc.o)
                              c:/isis/application/toolchain/bin/../lib/gcc/arm-none-eabi/4.7.4/../../../../arm-none-eabi/lib\libc_s.a(lib_a-dtoa.o) (malloc)
c:/isis/application/toolchain/bin/../lib/gcc/arm-none-eabi/4.7.4/../../../../arm-none-eabi/lib\libc_s.a(lib_a-mallocr.o)
                              c:/isis/application/toolchain/bin/../lib/gcc/arm-none-eabi/4.7.4/../../../../arm-none-eabi/lib\libc_s.a(lib_a-malloc.o) (_malloc_r)
c:/isis/application/toolchain/bin/../lib/gcc/arm-none-eabi/4.7.4/../../../../arm-none-eabi/lib\libc_s.a(lib_a-memcpy.o)
                              c:/isis/application/toolchain/bin/../lib/gcc/arm-none-eabi/4.7.4/../../../../arm-none-eabi/lib\libc_s.a(lib_a-dtoa.o) (memcpy)
c:/isis/application/toolchain/bin/../lib/gcc/arm-none-eabi/4.7.4/../../../../arm-none-eabi/lib\libc_s.a(lib_a-mprec.o)
                              c:/isis/application/toolchain/bin/../lib/gcc/arm-none-eabi/4.7.4/../../../../arm-none-eabi/lib\libc_s.a(lib_a-dtoa.o) (_Balloc)
c:/isis/application/toolchain/bin/../lib/gcc/arm-none-eabi/4.7.4/../../../../arm-none-eabi/lib\libc_s.a(lib_a-s_fpclassify.o)
                              c:/isis/application/toolchain/bin/../lib/gcc/arm-none-eabi/4.7.4/../../../../arm-none-eabi/lib\libc_s.a(lib_a-vfprintf_float.o) (__fpclassifyd)
c:/isis/application/toolchain/bin/../lib/gcc/arm-none-eabi/4.7.4/../../../../arm-none-eabi/lib\libc_s.a(lib_a-sbrkr.o)
                              c:/isis/application/toolchain/bin/../lib/gcc/arm-none-eabi/4.7.4/../../../../arm-none-eabi/lib\libc_s.a(lib_a-mallocr.o) (_sbrk_r)
c:/isis/application/toolchain/bin/../lib/gcc/arm-none-eabi/4.7.4/../../../../arm-none-eabi/lib\libc_s.a(lib_a-sf_nan.o)
                              c:/isis/application/toolchain/bin/../lib/gcc/arm-none-eabi/4.7.4/../../../../arm-none-eabi/lib\libc_s.a(lib_a-vfscanf_float.o) (nanf)
c:/isis/application/toolchain/bin/../lib/gcc/arm-none-eabi/4.7.4/../../../../arm-none-eabi/lib\libc_s.a(lib_a-sprintf.o)
                              c:/isis/application/toolchain/bin/../lib/gcc/arm-none-eabi/4.7.4/../../../../arm-none-eabi/lib\libc_s.a(lib_a-vfscanf_float.o) (sprintf)
c:/isis/application/toolchain/bin/../lib/gcc/arm-none-eabi/4.7.4/../../../../arm-none-eabi/lib\libc_s.a(lib_a-strcmp.o)
                              c:/isis/application/toolchain/bin/../lib/gcc/arm-none-eabi/4.7.4/../../../../arm-none-eabi/lib\libc_s.a(lib_a-locale.o) (strcmp)
c:/isis/application/toolchain/bin/../lib/gcc/arm-none-eabi/4.7.4/../../../../arm-none-eabi/lib\libc_s.a(lib_a-strlen.o)
                              c:/isis/application/toolchain/bin/../lib/gcc/arm-none-eabi/4.7.4/../../../../arm-none-eabi/lib\libc_s.a(lib_a-vfprintf_float.o) (strlen)
c:/isis/application/toolchain/bin/../lib/gcc/arm-none-eabi/4.7.4/../../../../arm-none-eabi/lib\libc_s.a(lib_a-strtod.o)
                              c:/isis/application/toolchain/bin/../lib/gcc/arm-none-eabi/4.7.4/../../../../arm-none-eabi/lib\libc_s.a(lib_a-vfscanf_float.o) (_strtod_r)
c:/isis/application/toolchain/bin/../lib/gcc/arm-none-eabi/4.7.4/../../../../arm-none-eabi/lib\libc_s.a(lib_a-strtol.o)
                              c:/isis/application/toolchain/bin/../lib/gcc/arm-none-eabi/4.7.4/../../../../arm-none-eabi/lib\libc_s.a(lib_a-vfscanf_float.o) (_strtol_r)
c:/isis/application/toolchain/bin/../lib/gcc/arm-none-eabi/4.7.4/../../../../arm-none-eabi/lib\libc_s.a(lib_a-svfprintf.o)
                              c:/isis/application/toolchain/bin/../lib/gcc/arm-none-eabi/4.7.4/../../../../arm-none-eabi/lib\libc_s.a(lib_a-sprintf.o) (_svfprintf_r)
[...]
Memory Configuration

Name             Origin             Length             Attributes
sram0            0x00200000         0x00004000         w !xr
sram1            0x00300000         0x00004000         w !xr
sdram            0x20000000         0x02000000         w !xr
*default*        0x00000000         0xffffffff

Linker script and memory map

LOAD c:/isis/application/toolchain/bin/../lib/gcc/arm-none-eabi/4.7.4/../../../../arm-none-eabi/lib\libc_s.a
LOAD ./src/sub-systemCode/payload/Request Management/Dump/Butchering.o
LOAD ./src/sub-systemCode/payload/Request Management/Dump/imageDump.o
LOAD ./src/sub-systemCode/payload/Request Management/CameraManeger.o
LOAD ./src/sub-systemCode/payload/Request Management/DB_RequestHandling.o
LOAD ./src/sub-systemCode/payload/Misc/Boolean_bit.o
LOAD ./src/sub-systemCode/payload/Misc/FileSystem.o
LOAD ./src/sub-systemCode/payload/Drivers/GeckoCameraDriver.o
LOAD ./src/sub-systemCode/payload/DataBase/DataBase.o
LOAD ./src/sub-systemCode/payload/Compression/jpeg/bmp/rawToBMP.o
LOAD ./src/sub-systemCode/payload/Compression/jpeg/DCT.o
LOAD ./src/sub-systemCode/payload/Compression/jpeg/ImgCompressor.o
LOAD ./src/sub-systemCode/payload/Compression/jpeg/color_conv.o
LOAD ./src/sub-systemCode/payload/Compression/jpeg/jpeg.o
LOAD ./src/sub-systemCode/payload/Compression/jpeg/jpeg_encoder.o
LOAD ./src/sub-systemCode/payload/Compression/jpeg/jpeg_memory_alloc.o
LOAD ./src/sub-systemCode/payload/Compression/jpeg/jpeg_params.o
LOAD ./src/sub-systemCode/payload/Compression/jpeg/output_stream.o
LOAD ./src/sub-systemCode/payload/Compression/ImageConversion.o
LOAD ./src/sub-systemCode/Main/CMD/COMM_CMD.o
LOAD ./src/sub-systemCode/Main/CMD/EPS_CMD.o
LOAD ./src/sub-systemCode/Main/CMD/General_CMD.o
LOAD ./src/sub-systemCode/Main/CMD/SW_CMD.o
LOAD ./src/sub-systemCode/Main/CMD/payload_CMD.o
LOAD ./src/sub-systemCode/Main/Ants.o
LOAD ./src/sub-systemCode/Main/EPS.o
LOAD ./src/sub-systemCode/Main/HouseKeeping.o
LOAD ./src/sub-systemCode/Main/Main_Init.o
LOAD ./src/sub-systemCode/Main/commands.o
LOAD ./src/sub-systemCode/Global/Global.o
LOAD ./src/sub-systemCode/Global/GlobalParam.o
LOAD ./src/sub-systemCode/Global/OnlineTM.o
LOAD ./src/sub-systemCode/Global/TLM_management.o
LOAD ./src/sub-systemCode/COMM/APRS.o
LOAD ./src/sub-systemCode/COMM/DelayedCommand_list.o
LOAD ./src/sub-systemCode/COMM/GSC.o
LOAD ./src/sub-systemCode/COMM/TRXVU.o
LOAD ./src/sub-systemCode/ADCS/ADCS.o
LOAD ./src/sub-systemCode/ADCS/Stage_Table.o
LOAD ./src/main.o
LOAD C:/HOOPOE3/satellite-subsystems/demo/..//satellite-subsystems/lib\libSatelliteSubsystemsD.a
LOAD c:/isis/application/toolchain/bin/../lib/gcc/arm-none-eabi/4.7.4/../../../../arm-none-eabi/lib\libm.a
LOAD C:/HOOPOE3/satellite-subsystems/demo/../..//hal/hcc/lib\libHCCD.a
LOAD C:/HOOPOE3/satellite-subsystems/demo/../..//hal/hal/lib\libHALD.a
LOAD C:/HOOPOE3/satellite-subsystems/demo/../..//hal/freertos/lib\libFreeRTOSD.a
LOAD C:/HOOPOE3/satellite-subsystems/demo/../..//hal/at91/lib\libAt91D.a
START GROUP
LOAD c:/isis/application/toolchain/bin/../lib/gcc/arm-none-eabi/4.7.4\libgcc.a
LOAD c:/isis/application/toolchain/bin/../lib/gcc/arm-none-eabi/4.7.4/../../../../arm-none-eabi/lib\libc_s.a
END GROUP

.fixed          0x20000000    0x4e578
                0x20000000                . = ALIGN (0x4)
                0x20000000                _sfixed = .
 *(.startup)
 .startup       0x20000000      0x134 C:/HOOPOE3/satellite-subsystems/demo/../..//hal/at91/lib\libAt91D.a(board_cstartup.o)
                0x20000000                entry
 *(.text)
 .text          0x20000134       0x64 C:/HOOPOE3/satellite-subsystems/demo/../..//hal/at91/lib\libAt91D.a(cp15_asm.o)
                0x20000134                _readControlRegister
                0x20000140                _writeControlRegister
                0x20000148                _waitForInterrupt
                0x20000154                _writeTTB
                0x2000015c                _writeDomain
                0x20000164                _writeITLBLockdown
                0x2000016c                _prefetchICacheLine
                0x20000174                _flushDCache
                0x20000180                _flushWriteBuffer
                0x2000018c                _invalidateIDTLBs
 .text          0x20000198      0x114 c:/isis/application/toolchain/bin/../lib/gcc/arm-none-eabi/4.7.4\libgcc.a(_udivsi3.o)
                0x20000198                __aeabi_uidiv
                0x20000198                __udivsi3
                0x2000028c                __aeabi_uidivmod
 .text          0x200002ac      0x148 c:/isis/application/toolchain/bin/../lib/gcc/arm-none-eabi/4.7.4\libgcc.a(_divsi3.o)
                0x200002ac                __divsi3
                0x200002ac                __aeabi_idiv
                0x200003d4                __aeabi_idivmod
 .text          0x200003f4        0x4 c:/isis/application/toolchain/bin/../lib/gcc/arm-none-eabi/4.7.4\libgcc.a(_dvmd_tls.o)
                0x200003f4                __aeabi_idiv0
                0x200003f4                __aeabi_ldiv0
 .text          0x200003f8      0x41c c:/isis/application/toolchain/bin/../lib/gcc/arm-none-eabi/4.7.4\libgcc.a(_arm_addsubdf3.o)
                0x200003f8                __aeabi_drsub
                0x20000400                __aeabi_dsub
                0x20000400                __subdf3
                0x20000404                __aeabi_dadd
                0x20000404                __adddf3
                0x20000714                __floatunsidf
                0x20000714                __aeabi_ui2d
                0x20000738                __floatsidf
                0x20000738                __aeabi_i2d
                0x20000760                __aeabi_f2d
                0x20000760                __extendsfdf2
                0x200007a0                __floatundidf
                0x200007a0                __aeabi_ul2d
                0x200007b4                __floatdidf
                0x200007b4                __aeabi_l2d
 .text          0x20000814      0x49c c:/isis/application/toolchain/bin/../lib/gcc/arm-none-eabi/4.7.4\libgcc.a(_arm_muldivdf3.o)
                0x20000814                __aeabi_dmul
                0x20000814                __muldf3
                0x20000aa4                __divdf3
                0x20000aa4                __aeabi_ddiv
 .text          0x20000cb0      0x144 c:/isis/application/toolchain/bin/../lib/gcc/arm-none-eabi/4.7.4\libgcc.a(_arm_cmpdf2.o)
                0x20000cb0                __gtdf2
                0x20000cb0                __gedf2
                0x20000cb8                __ltdf2
                0x20000cb8                __ledf2
                0x20000cc0                __nedf2
                0x20000cc0                __eqdf2
                0x20000cc0                __cmpdf2
                0x20000d48                __aeabi_cdrcmple
                0x20000d64                __aeabi_cdcmpeq
                0x20000d64                __aeabi_cdcmple
                0x20000d7c                __aeabi_dcmpeq
                0x20000d94                __aeabi_dcmplt
                0x20000dac                __aeabi_dcmple
                0x20000dc4                __aeabi_dcmpge
                0x20000ddc                __aeabi_dcmpgt
 .text          0x20000df4       0x5c c:/isis/application/toolchain/bin/../lib/gcc/arm-none-eabi/4.7.4\libgcc.a(_arm_fixdfsi.o)
                0x20000df4                __aeabi_d2iz
                0x20000df4                __fixdfsi
 .text          0x20000e50       0x54 c:/isis/application/toolchain/bin/../lib/gcc/arm-none-eabi/4.7.4\libgcc.a(_arm_fixunsdfsi.o)
                0x20000e50                __aeabi_d2uiz
                0x20000e50                __fixunsdfsi
 .text          0x20000ea4       0xa0 c:/isis/application/toolchain/bin/../lib/gcc/arm-none-eabi/4.7.4\libgcc.a(_arm_truncdfsf2.o)
                0x20000ea4                __truncdfsf2
                0x20000ea4                __aeabi_d2f
 .text          0x20000f44      0x2ac c:/isis/application/toolchain/bin/../lib/gcc/arm-none-eabi/4.7.4\libgcc.a(_arm_addsubsf3.o)
                0x20000f44                __aeabi_frsub
                0x20000f4c                __subsf3
                0x20000f4c                __aeabi_fsub
                0x20000f50                __aeabi_fadd
                0x20000f50                __addsf3
                0x2000110c                __aeabi_ui2f
                0x2000110c                __floatunsisf
                0x20001114                __aeabi_i2f
                0x20001114                __floatsisf
                0x20001134                __aeabi_ul2f
                0x20001134                __floatundisf
                0x20001144                __aeabi_l2f
                0x20001144                __floatdisf
 .text          0x200011f0      0x2f8 c:/isis/application/toolchain/bin/../lib/gcc/arm-none-eabi/4.7.4\libgcc.a(_arm_muldivsf3.o)
                0x200011f0                __mulsf3
                0x200011f0                __aeabi_fmul
                0x20001388                __aeabi_fdiv
                0x20001388                __divsf3
 .text          0x200014e8       0x5c c:/isis/application/toolchain/bin/../lib/gcc/arm-none-eabi/4.7.4\libgcc.a(_arm_fixsfsi.o)
                0x200014e8                __aeabi_f2iz
                0x200014e8                __fixsfsi
 .text          0x20001544       0x54 c:/isis/application/toolchain/bin/../lib/gcc/arm-none-eabi/4.7.4\libgcc.a(_arm_fixunssfsi.o)
                0x20001544                __fixunssfsi
                0x20001544                __aeabi_f2uiz
 *(.text*)
 .text.__cvt    0x20001598      0x138 c:/isis/application/toolchain/bin/../lib/gcc/arm-none-eabi/4.7.4/../../../../arm-none-eabi/lib\libc_s.a(lib_a-vfprintf_float.o)
                0x20001598                __cvt
 .text.__exponent
                0x200016d0       0xa8 c:/isis/application/toolchain/bin/../lib/gcc/arm-none-eabi/4.7.4/../../../../arm-none-eabi/lib\libc_s.a(lib_a-vfprintf_float.o)
                0x200016d0                __exponent
 .text._printf_float
                0x20001778      0x7dc c:/isis/application/toolchain/bin/../lib/gcc/arm-none-eabi/4.7.4/../../../../arm-none-eabi/lib\libc_s.a(lib_a-vfprintf_float.o)
                0x20001778                _printf_float
 .text._printf_common
                0x20001f54      0x174 c:/isis/application/toolchain/bin/../lib/gcc/arm-none-eabi/4.7.4/../../../../arm-none-eabi/lib\libc_s.a(lib_a-vfprintf_i.o)
                0x20001f54                _printf_common
 .text._printf_i
                0x200020c8      0x3c4 c:/isis/application/toolchain/bin/../lib/gcc/arm-none-eabi/4.7.4/../../../../arm-none-eabi/lib\libc_s.a(lib_a-vfprintf_i.o)
                0x200020c8                _printf_i
 .text._scanf_float
                0x2000248c      0x5f4 c:/isis/application/toolchain/bin/../lib/gcc/arm-none-eabi/4.7.4/../../../../arm-none-eabi/lib\libc_s.a(lib_a-vfscanf_float.o)
                0x2000248c                _scanf_float
 .text.quorem   0x20002a80      0x1ac c:/isis/application/toolchain/bin/../lib/gcc/arm-none-eabi/4.7.4/../../../../arm-none-eabi/lib\libc_s.a(lib_a-dtoa.o)
 .text._dtoa_r  0x20002c2c     0x1268 c:/isis/application/toolchain/bin/../lib/gcc/arm-none-eabi/4.7.4/../../../../arm-none-eabi/lib\libc_s.a(lib_a-dtoa.o)
                0x20002c2c                _dtoa_r
 .text._localeconv_r
                0x20003e94        0xc c:/isis/application/toolchain/bin/../lib/gcc/arm-none-eabi/4.7.4/../../../../arm-none-eabi/lib\libc_s.a(lib_a-locale.o)
                0x20003e94                _localeconv_r
 .text.malloc   0x20003ea0       0x20 c:/isis/application/toolchain/bin/../lib/gcc/arm-none-eabi/4.7.4/../../../../arm-none-eabi/lib\libc_s.a(lib_a-malloc.o)
                0x20003ea0                malloc
 .text.free     0x20003ec0       0x20 c:/isis/application/toolchain/bin/../lib/gcc/arm-none-eabi/4.7.4/../../../../arm-none-eabi/lib\libc_s.a(lib_a-malloc.o)
                0x20003ec0                free
 .text._malloc_r
                0x20003ee0       0xfc c:/isis/application/toolchain/bin/../lib/gcc/arm-none-eabi/4.7.4/../../../../arm-none-eabi/lib\libc_s.a(lib_a-mallocr.o)
                0x20003ee0                _malloc_r
 .text.memcpy   0x20003fdc       0x20 c:/isis/application/toolchain/bin/../lib/gcc/arm-none-eabi/4.7.4/../../../../arm-none-eabi/lib\libc_s.a(lib_a-memcpy.o)
                0x20003fdc                memcpy
 .text._Balloc  0x20003ffc       0xcc c:/isis/application/toolchain/bin/../lib/gcc/arm-none-eabi/4.7.4/../../../../arm-none-eabi/lib\libc_s.a(lib_a-mprec.o)
                0x20003ffc                _Balloc
 .text._Bfree   0x200040c8       0x5c c:/isis/application/toolchain/bin/../lib/gcc/arm-none-eabi/4.7.4/../../../../arm-none-eabi/lib\libc_s.a(lib_a-mprec.o)
                0x200040c8                _Bfree
 .text.__multadd
                0x20004124       0xbc c:/isis/application/toolchain/bin/../lib/gcc/arm-none-eabi/4.7.4/../../../../arm-none-eabi/lib\libc_s.a(lib_a-mprec.o)
                0x20004124                __multadd
 .text.__s2b    0x200041e0       0xd8 c:/isis/application/toolchain/bin/../lib/gcc/arm-none-eabi/4.7.4/../../../../arm-none-eabi/lib\libc_s.a(lib_a-mprec.o)
                0x200041e0                __s2b
 .text.__hi0bits
                0x200042b8       0x58 c:/isis/application/toolchain/bin/../lib/gcc/arm-none-eabi/4.7.4/../../../../arm-none-eabi/lib\libc_s.a(lib_a-mprec.o)
                0x200042b8                __hi0bits
 .text.__lo0bits
                0x20004310       0x94 c:/isis/application/toolchain/bin/../lib/gcc/arm-none-eabi/4.7.4/../../../../arm-none-eabi/lib\libc_s.a(lib_a-mprec.o)
                0x20004310                __lo0bits
 .text.__i2b    0x200043a4       0x24 c:/isis/application/toolchain/bin/../lib/gcc/arm-none-eabi/4.7.4/../../../../arm-none-eabi/lib\libc_s.a(lib_a-mprec.o)
                0x200043a4                __i2b
 .text.__multiply
                0x200043c8      0x1ac c:/isis/application/toolchain/bin/../lib/gcc/arm-none-eabi/4.7.4/../../../../arm-none-eabi/lib\libc_s.a(lib_a-mprec.o)
                0x200043c8                __multiply
 .text.__pow5mult
                0x20004574      0x10c c:/isis/application/toolchain/bin/../lib/gcc/arm-none-eabi/4.7.4/../../../../arm-none-eabi/lib\libc_s.a(lib_a-mprec.o)
                0x20004574                __pow5mult
 .text.__lshift
                0x20004680       0xf0 c:/isis/application/toolchain/bin/../lib/gcc/arm-none-eabi/4.7.4/../../../../arm-none-eabi/lib\libc_s.a(lib_a-mprec.o)
                0x20004680                __lshift
 .text.__mcmp   0x20004770       0x60 c:/isis/application/toolchain/bin/../lib/gcc/arm-none-eabi/4.7.4/../../../../arm-none-eabi/lib\libc_s.a(lib_a-mprec.o)
                0x20004770                __mcmp
 .text.__mdiff  0x200047d0      0x128 c:/isis/application/toolchain/bin/../lib/gcc/arm-none-eabi/4.7.4/../../../../arm-none-eabi/lib\libc_s.a(lib_a-mprec.o)
                0x200047d0                __mdiff
 .text.__ulp    0x200048f8       0x5c c:/isis/application/toolchain/bin/../lib/gcc/arm-none-eabi/4.7.4/../../../../arm-none-eabi/lib\libc_s.a(lib_a-mprec.o)
                0x200048f8                __ulp
 .text.__b2d    0x20004954       0xc8 c:/isis/application/toolchain/bin/../lib/gcc/arm-none-eabi/4.7.4/../../../../arm-none-eabi/lib\libc_s.a(lib_a-mprec.o)
                0x20004954                __b2d
 .text.__d2b    0x20004a1c       0xfc c:/isis/application/toolchain/bin/../lib/gcc/arm-none-eabi/4.7.4/../../../../arm-none-eabi/lib\libc_s.a(lib_a-mprec.o)
                0x20004a1c                __d2b
 .text.__ratio  0x20004b18       0x70 c:/isis/application/toolchain/bin/../lib/gcc/arm-none-eabi/4.7.4/../../../../arm-none-eabi/lib\libc_s.a(lib_a-mprec.o)
                0x20004b18                __ratio
 .text.__copybits
                0x20004b88       0x4c c:/isis/application/toolchain/bin/../lib/gcc/arm-none-eabi/4.7.4/../../../../arm-none-eabi/lib\libc_s.a(lib_a-mprec.o)
                0x20004b88                __copybits
 .text.__any_on
                0x20004bd4       0x7c c:/isis/application/toolchain/bin/../lib/gcc/arm-none-eabi/4.7.4/../../../../arm-none-eabi/lib\libc_s.a(lib_a-mprec.o)
                0x20004bd4                __any_on
 .text.__fpclassifyd
                0x20004c50       0x6c c:/isis/application/toolchain/bin/../lib/gcc/arm-none-eabi/4.7.4/../../../../arm-none-eabi/lib\libc_s.a(lib_a-s_fpclassify.o)
                0x20004c50                __fpclassifyd
 .text._sbrk_r  0x20004cbc       0x3c c:/isis/application/toolchain/bin/../lib/gcc/arm-none-eabi/4.7.4/../../../../arm-none-eabi/lib\libc_s.a(lib_a-sbrkr.o)
                0x20004cbc                _sbrk_r
 .text.nanf     0x20004cf8        0xc c:/isis/application/toolchain/bin/../lib/gcc/arm-none-eabi/4.7.4/../../../../arm-none-eabi/lib\libc_s.a(lib_a-sf_nan.o)
                0x20004cf8                nanf
 .text.sprintf  0x20004d04       0x6c c:/isis/application/toolchain/bin/../lib/gcc/arm-none-eabi/4.7.4/../../../../arm-none-eabi/lib\libc_s.a(lib_a-sprintf.o)
                0x20004d04                siprintf
                0x20004d04                sprintf
 .text.strcmp   0x20004d70       0x1c c:/isis/application/toolchain/bin/../lib/gcc/arm-none-eabi/4.7.4/../../../../arm-none-eabi/lib\libc_s.a(lib_a-strcmp.o)
                0x20004d70                strcmp
 .text.strlen   0x20004d8c       0x1c c:/isis/application/toolchain/bin/../lib/gcc/arm-none-eabi/4.7.4/../../../../arm-none-eabi/lib\libc_s.a(lib_a-strlen.o)
                0x20004d8c                strlen
 .text.match    0x20004da8       0x54 c:/isis/application/toolchain/bin/../lib/gcc/arm-none-eabi/4.7.4/../../../../arm-none-eabi/lib\libc_s.a(lib_a-strtod.o)
 .text._strtod_r
                0x20004dfc     0x1168 c:/isis/application/toolchain/bin/../lib/gcc/arm-none-eabi/4.7.4/../../../../arm-none-eabi/lib\libc_s.a(lib_a-strtod.o)
                0x20004dfc                _strtod_r
 .text._strtol_r
                0x20005f64      0x1b8 c:/isis/application/toolchain/bin/../lib/gcc/arm-none-eabi/4.7.4/../../../../arm-none-eabi/lib\libc_s.a(lib_a-strtol.o)
                0x20005f64                _strtol_r
 .text.__ssputc_r
                0x2000611c      0x10c c:/isis/application/toolchain/bin/../lib/gcc/arm-none-eabi/4.7.4/../../../../arm-none-eabi/lib\libc_s.a(lib_a-svfprintf.o)
                0x2000611c                __ssputc_r
 .text._svfprintf_r
                0x20006228      0x328 c:/isis/application/toolchain/bin/../lib/gcc/arm-none-eabi/4.7.4/../../../../arm-none-eabi/lib\libc_s.a(lib_a-svfprintf.o)
                0x20006228                _svfiprintf_r
                0x20006228                _svfprintf_r
 .text._calloc_r
                0x20006550       0x2c c:/isis/application/toolchain/bin/../lib/gcc/arm-none-eabi/4.7.4/../../../../arm-none-eabi/lib\libc_s.a(lib_a-callocr.o)
                0x20006550                _calloc_r
 .text._free_r  0x2000657c      0x108 c:/isis/application/toolchain/bin/../lib/gcc/arm-none-eabi/4.7.4/../../../../arm-none-eabi/lib\libc_s.a(lib_a-freer.o)
                0x2000657c                _free_r
 .text.rshift   0x20006684       0xb0 c:/isis/application/toolchain/bin/../lib/gcc/arm-none-eabi/4.7.4/../../../../arm-none-eabi/lib\libc_s.a(lib_a-gdtoa-gethex.o)
 .text.htinit.constprop.0
                0x20006734       0x34 c:/isis/application/toolchain/bin/../lib/gcc/arm-none-eabi/4.7.4/../../../../arm-none-eabi/lib\libc_s.a(lib_a-gdtoa-gethex.o)
 .text.__hexdig_init
                0x20006768       0x38 c:/isis/application/toolchain/bin/../lib/gcc/arm-none-eabi/4.7.4/../../../../arm-none-eabi/lib\libc_s.a(lib_a-gdtoa-gethex.o)
                0x20006768                __hexdig_init
 .text.__gethex
                0x200067a0      0x6cc c:/isis/application/toolchain/bin/../lib/gcc/arm-none-eabi/4.7.4/../../../../arm-none-eabi/lib\libc_s.a(lib_a-gdtoa-gethex.o)
                0x200067a0                __gethex
 .text.L_shift  0x20006e6c       0x38 c:/isis/application/toolchain/bin/../lib/gcc/arm-none-eabi/4.7.4/../../../../arm-none-eabi/lib\libc_s.a(lib_a-gdtoa-hexnan.o)
 .text.__hexnan
                0x20006ea4      0x1d8 c:/isis/application/toolchain/bin/../lib/gcc/arm-none-eabi/4.7.4/../../../../arm-none-eabi/lib\libc_s.a(lib_a-gdtoa-hexnan.o)
                0x20006ea4                __hexnan
 .text.memchr   0x2000707c       0x34 c:/isis/application/toolchain/bin/../lib/gcc/arm-none-eabi/4.7.4/../../../../arm-none-eabi/lib\libc_s.a(lib_a-memchr.o)
                0x2000707c                memchr
 .text.memset   0x200070b0       0x1c c:/isis/application/toolchain/bin/../lib/gcc/arm-none-eabi/4.7.4/../../../../arm-none-eabi/lib\libc_s.a(lib_a-memset.o)
                0x200070b0                memset
 .text._realloc_r
                0x200070cc       0x80 c:/isis/application/toolchain/bin/../lib/gcc/arm-none-eabi/4.7.4/../../../../arm-none-eabi/lib\libc_s.a(lib_a-reallocr.o)
                0x200070cc                _realloc_r
 .text.strncmp  0x2000714c       0x64 c:/isis/application/toolchain/bin/../lib/gcc/arm-none-eabi/4.7.4/../../../../arm-none-eabi/lib\libc_s.a(lib_a-strncmp.o)
                0x2000714c                strncmp
 .text._malloc_usable_size_r
                0x200071b0       0x1c c:/isis/application/toolchain/bin/../lib/gcc/arm-none-eabi/4.7.4/../../../../arm-none-eabi/lib\libc_s.a(lib_a-msizer.o)
                0x200071b0                _malloc_usable_size_r
 .text.GetChunkFromImage
                0x200071cc      0x2e0 ./src/sub-systemCode/payload/Request Management/Dump/Butchering.o
                0x200071cc                GetChunkFromImage
 .text.SimpleButcher
                0x200074ac       0xf4 ./src/sub-systemCode/payload/Request Management/Dump/Butchering.o
                0x200074ac                SimpleButcher
 .text.setChunkDimensions_inFRAM
                0x200075a0       0xac ./src/sub-systemCode/payload/Request Management/Dump/imageDump.o
                0x200075a0                setChunkDimensions_inFRAM
 .text.readChunkDimentionsFromFRAM
                0x2000764c       0x80 ./src/sub-systemCode/payload/Request Management/Dump/imageDump.o
                0x2000764c                readChunkDimentionsFromFRAM
 .text.find_subType_ofImage
                0x200076cc       0xe0 ./src/sub-systemCode/payload/Request Management/Dump/imageDump.o
                0x200076cc                find_subType_ofImage
 .text.buildAndSend_chunck
                0x200077ac      0x314 ./src/sub-systemCode/payload/Request Management/Dump/imageDump.o
                0x200077ac                buildAndSend_chunck
 .text.bitField_imageDump
                0x20007ac0      0x28c ./src/sub-systemCode/payload/Request Management/Dump/imageDump.o
                0x20007ac0                bitField_imageDump
 .text.thumbnail_Dump
                0x20007d4c      0x358 ./src/sub-systemCode/payload/Request Management/Dump/imageDump.o
                0x20007d4c                thumbnail_Dump
 .text.imageDataBase_Dump
                0x200080a4      0x130 ./src/sub-systemCode/payload/Request Management/Dump/imageDump.o
                0x200080a4                imageDataBase_Dump
 .text.chunkField_imageDump
                0x200081d4      0x27c ./src/sub-systemCode/payload/Request Management/Dump/imageDump.o
                0x200081d4                chunkField_imageDump
 .text.imageDump_task
                0x20008450      0x3f8 ./src/sub-systemCode/payload/Request Management/Dump/imageDump.o
                0x20008450                imageDump_task
 .text.CameraManagerTaskMain
                0x20008848       0xbc ./src/sub-systemCode/payload/Request Management/CameraManeger.o
                0x20008848                CameraManagerTaskMain
 .text.initCamera
                0x20008904       0x98 ./src/sub-systemCode/payload/Request Management/CameraManeger.o
                0x20008904                initCamera
 .text.KickStartCamera
                0x2000899c       0xb4 ./src/sub-systemCode/payload/Request Management/CameraManeger.o
                0x2000899c                KickStartCamera
 .text.addRequestToQueue
                0x20008a50       0xa8 ./src/sub-systemCode/payload/Request Management/CameraManeger.o
                0x20008a50                addRequestToQueue
 .text.removeRequestFromQueue
                0x20008af8       0x7c ./src/sub-systemCode/payload/Request Management/CameraManeger.o
                0x20008af8                removeRequestFromQueue
 .text.Take_pictures_with_time_in_between
                0x20008b74       0xa4 ./src/sub-systemCode/payload/Request Management/CameraManeger.o
                0x20008b74                Take_pictures_with_time_in_between
 .text.Gecko_TroubleShooter
                0x20008c18       0xdc ./src/sub-systemCode/payload/Request Management/CameraManeger.o
                0x20008c18                Gecko_TroubleShooter
 .text.startDumpTask
                0x20008cf4       0x70 ./src/sub-systemCode/payload/Request Management/CameraManeger.o
                0x20008cf4                startDumpTask
 .text.act_upon_request
                0x20008d64      0x304 ./src/sub-systemCode/payload/Request Management/CameraManeger.o
                0x20008d64                act_upon_request
 .text.TakePicture
                0x20009068       0x4c ./src/sub-systemCode/payload/Request Management/DB_RequestHandling.o
                0x20009068                TakePicture
 .text.TakeSpecialPicture
                0x200090b4      0x10c ./src/sub-systemCode/payload/Request Management/DB_RequestHandling.o
                0x200090b4                TakeSpecialPicture
 .text.DeletePictureFile
                0x200091c0       0x88 ./src/sub-systemCode/payload/Request Management/DB_RequestHandling.o
                0x200091c0                DeletePictureFile
 .text.DeletePicture
                0x20009248       0x68 ./src/sub-systemCode/payload/Request Management/DB_RequestHandling.o
                0x20009248                DeletePicture
 .text.TransferPicture
                0x200092b0       0x54 ./src/sub-systemCode/payload/Request Management/DB_RequestHandling.o
                0x200092b0                TransferPicture
 .text.CreateThumbnail
                0x20009304       0x90 ./src/sub-systemCode/payload/Request Management/DB_RequestHandling.o
                0x20009304                CreateThumbnail
 .text.CreateJPG
                0x20009394       0x7c ./src/sub-systemCode/payload/Request Management/DB_RequestHandling.o
                0x20009394                CreateJPG
 .text.UpdatePhotographyValues
                0x20009410       0xb4 ./src/sub-systemCode/payload/Request Management/DB_RequestHandling.o
                0x20009410                UpdatePhotographyValues
 .text.setChunkDimensions
                0x200094c4       0x64 ./src/sub-systemCode/payload/Request Management/DB_RequestHandling.o
                0x200094c4                setChunkDimensions
 .text.convert2char
                0x20009528      0x14c ./src/sub-systemCode/payload/Misc/Boolean_bit.o
                0x20009528                convert2char
 .text.convert2byte
                0x20009674      0x1c8 ./src/sub-systemCode/payload/Misc/Boolean_bit.o
                0x20009674                convert2byte
 .text.bits2byte
                0x2000983c      0x17c ./src/sub-systemCode/payload/Misc/Boolean_bit.o
                0x2000983c                bits2byte
 .text.byte2bits
                0x200099b8      0x17c ./src/sub-systemCode/payload/Misc/Boolean_bit.o
                0x200099b8                byte2bits
 .text.char2bits
                0x20009b34       0x44 ./src/sub-systemCode/payload/Misc/Boolean_bit.o
                0x20009b34                char2bits
 .text.bits2char
                0x20009b78       0x3c ./src/sub-systemCode/payload/Misc/Boolean_bit.o
                0x20009b78                bits2char
 .text.keepTryingTo_enterFS
                0x20009bb4       0x24 ./src/sub-systemCode/payload/Misc/FileSystem.o
                0x20009bb4                keepTryingTo_enterFS
 .text.releaseFS
                0x20009bd8       0x18 ./src/sub-systemCode/payload/Misc/FileSystem.o
                0x20009bd8                releaseFS
 .text.OpenFile
                0x20009bf0       0x64 ./src/sub-systemCode/payload/Misc/FileSystem.o
                0x20009bf0                OpenFile
 .text.CloseFile
                0x20009c54       0x4c ./src/sub-systemCode/payload/Misc/FileSystem.o
                0x20009c54                CloseFile
 .text.DeleteFile
                0x20009ca0       0x60 ./src/sub-systemCode/payload/Misc/FileSystem.o
                0x20009ca0                DeleteFile
 .text.ReadFromFile
                0x20009d00       0x7c ./src/sub-systemCode/payload/Misc/FileSystem.o
                0x20009d00                ReadFromFile
 .text.WriteToFile
                0x20009d7c       0xb4 ./src/sub-systemCode/payload/Misc/FileSystem.o
                0x20009d7c                WriteToFile
 .text.Initialized_GPIO
                0x20009e30       0x54 ./src/sub-systemCode/payload/Drivers/GeckoCameraDriver.o
                0x20009e30                Initialized_GPIO
 .text.TurnOnGecko
                0x20009e84      0x128 ./src/sub-systemCode/payload/Drivers/GeckoCameraDriver.o
                0x20009e84                TurnOnGecko
 .text.TurnOffGecko
                0x20009fac       0xc0 ./src/sub-systemCode/payload/Drivers/GeckoCameraDriver.o
                0x20009fac                TurnOffGecko
 .text.initGecko
                0x2000a06c       0x3c ./src/sub-systemCode/payload/Drivers/GeckoCameraDriver.o
                0x2000a06c                initGecko
 .text.GECKO_TakeImage
                0x2000a0a8      0x2c4 ./src/sub-systemCode/payload/Drivers/GeckoCameraDriver.o
                0x2000a0a8                GECKO_TakeImage
 .text.GECKO_ReadImage
                0x2000a36c      0x1f8 ./src/sub-systemCode/payload/Drivers/GeckoCameraDriver.o
                0x2000a36c                GECKO_ReadImage
 .text.GECKO_EraseBlock
                0x2000a564       0xc0 ./src/sub-systemCode/payload/Drivers/GeckoCameraDriver.o
                0x2000a564                GECKO_EraseBlock
 .text.getFileName
                0x2000a624      0x1a0 ./src/sub-systemCode/payload/DataBase/DataBase.o
 .text.zeroImageDataBase
                0x2000a7c4       0x84 ./src/sub-systemCode/payload/DataBase/DataBase.o
                0x2000a7c4                zeroImageDataBase
 .text.updateGeneralDataBaseParameters
                0x2000a848       0x5c ./src/sub-systemCode/payload/DataBase/DataBase.o
                0x2000a848                updateGeneralDataBaseParameters
 .text.SearchDataBase_byID
                0x2000a8a4      0x220 ./src/sub-systemCode/payload/DataBase/DataBase.o
                0x2000a8a4                SearchDataBase_byID
 .text.checkForFileType
                0x2000aac4       0x68 ./src/sub-systemCode/payload/DataBase/DataBase.o
                0x2000aac4                checkForFileType
 .text.updateFileTypes
                0x2000ab2c       0xbc ./src/sub-systemCode/payload/DataBase/DataBase.o
                0x2000ab2c                updateFileTypes
 .text.GetImageFactor
                0x2000abe8       0x58 ./src/sub-systemCode/payload/DataBase/DataBase.o
                0x2000abe8                GetImageFactor
 .text.readImageFromBuffer
                0x2000ac40      0x12c ./src/sub-systemCode/payload/DataBase/DataBase.o
                0x2000ac40                readImageFromBuffer
 .text.saveImageToBuffer
                0x2000ad6c      0x12c ./src/sub-systemCode/payload/DataBase/DataBase.o
                0x2000ad6c                saveImageToBuffer
 .text.getDataBaseStart
                0x2000ae98       0x20 ./src/sub-systemCode/payload/DataBase/DataBase.o
                0x2000ae98                getDataBaseStart
 .text.setDataBaseValues
                0x2000aeb8      0x1d8 ./src/sub-systemCode/payload/DataBase/DataBase.o
                0x2000aeb8                setDataBaseValues
 .text.initImageDataBase
                0x2000b090      0x1b0 ./src/sub-systemCode/payload/DataBase/DataBase.o
                0x2000b090                initImageDataBase
 .text.resetImageDataBase
                0x2000b240       0x98 ./src/sub-systemCode/payload/DataBase/DataBase.o
                0x2000b240                resetImageDataBase
 .text.setCameraPhotographyValues
                0x2000b2d8      0x10c ./src/sub-systemCode/payload/DataBase/DataBase.o
                0x2000b2d8                setCameraPhotographyValues
 .text.transferImageToSD_withoutSearch
                0x2000b3e4      0x144 ./src/sub-systemCode/payload/DataBase/DataBase.o
                0x2000b3e4                transferImageToSD_withoutSearch
 .text.transferImageToSD
                0x2000b528       0xb4 ./src/sub-systemCode/payload/DataBase/DataBase.o
                0x2000b528                transferImageToSD
 .text.DeleteImageFromOBC_withoutSearch
                0x2000b5dc       0xe0 ./src/sub-systemCode/payload/DataBase/DataBase.o
                0x2000b5dc                DeleteImageFromOBC_withoutSearch
 .text.DeleteImageFromOBC
                0x2000b6bc       0xb4 ./src/sub-systemCode/payload/DataBase/DataBase.o
                0x2000b6bc                DeleteImageFromOBC
 .text.DeleteImageFromPayload
                0x2000b770      0x24c ./src/sub-systemCode/payload/DataBase/DataBase.o
                0x2000b770                DeleteImageFromPayload
 .text.clearImageDataBase
                0x2000b9bc      0x114 ./src/sub-systemCode/payload/DataBase/DataBase.o
                0x2000b9bc                clearImageDataBase
 .text.writeNewImageMetaDataToFRAM
                0x2000bad0      0x234 ./src/sub-systemCode/payload/DataBase/DataBase.o
                0x2000bad0                writeNewImageMetaDataToFRAM
 .text.takePicture
                0x2000bd04      0x31c ./src/sub-systemCode/payload/DataBase/DataBase.o
                0x2000bd04                takePicture
 .text.takePicture_withSpecialParameters
                0x2000c020       0xbc ./src/sub-systemCode/payload/DataBase/DataBase.o
                0x2000c020                takePicture_withSpecialParameters
 .text.GetImageFileName
                0x2000c0dc       0xc0 ./src/sub-systemCode/payload/DataBase/DataBase.o
                0x2000c0dc                GetImageFileName
 .text.getImageDataBaseBuffer
                0x2000c19c      0x3fc ./src/sub-systemCode/payload/DataBase/DataBase.o
                0x2000c19c                getImageDataBaseBuffer
 .text.get_ID_list_withDefaltThumbnail
                0x2000c598      0x180 ./src/sub-systemCode/payload/DataBase/DataBase.o
                0x2000c598                get_ID_list_withDefaltThumbnail
 .text.TransformRawToBMP
                0x2000c718      0x1a8 ./src/sub-systemCode/payload/Compression/jpeg/bmp/rawToBMP.o
                0x2000c718                TransformRawToBMP
 .text.interpolate
                0x2000c8c0      0x8d0 ./src/sub-systemCode/payload/Compression/jpeg/bmp/rawToBMP.o
                0x2000c8c0                interpolate
 .text.getInputAt
                0x2000d190      0x308 ./src/sub-systemCode/payload/Compression/jpeg/bmp/rawToBMP.o
                0x2000d190                getInputAt
 .text.f_writeF_FILEHeader
                0x2000d498      0x2f0 ./src/sub-systemCode/payload/Compression/jpeg/bmp/rawToBMP.o
                0x2000d498                f_writeF_FILEHeader
 .text.f_writeOutputRow
                0x2000d788       0xbc ./src/sub-systemCode/payload/Compression/jpeg/bmp/rawToBMP.o
                0x2000d788                f_writeOutputRow
 .text.dct      0x2000d844      0x9c4 ./src/sub-systemCode/payload/Compression/jpeg/DCT.o
                0x2000d844                dct
 .text.JPEG_compressor
                0x2000e208      0x108 ./src/sub-systemCode/payload/Compression/jpeg/ImgCompressor.o
                0x2000e208                JPEG_compressor
 .text.Create_BMP_File
                0x2000e310       0xfc ./src/sub-systemCode/payload/Compression/jpeg/ImgCompressor.o
                0x2000e310                Create_BMP_File
 .text.CompressImage
                0x2000e40c      0x1b4 ./src/sub-systemCode/payload/Compression/jpeg/ImgCompressor.o
                0x2000e40c                CompressImage
 .text.clamp    0x2000e5c0       0x60 ./src/sub-systemCode/payload/Compression/jpeg/color_conv.o
                0x2000e5c0                clamp
 .text.RGB_to_YCC
                0x2000e620      0x1a8 ./src/sub-systemCode/payload/Compression/jpeg/color_conv.o
                0x2000e620                RGB_to_YCC
 .text.RGB_to_Y
                0x2000e7c8       0xc4 ./src/sub-systemCode/payload/Compression/jpeg/color_conv.o
                0x2000e7c8                RGB_to_Y
 .text.Y_to_YCC
                0x2000e88c       0x88 ./src/sub-systemCode/payload/Compression/jpeg/color_conv.o
                0x2000e88c                Y_to_YCC
 .text.compress_image_to_jpeg_file
                0x2000e914      0x18c ./src/sub-systemCode/payload/Compression/jpeg/jpeg.o
                0x2000e914                compress_image_to_jpeg_file
 .text.emit_marker
                0x2000eaa0       0xc8 ./src/sub-systemCode/payload/Compression/jpeg/jpeg_encoder.o
                0x2000eaa0                emit_marker
 .text.emit_byte
                0x2000eb68       0x6c ./src/sub-systemCode/payload/Compression/jpeg/jpeg_encoder.o
                0x2000eb68                emit_byte
 .text.emit_word
                0x2000ebd4       0xd0 ./src/sub-systemCode/payload/Compression/jpeg/jpeg_encoder.o
                0x2000ebd4                emit_word
 .text.emit_jfif_app0
                0x2000eca4       0xc0 ./src/sub-systemCode/payload/Compression/jpeg/jpeg_encoder.o
                0x2000eca4                emit_jfif_app0
 .text.emit_dqt
                0x2000ed64       0xd8 ./src/sub-systemCode/payload/Compression/jpeg/jpeg_encoder.o
                0x2000ed64                emit_dqt
 .text.emit_sof
                0x2000ee3c      0x14c ./src/sub-systemCode/payload/Compression/jpeg/jpeg_encoder.o
                0x2000ee3c                emit_sof
 .text.emit_dht
                0x2000ef88      0x138 ./src/sub-systemCode/payload/Compression/jpeg/jpeg_encoder.o
                0x2000ef88                emit_dht
 .text.emit_dhts
                0x2000f0c0       0xd8 ./src/sub-systemCode/payload/Compression/jpeg/jpeg_encoder.o
                0x2000f0c0                emit_dhts
 .text.emit_sos
                0x2000f198       0xec ./src/sub-systemCode/payload/Compression/jpeg/jpeg_encoder.o
                0x2000f198                emit_sos
 .text.emit_markers
                0x2000f284       0x4c ./src/sub-systemCode/payload/Compression/jpeg/jpeg_encoder.o
                0x2000f284                emit_markers
 .text.compute_huffman_table
                0x2000f2d0      0x334 ./src/sub-systemCode/payload/Compression/jpeg/jpeg_encoder.o
                0x2000f2d0                compute_huffman_table
 .text.compute_quant_table
                0x2000f604      0x11c ./src/sub-systemCode/payload/Compression/jpeg/jpeg_encoder.o
                0x2000f604                compute_quant_table
 .text.first_pass_init
                0x2000f720       0x54 ./src/sub-systemCode/payload/Compression/jpeg/jpeg_encoder.o
                0x2000f720                first_pass_init
 .text.second_pass_init
                0x2000f774      0x110 ./src/sub-systemCode/payload/Compression/jpeg/jpeg_encoder.o
                0x2000f774                second_pass_init
 .text.jpg_open
                0x2000f884      0x7b4 ./src/sub-systemCode/payload/Compression/jpeg/jpeg_encoder.o
                0x2000f884                jpg_open
 .text.load_block_8_8_grey
                0x20010038      0x164 ./src/sub-systemCode/payload/Compression/jpeg/jpeg_encoder.o
                0x20010038                load_block_8_8_grey
 .text.load_block_8_8
                0x2001019c      0x198 ./src/sub-systemCode/payload/Compression/jpeg/jpeg_encoder.o
                0x2001019c                load_block_8_8
 .text.load_block_16_8
                0x20010334      0x3cc ./src/sub-systemCode/payload/Compression/jpeg/jpeg_encoder.o
                0x20010334                load_block_16_8
 .text.load_block_16_8_8
                0x20010700      0x2a8 ./src/sub-systemCode/payload/Compression/jpeg/jpeg_encoder.o
                0x20010700                load_block_16_8_8
 .text.load_coefficients
                0x200109a8      0x1c8 ./src/sub-systemCode/payload/Compression/jpeg/jpeg_encoder.o
                0x200109a8                load_coefficients
 .text.flush_output_buffer
                0x20010b70       0xa0 ./src/sub-systemCode/payload/Compression/jpeg/jpeg_encoder.o
                0x20010b70                flush_output_buffer
 .text.put_bits
                0x20010c10      0x170 ./src/sub-systemCode/payload/Compression/jpeg/jpeg_encoder.o
                0x20010c10                put_bits
 .text.code_coefficients_pass_two
                0x20010d80      0x338 ./src/sub-systemCode/payload/Compression/jpeg/jpeg_encoder.o
                0x20010d80                code_coefficients_pass_two
 .text.code_block
                0x200110b8       0x44 ./src/sub-systemCode/payload/Compression/jpeg/jpeg_encoder.o
                0x200110b8                code_block
 .text.process_mcu_row
                0x200110fc      0x328 ./src/sub-systemCode/payload/Compression/jpeg/jpeg_encoder.o
                0x200110fc                process_mcu_row
 .text.terminate_pass_two
                0x20011424       0x44 ./src/sub-systemCode/payload/Compression/jpeg/jpeg_encoder.o
                0x20011424                terminate_pass_two
 .text.process_end_of_image
                0x20011468       0xc0 ./src/sub-systemCode/payload/Compression/jpeg/jpeg_encoder.o
                0x20011468                process_end_of_image
 .text.load_mcu
                0x20011528      0x29c ./src/sub-systemCode/payload/Compression/jpeg/jpeg_encoder.o
                0x20011528                load_mcu
 .text.clear    0x200117c4      0x1e0 ./src/sub-systemCode/payload/Compression/jpeg/jpeg_encoder.o
                0x200117c4                clear
 .text.init     0x200119a4       0xe4 ./src/sub-systemCode/payload/Compression/jpeg/jpeg_encoder.o
                0x200119a4                init
 .text.deinit   0x20011a88      0x160 ./src/sub-systemCode/payload/Compression/jpeg/jpeg_encoder.o
                0x20011a88                deinit
 .text.process_scanline
                0x20011be8       0x6c ./src/sub-systemCode/payload/Compression/jpeg/jpeg_encoder.o
                0x20011be8                process_scanline
 .text.jpge_malloc
                0x20011c54       0x28 ./src/sub-systemCode/payload/Compression/jpeg/jpeg_memory_alloc.o
                0x20011c54                jpge_malloc
 .text.jpge_cmalloc
                0x20011c7c       0x48 ./src/sub-systemCode/payload/Compression/jpeg/jpeg_memory_alloc.o
                0x20011c7c                jpge_cmalloc
 .text.jpge_free
                0x20011cc4       0x24 ./src/sub-systemCode/payload/Compression/jpeg/jpeg_memory_alloc.o
                0x20011cc4                jpge_free
 .text.check    0x20011ce8       0x78 ./src/sub-systemCode/payload/Compression/jpeg/jpeg_params.o
                0x20011ce8                check
 .text.open_jpeg_file
                0x20011d60       0xfc ./src/sub-systemCode/payload/Compression/jpeg/output_stream.o
                0x20011d60                open_jpeg_file
 .text.close_jpeg_file
                0x20011e5c      0x118 ./src/sub-systemCode/payload/Compression/jpeg/output_stream.o
                0x20011e5c                close_jpeg_file
 .text.put_buf  0x20011f74      0x258 ./src/sub-systemCode/payload/Compression/jpeg/output_stream.o
                0x20011f74                put_buf
 .text.GetBinnedPixel
                0x200121cc       0xe8 ./src/sub-systemCode/payload/Compression/ImageConversion.o
 .text.BinImage
                0x200122b4      0x2c8 ./src/sub-systemCode/payload/Compression/ImageConversion.o
                0x200122b4                BinImage
 .text.ImageSkipping
                0x2001257c      0x2ac ./src/sub-systemCode/payload/Compression/ImageConversion.o
                0x2001257c                ImageSkipping
 .text.CreateImageThumbnail_withoutSearch
                0x20012828      0x14c ./src/sub-systemCode/payload/Compression/ImageConversion.o
                0x20012828                CreateImageThumbnail_withoutSearch
 .text.CreateImageThumbnail
                0x20012974       0x94 ./src/sub-systemCode/payload/Compression/ImageConversion.o
                0x20012974                CreateImageThumbnail
 .text.compressImage
                0x20012a08      0x12c ./src/sub-systemCode/payload/Compression/ImageConversion.o
                0x20012a08                compressImage
 .text.cmd_mute
                0x20012b34       0xc4 ./src/sub-systemCode/Main/CMD/COMM_CMD.o
                0x20012b34                cmd_mute
 .text.cmd_unmute
                0x20012bf8       0x50 ./src/sub-systemCode/Main/CMD/COMM_CMD.o
                0x20012bf8                cmd_unmute
 .text.cmd_active_trans
                0x20012c48       0xc0 ./src/sub-systemCode/Main/CMD/COMM_CMD.o
                0x20012c48                cmd_active_trans
 .text.cmd_shut_trans
                0x20012d08       0x38 ./src/sub-systemCode/Main/CMD/COMM_CMD.o
                0x20012d08                cmd_shut_trans
 .text.cmd_change_trans_rssi
                0x20012d40      0x100 ./src/sub-systemCode/Main/CMD/COMM_CMD.o
                0x20012d40                cmd_change_trans_rssi
 .text.cmd_aprs_dump
                0x20012e40       0x50 ./src/sub-systemCode/Main/CMD/COMM_CMD.o
                0x20012e40                cmd_aprs_dump
 .text.cmd_stop_dump
                0x20012e90       0x38 ./src/sub-systemCode/Main/CMD/COMM_CMD.o
                0x20012e90                cmd_stop_dump
 .text.cmd_time_frequency
                0x20012ec8       0xc0 ./src/sub-systemCode/Main/CMD/COMM_CMD.o
                0x20012ec8                cmd_time_frequency
 .text.cmd_change_def_bit_rate
                0x20012f88      0x158 ./src/sub-systemCode/Main/CMD/COMM_CMD.o
                0x20012f88                cmd_change_def_bit_rate
 .text.cmd_upload_volt_logic
                0x200130e0      0x3d0 ./src/sub-systemCode/Main/CMD/EPS_CMD.o
                0x200130e0                cmd_upload_volt_logic
 .text.cmd_upload_volt_COMM
                0x200134b0      0x1c8 ./src/sub-systemCode/Main/CMD/EPS_CMD.o
                0x200134b0                cmd_upload_volt_COMM
 .text.cmd_heater_temp
                0x20013678       0xc0 ./src/sub-systemCode/Main/CMD/EPS_CMD.o
                0x20013678                cmd_heater_temp
 .text.cmd_SHUT_CAM
                0x20013738       0x6c ./src/sub-systemCode/Main/CMD/EPS_CMD.o
                0x20013738                cmd_SHUT_CAM
 .text.cmd_SHUT_ADCS
                0x200137a4       0x6c ./src/sub-systemCode/Main/CMD/EPS_CMD.o
                0x200137a4                cmd_SHUT_ADCS
 .text.cmd_allow_CAM
                0x20013810       0x6c ./src/sub-systemCode/Main/CMD/EPS_CMD.o
                0x20013810                cmd_allow_CAM
 .text.cmd_allow_ADCS
                0x2001387c       0x6c ./src/sub-systemCode/Main/CMD/EPS_CMD.o
                0x2001387c                cmd_allow_ADCS
 .text.cmd_generic_I2C
                0x200138e8       0xb4 ./src/sub-systemCode/Main/CMD/General_CMD.o
                0x200138e8                cmd_generic_I2C
 .text.cmd_dump
                0x2001399c       0xf0 ./src/sub-systemCode/Main/CMD/General_CMD.o
                0x2001399c                cmd_dump
 .text.cmd_delete_TM
                0x20013a8c      0x1dc ./src/sub-systemCode/Main/CMD/General_CMD.o
                0x20013a8c                cmd_delete_TM
 .text.cmd_reset_file
                0x20013c68      0x110 ./src/sub-systemCode/Main/CMD/General_CMD.o
                0x20013c68                cmd_reset_file
 .text.cmd_dummy_func
                0x20013d78       0x40 ./src/sub-systemCode/Main/CMD/General_CMD.o
                0x20013d78                cmd_dummy_func
 .text.cmd_soft_reset_cmponent
                0x20013db8       0xb0 ./src/sub-systemCode/Main/CMD/General_CMD.o
                0x20013db8                cmd_soft_reset_cmponent
 .text.cmd_hard_reset_cmponent
                0x20013e68       0xb0 ./src/sub-systemCode/Main/CMD/General_CMD.o
                0x20013e68                cmd_hard_reset_cmponent
 .text.cmd_reset_satellite
                0x20013f18       0x78 ./src/sub-systemCode/Main/CMD/General_CMD.o
                0x20013f18                cmd_reset_satellite
 .text.cmd_gracefull_reset_satellite
                0x20013f90       0x78 ./src/sub-systemCode/Main/CMD/General_CMD.o
                0x20013f90                cmd_gracefull_reset_satellite
 .text.cmd_upload_time
                0x20014008       0xb0 ./src/sub-systemCode/Main/CMD/General_CMD.o
                0x20014008                cmd_upload_time
 .text.cmd_ARM_DIARM
                0x200140b8       0xd4 ./src/sub-systemCode/Main/CMD/General_CMD.o
                0x200140b8                cmd_ARM_DIARM
 .text.cmd_get_onlineTM
                0x2001418c       0xb8 ./src/sub-systemCode/Main/CMD/General_CMD.o
                0x2001418c                cmd_get_onlineTM
 .text.cmd_reset_off_line
                0x20014244       0x68 ./src/sub-systemCode/Main/CMD/General_CMD.o
                0x20014244                cmd_reset_off_line
 .text.cmd_add_item_off_line
                0x200142ac       0xf0 ./src/sub-systemCode/Main/CMD/General_CMD.o
                0x200142ac                cmd_add_item_off_line
 .text.cmd_reset_delayed_command_list
                0x2001439c       0x3c ./src/sub-systemCode/Main/CMD/SW_CMD.o
                0x2001439c                cmd_reset_delayed_command_list
 .text.cmd_reset_APRS_list
                0x200143d8       0x3c ./src/sub-systemCode/Main/CMD/SW_CMD.o
                0x200143d8                cmd_reset_APRS_list
 .text.cmd_reset_FRAM
                0x20014414       0xe8 ./src/sub-systemCode/Main/CMD/SW_CMD.o
                0x20014414                cmd_reset_FRAM
 .text.ARM_ants
                0x200144fc       0xb8 ./src/sub-systemCode/Main/Ants.o
                0x200144fc                ARM_ants
 .text.DISARM_ants
                0x200145b4       0xb8 ./src/sub-systemCode/Main/Ants.o
                0x200145b4                DISARM_ants
 .text.round_vol
                0x2001466c      0x124 ./src/sub-systemCode/Main/EPS.o
                0x2001466c                round_vol
 .text.get_shut_ADCS
                0x20014790       0x48 ./src/sub-systemCode/Main/EPS.o
                0x20014790                get_shut_ADCS
 .text.shut_ADCS
                0x200147d8       0x44 ./src/sub-systemCode/Main/EPS.o
                0x200147d8                shut_ADCS
 .text.get_shut_CAM
                0x2001481c       0x48 ./src/sub-systemCode/Main/EPS.o
                0x2001481c                get_shut_CAM
 .text.shut_CAM
                0x20014864       0x44 ./src/sub-systemCode/Main/EPS.o
                0x20014864                shut_CAM
 .text.update_powerLines
                0x200148a8       0xec ./src/sub-systemCode/Main/EPS.o
                0x200148a8                update_powerLines
 .text.init_enterMode
                0x20014994       0x88 ./src/sub-systemCode/Main/EPS.o
                0x20014994                init_enterMode
 .text.EPS_Init
                0x20014a1c      0x1c8 ./src/sub-systemCode/Main/EPS.o
                0x20014a1c                EPS_Init
 .text.reset_FRAM_EPS
                0x20014be4       0xa4 ./src/sub-systemCode/Main/EPS.o
                0x20014be4                reset_FRAM_EPS
 .text.reset_EPS_voltages
                0x20014c88       0xbc ./src/sub-systemCode/Main/EPS.o
                0x20014c88                reset_EPS_voltages
 .text.EPS_Conditioning
                0x20014d44      0x158 ./src/sub-systemCode/Main/EPS.o
                0x20014d44                EPS_Conditioning
 .text.overRide_ADCS
                0x20014e9c       0x50 ./src/sub-systemCode/Main/EPS.o
                0x20014e9c                overRide_ADCS
 .text.overRide_Camera
                0x20014eec       0x38 ./src/sub-systemCode/Main/EPS.o
                0x20014eec                overRide_Camera
 .text.EnterFullMode
                0x20014f24       0xfc ./src/sub-systemCode/Main/EPS.o
                0x20014f24                EnterFullMode
 .text.EnterCruiseMode
                0x20015020       0xec ./src/sub-systemCode/Main/EPS.o
                0x20015020                EnterCruiseMode
 .text.EnterSafeMode
                0x2001510c       0xec ./src/sub-systemCode/Main/EPS.o
                0x2001510c                EnterSafeMode
 .text.EnterCriticalMode
                0x200151f8       0xd8 ./src/sub-systemCode/Main/EPS.o
                0x200151f8                EnterCriticalMode
 .text.find_fileName
                0x200152d0      0x5e4 ./src/sub-systemCode/Main/HouseKeeping.o
                0x200152d0                find_fileName
 .text.size_of_element
                0x200158b4      0x108 ./src/sub-systemCode/Main/HouseKeeping.o
                0x200158b4                size_of_element
 .text.save_ACK
                0x200159bc       0xc0 ./src/sub-systemCode/Main/HouseKeeping.o
                0x200159bc                save_ACK
 .text.set_GP_EPS
                0x20015a7c      0x10c ./src/sub-systemCode/Main/HouseKeeping.o
                0x20015a7c                set_GP_EPS
 .text.set_GP_COMM
                0x20015b88       0x88 ./src/sub-systemCode/Main/HouseKeeping.o
                0x20015b88                set_GP_COMM
 .text.SP_HK_collect
                0x20015c10      0x17c ./src/sub-systemCode/Main/HouseKeeping.o
                0x20015c10                SP_HK_collect
 .text.EPS_HK_collect
                0x20015d8c      0x4d8 ./src/sub-systemCode/Main/HouseKeeping.o
                0x20015d8c                EPS_HK_collect
 .text.CAM_HK_collect
                0x20016264      0x91c ./src/sub-systemCode/Main/HouseKeeping.o
                0x20016264                CAM_HK_collect
 .text.COMM_HK_collect
                0x20016b80      0x154 ./src/sub-systemCode/Main/HouseKeeping.o
                0x20016b80                COMM_HK_collect
 .text.COMM_create_file
                0x20016cd4       0x74 ./src/sub-systemCode/Main/HouseKeeping.o
                0x20016cd4                COMM_create_file
 .text.ACK_create_file
                0x20016d48       0x74 ./src/sub-systemCode/Main/HouseKeeping.o
                0x20016d48                ACK_create_file
 .text.EPS_create_file
                0x20016dbc       0x74 ./src/sub-systemCode/Main/HouseKeeping.o
                0x20016dbc                EPS_create_file
 .text.CAM_create_file
                0x20016e30       0x54 ./src/sub-systemCode/Main/HouseKeeping.o
                0x20016e30                CAM_create_file
 .text.SP_create_file
                0x20016e84       0x54 ./src/sub-systemCode/Main/HouseKeeping.o
                0x20016e84                SP_create_file
 .text.create_files
                0x20016ed8       0x48 ./src/sub-systemCode/Main/HouseKeeping.o
                0x20016ed8                create_files
 .text.save_SP_HK
                0x20016f20       0x70 ./src/sub-systemCode/Main/HouseKeeping.o
                0x20016f20                save_SP_HK
 .text.save_EPS_HK
                0x20016f90       0x70 ./src/sub-systemCode/Main/HouseKeeping.o
                0x20016f90                save_EPS_HK
 .text.save_CAM_HK
                0x20017000       0x84 ./src/sub-systemCode/Main/HouseKeeping.o
                0x20017000                save_CAM_HK
 .text.save_COMM_HK
                0x20017084       0x70 ./src/sub-systemCode/Main/HouseKeeping.o
                0x20017084                save_COMM_HK
 .text.EPS_HK_raw_BigEnE
                0x200170f4      0x194 ./src/sub-systemCode/Main/HouseKeeping.o
                0x200170f4                EPS_HK_raw_BigEnE
 .text.CAM_HK_raw_BigEnE
                0x20017288      0x194 ./src/sub-systemCode/Main/HouseKeeping.o
                0x20017288                CAM_HK_raw_BigEnE
 .text.COMM_HK_raw_BigEnE
                0x2001741c      0x194 ./src/sub-systemCode/Main/HouseKeeping.o
                0x2001741c                COMM_HK_raw_BigEnE
 .text.ADCS_HK_raw_BigEnE
                0x200175b0      0x194 ./src/sub-systemCode/Main/HouseKeeping.o
                0x200175b0                ADCS_HK_raw_BigEnE
 .text.ADCS_SC_raw_BigEnE
                0x20017744      0x188 ./src/sub-systemCode/Main/HouseKeeping.o
                0x20017744                ADCS_SC_raw_BigEnE
 .text.build_HK_spl_packet
                0x200178cc      0xa2c ./src/sub-systemCode/Main/HouseKeeping.o
                0x200178cc                build_HK_spl_packet
 .text.HouseKeeping_highRate_Task
                0x200182f8       0x78 ./src/sub-systemCode/Main/HouseKeeping.o
                0x200182f8                HouseKeeping_highRate_Task
 .text.HouseKeeping_lowRate_Task
                0x20018370       0x74 ./src/sub-systemCode/Main/HouseKeeping.o
                0x20018370                HouseKeeping_lowRate_Task
 .text.reset_FIRST_activation
                0x200183e4       0x34 ./src/sub-systemCode/Main/Main_Init.o
                0x200183e4                reset_FIRST_activation
 .text.test_menu
                0x20018418       0xb4 ./src/sub-systemCode/Main/Main_Init.o
                0x20018418                test_menu
 .text.numberOfRestarts
                0x200184cc       0x94 ./src/sub-systemCode/Main/Main_Init.o
                0x200184cc                numberOfRestarts
 .text.StartFRAM
                0x20018560       0x38 ./src/sub-systemCode/Main/Main_Init.o
                0x20018560                StartFRAM
 .text.StartI2C
                0x20018598       0x44 ./src/sub-systemCode/Main/Main_Init.o
                0x20018598                StartI2C
 .text.StartSPI
                0x200185dc       0x40 ./src/sub-systemCode/Main/Main_Init.o
                0x200185dc                StartSPI
 .text.StartTIME
                0x2001861c      0x118 ./src/sub-systemCode/Main/Main_Init.o
                0x2001861c                StartTIME
 .text.first_activation
                0x20018734       0x78 ./src/sub-systemCode/Main/Main_Init.o
                0x20018734                first_activation
 .text.resetSD  0x200187ac       0xc4 ./src/sub-systemCode/Main/Main_Init.o
                0x200187ac                resetSD
 .text.InitSubsystems
                0x20018870       0x84 ./src/sub-systemCode/Main/Main_Init.o
                0x20018870                InitSubsystems
 .text.SubSystemTaskStart
                0x200188f4       0xec ./src/sub-systemCode/Main/Main_Init.o
                0x200188f4                SubSystemTaskStart
 .text.copy_command
                0x200189e0       0x80 ./src/sub-systemCode/Main/commands.o
                0x200189e0                copy_command
 .text.reset_command
                0x20018a60       0x28 ./src/sub-systemCode/Main/commands.o
                0x20018a60                reset_command
 .text.init_command
                0x20018a88       0xd4 ./src/sub-systemCode/Main/commands.o
                0x20018a88                init_command
 .text.add_command
                0x20018b5c      0x138 ./src/sub-systemCode/Main/commands.o
                0x20018b5c                add_command
 .text.get_command
                0x20018c94      0x1cc ./src/sub-systemCode/Main/commands.o
                0x20018c94                get_command
 .text.act_upon_command
                0x20018e60      0x240 ./src/sub-systemCode/Main/commands.o
                0x20018e60                act_upon_command
 .text.cmd_error
                0x200190a0       0x38 ./src/sub-systemCode/Main/commands.o
                0x200190a0                cmd_error
 .text.AUC_COMM
                0x200190d8      0x25c ./src/sub-systemCode/Main/commands.o
                0x200190d8                AUC_COMM
 .text.AUC_general
                0x20019334      0x17c ./src/sub-systemCode/Main/commands.o
                0x20019334                AUC_general
 .text.AUC_payload
                0x200194b0      0x214 ./src/sub-systemCode/Main/commands.o
                0x200194b0                AUC_payload
 .text.AUC_EPS  0x200196c4      0x248 ./src/sub-systemCode/Main/commands.o
                0x200196c4                AUC_EPS
 .text.AUC_ADCS
                0x2001990c       0x5c ./src/sub-systemCode/Main/commands.o
                0x2001990c                AUC_ADCS
 .text.AUC_GS   0x20019968      0x1fc ./src/sub-systemCode/Main/commands.o
                0x20019968                AUC_GS
 .text.AUC_SW   0x20019b64       0xe4 ./src/sub-systemCode/Main/commands.o
                0x20019b64                AUC_SW
 .text.AUC_onlineTM
                0x20019c48      0x16c ./src/sub-systemCode/Main/commands.o
                0x20019c48                AUC_onlineTM
 .text.AUC_special_operation
                0x20019db4       0x8c ./src/sub-systemCode/Main/commands.o
                0x20019db4                AUC_special_operation
 .text.check_int
                0x20019e40       0x3c ./src/sub-systemCode/Global/Global.o
                0x20019e40                check_int
 .text.check_portBASE_TYPE
                0x20019e7c       0x3c ./src/sub-systemCode/Global/Global.o
                0x20019e7c                check_portBASE_TYPE
 .text.soft_reset_subsystem
                0x20019eb8       0xd8 ./src/sub-systemCode/Global/Global.o
                0x20019eb8                soft_reset_subsystem
 .text.hard_reset_subsystem
                0x20019f90       0xfc ./src/sub-systemCode/Global/Global.o
                0x20019f90                hard_reset_subsystem
 .text.BigEnE_raw_to_uInt
                0x2001a08c       0x94 ./src/sub-systemCode/Global/Global.o
                0x2001a08c                BigEnE_raw_to_uInt
 .text.BigEnE_raw_to_uShort
                0x2001a120       0x50 ./src/sub-systemCode/Global/Global.o
                0x2001a120                BigEnE_raw_to_uShort
 .text.BigEnE_uInt_to_raw
                0x2001a170       0x78 ./src/sub-systemCode/Global/Global.o
                0x2001a170                BigEnE_uInt_to_raw
 .text.reset_FRAM_MAIN
                0x2001a1e8      0x19c ./src/sub-systemCode/Global/Global.o
                0x2001a1e8                reset_FRAM_MAIN
 .text.getBitValueByIndex
                0x2001a384       0xd0 ./src/sub-systemCode/Global/Global.o
                0x2001a384                getBitValueByIndex
 .text.init_GP  0x2001a454      0x300 ./src/sub-systemCode/Global/GlobalParam.o
                0x2001a454                init_GP
 .text.get_system_state
                0x2001a754      0x268 ./src/sub-systemCode/Global/GlobalParam.o
                0x2001a754                get_system_state
 .text.set_system_state
                0x2001a9bc      0x298 ./src/sub-systemCode/Global/GlobalParam.o
                0x2001a9bc                set_system_state
 .text.get_current_global_param
                0x2001ac54      0x5c8 ./src/sub-systemCode/Global/GlobalParam.o
                0x2001ac54                get_current_global_param
 .text.set_Vbatt
                0x2001b21c       0x8c ./src/sub-systemCode/Global/GlobalParam.o
                0x2001b21c                set_Vbatt
 .text.get_Vbatt
                0x2001b2a8       0x8c ./src/sub-systemCode/Global/GlobalParam.o
                0x2001b2a8                get_Vbatt
 .text.set_curBat
                0x2001b334       0x8c ./src/sub-systemCode/Global/GlobalParam.o
                0x2001b334                set_curBat
 .text.set_cur3V3
                0x2001b3c0       0x8c ./src/sub-systemCode/Global/GlobalParam.o
                0x2001b3c0                set_cur3V3
 .text.set_cur5V
                0x2001b44c       0x8c ./src/sub-systemCode/Global/GlobalParam.o
                0x2001b44c                set_cur5V
 .text.set_tempComm_LO
                0x2001b4d8       0x8c ./src/sub-systemCode/Global/GlobalParam.o
                0x2001b4d8                set_tempComm_LO
 .text.set_tempComm_PA
                0x2001b564       0x8c ./src/sub-systemCode/Global/GlobalParam.o
                0x2001b564                set_tempComm_PA
 .text.set_tempEPS
                0x2001b5f0       0xc8 ./src/sub-systemCode/Global/GlobalParam.o
                0x2001b5f0                set_tempEPS
 .text.set_tempBatt
                0x2001b6b8       0xc8 ./src/sub-systemCode/Global/GlobalParam.o
                0x2001b6b8                set_tempBatt
 .text.set_RxDoppler
                0x2001b780       0x8c ./src/sub-systemCode/Global/GlobalParam.o
                0x2001b780                set_RxDoppler
 .text.set_RxRSSI
                0x2001b80c       0x8c ./src/sub-systemCode/Global/GlobalParam.o
                0x2001b80c                set_RxRSSI
 .text.set_TxRefl
                0x2001b898       0x8c ./src/sub-systemCode/Global/GlobalParam.o
                0x2001b898                set_TxRefl
 .text.set_TxForw
                0x2001b924       0x8c ./src/sub-systemCode/Global/GlobalParam.o
                0x2001b924                set_TxForw
 .text.get_ST   0x2001b9b0       0x8c ./src/sub-systemCode/Global/GlobalParam.o
                0x2001b9b0                get_ST
 .text.get_Attitude
                0x2001ba3c      0x128 ./src/sub-systemCode/Global/GlobalParam.o
                0x2001ba3c                get_Attitude
 .text.set_numOfAPRS
                0x2001bb64       0x8c ./src/sub-systemCode/Global/GlobalParam.o
                0x2001bb64                set_numOfAPRS
 .text.set_numOfResets
                0x2001bbf0       0xac ./src/sub-systemCode/Global/GlobalParam.o
                0x2001bbf0                set_numOfResets
 .text.set_ground_conn
                0x2001bc9c       0xa0 ./src/sub-systemCode/Global/GlobalParam.o
                0x2001bc9c                set_ground_conn
 .text.get_ground_conn
                0x2001bd3c       0xa0 ./src/sub-systemCode/Global/GlobalParam.o
                0x2001bd3c                get_ground_conn
 .text.IsisAntS_getStatusData_sideA
                0x2001bddc       0x3c ./src/sub-systemCode/Global/OnlineTM.o
                0x2001bddc                IsisAntS_getStatusData_sideA
 .text.IsisAntS_getAlltelemetry_sideA
                0x2001be18       0x3c ./src/sub-systemCode/Global/OnlineTM.o
                0x2001be18                IsisAntS_getAlltelemetry_sideA
 .text.IsisAntS_getTemperature_sideA
                0x2001be54       0x3c ./src/sub-systemCode/Global/OnlineTM.o
                0x2001be54                IsisAntS_getTemperature_sideA
 .text.IsisAntS_getStatusData_sideB
                0x2001be90       0x3c ./src/sub-systemCode/Global/OnlineTM.o
                0x2001be90                IsisAntS_getStatusData_sideB
 .text.IsisAntS_getAlltelemetry_sideB
                0x2001becc       0x3c ./src/sub-systemCode/Global/OnlineTM.o
                0x2001becc                IsisAntS_getAlltelemetry_sideB
 .text.IsisAntS_getTemperature_sideB
                0x2001bf08       0x3c ./src/sub-systemCode/Global/OnlineTM.o
                0x2001bf08                IsisAntS_getTemperature_sideB
 .text.get_item_by_index
                0x2001bf44       0xd8 ./src/sub-systemCode/Global/OnlineTM.o
                0x2001bf44                get_item_by_index
 .text.init_onlineParam
                0x2001c01c      0xc80 ./src/sub-systemCode/Global/OnlineTM.o
                0x2001c01c                init_onlineParam
 .text.reset_offline_TM_list
                0x2001cc9c       0x50 ./src/sub-systemCode/Global/OnlineTM.o
                0x2001cc9c                reset_offline_TM_list
 .text.get_online_packet
                0x2001ccec      0x254 ./src/sub-systemCode/Global/OnlineTM.o
                0x2001ccec                get_online_packet
 .text.add_onlineTM_param_to_save_list
                0x2001cf40      0x214 ./src/sub-systemCode/Global/OnlineTM.o
                0x2001cf40                add_onlineTM_param_to_save_list
 .text.delete_allTMFilesFromSD
                0x2001d154       0xf8 ./src/sub-systemCode/Global/TLM_management.o
                0x2001d154                delete_allTMFilesFromSD
 .text.getNumOfFilesInFS
                0x2001d24c       0x44 ./src/sub-systemCode/Global/TLM_management.o
 .text.setNumOfFilesInFS
                0x2001d290       0x50 ./src/sub-systemCode/Global/TLM_management.o
 .text.f_managed_enterFS
                0x2001d2e0       0x24 ./src/sub-systemCode/Global/TLM_management.o
                0x2001d2e0                f_managed_enterFS
 .text.f_managed_releaseFS
                0x2001d304       0x18 ./src/sub-systemCode/Global/TLM_management.o
                0x2001d304                f_managed_releaseFS
 .text.f_managed_open
                0x2001d31c       0x3c ./src/sub-systemCode/Global/TLM_management.o
                0x2001d31c                f_managed_open
 .text.f_managed_close
                0x2001d358       0x2c ./src/sub-systemCode/Global/TLM_management.o
                0x2001d358                f_managed_close
 .text.InitializeFS
                0x2001d384      0x188 ./src/sub-systemCode/Global/TLM_management.o
                0x2001d384                InitializeFS
 .text.c_fileCreate
                0x2001d50c       0xf4 ./src/sub-systemCode/Global/TLM_management.o
                0x2001d50c                c_fileCreate
 .text.writewithEpochtime
                0x2001d600       0x9c ./src/sub-systemCode/Global/TLM_management.o
 .text.get_C_FILE_struct
                0x2001d69c      0x104 ./src/sub-systemCode/Global/TLM_management.o
 .text.getFileIndex
                0x2001d7a0       0x4c ./src/sub-systemCode/Global/TLM_management.o
 .text.get_file_name_by_index
                0x2001d7ec       0x54 ./src/sub-systemCode/Global/TLM_management.o
                0x2001d7ec                get_file_name_by_index
 .text.c_fileReset
                0x2001d840       0xbc ./src/sub-systemCode/Global/TLM_management.o
                0x2001d840                c_fileReset
 .text.c_fileWrite
                0x2001d8fc      0x138 ./src/sub-systemCode/Global/TLM_management.o
                0x2001d8fc                c_fileWrite
 .text.c_fileRead
                0x2001da34      0x2bc ./src/sub-systemCode/Global/TLM_management.o
                0x2001da34                c_fileRead
 .text.reset_APRS_list
                0x2001dcf0       0xa4 ./src/sub-systemCode/COMM/APRS.o
                0x2001dcf0                reset_APRS_list
 .text.send_APRS_Dump
                0x2001dd94      0x1c0 ./src/sub-systemCode/COMM/APRS.o
                0x2001dd94                send_APRS_Dump
 .text.check_APRS
                0x2001df54      0x1a4 ./src/sub-systemCode/COMM/APRS.o
                0x2001df54                check_APRS
 .text.get_APRS_list
                0x2001e0f8       0x88 ./src/sub-systemCode/COMM/APRS.o
                0x2001e0f8                get_APRS_list
 .text.find_CMD_in_list
                0x2001e180       0x7c ./src/sub-systemCode/COMM/DelayedCommand_list.o
                0x2001e180                find_CMD_in_list
 .text.find_empty_in_list
                0x2001e1fc       0x74 ./src/sub-systemCode/COMM/DelayedCommand_list.o
                0x2001e1fc                find_empty_in_list
 .text.check_delayCommandTime
                0x2001e270       0x8c ./src/sub-systemCode/COMM/DelayedCommand_list.o
                0x2001e270                check_delayCommandTime
 .text.execute_delayedCommand
                0x2001e2fc       0x64 ./src/sub-systemCode/COMM/DelayedCommand_list.o
                0x2001e2fc                execute_delayedCommand
 .text.check_delaycommand
                0x2001e360      0x170 ./src/sub-systemCode/COMM/DelayedCommand_list.o
                0x2001e360                check_delaycommand
 .text.reset_delayCommand
                0x2001e4d0       0x8c ./src/sub-systemCode/COMM/DelayedCommand_list.o
                0x2001e4d0                reset_delayCommand
 .text.add_delayCommand
                0x2001e55c      0x1a4 ./src/sub-systemCode/COMM/DelayedCommand_list.o
                0x2001e55c                add_delayCommand
 .text.get_delayCommand_list
                0x2001e700       0x80 ./src/sub-systemCode/COMM/DelayedCommand_list.o
                0x2001e700                get_delayCommand_list
 .text.EmptyOldestCommand
                0x2001e780       0xfc ./src/sub-systemCode/COMM/DelayedCommand_list.o
                0x2001e780                EmptyOldestCommand
 .text.decode_TCpacket
                0x2001e87c      0x16c ./src/sub-systemCode/COMM/GSC.o
                0x2001e87c                decode_TCpacket
 .text.encode_TCpacket
                0x2001e9e8      0x114 ./src/sub-systemCode/COMM/GSC.o
                0x2001e9e8                encode_TCpacket
 .text.encode_TMpacket
                0x2001eafc      0x104 ./src/sub-systemCode/COMM/GSC.o
                0x2001eafc                encode_TMpacket
 .text.build_raw_ACK
                0x2001ec00       0xbc ./src/sub-systemCode/COMM/GSC.o
                0x2001ec00                build_raw_ACK
 .text.build_data_field_ACK
                0x2001ecbc       0x74 ./src/sub-systemCode/COMM/GSC.o
                0x2001ecbc                build_data_field_ACK
 .text.toggle_idle_state
                0x2001ed30       0x64 ./src/sub-systemCode/COMM/TRXVU.o
                0x2001ed30                toggle_idle_state
 .text.TRXVU_init_hardWare
                0x2001ed94       0x98 ./src/sub-systemCode/COMM/TRXVU.o
                0x2001ed94                TRXVU_init_hardWare
 .text.TRXVU_init_softWare
                0x2001ee2c      0x1a4 ./src/sub-systemCode/COMM/TRXVU.o
                0x2001ee2c                TRXVU_init_softWare
 .text.init_trxvu
                0x2001efd0       0x14 ./src/sub-systemCode/COMM/TRXVU.o
                0x2001efd0                init_trxvu
 .text.TRXVU_task
                0x2001efe4       0x9c ./src/sub-systemCode/COMM/TRXVU.o
                0x2001efe4                TRXVU_task
 .text.dump_logic
                0x2001f080      0x324 ./src/sub-systemCode/COMM/TRXVU.o
                0x2001f080                dump_logic
 .text.Dump_task
                0x2001f3a4      0x16c ./src/sub-systemCode/COMM/TRXVU.o
                0x2001f3a4                Dump_task
 .text.transponder_logic
                0x2001f510       0xbc ./src/sub-systemCode/COMM/TRXVU.o
                0x2001f510                transponder_logic
 .text.Transponder_task
                0x2001f5cc      0x1f4 ./src/sub-systemCode/COMM/TRXVU.o
                0x2001f5cc                Transponder_task
 .text.lookForRequestToDelete_transponder
                0x2001f7c0       0xac ./src/sub-systemCode/COMM/TRXVU.o
                0x2001f7c0                lookForRequestToDelete_transponder
 .text.lookForRequestToDelete_dump
                0x2001f86c       0x7c ./src/sub-systemCode/COMM/TRXVU.o
                0x2001f86c                lookForRequestToDelete_dump
 .text.sendRequestToStop_dump
                0x2001f8e8       0x8c ./src/sub-systemCode/COMM/TRXVU.o
                0x2001f8e8                sendRequestToStop_dump
 .text.sendRequestToStop_transponder
                0x2001f974       0x98 ./src/sub-systemCode/COMM/TRXVU.o
                0x2001f974                sendRequestToStop_transponder
 .text.Rx_logic
                0x2001fa0c      0x184 ./src/sub-systemCode/COMM/TRXVU.o
                0x2001fa0c                Rx_logic
 .text.pass_above_Ground
                0x2001fb90      0x104 ./src/sub-systemCode/COMM/TRXVU.o
                0x2001fb90                pass_above_Ground
 .text.trxvu_logic
                0x2001fc94       0x1c ./src/sub-systemCode/COMM/TRXVU.o
                0x2001fc94                trxvu_logic
 .text.Beacon_task
                0x2001fcb0      0x170 ./src/sub-systemCode/COMM/TRXVU.o
                0x2001fcb0                Beacon_task
 .text.buildAndSend_beacon
                0x2001fe20      0x604 ./src/sub-systemCode/COMM/TRXVU.o
                0x2001fe20                buildAndSend_beacon
 .text.reset_FRAM_TRXVU
                0x20020424      0x160 ./src/sub-systemCode/COMM/TRXVU.o
                0x20020424                reset_FRAM_TRXVU
 .text.TRX_sendFrame
                0x20020584      0x1c0 ./src/sub-systemCode/COMM/TRXVU.o
                0x20020584                TRX_sendFrame
 .text.TRX_getFrameData
                0x20020744      0x128 ./src/sub-systemCode/COMM/TRXVU.o
                0x20020744                TRX_getFrameData
 .text.mute_Tx  0x2002086c       0x20 ./src/sub-systemCode/COMM/TRXVU.o
                0x2002086c                mute_Tx
 .text.unmute_Tx
                0x2002088c       0x60 ./src/sub-systemCode/COMM/TRXVU.o
                0x2002088c                unmute_Tx
 .text.check_time_off_mute
                0x200208ec       0x88 ./src/sub-systemCode/COMM/TRXVU.o
                0x200208ec                check_time_off_mute
 .text.set_mute_time
                0x20020974       0xb4 ./src/sub-systemCode/COMM/TRXVU.o
                0x20020974                set_mute_time
 .text.change_TRXVU_state
                0x20020a28       0xd0 ./src/sub-systemCode/COMM/TRXVU.o
                0x20020a28                change_TRXVU_state
 .text.change_trans_RSSI
                0x20020af8       0x60 ./src/sub-systemCode/COMM/TRXVU.o
                0x20020af8                change_trans_RSSI
 .text.init_adcs
                0x20020b58      0x104 ./src/sub-systemCode/ADCS/ADCS.o
                0x20020b58                init_adcs
 .text.telemtryStart
                0x20020c5c      0x16c ./src/sub-systemCode/ADCS/Stage_Table.o
                0x20020c5c                telemtryStart
 .text.powerStart
                0x20020dc8       0x5c ./src/sub-systemCode/ADCS/Stage_Table.o
                0x20020dc8                powerStart
 .text.createTable
                0x20020e24       0xb4 ./src/sub-systemCode/ADCS/Stage_Table.o
                0x20020e24                createTable
 .text.buildControlMode
                0x20020ed8       0x60 ./src/sub-systemCode/ADCS/Stage_Table.o
                0x20020ed8                buildControlMode
 .text.Check_Table
                0x20020f38      0x178 ./src/sub-systemCode/ADCS/Stage_Table.o
                0x20020f38                Check_Table
 .text.updateTable
                0x200210b0      0x1f0 ./src/sub-systemCode/ADCS/Stage_Table.o
                0x200210b0                updateTable
 .text.translateCommandFULL
                0x200212a0       0x78 ./src/sub-systemCode/ADCS/Stage_Table.o
                0x200212a0                translateCommandFULL
 .text.getTableTo
                0x20021318       0x64 ./src/sub-systemCode/ADCS/Stage_Table.o
                0x20021318                getTableTo
 .text.save_time
                0x2002137c       0x9c ./src/main.o
                0x2002137c                save_time
 .text.Command_logic
                0x20021418       0x6c ./src/main.o
                0x20021418                Command_logic
 .text.taskMain
                0x20021484       0x74 ./src/main.o
                0x20021484                taskMain
 .text.main     0x200214f8       0xbc ./src/main.o
                0x200214f8                main
 .text.GomEpsInitialize
                0x200215b4      0x148 C:/HOOPOE3/satellite-subsystems/demo/..//satellite-subsystems/lib\libSatelliteSubsystemsD.a(GomEPS.o)
                0x200215b4                GomEpsInitialize
 .text.makeEPStransfer
                0x200216fc       0x3c C:/HOOPOE3/satellite-subsystems/demo/..//satellite-subsystems/lib\libSatelliteSubsystemsD.a(GomEPS.o)
 .text.GomEpsSoftReset
                0x20021738       0xc4 C:/HOOPOE3/satellite-subsystems/demo/..//satellite-subsystems/lib\libSatelliteSubsystemsD.a(GomEPS.o)
                0x20021738                GomEpsSoftReset
 .text.GomEpsHardReset
                0x200217fc       0xa8 C:/HOOPOE3/satellite-subsystems/demo/..//satellite-subsystems/lib\libSatelliteSubsystemsD.a(GomEPS.o)
                0x200217fc                GomEpsHardReset
 .text.GomEpsGetHkData_param
                0x200218a4      0x29c C:/HOOPOE3/satellite-subsystems/demo/..//satellite-subsystems/lib\libSatelliteSubsystemsD.a(GomEPS.o)
                0x200218a4                GomEpsGetHkData_param
 .text.GomEpsGetHkData_general
                0x20021b40      0x45c C:/HOOPOE3/satellite-subsystems/demo/..//satellite-subsystems/lib\libSatelliteSubsystemsD.a(GomEPS.o)
                0x20021b40                GomEpsGetHkData_general
 .text.GomEpsGetHkData_vi
                0x20021f9c      0x188 C:/HOOPOE3/satellite-subsystems/demo/..//satellite-subsystems/lib\libSatelliteSubsystemsD.a(GomEPS.o)
                0x20021f9c                GomEpsGetHkData_vi
 .text.GomEpsGetHkData_out
                0x20022124      0x21c C:/HOOPOE3/satellite-subsystems/demo/..//satellite-subsystems/lib\libSatelliteSubsystemsD.a(GomEPS.o)
                0x20022124                GomEpsGetHkData_out
 .text.GomEpsGetHkData_wdt
                0x20022340      0x2b4 C:/HOOPOE3/satellite-subsystems/demo/..//satellite-subsystems/lib\libSatelliteSubsystemsD.a(GomEPS.o)
                0x20022340                GomEpsGetHkData_wdt
 .text.GomEpsGetHkData_basic
                0x200225f4      0x22c C:/HOOPOE3/satellite-subsystems/demo/..//satellite-subsystems/lib\libSatelliteSubsystemsD.a(GomEPS.o)
                0x200225f4                GomEpsGetHkData_basic
 .text.GomEpsSetOutput
                0x20022820       0xbc C:/HOOPOE3/satellite-subsystems/demo/..//satellite-subsystems/lib\libSatelliteSubsystemsD.a(GomEPS.o)
                0x20022820                GomEpsSetOutput
 .text.GomEpsResetWDT
                0x200228dc       0xc4 C:/HOOPOE3/satellite-subsystems/demo/..//satellite-subsystems/lib\libSatelliteSubsystemsD.a(GomEPS.o)
                0x200228dc                GomEpsResetWDT
 .text.GomEpsConfigGet
                0x200229a0      0x16c C:/HOOPOE3/satellite-subsystems/demo/..//satellite-subsystems/lib\libSatelliteSubsystemsD.a(GomEPS.o)
                0x200229a0                GomEpsConfigGet
 .text.GomEpsConfigSet
                0x20022b0c      0x184 C:/HOOPOE3/satellite-subsystems/demo/..//satellite-subsystems/lib\libSatelliteSubsystemsD.a(GomEPS.o)
                0x20022b0c                GomEpsConfigSet
 .text.GomEpsConfig2Get
                0x20022c90      0x16c C:/HOOPOE3/satellite-subsystems/demo/..//satellite-subsystems/lib\libSatelliteSubsystemsD.a(GomEPS.o)
                0x20022c90                GomEpsConfig2Get
 .text.makeAntStransfer
                0x20022dfc       0x4c C:/HOOPOE3/satellite-subsystems/demo/..//satellite-subsystems/lib\libSatelliteSubsystemsD.a(IsisAntS.o)
 .text.checkInputsValid
                0x20022e48       0x7c C:/HOOPOE3/satellite-subsystems/demo/..//satellite-subsystems/lib\libSatelliteSubsystemsD.a(IsisAntS.o)
 .text.IsisAntS_setArmStatus
                0x20022ec4      0x104 C:/HOOPOE3/satellite-subsystems/demo/..//satellite-subsystems/lib\libSatelliteSubsystemsD.a(IsisAntS.o)
                0x20022ec4                IsisAntS_setArmStatus
 .text.IsisAntS_getStatusData
                0x20022fc8      0x120 C:/HOOPOE3/satellite-subsystems/demo/..//satellite-subsystems/lib\libSatelliteSubsystemsD.a(IsisAntS.o)
                0x20022fc8                IsisAntS_getStatusData
 .text.IsisAntS_getTemperature
                0x200230e8      0x120 C:/HOOPOE3/satellite-subsystems/demo/..//satellite-subsystems/lib\libSatelliteSubsystemsD.a(IsisAntS.o)
                0x200230e8                IsisAntS_getTemperature
 .text.IsisAntS_getAlltelemetry
                0x20023208      0x120 C:/HOOPOE3/satellite-subsystems/demo/..//satellite-subsystems/lib\libSatelliteSubsystemsD.a(IsisAntS.o)
                0x20023208                IsisAntS_getAlltelemetry
 .text.IsisAntS_reset
                0x20023328      0x104 C:/HOOPOE3/satellite-subsystems/demo/..//satellite-subsystems/lib\libSatelliteSubsystemsD.a(IsisAntS.o)
                0x20023328                IsisAntS_reset
 .text.IsisSolarPanelv2_initialize
                0x2002342c       0xb4 C:/HOOPOE3/satellite-subsystems/demo/..//satellite-subsystems/lib\libSatelliteSubsystemsD.a(IsisSolarPanelv2.o)
                0x2002342c                IsisSolarPanelv2_initialize
 .text.IsisSolarPanelv2_getTemperature
                0x200234e0       0xc8 C:/HOOPOE3/satellite-subsystems/demo/..//satellite-subsystems/lib\libSatelliteSubsystemsD.a(IsisSolarPanelv2.o)
                0x200234e0                IsisSolarPanelv2_getTemperature
 .text.IsisSolarPanelv2_sleep
                0x200235a8       0xbc C:/HOOPOE3/satellite-subsystems/demo/..//satellite-subsystems/lib\libSatelliteSubsystemsD.a(IsisSolarPanelv2.o)
                0x200235a8                IsisSolarPanelv2_sleep
 .text.IsisSolarPanelv2_wakeup
                0x20023664       0x80 C:/HOOPOE3/satellite-subsystems/demo/..//satellite-subsystems/lib\libSatelliteSubsystemsD.a(IsisSolarPanelv2.o)
                0x20023664                IsisSolarPanelv2_wakeup
 .text._Reset   0x200236e4       0x20 C:/HOOPOE3/satellite-subsystems/demo/..//satellite-subsystems/lib\libSatelliteSubsystemsD.a(IsisSolarPanelv2.o)
 .text._WaitForStartup
                0x20023704       0x90 C:/HOOPOE3/satellite-subsystems/demo/..//satellite-subsystems/lib\libSatelliteSubsystemsD.a(IsisSolarPanelv2.o)
 .text._AssignAllChannels
                0x20023794       0x90 C:/HOOPOE3/satellite-subsystems/demo/..//satellite-subsystems/lib\libSatelliteSubsystemsD.a(IsisSolarPanelv2.o)
 .text._AssignThisChannel
                0x20023824       0xe8 C:/HOOPOE3/satellite-subsystems/demo/..//satellite-subsystems/lib\libSatelliteSubsystemsD.a(IsisSolarPanelv2.o)
 .text._InitiateConversion
                0x2002390c       0xac C:/HOOPOE3/satellite-subsystems/demo/..//satellite-subsystems/lib\libSatelliteSubsystemsD.a(IsisSolarPanelv2.o)
 .text._WaitForConversionComplete
                0x200239b8      0x100 C:/HOOPOE3/satellite-subsystems/demo/..//satellite-subsystems/lib\libSatelliteSubsystemsD.a(IsisSolarPanelv2.o)
 .text._ReadResult
                0x20023ab8      0x158 C:/HOOPOE3/satellite-subsystems/demo/..//satellite-subsystems/lib\libSatelliteSubsystemsD.a(IsisSolarPanelv2.o)
 .text._ExtractByte
                0x20023c10       0x38 C:/HOOPOE3/satellite-subsystems/demo/..//satellite-subsystems/lib\libSatelliteSubsystemsD.a(IsisSolarPanelv2.o)
 .text._ExtendSign
                0x20023c48       0x6c C:/HOOPOE3/satellite-subsystems/demo/..//satellite-subsystems/lib\libSatelliteSubsystemsD.a(IsisSolarPanelv2.o)
 .text._PinsInit
                0x20023cb4       0x50 C:/HOOPOE3/satellite-subsystems/demo/..//satellite-subsystems/lib\libSatelliteSubsystemsD.a(IsisSolarPanelv2.o)
 .text._SpiWriteRead
                0x20023d04       0x70 C:/HOOPOE3/satellite-subsystems/demo/..//satellite-subsystems/lib\libSatelliteSubsystemsD.a(IsisSolarPanelv2.o)
 .text.IsisTrxvu_initialize
                0x20023d74      0x2f4 C:/HOOPOE3/satellite-subsystems/demo/..//satellite-subsystems/lib\libSatelliteSubsystemsD.a(IsisTRXVU.o)
                0x20023d74                IsisTrxvu_initialize
 .text.makeTRXVUtransfer
                0x20024068       0x44 C:/HOOPOE3/satellite-subsystems/demo/..//satellite-subsystems/lib\libSatelliteSubsystemsD.a(IsisTRXVU.o)
 .text.IsisTrxvu_componentSoftReset
                0x200240ac       0x6c C:/HOOPOE3/satellite-subsystems/demo/..//satellite-subsystems/lib\libSatelliteSubsystemsD.a(IsisTRXVU.o)
                0x200240ac                IsisTrxvu_componentSoftReset
 .text.IsisTrxvu_componentHardReset
                0x20024118       0xc8 C:/HOOPOE3/satellite-subsystems/demo/..//satellite-subsystems/lib\libSatelliteSubsystemsD.a(IsisTRXVU.o)
                0x20024118                IsisTrxvu_componentHardReset
 .text.IsisTrxvu_softReset
                0x200241e0       0x74 C:/HOOPOE3/satellite-subsystems/demo/..//satellite-subsystems/lib\libSatelliteSubsystemsD.a(IsisTRXVU.o)
                0x200241e0                IsisTrxvu_softReset
 .text.IsisTrxvu_hardReset
                0x20024254       0x74 C:/HOOPOE3/satellite-subsystems/demo/..//satellite-subsystems/lib\libSatelliteSubsystemsD.a(IsisTRXVU.o)
                0x20024254                IsisTrxvu_hardReset
 .text.IsisTrxvu_tcSendAX25DefClSign
                0x200242c8       0xec C:/HOOPOE3/satellite-subsystems/demo/..//satellite-subsystems/lib\libSatelliteSubsystemsD.a(IsisTRXVU.o)
                0x200242c8                IsisTrxvu_tcSendAX25DefClSign
 .text.IsisTrxvu_tcSetIdlestate
                0x200243b4       0xa4 C:/HOOPOE3/satellite-subsystems/demo/..//satellite-subsystems/lib\libSatelliteSubsystemsD.a(IsisTRXVU.o)
                0x200243b4                IsisTrxvu_tcSetIdlestate
 .text.IsisTrxvu_tcSetAx25Bitrate
                0x20024458       0xc4 C:/HOOPOE3/satellite-subsystems/demo/..//satellite-subsystems/lib\libSatelliteSubsystemsD.a(IsisTRXVU.o)
                0x20024458                IsisTrxvu_tcSetAx25Bitrate
 .text.IsisTrxvu_tcGetTelemetryAll
                0x2002451c       0xd0 C:/HOOPOE3/satellite-subsystems/demo/..//satellite-subsystems/lib\libSatelliteSubsystemsD.a(IsisTRXVU.o)
                0x2002451c                IsisTrxvu_tcGetTelemetryAll
 .text.IsisTrxvu_tcGetTelemetryAll_revC
                0x200245ec       0xd0 C:/HOOPOE3/satellite-subsystems/demo/..//satellite-subsystems/lib\libSatelliteSubsystemsD.a(IsisTRXVU.o)
                0x200245ec                IsisTrxvu_tcGetTelemetryAll_revC
 .text.IsisTrxvu_rcGetFrameCount
                0x200246bc       0xa0 C:/HOOPOE3/satellite-subsystems/demo/..//satellite-subsystems/lib\libSatelliteSubsystemsD.a(IsisTRXVU.o)
                0x200246bc                IsisTrxvu_rcGetFrameCount
 .text.IsisTrxvu_rcGetCommandFrame
                0x2002475c      0x2d8 C:/HOOPOE3/satellite-subsystems/demo/..//satellite-subsystems/lib\libSatelliteSubsystemsD.a(IsisTRXVU.o)
                0x2002475c                IsisTrxvu_rcGetCommandFrame
 .text.IsisTrxvu_rcGetTelemetryAll
                0x20024a34       0xd0 C:/HOOPOE3/satellite-subsystems/demo/..//satellite-subsystems/lib\libSatelliteSubsystemsD.a(IsisTRXVU.o)
                0x20024a34                IsisTrxvu_rcGetTelemetryAll
 .text.IsisTrxvu_rcGetTelemetryAll_revC
                0x20024b04       0xec C:/HOOPOE3/satellite-subsystems/demo/..//satellite-subsystems/lib\libSatelliteSubsystemsD.a(IsisTRXVU.o)
                0x20024b04                IsisTrxvu_rcGetTelemetryAll_revC
 .text.cspaceADCS_initialize
                0x20024bf0      0x18c C:/HOOPOE3/satellite-subsystems/demo/..//satellite-subsystems/lib\libSatelliteSubsystemsD.a(cspaceADCS.o)
                0x20024bf0                cspaceADCS_initialize
 .text.make_cspaceADCStransfer
                0x20024d7c      0x1b4 C:/HOOPOE3/satellite-subsystems/demo/..//satellite-subsystems/lib\libSatelliteSubsystemsD.a(cspaceADCS.o)
 .text.cspaceADCS_componentReset
                0x20024f30       0xbc C:/HOOPOE3/satellite-subsystems/demo/..//satellite-subsystems/lib\libSatelliteSubsystemsD.a(cspaceADCS.o)
                0x20024f30                cspaceADCS_componentReset
 .text.cspaceADCS_setRunMode
                0x20024fec       0xbc C:/HOOPOE3/satellite-subsystems/demo/..//satellite-subsystems/lib\libSatelliteSubsystemsD.a(cspaceADCS.o)
                0x20024fec                cspaceADCS_setRunMode
 .text.cspaceADCS_setPwrCtrlDevice
                0x200250a8       0xd0 C:/HOOPOE3/satellite-subsystems/demo/..//satellite-subsystems/lib\libSatelliteSubsystemsD.a(cspaceADCS.o)
                0x200250a8                cspaceADCS_setPwrCtrlDevice
 .text.cspaceADCS_setAttCtrlMode
                0x20025178       0xd0 C:/HOOPOE3/satellite-subsystems/demo/..//satellite-subsystems/lib\libSatelliteSubsystemsD.a(cspaceADCS.o)
                0x20025178                cspaceADCS_setAttCtrlMode
 .text.cspaceADCS_setAttEstMode
                0x20025248       0xbc C:/HOOPOE3/satellite-subsystems/demo/..//satellite-subsystems/lib\libSatelliteSubsystemsD.a(cspaceADCS.o)
                0x20025248                cspaceADCS_setAttEstMode
 .text.cspaceADCS_getCurrentState
                0x20025304       0xc4 C:/HOOPOE3/satellite-subsystems/demo/..//satellite-subsystems/lib\libSatelliteSubsystemsD.a(cspaceADCS.o)
                0x20025304                cspaceADCS_getCurrentState
 .text.cspaceADCS_getPwrCtrlDevice
                0x200253c8       0xc4 C:/HOOPOE3/satellite-subsystems/demo/..//satellite-subsystems/lib\libSatelliteSubsystemsD.a(cspaceADCS.o)
                0x200253c8                cspaceADCS_getPwrCtrlDevice
 .text.GECKO_Init
                0x2002548c       0x40 C:/HOOPOE3/satellite-subsystems/demo/..//satellite-subsystems/lib\libSatelliteSubsystemsD.a(gecko_driver.o)
                0x2002548c                GECKO_Init
 .text.GECKO_SetReg
                0x200254cc      0x138 C:/HOOPOE3/satellite-subsystems/demo/..//satellite-subsystems/lib\libSatelliteSubsystemsD.a(gecko_driver.o)
                0x200254cc                GECKO_SetReg
 .text.GECKO_GetReg
                0x20025604      0x110 C:/HOOPOE3/satellite-subsystems/demo/..//satellite-subsystems/lib\libSatelliteSubsystemsD.a(gecko_driver.o)
                0x20025604                GECKO_GetReg
 .text.GECKO_GetImgData
                0x20025714       0x5c C:/HOOPOE3/satellite-subsystems/demo/..//satellite-subsystems/lib\libSatelliteSubsystemsD.a(gecko_driver.o)
                0x20025714                GECKO_GetImgData
 .text.GECKO_StartReadout
                0x20025770       0xb8 C:/HOOPOE3/satellite-subsystems/demo/..//satellite-subsystems/lib\libSatelliteSubsystemsD.a(gecko_driver.o)
                0x20025770                GECKO_StartReadout
 .text.GECKO_StartSample
                0x20025828       0xb8 C:/HOOPOE3/satellite-subsystems/demo/..//satellite-subsystems/lib\libSatelliteSubsystemsD.a(gecko_driver.o)
                0x20025828                GECKO_StartSample
 .text.GECKO_StartErase
                0x200258e0       0xb8 C:/HOOPOE3/satellite-subsystems/demo/..//satellite-subsystems/lib\libSatelliteSubsystemsD.a(gecko_driver.o)
                0x200258e0                GECKO_StartErase