Archive member included because of file (symbol)

c:/isis/application/toolchain/bin/../lib/gcc/arm-none-eabi/4.7.4/../../../../arm-none-eabi/lib\libc_s.a(lib_a-vfprintf_float.o)
                              (_printf_float)
c:/isis/application/toolchain/bin/../lib/gcc/arm-none-eabi/4.7.4/../../../../arm-none-eabi/lib\libc_s.a(lib_a-vfprintf_i.o)
                              c:/isis/application/toolchain/bin/../lib/gcc/arm-none-eabi/4.7.4/../../../../arm-none-eabi/lib\libc_s.a(lib_a-vfprintf_float.o) (_printf_common)
c:/isis/application/toolchain/bin/../lib/gcc/arm-none-eabi/4.7.4/../../../../arm-none-eabi/lib\libc_s.a(lib_a-vfscanf_float.o)
                              (_scanf_float)
c:/isis/application/toolchain/bin/../lib/gcc/arm-none-eabi/4.7.4/../../../../arm-none-eabi/lib\libc_s.a(lib_a-dtoa.o)
                              c:/isis/application/toolchain/bin/../lib/gcc/arm-none-eabi/4.7.4/../../../../arm-none-eabi/lib\libc_s.a(lib_a-vfprintf_float.o) (_dtoa_r)
c:/isis/application/toolchain/bin/../lib/gcc/arm-none-eabi/4.7.4/../../../../arm-none-eabi/lib\libc_s.a(lib_a-locale.o)
                              c:/isis/application/toolchain/bin/../lib/gcc/arm-none-eabi/4.7.4/../../../../arm-none-eabi/lib\libc_s.a(lib_a-vfprintf_float.o) (_localeconv_r)
c:/isis/application/toolchain/bin/../lib/gcc/arm-none-eabi/4.7.4/../../../../arm-none-eabi/lib\libc_s.a(lib_a-malloc.o)
                              c:/isis/application/toolchain/bin/../lib/gcc/arm-none-eabi/4.7.4/../../../../arm-none-eabi/lib\libc_s.a(lib_a-dtoa.o) (malloc)
c:/isis/application/toolchain/bin/../lib/gcc/arm-none-eabi/4.7.4/../../../../arm-none-eabi/lib\libc_s.a(lib_a-mallocr.o)
                              c:/isis/application/toolchain/bin/../lib/gcc/arm-none-eabi/4.7.4/../../../../arm-none-eabi/lib\libc_s.a(lib_a-malloc.o) (_malloc_r)
c:/isis/application/toolchain/bin/../lib/gcc/arm-none-eabi/4.7.4/../../../../arm-none-eabi/lib\libc_s.a(lib_a-memcpy.o)
                              c:/isis/application/toolchain/bin/../lib/gcc/arm-none-eabi/4.7.4/../../../../arm-none-eabi/lib\libc_s.a(lib_a-dtoa.o) (memcpy)
c:/isis/application/toolchain/bin/../lib/gcc/arm-none-eabi/4.7.4/../../../../arm-none-eabi/lib\libc_s.a(lib_a-mprec.o)
                              c:/isis/application/toolchain/bin/../lib/gcc/arm-none-eabi/4.7.4/../../../../arm-none-eabi/lib\libc_s.a(lib_a-dtoa.o) (_Balloc)
c:/isis/application/toolchain/bin/../lib/gcc/arm-none-eabi/4.7.4/../../../../arm-none-eabi/lib\libc_s.a(lib_a-s_fpclassify.o)
                              c:/isis/application/toolchain/bin/../lib/gcc/arm-none-eabi/4.7.4/../../../../arm-none-eabi/lib\libc_s.a(lib_a-vfprintf_float.o) (__fpclassifyd)
c:/isis/application/toolchain/bin/../lib/gcc/arm-none-eabi/4.7.4/../../../../arm-none-eabi/lib\libc_s.a(lib_a-sbrkr.o)
                              c:/isis/application/toolchain/bin/../lib/gcc/arm-none-eabi/4.7.4/../../../../arm-none-eabi/lib\libc_s.a(lib_a-mallocr.o) (_sbrk_r)
c:/isis/application/toolchain/bin/../lib/gcc/arm-none-eabi/4.7.4/../../../../arm-none-eabi/lib\libc_s.a(lib_a-sf_nan.o)
                              c:/isis/application/toolchain/bin/../lib/gcc/arm-none-eabi/4.7.4/../../../../arm-none-eabi/lib\libc_s.a(lib_a-vfscanf_float.o) (nanf)
c:/isis/application/toolchain/bin/../lib/gcc/arm-none-eabi/4.7.4/../../../../arm-none-eabi/lib\libc_s.a(lib_a-sprintf.o)
                              c:/isis/application/toolchain/bin/../lib/gcc/arm-none-eabi/4.7.4/../../../../arm-none-eabi/lib\libc_s.a(lib_a-vfscanf_float.o) (sprintf)
c:/isis/application/toolchain/bin/../lib/gcc/arm-none-eabi/4.7.4/../../../../arm-none-eabi/lib\libc_s.a(lib_a-strcmp.o)
                              c:/isis/application/toolchain/bin/../lib/gcc/arm-none-eabi/4.7.4/../../../../arm-none-eabi/lib\libc_s.a(lib_a-locale.o) (strcmp)
c:/isis/application/toolchain/bin/../lib/gcc/arm-none-eabi/4.7.4/../../../../arm-none-eabi/lib\libc_s.a(lib_a-strlen.o)
                              c:/isis/application/toolchain/bin/../lib/gcc/arm-none-eabi/4.7.4/../../../../arm-none-eabi/lib\libc_s.a(lib_a-vfprintf_float.o) (strlen)
c:/isis/application/toolchain/bin/../lib/gcc/arm-none-eabi/4.7.4/../../../../arm-none-eabi/lib\libc_s.a(lib_a-strtod.o)
                              c:/isis/application/toolchain/bin/../lib/gcc/arm-none-eabi/4.7.4/../../../../arm-none-eabi/lib\libc_s.a(lib_a-vfscanf_float.o) (_strtod_r)
c:/isis/application/toolchain/bin/../lib/gcc/arm-none-eabi/4.7.4/../../../../arm-none-eabi/lib\libc_s.a(lib_a-strtol.o)
                              c:/isis/application/toolchain/bin/../lib/gcc/arm-none-eabi/4.7.4/../../../../arm-none-eabi/lib\libc_s.a(lib_a-vfscanf_float.o) (_strtol_r)
c:/isis/application/toolchain/bin/../lib/gcc/arm-none-eabi/4.7.4/../../../../arm-none-eabi/lib\libc_s.a(lib_a-svfprintf.o)
                              c:/isis/application/toolchain/bin/../lib/gcc/arm-none-eabi/4.7.4/../../../../arm-none-eabi/lib\libc_s.a(lib_a-sprintf.o) (_svfprintf_r)
[...]
Memory Configuration

Name             Origin             Length             Attributes
sram0            0x00200000         0x00004000         w !xr
sram1            0x00300000         0x00004000         w !xr
sdram            0x20000000         0x02000000         w !xr
*default*        0x00000000         0xffffffff

Linker script and memory map

LOAD c:/isis/application/toolchain/bin/../lib/gcc/arm-none-eabi/4.7.4/../../../../arm-none-eabi/lib\libc_s.a
LOAD ./src/sub-systemCode/Main/CMD/COMM_CMD.o
LOAD ./src/sub-systemCode/Main/CMD/EPS_CMD.o
LOAD ./src/sub-systemCode/Main/CMD/General_CMD.o
LOAD ./src/sub-systemCode/Main/CMD/SW_CMD.o
LOAD ./src/sub-systemCode/Main/CMD/payload_CMD.o
LOAD ./src/sub-systemCode/Main/Ants.o
LOAD ./src/sub-systemCode/Main/EPS.o
LOAD ./src/sub-systemCode/Main/HouseKeeping.o
LOAD ./src/sub-systemCode/Main/Main_Init.o
LOAD ./src/sub-systemCode/Main/commands.o
LOAD ./src/sub-systemCode/Global/Global.o
LOAD ./src/sub-systemCode/Global/GlobalParam.o
LOAD ./src/sub-systemCode/Global/OnlineTM.o
LOAD ./src/sub-systemCode/Global/TM_managment.o
LOAD ./src/sub-systemCode/COMM/APRS.o
LOAD ./src/sub-systemCode/COMM/DelayedCommand_list.o
LOAD ./src/sub-systemCode/COMM/GSC.o
LOAD ./src/sub-systemCode/COMM/TRXVU.o
LOAD ./src/sub-systemCode/ADCS/ADCS.o
LOAD ./src/sub-systemCode/ADCS/Stage_Table.o
LOAD ./src/main.o
LOAD C:/HOOPOE3/satellite-subsystems/demo/..//satellite-subsystems/lib\libSatelliteSubsystemsD.a
LOAD c:/isis/application/toolchain/bin/../lib/gcc/arm-none-eabi/4.7.4/../../../../arm-none-eabi/lib\libm.a
LOAD C:/HOOPOE3/satellite-subsystems/demo/../..//hal/hcc/lib\libHCCD.a
LOAD C:/HOOPOE3/satellite-subsystems/demo/../..//hal/hal/lib\libHALD.a
LOAD C:/HOOPOE3/satellite-subsystems/demo/../..//hal/freertos/lib\libFreeRTOSD.a
LOAD C:/HOOPOE3/satellite-subsystems/demo/../..//hal/at91/lib\libAt91D.a
START GROUP
LOAD c:/isis/application/toolchain/bin/../lib/gcc/arm-none-eabi/4.7.4\libgcc.a
LOAD c:/isis/application/toolchain/bin/../lib/gcc/arm-none-eabi/4.7.4/../../../../arm-none-eabi/lib\libc_s.a
END GROUP

.fixed          0x20000000    0x3f700
                0x20000000                . = ALIGN (0x4)
                0x20000000                _sfixed = .
 *(.startup)
 .startup       0x20000000      0x134 C:/HOOPOE3/satellite-subsystems/demo/../..//hal/at91/lib\libAt91D.a(board_cstartup.o)
                0x20000000                entry
 *(.text)
 .text          0x20000134       0x64 C:/HOOPOE3/satellite-subsystems/demo/../..//hal/at91/lib\libAt91D.a(cp15_asm.o)
                0x20000134                _readControlRegister
                0x20000140                _writeControlRegister
                0x20000148                _waitForInterrupt
                0x20000154                _writeTTB
                0x2000015c                _writeDomain
                0x20000164                _writeITLBLockdown
                0x2000016c                _prefetchICacheLine
                0x20000174                _flushDCache
                0x20000180                _flushWriteBuffer
                0x2000018c                _invalidateIDTLBs
 .text          0x20000198      0x114 c:/isis/application/toolchain/bin/../lib/gcc/arm-none-eabi/4.7.4\libgcc.a(_udivsi3.o)
                0x20000198                __aeabi_uidiv
                0x20000198                __udivsi3
                0x2000028c                __aeabi_uidivmod
 .text          0x200002ac      0x148 c:/isis/application/toolchain/bin/../lib/gcc/arm-none-eabi/4.7.4\libgcc.a(_divsi3.o)
                0x200002ac                __divsi3
                0x200002ac                __aeabi_idiv
                0x200003d4                __aeabi_idivmod
 .text          0x200003f4        0x4 c:/isis/application/toolchain/bin/../lib/gcc/arm-none-eabi/4.7.4\libgcc.a(_dvmd_tls.o)
                0x200003f4                __aeabi_idiv0
                0x200003f4                __aeabi_ldiv0
 .text          0x200003f8      0x41c c:/isis/application/toolchain/bin/../lib/gcc/arm-none-eabi/4.7.4\libgcc.a(_arm_addsubdf3.o)
                0x200003f8                __aeabi_drsub
                0x20000400                __aeabi_dsub
                0x20000400                __subdf3
                0x20000404                __aeabi_dadd
                0x20000404                __adddf3
                0x20000714                __floatunsidf
                0x20000714                __aeabi_ui2d
                0x20000738                __floatsidf
                0x20000738                __aeabi_i2d
                0x20000760                __aeabi_f2d
                0x20000760                __extendsfdf2
                0x200007a0                __floatundidf
                0x200007a0                __aeabi_ul2d
                0x200007b4                __floatdidf
                0x200007b4                __aeabi_l2d
 .text          0x20000814      0x49c c:/isis/application/toolchain/bin/../lib/gcc/arm-none-eabi/4.7.4\libgcc.a(_arm_muldivdf3.o)
                0x20000814                __aeabi_dmul
                0x20000814                __muldf3
                0x20000aa4                __divdf3
                0x20000aa4                __aeabi_ddiv
 .text          0x20000cb0      0x144 c:/isis/application/toolchain/bin/../lib/gcc/arm-none-eabi/4.7.4\libgcc.a(_arm_cmpdf2.o)
                0x20000cb0                __gtdf2
                0x20000cb0                __gedf2
                0x20000cb8                __ltdf2
                0x20000cb8                __ledf2
                0x20000cc0                __nedf2
                0x20000cc0                __eqdf2
                0x20000cc0                __cmpdf2
                0x20000d48                __aeabi_cdrcmple
                0x20000d64                __aeabi_cdcmpeq
                0x20000d64                __aeabi_cdcmple
                0x20000d7c                __aeabi_dcmpeq
                0x20000d94                __aeabi_dcmplt
                0x20000dac                __aeabi_dcmple
                0x20000dc4                __aeabi_dcmpge
                0x20000ddc                __aeabi_dcmpgt
 .text          0x20000df4       0x5c c:/isis/application/toolchain/bin/../lib/gcc/arm-none-eabi/4.7.4\libgcc.a(_arm_fixdfsi.o)
                0x20000df4                __aeabi_d2iz
                0x20000df4                __fixdfsi
 .text          0x20000e50       0x54 c:/isis/application/toolchain/bin/../lib/gcc/arm-none-eabi/4.7.4\libgcc.a(_arm_fixunsdfsi.o)
                0x20000e50                __aeabi_d2uiz
                0x20000e50                __fixunsdfsi
 .text          0x20000ea4       0xa0 c:/isis/application/toolchain/bin/../lib/gcc/arm-none-eabi/4.7.4\libgcc.a(_arm_truncdfsf2.o)
                0x20000ea4                __truncdfsf2
                0x20000ea4                __aeabi_d2f
 .text          0x20000f44      0x2ac c:/isis/application/toolchain/bin/../lib/gcc/arm-none-eabi/4.7.4\libgcc.a(_arm_addsubsf3.o)
                0x20000f44                __aeabi_frsub
                0x20000f4c                __subsf3
                0x20000f4c                __aeabi_fsub
                0x20000f50                __aeabi_fadd
                0x20000f50                __addsf3
                0x2000110c                __aeabi_ui2f
                0x2000110c                __floatunsisf
                0x20001114                __aeabi_i2f
                0x20001114                __floatsisf
                0x20001134                __aeabi_ul2f
                0x20001134                __floatundisf
                0x20001144                __aeabi_l2f
                0x20001144                __floatdisf
 .text          0x200011f0      0x2f8 c:/isis/application/toolchain/bin/../lib/gcc/arm-none-eabi/4.7.4\libgcc.a(_arm_muldivsf3.o)
                0x200011f0                __mulsf3
                0x200011f0                __aeabi_fmul
                0x20001388                __aeabi_fdiv
                0x20001388                __divsf3
 .text          0x200014e8       0x54 c:/isis/application/toolchain/bin/../lib/gcc/arm-none-eabi/4.7.4\libgcc.a(_arm_fixunssfsi.o)
                0x200014e8                __fixunssfsi
                0x200014e8                __aeabi_f2uiz
 *(.text*)
 .text.__cvt    0x2000153c      0x138 c:/isis/application/toolchain/bin/../lib/gcc/arm-none-eabi/4.7.4/../../../../arm-none-eabi/lib\libc_s.a(lib_a-vfprintf_float.o)
                0x2000153c                __cvt
 .text.__exponent
                0x20001674       0xa8 c:/isis/application/toolchain/bin/../lib/gcc/arm-none-eabi/4.7.4/../../../../arm-none-eabi/lib\libc_s.a(lib_a-vfprintf_float.o)
                0x20001674                __exponent
 .text._printf_float
                0x2000171c      0x7dc c:/isis/application/toolchain/bin/../lib/gcc/arm-none-eabi/4.7.4/../../../../arm-none-eabi/lib\libc_s.a(lib_a-vfprintf_float.o)
                0x2000171c                _printf_float
 .text._printf_common
                0x20001ef8      0x174 c:/isis/application/toolchain/bin/../lib/gcc/arm-none-eabi/4.7.4/../../../../arm-none-eabi/lib\libc_s.a(lib_a-vfprintf_i.o)
                0x20001ef8                _printf_common
 .text._printf_i
                0x2000206c      0x3c4 c:/isis/application/toolchain/bin/../lib/gcc/arm-none-eabi/4.7.4/../../../../arm-none-eabi/lib\libc_s.a(lib_a-vfprintf_i.o)
                0x2000206c                _printf_i
 .text._scanf_float
                0x20002430      0x5f4 c:/isis/application/toolchain/bin/../lib/gcc/arm-none-eabi/4.7.4/../../../../arm-none-eabi/lib\libc_s.a(lib_a-vfscanf_float.o)
                0x20002430                _scanf_float
 .text.quorem   0x20002a24      0x1ac c:/isis/application/toolchain/bin/../lib/gcc/arm-none-eabi/4.7.4/../../../../arm-none-eabi/lib\libc_s.a(lib_a-dtoa.o)
 .text._dtoa_r  0x20002bd0     0x1268 c:/isis/application/toolchain/bin/../lib/gcc/arm-none-eabi/4.7.4/../../../../arm-none-eabi/lib\libc_s.a(lib_a-dtoa.o)
                0x20002bd0                _dtoa_r
 .text._localeconv_r
                0x20003e38        0xc c:/isis/application/toolchain/bin/../lib/gcc/arm-none-eabi/4.7.4/../../../../arm-none-eabi/lib\libc_s.a(lib_a-locale.o)
                0x20003e38                _localeconv_r
 .text.malloc   0x20003e44       0x20 c:/isis/application/toolchain/bin/../lib/gcc/arm-none-eabi/4.7.4/../../../../arm-none-eabi/lib\libc_s.a(lib_a-malloc.o)
                0x20003e44                malloc
 .text.free     0x20003e64       0x20 c:/isis/application/toolchain/bin/../lib/gcc/arm-none-eabi/4.7.4/../../../../arm-none-eabi/lib\libc_s.a(lib_a-malloc.o)
                0x20003e64                free
 .text._malloc_r
                0x20003e84       0xfc c:/isis/application/toolchain/bin/../lib/gcc/arm-none-eabi/4.7.4/../../../../arm-none-eabi/lib\libc_s.a(lib_a-mallocr.o)
                0x20003e84                _malloc_r
 .text.memcpy   0x20003f80       0x20 c:/isis/application/toolchain/bin/../lib/gcc/arm-none-eabi/4.7.4/../../../../arm-none-eabi/lib\libc_s.a(lib_a-memcpy.o)
                0x20003f80                memcpy
 .text._Balloc  0x20003fa0       0xcc c:/isis/application/toolchain/bin/../lib/gcc/arm-none-eabi/4.7.4/../../../../arm-none-eabi/lib\libc_s.a(lib_a-mprec.o)
                0x20003fa0                _Balloc
 .text._Bfree   0x2000406c       0x5c c:/isis/application/toolchain/bin/../lib/gcc/arm-none-eabi/4.7.4/../../../../arm-none-eabi/lib\libc_s.a(lib_a-mprec.o)
                0x2000406c                _Bfree
 .text.__multadd
                0x200040c8       0xbc c:/isis/application/toolchain/bin/../lib/gcc/arm-none-eabi/4.7.4/../../../../arm-none-eabi/lib\libc_s.a(lib_a-mprec.o)
                0x200040c8                __multadd
 .text.__s2b    0x20004184       0xd8 c:/isis/application/toolchain/bin/../lib/gcc/arm-none-eabi/4.7.4/../../../../arm-none-eabi/lib\libc_s.a(lib_a-mprec.o)
                0x20004184                __s2b
 .text.__hi0bits
                0x2000425c       0x58 c:/isis/application/toolchain/bin/../lib/gcc/arm-none-eabi/4.7.4/../../../../arm-none-eabi/lib\libc_s.a(lib_a-mprec.o)
                0x2000425c                __hi0bits
 .text.__lo0bits
                0x200042b4       0x94 c:/isis/application/toolchain/bin/../lib/gcc/arm-none-eabi/4.7.4/../../../../arm-none-eabi/lib\libc_s.a(lib_a-mprec.o)
                0x200042b4                __lo0bits
 .text.__i2b    0x20004348       0x24 c:/isis/application/toolchain/bin/../lib/gcc/arm-none-eabi/4.7.4/../../../../arm-none-eabi/lib\libc_s.a(lib_a-mprec.o)
                0x20004348                __i2b
 .text.__multiply
                0x2000436c      0x1ac c:/isis/application/toolchain/bin/../lib/gcc/arm-none-eabi/4.7.4/../../../../arm-none-eabi/lib\libc_s.a(lib_a-mprec.o)
                0x2000436c                __multiply
 .text.__pow5mult
                0x20004518      0x10c c:/isis/application/toolchain/bin/../lib/gcc/arm-none-eabi/4.7.4/../../../../arm-none-eabi/lib\libc_s.a(lib_a-mprec.o)
                0x20004518                __pow5mult
 .text.__lshift
                0x20004624       0xf0 c:/isis/application/toolchain/bin/../lib/gcc/arm-none-eabi/4.7.4/../../../../arm-none-eabi/lib\libc_s.a(lib_a-mprec.o)
                0x20004624                __lshift
 .text.__mcmp   0x20004714       0x60 c:/isis/application/toolchain/bin/../lib/gcc/arm-none-eabi/4.7.4/../../../../arm-none-eabi/lib\libc_s.a(lib_a-mprec.o)
                0x20004714                __mcmp
 .text.__mdiff  0x20004774      0x128 c:/isis/application/toolchain/bin/../lib/gcc/arm-none-eabi/4.7.4/../../../../arm-none-eabi/lib\libc_s.a(lib_a-mprec.o)
                0x20004774                __mdiff
 .text.__ulp    0x2000489c       0x5c c:/isis/application/toolchain/bin/../lib/gcc/arm-none-eabi/4.7.4/../../../../arm-none-eabi/lib\libc_s.a(lib_a-mprec.o)
                0x2000489c                __ulp
 .text.__b2d    0x200048f8       0xc8 c:/isis/application/toolchain/bin/../lib/gcc/arm-none-eabi/4.7.4/../../../../arm-none-eabi/lib\libc_s.a(lib_a-mprec.o)
                0x200048f8                __b2d
 .text.__d2b    0x200049c0       0xfc c:/isis/application/toolchain/bin/../lib/gcc/arm-none-eabi/4.7.4/../../../../arm-none-eabi/lib\libc_s.a(lib_a-mprec.o)
                0x200049c0                __d2b
 .text.__ratio  0x20004abc       0x70 c:/isis/application/toolchain/bin/../lib/gcc/arm-none-eabi/4.7.4/../../../../arm-none-eabi/lib\libc_s.a(lib_a-mprec.o)
                0x20004abc                __ratio
 .text.__copybits
                0x20004b2c       0x4c c:/isis/application/toolchain/bin/../lib/gcc/arm-none-eabi/4.7.4/../../../../arm-none-eabi/lib\libc_s.a(lib_a-mprec.o)
                0x20004b2c                __copybits
 .text.__any_on
                0x20004b78       0x7c c:/isis/application/toolchain/bin/../lib/gcc/arm-none-eabi/4.7.4/../../../../arm-none-eabi/lib\libc_s.a(lib_a-mprec.o)
                0x20004b78                __any_on
 .text.__fpclassifyd
                0x20004bf4       0x6c c:/isis/application/toolchain/bin/../lib/gcc/arm-none-eabi/4.7.4/../../../../arm-none-eabi/lib\libc_s.a(lib_a-s_fpclassify.o)
                0x20004bf4                __fpclassifyd
 .text._sbrk_r  0x20004c60       0x3c c:/isis/application/toolchain/bin/../lib/gcc/arm-none-eabi/4.7.4/../../../../arm-none-eabi/lib\libc_s.a(lib_a-sbrkr.o)
                0x20004c60                _sbrk_r
 .text.nanf     0x20004c9c        0xc c:/isis/application/toolchain/bin/../lib/gcc/arm-none-eabi/4.7.4/../../../../arm-none-eabi/lib\libc_s.a(lib_a-sf_nan.o)
                0x20004c9c                nanf
 .text.sprintf  0x20004ca8       0x6c c:/isis/application/toolchain/bin/../lib/gcc/arm-none-eabi/4.7.4/../../../../arm-none-eabi/lib\libc_s.a(lib_a-sprintf.o)
                0x20004ca8                siprintf
                0x20004ca8                sprintf
 .text.strcmp   0x20004d14       0x1c c:/isis/application/toolchain/bin/../lib/gcc/arm-none-eabi/4.7.4/../../../../arm-none-eabi/lib\libc_s.a(lib_a-strcmp.o)
                0x20004d14                strcmp
 .text.strlen   0x20004d30       0x1c c:/isis/application/toolchain/bin/../lib/gcc/arm-none-eabi/4.7.4/../../../../arm-none-eabi/lib\libc_s.a(lib_a-strlen.o)
                0x20004d30                strlen
 .text.match    0x20004d4c       0x54 c:/isis/application/toolchain/bin/../lib/gcc/arm-none-eabi/4.7.4/../../../../arm-none-eabi/lib\libc_s.a(lib_a-strtod.o)
 .text._strtod_r
                0x20004da0     0x1168 c:/isis/application/toolchain/bin/../lib/gcc/arm-none-eabi/4.7.4/../../../../arm-none-eabi/lib\libc_s.a(lib_a-strtod.o)
                0x20004da0                _strtod_r
 .text._strtol_r
                0x20005f08      0x1b8 c:/isis/application/toolchain/bin/../lib/gcc/arm-none-eabi/4.7.4/../../../../arm-none-eabi/lib\libc_s.a(lib_a-strtol.o)
                0x20005f08                _strtol_r
 .text.__ssputc_r
                0x200060c0      0x10c c:/isis/application/toolchain/bin/../lib/gcc/arm-none-eabi/4.7.4/../../../../arm-none-eabi/lib\libc_s.a(lib_a-svfprintf.o)
                0x200060c0                __ssputc_r
 .text._svfprintf_r
                0x200061cc      0x328 c:/isis/application/toolchain/bin/../lib/gcc/arm-none-eabi/4.7.4/../../../../arm-none-eabi/lib\libc_s.a(lib_a-svfprintf.o)
                0x200061cc                _svfiprintf_r
                0x200061cc                _svfprintf_r
 .text._calloc_r
                0x200064f4       0x2c c:/isis/application/toolchain/bin/../lib/gcc/arm-none-eabi/4.7.4/../../../../arm-none-eabi/lib\libc_s.a(lib_a-callocr.o)
                0x200064f4                _calloc_r
 .text._free_r  0x20006520      0x108 c:/isis/application/toolchain/bin/../lib/gcc/arm-none-eabi/4.7.4/../../../../arm-none-eabi/lib\libc_s.a(lib_a-freer.o)
                0x20006520                _free_r
 .text.rshift   0x20006628       0xb0 c:/isis/application/toolchain/bin/../lib/gcc/arm-none-eabi/4.7.4/../../../../arm-none-eabi/lib\libc_s.a(lib_a-gdtoa-gethex.o)
 .text.htinit.constprop.0
                0x200066d8       0x34 c:/isis/application/toolchain/bin/../lib/gcc/arm-none-eabi/4.7.4/../../../../arm-none-eabi/lib\libc_s.a(lib_a-gdtoa-gethex.o)
 .text.__hexdig_init
                0x2000670c       0x38 c:/isis/application/toolchain/bin/../lib/gcc/arm-none-eabi/4.7.4/../../../../arm-none-eabi/lib\libc_s.a(lib_a-gdtoa-gethex.o)
                0x2000670c                __hexdig_init
 .text.__gethex
                0x20006744      0x6cc c:/isis/application/toolchain/bin/../lib/gcc/arm-none-eabi/4.7.4/../../../../arm-none-eabi/lib\libc_s.a(lib_a-gdtoa-gethex.o)
                0x20006744                __gethex
 .text.L_shift  0x20006e10       0x38 c:/isis/application/toolchain/bin/../lib/gcc/arm-none-eabi/4.7.4/../../../../arm-none-eabi/lib\libc_s.a(lib_a-gdtoa-hexnan.o)
 .text.__hexnan
                0x20006e48      0x1d8 c:/isis/application/toolchain/bin/../lib/gcc/arm-none-eabi/4.7.4/../../../../arm-none-eabi/lib\libc_s.a(lib_a-gdtoa-hexnan.o)
                0x20006e48                __hexnan
 .text.memchr   0x20007020       0x34 c:/isis/application/toolchain/bin/../lib/gcc/arm-none-eabi/4.7.4/../../../../arm-none-eabi/lib\libc_s.a(lib_a-memchr.o)
                0x20007020                memchr
 .text.memset   0x20007054       0x1c c:/isis/application/toolchain/bin/../lib/gcc/arm-none-eabi/4.7.4/../../../../arm-none-eabi/lib\libc_s.a(lib_a-memset.o)
                0x20007054                memset
 .text._realloc_r
                0x20007070       0x80 c:/isis/application/toolchain/bin/../lib/gcc/arm-none-eabi/4.7.4/../../../../arm-none-eabi/lib\libc_s.a(lib_a-reallocr.o)
                0x20007070                _realloc_r
 .text.strncmp  0x200070f0       0x64 c:/isis/application/toolchain/bin/../lib/gcc/arm-none-eabi/4.7.4/../../../../arm-none-eabi/lib\libc_s.a(lib_a-strncmp.o)
                0x200070f0                strncmp
 .text._malloc_usable_size_r
                0x20007154       0x1c c:/isis/application/toolchain/bin/../lib/gcc/arm-none-eabi/4.7.4/../../../../arm-none-eabi/lib\libc_s.a(lib_a-msizer.o)
                0x20007154                _malloc_usable_size_r
 .text.cmd_mute
                0x20007170       0xc4 ./src/sub-systemCode/Main/CMD/COMM_CMD.o
                0x20007170                cmd_mute
 .text.cmd_unmute
                0x20007234       0x4c ./src/sub-systemCode/Main/CMD/COMM_CMD.o
                0x20007234                cmd_unmute
 .text.cmd_active_trans
                0x20007280       0xc0 ./src/sub-systemCode/Main/CMD/COMM_CMD.o
                0x20007280                cmd_active_trans
 .text.cmd_shut_trans
                0x20007340       0x38 ./src/sub-systemCode/Main/CMD/COMM_CMD.o
                0x20007340                cmd_shut_trans
 .text.cmd_change_trans_rssi
                0x20007378      0x100 ./src/sub-systemCode/Main/CMD/COMM_CMD.o
                0x20007378                cmd_change_trans_rssi
 .text.cmd_aprs_dump
                0x20007478       0x50 ./src/sub-systemCode/Main/CMD/COMM_CMD.o
                0x20007478                cmd_aprs_dump
 .text.cmd_stop_dump
                0x200074c8       0x38 ./src/sub-systemCode/Main/CMD/COMM_CMD.o
                0x200074c8                cmd_stop_dump
 .text.cmd_time_frequency
                0x20007500       0xc0 ./src/sub-systemCode/Main/CMD/COMM_CMD.o
                0x20007500                cmd_time_frequency
 .text.cmd_change_def_bit_rate
                0x200075c0      0x158 ./src/sub-systemCode/Main/CMD/COMM_CMD.o
                0x200075c0                cmd_change_def_bit_rate
 .text.cmd_upload_volt_logic
                0x20007718      0x334 ./src/sub-systemCode/Main/CMD/EPS_CMD.o
                0x20007718                cmd_upload_volt_logic
 .text.cmd_upload_volt_COMM
                0x20007a4c      0x1c8 ./src/sub-systemCode/Main/CMD/EPS_CMD.o
                0x20007a4c                cmd_upload_volt_COMM
 .text.cmd_heater_temp
                0x20007c14       0xc0 ./src/sub-systemCode/Main/CMD/EPS_CMD.o
                0x20007c14                cmd_heater_temp
 .text.cmd_SHUT_CAM
                0x20007cd4       0x6c ./src/sub-systemCode/Main/CMD/EPS_CMD.o
                0x20007cd4                cmd_SHUT_CAM
 .text.cmd_SHUT_ADCS
                0x20007d40       0x6c ./src/sub-systemCode/Main/CMD/EPS_CMD.o
                0x20007d40                cmd_SHUT_ADCS
 .text.cmd_allow_CAM
                0x20007dac       0x6c ./src/sub-systemCode/Main/CMD/EPS_CMD.o
                0x20007dac                cmd_allow_CAM
 .text.cmd_allow_ADCS
                0x20007e18       0x6c ./src/sub-systemCode/Main/CMD/EPS_CMD.o
                0x20007e18                cmd_allow_ADCS
 .text.cmd_update_alpha
                0x20007e84      0x120 ./src/sub-systemCode/Main/CMD/EPS_CMD.o
                0x20007e84                cmd_update_alpha
 .text.cmd_generic_I2C
                0x20007fa4       0xb4 ./src/sub-systemCode/Main/CMD/General_CMD.o
                0x20007fa4                cmd_generic_I2C
 .text.cmd_dump
                0x20008058       0xf0 ./src/sub-systemCode/Main/CMD/General_CMD.o
                0x20008058                cmd_dump
 .text.cmd_delete_TM
                0x20008148      0x1dc ./src/sub-systemCode/Main/CMD/General_CMD.o
                0x20008148                cmd_delete_TM
 .text.cmd_reset_file
                0x20008324      0x110 ./src/sub-systemCode/Main/CMD/General_CMD.o
                0x20008324                cmd_reset_file
 .text.cmd_dummy_func
                0x20008434       0x40 ./src/sub-systemCode/Main/CMD/General_CMD.o
                0x20008434                cmd_dummy_func
 .text.cmd_soft_reset_cmponent
                0x20008474       0xac ./src/sub-systemCode/Main/CMD/General_CMD.o
                0x20008474                cmd_soft_reset_cmponent
 .text.cmd_hard_reset_cmponent
                0x20008520       0xac ./src/sub-systemCode/Main/CMD/General_CMD.o
                0x20008520                cmd_hard_reset_cmponent
 .text.cmd_reset_satellite
                0x200085cc       0x78 ./src/sub-systemCode/Main/CMD/General_CMD.o
                0x200085cc                cmd_reset_satellite
 .text.cmd_gracefull_reset_satellite
                0x20008644       0x78 ./src/sub-systemCode/Main/CMD/General_CMD.o
                0x20008644                cmd_gracefull_reset_satellite
 .text.cmd_upload_time
                0x200086bc       0xb0 ./src/sub-systemCode/Main/CMD/General_CMD.o
                0x200086bc                cmd_upload_time
 .text.cmd_ARM_DIARM
                0x2000876c       0xd4 ./src/sub-systemCode/Main/CMD/General_CMD.o
                0x2000876c                cmd_ARM_DIARM
 .text.cmd_get_onlineTM
                0x20008840       0xb8 ./src/sub-systemCode/Main/CMD/General_CMD.o
                0x20008840                cmd_get_onlineTM
 .text.cmd_reset_off_line
                0x200088f8       0x68 ./src/sub-systemCode/Main/CMD/General_CMD.o
                0x200088f8                cmd_reset_off_line
 .text.cmd_add_item_off_line
                0x20008960       0xf0 ./src/sub-systemCode/Main/CMD/General_CMD.o
                0x20008960                cmd_add_item_off_line
 .text.cmd_reset_delayed_command_list
                0x20008a50       0x3c ./src/sub-systemCode/Main/CMD/SW_CMD.o
                0x20008a50                cmd_reset_delayed_command_list
 .text.cmd_reset_APRS_list
                0x20008a8c       0x3c ./src/sub-systemCode/Main/CMD/SW_CMD.o
                0x20008a8c                cmd_reset_APRS_list
 .text.cmd_reset_FRAM
                0x20008ac8       0xe8 ./src/sub-systemCode/Main/CMD/SW_CMD.o
                0x20008ac8                cmd_reset_FRAM
 .text.ARM_ants
                0x20008bb0       0xb8 ./src/sub-systemCode/Main/Ants.o
                0x20008bb0                ARM_ants
 .text.DISARM_ants
                0x20008c68       0xb8 ./src/sub-systemCode/Main/Ants.o
                0x20008c68                DISARM_ants
 .text.round_vol
                0x20008d20      0x124 ./src/sub-systemCode/Main/EPS.o
                0x20008d20                round_vol
 .text.get_shut_ADCS
                0x20008e44       0x48 ./src/sub-systemCode/Main/EPS.o
                0x20008e44                get_shut_ADCS
 .text.shut_ADCS
                0x20008e8c       0x44 ./src/sub-systemCode/Main/EPS.o
                0x20008e8c                shut_ADCS
 .text.get_shut_CAM
                0x20008ed0       0x48 ./src/sub-systemCode/Main/EPS.o
                0x20008ed0                get_shut_CAM
 .text.shut_CAM
                0x20008f18       0x44 ./src/sub-systemCode/Main/EPS.o
                0x20008f18                shut_CAM
 .text.update_powerLines
                0x20008f5c       0xec ./src/sub-systemCode/Main/EPS.o
                0x20008f5c                update_powerLines
 .text.init_enterMode
                0x20009048       0x88 ./src/sub-systemCode/Main/EPS.o
                0x20009048                init_enterMode
 .text.EPS_Init
                0x200090d0      0x1c8 ./src/sub-systemCode/Main/EPS.o
                0x200090d0                EPS_Init
 .text.reset_FRAM_EPS
                0x20009298       0xe8 ./src/sub-systemCode/Main/EPS.o
                0x20009298                reset_FRAM_EPS
 .text.reset_EPS_voltages
                0x20009380       0xbc ./src/sub-systemCode/Main/EPS.o
                0x20009380                reset_EPS_voltages
 .text.battery_downward
                0x2000943c      0x114 ./src/sub-systemCode/Main/EPS.o
                0x2000943c                battery_downward
 .text.battery_upward
                0x20009550      0x120 ./src/sub-systemCode/Main/EPS.o
                0x20009550                battery_upward
 .text.EPS_Conditioning
                0x20009670      0x290 ./src/sub-systemCode/Main/EPS.o
                0x20009670                EPS_Conditioning
 .text.overRide_ADCS
                0x20009900       0x50 ./src/sub-systemCode/Main/EPS.o
                0x20009900                overRide_ADCS
 .text.overRide_Camera
                0x20009950       0x38 ./src/sub-systemCode/Main/EPS.o
                0x20009950                overRide_Camera
 .text.EnterFullMode
                0x20009988       0xfc ./src/sub-systemCode/Main/EPS.o
                0x20009988                EnterFullMode
 .text.EnterCruiseMode
                0x20009a84       0xec ./src/sub-systemCode/Main/EPS.o
                0x20009a84                EnterCruiseMode
 .text.EnterSafeMode
                0x20009b70       0xec ./src/sub-systemCode/Main/EPS.o
                0x20009b70                EnterSafeMode
 .text.EnterCriticalMode
                0x20009c5c       0xd8 ./src/sub-systemCode/Main/EPS.o
                0x20009c5c                EnterCriticalMode
 .text.check_EPSTableCorrection
                0x20009d34      0x150 ./src/sub-systemCode/Main/EPS.o
                0x20009d34                check_EPSTableCorrection
 .text.find_fileName
                0x20009e84      0x5e4 ./src/sub-systemCode/Main/HouseKeeping.o
                0x20009e84                find_fileName
 .text.size_of_element
                0x2000a468      0x108 ./src/sub-systemCode/Main/HouseKeeping.o
                0x2000a468                size_of_element
 .text.save_ACK
                0x2000a570       0xa0 ./src/sub-systemCode/Main/HouseKeeping.o
                0x2000a570                save_ACK
 .text.set_GP_EPS
                0x2000a610      0x10c ./src/sub-systemCode/Main/HouseKeeping.o
                0x2000a610                set_GP_EPS
 .text.set_GP_COMM
                0x2000a71c       0x88 ./src/sub-systemCode/Main/HouseKeeping.o
                0x2000a71c                set_GP_COMM
 .text.SP_HK_collect
                0x2000a7a4      0x17c ./src/sub-systemCode/Main/HouseKeeping.o
                0x2000a7a4                SP_HK_collect
 .text.EPS_HK_collect
                0x2000a920      0x4d8 ./src/sub-systemCode/Main/HouseKeeping.o
                0x2000a920                EPS_HK_collect
 .text.CAM_HK_collect
                0x2000adf8      0x91c ./src/sub-systemCode/Main/HouseKeeping.o
                0x2000adf8                CAM_HK_collect
 .text.COMM_HK_collect
                0x2000b714      0x154 ./src/sub-systemCode/Main/HouseKeeping.o
                0x2000b714                COMM_HK_collect
 .text.COMM_create_file
                0x2000b868       0x74 ./src/sub-systemCode/Main/HouseKeeping.o
                0x2000b868                COMM_create_file
 .text.ACK_create_file
                0x2000b8dc       0x74 ./src/sub-systemCode/Main/HouseKeeping.o
                0x2000b8dc                ACK_create_file
 .text.EPS_create_file
                0x2000b950       0x74 ./src/sub-systemCode/Main/HouseKeeping.o
                0x2000b950                EPS_create_file
 .text.CAM_create_file
                0x2000b9c4       0x54 ./src/sub-systemCode/Main/HouseKeeping.o
                0x2000b9c4                CAM_create_file
 .text.SP_create_file
                0x2000ba18       0x54 ./src/sub-systemCode/Main/HouseKeeping.o
                0x2000ba18                SP_create_file
 .text.create_files
                0x2000ba6c       0x48 ./src/sub-systemCode/Main/HouseKeeping.o
                0x2000ba6c                create_files
 .text.save_SP_HK
                0x2000bab4       0x70 ./src/sub-systemCode/Main/HouseKeeping.o
                0x2000bab4                save_SP_HK
 .text.save_EPS_HK
                0x2000bb24       0x70 ./src/sub-systemCode/Main/HouseKeeping.o
                0x2000bb24                save_EPS_HK
 .text.save_CAM_HK
                0x2000bb94       0x84 ./src/sub-systemCode/Main/HouseKeeping.o
                0x2000bb94                save_CAM_HK
 .text.save_COMM_HK
                0x2000bc18       0x70 ./src/sub-systemCode/Main/HouseKeeping.o
                0x2000bc18                save_COMM_HK
 .text.EPS_HK_raw_BigEnE
                0x2000bc88      0x194 ./src/sub-systemCode/Main/HouseKeeping.o
                0x2000bc88                EPS_HK_raw_BigEnE
 .text.CAM_HK_raw_BigEnE
                0x2000be1c      0x194 ./src/sub-systemCode/Main/HouseKeeping.o
                0x2000be1c                CAM_HK_raw_BigEnE
 .text.COMM_HK_raw_BigEnE
                0x2000bfb0      0x194 ./src/sub-systemCode/Main/HouseKeeping.o
                0x2000bfb0                COMM_HK_raw_BigEnE
 .text.ADCS_HK_raw_BigEnE
                0x2000c144      0x194 ./src/sub-systemCode/Main/HouseKeeping.o
                0x2000c144                ADCS_HK_raw_BigEnE
 .text.ADCS_SC_raw_BigEnE
                0x2000c2d8      0x188 ./src/sub-systemCode/Main/HouseKeeping.o
                0x2000c2d8                ADCS_SC_raw_BigEnE
 .text.build_HK_spl_packet
                0x2000c460      0xa2c ./src/sub-systemCode/Main/HouseKeeping.o
                0x2000c460                build_HK_spl_packet
 .text.HouseKeeping_highRate_Task
                0x2000ce8c       0x60 ./src/sub-systemCode/Main/HouseKeeping.o
                0x2000ce8c                HouseKeeping_highRate_Task
 .text.HouseKeeping_lowRate_Task
                0x2000ceec       0x5c ./src/sub-systemCode/Main/HouseKeeping.o
                0x2000ceec                HouseKeeping_lowRate_Task
 .text.test_menu
                0x2000cf48       0xd8 ./src/sub-systemCode/Main/Main_Init.o
                0x2000cf48                test_menu
 .text.numberOfRestarts
                0x2000d020       0x94 ./src/sub-systemCode/Main/Main_Init.o
                0x2000d020                numberOfRestarts
 .text.StartFRAM
                0x2000d0b4       0x38 ./src/sub-systemCode/Main/Main_Init.o
                0x2000d0b4                StartFRAM
 .text.StartI2C
                0x2000d0ec       0x44 ./src/sub-systemCode/Main/Main_Init.o
                0x2000d0ec                StartI2C
 .text.StartSPI
                0x2000d130       0x40 ./src/sub-systemCode/Main/Main_Init.o
                0x2000d130                StartSPI
 .text.StartTIME
                0x2000d170      0x118 ./src/sub-systemCode/Main/Main_Init.o
                0x2000d170                StartTIME
 .text.first_activation
                0x2000d288       0x78 ./src/sub-systemCode/Main/Main_Init.o
                0x2000d288                first_activation
 .text.InitSubsystems
                0x2000d300       0x68 ./src/sub-systemCode/Main/Main_Init.o
                0x2000d300                InitSubsystems
 .text.SubSystemTaskStart
                0x2000d368      0x11c ./src/sub-systemCode/Main/Main_Init.o
                0x2000d368                SubSystemTaskStart
 .text.copy_command
                0x2000d484       0x80 ./src/sub-systemCode/Main/commands.o
                0x2000d484                copy_command
 .text.reset_command
                0x2000d504       0x28 ./src/sub-systemCode/Main/commands.o
                0x2000d504                reset_command
 .text.init_command
                0x2000d52c       0xd4 ./src/sub-systemCode/Main/commands.o
                0x2000d52c                init_command
 .text.add_command
                0x2000d600      0x138 ./src/sub-systemCode/Main/commands.o
                0x2000d600                add_command
 .text.get_command
                0x2000d738      0x1cc ./src/sub-systemCode/Main/commands.o
                0x2000d738                get_command
 .text.act_upon_command
                0x2000d904      0x200 ./src/sub-systemCode/Main/commands.o
                0x2000d904                act_upon_command
 .text.cmd_error
                0x2000db04       0x38 ./src/sub-systemCode/Main/commands.o
                0x2000db04                cmd_error
 .text.AUC_COMM
                0x2000db3c      0x25c ./src/sub-systemCode/Main/commands.o
                0x2000db3c                AUC_COMM
 .text.AUC_general
                0x2000dd98      0x474 ./src/sub-systemCode/Main/commands.o
                0x2000dd98                AUC_general
 .text.AUC_payload
                0x2000e20c      0x110 ./src/sub-systemCode/Main/commands.o
                0x2000e20c                AUC_payload
 .text.AUC_EPS  0x2000e31c      0x28c ./src/sub-systemCode/Main/commands.o
                0x2000e31c                AUC_EPS
 .text.AUC_ADCS
                0x2000e5a8       0x5c ./src/sub-systemCode/Main/commands.o
                0x2000e5a8                AUC_ADCS
 .text.AUC_SW   0x2000e604       0xe4 ./src/sub-systemCode/Main/commands.o
                0x2000e604                AUC_SW
 .text.AUC_onlineTM
                0x2000e6e8      0x16c ./src/sub-systemCode/Main/commands.o
                0x2000e6e8                AUC_onlineTM
 .text.AUC_special_operation
                0x2000e854       0x8c ./src/sub-systemCode/Main/commands.o
                0x2000e854                AUC_special_operation
 .text.check_int
                0x2000e8e0       0x3c ./src/sub-systemCode/Global/Global.o
                0x2000e8e0                check_int
 .text.check_portBASE_TYPE
                0x2000e91c       0x3c ./src/sub-systemCode/Global/Global.o
                0x2000e91c                check_portBASE_TYPE
 .text.soft_reset_subsystem
                0x2000e958       0xd8 ./src/sub-systemCode/Global/Global.o
                0x2000e958                soft_reset_subsystem
 .text.hard_reset_subsystem
                0x2000ea30      0x104 ./src/sub-systemCode/Global/Global.o
                0x2000ea30                hard_reset_subsystem
 .text.BigEnE_raw_to_uInt
                0x2000eb34       0x94 ./src/sub-systemCode/Global/Global.o
                0x2000eb34                BigEnE_raw_to_uInt
 .text.BigEnE_raw_to_uShort
                0x2000ebc8       0x50 ./src/sub-systemCode/Global/Global.o
                0x2000ebc8                BigEnE_raw_to_uShort
 .text.BigEnE_uInt_to_raw
                0x2000ec18       0x78 ./src/sub-systemCode/Global/Global.o
                0x2000ec18                BigEnE_uInt_to_raw
 .text.reset_FRAM_MAIN
                0x2000ec90      0x19c ./src/sub-systemCode/Global/Global.o
                0x2000ec90                reset_FRAM_MAIN
 .text.init_GP  0x2000ee2c      0x300 ./src/sub-systemCode/Global/GlobalParam.o
                0x2000ee2c                init_GP
 .text.get_system_state
                0x2000f12c      0x268 ./src/sub-systemCode/Global/GlobalParam.o
                0x2000f12c                get_system_state
 .text.set_system_state
                0x2000f394      0x298 ./src/sub-systemCode/Global/GlobalParam.o
                0x2000f394                set_system_state
 .text.get_current_global_param
                0x2000f62c      0x5c8 ./src/sub-systemCode/Global/GlobalParam.o
                0x2000f62c                get_current_global_param
 .text.set_Vbatt
                0x2000fbf4       0x8c ./src/sub-systemCode/Global/GlobalParam.o
                0x2000fbf4                set_Vbatt
 .text.get_Vbatt
                0x2000fc80       0x8c ./src/sub-systemCode/Global/GlobalParam.o
                0x2000fc80                get_Vbatt
 .text.set_curBat
                0x2000fd0c       0x8c ./src/sub-systemCode/Global/GlobalParam.o
                0x2000fd0c                set_curBat
 .text.set_cur3V3
                0x2000fd98       0x8c ./src/sub-systemCode/Global/GlobalParam.o
                0x2000fd98                set_cur3V3
 .text.set_cur5V
                0x2000fe24       0x8c ./src/sub-systemCode/Global/GlobalParam.o
                0x2000fe24                set_cur5V
 .text.set_tempComm_LO
                0x2000feb0       0x8c ./src/sub-systemCode/Global/GlobalParam.o
                0x2000feb0                set_tempComm_LO
 .text.set_tempComm_PA
                0x2000ff3c       0x8c ./src/sub-systemCode/Global/GlobalParam.o
                0x2000ff3c                set_tempComm_PA
 .text.set_tempEPS
                0x2000ffc8       0xc8 ./src/sub-systemCode/Global/GlobalParam.o
                0x2000ffc8                set_tempEPS
 .text.set_tempBatt
                0x20010090       0xc8 ./src/sub-systemCode/Global/GlobalParam.o
                0x20010090                set_tempBatt
 .text.set_RxDoppler
                0x20010158       0x8c ./src/sub-systemCode/Global/GlobalParam.o
                0x20010158                set_RxDoppler
 .text.set_RxRSSI
                0x200101e4       0x8c ./src/sub-systemCode/Global/GlobalParam.o
                0x200101e4                set_RxRSSI
 .text.set_TxRefl
                0x20010270       0x8c ./src/sub-systemCode/Global/GlobalParam.o
                0x20010270                set_TxRefl
 .text.set_TxForw
                0x200102fc       0x8c ./src/sub-systemCode/Global/GlobalParam.o
                0x200102fc                set_TxForw
 .text.get_ST   0x20010388       0x8c ./src/sub-systemCode/Global/GlobalParam.o
                0x20010388                get_ST
 .text.set_numOfAPRS
                0x20010414       0x8c ./src/sub-systemCode/Global/GlobalParam.o
                0x20010414                set_numOfAPRS
 .text.set_numOfDelayedCommand
                0x200104a0       0x8c ./src/sub-systemCode/Global/GlobalParam.o
                0x200104a0                set_numOfDelayedCommand
 .text.set_numOfResets
                0x2001052c       0xac ./src/sub-systemCode/Global/GlobalParam.o
                0x2001052c                set_numOfResets
 .text.set_ground_conn
                0x200105d8       0xa0 ./src/sub-systemCode/Global/GlobalParam.o
                0x200105d8                set_ground_conn
 .text.get_ground_conn
                0x20010678       0xa0 ./src/sub-systemCode/Global/GlobalParam.o
                0x20010678                get_ground_conn
 .text.IsisAntS_getStatusData_sideA
                0x20010718       0x3c ./src/sub-systemCode/Global/OnlineTM.o
                0x20010718                IsisAntS_getStatusData_sideA
 .text.IsisAntS_getAlltelemetry_sideA
                0x20010754       0x3c ./src/sub-systemCode/Global/OnlineTM.o
                0x20010754                IsisAntS_getAlltelemetry_sideA
 .text.IsisAntS_getTemperature_sideA
                0x20010790       0x3c ./src/sub-systemCode/Global/OnlineTM.o
                0x20010790                IsisAntS_getTemperature_sideA
 .text.IsisAntS_getStatusData_sideB
                0x200107cc       0x3c ./src/sub-systemCode/Global/OnlineTM.o
                0x200107cc                IsisAntS_getStatusData_sideB
 .text.IsisAntS_getAlltelemetry_sideB
                0x20010808       0x3c ./src/sub-systemCode/Global/OnlineTM.o
                0x20010808                IsisAntS_getAlltelemetry_sideB
 .text.IsisAntS_getTemperature_sideB
                0x20010844       0x3c ./src/sub-systemCode/Global/OnlineTM.o
                0x20010844                IsisAntS_getTemperature_sideB
 .text.get_item_by_index
                0x20010880       0xd8 ./src/sub-systemCode/Global/OnlineTM.o
                0x20010880                get_item_by_index
 .text.init_onlineParam
                0x20010958      0xc80 ./src/sub-systemCode/Global/OnlineTM.o
                0x20010958                init_onlineParam
 .text.reset_offline_TM_list
                0x200115d8       0x50 ./src/sub-systemCode/Global/OnlineTM.o
                0x200115d8                reset_offline_TM_list
 .text.get_online_packet
                0x20011628      0x254 ./src/sub-systemCode/Global/OnlineTM.o
                0x20011628                get_online_packet
 .text.save_onlineTM_param
                0x2001187c      0x1d8 ./src/sub-systemCode/Global/OnlineTM.o
                0x2001187c                save_onlineTM_param
 .text.add_onlineTM_param_to_save_list
                0x20011a54      0x214 ./src/sub-systemCode/Global/OnlineTM.o
                0x20011a54                add_onlineTM_param_to_save_list
 .text.save_onlineTM_logic
                0x20011c68      0x180 ./src/sub-systemCode/Global/OnlineTM.o
                0x20011c68                save_onlineTM_logic
 .text.save_onlineTM_task
                0x20011de8       0x38 ./src/sub-systemCode/Global/OnlineTM.o
                0x20011de8                save_onlineTM_task
 .text.delete_allTMFilesFromSD
                0x20011e20       0xf8 ./src/sub-systemCode/Global/TM_managment.o
                0x20011e20                delete_allTMFilesFromSD
 .text.getNumOfFilesInFS
                0x20011f18       0x44 ./src/sub-systemCode/Global/TM_managment.o
 .text.setNumOfFilesInFS
                0x20011f5c       0x50 ./src/sub-systemCode/Global/TM_managment.o
 .text.InitializeFS
                0x20011fac      0x174 ./src/sub-systemCode/Global/TM_managment.o
                0x20011fac                InitializeFS
 .text.c_fileCreate
                0x20012120       0xf4 ./src/sub-systemCode/Global/TM_managment.o
                0x20012120                c_fileCreate
 .text.writewithEpochtime
                0x20012214       0x9c ./src/sub-systemCode/Global/TM_managment.o
 .text.get_C_FILE_struct
                0x200122b0      0x104 ./src/sub-systemCode/Global/TM_managment.o
 .text.getFileIndex
                0x200123b4       0x4c ./src/sub-systemCode/Global/TM_managment.o
 .text.get_file_name_by_index
                0x20012400       0x54 ./src/sub-systemCode/Global/TM_managment.o
                0x20012400                get_file_name_by_index
 .text.c_fileReset
                0x20012454       0xbc ./src/sub-systemCode/Global/TM_managment.o
                0x20012454                c_fileReset
 .text.c_fileWrite
                0x20012510      0x11c ./src/sub-systemCode/Global/TM_managment.o
                0x20012510                c_fileWrite
 .text.c_fileRead
                0x2001262c      0x28c ./src/sub-systemCode/Global/TM_managment.o
                0x2001262c                c_fileRead
 .text.reset_APRS_list
                0x200128b8       0xa4 ./src/sub-systemCode/COMM/APRS.o
                0x200128b8                reset_APRS_list
 .text.send_APRS_Dump
                0x2001295c      0x1c0 ./src/sub-systemCode/COMM/APRS.o
                0x2001295c                send_APRS_Dump
 .text.check_APRS
                0x20012b1c      0x1a4 ./src/sub-systemCode/COMM/APRS.o
                0x20012b1c                check_APRS
 .text.get_APRS_list
                0x20012cc0       0x88 ./src/sub-systemCode/COMM/APRS.o
                0x20012cc0                get_APRS_list
 .text.find_CMD_in_list
                0x20012d48       0x7c ./src/sub-systemCode/COMM/DelayedCommand_list.o
                0x20012d48                find_CMD_in_list
 .text.find_empty_in_list
                0x20012dc4       0x74 ./src/sub-systemCode/COMM/DelayedCommand_list.o
                0x20012dc4                find_empty_in_list
 .text.check_delayCommandTime
                0x20012e38       0x8c ./src/sub-systemCode/COMM/DelayedCommand_list.o
                0x20012e38                check_delayCommandTime
 .text.execute_delayedCommand
                0x20012ec4       0x64 ./src/sub-systemCode/COMM/DelayedCommand_list.o
                0x20012ec4                execute_delayedCommand
 .text.check_delaycommand
                0x20012f28      0x17c ./src/sub-systemCode/COMM/DelayedCommand_list.o
                0x20012f28                check_delaycommand
 .text.reset_delayCommand
                0x200130a4       0x8c ./src/sub-systemCode/COMM/DelayedCommand_list.o
                0x200130a4                reset_delayCommand
 .text.add_delayCommand
                0x20013130      0x1a4 ./src/sub-systemCode/COMM/DelayedCommand_list.o
                0x20013130                add_delayCommand
 .text.get_delayCommand_list
                0x200132d4       0x80 ./src/sub-systemCode/COMM/DelayedCommand_list.o
                0x200132d4                get_delayCommand_list
 .text.EmptyOldestCommand
                0x20013354       0xfc ./src/sub-systemCode/COMM/DelayedCommand_list.o
                0x20013354                EmptyOldestCommand
 .text.decode_TCpacket
                0x20013450      0x16c ./src/sub-systemCode/COMM/GSC.o
                0x20013450                decode_TCpacket
 .text.encode_TCpacket
                0x200135bc      0x114 ./src/sub-systemCode/COMM/GSC.o
                0x200135bc                encode_TCpacket
 .text.encode_TMpacket
                0x200136d0      0x104 ./src/sub-systemCode/COMM/GSC.o
                0x200136d0                encode_TMpacket
 .text.build_raw_ACK
                0x200137d4       0xbc ./src/sub-systemCode/COMM/GSC.o
                0x200137d4                build_raw_ACK
 .text.build_data_field_ACK
                0x20013890       0x74 ./src/sub-systemCode/COMM/GSC.o
                0x20013890                build_data_field_ACK
 .text.toggle_idle_state
                0x20013904       0x64 ./src/sub-systemCode/COMM/TRXVU.o
                0x20013904                toggle_idle_state
 .text.TRXVU_init_hardWare
                0x20013968       0x98 ./src/sub-systemCode/COMM/TRXVU.o
                0x20013968                TRXVU_init_hardWare
 .text.TRXVU_init_softWare
                0x20013a00      0x1a4 ./src/sub-systemCode/COMM/TRXVU.o
                0x20013a00                TRXVU_init_softWare
 .text.init_trxvu
                0x20013ba4       0x14 ./src/sub-systemCode/COMM/TRXVU.o
                0x20013ba4                init_trxvu
 .text.TRXVU_task
                0x20013bb8       0x9c ./src/sub-systemCode/COMM/TRXVU.o
                0x20013bb8                TRXVU_task
 .text.dump_logic
                0x20013c54      0x324 ./src/sub-systemCode/COMM/TRXVU.o
                0x20013c54                dump_logic
 .text.Dump_task
                0x20013f78      0x16c ./src/sub-systemCode/COMM/TRXVU.o
                0x20013f78                Dump_task
 .text.transponder_logic
                0x200140e4       0xbc ./src/sub-systemCode/COMM/TRXVU.o
                0x200140e4                transponder_logic
 .text.Transponder_task
                0x200141a0      0x1f4 ./src/sub-systemCode/COMM/TRXVU.o
                0x200141a0                Transponder_task
 .text.lookForRequestToDelete_transponder
                0x20014394       0xac ./src/sub-systemCode/COMM/TRXVU.o
                0x20014394                lookForRequestToDelete_transponder
 .text.lookForRequestToDelete_dump
                0x20014440       0x7c ./src/sub-systemCode/COMM/TRXVU.o
                0x20014440                lookForRequestToDelete_dump
 .text.sendRequestToStop_dump
                0x200144bc       0x8c ./src/sub-systemCode/COMM/TRXVU.o
                0x200144bc                sendRequestToStop_dump
 .text.sendRequestToStop_transponder
                0x20014548       0x98 ./src/sub-systemCode/COMM/TRXVU.o
                0x20014548                sendRequestToStop_transponder
 .text.Rx_logic
                0x200145e0      0x184 ./src/sub-systemCode/COMM/TRXVU.o
                0x200145e0                Rx_logic
 .text.pass_above_Ground
                0x20014764      0x104 ./src/sub-systemCode/COMM/TRXVU.o
                0x20014764                pass_above_Ground
 .text.trxvu_logic
                0x20014868       0x1c ./src/sub-systemCode/COMM/TRXVU.o
                0x20014868                trxvu_logic
 .text.Beacon_task
                0x20014884      0x170 ./src/sub-systemCode/COMM/TRXVU.o
                0x20014884                Beacon_task
 .text.buildAndSend_beacon
                0x200149f4      0x604 ./src/sub-systemCode/COMM/TRXVU.o
                0x200149f4                buildAndSend_beacon
 .text.reset_FRAM_TRXVU
                0x20014ff8      0x160 ./src/sub-systemCode/COMM/TRXVU.o
                0x20014ff8                reset_FRAM_TRXVU
 .text.TRX_sendFrame
                0x20015158      0x1c0 ./src/sub-systemCode/COMM/TRXVU.o
                0x20015158                TRX_sendFrame
 .text.TRX_getFrameData
                0x20015318      0x128 ./src/sub-systemCode/COMM/TRXVU.o
                0x20015318                TRX_getFrameData
 .text.mute_Tx  0x20015440       0x20 ./src/sub-systemCode/COMM/TRXVU.o
                0x20015440                mute_Tx
 .text.unmute_Tx
                0x20015460       0x60 ./src/sub-systemCode/COMM/TRXVU.o
                0x20015460                unmute_Tx
 .text.check_time_off_mute
                0x200154c0       0x88 ./src/sub-systemCode/COMM/TRXVU.o
                0x200154c0                check_time_off_mute
 .text.set_mute_time
                0x20015548       0xb4 ./src/sub-systemCode/COMM/TRXVU.o
                0x20015548                set_mute_time
 .text.change_TRXVU_state
                0x200155fc       0xd0 ./src/sub-systemCode/COMM/TRXVU.o
                0x200155fc                change_TRXVU_state
 .text.change_trans_RSSI
                0x200156cc       0x60 ./src/sub-systemCode/COMM/TRXVU.o
                0x200156cc                change_trans_RSSI
 .text.init_adcs
                0x2001572c      0x104 ./src/sub-systemCode/ADCS/ADCS.o
                0x2001572c                init_adcs
 .text.telemtryStart
                0x20015830      0x16c ./src/sub-systemCode/ADCS/Stage_Table.o
                0x20015830                telemtryStart
 .text.powerStart
                0x2001599c       0x5c ./src/sub-systemCode/ADCS/Stage_Table.o
                0x2001599c                powerStart
 .text.createTable
                0x200159f8       0xb4 ./src/sub-systemCode/ADCS/Stage_Table.o
                0x200159f8                createTable
 .text.buildControlMode
                0x20015aac       0x60 ./src/sub-systemCode/ADCS/Stage_Table.o
                0x20015aac                buildControlMode
 .text.Check_Table
                0x20015b0c      0x178 ./src/sub-systemCode/ADCS/Stage_Table.o
                0x20015b0c                Check_Table
 .text.updateTable
                0x20015c84      0x1f0 ./src/sub-systemCode/ADCS/Stage_Table.o
                0x20015c84                updateTable
 .text.translateCommandFULL
                0x20015e74       0x78 ./src/sub-systemCode/ADCS/Stage_Table.o
                0x20015e74                translateCommandFULL
 .text.getTableTo
                0x20015eec       0x64 ./src/sub-systemCode/ADCS/Stage_Table.o
                0x20015eec                getTableTo
 .text.save_time
                0x20015f50       0x9c ./src/main.o
                0x20015f50                save_time
 .text.Command_logic
                0x20015fec       0x6c ./src/main.o
                0x20015fec                Command_logic
 .text.taskMain
                0x20016058       0x74 ./src/main.o
                0x20016058                taskMain
 .text.main     0x200160cc       0xbc ./src/main.o
                0x200160cc                main
 .text.GomEpsInitialize
                0x20016188      0x148 C:/HOOPOE3/satellite-subsystems/demo/..//satellite-subsystems/lib\libSatelliteSubsystemsD.a(GomEPS.o)
                0x20016188                GomEpsInitialize
 .text.makeEPStransfer
                0x200162d0       0x3c C:/HOOPOE3/satellite-subsystems/demo/..//satellite-subsystems/lib\libSatelliteSubsystemsD.a(GomEPS.o)
 .text.GomEpsSoftReset
                0x2001630c       0xc4 C:/HOOPOE3/satellite-subsystems/demo/..//satellite-subsystems/lib\libSatelliteSubsystemsD.a(GomEPS.o)
                0x2001630c                GomEpsSoftReset
 .text.GomEpsHardReset
                0x200163d0       0xa8 C:/HOOPOE3/satellite-subsystems/demo/..//satellite-subsystems/lib\libSatelliteSubsystemsD.a(GomEPS.o)
                0x200163d0                GomEpsHardReset
 .text.GomEpsGetHkData_param
                0x20016478      0x29c C:/HOOPOE3/satellite-subsystems/demo/..//satellite-subsystems/lib\libSatelliteSubsystemsD.a(GomEPS.o)
                0x20016478                GomEpsGetHkData_param
 .text.GomEpsGetHkData_general
                0x20016714      0x45c C:/HOOPOE3/satellite-subsystems/demo/..//satellite-subsystems/lib\libSatelliteSubsystemsD.a(GomEPS.o)
                0x20016714                GomEpsGetHkData_general
 .text.GomEpsGetHkData_vi
                0x20016b70      0x188 C:/HOOPOE3/satellite-subsystems/demo/..//satellite-subsystems/lib\libSatelliteSubsystemsD.a(GomEPS.o)
                0x20016b70                GomEpsGetHkData_vi
 .text.GomEpsGetHkData_out
                0x20016cf8      0x21c C:/HOOPOE3/satellite-subsystems/demo/..//satellite-subsystems/lib\libSatelliteSubsystemsD.a(GomEPS.o)
                0x20016cf8                GomEpsGetHkData_out
 .text.GomEpsGetHkData_wdt
                0x20016f14      0x2b4 C:/HOOPOE3/satellite-subsystems/demo/..//satellite-subsystems/lib\libSatelliteSubsystemsD.a(GomEPS.o)
                0x20016f14                GomEpsGetHkData_wdt
 .text.GomEpsGetHkData_basic
                0x200171c8      0x22c C:/HOOPOE3/satellite-subsystems/demo/..//satellite-subsystems/lib\libSatelliteSubsystemsD.a(GomEPS.o)
                0x200171c8                GomEpsGetHkData_basic
 .text.GomEpsSetOutput
                0x200173f4       0xbc C:/HOOPOE3/satellite-subsystems/demo/..//satellite-subsystems/lib\libSatelliteSubsystemsD.a(GomEPS.o)
                0x200173f4                GomEpsSetOutput
 .text.GomEpsConfigGet
                0x200174b0      0x16c C:/HOOPOE3/satellite-subsystems/demo/..//satellite-subsystems/lib\libSatelliteSubsystemsD.a(GomEPS.o)
                0x200174b0                GomEpsConfigGet
 .text.GomEpsConfigSet
                0x2001761c      0x184 C:/HOOPOE3/satellite-subsystems/demo/..//satellite-subsystems/lib\libSatelliteSubsystemsD.a(GomEPS.o)
                0x2001761c                GomEpsConfigSet
 .text.GomEpsConfig2Get
                0x200177a0      0x16c C:/HOOPOE3/satellite-subsystems/demo/..//satellite-subsystems/lib\libSatelliteSubsystemsD.a(GomEPS.o)
                0x200177a0                GomEpsConfig2Get
 .text.makeAntStransfer
                0x2001790c       0x4c C:/HOOPOE3/satellite-subsystems/demo/..//satellite-subsystems/lib\libSatelliteSubsystemsD.a(IsisAntS.o)
 .text.checkInputsValid
                0x20017958       0x7c C:/HOOPOE3/satellite-subsystems/demo/..//satellite-subsystems/lib\libSatelliteSubsystemsD.a(IsisAntS.o)
 .text.IsisAntS_setArmStatus
                0x200179d4      0x104 C:/HOOPOE3/satellite-subsystems/demo/..//satellite-subsystems/lib\libSatelliteSubsystemsD.a(IsisAntS.o)
                0x200179d4                IsisAntS_setArmStatus
 .text.IsisAntS_getStatusData
                0x20017ad8      0x120 C:/HOOPOE3/satellite-subsystems/demo/..//satellite-subsystems/lib\libSatelliteSubsystemsD.a(IsisAntS.o)
                0x20017ad8                IsisAntS_getStatusData
 .text.IsisAntS_getTemperature
                0x20017bf8      0x120 C:/HOOPOE3/satellite-subsystems/demo/..//satellite-subsystems/lib\libSatelliteSubsystemsD.a(IsisAntS.o)
                0x20017bf8                IsisAntS_getTemperature
 .text.IsisAntS_getAlltelemetry
                0x20017d18      0x120 C:/HOOPOE3/satellite-subsystems/demo/..//satellite-subsystems/lib\libSatelliteSubsystemsD.a(IsisAntS.o)
                0x20017d18                IsisAntS_getAlltelemetry
 .text.IsisAntS_reset
                0x20017e38      0x104 C:/HOOPOE3/satellite-subsystems/demo/..//satellite-subsystems/lib\libSatelliteSubsystemsD.a(IsisAntS.o)
                0x20017e38                IsisAntS_reset
 .text.IsisSolarPanelv2_initialize
                0x20017f3c       0xb4 C:/HOOPOE3/satellite-subsystems/demo/..//satellite-subsystems/lib\libSatelliteSubsystemsD.a(IsisSolarPanelv2.o)
                0x20017f3c                IsisSolarPanelv2_initialize
 .text.IsisSolarPanelv2_getTemperature
                0x20017ff0       0xc8 C:/HOOPOE3/satellite-subsystems/demo/..//satellite-subsystems/lib\libSatelliteSubsystemsD.a(IsisSolarPanelv2.o)
                0x20017ff0                IsisSolarPanelv2_getTemperature
 .text.IsisSolarPanelv2_sleep
                0x200180b8       0xbc C:/HOOPOE3/satellite-subsystems/demo/..//satellite-subsystems/lib\libSatelliteSubsystemsD.a(IsisSolarPanelv2.o)
                0x200180b8                IsisSolarPanelv2_sleep
 .text.IsisSolarPanelv2_wakeup
                0x20018174       0x80 C:/HOOPOE3/satellite-subsystems/demo/..//satellite-subsystems/lib\libSatelliteSubsystemsD.a(IsisSolarPanelv2.o)
                0x20018174                IsisSolarPanelv2_wakeup
 .text._Reset   0x200181f4       0x20 C:/HOOPOE3/satellite-subsystems/demo/..//satellite-subsystems/lib\libSatelliteSubsystemsD.a(IsisSolarPanelv2.o)
 .text._WaitForStartup
                0x20018214       0x90 C:/HOOPOE3/satellite-subsystems/demo/..//satellite-subsystems/lib\libSatelliteSubsystemsD.a(IsisSolarPanelv2.o)
 .text._AssignAllChannels
                0x200182a4       0x90 C:/HOOPOE3/satellite-subsystems/demo/..//satellite-subsystems/lib\libSatelliteSubsystemsD.a(IsisSolarPanelv2.o)
 .text._AssignThisChannel
                0x20018334       0xe8 C:/HOOPOE3/satellite-subsystems/demo/..//satellite-subsystems/lib\libSatelliteSubsystemsD.a(IsisSolarPanelv2.o)
 .text._InitiateConversion
                0x2001841c       0xac C:/HOOPOE3/satellite-subsystems/demo/..//satellite-subsystems/lib\libSatelliteSubsystemsD.a(IsisSolarPanelv2.o)
 .text._WaitForConversionComplete
                0x200184c8      0x100 C:/HOOPOE3/satellite-subsystems/demo/..//satellite-subsystems/lib\libSatelliteSubsystemsD.a(IsisSolarPanelv2.o)
 .text._ReadResult
                0x200185c8      0x158 C:/HOOPOE3/satellite-subsystems/demo/..//satellite-subsystems/lib\libSatelliteSubsystemsD.a(IsisSolarPanelv2.o)
 .text._ExtractByte
                0x20018720       0x38 C:/HOOPOE3/satellite-subsystems/demo/..//satellite-subsystems/lib\libSatelliteSubsystemsD.a(IsisSolarPanelv2.o)
 .text._ExtendSign
                0x20018758       0x6c C:/HOOPOE3/satellite-subsystems/demo/..//satellite-subsystems/lib\libSatelliteSubsystemsD.a(IsisSolarPanelv2.o)
 .text._PinsInit
                0x200187c4       0x50 C:/HOOPOE3/satellite-subsystems/demo/..//satellite-subsystems/lib\libSatelliteSubsystemsD.a(IsisSolarPanelv2.o)
 .text._SpiWriteRead
                0x20018814       0x70 C:/HOOPOE3/satellite-subsystems/demo/..//satellite-subsystems/lib\libSatelliteSubsystemsD.a(IsisSolarPanelv2.o)
 .text.IsisTrxvu_initialize
                0x20018884      0x2f4 C:/HOOPOE3/satellite-subsystems/demo/..//satellite-subsystems/lib\libSatelliteSubsystemsD.a(IsisTRXVU.o)
                0x20018884                IsisTrxvu_initialize
 .text.makeTRXVUtransfer
                0x20018b78       0x44 C:/HOOPOE3/satellite-subsystems/demo/..//satellite-subsystems/lib\libSatelliteSubsystemsD.a(IsisTRXVU.o)
 .text.IsisTrxvu_componentSoftReset
                0x20018bbc       0x6c C:/HOOPOE3/satellite-subsystems/demo/..//satellite-subsystems/lib\libSatelliteSubsystemsD.a(IsisTRXVU.o)
                0x20018bbc                IsisTrxvu_componentSoftReset
 .text.IsisTrxvu_componentHardReset
                0x20018c28       0xc8 C:/HOOPOE3/satellite-subsystems/demo/..//satellite-subsystems/lib\libSatelliteSubsystemsD.a(IsisTRXVU.o)
                0x20018c28                IsisTrxvu_componentHardReset
 .text.IsisTrxvu_softReset
                0x20018cf0       0x74 C:/HOOPOE3/satellite-subsystems/demo/..//satellite-subsystems/lib\libSatelliteSubsystemsD.a(IsisTRXVU.o)
                0x20018cf0                IsisTrxvu_softReset
 .text.IsisTrxvu_hardReset
                0x20018d64       0x74 C:/HOOPOE3/satellite-subsystems/demo/..//satellite-subsystems/lib\libSatelliteSubsystemsD.a(IsisTRXVU.o)
                0x20018d64                IsisTrxvu_hardReset
 .text.IsisTrxvu_tcSendAX25DefClSign
                0x20018dd8       0xec C:/HOOPOE3/satellite-subsystems/demo/..//satellite-subsystems/lib\libSatelliteSubsystemsD.a(IsisTRXVU.o)
                0x20018dd8                IsisTrxvu_tcSendAX25DefClSign
 .text.IsisTrxvu_tcSetIdlestate
                0x20018ec4       0xa4 C:/HOOPOE3/satellite-subsystems/demo/..//satellite-subsystems/lib\libSatelliteSubsystemsD.a(IsisTRXVU.o)
                0x20018ec4                IsisTrxvu_tcSetIdlestate
 .text.IsisTrxvu_tcSetAx25Bitrate
                0x20018f68       0xc4 C:/HOOPOE3/satellite-subsystems/demo/..//satellite-subsystems/lib\libSatelliteSubsystemsD.a(IsisTRXVU.o)
                0x20018f68                IsisTrxvu_tcSetAx25Bitrate
 .text.IsisTrxvu_tcGetTelemetryAll
                0x2001902c       0xd0 C:/HOOPOE3/satellite-subsystems/demo/..//satellite-subsystems/lib\libSatelliteSubsystemsD.a(IsisTRXVU.o)
                0x2001902c                IsisTrxvu_tcGetTelemetryAll
 .text.IsisTrxvu_tcGetTelemetryAll_revC
                0x200190fc       0xd0 C:/HOOPOE3/satellite-subsystems/demo/..//satellite-subsystems/lib\libSatelliteSubsystemsD.a(IsisTRXVU.o)
                0x200190fc                IsisTrxvu_tcGetTelemetryAll_revC
 .text.IsisTrxvu_rcGetFrameCount
                0x200191cc       0xa0 C:/HOOPOE3/satellite-subsystems/demo/..//satellite-subsystems/lib\libSatelliteSubsystemsD.a(IsisTRXVU.o)
                0x200191cc                IsisTrxvu_rcGetFrameCount
 .text.IsisTrxvu_rcGetCommandFrame
                0x2001926c      0x2d8 C:/HOOPOE3/satellite-subsystems/demo/..//satellite-subsystems/lib\libSatelliteSubsystemsD.a(IsisTRXVU.o)
                0x2001926c                IsisTrxvu_rcGetCommandFrame
 .text.IsisTrxvu_rcGetTelemetryAll
                0x20019544       0xd0 C:/HOOPOE3/satellite-subsystems/demo/..//satellite-subsystems/lib\libSatelliteSubsystemsD.a(IsisTRXVU.o)
                0x20019544                IsisTrxvu_rcGetTelemetryAll
 .text.IsisTrxvu_rcGetTelemetryAll_revC
                0x20019614       0xec C:/HOOPOE3/satellite-subsystems/demo/..//satellite-subsystems/lib\libSatelliteSubsystemsD.a(IsisTRXVU.o)
                0x20019614                IsisTrxvu_rcGetTelemetryAll_revC
 .text.cspaceADCS_initialize
                0x20019700      0x18c C:/HOOPOE3/satellite-subsystems/demo/..//satellite-subsystems/lib\libSatelliteSubsystemsD.a(cspaceADCS.o)
                0x20019700                cspaceADCS_initialize
 .text.make_cspaceADCStransfer
                0x2001988c      0x1b4 C:/HOOPOE3/satellite-subsystems/demo/..//satellite-subsystems/lib\libSatelliteSubsystemsD.a(cspaceADCS.o)
 .text.cspaceADCS_componentReset
                0x20019a40       0xbc C:/HOOPOE3/satellite-subsystems/demo/..//satellite-subsystems/lib\libSatelliteSubsystemsD.a(cspaceADCS.o)
                0x20019a40                cspaceADCS_componentReset
 .text.cspaceADCS_setRunMode
                0x20019afc       0xbc C:/HOOPOE3/satellite-subsystems/demo/..//satellite-subsystems/lib\libSatelliteSubsystemsD.a(cspaceADCS.o)
                0x20019afc                cspaceADCS_setRunMode
 .text.cspaceADCS_setPwrCtrlDevice
                0x20019bb8       0xd0 C:/HOOPOE3/satellite-subsystems/demo/..//satellite-subsystems/lib\libSatelliteSubsystemsD.a(cspaceADCS.o)
                0x20019bb8                cspaceADCS_setPwrCtrlDevice
 .text.cspaceADCS_setAttCtrlMode
                0x20019c88       0xd0 C:/HOOPOE3/satellite-subsystems/demo/..//satellite-subsystems/lib\libSatelliteSubsystemsD.a(cspaceADCS.o)
                0x20019c88                cspaceADCS_setAttCtrlMode
 .text.cspaceADCS_setAttEstMode
                0x20019d58       0xbc C:/HOOPOE3/satellite-subsystems/demo/..//satellite-subsystems/lib\libSatelliteSubsystemsD.a(cspaceADCS.o)
                0x20019d58                cspaceADCS_setAttEstMode
 .text.cspaceADCS_getCurrentState
                0x20019e14       0xc4 C:/HOOPOE3/satellite-subsystems/demo/..//satellite-subsystems/lib\libSatelliteSubsystemsD.a(cspaceADCS.o)
                0x20019e14                cspaceADCS_getCurrentState
 .text.cspaceADCS_getPwrCtrlDevice
                0x20019ed8       0xc4 C:/HOOPOE3/satellite-subsystems/demo/..//satellite-subsystems/lib\libSatelliteSubsystemsD.a(cspaceADCS.o)
                0x20019ed8                cspaceADCS_getPwrCtrlDevice
 .text.GECKO_GetReg
                0x20019f9c      0x110 C:/HOOPOE3/satellite-subsystems/demo/..//satellite-subsystems/lib\libSatelliteSubsystemsD.a(gecko_driver.o)
                0x20019f9c                GECKO_GetReg
 .text.GECKO_GetVoltageInput5V
                0x2001a0ac       0xf4 C:/HOOPOE3/satellite-subsystems/demo/..//satellite-subsystems/lib\libSatelliteSubsystemsD.a(gecko_driver.o)
                0x2001a0ac                GECKO_GetVoltageInput5V
 .text.GECKO_GetCurrentInput5V
                0x2001a1a0      0x130 C:/HOOPOE3/satellite-subsystems/demo/..//satellite-subsystems/lib\libSatelliteSubsystemsD.a(gecko_driver.o)
                0x2001a1a0                GECKO_GetCurrentInput5V
 .text.GECKO_GetVoltageFPGA1V
                0x2001a2d0       0xd4 C:/HOOPOE3/satellite-subsystems/demo/..//satellite-subsystems/lib\libSatelliteSubsystemsD.a(gecko_driver.o)
                0x2001a2d0                GECKO_GetVoltageFPGA1V
 .text.GECKO_GetCurrentFPGA1V
                0x2001a3a4      0x130 C:/HOOPOE3/satellite-subsystems/demo/..//satellite-subsystems/lib\libSatelliteSubsystemsD.a(gecko_driver.o)
                0x2001a3a4                GECKO_GetCurrentFPGA1V
 .text.GECKO_GetVoltageFPGA1V8
                0x2001a4d4       0xd4 C:/HOOPOE3/satellite-subsystems/demo/..//satellite-subsystems/lib\libSatelliteSubsystemsD.a(gecko_driver.o)
                0x2001a4d4                GECKO_GetVoltageFPGA1V8
 .text.GECKO_GetCurrentFPGA1V8
                0x2001a5a8      0x130 C:/HOOPOE3/satellite-subsystems/demo/..//satellite-subsystems/lib\libSatelliteSubsystemsD.a(gecko_driver.o)
                0x2001a5a8                GECKO_GetCurrentFPGA1V8
 .text.GECKO_GetVoltageFPGA2V5
                0x2001a6d8       0xe8 C:/HOOPOE3/satellite-subsystems/demo/..//satellite-subsystems/lib\libSatelliteSubsystemsD.a(gecko_driver.o)
                0x2001a6d8                GECKO_GetVoltageFPGA2V5
 .text.GECKO_GetCurrentFPGA2V5
                0x2001a7c0      0x130 C:/HOOPOE3/satellite-subsystems/demo/..//satellite-subsystems/lib\libSatelliteSubsystemsD.a(gecko_driver.o)
                0x2001a7c0                GECKO_GetCurrentFPGA2V5
 .text.GECKO_GetVoltageFPGA3V3
                0x2001a8f0       0xe8 C:/HOOPOE3/satellite-subsystems/demo/..//satellite-subsystems/lib\libSatelliteSubsystemsD.a(gecko_driver.o)
                0x2001a8f0                GECKO_GetVoltageFPGA3V3
 .text.GECKO_GetCurrentFPGA3V3
                0x2001a9d8      0x130 C:/HOOPOE3/satellite-subsystems/demo/..//satellite-subsystems/lib\libSatelliteSubsystemsD.a(gecko_driver.o)
                0x2001a9d8                GECKO_GetCurrentFPGA3V3
 .text.GECKO_GetVoltageFlash1V8
                0x2001ab08       0xd4 C:/HOOPOE3/satellite-subsystems/demo/..//satellite-subsystems/lib\libSatelliteSubsystemsD.a(gecko_driver.o)
                0x2001ab08                GECKO_GetVoltageFlash1V8
 .text.GECKO_GetCurrentFlash1V8
                0x2001abdc      0x130 C:/HOOPOE3/satellite-subsystems/demo/..//satellite-subsystems/lib\libSatelliteSubsystemsD.a(gecko_driver.o)
                0x2001abdc                GECKO_GetCurrentFlash1V8
 .text.GECKO_GetVoltageFlash3V3
                0x2001ad0c       0xe8 C:/HOOPOE3/satellite-subsystems/demo/..//satellite-subsystems/lib\libSatelliteSubsystemsD.a(gecko_driver.o)
                0x2001ad0c                GECKO_GetVoltageFlash3V3
 .text.GECKO_GetCurrentFlash3V3
                0x2001adf4      0x130 C:/HOOPOE3/satellite-subsystems/demo/..//satellite-subsystems/lib\libSatelliteSubsystemsD.a(gecko_driver.o)
                0x2001adf4                GECKO_GetCurrentFlash3V3
 .text.GECKO_GetVoltageSNSR1V8
                0x2001af24       0xe8 C:/HOOPOE3/satellite-subsystems/demo/..//satellite-subsystems/lib\libSatelliteSubsystemsD.a(gecko_driver.o)
                0x2001af24                GECKO_GetVoltageSNSR1V8
 .text.GECKO_GetCurrentSNSR1V8
                0x2001b00c      0x130 C:/HOOPOE3/satellite-subsystems/demo/..//satellite-subsystems/lib\libSatelliteSubsystemsD.a(gecko_driver.o)
                0x2001b00c                GECKO_GetCurrentSNSR1V8
 .text.GECKO_GetVoltageSNSRVDDPIX
                0x2001b13c       0xe8 C:/HOOPOE3/satellite-subsystems/demo/..//satellite-subsystems/lib\libSatelliteSubsystemsD.a(gecko_driver.o)
                0x2001b13c                GECKO_GetVoltageSNSRVDDPIX
 .text.GECKO_GetCurrentSNSRVDDPIX
                0x2001b224      0x130 C:/HOOPOE3/satellite-subsystems/demo/..//satellite-subsystems/lib\libSatelliteSubsystemsD.a(gecko_driver.o)
                0x2001b224                GECKO_GetCurrentSNSRVDDPIX
 .text.GECKO_GetVoltageSNSR3V3
                0x2001b354       0xe8 C:/HOOPOE3/satellite-subsystems/demo/..//satellite-subsystems/lib\libSatelliteSubsystemsD.a(gecko_driver.o)
                0x2001b354                GECKO_GetVoltageSNSR3V3
 .text.GECKO_GetCurrentSNSR3V3
                0x2001b43c      0x130 C:/HOOPOE3/satellite-subsystems/demo/..//satellite-subsystems/lib\libSatelliteSubsystemsD.a(gecko_driver.o)
                0x2001b43c                GECKO_GetCurrentSNSR3V3
 .text.GECKO_GetVoltageFlashVTT09
                0x2001b56c       0xd4 C:/HOOPOE3/satellite-subsystems/demo/..//satellite-subsystems/lib\libSatelliteSubsystemsD.a(gecko_driver.o)
                0x2001b56c                GECKO_GetVoltageFlashVTT09
 .text.GECKO_GetTempSMU3AB
                0x2001b640      0x35c C:/HOOPOE3/satellite-subsystems/demo/..//satellite-subsystems/lib\libSatelliteSubsystemsD.a(gecko_driver.o)
                0x2001b640                GECKO_GetTempSMU3AB
 .text.GECKO_GetTempSMU3BC
                0x2001b99c      0x360 C:/HOOPOE3/satellite-subsystems/demo/..//satellite-subsystems/lib\libSatelliteSubsystemsD.a(gecko_driver.o)
                0x2001b99c                GECKO_GetTempSMU3BC
 .text.GECKO_GetTempREGU6
                0x2001bcfc      0x35c C:/HOOPOE3/satellite-subsystems/demo/..//satellite-subsystems/lib\libSatelliteSubsystemsD.a(gecko_driver.o)
                0x2001bcfc                GECKO_GetTempREGU6
 .text.GECKO_GetTempREGU8
                0x2001c058      0x360 C:/HOOPOE3/satellite-subsystems/demo/..//satellite-subsystems/lib\libSatelliteSubsystemsD.a(gecko_driver.o)
                0x2001c058                GECKO_GetTempREGU8
 .text.GECKO_GetTempFlash
                0x2001c3b8      0x360 C:/HOOPOE3/satellite-subsystems/demo/..//satellite-subsystems/lib\libSatelliteSubsystemsD.a(gecko_driver.o)
                0x2001c3b8                GECKO_GetTempFlash
 .text._SpiWriteRead
                0x2001c718       0x70 C:/HOOPOE3/satellite-subsystems/demo/..//satellite-subsystems/lib\libSatelliteSubsystemsD.a(gecko_driver.o)
 .text.makeTRXCommonTransfer
                0x2001c788       0x34 C:/HOOPOE3/satellite-subsystems/demo/..//satellite-subsystems/lib\libSatelliteSubsystemsD.a(IsisTRXCommon.o)
 .text.IsisTrxCommon_componentReset
                0x2001c7bc       0x68 C:/HOOPOE3/satellite-subsystems/demo/..//satellite-subsystems/lib\libSatelliteSubsystemsD.a(IsisTRXCommon.o)
                0x2001c7bc                IsisTrxCommon_componentReset
 .text.IsisTrxCommon_TxSendAX25DefClSign
                0x2001c824       0xf4 C:/HOOPOE3/satellite-subsystems/demo/..//satellite-subsystems/lib\libSatelliteSubsystemsD.a(IsisTRXCommon.o)
                0x2001c824                IsisTrxCommon_TxSendAX25DefClSign
 .text.IsisTrxCommon_TxSetIdlestate
                0x2001c918       0x78 C:/HOOPOE3/satellite-subsystems/demo/..//satellite-subsystems/lib\libSatelliteSubsystemsD.a(IsisTRXCommon.o)
                0x2001c918                IsisTrxCommon_TxSetIdlestate
 .text.IsisTrxCommon_TxSetAx25Bitrate
                0x2001c990       0x78 C:/HOOPOE3/satellite-subsystems/demo/..//satellite-subsystems/lib\libSatelliteSubsystemsD.a(IsisTRXCommon.o)
                0x2001c990                IsisTrxCommon_TxSetAx25Bitrate
 .text.IsisTrxCommon_RxGetFrameCount
                0x2001ca08       0x8c C:/HOOPOE3/satellite-subsystems/demo/..//satellite-subsystems/lib\libSatelliteSubsystemsD.a(IsisTRXCommon.o)
                0x2001ca08                IsisTrxCommon_RxGetFrameCount
 .text.IsisTrxCommon_RxGetTelemetryAll_revC
                0x2001ca94       0x8c C:/HOOPOE3/satellite-subsystems/demo/..//satellite-subsystems/lib\libSatelliteSubsystemsD.a(IsisTRXCommon.o)
                0x2001ca94                IsisTrxCommon_RxGetTelemetryAll_revC
 .text.log      0x2001cb20      0x17c c:/isis/application/toolchain/bin/../lib/gcc/arm-none-eabi/4.7.4/../../../../arm-none-eabi/lib\libm.a(lib_a-w_log.o)
                0x2001cb20                log
 *fill*         0x2001cc9c        0x4 00
 .text.__ieee754_log
                0x2001cca0      0x5c0 c:/isis/application/toolchain/bin/../lib/gcc/arm-none-eabi/4.7.4/../../../../arm-none-eabi/lib\libm.a(lib_a-e_log.o)
                0x2001cca0                __ieee754_log
 .text.matherr  0x2001d260        0x8 c:/isis/application/toolchain/bin/../lib/gcc/arm-none-eabi/4.7.4/../../../../arm-none-eabi/lib\libm.a(lib_a-s_matherr.o)
                0x2001d260                matherr
 .text.nan      0x2001d268       0x10 c:/isis/application/toolchain/bin/../lib/gcc/arm-none-eabi/4.7.4/../../../../arm-none-eabi/lib\libm.a(lib_a-s_nan.o)
                0x2001d268                nan
 .text.fn_init  0x2001d278      0x2e0 C:/HOOPOE3/satellite-subsystems/demo/../..//hal/hcc/lib\libHCCD.a(fat_common.o)
                0x2001d278                fn_init
 .text._f_get16bitl
                0x2001d558       0x4c C:/HOOPOE3/satellite-subsystems/demo/../..//hal/hcc/lib\libHCCD.a(fat_common.o)
                0x2001d558                _f_get16bitl
 .text._f_set16bitl
                0x2001d5a4       0x54 C:/HOOPOE3/satellite-subsystems/demo/../..//hal/hcc/lib\libHCCD.a(fat_common.o)
                0x2001d5a4                _f_set16bitl
 .text._f_get32bitl
                0x2001d5f8       0x68 C:/HOOPOE3/satellite-subsystems/demo/../..//hal/hcc/lib\libHCCD.a(fat_common.o)
                0x2001d5f8                _f_get32bitl
 .text._f_set32bitl
                0x2001d660       0x78 C:/HOOPOE3/satellite-subsystems/demo/../..//hal/hcc/lib\libHCCD.a(fat_common.o)
                0x2001d660                _f_set32bitl
 .text._get8bit
                0x2001d6d8       0xa0 C:/HOOPOE3/satellite-subsystems/demo/../..//hal/hcc/lib\libHCCD.a(fat_common.o)
 .text._get16bitl
                0x2001d778       0x40 C:/HOOPOE3/satellite-subsystems/demo/../..//hal/hcc/lib\libHCCD.a(fat_common.o)
 .text._get32bitl
                0x2001d7b8       0x3c C:/HOOPOE3/satellite-subsystems/demo/../..//hal/hcc/lib\libHCCD.a(fat_common.o)
 .text._f_setcardremoved
                0x2001d7f4       0x94 C:/HOOPOE3/satellite-subsystems/demo/../..//hal/hcc/lib\libHCCD.a(fat_common.o)
 .text._f_checkstatus
                0x2001d888      0x104 C:/HOOPOE3/satellite-subsystems/demo/../..//hal/hcc/lib\libHCCD.a(fat_common.o)
                0x2001d888                _f_checkstatus
 .text._f_drvgetphy
                0x2001d98c      0x114 C:/HOOPOE3/satellite-subsystems/demo/../..//hal/hcc/lib\libHCCD.a(fat_common.o)
 .text._f_drvwritesector
                0x2001daa0       0xdc C:/HOOPOE3/satellite-subsystems/demo/../..//hal/hcc/lib\libHCCD.a(fat_common.o)
 .text._f_drvreadsector
                0x2001db7c       0xa8 C:/HOOPOE3/satellite-subsystems/demo/../..//hal/hcc/lib\libHCCD.a(fat_common.o)
 .text._f_writesector
                0x2001dc24      0x23c C:/HOOPOE3/satellite-subsystems/demo/../..//hal/hcc/lib\libHCCD.a(fat_common.o)
                0x2001dc24                _f_writesector
 .text._f_readsector
                0x2001de60      0x1dc C:/HOOPOE3/satellite-subsystems/demo/../..//hal/hcc/lib\libHCCD.a(fat_common.o)
                0x2001de60                _f_readsector
 .text._f_getmaxcluster
                0x2001e03c       0x94 C:/HOOPOE3/satellite-subsystems/demo/../..//hal/hcc/lib\libHCCD.a(fat_common.o)
                0x2001e03c                _f_getmaxcluster
 .text._getsectorfromcluster
                0x2001e0d0       0x68 C:/HOOPOE3/satellite-subsystems/demo/../..//hal/hcc/lib\libHCCD.a(fat_common.o)
 .text._f_buildsectors
                0x2001e138      0x268 C:/HOOPOE3/satellite-subsystems/demo/../..//hal/hcc/lib\libHCCD.a(fat_common.o)
 .text._f_getbootrecord
                0x2001e3a0      0x5e4 C:/HOOPOE3/satellite-subsystems/demo/../..//hal/hcc/lib\libHCCD.a(fat_common.o)
 .text._f_readbootrecord
                0x2001e984      0x4f8 C:/HOOPOE3/satellite-subsystems/demo/../..//hal/hcc/lib\libHCCD.a(fat_common.o)
 .text._f_flushcffiles
                0x2001ee7c      0x17c C:/HOOPOE3/satellite-subsystems/demo/../..//hal/hcc/lib\libHCCD.a(fat_common.o)
                0x2001ee7c                _f_flushcffiles
 .text._f_fatcache_flush
                0x2001eff8      0x270 C:/HOOPOE3/satellite-subsystems/demo/../..//hal/hcc/lib\libHCCD.a(fat_common.o)
                0x2001eff8                _f_fatcache_flush
 .text._f_writefatsector
                0x2001f268      0x100 C:/HOOPOE3/satellite-subsystems/demo/../..//hal/hcc/lib\libHCCD.a(fat_common.o)
                0x2001f268                _f_writefatsector
 .text._f_getfatsector
                0x2001f368      0x3bc C:/HOOPOE3/satellite-subsystems/demo/../..//hal/hcc/lib\libHCCD.a(fat_common.o)
 .text._f_setclustervalue
                0x2001f724      0x490 C:/HOOPOE3/satellite-subsystems/demo/../..//hal/hcc/lib\libHCCD.a(fat_common.o)
                0x2001f724                _f_setclustervalue
 .text._f_getclustervalue
                0x2001fbb4      0x388 C:/HOOPOE3/satellite-subsystems/demo/../..//hal/hcc/lib\libHCCD.a(fat_common.o)
                0x2001fbb4                _f_getclustervalue
 .text._f_close_drive_files
                0x2001ff3c       0xac C:/HOOPOE3/satellite-subsystems/demo/../..//hal/hcc/lib\libHCCD.a(fat_common.o)
 .text._f_inc_mount_count
                0x2001ffe8       0xa4 C:/HOOPOE3/satellite-subsystems/demo/../..//hal/hcc/lib\libHCCD.a(fat_common.o)
 .text._f_getvolume
                0x2002008c      0x2f8 C:/HOOPOE3/satellite-subsystems/demo/../..//hal/hcc/lib\libHCCD.a(fat_common.o)
                0x2002008c                _f_getvolume
 .text.fn_createdriver
                0x20020384      0x118 C:/HOOPOE3/satellite-subsystems/demo/../..//hal/hcc/lib\libHCCD.a(fat_common.o)
                0x20020384                fn_createdriver
 .text.fn_initvolume
                0x2002049c      0x12c C:/HOOPOE3/satellite-subsystems/demo/../..//hal/hcc/lib\libHCCD.a(fat_common.o)
                0x2002049c                fn_initvolume
 .text.fn_initvolumepartition_sub
                0x200205c8       0xe0 C:/HOOPOE3/satellite-subsystems/demo/../..//hal/hcc/lib\libHCCD.a(fat_common.o)
 .text.fn_initvolumepartition
                0x200206a8       0xac C:/HOOPOE3/satellite-subsystems/demo/../..//hal/hcc/lib\libHCCD.a(fat_common.o)
                0x200206a8                fn_initvolumepartition
 .text._f_clustertopos
                0x20020754       0xf8 C:/HOOPOE3/satellite-subsystems/demo/../..//hal/hcc/lib\libHCCD.a(fat_common.o)
                0x20020754                _f_clustertopos
 .text._f_getcurrsector
                0x2002084c      0x6c8 C:/HOOPOE3/satellite-subsystems/demo/../..//hal/hcc/lib\libHCCD.a(fat_common.o)
                0x2002084c                _f_getcurrsector
 .text._f_getdecluster
                0x20020f14       0x90 C:/HOOPOE3/satellite-subsystems/demo/../..//hal/hcc/lib\libHCCD.a(fat_common.o)
                0x20020f14                _f_getdecluster
 .text._f_setdecluster
                0x20020fa4       0x8c C:/HOOPOE3/satellite-subsystems/demo/../..//hal/hcc/lib\libHCCD.a(fat_common.o)
                0x20020fa4                _f_setdecluster
 .text.fn_getdrive
                0x20021030       0x30 C:/HOOPOE3/satellite-subsystems/demo/../..//hal/hcc/lib\libHCCD.a(fat_common.o)
                0x20021030                fn_getdrive
 .text._f_getcurrenttimedate
                0x20021060      0x138 C:/HOOPOE3/satellite-subsystems/demo/../..//hal/hcc/lib\libHCCD.a(fat_common.o)
                0x20021060                _f_getcurrenttimedate
 .text._f_initentry
                0x20021198       0xa0 C:/HOOPOE3/satellite-subsystems/demo/../..//hal/hcc/lib\libHCCD.a(fat_common.o)
                0x20021198                _f_initentry
 .text._f_alloccluster
                0x20021238      0x344 C:/HOOPOE3/satellite-subsystems/demo/../..//hal/hcc/lib\libHCCD.a(fat_common.o)
                0x20021238                _f_alloccluster
 .text._f_dobadblock
                0x2002157c      0x2cc C:/HOOPOE3/satellite-subsystems/demo/../..//hal/hcc/lib\libHCCD.a(fat_common.o)
                0x2002157c                _f_dobadblock
 .text._f_checklocked
                0x20021848       0xe4 C:/HOOPOE3/satellite-subsystems/demo/../..//hal/hcc/lib\libHCCD.a(fat_common.o)
                0x20021848                _f_checklocked
 .text._f_checkappendlocked
                0x2002192c      0x110 C:/HOOPOE3/satellite-subsystems/demo/../..//hal/hcc/lib\libHCCD.a(fat_common.o)
                0x2002192c                _f_checkappendlocked
 .text._f_setsyncafile
                0x20021a3c      0x114 C:/HOOPOE3/satellite-subsystems/demo/../..//hal/hcc/lib\libHCCD.a(fat_common.o)
                0x20021a3c                _f_setsyncafile
 .text._f_syncfiles
                0x20021b50      0x128 C:/HOOPOE3/satellite-subsystems/demo/../..//hal/hcc/lib\libHCCD.a(fat_common.o)
                0x20021b50                _f_syncfiles
 .text._f_syncfilescontent
                0x20021c78      0x15c C:/HOOPOE3/satellite-subsystems/demo/../..//hal/hcc/lib\libHCCD.a(fat_common.o)
 .text.fn_getfreespace
                0x20021dd4      0x4c0 C:/HOOPOE3/satellite-subsystems/demo/../..//hal/hcc/lib\libHCCD.a(fat_common.o)
                0x20021dd4                fn_getfreespace
 .text._f_emptywritecache
                0x20022294      0x4a4 C:/HOOPOE3/satellite-subsystems/demo/../..//hal/hcc/lib\libHCCD.a(fat_common.o)
 .text._f_allocnextcluster
                0x20022738      0x54c C:/HOOPOE3/satellite-subsystems/demo/../..//hal/hcc/lib\libHCCD.a(fat_common.o)
 .text._f_emptywritebuffer
                0x20022c84      0x20c C:/HOOPOE3/satellite-subsystems/demo/../..//hal/hcc/lib\libHCCD.a(fat_common.o)
 .text._f_writezeros
                0x20022e90       0xf0 C:/HOOPOE3/satellite-subsystems/demo/../..//hal/hcc/lib\libHCCD.a(fat_common.o)
                0x20022e90                _f_writezeros
 .text._f_extend_file
                0x20022f80      0x570 C:/HOOPOE3/satellite-subsystems/demo/../..//hal/hcc/lib\libHCCD.a(fat_common.o)
 .text._f_fseek
                0x200234f0      0x9bc C:/HOOPOE3/satellite-subsystems/demo/../..//hal/hcc/lib\libHCCD.a(fat_common.o)
                0x200234f0                _f_fseek
 .text._f_removechain
                0x20023eac      0x104 C:/HOOPOE3/satellite-subsystems/demo/../..//hal/hcc/lib\libHCCD.a(fat_common.o)
                0x20023eac                _f_removechain
 .text._f_updatefileentry
                0x20023fb0      0x1cc C:/HOOPOE3/satellite-subsystems/demo/../..//hal/hcc/lib\libHCCD.a(fat_common.o)
 .text._f_checkreadlocked
                0x2002417c      0x1bc C:/HOOPOE3/satellite-subsystems/demo/../..//hal/hcc/lib\libHCCD.a(fat_common.o)
                0x2002417c                _f_checkreadlocked
 .text._f_check_handle
                0x20024338       0x98 C:/HOOPOE3/satellite-subsystems/demo/../..//hal/hcc/lib\libHCCD.a(fat_common.o)
                0x20024338                _f_check_handle
 .text._f_removesyncafile
                0x200243d0      0x1ec C:/HOOPOE3/satellite-subsystems/demo/../..//hal/hcc/lib\libHCCD.a(fat_common.o)
 .text.fn_close
                0x200245bc      0x3f8 C:/HOOPOE3/satellite-subsystems/demo/../..//hal/hcc/lib\libHCCD.a(fat_common.o)
                0x200245bc                fn_close
 .text.fn_flush
                0x200249b4      0x374 C:/HOOPOE3/satellite-subsystems/demo/../..//hal/hcc/lib\libHCCD.a(fat_common.o)
                0x200249b4                fn_flush
 .text.fn_read  0x20024d28      0x690 C:/HOOPOE3/satellite-subsystems/demo/../..//hal/hcc/lib\libHCCD.a(fat_common.o)
                0x20024d28                fn_read
 .text._f_abortwrite
                0x200253b8      0x100 C:/HOOPOE3/satellite-subsystems/demo/../..//hal/hcc/lib\libHCCD.a(fat_common.o)
 .text._f_checkwritecluster
                0x200254b8       0xe4 C:/HOOPOE3/satellite-subsystems/demo/../..//hal/hcc/lib\libHCCD.a(fat_common.o)
 .text.fn_write
                0x2002559c      0x8a8 C:/HOOPOE3/satellite-subsystems/demo/../..//hal/hcc/lib\libHCCD.a(fat_common.o)
                0x2002559c                fn_write
 .text.fn_seek  0x20025e44      0x270 C:/HOOPOE3/satellite-subsystems/demo/../..//hal/hcc/lib\libHCCD.a(fat_common.o)
                0x20025e44                fn_seek
 .text.f_enterFS
                0x200260b4      0x1c0 C:/HOOPOE3/satellite-subsystems/demo/../..//hal/hcc/lib\libHCCD.a(fat_common.o)
                0x200260b4                f_enterFS
 .text.f_releaseFS
                0x20026274       0xb0 C:/HOOPOE3/satellite-subsystems/demo/../..//hal/hcc/lib\libHCCD.a(fat_common.o)
                0x20026274                f_releaseFS
 .text.fnGetTask
                0x20026324       0xfc C:/HOOPOE3/satellite-subsystems/demo/../..//hal/hcc/lib\libHCCD.a(fat_common.o)
                0x20026324                fnGetTask
 .text._f_mutex_get
                0x20026420       0x98 C:/HOOPOE3/satellite-subsystems/demo/../..//hal/hcc/lib\libHCCD.a(fat_common.o)
                0x20026420                _f_mutex_get
 .text._f_mutex_put
                0x200264b8       0x54 C:/HOOPOE3/satellite-subsystems/demo/../..//hal/hcc/lib\libHCCD.a(fat_common.o)
                0x200264b8                _f_mutex_put
 .text._fn_initseekdivisor
                0x2002650c      0x158 C:/HOOPOE3/satellite-subsystems/demo/../..//hal/hcc/lib\libHCCD.a(fat_common.o)
                0x2002650c                _fn_initseekdivisor
 .text._fn_updateseekpos
                0x20026664       0xc4 C:/HOOPOE3/satellite-subsystems/demo/../..//hal/hcc/lib\libHCCD.a(fat_common.o)
 .text._f_findopensize
                0x20026728       0x2c C:/HOOPOE3/satellite-subsystems/demo/../..//hal/hcc/lib\libHCCD.a(fat_common.o)
                0x20026728                _f_findopensize
 .text.fn_setlasterror
                0x20026754       0x34 C:/HOOPOE3/satellite-subsystems/demo/../..//hal/hcc/lib\libHCCD.a(fat_common.o)
                0x20026754                fn_setlasterror
 .text.fn_setlasterror_noret
                0x20026788       0x2c C:/HOOPOE3/satellite-subsystems/demo/../..//hal/hcc/lib\libHCCD.a(fat_common.o)
                0x20026788                fn_setlasterror_noret
 .text.fm_initvolume
                0x200267b4       0x70 C:/HOOPOE3/satellite-subsystems/demo/../..//hal/hcc/lib\libHCCD.a(fat_m.o)
                0x200267b4                fm_initvolume
 .text.fm_getdrive
                0x20026824       0x70 C:/HOOPOE3/satellite-subsystems/demo/../..//hal/hcc/lib\libHCCD.a(fat_m.o)
                0x20026824                fm_getdrive
 .text.fm_getfreespace
                0x20026894       0x68 C:/HOOPOE3/satellite-subsystems/demo/../..//hal/hcc/lib\libHCCD.a(fat_m.o)
                0x20026894                fm_getfreespace
 .text.fm_findfirst
                0x200268fc       0x68 C:/HOOPOE3/satellite-subsystems/demo/../..//hal/hcc/lib\libHCCD.a(fat_m.o)
                0x200268fc                fm_findfirst
 .text.fm_findnext
                0x20026964       0x60 C:/HOOPOE3/satellite-subsystems/demo/../..//hal/hcc/lib\libHCCD.a(fat_m.o)
                0x20026964                fm_findnext
 .text.fm_filelength
                0x200269c4       0x60 C:/HOOPOE3/satellite-subsystems/demo/../..//hal/hcc/lib\libHCCD.a(fat_m.o)
                0x200269c4                fm_filelength
 .text.fm_close
                0x20026a24       0x60 C:/HOOPOE3/satellite-subsystems/demo/../..//hal/hcc/lib\libHCCD.a(fat_m.o)
                0x20026a24                fm_close
 .text.fm_flush
                0x20026a84       0x60 C:/HOOPOE3/satellite-subsystems/demo/../..//hal/hcc/lib\libHCCD.a(fat_m.o)
                0x20026a84                fm_flush
 .text.fm_open  0x20026ae4       0x68 C:/HOOPOE3/satellite-subsystems/demo/../..//hal/hcc/lib\libHCCD.a(fat_m.o)
                0x20026ae4                fm_open
 .text.fm_read  0x20026b4c       0x7c C:/HOOPOE3/satellite-subsystems/demo/../..//hal/hcc/lib\libHCCD.a(fat_m.o)
                0x20026b4c                fm_read
 .text.fm_write
                0x20026bc8       0x7c C:/HOOPOE3/satellite-subsystems/demo/../..//hal/hcc/lib\libHCCD.a(fat_m.o)
                0x20026bc8                fm_write
 .text.fm_seek  0x20026c44       0x70 C:/HOOPOE3/satellite-subsystems/demo/../..//hal/hcc/lib\libHCCD.a(fat_m.o)
                0x20026c44                fm_seek
 .text.fm_delete
                0x20026cb4       0x64 C:/HOOPOE3/satellite-subsystems/demo/../..//hal/hcc/lib\libHCCD.a(fat_m.o)
                0x20026cb4                fm_delete
 .text._s_checkzeroclusteratend
                0x20026d18       0xf8 C:/HOOPOE3/satellite-subsystems/demo/../..//hal/hcc/lib\libHCCD.a(safefat.o)
 .text._s_clearclustercontent
                0x20026e10      0x108 C:/HOOPOE3/satellite-subsystems/demo/../..//hal/hcc/lib\libHCCD.a(safefat.o)
 .text._s_clearclustercontentdir
                0x20026f18      0x19c C:/HOOPOE3/satellite-subsystems/demo/../..//hal/hcc/lib\libHCCD.a(safefat.o)
 .text._s_writedirsector
                0x200270b4       0xd0 C:/HOOPOE3/satellite-subsystems/demo/../..//hal/hcc/lib\libHCCD.a(safefat.o)
 .text._s_getdirsector
                0x20027184      0x100 C:/HOOPOE3/satellite-subsystems/demo/../..//hal/hcc/lib\libHCCD.a(safefat.o)
 .text._s_addentry
                0x20027284      0x394 C:/HOOPOE3/satellite-subsystems/demo/../..//hal/hcc/lib\libHCCD.a(safefat.o)
 .text._s_findfile
                0x20027618      0x33c C:/HOOPOE3/satellite-subsystems/demo/../..//hal/hcc/lib\libHCCD.a(safefat.o)
 .text._s_findsubdir
                0x20027954      0x248 C:/HOOPOE3/satellite-subsystems/demo/../..//hal/hcc/lib\libHCCD.a(safefat.o)
 .text._s_createfile
                0x20027b9c      0x190 C:/HOOPOE3/satellite-subsystems/demo/../..//hal/hcc/lib\libHCCD.a(safefat.o)
 .text._s_findsaffile
                0x20027d2c      0x1b8 C:/HOOPOE3/satellite-subsystems/demo/../..//hal/hcc/lib\libHCCD.a(safefat.o)
 .text._s_open  0x20027ee4       0xe4 C:/HOOPOE3/satellite-subsystems/demo/../..//hal/hcc/lib\libHCCD.a(safefat.o)
 .text._s_open_saf
                0x20027fc8       0xe8 C:/HOOPOE3/satellite-subsystems/demo/../..//hal/hcc/lib\libHCCD.a(safefat.o)
 .text._s_flush