Archive member included because of file (symbol)

c:/isis/application/toolchain/bin/../lib/gcc/arm-none-eabi/4.7.4/../../../../arm-none-eabi/lib\libc_s.a(lib_a-vfprintf_float.o)
                              (_printf_float)
c:/isis/application/toolchain/bin/../lib/gcc/arm-none-eabi/4.7.4/../../../../arm-none-eabi/lib\libc_s.a(lib_a-vfprintf_i.o)
                              c:/isis/application/toolchain/bin/../lib/gcc/arm-none-eabi/4.7.4/../../../../arm-none-eabi/lib\libc_s.a(lib_a-vfprintf_float.o) (_printf_common)
c:/isis/application/toolchain/bin/../lib/gcc/arm-none-eabi/4.7.4/../../../../arm-none-eabi/lib\libc_s.a(lib_a-vfscanf_float.o)
                              (_scanf_float)
c:/isis/application/toolchain/bin/../lib/gcc/arm-none-eabi/4.7.4/../../../../arm-none-eabi/lib\libc_s.a(lib_a-dtoa.o)
                              c:/isis/application/toolchain/bin/../lib/gcc/arm-none-eabi/4.7.4/../../../../arm-none-eabi/lib\libc_s.a(lib_a-vfprintf_float.o) (_dtoa_r)
c:/isis/application/toolchain/bin/../lib/gcc/arm-none-eabi/4.7.4/../../../../arm-none-eabi/lib\libc_s.a(lib_a-locale.o)
                              c:/isis/application/toolchain/bin/../lib/gcc/arm-none-eabi/4.7.4/../../../../arm-none-eabi/lib\libc_s.a(lib_a-vfprintf_float.o) (_localeconv_r)
c:/isis/application/toolchain/bin/../lib/gcc/arm-none-eabi/4.7.4/../../../../arm-none-eabi/lib\libc_s.a(lib_a-malloc.o)
                              c:/isis/application/toolchain/bin/../lib/gcc/arm-none-eabi/4.7.4/../../../../arm-none-eabi/lib\libc_s.a(lib_a-dtoa.o) (malloc)
c:/isis/application/toolchain/bin/../lib/gcc/arm-none-eabi/4.7.4/../../../../arm-none-eabi/lib\libc_s.a(lib_a-mallocr.o)
                              c:/isis/application/toolchain/bin/../lib/gcc/arm-none-eabi/4.7.4/../../../../arm-none-eabi/lib\libc_s.a(lib_a-malloc.o) (_malloc_r)
c:/isis/application/toolchain/bin/../lib/gcc/arm-none-eabi/4.7.4/../../../../arm-none-eabi/lib\libc_s.a(lib_a-memcpy.o)
                              c:/isis/application/toolchain/bin/../lib/gcc/arm-none-eabi/4.7.4/../../../../arm-none-eabi/lib\libc_s.a(lib_a-dtoa.o) (memcpy)
c:/isis/application/toolchain/bin/../lib/gcc/arm-none-eabi/4.7.4/../../../../arm-none-eabi/lib\libc_s.a(lib_a-mprec.o)
                              c:/isis/application/toolchain/bin/../lib/gcc/arm-none-eabi/4.7.4/../../../../arm-none-eabi/lib\libc_s.a(lib_a-dtoa.o) (_Balloc)
c:/isis/application/toolchain/bin/../lib/gcc/arm-none-eabi/4.7.4/../../../../arm-none-eabi/lib\libc_s.a(lib_a-s_fpclassify.o)
                              c:/isis/application/toolchain/bin/../lib/gcc/arm-none-eabi/4.7.4/../../../../arm-none-eabi/lib\libc_s.a(lib_a-vfprintf_float.o) (__fpclassifyd)
c:/isis/application/toolchain/bin/../lib/gcc/arm-none-eabi/4.7.4/../../../../arm-none-eabi/lib\libc_s.a(lib_a-sbrkr.o)
                              c:/isis/application/toolchain/bin/../lib/gcc/arm-none-eabi/4.7.4/../../../../arm-none-eabi/lib\libc_s.a(lib_a-mallocr.o) (_sbrk_r)
c:/isis/application/toolchain/bin/../lib/gcc/arm-none-eabi/4.7.4/../../../../arm-none-eabi/lib\libc_s.a(lib_a-sf_nan.o)
                              c:/isis/application/toolchain/bin/../lib/gcc/arm-none-eabi/4.7.4/../../../../arm-none-eabi/lib\libc_s.a(lib_a-vfscanf_float.o) (nanf)
c:/isis/application/toolchain/bin/../lib/gcc/arm-none-eabi/4.7.4/../../../../arm-none-eabi/lib\libc_s.a(lib_a-sprintf.o)
                              c:/isis/application/toolchain/bin/../lib/gcc/arm-none-eabi/4.7.4/../../../../arm-none-eabi/lib\libc_s.a(lib_a-vfscanf_float.o) (sprintf)
c:/isis/application/toolchain/bin/../lib/gcc/arm-none-eabi/4.7.4/../../../../arm-none-eabi/lib\libc_s.a(lib_a-strcmp.o)
                              c:/isis/application/toolchain/bin/../lib/gcc/arm-none-eabi/4.7.4/../../../../arm-none-eabi/lib\libc_s.a(lib_a-locale.o) (strcmp)
c:/isis/application/toolchain/bin/../lib/gcc/arm-none-eabi/4.7.4/../../../../arm-none-eabi/lib\libc_s.a(lib_a-strlen.o)
                              c:/isis/application/toolchain/bin/../lib/gcc/arm-none-eabi/4.7.4/../../../../arm-none-eabi/lib\libc_s.a(lib_a-vfprintf_float.o) (strlen)
c:/isis/application/toolchain/bin/../lib/gcc/arm-none-eabi/4.7.4/../../../../arm-none-eabi/lib\libc_s.a(lib_a-strtod.o)
                              c:/isis/application/toolchain/bin/../lib/gcc/arm-none-eabi/4.7.4/../../../../arm-none-eabi/lib\libc_s.a(lib_a-vfscanf_float.o) (_strtod_r)
c:/isis/application/toolchain/bin/../lib/gcc/arm-none-eabi/4.7.4/../../../../arm-none-eabi/lib\libc_s.a(lib_a-strtol.o)
                              c:/isis/application/toolchain/bin/../lib/gcc/arm-none-eabi/4.7.4/../../../../arm-none-eabi/lib\libc_s.a(lib_a-vfscanf_float.o) (_strtol_r)
c:/isis/application/toolchain/bin/../lib/gcc/arm-none-eabi/4.7.4/../../../../arm-none-eabi/lib\libc_s.a(lib_a-svfprintf.o)
                              c:/isis/application/toolchain/bin/../lib/gcc/arm-none-eabi/4.7.4/../../../../arm-none-eabi/lib\libc_s.a(lib_a-sprintf.o) (_svfprintf_r)
[...]
Memory Configuration

Name             Origin             Length             Attributes
sram0            0x00200000         0x00004000         w !xr
sram1            0x00300000         0x00004000         w !xr
sdram            0x20000000         0x02000000         w !xr
*default*        0x00000000         0xffffffff

Linker script and memory map

LOAD c:/isis/application/toolchain/bin/../lib/gcc/arm-none-eabi/4.7.4/../../../../arm-none-eabi/lib\libc_s.a
LOAD ./src/sub-systemCode/Main/CMD/COMM_CMD.o
LOAD ./src/sub-systemCode/Main/CMD/EPS_CMD.o
LOAD ./src/sub-systemCode/Main/CMD/General_CMD.o
LOAD ./src/sub-systemCode/Main/CMD/SW_CMD.o
LOAD ./src/sub-systemCode/Main/CMD/payload_CMD.o
LOAD ./src/sub-systemCode/Main/CMD/test_CMD.o
LOAD ./src/sub-systemCode/Main/Ants.o
LOAD ./src/sub-systemCode/Main/EPS.o
LOAD ./src/sub-systemCode/Main/HouseKeeping.o
LOAD ./src/sub-systemCode/Main/Main_Init.o
LOAD ./src/sub-systemCode/Main/commands.o
LOAD ./src/sub-systemCode/Global/Global.o
LOAD ./src/sub-systemCode/Global/GlobalParam.o
LOAD ./src/sub-systemCode/Global/TM_managment.o
LOAD ./src/sub-systemCode/COMM/APRS.o
LOAD ./src/sub-systemCode/COMM/DelayedCommand_list.o
LOAD ./src/sub-systemCode/COMM/GSC.o
LOAD ./src/sub-systemCode/COMM/TRXVU.o
LOAD ./src/sub-systemCode/ADCS/ADCS.o
LOAD ./src/sub-systemCode/ADCS/Stage_Table.o
LOAD ./src/main.o
LOAD C:/HOOPOE3/satellite-subsystems/demo/..//satellite-subsystems/lib\libSatelliteSubsystemsD.a
LOAD c:/isis/application/toolchain/bin/../lib/gcc/arm-none-eabi/4.7.4/../../../../arm-none-eabi/lib\libm.a
LOAD C:/HOOPOE3/satellite-subsystems/demo/../..//hal/hcc/lib\libHCCD.a
LOAD C:/HOOPOE3/satellite-subsystems/demo/../..//hal/hal/lib\libHALD.a
LOAD C:/HOOPOE3/satellite-subsystems/demo/../..//hal/freertos/lib\libFreeRTOSD.a
LOAD C:/HOOPOE3/satellite-subsystems/demo/../..//hal/at91/lib\libAt91D.a
START GROUP
LOAD c:/isis/application/toolchain/bin/../lib/gcc/arm-none-eabi/4.7.4\libgcc.a
LOAD c:/isis/application/toolchain/bin/../lib/gcc/arm-none-eabi/4.7.4/../../../../arm-none-eabi/lib\libc_s.a
END GROUP

.fixed          0x20000000    0x3c490
                0x20000000                . = ALIGN (0x4)
                0x20000000                _sfixed = .
 *(.startup)
 .startup       0x20000000      0x134 C:/HOOPOE3/satellite-subsystems/demo/../..//hal/at91/lib\libAt91D.a(board_cstartup.o)
                0x20000000                entry
 *(.text)
 .text          0x20000134       0x64 C:/HOOPOE3/satellite-subsystems/demo/../..//hal/at91/lib\libAt91D.a(cp15_asm.o)
                0x20000134                _readControlRegister
                0x20000140                _writeControlRegister
                0x20000148                _waitForInterrupt
                0x20000154                _writeTTB
                0x2000015c                _writeDomain
                0x20000164                _writeITLBLockdown
                0x2000016c                _prefetchICacheLine
                0x20000174                _flushDCache
                0x20000180                _flushWriteBuffer
                0x2000018c                _invalidateIDTLBs
 .text          0x20000198      0x114 c:/isis/application/toolchain/bin/../lib/gcc/arm-none-eabi/4.7.4\libgcc.a(_udivsi3.o)
                0x20000198                __aeabi_uidiv
                0x20000198                __udivsi3
                0x2000028c                __aeabi_uidivmod
 .text          0x200002ac      0x148 c:/isis/application/toolchain/bin/../lib/gcc/arm-none-eabi/4.7.4\libgcc.a(_divsi3.o)
                0x200002ac                __divsi3
                0x200002ac                __aeabi_idiv
                0x200003d4                __aeabi_idivmod
 .text          0x200003f4        0x4 c:/isis/application/toolchain/bin/../lib/gcc/arm-none-eabi/4.7.4\libgcc.a(_dvmd_tls.o)
                0x200003f4                __aeabi_idiv0
                0x200003f4                __aeabi_ldiv0
 .text          0x200003f8      0x41c c:/isis/application/toolchain/bin/../lib/gcc/arm-none-eabi/4.7.4\libgcc.a(_arm_addsubdf3.o)
                0x200003f8                __aeabi_drsub
                0x20000400                __aeabi_dsub
                0x20000400                __subdf3
                0x20000404                __aeabi_dadd
                0x20000404                __adddf3
                0x20000714                __floatunsidf
                0x20000714                __aeabi_ui2d
                0x20000738                __floatsidf
                0x20000738                __aeabi_i2d
                0x20000760                __aeabi_f2d
                0x20000760                __extendsfdf2
                0x200007a0                __floatundidf
                0x200007a0                __aeabi_ul2d
                0x200007b4                __floatdidf
                0x200007b4                __aeabi_l2d
 .text          0x20000814      0x49c c:/isis/application/toolchain/bin/../lib/gcc/arm-none-eabi/4.7.4\libgcc.a(_arm_muldivdf3.o)
                0x20000814                __aeabi_dmul
                0x20000814                __muldf3
                0x20000aa4                __divdf3
                0x20000aa4                __aeabi_ddiv
 .text          0x20000cb0      0x144 c:/isis/application/toolchain/bin/../lib/gcc/arm-none-eabi/4.7.4\libgcc.a(_arm_cmpdf2.o)
                0x20000cb0                __gtdf2
                0x20000cb0                __gedf2
                0x20000cb8                __ltdf2
                0x20000cb8                __ledf2
                0x20000cc0                __nedf2
                0x20000cc0                __eqdf2
                0x20000cc0                __cmpdf2
                0x20000d48                __aeabi_cdrcmple
                0x20000d64                __aeabi_cdcmpeq
                0x20000d64                __aeabi_cdcmple
                0x20000d7c                __aeabi_dcmpeq
                0x20000d94                __aeabi_dcmplt
                0x20000dac                __aeabi_dcmple
                0x20000dc4                __aeabi_dcmpge
                0x20000ddc                __aeabi_dcmpgt
 .text          0x20000df4       0x5c c:/isis/application/toolchain/bin/../lib/gcc/arm-none-eabi/4.7.4\libgcc.a(_arm_fixdfsi.o)
                0x20000df4                __aeabi_d2iz
                0x20000df4                __fixdfsi
 .text          0x20000e50       0x54 c:/isis/application/toolchain/bin/../lib/gcc/arm-none-eabi/4.7.4\libgcc.a(_arm_fixunsdfsi.o)
                0x20000e50                __aeabi_d2uiz
                0x20000e50                __fixunsdfsi
 .text          0x20000ea4       0xa0 c:/isis/application/toolchain/bin/../lib/gcc/arm-none-eabi/4.7.4\libgcc.a(_arm_truncdfsf2.o)
                0x20000ea4                __truncdfsf2
                0x20000ea4                __aeabi_d2f
 .text          0x20000f44      0x2ac c:/isis/application/toolchain/bin/../lib/gcc/arm-none-eabi/4.7.4\libgcc.a(_arm_addsubsf3.o)
                0x20000f44                __aeabi_frsub
                0x20000f4c                __subsf3
                0x20000f4c                __aeabi_fsub
                0x20000f50                __aeabi_fadd
                0x20000f50                __addsf3
                0x2000110c                __aeabi_ui2f
                0x2000110c                __floatunsisf
                0x20001114                __aeabi_i2f
                0x20001114                __floatsisf
                0x20001134                __aeabi_ul2f
                0x20001134                __floatundisf
                0x20001144                __aeabi_l2f
                0x20001144                __floatdisf
 .text          0x200011f0      0x2f8 c:/isis/application/toolchain/bin/../lib/gcc/arm-none-eabi/4.7.4\libgcc.a(_arm_muldivsf3.o)
                0x200011f0                __mulsf3
                0x200011f0                __aeabi_fmul
                0x20001388                __aeabi_fdiv
                0x20001388                __divsf3
 .text          0x200014e8       0x54 c:/isis/application/toolchain/bin/../lib/gcc/arm-none-eabi/4.7.4\libgcc.a(_arm_fixunssfsi.o)
                0x200014e8                __fixunssfsi
                0x200014e8                __aeabi_f2uiz
 *(.text*)
 .text.__cvt    0x2000153c      0x138 c:/isis/application/toolchain/bin/../lib/gcc/arm-none-eabi/4.7.4/../../../../arm-none-eabi/lib\libc_s.a(lib_a-vfprintf_float.o)
                0x2000153c                __cvt
 .text.__exponent
                0x20001674       0xa8 c:/isis/application/toolchain/bin/../lib/gcc/arm-none-eabi/4.7.4/../../../../arm-none-eabi/lib\libc_s.a(lib_a-vfprintf_float.o)
                0x20001674                __exponent
 .text._printf_float
                0x2000171c      0x7dc c:/isis/application/toolchain/bin/../lib/gcc/arm-none-eabi/4.7.4/../../../../arm-none-eabi/lib\libc_s.a(lib_a-vfprintf_float.o)
                0x2000171c                _printf_float
 .text._printf_common
                0x20001ef8      0x174 c:/isis/application/toolchain/bin/../lib/gcc/arm-none-eabi/4.7.4/../../../../arm-none-eabi/lib\libc_s.a(lib_a-vfprintf_i.o)
                0x20001ef8                _printf_common
 .text._printf_i
                0x2000206c      0x3c4 c:/isis/application/toolchain/bin/../lib/gcc/arm-none-eabi/4.7.4/../../../../arm-none-eabi/lib\libc_s.a(lib_a-vfprintf_i.o)
                0x2000206c                _printf_i
 .text._scanf_float
                0x20002430      0x5f4 c:/isis/application/toolchain/bin/../lib/gcc/arm-none-eabi/4.7.4/../../../../arm-none-eabi/lib\libc_s.a(lib_a-vfscanf_float.o)
                0x20002430                _scanf_float
 .text.quorem   0x20002a24      0x1ac c:/isis/application/toolchain/bin/../lib/gcc/arm-none-eabi/4.7.4/../../../../arm-none-eabi/lib\libc_s.a(lib_a-dtoa.o)
 .text._dtoa_r  0x20002bd0     0x1268 c:/isis/application/toolchain/bin/../lib/gcc/arm-none-eabi/4.7.4/../../../../arm-none-eabi/lib\libc_s.a(lib_a-dtoa.o)
                0x20002bd0                _dtoa_r
 .text._localeconv_r
                0x20003e38        0xc c:/isis/application/toolchain/bin/../lib/gcc/arm-none-eabi/4.7.4/../../../../arm-none-eabi/lib\libc_s.a(lib_a-locale.o)
                0x20003e38                _localeconv_r
 .text.malloc   0x20003e44       0x20 c:/isis/application/toolchain/bin/../lib/gcc/arm-none-eabi/4.7.4/../../../../arm-none-eabi/lib\libc_s.a(lib_a-malloc.o)
                0x20003e44                malloc
 .text.free     0x20003e64       0x20 c:/isis/application/toolchain/bin/../lib/gcc/arm-none-eabi/4.7.4/../../../../arm-none-eabi/lib\libc_s.a(lib_a-malloc.o)
                0x20003e64                free
 .text._malloc_r
                0x20003e84       0xfc c:/isis/application/toolchain/bin/../lib/gcc/arm-none-eabi/4.7.4/../../../../arm-none-eabi/lib\libc_s.a(lib_a-mallocr.o)
                0x20003e84                _malloc_r
 .text.memcpy   0x20003f80       0x20 c:/isis/application/toolchain/bin/../lib/gcc/arm-none-eabi/4.7.4/../../../../arm-none-eabi/lib\libc_s.a(lib_a-memcpy.o)
                0x20003f80                memcpy
 .text._Balloc  0x20003fa0       0xcc c:/isis/application/toolchain/bin/../lib/gcc/arm-none-eabi/4.7.4/../../../../arm-none-eabi/lib\libc_s.a(lib_a-mprec.o)
                0x20003fa0                _Balloc
 .text._Bfree   0x2000406c       0x5c c:/isis/application/toolchain/bin/../lib/gcc/arm-none-eabi/4.7.4/../../../../arm-none-eabi/lib\libc_s.a(lib_a-mprec.o)
                0x2000406c                _Bfree
 .text.__multadd
                0x200040c8       0xbc c:/isis/application/toolchain/bin/../lib/gcc/arm-none-eabi/4.7.4/../../../../arm-none-eabi/lib\libc_s.a(lib_a-mprec.o)
                0x200040c8                __multadd
 .text.__s2b    0x20004184       0xd8 c:/isis/application/toolchain/bin/../lib/gcc/arm-none-eabi/4.7.4/../../../../arm-none-eabi/lib\libc_s.a(lib_a-mprec.o)
                0x20004184                __s2b
 .text.__hi0bits
                0x2000425c       0x58 c:/isis/application/toolchain/bin/../lib/gcc/arm-none-eabi/4.7.4/../../../../arm-none-eabi/lib\libc_s.a(lib_a-mprec.o)
                0x2000425c                __hi0bits
 .text.__lo0bits
                0x200042b4       0x94 c:/isis/application/toolchain/bin/../lib/gcc/arm-none-eabi/4.7.4/../../../../arm-none-eabi/lib\libc_s.a(lib_a-mprec.o)
                0x200042b4                __lo0bits
 .text.__i2b    0x20004348       0x24 c:/isis/application/toolchain/bin/../lib/gcc/arm-none-eabi/4.7.4/../../../../arm-none-eabi/lib\libc_s.a(lib_a-mprec.o)
                0x20004348                __i2b
 .text.__multiply
                0x2000436c      0x1ac c:/isis/application/toolchain/bin/../lib/gcc/arm-none-eabi/4.7.4/../../../../arm-none-eabi/lib\libc_s.a(lib_a-mprec.o)
                0x2000436c                __multiply
 .text.__pow5mult
                0x20004518      0x10c c:/isis/application/toolchain/bin/../lib/gcc/arm-none-eabi/4.7.4/../../../../arm-none-eabi/lib\libc_s.a(lib_a-mprec.o)
                0x20004518                __pow5mult
 .text.__lshift
                0x20004624       0xf0 c:/isis/application/toolchain/bin/../lib/gcc/arm-none-eabi/4.7.4/../../../../arm-none-eabi/lib\libc_s.a(lib_a-mprec.o)
                0x20004624                __lshift
 .text.__mcmp   0x20004714       0x60 c:/isis/application/toolchain/bin/../lib/gcc/arm-none-eabi/4.7.4/../../../../arm-none-eabi/lib\libc_s.a(lib_a-mprec.o)
                0x20004714                __mcmp
 .text.__mdiff  0x20004774      0x128 c:/isis/application/toolchain/bin/../lib/gcc/arm-none-eabi/4.7.4/../../../../arm-none-eabi/lib\libc_s.a(lib_a-mprec.o)
                0x20004774                __mdiff
 .text.__ulp    0x2000489c       0x5c c:/isis/application/toolchain/bin/../lib/gcc/arm-none-eabi/4.7.4/../../../../arm-none-eabi/lib\libc_s.a(lib_a-mprec.o)
                0x2000489c                __ulp
 .text.__b2d    0x200048f8       0xc8 c:/isis/application/toolchain/bin/../lib/gcc/arm-none-eabi/4.7.4/../../../../arm-none-eabi/lib\libc_s.a(lib_a-mprec.o)
                0x200048f8                __b2d
 .text.__d2b    0x200049c0       0xfc c:/isis/application/toolchain/bin/../lib/gcc/arm-none-eabi/4.7.4/../../../../arm-none-eabi/lib\libc_s.a(lib_a-mprec.o)
                0x200049c0                __d2b
 .text.__ratio  0x20004abc       0x70 c:/isis/application/toolchain/bin/../lib/gcc/arm-none-eabi/4.7.4/../../../../arm-none-eabi/lib\libc_s.a(lib_a-mprec.o)
                0x20004abc                __ratio
 .text.__copybits
                0x20004b2c       0x4c c:/isis/application/toolchain/bin/../lib/gcc/arm-none-eabi/4.7.4/../../../../arm-none-eabi/lib\libc_s.a(lib_a-mprec.o)
                0x20004b2c                __copybits
 .text.__any_on
                0x20004b78       0x7c c:/isis/application/toolchain/bin/../lib/gcc/arm-none-eabi/4.7.4/../../../../arm-none-eabi/lib\libc_s.a(lib_a-mprec.o)
                0x20004b78                __any_on
 .text.__fpclassifyd
                0x20004bf4       0x6c c:/isis/application/toolchain/bin/../lib/gcc/arm-none-eabi/4.7.4/../../../../arm-none-eabi/lib\libc_s.a(lib_a-s_fpclassify.o)
                0x20004bf4                __fpclassifyd
 .text._sbrk_r  0x20004c60       0x3c c:/isis/application/toolchain/bin/../lib/gcc/arm-none-eabi/4.7.4/../../../../arm-none-eabi/lib\libc_s.a(lib_a-sbrkr.o)
                0x20004c60                _sbrk_r
 .text.nanf     0x20004c9c        0xc c:/isis/application/toolchain/bin/../lib/gcc/arm-none-eabi/4.7.4/../../../../arm-none-eabi/lib\libc_s.a(lib_a-sf_nan.o)
                0x20004c9c                nanf
 .text.sprintf  0x20004ca8       0x6c c:/isis/application/toolchain/bin/../lib/gcc/arm-none-eabi/4.7.4/../../../../arm-none-eabi/lib\libc_s.a(lib_a-sprintf.o)
                0x20004ca8                siprintf
                0x20004ca8                sprintf
 .text.strcmp   0x20004d14       0x1c c:/isis/application/toolchain/bin/../lib/gcc/arm-none-eabi/4.7.4/../../../../arm-none-eabi/lib\libc_s.a(lib_a-strcmp.o)
                0x20004d14                strcmp
 .text.strlen   0x20004d30       0x1c c:/isis/application/toolchain/bin/../lib/gcc/arm-none-eabi/4.7.4/../../../../arm-none-eabi/lib\libc_s.a(lib_a-strlen.o)
                0x20004d30                strlen
 .text.match    0x20004d4c       0x54 c:/isis/application/toolchain/bin/../lib/gcc/arm-none-eabi/4.7.4/../../../../arm-none-eabi/lib\libc_s.a(lib_a-strtod.o)
 .text._strtod_r
                0x20004da0     0x1168 c:/isis/application/toolchain/bin/../lib/gcc/arm-none-eabi/4.7.4/../../../../arm-none-eabi/lib\libc_s.a(lib_a-strtod.o)
                0x20004da0                _strtod_r
 .text._strtol_r
                0x20005f08      0x1b8 c:/isis/application/toolchain/bin/../lib/gcc/arm-none-eabi/4.7.4/../../../../arm-none-eabi/lib\libc_s.a(lib_a-strtol.o)
                0x20005f08                _strtol_r
 .text.__ssputc_r
                0x200060c0      0x10c c:/isis/application/toolchain/bin/../lib/gcc/arm-none-eabi/4.7.4/../../../../arm-none-eabi/lib\libc_s.a(lib_a-svfprintf.o)
                0x200060c0                __ssputc_r
 .text._svfprintf_r
                0x200061cc      0x328 c:/isis/application/toolchain/bin/../lib/gcc/arm-none-eabi/4.7.4/../../../../arm-none-eabi/lib\libc_s.a(lib_a-svfprintf.o)
                0x200061cc                _svfiprintf_r
                0x200061cc                _svfprintf_r
 .text._calloc_r
                0x200064f4       0x2c c:/isis/application/toolchain/bin/../lib/gcc/arm-none-eabi/4.7.4/../../../../arm-none-eabi/lib\libc_s.a(lib_a-callocr.o)
                0x200064f4                _calloc_r
 .text._free_r  0x20006520      0x108 c:/isis/application/toolchain/bin/../lib/gcc/arm-none-eabi/4.7.4/../../../../arm-none-eabi/lib\libc_s.a(lib_a-freer.o)
                0x20006520                _free_r
 .text.rshift   0x20006628       0xb0 c:/isis/application/toolchain/bin/../lib/gcc/arm-none-eabi/4.7.4/../../../../arm-none-eabi/lib\libc_s.a(lib_a-gdtoa-gethex.o)
 .text.htinit.constprop.0
                0x200066d8       0x34 c:/isis/application/toolchain/bin/../lib/gcc/arm-none-eabi/4.7.4/../../../../arm-none-eabi/lib\libc_s.a(lib_a-gdtoa-gethex.o)
 .text.__hexdig_init
                0x2000670c       0x38 c:/isis/application/toolchain/bin/../lib/gcc/arm-none-eabi/4.7.4/../../../../arm-none-eabi/lib\libc_s.a(lib_a-gdtoa-gethex.o)
                0x2000670c                __hexdig_init
 .text.__gethex
                0x20006744      0x6cc c:/isis/application/toolchain/bin/../lib/gcc/arm-none-eabi/4.7.4/../../../../arm-none-eabi/lib\libc_s.a(lib_a-gdtoa-gethex.o)
                0x20006744                __gethex
 .text.L_shift  0x20006e10       0x38 c:/isis/application/toolchain/bin/../lib/gcc/arm-none-eabi/4.7.4/../../../../arm-none-eabi/lib\libc_s.a(lib_a-gdtoa-hexnan.o)
 .text.__hexnan
                0x20006e48      0x1d8 c:/isis/application/toolchain/bin/../lib/gcc/arm-none-eabi/4.7.4/../../../../arm-none-eabi/lib\libc_s.a(lib_a-gdtoa-hexnan.o)
                0x20006e48                __hexnan
 .text.memchr   0x20007020       0x34 c:/isis/application/toolchain/bin/../lib/gcc/arm-none-eabi/4.7.4/../../../../arm-none-eabi/lib\libc_s.a(lib_a-memchr.o)
                0x20007020                memchr
 .text.memset   0x20007054       0x1c c:/isis/application/toolchain/bin/../lib/gcc/arm-none-eabi/4.7.4/../../../../arm-none-eabi/lib\libc_s.a(lib_a-memset.o)
                0x20007054                memset
 .text._realloc_r
                0x20007070       0x80 c:/isis/application/toolchain/bin/../lib/gcc/arm-none-eabi/4.7.4/../../../../arm-none-eabi/lib\libc_s.a(lib_a-reallocr.o)
                0x20007070                _realloc_r
 .text.strncmp  0x200070f0       0x64 c:/isis/application/toolchain/bin/../lib/gcc/arm-none-eabi/4.7.4/../../../../arm-none-eabi/lib\libc_s.a(lib_a-strncmp.o)
                0x200070f0                strncmp
 .text._malloc_usable_size_r
                0x20007154       0x1c c:/isis/application/toolchain/bin/../lib/gcc/arm-none-eabi/4.7.4/../../../../arm-none-eabi/lib\libc_s.a(lib_a-msizer.o)
                0x20007154                _malloc_usable_size_r
 .text.cmd_error
                0x20007170       0x38 ./src/sub-systemCode/Main/CMD/COMM_CMD.o
                0x20007170                cmd_error
 .text.cmd_mute
                0x200071a8       0xc4 ./src/sub-systemCode/Main/CMD/COMM_CMD.o
                0x200071a8                cmd_mute
 .text.cmd_unmute
                0x2000726c       0x4c ./src/sub-systemCode/Main/CMD/COMM_CMD.o
                0x2000726c                cmd_unmute
 .text.cmd_active_trans
                0x200072b8       0xc0 ./src/sub-systemCode/Main/CMD/COMM_CMD.o
                0x200072b8                cmd_active_trans
 .text.cmd_shut_trans
                0x20007378       0x38 ./src/sub-systemCode/Main/CMD/COMM_CMD.o
                0x20007378                cmd_shut_trans
 .text.cmd_change_trans_rssi
                0x200073b0       0xb8 ./src/sub-systemCode/Main/CMD/COMM_CMD.o
                0x200073b0                cmd_change_trans_rssi
 .text.cmd_aprs_dump
                0x20007468       0x50 ./src/sub-systemCode/Main/CMD/COMM_CMD.o
                0x20007468                cmd_aprs_dump
 .text.cmd_stop_dump
                0x200074b8       0x38 ./src/sub-systemCode/Main/CMD/COMM_CMD.o
                0x200074b8                cmd_stop_dump
 .text.cmd_time_frequency
                0x200074f0       0xc0 ./src/sub-systemCode/Main/CMD/COMM_CMD.o
                0x200074f0                cmd_time_frequency
 .text.cmd_upload_volt_logic
                0x200075b0      0x334 ./src/sub-systemCode/Main/CMD/EPS_CMD.o
                0x200075b0                cmd_upload_volt_logic
 .text.cmd_upload_volt_COMM
                0x200078e4      0x1c8 ./src/sub-systemCode/Main/CMD/EPS_CMD.o
                0x200078e4                cmd_upload_volt_COMM
 .text.cmd_heater_temp
                0x20007aac       0xc0 ./src/sub-systemCode/Main/CMD/EPS_CMD.o
                0x20007aac                cmd_heater_temp
 .text.cmd_SHUT_CAM
                0x20007b6c       0x6c ./src/sub-systemCode/Main/CMD/EPS_CMD.o
                0x20007b6c                cmd_SHUT_CAM
 .text.cmd_SHUT_ADCS
                0x20007bd8       0x6c ./src/sub-systemCode/Main/CMD/EPS_CMD.o
                0x20007bd8                cmd_SHUT_ADCS
 .text.cmd_allow_CAM
                0x20007c44       0x6c ./src/sub-systemCode/Main/CMD/EPS_CMD.o
                0x20007c44                cmd_allow_CAM
 .text.cmd_allow_ADCS
                0x20007cb0       0x6c ./src/sub-systemCode/Main/CMD/EPS_CMD.o
                0x20007cb0                cmd_allow_ADCS
 .text.cmd_update_alpha
                0x20007d1c      0x120 ./src/sub-systemCode/Main/CMD/EPS_CMD.o
                0x20007d1c                cmd_update_alpha
 .text.cmd_generic_I2C
                0x20007e3c       0xb4 ./src/sub-systemCode/Main/CMD/General_CMD.o
                0x20007e3c                cmd_generic_I2C
 .text.cmd_dump
                0x20007ef0       0xf0 ./src/sub-systemCode/Main/CMD/General_CMD.o
                0x20007ef0                cmd_dump
 .text.cmd_delete_TM
                0x20007fe0      0x1dc ./src/sub-systemCode/Main/CMD/General_CMD.o
                0x20007fe0                cmd_delete_TM
 .text.cmd_reset_file
                0x200081bc      0x110 ./src/sub-systemCode/Main/CMD/General_CMD.o
                0x200081bc                cmd_reset_file
 .text.cmd_dummy_func
                0x200082cc       0x40 ./src/sub-systemCode/Main/CMD/General_CMD.o
                0x200082cc                cmd_dummy_func
 .text.cmd_soft_reset_cmponent
                0x2000830c       0xb0 ./src/sub-systemCode/Main/CMD/General_CMD.o
                0x2000830c                cmd_soft_reset_cmponent
 .text.cmd_hard_reset_cmponent
                0x200083bc       0xb0 ./src/sub-systemCode/Main/CMD/General_CMD.o
                0x200083bc                cmd_hard_reset_cmponent
 .text.cmd_reset_satellite
                0x2000846c       0x78 ./src/sub-systemCode/Main/CMD/General_CMD.o
                0x2000846c                cmd_reset_satellite
 .text.cmd_gracefull_reset_satellite
                0x200084e4       0x78 ./src/sub-systemCode/Main/CMD/General_CMD.o
                0x200084e4                cmd_gracefull_reset_satellite
 .text.cmd_upload_time
                0x2000855c       0xb0 ./src/sub-systemCode/Main/CMD/General_CMD.o
                0x2000855c                cmd_upload_time
 .text.cmd_ARM_DIARM
                0x2000860c       0xd4 ./src/sub-systemCode/Main/CMD/General_CMD.o
                0x2000860c                cmd_ARM_DIARM
 .text.cmd_reset_delayed_command_list
                0x200086e0       0x3c ./src/sub-systemCode/Main/CMD/SW_CMD.o
                0x200086e0                cmd_reset_delayed_command_list
 .text.cmd_reset_APRS_list
                0x2000871c       0x3c ./src/sub-systemCode/Main/CMD/SW_CMD.o
                0x2000871c                cmd_reset_APRS_list
 .text.cmd_reset_FRAM
                0x20008758       0xe8 ./src/sub-systemCode/Main/CMD/SW_CMD.o
                0x20008758                cmd_reset_FRAM
 .text.ARM_ants
                0x20008840       0xb8 ./src/sub-systemCode/Main/Ants.o
                0x20008840                ARM_ants
 .text.DISARM_ants
                0x200088f8       0xb8 ./src/sub-systemCode/Main/Ants.o
                0x200088f8                DISARM_ants
 .text.round_vol
                0x200089b0      0x124 ./src/sub-systemCode/Main/EPS.o
                0x200089b0                round_vol
 .text.get_shut_ADCS
                0x20008ad4       0x48 ./src/sub-systemCode/Main/EPS.o
                0x20008ad4                get_shut_ADCS
 .text.shut_ADCS
                0x20008b1c       0x44 ./src/sub-systemCode/Main/EPS.o
                0x20008b1c                shut_ADCS
 .text.get_shut_CAM
                0x20008b60       0x48 ./src/sub-systemCode/Main/EPS.o
                0x20008b60                get_shut_CAM
 .text.shut_CAM
                0x20008ba8       0x44 ./src/sub-systemCode/Main/EPS.o
                0x20008ba8                shut_CAM
 .text.update_powerLines
                0x20008bec       0xec ./src/sub-systemCode/Main/EPS.o
                0x20008bec                update_powerLines
 .text.init_enterMode
                0x20008cd8       0x88 ./src/sub-systemCode/Main/EPS.o
                0x20008cd8                init_enterMode
 .text.EPS_Init
                0x20008d60      0x1c8 ./src/sub-systemCode/Main/EPS.o
                0x20008d60                EPS_Init
 .text.reset_FRAM_EPS
                0x20008f28       0xe8 ./src/sub-systemCode/Main/EPS.o
                0x20008f28                reset_FRAM_EPS
 .text.reset_EPS_voltages
                0x20009010       0xbc ./src/sub-systemCode/Main/EPS.o
                0x20009010                reset_EPS_voltages
 .text.battery_downward
                0x200090cc      0x114 ./src/sub-systemCode/Main/EPS.o
                0x200090cc                battery_downward
 .text.battery_upward
                0x200091e0      0x120 ./src/sub-systemCode/Main/EPS.o
                0x200091e0                battery_upward
 .text.EPS_Conditioning
                0x20009300      0x290 ./src/sub-systemCode/Main/EPS.o
                0x20009300                EPS_Conditioning
 .text.overRide_ADCS
                0x20009590       0x50 ./src/sub-systemCode/Main/EPS.o
                0x20009590                overRide_ADCS
 .text.overRide_Camera
                0x200095e0       0x38 ./src/sub-systemCode/Main/EPS.o
                0x200095e0                overRide_Camera
 .text.EnterFullMode
                0x20009618       0xfc ./src/sub-systemCode/Main/EPS.o
                0x20009618                EnterFullMode
 .text.EnterCruiseMode
                0x20009714       0xec ./src/sub-systemCode/Main/EPS.o
                0x20009714                EnterCruiseMode
 .text.EnterSafeMode
                0x20009800       0xec ./src/sub-systemCode/Main/EPS.o
                0x20009800                EnterSafeMode
 .text.EnterCriticalMode
                0x200098ec       0xd8 ./src/sub-systemCode/Main/EPS.o
                0x200098ec                EnterCriticalMode
 .text.check_EPSTableCorrection
                0x200099c4      0x150 ./src/sub-systemCode/Main/EPS.o
                0x200099c4                check_EPSTableCorrection
 .text.find_fileName
                0x20009b14      0x588 ./src/sub-systemCode/Main/HouseKeeping.o
                0x20009b14                find_fileName
 .text.size_of_element
                0x2000a09c       0xd4 ./src/sub-systemCode/Main/HouseKeeping.o
                0x2000a09c                size_of_element
 .text.save_ACK
                0x2000a170       0xa0 ./src/sub-systemCode/Main/HouseKeeping.o
                0x2000a170                save_ACK
 .text.set_GP_EPS
                0x2000a210      0x10c ./src/sub-systemCode/Main/HouseKeeping.o
                0x2000a210                set_GP_EPS
 .text.set_GP_COMM
                0x2000a31c       0x88 ./src/sub-systemCode/Main/HouseKeeping.o
                0x2000a31c                set_GP_COMM
 .text.SP_HK_collect
                0x2000a3a4      0x17c ./src/sub-systemCode/Main/HouseKeeping.o
                0x2000a3a4                SP_HK_collect
 .text.EPS_HK_collect
                0x2000a520      0x4d8 ./src/sub-systemCode/Main/HouseKeeping.o
                0x2000a520                EPS_HK_collect
 .text.CAM_HK_collect
                0x2000a9f8      0x91c ./src/sub-systemCode/Main/HouseKeeping.o
                0x2000a9f8                CAM_HK_collect
 .text.COMM_HK_collect
                0x2000b314      0x154 ./src/sub-systemCode/Main/HouseKeeping.o
                0x2000b314                COMM_HK_collect
 .text.COMM_create_file
                0x2000b468       0x74 ./src/sub-systemCode/Main/HouseKeeping.o
                0x2000b468                COMM_create_file
 .text.ACK_create_file
                0x2000b4dc       0x74 ./src/sub-systemCode/Main/HouseKeeping.o
                0x2000b4dc                ACK_create_file
 .text.EPS_create_file
                0x2000b550       0x74 ./src/sub-systemCode/Main/HouseKeeping.o
                0x2000b550                EPS_create_file
 .text.CAM_create_file
                0x2000b5c4       0x54 ./src/sub-systemCode/Main/HouseKeeping.o
                0x2000b5c4                CAM_create_file
 .text.SP_create_file
                0x2000b618       0x54 ./src/sub-systemCode/Main/HouseKeeping.o
                0x2000b618                SP_create_file
 .text.create_files
                0x2000b66c       0x48 ./src/sub-systemCode/Main/HouseKeeping.o
                0x2000b66c                create_files
 .text.save_SP_HK
                0x2000b6b4       0x70 ./src/sub-systemCode/Main/HouseKeeping.o
                0x2000b6b4                save_SP_HK
 .text.save_EPS_HK
                0x2000b724       0x70 ./src/sub-systemCode/Main/HouseKeeping.o
                0x2000b724                save_EPS_HK
 .text.save_CAM_HK
                0x2000b794       0x70 ./src/sub-systemCode/Main/HouseKeeping.o
                0x2000b794                save_CAM_HK
 .text.save_COMM_HK
                0x2000b804       0x70 ./src/sub-systemCode/Main/HouseKeeping.o
                0x2000b804                save_COMM_HK
 .text.EPS_HK_raw_BigEnE
                0x2000b874      0x194 ./src/sub-systemCode/Main/HouseKeeping.o
                0x2000b874                EPS_HK_raw_BigEnE
 .text.CAM_HK_raw_BigEnE
                0x2000ba08      0x194 ./src/sub-systemCode/Main/HouseKeeping.o
                0x2000ba08                CAM_HK_raw_BigEnE
 .text.COMM_HK_raw_BigEnE
                0x2000bb9c      0x194 ./src/sub-systemCode/Main/HouseKeeping.o
                0x2000bb9c                COMM_HK_raw_BigEnE
 .text.ADCS_HK_raw_BigEnE
                0x2000bd30      0x194 ./src/sub-systemCode/Main/HouseKeeping.o
                0x2000bd30                ADCS_HK_raw_BigEnE
 .text.ADCS_SC_raw_BigEnE
                0x2000bec4      0x188 ./src/sub-systemCode/Main/HouseKeeping.o
                0x2000bec4                ADCS_SC_raw_BigEnE
 .text.build_HK_spl_packet
                0x2000c04c      0x970 ./src/sub-systemCode/Main/HouseKeeping.o
                0x2000c04c                build_HK_spl_packet
 .text.HouseKeeping_highRate_Task
                0x2000c9bc       0x60 ./src/sub-systemCode/Main/HouseKeeping.o
                0x2000c9bc                HouseKeeping_highRate_Task
 .text.HouseKeeping_lowRate_Task
                0x2000ca1c       0x5c ./src/sub-systemCode/Main/HouseKeeping.o
                0x2000ca1c                HouseKeeping_lowRate_Task
 .text.test_menu
                0x2000ca78       0xd8 ./src/sub-systemCode/Main/Main_Init.o
                0x2000ca78                test_menu
 .text.numberOfRestarts
                0x2000cb50       0x94 ./src/sub-systemCode/Main/Main_Init.o
                0x2000cb50                numberOfRestarts
 .text.StartFRAM
                0x2000cbe4       0x38 ./src/sub-systemCode/Main/Main_Init.o
                0x2000cbe4                StartFRAM
 .text.StartI2C
                0x2000cc1c       0x44 ./src/sub-systemCode/Main/Main_Init.o
                0x2000cc1c                StartI2C
 .text.StartSPI
                0x2000cc60       0x40 ./src/sub-systemCode/Main/Main_Init.o
                0x2000cc60                StartSPI
 .text.StartTIME
                0x2000cca0      0x118 ./src/sub-systemCode/Main/Main_Init.o
                0x2000cca0                StartTIME
 .text.first_activation
                0x2000cdb8       0x78 ./src/sub-systemCode/Main/Main_Init.o
                0x2000cdb8                first_activation
 .text.InitSubsystems
                0x2000ce30       0x64 ./src/sub-systemCode/Main/Main_Init.o
                0x2000ce30                InitSubsystems
 .text.SubSystemTaskStart
                0x2000ce94       0xe8 ./src/sub-systemCode/Main/Main_Init.o
                0x2000ce94                SubSystemTaskStart
 .text.copy_command
                0x2000cf7c       0x80 ./src/sub-systemCode/Main/commands.o
                0x2000cf7c                copy_command
 .text.reset_command
                0x2000cffc       0x28 ./src/sub-systemCode/Main/commands.o
                0x2000cffc                reset_command
 .text.init_command
                0x2000d024       0xd4 ./src/sub-systemCode/Main/commands.o
                0x2000d024                init_command
 .text.add_command
                0x2000d0f8      0x138 ./src/sub-systemCode/Main/commands.o
                0x2000d0f8                add_command
 .text.get_command
                0x2000d230      0x1cc ./src/sub-systemCode/Main/commands.o
                0x2000d230                get_command
 .text.act_upon_command
                0x2000d3fc      0x200 ./src/sub-systemCode/Main/commands.o
                0x2000d3fc                act_upon_command
 .text.AUC_COMM
                0x2000d5fc      0x200 ./src/sub-systemCode/Main/commands.o
                0x2000d5fc                AUC_COMM
 .text.AUC_general
                0x2000d7fc      0x17c ./src/sub-systemCode/Main/commands.o
                0x2000d7fc                AUC_general
 .text.AUC_payload
                0x2000d978      0x110 ./src/sub-systemCode/Main/commands.o
                0x2000d978                AUC_payload
 .text.AUC_EPS  0x2000da88      0x28c ./src/sub-systemCode/Main/commands.o
                0x2000da88                AUC_EPS
 .text.AUC_ADCS
                0x2000dd14       0x5c ./src/sub-systemCode/Main/commands.o
                0x2000dd14                AUC_ADCS
 .text.AUC_GS   0x2000dd70      0x1fc ./src/sub-systemCode/Main/commands.o
                0x2000dd70                AUC_GS
 .text.AUC_SW   0x2000df6c       0xe4 ./src/sub-systemCode/Main/commands.o
                0x2000df6c                AUC_SW
 .text.AUC_special_operation
                0x2000e050       0x8c ./src/sub-systemCode/Main/commands.o
                0x2000e050                AUC_special_operation
 .text.check_int
                0x2000e0dc       0x3c ./src/sub-systemCode/Global/Global.o
                0x2000e0dc                check_int
 .text.check_portBASE_TYPE
                0x2000e118       0x3c ./src/sub-systemCode/Global/Global.o
                0x2000e118                check_portBASE_TYPE
 .text.soft_reset_subsystem
                0x2000e154       0xd8 ./src/sub-systemCode/Global/Global.o
                0x2000e154                soft_reset_subsystem
 .text.hard_reset_subsystem
                0x2000e22c       0xfc ./src/sub-systemCode/Global/Global.o
                0x2000e22c                hard_reset_subsystem
 .text.BigEnE_raw_to_uInt
                0x2000e328       0x94 ./src/sub-systemCode/Global/Global.o
                0x2000e328                BigEnE_raw_to_uInt
 .text.BigEnE_raw_to_uShort
                0x2000e3bc       0x50 ./src/sub-systemCode/Global/Global.o
                0x2000e3bc                BigEnE_raw_to_uShort
 .text.BigEnE_uInt_to_raw
                0x2000e40c       0x78 ./src/sub-systemCode/Global/Global.o
                0x2000e40c                BigEnE_uInt_to_raw
 .text.reset_FRAM_MAIN
                0x2000e484      0x19c ./src/sub-systemCode/Global/Global.o
                0x2000e484                reset_FRAM_MAIN
 .text.init_GP  0x2000e620      0x300 ./src/sub-systemCode/Global/GlobalParam.o
                0x2000e620                init_GP
 .text.get_system_state
                0x2000e920      0x268 ./src/sub-systemCode/Global/GlobalParam.o
                0x2000e920                get_system_state
 .text.set_system_state
                0x2000eb88      0x298 ./src/sub-systemCode/Global/GlobalParam.o
                0x2000eb88                set_system_state
 .text.get_current_global_param
                0x2000ee20      0x5c8 ./src/sub-systemCode/Global/GlobalParam.o
                0x2000ee20                get_current_global_param
 .text.set_Vbatt
                0x2000f3e8       0x8c ./src/sub-systemCode/Global/GlobalParam.o
                0x2000f3e8                set_Vbatt
 .text.get_Vbatt
                0x2000f474       0x8c ./src/sub-systemCode/Global/GlobalParam.o
                0x2000f474                get_Vbatt
 .text.set_curBat
                0x2000f500       0x8c ./src/sub-systemCode/Global/GlobalParam.o
                0x2000f500                set_curBat
 .text.set_cur3V3
                0x2000f58c       0x8c ./src/sub-systemCode/Global/GlobalParam.o
                0x2000f58c                set_cur3V3
 .text.set_cur5V
                0x2000f618       0x8c ./src/sub-systemCode/Global/GlobalParam.o
                0x2000f618                set_cur5V
 .text.set_tempComm_LO
                0x2000f6a4       0x8c ./src/sub-systemCode/Global/GlobalParam.o
                0x2000f6a4                set_tempComm_LO
 .text.set_tempComm_PA
                0x2000f730       0x8c ./src/sub-systemCode/Global/GlobalParam.o
                0x2000f730                set_tempComm_PA
 .text.set_tempEPS
                0x2000f7bc       0xc8 ./src/sub-systemCode/Global/GlobalParam.o
                0x2000f7bc                set_tempEPS
 .text.set_tempBatt
                0x2000f884       0xc8 ./src/sub-systemCode/Global/GlobalParam.o
                0x2000f884                set_tempBatt
 .text.set_RxDoppler
                0x2000f94c       0x8c ./src/sub-systemCode/Global/GlobalParam.o
                0x2000f94c                set_RxDoppler
 .text.set_RxRSSI
                0x2000f9d8       0x8c ./src/sub-systemCode/Global/GlobalParam.o
                0x2000f9d8                set_RxRSSI
 .text.set_TxRefl
                0x2000fa64       0x8c ./src/sub-systemCode/Global/GlobalParam.o
                0x2000fa64                set_TxRefl
 .text.set_TxForw
                0x2000faf0       0x8c ./src/sub-systemCode/Global/GlobalParam.o
                0x2000faf0                set_TxForw
 .text.get_ST   0x2000fb7c       0x8c ./src/sub-systemCode/Global/GlobalParam.o
                0x2000fb7c                get_ST
 .text.set_numOfAPRS
                0x2000fc08       0x8c ./src/sub-systemCode/Global/GlobalParam.o
                0x2000fc08                set_numOfAPRS
 .text.set_numOfDelayedCommand
                0x2000fc94       0x8c ./src/sub-systemCode/Global/GlobalParam.o
                0x2000fc94                set_numOfDelayedCommand
 .text.set_numOfResets
                0x2000fd20       0xac ./src/sub-systemCode/Global/GlobalParam.o
                0x2000fd20                set_numOfResets
 .text.set_ground_conn
                0x2000fdcc       0xa0 ./src/sub-systemCode/Global/GlobalParam.o
                0x2000fdcc                set_ground_conn
 .text.get_ground_conn
                0x2000fe6c       0xa0 ./src/sub-systemCode/Global/GlobalParam.o
                0x2000fe6c                get_ground_conn
 .text.delete_allTMFilesFromSD
                0x2000ff0c       0xf8 ./src/sub-systemCode/Global/TM_managment.o
                0x2000ff0c                delete_allTMFilesFromSD
 .text.getNumOfFilesInFS
                0x20010004       0x44 ./src/sub-systemCode/Global/TM_managment.o
 .text.setNumOfFilesInFS
                0x20010048       0x50 ./src/sub-systemCode/Global/TM_managment.o
 .text.InitializeFS
                0x20010098      0x174 ./src/sub-systemCode/Global/TM_managment.o
                0x20010098                InitializeFS
 .text.c_fileCreate
                0x2001020c       0xf4 ./src/sub-systemCode/Global/TM_managment.o
                0x2001020c                c_fileCreate
 .text.writewithEpochtime
                0x20010300       0x9c ./src/sub-systemCode/Global/TM_managment.o
 .text.get_C_FILE_struct
                0x2001039c      0x104 ./src/sub-systemCode/Global/TM_managment.o
 .text.getFileIndex
                0x200104a0       0x4c ./src/sub-systemCode/Global/TM_managment.o
 .text.get_file_name_by_index
                0x200104ec       0x54 ./src/sub-systemCode/Global/TM_managment.o
                0x200104ec                get_file_name_by_index
 .text.c_fileReset
                0x20010540       0xbc ./src/sub-systemCode/Global/TM_managment.o
                0x20010540                c_fileReset
 .text.c_fileWrite
                0x200105fc      0x11c ./src/sub-systemCode/Global/TM_managment.o
                0x200105fc                c_fileWrite
 .text.c_fileRead
                0x20010718      0x28c ./src/sub-systemCode/Global/TM_managment.o
                0x20010718                c_fileRead
 .text.reset_APRS_list
                0x200109a4       0xa4 ./src/sub-systemCode/COMM/APRS.o
                0x200109a4                reset_APRS_list
 .text.send_APRS_Dump
                0x20010a48      0x1c4 ./src/sub-systemCode/COMM/APRS.o
                0x20010a48                send_APRS_Dump
 .text.check_APRS
                0x20010c0c      0x1a4 ./src/sub-systemCode/COMM/APRS.o
                0x20010c0c                check_APRS
 .text.get_APRS_list
                0x20010db0       0x88 ./src/sub-systemCode/COMM/APRS.o
                0x20010db0                get_APRS_list
 .text.find_CMD_in_list
                0x20010e38       0x7c ./src/sub-systemCode/COMM/DelayedCommand_list.o
                0x20010e38                find_CMD_in_list
 .text.find_empty_in_list
                0x20010eb4       0x74 ./src/sub-systemCode/COMM/DelayedCommand_list.o
                0x20010eb4                find_empty_in_list
 .text.check_delayCommandTime
                0x20010f28       0x8c ./src/sub-systemCode/COMM/DelayedCommand_list.o
                0x20010f28                check_delayCommandTime
 .text.execute_delayedCommand
                0x20010fb4       0x64 ./src/sub-systemCode/COMM/DelayedCommand_list.o
                0x20010fb4                execute_delayedCommand
 .text.check_delaycommand
                0x20011018      0x17c ./src/sub-systemCode/COMM/DelayedCommand_list.o
                0x20011018                check_delaycommand
 .text.reset_delayCommand
                0x20011194       0x8c ./src/sub-systemCode/COMM/DelayedCommand_list.o
                0x20011194                reset_delayCommand
 .text.add_delayCommand
                0x20011220      0x1a4 ./src/sub-systemCode/COMM/DelayedCommand_list.o
                0x20011220                add_delayCommand
 .text.get_delayCommand_list
                0x200113c4       0x80 ./src/sub-systemCode/COMM/DelayedCommand_list.o
                0x200113c4                get_delayCommand_list
 .text.EmptyOldestCommand
                0x20011444       0xfc ./src/sub-systemCode/COMM/DelayedCommand_list.o
                0x20011444                EmptyOldestCommand
 .text.decode_TCpacket
                0x20011540      0x16c ./src/sub-systemCode/COMM/GSC.o
                0x20011540                decode_TCpacket
 .text.encode_TCpacket
                0x200116ac      0x114 ./src/sub-systemCode/COMM/GSC.o
                0x200116ac                encode_TCpacket
 .text.encode_TMpacket
                0x200117c0      0x104 ./src/sub-systemCode/COMM/GSC.o
                0x200117c0                encode_TMpacket
 .text.build_raw_ACK
                0x200118c4       0xbc ./src/sub-systemCode/COMM/GSC.o
                0x200118c4                build_raw_ACK
 .text.build_data_field_ACK
                0x20011980       0x74 ./src/sub-systemCode/COMM/GSC.o
                0x20011980                build_data_field_ACK
 .text.init_trxvu
                0x200119f4      0x134 ./src/sub-systemCode/COMM/TRXVU.o
                0x200119f4                init_trxvu
 .text.TRXVU_task
                0x20011b28      0x18c ./src/sub-systemCode/COMM/TRXVU.o
                0x20011b28                TRXVU_task
 .text.dump_logic
                0x20011cb4      0x2ec ./src/sub-systemCode/COMM/TRXVU.o
                0x20011cb4                dump_logic
 .text.Dump_task
                0x20011fa0      0x16c ./src/sub-systemCode/COMM/TRXVU.o
                0x20011fa0                Dump_task
 .text.transponder_logic
                0x2001210c       0xbc ./src/sub-systemCode/COMM/TRXVU.o
                0x2001210c                transponder_logic
 .text.Transponder_task
                0x200121c8      0x1e0 ./src/sub-systemCode/COMM/TRXVU.o
                0x200121c8                Transponder_task
 .text.lookForRequestToDelete_transponder
                0x200123a8       0xac ./src/sub-systemCode/COMM/TRXVU.o
                0x200123a8                lookForRequestToDelete_transponder
 .text.lookForRequestToDelete_dump
                0x20012454       0x7c ./src/sub-systemCode/COMM/TRXVU.o
                0x20012454                lookForRequestToDelete_dump
 .text.sendRequestToStop_dump
                0x200124d0       0x8c ./src/sub-systemCode/COMM/TRXVU.o
                0x200124d0                sendRequestToStop_dump
 .text.sendRequestToStop_transponder
                0x2001255c       0x98 ./src/sub-systemCode/COMM/TRXVU.o
                0x2001255c                sendRequestToStop_transponder
 .text.Rx_logic
                0x200125f4      0x188 ./src/sub-systemCode/COMM/TRXVU.o
                0x200125f4                Rx_logic
 .text.pass_above_Ground
                0x2001277c      0x104 ./src/sub-systemCode/COMM/TRXVU.o
                0x2001277c                pass_above_Ground
 .text.trxvu_logic
                0x20012880       0x1c ./src/sub-systemCode/COMM/TRXVU.o
                0x20012880                trxvu_logic
 .text.Beacon_task
                0x2001289c      0x1d8 ./src/sub-systemCode/COMM/TRXVU.o
                0x2001289c                Beacon_task
 .text.buildAndSend_beacon
                0x20012a74      0x614 ./src/sub-systemCode/COMM/TRXVU.o
                0x20012a74                buildAndSend_beacon
 .text.reset_FRAM_TRXVU
                0x20013088       0xc0 ./src/sub-systemCode/COMM/TRXVU.o
                0x20013088                reset_FRAM_TRXVU
 .text.TRX_sendFrame
                0x20013148      0x23c ./src/sub-systemCode/COMM/TRXVU.o
                0x20013148                TRX_sendFrame
 .text.TRX_getFrameData
                0x20013384      0x128 ./src/sub-systemCode/COMM/TRXVU.o
                0x20013384                TRX_getFrameData
 .text.mute_Tx  0x200134ac       0x20 ./src/sub-systemCode/COMM/TRXVU.o
                0x200134ac                mute_Tx
 .text.unmute_Tx
                0x200134cc       0x54 ./src/sub-systemCode/COMM/TRXVU.o
                0x200134cc                unmute_Tx
 .text.check_time_off_mute
                0x20013520       0x74 ./src/sub-systemCode/COMM/TRXVU.o
                0x20013520                check_time_off_mute
 .text.set_mute_time
                0x20013594       0xb4 ./src/sub-systemCode/COMM/TRXVU.o
                0x20013594                set_mute_time
 .text.change_TRXVU_state
                0x20013648       0x98 ./src/sub-systemCode/COMM/TRXVU.o
                0x20013648                change_TRXVU_state
 .text.change_trans_RSSI
                0x200136e0       0x60 ./src/sub-systemCode/COMM/TRXVU.o
                0x200136e0                change_trans_RSSI
 .text.init_adcs
                0x20013740      0x104 ./src/sub-systemCode/ADCS/ADCS.o
                0x20013740                init_adcs
 .text.telemtryStart
                0x20013844      0x16c ./src/sub-systemCode/ADCS/Stage_Table.o
                0x20013844                telemtryStart
 .text.powerStart
                0x200139b0       0x5c ./src/sub-systemCode/ADCS/Stage_Table.o
                0x200139b0                powerStart
 .text.createTable
                0x20013a0c       0xb4 ./src/sub-systemCode/ADCS/Stage_Table.o
                0x20013a0c                createTable
 .text.buildControlMode
                0x20013ac0       0x60 ./src/sub-systemCode/ADCS/Stage_Table.o
                0x20013ac0                buildControlMode
 .text.Check_Table
                0x20013b20      0x178 ./src/sub-systemCode/ADCS/Stage_Table.o
                0x20013b20                Check_Table
 .text.updateTable
                0x20013c98      0x1f0 ./src/sub-systemCode/ADCS/Stage_Table.o
                0x20013c98                updateTable
 .text.translateCommandFULL
                0x20013e88       0x78 ./src/sub-systemCode/ADCS/Stage_Table.o
                0x20013e88                translateCommandFULL
 .text.getTableTo
                0x20013f00       0x64 ./src/sub-systemCode/ADCS/Stage_Table.o
                0x20013f00                getTableTo
 .text.save_time
                0x20013f64       0x9c ./src/main.o
                0x20013f64                save_time
 .text.Command_logic
                0x20014000       0x6c ./src/main.o
                0x20014000                Command_logic
 .text.taskMain
                0x2001406c       0x74 ./src/main.o
                0x2001406c                taskMain
 .text.main     0x200140e0       0xb8 ./src/main.o
                0x200140e0                main
 .text.GomEpsInitialize
                0x20014198      0x148 C:/HOOPOE3/satellite-subsystems/demo/..//satellite-subsystems/lib\libSatelliteSubsystemsD.a(GomEPS.o)
                0x20014198                GomEpsInitialize
 .text.makeEPStransfer
                0x200142e0       0x3c C:/HOOPOE3/satellite-subsystems/demo/..//satellite-subsystems/lib\libSatelliteSubsystemsD.a(GomEPS.o)
 .text.GomEpsSoftReset
                0x2001431c       0xc4 C:/HOOPOE3/satellite-subsystems/demo/..//satellite-subsystems/lib\libSatelliteSubsystemsD.a(GomEPS.o)
                0x2001431c                GomEpsSoftReset
 .text.GomEpsHardReset
                0x200143e0       0xa8 C:/HOOPOE3/satellite-subsystems/demo/..//satellite-subsystems/lib\libSatelliteSubsystemsD.a(GomEPS.o)
                0x200143e0                GomEpsHardReset
 .text.GomEpsGetHkData_general
                0x20014488      0x45c C:/HOOPOE3/satellite-subsystems/demo/..//satellite-subsystems/lib\libSatelliteSubsystemsD.a(GomEPS.o)
                0x20014488                GomEpsGetHkData_general
 .text.GomEpsGetHkData_basic
                0x200148e4      0x22c C:/HOOPOE3/satellite-subsystems/demo/..//satellite-subsystems/lib\libSatelliteSubsystemsD.a(GomEPS.o)
                0x200148e4                GomEpsGetHkData_basic
 .text.GomEpsSetOutput
                0x20014b10       0xbc C:/HOOPOE3/satellite-subsystems/demo/..//satellite-subsystems/lib\libSatelliteSubsystemsD.a(GomEPS.o)
                0x20014b10                GomEpsSetOutput
 .text.GomEpsConfigSet
                0x20014bcc      0x184 C:/HOOPOE3/satellite-subsystems/demo/..//satellite-subsystems/lib\libSatelliteSubsystemsD.a(GomEPS.o)
                0x20014bcc                GomEpsConfigSet
 .text.makeAntStransfer
                0x20014d50       0x4c C:/HOOPOE3/satellite-subsystems/demo/..//satellite-subsystems/lib\libSatelliteSubsystemsD.a(IsisAntS.o)
 .text.checkInputsValid
                0x20014d9c       0x7c C:/HOOPOE3/satellite-subsystems/demo/..//satellite-subsystems/lib\libSatelliteSubsystemsD.a(IsisAntS.o)
 .text.IsisAntS_setArmStatus
                0x20014e18      0x104 C:/HOOPOE3/satellite-subsystems/demo/..//satellite-subsystems/lib\libSatelliteSubsystemsD.a(IsisAntS.o)
                0x20014e18                IsisAntS_setArmStatus
 .text.IsisAntS_reset
                0x20014f1c      0x104 C:/HOOPOE3/satellite-subsystems/demo/..//satellite-subsystems/lib\libSatelliteSubsystemsD.a(IsisAntS.o)
                0x20014f1c                IsisAntS_reset
 .text.IsisSolarPanelv2_initialize
                0x20015020       0xb4 C:/HOOPOE3/satellite-subsystems/demo/..//satellite-subsystems/lib\libSatelliteSubsystemsD.a(IsisSolarPanelv2.o)
                0x20015020                IsisSolarPanelv2_initialize
 .text.IsisSolarPanelv2_getTemperature
                0x200150d4       0xc8 C:/HOOPOE3/satellite-subsystems/demo/..//satellite-subsystems/lib\libSatelliteSubsystemsD.a(IsisSolarPanelv2.o)
                0x200150d4                IsisSolarPanelv2_getTemperature
 .text.IsisSolarPanelv2_sleep
                0x2001519c       0xbc C:/HOOPOE3/satellite-subsystems/demo/..//satellite-subsystems/lib\libSatelliteSubsystemsD.a(IsisSolarPanelv2.o)
                0x2001519c                IsisSolarPanelv2_sleep
 .text.IsisSolarPanelv2_wakeup
                0x20015258       0x80 C:/HOOPOE3/satellite-subsystems/demo/..//satellite-subsystems/lib\libSatelliteSubsystemsD.a(IsisSolarPanelv2.o)
                0x20015258                IsisSolarPanelv2_wakeup
 .text._Reset   0x200152d8       0x20 C:/HOOPOE3/satellite-subsystems/demo/..//satellite-subsystems/lib\libSatelliteSubsystemsD.a(IsisSolarPanelv2.o)
 .text._WaitForStartup
                0x200152f8       0x90 C:/HOOPOE3/satellite-subsystems/demo/..//satellite-subsystems/lib\libSatelliteSubsystemsD.a(IsisSolarPanelv2.o)
 .text._AssignAllChannels
                0x20015388       0x90 C:/HOOPOE3/satellite-subsystems/demo/..//satellite-subsystems/lib\libSatelliteSubsystemsD.a(IsisSolarPanelv2.o)
 .text._AssignThisChannel
                0x20015418       0xe8 C:/HOOPOE3/satellite-subsystems/demo/..//satellite-subsystems/lib\libSatelliteSubsystemsD.a(IsisSolarPanelv2.o)
 .text._InitiateConversion
                0x20015500       0xac C:/HOOPOE3/satellite-subsystems/demo/..//satellite-subsystems/lib\libSatelliteSubsystemsD.a(IsisSolarPanelv2.o)
 .text._WaitForConversionComplete
                0x200155ac      0x100 C:/HOOPOE3/satellite-subsystems/demo/..//satellite-subsystems/lib\libSatelliteSubsystemsD.a(IsisSolarPanelv2.o)
 .text._ReadResult
                0x200156ac      0x158 C:/HOOPOE3/satellite-subsystems/demo/..//satellite-subsystems/lib\libSatelliteSubsystemsD.a(IsisSolarPanelv2.o)
 .text._ExtractByte
                0x20015804       0x38 C:/HOOPOE3/satellite-subsystems/demo/..//satellite-subsystems/lib\libSatelliteSubsystemsD.a(IsisSolarPanelv2.o)
 .text._ExtendSign
                0x2001583c       0x6c C:/HOOPOE3/satellite-subsystems/demo/..//satellite-subsystems/lib\libSatelliteSubsystemsD.a(IsisSolarPanelv2.o)
 .text._PinsInit
                0x200158a8       0x50 C:/HOOPOE3/satellite-subsystems/demo/..//satellite-subsystems/lib\libSatelliteSubsystemsD.a(IsisSolarPanelv2.o)
 .text._SpiWriteRead
                0x200158f8       0x70 C:/HOOPOE3/satellite-subsystems/demo/..//satellite-subsystems/lib\libSatelliteSubsystemsD.a(IsisSolarPanelv2.o)
 .text.IsisTrxvu_initialize
                0x20015968      0x2f4 C:/HOOPOE3/satellite-subsystems/demo/..//satellite-subsystems/lib\libSatelliteSubsystemsD.a(IsisTRXVU.o)
                0x20015968                IsisTrxvu_initialize
 .text.makeTRXVUtransfer
                0x20015c5c       0x44 C:/HOOPOE3/satellite-subsystems/demo/..//satellite-subsystems/lib\libSatelliteSubsystemsD.a(IsisTRXVU.o)
 .text.IsisTrxvu_componentSoftReset
                0x20015ca0       0x6c C:/HOOPOE3/satellite-subsystems/demo/..//satellite-subsystems/lib\libSatelliteSubsystemsD.a(IsisTRXVU.o)
                0x20015ca0                IsisTrxvu_componentSoftReset
 .text.IsisTrxvu_componentHardReset
                0x20015d0c       0xc8 C:/HOOPOE3/satellite-subsystems/demo/..//satellite-subsystems/lib\libSatelliteSubsystemsD.a(IsisTRXVU.o)
                0x20015d0c                IsisTrxvu_componentHardReset
 .text.IsisTrxvu_softReset
                0x20015dd4       0x74 C:/HOOPOE3/satellite-subsystems/demo/..//satellite-subsystems/lib\libSatelliteSubsystemsD.a(IsisTRXVU.o)
                0x20015dd4                IsisTrxvu_softReset
 .text.IsisTrxvu_hardReset
                0x20015e48       0x74 C:/HOOPOE3/satellite-subsystems/demo/..//satellite-subsystems/lib\libSatelliteSubsystemsD.a(IsisTRXVU.o)
                0x20015e48                IsisTrxvu_hardReset
 .text.IsisTrxvu_tcSendAX25DefClSign
                0x20015ebc       0xec C:/HOOPOE3/satellite-subsystems/demo/..//satellite-subsystems/lib\libSatelliteSubsystemsD.a(IsisTRXVU.o)
                0x20015ebc                IsisTrxvu_tcSendAX25DefClSign
 .text.IsisTrxvu_tcSetIdlestate
                0x20015fa8       0xa4 C:/HOOPOE3/satellite-subsystems/demo/..//satellite-subsystems/lib\libSatelliteSubsystemsD.a(IsisTRXVU.o)
                0x20015fa8                IsisTrxvu_tcSetIdlestate
 .text.IsisTrxvu_tcSetAx25Bitrate
                0x2001604c       0xc4 C:/HOOPOE3/satellite-subsystems/demo/..//satellite-subsystems/lib\libSatelliteSubsystemsD.a(IsisTRXVU.o)
                0x2001604c                IsisTrxvu_tcSetAx25Bitrate
 .text.IsisTrxvu_tcGetTelemetryAll_revC
                0x20016110       0xd0 C:/HOOPOE3/satellite-subsystems/demo/..//satellite-subsystems/lib\libSatelliteSubsystemsD.a(IsisTRXVU.o)
                0x20016110                IsisTrxvu_tcGetTelemetryAll_revC
 .text.IsisTrxvu_rcGetFrameCount
                0x200161e0       0xa0 C:/HOOPOE3/satellite-subsystems/demo/..//satellite-subsystems/lib\libSatelliteSubsystemsD.a(IsisTRXVU.o)
                0x200161e0                IsisTrxvu_rcGetFrameCount
 .text.IsisTrxvu_rcGetCommandFrame
                0x20016280      0x2d8 C:/HOOPOE3/satellite-subsystems/demo/..//satellite-subsystems/lib\libSatelliteSubsystemsD.a(IsisTRXVU.o)
                0x20016280                IsisTrxvu_rcGetCommandFrame
 .text.IsisTrxvu_rcGetTelemetryAll_revC
                0x20016558       0xec C:/HOOPOE3/satellite-subsystems/demo/..//satellite-subsystems/lib\libSatelliteSubsystemsD.a(IsisTRXVU.o)
                0x20016558                IsisTrxvu_rcGetTelemetryAll_revC
 .text.cspaceADCS_initialize
                0x20016644      0x18c C:/HOOPOE3/satellite-subsystems/demo/..//satellite-subsystems/lib\libSatelliteSubsystemsD.a(cspaceADCS.o)
                0x20016644                cspaceADCS_initialize
 .text.make_cspaceADCStransfer
                0x200167d0      0x1b4 C:/HOOPOE3/satellite-subsystems/demo/..//satellite-subsystems/lib\libSatelliteSubsystemsD.a(cspaceADCS.o)
 .text.cspaceADCS_componentReset
                0x20016984       0xbc C:/HOOPOE3/satellite-subsystems/demo/..//satellite-subsystems/lib\libSatelliteSubsystemsD.a(cspaceADCS.o)
                0x20016984                cspaceADCS_componentReset
 .text.cspaceADCS_setRunMode
                0x20016a40       0xbc C:/HOOPOE3/satellite-subsystems/demo/..//satellite-subsystems/lib\libSatelliteSubsystemsD.a(cspaceADCS.o)
                0x20016a40                cspaceADCS_setRunMode
 .text.cspaceADCS_setPwrCtrlDevice
                0x20016afc       0xd0 C:/HOOPOE3/satellite-subsystems/demo/..//satellite-subsystems/lib\libSatelliteSubsystemsD.a(cspaceADCS.o)
                0x20016afc                cspaceADCS_setPwrCtrlDevice
 .text.cspaceADCS_setAttCtrlMode
                0x20016bcc       0xd0 C:/HOOPOE3/satellite-subsystems/demo/..//satellite-subsystems/lib\libSatelliteSubsystemsD.a(cspaceADCS.o)
                0x20016bcc                cspaceADCS_setAttCtrlMode
 .text.cspaceADCS_setAttEstMode
                0x20016c9c       0xbc C:/HOOPOE3/satellite-subsystems/demo/..//satellite-subsystems/lib\libSatelliteSubsystemsD.a(cspaceADCS.o)
                0x20016c9c                cspaceADCS_setAttEstMode
 .text.cspaceADCS_getCurrentState
                0x20016d58       0xc4 C:/HOOPOE3/satellite-subsystems/demo/..//satellite-subsystems/lib\libSatelliteSubsystemsD.a(cspaceADCS.o)
                0x20016d58                cspaceADCS_getCurrentState
 .text.cspaceADCS_getPwrCtrlDevice
                0x20016e1c       0xc4 C:/HOOPOE3/satellite-subsystems/demo/..//satellite-subsystems/lib\libSatelliteSubsystemsD.a(cspaceADCS.o)
                0x20016e1c                cspaceADCS_getPwrCtrlDevice
 .text.GECKO_GetReg
                0x20016ee0      0x110 C:/HOOPOE3/satellite-subsystems/demo/..//satellite-subsystems/lib\libSatelliteSubsystemsD.a(gecko_driver.o)
                0x20016ee0                GECKO_GetReg
 .text.GECKO_GetVoltageInput5V
                0x20016ff0       0xf4 C:/HOOPOE3/satellite-subsystems/demo/..//satellite-subsystems/lib\libSatelliteSubsystemsD.a(gecko_driver.o)
                0x20016ff0                GECKO_GetVoltageInput5V
 .text.GECKO_GetCurrentInput5V
                0x200170e4      0x130 C:/HOOPOE3/satellite-subsystems/demo/..//satellite-subsystems/lib\libSatelliteSubsystemsD.a(gecko_driver.o)
                0x200170e4                GECKO_GetCurrentInput5V
 .text.GECKO_GetVoltageFPGA1V
                0x20017214       0xd4 C:/HOOPOE3/satellite-subsystems/demo/..//satellite-subsystems/lib\libSatelliteSubsystemsD.a(gecko_driver.o)
                0x20017214                GECKO_GetVoltageFPGA1V
 .text.GECKO_GetCurrentFPGA1V
                0x200172e8      0x130 C:/HOOPOE3/satellite-subsystems/demo/..//satellite-subsystems/lib\libSatelliteSubsystemsD.a(gecko_driver.o)
                0x200172e8                GECKO_GetCurrentFPGA1V
 .text.GECKO_GetVoltageFPGA1V8
                0x20017418       0xd4 C:/HOOPOE3/satellite-subsystems/demo/..//satellite-subsystems/lib\libSatelliteSubsystemsD.a(gecko_driver.o)
                0x20017418                GECKO_GetVoltageFPGA1V8
 .text.GECKO_GetCurrentFPGA1V8
                0x200174ec      0x130 C:/HOOPOE3/satellite-subsystems/demo/..//satellite-subsystems/lib\libSatelliteSubsystemsD.a(gecko_driver.o)
                0x200174ec                GECKO_GetCurrentFPGA1V8
 .text.GECKO_GetVoltageFPGA2V5
                0x2001761c       0xe8 C:/HOOPOE3/satellite-subsystems/demo/..//satellite-subsystems/lib\libSatelliteSubsystemsD.a(gecko_driver.o)
                0x2001761c                GECKO_GetVoltageFPGA2V5
 .text.GECKO_GetCurrentFPGA2V5
                0x20017704      0x130 C:/HOOPOE3/satellite-subsystems/demo/..//satellite-subsystems/lib\libSatelliteSubsystemsD.a(gecko_driver.o)
                0x20017704                GECKO_GetCurrentFPGA2V5
 .text.GECKO_GetVoltageFPGA3V3
                0x20017834       0xe8 C:/HOOPOE3/satellite-subsystems/demo/..//satellite-subsystems/lib\libSatelliteSubsystemsD.a(gecko_driver.o)
                0x20017834                GECKO_GetVoltageFPGA3V3
 .text.GECKO_GetCurrentFPGA3V3
                0x2001791c      0x130 C:/HOOPOE3/satellite-subsystems/demo/..//satellite-subsystems/lib\libSatelliteSubsystemsD.a(gecko_driver.o)
                0x2001791c                GECKO_GetCurrentFPGA3V3
 .text.GECKO_GetVoltageFlash1V8
                0x20017a4c       0xd4 C:/HOOPOE3/satellite-subsystems/demo/..//satellite-subsystems/lib\libSatelliteSubsystemsD.a(gecko_driver.o)
                0x20017a4c                GECKO_GetVoltageFlash1V8
 .text.GECKO_GetCurrentFlash1V8
                0x20017b20      0x130 C:/HOOPOE3/satellite-subsystems/demo/..//satellite-subsystems/lib\libSatelliteSubsystemsD.a(gecko_driver.o)
                0x20017b20                GECKO_GetCurrentFlash1V8
 .text.GECKO_GetVoltageFlash3V3
                0x20017c50       0xe8 C:/HOOPOE3/satellite-subsystems/demo/..//satellite-subsystems/lib\libSatelliteSubsystemsD.a(gecko_driver.o)
                0x20017c50                GECKO_GetVoltageFlash3V3
 .text.GECKO_GetCurrentFlash3V3
                0x20017d38      0x130 C:/HOOPOE3/satellite-subsystems/demo/..//satellite-subsystems/lib\libSatelliteSubsystemsD.a(gecko_driver.o)
                0x20017d38                GECKO_GetCurrentFlash3V3
 .text.GECKO_GetVoltageSNSR1V8
                0x20017e68       0xe8 C:/HOOPOE3/satellite-subsystems/demo/..//satellite-subsystems/lib\libSatelliteSubsystemsD.a(gecko_driver.o)
                0x20017e68                GECKO_GetVoltageSNSR1V8
 .text.GECKO_GetCurrentSNSR1V8
                0x20017f50      0x130 C:/HOOPOE3/satellite-subsystems/demo/..//satellite-subsystems/lib\libSatelliteSubsystemsD.a(gecko_driver.o)
                0x20017f50                GECKO_GetCurrentSNSR1V8
 .text.GECKO_GetVoltageSNSRVDDPIX
                0x20018080       0xe8 C:/HOOPOE3/satellite-subsystems/demo/..//satellite-subsystems/lib\libSatelliteSubsystemsD.a(gecko_driver.o)
                0x20018080                GECKO_GetVoltageSNSRVDDPIX
 .text.GECKO_GetCurrentSNSRVDDPIX
                0x20018168      0x130 C:/HOOPOE3/satellite-subsystems/demo/..//satellite-subsystems/lib\libSatelliteSubsystemsD.a(gecko_driver.o)
                0x20018168                GECKO_GetCurrentSNSRVDDPIX
 .text.GECKO_GetVoltageSNSR3V3
                0x20018298       0xe8 C:/HOOPOE3/satellite-subsystems/demo/..//satellite-subsystems/lib\libSatelliteSubsystemsD.a(gecko_driver.o)
                0x20018298                GECKO_GetVoltageSNSR3V3
 .text.GECKO_GetCurrentSNSR3V3
                0x20018380      0x130 C:/HOOPOE3/satellite-subsystems/demo/..//satellite-subsystems/lib\libSatelliteSubsystemsD.a(gecko_driver.o)
                0x20018380                GECKO_GetCurrentSNSR3V3
 .text.GECKO_GetVoltageFlashVTT09
                0x200184b0       0xd4 C:/HOOPOE3/satellite-subsystems/demo/..//satellite-subsystems/lib\libSatelliteSubsystemsD.a(gecko_driver.o)
                0x200184b0                GECKO_GetVoltageFlashVTT09
 .text.GECKO_GetTempSMU3AB
                0x20018584      0x35c C:/HOOPOE3/satellite-subsystems/demo/..//satellite-subsystems/lib\libSatelliteSubsystemsD.a(gecko_driver.o)
                0x20018584                GECKO_GetTempSMU3AB
 .text.GECKO_GetTempSMU3BC
                0x200188e0      0x360 C:/HOOPOE3/satellite-subsystems/demo/..//satellite-subsystems/lib\libSatelliteSubsystemsD.a(gecko_driver.o)
                0x200188e0                GECKO_GetTempSMU3BC
 .text.GECKO_GetTempREGU6
                0x20018c40      0x35c C:/HOOPOE3/satellite-subsystems/demo/..//satellite-subsystems/lib\libSatelliteSubsystemsD.a(gecko_driver.o)
                0x20018c40                GECKO_GetTempREGU6
 .text.GECKO_GetTempREGU8
                0x20018f9c      0x360 C:/HOOPOE3/satellite-subsystems/demo/..//satellite-subsystems/lib\libSatelliteSubsystemsD.a(gecko_driver.o)
                0x20018f9c                GECKO_GetTempREGU8
 .text.GECKO_GetTempFlash
                0x200192fc      0x360 C:/HOOPOE3/satellite-subsystems/demo/..//satellite-subsystems/lib\libSatelliteSubsystemsD.a(gecko_driver.o)
                0x200192fc                GECKO_GetTempFlash
 .text._SpiWriteRead
                0x2001965c       0x70 C:/HOOPOE3/satellite-subsystems/demo/..//satellite-subsystems/lib\libSatelliteSubsystemsD.a(gecko_driver.o)
 .text.makeTRXCommonTransfer
                0x200196cc       0x34 C:/HOOPOE3/satellite-subsystems/demo/..//satellite-subsystems/lib\libSatelliteSubsystemsD.a(IsisTRXCommon.o)
 .text.IsisTrxCommon_componentReset
                0x20019700       0x68 C:/HOOPOE3/satellite-subsystems/demo/..//satellite-subsystems/lib\libSatelliteSubsystemsD.a(IsisTRXCommon.o)
                0x20019700                IsisTrxCommon_componentReset
 .text.IsisTrxCommon_TxSendAX25DefClSign
                0x20019768       0xf4 C:/HOOPOE3/satellite-subsystems/demo/..//satellite-subsystems/lib\libSatelliteSubsystemsD.a(IsisTRXCommon.o)
                0x20019768                IsisTrxCommon_TxSendAX25DefClSign
 .text.IsisTrxCommon_TxSetIdlestate
                0x2001985c       0x78 C:/HOOPOE3/satellite-subsystems/demo/..//satellite-subsystems/lib\libSatelliteSubsystemsD.a(IsisTRXCommon.o)
                0x2001985c                IsisTrxCommon_TxSetIdlestate
 .text.IsisTrxCommon_TxSetAx25Bitrate
                0x200198d4       0x78 C:/HOOPOE3/satellite-subsystems/demo/..//satellite-subsystems/lib\libSatelliteSubsystemsD.a(IsisTRXCommon.o)
                0x200198d4                IsisTrxCommon_TxSetAx25Bitrate
 .text.IsisTrxCommon_RxGetFrameCount
                0x2001994c       0x8c C:/HOOPOE3/satellite-subsystems/demo/..//satellite-subsystems/lib\libSatelliteSubsystemsD.a(IsisTRXCommon.o)
                0x2001994c                IsisTrxCommon_RxGetFrameCount
 .text.IsisTrxCommon_RxGetTelemetryAll_revC
                0x200199d8       0x8c C:/HOOPOE3/satellite-subsystems/demo/..//satellite-subsystems/lib\libSatelliteSubsystemsD.a(IsisTRXCommon.o)
                0x200199d8                IsisTrxCommon_RxGetTelemetryAll_revC
 .text.log      0x20019a64      0x17c c:/isis/application/toolchain/bin/../lib/gcc/arm-none-eabi/4.7.4/../../../../arm-none-eabi/lib\libm.a(lib_a-w_log.o)
                0x20019a64                log
 .text.__ieee754_log
                0x20019be0      0x5c0 c:/isis/application/toolchain/bin/../lib/gcc/arm-none-eabi/4.7.4/../../../../arm-none-eabi/lib\libm.a(lib_a-e_log.o)
                0x20019be0                __ieee754_log
 .text.matherr  0x2001a1a0        0x8 c:/isis/application/toolchain/bin/../lib/gcc/arm-none-eabi/4.7.4/../../../../arm-none-eabi/lib\libm.a(lib_a-s_matherr.o)
                0x2001a1a0                matherr
 .text.nan      0x2001a1a8       0x10 c:/isis/application/toolchain/bin/../lib/gcc/arm-none-eabi/4.7.4/../../../../arm-none-eabi/lib\libm.a(lib_a-s_nan.o)
                0x2001a1a8                nan
 .text.fn_init  0x2001a1b8      0x2e0 C:/HOOPOE3/satellite-subsystems/demo/../..//hal/hcc/lib\libHCCD.a(fat_common.o)
                0x2001a1b8                fn_init
 .text._f_get16bitl
                0x2001a498       0x4c C:/HOOPOE3/satellite-subsystems/demo/../..//hal/hcc/lib\libHCCD.a(fat_common.o)
                0x2001a498                _f_get16bitl
 .text._f_set16bitl
                0x2001a4e4       0x54 C:/HOOPOE3/satellite-subsystems/demo/../..//hal/hcc/lib\libHCCD.a(fat_common.o)
                0x2001a4e4                _f_set16bitl
 .text._f_get32bitl
                0x2001a538       0x68 C:/HOOPOE3/satellite-subsystems/demo/../..//hal/hcc/lib\libHCCD.a(fat_common.o)
                0x2001a538                _f_get32bitl
 .text._f_set32bitl
                0x2001a5a0       0x78 C:/HOOPOE3/satellite-subsystems/demo/../..//hal/hcc/lib\libHCCD.a(fat_common.o)
                0x2001a5a0                _f_set32bitl
 .text._get8bit
                0x2001a618       0xa0 C:/HOOPOE3/satellite-subsystems/demo/../..//hal/hcc/lib\libHCCD.a(fat_common.o)
 .text._get16bitl
                0x2001a6b8       0x40 C:/HOOPOE3/satellite-subsystems/demo/../..//hal/hcc/lib\libHCCD.a(fat_common.o)
 .text._get32bitl
                0x2001a6f8       0x3c C:/HOOPOE3/satellite-subsystems/demo/../..//hal/hcc/lib\libHCCD.a(fat_common.o)
 .text._f_setcardremoved
                0x2001a734       0x94 C:/HOOPOE3/satellite-subsystems/demo/../..//hal/hcc/lib\libHCCD.a(fat_common.o)
 .text._f_checkstatus
                0x2001a7c8      0x104 C:/HOOPOE3/satellite-subsystems/demo/../..//hal/hcc/lib\libHCCD.a(fat_common.o)
                0x2001a7c8                _f_checkstatus
 .text._f_drvgetphy
                0x2001a8cc      0x114 C:/HOOPOE3/satellite-subsystems/demo/../..//hal/hcc/lib\libHCCD.a(fat_common.o)
 .text._f_drvwritesector
                0x2001a9e0       0xdc C:/HOOPOE3/satellite-subsystems/demo/../..//hal/hcc/lib\libHCCD.a(fat_common.o)
 .text._f_drvreadsector
                0x2001aabc       0xa8 C:/HOOPOE3/satellite-subsystems/demo/../..//hal/hcc/lib\libHCCD.a(fat_common.o)
 .text._f_writesector
                0x2001ab64      0x23c C:/HOOPOE3/satellite-subsystems/demo/../..//hal/hcc/lib\libHCCD.a(fat_common.o)
                0x2001ab64                _f_writesector
 .text._f_readsector
                0x2001ada0      0x1dc C:/HOOPOE3/satellite-subsystems/demo/../..//hal/hcc/lib\libHCCD.a(fat_common.o)
                0x2001ada0                _f_readsector
 .text._f_getmaxcluster
                0x2001af7c       0x94 C:/HOOPOE3/satellite-subsystems/demo/../..//hal/hcc/lib\libHCCD.a(fat_common.o)
                0x2001af7c                _f_getmaxcluster
 .text._getsectorfromcluster
                0x2001b010       0x68 C:/HOOPOE3/satellite-subsystems/demo/../..//hal/hcc/lib\libHCCD.a(fat_common.o)
 .text._f_buildsectors
                0x2001b078      0x268 C:/HOOPOE3/satellite-subsystems/demo/../..//hal/hcc/lib\libHCCD.a(fat_common.o)
 .text._f_getbootrecord
                0x2001b2e0      0x5e4 C:/HOOPOE3/satellite-subsystems/demo/../..//hal/hcc/lib\libHCCD.a(fat_common.o)
 .text._f_readbootrecord
                0x2001b8c4      0x4f8 C:/HOOPOE3/satellite-subsystems/demo/../..//hal/hcc/lib\libHCCD.a(fat_common.o)
 .text._f_flushcffiles
                0x2001bdbc      0x17c C:/HOOPOE3/satellite-subsystems/demo/../..//hal/hcc/lib\libHCCD.a(fat_common.o)
                0x2001bdbc                _f_flushcffiles
 .text._f_fatcache_flush
                0x2001bf38      0x270 C:/HOOPOE3/satellite-subsystems/demo/../..//hal/hcc/lib\libHCCD.a(fat_common.o)
                0x2001bf38                _f_fatcache_flush
 .text._f_writefatsector
                0x2001c1a8      0x100 C:/HOOPOE3/satellite-subsystems/demo/../..//hal/hcc/lib\libHCCD.a(fat_common.o)
                0x2001c1a8                _f_writefatsector
 .text._f_getfatsector
                0x2001c2a8      0x3bc C:/HOOPOE3/satellite-subsystems/demo/../..//hal/hcc/lib\libHCCD.a(fat_common.o)
 .text._f_setclustervalue
                0x2001c664      0x490 C:/HOOPOE3/satellite-subsystems/demo/../..//hal/hcc/lib\libHCCD.a(fat_common.o)
                0x2001c664                _f_setclustervalue
 .text._f_getclustervalue
                0x2001caf4      0x388 C:/HOOPOE3/satellite-subsystems/demo/../..//hal/hcc/lib\libHCCD.a(fat_common.o)
                0x2001caf4                _f_getclustervalue
 .text._f_close_drive_files
                0x2001ce7c       0xac C:/HOOPOE3/satellite-subsystems/demo/../..//hal/hcc/lib\libHCCD.a(fat_common.o)
 .text._f_inc_mount_count
                0x2001cf28       0xa4 C:/HOOPOE3/satellite-subsystems/demo/../..//hal/hcc/lib\libHCCD.a(fat_common.o)
 .text._f_getvolume
                0x2001cfcc      0x2f8 C:/HOOPOE3/satellite-subsystems/demo/../..//hal/hcc/lib\libHCCD.a(fat_common.o)
                0x2001cfcc                _f_getvolume
 .text.fn_createdriver
                0x2001d2c4      0x118 C:/HOOPOE3/satellite-subsystems/demo/../..//hal/hcc/lib\libHCCD.a(fat_common.o)
                0x2001d2c4                fn_createdriver
 .text.fn_initvolume
                0x2001d3dc      0x12c C:/HOOPOE3/satellite-subsystems/demo/../..//hal/hcc/lib\libHCCD.a(fat_common.o)
                0x2001d3dc                fn_initvolume
 .text.fn_initvolumepartition_sub
                0x2001d508       0xe0 C:/HOOPOE3/satellite-subsystems/demo/../..//hal/hcc/lib\libHCCD.a(fat_common.o)
 .text.fn_initvolumepartition
                0x2001d5e8       0xac C:/HOOPOE3/satellite-subsystems/demo/../..//hal/hcc/lib\libHCCD.a(fat_common.o)
                0x2001d5e8                fn_initvolumepartition
 .text._f_clustertopos
                0x2001d694       0xf8 C:/HOOPOE3/satellite-subsystems/demo/../..//hal/hcc/lib\libHCCD.a(fat_common.o)
                0x2001d694                _f_clustertopos
 .text._f_getcurrsector
                0x2001d78c      0x6c8 C:/HOOPOE3/satellite-subsystems/demo/../..//hal/hcc/lib\libHCCD.a(fat_common.o)
                0x2001d78c                _f_getcurrsector
 .text._f_getdecluster
                0x2001de54       0x90 C:/HOOPOE3/satellite-subsystems/demo/../..//hal/hcc/lib\libHCCD.a(fat_common.o)
                0x2001de54                _f_getdecluster
 .text._f_setdecluster
                0x2001dee4       0x8c C:/HOOPOE3/satellite-subsystems/demo/../..//hal/hcc/lib\libHCCD.a(fat_common.o)
                0x2001dee4                _f_setdecluster
 .text.fn_getdrive
                0x2001df70       0x30 C:/HOOPOE3/satellite-subsystems/demo/../..//hal/hcc/lib\libHCCD.a(fat_common.o)
                0x2001df70                fn_getdrive
 .text._f_getcurrenttimedate
                0x2001dfa0      0x138 C:/HOOPOE3/satellite-subsystems/demo/../..//hal/hcc/lib\libHCCD.a(fat_common.o)
                0x2001dfa0                _f_getcurrenttimedate
 .text._f_initentry
                0x2001e0d8       0xa0 C:/HOOPOE3/satellite-subsystems/demo/../..//hal/hcc/lib\libHCCD.a(fat_common.o)
                0x2001e0d8                _f_initentry
 .text._f_alloccluster
                0x2001e178      0x344 C:/HOOPOE3/satellite-subsystems/demo/../..//hal/hcc/lib\libHCCD.a(fat_common.o)
                0x2001e178                _f_alloccluster
 .text._f_dobadblock
                0x2001e4bc      0x2cc C:/HOOPOE3/satellite-subsystems/demo/../..//hal/hcc/lib\libHCCD.a(fat_common.o)
                0x2001e4bc                _f_dobadblock
 .text._f_checklocked
                0x2001e788       0xe4 C:/HOOPOE3/satellite-subsystems/demo/../..//hal/hcc/lib\libHCCD.a(fat_common.o)
                0x2001e788                _f_checklocked
 .text._f_checkappendlocked
                0x2001e86c      0x110 C:/HOOPOE3/satellite-subsystems/demo/../..//hal/hcc/lib\libHCCD.a(fat_common.o)
                0x2001e86c                _f_checkappendlocked
 .text._f_setsyncafile
                0x2001e97c      0x114 C:/HOOPOE3/satellite-subsystems/demo/../..//hal/hcc/lib\libHCCD.a(fat_common.o)
                0x2001e97c                _f_setsyncafile
 .text._f_syncfiles
                0x2001ea90      0x128 C:/HOOPOE3/satellite-subsystems/demo/../..//hal/hcc/lib\libHCCD.a(fat_common.o)
                0x2001ea90                _f_syncfiles
 .text._f_syncfilescontent
                0x2001ebb8      0x15c C:/HOOPOE3/satellite-subsystems/demo/../..//hal/hcc/lib\libHCCD.a(fat_common.o)
 .text.fn_getfreespace
                0x2001ed14      0x4c0 C:/HOOPOE3/satellite-subsystems/demo/../..//hal/hcc/lib\libHCCD.a(fat_common.o)
                0x2001ed14                fn_getfreespace
 .text._f_emptywritecache
                0x2001f1d4      0x4a4 C:/HOOPOE3/satellite-subsystems/demo/../..//hal/hcc/lib\libHCCD.a(fat_common.o)
 .text._f_allocnextcluster
                0x2001f678      0x54c C:/HOOPOE3/satellite-subsystems/demo/../..//hal/hcc/lib\libHCCD.a(fat_common.o)
 .text._f_emptywritebuffer
                0x2001fbc4      0x20c C:/HOOPOE3/satellite-subsystems/demo/../..//hal/hcc/lib\libHCCD.a(fat_common.o)
 .text._f_writezeros
                0x2001fdd0       0xf0 C:/HOOPOE3/satellite-subsystems/demo/../..//hal/hcc/lib\libHCCD.a(fat_common.o)
                0x2001fdd0                _f_writezeros
 .text._f_extend_file
                0x2001fec0      0x570 C:/HOOPOE3/satellite-subsystems/demo/../..//hal/hcc/lib\libHCCD.a(fat_common.o)
 .text._f_fseek
                0x20020430      0x9bc C:/HOOPOE3/satellite-subsystems/demo/../..//hal/hcc/lib\libHCCD.a(fat_common.o)
                0x20020430                _f_fseek
 .text._f_removechain
                0x20020dec      0x104 C:/HOOPOE3/satellite-subsystems/demo/../..//hal/hcc/lib\libHCCD.a(fat_common.o)
                0x20020dec                _f_removechain
 .text._f_updatefileentry
                0x20020ef0      0x1cc C:/HOOPOE3/satellite-subsystems/demo/../..//hal/hcc/lib\libHCCD.a(fat_common.o)
 .text._f_checkreadlocked
                0x200210bc      0x1bc C:/HOOPOE3/satellite-subsystems/demo/../..//hal/hcc/lib\libHCCD.a(fat_common.o)
                0x200210bc                _f_checkreadlocked
 .text._f_check_handle
                0x20021278       0x98 C:/HOOPOE3/satellite-subsystems/demo/../..//hal/hcc/lib\libHCCD.a(fat_common.o)
                0x20021278                _f_check_handle
 .text._f_removesyncafile
                0x20021310      0x1ec C:/HOOPOE3/satellite-subsystems/demo/../..//hal/hcc/lib\libHCCD.a(fat_common.o)
 .text.fn_close
                0x200214fc      0x3f8 C:/HOOPOE3/satellite-subsystems/demo/../..//hal/hcc/lib\libHCCD.a(fat_common.o)
                0x200214fc                fn_close
 .text.fn_flush
                0x200218f4      0x374 C:/HOOPOE3/satellite-subsystems/demo/../..//hal/hcc/lib\libHCCD.a(fat_common.o)
                0x200218f4                fn_flush
 .text.fn_read  0x20021c68      0x690 C:/HOOPOE3/satellite-subsystems/demo/../..//hal/hcc/lib\libHCCD.a(fat_common.o)
                0x20021c68                fn_read
 .text._f_abortwrite
                0x200222f8      0x100 C:/HOOPOE3/satellite-subsystems/demo/../..//hal/hcc/lib\libHCCD.a(fat_common.o)
 .text._f_checkwritecluster
                0x200223f8       0xe4 C:/HOOPOE3/satellite-subsystems/demo/../..//hal/hcc/lib\libHCCD.a(fat_common.o)
 .text.fn_write
                0x200224dc      0x8a8 C:/HOOPOE3/satellite-subsystems/demo/../..//hal/hcc/lib\libHCCD.a(fat_common.o)
                0x200224dc                fn_write
 .text.fn_seek  0x20022d84      0x270 C:/HOOPOE3/satellite-subsystems/demo/../..//hal/hcc/lib\libHCCD.a(fat_common.o)
                0x20022d84                fn_seek
 .text.f_enterFS
                0x20022ff4      0x1c0 C:/HOOPOE3/satellite-subsystems/demo/../..//hal/hcc/lib\libHCCD.a(fat_common.o)
                0x20022ff4                f_enterFS
 .text.f_releaseFS
                0x200231b4       0xb0 C:/HOOPOE3/satellite-subsystems/demo/../..//hal/hcc/lib\libHCCD.a(fat_common.o)
                0x200231b4                f_releaseFS
 .text.fnGetTask
                0x20023264       0xfc C:/HOOPOE3/satellite-subsystems/demo/../..//hal/hcc/lib\libHCCD.a(fat_common.o)
                0x20023264                fnGetTask
 .text._f_mutex_get
                0x20023360       0x98 C:/HOOPOE3/satellite-subsystems/demo/../..//hal/hcc/lib\libHCCD.a(fat_common.o)
                0x20023360                _f_mutex_get
 .text._f_mutex_put
                0x200233f8       0x54 C:/HOOPOE3/satellite-subsystems/demo/../..//hal/hcc/lib\libHCCD.a(fat_common.o)
                0x200233f8                _f_mutex_put
 .text._fn_initseekdivisor
                0x2002344c      0x158 C:/HOOPOE3/satellite-subsystems/demo/../..//hal/hcc/lib\libHCCD.a(fat_common.o)
                0x2002344c                _fn_initseekdivisor
 .text._fn_updateseekpos
                0x200235a4       0xc4 C:/HOOPOE3/satellite-subsystems/demo/../..//hal/hcc/lib\libHCCD.a(fat_common.o)
 .text._f_findopensize
                0x20023668       0x2c C:/HOOPOE3/satellite-subsystems/demo/../..//hal/hcc/lib\libHCCD.a(fat_common.o)
                0x20023668                _f_findopensize
 .text.fn_setlasterror
                0x20023694       0x34 C:/HOOPOE3/satellite-subsystems/demo/../..//hal/hcc/lib\libHCCD.a(fat_common.o)
                0x20023694                fn_setlasterror
 .text.fn_setlasterror_noret
                0x200236c8       0x2c C:/HOOPOE3/satellite-subsystems/demo/../..//hal/hcc/lib\libHCCD.a(fat_common.o)
                0x200236c8                fn_setlasterror_noret
 .text.fm_initvolume
                0x200236f4       0x70 C:/HOOPOE3/satellite-subsystems/demo/../..//hal/hcc/lib\libHCCD.a(fat_m.o)
                0x200236f4                fm_initvolume
 .text.fm_getdrive
                0x20023764       0x70 C:/HOOPOE3/satellite-subsystems/demo/../..//hal/hcc/lib\libHCCD.a(fat_m.o)
                0x20023764                fm_getdrive
 .text.fm_getfreespace
                0x200237d4       0x68 C:/HOOPOE3/satellite-subsystems/demo/../..//hal/hcc/lib\libHCCD.a(fat_m.o)
                0x200237d4                fm_getfreespace
 .text.fm_findfirst
                0x2002383c       0x68 C:/HOOPOE3/satellite-subsystems/demo/../..//hal/hcc/lib\libHCCD.a(fat_m.o)
                0x2002383c                fm_findfirst
 .text.fm_findnext
                0x200238a4       0x60 C:/HOOPOE3/satellite-subsystems/demo/../..//hal/hcc/lib\libHCCD.a(fat_m.o)
                0x200238a4                fm_findnext
 .text.fm_filelength
                0x20023904       0x60 C:/HOOPOE3/satellite-subsystems/demo/../..//hal/hcc/lib\libHCCD.a(fat_m.o)
                0x20023904                fm_filelength
 .text.fm_close
                0x20023964       0x60 C:/HOOPOE3/satellite-subsystems/demo/../..//hal/hcc/lib\libHCCD.a(fat_m.o)
                0x20023964                fm_close
 .text.fm_flush
                0x200239c4       0x60 C:/HOOPOE3/satellite-subsystems/demo/../..//hal/hcc/lib\libHCCD.a(fat_m.o)
                0x200239c4                fm_flush
 .text.fm_open  0x20023a24       0x68 C:/HOOPOE3/satellite-subsystems/demo/../..//hal/hcc/lib\libHCCD.a(fat_m.o)
                0x20023a24                fm_open
 .text.fm_read  0x20023a8c       0x7c C:/HOOPOE3/satellite-subsystems/demo/../..//hal/hcc/lib\libHCCD.a(fat_m.o)
                0x20023a8c                fm_read
 .text.fm_write
                0x20023b08       0x7c C:/HOOPOE3/satellite-subsystems/demo/../..//hal/hcc/lib\libHCCD.a(fat_m.o)
                0x20023b08                fm_write
 .text.fm_seek  0x20023b84       0x70 C:/HOOPOE3/satellite-subsystems/demo/../..//hal/hcc/lib\libHCCD.a(fat_m.o)
                0x20023b84                fm_seek
 .text.fm_delete
                0x20023bf4       0x64 C:/HOOPOE3/satellite-subsystems/demo/../..//hal/hcc/lib\libHCCD.a(fat_m.o)
                0x20023bf4                fm_delete
 .text._s_checkzeroclusteratend
                0x20023c58       0xf8 C:/HOOPOE3/satellite-subsystems/demo/../..//hal/hcc/lib\libHCCD.a(safefat.o)
 .text._s_clearclustercontent
                0x20023d50      0x108 C:/HOOPOE3/satellite-subsystems/demo/../..//hal/hcc/lib\libHCCD.a(safefat.o)
 .text._s_clearclustercontentdir
                0x20023e58      0x19c C:/HOOPOE3/satellite-subsystems/demo/../..//hal/hcc/lib\libHCCD.a(safefat.o)
 .text._s_writedirsector
                0x20023ff4       0xd0 C:/HOOPOE3/satellite-subsystems/demo/../..//hal/hcc/lib\libHCCD.a(safefat.o)
 .text._s_getdirsector
                0x200240c4      0x100 C:/HOOPOE3/satellite-subsystems/demo/../..//hal/hcc/lib\libHCCD.a(safefat.o)
 .text._s_addentry
                0x200241c4      0x394 C:/HOOPOE3/satellite-subsystems/demo/../..//hal/hcc/lib\libHCCD.a(safefat.o)
 .text._s_findfile
                0x20024558      0x33c C:/HOOPOE3/satellite-subsystems/demo/../..//hal/hcc/lib\libHCCD.a(safefat.o)
 .text._s_findsubdir
                0x20024894      0x248 C:/HOOPOE3/satellite-subsystems/demo/../..//hal/hcc/lib\libHCCD.a(safefat.o)
 .text._s_createfile
                0x20024adc      0x190 C:/HOOPOE3/satellite-subsystems/demo/../..//hal/hcc/lib\libHCCD.a(safefat.o)
 .text._s_findsaffile
                0x20024c6c      0x1b8 C:/HOOPOE3/satellite-subsystems/demo/../..//hal/hcc/lib\libHCCD.a(safefat.o)
 .text._s_open  0x20024e24       0xe4 C:/HOOPOE3/satellite-subsystems/demo/../..//hal/hcc/lib\libHCCD.a(safefat.o)
 .text._s_open_saf
                0x20024f08       0xe8 C:/HOOPOE3/satellite-subsystems/demo/../..//hal/hcc/lib\libHCCD.a(safefat.o)
 .text._s_flush
                0x20024ff0       0x84 C:/HOOPOE3/satellite-subsystems/demo/../..//hal/hcc/lib\libHCCD.a(safefat.o)
 .text._s_allocnextcluster
                0x20025074      0x13c C:/HOOPOE3/satellite-subsystems/demo/../..//hal/hcc/lib\libHCCD.a(safefat.o)
 .text._s_getnextsector
                0x200251b0       0xdc C:/HOOPOE3/satellite-subsystems/demo/../..//hal/hcc/lib\libHCCD.a(safefat.o)
 .text._s_seek  0x2002528c      0x1e8 C:/HOOPOE3/satellite-subsystems/demo/../..//hal/hcc/lib\libHCCD.a(safefat.o)
 .text._s_read  0x20025474      0x228 C:/HOOPOE3/satellite-subsystems/demo/../..//hal/hcc/lib\libHCCD.a(safefat.o)
 .text._s_write
                0x2002569c      0x384 C:/HOOPOE3/satellite-subsystems/demo/../..//hal/hcc/lib\libHCCD.a(safefat.o)
 .text._s_restoreclusters
                0x20025a20      0x270 C:/HOOPOE3/satellite-subsystems/demo/../..//hal/hcc/lib\libHCCD.a(safefat.o)
                0x20025a20                _s_restoreclusters
 .text._s_findrestore
                0x20025c90      0x18c C:/HOOPOE3/satellite-subsystems/demo/../..//hal/hcc/lib\libHCCD.a(safefat.o)
 .text._s_cmd_writede
                0x20025e1c       0xd8 C:/HOOPOE3/satellite-subsystems/demo/../..//hal/hcc/lib\libHCCD.a(safefat.o)
 .text._s_cmd_setcluster
                0x20025ef4       0x88 C:/HOOPOE3/satellite-subsystems/demo/../..//hal/hcc/lib\libHCCD.a(safefat.o)
 .text._s_cmd_deletechain
                0x20025f7c      0x100 C:/HOOPOE3/satellite-subsystems/demo/../..//hal/hcc/lib\libHCCD.a(safefat.o)
 .text._s_cmd_validatecfn
                0x2002607c      0x308 C:/HOOPOE3/satellite-subsystems/demo/../..//hal/hcc/lib\libHCCD.a(safefat.o)
 .text._s_cmd_seteof
                0x20026384      0x3c4 C:/HOOPOE3/satellite-subsystems/demo/../..//hal/hcc/lib\libHCCD.a(safefat.o)
 .text.safe_docommands
                0x20026748      0x56c C:/HOOPOE3/satellite-subsystems/demo/../..//hal/hcc/lib\libHCCD.a(safefat.o)
                0x20026748                safe_docommands
 .text.safe_entercommand
                0x20026cb4       0x68 C:/HOOPOE3/satellite-subsystems/demo/../..//hal/hcc/lib\libHCCD.a(safefat.o)
                0x20026cb4                safe_entercommand
 .text.safe_ready
                0x20026d1c       0xf4 C:/HOOPOE3/satellite-subsystems/demo/../..//hal/hcc/lib\libHCCD.a(safefat.o)
                0x20026d1c                safe_ready
 .text.safe_copycfn
                0x20026e10       0xb8 C:/HOOPOE3/satellite-subsystems/demo/../..//hal/hcc/lib\libHCCD.a(safefat.o)
                0x20026e10                safe_copycfn
 .text.safe_cfremove
                0x20026ec8       0xb8 C:/HOOPOE3/satellite-subsystems/demo/../..//hal/hcc/lib\libHCCD.a(safefat.o)
                0x20026ec8                safe_cfremove
 .text.safe_writede
                0x20026f80      0x104 C:/HOOPOE3/satellite-subsystems/demo/../..//hal/hcc/lib\libHCCD.a(safefat.o)
                0x20026f80                safe_writede
 .text.safe_setcluster
                0x20027084       0xcc C:/HOOPOE3/satellite-subsystems/demo/../..//hal/hcc/lib\libHCCD.a(safefat.o)
                0x20027084                safe_setcluster
 .text.safe_deletechain
                0x20027150      0x1c8 C:/HOOPOE3/satellite-subsystems/demo/../..//hal/hcc/lib\libHCCD.a(safefat.o)
                0x20027150                safe_deletechain
 .text.safe_cfclose
                0x20027318      0x104 C:/HOOPOE3/satellite-subsystems/demo/../..//hal/hcc/lib\libHCCD.a(safefat.o)
                0x20027318                safe_cfclose
 .text.safe_cfflush
                0x2002741c      0x124 C:/HOOPOE3/satellite-subsystems/demo/../..//hal/hcc/lib\libHCCD.a(safefat.o)
                0x2002741c                safe_cfflush
 .text.safe_reset
                0x20027540       0x78 C:/HOOPOE3/satellite-subsystems/demo/../..//hal/hcc/lib\libHCCD.a(safefat.o)
                0x20027540                safe_reset
 .text.safe_loadcommands
                0x200275b8       0x78 C:/HOOPOE3/satellite-subsystems/demo/../..//hal/hcc/lib\libHCCD.a(safefat.o)
                0x200275b8                safe_loadcommands
 .text.safe_poweron
                0x20027630      0x1fc C:/HOOPOE3/satellite-subsystems/demo/../..//hal/hcc/lib\libHCCD.a(safefat.o)
                0x20027630                safe_poweron
 .text.cf_getname
                0x2002782c       0xc0 C:/HOOPOE3/satellite-subsystems/demo/../..//hal/hcc/lib\libHCCD.a(safefat.o)
 .text.cf_copyclusterchain
                0x200278ec      0x138 C:/HOOPOE3/satellite-subsystems/demo/../..//hal/hcc/lib\libHCCD.a(safefat.o)
 .text.cf_seektozero
                0x20027a24       0x94 C:/HOOPOE3/satellite-subsystems/demo/../..//hal/hcc/lib\libHCCD.a(safefat.o)
                0x20027a24                cf_seektozero
 .text.cf_create
                0x20027ab8      0x3a8 C:/HOOPOE3/satellite-subsystems/demo/../..//hal/hcc/lib\libHCCD.a(safefat.o)
                0x20027ab8                cf_create
 .text.cf_copyclustercontent
                0x20027e60      0x128 C:/HOOPOE3/satellite-subsystems/demo/../..//hal/hcc/lib\libHCCD.a(safefat.o)
                0x20027e60                cf_copyclustercontent
 .text.cf_copycfn
                0x20027f88      0x4bc C:/HOOPOE3/satellite-subsystems/demo/../..//hal/hcc/lib\libHCCD.a(safefat.o)
                0x20027f88                cf_copycfn
 .text.cf_remove
                0x20028444      0x344 C:/HOOPOE3/satellite-subsystems/demo/../..//hal/hcc/lib\libHCCD.a(safefat.o)
                0x20028444                cf_remove
 .text.cf_setclusternew
                0x20028788       0xf0 C:/HOOPOE3/satellite-subsystems/demo/../..//hal/hcc/lib\libHCCD.a(safefat.o)
                0x20028788                cf_setclusternew
 .text.cf_flush
                0x20028878       0x58 C:/HOOPOE3/satellite-subsystems/demo/../..//hal/hcc/lib\libHCCD.a(safefat.o)
                0x20028878                cf_flush
 .text.cf_getcluster
                0x200288d0      0x1b4 C:/HOOPOE3/satellite-subsystems/demo/../..//hal/hcc/lib\libHCCD.a(safefat.o)
                0x200288d0                cf_getcluster
 .text.cf_setnextcluster
                0x20028a84      0x194 C:/HOOPOE3/satellite-subsystems/demo/../..//hal/hcc/lib\libHCCD.a(safefat.o)
                0x20028a84                cf_setnextcluster
 .text.cf_getpositions