Archive member included because of file (symbol)

c:/isis/application/toolchain/bin/../lib/gcc/arm-none-eabi/4.7.4/../../../../arm-none-eabi/lib\libc_s.a(lib_a-vfprintf_float.o)
                              (_printf_float)
c:/isis/application/toolchain/bin/../lib/gcc/arm-none-eabi/4.7.4/../../../../arm-none-eabi/lib\libc_s.a(lib_a-vfprintf_i.o)
                              c:/isis/application/toolchain/bin/../lib/gcc/arm-none-eabi/4.7.4/../../../../arm-none-eabi/lib\libc_s.a(lib_a-vfprintf_float.o) (_printf_common)
c:/isis/application/toolchain/bin/../lib/gcc/arm-none-eabi/4.7.4/../../../../arm-none-eabi/lib\libc_s.a(lib_a-vfscanf_float.o)
                              (_scanf_float)
c:/isis/application/toolchain/bin/../lib/gcc/arm-none-eabi/4.7.4/../../../../arm-none-eabi/lib\libc_s.a(lib_a-dtoa.o)
                              c:/isis/application/toolchain/bin/../lib/gcc/arm-none-eabi/4.7.4/../../../../arm-none-eabi/lib\libc_s.a(lib_a-vfprintf_float.o) (_dtoa_r)
c:/isis/application/toolchain/bin/../lib/gcc/arm-none-eabi/4.7.4/../../../../arm-none-eabi/lib\libc_s.a(lib_a-locale.o)
                              c:/isis/application/toolchain/bin/../lib/gcc/arm-none-eabi/4.7.4/../../../../arm-none-eabi/lib\libc_s.a(lib_a-vfprintf_float.o) (_localeconv_r)
c:/isis/application/toolchain/bin/../lib/gcc/arm-none-eabi/4.7.4/../../../../arm-none-eabi/lib\libc_s.a(lib_a-malloc.o)
                              c:/isis/application/toolchain/bin/../lib/gcc/arm-none-eabi/4.7.4/../../../../arm-none-eabi/lib\libc_s.a(lib_a-dtoa.o) (malloc)
c:/isis/application/toolchain/bin/../lib/gcc/arm-none-eabi/4.7.4/../../../../arm-none-eabi/lib\libc_s.a(lib_a-mallocr.o)
                              c:/isis/application/toolchain/bin/../lib/gcc/arm-none-eabi/4.7.4/../../../../arm-none-eabi/lib\libc_s.a(lib_a-malloc.o) (_malloc_r)
c:/isis/application/toolchain/bin/../lib/gcc/arm-none-eabi/4.7.4/../../../../arm-none-eabi/lib\libc_s.a(lib_a-memcpy.o)
                              c:/isis/application/toolchain/bin/../lib/gcc/arm-none-eabi/4.7.4/../../../../arm-none-eabi/lib\libc_s.a(lib_a-dtoa.o) (memcpy)
c:/isis/application/toolchain/bin/../lib/gcc/arm-none-eabi/4.7.4/../../../../arm-none-eabi/lib\libc_s.a(lib_a-mprec.o)
                              c:/isis/application/toolchain/bin/../lib/gcc/arm-none-eabi/4.7.4/../../../../arm-none-eabi/lib\libc_s.a(lib_a-dtoa.o) (_Balloc)
c:/isis/application/toolchain/bin/../lib/gcc/arm-none-eabi/4.7.4/../../../../arm-none-eabi/lib\libc_s.a(lib_a-s_fpclassify.o)
                              c:/isis/application/toolchain/bin/../lib/gcc/arm-none-eabi/4.7.4/../../../../arm-none-eabi/lib\libc_s.a(lib_a-vfprintf_float.o) (__fpclassifyd)
c:/isis/application/toolchain/bin/../lib/gcc/arm-none-eabi/4.7.4/../../../../arm-none-eabi/lib\libc_s.a(lib_a-sbrkr.o)
                              c:/isis/application/toolchain/bin/../lib/gcc/arm-none-eabi/4.7.4/../../../../arm-none-eabi/lib\libc_s.a(lib_a-mallocr.o) (_sbrk_r)
c:/isis/application/toolchain/bin/../lib/gcc/arm-none-eabi/4.7.4/../../../../arm-none-eabi/lib\libc_s.a(lib_a-sf_nan.o)
                              c:/isis/application/toolchain/bin/../lib/gcc/arm-none-eabi/4.7.4/../../../../arm-none-eabi/lib\libc_s.a(lib_a-vfscanf_float.o) (nanf)
c:/isis/application/toolchain/bin/../lib/gcc/arm-none-eabi/4.7.4/../../../../arm-none-eabi/lib\libc_s.a(lib_a-sprintf.o)
                              c:/isis/application/toolchain/bin/../lib/gcc/arm-none-eabi/4.7.4/../../../../arm-none-eabi/lib\libc_s.a(lib_a-vfscanf_float.o) (sprintf)
c:/isis/application/toolchain/bin/../lib/gcc/arm-none-eabi/4.7.4/../../../../arm-none-eabi/lib\libc_s.a(lib_a-strcmp.o)
                              c:/isis/application/toolchain/bin/../lib/gcc/arm-none-eabi/4.7.4/../../../../arm-none-eabi/lib\libc_s.a(lib_a-locale.o) (strcmp)
c:/isis/application/toolchain/bin/../lib/gcc/arm-none-eabi/4.7.4/../../../../arm-none-eabi/lib\libc_s.a(lib_a-strlen.o)
                              c:/isis/application/toolchain/bin/../lib/gcc/arm-none-eabi/4.7.4/../../../../arm-none-eabi/lib\libc_s.a(lib_a-vfprintf_float.o) (strlen)
c:/isis/application/toolchain/bin/../lib/gcc/arm-none-eabi/4.7.4/../../../../arm-none-eabi/lib\libc_s.a(lib_a-strtod.o)
                              c:/isis/application/toolchain/bin/../lib/gcc/arm-none-eabi/4.7.4/../../../../arm-none-eabi/lib\libc_s.a(lib_a-vfscanf_float.o) (_strtod_r)
c:/isis/application/toolchain/bin/../lib/gcc/arm-none-eabi/4.7.4/../../../../arm-none-eabi/lib\libc_s.a(lib_a-strtol.o)
                              c:/isis/application/toolchain/bin/../lib/gcc/arm-none-eabi/4.7.4/../../../../arm-none-eabi/lib\libc_s.a(lib_a-vfscanf_float.o) (_strtol_r)
c:/isis/application/toolchain/bin/../lib/gcc/arm-none-eabi/4.7.4/../../../../arm-none-eabi/lib\libc_s.a(lib_a-svfprintf.o)
                              c:/isis/application/toolchain/bin/../lib/gcc/arm-none-eabi/4.7.4/../../../../arm-none-eabi/lib\libc_s.a(lib_a-sprintf.o) (_svfprintf_r)
[...]
Memory Configuration

Name             Origin             Length             Attributes
sram0            0x00200000         0x00004000         w !xr
sram1            0x00300000         0x00004000         w !xr
sdram            0x20000000         0x02000000         w !xr
*default*        0x00000000         0xffffffff

Linker script and memory map

LOAD c:/isis/application/toolchain/bin/../lib/gcc/arm-none-eabi/4.7.4/../../../../arm-none-eabi/lib\libc_s.a
LOAD ./src/sub-systemCode/payload/Request Management/Dump/Butchering.o
LOAD ./src/sub-systemCode/payload/Request Management/Dump/imageDump.o
LOAD ./src/sub-systemCode/payload/Request Management/AutomaticImageHandler.o
LOAD ./src/sub-systemCode/payload/Request Management/CameraManeger.o
LOAD ./src/sub-systemCode/payload/Request Management/DB_RequestHandling.o
LOAD ./src/sub-systemCode/payload/Misc/Boolean_bit.o
LOAD ./src/sub-systemCode/payload/Misc/FileSystem.o
LOAD ./src/sub-systemCode/payload/Drivers/GeckoCameraDriver.o
LOAD ./src/sub-systemCode/payload/DataBase/DataBase.o
LOAD ./src/sub-systemCode/payload/Compression/jpeg/bmp/rawToBMP.o
LOAD ./src/sub-systemCode/payload/Compression/jpeg/DCT.o
LOAD ./src/sub-systemCode/payload/Compression/jpeg/ImgCompressor.o
LOAD ./src/sub-systemCode/payload/Compression/jpeg/color_conv.o
LOAD ./src/sub-systemCode/payload/Compression/jpeg/jpeg.o
LOAD ./src/sub-systemCode/payload/Compression/jpeg/jpeg_encoder.o
LOAD ./src/sub-systemCode/payload/Compression/jpeg/jpeg_memory_alloc.o
LOAD ./src/sub-systemCode/payload/Compression/jpeg/jpeg_params.o
LOAD ./src/sub-systemCode/payload/Compression/jpeg/output_stream.o
LOAD ./src/sub-systemCode/payload/Compression/ImageConversion.o
LOAD ./src/sub-systemCode/Main/CMD/ADCS_CMD.o
LOAD ./src/sub-systemCode/Main/CMD/COMM_CMD.o
LOAD ./src/sub-systemCode/Main/CMD/EPS_CMD.o
LOAD ./src/sub-systemCode/Main/CMD/General_CMD.o
LOAD ./src/sub-systemCode/Main/CMD/SW_CMD.o
LOAD ./src/sub-systemCode/Main/CMD/payload_CMD.o
LOAD ./src/sub-systemCode/Main/Ants.o
LOAD ./src/sub-systemCode/Main/EPS.o
LOAD ./src/sub-systemCode/Main/HouseKeeping.o
LOAD ./src/sub-systemCode/Main/Main_Init.o
LOAD ./src/sub-systemCode/Main/commands.o
LOAD ./src/sub-systemCode/Global/GenericTaskSave.o
LOAD ./src/sub-systemCode/Global/Global.o
LOAD ./src/sub-systemCode/Global/GlobalParam.o
LOAD ./src/sub-systemCode/Global/OnlineTM.o
LOAD ./src/sub-systemCode/Global/TLM_management.o
LOAD ./src/sub-systemCode/Global/freertosExtended.o
LOAD ./src/sub-systemCode/Global/logger.o
LOAD ./src/sub-systemCode/CUF/CUF.o
LOAD ./src/sub-systemCode/CUF/uploadCodeTelemetry.o
LOAD ./src/sub-systemCode/COMM/APRS.o
LOAD ./src/sub-systemCode/COMM/DelayedCommand_list.o
LOAD ./src/sub-systemCode/COMM/GSC.o
LOAD ./src/sub-systemCode/COMM/TRXVU.o
LOAD ./src/sub-systemCode/ADCS/AdcsCommands.o
LOAD ./src/sub-systemCode/ADCS/AdcsGetDataAndTlm.o
LOAD ./src/sub-systemCode/ADCS/AdcsMain.o
LOAD ./src/sub-systemCode/ADCS/AdcsTroubleShooting.o
LOAD ./src/sub-systemCode/ADCS/StateMachine.o
LOAD ./src/main.o
LOAD C:/HOOPOE3/satellite-subsystems/demo/..//satellite-subsystems/lib\libSatelliteSubsystemsD.a
LOAD c:/isis/application/toolchain/bin/../lib/gcc/arm-none-eabi/4.7.4/../../../../arm-none-eabi/lib\libm.a
LOAD C:/HOOPOE3/satellite-subsystems/demo/../..//hal/hcc/lib\libHCCD.a
LOAD C:/HOOPOE3/satellite-subsystems/demo/../..//hal/hal/lib\libHALD.a
LOAD C:/HOOPOE3/satellite-subsystems/demo/../..//hal/freertos/lib\libFreeRTOSD.a
LOAD C:/HOOPOE3/satellite-subsystems/demo/../..//hal/at91/lib\libAt91D.a
START GROUP
LOAD c:/isis/application/toolchain/bin/../lib/gcc/arm-none-eabi/4.7.4\libgcc.a
LOAD c:/isis/application/toolchain/bin/../lib/gcc/arm-none-eabi/4.7.4/../../../../arm-none-eabi/lib\libc_s.a
END GROUP

.fixed          0x20000000    0x5d5e8
                0x20000000                . = ALIGN (0x4)
                0x20000000                _sfixed = .
 *(.startup)
 .startup       0x20000000      0x134 C:/HOOPOE3/satellite-subsystems/demo/../..//hal/at91/lib\libAt91D.a(board_cstartup.o)
                0x20000000                entry
 *(.text)
 .text          0x20000134       0x64 C:/HOOPOE3/satellite-subsystems/demo/../..//hal/at91/lib\libAt91D.a(cp15_asm.o)
                0x20000134                _readControlRegister
                0x20000140                _writeControlRegister
                0x20000148                _waitForInterrupt
                0x20000154                _writeTTB
                0x2000015c                _writeDomain
                0x20000164                _writeITLBLockdown
                0x2000016c                _prefetchICacheLine
                0x20000174                _flushDCache
                0x20000180                _flushWriteBuffer
                0x2000018c                _invalidateIDTLBs
 .text          0x20000198      0x114 c:/isis/application/toolchain/bin/../lib/gcc/arm-none-eabi/4.7.4\libgcc.a(_udivsi3.o)
                0x20000198                __aeabi_uidiv
                0x20000198                __udivsi3
                0x2000028c                __aeabi_uidivmod
 .text          0x200002ac      0x148 c:/isis/application/toolchain/bin/../lib/gcc/arm-none-eabi/4.7.4\libgcc.a(_divsi3.o)
                0x200002ac                __divsi3
                0x200002ac                __aeabi_idiv
                0x200003d4                __aeabi_idivmod
 .text          0x200003f4        0x4 c:/isis/application/toolchain/bin/../lib/gcc/arm-none-eabi/4.7.4\libgcc.a(_dvmd_tls.o)
                0x200003f4                __aeabi_idiv0
                0x200003f4                __aeabi_ldiv0
 .text          0x200003f8      0x41c c:/isis/application/toolchain/bin/../lib/gcc/arm-none-eabi/4.7.4\libgcc.a(_arm_addsubdf3.o)
                0x200003f8                __aeabi_drsub
                0x20000400                __aeabi_dsub
                0x20000400                __subdf3
                0x20000404                __aeabi_dadd
                0x20000404                __adddf3
                0x20000714                __floatunsidf
                0x20000714                __aeabi_ui2d
                0x20000738                __floatsidf
                0x20000738                __aeabi_i2d
                0x20000760                __aeabi_f2d
                0x20000760                __extendsfdf2
                0x200007a0                __floatundidf
                0x200007a0                __aeabi_ul2d
                0x200007b4                __floatdidf
                0x200007b4                __aeabi_l2d
 .text          0x20000814      0x49c c:/isis/application/toolchain/bin/../lib/gcc/arm-none-eabi/4.7.4\libgcc.a(_arm_muldivdf3.o)
                0x20000814                __aeabi_dmul
                0x20000814                __muldf3
                0x20000aa4                __divdf3
                0x20000aa4                __aeabi_ddiv
 .text          0x20000cb0      0x144 c:/isis/application/toolchain/bin/../lib/gcc/arm-none-eabi/4.7.4\libgcc.a(_arm_cmpdf2.o)
                0x20000cb0                __gtdf2
                0x20000cb0                __gedf2
                0x20000cb8                __ltdf2
                0x20000cb8                __ledf2
                0x20000cc0                __nedf2
                0x20000cc0                __eqdf2
                0x20000cc0                __cmpdf2
                0x20000d48                __aeabi_cdrcmple
                0x20000d64                __aeabi_cdcmpeq
                0x20000d64                __aeabi_cdcmple
                0x20000d7c                __aeabi_dcmpeq
                0x20000d94                __aeabi_dcmplt
                0x20000dac                __aeabi_dcmple
                0x20000dc4                __aeabi_dcmpge
                0x20000ddc                __aeabi_dcmpgt
 .text          0x20000df4       0x5c c:/isis/application/toolchain/bin/../lib/gcc/arm-none-eabi/4.7.4\libgcc.a(_arm_fixdfsi.o)
                0x20000df4                __aeabi_d2iz
                0x20000df4                __fixdfsi
 .text          0x20000e50       0x54 c:/isis/application/toolchain/bin/../lib/gcc/arm-none-eabi/4.7.4\libgcc.a(_arm_fixunsdfsi.o)
                0x20000e50                __aeabi_d2uiz
                0x20000e50                __fixunsdfsi
 .text          0x20000ea4       0xa0 c:/isis/application/toolchain/bin/../lib/gcc/arm-none-eabi/4.7.4\libgcc.a(_arm_truncdfsf2.o)
                0x20000ea4                __truncdfsf2
                0x20000ea4                __aeabi_d2f
 .text          0x20000f44      0x2ac c:/isis/application/toolchain/bin/../lib/gcc/arm-none-eabi/4.7.4\libgcc.a(_arm_addsubsf3.o)
                0x20000f44                __aeabi_frsub
                0x20000f4c                __subsf3
                0x20000f4c                __aeabi_fsub
                0x20000f50                __aeabi_fadd
                0x20000f50                __addsf3
                0x2000110c                __aeabi_ui2f
                0x2000110c                __floatunsisf
                0x20001114                __aeabi_i2f
                0x20001114                __floatsisf
                0x20001134                __aeabi_ul2f
                0x20001134                __floatundisf
                0x20001144                __aeabi_l2f
                0x20001144                __floatdisf
 .text          0x200011f0      0x2f8 c:/isis/application/toolchain/bin/../lib/gcc/arm-none-eabi/4.7.4\libgcc.a(_arm_muldivsf3.o)
                0x200011f0                __mulsf3
                0x200011f0                __aeabi_fmul
                0x20001388                __aeabi_fdiv
                0x20001388                __divsf3
 .text          0x200014e8      0x114 c:/isis/application/toolchain/bin/../lib/gcc/arm-none-eabi/4.7.4\libgcc.a(_arm_cmpsf2.o)
                0x200014e8                __gesf2
                0x200014e8                __gtsf2
                0x200014f0                __lesf2
                0x200014f0                __ltsf2
                0x200014f8                __nesf2
                0x200014f8                __eqsf2
                0x200014f8                __cmpsf2
                0x2000155c                __aeabi_cfrcmple
                0x2000156c                __aeabi_cfcmpeq
                0x2000156c                __aeabi_cfcmple
                0x20001584                __aeabi_fcmpeq
                0x2000159c                __aeabi_fcmplt
                0x200015b4                __aeabi_fcmple
                0x200015cc                __aeabi_fcmpge
                0x200015e4                __aeabi_fcmpgt
 .text          0x200015fc       0x54 c:/isis/application/toolchain/bin/../lib/gcc/arm-none-eabi/4.7.4\libgcc.a(_arm_fixunssfsi.o)
                0x200015fc                __fixunssfsi
                0x200015fc                __aeabi_f2uiz
 *(.text*)
 .text.__cvt    0x20001650      0x138 c:/isis/application/toolchain/bin/../lib/gcc/arm-none-eabi/4.7.4/../../../../arm-none-eabi/lib\libc_s.a(lib_a-vfprintf_float.o)
                0x20001650                __cvt
 .text.__exponent
                0x20001788       0xa8 c:/isis/application/toolchain/bin/../lib/gcc/arm-none-eabi/4.7.4/../../../../arm-none-eabi/lib\libc_s.a(lib_a-vfprintf_float.o)
                0x20001788                __exponent
 .text._printf_float
                0x20001830      0x7dc c:/isis/application/toolchain/bin/../lib/gcc/arm-none-eabi/4.7.4/../../../../arm-none-eabi/lib\libc_s.a(lib_a-vfprintf_float.o)
                0x20001830                _printf_float
 .text._printf_common
                0x2000200c      0x174 c:/isis/application/toolchain/bin/../lib/gcc/arm-none-eabi/4.7.4/../../../../arm-none-eabi/lib\libc_s.a(lib_a-vfprintf_i.o)
                0x2000200c                _printf_common
 .text._printf_i
                0x20002180      0x3c4 c:/isis/application/toolchain/bin/../lib/gcc/arm-none-eabi/4.7.4/../../../../arm-none-eabi/lib\libc_s.a(lib_a-vfprintf_i.o)
                0x20002180                _printf_i
 .text._scanf_float
                0x20002544      0x5f4 c:/isis/application/toolchain/bin/../lib/gcc/arm-none-eabi/4.7.4/../../../../arm-none-eabi/lib\libc_s.a(lib_a-vfscanf_float.o)
                0x20002544                _scanf_float
 .text.quorem   0x20002b38      0x1ac c:/isis/application/toolchain/bin/../lib/gcc/arm-none-eabi/4.7.4/../../../../arm-none-eabi/lib\libc_s.a(lib_a-dtoa.o)
 .text._dtoa_r  0x20002ce4     0x1268 c:/isis/application/toolchain/bin/../lib/gcc/arm-none-eabi/4.7.4/../../../../arm-none-eabi/lib\libc_s.a(lib_a-dtoa.o)
                0x20002ce4                _dtoa_r
 .text._localeconv_r
                0x20003f4c        0xc c:/isis/application/toolchain/bin/../lib/gcc/arm-none-eabi/4.7.4/../../../../arm-none-eabi/lib\libc_s.a(lib_a-locale.o)
                0x20003f4c                _localeconv_r
 .text.malloc   0x20003f58       0x20 c:/isis/application/toolchain/bin/../lib/gcc/arm-none-eabi/4.7.4/../../../../arm-none-eabi/lib\libc_s.a(lib_a-malloc.o)
                0x20003f58                malloc
 .text.free     0x20003f78       0x20 c:/isis/application/toolchain/bin/../lib/gcc/arm-none-eabi/4.7.4/../../../../arm-none-eabi/lib\libc_s.a(lib_a-malloc.o)
                0x20003f78                free
 .text._malloc_r
                0x20003f98       0xfc c:/isis/application/toolchain/bin/../lib/gcc/arm-none-eabi/4.7.4/../../../../arm-none-eabi/lib\libc_s.a(lib_a-mallocr.o)
                0x20003f98                _malloc_r
 .text.memcpy   0x20004094       0x20 c:/isis/application/toolchain/bin/../lib/gcc/arm-none-eabi/4.7.4/../../../../arm-none-eabi/lib\libc_s.a(lib_a-memcpy.o)
                0x20004094                memcpy
 .text._Balloc  0x200040b4       0xcc c:/isis/application/toolchain/bin/../lib/gcc/arm-none-eabi/4.7.4/../../../../arm-none-eabi/lib\libc_s.a(lib_a-mprec.o)
                0x200040b4                _Balloc
 .text._Bfree   0x20004180       0x5c c:/isis/application/toolchain/bin/../lib/gcc/arm-none-eabi/4.7.4/../../../../arm-none-eabi/lib\libc_s.a(lib_a-mprec.o)
                0x20004180                _Bfree
 .text.__multadd
                0x200041dc       0xbc c:/isis/application/toolchain/bin/../lib/gcc/arm-none-eabi/4.7.4/../../../../arm-none-eabi/lib\libc_s.a(lib_a-mprec.o)
                0x200041dc                __multadd
 .text.__s2b    0x20004298       0xd8 c:/isis/application/toolchain/bin/../lib/gcc/arm-none-eabi/4.7.4/../../../../arm-none-eabi/lib\libc_s.a(lib_a-mprec.o)
                0x20004298                __s2b
 .text.__hi0bits
                0x20004370       0x58 c:/isis/application/toolchain/bin/../lib/gcc/arm-none-eabi/4.7.4/../../../../arm-none-eabi/lib\libc_s.a(lib_a-mprec.o)
                0x20004370                __hi0bits
 .text.__lo0bits
                0x200043c8       0x94 c:/isis/application/toolchain/bin/../lib/gcc/arm-none-eabi/4.7.4/../../../../arm-none-eabi/lib\libc_s.a(lib_a-mprec.o)
                0x200043c8                __lo0bits
 .text.__i2b    0x2000445c       0x24 c:/isis/application/toolchain/bin/../lib/gcc/arm-none-eabi/4.7.4/../../../../arm-none-eabi/lib\libc_s.a(lib_a-mprec.o)
                0x2000445c                __i2b
 .text.__multiply
                0x20004480      0x1ac c:/isis/application/toolchain/bin/../lib/gcc/arm-none-eabi/4.7.4/../../../../arm-none-eabi/lib\libc_s.a(lib_a-mprec.o)
                0x20004480                __multiply
 .text.__pow5mult
                0x2000462c      0x10c c:/isis/application/toolchain/bin/../lib/gcc/arm-none-eabi/4.7.4/../../../../arm-none-eabi/lib\libc_s.a(lib_a-mprec.o)
                0x2000462c                __pow5mult
 .text.__lshift
                0x20004738       0xf0 c:/isis/application/toolchain/bin/../lib/gcc/arm-none-eabi/4.7.4/../../../../arm-none-eabi/lib\libc_s.a(lib_a-mprec.o)
                0x20004738                __lshift
 .text.__mcmp   0x20004828       0x60 c:/isis/application/toolchain/bin/../lib/gcc/arm-none-eabi/4.7.4/../../../../arm-none-eabi/lib\libc_s.a(lib_a-mprec.o)
                0x20004828                __mcmp
 .text.__mdiff  0x20004888      0x128 c:/isis/application/toolchain/bin/../lib/gcc/arm-none-eabi/4.7.4/../../../../arm-none-eabi/lib\libc_s.a(lib_a-mprec.o)
                0x20004888                __mdiff
 .text.__ulp    0x200049b0       0x5c c:/isis/application/toolchain/bin/../lib/gcc/arm-none-eabi/4.7.4/../../../../arm-none-eabi/lib\libc_s.a(lib_a-mprec.o)
                0x200049b0                __ulp
 .text.__b2d    0x20004a0c       0xc8 c:/isis/application/toolchain/bin/../lib/gcc/arm-none-eabi/4.7.4/../../../../arm-none-eabi/lib\libc_s.a(lib_a-mprec.o)
                0x20004a0c                __b2d
 .text.__d2b    0x20004ad4       0xfc c:/isis/application/toolchain/bin/../lib/gcc/arm-none-eabi/4.7.4/../../../../arm-none-eabi/lib\libc_s.a(lib_a-mprec.o)
                0x20004ad4                __d2b
 .text.__ratio  0x20004bd0       0x70 c:/isis/application/toolchain/bin/../lib/gcc/arm-none-eabi/4.7.4/../../../../arm-none-eabi/lib\libc_s.a(lib_a-mprec.o)
                0x20004bd0                __ratio
 .text.__copybits
                0x20004c40       0x4c c:/isis/application/toolchain/bin/../lib/gcc/arm-none-eabi/4.7.4/../../../../arm-none-eabi/lib\libc_s.a(lib_a-mprec.o)
                0x20004c40                __copybits
 .text.__any_on
                0x20004c8c       0x7c c:/isis/application/toolchain/bin/../lib/gcc/arm-none-eabi/4.7.4/../../../../arm-none-eabi/lib\libc_s.a(lib_a-mprec.o)
                0x20004c8c                __any_on
 .text.__fpclassifyd
                0x20004d08       0x6c c:/isis/application/toolchain/bin/../lib/gcc/arm-none-eabi/4.7.4/../../../../arm-none-eabi/lib\libc_s.a(lib_a-s_fpclassify.o)
                0x20004d08                __fpclassifyd
 .text._sbrk_r  0x20004d74       0x3c c:/isis/application/toolchain/bin/../lib/gcc/arm-none-eabi/4.7.4/../../../../arm-none-eabi/lib\libc_s.a(lib_a-sbrkr.o)
                0x20004d74                _sbrk_r
 .text.nanf     0x20004db0        0xc c:/isis/application/toolchain/bin/../lib/gcc/arm-none-eabi/4.7.4/../../../../arm-none-eabi/lib\libc_s.a(lib_a-sf_nan.o)
                0x20004db0                nanf
 .text.sprintf  0x20004dbc       0x6c c:/isis/application/toolchain/bin/../lib/gcc/arm-none-eabi/4.7.4/../../../../arm-none-eabi/lib\libc_s.a(lib_a-sprintf.o)
                0x20004dbc                siprintf
                0x20004dbc                sprintf
 .text.strcmp   0x20004e28       0x1c c:/isis/application/toolchain/bin/../lib/gcc/arm-none-eabi/4.7.4/../../../../arm-none-eabi/lib\libc_s.a(lib_a-strcmp.o)
                0x20004e28                strcmp
 .text.strlen   0x20004e44       0x1c c:/isis/application/toolchain/bin/../lib/gcc/arm-none-eabi/4.7.4/../../../../arm-none-eabi/lib\libc_s.a(lib_a-strlen.o)
                0x20004e44                strlen
 .text.match    0x20004e60       0x54 c:/isis/application/toolchain/bin/../lib/gcc/arm-none-eabi/4.7.4/../../../../arm-none-eabi/lib\libc_s.a(lib_a-strtod.o)
 .text._strtod_r
                0x20004eb4     0x1168 c:/isis/application/toolchain/bin/../lib/gcc/arm-none-eabi/4.7.4/../../../../arm-none-eabi/lib\libc_s.a(lib_a-strtod.o)
                0x20004eb4                _strtod_r
 .text._strtol_r
                0x2000601c      0x1b8 c:/isis/application/toolchain/bin/../lib/gcc/arm-none-eabi/4.7.4/../../../../arm-none-eabi/lib\libc_s.a(lib_a-strtol.o)
                0x2000601c                _strtol_r
 .text.__ssputc_r
                0x200061d4      0x10c c:/isis/application/toolchain/bin/../lib/gcc/arm-none-eabi/4.7.4/../../../../arm-none-eabi/lib\libc_s.a(lib_a-svfprintf.o)
                0x200061d4                __ssputc_r
 .text._svfprintf_r
                0x200062e0      0x328 c:/isis/application/toolchain/bin/../lib/gcc/arm-none-eabi/4.7.4/../../../../arm-none-eabi/lib\libc_s.a(lib_a-svfprintf.o)
                0x200062e0                _svfiprintf_r
                0x200062e0                _svfprintf_r
 .text._calloc_r
                0x20006608       0x2c c:/isis/application/toolchain/bin/../lib/gcc/arm-none-eabi/4.7.4/../../../../arm-none-eabi/lib\libc_s.a(lib_a-callocr.o)
                0x20006608                _calloc_r
 .text._free_r  0x20006634      0x108 c:/isis/application/toolchain/bin/../lib/gcc/arm-none-eabi/4.7.4/../../../../arm-none-eabi/lib\libc_s.a(lib_a-freer.o)
                0x20006634                _free_r
 .text.rshift   0x2000673c       0xb0 c:/isis/application/toolchain/bin/../lib/gcc/arm-none-eabi/4.7.4/../../../../arm-none-eabi/lib\libc_s.a(lib_a-gdtoa-gethex.o)
 .text.htinit.constprop.0
                0x200067ec       0x34 c:/isis/application/toolchain/bin/../lib/gcc/arm-none-eabi/4.7.4/../../../../arm-none-eabi/lib\libc_s.a(lib_a-gdtoa-gethex.o)
 .text.__hexdig_init
                0x20006820       0x38 c:/isis/application/toolchain/bin/../lib/gcc/arm-none-eabi/4.7.4/../../../../arm-none-eabi/lib\libc_s.a(lib_a-gdtoa-gethex.o)
                0x20006820                __hexdig_init
 .text.__gethex
                0x20006858      0x6cc c:/isis/application/toolchain/bin/../lib/gcc/arm-none-eabi/4.7.4/../../../../arm-none-eabi/lib\libc_s.a(lib_a-gdtoa-gethex.o)
                0x20006858                __gethex
 .text.L_shift  0x20006f24       0x38 c:/isis/application/toolchain/bin/../lib/gcc/arm-none-eabi/4.7.4/../../../../arm-none-eabi/lib\libc_s.a(lib_a-gdtoa-hexnan.o)
 .text.__hexnan
                0x20006f5c      0x1d8 c:/isis/application/toolchain/bin/../lib/gcc/arm-none-eabi/4.7.4/../../../../arm-none-eabi/lib\libc_s.a(lib_a-gdtoa-hexnan.o)
                0x20006f5c                __hexnan
 .text.memchr   0x20007134       0x34 c:/isis/application/toolchain/bin/../lib/gcc/arm-none-eabi/4.7.4/../../../../arm-none-eabi/lib\libc_s.a(lib_a-memchr.o)
                0x20007134                memchr
 .text.memset   0x20007168       0x1c c:/isis/application/toolchain/bin/../lib/gcc/arm-none-eabi/4.7.4/../../../../arm-none-eabi/lib\libc_s.a(lib_a-memset.o)
                0x20007168                memset
 .text._realloc_r
                0x20007184       0x80 c:/isis/application/toolchain/bin/../lib/gcc/arm-none-eabi/4.7.4/../../../../arm-none-eabi/lib\libc_s.a(lib_a-reallocr.o)
                0x20007184                _realloc_r
 .text.strncmp  0x20007204       0x64 c:/isis/application/toolchain/bin/../lib/gcc/arm-none-eabi/4.7.4/../../../../arm-none-eabi/lib\libc_s.a(lib_a-strncmp.o)
                0x20007204                strncmp
 .text._malloc_usable_size_r
                0x20007268       0x1c c:/isis/application/toolchain/bin/../lib/gcc/arm-none-eabi/4.7.4/../../../../arm-none-eabi/lib\libc_s.a(lib_a-msizer.o)
                0x20007268                _malloc_usable_size_r
 .text.GetChunkFromImage
                0x20007284      0x2d0 ./src/sub-systemCode/payload/Request Management/Dump/Butchering.o
                0x20007284                GetChunkFromImage
 .text.SimpleButcher
                0x20007554       0xd8 ./src/sub-systemCode/payload/Request Management/Dump/Butchering.o
                0x20007554                SimpleButcher
 .text.readChunkDimentionsFromFRAM
                0x2000762c       0x80 ./src/sub-systemCode/payload/Request Management/Dump/imageDump.o
                0x2000762c                readChunkDimentionsFromFRAM
 .text.setChunkDimensions_inFRAM
                0x200076ac      0x10c ./src/sub-systemCode/payload/Request Management/Dump/imageDump.o
                0x200076ac                setChunkDimensions_inFRAM
 .text.getLastImageChunkIndex
                0x200077b8      0x1c8 ./src/sub-systemCode/payload/Request Management/Dump/imageDump.o
                0x200077b8                getLastImageChunkIndex
 .text.find_subType_ofImage
                0x20007980       0xe0 ./src/sub-systemCode/payload/Request Management/Dump/imageDump.o
                0x20007980                find_subType_ofImage
 .text.buildAndSend_chunck
                0x20007a60      0x320 ./src/sub-systemCode/payload/Request Management/Dump/imageDump.o
                0x20007a60                buildAndSend_chunck
 .text.chunkField_imageDump
                0x20007d80      0x258 ./src/sub-systemCode/payload/Request Management/Dump/imageDump.o
                0x20007d80                chunkField_imageDump
 .text.bitField_imageDump
                0x20007fd8      0x23c ./src/sub-systemCode/payload/Request Management/Dump/imageDump.o
                0x20007fd8                bitField_imageDump
 .text.fileTypeDump
                0x20008214      0x170 ./src/sub-systemCode/payload/Request Management/Dump/imageDump.o
                0x20008214                fileTypeDump
 .text.imageDataBase_Dump
                0x20008384      0x118 ./src/sub-systemCode/payload/Request Management/Dump/imageDump.o
                0x20008384                imageDataBase_Dump
 .text.imageDump_task
                0x2000849c      0x4f4 ./src/sub-systemCode/payload/Request Management/Dump/imageDump.o
                0x2000849c                imageDump_task
 .text.KickStartImageDumpTask
                0x20008990       0x5c ./src/sub-systemCode/payload/Request Management/Dump/imageDump.o
                0x20008990                KickStartImageDumpTask
 .text.AutomaticImageHandlerTaskMain
                0x200089ec      0x12c ./src/sub-systemCode/payload/Request Management/AutomaticImageHandler.o
                0x200089ec                AutomaticImageHandlerTaskMain
 .text.KickStartAutomaticImageHandlerTask
                0x20008b18       0x70 ./src/sub-systemCode/payload/Request Management/AutomaticImageHandler.o
                0x20008b18                KickStartAutomaticImageHandlerTask
 .text.stopAction
                0x20008b88       0xc4 ./src/sub-systemCode/payload/Request Management/AutomaticImageHandler.o
                0x20008b88                stopAction
 .text.resumeAction
                0x20008c4c       0x68 ./src/sub-systemCode/payload/Request Management/AutomaticImageHandler.o
                0x20008c4c                resumeAction
 .text.handleErrors
                0x20008cb4       0x50 ./src/sub-systemCode/payload/Request Management/AutomaticImageHandler.o
                0x20008cb4                handleErrors
 .text.CameraManagerTaskMain
                0x20008d04       0xc8 ./src/sub-systemCode/payload/Request Management/CameraManeger.o
                0x20008d04                CameraManagerTaskMain
 .text.initCamera
                0x20008dcc       0xa4 ./src/sub-systemCode/payload/Request Management/CameraManeger.o
                0x20008dcc                initCamera
 .text.KickStartCamera
                0x20008e70       0xe4 ./src/sub-systemCode/payload/Request Management/CameraManeger.o
                0x20008e70                KickStartCamera
 .text.addRequestToQueue
                0x20008f54       0xa8 ./src/sub-systemCode/payload/Request Management/CameraManeger.o
                0x20008f54                addRequestToQueue
 .text.removeRequestFromQueue
                0x20008ffc       0x7c ./src/sub-systemCode/payload/Request Management/CameraManeger.o
                0x20008ffc                removeRequestFromQueue
 .text.Take_pictures_with_time_in_between
                0x20009078      0x114 ./src/sub-systemCode/payload/Request Management/CameraManeger.o
                0x20009078                Take_pictures_with_time_in_between
 .text.act_upon_request
                0x2000918c      0x5dc ./src/sub-systemCode/payload/Request Management/CameraManeger.o
                0x2000918c                act_upon_request
 .text.TakePicture
                0x20009768       0x4c ./src/sub-systemCode/payload/Request Management/DB_RequestHandling.o
                0x20009768                TakePicture
 .text.TakeSpecialPicture
                0x200097b4      0x130 ./src/sub-systemCode/payload/Request Management/DB_RequestHandling.o
                0x200097b4                TakeSpecialPicture
 .text.DeletePictureFile
                0x200098e4       0x88 ./src/sub-systemCode/payload/Request Management/DB_RequestHandling.o
                0x200098e4                DeletePictureFile
 .text.DeletePicture
                0x2000996c       0x6c ./src/sub-systemCode/payload/Request Management/DB_RequestHandling.o
                0x2000996c                DeletePicture
 .text.TransferPicture
                0x200099d8       0x54 ./src/sub-systemCode/payload/Request Management/DB_RequestHandling.o
                0x200099d8                TransferPicture
 .text.CreateThumbnail
                0x20009a2c       0x80 ./src/sub-systemCode/payload/Request Management/DB_RequestHandling.o
                0x20009a2c                CreateThumbnail
 .text.CreateJPG
                0x20009aac       0x7c ./src/sub-systemCode/payload/Request Management/DB_RequestHandling.o
                0x20009aac                CreateJPG
 .text.UpdatePhotographyValues
                0x20009b28       0xd8 ./src/sub-systemCode/payload/Request Management/DB_RequestHandling.o
                0x20009b28                UpdatePhotographyValues
 .text.setChunkDimensions
                0x20009c00       0x64 ./src/sub-systemCode/payload/Request Management/DB_RequestHandling.o
                0x20009c00                setChunkDimensions
 .text.convert2char
                0x20009c64      0x14c ./src/sub-systemCode/payload/Misc/Boolean_bit.o
                0x20009c64                convert2char
 .text.convert2byte
                0x20009db0      0x1c8 ./src/sub-systemCode/payload/Misc/Boolean_bit.o
                0x20009db0                convert2byte
 .text.bits2byte
                0x20009f78      0x17c ./src/sub-systemCode/payload/Misc/Boolean_bit.o
                0x20009f78                bits2byte
 .text.byte2bits
                0x2000a0f4      0x17c ./src/sub-systemCode/payload/Misc/Boolean_bit.o
                0x2000a0f4                byte2bits
 .text.char2bits
                0x2000a270       0x44 ./src/sub-systemCode/payload/Misc/Boolean_bit.o
                0x2000a270                char2bits
 .text.bits2char
                0x2000a2b4       0x3c ./src/sub-systemCode/payload/Misc/Boolean_bit.o
                0x2000a2b4                bits2char
 .text.ReadFromFile
                0x2000a2f0       0x6c ./src/sub-systemCode/payload/Misc/FileSystem.o
                0x2000a2f0                ReadFromFile
 .text.WriteToFile
                0x2000a35c       0x74 ./src/sub-systemCode/payload/Misc/FileSystem.o
                0x2000a35c                WriteToFile
 .text.Initialized_GPIO
                0x2000a3d0       0x54 ./src/sub-systemCode/payload/Drivers/GeckoCameraDriver.o
                0x2000a3d0                Initialized_GPIO
 .text.TurnOnGecko
                0x2000a424      0x140 ./src/sub-systemCode/payload/Drivers/GeckoCameraDriver.o
                0x2000a424                TurnOnGecko
 .text.TurnOffGecko
                0x2000a564       0xd8 ./src/sub-systemCode/payload/Drivers/GeckoCameraDriver.o
                0x2000a564                TurnOffGecko
 .text.initGecko
                0x2000a63c       0x3c ./src/sub-systemCode/payload/Drivers/GeckoCameraDriver.o
                0x2000a63c                initGecko
 .text.GECKO_TakeImage
                0x2000a678      0x2f4 ./src/sub-systemCode/payload/Drivers/GeckoCameraDriver.o
                0x2000a678                GECKO_TakeImage
 .text.readStopFlag
                0x2000a96c       0x48 ./src/sub-systemCode/payload/Drivers/GeckoCameraDriver.o
                0x2000a96c                readStopFlag
 .text.setStopFlag
                0x2000a9b4       0x50 ./src/sub-systemCode/payload/Drivers/GeckoCameraDriver.o
                0x2000a9b4                setStopFlag
 .text.GECKO_ReadImage
                0x2000aa04      0x230 ./src/sub-systemCode/payload/Drivers/GeckoCameraDriver.o
                0x2000aa04                GECKO_ReadImage
 .text.GECKO_EraseBlock
                0x2000ac34       0xf0 ./src/sub-systemCode/payload/Drivers/GeckoCameraDriver.o
                0x2000ac34                GECKO_EraseBlock
 .text.getFileName
                0x2000ad24      0x190 ./src/sub-systemCode/payload/DataBase/DataBase.o
 .text.zeroImageDataBase
                0x2000aeb4       0xfc ./src/sub-systemCode/payload/DataBase/DataBase.o
                0x2000aeb4                zeroImageDataBase
 .text.updateGeneralDataBaseParameters
                0x2000afb0       0x5c ./src/sub-systemCode/payload/DataBase/DataBase.o
                0x2000afb0                updateGeneralDataBaseParameters
 .text.SearchDataBase_byID
                0x2000b00c      0x234 ./src/sub-systemCode/payload/DataBase/DataBase.o
                0x2000b00c                SearchDataBase_byID
 .text.SearchDataBase_byMark
                0x2000b240       0xb8 ./src/sub-systemCode/payload/DataBase/DataBase.o
                0x2000b240                SearchDataBase_byMark
 .text.SearchDataBase_forLatestMarkedImage
                0x2000b2f8       0x38 ./src/sub-systemCode/payload/DataBase/DataBase.o
                0x2000b2f8                SearchDataBase_forLatestMarkedImage
 .text.SearchDataBase_byTimeRange
                0x2000b330      0x148 ./src/sub-systemCode/payload/DataBase/DataBase.o
                0x2000b330                SearchDataBase_byTimeRange
 .text.SearchDataBase_forImageFileType_byTimeRange
                0x2000b478      0x11c ./src/sub-systemCode/payload/DataBase/DataBase.o
                0x2000b478                SearchDataBase_forImageFileType_byTimeRange
 .text.checkForFileType
                0x2000b594       0x74 ./src/sub-systemCode/payload/DataBase/DataBase.o
                0x2000b594                checkForFileType
 .text.updateFileTypes
                0x2000b608       0xbc ./src/sub-systemCode/payload/DataBase/DataBase.o
                0x2000b608                updateFileTypes
 .text.GetImageFactor
                0x2000b6c4       0x58 ./src/sub-systemCode/payload/DataBase/DataBase.o
                0x2000b6c4                GetImageFactor
 .text.readImageFromBuffer
                0x2000b71c      0x12c ./src/sub-systemCode/payload/DataBase/DataBase.o
                0x2000b71c                readImageFromBuffer
 .text.saveImageToBuffer
                0x2000b848      0x12c ./src/sub-systemCode/payload/DataBase/DataBase.o
                0x2000b848                saveImageToBuffer
 .text.getLatestID
                0x2000b974       0x48 ./src/sub-systemCode/payload/DataBase/DataBase.o
                0x2000b974                getLatestID
 .text.getDataBaseStart
                0x2000b9bc       0x20 ./src/sub-systemCode/payload/DataBase/DataBase.o
                0x2000b9bc                getDataBaseStart
 .text.getDataBaseEnd
                0x2000b9dc       0x20 ./src/sub-systemCode/payload/DataBase/DataBase.o
                0x2000b9dc                getDataBaseEnd
 .text.setDataBaseValues
                0x2000b9fc      0x208 ./src/sub-systemCode/payload/DataBase/DataBase.o
                0x2000b9fc                setDataBaseValues
 .text.initImageDataBase
                0x2000bc04      0x20c ./src/sub-systemCode/payload/DataBase/DataBase.o
                0x2000bc04                initImageDataBase
 .text.resetImageDataBase
                0x2000be10       0x98 ./src/sub-systemCode/payload/DataBase/DataBase.o
                0x2000be10                resetImageDataBase
 .text.setCameraPhotographyValues
                0x2000bea8      0x130 ./src/sub-systemCode/payload/DataBase/DataBase.o
                0x2000bea8                setCameraPhotographyValues
 .text.transferImageToSD_withoutSearch
                0x2000bfd8      0x17c ./src/sub-systemCode/payload/DataBase/DataBase.o
                0x2000bfd8                transferImageToSD_withoutSearch
 .text.transferImageToSD
                0x2000c154       0xac ./src/sub-systemCode/payload/DataBase/DataBase.o
                0x2000c154                transferImageToSD
 .text.DeleteImageFromOBC_withoutSearch
                0x2000c200       0xf0 ./src/sub-systemCode/payload/DataBase/DataBase.o
                0x2000c200                DeleteImageFromOBC_withoutSearch
 .text.DeleteImageFromOBC
                0x2000c2f0       0xb8 ./src/sub-systemCode/payload/DataBase/DataBase.o
                0x2000c2f0                DeleteImageFromOBC
 .text.DeleteImageFromPayload
                0x2000c3a8      0x270 ./src/sub-systemCode/payload/DataBase/DataBase.o
                0x2000c3a8                DeleteImageFromPayload
 .text.clearImageDataBase
                0x2000c618      0x13c ./src/sub-systemCode/payload/DataBase/DataBase.o
                0x2000c618                clearImageDataBase
 .text.handleMarkedPictures
                0x2000c754      0x21c ./src/sub-systemCode/payload/DataBase/DataBase.o
                0x2000c754                handleMarkedPictures
 .text.writeNewImageMetaDataToFRAM
                0x2000c970      0x21c ./src/sub-systemCode/payload/DataBase/DataBase.o
                0x2000c970                writeNewImageMetaDataToFRAM
 .text.takePicture
                0x2000cb8c      0x344 ./src/sub-systemCode/payload/DataBase/DataBase.o
                0x2000cb8c                takePicture
 .text.takePicture_withSpecialParameters
                0x2000ced0       0xc4 ./src/sub-systemCode/payload/DataBase/DataBase.o
                0x2000ced0                takePicture_withSpecialParameters
 .text.GetImageFileName_withSpecialParameters
                0x2000cf94       0x98 ./src/sub-systemCode/payload/DataBase/DataBase.o
                0x2000cf94                GetImageFileName_withSpecialParameters
 .text.GetImageFileName
                0x2000d02c       0x98 ./src/sub-systemCode/payload/DataBase/DataBase.o
                0x2000d02c                GetImageFileName
 .text.getDataBaseSize
                0x2000d0c4       0x20 ./src/sub-systemCode/payload/DataBase/DataBase.o
                0x2000d0c4                getDataBaseSize
 .text.getImageDataBaseBuffer
                0x2000d0e4      0x240 ./src/sub-systemCode/payload/DataBase/DataBase.o
                0x2000d0e4                getImageDataBaseBuffer
 .text.setAutoThumbnailCreation
                0x2000d324       0x30 ./src/sub-systemCode/payload/DataBase/DataBase.o
                0x2000d324                setAutoThumbnailCreation
 .text.Gecko_TroubleShooter
                0x2000d354       0xd8 ./src/sub-systemCode/payload/DataBase/DataBase.o
                0x2000d354                Gecko_TroubleShooter
 .text.TransformRawToBMP
                0x2000d42c      0x1e0 ./src/sub-systemCode/payload/Compression/jpeg/bmp/rawToBMP.o
                0x2000d42c                TransformRawToBMP
 .text.interpolate
                0x2000d60c      0x8d0 ./src/sub-systemCode/payload/Compression/jpeg/bmp/rawToBMP.o
                0x2000d60c                interpolate
 .text.getInputAt
                0x2000dedc      0x308 ./src/sub-systemCode/payload/Compression/jpeg/bmp/rawToBMP.o
                0x2000dedc                getInputAt
 .text.f_writeF_FILEHeader
                0x2000e1e4      0x2f0 ./src/sub-systemCode/payload/Compression/jpeg/bmp/rawToBMP.o
                0x2000e1e4                f_writeF_FILEHeader
 .text.f_writeOutputRow
                0x2000e4d4       0xbc ./src/sub-systemCode/payload/Compression/jpeg/bmp/rawToBMP.o
                0x2000e4d4                f_writeOutputRow
 .text.dct      0x2000e590      0x9c4 ./src/sub-systemCode/payload/Compression/jpeg/DCT.o
                0x2000e590                dct
 .text.JPEG_compressor
                0x2000ef54       0xfc ./src/sub-systemCode/payload/Compression/jpeg/ImgCompressor.o
                0x2000ef54                JPEG_compressor
 .text.Create_BMP_File
                0x2000f050       0xf4 ./src/sub-systemCode/payload/Compression/jpeg/ImgCompressor.o
                0x2000f050                Create_BMP_File
 .text.CompressImage
                0x2000f144      0x1cc ./src/sub-systemCode/payload/Compression/jpeg/ImgCompressor.o
                0x2000f144                CompressImage
 .text.clamp    0x2000f310       0x60 ./src/sub-systemCode/payload/Compression/jpeg/color_conv.o
                0x2000f310                clamp
 .text.RGB_to_YCC
                0x2000f370      0x1a8 ./src/sub-systemCode/payload/Compression/jpeg/color_conv.o
                0x2000f370                RGB_to_YCC
 .text.RGB_to_Y
                0x2000f518       0xc4 ./src/sub-systemCode/payload/Compression/jpeg/color_conv.o
                0x2000f518                RGB_to_Y
 .text.Y_to_YCC
                0x2000f5dc       0x88 ./src/sub-systemCode/payload/Compression/jpeg/color_conv.o
                0x2000f5dc                Y_to_YCC
 .text.compress_image_to_jpeg_file
                0x2000f664      0x1ac ./src/sub-systemCode/payload/Compression/jpeg/jpeg.o
                0x2000f664                compress_image_to_jpeg_file
 .text.emit_marker
                0x2000f810       0xc8 ./src/sub-systemCode/payload/Compression/jpeg/jpeg_encoder.o
                0x2000f810                emit_marker
 .text.emit_byte
                0x2000f8d8       0x6c ./src/sub-systemCode/payload/Compression/jpeg/jpeg_encoder.o
                0x2000f8d8                emit_byte
 .text.emit_word
                0x2000f944       0xd0 ./src/sub-systemCode/payload/Compression/jpeg/jpeg_encoder.o
                0x2000f944                emit_word
 .text.emit_jfif_app0
                0x2000fa14       0xc0 ./src/sub-systemCode/payload/Compression/jpeg/jpeg_encoder.o
                0x2000fa14                emit_jfif_app0
 .text.emit_dqt
                0x2000fad4       0xd8 ./src/sub-systemCode/payload/Compression/jpeg/jpeg_encoder.o
                0x2000fad4                emit_dqt
 .text.emit_sof
                0x2000fbac      0x14c ./src/sub-systemCode/payload/Compression/jpeg/jpeg_encoder.o
                0x2000fbac                emit_sof
 .text.emit_dht
                0x2000fcf8      0x138 ./src/sub-systemCode/payload/Compression/jpeg/jpeg_encoder.o
                0x2000fcf8                emit_dht
 .text.emit_dhts
                0x2000fe30       0xd8 ./src/sub-systemCode/payload/Compression/jpeg/jpeg_encoder.o
                0x2000fe30                emit_dhts
 .text.emit_sos
                0x2000ff08       0xec ./src/sub-systemCode/payload/Compression/jpeg/jpeg_encoder.o
                0x2000ff08                emit_sos
 .text.emit_markers
                0x2000fff4       0x4c ./src/sub-systemCode/payload/Compression/jpeg/jpeg_encoder.o
                0x2000fff4                emit_markers
 .text.compute_huffman_table
                0x20010040      0x334 ./src/sub-systemCode/payload/Compression/jpeg/jpeg_encoder.o
                0x20010040                compute_huffman_table
 .text.compute_quant_table
                0x20010374      0x11c ./src/sub-systemCode/payload/Compression/jpeg/jpeg_encoder.o
                0x20010374                compute_quant_table
 .text.first_pass_init
                0x20010490       0x54 ./src/sub-systemCode/payload/Compression/jpeg/jpeg_encoder.o
                0x20010490                first_pass_init
 .text.second_pass_init
                0x200104e4      0x110 ./src/sub-systemCode/payload/Compression/jpeg/jpeg_encoder.o
                0x200104e4                second_pass_init
 .text.jpg_open
                0x200105f4      0x7b4 ./src/sub-systemCode/payload/Compression/jpeg/jpeg_encoder.o
                0x200105f4                jpg_open
 .text.load_block_8_8_grey
                0x20010da8      0x164 ./src/sub-systemCode/payload/Compression/jpeg/jpeg_encoder.o
                0x20010da8                load_block_8_8_grey
 .text.load_block_8_8
                0x20010f0c      0x198 ./src/sub-systemCode/payload/Compression/jpeg/jpeg_encoder.o
                0x20010f0c                load_block_8_8
 .text.load_block_16_8
                0x200110a4      0x3cc ./src/sub-systemCode/payload/Compression/jpeg/jpeg_encoder.o
                0x200110a4                load_block_16_8
 .text.load_block_16_8_8
                0x20011470      0x2a8 ./src/sub-systemCode/payload/Compression/jpeg/jpeg_encoder.o
                0x20011470                load_block_16_8_8
 .text.load_coefficients
                0x20011718      0x1c8 ./src/sub-systemCode/payload/Compression/jpeg/jpeg_encoder.o
                0x20011718                load_coefficients
 .text.flush_output_buffer
                0x200118e0       0xa0 ./src/sub-systemCode/payload/Compression/jpeg/jpeg_encoder.o
                0x200118e0                flush_output_buffer
 .text.put_bits
                0x20011980      0x170 ./src/sub-systemCode/payload/Compression/jpeg/jpeg_encoder.o
                0x20011980                put_bits
 .text.code_coefficients_pass_two
                0x20011af0      0x338 ./src/sub-systemCode/payload/Compression/jpeg/jpeg_encoder.o
                0x20011af0                code_coefficients_pass_two
 .text.code_block
                0x20011e28       0x44 ./src/sub-systemCode/payload/Compression/jpeg/jpeg_encoder.o
                0x20011e28                code_block
 .text.process_mcu_row
                0x20011e6c      0x328 ./src/sub-systemCode/payload/Compression/jpeg/jpeg_encoder.o
                0x20011e6c                process_mcu_row
 .text.terminate_pass_two
                0x20012194       0x44 ./src/sub-systemCode/payload/Compression/jpeg/jpeg_encoder.o
                0x20012194                terminate_pass_two
 .text.process_end_of_image
                0x200121d8       0xc0 ./src/sub-systemCode/payload/Compression/jpeg/jpeg_encoder.o
                0x200121d8                process_end_of_image
 .text.load_mcu
                0x20012298      0x29c ./src/sub-systemCode/payload/Compression/jpeg/jpeg_encoder.o
                0x20012298                load_mcu
 .text.clear    0x20012534      0x1e0 ./src/sub-systemCode/payload/Compression/jpeg/jpeg_encoder.o
                0x20012534                clear
 .text.init     0x20012714       0xe4 ./src/sub-systemCode/payload/Compression/jpeg/jpeg_encoder.o
                0x20012714                init
 .text.deinit   0x200127f8      0x160 ./src/sub-systemCode/payload/Compression/jpeg/jpeg_encoder.o
                0x200127f8                deinit
 .text.process_scanline
                0x20012958       0x6c ./src/sub-systemCode/payload/Compression/jpeg/jpeg_encoder.o
                0x20012958                process_scanline
 .text.jpge_malloc
                0x200129c4       0x28 ./src/sub-systemCode/payload/Compression/jpeg/jpeg_memory_alloc.o
                0x200129c4                jpge_malloc
 .text.jpge_cmalloc
                0x200129ec       0x48 ./src/sub-systemCode/payload/Compression/jpeg/jpeg_memory_alloc.o
                0x200129ec                jpge_cmalloc
 .text.jpge_free
                0x20012a34       0x24 ./src/sub-systemCode/payload/Compression/jpeg/jpeg_memory_alloc.o
                0x20012a34                jpge_free
 .text.check    0x20012a58       0x78 ./src/sub-systemCode/payload/Compression/jpeg/jpeg_params.o
                0x20012a58                check
 .text.open_jpeg_file
                0x20012ad0       0xfc ./src/sub-systemCode/payload/Compression/jpeg/output_stream.o
                0x20012ad0                open_jpeg_file
 .text.close_jpeg_file
                0x20012bcc      0x118 ./src/sub-systemCode/payload/Compression/jpeg/output_stream.o
                0x20012bcc                close_jpeg_file
 .text.put_buf  0x20012ce4      0x258 ./src/sub-systemCode/payload/Compression/jpeg/output_stream.o
                0x20012ce4                put_buf
 .text.GetBayerPixel
                0x20012f3c       0xe8 ./src/sub-systemCode/payload/Compression/ImageConversion.o
 .text.BinImage
                0x20013024      0x2c8 ./src/sub-systemCode/payload/Compression/ImageConversion.o
                0x20013024                BinImage
 .text.ImageSkipping
                0x200132ec      0x2ac ./src/sub-systemCode/payload/Compression/ImageConversion.o
                0x200132ec                ImageSkipping
 .text.CreateImageThumbnail_withoutSearch
                0x20013598      0x14c ./src/sub-systemCode/payload/Compression/ImageConversion.o
                0x20013598                CreateImageThumbnail_withoutSearch
 .text.CreateImageThumbnail
                0x200136e4       0x98 ./src/sub-systemCode/payload/Compression/ImageConversion.o
                0x200136e4                CreateImageThumbnail
 .text.compressImage
                0x2001377c      0x17c ./src/sub-systemCode/payload/Compression/ImageConversion.o
                0x2001377c                compressImage
 .text.AdcsCmdQueueInit
                0x200138f8       0x4c ./src/sub-systemCode/Main/CMD/ADCS_CMD.o
                0x200138f8                AdcsCmdQueueInit
 .text.AdcsCmdQueueGet
                0x20013944       0x8c ./src/sub-systemCode/Main/CMD/ADCS_CMD.o
                0x20013944                AdcsCmdQueueGet
 .text.AdcsCmdQueueAdd
                0x200139d0       0x74 ./src/sub-systemCode/Main/CMD/ADCS_CMD.o
                0x200139d0                AdcsCmdQueueAdd
 .text.AdcsCmdQueueIsEmpty
                0x20013a44       0x3c ./src/sub-systemCode/Main/CMD/ADCS_CMD.o
                0x20013a44                AdcsCmdQueueIsEmpty
 .text.getAdcsQueueWaitPointer
                0x20013a80       0x20 ./src/sub-systemCode/Main/CMD/ADCS_CMD.o
                0x20013a80                getAdcsQueueWaitPointer
 .text.cmd_mute
                0x20013aa0       0xf4 ./src/sub-systemCode/Main/CMD/COMM_CMD.o
                0x20013aa0                cmd_mute
 .text.cmd_unmute
                0x20013b94       0x90 ./src/sub-systemCode/Main/CMD/COMM_CMD.o
                0x20013b94                cmd_unmute
 .text.cmd_active_trans
                0x20013c24       0xc0 ./src/sub-systemCode/Main/CMD/COMM_CMD.o
                0x20013c24                cmd_active_trans
 .text.cmd_shut_trans
                0x20013ce4       0x8c ./src/sub-systemCode/Main/CMD/COMM_CMD.o
                0x20013ce4                cmd_shut_trans
 .text.cmd_change_trans_rssi
                0x20013d70      0x140 ./src/sub-systemCode/Main/CMD/COMM_CMD.o
                0x20013d70                cmd_change_trans_rssi
 .text.cmd_aprs_dump
                0x20013eb0       0x38 ./src/sub-systemCode/Main/CMD/COMM_CMD.o
                0x20013eb0                cmd_aprs_dump
 .text.cmd_stop_dump
                0x20013ee8       0x8c ./src/sub-systemCode/Main/CMD/COMM_CMD.o
                0x20013ee8                cmd_stop_dump
 .text.cmd_time_frequency
                0x20013f74       0xf8 ./src/sub-systemCode/Main/CMD/COMM_CMD.o
                0x20013f74                cmd_time_frequency
 .text.cmd_change_def_bit_rate
                0x2001406c      0x1a8 ./src/sub-systemCode/Main/CMD/COMM_CMD.o
                0x2001406c                cmd_change_def_bit_rate
 .text.cmd_upload_volt_logic
                0x20014214      0x370 ./src/sub-systemCode/Main/CMD/EPS_CMD.o
                0x20014214                cmd_upload_volt_logic
 .text.cmd_upload_volt_COMM
                0x20014584      0x1d4 ./src/sub-systemCode/Main/CMD/EPS_CMD.o
                0x20014584                cmd_upload_volt_COMM
 .text.cmd_heater_temp
                0x20014758       0xe4 ./src/sub-systemCode/Main/CMD/EPS_CMD.o
                0x20014758                cmd_heater_temp
 .text.cmd_SHUT_CAM
                0x2001483c       0x78 ./src/sub-systemCode/Main/CMD/EPS_CMD.o
                0x2001483c                cmd_SHUT_CAM
 .text.cmd_SHUT_ADCS
                0x200148b4       0x78 ./src/sub-systemCode/Main/CMD/EPS_CMD.o
                0x200148b4                cmd_SHUT_ADCS
 .text.cmd_allow_CAM
                0x2001492c       0x78 ./src/sub-systemCode/Main/CMD/EPS_CMD.o
                0x2001492c                cmd_allow_CAM
 .text.cmd_allow_ADCS
                0x200149a4       0x78 ./src/sub-systemCode/Main/CMD/EPS_CMD.o
                0x200149a4                cmd_allow_ADCS
 .text.cmd_update_alpha
                0x20014a1c      0x120 ./src/sub-systemCode/Main/CMD/EPS_CMD.o
                0x20014a1c                cmd_update_alpha
 .text.cmd_generic_I2C
                0x20014b3c       0xe4 ./src/sub-systemCode/Main/CMD/General_CMD.o
                0x20014b3c                cmd_generic_I2C
 .text.cmd_dump
                0x20014c20       0xf0 ./src/sub-systemCode/Main/CMD/General_CMD.o
                0x20014c20                cmd_dump
 .text.cmd_delete_TM
                0x20014d10      0x24c ./src/sub-systemCode/Main/CMD/General_CMD.o
                0x20014d10                cmd_delete_TM
 .text.cmd_reset_file
                0x20014f5c      0x130 ./src/sub-systemCode/Main/CMD/General_CMD.o
                0x20014f5c                cmd_reset_file
 .text.cmd_dummy_func
                0x2001508c       0x40 ./src/sub-systemCode/Main/CMD/General_CMD.o
                0x2001508c                cmd_dummy_func
 .text.cmd_reset_TLM_SD
                0x200150cc       0x38 ./src/sub-systemCode/Main/CMD/General_CMD.o
                0x200150cc                cmd_reset_TLM_SD
 .text.cmd_stop_TM
                0x20015104       0x7c ./src/sub-systemCode/Main/CMD/General_CMD.o
                0x20015104                cmd_stop_TM
 .text.cmd_resume_TM
                0x20015180       0x7c ./src/sub-systemCode/Main/CMD/General_CMD.o
                0x20015180                cmd_resume_TM
 .text.cmd_soft_reset_cmponent
                0x200151fc       0xd0 ./src/sub-systemCode/Main/CMD/General_CMD.o
                0x200151fc                cmd_soft_reset_cmponent
 .text.cmd_hard_reset_cmponent
                0x200152cc       0xd0 ./src/sub-systemCode/Main/CMD/General_CMD.o
                0x200152cc                cmd_hard_reset_cmponent
 .text.cmd_reset_satellite
                0x2001539c       0x90 ./src/sub-systemCode/Main/CMD/General_CMD.o
                0x2001539c                cmd_reset_satellite
 .text.cmd_gracefull_reset_satellite
                0x2001542c       0x90 ./src/sub-systemCode/Main/CMD/General_CMD.o
                0x2001542c                cmd_gracefull_reset_satellite
 .text.cmd_upload_time
                0x200154bc       0xdc ./src/sub-systemCode/Main/CMD/General_CMD.o
                0x200154bc                cmd_upload_time
 .text.cmd_ARM_DIARM
                0x20015598      0x104 ./src/sub-systemCode/Main/CMD/General_CMD.o
                0x20015598                cmd_ARM_DIARM
 .text.cmd_get_onlineTM
                0x2001569c      0x220 ./src/sub-systemCode/Main/CMD/General_CMD.o
                0x2001569c                cmd_get_onlineTM
 .text.cmd_reset_off_line
                0x200158bc       0x74 ./src/sub-systemCode/Main/CMD/General_CMD.o
                0x200158bc                cmd_reset_off_line
 .text.cmd_add_item_off_line
                0x20015930      0x124 ./src/sub-systemCode/Main/CMD/General_CMD.o
                0x20015930                cmd_add_item_off_line
 .text.cmd_delete_item_off_line
                0x20015a54       0xb0 ./src/sub-systemCode/Main/CMD/General_CMD.o
                0x20015a54                cmd_delete_item_off_line
 .text.cmd_get_off_line_setting
                0x20015b04      0x1cc ./src/sub-systemCode/Main/CMD/General_CMD.o
                0x20015b04                cmd_get_off_line_setting
 .text.cmd_reset_delayed_command_list
                0x20015cd0       0x3c ./src/sub-systemCode/Main/CMD/SW_CMD.o
                0x20015cd0                cmd_reset_delayed_command_list
 .text.cmd_reset_APRS_list
                0x20015d0c       0x3c ./src/sub-systemCode/Main/CMD/SW_CMD.o
                0x20015d0c                cmd_reset_APRS_list
 .text.cmd_reset_FRAM
                0x20015d48      0x100 ./src/sub-systemCode/Main/CMD/SW_CMD.o
                0x20015d48                cmd_reset_FRAM
 .text.init_Ants
                0x20015e48       0x90 ./src/sub-systemCode/Main/Ants.o
                0x20015e48                init_Ants
 .text.ARM_ants
                0x20015ed8       0xb8 ./src/sub-systemCode/Main/Ants.o
                0x20015ed8                ARM_ants
 .text.DISARM_ants
                0x20015f90       0xf0 ./src/sub-systemCode/Main/Ants.o
                0x20015f90                DISARM_ants
 .text.deploye_ants
                0x20016080       0x94 ./src/sub-systemCode/Main/Ants.o
                0x20016080                deploye_ants
 .text.checkDeployAttempt
                0x20016114      0x18c ./src/sub-systemCode/Main/Ants.o
                0x20016114                checkDeployAttempt
 .text.reset_deployStatusFRAM
                0x200162a0       0xdc ./src/sub-systemCode/Main/Ants.o
                0x200162a0                reset_deployStatusFRAM
 .text.reset_FRAM_ants
                0x2001637c       0xc4 ./src/sub-systemCode/Main/Ants.o
                0x2001637c                reset_FRAM_ants
 .text.DeployIfNeeded
                0x20016440      0x188 ./src/sub-systemCode/Main/Ants.o
                0x20016440                DeployIfNeeded
 .text.update_stopDeploy_FRAM
                0x200165c8       0x64 ./src/sub-systemCode/Main/Ants.o
                0x200165c8                update_stopDeploy_FRAM
 .text.round_vol
                0x2001662c      0x124 ./src/sub-systemCode/Main/EPS.o
                0x2001662c                round_vol
 .text.get_shut_ADCS
                0x20016750       0x64 ./src/sub-systemCode/Main/EPS.o
                0x20016750                get_shut_ADCS
 .text.shut_ADCS
                0x200167b4       0x60 ./src/sub-systemCode/Main/EPS.o
                0x200167b4                shut_ADCS
 .text.get_shut_CAM
                0x20016814       0x64 ./src/sub-systemCode/Main/EPS.o
                0x20016814                get_shut_CAM
 .text.shut_CAM
                0x20016878       0x60 ./src/sub-systemCode/Main/EPS.o
                0x20016878                shut_CAM
 .text.update_powerLines
                0x200168d8      0x124 ./src/sub-systemCode/Main/EPS.o
                0x200168d8                update_powerLines
 .text.get_EPS_mode_t
                0x200169fc       0x24 ./src/sub-systemCode/Main/EPS.o
                0x200169fc                get_EPS_mode_t
 .text.init_enterMode
                0x20016a20       0x88 ./src/sub-systemCode/Main/EPS.o
                0x20016a20                init_enterMode
 .text.EPS_Init
                0x20016aa8      0x1c8 ./src/sub-systemCode/Main/EPS.o
                0x20016aa8                EPS_Init
 .text.reset_FRAM_EPS
                0x20016c70      0x150 ./src/sub-systemCode/Main/EPS.o
                0x20016c70                reset_FRAM_EPS
 .text.reset_EPS_voltages
                0x20016dc0      0x110 ./src/sub-systemCode/Main/EPS.o
                0x20016dc0                reset_EPS_voltages
 .text.writeState_log
                0x20016ed0       0xc4 ./src/sub-systemCode/Main/EPS.o
                0x20016ed0                writeState_log
 .text.battery_downward
                0x20016f94      0x160 ./src/sub-systemCode/Main/EPS.o
                0x20016f94                battery_downward
 .text.battery_upward
                0x200170f4      0x16c ./src/sub-systemCode/Main/EPS.o
                0x200170f4                battery_upward
 .text.sanityCheck_EPS
                0x20017260      0x184 ./src/sub-systemCode/Main/EPS.o
                0x20017260                sanityCheck_EPS
 .text.overRide_ADCS
                0x200173e4       0x50 ./src/sub-systemCode/Main/EPS.o
                0x200173e4                overRide_ADCS
 .text.overRide_Camera
                0x20017434       0x38 ./src/sub-systemCode/Main/EPS.o
                0x20017434                overRide_Camera
 .text.EPS_Conditioning
                0x2001746c      0x2a4 ./src/sub-systemCode/Main/EPS.o
                0x2001746c                EPS_Conditioning
 .text.EnterFullMode
                0x20017710       0xf0 ./src/sub-systemCode/Main/EPS.o
                0x20017710                EnterFullMode
 .text.EnterCruiseMode
                0x20017800       0xe0 ./src/sub-systemCode/Main/EPS.o
                0x20017800                EnterCruiseMode
 .text.EnterSafeMode
                0x200178e0       0xe0 ./src/sub-systemCode/Main/EPS.o
                0x200178e0                EnterSafeMode
 .text.EnterCriticalMode
                0x200179c0       0xcc ./src/sub-systemCode/Main/EPS.o
                0x200179c0                EnterCriticalMode
 .text.check_EPSTableCorrection
                0x20017a8c      0x120 ./src/sub-systemCode/Main/EPS.o
                0x20017a8c                check_EPSTableCorrection
 .text.save_ACK
                0x20017bac       0xd4 ./src/sub-systemCode/Main/HouseKeeping.o
                0x20017bac                save_ACK
 .text.set_GP_EPS
                0x20017c80      0x10c ./src/sub-systemCode/Main/HouseKeeping.o
                0x20017c80                set_GP_EPS
 .text.set_GP_COMM
                0x20017d8c       0x88 ./src/sub-systemCode/Main/HouseKeeping.o
                0x20017d8c                set_GP_COMM
 .text.SP_HK_collect
                0x20017e14      0x22c ./src/sub-systemCode/Main/HouseKeeping.o
                0x20017e14                SP_HK_collect
 .text.EPS_HK_collect
                0x20018040      0x528 ./src/sub-systemCode/Main/HouseKeeping.o
                0x20018040                EPS_HK_collect
 .text.CAM_HK_collect
                0x20018568      0x920 ./src/sub-systemCode/Main/HouseKeeping.o
                0x20018568                CAM_HK_collect
 .text.COMM_HK_collect
                0x20018e88      0x2d0 ./src/sub-systemCode/Main/HouseKeeping.o
                0x20018e88                COMM_HK_collect
 .text.HK_find_ADCSTM_fileName
                0x20019158      0x44c ./src/sub-systemCode/Main/HouseKeeping.o
                0x20019158                HK_find_ADCSTM_fileName
 .text.HK_find_fileName
                0x200195a4      0x174 ./src/sub-systemCode/Main/HouseKeeping.o
                0x200195a4                HK_find_fileName
 .text.HK_find_ADCSTM_ElementSize
                0x20019718      0x1b8 ./src/sub-systemCode/Main/HouseKeeping.o
                0x20019718                HK_find_ADCSTM_ElementSize
 .text.HK_findElementSize
                0x200198d0       0xd4 ./src/sub-systemCode/Main/HouseKeeping.o
                0x200198d0                HK_findElementSize
 .text.build_HK_spl_packet
                0x200199a4      0x27c ./src/sub-systemCode/Main/HouseKeeping.o
                0x200199a4                build_HK_spl_packet
 .text.numberOfRestarts
                0x20019c20       0x94 ./src/sub-systemCode/Main/Main_Init.o
                0x20019c20                numberOfRestarts
 .text.StartFRAM
                0x20019cb4       0x38 ./src/sub-systemCode/Main/Main_Init.o
                0x20019cb4                StartFRAM
 .text.StartI2C
                0x20019cec       0x44 ./src/sub-systemCode/Main/Main_Init.o
                0x20019cec                StartI2C
 .text.StartSPI
                0x20019d30       0x40 ./src/sub-systemCode/Main/Main_Init.o
                0x20019d30                StartSPI
 .text.StartTIME
                0x20019d70      0x120 ./src/sub-systemCode/Main/Main_Init.o
                0x20019d70                StartTIME
 .text.first_activation
                0x20019e90       0x7c ./src/sub-systemCode/Main/Main_Init.o
                0x20019e90                first_activation
 .text.InitSubsystems
                0x20019f0c       0x74 ./src/sub-systemCode/Main/Main_Init.o
                0x20019f0c                InitSubsystems
 .text.SubSystemTaskStart
                0x20019f80      0x13c ./src/sub-systemCode/Main/Main_Init.o
                0x20019f80                SubSystemTaskStart
 .text.copy_command
                0x2001a0bc       0x80 ./src/sub-systemCode/Main/commands.o
                0x2001a0bc                copy_command
 .text.reset_command
                0x2001a13c       0x28 ./src/sub-systemCode/Main/commands.o
                0x2001a13c                reset_command
 .text.init_command
                0x2001a164       0xf4 ./src/sub-systemCode/Main/commands.o
                0x2001a164                init_command
 .text.add_command
                0x2001a258      0x12c ./src/sub-systemCode/Main/commands.o
                0x2001a258                add_command
 .text.get_command
                0x2001a384      0x1c0 ./src/sub-systemCode/Main/commands.o
                0x2001a384                get_command
 .text.act_upon_command
                0x2001a544      0x1e4 ./src/sub-systemCode/Main/commands.o
                0x2001a544                act_upon_command
 .text.cmd_error
                0x2001a728       0x38 ./src/sub-systemCode/Main/commands.o
                0x2001a728                cmd_error
 .text.AUC_COMM
                0x2001a760      0x25c ./src/sub-systemCode/Main/commands.o
                0x2001a760                AUC_COMM
 .text.AUC_general
                0x2001a9bc      0x364 ./src/sub-systemCode/Main/commands.o
                0x2001a9bc                AUC_general
 .text.AUC_payload
                0x2001ad20      0x248 ./src/sub-systemCode/Main/commands.o
                0x2001ad20                AUC_payload
 .text.AUC_EPS  0x2001af68      0x28c ./src/sub-systemCode/Main/commands.o
                0x2001af68                AUC_EPS
 .text.AUC_SW   0x2001b1f4       0xe4 ./src/sub-systemCode/Main/commands.o
                0x2001b1f4                AUC_SW
 .text.AUC_onlineTM
                0x2001b2d8      0x1f0 ./src/sub-systemCode/Main/commands.o
                0x2001b2d8                AUC_onlineTM
 .text.AUC_CUF  0x2001b4c8      0x168 ./src/sub-systemCode/Main/commands.o
                0x2001b4c8                AUC_CUF
 .text.init_GenericSaveQueue
                0x2001b630       0x3c ./src/sub-systemCode/Global/GenericTaskSave.o
                0x2001b630                init_GenericSaveQueue
 .text.add_GenericElement_queue
                0x2001b66c       0x80 ./src/sub-systemCode/Global/GenericTaskSave.o
                0x2001b66c                add_GenericElement_queue
 .text.GenericSave_Task
                0x2001b6ec      0x128 ./src/sub-systemCode/Global/GenericTaskSave.o
                0x2001b6ec                GenericSave_Task
 .text.check_int
                0x2001b814       0x20 ./src/sub-systemCode/Global/Global.o
                0x2001b814                check_int
 .text.check_portBASE_TYPE
                0x2001b834       0x20 ./src/sub-systemCode/Global/Global.o
                0x2001b834                check_portBASE_TYPE
 .text.soft_reset_subsystem
                0x2001b854       0xf0 ./src/sub-systemCode/Global/Global.o
                0x2001b854                soft_reset_subsystem
 .text.hard_reset_subsystem
                0x2001b944      0x134 ./src/sub-systemCode/Global/Global.o
                0x2001b944                hard_reset_subsystem
 .text.BigEnE_raw_to_uInt
                0x2001ba78       0x94 ./src/sub-systemCode/Global/Global.o
                0x2001ba78                BigEnE_raw_to_uInt
 .text.BigEnE_raw_to_uShort
                0x2001bb0c       0x50 ./src/sub-systemCode/Global/Global.o
                0x2001bb0c                BigEnE_raw_to_uShort
 .text.BigEnE_uInt_to_raw
                0x2001bb5c       0x78 ./src/sub-systemCode/Global/Global.o
                0x2001bb5c                BigEnE_uInt_to_raw
 .text.reset_FRAM_MAIN
                0x2001bbd4      0x1cc ./src/sub-systemCode/Global/Global.o
                0x2001bbd4                reset_FRAM_MAIN
 .text.getBitValueByIndex
                0x2001bda0       0xd0 ./src/sub-systemCode/Global/Global.o
                0x2001bda0                getBitValueByIndex
 .text.FRAM_write_exte
                0x2001be70       0x84 ./src/sub-systemCode/Global/Global.o
                0x2001be70                FRAM_write_exte
 .text.FRAM_read_exte
                0x2001bef4       0x84 ./src/sub-systemCode/Global/Global.o
                0x2001bef4                FRAM_read_exte
 .text.FRAM_writeAndVerify_exte
                0x2001bf78       0x84 ./src/sub-systemCode/Global/Global.o
                0x2001bf78                FRAM_writeAndVerify_exte
 .text.init_GP  0x2001bffc      0x368 ./src/sub-systemCode/Global/GlobalParam.o
                0x2001bffc                init_GP
 .text.get_system_state
                0x2001c364      0x268 ./src/sub-systemCode/Global/GlobalParam.o
                0x2001c364                get_system_state
 .text.set_system_state
                0x2001c5cc      0x298 ./src/sub-systemCode/Global/GlobalParam.o
                0x2001c5cc                set_system_state
 .text.get_systems_state_param
                0x2001c864       0x8c ./src/sub-systemCode/Global/GlobalParam.o
                0x2001c864                get_systems_state_param
 .text.get_current_global_param
                0x2001c8f0      0x55c ./src/sub-systemCode/Global/GlobalParam.o
                0x2001c8f0                get_current_global_param
 .text.set_Vbatt
                0x2001ce4c       0x8c ./src/sub-systemCode/Global/GlobalParam.o
                0x2001ce4c                set_Vbatt
 .text.get_Vbatt
                0x2001ced8       0x8c ./src/sub-systemCode/Global/GlobalParam.o
                0x2001ced8                get_Vbatt
 .text.set_curBat
                0x2001cf64       0x8c ./src/sub-systemCode/Global/GlobalParam.o
                0x2001cf64                set_curBat
 .text.set_cur3V3
                0x2001cff0       0x8c ./src/sub-systemCode/Global/GlobalParam.o
                0x2001cff0                set_cur3V3
 .text.set_cur5V
                0x2001d07c       0x8c ./src/sub-systemCode/Global/GlobalParam.o
                0x2001d07c                set_cur5V
 .text.set_tempComm_LO
                0x2001d108       0x8c ./src/sub-systemCode/Global/GlobalParam.o
                0x2001d108                set_tempComm_LO
 .text.set_tempComm_PA
                0x2001d194       0x8c ./src/sub-systemCode/Global/GlobalParam.o
                0x2001d194                set_tempComm_PA
 .text.set_tempEPS
                0x2001d220       0xc8 ./src/sub-systemCode/Global/GlobalParam.o
                0x2001d220                set_tempEPS
 .text.set_tempBatt
                0x2001d2e8       0xc8 ./src/sub-systemCode/Global/GlobalParam.o
                0x2001d2e8                set_tempBatt
 .text.set_RxDoppler
                0x2001d3b0       0x8c ./src/sub-systemCode/Global/GlobalParam.o
                0x2001d3b0                set_RxDoppler
 .text.set_RxRSSI
                0x2001d43c       0x8c ./src/sub-systemCode/Global/GlobalParam.o
                0x2001d43c                set_RxRSSI
 .text.set_TxRefl
                0x2001d4c8       0x8c ./src/sub-systemCode/Global/GlobalParam.o
                0x2001d4c8                set_TxRefl
 .text.set_TxForw
                0x2001d554       0x8c ./src/sub-systemCode/Global/GlobalParam.o
                0x2001d554                set_TxForw
 .text.set_EPSState
                0x2001d5e0       0x8c ./src/sub-systemCode/Global/GlobalParam.o
                0x2001d5e0                set_EPSState
 .text.set_numOfDelayedCommand
                0x2001d66c       0x8c ./src/sub-systemCode/Global/GlobalParam.o
                0x2001d66c                set_numOfDelayedCommand
 .text.set_numOfResets
                0x2001d6f8       0xac ./src/sub-systemCode/Global/GlobalParam.o
                0x2001d6f8                set_numOfResets
 .text.set_ground_conn
                0x2001d7a4       0xa0 ./src/sub-systemCode/Global/GlobalParam.o
                0x2001d7a4                set_ground_conn
 .text.get_ground_conn
                0x2001d844       0xa0 ./src/sub-systemCode/Global/GlobalParam.o
                0x2001d844                get_ground_conn
 .text.IsisAntS_getStatusData_sideA
                0x2001d8e4       0x3c ./src/sub-systemCode/Global/OnlineTM.o
                0x2001d8e4                IsisAntS_getStatusData_sideA
 .text.IsisAntS_getAlltelemetry_sideA
                0x2001d920       0x3c ./src/sub-systemCode/Global/OnlineTM.o
                0x2001d920                IsisAntS_getAlltelemetry_sideA
 .text.IsisAntS_getTemperature_sideA
                0x2001d95c       0x3c ./src/sub-systemCode/Global/OnlineTM.o
                0x2001d95c                IsisAntS_getTemperature_sideA
 .text.IsisAntS_getStatusData_sideB
                0x2001d998       0x3c ./src/sub-systemCode/Global/OnlineTM.o
                0x2001d998                IsisAntS_getStatusData_sideB
 .text.IsisAntS_getAlltelemetry_sideB
                0x2001d9d4       0x3c ./src/sub-systemCode/Global/OnlineTM.o
                0x2001d9d4                IsisAntS_getAlltelemetry_sideB
 .text.IsisAntS_getTemperature_sideB
                0x2001da10       0x3c ./src/sub-systemCode/Global/OnlineTM.o
                0x2001da10                IsisAntS_getTemperature_sideB
 .text.HK_collect_EPS
                0x2001da4c       0x30 ./src/sub-systemCode/Global/OnlineTM.o
                0x2001da4c                HK_collect_EPS
 .text.HK_collect_COMM
                0x2001da7c       0x30 ./src/sub-systemCode/Global/OnlineTM.o
                0x2001da7c                HK_collect_COMM
 .text.HK_collect_CAM
                0x2001daac       0x30 ./src/sub-systemCode/Global/OnlineTM.o
                0x2001daac                HK_collect_CAM
 .text.HK_collect_SP
                0x2001dadc       0x30 ./src/sub-systemCode/Global/OnlineTM.o
                0x2001dadc                HK_collect_SP
 .text.HK_collect_FS_A
                0x2001db0c       0x9c ./src/sub-systemCode/Global/OnlineTM.o
                0x2001db0c                HK_collect_FS_A
 .text.HK_collect_FS_B
                0x2001dba8       0x9c ./src/sub-systemCode/Global/OnlineTM.o
                0x2001dba8                HK_collect_FS_B
 .text.save_offlineSetting_FRAM
                0x2001dc44      0x26c ./src/sub-systemCode/Global/OnlineTM.o
                0x2001dc44                save_offlineSetting_FRAM
 .text.get_offlineSetting_FRAM
                0x2001deb0       0x58 ./src/sub-systemCode/Global/OnlineTM.o
                0x2001deb0                get_offlineSetting_FRAM
 .text.update_offlineSetting_FRAM
                0x2001df08      0x360 ./src/sub-systemCode/Global/OnlineTM.o
                0x2001df08                update_offlineSetting_FRAM
 .text.get_offlineSettingPacket
                0x2001e268       0xc4 ./src/sub-systemCode/Global/OnlineTM.o
                0x2001e268                get_offlineSettingPacket
 .text.get_item_by_index
                0x2001e32c       0xdc ./src/sub-systemCode/Global/OnlineTM.o
                0x2001e32c                get_item_by_index
 .text.get_pointer_item_by_index
                0x2001e408       0x48 ./src/sub-systemCode/Global/OnlineTM.o
                0x2001e408                get_pointer_item_by_index
 .text.init_onlineParam
                0x2001e450     0x2f70 ./src/sub-systemCode/Global/OnlineTM.o
                0x2001e450                init_onlineParam
 .text.reset_offline_TM_list
                0x200213c0      0x184 ./src/sub-systemCode/Global/OnlineTM.o
                0x200213c0                reset_offline_TM_list
 .text.get_online_packet
                0x20021544      0x25c ./src/sub-systemCode/Global/OnlineTM.o
                0x20021544                get_online_packet
 .text.save_onlineTM_param
                0x200217a0      0x1b4 ./src/sub-systemCode/Global/OnlineTM.o
                0x200217a0                save_onlineTM_param
 .text.add_onlineTM_param_to_save_list
                0x20021954      0x3e4 ./src/sub-systemCode/Global/OnlineTM.o
                0x20021954                add_onlineTM_param_to_save_list
 .text.delete_onlineTM_param_from_offline
                0x20021d38      0x1a8 ./src/sub-systemCode/Global/OnlineTM.o
                0x20021d38                delete_onlineTM_param_from_offline
 .text.save_onlineTM_logic
                0x20021ee0      0x2a8 ./src/sub-systemCode/Global/OnlineTM.o
                0x20021ee0                save_onlineTM_logic
 .text.updateSD_state
                0x20022188       0xbc ./src/sub-systemCode/Global/OnlineTM.o
                0x20022188                updateSD_state
 .text.save_onlineTM_task
                0x20022244       0xe8 ./src/sub-systemCode/Global/OnlineTM.o
                0x20022244                save_onlineTM_task
 .text.delete_allTMFilesFromSD
                0x2002232c      0x184 ./src/sub-systemCode/Global/TLM_management.o
                0x2002232c                delete_allTMFilesFromSD
 .text.getNumOfFilesInFS
                0x200224b0       0x44 ./src/sub-systemCode/Global/TLM_management.o
 .text.setNumOfFilesInFS
                0x200224f4       0x50 ./src/sub-systemCode/Global/TLM_management.o
 .text.f_managed_enterFS
                0x20022544       0x18 ./src/sub-systemCode/Global/TLM_management.o
                0x20022544                f_managed_enterFS
 .text.f_managed_releaseFS
                0x2002255c       0x18 ./src/sub-systemCode/Global/TLM_management.o
                0x2002255c                f_managed_releaseFS
 .text.f_managed_open
                0x20022574      0x114 ./src/sub-systemCode/Global/TLM_management.o
                0x20022574                f_managed_open
 .text.f_managed_close
                0x20022688       0x94 ./src/sub-systemCode/Global/TLM_management.o
                0x20022688                f_managed_close
 .text.createSemahores_FS
                0x2002271c       0x48 ./src/sub-systemCode/Global/TLM_management.o
                0x2002271c                createSemahores_FS
 .text.InitializeFS
                0x20022764      0x180 ./src/sub-systemCode/Global/TLM_management.o
                0x20022764                InitializeFS
 .text.c_fileCreate
                0x200228e4       0xf4 ./src/sub-systemCode/Global/TLM_management.o
                0x200228e4                c_fileCreate
 .text.writewithEpochtime
                0x200229d8       0xa8 ./src/sub-systemCode/Global/TLM_management.o
 .text.get_C_FILE_struct
                0x20022a80      0x104 ./src/sub-systemCode/Global/TLM_management.o
 .text.getFileIndex
                0x20022b84       0x64 ./src/sub-systemCode/Global/TLM_management.o
 .text.get_file_name_by_index
                0x20022be8       0x54 ./src/sub-systemCode/Global/TLM_management.o
                0x20022be8                get_file_name_by_index
 .text.c_fileReset
                0x20022c3c      0x140 ./src/sub-systemCode/Global/TLM_management.o
                0x20022c3c                c_fileReset
 .text.c_fileWrite
                0x20022d7c      0x174 ./src/sub-systemCode/Global/TLM_management.o
                0x20022d7c                c_fileWrite
 .text.deleteElementsFromFile
                0x20022ef0      0x1a0 ./src/sub-systemCode/Global/TLM_management.o
 .text.c_fileDeleteElements
                0x20023090      0x168 ./src/sub-systemCode/Global/TLM_management.o
                0x20023090                c_fileDeleteElements
 .text.c_fileRead
                0x200231f8      0x310 ./src/sub-systemCode/Global/TLM_management.o
                0x200231f8                c_fileRead
 .text.DeInitializeFS
                0x20023508       0xdc ./src/sub-systemCode/Global/TLM_management.o
                0x20023508                DeInitializeFS
 .text.xSemaphoreGive_extended
                0x200235e4       0x48 ./src/sub-systemCode/Global/freertosExtended.o
                0x200235e4                xSemaphoreGive_extended
 .text.xSemaphoreTake_extended
                0x2002362c       0x54 ./src/sub-systemCode/Global/freertosExtended.o
                0x2002362c                xSemaphoreTake_extended
 .text.WriteLog
                0x20023680       0xb4 ./src/sub-systemCode/Global/logger.o
 .text.WriteErrorLog
                0x20023734       0x64 ./src/sub-systemCode/Global/logger.o
                0x20023734                WriteErrorLog
 .text.WriteResetLog
                0x20023798       0x54 ./src/sub-systemCode/Global/logger.o
                0x20023798                WriteResetLog
 .text.WritePayloadLog
                0x200237ec       0x50 ./src/sub-systemCode/Global/logger.o
                0x200237ec                WritePayloadLog
 .text.WriteEpsLog
                0x2002383c       0x4c ./src/sub-systemCode/Global/logger.o
                0x2002383c                WriteEpsLog
 .text.WriteTransponderLog
                0x20023888       0x50 ./src/sub-systemCode/Global/logger.o
                0x20023888                WriteTransponderLog
 .text.WriteCUFLog
                0x200238d8       0x50 ./src/sub-systemCode/Global/logger.o
                0x200238d8                WriteCUFLog
 .text.castCharPointerToInt
                0x20023928       0x84 ./src/sub-systemCode/CUF/CUF.o
                0x20023928                castCharPointerToInt
 .text.castCharArrayToIntArray
                0x200239ac       0xa4 ./src/sub-systemCode/CUF/CUF.o
                0x200239ac                castCharArrayToIntArray
 .text.SavePerminantCUF
                0x20023a50      0x1b0 ./src/sub-systemCode/CUF/CUF.o
                0x20023a50                SavePerminantCUF
 .text.LoadPerminantCUF
                0x20023c00      0x1ac ./src/sub-systemCode/CUF/CUF.o
                0x20023c00                LoadPerminantCUF
 .text.CheckResetThreashold
                0x20023dac      0x160 ./src/sub-systemCode/CUF/CUF.o
                0x20023dac                CheckResetThreashold
 .text.CUFManageRestart
                0x20023f0c      0x1d4 ./src/sub-systemCode/CUF/CUF.o
                0x20023f0c                CUFManageRestart
 .text.InitCUF  0x200240e0      0x13c ./src/sub-systemCode/CUF/CUF.o
                0x200240e0                InitCUF
 .text.CUFSwitch
                0x2002421c       0x30 ./src/sub-systemCode/CUF/CUF.o
                0x2002421c                CUFSwitch
 .text.GenerateSSH
                0x2002424c       0x98 ./src/sub-systemCode/CUF/CUF.o
                0x2002424c                GenerateSSH
 .text.getExtendedName
                0x200242e4       0x84 ./src/sub-systemCode/CUF/CUF.o
                0x200242e4                getExtendedName
 .text.AuthenticateCUF
                0x20024368       0x74 ./src/sub-systemCode/CUF/CUF.o
                0x20024368                AuthenticateCUF
 .text.UpdatePerminantCUF
                0x200243dc       0x94 ./src/sub-systemCode/CUF/CUF.o
                0x200243dc                UpdatePerminantCUF
 .text.RemoveCUF
                0x20024470      0x1cc ./src/sub-systemCode/CUF/CUF.o
                0x20024470                RemoveCUF
 .text.ExecuteCUF
                0x2002463c       0xe4 ./src/sub-systemCode/CUF/CUF.o
                0x2002463c                ExecuteCUF
 .text.IntegrateCUF
                0x20024720      0x1a4 ./src/sub-systemCode/CUF/CUF.o
                0x20024720                IntegrateCUF
 .text.AddToCUFTempArray
                0x200248c4       0xa4 ./src/sub-systemCode/CUF/CUF.o
                0x200248c4                AddToCUFTempArray
 .text.GetFromCUFTempArray
                0x20024968       0xe8 ./src/sub-systemCode/CUF/CUF.o
                0x20024968                GetFromCUFTempArray
 .text.DisableCUF
                0x20024a50       0xb4 ./src/sub-systemCode/CUF/CUF.o
                0x20024a50                DisableCUF
 .text.EnableCUF
                0x20024b04       0xb4 ./src/sub-systemCode/CUF/CUF.o
                0x20024b04                EnableCUF
 .text.initializeUpload
                0x20024bb8       0x94 ./src/sub-systemCode/CUF/uploadCodeTelemetry.o
                0x20024bb8                initializeUpload
 .text.removeFiles
                0x20024c4c      0x16c ./src/sub-systemCode/CUF/uploadCodeTelemetry.o
                0x20024c4c                removeFiles
 .text.loadBackup
                0x20024db8      0x144 ./src/sub-systemCode/CUF/uploadCodeTelemetry.o
                0x20024db8                loadBackup
 .text.addToArray
                0x20024efc       0xd8 ./src/sub-systemCode/CUF/uploadCodeTelemetry.o
                0x20024efc                addToArray
 .text.headerHandle
                0x20024fd4       0xb8 ./src/sub-systemCode/CUF/uploadCodeTelemetry.o
                0x20024fd4                headerHandle
 .text.startCUFintegration
                0x2002508c      0x1d0 ./src/sub-systemCode/CUF/uploadCodeTelemetry.o
                0x2002508c                startCUFintegration
 .text.saveBackup
                0x2002525c      0x118 ./src/sub-systemCode/CUF/uploadCodeTelemetry.o
                0x2002525c                saveBackup
 .text.saveAck  0x20025374       0x28 ./src/sub-systemCode/CUF/uploadCodeTelemetry.o
                0x20025374                saveAck
 .text.reset_APRS_list
                0x2002539c       0x20 ./src/sub-systemCode/COMM/APRS.o
                0x2002539c                reset_APRS_list
 .text.get_APRS_list
                0x200253bc       0x18 ./src/sub-systemCode/COMM/APRS.o
                0x200253bc                get_APRS_list
 .text.find_CMD_in_list
                0x200253d4       0x7c ./src/sub-systemCode/COMM/DelayedCommand_list.o
                0x200253d4                find_CMD_in_list
 .text.find_empty_in_list
                0x20025450       0x74 ./src/sub-systemCode/COMM/DelayedCommand_list.o
                0x20025450                find_empty_in_list
 .text.check_delayCommandTime
                0x200254c4       0xa8 ./src/sub-systemCode/COMM/DelayedCommand_list.o
                0x200254c4                check_delayCommandTime
 .text.execute_delayedCommand
                0x2002556c       0x8c ./src/sub-systemCode/COMM/DelayedCommand_list.o
                0x2002556c                execute_delayedCommand
 .text.check_delaycommand
                0x200255f8      0x198 ./src/sub-systemCode/COMM/DelayedCommand_list.o
                0x200255f8                check_delaycommand
 .text.reset_delayCommand
                0x20025790       0xc4 ./src/sub-systemCode/COMM/DelayedCommand_list.o
                0x20025790                reset_delayCommand
 .text.add_delayCommand
                0x20025854      0x220 ./src/sub-systemCode/COMM/DelayedCommand_list.o
                0x20025854                add_delayCommand
 .text.get_delayCommand_list
                0x20025a74       0xb8 ./src/sub-systemCode/COMM/DelayedCommand_list.o
                0x20025a74                get_delayCommand_list
 .text.EmptyOldestCommand
                0x20025b2c      0x108 ./src/sub-systemCode/COMM/DelayedCommand_list.o
                0x20025b2c                EmptyOldestCommand
 .text.decode_TCpacket
                0x20025c34      0x16c ./src/sub-systemCode/COMM/GSC.o
                0x20025c34                decode_TCpacket
 .text.encode_TCpacket
                0x20025da0      0x114 ./src/sub-systemCode/COMM/GSC.o
                0x20025da0                encode_TCpacket
 .text.encode_TMpacket
                0x20025eb4      0x104 ./src/sub-systemCode/COMM/GSC.o
                0x20025eb4                encode_TMpacket
 .text.build_raw_ACK
                0x20025fb8       0xbc ./src/sub-systemCode/COMM/GSC.o
                0x20025fb8                build_raw_ACK
 .text.build_data_field_ACK
                0x20026074       0x74 ./src/sub-systemCode/COMM/GSC.o
                0x20026074                build_data_field_ACK
 .text.update_FRAM_bitRate
                0x200260e8      0x108 ./src/sub-systemCode/COMM/TRXVU.o
                0x200260e8                update_FRAM_bitRate
 .text.toggle_idle_state
                0x200261f0       0xcc ./src/sub-systemCode/COMM/TRXVU.o
                0x200261f0                toggle_idle_state
 .text.TRXVU_init_hardWare
                0x200262bc       0xc8 ./src/sub-systemCode/COMM/TRXVU.o
                0x200262bc                TRXVU_init_hardWare
 .text.TRXVU_init_softWare
                0x20026384      0x160 ./src/sub-systemCode/COMM/TRXVU.o
                0x20026384                TRXVU_init_softWare
 .text.init_trxvu
                0x200264e4       0x14 ./src/sub-systemCode/COMM/TRXVU.o
                0x200264e4                init_trxvu
 .text.TRXVU_task
                0x200264f8       0xb8 ./src/sub-systemCode/COMM/TRXVU.o
                0x200264f8                TRXVU_task
 .text.dump_logic
                0x200265b0      0x3bc ./src/sub-systemCode/COMM/TRXVU.o
                0x200265b0                dump_logic
 .text.Dump_task
                0x2002696c      0x1a4 ./src/sub-systemCode/COMM/TRXVU.o
                0x2002696c                Dump_task
 .text.transponder_logic
                0x20026b10      0x120 ./src/sub-systemCode/COMM/TRXVU.o
                0x20026b10                transponder_logic
 .text.Transponder_task
                0x20026c30      0x1b8 ./src/sub-systemCode/COMM/TRXVU.o
                0x20026c30                Transponder_task
 .text.lookForRequestToDelete_transponder
                0x20026de8       0x8c ./src/sub-systemCode/COMM/TRXVU.o
                0x20026de8                lookForRequestToDelete_transponder
 .text.lookForRequestToDelete_dump
                0x20026e74       0x88 ./src/sub-systemCode/COMM/TRXVU.o
                0x20026e74                lookForRequestToDelete_dump
 .text.sendRequestToStop_dump
                0x20026efc       0x8c ./src/sub-systemCode/COMM/TRXVU.o
                0x20026efc                sendRequestToStop_dump
 .text.sendRequestToStop_transponder
                0x20026f88       0x8c ./src/sub-systemCode/COMM/TRXVU.o
                0x20026f88                sendRequestToStop_transponder
 .text.Rx_logic
                0x20027014      0x1d8 ./src/sub-systemCode/COMM/TRXVU.o
                0x20027014                Rx_logic
 .text.pass_above_Ground
                0x200271ec      0x13c ./src/sub-systemCode/COMM/TRXVU.o
                0x200271ec                pass_above_Ground
 .text.check_TRXVUState
                0x20027328      0x11c ./src/sub-systemCode/COMM/TRXVU.o
                0x20027328                check_TRXVUState
 .text.trxvu_logic
                0x20027444       0x20 ./src/sub-systemCode/COMM/TRXVU.o
                0x20027444                trxvu_logic
 .text.Beacon_task
                0x20027464      0x190 ./src/sub-systemCode/COMM/TRXVU.o
                0x20027464                Beacon_task
 .text.buildAndSend_beacon
                0x200275f4      0x5c0 ./src/sub-systemCode/COMM/TRXVU.o
                0x200275f4                buildAndSend_beacon
 .text.reset_FRAM_TRXVU
                0x20027bb4      0x208 ./src/sub-systemCode/COMM/TRXVU.o
                0x20027bb4                reset_FRAM_TRXVU
 .text.TRX_sendFrame
                0x20027dbc      0x1c8 ./src/sub-systemCode/COMM/TRXVU.o
                0x20027dbc                TRX_sendFrame
 .text.TRX_getFrameData
                0x20027f84      0x144 ./src/sub-systemCode/COMM/TRXVU.o
                0x20027f84                TRX_getFrameData
 .text.mute_Tx  0x200280c8       0x20 ./src/sub-systemCode/COMM/TRXVU.o
                0x200280c8                mute_Tx
 .text.unmute_Tx
                0x200280e8       0x58 ./src/sub-systemCode/COMM/TRXVU.o
                0x200280e8                unmute_Tx
 .text.check_time_off_mute
                0x20028140       0xc0 ./src/sub-systemCode/COMM/TRXVU.o
                0x20028140                check_time_off_mute
 .text.set_mute_time
                0x20028200      0x100 ./src/sub-systemCode/COMM/TRXVU.o
                0x20028200                set_mute_time
 .text.change_TRXVU_state
                0x20028300      0x118 ./src/sub-systemCode/COMM/TRXVU.o
                0x20028300                change_TRXVU_state
 .text.change_trans_RSSI
                0x20028418       0x7c ./src/sub-systemCode/COMM/TRXVU.o
                0x20028418                change_trans_RSSI
 .text.AdcsReadI2cAck
                0x20028494       0xfc ./src/sub-systemCode/ADCS/AdcsCommands.o
                0x20028494                AdcsReadI2cAck
 .text.AdcsGenericI2cCmd
                0x20028590      0x198 ./src/sub-systemCode/ADCS/AdcsCommands.o
                0x20028590                AdcsGenericI2cCmd
 .text.SendAdcsTlm
                0x20028728      0x14c ./src/sub-systemCode/ADCS/AdcsCommands.o
                0x20028728                SendAdcsTlm
 .text.AdcsExecuteCommand
                0x20028874     0x1b00 ./src/sub-systemCode/ADCS/AdcsCommands.o
                0x20028874                AdcsExecuteCommand
 .text.cspaceADCS_getEstimatedAngles
                0x2002a374       0x98 ./src/sub-systemCode/ADCS/AdcsGetDataAndTlm.o
                0x2002a374                cspaceADCS_getEstimatedAngles
 .text.cspaceADCS_getEstimatedAnglesRates
                0x2002a40c       0x98 ./src/sub-systemCode/ADCS/AdcsGetDataAndTlm.o
                0x2002a40c                cspaceADCS_getEstimatedAnglesRates
 .text.cspaceADCS_getSatellitePosition
                0x2002a4a4       0x98 ./src/sub-systemCode/ADCS/AdcsGetDataAndTlm.o
                0x2002a4a4                cspaceADCS_getSatellitePosition
 .text.InitTlmElements
                0x2002a53c      0x238 ./src/sub-systemCode/ADCS/AdcsGetDataAndTlm.o
                0x2002a53c                InitTlmElements
 .text.CreateTlmElementFiles
                0x2002a774      0x178 ./src/sub-systemCode/ADCS/AdcsGetDataAndTlm.o
                0x2002a774                CreateTlmElementFiles
 .text.SaveElementTlmAtIndex
                0x2002a8ec      0x3f0 ./src/sub-systemCode/ADCS/AdcsGetDataAndTlm.o
                0x2002a8ec                SaveElementTlmAtIndex
 .text.UpdateTlmElementAtIndex
                0x2002acdc      0x150 ./src/sub-systemCode/ADCS/AdcsGetDataAndTlm.o
                0x2002acdc                UpdateTlmElementAtIndex
 .text.UpdateTlmToSaveVector
                0x2002ae2c       0xc8 ./src/sub-systemCode/ADCS/AdcsGetDataAndTlm.o
                0x2002ae2c                UpdateTlmToSaveVector
 .text.UpdateTlmPeriodVector
                0x2002aef4      0x120 ./src/sub-systemCode/ADCS/AdcsGetDataAndTlm.o
                0x2002aef4                UpdateTlmPeriodVector
 .text.AdcsGetTlmOverrideFlag
                0x2002b014       0x5c ./src/sub-systemCode/ADCS/AdcsGetDataAndTlm.o
                0x2002b014                AdcsGetTlmOverrideFlag
 .text.AdcsSetTlmOverrideFlag
                0x2002b070       0x9c ./src/sub-systemCode/ADCS/AdcsGetDataAndTlm.o
                0x2002b070                AdcsSetTlmOverrideFlag
 .text.RestoreDefaultTlmElement