Archive member included because of file (symbol)

c:/isis/application/toolchain/bin/../lib/gcc/arm-none-eabi/4.7.4/../../../../arm-none-eabi/lib\libc_s.a(lib_a-vfprintf_float.o)
                              (_printf_float)
c:/isis/application/toolchain/bin/../lib/gcc/arm-none-eabi/4.7.4/../../../../arm-none-eabi/lib\libc_s.a(lib_a-vfprintf_i.o)
                              c:/isis/application/toolchain/bin/../lib/gcc/arm-none-eabi/4.7.4/../../../../arm-none-eabi/lib\libc_s.a(lib_a-vfprintf_float.o) (_printf_common)
c:/isis/application/toolchain/bin/../lib/gcc/arm-none-eabi/4.7.4/../../../../arm-none-eabi/lib\libc_s.a(lib_a-vfscanf_float.o)
                              (_scanf_float)
c:/isis/application/toolchain/bin/../lib/gcc/arm-none-eabi/4.7.4/../../../../arm-none-eabi/lib\libc_s.a(lib_a-dtoa.o)
                              c:/isis/application/toolchain/bin/../lib/gcc/arm-none-eabi/4.7.4/../../../../arm-none-eabi/lib\libc_s.a(lib_a-vfprintf_float.o) (_dtoa_r)
c:/isis/application/toolchain/bin/../lib/gcc/arm-none-eabi/4.7.4/../../../../arm-none-eabi/lib\libc_s.a(lib_a-locale.o)
                              c:/isis/application/toolchain/bin/../lib/gcc/arm-none-eabi/4.7.4/../../../../arm-none-eabi/lib\libc_s.a(lib_a-vfprintf_float.o) (_localeconv_r)
c:/isis/application/toolchain/bin/../lib/gcc/arm-none-eabi/4.7.4/../../../../arm-none-eabi/lib\libc_s.a(lib_a-malloc.o)
                              c:/isis/application/toolchain/bin/../lib/gcc/arm-none-eabi/4.7.4/../../../../arm-none-eabi/lib\libc_s.a(lib_a-dtoa.o) (malloc)
c:/isis/application/toolchain/bin/../lib/gcc/arm-none-eabi/4.7.4/../../../../arm-none-eabi/lib\libc_s.a(lib_a-mallocr.o)
                              c:/isis/application/toolchain/bin/../lib/gcc/arm-none-eabi/4.7.4/../../../../arm-none-eabi/lib\libc_s.a(lib_a-malloc.o) (_malloc_r)
c:/isis/application/toolchain/bin/../lib/gcc/arm-none-eabi/4.7.4/../../../../arm-none-eabi/lib\libc_s.a(lib_a-memcpy.o)
                              c:/isis/application/toolchain/bin/../lib/gcc/arm-none-eabi/4.7.4/../../../../arm-none-eabi/lib\libc_s.a(lib_a-dtoa.o) (memcpy)
c:/isis/application/toolchain/bin/../lib/gcc/arm-none-eabi/4.7.4/../../../../arm-none-eabi/lib\libc_s.a(lib_a-mprec.o)
                              c:/isis/application/toolchain/bin/../lib/gcc/arm-none-eabi/4.7.4/../../../../arm-none-eabi/lib\libc_s.a(lib_a-dtoa.o) (_Balloc)
c:/isis/application/toolchain/bin/../lib/gcc/arm-none-eabi/4.7.4/../../../../arm-none-eabi/lib\libc_s.a(lib_a-s_fpclassify.o)
                              c:/isis/application/toolchain/bin/../lib/gcc/arm-none-eabi/4.7.4/../../../../arm-none-eabi/lib\libc_s.a(lib_a-vfprintf_float.o) (__fpclassifyd)
c:/isis/application/toolchain/bin/../lib/gcc/arm-none-eabi/4.7.4/../../../../arm-none-eabi/lib\libc_s.a(lib_a-sbrkr.o)
                              c:/isis/application/toolchain/bin/../lib/gcc/arm-none-eabi/4.7.4/../../../../arm-none-eabi/lib\libc_s.a(lib_a-mallocr.o) (_sbrk_r)
c:/isis/application/toolchain/bin/../lib/gcc/arm-none-eabi/4.7.4/../../../../arm-none-eabi/lib\libc_s.a(lib_a-sf_nan.o)
                              c:/isis/application/toolchain/bin/../lib/gcc/arm-none-eabi/4.7.4/../../../../arm-none-eabi/lib\libc_s.a(lib_a-vfscanf_float.o) (nanf)
c:/isis/application/toolchain/bin/../lib/gcc/arm-none-eabi/4.7.4/../../../../arm-none-eabi/lib\libc_s.a(lib_a-sprintf.o)
                              c:/isis/application/toolchain/bin/../lib/gcc/arm-none-eabi/4.7.4/../../../../arm-none-eabi/lib\libc_s.a(lib_a-vfscanf_float.o) (sprintf)
c:/isis/application/toolchain/bin/../lib/gcc/arm-none-eabi/4.7.4/../../../../arm-none-eabi/lib\libc_s.a(lib_a-strcmp.o)
                              c:/isis/application/toolchain/bin/../lib/gcc/arm-none-eabi/4.7.4/../../../../arm-none-eabi/lib\libc_s.a(lib_a-locale.o) (strcmp)
c:/isis/application/toolchain/bin/../lib/gcc/arm-none-eabi/4.7.4/../../../../arm-none-eabi/lib\libc_s.a(lib_a-strlen.o)
                              c:/isis/application/toolchain/bin/../lib/gcc/arm-none-eabi/4.7.4/../../../../arm-none-eabi/lib\libc_s.a(lib_a-vfprintf_float.o) (strlen)
c:/isis/application/toolchain/bin/../lib/gcc/arm-none-eabi/4.7.4/../../../../arm-none-eabi/lib\libc_s.a(lib_a-strtod.o)
                              c:/isis/application/toolchain/bin/../lib/gcc/arm-none-eabi/4.7.4/../../../../arm-none-eabi/lib\libc_s.a(lib_a-vfscanf_float.o) (_strtod_r)
c:/isis/application/toolchain/bin/../lib/gcc/arm-none-eabi/4.7.4/../../../../arm-none-eabi/lib\libc_s.a(lib_a-strtol.o)
                              c:/isis/application/toolchain/bin/../lib/gcc/arm-none-eabi/4.7.4/../../../../arm-none-eabi/lib\libc_s.a(lib_a-vfscanf_float.o) (_strtol_r)
c:/isis/application/toolchain/bin/../lib/gcc/arm-none-eabi/4.7.4/../../../../arm-none-eabi/lib\libc_s.a(lib_a-svfprintf.o)
                              c:/isis/application/toolchain/bin/../lib/gcc/arm-none-eabi/4.7.4/../../../../arm-none-eabi/lib\libc_s.a(lib_a-sprintf.o) (_svfprintf_r)
[...]
Memory Configuration

Name             Origin             Length             Attributes
sram0            0x00200000         0x00004000         w !xr
sram1            0x00300000         0x00004000         w !xr
sdram            0x20000000         0x02000000         w !xr
*default*        0x00000000         0xffffffff

Linker script and memory map

LOAD c:/isis/application/toolchain/bin/../lib/gcc/arm-none-eabi/4.7.4/../../../../arm-none-eabi/lib\libc_s.a
LOAD ./src/sub-systemCode/payload/Request Management/Dump/Butchering.o
LOAD ./src/sub-systemCode/payload/Request Management/Dump/imageDump.o
LOAD ./src/sub-systemCode/payload/Request Management/CameraManeger.o
LOAD ./src/sub-systemCode/payload/Request Management/DB_RequestHandling.o
LOAD ./src/sub-systemCode/payload/Misc/Boolean_bit.o
LOAD ./src/sub-systemCode/payload/Misc/FileSystem.o
LOAD ./src/sub-systemCode/payload/Drivers/GeckoCameraDriver.o
LOAD ./src/sub-systemCode/payload/DataBase/DataBase.o
LOAD ./src/sub-systemCode/payload/Compression/jpeg/bmp/rawToBMP.o
LOAD ./src/sub-systemCode/payload/Compression/jpeg/DCT.o
LOAD ./src/sub-systemCode/payload/Compression/jpeg/ImgCompressor.o
LOAD ./src/sub-systemCode/payload/Compression/jpeg/color_conv.o
LOAD ./src/sub-systemCode/payload/Compression/jpeg/jpeg.o
LOAD ./src/sub-systemCode/payload/Compression/jpeg/jpeg_encoder.o
LOAD ./src/sub-systemCode/payload/Compression/jpeg/jpeg_memory_alloc.o
LOAD ./src/sub-systemCode/payload/Compression/jpeg/jpeg_params.o
LOAD ./src/sub-systemCode/payload/Compression/jpeg/output_stream.o
LOAD ./src/sub-systemCode/payload/Compression/ImageConversion.o
LOAD ./src/sub-systemCode/Main/CMD/COMM_CMD.o
LOAD ./src/sub-systemCode/Main/CMD/EPS_CMD.o
LOAD ./src/sub-systemCode/Main/CMD/General_CMD.o
LOAD ./src/sub-systemCode/Main/CMD/SW_CMD.o
LOAD ./src/sub-systemCode/Main/CMD/payload_CMD.o
LOAD ./src/sub-systemCode/Main/Ants.o
LOAD ./src/sub-systemCode/Main/EPS.o
LOAD ./src/sub-systemCode/Main/HouseKeeping.o
LOAD ./src/sub-systemCode/Main/Main_Init.o
LOAD ./src/sub-systemCode/Main/commands.o
LOAD ./src/sub-systemCode/Global/Global.o
LOAD ./src/sub-systemCode/Global/GlobalParam.o
LOAD ./src/sub-systemCode/Global/OnlineTM.o
LOAD ./src/sub-systemCode/Global/TLM_management.o
LOAD ./src/sub-systemCode/Global/freertosExtended.o
LOAD ./src/sub-systemCode/Global/logger.o
LOAD ./src/sub-systemCode/COMM/APRS.o
LOAD ./src/sub-systemCode/COMM/DelayedCommand_list.o
LOAD ./src/sub-systemCode/COMM/GSC.o
LOAD ./src/sub-systemCode/COMM/TRXVU.o
LOAD ./src/sub-systemCode/ADCS/ADCS.o
LOAD ./src/sub-systemCode/ADCS/Stage_Table.o
LOAD ./src/main.o
LOAD C:/HOOPOE3/satellite-subsystems/demo/..//satellite-subsystems/lib\libSatelliteSubsystemsD.a
LOAD c:/isis/application/toolchain/bin/../lib/gcc/arm-none-eabi/4.7.4/../../../../arm-none-eabi/lib\libm.a
LOAD C:/HOOPOE3/satellite-subsystems/demo/../..//hal/hcc/lib\libHCCD.a
LOAD C:/HOOPOE3/satellite-subsystems/demo/../..//hal/hal/lib\libHALD.a
LOAD C:/HOOPOE3/satellite-subsystems/demo/../..//hal/freertos/lib\libFreeRTOSD.a
LOAD C:/HOOPOE3/satellite-subsystems/demo/../..//hal/at91/lib\libAt91D.a
START GROUP
LOAD c:/isis/application/toolchain/bin/../lib/gcc/arm-none-eabi/4.7.4\libgcc.a
LOAD c:/isis/application/toolchain/bin/../lib/gcc/arm-none-eabi/4.7.4/../../../../arm-none-eabi/lib\libc_s.a
END GROUP

.fixed          0x20000000    0x51c38
                0x20000000                . = ALIGN (0x4)
                0x20000000                _sfixed = .
 *(.startup)
 .startup       0x20000000      0x134 C:/HOOPOE3/satellite-subsystems/demo/../..//hal/at91/lib\libAt91D.a(board_cstartup.o)
                0x20000000                entry
 *(.text)
 .text          0x20000134       0x64 C:/HOOPOE3/satellite-subsystems/demo/../..//hal/at91/lib\libAt91D.a(cp15_asm.o)
                0x20000134                _readControlRegister
                0x20000140                _writeControlRegister
                0x20000148                _waitForInterrupt
                0x20000154                _writeTTB
                0x2000015c                _writeDomain
                0x20000164                _writeITLBLockdown
                0x2000016c                _prefetchICacheLine
                0x20000174                _flushDCache
                0x20000180                _flushWriteBuffer
                0x2000018c                _invalidateIDTLBs
 .text          0x20000198      0x114 c:/isis/application/toolchain/bin/../lib/gcc/arm-none-eabi/4.7.4\libgcc.a(_udivsi3.o)
                0x20000198                __aeabi_uidiv
                0x20000198                __udivsi3
                0x2000028c                __aeabi_uidivmod
 .text          0x200002ac      0x148 c:/isis/application/toolchain/bin/../lib/gcc/arm-none-eabi/4.7.4\libgcc.a(_divsi3.o)
                0x200002ac                __divsi3
                0x200002ac                __aeabi_idiv
                0x200003d4                __aeabi_idivmod
 .text          0x200003f4        0x4 c:/isis/application/toolchain/bin/../lib/gcc/arm-none-eabi/4.7.4\libgcc.a(_dvmd_tls.o)
                0x200003f4                __aeabi_idiv0
                0x200003f4                __aeabi_ldiv0
 .text          0x200003f8      0x41c c:/isis/application/toolchain/bin/../lib/gcc/arm-none-eabi/4.7.4\libgcc.a(_arm_addsubdf3.o)
                0x200003f8                __aeabi_drsub
                0x20000400                __aeabi_dsub
                0x20000400                __subdf3
                0x20000404                __aeabi_dadd
                0x20000404                __adddf3
                0x20000714                __floatunsidf
                0x20000714                __aeabi_ui2d
                0x20000738                __floatsidf
                0x20000738                __aeabi_i2d
                0x20000760                __aeabi_f2d
                0x20000760                __extendsfdf2
                0x200007a0                __floatundidf
                0x200007a0                __aeabi_ul2d
                0x200007b4                __floatdidf
                0x200007b4                __aeabi_l2d
 .text          0x20000814      0x49c c:/isis/application/toolchain/bin/../lib/gcc/arm-none-eabi/4.7.4\libgcc.a(_arm_muldivdf3.o)
                0x20000814                __aeabi_dmul
                0x20000814                __muldf3
                0x20000aa4                __divdf3
                0x20000aa4                __aeabi_ddiv
 .text          0x20000cb0      0x144 c:/isis/application/toolchain/bin/../lib/gcc/arm-none-eabi/4.7.4\libgcc.a(_arm_cmpdf2.o)
                0x20000cb0                __gtdf2
                0x20000cb0                __gedf2
                0x20000cb8                __ltdf2
                0x20000cb8                __ledf2
                0x20000cc0                __nedf2
                0x20000cc0                __eqdf2
                0x20000cc0                __cmpdf2
                0x20000d48                __aeabi_cdrcmple
                0x20000d64                __aeabi_cdcmpeq
                0x20000d64                __aeabi_cdcmple
                0x20000d7c                __aeabi_dcmpeq
                0x20000d94                __aeabi_dcmplt
                0x20000dac                __aeabi_dcmple
                0x20000dc4                __aeabi_dcmpge
                0x20000ddc                __aeabi_dcmpgt
 .text          0x20000df4       0x5c c:/isis/application/toolchain/bin/../lib/gcc/arm-none-eabi/4.7.4\libgcc.a(_arm_fixdfsi.o)
                0x20000df4                __aeabi_d2iz
                0x20000df4                __fixdfsi
 .text          0x20000e50       0x54 c:/isis/application/toolchain/bin/../lib/gcc/arm-none-eabi/4.7.4\libgcc.a(_arm_fixunsdfsi.o)
                0x20000e50                __aeabi_d2uiz
                0x20000e50                __fixunsdfsi
 .text          0x20000ea4       0xa0 c:/isis/application/toolchain/bin/../lib/gcc/arm-none-eabi/4.7.4\libgcc.a(_arm_truncdfsf2.o)
                0x20000ea4                __truncdfsf2
                0x20000ea4                __aeabi_d2f
 .text          0x20000f44      0x2ac c:/isis/application/toolchain/bin/../lib/gcc/arm-none-eabi/4.7.4\libgcc.a(_arm_addsubsf3.o)
                0x20000f44                __aeabi_frsub
                0x20000f4c                __subsf3
                0x20000f4c                __aeabi_fsub
                0x20000f50                __aeabi_fadd
                0x20000f50                __addsf3
                0x2000110c                __aeabi_ui2f
                0x2000110c                __floatunsisf
                0x20001114                __aeabi_i2f
                0x20001114                __floatsisf
                0x20001134                __aeabi_ul2f
                0x20001134                __floatundisf
                0x20001144                __aeabi_l2f
                0x20001144                __floatdisf
 .text          0x200011f0      0x2f8 c:/isis/application/toolchain/bin/../lib/gcc/arm-none-eabi/4.7.4\libgcc.a(_arm_muldivsf3.o)
                0x200011f0                __mulsf3
                0x200011f0                __aeabi_fmul
                0x20001388                __aeabi_fdiv
                0x20001388                __divsf3
 .text          0x200014e8      0x114 c:/isis/application/toolchain/bin/../lib/gcc/arm-none-eabi/4.7.4\libgcc.a(_arm_cmpsf2.o)
                0x200014e8                __gesf2
                0x200014e8                __gtsf2
                0x200014f0                __lesf2
                0x200014f0                __ltsf2
                0x200014f8                __nesf2
                0x200014f8                __eqsf2
                0x200014f8                __cmpsf2
                0x2000155c                __aeabi_cfrcmple
                0x2000156c                __aeabi_cfcmpeq
                0x2000156c                __aeabi_cfcmple
                0x20001584                __aeabi_fcmpeq
                0x2000159c                __aeabi_fcmplt
                0x200015b4                __aeabi_fcmple
                0x200015cc                __aeabi_fcmpge
                0x200015e4                __aeabi_fcmpgt
 .text          0x200015fc       0x5c c:/isis/application/toolchain/bin/../lib/gcc/arm-none-eabi/4.7.4\libgcc.a(_arm_fixsfsi.o)
                0x200015fc                __aeabi_f2iz
                0x200015fc                __fixsfsi
 .text          0x20001658       0x54 c:/isis/application/toolchain/bin/../lib/gcc/arm-none-eabi/4.7.4\libgcc.a(_arm_fixunssfsi.o)
                0x20001658                __fixunssfsi
                0x20001658                __aeabi_f2uiz
 *(.text*)
 .text.__cvt    0x200016ac      0x138 c:/isis/application/toolchain/bin/../lib/gcc/arm-none-eabi/4.7.4/../../../../arm-none-eabi/lib\libc_s.a(lib_a-vfprintf_float.o)
                0x200016ac                __cvt
 .text.__exponent
                0x200017e4       0xa8 c:/isis/application/toolchain/bin/../lib/gcc/arm-none-eabi/4.7.4/../../../../arm-none-eabi/lib\libc_s.a(lib_a-vfprintf_float.o)
                0x200017e4                __exponent
 .text._printf_float
                0x2000188c      0x7dc c:/isis/application/toolchain/bin/../lib/gcc/arm-none-eabi/4.7.4/../../../../arm-none-eabi/lib\libc_s.a(lib_a-vfprintf_float.o)
                0x2000188c                _printf_float
 .text._printf_common
                0x20002068      0x174 c:/isis/application/toolchain/bin/../lib/gcc/arm-none-eabi/4.7.4/../../../../arm-none-eabi/lib\libc_s.a(lib_a-vfprintf_i.o)
                0x20002068                _printf_common
 .text._printf_i
                0x200021dc      0x3c4 c:/isis/application/toolchain/bin/../lib/gcc/arm-none-eabi/4.7.4/../../../../arm-none-eabi/lib\libc_s.a(lib_a-vfprintf_i.o)
                0x200021dc                _printf_i
 .text._scanf_float
                0x200025a0      0x5f4 c:/isis/application/toolchain/bin/../lib/gcc/arm-none-eabi/4.7.4/../../../../arm-none-eabi/lib\libc_s.a(lib_a-vfscanf_float.o)
                0x200025a0                _scanf_float
 .text.quorem   0x20002b94      0x1ac c:/isis/application/toolchain/bin/../lib/gcc/arm-none-eabi/4.7.4/../../../../arm-none-eabi/lib\libc_s.a(lib_a-dtoa.o)
 .text._dtoa_r  0x20002d40     0x1268 c:/isis/application/toolchain/bin/../lib/gcc/arm-none-eabi/4.7.4/../../../../arm-none-eabi/lib\libc_s.a(lib_a-dtoa.o)
                0x20002d40                _dtoa_r
 .text._localeconv_r
                0x20003fa8        0xc c:/isis/application/toolchain/bin/../lib/gcc/arm-none-eabi/4.7.4/../../../../arm-none-eabi/lib\libc_s.a(lib_a-locale.o)
                0x20003fa8                _localeconv_r
 .text.malloc   0x20003fb4       0x20 c:/isis/application/toolchain/bin/../lib/gcc/arm-none-eabi/4.7.4/../../../../arm-none-eabi/lib\libc_s.a(lib_a-malloc.o)
                0x20003fb4                malloc
 .text.free     0x20003fd4       0x20 c:/isis/application/toolchain/bin/../lib/gcc/arm-none-eabi/4.7.4/../../../../arm-none-eabi/lib\libc_s.a(lib_a-malloc.o)
                0x20003fd4                free
 .text._malloc_r
                0x20003ff4       0xfc c:/isis/application/toolchain/bin/../lib/gcc/arm-none-eabi/4.7.4/../../../../arm-none-eabi/lib\libc_s.a(lib_a-mallocr.o)
                0x20003ff4                _malloc_r
 .text.memcpy   0x200040f0       0x20 c:/isis/application/toolchain/bin/../lib/gcc/arm-none-eabi/4.7.4/../../../../arm-none-eabi/lib\libc_s.a(lib_a-memcpy.o)
                0x200040f0                memcpy
 .text._Balloc  0x20004110       0xcc c:/isis/application/toolchain/bin/../lib/gcc/arm-none-eabi/4.7.4/../../../../arm-none-eabi/lib\libc_s.a(lib_a-mprec.o)
                0x20004110                _Balloc
 .text._Bfree   0x200041dc       0x5c c:/isis/application/toolchain/bin/../lib/gcc/arm-none-eabi/4.7.4/../../../../arm-none-eabi/lib\libc_s.a(lib_a-mprec.o)
                0x200041dc                _Bfree
 .text.__multadd
                0x20004238       0xbc c:/isis/application/toolchain/bin/../lib/gcc/arm-none-eabi/4.7.4/../../../../arm-none-eabi/lib\libc_s.a(lib_a-mprec.o)
                0x20004238                __multadd
 .text.__s2b    0x200042f4       0xd8 c:/isis/application/toolchain/bin/../lib/gcc/arm-none-eabi/4.7.4/../../../../arm-none-eabi/lib\libc_s.a(lib_a-mprec.o)
                0x200042f4                __s2b
 .text.__hi0bits
                0x200043cc       0x58 c:/isis/application/toolchain/bin/../lib/gcc/arm-none-eabi/4.7.4/../../../../arm-none-eabi/lib\libc_s.a(lib_a-mprec.o)
                0x200043cc                __hi0bits
 .text.__lo0bits
                0x20004424       0x94 c:/isis/application/toolchain/bin/../lib/gcc/arm-none-eabi/4.7.4/../../../../arm-none-eabi/lib\libc_s.a(lib_a-mprec.o)
                0x20004424                __lo0bits
 .text.__i2b    0x200044b8       0x24 c:/isis/application/toolchain/bin/../lib/gcc/arm-none-eabi/4.7.4/../../../../arm-none-eabi/lib\libc_s.a(lib_a-mprec.o)
                0x200044b8                __i2b
 .text.__multiply
                0x200044dc      0x1ac c:/isis/application/toolchain/bin/../lib/gcc/arm-none-eabi/4.7.4/../../../../arm-none-eabi/lib\libc_s.a(lib_a-mprec.o)
                0x200044dc                __multiply
 .text.__pow5mult
                0x20004688      0x10c c:/isis/application/toolchain/bin/../lib/gcc/arm-none-eabi/4.7.4/../../../../arm-none-eabi/lib\libc_s.a(lib_a-mprec.o)
                0x20004688                __pow5mult
 .text.__lshift
                0x20004794       0xf0 c:/isis/application/toolchain/bin/../lib/gcc/arm-none-eabi/4.7.4/../../../../arm-none-eabi/lib\libc_s.a(lib_a-mprec.o)
                0x20004794                __lshift
 .text.__mcmp   0x20004884       0x60 c:/isis/application/toolchain/bin/../lib/gcc/arm-none-eabi/4.7.4/../../../../arm-none-eabi/lib\libc_s.a(lib_a-mprec.o)
                0x20004884                __mcmp
 .text.__mdiff  0x200048e4      0x128 c:/isis/application/toolchain/bin/../lib/gcc/arm-none-eabi/4.7.4/../../../../arm-none-eabi/lib\libc_s.a(lib_a-mprec.o)
                0x200048e4                __mdiff
 .text.__ulp    0x20004a0c       0x5c c:/isis/application/toolchain/bin/../lib/gcc/arm-none-eabi/4.7.4/../../../../arm-none-eabi/lib\libc_s.a(lib_a-mprec.o)
                0x20004a0c                __ulp
 .text.__b2d    0x20004a68       0xc8 c:/isis/application/toolchain/bin/../lib/gcc/arm-none-eabi/4.7.4/../../../../arm-none-eabi/lib\libc_s.a(lib_a-mprec.o)
                0x20004a68                __b2d
 .text.__d2b    0x20004b30       0xfc c:/isis/application/toolchain/bin/../lib/gcc/arm-none-eabi/4.7.4/../../../../arm-none-eabi/lib\libc_s.a(lib_a-mprec.o)
                0x20004b30                __d2b
 .text.__ratio  0x20004c2c       0x70 c:/isis/application/toolchain/bin/../lib/gcc/arm-none-eabi/4.7.4/../../../../arm-none-eabi/lib\libc_s.a(lib_a-mprec.o)
                0x20004c2c                __ratio
 .text.__copybits
                0x20004c9c       0x4c c:/isis/application/toolchain/bin/../lib/gcc/arm-none-eabi/4.7.4/../../../../arm-none-eabi/lib\libc_s.a(lib_a-mprec.o)
                0x20004c9c                __copybits
 .text.__any_on
                0x20004ce8       0x7c c:/isis/application/toolchain/bin/../lib/gcc/arm-none-eabi/4.7.4/../../../../arm-none-eabi/lib\libc_s.a(lib_a-mprec.o)
                0x20004ce8                __any_on
 .text.__fpclassifyd
                0x20004d64       0x6c c:/isis/application/toolchain/bin/../lib/gcc/arm-none-eabi/4.7.4/../../../../arm-none-eabi/lib\libc_s.a(lib_a-s_fpclassify.o)
                0x20004d64                __fpclassifyd
 .text._sbrk_r  0x20004dd0       0x3c c:/isis/application/toolchain/bin/../lib/gcc/arm-none-eabi/4.7.4/../../../../arm-none-eabi/lib\libc_s.a(lib_a-sbrkr.o)
                0x20004dd0                _sbrk_r
 .text.nanf     0x20004e0c        0xc c:/isis/application/toolchain/bin/../lib/gcc/arm-none-eabi/4.7.4/../../../../arm-none-eabi/lib\libc_s.a(lib_a-sf_nan.o)
                0x20004e0c                nanf
 .text.sprintf  0x20004e18       0x6c c:/isis/application/toolchain/bin/../lib/gcc/arm-none-eabi/4.7.4/../../../../arm-none-eabi/lib\libc_s.a(lib_a-sprintf.o)
                0x20004e18                siprintf
                0x20004e18                sprintf
 .text.strcmp   0x20004e84       0x1c c:/isis/application/toolchain/bin/../lib/gcc/arm-none-eabi/4.7.4/../../../../arm-none-eabi/lib\libc_s.a(lib_a-strcmp.o)
                0x20004e84                strcmp
 .text.strlen   0x20004ea0       0x1c c:/isis/application/toolchain/bin/../lib/gcc/arm-none-eabi/4.7.4/../../../../arm-none-eabi/lib\libc_s.a(lib_a-strlen.o)
                0x20004ea0                strlen
 .text.match    0x20004ebc       0x54 c:/isis/application/toolchain/bin/../lib/gcc/arm-none-eabi/4.7.4/../../../../arm-none-eabi/lib\libc_s.a(lib_a-strtod.o)
 .text._strtod_r
                0x20004f10     0x1168 c:/isis/application/toolchain/bin/../lib/gcc/arm-none-eabi/4.7.4/../../../../arm-none-eabi/lib\libc_s.a(lib_a-strtod.o)
                0x20004f10                _strtod_r
 .text._strtol_r
                0x20006078      0x1b8 c:/isis/application/toolchain/bin/../lib/gcc/arm-none-eabi/4.7.4/../../../../arm-none-eabi/lib\libc_s.a(lib_a-strtol.o)
                0x20006078                _strtol_r
 .text.__ssputc_r
                0x20006230      0x10c c:/isis/application/toolchain/bin/../lib/gcc/arm-none-eabi/4.7.4/../../../../arm-none-eabi/lib\libc_s.a(lib_a-svfprintf.o)
                0x20006230                __ssputc_r
 .text._svfprintf_r
                0x2000633c      0x328 c:/isis/application/toolchain/bin/../lib/gcc/arm-none-eabi/4.7.4/../../../../arm-none-eabi/lib\libc_s.a(lib_a-svfprintf.o)
                0x2000633c                _svfiprintf_r
                0x2000633c                _svfprintf_r
 .text._calloc_r
                0x20006664       0x2c c:/isis/application/toolchain/bin/../lib/gcc/arm-none-eabi/4.7.4/../../../../arm-none-eabi/lib\libc_s.a(lib_a-callocr.o)
                0x20006664                _calloc_r
 .text._free_r  0x20006690      0x108 c:/isis/application/toolchain/bin/../lib/gcc/arm-none-eabi/4.7.4/../../../../arm-none-eabi/lib\libc_s.a(lib_a-freer.o)
                0x20006690                _free_r
 .text.rshift   0x20006798       0xb0 c:/isis/application/toolchain/bin/../lib/gcc/arm-none-eabi/4.7.4/../../../../arm-none-eabi/lib\libc_s.a(lib_a-gdtoa-gethex.o)
 .text.htinit.constprop.0
                0x20006848       0x34 c:/isis/application/toolchain/bin/../lib/gcc/arm-none-eabi/4.7.4/../../../../arm-none-eabi/lib\libc_s.a(lib_a-gdtoa-gethex.o)
 .text.__hexdig_init
                0x2000687c       0x38 c:/isis/application/toolchain/bin/../lib/gcc/arm-none-eabi/4.7.4/../../../../arm-none-eabi/lib\libc_s.a(lib_a-gdtoa-gethex.o)
                0x2000687c                __hexdig_init
 .text.__gethex
                0x200068b4      0x6cc c:/isis/application/toolchain/bin/../lib/gcc/arm-none-eabi/4.7.4/../../../../arm-none-eabi/lib\libc_s.a(lib_a-gdtoa-gethex.o)
                0x200068b4                __gethex
 .text.L_shift  0x20006f80       0x38 c:/isis/application/toolchain/bin/../lib/gcc/arm-none-eabi/4.7.4/../../../../arm-none-eabi/lib\libc_s.a(lib_a-gdtoa-hexnan.o)
 .text.__hexnan
                0x20006fb8      0x1d8 c:/isis/application/toolchain/bin/../lib/gcc/arm-none-eabi/4.7.4/../../../../arm-none-eabi/lib\libc_s.a(lib_a-gdtoa-hexnan.o)
                0x20006fb8                __hexnan
 .text.memchr   0x20007190       0x34 c:/isis/application/toolchain/bin/../lib/gcc/arm-none-eabi/4.7.4/../../../../arm-none-eabi/lib\libc_s.a(lib_a-memchr.o)
                0x20007190                memchr
 .text.memset   0x200071c4       0x1c c:/isis/application/toolchain/bin/../lib/gcc/arm-none-eabi/4.7.4/../../../../arm-none-eabi/lib\libc_s.a(lib_a-memset.o)
                0x200071c4                memset
 .text._realloc_r
                0x200071e0       0x80 c:/isis/application/toolchain/bin/../lib/gcc/arm-none-eabi/4.7.4/../../../../arm-none-eabi/lib\libc_s.a(lib_a-reallocr.o)
                0x200071e0                _realloc_r
 .text.strncmp  0x20007260       0x64 c:/isis/application/toolchain/bin/../lib/gcc/arm-none-eabi/4.7.4/../../../../arm-none-eabi/lib\libc_s.a(lib_a-strncmp.o)
                0x20007260                strncmp
 .text._malloc_usable_size_r
                0x200072c4       0x1c c:/isis/application/toolchain/bin/../lib/gcc/arm-none-eabi/4.7.4/../../../../arm-none-eabi/lib\libc_s.a(lib_a-msizer.o)
                0x200072c4                _malloc_usable_size_r
 .text.GetChunkFromImage
                0x200072e0      0x2e0 ./src/sub-systemCode/payload/Request Management/Dump/Butchering.o
                0x200072e0                GetChunkFromImage
 .text.SimpleButcher
                0x200075c0       0xf4 ./src/sub-systemCode/payload/Request Management/Dump/Butchering.o
                0x200075c0                SimpleButcher
 .text.readChunkDimentionsFromFRAM
                0x200076b4       0x80 ./src/sub-systemCode/payload/Request Management/Dump/imageDump.o
                0x200076b4                readChunkDimentionsFromFRAM
 .text.setChunkDimensions_inFRAM
                0x20007734      0x10c ./src/sub-systemCode/payload/Request Management/Dump/imageDump.o
                0x20007734                setChunkDimensions_inFRAM
 .text.find_subType_ofImage
                0x20007840       0xe0 ./src/sub-systemCode/payload/Request Management/Dump/imageDump.o
                0x20007840                find_subType_ofImage
 .text.buildAndSend_chunck
                0x20007920      0x320 ./src/sub-systemCode/payload/Request Management/Dump/imageDump.o
                0x20007920                buildAndSend_chunck
 .text.bitField_imageDump
                0x20007c40      0x2f0 ./src/sub-systemCode/payload/Request Management/Dump/imageDump.o
                0x20007c40                bitField_imageDump
 .text.imageDataBase_Dump
                0x20007f30      0x104 ./src/sub-systemCode/payload/Request Management/Dump/imageDump.o
                0x20007f30                imageDataBase_Dump
 .text.chunkField_imageDump
                0x20008034      0x290 ./src/sub-systemCode/payload/Request Management/Dump/imageDump.o
                0x20008034                chunkField_imageDump
 .text.imageDump_task
                0x200082c4      0x3f4 ./src/sub-systemCode/payload/Request Management/Dump/imageDump.o
                0x200082c4                imageDump_task
 .text.CameraManagerTaskMain
                0x200086b8      0x120 ./src/sub-systemCode/payload/Request Management/CameraManeger.o
                0x200086b8                CameraManagerTaskMain
 .text.initCamera
                0x200087d8       0xa4 ./src/sub-systemCode/payload/Request Management/CameraManeger.o
                0x200087d8                initCamera
 .text.KickStartCamera
                0x2000887c       0xb4 ./src/sub-systemCode/payload/Request Management/CameraManeger.o
                0x2000887c                KickStartCamera
 .text.addRequestToQueue
                0x20008930       0xa8 ./src/sub-systemCode/payload/Request Management/CameraManeger.o
                0x20008930                addRequestToQueue
 .text.removeRequestFromQueue
                0x200089d8       0x7c ./src/sub-systemCode/payload/Request Management/CameraManeger.o
                0x200089d8                removeRequestFromQueue
 .text.Take_pictures_with_time_in_between
                0x20008a54       0xb8 ./src/sub-systemCode/payload/Request Management/CameraManeger.o
                0x20008a54                Take_pictures_with_time_in_between
 .text.Gecko_TroubleShooter
                0x20008b0c       0xdc ./src/sub-systemCode/payload/Request Management/CameraManeger.o
                0x20008b0c                Gecko_TroubleShooter
 .text.startDumpTask
                0x20008be8       0x70 ./src/sub-systemCode/payload/Request Management/CameraManeger.o
                0x20008be8                startDumpTask
 .text.act_upon_request
                0x20008c58      0x3d4 ./src/sub-systemCode/payload/Request Management/CameraManeger.o
                0x20008c58                act_upon_request
 .text.TakePicture
                0x2000902c       0x4c ./src/sub-systemCode/payload/Request Management/DB_RequestHandling.o
                0x2000902c                TakePicture
 .text.TakeSpecialPicture
                0x20009078      0x104 ./src/sub-systemCode/payload/Request Management/DB_RequestHandling.o
                0x20009078                TakeSpecialPicture
 .text.DeletePictureFile
                0x2000917c       0x88 ./src/sub-systemCode/payload/Request Management/DB_RequestHandling.o
                0x2000917c                DeletePictureFile
 .text.DeletePicture
                0x20009204       0x6c ./src/sub-systemCode/payload/Request Management/DB_RequestHandling.o
                0x20009204                DeletePicture
 .text.TransferPicture
                0x20009270       0x54 ./src/sub-systemCode/payload/Request Management/DB_RequestHandling.o
                0x20009270                TransferPicture
 .text.CreateThumbnail
                0x200092c4       0x80 ./src/sub-systemCode/payload/Request Management/DB_RequestHandling.o
                0x200092c4                CreateThumbnail
 .text.CreateJPG
                0x20009344       0x7c ./src/sub-systemCode/payload/Request Management/DB_RequestHandling.o
                0x20009344                CreateJPG
 .text.UpdatePhotographyValues
                0x200093c0       0xb4 ./src/sub-systemCode/payload/Request Management/DB_RequestHandling.o
                0x200093c0                UpdatePhotographyValues
 .text.setChunkDimensions
                0x20009474       0x64 ./src/sub-systemCode/payload/Request Management/DB_RequestHandling.o
                0x20009474                setChunkDimensions
 .text.convert2char
                0x200094d8      0x14c ./src/sub-systemCode/payload/Misc/Boolean_bit.o
                0x200094d8                convert2char
 .text.convert2byte
                0x20009624      0x1c8 ./src/sub-systemCode/payload/Misc/Boolean_bit.o
                0x20009624                convert2byte
 .text.bits2byte
                0x200097ec      0x17c ./src/sub-systemCode/payload/Misc/Boolean_bit.o
                0x200097ec                bits2byte
 .text.byte2bits
                0x20009968      0x17c ./src/sub-systemCode/payload/Misc/Boolean_bit.o
                0x20009968                byte2bits
 .text.char2bits
                0x20009ae4       0x44 ./src/sub-systemCode/payload/Misc/Boolean_bit.o
                0x20009ae4                char2bits
 .text.bits2char
                0x20009b28       0x3c ./src/sub-systemCode/payload/Misc/Boolean_bit.o
                0x20009b28                bits2char
 .text.ReadFromFile
                0x20009b64       0x6c ./src/sub-systemCode/payload/Misc/FileSystem.o
                0x20009b64                ReadFromFile
 .text.WriteToFile
                0x20009bd0       0x74 ./src/sub-systemCode/payload/Misc/FileSystem.o
                0x20009bd0                WriteToFile
 .text.Initialized_GPIO
                0x20009c44       0x54 ./src/sub-systemCode/payload/Drivers/GeckoCameraDriver.o
                0x20009c44                Initialized_GPIO
 .text.TurnOnGecko
                0x20009c98      0x140 ./src/sub-systemCode/payload/Drivers/GeckoCameraDriver.o
                0x20009c98                TurnOnGecko
 .text.TurnOffGecko
                0x20009dd8       0xd8 ./src/sub-systemCode/payload/Drivers/GeckoCameraDriver.o
                0x20009dd8                TurnOffGecko
 .text.initGecko
                0x20009eb0       0x3c ./src/sub-systemCode/payload/Drivers/GeckoCameraDriver.o
                0x20009eb0                initGecko
 .text.GECKO_TakeImage
                0x20009eec      0x2f4 ./src/sub-systemCode/payload/Drivers/GeckoCameraDriver.o
                0x20009eec                GECKO_TakeImage
 .text.GECKO_ReadImage
                0x2000a1e0      0x234 ./src/sub-systemCode/payload/Drivers/GeckoCameraDriver.o
                0x2000a1e0                GECKO_ReadImage
 .text.GECKO_EraseBlock
                0x2000a414       0xf0 ./src/sub-systemCode/payload/Drivers/GeckoCameraDriver.o
                0x2000a414                GECKO_EraseBlock
 .text.getFileName
                0x2000a504      0x1a0 ./src/sub-systemCode/payload/DataBase/DataBase.o
 .text.zeroImageDataBase
                0x2000a6a4       0xfc ./src/sub-systemCode/payload/DataBase/DataBase.o
                0x2000a6a4                zeroImageDataBase
 .text.updateGeneralDataBaseParameters
                0x2000a7a0       0x5c ./src/sub-systemCode/payload/DataBase/DataBase.o
                0x2000a7a0                updateGeneralDataBaseParameters
 .text.SearchDataBase_byID
                0x2000a7fc      0x220 ./src/sub-systemCode/payload/DataBase/DataBase.o
                0x2000a7fc                SearchDataBase_byID
 .text.SearchDataBase_byMark
                0x2000aa1c       0xa4 ./src/sub-systemCode/payload/DataBase/DataBase.o
                0x2000aa1c                SearchDataBase_byMark
 .text.checkForFileType
                0x2000aac0       0x68 ./src/sub-systemCode/payload/DataBase/DataBase.o
                0x2000aac0                checkForFileType
 .text.updateFileTypes
                0x2000ab28       0xbc ./src/sub-systemCode/payload/DataBase/DataBase.o
                0x2000ab28                updateFileTypes
 .text.GetImageFactor
                0x2000abe4       0x58 ./src/sub-systemCode/payload/DataBase/DataBase.o
                0x2000abe4                GetImageFactor
 .text.readImageFromBuffer
                0x2000ac3c      0x12c ./src/sub-systemCode/payload/DataBase/DataBase.o
                0x2000ac3c                readImageFromBuffer
 .text.saveImageToBuffer
                0x2000ad68      0x12c ./src/sub-systemCode/payload/DataBase/DataBase.o
                0x2000ad68                saveImageToBuffer
 .text.getLatestID
                0x2000ae94       0x48 ./src/sub-systemCode/payload/DataBase/DataBase.o
                0x2000ae94                getLatestID
 .text.getDataBaseStart
                0x2000aedc       0x20 ./src/sub-systemCode/payload/DataBase/DataBase.o
                0x2000aedc                getDataBaseStart
 .text.setDataBaseValues
                0x2000aefc      0x1d8 ./src/sub-systemCode/payload/DataBase/DataBase.o
                0x2000aefc                setDataBaseValues
 .text.initImageDataBase
                0x2000b0d4      0x1b0 ./src/sub-systemCode/payload/DataBase/DataBase.o
                0x2000b0d4                initImageDataBase
 .text.resetImageDataBase
                0x2000b284       0x98 ./src/sub-systemCode/payload/DataBase/DataBase.o
                0x2000b284                resetImageDataBase
 .text.setCameraPhotographyValues
                0x2000b31c      0x10c ./src/sub-systemCode/payload/DataBase/DataBase.o
                0x2000b31c                setCameraPhotographyValues
 .text.transferImageToSD_withoutSearch
                0x2000b428      0x15c ./src/sub-systemCode/payload/DataBase/DataBase.o
                0x2000b428                transferImageToSD_withoutSearch
 .text.transferImageToSD
                0x2000b584       0xb4 ./src/sub-systemCode/payload/DataBase/DataBase.o
                0x2000b584                transferImageToSD
 .text.DeleteImageFromOBC_withoutSearch
                0x2000b638       0xe0 ./src/sub-systemCode/payload/DataBase/DataBase.o
                0x2000b638                DeleteImageFromOBC_withoutSearch
 .text.DeleteImageFromOBC
                0x2000b718       0xb4 ./src/sub-systemCode/payload/DataBase/DataBase.o
                0x2000b718                DeleteImageFromOBC
 .text.DeleteImageFromPayload
                0x2000b7cc      0x25c ./src/sub-systemCode/payload/DataBase/DataBase.o
                0x2000b7cc                DeleteImageFromPayload
 .text.clearImageDataBase
                0x2000ba28      0x114 ./src/sub-systemCode/payload/DataBase/DataBase.o
                0x2000ba28                clearImageDataBase
 .text.handleMarkedPictures
                0x2000bb3c      0x1dc ./src/sub-systemCode/payload/DataBase/DataBase.o
                0x2000bb3c                handleMarkedPictures
 .text.writeNewImageMetaDataToFRAM
                0x2000bd18      0x234 ./src/sub-systemCode/payload/DataBase/DataBase.o
                0x2000bd18                writeNewImageMetaDataToFRAM
 .text.takePicture
                0x2000bf4c      0x370 ./src/sub-systemCode/payload/DataBase/DataBase.o
                0x2000bf4c                takePicture
 .text.takePicture_withSpecialParameters
                0x2000c2bc       0xbc ./src/sub-systemCode/payload/DataBase/DataBase.o
                0x2000c2bc                takePicture_withSpecialParameters
 .text.GetImageFileName
                0x2000c378       0xc0 ./src/sub-systemCode/payload/DataBase/DataBase.o
                0x2000c378                GetImageFileName
 .text.getDataBaseSize
                0x2000c438       0x20 ./src/sub-systemCode/payload/DataBase/DataBase.o
                0x2000c438                getDataBaseSize
 .text.getImageDataBaseBuffer
                0x2000c458      0x240 ./src/sub-systemCode/payload/DataBase/DataBase.o
                0x2000c458                getImageDataBaseBuffer
 .text.TransformRawToBMP
                0x2000c698      0x1e0 ./src/sub-systemCode/payload/Compression/jpeg/bmp/rawToBMP.o
                0x2000c698                TransformRawToBMP
 .text.interpolate
                0x2000c878      0x8d0 ./src/sub-systemCode/payload/Compression/jpeg/bmp/rawToBMP.o
                0x2000c878                interpolate
 .text.getInputAt
                0x2000d148      0x308 ./src/sub-systemCode/payload/Compression/jpeg/bmp/rawToBMP.o
                0x2000d148                getInputAt
 .text.f_writeF_FILEHeader
                0x2000d450      0x2f0 ./src/sub-systemCode/payload/Compression/jpeg/bmp/rawToBMP.o
                0x2000d450                f_writeF_FILEHeader
 .text.f_writeOutputRow
                0x2000d740       0xbc ./src/sub-systemCode/payload/Compression/jpeg/bmp/rawToBMP.o
                0x2000d740                f_writeOutputRow
 .text.dct      0x2000d7fc      0x9c4 ./src/sub-systemCode/payload/Compression/jpeg/DCT.o
                0x2000d7fc                dct
 .text.JPEG_compressor
                0x2000e1c0       0xfc ./src/sub-systemCode/payload/Compression/jpeg/ImgCompressor.o
                0x2000e1c0                JPEG_compressor
 .text.Create_BMP_File
                0x2000e2bc       0xf4 ./src/sub-systemCode/payload/Compression/jpeg/ImgCompressor.o
                0x2000e2bc                Create_BMP_File
 .text.CompressImage
                0x2000e3b0      0x1cc ./src/sub-systemCode/payload/Compression/jpeg/ImgCompressor.o
                0x2000e3b0                CompressImage
 .text.clamp    0x2000e57c       0x60 ./src/sub-systemCode/payload/Compression/jpeg/color_conv.o
                0x2000e57c                clamp
 .text.RGB_to_YCC
                0x2000e5dc      0x1a8 ./src/sub-systemCode/payload/Compression/jpeg/color_conv.o
                0x2000e5dc                RGB_to_YCC
 .text.RGB_to_Y
                0x2000e784       0xc4 ./src/sub-systemCode/payload/Compression/jpeg/color_conv.o
                0x2000e784                RGB_to_Y
 .text.Y_to_YCC
                0x2000e848       0x88 ./src/sub-systemCode/payload/Compression/jpeg/color_conv.o
                0x2000e848                Y_to_YCC
 .text.compress_image_to_jpeg_file
                0x2000e8d0      0x1ac ./src/sub-systemCode/payload/Compression/jpeg/jpeg.o
                0x2000e8d0                compress_image_to_jpeg_file
 .text.emit_marker
                0x2000ea7c       0xc8 ./src/sub-systemCode/payload/Compression/jpeg/jpeg_encoder.o
                0x2000ea7c                emit_marker
 .text.emit_byte
                0x2000eb44       0x6c ./src/sub-systemCode/payload/Compression/jpeg/jpeg_encoder.o
                0x2000eb44                emit_byte
 .text.emit_word
                0x2000ebb0       0xd0 ./src/sub-systemCode/payload/Compression/jpeg/jpeg_encoder.o
                0x2000ebb0                emit_word
 .text.emit_jfif_app0
                0x2000ec80       0xc0 ./src/sub-systemCode/payload/Compression/jpeg/jpeg_encoder.o
                0x2000ec80                emit_jfif_app0
 .text.emit_dqt
                0x2000ed40       0xd8 ./src/sub-systemCode/payload/Compression/jpeg/jpeg_encoder.o
                0x2000ed40                emit_dqt
 .text.emit_sof
                0x2000ee18      0x14c ./src/sub-systemCode/payload/Compression/jpeg/jpeg_encoder.o
                0x2000ee18                emit_sof
 .text.emit_dht
                0x2000ef64      0x138 ./src/sub-systemCode/payload/Compression/jpeg/jpeg_encoder.o
                0x2000ef64                emit_dht
 .text.emit_dhts
                0x2000f09c       0xd8 ./src/sub-systemCode/payload/Compression/jpeg/jpeg_encoder.o
                0x2000f09c                emit_dhts
 .text.emit_sos
                0x2000f174       0xec ./src/sub-systemCode/payload/Compression/jpeg/jpeg_encoder.o
                0x2000f174                emit_sos
 .text.emit_markers
                0x2000f260       0x4c ./src/sub-systemCode/payload/Compression/jpeg/jpeg_encoder.o
                0x2000f260                emit_markers
 .text.compute_huffman_table
                0x2000f2ac      0x334 ./src/sub-systemCode/payload/Compression/jpeg/jpeg_encoder.o
                0x2000f2ac                compute_huffman_table
 .text.compute_quant_table
                0x2000f5e0      0x11c ./src/sub-systemCode/payload/Compression/jpeg/jpeg_encoder.o
                0x2000f5e0                compute_quant_table
 .text.first_pass_init
                0x2000f6fc       0x54 ./src/sub-systemCode/payload/Compression/jpeg/jpeg_encoder.o
                0x2000f6fc                first_pass_init
 .text.second_pass_init
                0x2000f750      0x110 ./src/sub-systemCode/payload/Compression/jpeg/jpeg_encoder.o
                0x2000f750                second_pass_init
 .text.jpg_open
                0x2000f860      0x7b4 ./src/sub-systemCode/payload/Compression/jpeg/jpeg_encoder.o
                0x2000f860                jpg_open
 .text.load_block_8_8_grey
                0x20010014      0x164 ./src/sub-systemCode/payload/Compression/jpeg/jpeg_encoder.o
                0x20010014                load_block_8_8_grey
 .text.load_block_8_8
                0x20010178      0x198 ./src/sub-systemCode/payload/Compression/jpeg/jpeg_encoder.o
                0x20010178                load_block_8_8
 .text.load_block_16_8
                0x20010310      0x3cc ./src/sub-systemCode/payload/Compression/jpeg/jpeg_encoder.o
                0x20010310                load_block_16_8
 .text.load_block_16_8_8
                0x200106dc      0x2a8 ./src/sub-systemCode/payload/Compression/jpeg/jpeg_encoder.o
                0x200106dc                load_block_16_8_8
 .text.load_coefficients
                0x20010984      0x1c8 ./src/sub-systemCode/payload/Compression/jpeg/jpeg_encoder.o
                0x20010984                load_coefficients
 .text.flush_output_buffer
                0x20010b4c       0xa0 ./src/sub-systemCode/payload/Compression/jpeg/jpeg_encoder.o
                0x20010b4c                flush_output_buffer
 .text.put_bits
                0x20010bec      0x170 ./src/sub-systemCode/payload/Compression/jpeg/jpeg_encoder.o
                0x20010bec                put_bits
 .text.code_coefficients_pass_two
                0x20010d5c      0x338 ./src/sub-systemCode/payload/Compression/jpeg/jpeg_encoder.o
                0x20010d5c                code_coefficients_pass_two
 .text.code_block
                0x20011094       0x44 ./src/sub-systemCode/payload/Compression/jpeg/jpeg_encoder.o
                0x20011094                code_block
 .text.process_mcu_row
                0x200110d8      0x328 ./src/sub-systemCode/payload/Compression/jpeg/jpeg_encoder.o
                0x200110d8                process_mcu_row
 .text.terminate_pass_two
                0x20011400       0x44 ./src/sub-systemCode/payload/Compression/jpeg/jpeg_encoder.o
                0x20011400                terminate_pass_two
 .text.process_end_of_image
                0x20011444       0xc0 ./src/sub-systemCode/payload/Compression/jpeg/jpeg_encoder.o
                0x20011444                process_end_of_image
 .text.load_mcu
                0x20011504      0x29c ./src/sub-systemCode/payload/Compression/jpeg/jpeg_encoder.o
                0x20011504                load_mcu
 .text.clear    0x200117a0      0x1e0 ./src/sub-systemCode/payload/Compression/jpeg/jpeg_encoder.o
                0x200117a0                clear
 .text.init     0x20011980       0xe4 ./src/sub-systemCode/payload/Compression/jpeg/jpeg_encoder.o
                0x20011980                init
 .text.deinit   0x20011a64      0x160 ./src/sub-systemCode/payload/Compression/jpeg/jpeg_encoder.o
                0x20011a64                deinit
 .text.process_scanline
                0x20011bc4       0x6c ./src/sub-systemCode/payload/Compression/jpeg/jpeg_encoder.o
                0x20011bc4                process_scanline
 .text.jpge_malloc
                0x20011c30       0x28 ./src/sub-systemCode/payload/Compression/jpeg/jpeg_memory_alloc.o
                0x20011c30                jpge_malloc
 .text.jpge_cmalloc
                0x20011c58       0x48 ./src/sub-systemCode/payload/Compression/jpeg/jpeg_memory_alloc.o
                0x20011c58                jpge_cmalloc
 .text.jpge_free
                0x20011ca0       0x24 ./src/sub-systemCode/payload/Compression/jpeg/jpeg_memory_alloc.o
                0x20011ca0                jpge_free
 .text.check    0x20011cc4       0x78 ./src/sub-systemCode/payload/Compression/jpeg/jpeg_params.o
                0x20011cc4                check
 .text.open_jpeg_file
                0x20011d3c       0xfc ./src/sub-systemCode/payload/Compression/jpeg/output_stream.o
                0x20011d3c                open_jpeg_file
 .text.close_jpeg_file
                0x20011e38      0x118 ./src/sub-systemCode/payload/Compression/jpeg/output_stream.o
                0x20011e38                close_jpeg_file
 .text.put_buf  0x20011f50      0x258 ./src/sub-systemCode/payload/Compression/jpeg/output_stream.o
                0x20011f50                put_buf
 .text.GetBayerPixel
                0x200121a8       0xe8 ./src/sub-systemCode/payload/Compression/ImageConversion.o
 .text.BinImage
                0x20012290      0x2c8 ./src/sub-systemCode/payload/Compression/ImageConversion.o
                0x20012290                BinImage
 .text.ImageSkipping
                0x20012558      0x2ac ./src/sub-systemCode/payload/Compression/ImageConversion.o
                0x20012558                ImageSkipping
 .text.CreateImageThumbnail_withoutSearch
                0x20012804      0x14c ./src/sub-systemCode/payload/Compression/ImageConversion.o
                0x20012804                CreateImageThumbnail_withoutSearch
 .text.CreateImageThumbnail
                0x20012950       0x94 ./src/sub-systemCode/payload/Compression/ImageConversion.o
                0x20012950                CreateImageThumbnail
 .text.compressImage
                0x200129e4      0x17c ./src/sub-systemCode/payload/Compression/ImageConversion.o
                0x200129e4                compressImage
 .text.cmd_mute
                0x20012b60       0xc4 ./src/sub-systemCode/Main/CMD/COMM_CMD.o
                0x20012b60                cmd_mute
 .text.cmd_unmute
                0x20012c24       0x4c ./src/sub-systemCode/Main/CMD/COMM_CMD.o
                0x20012c24                cmd_unmute
 .text.cmd_active_trans
                0x20012c70       0xc0 ./src/sub-systemCode/Main/CMD/COMM_CMD.o
                0x20012c70                cmd_active_trans
 .text.cmd_shut_trans
                0x20012d30       0x38 ./src/sub-systemCode/Main/CMD/COMM_CMD.o
                0x20012d30                cmd_shut_trans
 .text.cmd_change_trans_rssi
                0x20012d68      0x100 ./src/sub-systemCode/Main/CMD/COMM_CMD.o
                0x20012d68                cmd_change_trans_rssi
 .text.cmd_aprs_dump
                0x20012e68       0x50 ./src/sub-systemCode/Main/CMD/COMM_CMD.o
                0x20012e68                cmd_aprs_dump
 .text.cmd_stop_dump
                0x20012eb8       0x38 ./src/sub-systemCode/Main/CMD/COMM_CMD.o
                0x20012eb8                cmd_stop_dump
 .text.cmd_time_frequency
                0x20012ef0       0xc0 ./src/sub-systemCode/Main/CMD/COMM_CMD.o
                0x20012ef0                cmd_time_frequency
 .text.cmd_change_def_bit_rate
                0x20012fb0      0x158 ./src/sub-systemCode/Main/CMD/COMM_CMD.o
                0x20012fb0                cmd_change_def_bit_rate
 .text.cmd_upload_volt_logic
                0x20013108      0x334 ./src/sub-systemCode/Main/CMD/EPS_CMD.o
                0x20013108                cmd_upload_volt_logic
 .text.cmd_upload_volt_COMM
                0x2001343c      0x1c8 ./src/sub-systemCode/Main/CMD/EPS_CMD.o
                0x2001343c                cmd_upload_volt_COMM
 .text.cmd_heater_temp
                0x20013604       0xc0 ./src/sub-systemCode/Main/CMD/EPS_CMD.o
                0x20013604                cmd_heater_temp
 .text.cmd_SHUT_CAM
                0x200136c4       0x6c ./src/sub-systemCode/Main/CMD/EPS_CMD.o
                0x200136c4                cmd_SHUT_CAM
 .text.cmd_SHUT_ADCS
                0x20013730       0x6c ./src/sub-systemCode/Main/CMD/EPS_CMD.o
                0x20013730                cmd_SHUT_ADCS
 .text.cmd_allow_CAM
                0x2001379c       0x6c ./src/sub-systemCode/Main/CMD/EPS_CMD.o
                0x2001379c                cmd_allow_CAM
 .text.cmd_allow_ADCS
                0x20013808       0x6c ./src/sub-systemCode/Main/CMD/EPS_CMD.o
                0x20013808                cmd_allow_ADCS
 .text.cmd_update_alpha
                0x20013874       0xfc ./src/sub-systemCode/Main/CMD/EPS_CMD.o
                0x20013874                cmd_update_alpha
 .text.cmd_generic_I2C
                0x20013970       0xb4 ./src/sub-systemCode/Main/CMD/General_CMD.o
                0x20013970                cmd_generic_I2C
 .text.cmd_dump
                0x20013a24       0xf0 ./src/sub-systemCode/Main/CMD/General_CMD.o
                0x20013a24                cmd_dump
 .text.cmd_delete_TM
                0x20013b14      0x230 ./src/sub-systemCode/Main/CMD/General_CMD.o
                0x20013b14                cmd_delete_TM
 .text.cmd_reset_file
                0x20013d44      0x118 ./src/sub-systemCode/Main/CMD/General_CMD.o
                0x20013d44                cmd_reset_file
 .text.cmd_dummy_func
                0x20013e5c       0x40 ./src/sub-systemCode/Main/CMD/General_CMD.o
                0x20013e5c                cmd_dummy_func
 .text.cmd_reset_TLM_SD
                0x20013e9c       0x4c ./src/sub-systemCode/Main/CMD/General_CMD.o
                0x20013e9c                cmd_reset_TLM_SD
 .text.cmd_soft_reset_cmponent
                0x20013ee8       0xac ./src/sub-systemCode/Main/CMD/General_CMD.o
                0x20013ee8                cmd_soft_reset_cmponent
 .text.cmd_hard_reset_cmponent
                0x20013f94       0xac ./src/sub-systemCode/Main/CMD/General_CMD.o
                0x20013f94                cmd_hard_reset_cmponent
 .text.cmd_reset_satellite
                0x20014040       0x78 ./src/sub-systemCode/Main/CMD/General_CMD.o
                0x20014040                cmd_reset_satellite
 .text.cmd_gracefull_reset_satellite
                0x200140b8       0x78 ./src/sub-systemCode/Main/CMD/General_CMD.o
                0x200140b8                cmd_gracefull_reset_satellite
 .text.cmd_upload_time
                0x20014130       0xb0 ./src/sub-systemCode/Main/CMD/General_CMD.o
                0x20014130                cmd_upload_time
 .text.cmd_ARM_DIARM
                0x200141e0       0xd4 ./src/sub-systemCode/Main/CMD/General_CMD.o
                0x200141e0                cmd_ARM_DIARM
 .text.cmd_get_onlineTM
                0x200142b4      0x148 ./src/sub-systemCode/Main/CMD/General_CMD.o
                0x200142b4                cmd_get_onlineTM
 .text.cmd_reset_off_line
                0x200143fc       0x68 ./src/sub-systemCode/Main/CMD/General_CMD.o
                0x200143fc                cmd_reset_off_line
 .text.cmd_add_item_off_line
                0x20014464       0xf4 ./src/sub-systemCode/Main/CMD/General_CMD.o
                0x20014464                cmd_add_item_off_line
 .text.cmd_delete_item_off_line
                0x20014558       0x98 ./src/sub-systemCode/Main/CMD/General_CMD.o
                0x20014558                cmd_delete_item_off_line
 .text.cmd_get_off_line_setting
                0x200145f0      0x108 ./src/sub-systemCode/Main/CMD/General_CMD.o
                0x200145f0                cmd_get_off_line_setting
 .text.cmd_reset_delayed_command_list
                0x200146f8       0x3c ./src/sub-systemCode/Main/CMD/SW_CMD.o
                0x200146f8                cmd_reset_delayed_command_list
 .text.cmd_reset_APRS_list
                0x20014734       0x3c ./src/sub-systemCode/Main/CMD/SW_CMD.o
                0x20014734                cmd_reset_APRS_list
 .text.cmd_reset_FRAM
                0x20014770       0xe8 ./src/sub-systemCode/Main/CMD/SW_CMD.o
                0x20014770                cmd_reset_FRAM
 .text.ARM_ants
                0x20014858       0xb8 ./src/sub-systemCode/Main/Ants.o
                0x20014858                ARM_ants
 .text.DISARM_ants
                0x20014910       0xb8 ./src/sub-systemCode/Main/Ants.o
                0x20014910                DISARM_ants
 .text.round_vol
                0x200149c8      0x124 ./src/sub-systemCode/Main/EPS.o
                0x200149c8                round_vol
 .text.get_shut_ADCS
                0x20014aec       0x48 ./src/sub-systemCode/Main/EPS.o
                0x20014aec                get_shut_ADCS
 .text.shut_ADCS
                0x20014b34       0x44 ./src/sub-systemCode/Main/EPS.o
                0x20014b34                shut_ADCS
 .text.get_shut_CAM
                0x20014b78       0x48 ./src/sub-systemCode/Main/EPS.o
                0x20014b78                get_shut_CAM
 .text.shut_CAM
                0x20014bc0       0x44 ./src/sub-systemCode/Main/EPS.o
                0x20014bc0                shut_CAM
 .text.update_powerLines
                0x20014c04       0xec ./src/sub-systemCode/Main/EPS.o
                0x20014c04                update_powerLines
 .text.get_EPS_mode_t
                0x20014cf0       0x24 ./src/sub-systemCode/Main/EPS.o
                0x20014cf0                get_EPS_mode_t
 .text.init_enterMode
                0x20014d14       0x88 ./src/sub-systemCode/Main/EPS.o
                0x20014d14                init_enterMode
 .text.EPS_Init
                0x20014d9c      0x1dc ./src/sub-systemCode/Main/EPS.o
                0x20014d9c                EPS_Init
 .text.reset_FRAM_EPS
                0x20014f78       0xe0 ./src/sub-systemCode/Main/EPS.o
                0x20014f78                reset_FRAM_EPS
 .text.reset_EPS_voltages
                0x20015058       0xbc ./src/sub-systemCode/Main/EPS.o
                0x20015058                reset_EPS_voltages
 .text.battery_downward
                0x20015114      0x114 ./src/sub-systemCode/Main/EPS.o
                0x20015114                battery_downward
 .text.battery_upward
                0x20015228      0x120 ./src/sub-systemCode/Main/EPS.o
                0x20015228                battery_upward
 .text.EPS_Conditioning
                0x20015348      0x244 ./src/sub-systemCode/Main/EPS.o
                0x20015348                EPS_Conditioning
 .text.overRide_ADCS
                0x2001558c       0x50 ./src/sub-systemCode/Main/EPS.o
                0x2001558c                overRide_ADCS
 .text.overRide_Camera
                0x200155dc       0x38 ./src/sub-systemCode/Main/EPS.o
                0x200155dc                overRide_Camera
 .text.EnterFullMode
                0x20015614       0xfc ./src/sub-systemCode/Main/EPS.o
                0x20015614                EnterFullMode
 .text.EnterCruiseMode
                0x20015710       0xec ./src/sub-systemCode/Main/EPS.o
                0x20015710                EnterCruiseMode
 .text.EnterSafeMode
                0x200157fc       0xec ./src/sub-systemCode/Main/EPS.o
                0x200157fc                EnterSafeMode
 .text.EnterCriticalMode
                0x200158e8       0xd8 ./src/sub-systemCode/Main/EPS.o
                0x200158e8                EnterCriticalMode
 .text.check_EPSTableCorrection
                0x200159c0      0x120 ./src/sub-systemCode/Main/EPS.o
                0x200159c0                check_EPSTableCorrection
 .text.save_ACK
                0x20015ae0      0x11c ./src/sub-systemCode/Main/HouseKeeping.o
                0x20015ae0                save_ACK
 .text.set_GP_EPS
                0x20015bfc      0x10c ./src/sub-systemCode/Main/HouseKeeping.o
                0x20015bfc                set_GP_EPS
 .text.set_GP_COMM
                0x20015d08       0x88 ./src/sub-systemCode/Main/HouseKeeping.o
                0x20015d08                set_GP_COMM
 .text.SP_HK_collect
                0x20015d90      0x17c ./src/sub-systemCode/Main/HouseKeeping.o
                0x20015d90                SP_HK_collect
 .text.EPS_HK_collect
                0x20015f0c      0x4f8 ./src/sub-systemCode/Main/HouseKeeping.o
                0x20015f0c                EPS_HK_collect
 .text.CAM_HK_collect
                0x20016404      0x91c ./src/sub-systemCode/Main/HouseKeeping.o
                0x20016404                CAM_HK_collect
 .text.COMM_HK_collect
                0x20016d20      0x20c ./src/sub-systemCode/Main/HouseKeeping.o
                0x20016d20                COMM_HK_collect
 .text.FS_HK_collect
                0x20016f2c      0x18c ./src/sub-systemCode/Main/HouseKeeping.o
                0x20016f2c                FS_HK_collect
 .text.HK_find_fileName
                0x200170b8       0xd0 ./src/sub-systemCode/Main/HouseKeeping.o
                0x200170b8                HK_find_fileName
 .text.HK_findElementSize
                0x20017188       0x7c ./src/sub-systemCode/Main/HouseKeeping.o
                0x20017188                HK_findElementSize
 .text.build_HK_spl_packet
                0x20017204      0x150 ./src/sub-systemCode/Main/HouseKeeping.o
                0x20017204                build_HK_spl_packet
 .text.reset_FIRST_activation
                0x20017354       0x34 ./src/sub-systemCode/Main/Main_Init.o
                0x20017354                reset_FIRST_activation
 .text.test_menu
                0x20017388       0xb4 ./src/sub-systemCode/Main/Main_Init.o
                0x20017388                test_menu
 .text.numberOfRestarts
                0x2001743c       0x94 ./src/sub-systemCode/Main/Main_Init.o
                0x2001743c                numberOfRestarts
 .text.StartFRAM
                0x200174d0       0x38 ./src/sub-systemCode/Main/Main_Init.o
                0x200174d0                StartFRAM
 .text.StartI2C
                0x20017508       0x44 ./src/sub-systemCode/Main/Main_Init.o
                0x20017508                StartI2C
 .text.StartSPI
                0x2001754c       0x40 ./src/sub-systemCode/Main/Main_Init.o
                0x2001754c                StartSPI
 .text.StartTIME
                0x2001758c      0x118 ./src/sub-systemCode/Main/Main_Init.o
                0x2001758c                StartTIME
 .text.first_activation
                0x200176a4       0x7c ./src/sub-systemCode/Main/Main_Init.o
                0x200176a4                first_activation
 .text.InitSubsystems
                0x20017720       0x68 ./src/sub-systemCode/Main/Main_Init.o
                0x20017720                InitSubsystems
 .text.SubSystemTaskStart
                0x20017788       0xa8 ./src/sub-systemCode/Main/Main_Init.o
                0x20017788                SubSystemTaskStart
 .text.save_ACK_s
                0x20017830       0x5c ./src/sub-systemCode/Main/commands.o
                0x20017830                save_ACK_s
 .text.copy_command
                0x2001788c       0x80 ./src/sub-systemCode/Main/commands.o
                0x2001788c                copy_command
 .text.reset_command
                0x2001790c       0x28 ./src/sub-systemCode/Main/commands.o
                0x2001790c                reset_command
 .text.init_command
                0x20017934       0xd4 ./src/sub-systemCode/Main/commands.o
                0x20017934                init_command
 .text.add_command
                0x20017a08      0x118 ./src/sub-systemCode/Main/commands.o
                0x20017a08                add_command
 .text.get_command
                0x20017b20      0x1ac ./src/sub-systemCode/Main/commands.o
                0x20017b20                get_command
 .text.act_upon_command
                0x20017ccc      0x200 ./src/sub-systemCode/Main/commands.o
                0x20017ccc                act_upon_command
 .text.cmd_error
                0x20017ecc       0x38 ./src/sub-systemCode/Main/commands.o
                0x20017ecc                cmd_error
 .text.AUC_COMM
                0x20017f04      0x25c ./src/sub-systemCode/Main/commands.o
                0x20017f04                AUC_COMM
 .text.AUC_general
                0x20018160      0x48c ./src/sub-systemCode/Main/commands.o
                0x20018160                AUC_general
 .text.AUC_payload
                0x200185ec      0x204 ./src/sub-systemCode/Main/commands.o
                0x200185ec                AUC_payload
 .text.AUC_EPS  0x200187f0      0x28c ./src/sub-systemCode/Main/commands.o
                0x200187f0                AUC_EPS
 .text.AUC_ADCS
                0x20018a7c       0x5c ./src/sub-systemCode/Main/commands.o
                0x20018a7c                AUC_ADCS
 .text.AUC_SW   0x20018ad8       0xe4 ./src/sub-systemCode/Main/commands.o
                0x20018ad8                AUC_SW
 .text.AUC_onlineTM
                0x20018bbc      0x1ac ./src/sub-systemCode/Main/commands.o
                0x20018bbc                AUC_onlineTM
 .text.AUC_special_operation
                0x20018d68       0x8c ./src/sub-systemCode/Main/commands.o
                0x20018d68                AUC_special_operation
 .text.check_int
                0x20018df4       0x3c ./src/sub-systemCode/Global/Global.o
                0x20018df4                check_int
 .text.check_portBASE_TYPE
                0x20018e30       0x3c ./src/sub-systemCode/Global/Global.o
                0x20018e30                check_portBASE_TYPE
 .text.soft_reset_subsystem
                0x20018e6c       0xd8 ./src/sub-systemCode/Global/Global.o
                0x20018e6c                soft_reset_subsystem
 .text.hard_reset_subsystem
                0x20018f44      0x104 ./src/sub-systemCode/Global/Global.o
                0x20018f44                hard_reset_subsystem
 .text.BigEnE_raw_to_uInt
                0x20019048       0x94 ./src/sub-systemCode/Global/Global.o
                0x20019048                BigEnE_raw_to_uInt
 .text.BigEnE_raw_to_uShort
                0x200190dc       0x50 ./src/sub-systemCode/Global/Global.o
                0x200190dc                BigEnE_raw_to_uShort
 .text.BigEnE_uInt_to_raw
                0x2001912c       0x78 ./src/sub-systemCode/Global/Global.o
                0x2001912c                BigEnE_uInt_to_raw
 .text.reset_FRAM_MAIN
                0x200191a4      0x19c ./src/sub-systemCode/Global/Global.o
                0x200191a4                reset_FRAM_MAIN
 .text.getBitValueByIndex
                0x20019340       0xd0 ./src/sub-systemCode/Global/Global.o
                0x20019340                getBitValueByIndex
 .text.terminateTask
                0x20019410       0x18 ./src/sub-systemCode/Global/Global.o
                0x20019410                terminateTask
 .text.init_GP  0x20019428      0x300 ./src/sub-systemCode/Global/GlobalParam.o
                0x20019428                init_GP
 .text.get_system_state
                0x20019728      0x254 ./src/sub-systemCode/Global/GlobalParam.o
                0x20019728                get_system_state
 .text.set_system_state
                0x2001997c      0x284 ./src/sub-systemCode/Global/GlobalParam.o
                0x2001997c                set_system_state
 .text.get_systems_state_param
                0x20019c00       0x78 ./src/sub-systemCode/Global/GlobalParam.o
                0x20019c00                get_systems_state_param
 .text.get_current_global_param
                0x20019c78      0x5b4 ./src/sub-systemCode/Global/GlobalParam.o
                0x20019c78                get_current_global_param
 .text.set_Vbatt
                0x2001a22c       0x78 ./src/sub-systemCode/Global/GlobalParam.o
                0x2001a22c                set_Vbatt
 .text.get_Vbatt
                0x2001a2a4       0x78 ./src/sub-systemCode/Global/GlobalParam.o
                0x2001a2a4                get_Vbatt
 .text.set_curBat
                0x2001a31c       0x78 ./src/sub-systemCode/Global/GlobalParam.o
                0x2001a31c                set_curBat
 .text.set_cur3V3
                0x2001a394       0x78 ./src/sub-systemCode/Global/GlobalParam.o
                0x2001a394                set_cur3V3
 .text.set_cur5V
                0x2001a40c       0x78 ./src/sub-systemCode/Global/GlobalParam.o
                0x2001a40c                set_cur5V
 .text.set_tempComm_LO
                0x2001a484       0x78 ./src/sub-systemCode/Global/GlobalParam.o
                0x2001a484                set_tempComm_LO
 .text.set_tempComm_PA
                0x2001a4fc       0x78 ./src/sub-systemCode/Global/GlobalParam.o
                0x2001a4fc                set_tempComm_PA
 .text.set_tempEPS
                0x2001a574       0xb4 ./src/sub-systemCode/Global/GlobalParam.o
                0x2001a574                set_tempEPS
 .text.set_tempBatt
                0x2001a628       0xb4 ./src/sub-systemCode/Global/GlobalParam.o
                0x2001a628                set_tempBatt
 .text.set_RxDoppler
                0x2001a6dc       0x78 ./src/sub-systemCode/Global/GlobalParam.o
                0x2001a6dc                set_RxDoppler
 .text.set_RxRSSI
                0x2001a754       0x78 ./src/sub-systemCode/Global/GlobalParam.o
                0x2001a754                set_RxRSSI
 .text.set_TxRefl
                0x2001a7cc       0x78 ./src/sub-systemCode/Global/GlobalParam.o
                0x2001a7cc                set_TxRefl
 .text.set_TxForw
                0x2001a844       0x78 ./src/sub-systemCode/Global/GlobalParam.o
                0x2001a844                set_TxForw
 .text.get_ST   0x2001a8bc       0x78 ./src/sub-systemCode/Global/GlobalParam.o
                0x2001a8bc                get_ST
 .text.get_Attitude
                0x2001a934      0x114 ./src/sub-systemCode/Global/GlobalParam.o
                0x2001a934                get_Attitude
 .text.set_numOfAPRS
                0x2001aa48       0x78 ./src/sub-systemCode/Global/GlobalParam.o
                0x2001aa48                set_numOfAPRS
 .text.set_numOfDelayedCommand
                0x2001aac0       0x78 ./src/sub-systemCode/Global/GlobalParam.o
                0x2001aac0                set_numOfDelayedCommand
 .text.set_numOfResets
                0x2001ab38       0x98 ./src/sub-systemCode/Global/GlobalParam.o
                0x2001ab38                set_numOfResets
 .text.set_ground_conn
                0x2001abd0       0x8c ./src/sub-systemCode/Global/GlobalParam.o
                0x2001abd0                set_ground_conn
 .text.get_ground_conn
                0x2001ac5c       0x8c ./src/sub-systemCode/Global/GlobalParam.o
                0x2001ac5c                get_ground_conn
 .text.IsisAntS_getStatusData_sideA
                0x2001ace8       0x3c ./src/sub-systemCode/Global/OnlineTM.o
                0x2001ace8                IsisAntS_getStatusData_sideA
 .text.IsisAntS_getAlltelemetry_sideA
                0x2001ad24       0x3c ./src/sub-systemCode/Global/OnlineTM.o
                0x2001ad24                IsisAntS_getAlltelemetry_sideA
 .text.IsisAntS_getTemperature_sideA
                0x2001ad60       0x3c ./src/sub-systemCode/Global/OnlineTM.o
                0x2001ad60                IsisAntS_getTemperature_sideA
 .text.IsisAntS_getStatusData_sideB
                0x2001ad9c       0x3c ./src/sub-systemCode/Global/OnlineTM.o
                0x2001ad9c                IsisAntS_getStatusData_sideB
 .text.IsisAntS_getAlltelemetry_sideB
                0x2001add8       0x3c ./src/sub-systemCode/Global/OnlineTM.o
                0x2001add8                IsisAntS_getAlltelemetry_sideB
 .text.IsisAntS_getTemperature_sideB
                0x2001ae14       0x3c ./src/sub-systemCode/Global/OnlineTM.o
                0x2001ae14                IsisAntS_getTemperature_sideB
 .text.HK_collect_EPS
                0x2001ae50       0x30 ./src/sub-systemCode/Global/OnlineTM.o
                0x2001ae50                HK_collect_EPS
 .text.HK_collect_COMM
                0x2001ae80       0x30 ./src/sub-systemCode/Global/OnlineTM.o
                0x2001ae80                HK_collect_COMM
 .text.HK_collect_CAM
                0x2001aeb0       0x30 ./src/sub-systemCode/Global/OnlineTM.o
                0x2001aeb0                HK_collect_CAM
 .text.HK_collect_SP
                0x2001aee0       0x30 ./src/sub-systemCode/Global/OnlineTM.o
                0x2001aee0                HK_collect_SP
 .text.HK_collect_FS_A
                0x2001af10       0x34 ./src/sub-systemCode/Global/OnlineTM.o
                0x2001af10                HK_collect_FS_A
 .text.HK_collect_FS_B
                0x2001af44       0x34 ./src/sub-systemCode/Global/OnlineTM.o
                0x2001af44                HK_collect_FS_B
 .text.save_offlineSetting_FRAM
                0x2001af78      0x26c ./src/sub-systemCode/Global/OnlineTM.o
                0x2001af78                save_offlineSetting_FRAM
 .text.get_offlineSetting_FRAM
                0x2001b1e4       0x58 ./src/sub-systemCode/Global/OnlineTM.o
                0x2001b1e4                get_offlineSetting_FRAM
 .text.update_offlineSetting_FRAM
                0x2001b23c      0x360 ./src/sub-systemCode/Global/OnlineTM.o
                0x2001b23c                update_offlineSetting_FRAM
 .text.get_offlineSettingPacket
                0x2001b59c       0xc4 ./src/sub-systemCode/Global/OnlineTM.o
                0x2001b59c                get_offlineSettingPacket
 .text.get_item_by_index
                0x2001b660       0xdc ./src/sub-systemCode/Global/OnlineTM.o
                0x2001b660                get_item_by_index
 .text.get_pointer_item_by_index
                0x2001b73c       0x48 ./src/sub-systemCode/Global/OnlineTM.o
                0x2001b73c                get_pointer_item_by_index
 .text.init_onlineParam
                0x2001b784     0x2f10 ./src/sub-systemCode/Global/OnlineTM.o
                0x2001b784                init_onlineParam
 .text.reset_offline_TM_list
                0x2001e694      0x190 ./src/sub-systemCode/Global/OnlineTM.o
                0x2001e694                reset_offline_TM_list
 .text.get_online_packet
                0x2001e824      0x25c ./src/sub-systemCode/Global/OnlineTM.o
                0x2001e824                get_online_packet
 .text.save_onlineTM_param
                0x2001ea80      0x1b4 ./src/sub-systemCode/Global/OnlineTM.o
                0x2001ea80                save_onlineTM_param
 .text.add_onlineTM_param_to_save_list
                0x2001ec34      0x3d8 ./src/sub-systemCode/Global/OnlineTM.o
                0x2001ec34                add_onlineTM_param_to_save_list
 .text.delete_onlineTM_param_from_offline
                0x2001f00c      0x1a8 ./src/sub-systemCode/Global/OnlineTM.o
                0x2001f00c                delete_onlineTM_param_from_offline
 .text.save_onlineTM_logic
                0x2001f1b4      0x2bc ./src/sub-systemCode/Global/OnlineTM.o
                0x2001f1b4                save_onlineTM_logic
 .text.save_onlineTM_task
                0x2001f470       0xd8 ./src/sub-systemCode/Global/OnlineTM.o
                0x2001f470                save_onlineTM_task
 .text.delete_allTMFilesFromSD
                0x2001f548      0x14c ./src/sub-systemCode/Global/TLM_management.o
                0x2001f548                delete_allTMFilesFromSD
 .text.getNumOfFilesInFS
                0x2001f694       0x44 ./src/sub-systemCode/Global/TLM_management.o
 .text.setNumOfFilesInFS
                0x2001f6d8       0x50 ./src/sub-systemCode/Global/TLM_management.o
 .text.f_managed_enterFS
                0x2001f728       0x9c ./src/sub-systemCode/Global/TLM_management.o
                0x2001f728                f_managed_enterFS
 .text.f_managed_releaseFS
                0x2001f7c4       0x4c ./src/sub-systemCode/Global/TLM_management.o
                0x2001f7c4                f_managed_releaseFS
 .text.f_managed_open
                0x2001f810       0xe8 ./src/sub-systemCode/Global/TLM_management.o
                0x2001f810                f_managed_open
 .text.f_managed_close
                0x2001f8f8       0x80 ./src/sub-systemCode/Global/TLM_management.o
                0x2001f8f8                f_managed_close
 .text.createSemahores_FS
                0x2001f978       0x7c ./src/sub-systemCode/Global/TLM_management.o
                0x2001f978                createSemahores_FS
 .text.InitializeFS
                0x2001f9f4      0x1a8 ./src/sub-systemCode/Global/TLM_management.o
                0x2001f9f4                InitializeFS
 .text.c_fileCreate
                0x2001fb9c       0xf4 ./src/sub-systemCode/Global/TLM_management.o
                0x2001fb9c                c_fileCreate
 .text.writewithEpochtime
                0x2001fc90       0x94 ./src/sub-systemCode/Global/TLM_management.o
 .text.get_C_FILE_struct
                0x2001fd24      0x104 ./src/sub-systemCode/Global/TLM_management.o
 .text.getFileIndex
                0x2001fe28       0x64 ./src/sub-systemCode/Global/TLM_management.o
 .text.get_file_name_by_index
                0x2001fe8c       0x54 ./src/sub-systemCode/Global/TLM_management.o
                0x2001fe8c                get_file_name_by_index
 .text.c_fileReset
                0x2001fee0      0x140 ./src/sub-systemCode/Global/TLM_management.o
                0x2001fee0                c_fileReset
 .text.c_fileWrite
                0x20020020      0x168 ./src/sub-systemCode/Global/TLM_management.o
                0x20020020                c_fileWrite
 .text.deleteElementsFromFile
                0x20020188      0x188 ./src/sub-systemCode/Global/TLM_management.o
 .text.c_fileDeleteElements
                0x20020310      0x168 ./src/sub-systemCode/Global/TLM_management.o
                0x20020310                c_fileDeleteElements
 .text.c_fileRead
                0x20020478      0x2c8 ./src/sub-systemCode/Global/TLM_management.o
                0x20020478                c_fileRead
 .text.xSemaphoreGive_extended
                0x20020740       0x48 ./src/sub-systemCode/Global/freertosExtended.o
                0x20020740                xSemaphoreGive_extended
 .text.xSemaphoreTake_extended
                0x20020788       0x54 ./src/sub-systemCode/Global/freertosExtended.o
                0x20020788                xSemaphoreTake_extended
 .text.WriteLog
                0x200207dc       0x94 ./src/sub-systemCode/Global/logger.o
                0x200207dc                WriteLog
 .text.WritePayloadLog
                0x20020870       0x54 ./src/sub-systemCode/Global/logger.o
                0x20020870                WritePayloadLog
 .text.reset_APRS_list
                0x200208c4       0xa4 ./src/sub-systemCode/COMM/APRS.o
                0x200208c4                reset_APRS_list
 .text.send_APRS_Dump
                0x20020968      0x1c0 ./src/sub-systemCode/COMM/APRS.o
                0x20020968                send_APRS_Dump
 .text.get_APRS_list
                0x20020b28       0x88 ./src/sub-systemCode/COMM/APRS.o
                0x20020b28                get_APRS_list
 .text.find_CMD_in_list
                0x20020bb0       0x7c ./src/sub-systemCode/COMM/DelayedCommand_list.o
                0x20020bb0                find_CMD_in_list
 .text.find_empty_in_list
                0x20020c2c       0x74 ./src/sub-systemCode/COMM/DelayedCommand_list.o
                0x20020c2c                find_empty_in_list
 .text.check_delayCommandTime
                0x20020ca0       0x8c ./src/sub-systemCode/COMM/DelayedCommand_list.o
                0x20020ca0                check_delayCommandTime
 .text.execute_delayedCommand
                0x20020d2c       0x64 ./src/sub-systemCode/COMM/DelayedCommand_list.o
                0x20020d2c                execute_delayedCommand
 .text.check_delaycommand
                0x20020d90      0x17c ./src/sub-systemCode/COMM/DelayedCommand_list.o
                0x20020d90                check_delaycommand
 .text.reset_delayCommand
                0x20020f0c       0x8c ./src/sub-systemCode/COMM/DelayedCommand_list.o
                0x20020f0c                reset_delayCommand
 .text.add_delayCommand
                0x20020f98      0x1a4 ./src/sub-systemCode/COMM/DelayedCommand_list.o
                0x20020f98                add_delayCommand
 .text.get_delayCommand_list
                0x2002113c       0x80 ./src/sub-systemCode/COMM/DelayedCommand_list.o
                0x2002113c                get_delayCommand_list
 .text.EmptyOldestCommand
                0x200211bc       0xfc ./src/sub-systemCode/COMM/DelayedCommand_list.o
                0x200211bc                EmptyOldestCommand
 .text.decode_TCpacket
                0x200212b8      0x16c ./src/sub-systemCode/COMM/GSC.o
                0x200212b8                decode_TCpacket
 .text.encode_TCpacket
                0x20021424      0x114 ./src/sub-systemCode/COMM/GSC.o
                0x20021424                encode_TCpacket
 .text.encode_TMpacket
                0x20021538      0x104 ./src/sub-systemCode/COMM/GSC.o
                0x20021538                encode_TMpacket
 .text.build_raw_ACK
                0x2002163c       0xbc ./src/sub-systemCode/COMM/GSC.o
                0x2002163c                build_raw_ACK
 .text.build_data_field_ACK
                0x200216f8       0x74 ./src/sub-systemCode/COMM/GSC.o
                0x200216f8                build_data_field_ACK
 .text.update_FRAM_bitRate
                0x2002176c       0xd0 ./src/sub-systemCode/COMM/TRXVU.o
                0x2002176c                update_FRAM_bitRate
 .text.toggle_idle_state
                0x2002183c       0x94 ./src/sub-systemCode/COMM/TRXVU.o
                0x2002183c                toggle_idle_state
 .text.TRXVU_init_hardWare
                0x200218d0       0xac ./src/sub-systemCode/COMM/TRXVU.o
                0x200218d0                TRXVU_init_hardWare
 .text.TRXVU_init_softWare
                0x2002197c      0x100 ./src/sub-systemCode/COMM/TRXVU.o
                0x2002197c                TRXVU_init_softWare
 .text.init_trxvu
                0x20021a7c       0x14 ./src/sub-systemCode/COMM/TRXVU.o
                0x20021a7c                init_trxvu
 .text.TRXVU_task
                0x20021a90       0x9c ./src/sub-systemCode/COMM/TRXVU.o
                0x20021a90                TRXVU_task
 .text.dump_logic
                0x20021b2c      0x34c ./src/sub-systemCode/COMM/TRXVU.o
                0x20021b2c                dump_logic
 .text.Dump_task
                0x20021e78      0x17c ./src/sub-systemCode/COMM/TRXVU.o
                0x20021e78                Dump_task
 .text.transponder_logic
                0x20021ff4       0xbc ./src/sub-systemCode/COMM/TRXVU.o
                0x20021ff4                transponder_logic
 .text.Transponder_task
                0x200220b0      0x224 ./src/sub-systemCode/COMM/TRXVU.o
                0x200220b0                Transponder_task
 .text.lookForRequestToDelete_transponder
                0x200222d4       0xb4 ./src/sub-systemCode/COMM/TRXVU.o
                0x200222d4                lookForRequestToDelete_transponder
 .text.lookForRequestToDelete_dump
                0x20022388       0x78 ./src/sub-systemCode/COMM/TRXVU.o
                0x20022388                lookForRequestToDelete_dump
 .text.sendRequestToStop_dump
                0x20022400       0x8c ./src/sub-systemCode/COMM/TRXVU.o
                0x20022400                sendRequestToStop_dump
 .text.sendRequestToStop_transponder
                0x2002248c       0x8c ./src/sub-systemCode/COMM/TRXVU.o
                0x2002248c                sendRequestToStop_transponder
 .text.Rx_logic
                0x20022518      0x18c ./src/sub-systemCode/COMM/TRXVU.o
                0x20022518                Rx_logic
 .text.pass_above_Ground
                0x200226a4      0x104 ./src/sub-systemCode/COMM/TRXVU.o
                0x200226a4                pass_above_Ground
 .text.trxvu_logic
                0x200227a8       0x1c ./src/sub-systemCode/COMM/TRXVU.o
                0x200227a8                trxvu_logic
 .text.Beacon_task
                0x200227c4      0x170 ./src/sub-systemCode/COMM/TRXVU.o
                0x200227c4                Beacon_task
 .text.buildAndSend_beacon
                0x20022934      0x604 ./src/sub-systemCode/COMM/TRXVU.o
                0x20022934                buildAndSend_beacon
 .text.reset_FRAM_TRXVU
                0x20022f38      0x160 ./src/sub-systemCode/COMM/TRXVU.o
                0x20022f38                reset_FRAM_TRXVU
 .text.TRX_sendFrame
                0x20023098      0x1ac ./src/sub-systemCode/COMM/TRXVU.o
                0x20023098                TRX_sendFrame
 .text.TRX_getFrameData
                0x20023244      0x10c ./src/sub-systemCode/COMM/TRXVU.o
                0x20023244                TRX_getFrameData
 .text.mute_Tx  0x20023350       0x20 ./src/sub-systemCode/COMM/TRXVU.o
                0x20023350                mute_Tx
 .text.unmute_Tx
                0x20023370       0x58 ./src/sub-systemCode/COMM/TRXVU.o
                0x20023370                unmute_Tx
 .text.check_time_off_mute
                0x200233c8       0x88 ./src/sub-systemCode/COMM/TRXVU.o
                0x200233c8                check_time_off_mute
 .text.set_mute_time
                0x20023450       0xb4 ./src/sub-systemCode/COMM/TRXVU.o
                0x20023450                set_mute_time
 .text.change_TRXVU_state
                0x20023504       0xe0 ./src/sub-systemCode/COMM/TRXVU.o
                0x20023504                change_TRXVU_state
 .text.change_trans_RSSI
                0x200235e4       0x60 ./src/sub-systemCode/COMM/TRXVU.o
                0x200235e4                change_trans_RSSI
 .text.init_adcs
                0x20023644      0x104 ./src/sub-systemCode/ADCS/ADCS.o
                0x20023644                init_adcs
 .text.telemtryStart
                0x20023748      0x16c ./src/sub-systemCode/ADCS/Stage_Table.o
                0x20023748                telemtryStart
 .text.powerStart
                0x200238b4       0x5c ./src/sub-systemCode/ADCS/Stage_Table.o
                0x200238b4                powerStart
 .text.createTable
                0x20023910       0xb4 ./src/sub-systemCode/ADCS/Stage_Table.o
                0x20023910                createTable
 .text.buildControlMode
                0x200239c4       0x60 ./src/sub-systemCode/ADCS/Stage_Table.o
                0x200239c4                buildControlMode
 .text.Check_Table
                0x20023a24      0x178 ./src/sub-systemCode/ADCS/Stage_Table.o
                0x20023a24                Check_Table
 .text.updateTable
                0x20023b9c      0x1f0 ./src/sub-systemCode/ADCS/Stage_Table.o
                0x20023b9c                updateTable
 .text.translateCommandFULL
                0x20023d8c       0x78 ./src/sub-systemCode/ADCS/Stage_Table.o
                0x20023d8c                translateCommandFULL
 .text.getTableTo
                0x20023e04       0x64 ./src/sub-systemCode/ADCS/Stage_Table.o
                0x20023e04                getTableTo
 .text.save_time
                0x20023e68       0x9c ./src/main.o
                0x20023e68                save_time
 .text.Command_logic
                0x20023f04       0x6c ./src/main.o
                0x20023f04                Command_logic
 .text.taskMain
                0x20023f70       0x74 ./src/main.o
                0x20023f70                taskMain
 .text.main     0x20023fe4       0xbc ./src/main.o
                0x20023fe4                main
 .text.GomEpsInitialize
                0x200240a0      0x148 C:/HOOPOE3/satellite-subsystems/demo/..//satellite-subsystems/lib\libSatelliteSubsystemsD.a(GomEPS.o)
                0x200240a0                GomEpsInitialize
 .text.makeEPStransfer
                0x200241e8       0x3c C:/HOOPOE3/satellite-subsystems/demo/..//satellite-subsystems/lib\libSatelliteSubsystemsD.a(GomEPS.o)
 .text.GomEpsPing
                0x20024224       0xf8 C:/HOOPOE3/satellite-subsystems/demo/..//satellite-subsystems/lib\libSatelliteSubsystemsD.a(GomEPS.o)
                0x20024224                GomEpsPing
 .text.GomEpsSoftReset
                0x2002431c       0xc4 C:/HOOPOE3/satellite-subsystems/demo/..//satellite-subsystems/lib\libSatelliteSubsystemsD.a(GomEPS.o)
                0x2002431c                GomEpsSoftReset
 .text.GomEpsHardReset
                0x200243e0       0xa8 C:/HOOPOE3/satellite-subsystems/demo/..//satellite-subsystems/lib\libSatelliteSubsystemsD.a(GomEPS.o)
                0x200243e0                GomEpsHardReset
 .text.GomEpsGetHkData_param
                0x20024488      0x29c C:/HOOPOE3/satellite-subsystems/demo/..//satellite-subsystems/lib\libSatelliteSubsystemsD.a(GomEPS.o)
                0x20024488                GomEpsGetHkData_param
 .text.GomEpsGetHkData_general
                0x20024724      0x45c C:/HOOPOE3/satellite-subsystems/demo/..//satellite-subsystems/lib\libSatelliteSubsystemsD.a(GomEPS.o)
                0x20024724                GomEpsGetHkData_general
 .text.GomEpsGetHkData_vi
                0x20024b80      0x188 C:/HOOPOE3/satellite-subsystems/demo/..//satellite-subsystems/lib\libSatelliteSubsystemsD.a(GomEPS.o)
                0x20024b80                GomEpsGetHkData_vi
 .text.GomEpsGetHkData_out
                0x20024d08      0x21c C:/HOOPOE3/satellite-subsystems/demo/..//satellite-subsystems/lib\libSatelliteSubsystemsD.a(GomEPS.o)
                0x20024d08                GomEpsGetHkData_out
 .text.GomEpsGetHkData_wdt
                0x20024f24      0x2b4 C:/HOOPOE3/satellite-subsystems/demo/..//satellite-subsystems/lib\libSatelliteSubsystemsD.a(GomEPS.o)
                0x20024f24                GomEpsGetHkData_wdt
 .text.GomEpsGetHkData_basic
                0x200251d8      0x22c C:/HOOPOE3/satellite-subsystems/demo/..//satellite-subsystems/lib\libSatelliteSubsystemsD.a(GomEPS.o)
                0x200251d8                GomEpsGetHkData_basic
 .text.GomEpsSetOutput
                0x20025404       0xbc C:/HOOPOE3/satellite-subsystems/demo/..//satellite-subsystems/lib\libSatelliteSubsystemsD.a(GomEPS.o)
                0x20025404                GomEpsSetOutput
 .text.GomEpsResetWDT
                0x200254c0       0xc4 C:/HOOPOE3/satellite-subsystems/demo/..//satellite-subsystems/lib\libSatelliteSubsystemsD.a(GomEPS.o)
                0x200254c0                GomEpsResetWDT
 .text.GomEpsConfigGet
                0x20025584      0x16c C:/HOOPOE3/satellite-subsystems/demo/..//satellite-subsystems/lib\libSatelliteSubsystemsD.a(GomEPS.o)
                0x20025584                GomEpsConfigGet
 .text.GomEpsConfigSet
                0x200256f0      0x184 C:/HOOPOE3/satellite-subsystems/demo/..//satellite-subsystems/lib\libSatelliteSubsystemsD.a(GomEPS.o)
                0x200256f0                GomEpsConfigSet
 .text.GomEpsConfig2Get
                0x20025874      0x16c C:/HOOPOE3/satellite-subsystems/demo/..//satellite-subsystems/lib\libSatelliteSubsystemsD.a(GomEPS.o)
                0x20025874                GomEpsConfig2Get
 .text.makeAntStransfer
                0x200259e0       0x4c C:/HOOPOE3/satellite-subsystems/demo/..//satellite-subsystems/lib\libSatelliteSubsystemsD.a(IsisAntS.o)
 .text.checkInputsValid
                0x20025a2c       0x7c C:/HOOPOE3/satellite-subsystems/demo/..//satellite-subsystems/lib\libSatelliteSubsystemsD.a(IsisAntS.o)
 .text.IsisAntS_setArmStatus
                0x20025aa8      0x104 C:/HOOPOE3/satellite-subsystems/demo/..//satellite-subsystems/lib\libSatelliteSubsystemsD.a(IsisAntS.o)
                0x20025aa8                IsisAntS_setArmStatus
 .text.IsisAntS_getStatusData
                0x20025bac      0x120 C:/HOOPOE3/satellite-subsystems/demo/..//satellite-subsystems/lib\libSatelliteSubsystemsD.a(IsisAntS.o)
                0x20025bac                IsisAntS_getStatusData
 .text.IsisAntS_getTemperature
                0x20025ccc      0x120 C:/HOOPOE3/satellite-subsystems/demo/..//satellite-subsystems/lib\libSatelliteSubsystemsD.a(IsisAntS.o)
                0x20025ccc                IsisAntS_getTemperature
 .text.IsisAntS_getAlltelemetry
                0x20025dec      0x120 C:/HOOPOE3/satellite-subsystems/demo/..//satellite-subsystems/lib\libSatelliteSubsystemsD.a(IsisAntS.o)
                0x20025dec                IsisAntS_getAlltelemetry
 .text.IsisAntS_reset
                0x20025f0c      0x104 C:/HOOPOE3/satellite-subsystems/demo/..//satellite-subsystems/lib\libSatelliteSubsystemsD.a(IsisAntS.o)
                0x20025f0c                IsisAntS_reset
 .text.IsisSolarPanelv2_initialize
                0x20026010       0xb4 C:/HOOPOE3/satellite-subsystems/demo/..//satellite-subsystems/lib\libSatelliteSubsystemsD.a(IsisSolarPanelv2.o)
                0x20026010                IsisSolarPanelv2_initialize
 .text.IsisSolarPanelv2_getTemperature
                0x200260c4       0xc8 C:/HOOPOE3/satellite-subsystems/demo/..//satellite-subsystems/lib\libSatelliteSubsystemsD.a(IsisSolarPanelv2.o)
                0x200260c4                IsisSolarPanelv2_getTemperature
 .text.IsisSolarPanelv2_sleep
                0x2002618c       0xbc C:/HOOPOE3/satellite-subsystems/demo/..//satellite-subsystems/lib\libSatelliteSubsystemsD.a(IsisSolarPanelv2.o)
                0x2002618c                IsisSolarPanelv2_sleep
 .text.IsisSolarPanelv2_wakeup
                0x20026248       0x80 C:/HOOPOE3/satellite-subsystems/demo/..//satellite-subsystems/lib\libSatelliteSubsystemsD.a(IsisSolarPanelv2.o)
                0x20026248                IsisSolarPanelv2_wakeup
 .text._Reset   0x200262c8       0x20 C:/HOOPOE3/satellite-subsystems/demo/..//satellite-subsystems/lib\libSatelliteSubsystemsD.a(IsisSolarPanelv2.o)
 .text._WaitForStartup
                0x200262e8       0x90 C:/HOOPOE3/satellite-subsystems/demo/..//satellite-subsystems/lib\libSatelliteSubsystemsD.a(IsisSolarPanelv2.o)
 .text._AssignAllChannels
                0x20026378       0x90 C:/HOOPOE3/satellite-subsystems/demo/..//satellite-subsystems/lib\libSatelliteSubsystemsD.a(IsisSolarPanelv2.o)
 .text._AssignThisChannel
                0x20026408       0xe8 C:/HOOPOE3/satellite-subsystems/demo/..//satellite-subsystems/lib\libSatelliteSubsystemsD.a(IsisSolarPanelv2.o)
 .text._InitiateConversion
                0x200264f0       0xac C:/HOOPOE3/satellite-subsystems/demo/..//satellite-subsystems/lib\libSatelliteSubsystemsD.a(IsisSolarPanelv2.o)
 .text._WaitForConversionComplete
                0x2002659c      0x100 C:/HOOPOE3/satellite-subsystems/demo/..//satellite-subsystems/lib\libSatelliteSubsystemsD.a(IsisSolarPanelv2.o)
 .text._ReadResult
                0x2002669c      0x158 C:/HOOPOE3/satellite-subsystems/demo/..//satellite-subsystems/lib\libSatelliteSubsystemsD.a(IsisSolarPanelv2.o)
 .text._ExtractByte
                0x200267f4       0x38 C:/HOOPOE3/satellite-subsystems/demo/..//satellite-subsystems/lib\libSatelliteSubsystemsD.a(IsisSolarPanelv2.o)
 .text._ExtendSign
                0x2002682c       0x6c C:/HOOPOE3/satellite-subsystems/demo/..//satellite-subsystems/lib\libSatelliteSubsystemsD.a(IsisSolarPanelv2.o)
 .text._PinsInit
                0x20026898       0x50 C:/HOOPOE3/satellite-subsystems/demo/..//satellite-subsystems/lib\libSatelliteSubsystemsD.a(IsisSolarPanelv2.o)
 .text._SpiWriteRead
                0x200268e8       0x70 C:/HOOPOE3/satellite-subsystems/demo/..//satellite-subsystems/lib\libSatelliteSubsystemsD.a(IsisSolarPanelv2.o)
 .text.IsisTrxvu_initialize
                0x20026958      0x2f4 C:/HOOPOE3/satellite-subsystems/demo/..//satellite-subsystems/lib\libSatelliteSubsystemsD.a(IsisTRXVU.o)
                0x20026958                IsisTrxvu_initialize
 .text.makeTRXVUtransfer
                0x20026c4c       0x44 C:/HOOPOE3/satellite-subsystems/demo/..//satellite-subsystems/lib\libSatelliteSubsystemsD.a(IsisTRXVU.o)
 .text.IsisTrxvu_componentSoftReset
                0x20026c90       0x6c C:/HOOPOE3/satellite-subsystems/demo/..//satellite-subsystems/lib\libSatelliteSubsystemsD.a(IsisTRXVU.o)
                0x20026c90                IsisTrxvu_componentSoftReset
 .text.IsisTrxvu_componentHardReset
                0x20026cfc       0xc8 C:/HOOPOE3/satellite-subsystems/demo/..//satellite-subsystems/lib\libSatelliteSubsystemsD.a(IsisTRXVU.o)
                0x20026cfc                IsisTrxvu_componentHardReset
 .text.IsisTrxvu_softReset
                0x20026dc4       0x74 C:/HOOPOE3/satellite-subsystems/demo/..//satellite-subsystems/lib\libSatelliteSubsystemsD.a(IsisTRXVU.o)
                0x20026dc4                IsisTrxvu_softReset
 .text.IsisTrxvu_hardReset
                0x20026e38       0x74 C:/HOOPOE3/satellite-subsystems/demo/..//satellite-subsystems/lib\libSatelliteSubsystemsD.a(IsisTRXVU.o)
                0x20026e38                IsisTrxvu_hardReset
 .text.IsisTrxvu_tcSendAX25DefClSign
                0x20026eac       0xec C:/HOOPOE3/satellite-subsystems/demo/..//satellite-subsystems/lib\libSatelliteSubsystemsD.a(IsisTRXVU.o)
                0x20026eac                IsisTrxvu_tcSendAX25DefClSign
 .text.IsisTrxvu_tcSetIdlestate
                0x20026f98       0xa4 C:/HOOPOE3/satellite-subsystems/demo/..//satellite-subsystems/lib\libSatelliteSubsystemsD.a(IsisTRXVU.o)
                0x20026f98                IsisTrxvu_tcSetIdlestate
 .text.IsisTrxvu_tcSetAx25Bitrate
                0x2002703c       0xc4 C:/HOOPOE3/satellite-subsystems/demo/..//satellite-subsystems/lib\libSatelliteSubsystemsD.a(IsisTRXVU.o)
                0x2002703c                IsisTrxvu_tcSetAx25Bitrate
 .text.IsisTrxvu_tcGetTelemetryAll
                0x20027100       0xd0 C:/HOOPOE3/satellite-subsystems/demo/..//satellite-subsystems/lib\libSatelliteSubsystemsD.a(IsisTRXVU.o)
                0x20027100                IsisTrxvu_tcGetTelemetryAll
 .text.IsisTrxvu_tcGetTelemetryAll_revC
                0x200271d0       0xd0 C:/HOOPOE3/satellite-subsystems/demo/..//satellite-subsystems/lib\libSatelliteSubsystemsD.a(IsisTRXVU.o)
                0x200271d0                IsisTrxvu_tcGetTelemetryAll_revC
 .text.IsisTrxvu_rcGetFrameCount
                0x200272a0       0xa0 C:/HOOPOE3/satellite-subsystems/demo/..//satellite-subsystems/lib\libSatelliteSubsystemsD.a(IsisTRXVU.o)
                0x200272a0                IsisTrxvu_rcGetFrameCount
 .text.IsisTrxvu_rcGetCommandFrame
                0x20027340      0x2d8 C:/HOOPOE3/satellite-subsystems/demo/..//satellite-subsystems/lib\libSatelliteSubsystemsD.a(IsisTRXVU.o)
                0x20027340                IsisTrxvu_rcGetCommandFrame
 .text.IsisTrxvu_rcGetTelemetryAll
                0x20027618       0xd0 C:/HOOPOE3/satellite-subsystems/demo/..//satellite-subsystems/lib\libSatelliteSubsystemsD.a(IsisTRXVU.o)
                0x20027618                IsisTrxvu_rcGetTelemetryAll
 .text.IsisTrxvu_rcGetTelemetryAll_revC
                0x200276e8       0xec C:/HOOPOE3/satellite-subsystems/demo/..//satellite-subsystems/lib\libSatelliteSubsystemsD.a(IsisTRXVU.o)
                0x200276e8                IsisTrxvu_rcGetTelemetryAll_revC
 .text.cspaceADCS_initialize
                0x200277d4      0x18c C:/HOOPOE3/satellite-subsystems/demo/..//satellite-subsystems/lib\libSatelliteSubsystemsD.a(cspaceADCS.o)