Archive member included because of file (symbol)

c:/isis/application/toolchain/bin/../lib/gcc/arm-none-eabi/4.7.4/../../../../arm-none-eabi/lib\libc_s.a(lib_a-vfprintf_float.o)
                              (_printf_float)
c:/isis/application/toolchain/bin/../lib/gcc/arm-none-eabi/4.7.4/../../../../arm-none-eabi/lib\libc_s.a(lib_a-vfprintf_i.o)
                              c:/isis/application/toolchain/bin/../lib/gcc/arm-none-eabi/4.7.4/../../../../arm-none-eabi/lib\libc_s.a(lib_a-vfprintf_float.o) (_printf_common)
c:/isis/application/toolchain/bin/../lib/gcc/arm-none-eabi/4.7.4/../../../../arm-none-eabi/lib\libc_s.a(lib_a-vfscanf_float.o)
                              (_scanf_float)
c:/isis/application/toolchain/bin/../lib/gcc/arm-none-eabi/4.7.4/../../../../arm-none-eabi/lib\libc_s.a(lib_a-dtoa.o)
                              c:/isis/application/toolchain/bin/../lib/gcc/arm-none-eabi/4.7.4/../../../../arm-none-eabi/lib\libc_s.a(lib_a-vfprintf_float.o) (_dtoa_r)
c:/isis/application/toolchain/bin/../lib/gcc/arm-none-eabi/4.7.4/../../../../arm-none-eabi/lib\libc_s.a(lib_a-locale.o)
                              c:/isis/application/toolchain/bin/../lib/gcc/arm-none-eabi/4.7.4/../../../../arm-none-eabi/lib\libc_s.a(lib_a-vfprintf_float.o) (_localeconv_r)
c:/isis/application/toolchain/bin/../lib/gcc/arm-none-eabi/4.7.4/../../../../arm-none-eabi/lib\libc_s.a(lib_a-malloc.o)
                              c:/isis/application/toolchain/bin/../lib/gcc/arm-none-eabi/4.7.4/../../../../arm-none-eabi/lib\libc_s.a(lib_a-dtoa.o) (malloc)
c:/isis/application/toolchain/bin/../lib/gcc/arm-none-eabi/4.7.4/../../../../arm-none-eabi/lib\libc_s.a(lib_a-mallocr.o)
                              c:/isis/application/toolchain/bin/../lib/gcc/arm-none-eabi/4.7.4/../../../../arm-none-eabi/lib\libc_s.a(lib_a-malloc.o) (_malloc_r)
c:/isis/application/toolchain/bin/../lib/gcc/arm-none-eabi/4.7.4/../../../../arm-none-eabi/lib\libc_s.a(lib_a-memcpy.o)
                              c:/isis/application/toolchain/bin/../lib/gcc/arm-none-eabi/4.7.4/../../../../arm-none-eabi/lib\libc_s.a(lib_a-dtoa.o) (memcpy)
c:/isis/application/toolchain/bin/../lib/gcc/arm-none-eabi/4.7.4/../../../../arm-none-eabi/lib\libc_s.a(lib_a-mprec.o)
                              c:/isis/application/toolchain/bin/../lib/gcc/arm-none-eabi/4.7.4/../../../../arm-none-eabi/lib\libc_s.a(lib_a-dtoa.o) (_Balloc)
c:/isis/application/toolchain/bin/../lib/gcc/arm-none-eabi/4.7.4/../../../../arm-none-eabi/lib\libc_s.a(lib_a-s_fpclassify.o)
                              c:/isis/application/toolchain/bin/../lib/gcc/arm-none-eabi/4.7.4/../../../../arm-none-eabi/lib\libc_s.a(lib_a-vfprintf_float.o) (__fpclassifyd)
c:/isis/application/toolchain/bin/../lib/gcc/arm-none-eabi/4.7.4/../../../../arm-none-eabi/lib\libc_s.a(lib_a-sbrkr.o)
                              c:/isis/application/toolchain/bin/../lib/gcc/arm-none-eabi/4.7.4/../../../../arm-none-eabi/lib\libc_s.a(lib_a-mallocr.o) (_sbrk_r)
c:/isis/application/toolchain/bin/../lib/gcc/arm-none-eabi/4.7.4/../../../../arm-none-eabi/lib\libc_s.a(lib_a-sf_nan.o)
                              c:/isis/application/toolchain/bin/../lib/gcc/arm-none-eabi/4.7.4/../../../../arm-none-eabi/lib\libc_s.a(lib_a-vfscanf_float.o) (nanf)
c:/isis/application/toolchain/bin/../lib/gcc/arm-none-eabi/4.7.4/../../../../arm-none-eabi/lib\libc_s.a(lib_a-sprintf.o)
                              c:/isis/application/toolchain/bin/../lib/gcc/arm-none-eabi/4.7.4/../../../../arm-none-eabi/lib\libc_s.a(lib_a-vfscanf_float.o) (sprintf)
c:/isis/application/toolchain/bin/../lib/gcc/arm-none-eabi/4.7.4/../../../../arm-none-eabi/lib\libc_s.a(lib_a-strcmp.o)
                              c:/isis/application/toolchain/bin/../lib/gcc/arm-none-eabi/4.7.4/../../../../arm-none-eabi/lib\libc_s.a(lib_a-locale.o) (strcmp)
c:/isis/application/toolchain/bin/../lib/gcc/arm-none-eabi/4.7.4/../../../../arm-none-eabi/lib\libc_s.a(lib_a-strlen.o)
                              c:/isis/application/toolchain/bin/../lib/gcc/arm-none-eabi/4.7.4/../../../../arm-none-eabi/lib\libc_s.a(lib_a-vfprintf_float.o) (strlen)
c:/isis/application/toolchain/bin/../lib/gcc/arm-none-eabi/4.7.4/../../../../arm-none-eabi/lib\libc_s.a(lib_a-strtod.o)
                              c:/isis/application/toolchain/bin/../lib/gcc/arm-none-eabi/4.7.4/../../../../arm-none-eabi/lib\libc_s.a(lib_a-vfscanf_float.o) (_strtod_r)
c:/isis/application/toolchain/bin/../lib/gcc/arm-none-eabi/4.7.4/../../../../arm-none-eabi/lib\libc_s.a(lib_a-strtol.o)
                              c:/isis/application/toolchain/bin/../lib/gcc/arm-none-eabi/4.7.4/../../../../arm-none-eabi/lib\libc_s.a(lib_a-vfscanf_float.o) (_strtol_r)
c:/isis/application/toolchain/bin/../lib/gcc/arm-none-eabi/4.7.4/../../../../arm-none-eabi/lib\libc_s.a(lib_a-svfprintf.o)
                              c:/isis/application/toolchain/bin/../lib/gcc/arm-none-eabi/4.7.4/../../../../arm-none-eabi/lib\libc_s.a(lib_a-sprintf.o) (_svfprintf_r)
[...]
Memory Configuration

Name             Origin             Length             Attributes
sram0            0x00200000         0x00004000         w !xr
sram1            0x00300000         0x00004000         w !xr
sdram            0x20000000         0x02000000         w !xr
*default*        0x00000000         0xffffffff

Linker script and memory map

LOAD c:/isis/application/toolchain/bin/../lib/gcc/arm-none-eabi/4.7.4/../../../../arm-none-eabi/lib\libc_s.a
LOAD ./src/sub-systemCode/Main/CMD/COMM_CMD.o
LOAD ./src/sub-systemCode/Main/CMD/EPS_CMD.o
LOAD ./src/sub-systemCode/Main/CMD/General_CMD.o
LOAD ./src/sub-systemCode/Main/CMD/SW_CMD.o
LOAD ./src/sub-systemCode/Main/CMD/payload_CMD.o
LOAD ./src/sub-systemCode/Main/CMD/test_CMD.o
LOAD ./src/sub-systemCode/Main/Ants.o
LOAD ./src/sub-systemCode/Main/EPS.o
LOAD ./src/sub-systemCode/Main/HouseKeeping.o
LOAD ./src/sub-systemCode/Main/Main_Init.o
LOAD ./src/sub-systemCode/Main/commands.o
LOAD ./src/sub-systemCode/Global/Global.o
LOAD ./src/sub-systemCode/Global/GlobalParam.o
LOAD ./src/sub-systemCode/Global/TM_managment.o
LOAD ./src/sub-systemCode/COMM/APRS.o
LOAD ./src/sub-systemCode/COMM/DelayedCommand_list.o
LOAD ./src/sub-systemCode/COMM/GSC.o
LOAD ./src/sub-systemCode/COMM/TRXVU.o
LOAD ./src/sub-systemCode/ADCS/ADCS.o
LOAD ./src/sub-systemCode/ADCS/Stage_Table.o
LOAD ./src/main.o
LOAD C:/Hoopoe3/satellite-subsystems/demo/..//satellite-subsystems/lib\libSatelliteSubsystemsD.a
LOAD c:/isis/application/toolchain/bin/../lib/gcc/arm-none-eabi/4.7.4/../../../../arm-none-eabi/lib\libm.a
LOAD C:/Hoopoe3/satellite-subsystems/demo/../..//hal/hcc/lib\libHCCD.a
LOAD C:/Hoopoe3/satellite-subsystems/demo/../..//hal/hal/lib\libHALD.a
LOAD C:/Hoopoe3/satellite-subsystems/demo/../..//hal/freertos/lib\libFreeRTOSD.a
LOAD C:/Hoopoe3/satellite-subsystems/demo/../..//hal/at91/lib\libAt91D.a
START GROUP
LOAD c:/isis/application/toolchain/bin/../lib/gcc/arm-none-eabi/4.7.4\libgcc.a
LOAD c:/isis/application/toolchain/bin/../lib/gcc/arm-none-eabi/4.7.4/../../../../arm-none-eabi/lib\libc_s.a
END GROUP

.fixed          0x20000000    0x3c344
                0x20000000                . = ALIGN (0x4)
                0x20000000                _sfixed = .
 *(.startup)
 .startup       0x20000000      0x134 C:/Hoopoe3/satellite-subsystems/demo/../..//hal/at91/lib\libAt91D.a(board_cstartup.o)
                0x20000000                entry
 *(.text)
 .text          0x20000134       0x64 C:/Hoopoe3/satellite-subsystems/demo/../..//hal/at91/lib\libAt91D.a(cp15_asm.o)
                0x20000134                _readControlRegister
                0x20000140                _writeControlRegister
                0x20000148                _waitForInterrupt
                0x20000154                _writeTTB
                0x2000015c                _writeDomain
                0x20000164                _writeITLBLockdown
                0x2000016c                _prefetchICacheLine
                0x20000174                _flushDCache
                0x20000180                _flushWriteBuffer
                0x2000018c                _invalidateIDTLBs
 .text          0x20000198      0x114 c:/isis/application/toolchain/bin/../lib/gcc/arm-none-eabi/4.7.4\libgcc.a(_udivsi3.o)
                0x20000198                __aeabi_uidiv
                0x20000198                __udivsi3
                0x2000028c                __aeabi_uidivmod
 .text          0x200002ac      0x148 c:/isis/application/toolchain/bin/../lib/gcc/arm-none-eabi/4.7.4\libgcc.a(_divsi3.o)
                0x200002ac                __divsi3
                0x200002ac                __aeabi_idiv
                0x200003d4                __aeabi_idivmod
 .text          0x200003f4        0x4 c:/isis/application/toolchain/bin/../lib/gcc/arm-none-eabi/4.7.4\libgcc.a(_dvmd_tls.o)
                0x200003f4                __aeabi_idiv0
                0x200003f4                __aeabi_ldiv0
 .text          0x200003f8      0x41c c:/isis/application/toolchain/bin/../lib/gcc/arm-none-eabi/4.7.4\libgcc.a(_arm_addsubdf3.o)
                0x200003f8                __aeabi_drsub
                0x20000400                __aeabi_dsub
                0x20000400                __subdf3
                0x20000404                __aeabi_dadd
                0x20000404                __adddf3
                0x20000714                __floatunsidf
                0x20000714                __aeabi_ui2d
                0x20000738                __floatsidf
                0x20000738                __aeabi_i2d
                0x20000760                __aeabi_f2d
                0x20000760                __extendsfdf2
                0x200007a0                __floatundidf
                0x200007a0                __aeabi_ul2d
                0x200007b4                __floatdidf
                0x200007b4                __aeabi_l2d
 .text          0x20000814      0x49c c:/isis/application/toolchain/bin/../lib/gcc/arm-none-eabi/4.7.4\libgcc.a(_arm_muldivdf3.o)
                0x20000814                __aeabi_dmul
                0x20000814                __muldf3
                0x20000aa4                __divdf3
                0x20000aa4                __aeabi_ddiv
 .text          0x20000cb0      0x144 c:/isis/application/toolchain/bin/../lib/gcc/arm-none-eabi/4.7.4\libgcc.a(_arm_cmpdf2.o)
                0x20000cb0                __gtdf2
                0x20000cb0                __gedf2
                0x20000cb8                __ltdf2
                0x20000cb8                __ledf2
                0x20000cc0                __nedf2
                0x20000cc0                __eqdf2
                0x20000cc0                __cmpdf2
                0x20000d48                __aeabi_cdrcmple
                0x20000d64                __aeabi_cdcmpeq
                0x20000d64                __aeabi_cdcmple
                0x20000d7c                __aeabi_dcmpeq
                0x20000d94                __aeabi_dcmplt
                0x20000dac                __aeabi_dcmple
                0x20000dc4                __aeabi_dcmpge
                0x20000ddc                __aeabi_dcmpgt
 .text          0x20000df4       0x5c c:/isis/application/toolchain/bin/../lib/gcc/arm-none-eabi/4.7.4\libgcc.a(_arm_fixdfsi.o)
                0x20000df4                __aeabi_d2iz
                0x20000df4                __fixdfsi
 .text          0x20000e50       0x54 c:/isis/application/toolchain/bin/../lib/gcc/arm-none-eabi/4.7.4\libgcc.a(_arm_fixunsdfsi.o)
                0x20000e50                __aeabi_d2uiz
                0x20000e50                __fixunsdfsi
 .text          0x20000ea4       0xa0 c:/isis/application/toolchain/bin/../lib/gcc/arm-none-eabi/4.7.4\libgcc.a(_arm_truncdfsf2.o)
                0x20000ea4                __truncdfsf2
                0x20000ea4                __aeabi_d2f
 .text          0x20000f44      0x2ac c:/isis/application/toolchain/bin/../lib/gcc/arm-none-eabi/4.7.4\libgcc.a(_arm_addsubsf3.o)
                0x20000f44                __aeabi_frsub
                0x20000f4c                __subsf3
                0x20000f4c                __aeabi_fsub
                0x20000f50                __aeabi_fadd
                0x20000f50                __addsf3
                0x2000110c                __aeabi_ui2f
                0x2000110c                __floatunsisf
                0x20001114                __aeabi_i2f
                0x20001114                __floatsisf
                0x20001134                __aeabi_ul2f
                0x20001134                __floatundisf
                0x20001144                __aeabi_l2f
                0x20001144                __floatdisf
 .text          0x200011f0      0x2f8 c:/isis/application/toolchain/bin/../lib/gcc/arm-none-eabi/4.7.4\libgcc.a(_arm_muldivsf3.o)
                0x200011f0                __mulsf3
                0x200011f0                __aeabi_fmul
                0x20001388                __aeabi_fdiv
                0x20001388                __divsf3
 .text          0x200014e8       0x5c c:/isis/application/toolchain/bin/../lib/gcc/arm-none-eabi/4.7.4\libgcc.a(_arm_fixsfsi.o)
                0x200014e8                __aeabi_f2iz
                0x200014e8                __fixsfsi
 .text          0x20001544       0x54 c:/isis/application/toolchain/bin/../lib/gcc/arm-none-eabi/4.7.4\libgcc.a(_arm_fixunssfsi.o)
                0x20001544                __fixunssfsi
                0x20001544                __aeabi_f2uiz
 *(.text*)
 .text.__cvt    0x20001598      0x138 c:/isis/application/toolchain/bin/../lib/gcc/arm-none-eabi/4.7.4/../../../../arm-none-eabi/lib\libc_s.a(lib_a-vfprintf_float.o)
                0x20001598                __cvt
 .text.__exponent
                0x200016d0       0xa8 c:/isis/application/toolchain/bin/../lib/gcc/arm-none-eabi/4.7.4/../../../../arm-none-eabi/lib\libc_s.a(lib_a-vfprintf_float.o)
                0x200016d0                __exponent
 .text._printf_float
                0x20001778      0x7dc c:/isis/application/toolchain/bin/../lib/gcc/arm-none-eabi/4.7.4/../../../../arm-none-eabi/lib\libc_s.a(lib_a-vfprintf_float.o)
                0x20001778                _printf_float
 .text._printf_common
                0x20001f54      0x174 c:/isis/application/toolchain/bin/../lib/gcc/arm-none-eabi/4.7.4/../../../../arm-none-eabi/lib\libc_s.a(lib_a-vfprintf_i.o)
                0x20001f54                _printf_common
 .text._printf_i
                0x200020c8      0x3c4 c:/isis/application/toolchain/bin/../lib/gcc/arm-none-eabi/4.7.4/../../../../arm-none-eabi/lib\libc_s.a(lib_a-vfprintf_i.o)
                0x200020c8                _printf_i
 .text._scanf_float
                0x2000248c      0x5f4 c:/isis/application/toolchain/bin/../lib/gcc/arm-none-eabi/4.7.4/../../../../arm-none-eabi/lib\libc_s.a(lib_a-vfscanf_float.o)
                0x2000248c                _scanf_float
 .text.quorem   0x20002a80      0x1ac c:/isis/application/toolchain/bin/../lib/gcc/arm-none-eabi/4.7.4/../../../../arm-none-eabi/lib\libc_s.a(lib_a-dtoa.o)
 .text._dtoa_r  0x20002c2c     0x1268 c:/isis/application/toolchain/bin/../lib/gcc/arm-none-eabi/4.7.4/../../../../arm-none-eabi/lib\libc_s.a(lib_a-dtoa.o)
                0x20002c2c                _dtoa_r
 .text._localeconv_r
                0x20003e94        0xc c:/isis/application/toolchain/bin/../lib/gcc/arm-none-eabi/4.7.4/../../../../arm-none-eabi/lib\libc_s.a(lib_a-locale.o)
                0x20003e94                _localeconv_r
 .text.malloc   0x20003ea0       0x20 c:/isis/application/toolchain/bin/../lib/gcc/arm-none-eabi/4.7.4/../../../../arm-none-eabi/lib\libc_s.a(lib_a-malloc.o)
                0x20003ea0                malloc
 .text.free     0x20003ec0       0x20 c:/isis/application/toolchain/bin/../lib/gcc/arm-none-eabi/4.7.4/../../../../arm-none-eabi/lib\libc_s.a(lib_a-malloc.o)
                0x20003ec0                free
 .text._malloc_r
                0x20003ee0       0xfc c:/isis/application/toolchain/bin/../lib/gcc/arm-none-eabi/4.7.4/../../../../arm-none-eabi/lib\libc_s.a(lib_a-mallocr.o)
                0x20003ee0                _malloc_r
 .text.memcpy   0x20003fdc       0x20 c:/isis/application/toolchain/bin/../lib/gcc/arm-none-eabi/4.7.4/../../../../arm-none-eabi/lib\libc_s.a(lib_a-memcpy.o)
                0x20003fdc                memcpy
 .text._Balloc  0x20003ffc       0xcc c:/isis/application/toolchain/bin/../lib/gcc/arm-none-eabi/4.7.4/../../../../arm-none-eabi/lib\libc_s.a(lib_a-mprec.o)
                0x20003ffc                _Balloc
 .text._Bfree   0x200040c8       0x5c c:/isis/application/toolchain/bin/../lib/gcc/arm-none-eabi/4.7.4/../../../../arm-none-eabi/lib\libc_s.a(lib_a-mprec.o)
                0x200040c8                _Bfree
 .text.__multadd
                0x20004124       0xbc c:/isis/application/toolchain/bin/../lib/gcc/arm-none-eabi/4.7.4/../../../../arm-none-eabi/lib\libc_s.a(lib_a-mprec.o)
                0x20004124                __multadd
 .text.__s2b    0x200041e0       0xd8 c:/isis/application/toolchain/bin/../lib/gcc/arm-none-eabi/4.7.4/../../../../arm-none-eabi/lib\libc_s.a(lib_a-mprec.o)
                0x200041e0                __s2b
 .text.__hi0bits
                0x200042b8       0x58 c:/isis/application/toolchain/bin/../lib/gcc/arm-none-eabi/4.7.4/../../../../arm-none-eabi/lib\libc_s.a(lib_a-mprec.o)
                0x200042b8                __hi0bits
 .text.__lo0bits
                0x20004310       0x94 c:/isis/application/toolchain/bin/../lib/gcc/arm-none-eabi/4.7.4/../../../../arm-none-eabi/lib\libc_s.a(lib_a-mprec.o)
                0x20004310                __lo0bits
 .text.__i2b    0x200043a4       0x24 c:/isis/application/toolchain/bin/../lib/gcc/arm-none-eabi/4.7.4/../../../../arm-none-eabi/lib\libc_s.a(lib_a-mprec.o)
                0x200043a4                __i2b
 .text.__multiply
                0x200043c8      0x1ac c:/isis/application/toolchain/bin/../lib/gcc/arm-none-eabi/4.7.4/../../../../arm-none-eabi/lib\libc_s.a(lib_a-mprec.o)
                0x200043c8                __multiply
 .text.__pow5mult
                0x20004574      0x10c c:/isis/application/toolchain/bin/../lib/gcc/arm-none-eabi/4.7.4/../../../../arm-none-eabi/lib\libc_s.a(lib_a-mprec.o)
                0x20004574                __pow5mult
 .text.__lshift
                0x20004680       0xf0 c:/isis/application/toolchain/bin/../lib/gcc/arm-none-eabi/4.7.4/../../../../arm-none-eabi/lib\libc_s.a(lib_a-mprec.o)
                0x20004680                __lshift
 .text.__mcmp   0x20004770       0x60 c:/isis/application/toolchain/bin/../lib/gcc/arm-none-eabi/4.7.4/../../../../arm-none-eabi/lib\libc_s.a(lib_a-mprec.o)
                0x20004770                __mcmp
 .text.__mdiff  0x200047d0      0x128 c:/isis/application/toolchain/bin/../lib/gcc/arm-none-eabi/4.7.4/../../../../arm-none-eabi/lib\libc_s.a(lib_a-mprec.o)
                0x200047d0                __mdiff
 .text.__ulp    0x200048f8       0x5c c:/isis/application/toolchain/bin/../lib/gcc/arm-none-eabi/4.7.4/../../../../arm-none-eabi/lib\libc_s.a(lib_a-mprec.o)
                0x200048f8                __ulp
 .text.__b2d    0x20004954       0xc8 c:/isis/application/toolchain/bin/../lib/gcc/arm-none-eabi/4.7.4/../../../../arm-none-eabi/lib\libc_s.a(lib_a-mprec.o)
                0x20004954                __b2d
 .text.__d2b    0x20004a1c       0xfc c:/isis/application/toolchain/bin/../lib/gcc/arm-none-eabi/4.7.4/../../../../arm-none-eabi/lib\libc_s.a(lib_a-mprec.o)
                0x20004a1c                __d2b
 .text.__ratio  0x20004b18       0x70 c:/isis/application/toolchain/bin/../lib/gcc/arm-none-eabi/4.7.4/../../../../arm-none-eabi/lib\libc_s.a(lib_a-mprec.o)
                0x20004b18                __ratio
 .text.__copybits
                0x20004b88       0x4c c:/isis/application/toolchain/bin/../lib/gcc/arm-none-eabi/4.7.4/../../../../arm-none-eabi/lib\libc_s.a(lib_a-mprec.o)
                0x20004b88                __copybits
 .text.__any_on
                0x20004bd4       0x7c c:/isis/application/toolchain/bin/../lib/gcc/arm-none-eabi/4.7.4/../../../../arm-none-eabi/lib\libc_s.a(lib_a-mprec.o)
                0x20004bd4                __any_on
 .text.__fpclassifyd
                0x20004c50       0x6c c:/isis/application/toolchain/bin/../lib/gcc/arm-none-eabi/4.7.4/../../../../arm-none-eabi/lib\libc_s.a(lib_a-s_fpclassify.o)
                0x20004c50                __fpclassifyd
 .text._sbrk_r  0x20004cbc       0x3c c:/isis/application/toolchain/bin/../lib/gcc/arm-none-eabi/4.7.4/../../../../arm-none-eabi/lib\libc_s.a(lib_a-sbrkr.o)
                0x20004cbc                _sbrk_r
 .text.nanf     0x20004cf8        0xc c:/isis/application/toolchain/bin/../lib/gcc/arm-none-eabi/4.7.4/../../../../arm-none-eabi/lib\libc_s.a(lib_a-sf_nan.o)
                0x20004cf8                nanf
 .text.sprintf  0x20004d04       0x6c c:/isis/application/toolchain/bin/../lib/gcc/arm-none-eabi/4.7.4/../../../../arm-none-eabi/lib\libc_s.a(lib_a-sprintf.o)
                0x20004d04                siprintf
                0x20004d04                sprintf
 .text.strcmp   0x20004d70       0x1c c:/isis/application/toolchain/bin/../lib/gcc/arm-none-eabi/4.7.4/../../../../arm-none-eabi/lib\libc_s.a(lib_a-strcmp.o)
                0x20004d70                strcmp
 .text.strlen   0x20004d8c       0x1c c:/isis/application/toolchain/bin/../lib/gcc/arm-none-eabi/4.7.4/../../../../arm-none-eabi/lib\libc_s.a(lib_a-strlen.o)
                0x20004d8c                strlen
 .text.match    0x20004da8       0x54 c:/isis/application/toolchain/bin/../lib/gcc/arm-none-eabi/4.7.4/../../../../arm-none-eabi/lib\libc_s.a(lib_a-strtod.o)
 .text._strtod_r
                0x20004dfc     0x1168 c:/isis/application/toolchain/bin/../lib/gcc/arm-none-eabi/4.7.4/../../../../arm-none-eabi/lib\libc_s.a(lib_a-strtod.o)
                0x20004dfc                _strtod_r
 .text._strtol_r
                0x20005f64      0x1b8 c:/isis/application/toolchain/bin/../lib/gcc/arm-none-eabi/4.7.4/../../../../arm-none-eabi/lib\libc_s.a(lib_a-strtol.o)
                0x20005f64                _strtol_r
 .text.__ssputc_r
                0x2000611c      0x10c c:/isis/application/toolchain/bin/../lib/gcc/arm-none-eabi/4.7.4/../../../../arm-none-eabi/lib\libc_s.a(lib_a-svfprintf.o)
                0x2000611c                __ssputc_r
 .text._svfprintf_r
                0x20006228      0x328 c:/isis/application/toolchain/bin/../lib/gcc/arm-none-eabi/4.7.4/../../../../arm-none-eabi/lib\libc_s.a(lib_a-svfprintf.o)
                0x20006228                _svfiprintf_r
                0x20006228                _svfprintf_r
 .text._calloc_r
                0x20006550       0x2c c:/isis/application/toolchain/bin/../lib/gcc/arm-none-eabi/4.7.4/../../../../arm-none-eabi/lib\libc_s.a(lib_a-callocr.o)
                0x20006550                _calloc_r
 .text._free_r  0x2000657c      0x108 c:/isis/application/toolchain/bin/../lib/gcc/arm-none-eabi/4.7.4/../../../../arm-none-eabi/lib\libc_s.a(lib_a-freer.o)
                0x2000657c                _free_r
 .text.rshift   0x20006684       0xb0 c:/isis/application/toolchain/bin/../lib/gcc/arm-none-eabi/4.7.4/../../../../arm-none-eabi/lib\libc_s.a(lib_a-gdtoa-gethex.o)
 .text.htinit.constprop.0
                0x20006734       0x34 c:/isis/application/toolchain/bin/../lib/gcc/arm-none-eabi/4.7.4/../../../../arm-none-eabi/lib\libc_s.a(lib_a-gdtoa-gethex.o)
 .text.__hexdig_init
                0x20006768       0x38 c:/isis/application/toolchain/bin/../lib/gcc/arm-none-eabi/4.7.4/../../../../arm-none-eabi/lib\libc_s.a(lib_a-gdtoa-gethex.o)
                0x20006768                __hexdig_init
 .text.__gethex
                0x200067a0      0x6cc c:/isis/application/toolchain/bin/../lib/gcc/arm-none-eabi/4.7.4/../../../../arm-none-eabi/lib\libc_s.a(lib_a-gdtoa-gethex.o)
                0x200067a0                __gethex
 .text.L_shift  0x20006e6c       0x38 c:/isis/application/toolchain/bin/../lib/gcc/arm-none-eabi/4.7.4/../../../../arm-none-eabi/lib\libc_s.a(lib_a-gdtoa-hexnan.o)
 .text.__hexnan
                0x20006ea4      0x1d8 c:/isis/application/toolchain/bin/../lib/gcc/arm-none-eabi/4.7.4/../../../../arm-none-eabi/lib\libc_s.a(lib_a-gdtoa-hexnan.o)
                0x20006ea4                __hexnan
 .text.memchr   0x2000707c       0x34 c:/isis/application/toolchain/bin/../lib/gcc/arm-none-eabi/4.7.4/../../../../arm-none-eabi/lib\libc_s.a(lib_a-memchr.o)
                0x2000707c                memchr
 .text.memset   0x200070b0       0x1c c:/isis/application/toolchain/bin/../lib/gcc/arm-none-eabi/4.7.4/../../../../arm-none-eabi/lib\libc_s.a(lib_a-memset.o)
                0x200070b0                memset
 .text._realloc_r
                0x200070cc       0x80 c:/isis/application/toolchain/bin/../lib/gcc/arm-none-eabi/4.7.4/../../../../arm-none-eabi/lib\libc_s.a(lib_a-reallocr.o)
                0x200070cc                _realloc_r
 .text.strncmp  0x2000714c       0x64 c:/isis/application/toolchain/bin/../lib/gcc/arm-none-eabi/4.7.4/../../../../arm-none-eabi/lib\libc_s.a(lib_a-strncmp.o)
                0x2000714c                strncmp
 .text._malloc_usable_size_r
                0x200071b0       0x1c c:/isis/application/toolchain/bin/../lib/gcc/arm-none-eabi/4.7.4/../../../../arm-none-eabi/lib\libc_s.a(lib_a-msizer.o)
                0x200071b0                _malloc_usable_size_r
 .text.cmd_error
                0x200071cc       0x38 ./src/sub-systemCode/Main/CMD/COMM_CMD.o
                0x200071cc                cmd_error
 .text.cmd_mute
                0x20007204       0xc4 ./src/sub-systemCode/Main/CMD/COMM_CMD.o
                0x20007204                cmd_mute
 .text.cmd_unmute
                0x200072c8       0x4c ./src/sub-systemCode/Main/CMD/COMM_CMD.o
                0x200072c8                cmd_unmute
 .text.cmd_active_trans
                0x20007314       0xc0 ./src/sub-systemCode/Main/CMD/COMM_CMD.o
                0x20007314                cmd_active_trans
 .text.cmd_shut_trans
                0x200073d4       0x38 ./src/sub-systemCode/Main/CMD/COMM_CMD.o
                0x200073d4                cmd_shut_trans
 .text.cmd_change_trans_rssi
                0x2000740c       0xb8 ./src/sub-systemCode/Main/CMD/COMM_CMD.o
                0x2000740c                cmd_change_trans_rssi
 .text.cmd_aprs_dump
                0x200074c4       0x50 ./src/sub-systemCode/Main/CMD/COMM_CMD.o
                0x200074c4                cmd_aprs_dump
 .text.cmd_stop_dump
                0x20007514       0x38 ./src/sub-systemCode/Main/CMD/COMM_CMD.o
                0x20007514                cmd_stop_dump
 .text.cmd_time_frequency
                0x2000754c       0xc0 ./src/sub-systemCode/Main/CMD/COMM_CMD.o
                0x2000754c                cmd_time_frequency
 .text.cmd_upload_volt_logic
                0x2000760c      0x3d0 ./src/sub-systemCode/Main/CMD/EPS_CMD.o
                0x2000760c                cmd_upload_volt_logic
 .text.cmd_upload_volt_COMM
                0x200079dc      0x1c8 ./src/sub-systemCode/Main/CMD/EPS_CMD.o
                0x200079dc                cmd_upload_volt_COMM
 .text.cmd_heater_temp
                0x20007ba4       0xc0 ./src/sub-systemCode/Main/CMD/EPS_CMD.o
                0x20007ba4                cmd_heater_temp
 .text.cmd_SHUT_CAM
                0x20007c64       0x6c ./src/sub-systemCode/Main/CMD/EPS_CMD.o
                0x20007c64                cmd_SHUT_CAM
 .text.cmd_SHUT_ADCS
                0x20007cd0       0x6c ./src/sub-systemCode/Main/CMD/EPS_CMD.o
                0x20007cd0                cmd_SHUT_ADCS
 .text.cmd_allow_CAM
                0x20007d3c       0x6c ./src/sub-systemCode/Main/CMD/EPS_CMD.o
                0x20007d3c                cmd_allow_CAM
 .text.cmd_allow_ADCS
                0x20007da8       0x6c ./src/sub-systemCode/Main/CMD/EPS_CMD.o
                0x20007da8                cmd_allow_ADCS
 .text.cmd_generic_I2C
                0x20007e14       0xb4 ./src/sub-systemCode/Main/CMD/General_CMD.o
                0x20007e14                cmd_generic_I2C
 .text.cmd_dump
                0x20007ec8       0xf0 ./src/sub-systemCode/Main/CMD/General_CMD.o
                0x20007ec8                cmd_dump
 .text.cmd_delete_TM
                0x20007fb8      0x1dc ./src/sub-systemCode/Main/CMD/General_CMD.o
                0x20007fb8                cmd_delete_TM
 .text.cmd_reset_file
                0x20008194      0x110 ./src/sub-systemCode/Main/CMD/General_CMD.o
                0x20008194                cmd_reset_file
 .text.cmd_dummy_func
                0x200082a4       0x40 ./src/sub-systemCode/Main/CMD/General_CMD.o
                0x200082a4                cmd_dummy_func
 .text.cmd_soft_reset_cmponent
                0x200082e4       0xb0 ./src/sub-systemCode/Main/CMD/General_CMD.o
                0x200082e4                cmd_soft_reset_cmponent
 .text.cmd_hard_reset_cmponent
                0x20008394       0xb0 ./src/sub-systemCode/Main/CMD/General_CMD.o
                0x20008394                cmd_hard_reset_cmponent
 .text.cmd_reset_satellite
                0x20008444       0x78 ./src/sub-systemCode/Main/CMD/General_CMD.o
                0x20008444                cmd_reset_satellite
 .text.cmd_gracefull_reset_satellite
                0x200084bc       0x78 ./src/sub-systemCode/Main/CMD/General_CMD.o
                0x200084bc                cmd_gracefull_reset_satellite
 .text.cmd_upload_time
                0x20008534       0xb0 ./src/sub-systemCode/Main/CMD/General_CMD.o
                0x20008534                cmd_upload_time
 .text.cmd_ARM_DIARM
                0x200085e4       0xd4 ./src/sub-systemCode/Main/CMD/General_CMD.o
                0x200085e4                cmd_ARM_DIARM
 .text.cmd_reset_delayed_command_list
                0x200086b8       0x3c ./src/sub-systemCode/Main/CMD/SW_CMD.o
                0x200086b8                cmd_reset_delayed_command_list
 .text.cmd_reset_APRS_list
                0x200086f4       0x3c ./src/sub-systemCode/Main/CMD/SW_CMD.o
                0x200086f4                cmd_reset_APRS_list
 .text.cmd_reset_FRAM
                0x20008730       0xe8 ./src/sub-systemCode/Main/CMD/SW_CMD.o
                0x20008730                cmd_reset_FRAM
 .text.ARM_ants
                0x20008818       0xb8 ./src/sub-systemCode/Main/Ants.o
                0x20008818                ARM_ants
 .text.DISARM_ants
                0x200088d0       0xb8 ./src/sub-systemCode/Main/Ants.o
                0x200088d0                DISARM_ants
 .text.convert_vol
                0x20008988      0x12c ./src/sub-systemCode/Main/EPS.o
                0x20008988                convert_vol
 .text.get_shut_ADCS
                0x20008ab4       0x48 ./src/sub-systemCode/Main/EPS.o
                0x20008ab4                get_shut_ADCS
 .text.shut_ADCS
                0x20008afc       0x44 ./src/sub-systemCode/Main/EPS.o
                0x20008afc                shut_ADCS
 .text.get_shut_CAM
                0x20008b40       0x48 ./src/sub-systemCode/Main/EPS.o
                0x20008b40                get_shut_CAM
 .text.shut_CAM
                0x20008b88       0x44 ./src/sub-systemCode/Main/EPS.o
                0x20008b88                shut_CAM
 .text.EPS_Init
                0x20008bcc      0x1a0 ./src/sub-systemCode/Main/EPS.o
                0x20008bcc                EPS_Init
 .text.reset_FRAM_EPS
                0x20008d6c       0xa4 ./src/sub-systemCode/Main/EPS.o
                0x20008d6c                reset_FRAM_EPS
 .text.reset_EPS_voltages
                0x20008e10       0xbc ./src/sub-systemCode/Main/EPS.o
                0x20008e10                reset_EPS_voltages
 .text.EPS_Conditioning
                0x20008ecc      0x2ac ./src/sub-systemCode/Main/EPS.o
                0x20008ecc                EPS_Conditioning
 .text.overRide_ADCS
                0x20009178       0x50 ./src/sub-systemCode/Main/EPS.o
                0x20009178                overRide_ADCS
 .text.overRide_Camera
                0x200091c8       0x38 ./src/sub-systemCode/Main/EPS.o
                0x200091c8                overRide_Camera
 .text.EnterFullMode
                0x20009200       0xec ./src/sub-systemCode/Main/EPS.o
                0x20009200                EnterFullMode
 .text.EnterCruiseMode
                0x200092ec       0xdc ./src/sub-systemCode/Main/EPS.o
                0x200092ec                EnterCruiseMode
 .text.EnterSafeMode
                0x200093c8       0xdc ./src/sub-systemCode/Main/EPS.o
                0x200093c8                EnterSafeMode
 .text.EnterCriticalMode
                0x200094a4       0xc8 ./src/sub-systemCode/Main/EPS.o
                0x200094a4                EnterCriticalMode
 .text.convert_raw_voltage
                0x2000956c       0xd8 ./src/sub-systemCode/Main/EPS.o
                0x2000956c                convert_raw_voltage
 .text.find_fileName
                0x20009644      0x55c ./src/sub-systemCode/Main/HouseKeeping.o
                0x20009644                find_fileName
 .text.size_of_element
                0x20009ba0       0xac ./src/sub-systemCode/Main/HouseKeeping.o
                0x20009ba0                size_of_element
 .text.save_ACK
                0x20009c4c       0xa0 ./src/sub-systemCode/Main/HouseKeeping.o
                0x20009c4c                save_ACK
 .text.set_GP_EPS
                0x20009cec      0x124 ./src/sub-systemCode/Main/HouseKeeping.o
                0x20009cec                set_GP_EPS
 .text.set_GP_COMM
                0x20009e10      0x160 ./src/sub-systemCode/Main/HouseKeeping.o
                0x20009e10                set_GP_COMM
 .text.SP_HK_collect
                0x20009f70      0x134 ./src/sub-systemCode/Main/HouseKeeping.o
                0x20009f70                SP_HK_collect
 .text.EPS_HK_collect
                0x2000a0a4      0x4d8 ./src/sub-systemCode/Main/HouseKeeping.o
                0x2000a0a4                EPS_HK_collect
 .text.CAM_HK_collect
                0x2000a57c      0x91c ./src/sub-systemCode/Main/HouseKeeping.o
                0x2000a57c                CAM_HK_collect
 .text.COMM_HK_collect
                0x2000ae98      0x148 ./src/sub-systemCode/Main/HouseKeeping.o
                0x2000ae98                COMM_HK_collect
 .text.ADCS_HK_collect
                0x2000afe0       0x40 ./src/sub-systemCode/Main/HouseKeeping.o
                0x2000afe0                ADCS_HK_collect
 .text.COMM_create_file
                0x2000b020       0x74 ./src/sub-systemCode/Main/HouseKeeping.o
                0x2000b020                COMM_create_file
 .text.ACK_create_file
                0x2000b094       0x74 ./src/sub-systemCode/Main/HouseKeeping.o
                0x2000b094                ACK_create_file
 .text.EPS_create_file
                0x2000b108       0x74 ./src/sub-systemCode/Main/HouseKeeping.o
                0x2000b108                EPS_create_file
 .text.CAM_create_file
                0x2000b17c       0x54 ./src/sub-systemCode/Main/HouseKeeping.o
                0x2000b17c                CAM_create_file
 .text.ADCS_create_file
                0x2000b1d0       0x54 ./src/sub-systemCode/Main/HouseKeeping.o
                0x2000b1d0                ADCS_create_file
 .text.create_files
                0x2000b224       0x44 ./src/sub-systemCode/Main/HouseKeeping.o
                0x2000b224                create_files
 .text.save_SP_HK
                0x2000b268       0x70 ./src/sub-systemCode/Main/HouseKeeping.o
                0x2000b268                save_SP_HK
 .text.save_EPS_HK
                0x2000b2d8       0x70 ./src/sub-systemCode/Main/HouseKeeping.o
                0x2000b2d8                save_EPS_HK
 .text.save_CAM_HK
                0x2000b348       0x70 ./src/sub-systemCode/Main/HouseKeeping.o
                0x2000b348                save_CAM_HK
 .text.save_COMM_HK
                0x2000b3b8       0x70 ./src/sub-systemCode/Main/HouseKeeping.o
                0x2000b3b8                save_COMM_HK
 .text.save_ADCS_HK
                0x2000b428       0x84 ./src/sub-systemCode/Main/HouseKeeping.o
                0x2000b428                save_ADCS_HK
 .text.EPS_HK_raw_BigEnE
                0x2000b4ac      0x194 ./src/sub-systemCode/Main/HouseKeeping.o
                0x2000b4ac                EPS_HK_raw_BigEnE
 .text.CAM_HK_raw_BigEnE
                0x2000b640      0x194 ./src/sub-systemCode/Main/HouseKeeping.o
                0x2000b640                CAM_HK_raw_BigEnE
 .text.COMM_HK_raw_BigEnE
                0x2000b7d4      0x194 ./src/sub-systemCode/Main/HouseKeeping.o
                0x2000b7d4                COMM_HK_raw_BigEnE
 .text.ADCS_HK_raw_BigEnE
                0x2000b968      0x194 ./src/sub-systemCode/Main/HouseKeeping.o
                0x2000b968                ADCS_HK_raw_BigEnE
 .text.ADCS_SC_raw_BigEnE
                0x2000bafc      0x188 ./src/sub-systemCode/Main/HouseKeeping.o
                0x2000bafc                ADCS_SC_raw_BigEnE
 .text.build_HK_spl_packet
                0x2000bc84      0x918 ./src/sub-systemCode/Main/HouseKeeping.o
                0x2000bc84                build_HK_spl_packet
 .text.HouseKeeping_highRate_Task
                0x2000c59c       0x84 ./src/sub-systemCode/Main/HouseKeeping.o
                0x2000c59c                HouseKeeping_highRate_Task
 .text.HouseKeeping_lowRate_Task
                0x2000c620       0x7c ./src/sub-systemCode/Main/HouseKeeping.o
                0x2000c620                HouseKeeping_lowRate_Task
 .text.test_menu
                0x2000c69c       0xd8 ./src/sub-systemCode/Main/Main_Init.o
                0x2000c69c                test_menu
 .text.numberOfRestarts
                0x2000c774       0x94 ./src/sub-systemCode/Main/Main_Init.o
                0x2000c774                numberOfRestarts
 .text.StartFRAM
                0x2000c808       0x38 ./src/sub-systemCode/Main/Main_Init.o
                0x2000c808                StartFRAM
 .text.StartI2C
                0x2000c840       0x44 ./src/sub-systemCode/Main/Main_Init.o
                0x2000c840                StartI2C
 .text.StartSPI
                0x2000c884       0x40 ./src/sub-systemCode/Main/Main_Init.o
                0x2000c884                StartSPI
 .text.StartTIME
                0x2000c8c4      0x118 ./src/sub-systemCode/Main/Main_Init.o
                0x2000c8c4                StartTIME
 .text.first_activation
                0x2000c9dc       0x78 ./src/sub-systemCode/Main/Main_Init.o
                0x2000c9dc                first_activation
 .text.resetSD  0x2000ca54       0xc4 ./src/sub-systemCode/Main/Main_Init.o
                0x2000ca54                resetSD
 .text.InitSubsystems
                0x2000cb18       0x78 ./src/sub-systemCode/Main/Main_Init.o
                0x2000cb18                InitSubsystems
 .text.SubSystemTaskStart
                0x2000cb90       0xe8 ./src/sub-systemCode/Main/Main_Init.o
                0x2000cb90                SubSystemTaskStart
 .text.copy_command
                0x2000cc78       0x80 ./src/sub-systemCode/Main/commands.o
                0x2000cc78                copy_command
 .text.reset_command
                0x2000ccf8       0x28 ./src/sub-systemCode/Main/commands.o
                0x2000ccf8                reset_command
 .text.init_command
                0x2000cd20       0xd4 ./src/sub-systemCode/Main/commands.o
                0x2000cd20                init_command
 .text.add_command
                0x2000cdf4      0x138 ./src/sub-systemCode/Main/commands.o
                0x2000cdf4                add_command
 .text.get_command
                0x2000cf2c      0x1cc ./src/sub-systemCode/Main/commands.o
                0x2000cf2c                get_command
 .text.act_upon_command
                0x2000d0f8      0x200 ./src/sub-systemCode/Main/commands.o
                0x2000d0f8                act_upon_command
 .text.AUC_COMM
                0x2000d2f8      0x200 ./src/sub-systemCode/Main/commands.o
                0x2000d2f8                AUC_COMM
 .text.AUC_general
                0x2000d4f8      0x17c ./src/sub-systemCode/Main/commands.o
                0x2000d4f8                AUC_general
 .text.AUC_payload
                0x2000d674      0x110 ./src/sub-systemCode/Main/commands.o
                0x2000d674                AUC_payload
 .text.AUC_EPS  0x2000d784      0x248 ./src/sub-systemCode/Main/commands.o
                0x2000d784                AUC_EPS
 .text.AUC_ADCS
                0x2000d9cc       0x5c ./src/sub-systemCode/Main/commands.o
                0x2000d9cc                AUC_ADCS
 .text.AUC_GS   0x2000da28      0x1fc ./src/sub-systemCode/Main/commands.o
                0x2000da28                AUC_GS
 .text.AUC_SW   0x2000dc24       0xe4 ./src/sub-systemCode/Main/commands.o
                0x2000dc24                AUC_SW
 .text.AUC_special_operation
                0x2000dd08       0x8c ./src/sub-systemCode/Main/commands.o
                0x2000dd08                AUC_special_operation
 .text.check_int
                0x2000dd94       0x3c ./src/sub-systemCode/Global/Global.o
                0x2000dd94                check_int
 .text.check_portBASE_TYPE
                0x2000ddd0       0x3c ./src/sub-systemCode/Global/Global.o
                0x2000ddd0                check_portBASE_TYPE
 .text.soft_reset_subsystem
                0x2000de0c       0xd8 ./src/sub-systemCode/Global/Global.o
                0x2000de0c                soft_reset_subsystem
 .text.hard_reset_subsystem
                0x2000dee4       0xfc ./src/sub-systemCode/Global/Global.o
                0x2000dee4                hard_reset_subsystem
 .text.BigEnE_raw_to_uInt
                0x2000dfe0       0x94 ./src/sub-systemCode/Global/Global.o
                0x2000dfe0                BigEnE_raw_to_uInt
 .text.BigEnE_raw_to_uShort
                0x2000e074       0x50 ./src/sub-systemCode/Global/Global.o
                0x2000e074                BigEnE_raw_to_uShort
 .text.BigEnE_uInt_to_raw
                0x2000e0c4       0x78 ./src/sub-systemCode/Global/Global.o
                0x2000e0c4                BigEnE_uInt_to_raw
 .text.reset_FRAM_MAIN
                0x2000e13c      0x19c ./src/sub-systemCode/Global/Global.o
                0x2000e13c                reset_FRAM_MAIN
 .text.init_GP  0x2000e2d8      0x35c ./src/sub-systemCode/Global/GlobalParam.o
                0x2000e2d8                init_GP
 .text.get_system_state
                0x2000e634      0x268 ./src/sub-systemCode/Global/GlobalParam.o
                0x2000e634                get_system_state
 .text.set_system_state
                0x2000e89c      0x298 ./src/sub-systemCode/Global/GlobalParam.o
                0x2000e89c                set_system_state
 .text.get_current_global_param
                0x2000eb34      0x670 ./src/sub-systemCode/Global/GlobalParam.o
                0x2000eb34                get_current_global_param
 .text.set_Vbatt_previous
                0x2000f1a4       0xe8 ./src/sub-systemCode/Global/GlobalParam.o
                0x2000f1a4                set_Vbatt_previous
 .text.get_Vbatt_previous
                0x2000f28c       0xc8 ./src/sub-systemCode/Global/GlobalParam.o
                0x2000f28c                get_Vbatt_previous
 .text.set_Vbatt
                0x2000f354       0xb8 ./src/sub-systemCode/Global/GlobalParam.o
                0x2000f354                set_Vbatt
 .text.get_Vbatt
                0x2000f40c       0x8c ./src/sub-systemCode/Global/GlobalParam.o
                0x2000f40c                get_Vbatt
 .text.set_curBat
                0x2000f498       0x8c ./src/sub-systemCode/Global/GlobalParam.o
                0x2000f498                set_curBat
 .text.set_cur3V3
                0x2000f524       0x8c ./src/sub-systemCode/Global/GlobalParam.o
                0x2000f524                set_cur3V3
 .text.set_cur5V
                0x2000f5b0       0x8c ./src/sub-systemCode/Global/GlobalParam.o
                0x2000f5b0                set_cur5V
 .text.set_tempComm_LO
                0x2000f63c       0xac ./src/sub-systemCode/Global/GlobalParam.o
                0x2000f63c                set_tempComm_LO
 .text.set_tempComm_PA
                0x2000f6e8       0xac ./src/sub-systemCode/Global/GlobalParam.o
                0x2000f6e8                set_tempComm_PA
 .text.set_tempEPS
                0x2000f794       0xe8 ./src/sub-systemCode/Global/GlobalParam.o
                0x2000f794                set_tempEPS
 .text.set_tempBatt
                0x2000f87c       0xe8 ./src/sub-systemCode/Global/GlobalParam.o
                0x2000f87c                set_tempBatt
 .text.set_RxDoppler
                0x2000f964       0x8c ./src/sub-systemCode/Global/GlobalParam.o
                0x2000f964                set_RxDoppler
 .text.set_RxRSSI
                0x2000f9f0       0x8c ./src/sub-systemCode/Global/GlobalParam.o
                0x2000f9f0                set_RxRSSI
 .text.set_TxRefl
                0x2000fa7c       0x8c ./src/sub-systemCode/Global/GlobalParam.o
                0x2000fa7c                set_TxRefl
 .text.set_TxForw
                0x2000fb08       0x8c ./src/sub-systemCode/Global/GlobalParam.o
                0x2000fb08                set_TxForw
 .text.get_ST   0x2000fb94       0x98 ./src/sub-systemCode/Global/GlobalParam.o
                0x2000fb94                get_ST
 .text.set_numOfAPRS
                0x2000fc2c       0x8c ./src/sub-systemCode/Global/GlobalParam.o
                0x2000fc2c                set_numOfAPRS
 .text.set_numOfResets
                0x2000fcb8       0xac ./src/sub-systemCode/Global/GlobalParam.o
                0x2000fcb8                set_numOfResets
 .text.set_ground_conn
                0x2000fd64       0x88 ./src/sub-systemCode/Global/GlobalParam.o
                0x2000fd64                set_ground_conn
 .text.get_ground_conn
                0x2000fdec       0x94 ./src/sub-systemCode/Global/GlobalParam.o
                0x2000fdec                get_ground_conn
 .text.getNumOfFilesInFS
                0x2000fe80       0x44 ./src/sub-systemCode/Global/TM_managment.o
 .text.setNumOfFilesInFS
                0x2000fec4       0x50 ./src/sub-systemCode/Global/TM_managment.o
 .text.InitializeFS
                0x2000ff14      0x170 ./src/sub-systemCode/Global/TM_managment.o
                0x2000ff14                InitializeFS
 .text.c_fileCreate
                0x20010084       0xf4 ./src/sub-systemCode/Global/TM_managment.o
                0x20010084                c_fileCreate
 .text.writewithEpochtime
                0x20010178       0xb0 ./src/sub-systemCode/Global/TM_managment.o
 .text.get_C_FILE_struct
                0x20010228      0x104 ./src/sub-systemCode/Global/TM_managment.o
 .text.getFileIndex
                0x2001032c       0x4c ./src/sub-systemCode/Global/TM_managment.o
 .text.get_file_name_by_index
                0x20010378       0x48 ./src/sub-systemCode/Global/TM_managment.o
                0x20010378                get_file_name_by_index
 .text.c_fileReset
                0x200103c0       0xbc ./src/sub-systemCode/Global/TM_managment.o
                0x200103c0                c_fileReset
 .text.c_fileWrite
                0x2001047c      0x100 ./src/sub-systemCode/Global/TM_managment.o
                0x2001047c                c_fileWrite
 .text.c_fileRead
                0x2001057c      0x270 ./src/sub-systemCode/Global/TM_managment.o
                0x2001057c                c_fileRead
 .text.reset_APRS_list
                0x200107ec       0xa4 ./src/sub-systemCode/COMM/APRS.o
                0x200107ec                reset_APRS_list
 .text.send_APRS_Dump
                0x20010890      0x1c4 ./src/sub-systemCode/COMM/APRS.o
                0x20010890                send_APRS_Dump
 .text.check_APRS
                0x20010a54      0x1a4 ./src/sub-systemCode/COMM/APRS.o
                0x20010a54                check_APRS
 .text.get_APRS_list
                0x20010bf8       0x88 ./src/sub-systemCode/COMM/APRS.o
                0x20010bf8                get_APRS_list
 .text.find_CMD_in_list
                0x20010c80       0x7c ./src/sub-systemCode/COMM/DelayedCommand_list.o
                0x20010c80                find_CMD_in_list
 .text.find_empty_in_list
                0x20010cfc       0x74 ./src/sub-systemCode/COMM/DelayedCommand_list.o
                0x20010cfc                find_empty_in_list
 .text.check_delayCommandTime
                0x20010d70       0x8c ./src/sub-systemCode/COMM/DelayedCommand_list.o
                0x20010d70                check_delayCommandTime
 .text.execute_delayedCommand
                0x20010dfc       0x64 ./src/sub-systemCode/COMM/DelayedCommand_list.o
                0x20010dfc                execute_delayedCommand
 .text.check_delaycommand
                0x20010e60      0x170 ./src/sub-systemCode/COMM/DelayedCommand_list.o
                0x20010e60                check_delaycommand
 .text.reset_delayCommand
                0x20010fd0       0x8c ./src/sub-systemCode/COMM/DelayedCommand_list.o
                0x20010fd0                reset_delayCommand
 .text.add_delayCommand
                0x2001105c      0x1a4 ./src/sub-systemCode/COMM/DelayedCommand_list.o
                0x2001105c                add_delayCommand
 .text.get_delayCommand_list
                0x20011200       0x80 ./src/sub-systemCode/COMM/DelayedCommand_list.o
                0x20011200                get_delayCommand_list
 .text.EmptyOldestCommand
                0x20011280       0xfc ./src/sub-systemCode/COMM/DelayedCommand_list.o
                0x20011280                EmptyOldestCommand
 .text.decode_TCpacket
                0x2001137c      0x16c ./src/sub-systemCode/COMM/GSC.o
                0x2001137c                decode_TCpacket
 .text.encode_TCpacket
                0x200114e8      0x114 ./src/sub-systemCode/COMM/GSC.o
                0x200114e8                encode_TCpacket
 .text.encode_TMpacket
                0x200115fc      0x104 ./src/sub-systemCode/COMM/GSC.o
                0x200115fc                encode_TMpacket
 .text.build_raw_ACK
                0x20011700       0xbc ./src/sub-systemCode/COMM/GSC.o
                0x20011700                build_raw_ACK
 .text.build_data_field_ACK
                0x200117bc       0x74 ./src/sub-systemCode/COMM/GSC.o
                0x200117bc                build_data_field_ACK
 .text.init_trxvu
                0x20011830      0x118 ./src/sub-systemCode/COMM/TRXVU.o
                0x20011830                init_trxvu
 .text.TRXVU_task
                0x20011948      0x18c ./src/sub-systemCode/COMM/TRXVU.o
                0x20011948                TRXVU_task
 .text.dump_logic
                0x20011ad4      0x2dc ./src/sub-systemCode/COMM/TRXVU.o
                0x20011ad4                dump_logic
 .text.Dump_task
                0x20011db0      0x184 ./src/sub-systemCode/COMM/TRXVU.o
                0x20011db0                Dump_task
 .text.transponder_logic
                0x20011f34       0xbc ./src/sub-systemCode/COMM/TRXVU.o
                0x20011f34                transponder_logic
 .text.Transponder_task
                0x20011ff0      0x1e0 ./src/sub-systemCode/COMM/TRXVU.o
                0x20011ff0                Transponder_task
 .text.lookForRequestToDelete_transponder
                0x200121d0       0xac ./src/sub-systemCode/COMM/TRXVU.o
                0x200121d0                lookForRequestToDelete_transponder
 .text.lookForRequestToDelete_dump
                0x2001227c       0x7c ./src/sub-systemCode/COMM/TRXVU.o
                0x2001227c                lookForRequestToDelete_dump
 .text.sendRequestToStop_dump
                0x200122f8       0x8c ./src/sub-systemCode/COMM/TRXVU.o
                0x200122f8                sendRequestToStop_dump
 .text.sendRequestToStop_transponder
                0x20012384       0x98 ./src/sub-systemCode/COMM/TRXVU.o
                0x20012384                sendRequestToStop_transponder
 .text.Rx_logic
                0x2001241c      0x188 ./src/sub-systemCode/COMM/TRXVU.o
                0x2001241c                Rx_logic
 .text.pass_above_Ground
                0x200125a4      0x104 ./src/sub-systemCode/COMM/TRXVU.o
                0x200125a4                pass_above_Ground
 .text.trxvu_logic
                0x200126a8       0x1c ./src/sub-systemCode/COMM/TRXVU.o
                0x200126a8                trxvu_logic
 .text.Beacon_task
                0x200126c4      0x1d8 ./src/sub-systemCode/COMM/TRXVU.o
                0x200126c4                Beacon_task
 .text.buildAndSend_beacon
                0x2001289c      0x614 ./src/sub-systemCode/COMM/TRXVU.o
                0x2001289c                buildAndSend_beacon
 .text.reset_FRAM_TRXVU
                0x20012eb0       0xc0 ./src/sub-systemCode/COMM/TRXVU.o
                0x20012eb0                reset_FRAM_TRXVU
 .text.TRX_sendFrame
                0x20012f70      0x24c ./src/sub-systemCode/COMM/TRXVU.o
                0x20012f70                TRX_sendFrame
 .text.TRX_getFrameData
                0x200131bc      0x128 ./src/sub-systemCode/COMM/TRXVU.o
                0x200131bc                TRX_getFrameData
 .text.mute_Tx  0x200132e4       0x20 ./src/sub-systemCode/COMM/TRXVU.o
                0x200132e4                mute_Tx
 .text.unmute_Tx
                0x20013304       0x54 ./src/sub-systemCode/COMM/TRXVU.o
                0x20013304                unmute_Tx
 .text.check_time_off_mute
                0x20013358       0x74 ./src/sub-systemCode/COMM/TRXVU.o
                0x20013358                check_time_off_mute
 .text.set_mute_time
                0x200133cc       0xb4 ./src/sub-systemCode/COMM/TRXVU.o
                0x200133cc                set_mute_time
 .text.change_TRXVU_state
                0x20013480       0x98 ./src/sub-systemCode/COMM/TRXVU.o
                0x20013480                change_TRXVU_state
 .text.change_trans_RSSI
                0x20013518       0x60 ./src/sub-systemCode/COMM/TRXVU.o
                0x20013518                change_trans_RSSI
 .text.init_adcs
                0x20013578      0x104 ./src/sub-systemCode/ADCS/ADCS.o
                0x20013578                init_adcs
 .text.telemtryStart
                0x2001367c      0x16c ./src/sub-systemCode/ADCS/Stage_Table.o
                0x2001367c                telemtryStart
 .text.powerStart
                0x200137e8       0x5c ./src/sub-systemCode/ADCS/Stage_Table.o
                0x200137e8                powerStart
 .text.createTable
                0x20013844       0xb4 ./src/sub-systemCode/ADCS/Stage_Table.o
                0x20013844                createTable
 .text.buildControlMode
                0x200138f8       0x60 ./src/sub-systemCode/ADCS/Stage_Table.o
                0x200138f8                buildControlMode
 .text.Check_Table
                0x20013958      0x178 ./src/sub-systemCode/ADCS/Stage_Table.o
                0x20013958                Check_Table
 .text.updateTable
                0x20013ad0      0x1f0 ./src/sub-systemCode/ADCS/Stage_Table.o
                0x20013ad0                updateTable
 .text.translateCommandFULL
                0x20013cc0       0x78 ./src/sub-systemCode/ADCS/Stage_Table.o
                0x20013cc0                translateCommandFULL
 .text.getTableTo
                0x20013d38       0x64 ./src/sub-systemCode/ADCS/Stage_Table.o
                0x20013d38                getTableTo
 .text.save_time
                0x20013d9c       0x9c ./src/main.o
                0x20013d9c                save_time
 .text.Command_logic
                0x20013e38       0x6c ./src/main.o
                0x20013e38                Command_logic
 .text.taskMain
                0x20013ea4       0x74 ./src/main.o
                0x20013ea4                taskMain
 .text.main     0x20013f18       0xb8 ./src/main.o
                0x20013f18                main
 .text.GomEpsInitialize
                0x20013fd0      0x148 C:/Hoopoe3/satellite-subsystems/demo/..//satellite-subsystems/lib\libSatelliteSubsystemsD.a(GomEPS.o)
                0x20013fd0                GomEpsInitialize
 .text.makeEPStransfer
                0x20014118       0x3c C:/Hoopoe3/satellite-subsystems/demo/..//satellite-subsystems/lib\libSatelliteSubsystemsD.a(GomEPS.o)
 .text.GomEpsSoftReset
                0x20014154       0xc4 C:/Hoopoe3/satellite-subsystems/demo/..//satellite-subsystems/lib\libSatelliteSubsystemsD.a(GomEPS.o)
                0x20014154                GomEpsSoftReset
 .text.GomEpsHardReset
                0x20014218       0xa8 C:/Hoopoe3/satellite-subsystems/demo/..//satellite-subsystems/lib\libSatelliteSubsystemsD.a(GomEPS.o)
                0x20014218                GomEpsHardReset
 .text.GomEpsGetHkData_general
                0x200142c0      0x45c C:/Hoopoe3/satellite-subsystems/demo/..//satellite-subsystems/lib\libSatelliteSubsystemsD.a(GomEPS.o)
                0x200142c0                GomEpsGetHkData_general
 .text.GomEpsGetHkData_basic
                0x2001471c      0x22c C:/Hoopoe3/satellite-subsystems/demo/..//satellite-subsystems/lib\libSatelliteSubsystemsD.a(GomEPS.o)
                0x2001471c                GomEpsGetHkData_basic
 .text.GomEpsSetOutput
                0x20014948       0xbc C:/Hoopoe3/satellite-subsystems/demo/..//satellite-subsystems/lib\libSatelliteSubsystemsD.a(GomEPS.o)
                0x20014948                GomEpsSetOutput
 .text.GomEpsConfigSet
                0x20014a04      0x184 C:/Hoopoe3/satellite-subsystems/demo/..//satellite-subsystems/lib\libSatelliteSubsystemsD.a(GomEPS.o)
                0x20014a04                GomEpsConfigSet
 .text.makeAntStransfer
                0x20014b88       0x4c C:/Hoopoe3/satellite-subsystems/demo/..//satellite-subsystems/lib\libSatelliteSubsystemsD.a(IsisAntS.o)
 .text.checkInputsValid
                0x20014bd4       0x7c C:/Hoopoe3/satellite-subsystems/demo/..//satellite-subsystems/lib\libSatelliteSubsystemsD.a(IsisAntS.o)
 .text.IsisAntS_setArmStatus
                0x20014c50      0x104 C:/Hoopoe3/satellite-subsystems/demo/..//satellite-subsystems/lib\libSatelliteSubsystemsD.a(IsisAntS.o)
                0x20014c50                IsisAntS_setArmStatus
 .text.IsisAntS_getTemperature
                0x20014d54      0x120 C:/Hoopoe3/satellite-subsystems/demo/..//satellite-subsystems/lib\libSatelliteSubsystemsD.a(IsisAntS.o)
                0x20014d54                IsisAntS_getTemperature
 .text.IsisAntS_reset
                0x20014e74      0x104 C:/Hoopoe3/satellite-subsystems/demo/..//satellite-subsystems/lib\libSatelliteSubsystemsD.a(IsisAntS.o)
                0x20014e74                IsisAntS_reset
 .text.IsisSolarPanelv2_initialize
                0x20014f78       0xb4 C:/Hoopoe3/satellite-subsystems/demo/..//satellite-subsystems/lib\libSatelliteSubsystemsD.a(IsisSolarPanelv2.o)
                0x20014f78                IsisSolarPanelv2_initialize
 .text.IsisSolarPanelv2_getTemperature
                0x2001502c       0xc8 C:/Hoopoe3/satellite-subsystems/demo/..//satellite-subsystems/lib\libSatelliteSubsystemsD.a(IsisSolarPanelv2.o)
                0x2001502c                IsisSolarPanelv2_getTemperature
 .text.IsisSolarPanelv2_sleep
                0x200150f4       0xbc C:/Hoopoe3/satellite-subsystems/demo/..//satellite-subsystems/lib\libSatelliteSubsystemsD.a(IsisSolarPanelv2.o)
                0x200150f4                IsisSolarPanelv2_sleep
 .text.IsisSolarPanelv2_wakeup
                0x200151b0       0x80 C:/Hoopoe3/satellite-subsystems/demo/..//satellite-subsystems/lib\libSatelliteSubsystemsD.a(IsisSolarPanelv2.o)
                0x200151b0                IsisSolarPanelv2_wakeup
 .text._Reset   0x20015230       0x20 C:/Hoopoe3/satellite-subsystems/demo/..//satellite-subsystems/lib\libSatelliteSubsystemsD.a(IsisSolarPanelv2.o)
 .text._WaitForStartup
                0x20015250       0x90 C:/Hoopoe3/satellite-subsystems/demo/..//satellite-subsystems/lib\libSatelliteSubsystemsD.a(IsisSolarPanelv2.o)
 .text._AssignAllChannels
                0x200152e0       0x90 C:/Hoopoe3/satellite-subsystems/demo/..//satellite-subsystems/lib\libSatelliteSubsystemsD.a(IsisSolarPanelv2.o)
 .text._AssignThisChannel
                0x20015370       0xe8 C:/Hoopoe3/satellite-subsystems/demo/..//satellite-subsystems/lib\libSatelliteSubsystemsD.a(IsisSolarPanelv2.o)
 .text._InitiateConversion
                0x20015458       0xac C:/Hoopoe3/satellite-subsystems/demo/..//satellite-subsystems/lib\libSatelliteSubsystemsD.a(IsisSolarPanelv2.o)
 .text._WaitForConversionComplete
                0x20015504      0x100 C:/Hoopoe3/satellite-subsystems/demo/..//satellite-subsystems/lib\libSatelliteSubsystemsD.a(IsisSolarPanelv2.o)
 .text._ReadResult
                0x20015604      0x158 C:/Hoopoe3/satellite-subsystems/demo/..//satellite-subsystems/lib\libSatelliteSubsystemsD.a(IsisSolarPanelv2.o)
 .text._ExtractByte
                0x2001575c       0x38 C:/Hoopoe3/satellite-subsystems/demo/..//satellite-subsystems/lib\libSatelliteSubsystemsD.a(IsisSolarPanelv2.o)
 .text._ExtendSign
                0x20015794       0x6c C:/Hoopoe3/satellite-subsystems/demo/..//satellite-subsystems/lib\libSatelliteSubsystemsD.a(IsisSolarPanelv2.o)
 .text._PinsInit
                0x20015800       0x50 C:/Hoopoe3/satellite-subsystems/demo/..//satellite-subsystems/lib\libSatelliteSubsystemsD.a(IsisSolarPanelv2.o)
 .text._SpiWriteRead
                0x20015850       0x70 C:/Hoopoe3/satellite-subsystems/demo/..//satellite-subsystems/lib\libSatelliteSubsystemsD.a(IsisSolarPanelv2.o)
 .text.IsisTrxvu_initialize
                0x200158c0      0x2f4 C:/Hoopoe3/satellite-subsystems/demo/..//satellite-subsystems/lib\libSatelliteSubsystemsD.a(IsisTRXVU.o)
                0x200158c0                IsisTrxvu_initialize
 .text.makeTRXVUtransfer
                0x20015bb4       0x44 C:/Hoopoe3/satellite-subsystems/demo/..//satellite-subsystems/lib\libSatelliteSubsystemsD.a(IsisTRXVU.o)
 .text.IsisTrxvu_componentSoftReset
                0x20015bf8       0x6c C:/Hoopoe3/satellite-subsystems/demo/..//satellite-subsystems/lib\libSatelliteSubsystemsD.a(IsisTRXVU.o)
                0x20015bf8                IsisTrxvu_componentSoftReset
 .text.IsisTrxvu_componentHardReset
                0x20015c64       0xc8 C:/Hoopoe3/satellite-subsystems/demo/..//satellite-subsystems/lib\libSatelliteSubsystemsD.a(IsisTRXVU.o)
                0x20015c64                IsisTrxvu_componentHardReset
 .text.IsisTrxvu_softReset
                0x20015d2c       0x74 C:/Hoopoe3/satellite-subsystems/demo/..//satellite-subsystems/lib\libSatelliteSubsystemsD.a(IsisTRXVU.o)
                0x20015d2c                IsisTrxvu_softReset
 .text.IsisTrxvu_hardReset
                0x20015da0       0x74 C:/Hoopoe3/satellite-subsystems/demo/..//satellite-subsystems/lib\libSatelliteSubsystemsD.a(IsisTRXVU.o)
                0x20015da0                IsisTrxvu_hardReset
 .text.IsisTrxvu_tcSendAX25DefClSign
                0x20015e14       0xec C:/Hoopoe3/satellite-subsystems/demo/..//satellite-subsystems/lib\libSatelliteSubsystemsD.a(IsisTRXVU.o)
                0x20015e14                IsisTrxvu_tcSendAX25DefClSign
 .text.IsisTrxvu_tcSetIdlestate
                0x20015f00       0xa4 C:/Hoopoe3/satellite-subsystems/demo/..//satellite-subsystems/lib\libSatelliteSubsystemsD.a(IsisTRXVU.o)
                0x20015f00                IsisTrxvu_tcSetIdlestate
 .text.IsisTrxvu_tcSetAx25Bitrate
                0x20015fa4       0xc4 C:/Hoopoe3/satellite-subsystems/demo/..//satellite-subsystems/lib\libSatelliteSubsystemsD.a(IsisTRXVU.o)
                0x20015fa4                IsisTrxvu_tcSetAx25Bitrate
 .text.IsisTrxvu_tcGetTelemetryAll_revC
                0x20016068       0xd0 C:/Hoopoe3/satellite-subsystems/demo/..//satellite-subsystems/lib\libSatelliteSubsystemsD.a(IsisTRXVU.o)
                0x20016068                IsisTrxvu_tcGetTelemetryAll_revC
 .text.IsisTrxvu_rcGetFrameCount
                0x20016138       0xa0 C:/Hoopoe3/satellite-subsystems/demo/..//satellite-subsystems/lib\libSatelliteSubsystemsD.a(IsisTRXVU.o)
                0x20016138                IsisTrxvu_rcGetFrameCount
 .text.IsisTrxvu_rcGetCommandFrame
                0x200161d8      0x2d8 C:/Hoopoe3/satellite-subsystems/demo/..//satellite-subsystems/lib\libSatelliteSubsystemsD.a(IsisTRXVU.o)
                0x200161d8                IsisTrxvu_rcGetCommandFrame
 .text.IsisTrxvu_rcGetTelemetryAll_revC
                0x200164b0       0xec C:/Hoopoe3/satellite-subsystems/demo/..//satellite-subsystems/lib\libSatelliteSubsystemsD.a(IsisTRXVU.o)
                0x200164b0                IsisTrxvu_rcGetTelemetryAll_revC
 .text.cspaceADCS_initialize
                0x2001659c      0x18c C:/Hoopoe3/satellite-subsystems/demo/..//satellite-subsystems/lib\libSatelliteSubsystemsD.a(cspaceADCS.o)
                0x2001659c                cspaceADCS_initialize
 .text.make_cspaceADCStransfer
                0x20016728      0x1b4 C:/Hoopoe3/satellite-subsystems/demo/..//satellite-subsystems/lib\libSatelliteSubsystemsD.a(cspaceADCS.o)
 .text.cspaceADCS_componentReset
                0x200168dc       0xbc C:/Hoopoe3/satellite-subsystems/demo/..//satellite-subsystems/lib\libSatelliteSubsystemsD.a(cspaceADCS.o)
                0x200168dc                cspaceADCS_componentReset
 .text.cspaceADCS_setRunMode
                0x20016998       0xbc C:/Hoopoe3/satellite-subsystems/demo/..//satellite-subsystems/lib\libSatelliteSubsystemsD.a(cspaceADCS.o)
                0x20016998                cspaceADCS_setRunMode
 .text.cspaceADCS_setPwrCtrlDevice
                0x20016a54       0xd0 C:/Hoopoe3/satellite-subsystems/demo/..//satellite-subsystems/lib\libSatelliteSubsystemsD.a(cspaceADCS.o)
                0x20016a54                cspaceADCS_setPwrCtrlDevice
 .text.cspaceADCS_setAttCtrlMode
                0x20016b24       0xd0 C:/Hoopoe3/satellite-subsystems/demo/..//satellite-subsystems/lib\libSatelliteSubsystemsD.a(cspaceADCS.o)
                0x20016b24                cspaceADCS_setAttCtrlMode
 .text.cspaceADCS_setAttEstMode
                0x20016bf4       0xbc C:/Hoopoe3/satellite-subsystems/demo/..//satellite-subsystems/lib\libSatelliteSubsystemsD.a(cspaceADCS.o)
                0x20016bf4                cspaceADCS_setAttEstMode
 .text.cspaceADCS_getCurrentState
                0x20016cb0       0xc4 C:/Hoopoe3/satellite-subsystems/demo/..//satellite-subsystems/lib\libSatelliteSubsystemsD.a(cspaceADCS.o)
                0x20016cb0                cspaceADCS_getCurrentState
 .text.cspaceADCS_getPowTempMeasTLM
                0x20016d74       0xc4 C:/Hoopoe3/satellite-subsystems/demo/..//satellite-subsystems/lib\libSatelliteSubsystemsD.a(cspaceADCS.o)
                0x20016d74                cspaceADCS_getPowTempMeasTLM
 .text.cspaceADCS_getPwrCtrlDevice
                0x20016e38       0xc4 C:/Hoopoe3/satellite-subsystems/demo/..//satellite-subsystems/lib\libSatelliteSubsystemsD.a(cspaceADCS.o)
                0x20016e38                cspaceADCS_getPwrCtrlDevice
 .text.GECKO_GetReg
                0x20016efc      0x110 C:/Hoopoe3/satellite-subsystems/demo/..//satellite-subsystems/lib\libSatelliteSubsystemsD.a(gecko_driver.o)
                0x20016efc                GECKO_GetReg
 .text.GECKO_GetVoltageInput5V
                0x2001700c       0xf4 C:/Hoopoe3/satellite-subsystems/demo/..//satellite-subsystems/lib\libSatelliteSubsystemsD.a(gecko_driver.o)
                0x2001700c                GECKO_GetVoltageInput5V
 .text.GECKO_GetCurrentInput5V
                0x20017100      0x130 C:/Hoopoe3/satellite-subsystems/demo/..//satellite-subsystems/lib\libSatelliteSubsystemsD.a(gecko_driver.o)
                0x20017100                GECKO_GetCurrentInput5V
 .text.GECKO_GetVoltageFPGA1V
                0x20017230       0xd4 C:/Hoopoe3/satellite-subsystems/demo/..//satellite-subsystems/lib\libSatelliteSubsystemsD.a(gecko_driver.o)
                0x20017230                GECKO_GetVoltageFPGA1V
 .text.GECKO_GetCurrentFPGA1V
                0x20017304      0x130 C:/Hoopoe3/satellite-subsystems/demo/..//satellite-subsystems/lib\libSatelliteSubsystemsD.a(gecko_driver.o)
                0x20017304                GECKO_GetCurrentFPGA1V
 .text.GECKO_GetVoltageFPGA1V8
                0x20017434       0xd4 C:/Hoopoe3/satellite-subsystems/demo/..//satellite-subsystems/lib\libSatelliteSubsystemsD.a(gecko_driver.o)
                0x20017434                GECKO_GetVoltageFPGA1V8
 .text.GECKO_GetCurrentFPGA1V8
                0x20017508      0x130 C:/Hoopoe3/satellite-subsystems/demo/..//satellite-subsystems/lib\libSatelliteSubsystemsD.a(gecko_driver.o)
                0x20017508                GECKO_GetCurrentFPGA1V8
 .text.GECKO_GetVoltageFPGA2V5
                0x20017638       0xe8 C:/Hoopoe3/satellite-subsystems/demo/..//satellite-subsystems/lib\libSatelliteSubsystemsD.a(gecko_driver.o)
                0x20017638                GECKO_GetVoltageFPGA2V5
 .text.GECKO_GetCurrentFPGA2V5
                0x20017720      0x130 C:/Hoopoe3/satellite-subsystems/demo/..//satellite-subsystems/lib\libSatelliteSubsystemsD.a(gecko_driver.o)
                0x20017720                GECKO_GetCurrentFPGA2V5
 .text.GECKO_GetVoltageFPGA3V3
                0x20017850       0xe8 C:/Hoopoe3/satellite-subsystems/demo/..//satellite-subsystems/lib\libSatelliteSubsystemsD.a(gecko_driver.o)
                0x20017850                GECKO_GetVoltageFPGA3V3
 .text.GECKO_GetCurrentFPGA3V3
                0x20017938      0x130 C:/Hoopoe3/satellite-subsystems/demo/..//satellite-subsystems/lib\libSatelliteSubsystemsD.a(gecko_driver.o)
                0x20017938                GECKO_GetCurrentFPGA3V3
 .text.GECKO_GetVoltageFlash1V8
                0x20017a68       0xd4 C:/Hoopoe3/satellite-subsystems/demo/..//satellite-subsystems/lib\libSatelliteSubsystemsD.a(gecko_driver.o)
                0x20017a68                GECKO_GetVoltageFlash1V8
 .text.GECKO_GetCurrentFlash1V8
                0x20017b3c      0x130 C:/Hoopoe3/satellite-subsystems/demo/..//satellite-subsystems/lib\libSatelliteSubsystemsD.a(gecko_driver.o)
                0x20017b3c                GECKO_GetCurrentFlash1V8
 .text.GECKO_GetVoltageFlash3V3
                0x20017c6c       0xe8 C:/Hoopoe3/satellite-subsystems/demo/..//satellite-subsystems/lib\libSatelliteSubsystemsD.a(gecko_driver.o)
                0x20017c6c                GECKO_GetVoltageFlash3V3
 .text.GECKO_GetCurrentFlash3V3
                0x20017d54      0x130 C:/Hoopoe3/satellite-subsystems/demo/..//satellite-subsystems/lib\libSatelliteSubsystemsD.a(gecko_driver.o)
                0x20017d54                GECKO_GetCurrentFlash3V3
 .text.GECKO_GetVoltageSNSR1V8
                0x20017e84       0xe8 C:/Hoopoe3/satellite-subsystems/demo/..//satellite-subsystems/lib\libSatelliteSubsystemsD.a(gecko_driver.o)
                0x20017e84                GECKO_GetVoltageSNSR1V8
 .text.GECKO_GetCurrentSNSR1V8
                0x20017f6c      0x130 C:/Hoopoe3/satellite-subsystems/demo/..//satellite-subsystems/lib\libSatelliteSubsystemsD.a(gecko_driver.o)
                0x20017f6c                GECKO_GetCurrentSNSR1V8
 .text.GECKO_GetVoltageSNSRVDDPIX
                0x2001809c       0xe8 C:/Hoopoe3/satellite-subsystems/demo/..//satellite-subsystems/lib\libSatelliteSubsystemsD.a(gecko_driver.o)
                0x2001809c                GECKO_GetVoltageSNSRVDDPIX
 .text.GECKO_GetCurrentSNSRVDDPIX
                0x20018184      0x130 C:/Hoopoe3/satellite-subsystems/demo/..//satellite-subsystems/lib\libSatelliteSubsystemsD.a(gecko_driver.o)
                0x20018184                GECKO_GetCurrentSNSRVDDPIX
 .text.GECKO_GetVoltageSNSR3V3
                0x200182b4       0xe8 C:/Hoopoe3/satellite-subsystems/demo/..//satellite-subsystems/lib\libSatelliteSubsystemsD.a(gecko_driver.o)
                0x200182b4                GECKO_GetVoltageSNSR3V3
 .text.GECKO_GetCurrentSNSR3V3
                0x2001839c      0x130 C:/Hoopoe3/satellite-subsystems/demo/..//satellite-subsystems/lib\libSatelliteSubsystemsD.a(gecko_driver.o)
                0x2001839c                GECKO_GetCurrentSNSR3V3
 .text.GECKO_GetVoltageFlashVTT09
                0x200184cc       0xd4 C:/Hoopoe3/satellite-subsystems/demo/..//satellite-subsystems/lib\libSatelliteSubsystemsD.a(gecko_driver.o)
                0x200184cc                GECKO_GetVoltageFlashVTT09
 .text.GECKO_GetTempSMU3AB
                0x200185a0      0x35c C:/Hoopoe3/satellite-subsystems/demo/..//satellite-subsystems/lib\libSatelliteSubsystemsD.a(gecko_driver.o)
                0x200185a0                GECKO_GetTempSMU3AB
 .text.GECKO_GetTempSMU3BC
                0x200188fc      0x360 C:/Hoopoe3/satellite-subsystems/demo/..//satellite-subsystems/lib\libSatelliteSubsystemsD.a(gecko_driver.o)
                0x200188fc                GECKO_GetTempSMU3BC
 .text.GECKO_GetTempREGU6
                0x20018c5c      0x35c C:/Hoopoe3/satellite-subsystems/demo/..//satellite-subsystems/lib\libSatelliteSubsystemsD.a(gecko_driver.o)
                0x20018c5c                GECKO_GetTempREGU6
 .text.GECKO_GetTempREGU8
                0x20018fb8      0x360 C:/Hoopoe3/satellite-subsystems/demo/..//satellite-subsystems/lib\libSatelliteSubsystemsD.a(gecko_driver.o)
                0x20018fb8                GECKO_GetTempREGU8
 .text.GECKO_GetTempFlash
                0x20019318      0x360 C:/Hoopoe3/satellite-subsystems/demo/..//satellite-subsystems/lib\libSatelliteSubsystemsD.a(gecko_driver.o)
                0x20019318                GECKO_GetTempFlash
 .text._SpiWriteRead
                0x20019678       0x70 C:/Hoopoe3/satellite-subsystems/demo/..//satellite-subsystems/lib\libSatelliteSubsystemsD.a(gecko_driver.o)
 .text.makeTRXCommonTransfer
                0x200196e8       0x34 C:/Hoopoe3/satellite-subsystems/demo/..//satellite-subsystems/lib\libSatelliteSubsystemsD.a(IsisTRXCommon.o)
 .text.IsisTrxCommon_componentReset
                0x2001971c       0x68 C:/Hoopoe3/satellite-subsystems/demo/..//satellite-subsystems/lib\libSatelliteSubsystemsD.a(IsisTRXCommon.o)
                0x2001971c                IsisTrxCommon_componentReset
 .text.IsisTrxCommon_TxSendAX25DefClSign
                0x20019784       0xf4 C:/Hoopoe3/satellite-subsystems/demo/..//satellite-subsystems/lib\libSatelliteSubsystemsD.a(IsisTRXCommon.o)
                0x20019784                IsisTrxCommon_TxSendAX25DefClSign
 .text.IsisTrxCommon_TxSetIdlestate
                0x20019878       0x78 C:/Hoopoe3/satellite-subsystems/demo/..//satellite-subsystems/lib\libSatelliteSubsystemsD.a(IsisTRXCommon.o)
                0x20019878                IsisTrxCommon_TxSetIdlestate
 .text.IsisTrxCommon_TxSetAx25Bitrate
                0x200198f0       0x78 C:/Hoopoe3/satellite-subsystems/demo/..//satellite-subsystems/lib\libSatelliteSubsystemsD.a(IsisTRXCommon.o)
                0x200198f0                IsisTrxCommon_TxSetAx25Bitrate
 .text.IsisTrxCommon_RxGetFrameCount
                0x20019968       0x8c C:/Hoopoe3/satellite-subsystems/demo/..//satellite-subsystems/lib\libSatelliteSubsystemsD.a(IsisTRXCommon.o)
                0x20019968                IsisTrxCommon_RxGetFrameCount
 .text.IsisTrxCommon_RxGetTelemetryAll_revC
                0x200199f4       0x8c C:/Hoopoe3/satellite-subsystems/demo/..//satellite-subsystems/lib\libSatelliteSubsystemsD.a(IsisTRXCommon.o)
                0x200199f4                IsisTrxCommon_RxGetTelemetryAll_revC
 .text.log      0x20019a80      0x17c c:/isis/application/toolchain/bin/../lib/gcc/arm-none-eabi/4.7.4/../../../../arm-none-eabi/lib\libm.a(lib_a-w_log.o)
                0x20019a80                log
 *fill*         0x20019bfc        0x4 00
 .text.__ieee754_log
                0x20019c00      0x5c0 c:/isis/application/toolchain/bin/../lib/gcc/arm-none-eabi/4.7.4/../../../../arm-none-eabi/lib\libm.a(lib_a-e_log.o)
                0x20019c00                __ieee754_log
 .text.matherr  0x2001a1c0        0x8 c:/isis/application/toolchain/bin/../lib/gcc/arm-none-eabi/4.7.4/../../../../arm-none-eabi/lib\libm.a(lib_a-s_matherr.o)
                0x2001a1c0                matherr
 .text.nan      0x2001a1c8       0x10 c:/isis/application/toolchain/bin/../lib/gcc/arm-none-eabi/4.7.4/../../../../arm-none-eabi/lib\libm.a(lib_a-s_nan.o)
                0x2001a1c8                nan
 .text.fn_init  0x2001a1d8      0x2e0 C:/Hoopoe3/satellite-subsystems/demo/../..//hal/hcc/lib\libHCCD.a(fat_common.o)
                0x2001a1d8                fn_init
 .text._f_get16bitl
                0x2001a4b8       0x4c C:/Hoopoe3/satellite-subsystems/demo/../..//hal/hcc/lib\libHCCD.a(fat_common.o)
                0x2001a4b8                _f_get16bitl
 .text._f_set16bitl
                0x2001a504       0x54 C:/Hoopoe3/satellite-subsystems/demo/../..//hal/hcc/lib\libHCCD.a(fat_common.o)
                0x2001a504                _f_set16bitl
 .text._f_get32bitl
                0x2001a558       0x68 C:/Hoopoe3/satellite-subsystems/demo/../..//hal/hcc/lib\libHCCD.a(fat_common.o)
                0x2001a558                _f_get32bitl
 .text._f_set32bitl
                0x2001a5c0       0x78 C:/Hoopoe3/satellite-subsystems/demo/../..//hal/hcc/lib\libHCCD.a(fat_common.o)
                0x2001a5c0                _f_set32bitl
 .text._get8bit
                0x2001a638       0xa0 C:/Hoopoe3/satellite-subsystems/demo/../..//hal/hcc/lib\libHCCD.a(fat_common.o)
 .text._get16bitl
                0x2001a6d8       0x40 C:/Hoopoe3/satellite-subsystems/demo/../..//hal/hcc/lib\libHCCD.a(fat_common.o)
 .text._get32bitl
                0x2001a718       0x3c C:/Hoopoe3/satellite-subsystems/demo/../..//hal/hcc/lib\libHCCD.a(fat_common.o)
 .text._f_setcardremoved
                0x2001a754       0x94 C:/Hoopoe3/satellite-subsystems/demo/../..//hal/hcc/lib\libHCCD.a(fat_common.o)
 .text._f_checkstatus
                0x2001a7e8      0x104 C:/Hoopoe3/satellite-subsystems/demo/../..//hal/hcc/lib\libHCCD.a(fat_common.o)
                0x2001a7e8                _f_checkstatus
 .text._f_drvgetphy
                0x2001a8ec      0x114 C:/Hoopoe3/satellite-subsystems/demo/../..//hal/hcc/lib\libHCCD.a(fat_common.o)
 .text._f_drvwritesector
                0x2001aa00       0xdc C:/Hoopoe3/satellite-subsystems/demo/../..//hal/hcc/lib\libHCCD.a(fat_common.o)
 .text._f_drvreadsector
                0x2001aadc       0xa8 C:/Hoopoe3/satellite-subsystems/demo/../..//hal/hcc/lib\libHCCD.a(fat_common.o)
 .text._f_writesector
                0x2001ab84      0x23c C:/Hoopoe3/satellite-subsystems/demo/../..//hal/hcc/lib\libHCCD.a(fat_common.o)
                0x2001ab84                _f_writesector
 .text._f_readsector
                0x2001adc0      0x1dc C:/Hoopoe3/satellite-subsystems/demo/../..//hal/hcc/lib\libHCCD.a(fat_common.o)
                0x2001adc0                _f_readsector
 .text._f_getmaxcluster
                0x2001af9c       0x94 C:/Hoopoe3/satellite-subsystems/demo/../..//hal/hcc/lib\libHCCD.a(fat_common.o)
                0x2001af9c                _f_getmaxcluster
 .text._getsectorfromcluster
                0x2001b030       0x68 C:/Hoopoe3/satellite-subsystems/demo/../..//hal/hcc/lib\libHCCD.a(fat_common.o)
 .text._f_buildsectors
                0x2001b098      0x268 C:/Hoopoe3/satellite-subsystems/demo/../..//hal/hcc/lib\libHCCD.a(fat_common.o)
 .text._f_getbootrecord
                0x2001b300      0x5e4 C:/Hoopoe3/satellite-subsystems/demo/../..//hal/hcc/lib\libHCCD.a(fat_common.o)
 .text._f_readbootrecord
                0x2001b8e4      0x4f8 C:/Hoopoe3/satellite-subsystems/demo/../..//hal/hcc/lib\libHCCD.a(fat_common.o)
 .text._f_flushcffiles
                0x2001bddc      0x17c C:/Hoopoe3/satellite-subsystems/demo/../..//hal/hcc/lib\libHCCD.a(fat_common.o)
                0x2001bddc                _f_flushcffiles
 .text._f_fatcache_flush
                0x2001bf58      0x270 C:/Hoopoe3/satellite-subsystems/demo/../..//hal/hcc/lib\libHCCD.a(fat_common.o)
                0x2001bf58                _f_fatcache_flush
 .text._f_writefatsector
                0x2001c1c8      0x100 C:/Hoopoe3/satellite-subsystems/demo/../..//hal/hcc/lib\libHCCD.a(fat_common.o)
                0x2001c1c8                _f_writefatsector
 .text._f_getfatsector
                0x2001c2c8      0x3bc C:/Hoopoe3/satellite-subsystems/demo/../..//hal/hcc/lib\libHCCD.a(fat_common.o)
 .text._f_setclustervalue
                0x2001c684      0x490 C:/Hoopoe3/satellite-subsystems/demo/../..//hal/hcc/lib\libHCCD.a(fat_common.o)
                0x2001c684                _f_setclustervalue
 .text._f_getclustervalue
                0x2001cb14      0x388 C:/Hoopoe3/satellite-subsystems/demo/../..//hal/hcc/lib\libHCCD.a(fat_common.o)
                0x2001cb14                _f_getclustervalue
 .text._f_close_drive_files
                0x2001ce9c       0xac C:/Hoopoe3/satellite-subsystems/demo/../..//hal/hcc/lib\libHCCD.a(fat_common.o)
 .text._f_inc_mount_count
                0x2001cf48       0xa4 C:/Hoopoe3/satellite-subsystems/demo/../..//hal/hcc/lib\libHCCD.a(fat_common.o)
 .text._f_getvolume
                0x2001cfec      0x2f8 C:/Hoopoe3/satellite-subsystems/demo/../..//hal/hcc/lib\libHCCD.a(fat_common.o)
                0x2001cfec                _f_getvolume
 .text.fn_createdriver
                0x2001d2e4      0x118 C:/Hoopoe3/satellite-subsystems/demo/../..//hal/hcc/lib\libHCCD.a(fat_common.o)
                0x2001d2e4                fn_createdriver
 .text.fn_initvolume
                0x2001d3fc      0x12c C:/Hoopoe3/satellite-subsystems/demo/../..//hal/hcc/lib\libHCCD.a(fat_common.o)
                0x2001d3fc                fn_initvolume
 .text.fn_initvolumepartition_sub
                0x2001d528       0xe0 C:/Hoopoe3/satellite-subsystems/demo/../..//hal/hcc/lib\libHCCD.a(fat_common.o)
 .text.fn_initvolumepartition
                0x2001d608       0xac C:/Hoopoe3/satellite-subsystems/demo/../..//hal/hcc/lib\libHCCD.a(fat_common.o)
                0x2001d608                fn_initvolumepartition
 .text._f_clustertopos
                0x2001d6b4       0xf8 C:/Hoopoe3/satellite-subsystems/demo/../..//hal/hcc/lib\libHCCD.a(fat_common.o)
                0x2001d6b4                _f_clustertopos
 .text._f_getcurrsector
                0x2001d7ac      0x6c8 C:/Hoopoe3/satellite-subsystems/demo/../..//hal/hcc/lib\libHCCD.a(fat_common.o)
                0x2001d7ac                _f_getcurrsector
 .text._f_getdecluster
                0x2001de74       0x90 C:/Hoopoe3/satellite-subsystems/demo/../..//hal/hcc/lib\libHCCD.a(fat_common.o)
                0x2001de74                _f_getdecluster
 .text._f_setdecluster
                0x2001df04       0x8c C:/Hoopoe3/satellite-subsystems/demo/../..//hal/hcc/lib\libHCCD.a(fat_common.o)
                0x2001df04                _f_setdecluster
 .text.fn_getdrive
                0x2001df90       0x30 C:/Hoopoe3/satellite-subsystems/demo/../..//hal/hcc/lib\libHCCD.a(fat_common.o)
                0x2001df90                fn_getdrive
 .text._f_getcurrenttimedate
                0x2001dfc0      0x138 C:/Hoopoe3/satellite-subsystems/demo/../..//hal/hcc/lib\libHCCD.a(fat_common.o)
                0x2001dfc0                _f_getcurrenttimedate
 .text._f_initentry
                0x2001e0f8       0xa0 C:/Hoopoe3/satellite-subsystems/demo/../..//hal/hcc/lib\libHCCD.a(fat_common.o)
                0x2001e0f8                _f_initentry
 .text._f_alloccluster
                0x2001e198      0x344 C:/Hoopoe3/satellite-subsystems/demo/../..//hal/hcc/lib\libHCCD.a(fat_common.o)
                0x2001e198                _f_alloccluster
 .text._f_dobadblock
                0x2001e4dc      0x2cc C:/Hoopoe3/satellite-subsystems/demo/../..//hal/hcc/lib\libHCCD.a(fat_common.o)
                0x2001e4dc                _f_dobadblock
 .text._f_checklocked
                0x2001e7a8       0xe4 C:/Hoopoe3/satellite-subsystems/demo/../..//hal/hcc/lib\libHCCD.a(fat_common.o)
                0x2001e7a8                _f_checklocked
 .text._f_checkappendlocked
                0x2001e88c      0x110 C:/Hoopoe3/satellite-subsystems/demo/../..//hal/hcc/lib\libHCCD.a(fat_common.o)
                0x2001e88c                _f_checkappendlocked
 .text._f_setsyncafile
                0x2001e99c      0x114 C:/Hoopoe3/satellite-subsystems/demo/../..//hal/hcc/lib\libHCCD.a(fat_common.o)
                0x2001e99c                _f_setsyncafile
 .text._f_syncfiles
                0x2001eab0      0x128 C:/Hoopoe3/satellite-subsystems/demo/../..//hal/hcc/lib\libHCCD.a(fat_common.o)
                0x2001eab0                _f_syncfiles
 .text._f_syncfilescontent
                0x2001ebd8      0x15c C:/Hoopoe3/satellite-subsystems/demo/../..//hal/hcc/lib\libHCCD.a(fat_common.o)
 .text.fn_getfreespace
                0x2001ed34      0x4c0 C:/Hoopoe3/satellite-subsystems/demo/../..//hal/hcc/lib\libHCCD.a(fat_common.o)
                0x2001ed34                fn_getfreespace
 .text._f_emptywritecache
                0x2001f1f4      0x4a4 C:/Hoopoe3/satellite-subsystems/demo/../..//hal/hcc/lib\libHCCD.a(fat_common.o)
 .text._f_allocnextcluster
                0x2001f698      0x54c C:/Hoopoe3/satellite-subsystems/demo/../..//hal/hcc/lib\libHCCD.a(fat_common.o)
 .text._f_emptywritebuffer
                0x2001fbe4      0x20c C:/Hoopoe3/satellite-subsystems/demo/../..//hal/hcc/lib\libHCCD.a(fat_common.o)
 .text._f_writezeros
                0x2001fdf0       0xf0 C:/Hoopoe3/satellite-subsystems/demo/../..//hal/hcc/lib\libHCCD.a(fat_common.o)
                0x2001fdf0                _f_writezeros
 .text._f_extend_file
                0x2001fee0      0x570 C:/Hoopoe3/satellite-subsystems/demo/../..//hal/hcc/lib\libHCCD.a(fat_common.o)
 .text._f_fseek
                0x20020450      0x9bc C:/Hoopoe3/satellite-subsystems/demo/../..//hal/hcc/lib\libHCCD.a(fat_common.o)
                0x20020450                _f_fseek
 .text._f_removechain
                0x20020e0c      0x104 C:/Hoopoe3/satellite-subsystems/demo/../..//hal/hcc/lib\libHCCD.a(fat_common.o)
                0x20020e0c                _f_removechain
 .text._f_updatefileentry
                0x20020f10      0x1cc C:/Hoopoe3/satellite-subsystems/demo/../..//hal/hcc/lib\libHCCD.a(fat_common.o)
 .text._f_checkreadlocked
                0x200210dc      0x1bc C:/Hoopoe3/satellite-subsystems/demo/../..//hal/hcc/lib\libHCCD.a(fat_common.o)
                0x200210dc                _f_checkreadlocked
 .text._f_check_handle
                0x20021298       0x98 C:/Hoopoe3/satellite-subsystems/demo/../..//hal/hcc/lib\libHCCD.a(fat_common.o)
                0x20021298                _f_check_handle
 .text._f_removesyncafile
                0x20021330      0x1ec C:/Hoopoe3/satellite-subsystems/demo/../..//hal/hcc/lib\libHCCD.a(fat_common.o)
 .text.fn_close
                0x2002151c      0x3f8 C:/Hoopoe3/satellite-subsystems/demo/../..//hal/hcc/lib\libHCCD.a(fat_common.o)
                0x2002151c                fn_close
 .text.fn_flush
                0x20021914      0x374 C:/Hoopoe3/satellite-subsystems/demo/../..//hal/hcc/lib\libHCCD.a(fat_common.o)
                0x20021914                fn_flush
 .text.fn_read  0x20021c88      0x690 C:/Hoopoe3/satellite-subsystems/demo/../..//hal/hcc/lib\libHCCD.a(fat_common.o)
                0x20021c88                fn_read
 .text._f_abortwrite
                0x20022318      0x100 C:/Hoopoe3/satellite-subsystems/demo/../..//hal/hcc/lib\libHCCD.a(fat_common.o)
 .text._f_checkwritecluster
                0x20022418       0xe4 C:/Hoopoe3/satellite-subsystems/demo/../..//hal/hcc/lib\libHCCD.a(fat_common.o)
 .text.fn_write
                0x200224fc      0x8a8 C:/Hoopoe3/satellite-subsystems/demo/../..//hal/hcc/lib\libHCCD.a(fat_common.o)
                0x200224fc                fn_write
 .text.fn_seek  0x20022da4      0x270 C:/Hoopoe3/satellite-subsystems/demo/../..//hal/hcc/lib\libHCCD.a(fat_common.o)
                0x20022da4                fn_seek
 .text.f_enterFS
                0x20023014      0x1c0 C:/Hoopoe3/satellite-subsystems/demo/../..//hal/hcc/lib\libHCCD.a(fat_common.o)
                0x20023014                f_enterFS
 .text.fnGetTask
                0x200231d4       0xfc C:/Hoopoe3/satellite-subsystems/demo/../..//hal/hcc/lib\libHCCD.a(fat_common.o)
                0x200231d4                fnGetTask
 .text._f_mutex_get
                0x200232d0       0x98 C:/Hoopoe3/satellite-subsystems/demo/../..//hal/hcc/lib\libHCCD.a(fat_common.o)
                0x200232d0                _f_mutex_get
 .text._f_mutex_put
                0x20023368       0x54 C:/Hoopoe3/satellite-subsystems/demo/../..//hal/hcc/lib\libHCCD.a(fat_common.o)
                0x20023368                _f_mutex_put
 .text._fn_initseekdivisor
                0x200233bc      0x158 C:/Hoopoe3/satellite-subsystems/demo/../..//hal/hcc/lib\libHCCD.a(fat_common.o)
                0x200233bc                _fn_initseekdivisor
 .text._fn_updateseekpos
                0x20023514       0xc4 C:/Hoopoe3/satellite-subsystems/demo/../..//hal/hcc/lib\libHCCD.a(fat_common.o)
 .text._f_findopensize
                0x200235d8       0x2c C:/Hoopoe3/satellite-subsystems/demo/../..//hal/hcc/lib\libHCCD.a(fat_common.o)
                0x200235d8                _f_findopensize
 .text.fn_setlasterror
                0x20023604       0x34 C:/Hoopoe3/satellite-subsystems/demo/../..//hal/hcc/lib\libHCCD.a(fat_common.o)
                0x20023604                fn_setlasterror
 .text.fn_setlasterror_noret
                0x20023638       0x2c C:/Hoopoe3/satellite-subsystems/demo/../..//hal/hcc/lib\libHCCD.a(fat_common.o)
                0x20023638                fn_setlasterror_noret
 .text.fm_initvolume
                0x20023664       0x70 C:/Hoopoe3/satellite-subsystems/demo/../..//hal/hcc/lib\libHCCD.a(fat_m.o)
                0x20023664                fm_initvolume
 .text.fm_getdrive
                0x200236d4       0x70 C:/Hoopoe3/satellite-subsystems/demo/../..//hal/hcc/lib\libHCCD.a(fat_m.o)
                0x200236d4                fm_getdrive
 .text.fm_getfreespace
                0x20023744       0x68 C:/Hoopoe3/satellite-subsystems/demo/../..//hal/hcc/lib\libHCCD.a(fat_m.o)
                0x20023744                fm_getfreespace
 .text.fm_findfirst
                0x200237ac       0x68 C:/Hoopoe3/satellite-subsystems/demo/../..//hal/hcc/lib\libHCCD.a(fat_m.o)
                0x200237ac                fm_findfirst
 .text.fm_findnext
                0x20023814       0x60 C:/Hoopoe3/satellite-subsystems/demo/../..//hal/hcc/lib\libHCCD.a(fat_m.o)
                0x20023814                fm_findnext
 .text.fm_filelength
                0x20023874       0x60 C:/Hoopoe3/satellite-subsystems/demo/../..//hal/hcc/lib\libHCCD.a(fat_m.o)
                0x20023874                fm_filelength
 .text.fm_close
                0x200238d4       0x60 C:/Hoopoe3/satellite-subsystems/demo/../..//hal/hcc/lib\libHCCD.a(fat_m.o)
                0x200238d4                fm_close
 .text.fm_flush
                0x20023934       0x60 C:/Hoopoe3/satellite-subsystems/demo/../..//hal/hcc/lib\libHCCD.a(fat_m.o)
                0x20023934                fm_flush
 .text.fm_open  0x20023994       0x68 C:/Hoopoe3/satellite-subsystems/demo/../..//hal/hcc/lib\libHCCD.a(fat_m.o)
                0x20023994                fm_open
 .text.fm_read  0x200239fc       0x7c C:/Hoopoe3/satellite-subsystems/demo/../..//hal/hcc/lib\libHCCD.a(fat_m.o)
                0x200239fc                fm_read
 .text.fm_write
                0x20023a78       0x7c C:/Hoopoe3/satellite-subsystems/demo/../..//hal/hcc/lib\libHCCD.a(fat_m.o)
                0x20023a78                fm_write
 .text.fm_seek  0x20023af4       0x70 C:/Hoopoe3/satellite-subsystems/demo/../..//hal/hcc/lib\libHCCD.a(fat_m.o)
                0x20023af4                fm_seek
 .text.fm_delete
                0x20023b64       0x64 C:/Hoopoe3/satellite-subsystems/demo/../..//hal/hcc/lib\libHCCD.a(fat_m.o)
                0x20023b64                fm_delete
 .text._s_checkzeroclusteratend
                0x20023bc8       0xf8 C:/Hoopoe3/satellite-subsystems/demo/../..//hal/hcc/lib\libHCCD.a(safefat.o)
 .text._s_clearclustercontent
                0x20023cc0      0x108 C:/Hoopoe3/satellite-subsystems/demo/../..//hal/hcc/lib\libHCCD.a(safefat.o)
 .text._s_clearclustercontentdir
                0x20023dc8      0x19c C:/Hoopoe3/satellite-subsystems/demo/../..//hal/hcc/lib\libHCCD.a(safefat.o)
 .text._s_writedirsector
                0x20023f64       0xd0 C:/Hoopoe3/satellite-subsystems/demo/../..//hal/hcc/lib\libHCCD.a(safefat.o)
 .text._s_getdirsector
                0x20024034      0x100 C:/Hoopoe3/satellite-subsystems/demo/../..//hal/hcc/lib\libHCCD.a(safefat.o)
 .text._s_addentry
                0x20024134      0x394 C:/Hoopoe3/satellite-subsystems/demo/../..//hal/hcc/lib\libHCCD.a(safefat.o)
 .text._s_findfile
                0x200244c8      0x33c C:/Hoopoe3/satellite-subsystems/demo/../..//hal/hcc/lib\libHCCD.a(safefat.o)
 .text._s_findsubdir
                0x20024804      0x248 C:/Hoopoe3/satellite-subsystems/demo/../..//hal/hcc/lib\libHCCD.a(safefat.o)
 .text._s_createfile
                0x20024a4c      0x190 C:/Hoopoe3/satellite-subsystems/demo/../..//hal/hcc/lib\libHCCD.a(safefat.o)
 .text._s_findsaffile
                0x20024bdc      0x1b8 C:/Hoopoe3/satellite-subsystems/demo/../..//hal/hcc/lib\libHCCD.a(safefat.o)
 .text._s_open  0x20024d94       0xe4 C:/Hoopoe3/satellite-subsystems/demo/../..//hal/hcc/lib\libHCCD.a(safefat.o)
 .text._s_open_saf
                0x20024e78       0xe8 C:/Hoopoe3/satellite-subsystems/demo/../..//hal/hcc/lib\libHCCD.a(safefat.o)
 .text._s_flush
                0x20024f60       0x84 C:/Hoopoe3/satellite-subsystems/demo/../..//hal/hcc/lib\libHCCD.a(safefat.o)
 .text._s_allocnextcluster
                0x20024fe4      0x13c C:/Hoopoe3/satellite-subsystems/demo/../..//hal/hcc/lib\libHCCD.a(safefat.o)
 .text._s_getnextsector
                0x20025120       0xdc C:/Hoopoe3/satellite-subsystems/demo/../..//hal/hcc/lib\libHCCD.a(safefat.o)
 .text._s_seek  0x200251fc      0x1e8 C:/Hoopoe3/satellite-subsystems/demo/../..//hal/hcc/lib\libHCCD.a(safefat.o)
 .text._s_read  0x200253e4      0x228 C:/Hoopoe3/satellite-subsystems/demo/../..//hal/hcc/lib\libHCCD.a(safefat.o)
 .text._s_write
                0x2002560c      0x384 C:/Hoopoe3/satellite-subsystems/demo/../..//hal/hcc/lib\libHCCD.a(safefat.o)
 .text._s_restoreclusters
                0x20025990      0x270 C:/Hoopoe3/satellite-subsystems/demo/../..//hal/hcc/lib\libHCCD.a(safefat.o)
                0x20025990                _s_restoreclusters
 .text._s_findrestore
                0x20025c00      0x18c C:/Hoopoe3/satellite-subsystems/demo/../..//hal/hcc/lib\libHCCD.a(safefat.o)
 .text._s_cmd_writede
                0x20025d8c       0xd8 C:/Hoopoe3/satellite-subsystems/demo/../..//hal/hcc/lib\libHCCD.a(safefat.o)
 .text._s_cmd_setcluster
                0x20025e64       0x88 C:/Hoopoe3/satellite-subsystems/demo/../..//hal/hcc/lib\libHCCD.a(safefat.o)
 .text._s_cmd_deletechain
                0x20025eec      0x100 C:/Hoopoe3/satellite-subsystems/demo/../..//hal/hcc/lib\libHCCD.a(safefat.o)
 .text._s_cmd_validatecfn
                0x20025fec      0x308 C:/Hoopoe3/satellite-subsystems/demo/../..//hal/hcc/lib\libHCCD.a(safefat.o)
 .text._s_cmd_seteof
                0x200262f4      0x3c4 C:/Hoopoe3/satellite-subsystems/demo/../..//hal/hcc/lib\libHCCD.a(safefat.o)
 .text.safe_docommands
                0x200266b8      0x56c C:/Hoopoe3/satellite-subsystems/demo/../..//hal/hcc/lib\libHCCD.a(safefat.o)
                0x200266b8                safe_docommands
 .text.safe_entercommand
                0x20026c24       0x68 C:/Hoopoe3/satellite-subsystems/demo/../..//hal/hcc/lib\libHCCD.a(safefat.o)
                0x20026c24                safe_entercommand
 .text.safe_ready
                0x20026c8c       0xf4 C:/Hoopoe3/satellite-subsystems/demo/../..//hal/hcc/lib\libHCCD.a(safefat.o)
                0x20026c8c                safe_ready
 .text.safe_copycfn
                0x20026d80       0xb8 C:/Hoopoe3/satellite-subsystems/demo/../..//hal/hcc/lib\libHCCD.a(safefat.o)
                0x20026d80                safe_copycfn
 .text.safe_cfremove
                0x20026e38       0xb8 C:/Hoopoe3/satellite-subsystems/demo/../..//hal/hcc/lib\libHCCD.a(safefat.o)
                0x20026e38                safe_cfremove
 .text.safe_writede
                0x20026ef0      0x104 C:/Hoopoe3/satellite-subsystems/demo/../..//hal/hcc/lib\libHCCD.a(safefat.o)
                0x20026ef0                safe_writede
 .text.safe_setcluster
                0x20026ff4       0xcc C:/Hoopoe3/satellite-subsystems/demo/../..//hal/hcc/lib\libHCCD.a(safefat.o)
                0x20026ff4                safe_setcluster
 .text.safe_deletechain
                0x200270c0      0x1c8 C:/Hoopoe3/satellite-subsystems/demo/../..//hal/hcc/lib\libHCCD.a(safefat.o)
                0x200270c0                safe_deletechain
 .text.safe_cfclose
                0x20027288      0x104 C:/Hoopoe3/satellite-subsystems/demo/../..//hal/hcc/lib\libHCCD.a(safefat.o)
                0x20027288                safe_cfclose
 .text.safe_cfflush
                0x2002738c      0x124 C:/Hoopoe3/satellite-subsystems/demo/../..//hal/hcc/lib\libHCCD.a(safefat.o)
                0x2002738c                safe_cfflush
 .text.safe_reset
                0x200274b0       0x78 C:/Hoopoe3/satellite-subsystems/demo/../..//hal/hcc/lib\libHCCD.a(safefat.o)
                0x200274b0                safe_reset
 .text.safe_loadcommands
                0x20027528       0x78 C:/Hoopoe3/satellite-subsystems/demo/../..//hal/hcc/lib\libHCCD.a(safefat.o)
                0x20027528                safe_loadcommands
 .text.safe_poweron
                0x200275a0      0x1fc C:/Hoopoe3/satellite-subsystems/demo/../..//hal/hcc/lib\libHCCD.a(safefat.o)
                0x200275a0                safe_poweron
 .text.cf_getname
                0x2002779c       0xc0 C:/Hoopoe3/satellite-subsystems/demo/../..//hal/hcc/lib\libHCCD.a(safefat.o)
 .text.cf_copyclusterchain
                0x2002785c      0x138 C:/Hoopoe3/satellite-subsystems/demo/../..//hal/hcc/lib\libHCCD.a(safefat.o)
 .text.cf_seektozero
                0x20027994       0x94 C:/Hoopoe3/satellite-subsystems/demo/../..//hal/hcc/lib\libHCCD.a(safefat.o)
                0x20027994                cf_seektozero
 .text.cf_create
                0x20027a28      0x3a8 C:/Hoopoe3/satellite-subsystems/demo/../..//hal/hcc/lib\libHCCD.a(safefat.o)
                0x20027a28                cf_create
 .text.cf_copyclustercontent
                0x20027dd0      0x128 C:/Hoopoe3/satellite-subsystems/demo/../..//hal/hcc/lib\libHCCD.a(safefat.o)
                0x20027dd0                cf_copyclustercontent
 .text.cf_copycfn
                0x20027ef8      0x4bc C:/Hoopoe3/satellite-subsystems/demo/../..//hal/hcc/lib\libHCCD.a(safefat.o)
                0x20027ef8                cf_copycfn
 .text.cf_remove
                0x200283b4      0x344 C:/Hoopoe3/satellite-subsystems/demo/../..//hal/hcc/lib\libHCCD.a(safefat.o)
                0x200283b4                cf_remove
 .text.cf_setclusternew
                0x200286f8       0xf0 C:/Hoopoe3/satellite-subsystems/demo/../..//hal/hcc/lib\libHCCD.a(safefat.o)
                0x200286f8                cf_setclusternew
 .text.cf_flush
                0x200287e8       0x58 C:/Hoopoe3/satellite-subsystems/demo/../..//hal/hcc/lib\libHCCD.a(safefat.o)
                0x200287e8                cf_flush
 .text.cf_getcluster
                0x20028840      0x1b4 C:/Hoopoe3/satellite-subsystems/demo/../..//hal/hcc/lib\libHCCD.a(safefat.o)
                0x20028840                cf_getcluster