Archive member included because of file (symbol)

c:/isis/application/toolchain/bin/../lib/gcc/arm-none-eabi/4.7.4/../../../../arm-none-eabi/lib\libc_s.a(lib_a-vfprintf_float.o)
                              (_printf_float)
c:/isis/application/toolchain/bin/../lib/gcc/arm-none-eabi/4.7.4/../../../../arm-none-eabi/lib\libc_s.a(lib_a-vfprintf_i.o)
                              c:/isis/application/toolchain/bin/../lib/gcc/arm-none-eabi/4.7.4/../../../../arm-none-eabi/lib\libc_s.a(lib_a-vfprintf_float.o) (_printf_common)
c:/isis/application/toolchain/bin/../lib/gcc/arm-none-eabi/4.7.4/../../../../arm-none-eabi/lib\libc_s.a(lib_a-vfscanf_float.o)
                              (_scanf_float)
c:/isis/application/toolchain/bin/../lib/gcc/arm-none-eabi/4.7.4/../../../../arm-none-eabi/lib\libc_s.a(lib_a-dtoa.o)
                              c:/isis/application/toolchain/bin/../lib/gcc/arm-none-eabi/4.7.4/../../../../arm-none-eabi/lib\libc_s.a(lib_a-vfprintf_float.o) (_dtoa_r)
c:/isis/application/toolchain/bin/../lib/gcc/arm-none-eabi/4.7.4/../../../../arm-none-eabi/lib\libc_s.a(lib_a-locale.o)
                              c:/isis/application/toolchain/bin/../lib/gcc/arm-none-eabi/4.7.4/../../../../arm-none-eabi/lib\libc_s.a(lib_a-vfprintf_float.o) (_localeconv_r)
c:/isis/application/toolchain/bin/../lib/gcc/arm-none-eabi/4.7.4/../../../../arm-none-eabi/lib\libc_s.a(lib_a-malloc.o)
                              c:/isis/application/toolchain/bin/../lib/gcc/arm-none-eabi/4.7.4/../../../../arm-none-eabi/lib\libc_s.a(lib_a-dtoa.o) (malloc)
c:/isis/application/toolchain/bin/../lib/gcc/arm-none-eabi/4.7.4/../../../../arm-none-eabi/lib\libc_s.a(lib_a-mallocr.o)
                              c:/isis/application/toolchain/bin/../lib/gcc/arm-none-eabi/4.7.4/../../../../arm-none-eabi/lib\libc_s.a(lib_a-malloc.o) (_malloc_r)
c:/isis/application/toolchain/bin/../lib/gcc/arm-none-eabi/4.7.4/../../../../arm-none-eabi/lib\libc_s.a(lib_a-memcpy.o)
                              c:/isis/application/toolchain/bin/../lib/gcc/arm-none-eabi/4.7.4/../../../../arm-none-eabi/lib\libc_s.a(lib_a-dtoa.o) (memcpy)
c:/isis/application/toolchain/bin/../lib/gcc/arm-none-eabi/4.7.4/../../../../arm-none-eabi/lib\libc_s.a(lib_a-mprec.o)
                              c:/isis/application/toolchain/bin/../lib/gcc/arm-none-eabi/4.7.4/../../../../arm-none-eabi/lib\libc_s.a(lib_a-dtoa.o) (_Balloc)
c:/isis/application/toolchain/bin/../lib/gcc/arm-none-eabi/4.7.4/../../../../arm-none-eabi/lib\libc_s.a(lib_a-s_fpclassify.o)
                              c:/isis/application/toolchain/bin/../lib/gcc/arm-none-eabi/4.7.4/../../../../arm-none-eabi/lib\libc_s.a(lib_a-vfprintf_float.o) (__fpclassifyd)
c:/isis/application/toolchain/bin/../lib/gcc/arm-none-eabi/4.7.4/../../../../arm-none-eabi/lib\libc_s.a(lib_a-sbrkr.o)
                              c:/isis/application/toolchain/bin/../lib/gcc/arm-none-eabi/4.7.4/../../../../arm-none-eabi/lib\libc_s.a(lib_a-mallocr.o) (_sbrk_r)
c:/isis/application/toolchain/bin/../lib/gcc/arm-none-eabi/4.7.4/../../../../arm-none-eabi/lib\libc_s.a(lib_a-sf_nan.o)
                              c:/isis/application/toolchain/bin/../lib/gcc/arm-none-eabi/4.7.4/../../../../arm-none-eabi/lib\libc_s.a(lib_a-vfscanf_float.o) (nanf)
c:/isis/application/toolchain/bin/../lib/gcc/arm-none-eabi/4.7.4/../../../../arm-none-eabi/lib\libc_s.a(lib_a-sprintf.o)
                              c:/isis/application/toolchain/bin/../lib/gcc/arm-none-eabi/4.7.4/../../../../arm-none-eabi/lib\libc_s.a(lib_a-vfscanf_float.o) (sprintf)
c:/isis/application/toolchain/bin/../lib/gcc/arm-none-eabi/4.7.4/../../../../arm-none-eabi/lib\libc_s.a(lib_a-strcmp.o)
                              c:/isis/application/toolchain/bin/../lib/gcc/arm-none-eabi/4.7.4/../../../../arm-none-eabi/lib\libc_s.a(lib_a-locale.o) (strcmp)
c:/isis/application/toolchain/bin/../lib/gcc/arm-none-eabi/4.7.4/../../../../arm-none-eabi/lib\libc_s.a(lib_a-strlen.o)
                              c:/isis/application/toolchain/bin/../lib/gcc/arm-none-eabi/4.7.4/../../../../arm-none-eabi/lib\libc_s.a(lib_a-vfprintf_float.o) (strlen)
c:/isis/application/toolchain/bin/../lib/gcc/arm-none-eabi/4.7.4/../../../../arm-none-eabi/lib\libc_s.a(lib_a-strtod.o)
                              c:/isis/application/toolchain/bin/../lib/gcc/arm-none-eabi/4.7.4/../../../../arm-none-eabi/lib\libc_s.a(lib_a-vfscanf_float.o) (_strtod_r)
c:/isis/application/toolchain/bin/../lib/gcc/arm-none-eabi/4.7.4/../../../../arm-none-eabi/lib\libc_s.a(lib_a-strtol.o)
                              c:/isis/application/toolchain/bin/../lib/gcc/arm-none-eabi/4.7.4/../../../../arm-none-eabi/lib\libc_s.a(lib_a-vfscanf_float.o) (_strtol_r)
c:/isis/application/toolchain/bin/../lib/gcc/arm-none-eabi/4.7.4/../../../../arm-none-eabi/lib\libc_s.a(lib_a-svfprintf.o)
                              c:/isis/application/toolchain/bin/../lib/gcc/arm-none-eabi/4.7.4/../../../../arm-none-eabi/lib\libc_s.a(lib_a-sprintf.o) (_svfprintf_r)
[...]
Memory Configuration

Name             Origin             Length             Attributes
sram0            0x00200000         0x00004000         w !xr
sram1            0x00300000         0x00004000         w !xr
sdram            0x20000000         0x02000000         w !xr
*default*        0x00000000         0xffffffff

Linker script and memory map

LOAD c:/isis/application/toolchain/bin/../lib/gcc/arm-none-eabi/4.7.4/../../../../arm-none-eabi/lib\libc_s.a
LOAD ./src/sub-systemCode/payload/Request Management/Dump/Butchering.o
LOAD ./src/sub-systemCode/payload/Request Management/Dump/imageDump.o
LOAD ./src/sub-systemCode/payload/Request Management/CameraManeger.o
LOAD ./src/sub-systemCode/payload/Request Management/DB_RequestHandling.o
LOAD ./src/sub-systemCode/payload/Misc/Boolean_bit.o
LOAD ./src/sub-systemCode/payload/Misc/FileSystem.o
LOAD ./src/sub-systemCode/payload/Drivers/GeckoCameraDriver.o
LOAD ./src/sub-systemCode/payload/DataBase/DataBase.o
LOAD ./src/sub-systemCode/payload/Compression/jpeg/bmp/rawToBMP.o
LOAD ./src/sub-systemCode/payload/Compression/jpeg/DCT.o
LOAD ./src/sub-systemCode/payload/Compression/jpeg/ImgCompressor.o
LOAD ./src/sub-systemCode/payload/Compression/jpeg/color_conv.o
LOAD ./src/sub-systemCode/payload/Compression/jpeg/jpeg.o
LOAD ./src/sub-systemCode/payload/Compression/jpeg/jpeg_encoder.o
LOAD ./src/sub-systemCode/payload/Compression/jpeg/jpeg_memory_alloc.o
LOAD ./src/sub-systemCode/payload/Compression/jpeg/jpeg_params.o
LOAD ./src/sub-systemCode/payload/Compression/jpeg/output_stream.o
LOAD ./src/sub-systemCode/payload/Compression/ImageConversion.o
LOAD ./src/sub-systemCode/Main/CMD/COMM_CMD.o
LOAD ./src/sub-systemCode/Main/CMD/EPS_CMD.o
LOAD ./src/sub-systemCode/Main/CMD/General_CMD.o
LOAD ./src/sub-systemCode/Main/CMD/SW_CMD.o
LOAD ./src/sub-systemCode/Main/CMD/payload_CMD.o
LOAD ./src/sub-systemCode/Main/Ants.o
LOAD ./src/sub-systemCode/Main/EPS.o
LOAD ./src/sub-systemCode/Main/HouseKeeping.o
LOAD ./src/sub-systemCode/Main/Main_Init.o
LOAD ./src/sub-systemCode/Main/commands.o
LOAD ./src/sub-systemCode/Global/Global.o
LOAD ./src/sub-systemCode/Global/GlobalParam.o
LOAD ./src/sub-systemCode/Global/OnlineTM.o
LOAD ./src/sub-systemCode/Global/TLM_management.o
LOAD ./src/sub-systemCode/COMM/APRS.o
LOAD ./src/sub-systemCode/COMM/DelayedCommand_list.o
LOAD ./src/sub-systemCode/COMM/GSC.o
LOAD ./src/sub-systemCode/COMM/TRXVU.o
LOAD ./src/sub-systemCode/ADCS/ADCS.o
LOAD ./src/sub-systemCode/ADCS/Stage_Table.o
LOAD ./src/main.o
LOAD C:/HOOPOE3/satellite-subsystems/demo/..//satellite-subsystems/lib\libSatelliteSubsystemsD.a
LOAD c:/isis/application/toolchain/bin/../lib/gcc/arm-none-eabi/4.7.4/../../../../arm-none-eabi/lib\libm.a
LOAD C:/HOOPOE3/satellite-subsystems/demo/../..//hal/hcc/lib\libHCCD.a
LOAD C:/HOOPOE3/satellite-subsystems/demo/../..//hal/hal/lib\libHALD.a
LOAD C:/HOOPOE3/satellite-subsystems/demo/../..//hal/freertos/lib\libFreeRTOSD.a
LOAD C:/HOOPOE3/satellite-subsystems/demo/../..//hal/at91/lib\libAt91D.a
START GROUP
LOAD c:/isis/application/toolchain/bin/../lib/gcc/arm-none-eabi/4.7.4\libgcc.a
LOAD c:/isis/application/toolchain/bin/../lib/gcc/arm-none-eabi/4.7.4/../../../../arm-none-eabi/lib\libc_s.a
END GROUP

.fixed          0x20000000    0x4e7b8
                0x20000000                . = ALIGN (0x4)
                0x20000000                _sfixed = .
 *(.startup)
 .startup       0x20000000      0x134 C:/HOOPOE3/satellite-subsystems/demo/../..//hal/at91/lib\libAt91D.a(board_cstartup.o)
                0x20000000                entry
 *(.text)
 .text          0x20000134       0x64 C:/HOOPOE3/satellite-subsystems/demo/../..//hal/at91/lib\libAt91D.a(cp15_asm.o)
                0x20000134                _readControlRegister
                0x20000140                _writeControlRegister
                0x20000148                _waitForInterrupt
                0x20000154                _writeTTB
                0x2000015c                _writeDomain
                0x20000164                _writeITLBLockdown
                0x2000016c                _prefetchICacheLine
                0x20000174                _flushDCache
                0x20000180                _flushWriteBuffer
                0x2000018c                _invalidateIDTLBs
 .text          0x20000198      0x114 c:/isis/application/toolchain/bin/../lib/gcc/arm-none-eabi/4.7.4\libgcc.a(_udivsi3.o)
                0x20000198                __aeabi_uidiv
                0x20000198                __udivsi3
                0x2000028c                __aeabi_uidivmod
 .text          0x200002ac      0x148 c:/isis/application/toolchain/bin/../lib/gcc/arm-none-eabi/4.7.4\libgcc.a(_divsi3.o)
                0x200002ac                __divsi3
                0x200002ac                __aeabi_idiv
                0x200003d4                __aeabi_idivmod
 .text          0x200003f4        0x4 c:/isis/application/toolchain/bin/../lib/gcc/arm-none-eabi/4.7.4\libgcc.a(_dvmd_tls.o)
                0x200003f4                __aeabi_idiv0
                0x200003f4                __aeabi_ldiv0
 .text          0x200003f8      0x41c c:/isis/application/toolchain/bin/../lib/gcc/arm-none-eabi/4.7.4\libgcc.a(_arm_addsubdf3.o)
                0x200003f8                __aeabi_drsub
                0x20000400                __aeabi_dsub
                0x20000400                __subdf3
                0x20000404                __aeabi_dadd
                0x20000404                __adddf3
                0x20000714                __floatunsidf
                0x20000714                __aeabi_ui2d
                0x20000738                __floatsidf
                0x20000738                __aeabi_i2d
                0x20000760                __aeabi_f2d
                0x20000760                __extendsfdf2
                0x200007a0                __floatundidf
                0x200007a0                __aeabi_ul2d
                0x200007b4                __floatdidf
                0x200007b4                __aeabi_l2d
 .text          0x20000814      0x49c c:/isis/application/toolchain/bin/../lib/gcc/arm-none-eabi/4.7.4\libgcc.a(_arm_muldivdf3.o)
                0x20000814                __aeabi_dmul
                0x20000814                __muldf3
                0x20000aa4                __divdf3
                0x20000aa4                __aeabi_ddiv
 .text          0x20000cb0      0x144 c:/isis/application/toolchain/bin/../lib/gcc/arm-none-eabi/4.7.4\libgcc.a(_arm_cmpdf2.o)
                0x20000cb0                __gtdf2
                0x20000cb0                __gedf2
                0x20000cb8                __ltdf2
                0x20000cb8                __ledf2
                0x20000cc0                __nedf2
                0x20000cc0                __eqdf2
                0x20000cc0                __cmpdf2
                0x20000d48                __aeabi_cdrcmple
                0x20000d64                __aeabi_cdcmpeq
                0x20000d64                __aeabi_cdcmple
                0x20000d7c                __aeabi_dcmpeq
                0x20000d94                __aeabi_dcmplt
                0x20000dac                __aeabi_dcmple
                0x20000dc4                __aeabi_dcmpge
                0x20000ddc                __aeabi_dcmpgt
 .text          0x20000df4       0x5c c:/isis/application/toolchain/bin/../lib/gcc/arm-none-eabi/4.7.4\libgcc.a(_arm_fixdfsi.o)
                0x20000df4                __aeabi_d2iz
                0x20000df4                __fixdfsi
 .text          0x20000e50       0x54 c:/isis/application/toolchain/bin/../lib/gcc/arm-none-eabi/4.7.4\libgcc.a(_arm_fixunsdfsi.o)
                0x20000e50                __aeabi_d2uiz
                0x20000e50                __fixunsdfsi
 .text          0x20000ea4       0xa0 c:/isis/application/toolchain/bin/../lib/gcc/arm-none-eabi/4.7.4\libgcc.a(_arm_truncdfsf2.o)
                0x20000ea4                __truncdfsf2
                0x20000ea4                __aeabi_d2f
 .text          0x20000f44      0x2ac c:/isis/application/toolchain/bin/../lib/gcc/arm-none-eabi/4.7.4\libgcc.a(_arm_addsubsf3.o)
                0x20000f44                __aeabi_frsub
                0x20000f4c                __subsf3
                0x20000f4c                __aeabi_fsub
                0x20000f50                __aeabi_fadd
                0x20000f50                __addsf3
                0x2000110c                __aeabi_ui2f
                0x2000110c                __floatunsisf
                0x20001114                __aeabi_i2f
                0x20001114                __floatsisf
                0x20001134                __aeabi_ul2f
                0x20001134                __floatundisf
                0x20001144                __aeabi_l2f
                0x20001144                __floatdisf
 .text          0x200011f0      0x2f8 c:/isis/application/toolchain/bin/../lib/gcc/arm-none-eabi/4.7.4\libgcc.a(_arm_muldivsf3.o)
                0x200011f0                __mulsf3
                0x200011f0                __aeabi_fmul
                0x20001388                __aeabi_fdiv
                0x20001388                __divsf3
 .text          0x200014e8       0x5c c:/isis/application/toolchain/bin/../lib/gcc/arm-none-eabi/4.7.4\libgcc.a(_arm_fixsfsi.o)
                0x200014e8                __aeabi_f2iz
                0x200014e8                __fixsfsi
 .text          0x20001544       0x54 c:/isis/application/toolchain/bin/../lib/gcc/arm-none-eabi/4.7.4\libgcc.a(_arm_fixunssfsi.o)
                0x20001544                __fixunssfsi
                0x20001544                __aeabi_f2uiz
 *(.text*)
 .text.__cvt    0x20001598      0x138 c:/isis/application/toolchain/bin/../lib/gcc/arm-none-eabi/4.7.4/../../../../arm-none-eabi/lib\libc_s.a(lib_a-vfprintf_float.o)
                0x20001598                __cvt
 .text.__exponent
                0x200016d0       0xa8 c:/isis/application/toolchain/bin/../lib/gcc/arm-none-eabi/4.7.4/../../../../arm-none-eabi/lib\libc_s.a(lib_a-vfprintf_float.o)
                0x200016d0                __exponent
 .text._printf_float
                0x20001778      0x7dc c:/isis/application/toolchain/bin/../lib/gcc/arm-none-eabi/4.7.4/../../../../arm-none-eabi/lib\libc_s.a(lib_a-vfprintf_float.o)
                0x20001778                _printf_float
 .text._printf_common
                0x20001f54      0x174 c:/isis/application/toolchain/bin/../lib/gcc/arm-none-eabi/4.7.4/../../../../arm-none-eabi/lib\libc_s.a(lib_a-vfprintf_i.o)
                0x20001f54                _printf_common
 .text._printf_i
                0x200020c8      0x3c4 c:/isis/application/toolchain/bin/../lib/gcc/arm-none-eabi/4.7.4/../../../../arm-none-eabi/lib\libc_s.a(lib_a-vfprintf_i.o)
                0x200020c8                _printf_i
 .text._scanf_float
                0x2000248c      0x5f4 c:/isis/application/toolchain/bin/../lib/gcc/arm-none-eabi/4.7.4/../../../../arm-none-eabi/lib\libc_s.a(lib_a-vfscanf_float.o)
                0x2000248c                _scanf_float
 .text.quorem   0x20002a80      0x1ac c:/isis/application/toolchain/bin/../lib/gcc/arm-none-eabi/4.7.4/../../../../arm-none-eabi/lib\libc_s.a(lib_a-dtoa.o)
 .text._dtoa_r  0x20002c2c     0x1268 c:/isis/application/toolchain/bin/../lib/gcc/arm-none-eabi/4.7.4/../../../../arm-none-eabi/lib\libc_s.a(lib_a-dtoa.o)
                0x20002c2c                _dtoa_r
 .text._localeconv_r
                0x20003e94        0xc c:/isis/application/toolchain/bin/../lib/gcc/arm-none-eabi/4.7.4/../../../../arm-none-eabi/lib\libc_s.a(lib_a-locale.o)
                0x20003e94                _localeconv_r
 .text.malloc   0x20003ea0       0x20 c:/isis/application/toolchain/bin/../lib/gcc/arm-none-eabi/4.7.4/../../../../arm-none-eabi/lib\libc_s.a(lib_a-malloc.o)
                0x20003ea0                malloc
 .text.free     0x20003ec0       0x20 c:/isis/application/toolchain/bin/../lib/gcc/arm-none-eabi/4.7.4/../../../../arm-none-eabi/lib\libc_s.a(lib_a-malloc.o)
                0x20003ec0                free
 .text._malloc_r
                0x20003ee0       0xfc c:/isis/application/toolchain/bin/../lib/gcc/arm-none-eabi/4.7.4/../../../../arm-none-eabi/lib\libc_s.a(lib_a-mallocr.o)
                0x20003ee0                _malloc_r
 .text.memcpy   0x20003fdc       0x20 c:/isis/application/toolchain/bin/../lib/gcc/arm-none-eabi/4.7.4/../../../../arm-none-eabi/lib\libc_s.a(lib_a-memcpy.o)
                0x20003fdc                memcpy
 .text._Balloc  0x20003ffc       0xcc c:/isis/application/toolchain/bin/../lib/gcc/arm-none-eabi/4.7.4/../../../../arm-none-eabi/lib\libc_s.a(lib_a-mprec.o)
                0x20003ffc                _Balloc
 .text._Bfree   0x200040c8       0x5c c:/isis/application/toolchain/bin/../lib/gcc/arm-none-eabi/4.7.4/../../../../arm-none-eabi/lib\libc_s.a(lib_a-mprec.o)
                0x200040c8                _Bfree
 .text.__multadd
                0x20004124       0xbc c:/isis/application/toolchain/bin/../lib/gcc/arm-none-eabi/4.7.4/../../../../arm-none-eabi/lib\libc_s.a(lib_a-mprec.o)
                0x20004124                __multadd
 .text.__s2b    0x200041e0       0xd8 c:/isis/application/toolchain/bin/../lib/gcc/arm-none-eabi/4.7.4/../../../../arm-none-eabi/lib\libc_s.a(lib_a-mprec.o)
                0x200041e0                __s2b
 .text.__hi0bits
                0x200042b8       0x58 c:/isis/application/toolchain/bin/../lib/gcc/arm-none-eabi/4.7.4/../../../../arm-none-eabi/lib\libc_s.a(lib_a-mprec.o)
                0x200042b8                __hi0bits
 .text.__lo0bits
                0x20004310       0x94 c:/isis/application/toolchain/bin/../lib/gcc/arm-none-eabi/4.7.4/../../../../arm-none-eabi/lib\libc_s.a(lib_a-mprec.o)
                0x20004310                __lo0bits
 .text.__i2b    0x200043a4       0x24 c:/isis/application/toolchain/bin/../lib/gcc/arm-none-eabi/4.7.4/../../../../arm-none-eabi/lib\libc_s.a(lib_a-mprec.o)
                0x200043a4                __i2b
 .text.__multiply
                0x200043c8      0x1ac c:/isis/application/toolchain/bin/../lib/gcc/arm-none-eabi/4.7.4/../../../../arm-none-eabi/lib\libc_s.a(lib_a-mprec.o)
                0x200043c8                __multiply
 .text.__pow5mult
                0x20004574      0x10c c:/isis/application/toolchain/bin/../lib/gcc/arm-none-eabi/4.7.4/../../../../arm-none-eabi/lib\libc_s.a(lib_a-mprec.o)
                0x20004574                __pow5mult
 .text.__lshift
                0x20004680       0xf0 c:/isis/application/toolchain/bin/../lib/gcc/arm-none-eabi/4.7.4/../../../../arm-none-eabi/lib\libc_s.a(lib_a-mprec.o)
                0x20004680                __lshift
 .text.__mcmp   0x20004770       0x60 c:/isis/application/toolchain/bin/../lib/gcc/arm-none-eabi/4.7.4/../../../../arm-none-eabi/lib\libc_s.a(lib_a-mprec.o)
                0x20004770                __mcmp
 .text.__mdiff  0x200047d0      0x128 c:/isis/application/toolchain/bin/../lib/gcc/arm-none-eabi/4.7.4/../../../../arm-none-eabi/lib\libc_s.a(lib_a-mprec.o)
                0x200047d0                __mdiff
 .text.__ulp    0x200048f8       0x5c c:/isis/application/toolchain/bin/../lib/gcc/arm-none-eabi/4.7.4/../../../../arm-none-eabi/lib\libc_s.a(lib_a-mprec.o)
                0x200048f8                __ulp
 .text.__b2d    0x20004954       0xc8 c:/isis/application/toolchain/bin/../lib/gcc/arm-none-eabi/4.7.4/../../../../arm-none-eabi/lib\libc_s.a(lib_a-mprec.o)
                0x20004954                __b2d
 .text.__d2b    0x20004a1c       0xfc c:/isis/application/toolchain/bin/../lib/gcc/arm-none-eabi/4.7.4/../../../../arm-none-eabi/lib\libc_s.a(lib_a-mprec.o)
                0x20004a1c                __d2b
 .text.__ratio  0x20004b18       0x70 c:/isis/application/toolchain/bin/../lib/gcc/arm-none-eabi/4.7.4/../../../../arm-none-eabi/lib\libc_s.a(lib_a-mprec.o)
                0x20004b18                __ratio
 .text.__copybits
                0x20004b88       0x4c c:/isis/application/toolchain/bin/../lib/gcc/arm-none-eabi/4.7.4/../../../../arm-none-eabi/lib\libc_s.a(lib_a-mprec.o)
                0x20004b88                __copybits
 .text.__any_on
                0x20004bd4       0x7c c:/isis/application/toolchain/bin/../lib/gcc/arm-none-eabi/4.7.4/../../../../arm-none-eabi/lib\libc_s.a(lib_a-mprec.o)
                0x20004bd4                __any_on
 .text.__fpclassifyd
                0x20004c50       0x6c c:/isis/application/toolchain/bin/../lib/gcc/arm-none-eabi/4.7.4/../../../../arm-none-eabi/lib\libc_s.a(lib_a-s_fpclassify.o)
                0x20004c50                __fpclassifyd
 .text._sbrk_r  0x20004cbc       0x3c c:/isis/application/toolchain/bin/../lib/gcc/arm-none-eabi/4.7.4/../../../../arm-none-eabi/lib\libc_s.a(lib_a-sbrkr.o)
                0x20004cbc                _sbrk_r
 .text.nanf     0x20004cf8        0xc c:/isis/application/toolchain/bin/../lib/gcc/arm-none-eabi/4.7.4/../../../../arm-none-eabi/lib\libc_s.a(lib_a-sf_nan.o)
                0x20004cf8                nanf
 .text.sprintf  0x20004d04       0x6c c:/isis/application/toolchain/bin/../lib/gcc/arm-none-eabi/4.7.4/../../../../arm-none-eabi/lib\libc_s.a(lib_a-sprintf.o)
                0x20004d04                siprintf
                0x20004d04                sprintf
 .text.strcmp   0x20004d70       0x1c c:/isis/application/toolchain/bin/../lib/gcc/arm-none-eabi/4.7.4/../../../../arm-none-eabi/lib\libc_s.a(lib_a-strcmp.o)
                0x20004d70                strcmp
 .text.strlen   0x20004d8c       0x1c c:/isis/application/toolchain/bin/../lib/gcc/arm-none-eabi/4.7.4/../../../../arm-none-eabi/lib\libc_s.a(lib_a-strlen.o)
                0x20004d8c                strlen
 .text.match    0x20004da8       0x54 c:/isis/application/toolchain/bin/../lib/gcc/arm-none-eabi/4.7.4/../../../../arm-none-eabi/lib\libc_s.a(lib_a-strtod.o)
 .text._strtod_r
                0x20004dfc     0x1168 c:/isis/application/toolchain/bin/../lib/gcc/arm-none-eabi/4.7.4/../../../../arm-none-eabi/lib\libc_s.a(lib_a-strtod.o)
                0x20004dfc                _strtod_r
 .text._strtol_r
                0x20005f64      0x1b8 c:/isis/application/toolchain/bin/../lib/gcc/arm-none-eabi/4.7.4/../../../../arm-none-eabi/lib\libc_s.a(lib_a-strtol.o)
                0x20005f64                _strtol_r
 .text.__ssputc_r
                0x2000611c      0x10c c:/isis/application/toolchain/bin/../lib/gcc/arm-none-eabi/4.7.4/../../../../arm-none-eabi/lib\libc_s.a(lib_a-svfprintf.o)
                0x2000611c                __ssputc_r
 .text._svfprintf_r
                0x20006228      0x328 c:/isis/application/toolchain/bin/../lib/gcc/arm-none-eabi/4.7.4/../../../../arm-none-eabi/lib\libc_s.a(lib_a-svfprintf.o)
                0x20006228                _svfiprintf_r
                0x20006228                _svfprintf_r
 .text._calloc_r
                0x20006550       0x2c c:/isis/application/toolchain/bin/../lib/gcc/arm-none-eabi/4.7.4/../../../../arm-none-eabi/lib\libc_s.a(lib_a-callocr.o)
                0x20006550                _calloc_r
 .text._free_r  0x2000657c      0x108 c:/isis/application/toolchain/bin/../lib/gcc/arm-none-eabi/4.7.4/../../../../arm-none-eabi/lib\libc_s.a(lib_a-freer.o)
                0x2000657c                _free_r
 .text.rshift   0x20006684       0xb0 c:/isis/application/toolchain/bin/../lib/gcc/arm-none-eabi/4.7.4/../../../../arm-none-eabi/lib\libc_s.a(lib_a-gdtoa-gethex.o)
 .text.htinit.constprop.0
                0x20006734       0x34 c:/isis/application/toolchain/bin/../lib/gcc/arm-none-eabi/4.7.4/../../../../arm-none-eabi/lib\libc_s.a(lib_a-gdtoa-gethex.o)
 .text.__hexdig_init
                0x20006768       0x38 c:/isis/application/toolchain/bin/../lib/gcc/arm-none-eabi/4.7.4/../../../../arm-none-eabi/lib\libc_s.a(lib_a-gdtoa-gethex.o)
                0x20006768                __hexdig_init
 .text.__gethex
                0x200067a0      0x6cc c:/isis/application/toolchain/bin/../lib/gcc/arm-none-eabi/4.7.4/../../../../arm-none-eabi/lib\libc_s.a(lib_a-gdtoa-gethex.o)
                0x200067a0                __gethex
 .text.L_shift  0x20006e6c       0x38 c:/isis/application/toolchain/bin/../lib/gcc/arm-none-eabi/4.7.4/../../../../arm-none-eabi/lib\libc_s.a(lib_a-gdtoa-hexnan.o)
 .text.__hexnan
                0x20006ea4      0x1d8 c:/isis/application/toolchain/bin/../lib/gcc/arm-none-eabi/4.7.4/../../../../arm-none-eabi/lib\libc_s.a(lib_a-gdtoa-hexnan.o)
                0x20006ea4                __hexnan
 .text.memchr   0x2000707c       0x34 c:/isis/application/toolchain/bin/../lib/gcc/arm-none-eabi/4.7.4/../../../../arm-none-eabi/lib\libc_s.a(lib_a-memchr.o)
                0x2000707c                memchr
 .text.memset   0x200070b0       0x1c c:/isis/application/toolchain/bin/../lib/gcc/arm-none-eabi/4.7.4/../../../../arm-none-eabi/lib\libc_s.a(lib_a-memset.o)
                0x200070b0                memset
 .text._realloc_r
                0x200070cc       0x80 c:/isis/application/toolchain/bin/../lib/gcc/arm-none-eabi/4.7.4/../../../../arm-none-eabi/lib\libc_s.a(lib_a-reallocr.o)
                0x200070cc                _realloc_r
 .text.strncmp  0x2000714c       0x64 c:/isis/application/toolchain/bin/../lib/gcc/arm-none-eabi/4.7.4/../../../../arm-none-eabi/lib\libc_s.a(lib_a-strncmp.o)
                0x2000714c                strncmp
 .text._malloc_usable_size_r
                0x200071b0       0x1c c:/isis/application/toolchain/bin/../lib/gcc/arm-none-eabi/4.7.4/../../../../arm-none-eabi/lib\libc_s.a(lib_a-msizer.o)
                0x200071b0                _malloc_usable_size_r
 .text.GetChunkFromImage
                0x200071cc      0x2e0 ./src/sub-systemCode/payload/Request Management/Dump/Butchering.o
                0x200071cc                GetChunkFromImage
 .text.SimpleButcher
                0x200074ac       0xf4 ./src/sub-systemCode/payload/Request Management/Dump/Butchering.o
                0x200074ac                SimpleButcher
 .text.setChunkDimensions_inFRAM
                0x200075a0       0xac ./src/sub-systemCode/payload/Request Management/Dump/imageDump.o
                0x200075a0                setChunkDimensions_inFRAM
 .text.readChunkDimentionsFromFRAM
                0x2000764c       0x80 ./src/sub-systemCode/payload/Request Management/Dump/imageDump.o
                0x2000764c                readChunkDimentionsFromFRAM
 .text.find_subType_ofImage
                0x200076cc       0xe0 ./src/sub-systemCode/payload/Request Management/Dump/imageDump.o
                0x200076cc                find_subType_ofImage
 .text.buildAndSend_chunck
                0x200077ac      0x314 ./src/sub-systemCode/payload/Request Management/Dump/imageDump.o
                0x200077ac                buildAndSend_chunck
 .text.bitField_imageDump
                0x20007ac0      0x28c ./src/sub-systemCode/payload/Request Management/Dump/imageDump.o
                0x20007ac0                bitField_imageDump
 .text.thumbnail_Dump
                0x20007d4c      0x358 ./src/sub-systemCode/payload/Request Management/Dump/imageDump.o
                0x20007d4c                thumbnail_Dump
 .text.imageDataBase_Dump
                0x200080a4      0x130 ./src/sub-systemCode/payload/Request Management/Dump/imageDump.o
                0x200080a4                imageDataBase_Dump
 .text.chunkField_imageDump
                0x200081d4      0x27c ./src/sub-systemCode/payload/Request Management/Dump/imageDump.o
                0x200081d4                chunkField_imageDump
 .text.imageDump_task
                0x20008450      0x3f8 ./src/sub-systemCode/payload/Request Management/Dump/imageDump.o
                0x20008450                imageDump_task
 .text.CameraManagerTaskMain
                0x20008848       0xbc ./src/sub-systemCode/payload/Request Management/CameraManeger.o
                0x20008848                CameraManagerTaskMain
 .text.initCamera
                0x20008904       0x98 ./src/sub-systemCode/payload/Request Management/CameraManeger.o
                0x20008904                initCamera
 .text.KickStartCamera
                0x2000899c       0xb4 ./src/sub-systemCode/payload/Request Management/CameraManeger.o
                0x2000899c                KickStartCamera
 .text.addRequestToQueue
                0x20008a50       0xa8 ./src/sub-systemCode/payload/Request Management/CameraManeger.o
                0x20008a50                addRequestToQueue
 .text.removeRequestFromQueue
                0x20008af8       0x7c ./src/sub-systemCode/payload/Request Management/CameraManeger.o
                0x20008af8                removeRequestFromQueue
 .text.Take_pictures_with_time_in_between
                0x20008b74       0xa4 ./src/sub-systemCode/payload/Request Management/CameraManeger.o
                0x20008b74                Take_pictures_with_time_in_between
 .text.Gecko_TroubleShooter
                0x20008c18       0xdc ./src/sub-systemCode/payload/Request Management/CameraManeger.o
                0x20008c18                Gecko_TroubleShooter
 .text.startDumpTask
                0x20008cf4       0x70 ./src/sub-systemCode/payload/Request Management/CameraManeger.o
                0x20008cf4                startDumpTask
 .text.act_upon_request
                0x20008d64      0x318 ./src/sub-systemCode/payload/Request Management/CameraManeger.o
                0x20008d64                act_upon_request
 .text.TakePicture
                0x2000907c       0x4c ./src/sub-systemCode/payload/Request Management/DB_RequestHandling.o
                0x2000907c                TakePicture
 .text.TakeSpecialPicture
                0x200090c8      0x104 ./src/sub-systemCode/payload/Request Management/DB_RequestHandling.o
                0x200090c8                TakeSpecialPicture
 .text.DeletePictureFile
                0x200091cc       0x88 ./src/sub-systemCode/payload/Request Management/DB_RequestHandling.o
                0x200091cc                DeletePictureFile
 .text.DeletePicture
                0x20009254       0x68 ./src/sub-systemCode/payload/Request Management/DB_RequestHandling.o
                0x20009254                DeletePicture
 .text.TransferPicture
                0x200092bc       0x54 ./src/sub-systemCode/payload/Request Management/DB_RequestHandling.o
                0x200092bc                TransferPicture
 .text.CreateThumbnail
                0x20009310       0x90 ./src/sub-systemCode/payload/Request Management/DB_RequestHandling.o
                0x20009310                CreateThumbnail
 .text.CreateJPG
                0x200093a0       0x7c ./src/sub-systemCode/payload/Request Management/DB_RequestHandling.o
                0x200093a0                CreateJPG
 .text.UpdatePhotographyValues
                0x2000941c       0xb4 ./src/sub-systemCode/payload/Request Management/DB_RequestHandling.o
                0x2000941c                UpdatePhotographyValues
 .text.setChunkDimensions
                0x200094d0       0x64 ./src/sub-systemCode/payload/Request Management/DB_RequestHandling.o
                0x200094d0                setChunkDimensions
 .text.convert2char
                0x20009534      0x14c ./src/sub-systemCode/payload/Misc/Boolean_bit.o
                0x20009534                convert2char
 .text.convert2byte
                0x20009680      0x1c8 ./src/sub-systemCode/payload/Misc/Boolean_bit.o
                0x20009680                convert2byte
 .text.bits2byte
                0x20009848      0x17c ./src/sub-systemCode/payload/Misc/Boolean_bit.o
                0x20009848                bits2byte
 .text.byte2bits
                0x200099c4      0x17c ./src/sub-systemCode/payload/Misc/Boolean_bit.o
                0x200099c4                byte2bits
 .text.char2bits
                0x20009b40       0x44 ./src/sub-systemCode/payload/Misc/Boolean_bit.o
                0x20009b40                char2bits
 .text.bits2char
                0x20009b84       0x3c ./src/sub-systemCode/payload/Misc/Boolean_bit.o
                0x20009b84                bits2char
 .text.keepTryingTo_enterFS
                0x20009bc0       0x24 ./src/sub-systemCode/payload/Misc/FileSystem.o
                0x20009bc0                keepTryingTo_enterFS
 .text.releaseFS
                0x20009be4       0x18 ./src/sub-systemCode/payload/Misc/FileSystem.o
                0x20009be4                releaseFS
 .text.OpenFile
                0x20009bfc       0x64 ./src/sub-systemCode/payload/Misc/FileSystem.o
                0x20009bfc                OpenFile
 .text.CloseFile
                0x20009c60       0x4c ./src/sub-systemCode/payload/Misc/FileSystem.o
                0x20009c60                CloseFile
 .text.DeleteFile
                0x20009cac       0x60 ./src/sub-systemCode/payload/Misc/FileSystem.o
                0x20009cac                DeleteFile
 .text.ReadFromFile
                0x20009d0c       0x7c ./src/sub-systemCode/payload/Misc/FileSystem.o
                0x20009d0c                ReadFromFile
 .text.WriteToFile
                0x20009d88       0xb4 ./src/sub-systemCode/payload/Misc/FileSystem.o
                0x20009d88                WriteToFile
 .text.Initialized_GPIO
                0x20009e3c       0x54 ./src/sub-systemCode/payload/Drivers/GeckoCameraDriver.o
                0x20009e3c                Initialized_GPIO
 .text.TurnOnGecko
                0x20009e90      0x128 ./src/sub-systemCode/payload/Drivers/GeckoCameraDriver.o
                0x20009e90                TurnOnGecko
 .text.TurnOffGecko
                0x20009fb8       0xc0 ./src/sub-systemCode/payload/Drivers/GeckoCameraDriver.o
                0x20009fb8                TurnOffGecko
 .text.initGecko
                0x2000a078       0x3c ./src/sub-systemCode/payload/Drivers/GeckoCameraDriver.o
                0x2000a078                initGecko
 .text.GECKO_TakeImage
                0x2000a0b4      0x2f4 ./src/sub-systemCode/payload/Drivers/GeckoCameraDriver.o
                0x2000a0b4                GECKO_TakeImage
 .text.GECKO_ReadImage
                0x2000a3a8      0x234 ./src/sub-systemCode/payload/Drivers/GeckoCameraDriver.o
                0x2000a3a8                GECKO_ReadImage
 .text.GECKO_EraseBlock
                0x2000a5dc       0xf0 ./src/sub-systemCode/payload/Drivers/GeckoCameraDriver.o
                0x2000a5dc                GECKO_EraseBlock
 .text.getFileName
                0x2000a6cc      0x1a0 ./src/sub-systemCode/payload/DataBase/DataBase.o
 .text.zeroImageDataBase
                0x2000a86c       0x84 ./src/sub-systemCode/payload/DataBase/DataBase.o
                0x2000a86c                zeroImageDataBase
 .text.updateGeneralDataBaseParameters
                0x2000a8f0       0x5c ./src/sub-systemCode/payload/DataBase/DataBase.o
                0x2000a8f0                updateGeneralDataBaseParameters
 .text.SearchDataBase_byID
                0x2000a94c      0x220 ./src/sub-systemCode/payload/DataBase/DataBase.o
                0x2000a94c                SearchDataBase_byID
 .text.checkForFileType
                0x2000ab6c       0x68 ./src/sub-systemCode/payload/DataBase/DataBase.o
                0x2000ab6c                checkForFileType
 .text.updateFileTypes
                0x2000abd4       0xbc ./src/sub-systemCode/payload/DataBase/DataBase.o
                0x2000abd4                updateFileTypes
 .text.GetImageFactor
                0x2000ac90       0x58 ./src/sub-systemCode/payload/DataBase/DataBase.o
                0x2000ac90                GetImageFactor
 .text.readImageFromBuffer
                0x2000ace8      0x12c ./src/sub-systemCode/payload/DataBase/DataBase.o
                0x2000ace8                readImageFromBuffer
 .text.saveImageToBuffer
                0x2000ae14      0x12c ./src/sub-systemCode/payload/DataBase/DataBase.o
                0x2000ae14                saveImageToBuffer
 .text.getDataBaseStart
                0x2000af40       0x20 ./src/sub-systemCode/payload/DataBase/DataBase.o
                0x2000af40                getDataBaseStart
 .text.setDataBaseValues
                0x2000af60      0x1d8 ./src/sub-systemCode/payload/DataBase/DataBase.o
                0x2000af60                setDataBaseValues
 .text.initImageDataBase
                0x2000b138      0x1b0 ./src/sub-systemCode/payload/DataBase/DataBase.o
                0x2000b138                initImageDataBase
 .text.resetImageDataBase
                0x2000b2e8       0x98 ./src/sub-systemCode/payload/DataBase/DataBase.o
                0x2000b2e8                resetImageDataBase
 .text.setCameraPhotographyValues
                0x2000b380      0x10c ./src/sub-systemCode/payload/DataBase/DataBase.o
                0x2000b380                setCameraPhotographyValues
 .text.transferImageToSD_withoutSearch
                0x2000b48c      0x14c ./src/sub-systemCode/payload/DataBase/DataBase.o
                0x2000b48c                transferImageToSD_withoutSearch
 .text.transferImageToSD
                0x2000b5d8       0xb4 ./src/sub-systemCode/payload/DataBase/DataBase.o
                0x2000b5d8                transferImageToSD
 .text.DeleteImageFromOBC_withoutSearch
                0x2000b68c       0xe0 ./src/sub-systemCode/payload/DataBase/DataBase.o
                0x2000b68c                DeleteImageFromOBC_withoutSearch
 .text.DeleteImageFromOBC
                0x2000b76c       0xb4 ./src/sub-systemCode/payload/DataBase/DataBase.o
                0x2000b76c                DeleteImageFromOBC
 .text.DeleteImageFromPayload
                0x2000b820      0x24c ./src/sub-systemCode/payload/DataBase/DataBase.o
                0x2000b820                DeleteImageFromPayload
 .text.clearImageDataBase
                0x2000ba6c      0x114 ./src/sub-systemCode/payload/DataBase/DataBase.o
                0x2000ba6c                clearImageDataBase
 .text.writeNewImageMetaDataToFRAM
                0x2000bb80      0x234 ./src/sub-systemCode/payload/DataBase/DataBase.o
                0x2000bb80                writeNewImageMetaDataToFRAM
 .text.takePicture
                0x2000bdb4      0x31c ./src/sub-systemCode/payload/DataBase/DataBase.o
                0x2000bdb4                takePicture
 .text.takePicture_withSpecialParameters
                0x2000c0d0       0xbc ./src/sub-systemCode/payload/DataBase/DataBase.o
                0x2000c0d0                takePicture_withSpecialParameters
 .text.GetImageFileName
                0x2000c18c       0xc0 ./src/sub-systemCode/payload/DataBase/DataBase.o
                0x2000c18c                GetImageFileName
 .text.getImageDataBaseBuffer
                0x2000c24c      0x3fc ./src/sub-systemCode/payload/DataBase/DataBase.o
                0x2000c24c                getImageDataBaseBuffer
 .text.get_ID_list_withDefaltThumbnail
                0x2000c648      0x180 ./src/sub-systemCode/payload/DataBase/DataBase.o
                0x2000c648                get_ID_list_withDefaltThumbnail
 .text.TransformRawToBMP
                0x2000c7c8      0x1a8 ./src/sub-systemCode/payload/Compression/jpeg/bmp/rawToBMP.o
                0x2000c7c8                TransformRawToBMP
 .text.interpolate
                0x2000c970      0x8d0 ./src/sub-systemCode/payload/Compression/jpeg/bmp/rawToBMP.o
                0x2000c970                interpolate
 .text.getInputAt
                0x2000d240      0x308 ./src/sub-systemCode/payload/Compression/jpeg/bmp/rawToBMP.o
                0x2000d240                getInputAt
 .text.f_writeF_FILEHeader
                0x2000d548      0x2f0 ./src/sub-systemCode/payload/Compression/jpeg/bmp/rawToBMP.o
                0x2000d548                f_writeF_FILEHeader
 .text.f_writeOutputRow
                0x2000d838       0xbc ./src/sub-systemCode/payload/Compression/jpeg/bmp/rawToBMP.o
                0x2000d838                f_writeOutputRow
 .text.dct      0x2000d8f4      0x9c4 ./src/sub-systemCode/payload/Compression/jpeg/DCT.o
                0x2000d8f4                dct
 .text.JPEG_compressor
                0x2000e2b8      0x104 ./src/sub-systemCode/payload/Compression/jpeg/ImgCompressor.o
                0x2000e2b8                JPEG_compressor
 .text.Create_BMP_File
                0x2000e3bc       0xf4 ./src/sub-systemCode/payload/Compression/jpeg/ImgCompressor.o
                0x2000e3bc                Create_BMP_File
 .text.CompressImage
                0x2000e4b0      0x1cc ./src/sub-systemCode/payload/Compression/jpeg/ImgCompressor.o
                0x2000e4b0                CompressImage
 .text.clamp    0x2000e67c       0x60 ./src/sub-systemCode/payload/Compression/jpeg/color_conv.o
                0x2000e67c                clamp
 .text.RGB_to_YCC
                0x2000e6dc      0x1a8 ./src/sub-systemCode/payload/Compression/jpeg/color_conv.o
                0x2000e6dc                RGB_to_YCC
 .text.RGB_to_Y
                0x2000e884       0xc4 ./src/sub-systemCode/payload/Compression/jpeg/color_conv.o
                0x2000e884                RGB_to_Y
 .text.Y_to_YCC
                0x2000e948       0x88 ./src/sub-systemCode/payload/Compression/jpeg/color_conv.o
                0x2000e948                Y_to_YCC
 .text.compress_image_to_jpeg_file
                0x2000e9d0      0x18c ./src/sub-systemCode/payload/Compression/jpeg/jpeg.o
                0x2000e9d0                compress_image_to_jpeg_file
 .text.emit_marker
                0x2000eb5c       0xc8 ./src/sub-systemCode/payload/Compression/jpeg/jpeg_encoder.o
                0x2000eb5c                emit_marker
 .text.emit_byte
                0x2000ec24       0x6c ./src/sub-systemCode/payload/Compression/jpeg/jpeg_encoder.o
                0x2000ec24                emit_byte
 .text.emit_word
                0x2000ec90       0xd0 ./src/sub-systemCode/payload/Compression/jpeg/jpeg_encoder.o
                0x2000ec90                emit_word
 .text.emit_jfif_app0
                0x2000ed60       0xc0 ./src/sub-systemCode/payload/Compression/jpeg/jpeg_encoder.o
                0x2000ed60                emit_jfif_app0
 .text.emit_dqt
                0x2000ee20       0xd8 ./src/sub-systemCode/payload/Compression/jpeg/jpeg_encoder.o
                0x2000ee20                emit_dqt
 .text.emit_sof
                0x2000eef8      0x14c ./src/sub-systemCode/payload/Compression/jpeg/jpeg_encoder.o
                0x2000eef8                emit_sof
 .text.emit_dht
                0x2000f044      0x138 ./src/sub-systemCode/payload/Compression/jpeg/jpeg_encoder.o
                0x2000f044                emit_dht
 .text.emit_dhts
                0x2000f17c       0xd8 ./src/sub-systemCode/payload/Compression/jpeg/jpeg_encoder.o
                0x2000f17c                emit_dhts
 .text.emit_sos
                0x2000f254       0xec ./src/sub-systemCode/payload/Compression/jpeg/jpeg_encoder.o
                0x2000f254                emit_sos
 .text.emit_markers
                0x2000f340       0x4c ./src/sub-systemCode/payload/Compression/jpeg/jpeg_encoder.o
                0x2000f340                emit_markers
 .text.compute_huffman_table
                0x2000f38c      0x334 ./src/sub-systemCode/payload/Compression/jpeg/jpeg_encoder.o
                0x2000f38c                compute_huffman_table
 .text.compute_quant_table
                0x2000f6c0      0x11c ./src/sub-systemCode/payload/Compression/jpeg/jpeg_encoder.o
                0x2000f6c0                compute_quant_table
 .text.first_pass_init
                0x2000f7dc       0x54 ./src/sub-systemCode/payload/Compression/jpeg/jpeg_encoder.o
                0x2000f7dc                first_pass_init
 .text.second_pass_init
                0x2000f830      0x110 ./src/sub-systemCode/payload/Compression/jpeg/jpeg_encoder.o
                0x2000f830                second_pass_init
 .text.jpg_open
                0x2000f940      0x7b4 ./src/sub-systemCode/payload/Compression/jpeg/jpeg_encoder.o
                0x2000f940                jpg_open
 .text.load_block_8_8_grey
                0x200100f4      0x164 ./src/sub-systemCode/payload/Compression/jpeg/jpeg_encoder.o
                0x200100f4                load_block_8_8_grey
 .text.load_block_8_8
                0x20010258      0x198 ./src/sub-systemCode/payload/Compression/jpeg/jpeg_encoder.o
                0x20010258                load_block_8_8
 .text.load_block_16_8
                0x200103f0      0x3cc ./src/sub-systemCode/payload/Compression/jpeg/jpeg_encoder.o
                0x200103f0                load_block_16_8
 .text.load_block_16_8_8
                0x200107bc      0x2a8 ./src/sub-systemCode/payload/Compression/jpeg/jpeg_encoder.o
                0x200107bc                load_block_16_8_8
 .text.load_coefficients
                0x20010a64      0x1c8 ./src/sub-systemCode/payload/Compression/jpeg/jpeg_encoder.o
                0x20010a64                load_coefficients
 .text.flush_output_buffer
                0x20010c2c       0xa0 ./src/sub-systemCode/payload/Compression/jpeg/jpeg_encoder.o
                0x20010c2c                flush_output_buffer
 .text.put_bits
                0x20010ccc      0x170 ./src/sub-systemCode/payload/Compression/jpeg/jpeg_encoder.o
                0x20010ccc                put_bits
 .text.code_coefficients_pass_two
                0x20010e3c      0x338 ./src/sub-systemCode/payload/Compression/jpeg/jpeg_encoder.o
                0x20010e3c                code_coefficients_pass_two
 .text.code_block
                0x20011174       0x44 ./src/sub-systemCode/payload/Compression/jpeg/jpeg_encoder.o
                0x20011174                code_block
 .text.process_mcu_row
                0x200111b8      0x328 ./src/sub-systemCode/payload/Compression/jpeg/jpeg_encoder.o
                0x200111b8                process_mcu_row
 .text.terminate_pass_two
                0x200114e0       0x44 ./src/sub-systemCode/payload/Compression/jpeg/jpeg_encoder.o
                0x200114e0                terminate_pass_two
 .text.process_end_of_image
                0x20011524       0xc0 ./src/sub-systemCode/payload/Compression/jpeg/jpeg_encoder.o
                0x20011524                process_end_of_image
 .text.load_mcu
                0x200115e4      0x29c ./src/sub-systemCode/payload/Compression/jpeg/jpeg_encoder.o
                0x200115e4                load_mcu
 .text.clear    0x20011880      0x1e0 ./src/sub-systemCode/payload/Compression/jpeg/jpeg_encoder.o
                0x20011880                clear
 .text.init     0x20011a60       0xe4 ./src/sub-systemCode/payload/Compression/jpeg/jpeg_encoder.o
                0x20011a60                init
 .text.deinit   0x20011b44      0x160 ./src/sub-systemCode/payload/Compression/jpeg/jpeg_encoder.o
                0x20011b44                deinit
 .text.process_scanline
                0x20011ca4       0x6c ./src/sub-systemCode/payload/Compression/jpeg/jpeg_encoder.o
                0x20011ca4                process_scanline
 .text.jpge_malloc
                0x20011d10       0x28 ./src/sub-systemCode/payload/Compression/jpeg/jpeg_memory_alloc.o
                0x20011d10                jpge_malloc
 .text.jpge_cmalloc
                0x20011d38       0x48 ./src/sub-systemCode/payload/Compression/jpeg/jpeg_memory_alloc.o
                0x20011d38                jpge_cmalloc
 .text.jpge_free
                0x20011d80       0x24 ./src/sub-systemCode/payload/Compression/jpeg/jpeg_memory_alloc.o
                0x20011d80                jpge_free
 .text.check    0x20011da4       0x78 ./src/sub-systemCode/payload/Compression/jpeg/jpeg_params.o
                0x20011da4                check
 .text.open_jpeg_file
                0x20011e1c       0xfc ./src/sub-systemCode/payload/Compression/jpeg/output_stream.o
                0x20011e1c                open_jpeg_file
 .text.close_jpeg_file
                0x20011f18      0x118 ./src/sub-systemCode/payload/Compression/jpeg/output_stream.o
                0x20011f18                close_jpeg_file
 .text.put_buf  0x20012030      0x258 ./src/sub-systemCode/payload/Compression/jpeg/output_stream.o
                0x20012030                put_buf
 .text.GetBayerPixel
                0x20012288       0xe8 ./src/sub-systemCode/payload/Compression/ImageConversion.o
 .text.BinImage
                0x20012370      0x2c8 ./src/sub-systemCode/payload/Compression/ImageConversion.o
                0x20012370                BinImage
 .text.ImageSkipping
                0x20012638      0x2ac ./src/sub-systemCode/payload/Compression/ImageConversion.o
                0x20012638                ImageSkipping
 .text.CreateImageThumbnail_withoutSearch
                0x200128e4      0x14c ./src/sub-systemCode/payload/Compression/ImageConversion.o
                0x200128e4                CreateImageThumbnail_withoutSearch
 .text.CreateImageThumbnail
                0x20012a30       0x94 ./src/sub-systemCode/payload/Compression/ImageConversion.o
                0x20012a30                CreateImageThumbnail
 .text.compressImage
                0x20012ac4      0x12c ./src/sub-systemCode/payload/Compression/ImageConversion.o
                0x20012ac4                compressImage
 .text.cmd_mute
                0x20012bf0       0xc4 ./src/sub-systemCode/Main/CMD/COMM_CMD.o
                0x20012bf0                cmd_mute
 .text.cmd_unmute
                0x20012cb4       0x50 ./src/sub-systemCode/Main/CMD/COMM_CMD.o
                0x20012cb4                cmd_unmute
 .text.cmd_active_trans
                0x20012d04       0xc0 ./src/sub-systemCode/Main/CMD/COMM_CMD.o
                0x20012d04                cmd_active_trans
 .text.cmd_shut_trans
                0x20012dc4       0x38 ./src/sub-systemCode/Main/CMD/COMM_CMD.o
                0x20012dc4                cmd_shut_trans
 .text.cmd_change_trans_rssi
                0x20012dfc      0x100 ./src/sub-systemCode/Main/CMD/COMM_CMD.o
                0x20012dfc                cmd_change_trans_rssi
 .text.cmd_aprs_dump
                0x20012efc       0x50 ./src/sub-systemCode/Main/CMD/COMM_CMD.o
                0x20012efc                cmd_aprs_dump
 .text.cmd_stop_dump
                0x20012f4c       0x38 ./src/sub-systemCode/Main/CMD/COMM_CMD.o
                0x20012f4c                cmd_stop_dump
 .text.cmd_time_frequency
                0x20012f84       0xc0 ./src/sub-systemCode/Main/CMD/COMM_CMD.o
                0x20012f84                cmd_time_frequency
 .text.cmd_change_def_bit_rate
                0x20013044      0x158 ./src/sub-systemCode/Main/CMD/COMM_CMD.o
                0x20013044                cmd_change_def_bit_rate
 .text.cmd_upload_volt_logic
                0x2001319c      0x3d0 ./src/sub-systemCode/Main/CMD/EPS_CMD.o
                0x2001319c                cmd_upload_volt_logic
 .text.cmd_upload_volt_COMM
                0x2001356c      0x1c8 ./src/sub-systemCode/Main/CMD/EPS_CMD.o
                0x2001356c                cmd_upload_volt_COMM
 .text.cmd_heater_temp
                0x20013734       0xc0 ./src/sub-systemCode/Main/CMD/EPS_CMD.o
                0x20013734                cmd_heater_temp
 .text.cmd_SHUT_CAM
                0x200137f4       0x6c ./src/sub-systemCode/Main/CMD/EPS_CMD.o
                0x200137f4                cmd_SHUT_CAM
 .text.cmd_SHUT_ADCS
                0x20013860       0x6c ./src/sub-systemCode/Main/CMD/EPS_CMD.o
                0x20013860                cmd_SHUT_ADCS
 .text.cmd_allow_CAM
                0x200138cc       0x6c ./src/sub-systemCode/Main/CMD/EPS_CMD.o
                0x200138cc                cmd_allow_CAM
 .text.cmd_allow_ADCS
                0x20013938       0x6c ./src/sub-systemCode/Main/CMD/EPS_CMD.o
                0x20013938                cmd_allow_ADCS
 .text.cmd_generic_I2C
                0x200139a4       0xb4 ./src/sub-systemCode/Main/CMD/General_CMD.o
                0x200139a4                cmd_generic_I2C
 .text.cmd_dump
                0x20013a58       0xf0 ./src/sub-systemCode/Main/CMD/General_CMD.o
                0x20013a58                cmd_dump
 .text.cmd_delete_TM
                0x20013b48      0x1dc ./src/sub-systemCode/Main/CMD/General_CMD.o
                0x20013b48                cmd_delete_TM
 .text.cmd_reset_file
                0x20013d24      0x110 ./src/sub-systemCode/Main/CMD/General_CMD.o
                0x20013d24                cmd_reset_file
 .text.cmd_dummy_func
                0x20013e34       0x40 ./src/sub-systemCode/Main/CMD/General_CMD.o
                0x20013e34                cmd_dummy_func
 .text.cmd_soft_reset_cmponent
                0x20013e74       0xb0 ./src/sub-systemCode/Main/CMD/General_CMD.o
                0x20013e74                cmd_soft_reset_cmponent
 .text.cmd_hard_reset_cmponent
                0x20013f24       0xb0 ./src/sub-systemCode/Main/CMD/General_CMD.o
                0x20013f24                cmd_hard_reset_cmponent
 .text.cmd_reset_satellite
                0x20013fd4       0x78 ./src/sub-systemCode/Main/CMD/General_CMD.o
                0x20013fd4                cmd_reset_satellite
 .text.cmd_gracefull_reset_satellite
                0x2001404c       0x78 ./src/sub-systemCode/Main/CMD/General_CMD.o
                0x2001404c                cmd_gracefull_reset_satellite
 .text.cmd_upload_time
                0x200140c4       0xb0 ./src/sub-systemCode/Main/CMD/General_CMD.o
                0x200140c4                cmd_upload_time
 .text.cmd_ARM_DIARM
                0x20014174       0xd4 ./src/sub-systemCode/Main/CMD/General_CMD.o
                0x20014174                cmd_ARM_DIARM
 .text.cmd_get_onlineTM
                0x20014248       0xb8 ./src/sub-systemCode/Main/CMD/General_CMD.o
                0x20014248                cmd_get_onlineTM
 .text.cmd_reset_off_line
                0x20014300       0x68 ./src/sub-systemCode/Main/CMD/General_CMD.o
                0x20014300                cmd_reset_off_line
 .text.cmd_add_item_off_line
                0x20014368       0xf0 ./src/sub-systemCode/Main/CMD/General_CMD.o
                0x20014368                cmd_add_item_off_line
 .text.cmd_reset_delayed_command_list
                0x20014458       0x3c ./src/sub-systemCode/Main/CMD/SW_CMD.o
                0x20014458                cmd_reset_delayed_command_list
 .text.cmd_reset_APRS_list
                0x20014494       0x3c ./src/sub-systemCode/Main/CMD/SW_CMD.o
                0x20014494                cmd_reset_APRS_list
 .text.cmd_reset_FRAM
                0x200144d0       0xe8 ./src/sub-systemCode/Main/CMD/SW_CMD.o
                0x200144d0                cmd_reset_FRAM
 .text.ARM_ants
                0x200145b8       0xb8 ./src/sub-systemCode/Main/Ants.o
                0x200145b8                ARM_ants
 .text.DISARM_ants
                0x20014670       0xb8 ./src/sub-systemCode/Main/Ants.o
                0x20014670                DISARM_ants
 .text.round_vol
                0x20014728      0x124 ./src/sub-systemCode/Main/EPS.o
                0x20014728                round_vol
 .text.get_shut_ADCS
                0x2001484c       0x48 ./src/sub-systemCode/Main/EPS.o
                0x2001484c                get_shut_ADCS
 .text.shut_ADCS
                0x20014894       0x44 ./src/sub-systemCode/Main/EPS.o
                0x20014894                shut_ADCS
 .text.get_shut_CAM
                0x200148d8       0x48 ./src/sub-systemCode/Main/EPS.o
                0x200148d8                get_shut_CAM
 .text.shut_CAM
                0x20014920       0x44 ./src/sub-systemCode/Main/EPS.o
                0x20014920                shut_CAM
 .text.update_powerLines
                0x20014964       0xec ./src/sub-systemCode/Main/EPS.o
                0x20014964                update_powerLines
 .text.init_enterMode
                0x20014a50       0x88 ./src/sub-systemCode/Main/EPS.o
                0x20014a50                init_enterMode
 .text.EPS_Init
                0x20014ad8      0x1c8 ./src/sub-systemCode/Main/EPS.o
                0x20014ad8                EPS_Init
 .text.reset_FRAM_EPS
                0x20014ca0       0xa4 ./src/sub-systemCode/Main/EPS.o
                0x20014ca0                reset_FRAM_EPS
 .text.reset_EPS_voltages
                0x20014d44       0xbc ./src/sub-systemCode/Main/EPS.o
                0x20014d44                reset_EPS_voltages
 .text.EPS_Conditioning
                0x20014e00      0x158 ./src/sub-systemCode/Main/EPS.o
                0x20014e00                EPS_Conditioning
 .text.overRide_ADCS
                0x20014f58       0x50 ./src/sub-systemCode/Main/EPS.o
                0x20014f58                overRide_ADCS
 .text.overRide_Camera
                0x20014fa8       0x38 ./src/sub-systemCode/Main/EPS.o
                0x20014fa8                overRide_Camera
 .text.EnterFullMode
                0x20014fe0       0xfc ./src/sub-systemCode/Main/EPS.o
                0x20014fe0                EnterFullMode
 .text.EnterCruiseMode
                0x200150dc       0xec ./src/sub-systemCode/Main/EPS.o
                0x200150dc                EnterCruiseMode
 .text.EnterSafeMode
                0x200151c8       0xec ./src/sub-systemCode/Main/EPS.o
                0x200151c8                EnterSafeMode
 .text.EnterCriticalMode
                0x200152b4       0xd8 ./src/sub-systemCode/Main/EPS.o
                0x200152b4                EnterCriticalMode
 .text.find_fileName
                0x2001538c      0x5e4 ./src/sub-systemCode/Main/HouseKeeping.o
                0x2001538c                find_fileName
 .text.size_of_element
                0x20015970      0x108 ./src/sub-systemCode/Main/HouseKeeping.o
                0x20015970                size_of_element
 .text.save_ACK
                0x20015a78       0xc0 ./src/sub-systemCode/Main/HouseKeeping.o
                0x20015a78                save_ACK
 .text.set_GP_EPS
                0x20015b38      0x10c ./src/sub-systemCode/Main/HouseKeeping.o
                0x20015b38                set_GP_EPS
 .text.set_GP_COMM
                0x20015c44       0x88 ./src/sub-systemCode/Main/HouseKeeping.o
                0x20015c44                set_GP_COMM
 .text.SP_HK_collect
                0x20015ccc      0x17c ./src/sub-systemCode/Main/HouseKeeping.o
                0x20015ccc                SP_HK_collect
 .text.EPS_HK_collect
                0x20015e48      0x4d8 ./src/sub-systemCode/Main/HouseKeeping.o
                0x20015e48                EPS_HK_collect
 .text.CAM_HK_collect
                0x20016320      0x91c ./src/sub-systemCode/Main/HouseKeeping.o
                0x20016320                CAM_HK_collect
 .text.COMM_HK_collect
                0x20016c3c      0x154 ./src/sub-systemCode/Main/HouseKeeping.o
                0x20016c3c                COMM_HK_collect
 .text.COMM_create_file
                0x20016d90       0x74 ./src/sub-systemCode/Main/HouseKeeping.o
                0x20016d90                COMM_create_file
 .text.ACK_create_file
                0x20016e04       0x74 ./src/sub-systemCode/Main/HouseKeeping.o
                0x20016e04                ACK_create_file
 .text.EPS_create_file
                0x20016e78       0x74 ./src/sub-systemCode/Main/HouseKeeping.o
                0x20016e78                EPS_create_file
 .text.CAM_create_file
                0x20016eec       0x54 ./src/sub-systemCode/Main/HouseKeeping.o
                0x20016eec                CAM_create_file
 .text.SP_create_file
                0x20016f40       0x54 ./src/sub-systemCode/Main/HouseKeeping.o
                0x20016f40                SP_create_file
 .text.create_files
                0x20016f94       0x48 ./src/sub-systemCode/Main/HouseKeeping.o
                0x20016f94                create_files
 .text.save_SP_HK
                0x20016fdc       0x70 ./src/sub-systemCode/Main/HouseKeeping.o
                0x20016fdc                save_SP_HK
 .text.save_EPS_HK
                0x2001704c       0x70 ./src/sub-systemCode/Main/HouseKeeping.o
                0x2001704c                save_EPS_HK
 .text.save_CAM_HK
                0x200170bc       0x84 ./src/sub-systemCode/Main/HouseKeeping.o
                0x200170bc                save_CAM_HK
 .text.save_COMM_HK
                0x20017140       0x70 ./src/sub-systemCode/Main/HouseKeeping.o
                0x20017140                save_COMM_HK
 .text.EPS_HK_raw_BigEnE
                0x200171b0      0x194 ./src/sub-systemCode/Main/HouseKeeping.o
                0x200171b0                EPS_HK_raw_BigEnE
 .text.CAM_HK_raw_BigEnE
                0x20017344      0x194 ./src/sub-systemCode/Main/HouseKeeping.o
                0x20017344                CAM_HK_raw_BigEnE
 .text.COMM_HK_raw_BigEnE
                0x200174d8      0x194 ./src/sub-systemCode/Main/HouseKeeping.o
                0x200174d8                COMM_HK_raw_BigEnE
 .text.ADCS_HK_raw_BigEnE
                0x2001766c      0x194 ./src/sub-systemCode/Main/HouseKeeping.o
                0x2001766c                ADCS_HK_raw_BigEnE
 .text.ADCS_SC_raw_BigEnE
                0x20017800      0x188 ./src/sub-systemCode/Main/HouseKeeping.o
                0x20017800                ADCS_SC_raw_BigEnE
 .text.build_HK_spl_packet
                0x20017988      0xa2c ./src/sub-systemCode/Main/HouseKeeping.o
                0x20017988                build_HK_spl_packet
 .text.HouseKeeping_highRate_Task
                0x200183b4       0x78 ./src/sub-systemCode/Main/HouseKeeping.o
                0x200183b4                HouseKeeping_highRate_Task
 .text.HouseKeeping_lowRate_Task
                0x2001842c       0x74 ./src/sub-systemCode/Main/HouseKeeping.o
                0x2001842c                HouseKeeping_lowRate_Task
 .text.reset_FIRST_activation
                0x200184a0       0x34 ./src/sub-systemCode/Main/Main_Init.o
                0x200184a0                reset_FIRST_activation
 .text.test_menu
                0x200184d4       0xb4 ./src/sub-systemCode/Main/Main_Init.o
                0x200184d4                test_menu
 .text.numberOfRestarts
                0x20018588       0x94 ./src/sub-systemCode/Main/Main_Init.o
                0x20018588                numberOfRestarts
 .text.StartFRAM
                0x2001861c       0x38 ./src/sub-systemCode/Main/Main_Init.o
                0x2001861c                StartFRAM
 .text.StartI2C
                0x20018654       0x44 ./src/sub-systemCode/Main/Main_Init.o
                0x20018654                StartI2C
 .text.StartSPI
                0x20018698       0x40 ./src/sub-systemCode/Main/Main_Init.o
                0x20018698                StartSPI
 .text.StartTIME
                0x200186d8      0x118 ./src/sub-systemCode/Main/Main_Init.o
                0x200186d8                StartTIME
 .text.first_activation
                0x200187f0       0x78 ./src/sub-systemCode/Main/Main_Init.o
                0x200187f0                first_activation
 .text.pre_written_test
                0x20018868       0x14 ./src/sub-systemCode/Main/Main_Init.o
                0x20018868                pre_written_test
 .text.InitSubsystems
                0x2001887c       0xfc ./src/sub-systemCode/Main/Main_Init.o
                0x2001887c                InitSubsystems
 .text.SubSystemTaskStart
                0x20018978       0xec ./src/sub-systemCode/Main/Main_Init.o
                0x20018978                SubSystemTaskStart
 .text.copy_command
                0x20018a64       0x80 ./src/sub-systemCode/Main/commands.o
                0x20018a64                copy_command
 .text.reset_command
                0x20018ae4       0x28 ./src/sub-systemCode/Main/commands.o
                0x20018ae4                reset_command
 .text.init_command
                0x20018b0c       0xd4 ./src/sub-systemCode/Main/commands.o
                0x20018b0c                init_command
 .text.add_command
                0x20018be0      0x138 ./src/sub-systemCode/Main/commands.o
                0x20018be0                add_command
 .text.get_command
                0x20018d18      0x1cc ./src/sub-systemCode/Main/commands.o
                0x20018d18                get_command
 .text.act_upon_command
                0x20018ee4      0x240 ./src/sub-systemCode/Main/commands.o
                0x20018ee4                act_upon_command
 .text.cmd_error
                0x20019124       0x38 ./src/sub-systemCode/Main/commands.o
                0x20019124                cmd_error
 .text.AUC_COMM
                0x2001915c      0x25c ./src/sub-systemCode/Main/commands.o
                0x2001915c                AUC_COMM
 .text.AUC_general
                0x200193b8      0x17c ./src/sub-systemCode/Main/commands.o
                0x200193b8                AUC_general
 .text.AUC_payload
                0x20019534      0x214 ./src/sub-systemCode/Main/commands.o
                0x20019534                AUC_payload
 .text.AUC_EPS  0x20019748      0x248 ./src/sub-systemCode/Main/commands.o
                0x20019748                AUC_EPS
 .text.AUC_ADCS
                0x20019990       0x5c ./src/sub-systemCode/Main/commands.o
                0x20019990                AUC_ADCS
 .text.AUC_GS   0x200199ec      0x1fc ./src/sub-systemCode/Main/commands.o
                0x200199ec                AUC_GS
 .text.AUC_SW   0x20019be8       0xe4 ./src/sub-systemCode/Main/commands.o
                0x20019be8                AUC_SW
 .text.AUC_onlineTM
                0x20019ccc      0x16c ./src/sub-systemCode/Main/commands.o
                0x20019ccc                AUC_onlineTM
 .text.AUC_special_operation
                0x20019e38       0x8c ./src/sub-systemCode/Main/commands.o
                0x20019e38                AUC_special_operation
 .text.check_int
                0x20019ec4       0x3c ./src/sub-systemCode/Global/Global.o
                0x20019ec4                check_int
 .text.check_portBASE_TYPE
                0x20019f00       0x3c ./src/sub-systemCode/Global/Global.o
                0x20019f00                check_portBASE_TYPE
 .text.soft_reset_subsystem
                0x20019f3c       0xd8 ./src/sub-systemCode/Global/Global.o
                0x20019f3c                soft_reset_subsystem
 .text.hard_reset_subsystem
                0x2001a014       0xfc ./src/sub-systemCode/Global/Global.o
                0x2001a014                hard_reset_subsystem
 .text.BigEnE_raw_to_uInt
                0x2001a110       0x94 ./src/sub-systemCode/Global/Global.o
                0x2001a110                BigEnE_raw_to_uInt
 .text.BigEnE_raw_to_uShort
                0x2001a1a4       0x50 ./src/sub-systemCode/Global/Global.o
                0x2001a1a4                BigEnE_raw_to_uShort
 .text.BigEnE_uInt_to_raw
                0x2001a1f4       0x78 ./src/sub-systemCode/Global/Global.o
                0x2001a1f4                BigEnE_uInt_to_raw
 .text.reset_FRAM_MAIN
                0x2001a26c      0x19c ./src/sub-systemCode/Global/Global.o
                0x2001a26c                reset_FRAM_MAIN
 .text.getBitValueByIndex
                0x2001a408       0xd0 ./src/sub-systemCode/Global/Global.o
                0x2001a408                getBitValueByIndex
 .text.init_GP  0x2001a4d8      0x300 ./src/sub-systemCode/Global/GlobalParam.o
                0x2001a4d8                init_GP
 .text.get_system_state
                0x2001a7d8      0x268 ./src/sub-systemCode/Global/GlobalParam.o
                0x2001a7d8                get_system_state
 .text.set_system_state
                0x2001aa40      0x298 ./src/sub-systemCode/Global/GlobalParam.o
                0x2001aa40                set_system_state
 .text.get_current_global_param
                0x2001acd8      0x5c8 ./src/sub-systemCode/Global/GlobalParam.o
                0x2001acd8                get_current_global_param
 .text.set_Vbatt
                0x2001b2a0       0x8c ./src/sub-systemCode/Global/GlobalParam.o
                0x2001b2a0                set_Vbatt
 .text.get_Vbatt
                0x2001b32c       0x8c ./src/sub-systemCode/Global/GlobalParam.o
                0x2001b32c                get_Vbatt
 .text.set_curBat
                0x2001b3b8       0x8c ./src/sub-systemCode/Global/GlobalParam.o
                0x2001b3b8                set_curBat
 .text.set_cur3V3
                0x2001b444       0x8c ./src/sub-systemCode/Global/GlobalParam.o
                0x2001b444                set_cur3V3
 .text.set_cur5V
                0x2001b4d0       0x8c ./src/sub-systemCode/Global/GlobalParam.o
                0x2001b4d0                set_cur5V
 .text.set_tempComm_LO
                0x2001b55c       0x8c ./src/sub-systemCode/Global/GlobalParam.o
                0x2001b55c                set_tempComm_LO
 .text.set_tempComm_PA
                0x2001b5e8       0x8c ./src/sub-systemCode/Global/GlobalParam.o
                0x2001b5e8                set_tempComm_PA
 .text.set_tempEPS
                0x2001b674       0xc8 ./src/sub-systemCode/Global/GlobalParam.o
                0x2001b674                set_tempEPS
 .text.set_tempBatt
                0x2001b73c       0xc8 ./src/sub-systemCode/Global/GlobalParam.o
                0x2001b73c                set_tempBatt
 .text.set_RxDoppler
                0x2001b804       0x8c ./src/sub-systemCode/Global/GlobalParam.o
                0x2001b804                set_RxDoppler
 .text.set_RxRSSI
                0x2001b890       0x8c ./src/sub-systemCode/Global/GlobalParam.o
                0x2001b890                set_RxRSSI
 .text.set_TxRefl
                0x2001b91c       0x8c ./src/sub-systemCode/Global/GlobalParam.o
                0x2001b91c                set_TxRefl
 .text.set_TxForw
                0x2001b9a8       0x8c ./src/sub-systemCode/Global/GlobalParam.o
                0x2001b9a8                set_TxForw
 .text.get_ST   0x2001ba34       0x8c ./src/sub-systemCode/Global/GlobalParam.o
                0x2001ba34                get_ST
 .text.get_Attitude
                0x2001bac0      0x128 ./src/sub-systemCode/Global/GlobalParam.o
                0x2001bac0                get_Attitude
 .text.set_numOfAPRS
                0x2001bbe8       0x8c ./src/sub-systemCode/Global/GlobalParam.o
                0x2001bbe8                set_numOfAPRS
 .text.set_numOfResets
                0x2001bc74       0xac ./src/sub-systemCode/Global/GlobalParam.o
                0x2001bc74                set_numOfResets
 .text.set_ground_conn
                0x2001bd20       0xa0 ./src/sub-systemCode/Global/GlobalParam.o
                0x2001bd20                set_ground_conn
 .text.get_ground_conn
                0x2001bdc0       0xa0 ./src/sub-systemCode/Global/GlobalParam.o
                0x2001bdc0                get_ground_conn
 .text.IsisAntS_getStatusData_sideA
                0x2001be60       0x3c ./src/sub-systemCode/Global/OnlineTM.o
                0x2001be60                IsisAntS_getStatusData_sideA
 .text.IsisAntS_getAlltelemetry_sideA
                0x2001be9c       0x3c ./src/sub-systemCode/Global/OnlineTM.o
                0x2001be9c                IsisAntS_getAlltelemetry_sideA
 .text.IsisAntS_getTemperature_sideA
                0x2001bed8       0x3c ./src/sub-systemCode/Global/OnlineTM.o
                0x2001bed8                IsisAntS_getTemperature_sideA
 .text.IsisAntS_getStatusData_sideB
                0x2001bf14       0x3c ./src/sub-systemCode/Global/OnlineTM.o
                0x2001bf14                IsisAntS_getStatusData_sideB
 .text.IsisAntS_getAlltelemetry_sideB
                0x2001bf50       0x3c ./src/sub-systemCode/Global/OnlineTM.o
                0x2001bf50                IsisAntS_getAlltelemetry_sideB
 .text.IsisAntS_getTemperature_sideB
                0x2001bf8c       0x3c ./src/sub-systemCode/Global/OnlineTM.o
                0x2001bf8c                IsisAntS_getTemperature_sideB
 .text.get_item_by_index
                0x2001bfc8       0xd8 ./src/sub-systemCode/Global/OnlineTM.o
                0x2001bfc8                get_item_by_index
 .text.init_onlineParam
                0x2001c0a0      0xc80 ./src/sub-systemCode/Global/OnlineTM.o
                0x2001c0a0                init_onlineParam
 .text.reset_offline_TM_list
                0x2001cd20       0x50 ./src/sub-systemCode/Global/OnlineTM.o
                0x2001cd20                reset_offline_TM_list
 .text.get_online_packet
                0x2001cd70      0x254 ./src/sub-systemCode/Global/OnlineTM.o
                0x2001cd70                get_online_packet
 .text.add_onlineTM_param_to_save_list
                0x2001cfc4      0x214 ./src/sub-systemCode/Global/OnlineTM.o
                0x2001cfc4                add_onlineTM_param_to_save_list
 .text.delete_allTMFilesFromSD
                0x2001d1d8       0xf8 ./src/sub-systemCode/Global/TLM_management.o
                0x2001d1d8                delete_allTMFilesFromSD
 .text.getNumOfFilesInFS
                0x2001d2d0       0x44 ./src/sub-systemCode/Global/TLM_management.o
 .text.setNumOfFilesInFS
                0x2001d314       0x50 ./src/sub-systemCode/Global/TLM_management.o
 .text.f_managed_enterFS
                0x2001d364       0x24 ./src/sub-systemCode/Global/TLM_management.o
                0x2001d364                f_managed_enterFS
 .text.f_managed_releaseFS
                0x2001d388       0x18 ./src/sub-systemCode/Global/TLM_management.o
                0x2001d388                f_managed_releaseFS
 .text.f_managed_open
                0x2001d3a0       0x3c ./src/sub-systemCode/Global/TLM_management.o
                0x2001d3a0                f_managed_open
 .text.f_managed_close
                0x2001d3dc       0x2c ./src/sub-systemCode/Global/TLM_management.o
                0x2001d3dc                f_managed_close
 .text.InitializeFS
                0x2001d408      0x188 ./src/sub-systemCode/Global/TLM_management.o
                0x2001d408                InitializeFS
 .text.c_fileCreate
                0x2001d590       0xf4 ./src/sub-systemCode/Global/TLM_management.o
                0x2001d590                c_fileCreate
 .text.writewithEpochtime
                0x2001d684       0x9c ./src/sub-systemCode/Global/TLM_management.o
 .text.get_C_FILE_struct
                0x2001d720      0x104 ./src/sub-systemCode/Global/TLM_management.o
 .text.getFileIndex
                0x2001d824       0x4c ./src/sub-systemCode/Global/TLM_management.o
 .text.get_file_name_by_index
                0x2001d870       0x54 ./src/sub-systemCode/Global/TLM_management.o
                0x2001d870                get_file_name_by_index
 .text.c_fileReset
                0x2001d8c4       0xbc ./src/sub-systemCode/Global/TLM_management.o
                0x2001d8c4                c_fileReset
 .text.c_fileWrite
                0x2001d980      0x138 ./src/sub-systemCode/Global/TLM_management.o
                0x2001d980                c_fileWrite
 .text.c_fileRead
                0x2001dab8      0x2bc ./src/sub-systemCode/Global/TLM_management.o
                0x2001dab8                c_fileRead
 .text.reset_APRS_list
                0x2001dd74       0xa4 ./src/sub-systemCode/COMM/APRS.o
                0x2001dd74                reset_APRS_list
 .text.send_APRS_Dump
                0x2001de18      0x1c0 ./src/sub-systemCode/COMM/APRS.o
                0x2001de18                send_APRS_Dump
 .text.check_APRS
                0x2001dfd8      0x1a4 ./src/sub-systemCode/COMM/APRS.o
                0x2001dfd8                check_APRS
 .text.get_APRS_list
                0x2001e17c       0x88 ./src/sub-systemCode/COMM/APRS.o
                0x2001e17c                get_APRS_list
 .text.find_CMD_in_list
                0x2001e204       0x7c ./src/sub-systemCode/COMM/DelayedCommand_list.o
                0x2001e204                find_CMD_in_list
 .text.find_empty_in_list
                0x2001e280       0x74 ./src/sub-systemCode/COMM/DelayedCommand_list.o
                0x2001e280                find_empty_in_list
 .text.check_delayCommandTime
                0x2001e2f4       0x8c ./src/sub-systemCode/COMM/DelayedCommand_list.o
                0x2001e2f4                check_delayCommandTime
 .text.execute_delayedCommand
                0x2001e380       0x64 ./src/sub-systemCode/COMM/DelayedCommand_list.o
                0x2001e380                execute_delayedCommand
 .text.check_delaycommand
                0x2001e3e4      0x170 ./src/sub-systemCode/COMM/DelayedCommand_list.o
                0x2001e3e4                check_delaycommand
 .text.reset_delayCommand
                0x2001e554       0x8c ./src/sub-systemCode/COMM/DelayedCommand_list.o
                0x2001e554                reset_delayCommand
 .text.add_delayCommand
                0x2001e5e0      0x1a4 ./src/sub-systemCode/COMM/DelayedCommand_list.o
                0x2001e5e0                add_delayCommand
 .text.get_delayCommand_list
                0x2001e784       0x80 ./src/sub-systemCode/COMM/DelayedCommand_list.o
                0x2001e784                get_delayCommand_list
 .text.EmptyOldestCommand
                0x2001e804       0xfc ./src/sub-systemCode/COMM/DelayedCommand_list.o
                0x2001e804                EmptyOldestCommand
 .text.decode_TCpacket
                0x2001e900      0x16c ./src/sub-systemCode/COMM/GSC.o
                0x2001e900                decode_TCpacket
 .text.encode_TCpacket
                0x2001ea6c      0x114 ./src/sub-systemCode/COMM/GSC.o
                0x2001ea6c                encode_TCpacket
 .text.encode_TMpacket
                0x2001eb80      0x104 ./src/sub-systemCode/COMM/GSC.o
                0x2001eb80                encode_TMpacket
 .text.build_raw_ACK
                0x2001ec84       0xbc ./src/sub-systemCode/COMM/GSC.o
                0x2001ec84                build_raw_ACK
 .text.build_data_field_ACK
                0x2001ed40       0x74 ./src/sub-systemCode/COMM/GSC.o
                0x2001ed40                build_data_field_ACK
 .text.toggle_idle_state
                0x2001edb4       0x64 ./src/sub-systemCode/COMM/TRXVU.o
                0x2001edb4                toggle_idle_state
 .text.TRXVU_init_hardWare
                0x2001ee18       0x98 ./src/sub-systemCode/COMM/TRXVU.o
                0x2001ee18                TRXVU_init_hardWare
 .text.TRXVU_init_softWare
                0x2001eeb0      0x1a4 ./src/sub-systemCode/COMM/TRXVU.o
                0x2001eeb0                TRXVU_init_softWare
 .text.init_trxvu
                0x2001f054       0x14 ./src/sub-systemCode/COMM/TRXVU.o
                0x2001f054                init_trxvu
 .text.TRXVU_task
                0x2001f068       0x9c ./src/sub-systemCode/COMM/TRXVU.o
                0x2001f068                TRXVU_task
 .text.dump_logic
                0x2001f104      0x324 ./src/sub-systemCode/COMM/TRXVU.o
                0x2001f104                dump_logic
 .text.Dump_task
                0x2001f428      0x16c ./src/sub-systemCode/COMM/TRXVU.o
                0x2001f428                Dump_task
 .text.transponder_logic
                0x2001f594       0xbc ./src/sub-systemCode/COMM/TRXVU.o
                0x2001f594                transponder_logic
 .text.Transponder_task
                0x2001f650      0x1f4 ./src/sub-systemCode/COMM/TRXVU.o
                0x2001f650                Transponder_task
 .text.lookForRequestToDelete_transponder
                0x2001f844       0xac ./src/sub-systemCode/COMM/TRXVU.o
                0x2001f844                lookForRequestToDelete_transponder
 .text.lookForRequestToDelete_dump
                0x2001f8f0       0x7c ./src/sub-systemCode/COMM/TRXVU.o
                0x2001f8f0                lookForRequestToDelete_dump
 .text.sendRequestToStop_dump
                0x2001f96c       0x8c ./src/sub-systemCode/COMM/TRXVU.o
                0x2001f96c                sendRequestToStop_dump
 .text.sendRequestToStop_transponder
                0x2001f9f8       0x98 ./src/sub-systemCode/COMM/TRXVU.o
                0x2001f9f8                sendRequestToStop_transponder
 .text.Rx_logic
                0x2001fa90      0x184 ./src/sub-systemCode/COMM/TRXVU.o
                0x2001fa90                Rx_logic
 .text.pass_above_Ground
                0x2001fc14      0x104 ./src/sub-systemCode/COMM/TRXVU.o
                0x2001fc14                pass_above_Ground
 .text.trxvu_logic
                0x2001fd18       0x1c ./src/sub-systemCode/COMM/TRXVU.o
                0x2001fd18                trxvu_logic
 .text.Beacon_task
                0x2001fd34      0x170 ./src/sub-systemCode/COMM/TRXVU.o
                0x2001fd34                Beacon_task
 .text.buildAndSend_beacon
                0x2001fea4      0x604 ./src/sub-systemCode/COMM/TRXVU.o
                0x2001fea4                buildAndSend_beacon
 .text.reset_FRAM_TRXVU
                0x200204a8      0x160 ./src/sub-systemCode/COMM/TRXVU.o
                0x200204a8                reset_FRAM_TRXVU
 .text.TRX_sendFrame
                0x20020608      0x1c0 ./src/sub-systemCode/COMM/TRXVU.o
                0x20020608                TRX_sendFrame
 .text.TRX_getFrameData
                0x200207c8      0x128 ./src/sub-systemCode/COMM/TRXVU.o
                0x200207c8                TRX_getFrameData
 .text.mute_Tx  0x200208f0       0x20 ./src/sub-systemCode/COMM/TRXVU.o
                0x200208f0                mute_Tx
 .text.unmute_Tx
                0x20020910       0x60 ./src/sub-systemCode/COMM/TRXVU.o
                0x20020910                unmute_Tx
 .text.check_time_off_mute
                0x20020970       0x88 ./src/sub-systemCode/COMM/TRXVU.o
                0x20020970                check_time_off_mute
 .text.set_mute_time
                0x200209f8       0xb4 ./src/sub-systemCode/COMM/TRXVU.o
                0x200209f8                set_mute_time
 .text.change_TRXVU_state
                0x20020aac       0xd0 ./src/sub-systemCode/COMM/TRXVU.o
                0x20020aac                change_TRXVU_state
 .text.change_trans_RSSI
                0x20020b7c       0x60 ./src/sub-systemCode/COMM/TRXVU.o
                0x20020b7c                change_trans_RSSI
 .text.init_adcs
                0x20020bdc      0x104 ./src/sub-systemCode/ADCS/ADCS.o
                0x20020bdc                init_adcs
 .text.telemtryStart
                0x20020ce0      0x16c ./src/sub-systemCode/ADCS/Stage_Table.o
                0x20020ce0                telemtryStart
 .text.powerStart
                0x20020e4c       0x5c ./src/sub-systemCode/ADCS/Stage_Table.o
                0x20020e4c                powerStart
 .text.createTable
                0x20020ea8       0xb4 ./src/sub-systemCode/ADCS/Stage_Table.o
                0x20020ea8                createTable
 .text.buildControlMode
                0x20020f5c       0x60 ./src/sub-systemCode/ADCS/Stage_Table.o
                0x20020f5c                buildControlMode
 .text.Check_Table
                0x20020fbc      0x178 ./src/sub-systemCode/ADCS/Stage_Table.o
                0x20020fbc                Check_Table
 .text.updateTable
                0x20021134      0x1f0 ./src/sub-systemCode/ADCS/Stage_Table.o
                0x20021134                updateTable
 .text.translateCommandFULL
                0x20021324       0x78 ./src/sub-systemCode/ADCS/Stage_Table.o
                0x20021324                translateCommandFULL
 .text.getTableTo
                0x2002139c       0x64 ./src/sub-systemCode/ADCS/Stage_Table.o
                0x2002139c                getTableTo
 .text.save_time
                0x20021400       0x9c ./src/main.o
                0x20021400                save_time
 .text.Command_logic
                0x2002149c       0x6c ./src/main.o
                0x2002149c                Command_logic
 .text.taskMain
                0x20021508       0x74 ./src/main.o
                0x20021508                taskMain
 .text.main     0x2002157c       0xbc ./src/main.o
                0x2002157c                main
 .text.GomEpsInitialize
                0x20021638      0x148 C:/HOOPOE3/satellite-subsystems/demo/..//satellite-subsystems/lib\libSatelliteSubsystemsD.a(GomEPS.o)
                0x20021638                GomEpsInitialize
 .text.makeEPStransfer
                0x20021780       0x3c C:/HOOPOE3/satellite-subsystems/demo/..//satellite-subsystems/lib\libSatelliteSubsystemsD.a(GomEPS.o)
 .text.GomEpsPing
                0x200217bc       0xf8 C:/HOOPOE3/satellite-subsystems/demo/..//satellite-subsystems/lib\libSatelliteSubsystemsD.a(GomEPS.o)
                0x200217bc                GomEpsPing
 .text.GomEpsSoftReset
                0x200218b4       0xc4 C:/HOOPOE3/satellite-subsystems/demo/..//satellite-subsystems/lib\libSatelliteSubsystemsD.a(GomEPS.o)
                0x200218b4                GomEpsSoftReset
 .text.GomEpsHardReset
                0x20021978       0xa8 C:/HOOPOE3/satellite-subsystems/demo/..//satellite-subsystems/lib\libSatelliteSubsystemsD.a(GomEPS.o)
                0x20021978                GomEpsHardReset
 .text.GomEpsGetHkData_param
                0x20021a20      0x29c C:/HOOPOE3/satellite-subsystems/demo/..//satellite-subsystems/lib\libSatelliteSubsystemsD.a(GomEPS.o)
                0x20021a20                GomEpsGetHkData_param
 .text.GomEpsGetHkData_general
                0x20021cbc      0x45c C:/HOOPOE3/satellite-subsystems/demo/..//satellite-subsystems/lib\libSatelliteSubsystemsD.a(GomEPS.o)
                0x20021cbc                GomEpsGetHkData_general
 .text.GomEpsGetHkData_vi
                0x20022118      0x188 C:/HOOPOE3/satellite-subsystems/demo/..//satellite-subsystems/lib\libSatelliteSubsystemsD.a(GomEPS.o)
                0x20022118                GomEpsGetHkData_vi
 .text.GomEpsGetHkData_out
                0x200222a0      0x21c C:/HOOPOE3/satellite-subsystems/demo/..//satellite-subsystems/lib\libSatelliteSubsystemsD.a(GomEPS.o)
                0x200222a0                GomEpsGetHkData_out
 .text.GomEpsGetHkData_wdt
                0x200224bc      0x2b4 C:/HOOPOE3/satellite-subsystems/demo/..//satellite-subsystems/lib\libSatelliteSubsystemsD.a(GomEPS.o)
                0x200224bc                GomEpsGetHkData_wdt
 .text.GomEpsGetHkData_basic
                0x20022770      0x22c C:/HOOPOE3/satellite-subsystems/demo/..//satellite-subsystems/lib\libSatelliteSubsystemsD.a(GomEPS.o)
                0x20022770                GomEpsGetHkData_basic
 .text.GomEpsSetOutput
                0x2002299c       0xbc C:/HOOPOE3/satellite-subsystems/demo/..//satellite-subsystems/lib\libSatelliteSubsystemsD.a(GomEPS.o)
                0x2002299c                GomEpsSetOutput
 .text.GomEpsResetWDT
                0x20022a58       0xc4 C:/HOOPOE3/satellite-subsystems/demo/..//satellite-subsystems/lib\libSatelliteSubsystemsD.a(GomEPS.o)
                0x20022a58                GomEpsResetWDT
 .text.GomEpsConfigGet
                0x20022b1c      0x16c C:/HOOPOE3/satellite-subsystems/demo/..//satellite-subsystems/lib\libSatelliteSubsystemsD.a(GomEPS.o)
                0x20022b1c                GomEpsConfigGet
 .text.GomEpsConfigSet
                0x20022c88      0x184 C:/HOOPOE3/satellite-subsystems/demo/..//satellite-subsystems/lib\libSatelliteSubsystemsD.a(GomEPS.o)
                0x20022c88                GomEpsConfigSet
 .text.GomEpsConfig2Get
                0x20022e0c      0x16c C:/HOOPOE3/satellite-subsystems/demo/..//satellite-subsystems/lib\libSatelliteSubsystemsD.a(GomEPS.o)
                0x20022e0c                GomEpsConfig2Get
 .text.makeAntStransfer
                0x20022f78       0x4c C:/HOOPOE3/satellite-subsystems/demo/..//satellite-subsystems/lib\libSatelliteSubsystemsD.a(IsisAntS.o)
 .text.checkInputsValid
                0x20022fc4       0x7c C:/HOOPOE3/satellite-subsystems/demo/..//satellite-subsystems/lib\libSatelliteSubsystemsD.a(IsisAntS.o)
 .text.IsisAntS_setArmStatus
                0x20023040      0x104 C:/HOOPOE3/satellite-subsystems/demo/..//satellite-subsystems/lib\libSatelliteSubsystemsD.a(IsisAntS.o)
                0x20023040                IsisAntS_setArmStatus
 .text.IsisAntS_getStatusData
                0x20023144      0x120 C:/HOOPOE3/satellite-subsystems/demo/..//satellite-subsystems/lib\libSatelliteSubsystemsD.a(IsisAntS.o)
                0x20023144                IsisAntS_getStatusData
 .text.IsisAntS_getTemperature
                0x20023264      0x120 C:/HOOPOE3/satellite-subsystems/demo/..//satellite-subsystems/lib\libSatelliteSubsystemsD.a(IsisAntS.o)
                0x20023264                IsisAntS_getTemperature
 .text.IsisAntS_getAlltelemetry
                0x20023384      0x120 C:/HOOPOE3/satellite-subsystems/demo/..//satellite-subsystems/lib\libSatelliteSubsystemsD.a(IsisAntS.o)
                0x20023384                IsisAntS_getAlltelemetry
 .text.IsisAntS_reset
                0x200234a4      0x104 C:/HOOPOE3/satellite-subsystems/demo/..//satellite-subsystems/lib\libSatelliteSubsystemsD.a(IsisAntS.o)
                0x200234a4                IsisAntS_reset
 .text.IsisSolarPanelv2_initialize
                0x200235a8       0xb4 C:/HOOPOE3/satellite-subsystems/demo/..//satellite-subsystems/lib\libSatelliteSubsystemsD.a(IsisSolarPanelv2.o)
                0x200235a8                IsisSolarPanelv2_initialize
 .text.IsisSolarPanelv2_getTemperature
                0x2002365c       0xc8 C:/HOOPOE3/satellite-subsystems/demo/..//satellite-subsystems/lib\libSatelliteSubsystemsD.a(IsisSolarPanelv2.o)
                0x2002365c                IsisSolarPanelv2_getTemperature
 .text.IsisSolarPanelv2_sleep
                0x20023724       0xbc C:/HOOPOE3/satellite-subsystems/demo/..//satellite-subsystems/lib\libSatelliteSubsystemsD.a(IsisSolarPanelv2.o)
                0x20023724                IsisSolarPanelv2_sleep
 .text.IsisSolarPanelv2_wakeup
                0x200237e0       0x80 C:/HOOPOE3/satellite-subsystems/demo/..//satellite-subsystems/lib\libSatelliteSubsystemsD.a(IsisSolarPanelv2.o)
                0x200237e0                IsisSolarPanelv2_wakeup
 .text._Reset   0x20023860       0x20 C:/HOOPOE3/satellite-subsystems/demo/..//satellite-subsystems/lib\libSatelliteSubsystemsD.a(IsisSolarPanelv2.o)
 .text._WaitForStartup
                0x20023880       0x90 C:/HOOPOE3/satellite-subsystems/demo/..//satellite-subsystems/lib\libSatelliteSubsystemsD.a(IsisSolarPanelv2.o)
 .text._AssignAllChannels
                0x20023910       0x90 C:/HOOPOE3/satellite-subsystems/demo/..//satellite-subsystems/lib\libSatelliteSubsystemsD.a(IsisSolarPanelv2.o)
 .text._AssignThisChannel
                0x200239a0       0xe8 C:/HOOPOE3/satellite-subsystems/demo/..//satellite-subsystems/lib\libSatelliteSubsystemsD.a(IsisSolarPanelv2.o)
 .text._InitiateConversion
                0x20023a88       0xac C:/HOOPOE3/satellite-subsystems/demo/..//satellite-subsystems/lib\libSatelliteSubsystemsD.a(IsisSolarPanelv2.o)
 .text._WaitForConversionComplete
                0x20023b34      0x100 C:/HOOPOE3/satellite-subsystems/demo/..//satellite-subsystems/lib\libSatelliteSubsystemsD.a(IsisSolarPanelv2.o)
 .text._ReadResult
                0x20023c34      0x158 C:/HOOPOE3/satellite-subsystems/demo/..//satellite-subsystems/lib\libSatelliteSubsystemsD.a(IsisSolarPanelv2.o)
 .text._ExtractByte
                0x20023d8c       0x38 C:/HOOPOE3/satellite-subsystems/demo/..//satellite-subsystems/lib\libSatelliteSubsystemsD.a(IsisSolarPanelv2.o)
 .text._ExtendSign
                0x20023dc4       0x6c C:/HOOPOE3/satellite-subsystems/demo/..//satellite-subsystems/lib\libSatelliteSubsystemsD.a(IsisSolarPanelv2.o)
 .text._PinsInit
                0x20023e30       0x50 C:/HOOPOE3/satellite-subsystems/demo/..//satellite-subsystems/lib\libSatelliteSubsystemsD.a(IsisSolarPanelv2.o)
 .text._SpiWriteRead
                0x20023e80       0x70 C:/HOOPOE3/satellite-subsystems/demo/..//satellite-subsystems/lib\libSatelliteSubsystemsD.a(IsisSolarPanelv2.o)
 .text.IsisTrxvu_initialize
                0x20023ef0      0x2f4 C:/HOOPOE3/satellite-subsystems/demo/..//satellite-subsystems/lib\libSatelliteSubsystemsD.a(IsisTRXVU.o)
                0x20023ef0                IsisTrxvu_initialize
 .text.makeTRXVUtransfer
                0x200241e4       0x44 C:/HOOPOE3/satellite-subsystems/demo/..//satellite-subsystems/lib\libSatelliteSubsystemsD.a(IsisTRXVU.o)
 .text.IsisTrxvu_componentSoftReset
                0x20024228       0x6c C:/HOOPOE3/satellite-subsystems/demo/..//satellite-subsystems/lib\libSatelliteSubsystemsD.a(IsisTRXVU.o)
                0x20024228                IsisTrxvu_componentSoftReset
 .text.IsisTrxvu_componentHardReset
                0x20024294       0xc8 C:/HOOPOE3/satellite-subsystems/demo/..//satellite-subsystems/lib\libSatelliteSubsystemsD.a(IsisTRXVU.o)
                0x20024294                IsisTrxvu_componentHardReset
 .text.IsisTrxvu_softReset
                0x2002435c       0x74 C:/HOOPOE3/satellite-subsystems/demo/..//satellite-subsystems/lib\libSatelliteSubsystemsD.a(IsisTRXVU.o)
                0x2002435c                IsisTrxvu_softReset
 .text.IsisTrxvu_hardReset
                0x200243d0       0x74 C:/HOOPOE3/satellite-subsystems/demo/..//satellite-subsystems/lib\libSatelliteSubsystemsD.a(IsisTRXVU.o)
                0x200243d0                IsisTrxvu_hardReset
 .text.IsisTrxvu_tcSendAX25DefClSign
                0x20024444       0xec C:/HOOPOE3/satellite-subsystems/demo/..//satellite-subsystems/lib\libSatelliteSubsystemsD.a(IsisTRXVU.o)
                0x20024444                IsisTrxvu_tcSendAX25DefClSign
 .text.IsisTrxvu_tcSetIdlestate
                0x20024530       0xa4 C:/HOOPOE3/satellite-subsystems/demo/..//satellite-subsystems/lib\libSatelliteSubsystemsD.a(IsisTRXVU.o)
                0x20024530                IsisTrxvu_tcSetIdlestate
 .text.IsisTrxvu_tcSetAx25Bitrate
                0x200245d4       0xc4 C:/HOOPOE3/satellite-subsystems/demo/..//satellite-subsystems/lib\libSatelliteSubsystemsD.a(IsisTRXVU.o)
                0x200245d4                IsisTrxvu_tcSetAx25Bitrate
 .text.IsisTrxvu_tcGetTelemetryAll
                0x20024698       0xd0 C:/HOOPOE3/satellite-subsystems/demo/..//satellite-subsystems/lib\libSatelliteSubsystemsD.a(IsisTRXVU.o)
                0x20024698                IsisTrxvu_tcGetTelemetryAll
 .text.IsisTrxvu_tcGetTelemetryAll_revC
                0x20024768       0xd0 C:/HOOPOE3/satellite-subsystems/demo/..//satellite-subsystems/lib\libSatelliteSubsystemsD.a(IsisTRXVU.o)
                0x20024768                IsisTrxvu_tcGetTelemetryAll_revC
 .text.IsisTrxvu_rcGetFrameCount
                0x20024838       0xa0 C:/HOOPOE3/satellite-subsystems/demo/..//satellite-subsystems/lib\libSatelliteSubsystemsD.a(IsisTRXVU.o)
                0x20024838                IsisTrxvu_rcGetFrameCount
 .text.IsisTrxvu_rcGetCommandFrame
                0x200248d8      0x2d8 C:/HOOPOE3/satellite-subsystems/demo/..//satellite-subsystems/lib\libSatelliteSubsystemsD.a(IsisTRXVU.o)
                0x200248d8                IsisTrxvu_rcGetCommandFrame
 .text.IsisTrxvu_rcGetTelemetryAll
                0x20024bb0       0xd0 C:/HOOPOE3/satellite-subsystems/demo/..//satellite-subsystems/lib\libSatelliteSubsystemsD.a(IsisTRXVU.o)
                0x20024bb0                IsisTrxvu_rcGetTelemetryAll
 .text.IsisTrxvu_rcGetTelemetryAll_revC
                0x20024c80       0xec C:/HOOPOE3/satellite-subsystems/demo/..//satellite-subsystems/lib\libSatelliteSubsystemsD.a(IsisTRXVU.o)
                0x20024c80                IsisTrxvu_rcGetTelemetryAll_revC
 .text.cspaceADCS_initialize
                0x20024d6c      0x18c C:/HOOPOE3/satellite-subsystems/demo/..//satellite-subsystems/lib\libSatelliteSubsystemsD.a(cspaceADCS.o)
                0x20024d6c                cspaceADCS_initialize
 .text.make_cspaceADCStransfer
                0x20024ef8      0x1b4 C:/HOOPOE3/satellite-subsystems/demo/..//satellite-subsystems/lib\libSatelliteSubsystemsD.a(cspaceADCS.o)
 .text.cspaceADCS_componentReset
                0x200250ac       0xbc C:/HOOPOE3/satellite-subsystems/demo/..//satellite-subsystems/lib\libSatelliteSubsystemsD.a(cspaceADCS.o)
                0x200250ac                cspaceADCS_componentReset
 .text.cspaceADCS_setRunMode
                0x20025168       0xbc C:/HOOPOE3/satellite-subsystems/demo/..//satellite-subsystems/lib\libSatelliteSubsystemsD.a(cspaceADCS.o)
                0x20025168                cspaceADCS_setRunMode
 .text.cspaceADCS_setPwrCtrlDevice
                0x20025224       0xd0 C:/HOOPOE3/satellite-subsystems/demo/..//satellite-subsystems/lib\libSatelliteSubsystemsD.a(cspaceADCS.o)
                0x20025224                cspaceADCS_setPwrCtrlDevice
 .text.cspaceADCS_setAttCtrlMode
                0x200252f4       0xd0 C:/HOOPOE3/satellite-subsystems/demo/..//satellite-subsystems/lib\libSatelliteSubsystemsD.a(cspaceADCS.o)
                0x200252f4                cspaceADCS_setAttCtrlMode
 .text.cspaceADCS_setAttEstMode
                0x200253c4       0xbc C:/HOOPOE3/satellite-subsystems/demo/..//satellite-subsystems/lib\libSatelliteSubsystemsD.a(cspaceADCS.o)
                0x200253c4                cspaceADCS_setAttEstMode
 .text.cspaceADCS_getCurrentState
                0x20025480       0xc4 C:/HOOPOE3/satellite-subsystems/demo/..//satellite-subsystems/lib\libSatelliteSubsystemsD.a(cspaceADCS.o)
                0x20025480                cspaceADCS_getCurrentState
 .text.cspaceADCS_getPwrCtrlDevice
                0x20025544       0xc4 C:/HOOPOE3/satellite-subsystems/demo/..//satellite-subsystems/lib\libSatelliteSubsystemsD.a(cspaceADCS.o)
                0x20025544                cspaceADCS_getPwrCtrlDevice
 .text.GECKO_Init
                0x20025608       0x40 C:/HOOPOE3/satellite-subsystems/demo/..//satellite-subsystems/lib\libSatelliteSubsystemsD.a(gecko_driver.o)
                0x20025608                GECKO_Init
 .text.GECKO_SetReg
                0x20025648      0x138 C:/HOOPOE3/satellite-subsystems/demo/..//satellite-subsystems/lib\libSatelliteSubsystemsD.a(gecko_driver.o)
                0x20025648                GECKO_SetReg
 .text.GECKO_GetReg
                0x20025780      0x110 C:/HOOPOE3/satellite-subsystems/demo/..//satellite-subsystems/lib\libSatelliteSubsystemsD.a(gecko_driver.o)
                0x20025780                GECKO_GetReg
 .text.GECKO_GetImgData
                0x20025890       0x5c C:/HOOPOE3/satellite-subsystems/demo/..//satellite-subsystems/lib\libSatelliteSubsystemsD.a(gecko_driver.o)
                0x20025890                GECKO_GetImgData
 .text.GECKO_StartReadout
                0x200258ec       0xb8 C:/HOOPOE3/satellite-subsystems/demo/..//satellite-subsystems/lib\libSatelliteSubsystemsD.a(gecko_driver.o)
                0x200258ec                GECKO_StartReadout
 .text.GECKO_StartSample
                0x200259a4       0xb8 C:/HOOPOE3/satellite-subsystems/demo/..//satellite-subsystems/lib\libSatelliteSubsystemsD.a(gecko_driver.o)
                0x200259a4                GECKO_StartSample