Archive member included because of file (symbol)

c:/isis/application/toolchain/bin/../lib/gcc/arm-none-eabi/4.7.4/../../../../arm-none-eabi/lib\libc_s.a(lib_a-vfprintf_float.o)
                              (_printf_float)
c:/isis/application/toolchain/bin/../lib/gcc/arm-none-eabi/4.7.4/../../../../arm-none-eabi/lib\libc_s.a(lib_a-vfprintf_i.o)
                              c:/isis/application/toolchain/bin/../lib/gcc/arm-none-eabi/4.7.4/../../../../arm-none-eabi/lib\libc_s.a(lib_a-vfprintf_float.o) (_printf_common)
c:/isis/application/toolchain/bin/../lib/gcc/arm-none-eabi/4.7.4/../../../../arm-none-eabi/lib\libc_s.a(lib_a-vfscanf_float.o)
                              (_scanf_float)
c:/isis/application/toolchain/bin/../lib/gcc/arm-none-eabi/4.7.4/../../../../arm-none-eabi/lib\libc_s.a(lib_a-dtoa.o)
                              c:/isis/application/toolchain/bin/../lib/gcc/arm-none-eabi/4.7.4/../../../../arm-none-eabi/lib\libc_s.a(lib_a-vfprintf_float.o) (_dtoa_r)
c:/isis/application/toolchain/bin/../lib/gcc/arm-none-eabi/4.7.4/../../../../arm-none-eabi/lib\libc_s.a(lib_a-locale.o)
                              c:/isis/application/toolchain/bin/../lib/gcc/arm-none-eabi/4.7.4/../../../../arm-none-eabi/lib\libc_s.a(lib_a-vfprintf_float.o) (_localeconv_r)
c:/isis/application/toolchain/bin/../lib/gcc/arm-none-eabi/4.7.4/../../../../arm-none-eabi/lib\libc_s.a(lib_a-malloc.o)
                              c:/isis/application/toolchain/bin/../lib/gcc/arm-none-eabi/4.7.4/../../../../arm-none-eabi/lib\libc_s.a(lib_a-dtoa.o) (malloc)
c:/isis/application/toolchain/bin/../lib/gcc/arm-none-eabi/4.7.4/../../../../arm-none-eabi/lib\libc_s.a(lib_a-mallocr.o)
                              c:/isis/application/toolchain/bin/../lib/gcc/arm-none-eabi/4.7.4/../../../../arm-none-eabi/lib\libc_s.a(lib_a-malloc.o) (_malloc_r)
c:/isis/application/toolchain/bin/../lib/gcc/arm-none-eabi/4.7.4/../../../../arm-none-eabi/lib\libc_s.a(lib_a-memcpy.o)
                              c:/isis/application/toolchain/bin/../lib/gcc/arm-none-eabi/4.7.4/../../../../arm-none-eabi/lib\libc_s.a(lib_a-dtoa.o) (memcpy)
c:/isis/application/toolchain/bin/../lib/gcc/arm-none-eabi/4.7.4/../../../../arm-none-eabi/lib\libc_s.a(lib_a-mprec.o)
                              c:/isis/application/toolchain/bin/../lib/gcc/arm-none-eabi/4.7.4/../../../../arm-none-eabi/lib\libc_s.a(lib_a-dtoa.o) (_Balloc)
c:/isis/application/toolchain/bin/../lib/gcc/arm-none-eabi/4.7.4/../../../../arm-none-eabi/lib\libc_s.a(lib_a-s_fpclassify.o)
                              c:/isis/application/toolchain/bin/../lib/gcc/arm-none-eabi/4.7.4/../../../../arm-none-eabi/lib\libc_s.a(lib_a-vfprintf_float.o) (__fpclassifyd)
c:/isis/application/toolchain/bin/../lib/gcc/arm-none-eabi/4.7.4/../../../../arm-none-eabi/lib\libc_s.a(lib_a-sbrkr.o)
                              c:/isis/application/toolchain/bin/../lib/gcc/arm-none-eabi/4.7.4/../../../../arm-none-eabi/lib\libc_s.a(lib_a-mallocr.o) (_sbrk_r)
c:/isis/application/toolchain/bin/../lib/gcc/arm-none-eabi/4.7.4/../../../../arm-none-eabi/lib\libc_s.a(lib_a-sf_nan.o)
                              c:/isis/application/toolchain/bin/../lib/gcc/arm-none-eabi/4.7.4/../../../../arm-none-eabi/lib\libc_s.a(lib_a-vfscanf_float.o) (nanf)
c:/isis/application/toolchain/bin/../lib/gcc/arm-none-eabi/4.7.4/../../../../arm-none-eabi/lib\libc_s.a(lib_a-sprintf.o)
                              c:/isis/application/toolchain/bin/../lib/gcc/arm-none-eabi/4.7.4/../../../../arm-none-eabi/lib\libc_s.a(lib_a-vfscanf_float.o) (sprintf)
c:/isis/application/toolchain/bin/../lib/gcc/arm-none-eabi/4.7.4/../../../../arm-none-eabi/lib\libc_s.a(lib_a-strcmp.o)
                              c:/isis/application/toolchain/bin/../lib/gcc/arm-none-eabi/4.7.4/../../../../arm-none-eabi/lib\libc_s.a(lib_a-locale.o) (strcmp)
c:/isis/application/toolchain/bin/../lib/gcc/arm-none-eabi/4.7.4/../../../../arm-none-eabi/lib\libc_s.a(lib_a-strlen.o)
                              c:/isis/application/toolchain/bin/../lib/gcc/arm-none-eabi/4.7.4/../../../../arm-none-eabi/lib\libc_s.a(lib_a-vfprintf_float.o) (strlen)
c:/isis/application/toolchain/bin/../lib/gcc/arm-none-eabi/4.7.4/../../../../arm-none-eabi/lib\libc_s.a(lib_a-strtod.o)
                              c:/isis/application/toolchain/bin/../lib/gcc/arm-none-eabi/4.7.4/../../../../arm-none-eabi/lib\libc_s.a(lib_a-vfscanf_float.o) (_strtod_r)
c:/isis/application/toolchain/bin/../lib/gcc/arm-none-eabi/4.7.4/../../../../arm-none-eabi/lib\libc_s.a(lib_a-strtol.o)
                              c:/isis/application/toolchain/bin/../lib/gcc/arm-none-eabi/4.7.4/../../../../arm-none-eabi/lib\libc_s.a(lib_a-vfscanf_float.o) (_strtol_r)
c:/isis/application/toolchain/bin/../lib/gcc/arm-none-eabi/4.7.4/../../../../arm-none-eabi/lib\libc_s.a(lib_a-svfprintf.o)
                              c:/isis/application/toolchain/bin/../lib/gcc/arm-none-eabi/4.7.4/../../../../arm-none-eabi/lib\libc_s.a(lib_a-sprintf.o) (_svfprintf_r)
[...]
Memory Configuration

Name             Origin             Length             Attributes
sram0            0x00200000         0x00004000         w !xr
sram1            0x00300000         0x00004000         w !xr
sdram            0x20000000         0x02000000         w !xr
*default*        0x00000000         0xffffffff

Linker script and memory map

LOAD c:/isis/application/toolchain/bin/../lib/gcc/arm-none-eabi/4.7.4/../../../../arm-none-eabi/lib\libc_s.a
LOAD ./src/sub-systemCode/Main/CMD/COMM_CMD.o
LOAD ./src/sub-systemCode/Main/CMD/EPS_CMD.o
LOAD ./src/sub-systemCode/Main/CMD/General_CMD.o
LOAD ./src/sub-systemCode/Main/CMD/SW_CMD.o
LOAD ./src/sub-systemCode/Main/CMD/payload_CMD.o
LOAD ./src/sub-systemCode/Main/Ants.o
LOAD ./src/sub-systemCode/Main/EPS.o
LOAD ./src/sub-systemCode/Main/HouseKeeping.o
LOAD ./src/sub-systemCode/Main/Main_Init.o
LOAD ./src/sub-systemCode/Main/commands.o
LOAD ./src/sub-systemCode/Global/Global.o
LOAD ./src/sub-systemCode/Global/GlobalParam.o
LOAD ./src/sub-systemCode/Global/OnlineTM.o
LOAD ./src/sub-systemCode/Global/TLM_management.o
LOAD ./src/sub-systemCode/COMM/APRS.o
LOAD ./src/sub-systemCode/COMM/DelayedCommand_list.o
LOAD ./src/sub-systemCode/COMM/GSC.o
LOAD ./src/sub-systemCode/COMM/TRXVU.o
LOAD ./src/sub-systemCode/ADCS/ADCS.o
LOAD ./src/sub-systemCode/ADCS/Stage_Table.o
LOAD ./src/main.o
LOAD C:/HOOPOE3/satellite-subsystems/demo/..//satellite-subsystems/lib\libSatelliteSubsystemsD.a
LOAD c:/isis/application/toolchain/bin/../lib/gcc/arm-none-eabi/4.7.4/../../../../arm-none-eabi/lib\libm.a
LOAD C:/HOOPOE3/satellite-subsystems/demo/../..//hal/hcc/lib\libHCCD.a
LOAD C:/HOOPOE3/satellite-subsystems/demo/../..//hal/hal/lib\libHALD.a
LOAD C:/HOOPOE3/satellite-subsystems/demo/../..//hal/freertos/lib\libFreeRTOSD.a
LOAD C:/HOOPOE3/satellite-subsystems/demo/../..//hal/at91/lib\libAt91D.a
START GROUP
LOAD c:/isis/application/toolchain/bin/../lib/gcc/arm-none-eabi/4.7.4\libgcc.a
LOAD c:/isis/application/toolchain/bin/../lib/gcc/arm-none-eabi/4.7.4/../../../../arm-none-eabi/lib\libc_s.a
END GROUP

.fixed          0x20000000    0x426c0
                0x20000000                . = ALIGN (0x4)
                0x20000000                _sfixed = .
 *(.startup)
 .startup       0x20000000      0x134 C:/HOOPOE3/satellite-subsystems/demo/../..//hal/at91/lib\libAt91D.a(board_cstartup.o)
                0x20000000                entry
 *(.text)
 .text          0x20000134       0x64 C:/HOOPOE3/satellite-subsystems/demo/../..//hal/at91/lib\libAt91D.a(cp15_asm.o)
                0x20000134                _readControlRegister
                0x20000140                _writeControlRegister
                0x20000148                _waitForInterrupt
                0x20000154                _writeTTB
                0x2000015c                _writeDomain
                0x20000164                _writeITLBLockdown
                0x2000016c                _prefetchICacheLine
                0x20000174                _flushDCache
                0x20000180                _flushWriteBuffer
                0x2000018c                _invalidateIDTLBs
 .text          0x20000198      0x114 c:/isis/application/toolchain/bin/../lib/gcc/arm-none-eabi/4.7.4\libgcc.a(_udivsi3.o)
                0x20000198                __aeabi_uidiv
                0x20000198                __udivsi3
                0x2000028c                __aeabi_uidivmod
 .text          0x200002ac      0x148 c:/isis/application/toolchain/bin/../lib/gcc/arm-none-eabi/4.7.4\libgcc.a(_divsi3.o)
                0x200002ac                __divsi3
                0x200002ac                __aeabi_idiv
                0x200003d4                __aeabi_idivmod
 .text          0x200003f4        0x4 c:/isis/application/toolchain/bin/../lib/gcc/arm-none-eabi/4.7.4\libgcc.a(_dvmd_tls.o)
                0x200003f4                __aeabi_idiv0
                0x200003f4                __aeabi_ldiv0
 .text          0x200003f8      0x41c c:/isis/application/toolchain/bin/../lib/gcc/arm-none-eabi/4.7.4\libgcc.a(_arm_addsubdf3.o)
                0x200003f8                __aeabi_drsub
                0x20000400                __aeabi_dsub
                0x20000400                __subdf3
                0x20000404                __aeabi_dadd
                0x20000404                __adddf3
                0x20000714                __floatunsidf
                0x20000714                __aeabi_ui2d
                0x20000738                __floatsidf
                0x20000738                __aeabi_i2d
                0x20000760                __aeabi_f2d
                0x20000760                __extendsfdf2
                0x200007a0                __floatundidf
                0x200007a0                __aeabi_ul2d
                0x200007b4                __floatdidf
                0x200007b4                __aeabi_l2d
 .text          0x20000814      0x49c c:/isis/application/toolchain/bin/../lib/gcc/arm-none-eabi/4.7.4\libgcc.a(_arm_muldivdf3.o)
                0x20000814                __aeabi_dmul
                0x20000814                __muldf3
                0x20000aa4                __divdf3
                0x20000aa4                __aeabi_ddiv
 .text          0x20000cb0      0x144 c:/isis/application/toolchain/bin/../lib/gcc/arm-none-eabi/4.7.4\libgcc.a(_arm_cmpdf2.o)
                0x20000cb0                __gtdf2
                0x20000cb0                __gedf2
                0x20000cb8                __ltdf2
                0x20000cb8                __ledf2
                0x20000cc0                __nedf2
                0x20000cc0                __eqdf2
                0x20000cc0                __cmpdf2
                0x20000d48                __aeabi_cdrcmple
                0x20000d64                __aeabi_cdcmpeq
                0x20000d64                __aeabi_cdcmple
                0x20000d7c                __aeabi_dcmpeq
                0x20000d94                __aeabi_dcmplt
                0x20000dac                __aeabi_dcmple
                0x20000dc4                __aeabi_dcmpge
                0x20000ddc                __aeabi_dcmpgt
 .text          0x20000df4       0x5c c:/isis/application/toolchain/bin/../lib/gcc/arm-none-eabi/4.7.4\libgcc.a(_arm_fixdfsi.o)
                0x20000df4                __aeabi_d2iz
                0x20000df4                __fixdfsi
 .text          0x20000e50       0x54 c:/isis/application/toolchain/bin/../lib/gcc/arm-none-eabi/4.7.4\libgcc.a(_arm_fixunsdfsi.o)
                0x20000e50                __aeabi_d2uiz
                0x20000e50                __fixunsdfsi
 .text          0x20000ea4       0xa0 c:/isis/application/toolchain/bin/../lib/gcc/arm-none-eabi/4.7.4\libgcc.a(_arm_truncdfsf2.o)
                0x20000ea4                __truncdfsf2
                0x20000ea4                __aeabi_d2f
 .text          0x20000f44      0x2ac c:/isis/application/toolchain/bin/../lib/gcc/arm-none-eabi/4.7.4\libgcc.a(_arm_addsubsf3.o)
                0x20000f44                __aeabi_frsub
                0x20000f4c                __subsf3
                0x20000f4c                __aeabi_fsub
                0x20000f50                __aeabi_fadd
                0x20000f50                __addsf3
                0x2000110c                __aeabi_ui2f
                0x2000110c                __floatunsisf
                0x20001114                __aeabi_i2f
                0x20001114                __floatsisf
                0x20001134                __aeabi_ul2f
                0x20001134                __floatundisf
                0x20001144                __aeabi_l2f
                0x20001144                __floatdisf
 .text          0x200011f0      0x2f8 c:/isis/application/toolchain/bin/../lib/gcc/arm-none-eabi/4.7.4\libgcc.a(_arm_muldivsf3.o)
                0x200011f0                __mulsf3
                0x200011f0                __aeabi_fmul
                0x20001388                __aeabi_fdiv
                0x20001388                __divsf3
 .text          0x200014e8      0x114 c:/isis/application/toolchain/bin/../lib/gcc/arm-none-eabi/4.7.4\libgcc.a(_arm_cmpsf2.o)
                0x200014e8                __gesf2
                0x200014e8                __gtsf2
                0x200014f0                __lesf2
                0x200014f0                __ltsf2
                0x200014f8                __nesf2
                0x200014f8                __eqsf2
                0x200014f8                __cmpsf2
                0x2000155c                __aeabi_cfrcmple
                0x2000156c                __aeabi_cfcmpeq
                0x2000156c                __aeabi_cfcmple
                0x20001584                __aeabi_fcmpeq
                0x2000159c                __aeabi_fcmplt
                0x200015b4                __aeabi_fcmple
                0x200015cc                __aeabi_fcmpge
                0x200015e4                __aeabi_fcmpgt
 .text          0x200015fc       0x54 c:/isis/application/toolchain/bin/../lib/gcc/arm-none-eabi/4.7.4\libgcc.a(_arm_fixunssfsi.o)
                0x200015fc                __fixunssfsi
                0x200015fc                __aeabi_f2uiz
 *(.text*)
 .text.__cvt    0x20001650      0x138 c:/isis/application/toolchain/bin/../lib/gcc/arm-none-eabi/4.7.4/../../../../arm-none-eabi/lib\libc_s.a(lib_a-vfprintf_float.o)
                0x20001650                __cvt
 .text.__exponent
                0x20001788       0xa8 c:/isis/application/toolchain/bin/../lib/gcc/arm-none-eabi/4.7.4/../../../../arm-none-eabi/lib\libc_s.a(lib_a-vfprintf_float.o)
                0x20001788                __exponent
 .text._printf_float
                0x20001830      0x7dc c:/isis/application/toolchain/bin/../lib/gcc/arm-none-eabi/4.7.4/../../../../arm-none-eabi/lib\libc_s.a(lib_a-vfprintf_float.o)
                0x20001830                _printf_float
 .text._printf_common
                0x2000200c      0x174 c:/isis/application/toolchain/bin/../lib/gcc/arm-none-eabi/4.7.4/../../../../arm-none-eabi/lib\libc_s.a(lib_a-vfprintf_i.o)
                0x2000200c                _printf_common
 .text._printf_i
                0x20002180      0x3c4 c:/isis/application/toolchain/bin/../lib/gcc/arm-none-eabi/4.7.4/../../../../arm-none-eabi/lib\libc_s.a(lib_a-vfprintf_i.o)
                0x20002180                _printf_i
 .text._scanf_float
                0x20002544      0x5f4 c:/isis/application/toolchain/bin/../lib/gcc/arm-none-eabi/4.7.4/../../../../arm-none-eabi/lib\libc_s.a(lib_a-vfscanf_float.o)
                0x20002544                _scanf_float
 .text.quorem   0x20002b38      0x1ac c:/isis/application/toolchain/bin/../lib/gcc/arm-none-eabi/4.7.4/../../../../arm-none-eabi/lib\libc_s.a(lib_a-dtoa.o)
 .text._dtoa_r  0x20002ce4     0x1268 c:/isis/application/toolchain/bin/../lib/gcc/arm-none-eabi/4.7.4/../../../../arm-none-eabi/lib\libc_s.a(lib_a-dtoa.o)
                0x20002ce4                _dtoa_r
 .text._localeconv_r
                0x20003f4c        0xc c:/isis/application/toolchain/bin/../lib/gcc/arm-none-eabi/4.7.4/../../../../arm-none-eabi/lib\libc_s.a(lib_a-locale.o)
                0x20003f4c                _localeconv_r
 .text.malloc   0x20003f58       0x20 c:/isis/application/toolchain/bin/../lib/gcc/arm-none-eabi/4.7.4/../../../../arm-none-eabi/lib\libc_s.a(lib_a-malloc.o)
                0x20003f58                malloc
 .text.free     0x20003f78       0x20 c:/isis/application/toolchain/bin/../lib/gcc/arm-none-eabi/4.7.4/../../../../arm-none-eabi/lib\libc_s.a(lib_a-malloc.o)
                0x20003f78                free
 .text._malloc_r
                0x20003f98       0xfc c:/isis/application/toolchain/bin/../lib/gcc/arm-none-eabi/4.7.4/../../../../arm-none-eabi/lib\libc_s.a(lib_a-mallocr.o)
                0x20003f98                _malloc_r
 .text.memcpy   0x20004094       0x20 c:/isis/application/toolchain/bin/../lib/gcc/arm-none-eabi/4.7.4/../../../../arm-none-eabi/lib\libc_s.a(lib_a-memcpy.o)
                0x20004094                memcpy
 .text._Balloc  0x200040b4       0xcc c:/isis/application/toolchain/bin/../lib/gcc/arm-none-eabi/4.7.4/../../../../arm-none-eabi/lib\libc_s.a(lib_a-mprec.o)
                0x200040b4                _Balloc
 .text._Bfree   0x20004180       0x5c c:/isis/application/toolchain/bin/../lib/gcc/arm-none-eabi/4.7.4/../../../../arm-none-eabi/lib\libc_s.a(lib_a-mprec.o)
                0x20004180                _Bfree
 .text.__multadd
                0x200041dc       0xbc c:/isis/application/toolchain/bin/../lib/gcc/arm-none-eabi/4.7.4/../../../../arm-none-eabi/lib\libc_s.a(lib_a-mprec.o)
                0x200041dc                __multadd
 .text.__s2b    0x20004298       0xd8 c:/isis/application/toolchain/bin/../lib/gcc/arm-none-eabi/4.7.4/../../../../arm-none-eabi/lib\libc_s.a(lib_a-mprec.o)
                0x20004298                __s2b
 .text.__hi0bits
                0x20004370       0x58 c:/isis/application/toolchain/bin/../lib/gcc/arm-none-eabi/4.7.4/../../../../arm-none-eabi/lib\libc_s.a(lib_a-mprec.o)
                0x20004370                __hi0bits
 .text.__lo0bits
                0x200043c8       0x94 c:/isis/application/toolchain/bin/../lib/gcc/arm-none-eabi/4.7.4/../../../../arm-none-eabi/lib\libc_s.a(lib_a-mprec.o)
                0x200043c8                __lo0bits
 .text.__i2b    0x2000445c       0x24 c:/isis/application/toolchain/bin/../lib/gcc/arm-none-eabi/4.7.4/../../../../arm-none-eabi/lib\libc_s.a(lib_a-mprec.o)
                0x2000445c                __i2b
 .text.__multiply
                0x20004480      0x1ac c:/isis/application/toolchain/bin/../lib/gcc/arm-none-eabi/4.7.4/../../../../arm-none-eabi/lib\libc_s.a(lib_a-mprec.o)
                0x20004480                __multiply
 .text.__pow5mult
                0x2000462c      0x10c c:/isis/application/toolchain/bin/../lib/gcc/arm-none-eabi/4.7.4/../../../../arm-none-eabi/lib\libc_s.a(lib_a-mprec.o)
                0x2000462c                __pow5mult
 .text.__lshift
                0x20004738       0xf0 c:/isis/application/toolchain/bin/../lib/gcc/arm-none-eabi/4.7.4/../../../../arm-none-eabi/lib\libc_s.a(lib_a-mprec.o)
                0x20004738                __lshift
 .text.__mcmp   0x20004828       0x60 c:/isis/application/toolchain/bin/../lib/gcc/arm-none-eabi/4.7.4/../../../../arm-none-eabi/lib\libc_s.a(lib_a-mprec.o)
                0x20004828                __mcmp
 .text.__mdiff  0x20004888      0x128 c:/isis/application/toolchain/bin/../lib/gcc/arm-none-eabi/4.7.4/../../../../arm-none-eabi/lib\libc_s.a(lib_a-mprec.o)
                0x20004888                __mdiff
 .text.__ulp    0x200049b0       0x5c c:/isis/application/toolchain/bin/../lib/gcc/arm-none-eabi/4.7.4/../../../../arm-none-eabi/lib\libc_s.a(lib_a-mprec.o)
                0x200049b0                __ulp
 .text.__b2d    0x20004a0c       0xc8 c:/isis/application/toolchain/bin/../lib/gcc/arm-none-eabi/4.7.4/../../../../arm-none-eabi/lib\libc_s.a(lib_a-mprec.o)
                0x20004a0c                __b2d
 .text.__d2b    0x20004ad4       0xfc c:/isis/application/toolchain/bin/../lib/gcc/arm-none-eabi/4.7.4/../../../../arm-none-eabi/lib\libc_s.a(lib_a-mprec.o)
                0x20004ad4                __d2b
 .text.__ratio  0x20004bd0       0x70 c:/isis/application/toolchain/bin/../lib/gcc/arm-none-eabi/4.7.4/../../../../arm-none-eabi/lib\libc_s.a(lib_a-mprec.o)
                0x20004bd0                __ratio
 .text.__copybits
                0x20004c40       0x4c c:/isis/application/toolchain/bin/../lib/gcc/arm-none-eabi/4.7.4/../../../../arm-none-eabi/lib\libc_s.a(lib_a-mprec.o)
                0x20004c40                __copybits
 .text.__any_on
                0x20004c8c       0x7c c:/isis/application/toolchain/bin/../lib/gcc/arm-none-eabi/4.7.4/../../../../arm-none-eabi/lib\libc_s.a(lib_a-mprec.o)
                0x20004c8c                __any_on
 .text.__fpclassifyd
                0x20004d08       0x6c c:/isis/application/toolchain/bin/../lib/gcc/arm-none-eabi/4.7.4/../../../../arm-none-eabi/lib\libc_s.a(lib_a-s_fpclassify.o)
                0x20004d08                __fpclassifyd
 .text._sbrk_r  0x20004d74       0x3c c:/isis/application/toolchain/bin/../lib/gcc/arm-none-eabi/4.7.4/../../../../arm-none-eabi/lib\libc_s.a(lib_a-sbrkr.o)
                0x20004d74                _sbrk_r
 .text.nanf     0x20004db0        0xc c:/isis/application/toolchain/bin/../lib/gcc/arm-none-eabi/4.7.4/../../../../arm-none-eabi/lib\libc_s.a(lib_a-sf_nan.o)
                0x20004db0                nanf
 .text.sprintf  0x20004dbc       0x6c c:/isis/application/toolchain/bin/../lib/gcc/arm-none-eabi/4.7.4/../../../../arm-none-eabi/lib\libc_s.a(lib_a-sprintf.o)
                0x20004dbc                siprintf
                0x20004dbc                sprintf
 .text.strcmp   0x20004e28       0x1c c:/isis/application/toolchain/bin/../lib/gcc/arm-none-eabi/4.7.4/../../../../arm-none-eabi/lib\libc_s.a(lib_a-strcmp.o)
                0x20004e28                strcmp
 .text.strlen   0x20004e44       0x1c c:/isis/application/toolchain/bin/../lib/gcc/arm-none-eabi/4.7.4/../../../../arm-none-eabi/lib\libc_s.a(lib_a-strlen.o)
                0x20004e44                strlen
 .text.match    0x20004e60       0x54 c:/isis/application/toolchain/bin/../lib/gcc/arm-none-eabi/4.7.4/../../../../arm-none-eabi/lib\libc_s.a(lib_a-strtod.o)
 .text._strtod_r
                0x20004eb4     0x1168 c:/isis/application/toolchain/bin/../lib/gcc/arm-none-eabi/4.7.4/../../../../arm-none-eabi/lib\libc_s.a(lib_a-strtod.o)
                0x20004eb4                _strtod_r
 .text._strtol_r
                0x2000601c      0x1b8 c:/isis/application/toolchain/bin/../lib/gcc/arm-none-eabi/4.7.4/../../../../arm-none-eabi/lib\libc_s.a(lib_a-strtol.o)
                0x2000601c                _strtol_r
 .text.__ssputc_r
                0x200061d4      0x10c c:/isis/application/toolchain/bin/../lib/gcc/arm-none-eabi/4.7.4/../../../../arm-none-eabi/lib\libc_s.a(lib_a-svfprintf.o)
                0x200061d4                __ssputc_r
 .text._svfprintf_r
                0x200062e0      0x328 c:/isis/application/toolchain/bin/../lib/gcc/arm-none-eabi/4.7.4/../../../../arm-none-eabi/lib\libc_s.a(lib_a-svfprintf.o)
                0x200062e0                _svfiprintf_r
                0x200062e0                _svfprintf_r
 .text._calloc_r
                0x20006608       0x2c c:/isis/application/toolchain/bin/../lib/gcc/arm-none-eabi/4.7.4/../../../../arm-none-eabi/lib\libc_s.a(lib_a-callocr.o)
                0x20006608                _calloc_r
 .text._free_r  0x20006634      0x108 c:/isis/application/toolchain/bin/../lib/gcc/arm-none-eabi/4.7.4/../../../../arm-none-eabi/lib\libc_s.a(lib_a-freer.o)
                0x20006634                _free_r
 .text.rshift   0x2000673c       0xb0 c:/isis/application/toolchain/bin/../lib/gcc/arm-none-eabi/4.7.4/../../../../arm-none-eabi/lib\libc_s.a(lib_a-gdtoa-gethex.o)
 .text.htinit.constprop.0
                0x200067ec       0x34 c:/isis/application/toolchain/bin/../lib/gcc/arm-none-eabi/4.7.4/../../../../arm-none-eabi/lib\libc_s.a(lib_a-gdtoa-gethex.o)
 .text.__hexdig_init
                0x20006820       0x38 c:/isis/application/toolchain/bin/../lib/gcc/arm-none-eabi/4.7.4/../../../../arm-none-eabi/lib\libc_s.a(lib_a-gdtoa-gethex.o)
                0x20006820                __hexdig_init
 .text.__gethex
                0x20006858      0x6cc c:/isis/application/toolchain/bin/../lib/gcc/arm-none-eabi/4.7.4/../../../../arm-none-eabi/lib\libc_s.a(lib_a-gdtoa-gethex.o)
                0x20006858                __gethex
 .text.L_shift  0x20006f24       0x38 c:/isis/application/toolchain/bin/../lib/gcc/arm-none-eabi/4.7.4/../../../../arm-none-eabi/lib\libc_s.a(lib_a-gdtoa-hexnan.o)
 .text.__hexnan
                0x20006f5c      0x1d8 c:/isis/application/toolchain/bin/../lib/gcc/arm-none-eabi/4.7.4/../../../../arm-none-eabi/lib\libc_s.a(lib_a-gdtoa-hexnan.o)
                0x20006f5c                __hexnan
 .text.memchr   0x20007134       0x34 c:/isis/application/toolchain/bin/../lib/gcc/arm-none-eabi/4.7.4/../../../../arm-none-eabi/lib\libc_s.a(lib_a-memchr.o)
                0x20007134                memchr
 .text.memset   0x20007168       0x1c c:/isis/application/toolchain/bin/../lib/gcc/arm-none-eabi/4.7.4/../../../../arm-none-eabi/lib\libc_s.a(lib_a-memset.o)
                0x20007168                memset
 .text._realloc_r
                0x20007184       0x80 c:/isis/application/toolchain/bin/../lib/gcc/arm-none-eabi/4.7.4/../../../../arm-none-eabi/lib\libc_s.a(lib_a-reallocr.o)
                0x20007184                _realloc_r
 .text.strncmp  0x20007204       0x64 c:/isis/application/toolchain/bin/../lib/gcc/arm-none-eabi/4.7.4/../../../../arm-none-eabi/lib\libc_s.a(lib_a-strncmp.o)
                0x20007204                strncmp
 .text._malloc_usable_size_r
                0x20007268       0x1c c:/isis/application/toolchain/bin/../lib/gcc/arm-none-eabi/4.7.4/../../../../arm-none-eabi/lib\libc_s.a(lib_a-msizer.o)
                0x20007268                _malloc_usable_size_r
 .text.cmd_mute
                0x20007284       0xc4 ./src/sub-systemCode/Main/CMD/COMM_CMD.o
                0x20007284                cmd_mute
 .text.cmd_unmute
                0x20007348       0x4c ./src/sub-systemCode/Main/CMD/COMM_CMD.o
                0x20007348                cmd_unmute
 .text.cmd_active_trans
                0x20007394       0xc0 ./src/sub-systemCode/Main/CMD/COMM_CMD.o
                0x20007394                cmd_active_trans
 .text.cmd_shut_trans
                0x20007454       0x38 ./src/sub-systemCode/Main/CMD/COMM_CMD.o
                0x20007454                cmd_shut_trans
 .text.cmd_change_trans_rssi
                0x2000748c      0x100 ./src/sub-systemCode/Main/CMD/COMM_CMD.o
                0x2000748c                cmd_change_trans_rssi
 .text.cmd_aprs_dump
                0x2000758c       0x50 ./src/sub-systemCode/Main/CMD/COMM_CMD.o
                0x2000758c                cmd_aprs_dump
 .text.cmd_stop_dump
                0x200075dc       0x38 ./src/sub-systemCode/Main/CMD/COMM_CMD.o
                0x200075dc                cmd_stop_dump
 .text.cmd_time_frequency
                0x20007614       0xc0 ./src/sub-systemCode/Main/CMD/COMM_CMD.o
                0x20007614                cmd_time_frequency
 .text.cmd_change_def_bit_rate
                0x200076d4      0x158 ./src/sub-systemCode/Main/CMD/COMM_CMD.o
                0x200076d4                cmd_change_def_bit_rate
 .text.cmd_upload_volt_logic
                0x2000782c      0x334 ./src/sub-systemCode/Main/CMD/EPS_CMD.o
                0x2000782c                cmd_upload_volt_logic
 .text.cmd_upload_volt_COMM
                0x20007b60      0x1c8 ./src/sub-systemCode/Main/CMD/EPS_CMD.o
                0x20007b60                cmd_upload_volt_COMM
 .text.cmd_heater_temp
                0x20007d28       0xc0 ./src/sub-systemCode/Main/CMD/EPS_CMD.o
                0x20007d28                cmd_heater_temp
 .text.cmd_SHUT_CAM
                0x20007de8       0x6c ./src/sub-systemCode/Main/CMD/EPS_CMD.o
                0x20007de8                cmd_SHUT_CAM
 .text.cmd_SHUT_ADCS
                0x20007e54       0x6c ./src/sub-systemCode/Main/CMD/EPS_CMD.o
                0x20007e54                cmd_SHUT_ADCS
 .text.cmd_allow_CAM
                0x20007ec0       0x6c ./src/sub-systemCode/Main/CMD/EPS_CMD.o
                0x20007ec0                cmd_allow_CAM
 .text.cmd_allow_ADCS
                0x20007f2c       0x6c ./src/sub-systemCode/Main/CMD/EPS_CMD.o
                0x20007f2c                cmd_allow_ADCS
 .text.cmd_update_alpha
                0x20007f98       0xfc ./src/sub-systemCode/Main/CMD/EPS_CMD.o
                0x20007f98                cmd_update_alpha
 .text.cmd_generic_I2C
                0x20008094       0xb4 ./src/sub-systemCode/Main/CMD/General_CMD.o
                0x20008094                cmd_generic_I2C
 .text.cmd_dump
                0x20008148       0xf0 ./src/sub-systemCode/Main/CMD/General_CMD.o
                0x20008148                cmd_dump
 .text.cmd_delete_TM
                0x20008238      0x230 ./src/sub-systemCode/Main/CMD/General_CMD.o
                0x20008238                cmd_delete_TM
 .text.cmd_reset_file
                0x20008468      0x118 ./src/sub-systemCode/Main/CMD/General_CMD.o
                0x20008468                cmd_reset_file
 .text.cmd_dummy_func
                0x20008580       0x40 ./src/sub-systemCode/Main/CMD/General_CMD.o
                0x20008580                cmd_dummy_func
 .text.cmd_soft_reset_cmponent
                0x200085c0       0xac ./src/sub-systemCode/Main/CMD/General_CMD.o
                0x200085c0                cmd_soft_reset_cmponent
 .text.cmd_hard_reset_cmponent
                0x2000866c       0xac ./src/sub-systemCode/Main/CMD/General_CMD.o
                0x2000866c                cmd_hard_reset_cmponent
 .text.cmd_reset_satellite
                0x20008718       0x78 ./src/sub-systemCode/Main/CMD/General_CMD.o
                0x20008718                cmd_reset_satellite
 .text.cmd_gracefull_reset_satellite
                0x20008790       0x78 ./src/sub-systemCode/Main/CMD/General_CMD.o
                0x20008790                cmd_gracefull_reset_satellite
 .text.cmd_upload_time
                0x20008808       0xb0 ./src/sub-systemCode/Main/CMD/General_CMD.o
                0x20008808                cmd_upload_time
 .text.cmd_ARM_DIARM
                0x200088b8       0xd4 ./src/sub-systemCode/Main/CMD/General_CMD.o
                0x200088b8                cmd_ARM_DIARM
 .text.cmd_get_onlineTM
                0x2000898c      0x148 ./src/sub-systemCode/Main/CMD/General_CMD.o
                0x2000898c                cmd_get_onlineTM
 .text.cmd_reset_off_line
                0x20008ad4       0x68 ./src/sub-systemCode/Main/CMD/General_CMD.o
                0x20008ad4                cmd_reset_off_line
 .text.cmd_add_item_off_line
                0x20008b3c       0xf4 ./src/sub-systemCode/Main/CMD/General_CMD.o
                0x20008b3c                cmd_add_item_off_line
 .text.cmd_delete_item_off_line
                0x20008c30       0x98 ./src/sub-systemCode/Main/CMD/General_CMD.o
                0x20008c30                cmd_delete_item_off_line
 .text.cmd_get_off_line_setting
                0x20008cc8      0x108 ./src/sub-systemCode/Main/CMD/General_CMD.o
                0x20008cc8                cmd_get_off_line_setting
 .text.cmd_reset_delayed_command_list
                0x20008dd0       0x3c ./src/sub-systemCode/Main/CMD/SW_CMD.o
                0x20008dd0                cmd_reset_delayed_command_list
 .text.cmd_reset_APRS_list
                0x20008e0c       0x3c ./src/sub-systemCode/Main/CMD/SW_CMD.o
                0x20008e0c                cmd_reset_APRS_list
 .text.cmd_reset_FRAM
                0x20008e48       0xe8 ./src/sub-systemCode/Main/CMD/SW_CMD.o
                0x20008e48                cmd_reset_FRAM
 .text.ARM_ants
                0x20008f30       0xb8 ./src/sub-systemCode/Main/Ants.o
                0x20008f30                ARM_ants
 .text.DISARM_ants
                0x20008fe8       0xb8 ./src/sub-systemCode/Main/Ants.o
                0x20008fe8                DISARM_ants
 .text.round_vol
                0x200090a0      0x124 ./src/sub-systemCode/Main/EPS.o
                0x200090a0                round_vol
 .text.get_shut_ADCS
                0x200091c4       0x48 ./src/sub-systemCode/Main/EPS.o
                0x200091c4                get_shut_ADCS
 .text.shut_ADCS
                0x2000920c       0x44 ./src/sub-systemCode/Main/EPS.o
                0x2000920c                shut_ADCS
 .text.get_shut_CAM
                0x20009250       0x48 ./src/sub-systemCode/Main/EPS.o
                0x20009250                get_shut_CAM
 .text.shut_CAM
                0x20009298       0x44 ./src/sub-systemCode/Main/EPS.o
                0x20009298                shut_CAM
 .text.update_powerLines
                0x200092dc       0xec ./src/sub-systemCode/Main/EPS.o
                0x200092dc                update_powerLines
 .text.get_EPS_mode_t
                0x200093c8       0x24 ./src/sub-systemCode/Main/EPS.o
                0x200093c8                get_EPS_mode_t
 .text.init_enterMode
                0x200093ec       0x88 ./src/sub-systemCode/Main/EPS.o
                0x200093ec                init_enterMode
 .text.EPS_Init
                0x20009474      0x1c8 ./src/sub-systemCode/Main/EPS.o
                0x20009474                EPS_Init
 .text.reset_FRAM_EPS
                0x2000963c       0xe0 ./src/sub-systemCode/Main/EPS.o
                0x2000963c                reset_FRAM_EPS
 .text.reset_EPS_voltages
                0x2000971c       0xbc ./src/sub-systemCode/Main/EPS.o
                0x2000971c                reset_EPS_voltages
 .text.battery_downward
                0x200097d8      0x114 ./src/sub-systemCode/Main/EPS.o
                0x200097d8                battery_downward
 .text.battery_upward
                0x200098ec      0x120 ./src/sub-systemCode/Main/EPS.o
                0x200098ec                battery_upward
 .text.EPS_Conditioning
                0x20009a0c      0x230 ./src/sub-systemCode/Main/EPS.o
                0x20009a0c                EPS_Conditioning
 .text.overRide_ADCS
                0x20009c3c       0x50 ./src/sub-systemCode/Main/EPS.o
                0x20009c3c                overRide_ADCS
 .text.overRide_Camera
                0x20009c8c       0x38 ./src/sub-systemCode/Main/EPS.o
                0x20009c8c                overRide_Camera
 .text.EnterFullMode
                0x20009cc4       0xfc ./src/sub-systemCode/Main/EPS.o
                0x20009cc4                EnterFullMode
 .text.EnterCruiseMode
                0x20009dc0       0xec ./src/sub-systemCode/Main/EPS.o
                0x20009dc0                EnterCruiseMode
 .text.EnterSafeMode
                0x20009eac       0xec ./src/sub-systemCode/Main/EPS.o
                0x20009eac                EnterSafeMode
 .text.EnterCriticalMode
                0x20009f98       0xd8 ./src/sub-systemCode/Main/EPS.o
                0x20009f98                EnterCriticalMode
 .text.check_EPSTableCorrection
                0x2000a070      0x120 ./src/sub-systemCode/Main/EPS.o
                0x2000a070                check_EPSTableCorrection
 .text.save_ACK
                0x2000a190      0x11c ./src/sub-systemCode/Main/HouseKeeping.o
                0x2000a190                save_ACK
 .text.set_GP_EPS
                0x2000a2ac      0x10c ./src/sub-systemCode/Main/HouseKeeping.o
                0x2000a2ac                set_GP_EPS
 .text.set_GP_COMM
                0x2000a3b8       0x88 ./src/sub-systemCode/Main/HouseKeeping.o
                0x2000a3b8                set_GP_COMM
 .text.SP_HK_collect
                0x2000a440      0x17c ./src/sub-systemCode/Main/HouseKeeping.o
                0x2000a440                SP_HK_collect
 .text.EPS_HK_collect
                0x2000a5bc      0x4f8 ./src/sub-systemCode/Main/HouseKeeping.o
                0x2000a5bc                EPS_HK_collect
 .text.CAM_HK_collect
                0x2000aab4      0x91c ./src/sub-systemCode/Main/HouseKeeping.o
                0x2000aab4                CAM_HK_collect
 .text.COMM_HK_collect
                0x2000b3d0      0x20c ./src/sub-systemCode/Main/HouseKeeping.o
                0x2000b3d0                COMM_HK_collect
 .text.FS_HK_collect
                0x2000b5dc      0x18c ./src/sub-systemCode/Main/HouseKeeping.o
                0x2000b5dc                FS_HK_collect
 .text.HK_find_fileName
                0x2000b768       0xd0 ./src/sub-systemCode/Main/HouseKeeping.o
                0x2000b768                HK_find_fileName
 .text.HK_findElementSize
                0x2000b838       0x7c ./src/sub-systemCode/Main/HouseKeeping.o
                0x2000b838                HK_findElementSize
 .text.build_HK_spl_packet
                0x2000b8b4      0x150 ./src/sub-systemCode/Main/HouseKeeping.o
                0x2000b8b4                build_HK_spl_packet
 .text.test_menu
                0x2000ba04       0xd8 ./src/sub-systemCode/Main/Main_Init.o
                0x2000ba04                test_menu
 .text.numberOfRestarts
                0x2000badc       0x94 ./src/sub-systemCode/Main/Main_Init.o
                0x2000badc                numberOfRestarts
 .text.StartFRAM
                0x2000bb70       0x38 ./src/sub-systemCode/Main/Main_Init.o
                0x2000bb70                StartFRAM
 .text.StartI2C
                0x2000bba8       0x44 ./src/sub-systemCode/Main/Main_Init.o
                0x2000bba8                StartI2C
 .text.StartSPI
                0x2000bbec       0x40 ./src/sub-systemCode/Main/Main_Init.o
                0x2000bbec                StartSPI
 .text.StartTIME
                0x2000bc2c      0x118 ./src/sub-systemCode/Main/Main_Init.o
                0x2000bc2c                StartTIME
 .text.first_activation
                0x2000bd44       0x7c ./src/sub-systemCode/Main/Main_Init.o
                0x2000bd44                first_activation
 .text.InitSubsystems
                0x2000bdc0       0x60 ./src/sub-systemCode/Main/Main_Init.o
                0x2000bdc0                InitSubsystems
 .text.SubSystemTaskStart
                0x2000be20       0x9c ./src/sub-systemCode/Main/Main_Init.o
                0x2000be20                SubSystemTaskStart
 .text.save_ACK_s
                0x2000bebc       0x5c ./src/sub-systemCode/Main/commands.o
                0x2000bebc                save_ACK_s
 .text.copy_command
                0x2000bf18       0x80 ./src/sub-systemCode/Main/commands.o
                0x2000bf18                copy_command
 .text.reset_command
                0x2000bf98       0x28 ./src/sub-systemCode/Main/commands.o
                0x2000bf98                reset_command
 .text.init_command
                0x2000bfc0       0xd4 ./src/sub-systemCode/Main/commands.o
                0x2000bfc0                init_command
 .text.add_command
                0x2000c094      0x138 ./src/sub-systemCode/Main/commands.o
                0x2000c094                add_command
 .text.get_command
                0x2000c1cc      0x1cc ./src/sub-systemCode/Main/commands.o
                0x2000c1cc                get_command
 .text.act_upon_command
                0x2000c398      0x200 ./src/sub-systemCode/Main/commands.o
                0x2000c398                act_upon_command
 .text.cmd_error
                0x2000c598       0x38 ./src/sub-systemCode/Main/commands.o
                0x2000c598                cmd_error
 .text.AUC_COMM
                0x2000c5d0      0x25c ./src/sub-systemCode/Main/commands.o
                0x2000c5d0                AUC_COMM
 .text.AUC_general
                0x2000c82c      0x474 ./src/sub-systemCode/Main/commands.o
                0x2000c82c                AUC_general
 .text.AUC_payload
                0x2000cca0      0x110 ./src/sub-systemCode/Main/commands.o
                0x2000cca0                AUC_payload
 .text.AUC_EPS  0x2000cdb0      0x28c ./src/sub-systemCode/Main/commands.o
                0x2000cdb0                AUC_EPS
 .text.AUC_ADCS
                0x2000d03c       0x5c ./src/sub-systemCode/Main/commands.o
                0x2000d03c                AUC_ADCS
 .text.AUC_SW   0x2000d098       0xe4 ./src/sub-systemCode/Main/commands.o
                0x2000d098                AUC_SW
 .text.AUC_onlineTM
                0x2000d17c      0x1ac ./src/sub-systemCode/Main/commands.o
                0x2000d17c                AUC_onlineTM
 .text.AUC_special_operation
                0x2000d328       0x8c ./src/sub-systemCode/Main/commands.o
                0x2000d328                AUC_special_operation
 .text.check_int
                0x2000d3b4       0x3c ./src/sub-systemCode/Global/Global.o
                0x2000d3b4                check_int
 .text.check_portBASE_TYPE
                0x2000d3f0       0x3c ./src/sub-systemCode/Global/Global.o
                0x2000d3f0                check_portBASE_TYPE
 .text.soft_reset_subsystem
                0x2000d42c       0xd8 ./src/sub-systemCode/Global/Global.o
                0x2000d42c                soft_reset_subsystem
 .text.hard_reset_subsystem
                0x2000d504      0x104 ./src/sub-systemCode/Global/Global.o
                0x2000d504                hard_reset_subsystem
 .text.BigEnE_raw_to_uInt
                0x2000d608       0x94 ./src/sub-systemCode/Global/Global.o
                0x2000d608                BigEnE_raw_to_uInt
 .text.BigEnE_raw_to_uShort
                0x2000d69c       0x50 ./src/sub-systemCode/Global/Global.o
                0x2000d69c                BigEnE_raw_to_uShort
 .text.BigEnE_uInt_to_raw
                0x2000d6ec       0x78 ./src/sub-systemCode/Global/Global.o
                0x2000d6ec                BigEnE_uInt_to_raw
 .text.reset_FRAM_MAIN
                0x2000d764      0x19c ./src/sub-systemCode/Global/Global.o
                0x2000d764                reset_FRAM_MAIN
 .text.terminateTask
                0x2000d900       0x18 ./src/sub-systemCode/Global/Global.o
                0x2000d900                terminateTask
 .text.init_GP  0x2000d918      0x300 ./src/sub-systemCode/Global/GlobalParam.o
                0x2000d918                init_GP
 .text.get_system_state
                0x2000dc18      0x268 ./src/sub-systemCode/Global/GlobalParam.o
                0x2000dc18                get_system_state
 .text.set_system_state
                0x2000de80      0x298 ./src/sub-systemCode/Global/GlobalParam.o
                0x2000de80                set_system_state
 .text.get_systems_state_param
                0x2000e118       0x8c ./src/sub-systemCode/Global/GlobalParam.o
                0x2000e118                get_systems_state_param
 .text.get_current_global_param
                0x2000e1a4      0x5c8 ./src/sub-systemCode/Global/GlobalParam.o
                0x2000e1a4                get_current_global_param
 .text.set_Vbatt
                0x2000e76c       0x8c ./src/sub-systemCode/Global/GlobalParam.o
                0x2000e76c                set_Vbatt
 .text.get_Vbatt
                0x2000e7f8       0x8c ./src/sub-systemCode/Global/GlobalParam.o
                0x2000e7f8                get_Vbatt
 .text.set_curBat
                0x2000e884       0x8c ./src/sub-systemCode/Global/GlobalParam.o
                0x2000e884                set_curBat
 .text.set_cur3V3
                0x2000e910       0x8c ./src/sub-systemCode/Global/GlobalParam.o
                0x2000e910                set_cur3V3
 .text.set_cur5V
                0x2000e99c       0x8c ./src/sub-systemCode/Global/GlobalParam.o
                0x2000e99c                set_cur5V
 .text.set_tempComm_LO
                0x2000ea28       0x8c ./src/sub-systemCode/Global/GlobalParam.o
                0x2000ea28                set_tempComm_LO
 .text.set_tempComm_PA
                0x2000eab4       0x8c ./src/sub-systemCode/Global/GlobalParam.o
                0x2000eab4                set_tempComm_PA
 .text.set_tempEPS
                0x2000eb40       0xc8 ./src/sub-systemCode/Global/GlobalParam.o
                0x2000eb40                set_tempEPS
 .text.set_tempBatt
                0x2000ec08       0xc8 ./src/sub-systemCode/Global/GlobalParam.o
                0x2000ec08                set_tempBatt
 .text.set_RxDoppler
                0x2000ecd0       0x8c ./src/sub-systemCode/Global/GlobalParam.o
                0x2000ecd0                set_RxDoppler
 .text.set_RxRSSI
                0x2000ed5c       0x8c ./src/sub-systemCode/Global/GlobalParam.o
                0x2000ed5c                set_RxRSSI
 .text.set_TxRefl
                0x2000ede8       0x8c ./src/sub-systemCode/Global/GlobalParam.o
                0x2000ede8                set_TxRefl
 .text.set_TxForw
                0x2000ee74       0x8c ./src/sub-systemCode/Global/GlobalParam.o
                0x2000ee74                set_TxForw
 .text.get_ST   0x2000ef00       0x8c ./src/sub-systemCode/Global/GlobalParam.o
                0x2000ef00                get_ST
 .text.set_numOfAPRS
                0x2000ef8c       0x8c ./src/sub-systemCode/Global/GlobalParam.o
                0x2000ef8c                set_numOfAPRS
 .text.set_numOfDelayedCommand
                0x2000f018       0x8c ./src/sub-systemCode/Global/GlobalParam.o
                0x2000f018                set_numOfDelayedCommand
 .text.set_numOfResets
                0x2000f0a4       0xac ./src/sub-systemCode/Global/GlobalParam.o
                0x2000f0a4                set_numOfResets
 .text.set_ground_conn
                0x2000f150       0xa0 ./src/sub-systemCode/Global/GlobalParam.o
                0x2000f150                set_ground_conn
 .text.get_ground_conn
                0x2000f1f0       0xa0 ./src/sub-systemCode/Global/GlobalParam.o
                0x2000f1f0                get_ground_conn
 .text.IsisAntS_getStatusData_sideA
                0x2000f290       0x3c ./src/sub-systemCode/Global/OnlineTM.o
                0x2000f290                IsisAntS_getStatusData_sideA
 .text.IsisAntS_getAlltelemetry_sideA
                0x2000f2cc       0x3c ./src/sub-systemCode/Global/OnlineTM.o
                0x2000f2cc                IsisAntS_getAlltelemetry_sideA
 .text.IsisAntS_getTemperature_sideA
                0x2000f308       0x3c ./src/sub-systemCode/Global/OnlineTM.o
                0x2000f308                IsisAntS_getTemperature_sideA
 .text.IsisAntS_getStatusData_sideB
                0x2000f344       0x3c ./src/sub-systemCode/Global/OnlineTM.o
                0x2000f344                IsisAntS_getStatusData_sideB
 .text.IsisAntS_getAlltelemetry_sideB
                0x2000f380       0x3c ./src/sub-systemCode/Global/OnlineTM.o
                0x2000f380                IsisAntS_getAlltelemetry_sideB
 .text.IsisAntS_getTemperature_sideB
                0x2000f3bc       0x3c ./src/sub-systemCode/Global/OnlineTM.o
                0x2000f3bc                IsisAntS_getTemperature_sideB
 .text.HK_collect_EPS
                0x2000f3f8       0x30 ./src/sub-systemCode/Global/OnlineTM.o
                0x2000f3f8                HK_collect_EPS
 .text.HK_collect_COMM
                0x2000f428       0x30 ./src/sub-systemCode/Global/OnlineTM.o
                0x2000f428                HK_collect_COMM
 .text.HK_collect_CAM
                0x2000f458       0x30 ./src/sub-systemCode/Global/OnlineTM.o
                0x2000f458                HK_collect_CAM
 .text.HK_collect_SP
                0x2000f488       0x30 ./src/sub-systemCode/Global/OnlineTM.o
                0x2000f488                HK_collect_SP
 .text.HK_collect_FS_A
                0x2000f4b8       0x34 ./src/sub-systemCode/Global/OnlineTM.o
                0x2000f4b8                HK_collect_FS_A
 .text.HK_collect_FS_B
                0x2000f4ec       0x34 ./src/sub-systemCode/Global/OnlineTM.o
                0x2000f4ec                HK_collect_FS_B
 .text.save_offlineSetting_FRAM
                0x2000f520      0x26c ./src/sub-systemCode/Global/OnlineTM.o
                0x2000f520                save_offlineSetting_FRAM
 .text.get_offlineSetting_FRAM
                0x2000f78c       0x58 ./src/sub-systemCode/Global/OnlineTM.o
                0x2000f78c                get_offlineSetting_FRAM
 .text.update_offlineSetting_FRAM
                0x2000f7e4      0x360 ./src/sub-systemCode/Global/OnlineTM.o
                0x2000f7e4                update_offlineSetting_FRAM
 .text.get_offlineSettingPacket
                0x2000fb44       0xc4 ./src/sub-systemCode/Global/OnlineTM.o
                0x2000fb44                get_offlineSettingPacket
 .text.get_item_by_index
                0x2000fc08       0xdc ./src/sub-systemCode/Global/OnlineTM.o
                0x2000fc08                get_item_by_index
 .text.get_pointer_item_by_index
                0x2000fce4       0x48 ./src/sub-systemCode/Global/OnlineTM.o
                0x2000fce4                get_pointer_item_by_index
 .text.init_onlineParam
                0x2000fd2c     0x2f10 ./src/sub-systemCode/Global/OnlineTM.o
                0x2000fd2c                init_onlineParam
 .text.reset_offline_TM_list
                0x20012c3c      0x19c ./src/sub-systemCode/Global/OnlineTM.o
                0x20012c3c                reset_offline_TM_list
 .text.get_online_packet
                0x20012dd8      0x25c ./src/sub-systemCode/Global/OnlineTM.o
                0x20012dd8                get_online_packet
 .text.save_onlineTM_param
                0x20013034      0x1b4 ./src/sub-systemCode/Global/OnlineTM.o
                0x20013034                save_onlineTM_param
 .text.add_onlineTM_param_to_save_list
                0x200131e8      0x3d8 ./src/sub-systemCode/Global/OnlineTM.o
                0x200131e8                add_onlineTM_param_to_save_list
 .text.delete_onlineTM_param_from_offline
                0x200135c0      0x1a8 ./src/sub-systemCode/Global/OnlineTM.o
                0x200135c0                delete_onlineTM_param_from_offline
 .text.save_onlineTM_logic
                0x20013768      0x2a8 ./src/sub-systemCode/Global/OnlineTM.o
                0x20013768                save_onlineTM_logic
 .text.save_onlineTM_task
                0x20013a10       0xdc ./src/sub-systemCode/Global/OnlineTM.o
                0x20013a10                save_onlineTM_task
 .text.delete_allTMFilesFromSD
                0x20013aec       0xf8 ./src/sub-systemCode/Global/TLM_management.o
                0x20013aec                delete_allTMFilesFromSD
 .text.getNumOfFilesInFS
                0x20013be4       0x44 ./src/sub-systemCode/Global/TLM_management.o
 .text.setNumOfFilesInFS
                0x20013c28       0x50 ./src/sub-systemCode/Global/TLM_management.o
 .text.f_managed_enterFS
                0x20013c78       0xb0 ./src/sub-systemCode/Global/TLM_management.o
                0x20013c78                f_managed_enterFS
 .text.f_managed_releaseFS
                0x20013d28       0x58 ./src/sub-systemCode/Global/TLM_management.o
                0x20013d28                f_managed_releaseFS
 .text.f_managed_open
                0x20013d80       0xf0 ./src/sub-systemCode/Global/TLM_management.o
                0x20013d80                f_managed_open
 .text.f_managed_close
                0x20013e70       0x8c ./src/sub-systemCode/Global/TLM_management.o
                0x20013e70                f_managed_close
 .text.createSemahores_FS
                0x20013efc       0x7c ./src/sub-systemCode/Global/TLM_management.o
                0x20013efc                createSemahores_FS
 .text.InitializeFS
                0x20013f78      0x1a8 ./src/sub-systemCode/Global/TLM_management.o
                0x20013f78                InitializeFS
 .text.c_fileCreate
                0x20014120       0xf4 ./src/sub-systemCode/Global/TLM_management.o
                0x20014120                c_fileCreate
 .text.writewithEpochtime
                0x20014214       0x94 ./src/sub-systemCode/Global/TLM_management.o
 .text.get_C_FILE_struct
                0x200142a8      0x104 ./src/sub-systemCode/Global/TLM_management.o
 .text.getFileIndex
                0x200143ac       0x4c ./src/sub-systemCode/Global/TLM_management.o
 .text.get_file_name_by_index
                0x200143f8       0x54 ./src/sub-systemCode/Global/TLM_management.o
                0x200143f8                get_file_name_by_index
 .text.c_fileReset
                0x2001444c       0xbc ./src/sub-systemCode/Global/TLM_management.o
                0x2001444c                c_fileReset
 .text.c_fileWrite
                0x20014508      0x168 ./src/sub-systemCode/Global/TLM_management.o
                0x20014508                c_fileWrite
 .text.deleteElementsFromFile
                0x20014670      0x184 ./src/sub-systemCode/Global/TLM_management.o
 .text.c_fileDeleteElements
                0x200147f4      0x168 ./src/sub-systemCode/Global/TLM_management.o
                0x200147f4                c_fileDeleteElements
 .text.c_fileRead
                0x2001495c      0x2cc ./src/sub-systemCode/Global/TLM_management.o
                0x2001495c                c_fileRead
 .text.reset_APRS_list
                0x20014c28       0xa4 ./src/sub-systemCode/COMM/APRS.o
                0x20014c28                reset_APRS_list
 .text.send_APRS_Dump
                0x20014ccc      0x1c0 ./src/sub-systemCode/COMM/APRS.o
                0x20014ccc                send_APRS_Dump
 .text.get_APRS_list
                0x20014e8c       0x88 ./src/sub-systemCode/COMM/APRS.o
                0x20014e8c                get_APRS_list
 .text.find_CMD_in_list
                0x20014f14       0x7c ./src/sub-systemCode/COMM/DelayedCommand_list.o
                0x20014f14                find_CMD_in_list
 .text.find_empty_in_list
                0x20014f90       0x74 ./src/sub-systemCode/COMM/DelayedCommand_list.o
                0x20014f90                find_empty_in_list
 .text.check_delayCommandTime
                0x20015004       0x8c ./src/sub-systemCode/COMM/DelayedCommand_list.o
                0x20015004                check_delayCommandTime
 .text.execute_delayedCommand
                0x20015090       0x64 ./src/sub-systemCode/COMM/DelayedCommand_list.o
                0x20015090                execute_delayedCommand
 .text.check_delaycommand
                0x200150f4      0x17c ./src/sub-systemCode/COMM/DelayedCommand_list.o
                0x200150f4                check_delaycommand
 .text.reset_delayCommand
                0x20015270       0x8c ./src/sub-systemCode/COMM/DelayedCommand_list.o
                0x20015270                reset_delayCommand
 .text.add_delayCommand
                0x200152fc      0x1a4 ./src/sub-systemCode/COMM/DelayedCommand_list.o
                0x200152fc                add_delayCommand
 .text.get_delayCommand_list
                0x200154a0       0x80 ./src/sub-systemCode/COMM/DelayedCommand_list.o
                0x200154a0                get_delayCommand_list
 .text.EmptyOldestCommand
                0x20015520       0xfc ./src/sub-systemCode/COMM/DelayedCommand_list.o
                0x20015520                EmptyOldestCommand
 .text.decode_TCpacket
                0x2001561c      0x16c ./src/sub-systemCode/COMM/GSC.o
                0x2001561c                decode_TCpacket
 .text.encode_TCpacket
                0x20015788      0x114 ./src/sub-systemCode/COMM/GSC.o
                0x20015788                encode_TCpacket
 .text.encode_TMpacket
                0x2001589c      0x104 ./src/sub-systemCode/COMM/GSC.o
                0x2001589c                encode_TMpacket
 .text.build_raw_ACK
                0x200159a0       0xbc ./src/sub-systemCode/COMM/GSC.o
                0x200159a0                build_raw_ACK
 .text.build_data_field_ACK
                0x20015a5c       0x74 ./src/sub-systemCode/COMM/GSC.o
                0x20015a5c                build_data_field_ACK
 .text.update_FRAM_bitRate
                0x20015ad0       0xd0 ./src/sub-systemCode/COMM/TRXVU.o
                0x20015ad0                update_FRAM_bitRate
 .text.toggle_idle_state
                0x20015ba0       0x94 ./src/sub-systemCode/COMM/TRXVU.o
                0x20015ba0                toggle_idle_state
 .text.TRXVU_init_hardWare
                0x20015c34       0xac ./src/sub-systemCode/COMM/TRXVU.o
                0x20015c34                TRXVU_init_hardWare
 .text.TRXVU_init_softWare
                0x20015ce0      0x100 ./src/sub-systemCode/COMM/TRXVU.o
                0x20015ce0                TRXVU_init_softWare
 .text.init_trxvu
                0x20015de0       0x14 ./src/sub-systemCode/COMM/TRXVU.o
                0x20015de0                init_trxvu
 .text.TRXVU_task
                0x20015df4       0x9c ./src/sub-systemCode/COMM/TRXVU.o
                0x20015df4                TRXVU_task
 .text.dump_logic
                0x20015e90      0x34c ./src/sub-systemCode/COMM/TRXVU.o
                0x20015e90                dump_logic
 .text.Dump_task
                0x200161dc      0x17c ./src/sub-systemCode/COMM/TRXVU.o
                0x200161dc                Dump_task
 .text.transponder_logic
                0x20016358       0xbc ./src/sub-systemCode/COMM/TRXVU.o
                0x20016358                transponder_logic
 .text.Transponder_task
                0x20016414      0x238 ./src/sub-systemCode/COMM/TRXVU.o
                0x20016414                Transponder_task
 .text.lookForRequestToDelete_transponder
                0x2001664c       0xc0 ./src/sub-systemCode/COMM/TRXVU.o
                0x2001664c                lookForRequestToDelete_transponder
 .text.lookForRequestToDelete_dump
                0x2001670c       0x78 ./src/sub-systemCode/COMM/TRXVU.o
                0x2001670c                lookForRequestToDelete_dump
 .text.sendRequestToStop_dump
                0x20016784       0x8c ./src/sub-systemCode/COMM/TRXVU.o
                0x20016784                sendRequestToStop_dump
 .text.sendRequestToStop_transponder
                0x20016810       0x8c ./src/sub-systemCode/COMM/TRXVU.o
                0x20016810                sendRequestToStop_transponder
 .text.Rx_logic
                0x2001689c      0x184 ./src/sub-systemCode/COMM/TRXVU.o
                0x2001689c                Rx_logic
 .text.pass_above_Ground
                0x20016a20      0x104 ./src/sub-systemCode/COMM/TRXVU.o
                0x20016a20                pass_above_Ground
 .text.trxvu_logic
                0x20016b24       0x1c ./src/sub-systemCode/COMM/TRXVU.o
                0x20016b24                trxvu_logic
 .text.Beacon_task
                0x20016b40      0x170 ./src/sub-systemCode/COMM/TRXVU.o
                0x20016b40                Beacon_task
 .text.buildAndSend_beacon
                0x20016cb0      0x604 ./src/sub-systemCode/COMM/TRXVU.o
                0x20016cb0                buildAndSend_beacon
 .text.reset_FRAM_TRXVU
                0x200172b4      0x160 ./src/sub-systemCode/COMM/TRXVU.o
                0x200172b4                reset_FRAM_TRXVU
 .text.TRX_sendFrame
                0x20017414      0x1c0 ./src/sub-systemCode/COMM/TRXVU.o
                0x20017414                TRX_sendFrame
 .text.TRX_getFrameData
                0x200175d4      0x10c ./src/sub-systemCode/COMM/TRXVU.o
                0x200175d4                TRX_getFrameData
 .text.mute_Tx  0x200176e0       0x20 ./src/sub-systemCode/COMM/TRXVU.o
                0x200176e0                mute_Tx
 .text.unmute_Tx
                0x20017700       0x58 ./src/sub-systemCode/COMM/TRXVU.o
                0x20017700                unmute_Tx
 .text.check_time_off_mute
                0x20017758       0x88 ./src/sub-systemCode/COMM/TRXVU.o
                0x20017758                check_time_off_mute
 .text.set_mute_time
                0x200177e0       0xb4 ./src/sub-systemCode/COMM/TRXVU.o
                0x200177e0                set_mute_time
 .text.change_TRXVU_state
                0x20017894       0xe0 ./src/sub-systemCode/COMM/TRXVU.o
                0x20017894                change_TRXVU_state
 .text.change_trans_RSSI
                0x20017974       0x60 ./src/sub-systemCode/COMM/TRXVU.o
                0x20017974                change_trans_RSSI
 .text.init_adcs
                0x200179d4      0x104 ./src/sub-systemCode/ADCS/ADCS.o
                0x200179d4                init_adcs
 .text.telemtryStart
                0x20017ad8      0x16c ./src/sub-systemCode/ADCS/Stage_Table.o
                0x20017ad8                telemtryStart
 .text.powerStart
                0x20017c44       0x5c ./src/sub-systemCode/ADCS/Stage_Table.o
                0x20017c44                powerStart
 .text.createTable
                0x20017ca0       0xb4 ./src/sub-systemCode/ADCS/Stage_Table.o
                0x20017ca0                createTable
 .text.buildControlMode
                0x20017d54       0x60 ./src/sub-systemCode/ADCS/Stage_Table.o
                0x20017d54                buildControlMode
 .text.Check_Table
                0x20017db4      0x178 ./src/sub-systemCode/ADCS/Stage_Table.o
                0x20017db4                Check_Table
 .text.updateTable
                0x20017f2c      0x1f0 ./src/sub-systemCode/ADCS/Stage_Table.o
                0x20017f2c                updateTable
 .text.translateCommandFULL
                0x2001811c       0x78 ./src/sub-systemCode/ADCS/Stage_Table.o
                0x2001811c                translateCommandFULL
 .text.getTableTo
                0x20018194       0x64 ./src/sub-systemCode/ADCS/Stage_Table.o
                0x20018194                getTableTo
 .text.save_time
                0x200181f8       0x9c ./src/main.o
                0x200181f8                save_time
 .text.Command_logic
                0x20018294       0x6c ./src/main.o
                0x20018294                Command_logic
 .text.taskMain
                0x20018300       0x74 ./src/main.o
                0x20018300                taskMain
 .text.main     0x20018374       0xbc ./src/main.o
                0x20018374                main
 .text.GomEpsInitialize
                0x20018430      0x148 C:/HOOPOE3/satellite-subsystems/demo/..//satellite-subsystems/lib\libSatelliteSubsystemsD.a(GomEPS.o)
                0x20018430                GomEpsInitialize
 .text.makeEPStransfer
                0x20018578       0x3c C:/HOOPOE3/satellite-subsystems/demo/..//satellite-subsystems/lib\libSatelliteSubsystemsD.a(GomEPS.o)
 .text.GomEpsSoftReset
                0x200185b4       0xc4 C:/HOOPOE3/satellite-subsystems/demo/..//satellite-subsystems/lib\libSatelliteSubsystemsD.a(GomEPS.o)
                0x200185b4                GomEpsSoftReset
 .text.GomEpsHardReset
                0x20018678       0xa8 C:/HOOPOE3/satellite-subsystems/demo/..//satellite-subsystems/lib\libSatelliteSubsystemsD.a(GomEPS.o)
                0x20018678                GomEpsHardReset
 .text.GomEpsGetHkData_param
                0x20018720      0x29c C:/HOOPOE3/satellite-subsystems/demo/..//satellite-subsystems/lib\libSatelliteSubsystemsD.a(GomEPS.o)
                0x20018720                GomEpsGetHkData_param
 .text.GomEpsGetHkData_general
                0x200189bc      0x45c C:/HOOPOE3/satellite-subsystems/demo/..//satellite-subsystems/lib\libSatelliteSubsystemsD.a(GomEPS.o)
                0x200189bc                GomEpsGetHkData_general
 .text.GomEpsGetHkData_vi
                0x20018e18      0x188 C:/HOOPOE3/satellite-subsystems/demo/..//satellite-subsystems/lib\libSatelliteSubsystemsD.a(GomEPS.o)
                0x20018e18                GomEpsGetHkData_vi
 .text.GomEpsGetHkData_out
                0x20018fa0      0x21c C:/HOOPOE3/satellite-subsystems/demo/..//satellite-subsystems/lib\libSatelliteSubsystemsD.a(GomEPS.o)
                0x20018fa0                GomEpsGetHkData_out
 .text.GomEpsGetHkData_wdt
                0x200191bc      0x2b4 C:/HOOPOE3/satellite-subsystems/demo/..//satellite-subsystems/lib\libSatelliteSubsystemsD.a(GomEPS.o)
                0x200191bc                GomEpsGetHkData_wdt
 .text.GomEpsGetHkData_basic
                0x20019470      0x22c C:/HOOPOE3/satellite-subsystems/demo/..//satellite-subsystems/lib\libSatelliteSubsystemsD.a(GomEPS.o)
                0x20019470                GomEpsGetHkData_basic
 .text.GomEpsSetOutput
                0x2001969c       0xbc C:/HOOPOE3/satellite-subsystems/demo/..//satellite-subsystems/lib\libSatelliteSubsystemsD.a(GomEPS.o)
                0x2001969c                GomEpsSetOutput
 .text.GomEpsConfigGet
                0x20019758      0x16c C:/HOOPOE3/satellite-subsystems/demo/..//satellite-subsystems/lib\libSatelliteSubsystemsD.a(GomEPS.o)
                0x20019758                GomEpsConfigGet
 .text.GomEpsConfigSet
                0x200198c4      0x184 C:/HOOPOE3/satellite-subsystems/demo/..//satellite-subsystems/lib\libSatelliteSubsystemsD.a(GomEPS.o)
                0x200198c4                GomEpsConfigSet
 .text.GomEpsConfig2Get
                0x20019a48      0x16c C:/HOOPOE3/satellite-subsystems/demo/..//satellite-subsystems/lib\libSatelliteSubsystemsD.a(GomEPS.o)
                0x20019a48                GomEpsConfig2Get
 .text.makeAntStransfer
                0x20019bb4       0x4c C:/HOOPOE3/satellite-subsystems/demo/..//satellite-subsystems/lib\libSatelliteSubsystemsD.a(IsisAntS.o)
 .text.checkInputsValid
                0x20019c00       0x7c C:/HOOPOE3/satellite-subsystems/demo/..//satellite-subsystems/lib\libSatelliteSubsystemsD.a(IsisAntS.o)
 .text.IsisAntS_setArmStatus
                0x20019c7c      0x104 C:/HOOPOE3/satellite-subsystems/demo/..//satellite-subsystems/lib\libSatelliteSubsystemsD.a(IsisAntS.o)
                0x20019c7c                IsisAntS_setArmStatus
 .text.IsisAntS_getStatusData
                0x20019d80      0x120 C:/HOOPOE3/satellite-subsystems/demo/..//satellite-subsystems/lib\libSatelliteSubsystemsD.a(IsisAntS.o)
                0x20019d80                IsisAntS_getStatusData
 .text.IsisAntS_getTemperature
                0x20019ea0      0x120 C:/HOOPOE3/satellite-subsystems/demo/..//satellite-subsystems/lib\libSatelliteSubsystemsD.a(IsisAntS.o)
                0x20019ea0                IsisAntS_getTemperature
 .text.IsisAntS_getAlltelemetry
                0x20019fc0      0x120 C:/HOOPOE3/satellite-subsystems/demo/..//satellite-subsystems/lib\libSatelliteSubsystemsD.a(IsisAntS.o)
                0x20019fc0                IsisAntS_getAlltelemetry
 .text.IsisAntS_reset
                0x2001a0e0      0x104 C:/HOOPOE3/satellite-subsystems/demo/..//satellite-subsystems/lib\libSatelliteSubsystemsD.a(IsisAntS.o)
                0x2001a0e0                IsisAntS_reset
 .text.IsisSolarPanelv2_initialize
                0x2001a1e4       0xb4 C:/HOOPOE3/satellite-subsystems/demo/..//satellite-subsystems/lib\libSatelliteSubsystemsD.a(IsisSolarPanelv2.o)
                0x2001a1e4                IsisSolarPanelv2_initialize
 .text.IsisSolarPanelv2_getTemperature
                0x2001a298       0xc8 C:/HOOPOE3/satellite-subsystems/demo/..//satellite-subsystems/lib\libSatelliteSubsystemsD.a(IsisSolarPanelv2.o)
                0x2001a298                IsisSolarPanelv2_getTemperature
 .text.IsisSolarPanelv2_sleep
                0x2001a360       0xbc C:/HOOPOE3/satellite-subsystems/demo/..//satellite-subsystems/lib\libSatelliteSubsystemsD.a(IsisSolarPanelv2.o)
                0x2001a360                IsisSolarPanelv2_sleep
 .text.IsisSolarPanelv2_wakeup
                0x2001a41c       0x80 C:/HOOPOE3/satellite-subsystems/demo/..//satellite-subsystems/lib\libSatelliteSubsystemsD.a(IsisSolarPanelv2.o)
                0x2001a41c                IsisSolarPanelv2_wakeup
 .text._Reset   0x2001a49c       0x20 C:/HOOPOE3/satellite-subsystems/demo/..//satellite-subsystems/lib\libSatelliteSubsystemsD.a(IsisSolarPanelv2.o)
 .text._WaitForStartup
                0x2001a4bc       0x90 C:/HOOPOE3/satellite-subsystems/demo/..//satellite-subsystems/lib\libSatelliteSubsystemsD.a(IsisSolarPanelv2.o)
 .text._AssignAllChannels
                0x2001a54c       0x90 C:/HOOPOE3/satellite-subsystems/demo/..//satellite-subsystems/lib\libSatelliteSubsystemsD.a(IsisSolarPanelv2.o)
 .text._AssignThisChannel
                0x2001a5dc       0xe8 C:/HOOPOE3/satellite-subsystems/demo/..//satellite-subsystems/lib\libSatelliteSubsystemsD.a(IsisSolarPanelv2.o)
 .text._InitiateConversion
                0x2001a6c4       0xac C:/HOOPOE3/satellite-subsystems/demo/..//satellite-subsystems/lib\libSatelliteSubsystemsD.a(IsisSolarPanelv2.o)
 .text._WaitForConversionComplete
                0x2001a770      0x100 C:/HOOPOE3/satellite-subsystems/demo/..//satellite-subsystems/lib\libSatelliteSubsystemsD.a(IsisSolarPanelv2.o)
 .text._ReadResult
                0x2001a870      0x158 C:/HOOPOE3/satellite-subsystems/demo/..//satellite-subsystems/lib\libSatelliteSubsystemsD.a(IsisSolarPanelv2.o)
 .text._ExtractByte
                0x2001a9c8       0x38 C:/HOOPOE3/satellite-subsystems/demo/..//satellite-subsystems/lib\libSatelliteSubsystemsD.a(IsisSolarPanelv2.o)
 .text._ExtendSign
                0x2001aa00       0x6c C:/HOOPOE3/satellite-subsystems/demo/..//satellite-subsystems/lib\libSatelliteSubsystemsD.a(IsisSolarPanelv2.o)
 .text._PinsInit
                0x2001aa6c       0x50 C:/HOOPOE3/satellite-subsystems/demo/..//satellite-subsystems/lib\libSatelliteSubsystemsD.a(IsisSolarPanelv2.o)
 .text._SpiWriteRead
                0x2001aabc       0x70 C:/HOOPOE3/satellite-subsystems/demo/..//satellite-subsystems/lib\libSatelliteSubsystemsD.a(IsisSolarPanelv2.o)
 .text.IsisTrxvu_initialize
                0x2001ab2c      0x2f4 C:/HOOPOE3/satellite-subsystems/demo/..//satellite-subsystems/lib\libSatelliteSubsystemsD.a(IsisTRXVU.o)
                0x2001ab2c                IsisTrxvu_initialize
 .text.makeTRXVUtransfer
                0x2001ae20       0x44 C:/HOOPOE3/satellite-subsystems/demo/..//satellite-subsystems/lib\libSatelliteSubsystemsD.a(IsisTRXVU.o)
 .text.IsisTrxvu_componentSoftReset
                0x2001ae64       0x6c C:/HOOPOE3/satellite-subsystems/demo/..//satellite-subsystems/lib\libSatelliteSubsystemsD.a(IsisTRXVU.o)
                0x2001ae64                IsisTrxvu_componentSoftReset
 .text.IsisTrxvu_componentHardReset
                0x2001aed0       0xc8 C:/HOOPOE3/satellite-subsystems/demo/..//satellite-subsystems/lib\libSatelliteSubsystemsD.a(IsisTRXVU.o)
                0x2001aed0                IsisTrxvu_componentHardReset
 .text.IsisTrxvu_softReset
                0x2001af98       0x74 C:/HOOPOE3/satellite-subsystems/demo/..//satellite-subsystems/lib\libSatelliteSubsystemsD.a(IsisTRXVU.o)
                0x2001af98                IsisTrxvu_softReset
 .text.IsisTrxvu_hardReset
                0x2001b00c       0x74 C:/HOOPOE3/satellite-subsystems/demo/..//satellite-subsystems/lib\libSatelliteSubsystemsD.a(IsisTRXVU.o)
                0x2001b00c                IsisTrxvu_hardReset
 .text.IsisTrxvu_tcSendAX25DefClSign
                0x2001b080       0xec C:/HOOPOE3/satellite-subsystems/demo/..//satellite-subsystems/lib\libSatelliteSubsystemsD.a(IsisTRXVU.o)
                0x2001b080                IsisTrxvu_tcSendAX25DefClSign
 .text.IsisTrxvu_tcSetIdlestate
                0x2001b16c       0xa4 C:/HOOPOE3/satellite-subsystems/demo/..//satellite-subsystems/lib\libSatelliteSubsystemsD.a(IsisTRXVU.o)
                0x2001b16c                IsisTrxvu_tcSetIdlestate
 .text.IsisTrxvu_tcSetAx25Bitrate
                0x2001b210       0xc4 C:/HOOPOE3/satellite-subsystems/demo/..//satellite-subsystems/lib\libSatelliteSubsystemsD.a(IsisTRXVU.o)
                0x2001b210                IsisTrxvu_tcSetAx25Bitrate
 .text.IsisTrxvu_tcGetTelemetryAll
                0x2001b2d4       0xd0 C:/HOOPOE3/satellite-subsystems/demo/..//satellite-subsystems/lib\libSatelliteSubsystemsD.a(IsisTRXVU.o)
                0x2001b2d4                IsisTrxvu_tcGetTelemetryAll
 .text.IsisTrxvu_tcGetTelemetryAll_revC
                0x2001b3a4       0xd0 C:/HOOPOE3/satellite-subsystems/demo/..//satellite-subsystems/lib\libSatelliteSubsystemsD.a(IsisTRXVU.o)
                0x2001b3a4                IsisTrxvu_tcGetTelemetryAll_revC
 .text.IsisTrxvu_rcGetFrameCount
                0x2001b474       0xa0 C:/HOOPOE3/satellite-subsystems/demo/..//satellite-subsystems/lib\libSatelliteSubsystemsD.a(IsisTRXVU.o)
                0x2001b474                IsisTrxvu_rcGetFrameCount
 .text.IsisTrxvu_rcGetCommandFrame
                0x2001b514      0x2d8 C:/HOOPOE3/satellite-subsystems/demo/..//satellite-subsystems/lib\libSatelliteSubsystemsD.a(IsisTRXVU.o)
                0x2001b514                IsisTrxvu_rcGetCommandFrame
 .text.IsisTrxvu_rcGetTelemetryAll
                0x2001b7ec       0xd0 C:/HOOPOE3/satellite-subsystems/demo/..//satellite-subsystems/lib\libSatelliteSubsystemsD.a(IsisTRXVU.o)
                0x2001b7ec                IsisTrxvu_rcGetTelemetryAll
 .text.IsisTrxvu_rcGetTelemetryAll_revC
                0x2001b8bc       0xec C:/HOOPOE3/satellite-subsystems/demo/..//satellite-subsystems/lib\libSatelliteSubsystemsD.a(IsisTRXVU.o)
                0x2001b8bc                IsisTrxvu_rcGetTelemetryAll_revC
 .text.cspaceADCS_initialize
                0x2001b9a8      0x18c C:/HOOPOE3/satellite-subsystems/demo/..//satellite-subsystems/lib\libSatelliteSubsystemsD.a(cspaceADCS.o)
                0x2001b9a8                cspaceADCS_initialize
 .text.make_cspaceADCStransfer
                0x2001bb34      0x1b4 C:/HOOPOE3/satellite-subsystems/demo/..//satellite-subsystems/lib\libSatelliteSubsystemsD.a(cspaceADCS.o)
 .text.cspaceADCS_componentReset
                0x2001bce8       0xbc C:/HOOPOE3/satellite-subsystems/demo/..//satellite-subsystems/lib\libSatelliteSubsystemsD.a(cspaceADCS.o)
                0x2001bce8                cspaceADCS_componentReset
 .text.cspaceADCS_setRunMode
                0x2001bda4       0xbc C:/HOOPOE3/satellite-subsystems/demo/..//satellite-subsystems/lib\libSatelliteSubsystemsD.a(cspaceADCS.o)
                0x2001bda4                cspaceADCS_setRunMode
 .text.cspaceADCS_setPwrCtrlDevice
                0x2001be60       0xd0 C:/HOOPOE3/satellite-subsystems/demo/..//satellite-subsystems/lib\libSatelliteSubsystemsD.a(cspaceADCS.o)
                0x2001be60                cspaceADCS_setPwrCtrlDevice
 .text.cspaceADCS_setAttCtrlMode
                0x2001bf30       0xd0 C:/HOOPOE3/satellite-subsystems/demo/..//satellite-subsystems/lib\libSatelliteSubsystemsD.a(cspaceADCS.o)
                0x2001bf30                cspaceADCS_setAttCtrlMode
 .text.cspaceADCS_setAttEstMode
                0x2001c000       0xbc C:/HOOPOE3/satellite-subsystems/demo/..//satellite-subsystems/lib\libSatelliteSubsystemsD.a(cspaceADCS.o)
                0x2001c000                cspaceADCS_setAttEstMode
 .text.cspaceADCS_getCurrentState
                0x2001c0bc       0xc4 C:/HOOPOE3/satellite-subsystems/demo/..//satellite-subsystems/lib\libSatelliteSubsystemsD.a(cspaceADCS.o)
                0x2001c0bc                cspaceADCS_getCurrentState
 .text.cspaceADCS_getPowTempMeasTLM
                0x2001c180       0xc4 C:/HOOPOE3/satellite-subsystems/demo/..//satellite-subsystems/lib\libSatelliteSubsystemsD.a(cspaceADCS.o)
                0x2001c180                cspaceADCS_getPowTempMeasTLM
 .text.cspaceADCS_getPwrCtrlDevice
                0x2001c244       0xc4 C:/HOOPOE3/satellite-subsystems/demo/..//satellite-subsystems/lib\libSatelliteSubsystemsD.a(cspaceADCS.o)
                0x2001c244                cspaceADCS_getPwrCtrlDevice
 .text.GECKO_GetReg
                0x2001c308      0x110 C:/HOOPOE3/satellite-subsystems/demo/..//satellite-subsystems/lib\libSatelliteSubsystemsD.a(gecko_driver.o)
                0x2001c308                GECKO_GetReg
 .text.GECKO_GetVoltageInput5V
                0x2001c418       0xf4 C:/HOOPOE3/satellite-subsystems/demo/..//satellite-subsystems/lib\libSatelliteSubsystemsD.a(gecko_driver.o)
                0x2001c418                GECKO_GetVoltageInput5V
 .text.GECKO_GetCurrentInput5V
                0x2001c50c      0x130 C:/HOOPOE3/satellite-subsystems/demo/..//satellite-subsystems/lib\libSatelliteSubsystemsD.a(gecko_driver.o)
                0x2001c50c                GECKO_GetCurrentInput5V
 .text.GECKO_GetVoltageFPGA1V
                0x2001c63c       0xd4 C:/HOOPOE3/satellite-subsystems/demo/..//satellite-subsystems/lib\libSatelliteSubsystemsD.a(gecko_driver.o)
                0x2001c63c                GECKO_GetVoltageFPGA1V
 .text.GECKO_GetCurrentFPGA1V
                0x2001c710      0x130 C:/HOOPOE3/satellite-subsystems/demo/..//satellite-subsystems/lib\libSatelliteSubsystemsD.a(gecko_driver.o)
                0x2001c710                GECKO_GetCurrentFPGA1V
 .text.GECKO_GetVoltageFPGA1V8
                0x2001c840       0xd4 C:/HOOPOE3/satellite-subsystems/demo/..//satellite-subsystems/lib\libSatelliteSubsystemsD.a(gecko_driver.o)
                0x2001c840                GECKO_GetVoltageFPGA1V8
 .text.GECKO_GetCurrentFPGA1V8
                0x2001c914      0x130 C:/HOOPOE3/satellite-subsystems/demo/..//satellite-subsystems/lib\libSatelliteSubsystemsD.a(gecko_driver.o)
                0x2001c914                GECKO_GetCurrentFPGA1V8
 .text.GECKO_GetVoltageFPGA2V5
                0x2001ca44       0xe8 C:/HOOPOE3/satellite-subsystems/demo/..//satellite-subsystems/lib\libSatelliteSubsystemsD.a(gecko_driver.o)
                0x2001ca44                GECKO_GetVoltageFPGA2V5
 .text.GECKO_GetCurrentFPGA2V5
                0x2001cb2c      0x130 C:/HOOPOE3/satellite-subsystems/demo/..//satellite-subsystems/lib\libSatelliteSubsystemsD.a(gecko_driver.o)
                0x2001cb2c                GECKO_GetCurrentFPGA2V5
 .text.GECKO_GetVoltageFPGA3V3
                0x2001cc5c       0xe8 C:/HOOPOE3/satellite-subsystems/demo/..//satellite-subsystems/lib\libSatelliteSubsystemsD.a(gecko_driver.o)
                0x2001cc5c                GECKO_GetVoltageFPGA3V3
 .text.GECKO_GetCurrentFPGA3V3
                0x2001cd44      0x130 C:/HOOPOE3/satellite-subsystems/demo/..//satellite-subsystems/lib\libSatelliteSubsystemsD.a(gecko_driver.o)
                0x2001cd44                GECKO_GetCurrentFPGA3V3
 .text.GECKO_GetVoltageFlash1V8
                0x2001ce74       0xd4 C:/HOOPOE3/satellite-subsystems/demo/..//satellite-subsystems/lib\libSatelliteSubsystemsD.a(gecko_driver.o)
                0x2001ce74                GECKO_GetVoltageFlash1V8
 .text.GECKO_GetCurrentFlash1V8
                0x2001cf48      0x130 C:/HOOPOE3/satellite-subsystems/demo/..//satellite-subsystems/lib\libSatelliteSubsystemsD.a(gecko_driver.o)
                0x2001cf48                GECKO_GetCurrentFlash1V8
 .text.GECKO_GetVoltageFlash3V3
                0x2001d078       0xe8 C:/HOOPOE3/satellite-subsystems/demo/..//satellite-subsystems/lib\libSatelliteSubsystemsD.a(gecko_driver.o)
                0x2001d078                GECKO_GetVoltageFlash3V3
 .text.GECKO_GetCurrentFlash3V3
                0x2001d160      0x130 C:/HOOPOE3/satellite-subsystems/demo/..//satellite-subsystems/lib\libSatelliteSubsystemsD.a(gecko_driver.o)
                0x2001d160                GECKO_GetCurrentFlash3V3
 .text.GECKO_GetVoltageSNSR1V8
                0x2001d290       0xe8 C:/HOOPOE3/satellite-subsystems/demo/..//satellite-subsystems/lib\libSatelliteSubsystemsD.a(gecko_driver.o)
                0x2001d290                GECKO_GetVoltageSNSR1V8
 .text.GECKO_GetCurrentSNSR1V8
                0x2001d378      0x130 C:/HOOPOE3/satellite-subsystems/demo/..//satellite-subsystems/lib\libSatelliteSubsystemsD.a(gecko_driver.o)
                0x2001d378                GECKO_GetCurrentSNSR1V8
 .text.GECKO_GetVoltageSNSRVDDPIX
                0x2001d4a8       0xe8 C:/HOOPOE3/satellite-subsystems/demo/..//satellite-subsystems/lib\libSatelliteSubsystemsD.a(gecko_driver.o)
                0x2001d4a8                GECKO_GetVoltageSNSRVDDPIX
 .text.GECKO_GetCurrentSNSRVDDPIX
                0x2001d590      0x130 C:/HOOPOE3/satellite-subsystems/demo/..//satellite-subsystems/lib\libSatelliteSubsystemsD.a(gecko_driver.o)
                0x2001d590                GECKO_GetCurrentSNSRVDDPIX
 .text.GECKO_GetVoltageSNSR3V3
                0x2001d6c0       0xe8 C:/HOOPOE3/satellite-subsystems/demo/..//satellite-subsystems/lib\libSatelliteSubsystemsD.a(gecko_driver.o)
                0x2001d6c0                GECKO_GetVoltageSNSR3V3
 .text.GECKO_GetCurrentSNSR3V3
                0x2001d7a8      0x130 C:/HOOPOE3/satellite-subsystems/demo/..//satellite-subsystems/lib\libSatelliteSubsystemsD.a(gecko_driver.o)
                0x2001d7a8                GECKO_GetCurrentSNSR3V3
 .text.GECKO_GetVoltageFlashVTT09
                0x2001d8d8       0xd4 C:/HOOPOE3/satellite-subsystems/demo/..//satellite-subsystems/lib\libSatelliteSubsystemsD.a(gecko_driver.o)
                0x2001d8d8                GECKO_GetVoltageFlashVTT09
 .text.GECKO_GetTempSMU3AB
                0x2001d9ac      0x35c C:/HOOPOE3/satellite-subsystems/demo/..//satellite-subsystems/lib\libSatelliteSubsystemsD.a(gecko_driver.o)
                0x2001d9ac                GECKO_GetTempSMU3AB
 .text.GECKO_GetTempSMU3BC
                0x2001dd08      0x360 C:/HOOPOE3/satellite-subsystems/demo/..//satellite-subsystems/lib\libSatelliteSubsystemsD.a(gecko_driver.o)
                0x2001dd08                GECKO_GetTempSMU3BC
 .text.GECKO_GetTempREGU6
                0x2001e068      0x35c C:/HOOPOE3/satellite-subsystems/demo/..//satellite-subsystems/lib\libSatelliteSubsystemsD.a(gecko_driver.o)
                0x2001e068                GECKO_GetTempREGU6
 .text.GECKO_GetTempREGU8
                0x2001e3c4      0x360 C:/HOOPOE3/satellite-subsystems/demo/..//satellite-subsystems/lib\libSatelliteSubsystemsD.a(gecko_driver.o)
                0x2001e3c4                GECKO_GetTempREGU8
 .text.GECKO_GetTempFlash
                0x2001e724      0x360 C:/HOOPOE3/satellite-subsystems/demo/..//satellite-subsystems/lib\libSatelliteSubsystemsD.a(gecko_driver.o)
                0x2001e724                GECKO_GetTempFlash
 .text._SpiWriteRead
                0x2001ea84       0x70 C:/HOOPOE3/satellite-subsystems/demo/..//satellite-subsystems/lib\libSatelliteSubsystemsD.a(gecko_driver.o)
 .text.makeTRXCommonTransfer
                0x2001eaf4       0x34 C:/HOOPOE3/satellite-subsystems/demo/..//satellite-subsystems/lib\libSatelliteSubsystemsD.a(IsisTRXCommon.o)
 .text.IsisTrxCommon_componentReset
                0x2001eb28       0x68 C:/HOOPOE3/satellite-subsystems/demo/..//satellite-subsystems/lib\libSatelliteSubsystemsD.a(IsisTRXCommon.o)
                0x2001eb28                IsisTrxCommon_componentReset
 .text.IsisTrxCommon_TxSendAX25DefClSign
                0x2001eb90       0xf4 C:/HOOPOE3/satellite-subsystems/demo/..//satellite-subsystems/lib\libSatelliteSubsystemsD.a(IsisTRXCommon.o)
                0x2001eb90                IsisTrxCommon_TxSendAX25DefClSign
 .text.IsisTrxCommon_TxSetIdlestate
                0x2001ec84       0x78 C:/HOOPOE3/satellite-subsystems/demo/..//satellite-subsystems/lib\libSatelliteSubsystemsD.a(IsisTRXCommon.o)
                0x2001ec84                IsisTrxCommon_TxSetIdlestate
 .text.IsisTrxCommon_TxSetAx25Bitrate
                0x2001ecfc       0x78 C:/HOOPOE3/satellite-subsystems/demo/..//satellite-subsystems/lib\libSatelliteSubsystemsD.a(IsisTRXCommon.o)
                0x2001ecfc                IsisTrxCommon_TxSetAx25Bitrate
 .text.IsisTrxCommon_RxGetFrameCount
                0x2001ed74       0x8c C:/HOOPOE3/satellite-subsystems/demo/..//satellite-subsystems/lib\libSatelliteSubsystemsD.a(IsisTRXCommon.o)
                0x2001ed74                IsisTrxCommon_RxGetFrameCount
 .text.IsisTrxCommon_RxGetTelemetryAll_revC
                0x2001ee00       0x8c C:/HOOPOE3/satellite-subsystems/demo/..//satellite-subsystems/lib\libSatelliteSubsystemsD.a(IsisTRXCommon.o)
                0x2001ee00                IsisTrxCommon_RxGetTelemetryAll_revC
 .text.log      0x2001ee8c      0x17c c:/isis/application/toolchain/bin/../lib/gcc/arm-none-eabi/4.7.4/../../../../arm-none-eabi/lib\libm.a(lib_a-w_log.o)
                0x2001ee8c                log
 .text.__ieee754_log
                0x2001f008      0x5c0 c:/isis/application/toolchain/bin/../lib/gcc/arm-none-eabi/4.7.4/../../../../arm-none-eabi/lib\libm.a(lib_a-e_log.o)
                0x2001f008                __ieee754_log
 .text.matherr  0x2001f5c8        0x8 c:/isis/application/toolchain/bin/../lib/gcc/arm-none-eabi/4.7.4/../../../../arm-none-eabi/lib\libm.a(lib_a-s_matherr.o)
                0x2001f5c8                matherr
 .text.nan      0x2001f5d0       0x10 c:/isis/application/toolchain/bin/../lib/gcc/arm-none-eabi/4.7.4/../../../../arm-none-eabi/lib\libm.a(lib_a-s_nan.o)
                0x2001f5d0                nan
 .text.fn_init  0x2001f5e0      0x2e0 C:/HOOPOE3/satellite-subsystems/demo/../..//hal/hcc/lib\libHCCD.a(fat_common.o)
                0x2001f5e0                fn_init
 .text._f_get16bitl
                0x2001f8c0       0x4c C:/HOOPOE3/satellite-subsystems/demo/../..//hal/hcc/lib\libHCCD.a(fat_common.o)
                0x2001f8c0                _f_get16bitl
 .text._f_set16bitl
                0x2001f90c       0x54 C:/HOOPOE3/satellite-subsystems/demo/../..//hal/hcc/lib\libHCCD.a(fat_common.o)
                0x2001f90c                _f_set16bitl
 .text._f_get32bitl
                0x2001f960       0x68 C:/HOOPOE3/satellite-subsystems/demo/../..//hal/hcc/lib\libHCCD.a(fat_common.o)
                0x2001f960                _f_get32bitl
 .text._f_set32bitl
                0x2001f9c8       0x78 C:/HOOPOE3/satellite-subsystems/demo/../..//hal/hcc/lib\libHCCD.a(fat_common.o)
                0x2001f9c8                _f_set32bitl
 .text._get8bit
                0x2001fa40       0xa0 C:/HOOPOE3/satellite-subsystems/demo/../..//hal/hcc/lib\libHCCD.a(fat_common.o)
 .text._get16bitl
                0x2001fae0       0x40 C:/HOOPOE3/satellite-subsystems/demo/../..//hal/hcc/lib\libHCCD.a(fat_common.o)
 .text._get32bitl
                0x2001fb20       0x3c C:/HOOPOE3/satellite-subsystems/demo/../..//hal/hcc/lib\libHCCD.a(fat_common.o)
 .text._f_setcardremoved
                0x2001fb5c       0x94 C:/HOOPOE3/satellite-subsystems/demo/../..//hal/hcc/lib\libHCCD.a(fat_common.o)
 .text._f_checkstatus
                0x2001fbf0      0x104 C:/HOOPOE3/satellite-subsystems/demo/../..//hal/hcc/lib\libHCCD.a(fat_common.o)
                0x2001fbf0                _f_checkstatus
 .text._f_drvgetphy
                0x2001fcf4      0x114 C:/HOOPOE3/satellite-subsystems/demo/../..//hal/hcc/lib\libHCCD.a(fat_common.o)
 .text._f_drvwritesector
                0x2001fe08       0xdc C:/HOOPOE3/satellite-subsystems/demo/../..//hal/hcc/lib\libHCCD.a(fat_common.o)
 .text._f_drvreadsector
                0x2001fee4       0xa8 C:/HOOPOE3/satellite-subsystems/demo/../..//hal/hcc/lib\libHCCD.a(fat_common.o)
 .text._f_writesector
                0x2001ff8c      0x23c C:/HOOPOE3/satellite-subsystems/demo/../..//hal/hcc/lib\libHCCD.a(fat_common.o)
                0x2001ff8c                _f_writesector
 .text._f_readsector
                0x200201c8      0x1dc C:/HOOPOE3/satellite-subsystems/demo/../..//hal/hcc/lib\libHCCD.a(fat_common.o)
                0x200201c8                _f_readsector
 .text._f_getmaxcluster
                0x200203a4       0x94 C:/HOOPOE3/satellite-subsystems/demo/../..//hal/hcc/lib\libHCCD.a(fat_common.o)
                0x200203a4                _f_getmaxcluster
 .text._getsectorfromcluster
                0x20020438       0x68 C:/HOOPOE3/satellite-subsystems/demo/../..//hal/hcc/lib\libHCCD.a(fat_common.o)
 .text._f_buildsectors
                0x200204a0      0x268 C:/HOOPOE3/satellite-subsystems/demo/../..//hal/hcc/lib\libHCCD.a(fat_common.o)
 .text._f_getbootrecord
                0x20020708      0x5e4 C:/HOOPOE3/satellite-subsystems/demo/../..//hal/hcc/lib\libHCCD.a(fat_common.o)
 .text._f_readbootrecord
                0x20020cec      0x4f8 C:/HOOPOE3/satellite-subsystems/demo/../..//hal/hcc/lib\libHCCD.a(fat_common.o)
 .text._f_flushcffiles
                0x200211e4      0x17c C:/HOOPOE3/satellite-subsystems/demo/../..//hal/hcc/lib\libHCCD.a(fat_common.o)
                0x200211e4                _f_flushcffiles
 .text._f_fatcache_flush
                0x20021360      0x270 C:/HOOPOE3/satellite-subsystems/demo/../..//hal/hcc/lib\libHCCD.a(fat_common.o)
                0x20021360                _f_fatcache_flush
 .text._f_writefatsector
                0x200215d0      0x100 C:/HOOPOE3/satellite-subsystems/demo/../..//hal/hcc/lib\libHCCD.a(fat_common.o)
                0x200215d0                _f_writefatsector
 .text._f_getfatsector
                0x200216d0      0x3bc C:/HOOPOE3/satellite-subsystems/demo/../..//hal/hcc/lib\libHCCD.a(fat_common.o)
 .text._f_setclustervalue
                0x20021a8c      0x490 C:/HOOPOE3/satellite-subsystems/demo/../..//hal/hcc/lib\libHCCD.a(fat_common.o)
                0x20021a8c                _f_setclustervalue
 .text._f_getclustervalue
                0x20021f1c      0x388 C:/HOOPOE3/satellite-subsystems/demo/../..//hal/hcc/lib\libHCCD.a(fat_common.o)
                0x20021f1c                _f_getclustervalue
 .text._f_close_drive_files
                0x200222a4       0xac C:/HOOPOE3/satellite-subsystems/demo/../..//hal/hcc/lib\libHCCD.a(fat_common.o)
 .text._f_inc_mount_count
                0x20022350       0xa4 C:/HOOPOE3/satellite-subsystems/demo/../..//hal/hcc/lib\libHCCD.a(fat_common.o)
 .text._f_getvolume
                0x200223f4      0x2f8 C:/HOOPOE3/satellite-subsystems/demo/../..//hal/hcc/lib\libHCCD.a(fat_common.o)
                0x200223f4                _f_getvolume
 .text.fn_createdriver
                0x200226ec      0x118 C:/HOOPOE3/satellite-subsystems/demo/../..//hal/hcc/lib\libHCCD.a(fat_common.o)
                0x200226ec                fn_createdriver
 .text.fn_initvolume
                0x20022804      0x12c C:/HOOPOE3/satellite-subsystems/demo/../..//hal/hcc/lib\libHCCD.a(fat_common.o)
                0x20022804                fn_initvolume
 .text.fn_initvolumepartition_sub
                0x20022930       0xe0 C:/HOOPOE3/satellite-subsystems/demo/../..//hal/hcc/lib\libHCCD.a(fat_common.o)
 .text.fn_initvolumepartition
                0x20022a10       0xac C:/HOOPOE3/satellite-subsystems/demo/../..//hal/hcc/lib\libHCCD.a(fat_common.o)
                0x20022a10                fn_initvolumepartition
 .text._f_clustertopos
                0x20022abc       0xf8 C:/HOOPOE3/satellite-subsystems/demo/../..//hal/hcc/lib\libHCCD.a(fat_common.o)
                0x20022abc                _f_clustertopos
 .text._f_getcurrsector
                0x20022bb4      0x6c8 C:/HOOPOE3/satellite-subsystems/demo/../..//hal/hcc/lib\libHCCD.a(fat_common.o)
                0x20022bb4                _f_getcurrsector
 .text._f_getdecluster
                0x2002327c       0x90 C:/HOOPOE3/satellite-subsystems/demo/../..//hal/hcc/lib\libHCCD.a(fat_common.o)
                0x2002327c                _f_getdecluster
 .text._f_setdecluster
                0x2002330c       0x8c C:/HOOPOE3/satellite-subsystems/demo/../..//hal/hcc/lib\libHCCD.a(fat_common.o)
                0x2002330c                _f_setdecluster
 .text.fn_getdrive
                0x20023398       0x30 C:/HOOPOE3/satellite-subsystems/demo/../..//hal/hcc/lib\libHCCD.a(fat_common.o)
                0x20023398                fn_getdrive
 .text._f_getcurrenttimedate
                0x200233c8      0x138 C:/HOOPOE3/satellite-subsystems/demo/../..//hal/hcc/lib\libHCCD.a(fat_common.o)
                0x200233c8                _f_getcurrenttimedate
 .text._f_initentry
                0x20023500       0xa0 C:/HOOPOE3/satellite-subsystems/demo/../..//hal/hcc/lib\libHCCD.a(fat_common.o)
                0x20023500                _f_initentry
 .text._f_alloccluster
                0x200235a0      0x344 C:/HOOPOE3/satellite-subsystems/demo/../..//hal/hcc/lib\libHCCD.a(fat_common.o)
                0x200235a0                _f_alloccluster
 .text._f_dobadblock
                0x200238e4      0x2cc C:/HOOPOE3/satellite-subsystems/demo/../..//hal/hcc/lib\libHCCD.a(fat_common.o)
                0x200238e4                _f_dobadblock
 .text._f_checklocked
                0x20023bb0       0xe4 C:/HOOPOE3/satellite-subsystems/demo/../..//hal/hcc/lib\libHCCD.a(fat_common.o)
                0x20023bb0                _f_checklocked
 .text._f_checkappendlocked
                0x20023c94      0x110 C:/HOOPOE3/satellite-subsystems/demo/../..//hal/hcc/lib\libHCCD.a(fat_common.o)
                0x20023c94                _f_checkappendlocked
 .text._f_setsyncafile
                0x20023da4      0x114 C:/HOOPOE3/satellite-subsystems/demo/../..//hal/hcc/lib\libHCCD.a(fat_common.o)
                0x20023da4                _f_setsyncafile
 .text._f_syncfiles
                0x20023eb8      0x128 C:/HOOPOE3/satellite-subsystems/demo/../..//hal/hcc/lib\libHCCD.a(fat_common.o)
                0x20023eb8                _f_syncfiles
 .text._f_syncfilescontent
                0x20023fe0      0x15c C:/HOOPOE3/satellite-subsystems/demo/../..//hal/hcc/lib\libHCCD.a(fat_common.o)
 .text.fn_getfreespace
                0x2002413c      0x4c0 C:/HOOPOE3/satellite-subsystems/demo/../..//hal/hcc/lib\libHCCD.a(fat_common.o)
                0x2002413c                fn_getfreespace
 .text._f_emptywritecache
                0x200245fc      0x4a4 C:/HOOPOE3/satellite-subsystems/demo/../..//hal/hcc/lib\libHCCD.a(fat_common.o)
 .text._f_allocnextcluster
                0x20024aa0      0x54c C:/HOOPOE3/satellite-subsystems/demo/../..//hal/hcc/lib\libHCCD.a(fat_common.o)
 .text._f_emptywritebuffer
                0x20024fec      0x20c C:/HOOPOE3/satellite-subsystems/demo/../..//hal/hcc/lib\libHCCD.a(fat_common.o)
 .text._f_writezeros
                0x200251f8       0xf0 C:/HOOPOE3/satellite-subsystems/demo/../..//hal/hcc/lib\libHCCD.a(fat_common.o)
                0x200251f8                _f_writezeros
 .text._f_extend_file
                0x200252e8      0x570 C:/HOOPOE3/satellite-subsystems/demo/../..//hal/hcc/lib\libHCCD.a(fat_common.o)
 .text._f_fseek
                0x20025858      0x9bc C:/HOOPOE3/satellite-subsystems/demo/../..//hal/hcc/lib\libHCCD.a(fat_common.o)
                0x20025858                _f_fseek
 .text._f_removechain
                0x20026214      0x104 C:/HOOPOE3/satellite-subsystems/demo/../..//hal/hcc/lib\libHCCD.a(fat_common.o)
                0x20026214                _f_removechain
 .text._f_updatefileentry
                0x20026318      0x1cc C:/HOOPOE3/satellite-subsystems/demo/../..//hal/hcc/lib\libHCCD.a(fat_common.o)
 .text._f_checkreadlocked
                0x200264e4      0x1bc C:/HOOPOE3/satellite-subsystems/demo/../..//hal/hcc/lib\libHCCD.a(fat_common.o)
                0x200264e4                _f_checkreadlocked
 .text._f_check_handle
                0x200266a0       0x98 C:/HOOPOE3/satellite-subsystems/demo/../..//hal/hcc/lib\libHCCD.a(fat_common.o)
                0x200266a0                _f_check_handle
 .text._f_removesyncafile
                0x20026738      0x1ec C:/HOOPOE3/satellite-subsystems/demo/../..//hal/hcc/lib\libHCCD.a(fat_common.o)
 .text.fn_close
                0x20026924      0x3f8 C:/HOOPOE3/satellite-subsystems/demo/../..//hal/hcc/lib\libHCCD.a(fat_common.o)
                0x20026924                fn_close
 .text.fn_flush
                0x20026d1c      0x374 C:/HOOPOE3/satellite-subsystems/demo/../..//hal/hcc/lib\libHCCD.a(fat_common.o)
                0x20026d1c                fn_flush
 .text.fn_read  0x20027090      0x690 C:/HOOPOE3/satellite-subsystems/demo/../..//hal/hcc/lib\libHCCD.a(fat_common.o)
                0x20027090                fn_read
 .text._f_abortwrite
                0x20027720      0x100 C:/HOOPOE3/satellite-subsystems/demo/../..//hal/hcc/lib\libHCCD.a(fat_common.o)
 .text._f_checkwritecluster
                0x20027820       0xe4 C:/HOOPOE3/satellite-subsystems/demo/../..//hal/hcc/lib\libHCCD.a(fat_common.o)
 .text.fn_write
                0x20027904      0x8a8 C:/HOOPOE3/satellite-subsystems/demo/../..//hal/hcc/lib\libHCCD.a(fat_common.o)
                0x20027904                fn_write
 .text.fn_seek  0x200281ac      0x270 C:/HOOPOE3/satellite-subsystems/demo/../..//hal/hcc/lib\libHCCD.a(fat_common.o)
                0x200281ac                fn_seek
 .text.f_enterFS
                0x2002841c      0x1c0 C:/HOOPOE3/satellite-subsystems/demo/../..//hal/hcc/lib\libHCCD.a(fat_common.o)
                0x2002841c                f_enterFS
 .text.f_releaseFS
                0x200285dc       0xb0 C:/HOOPOE3/satellite-subsystems/demo/../..//hal/hcc/lib\libHCCD.a(fat_common.o)
                0x200285dc                f_releaseFS
 .text.fnGetTask
                0x2002868c       0xfc C:/HOOPOE3/satellite-subsystems/demo/../..//hal/hcc/lib\libHCCD.a(fat_common.o)
                0x2002868c                fnGetTask
 .text._f_mutex_get
                0x20028788       0x98 C:/HOOPOE3/satellite-subsystems/demo/../..//hal/hcc/lib\libHCCD.a(fat_common.o)
                0x20028788                _f_mutex_get
 .text._f_mutex_put
                0x20028820       0x54 C:/HOOPOE3/satellite-subsystems/demo/../..//hal/hcc/lib\libHCCD.a(fat_common.o)
                0x20028820                _f_mutex_put
 .text._fn_initseekdivisor
                0x20028874      0x158 C:/HOOPOE3/satellite-subsystems/demo/../..//hal/hcc/lib\libHCCD.a(fat_common.o)
                0x20028874                _fn_initseekdivisor
 .text._fn_updateseekpos
                0x200289cc       0xc4 C:/HOOPOE3/satellite-subsystems/demo/../..//hal/hcc/lib\libHCCD.a(fat_common.o)
 .text._f_findopensize
                0x20028a90       0x2c C:/HOOPOE3/satellite-subsystems/demo/../..//hal/hcc/lib\libHCCD.a(fat_common.o)
                0x20028a90                _f_findopensize
 .text.fn_setlasterror
                0x20028abc       0x34 C:/HOOPOE3/satellite-subsystems/demo/../..//hal/hcc/lib\libHCCD.a(fat_common.o)
                0x20028abc                fn_setlasterror
 .text.fn_setlasterror_noret
                0x20028af0       0x2c C:/HOOPOE3/satellite-subsystems/demo/../..//hal/hcc/lib\libHCCD.a(fat_common.o)
                0x20028af0                fn_setlasterror_noret
 .text.fm_initvolume
                0x20028b1c       0x70 C:/HOOPOE3/satellite-subsystems/demo/../..//hal/hcc/lib\libHCCD.a(fat_m.o)
                0x20028b1c                fm_initvolume
 .text.fm_getdrive
                0x20028b8c       0x70 C:/HOOPOE3/satellite-subsystems/demo/../..//hal/hcc/lib\libHCCD.a(fat_m.o)
                0x20028b8c                fm_getdrive
 .text.fm_getfreespace
                0x20028bfc       0x68 C:/HOOPOE3/satellite-subsystems/demo/../..//hal/hcc/lib\libHCCD.a(fat_m.o)
                0x20028bfc                fm_getfreespace
 .text.fm_findfirst
                0x20028c64       0x68 C:/HOOPOE3/satellite-subsystems/demo/../..//hal/hcc/lib\libHCCD.a(fat_m.o)
                0x20028c64                fm_findfirst
 .text.fm_findnext
                0x20028ccc       0x60 C:/HOOPOE3/satellite-subsystems/demo/../..//hal/hcc/lib\libHCCD.a(fat_m.o)
                0x20028ccc                fm_findnext
 .text.fm_rename
                0x20028d2c       0x68 C:/HOOPOE3/satellite-subsystems/demo/../..//hal/hcc/lib\libHCCD.a(fat_m.o)
                0x20028d2c                fm_rename
 .text.fm_filelength
                0x20028d94       0x60 C:/HOOPOE3/satellite-subsystems/demo/../..//hal/hcc/lib\libHCCD.a(fat_m.o)
                0x20028d94                fm_filelength
 .text.fm_close