Archive member included because of file (symbol)

c:/isis/application/toolchain/bin/../lib/gcc/arm-none-eabi/4.7.4/../../../../arm-none-eabi/lib\libc_s.a(lib_a-vfprintf_float.o)
                              (_printf_float)
c:/isis/application/toolchain/bin/../lib/gcc/arm-none-eabi/4.7.4/../../../../arm-none-eabi/lib\libc_s.a(lib_a-vfprintf_i.o)
                              c:/isis/application/toolchain/bin/../lib/gcc/arm-none-eabi/4.7.4/../../../../arm-none-eabi/lib\libc_s.a(lib_a-vfprintf_float.o) (_printf_common)
c:/isis/application/toolchain/bin/../lib/gcc/arm-none-eabi/4.7.4/../../../../arm-none-eabi/lib\libc_s.a(lib_a-vfscanf_float.o)
                              (_scanf_float)
c:/isis/application/toolchain/bin/../lib/gcc/arm-none-eabi/4.7.4/../../../../arm-none-eabi/lib\libc_s.a(lib_a-dtoa.o)
                              c:/isis/application/toolchain/bin/../lib/gcc/arm-none-eabi/4.7.4/../../../../arm-none-eabi/lib\libc_s.a(lib_a-vfprintf_float.o) (_dtoa_r)
c:/isis/application/toolchain/bin/../lib/gcc/arm-none-eabi/4.7.4/../../../../arm-none-eabi/lib\libc_s.a(lib_a-locale.o)
                              c:/isis/application/toolchain/bin/../lib/gcc/arm-none-eabi/4.7.4/../../../../arm-none-eabi/lib\libc_s.a(lib_a-vfprintf_float.o) (_localeconv_r)
c:/isis/application/toolchain/bin/../lib/gcc/arm-none-eabi/4.7.4/../../../../arm-none-eabi/lib\libc_s.a(lib_a-malloc.o)
                              c:/isis/application/toolchain/bin/../lib/gcc/arm-none-eabi/4.7.4/../../../../arm-none-eabi/lib\libc_s.a(lib_a-dtoa.o) (malloc)
c:/isis/application/toolchain/bin/../lib/gcc/arm-none-eabi/4.7.4/../../../../arm-none-eabi/lib\libc_s.a(lib_a-mallocr.o)
                              c:/isis/application/toolchain/bin/../lib/gcc/arm-none-eabi/4.7.4/../../../../arm-none-eabi/lib\libc_s.a(lib_a-malloc.o) (_malloc_r)
c:/isis/application/toolchain/bin/../lib/gcc/arm-none-eabi/4.7.4/../../../../arm-none-eabi/lib\libc_s.a(lib_a-memcpy.o)
                              c:/isis/application/toolchain/bin/../lib/gcc/arm-none-eabi/4.7.4/../../../../arm-none-eabi/lib\libc_s.a(lib_a-dtoa.o) (memcpy)
c:/isis/application/toolchain/bin/../lib/gcc/arm-none-eabi/4.7.4/../../../../arm-none-eabi/lib\libc_s.a(lib_a-mprec.o)
                              c:/isis/application/toolchain/bin/../lib/gcc/arm-none-eabi/4.7.4/../../../../arm-none-eabi/lib\libc_s.a(lib_a-dtoa.o) (_Balloc)
c:/isis/application/toolchain/bin/../lib/gcc/arm-none-eabi/4.7.4/../../../../arm-none-eabi/lib\libc_s.a(lib_a-s_fpclassify.o)
                              c:/isis/application/toolchain/bin/../lib/gcc/arm-none-eabi/4.7.4/../../../../arm-none-eabi/lib\libc_s.a(lib_a-vfprintf_float.o) (__fpclassifyd)
c:/isis/application/toolchain/bin/../lib/gcc/arm-none-eabi/4.7.4/../../../../arm-none-eabi/lib\libc_s.a(lib_a-sbrkr.o)
                              c:/isis/application/toolchain/bin/../lib/gcc/arm-none-eabi/4.7.4/../../../../arm-none-eabi/lib\libc_s.a(lib_a-mallocr.o) (_sbrk_r)
c:/isis/application/toolchain/bin/../lib/gcc/arm-none-eabi/4.7.4/../../../../arm-none-eabi/lib\libc_s.a(lib_a-sf_nan.o)
                              c:/isis/application/toolchain/bin/../lib/gcc/arm-none-eabi/4.7.4/../../../../arm-none-eabi/lib\libc_s.a(lib_a-vfscanf_float.o) (nanf)
c:/isis/application/toolchain/bin/../lib/gcc/arm-none-eabi/4.7.4/../../../../arm-none-eabi/lib\libc_s.a(lib_a-sprintf.o)
                              c:/isis/application/toolchain/bin/../lib/gcc/arm-none-eabi/4.7.4/../../../../arm-none-eabi/lib\libc_s.a(lib_a-vfscanf_float.o) (sprintf)
c:/isis/application/toolchain/bin/../lib/gcc/arm-none-eabi/4.7.4/../../../../arm-none-eabi/lib\libc_s.a(lib_a-strcmp.o)
                              c:/isis/application/toolchain/bin/../lib/gcc/arm-none-eabi/4.7.4/../../../../arm-none-eabi/lib\libc_s.a(lib_a-locale.o) (strcmp)
c:/isis/application/toolchain/bin/../lib/gcc/arm-none-eabi/4.7.4/../../../../arm-none-eabi/lib\libc_s.a(lib_a-strlen.o)
                              c:/isis/application/toolchain/bin/../lib/gcc/arm-none-eabi/4.7.4/../../../../arm-none-eabi/lib\libc_s.a(lib_a-vfprintf_float.o) (strlen)
c:/isis/application/toolchain/bin/../lib/gcc/arm-none-eabi/4.7.4/../../../../arm-none-eabi/lib\libc_s.a(lib_a-strtod.o)
                              c:/isis/application/toolchain/bin/../lib/gcc/arm-none-eabi/4.7.4/../../../../arm-none-eabi/lib\libc_s.a(lib_a-vfscanf_float.o) (_strtod_r)
c:/isis/application/toolchain/bin/../lib/gcc/arm-none-eabi/4.7.4/../../../../arm-none-eabi/lib\libc_s.a(lib_a-strtol.o)
                              c:/isis/application/toolchain/bin/../lib/gcc/arm-none-eabi/4.7.4/../../../../arm-none-eabi/lib\libc_s.a(lib_a-vfscanf_float.o) (_strtol_r)
c:/isis/application/toolchain/bin/../lib/gcc/arm-none-eabi/4.7.4/../../../../arm-none-eabi/lib\libc_s.a(lib_a-svfprintf.o)
                              c:/isis/application/toolchain/bin/../lib/gcc/arm-none-eabi/4.7.4/../../../../arm-none-eabi/lib\libc_s.a(lib_a-sprintf.o) (_svfprintf_r)
[...]
Memory Configuration

Name             Origin             Length             Attributes
sram0            0x00200000         0x00004000         w !xr
sram1            0x00300000         0x00004000         w !xr
sdram            0x20000000         0x02000000         w !xr
*default*        0x00000000         0xffffffff

Linker script and memory map

LOAD c:/isis/application/toolchain/bin/../lib/gcc/arm-none-eabi/4.7.4/../../../../arm-none-eabi/lib\libc_s.a
LOAD ./src/sub-systemCode/payload/Request Management/Dump/Butchering.o
LOAD ./src/sub-systemCode/payload/Request Management/Dump/imageDump.o
LOAD ./src/sub-systemCode/payload/Request Management/CameraManeger.o
LOAD ./src/sub-systemCode/payload/Request Management/DB_RequestHandling.o
LOAD ./src/sub-systemCode/payload/Misc/Boolean_bit.o
LOAD ./src/sub-systemCode/payload/Misc/FileSystem.o
LOAD ./src/sub-systemCode/payload/Drivers/GeckoCameraDriver.o
LOAD ./src/sub-systemCode/payload/DataBase/DataBase.o
LOAD ./src/sub-systemCode/payload/Compression/jpeg/bmp/rawToBMP.o
LOAD ./src/sub-systemCode/payload/Compression/jpeg/DCT.o
LOAD ./src/sub-systemCode/payload/Compression/jpeg/ImgCompressor.o
LOAD ./src/sub-systemCode/payload/Compression/jpeg/color_conv.o
LOAD ./src/sub-systemCode/payload/Compression/jpeg/jpeg.o
LOAD ./src/sub-systemCode/payload/Compression/jpeg/jpeg_encoder.o
LOAD ./src/sub-systemCode/payload/Compression/jpeg/jpeg_memory_alloc.o
LOAD ./src/sub-systemCode/payload/Compression/jpeg/jpeg_params.o
LOAD ./src/sub-systemCode/payload/Compression/jpeg/output_stream.o
LOAD ./src/sub-systemCode/payload/Compression/ImageConversion.o
LOAD ./src/sub-systemCode/Main/CMD/ADCS_CMD.o
LOAD ./src/sub-systemCode/Main/CMD/COMM_CMD.o
LOAD ./src/sub-systemCode/Main/CMD/EPS_CMD.o
LOAD ./src/sub-systemCode/Main/CMD/General_CMD.o
LOAD ./src/sub-systemCode/Main/CMD/SW_CMD.o
LOAD ./src/sub-systemCode/Main/CMD/payload_CMD.o
LOAD ./src/sub-systemCode/Main/Ants.o
LOAD ./src/sub-systemCode/Main/EPS.o
LOAD ./src/sub-systemCode/Main/HouseKeeping.o
LOAD ./src/sub-systemCode/Main/Main_Init.o
LOAD ./src/sub-systemCode/Main/commands.o
LOAD ./src/sub-systemCode/Global/Global.o
LOAD ./src/sub-systemCode/Global/GlobalParam.o
LOAD ./src/sub-systemCode/Global/OnlineTM.o
LOAD ./src/sub-systemCode/Global/TLM_management.o
LOAD ./src/sub-systemCode/Global/freertosExtended.o
LOAD ./src/sub-systemCode/Global/logger.o
LOAD ./src/sub-systemCode/COMM/APRS.o
LOAD ./src/sub-systemCode/COMM/DelayedCommand_list.o
LOAD ./src/sub-systemCode/COMM/GSC.o
LOAD ./src/sub-systemCode/COMM/TRXVU.o
LOAD ./src/sub-systemCode/ADCS/AdcsCommands.o
LOAD ./src/sub-systemCode/ADCS/AdcsGetDataAndTlm.o
LOAD ./src/sub-systemCode/ADCS/AdcsMain.o
LOAD ./src/sub-systemCode/ADCS/AdcsTest.o
LOAD ./src/sub-systemCode/ADCS/AdcsTroubleShooting.o
LOAD ./src/sub-systemCode/ADCS/StateMachine.o
LOAD ./src/main.o
LOAD C:/ISIS/workspace/HOOPOE3/satellite-subsystems/demo/..//satellite-subsystems/lib\libSatelliteSubsystemsD.a
LOAD c:/isis/application/toolchain/bin/../lib/gcc/arm-none-eabi/4.7.4/../../../../arm-none-eabi/lib\libm.a
LOAD C:/ISIS/workspace/HOOPOE3/satellite-subsystems/demo/../..//hal/hcc/lib\libHCCD.a
LOAD C:/ISIS/workspace/HOOPOE3/satellite-subsystems/demo/../..//hal/hal/lib\libHALD.a
LOAD C:/ISIS/workspace/HOOPOE3/satellite-subsystems/demo/../..//hal/freertos/lib\libFreeRTOSD.a
LOAD C:/ISIS/workspace/HOOPOE3/satellite-subsystems/demo/../..//hal/at91/lib\libAt91D.a
START GROUP
LOAD c:/isis/application/toolchain/bin/../lib/gcc/arm-none-eabi/4.7.4\libgcc.a
LOAD c:/isis/application/toolchain/bin/../lib/gcc/arm-none-eabi/4.7.4/../../../../arm-none-eabi/lib\libc_s.a
END GROUP

.fixed          0x20000000    0x59940
                0x20000000                . = ALIGN (0x4)
                0x20000000                _sfixed = .
 *(.startup)
 .startup       0x20000000      0x134 C:/ISIS/workspace/HOOPOE3/satellite-subsystems/demo/../..//hal/at91/lib\libAt91D.a(board_cstartup.o)
                0x20000000                entry
 *(.text)
 .text          0x20000134       0x64 C:/ISIS/workspace/HOOPOE3/satellite-subsystems/demo/../..//hal/at91/lib\libAt91D.a(cp15_asm.o)
                0x20000134                _readControlRegister
                0x20000140                _writeControlRegister
                0x20000148                _waitForInterrupt
                0x20000154                _writeTTB
                0x2000015c                _writeDomain
                0x20000164                _writeITLBLockdown
                0x2000016c                _prefetchICacheLine
                0x20000174                _flushDCache
                0x20000180                _flushWriteBuffer
                0x2000018c                _invalidateIDTLBs
 .text          0x20000198      0x114 c:/isis/application/toolchain/bin/../lib/gcc/arm-none-eabi/4.7.4\libgcc.a(_udivsi3.o)
                0x20000198                __aeabi_uidiv
                0x20000198                __udivsi3
                0x2000028c                __aeabi_uidivmod
 .text          0x200002ac      0x148 c:/isis/application/toolchain/bin/../lib/gcc/arm-none-eabi/4.7.4\libgcc.a(_divsi3.o)
                0x200002ac                __divsi3
                0x200002ac                __aeabi_idiv
                0x200003d4                __aeabi_idivmod
 .text          0x200003f4        0x4 c:/isis/application/toolchain/bin/../lib/gcc/arm-none-eabi/4.7.4\libgcc.a(_dvmd_tls.o)
                0x200003f4                __aeabi_idiv0
                0x200003f4                __aeabi_ldiv0
 .text          0x200003f8      0x41c c:/isis/application/toolchain/bin/../lib/gcc/arm-none-eabi/4.7.4\libgcc.a(_arm_addsubdf3.o)
                0x200003f8                __aeabi_drsub
                0x20000400                __aeabi_dsub
                0x20000400                __subdf3
                0x20000404                __aeabi_dadd
                0x20000404                __adddf3
                0x20000714                __floatunsidf
                0x20000714                __aeabi_ui2d
                0x20000738                __floatsidf
                0x20000738                __aeabi_i2d
                0x20000760                __aeabi_f2d
                0x20000760                __extendsfdf2
                0x200007a0                __floatundidf
                0x200007a0                __aeabi_ul2d
                0x200007b4                __floatdidf
                0x200007b4                __aeabi_l2d
 .text          0x20000814      0x49c c:/isis/application/toolchain/bin/../lib/gcc/arm-none-eabi/4.7.4\libgcc.a(_arm_muldivdf3.o)
                0x20000814                __aeabi_dmul
                0x20000814                __muldf3
                0x20000aa4                __divdf3
                0x20000aa4                __aeabi_ddiv
 .text          0x20000cb0      0x144 c:/isis/application/toolchain/bin/../lib/gcc/arm-none-eabi/4.7.4\libgcc.a(_arm_cmpdf2.o)
                0x20000cb0                __gtdf2
                0x20000cb0                __gedf2
                0x20000cb8                __ltdf2
                0x20000cb8                __ledf2
                0x20000cc0                __nedf2
                0x20000cc0                __eqdf2
                0x20000cc0                __cmpdf2
                0x20000d48                __aeabi_cdrcmple
                0x20000d64                __aeabi_cdcmpeq
                0x20000d64                __aeabi_cdcmple
                0x20000d7c                __aeabi_dcmpeq
                0x20000d94                __aeabi_dcmplt
                0x20000dac                __aeabi_dcmple
                0x20000dc4                __aeabi_dcmpge
                0x20000ddc                __aeabi_dcmpgt
 .text          0x20000df4       0x5c c:/isis/application/toolchain/bin/../lib/gcc/arm-none-eabi/4.7.4\libgcc.a(_arm_fixdfsi.o)
                0x20000df4                __aeabi_d2iz
                0x20000df4                __fixdfsi
 .text          0x20000e50       0x54 c:/isis/application/toolchain/bin/../lib/gcc/arm-none-eabi/4.7.4\libgcc.a(_arm_fixunsdfsi.o)
                0x20000e50                __aeabi_d2uiz
                0x20000e50                __fixunsdfsi
 .text          0x20000ea4       0xa0 c:/isis/application/toolchain/bin/../lib/gcc/arm-none-eabi/4.7.4\libgcc.a(_arm_truncdfsf2.o)
                0x20000ea4                __truncdfsf2
                0x20000ea4                __aeabi_d2f
 .text          0x20000f44      0x2ac c:/isis/application/toolchain/bin/../lib/gcc/arm-none-eabi/4.7.4\libgcc.a(_arm_addsubsf3.o)
                0x20000f44                __aeabi_frsub
                0x20000f4c                __subsf3
                0x20000f4c                __aeabi_fsub
                0x20000f50                __aeabi_fadd
                0x20000f50                __addsf3
                0x2000110c                __aeabi_ui2f
                0x2000110c                __floatunsisf
                0x20001114                __aeabi_i2f
                0x20001114                __floatsisf
                0x20001134                __aeabi_ul2f
                0x20001134                __floatundisf
                0x20001144                __aeabi_l2f
                0x20001144                __floatdisf
 .text          0x200011f0      0x2f8 c:/isis/application/toolchain/bin/../lib/gcc/arm-none-eabi/4.7.4\libgcc.a(_arm_muldivsf3.o)
                0x200011f0                __mulsf3
                0x200011f0                __aeabi_fmul
                0x20001388                __aeabi_fdiv
                0x20001388                __divsf3
 .text          0x200014e8      0x114 c:/isis/application/toolchain/bin/../lib/gcc/arm-none-eabi/4.7.4\libgcc.a(_arm_cmpsf2.o)
                0x200014e8                __gesf2
                0x200014e8                __gtsf2
                0x200014f0                __lesf2
                0x200014f0                __ltsf2
                0x200014f8                __nesf2
                0x200014f8                __eqsf2
                0x200014f8                __cmpsf2
                0x2000155c                __aeabi_cfrcmple
                0x2000156c                __aeabi_cfcmpeq
                0x2000156c                __aeabi_cfcmple
                0x20001584                __aeabi_fcmpeq
                0x2000159c                __aeabi_fcmplt
                0x200015b4                __aeabi_fcmple
                0x200015cc                __aeabi_fcmpge
                0x200015e4                __aeabi_fcmpgt
 .text          0x200015fc       0x5c c:/isis/application/toolchain/bin/../lib/gcc/arm-none-eabi/4.7.4\libgcc.a(_arm_fixsfsi.o)
                0x200015fc                __aeabi_f2iz
                0x200015fc                __fixsfsi
 .text          0x20001658       0x54 c:/isis/application/toolchain/bin/../lib/gcc/arm-none-eabi/4.7.4\libgcc.a(_arm_fixunssfsi.o)
                0x20001658                __fixunssfsi
                0x20001658                __aeabi_f2uiz
 *(.text*)
 .text.__cvt    0x200016ac      0x138 c:/isis/application/toolchain/bin/../lib/gcc/arm-none-eabi/4.7.4/../../../../arm-none-eabi/lib\libc_s.a(lib_a-vfprintf_float.o)
                0x200016ac                __cvt
 .text.__exponent
                0x200017e4       0xa8 c:/isis/application/toolchain/bin/../lib/gcc/arm-none-eabi/4.7.4/../../../../arm-none-eabi/lib\libc_s.a(lib_a-vfprintf_float.o)
                0x200017e4                __exponent
 .text._printf_float
                0x2000188c      0x7dc c:/isis/application/toolchain/bin/../lib/gcc/arm-none-eabi/4.7.4/../../../../arm-none-eabi/lib\libc_s.a(lib_a-vfprintf_float.o)
                0x2000188c                _printf_float
 .text._printf_common
                0x20002068      0x174 c:/isis/application/toolchain/bin/../lib/gcc/arm-none-eabi/4.7.4/../../../../arm-none-eabi/lib\libc_s.a(lib_a-vfprintf_i.o)
                0x20002068                _printf_common
 .text._printf_i
                0x200021dc      0x3c4 c:/isis/application/toolchain/bin/../lib/gcc/arm-none-eabi/4.7.4/../../../../arm-none-eabi/lib\libc_s.a(lib_a-vfprintf_i.o)
                0x200021dc                _printf_i
 .text._scanf_float
                0x200025a0      0x5f4 c:/isis/application/toolchain/bin/../lib/gcc/arm-none-eabi/4.7.4/../../../../arm-none-eabi/lib\libc_s.a(lib_a-vfscanf_float.o)
                0x200025a0                _scanf_float
 .text.quorem   0x20002b94      0x1ac c:/isis/application/toolchain/bin/../lib/gcc/arm-none-eabi/4.7.4/../../../../arm-none-eabi/lib\libc_s.a(lib_a-dtoa.o)
 .text._dtoa_r  0x20002d40     0x1268 c:/isis/application/toolchain/bin/../lib/gcc/arm-none-eabi/4.7.4/../../../../arm-none-eabi/lib\libc_s.a(lib_a-dtoa.o)
                0x20002d40                _dtoa_r
 .text._localeconv_r
                0x20003fa8        0xc c:/isis/application/toolchain/bin/../lib/gcc/arm-none-eabi/4.7.4/../../../../arm-none-eabi/lib\libc_s.a(lib_a-locale.o)
                0x20003fa8                _localeconv_r
 .text.malloc   0x20003fb4       0x20 c:/isis/application/toolchain/bin/../lib/gcc/arm-none-eabi/4.7.4/../../../../arm-none-eabi/lib\libc_s.a(lib_a-malloc.o)
                0x20003fb4                malloc
 .text.free     0x20003fd4       0x20 c:/isis/application/toolchain/bin/../lib/gcc/arm-none-eabi/4.7.4/../../../../arm-none-eabi/lib\libc_s.a(lib_a-malloc.o)
                0x20003fd4                free
 .text._malloc_r
                0x20003ff4       0xfc c:/isis/application/toolchain/bin/../lib/gcc/arm-none-eabi/4.7.4/../../../../arm-none-eabi/lib\libc_s.a(lib_a-mallocr.o)
                0x20003ff4                _malloc_r
 .text.memcpy   0x200040f0       0x20 c:/isis/application/toolchain/bin/../lib/gcc/arm-none-eabi/4.7.4/../../../../arm-none-eabi/lib\libc_s.a(lib_a-memcpy.o)
                0x200040f0                memcpy
 .text._Balloc  0x20004110       0xcc c:/isis/application/toolchain/bin/../lib/gcc/arm-none-eabi/4.7.4/../../../../arm-none-eabi/lib\libc_s.a(lib_a-mprec.o)
                0x20004110                _Balloc
 .text._Bfree   0x200041dc       0x5c c:/isis/application/toolchain/bin/../lib/gcc/arm-none-eabi/4.7.4/../../../../arm-none-eabi/lib\libc_s.a(lib_a-mprec.o)
                0x200041dc                _Bfree
 .text.__multadd
                0x20004238       0xbc c:/isis/application/toolchain/bin/../lib/gcc/arm-none-eabi/4.7.4/../../../../arm-none-eabi/lib\libc_s.a(lib_a-mprec.o)
                0x20004238                __multadd
 .text.__s2b    0x200042f4       0xd8 c:/isis/application/toolchain/bin/../lib/gcc/arm-none-eabi/4.7.4/../../../../arm-none-eabi/lib\libc_s.a(lib_a-mprec.o)
                0x200042f4                __s2b
 .text.__hi0bits
                0x200043cc       0x58 c:/isis/application/toolchain/bin/../lib/gcc/arm-none-eabi/4.7.4/../../../../arm-none-eabi/lib\libc_s.a(lib_a-mprec.o)
                0x200043cc                __hi0bits
 .text.__lo0bits
                0x20004424       0x94 c:/isis/application/toolchain/bin/../lib/gcc/arm-none-eabi/4.7.4/../../../../arm-none-eabi/lib\libc_s.a(lib_a-mprec.o)
                0x20004424                __lo0bits
 .text.__i2b    0x200044b8       0x24 c:/isis/application/toolchain/bin/../lib/gcc/arm-none-eabi/4.7.4/../../../../arm-none-eabi/lib\libc_s.a(lib_a-mprec.o)
                0x200044b8                __i2b
 .text.__multiply
                0x200044dc      0x1ac c:/isis/application/toolchain/bin/../lib/gcc/arm-none-eabi/4.7.4/../../../../arm-none-eabi/lib\libc_s.a(lib_a-mprec.o)
                0x200044dc                __multiply
 .text.__pow5mult
                0x20004688      0x10c c:/isis/application/toolchain/bin/../lib/gcc/arm-none-eabi/4.7.4/../../../../arm-none-eabi/lib\libc_s.a(lib_a-mprec.o)
                0x20004688                __pow5mult
 .text.__lshift
                0x20004794       0xf0 c:/isis/application/toolchain/bin/../lib/gcc/arm-none-eabi/4.7.4/../../../../arm-none-eabi/lib\libc_s.a(lib_a-mprec.o)
                0x20004794                __lshift
 .text.__mcmp   0x20004884       0x60 c:/isis/application/toolchain/bin/../lib/gcc/arm-none-eabi/4.7.4/../../../../arm-none-eabi/lib\libc_s.a(lib_a-mprec.o)
                0x20004884                __mcmp
 .text.__mdiff  0x200048e4      0x128 c:/isis/application/toolchain/bin/../lib/gcc/arm-none-eabi/4.7.4/../../../../arm-none-eabi/lib\libc_s.a(lib_a-mprec.o)
                0x200048e4                __mdiff
 .text.__ulp    0x20004a0c       0x5c c:/isis/application/toolchain/bin/../lib/gcc/arm-none-eabi/4.7.4/../../../../arm-none-eabi/lib\libc_s.a(lib_a-mprec.o)
                0x20004a0c                __ulp
 .text.__b2d    0x20004a68       0xc8 c:/isis/application/toolchain/bin/../lib/gcc/arm-none-eabi/4.7.4/../../../../arm-none-eabi/lib\libc_s.a(lib_a-mprec.o)
                0x20004a68                __b2d
 .text.__d2b    0x20004b30       0xfc c:/isis/application/toolchain/bin/../lib/gcc/arm-none-eabi/4.7.4/../../../../arm-none-eabi/lib\libc_s.a(lib_a-mprec.o)
                0x20004b30                __d2b
 .text.__ratio  0x20004c2c       0x70 c:/isis/application/toolchain/bin/../lib/gcc/arm-none-eabi/4.7.4/../../../../arm-none-eabi/lib\libc_s.a(lib_a-mprec.o)
                0x20004c2c                __ratio
 .text.__copybits
                0x20004c9c       0x4c c:/isis/application/toolchain/bin/../lib/gcc/arm-none-eabi/4.7.4/../../../../arm-none-eabi/lib\libc_s.a(lib_a-mprec.o)
                0x20004c9c                __copybits
 .text.__any_on
                0x20004ce8       0x7c c:/isis/application/toolchain/bin/../lib/gcc/arm-none-eabi/4.7.4/../../../../arm-none-eabi/lib\libc_s.a(lib_a-mprec.o)
                0x20004ce8                __any_on
 .text.__fpclassifyd
                0x20004d64       0x6c c:/isis/application/toolchain/bin/../lib/gcc/arm-none-eabi/4.7.4/../../../../arm-none-eabi/lib\libc_s.a(lib_a-s_fpclassify.o)
                0x20004d64                __fpclassifyd
 .text._sbrk_r  0x20004dd0       0x3c c:/isis/application/toolchain/bin/../lib/gcc/arm-none-eabi/4.7.4/../../../../arm-none-eabi/lib\libc_s.a(lib_a-sbrkr.o)
                0x20004dd0                _sbrk_r
 .text.nanf     0x20004e0c        0xc c:/isis/application/toolchain/bin/../lib/gcc/arm-none-eabi/4.7.4/../../../../arm-none-eabi/lib\libc_s.a(lib_a-sf_nan.o)
                0x20004e0c                nanf
 .text.sprintf  0x20004e18       0x6c c:/isis/application/toolchain/bin/../lib/gcc/arm-none-eabi/4.7.4/../../../../arm-none-eabi/lib\libc_s.a(lib_a-sprintf.o)
                0x20004e18                siprintf
                0x20004e18                sprintf
 .text.strcmp   0x20004e84       0x1c c:/isis/application/toolchain/bin/../lib/gcc/arm-none-eabi/4.7.4/../../../../arm-none-eabi/lib\libc_s.a(lib_a-strcmp.o)
                0x20004e84                strcmp
 .text.strlen   0x20004ea0       0x1c c:/isis/application/toolchain/bin/../lib/gcc/arm-none-eabi/4.7.4/../../../../arm-none-eabi/lib\libc_s.a(lib_a-strlen.o)
                0x20004ea0                strlen
 .text.match    0x20004ebc       0x54 c:/isis/application/toolchain/bin/../lib/gcc/arm-none-eabi/4.7.4/../../../../arm-none-eabi/lib\libc_s.a(lib_a-strtod.o)
 .text._strtod_r
                0x20004f10     0x1168 c:/isis/application/toolchain/bin/../lib/gcc/arm-none-eabi/4.7.4/../../../../arm-none-eabi/lib\libc_s.a(lib_a-strtod.o)
                0x20004f10                _strtod_r
 .text._strtol_r
                0x20006078      0x1b8 c:/isis/application/toolchain/bin/../lib/gcc/arm-none-eabi/4.7.4/../../../../arm-none-eabi/lib\libc_s.a(lib_a-strtol.o)
                0x20006078                _strtol_r
 .text.__ssputc_r
                0x20006230      0x10c c:/isis/application/toolchain/bin/../lib/gcc/arm-none-eabi/4.7.4/../../../../arm-none-eabi/lib\libc_s.a(lib_a-svfprintf.o)
                0x20006230                __ssputc_r
 .text._svfprintf_r
                0x2000633c      0x328 c:/isis/application/toolchain/bin/../lib/gcc/arm-none-eabi/4.7.4/../../../../arm-none-eabi/lib\libc_s.a(lib_a-svfprintf.o)
                0x2000633c                _svfiprintf_r
                0x2000633c                _svfprintf_r
 .text._calloc_r
                0x20006664       0x2c c:/isis/application/toolchain/bin/../lib/gcc/arm-none-eabi/4.7.4/../../../../arm-none-eabi/lib\libc_s.a(lib_a-callocr.o)
                0x20006664                _calloc_r
 .text._free_r  0x20006690      0x108 c:/isis/application/toolchain/bin/../lib/gcc/arm-none-eabi/4.7.4/../../../../arm-none-eabi/lib\libc_s.a(lib_a-freer.o)
                0x20006690                _free_r
 .text.rshift   0x20006798       0xb0 c:/isis/application/toolchain/bin/../lib/gcc/arm-none-eabi/4.7.4/../../../../arm-none-eabi/lib\libc_s.a(lib_a-gdtoa-gethex.o)
 .text.htinit.constprop.0
                0x20006848       0x34 c:/isis/application/toolchain/bin/../lib/gcc/arm-none-eabi/4.7.4/../../../../arm-none-eabi/lib\libc_s.a(lib_a-gdtoa-gethex.o)
 .text.__hexdig_init
                0x2000687c       0x38 c:/isis/application/toolchain/bin/../lib/gcc/arm-none-eabi/4.7.4/../../../../arm-none-eabi/lib\libc_s.a(lib_a-gdtoa-gethex.o)
                0x2000687c                __hexdig_init
 .text.__gethex
                0x200068b4      0x6cc c:/isis/application/toolchain/bin/../lib/gcc/arm-none-eabi/4.7.4/../../../../arm-none-eabi/lib\libc_s.a(lib_a-gdtoa-gethex.o)
                0x200068b4                __gethex
 .text.L_shift  0x20006f80       0x38 c:/isis/application/toolchain/bin/../lib/gcc/arm-none-eabi/4.7.4/../../../../arm-none-eabi/lib\libc_s.a(lib_a-gdtoa-hexnan.o)
 .text.__hexnan
                0x20006fb8      0x1d8 c:/isis/application/toolchain/bin/../lib/gcc/arm-none-eabi/4.7.4/../../../../arm-none-eabi/lib\libc_s.a(lib_a-gdtoa-hexnan.o)
                0x20006fb8                __hexnan
 .text.memchr   0x20007190       0x34 c:/isis/application/toolchain/bin/../lib/gcc/arm-none-eabi/4.7.4/../../../../arm-none-eabi/lib\libc_s.a(lib_a-memchr.o)
                0x20007190                memchr
 .text.memset   0x200071c4       0x1c c:/isis/application/toolchain/bin/../lib/gcc/arm-none-eabi/4.7.4/../../../../arm-none-eabi/lib\libc_s.a(lib_a-memset.o)
                0x200071c4                memset
 .text._realloc_r
                0x200071e0       0x80 c:/isis/application/toolchain/bin/../lib/gcc/arm-none-eabi/4.7.4/../../../../arm-none-eabi/lib\libc_s.a(lib_a-reallocr.o)
                0x200071e0                _realloc_r
 .text.strncmp  0x20007260       0x64 c:/isis/application/toolchain/bin/../lib/gcc/arm-none-eabi/4.7.4/../../../../arm-none-eabi/lib\libc_s.a(lib_a-strncmp.o)
                0x20007260                strncmp
 .text._malloc_usable_size_r
                0x200072c4       0x1c c:/isis/application/toolchain/bin/../lib/gcc/arm-none-eabi/4.7.4/../../../../arm-none-eabi/lib\libc_s.a(lib_a-msizer.o)
                0x200072c4                _malloc_usable_size_r
 .text.GetChunkFromImage
                0x200072e0      0x2d0 ./src/sub-systemCode/payload/Request Management/Dump/Butchering.o
                0x200072e0                GetChunkFromImage
 .text.SimpleButcher
                0x200075b0       0xd8 ./src/sub-systemCode/payload/Request Management/Dump/Butchering.o
                0x200075b0                SimpleButcher
 .text.readChunkDimentionsFromFRAM
                0x20007688       0x80 ./src/sub-systemCode/payload/Request Management/Dump/imageDump.o
                0x20007688                readChunkDimentionsFromFRAM
 .text.setChunkDimensions_inFRAM
                0x20007708      0x10c ./src/sub-systemCode/payload/Request Management/Dump/imageDump.o
                0x20007708                setChunkDimensions_inFRAM
 .text.find_subType_ofImage
                0x20007814       0xe0 ./src/sub-systemCode/payload/Request Management/Dump/imageDump.o
                0x20007814                find_subType_ofImage
 .text.buildAndSend_chunck
                0x200078f4      0x320 ./src/sub-systemCode/payload/Request Management/Dump/imageDump.o
                0x200078f4                buildAndSend_chunck
 .text.bitField_imageDump
                0x20007c14      0x23c ./src/sub-systemCode/payload/Request Management/Dump/imageDump.o
                0x20007c14                bitField_imageDump
 .text.imageDataBase_Dump
                0x20007e50      0x118 ./src/sub-systemCode/payload/Request Management/Dump/imageDump.o
                0x20007e50                imageDataBase_Dump
 .text.chunkField_imageDump
                0x20007f68      0x258 ./src/sub-systemCode/payload/Request Management/Dump/imageDump.o
                0x20007f68                chunkField_imageDump
 .text.imageDump_task
                0x200081c0      0x414 ./src/sub-systemCode/payload/Request Management/Dump/imageDump.o
                0x200081c0                imageDump_task
 .text.CameraManagerTaskMain
                0x200085d4      0x120 ./src/sub-systemCode/payload/Request Management/CameraManeger.o
                0x200085d4                CameraManagerTaskMain
 .text.initCamera
                0x200086f4       0xa4 ./src/sub-systemCode/payload/Request Management/CameraManeger.o
                0x200086f4                initCamera
 .text.KickStartCamera
                0x20008798       0xb4 ./src/sub-systemCode/payload/Request Management/CameraManeger.o
                0x20008798                KickStartCamera
 .text.addRequestToQueue
                0x2000884c       0xa8 ./src/sub-systemCode/payload/Request Management/CameraManeger.o
                0x2000884c                addRequestToQueue
 .text.removeRequestFromQueue
                0x200088f4       0x7c ./src/sub-systemCode/payload/Request Management/CameraManeger.o
                0x200088f4                removeRequestFromQueue
 .text.Take_pictures_with_time_in_between
                0x20008970       0xe8 ./src/sub-systemCode/payload/Request Management/CameraManeger.o
                0x20008970                Take_pictures_with_time_in_between
 .text.Gecko_TroubleShooter
                0x20008a58       0xdc ./src/sub-systemCode/payload/Request Management/CameraManeger.o
                0x20008a58                Gecko_TroubleShooter
 .text.startDumpTask
                0x20008b34       0x70 ./src/sub-systemCode/payload/Request Management/CameraManeger.o
                0x20008b34                startDumpTask
 .text.act_upon_request
                0x20008ba4      0x4d4 ./src/sub-systemCode/payload/Request Management/CameraManeger.o
                0x20008ba4                act_upon_request
 .text.TakePicture
                0x20009078       0x4c ./src/sub-systemCode/payload/Request Management/DB_RequestHandling.o
                0x20009078                TakePicture
 .text.TakeSpecialPicture
                0x200090c4      0x130 ./src/sub-systemCode/payload/Request Management/DB_RequestHandling.o
                0x200090c4                TakeSpecialPicture
 .text.DeletePictureFile
                0x200091f4       0x88 ./src/sub-systemCode/payload/Request Management/DB_RequestHandling.o
                0x200091f4                DeletePictureFile
 .text.DeletePicture
                0x2000927c       0x6c ./src/sub-systemCode/payload/Request Management/DB_RequestHandling.o
                0x2000927c                DeletePicture
 .text.TransferPicture
                0x200092e8       0x54 ./src/sub-systemCode/payload/Request Management/DB_RequestHandling.o
                0x200092e8                TransferPicture
 .text.CreateThumbnail
                0x2000933c       0x80 ./src/sub-systemCode/payload/Request Management/DB_RequestHandling.o
                0x2000933c                CreateThumbnail
 .text.CreateJPG
                0x200093bc       0x7c ./src/sub-systemCode/payload/Request Management/DB_RequestHandling.o
                0x200093bc                CreateJPG
 .text.UpdatePhotographyValues
                0x20009438       0xd8 ./src/sub-systemCode/payload/Request Management/DB_RequestHandling.o
                0x20009438                UpdatePhotographyValues
 .text.setChunkDimensions
                0x20009510       0x64 ./src/sub-systemCode/payload/Request Management/DB_RequestHandling.o
                0x20009510                setChunkDimensions
 .text.convert2char
                0x20009574      0x14c ./src/sub-systemCode/payload/Misc/Boolean_bit.o
                0x20009574                convert2char
 .text.convert2byte
                0x200096c0      0x1c8 ./src/sub-systemCode/payload/Misc/Boolean_bit.o
                0x200096c0                convert2byte
 .text.bits2byte
                0x20009888      0x17c ./src/sub-systemCode/payload/Misc/Boolean_bit.o
                0x20009888                bits2byte
 .text.byte2bits
                0x20009a04      0x17c ./src/sub-systemCode/payload/Misc/Boolean_bit.o
                0x20009a04                byte2bits
 .text.char2bits
                0x20009b80       0x44 ./src/sub-systemCode/payload/Misc/Boolean_bit.o
                0x20009b80                char2bits
 .text.bits2char
                0x20009bc4       0x3c ./src/sub-systemCode/payload/Misc/Boolean_bit.o
                0x20009bc4                bits2char
 .text.ReadFromFile
                0x20009c00       0x6c ./src/sub-systemCode/payload/Misc/FileSystem.o
                0x20009c00                ReadFromFile
 .text.WriteToFile
                0x20009c6c       0x74 ./src/sub-systemCode/payload/Misc/FileSystem.o
                0x20009c6c                WriteToFile
 .text.Initialized_GPIO
                0x20009ce0       0x54 ./src/sub-systemCode/payload/Drivers/GeckoCameraDriver.o
                0x20009ce0                Initialized_GPIO
 .text.TurnOnGecko
                0x20009d34      0x140 ./src/sub-systemCode/payload/Drivers/GeckoCameraDriver.o
                0x20009d34                TurnOnGecko
 .text.TurnOffGecko
                0x20009e74       0xd8 ./src/sub-systemCode/payload/Drivers/GeckoCameraDriver.o
                0x20009e74                TurnOffGecko
 .text.initGecko
                0x20009f4c       0x3c ./src/sub-systemCode/payload/Drivers/GeckoCameraDriver.o
                0x20009f4c                initGecko
 .text.GECKO_TakeImage
                0x20009f88      0x2f4 ./src/sub-systemCode/payload/Drivers/GeckoCameraDriver.o
                0x20009f88                GECKO_TakeImage
 .text.GECKO_ReadImage
                0x2000a27c      0x234 ./src/sub-systemCode/payload/Drivers/GeckoCameraDriver.o
                0x2000a27c                GECKO_ReadImage
 .text.GECKO_EraseBlock
                0x2000a4b0       0xf0 ./src/sub-systemCode/payload/Drivers/GeckoCameraDriver.o
                0x2000a4b0                GECKO_EraseBlock
 .text.getFileName
                0x2000a5a0      0x1a0 ./src/sub-systemCode/payload/DataBase/DataBase.o
 .text.zeroImageDataBase
                0x2000a740       0xfc ./src/sub-systemCode/payload/DataBase/DataBase.o
                0x2000a740                zeroImageDataBase
 .text.updateGeneralDataBaseParameters
                0x2000a83c       0x5c ./src/sub-systemCode/payload/DataBase/DataBase.o
                0x2000a83c                updateGeneralDataBaseParameters
 .text.SearchDataBase_byID
                0x2000a898      0x220 ./src/sub-systemCode/payload/DataBase/DataBase.o
                0x2000a898                SearchDataBase_byID
 .text.SearchDataBase_byMark
                0x2000aab8       0xa4 ./src/sub-systemCode/payload/DataBase/DataBase.o
                0x2000aab8                SearchDataBase_byMark
 .text.checkForFileType
                0x2000ab5c       0x68 ./src/sub-systemCode/payload/DataBase/DataBase.o
                0x2000ab5c                checkForFileType
 .text.updateFileTypes
                0x2000abc4       0xbc ./src/sub-systemCode/payload/DataBase/DataBase.o
                0x2000abc4                updateFileTypes
 .text.GetImageFactor
                0x2000ac80       0x58 ./src/sub-systemCode/payload/DataBase/DataBase.o
                0x2000ac80                GetImageFactor
 .text.readImageFromBuffer
                0x2000acd8      0x12c ./src/sub-systemCode/payload/DataBase/DataBase.o
                0x2000acd8                readImageFromBuffer
 .text.saveImageToBuffer
                0x2000ae04      0x12c ./src/sub-systemCode/payload/DataBase/DataBase.o
                0x2000ae04                saveImageToBuffer
 .text.getLatestID
                0x2000af30       0x48 ./src/sub-systemCode/payload/DataBase/DataBase.o
                0x2000af30                getLatestID
 .text.getDataBaseStart
                0x2000af78       0x20 ./src/sub-systemCode/payload/DataBase/DataBase.o
                0x2000af78                getDataBaseStart
 .text.setDataBaseValues
                0x2000af98      0x208 ./src/sub-systemCode/payload/DataBase/DataBase.o
                0x2000af98                setDataBaseValues
 .text.initImageDataBase
                0x2000b1a0      0x20c ./src/sub-systemCode/payload/DataBase/DataBase.o
                0x2000b1a0                initImageDataBase
 .text.resetImageDataBase
                0x2000b3ac       0x98 ./src/sub-systemCode/payload/DataBase/DataBase.o
                0x2000b3ac                resetImageDataBase
 .text.setCameraPhotographyValues
                0x2000b444      0x130 ./src/sub-systemCode/payload/DataBase/DataBase.o
                0x2000b444                setCameraPhotographyValues
 .text.transferImageToSD_withoutSearch
                0x2000b574      0x15c ./src/sub-systemCode/payload/DataBase/DataBase.o
                0x2000b574                transferImageToSD_withoutSearch
 .text.transferImageToSD
                0x2000b6d0       0xb4 ./src/sub-systemCode/payload/DataBase/DataBase.o
                0x2000b6d0                transferImageToSD
 .text.DeleteImageFromOBC_withoutSearch
                0x2000b784       0xe0 ./src/sub-systemCode/payload/DataBase/DataBase.o
                0x2000b784                DeleteImageFromOBC_withoutSearch
 .text.DeleteImageFromOBC
                0x2000b864       0xb4 ./src/sub-systemCode/payload/DataBase/DataBase.o
                0x2000b864                DeleteImageFromOBC
 .text.DeleteImageFromPayload
                0x2000b918      0x25c ./src/sub-systemCode/payload/DataBase/DataBase.o
                0x2000b918                DeleteImageFromPayload
 .text.clearImageDataBase
                0x2000bb74      0x114 ./src/sub-systemCode/payload/DataBase/DataBase.o
                0x2000bb74                clearImageDataBase
 .text.handleMarkedPictures
                0x2000bc88      0x1dc ./src/sub-systemCode/payload/DataBase/DataBase.o
                0x2000bc88                handleMarkedPictures
 .text.writeNewImageMetaDataToFRAM
                0x2000be64      0x234 ./src/sub-systemCode/payload/DataBase/DataBase.o
                0x2000be64                writeNewImageMetaDataToFRAM
 .text.takePicture
                0x2000c098      0x398 ./src/sub-systemCode/payload/DataBase/DataBase.o
                0x2000c098                takePicture
 .text.takePicture_withSpecialParameters
                0x2000c430       0xbc ./src/sub-systemCode/payload/DataBase/DataBase.o
                0x2000c430                takePicture_withSpecialParameters
 .text.GetImageFileName
                0x2000c4ec       0xc0 ./src/sub-systemCode/payload/DataBase/DataBase.o
                0x2000c4ec                GetImageFileName
 .text.getDataBaseSize
                0x2000c5ac       0x20 ./src/sub-systemCode/payload/DataBase/DataBase.o
                0x2000c5ac                getDataBaseSize
 .text.getImageDataBaseBuffer
                0x2000c5cc      0x240 ./src/sub-systemCode/payload/DataBase/DataBase.o
                0x2000c5cc                getImageDataBaseBuffer
 .text.TransformRawToBMP
                0x2000c80c      0x1e0 ./src/sub-systemCode/payload/Compression/jpeg/bmp/rawToBMP.o
                0x2000c80c                TransformRawToBMP
 .text.interpolate
                0x2000c9ec      0x8d0 ./src/sub-systemCode/payload/Compression/jpeg/bmp/rawToBMP.o
                0x2000c9ec                interpolate
 .text.getInputAt
                0x2000d2bc      0x308 ./src/sub-systemCode/payload/Compression/jpeg/bmp/rawToBMP.o
                0x2000d2bc                getInputAt
 .text.f_writeF_FILEHeader
                0x2000d5c4      0x2f0 ./src/sub-systemCode/payload/Compression/jpeg/bmp/rawToBMP.o
                0x2000d5c4                f_writeF_FILEHeader
 .text.f_writeOutputRow
                0x2000d8b4       0xbc ./src/sub-systemCode/payload/Compression/jpeg/bmp/rawToBMP.o
                0x2000d8b4                f_writeOutputRow
 .text.dct      0x2000d970      0x9c4 ./src/sub-systemCode/payload/Compression/jpeg/DCT.o
                0x2000d970                dct
 .text.JPEG_compressor
                0x2000e334       0xfc ./src/sub-systemCode/payload/Compression/jpeg/ImgCompressor.o
                0x2000e334                JPEG_compressor
 .text.Create_BMP_File
                0x2000e430       0xf4 ./src/sub-systemCode/payload/Compression/jpeg/ImgCompressor.o
                0x2000e430                Create_BMP_File
 .text.CompressImage
                0x2000e524      0x1cc ./src/sub-systemCode/payload/Compression/jpeg/ImgCompressor.o
                0x2000e524                CompressImage
 .text.clamp    0x2000e6f0       0x60 ./src/sub-systemCode/payload/Compression/jpeg/color_conv.o
                0x2000e6f0                clamp
 .text.RGB_to_YCC
                0x2000e750      0x1a8 ./src/sub-systemCode/payload/Compression/jpeg/color_conv.o
                0x2000e750                RGB_to_YCC
 .text.RGB_to_Y
                0x2000e8f8       0xc4 ./src/sub-systemCode/payload/Compression/jpeg/color_conv.o
                0x2000e8f8                RGB_to_Y
 .text.Y_to_YCC
                0x2000e9bc       0x88 ./src/sub-systemCode/payload/Compression/jpeg/color_conv.o
                0x2000e9bc                Y_to_YCC
 .text.compress_image_to_jpeg_file
                0x2000ea44      0x1ac ./src/sub-systemCode/payload/Compression/jpeg/jpeg.o
                0x2000ea44                compress_image_to_jpeg_file
 .text.emit_marker
                0x2000ebf0       0xc8 ./src/sub-systemCode/payload/Compression/jpeg/jpeg_encoder.o
                0x2000ebf0                emit_marker
 .text.emit_byte
                0x2000ecb8       0x6c ./src/sub-systemCode/payload/Compression/jpeg/jpeg_encoder.o
                0x2000ecb8                emit_byte
 .text.emit_word
                0x2000ed24       0xd0 ./src/sub-systemCode/payload/Compression/jpeg/jpeg_encoder.o
                0x2000ed24                emit_word
 .text.emit_jfif_app0
                0x2000edf4       0xc0 ./src/sub-systemCode/payload/Compression/jpeg/jpeg_encoder.o
                0x2000edf4                emit_jfif_app0
 .text.emit_dqt
                0x2000eeb4       0xd8 ./src/sub-systemCode/payload/Compression/jpeg/jpeg_encoder.o
                0x2000eeb4                emit_dqt
 .text.emit_sof
                0x2000ef8c      0x14c ./src/sub-systemCode/payload/Compression/jpeg/jpeg_encoder.o
                0x2000ef8c                emit_sof
 .text.emit_dht
                0x2000f0d8      0x138 ./src/sub-systemCode/payload/Compression/jpeg/jpeg_encoder.o
                0x2000f0d8                emit_dht
 .text.emit_dhts
                0x2000f210       0xd8 ./src/sub-systemCode/payload/Compression/jpeg/jpeg_encoder.o
                0x2000f210                emit_dhts
 .text.emit_sos
                0x2000f2e8       0xec ./src/sub-systemCode/payload/Compression/jpeg/jpeg_encoder.o
                0x2000f2e8                emit_sos
 .text.emit_markers
                0x2000f3d4       0x4c ./src/sub-systemCode/payload/Compression/jpeg/jpeg_encoder.o
                0x2000f3d4                emit_markers
 .text.compute_huffman_table
                0x2000f420      0x334 ./src/sub-systemCode/payload/Compression/jpeg/jpeg_encoder.o
                0x2000f420                compute_huffman_table
 .text.compute_quant_table
                0x2000f754      0x11c ./src/sub-systemCode/payload/Compression/jpeg/jpeg_encoder.o
                0x2000f754                compute_quant_table
 .text.first_pass_init
                0x2000f870       0x54 ./src/sub-systemCode/payload/Compression/jpeg/jpeg_encoder.o
                0x2000f870                first_pass_init
 .text.second_pass_init
                0x2000f8c4      0x110 ./src/sub-systemCode/payload/Compression/jpeg/jpeg_encoder.o
                0x2000f8c4                second_pass_init
 .text.jpg_open
                0x2000f9d4      0x7b4 ./src/sub-systemCode/payload/Compression/jpeg/jpeg_encoder.o
                0x2000f9d4                jpg_open
 .text.load_block_8_8_grey
                0x20010188      0x164 ./src/sub-systemCode/payload/Compression/jpeg/jpeg_encoder.o
                0x20010188                load_block_8_8_grey
 .text.load_block_8_8
                0x200102ec      0x198 ./src/sub-systemCode/payload/Compression/jpeg/jpeg_encoder.o
                0x200102ec                load_block_8_8
 .text.load_block_16_8
                0x20010484      0x3cc ./src/sub-systemCode/payload/Compression/jpeg/jpeg_encoder.o
                0x20010484                load_block_16_8
 .text.load_block_16_8_8
                0x20010850      0x2a8 ./src/sub-systemCode/payload/Compression/jpeg/jpeg_encoder.o
                0x20010850                load_block_16_8_8
 .text.load_coefficients
                0x20010af8      0x1c8 ./src/sub-systemCode/payload/Compression/jpeg/jpeg_encoder.o
                0x20010af8                load_coefficients
 .text.flush_output_buffer
                0x20010cc0       0xa0 ./src/sub-systemCode/payload/Compression/jpeg/jpeg_encoder.o
                0x20010cc0                flush_output_buffer
 .text.put_bits
                0x20010d60      0x170 ./src/sub-systemCode/payload/Compression/jpeg/jpeg_encoder.o
                0x20010d60                put_bits
 .text.code_coefficients_pass_two
                0x20010ed0      0x338 ./src/sub-systemCode/payload/Compression/jpeg/jpeg_encoder.o
                0x20010ed0                code_coefficients_pass_two
 .text.code_block
                0x20011208       0x44 ./src/sub-systemCode/payload/Compression/jpeg/jpeg_encoder.o
                0x20011208                code_block
 .text.process_mcu_row
                0x2001124c      0x328 ./src/sub-systemCode/payload/Compression/jpeg/jpeg_encoder.o
                0x2001124c                process_mcu_row
 .text.terminate_pass_two
                0x20011574       0x44 ./src/sub-systemCode/payload/Compression/jpeg/jpeg_encoder.o
                0x20011574                terminate_pass_two
 .text.process_end_of_image
                0x200115b8       0xc0 ./src/sub-systemCode/payload/Compression/jpeg/jpeg_encoder.o
                0x200115b8                process_end_of_image
 .text.load_mcu
                0x20011678      0x29c ./src/sub-systemCode/payload/Compression/jpeg/jpeg_encoder.o
                0x20011678                load_mcu
 .text.clear    0x20011914      0x1e0 ./src/sub-systemCode/payload/Compression/jpeg/jpeg_encoder.o
                0x20011914                clear
 .text.init     0x20011af4       0xe4 ./src/sub-systemCode/payload/Compression/jpeg/jpeg_encoder.o
                0x20011af4                init
 .text.deinit   0x20011bd8      0x160 ./src/sub-systemCode/payload/Compression/jpeg/jpeg_encoder.o
                0x20011bd8                deinit
 .text.process_scanline
                0x20011d38       0x6c ./src/sub-systemCode/payload/Compression/jpeg/jpeg_encoder.o
                0x20011d38                process_scanline
 .text.jpge_malloc
                0x20011da4       0x28 ./src/sub-systemCode/payload/Compression/jpeg/jpeg_memory_alloc.o
                0x20011da4                jpge_malloc
 .text.jpge_cmalloc
                0x20011dcc       0x48 ./src/sub-systemCode/payload/Compression/jpeg/jpeg_memory_alloc.o
                0x20011dcc                jpge_cmalloc
 .text.jpge_free
                0x20011e14       0x24 ./src/sub-systemCode/payload/Compression/jpeg/jpeg_memory_alloc.o
                0x20011e14                jpge_free
 .text.check    0x20011e38       0x78 ./src/sub-systemCode/payload/Compression/jpeg/jpeg_params.o
                0x20011e38                check
 .text.open_jpeg_file
                0x20011eb0       0xfc ./src/sub-systemCode/payload/Compression/jpeg/output_stream.o
                0x20011eb0                open_jpeg_file
 .text.close_jpeg_file
                0x20011fac      0x118 ./src/sub-systemCode/payload/Compression/jpeg/output_stream.o
                0x20011fac                close_jpeg_file
 .text.put_buf  0x200120c4      0x258 ./src/sub-systemCode/payload/Compression/jpeg/output_stream.o
                0x200120c4                put_buf
 .text.GetBayerPixel
                0x2001231c       0xe8 ./src/sub-systemCode/payload/Compression/ImageConversion.o
 .text.BinImage
                0x20012404      0x2c8 ./src/sub-systemCode/payload/Compression/ImageConversion.o
                0x20012404                BinImage
 .text.ImageSkipping
                0x200126cc      0x2ac ./src/sub-systemCode/payload/Compression/ImageConversion.o
                0x200126cc                ImageSkipping
 .text.CreateImageThumbnail_withoutSearch
                0x20012978      0x14c ./src/sub-systemCode/payload/Compression/ImageConversion.o
                0x20012978                CreateImageThumbnail_withoutSearch
 .text.CreateImageThumbnail
                0x20012ac4       0x94 ./src/sub-systemCode/payload/Compression/ImageConversion.o
                0x20012ac4                CreateImageThumbnail
 .text.compressImage
                0x20012b58      0x17c ./src/sub-systemCode/payload/Compression/ImageConversion.o
                0x20012b58                compressImage
 .text.AdcsCmdQueueInit
                0x20012cd4       0x4c ./src/sub-systemCode/Main/CMD/ADCS_CMD.o
                0x20012cd4                AdcsCmdQueueInit
 .text.AdcsCmdQueueGet
                0x20012d20       0x8c ./src/sub-systemCode/Main/CMD/ADCS_CMD.o
                0x20012d20                AdcsCmdQueueGet
 .text.AdcsCmdQueueAdd
                0x20012dac       0x74 ./src/sub-systemCode/Main/CMD/ADCS_CMD.o
                0x20012dac                AdcsCmdQueueAdd
 .text.AdcsCmdQueueIsEmpty
                0x20012e20       0x3c ./src/sub-systemCode/Main/CMD/ADCS_CMD.o
                0x20012e20                AdcsCmdQueueIsEmpty
 .text.getAdcsQueueWaitPointer
                0x20012e5c       0x20 ./src/sub-systemCode/Main/CMD/ADCS_CMD.o
                0x20012e5c                getAdcsQueueWaitPointer
 .text.cmd_mute
                0x20012e7c       0xc4 ./src/sub-systemCode/Main/CMD/COMM_CMD.o
                0x20012e7c                cmd_mute
 .text.cmd_unmute
                0x20012f40       0x4c ./src/sub-systemCode/Main/CMD/COMM_CMD.o
                0x20012f40                cmd_unmute
 .text.cmd_active_trans
                0x20012f8c       0xc0 ./src/sub-systemCode/Main/CMD/COMM_CMD.o
                0x20012f8c                cmd_active_trans
 .text.cmd_shut_trans
                0x2001304c       0x38 ./src/sub-systemCode/Main/CMD/COMM_CMD.o
                0x2001304c                cmd_shut_trans
 .text.cmd_change_trans_rssi
                0x20013084      0x100 ./src/sub-systemCode/Main/CMD/COMM_CMD.o
                0x20013084                cmd_change_trans_rssi
 .text.cmd_aprs_dump
                0x20013184       0x50 ./src/sub-systemCode/Main/CMD/COMM_CMD.o
                0x20013184                cmd_aprs_dump
 .text.cmd_stop_dump
                0x200131d4       0x38 ./src/sub-systemCode/Main/CMD/COMM_CMD.o
                0x200131d4                cmd_stop_dump
 .text.cmd_time_frequency
                0x2001320c       0xc0 ./src/sub-systemCode/Main/CMD/COMM_CMD.o
                0x2001320c                cmd_time_frequency
 .text.cmd_change_def_bit_rate
                0x200132cc      0x158 ./src/sub-systemCode/Main/CMD/COMM_CMD.o
                0x200132cc                cmd_change_def_bit_rate
 .text.cmd_upload_volt_logic
                0x20013424      0x334 ./src/sub-systemCode/Main/CMD/EPS_CMD.o
                0x20013424                cmd_upload_volt_logic
 .text.cmd_upload_volt_COMM
                0x20013758      0x1c8 ./src/sub-systemCode/Main/CMD/EPS_CMD.o
                0x20013758                cmd_upload_volt_COMM
 .text.cmd_heater_temp
                0x20013920       0xc0 ./src/sub-systemCode/Main/CMD/EPS_CMD.o
                0x20013920                cmd_heater_temp
 .text.cmd_SHUT_CAM
                0x200139e0       0x6c ./src/sub-systemCode/Main/CMD/EPS_CMD.o
                0x200139e0                cmd_SHUT_CAM
 .text.cmd_SHUT_ADCS
                0x20013a4c       0x6c ./src/sub-systemCode/Main/CMD/EPS_CMD.o
                0x20013a4c                cmd_SHUT_ADCS
 .text.cmd_allow_CAM
                0x20013ab8       0x6c ./src/sub-systemCode/Main/CMD/EPS_CMD.o
                0x20013ab8                cmd_allow_CAM
 .text.cmd_allow_ADCS
                0x20013b24       0x6c ./src/sub-systemCode/Main/CMD/EPS_CMD.o
                0x20013b24                cmd_allow_ADCS
 .text.cmd_update_alpha
                0x20013b90       0xfc ./src/sub-systemCode/Main/CMD/EPS_CMD.o
                0x20013b90                cmd_update_alpha
 .text.cmd_generic_I2C
                0x20013c8c       0xb4 ./src/sub-systemCode/Main/CMD/General_CMD.o
                0x20013c8c                cmd_generic_I2C
 .text.cmd_dump
                0x20013d40       0xf0 ./src/sub-systemCode/Main/CMD/General_CMD.o
                0x20013d40                cmd_dump
 .text.cmd_delete_TM
                0x20013e30      0x230 ./src/sub-systemCode/Main/CMD/General_CMD.o
                0x20013e30                cmd_delete_TM
 .text.cmd_reset_file
                0x20014060      0x118 ./src/sub-systemCode/Main/CMD/General_CMD.o
                0x20014060                cmd_reset_file
 .text.cmd_dummy_func
                0x20014178       0x40 ./src/sub-systemCode/Main/CMD/General_CMD.o
                0x20014178                cmd_dummy_func
 .text.cmd_reset_TLM_SD
                0x200141b8       0x4c ./src/sub-systemCode/Main/CMD/General_CMD.o
                0x200141b8                cmd_reset_TLM_SD
 .text.cmd_soft_reset_cmponent
                0x20014204       0xac ./src/sub-systemCode/Main/CMD/General_CMD.o
                0x20014204                cmd_soft_reset_cmponent
 .text.cmd_hard_reset_cmponent
                0x200142b0       0xac ./src/sub-systemCode/Main/CMD/General_CMD.o
                0x200142b0                cmd_hard_reset_cmponent
 .text.cmd_reset_satellite
                0x2001435c       0x78 ./src/sub-systemCode/Main/CMD/General_CMD.o
                0x2001435c                cmd_reset_satellite
 .text.cmd_gracefull_reset_satellite
                0x200143d4       0x78 ./src/sub-systemCode/Main/CMD/General_CMD.o
                0x200143d4                cmd_gracefull_reset_satellite
 .text.cmd_upload_time
                0x2001444c       0xb0 ./src/sub-systemCode/Main/CMD/General_CMD.o
                0x2001444c                cmd_upload_time
 .text.cmd_ARM_DIARM
                0x200144fc       0xd4 ./src/sub-systemCode/Main/CMD/General_CMD.o
                0x200144fc                cmd_ARM_DIARM
 .text.cmd_get_onlineTM
                0x200145d0      0x148 ./src/sub-systemCode/Main/CMD/General_CMD.o
                0x200145d0                cmd_get_onlineTM
 .text.cmd_reset_off_line
                0x20014718       0x68 ./src/sub-systemCode/Main/CMD/General_CMD.o
                0x20014718                cmd_reset_off_line
 .text.cmd_add_item_off_line
                0x20014780       0xf4 ./src/sub-systemCode/Main/CMD/General_CMD.o
                0x20014780                cmd_add_item_off_line
 .text.cmd_delete_item_off_line
                0x20014874       0x98 ./src/sub-systemCode/Main/CMD/General_CMD.o
                0x20014874                cmd_delete_item_off_line
 .text.cmd_get_off_line_setting
                0x2001490c      0x108 ./src/sub-systemCode/Main/CMD/General_CMD.o
                0x2001490c                cmd_get_off_line_setting
 .text.cmd_reset_delayed_command_list
                0x20014a14       0x3c ./src/sub-systemCode/Main/CMD/SW_CMD.o
                0x20014a14                cmd_reset_delayed_command_list
 .text.cmd_reset_APRS_list
                0x20014a50       0x3c ./src/sub-systemCode/Main/CMD/SW_CMD.o
                0x20014a50                cmd_reset_APRS_list
 .text.cmd_reset_FRAM
                0x20014a8c       0xf4 ./src/sub-systemCode/Main/CMD/SW_CMD.o
                0x20014a8c                cmd_reset_FRAM
 .text.init_Ants
                0x20014b80       0x74 ./src/sub-systemCode/Main/Ants.o
                0x20014b80                init_Ants
 .text.ARM_ants
                0x20014bf4       0xb8 ./src/sub-systemCode/Main/Ants.o
                0x20014bf4                ARM_ants
 .text.DISARM_ants
                0x20014cac       0xb8 ./src/sub-systemCode/Main/Ants.o
                0x20014cac                DISARM_ants
 .text.checkDeployAttempt
                0x20014d64      0x128 ./src/sub-systemCode/Main/Ants.o
                0x20014d64                checkDeployAttempt
 .text.reset_deployStatusFRAM
                0x20014e8c       0xc0 ./src/sub-systemCode/Main/Ants.o
                0x20014e8c                reset_deployStatusFRAM
 .text.reset_FRAM_ants
                0x20014f4c       0x88 ./src/sub-systemCode/Main/Ants.o
                0x20014f4c                reset_FRAM_ants
 .text.DeployIfNeeded
                0x20014fd4      0x134 ./src/sub-systemCode/Main/Ants.o
                0x20014fd4                DeployIfNeeded
 .text.update_stopDeploy_FRAM
                0x20015108       0x48 ./src/sub-systemCode/Main/Ants.o
                0x20015108                update_stopDeploy_FRAM
 .text.round_vol
                0x20015150      0x124 ./src/sub-systemCode/Main/EPS.o
                0x20015150                round_vol
 .text.get_shut_ADCS
                0x20015274       0x48 ./src/sub-systemCode/Main/EPS.o
                0x20015274                get_shut_ADCS
 .text.shut_ADCS
                0x200152bc       0x44 ./src/sub-systemCode/Main/EPS.o
                0x200152bc                shut_ADCS
 .text.get_shut_CAM
                0x20015300       0x48 ./src/sub-systemCode/Main/EPS.o
                0x20015300                get_shut_CAM
 .text.shut_CAM
                0x20015348       0x44 ./src/sub-systemCode/Main/EPS.o
                0x20015348                shut_CAM
 .text.update_powerLines
                0x2001538c       0xec ./src/sub-systemCode/Main/EPS.o
                0x2001538c                update_powerLines
 .text.get_EPS_mode_t
                0x20015478       0x24 ./src/sub-systemCode/Main/EPS.o
                0x20015478                get_EPS_mode_t
 .text.init_enterMode
                0x2001549c       0x88 ./src/sub-systemCode/Main/EPS.o
                0x2001549c                init_enterMode
 .text.EPS_Init
                0x20015524      0x1c8 ./src/sub-systemCode/Main/EPS.o
                0x20015524                EPS_Init
 .text.reset_FRAM_EPS
                0x200156ec       0xe0 ./src/sub-systemCode/Main/EPS.o
                0x200156ec                reset_FRAM_EPS
 .text.reset_EPS_voltages
                0x200157cc       0xbc ./src/sub-systemCode/Main/EPS.o
                0x200157cc                reset_EPS_voltages
 .text.writeState_log
                0x20015888       0xb4 ./src/sub-systemCode/Main/EPS.o
                0x20015888                writeState_log
 .text.battery_downward
                0x2001593c      0x120 ./src/sub-systemCode/Main/EPS.o
                0x2001593c                battery_downward
 .text.battery_upward
                0x20015a5c      0x12c ./src/sub-systemCode/Main/EPS.o
                0x20015a5c                battery_upward
 .text.overRide_ADCS
                0x20015b88       0x50 ./src/sub-systemCode/Main/EPS.o
                0x20015b88                overRide_ADCS
 .text.overRide_Camera
                0x20015bd8       0x38 ./src/sub-systemCode/Main/EPS.o
                0x20015bd8                overRide_Camera
 .text.EPS_Conditioning
                0x20015c10      0x258 ./src/sub-systemCode/Main/EPS.o
                0x20015c10                EPS_Conditioning
 .text.EnterFullMode
                0x20015e68       0xf0 ./src/sub-systemCode/Main/EPS.o
                0x20015e68                EnterFullMode
 .text.EnterCruiseMode
                0x20015f58       0xe0 ./src/sub-systemCode/Main/EPS.o
                0x20015f58                EnterCruiseMode
 .text.EnterSafeMode
                0x20016038       0xe0 ./src/sub-systemCode/Main/EPS.o
                0x20016038                EnterSafeMode
 .text.EnterCriticalMode
                0x20016118       0xcc ./src/sub-systemCode/Main/EPS.o
                0x20016118                EnterCriticalMode
 .text.check_EPSTableCorrection
                0x200161e4      0x120 ./src/sub-systemCode/Main/EPS.o
                0x200161e4                check_EPSTableCorrection
 .text.save_ACK
                0x20016304      0x11c ./src/sub-systemCode/Main/HouseKeeping.o
                0x20016304                save_ACK
 .text.set_GP_EPS
                0x20016420      0x10c ./src/sub-systemCode/Main/HouseKeeping.o
                0x20016420                set_GP_EPS
 .text.set_GP_COMM
                0x2001652c       0x88 ./src/sub-systemCode/Main/HouseKeeping.o
                0x2001652c                set_GP_COMM
 .text.SP_HK_collect
                0x200165b4      0x198 ./src/sub-systemCode/Main/HouseKeeping.o
                0x200165b4                SP_HK_collect
 .text.EPS_HK_collect
                0x2001674c      0x50c ./src/sub-systemCode/Main/HouseKeeping.o
                0x2001674c                EPS_HK_collect
 .text.CAM_HK_collect
                0x20016c58      0x91c ./src/sub-systemCode/Main/HouseKeeping.o
                0x20016c58                CAM_HK_collect
 .text.COMM_HK_collect
                0x20017574      0x260 ./src/sub-systemCode/Main/HouseKeeping.o
                0x20017574                COMM_HK_collect
 .text.FS_HK_collect
                0x200177d4      0x18c ./src/sub-systemCode/Main/HouseKeeping.o
                0x200177d4                FS_HK_collect
 .text.HK_find_ADCSTM_fileName
                0x20017960      0x3a4 ./src/sub-systemCode/Main/HouseKeeping.o
                0x20017960                HK_find_ADCSTM_fileName
 .text.HK_find_fileName
                0x20017d04      0x174 ./src/sub-systemCode/Main/HouseKeeping.o
                0x20017d04                HK_find_fileName
 .text.HK_find_ADCSTM_ElementSize
                0x20017e78      0x110 ./src/sub-systemCode/Main/HouseKeeping.o
                0x20017e78                HK_find_ADCSTM_ElementSize
 .text.HK_findElementSize
                0x20017f88       0xd4 ./src/sub-systemCode/Main/HouseKeeping.o
                0x20017f88                HK_findElementSize
 .text.build_HK_spl_packet
                0x2001805c      0x200 ./src/sub-systemCode/Main/HouseKeeping.o
                0x2001805c                build_HK_spl_packet
 .text.numberOfRestarts
                0x2001825c       0x94 ./src/sub-systemCode/Main/Main_Init.o
                0x2001825c                numberOfRestarts
 .text.StartFRAM
                0x200182f0       0x38 ./src/sub-systemCode/Main/Main_Init.o
                0x200182f0                StartFRAM
 .text.StartI2C
                0x20018328       0x44 ./src/sub-systemCode/Main/Main_Init.o
                0x20018328                StartI2C
 .text.StartSPI
                0x2001836c       0x40 ./src/sub-systemCode/Main/Main_Init.o
                0x2001836c                StartSPI
 .text.StartTIME
                0x200183ac      0x120 ./src/sub-systemCode/Main/Main_Init.o
                0x200183ac                StartTIME
 .text.first_activation
                0x200184cc       0x7c ./src/sub-systemCode/Main/Main_Init.o
                0x200184cc                first_activation
 .text.InitSubsystems
                0x20018548       0x68 ./src/sub-systemCode/Main/Main_Init.o
                0x20018548                InitSubsystems
 .text.SubSystemTaskStart
                0x200185b0       0xec ./src/sub-systemCode/Main/Main_Init.o
                0x200185b0                SubSystemTaskStart
 .text.save_ACK_s
                0x2001869c       0x5c ./src/sub-systemCode/Main/commands.o
                0x2001869c                save_ACK_s
 .text.copy_command
                0x200186f8       0x80 ./src/sub-systemCode/Main/commands.o
                0x200186f8                copy_command
 .text.reset_command
                0x20018778       0x28 ./src/sub-systemCode/Main/commands.o
                0x20018778                reset_command
 .text.init_command
                0x200187a0       0xd4 ./src/sub-systemCode/Main/commands.o
                0x200187a0                init_command
 .text.add_command
                0x20018874      0x118 ./src/sub-systemCode/Main/commands.o
                0x20018874                add_command
 .text.get_command
                0x2001898c      0x1ac ./src/sub-systemCode/Main/commands.o
                0x2001898c                get_command
 .text.act_upon_command
                0x20018b38      0x1e4 ./src/sub-systemCode/Main/commands.o
                0x20018b38                act_upon_command
 .text.cmd_error
                0x20018d1c       0x38 ./src/sub-systemCode/Main/commands.o
                0x20018d1c                cmd_error
 .text.AUC_COMM
                0x20018d54      0x25c ./src/sub-systemCode/Main/commands.o
                0x20018d54                AUC_COMM
 .text.AUC_general
                0x20018fb0      0x48c ./src/sub-systemCode/Main/commands.o
                0x20018fb0                AUC_general
 .text.AUC_payload
                0x2001943c      0x1e8 ./src/sub-systemCode/Main/commands.o
                0x2001943c                AUC_payload
 .text.AUC_EPS  0x20019624      0x28c ./src/sub-systemCode/Main/commands.o
                0x20019624                AUC_EPS
 .text.AUC_SW   0x200198b0       0xe4 ./src/sub-systemCode/Main/commands.o
                0x200198b0                AUC_SW
 .text.AUC_onlineTM
                0x20019994      0x1ac ./src/sub-systemCode/Main/commands.o
                0x20019994                AUC_onlineTM
 .text.AUC_special_operation
                0x20019b40       0x8c ./src/sub-systemCode/Main/commands.o
                0x20019b40                AUC_special_operation
 .text.check_int
                0x20019bcc       0x20 ./src/sub-systemCode/Global/Global.o
                0x20019bcc                check_int
 .text.check_portBASE_TYPE
                0x20019bec       0x20 ./src/sub-systemCode/Global/Global.o
                0x20019bec                check_portBASE_TYPE
 .text.soft_reset_subsystem
                0x20019c0c       0xd8 ./src/sub-systemCode/Global/Global.o
                0x20019c0c                soft_reset_subsystem
 .text.hard_reset_subsystem
                0x20019ce4      0x104 ./src/sub-systemCode/Global/Global.o
                0x20019ce4                hard_reset_subsystem
 .text.BigEnE_raw_to_uInt
                0x20019de8       0x94 ./src/sub-systemCode/Global/Global.o
                0x20019de8                BigEnE_raw_to_uInt
 .text.BigEnE_raw_to_uShort
                0x20019e7c       0x50 ./src/sub-systemCode/Global/Global.o
                0x20019e7c                BigEnE_raw_to_uShort
 .text.BigEnE_uInt_to_raw
                0x20019ecc       0x78 ./src/sub-systemCode/Global/Global.o
                0x20019ecc                BigEnE_uInt_to_raw
 .text.reset_FRAM_MAIN
                0x20019f44      0x140 ./src/sub-systemCode/Global/Global.o
                0x20019f44                reset_FRAM_MAIN
 .text.getBitValueByIndex
                0x2001a084       0xd0 ./src/sub-systemCode/Global/Global.o
                0x2001a084                getBitValueByIndex
 .text.terminateTask
                0x2001a154       0x18 ./src/sub-systemCode/Global/Global.o
                0x2001a154                terminateTask
 .text.init_GP  0x2001a16c      0x2e0 ./src/sub-systemCode/Global/GlobalParam.o
                0x2001a16c                init_GP
 .text.get_system_state
                0x2001a44c      0x254 ./src/sub-systemCode/Global/GlobalParam.o
                0x2001a44c                get_system_state
 .text.set_system_state
                0x2001a6a0      0x284 ./src/sub-systemCode/Global/GlobalParam.o
                0x2001a6a0                set_system_state
 .text.get_systems_state_param
                0x2001a924       0x78 ./src/sub-systemCode/Global/GlobalParam.o
                0x2001a924                get_systems_state_param
 .text.get_current_global_param
                0x2001a99c      0x548 ./src/sub-systemCode/Global/GlobalParam.o
                0x2001a99c                get_current_global_param
 .text.set_Vbatt
                0x2001aee4       0x78 ./src/sub-systemCode/Global/GlobalParam.o
                0x2001aee4                set_Vbatt
 .text.get_Vbatt
                0x2001af5c       0x78 ./src/sub-systemCode/Global/GlobalParam.o
                0x2001af5c                get_Vbatt
 .text.set_curBat
                0x2001afd4       0x78 ./src/sub-systemCode/Global/GlobalParam.o
                0x2001afd4                set_curBat
 .text.set_cur3V3
                0x2001b04c       0x78 ./src/sub-systemCode/Global/GlobalParam.o
                0x2001b04c                set_cur3V3
 .text.set_cur5V
                0x2001b0c4       0x78 ./src/sub-systemCode/Global/GlobalParam.o
                0x2001b0c4                set_cur5V
 .text.set_tempComm_LO
                0x2001b13c       0x78 ./src/sub-systemCode/Global/GlobalParam.o
                0x2001b13c                set_tempComm_LO
 .text.set_tempComm_PA
                0x2001b1b4       0x78 ./src/sub-systemCode/Global/GlobalParam.o
                0x2001b1b4                set_tempComm_PA
 .text.set_tempEPS
                0x2001b22c       0xb4 ./src/sub-systemCode/Global/GlobalParam.o
                0x2001b22c                set_tempEPS
 .text.set_tempBatt
                0x2001b2e0       0xb4 ./src/sub-systemCode/Global/GlobalParam.o
                0x2001b2e0                set_tempBatt
 .text.set_RxDoppler
                0x2001b394       0x78 ./src/sub-systemCode/Global/GlobalParam.o
                0x2001b394                set_RxDoppler
 .text.set_RxRSSI
                0x2001b40c       0x78 ./src/sub-systemCode/Global/GlobalParam.o
                0x2001b40c                set_RxRSSI
 .text.set_TxRefl
                0x2001b484       0x78 ./src/sub-systemCode/Global/GlobalParam.o
                0x2001b484                set_TxRefl
 .text.set_TxForw
                0x2001b4fc       0x78 ./src/sub-systemCode/Global/GlobalParam.o
                0x2001b4fc                set_TxForw
 .text.get_Attitude
                0x2001b574      0x10c ./src/sub-systemCode/Global/GlobalParam.o
                0x2001b574                get_Attitude
 .text.set_numOfAPRS
                0x2001b680       0x78 ./src/sub-systemCode/Global/GlobalParam.o
                0x2001b680                set_numOfAPRS
 .text.set_numOfDelayedCommand
                0x2001b6f8       0x78 ./src/sub-systemCode/Global/GlobalParam.o
                0x2001b6f8                set_numOfDelayedCommand
 .text.set_numOfResets
                0x2001b770       0x98 ./src/sub-systemCode/Global/GlobalParam.o
                0x2001b770                set_numOfResets
 .text.set_ground_conn
                0x2001b808       0x8c ./src/sub-systemCode/Global/GlobalParam.o
                0x2001b808                set_ground_conn
 .text.get_ground_conn
                0x2001b894       0x8c ./src/sub-systemCode/Global/GlobalParam.o
                0x2001b894                get_ground_conn
 .text.IsisAntS_getStatusData_sideA
                0x2001b920       0x3c ./src/sub-systemCode/Global/OnlineTM.o
                0x2001b920                IsisAntS_getStatusData_sideA
 .text.IsisAntS_getAlltelemetry_sideA
                0x2001b95c       0x3c ./src/sub-systemCode/Global/OnlineTM.o
                0x2001b95c                IsisAntS_getAlltelemetry_sideA
 .text.IsisAntS_getTemperature_sideA
                0x2001b998       0x3c ./src/sub-systemCode/Global/OnlineTM.o
                0x2001b998                IsisAntS_getTemperature_sideA
 .text.IsisAntS_getStatusData_sideB
                0x2001b9d4       0x3c ./src/sub-systemCode/Global/OnlineTM.o
                0x2001b9d4                IsisAntS_getStatusData_sideB
 .text.IsisAntS_getAlltelemetry_sideB
                0x2001ba10       0x3c ./src/sub-systemCode/Global/OnlineTM.o
                0x2001ba10                IsisAntS_getAlltelemetry_sideB
 .text.IsisAntS_getTemperature_sideB
                0x2001ba4c       0x3c ./src/sub-systemCode/Global/OnlineTM.o
                0x2001ba4c                IsisAntS_getTemperature_sideB
 .text.HK_collect_EPS
                0x2001ba88       0x30 ./src/sub-systemCode/Global/OnlineTM.o
                0x2001ba88                HK_collect_EPS
 .text.HK_collect_COMM
                0x2001bab8       0x30 ./src/sub-systemCode/Global/OnlineTM.o
                0x2001bab8                HK_collect_COMM
 .text.HK_collect_CAM
                0x2001bae8       0x30 ./src/sub-systemCode/Global/OnlineTM.o
                0x2001bae8                HK_collect_CAM
 .text.HK_collect_SP
                0x2001bb18       0x30 ./src/sub-systemCode/Global/OnlineTM.o
                0x2001bb18                HK_collect_SP
 .text.HK_collect_FS_A
                0x2001bb48       0x34 ./src/sub-systemCode/Global/OnlineTM.o
                0x2001bb48                HK_collect_FS_A
 .text.HK_collect_FS_B
                0x2001bb7c       0x34 ./src/sub-systemCode/Global/OnlineTM.o
                0x2001bb7c                HK_collect_FS_B
 .text.save_offlineSetting_FRAM
                0x2001bbb0      0x26c ./src/sub-systemCode/Global/OnlineTM.o
                0x2001bbb0                save_offlineSetting_FRAM
 .text.get_offlineSetting_FRAM
                0x2001be1c       0x58 ./src/sub-systemCode/Global/OnlineTM.o
                0x2001be1c                get_offlineSetting_FRAM
 .text.update_offlineSetting_FRAM
                0x2001be74      0x360 ./src/sub-systemCode/Global/OnlineTM.o
                0x2001be74                update_offlineSetting_FRAM
 .text.get_offlineSettingPacket
                0x2001c1d4       0xc4 ./src/sub-systemCode/Global/OnlineTM.o
                0x2001c1d4                get_offlineSettingPacket
 .text.get_item_by_index
                0x2001c298       0xdc ./src/sub-systemCode/Global/OnlineTM.o
                0x2001c298                get_item_by_index
 .text.get_pointer_item_by_index
                0x2001c374       0x48 ./src/sub-systemCode/Global/OnlineTM.o
                0x2001c374                get_pointer_item_by_index
 .text.init_onlineParam
                0x2001c3bc     0x2f08 ./src/sub-systemCode/Global/OnlineTM.o
                0x2001c3bc                init_onlineParam
 .text.reset_offline_TM_list
                0x2001f2c4      0x184 ./src/sub-systemCode/Global/OnlineTM.o
                0x2001f2c4                reset_offline_TM_list
 .text.get_online_packet
                0x2001f448      0x294 ./src/sub-systemCode/Global/OnlineTM.o
                0x2001f448                get_online_packet
 .text.save_onlineTM_param
                0x2001f6dc      0x1b4 ./src/sub-systemCode/Global/OnlineTM.o
                0x2001f6dc                save_onlineTM_param
 .text.add_onlineTM_param_to_save_list
                0x2001f890      0x3e4 ./src/sub-systemCode/Global/OnlineTM.o
                0x2001f890                add_onlineTM_param_to_save_list
 .text.delete_onlineTM_param_from_offline
                0x2001fc74      0x1a8 ./src/sub-systemCode/Global/OnlineTM.o
                0x2001fc74                delete_onlineTM_param_from_offline
 .text.save_onlineTM_logic
                0x2001fe1c      0x2bc ./src/sub-systemCode/Global/OnlineTM.o
                0x2001fe1c                save_onlineTM_logic
 .text.save_onlineTM_task
                0x200200d8       0xd8 ./src/sub-systemCode/Global/OnlineTM.o
                0x200200d8                save_onlineTM_task
 .text.delete_allTMFilesFromSD
                0x200201b0      0x14c ./src/sub-systemCode/Global/TLM_management.o
                0x200201b0                delete_allTMFilesFromSD
 .text.getNumOfFilesInFS
                0x200202fc       0x44 ./src/sub-systemCode/Global/TLM_management.o
 .text.setNumOfFilesInFS
                0x20020340       0x50 ./src/sub-systemCode/Global/TLM_management.o
 .text.f_managed_enterFS
                0x20020390       0x9c ./src/sub-systemCode/Global/TLM_management.o
                0x20020390                f_managed_enterFS
 .text.f_managed_releaseFS
                0x2002042c       0x4c ./src/sub-systemCode/Global/TLM_management.o
                0x2002042c                f_managed_releaseFS
 .text.f_managed_open
                0x20020478       0xf0 ./src/sub-systemCode/Global/TLM_management.o
                0x20020478                f_managed_open
 .text.f_managed_close
                0x20020568       0x80 ./src/sub-systemCode/Global/TLM_management.o
                0x20020568                f_managed_close
 .text.createSemahores_FS
                0x200205e8       0x7c ./src/sub-systemCode/Global/TLM_management.o
                0x200205e8                createSemahores_FS
 .text.InitializeFS
                0x20020664      0x1bc ./src/sub-systemCode/Global/TLM_management.o
                0x20020664                InitializeFS
 .text.c_fileCreate
                0x20020820       0xf4 ./src/sub-systemCode/Global/TLM_management.o
                0x20020820                c_fileCreate
 .text.writewithEpochtime
                0x20020914       0x94 ./src/sub-systemCode/Global/TLM_management.o
 .text.get_C_FILE_struct
                0x200209a8      0x104 ./src/sub-systemCode/Global/TLM_management.o
 .text.getFileIndex
                0x20020aac       0x64 ./src/sub-systemCode/Global/TLM_management.o
 .text.get_file_name_by_index
                0x20020b10       0x54 ./src/sub-systemCode/Global/TLM_management.o
                0x20020b10                get_file_name_by_index
 .text.c_fileReset
                0x20020b64      0x140 ./src/sub-systemCode/Global/TLM_management.o
                0x20020b64                c_fileReset
 .text.c_fileWrite
                0x20020ca4      0x168 ./src/sub-systemCode/Global/TLM_management.o
                0x20020ca4                c_fileWrite
 .text.deleteElementsFromFile
                0x20020e0c      0x188 ./src/sub-systemCode/Global/TLM_management.o
 .text.c_fileDeleteElements
                0x20020f94      0x168 ./src/sub-systemCode/Global/TLM_management.o
                0x20020f94                c_fileDeleteElements
 .text.c_fileRead
                0x200210fc      0x2f0 ./src/sub-systemCode/Global/TLM_management.o
                0x200210fc                c_fileRead
 .text.DeInitializeFS
                0x200213ec       0xe0 ./src/sub-systemCode/Global/TLM_management.o
                0x200213ec                DeInitializeFS
 .text.xSemaphoreGive_extended
                0x200214cc       0x48 ./src/sub-systemCode/Global/freertosExtended.o
                0x200214cc                xSemaphoreGive_extended
 .text.xSemaphoreTake_extended
                0x20021514       0x54 ./src/sub-systemCode/Global/freertosExtended.o
                0x20021514                xSemaphoreTake_extended
 .text.WriteLog
                0x20021568       0x94 ./src/sub-systemCode/Global/logger.o
 .text.WriteErrorLog
                0x200215fc       0x64 ./src/sub-systemCode/Global/logger.o
                0x200215fc                WriteErrorLog
 .text.WritePayloadLog
                0x20021660       0x50 ./src/sub-systemCode/Global/logger.o
                0x20021660                WritePayloadLog
 .text.WriteEpsLog
                0x200216b0       0x4c ./src/sub-systemCode/Global/logger.o
                0x200216b0                WriteEpsLog
 .text.WriteTransponderLog
                0x200216fc       0x50 ./src/sub-systemCode/Global/logger.o
                0x200216fc                WriteTransponderLog
 .text.reset_APRS_list
                0x2002174c       0xa4 ./src/sub-systemCode/COMM/APRS.o
                0x2002174c                reset_APRS_list
 .text.send_APRS_Dump
                0x200217f0      0x1c0 ./src/sub-systemCode/COMM/APRS.o
                0x200217f0                send_APRS_Dump
 .text.get_APRS_list
                0x200219b0       0x88 ./src/sub-systemCode/COMM/APRS.o
                0x200219b0                get_APRS_list
 .text.find_CMD_in_list
                0x20021a38       0x7c ./src/sub-systemCode/COMM/DelayedCommand_list.o
                0x20021a38                find_CMD_in_list
 .text.find_empty_in_list
                0x20021ab4       0x74 ./src/sub-systemCode/COMM/DelayedCommand_list.o
                0x20021ab4                find_empty_in_list
 .text.check_delayCommandTime
                0x20021b28       0x8c ./src/sub-systemCode/COMM/DelayedCommand_list.o
                0x20021b28                check_delayCommandTime
 .text.execute_delayedCommand
                0x20021bb4       0x8c ./src/sub-systemCode/COMM/DelayedCommand_list.o
                0x20021bb4                execute_delayedCommand
 .text.check_delaycommand
                0x20021c40      0x17c ./src/sub-systemCode/COMM/DelayedCommand_list.o
                0x20021c40                check_delaycommand
 .text.reset_delayCommand
                0x20021dbc       0x8c ./src/sub-systemCode/COMM/DelayedCommand_list.o
                0x20021dbc                reset_delayCommand
 .text.add_delayCommand
                0x20021e48      0x1cc ./src/sub-systemCode/COMM/DelayedCommand_list.o
                0x20021e48                add_delayCommand
 .text.get_delayCommand_list
                0x20022014       0x80 ./src/sub-systemCode/COMM/DelayedCommand_list.o
                0x20022014                get_delayCommand_list
 .text.EmptyOldestCommand
                0x20022094      0x108 ./src/sub-systemCode/COMM/DelayedCommand_list.o
                0x20022094                EmptyOldestCommand
 .text.decode_TCpacket
                0x2002219c      0x16c ./src/sub-systemCode/COMM/GSC.o
                0x2002219c                decode_TCpacket
 .text.encode_TCpacket
                0x20022308      0x114 ./src/sub-systemCode/COMM/GSC.o
                0x20022308                encode_TCpacket
 .text.encode_TMpacket
                0x2002241c      0x104 ./src/sub-systemCode/COMM/GSC.o
                0x2002241c                encode_TMpacket
 .text.build_raw_ACK
                0x20022520       0xbc ./src/sub-systemCode/COMM/GSC.o
                0x20022520                build_raw_ACK
 .text.build_data_field_ACK
                0x200225dc       0x74 ./src/sub-systemCode/COMM/GSC.o
                0x200225dc                build_data_field_ACK
 .text.update_FRAM_bitRate
                0x20022650       0xd0 ./src/sub-systemCode/COMM/TRXVU.o
                0x20022650                update_FRAM_bitRate
 .text.toggle_idle_state
                0x20022720       0x94 ./src/sub-systemCode/COMM/TRXVU.o
                0x20022720                toggle_idle_state
 .text.TRXVU_init_hardWare
                0x200227b4       0xac ./src/sub-systemCode/COMM/TRXVU.o
                0x200227b4                TRXVU_init_hardWare
 .text.TRXVU_init_softWare
                0x20022860      0x100 ./src/sub-systemCode/COMM/TRXVU.o
                0x20022860                TRXVU_init_softWare
 .text.init_trxvu
                0x20022960       0x14 ./src/sub-systemCode/COMM/TRXVU.o
                0x20022960                init_trxvu
 .text.TRXVU_task
                0x20022974       0x9c ./src/sub-systemCode/COMM/TRXVU.o
                0x20022974                TRXVU_task
 .text.dump_logic
                0x20022a10      0x390 ./src/sub-systemCode/COMM/TRXVU.o
                0x20022a10                dump_logic
 .text.Dump_task
                0x20022da0      0x17c ./src/sub-systemCode/COMM/TRXVU.o
                0x20022da0                Dump_task
 .text.transponder_logic
                0x20022f1c       0xf8 ./src/sub-systemCode/COMM/TRXVU.o
                0x20022f1c                transponder_logic
 .text.Transponder_task
                0x20023014      0x224 ./src/sub-systemCode/COMM/TRXVU.o
                0x20023014                Transponder_task
 .text.lookForRequestToDelete_transponder
                0x20023238       0xc0 ./src/sub-systemCode/COMM/TRXVU.o
                0x20023238                lookForRequestToDelete_transponder
 .text.lookForRequestToDelete_dump
                0x200232f8       0x80 ./src/sub-systemCode/COMM/TRXVU.o
                0x200232f8                lookForRequestToDelete_dump
 .text.sendRequestToStop_dump
                0x20023378       0x8c ./src/sub-systemCode/COMM/TRXVU.o
                0x20023378                sendRequestToStop_dump
 .text.sendRequestToStop_transponder
                0x20023404       0x8c ./src/sub-systemCode/COMM/TRXVU.o
                0x20023404                sendRequestToStop_transponder
 .text.Rx_logic
                0x20023490      0x190 ./src/sub-systemCode/COMM/TRXVU.o
                0x20023490                Rx_logic
 .text.pass_above_Ground
                0x20023620      0x104 ./src/sub-systemCode/COMM/TRXVU.o
                0x20023620                pass_above_Ground
 .text.check_TRXVUState
                0x20023724       0xf0 ./src/sub-systemCode/COMM/TRXVU.o
                0x20023724                check_TRXVUState
 .text.trxvu_logic
                0x20023814       0x20 ./src/sub-systemCode/COMM/TRXVU.o
                0x20023814                trxvu_logic
 .text.Beacon_task
                0x20023834      0x17c ./src/sub-systemCode/COMM/TRXVU.o
                0x20023834                Beacon_task
 .text.buildAndSend_beacon
                0x200239b0      0x5a0 ./src/sub-systemCode/COMM/TRXVU.o
                0x200239b0                buildAndSend_beacon
 .text.reset_FRAM_TRXVU
                0x20023f50      0x160 ./src/sub-systemCode/COMM/TRXVU.o
                0x20023f50                reset_FRAM_TRXVU
 .text.TRX_sendFrame
                0x200240b0      0x1ac ./src/sub-systemCode/COMM/TRXVU.o
                0x200240b0                TRX_sendFrame
 .text.TRX_getFrameData
                0x2002425c      0x10c ./src/sub-systemCode/COMM/TRXVU.o
                0x2002425c                TRX_getFrameData
 .text.mute_Tx  0x20024368       0x20 ./src/sub-systemCode/COMM/TRXVU.o
                0x20024368                mute_Tx
 .text.unmute_Tx
                0x20024388       0x58 ./src/sub-systemCode/COMM/TRXVU.o
                0x20024388                unmute_Tx
 .text.check_time_off_mute
                0x200243e0       0x88 ./src/sub-systemCode/COMM/TRXVU.o
                0x200243e0                check_time_off_mute
 .text.set_mute_time
                0x20024468       0xb4 ./src/sub-systemCode/COMM/TRXVU.o
                0x20024468                set_mute_time
 .text.change_TRXVU_state
                0x2002451c       0xe0 ./src/sub-systemCode/COMM/TRXVU.o
                0x2002451c                change_TRXVU_state
 .text.change_trans_RSSI
                0x200245fc       0x60 ./src/sub-systemCode/COMM/TRXVU.o
                0x200245fc                change_trans_RSSI
 .text.AdcsReadI2cAck
                0x2002465c       0xfc ./src/sub-systemCode/ADCS/AdcsCommands.o
                0x2002465c                AdcsReadI2cAck
 .text.AdcsGenericI2cCmd
                0x20024758      0x198 ./src/sub-systemCode/ADCS/AdcsCommands.o
                0x20024758                AdcsGenericI2cCmd
 .text.SendAdcsTlm
                0x200248f0      0x14c ./src/sub-systemCode/ADCS/AdcsCommands.o
                0x200248f0                SendAdcsTlm
 .text.AdcsExecuteCommand
                0x20024a3c     0x1e2c ./src/sub-systemCode/ADCS/AdcsCommands.o
                0x20024a3c                AdcsExecuteCommand
 .text.cspaceADCS_getEstimatedAngles
                0x20026868       0x98 ./src/sub-systemCode/ADCS/AdcsGetDataAndTlm.o
                0x20026868                cspaceADCS_getEstimatedAngles
 .text.cspaceADCS_getEstimatedAnglesRates
                0x20026900       0x98 ./src/sub-systemCode/ADCS/AdcsGetDataAndTlm.o
                0x20026900                cspaceADCS_getEstimatedAnglesRates
 .text.cspaceADCS_getSatellitePosition
                0x20026998       0x98 ./src/sub-systemCode/ADCS/AdcsGetDataAndTlm.o
                0x20026998                cspaceADCS_getSatellitePosition
 .text.InitTlmElements
                0x20026a30      0x238 ./src/sub-systemCode/ADCS/AdcsGetDataAndTlm.o
                0x20026a30                InitTlmElements
 .text.CreateTlmElementFiles
                0x20026c68      0x178 ./src/sub-systemCode/ADCS/AdcsGetDataAndTlm.o
                0x20026c68                CreateTlmElementFiles
 .text.SaveElementTlmAtIndex
                0x20026de0      0x4ec ./src/sub-systemCode/ADCS/AdcsGetDataAndTlm.o
                0x20026de0                SaveElementTlmAtIndex
 .text.UpdateTlmElementAtIndex
                0x200272cc      0x150 ./src/sub-systemCode/ADCS/AdcsGetDataAndTlm.o
                0x200272cc                UpdateTlmElementAtIndex
 .text.UpdateTlmToSaveVector
                0x2002741c       0xc8 ./src/sub-systemCode/ADCS/AdcsGetDataAndTlm.o
                0x2002741c                UpdateTlmToSaveVector
 .text.UpdateTlmPeriodVector
                0x200274e4      0x120 ./src/sub-systemCode/ADCS/AdcsGetDataAndTlm.o
                0x200274e4                UpdateTlmPeriodVector
 .text.AdcsGetTlmOverrideFlag
                0x20027604       0x5c ./src/sub-systemCode/ADCS/AdcsGetDataAndTlm.o
                0x20027604                AdcsGetTlmOverrideFlag
 .text.AdcsSetTlmOverrideFlag
                0x20027660       0x9c ./src/sub-systemCode/ADCS/AdcsGetDataAndTlm.o
                0x20027660                AdcsSetTlmOverrideFlag
 .text.RestoreDefaultTlmElement
                0x200276fc      0x1ec ./src/sub-systemCode/ADCS/AdcsGetDataAndTlm.o
                0x200276fc                RestoreDefaultTlmElement
 .text.GetTlmElementAtIndex
                0x200278e8       0x80 ./src/sub-systemCode/ADCS/AdcsGetDataAndTlm.o
                0x200278e8                GetTlmElementAtIndex
 .text.GatherTlmAndData
                0x20027968       0xec ./src/sub-systemCode/ADCS/AdcsGetDataAndTlm.o
                0x20027968                GatherTlmAndData
 .text.UpdateAdcsFramParameters
                0x20027a54      0x124 ./src/sub-systemCode/ADCS/AdcsMain.o
                0x20027a54                UpdateAdcsFramParameters
 .text.AdcsInit
                0x20027b78      0x168 ./src/sub-systemCode/ADCS/AdcsMain.o
                0x20027b78                AdcsInit
 .text.AdcsTask
                0x20027ce0      0x110 ./src/sub-systemCode/ADCS/AdcsMain.o
                0x20027ce0                AdcsTask
 .text.AdcsTroubleShooting
                0x20027df0       0x88 ./src/sub-systemCode/ADCS/AdcsTroubleShooting.o
                0x20027df0                AdcsTroubleShooting
 .text.UpdateAdcsStateMachine
                0x20027e78       0x1c ./src/sub-systemCode/ADCS/StateMachine.o
                0x20027e78                UpdateAdcsStateMachine
 .text.save_time
                0x20027e94       0x9c ./src/main.o
                0x20027e94                save_time
 .text.Command_logic
                0x20027f30       0x6c ./src/main.o
                0x20027f30                Command_logic
 .text.taskMain
                0x20027f9c       0x6c ./src/main.o
                0x20027f9c                taskMain
 .text.main     0x20028008       0xc4 ./src/main.o
                0x20028008                main
 .text.GomEpsInitialize
                0x200280cc      0x148 C:/ISIS/workspace/HOOPOE3/satellite-subsystems/demo/..//satellite-subsystems/lib\libSatelliteSubsystemsD.a(GomEPS.o)
                0x200280cc                GomEpsInitialize
 .text.makeEPStransfer
                0x20028214       0x3c C:/ISIS/workspace/HOOPOE3/satellite-subsystems/demo/..//satellite-subsystems/lib\libSatelliteSubsystemsD.a(GomEPS.o)
 .text.GomEpsPing
                0x20028250       0xf8 C:/ISIS/workspace/HOOPOE3/satellite-subsystems/demo/..//satellite-subsystems/lib\libSatelliteSubsystemsD.a(GomEPS.o)
                0x20028250                GomEpsPing
 .text.GomEpsSoftReset
                0x20028348       0xc4 C:/ISIS/workspace/HOOPOE3/satellite-subsystems/demo/..//satellite-subsystems/lib\libSatelliteSubsystemsD.a(GomEPS.o)
                0x20028348                GomEpsSoftReset
 .text.GomEpsHardReset
                0x2002840c       0xa8 C:/ISIS/workspace/HOOPOE3/satellite-subsystems/demo/..//satellite-subsystems/lib\libSatelliteSubsystemsD.a(GomEPS.o)
                0x2002840c                GomEpsHardReset
 .text.GomEpsGetHkData_param
                0x200284b4      0x29c C:/ISIS/workspace/HOOPOE3/satellite-subsystems/demo/..//satellite-subsystems/lib\libSatelliteSubsystemsD.a(GomEPS.o)
                0x200284b4                GomEpsGetHkData_param
 .text.GomEpsGetHkData_general
                0x20028750      0x45c C:/ISIS/workspace/HOOPOE3/satellite-subsystems/demo/..//satellite-subsystems/lib\libSatelliteSubsystemsD.a(GomEPS.o)
                0x20028750                GomEpsGetHkData_general
 .text.GomEpsGetHkData_vi
                0x20028bac      0x188 C:/ISIS/workspace/HOOPOE3/satellite-subsystems/demo/..//satellite-subsystems/lib\libSatelliteSubsystemsD.a(GomEPS.o)
                0x20028bac                GomEpsGetHkData_vi
 .text.GomEpsGetHkData_out
                0x20028d34      0x21c C:/ISIS/workspace/HOOPOE3/satellite-subsystems/demo/..//satellite-subsystems/lib\libSatelliteSubsystemsD.a(GomEPS.o)
                0x20028d34                GomEpsGetHkData_out
 .text.GomEpsGetHkData_wdt
                0x20028f50      0x2b4 C:/ISIS/workspace/HOOPOE3/satellite-subsystems/demo/..//satellite-subsystems/lib\libSatelliteSubsystemsD.a(GomEPS.o)
                0x20028f50                GomEpsGetHkData_wdt
 .text.GomEpsGetHkData_basic
                0x20029204      0x22c C:/ISIS/workspace/HOOPOE3/satellite-subsystems/demo/..//satellite-subsystems/lib\libSatelliteSubsystemsD.a(GomEPS.o)
                0x20029204                GomEpsGetHkData_basic
 .text.GomEpsSetOutput
                0x20029430       0xbc C:/ISIS/workspace/HOOPOE3/satellite-subsystems/demo/..//satellite-subsystems/lib\libSatelliteSubsystemsD.a(GomEPS.o)
                0x20029430                GomEpsSetOutput
 .text.GomEpsResetWDT
                0x200294ec       0xc4 C:/ISIS/workspace/HOOPOE3/satellite-subsystems/demo/..//satellite-subsystems/lib\libSatelliteSubsystemsD.a(GomEPS.o)
                0x200294ec                GomEpsResetWDT
 .text.GomEpsConfigGet
                0x200295b0      0x16c C:/ISIS/workspace/HOOPOE3/satellite-subsystems/demo/..//satellite-subsystems/lib\libSatelliteSubsystemsD.a(GomEPS.o)
                0x200295b0                GomEpsConfigGet
 .text.GomEpsConfigSet
                0x2002971c      0x184 C:/ISIS/workspace/HOOPOE3/satellite-subsystems/demo/..//satellite-subsystems/lib\libSatelliteSubsystemsD.a(GomEPS.o)
                0x2002971c                GomEpsConfigSet
 .text.GomEpsConfig2Get
                0x200298a0      0x16c C:/ISIS/workspace/HOOPOE3/satellite-subsystems/demo/..//satellite-subsystems/lib\libSatelliteSubsystemsD.a(GomEPS.o)
                0x200298a0                GomEpsConfig2Get
 .text.makeAntStransfer
                0x20029a0c       0x4c C:/ISIS/workspace/HOOPOE3/satellite-subsystems/demo/..//satellite-subsystems/lib\libSatelliteSubsystemsD.a(IsisAntS.o)
 .text.checkInputsValid
                0x20029a58       0x7c C:/ISIS/workspace/HOOPOE3/satellite-subsystems/demo/..//satellite-subsystems/lib\libSatelliteSubsystemsD.a(IsisAntS.o)
 .text.IsisAntS_initialize
                0x20029ad4      0x26c C:/ISIS/workspace/HOOPOE3/satellite-subsystems/demo/..//satellite-subsystems/lib\libSatelliteSubsystemsD.a(IsisAntS.o)
                0x20029ad4                IsisAntS_initialize
 .text.IsisAntS_setArmStatus
                0x20029d40      0x104 C:/ISIS/workspace/HOOPOE3/satellite-subsystems/demo/..//satellite-subsystems/lib\libSatelliteSubsystemsD.a(IsisAntS.o)
                0x20029d40                IsisAntS_setArmStatus
 .text.IsisAntS_getStatusData
                0x20029e44      0x120 C:/ISIS/workspace/HOOPOE3/satellite-subsystems/demo/..//satellite-subsystems/lib\libSatelliteSubsystemsD.a(IsisAntS.o)
                0x20029e44                IsisAntS_getStatusData
 .text.IsisAntS_getTemperature
                0x20029f64      0x120 C:/ISIS/workspace/HOOPOE3/satellite-subsystems/demo/..//satellite-subsystems/lib\libSatelliteSubsystemsD.a(IsisAntS.o)
                0x20029f64                IsisAntS_getTemperature
 .text.IsisAntS_getAlltelemetry
                0x2002a084      0x120 C:/ISIS/workspace/HOOPOE3/satellite-subsystems/demo/..//satellite-subsystems/lib\libSatelliteSubsystemsD.a(IsisAntS.o)
                0x2002a084                IsisAntS_getAlltelemetry
 .text.IsisAntS_reset
                0x2002a1a4      0x104 C:/ISIS/workspace/HOOPOE3/satellite-subsystems/demo/..//satellite-subsystems/lib\libSatelliteSubsystemsD.a(IsisAntS.o)
                0x2002a1a4                IsisAntS_reset
 .text.IsisSolarPanelv2_initialize
                0x2002a2a8       0xb4 C:/ISIS/workspace/HOOPOE3/satellite-subsystems/demo/..//satellite-subsystems/lib\libSatelliteSubsystemsD.a(IsisSolarPanelv2.o)
                0x2002a2a8                IsisSolarPanelv2_initialize
 .text.IsisSolarPanelv2_getTemperature
                0x2002a35c       0xc8 C:/ISIS/workspace/HOOPOE3/satellite-subsystems/demo/..//satellite-subsystems/lib\libSatelliteSubsystemsD.a(IsisSolarPanelv2.o)
                0x2002a35c                IsisSolarPanelv2_getTemperature
 .text.IsisSolarPanelv2_sleep
                0x2002a424       0xbc C:/ISIS/workspace/HOOPOE3/satellite-subsystems/demo/..//satellite-subsystems/lib\libSatelliteSubsystemsD.a(IsisSolarPanelv2.o)