Archive member included because of file (symbol)

c:/isis/application/toolchain/bin/../lib/gcc/arm-none-eabi/4.7.4/../../../../arm-none-eabi/lib\libc_s.a(lib_a-vfprintf_float.o)
                              (_printf_float)
c:/isis/application/toolchain/bin/../lib/gcc/arm-none-eabi/4.7.4/../../../../arm-none-eabi/lib\libc_s.a(lib_a-vfprintf_i.o)
                              c:/isis/application/toolchain/bin/../lib/gcc/arm-none-eabi/4.7.4/../../../../arm-none-eabi/lib\libc_s.a(lib_a-vfprintf_float.o) (_printf_common)
c:/isis/application/toolchain/bin/../lib/gcc/arm-none-eabi/4.7.4/../../../../arm-none-eabi/lib\libc_s.a(lib_a-vfscanf_float.o)
                              (_scanf_float)
c:/isis/application/toolchain/bin/../lib/gcc/arm-none-eabi/4.7.4/../../../../arm-none-eabi/lib\libc_s.a(lib_a-dtoa.o)
                              c:/isis/application/toolchain/bin/../lib/gcc/arm-none-eabi/4.7.4/../../../../arm-none-eabi/lib\libc_s.a(lib_a-vfprintf_float.o) (_dtoa_r)
c:/isis/application/toolchain/bin/../lib/gcc/arm-none-eabi/4.7.4/../../../../arm-none-eabi/lib\libc_s.a(lib_a-locale.o)
                              c:/isis/application/toolchain/bin/../lib/gcc/arm-none-eabi/4.7.4/../../../../arm-none-eabi/lib\libc_s.a(lib_a-vfprintf_float.o) (_localeconv_r)
c:/isis/application/toolchain/bin/../lib/gcc/arm-none-eabi/4.7.4/../../../../arm-none-eabi/lib\libc_s.a(lib_a-malloc.o)
                              c:/isis/application/toolchain/bin/../lib/gcc/arm-none-eabi/4.7.4/../../../../arm-none-eabi/lib\libc_s.a(lib_a-dtoa.o) (malloc)
c:/isis/application/toolchain/bin/../lib/gcc/arm-none-eabi/4.7.4/../../../../arm-none-eabi/lib\libc_s.a(lib_a-mallocr.o)
                              c:/isis/application/toolchain/bin/../lib/gcc/arm-none-eabi/4.7.4/../../../../arm-none-eabi/lib\libc_s.a(lib_a-malloc.o) (_malloc_r)
c:/isis/application/toolchain/bin/../lib/gcc/arm-none-eabi/4.7.4/../../../../arm-none-eabi/lib\libc_s.a(lib_a-memcpy.o)
                              c:/isis/application/toolchain/bin/../lib/gcc/arm-none-eabi/4.7.4/../../../../arm-none-eabi/lib\libc_s.a(lib_a-dtoa.o) (memcpy)
c:/isis/application/toolchain/bin/../lib/gcc/arm-none-eabi/4.7.4/../../../../arm-none-eabi/lib\libc_s.a(lib_a-mprec.o)
                              c:/isis/application/toolchain/bin/../lib/gcc/arm-none-eabi/4.7.4/../../../../arm-none-eabi/lib\libc_s.a(lib_a-dtoa.o) (_Balloc)
c:/isis/application/toolchain/bin/../lib/gcc/arm-none-eabi/4.7.4/../../../../arm-none-eabi/lib\libc_s.a(lib_a-s_fpclassify.o)
                              c:/isis/application/toolchain/bin/../lib/gcc/arm-none-eabi/4.7.4/../../../../arm-none-eabi/lib\libc_s.a(lib_a-vfprintf_float.o) (__fpclassifyd)
c:/isis/application/toolchain/bin/../lib/gcc/arm-none-eabi/4.7.4/../../../../arm-none-eabi/lib\libc_s.a(lib_a-sbrkr.o)
                              c:/isis/application/toolchain/bin/../lib/gcc/arm-none-eabi/4.7.4/../../../../arm-none-eabi/lib\libc_s.a(lib_a-mallocr.o) (_sbrk_r)
c:/isis/application/toolchain/bin/../lib/gcc/arm-none-eabi/4.7.4/../../../../arm-none-eabi/lib\libc_s.a(lib_a-sf_nan.o)
                              c:/isis/application/toolchain/bin/../lib/gcc/arm-none-eabi/4.7.4/../../../../arm-none-eabi/lib\libc_s.a(lib_a-vfscanf_float.o) (nanf)
c:/isis/application/toolchain/bin/../lib/gcc/arm-none-eabi/4.7.4/../../../../arm-none-eabi/lib\libc_s.a(lib_a-sprintf.o)
                              c:/isis/application/toolchain/bin/../lib/gcc/arm-none-eabi/4.7.4/../../../../arm-none-eabi/lib\libc_s.a(lib_a-vfscanf_float.o) (sprintf)
c:/isis/application/toolchain/bin/../lib/gcc/arm-none-eabi/4.7.4/../../../../arm-none-eabi/lib\libc_s.a(lib_a-strcmp.o)
                              c:/isis/application/toolchain/bin/../lib/gcc/arm-none-eabi/4.7.4/../../../../arm-none-eabi/lib\libc_s.a(lib_a-locale.o) (strcmp)
c:/isis/application/toolchain/bin/../lib/gcc/arm-none-eabi/4.7.4/../../../../arm-none-eabi/lib\libc_s.a(lib_a-strlen.o)
                              c:/isis/application/toolchain/bin/../lib/gcc/arm-none-eabi/4.7.4/../../../../arm-none-eabi/lib\libc_s.a(lib_a-vfprintf_float.o) (strlen)
c:/isis/application/toolchain/bin/../lib/gcc/arm-none-eabi/4.7.4/../../../../arm-none-eabi/lib\libc_s.a(lib_a-strtod.o)
                              c:/isis/application/toolchain/bin/../lib/gcc/arm-none-eabi/4.7.4/../../../../arm-none-eabi/lib\libc_s.a(lib_a-vfscanf_float.o) (_strtod_r)
c:/isis/application/toolchain/bin/../lib/gcc/arm-none-eabi/4.7.4/../../../../arm-none-eabi/lib\libc_s.a(lib_a-strtol.o)
                              c:/isis/application/toolchain/bin/../lib/gcc/arm-none-eabi/4.7.4/../../../../arm-none-eabi/lib\libc_s.a(lib_a-vfscanf_float.o) (_strtol_r)
c:/isis/application/toolchain/bin/../lib/gcc/arm-none-eabi/4.7.4/../../../../arm-none-eabi/lib\libc_s.a(lib_a-svfprintf.o)
                              c:/isis/application/toolchain/bin/../lib/gcc/arm-none-eabi/4.7.4/../../../../arm-none-eabi/lib\libc_s.a(lib_a-sprintf.o) (_svfprintf_r)
[...]
Memory Configuration

Name             Origin             Length             Attributes
sram0            0x00200000         0x00004000         w !xr
sram1            0x00300000         0x00004000         w !xr
sdram            0x20000000         0x02000000         w !xr
*default*        0x00000000         0xffffffff

Linker script and memory map

LOAD c:/isis/application/toolchain/bin/../lib/gcc/arm-none-eabi/4.7.4/../../../../arm-none-eabi/lib\libc_s.a
LOAD ./src/sub-systemCode/payload/Request Management/Dump/Butchering.o
LOAD ./src/sub-systemCode/payload/Request Management/Dump/imageDump.o
LOAD ./src/sub-systemCode/payload/Request Management/CameraManeger.o
LOAD ./src/sub-systemCode/payload/Request Management/DB_RequestHandling.o
LOAD ./src/sub-systemCode/payload/Misc/Boolean_bit.o
LOAD ./src/sub-systemCode/payload/Misc/FileSystem.o
LOAD ./src/sub-systemCode/payload/Drivers/GeckoCameraDriver.o
LOAD ./src/sub-systemCode/payload/DataBase/DataBase.o
LOAD ./src/sub-systemCode/payload/Compression/jpeg/bmp/rawToBMP.o
LOAD ./src/sub-systemCode/payload/Compression/jpeg/DCT.o
LOAD ./src/sub-systemCode/payload/Compression/jpeg/ImgCompressor.o
LOAD ./src/sub-systemCode/payload/Compression/jpeg/color_conv.o
LOAD ./src/sub-systemCode/payload/Compression/jpeg/jpeg.o
LOAD ./src/sub-systemCode/payload/Compression/jpeg/jpeg_encoder.o
LOAD ./src/sub-systemCode/payload/Compression/jpeg/jpeg_memory_alloc.o
LOAD ./src/sub-systemCode/payload/Compression/jpeg/jpeg_params.o
LOAD ./src/sub-systemCode/payload/Compression/jpeg/output_stream.o
LOAD ./src/sub-systemCode/payload/Compression/ImageConversion.o
LOAD ./src/sub-systemCode/Main/CMD/COMM_CMD.o
LOAD ./src/sub-systemCode/Main/CMD/EPS_CMD.o
LOAD ./src/sub-systemCode/Main/CMD/General_CMD.o
LOAD ./src/sub-systemCode/Main/CMD/SW_CMD.o
LOAD ./src/sub-systemCode/Main/CMD/payload_CMD.o
LOAD ./src/sub-systemCode/Main/Ants.o
LOAD ./src/sub-systemCode/Main/EPS.o
LOAD ./src/sub-systemCode/Main/HouseKeeping.o
LOAD ./src/sub-systemCode/Main/Main_Init.o
LOAD ./src/sub-systemCode/Main/commands.o
LOAD ./src/sub-systemCode/Global/Global.o
LOAD ./src/sub-systemCode/Global/GlobalParam.o
LOAD ./src/sub-systemCode/Global/OnlineTM.o
LOAD ./src/sub-systemCode/Global/TLM_management.o
LOAD ./src/sub-systemCode/Global/logger.o
LOAD ./src/sub-systemCode/COMM/APRS.o
LOAD ./src/sub-systemCode/COMM/DelayedCommand_list.o
LOAD ./src/sub-systemCode/COMM/GSC.o
LOAD ./src/sub-systemCode/COMM/TRXVU.o
LOAD ./src/sub-systemCode/ADCS/ADCS.o
LOAD ./src/sub-systemCode/ADCS/Stage_Table.o
LOAD ./src/main.o
LOAD C:/ISIS/workspace/HOOPOE3/satellite-subsystems/demo/..//satellite-subsystems/lib\libSatelliteSubsystemsD.a
LOAD c:/isis/application/toolchain/bin/../lib/gcc/arm-none-eabi/4.7.4/../../../../arm-none-eabi/lib\libm.a
LOAD C:/ISIS/workspace/HOOPOE3/satellite-subsystems/demo/../..//hal/hcc/lib\libHCCD.a
LOAD C:/ISIS/workspace/HOOPOE3/satellite-subsystems/demo/../..//hal/hal/lib\libHALD.a
LOAD C:/ISIS/workspace/HOOPOE3/satellite-subsystems/demo/../..//hal/freertos/lib\libFreeRTOSD.a
LOAD C:/ISIS/workspace/HOOPOE3/satellite-subsystems/demo/../..//hal/at91/lib\libAt91D.a
START GROUP
LOAD c:/isis/application/toolchain/bin/../lib/gcc/arm-none-eabi/4.7.4\libgcc.a
LOAD c:/isis/application/toolchain/bin/../lib/gcc/arm-none-eabi/4.7.4/../../../../arm-none-eabi/lib\libc_s.a
END GROUP

.fixed          0x20000000    0x4e490
                0x20000000                . = ALIGN (0x4)
                0x20000000                _sfixed = .
 *(.startup)
 .startup       0x20000000      0x134 C:/ISIS/workspace/HOOPOE3/satellite-subsystems/demo/../..//hal/at91/lib\libAt91D.a(board_cstartup.o)
                0x20000000                entry
 *(.text)
 .text          0x20000134       0x64 C:/ISIS/workspace/HOOPOE3/satellite-subsystems/demo/../..//hal/at91/lib\libAt91D.a(cp15_asm.o)
                0x20000134                _readControlRegister
                0x20000140                _writeControlRegister
                0x20000148                _waitForInterrupt
                0x20000154                _writeTTB
                0x2000015c                _writeDomain
                0x20000164                _writeITLBLockdown
                0x2000016c                _prefetchICacheLine
                0x20000174                _flushDCache
                0x20000180                _flushWriteBuffer
                0x2000018c                _invalidateIDTLBs
 .text          0x20000198      0x114 c:/isis/application/toolchain/bin/../lib/gcc/arm-none-eabi/4.7.4\libgcc.a(_udivsi3.o)
                0x20000198                __aeabi_uidiv
                0x20000198                __udivsi3
                0x2000028c                __aeabi_uidivmod
 .text          0x200002ac      0x148 c:/isis/application/toolchain/bin/../lib/gcc/arm-none-eabi/4.7.4\libgcc.a(_divsi3.o)
                0x200002ac                __divsi3
                0x200002ac                __aeabi_idiv
                0x200003d4                __aeabi_idivmod
 .text          0x200003f4        0x4 c:/isis/application/toolchain/bin/../lib/gcc/arm-none-eabi/4.7.4\libgcc.a(_dvmd_tls.o)
                0x200003f4                __aeabi_idiv0
                0x200003f4                __aeabi_ldiv0
 .text          0x200003f8      0x41c c:/isis/application/toolchain/bin/../lib/gcc/arm-none-eabi/4.7.4\libgcc.a(_arm_addsubdf3.o)
                0x200003f8                __aeabi_drsub
                0x20000400                __aeabi_dsub
                0x20000400                __subdf3
                0x20000404                __aeabi_dadd
                0x20000404                __adddf3
                0x20000714                __floatunsidf
                0x20000714                __aeabi_ui2d
                0x20000738                __floatsidf
                0x20000738                __aeabi_i2d
                0x20000760                __aeabi_f2d
                0x20000760                __extendsfdf2
                0x200007a0                __floatundidf
                0x200007a0                __aeabi_ul2d
                0x200007b4                __floatdidf
                0x200007b4                __aeabi_l2d
 .text          0x20000814      0x49c c:/isis/application/toolchain/bin/../lib/gcc/arm-none-eabi/4.7.4\libgcc.a(_arm_muldivdf3.o)
                0x20000814                __aeabi_dmul
                0x20000814                __muldf3
                0x20000aa4                __divdf3
                0x20000aa4                __aeabi_ddiv
 .text          0x20000cb0      0x144 c:/isis/application/toolchain/bin/../lib/gcc/arm-none-eabi/4.7.4\libgcc.a(_arm_cmpdf2.o)
                0x20000cb0                __gtdf2
                0x20000cb0                __gedf2
                0x20000cb8                __ltdf2
                0x20000cb8                __ledf2
                0x20000cc0                __nedf2
                0x20000cc0                __eqdf2
                0x20000cc0                __cmpdf2
                0x20000d48                __aeabi_cdrcmple
                0x20000d64                __aeabi_cdcmpeq
                0x20000d64                __aeabi_cdcmple
                0x20000d7c                __aeabi_dcmpeq
                0x20000d94                __aeabi_dcmplt
                0x20000dac                __aeabi_dcmple
                0x20000dc4                __aeabi_dcmpge
                0x20000ddc                __aeabi_dcmpgt
 .text          0x20000df4       0x5c c:/isis/application/toolchain/bin/../lib/gcc/arm-none-eabi/4.7.4\libgcc.a(_arm_fixdfsi.o)
                0x20000df4                __aeabi_d2iz
                0x20000df4                __fixdfsi
 .text          0x20000e50       0x54 c:/isis/application/toolchain/bin/../lib/gcc/arm-none-eabi/4.7.4\libgcc.a(_arm_fixunsdfsi.o)
                0x20000e50                __aeabi_d2uiz
                0x20000e50                __fixunsdfsi
 .text          0x20000ea4       0xa0 c:/isis/application/toolchain/bin/../lib/gcc/arm-none-eabi/4.7.4\libgcc.a(_arm_truncdfsf2.o)
                0x20000ea4                __truncdfsf2
                0x20000ea4                __aeabi_d2f
 .text          0x20000f44      0x2ac c:/isis/application/toolchain/bin/../lib/gcc/arm-none-eabi/4.7.4\libgcc.a(_arm_addsubsf3.o)
                0x20000f44                __aeabi_frsub
                0x20000f4c                __subsf3
                0x20000f4c                __aeabi_fsub
                0x20000f50                __aeabi_fadd
                0x20000f50                __addsf3
                0x2000110c                __aeabi_ui2f
                0x2000110c                __floatunsisf
                0x20001114                __aeabi_i2f
                0x20001114                __floatsisf
                0x20001134                __aeabi_ul2f
                0x20001134                __floatundisf
                0x20001144                __aeabi_l2f
                0x20001144                __floatdisf
 .text          0x200011f0      0x2f8 c:/isis/application/toolchain/bin/../lib/gcc/arm-none-eabi/4.7.4\libgcc.a(_arm_muldivsf3.o)
                0x200011f0                __mulsf3
                0x200011f0                __aeabi_fmul
                0x20001388                __aeabi_fdiv
                0x20001388                __divsf3
 .text          0x200014e8       0x5c c:/isis/application/toolchain/bin/../lib/gcc/arm-none-eabi/4.7.4\libgcc.a(_arm_fixsfsi.o)
                0x200014e8                __aeabi_f2iz
                0x200014e8                __fixsfsi
 .text          0x20001544       0x54 c:/isis/application/toolchain/bin/../lib/gcc/arm-none-eabi/4.7.4\libgcc.a(_arm_fixunssfsi.o)
                0x20001544                __fixunssfsi
                0x20001544                __aeabi_f2uiz
 *(.text*)
 .text.__cvt    0x20001598      0x138 c:/isis/application/toolchain/bin/../lib/gcc/arm-none-eabi/4.7.4/../../../../arm-none-eabi/lib\libc_s.a(lib_a-vfprintf_float.o)
                0x20001598                __cvt
 .text.__exponent
                0x200016d0       0xa8 c:/isis/application/toolchain/bin/../lib/gcc/arm-none-eabi/4.7.4/../../../../arm-none-eabi/lib\libc_s.a(lib_a-vfprintf_float.o)
                0x200016d0                __exponent
 .text._printf_float
                0x20001778      0x7dc c:/isis/application/toolchain/bin/../lib/gcc/arm-none-eabi/4.7.4/../../../../arm-none-eabi/lib\libc_s.a(lib_a-vfprintf_float.o)
                0x20001778                _printf_float
 .text._printf_common
                0x20001f54      0x174 c:/isis/application/toolchain/bin/../lib/gcc/arm-none-eabi/4.7.4/../../../../arm-none-eabi/lib\libc_s.a(lib_a-vfprintf_i.o)
                0x20001f54                _printf_common
 .text._printf_i
                0x200020c8      0x3c4 c:/isis/application/toolchain/bin/../lib/gcc/arm-none-eabi/4.7.4/../../../../arm-none-eabi/lib\libc_s.a(lib_a-vfprintf_i.o)
                0x200020c8                _printf_i
 .text._scanf_float
                0x2000248c      0x5f4 c:/isis/application/toolchain/bin/../lib/gcc/arm-none-eabi/4.7.4/../../../../arm-none-eabi/lib\libc_s.a(lib_a-vfscanf_float.o)
                0x2000248c                _scanf_float
 .text.quorem   0x20002a80      0x1ac c:/isis/application/toolchain/bin/../lib/gcc/arm-none-eabi/4.7.4/../../../../arm-none-eabi/lib\libc_s.a(lib_a-dtoa.o)
 .text._dtoa_r  0x20002c2c     0x1268 c:/isis/application/toolchain/bin/../lib/gcc/arm-none-eabi/4.7.4/../../../../arm-none-eabi/lib\libc_s.a(lib_a-dtoa.o)
                0x20002c2c                _dtoa_r
 .text._localeconv_r
                0x20003e94        0xc c:/isis/application/toolchain/bin/../lib/gcc/arm-none-eabi/4.7.4/../../../../arm-none-eabi/lib\libc_s.a(lib_a-locale.o)
                0x20003e94                _localeconv_r
 .text.malloc   0x20003ea0       0x20 c:/isis/application/toolchain/bin/../lib/gcc/arm-none-eabi/4.7.4/../../../../arm-none-eabi/lib\libc_s.a(lib_a-malloc.o)
                0x20003ea0                malloc
 .text.free     0x20003ec0       0x20 c:/isis/application/toolchain/bin/../lib/gcc/arm-none-eabi/4.7.4/../../../../arm-none-eabi/lib\libc_s.a(lib_a-malloc.o)
                0x20003ec0                free
 .text._malloc_r
                0x20003ee0       0xfc c:/isis/application/toolchain/bin/../lib/gcc/arm-none-eabi/4.7.4/../../../../arm-none-eabi/lib\libc_s.a(lib_a-mallocr.o)
                0x20003ee0                _malloc_r
 .text.memcpy   0x20003fdc       0x20 c:/isis/application/toolchain/bin/../lib/gcc/arm-none-eabi/4.7.4/../../../../arm-none-eabi/lib\libc_s.a(lib_a-memcpy.o)
                0x20003fdc                memcpy
 .text._Balloc  0x20003ffc       0xcc c:/isis/application/toolchain/bin/../lib/gcc/arm-none-eabi/4.7.4/../../../../arm-none-eabi/lib\libc_s.a(lib_a-mprec.o)
                0x20003ffc                _Balloc
 .text._Bfree   0x200040c8       0x5c c:/isis/application/toolchain/bin/../lib/gcc/arm-none-eabi/4.7.4/../../../../arm-none-eabi/lib\libc_s.a(lib_a-mprec.o)
                0x200040c8                _Bfree
 .text.__multadd
                0x20004124       0xbc c:/isis/application/toolchain/bin/../lib/gcc/arm-none-eabi/4.7.4/../../../../arm-none-eabi/lib\libc_s.a(lib_a-mprec.o)
                0x20004124                __multadd
 .text.__s2b    0x200041e0       0xd8 c:/isis/application/toolchain/bin/../lib/gcc/arm-none-eabi/4.7.4/../../../../arm-none-eabi/lib\libc_s.a(lib_a-mprec.o)
                0x200041e0                __s2b
 .text.__hi0bits
                0x200042b8       0x58 c:/isis/application/toolchain/bin/../lib/gcc/arm-none-eabi/4.7.4/../../../../arm-none-eabi/lib\libc_s.a(lib_a-mprec.o)
                0x200042b8                __hi0bits
 .text.__lo0bits
                0x20004310       0x94 c:/isis/application/toolchain/bin/../lib/gcc/arm-none-eabi/4.7.4/../../../../arm-none-eabi/lib\libc_s.a(lib_a-mprec.o)
                0x20004310                __lo0bits
 .text.__i2b    0x200043a4       0x24 c:/isis/application/toolchain/bin/../lib/gcc/arm-none-eabi/4.7.4/../../../../arm-none-eabi/lib\libc_s.a(lib_a-mprec.o)
                0x200043a4                __i2b
 .text.__multiply
                0x200043c8      0x1ac c:/isis/application/toolchain/bin/../lib/gcc/arm-none-eabi/4.7.4/../../../../arm-none-eabi/lib\libc_s.a(lib_a-mprec.o)
                0x200043c8                __multiply
 .text.__pow5mult
                0x20004574      0x10c c:/isis/application/toolchain/bin/../lib/gcc/arm-none-eabi/4.7.4/../../../../arm-none-eabi/lib\libc_s.a(lib_a-mprec.o)
                0x20004574                __pow5mult
 .text.__lshift
                0x20004680       0xf0 c:/isis/application/toolchain/bin/../lib/gcc/arm-none-eabi/4.7.4/../../../../arm-none-eabi/lib\libc_s.a(lib_a-mprec.o)
                0x20004680                __lshift
 .text.__mcmp   0x20004770       0x60 c:/isis/application/toolchain/bin/../lib/gcc/arm-none-eabi/4.7.4/../../../../arm-none-eabi/lib\libc_s.a(lib_a-mprec.o)
                0x20004770                __mcmp
 .text.__mdiff  0x200047d0      0x128 c:/isis/application/toolchain/bin/../lib/gcc/arm-none-eabi/4.7.4/../../../../arm-none-eabi/lib\libc_s.a(lib_a-mprec.o)
                0x200047d0                __mdiff
 .text.__ulp    0x200048f8       0x5c c:/isis/application/toolchain/bin/../lib/gcc/arm-none-eabi/4.7.4/../../../../arm-none-eabi/lib\libc_s.a(lib_a-mprec.o)
                0x200048f8                __ulp
 .text.__b2d    0x20004954       0xc8 c:/isis/application/toolchain/bin/../lib/gcc/arm-none-eabi/4.7.4/../../../../arm-none-eabi/lib\libc_s.a(lib_a-mprec.o)
                0x20004954                __b2d
 .text.__d2b    0x20004a1c       0xfc c:/isis/application/toolchain/bin/../lib/gcc/arm-none-eabi/4.7.4/../../../../arm-none-eabi/lib\libc_s.a(lib_a-mprec.o)
                0x20004a1c                __d2b
 .text.__ratio  0x20004b18       0x70 c:/isis/application/toolchain/bin/../lib/gcc/arm-none-eabi/4.7.4/../../../../arm-none-eabi/lib\libc_s.a(lib_a-mprec.o)
                0x20004b18                __ratio
 .text.__copybits
                0x20004b88       0x4c c:/isis/application/toolchain/bin/../lib/gcc/arm-none-eabi/4.7.4/../../../../arm-none-eabi/lib\libc_s.a(lib_a-mprec.o)
                0x20004b88                __copybits
 .text.__any_on
                0x20004bd4       0x7c c:/isis/application/toolchain/bin/../lib/gcc/arm-none-eabi/4.7.4/../../../../arm-none-eabi/lib\libc_s.a(lib_a-mprec.o)
                0x20004bd4                __any_on
 .text.__fpclassifyd
                0x20004c50       0x6c c:/isis/application/toolchain/bin/../lib/gcc/arm-none-eabi/4.7.4/../../../../arm-none-eabi/lib\libc_s.a(lib_a-s_fpclassify.o)
                0x20004c50                __fpclassifyd
 .text._sbrk_r  0x20004cbc       0x3c c:/isis/application/toolchain/bin/../lib/gcc/arm-none-eabi/4.7.4/../../../../arm-none-eabi/lib\libc_s.a(lib_a-sbrkr.o)
                0x20004cbc                _sbrk_r
 .text.nanf     0x20004cf8        0xc c:/isis/application/toolchain/bin/../lib/gcc/arm-none-eabi/4.7.4/../../../../arm-none-eabi/lib\libc_s.a(lib_a-sf_nan.o)
                0x20004cf8                nanf
 .text.sprintf  0x20004d04       0x6c c:/isis/application/toolchain/bin/../lib/gcc/arm-none-eabi/4.7.4/../../../../arm-none-eabi/lib\libc_s.a(lib_a-sprintf.o)
                0x20004d04                siprintf
                0x20004d04                sprintf
 .text.strcmp   0x20004d70       0x1c c:/isis/application/toolchain/bin/../lib/gcc/arm-none-eabi/4.7.4/../../../../arm-none-eabi/lib\libc_s.a(lib_a-strcmp.o)
                0x20004d70                strcmp
 .text.strlen   0x20004d8c       0x1c c:/isis/application/toolchain/bin/../lib/gcc/arm-none-eabi/4.7.4/../../../../arm-none-eabi/lib\libc_s.a(lib_a-strlen.o)
                0x20004d8c                strlen
 .text.match    0x20004da8       0x54 c:/isis/application/toolchain/bin/../lib/gcc/arm-none-eabi/4.7.4/../../../../arm-none-eabi/lib\libc_s.a(lib_a-strtod.o)
 .text._strtod_r
                0x20004dfc     0x1168 c:/isis/application/toolchain/bin/../lib/gcc/arm-none-eabi/4.7.4/../../../../arm-none-eabi/lib\libc_s.a(lib_a-strtod.o)
                0x20004dfc                _strtod_r
 .text._strtol_r
                0x20005f64      0x1b8 c:/isis/application/toolchain/bin/../lib/gcc/arm-none-eabi/4.7.4/../../../../arm-none-eabi/lib\libc_s.a(lib_a-strtol.o)
                0x20005f64                _strtol_r
 .text.__ssputc_r
                0x2000611c      0x10c c:/isis/application/toolchain/bin/../lib/gcc/arm-none-eabi/4.7.4/../../../../arm-none-eabi/lib\libc_s.a(lib_a-svfprintf.o)
                0x2000611c                __ssputc_r
 .text._svfprintf_r
                0x20006228      0x328 c:/isis/application/toolchain/bin/../lib/gcc/arm-none-eabi/4.7.4/../../../../arm-none-eabi/lib\libc_s.a(lib_a-svfprintf.o)
                0x20006228                _svfiprintf_r
                0x20006228                _svfprintf_r
 .text._calloc_r
                0x20006550       0x2c c:/isis/application/toolchain/bin/../lib/gcc/arm-none-eabi/4.7.4/../../../../arm-none-eabi/lib\libc_s.a(lib_a-callocr.o)
                0x20006550                _calloc_r
 .text._free_r  0x2000657c      0x108 c:/isis/application/toolchain/bin/../lib/gcc/arm-none-eabi/4.7.4/../../../../arm-none-eabi/lib\libc_s.a(lib_a-freer.o)
                0x2000657c                _free_r
 .text.rshift   0x20006684       0xb0 c:/isis/application/toolchain/bin/../lib/gcc/arm-none-eabi/4.7.4/../../../../arm-none-eabi/lib\libc_s.a(lib_a-gdtoa-gethex.o)
 .text.htinit.constprop.0
                0x20006734       0x34 c:/isis/application/toolchain/bin/../lib/gcc/arm-none-eabi/4.7.4/../../../../arm-none-eabi/lib\libc_s.a(lib_a-gdtoa-gethex.o)
 .text.__hexdig_init
                0x20006768       0x38 c:/isis/application/toolchain/bin/../lib/gcc/arm-none-eabi/4.7.4/../../../../arm-none-eabi/lib\libc_s.a(lib_a-gdtoa-gethex.o)
                0x20006768                __hexdig_init
 .text.__gethex
                0x200067a0      0x6cc c:/isis/application/toolchain/bin/../lib/gcc/arm-none-eabi/4.7.4/../../../../arm-none-eabi/lib\libc_s.a(lib_a-gdtoa-gethex.o)
                0x200067a0                __gethex
 .text.L_shift  0x20006e6c       0x38 c:/isis/application/toolchain/bin/../lib/gcc/arm-none-eabi/4.7.4/../../../../arm-none-eabi/lib\libc_s.a(lib_a-gdtoa-hexnan.o)
 .text.__hexnan
                0x20006ea4      0x1d8 c:/isis/application/toolchain/bin/../lib/gcc/arm-none-eabi/4.7.4/../../../../arm-none-eabi/lib\libc_s.a(lib_a-gdtoa-hexnan.o)
                0x20006ea4                __hexnan
 .text.memchr   0x2000707c       0x34 c:/isis/application/toolchain/bin/../lib/gcc/arm-none-eabi/4.7.4/../../../../arm-none-eabi/lib\libc_s.a(lib_a-memchr.o)
                0x2000707c                memchr
 .text.memset   0x200070b0       0x1c c:/isis/application/toolchain/bin/../lib/gcc/arm-none-eabi/4.7.4/../../../../arm-none-eabi/lib\libc_s.a(lib_a-memset.o)
                0x200070b0                memset
 .text._realloc_r
                0x200070cc       0x80 c:/isis/application/toolchain/bin/../lib/gcc/arm-none-eabi/4.7.4/../../../../arm-none-eabi/lib\libc_s.a(lib_a-reallocr.o)
                0x200070cc                _realloc_r
 .text.strncmp  0x2000714c       0x64 c:/isis/application/toolchain/bin/../lib/gcc/arm-none-eabi/4.7.4/../../../../arm-none-eabi/lib\libc_s.a(lib_a-strncmp.o)
                0x2000714c                strncmp
 .text._malloc_usable_size_r
                0x200071b0       0x1c c:/isis/application/toolchain/bin/../lib/gcc/arm-none-eabi/4.7.4/../../../../arm-none-eabi/lib\libc_s.a(lib_a-msizer.o)
                0x200071b0                _malloc_usable_size_r
 .text.GetChunkFromImage
                0x200071cc      0x2e0 ./src/sub-systemCode/payload/Request Management/Dump/Butchering.o
                0x200071cc                GetChunkFromImage
 .text.SimpleButcher
                0x200074ac       0xf4 ./src/sub-systemCode/payload/Request Management/Dump/Butchering.o
                0x200074ac                SimpleButcher
 .text.setChunkDimensions_inFRAM
                0x200075a0       0xac ./src/sub-systemCode/payload/Request Management/Dump/imageDump.o
                0x200075a0                setChunkDimensions_inFRAM
 .text.readChunkDimentionsFromFRAM
                0x2000764c       0x80 ./src/sub-systemCode/payload/Request Management/Dump/imageDump.o
                0x2000764c                readChunkDimentionsFromFRAM
 .text.find_subType_ofImage
                0x200076cc       0xe0 ./src/sub-systemCode/payload/Request Management/Dump/imageDump.o
                0x200076cc                find_subType_ofImage
 .text.buildAndSend_chunck
                0x200077ac      0x314 ./src/sub-systemCode/payload/Request Management/Dump/imageDump.o
                0x200077ac                buildAndSend_chunck
 .text.bitField_imageDump
                0x20007ac0      0x28c ./src/sub-systemCode/payload/Request Management/Dump/imageDump.o
                0x20007ac0                bitField_imageDump
 .text.imageDataBase_Dump
                0x20007d4c      0x130 ./src/sub-systemCode/payload/Request Management/Dump/imageDump.o
                0x20007d4c                imageDataBase_Dump
 .text.chunkField_imageDump
                0x20007e7c      0x27c ./src/sub-systemCode/payload/Request Management/Dump/imageDump.o
                0x20007e7c                chunkField_imageDump
 .text.imageDump_task
                0x200080f8      0x32c ./src/sub-systemCode/payload/Request Management/Dump/imageDump.o
                0x200080f8                imageDump_task
 .text.CameraManagerTaskMain
                0x20008424       0xbc ./src/sub-systemCode/payload/Request Management/CameraManeger.o
                0x20008424                CameraManagerTaskMain
 .text.initCamera
                0x200084e0       0xa4 ./src/sub-systemCode/payload/Request Management/CameraManeger.o
                0x200084e0                initCamera
 .text.KickStartCamera
                0x20008584       0xb4 ./src/sub-systemCode/payload/Request Management/CameraManeger.o
                0x20008584                KickStartCamera
 .text.addRequestToQueue
                0x20008638       0xa8 ./src/sub-systemCode/payload/Request Management/CameraManeger.o
                0x20008638                addRequestToQueue
 .text.removeRequestFromQueue
                0x200086e0       0x7c ./src/sub-systemCode/payload/Request Management/CameraManeger.o
                0x200086e0                removeRequestFromQueue
 .text.Take_pictures_with_time_in_between
                0x2000875c       0xa4 ./src/sub-systemCode/payload/Request Management/CameraManeger.o
                0x2000875c                Take_pictures_with_time_in_between
 .text.Gecko_TroubleShooter
                0x20008800       0xdc ./src/sub-systemCode/payload/Request Management/CameraManeger.o
                0x20008800                Gecko_TroubleShooter
 .text.startDumpTask
                0x200088dc       0x70 ./src/sub-systemCode/payload/Request Management/CameraManeger.o
                0x200088dc                startDumpTask
 .text.act_upon_request
                0x2000894c      0x314 ./src/sub-systemCode/payload/Request Management/CameraManeger.o
                0x2000894c                act_upon_request
 .text.TakePicture
                0x20008c60       0x4c ./src/sub-systemCode/payload/Request Management/DB_RequestHandling.o
                0x20008c60                TakePicture
 .text.TakeSpecialPicture
                0x20008cac      0x104 ./src/sub-systemCode/payload/Request Management/DB_RequestHandling.o
                0x20008cac                TakeSpecialPicture
 .text.DeletePictureFile
                0x20008db0       0x88 ./src/sub-systemCode/payload/Request Management/DB_RequestHandling.o
                0x20008db0                DeletePictureFile
 .text.DeletePicture
                0x20008e38       0x6c ./src/sub-systemCode/payload/Request Management/DB_RequestHandling.o
                0x20008e38                DeletePicture
 .text.TransferPicture
                0x20008ea4       0x54 ./src/sub-systemCode/payload/Request Management/DB_RequestHandling.o
                0x20008ea4                TransferPicture
 .text.CreateThumbnail
                0x20008ef8       0x80 ./src/sub-systemCode/payload/Request Management/DB_RequestHandling.o
                0x20008ef8                CreateThumbnail
 .text.CreateJPG
                0x20008f78       0x7c ./src/sub-systemCode/payload/Request Management/DB_RequestHandling.o
                0x20008f78                CreateJPG
 .text.UpdatePhotographyValues
                0x20008ff4       0xb4 ./src/sub-systemCode/payload/Request Management/DB_RequestHandling.o
                0x20008ff4                UpdatePhotographyValues
 .text.setChunkDimensions
                0x200090a8       0x64 ./src/sub-systemCode/payload/Request Management/DB_RequestHandling.o
                0x200090a8                setChunkDimensions
 .text.convert2char
                0x2000910c      0x14c ./src/sub-systemCode/payload/Misc/Boolean_bit.o
                0x2000910c                convert2char
 .text.convert2byte
                0x20009258      0x1c8 ./src/sub-systemCode/payload/Misc/Boolean_bit.o
                0x20009258                convert2byte
 .text.bits2byte
                0x20009420      0x17c ./src/sub-systemCode/payload/Misc/Boolean_bit.o
                0x20009420                bits2byte
 .text.byte2bits
                0x2000959c      0x17c ./src/sub-systemCode/payload/Misc/Boolean_bit.o
                0x2000959c                byte2bits
 .text.char2bits
                0x20009718       0x44 ./src/sub-systemCode/payload/Misc/Boolean_bit.o
                0x20009718                char2bits
 .text.bits2char
                0x2000975c       0x3c ./src/sub-systemCode/payload/Misc/Boolean_bit.o
                0x2000975c                bits2char
 .text.keepTryingTo_enterFS
                0x20009798       0x24 ./src/sub-systemCode/payload/Misc/FileSystem.o
                0x20009798                keepTryingTo_enterFS
 .text.releaseFS
                0x200097bc       0x18 ./src/sub-systemCode/payload/Misc/FileSystem.o
                0x200097bc                releaseFS
 .text.OpenFile
                0x200097d4       0x64 ./src/sub-systemCode/payload/Misc/FileSystem.o
                0x200097d4                OpenFile
 .text.CloseFile
                0x20009838       0x4c ./src/sub-systemCode/payload/Misc/FileSystem.o
                0x20009838                CloseFile
 .text.DeleteFile
                0x20009884       0x60 ./src/sub-systemCode/payload/Misc/FileSystem.o
                0x20009884                DeleteFile
 .text.ReadFromFile
                0x200098e4       0x7c ./src/sub-systemCode/payload/Misc/FileSystem.o
                0x200098e4                ReadFromFile
 .text.WriteToFile
                0x20009960       0xb4 ./src/sub-systemCode/payload/Misc/FileSystem.o
                0x20009960                WriteToFile
 .text.Initialized_GPIO
                0x20009a14       0x54 ./src/sub-systemCode/payload/Drivers/GeckoCameraDriver.o
                0x20009a14                Initialized_GPIO
 .text.TurnOnGecko
                0x20009a68      0x134 ./src/sub-systemCode/payload/Drivers/GeckoCameraDriver.o
                0x20009a68                TurnOnGecko
 .text.TurnOffGecko
                0x20009b9c       0xcc ./src/sub-systemCode/payload/Drivers/GeckoCameraDriver.o
                0x20009b9c                TurnOffGecko
 .text.initGecko
                0x20009c68       0x3c ./src/sub-systemCode/payload/Drivers/GeckoCameraDriver.o
                0x20009c68                initGecko
 .text.GECKO_TakeImage
                0x20009ca4      0x2f4 ./src/sub-systemCode/payload/Drivers/GeckoCameraDriver.o
                0x20009ca4                GECKO_TakeImage
 .text.GECKO_ReadImage
                0x20009f98      0x234 ./src/sub-systemCode/payload/Drivers/GeckoCameraDriver.o
                0x20009f98                GECKO_ReadImage
 .text.GECKO_EraseBlock
                0x2000a1cc       0xf0 ./src/sub-systemCode/payload/Drivers/GeckoCameraDriver.o
                0x2000a1cc                GECKO_EraseBlock
 .text.getFileName
                0x2000a2bc      0x1a0 ./src/sub-systemCode/payload/DataBase/DataBase.o
 .text.zeroImageDataBase
                0x2000a45c       0x84 ./src/sub-systemCode/payload/DataBase/DataBase.o
                0x2000a45c                zeroImageDataBase
 .text.updateGeneralDataBaseParameters
                0x2000a4e0       0x5c ./src/sub-systemCode/payload/DataBase/DataBase.o
                0x2000a4e0                updateGeneralDataBaseParameters
 .text.SearchDataBase_byID
                0x2000a53c      0x220 ./src/sub-systemCode/payload/DataBase/DataBase.o
                0x2000a53c                SearchDataBase_byID
 .text.checkForFileType
                0x2000a75c       0x68 ./src/sub-systemCode/payload/DataBase/DataBase.o
                0x2000a75c                checkForFileType
 .text.updateFileTypes
                0x2000a7c4       0xbc ./src/sub-systemCode/payload/DataBase/DataBase.o
                0x2000a7c4                updateFileTypes
 .text.GetImageFactor
                0x2000a880       0x58 ./src/sub-systemCode/payload/DataBase/DataBase.o
                0x2000a880                GetImageFactor
 .text.readImageFromBuffer
                0x2000a8d8      0x12c ./src/sub-systemCode/payload/DataBase/DataBase.o
                0x2000a8d8                readImageFromBuffer
 .text.saveImageToBuffer
                0x2000aa04      0x12c ./src/sub-systemCode/payload/DataBase/DataBase.o
                0x2000aa04                saveImageToBuffer
 .text.getLatestID
                0x2000ab30       0x48 ./src/sub-systemCode/payload/DataBase/DataBase.o
                0x2000ab30                getLatestID
 .text.getDataBaseStart
                0x2000ab78       0x20 ./src/sub-systemCode/payload/DataBase/DataBase.o
                0x2000ab78                getDataBaseStart
 .text.setDataBaseValues
                0x2000ab98      0x1d8 ./src/sub-systemCode/payload/DataBase/DataBase.o
                0x2000ab98                setDataBaseValues
 .text.initImageDataBase
                0x2000ad70      0x1b0 ./src/sub-systemCode/payload/DataBase/DataBase.o
                0x2000ad70                initImageDataBase
 .text.resetImageDataBase
                0x2000af20       0x98 ./src/sub-systemCode/payload/DataBase/DataBase.o
                0x2000af20                resetImageDataBase
 .text.setCameraPhotographyValues
                0x2000afb8      0x10c ./src/sub-systemCode/payload/DataBase/DataBase.o
                0x2000afb8                setCameraPhotographyValues
 .text.transferImageToSD_withoutSearch
                0x2000b0c4      0x15c ./src/sub-systemCode/payload/DataBase/DataBase.o
                0x2000b0c4                transferImageToSD_withoutSearch
 .text.transferImageToSD
                0x2000b220       0xb4 ./src/sub-systemCode/payload/DataBase/DataBase.o
                0x2000b220                transferImageToSD
 .text.DeleteImageFromOBC_withoutSearch
                0x2000b2d4       0xe0 ./src/sub-systemCode/payload/DataBase/DataBase.o
                0x2000b2d4                DeleteImageFromOBC_withoutSearch
 .text.DeleteImageFromOBC
                0x2000b3b4       0xb4 ./src/sub-systemCode/payload/DataBase/DataBase.o
                0x2000b3b4                DeleteImageFromOBC
 .text.DeleteImageFromPayload
                0x2000b468      0x25c ./src/sub-systemCode/payload/DataBase/DataBase.o
                0x2000b468                DeleteImageFromPayload
 .text.clearImageDataBase
                0x2000b6c4      0x114 ./src/sub-systemCode/payload/DataBase/DataBase.o
                0x2000b6c4                clearImageDataBase
 .text.writeNewImageMetaDataToFRAM
                0x2000b7d8      0x234 ./src/sub-systemCode/payload/DataBase/DataBase.o
                0x2000b7d8                writeNewImageMetaDataToFRAM
 .text.takePicture
                0x2000ba0c      0x334 ./src/sub-systemCode/payload/DataBase/DataBase.o
                0x2000ba0c                takePicture
 .text.takePicture_withSpecialParameters
                0x2000bd40       0xbc ./src/sub-systemCode/payload/DataBase/DataBase.o
                0x2000bd40                takePicture_withSpecialParameters
 .text.GetImageFileName
                0x2000bdfc       0xc0 ./src/sub-systemCode/payload/DataBase/DataBase.o
                0x2000bdfc                GetImageFileName
 .text.getImageDataBaseBuffer
                0x2000bebc      0x3fc ./src/sub-systemCode/payload/DataBase/DataBase.o
                0x2000bebc                getImageDataBaseBuffer
 .text.TransformRawToBMP
                0x2000c2b8      0x1a8 ./src/sub-systemCode/payload/Compression/jpeg/bmp/rawToBMP.o
                0x2000c2b8                TransformRawToBMP
 .text.interpolate
                0x2000c460      0x8d0 ./src/sub-systemCode/payload/Compression/jpeg/bmp/rawToBMP.o
                0x2000c460                interpolate
 .text.getInputAt
                0x2000cd30      0x308 ./src/sub-systemCode/payload/Compression/jpeg/bmp/rawToBMP.o
                0x2000cd30                getInputAt
 .text.f_writeF_FILEHeader
                0x2000d038      0x2f0 ./src/sub-systemCode/payload/Compression/jpeg/bmp/rawToBMP.o
                0x2000d038                f_writeF_FILEHeader
 .text.f_writeOutputRow
                0x2000d328       0xbc ./src/sub-systemCode/payload/Compression/jpeg/bmp/rawToBMP.o
                0x2000d328                f_writeOutputRow
 .text.dct      0x2000d3e4      0x9c4 ./src/sub-systemCode/payload/Compression/jpeg/DCT.o
                0x2000d3e4                dct
 .text.JPEG_compressor
                0x2000dda8      0x104 ./src/sub-systemCode/payload/Compression/jpeg/ImgCompressor.o
                0x2000dda8                JPEG_compressor
 .text.Create_BMP_File
                0x2000deac       0xf4 ./src/sub-systemCode/payload/Compression/jpeg/ImgCompressor.o
                0x2000deac                Create_BMP_File
 .text.CompressImage
                0x2000dfa0      0x1cc ./src/sub-systemCode/payload/Compression/jpeg/ImgCompressor.o
                0x2000dfa0                CompressImage
 .text.clamp    0x2000e16c       0x60 ./src/sub-systemCode/payload/Compression/jpeg/color_conv.o
                0x2000e16c                clamp
 .text.RGB_to_YCC
                0x2000e1cc      0x1a8 ./src/sub-systemCode/payload/Compression/jpeg/color_conv.o
                0x2000e1cc                RGB_to_YCC
 .text.RGB_to_Y
                0x2000e374       0xc4 ./src/sub-systemCode/payload/Compression/jpeg/color_conv.o
                0x2000e374                RGB_to_Y
 .text.Y_to_YCC
                0x2000e438       0x88 ./src/sub-systemCode/payload/Compression/jpeg/color_conv.o
                0x2000e438                Y_to_YCC
 .text.compress_image_to_jpeg_file
                0x2000e4c0      0x18c ./src/sub-systemCode/payload/Compression/jpeg/jpeg.o
                0x2000e4c0                compress_image_to_jpeg_file
 .text.emit_marker
                0x2000e64c       0xc8 ./src/sub-systemCode/payload/Compression/jpeg/jpeg_encoder.o
                0x2000e64c                emit_marker
 .text.emit_byte
                0x2000e714       0x6c ./src/sub-systemCode/payload/Compression/jpeg/jpeg_encoder.o
                0x2000e714                emit_byte
 .text.emit_word
                0x2000e780       0xd0 ./src/sub-systemCode/payload/Compression/jpeg/jpeg_encoder.o
                0x2000e780                emit_word
 .text.emit_jfif_app0
                0x2000e850       0xc0 ./src/sub-systemCode/payload/Compression/jpeg/jpeg_encoder.o
                0x2000e850                emit_jfif_app0
 .text.emit_dqt
                0x2000e910       0xd8 ./src/sub-systemCode/payload/Compression/jpeg/jpeg_encoder.o
                0x2000e910                emit_dqt
 .text.emit_sof
                0x2000e9e8      0x14c ./src/sub-systemCode/payload/Compression/jpeg/jpeg_encoder.o
                0x2000e9e8                emit_sof
 .text.emit_dht
                0x2000eb34      0x138 ./src/sub-systemCode/payload/Compression/jpeg/jpeg_encoder.o
                0x2000eb34                emit_dht
 .text.emit_dhts
                0x2000ec6c       0xd8 ./src/sub-systemCode/payload/Compression/jpeg/jpeg_encoder.o
                0x2000ec6c                emit_dhts
 .text.emit_sos
                0x2000ed44       0xec ./src/sub-systemCode/payload/Compression/jpeg/jpeg_encoder.o
                0x2000ed44                emit_sos
 .text.emit_markers
                0x2000ee30       0x4c ./src/sub-systemCode/payload/Compression/jpeg/jpeg_encoder.o
                0x2000ee30                emit_markers
 .text.compute_huffman_table
                0x2000ee7c      0x334 ./src/sub-systemCode/payload/Compression/jpeg/jpeg_encoder.o
                0x2000ee7c                compute_huffman_table
 .text.compute_quant_table
                0x2000f1b0      0x11c ./src/sub-systemCode/payload/Compression/jpeg/jpeg_encoder.o
                0x2000f1b0                compute_quant_table
 .text.first_pass_init
                0x2000f2cc       0x54 ./src/sub-systemCode/payload/Compression/jpeg/jpeg_encoder.o
                0x2000f2cc                first_pass_init
 .text.second_pass_init
                0x2000f320      0x110 ./src/sub-systemCode/payload/Compression/jpeg/jpeg_encoder.o
                0x2000f320                second_pass_init
 .text.jpg_open
                0x2000f430      0x7b4 ./src/sub-systemCode/payload/Compression/jpeg/jpeg_encoder.o
                0x2000f430                jpg_open
 .text.load_block_8_8_grey
                0x2000fbe4      0x164 ./src/sub-systemCode/payload/Compression/jpeg/jpeg_encoder.o
                0x2000fbe4                load_block_8_8_grey
 .text.load_block_8_8
                0x2000fd48      0x198 ./src/sub-systemCode/payload/Compression/jpeg/jpeg_encoder.o
                0x2000fd48                load_block_8_8
 .text.load_block_16_8
                0x2000fee0      0x3cc ./src/sub-systemCode/payload/Compression/jpeg/jpeg_encoder.o
                0x2000fee0                load_block_16_8
 .text.load_block_16_8_8
                0x200102ac      0x2a8 ./src/sub-systemCode/payload/Compression/jpeg/jpeg_encoder.o
                0x200102ac                load_block_16_8_8
 .text.load_coefficients
                0x20010554      0x1c8 ./src/sub-systemCode/payload/Compression/jpeg/jpeg_encoder.o
                0x20010554                load_coefficients
 .text.flush_output_buffer
                0x2001071c       0xa0 ./src/sub-systemCode/payload/Compression/jpeg/jpeg_encoder.o
                0x2001071c                flush_output_buffer
 .text.put_bits
                0x200107bc      0x170 ./src/sub-systemCode/payload/Compression/jpeg/jpeg_encoder.o
                0x200107bc                put_bits
 .text.code_coefficients_pass_two
                0x2001092c      0x338 ./src/sub-systemCode/payload/Compression/jpeg/jpeg_encoder.o
                0x2001092c                code_coefficients_pass_two
 .text.code_block
                0x20010c64       0x44 ./src/sub-systemCode/payload/Compression/jpeg/jpeg_encoder.o
                0x20010c64                code_block
 .text.process_mcu_row
                0x20010ca8      0x328 ./src/sub-systemCode/payload/Compression/jpeg/jpeg_encoder.o
                0x20010ca8                process_mcu_row
 .text.terminate_pass_two
                0x20010fd0       0x44 ./src/sub-systemCode/payload/Compression/jpeg/jpeg_encoder.o
                0x20010fd0                terminate_pass_two
 .text.process_end_of_image
                0x20011014       0xc0 ./src/sub-systemCode/payload/Compression/jpeg/jpeg_encoder.o
                0x20011014                process_end_of_image
 .text.load_mcu
                0x200110d4      0x29c ./src/sub-systemCode/payload/Compression/jpeg/jpeg_encoder.o
                0x200110d4                load_mcu
 .text.clear    0x20011370      0x1e0 ./src/sub-systemCode/payload/Compression/jpeg/jpeg_encoder.o
                0x20011370                clear
 .text.init     0x20011550       0xe4 ./src/sub-systemCode/payload/Compression/jpeg/jpeg_encoder.o
                0x20011550                init
 .text.deinit   0x20011634      0x160 ./src/sub-systemCode/payload/Compression/jpeg/jpeg_encoder.o
                0x20011634                deinit
 .text.process_scanline
                0x20011794       0x6c ./src/sub-systemCode/payload/Compression/jpeg/jpeg_encoder.o
                0x20011794                process_scanline
 .text.jpge_malloc
                0x20011800       0x28 ./src/sub-systemCode/payload/Compression/jpeg/jpeg_memory_alloc.o
                0x20011800                jpge_malloc
 .text.jpge_cmalloc
                0x20011828       0x48 ./src/sub-systemCode/payload/Compression/jpeg/jpeg_memory_alloc.o
                0x20011828                jpge_cmalloc
 .text.jpge_free
                0x20011870       0x24 ./src/sub-systemCode/payload/Compression/jpeg/jpeg_memory_alloc.o
                0x20011870                jpge_free
 .text.check    0x20011894       0x78 ./src/sub-systemCode/payload/Compression/jpeg/jpeg_params.o
                0x20011894                check
 .text.open_jpeg_file
                0x2001190c       0xfc ./src/sub-systemCode/payload/Compression/jpeg/output_stream.o
                0x2001190c                open_jpeg_file
 .text.close_jpeg_file
                0x20011a08      0x118 ./src/sub-systemCode/payload/Compression/jpeg/output_stream.o
                0x20011a08                close_jpeg_file
 .text.put_buf  0x20011b20      0x258 ./src/sub-systemCode/payload/Compression/jpeg/output_stream.o
                0x20011b20                put_buf
 .text.GetBayerPixel
                0x20011d78       0xe8 ./src/sub-systemCode/payload/Compression/ImageConversion.o
 .text.BinImage
                0x20011e60      0x2c8 ./src/sub-systemCode/payload/Compression/ImageConversion.o
                0x20011e60                BinImage
 .text.ImageSkipping
                0x20012128      0x2ac ./src/sub-systemCode/payload/Compression/ImageConversion.o
                0x20012128                ImageSkipping
 .text.CreateImageThumbnail_withoutSearch
                0x200123d4      0x14c ./src/sub-systemCode/payload/Compression/ImageConversion.o
                0x200123d4                CreateImageThumbnail_withoutSearch
 .text.CreateImageThumbnail
                0x20012520       0x94 ./src/sub-systemCode/payload/Compression/ImageConversion.o
                0x20012520                CreateImageThumbnail
 .text.compressImage
                0x200125b4      0x17c ./src/sub-systemCode/payload/Compression/ImageConversion.o
                0x200125b4                compressImage
 .text.cmd_mute
                0x20012730       0xc4 ./src/sub-systemCode/Main/CMD/COMM_CMD.o
                0x20012730                cmd_mute
 .text.cmd_unmute
                0x200127f4       0x50 ./src/sub-systemCode/Main/CMD/COMM_CMD.o
                0x200127f4                cmd_unmute
 .text.cmd_active_trans
                0x20012844       0xc0 ./src/sub-systemCode/Main/CMD/COMM_CMD.o
                0x20012844                cmd_active_trans
 .text.cmd_shut_trans
                0x20012904       0x38 ./src/sub-systemCode/Main/CMD/COMM_CMD.o
                0x20012904                cmd_shut_trans
 .text.cmd_change_trans_rssi
                0x2001293c      0x100 ./src/sub-systemCode/Main/CMD/COMM_CMD.o
                0x2001293c                cmd_change_trans_rssi
 .text.cmd_aprs_dump
                0x20012a3c       0x50 ./src/sub-systemCode/Main/CMD/COMM_CMD.o
                0x20012a3c                cmd_aprs_dump
 .text.cmd_stop_dump
                0x20012a8c       0x38 ./src/sub-systemCode/Main/CMD/COMM_CMD.o
                0x20012a8c                cmd_stop_dump
 .text.cmd_time_frequency
                0x20012ac4       0xc0 ./src/sub-systemCode/Main/CMD/COMM_CMD.o
                0x20012ac4                cmd_time_frequency
 .text.cmd_change_def_bit_rate
                0x20012b84      0x158 ./src/sub-systemCode/Main/CMD/COMM_CMD.o
                0x20012b84                cmd_change_def_bit_rate
 .text.cmd_upload_volt_logic
                0x20012cdc      0x3d0 ./src/sub-systemCode/Main/CMD/EPS_CMD.o
                0x20012cdc                cmd_upload_volt_logic
 .text.cmd_upload_volt_COMM
                0x200130ac      0x1c8 ./src/sub-systemCode/Main/CMD/EPS_CMD.o
                0x200130ac                cmd_upload_volt_COMM
 .text.cmd_heater_temp
                0x20013274       0xc0 ./src/sub-systemCode/Main/CMD/EPS_CMD.o
                0x20013274                cmd_heater_temp
 .text.cmd_SHUT_CAM
                0x20013334       0x6c ./src/sub-systemCode/Main/CMD/EPS_CMD.o
                0x20013334                cmd_SHUT_CAM
 .text.cmd_SHUT_ADCS
                0x200133a0       0x6c ./src/sub-systemCode/Main/CMD/EPS_CMD.o
                0x200133a0                cmd_SHUT_ADCS
 .text.cmd_allow_CAM
                0x2001340c       0x6c ./src/sub-systemCode/Main/CMD/EPS_CMD.o
                0x2001340c                cmd_allow_CAM
 .text.cmd_allow_ADCS
                0x20013478       0x6c ./src/sub-systemCode/Main/CMD/EPS_CMD.o
                0x20013478                cmd_allow_ADCS
 .text.cmd_generic_I2C
                0x200134e4       0xb4 ./src/sub-systemCode/Main/CMD/General_CMD.o
                0x200134e4                cmd_generic_I2C
 .text.cmd_dump
                0x20013598       0xf0 ./src/sub-systemCode/Main/CMD/General_CMD.o
                0x20013598                cmd_dump
 .text.cmd_delete_TM
                0x20013688      0x1dc ./src/sub-systemCode/Main/CMD/General_CMD.o
                0x20013688                cmd_delete_TM
 .text.cmd_reset_file
                0x20013864      0x110 ./src/sub-systemCode/Main/CMD/General_CMD.o
                0x20013864                cmd_reset_file
 .text.cmd_dummy_func
                0x20013974       0x40 ./src/sub-systemCode/Main/CMD/General_CMD.o
                0x20013974                cmd_dummy_func
 .text.cmd_soft_reset_cmponent
                0x200139b4       0xb0 ./src/sub-systemCode/Main/CMD/General_CMD.o
                0x200139b4                cmd_soft_reset_cmponent
 .text.cmd_hard_reset_cmponent
                0x20013a64       0xb0 ./src/sub-systemCode/Main/CMD/General_CMD.o
                0x20013a64                cmd_hard_reset_cmponent
 .text.cmd_reset_satellite
                0x20013b14       0x78 ./src/sub-systemCode/Main/CMD/General_CMD.o
                0x20013b14                cmd_reset_satellite
 .text.cmd_gracefull_reset_satellite
                0x20013b8c       0x78 ./src/sub-systemCode/Main/CMD/General_CMD.o
                0x20013b8c                cmd_gracefull_reset_satellite
 .text.cmd_upload_time
                0x20013c04       0xb0 ./src/sub-systemCode/Main/CMD/General_CMD.o
                0x20013c04                cmd_upload_time
 .text.cmd_ARM_DIARM
                0x20013cb4       0xd4 ./src/sub-systemCode/Main/CMD/General_CMD.o
                0x20013cb4                cmd_ARM_DIARM
 .text.cmd_get_onlineTM
                0x20013d88       0xb8 ./src/sub-systemCode/Main/CMD/General_CMD.o
                0x20013d88                cmd_get_onlineTM
 .text.cmd_reset_off_line
                0x20013e40       0x68 ./src/sub-systemCode/Main/CMD/General_CMD.o
                0x20013e40                cmd_reset_off_line
 .text.cmd_add_item_off_line
                0x20013ea8       0xf0 ./src/sub-systemCode/Main/CMD/General_CMD.o
                0x20013ea8                cmd_add_item_off_line
 .text.cmd_reset_delayed_command_list
                0x20013f98       0x3c ./src/sub-systemCode/Main/CMD/SW_CMD.o
                0x20013f98                cmd_reset_delayed_command_list
 .text.cmd_reset_APRS_list
                0x20013fd4       0x3c ./src/sub-systemCode/Main/CMD/SW_CMD.o
                0x20013fd4                cmd_reset_APRS_list
 .text.cmd_reset_FRAM
                0x20014010       0xe8 ./src/sub-systemCode/Main/CMD/SW_CMD.o
                0x20014010                cmd_reset_FRAM
 .text.ARM_ants
                0x200140f8       0xb8 ./src/sub-systemCode/Main/Ants.o
                0x200140f8                ARM_ants
 .text.DISARM_ants
                0x200141b0       0xb8 ./src/sub-systemCode/Main/Ants.o
                0x200141b0                DISARM_ants
 .text.round_vol
                0x20014268      0x124 ./src/sub-systemCode/Main/EPS.o
                0x20014268                round_vol
 .text.get_shut_ADCS
                0x2001438c       0x48 ./src/sub-systemCode/Main/EPS.o
                0x2001438c                get_shut_ADCS
 .text.shut_ADCS
                0x200143d4       0x44 ./src/sub-systemCode/Main/EPS.o
                0x200143d4                shut_ADCS
 .text.get_shut_CAM
                0x20014418       0x48 ./src/sub-systemCode/Main/EPS.o
                0x20014418                get_shut_CAM
 .text.shut_CAM
                0x20014460       0x44 ./src/sub-systemCode/Main/EPS.o
                0x20014460                shut_CAM
 .text.update_powerLines
                0x200144a4       0xec ./src/sub-systemCode/Main/EPS.o
                0x200144a4                update_powerLines
 .text.init_enterMode
                0x20014590       0x88 ./src/sub-systemCode/Main/EPS.o
                0x20014590                init_enterMode
 .text.EPS_Init
                0x20014618      0x1c8 ./src/sub-systemCode/Main/EPS.o
                0x20014618                EPS_Init
 .text.reset_FRAM_EPS
                0x200147e0       0xa4 ./src/sub-systemCode/Main/EPS.o
                0x200147e0                reset_FRAM_EPS
 .text.reset_EPS_voltages
                0x20014884       0xbc ./src/sub-systemCode/Main/EPS.o
                0x20014884                reset_EPS_voltages
 .text.EPS_Conditioning
                0x20014940      0x158 ./src/sub-systemCode/Main/EPS.o
                0x20014940                EPS_Conditioning
 .text.overRide_ADCS
                0x20014a98       0x50 ./src/sub-systemCode/Main/EPS.o
                0x20014a98                overRide_ADCS
 .text.overRide_Camera
                0x20014ae8       0x38 ./src/sub-systemCode/Main/EPS.o
                0x20014ae8                overRide_Camera
 .text.EnterFullMode
                0x20014b20       0xfc ./src/sub-systemCode/Main/EPS.o
                0x20014b20                EnterFullMode
 .text.EnterCruiseMode
                0x20014c1c       0xec ./src/sub-systemCode/Main/EPS.o
                0x20014c1c                EnterCruiseMode
 .text.EnterSafeMode
                0x20014d08       0xec ./src/sub-systemCode/Main/EPS.o
                0x20014d08                EnterSafeMode
 .text.EnterCriticalMode
                0x20014df4       0xd8 ./src/sub-systemCode/Main/EPS.o
                0x20014df4                EnterCriticalMode
 .text.find_fileName
                0x20014ecc      0x5e4 ./src/sub-systemCode/Main/HouseKeeping.o
                0x20014ecc                find_fileName
 .text.size_of_element
                0x200154b0      0x108 ./src/sub-systemCode/Main/HouseKeeping.o
                0x200154b0                size_of_element
 .text.save_ACK
                0x200155b8       0xc0 ./src/sub-systemCode/Main/HouseKeeping.o
                0x200155b8                save_ACK
 .text.set_GP_EPS
                0x20015678      0x10c ./src/sub-systemCode/Main/HouseKeeping.o
                0x20015678                set_GP_EPS
 .text.set_GP_COMM
                0x20015784       0x88 ./src/sub-systemCode/Main/HouseKeeping.o
                0x20015784                set_GP_COMM
 .text.SP_HK_collect
                0x2001580c      0x17c ./src/sub-systemCode/Main/HouseKeeping.o
                0x2001580c                SP_HK_collect
 .text.EPS_HK_collect
                0x20015988      0x4d8 ./src/sub-systemCode/Main/HouseKeeping.o
                0x20015988                EPS_HK_collect
 .text.CAM_HK_collect
                0x20015e60      0x91c ./src/sub-systemCode/Main/HouseKeeping.o
                0x20015e60                CAM_HK_collect
 .text.COMM_HK_collect
                0x2001677c      0x154 ./src/sub-systemCode/Main/HouseKeeping.o
                0x2001677c                COMM_HK_collect
 .text.COMM_create_file
                0x200168d0       0x74 ./src/sub-systemCode/Main/HouseKeeping.o
                0x200168d0                COMM_create_file
 .text.ACK_create_file
                0x20016944       0x74 ./src/sub-systemCode/Main/HouseKeeping.o
                0x20016944                ACK_create_file
 .text.EPS_create_file
                0x200169b8       0x74 ./src/sub-systemCode/Main/HouseKeeping.o
                0x200169b8                EPS_create_file
 .text.CAM_create_file
                0x20016a2c       0x54 ./src/sub-systemCode/Main/HouseKeeping.o
                0x20016a2c                CAM_create_file
 .text.SP_create_file
                0x20016a80       0x54 ./src/sub-systemCode/Main/HouseKeeping.o
                0x20016a80                SP_create_file
 .text.create_files
                0x20016ad4       0x48 ./src/sub-systemCode/Main/HouseKeeping.o
                0x20016ad4                create_files
 .text.save_SP_HK
                0x20016b1c       0x70 ./src/sub-systemCode/Main/HouseKeeping.o
                0x20016b1c                save_SP_HK
 .text.save_EPS_HK
                0x20016b8c       0x70 ./src/sub-systemCode/Main/HouseKeeping.o
                0x20016b8c                save_EPS_HK
 .text.save_CAM_HK
                0x20016bfc       0x84 ./src/sub-systemCode/Main/HouseKeeping.o
                0x20016bfc                save_CAM_HK
 .text.save_COMM_HK
                0x20016c80       0x70 ./src/sub-systemCode/Main/HouseKeeping.o
                0x20016c80                save_COMM_HK
 .text.EPS_HK_raw_BigEnE
                0x20016cf0      0x194 ./src/sub-systemCode/Main/HouseKeeping.o
                0x20016cf0                EPS_HK_raw_BigEnE
 .text.CAM_HK_raw_BigEnE
                0x20016e84      0x194 ./src/sub-systemCode/Main/HouseKeeping.o
                0x20016e84                CAM_HK_raw_BigEnE
 .text.COMM_HK_raw_BigEnE
                0x20017018      0x194 ./src/sub-systemCode/Main/HouseKeeping.o
                0x20017018                COMM_HK_raw_BigEnE
 .text.ADCS_HK_raw_BigEnE
                0x200171ac      0x194 ./src/sub-systemCode/Main/HouseKeeping.o
                0x200171ac                ADCS_HK_raw_BigEnE
 .text.ADCS_SC_raw_BigEnE
                0x20017340      0x188 ./src/sub-systemCode/Main/HouseKeeping.o
                0x20017340                ADCS_SC_raw_BigEnE
 .text.build_HK_spl_packet
                0x200174c8      0xa2c ./src/sub-systemCode/Main/HouseKeeping.o
                0x200174c8                build_HK_spl_packet
 .text.HouseKeeping_highRate_Task
                0x20017ef4       0x78 ./src/sub-systemCode/Main/HouseKeeping.o
                0x20017ef4                HouseKeeping_highRate_Task
 .text.HouseKeeping_lowRate_Task
                0x20017f6c       0x74 ./src/sub-systemCode/Main/HouseKeeping.o
                0x20017f6c                HouseKeeping_lowRate_Task
 .text.reset_FIRST_activation
                0x20017fe0       0x34 ./src/sub-systemCode/Main/Main_Init.o
                0x20017fe0                reset_FIRST_activation
 .text.test_menu
                0x20018014       0xb4 ./src/sub-systemCode/Main/Main_Init.o
                0x20018014                test_menu
 .text.printImage
                0x200180c8      0x158 ./src/sub-systemCode/Main/Main_Init.o
 .text.numberOfRestarts
                0x20018220       0x94 ./src/sub-systemCode/Main/Main_Init.o
                0x20018220                numberOfRestarts
 .text.StartFRAM
                0x200182b4       0x38 ./src/sub-systemCode/Main/Main_Init.o
                0x200182b4                StartFRAM
 .text.StartI2C
                0x200182ec       0x44 ./src/sub-systemCode/Main/Main_Init.o
                0x200182ec                StartI2C
 .text.StartSPI
                0x20018330       0x40 ./src/sub-systemCode/Main/Main_Init.o
                0x20018330                StartSPI
 .text.StartTIME
                0x20018370      0x118 ./src/sub-systemCode/Main/Main_Init.o
                0x20018370                StartTIME
 .text.first_activation
                0x20018488       0x78 ./src/sub-systemCode/Main/Main_Init.o
                0x20018488                first_activation
 .text.pre_written_test
                0x20018500       0xb4 ./src/sub-systemCode/Main/Main_Init.o
                0x20018500                pre_written_test
 .text.InitSubsystems
                0x200185b4       0xfc ./src/sub-systemCode/Main/Main_Init.o
                0x200185b4                InitSubsystems
 .text.SubSystemTaskStart
                0x200186b0       0xec ./src/sub-systemCode/Main/Main_Init.o
                0x200186b0                SubSystemTaskStart
 .text.copy_command
                0x2001879c       0x80 ./src/sub-systemCode/Main/commands.o
                0x2001879c                copy_command
 .text.reset_command
                0x2001881c       0x28 ./src/sub-systemCode/Main/commands.o
                0x2001881c                reset_command
 .text.init_command
                0x20018844       0xd4 ./src/sub-systemCode/Main/commands.o
                0x20018844                init_command
 .text.add_command
                0x20018918      0x138 ./src/sub-systemCode/Main/commands.o
                0x20018918                add_command
 .text.get_command
                0x20018a50      0x1cc ./src/sub-systemCode/Main/commands.o
                0x20018a50                get_command
 .text.act_upon_command
                0x20018c1c      0x240 ./src/sub-systemCode/Main/commands.o
                0x20018c1c                act_upon_command
 .text.cmd_error
                0x20018e5c       0x38 ./src/sub-systemCode/Main/commands.o
                0x20018e5c                cmd_error
 .text.AUC_COMM
                0x20018e94      0x25c ./src/sub-systemCode/Main/commands.o
                0x20018e94                AUC_COMM
 .text.AUC_general
                0x200190f0      0x17c ./src/sub-systemCode/Main/commands.o
                0x200190f0                AUC_general
 .text.AUC_payload
                0x2001926c      0x204 ./src/sub-systemCode/Main/commands.o
                0x2001926c                AUC_payload
 .text.AUC_EPS  0x20019470      0x248 ./src/sub-systemCode/Main/commands.o
                0x20019470                AUC_EPS
 .text.AUC_ADCS
                0x200196b8       0x5c ./src/sub-systemCode/Main/commands.o
                0x200196b8                AUC_ADCS
 .text.AUC_GS   0x20019714      0x1fc ./src/sub-systemCode/Main/commands.o
                0x20019714                AUC_GS
 .text.AUC_SW   0x20019910       0xe4 ./src/sub-systemCode/Main/commands.o
                0x20019910                AUC_SW
 .text.AUC_onlineTM
                0x200199f4      0x16c ./src/sub-systemCode/Main/commands.o
                0x200199f4                AUC_onlineTM
 .text.AUC_special_operation
                0x20019b60       0x8c ./src/sub-systemCode/Main/commands.o
                0x20019b60                AUC_special_operation
 .text.check_int
                0x20019bec       0x3c ./src/sub-systemCode/Global/Global.o
                0x20019bec                check_int
 .text.check_portBASE_TYPE
                0x20019c28       0x3c ./src/sub-systemCode/Global/Global.o
                0x20019c28                check_portBASE_TYPE
 .text.soft_reset_subsystem
                0x20019c64       0xd8 ./src/sub-systemCode/Global/Global.o
                0x20019c64                soft_reset_subsystem
 .text.hard_reset_subsystem
                0x20019d3c       0xfc ./src/sub-systemCode/Global/Global.o
                0x20019d3c                hard_reset_subsystem
 .text.BigEnE_raw_to_uInt
                0x20019e38       0x94 ./src/sub-systemCode/Global/Global.o
                0x20019e38                BigEnE_raw_to_uInt
 .text.BigEnE_raw_to_uShort
                0x20019ecc       0x50 ./src/sub-systemCode/Global/Global.o
                0x20019ecc                BigEnE_raw_to_uShort
 .text.BigEnE_uInt_to_raw
                0x20019f1c       0x78 ./src/sub-systemCode/Global/Global.o
                0x20019f1c                BigEnE_uInt_to_raw
 .text.reset_FRAM_MAIN
                0x20019f94      0x19c ./src/sub-systemCode/Global/Global.o
                0x20019f94                reset_FRAM_MAIN
 .text.getBitValueByIndex
                0x2001a130       0xd0 ./src/sub-systemCode/Global/Global.o
                0x2001a130                getBitValueByIndex
 .text.init_GP  0x2001a200      0x300 ./src/sub-systemCode/Global/GlobalParam.o
                0x2001a200                init_GP
 .text.get_system_state
                0x2001a500      0x268 ./src/sub-systemCode/Global/GlobalParam.o
                0x2001a500                get_system_state
 .text.set_system_state
                0x2001a768      0x298 ./src/sub-systemCode/Global/GlobalParam.o
                0x2001a768                set_system_state
 .text.get_current_global_param
                0x2001aa00      0x5c8 ./src/sub-systemCode/Global/GlobalParam.o
                0x2001aa00                get_current_global_param
 .text.set_Vbatt
                0x2001afc8       0x8c ./src/sub-systemCode/Global/GlobalParam.o
                0x2001afc8                set_Vbatt
 .text.get_Vbatt
                0x2001b054       0x8c ./src/sub-systemCode/Global/GlobalParam.o
                0x2001b054                get_Vbatt
 .text.set_curBat
                0x2001b0e0       0x8c ./src/sub-systemCode/Global/GlobalParam.o
                0x2001b0e0                set_curBat
 .text.set_cur3V3
                0x2001b16c       0x8c ./src/sub-systemCode/Global/GlobalParam.o
                0x2001b16c                set_cur3V3
 .text.set_cur5V
                0x2001b1f8       0x8c ./src/sub-systemCode/Global/GlobalParam.o
                0x2001b1f8                set_cur5V
 .text.set_tempComm_LO
                0x2001b284       0x8c ./src/sub-systemCode/Global/GlobalParam.o
                0x2001b284                set_tempComm_LO
 .text.set_tempComm_PA
                0x2001b310       0x8c ./src/sub-systemCode/Global/GlobalParam.o
                0x2001b310                set_tempComm_PA
 .text.set_tempEPS
                0x2001b39c       0xc8 ./src/sub-systemCode/Global/GlobalParam.o
                0x2001b39c                set_tempEPS
 .text.set_tempBatt
                0x2001b464       0xc8 ./src/sub-systemCode/Global/GlobalParam.o
                0x2001b464                set_tempBatt
 .text.set_RxDoppler
                0x2001b52c       0x8c ./src/sub-systemCode/Global/GlobalParam.o
                0x2001b52c                set_RxDoppler
 .text.set_RxRSSI
                0x2001b5b8       0x8c ./src/sub-systemCode/Global/GlobalParam.o
                0x2001b5b8                set_RxRSSI
 .text.set_TxRefl
                0x2001b644       0x8c ./src/sub-systemCode/Global/GlobalParam.o
                0x2001b644                set_TxRefl
 .text.set_TxForw
                0x2001b6d0       0x8c ./src/sub-systemCode/Global/GlobalParam.o
                0x2001b6d0                set_TxForw
 .text.get_ST   0x2001b75c       0x8c ./src/sub-systemCode/Global/GlobalParam.o
                0x2001b75c                get_ST
 .text.get_Attitude
                0x2001b7e8      0x128 ./src/sub-systemCode/Global/GlobalParam.o
                0x2001b7e8                get_Attitude
 .text.set_numOfAPRS
                0x2001b910       0x8c ./src/sub-systemCode/Global/GlobalParam.o
                0x2001b910                set_numOfAPRS
 .text.set_numOfResets
                0x2001b99c       0xac ./src/sub-systemCode/Global/GlobalParam.o
                0x2001b99c                set_numOfResets
 .text.set_ground_conn
                0x2001ba48       0xa0 ./src/sub-systemCode/Global/GlobalParam.o
                0x2001ba48                set_ground_conn
 .text.get_ground_conn
                0x2001bae8       0xa0 ./src/sub-systemCode/Global/GlobalParam.o
                0x2001bae8                get_ground_conn
 .text.IsisAntS_getStatusData_sideA
                0x2001bb88       0x3c ./src/sub-systemCode/Global/OnlineTM.o
                0x2001bb88                IsisAntS_getStatusData_sideA
 .text.IsisAntS_getAlltelemetry_sideA
                0x2001bbc4       0x3c ./src/sub-systemCode/Global/OnlineTM.o
                0x2001bbc4                IsisAntS_getAlltelemetry_sideA
 .text.IsisAntS_getTemperature_sideA
                0x2001bc00       0x3c ./src/sub-systemCode/Global/OnlineTM.o
                0x2001bc00                IsisAntS_getTemperature_sideA
 .text.IsisAntS_getStatusData_sideB
                0x2001bc3c       0x3c ./src/sub-systemCode/Global/OnlineTM.o
                0x2001bc3c                IsisAntS_getStatusData_sideB
 .text.IsisAntS_getAlltelemetry_sideB
                0x2001bc78       0x3c ./src/sub-systemCode/Global/OnlineTM.o
                0x2001bc78                IsisAntS_getAlltelemetry_sideB
 .text.IsisAntS_getTemperature_sideB
                0x2001bcb4       0x3c ./src/sub-systemCode/Global/OnlineTM.o
                0x2001bcb4                IsisAntS_getTemperature_sideB
 .text.get_item_by_index
                0x2001bcf0       0xd8 ./src/sub-systemCode/Global/OnlineTM.o
                0x2001bcf0                get_item_by_index
 .text.init_onlineParam
                0x2001bdc8      0xc80 ./src/sub-systemCode/Global/OnlineTM.o
                0x2001bdc8                init_onlineParam
 .text.reset_offline_TM_list
                0x2001ca48       0x50 ./src/sub-systemCode/Global/OnlineTM.o
                0x2001ca48                reset_offline_TM_list
 .text.get_online_packet
                0x2001ca98      0x254 ./src/sub-systemCode/Global/OnlineTM.o
                0x2001ca98                get_online_packet
 .text.add_onlineTM_param_to_save_list
                0x2001ccec      0x214 ./src/sub-systemCode/Global/OnlineTM.o
                0x2001ccec                add_onlineTM_param_to_save_list
 .text.delete_allTMFilesFromSD
                0x2001cf00       0xf8 ./src/sub-systemCode/Global/TLM_management.o
                0x2001cf00                delete_allTMFilesFromSD
 .text.getNumOfFilesInFS
                0x2001cff8       0x44 ./src/sub-systemCode/Global/TLM_management.o
 .text.setNumOfFilesInFS
                0x2001d03c       0x50 ./src/sub-systemCode/Global/TLM_management.o
 .text.f_managed_enterFS
                0x2001d08c       0x24 ./src/sub-systemCode/Global/TLM_management.o
                0x2001d08c                f_managed_enterFS
 .text.f_managed_releaseFS
                0x2001d0b0       0x18 ./src/sub-systemCode/Global/TLM_management.o
                0x2001d0b0                f_managed_releaseFS
 .text.f_managed_open
                0x2001d0c8       0x3c ./src/sub-systemCode/Global/TLM_management.o
                0x2001d0c8                f_managed_open
 .text.f_managed_close
                0x2001d104       0x2c ./src/sub-systemCode/Global/TLM_management.o
                0x2001d104                f_managed_close
 .text.InitializeFS
                0x2001d130      0x188 ./src/sub-systemCode/Global/TLM_management.o
                0x2001d130                InitializeFS
 .text.c_fileCreate
                0x2001d2b8       0xf4 ./src/sub-systemCode/Global/TLM_management.o
                0x2001d2b8                c_fileCreate
 .text.writewithEpochtime
                0x2001d3ac       0x9c ./src/sub-systemCode/Global/TLM_management.o
 .text.get_C_FILE_struct
                0x2001d448      0x104 ./src/sub-systemCode/Global/TLM_management.o
 .text.getFileIndex
                0x2001d54c       0x4c ./src/sub-systemCode/Global/TLM_management.o
 .text.get_file_name_by_index
                0x2001d598       0x54 ./src/sub-systemCode/Global/TLM_management.o
                0x2001d598                get_file_name_by_index
 .text.c_fileReset
                0x2001d5ec       0xbc ./src/sub-systemCode/Global/TLM_management.o
                0x2001d5ec                c_fileReset
 .text.c_fileWrite
                0x2001d6a8      0x138 ./src/sub-systemCode/Global/TLM_management.o
                0x2001d6a8                c_fileWrite
 .text.c_fileRead
                0x2001d7e0      0x2bc ./src/sub-systemCode/Global/TLM_management.o
                0x2001d7e0                c_fileRead
 .text.WriteLog
                0x2001da9c       0x94 ./src/sub-systemCode/Global/logger.o
                0x2001da9c                WriteLog
 .text.WritePayloadLog
                0x2001db30       0x54 ./src/sub-systemCode/Global/logger.o
                0x2001db30                WritePayloadLog
 .text.reset_APRS_list
                0x2001db84       0xa4 ./src/sub-systemCode/COMM/APRS.o
                0x2001db84                reset_APRS_list
 .text.send_APRS_Dump
                0x2001dc28      0x1c0 ./src/sub-systemCode/COMM/APRS.o
                0x2001dc28                send_APRS_Dump
 .text.check_APRS
                0x2001dde8      0x1a4 ./src/sub-systemCode/COMM/APRS.o
                0x2001dde8                check_APRS
 .text.get_APRS_list
                0x2001df8c       0x88 ./src/sub-systemCode/COMM/APRS.o
                0x2001df8c                get_APRS_list
 .text.find_CMD_in_list
                0x2001e014       0x7c ./src/sub-systemCode/COMM/DelayedCommand_list.o
                0x2001e014                find_CMD_in_list
 .text.find_empty_in_list
                0x2001e090       0x74 ./src/sub-systemCode/COMM/DelayedCommand_list.o
                0x2001e090                find_empty_in_list
 .text.check_delayCommandTime
                0x2001e104       0x8c ./src/sub-systemCode/COMM/DelayedCommand_list.o
                0x2001e104                check_delayCommandTime
 .text.execute_delayedCommand
                0x2001e190       0x64 ./src/sub-systemCode/COMM/DelayedCommand_list.o
                0x2001e190                execute_delayedCommand
 .text.check_delaycommand
                0x2001e1f4      0x170 ./src/sub-systemCode/COMM/DelayedCommand_list.o
                0x2001e1f4                check_delaycommand
 .text.reset_delayCommand
                0x2001e364       0x8c ./src/sub-systemCode/COMM/DelayedCommand_list.o
                0x2001e364                reset_delayCommand
 .text.add_delayCommand
                0x2001e3f0      0x1a4 ./src/sub-systemCode/COMM/DelayedCommand_list.o
                0x2001e3f0                add_delayCommand
 .text.get_delayCommand_list
                0x2001e594       0x80 ./src/sub-systemCode/COMM/DelayedCommand_list.o
                0x2001e594                get_delayCommand_list
 .text.EmptyOldestCommand
                0x2001e614       0xfc ./src/sub-systemCode/COMM/DelayedCommand_list.o
                0x2001e614                EmptyOldestCommand
 .text.decode_TCpacket
                0x2001e710      0x16c ./src/sub-systemCode/COMM/GSC.o
                0x2001e710                decode_TCpacket
 .text.encode_TCpacket
                0x2001e87c      0x114 ./src/sub-systemCode/COMM/GSC.o
                0x2001e87c                encode_TCpacket
 .text.encode_TMpacket
                0x2001e990      0x104 ./src/sub-systemCode/COMM/GSC.o
                0x2001e990                encode_TMpacket
 .text.build_raw_ACK
                0x2001ea94       0xbc ./src/sub-systemCode/COMM/GSC.o
                0x2001ea94                build_raw_ACK
 .text.build_data_field_ACK
                0x2001eb50       0x74 ./src/sub-systemCode/COMM/GSC.o
                0x2001eb50                build_data_field_ACK
 .text.toggle_idle_state
                0x2001ebc4       0x64 ./src/sub-systemCode/COMM/TRXVU.o
                0x2001ebc4                toggle_idle_state
 .text.TRXVU_init_hardWare
                0x2001ec28       0x98 ./src/sub-systemCode/COMM/TRXVU.o
                0x2001ec28                TRXVU_init_hardWare
 .text.TRXVU_init_softWare
                0x2001ecc0      0x1a4 ./src/sub-systemCode/COMM/TRXVU.o
                0x2001ecc0                TRXVU_init_softWare
 .text.init_trxvu
                0x2001ee64       0x14 ./src/sub-systemCode/COMM/TRXVU.o
                0x2001ee64                init_trxvu
 .text.TRXVU_task
                0x2001ee78       0x9c ./src/sub-systemCode/COMM/TRXVU.o
                0x2001ee78                TRXVU_task
 .text.dump_logic
                0x2001ef14      0x324 ./src/sub-systemCode/COMM/TRXVU.o
                0x2001ef14                dump_logic
 .text.Dump_task
                0x2001f238      0x16c ./src/sub-systemCode/COMM/TRXVU.o
                0x2001f238                Dump_task
 .text.transponder_logic
                0x2001f3a4       0xbc ./src/sub-systemCode/COMM/TRXVU.o
                0x2001f3a4                transponder_logic
 .text.Transponder_task
                0x2001f460      0x1f4 ./src/sub-systemCode/COMM/TRXVU.o
                0x2001f460                Transponder_task
 .text.lookForRequestToDelete_transponder
                0x2001f654       0xac ./src/sub-systemCode/COMM/TRXVU.o
                0x2001f654                lookForRequestToDelete_transponder
 .text.lookForRequestToDelete_dump
                0x2001f700       0x7c ./src/sub-systemCode/COMM/TRXVU.o
                0x2001f700                lookForRequestToDelete_dump
 .text.sendRequestToStop_dump
                0x2001f77c       0x8c ./src/sub-systemCode/COMM/TRXVU.o
                0x2001f77c                sendRequestToStop_dump
 .text.sendRequestToStop_transponder
                0x2001f808       0x98 ./src/sub-systemCode/COMM/TRXVU.o
                0x2001f808                sendRequestToStop_transponder
 .text.Rx_logic
                0x2001f8a0      0x184 ./src/sub-systemCode/COMM/TRXVU.o
                0x2001f8a0                Rx_logic
 .text.pass_above_Ground
                0x2001fa24      0x104 ./src/sub-systemCode/COMM/TRXVU.o
                0x2001fa24                pass_above_Ground
 .text.trxvu_logic
                0x2001fb28       0x1c ./src/sub-systemCode/COMM/TRXVU.o
                0x2001fb28                trxvu_logic
 .text.Beacon_task
                0x2001fb44      0x170 ./src/sub-systemCode/COMM/TRXVU.o
                0x2001fb44                Beacon_task
 .text.buildAndSend_beacon
                0x2001fcb4      0x604 ./src/sub-systemCode/COMM/TRXVU.o
                0x2001fcb4                buildAndSend_beacon
 .text.reset_FRAM_TRXVU
                0x200202b8      0x160 ./src/sub-systemCode/COMM/TRXVU.o
                0x200202b8                reset_FRAM_TRXVU
 .text.TRX_sendFrame
                0x20020418      0x1c0 ./src/sub-systemCode/COMM/TRXVU.o
                0x20020418                TRX_sendFrame
 .text.TRX_getFrameData
                0x200205d8      0x128 ./src/sub-systemCode/COMM/TRXVU.o
                0x200205d8                TRX_getFrameData
 .text.mute_Tx  0x20020700       0x20 ./src/sub-systemCode/COMM/TRXVU.o
                0x20020700                mute_Tx
 .text.unmute_Tx
                0x20020720       0x60 ./src/sub-systemCode/COMM/TRXVU.o
                0x20020720                unmute_Tx
 .text.check_time_off_mute
                0x20020780       0x88 ./src/sub-systemCode/COMM/TRXVU.o
                0x20020780                check_time_off_mute
 .text.set_mute_time
                0x20020808       0xb4 ./src/sub-systemCode/COMM/TRXVU.o
                0x20020808                set_mute_time
 .text.change_TRXVU_state
                0x200208bc       0xd0 ./src/sub-systemCode/COMM/TRXVU.o
                0x200208bc                change_TRXVU_state
 .text.change_trans_RSSI
                0x2002098c       0x60 ./src/sub-systemCode/COMM/TRXVU.o
                0x2002098c                change_trans_RSSI
 .text.init_adcs
                0x200209ec      0x104 ./src/sub-systemCode/ADCS/ADCS.o
                0x200209ec                init_adcs
 .text.telemtryStart
                0x20020af0      0x16c ./src/sub-systemCode/ADCS/Stage_Table.o
                0x20020af0                telemtryStart
 .text.powerStart
                0x20020c5c       0x5c ./src/sub-systemCode/ADCS/Stage_Table.o
                0x20020c5c                powerStart
 .text.createTable
                0x20020cb8       0xb4 ./src/sub-systemCode/ADCS/Stage_Table.o
                0x20020cb8                createTable
 .text.buildControlMode
                0x20020d6c       0x60 ./src/sub-systemCode/ADCS/Stage_Table.o
                0x20020d6c                buildControlMode
 .text.Check_Table
                0x20020dcc      0x178 ./src/sub-systemCode/ADCS/Stage_Table.o
                0x20020dcc                Check_Table
 .text.updateTable
                0x20020f44      0x1f0 ./src/sub-systemCode/ADCS/Stage_Table.o
                0x20020f44                updateTable
 .text.translateCommandFULL
                0x20021134       0x78 ./src/sub-systemCode/ADCS/Stage_Table.o
                0x20021134                translateCommandFULL
 .text.getTableTo
                0x200211ac       0x64 ./src/sub-systemCode/ADCS/Stage_Table.o
                0x200211ac                getTableTo
 .text.save_time
                0x20021210       0x9c ./src/main.o
                0x20021210                save_time
 .text.Command_logic
                0x200212ac       0x6c ./src/main.o
                0x200212ac                Command_logic
 .text.taskMain
                0x20021318       0x74 ./src/main.o
                0x20021318                taskMain
 .text.main     0x2002138c       0xbc ./src/main.o
                0x2002138c                main
 .text.GomEpsInitialize
                0x20021448      0x148 C:/ISIS/workspace/HOOPOE3/satellite-subsystems/demo/..//satellite-subsystems/lib\libSatelliteSubsystemsD.a(GomEPS.o)
                0x20021448                GomEpsInitialize
 .text.makeEPStransfer
                0x20021590       0x3c C:/ISIS/workspace/HOOPOE3/satellite-subsystems/demo/..//satellite-subsystems/lib\libSatelliteSubsystemsD.a(GomEPS.o)
 .text.GomEpsPing
                0x200215cc       0xf8 C:/ISIS/workspace/HOOPOE3/satellite-subsystems/demo/..//satellite-subsystems/lib\libSatelliteSubsystemsD.a(GomEPS.o)
                0x200215cc                GomEpsPing
 .text.GomEpsSoftReset
                0x200216c4       0xc4 C:/ISIS/workspace/HOOPOE3/satellite-subsystems/demo/..//satellite-subsystems/lib\libSatelliteSubsystemsD.a(GomEPS.o)
                0x200216c4                GomEpsSoftReset
 .text.GomEpsHardReset
                0x20021788       0xa8 C:/ISIS/workspace/HOOPOE3/satellite-subsystems/demo/..//satellite-subsystems/lib\libSatelliteSubsystemsD.a(GomEPS.o)
                0x20021788                GomEpsHardReset
 .text.GomEpsGetHkData_param
                0x20021830      0x29c C:/ISIS/workspace/HOOPOE3/satellite-subsystems/demo/..//satellite-subsystems/lib\libSatelliteSubsystemsD.a(GomEPS.o)
                0x20021830                GomEpsGetHkData_param
 .text.GomEpsGetHkData_general
                0x20021acc      0x45c C:/ISIS/workspace/HOOPOE3/satellite-subsystems/demo/..//satellite-subsystems/lib\libSatelliteSubsystemsD.a(GomEPS.o)
                0x20021acc                GomEpsGetHkData_general
 .text.GomEpsGetHkData_vi
                0x20021f28      0x188 C:/ISIS/workspace/HOOPOE3/satellite-subsystems/demo/..//satellite-subsystems/lib\libSatelliteSubsystemsD.a(GomEPS.o)
                0x20021f28                GomEpsGetHkData_vi
 .text.GomEpsGetHkData_out
                0x200220b0      0x21c C:/ISIS/workspace/HOOPOE3/satellite-subsystems/demo/..//satellite-subsystems/lib\libSatelliteSubsystemsD.a(GomEPS.o)
                0x200220b0                GomEpsGetHkData_out
 .text.GomEpsGetHkData_wdt
                0x200222cc      0x2b4 C:/ISIS/workspace/HOOPOE3/satellite-subsystems/demo/..//satellite-subsystems/lib\libSatelliteSubsystemsD.a(GomEPS.o)
                0x200222cc                GomEpsGetHkData_wdt
 .text.GomEpsGetHkData_basic
                0x20022580      0x22c C:/ISIS/workspace/HOOPOE3/satellite-subsystems/demo/..//satellite-subsystems/lib\libSatelliteSubsystemsD.a(GomEPS.o)
                0x20022580                GomEpsGetHkData_basic
 .text.GomEpsSetOutput
                0x200227ac       0xbc C:/ISIS/workspace/HOOPOE3/satellite-subsystems/demo/..//satellite-subsystems/lib\libSatelliteSubsystemsD.a(GomEPS.o)
                0x200227ac                GomEpsSetOutput
 .text.GomEpsResetWDT
                0x20022868       0xc4 C:/ISIS/workspace/HOOPOE3/satellite-subsystems/demo/..//satellite-subsystems/lib\libSatelliteSubsystemsD.a(GomEPS.o)
                0x20022868                GomEpsResetWDT
 .text.GomEpsConfigGet
                0x2002292c      0x16c C:/ISIS/workspace/HOOPOE3/satellite-subsystems/demo/..//satellite-subsystems/lib\libSatelliteSubsystemsD.a(GomEPS.o)
                0x2002292c                GomEpsConfigGet
 .text.GomEpsConfigSet
                0x20022a98      0x184 C:/ISIS/workspace/HOOPOE3/satellite-subsystems/demo/..//satellite-subsystems/lib\libSatelliteSubsystemsD.a(GomEPS.o)
                0x20022a98                GomEpsConfigSet
 .text.GomEpsConfig2Get
                0x20022c1c      0x16c C:/ISIS/workspace/HOOPOE3/satellite-subsystems/demo/..//satellite-subsystems/lib\libSatelliteSubsystemsD.a(GomEPS.o)
                0x20022c1c                GomEpsConfig2Get
 .text.makeAntStransfer
                0x20022d88       0x4c C:/ISIS/workspace/HOOPOE3/satellite-subsystems/demo/..//satellite-subsystems/lib\libSatelliteSubsystemsD.a(IsisAntS.o)
 .text.checkInputsValid
                0x20022dd4       0x7c C:/ISIS/workspace/HOOPOE3/satellite-subsystems/demo/..//satellite-subsystems/lib\libSatelliteSubsystemsD.a(IsisAntS.o)
 .text.IsisAntS_setArmStatus
                0x20022e50      0x104 C:/ISIS/workspace/HOOPOE3/satellite-subsystems/demo/..//satellite-subsystems/lib\libSatelliteSubsystemsD.a(IsisAntS.o)
                0x20022e50                IsisAntS_setArmStatus
 .text.IsisAntS_getStatusData
                0x20022f54      0x120 C:/ISIS/workspace/HOOPOE3/satellite-subsystems/demo/..//satellite-subsystems/lib\libSatelliteSubsystemsD.a(IsisAntS.o)
                0x20022f54                IsisAntS_getStatusData
 .text.IsisAntS_getTemperature
                0x20023074      0x120 C:/ISIS/workspace/HOOPOE3/satellite-subsystems/demo/..//satellite-subsystems/lib\libSatelliteSubsystemsD.a(IsisAntS.o)
                0x20023074                IsisAntS_getTemperature
 .text.IsisAntS_getAlltelemetry
                0x20023194      0x120 C:/ISIS/workspace/HOOPOE3/satellite-subsystems/demo/..//satellite-subsystems/lib\libSatelliteSubsystemsD.a(IsisAntS.o)
                0x20023194                IsisAntS_getAlltelemetry
 .text.IsisAntS_reset
                0x200232b4      0x104 C:/ISIS/workspace/HOOPOE3/satellite-subsystems/demo/..//satellite-subsystems/lib\libSatelliteSubsystemsD.a(IsisAntS.o)
                0x200232b4                IsisAntS_reset
 .text.IsisSolarPanelv2_initialize
                0x200233b8       0xb4 C:/ISIS/workspace/HOOPOE3/satellite-subsystems/demo/..//satellite-subsystems/lib\libSatelliteSubsystemsD.a(IsisSolarPanelv2.o)
                0x200233b8                IsisSolarPanelv2_initialize
 .text.IsisSolarPanelv2_getTemperature
                0x2002346c       0xc8 C:/ISIS/workspace/HOOPOE3/satellite-subsystems/demo/..//satellite-subsystems/lib\libSatelliteSubsystemsD.a(IsisSolarPanelv2.o)
                0x2002346c                IsisSolarPanelv2_getTemperature
 .text.IsisSolarPanelv2_sleep
                0x20023534       0xbc C:/ISIS/workspace/HOOPOE3/satellite-subsystems/demo/..//satellite-subsystems/lib\libSatelliteSubsystemsD.a(IsisSolarPanelv2.o)
                0x20023534                IsisSolarPanelv2_sleep
 .text.IsisSolarPanelv2_wakeup
                0x200235f0       0x80 C:/ISIS/workspace/HOOPOE3/satellite-subsystems/demo/..//satellite-subsystems/lib\libSatelliteSubsystemsD.a(IsisSolarPanelv2.o)
                0x200235f0                IsisSolarPanelv2_wakeup
 .text._Reset   0x20023670       0x20 C:/ISIS/workspace/HOOPOE3/satellite-subsystems/demo/..//satellite-subsystems/lib\libSatelliteSubsystemsD.a(IsisSolarPanelv2.o)
 .text._WaitForStartup
                0x20023690       0x90 C:/ISIS/workspace/HOOPOE3/satellite-subsystems/demo/..//satellite-subsystems/lib\libSatelliteSubsystemsD.a(IsisSolarPanelv2.o)
 .text._AssignAllChannels
                0x20023720       0x90 C:/ISIS/workspace/HOOPOE3/satellite-subsystems/demo/..//satellite-subsystems/lib\libSatelliteSubsystemsD.a(IsisSolarPanelv2.o)
 .text._AssignThisChannel
                0x200237b0       0xe8 C:/ISIS/workspace/HOOPOE3/satellite-subsystems/demo/..//satellite-subsystems/lib\libSatelliteSubsystemsD.a(IsisSolarPanelv2.o)
 .text._InitiateConversion
                0x20023898       0xac C:/ISIS/workspace/HOOPOE3/satellite-subsystems/demo/..//satellite-subsystems/lib\libSatelliteSubsystemsD.a(IsisSolarPanelv2.o)
 .text._WaitForConversionComplete
                0x20023944      0x100 C:/ISIS/workspace/HOOPOE3/satellite-subsystems/demo/..//satellite-subsystems/lib\libSatelliteSubsystemsD.a(IsisSolarPanelv2.o)
 .text._ReadResult
                0x20023a44      0x158 C:/ISIS/workspace/HOOPOE3/satellite-subsystems/demo/..//satellite-subsystems/lib\libSatelliteSubsystemsD.a(IsisSolarPanelv2.o)
 .text._ExtractByte
                0x20023b9c       0x38 C:/ISIS/workspace/HOOPOE3/satellite-subsystems/demo/..//satellite-subsystems/lib\libSatelliteSubsystemsD.a(IsisSolarPanelv2.o)
 .text._ExtendSign
                0x20023bd4       0x6c C:/ISIS/workspace/HOOPOE3/satellite-subsystems/demo/..//satellite-subsystems/lib\libSatelliteSubsystemsD.a(IsisSolarPanelv2.o)
 .text._PinsInit
                0x20023c40       0x50 C:/ISIS/workspace/HOOPOE3/satellite-subsystems/demo/..//satellite-subsystems/lib\libSatelliteSubsystemsD.a(IsisSolarPanelv2.o)
 .text._SpiWriteRead
                0x20023c90       0x70 C:/ISIS/workspace/HOOPOE3/satellite-subsystems/demo/..//satellite-subsystems/lib\libSatelliteSubsystemsD.a(IsisSolarPanelv2.o)
 .text.IsisTrxvu_initialize
                0x20023d00      0x2f4 C:/ISIS/workspace/HOOPOE3/satellite-subsystems/demo/..//satellite-subsystems/lib\libSatelliteSubsystemsD.a(IsisTRXVU.o)
                0x20023d00                IsisTrxvu_initialize
 .text.makeTRXVUtransfer
                0x20023ff4       0x44 C:/ISIS/workspace/HOOPOE3/satellite-subsystems/demo/..//satellite-subsystems/lib\libSatelliteSubsystemsD.a(IsisTRXVU.o)
 .text.IsisTrxvu_componentSoftReset
                0x20024038       0x6c C:/ISIS/workspace/HOOPOE3/satellite-subsystems/demo/..//satellite-subsystems/lib\libSatelliteSubsystemsD.a(IsisTRXVU.o)
                0x20024038                IsisTrxvu_componentSoftReset
 .text.IsisTrxvu_componentHardReset
                0x200240a4       0xc8 C:/ISIS/workspace/HOOPOE3/satellite-subsystems/demo/..//satellite-subsystems/lib\libSatelliteSubsystemsD.a(IsisTRXVU.o)
                0x200240a4                IsisTrxvu_componentHardReset
 .text.IsisTrxvu_softReset
                0x2002416c       0x74 C:/ISIS/workspace/HOOPOE3/satellite-subsystems/demo/..//satellite-subsystems/lib\libSatelliteSubsystemsD.a(IsisTRXVU.o)
                0x2002416c                IsisTrxvu_softReset
 .text.IsisTrxvu_hardReset
                0x200241e0       0x74 C:/ISIS/workspace/HOOPOE3/satellite-subsystems/demo/..//satellite-subsystems/lib\libSatelliteSubsystemsD.a(IsisTRXVU.o)
                0x200241e0                IsisTrxvu_hardReset
 .text.IsisTrxvu_tcSendAX25DefClSign
                0x20024254       0xec C:/ISIS/workspace/HOOPOE3/satellite-subsystems/demo/..//satellite-subsystems/lib\libSatelliteSubsystemsD.a(IsisTRXVU.o)
                0x20024254                IsisTrxvu_tcSendAX25DefClSign
 .text.IsisTrxvu_tcSetIdlestate
                0x20024340       0xa4 C:/ISIS/workspace/HOOPOE3/satellite-subsystems/demo/..//satellite-subsystems/lib\libSatelliteSubsystemsD.a(IsisTRXVU.o)
                0x20024340                IsisTrxvu_tcSetIdlestate
 .text.IsisTrxvu_tcSetAx25Bitrate
                0x200243e4       0xc4 C:/ISIS/workspace/HOOPOE3/satellite-subsystems/demo/..//satellite-subsystems/lib\libSatelliteSubsystemsD.a(IsisTRXVU.o)
                0x200243e4                IsisTrxvu_tcSetAx25Bitrate
 .text.IsisTrxvu_tcGetTelemetryAll
                0x200244a8       0xd0 C:/ISIS/workspace/HOOPOE3/satellite-subsystems/demo/..//satellite-subsystems/lib\libSatelliteSubsystemsD.a(IsisTRXVU.o)
                0x200244a8                IsisTrxvu_tcGetTelemetryAll
 .text.IsisTrxvu_tcGetTelemetryAll_revC
                0x20024578       0xd0 C:/ISIS/workspace/HOOPOE3/satellite-subsystems/demo/..//satellite-subsystems/lib\libSatelliteSubsystemsD.a(IsisTRXVU.o)
                0x20024578                IsisTrxvu_tcGetTelemetryAll_revC
 .text.IsisTrxvu_rcGetFrameCount
                0x20024648       0xa0 C:/ISIS/workspace/HOOPOE3/satellite-subsystems/demo/..//satellite-subsystems/lib\libSatelliteSubsystemsD.a(IsisTRXVU.o)
                0x20024648                IsisTrxvu_rcGetFrameCount
 .text.IsisTrxvu_rcGetCommandFrame
                0x200246e8      0x2d8 C:/ISIS/workspace/HOOPOE3/satellite-subsystems/demo/..//satellite-subsystems/lib\libSatelliteSubsystemsD.a(IsisTRXVU.o)
                0x200246e8                IsisTrxvu_rcGetCommandFrame
 .text.IsisTrxvu_rcGetTelemetryAll
                0x200249c0       0xd0 C:/ISIS/workspace/HOOPOE3/satellite-subsystems/demo/..//satellite-subsystems/lib\libSatelliteSubsystemsD.a(IsisTRXVU.o)
                0x200249c0                IsisTrxvu_rcGetTelemetryAll
 .text.IsisTrxvu_rcGetTelemetryAll_revC
                0x20024a90       0xec C:/ISIS/workspace/HOOPOE3/satellite-subsystems/demo/..//satellite-subsystems/lib\libSatelliteSubsystemsD.a(IsisTRXVU.o)
                0x20024a90                IsisTrxvu_rcGetTelemetryAll_revC
 .text.cspaceADCS_initialize
                0x20024b7c      0x18c C:/ISIS/workspace/HOOPOE3/satellite-subsystems/demo/..//satellite-subsystems/lib\libSatelliteSubsystemsD.a(cspaceADCS.o)
                0x20024b7c                cspaceADCS_initialize
 .text.make_cspaceADCStransfer
                0x20024d08      0x1b4 C:/ISIS/workspace/HOOPOE3/satellite-subsystems/demo/..//satellite-subsystems/lib\libSatelliteSubsystemsD.a(cspaceADCS.o)
 .text.cspaceADCS_componentReset
                0x20024ebc       0xbc C:/ISIS/workspace/HOOPOE3/satellite-subsystems/demo/..//satellite-subsystems/lib\libSatelliteSubsystemsD.a(cspaceADCS.o)
                0x20024ebc                cspaceADCS_componentReset
 .text.cspaceADCS_setRunMode
                0x20024f78       0xbc C:/ISIS/workspace/HOOPOE3/satellite-subsystems/demo/..//satellite-subsystems/lib\libSatelliteSubsystemsD.a(cspaceADCS.o)
                0x20024f78                cspaceADCS_setRunMode
 .text.cspaceADCS_setPwrCtrlDevice
                0x20025034       0xd0 C:/ISIS/workspace/HOOPOE3/satellite-subsystems/demo/..//satellite-subsystems/lib\libSatelliteSubsystemsD.a(cspaceADCS.o)
                0x20025034                cspaceADCS_setPwrCtrlDevice
 .text.cspaceADCS_setAttCtrlMode
                0x20025104       0xd0 C:/ISIS/workspace/HOOPOE3/satellite-subsystems/demo/..//satellite-subsystems/lib\libSatelliteSubsystemsD.a(cspaceADCS.o)
                0x20025104                cspaceADCS_setAttCtrlMode
 .text.cspaceADCS_setAttEstMode
                0x200251d4       0xbc C:/ISIS/workspace/HOOPOE3/satellite-subsystems/demo/..//satellite-subsystems/lib\libSatelliteSubsystemsD.a(cspaceADCS.o)
                0x200251d4                cspaceADCS_setAttEstMode
 .text.cspaceADCS_getCurrentState
                0x20025290       0xc4 C:/ISIS/workspace/HOOPOE3/satellite-subsystems/demo/..//satellite-subsystems/lib\libSatelliteSubsystemsD.a(cspaceADCS.o)
                0x20025290                cspaceADCS_getCurrentState
 .text.cspaceADCS_getPwrCtrlDevice
                0x20025354       0xc4 C:/ISIS/workspace/HOOPOE3/satellite-subsystems/demo/..//satellite-subsystems/lib\libSatelliteSubsystemsD.a(cspaceADCS.o)
                0x20025354                cspaceADCS_getPwrCtrlDevice
 .text.GECKO_Init