Archive member included because of file (symbol)

c:/isis/application/toolchain/bin/../lib/gcc/arm-none-eabi/4.7.4/../../../../arm-none-eabi/lib\libc_s.a(lib_a-vfprintf_float.o)
                              (_printf_float)
c:/isis/application/toolchain/bin/../lib/gcc/arm-none-eabi/4.7.4/../../../../arm-none-eabi/lib\libc_s.a(lib_a-vfprintf_i.o)
                              c:/isis/application/toolchain/bin/../lib/gcc/arm-none-eabi/4.7.4/../../../../arm-none-eabi/lib\libc_s.a(lib_a-vfprintf_float.o) (_printf_common)
c:/isis/application/toolchain/bin/../lib/gcc/arm-none-eabi/4.7.4/../../../../arm-none-eabi/lib\libc_s.a(lib_a-vfscanf_float.o)
                              (_scanf_float)
c:/isis/application/toolchain/bin/../lib/gcc/arm-none-eabi/4.7.4/../../../../arm-none-eabi/lib\libc_s.a(lib_a-dtoa.o)
                              c:/isis/application/toolchain/bin/../lib/gcc/arm-none-eabi/4.7.4/../../../../arm-none-eabi/lib\libc_s.a(lib_a-vfprintf_float.o) (_dtoa_r)
c:/isis/application/toolchain/bin/../lib/gcc/arm-none-eabi/4.7.4/../../../../arm-none-eabi/lib\libc_s.a(lib_a-locale.o)
                              c:/isis/application/toolchain/bin/../lib/gcc/arm-none-eabi/4.7.4/../../../../arm-none-eabi/lib\libc_s.a(lib_a-vfprintf_float.o) (_localeconv_r)
c:/isis/application/toolchain/bin/../lib/gcc/arm-none-eabi/4.7.4/../../../../arm-none-eabi/lib\libc_s.a(lib_a-malloc.o)
                              c:/isis/application/toolchain/bin/../lib/gcc/arm-none-eabi/4.7.4/../../../../arm-none-eabi/lib\libc_s.a(lib_a-dtoa.o) (malloc)
c:/isis/application/toolchain/bin/../lib/gcc/arm-none-eabi/4.7.4/../../../../arm-none-eabi/lib\libc_s.a(lib_a-mallocr.o)
                              c:/isis/application/toolchain/bin/../lib/gcc/arm-none-eabi/4.7.4/../../../../arm-none-eabi/lib\libc_s.a(lib_a-malloc.o) (_malloc_r)
c:/isis/application/toolchain/bin/../lib/gcc/arm-none-eabi/4.7.4/../../../../arm-none-eabi/lib\libc_s.a(lib_a-memcpy.o)
                              c:/isis/application/toolchain/bin/../lib/gcc/arm-none-eabi/4.7.4/../../../../arm-none-eabi/lib\libc_s.a(lib_a-dtoa.o) (memcpy)
c:/isis/application/toolchain/bin/../lib/gcc/arm-none-eabi/4.7.4/../../../../arm-none-eabi/lib\libc_s.a(lib_a-mprec.o)
                              c:/isis/application/toolchain/bin/../lib/gcc/arm-none-eabi/4.7.4/../../../../arm-none-eabi/lib\libc_s.a(lib_a-dtoa.o) (_Balloc)
c:/isis/application/toolchain/bin/../lib/gcc/arm-none-eabi/4.7.4/../../../../arm-none-eabi/lib\libc_s.a(lib_a-s_fpclassify.o)
                              c:/isis/application/toolchain/bin/../lib/gcc/arm-none-eabi/4.7.4/../../../../arm-none-eabi/lib\libc_s.a(lib_a-vfprintf_float.o) (__fpclassifyd)
c:/isis/application/toolchain/bin/../lib/gcc/arm-none-eabi/4.7.4/../../../../arm-none-eabi/lib\libc_s.a(lib_a-sbrkr.o)
                              c:/isis/application/toolchain/bin/../lib/gcc/arm-none-eabi/4.7.4/../../../../arm-none-eabi/lib\libc_s.a(lib_a-mallocr.o) (_sbrk_r)
c:/isis/application/toolchain/bin/../lib/gcc/arm-none-eabi/4.7.4/../../../../arm-none-eabi/lib\libc_s.a(lib_a-sf_nan.o)
                              c:/isis/application/toolchain/bin/../lib/gcc/arm-none-eabi/4.7.4/../../../../arm-none-eabi/lib\libc_s.a(lib_a-vfscanf_float.o) (nanf)
c:/isis/application/toolchain/bin/../lib/gcc/arm-none-eabi/4.7.4/../../../../arm-none-eabi/lib\libc_s.a(lib_a-sprintf.o)
                              c:/isis/application/toolchain/bin/../lib/gcc/arm-none-eabi/4.7.4/../../../../arm-none-eabi/lib\libc_s.a(lib_a-vfscanf_float.o) (sprintf)
c:/isis/application/toolchain/bin/../lib/gcc/arm-none-eabi/4.7.4/../../../../arm-none-eabi/lib\libc_s.a(lib_a-strcmp.o)
                              c:/isis/application/toolchain/bin/../lib/gcc/arm-none-eabi/4.7.4/../../../../arm-none-eabi/lib\libc_s.a(lib_a-locale.o) (strcmp)
c:/isis/application/toolchain/bin/../lib/gcc/arm-none-eabi/4.7.4/../../../../arm-none-eabi/lib\libc_s.a(lib_a-strlen.o)
                              c:/isis/application/toolchain/bin/../lib/gcc/arm-none-eabi/4.7.4/../../../../arm-none-eabi/lib\libc_s.a(lib_a-vfprintf_float.o) (strlen)
c:/isis/application/toolchain/bin/../lib/gcc/arm-none-eabi/4.7.4/../../../../arm-none-eabi/lib\libc_s.a(lib_a-strtod.o)
                              c:/isis/application/toolchain/bin/../lib/gcc/arm-none-eabi/4.7.4/../../../../arm-none-eabi/lib\libc_s.a(lib_a-vfscanf_float.o) (_strtod_r)
c:/isis/application/toolchain/bin/../lib/gcc/arm-none-eabi/4.7.4/../../../../arm-none-eabi/lib\libc_s.a(lib_a-strtol.o)
                              c:/isis/application/toolchain/bin/../lib/gcc/arm-none-eabi/4.7.4/../../../../arm-none-eabi/lib\libc_s.a(lib_a-vfscanf_float.o) (_strtol_r)
c:/isis/application/toolchain/bin/../lib/gcc/arm-none-eabi/4.7.4/../../../../arm-none-eabi/lib\libc_s.a(lib_a-svfprintf.o)
                              c:/isis/application/toolchain/bin/../lib/gcc/arm-none-eabi/4.7.4/../../../../arm-none-eabi/lib\libc_s.a(lib_a-sprintf.o) (_svfprintf_r)
[...]
Memory Configuration

Name             Origin             Length             Attributes
sram0            0x00200000         0x00004000         w !xr
sram1            0x00300000         0x00004000         w !xr
sdram            0x20000000         0x02000000         w !xr
*default*        0x00000000         0xffffffff

Linker script and memory map

LOAD c:/isis/application/toolchain/bin/../lib/gcc/arm-none-eabi/4.7.4/../../../../arm-none-eabi/lib\libc_s.a
LOAD ./src/sub-systemCode/payload/Request Management/Dump/Butchering.o
LOAD ./src/sub-systemCode/payload/Request Management/Dump/imageDump.o
LOAD ./src/sub-systemCode/payload/Request Management/CameraManeger.o
LOAD ./src/sub-systemCode/payload/Request Management/DB_RequestHandling.o
LOAD ./src/sub-systemCode/payload/Misc/Boolean_bit.o
LOAD ./src/sub-systemCode/payload/Misc/FileSystem.o
LOAD ./src/sub-systemCode/payload/Drivers/GeckoCameraDriver.o
LOAD ./src/sub-systemCode/payload/DataBase/DataBase.o
LOAD ./src/sub-systemCode/payload/Compression/jpeg/bmp/rawToBMP.o
LOAD ./src/sub-systemCode/payload/Compression/jpeg/DCT.o
LOAD ./src/sub-systemCode/payload/Compression/jpeg/ImgCompressor.o
LOAD ./src/sub-systemCode/payload/Compression/jpeg/color_conv.o
LOAD ./src/sub-systemCode/payload/Compression/jpeg/jpeg.o
LOAD ./src/sub-systemCode/payload/Compression/jpeg/jpeg_encoder.o
LOAD ./src/sub-systemCode/payload/Compression/jpeg/jpeg_memory_alloc.o
LOAD ./src/sub-systemCode/payload/Compression/jpeg/jpeg_params.o
LOAD ./src/sub-systemCode/payload/Compression/jpeg/output_stream.o
LOAD ./src/sub-systemCode/payload/Compression/ImageConversion.o
LOAD ./src/sub-systemCode/Main/CMD/COMM_CMD.o
LOAD ./src/sub-systemCode/Main/CMD/EPS_CMD.o
LOAD ./src/sub-systemCode/Main/CMD/General_CMD.o
LOAD ./src/sub-systemCode/Main/CMD/SW_CMD.o
LOAD ./src/sub-systemCode/Main/CMD/payload_CMD.o
LOAD ./src/sub-systemCode/Main/Ants.o
LOAD ./src/sub-systemCode/Main/EPS.o
LOAD ./src/sub-systemCode/Main/HouseKeeping.o
LOAD ./src/sub-systemCode/Main/Main_Init.o
LOAD ./src/sub-systemCode/Main/commands.o
LOAD ./src/sub-systemCode/Global/Global.o
LOAD ./src/sub-systemCode/Global/GlobalParam.o
LOAD ./src/sub-systemCode/Global/OnlineTM.o
LOAD ./src/sub-systemCode/Global/TLM_management.o
LOAD ./src/sub-systemCode/Global/freertosExtended.o
LOAD ./src/sub-systemCode/Global/logger.o
LOAD ./src/sub-systemCode/COMM/APRS.o
LOAD ./src/sub-systemCode/COMM/DelayedCommand_list.o
LOAD ./src/sub-systemCode/COMM/GSC.o
LOAD ./src/sub-systemCode/COMM/TRXVU.o
LOAD ./src/sub-systemCode/ADCS/ADCS.o
LOAD ./src/sub-systemCode/ADCS/Stage_Table.o
LOAD ./src/main.o
LOAD C:/HOOPOE3/satellite-subsystems/demo/..//satellite-subsystems/lib\libSatelliteSubsystemsD.a
LOAD c:/isis/application/toolchain/bin/../lib/gcc/arm-none-eabi/4.7.4/../../../../arm-none-eabi/lib\libm.a
LOAD C:/HOOPOE3/satellite-subsystems/demo/../..//hal/hcc/lib\libHCCD.a
LOAD C:/HOOPOE3/satellite-subsystems/demo/../..//hal/hal/lib\libHALD.a
LOAD C:/HOOPOE3/satellite-subsystems/demo/../..//hal/freertos/lib\libFreeRTOSD.a
LOAD C:/HOOPOE3/satellite-subsystems/demo/../..//hal/at91/lib\libAt91D.a
START GROUP
LOAD c:/isis/application/toolchain/bin/../lib/gcc/arm-none-eabi/4.7.4\libgcc.a
LOAD c:/isis/application/toolchain/bin/../lib/gcc/arm-none-eabi/4.7.4/../../../../arm-none-eabi/lib\libc_s.a
END GROUP

.fixed          0x20000000    0x51c58
                0x20000000                . = ALIGN (0x4)
                0x20000000                _sfixed = .
 *(.startup)
 .startup       0x20000000      0x134 C:/HOOPOE3/satellite-subsystems/demo/../..//hal/at91/lib\libAt91D.a(board_cstartup.o)
                0x20000000                entry
 *(.text)
 .text          0x20000134       0x64 C:/HOOPOE3/satellite-subsystems/demo/../..//hal/at91/lib\libAt91D.a(cp15_asm.o)
                0x20000134                _readControlRegister
                0x20000140                _writeControlRegister
                0x20000148                _waitForInterrupt
                0x20000154                _writeTTB
                0x2000015c                _writeDomain
                0x20000164                _writeITLBLockdown
                0x2000016c                _prefetchICacheLine
                0x20000174                _flushDCache
                0x20000180                _flushWriteBuffer
                0x2000018c                _invalidateIDTLBs
 .text          0x20000198      0x114 c:/isis/application/toolchain/bin/../lib/gcc/arm-none-eabi/4.7.4\libgcc.a(_udivsi3.o)
                0x20000198                __aeabi_uidiv
                0x20000198                __udivsi3
                0x2000028c                __aeabi_uidivmod
 .text          0x200002ac      0x148 c:/isis/application/toolchain/bin/../lib/gcc/arm-none-eabi/4.7.4\libgcc.a(_divsi3.o)
                0x200002ac                __divsi3
                0x200002ac                __aeabi_idiv
                0x200003d4                __aeabi_idivmod
 .text          0x200003f4        0x4 c:/isis/application/toolchain/bin/../lib/gcc/arm-none-eabi/4.7.4\libgcc.a(_dvmd_tls.o)
                0x200003f4                __aeabi_idiv0
                0x200003f4                __aeabi_ldiv0
 .text          0x200003f8      0x41c c:/isis/application/toolchain/bin/../lib/gcc/arm-none-eabi/4.7.4\libgcc.a(_arm_addsubdf3.o)
                0x200003f8                __aeabi_drsub
                0x20000400                __aeabi_dsub
                0x20000400                __subdf3
                0x20000404                __aeabi_dadd
                0x20000404                __adddf3
                0x20000714                __floatunsidf
                0x20000714                __aeabi_ui2d
                0x20000738                __floatsidf
                0x20000738                __aeabi_i2d
                0x20000760                __aeabi_f2d
                0x20000760                __extendsfdf2
                0x200007a0                __floatundidf
                0x200007a0                __aeabi_ul2d
                0x200007b4                __floatdidf
                0x200007b4                __aeabi_l2d
 .text          0x20000814      0x49c c:/isis/application/toolchain/bin/../lib/gcc/arm-none-eabi/4.7.4\libgcc.a(_arm_muldivdf3.o)
                0x20000814                __aeabi_dmul
                0x20000814                __muldf3
                0x20000aa4                __divdf3
                0x20000aa4                __aeabi_ddiv
 .text          0x20000cb0      0x144 c:/isis/application/toolchain/bin/../lib/gcc/arm-none-eabi/4.7.4\libgcc.a(_arm_cmpdf2.o)
                0x20000cb0                __gtdf2
                0x20000cb0                __gedf2
                0x20000cb8                __ltdf2
                0x20000cb8                __ledf2
                0x20000cc0                __nedf2
                0x20000cc0                __eqdf2
                0x20000cc0                __cmpdf2
                0x20000d48                __aeabi_cdrcmple
                0x20000d64                __aeabi_cdcmpeq
                0x20000d64                __aeabi_cdcmple
                0x20000d7c                __aeabi_dcmpeq
                0x20000d94                __aeabi_dcmplt
                0x20000dac                __aeabi_dcmple
                0x20000dc4                __aeabi_dcmpge
                0x20000ddc                __aeabi_dcmpgt
 .text          0x20000df4       0x5c c:/isis/application/toolchain/bin/../lib/gcc/arm-none-eabi/4.7.4\libgcc.a(_arm_fixdfsi.o)
                0x20000df4                __aeabi_d2iz
                0x20000df4                __fixdfsi
 .text          0x20000e50       0x54 c:/isis/application/toolchain/bin/../lib/gcc/arm-none-eabi/4.7.4\libgcc.a(_arm_fixunsdfsi.o)
                0x20000e50                __aeabi_d2uiz
                0x20000e50                __fixunsdfsi
 .text          0x20000ea4       0xa0 c:/isis/application/toolchain/bin/../lib/gcc/arm-none-eabi/4.7.4\libgcc.a(_arm_truncdfsf2.o)
                0x20000ea4                __truncdfsf2
                0x20000ea4                __aeabi_d2f
 .text          0x20000f44      0x2ac c:/isis/application/toolchain/bin/../lib/gcc/arm-none-eabi/4.7.4\libgcc.a(_arm_addsubsf3.o)
                0x20000f44                __aeabi_frsub
                0x20000f4c                __subsf3
                0x20000f4c                __aeabi_fsub
                0x20000f50                __aeabi_fadd
                0x20000f50                __addsf3
                0x2000110c                __aeabi_ui2f
                0x2000110c                __floatunsisf
                0x20001114                __aeabi_i2f
                0x20001114                __floatsisf
                0x20001134                __aeabi_ul2f
                0x20001134                __floatundisf
                0x20001144                __aeabi_l2f
                0x20001144                __floatdisf
 .text          0x200011f0      0x2f8 c:/isis/application/toolchain/bin/../lib/gcc/arm-none-eabi/4.7.4\libgcc.a(_arm_muldivsf3.o)
                0x200011f0                __mulsf3
                0x200011f0                __aeabi_fmul
                0x20001388                __aeabi_fdiv
                0x20001388                __divsf3
 .text          0x200014e8      0x114 c:/isis/application/toolchain/bin/../lib/gcc/arm-none-eabi/4.7.4\libgcc.a(_arm_cmpsf2.o)
                0x200014e8                __gesf2
                0x200014e8                __gtsf2
                0x200014f0                __lesf2
                0x200014f0                __ltsf2
                0x200014f8                __nesf2
                0x200014f8                __eqsf2
                0x200014f8                __cmpsf2
                0x2000155c                __aeabi_cfrcmple
                0x2000156c                __aeabi_cfcmpeq
                0x2000156c                __aeabi_cfcmple
                0x20001584                __aeabi_fcmpeq
                0x2000159c                __aeabi_fcmplt
                0x200015b4                __aeabi_fcmple
                0x200015cc                __aeabi_fcmpge
                0x200015e4                __aeabi_fcmpgt
 .text          0x200015fc       0x5c c:/isis/application/toolchain/bin/../lib/gcc/arm-none-eabi/4.7.4\libgcc.a(_arm_fixsfsi.o)
                0x200015fc                __aeabi_f2iz
                0x200015fc                __fixsfsi
 .text          0x20001658       0x54 c:/isis/application/toolchain/bin/../lib/gcc/arm-none-eabi/4.7.4\libgcc.a(_arm_fixunssfsi.o)
                0x20001658                __fixunssfsi
                0x20001658                __aeabi_f2uiz
 *(.text*)
 .text.__cvt    0x200016ac      0x138 c:/isis/application/toolchain/bin/../lib/gcc/arm-none-eabi/4.7.4/../../../../arm-none-eabi/lib\libc_s.a(lib_a-vfprintf_float.o)
                0x200016ac                __cvt
 .text.__exponent
                0x200017e4       0xa8 c:/isis/application/toolchain/bin/../lib/gcc/arm-none-eabi/4.7.4/../../../../arm-none-eabi/lib\libc_s.a(lib_a-vfprintf_float.o)
                0x200017e4                __exponent
 .text._printf_float
                0x2000188c      0x7dc c:/isis/application/toolchain/bin/../lib/gcc/arm-none-eabi/4.7.4/../../../../arm-none-eabi/lib\libc_s.a(lib_a-vfprintf_float.o)
                0x2000188c                _printf_float
 .text._printf_common
                0x20002068      0x174 c:/isis/application/toolchain/bin/../lib/gcc/arm-none-eabi/4.7.4/../../../../arm-none-eabi/lib\libc_s.a(lib_a-vfprintf_i.o)
                0x20002068                _printf_common
 .text._printf_i
                0x200021dc      0x3c4 c:/isis/application/toolchain/bin/../lib/gcc/arm-none-eabi/4.7.4/../../../../arm-none-eabi/lib\libc_s.a(lib_a-vfprintf_i.o)
                0x200021dc                _printf_i
 .text._scanf_float
                0x200025a0      0x5f4 c:/isis/application/toolchain/bin/../lib/gcc/arm-none-eabi/4.7.4/../../../../arm-none-eabi/lib\libc_s.a(lib_a-vfscanf_float.o)
                0x200025a0                _scanf_float
 .text.quorem   0x20002b94      0x1ac c:/isis/application/toolchain/bin/../lib/gcc/arm-none-eabi/4.7.4/../../../../arm-none-eabi/lib\libc_s.a(lib_a-dtoa.o)
 .text._dtoa_r  0x20002d40     0x1268 c:/isis/application/toolchain/bin/../lib/gcc/arm-none-eabi/4.7.4/../../../../arm-none-eabi/lib\libc_s.a(lib_a-dtoa.o)
                0x20002d40                _dtoa_r
 .text._localeconv_r
                0x20003fa8        0xc c:/isis/application/toolchain/bin/../lib/gcc/arm-none-eabi/4.7.4/../../../../arm-none-eabi/lib\libc_s.a(lib_a-locale.o)
                0x20003fa8                _localeconv_r
 .text.malloc   0x20003fb4       0x20 c:/isis/application/toolchain/bin/../lib/gcc/arm-none-eabi/4.7.4/../../../../arm-none-eabi/lib\libc_s.a(lib_a-malloc.o)
                0x20003fb4                malloc
 .text.free     0x20003fd4       0x20 c:/isis/application/toolchain/bin/../lib/gcc/arm-none-eabi/4.7.4/../../../../arm-none-eabi/lib\libc_s.a(lib_a-malloc.o)
                0x20003fd4                free
 .text._malloc_r
                0x20003ff4       0xfc c:/isis/application/toolchain/bin/../lib/gcc/arm-none-eabi/4.7.4/../../../../arm-none-eabi/lib\libc_s.a(lib_a-mallocr.o)
                0x20003ff4                _malloc_r
 .text.memcpy   0x200040f0       0x20 c:/isis/application/toolchain/bin/../lib/gcc/arm-none-eabi/4.7.4/../../../../arm-none-eabi/lib\libc_s.a(lib_a-memcpy.o)
                0x200040f0                memcpy
 .text._Balloc  0x20004110       0xcc c:/isis/application/toolchain/bin/../lib/gcc/arm-none-eabi/4.7.4/../../../../arm-none-eabi/lib\libc_s.a(lib_a-mprec.o)
                0x20004110                _Balloc
 .text._Bfree   0x200041dc       0x5c c:/isis/application/toolchain/bin/../lib/gcc/arm-none-eabi/4.7.4/../../../../arm-none-eabi/lib\libc_s.a(lib_a-mprec.o)
                0x200041dc                _Bfree
 .text.__multadd
                0x20004238       0xbc c:/isis/application/toolchain/bin/../lib/gcc/arm-none-eabi/4.7.4/../../../../arm-none-eabi/lib\libc_s.a(lib_a-mprec.o)
                0x20004238                __multadd
 .text.__s2b    0x200042f4       0xd8 c:/isis/application/toolchain/bin/../lib/gcc/arm-none-eabi/4.7.4/../../../../arm-none-eabi/lib\libc_s.a(lib_a-mprec.o)
                0x200042f4                __s2b
 .text.__hi0bits
                0x200043cc       0x58 c:/isis/application/toolchain/bin/../lib/gcc/arm-none-eabi/4.7.4/../../../../arm-none-eabi/lib\libc_s.a(lib_a-mprec.o)
                0x200043cc                __hi0bits
 .text.__lo0bits
                0x20004424       0x94 c:/isis/application/toolchain/bin/../lib/gcc/arm-none-eabi/4.7.4/../../../../arm-none-eabi/lib\libc_s.a(lib_a-mprec.o)
                0x20004424                __lo0bits
 .text.__i2b    0x200044b8       0x24 c:/isis/application/toolchain/bin/../lib/gcc/arm-none-eabi/4.7.4/../../../../arm-none-eabi/lib\libc_s.a(lib_a-mprec.o)
                0x200044b8                __i2b
 .text.__multiply
                0x200044dc      0x1ac c:/isis/application/toolchain/bin/../lib/gcc/arm-none-eabi/4.7.4/../../../../arm-none-eabi/lib\libc_s.a(lib_a-mprec.o)
                0x200044dc                __multiply
 .text.__pow5mult
                0x20004688      0x10c c:/isis/application/toolchain/bin/../lib/gcc/arm-none-eabi/4.7.4/../../../../arm-none-eabi/lib\libc_s.a(lib_a-mprec.o)
                0x20004688                __pow5mult
 .text.__lshift
                0x20004794       0xf0 c:/isis/application/toolchain/bin/../lib/gcc/arm-none-eabi/4.7.4/../../../../arm-none-eabi/lib\libc_s.a(lib_a-mprec.o)
                0x20004794                __lshift
 .text.__mcmp   0x20004884       0x60 c:/isis/application/toolchain/bin/../lib/gcc/arm-none-eabi/4.7.4/../../../../arm-none-eabi/lib\libc_s.a(lib_a-mprec.o)
                0x20004884                __mcmp
 .text.__mdiff  0x200048e4      0x128 c:/isis/application/toolchain/bin/../lib/gcc/arm-none-eabi/4.7.4/../../../../arm-none-eabi/lib\libc_s.a(lib_a-mprec.o)
                0x200048e4                __mdiff
 .text.__ulp    0x20004a0c       0x5c c:/isis/application/toolchain/bin/../lib/gcc/arm-none-eabi/4.7.4/../../../../arm-none-eabi/lib\libc_s.a(lib_a-mprec.o)
                0x20004a0c                __ulp
 .text.__b2d    0x20004a68       0xc8 c:/isis/application/toolchain/bin/../lib/gcc/arm-none-eabi/4.7.4/../../../../arm-none-eabi/lib\libc_s.a(lib_a-mprec.o)
                0x20004a68                __b2d
 .text.__d2b    0x20004b30       0xfc c:/isis/application/toolchain/bin/../lib/gcc/arm-none-eabi/4.7.4/../../../../arm-none-eabi/lib\libc_s.a(lib_a-mprec.o)
                0x20004b30                __d2b
 .text.__ratio  0x20004c2c       0x70 c:/isis/application/toolchain/bin/../lib/gcc/arm-none-eabi/4.7.4/../../../../arm-none-eabi/lib\libc_s.a(lib_a-mprec.o)
                0x20004c2c                __ratio
 .text.__copybits
                0x20004c9c       0x4c c:/isis/application/toolchain/bin/../lib/gcc/arm-none-eabi/4.7.4/../../../../arm-none-eabi/lib\libc_s.a(lib_a-mprec.o)
                0x20004c9c                __copybits
 .text.__any_on
                0x20004ce8       0x7c c:/isis/application/toolchain/bin/../lib/gcc/arm-none-eabi/4.7.4/../../../../arm-none-eabi/lib\libc_s.a(lib_a-mprec.o)
                0x20004ce8                __any_on
 .text.__fpclassifyd
                0x20004d64       0x6c c:/isis/application/toolchain/bin/../lib/gcc/arm-none-eabi/4.7.4/../../../../arm-none-eabi/lib\libc_s.a(lib_a-s_fpclassify.o)
                0x20004d64                __fpclassifyd
 .text._sbrk_r  0x20004dd0       0x3c c:/isis/application/toolchain/bin/../lib/gcc/arm-none-eabi/4.7.4/../../../../arm-none-eabi/lib\libc_s.a(lib_a-sbrkr.o)
                0x20004dd0                _sbrk_r
 .text.nanf     0x20004e0c        0xc c:/isis/application/toolchain/bin/../lib/gcc/arm-none-eabi/4.7.4/../../../../arm-none-eabi/lib\libc_s.a(lib_a-sf_nan.o)
                0x20004e0c                nanf
 .text.sprintf  0x20004e18       0x6c c:/isis/application/toolchain/bin/../lib/gcc/arm-none-eabi/4.7.4/../../../../arm-none-eabi/lib\libc_s.a(lib_a-sprintf.o)
                0x20004e18                siprintf
                0x20004e18                sprintf
 .text.strcmp   0x20004e84       0x1c c:/isis/application/toolchain/bin/../lib/gcc/arm-none-eabi/4.7.4/../../../../arm-none-eabi/lib\libc_s.a(lib_a-strcmp.o)
                0x20004e84                strcmp
 .text.strlen   0x20004ea0       0x1c c:/isis/application/toolchain/bin/../lib/gcc/arm-none-eabi/4.7.4/../../../../arm-none-eabi/lib\libc_s.a(lib_a-strlen.o)
                0x20004ea0                strlen
 .text.match    0x20004ebc       0x54 c:/isis/application/toolchain/bin/../lib/gcc/arm-none-eabi/4.7.4/../../../../arm-none-eabi/lib\libc_s.a(lib_a-strtod.o)
 .text._strtod_r
                0x20004f10     0x1168 c:/isis/application/toolchain/bin/../lib/gcc/arm-none-eabi/4.7.4/../../../../arm-none-eabi/lib\libc_s.a(lib_a-strtod.o)
                0x20004f10                _strtod_r
 .text._strtol_r
                0x20006078      0x1b8 c:/isis/application/toolchain/bin/../lib/gcc/arm-none-eabi/4.7.4/../../../../arm-none-eabi/lib\libc_s.a(lib_a-strtol.o)
                0x20006078                _strtol_r
 .text.__ssputc_r
                0x20006230      0x10c c:/isis/application/toolchain/bin/../lib/gcc/arm-none-eabi/4.7.4/../../../../arm-none-eabi/lib\libc_s.a(lib_a-svfprintf.o)
                0x20006230                __ssputc_r
 .text._svfprintf_r
                0x2000633c      0x328 c:/isis/application/toolchain/bin/../lib/gcc/arm-none-eabi/4.7.4/../../../../arm-none-eabi/lib\libc_s.a(lib_a-svfprintf.o)
                0x2000633c                _svfiprintf_r
                0x2000633c                _svfprintf_r
 .text._calloc_r
                0x20006664       0x2c c:/isis/application/toolchain/bin/../lib/gcc/arm-none-eabi/4.7.4/../../../../arm-none-eabi/lib\libc_s.a(lib_a-callocr.o)
                0x20006664                _calloc_r
 .text._free_r  0x20006690      0x108 c:/isis/application/toolchain/bin/../lib/gcc/arm-none-eabi/4.7.4/../../../../arm-none-eabi/lib\libc_s.a(lib_a-freer.o)
                0x20006690                _free_r
 .text.rshift   0x20006798       0xb0 c:/isis/application/toolchain/bin/../lib/gcc/arm-none-eabi/4.7.4/../../../../arm-none-eabi/lib\libc_s.a(lib_a-gdtoa-gethex.o)
 .text.htinit.constprop.0
                0x20006848       0x34 c:/isis/application/toolchain/bin/../lib/gcc/arm-none-eabi/4.7.4/../../../../arm-none-eabi/lib\libc_s.a(lib_a-gdtoa-gethex.o)
 .text.__hexdig_init
                0x2000687c       0x38 c:/isis/application/toolchain/bin/../lib/gcc/arm-none-eabi/4.7.4/../../../../arm-none-eabi/lib\libc_s.a(lib_a-gdtoa-gethex.o)
                0x2000687c                __hexdig_init
 .text.__gethex
                0x200068b4      0x6cc c:/isis/application/toolchain/bin/../lib/gcc/arm-none-eabi/4.7.4/../../../../arm-none-eabi/lib\libc_s.a(lib_a-gdtoa-gethex.o)
                0x200068b4                __gethex
 .text.L_shift  0x20006f80       0x38 c:/isis/application/toolchain/bin/../lib/gcc/arm-none-eabi/4.7.4/../../../../arm-none-eabi/lib\libc_s.a(lib_a-gdtoa-hexnan.o)
 .text.__hexnan
                0x20006fb8      0x1d8 c:/isis/application/toolchain/bin/../lib/gcc/arm-none-eabi/4.7.4/../../../../arm-none-eabi/lib\libc_s.a(lib_a-gdtoa-hexnan.o)
                0x20006fb8                __hexnan
 .text.memchr   0x20007190       0x34 c:/isis/application/toolchain/bin/../lib/gcc/arm-none-eabi/4.7.4/../../../../arm-none-eabi/lib\libc_s.a(lib_a-memchr.o)
                0x20007190                memchr
 .text.memset   0x200071c4       0x1c c:/isis/application/toolchain/bin/../lib/gcc/arm-none-eabi/4.7.4/../../../../arm-none-eabi/lib\libc_s.a(lib_a-memset.o)
                0x200071c4                memset
 .text._realloc_r
                0x200071e0       0x80 c:/isis/application/toolchain/bin/../lib/gcc/arm-none-eabi/4.7.4/../../../../arm-none-eabi/lib\libc_s.a(lib_a-reallocr.o)
                0x200071e0                _realloc_r
 .text.strncmp  0x20007260       0x64 c:/isis/application/toolchain/bin/../lib/gcc/arm-none-eabi/4.7.4/../../../../arm-none-eabi/lib\libc_s.a(lib_a-strncmp.o)
                0x20007260                strncmp
 .text._malloc_usable_size_r
                0x200072c4       0x1c c:/isis/application/toolchain/bin/../lib/gcc/arm-none-eabi/4.7.4/../../../../arm-none-eabi/lib\libc_s.a(lib_a-msizer.o)
                0x200072c4                _malloc_usable_size_r
 .text.GetChunkFromImage
                0x200072e0      0x2e0 ./src/sub-systemCode/payload/Request Management/Dump/Butchering.o
                0x200072e0                GetChunkFromImage
 .text.SimpleButcher
                0x200075c0       0xf4 ./src/sub-systemCode/payload/Request Management/Dump/Butchering.o
                0x200075c0                SimpleButcher
 .text.readChunkDimentionsFromFRAM
                0x200076b4       0x80 ./src/sub-systemCode/payload/Request Management/Dump/imageDump.o
                0x200076b4                readChunkDimentionsFromFRAM
 .text.setChunkDimensions_inFRAM
                0x20007734      0x10c ./src/sub-systemCode/payload/Request Management/Dump/imageDump.o
                0x20007734                setChunkDimensions_inFRAM
 .text.find_subType_ofImage
                0x20007840       0xe0 ./src/sub-systemCode/payload/Request Management/Dump/imageDump.o
                0x20007840                find_subType_ofImage
 .text.buildAndSend_chunck
                0x20007920      0x320 ./src/sub-systemCode/payload/Request Management/Dump/imageDump.o
                0x20007920                buildAndSend_chunck
 .text.bitField_imageDump
                0x20007c40      0x2a4 ./src/sub-systemCode/payload/Request Management/Dump/imageDump.o
                0x20007c40                bitField_imageDump
 .text.imageDataBase_Dump
                0x20007ee4      0x104 ./src/sub-systemCode/payload/Request Management/Dump/imageDump.o
                0x20007ee4                imageDataBase_Dump
 .text.chunkField_imageDump
                0x20007fe8      0x244 ./src/sub-systemCode/payload/Request Management/Dump/imageDump.o
                0x20007fe8                chunkField_imageDump
 .text.imageDump_task
                0x2000822c      0x3f8 ./src/sub-systemCode/payload/Request Management/Dump/imageDump.o
                0x2000822c                imageDump_task
 .text.CameraManagerTaskMain
                0x20008624      0x110 ./src/sub-systemCode/payload/Request Management/CameraManeger.o
                0x20008624                CameraManagerTaskMain
 .text.initCamera
                0x20008734       0xc8 ./src/sub-systemCode/payload/Request Management/CameraManeger.o
                0x20008734                initCamera
 .text.KickStartCamera
                0x200087fc       0xb4 ./src/sub-systemCode/payload/Request Management/CameraManeger.o
                0x200087fc                KickStartCamera
 .text.addRequestToQueue
                0x200088b0       0xa8 ./src/sub-systemCode/payload/Request Management/CameraManeger.o
                0x200088b0                addRequestToQueue
 .text.removeRequestFromQueue
                0x20008958       0x7c ./src/sub-systemCode/payload/Request Management/CameraManeger.o
                0x20008958                removeRequestFromQueue
 .text.Take_pictures_with_time_in_between
                0x200089d4       0xc8 ./src/sub-systemCode/payload/Request Management/CameraManeger.o
                0x200089d4                Take_pictures_with_time_in_between
 .text.Gecko_TroubleShooter
                0x20008a9c       0xdc ./src/sub-systemCode/payload/Request Management/CameraManeger.o
                0x20008a9c                Gecko_TroubleShooter
 .text.startDumpTask
                0x20008b78       0x70 ./src/sub-systemCode/payload/Request Management/CameraManeger.o
                0x20008b78                startDumpTask
 .text.act_upon_request
                0x20008be8      0x358 ./src/sub-systemCode/payload/Request Management/CameraManeger.o
                0x20008be8                act_upon_request
 .text.TakePicture
                0x20008f40       0x4c ./src/sub-systemCode/payload/Request Management/DB_RequestHandling.o
                0x20008f40                TakePicture
 .text.TakeSpecialPicture
                0x20008f8c      0x104 ./src/sub-systemCode/payload/Request Management/DB_RequestHandling.o
                0x20008f8c                TakeSpecialPicture
 .text.DeletePictureFile
                0x20009090       0x88 ./src/sub-systemCode/payload/Request Management/DB_RequestHandling.o
                0x20009090                DeletePictureFile
 .text.DeletePicture
                0x20009118       0x6c ./src/sub-systemCode/payload/Request Management/DB_RequestHandling.o
                0x20009118                DeletePicture
 .text.TransferPicture
                0x20009184       0x54 ./src/sub-systemCode/payload/Request Management/DB_RequestHandling.o
                0x20009184                TransferPicture
 .text.CreateThumbnail
                0x200091d8       0x80 ./src/sub-systemCode/payload/Request Management/DB_RequestHandling.o
                0x200091d8                CreateThumbnail
 .text.CreateJPG
                0x20009258       0x7c ./src/sub-systemCode/payload/Request Management/DB_RequestHandling.o
                0x20009258                CreateJPG
 .text.UpdatePhotographyValues
                0x200092d4       0xb4 ./src/sub-systemCode/payload/Request Management/DB_RequestHandling.o
                0x200092d4                UpdatePhotographyValues
 .text.setChunkDimensions
                0x20009388       0x64 ./src/sub-systemCode/payload/Request Management/DB_RequestHandling.o
                0x20009388                setChunkDimensions
 .text.convert2char
                0x200093ec      0x14c ./src/sub-systemCode/payload/Misc/Boolean_bit.o
                0x200093ec                convert2char
 .text.convert2byte
                0x20009538      0x1c8 ./src/sub-systemCode/payload/Misc/Boolean_bit.o
                0x20009538                convert2byte
 .text.bits2byte
                0x20009700      0x17c ./src/sub-systemCode/payload/Misc/Boolean_bit.o
                0x20009700                bits2byte
 .text.byte2bits
                0x2000987c      0x17c ./src/sub-systemCode/payload/Misc/Boolean_bit.o
                0x2000987c                byte2bits
 .text.char2bits
                0x200099f8       0x44 ./src/sub-systemCode/payload/Misc/Boolean_bit.o
                0x200099f8                char2bits
 .text.bits2char
                0x20009a3c       0x3c ./src/sub-systemCode/payload/Misc/Boolean_bit.o
                0x20009a3c                bits2char
 .text.keepTryingTo_enterFS
                0x20009a78       0x38 ./src/sub-systemCode/payload/Misc/FileSystem.o
                0x20009a78                keepTryingTo_enterFS
 .text.releaseFS
                0x20009ab0       0x3c ./src/sub-systemCode/payload/Misc/FileSystem.o
                0x20009ab0                releaseFS
 .text.OpenFile
                0x20009aec       0x3c ./src/sub-systemCode/payload/Misc/FileSystem.o
                0x20009aec                OpenFile
 .text.CloseFile
                0x20009b28       0x44 ./src/sub-systemCode/payload/Misc/FileSystem.o
                0x20009b28                CloseFile
 .text.DeleteFile
                0x20009b6c       0x4c ./src/sub-systemCode/payload/Misc/FileSystem.o
                0x20009b6c                DeleteFile
 .text.ReadFromFile
                0x20009bb8       0x74 ./src/sub-systemCode/payload/Misc/FileSystem.o
                0x20009bb8                ReadFromFile
 .text.WriteToFile
                0x20009c2c       0x74 ./src/sub-systemCode/payload/Misc/FileSystem.o
                0x20009c2c                WriteToFile
 .text.Initialized_GPIO
                0x20009ca0       0x54 ./src/sub-systemCode/payload/Drivers/GeckoCameraDriver.o
                0x20009ca0                Initialized_GPIO
 .text.TurnOnGecko
                0x20009cf4      0x134 ./src/sub-systemCode/payload/Drivers/GeckoCameraDriver.o
                0x20009cf4                TurnOnGecko
 .text.TurnOffGecko
                0x20009e28       0xcc ./src/sub-systemCode/payload/Drivers/GeckoCameraDriver.o
                0x20009e28                TurnOffGecko
 .text.initGecko
                0x20009ef4       0x3c ./src/sub-systemCode/payload/Drivers/GeckoCameraDriver.o
                0x20009ef4                initGecko
 .text.GECKO_TakeImage
                0x20009f30      0x2f4 ./src/sub-systemCode/payload/Drivers/GeckoCameraDriver.o
                0x20009f30                GECKO_TakeImage
 .text.GECKO_ReadImage
                0x2000a224      0x234 ./src/sub-systemCode/payload/Drivers/GeckoCameraDriver.o
                0x2000a224                GECKO_ReadImage
 .text.GECKO_EraseBlock
                0x2000a458       0xf0 ./src/sub-systemCode/payload/Drivers/GeckoCameraDriver.o
                0x2000a458                GECKO_EraseBlock
 .text.getFileName
                0x2000a548      0x1a0 ./src/sub-systemCode/payload/DataBase/DataBase.o
 .text.zeroImageDataBase
                0x2000a6e8       0xfc ./src/sub-systemCode/payload/DataBase/DataBase.o
                0x2000a6e8                zeroImageDataBase
 .text.updateGeneralDataBaseParameters
                0x2000a7e4       0x5c ./src/sub-systemCode/payload/DataBase/DataBase.o
                0x2000a7e4                updateGeneralDataBaseParameters
 .text.SearchDataBase_byID
                0x2000a840      0x220 ./src/sub-systemCode/payload/DataBase/DataBase.o
                0x2000a840                SearchDataBase_byID
 .text.SearchDataBase_byMark
                0x2000aa60       0xa4 ./src/sub-systemCode/payload/DataBase/DataBase.o
                0x2000aa60                SearchDataBase_byMark
 .text.checkForFileType
                0x2000ab04       0x68 ./src/sub-systemCode/payload/DataBase/DataBase.o
                0x2000ab04                checkForFileType
 .text.updateFileTypes
                0x2000ab6c       0xbc ./src/sub-systemCode/payload/DataBase/DataBase.o
                0x2000ab6c                updateFileTypes
 .text.GetImageFactor
                0x2000ac28       0x58 ./src/sub-systemCode/payload/DataBase/DataBase.o
                0x2000ac28                GetImageFactor
 .text.readImageFromBuffer
                0x2000ac80      0x12c ./src/sub-systemCode/payload/DataBase/DataBase.o
                0x2000ac80                readImageFromBuffer
 .text.saveImageToBuffer
                0x2000adac      0x12c ./src/sub-systemCode/payload/DataBase/DataBase.o
                0x2000adac                saveImageToBuffer
 .text.getLatestID
                0x2000aed8       0x48 ./src/sub-systemCode/payload/DataBase/DataBase.o
                0x2000aed8                getLatestID
 .text.getDataBaseStart
                0x2000af20       0x20 ./src/sub-systemCode/payload/DataBase/DataBase.o
                0x2000af20                getDataBaseStart
 .text.setDataBaseValues
                0x2000af40      0x1d8 ./src/sub-systemCode/payload/DataBase/DataBase.o
                0x2000af40                setDataBaseValues
 .text.initImageDataBase
                0x2000b118      0x1b0 ./src/sub-systemCode/payload/DataBase/DataBase.o
                0x2000b118                initImageDataBase
 .text.resetImageDataBase
                0x2000b2c8       0x98 ./src/sub-systemCode/payload/DataBase/DataBase.o
                0x2000b2c8                resetImageDataBase
 .text.setCameraPhotographyValues
                0x2000b360      0x10c ./src/sub-systemCode/payload/DataBase/DataBase.o
                0x2000b360                setCameraPhotographyValues
 .text.transferImageToSD_withoutSearch
                0x2000b46c      0x15c ./src/sub-systemCode/payload/DataBase/DataBase.o
                0x2000b46c                transferImageToSD_withoutSearch
 .text.transferImageToSD
                0x2000b5c8       0xb4 ./src/sub-systemCode/payload/DataBase/DataBase.o
                0x2000b5c8                transferImageToSD
 .text.DeleteImageFromOBC_withoutSearch
                0x2000b67c       0xe0 ./src/sub-systemCode/payload/DataBase/DataBase.o
                0x2000b67c                DeleteImageFromOBC_withoutSearch
 .text.DeleteImageFromOBC
                0x2000b75c       0xb4 ./src/sub-systemCode/payload/DataBase/DataBase.o
                0x2000b75c                DeleteImageFromOBC
 .text.DeleteImageFromPayload
                0x2000b810      0x25c ./src/sub-systemCode/payload/DataBase/DataBase.o
                0x2000b810                DeleteImageFromPayload
 .text.clearImageDataBase
                0x2000ba6c      0x114 ./src/sub-systemCode/payload/DataBase/DataBase.o
                0x2000ba6c                clearImageDataBase
 .text.handleMarkedPictures
                0x2000bb80      0x1dc ./src/sub-systemCode/payload/DataBase/DataBase.o
                0x2000bb80                handleMarkedPictures
 .text.writeNewImageMetaDataToFRAM
                0x2000bd5c      0x234 ./src/sub-systemCode/payload/DataBase/DataBase.o
                0x2000bd5c                writeNewImageMetaDataToFRAM
 .text.takePicture
                0x2000bf90      0x370 ./src/sub-systemCode/payload/DataBase/DataBase.o
                0x2000bf90                takePicture
 .text.takePicture_withSpecialParameters
                0x2000c300       0xbc ./src/sub-systemCode/payload/DataBase/DataBase.o
                0x2000c300                takePicture_withSpecialParameters
 .text.GetImageFileName
                0x2000c3bc       0xc0 ./src/sub-systemCode/payload/DataBase/DataBase.o
                0x2000c3bc                GetImageFileName
 .text.getDataBaseSize
                0x2000c47c       0x20 ./src/sub-systemCode/payload/DataBase/DataBase.o
                0x2000c47c                getDataBaseSize
 .text.getImageDataBaseBuffer
                0x2000c49c      0x240 ./src/sub-systemCode/payload/DataBase/DataBase.o
                0x2000c49c                getImageDataBaseBuffer
 .text.TransformRawToBMP
                0x2000c6dc      0x1e0 ./src/sub-systemCode/payload/Compression/jpeg/bmp/rawToBMP.o
                0x2000c6dc                TransformRawToBMP
 .text.interpolate
                0x2000c8bc      0x8d0 ./src/sub-systemCode/payload/Compression/jpeg/bmp/rawToBMP.o
                0x2000c8bc                interpolate
 .text.getInputAt
                0x2000d18c      0x308 ./src/sub-systemCode/payload/Compression/jpeg/bmp/rawToBMP.o
                0x2000d18c                getInputAt
 .text.f_writeF_FILEHeader
                0x2000d494      0x2f0 ./src/sub-systemCode/payload/Compression/jpeg/bmp/rawToBMP.o
                0x2000d494                f_writeF_FILEHeader
 .text.f_writeOutputRow
                0x2000d784       0xbc ./src/sub-systemCode/payload/Compression/jpeg/bmp/rawToBMP.o
                0x2000d784                f_writeOutputRow
 .text.dct      0x2000d840      0x9c4 ./src/sub-systemCode/payload/Compression/jpeg/DCT.o
                0x2000d840                dct
 .text.JPEG_compressor
                0x2000e204       0xfc ./src/sub-systemCode/payload/Compression/jpeg/ImgCompressor.o
                0x2000e204                JPEG_compressor
 .text.Create_BMP_File
                0x2000e300       0xf4 ./src/sub-systemCode/payload/Compression/jpeg/ImgCompressor.o
                0x2000e300                Create_BMP_File
 .text.CompressImage
                0x2000e3f4      0x1ec ./src/sub-systemCode/payload/Compression/jpeg/ImgCompressor.o
                0x2000e3f4                CompressImage
 .text.clamp    0x2000e5e0       0x60 ./src/sub-systemCode/payload/Compression/jpeg/color_conv.o
                0x2000e5e0                clamp
 .text.RGB_to_YCC
                0x2000e640      0x1a8 ./src/sub-systemCode/payload/Compression/jpeg/color_conv.o
                0x2000e640                RGB_to_YCC
 .text.RGB_to_Y
                0x2000e7e8       0xc4 ./src/sub-systemCode/payload/Compression/jpeg/color_conv.o
                0x2000e7e8                RGB_to_Y
 .text.Y_to_YCC
                0x2000e8ac       0x88 ./src/sub-systemCode/payload/Compression/jpeg/color_conv.o
                0x2000e8ac                Y_to_YCC
 .text.compress_image_to_jpeg_file
                0x2000e934      0x1ac ./src/sub-systemCode/payload/Compression/jpeg/jpeg.o
                0x2000e934                compress_image_to_jpeg_file
 .text.emit_marker
                0x2000eae0       0xc8 ./src/sub-systemCode/payload/Compression/jpeg/jpeg_encoder.o
                0x2000eae0                emit_marker
 .text.emit_byte
                0x2000eba8       0x6c ./src/sub-systemCode/payload/Compression/jpeg/jpeg_encoder.o
                0x2000eba8                emit_byte
 .text.emit_word
                0x2000ec14       0xd0 ./src/sub-systemCode/payload/Compression/jpeg/jpeg_encoder.o
                0x2000ec14                emit_word
 .text.emit_jfif_app0
                0x2000ece4       0xc0 ./src/sub-systemCode/payload/Compression/jpeg/jpeg_encoder.o
                0x2000ece4                emit_jfif_app0
 .text.emit_dqt
                0x2000eda4       0xd8 ./src/sub-systemCode/payload/Compression/jpeg/jpeg_encoder.o
                0x2000eda4                emit_dqt
 .text.emit_sof
                0x2000ee7c      0x14c ./src/sub-systemCode/payload/Compression/jpeg/jpeg_encoder.o
                0x2000ee7c                emit_sof
 .text.emit_dht
                0x2000efc8      0x138 ./src/sub-systemCode/payload/Compression/jpeg/jpeg_encoder.o
                0x2000efc8                emit_dht
 .text.emit_dhts
                0x2000f100       0xd8 ./src/sub-systemCode/payload/Compression/jpeg/jpeg_encoder.o
                0x2000f100                emit_dhts
 .text.emit_sos
                0x2000f1d8       0xec ./src/sub-systemCode/payload/Compression/jpeg/jpeg_encoder.o
                0x2000f1d8                emit_sos
 .text.emit_markers
                0x2000f2c4       0x4c ./src/sub-systemCode/payload/Compression/jpeg/jpeg_encoder.o
                0x2000f2c4                emit_markers
 .text.compute_huffman_table
                0x2000f310      0x334 ./src/sub-systemCode/payload/Compression/jpeg/jpeg_encoder.o
                0x2000f310                compute_huffman_table
 .text.compute_quant_table
                0x2000f644      0x11c ./src/sub-systemCode/payload/Compression/jpeg/jpeg_encoder.o
                0x2000f644                compute_quant_table
 .text.first_pass_init
                0x2000f760       0x54 ./src/sub-systemCode/payload/Compression/jpeg/jpeg_encoder.o
                0x2000f760                first_pass_init
 .text.second_pass_init
                0x2000f7b4      0x110 ./src/sub-systemCode/payload/Compression/jpeg/jpeg_encoder.o
                0x2000f7b4                second_pass_init
 .text.jpg_open
                0x2000f8c4      0x7b4 ./src/sub-systemCode/payload/Compression/jpeg/jpeg_encoder.o
                0x2000f8c4                jpg_open
 .text.load_block_8_8_grey
                0x20010078      0x164 ./src/sub-systemCode/payload/Compression/jpeg/jpeg_encoder.o
                0x20010078                load_block_8_8_grey
 .text.load_block_8_8
                0x200101dc      0x198 ./src/sub-systemCode/payload/Compression/jpeg/jpeg_encoder.o
                0x200101dc                load_block_8_8
 .text.load_block_16_8
                0x20010374      0x3cc ./src/sub-systemCode/payload/Compression/jpeg/jpeg_encoder.o
                0x20010374                load_block_16_8
 .text.load_block_16_8_8
                0x20010740      0x2a8 ./src/sub-systemCode/payload/Compression/jpeg/jpeg_encoder.o
                0x20010740                load_block_16_8_8
 .text.load_coefficients
                0x200109e8      0x1c8 ./src/sub-systemCode/payload/Compression/jpeg/jpeg_encoder.o
                0x200109e8                load_coefficients
 .text.flush_output_buffer
                0x20010bb0       0xa0 ./src/sub-systemCode/payload/Compression/jpeg/jpeg_encoder.o
                0x20010bb0                flush_output_buffer
 .text.put_bits
                0x20010c50      0x170 ./src/sub-systemCode/payload/Compression/jpeg/jpeg_encoder.o
                0x20010c50                put_bits
 .text.code_coefficients_pass_two
                0x20010dc0      0x338 ./src/sub-systemCode/payload/Compression/jpeg/jpeg_encoder.o
                0x20010dc0                code_coefficients_pass_two
 .text.code_block
                0x200110f8       0x44 ./src/sub-systemCode/payload/Compression/jpeg/jpeg_encoder.o
                0x200110f8                code_block
 .text.process_mcu_row
                0x2001113c      0x328 ./src/sub-systemCode/payload/Compression/jpeg/jpeg_encoder.o
                0x2001113c                process_mcu_row
 .text.terminate_pass_two
                0x20011464       0x44 ./src/sub-systemCode/payload/Compression/jpeg/jpeg_encoder.o
                0x20011464                terminate_pass_two
 .text.process_end_of_image
                0x200114a8       0xc0 ./src/sub-systemCode/payload/Compression/jpeg/jpeg_encoder.o
                0x200114a8                process_end_of_image
 .text.load_mcu
                0x20011568      0x29c ./src/sub-systemCode/payload/Compression/jpeg/jpeg_encoder.o
                0x20011568                load_mcu
 .text.clear    0x20011804      0x1e0 ./src/sub-systemCode/payload/Compression/jpeg/jpeg_encoder.o
                0x20011804                clear
 .text.init     0x200119e4       0xe4 ./src/sub-systemCode/payload/Compression/jpeg/jpeg_encoder.o
                0x200119e4                init
 .text.deinit   0x20011ac8      0x160 ./src/sub-systemCode/payload/Compression/jpeg/jpeg_encoder.o
                0x20011ac8                deinit
 .text.process_scanline
                0x20011c28       0x6c ./src/sub-systemCode/payload/Compression/jpeg/jpeg_encoder.o
                0x20011c28                process_scanline
 .text.jpge_malloc
                0x20011c94       0x28 ./src/sub-systemCode/payload/Compression/jpeg/jpeg_memory_alloc.o
                0x20011c94                jpge_malloc
 .text.jpge_cmalloc
                0x20011cbc       0x48 ./src/sub-systemCode/payload/Compression/jpeg/jpeg_memory_alloc.o
                0x20011cbc                jpge_cmalloc
 .text.jpge_free
                0x20011d04       0x24 ./src/sub-systemCode/payload/Compression/jpeg/jpeg_memory_alloc.o
                0x20011d04                jpge_free
 .text.check    0x20011d28       0x78 ./src/sub-systemCode/payload/Compression/jpeg/jpeg_params.o
                0x20011d28                check
 .text.open_jpeg_file
                0x20011da0       0xfc ./src/sub-systemCode/payload/Compression/jpeg/output_stream.o
                0x20011da0                open_jpeg_file
 .text.close_jpeg_file
                0x20011e9c      0x118 ./src/sub-systemCode/payload/Compression/jpeg/output_stream.o
                0x20011e9c                close_jpeg_file
 .text.put_buf  0x20011fb4      0x258 ./src/sub-systemCode/payload/Compression/jpeg/output_stream.o
                0x20011fb4                put_buf
 .text.GetBayerPixel
                0x2001220c       0xe8 ./src/sub-systemCode/payload/Compression/ImageConversion.o
 .text.BinImage
                0x200122f4      0x2c8 ./src/sub-systemCode/payload/Compression/ImageConversion.o
                0x200122f4                BinImage
 .text.ImageSkipping
                0x200125bc      0x2ac ./src/sub-systemCode/payload/Compression/ImageConversion.o
                0x200125bc                ImageSkipping
 .text.CreateImageThumbnail_withoutSearch
                0x20012868      0x14c ./src/sub-systemCode/payload/Compression/ImageConversion.o
                0x20012868                CreateImageThumbnail_withoutSearch
 .text.CreateImageThumbnail
                0x200129b4       0x94 ./src/sub-systemCode/payload/Compression/ImageConversion.o
                0x200129b4                CreateImageThumbnail
 .text.compressImage
                0x20012a48      0x17c ./src/sub-systemCode/payload/Compression/ImageConversion.o
                0x20012a48                compressImage
 .text.cmd_mute
                0x20012bc4       0xc4 ./src/sub-systemCode/Main/CMD/COMM_CMD.o
                0x20012bc4                cmd_mute
 .text.cmd_unmute
                0x20012c88       0x4c ./src/sub-systemCode/Main/CMD/COMM_CMD.o
                0x20012c88                cmd_unmute
 .text.cmd_active_trans
                0x20012cd4       0xc0 ./src/sub-systemCode/Main/CMD/COMM_CMD.o
                0x20012cd4                cmd_active_trans
 .text.cmd_shut_trans
                0x20012d94       0x38 ./src/sub-systemCode/Main/CMD/COMM_CMD.o
                0x20012d94                cmd_shut_trans
 .text.cmd_change_trans_rssi
                0x20012dcc      0x100 ./src/sub-systemCode/Main/CMD/COMM_CMD.o
                0x20012dcc                cmd_change_trans_rssi
 .text.cmd_aprs_dump
                0x20012ecc       0x50 ./src/sub-systemCode/Main/CMD/COMM_CMD.o
                0x20012ecc                cmd_aprs_dump
 .text.cmd_stop_dump
                0x20012f1c       0x38 ./src/sub-systemCode/Main/CMD/COMM_CMD.o
                0x20012f1c                cmd_stop_dump
 .text.cmd_time_frequency
                0x20012f54       0xc0 ./src/sub-systemCode/Main/CMD/COMM_CMD.o
                0x20012f54                cmd_time_frequency
 .text.cmd_change_def_bit_rate
                0x20013014      0x158 ./src/sub-systemCode/Main/CMD/COMM_CMD.o
                0x20013014                cmd_change_def_bit_rate
 .text.cmd_upload_volt_logic
                0x2001316c      0x334 ./src/sub-systemCode/Main/CMD/EPS_CMD.o
                0x2001316c                cmd_upload_volt_logic
 .text.cmd_upload_volt_COMM
                0x200134a0      0x1c8 ./src/sub-systemCode/Main/CMD/EPS_CMD.o
                0x200134a0                cmd_upload_volt_COMM
 .text.cmd_heater_temp
                0x20013668       0xc0 ./src/sub-systemCode/Main/CMD/EPS_CMD.o
                0x20013668                cmd_heater_temp
 .text.cmd_SHUT_CAM
                0x20013728       0x6c ./src/sub-systemCode/Main/CMD/EPS_CMD.o
                0x20013728                cmd_SHUT_CAM
 .text.cmd_SHUT_ADCS
                0x20013794       0x6c ./src/sub-systemCode/Main/CMD/EPS_CMD.o
                0x20013794                cmd_SHUT_ADCS
 .text.cmd_allow_CAM
                0x20013800       0x6c ./src/sub-systemCode/Main/CMD/EPS_CMD.o
                0x20013800                cmd_allow_CAM
 .text.cmd_allow_ADCS
                0x2001386c       0x6c ./src/sub-systemCode/Main/CMD/EPS_CMD.o
                0x2001386c                cmd_allow_ADCS
 .text.cmd_update_alpha
                0x200138d8       0xfc ./src/sub-systemCode/Main/CMD/EPS_CMD.o
                0x200138d8                cmd_update_alpha
 .text.cmd_generic_I2C
                0x200139d4       0xb4 ./src/sub-systemCode/Main/CMD/General_CMD.o
                0x200139d4                cmd_generic_I2C
 .text.cmd_dump
                0x20013a88       0xf0 ./src/sub-systemCode/Main/CMD/General_CMD.o
                0x20013a88                cmd_dump
 .text.cmd_delete_TM
                0x20013b78      0x230 ./src/sub-systemCode/Main/CMD/General_CMD.o
                0x20013b78                cmd_delete_TM
 .text.cmd_reset_file
                0x20013da8      0x118 ./src/sub-systemCode/Main/CMD/General_CMD.o
                0x20013da8                cmd_reset_file
 .text.cmd_dummy_func
                0x20013ec0       0x40 ./src/sub-systemCode/Main/CMD/General_CMD.o
                0x20013ec0                cmd_dummy_func
 .text.cmd_reset_TLM_SD
                0x20013f00       0x4c ./src/sub-systemCode/Main/CMD/General_CMD.o
                0x20013f00                cmd_reset_TLM_SD
 .text.cmd_soft_reset_cmponent
                0x20013f4c       0xac ./src/sub-systemCode/Main/CMD/General_CMD.o
                0x20013f4c                cmd_soft_reset_cmponent
 .text.cmd_hard_reset_cmponent
                0x20013ff8       0xac ./src/sub-systemCode/Main/CMD/General_CMD.o
                0x20013ff8                cmd_hard_reset_cmponent
 .text.cmd_reset_satellite
                0x200140a4       0x78 ./src/sub-systemCode/Main/CMD/General_CMD.o
                0x200140a4                cmd_reset_satellite
 .text.cmd_gracefull_reset_satellite
                0x2001411c       0x78 ./src/sub-systemCode/Main/CMD/General_CMD.o
                0x2001411c                cmd_gracefull_reset_satellite
 .text.cmd_upload_time
                0x20014194       0xb0 ./src/sub-systemCode/Main/CMD/General_CMD.o
                0x20014194                cmd_upload_time
 .text.cmd_ARM_DIARM
                0x20014244       0xd4 ./src/sub-systemCode/Main/CMD/General_CMD.o
                0x20014244                cmd_ARM_DIARM
 .text.cmd_get_onlineTM
                0x20014318      0x148 ./src/sub-systemCode/Main/CMD/General_CMD.o
                0x20014318                cmd_get_onlineTM
 .text.cmd_reset_off_line
                0x20014460       0x68 ./src/sub-systemCode/Main/CMD/General_CMD.o
                0x20014460                cmd_reset_off_line
 .text.cmd_add_item_off_line
                0x200144c8       0xf4 ./src/sub-systemCode/Main/CMD/General_CMD.o
                0x200144c8                cmd_add_item_off_line
 .text.cmd_delete_item_off_line
                0x200145bc       0x98 ./src/sub-systemCode/Main/CMD/General_CMD.o
                0x200145bc                cmd_delete_item_off_line
 .text.cmd_get_off_line_setting
                0x20014654      0x108 ./src/sub-systemCode/Main/CMD/General_CMD.o
                0x20014654                cmd_get_off_line_setting
 .text.cmd_reset_delayed_command_list
                0x2001475c       0x3c ./src/sub-systemCode/Main/CMD/SW_CMD.o
                0x2001475c                cmd_reset_delayed_command_list
 .text.cmd_reset_APRS_list
                0x20014798       0x3c ./src/sub-systemCode/Main/CMD/SW_CMD.o
                0x20014798                cmd_reset_APRS_list
 .text.cmd_reset_FRAM
                0x200147d4       0xe8 ./src/sub-systemCode/Main/CMD/SW_CMD.o
                0x200147d4                cmd_reset_FRAM
 .text.ARM_ants
                0x200148bc       0xb8 ./src/sub-systemCode/Main/Ants.o
                0x200148bc                ARM_ants
 .text.DISARM_ants
                0x20014974       0xb8 ./src/sub-systemCode/Main/Ants.o
                0x20014974                DISARM_ants
 .text.round_vol
                0x20014a2c      0x124 ./src/sub-systemCode/Main/EPS.o
                0x20014a2c                round_vol
 .text.get_shut_ADCS
                0x20014b50       0x48 ./src/sub-systemCode/Main/EPS.o
                0x20014b50                get_shut_ADCS
 .text.shut_ADCS
                0x20014b98       0x44 ./src/sub-systemCode/Main/EPS.o
                0x20014b98                shut_ADCS
 .text.get_shut_CAM
                0x20014bdc       0x48 ./src/sub-systemCode/Main/EPS.o
                0x20014bdc                get_shut_CAM
 .text.shut_CAM
                0x20014c24       0x44 ./src/sub-systemCode/Main/EPS.o
                0x20014c24                shut_CAM
 .text.update_powerLines
                0x20014c68       0xec ./src/sub-systemCode/Main/EPS.o
                0x20014c68                update_powerLines
 .text.get_EPS_mode_t
                0x20014d54       0x24 ./src/sub-systemCode/Main/EPS.o
                0x20014d54                get_EPS_mode_t
 .text.init_enterMode
                0x20014d78       0x88 ./src/sub-systemCode/Main/EPS.o
                0x20014d78                init_enterMode
 .text.EPS_Init
                0x20014e00      0x1c8 ./src/sub-systemCode/Main/EPS.o
                0x20014e00                EPS_Init
 .text.reset_FRAM_EPS
                0x20014fc8       0xe0 ./src/sub-systemCode/Main/EPS.o
                0x20014fc8                reset_FRAM_EPS
 .text.reset_EPS_voltages
                0x200150a8       0xbc ./src/sub-systemCode/Main/EPS.o
                0x200150a8                reset_EPS_voltages
 .text.battery_downward
                0x20015164      0x114 ./src/sub-systemCode/Main/EPS.o
                0x20015164                battery_downward
 .text.battery_upward
                0x20015278      0x120 ./src/sub-systemCode/Main/EPS.o
                0x20015278                battery_upward
 .text.EPS_Conditioning
                0x20015398      0x230 ./src/sub-systemCode/Main/EPS.o
                0x20015398                EPS_Conditioning
 .text.overRide_ADCS
                0x200155c8       0x50 ./src/sub-systemCode/Main/EPS.o
                0x200155c8                overRide_ADCS
 .text.overRide_Camera
                0x20015618       0x38 ./src/sub-systemCode/Main/EPS.o
                0x20015618                overRide_Camera
 .text.EnterFullMode
                0x20015650       0xfc ./src/sub-systemCode/Main/EPS.o
                0x20015650                EnterFullMode
 .text.EnterCruiseMode
                0x2001574c       0xec ./src/sub-systemCode/Main/EPS.o
                0x2001574c                EnterCruiseMode
 .text.EnterSafeMode
                0x20015838       0xec ./src/sub-systemCode/Main/EPS.o
                0x20015838                EnterSafeMode
 .text.EnterCriticalMode
                0x20015924       0xd8 ./src/sub-systemCode/Main/EPS.o
                0x20015924                EnterCriticalMode
 .text.check_EPSTableCorrection
                0x200159fc      0x120 ./src/sub-systemCode/Main/EPS.o
                0x200159fc                check_EPSTableCorrection
 .text.save_ACK
                0x20015b1c      0x11c ./src/sub-systemCode/Main/HouseKeeping.o
                0x20015b1c                save_ACK
 .text.set_GP_EPS
                0x20015c38      0x10c ./src/sub-systemCode/Main/HouseKeeping.o
                0x20015c38                set_GP_EPS
 .text.set_GP_COMM
                0x20015d44       0x88 ./src/sub-systemCode/Main/HouseKeeping.o
                0x20015d44                set_GP_COMM
 .text.SP_HK_collect
                0x20015dcc      0x17c ./src/sub-systemCode/Main/HouseKeeping.o
                0x20015dcc                SP_HK_collect
 .text.EPS_HK_collect
                0x20015f48      0x4f8 ./src/sub-systemCode/Main/HouseKeeping.o
                0x20015f48                EPS_HK_collect
 .text.CAM_HK_collect
                0x20016440      0x91c ./src/sub-systemCode/Main/HouseKeeping.o
                0x20016440                CAM_HK_collect
 .text.COMM_HK_collect
                0x20016d5c      0x20c ./src/sub-systemCode/Main/HouseKeeping.o
                0x20016d5c                COMM_HK_collect
 .text.FS_HK_collect
                0x20016f68      0x18c ./src/sub-systemCode/Main/HouseKeeping.o
                0x20016f68                FS_HK_collect
 .text.HK_find_fileName
                0x200170f4       0xd0 ./src/sub-systemCode/Main/HouseKeeping.o
                0x200170f4                HK_find_fileName
 .text.HK_findElementSize
                0x200171c4       0x7c ./src/sub-systemCode/Main/HouseKeeping.o
                0x200171c4                HK_findElementSize
 .text.build_HK_spl_packet
                0x20017240      0x150 ./src/sub-systemCode/Main/HouseKeeping.o
                0x20017240                build_HK_spl_packet
 .text.reset_FIRST_activation
                0x20017390       0x34 ./src/sub-systemCode/Main/Main_Init.o
                0x20017390                reset_FIRST_activation
 .text.test_menu
                0x200173c4       0xb4 ./src/sub-systemCode/Main/Main_Init.o
                0x200173c4                test_menu
 .text.numberOfRestarts
                0x20017478       0x94 ./src/sub-systemCode/Main/Main_Init.o
                0x20017478                numberOfRestarts
 .text.StartFRAM
                0x2001750c       0x38 ./src/sub-systemCode/Main/Main_Init.o
                0x2001750c                StartFRAM
 .text.StartI2C
                0x20017544       0x44 ./src/sub-systemCode/Main/Main_Init.o
                0x20017544                StartI2C
 .text.StartSPI
                0x20017588       0x40 ./src/sub-systemCode/Main/Main_Init.o
                0x20017588                StartSPI
 .text.StartTIME
                0x200175c8      0x118 ./src/sub-systemCode/Main/Main_Init.o
                0x200175c8                StartTIME
 .text.first_activation
                0x200176e0       0x7c ./src/sub-systemCode/Main/Main_Init.o
                0x200176e0                first_activation
 .text.InitSubsystems
                0x2001775c       0x68 ./src/sub-systemCode/Main/Main_Init.o
                0x2001775c                InitSubsystems
 .text.SubSystemTaskStart
                0x200177c4       0xa8 ./src/sub-systemCode/Main/Main_Init.o
                0x200177c4                SubSystemTaskStart
 .text.save_ACK_s
                0x2001786c       0x5c ./src/sub-systemCode/Main/commands.o
                0x2001786c                save_ACK_s
 .text.copy_command
                0x200178c8       0x80 ./src/sub-systemCode/Main/commands.o
                0x200178c8                copy_command
 .text.reset_command
                0x20017948       0x28 ./src/sub-systemCode/Main/commands.o
                0x20017948                reset_command
 .text.init_command
                0x20017970       0xd4 ./src/sub-systemCode/Main/commands.o
                0x20017970                init_command
 .text.add_command
                0x20017a44      0x118 ./src/sub-systemCode/Main/commands.o
                0x20017a44                add_command
 .text.get_command
                0x20017b5c      0x1ac ./src/sub-systemCode/Main/commands.o
                0x20017b5c                get_command
 .text.act_upon_command
                0x20017d08      0x200 ./src/sub-systemCode/Main/commands.o
                0x20017d08                act_upon_command
 .text.cmd_error
                0x20017f08       0x38 ./src/sub-systemCode/Main/commands.o
                0x20017f08                cmd_error
 .text.AUC_COMM
                0x20017f40      0x25c ./src/sub-systemCode/Main/commands.o
                0x20017f40                AUC_COMM
 .text.AUC_general
                0x2001819c      0x48c ./src/sub-systemCode/Main/commands.o
                0x2001819c                AUC_general
 .text.AUC_payload
                0x20018628      0x204 ./src/sub-systemCode/Main/commands.o
                0x20018628                AUC_payload
 .text.AUC_EPS  0x2001882c      0x28c ./src/sub-systemCode/Main/commands.o
                0x2001882c                AUC_EPS
 .text.AUC_ADCS
                0x20018ab8       0x5c ./src/sub-systemCode/Main/commands.o
                0x20018ab8                AUC_ADCS
 .text.AUC_SW   0x20018b14       0xe4 ./src/sub-systemCode/Main/commands.o
                0x20018b14                AUC_SW
 .text.AUC_onlineTM
                0x20018bf8      0x1ac ./src/sub-systemCode/Main/commands.o
                0x20018bf8                AUC_onlineTM
 .text.AUC_special_operation
                0x20018da4       0x8c ./src/sub-systemCode/Main/commands.o
                0x20018da4                AUC_special_operation
 .text.check_int
                0x20018e30       0x3c ./src/sub-systemCode/Global/Global.o
                0x20018e30                check_int
 .text.check_portBASE_TYPE
                0x20018e6c       0x3c ./src/sub-systemCode/Global/Global.o
                0x20018e6c                check_portBASE_TYPE
 .text.soft_reset_subsystem
                0x20018ea8       0xd8 ./src/sub-systemCode/Global/Global.o
                0x20018ea8                soft_reset_subsystem
 .text.hard_reset_subsystem
                0x20018f80      0x104 ./src/sub-systemCode/Global/Global.o
                0x20018f80                hard_reset_subsystem
 .text.BigEnE_raw_to_uInt
                0x20019084       0x94 ./src/sub-systemCode/Global/Global.o
                0x20019084                BigEnE_raw_to_uInt
 .text.BigEnE_raw_to_uShort
                0x20019118       0x50 ./src/sub-systemCode/Global/Global.o
                0x20019118                BigEnE_raw_to_uShort
 .text.BigEnE_uInt_to_raw
                0x20019168       0x78 ./src/sub-systemCode/Global/Global.o
                0x20019168                BigEnE_uInt_to_raw
 .text.reset_FRAM_MAIN
                0x200191e0      0x19c ./src/sub-systemCode/Global/Global.o
                0x200191e0                reset_FRAM_MAIN
 .text.getBitValueByIndex
                0x2001937c       0xd0 ./src/sub-systemCode/Global/Global.o
                0x2001937c                getBitValueByIndex
 .text.terminateTask
                0x2001944c       0x18 ./src/sub-systemCode/Global/Global.o
                0x2001944c                terminateTask
 .text.init_GP  0x20019464      0x300 ./src/sub-systemCode/Global/GlobalParam.o
                0x20019464                init_GP
 .text.get_system_state
                0x20019764      0x254 ./src/sub-systemCode/Global/GlobalParam.o
                0x20019764                get_system_state
 .text.set_system_state
                0x200199b8      0x284 ./src/sub-systemCode/Global/GlobalParam.o
                0x200199b8                set_system_state
 .text.get_systems_state_param
                0x20019c3c       0x78 ./src/sub-systemCode/Global/GlobalParam.o
                0x20019c3c                get_systems_state_param
 .text.get_current_global_param
                0x20019cb4      0x5b4 ./src/sub-systemCode/Global/GlobalParam.o
                0x20019cb4                get_current_global_param
 .text.set_Vbatt
                0x2001a268       0x78 ./src/sub-systemCode/Global/GlobalParam.o
                0x2001a268                set_Vbatt
 .text.get_Vbatt
                0x2001a2e0       0x78 ./src/sub-systemCode/Global/GlobalParam.o
                0x2001a2e0                get_Vbatt
 .text.set_curBat
                0x2001a358       0x78 ./src/sub-systemCode/Global/GlobalParam.o
                0x2001a358                set_curBat
 .text.set_cur3V3
                0x2001a3d0       0x78 ./src/sub-systemCode/Global/GlobalParam.o
                0x2001a3d0                set_cur3V3
 .text.set_cur5V
                0x2001a448       0x78 ./src/sub-systemCode/Global/GlobalParam.o
                0x2001a448                set_cur5V
 .text.set_tempComm_LO
                0x2001a4c0       0x78 ./src/sub-systemCode/Global/GlobalParam.o
                0x2001a4c0                set_tempComm_LO
 .text.set_tempComm_PA
                0x2001a538       0x78 ./src/sub-systemCode/Global/GlobalParam.o
                0x2001a538                set_tempComm_PA
 .text.set_tempEPS
                0x2001a5b0       0xb4 ./src/sub-systemCode/Global/GlobalParam.o
                0x2001a5b0                set_tempEPS
 .text.set_tempBatt
                0x2001a664       0xb4 ./src/sub-systemCode/Global/GlobalParam.o
                0x2001a664                set_tempBatt
 .text.set_RxDoppler
                0x2001a718       0x78 ./src/sub-systemCode/Global/GlobalParam.o
                0x2001a718                set_RxDoppler
 .text.set_RxRSSI
                0x2001a790       0x78 ./src/sub-systemCode/Global/GlobalParam.o
                0x2001a790                set_RxRSSI
 .text.set_TxRefl
                0x2001a808       0x78 ./src/sub-systemCode/Global/GlobalParam.o
                0x2001a808                set_TxRefl
 .text.set_TxForw
                0x2001a880       0x78 ./src/sub-systemCode/Global/GlobalParam.o
                0x2001a880                set_TxForw
 .text.get_ST   0x2001a8f8       0x78 ./src/sub-systemCode/Global/GlobalParam.o
                0x2001a8f8                get_ST
 .text.get_Attitude
                0x2001a970      0x114 ./src/sub-systemCode/Global/GlobalParam.o
                0x2001a970                get_Attitude
 .text.set_numOfAPRS
                0x2001aa84       0x78 ./src/sub-systemCode/Global/GlobalParam.o
                0x2001aa84                set_numOfAPRS
 .text.set_numOfDelayedCommand
                0x2001aafc       0x78 ./src/sub-systemCode/Global/GlobalParam.o
                0x2001aafc                set_numOfDelayedCommand
 .text.set_numOfResets
                0x2001ab74       0x98 ./src/sub-systemCode/Global/GlobalParam.o
                0x2001ab74                set_numOfResets
 .text.set_ground_conn
                0x2001ac0c       0x8c ./src/sub-systemCode/Global/GlobalParam.o
                0x2001ac0c                set_ground_conn
 .text.get_ground_conn
                0x2001ac98       0x8c ./src/sub-systemCode/Global/GlobalParam.o
                0x2001ac98                get_ground_conn
 .text.IsisAntS_getStatusData_sideA
                0x2001ad24       0x3c ./src/sub-systemCode/Global/OnlineTM.o
                0x2001ad24                IsisAntS_getStatusData_sideA
 .text.IsisAntS_getAlltelemetry_sideA
                0x2001ad60       0x3c ./src/sub-systemCode/Global/OnlineTM.o
                0x2001ad60                IsisAntS_getAlltelemetry_sideA
 .text.IsisAntS_getTemperature_sideA
                0x2001ad9c       0x3c ./src/sub-systemCode/Global/OnlineTM.o
                0x2001ad9c                IsisAntS_getTemperature_sideA
 .text.IsisAntS_getStatusData_sideB
                0x2001add8       0x3c ./src/sub-systemCode/Global/OnlineTM.o
                0x2001add8                IsisAntS_getStatusData_sideB
 .text.IsisAntS_getAlltelemetry_sideB
                0x2001ae14       0x3c ./src/sub-systemCode/Global/OnlineTM.o
                0x2001ae14                IsisAntS_getAlltelemetry_sideB
 .text.IsisAntS_getTemperature_sideB
                0x2001ae50       0x3c ./src/sub-systemCode/Global/OnlineTM.o
                0x2001ae50                IsisAntS_getTemperature_sideB
 .text.HK_collect_EPS
                0x2001ae8c       0x30 ./src/sub-systemCode/Global/OnlineTM.o
                0x2001ae8c                HK_collect_EPS
 .text.HK_collect_COMM
                0x2001aebc       0x30 ./src/sub-systemCode/Global/OnlineTM.o
                0x2001aebc                HK_collect_COMM
 .text.HK_collect_CAM
                0x2001aeec       0x30 ./src/sub-systemCode/Global/OnlineTM.o
                0x2001aeec                HK_collect_CAM
 .text.HK_collect_SP
                0x2001af1c       0x30 ./src/sub-systemCode/Global/OnlineTM.o
                0x2001af1c                HK_collect_SP
 .text.HK_collect_FS_A
                0x2001af4c       0x34 ./src/sub-systemCode/Global/OnlineTM.o
                0x2001af4c                HK_collect_FS_A
 .text.HK_collect_FS_B
                0x2001af80       0x34 ./src/sub-systemCode/Global/OnlineTM.o
                0x2001af80                HK_collect_FS_B
 .text.save_offlineSetting_FRAM
                0x2001afb4      0x26c ./src/sub-systemCode/Global/OnlineTM.o
                0x2001afb4                save_offlineSetting_FRAM
 .text.get_offlineSetting_FRAM
                0x2001b220       0x58 ./src/sub-systemCode/Global/OnlineTM.o
                0x2001b220                get_offlineSetting_FRAM
 .text.update_offlineSetting_FRAM
                0x2001b278      0x360 ./src/sub-systemCode/Global/OnlineTM.o
                0x2001b278                update_offlineSetting_FRAM
 .text.get_offlineSettingPacket
                0x2001b5d8       0xc4 ./src/sub-systemCode/Global/OnlineTM.o
                0x2001b5d8                get_offlineSettingPacket
 .text.get_item_by_index
                0x2001b69c       0xdc ./src/sub-systemCode/Global/OnlineTM.o
                0x2001b69c                get_item_by_index
 .text.get_pointer_item_by_index
                0x2001b778       0x48 ./src/sub-systemCode/Global/OnlineTM.o
                0x2001b778                get_pointer_item_by_index
 .text.init_onlineParam
                0x2001b7c0     0x2f10 ./src/sub-systemCode/Global/OnlineTM.o
                0x2001b7c0                init_onlineParam
 .text.reset_offline_TM_list
                0x2001e6d0      0x190 ./src/sub-systemCode/Global/OnlineTM.o
                0x2001e6d0                reset_offline_TM_list
 .text.get_online_packet
                0x2001e860      0x25c ./src/sub-systemCode/Global/OnlineTM.o
                0x2001e860                get_online_packet
 .text.save_onlineTM_param
                0x2001eabc      0x1b4 ./src/sub-systemCode/Global/OnlineTM.o
                0x2001eabc                save_onlineTM_param
 .text.add_onlineTM_param_to_save_list
                0x2001ec70      0x3d8 ./src/sub-systemCode/Global/OnlineTM.o
                0x2001ec70                add_onlineTM_param_to_save_list
 .text.delete_onlineTM_param_from_offline
                0x2001f048      0x1a8 ./src/sub-systemCode/Global/OnlineTM.o
                0x2001f048                delete_onlineTM_param_from_offline
 .text.save_onlineTM_logic
                0x2001f1f0      0x2a8 ./src/sub-systemCode/Global/OnlineTM.o
                0x2001f1f0                save_onlineTM_logic
 .text.save_onlineTM_task
                0x2001f498       0xdc ./src/sub-systemCode/Global/OnlineTM.o
                0x2001f498                save_onlineTM_task
 .text.delete_allTMFilesFromSD
                0x2001f574      0x14c ./src/sub-systemCode/Global/TLM_management.o
                0x2001f574                delete_allTMFilesFromSD
 .text.getNumOfFilesInFS
                0x2001f6c0       0x44 ./src/sub-systemCode/Global/TLM_management.o
 .text.setNumOfFilesInFS
                0x2001f704       0x50 ./src/sub-systemCode/Global/TLM_management.o
 .text.f_managed_enterFS
                0x2001f754       0xa8 ./src/sub-systemCode/Global/TLM_management.o
                0x2001f754                f_managed_enterFS
 .text.f_managed_releaseFS
                0x2001f7fc       0x58 ./src/sub-systemCode/Global/TLM_management.o
                0x2001f7fc                f_managed_releaseFS
 .text.f_managed_open
                0x2001f854       0xe8 ./src/sub-systemCode/Global/TLM_management.o
                0x2001f854                f_managed_open
 .text.f_managed_close
                0x2001f93c       0x8c ./src/sub-systemCode/Global/TLM_management.o
                0x2001f93c                f_managed_close
 .text.createSemahores_FS
                0x2001f9c8       0x7c ./src/sub-systemCode/Global/TLM_management.o
                0x2001f9c8                createSemahores_FS
 .text.InitializeFS
                0x2001fa44      0x1a8 ./src/sub-systemCode/Global/TLM_management.o
                0x2001fa44                InitializeFS
 .text.c_fileCreate
                0x2001fbec       0xf4 ./src/sub-systemCode/Global/TLM_management.o
                0x2001fbec                c_fileCreate
 .text.writewithEpochtime
                0x2001fce0       0x94 ./src/sub-systemCode/Global/TLM_management.o
 .text.get_C_FILE_struct
                0x2001fd74      0x104 ./src/sub-systemCode/Global/TLM_management.o
 .text.getFileIndex
                0x2001fe78       0x64 ./src/sub-systemCode/Global/TLM_management.o
 .text.get_file_name_by_index
                0x2001fedc       0x54 ./src/sub-systemCode/Global/TLM_management.o
                0x2001fedc                get_file_name_by_index
 .text.c_fileReset
                0x2001ff30      0x140 ./src/sub-systemCode/Global/TLM_management.o
                0x2001ff30                c_fileReset
 .text.c_fileWrite
                0x20020070      0x168 ./src/sub-systemCode/Global/TLM_management.o
                0x20020070                c_fileWrite
 .text.deleteElementsFromFile
                0x200201d8      0x188 ./src/sub-systemCode/Global/TLM_management.o
 .text.c_fileDeleteElements
                0x20020360      0x168 ./src/sub-systemCode/Global/TLM_management.o
                0x20020360                c_fileDeleteElements
 .text.c_fileRead
                0x200204c8      0x2c8 ./src/sub-systemCode/Global/TLM_management.o
                0x200204c8                c_fileRead
 .text.xSemaphoreGive_extended
                0x20020790       0x48 ./src/sub-systemCode/Global/freertosExtended.o
                0x20020790                xSemaphoreGive_extended
 .text.xSemaphoreTake_extended
                0x200207d8       0x54 ./src/sub-systemCode/Global/freertosExtended.o
                0x200207d8                xSemaphoreTake_extended
 .text.WriteLog
                0x2002082c       0x94 ./src/sub-systemCode/Global/logger.o
                0x2002082c                WriteLog
 .text.WritePayloadLog
                0x200208c0       0x54 ./src/sub-systemCode/Global/logger.o
                0x200208c0                WritePayloadLog
 .text.reset_APRS_list
                0x20020914       0xa4 ./src/sub-systemCode/COMM/APRS.o
                0x20020914                reset_APRS_list
 .text.send_APRS_Dump
                0x200209b8      0x1c0 ./src/sub-systemCode/COMM/APRS.o
                0x200209b8                send_APRS_Dump
 .text.get_APRS_list
                0x20020b78       0x88 ./src/sub-systemCode/COMM/APRS.o
                0x20020b78                get_APRS_list
 .text.find_CMD_in_list
                0x20020c00       0x7c ./src/sub-systemCode/COMM/DelayedCommand_list.o
                0x20020c00                find_CMD_in_list
 .text.find_empty_in_list
                0x20020c7c       0x74 ./src/sub-systemCode/COMM/DelayedCommand_list.o
                0x20020c7c                find_empty_in_list
 .text.check_delayCommandTime
                0x20020cf0       0x8c ./src/sub-systemCode/COMM/DelayedCommand_list.o
                0x20020cf0                check_delayCommandTime
 .text.execute_delayedCommand
                0x20020d7c       0x64 ./src/sub-systemCode/COMM/DelayedCommand_list.o
                0x20020d7c                execute_delayedCommand
 .text.check_delaycommand
                0x20020de0      0x17c ./src/sub-systemCode/COMM/DelayedCommand_list.o
                0x20020de0                check_delaycommand
 .text.reset_delayCommand
                0x20020f5c       0x8c ./src/sub-systemCode/COMM/DelayedCommand_list.o
                0x20020f5c                reset_delayCommand
 .text.add_delayCommand
                0x20020fe8      0x1a4 ./src/sub-systemCode/COMM/DelayedCommand_list.o
                0x20020fe8                add_delayCommand
 .text.get_delayCommand_list
                0x2002118c       0x80 ./src/sub-systemCode/COMM/DelayedCommand_list.o
                0x2002118c                get_delayCommand_list
 .text.EmptyOldestCommand
                0x2002120c       0xfc ./src/sub-systemCode/COMM/DelayedCommand_list.o
                0x2002120c                EmptyOldestCommand
 .text.decode_TCpacket
                0x20021308      0x16c ./src/sub-systemCode/COMM/GSC.o
                0x20021308                decode_TCpacket
 .text.encode_TCpacket
                0x20021474      0x114 ./src/sub-systemCode/COMM/GSC.o
                0x20021474                encode_TCpacket
 .text.encode_TMpacket
                0x20021588      0x104 ./src/sub-systemCode/COMM/GSC.o
                0x20021588                encode_TMpacket
 .text.build_raw_ACK
                0x2002168c       0xbc ./src/sub-systemCode/COMM/GSC.o
                0x2002168c                build_raw_ACK
 .text.build_data_field_ACK
                0x20021748       0x74 ./src/sub-systemCode/COMM/GSC.o
                0x20021748                build_data_field_ACK
 .text.update_FRAM_bitRate
                0x200217bc       0xd0 ./src/sub-systemCode/COMM/TRXVU.o
                0x200217bc                update_FRAM_bitRate
 .text.toggle_idle_state
                0x2002188c       0x94 ./src/sub-systemCode/COMM/TRXVU.o
                0x2002188c                toggle_idle_state
 .text.TRXVU_init_hardWare
                0x20021920       0xac ./src/sub-systemCode/COMM/TRXVU.o
                0x20021920                TRXVU_init_hardWare
 .text.TRXVU_init_softWare
                0x200219cc      0x100 ./src/sub-systemCode/COMM/TRXVU.o
                0x200219cc                TRXVU_init_softWare
 .text.init_trxvu
                0x20021acc       0x14 ./src/sub-systemCode/COMM/TRXVU.o
                0x20021acc                init_trxvu
 .text.TRXVU_task
                0x20021ae0       0x9c ./src/sub-systemCode/COMM/TRXVU.o
                0x20021ae0                TRXVU_task
 .text.dump_logic
                0x20021b7c      0x34c ./src/sub-systemCode/COMM/TRXVU.o
                0x20021b7c                dump_logic
 .text.Dump_task
                0x20021ec8      0x17c ./src/sub-systemCode/COMM/TRXVU.o
                0x20021ec8                Dump_task
 .text.transponder_logic
                0x20022044       0xbc ./src/sub-systemCode/COMM/TRXVU.o
                0x20022044                transponder_logic
 .text.Transponder_task
                0x20022100      0x224 ./src/sub-systemCode/COMM/TRXVU.o
                0x20022100                Transponder_task
 .text.lookForRequestToDelete_transponder
                0x20022324       0xb4 ./src/sub-systemCode/COMM/TRXVU.o
                0x20022324                lookForRequestToDelete_transponder
 .text.lookForRequestToDelete_dump
                0x200223d8       0x78 ./src/sub-systemCode/COMM/TRXVU.o
                0x200223d8                lookForRequestToDelete_dump
 .text.sendRequestToStop_dump
                0x20022450       0x8c ./src/sub-systemCode/COMM/TRXVU.o
                0x20022450                sendRequestToStop_dump
 .text.sendRequestToStop_transponder
                0x200224dc       0x8c ./src/sub-systemCode/COMM/TRXVU.o
                0x200224dc                sendRequestToStop_transponder
 .text.Rx_logic
                0x20022568      0x18c ./src/sub-systemCode/COMM/TRXVU.o
                0x20022568                Rx_logic
 .text.pass_above_Ground
                0x200226f4      0x104 ./src/sub-systemCode/COMM/TRXVU.o
                0x200226f4                pass_above_Ground
 .text.trxvu_logic
                0x200227f8       0x1c ./src/sub-systemCode/COMM/TRXVU.o
                0x200227f8                trxvu_logic
 .text.Beacon_task
                0x20022814      0x170 ./src/sub-systemCode/COMM/TRXVU.o
                0x20022814                Beacon_task
 .text.buildAndSend_beacon
                0x20022984      0x604 ./src/sub-systemCode/COMM/TRXVU.o
                0x20022984                buildAndSend_beacon
 .text.reset_FRAM_TRXVU
                0x20022f88      0x160 ./src/sub-systemCode/COMM/TRXVU.o
                0x20022f88                reset_FRAM_TRXVU
 .text.TRX_sendFrame
                0x200230e8      0x1ac ./src/sub-systemCode/COMM/TRXVU.o
                0x200230e8                TRX_sendFrame
 .text.TRX_getFrameData
                0x20023294      0x10c ./src/sub-systemCode/COMM/TRXVU.o
                0x20023294                TRX_getFrameData
 .text.mute_Tx  0x200233a0       0x20 ./src/sub-systemCode/COMM/TRXVU.o
                0x200233a0                mute_Tx
 .text.unmute_Tx
                0x200233c0       0x58 ./src/sub-systemCode/COMM/TRXVU.o
                0x200233c0                unmute_Tx
 .text.check_time_off_mute
                0x20023418       0x88 ./src/sub-systemCode/COMM/TRXVU.o
                0x20023418                check_time_off_mute
 .text.set_mute_time
                0x200234a0       0xb4 ./src/sub-systemCode/COMM/TRXVU.o
                0x200234a0                set_mute_time
 .text.change_TRXVU_state
                0x20023554       0xe0 ./src/sub-systemCode/COMM/TRXVU.o
                0x20023554                change_TRXVU_state
 .text.change_trans_RSSI
                0x20023634       0x60 ./src/sub-systemCode/COMM/TRXVU.o
                0x20023634                change_trans_RSSI
 .text.init_adcs
                0x20023694      0x104 ./src/sub-systemCode/ADCS/ADCS.o
                0x20023694                init_adcs
 .text.telemtryStart
                0x20023798      0x16c ./src/sub-systemCode/ADCS/Stage_Table.o
                0x20023798                telemtryStart
 .text.powerStart
                0x20023904       0x5c ./src/sub-systemCode/ADCS/Stage_Table.o
                0x20023904                powerStart
 .text.createTable
                0x20023960       0xb4 ./src/sub-systemCode/ADCS/Stage_Table.o
                0x20023960                createTable
 .text.buildControlMode
                0x20023a14       0x60 ./src/sub-systemCode/ADCS/Stage_Table.o
                0x20023a14                buildControlMode
 .text.Check_Table
                0x20023a74      0x178 ./src/sub-systemCode/ADCS/Stage_Table.o
                0x20023a74                Check_Table
 .text.updateTable
                0x20023bec      0x1f0 ./src/sub-systemCode/ADCS/Stage_Table.o
                0x20023bec                updateTable
 .text.translateCommandFULL
                0x20023ddc       0x78 ./src/sub-systemCode/ADCS/Stage_Table.o
                0x20023ddc                translateCommandFULL
 .text.getTableTo
                0x20023e54       0x64 ./src/sub-systemCode/ADCS/Stage_Table.o
                0x20023e54                getTableTo
 .text.save_time
                0x20023eb8       0x9c ./src/main.o
                0x20023eb8                save_time
 .text.Command_logic
                0x20023f54       0x6c ./src/main.o
                0x20023f54                Command_logic
 .text.taskMain
                0x20023fc0       0x74 ./src/main.o
                0x20023fc0                taskMain
 .text.main     0x20024034       0xbc ./src/main.o
                0x20024034                main
 .text.GomEpsInitialize
                0x200240f0      0x148 C:/HOOPOE3/satellite-subsystems/demo/..//satellite-subsystems/lib\libSatelliteSubsystemsD.a(GomEPS.o)
                0x200240f0                GomEpsInitialize
 .text.makeEPStransfer
                0x20024238       0x3c C:/HOOPOE3/satellite-subsystems/demo/..//satellite-subsystems/lib\libSatelliteSubsystemsD.a(GomEPS.o)
 .text.GomEpsPing
                0x20024274       0xf8 C:/HOOPOE3/satellite-subsystems/demo/..//satellite-subsystems/lib\libSatelliteSubsystemsD.a(GomEPS.o)
                0x20024274                GomEpsPing
 .text.GomEpsSoftReset
                0x2002436c       0xc4 C:/HOOPOE3/satellite-subsystems/demo/..//satellite-subsystems/lib\libSatelliteSubsystemsD.a(GomEPS.o)
                0x2002436c                GomEpsSoftReset
 .text.GomEpsHardReset
                0x20024430       0xa8 C:/HOOPOE3/satellite-subsystems/demo/..//satellite-subsystems/lib\libSatelliteSubsystemsD.a(GomEPS.o)
                0x20024430                GomEpsHardReset
 .text.GomEpsGetHkData_param
                0x200244d8      0x29c C:/HOOPOE3/satellite-subsystems/demo/..//satellite-subsystems/lib\libSatelliteSubsystemsD.a(GomEPS.o)
                0x200244d8                GomEpsGetHkData_param
 .text.GomEpsGetHkData_general
                0x20024774      0x45c C:/HOOPOE3/satellite-subsystems/demo/..//satellite-subsystems/lib\libSatelliteSubsystemsD.a(GomEPS.o)
                0x20024774                GomEpsGetHkData_general
 .text.GomEpsGetHkData_vi
                0x20024bd0      0x188 C:/HOOPOE3/satellite-subsystems/demo/..//satellite-subsystems/lib\libSatelliteSubsystemsD.a(GomEPS.o)
                0x20024bd0                GomEpsGetHkData_vi
 .text.GomEpsGetHkData_out
                0x20024d58      0x21c C:/HOOPOE3/satellite-subsystems/demo/..//satellite-subsystems/lib\libSatelliteSubsystemsD.a(GomEPS.o)
                0x20024d58                GomEpsGetHkData_out
 .text.GomEpsGetHkData_wdt
                0x20024f74      0x2b4 C:/HOOPOE3/satellite-subsystems/demo/..//satellite-subsystems/lib\libSatelliteSubsystemsD.a(GomEPS.o)
                0x20024f74                GomEpsGetHkData_wdt
 .text.GomEpsGetHkData_basic
                0x20025228      0x22c C:/HOOPOE3/satellite-subsystems/demo/..//satellite-subsystems/lib\libSatelliteSubsystemsD.a(GomEPS.o)
                0x20025228                GomEpsGetHkData_basic
 .text.GomEpsSetOutput
                0x20025454       0xbc C:/HOOPOE3/satellite-subsystems/demo/..//satellite-subsystems/lib\libSatelliteSubsystemsD.a(GomEPS.o)
                0x20025454                GomEpsSetOutput
 .text.GomEpsResetWDT
                0x20025510       0xc4 C:/HOOPOE3/satellite-subsystems/demo/..//satellite-subsystems/lib\libSatelliteSubsystemsD.a(GomEPS.o)
                0x20025510                GomEpsResetWDT
 .text.GomEpsConfigGet
                0x200255d4      0x16c C:/HOOPOE3/satellite-subsystems/demo/..//satellite-subsystems/lib\libSatelliteSubsystemsD.a(GomEPS.o)
                0x200255d4                GomEpsConfigGet
 .text.GomEpsConfigSet
                0x20025740      0x184 C:/HOOPOE3/satellite-subsystems/demo/..//satellite-subsystems/lib\libSatelliteSubsystemsD.a(GomEPS.o)
                0x20025740                GomEpsConfigSet
 .text.GomEpsConfig2Get
                0x200258c4      0x16c C:/HOOPOE3/satellite-subsystems/demo/..//satellite-subsystems/lib\libSatelliteSubsystemsD.a(GomEPS.o)
                0x200258c4                GomEpsConfig2Get
 .text.makeAntStransfer
                0x20025a30       0x4c C:/HOOPOE3/satellite-subsystems/demo/..//satellite-subsystems/lib\libSatelliteSubsystemsD.a(IsisAntS.o)
 .text.checkInputsValid
                0x20025a7c       0x7c C:/HOOPOE3/satellite-subsystems/demo/..//satellite-subsystems/lib\libSatelliteSubsystemsD.a(IsisAntS.o)
 .text.IsisAntS_setArmStatus
                0x20025af8      0x104 C:/HOOPOE3/satellite-subsystems/demo/..//satellite-subsystems/lib\libSatelliteSubsystemsD.a(IsisAntS.o)
                0x20025af8                IsisAntS_setArmStatus
 .text.IsisAntS_getStatusData
                0x20025bfc      0x120 C:/HOOPOE3/satellite-subsystems/demo/..//satellite-subsystems/lib\libSatelliteSubsystemsD.a(IsisAntS.o)
                0x20025bfc                IsisAntS_getStatusData
 .text.IsisAntS_getTemperature
                0x20025d1c      0x120 C:/HOOPOE3/satellite-subsystems/demo/..//satellite-subsystems/lib\libSatelliteSubsystemsD.a(IsisAntS.o)
                0x20025d1c                IsisAntS_getTemperature
 .text.IsisAntS_getAlltelemetry
                0x20025e3c      0x120 C:/HOOPOE3/satellite-subsystems/demo/..//satellite-subsystems/lib\libSatelliteSubsystemsD.a(IsisAntS.o)
                0x20025e3c                IsisAntS_getAlltelemetry
 .text.IsisAntS_reset
                0x20025f5c      0x104 C:/HOOPOE3/satellite-subsystems/demo/..//satellite-subsystems/lib\libSatelliteSubsystemsD.a(IsisAntS.o)
                0x20025f5c                IsisAntS_reset
 .text.IsisSolarPanelv2_initialize
                0x20026060       0xb4 C:/HOOPOE3/satellite-subsystems/demo/..//satellite-subsystems/lib\libSatelliteSubsystemsD.a(IsisSolarPanelv2.o)
                0x20026060                IsisSolarPanelv2_initialize
 .text.IsisSolarPanelv2_getTemperature
                0x20026114       0xc8 C:/HOOPOE3/satellite-subsystems/demo/..//satellite-subsystems/lib\libSatelliteSubsystemsD.a(IsisSolarPanelv2.o)
                0x20026114                IsisSolarPanelv2_getTemperature
 .text.IsisSolarPanelv2_sleep
                0x200261dc       0xbc C:/HOOPOE3/satellite-subsystems/demo/..//satellite-subsystems/lib\libSatelliteSubsystemsD.a(IsisSolarPanelv2.o)
                0x200261dc                IsisSolarPanelv2_sleep
 .text.IsisSolarPanelv2_wakeup
                0x20026298       0x80 C:/HOOPOE3/satellite-subsystems/demo/..//satellite-subsystems/lib\libSatelliteSubsystemsD.a(IsisSolarPanelv2.o)
                0x20026298                IsisSolarPanelv2_wakeup
 .text._Reset   0x20026318       0x20 C:/HOOPOE3/satellite-subsystems/demo/..//satellite-subsystems/lib\libSatelliteSubsystemsD.a(IsisSolarPanelv2.o)
 .text._WaitForStartup
                0x20026338       0x90 C:/HOOPOE3/satellite-subsystems/demo/..//satellite-subsystems/lib\libSatelliteSubsystemsD.a(IsisSolarPanelv2.o)
 .text._AssignAllChannels
                0x200263c8       0x90 C:/HOOPOE3/satellite-subsystems/demo/..//satellite-subsystems/lib\libSatelliteSubsystemsD.a(IsisSolarPanelv2.o)
 .text._AssignThisChannel
                0x20026458       0xe8 C:/HOOPOE3/satellite-subsystems/demo/..//satellite-subsystems/lib\libSatelliteSubsystemsD.a(IsisSolarPanelv2.o)
 .text._InitiateConversion
                0x20026540       0xac C:/HOOPOE3/satellite-subsystems/demo/..//satellite-subsystems/lib\libSatelliteSubsystemsD.a(IsisSolarPanelv2.o)
 .text._WaitForConversionComplete
                0x200265ec      0x100 C:/HOOPOE3/satellite-subsystems/demo/..//satellite-subsystems/lib\libSatelliteSubsystemsD.a(IsisSolarPanelv2.o)
 .text._ReadResult
                0x200266ec      0x158 C:/HOOPOE3/satellite-subsystems/demo/..//satellite-subsystems/lib\libSatelliteSubsystemsD.a(IsisSolarPanelv2.o)
 .text._ExtractByte
                0x20026844       0x38 C:/HOOPOE3/satellite-subsystems/demo/..//satellite-subsystems/lib\libSatelliteSubsystemsD.a(IsisSolarPanelv2.o)
 .text._ExtendSign
                0x2002687c       0x6c C:/HOOPOE3/satellite-subsystems/demo/..//satellite-subsystems/lib\libSatelliteSubsystemsD.a(IsisSolarPanelv2.o)
 .text._PinsInit
                0x200268e8       0x50 C:/HOOPOE3/satellite-subsystems/demo/..//satellite-subsystems/lib\libSatelliteSubsystemsD.a(IsisSolarPanelv2.o)
 .text._SpiWriteRead
                0x20026938       0x70 C:/HOOPOE3/satellite-subsystems/demo/..//satellite-subsystems/lib\libSatelliteSubsystemsD.a(IsisSolarPanelv2.o)
 .text.IsisTrxvu_initialize
                0x200269a8      0x2f4 C:/HOOPOE3/satellite-subsystems/demo/..//satellite-subsystems/lib\libSatelliteSubsystemsD.a(IsisTRXVU.o)
                0x200269a8                IsisTrxvu_initialize
 .text.makeTRXVUtransfer
                0x20026c9c       0x44 C:/HOOPOE3/satellite-subsystems/demo/..//satellite-subsystems/lib\libSatelliteSubsystemsD.a(IsisTRXVU.o)
 .text.IsisTrxvu_componentSoftReset
                0x20026ce0       0x6c C:/HOOPOE3/satellite-subsystems/demo/..//satellite-subsystems/lib\libSatelliteSubsystemsD.a(IsisTRXVU.o)
                0x20026ce0                IsisTrxvu_componentSoftReset
 .text.IsisTrxvu_componentHardReset
                0x20026d4c       0xc8 C:/HOOPOE3/satellite-subsystems/demo/..//satellite-subsystems/lib\libSatelliteSubsystemsD.a(IsisTRXVU.o)
                0x20026d4c                IsisTrxvu_componentHardReset
 .text.IsisTrxvu_softReset
                0x20026e14       0x74 C:/HOOPOE3/satellite-subsystems/demo/..//satellite-subsystems/lib\libSatelliteSubsystemsD.a(IsisTRXVU.o)
                0x20026e14                IsisTrxvu_softReset
 .text.IsisTrxvu_hardReset
                0x20026e88       0x74 C:/HOOPOE3/satellite-subsystems/demo/..//satellite-subsystems/lib\libSatelliteSubsystemsD.a(IsisTRXVU.o)
                0x20026e88                IsisTrxvu_hardReset
 .text.IsisTrxvu_tcSendAX25DefClSign
                0x20026efc       0xec C:/HOOPOE3/satellite-subsystems/demo/..//satellite-subsystems/lib\libSatelliteSubsystemsD.a(IsisTRXVU.o)
                0x20026efc                IsisTrxvu_tcSendAX25DefClSign
 .text.IsisTrxvu_tcSetIdlestate
                0x20026fe8       0xa4 C:/HOOPOE3/satellite-subsystems/demo/..//satellite-subsystems/lib\libSatelliteSubsystemsD.a(IsisTRXVU.o)
                0x20026fe8                IsisTrxvu_tcSetIdlestate
 .text.IsisTrxvu_tcSetAx25Bitrate
                0x2002708c       0xc4 C:/HOOPOE3/satellite-subsystems/demo/..//satellite-subsystems/lib\libSatelliteSubsystemsD.a(IsisTRXVU.o)
                0x2002708c                IsisTrxvu_tcSetAx25Bitrate
 .text.IsisTrxvu_tcGetTelemetryAll
                0x20027150       0xd0 C:/HOOPOE3/satellite-subsystems/demo/..//satellite-subsystems/lib\libSatelliteSubsystemsD.a(IsisTRXVU.o)
                0x20027150                IsisTrxvu_tcGetTelemetryAll
 .text.IsisTrxvu_tcGetTelemetryAll_revC
                0x20027220       0xd0 C:/HOOPOE3/satellite-subsystems/demo/..//satellite-subsystems/lib\libSatelliteSubsystemsD.a(IsisTRXVU.o)
                0x20027220                IsisTrxvu_tcGetTelemetryAll_revC
 .text.IsisTrxvu_rcGetFrameCount
                0x200272f0       0xa0 C:/HOOPOE3/satellite-subsystems/demo/..//satellite-subsystems/lib\libSatelliteSubsystemsD.a(IsisTRXVU.o)
                0x200272f0                IsisTrxvu_rcGetFrameCount
 .text.IsisTrxvu_rcGetCommandFrame