Archive member included because of file (symbol)

c:/isis/application/toolchain/bin/../lib/gcc/arm-none-eabi/4.7.4/../../../../arm-none-eabi/lib\libc_s.a(lib_a-vfprintf_float.o)
                              (_printf_float)
c:/isis/application/toolchain/bin/../lib/gcc/arm-none-eabi/4.7.4/../../../../arm-none-eabi/lib\libc_s.a(lib_a-vfprintf_i.o)
                              c:/isis/application/toolchain/bin/../lib/gcc/arm-none-eabi/4.7.4/../../../../arm-none-eabi/lib\libc_s.a(lib_a-vfprintf_float.o) (_printf_common)
c:/isis/application/toolchain/bin/../lib/gcc/arm-none-eabi/4.7.4/../../../../arm-none-eabi/lib\libc_s.a(lib_a-vfscanf_float.o)
                              (_scanf_float)
c:/isis/application/toolchain/bin/../lib/gcc/arm-none-eabi/4.7.4/../../../../arm-none-eabi/lib\libc_s.a(lib_a-dtoa.o)
                              c:/isis/application/toolchain/bin/../lib/gcc/arm-none-eabi/4.7.4/../../../../arm-none-eabi/lib\libc_s.a(lib_a-vfprintf_float.o) (_dtoa_r)
c:/isis/application/toolchain/bin/../lib/gcc/arm-none-eabi/4.7.4/../../../../arm-none-eabi/lib\libc_s.a(lib_a-locale.o)
                              c:/isis/application/toolchain/bin/../lib/gcc/arm-none-eabi/4.7.4/../../../../arm-none-eabi/lib\libc_s.a(lib_a-vfprintf_float.o) (_localeconv_r)
c:/isis/application/toolchain/bin/../lib/gcc/arm-none-eabi/4.7.4/../../../../arm-none-eabi/lib\libc_s.a(lib_a-malloc.o)
                              c:/isis/application/toolchain/bin/../lib/gcc/arm-none-eabi/4.7.4/../../../../arm-none-eabi/lib\libc_s.a(lib_a-dtoa.o) (malloc)
c:/isis/application/toolchain/bin/../lib/gcc/arm-none-eabi/4.7.4/../../../../arm-none-eabi/lib\libc_s.a(lib_a-mallocr.o)
                              c:/isis/application/toolchain/bin/../lib/gcc/arm-none-eabi/4.7.4/../../../../arm-none-eabi/lib\libc_s.a(lib_a-malloc.o) (_malloc_r)
c:/isis/application/toolchain/bin/../lib/gcc/arm-none-eabi/4.7.4/../../../../arm-none-eabi/lib\libc_s.a(lib_a-memcpy.o)
                              c:/isis/application/toolchain/bin/../lib/gcc/arm-none-eabi/4.7.4/../../../../arm-none-eabi/lib\libc_s.a(lib_a-dtoa.o) (memcpy)
c:/isis/application/toolchain/bin/../lib/gcc/arm-none-eabi/4.7.4/../../../../arm-none-eabi/lib\libc_s.a(lib_a-mprec.o)
                              c:/isis/application/toolchain/bin/../lib/gcc/arm-none-eabi/4.7.4/../../../../arm-none-eabi/lib\libc_s.a(lib_a-dtoa.o) (_Balloc)
c:/isis/application/toolchain/bin/../lib/gcc/arm-none-eabi/4.7.4/../../../../arm-none-eabi/lib\libc_s.a(lib_a-s_fpclassify.o)
                              c:/isis/application/toolchain/bin/../lib/gcc/arm-none-eabi/4.7.4/../../../../arm-none-eabi/lib\libc_s.a(lib_a-vfprintf_float.o) (__fpclassifyd)
c:/isis/application/toolchain/bin/../lib/gcc/arm-none-eabi/4.7.4/../../../../arm-none-eabi/lib\libc_s.a(lib_a-sbrkr.o)
                              c:/isis/application/toolchain/bin/../lib/gcc/arm-none-eabi/4.7.4/../../../../arm-none-eabi/lib\libc_s.a(lib_a-mallocr.o) (_sbrk_r)
c:/isis/application/toolchain/bin/../lib/gcc/arm-none-eabi/4.7.4/../../../../arm-none-eabi/lib\libc_s.a(lib_a-sf_nan.o)
                              c:/isis/application/toolchain/bin/../lib/gcc/arm-none-eabi/4.7.4/../../../../arm-none-eabi/lib\libc_s.a(lib_a-vfscanf_float.o) (nanf)
c:/isis/application/toolchain/bin/../lib/gcc/arm-none-eabi/4.7.4/../../../../arm-none-eabi/lib\libc_s.a(lib_a-sprintf.o)
                              c:/isis/application/toolchain/bin/../lib/gcc/arm-none-eabi/4.7.4/../../../../arm-none-eabi/lib\libc_s.a(lib_a-vfscanf_float.o) (sprintf)
c:/isis/application/toolchain/bin/../lib/gcc/arm-none-eabi/4.7.4/../../../../arm-none-eabi/lib\libc_s.a(lib_a-strcmp.o)
                              c:/isis/application/toolchain/bin/../lib/gcc/arm-none-eabi/4.7.4/../../../../arm-none-eabi/lib\libc_s.a(lib_a-locale.o) (strcmp)
c:/isis/application/toolchain/bin/../lib/gcc/arm-none-eabi/4.7.4/../../../../arm-none-eabi/lib\libc_s.a(lib_a-strlen.o)
                              c:/isis/application/toolchain/bin/../lib/gcc/arm-none-eabi/4.7.4/../../../../arm-none-eabi/lib\libc_s.a(lib_a-vfprintf_float.o) (strlen)
c:/isis/application/toolchain/bin/../lib/gcc/arm-none-eabi/4.7.4/../../../../arm-none-eabi/lib\libc_s.a(lib_a-strtod.o)
                              c:/isis/application/toolchain/bin/../lib/gcc/arm-none-eabi/4.7.4/../../../../arm-none-eabi/lib\libc_s.a(lib_a-vfscanf_float.o) (_strtod_r)
c:/isis/application/toolchain/bin/../lib/gcc/arm-none-eabi/4.7.4/../../../../arm-none-eabi/lib\libc_s.a(lib_a-strtol.o)
                              c:/isis/application/toolchain/bin/../lib/gcc/arm-none-eabi/4.7.4/../../../../arm-none-eabi/lib\libc_s.a(lib_a-vfscanf_float.o) (_strtol_r)
c:/isis/application/toolchain/bin/../lib/gcc/arm-none-eabi/4.7.4/../../../../arm-none-eabi/lib\libc_s.a(lib_a-svfprintf.o)
                              c:/isis/application/toolchain/bin/../lib/gcc/arm-none-eabi/4.7.4/../../../../arm-none-eabi/lib\libc_s.a(lib_a-sprintf.o) (_svfprintf_r)
[...]
Memory Configuration

Name             Origin             Length             Attributes
sram0            0x00200000         0x00004000         w !xr
sram1            0x00300000         0x00004000         w !xr
sdram            0x20000000         0x02000000         w !xr
*default*        0x00000000         0xffffffff

Linker script and memory map

LOAD c:/isis/application/toolchain/bin/../lib/gcc/arm-none-eabi/4.7.4/../../../../arm-none-eabi/lib\libc_s.a
LOAD ./src/sub-systemCode/Main/CMD/COMM_CMD.o
LOAD ./src/sub-systemCode/Main/CMD/EPS_CMD.o
LOAD ./src/sub-systemCode/Main/CMD/General_CMD.o
LOAD ./src/sub-systemCode/Main/CMD/SW_CMD.o
LOAD ./src/sub-systemCode/Main/CMD/payload_CMD.o
LOAD ./src/sub-systemCode/Main/CMD/test_CMD.o
LOAD ./src/sub-systemCode/Main/Ants.o
LOAD ./src/sub-systemCode/Main/EPS.o
LOAD ./src/sub-systemCode/Main/HouseKeeping.o
LOAD ./src/sub-systemCode/Main/Main_Init.o
LOAD ./src/sub-systemCode/Main/commands.o
LOAD ./src/sub-systemCode/Global/Global.o
LOAD ./src/sub-systemCode/Global/GlobalParam.o
LOAD ./src/sub-systemCode/Global/TM_managment.o
LOAD ./src/sub-systemCode/COMM/APRS.o
LOAD ./src/sub-systemCode/COMM/DelayedCommand_list.o
LOAD ./src/sub-systemCode/COMM/GSC.o
LOAD ./src/sub-systemCode/COMM/TRXVU.o
LOAD ./src/sub-systemCode/ADCS/ADCS.o
LOAD ./src/sub-systemCode/ADCS/Stage_Table.o
LOAD ./src/main.o
LOAD C:/HOOPOE3/satellite-subsystems/demo/..//satellite-subsystems/lib\libSatelliteSubsystemsD.a
LOAD c:/isis/application/toolchain/bin/../lib/gcc/arm-none-eabi/4.7.4/../../../../arm-none-eabi/lib\libm.a
LOAD C:/HOOPOE3/satellite-subsystems/demo/../..//hal/hcc/lib\libHCCD.a
LOAD C:/HOOPOE3/satellite-subsystems/demo/../..//hal/hal/lib\libHALD.a
LOAD C:/HOOPOE3/satellite-subsystems/demo/../..//hal/freertos/lib\libFreeRTOSD.a
LOAD C:/HOOPOE3/satellite-subsystems/demo/../..//hal/at91/lib\libAt91D.a
START GROUP
LOAD c:/isis/application/toolchain/bin/../lib/gcc/arm-none-eabi/4.7.4\libgcc.a
LOAD c:/isis/application/toolchain/bin/../lib/gcc/arm-none-eabi/4.7.4/../../../../arm-none-eabi/lib\libc_s.a
END GROUP

.fixed          0x20000000    0x3c198
                0x20000000                . = ALIGN (0x4)
                0x20000000                _sfixed = .
 *(.startup)
 .startup       0x20000000      0x134 C:/HOOPOE3/satellite-subsystems/demo/../..//hal/at91/lib\libAt91D.a(board_cstartup.o)
                0x20000000                entry
 *(.text)
 .text          0x20000134       0x64 C:/HOOPOE3/satellite-subsystems/demo/../..//hal/at91/lib\libAt91D.a(cp15_asm.o)
                0x20000134                _readControlRegister
                0x20000140                _writeControlRegister
                0x20000148                _waitForInterrupt
                0x20000154                _writeTTB
                0x2000015c                _writeDomain
                0x20000164                _writeITLBLockdown
                0x2000016c                _prefetchICacheLine
                0x20000174                _flushDCache
                0x20000180                _flushWriteBuffer
                0x2000018c                _invalidateIDTLBs
 .text          0x20000198      0x114 c:/isis/application/toolchain/bin/../lib/gcc/arm-none-eabi/4.7.4\libgcc.a(_udivsi3.o)
                0x20000198                __aeabi_uidiv
                0x20000198                __udivsi3
                0x2000028c                __aeabi_uidivmod
 .text          0x200002ac      0x148 c:/isis/application/toolchain/bin/../lib/gcc/arm-none-eabi/4.7.4\libgcc.a(_divsi3.o)
                0x200002ac                __divsi3
                0x200002ac                __aeabi_idiv
                0x200003d4                __aeabi_idivmod
 .text          0x200003f4        0x4 c:/isis/application/toolchain/bin/../lib/gcc/arm-none-eabi/4.7.4\libgcc.a(_dvmd_tls.o)
                0x200003f4                __aeabi_idiv0
                0x200003f4                __aeabi_ldiv0
 .text          0x200003f8      0x41c c:/isis/application/toolchain/bin/../lib/gcc/arm-none-eabi/4.7.4\libgcc.a(_arm_addsubdf3.o)
                0x200003f8                __aeabi_drsub
                0x20000400                __aeabi_dsub
                0x20000400                __subdf3
                0x20000404                __aeabi_dadd
                0x20000404                __adddf3
                0x20000714                __floatunsidf
                0x20000714                __aeabi_ui2d
                0x20000738                __floatsidf
                0x20000738                __aeabi_i2d
                0x20000760                __aeabi_f2d
                0x20000760                __extendsfdf2
                0x200007a0                __floatundidf
                0x200007a0                __aeabi_ul2d
                0x200007b4                __floatdidf
                0x200007b4                __aeabi_l2d
 .text          0x20000814      0x49c c:/isis/application/toolchain/bin/../lib/gcc/arm-none-eabi/4.7.4\libgcc.a(_arm_muldivdf3.o)
                0x20000814                __aeabi_dmul
                0x20000814                __muldf3
                0x20000aa4                __divdf3
                0x20000aa4                __aeabi_ddiv
 .text          0x20000cb0      0x144 c:/isis/application/toolchain/bin/../lib/gcc/arm-none-eabi/4.7.4\libgcc.a(_arm_cmpdf2.o)
                0x20000cb0                __gtdf2
                0x20000cb0                __gedf2
                0x20000cb8                __ltdf2
                0x20000cb8                __ledf2
                0x20000cc0                __nedf2
                0x20000cc0                __eqdf2
                0x20000cc0                __cmpdf2
                0x20000d48                __aeabi_cdrcmple
                0x20000d64                __aeabi_cdcmpeq
                0x20000d64                __aeabi_cdcmple
                0x20000d7c                __aeabi_dcmpeq
                0x20000d94                __aeabi_dcmplt
                0x20000dac                __aeabi_dcmple
                0x20000dc4                __aeabi_dcmpge
                0x20000ddc                __aeabi_dcmpgt
 .text          0x20000df4       0x5c c:/isis/application/toolchain/bin/../lib/gcc/arm-none-eabi/4.7.4\libgcc.a(_arm_fixdfsi.o)
                0x20000df4                __aeabi_d2iz
                0x20000df4                __fixdfsi
 .text          0x20000e50       0x54 c:/isis/application/toolchain/bin/../lib/gcc/arm-none-eabi/4.7.4\libgcc.a(_arm_fixunsdfsi.o)
                0x20000e50                __aeabi_d2uiz
                0x20000e50                __fixunsdfsi
 .text          0x20000ea4       0xa0 c:/isis/application/toolchain/bin/../lib/gcc/arm-none-eabi/4.7.4\libgcc.a(_arm_truncdfsf2.o)
                0x20000ea4                __truncdfsf2
                0x20000ea4                __aeabi_d2f
 .text          0x20000f44      0x2ac c:/isis/application/toolchain/bin/../lib/gcc/arm-none-eabi/4.7.4\libgcc.a(_arm_addsubsf3.o)
                0x20000f44                __aeabi_frsub
                0x20000f4c                __subsf3
                0x20000f4c                __aeabi_fsub
                0x20000f50                __aeabi_fadd
                0x20000f50                __addsf3
                0x2000110c                __aeabi_ui2f
                0x2000110c                __floatunsisf
                0x20001114                __aeabi_i2f
                0x20001114                __floatsisf
                0x20001134                __aeabi_ul2f
                0x20001134                __floatundisf
                0x20001144                __aeabi_l2f
                0x20001144                __floatdisf
 .text          0x200011f0      0x2f8 c:/isis/application/toolchain/bin/../lib/gcc/arm-none-eabi/4.7.4\libgcc.a(_arm_muldivsf3.o)
                0x200011f0                __mulsf3
                0x200011f0                __aeabi_fmul
                0x20001388                __aeabi_fdiv
                0x20001388                __divsf3
 .text          0x200014e8       0x54 c:/isis/application/toolchain/bin/../lib/gcc/arm-none-eabi/4.7.4\libgcc.a(_arm_fixunssfsi.o)
                0x200014e8                __fixunssfsi
                0x200014e8                __aeabi_f2uiz
 *(.text*)
 .text.__cvt    0x2000153c      0x138 c:/isis/application/toolchain/bin/../lib/gcc/arm-none-eabi/4.7.4/../../../../arm-none-eabi/lib\libc_s.a(lib_a-vfprintf_float.o)
                0x2000153c                __cvt
 .text.__exponent
                0x20001674       0xa8 c:/isis/application/toolchain/bin/../lib/gcc/arm-none-eabi/4.7.4/../../../../arm-none-eabi/lib\libc_s.a(lib_a-vfprintf_float.o)
                0x20001674                __exponent
 .text._printf_float
                0x2000171c      0x7dc c:/isis/application/toolchain/bin/../lib/gcc/arm-none-eabi/4.7.4/../../../../arm-none-eabi/lib\libc_s.a(lib_a-vfprintf_float.o)
                0x2000171c                _printf_float
 .text._printf_common
                0x20001ef8      0x174 c:/isis/application/toolchain/bin/../lib/gcc/arm-none-eabi/4.7.4/../../../../arm-none-eabi/lib\libc_s.a(lib_a-vfprintf_i.o)
                0x20001ef8                _printf_common
 .text._printf_i
                0x2000206c      0x3c4 c:/isis/application/toolchain/bin/../lib/gcc/arm-none-eabi/4.7.4/../../../../arm-none-eabi/lib\libc_s.a(lib_a-vfprintf_i.o)
                0x2000206c                _printf_i
 .text._scanf_float
                0x20002430      0x5f4 c:/isis/application/toolchain/bin/../lib/gcc/arm-none-eabi/4.7.4/../../../../arm-none-eabi/lib\libc_s.a(lib_a-vfscanf_float.o)
                0x20002430                _scanf_float
 .text.quorem   0x20002a24      0x1ac c:/isis/application/toolchain/bin/../lib/gcc/arm-none-eabi/4.7.4/../../../../arm-none-eabi/lib\libc_s.a(lib_a-dtoa.o)
 .text._dtoa_r  0x20002bd0     0x1268 c:/isis/application/toolchain/bin/../lib/gcc/arm-none-eabi/4.7.4/../../../../arm-none-eabi/lib\libc_s.a(lib_a-dtoa.o)
                0x20002bd0                _dtoa_r
 .text._localeconv_r
                0x20003e38        0xc c:/isis/application/toolchain/bin/../lib/gcc/arm-none-eabi/4.7.4/../../../../arm-none-eabi/lib\libc_s.a(lib_a-locale.o)
                0x20003e38                _localeconv_r
 .text.malloc   0x20003e44       0x20 c:/isis/application/toolchain/bin/../lib/gcc/arm-none-eabi/4.7.4/../../../../arm-none-eabi/lib\libc_s.a(lib_a-malloc.o)
                0x20003e44                malloc
 .text.free     0x20003e64       0x20 c:/isis/application/toolchain/bin/../lib/gcc/arm-none-eabi/4.7.4/../../../../arm-none-eabi/lib\libc_s.a(lib_a-malloc.o)
                0x20003e64                free
 .text._malloc_r
                0x20003e84       0xfc c:/isis/application/toolchain/bin/../lib/gcc/arm-none-eabi/4.7.4/../../../../arm-none-eabi/lib\libc_s.a(lib_a-mallocr.o)
                0x20003e84                _malloc_r
 .text.memcpy   0x20003f80       0x20 c:/isis/application/toolchain/bin/../lib/gcc/arm-none-eabi/4.7.4/../../../../arm-none-eabi/lib\libc_s.a(lib_a-memcpy.o)
                0x20003f80                memcpy
 .text._Balloc  0x20003fa0       0xcc c:/isis/application/toolchain/bin/../lib/gcc/arm-none-eabi/4.7.4/../../../../arm-none-eabi/lib\libc_s.a(lib_a-mprec.o)
                0x20003fa0                _Balloc
 .text._Bfree   0x2000406c       0x5c c:/isis/application/toolchain/bin/../lib/gcc/arm-none-eabi/4.7.4/../../../../arm-none-eabi/lib\libc_s.a(lib_a-mprec.o)
                0x2000406c                _Bfree
 .text.__multadd
                0x200040c8       0xbc c:/isis/application/toolchain/bin/../lib/gcc/arm-none-eabi/4.7.4/../../../../arm-none-eabi/lib\libc_s.a(lib_a-mprec.o)
                0x200040c8                __multadd
 .text.__s2b    0x20004184       0xd8 c:/isis/application/toolchain/bin/../lib/gcc/arm-none-eabi/4.7.4/../../../../arm-none-eabi/lib\libc_s.a(lib_a-mprec.o)
                0x20004184                __s2b
 .text.__hi0bits
                0x2000425c       0x58 c:/isis/application/toolchain/bin/../lib/gcc/arm-none-eabi/4.7.4/../../../../arm-none-eabi/lib\libc_s.a(lib_a-mprec.o)
                0x2000425c                __hi0bits
 .text.__lo0bits
                0x200042b4       0x94 c:/isis/application/toolchain/bin/../lib/gcc/arm-none-eabi/4.7.4/../../../../arm-none-eabi/lib\libc_s.a(lib_a-mprec.o)
                0x200042b4                __lo0bits
 .text.__i2b    0x20004348       0x24 c:/isis/application/toolchain/bin/../lib/gcc/arm-none-eabi/4.7.4/../../../../arm-none-eabi/lib\libc_s.a(lib_a-mprec.o)
                0x20004348                __i2b
 .text.__multiply
                0x2000436c      0x1ac c:/isis/application/toolchain/bin/../lib/gcc/arm-none-eabi/4.7.4/../../../../arm-none-eabi/lib\libc_s.a(lib_a-mprec.o)
                0x2000436c                __multiply
 .text.__pow5mult
                0x20004518      0x10c c:/isis/application/toolchain/bin/../lib/gcc/arm-none-eabi/4.7.4/../../../../arm-none-eabi/lib\libc_s.a(lib_a-mprec.o)
                0x20004518                __pow5mult
 .text.__lshift
                0x20004624       0xf0 c:/isis/application/toolchain/bin/../lib/gcc/arm-none-eabi/4.7.4/../../../../arm-none-eabi/lib\libc_s.a(lib_a-mprec.o)
                0x20004624                __lshift
 .text.__mcmp   0x20004714       0x60 c:/isis/application/toolchain/bin/../lib/gcc/arm-none-eabi/4.7.4/../../../../arm-none-eabi/lib\libc_s.a(lib_a-mprec.o)
                0x20004714                __mcmp
 .text.__mdiff  0x20004774      0x128 c:/isis/application/toolchain/bin/../lib/gcc/arm-none-eabi/4.7.4/../../../../arm-none-eabi/lib\libc_s.a(lib_a-mprec.o)
                0x20004774                __mdiff
 .text.__ulp    0x2000489c       0x5c c:/isis/application/toolchain/bin/../lib/gcc/arm-none-eabi/4.7.4/../../../../arm-none-eabi/lib\libc_s.a(lib_a-mprec.o)
                0x2000489c                __ulp
 .text.__b2d    0x200048f8       0xc8 c:/isis/application/toolchain/bin/../lib/gcc/arm-none-eabi/4.7.4/../../../../arm-none-eabi/lib\libc_s.a(lib_a-mprec.o)
                0x200048f8                __b2d
 .text.__d2b    0x200049c0       0xfc c:/isis/application/toolchain/bin/../lib/gcc/arm-none-eabi/4.7.4/../../../../arm-none-eabi/lib\libc_s.a(lib_a-mprec.o)
                0x200049c0                __d2b
 .text.__ratio  0x20004abc       0x70 c:/isis/application/toolchain/bin/../lib/gcc/arm-none-eabi/4.7.4/../../../../arm-none-eabi/lib\libc_s.a(lib_a-mprec.o)
                0x20004abc                __ratio
 .text.__copybits
                0x20004b2c       0x4c c:/isis/application/toolchain/bin/../lib/gcc/arm-none-eabi/4.7.4/../../../../arm-none-eabi/lib\libc_s.a(lib_a-mprec.o)
                0x20004b2c                __copybits
 .text.__any_on
                0x20004b78       0x7c c:/isis/application/toolchain/bin/../lib/gcc/arm-none-eabi/4.7.4/../../../../arm-none-eabi/lib\libc_s.a(lib_a-mprec.o)
                0x20004b78                __any_on
 .text.__fpclassifyd
                0x20004bf4       0x6c c:/isis/application/toolchain/bin/../lib/gcc/arm-none-eabi/4.7.4/../../../../arm-none-eabi/lib\libc_s.a(lib_a-s_fpclassify.o)
                0x20004bf4                __fpclassifyd
 .text._sbrk_r  0x20004c60       0x3c c:/isis/application/toolchain/bin/../lib/gcc/arm-none-eabi/4.7.4/../../../../arm-none-eabi/lib\libc_s.a(lib_a-sbrkr.o)
                0x20004c60                _sbrk_r
 .text.nanf     0x20004c9c        0xc c:/isis/application/toolchain/bin/../lib/gcc/arm-none-eabi/4.7.4/../../../../arm-none-eabi/lib\libc_s.a(lib_a-sf_nan.o)
                0x20004c9c                nanf
 .text.sprintf  0x20004ca8       0x6c c:/isis/application/toolchain/bin/../lib/gcc/arm-none-eabi/4.7.4/../../../../arm-none-eabi/lib\libc_s.a(lib_a-sprintf.o)
                0x20004ca8                siprintf
                0x20004ca8                sprintf
 .text.strcmp   0x20004d14       0x1c c:/isis/application/toolchain/bin/../lib/gcc/arm-none-eabi/4.7.4/../../../../arm-none-eabi/lib\libc_s.a(lib_a-strcmp.o)
                0x20004d14                strcmp
 .text.strlen   0x20004d30       0x1c c:/isis/application/toolchain/bin/../lib/gcc/arm-none-eabi/4.7.4/../../../../arm-none-eabi/lib\libc_s.a(lib_a-strlen.o)
                0x20004d30                strlen
 .text.match    0x20004d4c       0x54 c:/isis/application/toolchain/bin/../lib/gcc/arm-none-eabi/4.7.4/../../../../arm-none-eabi/lib\libc_s.a(lib_a-strtod.o)
 .text._strtod_r
                0x20004da0     0x1168 c:/isis/application/toolchain/bin/../lib/gcc/arm-none-eabi/4.7.4/../../../../arm-none-eabi/lib\libc_s.a(lib_a-strtod.o)
                0x20004da0                _strtod_r
 .text._strtol_r
                0x20005f08      0x1b8 c:/isis/application/toolchain/bin/../lib/gcc/arm-none-eabi/4.7.4/../../../../arm-none-eabi/lib\libc_s.a(lib_a-strtol.o)
                0x20005f08                _strtol_r
 .text.__ssputc_r
                0x200060c0      0x10c c:/isis/application/toolchain/bin/../lib/gcc/arm-none-eabi/4.7.4/../../../../arm-none-eabi/lib\libc_s.a(lib_a-svfprintf.o)
                0x200060c0                __ssputc_r
 .text._svfprintf_r
                0x200061cc      0x328 c:/isis/application/toolchain/bin/../lib/gcc/arm-none-eabi/4.7.4/../../../../arm-none-eabi/lib\libc_s.a(lib_a-svfprintf.o)
                0x200061cc                _svfiprintf_r
                0x200061cc                _svfprintf_r
 .text._calloc_r
                0x200064f4       0x2c c:/isis/application/toolchain/bin/../lib/gcc/arm-none-eabi/4.7.4/../../../../arm-none-eabi/lib\libc_s.a(lib_a-callocr.o)
                0x200064f4                _calloc_r
 .text._free_r  0x20006520      0x108 c:/isis/application/toolchain/bin/../lib/gcc/arm-none-eabi/4.7.4/../../../../arm-none-eabi/lib\libc_s.a(lib_a-freer.o)
                0x20006520                _free_r
 .text.rshift   0x20006628       0xb0 c:/isis/application/toolchain/bin/../lib/gcc/arm-none-eabi/4.7.4/../../../../arm-none-eabi/lib\libc_s.a(lib_a-gdtoa-gethex.o)
 .text.htinit.constprop.0
                0x200066d8       0x34 c:/isis/application/toolchain/bin/../lib/gcc/arm-none-eabi/4.7.4/../../../../arm-none-eabi/lib\libc_s.a(lib_a-gdtoa-gethex.o)
 .text.__hexdig_init
                0x2000670c       0x38 c:/isis/application/toolchain/bin/../lib/gcc/arm-none-eabi/4.7.4/../../../../arm-none-eabi/lib\libc_s.a(lib_a-gdtoa-gethex.o)
                0x2000670c                __hexdig_init
 .text.__gethex
                0x20006744      0x6cc c:/isis/application/toolchain/bin/../lib/gcc/arm-none-eabi/4.7.4/../../../../arm-none-eabi/lib\libc_s.a(lib_a-gdtoa-gethex.o)
                0x20006744                __gethex
 .text.L_shift  0x20006e10       0x38 c:/isis/application/toolchain/bin/../lib/gcc/arm-none-eabi/4.7.4/../../../../arm-none-eabi/lib\libc_s.a(lib_a-gdtoa-hexnan.o)
 .text.__hexnan
                0x20006e48      0x1d8 c:/isis/application/toolchain/bin/../lib/gcc/arm-none-eabi/4.7.4/../../../../arm-none-eabi/lib\libc_s.a(lib_a-gdtoa-hexnan.o)
                0x20006e48                __hexnan
 .text.memchr   0x20007020       0x34 c:/isis/application/toolchain/bin/../lib/gcc/arm-none-eabi/4.7.4/../../../../arm-none-eabi/lib\libc_s.a(lib_a-memchr.o)
                0x20007020                memchr
 .text.memset   0x20007054       0x1c c:/isis/application/toolchain/bin/../lib/gcc/arm-none-eabi/4.7.4/../../../../arm-none-eabi/lib\libc_s.a(lib_a-memset.o)
                0x20007054                memset
 .text._realloc_r
                0x20007070       0x80 c:/isis/application/toolchain/bin/../lib/gcc/arm-none-eabi/4.7.4/../../../../arm-none-eabi/lib\libc_s.a(lib_a-reallocr.o)
                0x20007070                _realloc_r
 .text.strncmp  0x200070f0       0x64 c:/isis/application/toolchain/bin/../lib/gcc/arm-none-eabi/4.7.4/../../../../arm-none-eabi/lib\libc_s.a(lib_a-strncmp.o)
                0x200070f0                strncmp
 .text._malloc_usable_size_r
                0x20007154       0x1c c:/isis/application/toolchain/bin/../lib/gcc/arm-none-eabi/4.7.4/../../../../arm-none-eabi/lib\libc_s.a(lib_a-msizer.o)
                0x20007154                _malloc_usable_size_r
 .text.cmd_error
                0x20007170       0x38 ./src/sub-systemCode/Main/CMD/COMM_CMD.o
                0x20007170                cmd_error
 .text.cmd_mute
                0x200071a8       0xc4 ./src/sub-systemCode/Main/CMD/COMM_CMD.o
                0x200071a8                cmd_mute
 .text.cmd_unmute
                0x2000726c       0x4c ./src/sub-systemCode/Main/CMD/COMM_CMD.o
                0x2000726c                cmd_unmute
 .text.cmd_active_trans
                0x200072b8       0xc0 ./src/sub-systemCode/Main/CMD/COMM_CMD.o
                0x200072b8                cmd_active_trans
 .text.cmd_shut_trans
                0x20007378       0x38 ./src/sub-systemCode/Main/CMD/COMM_CMD.o
                0x20007378                cmd_shut_trans
 .text.cmd_change_trans_rssi
                0x200073b0       0xb8 ./src/sub-systemCode/Main/CMD/COMM_CMD.o
                0x200073b0                cmd_change_trans_rssi
 .text.cmd_aprs_dump
                0x20007468       0x50 ./src/sub-systemCode/Main/CMD/COMM_CMD.o
                0x20007468                cmd_aprs_dump
 .text.cmd_stop_dump
                0x200074b8       0x38 ./src/sub-systemCode/Main/CMD/COMM_CMD.o
                0x200074b8                cmd_stop_dump
 .text.cmd_time_frequency
                0x200074f0       0xc0 ./src/sub-systemCode/Main/CMD/COMM_CMD.o
                0x200074f0                cmd_time_frequency
 .text.cmd_upload_volt_logic
                0x200075b0      0x3d0 ./src/sub-systemCode/Main/CMD/EPS_CMD.o
                0x200075b0                cmd_upload_volt_logic
 .text.cmd_upload_volt_COMM
                0x20007980      0x1c8 ./src/sub-systemCode/Main/CMD/EPS_CMD.o
                0x20007980                cmd_upload_volt_COMM
 .text.cmd_heater_temp
                0x20007b48       0xc0 ./src/sub-systemCode/Main/CMD/EPS_CMD.o
                0x20007b48                cmd_heater_temp
 .text.cmd_SHUT_CAM
                0x20007c08       0x6c ./src/sub-systemCode/Main/CMD/EPS_CMD.o
                0x20007c08                cmd_SHUT_CAM
 .text.cmd_SHUT_ADCS
                0x20007c74       0x6c ./src/sub-systemCode/Main/CMD/EPS_CMD.o
                0x20007c74                cmd_SHUT_ADCS
 .text.cmd_allow_CAM
                0x20007ce0       0x6c ./src/sub-systemCode/Main/CMD/EPS_CMD.o
                0x20007ce0                cmd_allow_CAM
 .text.cmd_allow_ADCS
                0x20007d4c       0x6c ./src/sub-systemCode/Main/CMD/EPS_CMD.o
                0x20007d4c                cmd_allow_ADCS
 .text.cmd_generic_I2C
                0x20007db8       0xb4 ./src/sub-systemCode/Main/CMD/General_CMD.o
                0x20007db8                cmd_generic_I2C
 .text.cmd_dump
                0x20007e6c       0xf0 ./src/sub-systemCode/Main/CMD/General_CMD.o
                0x20007e6c                cmd_dump
 .text.cmd_delete_TM
                0x20007f5c      0x1dc ./src/sub-systemCode/Main/CMD/General_CMD.o
                0x20007f5c                cmd_delete_TM
 .text.cmd_reset_file
                0x20008138      0x110 ./src/sub-systemCode/Main/CMD/General_CMD.o
                0x20008138                cmd_reset_file
 .text.cmd_dummy_func
                0x20008248       0x40 ./src/sub-systemCode/Main/CMD/General_CMD.o
                0x20008248                cmd_dummy_func
 .text.cmd_soft_reset_cmponent
                0x20008288       0xb0 ./src/sub-systemCode/Main/CMD/General_CMD.o
                0x20008288                cmd_soft_reset_cmponent
 .text.cmd_hard_reset_cmponent
                0x20008338       0xb0 ./src/sub-systemCode/Main/CMD/General_CMD.o
                0x20008338                cmd_hard_reset_cmponent
 .text.cmd_reset_satellite
                0x200083e8       0x78 ./src/sub-systemCode/Main/CMD/General_CMD.o
                0x200083e8                cmd_reset_satellite
 .text.cmd_gracefull_reset_satellite
                0x20008460       0x78 ./src/sub-systemCode/Main/CMD/General_CMD.o
                0x20008460                cmd_gracefull_reset_satellite
 .text.cmd_upload_time
                0x200084d8       0xb0 ./src/sub-systemCode/Main/CMD/General_CMD.o
                0x200084d8                cmd_upload_time
 .text.cmd_ARM_DIARM
                0x20008588       0xd4 ./src/sub-systemCode/Main/CMD/General_CMD.o
                0x20008588                cmd_ARM_DIARM
 .text.cmd_reset_delayed_command_list
                0x2000865c       0x3c ./src/sub-systemCode/Main/CMD/SW_CMD.o
                0x2000865c                cmd_reset_delayed_command_list
 .text.cmd_reset_APRS_list
                0x20008698       0x3c ./src/sub-systemCode/Main/CMD/SW_CMD.o
                0x20008698                cmd_reset_APRS_list
 .text.cmd_reset_FRAM
                0x200086d4       0xe8 ./src/sub-systemCode/Main/CMD/SW_CMD.o
                0x200086d4                cmd_reset_FRAM
 .text.ARM_ants
                0x200087bc       0xb8 ./src/sub-systemCode/Main/Ants.o
                0x200087bc                ARM_ants
 .text.DISARM_ants
                0x20008874       0xb8 ./src/sub-systemCode/Main/Ants.o
                0x20008874                DISARM_ants
 .text.round_vol
                0x2000892c      0x124 ./src/sub-systemCode/Main/EPS.o
                0x2000892c                round_vol
 .text.get_shut_ADCS
                0x20008a50       0x48 ./src/sub-systemCode/Main/EPS.o
                0x20008a50                get_shut_ADCS
 .text.shut_ADCS
                0x20008a98       0x44 ./src/sub-systemCode/Main/EPS.o
                0x20008a98                shut_ADCS
 .text.get_shut_CAM
                0x20008adc       0x48 ./src/sub-systemCode/Main/EPS.o
                0x20008adc                get_shut_CAM
 .text.shut_CAM
                0x20008b24       0x44 ./src/sub-systemCode/Main/EPS.o
                0x20008b24                shut_CAM
 .text.update_powerLines
                0x20008b68       0xec ./src/sub-systemCode/Main/EPS.o
                0x20008b68                update_powerLines
 .text.init_enterMode
                0x20008c54       0x88 ./src/sub-systemCode/Main/EPS.o
                0x20008c54                init_enterMode
 .text.EPS_Init
                0x20008cdc      0x1c8 ./src/sub-systemCode/Main/EPS.o
                0x20008cdc                EPS_Init
 .text.reset_FRAM_EPS
                0x20008ea4       0xa4 ./src/sub-systemCode/Main/EPS.o
                0x20008ea4                reset_FRAM_EPS
 .text.reset_EPS_voltages
                0x20008f48       0xbc ./src/sub-systemCode/Main/EPS.o
                0x20008f48                reset_EPS_voltages
 .text.battery_downward
                0x20009004      0x114 ./src/sub-systemCode/Main/EPS.o
                0x20009004                battery_downward
 .text.battery_upward
                0x20009118      0x120 ./src/sub-systemCode/Main/EPS.o
                0x20009118                battery_upward
 .text.EPS_Conditioning
                0x20009238      0x208 ./src/sub-systemCode/Main/EPS.o
                0x20009238                EPS_Conditioning
 .text.overRide_ADCS
                0x20009440       0x50 ./src/sub-systemCode/Main/EPS.o
                0x20009440                overRide_ADCS
 .text.overRide_Camera
                0x20009490       0x38 ./src/sub-systemCode/Main/EPS.o
                0x20009490                overRide_Camera
 .text.EnterFullMode
                0x200094c8       0xfc ./src/sub-systemCode/Main/EPS.o
                0x200094c8                EnterFullMode
 .text.EnterCruiseMode
                0x200095c4       0xec ./src/sub-systemCode/Main/EPS.o
                0x200095c4                EnterCruiseMode
 .text.EnterSafeMode
                0x200096b0       0xec ./src/sub-systemCode/Main/EPS.o
                0x200096b0                EnterSafeMode
 .text.EnterCriticalMode
                0x2000979c       0xd8 ./src/sub-systemCode/Main/EPS.o
                0x2000979c                EnterCriticalMode
 .text.find_fileName
                0x20009874      0x588 ./src/sub-systemCode/Main/HouseKeeping.o
                0x20009874                find_fileName
 .text.size_of_element
                0x20009dfc       0xd4 ./src/sub-systemCode/Main/HouseKeeping.o
                0x20009dfc                size_of_element
 .text.save_ACK
                0x20009ed0       0xa0 ./src/sub-systemCode/Main/HouseKeeping.o
                0x20009ed0                save_ACK
 .text.set_GP_EPS
                0x20009f70      0x10c ./src/sub-systemCode/Main/HouseKeeping.o
                0x20009f70                set_GP_EPS
 .text.set_GP_COMM
                0x2000a07c       0x88 ./src/sub-systemCode/Main/HouseKeeping.o
                0x2000a07c                set_GP_COMM
 .text.SP_HK_collect
                0x2000a104      0x17c ./src/sub-systemCode/Main/HouseKeeping.o
                0x2000a104                SP_HK_collect
 .text.EPS_HK_collect
                0x2000a280      0x4d8 ./src/sub-systemCode/Main/HouseKeeping.o
                0x2000a280                EPS_HK_collect
 .text.CAM_HK_collect
                0x2000a758      0x91c ./src/sub-systemCode/Main/HouseKeeping.o
                0x2000a758                CAM_HK_collect
 .text.COMM_HK_collect
                0x2000b074      0x154 ./src/sub-systemCode/Main/HouseKeeping.o
                0x2000b074                COMM_HK_collect
 .text.COMM_create_file
                0x2000b1c8       0x74 ./src/sub-systemCode/Main/HouseKeeping.o
                0x2000b1c8                COMM_create_file
 .text.ACK_create_file
                0x2000b23c       0x74 ./src/sub-systemCode/Main/HouseKeeping.o
                0x2000b23c                ACK_create_file
 .text.EPS_create_file
                0x2000b2b0       0x74 ./src/sub-systemCode/Main/HouseKeeping.o
                0x2000b2b0                EPS_create_file
 .text.CAM_create_file
                0x2000b324       0x54 ./src/sub-systemCode/Main/HouseKeeping.o
                0x2000b324                CAM_create_file
 .text.SP_create_file
                0x2000b378       0x54 ./src/sub-systemCode/Main/HouseKeeping.o
                0x2000b378                SP_create_file
 .text.create_files
                0x2000b3cc       0x48 ./src/sub-systemCode/Main/HouseKeeping.o
                0x2000b3cc                create_files
 .text.save_SP_HK
                0x2000b414       0x70 ./src/sub-systemCode/Main/HouseKeeping.o
                0x2000b414                save_SP_HK
 .text.save_EPS_HK
                0x2000b484       0x70 ./src/sub-systemCode/Main/HouseKeeping.o
                0x2000b484                save_EPS_HK
 .text.save_CAM_HK
                0x2000b4f4       0x70 ./src/sub-systemCode/Main/HouseKeeping.o
                0x2000b4f4                save_CAM_HK
 .text.save_COMM_HK
                0x2000b564       0x70 ./src/sub-systemCode/Main/HouseKeeping.o
                0x2000b564                save_COMM_HK
 .text.EPS_HK_raw_BigEnE
                0x2000b5d4      0x194 ./src/sub-systemCode/Main/HouseKeeping.o
                0x2000b5d4                EPS_HK_raw_BigEnE
 .text.CAM_HK_raw_BigEnE
                0x2000b768      0x194 ./src/sub-systemCode/Main/HouseKeeping.o
                0x2000b768                CAM_HK_raw_BigEnE
 .text.COMM_HK_raw_BigEnE
                0x2000b8fc      0x194 ./src/sub-systemCode/Main/HouseKeeping.o
                0x2000b8fc                COMM_HK_raw_BigEnE
 .text.ADCS_HK_raw_BigEnE
                0x2000ba90      0x194 ./src/sub-systemCode/Main/HouseKeeping.o
                0x2000ba90                ADCS_HK_raw_BigEnE
 .text.ADCS_SC_raw_BigEnE
                0x2000bc24      0x188 ./src/sub-systemCode/Main/HouseKeeping.o
                0x2000bc24                ADCS_SC_raw_BigEnE
 .text.build_HK_spl_packet
                0x2000bdac      0x970 ./src/sub-systemCode/Main/HouseKeeping.o
                0x2000bdac                build_HK_spl_packet
 .text.HouseKeeping_highRate_Task
                0x2000c71c       0x60 ./src/sub-systemCode/Main/HouseKeeping.o
                0x2000c71c                HouseKeeping_highRate_Task
 .text.HouseKeeping_lowRate_Task
                0x2000c77c       0x5c ./src/sub-systemCode/Main/HouseKeeping.o
                0x2000c77c                HouseKeeping_lowRate_Task
 .text.test_menu
                0x2000c7d8       0xd8 ./src/sub-systemCode/Main/Main_Init.o
                0x2000c7d8                test_menu
 .text.numberOfRestarts
                0x2000c8b0       0x94 ./src/sub-systemCode/Main/Main_Init.o
                0x2000c8b0                numberOfRestarts
 .text.StartFRAM
                0x2000c944       0x38 ./src/sub-systemCode/Main/Main_Init.o
                0x2000c944                StartFRAM
 .text.StartI2C
                0x2000c97c       0x44 ./src/sub-systemCode/Main/Main_Init.o
                0x2000c97c                StartI2C
 .text.StartSPI
                0x2000c9c0       0x40 ./src/sub-systemCode/Main/Main_Init.o
                0x2000c9c0                StartSPI
 .text.StartTIME
                0x2000ca00      0x118 ./src/sub-systemCode/Main/Main_Init.o
                0x2000ca00                StartTIME
 .text.first_activation
                0x2000cb18       0x78 ./src/sub-systemCode/Main/Main_Init.o
                0x2000cb18                first_activation
 .text.InitSubsystems
                0x2000cb90       0x64 ./src/sub-systemCode/Main/Main_Init.o
                0x2000cb90                InitSubsystems
 .text.SubSystemTaskStart
                0x2000cbf4       0xe8 ./src/sub-systemCode/Main/Main_Init.o
                0x2000cbf4                SubSystemTaskStart
 .text.copy_command
                0x2000ccdc       0x80 ./src/sub-systemCode/Main/commands.o
                0x2000ccdc                copy_command
 .text.reset_command
                0x2000cd5c       0x28 ./src/sub-systemCode/Main/commands.o
                0x2000cd5c                reset_command
 .text.init_command
                0x2000cd84       0xd4 ./src/sub-systemCode/Main/commands.o
                0x2000cd84                init_command
 .text.add_command
                0x2000ce58      0x138 ./src/sub-systemCode/Main/commands.o
                0x2000ce58                add_command
 .text.get_command
                0x2000cf90      0x1cc ./src/sub-systemCode/Main/commands.o
                0x2000cf90                get_command
 .text.act_upon_command
                0x2000d15c      0x200 ./src/sub-systemCode/Main/commands.o
                0x2000d15c                act_upon_command
 .text.AUC_COMM
                0x2000d35c      0x200 ./src/sub-systemCode/Main/commands.o
                0x2000d35c                AUC_COMM
 .text.AUC_general
                0x2000d55c      0x17c ./src/sub-systemCode/Main/commands.o
                0x2000d55c                AUC_general
 .text.AUC_payload
                0x2000d6d8      0x110 ./src/sub-systemCode/Main/commands.o
                0x2000d6d8                AUC_payload
 .text.AUC_EPS  0x2000d7e8      0x248 ./src/sub-systemCode/Main/commands.o
                0x2000d7e8                AUC_EPS
 .text.AUC_ADCS
                0x2000da30       0x5c ./src/sub-systemCode/Main/commands.o
                0x2000da30                AUC_ADCS
 .text.AUC_GS   0x2000da8c      0x1fc ./src/sub-systemCode/Main/commands.o
                0x2000da8c                AUC_GS
 .text.AUC_SW   0x2000dc88       0xe4 ./src/sub-systemCode/Main/commands.o
                0x2000dc88                AUC_SW
 .text.AUC_special_operation
                0x2000dd6c       0x8c ./src/sub-systemCode/Main/commands.o
                0x2000dd6c                AUC_special_operation
 .text.check_int
                0x2000ddf8       0x3c ./src/sub-systemCode/Global/Global.o
                0x2000ddf8                check_int
 .text.check_portBASE_TYPE
                0x2000de34       0x3c ./src/sub-systemCode/Global/Global.o
                0x2000de34                check_portBASE_TYPE
 .text.soft_reset_subsystem
                0x2000de70       0xd8 ./src/sub-systemCode/Global/Global.o
                0x2000de70                soft_reset_subsystem
 .text.hard_reset_subsystem
                0x2000df48       0xfc ./src/sub-systemCode/Global/Global.o
                0x2000df48                hard_reset_subsystem
 .text.BigEnE_raw_to_uInt
                0x2000e044       0x94 ./src/sub-systemCode/Global/Global.o
                0x2000e044                BigEnE_raw_to_uInt
 .text.BigEnE_raw_to_uShort
                0x2000e0d8       0x50 ./src/sub-systemCode/Global/Global.o
                0x2000e0d8                BigEnE_raw_to_uShort
 .text.BigEnE_uInt_to_raw
                0x2000e128       0x78 ./src/sub-systemCode/Global/Global.o
                0x2000e128                BigEnE_uInt_to_raw
 .text.reset_FRAM_MAIN
                0x2000e1a0      0x19c ./src/sub-systemCode/Global/Global.o
                0x2000e1a0                reset_FRAM_MAIN
 .text.init_GP  0x2000e33c      0x300 ./src/sub-systemCode/Global/GlobalParam.o
                0x2000e33c                init_GP
 .text.get_system_state
                0x2000e63c      0x268 ./src/sub-systemCode/Global/GlobalParam.o
                0x2000e63c                get_system_state
 .text.set_system_state
                0x2000e8a4      0x298 ./src/sub-systemCode/Global/GlobalParam.o
                0x2000e8a4                set_system_state
 .text.get_current_global_param
                0x2000eb3c      0x5c8 ./src/sub-systemCode/Global/GlobalParam.o
                0x2000eb3c                get_current_global_param
 .text.set_Vbatt
                0x2000f104       0x8c ./src/sub-systemCode/Global/GlobalParam.o
                0x2000f104                set_Vbatt
 .text.get_Vbatt
                0x2000f190       0x8c ./src/sub-systemCode/Global/GlobalParam.o
                0x2000f190                get_Vbatt
 .text.set_curBat
                0x2000f21c       0x8c ./src/sub-systemCode/Global/GlobalParam.o
                0x2000f21c                set_curBat
 .text.set_cur3V3
                0x2000f2a8       0x8c ./src/sub-systemCode/Global/GlobalParam.o
                0x2000f2a8                set_cur3V3
 .text.set_cur5V
                0x2000f334       0x8c ./src/sub-systemCode/Global/GlobalParam.o
                0x2000f334                set_cur5V
 .text.set_tempComm_LO
                0x2000f3c0       0x8c ./src/sub-systemCode/Global/GlobalParam.o
                0x2000f3c0                set_tempComm_LO
 .text.set_tempComm_PA
                0x2000f44c       0x8c ./src/sub-systemCode/Global/GlobalParam.o
                0x2000f44c                set_tempComm_PA
 .text.set_tempEPS
                0x2000f4d8       0xc8 ./src/sub-systemCode/Global/GlobalParam.o
                0x2000f4d8                set_tempEPS
 .text.set_tempBatt
                0x2000f5a0       0xc8 ./src/sub-systemCode/Global/GlobalParam.o
                0x2000f5a0                set_tempBatt
 .text.set_RxDoppler
                0x2000f668       0x8c ./src/sub-systemCode/Global/GlobalParam.o
                0x2000f668                set_RxDoppler
 .text.set_RxRSSI
                0x2000f6f4       0x8c ./src/sub-systemCode/Global/GlobalParam.o
                0x2000f6f4                set_RxRSSI
 .text.set_TxRefl
                0x2000f780       0x8c ./src/sub-systemCode/Global/GlobalParam.o
                0x2000f780                set_TxRefl
 .text.set_TxForw
                0x2000f80c       0x8c ./src/sub-systemCode/Global/GlobalParam.o
                0x2000f80c                set_TxForw
 .text.get_ST   0x2000f898       0x8c ./src/sub-systemCode/Global/GlobalParam.o
                0x2000f898                get_ST
 .text.set_numOfAPRS
                0x2000f924       0x8c ./src/sub-systemCode/Global/GlobalParam.o
                0x2000f924                set_numOfAPRS
 .text.set_numOfDelayedCommand
                0x2000f9b0       0x8c ./src/sub-systemCode/Global/GlobalParam.o
                0x2000f9b0                set_numOfDelayedCommand
 .text.set_numOfResets
                0x2000fa3c       0xac ./src/sub-systemCode/Global/GlobalParam.o
                0x2000fa3c                set_numOfResets
 .text.set_ground_conn
                0x2000fae8       0xa0 ./src/sub-systemCode/Global/GlobalParam.o
                0x2000fae8                set_ground_conn
 .text.get_ground_conn
                0x2000fb88       0xa0 ./src/sub-systemCode/Global/GlobalParam.o
                0x2000fb88                get_ground_conn
 .text.delete_allTMFilesFromSD
                0x2000fc28       0xf8 ./src/sub-systemCode/Global/TM_managment.o
                0x2000fc28                delete_allTMFilesFromSD
 .text.getNumOfFilesInFS
                0x2000fd20       0x44 ./src/sub-systemCode/Global/TM_managment.o
 .text.setNumOfFilesInFS
                0x2000fd64       0x50 ./src/sub-systemCode/Global/TM_managment.o
 .text.InitializeFS
                0x2000fdb4      0x174 ./src/sub-systemCode/Global/TM_managment.o
                0x2000fdb4                InitializeFS
 .text.c_fileCreate
                0x2000ff28       0xf4 ./src/sub-systemCode/Global/TM_managment.o
                0x2000ff28                c_fileCreate
 .text.writewithEpochtime
                0x2001001c       0x9c ./src/sub-systemCode/Global/TM_managment.o
 .text.get_C_FILE_struct
                0x200100b8      0x104 ./src/sub-systemCode/Global/TM_managment.o
 .text.getFileIndex
                0x200101bc       0x4c ./src/sub-systemCode/Global/TM_managment.o
 .text.get_file_name_by_index
                0x20010208       0x54 ./src/sub-systemCode/Global/TM_managment.o
                0x20010208                get_file_name_by_index
 .text.c_fileReset
                0x2001025c       0xbc ./src/sub-systemCode/Global/TM_managment.o
                0x2001025c                c_fileReset
 .text.c_fileWrite
                0x20010318      0x11c ./src/sub-systemCode/Global/TM_managment.o
                0x20010318                c_fileWrite
 .text.c_fileRead
                0x20010434      0x28c ./src/sub-systemCode/Global/TM_managment.o
                0x20010434                c_fileRead
 .text.reset_APRS_list
                0x200106c0       0xa4 ./src/sub-systemCode/COMM/APRS.o
                0x200106c0                reset_APRS_list
 .text.send_APRS_Dump
                0x20010764      0x1c4 ./src/sub-systemCode/COMM/APRS.o
                0x20010764                send_APRS_Dump
 .text.check_APRS
                0x20010928      0x1a4 ./src/sub-systemCode/COMM/APRS.o
                0x20010928                check_APRS
 .text.get_APRS_list
                0x20010acc       0x88 ./src/sub-systemCode/COMM/APRS.o
                0x20010acc                get_APRS_list
 .text.find_CMD_in_list
                0x20010b54       0x7c ./src/sub-systemCode/COMM/DelayedCommand_list.o
                0x20010b54                find_CMD_in_list
 .text.find_empty_in_list
                0x20010bd0       0x74 ./src/sub-systemCode/COMM/DelayedCommand_list.o
                0x20010bd0                find_empty_in_list
 .text.check_delayCommandTime
                0x20010c44       0x8c ./src/sub-systemCode/COMM/DelayedCommand_list.o
                0x20010c44                check_delayCommandTime
 .text.execute_delayedCommand
                0x20010cd0       0x64 ./src/sub-systemCode/COMM/DelayedCommand_list.o
                0x20010cd0                execute_delayedCommand
 .text.check_delaycommand
                0x20010d34      0x17c ./src/sub-systemCode/COMM/DelayedCommand_list.o
                0x20010d34                check_delaycommand
 .text.reset_delayCommand
                0x20010eb0       0x8c ./src/sub-systemCode/COMM/DelayedCommand_list.o
                0x20010eb0                reset_delayCommand
 .text.add_delayCommand
                0x20010f3c      0x1a4 ./src/sub-systemCode/COMM/DelayedCommand_list.o
                0x20010f3c                add_delayCommand
 .text.get_delayCommand_list
                0x200110e0       0x80 ./src/sub-systemCode/COMM/DelayedCommand_list.o
                0x200110e0                get_delayCommand_list
 .text.EmptyOldestCommand
                0x20011160       0xfc ./src/sub-systemCode/COMM/DelayedCommand_list.o
                0x20011160                EmptyOldestCommand
 .text.decode_TCpacket
                0x2001125c      0x16c ./src/sub-systemCode/COMM/GSC.o
                0x2001125c                decode_TCpacket
 .text.encode_TCpacket
                0x200113c8      0x114 ./src/sub-systemCode/COMM/GSC.o
                0x200113c8                encode_TCpacket
 .text.encode_TMpacket
                0x200114dc      0x104 ./src/sub-systemCode/COMM/GSC.o
                0x200114dc                encode_TMpacket
 .text.build_raw_ACK
                0x200115e0       0xbc ./src/sub-systemCode/COMM/GSC.o
                0x200115e0                build_raw_ACK
 .text.build_data_field_ACK
                0x2001169c       0x74 ./src/sub-systemCode/COMM/GSC.o
                0x2001169c                build_data_field_ACK
 .text.init_trxvu
                0x20011710      0x118 ./src/sub-systemCode/COMM/TRXVU.o
                0x20011710                init_trxvu
 .text.TRXVU_task
                0x20011828      0x18c ./src/sub-systemCode/COMM/TRXVU.o
                0x20011828                TRXVU_task
 .text.dump_logic
                0x200119b4      0x2ec ./src/sub-systemCode/COMM/TRXVU.o
                0x200119b4                dump_logic
 .text.Dump_task
                0x20011ca0      0x16c ./src/sub-systemCode/COMM/TRXVU.o
                0x20011ca0                Dump_task
 .text.transponder_logic
                0x20011e0c       0xbc ./src/sub-systemCode/COMM/TRXVU.o
                0x20011e0c                transponder_logic
 .text.Transponder_task
                0x20011ec8      0x1e0 ./src/sub-systemCode/COMM/TRXVU.o
                0x20011ec8                Transponder_task
 .text.lookForRequestToDelete_transponder
                0x200120a8       0xac ./src/sub-systemCode/COMM/TRXVU.o
                0x200120a8                lookForRequestToDelete_transponder
 .text.lookForRequestToDelete_dump
                0x20012154       0x7c ./src/sub-systemCode/COMM/TRXVU.o
                0x20012154                lookForRequestToDelete_dump
 .text.sendRequestToStop_dump
                0x200121d0       0x8c ./src/sub-systemCode/COMM/TRXVU.o
                0x200121d0                sendRequestToStop_dump
 .text.sendRequestToStop_transponder
                0x2001225c       0x98 ./src/sub-systemCode/COMM/TRXVU.o
                0x2001225c                sendRequestToStop_transponder
 .text.Rx_logic
                0x200122f4      0x188 ./src/sub-systemCode/COMM/TRXVU.o
                0x200122f4                Rx_logic
 .text.pass_above_Ground
                0x2001247c      0x104 ./src/sub-systemCode/COMM/TRXVU.o
                0x2001247c                pass_above_Ground
 .text.trxvu_logic
                0x20012580       0x1c ./src/sub-systemCode/COMM/TRXVU.o
                0x20012580                trxvu_logic
 .text.Beacon_task
                0x2001259c      0x1d8 ./src/sub-systemCode/COMM/TRXVU.o
                0x2001259c                Beacon_task
 .text.buildAndSend_beacon
                0x20012774      0x614 ./src/sub-systemCode/COMM/TRXVU.o
                0x20012774                buildAndSend_beacon
 .text.reset_FRAM_TRXVU
                0x20012d88       0xc0 ./src/sub-systemCode/COMM/TRXVU.o
                0x20012d88                reset_FRAM_TRXVU
 .text.TRX_sendFrame
                0x20012e48      0x250 ./src/sub-systemCode/COMM/TRXVU.o
                0x20012e48                TRX_sendFrame
 .text.TRX_getFrameData
                0x20013098      0x128 ./src/sub-systemCode/COMM/TRXVU.o
                0x20013098                TRX_getFrameData
 .text.mute_Tx  0x200131c0       0x20 ./src/sub-systemCode/COMM/TRXVU.o
                0x200131c0                mute_Tx
 .text.unmute_Tx
                0x200131e0       0x54 ./src/sub-systemCode/COMM/TRXVU.o
                0x200131e0                unmute_Tx
 .text.check_time_off_mute
                0x20013234       0x74 ./src/sub-systemCode/COMM/TRXVU.o
                0x20013234                check_time_off_mute
 .text.set_mute_time
                0x200132a8       0xb4 ./src/sub-systemCode/COMM/TRXVU.o
                0x200132a8                set_mute_time
 .text.change_TRXVU_state
                0x2001335c       0x98 ./src/sub-systemCode/COMM/TRXVU.o
                0x2001335c                change_TRXVU_state
 .text.change_trans_RSSI
                0x200133f4       0x60 ./src/sub-systemCode/COMM/TRXVU.o
                0x200133f4                change_trans_RSSI
 .text.init_adcs
                0x20013454      0x104 ./src/sub-systemCode/ADCS/ADCS.o
                0x20013454                init_adcs
 .text.telemtryStart
                0x20013558      0x16c ./src/sub-systemCode/ADCS/Stage_Table.o
                0x20013558                telemtryStart
 .text.powerStart
                0x200136c4       0x5c ./src/sub-systemCode/ADCS/Stage_Table.o
                0x200136c4                powerStart
 .text.createTable
                0x20013720       0xb4 ./src/sub-systemCode/ADCS/Stage_Table.o
                0x20013720                createTable
 .text.buildControlMode
                0x200137d4       0x60 ./src/sub-systemCode/ADCS/Stage_Table.o
                0x200137d4                buildControlMode
 .text.Check_Table
                0x20013834      0x178 ./src/sub-systemCode/ADCS/Stage_Table.o
                0x20013834                Check_Table
 .text.updateTable
                0x200139ac      0x1f0 ./src/sub-systemCode/ADCS/Stage_Table.o
                0x200139ac                updateTable
 .text.translateCommandFULL
                0x20013b9c       0x78 ./src/sub-systemCode/ADCS/Stage_Table.o
                0x20013b9c                translateCommandFULL
 .text.getTableTo
                0x20013c14       0x64 ./src/sub-systemCode/ADCS/Stage_Table.o
                0x20013c14                getTableTo
 .text.save_time
                0x20013c78       0x9c ./src/main.o
                0x20013c78                save_time
 .text.Command_logic
                0x20013d14       0x6c ./src/main.o
                0x20013d14                Command_logic
 .text.taskMain
                0x20013d80       0x74 ./src/main.o
                0x20013d80                taskMain
 .text.main     0x20013df4       0xb8 ./src/main.o
                0x20013df4                main
 .text.GomEpsInitialize
                0x20013eac      0x148 C:/HOOPOE3/satellite-subsystems/demo/..//satellite-subsystems/lib\libSatelliteSubsystemsD.a(GomEPS.o)
                0x20013eac                GomEpsInitialize
 .text.makeEPStransfer
                0x20013ff4       0x3c C:/HOOPOE3/satellite-subsystems/demo/..//satellite-subsystems/lib\libSatelliteSubsystemsD.a(GomEPS.o)
 .text.GomEpsSoftReset
                0x20014030       0xc4 C:/HOOPOE3/satellite-subsystems/demo/..//satellite-subsystems/lib\libSatelliteSubsystemsD.a(GomEPS.o)
                0x20014030                GomEpsSoftReset
 .text.GomEpsHardReset
                0x200140f4       0xa8 C:/HOOPOE3/satellite-subsystems/demo/..//satellite-subsystems/lib\libSatelliteSubsystemsD.a(GomEPS.o)
                0x200140f4                GomEpsHardReset
 .text.GomEpsGetHkData_general
                0x2001419c      0x45c C:/HOOPOE3/satellite-subsystems/demo/..//satellite-subsystems/lib\libSatelliteSubsystemsD.a(GomEPS.o)
                0x2001419c                GomEpsGetHkData_general
 .text.GomEpsGetHkData_basic
                0x200145f8      0x22c C:/HOOPOE3/satellite-subsystems/demo/..//satellite-subsystems/lib\libSatelliteSubsystemsD.a(GomEPS.o)
                0x200145f8                GomEpsGetHkData_basic
 .text.GomEpsSetOutput
                0x20014824       0xbc C:/HOOPOE3/satellite-subsystems/demo/..//satellite-subsystems/lib\libSatelliteSubsystemsD.a(GomEPS.o)
                0x20014824                GomEpsSetOutput
 .text.GomEpsConfigSet
                0x200148e0      0x184 C:/HOOPOE3/satellite-subsystems/demo/..//satellite-subsystems/lib\libSatelliteSubsystemsD.a(GomEPS.o)
                0x200148e0                GomEpsConfigSet
 .text.makeAntStransfer
                0x20014a64       0x4c C:/HOOPOE3/satellite-subsystems/demo/..//satellite-subsystems/lib\libSatelliteSubsystemsD.a(IsisAntS.o)
 .text.checkInputsValid
                0x20014ab0       0x7c C:/HOOPOE3/satellite-subsystems/demo/..//satellite-subsystems/lib\libSatelliteSubsystemsD.a(IsisAntS.o)
 .text.IsisAntS_setArmStatus
                0x20014b2c      0x104 C:/HOOPOE3/satellite-subsystems/demo/..//satellite-subsystems/lib\libSatelliteSubsystemsD.a(IsisAntS.o)
                0x20014b2c                IsisAntS_setArmStatus
 .text.IsisAntS_reset
                0x20014c30      0x104 C:/HOOPOE3/satellite-subsystems/demo/..//satellite-subsystems/lib\libSatelliteSubsystemsD.a(IsisAntS.o)
                0x20014c30                IsisAntS_reset
 .text.IsisSolarPanelv2_initialize
                0x20014d34       0xb4 C:/HOOPOE3/satellite-subsystems/demo/..//satellite-subsystems/lib\libSatelliteSubsystemsD.a(IsisSolarPanelv2.o)
                0x20014d34                IsisSolarPanelv2_initialize
 .text.IsisSolarPanelv2_getTemperature
                0x20014de8       0xc8 C:/HOOPOE3/satellite-subsystems/demo/..//satellite-subsystems/lib\libSatelliteSubsystemsD.a(IsisSolarPanelv2.o)
                0x20014de8                IsisSolarPanelv2_getTemperature
 .text.IsisSolarPanelv2_sleep
                0x20014eb0       0xbc C:/HOOPOE3/satellite-subsystems/demo/..//satellite-subsystems/lib\libSatelliteSubsystemsD.a(IsisSolarPanelv2.o)
                0x20014eb0                IsisSolarPanelv2_sleep
 .text.IsisSolarPanelv2_wakeup
                0x20014f6c       0x80 C:/HOOPOE3/satellite-subsystems/demo/..//satellite-subsystems/lib\libSatelliteSubsystemsD.a(IsisSolarPanelv2.o)
                0x20014f6c                IsisSolarPanelv2_wakeup
 .text._Reset   0x20014fec       0x20 C:/HOOPOE3/satellite-subsystems/demo/..//satellite-subsystems/lib\libSatelliteSubsystemsD.a(IsisSolarPanelv2.o)
 .text._WaitForStartup
                0x2001500c       0x90 C:/HOOPOE3/satellite-subsystems/demo/..//satellite-subsystems/lib\libSatelliteSubsystemsD.a(IsisSolarPanelv2.o)
 .text._AssignAllChannels
                0x2001509c       0x90 C:/HOOPOE3/satellite-subsystems/demo/..//satellite-subsystems/lib\libSatelliteSubsystemsD.a(IsisSolarPanelv2.o)
 .text._AssignThisChannel
                0x2001512c       0xe8 C:/HOOPOE3/satellite-subsystems/demo/..//satellite-subsystems/lib\libSatelliteSubsystemsD.a(IsisSolarPanelv2.o)
 .text._InitiateConversion
                0x20015214       0xac C:/HOOPOE3/satellite-subsystems/demo/..//satellite-subsystems/lib\libSatelliteSubsystemsD.a(IsisSolarPanelv2.o)
 .text._WaitForConversionComplete
                0x200152c0      0x100 C:/HOOPOE3/satellite-subsystems/demo/..//satellite-subsystems/lib\libSatelliteSubsystemsD.a(IsisSolarPanelv2.o)
 .text._ReadResult
                0x200153c0      0x158 C:/HOOPOE3/satellite-subsystems/demo/..//satellite-subsystems/lib\libSatelliteSubsystemsD.a(IsisSolarPanelv2.o)
 .text._ExtractByte
                0x20015518       0x38 C:/HOOPOE3/satellite-subsystems/demo/..//satellite-subsystems/lib\libSatelliteSubsystemsD.a(IsisSolarPanelv2.o)
 .text._ExtendSign
                0x20015550       0x6c C:/HOOPOE3/satellite-subsystems/demo/..//satellite-subsystems/lib\libSatelliteSubsystemsD.a(IsisSolarPanelv2.o)
 .text._PinsInit
                0x200155bc       0x50 C:/HOOPOE3/satellite-subsystems/demo/..//satellite-subsystems/lib\libSatelliteSubsystemsD.a(IsisSolarPanelv2.o)
 .text._SpiWriteRead
                0x2001560c       0x70 C:/HOOPOE3/satellite-subsystems/demo/..//satellite-subsystems/lib\libSatelliteSubsystemsD.a(IsisSolarPanelv2.o)
 .text.IsisTrxvu_initialize
                0x2001567c      0x2f4 C:/HOOPOE3/satellite-subsystems/demo/..//satellite-subsystems/lib\libSatelliteSubsystemsD.a(IsisTRXVU.o)
                0x2001567c                IsisTrxvu_initialize
 .text.makeTRXVUtransfer
                0x20015970       0x44 C:/HOOPOE3/satellite-subsystems/demo/..//satellite-subsystems/lib\libSatelliteSubsystemsD.a(IsisTRXVU.o)
 .text.IsisTrxvu_componentSoftReset
                0x200159b4       0x6c C:/HOOPOE3/satellite-subsystems/demo/..//satellite-subsystems/lib\libSatelliteSubsystemsD.a(IsisTRXVU.o)
                0x200159b4                IsisTrxvu_componentSoftReset
 .text.IsisTrxvu_componentHardReset
                0x20015a20       0xc8 C:/HOOPOE3/satellite-subsystems/demo/..//satellite-subsystems/lib\libSatelliteSubsystemsD.a(IsisTRXVU.o)
                0x20015a20                IsisTrxvu_componentHardReset
 .text.IsisTrxvu_softReset
                0x20015ae8       0x74 C:/HOOPOE3/satellite-subsystems/demo/..//satellite-subsystems/lib\libSatelliteSubsystemsD.a(IsisTRXVU.o)
                0x20015ae8                IsisTrxvu_softReset
 .text.IsisTrxvu_hardReset
                0x20015b5c       0x74 C:/HOOPOE3/satellite-subsystems/demo/..//satellite-subsystems/lib\libSatelliteSubsystemsD.a(IsisTRXVU.o)
                0x20015b5c                IsisTrxvu_hardReset
 .text.IsisTrxvu_tcSendAX25DefClSign
                0x20015bd0       0xec C:/HOOPOE3/satellite-subsystems/demo/..//satellite-subsystems/lib\libSatelliteSubsystemsD.a(IsisTRXVU.o)
                0x20015bd0                IsisTrxvu_tcSendAX25DefClSign
 .text.IsisTrxvu_tcSetIdlestate
                0x20015cbc       0xa4 C:/HOOPOE3/satellite-subsystems/demo/..//satellite-subsystems/lib\libSatelliteSubsystemsD.a(IsisTRXVU.o)
                0x20015cbc                IsisTrxvu_tcSetIdlestate
 .text.IsisTrxvu_tcSetAx25Bitrate
                0x20015d60       0xc4 C:/HOOPOE3/satellite-subsystems/demo/..//satellite-subsystems/lib\libSatelliteSubsystemsD.a(IsisTRXVU.o)
                0x20015d60                IsisTrxvu_tcSetAx25Bitrate
 .text.IsisTrxvu_tcGetTelemetryAll_revC
                0x20015e24       0xd0 C:/HOOPOE3/satellite-subsystems/demo/..//satellite-subsystems/lib\libSatelliteSubsystemsD.a(IsisTRXVU.o)
                0x20015e24                IsisTrxvu_tcGetTelemetryAll_revC
 .text.IsisTrxvu_rcGetFrameCount
                0x20015ef4       0xa0 C:/HOOPOE3/satellite-subsystems/demo/..//satellite-subsystems/lib\libSatelliteSubsystemsD.a(IsisTRXVU.o)
                0x20015ef4                IsisTrxvu_rcGetFrameCount
 .text.IsisTrxvu_rcGetCommandFrame
                0x20015f94      0x2d8 C:/HOOPOE3/satellite-subsystems/demo/..//satellite-subsystems/lib\libSatelliteSubsystemsD.a(IsisTRXVU.o)
                0x20015f94                IsisTrxvu_rcGetCommandFrame
 .text.IsisTrxvu_rcGetTelemetryAll_revC
                0x2001626c       0xec C:/HOOPOE3/satellite-subsystems/demo/..//satellite-subsystems/lib\libSatelliteSubsystemsD.a(IsisTRXVU.o)
                0x2001626c                IsisTrxvu_rcGetTelemetryAll_revC
 .text.cspaceADCS_initialize
                0x20016358      0x18c C:/HOOPOE3/satellite-subsystems/demo/..//satellite-subsystems/lib\libSatelliteSubsystemsD.a(cspaceADCS.o)
                0x20016358                cspaceADCS_initialize
 .text.make_cspaceADCStransfer
                0x200164e4      0x1b4 C:/HOOPOE3/satellite-subsystems/demo/..//satellite-subsystems/lib\libSatelliteSubsystemsD.a(cspaceADCS.o)
 .text.cspaceADCS_componentReset
                0x20016698       0xbc C:/HOOPOE3/satellite-subsystems/demo/..//satellite-subsystems/lib\libSatelliteSubsystemsD.a(cspaceADCS.o)
                0x20016698                cspaceADCS_componentReset
 .text.cspaceADCS_setRunMode
                0x20016754       0xbc C:/HOOPOE3/satellite-subsystems/demo/..//satellite-subsystems/lib\libSatelliteSubsystemsD.a(cspaceADCS.o)
                0x20016754                cspaceADCS_setRunMode
 .text.cspaceADCS_setPwrCtrlDevice
                0x20016810       0xd0 C:/HOOPOE3/satellite-subsystems/demo/..//satellite-subsystems/lib\libSatelliteSubsystemsD.a(cspaceADCS.o)
                0x20016810                cspaceADCS_setPwrCtrlDevice
 .text.cspaceADCS_setAttCtrlMode
                0x200168e0       0xd0 C:/HOOPOE3/satellite-subsystems/demo/..//satellite-subsystems/lib\libSatelliteSubsystemsD.a(cspaceADCS.o)
                0x200168e0                cspaceADCS_setAttCtrlMode
 .text.cspaceADCS_setAttEstMode
                0x200169b0       0xbc C:/HOOPOE3/satellite-subsystems/demo/..//satellite-subsystems/lib\libSatelliteSubsystemsD.a(cspaceADCS.o)
                0x200169b0                cspaceADCS_setAttEstMode
 .text.cspaceADCS_getCurrentState
                0x20016a6c       0xc4 C:/HOOPOE3/satellite-subsystems/demo/..//satellite-subsystems/lib\libSatelliteSubsystemsD.a(cspaceADCS.o)
                0x20016a6c                cspaceADCS_getCurrentState
 .text.cspaceADCS_getPwrCtrlDevice
                0x20016b30       0xc4 C:/HOOPOE3/satellite-subsystems/demo/..//satellite-subsystems/lib\libSatelliteSubsystemsD.a(cspaceADCS.o)
                0x20016b30                cspaceADCS_getPwrCtrlDevice
 .text.GECKO_GetReg
                0x20016bf4      0x110 C:/HOOPOE3/satellite-subsystems/demo/..//satellite-subsystems/lib\libSatelliteSubsystemsD.a(gecko_driver.o)
                0x20016bf4                GECKO_GetReg
 .text.GECKO_GetVoltageInput5V
                0x20016d04       0xf4 C:/HOOPOE3/satellite-subsystems/demo/..//satellite-subsystems/lib\libSatelliteSubsystemsD.a(gecko_driver.o)
                0x20016d04                GECKO_GetVoltageInput5V
 .text.GECKO_GetCurrentInput5V
                0x20016df8      0x130 C:/HOOPOE3/satellite-subsystems/demo/..//satellite-subsystems/lib\libSatelliteSubsystemsD.a(gecko_driver.o)
                0x20016df8                GECKO_GetCurrentInput5V
 .text.GECKO_GetVoltageFPGA1V
                0x20016f28       0xd4 C:/HOOPOE3/satellite-subsystems/demo/..//satellite-subsystems/lib\libSatelliteSubsystemsD.a(gecko_driver.o)
                0x20016f28                GECKO_GetVoltageFPGA1V
 .text.GECKO_GetCurrentFPGA1V
                0x20016ffc      0x130 C:/HOOPOE3/satellite-subsystems/demo/..//satellite-subsystems/lib\libSatelliteSubsystemsD.a(gecko_driver.o)
                0x20016ffc                GECKO_GetCurrentFPGA1V
 .text.GECKO_GetVoltageFPGA1V8
                0x2001712c       0xd4 C:/HOOPOE3/satellite-subsystems/demo/..//satellite-subsystems/lib\libSatelliteSubsystemsD.a(gecko_driver.o)
                0x2001712c                GECKO_GetVoltageFPGA1V8
 .text.GECKO_GetCurrentFPGA1V8
                0x20017200      0x130 C:/HOOPOE3/satellite-subsystems/demo/..//satellite-subsystems/lib\libSatelliteSubsystemsD.a(gecko_driver.o)
                0x20017200                GECKO_GetCurrentFPGA1V8
 .text.GECKO_GetVoltageFPGA2V5
                0x20017330       0xe8 C:/HOOPOE3/satellite-subsystems/demo/..//satellite-subsystems/lib\libSatelliteSubsystemsD.a(gecko_driver.o)
                0x20017330                GECKO_GetVoltageFPGA2V5
 .text.GECKO_GetCurrentFPGA2V5
                0x20017418      0x130 C:/HOOPOE3/satellite-subsystems/demo/..//satellite-subsystems/lib\libSatelliteSubsystemsD.a(gecko_driver.o)
                0x20017418                GECKO_GetCurrentFPGA2V5
 .text.GECKO_GetVoltageFPGA3V3
                0x20017548       0xe8 C:/HOOPOE3/satellite-subsystems/demo/..//satellite-subsystems/lib\libSatelliteSubsystemsD.a(gecko_driver.o)
                0x20017548                GECKO_GetVoltageFPGA3V3
 .text.GECKO_GetCurrentFPGA3V3
                0x20017630      0x130 C:/HOOPOE3/satellite-subsystems/demo/..//satellite-subsystems/lib\libSatelliteSubsystemsD.a(gecko_driver.o)
                0x20017630                GECKO_GetCurrentFPGA3V3
 .text.GECKO_GetVoltageFlash1V8
                0x20017760       0xd4 C:/HOOPOE3/satellite-subsystems/demo/..//satellite-subsystems/lib\libSatelliteSubsystemsD.a(gecko_driver.o)
                0x20017760                GECKO_GetVoltageFlash1V8
 .text.GECKO_GetCurrentFlash1V8
                0x20017834      0x130 C:/HOOPOE3/satellite-subsystems/demo/..//satellite-subsystems/lib\libSatelliteSubsystemsD.a(gecko_driver.o)
                0x20017834                GECKO_GetCurrentFlash1V8
 .text.GECKO_GetVoltageFlash3V3
                0x20017964       0xe8 C:/HOOPOE3/satellite-subsystems/demo/..//satellite-subsystems/lib\libSatelliteSubsystemsD.a(gecko_driver.o)
                0x20017964                GECKO_GetVoltageFlash3V3
 .text.GECKO_GetCurrentFlash3V3
                0x20017a4c      0x130 C:/HOOPOE3/satellite-subsystems/demo/..//satellite-subsystems/lib\libSatelliteSubsystemsD.a(gecko_driver.o)
                0x20017a4c                GECKO_GetCurrentFlash3V3
 .text.GECKO_GetVoltageSNSR1V8
                0x20017b7c       0xe8 C:/HOOPOE3/satellite-subsystems/demo/..//satellite-subsystems/lib\libSatelliteSubsystemsD.a(gecko_driver.o)
                0x20017b7c                GECKO_GetVoltageSNSR1V8
 .text.GECKO_GetCurrentSNSR1V8
                0x20017c64      0x130 C:/HOOPOE3/satellite-subsystems/demo/..//satellite-subsystems/lib\libSatelliteSubsystemsD.a(gecko_driver.o)
                0x20017c64                GECKO_GetCurrentSNSR1V8
 .text.GECKO_GetVoltageSNSRVDDPIX
                0x20017d94       0xe8 C:/HOOPOE3/satellite-subsystems/demo/..//satellite-subsystems/lib\libSatelliteSubsystemsD.a(gecko_driver.o)
                0x20017d94                GECKO_GetVoltageSNSRVDDPIX
 .text.GECKO_GetCurrentSNSRVDDPIX
                0x20017e7c      0x130 C:/HOOPOE3/satellite-subsystems/demo/..//satellite-subsystems/lib\libSatelliteSubsystemsD.a(gecko_driver.o)
                0x20017e7c                GECKO_GetCurrentSNSRVDDPIX
 .text.GECKO_GetVoltageSNSR3V3
                0x20017fac       0xe8 C:/HOOPOE3/satellite-subsystems/demo/..//satellite-subsystems/lib\libSatelliteSubsystemsD.a(gecko_driver.o)
                0x20017fac                GECKO_GetVoltageSNSR3V3
 .text.GECKO_GetCurrentSNSR3V3
                0x20018094      0x130 C:/HOOPOE3/satellite-subsystems/demo/..//satellite-subsystems/lib\libSatelliteSubsystemsD.a(gecko_driver.o)
                0x20018094                GECKO_GetCurrentSNSR3V3
 .text.GECKO_GetVoltageFlashVTT09
                0x200181c4       0xd4 C:/HOOPOE3/satellite-subsystems/demo/..//satellite-subsystems/lib\libSatelliteSubsystemsD.a(gecko_driver.o)
                0x200181c4                GECKO_GetVoltageFlashVTT09
 .text.GECKO_GetTempSMU3AB
                0x20018298      0x35c C:/HOOPOE3/satellite-subsystems/demo/..//satellite-subsystems/lib\libSatelliteSubsystemsD.a(gecko_driver.o)
                0x20018298                GECKO_GetTempSMU3AB
 .text.GECKO_GetTempSMU3BC
                0x200185f4      0x360 C:/HOOPOE3/satellite-subsystems/demo/..//satellite-subsystems/lib\libSatelliteSubsystemsD.a(gecko_driver.o)
                0x200185f4                GECKO_GetTempSMU3BC
 .text.GECKO_GetTempREGU6
                0x20018954      0x35c C:/HOOPOE3/satellite-subsystems/demo/..//satellite-subsystems/lib\libSatelliteSubsystemsD.a(gecko_driver.o)
                0x20018954                GECKO_GetTempREGU6
 .text.GECKO_GetTempREGU8
                0x20018cb0      0x360 C:/HOOPOE3/satellite-subsystems/demo/..//satellite-subsystems/lib\libSatelliteSubsystemsD.a(gecko_driver.o)
                0x20018cb0                GECKO_GetTempREGU8
 .text.GECKO_GetTempFlash
                0x20019010      0x360 C:/HOOPOE3/satellite-subsystems/demo/..//satellite-subsystems/lib\libSatelliteSubsystemsD.a(gecko_driver.o)
                0x20019010                GECKO_GetTempFlash
 .text._SpiWriteRead
                0x20019370       0x70 C:/HOOPOE3/satellite-subsystems/demo/..//satellite-subsystems/lib\libSatelliteSubsystemsD.a(gecko_driver.o)
 .text.makeTRXCommonTransfer
                0x200193e0       0x34 C:/HOOPOE3/satellite-subsystems/demo/..//satellite-subsystems/lib\libSatelliteSubsystemsD.a(IsisTRXCommon.o)
 .text.IsisTrxCommon_componentReset
                0x20019414       0x68 C:/HOOPOE3/satellite-subsystems/demo/..//satellite-subsystems/lib\libSatelliteSubsystemsD.a(IsisTRXCommon.o)
                0x20019414                IsisTrxCommon_componentReset
 .text.IsisTrxCommon_TxSendAX25DefClSign
                0x2001947c       0xf4 C:/HOOPOE3/satellite-subsystems/demo/..//satellite-subsystems/lib\libSatelliteSubsystemsD.a(IsisTRXCommon.o)
                0x2001947c                IsisTrxCommon_TxSendAX25DefClSign
 .text.IsisTrxCommon_TxSetIdlestate
                0x20019570       0x78 C:/HOOPOE3/satellite-subsystems/demo/..//satellite-subsystems/lib\libSatelliteSubsystemsD.a(IsisTRXCommon.o)
                0x20019570                IsisTrxCommon_TxSetIdlestate
 .text.IsisTrxCommon_TxSetAx25Bitrate
                0x200195e8       0x78 C:/HOOPOE3/satellite-subsystems/demo/..//satellite-subsystems/lib\libSatelliteSubsystemsD.a(IsisTRXCommon.o)
                0x200195e8                IsisTrxCommon_TxSetAx25Bitrate
 .text.IsisTrxCommon_RxGetFrameCount
                0x20019660       0x8c C:/HOOPOE3/satellite-subsystems/demo/..//satellite-subsystems/lib\libSatelliteSubsystemsD.a(IsisTRXCommon.o)
                0x20019660                IsisTrxCommon_RxGetFrameCount
 .text.IsisTrxCommon_RxGetTelemetryAll_revC
                0x200196ec       0x8c C:/HOOPOE3/satellite-subsystems/demo/..//satellite-subsystems/lib\libSatelliteSubsystemsD.a(IsisTRXCommon.o)
                0x200196ec                IsisTrxCommon_RxGetTelemetryAll_revC
 .text.log      0x20019778      0x17c c:/isis/application/toolchain/bin/../lib/gcc/arm-none-eabi/4.7.4/../../../../arm-none-eabi/lib\libm.a(lib_a-w_log.o)
                0x20019778                log
 *fill*         0x200198f4        0x4 00
 .text.__ieee754_log
                0x200198f8      0x5c0 c:/isis/application/toolchain/bin/../lib/gcc/arm-none-eabi/4.7.4/../../../../arm-none-eabi/lib\libm.a(lib_a-e_log.o)
                0x200198f8                __ieee754_log
 .text.matherr  0x20019eb8        0x8 c:/isis/application/toolchain/bin/../lib/gcc/arm-none-eabi/4.7.4/../../../../arm-none-eabi/lib\libm.a(lib_a-s_matherr.o)
                0x20019eb8                matherr
 .text.nan      0x20019ec0       0x10 c:/isis/application/toolchain/bin/../lib/gcc/arm-none-eabi/4.7.4/../../../../arm-none-eabi/lib\libm.a(lib_a-s_nan.o)
                0x20019ec0                nan
 .text.fn_init  0x20019ed0      0x2e0 C:/HOOPOE3/satellite-subsystems/demo/../..//hal/hcc/lib\libHCCD.a(fat_common.o)
                0x20019ed0                fn_init
 .text._f_get16bitl
                0x2001a1b0       0x4c C:/HOOPOE3/satellite-subsystems/demo/../..//hal/hcc/lib\libHCCD.a(fat_common.o)
                0x2001a1b0                _f_get16bitl
 .text._f_set16bitl
                0x2001a1fc       0x54 C:/HOOPOE3/satellite-subsystems/demo/../..//hal/hcc/lib\libHCCD.a(fat_common.o)
                0x2001a1fc                _f_set16bitl
 .text._f_get32bitl
                0x2001a250       0x68 C:/HOOPOE3/satellite-subsystems/demo/../..//hal/hcc/lib\libHCCD.a(fat_common.o)
                0x2001a250                _f_get32bitl
 .text._f_set32bitl
                0x2001a2b8       0x78 C:/HOOPOE3/satellite-subsystems/demo/../..//hal/hcc/lib\libHCCD.a(fat_common.o)
                0x2001a2b8                _f_set32bitl
 .text._get8bit
                0x2001a330       0xa0 C:/HOOPOE3/satellite-subsystems/demo/../..//hal/hcc/lib\libHCCD.a(fat_common.o)
 .text._get16bitl
                0x2001a3d0       0x40 C:/HOOPOE3/satellite-subsystems/demo/../..//hal/hcc/lib\libHCCD.a(fat_common.o)
 .text._get32bitl
                0x2001a410       0x3c C:/HOOPOE3/satellite-subsystems/demo/../..//hal/hcc/lib\libHCCD.a(fat_common.o)
 .text._f_setcardremoved
                0x2001a44c       0x94 C:/HOOPOE3/satellite-subsystems/demo/../..//hal/hcc/lib\libHCCD.a(fat_common.o)
 .text._f_checkstatus
                0x2001a4e0      0x104 C:/HOOPOE3/satellite-subsystems/demo/../..//hal/hcc/lib\libHCCD.a(fat_common.o)
                0x2001a4e0                _f_checkstatus
 .text._f_drvgetphy
                0x2001a5e4      0x114 C:/HOOPOE3/satellite-subsystems/demo/../..//hal/hcc/lib\libHCCD.a(fat_common.o)
 .text._f_drvwritesector
                0x2001a6f8       0xdc C:/HOOPOE3/satellite-subsystems/demo/../..//hal/hcc/lib\libHCCD.a(fat_common.o)
 .text._f_drvreadsector
                0x2001a7d4       0xa8 C:/HOOPOE3/satellite-subsystems/demo/../..//hal/hcc/lib\libHCCD.a(fat_common.o)
 .text._f_writesector
                0x2001a87c      0x23c C:/HOOPOE3/satellite-subsystems/demo/../..//hal/hcc/lib\libHCCD.a(fat_common.o)
                0x2001a87c                _f_writesector
 .text._f_readsector
                0x2001aab8      0x1dc C:/HOOPOE3/satellite-subsystems/demo/../..//hal/hcc/lib\libHCCD.a(fat_common.o)
                0x2001aab8                _f_readsector
 .text._f_getmaxcluster
                0x2001ac94       0x94 C:/HOOPOE3/satellite-subsystems/demo/../..//hal/hcc/lib\libHCCD.a(fat_common.o)
                0x2001ac94                _f_getmaxcluster
 .text._getsectorfromcluster
                0x2001ad28       0x68 C:/HOOPOE3/satellite-subsystems/demo/../..//hal/hcc/lib\libHCCD.a(fat_common.o)
 .text._f_buildsectors
                0x2001ad90      0x268 C:/HOOPOE3/satellite-subsystems/demo/../..//hal/hcc/lib\libHCCD.a(fat_common.o)
 .text._f_getbootrecord
                0x2001aff8      0x5e4 C:/HOOPOE3/satellite-subsystems/demo/../..//hal/hcc/lib\libHCCD.a(fat_common.o)
 .text._f_readbootrecord
                0x2001b5dc      0x4f8 C:/HOOPOE3/satellite-subsystems/demo/../..//hal/hcc/lib\libHCCD.a(fat_common.o)
 .text._f_flushcffiles
                0x2001bad4      0x17c C:/HOOPOE3/satellite-subsystems/demo/../..//hal/hcc/lib\libHCCD.a(fat_common.o)
                0x2001bad4                _f_flushcffiles
 .text._f_fatcache_flush
                0x2001bc50      0x270 C:/HOOPOE3/satellite-subsystems/demo/../..//hal/hcc/lib\libHCCD.a(fat_common.o)
                0x2001bc50                _f_fatcache_flush
 .text._f_writefatsector
                0x2001bec0      0x100 C:/HOOPOE3/satellite-subsystems/demo/../..//hal/hcc/lib\libHCCD.a(fat_common.o)
                0x2001bec0                _f_writefatsector
 .text._f_getfatsector
                0x2001bfc0      0x3bc C:/HOOPOE3/satellite-subsystems/demo/../..//hal/hcc/lib\libHCCD.a(fat_common.o)
 .text._f_setclustervalue
                0x2001c37c      0x490 C:/HOOPOE3/satellite-subsystems/demo/../..//hal/hcc/lib\libHCCD.a(fat_common.o)
                0x2001c37c                _f_setclustervalue
 .text._f_getclustervalue
                0x2001c80c      0x388 C:/HOOPOE3/satellite-subsystems/demo/../..//hal/hcc/lib\libHCCD.a(fat_common.o)
                0x2001c80c                _f_getclustervalue
 .text._f_close_drive_files
                0x2001cb94       0xac C:/HOOPOE3/satellite-subsystems/demo/../..//hal/hcc/lib\libHCCD.a(fat_common.o)
 .text._f_inc_mount_count
                0x2001cc40       0xa4 C:/HOOPOE3/satellite-subsystems/demo/../..//hal/hcc/lib\libHCCD.a(fat_common.o)
 .text._f_getvolume
                0x2001cce4      0x2f8 C:/HOOPOE3/satellite-subsystems/demo/../..//hal/hcc/lib\libHCCD.a(fat_common.o)
                0x2001cce4                _f_getvolume
 .text.fn_createdriver
                0x2001cfdc      0x118 C:/HOOPOE3/satellite-subsystems/demo/../..//hal/hcc/lib\libHCCD.a(fat_common.o)
                0x2001cfdc                fn_createdriver
 .text.fn_initvolume
                0x2001d0f4      0x12c C:/HOOPOE3/satellite-subsystems/demo/../..//hal/hcc/lib\libHCCD.a(fat_common.o)
                0x2001d0f4                fn_initvolume
 .text.fn_initvolumepartition_sub
                0x2001d220       0xe0 C:/HOOPOE3/satellite-subsystems/demo/../..//hal/hcc/lib\libHCCD.a(fat_common.o)
 .text.fn_initvolumepartition
                0x2001d300       0xac C:/HOOPOE3/satellite-subsystems/demo/../..//hal/hcc/lib\libHCCD.a(fat_common.o)
                0x2001d300                fn_initvolumepartition
 .text._f_clustertopos
                0x2001d3ac       0xf8 C:/HOOPOE3/satellite-subsystems/demo/../..//hal/hcc/lib\libHCCD.a(fat_common.o)
                0x2001d3ac                _f_clustertopos
 .text._f_getcurrsector
                0x2001d4a4      0x6c8 C:/HOOPOE3/satellite-subsystems/demo/../..//hal/hcc/lib\libHCCD.a(fat_common.o)
                0x2001d4a4                _f_getcurrsector
 .text._f_getdecluster
                0x2001db6c       0x90 C:/HOOPOE3/satellite-subsystems/demo/../..//hal/hcc/lib\libHCCD.a(fat_common.o)
                0x2001db6c                _f_getdecluster
 .text._f_setdecluster
                0x2001dbfc       0x8c C:/HOOPOE3/satellite-subsystems/demo/../..//hal/hcc/lib\libHCCD.a(fat_common.o)
                0x2001dbfc                _f_setdecluster
 .text.fn_getdrive
                0x2001dc88       0x30 C:/HOOPOE3/satellite-subsystems/demo/../..//hal/hcc/lib\libHCCD.a(fat_common.o)
                0x2001dc88                fn_getdrive
 .text._f_getcurrenttimedate
                0x2001dcb8      0x138 C:/HOOPOE3/satellite-subsystems/demo/../..//hal/hcc/lib\libHCCD.a(fat_common.o)
                0x2001dcb8                _f_getcurrenttimedate
 .text._f_initentry
                0x2001ddf0       0xa0 C:/HOOPOE3/satellite-subsystems/demo/../..//hal/hcc/lib\libHCCD.a(fat_common.o)
                0x2001ddf0                _f_initentry
 .text._f_alloccluster
                0x2001de90      0x344 C:/HOOPOE3/satellite-subsystems/demo/../..//hal/hcc/lib\libHCCD.a(fat_common.o)
                0x2001de90                _f_alloccluster
 .text._f_dobadblock
                0x2001e1d4      0x2cc C:/HOOPOE3/satellite-subsystems/demo/../..//hal/hcc/lib\libHCCD.a(fat_common.o)
                0x2001e1d4                _f_dobadblock
 .text._f_checklocked
                0x2001e4a0       0xe4 C:/HOOPOE3/satellite-subsystems/demo/../..//hal/hcc/lib\libHCCD.a(fat_common.o)
                0x2001e4a0                _f_checklocked
 .text._f_checkappendlocked
                0x2001e584      0x110 C:/HOOPOE3/satellite-subsystems/demo/../..//hal/hcc/lib\libHCCD.a(fat_common.o)
                0x2001e584                _f_checkappendlocked
 .text._f_setsyncafile
                0x2001e694      0x114 C:/HOOPOE3/satellite-subsystems/demo/../..//hal/hcc/lib\libHCCD.a(fat_common.o)
                0x2001e694                _f_setsyncafile
 .text._f_syncfiles
                0x2001e7a8      0x128 C:/HOOPOE3/satellite-subsystems/demo/../..//hal/hcc/lib\libHCCD.a(fat_common.o)
                0x2001e7a8                _f_syncfiles
 .text._f_syncfilescontent
                0x2001e8d0      0x15c C:/HOOPOE3/satellite-subsystems/demo/../..//hal/hcc/lib\libHCCD.a(fat_common.o)
 .text.fn_getfreespace
                0x2001ea2c      0x4c0 C:/HOOPOE3/satellite-subsystems/demo/../..//hal/hcc/lib\libHCCD.a(fat_common.o)
                0x2001ea2c                fn_getfreespace
 .text._f_emptywritecache
                0x2001eeec      0x4a4 C:/HOOPOE3/satellite-subsystems/demo/../..//hal/hcc/lib\libHCCD.a(fat_common.o)
 .text._f_allocnextcluster
                0x2001f390      0x54c C:/HOOPOE3/satellite-subsystems/demo/../..//hal/hcc/lib\libHCCD.a(fat_common.o)
 .text._f_emptywritebuffer
                0x2001f8dc      0x20c C:/HOOPOE3/satellite-subsystems/demo/../..//hal/hcc/lib\libHCCD.a(fat_common.o)
 .text._f_writezeros
                0x2001fae8       0xf0 C:/HOOPOE3/satellite-subsystems/demo/../..//hal/hcc/lib\libHCCD.a(fat_common.o)
                0x2001fae8                _f_writezeros
 .text._f_extend_file
                0x2001fbd8      0x570 C:/HOOPOE3/satellite-subsystems/demo/../..//hal/hcc/lib\libHCCD.a(fat_common.o)
 .text._f_fseek
                0x20020148      0x9bc C:/HOOPOE3/satellite-subsystems/demo/../..//hal/hcc/lib\libHCCD.a(fat_common.o)
                0x20020148                _f_fseek
 .text._f_removechain
                0x20020b04      0x104 C:/HOOPOE3/satellite-subsystems/demo/../..//hal/hcc/lib\libHCCD.a(fat_common.o)
                0x20020b04                _f_removechain
 .text._f_updatefileentry
                0x20020c08      0x1cc C:/HOOPOE3/satellite-subsystems/demo/../..//hal/hcc/lib\libHCCD.a(fat_common.o)
 .text._f_checkreadlocked
                0x20020dd4      0x1bc C:/HOOPOE3/satellite-subsystems/demo/../..//hal/hcc/lib\libHCCD.a(fat_common.o)
                0x20020dd4                _f_checkreadlocked
 .text._f_check_handle
                0x20020f90       0x98 C:/HOOPOE3/satellite-subsystems/demo/../..//hal/hcc/lib\libHCCD.a(fat_common.o)
                0x20020f90                _f_check_handle
 .text._f_removesyncafile
                0x20021028      0x1ec C:/HOOPOE3/satellite-subsystems/demo/../..//hal/hcc/lib\libHCCD.a(fat_common.o)
 .text.fn_close
                0x20021214      0x3f8 C:/HOOPOE3/satellite-subsystems/demo/../..//hal/hcc/lib\libHCCD.a(fat_common.o)
                0x20021214                fn_close
 .text.fn_flush
                0x2002160c      0x374 C:/HOOPOE3/satellite-subsystems/demo/../..//hal/hcc/lib\libHCCD.a(fat_common.o)
                0x2002160c                fn_flush
 .text.fn_read  0x20021980      0x690 C:/HOOPOE3/satellite-subsystems/demo/../..//hal/hcc/lib\libHCCD.a(fat_common.o)
                0x20021980                fn_read
 .text._f_abortwrite
                0x20022010      0x100 C:/HOOPOE3/satellite-subsystems/demo/../..//hal/hcc/lib\libHCCD.a(fat_common.o)
 .text._f_checkwritecluster
                0x20022110       0xe4 C:/HOOPOE3/satellite-subsystems/demo/../..//hal/hcc/lib\libHCCD.a(fat_common.o)
 .text.fn_write
                0x200221f4      0x8a8 C:/HOOPOE3/satellite-subsystems/demo/../..//hal/hcc/lib\libHCCD.a(fat_common.o)
                0x200221f4                fn_write
 .text.fn_seek  0x20022a9c      0x270 C:/HOOPOE3/satellite-subsystems/demo/../..//hal/hcc/lib\libHCCD.a(fat_common.o)
                0x20022a9c                fn_seek
 .text.f_enterFS
                0x20022d0c      0x1c0 C:/HOOPOE3/satellite-subsystems/demo/../..//hal/hcc/lib\libHCCD.a(fat_common.o)
                0x20022d0c                f_enterFS
 .text.f_releaseFS
                0x20022ecc       0xb0 C:/HOOPOE3/satellite-subsystems/demo/../..//hal/hcc/lib\libHCCD.a(fat_common.o)
                0x20022ecc                f_releaseFS
 .text.fnGetTask
                0x20022f7c       0xfc C:/HOOPOE3/satellite-subsystems/demo/../..//hal/hcc/lib\libHCCD.a(fat_common.o)
                0x20022f7c                fnGetTask
 .text._f_mutex_get
                0x20023078       0x98 C:/HOOPOE3/satellite-subsystems/demo/../..//hal/hcc/lib\libHCCD.a(fat_common.o)
                0x20023078                _f_mutex_get
 .text._f_mutex_put
                0x20023110       0x54 C:/HOOPOE3/satellite-subsystems/demo/../..//hal/hcc/lib\libHCCD.a(fat_common.o)
                0x20023110                _f_mutex_put
 .text._fn_initseekdivisor
                0x20023164      0x158 C:/HOOPOE3/satellite-subsystems/demo/../..//hal/hcc/lib\libHCCD.a(fat_common.o)
                0x20023164                _fn_initseekdivisor
 .text._fn_updateseekpos
                0x200232bc       0xc4 C:/HOOPOE3/satellite-subsystems/demo/../..//hal/hcc/lib\libHCCD.a(fat_common.o)
 .text._f_findopensize
                0x20023380       0x2c C:/HOOPOE3/satellite-subsystems/demo/../..//hal/hcc/lib\libHCCD.a(fat_common.o)
                0x20023380                _f_findopensize
 .text.fn_setlasterror
                0x200233ac       0x34 C:/HOOPOE3/satellite-subsystems/demo/../..//hal/hcc/lib\libHCCD.a(fat_common.o)
                0x200233ac                fn_setlasterror
 .text.fn_setlasterror_noret
                0x200233e0       0x2c C:/HOOPOE3/satellite-subsystems/demo/../..//hal/hcc/lib\libHCCD.a(fat_common.o)
                0x200233e0                fn_setlasterror_noret
 .text.fm_initvolume
                0x2002340c       0x70 C:/HOOPOE3/satellite-subsystems/demo/../..//hal/hcc/lib\libHCCD.a(fat_m.o)
                0x2002340c                fm_initvolume
 .text.fm_getdrive
                0x2002347c       0x70 C:/HOOPOE3/satellite-subsystems/demo/../..//hal/hcc/lib\libHCCD.a(fat_m.o)
                0x2002347c                fm_getdrive
 .text.fm_getfreespace
                0x200234ec       0x68 C:/HOOPOE3/satellite-subsystems/demo/../..//hal/hcc/lib\libHCCD.a(fat_m.o)
                0x200234ec                fm_getfreespace
 .text.fm_findfirst
                0x20023554       0x68 C:/HOOPOE3/satellite-subsystems/demo/../..//hal/hcc/lib\libHCCD.a(fat_m.o)
                0x20023554                fm_findfirst
 .text.fm_findnext
                0x200235bc       0x60 C:/HOOPOE3/satellite-subsystems/demo/../..//hal/hcc/lib\libHCCD.a(fat_m.o)
                0x200235bc                fm_findnext
 .text.fm_filelength
                0x2002361c       0x60 C:/HOOPOE3/satellite-subsystems/demo/../..//hal/hcc/lib\libHCCD.a(fat_m.o)
                0x2002361c                fm_filelength
 .text.fm_close
                0x2002367c       0x60 C:/HOOPOE3/satellite-subsystems/demo/../..//hal/hcc/lib\libHCCD.a(fat_m.o)
                0x2002367c                fm_close
 .text.fm_flush
                0x200236dc       0x60 C:/HOOPOE3/satellite-subsystems/demo/../..//hal/hcc/lib\libHCCD.a(fat_m.o)
                0x200236dc                fm_flush
 .text.fm_open  0x2002373c       0x68 C:/HOOPOE3/satellite-subsystems/demo/../..//hal/hcc/lib\libHCCD.a(fat_m.o)
                0x2002373c                fm_open
 .text.fm_read  0x200237a4       0x7c C:/HOOPOE3/satellite-subsystems/demo/../..//hal/hcc/lib\libHCCD.a(fat_m.o)
                0x200237a4                fm_read
 .text.fm_write
                0x20023820       0x7c C:/HOOPOE3/satellite-subsystems/demo/../..//hal/hcc/lib\libHCCD.a(fat_m.o)
                0x20023820                fm_write
 .text.fm_seek  0x2002389c       0x70 C:/HOOPOE3/satellite-subsystems/demo/../..//hal/hcc/lib\libHCCD.a(fat_m.o)
                0x2002389c                fm_seek
 .text.fm_delete
                0x2002390c       0x64 C:/HOOPOE3/satellite-subsystems/demo/../..//hal/hcc/lib\libHCCD.a(fat_m.o)
                0x2002390c                fm_delete
 .text._s_checkzeroclusteratend
                0x20023970       0xf8 C:/HOOPOE3/satellite-subsystems/demo/../..//hal/hcc/lib\libHCCD.a(safefat.o)
 .text._s_clearclustercontent
                0x20023a68      0x108 C:/HOOPOE3/satellite-subsystems/demo/../..//hal/hcc/lib\libHCCD.a(safefat.o)
 .text._s_clearclustercontentdir
                0x20023b70      0x19c C:/HOOPOE3/satellite-subsystems/demo/../..//hal/hcc/lib\libHCCD.a(safefat.o)
 .text._s_writedirsector
                0x20023d0c       0xd0 C:/HOOPOE3/satellite-subsystems/demo/../..//hal/hcc/lib\libHCCD.a(safefat.o)
 .text._s_getdirsector
                0x20023ddc      0x100 C:/HOOPOE3/satellite-subsystems/demo/../..//hal/hcc/lib\libHCCD.a(safefat.o)
 .text._s_addentry
                0x20023edc      0x394 C:/HOOPOE3/satellite-subsystems/demo/../..//hal/hcc/lib\libHCCD.a(safefat.o)
 .text._s_findfile
                0x20024270      0x33c C:/HOOPOE3/satellite-subsystems/demo/../..//hal/hcc/lib\libHCCD.a(safefat.o)
 .text._s_findsubdir
                0x200245ac      0x248 C:/HOOPOE3/satellite-subsystems/demo/../..//hal/hcc/lib\libHCCD.a(safefat.o)
 .text._s_createfile
                0x200247f4      0x190 C:/HOOPOE3/satellite-subsystems/demo/../..//hal/hcc/lib\libHCCD.a(safefat.o)
 .text._s_findsaffile
                0x20024984      0x1b8 C:/HOOPOE3/satellite-subsystems/demo/../..//hal/hcc/lib\libHCCD.a(safefat.o)
 .text._s_open  0x20024b3c       0xe4 C:/HOOPOE3/satellite-subsystems/demo/../..//hal/hcc/lib\libHCCD.a(safefat.o)
 .text._s_open_saf
                0x20024c20       0xe8 C:/HOOPOE3/satellite-subsystems/demo/../..//hal/hcc/lib\libHCCD.a(safefat.o)
 .text._s_flush
                0x20024d08       0x84 C:/HOOPOE3/satellite-subsystems/demo/../..//hal/hcc/lib\libHCCD.a(safefat.o)
 .text._s_allocnextcluster
                0x20024d8c      0x13c C:/HOOPOE3/satellite-subsystems/demo/../..//hal/hcc/lib\libHCCD.a(safefat.o)
 .text._s_getnextsector
                0x20024ec8       0xdc C:/HOOPOE3/satellite-subsystems/demo/../..//hal/hcc/lib\libHCCD.a(safefat.o)
 .text._s_seek  0x20024fa4      0x1e8 C:/HOOPOE3/satellite-subsystems/demo/../..//hal/hcc/lib\libHCCD.a(safefat.o)
 .text._s_read  0x2002518c      0x228 C:/HOOPOE3/satellite-subsystems/demo/../..//hal/hcc/lib\libHCCD.a(safefat.o)
 .text._s_write
                0x200253b4      0x384 C:/HOOPOE3/satellite-subsystems/demo/../..//hal/hcc/lib\libHCCD.a(safefat.o)
 .text._s_restoreclusters
                0x20025738      0x270 C:/HOOPOE3/satellite-subsystems/demo/../..//hal/hcc/lib\libHCCD.a(safefat.o)
                0x20025738                _s_restoreclusters
 .text._s_findrestore
                0x200259a8      0x18c C:/HOOPOE3/satellite-subsystems/demo/../..//hal/hcc/lib\libHCCD.a(safefat.o)
 .text._s_cmd_writede
                0x20025b34       0xd8 C:/HOOPOE3/satellite-subsystems/demo/../..//hal/hcc/lib\libHCCD.a(safefat.o)
 .text._s_cmd_setcluster
                0x20025c0c       0x88 C:/HOOPOE3/satellite-subsystems/demo/../..//hal/hcc/lib\libHCCD.a(safefat.o)
 .text._s_cmd_deletechain
                0x20025c94      0x100 C:/HOOPOE3/satellite-subsystems/demo/../..//hal/hcc/lib\libHCCD.a(safefat.o)
 .text._s_cmd_validatecfn
                0x20025d94      0x308 C:/HOOPOE3/satellite-subsystems/demo/../..//hal/hcc/lib\libHCCD.a(safefat.o)
 .text._s_cmd_seteof
                0x2002609c      0x3c4 C:/HOOPOE3/satellite-subsystems/demo/../..//hal/hcc/lib\libHCCD.a(safefat.o)
 .text.safe_docommands
                0x20026460      0x56c C:/HOOPOE3/satellite-subsystems/demo/../..//hal/hcc/lib\libHCCD.a(safefat.o)
                0x20026460                safe_docommands
 .text.safe_entercommand
                0x200269cc       0x68 C:/HOOPOE3/satellite-subsystems/demo/../..//hal/hcc/lib\libHCCD.a(safefat.o)
                0x200269cc                safe_entercommand
 .text.safe_ready
                0x20026a34       0xf4 C:/HOOPOE3/satellite-subsystems/demo/../..//hal/hcc/lib\libHCCD.a(safefat.o)
                0x20026a34                safe_ready
 .text.safe_copycfn
                0x20026b28       0xb8 C:/HOOPOE3/satellite-subsystems/demo/../..//hal/hcc/lib\libHCCD.a(safefat.o)
                0x20026b28                safe_copycfn
 .text.safe_cfremove
                0x20026be0       0xb8 C:/HOOPOE3/satellite-subsystems/demo/../..//hal/hcc/lib\libHCCD.a(safefat.o)
                0x20026be0                safe_cfremove
 .text.safe_writede
                0x20026c98      0x104 C:/HOOPOE3/satellite-subsystems/demo/../..//hal/hcc/lib\libHCCD.a(safefat.o)
                0x20026c98                safe_writede
 .text.safe_setcluster
                0x20026d9c       0xcc C:/HOOPOE3/satellite-subsystems/demo/../..//hal/hcc/lib\libHCCD.a(safefat.o)
                0x20026d9c                safe_setcluster
 .text.safe_deletechain
                0x20026e68      0x1c8 C:/HOOPOE3/satellite-subsystems/demo/../..//hal/hcc/lib\libHCCD.a(safefat.o)
                0x20026e68                safe_deletechain
 .text.safe_cfclose
                0x20027030      0x104 C:/HOOPOE3/satellite-subsystems/demo/../..//hal/hcc/lib\libHCCD.a(safefat.o)
                0x20027030                safe_cfclose
 .text.safe_cfflush
                0x20027134      0x124 C:/HOOPOE3/satellite-subsystems/demo/../..//hal/hcc/lib\libHCCD.a(safefat.o)
                0x20027134                safe_cfflush
 .text.safe_reset
                0x20027258       0x78 C:/HOOPOE3/satellite-subsystems/demo/../..//hal/hcc/lib\libHCCD.a(safefat.o)
                0x20027258                safe_reset
 .text.safe_loadcommands
                0x200272d0       0x78 C:/HOOPOE3/satellite-subsystems/demo/../..//hal/hcc/lib\libHCCD.a(safefat.o)
                0x200272d0                safe_loadcommands
 .text.safe_poweron
                0x20027348      0x1fc C:/HOOPOE3/satellite-subsystems/demo/../..//hal/hcc/lib\libHCCD.a(safefat.o)
                0x20027348                safe_poweron
 .text.cf_getname
                0x20027544       0xc0 C:/HOOPOE3/satellite-subsystems/demo/../..//hal/hcc/lib\libHCCD.a(safefat.o)
 .text.cf_copyclusterchain
                0x20027604      0x138 C:/HOOPOE3/satellite-subsystems/demo/../..//hal/hcc/lib\libHCCD.a(safefat.o)
 .text.cf_seektozero
                0x2002773c       0x94 C:/HOOPOE3/satellite-subsystems/demo/../..//hal/hcc/lib\libHCCD.a(safefat.o)
                0x2002773c                cf_seektozero
 .text.cf_create
                0x200277d0      0x3a8 C:/HOOPOE3/satellite-subsystems/demo/../..//hal/hcc/lib\libHCCD.a(safefat.o)
                0x200277d0                cf_create
 .text.cf_copyclustercontent
                0x20027b78      0x128 C:/HOOPOE3/satellite-subsystems/demo/../..//hal/hcc/lib\libHCCD.a(safefat.o)
                0x20027b78                cf_copyclustercontent
 .text.cf_copycfn
                0x20027ca0      0x4bc C:/HOOPOE3/satellite-subsystems/demo/../..//hal/hcc/lib\libHCCD.a(safefat.o)
                0x20027ca0                cf_copycfn
 .text.cf_remove
                0x2002815c      0x344 C:/HOOPOE3/satellite-subsystems/demo/../..//hal/hcc/lib\libHCCD.a(safefat.o)
                0x2002815c                cf_remove
 .text.cf_setclusternew
                0x200284a0       0xf0 C:/HOOPOE3/satellite-subsystems/demo/../..//hal/hcc/lib\libHCCD.a(safefat.o)
                0x200284a0                cf_setclusternew
 .text.cf_flush
                0x20028590       0x58 C:/HOOPOE3/satellite-subsystems/demo/../..//hal/hcc/lib\libHCCD.a(safefat.o)
                0x20028590                cf_flush
 .text.cf_getcluster
                0x200285e8      0x1b4 C:/HOOPOE3/satellite-subsystems/demo/../..//hal/hcc/lib\libHCCD.a(safefat.o)
                0x200285e8                cf_getcluster
 .text.cf_setnextcluster
                0x2002879c      0x194 C:/HOOPOE3/satellite-subsystems/demo/../..//hal/hcc/lib\libHCCD.a(safefat.o)
                0x2002879c                cf_setnextcluster
 .text.cf_getpositions
                0x20028930       0xbc C:/HOOPOE3/satellite-subsystems/demo/../..//hal/hcc/lib\libHCCD.a(safefat.o)
                0x20028930                cf_getpositions
 .text.cf_setpositions
                0x200289ec       0xb0 C:/HOOPOE3/satellite-subsystems/demo/../..//hal/hcc/lib\libHCCD.a(safefat.o)