Archive member included because of file (symbol)

c:/isis/application/toolchain/bin/../lib/gcc/arm-none-eabi/4.7.4/../../../../arm-none-eabi/lib\libc_s.a(lib_a-vfprintf_float.o)
                              (_printf_float)
c:/isis/application/toolchain/bin/../lib/gcc/arm-none-eabi/4.7.4/../../../../arm-none-eabi/lib\libc_s.a(lib_a-vfprintf_i.o)
                              c:/isis/application/toolchain/bin/../lib/gcc/arm-none-eabi/4.7.4/../../../../arm-none-eabi/lib\libc_s.a(lib_a-vfprintf_float.o) (_printf_common)
c:/isis/application/toolchain/bin/../lib/gcc/arm-none-eabi/4.7.4/../../../../arm-none-eabi/lib\libc_s.a(lib_a-vfscanf_float.o)
                              (_scanf_float)
c:/isis/application/toolchain/bin/../lib/gcc/arm-none-eabi/4.7.4/../../../../arm-none-eabi/lib\libc_s.a(lib_a-dtoa.o)
                              c:/isis/application/toolchain/bin/../lib/gcc/arm-none-eabi/4.7.4/../../../../arm-none-eabi/lib\libc_s.a(lib_a-vfprintf_float.o) (_dtoa_r)
c:/isis/application/toolchain/bin/../lib/gcc/arm-none-eabi/4.7.4/../../../../arm-none-eabi/lib\libc_s.a(lib_a-locale.o)
                              c:/isis/application/toolchain/bin/../lib/gcc/arm-none-eabi/4.7.4/../../../../arm-none-eabi/lib\libc_s.a(lib_a-vfprintf_float.o) (_localeconv_r)
c:/isis/application/toolchain/bin/../lib/gcc/arm-none-eabi/4.7.4/../../../../arm-none-eabi/lib\libc_s.a(lib_a-malloc.o)
                              c:/isis/application/toolchain/bin/../lib/gcc/arm-none-eabi/4.7.4/../../../../arm-none-eabi/lib\libc_s.a(lib_a-dtoa.o) (malloc)
c:/isis/application/toolchain/bin/../lib/gcc/arm-none-eabi/4.7.4/../../../../arm-none-eabi/lib\libc_s.a(lib_a-mallocr.o)
                              c:/isis/application/toolchain/bin/../lib/gcc/arm-none-eabi/4.7.4/../../../../arm-none-eabi/lib\libc_s.a(lib_a-malloc.o) (_malloc_r)
c:/isis/application/toolchain/bin/../lib/gcc/arm-none-eabi/4.7.4/../../../../arm-none-eabi/lib\libc_s.a(lib_a-memcpy.o)
                              c:/isis/application/toolchain/bin/../lib/gcc/arm-none-eabi/4.7.4/../../../../arm-none-eabi/lib\libc_s.a(lib_a-dtoa.o) (memcpy)
c:/isis/application/toolchain/bin/../lib/gcc/arm-none-eabi/4.7.4/../../../../arm-none-eabi/lib\libc_s.a(lib_a-mprec.o)
                              c:/isis/application/toolchain/bin/../lib/gcc/arm-none-eabi/4.7.4/../../../../arm-none-eabi/lib\libc_s.a(lib_a-dtoa.o) (_Balloc)
c:/isis/application/toolchain/bin/../lib/gcc/arm-none-eabi/4.7.4/../../../../arm-none-eabi/lib\libc_s.a(lib_a-s_fpclassify.o)
                              c:/isis/application/toolchain/bin/../lib/gcc/arm-none-eabi/4.7.4/../../../../arm-none-eabi/lib\libc_s.a(lib_a-vfprintf_float.o) (__fpclassifyd)
c:/isis/application/toolchain/bin/../lib/gcc/arm-none-eabi/4.7.4/../../../../arm-none-eabi/lib\libc_s.a(lib_a-sbrkr.o)
                              c:/isis/application/toolchain/bin/../lib/gcc/arm-none-eabi/4.7.4/../../../../arm-none-eabi/lib\libc_s.a(lib_a-mallocr.o) (_sbrk_r)
c:/isis/application/toolchain/bin/../lib/gcc/arm-none-eabi/4.7.4/../../../../arm-none-eabi/lib\libc_s.a(lib_a-sf_nan.o)
                              c:/isis/application/toolchain/bin/../lib/gcc/arm-none-eabi/4.7.4/../../../../arm-none-eabi/lib\libc_s.a(lib_a-vfscanf_float.o) (nanf)
c:/isis/application/toolchain/bin/../lib/gcc/arm-none-eabi/4.7.4/../../../../arm-none-eabi/lib\libc_s.a(lib_a-sprintf.o)
                              c:/isis/application/toolchain/bin/../lib/gcc/arm-none-eabi/4.7.4/../../../../arm-none-eabi/lib\libc_s.a(lib_a-vfscanf_float.o) (sprintf)
c:/isis/application/toolchain/bin/../lib/gcc/arm-none-eabi/4.7.4/../../../../arm-none-eabi/lib\libc_s.a(lib_a-strcmp.o)
                              c:/isis/application/toolchain/bin/../lib/gcc/arm-none-eabi/4.7.4/../../../../arm-none-eabi/lib\libc_s.a(lib_a-locale.o) (strcmp)
c:/isis/application/toolchain/bin/../lib/gcc/arm-none-eabi/4.7.4/../../../../arm-none-eabi/lib\libc_s.a(lib_a-strlen.o)
                              c:/isis/application/toolchain/bin/../lib/gcc/arm-none-eabi/4.7.4/../../../../arm-none-eabi/lib\libc_s.a(lib_a-vfprintf_float.o) (strlen)
c:/isis/application/toolchain/bin/../lib/gcc/arm-none-eabi/4.7.4/../../../../arm-none-eabi/lib\libc_s.a(lib_a-strtod.o)
                              c:/isis/application/toolchain/bin/../lib/gcc/arm-none-eabi/4.7.4/../../../../arm-none-eabi/lib\libc_s.a(lib_a-vfscanf_float.o) (_strtod_r)
c:/isis/application/toolchain/bin/../lib/gcc/arm-none-eabi/4.7.4/../../../../arm-none-eabi/lib\libc_s.a(lib_a-strtol.o)
                              c:/isis/application/toolchain/bin/../lib/gcc/arm-none-eabi/4.7.4/../../../../arm-none-eabi/lib\libc_s.a(lib_a-vfscanf_float.o) (_strtol_r)
c:/isis/application/toolchain/bin/../lib/gcc/arm-none-eabi/4.7.4/../../../../arm-none-eabi/lib\libc_s.a(lib_a-svfprintf.o)
                              c:/isis/application/toolchain/bin/../lib/gcc/arm-none-eabi/4.7.4/../../../../arm-none-eabi/lib\libc_s.a(lib_a-sprintf.o) (_svfprintf_r)
[...]
Memory Configuration

Name             Origin             Length             Attributes
sram0            0x00200000         0x00004000         w !xr
sram1            0x00300000         0x00004000         w !xr
sdram            0x20000000         0x02000000         w !xr
*default*        0x00000000         0xffffffff

Linker script and memory map

LOAD c:/isis/application/toolchain/bin/../lib/gcc/arm-none-eabi/4.7.4/../../../../arm-none-eabi/lib\libc_s.a
LOAD ./src/sub-systemCode/Main/CMD/COMM_CMD.o
LOAD ./src/sub-systemCode/Main/CMD/EPS_CMD.o
LOAD ./src/sub-systemCode/Main/CMD/General_CMD.o
LOAD ./src/sub-systemCode/Main/CMD/SW_CMD.o
LOAD ./src/sub-systemCode/Main/CMD/payload_CMD.o
LOAD ./src/sub-systemCode/Main/Ants.o
LOAD ./src/sub-systemCode/Main/EPS.o
LOAD ./src/sub-systemCode/Main/HouseKeeping.o
LOAD ./src/sub-systemCode/Main/Main_Init.o
LOAD ./src/sub-systemCode/Main/commands.o
LOAD ./src/sub-systemCode/Global/Global.o
LOAD ./src/sub-systemCode/Global/GlobalParam.o
LOAD ./src/sub-systemCode/Global/OnlineTM.o
LOAD ./src/sub-systemCode/Global/TLM_management.o
LOAD ./src/sub-systemCode/COMM/APRS.o
LOAD ./src/sub-systemCode/COMM/DelayedCommand_list.o
LOAD ./src/sub-systemCode/COMM/GSC.o
LOAD ./src/sub-systemCode/COMM/TRXVU.o
LOAD ./src/sub-systemCode/ADCS/ADCS.o
LOAD ./src/sub-systemCode/ADCS/Stage_Table.o
LOAD ./src/main.o
LOAD C:/HOOPOE3/satellite-subsystems/demo/..//satellite-subsystems/lib\libSatelliteSubsystemsD.a
LOAD c:/isis/application/toolchain/bin/../lib/gcc/arm-none-eabi/4.7.4/../../../../arm-none-eabi/lib\libm.a
LOAD C:/HOOPOE3/satellite-subsystems/demo/../..//hal/hcc/lib\libHCCD.a
LOAD C:/HOOPOE3/satellite-subsystems/demo/../..//hal/hal/lib\libHALD.a
LOAD C:/HOOPOE3/satellite-subsystems/demo/../..//hal/freertos/lib\libFreeRTOSD.a
LOAD C:/HOOPOE3/satellite-subsystems/demo/../..//hal/at91/lib\libAt91D.a
START GROUP
LOAD c:/isis/application/toolchain/bin/../lib/gcc/arm-none-eabi/4.7.4\libgcc.a
LOAD c:/isis/application/toolchain/bin/../lib/gcc/arm-none-eabi/4.7.4/../../../../arm-none-eabi/lib\libc_s.a
END GROUP

.fixed          0x20000000    0x40f38
                0x20000000                . = ALIGN (0x4)
                0x20000000                _sfixed = .
 *(.startup)
 .startup       0x20000000      0x134 C:/HOOPOE3/satellite-subsystems/demo/../..//hal/at91/lib\libAt91D.a(board_cstartup.o)
                0x20000000                entry
 *(.text)
 .text          0x20000134       0x64 C:/HOOPOE3/satellite-subsystems/demo/../..//hal/at91/lib\libAt91D.a(cp15_asm.o)
                0x20000134                _readControlRegister
                0x20000140                _writeControlRegister
                0x20000148                _waitForInterrupt
                0x20000154                _writeTTB
                0x2000015c                _writeDomain
                0x20000164                _writeITLBLockdown
                0x2000016c                _prefetchICacheLine
                0x20000174                _flushDCache
                0x20000180                _flushWriteBuffer
                0x2000018c                _invalidateIDTLBs
 .text          0x20000198      0x114 c:/isis/application/toolchain/bin/../lib/gcc/arm-none-eabi/4.7.4\libgcc.a(_udivsi3.o)
                0x20000198                __aeabi_uidiv
                0x20000198                __udivsi3
                0x2000028c                __aeabi_uidivmod
 .text          0x200002ac      0x148 c:/isis/application/toolchain/bin/../lib/gcc/arm-none-eabi/4.7.4\libgcc.a(_divsi3.o)
                0x200002ac                __divsi3
                0x200002ac                __aeabi_idiv
                0x200003d4                __aeabi_idivmod
 .text          0x200003f4        0x4 c:/isis/application/toolchain/bin/../lib/gcc/arm-none-eabi/4.7.4\libgcc.a(_dvmd_tls.o)
                0x200003f4                __aeabi_idiv0
                0x200003f4                __aeabi_ldiv0
 .text          0x200003f8      0x41c c:/isis/application/toolchain/bin/../lib/gcc/arm-none-eabi/4.7.4\libgcc.a(_arm_addsubdf3.o)
                0x200003f8                __aeabi_drsub
                0x20000400                __aeabi_dsub
                0x20000400                __subdf3
                0x20000404                __aeabi_dadd
                0x20000404                __adddf3
                0x20000714                __floatunsidf
                0x20000714                __aeabi_ui2d
                0x20000738                __floatsidf
                0x20000738                __aeabi_i2d
                0x20000760                __aeabi_f2d
                0x20000760                __extendsfdf2
                0x200007a0                __floatundidf
                0x200007a0                __aeabi_ul2d
                0x200007b4                __floatdidf
                0x200007b4                __aeabi_l2d
 .text          0x20000814      0x49c c:/isis/application/toolchain/bin/../lib/gcc/arm-none-eabi/4.7.4\libgcc.a(_arm_muldivdf3.o)
                0x20000814                __aeabi_dmul
                0x20000814                __muldf3
                0x20000aa4                __divdf3
                0x20000aa4                __aeabi_ddiv
 .text          0x20000cb0      0x144 c:/isis/application/toolchain/bin/../lib/gcc/arm-none-eabi/4.7.4\libgcc.a(_arm_cmpdf2.o)
                0x20000cb0                __gtdf2
                0x20000cb0                __gedf2
                0x20000cb8                __ltdf2
                0x20000cb8                __ledf2
                0x20000cc0                __nedf2
                0x20000cc0                __eqdf2
                0x20000cc0                __cmpdf2
                0x20000d48                __aeabi_cdrcmple
                0x20000d64                __aeabi_cdcmpeq
                0x20000d64                __aeabi_cdcmple
                0x20000d7c                __aeabi_dcmpeq
                0x20000d94                __aeabi_dcmplt
                0x20000dac                __aeabi_dcmple
                0x20000dc4                __aeabi_dcmpge
                0x20000ddc                __aeabi_dcmpgt
 .text          0x20000df4       0x5c c:/isis/application/toolchain/bin/../lib/gcc/arm-none-eabi/4.7.4\libgcc.a(_arm_fixdfsi.o)
                0x20000df4                __aeabi_d2iz
                0x20000df4                __fixdfsi
 .text          0x20000e50       0x54 c:/isis/application/toolchain/bin/../lib/gcc/arm-none-eabi/4.7.4\libgcc.a(_arm_fixunsdfsi.o)
                0x20000e50                __aeabi_d2uiz
                0x20000e50                __fixunsdfsi
 .text          0x20000ea4       0xa0 c:/isis/application/toolchain/bin/../lib/gcc/arm-none-eabi/4.7.4\libgcc.a(_arm_truncdfsf2.o)
                0x20000ea4                __truncdfsf2
                0x20000ea4                __aeabi_d2f
 .text          0x20000f44      0x2ac c:/isis/application/toolchain/bin/../lib/gcc/arm-none-eabi/4.7.4\libgcc.a(_arm_addsubsf3.o)
                0x20000f44                __aeabi_frsub
                0x20000f4c                __subsf3
                0x20000f4c                __aeabi_fsub
                0x20000f50                __aeabi_fadd
                0x20000f50                __addsf3
                0x2000110c                __aeabi_ui2f
                0x2000110c                __floatunsisf
                0x20001114                __aeabi_i2f
                0x20001114                __floatsisf
                0x20001134                __aeabi_ul2f
                0x20001134                __floatundisf
                0x20001144                __aeabi_l2f
                0x20001144                __floatdisf
 .text          0x200011f0      0x2f8 c:/isis/application/toolchain/bin/../lib/gcc/arm-none-eabi/4.7.4\libgcc.a(_arm_muldivsf3.o)
                0x200011f0                __mulsf3
                0x200011f0                __aeabi_fmul
                0x20001388                __aeabi_fdiv
                0x20001388                __divsf3
 .text          0x200014e8       0x54 c:/isis/application/toolchain/bin/../lib/gcc/arm-none-eabi/4.7.4\libgcc.a(_arm_fixunssfsi.o)
                0x200014e8                __fixunssfsi
                0x200014e8                __aeabi_f2uiz
 *(.text*)
 .text.__cvt    0x2000153c      0x138 c:/isis/application/toolchain/bin/../lib/gcc/arm-none-eabi/4.7.4/../../../../arm-none-eabi/lib\libc_s.a(lib_a-vfprintf_float.o)
                0x2000153c                __cvt
 .text.__exponent
                0x20001674       0xa8 c:/isis/application/toolchain/bin/../lib/gcc/arm-none-eabi/4.7.4/../../../../arm-none-eabi/lib\libc_s.a(lib_a-vfprintf_float.o)
                0x20001674                __exponent
 .text._printf_float
                0x2000171c      0x7dc c:/isis/application/toolchain/bin/../lib/gcc/arm-none-eabi/4.7.4/../../../../arm-none-eabi/lib\libc_s.a(lib_a-vfprintf_float.o)
                0x2000171c                _printf_float
 .text._printf_common
                0x20001ef8      0x174 c:/isis/application/toolchain/bin/../lib/gcc/arm-none-eabi/4.7.4/../../../../arm-none-eabi/lib\libc_s.a(lib_a-vfprintf_i.o)
                0x20001ef8                _printf_common
 .text._printf_i
                0x2000206c      0x3c4 c:/isis/application/toolchain/bin/../lib/gcc/arm-none-eabi/4.7.4/../../../../arm-none-eabi/lib\libc_s.a(lib_a-vfprintf_i.o)
                0x2000206c                _printf_i
 .text._scanf_float
                0x20002430      0x5f4 c:/isis/application/toolchain/bin/../lib/gcc/arm-none-eabi/4.7.4/../../../../arm-none-eabi/lib\libc_s.a(lib_a-vfscanf_float.o)
                0x20002430                _scanf_float
 .text.quorem   0x20002a24      0x1ac c:/isis/application/toolchain/bin/../lib/gcc/arm-none-eabi/4.7.4/../../../../arm-none-eabi/lib\libc_s.a(lib_a-dtoa.o)
 .text._dtoa_r  0x20002bd0     0x1268 c:/isis/application/toolchain/bin/../lib/gcc/arm-none-eabi/4.7.4/../../../../arm-none-eabi/lib\libc_s.a(lib_a-dtoa.o)
                0x20002bd0                _dtoa_r
 .text._localeconv_r
                0x20003e38        0xc c:/isis/application/toolchain/bin/../lib/gcc/arm-none-eabi/4.7.4/../../../../arm-none-eabi/lib\libc_s.a(lib_a-locale.o)
                0x20003e38                _localeconv_r
 .text.malloc   0x20003e44       0x20 c:/isis/application/toolchain/bin/../lib/gcc/arm-none-eabi/4.7.4/../../../../arm-none-eabi/lib\libc_s.a(lib_a-malloc.o)
                0x20003e44                malloc
 .text.free     0x20003e64       0x20 c:/isis/application/toolchain/bin/../lib/gcc/arm-none-eabi/4.7.4/../../../../arm-none-eabi/lib\libc_s.a(lib_a-malloc.o)
                0x20003e64                free
 .text._malloc_r
                0x20003e84       0xfc c:/isis/application/toolchain/bin/../lib/gcc/arm-none-eabi/4.7.4/../../../../arm-none-eabi/lib\libc_s.a(lib_a-mallocr.o)
                0x20003e84                _malloc_r
 .text.memcpy   0x20003f80       0x20 c:/isis/application/toolchain/bin/../lib/gcc/arm-none-eabi/4.7.4/../../../../arm-none-eabi/lib\libc_s.a(lib_a-memcpy.o)
                0x20003f80                memcpy
 .text._Balloc  0x20003fa0       0xcc c:/isis/application/toolchain/bin/../lib/gcc/arm-none-eabi/4.7.4/../../../../arm-none-eabi/lib\libc_s.a(lib_a-mprec.o)
                0x20003fa0                _Balloc
 .text._Bfree   0x2000406c       0x5c c:/isis/application/toolchain/bin/../lib/gcc/arm-none-eabi/4.7.4/../../../../arm-none-eabi/lib\libc_s.a(lib_a-mprec.o)
                0x2000406c                _Bfree
 .text.__multadd
                0x200040c8       0xbc c:/isis/application/toolchain/bin/../lib/gcc/arm-none-eabi/4.7.4/../../../../arm-none-eabi/lib\libc_s.a(lib_a-mprec.o)
                0x200040c8                __multadd
 .text.__s2b    0x20004184       0xd8 c:/isis/application/toolchain/bin/../lib/gcc/arm-none-eabi/4.7.4/../../../../arm-none-eabi/lib\libc_s.a(lib_a-mprec.o)
                0x20004184                __s2b
 .text.__hi0bits
                0x2000425c       0x58 c:/isis/application/toolchain/bin/../lib/gcc/arm-none-eabi/4.7.4/../../../../arm-none-eabi/lib\libc_s.a(lib_a-mprec.o)
                0x2000425c                __hi0bits
 .text.__lo0bits
                0x200042b4       0x94 c:/isis/application/toolchain/bin/../lib/gcc/arm-none-eabi/4.7.4/../../../../arm-none-eabi/lib\libc_s.a(lib_a-mprec.o)
                0x200042b4                __lo0bits
 .text.__i2b    0x20004348       0x24 c:/isis/application/toolchain/bin/../lib/gcc/arm-none-eabi/4.7.4/../../../../arm-none-eabi/lib\libc_s.a(lib_a-mprec.o)
                0x20004348                __i2b
 .text.__multiply
                0x2000436c      0x1ac c:/isis/application/toolchain/bin/../lib/gcc/arm-none-eabi/4.7.4/../../../../arm-none-eabi/lib\libc_s.a(lib_a-mprec.o)
                0x2000436c                __multiply
 .text.__pow5mult
                0x20004518      0x10c c:/isis/application/toolchain/bin/../lib/gcc/arm-none-eabi/4.7.4/../../../../arm-none-eabi/lib\libc_s.a(lib_a-mprec.o)
                0x20004518                __pow5mult
 .text.__lshift
                0x20004624       0xf0 c:/isis/application/toolchain/bin/../lib/gcc/arm-none-eabi/4.7.4/../../../../arm-none-eabi/lib\libc_s.a(lib_a-mprec.o)
                0x20004624                __lshift
 .text.__mcmp   0x20004714       0x60 c:/isis/application/toolchain/bin/../lib/gcc/arm-none-eabi/4.7.4/../../../../arm-none-eabi/lib\libc_s.a(lib_a-mprec.o)
                0x20004714                __mcmp
 .text.__mdiff  0x20004774      0x128 c:/isis/application/toolchain/bin/../lib/gcc/arm-none-eabi/4.7.4/../../../../arm-none-eabi/lib\libc_s.a(lib_a-mprec.o)
                0x20004774                __mdiff
 .text.__ulp    0x2000489c       0x5c c:/isis/application/toolchain/bin/../lib/gcc/arm-none-eabi/4.7.4/../../../../arm-none-eabi/lib\libc_s.a(lib_a-mprec.o)
                0x2000489c                __ulp
 .text.__b2d    0x200048f8       0xc8 c:/isis/application/toolchain/bin/../lib/gcc/arm-none-eabi/4.7.4/../../../../arm-none-eabi/lib\libc_s.a(lib_a-mprec.o)
                0x200048f8                __b2d
 .text.__d2b    0x200049c0       0xfc c:/isis/application/toolchain/bin/../lib/gcc/arm-none-eabi/4.7.4/../../../../arm-none-eabi/lib\libc_s.a(lib_a-mprec.o)
                0x200049c0                __d2b
 .text.__ratio  0x20004abc       0x70 c:/isis/application/toolchain/bin/../lib/gcc/arm-none-eabi/4.7.4/../../../../arm-none-eabi/lib\libc_s.a(lib_a-mprec.o)
                0x20004abc                __ratio
 .text.__copybits
                0x20004b2c       0x4c c:/isis/application/toolchain/bin/../lib/gcc/arm-none-eabi/4.7.4/../../../../arm-none-eabi/lib\libc_s.a(lib_a-mprec.o)
                0x20004b2c                __copybits
 .text.__any_on
                0x20004b78       0x7c c:/isis/application/toolchain/bin/../lib/gcc/arm-none-eabi/4.7.4/../../../../arm-none-eabi/lib\libc_s.a(lib_a-mprec.o)
                0x20004b78                __any_on
 .text.__fpclassifyd
                0x20004bf4       0x6c c:/isis/application/toolchain/bin/../lib/gcc/arm-none-eabi/4.7.4/../../../../arm-none-eabi/lib\libc_s.a(lib_a-s_fpclassify.o)
                0x20004bf4                __fpclassifyd
 .text._sbrk_r  0x20004c60       0x3c c:/isis/application/toolchain/bin/../lib/gcc/arm-none-eabi/4.7.4/../../../../arm-none-eabi/lib\libc_s.a(lib_a-sbrkr.o)
                0x20004c60                _sbrk_r
 .text.nanf     0x20004c9c        0xc c:/isis/application/toolchain/bin/../lib/gcc/arm-none-eabi/4.7.4/../../../../arm-none-eabi/lib\libc_s.a(lib_a-sf_nan.o)
                0x20004c9c                nanf
 .text.sprintf  0x20004ca8       0x6c c:/isis/application/toolchain/bin/../lib/gcc/arm-none-eabi/4.7.4/../../../../arm-none-eabi/lib\libc_s.a(lib_a-sprintf.o)
                0x20004ca8                siprintf
                0x20004ca8                sprintf
 .text.strcmp   0x20004d14       0x1c c:/isis/application/toolchain/bin/../lib/gcc/arm-none-eabi/4.7.4/../../../../arm-none-eabi/lib\libc_s.a(lib_a-strcmp.o)
                0x20004d14                strcmp
 .text.strlen   0x20004d30       0x1c c:/isis/application/toolchain/bin/../lib/gcc/arm-none-eabi/4.7.4/../../../../arm-none-eabi/lib\libc_s.a(lib_a-strlen.o)
                0x20004d30                strlen
 .text.match    0x20004d4c       0x54 c:/isis/application/toolchain/bin/../lib/gcc/arm-none-eabi/4.7.4/../../../../arm-none-eabi/lib\libc_s.a(lib_a-strtod.o)
 .text._strtod_r
                0x20004da0     0x1168 c:/isis/application/toolchain/bin/../lib/gcc/arm-none-eabi/4.7.4/../../../../arm-none-eabi/lib\libc_s.a(lib_a-strtod.o)
                0x20004da0                _strtod_r
 .text._strtol_r
                0x20005f08      0x1b8 c:/isis/application/toolchain/bin/../lib/gcc/arm-none-eabi/4.7.4/../../../../arm-none-eabi/lib\libc_s.a(lib_a-strtol.o)
                0x20005f08                _strtol_r
 .text.__ssputc_r
                0x200060c0      0x10c c:/isis/application/toolchain/bin/../lib/gcc/arm-none-eabi/4.7.4/../../../../arm-none-eabi/lib\libc_s.a(lib_a-svfprintf.o)
                0x200060c0                __ssputc_r
 .text._svfprintf_r
                0x200061cc      0x328 c:/isis/application/toolchain/bin/../lib/gcc/arm-none-eabi/4.7.4/../../../../arm-none-eabi/lib\libc_s.a(lib_a-svfprintf.o)
                0x200061cc                _svfiprintf_r
                0x200061cc                _svfprintf_r
 .text._calloc_r
                0x200064f4       0x2c c:/isis/application/toolchain/bin/../lib/gcc/arm-none-eabi/4.7.4/../../../../arm-none-eabi/lib\libc_s.a(lib_a-callocr.o)
                0x200064f4                _calloc_r
 .text._free_r  0x20006520      0x108 c:/isis/application/toolchain/bin/../lib/gcc/arm-none-eabi/4.7.4/../../../../arm-none-eabi/lib\libc_s.a(lib_a-freer.o)
                0x20006520                _free_r
 .text.rshift   0x20006628       0xb0 c:/isis/application/toolchain/bin/../lib/gcc/arm-none-eabi/4.7.4/../../../../arm-none-eabi/lib\libc_s.a(lib_a-gdtoa-gethex.o)
 .text.htinit.constprop.0
                0x200066d8       0x34 c:/isis/application/toolchain/bin/../lib/gcc/arm-none-eabi/4.7.4/../../../../arm-none-eabi/lib\libc_s.a(lib_a-gdtoa-gethex.o)
 .text.__hexdig_init
                0x2000670c       0x38 c:/isis/application/toolchain/bin/../lib/gcc/arm-none-eabi/4.7.4/../../../../arm-none-eabi/lib\libc_s.a(lib_a-gdtoa-gethex.o)
                0x2000670c                __hexdig_init
 .text.__gethex
                0x20006744      0x6cc c:/isis/application/toolchain/bin/../lib/gcc/arm-none-eabi/4.7.4/../../../../arm-none-eabi/lib\libc_s.a(lib_a-gdtoa-gethex.o)
                0x20006744                __gethex
 .text.L_shift  0x20006e10       0x38 c:/isis/application/toolchain/bin/../lib/gcc/arm-none-eabi/4.7.4/../../../../arm-none-eabi/lib\libc_s.a(lib_a-gdtoa-hexnan.o)
 .text.__hexnan
                0x20006e48      0x1d8 c:/isis/application/toolchain/bin/../lib/gcc/arm-none-eabi/4.7.4/../../../../arm-none-eabi/lib\libc_s.a(lib_a-gdtoa-hexnan.o)
                0x20006e48                __hexnan
 .text.memchr   0x20007020       0x34 c:/isis/application/toolchain/bin/../lib/gcc/arm-none-eabi/4.7.4/../../../../arm-none-eabi/lib\libc_s.a(lib_a-memchr.o)
                0x20007020                memchr
 .text.memset   0x20007054       0x1c c:/isis/application/toolchain/bin/../lib/gcc/arm-none-eabi/4.7.4/../../../../arm-none-eabi/lib\libc_s.a(lib_a-memset.o)
                0x20007054                memset
 .text._realloc_r
                0x20007070       0x80 c:/isis/application/toolchain/bin/../lib/gcc/arm-none-eabi/4.7.4/../../../../arm-none-eabi/lib\libc_s.a(lib_a-reallocr.o)
                0x20007070                _realloc_r
 .text.strncmp  0x200070f0       0x64 c:/isis/application/toolchain/bin/../lib/gcc/arm-none-eabi/4.7.4/../../../../arm-none-eabi/lib\libc_s.a(lib_a-strncmp.o)
                0x200070f0                strncmp
 .text._malloc_usable_size_r
                0x20007154       0x1c c:/isis/application/toolchain/bin/../lib/gcc/arm-none-eabi/4.7.4/../../../../arm-none-eabi/lib\libc_s.a(lib_a-msizer.o)
                0x20007154                _malloc_usable_size_r
 .text.cmd_mute
                0x20007170       0xc4 ./src/sub-systemCode/Main/CMD/COMM_CMD.o
                0x20007170                cmd_mute
 .text.cmd_unmute
                0x20007234       0x4c ./src/sub-systemCode/Main/CMD/COMM_CMD.o
                0x20007234                cmd_unmute
 .text.cmd_active_trans
                0x20007280       0xc0 ./src/sub-systemCode/Main/CMD/COMM_CMD.o
                0x20007280                cmd_active_trans
 .text.cmd_shut_trans
                0x20007340       0x38 ./src/sub-systemCode/Main/CMD/COMM_CMD.o
                0x20007340                cmd_shut_trans
 .text.cmd_change_trans_rssi
                0x20007378      0x100 ./src/sub-systemCode/Main/CMD/COMM_CMD.o
                0x20007378                cmd_change_trans_rssi
 .text.cmd_aprs_dump
                0x20007478       0x50 ./src/sub-systemCode/Main/CMD/COMM_CMD.o
                0x20007478                cmd_aprs_dump
 .text.cmd_stop_dump
                0x200074c8       0x38 ./src/sub-systemCode/Main/CMD/COMM_CMD.o
                0x200074c8                cmd_stop_dump
 .text.cmd_time_frequency
                0x20007500       0xc0 ./src/sub-systemCode/Main/CMD/COMM_CMD.o
                0x20007500                cmd_time_frequency
 .text.cmd_change_def_bit_rate
                0x200075c0      0x158 ./src/sub-systemCode/Main/CMD/COMM_CMD.o
                0x200075c0                cmd_change_def_bit_rate
 .text.cmd_upload_volt_logic
                0x20007718      0x334 ./src/sub-systemCode/Main/CMD/EPS_CMD.o
                0x20007718                cmd_upload_volt_logic
 .text.cmd_upload_volt_COMM
                0x20007a4c      0x1c8 ./src/sub-systemCode/Main/CMD/EPS_CMD.o
                0x20007a4c                cmd_upload_volt_COMM
 .text.cmd_heater_temp
                0x20007c14       0xc0 ./src/sub-systemCode/Main/CMD/EPS_CMD.o
                0x20007c14                cmd_heater_temp
 .text.cmd_SHUT_CAM
                0x20007cd4       0x6c ./src/sub-systemCode/Main/CMD/EPS_CMD.o
                0x20007cd4                cmd_SHUT_CAM
 .text.cmd_SHUT_ADCS
                0x20007d40       0x6c ./src/sub-systemCode/Main/CMD/EPS_CMD.o
                0x20007d40                cmd_SHUT_ADCS
 .text.cmd_allow_CAM
                0x20007dac       0x6c ./src/sub-systemCode/Main/CMD/EPS_CMD.o
                0x20007dac                cmd_allow_CAM
 .text.cmd_allow_ADCS
                0x20007e18       0x6c ./src/sub-systemCode/Main/CMD/EPS_CMD.o
                0x20007e18                cmd_allow_ADCS
 .text.cmd_update_alpha
                0x20007e84      0x130 ./src/sub-systemCode/Main/CMD/EPS_CMD.o
                0x20007e84                cmd_update_alpha
 .text.cmd_generic_I2C
                0x20007fb4       0xb4 ./src/sub-systemCode/Main/CMD/General_CMD.o
                0x20007fb4                cmd_generic_I2C
 .text.cmd_dump
                0x20008068       0xf0 ./src/sub-systemCode/Main/CMD/General_CMD.o
                0x20008068                cmd_dump
 .text.cmd_delete_TM
                0x20008158      0x234 ./src/sub-systemCode/Main/CMD/General_CMD.o
                0x20008158                cmd_delete_TM
 .text.cmd_reset_file
                0x2000838c      0x118 ./src/sub-systemCode/Main/CMD/General_CMD.o
                0x2000838c                cmd_reset_file
 .text.cmd_dummy_func
                0x200084a4       0x40 ./src/sub-systemCode/Main/CMD/General_CMD.o
                0x200084a4                cmd_dummy_func
 .text.cmd_soft_reset_cmponent
                0x200084e4       0xac ./src/sub-systemCode/Main/CMD/General_CMD.o
                0x200084e4                cmd_soft_reset_cmponent
 .text.cmd_hard_reset_cmponent
                0x20008590       0xac ./src/sub-systemCode/Main/CMD/General_CMD.o
                0x20008590                cmd_hard_reset_cmponent
 .text.cmd_reset_satellite
                0x2000863c       0x78 ./src/sub-systemCode/Main/CMD/General_CMD.o
                0x2000863c                cmd_reset_satellite
 .text.cmd_gracefull_reset_satellite
                0x200086b4       0x78 ./src/sub-systemCode/Main/CMD/General_CMD.o
                0x200086b4                cmd_gracefull_reset_satellite
 .text.cmd_upload_time
                0x2000872c       0xb0 ./src/sub-systemCode/Main/CMD/General_CMD.o
                0x2000872c                cmd_upload_time
 .text.cmd_ARM_DIARM
                0x200087dc       0xd4 ./src/sub-systemCode/Main/CMD/General_CMD.o
                0x200087dc                cmd_ARM_DIARM
 .text.cmd_get_onlineTM
                0x200088b0       0xb8 ./src/sub-systemCode/Main/CMD/General_CMD.o
                0x200088b0                cmd_get_onlineTM
 .text.cmd_reset_off_line
                0x20008968       0x68 ./src/sub-systemCode/Main/CMD/General_CMD.o
                0x20008968                cmd_reset_off_line
 .text.cmd_add_item_off_line
                0x200089d0       0xf0 ./src/sub-systemCode/Main/CMD/General_CMD.o
                0x200089d0                cmd_add_item_off_line
 .text.cmd_reset_delayed_command_list
                0x20008ac0       0x3c ./src/sub-systemCode/Main/CMD/SW_CMD.o
                0x20008ac0                cmd_reset_delayed_command_list
 .text.cmd_reset_APRS_list
                0x20008afc       0x3c ./src/sub-systemCode/Main/CMD/SW_CMD.o
                0x20008afc                cmd_reset_APRS_list
 .text.cmd_reset_FRAM
                0x20008b38       0xe8 ./src/sub-systemCode/Main/CMD/SW_CMD.o
                0x20008b38                cmd_reset_FRAM
 .text.ARM_ants
                0x20008c20       0xb8 ./src/sub-systemCode/Main/Ants.o
                0x20008c20                ARM_ants
 .text.DISARM_ants
                0x20008cd8       0xb8 ./src/sub-systemCode/Main/Ants.o
                0x20008cd8                DISARM_ants
 .text.round_vol
                0x20008d90      0x124 ./src/sub-systemCode/Main/EPS.o
                0x20008d90                round_vol
 .text.get_shut_ADCS
                0x20008eb4       0x48 ./src/sub-systemCode/Main/EPS.o
                0x20008eb4                get_shut_ADCS
 .text.shut_ADCS
                0x20008efc       0x44 ./src/sub-systemCode/Main/EPS.o
                0x20008efc                shut_ADCS
 .text.get_shut_CAM
                0x20008f40       0x48 ./src/sub-systemCode/Main/EPS.o
                0x20008f40                get_shut_CAM
 .text.shut_CAM
                0x20008f88       0x44 ./src/sub-systemCode/Main/EPS.o
                0x20008f88                shut_CAM
 .text.update_powerLines
                0x20008fcc       0xec ./src/sub-systemCode/Main/EPS.o
                0x20008fcc                update_powerLines
 .text.init_enterMode
                0x200090b8       0x88 ./src/sub-systemCode/Main/EPS.o
                0x200090b8                init_enterMode
 .text.EPS_Init
                0x20009140      0x1c8 ./src/sub-systemCode/Main/EPS.o
                0x20009140                EPS_Init
 .text.reset_FRAM_EPS
                0x20009308       0xf4 ./src/sub-systemCode/Main/EPS.o
                0x20009308                reset_FRAM_EPS
 .text.reset_EPS_voltages
                0x200093fc       0xbc ./src/sub-systemCode/Main/EPS.o
                0x200093fc                reset_EPS_voltages
 .text.battery_downward
                0x200094b8      0x114 ./src/sub-systemCode/Main/EPS.o
                0x200094b8                battery_downward
 .text.battery_upward
                0x200095cc      0x120 ./src/sub-systemCode/Main/EPS.o
                0x200095cc                battery_upward
 .text.EPS_Conditioning
                0x200096ec      0x2bc ./src/sub-systemCode/Main/EPS.o
                0x200096ec                EPS_Conditioning
 .text.overRide_ADCS
                0x200099a8       0x50 ./src/sub-systemCode/Main/EPS.o
                0x200099a8                overRide_ADCS
 .text.overRide_Camera
                0x200099f8       0x38 ./src/sub-systemCode/Main/EPS.o
                0x200099f8                overRide_Camera
 .text.EnterFullMode
                0x20009a30       0xfc ./src/sub-systemCode/Main/EPS.o
                0x20009a30                EnterFullMode
 .text.EnterCruiseMode
                0x20009b2c       0xec ./src/sub-systemCode/Main/EPS.o
                0x20009b2c                EnterCruiseMode
 .text.EnterSafeMode
                0x20009c18       0xec ./src/sub-systemCode/Main/EPS.o
                0x20009c18                EnterSafeMode
 .text.EnterCriticalMode
                0x20009d04       0xd8 ./src/sub-systemCode/Main/EPS.o
                0x20009d04                EnterCriticalMode
 .text.check_EPSTableCorrection
                0x20009ddc      0x150 ./src/sub-systemCode/Main/EPS.o
                0x20009ddc                check_EPSTableCorrection
 .text.find_fileName
                0x20009f2c      0x5e4 ./src/sub-systemCode/Main/HouseKeeping.o
                0x20009f2c                find_fileName
 .text.size_of_element
                0x2000a510      0x108 ./src/sub-systemCode/Main/HouseKeeping.o
                0x2000a510                size_of_element
 .text.save_ACK
                0x2000a618       0xa0 ./src/sub-systemCode/Main/HouseKeeping.o
                0x2000a618                save_ACK
 .text.set_GP_EPS
                0x2000a6b8      0x10c ./src/sub-systemCode/Main/HouseKeeping.o
                0x2000a6b8                set_GP_EPS
 .text.set_GP_COMM
                0x2000a7c4       0x88 ./src/sub-systemCode/Main/HouseKeeping.o
                0x2000a7c4                set_GP_COMM
 .text.SP_HK_collect
                0x2000a84c      0x17c ./src/sub-systemCode/Main/HouseKeeping.o
                0x2000a84c                SP_HK_collect
 .text.EPS_HK_collect
                0x2000a9c8      0x4d8 ./src/sub-systemCode/Main/HouseKeeping.o
                0x2000a9c8                EPS_HK_collect
 .text.CAM_HK_collect
                0x2000aea0      0x91c ./src/sub-systemCode/Main/HouseKeeping.o
                0x2000aea0                CAM_HK_collect
 .text.COMM_HK_collect
                0x2000b7bc      0x154 ./src/sub-systemCode/Main/HouseKeeping.o
                0x2000b7bc                COMM_HK_collect
 .text.COMM_create_file
                0x2000b910       0x74 ./src/sub-systemCode/Main/HouseKeeping.o
                0x2000b910                COMM_create_file
 .text.ACK_create_file
                0x2000b984       0x74 ./src/sub-systemCode/Main/HouseKeeping.o
                0x2000b984                ACK_create_file
 .text.EPS_create_file
                0x2000b9f8       0x74 ./src/sub-systemCode/Main/HouseKeeping.o
                0x2000b9f8                EPS_create_file
 .text.CAM_create_file
                0x2000ba6c       0x54 ./src/sub-systemCode/Main/HouseKeeping.o
                0x2000ba6c                CAM_create_file
 .text.SP_create_file
                0x2000bac0       0x54 ./src/sub-systemCode/Main/HouseKeeping.o
                0x2000bac0                SP_create_file
 .text.create_files
                0x2000bb14       0x48 ./src/sub-systemCode/Main/HouseKeeping.o
                0x2000bb14                create_files
 .text.save_SP_HK
                0x2000bb5c       0x70 ./src/sub-systemCode/Main/HouseKeeping.o
                0x2000bb5c                save_SP_HK
 .text.save_EPS_HK
                0x2000bbcc       0x70 ./src/sub-systemCode/Main/HouseKeeping.o
                0x2000bbcc                save_EPS_HK
 .text.save_CAM_HK
                0x2000bc3c       0x84 ./src/sub-systemCode/Main/HouseKeeping.o
                0x2000bc3c                save_CAM_HK
 .text.save_COMM_HK
                0x2000bcc0       0x70 ./src/sub-systemCode/Main/HouseKeeping.o
                0x2000bcc0                save_COMM_HK
 .text.EPS_HK_raw_BigEnE
                0x2000bd30      0x194 ./src/sub-systemCode/Main/HouseKeeping.o
                0x2000bd30                EPS_HK_raw_BigEnE
 .text.CAM_HK_raw_BigEnE
                0x2000bec4      0x194 ./src/sub-systemCode/Main/HouseKeeping.o
                0x2000bec4                CAM_HK_raw_BigEnE
 .text.COMM_HK_raw_BigEnE
                0x2000c058      0x194 ./src/sub-systemCode/Main/HouseKeeping.o
                0x2000c058                COMM_HK_raw_BigEnE
 .text.ADCS_HK_raw_BigEnE
                0x2000c1ec      0x194 ./src/sub-systemCode/Main/HouseKeeping.o
                0x2000c1ec                ADCS_HK_raw_BigEnE
 .text.ADCS_SC_raw_BigEnE
                0x2000c380      0x188 ./src/sub-systemCode/Main/HouseKeeping.o
                0x2000c380                ADCS_SC_raw_BigEnE
 .text.build_HK_spl_packet
                0x2000c508      0xa2c ./src/sub-systemCode/Main/HouseKeeping.o
                0x2000c508                build_HK_spl_packet
 .text.HouseKeeping_highRate_Task
                0x2000cf34       0x6c ./src/sub-systemCode/Main/HouseKeeping.o
                0x2000cf34                HouseKeeping_highRate_Task
 .text.HouseKeeping_lowRate_Task
                0x2000cfa0       0x68 ./src/sub-systemCode/Main/HouseKeeping.o
                0x2000cfa0                HouseKeeping_lowRate_Task
 .text.test_menu
                0x2000d008       0xd8 ./src/sub-systemCode/Main/Main_Init.o
                0x2000d008                test_menu
 .text.numberOfRestarts
                0x2000d0e0       0x94 ./src/sub-systemCode/Main/Main_Init.o
                0x2000d0e0                numberOfRestarts
 .text.StartFRAM
                0x2000d174       0x38 ./src/sub-systemCode/Main/Main_Init.o
                0x2000d174                StartFRAM
 .text.StartI2C
                0x2000d1ac       0x44 ./src/sub-systemCode/Main/Main_Init.o
                0x2000d1ac                StartI2C
 .text.StartSPI
                0x2000d1f0       0x40 ./src/sub-systemCode/Main/Main_Init.o
                0x2000d1f0                StartSPI
 .text.StartTIME
                0x2000d230      0x118 ./src/sub-systemCode/Main/Main_Init.o
                0x2000d230                StartTIME
 .text.first_activation
                0x2000d348       0x78 ./src/sub-systemCode/Main/Main_Init.o
                0x2000d348                first_activation
 .text.InitSubsystems
                0x2000d3c0       0x68 ./src/sub-systemCode/Main/Main_Init.o
                0x2000d3c0                InitSubsystems
 .text.SubSystemTaskStart
                0x2000d428      0x11c ./src/sub-systemCode/Main/Main_Init.o
                0x2000d428                SubSystemTaskStart
 .text.save_ACK_s
                0x2000d544       0x5c ./src/sub-systemCode/Main/commands.o
                0x2000d544                save_ACK_s
 .text.copy_command
                0x2000d5a0       0x80 ./src/sub-systemCode/Main/commands.o
                0x2000d5a0                copy_command
 .text.reset_command
                0x2000d620       0x28 ./src/sub-systemCode/Main/commands.o
                0x2000d620                reset_command
 .text.init_command
                0x2000d648       0xd4 ./src/sub-systemCode/Main/commands.o
                0x2000d648                init_command
 .text.add_command
                0x2000d71c      0x138 ./src/sub-systemCode/Main/commands.o
                0x2000d71c                add_command
 .text.get_command
                0x2000d854      0x1cc ./src/sub-systemCode/Main/commands.o
                0x2000d854                get_command
 .text.act_upon_command
                0x2000da20      0x200 ./src/sub-systemCode/Main/commands.o
                0x2000da20                act_upon_command
 .text.cmd_error
                0x2000dc20       0x38 ./src/sub-systemCode/Main/commands.o
                0x2000dc20                cmd_error
 .text.AUC_COMM
                0x2000dc58      0x25c ./src/sub-systemCode/Main/commands.o
                0x2000dc58                AUC_COMM
 .text.AUC_general
                0x2000deb4      0x474 ./src/sub-systemCode/Main/commands.o
                0x2000deb4                AUC_general
 .text.AUC_payload
                0x2000e328      0x110 ./src/sub-systemCode/Main/commands.o
                0x2000e328                AUC_payload
 .text.AUC_EPS  0x2000e438      0x28c ./src/sub-systemCode/Main/commands.o
                0x2000e438                AUC_EPS
 .text.AUC_ADCS
                0x2000e6c4       0x5c ./src/sub-systemCode/Main/commands.o
                0x2000e6c4                AUC_ADCS
 .text.AUC_SW   0x2000e720       0xe4 ./src/sub-systemCode/Main/commands.o
                0x2000e720                AUC_SW
 .text.AUC_onlineTM
                0x2000e804      0x16c ./src/sub-systemCode/Main/commands.o
                0x2000e804                AUC_onlineTM
 .text.AUC_special_operation
                0x2000e970       0x8c ./src/sub-systemCode/Main/commands.o
                0x2000e970                AUC_special_operation
 .text.check_int
                0x2000e9fc       0x3c ./src/sub-systemCode/Global/Global.o
                0x2000e9fc                check_int
 .text.check_portBASE_TYPE
                0x2000ea38       0x3c ./src/sub-systemCode/Global/Global.o
                0x2000ea38                check_portBASE_TYPE
 .text.soft_reset_subsystem
                0x2000ea74       0xd8 ./src/sub-systemCode/Global/Global.o
                0x2000ea74                soft_reset_subsystem
 .text.hard_reset_subsystem
                0x2000eb4c      0x104 ./src/sub-systemCode/Global/Global.o
                0x2000eb4c                hard_reset_subsystem
 .text.BigEnE_raw_to_uInt
                0x2000ec50       0x94 ./src/sub-systemCode/Global/Global.o
                0x2000ec50                BigEnE_raw_to_uInt
 .text.BigEnE_raw_to_uShort
                0x2000ece4       0x50 ./src/sub-systemCode/Global/Global.o
                0x2000ece4                BigEnE_raw_to_uShort
 .text.BigEnE_uInt_to_raw
                0x2000ed34       0x78 ./src/sub-systemCode/Global/Global.o
                0x2000ed34                BigEnE_uInt_to_raw
 .text.reset_FRAM_MAIN
                0x2000edac      0x19c ./src/sub-systemCode/Global/Global.o
                0x2000edac                reset_FRAM_MAIN
 .text.terminateTask
                0x2000ef48       0x18 ./src/sub-systemCode/Global/Global.o
                0x2000ef48                terminateTask
 .text.init_GP  0x2000ef60      0x300 ./src/sub-systemCode/Global/GlobalParam.o
                0x2000ef60                init_GP
 .text.get_system_state
                0x2000f260      0x268 ./src/sub-systemCode/Global/GlobalParam.o
                0x2000f260                get_system_state
 .text.set_system_state
                0x2000f4c8      0x298 ./src/sub-systemCode/Global/GlobalParam.o
                0x2000f4c8                set_system_state
 .text.get_current_global_param
                0x2000f760      0x5c8 ./src/sub-systemCode/Global/GlobalParam.o
                0x2000f760                get_current_global_param
 .text.set_Vbatt
                0x2000fd28       0x8c ./src/sub-systemCode/Global/GlobalParam.o
                0x2000fd28                set_Vbatt
 .text.get_Vbatt
                0x2000fdb4       0x8c ./src/sub-systemCode/Global/GlobalParam.o
                0x2000fdb4                get_Vbatt
 .text.set_curBat
                0x2000fe40       0x8c ./src/sub-systemCode/Global/GlobalParam.o
                0x2000fe40                set_curBat
 .text.set_cur3V3
                0x2000fecc       0x8c ./src/sub-systemCode/Global/GlobalParam.o
                0x2000fecc                set_cur3V3
 .text.set_cur5V
                0x2000ff58       0x8c ./src/sub-systemCode/Global/GlobalParam.o
                0x2000ff58                set_cur5V
 .text.set_tempComm_LO
                0x2000ffe4       0x8c ./src/sub-systemCode/Global/GlobalParam.o
                0x2000ffe4                set_tempComm_LO
 .text.set_tempComm_PA
                0x20010070       0x8c ./src/sub-systemCode/Global/GlobalParam.o
                0x20010070                set_tempComm_PA
 .text.set_tempEPS
                0x200100fc       0xc8 ./src/sub-systemCode/Global/GlobalParam.o
                0x200100fc                set_tempEPS
 .text.set_tempBatt
                0x200101c4       0xc8 ./src/sub-systemCode/Global/GlobalParam.o
                0x200101c4                set_tempBatt
 .text.set_RxDoppler
                0x2001028c       0x8c ./src/sub-systemCode/Global/GlobalParam.o
                0x2001028c                set_RxDoppler
 .text.set_RxRSSI
                0x20010318       0x8c ./src/sub-systemCode/Global/GlobalParam.o
                0x20010318                set_RxRSSI
 .text.set_TxRefl
                0x200103a4       0x8c ./src/sub-systemCode/Global/GlobalParam.o
                0x200103a4                set_TxRefl
 .text.set_TxForw
                0x20010430       0x8c ./src/sub-systemCode/Global/GlobalParam.o
                0x20010430                set_TxForw
 .text.get_ST   0x200104bc       0x8c ./src/sub-systemCode/Global/GlobalParam.o
                0x200104bc                get_ST
 .text.set_numOfAPRS
                0x20010548       0x8c ./src/sub-systemCode/Global/GlobalParam.o
                0x20010548                set_numOfAPRS
 .text.set_numOfDelayedCommand
                0x200105d4       0x8c ./src/sub-systemCode/Global/GlobalParam.o
                0x200105d4                set_numOfDelayedCommand
 .text.set_numOfResets
                0x20010660       0xac ./src/sub-systemCode/Global/GlobalParam.o
                0x20010660                set_numOfResets
 .text.set_ground_conn
                0x2001070c       0xa0 ./src/sub-systemCode/Global/GlobalParam.o
                0x2001070c                set_ground_conn
 .text.get_ground_conn
                0x200107ac       0xa0 ./src/sub-systemCode/Global/GlobalParam.o
                0x200107ac                get_ground_conn
 .text.IsisAntS_getStatusData_sideA
                0x2001084c       0x3c ./src/sub-systemCode/Global/OnlineTM.o
                0x2001084c                IsisAntS_getStatusData_sideA
 .text.IsisAntS_getAlltelemetry_sideA
                0x20010888       0x3c ./src/sub-systemCode/Global/OnlineTM.o
                0x20010888                IsisAntS_getAlltelemetry_sideA
 .text.IsisAntS_getTemperature_sideA
                0x200108c4       0x3c ./src/sub-systemCode/Global/OnlineTM.o
                0x200108c4                IsisAntS_getTemperature_sideA
 .text.IsisAntS_getStatusData_sideB
                0x20010900       0x3c ./src/sub-systemCode/Global/OnlineTM.o
                0x20010900                IsisAntS_getStatusData_sideB
 .text.IsisAntS_getAlltelemetry_sideB
                0x2001093c       0x3c ./src/sub-systemCode/Global/OnlineTM.o
                0x2001093c                IsisAntS_getAlltelemetry_sideB
 .text.IsisAntS_getTemperature_sideB
                0x20010978       0x3c ./src/sub-systemCode/Global/OnlineTM.o
                0x20010978                IsisAntS_getTemperature_sideB
 .text.get_item_by_index
                0x200109b4       0xd8 ./src/sub-systemCode/Global/OnlineTM.o
                0x200109b4                get_item_by_index
 .text.init_onlineParam
                0x20010a8c      0xc80 ./src/sub-systemCode/Global/OnlineTM.o
                0x20010a8c                init_onlineParam
 .text.reset_offline_TM_list
                0x2001170c       0x50 ./src/sub-systemCode/Global/OnlineTM.o
                0x2001170c                reset_offline_TM_list
 .text.get_online_packet
                0x2001175c      0x254 ./src/sub-systemCode/Global/OnlineTM.o
                0x2001175c                get_online_packet
 .text.save_onlineTM_param
                0x200119b0      0x1a4 ./src/sub-systemCode/Global/OnlineTM.o
                0x200119b0                save_onlineTM_param
 .text.add_onlineTM_param_to_save_list
                0x20011b54      0x214 ./src/sub-systemCode/Global/OnlineTM.o
                0x20011b54                add_onlineTM_param_to_save_list
 .text.save_onlineTM_logic
                0x20011d68      0x180 ./src/sub-systemCode/Global/OnlineTM.o
                0x20011d68                save_onlineTM_logic
 .text.save_onlineTM_task
                0x20011ee8       0x54 ./src/sub-systemCode/Global/OnlineTM.o
                0x20011ee8                save_onlineTM_task
 .text.delete_allTMFilesFromSD
                0x20011f3c       0xf8 ./src/sub-systemCode/Global/TLM_management.o
                0x20011f3c                delete_allTMFilesFromSD
 .text.getNumOfFilesInFS
                0x20012034       0x44 ./src/sub-systemCode/Global/TLM_management.o
 .text.setNumOfFilesInFS
                0x20012078       0x50 ./src/sub-systemCode/Global/TLM_management.o
 .text.f_managed_enterFS
                0x200120c8       0xb0 ./src/sub-systemCode/Global/TLM_management.o
                0x200120c8                f_managed_enterFS
 .text.f_managed_releaseFS
                0x20012178       0x58 ./src/sub-systemCode/Global/TLM_management.o
                0x20012178                f_managed_releaseFS
 .text.f_managed_open
                0x200121d0      0x10c ./src/sub-systemCode/Global/TLM_management.o
                0x200121d0                f_managed_open
 .text.f_managed_close
                0x200122dc       0x7c ./src/sub-systemCode/Global/TLM_management.o
                0x200122dc                f_managed_close
 .text.createSemahores_FS
                0x20012358       0x7c ./src/sub-systemCode/Global/TLM_management.o
                0x20012358                createSemahores_FS
 .text.InitializeFS
                0x200123d4      0x1a8 ./src/sub-systemCode/Global/TLM_management.o
                0x200123d4                InitializeFS
 .text.c_fileCreate
                0x2001257c       0xf4 ./src/sub-systemCode/Global/TLM_management.o
                0x2001257c                c_fileCreate
 .text.writewithEpochtime
                0x20012670       0xa4 ./src/sub-systemCode/Global/TLM_management.o
 .text.get_C_FILE_struct
                0x20012714      0x104 ./src/sub-systemCode/Global/TLM_management.o
 .text.getFileIndex
                0x20012818       0x4c ./src/sub-systemCode/Global/TLM_management.o
 .text.get_file_name_by_index
                0x20012864       0x54 ./src/sub-systemCode/Global/TLM_management.o
                0x20012864                get_file_name_by_index
 .text.c_fileReset
                0x200128b8       0xbc ./src/sub-systemCode/Global/TLM_management.o
                0x200128b8                c_fileReset
 .text.c_fileWrite
                0x20012974      0x140 ./src/sub-systemCode/Global/TLM_management.o
                0x20012974                c_fileWrite
 .text.deleteElementsFromFile
                0x20012ab4      0x194 ./src/sub-systemCode/Global/TLM_management.o
 .text.c_fileDeleteElements
                0x20012c48      0x168 ./src/sub-systemCode/Global/TLM_management.o
                0x20012c48                c_fileDeleteElements
 .text.c_fileRead
                0x20012db0      0x2c8 ./src/sub-systemCode/Global/TLM_management.o
                0x20012db0                c_fileRead
 .text.reset_APRS_list
                0x20013078       0xa4 ./src/sub-systemCode/COMM/APRS.o
                0x20013078                reset_APRS_list
 .text.send_APRS_Dump
                0x2001311c      0x1c0 ./src/sub-systemCode/COMM/APRS.o
                0x2001311c                send_APRS_Dump
 .text.check_APRS
                0x200132dc      0x1a4 ./src/sub-systemCode/COMM/APRS.o
                0x200132dc                check_APRS
 .text.get_APRS_list
                0x20013480       0x88 ./src/sub-systemCode/COMM/APRS.o
                0x20013480                get_APRS_list
 .text.find_CMD_in_list
                0x20013508       0x7c ./src/sub-systemCode/COMM/DelayedCommand_list.o
                0x20013508                find_CMD_in_list
 .text.find_empty_in_list
                0x20013584       0x74 ./src/sub-systemCode/COMM/DelayedCommand_list.o
                0x20013584                find_empty_in_list
 .text.check_delayCommandTime
                0x200135f8       0x8c ./src/sub-systemCode/COMM/DelayedCommand_list.o
                0x200135f8                check_delayCommandTime
 .text.execute_delayedCommand
                0x20013684       0x64 ./src/sub-systemCode/COMM/DelayedCommand_list.o
                0x20013684                execute_delayedCommand
 .text.check_delaycommand
                0x200136e8      0x17c ./src/sub-systemCode/COMM/DelayedCommand_list.o
                0x200136e8                check_delaycommand
 .text.reset_delayCommand
                0x20013864       0x8c ./src/sub-systemCode/COMM/DelayedCommand_list.o
                0x20013864                reset_delayCommand
 .text.add_delayCommand
                0x200138f0      0x1a4 ./src/sub-systemCode/COMM/DelayedCommand_list.o
                0x200138f0                add_delayCommand
 .text.get_delayCommand_list
                0x20013a94       0x80 ./src/sub-systemCode/COMM/DelayedCommand_list.o
                0x20013a94                get_delayCommand_list
 .text.EmptyOldestCommand
                0x20013b14       0xfc ./src/sub-systemCode/COMM/DelayedCommand_list.o
                0x20013b14                EmptyOldestCommand
 .text.decode_TCpacket
                0x20013c10      0x16c ./src/sub-systemCode/COMM/GSC.o
                0x20013c10                decode_TCpacket
 .text.encode_TCpacket
                0x20013d7c      0x114 ./src/sub-systemCode/COMM/GSC.o
                0x20013d7c                encode_TCpacket
 .text.encode_TMpacket
                0x20013e90      0x104 ./src/sub-systemCode/COMM/GSC.o
                0x20013e90                encode_TMpacket
 .text.build_raw_ACK
                0x20013f94       0xbc ./src/sub-systemCode/COMM/GSC.o
                0x20013f94                build_raw_ACK
 .text.build_data_field_ACK
                0x20014050       0x74 ./src/sub-systemCode/COMM/GSC.o
                0x20014050                build_data_field_ACK
 .text.update_FRAM_bitRate
                0x200140c4       0xd0 ./src/sub-systemCode/COMM/TRXVU.o
                0x200140c4                update_FRAM_bitRate
 .text.toggle_idle_state
                0x20014194       0x94 ./src/sub-systemCode/COMM/TRXVU.o
                0x20014194                toggle_idle_state
 .text.TRXVU_init_hardWare
                0x20014228       0x98 ./src/sub-systemCode/COMM/TRXVU.o
                0x20014228                TRXVU_init_hardWare
 .text.TRXVU_init_softWare
                0x200142c0      0x100 ./src/sub-systemCode/COMM/TRXVU.o
                0x200142c0                TRXVU_init_softWare
 .text.init_trxvu
                0x200143c0       0x14 ./src/sub-systemCode/COMM/TRXVU.o
                0x200143c0                init_trxvu
 .text.TRXVU_task
                0x200143d4       0x9c ./src/sub-systemCode/COMM/TRXVU.o
                0x200143d4                TRXVU_task
 .text.dump_logic
                0x20014470      0x324 ./src/sub-systemCode/COMM/TRXVU.o
                0x20014470                dump_logic
 .text.Dump_task
                0x20014794      0x17c ./src/sub-systemCode/COMM/TRXVU.o
                0x20014794                Dump_task
 .text.transponder_logic
                0x20014910       0xbc ./src/sub-systemCode/COMM/TRXVU.o
                0x20014910                transponder_logic
 .text.Transponder_task
                0x200149cc      0x238 ./src/sub-systemCode/COMM/TRXVU.o
                0x200149cc                Transponder_task
 .text.lookForRequestToDelete_transponder
                0x20014c04       0xc0 ./src/sub-systemCode/COMM/TRXVU.o
                0x20014c04                lookForRequestToDelete_transponder
 .text.lookForRequestToDelete_dump
                0x20014cc4       0x78 ./src/sub-systemCode/COMM/TRXVU.o
                0x20014cc4                lookForRequestToDelete_dump
 .text.sendRequestToStop_dump
                0x20014d3c       0x8c ./src/sub-systemCode/COMM/TRXVU.o
                0x20014d3c                sendRequestToStop_dump
 .text.sendRequestToStop_transponder
                0x20014dc8       0x98 ./src/sub-systemCode/COMM/TRXVU.o
                0x20014dc8                sendRequestToStop_transponder
 .text.Rx_logic
                0x20014e60      0x184 ./src/sub-systemCode/COMM/TRXVU.o
                0x20014e60                Rx_logic
 .text.pass_above_Ground
                0x20014fe4      0x104 ./src/sub-systemCode/COMM/TRXVU.o
                0x20014fe4                pass_above_Ground
 .text.trxvu_logic
                0x200150e8       0x1c ./src/sub-systemCode/COMM/TRXVU.o
                0x200150e8                trxvu_logic
 .text.Beacon_task
                0x20015104      0x170 ./src/sub-systemCode/COMM/TRXVU.o
                0x20015104                Beacon_task
 .text.buildAndSend_beacon
                0x20015274      0x604 ./src/sub-systemCode/COMM/TRXVU.o
                0x20015274                buildAndSend_beacon
 .text.reset_FRAM_TRXVU
                0x20015878      0x160 ./src/sub-systemCode/COMM/TRXVU.o
                0x20015878                reset_FRAM_TRXVU
 .text.TRX_sendFrame
                0x200159d8      0x1c0 ./src/sub-systemCode/COMM/TRXVU.o
                0x200159d8                TRX_sendFrame
 .text.TRX_getFrameData
                0x20015b98      0x128 ./src/sub-systemCode/COMM/TRXVU.o
                0x20015b98                TRX_getFrameData
 .text.mute_Tx  0x20015cc0       0x20 ./src/sub-systemCode/COMM/TRXVU.o
                0x20015cc0                mute_Tx
 .text.unmute_Tx
                0x20015ce0       0x58 ./src/sub-systemCode/COMM/TRXVU.o
                0x20015ce0                unmute_Tx
 .text.check_time_off_mute
                0x20015d38       0x88 ./src/sub-systemCode/COMM/TRXVU.o
                0x20015d38                check_time_off_mute
 .text.set_mute_time
                0x20015dc0       0xb4 ./src/sub-systemCode/COMM/TRXVU.o
                0x20015dc0                set_mute_time
 .text.change_TRXVU_state
                0x20015e74       0xe0 ./src/sub-systemCode/COMM/TRXVU.o
                0x20015e74                change_TRXVU_state
 .text.change_trans_RSSI
                0x20015f54       0x60 ./src/sub-systemCode/COMM/TRXVU.o
                0x20015f54                change_trans_RSSI
 .text.init_adcs
                0x20015fb4      0x104 ./src/sub-systemCode/ADCS/ADCS.o
                0x20015fb4                init_adcs
 .text.telemtryStart
                0x200160b8      0x16c ./src/sub-systemCode/ADCS/Stage_Table.o
                0x200160b8                telemtryStart
 .text.powerStart
                0x20016224       0x5c ./src/sub-systemCode/ADCS/Stage_Table.o
                0x20016224                powerStart
 .text.createTable
                0x20016280       0xb4 ./src/sub-systemCode/ADCS/Stage_Table.o
                0x20016280                createTable
 .text.buildControlMode
                0x20016334       0x60 ./src/sub-systemCode/ADCS/Stage_Table.o
                0x20016334                buildControlMode
 .text.Check_Table
                0x20016394      0x178 ./src/sub-systemCode/ADCS/Stage_Table.o
                0x20016394                Check_Table
 .text.updateTable
                0x2001650c      0x1f0 ./src/sub-systemCode/ADCS/Stage_Table.o
                0x2001650c                updateTable
 .text.translateCommandFULL
                0x200166fc       0x78 ./src/sub-systemCode/ADCS/Stage_Table.o
                0x200166fc                translateCommandFULL
 .text.getTableTo
                0x20016774       0x64 ./src/sub-systemCode/ADCS/Stage_Table.o
                0x20016774                getTableTo
 .text.save_time
                0x200167d8       0x9c ./src/main.o
                0x200167d8                save_time
 .text.Command_logic
                0x20016874       0x6c ./src/main.o
                0x20016874                Command_logic
 .text.taskMain
                0x200168e0       0x74 ./src/main.o
                0x200168e0                taskMain
 .text.main     0x20016954       0xbc ./src/main.o
                0x20016954                main
 .text.GomEpsInitialize
                0x20016a10      0x148 C:/HOOPOE3/satellite-subsystems/demo/..//satellite-subsystems/lib\libSatelliteSubsystemsD.a(GomEPS.o)
                0x20016a10                GomEpsInitialize
 .text.makeEPStransfer
                0x20016b58       0x3c C:/HOOPOE3/satellite-subsystems/demo/..//satellite-subsystems/lib\libSatelliteSubsystemsD.a(GomEPS.o)
 .text.GomEpsSoftReset
                0x20016b94       0xc4 C:/HOOPOE3/satellite-subsystems/demo/..//satellite-subsystems/lib\libSatelliteSubsystemsD.a(GomEPS.o)
                0x20016b94                GomEpsSoftReset
 .text.GomEpsHardReset
                0x20016c58       0xa8 C:/HOOPOE3/satellite-subsystems/demo/..//satellite-subsystems/lib\libSatelliteSubsystemsD.a(GomEPS.o)
                0x20016c58                GomEpsHardReset
 .text.GomEpsGetHkData_param
                0x20016d00      0x29c C:/HOOPOE3/satellite-subsystems/demo/..//satellite-subsystems/lib\libSatelliteSubsystemsD.a(GomEPS.o)
                0x20016d00                GomEpsGetHkData_param
 .text.GomEpsGetHkData_general
                0x20016f9c      0x45c C:/HOOPOE3/satellite-subsystems/demo/..//satellite-subsystems/lib\libSatelliteSubsystemsD.a(GomEPS.o)
                0x20016f9c                GomEpsGetHkData_general
 .text.GomEpsGetHkData_vi
                0x200173f8      0x188 C:/HOOPOE3/satellite-subsystems/demo/..//satellite-subsystems/lib\libSatelliteSubsystemsD.a(GomEPS.o)
                0x200173f8                GomEpsGetHkData_vi
 .text.GomEpsGetHkData_out
                0x20017580      0x21c C:/HOOPOE3/satellite-subsystems/demo/..//satellite-subsystems/lib\libSatelliteSubsystemsD.a(GomEPS.o)
                0x20017580                GomEpsGetHkData_out
 .text.GomEpsGetHkData_wdt
                0x2001779c      0x2b4 C:/HOOPOE3/satellite-subsystems/demo/..//satellite-subsystems/lib\libSatelliteSubsystemsD.a(GomEPS.o)
                0x2001779c                GomEpsGetHkData_wdt
 .text.GomEpsGetHkData_basic
                0x20017a50      0x22c C:/HOOPOE3/satellite-subsystems/demo/..//satellite-subsystems/lib\libSatelliteSubsystemsD.a(GomEPS.o)
                0x20017a50                GomEpsGetHkData_basic
 .text.GomEpsSetOutput
                0x20017c7c       0xbc C:/HOOPOE3/satellite-subsystems/demo/..//satellite-subsystems/lib\libSatelliteSubsystemsD.a(GomEPS.o)
                0x20017c7c                GomEpsSetOutput
 .text.GomEpsConfigGet
                0x20017d38      0x16c C:/HOOPOE3/satellite-subsystems/demo/..//satellite-subsystems/lib\libSatelliteSubsystemsD.a(GomEPS.o)
                0x20017d38                GomEpsConfigGet
 .text.GomEpsConfigSet
                0x20017ea4      0x184 C:/HOOPOE3/satellite-subsystems/demo/..//satellite-subsystems/lib\libSatelliteSubsystemsD.a(GomEPS.o)
                0x20017ea4                GomEpsConfigSet
 .text.GomEpsConfig2Get
                0x20018028      0x16c C:/HOOPOE3/satellite-subsystems/demo/..//satellite-subsystems/lib\libSatelliteSubsystemsD.a(GomEPS.o)
                0x20018028                GomEpsConfig2Get
 .text.makeAntStransfer
                0x20018194       0x4c C:/HOOPOE3/satellite-subsystems/demo/..//satellite-subsystems/lib\libSatelliteSubsystemsD.a(IsisAntS.o)
 .text.checkInputsValid
                0x200181e0       0x7c C:/HOOPOE3/satellite-subsystems/demo/..//satellite-subsystems/lib\libSatelliteSubsystemsD.a(IsisAntS.o)
 .text.IsisAntS_setArmStatus
                0x2001825c      0x104 C:/HOOPOE3/satellite-subsystems/demo/..//satellite-subsystems/lib\libSatelliteSubsystemsD.a(IsisAntS.o)
                0x2001825c                IsisAntS_setArmStatus
 .text.IsisAntS_getStatusData
                0x20018360      0x120 C:/HOOPOE3/satellite-subsystems/demo/..//satellite-subsystems/lib\libSatelliteSubsystemsD.a(IsisAntS.o)
                0x20018360                IsisAntS_getStatusData
 .text.IsisAntS_getTemperature
                0x20018480      0x120 C:/HOOPOE3/satellite-subsystems/demo/..//satellite-subsystems/lib\libSatelliteSubsystemsD.a(IsisAntS.o)
                0x20018480                IsisAntS_getTemperature
 .text.IsisAntS_getAlltelemetry
                0x200185a0      0x120 C:/HOOPOE3/satellite-subsystems/demo/..//satellite-subsystems/lib\libSatelliteSubsystemsD.a(IsisAntS.o)
                0x200185a0                IsisAntS_getAlltelemetry
 .text.IsisAntS_reset
                0x200186c0      0x104 C:/HOOPOE3/satellite-subsystems/demo/..//satellite-subsystems/lib\libSatelliteSubsystemsD.a(IsisAntS.o)
                0x200186c0                IsisAntS_reset
 .text.IsisSolarPanelv2_initialize
                0x200187c4       0xb4 C:/HOOPOE3/satellite-subsystems/demo/..//satellite-subsystems/lib\libSatelliteSubsystemsD.a(IsisSolarPanelv2.o)
                0x200187c4                IsisSolarPanelv2_initialize
 .text.IsisSolarPanelv2_getTemperature
                0x20018878       0xc8 C:/HOOPOE3/satellite-subsystems/demo/..//satellite-subsystems/lib\libSatelliteSubsystemsD.a(IsisSolarPanelv2.o)
                0x20018878                IsisSolarPanelv2_getTemperature
 .text.IsisSolarPanelv2_sleep
                0x20018940       0xbc C:/HOOPOE3/satellite-subsystems/demo/..//satellite-subsystems/lib\libSatelliteSubsystemsD.a(IsisSolarPanelv2.o)
                0x20018940                IsisSolarPanelv2_sleep
 .text.IsisSolarPanelv2_wakeup
                0x200189fc       0x80 C:/HOOPOE3/satellite-subsystems/demo/..//satellite-subsystems/lib\libSatelliteSubsystemsD.a(IsisSolarPanelv2.o)
                0x200189fc                IsisSolarPanelv2_wakeup
 .text._Reset   0x20018a7c       0x20 C:/HOOPOE3/satellite-subsystems/demo/..//satellite-subsystems/lib\libSatelliteSubsystemsD.a(IsisSolarPanelv2.o)
 .text._WaitForStartup
                0x20018a9c       0x90 C:/HOOPOE3/satellite-subsystems/demo/..//satellite-subsystems/lib\libSatelliteSubsystemsD.a(IsisSolarPanelv2.o)
 .text._AssignAllChannels
                0x20018b2c       0x90 C:/HOOPOE3/satellite-subsystems/demo/..//satellite-subsystems/lib\libSatelliteSubsystemsD.a(IsisSolarPanelv2.o)
 .text._AssignThisChannel
                0x20018bbc       0xe8 C:/HOOPOE3/satellite-subsystems/demo/..//satellite-subsystems/lib\libSatelliteSubsystemsD.a(IsisSolarPanelv2.o)
 .text._InitiateConversion
                0x20018ca4       0xac C:/HOOPOE3/satellite-subsystems/demo/..//satellite-subsystems/lib\libSatelliteSubsystemsD.a(IsisSolarPanelv2.o)
 .text._WaitForConversionComplete
                0x20018d50      0x100 C:/HOOPOE3/satellite-subsystems/demo/..//satellite-subsystems/lib\libSatelliteSubsystemsD.a(IsisSolarPanelv2.o)
 .text._ReadResult
                0x20018e50      0x158 C:/HOOPOE3/satellite-subsystems/demo/..//satellite-subsystems/lib\libSatelliteSubsystemsD.a(IsisSolarPanelv2.o)
 .text._ExtractByte
                0x20018fa8       0x38 C:/HOOPOE3/satellite-subsystems/demo/..//satellite-subsystems/lib\libSatelliteSubsystemsD.a(IsisSolarPanelv2.o)
 .text._ExtendSign
                0x20018fe0       0x6c C:/HOOPOE3/satellite-subsystems/demo/..//satellite-subsystems/lib\libSatelliteSubsystemsD.a(IsisSolarPanelv2.o)
 .text._PinsInit
                0x2001904c       0x50 C:/HOOPOE3/satellite-subsystems/demo/..//satellite-subsystems/lib\libSatelliteSubsystemsD.a(IsisSolarPanelv2.o)
 .text._SpiWriteRead
                0x2001909c       0x70 C:/HOOPOE3/satellite-subsystems/demo/..//satellite-subsystems/lib\libSatelliteSubsystemsD.a(IsisSolarPanelv2.o)
 .text.IsisTrxvu_initialize
                0x2001910c      0x2f4 C:/HOOPOE3/satellite-subsystems/demo/..//satellite-subsystems/lib\libSatelliteSubsystemsD.a(IsisTRXVU.o)
                0x2001910c                IsisTrxvu_initialize
 .text.makeTRXVUtransfer
                0x20019400       0x44 C:/HOOPOE3/satellite-subsystems/demo/..//satellite-subsystems/lib\libSatelliteSubsystemsD.a(IsisTRXVU.o)
 .text.IsisTrxvu_componentSoftReset
                0x20019444       0x6c C:/HOOPOE3/satellite-subsystems/demo/..//satellite-subsystems/lib\libSatelliteSubsystemsD.a(IsisTRXVU.o)
                0x20019444                IsisTrxvu_componentSoftReset
 .text.IsisTrxvu_componentHardReset
                0x200194b0       0xc8 C:/HOOPOE3/satellite-subsystems/demo/..//satellite-subsystems/lib\libSatelliteSubsystemsD.a(IsisTRXVU.o)
                0x200194b0                IsisTrxvu_componentHardReset
 .text.IsisTrxvu_softReset
                0x20019578       0x74 C:/HOOPOE3/satellite-subsystems/demo/..//satellite-subsystems/lib\libSatelliteSubsystemsD.a(IsisTRXVU.o)
                0x20019578                IsisTrxvu_softReset
 .text.IsisTrxvu_hardReset
                0x200195ec       0x74 C:/HOOPOE3/satellite-subsystems/demo/..//satellite-subsystems/lib\libSatelliteSubsystemsD.a(IsisTRXVU.o)
                0x200195ec                IsisTrxvu_hardReset
 .text.IsisTrxvu_tcSendAX25DefClSign
                0x20019660       0xec C:/HOOPOE3/satellite-subsystems/demo/..//satellite-subsystems/lib\libSatelliteSubsystemsD.a(IsisTRXVU.o)
                0x20019660                IsisTrxvu_tcSendAX25DefClSign
 .text.IsisTrxvu_tcSetIdlestate
                0x2001974c       0xa4 C:/HOOPOE3/satellite-subsystems/demo/..//satellite-subsystems/lib\libSatelliteSubsystemsD.a(IsisTRXVU.o)
                0x2001974c                IsisTrxvu_tcSetIdlestate
 .text.IsisTrxvu_tcSetAx25Bitrate
                0x200197f0       0xc4 C:/HOOPOE3/satellite-subsystems/demo/..//satellite-subsystems/lib\libSatelliteSubsystemsD.a(IsisTRXVU.o)
                0x200197f0                IsisTrxvu_tcSetAx25Bitrate
 .text.IsisTrxvu_tcGetTelemetryAll
                0x200198b4       0xd0 C:/HOOPOE3/satellite-subsystems/demo/..//satellite-subsystems/lib\libSatelliteSubsystemsD.a(IsisTRXVU.o)
                0x200198b4                IsisTrxvu_tcGetTelemetryAll
 .text.IsisTrxvu_tcGetTelemetryAll_revC
                0x20019984       0xd0 C:/HOOPOE3/satellite-subsystems/demo/..//satellite-subsystems/lib\libSatelliteSubsystemsD.a(IsisTRXVU.o)
                0x20019984                IsisTrxvu_tcGetTelemetryAll_revC
 .text.IsisTrxvu_rcGetFrameCount
                0x20019a54       0xa0 C:/HOOPOE3/satellite-subsystems/demo/..//satellite-subsystems/lib\libSatelliteSubsystemsD.a(IsisTRXVU.o)
                0x20019a54                IsisTrxvu_rcGetFrameCount
 .text.IsisTrxvu_rcGetCommandFrame
                0x20019af4      0x2d8 C:/HOOPOE3/satellite-subsystems/demo/..//satellite-subsystems/lib\libSatelliteSubsystemsD.a(IsisTRXVU.o)
                0x20019af4                IsisTrxvu_rcGetCommandFrame
 .text.IsisTrxvu_rcGetTelemetryAll
                0x20019dcc       0xd0 C:/HOOPOE3/satellite-subsystems/demo/..//satellite-subsystems/lib\libSatelliteSubsystemsD.a(IsisTRXVU.o)
                0x20019dcc                IsisTrxvu_rcGetTelemetryAll
 .text.IsisTrxvu_rcGetTelemetryAll_revC
                0x20019e9c       0xec C:/HOOPOE3/satellite-subsystems/demo/..//satellite-subsystems/lib\libSatelliteSubsystemsD.a(IsisTRXVU.o)
                0x20019e9c                IsisTrxvu_rcGetTelemetryAll_revC
 .text.cspaceADCS_initialize
                0x20019f88      0x18c C:/HOOPOE3/satellite-subsystems/demo/..//satellite-subsystems/lib\libSatelliteSubsystemsD.a(cspaceADCS.o)
                0x20019f88                cspaceADCS_initialize
 .text.make_cspaceADCStransfer
                0x2001a114      0x1b4 C:/HOOPOE3/satellite-subsystems/demo/..//satellite-subsystems/lib\libSatelliteSubsystemsD.a(cspaceADCS.o)
 .text.cspaceADCS_componentReset
                0x2001a2c8       0xbc C:/HOOPOE3/satellite-subsystems/demo/..//satellite-subsystems/lib\libSatelliteSubsystemsD.a(cspaceADCS.o)
                0x2001a2c8                cspaceADCS_componentReset
 .text.cspaceADCS_setRunMode
                0x2001a384       0xbc C:/HOOPOE3/satellite-subsystems/demo/..//satellite-subsystems/lib\libSatelliteSubsystemsD.a(cspaceADCS.o)
                0x2001a384                cspaceADCS_setRunMode
 .text.cspaceADCS_setPwrCtrlDevice
                0x2001a440       0xd0 C:/HOOPOE3/satellite-subsystems/demo/..//satellite-subsystems/lib\libSatelliteSubsystemsD.a(cspaceADCS.o)
                0x2001a440                cspaceADCS_setPwrCtrlDevice
 .text.cspaceADCS_setAttCtrlMode
                0x2001a510       0xd0 C:/HOOPOE3/satellite-subsystems/demo/..//satellite-subsystems/lib\libSatelliteSubsystemsD.a(cspaceADCS.o)
                0x2001a510                cspaceADCS_setAttCtrlMode
 .text.cspaceADCS_setAttEstMode
                0x2001a5e0       0xbc C:/HOOPOE3/satellite-subsystems/demo/..//satellite-subsystems/lib\libSatelliteSubsystemsD.a(cspaceADCS.o)
                0x2001a5e0                cspaceADCS_setAttEstMode
 .text.cspaceADCS_getCurrentState
                0x2001a69c       0xc4 C:/HOOPOE3/satellite-subsystems/demo/..//satellite-subsystems/lib\libSatelliteSubsystemsD.a(cspaceADCS.o)
                0x2001a69c                cspaceADCS_getCurrentState
 .text.cspaceADCS_getPwrCtrlDevice
                0x2001a760       0xc4 C:/HOOPOE3/satellite-subsystems/demo/..//satellite-subsystems/lib\libSatelliteSubsystemsD.a(cspaceADCS.o)
                0x2001a760                cspaceADCS_getPwrCtrlDevice
 .text.GECKO_GetReg
                0x2001a824      0x110 C:/HOOPOE3/satellite-subsystems/demo/..//satellite-subsystems/lib\libSatelliteSubsystemsD.a(gecko_driver.o)
                0x2001a824                GECKO_GetReg
 .text.GECKO_GetVoltageInput5V
                0x2001a934       0xf4 C:/HOOPOE3/satellite-subsystems/demo/..//satellite-subsystems/lib\libSatelliteSubsystemsD.a(gecko_driver.o)
                0x2001a934                GECKO_GetVoltageInput5V
 .text.GECKO_GetCurrentInput5V
                0x2001aa28      0x130 C:/HOOPOE3/satellite-subsystems/demo/..//satellite-subsystems/lib\libSatelliteSubsystemsD.a(gecko_driver.o)
                0x2001aa28                GECKO_GetCurrentInput5V
 .text.GECKO_GetVoltageFPGA1V
                0x2001ab58       0xd4 C:/HOOPOE3/satellite-subsystems/demo/..//satellite-subsystems/lib\libSatelliteSubsystemsD.a(gecko_driver.o)
                0x2001ab58                GECKO_GetVoltageFPGA1V
 .text.GECKO_GetCurrentFPGA1V
                0x2001ac2c      0x130 C:/HOOPOE3/satellite-subsystems/demo/..//satellite-subsystems/lib\libSatelliteSubsystemsD.a(gecko_driver.o)
                0x2001ac2c                GECKO_GetCurrentFPGA1V
 .text.GECKO_GetVoltageFPGA1V8
                0x2001ad5c       0xd4 C:/HOOPOE3/satellite-subsystems/demo/..//satellite-subsystems/lib\libSatelliteSubsystemsD.a(gecko_driver.o)
                0x2001ad5c                GECKO_GetVoltageFPGA1V8
 .text.GECKO_GetCurrentFPGA1V8
                0x2001ae30      0x130 C:/HOOPOE3/satellite-subsystems/demo/..//satellite-subsystems/lib\libSatelliteSubsystemsD.a(gecko_driver.o)
                0x2001ae30                GECKO_GetCurrentFPGA1V8
 .text.GECKO_GetVoltageFPGA2V5
                0x2001af60       0xe8 C:/HOOPOE3/satellite-subsystems/demo/..//satellite-subsystems/lib\libSatelliteSubsystemsD.a(gecko_driver.o)
                0x2001af60                GECKO_GetVoltageFPGA2V5
 .text.GECKO_GetCurrentFPGA2V5
                0x2001b048      0x130 C:/HOOPOE3/satellite-subsystems/demo/..//satellite-subsystems/lib\libSatelliteSubsystemsD.a(gecko_driver.o)
                0x2001b048                GECKO_GetCurrentFPGA2V5
 .text.GECKO_GetVoltageFPGA3V3
                0x2001b178       0xe8 C:/HOOPOE3/satellite-subsystems/demo/..//satellite-subsystems/lib\libSatelliteSubsystemsD.a(gecko_driver.o)
                0x2001b178                GECKO_GetVoltageFPGA3V3
 .text.GECKO_GetCurrentFPGA3V3
                0x2001b260      0x130 C:/HOOPOE3/satellite-subsystems/demo/..//satellite-subsystems/lib\libSatelliteSubsystemsD.a(gecko_driver.o)
                0x2001b260                GECKO_GetCurrentFPGA3V3
 .text.GECKO_GetVoltageFlash1V8
                0x2001b390       0xd4 C:/HOOPOE3/satellite-subsystems/demo/..//satellite-subsystems/lib\libSatelliteSubsystemsD.a(gecko_driver.o)
                0x2001b390                GECKO_GetVoltageFlash1V8
 .text.GECKO_GetCurrentFlash1V8
                0x2001b464      0x130 C:/HOOPOE3/satellite-subsystems/demo/..//satellite-subsystems/lib\libSatelliteSubsystemsD.a(gecko_driver.o)
                0x2001b464                GECKO_GetCurrentFlash1V8
 .text.GECKO_GetVoltageFlash3V3
                0x2001b594       0xe8 C:/HOOPOE3/satellite-subsystems/demo/..//satellite-subsystems/lib\libSatelliteSubsystemsD.a(gecko_driver.o)
                0x2001b594                GECKO_GetVoltageFlash3V3
 .text.GECKO_GetCurrentFlash3V3
                0x2001b67c      0x130 C:/HOOPOE3/satellite-subsystems/demo/..//satellite-subsystems/lib\libSatelliteSubsystemsD.a(gecko_driver.o)
                0x2001b67c                GECKO_GetCurrentFlash3V3
 .text.GECKO_GetVoltageSNSR1V8
                0x2001b7ac       0xe8 C:/HOOPOE3/satellite-subsystems/demo/..//satellite-subsystems/lib\libSatelliteSubsystemsD.a(gecko_driver.o)
                0x2001b7ac                GECKO_GetVoltageSNSR1V8
 .text.GECKO_GetCurrentSNSR1V8
                0x2001b894      0x130 C:/HOOPOE3/satellite-subsystems/demo/..//satellite-subsystems/lib\libSatelliteSubsystemsD.a(gecko_driver.o)
                0x2001b894                GECKO_GetCurrentSNSR1V8
 .text.GECKO_GetVoltageSNSRVDDPIX
                0x2001b9c4       0xe8 C:/HOOPOE3/satellite-subsystems/demo/..//satellite-subsystems/lib\libSatelliteSubsystemsD.a(gecko_driver.o)
                0x2001b9c4                GECKO_GetVoltageSNSRVDDPIX
 .text.GECKO_GetCurrentSNSRVDDPIX
                0x2001baac      0x130 C:/HOOPOE3/satellite-subsystems/demo/..//satellite-subsystems/lib\libSatelliteSubsystemsD.a(gecko_driver.o)
                0x2001baac                GECKO_GetCurrentSNSRVDDPIX
 .text.GECKO_GetVoltageSNSR3V3
                0x2001bbdc       0xe8 C:/HOOPOE3/satellite-subsystems/demo/..//satellite-subsystems/lib\libSatelliteSubsystemsD.a(gecko_driver.o)
                0x2001bbdc                GECKO_GetVoltageSNSR3V3
 .text.GECKO_GetCurrentSNSR3V3
                0x2001bcc4      0x130 C:/HOOPOE3/satellite-subsystems/demo/..//satellite-subsystems/lib\libSatelliteSubsystemsD.a(gecko_driver.o)
                0x2001bcc4                GECKO_GetCurrentSNSR3V3
 .text.GECKO_GetVoltageFlashVTT09
                0x2001bdf4       0xd4 C:/HOOPOE3/satellite-subsystems/demo/..//satellite-subsystems/lib\libSatelliteSubsystemsD.a(gecko_driver.o)
                0x2001bdf4                GECKO_GetVoltageFlashVTT09
 .text.GECKO_GetTempSMU3AB
                0x2001bec8      0x35c C:/HOOPOE3/satellite-subsystems/demo/..//satellite-subsystems/lib\libSatelliteSubsystemsD.a(gecko_driver.o)
                0x2001bec8                GECKO_GetTempSMU3AB
 .text.GECKO_GetTempSMU3BC
                0x2001c224      0x360 C:/HOOPOE3/satellite-subsystems/demo/..//satellite-subsystems/lib\libSatelliteSubsystemsD.a(gecko_driver.o)
                0x2001c224                GECKO_GetTempSMU3BC
 .text.GECKO_GetTempREGU6
                0x2001c584      0x35c C:/HOOPOE3/satellite-subsystems/demo/..//satellite-subsystems/lib\libSatelliteSubsystemsD.a(gecko_driver.o)
                0x2001c584                GECKO_GetTempREGU6
 .text.GECKO_GetTempREGU8
                0x2001c8e0      0x360 C:/HOOPOE3/satellite-subsystems/demo/..//satellite-subsystems/lib\libSatelliteSubsystemsD.a(gecko_driver.o)
                0x2001c8e0                GECKO_GetTempREGU8
 .text.GECKO_GetTempFlash
                0x2001cc40      0x360 C:/HOOPOE3/satellite-subsystems/demo/..//satellite-subsystems/lib\libSatelliteSubsystemsD.a(gecko_driver.o)
                0x2001cc40                GECKO_GetTempFlash
 .text._SpiWriteRead
                0x2001cfa0       0x70 C:/HOOPOE3/satellite-subsystems/demo/..//satellite-subsystems/lib\libSatelliteSubsystemsD.a(gecko_driver.o)
 .text.makeTRXCommonTransfer
                0x2001d010       0x34 C:/HOOPOE3/satellite-subsystems/demo/..//satellite-subsystems/lib\libSatelliteSubsystemsD.a(IsisTRXCommon.o)
 .text.IsisTrxCommon_componentReset
                0x2001d044       0x68 C:/HOOPOE3/satellite-subsystems/demo/..//satellite-subsystems/lib\libSatelliteSubsystemsD.a(IsisTRXCommon.o)
                0x2001d044                IsisTrxCommon_componentReset
 .text.IsisTrxCommon_TxSendAX25DefClSign
                0x2001d0ac       0xf4 C:/HOOPOE3/satellite-subsystems/demo/..//satellite-subsystems/lib\libSatelliteSubsystemsD.a(IsisTRXCommon.o)
                0x2001d0ac                IsisTrxCommon_TxSendAX25DefClSign
 .text.IsisTrxCommon_TxSetIdlestate
                0x2001d1a0       0x78 C:/HOOPOE3/satellite-subsystems/demo/..//satellite-subsystems/lib\libSatelliteSubsystemsD.a(IsisTRXCommon.o)
                0x2001d1a0                IsisTrxCommon_TxSetIdlestate
 .text.IsisTrxCommon_TxSetAx25Bitrate
                0x2001d218       0x78 C:/HOOPOE3/satellite-subsystems/demo/..//satellite-subsystems/lib\libSatelliteSubsystemsD.a(IsisTRXCommon.o)
                0x2001d218                IsisTrxCommon_TxSetAx25Bitrate
 .text.IsisTrxCommon_RxGetFrameCount
                0x2001d290       0x8c C:/HOOPOE3/satellite-subsystems/demo/..//satellite-subsystems/lib\libSatelliteSubsystemsD.a(IsisTRXCommon.o)
                0x2001d290                IsisTrxCommon_RxGetFrameCount
 .text.IsisTrxCommon_RxGetTelemetryAll_revC
                0x2001d31c       0x8c C:/HOOPOE3/satellite-subsystems/demo/..//satellite-subsystems/lib\libSatelliteSubsystemsD.a(IsisTRXCommon.o)
                0x2001d31c                IsisTrxCommon_RxGetTelemetryAll_revC
 .text.log      0x2001d3a8      0x17c c:/isis/application/toolchain/bin/../lib/gcc/arm-none-eabi/4.7.4/../../../../arm-none-eabi/lib\libm.a(lib_a-w_log.o)
                0x2001d3a8                log
 *fill*         0x2001d524        0x4 00
 .text.__ieee754_log
                0x2001d528      0x5c0 c:/isis/application/toolchain/bin/../lib/gcc/arm-none-eabi/4.7.4/../../../../arm-none-eabi/lib\libm.a(lib_a-e_log.o)
                0x2001d528                __ieee754_log
 .text.matherr  0x2001dae8        0x8 c:/isis/application/toolchain/bin/../lib/gcc/arm-none-eabi/4.7.4/../../../../arm-none-eabi/lib\libm.a(lib_a-s_matherr.o)
                0x2001dae8                matherr
 .text.nan      0x2001daf0       0x10 c:/isis/application/toolchain/bin/../lib/gcc/arm-none-eabi/4.7.4/../../../../arm-none-eabi/lib\libm.a(lib_a-s_nan.o)
                0x2001daf0                nan
 .text.fn_init  0x2001db00      0x2e0 C:/HOOPOE3/satellite-subsystems/demo/../..//hal/hcc/lib\libHCCD.a(fat_common.o)
                0x2001db00                fn_init
 .text._f_get16bitl
                0x2001dde0       0x4c C:/HOOPOE3/satellite-subsystems/demo/../..//hal/hcc/lib\libHCCD.a(fat_common.o)
                0x2001dde0                _f_get16bitl
 .text._f_set16bitl
                0x2001de2c       0x54 C:/HOOPOE3/satellite-subsystems/demo/../..//hal/hcc/lib\libHCCD.a(fat_common.o)
                0x2001de2c                _f_set16bitl
 .text._f_get32bitl
                0x2001de80       0x68 C:/HOOPOE3/satellite-subsystems/demo/../..//hal/hcc/lib\libHCCD.a(fat_common.o)
                0x2001de80                _f_get32bitl
 .text._f_set32bitl
                0x2001dee8       0x78 C:/HOOPOE3/satellite-subsystems/demo/../..//hal/hcc/lib\libHCCD.a(fat_common.o)
                0x2001dee8                _f_set32bitl
 .text._get8bit
                0x2001df60       0xa0 C:/HOOPOE3/satellite-subsystems/demo/../..//hal/hcc/lib\libHCCD.a(fat_common.o)
 .text._get16bitl
                0x2001e000       0x40 C:/HOOPOE3/satellite-subsystems/demo/../..//hal/hcc/lib\libHCCD.a(fat_common.o)
 .text._get32bitl
                0x2001e040       0x3c C:/HOOPOE3/satellite-subsystems/demo/../..//hal/hcc/lib\libHCCD.a(fat_common.o)
 .text._f_setcardremoved
                0x2001e07c       0x94 C:/HOOPOE3/satellite-subsystems/demo/../..//hal/hcc/lib\libHCCD.a(fat_common.o)
 .text._f_checkstatus
                0x2001e110      0x104 C:/HOOPOE3/satellite-subsystems/demo/../..//hal/hcc/lib\libHCCD.a(fat_common.o)
                0x2001e110                _f_checkstatus
 .text._f_drvgetphy
                0x2001e214      0x114 C:/HOOPOE3/satellite-subsystems/demo/../..//hal/hcc/lib\libHCCD.a(fat_common.o)
 .text._f_drvwritesector
                0x2001e328       0xdc C:/HOOPOE3/satellite-subsystems/demo/../..//hal/hcc/lib\libHCCD.a(fat_common.o)
 .text._f_drvreadsector
                0x2001e404       0xa8 C:/HOOPOE3/satellite-subsystems/demo/../..//hal/hcc/lib\libHCCD.a(fat_common.o)
 .text._f_writesector
                0x2001e4ac      0x23c C:/HOOPOE3/satellite-subsystems/demo/../..//hal/hcc/lib\libHCCD.a(fat_common.o)
                0x2001e4ac                _f_writesector
 .text._f_readsector
                0x2001e6e8      0x1dc C:/HOOPOE3/satellite-subsystems/demo/../..//hal/hcc/lib\libHCCD.a(fat_common.o)
                0x2001e6e8                _f_readsector
 .text._f_getmaxcluster
                0x2001e8c4       0x94 C:/HOOPOE3/satellite-subsystems/demo/../..//hal/hcc/lib\libHCCD.a(fat_common.o)
                0x2001e8c4                _f_getmaxcluster
 .text._getsectorfromcluster
                0x2001e958       0x68 C:/HOOPOE3/satellite-subsystems/demo/../..//hal/hcc/lib\libHCCD.a(fat_common.o)
 .text._f_buildsectors
                0x2001e9c0      0x268 C:/HOOPOE3/satellite-subsystems/demo/../..//hal/hcc/lib\libHCCD.a(fat_common.o)
 .text._f_getbootrecord
                0x2001ec28      0x5e4 C:/HOOPOE3/satellite-subsystems/demo/../..//hal/hcc/lib\libHCCD.a(fat_common.o)
 .text._f_readbootrecord
                0x2001f20c      0x4f8 C:/HOOPOE3/satellite-subsystems/demo/../..//hal/hcc/lib\libHCCD.a(fat_common.o)
 .text._f_flushcffiles
                0x2001f704      0x17c C:/HOOPOE3/satellite-subsystems/demo/../..//hal/hcc/lib\libHCCD.a(fat_common.o)
                0x2001f704                _f_flushcffiles
 .text._f_fatcache_flush
                0x2001f880      0x270 C:/HOOPOE3/satellite-subsystems/demo/../..//hal/hcc/lib\libHCCD.a(fat_common.o)
                0x2001f880                _f_fatcache_flush
 .text._f_writefatsector
                0x2001faf0      0x100 C:/HOOPOE3/satellite-subsystems/demo/../..//hal/hcc/lib\libHCCD.a(fat_common.o)
                0x2001faf0                _f_writefatsector
 .text._f_getfatsector
                0x2001fbf0      0x3bc C:/HOOPOE3/satellite-subsystems/demo/../..//hal/hcc/lib\libHCCD.a(fat_common.o)
 .text._f_setclustervalue
                0x2001ffac      0x490 C:/HOOPOE3/satellite-subsystems/demo/../..//hal/hcc/lib\libHCCD.a(fat_common.o)
                0x2001ffac                _f_setclustervalue
 .text._f_getclustervalue
                0x2002043c      0x388 C:/HOOPOE3/satellite-subsystems/demo/../..//hal/hcc/lib\libHCCD.a(fat_common.o)
                0x2002043c                _f_getclustervalue
 .text._f_close_drive_files
                0x200207c4       0xac C:/HOOPOE3/satellite-subsystems/demo/../..//hal/hcc/lib\libHCCD.a(fat_common.o)
 .text._f_inc_mount_count
                0x20020870       0xa4 C:/HOOPOE3/satellite-subsystems/demo/../..//hal/hcc/lib\libHCCD.a(fat_common.o)
 .text._f_getvolume
                0x20020914      0x2f8 C:/HOOPOE3/satellite-subsystems/demo/../..//hal/hcc/lib\libHCCD.a(fat_common.o)
                0x20020914                _f_getvolume
 .text.fn_createdriver
                0x20020c0c      0x118 C:/HOOPOE3/satellite-subsystems/demo/../..//hal/hcc/lib\libHCCD.a(fat_common.o)
                0x20020c0c                fn_createdriver
 .text.fn_initvolume
                0x20020d24      0x12c C:/HOOPOE3/satellite-subsystems/demo/../..//hal/hcc/lib\libHCCD.a(fat_common.o)
                0x20020d24                fn_initvolume
 .text.fn_initvolumepartition_sub
                0x20020e50       0xe0 C:/HOOPOE3/satellite-subsystems/demo/../..//hal/hcc/lib\libHCCD.a(fat_common.o)
 .text.fn_initvolumepartition
                0x20020f30       0xac C:/HOOPOE3/satellite-subsystems/demo/../..//hal/hcc/lib\libHCCD.a(fat_common.o)
                0x20020f30                fn_initvolumepartition
 .text._f_clustertopos
                0x20020fdc       0xf8 C:/HOOPOE3/satellite-subsystems/demo/../..//hal/hcc/lib\libHCCD.a(fat_common.o)
                0x20020fdc                _f_clustertopos
 .text._f_getcurrsector
                0x200210d4      0x6c8 C:/HOOPOE3/satellite-subsystems/demo/../..//hal/hcc/lib\libHCCD.a(fat_common.o)
                0x200210d4                _f_getcurrsector
 .text._f_getdecluster
                0x2002179c       0x90 C:/HOOPOE3/satellite-subsystems/demo/../..//hal/hcc/lib\libHCCD.a(fat_common.o)
                0x2002179c                _f_getdecluster
 .text._f_setdecluster
                0x2002182c       0x8c C:/HOOPOE3/satellite-subsystems/demo/../..//hal/hcc/lib\libHCCD.a(fat_common.o)
                0x2002182c                _f_setdecluster
 .text.fn_getdrive
                0x200218b8       0x30 C:/HOOPOE3/satellite-subsystems/demo/../..//hal/hcc/lib\libHCCD.a(fat_common.o)
                0x200218b8                fn_getdrive
 .text._f_getcurrenttimedate
                0x200218e8      0x138 C:/HOOPOE3/satellite-subsystems/demo/../..//hal/hcc/lib\libHCCD.a(fat_common.o)
                0x200218e8                _f_getcurrenttimedate
 .text._f_initentry
                0x20021a20       0xa0 C:/HOOPOE3/satellite-subsystems/demo/../..//hal/hcc/lib\libHCCD.a(fat_common.o)
                0x20021a20                _f_initentry
 .text._f_alloccluster
                0x20021ac0      0x344 C:/HOOPOE3/satellite-subsystems/demo/../..//hal/hcc/lib\libHCCD.a(fat_common.o)
                0x20021ac0                _f_alloccluster
 .text._f_dobadblock
                0x20021e04      0x2cc C:/HOOPOE3/satellite-subsystems/demo/../..//hal/hcc/lib\libHCCD.a(fat_common.o)
                0x20021e04                _f_dobadblock
 .text._f_checklocked
                0x200220d0       0xe4 C:/HOOPOE3/satellite-subsystems/demo/../..//hal/hcc/lib\libHCCD.a(fat_common.o)
                0x200220d0                _f_checklocked
 .text._f_checkappendlocked
                0x200221b4      0x110 C:/HOOPOE3/satellite-subsystems/demo/../..//hal/hcc/lib\libHCCD.a(fat_common.o)
                0x200221b4                _f_checkappendlocked
 .text._f_setsyncafile
                0x200222c4      0x114 C:/HOOPOE3/satellite-subsystems/demo/../..//hal/hcc/lib\libHCCD.a(fat_common.o)
                0x200222c4                _f_setsyncafile
 .text._f_syncfiles
                0x200223d8      0x128 C:/HOOPOE3/satellite-subsystems/demo/../..//hal/hcc/lib\libHCCD.a(fat_common.o)
                0x200223d8                _f_syncfiles
 .text._f_syncfilescontent
                0x20022500      0x15c C:/HOOPOE3/satellite-subsystems/demo/../..//hal/hcc/lib\libHCCD.a(fat_common.o)
 .text.fn_getfreespace
                0x2002265c      0x4c0 C:/HOOPOE3/satellite-subsystems/demo/../..//hal/hcc/lib\libHCCD.a(fat_common.o)
                0x2002265c                fn_getfreespace
 .text._f_emptywritecache
                0x20022b1c      0x4a4 C:/HOOPOE3/satellite-subsystems/demo/../..//hal/hcc/lib\libHCCD.a(fat_common.o)
 .text._f_allocnextcluster
                0x20022fc0      0x54c C:/HOOPOE3/satellite-subsystems/demo/../..//hal/hcc/lib\libHCCD.a(fat_common.o)
 .text._f_emptywritebuffer
                0x2002350c      0x20c C:/HOOPOE3/satellite-subsystems/demo/../..//hal/hcc/lib\libHCCD.a(fat_common.o)
 .text._f_writezeros
                0x20023718       0xf0 C:/HOOPOE3/satellite-subsystems/demo/../..//hal/hcc/lib\libHCCD.a(fat_common.o)
                0x20023718                _f_writezeros
 .text._f_extend_file
                0x20023808      0x570 C:/HOOPOE3/satellite-subsystems/demo/../..//hal/hcc/lib\libHCCD.a(fat_common.o)
 .text._f_fseek
                0x20023d78      0x9bc C:/HOOPOE3/satellite-subsystems/demo/../..//hal/hcc/lib\libHCCD.a(fat_common.o)
                0x20023d78                _f_fseek
 .text._f_removechain
                0x20024734      0x104 C:/HOOPOE3/satellite-subsystems/demo/../..//hal/hcc/lib\libHCCD.a(fat_common.o)
                0x20024734                _f_removechain
 .text._f_updatefileentry
                0x20024838      0x1cc C:/HOOPOE3/satellite-subsystems/demo/../..//hal/hcc/lib\libHCCD.a(fat_common.o)
 .text._f_checkreadlocked
                0x20024a04      0x1bc C:/HOOPOE3/satellite-subsystems/demo/../..//hal/hcc/lib\libHCCD.a(fat_common.o)
                0x20024a04                _f_checkreadlocked
 .text._f_check_handle
                0x20024bc0       0x98 C:/HOOPOE3/satellite-subsystems/demo/../..//hal/hcc/lib\libHCCD.a(fat_common.o)
                0x20024bc0                _f_check_handle
 .text._f_removesyncafile
                0x20024c58      0x1ec C:/HOOPOE3/satellite-subsystems/demo/../..//hal/hcc/lib\libHCCD.a(fat_common.o)
 .text.fn_close
                0x20024e44      0x3f8 C:/HOOPOE3/satellite-subsystems/demo/../..//hal/hcc/lib\libHCCD.a(fat_common.o)
                0x20024e44                fn_close
 .text.fn_flush
                0x2002523c      0x374 C:/HOOPOE3/satellite-subsystems/demo/../..//hal/hcc/lib\libHCCD.a(fat_common.o)
                0x2002523c                fn_flush
 .text.fn_read  0x200255b0      0x690 C:/HOOPOE3/satellite-subsystems/demo/../..//hal/hcc/lib\libHCCD.a(fat_common.o)
                0x200255b0                fn_read
 .text._f_abortwrite
                0x20025c40      0x100 C:/HOOPOE3/satellite-subsystems/demo/../..//hal/hcc/lib\libHCCD.a(fat_common.o)
 .text._f_checkwritecluster
                0x20025d40       0xe4 C:/HOOPOE3/satellite-subsystems/demo/../..//hal/hcc/lib\libHCCD.a(fat_common.o)
 .text.fn_write
                0x20025e24      0x8a8 C:/HOOPOE3/satellite-subsystems/demo/../..//hal/hcc/lib\libHCCD.a(fat_common.o)
                0x20025e24                fn_write
 .text.fn_seek  0x200266cc      0x270 C:/HOOPOE3/satellite-subsystems/demo/../..//hal/hcc/lib\libHCCD.a(fat_common.o)
                0x200266cc                fn_seek
 .text.f_enterFS
                0x2002693c      0x1c0 C:/HOOPOE3/satellite-subsystems/demo/../..//hal/hcc/lib\libHCCD.a(fat_common.o)
                0x2002693c                f_enterFS
 .text.f_releaseFS
                0x20026afc       0xb0 C:/HOOPOE3/satellite-subsystems/demo/../..//hal/hcc/lib\libHCCD.a(fat_common.o)
                0x20026afc                f_releaseFS
 .text.fnGetTask
                0x20026bac       0xfc C:/HOOPOE3/satellite-subsystems/demo/../..//hal/hcc/lib\libHCCD.a(fat_common.o)
                0x20026bac                fnGetTask
 .text._f_mutex_get
                0x20026ca8       0x98 C:/HOOPOE3/satellite-subsystems/demo/../..//hal/hcc/lib\libHCCD.a(fat_common.o)
                0x20026ca8                _f_mutex_get
 .text._f_mutex_put
                0x20026d40       0x54 C:/HOOPOE3/satellite-subsystems/demo/../..//hal/hcc/lib\libHCCD.a(fat_common.o)
                0x20026d40                _f_mutex_put
 .text._fn_initseekdivisor
                0x20026d94      0x158 C:/HOOPOE3/satellite-subsystems/demo/../..//hal/hcc/lib\libHCCD.a(fat_common.o)
                0x20026d94                _fn_initseekdivisor
 .text._fn_updateseekpos
                0x20026eec       0xc4 C:/HOOPOE3/satellite-subsystems/demo/../..//hal/hcc/lib\libHCCD.a(fat_common.o)
 .text._f_findopensize
                0x20026fb0       0x2c C:/HOOPOE3/satellite-subsystems/demo/../..//hal/hcc/lib\libHCCD.a(fat_common.o)
                0x20026fb0                _f_findopensize
 .text.fn_setlasterror
                0x20026fdc       0x34 C:/HOOPOE3/satellite-subsystems/demo/../..//hal/hcc/lib\libHCCD.a(fat_common.o)
                0x20026fdc                fn_setlasterror
 .text.fn_setlasterror_noret
                0x20027010       0x2c C:/HOOPOE3/satellite-subsystems/demo/../..//hal/hcc/lib\libHCCD.a(fat_common.o)
                0x20027010                fn_setlasterror_noret
 .text.fm_initvolume
                0x2002703c       0x70 C:/HOOPOE3/satellite-subsystems/demo/../..//hal/hcc/lib\libHCCD.a(fat_m.o)
                0x2002703c                fm_initvolume
 .text.fm_getdrive
                0x200270ac       0x70 C:/HOOPOE3/satellite-subsystems/demo/../..//hal/hcc/lib\libHCCD.a(fat_m.o)
                0x200270ac                fm_getdrive
 .text.fm_getfreespace
                0x2002711c       0x68 C:/HOOPOE3/satellite-subsystems/demo/../..//hal/hcc/lib\libHCCD.a(fat_m.o)
                0x2002711c                fm_getfreespace
 .text.fm_findfirst
                0x20027184       0x68 C:/HOOPOE3/satellite-subsystems/demo/../..//hal/hcc/lib\libHCCD.a(fat_m.o)
                0x20027184                fm_findfirst
 .text.fm_findnext
                0x200271ec       0x60 C:/HOOPOE3/satellite-subsystems/demo/../..//hal/hcc/lib\libHCCD.a(fat_m.o)
                0x200271ec                fm_findnext
 .text.fm_rename
                0x2002724c       0x68 C:/HOOPOE3/satellite-subsystems/demo/../..//hal/hcc/lib\libHCCD.a(fat_m.o)
                0x2002724c                fm_rename
 .text.fm_filelength
                0x200272b4       0x60 C:/HOOPOE3/satellite-subsystems/demo/../..//hal/hcc/lib\libHCCD.a(fat_m.o)
                0x200272b4                fm_filelength
 .text.fm_close
                0x20027314       0x60 C:/HOOPOE3/satellite-subsystems/demo/../..//hal/hcc/lib\libHCCD.a(fat_m.o)
                0x20027314                fm_close
 .text.fm_flush
                0x20027374       0x60 C:/HOOPOE3/satellite-subsystems/demo/../..//hal/hcc/lib\libHCCD.a(fat_m.o)
                0x20027374                fm_flush
 .text.fm_open  0x200273d4       0x68 C:/HOOPOE3/satellite-subsystems/demo/../..//hal/hcc/lib\libHCCD.a(fat_m.o)
                0x200273d4                fm_open
 .text.fm_read  0x2002743c       0x7c C:/HOOPOE3/satellite-subsystems/demo/../..//hal/hcc/lib\libHCCD.a(fat_m.o)
                0x2002743c                fm_read
 .text.fm_write
                0x200274b8       0x7c C:/HOOPOE3/satellite-subsystems/demo/../..//hal/hcc/lib\libHCCD.a(fat_m.o)
                0x200274b8                fm_write
 .text.fm_seek  0x20027534       0x70 C:/HOOPOE3/satellite-subsystems/demo/../..//hal/hcc/lib\libHCCD.a(fat_m.o)
                0x20027534                fm_seek
 .text.fm_delete
                0x200275a4       0x64 C:/HOOPOE3/satellite-subsystems/demo/../..//hal/hcc/lib\libHCCD.a(fat_m.o)