Archive member included because of file (symbol)

c:/isis/application/toolchain/bin/../lib/gcc/arm-none-eabi/4.7.4/../../../../arm-none-eabi/lib\libc_s.a(lib_a-vfprintf_float.o)
                              (_printf_float)
c:/isis/application/toolchain/bin/../lib/gcc/arm-none-eabi/4.7.4/../../../../arm-none-eabi/lib\libc_s.a(lib_a-vfprintf_i.o)
                              c:/isis/application/toolchain/bin/../lib/gcc/arm-none-eabi/4.7.4/../../../../arm-none-eabi/lib\libc_s.a(lib_a-vfprintf_float.o) (_printf_common)
c:/isis/application/toolchain/bin/../lib/gcc/arm-none-eabi/4.7.4/../../../../arm-none-eabi/lib\libc_s.a(lib_a-vfscanf_float.o)
                              (_scanf_float)
c:/isis/application/toolchain/bin/../lib/gcc/arm-none-eabi/4.7.4/../../../../arm-none-eabi/lib\libc_s.a(lib_a-dtoa.o)
                              c:/isis/application/toolchain/bin/../lib/gcc/arm-none-eabi/4.7.4/../../../../arm-none-eabi/lib\libc_s.a(lib_a-vfprintf_float.o) (_dtoa_r)
c:/isis/application/toolchain/bin/../lib/gcc/arm-none-eabi/4.7.4/../../../../arm-none-eabi/lib\libc_s.a(lib_a-locale.o)
                              c:/isis/application/toolchain/bin/../lib/gcc/arm-none-eabi/4.7.4/../../../../arm-none-eabi/lib\libc_s.a(lib_a-vfprintf_float.o) (_localeconv_r)
c:/isis/application/toolchain/bin/../lib/gcc/arm-none-eabi/4.7.4/../../../../arm-none-eabi/lib\libc_s.a(lib_a-malloc.o)
                              c:/isis/application/toolchain/bin/../lib/gcc/arm-none-eabi/4.7.4/../../../../arm-none-eabi/lib\libc_s.a(lib_a-dtoa.o) (malloc)
c:/isis/application/toolchain/bin/../lib/gcc/arm-none-eabi/4.7.4/../../../../arm-none-eabi/lib\libc_s.a(lib_a-mallocr.o)
                              c:/isis/application/toolchain/bin/../lib/gcc/arm-none-eabi/4.7.4/../../../../arm-none-eabi/lib\libc_s.a(lib_a-malloc.o) (_malloc_r)
c:/isis/application/toolchain/bin/../lib/gcc/arm-none-eabi/4.7.4/../../../../arm-none-eabi/lib\libc_s.a(lib_a-memcpy.o)
                              c:/isis/application/toolchain/bin/../lib/gcc/arm-none-eabi/4.7.4/../../../../arm-none-eabi/lib\libc_s.a(lib_a-dtoa.o) (memcpy)
c:/isis/application/toolchain/bin/../lib/gcc/arm-none-eabi/4.7.4/../../../../arm-none-eabi/lib\libc_s.a(lib_a-mprec.o)
                              c:/isis/application/toolchain/bin/../lib/gcc/arm-none-eabi/4.7.4/../../../../arm-none-eabi/lib\libc_s.a(lib_a-dtoa.o) (_Balloc)
c:/isis/application/toolchain/bin/../lib/gcc/arm-none-eabi/4.7.4/../../../../arm-none-eabi/lib\libc_s.a(lib_a-s_fpclassify.o)
                              c:/isis/application/toolchain/bin/../lib/gcc/arm-none-eabi/4.7.4/../../../../arm-none-eabi/lib\libc_s.a(lib_a-vfprintf_float.o) (__fpclassifyd)
c:/isis/application/toolchain/bin/../lib/gcc/arm-none-eabi/4.7.4/../../../../arm-none-eabi/lib\libc_s.a(lib_a-sbrkr.o)
                              c:/isis/application/toolchain/bin/../lib/gcc/arm-none-eabi/4.7.4/../../../../arm-none-eabi/lib\libc_s.a(lib_a-mallocr.o) (_sbrk_r)
c:/isis/application/toolchain/bin/../lib/gcc/arm-none-eabi/4.7.4/../../../../arm-none-eabi/lib\libc_s.a(lib_a-sf_nan.o)
                              c:/isis/application/toolchain/bin/../lib/gcc/arm-none-eabi/4.7.4/../../../../arm-none-eabi/lib\libc_s.a(lib_a-vfscanf_float.o) (nanf)
c:/isis/application/toolchain/bin/../lib/gcc/arm-none-eabi/4.7.4/../../../../arm-none-eabi/lib\libc_s.a(lib_a-sprintf.o)
                              c:/isis/application/toolchain/bin/../lib/gcc/arm-none-eabi/4.7.4/../../../../arm-none-eabi/lib\libc_s.a(lib_a-vfscanf_float.o) (sprintf)
c:/isis/application/toolchain/bin/../lib/gcc/arm-none-eabi/4.7.4/../../../../arm-none-eabi/lib\libc_s.a(lib_a-strcmp.o)
                              c:/isis/application/toolchain/bin/../lib/gcc/arm-none-eabi/4.7.4/../../../../arm-none-eabi/lib\libc_s.a(lib_a-locale.o) (strcmp)
c:/isis/application/toolchain/bin/../lib/gcc/arm-none-eabi/4.7.4/../../../../arm-none-eabi/lib\libc_s.a(lib_a-strlen.o)
                              c:/isis/application/toolchain/bin/../lib/gcc/arm-none-eabi/4.7.4/../../../../arm-none-eabi/lib\libc_s.a(lib_a-vfprintf_float.o) (strlen)
c:/isis/application/toolchain/bin/../lib/gcc/arm-none-eabi/4.7.4/../../../../arm-none-eabi/lib\libc_s.a(lib_a-strtod.o)
                              c:/isis/application/toolchain/bin/../lib/gcc/arm-none-eabi/4.7.4/../../../../arm-none-eabi/lib\libc_s.a(lib_a-vfscanf_float.o) (_strtod_r)
c:/isis/application/toolchain/bin/../lib/gcc/arm-none-eabi/4.7.4/../../../../arm-none-eabi/lib\libc_s.a(lib_a-strtol.o)
                              c:/isis/application/toolchain/bin/../lib/gcc/arm-none-eabi/4.7.4/../../../../arm-none-eabi/lib\libc_s.a(lib_a-vfscanf_float.o) (_strtol_r)
c:/isis/application/toolchain/bin/../lib/gcc/arm-none-eabi/4.7.4/../../../../arm-none-eabi/lib\libc_s.a(lib_a-svfprintf.o)
                              c:/isis/application/toolchain/bin/../lib/gcc/arm-none-eabi/4.7.4/../../../../arm-none-eabi/lib\libc_s.a(lib_a-sprintf.o) (_svfprintf_r)
[...]
Memory Configuration

Name             Origin             Length             Attributes
sram0            0x00200000         0x00004000         w !xr
sram1            0x00300000         0x00004000         w !xr
sdram            0x20000000         0x02000000         w !xr
*default*        0x00000000         0xffffffff

Linker script and memory map

LOAD c:/isis/application/toolchain/bin/../lib/gcc/arm-none-eabi/4.7.4/../../../../arm-none-eabi/lib\libc_s.a
LOAD ./src/sub-systemCode/payload/jpeg/bmp/rawToBMP.o
LOAD ./src/sub-systemCode/payload/jpeg/DCT.o
LOAD ./src/sub-systemCode/payload/jpeg/ImgCompressor.o
LOAD ./src/sub-systemCode/payload/jpeg/color_conv.o
LOAD ./src/sub-systemCode/payload/jpeg/jpeg.o
LOAD ./src/sub-systemCode/payload/jpeg/jpeg_encoder.o
LOAD ./src/sub-systemCode/payload/jpeg/jpeg_memory_alloc.o
LOAD ./src/sub-systemCode/payload/jpeg/jpeg_params.o
LOAD ./src/sub-systemCode/payload/jpeg/output_stream.o
LOAD ./src/sub-systemCode/payload/Boolean_bit.o
LOAD ./src/sub-systemCode/payload/Butchering.o
LOAD ./src/sub-systemCode/payload/Camera.o
LOAD ./src/sub-systemCode/payload/CameraManager.o
LOAD ./src/sub-systemCode/payload/DB_RequestHandling.o
LOAD ./src/sub-systemCode/payload/DataBase.o
LOAD ./src/sub-systemCode/payload/FRAM_Extended.o
LOAD ./src/sub-systemCode/Main/CMD/COMM_CMD.o
LOAD ./src/sub-systemCode/Main/CMD/EPS_CMD.o
LOAD ./src/sub-systemCode/Main/CMD/General_CMD.o
LOAD ./src/sub-systemCode/Main/CMD/SW_CMD.o
LOAD ./src/sub-systemCode/Main/CMD/payload_CMD.o
LOAD ./src/sub-systemCode/Main/CMD/test_CMD.o
LOAD ./src/sub-systemCode/Main/Ants.o
LOAD ./src/sub-systemCode/Main/EPS.o
LOAD ./src/sub-systemCode/Main/HouseKeeping.o
LOAD ./src/sub-systemCode/Main/Main_Init.o
LOAD ./src/sub-systemCode/Main/commands.o
LOAD ./src/sub-systemCode/Global/Global.o
LOAD ./src/sub-systemCode/Global/GlobalParam.o
LOAD ./src/sub-systemCode/Global/TM_managment.o
LOAD ./src/sub-systemCode/COMM/APRS.o
LOAD ./src/sub-systemCode/COMM/DelayedCommand_list.o
LOAD ./src/sub-systemCode/COMM/GSC.o
LOAD ./src/sub-systemCode/COMM/TRXVU.o
LOAD ./src/sub-systemCode/COMM/imageDump.o
LOAD ./src/sub-systemCode/ADCS/ADCS.o
LOAD ./src/sub-systemCode/ADCS/Stage_Table.o
LOAD ./src/main.o
LOAD C:/ISIS/workspace/HOOPOE3/satellite-subsystems/demo/..//satellite-subsystems/lib\libSatelliteSubsystemsD.a
LOAD c:/isis/application/toolchain/bin/../lib/gcc/arm-none-eabi/4.7.4/../../../../arm-none-eabi/lib\libm.a
LOAD C:/ISIS/workspace/HOOPOE3/satellite-subsystems/demo/../..//hal/hcc/lib\libHCCD.a
LOAD C:/ISIS/workspace/HOOPOE3/satellite-subsystems/demo/../..//hal/hal/lib\libHALD.a
LOAD C:/ISIS/workspace/HOOPOE3/satellite-subsystems/demo/../..//hal/freertos/lib\libFreeRTOSD.a
LOAD C:/ISIS/workspace/HOOPOE3/satellite-subsystems/demo/../..//hal/at91/lib\libAt91D.a
START GROUP
LOAD c:/isis/application/toolchain/bin/../lib/gcc/arm-none-eabi/4.7.4\libgcc.a
LOAD c:/isis/application/toolchain/bin/../lib/gcc/arm-none-eabi/4.7.4/../../../../arm-none-eabi/lib\libc_s.a
END GROUP

.fixed          0x20000000    0x4b7f4
                0x20000000                . = ALIGN (0x4)
                0x20000000                _sfixed = .
 *(.startup)
 .startup       0x20000000      0x134 C:/ISIS/workspace/HOOPOE3/satellite-subsystems/demo/../..//hal/at91/lib\libAt91D.a(board_cstartup.o)
                0x20000000                entry
 *(.text)
 .text          0x20000134       0x64 C:/ISIS/workspace/HOOPOE3/satellite-subsystems/demo/../..//hal/at91/lib\libAt91D.a(cp15_asm.o)
                0x20000134                _readControlRegister
                0x20000140                _writeControlRegister
                0x20000148                _waitForInterrupt
                0x20000154                _writeTTB
                0x2000015c                _writeDomain
                0x20000164                _writeITLBLockdown
                0x2000016c                _prefetchICacheLine
                0x20000174                _flushDCache
                0x20000180                _flushWriteBuffer
                0x2000018c                _invalidateIDTLBs
 .text          0x20000198      0x114 c:/isis/application/toolchain/bin/../lib/gcc/arm-none-eabi/4.7.4\libgcc.a(_udivsi3.o)
                0x20000198                __aeabi_uidiv
                0x20000198                __udivsi3
                0x2000028c                __aeabi_uidivmod
 .text          0x200002ac      0x148 c:/isis/application/toolchain/bin/../lib/gcc/arm-none-eabi/4.7.4\libgcc.a(_divsi3.o)
                0x200002ac                __divsi3
                0x200002ac                __aeabi_idiv
                0x200003d4                __aeabi_idivmod
 .text          0x200003f4        0x4 c:/isis/application/toolchain/bin/../lib/gcc/arm-none-eabi/4.7.4\libgcc.a(_dvmd_tls.o)
                0x200003f4                __aeabi_idiv0
                0x200003f4                __aeabi_ldiv0
 .text          0x200003f8      0x41c c:/isis/application/toolchain/bin/../lib/gcc/arm-none-eabi/4.7.4\libgcc.a(_arm_addsubdf3.o)
                0x200003f8                __aeabi_drsub
                0x20000400                __aeabi_dsub
                0x20000400                __subdf3
                0x20000404                __aeabi_dadd
                0x20000404                __adddf3
                0x20000714                __floatunsidf
                0x20000714                __aeabi_ui2d
                0x20000738                __floatsidf
                0x20000738                __aeabi_i2d
                0x20000760                __aeabi_f2d
                0x20000760                __extendsfdf2
                0x200007a0                __floatundidf
                0x200007a0                __aeabi_ul2d
                0x200007b4                __floatdidf
                0x200007b4                __aeabi_l2d
 .text          0x20000814      0x49c c:/isis/application/toolchain/bin/../lib/gcc/arm-none-eabi/4.7.4\libgcc.a(_arm_muldivdf3.o)
                0x20000814                __aeabi_dmul
                0x20000814                __muldf3
                0x20000aa4                __divdf3
                0x20000aa4                __aeabi_ddiv
 .text          0x20000cb0      0x144 c:/isis/application/toolchain/bin/../lib/gcc/arm-none-eabi/4.7.4\libgcc.a(_arm_cmpdf2.o)
                0x20000cb0                __gtdf2
                0x20000cb0                __gedf2
                0x20000cb8                __ltdf2
                0x20000cb8                __ledf2
                0x20000cc0                __nedf2
                0x20000cc0                __eqdf2
                0x20000cc0                __cmpdf2
                0x20000d48                __aeabi_cdrcmple
                0x20000d64                __aeabi_cdcmpeq
                0x20000d64                __aeabi_cdcmple
                0x20000d7c                __aeabi_dcmpeq
                0x20000d94                __aeabi_dcmplt
                0x20000dac                __aeabi_dcmple
                0x20000dc4                __aeabi_dcmpge
                0x20000ddc                __aeabi_dcmpgt
 .text          0x20000df4       0x5c c:/isis/application/toolchain/bin/../lib/gcc/arm-none-eabi/4.7.4\libgcc.a(_arm_fixdfsi.o)
                0x20000df4                __aeabi_d2iz
                0x20000df4                __fixdfsi
 .text          0x20000e50       0x54 c:/isis/application/toolchain/bin/../lib/gcc/arm-none-eabi/4.7.4\libgcc.a(_arm_fixunsdfsi.o)
                0x20000e50                __aeabi_d2uiz
                0x20000e50                __fixunsdfsi
 .text          0x20000ea4       0xa0 c:/isis/application/toolchain/bin/../lib/gcc/arm-none-eabi/4.7.4\libgcc.a(_arm_truncdfsf2.o)
                0x20000ea4                __truncdfsf2
                0x20000ea4                __aeabi_d2f
 .text          0x20000f44      0x2ac c:/isis/application/toolchain/bin/../lib/gcc/arm-none-eabi/4.7.4\libgcc.a(_arm_addsubsf3.o)
                0x20000f44                __aeabi_frsub
                0x20000f4c                __subsf3
                0x20000f4c                __aeabi_fsub
                0x20000f50                __aeabi_fadd
                0x20000f50                __addsf3
                0x2000110c                __aeabi_ui2f
                0x2000110c                __floatunsisf
                0x20001114                __aeabi_i2f
                0x20001114                __floatsisf
                0x20001134                __aeabi_ul2f
                0x20001134                __floatundisf
                0x20001144                __aeabi_l2f
                0x20001144                __floatdisf
 .text          0x200011f0      0x2f8 c:/isis/application/toolchain/bin/../lib/gcc/arm-none-eabi/4.7.4\libgcc.a(_arm_muldivsf3.o)
                0x200011f0                __mulsf3
                0x200011f0                __aeabi_fmul
                0x20001388                __aeabi_fdiv
                0x20001388                __divsf3
 .text          0x200014e8       0x54 c:/isis/application/toolchain/bin/../lib/gcc/arm-none-eabi/4.7.4\libgcc.a(_arm_fixunssfsi.o)
                0x200014e8                __fixunssfsi
                0x200014e8                __aeabi_f2uiz
 *(.text*)
 .text.__cvt    0x2000153c      0x138 c:/isis/application/toolchain/bin/../lib/gcc/arm-none-eabi/4.7.4/../../../../arm-none-eabi/lib\libc_s.a(lib_a-vfprintf_float.o)
                0x2000153c                __cvt
 .text.__exponent
                0x20001674       0xa8 c:/isis/application/toolchain/bin/../lib/gcc/arm-none-eabi/4.7.4/../../../../arm-none-eabi/lib\libc_s.a(lib_a-vfprintf_float.o)
                0x20001674                __exponent
 .text._printf_float
                0x2000171c      0x7dc c:/isis/application/toolchain/bin/../lib/gcc/arm-none-eabi/4.7.4/../../../../arm-none-eabi/lib\libc_s.a(lib_a-vfprintf_float.o)
                0x2000171c                _printf_float
 .text._printf_common
                0x20001ef8      0x174 c:/isis/application/toolchain/bin/../lib/gcc/arm-none-eabi/4.7.4/../../../../arm-none-eabi/lib\libc_s.a(lib_a-vfprintf_i.o)
                0x20001ef8                _printf_common
 .text._printf_i
                0x2000206c      0x3c4 c:/isis/application/toolchain/bin/../lib/gcc/arm-none-eabi/4.7.4/../../../../arm-none-eabi/lib\libc_s.a(lib_a-vfprintf_i.o)
                0x2000206c                _printf_i
 .text._scanf_float
                0x20002430      0x5f4 c:/isis/application/toolchain/bin/../lib/gcc/arm-none-eabi/4.7.4/../../../../arm-none-eabi/lib\libc_s.a(lib_a-vfscanf_float.o)
                0x20002430                _scanf_float
 .text.quorem   0x20002a24      0x1ac c:/isis/application/toolchain/bin/../lib/gcc/arm-none-eabi/4.7.4/../../../../arm-none-eabi/lib\libc_s.a(lib_a-dtoa.o)
 .text._dtoa_r  0x20002bd0     0x1268 c:/isis/application/toolchain/bin/../lib/gcc/arm-none-eabi/4.7.4/../../../../arm-none-eabi/lib\libc_s.a(lib_a-dtoa.o)
                0x20002bd0                _dtoa_r
 .text._localeconv_r
                0x20003e38        0xc c:/isis/application/toolchain/bin/../lib/gcc/arm-none-eabi/4.7.4/../../../../arm-none-eabi/lib\libc_s.a(lib_a-locale.o)
                0x20003e38                _localeconv_r
 .text.malloc   0x20003e44       0x20 c:/isis/application/toolchain/bin/../lib/gcc/arm-none-eabi/4.7.4/../../../../arm-none-eabi/lib\libc_s.a(lib_a-malloc.o)
                0x20003e44                malloc
 .text.free     0x20003e64       0x20 c:/isis/application/toolchain/bin/../lib/gcc/arm-none-eabi/4.7.4/../../../../arm-none-eabi/lib\libc_s.a(lib_a-malloc.o)
                0x20003e64                free
 .text._malloc_r
                0x20003e84       0xfc c:/isis/application/toolchain/bin/../lib/gcc/arm-none-eabi/4.7.4/../../../../arm-none-eabi/lib\libc_s.a(lib_a-mallocr.o)
                0x20003e84                _malloc_r
 .text.memcpy   0x20003f80       0x20 c:/isis/application/toolchain/bin/../lib/gcc/arm-none-eabi/4.7.4/../../../../arm-none-eabi/lib\libc_s.a(lib_a-memcpy.o)
                0x20003f80                memcpy
 .text._Balloc  0x20003fa0       0xcc c:/isis/application/toolchain/bin/../lib/gcc/arm-none-eabi/4.7.4/../../../../arm-none-eabi/lib\libc_s.a(lib_a-mprec.o)
                0x20003fa0                _Balloc
 .text._Bfree   0x2000406c       0x5c c:/isis/application/toolchain/bin/../lib/gcc/arm-none-eabi/4.7.4/../../../../arm-none-eabi/lib\libc_s.a(lib_a-mprec.o)
                0x2000406c                _Bfree
 .text.__multadd
                0x200040c8       0xbc c:/isis/application/toolchain/bin/../lib/gcc/arm-none-eabi/4.7.4/../../../../arm-none-eabi/lib\libc_s.a(lib_a-mprec.o)
                0x200040c8                __multadd
 .text.__s2b    0x20004184       0xd8 c:/isis/application/toolchain/bin/../lib/gcc/arm-none-eabi/4.7.4/../../../../arm-none-eabi/lib\libc_s.a(lib_a-mprec.o)
                0x20004184                __s2b
 .text.__hi0bits
                0x2000425c       0x58 c:/isis/application/toolchain/bin/../lib/gcc/arm-none-eabi/4.7.4/../../../../arm-none-eabi/lib\libc_s.a(lib_a-mprec.o)
                0x2000425c                __hi0bits
 .text.__lo0bits
                0x200042b4       0x94 c:/isis/application/toolchain/bin/../lib/gcc/arm-none-eabi/4.7.4/../../../../arm-none-eabi/lib\libc_s.a(lib_a-mprec.o)
                0x200042b4                __lo0bits
 .text.__i2b    0x20004348       0x24 c:/isis/application/toolchain/bin/../lib/gcc/arm-none-eabi/4.7.4/../../../../arm-none-eabi/lib\libc_s.a(lib_a-mprec.o)
                0x20004348                __i2b
 .text.__multiply
                0x2000436c      0x1ac c:/isis/application/toolchain/bin/../lib/gcc/arm-none-eabi/4.7.4/../../../../arm-none-eabi/lib\libc_s.a(lib_a-mprec.o)
                0x2000436c                __multiply
 .text.__pow5mult
                0x20004518      0x10c c:/isis/application/toolchain/bin/../lib/gcc/arm-none-eabi/4.7.4/../../../../arm-none-eabi/lib\libc_s.a(lib_a-mprec.o)
                0x20004518                __pow5mult
 .text.__lshift
                0x20004624       0xf0 c:/isis/application/toolchain/bin/../lib/gcc/arm-none-eabi/4.7.4/../../../../arm-none-eabi/lib\libc_s.a(lib_a-mprec.o)
                0x20004624                __lshift
 .text.__mcmp   0x20004714       0x60 c:/isis/application/toolchain/bin/../lib/gcc/arm-none-eabi/4.7.4/../../../../arm-none-eabi/lib\libc_s.a(lib_a-mprec.o)
                0x20004714                __mcmp
 .text.__mdiff  0x20004774      0x128 c:/isis/application/toolchain/bin/../lib/gcc/arm-none-eabi/4.7.4/../../../../arm-none-eabi/lib\libc_s.a(lib_a-mprec.o)
                0x20004774                __mdiff
 .text.__ulp    0x2000489c       0x5c c:/isis/application/toolchain/bin/../lib/gcc/arm-none-eabi/4.7.4/../../../../arm-none-eabi/lib\libc_s.a(lib_a-mprec.o)
                0x2000489c                __ulp
 .text.__b2d    0x200048f8       0xc8 c:/isis/application/toolchain/bin/../lib/gcc/arm-none-eabi/4.7.4/../../../../arm-none-eabi/lib\libc_s.a(lib_a-mprec.o)
                0x200048f8                __b2d
 .text.__d2b    0x200049c0       0xfc c:/isis/application/toolchain/bin/../lib/gcc/arm-none-eabi/4.7.4/../../../../arm-none-eabi/lib\libc_s.a(lib_a-mprec.o)
                0x200049c0                __d2b
 .text.__ratio  0x20004abc       0x70 c:/isis/application/toolchain/bin/../lib/gcc/arm-none-eabi/4.7.4/../../../../arm-none-eabi/lib\libc_s.a(lib_a-mprec.o)
                0x20004abc                __ratio
 .text.__copybits
                0x20004b2c       0x4c c:/isis/application/toolchain/bin/../lib/gcc/arm-none-eabi/4.7.4/../../../../arm-none-eabi/lib\libc_s.a(lib_a-mprec.o)
                0x20004b2c                __copybits
 .text.__any_on
                0x20004b78       0x7c c:/isis/application/toolchain/bin/../lib/gcc/arm-none-eabi/4.7.4/../../../../arm-none-eabi/lib\libc_s.a(lib_a-mprec.o)
                0x20004b78                __any_on
 .text.__fpclassifyd
                0x20004bf4       0x6c c:/isis/application/toolchain/bin/../lib/gcc/arm-none-eabi/4.7.4/../../../../arm-none-eabi/lib\libc_s.a(lib_a-s_fpclassify.o)
                0x20004bf4                __fpclassifyd
 .text._sbrk_r  0x20004c60       0x3c c:/isis/application/toolchain/bin/../lib/gcc/arm-none-eabi/4.7.4/../../../../arm-none-eabi/lib\libc_s.a(lib_a-sbrkr.o)
                0x20004c60                _sbrk_r
 .text.nanf     0x20004c9c        0xc c:/isis/application/toolchain/bin/../lib/gcc/arm-none-eabi/4.7.4/../../../../arm-none-eabi/lib\libc_s.a(lib_a-sf_nan.o)
                0x20004c9c                nanf
 .text.sprintf  0x20004ca8       0x6c c:/isis/application/toolchain/bin/../lib/gcc/arm-none-eabi/4.7.4/../../../../arm-none-eabi/lib\libc_s.a(lib_a-sprintf.o)
                0x20004ca8                siprintf
                0x20004ca8                sprintf
 .text.strcmp   0x20004d14       0x1c c:/isis/application/toolchain/bin/../lib/gcc/arm-none-eabi/4.7.4/../../../../arm-none-eabi/lib\libc_s.a(lib_a-strcmp.o)
                0x20004d14                strcmp
 .text.strlen   0x20004d30       0x1c c:/isis/application/toolchain/bin/../lib/gcc/arm-none-eabi/4.7.4/../../../../arm-none-eabi/lib\libc_s.a(lib_a-strlen.o)
                0x20004d30                strlen
 .text.match    0x20004d4c       0x54 c:/isis/application/toolchain/bin/../lib/gcc/arm-none-eabi/4.7.4/../../../../arm-none-eabi/lib\libc_s.a(lib_a-strtod.o)
 .text._strtod_r
                0x20004da0     0x1168 c:/isis/application/toolchain/bin/../lib/gcc/arm-none-eabi/4.7.4/../../../../arm-none-eabi/lib\libc_s.a(lib_a-strtod.o)
                0x20004da0                _strtod_r
 .text._strtol_r
                0x20005f08      0x1b8 c:/isis/application/toolchain/bin/../lib/gcc/arm-none-eabi/4.7.4/../../../../arm-none-eabi/lib\libc_s.a(lib_a-strtol.o)
                0x20005f08                _strtol_r
 .text.__ssputc_r
                0x200060c0      0x10c c:/isis/application/toolchain/bin/../lib/gcc/arm-none-eabi/4.7.4/../../../../arm-none-eabi/lib\libc_s.a(lib_a-svfprintf.o)
                0x200060c0                __ssputc_r
 .text._svfprintf_r
                0x200061cc      0x328 c:/isis/application/toolchain/bin/../lib/gcc/arm-none-eabi/4.7.4/../../../../arm-none-eabi/lib\libc_s.a(lib_a-svfprintf.o)
                0x200061cc                _svfiprintf_r
                0x200061cc                _svfprintf_r
 .text._calloc_r
                0x200064f4       0x2c c:/isis/application/toolchain/bin/../lib/gcc/arm-none-eabi/4.7.4/../../../../arm-none-eabi/lib\libc_s.a(lib_a-callocr.o)
                0x200064f4                _calloc_r
 .text._free_r  0x20006520      0x108 c:/isis/application/toolchain/bin/../lib/gcc/arm-none-eabi/4.7.4/../../../../arm-none-eabi/lib\libc_s.a(lib_a-freer.o)
                0x20006520                _free_r
 .text.rshift   0x20006628       0xb0 c:/isis/application/toolchain/bin/../lib/gcc/arm-none-eabi/4.7.4/../../../../arm-none-eabi/lib\libc_s.a(lib_a-gdtoa-gethex.o)
 .text.htinit.constprop.0
                0x200066d8       0x34 c:/isis/application/toolchain/bin/../lib/gcc/arm-none-eabi/4.7.4/../../../../arm-none-eabi/lib\libc_s.a(lib_a-gdtoa-gethex.o)
 .text.__hexdig_init
                0x2000670c       0x38 c:/isis/application/toolchain/bin/../lib/gcc/arm-none-eabi/4.7.4/../../../../arm-none-eabi/lib\libc_s.a(lib_a-gdtoa-gethex.o)
                0x2000670c                __hexdig_init
 .text.__gethex
                0x20006744      0x6cc c:/isis/application/toolchain/bin/../lib/gcc/arm-none-eabi/4.7.4/../../../../arm-none-eabi/lib\libc_s.a(lib_a-gdtoa-gethex.o)
                0x20006744                __gethex
 .text.L_shift  0x20006e10       0x38 c:/isis/application/toolchain/bin/../lib/gcc/arm-none-eabi/4.7.4/../../../../arm-none-eabi/lib\libc_s.a(lib_a-gdtoa-hexnan.o)
 .text.__hexnan
                0x20006e48      0x1d8 c:/isis/application/toolchain/bin/../lib/gcc/arm-none-eabi/4.7.4/../../../../arm-none-eabi/lib\libc_s.a(lib_a-gdtoa-hexnan.o)
                0x20006e48                __hexnan
 .text.memchr   0x20007020       0x34 c:/isis/application/toolchain/bin/../lib/gcc/arm-none-eabi/4.7.4/../../../../arm-none-eabi/lib\libc_s.a(lib_a-memchr.o)
                0x20007020                memchr
 .text.memset   0x20007054       0x1c c:/isis/application/toolchain/bin/../lib/gcc/arm-none-eabi/4.7.4/../../../../arm-none-eabi/lib\libc_s.a(lib_a-memset.o)
                0x20007054                memset
 .text._realloc_r
                0x20007070       0x80 c:/isis/application/toolchain/bin/../lib/gcc/arm-none-eabi/4.7.4/../../../../arm-none-eabi/lib\libc_s.a(lib_a-reallocr.o)
                0x20007070                _realloc_r
 .text.strncmp  0x200070f0       0x64 c:/isis/application/toolchain/bin/../lib/gcc/arm-none-eabi/4.7.4/../../../../arm-none-eabi/lib\libc_s.a(lib_a-strncmp.o)
                0x200070f0                strncmp
 .text._malloc_usable_size_r
                0x20007154       0x1c c:/isis/application/toolchain/bin/../lib/gcc/arm-none-eabi/4.7.4/../../../../arm-none-eabi/lib\libc_s.a(lib_a-msizer.o)
                0x20007154                _malloc_usable_size_r
 .text.TransformRawToBMP
                0x20007170      0x190 ./src/sub-systemCode/payload/jpeg/bmp/rawToBMP.o
                0x20007170                TransformRawToBMP
 .text.interpolate
                0x20007300      0x8d0 ./src/sub-systemCode/payload/jpeg/bmp/rawToBMP.o
                0x20007300                interpolate
 .text.getInputAt
                0x20007bd0      0x308 ./src/sub-systemCode/payload/jpeg/bmp/rawToBMP.o
                0x20007bd0                getInputAt
 .text.f_writeF_FILEHeader
                0x20007ed8      0x2f0 ./src/sub-systemCode/payload/jpeg/bmp/rawToBMP.o
                0x20007ed8                f_writeF_FILEHeader
 .text.f_writeOutputRow
                0x200081c8       0xbc ./src/sub-systemCode/payload/jpeg/bmp/rawToBMP.o
                0x200081c8                f_writeOutputRow
 .text.dct      0x20008284      0x9c4 ./src/sub-systemCode/payload/jpeg/DCT.o
                0x20008284                dct
 .text.CompressImage
                0x20008c48      0x274 ./src/sub-systemCode/payload/jpeg/ImgCompressor.o
                0x20008c48                CompressImage
 .text.clamp    0x20008ebc       0x60 ./src/sub-systemCode/payload/jpeg/color_conv.o
                0x20008ebc                clamp
 .text.RGB_to_YCC
                0x20008f1c      0x1a8 ./src/sub-systemCode/payload/jpeg/color_conv.o
                0x20008f1c                RGB_to_YCC
 .text.RGB_to_Y
                0x200090c4       0xc4 ./src/sub-systemCode/payload/jpeg/color_conv.o
                0x200090c4                RGB_to_Y
 .text.Y_to_YCC
                0x20009188       0x88 ./src/sub-systemCode/payload/jpeg/color_conv.o
                0x20009188                Y_to_YCC
 .text.compress_image_to_jpeg_file
                0x20009210      0x184 ./src/sub-systemCode/payload/jpeg/jpeg.o
                0x20009210                compress_image_to_jpeg_file
 .text.emit_marker
                0x20009394       0xc8 ./src/sub-systemCode/payload/jpeg/jpeg_encoder.o
                0x20009394                emit_marker
 .text.emit_byte
                0x2000945c       0x6c ./src/sub-systemCode/payload/jpeg/jpeg_encoder.o
                0x2000945c                emit_byte
 .text.emit_word
                0x200094c8       0xd0 ./src/sub-systemCode/payload/jpeg/jpeg_encoder.o
                0x200094c8                emit_word
 .text.emit_jfif_app0
                0x20009598       0xc0 ./src/sub-systemCode/payload/jpeg/jpeg_encoder.o
                0x20009598                emit_jfif_app0
 .text.emit_dqt
                0x20009658       0xd8 ./src/sub-systemCode/payload/jpeg/jpeg_encoder.o
                0x20009658                emit_dqt
 .text.emit_sof
                0x20009730      0x14c ./src/sub-systemCode/payload/jpeg/jpeg_encoder.o
                0x20009730                emit_sof
 .text.emit_dht
                0x2000987c      0x138 ./src/sub-systemCode/payload/jpeg/jpeg_encoder.o
                0x2000987c                emit_dht
 .text.emit_dhts
                0x200099b4       0xd8 ./src/sub-systemCode/payload/jpeg/jpeg_encoder.o
                0x200099b4                emit_dhts
 .text.emit_sos
                0x20009a8c       0xec ./src/sub-systemCode/payload/jpeg/jpeg_encoder.o
                0x20009a8c                emit_sos
 .text.emit_markers
                0x20009b78       0x4c ./src/sub-systemCode/payload/jpeg/jpeg_encoder.o
                0x20009b78                emit_markers
 .text.compute_huffman_table
                0x20009bc4      0x334 ./src/sub-systemCode/payload/jpeg/jpeg_encoder.o
                0x20009bc4                compute_huffman_table
 .text.compute_quant_table
                0x20009ef8      0x11c ./src/sub-systemCode/payload/jpeg/jpeg_encoder.o
                0x20009ef8                compute_quant_table
 .text.first_pass_init
                0x2000a014       0x54 ./src/sub-systemCode/payload/jpeg/jpeg_encoder.o
                0x2000a014                first_pass_init
 .text.second_pass_init
                0x2000a068      0x110 ./src/sub-systemCode/payload/jpeg/jpeg_encoder.o
                0x2000a068                second_pass_init
 .text.jpg_open
                0x2000a178      0x7b4 ./src/sub-systemCode/payload/jpeg/jpeg_encoder.o
                0x2000a178                jpg_open
 .text.load_block_8_8_grey
                0x2000a92c      0x164 ./src/sub-systemCode/payload/jpeg/jpeg_encoder.o
                0x2000a92c                load_block_8_8_grey
 .text.load_block_8_8
                0x2000aa90      0x198 ./src/sub-systemCode/payload/jpeg/jpeg_encoder.o
                0x2000aa90                load_block_8_8
 .text.load_block_16_8
                0x2000ac28      0x3cc ./src/sub-systemCode/payload/jpeg/jpeg_encoder.o
                0x2000ac28                load_block_16_8
 .text.load_block_16_8_8
                0x2000aff4      0x2a8 ./src/sub-systemCode/payload/jpeg/jpeg_encoder.o
                0x2000aff4                load_block_16_8_8
 .text.load_coefficients
                0x2000b29c      0x1c8 ./src/sub-systemCode/payload/jpeg/jpeg_encoder.o
                0x2000b29c                load_coefficients
 .text.flush_output_buffer
                0x2000b464       0xa0 ./src/sub-systemCode/payload/jpeg/jpeg_encoder.o
                0x2000b464                flush_output_buffer
 .text.put_bits
                0x2000b504      0x170 ./src/sub-systemCode/payload/jpeg/jpeg_encoder.o
                0x2000b504                put_bits
 .text.code_coefficients_pass_two
                0x2000b674      0x338 ./src/sub-systemCode/payload/jpeg/jpeg_encoder.o
                0x2000b674                code_coefficients_pass_two
 .text.code_block
                0x2000b9ac       0x44 ./src/sub-systemCode/payload/jpeg/jpeg_encoder.o
                0x2000b9ac                code_block
 .text.process_mcu_row
                0x2000b9f0      0x328 ./src/sub-systemCode/payload/jpeg/jpeg_encoder.o
                0x2000b9f0                process_mcu_row
 .text.terminate_pass_two
                0x2000bd18       0x44 ./src/sub-systemCode/payload/jpeg/jpeg_encoder.o
                0x2000bd18                terminate_pass_two
 .text.process_end_of_image
                0x2000bd5c       0xc0 ./src/sub-systemCode/payload/jpeg/jpeg_encoder.o
                0x2000bd5c                process_end_of_image
 .text.load_mcu
                0x2000be1c      0x29c ./src/sub-systemCode/payload/jpeg/jpeg_encoder.o
                0x2000be1c                load_mcu
 .text.clear    0x2000c0b8      0x1e0 ./src/sub-systemCode/payload/jpeg/jpeg_encoder.o
                0x2000c0b8                clear
 .text.init     0x2000c298       0xe4 ./src/sub-systemCode/payload/jpeg/jpeg_encoder.o
                0x2000c298                init
 .text.deinit   0x2000c37c      0x160 ./src/sub-systemCode/payload/jpeg/jpeg_encoder.o
                0x2000c37c                deinit
 .text.process_scanline
                0x2000c4dc       0x6c ./src/sub-systemCode/payload/jpeg/jpeg_encoder.o
                0x2000c4dc                process_scanline
 .text.jpge_malloc
                0x2000c548       0x28 ./src/sub-systemCode/payload/jpeg/jpeg_memory_alloc.o
                0x2000c548                jpge_malloc
 .text.jpge_cmalloc
                0x2000c570       0x48 ./src/sub-systemCode/payload/jpeg/jpeg_memory_alloc.o
                0x2000c570                jpge_cmalloc
 .text.jpge_free
                0x2000c5b8       0x24 ./src/sub-systemCode/payload/jpeg/jpeg_memory_alloc.o
                0x2000c5b8                jpge_free
 .text.check    0x2000c5dc       0x78 ./src/sub-systemCode/payload/jpeg/jpeg_params.o
                0x2000c5dc                check
 .text.open_jpeg_file
                0x2000c654       0xe0 ./src/sub-systemCode/payload/jpeg/output_stream.o
                0x2000c654                open_jpeg_file
 .text.close_jpeg_file
                0x2000c734      0x118 ./src/sub-systemCode/payload/jpeg/output_stream.o
                0x2000c734                close_jpeg_file
 .text.put_buf  0x2000c84c      0x258 ./src/sub-systemCode/payload/jpeg/output_stream.o
                0x2000c84c                put_buf
 .text.convert2char
                0x2000caa4      0x14c ./src/sub-systemCode/payload/Boolean_bit.o
                0x2000caa4                convert2char
 .text.convert2byte
                0x2000cbf0      0x1c8 ./src/sub-systemCode/payload/Boolean_bit.o
                0x2000cbf0                convert2byte
 .text.bits2byte
                0x2000cdb8      0x17c ./src/sub-systemCode/payload/Boolean_bit.o
                0x2000cdb8                bits2byte
 .text.byte2bits
                0x2000cf34      0x17c ./src/sub-systemCode/payload/Boolean_bit.o
                0x2000cf34                byte2bits
 .text.char2bits
                0x2000d0b0       0x44 ./src/sub-systemCode/payload/Boolean_bit.o
                0x2000d0b0                char2bits
 .text.bits2char
                0x2000d0f4       0x3c ./src/sub-systemCode/payload/Boolean_bit.o
                0x2000d0f4                bits2char
 .text.GetChunksFromRange
                0x2000d130      0x164 ./src/sub-systemCode/payload/Butchering.o
                0x2000d130                GetChunksFromRange
 .text.GetChunkFromImage
                0x2000d294      0x2e0 ./src/sub-systemCode/payload/Butchering.o
                0x2000d294                GetChunkFromImage
 .text.SimpleButcher
                0x2000d574       0xcc ./src/sub-systemCode/payload/Butchering.o
                0x2000d574                SimpleButcher
 .text.Initialized_GPIO
                0x2000d640       0x54 ./src/sub-systemCode/payload/Camera.o
                0x2000d640                Initialized_GPIO
 .text.TurnOnGecko
                0x2000d694      0x128 ./src/sub-systemCode/payload/Camera.o
                0x2000d694                TurnOnGecko
 .text.TurnOffGecko
                0x2000d7bc       0xc0 ./src/sub-systemCode/payload/Camera.o
                0x2000d7bc                TurnOffGecko
 .text.initGecko
                0x2000d87c       0x3c ./src/sub-systemCode/payload/Camera.o
                0x2000d87c                initGecko
 .text.GECKO_TakeImage
                0x2000d8b8      0x2f4 ./src/sub-systemCode/payload/Camera.o
                0x2000d8b8                GECKO_TakeImage
 .text.GECKO_ReadImage
                0x2000dbac      0x234 ./src/sub-systemCode/payload/Camera.o
                0x2000dbac                GECKO_ReadImage
 .text.GECKO_EraseBlock
                0x2000dde0       0xf0 ./src/sub-systemCode/payload/Camera.o
                0x2000dde0                GECKO_EraseBlock
 .text.CameraManagerTaskMain
                0x2000ded0      0x124 ./src/sub-systemCode/payload/CameraManager.o
                0x2000ded0                CameraManagerTaskMain
 .text.initCamera
                0x2000dff4       0x78 ./src/sub-systemCode/payload/CameraManager.o
                0x2000dff4                initCamera
 .text.KickStartCamera
                0x2000e06c       0xb4 ./src/sub-systemCode/payload/CameraManager.o
                0x2000e06c                KickStartCamera
 .text.addRequestToQueue
                0x2000e120       0xa8 ./src/sub-systemCode/payload/CameraManager.o
                0x2000e120                addRequestToQueue
 .text.removeRequestFromQueue
                0x2000e1c8       0x7c ./src/sub-systemCode/payload/CameraManager.o
                0x2000e1c8                removeRequestFromQueue
 .text.Take_pictures_with_time_in_between
                0x2000e244       0xcc ./src/sub-systemCode/payload/CameraManager.o
                0x2000e244                Take_pictures_with_time_in_between
 .text.handleDump
                0x2000e310      0x234 ./src/sub-systemCode/payload/CameraManager.o
                0x2000e310                handleDump
 .text.act_upon_request
                0x2000e544      0x3ec ./src/sub-systemCode/payload/CameraManager.o
                0x2000e544                act_upon_request
 .text.TakePicture
                0x2000e930       0x4c ./src/sub-systemCode/payload/DB_RequestHandling.o
                0x2000e930                TakePicture
 .text.TakeSpecialPicture
                0x2000e97c       0xe4 ./src/sub-systemCode/payload/DB_RequestHandling.o
                0x2000e97c                TakeSpecialPicture
 .text.DeletePicture
                0x2000ea60       0xa4 ./src/sub-systemCode/payload/DB_RequestHandling.o
                0x2000ea60                DeletePicture
 .text.TransferPicture
                0x2000eb04       0x54 ./src/sub-systemCode/payload/DB_RequestHandling.o
                0x2000eb04                TransferPicture
 .text.CreateThumbnail
                0x2000eb58       0x74 ./src/sub-systemCode/payload/DB_RequestHandling.o
                0x2000eb58                CreateThumbnail
 .text.CreateJPG
                0x2000ebcc       0x80 ./src/sub-systemCode/payload/DB_RequestHandling.o
                0x2000ebcc                CreateJPG
 .text.UpdatePhotographyValues
                0x2000ec4c       0xb4 ./src/sub-systemCode/payload/DB_RequestHandling.o
                0x2000ec4c                UpdatePhotographyValues
 .text.getFileName
                0x2000ed00      0x2fc ./src/sub-systemCode/payload/DataBase.o
 .text.getDatabaseStart
                0x2000effc       0x20 ./src/sub-systemCode/payload/DataBase.o
 .text.getDatabaseEnd
                0x2000f01c       0x1c ./src/sub-systemCode/payload/DataBase.o
 .text.zeroDataBase
                0x2000f038       0xd0 ./src/sub-systemCode/payload/DataBase.o
                0x2000f038                zeroDataBase
 .text.updateGeneralParameters
                0x2000f108       0xd4 ./src/sub-systemCode/payload/DataBase.o
 .text.getLatestID
                0x2000f1dc       0x2c ./src/sub-systemCode/payload/DataBase.o
                0x2000f1dc                getLatestID
 .text.getNumberOfFrames
                0x2000f208       0x28 ./src/sub-systemCode/payload/DataBase.o
                0x2000f208                getNumberOfFrames
 .text.markPicture
                0x2000f230       0xcc ./src/sub-systemCode/payload/DataBase.o
                0x2000f230                markPicture
 .text.handleMarkedPictures
                0x2000f2fc      0x190 ./src/sub-systemCode/payload/DataBase.o
                0x2000f2fc                handleMarkedPictures
 .text.initDataBase
                0x2000f48c      0x244 ./src/sub-systemCode/payload/DataBase.o
                0x2000f48c                initDataBase
 .text.resetDataBase
                0x2000f6d0       0x9c ./src/sub-systemCode/payload/DataBase.o
                0x2000f6d0                resetDataBase
 .text.updateCameraParameters
                0x2000f76c       0x68 ./src/sub-systemCode/payload/DataBase.o
                0x2000f76c                updateCameraParameters
 .text.transferImageToSD
                0x2000f7d4      0x2d4 ./src/sub-systemCode/payload/DataBase.o
                0x2000f7d4                transferImageToSD
 .text.DeleteImageFromOBC
                0x2000faa8      0x2e0 ./src/sub-systemCode/payload/DataBase.o
                0x2000faa8                DeleteImageFromOBC
 .text.DeleteImageFromPayload
                0x2000fd88      0x29c ./src/sub-systemCode/payload/DataBase.o
                0x2000fd88                DeleteImageFromPayload
 .text.takePicture
                0x20010024      0x48c ./src/sub-systemCode/payload/DataBase.o
                0x20010024                takePicture
 .text.takePicture_withSpecialParameters
                0x200104b0       0xc8 ./src/sub-systemCode/payload/DataBase.o
                0x200104b0                takePicture_withSpecialParameters
 .text.GetImageFileName
                0x20010578       0xfc ./src/sub-systemCode/payload/DataBase.o
                0x20010578                GetImageFileName
 .text.getDataBaseBuffer
                0x20010674      0x454 ./src/sub-systemCode/payload/DataBase.o
                0x20010674                getDataBaseBuffer
 .text.GetBinnedPixel
                0x20010ac8       0xec ./src/sub-systemCode/payload/DataBase.o
 .text.BinImage_Average
                0x20010bb4      0x554 ./src/sub-systemCode/payload/DataBase.o
                0x20010bb4                BinImage_Average
 .text.BinImage_Skipping
                0x20011108      0x534 ./src/sub-systemCode/payload/DataBase.o
                0x20011108                BinImage_Skipping
 .text.BinImage
                0x2001163c       0x6c ./src/sub-systemCode/payload/DataBase.o
                0x2001163c                BinImage
 .text.compressImage
                0x200116a8      0x128 ./src/sub-systemCode/payload/DataBase.o
                0x200116a8                compressImage
 .text.clearDataBase
                0x200117d0       0xf4 ./src/sub-systemCode/payload/DataBase.o
                0x200117d0                clearDataBase
 .text.get_ID_list_withDefaltThumbnail
                0x200118c4      0x134 ./src/sub-systemCode/payload/DataBase.o
                0x200118c4                get_ID_list_withDefaltThumbnail
 .text.FRAM_readAndProgress
                0x200119f8       0x5c ./src/sub-systemCode/payload/FRAM_Extended.o
                0x200119f8                FRAM_readAndProgress
 .text.FRAM_writeAndProgress
                0x20011a54       0x5c ./src/sub-systemCode/payload/FRAM_Extended.o
                0x20011a54                FRAM_writeAndProgress
 .text.cmd_error
                0x20011ab0       0x38 ./src/sub-systemCode/Main/CMD/COMM_CMD.o
                0x20011ab0                cmd_error
 .text.cmd_mute
                0x20011ae8       0xc4 ./src/sub-systemCode/Main/CMD/COMM_CMD.o
                0x20011ae8                cmd_mute
 .text.cmd_unmute
                0x20011bac       0x4c ./src/sub-systemCode/Main/CMD/COMM_CMD.o
                0x20011bac                cmd_unmute
 .text.cmd_active_trans
                0x20011bf8       0xc0 ./src/sub-systemCode/Main/CMD/COMM_CMD.o
                0x20011bf8                cmd_active_trans
 .text.cmd_shut_trans
                0x20011cb8       0x38 ./src/sub-systemCode/Main/CMD/COMM_CMD.o
                0x20011cb8                cmd_shut_trans
 .text.cmd_change_trans_rssi
                0x20011cf0       0xb8 ./src/sub-systemCode/Main/CMD/COMM_CMD.o
                0x20011cf0                cmd_change_trans_rssi
 .text.cmd_aprs_dump
                0x20011da8       0x50 ./src/sub-systemCode/Main/CMD/COMM_CMD.o
                0x20011da8                cmd_aprs_dump
 .text.cmd_stop_dump
                0x20011df8       0x38 ./src/sub-systemCode/Main/CMD/COMM_CMD.o
                0x20011df8                cmd_stop_dump
 .text.cmd_time_frequency
                0x20011e30       0xc0 ./src/sub-systemCode/Main/CMD/COMM_CMD.o
                0x20011e30                cmd_time_frequency
 .text.cmd_upload_volt_logic
                0x20011ef0      0x3d0 ./src/sub-systemCode/Main/CMD/EPS_CMD.o
                0x20011ef0                cmd_upload_volt_logic
 .text.cmd_upload_volt_COMM
                0x200122c0      0x1c8 ./src/sub-systemCode/Main/CMD/EPS_CMD.o
                0x200122c0                cmd_upload_volt_COMM
 .text.cmd_heater_temp
                0x20012488       0xc0 ./src/sub-systemCode/Main/CMD/EPS_CMD.o
                0x20012488                cmd_heater_temp
 .text.cmd_SHUT_CAM
                0x20012548       0x6c ./src/sub-systemCode/Main/CMD/EPS_CMD.o
                0x20012548                cmd_SHUT_CAM
 .text.cmd_SHUT_ADCS
                0x200125b4       0x6c ./src/sub-systemCode/Main/CMD/EPS_CMD.o
                0x200125b4                cmd_SHUT_ADCS
 .text.cmd_allow_CAM
                0x20012620       0x6c ./src/sub-systemCode/Main/CMD/EPS_CMD.o
                0x20012620                cmd_allow_CAM
 .text.cmd_allow_ADCS
                0x2001268c       0x6c ./src/sub-systemCode/Main/CMD/EPS_CMD.o
                0x2001268c                cmd_allow_ADCS
 .text.cmd_generic_I2C
                0x200126f8       0xb4 ./src/sub-systemCode/Main/CMD/General_CMD.o
                0x200126f8                cmd_generic_I2C
 .text.cmd_dump
                0x200127ac       0xf0 ./src/sub-systemCode/Main/CMD/General_CMD.o
                0x200127ac                cmd_dump
 .text.cmd_delete_TM
                0x2001289c      0x1dc ./src/sub-systemCode/Main/CMD/General_CMD.o
                0x2001289c                cmd_delete_TM
 .text.cmd_reset_file
                0x20012a78      0x110 ./src/sub-systemCode/Main/CMD/General_CMD.o
                0x20012a78                cmd_reset_file
 .text.cmd_dummy_func
                0x20012b88       0x40 ./src/sub-systemCode/Main/CMD/General_CMD.o
                0x20012b88                cmd_dummy_func
 .text.cmd_soft_reset_cmponent
                0x20012bc8       0xb0 ./src/sub-systemCode/Main/CMD/General_CMD.o
                0x20012bc8                cmd_soft_reset_cmponent
 .text.cmd_hard_reset_cmponent
                0x20012c78       0xb0 ./src/sub-systemCode/Main/CMD/General_CMD.o
                0x20012c78                cmd_hard_reset_cmponent
 .text.cmd_reset_satellite
                0x20012d28       0x78 ./src/sub-systemCode/Main/CMD/General_CMD.o
                0x20012d28                cmd_reset_satellite
 .text.cmd_gracefull_reset_satellite
                0x20012da0       0x78 ./src/sub-systemCode/Main/CMD/General_CMD.o
                0x20012da0                cmd_gracefull_reset_satellite
 .text.cmd_upload_time
                0x20012e18       0xb0 ./src/sub-systemCode/Main/CMD/General_CMD.o
                0x20012e18                cmd_upload_time
 .text.cmd_ARM_DIARM
                0x20012ec8       0xd4 ./src/sub-systemCode/Main/CMD/General_CMD.o
                0x20012ec8                cmd_ARM_DIARM
 .text.cmd_reset_delayed_command_list
                0x20012f9c       0x3c ./src/sub-systemCode/Main/CMD/SW_CMD.o
                0x20012f9c                cmd_reset_delayed_command_list
 .text.cmd_reset_APRS_list
                0x20012fd8       0x3c ./src/sub-systemCode/Main/CMD/SW_CMD.o
                0x20012fd8                cmd_reset_APRS_list
 .text.cmd_reset_FRAM
                0x20013014       0xe8 ./src/sub-systemCode/Main/CMD/SW_CMD.o
                0x20013014                cmd_reset_FRAM
 .text.ARM_ants
                0x200130fc       0xb8 ./src/sub-systemCode/Main/Ants.o
                0x200130fc                ARM_ants
 .text.DISARM_ants
                0x200131b4       0xb8 ./src/sub-systemCode/Main/Ants.o
                0x200131b4                DISARM_ants
 .text.convert_vol
                0x2001326c      0x12c ./src/sub-systemCode/Main/EPS.o
                0x2001326c                convert_vol
 .text.get_shut_ADCS
                0x20013398       0x48 ./src/sub-systemCode/Main/EPS.o
                0x20013398                get_shut_ADCS
 .text.shut_ADCS
                0x200133e0       0x44 ./src/sub-systemCode/Main/EPS.o
                0x200133e0                shut_ADCS
 .text.get_shut_CAM
                0x20013424       0x48 ./src/sub-systemCode/Main/EPS.o
                0x20013424                get_shut_CAM
 .text.shut_CAM
                0x2001346c       0x44 ./src/sub-systemCode/Main/EPS.o
                0x2001346c                shut_CAM
 .text.EPS_Init
                0x200134b0      0x1a0 ./src/sub-systemCode/Main/EPS.o
                0x200134b0                EPS_Init
 .text.reset_FRAM_EPS
                0x20013650       0xa4 ./src/sub-systemCode/Main/EPS.o
                0x20013650                reset_FRAM_EPS
 .text.reset_EPS_voltages
                0x200136f4       0xbc ./src/sub-systemCode/Main/EPS.o
                0x200136f4                reset_EPS_voltages
 .text.EPS_Conditioning
                0x200137b0      0x2b4 ./src/sub-systemCode/Main/EPS.o
                0x200137b0                EPS_Conditioning
 .text.overRide_ADCS
                0x20013a64       0x50 ./src/sub-systemCode/Main/EPS.o
                0x20013a64                overRide_ADCS
 .text.overRide_Camera
                0x20013ab4       0x38 ./src/sub-systemCode/Main/EPS.o
                0x20013ab4                overRide_Camera
 .text.EnterFullMode
                0x20013aec       0xec ./src/sub-systemCode/Main/EPS.o
                0x20013aec                EnterFullMode
 .text.EnterCruiseMode
                0x20013bd8       0xdc ./src/sub-systemCode/Main/EPS.o
                0x20013bd8                EnterCruiseMode
 .text.EnterSafeMode
                0x20013cb4       0xdc ./src/sub-systemCode/Main/EPS.o
                0x20013cb4                EnterSafeMode
 .text.EnterCriticalMode
                0x20013d90       0xc8 ./src/sub-systemCode/Main/EPS.o
                0x20013d90                EnterCriticalMode
 .text.convert_raw_voltage
                0x20013e58       0xd8 ./src/sub-systemCode/Main/EPS.o
                0x20013e58                convert_raw_voltage
 .text.find_fileName
                0x20013f30      0x588 ./src/sub-systemCode/Main/HouseKeeping.o
                0x20013f30                find_fileName
 .text.size_of_element
                0x200144b8       0xd4 ./src/sub-systemCode/Main/HouseKeeping.o
                0x200144b8                size_of_element
 .text.save_ACK
                0x2001458c       0xa0 ./src/sub-systemCode/Main/HouseKeeping.o
                0x2001458c                save_ACK
 .text.set_GP_EPS
                0x2001462c      0x10c ./src/sub-systemCode/Main/HouseKeeping.o
                0x2001462c                set_GP_EPS
 .text.set_GP_COMM
                0x20014738       0x88 ./src/sub-systemCode/Main/HouseKeeping.o
                0x20014738                set_GP_COMM
 .text.SP_HK_collect
                0x200147c0      0x17c ./src/sub-systemCode/Main/HouseKeeping.o
                0x200147c0                SP_HK_collect
 .text.EPS_HK_collect
                0x2001493c      0x4d8 ./src/sub-systemCode/Main/HouseKeeping.o
                0x2001493c                EPS_HK_collect
 .text.CAM_HK_collect
                0x20014e14      0x91c ./src/sub-systemCode/Main/HouseKeeping.o
                0x20014e14                CAM_HK_collect
 .text.COMM_HK_collect
                0x20015730      0x154 ./src/sub-systemCode/Main/HouseKeeping.o
                0x20015730                COMM_HK_collect
 .text.COMM_create_file
                0x20015884       0x74 ./src/sub-systemCode/Main/HouseKeeping.o
                0x20015884                COMM_create_file
 .text.ACK_create_file
                0x200158f8       0x74 ./src/sub-systemCode/Main/HouseKeeping.o
                0x200158f8                ACK_create_file
 .text.EPS_create_file
                0x2001596c       0x74 ./src/sub-systemCode/Main/HouseKeeping.o
                0x2001596c                EPS_create_file
 .text.CAM_create_file
                0x200159e0       0x54 ./src/sub-systemCode/Main/HouseKeeping.o
                0x200159e0                CAM_create_file
 .text.SP_create_file
                0x20015a34       0x54 ./src/sub-systemCode/Main/HouseKeeping.o
                0x20015a34                SP_create_file
 .text.create_files
                0x20015a88       0x48 ./src/sub-systemCode/Main/HouseKeeping.o
                0x20015a88                create_files
 .text.save_SP_HK
                0x20015ad0       0x70 ./src/sub-systemCode/Main/HouseKeeping.o
                0x20015ad0                save_SP_HK
 .text.save_EPS_HK
                0x20015b40       0x70 ./src/sub-systemCode/Main/HouseKeeping.o
                0x20015b40                save_EPS_HK
 .text.save_CAM_HK
                0x20015bb0       0x70 ./src/sub-systemCode/Main/HouseKeeping.o
                0x20015bb0                save_CAM_HK
 .text.save_COMM_HK
                0x20015c20       0x70 ./src/sub-systemCode/Main/HouseKeeping.o
                0x20015c20                save_COMM_HK
 .text.EPS_HK_raw_BigEnE
                0x20015c90      0x194 ./src/sub-systemCode/Main/HouseKeeping.o
                0x20015c90                EPS_HK_raw_BigEnE
 .text.CAM_HK_raw_BigEnE
                0x20015e24      0x194 ./src/sub-systemCode/Main/HouseKeeping.o
                0x20015e24                CAM_HK_raw_BigEnE
 .text.COMM_HK_raw_BigEnE
                0x20015fb8      0x194 ./src/sub-systemCode/Main/HouseKeeping.o
                0x20015fb8                COMM_HK_raw_BigEnE
 .text.ADCS_HK_raw_BigEnE
                0x2001614c      0x194 ./src/sub-systemCode/Main/HouseKeeping.o
                0x2001614c                ADCS_HK_raw_BigEnE
 .text.ADCS_SC_raw_BigEnE
                0x200162e0      0x188 ./src/sub-systemCode/Main/HouseKeeping.o
                0x200162e0                ADCS_SC_raw_BigEnE
 .text.build_HK_spl_packet
                0x20016468      0x970 ./src/sub-systemCode/Main/HouseKeeping.o
                0x20016468                build_HK_spl_packet
 .text.HouseKeeping_highRate_Task
                0x20016dd8       0x60 ./src/sub-systemCode/Main/HouseKeeping.o
                0x20016dd8                HouseKeeping_highRate_Task
 .text.HouseKeeping_lowRate_Task
                0x20016e38       0x5c ./src/sub-systemCode/Main/HouseKeeping.o
                0x20016e38                HouseKeeping_lowRate_Task
 .text.test_menu
                0x20016e94       0xd8 ./src/sub-systemCode/Main/Main_Init.o
                0x20016e94                test_menu
 .text.numberOfRestarts
                0x20016f6c       0x94 ./src/sub-systemCode/Main/Main_Init.o
                0x20016f6c                numberOfRestarts
 .text.StartFRAM
                0x20017000       0x38 ./src/sub-systemCode/Main/Main_Init.o
                0x20017000                StartFRAM
 .text.StartI2C
                0x20017038       0x44 ./src/sub-systemCode/Main/Main_Init.o
                0x20017038                StartI2C
 .text.StartSPI
                0x2001707c       0x40 ./src/sub-systemCode/Main/Main_Init.o
                0x2001707c                StartSPI
 .text.StartTIME
                0x200170bc      0x118 ./src/sub-systemCode/Main/Main_Init.o
                0x200170bc                StartTIME
 .text.first_activation
                0x200171d4       0x78 ./src/sub-systemCode/Main/Main_Init.o
                0x200171d4                first_activation
 .text.InitSubsystems
                0x2001724c       0x6c ./src/sub-systemCode/Main/Main_Init.o
                0x2001724c                InitSubsystems
 .text.SubSystemTaskStart
                0x200172b8       0xec ./src/sub-systemCode/Main/Main_Init.o
                0x200172b8                SubSystemTaskStart
 .text.copy_command
                0x200173a4       0x80 ./src/sub-systemCode/Main/commands.o
                0x200173a4                copy_command
 .text.reset_command
                0x20017424       0x28 ./src/sub-systemCode/Main/commands.o
                0x20017424                reset_command
 .text.init_command
                0x2001744c       0xd4 ./src/sub-systemCode/Main/commands.o
                0x2001744c                init_command
 .text.add_command
                0x20017520      0x138 ./src/sub-systemCode/Main/commands.o
                0x20017520                add_command
 .text.get_command
                0x20017658      0x1cc ./src/sub-systemCode/Main/commands.o
                0x20017658                get_command
 .text.act_upon_command
                0x20017824      0x200 ./src/sub-systemCode/Main/commands.o
                0x20017824                act_upon_command
 .text.AUC_COMM
                0x20017a24      0x200 ./src/sub-systemCode/Main/commands.o
                0x20017a24                AUC_COMM
 .text.AUC_general
                0x20017c24      0x17c ./src/sub-systemCode/Main/commands.o
                0x20017c24                AUC_general
 .text.AUC_payload
                0x20017da0      0x1f4 ./src/sub-systemCode/Main/commands.o
                0x20017da0                AUC_payload
 .text.AUC_EPS  0x20017f94      0x248 ./src/sub-systemCode/Main/commands.o
                0x20017f94                AUC_EPS
 .text.AUC_ADCS
                0x200181dc       0x5c ./src/sub-systemCode/Main/commands.o
                0x200181dc                AUC_ADCS
 .text.AUC_GS   0x20018238      0x1fc ./src/sub-systemCode/Main/commands.o
                0x20018238                AUC_GS
 .text.AUC_SW   0x20018434       0xe4 ./src/sub-systemCode/Main/commands.o
                0x20018434                AUC_SW
 .text.AUC_special_operation
                0x20018518       0x8c ./src/sub-systemCode/Main/commands.o
                0x20018518                AUC_special_operation
 .text.check_int
                0x200185a4       0x3c ./src/sub-systemCode/Global/Global.o
                0x200185a4                check_int
 .text.check_portBASE_TYPE
                0x200185e0       0x3c ./src/sub-systemCode/Global/Global.o
                0x200185e0                check_portBASE_TYPE
 .text.soft_reset_subsystem
                0x2001861c       0xd8 ./src/sub-systemCode/Global/Global.o
                0x2001861c                soft_reset_subsystem
 .text.hard_reset_subsystem
                0x200186f4       0xfc ./src/sub-systemCode/Global/Global.o
                0x200186f4                hard_reset_subsystem
 .text.BigEnE_raw_to_uInt
                0x200187f0       0x94 ./src/sub-systemCode/Global/Global.o
                0x200187f0                BigEnE_raw_to_uInt
 .text.BigEnE_raw_to_uShort
                0x20018884       0x50 ./src/sub-systemCode/Global/Global.o
                0x20018884                BigEnE_raw_to_uShort
 .text.BigEnE_uInt_to_raw
                0x200188d4       0x78 ./src/sub-systemCode/Global/Global.o
                0x200188d4                BigEnE_uInt_to_raw
 .text.reset_FRAM_MAIN
                0x2001894c      0x19c ./src/sub-systemCode/Global/Global.o
                0x2001894c                reset_FRAM_MAIN
 .text.getBitValueByIndex
                0x20018ae8       0xd0 ./src/sub-systemCode/Global/Global.o
                0x20018ae8                getBitValueByIndex
 .text.init_GP  0x20018bb8      0x35c ./src/sub-systemCode/Global/GlobalParam.o
                0x20018bb8                init_GP
 .text.get_system_state
                0x20018f14      0x268 ./src/sub-systemCode/Global/GlobalParam.o
                0x20018f14                get_system_state
 .text.set_system_state
                0x2001917c      0x298 ./src/sub-systemCode/Global/GlobalParam.o
                0x2001917c                set_system_state
 .text.get_current_global_param
                0x20019414      0x670 ./src/sub-systemCode/Global/GlobalParam.o
                0x20019414                get_current_global_param
 .text.set_Vbatt_previous
                0x20019a84       0xe8 ./src/sub-systemCode/Global/GlobalParam.o
                0x20019a84                set_Vbatt_previous
 .text.get_Vbatt_previous
                0x20019b6c       0xc8 ./src/sub-systemCode/Global/GlobalParam.o
                0x20019b6c                get_Vbatt_previous
 .text.set_Vbatt
                0x20019c34       0xb8 ./src/sub-systemCode/Global/GlobalParam.o
                0x20019c34                set_Vbatt
 .text.get_Vbatt
                0x20019cec       0x8c ./src/sub-systemCode/Global/GlobalParam.o
                0x20019cec                get_Vbatt
 .text.set_curBat
                0x20019d78       0x8c ./src/sub-systemCode/Global/GlobalParam.o
                0x20019d78                set_curBat
 .text.set_cur3V3
                0x20019e04       0x8c ./src/sub-systemCode/Global/GlobalParam.o
                0x20019e04                set_cur3V3
 .text.set_cur5V
                0x20019e90       0x8c ./src/sub-systemCode/Global/GlobalParam.o
                0x20019e90                set_cur5V
 .text.set_tempComm_LO
                0x20019f1c       0x8c ./src/sub-systemCode/Global/GlobalParam.o
                0x20019f1c                set_tempComm_LO
 .text.set_tempComm_PA
                0x20019fa8       0x8c ./src/sub-systemCode/Global/GlobalParam.o
                0x20019fa8                set_tempComm_PA
 .text.set_tempEPS
                0x2001a034       0xc8 ./src/sub-systemCode/Global/GlobalParam.o
                0x2001a034                set_tempEPS
 .text.set_tempBatt
                0x2001a0fc       0xc8 ./src/sub-systemCode/Global/GlobalParam.o
                0x2001a0fc                set_tempBatt
 .text.set_RxDoppler
                0x2001a1c4       0x8c ./src/sub-systemCode/Global/GlobalParam.o
                0x2001a1c4                set_RxDoppler
 .text.set_RxRSSI
                0x2001a250       0x8c ./src/sub-systemCode/Global/GlobalParam.o
                0x2001a250                set_RxRSSI
 .text.set_TxRefl
                0x2001a2dc       0x8c ./src/sub-systemCode/Global/GlobalParam.o
                0x2001a2dc                set_TxRefl
 .text.set_TxForw
                0x2001a368       0x8c ./src/sub-systemCode/Global/GlobalParam.o
                0x2001a368                set_TxForw
 .text.get_ST   0x2001a3f4       0x98 ./src/sub-systemCode/Global/GlobalParam.o
                0x2001a3f4                get_ST
 .text.set_numOfAPRS
                0x2001a48c       0x8c ./src/sub-systemCode/Global/GlobalParam.o
                0x2001a48c                set_numOfAPRS
 .text.set_numOfDelayedCommand
                0x2001a518       0x8c ./src/sub-systemCode/Global/GlobalParam.o
                0x2001a518                set_numOfDelayedCommand
 .text.set_numOfResets
                0x2001a5a4       0xac ./src/sub-systemCode/Global/GlobalParam.o
                0x2001a5a4                set_numOfResets
 .text.set_ground_conn
                0x2001a650       0x88 ./src/sub-systemCode/Global/GlobalParam.o
                0x2001a650                set_ground_conn
 .text.get_ground_conn
                0x2001a6d8       0x94 ./src/sub-systemCode/Global/GlobalParam.o
                0x2001a6d8                get_ground_conn
 .text.delete_allTMFilesFromSD
                0x2001a76c       0xf8 ./src/sub-systemCode/Global/TM_managment.o
                0x2001a76c                delete_allTMFilesFromSD
 .text.getNumOfFilesInFS
                0x2001a864       0x44 ./src/sub-systemCode/Global/TM_managment.o
 .text.setNumOfFilesInFS
                0x2001a8a8       0x50 ./src/sub-systemCode/Global/TM_managment.o
 .text.InitializeFS
                0x2001a8f8      0x174 ./src/sub-systemCode/Global/TM_managment.o
                0x2001a8f8                InitializeFS
 .text.c_fileCreate
                0x2001aa6c       0xf4 ./src/sub-systemCode/Global/TM_managment.o
                0x2001aa6c                c_fileCreate
 .text.writewithEpochtime
                0x2001ab60       0xb0 ./src/sub-systemCode/Global/TM_managment.o
 .text.get_C_FILE_struct
                0x2001ac10      0x104 ./src/sub-systemCode/Global/TM_managment.o
 .text.getFileIndex
                0x2001ad14       0x4c ./src/sub-systemCode/Global/TM_managment.o
 .text.get_file_name_by_index
                0x2001ad60       0x54 ./src/sub-systemCode/Global/TM_managment.o
                0x2001ad60                get_file_name_by_index
 .text.c_fileReset
                0x2001adb4       0xbc ./src/sub-systemCode/Global/TM_managment.o
                0x2001adb4                c_fileReset
 .text.c_fileWrite
                0x2001ae70      0x11c ./src/sub-systemCode/Global/TM_managment.o
                0x2001ae70                c_fileWrite
 .text.c_fileRead
                0x2001af8c      0x28c ./src/sub-systemCode/Global/TM_managment.o
                0x2001af8c                c_fileRead
 .text.reset_APRS_list
                0x2001b218       0xa4 ./src/sub-systemCode/COMM/APRS.o
                0x2001b218                reset_APRS_list
 .text.send_APRS_Dump
                0x2001b2bc      0x1c4 ./src/sub-systemCode/COMM/APRS.o
                0x2001b2bc                send_APRS_Dump
 .text.check_APRS
                0x2001b480      0x1a4 ./src/sub-systemCode/COMM/APRS.o
                0x2001b480                check_APRS
 .text.get_APRS_list
                0x2001b624       0x88 ./src/sub-systemCode/COMM/APRS.o
                0x2001b624                get_APRS_list
 .text.find_CMD_in_list
                0x2001b6ac       0x7c ./src/sub-systemCode/COMM/DelayedCommand_list.o
                0x2001b6ac                find_CMD_in_list
 .text.find_empty_in_list
                0x2001b728       0x74 ./src/sub-systemCode/COMM/DelayedCommand_list.o
                0x2001b728                find_empty_in_list
 .text.check_delayCommandTime
                0x2001b79c       0x8c ./src/sub-systemCode/COMM/DelayedCommand_list.o
                0x2001b79c                check_delayCommandTime
 .text.execute_delayedCommand
                0x2001b828       0x64 ./src/sub-systemCode/COMM/DelayedCommand_list.o
                0x2001b828                execute_delayedCommand
 .text.check_delaycommand
                0x2001b88c      0x17c ./src/sub-systemCode/COMM/DelayedCommand_list.o
                0x2001b88c                check_delaycommand
 .text.reset_delayCommand
                0x2001ba08       0x8c ./src/sub-systemCode/COMM/DelayedCommand_list.o
                0x2001ba08                reset_delayCommand
 .text.add_delayCommand
                0x2001ba94      0x1a4 ./src/sub-systemCode/COMM/DelayedCommand_list.o
                0x2001ba94                add_delayCommand
 .text.get_delayCommand_list
                0x2001bc38       0x80 ./src/sub-systemCode/COMM/DelayedCommand_list.o
                0x2001bc38                get_delayCommand_list
 .text.EmptyOldestCommand
                0x2001bcb8       0xfc ./src/sub-systemCode/COMM/DelayedCommand_list.o
                0x2001bcb8                EmptyOldestCommand
 .text.decode_TCpacket
                0x2001bdb4      0x16c ./src/sub-systemCode/COMM/GSC.o
                0x2001bdb4                decode_TCpacket
 .text.encode_TCpacket
                0x2001bf20      0x114 ./src/sub-systemCode/COMM/GSC.o
                0x2001bf20                encode_TCpacket
 .text.encode_TMpacket
                0x2001c034      0x104 ./src/sub-systemCode/COMM/GSC.o
                0x2001c034                encode_TMpacket
 .text.build_raw_ACK
                0x2001c138       0xbc ./src/sub-systemCode/COMM/GSC.o
                0x2001c138                build_raw_ACK
 .text.build_data_field_ACK
                0x2001c1f4       0x74 ./src/sub-systemCode/COMM/GSC.o
                0x2001c1f4                build_data_field_ACK
 .text.init_trxvu
                0x2001c268      0x118 ./src/sub-systemCode/COMM/TRXVU.o
                0x2001c268                init_trxvu
 .text.TRXVU_task
                0x2001c380      0x18c ./src/sub-systemCode/COMM/TRXVU.o
                0x2001c380                TRXVU_task
 .text.dump_logic
                0x2001c50c      0x2ec ./src/sub-systemCode/COMM/TRXVU.o
                0x2001c50c                dump_logic
 .text.Dump_task
                0x2001c7f8      0x16c ./src/sub-systemCode/COMM/TRXVU.o
                0x2001c7f8                Dump_task
 .text.transponder_logic
                0x2001c964       0xbc ./src/sub-systemCode/COMM/TRXVU.o
                0x2001c964                transponder_logic
 .text.Transponder_task
                0x2001ca20      0x1e0 ./src/sub-systemCode/COMM/TRXVU.o
                0x2001ca20                Transponder_task
 .text.lookForRequestToDelete_transponder
                0x2001cc00       0xac ./src/sub-systemCode/COMM/TRXVU.o
                0x2001cc00                lookForRequestToDelete_transponder
 .text.lookForRequestToDelete_dump
                0x2001ccac       0x7c ./src/sub-systemCode/COMM/TRXVU.o
                0x2001ccac                lookForRequestToDelete_dump
 .text.sendRequestToStop_dump
                0x2001cd28       0x8c ./src/sub-systemCode/COMM/TRXVU.o
                0x2001cd28                sendRequestToStop_dump
 .text.sendRequestToStop_transponder
                0x2001cdb4       0x98 ./src/sub-systemCode/COMM/TRXVU.o
                0x2001cdb4                sendRequestToStop_transponder
 .text.Rx_logic
                0x2001ce4c      0x188 ./src/sub-systemCode/COMM/TRXVU.o
                0x2001ce4c                Rx_logic
 .text.pass_above_Ground
                0x2001cfd4      0x104 ./src/sub-systemCode/COMM/TRXVU.o
                0x2001cfd4                pass_above_Ground
 .text.trxvu_logic
                0x2001d0d8       0x1c ./src/sub-systemCode/COMM/TRXVU.o
                0x2001d0d8                trxvu_logic
 .text.Beacon_task
                0x2001d0f4      0x1d8 ./src/sub-systemCode/COMM/TRXVU.o
                0x2001d0f4                Beacon_task
 .text.buildAndSend_beacon
                0x2001d2cc      0x614 ./src/sub-systemCode/COMM/TRXVU.o
                0x2001d2cc                buildAndSend_beacon
 .text.reset_FRAM_TRXVU
                0x2001d8e0       0xc0 ./src/sub-systemCode/COMM/TRXVU.o
                0x2001d8e0                reset_FRAM_TRXVU
 .text.TRX_sendFrame
                0x2001d9a0      0x250 ./src/sub-systemCode/COMM/TRXVU.o
                0x2001d9a0                TRX_sendFrame
 .text.TRX_getFrameData
                0x2001dbf0      0x128 ./src/sub-systemCode/COMM/TRXVU.o
                0x2001dbf0                TRX_getFrameData
 .text.mute_Tx  0x2001dd18       0x20 ./src/sub-systemCode/COMM/TRXVU.o
                0x2001dd18                mute_Tx
 .text.unmute_Tx
                0x2001dd38       0x54 ./src/sub-systemCode/COMM/TRXVU.o
                0x2001dd38                unmute_Tx
 .text.check_time_off_mute
                0x2001dd8c       0x74 ./src/sub-systemCode/COMM/TRXVU.o
                0x2001dd8c                check_time_off_mute
 .text.set_mute_time
                0x2001de00       0xb4 ./src/sub-systemCode/COMM/TRXVU.o
                0x2001de00                set_mute_time
 .text.change_TRXVU_state
                0x2001deb4       0x98 ./src/sub-systemCode/COMM/TRXVU.o
                0x2001deb4                change_TRXVU_state
 .text.change_trans_RSSI
                0x2001df4c       0x60 ./src/sub-systemCode/COMM/TRXVU.o
                0x2001df4c                change_trans_RSSI
 .text.find_subType_ofImage
                0x2001dfac       0x98 ./src/sub-systemCode/COMM/imageDump.o
                0x2001dfac                find_subType_ofImage
 .text.buildAndSend_chunck
                0x2001e044       0xd0 ./src/sub-systemCode/COMM/imageDump.o
                0x2001e044                buildAndSend_chunck
 .text.bitField_imageDump
                0x2001e114      0x188 ./src/sub-systemCode/COMM/imageDump.o
                0x2001e114                bitField_imageDump
 .text.thumbnail_Dump
                0x2001e29c      0x23c ./src/sub-systemCode/COMM/imageDump.o
                0x2001e29c                thumbnail_Dump
 .text.imageDataBase_Dump
                0x2001e4d8      0x13c ./src/sub-systemCode/COMM/imageDump.o
                0x2001e4d8                imageDataBase_Dump
 .text.imageDump_task
                0x2001e614      0x474 ./src/sub-systemCode/COMM/imageDump.o
                0x2001e614                imageDump_task
 .text.init_adcs
                0x2001ea88      0x104 ./src/sub-systemCode/ADCS/ADCS.o
                0x2001ea88                init_adcs
 .text.telemtryStart
                0x2001eb8c      0x16c ./src/sub-systemCode/ADCS/Stage_Table.o
                0x2001eb8c                telemtryStart
 .text.powerStart
                0x2001ecf8       0x5c ./src/sub-systemCode/ADCS/Stage_Table.o
                0x2001ecf8                powerStart
 .text.createTable
                0x2001ed54       0xb4 ./src/sub-systemCode/ADCS/Stage_Table.o
                0x2001ed54                createTable
 .text.buildControlMode
                0x2001ee08       0x60 ./src/sub-systemCode/ADCS/Stage_Table.o
                0x2001ee08                buildControlMode
 .text.Check_Table
                0x2001ee68      0x178 ./src/sub-systemCode/ADCS/Stage_Table.o
                0x2001ee68                Check_Table
 .text.updateTable
                0x2001efe0      0x1f0 ./src/sub-systemCode/ADCS/Stage_Table.o
                0x2001efe0                updateTable
 .text.translateCommandFULL
                0x2001f1d0       0x78 ./src/sub-systemCode/ADCS/Stage_Table.o
                0x2001f1d0                translateCommandFULL
 .text.getTableTo
                0x2001f248       0x64 ./src/sub-systemCode/ADCS/Stage_Table.o
                0x2001f248                getTableTo
 .text.save_time
                0x2001f2ac       0x9c ./src/main.o
                0x2001f2ac                save_time
 .text.Command_logic
                0x2001f348       0x6c ./src/main.o
                0x2001f348                Command_logic
 .text.taskMain
                0x2001f3b4       0x74 ./src/main.o
                0x2001f3b4                taskMain
 .text.main     0x2001f428       0xb8 ./src/main.o
                0x2001f428                main
 .text.GomEpsInitialize
                0x2001f4e0      0x148 C:/ISIS/workspace/HOOPOE3/satellite-subsystems/demo/..//satellite-subsystems/lib\libSatelliteSubsystemsD.a(GomEPS.o)
                0x2001f4e0                GomEpsInitialize
 .text.makeEPStransfer
                0x2001f628       0x3c C:/ISIS/workspace/HOOPOE3/satellite-subsystems/demo/..//satellite-subsystems/lib\libSatelliteSubsystemsD.a(GomEPS.o)
 .text.GomEpsPing
                0x2001f664       0xf8 C:/ISIS/workspace/HOOPOE3/satellite-subsystems/demo/..//satellite-subsystems/lib\libSatelliteSubsystemsD.a(GomEPS.o)
                0x2001f664                GomEpsPing
 .text.GomEpsSoftReset
                0x2001f75c       0xc4 C:/ISIS/workspace/HOOPOE3/satellite-subsystems/demo/..//satellite-subsystems/lib\libSatelliteSubsystemsD.a(GomEPS.o)
                0x2001f75c                GomEpsSoftReset
 .text.GomEpsHardReset
                0x2001f820       0xa8 C:/ISIS/workspace/HOOPOE3/satellite-subsystems/demo/..//satellite-subsystems/lib\libSatelliteSubsystemsD.a(GomEPS.o)
                0x2001f820                GomEpsHardReset
 .text.GomEpsGetHkData_general
                0x2001f8c8      0x45c C:/ISIS/workspace/HOOPOE3/satellite-subsystems/demo/..//satellite-subsystems/lib\libSatelliteSubsystemsD.a(GomEPS.o)
                0x2001f8c8                GomEpsGetHkData_general
 .text.GomEpsGetHkData_basic
                0x2001fd24      0x22c C:/ISIS/workspace/HOOPOE3/satellite-subsystems/demo/..//satellite-subsystems/lib\libSatelliteSubsystemsD.a(GomEPS.o)
                0x2001fd24                GomEpsGetHkData_basic
 .text.GomEpsSetOutput
                0x2001ff50       0xbc C:/ISIS/workspace/HOOPOE3/satellite-subsystems/demo/..//satellite-subsystems/lib\libSatelliteSubsystemsD.a(GomEPS.o)
                0x2001ff50                GomEpsSetOutput
 .text.GomEpsResetWDT
                0x2002000c       0xc4 C:/ISIS/workspace/HOOPOE3/satellite-subsystems/demo/..//satellite-subsystems/lib\libSatelliteSubsystemsD.a(GomEPS.o)
                0x2002000c                GomEpsResetWDT
 .text.GomEpsConfigSet
                0x200200d0      0x184 C:/ISIS/workspace/HOOPOE3/satellite-subsystems/demo/..//satellite-subsystems/lib\libSatelliteSubsystemsD.a(GomEPS.o)
                0x200200d0                GomEpsConfigSet
 .text.makeAntStransfer
                0x20020254       0x4c C:/ISIS/workspace/HOOPOE3/satellite-subsystems/demo/..//satellite-subsystems/lib\libSatelliteSubsystemsD.a(IsisAntS.o)
 .text.checkInputsValid
                0x200202a0       0x7c C:/ISIS/workspace/HOOPOE3/satellite-subsystems/demo/..//satellite-subsystems/lib\libSatelliteSubsystemsD.a(IsisAntS.o)
 .text.IsisAntS_setArmStatus
                0x2002031c      0x104 C:/ISIS/workspace/HOOPOE3/satellite-subsystems/demo/..//satellite-subsystems/lib\libSatelliteSubsystemsD.a(IsisAntS.o)
                0x2002031c                IsisAntS_setArmStatus
 .text.IsisAntS_reset
                0x20020420      0x104 C:/ISIS/workspace/HOOPOE3/satellite-subsystems/demo/..//satellite-subsystems/lib\libSatelliteSubsystemsD.a(IsisAntS.o)
                0x20020420                IsisAntS_reset
 .text.IsisSolarPanelv2_initialize
                0x20020524       0xb4 C:/ISIS/workspace/HOOPOE3/satellite-subsystems/demo/..//satellite-subsystems/lib\libSatelliteSubsystemsD.a(IsisSolarPanelv2.o)
                0x20020524                IsisSolarPanelv2_initialize
 .text.IsisSolarPanelv2_getTemperature
                0x200205d8       0xc8 C:/ISIS/workspace/HOOPOE3/satellite-subsystems/demo/..//satellite-subsystems/lib\libSatelliteSubsystemsD.a(IsisSolarPanelv2.o)
                0x200205d8                IsisSolarPanelv2_getTemperature
 .text.IsisSolarPanelv2_sleep
                0x200206a0       0xbc C:/ISIS/workspace/HOOPOE3/satellite-subsystems/demo/..//satellite-subsystems/lib\libSatelliteSubsystemsD.a(IsisSolarPanelv2.o)
                0x200206a0                IsisSolarPanelv2_sleep
 .text.IsisSolarPanelv2_wakeup
                0x2002075c       0x80 C:/ISIS/workspace/HOOPOE3/satellite-subsystems/demo/..//satellite-subsystems/lib\libSatelliteSubsystemsD.a(IsisSolarPanelv2.o)
                0x2002075c                IsisSolarPanelv2_wakeup
 .text._Reset   0x200207dc       0x20 C:/ISIS/workspace/HOOPOE3/satellite-subsystems/demo/..//satellite-subsystems/lib\libSatelliteSubsystemsD.a(IsisSolarPanelv2.o)
 .text._WaitForStartup
                0x200207fc       0x90 C:/ISIS/workspace/HOOPOE3/satellite-subsystems/demo/..//satellite-subsystems/lib\libSatelliteSubsystemsD.a(IsisSolarPanelv2.o)
 .text._AssignAllChannels
                0x2002088c       0x90 C:/ISIS/workspace/HOOPOE3/satellite-subsystems/demo/..//satellite-subsystems/lib\libSatelliteSubsystemsD.a(IsisSolarPanelv2.o)
 .text._AssignThisChannel
                0x2002091c       0xe8 C:/ISIS/workspace/HOOPOE3/satellite-subsystems/demo/..//satellite-subsystems/lib\libSatelliteSubsystemsD.a(IsisSolarPanelv2.o)
 .text._InitiateConversion
                0x20020a04       0xac C:/ISIS/workspace/HOOPOE3/satellite-subsystems/demo/..//satellite-subsystems/lib\libSatelliteSubsystemsD.a(IsisSolarPanelv2.o)
 .text._WaitForConversionComplete
                0x20020ab0      0x100 C:/ISIS/workspace/HOOPOE3/satellite-subsystems/demo/..//satellite-subsystems/lib\libSatelliteSubsystemsD.a(IsisSolarPanelv2.o)
 .text._ReadResult
                0x20020bb0      0x158 C:/ISIS/workspace/HOOPOE3/satellite-subsystems/demo/..//satellite-subsystems/lib\libSatelliteSubsystemsD.a(IsisSolarPanelv2.o)
 .text._ExtractByte
                0x20020d08       0x38 C:/ISIS/workspace/HOOPOE3/satellite-subsystems/demo/..//satellite-subsystems/lib\libSatelliteSubsystemsD.a(IsisSolarPanelv2.o)
 .text._ExtendSign
                0x20020d40       0x6c C:/ISIS/workspace/HOOPOE3/satellite-subsystems/demo/..//satellite-subsystems/lib\libSatelliteSubsystemsD.a(IsisSolarPanelv2.o)
 .text._PinsInit
                0x20020dac       0x50 C:/ISIS/workspace/HOOPOE3/satellite-subsystems/demo/..//satellite-subsystems/lib\libSatelliteSubsystemsD.a(IsisSolarPanelv2.o)
 .text._SpiWriteRead
                0x20020dfc       0x70 C:/ISIS/workspace/HOOPOE3/satellite-subsystems/demo/..//satellite-subsystems/lib\libSatelliteSubsystemsD.a(IsisSolarPanelv2.o)
 .text.IsisTrxvu_initialize
                0x20020e6c      0x2f4 C:/ISIS/workspace/HOOPOE3/satellite-subsystems/demo/..//satellite-subsystems/lib\libSatelliteSubsystemsD.a(IsisTRXVU.o)
                0x20020e6c                IsisTrxvu_initialize
 .text.makeTRXVUtransfer
                0x20021160       0x44 C:/ISIS/workspace/HOOPOE3/satellite-subsystems/demo/..//satellite-subsystems/lib\libSatelliteSubsystemsD.a(IsisTRXVU.o)
 .text.IsisTrxvu_componentSoftReset
                0x200211a4       0x6c C:/ISIS/workspace/HOOPOE3/satellite-subsystems/demo/..//satellite-subsystems/lib\libSatelliteSubsystemsD.a(IsisTRXVU.o)
                0x200211a4                IsisTrxvu_componentSoftReset
 .text.IsisTrxvu_componentHardReset
                0x20021210       0xc8 C:/ISIS/workspace/HOOPOE3/satellite-subsystems/demo/..//satellite-subsystems/lib\libSatelliteSubsystemsD.a(IsisTRXVU.o)
                0x20021210                IsisTrxvu_componentHardReset
 .text.IsisTrxvu_softReset
                0x200212d8       0x74 C:/ISIS/workspace/HOOPOE3/satellite-subsystems/demo/..//satellite-subsystems/lib\libSatelliteSubsystemsD.a(IsisTRXVU.o)
                0x200212d8                IsisTrxvu_softReset
 .text.IsisTrxvu_hardReset
                0x2002134c       0x74 C:/ISIS/workspace/HOOPOE3/satellite-subsystems/demo/..//satellite-subsystems/lib\libSatelliteSubsystemsD.a(IsisTRXVU.o)
                0x2002134c                IsisTrxvu_hardReset
 .text.IsisTrxvu_tcSendAX25DefClSign
                0x200213c0       0xec C:/ISIS/workspace/HOOPOE3/satellite-subsystems/demo/..//satellite-subsystems/lib\libSatelliteSubsystemsD.a(IsisTRXVU.o)
                0x200213c0                IsisTrxvu_tcSendAX25DefClSign
 .text.IsisTrxvu_tcSetIdlestate
                0x200214ac       0xa4 C:/ISIS/workspace/HOOPOE3/satellite-subsystems/demo/..//satellite-subsystems/lib\libSatelliteSubsystemsD.a(IsisTRXVU.o)
                0x200214ac                IsisTrxvu_tcSetIdlestate
 .text.IsisTrxvu_tcSetAx25Bitrate
                0x20021550       0xc4 C:/ISIS/workspace/HOOPOE3/satellite-subsystems/demo/..//satellite-subsystems/lib\libSatelliteSubsystemsD.a(IsisTRXVU.o)
                0x20021550                IsisTrxvu_tcSetAx25Bitrate
 .text.IsisTrxvu_tcGetTelemetryAll_revC
                0x20021614       0xd0 C:/ISIS/workspace/HOOPOE3/satellite-subsystems/demo/..//satellite-subsystems/lib\libSatelliteSubsystemsD.a(IsisTRXVU.o)
                0x20021614                IsisTrxvu_tcGetTelemetryAll_revC
 .text.IsisTrxvu_rcGetFrameCount
                0x200216e4       0xa0 C:/ISIS/workspace/HOOPOE3/satellite-subsystems/demo/..//satellite-subsystems/lib\libSatelliteSubsystemsD.a(IsisTRXVU.o)
                0x200216e4                IsisTrxvu_rcGetFrameCount
 .text.IsisTrxvu_rcGetCommandFrame
                0x20021784      0x2d8 C:/ISIS/workspace/HOOPOE3/satellite-subsystems/demo/..//satellite-subsystems/lib\libSatelliteSubsystemsD.a(IsisTRXVU.o)
                0x20021784                IsisTrxvu_rcGetCommandFrame
 .text.IsisTrxvu_rcGetTelemetryAll_revC
                0x20021a5c       0xec C:/ISIS/workspace/HOOPOE3/satellite-subsystems/demo/..//satellite-subsystems/lib\libSatelliteSubsystemsD.a(IsisTRXVU.o)
                0x20021a5c                IsisTrxvu_rcGetTelemetryAll_revC
 .text.cspaceADCS_initialize
                0x20021b48      0x18c C:/ISIS/workspace/HOOPOE3/satellite-subsystems/demo/..//satellite-subsystems/lib\libSatelliteSubsystemsD.a(cspaceADCS.o)
                0x20021b48                cspaceADCS_initialize
 .text.make_cspaceADCStransfer
                0x20021cd4      0x1b4 C:/ISIS/workspace/HOOPOE3/satellite-subsystems/demo/..//satellite-subsystems/lib\libSatelliteSubsystemsD.a(cspaceADCS.o)
 .text.cspaceADCS_componentReset
                0x20021e88       0xbc C:/ISIS/workspace/HOOPOE3/satellite-subsystems/demo/..//satellite-subsystems/lib\libSatelliteSubsystemsD.a(cspaceADCS.o)
                0x20021e88                cspaceADCS_componentReset
 .text.cspaceADCS_setRunMode
                0x20021f44       0xbc C:/ISIS/workspace/HOOPOE3/satellite-subsystems/demo/..//satellite-subsystems/lib\libSatelliteSubsystemsD.a(cspaceADCS.o)
                0x20021f44                cspaceADCS_setRunMode
 .text.cspaceADCS_setPwrCtrlDevice
                0x20022000       0xd0 C:/ISIS/workspace/HOOPOE3/satellite-subsystems/demo/..//satellite-subsystems/lib\libSatelliteSubsystemsD.a(cspaceADCS.o)
                0x20022000                cspaceADCS_setPwrCtrlDevice
 .text.cspaceADCS_setAttCtrlMode
                0x200220d0       0xd0 C:/ISIS/workspace/HOOPOE3/satellite-subsystems/demo/..//satellite-subsystems/lib\libSatelliteSubsystemsD.a(cspaceADCS.o)
                0x200220d0                cspaceADCS_setAttCtrlMode
 .text.cspaceADCS_setAttEstMode
                0x200221a0       0xbc C:/ISIS/workspace/HOOPOE3/satellite-subsystems/demo/..//satellite-subsystems/lib\libSatelliteSubsystemsD.a(cspaceADCS.o)
                0x200221a0                cspaceADCS_setAttEstMode
 .text.cspaceADCS_getCurrentState
                0x2002225c       0xc4 C:/ISIS/workspace/HOOPOE3/satellite-subsystems/demo/..//satellite-subsystems/lib\libSatelliteSubsystemsD.a(cspaceADCS.o)
                0x2002225c                cspaceADCS_getCurrentState
 .text.cspaceADCS_getPwrCtrlDevice
                0x20022320       0xc4 C:/ISIS/workspace/HOOPOE3/satellite-subsystems/demo/..//satellite-subsystems/lib\libSatelliteSubsystemsD.a(cspaceADCS.o)
                0x20022320                cspaceADCS_getPwrCtrlDevice
 .text.GECKO_Init
                0x200223e4       0x40 C:/ISIS/workspace/HOOPOE3/satellite-subsystems/demo/..//satellite-subsystems/lib\libSatelliteSubsystemsD.a(gecko_driver.o)
                0x200223e4                GECKO_Init
 .text.GECKO_SetReg
                0x20022424      0x138 C:/ISIS/workspace/HOOPOE3/satellite-subsystems/demo/..//satellite-subsystems/lib\libSatelliteSubsystemsD.a(gecko_driver.o)
                0x20022424                GECKO_SetReg
 .text.GECKO_GetReg
                0x2002255c      0x110 C:/ISIS/workspace/HOOPOE3/satellite-subsystems/demo/..//satellite-subsystems/lib\libSatelliteSubsystemsD.a(gecko_driver.o)
                0x2002255c                GECKO_GetReg
 .text.GECKO_GetImgData
                0x2002266c       0x5c C:/ISIS/workspace/HOOPOE3/satellite-subsystems/demo/..//satellite-subsystems/lib\libSatelliteSubsystemsD.a(gecko_driver.o)
                0x2002266c                GECKO_GetImgData
 .text.GECKO_StartReadout
                0x200226c8       0xb8 C:/ISIS/workspace/HOOPOE3/satellite-subsystems/demo/..//satellite-subsystems/lib\libSatelliteSubsystemsD.a(gecko_driver.o)
                0x200226c8                GECKO_StartReadout
 .text.GECKO_StartSample
                0x20022780       0xb8 C:/ISIS/workspace/HOOPOE3/satellite-subsystems/demo/..//satellite-subsystems/lib\libSatelliteSubsystemsD.a(gecko_driver.o)
                0x20022780                GECKO_StartSample
 .text.GECKO_StartErase
                0x20022838       0xb8 C:/ISIS/workspace/HOOPOE3/satellite-subsystems/demo/..//satellite-subsystems/lib\libSatelliteSubsystemsD.a(gecko_driver.o)
                0x20022838                GECKO_StartErase
 .text.GECKO_EnableTestPattern
                0x200228f0       0xb8 C:/ISIS/workspace/HOOPOE3/satellite-subsystems/demo/..//satellite-subsystems/lib\libSatelliteSubsystemsD.a(gecko_driver.o)
                0x200228f0                GECKO_EnableTestPattern
 .text.GECKO_DisableTestPattern
                0x200229a8       0xb4 C:/ISIS/workspace/HOOPOE3/satellite-subsystems/demo/..//satellite-subsystems/lib\libSatelliteSubsystemsD.a(gecko_driver.o)
                0x200229a8                GECKO_DisableTestPattern
 .text.GECKO_GetFlashInitDone
                0x20022a5c       0x64 C:/ISIS/workspace/HOOPOE3/satellite-subsystems/demo/..//satellite-subsystems/lib\libSatelliteSubsystemsD.a(gecko_driver.o)
                0x20022a5c                GECKO_GetFlashInitDone
 .text.GECKO_GetReadReady
                0x20022ac0       0x64 C:/ISIS/workspace/HOOPOE3/satellite-subsystems/demo/..//satellite-subsystems/lib\libSatelliteSubsystemsD.a(gecko_driver.o)
                0x20022ac0                GECKO_GetReadReady
 .text.GECKO_GetReadDone
                0x20022b24       0x64 C:/ISIS/workspace/HOOPOE3/satellite-subsystems/demo/..//satellite-subsystems/lib\libSatelliteSubsystemsD.a(gecko_driver.o)
                0x20022b24                GECKO_GetReadDone
 .text.GECKO_GetSampleDone
                0x20022b88       0x64 C:/ISIS/workspace/HOOPOE3/satellite-subsystems/demo/..//satellite-subsystems/lib\libSatelliteSubsystemsD.a(gecko_driver.o)
                0x20022b88                GECKO_GetSampleDone
 .text.GECKO_GetEraseDone
                0x20022bec       0x64 C:/ISIS/workspace/HOOPOE3/satellite-subsystems/demo/..//satellite-subsystems/lib\libSatelliteSubsystemsD.a(gecko_driver.o)
                0x20022bec                GECKO_GetEraseDone
 .text.GECKO_ClearReadDone
                0x20022c50       0xb4 C:/ISIS/workspace/HOOPOE3/satellite-subsystems/demo/..//satellite-subsystems/lib\libSatelliteSubsystemsD.a(gecko_driver.o)
                0x20022c50                GECKO_ClearReadDone
 .text.GECKO_ClearSampleDone
                0x20022d04       0xb4 C:/ISIS/workspace/HOOPOE3/satellite-subsystems/demo/..//satellite-subsystems/lib\libSatelliteSubsystemsD.a(gecko_driver.o)
                0x20022d04                GECKO_ClearSampleDone
 .text.GECKO_ClearEraseDone
                0x20022db8       0xb4 C:/ISIS/workspace/HOOPOE3/satellite-subsystems/demo/..//satellite-subsystems/lib\libSatelliteSubsystemsD.a(gecko_driver.o)
                0x20022db8                GECKO_ClearEraseDone
 .text.GECKO_SetImageID
                0x20022e6c       0xcc C:/ISIS/workspace/HOOPOE3/satellite-subsystems/demo/..//satellite-subsystems/lib\libSatelliteSubsystemsD.a(gecko_driver.o)
                0x20022e6c                GECKO_SetImageID
 .text.GECKO_SetFrameAmount
                0x20022f38       0xbc C:/ISIS/workspace/HOOPOE3/satellite-subsystems/demo/..//satellite-subsystems/lib\libSatelliteSubsystemsD.a(gecko_driver.o)
                0x20022f38                GECKO_SetFrameAmount
 .text.GECKO_SensorOn
                0x20022ff4       0xb8 C:/ISIS/workspace/HOOPOE3/satellite-subsystems/demo/..//satellite-subsystems/lib\libSatelliteSubsystemsD.a(gecko_driver.o)
                0x20022ff4                GECKO_SensorOn
 .text.GECKO_SensorOff
                0x200230ac       0xb4 C:/ISIS/workspace/HOOPOE3/satellite-subsystems/demo/..//satellite-subsystems/lib\libSatelliteSubsystemsD.a(gecko_driver.o)
                0x200230ac                GECKO_SensorOff
 .text.GECKO_SetFrameRate
                0x20023160       0xc4 C:/ISIS/workspace/HOOPOE3/satellite-subsystems/demo/..//satellite-subsystems/lib\libSatelliteSubsystemsD.a(gecko_driver.o)
                0x20023160                GECKO_SetFrameRate
 .text.GECKO_GetTrainingDone
                0x20023224       0x64 C:/ISIS/workspace/HOOPOE3/satellite-subsystems/demo/..//satellite-subsystems/lib\libSatelliteSubsystemsD.a(gecko_driver.o)
                0x20023224                GECKO_GetTrainingDone
 .text.GECKO_GetTrainingError
                0x20023288       0x64 C:/ISIS/workspace/HOOPOE3/satellite-subsystems/demo/..//satellite-subsystems/lib\libSatelliteSubsystemsD.a(gecko_driver.o)
                0x20023288                GECKO_GetTrainingError
 .text.GECKO_SetAdcGain
                0x200232ec       0xc4 C:/ISIS/workspace/HOOPOE3/satellite-subsystems/demo/..//satellite-subsystems/lib\libSatelliteSubsystemsD.a(gecko_driver.o)
                0x200232ec                GECKO_SetAdcGain
 .text.GECKO_SetPgaGain
                0x200233b0       0xcc C:/ISIS/workspace/HOOPOE3/satellite-subsystems/demo/..//satellite-subsystems/lib\libSatelliteSubsystemsD.a(gecko_driver.o)
                0x200233b0                GECKO_SetPgaGain
 .text.GECKO_SetOffset
                0x2002347c       0xd0 C:/ISIS/workspace/HOOPOE3/satellite-subsystems/demo/..//satellite-subsystems/lib\libSatelliteSubsystemsD.a(gecko_driver.o)
                0x2002347c                GECKO_SetOffset
 .text.GECKO_SetExposure
                0x2002354c       0xc4 C:/ISIS/workspace/HOOPOE3/satellite-subsystems/demo/..//satellite-subsystems/lib\libSatelliteSubsystemsD.a(gecko_driver.o)
                0x2002354c                GECKO_SetExposure
 .text.GECKO_GetVoltageInput5V
                0x20023610       0xf4 C:/ISIS/workspace/HOOPOE3/satellite-subsystems/demo/..//satellite-subsystems/lib\libSatelliteSubsystemsD.a(gecko_driver.o)
                0x20023610                GECKO_GetVoltageInput5V
 .text.GECKO_GetCurrentInput5V
                0x20023704      0x130 C:/ISIS/workspace/HOOPOE3/satellite-subsystems/demo/..//satellite-subsystems/lib\libSatelliteSubsystemsD.a(gecko_driver.o)
                0x20023704                GECKO_GetCurrentInput5V
 .text.GECKO_GetVoltageFPGA1V
                0x20023834       0xd4 C:/ISIS/workspace/HOOPOE3/satellite-subsystems/demo/..//satellite-subsystems/lib\libSatelliteSubsystemsD.a(gecko_driver.o)
                0x20023834                GECKO_GetVoltageFPGA1V
 .text.GECKO_GetCurrentFPGA1V
                0x20023908      0x130 C:/ISIS/workspace/HOOPOE3/satellite-subsystems/demo/..//satellite-subsystems/lib\libSatelliteSubsystemsD.a(gecko_driver.o)
                0x20023908                GECKO_GetCurrentFPGA1V
 .text.GECKO_GetVoltageFPGA1V8
                0x20023a38       0xd4 C:/ISIS/workspace/HOOPOE3/satellite-subsystems/demo/..//satellite-subsystems/lib\libSatelliteSubsystemsD.a(gecko_driver.o)
                0x20023a38                GECKO_GetVoltageFPGA1V8
 .text.GECKO_GetCurrentFPGA1V8
                0x20023b0c      0x130 C:/ISIS/workspace/HOOPOE3/satellite-subsystems/demo/..//satellite-subsystems/lib\libSatelliteSubsystemsD.a(gecko_driver.o)
                0x20023b0c                GECKO_GetCurrentFPGA1V8
 .text.GECKO_GetVoltageFPGA2V5
                0x20023c3c       0xe8 C:/ISIS/workspace/HOOPOE3/satellite-subsystems/demo/..//satellite-subsystems/lib\libSatelliteSubsystemsD.a(gecko_driver.o)
                0x20023c3c                GECKO_GetVoltageFPGA2V5
 .text.GECKO_GetCurrentFPGA2V5
                0x20023d24      0x130 C:/ISIS/workspace/HOOPOE3/satellite-subsystems/demo/..//satellite-subsystems/lib\libSatelliteSubsystemsD.a(gecko_driver.o)
                0x20023d24                GECKO_GetCurrentFPGA2V5
 .text.GECKO_GetVoltageFPGA3V3
                0x20023e54       0xe8 C:/ISIS/workspace/HOOPOE3/satellite-subsystems/demo/..//satellite-subsystems/lib\libSatelliteSubsystemsD.a(gecko_driver.o)
                0x20023e54                GECKO_GetVoltageFPGA3V3
 .text.GECKO_GetCurrentFPGA3V3
                0x20023f3c      0x130 C:/ISIS/workspace/HOOPOE3/satellite-subsystems/demo/..//satellite-subsystems/lib\libSatelliteSubsystemsD.a(gecko_driver.o)
                0x20023f3c                GECKO_GetCurrentFPGA3V3
 .text.GECKO_GetVoltageFlash1V8
                0x2002406c       0xd4 C:/ISIS/workspace/HOOPOE3/satellite-subsystems/demo/..//satellite-subsystems/lib\libSatelliteSubsystemsD.a(gecko_driver.o)
                0x2002406c                GECKO_GetVoltageFlash1V8
 .text.GECKO_GetCurrentFlash1V8
                0x20024140      0x130 C:/ISIS/workspace/HOOPOE3/satellite-subsystems/demo/..//satellite-subsystems/lib\libSatelliteSubsystemsD.a(gecko_driver.o)
                0x20024140                GECKO_GetCurrentFlash1V8
 .text.GECKO_GetVoltageFlash3V3
                0x20024270       0xe8 C:/ISIS/workspace/HOOPOE3/satellite-subsystems/demo/..//satellite-subsystems/lib\libSatelliteSubsystemsD.a(gecko_driver.o)
                0x20024270                GECKO_GetVoltageFlash3V3
 .text.GECKO_GetCurrentFlash3V3
                0x20024358      0x130 C:/ISIS/workspace/HOOPOE3/satellite-subsystems/demo/..//satellite-subsystems/lib\libSatelliteSubsystemsD.a(gecko_driver.o)
                0x20024358                GECKO_GetCurrentFlash3V3
 .text.GECKO_GetVoltageSNSR1V8
                0x20024488       0xe8 C:/ISIS/workspace/HOOPOE3/satellite-subsystems/demo/..//satellite-subsystems/lib\libSatelliteSubsystemsD.a(gecko_driver.o)
                0x20024488                GECKO_GetVoltageSNSR1V8
 .text.GECKO_GetCurrentSNSR1V8
                0x20024570      0x130 C:/ISIS/workspace/HOOPOE3/satellite-subsystems/demo/..//satellite-subsystems/lib\libSatelliteSubsystemsD.a(gecko_driver.o)
                0x20024570                GECKO_GetCurrentSNSR1V8
 .text.GECKO_GetVoltageSNSRVDDPIX
                0x200246a0       0xe8 C:/ISIS/workspace/HOOPOE3/satellite-subsystems/demo/..//satellite-subsystems/lib\libSatelliteSubsystemsD.a(gecko_driver.o)
                0x200246a0                GECKO_GetVoltageSNSRVDDPIX
 .text.GECKO_GetCurrentSNSRVDDPIX
                0x20024788      0x130 C:/ISIS/workspace/HOOPOE3/satellite-subsystems/demo/..//satellite-subsystems/lib\libSatelliteSubsystemsD.a(gecko_driver.o)
                0x20024788                GECKO_GetCurrentSNSRVDDPIX
 .text.GECKO_GetVoltageSNSR3V3
                0x200248b8       0xe8 C:/ISIS/workspace/HOOPOE3/satellite-subsystems/demo/..//satellite-subsystems/lib\libSatelliteSubsystemsD.a(gecko_driver.o)
                0x200248b8                GECKO_GetVoltageSNSR3V3
 .text.GECKO_GetCurrentSNSR3V3
                0x200249a0      0x130 C:/ISIS/workspace/HOOPOE3/satellite-subsystems/demo/..//satellite-subsystems/lib\libSatelliteSubsystemsD.a(gecko_driver.o)
                0x200249a0                GECKO_GetCurrentSNSR3V3
 .text.GECKO_GetVoltageFlashVTT09
                0x20024ad0       0xd4 C:/ISIS/workspace/HOOPOE3/satellite-subsystems/demo/..//satellite-subsystems/lib\libSatelliteSubsystemsD.a(gecko_driver.o)
                0x20024ad0                GECKO_GetVoltageFlashVTT09
 .text.GECKO_GetTempSMU3AB
                0x20024ba4      0x35c C:/ISIS/workspace/HOOPOE3/satellite-subsystems/demo/..//satellite-subsystems/lib\libSatelliteSubsystemsD.a(gecko_driver.o)
                0x20024ba4                GECKO_GetTempSMU3AB
 .text.GECKO_GetTempSMU3BC