Archive member included because of file (symbol)

c:/isis/application/toolchain/bin/../lib/gcc/arm-none-eabi/4.7.4/../../../../arm-none-eabi/lib\libc_s.a(lib_a-vfprintf_float.o)
                              (_printf_float)
c:/isis/application/toolchain/bin/../lib/gcc/arm-none-eabi/4.7.4/../../../../arm-none-eabi/lib\libc_s.a(lib_a-vfprintf_i.o)
                              c:/isis/application/toolchain/bin/../lib/gcc/arm-none-eabi/4.7.4/../../../../arm-none-eabi/lib\libc_s.a(lib_a-vfprintf_float.o) (_printf_common)
c:/isis/application/toolchain/bin/../lib/gcc/arm-none-eabi/4.7.4/../../../../arm-none-eabi/lib\libc_s.a(lib_a-vfscanf_float.o)
                              (_scanf_float)
c:/isis/application/toolchain/bin/../lib/gcc/arm-none-eabi/4.7.4/../../../../arm-none-eabi/lib\libc_s.a(lib_a-dtoa.o)
                              c:/isis/application/toolchain/bin/../lib/gcc/arm-none-eabi/4.7.4/../../../../arm-none-eabi/lib\libc_s.a(lib_a-vfprintf_float.o) (_dtoa_r)
c:/isis/application/toolchain/bin/../lib/gcc/arm-none-eabi/4.7.4/../../../../arm-none-eabi/lib\libc_s.a(lib_a-locale.o)
                              c:/isis/application/toolchain/bin/../lib/gcc/arm-none-eabi/4.7.4/../../../../arm-none-eabi/lib\libc_s.a(lib_a-vfprintf_float.o) (_localeconv_r)
c:/isis/application/toolchain/bin/../lib/gcc/arm-none-eabi/4.7.4/../../../../arm-none-eabi/lib\libc_s.a(lib_a-malloc.o)
                              c:/isis/application/toolchain/bin/../lib/gcc/arm-none-eabi/4.7.4/../../../../arm-none-eabi/lib\libc_s.a(lib_a-dtoa.o) (malloc)
c:/isis/application/toolchain/bin/../lib/gcc/arm-none-eabi/4.7.4/../../../../arm-none-eabi/lib\libc_s.a(lib_a-mallocr.o)
                              c:/isis/application/toolchain/bin/../lib/gcc/arm-none-eabi/4.7.4/../../../../arm-none-eabi/lib\libc_s.a(lib_a-malloc.o) (_malloc_r)
c:/isis/application/toolchain/bin/../lib/gcc/arm-none-eabi/4.7.4/../../../../arm-none-eabi/lib\libc_s.a(lib_a-memcpy.o)
                              c:/isis/application/toolchain/bin/../lib/gcc/arm-none-eabi/4.7.4/../../../../arm-none-eabi/lib\libc_s.a(lib_a-dtoa.o) (memcpy)
c:/isis/application/toolchain/bin/../lib/gcc/arm-none-eabi/4.7.4/../../../../arm-none-eabi/lib\libc_s.a(lib_a-mprec.o)
                              c:/isis/application/toolchain/bin/../lib/gcc/arm-none-eabi/4.7.4/../../../../arm-none-eabi/lib\libc_s.a(lib_a-dtoa.o) (_Balloc)
c:/isis/application/toolchain/bin/../lib/gcc/arm-none-eabi/4.7.4/../../../../arm-none-eabi/lib\libc_s.a(lib_a-s_fpclassify.o)
                              c:/isis/application/toolchain/bin/../lib/gcc/arm-none-eabi/4.7.4/../../../../arm-none-eabi/lib\libc_s.a(lib_a-vfprintf_float.o) (__fpclassifyd)
c:/isis/application/toolchain/bin/../lib/gcc/arm-none-eabi/4.7.4/../../../../arm-none-eabi/lib\libc_s.a(lib_a-sbrkr.o)
                              c:/isis/application/toolchain/bin/../lib/gcc/arm-none-eabi/4.7.4/../../../../arm-none-eabi/lib\libc_s.a(lib_a-mallocr.o) (_sbrk_r)
c:/isis/application/toolchain/bin/../lib/gcc/arm-none-eabi/4.7.4/../../../../arm-none-eabi/lib\libc_s.a(lib_a-sf_nan.o)
                              c:/isis/application/toolchain/bin/../lib/gcc/arm-none-eabi/4.7.4/../../../../arm-none-eabi/lib\libc_s.a(lib_a-vfscanf_float.o) (nanf)
c:/isis/application/toolchain/bin/../lib/gcc/arm-none-eabi/4.7.4/../../../../arm-none-eabi/lib\libc_s.a(lib_a-sprintf.o)
                              c:/isis/application/toolchain/bin/../lib/gcc/arm-none-eabi/4.7.4/../../../../arm-none-eabi/lib\libc_s.a(lib_a-vfscanf_float.o) (sprintf)
c:/isis/application/toolchain/bin/../lib/gcc/arm-none-eabi/4.7.4/../../../../arm-none-eabi/lib\libc_s.a(lib_a-strcmp.o)
                              c:/isis/application/toolchain/bin/../lib/gcc/arm-none-eabi/4.7.4/../../../../arm-none-eabi/lib\libc_s.a(lib_a-locale.o) (strcmp)
c:/isis/application/toolchain/bin/../lib/gcc/arm-none-eabi/4.7.4/../../../../arm-none-eabi/lib\libc_s.a(lib_a-strlen.o)
                              c:/isis/application/toolchain/bin/../lib/gcc/arm-none-eabi/4.7.4/../../../../arm-none-eabi/lib\libc_s.a(lib_a-vfprintf_float.o) (strlen)
c:/isis/application/toolchain/bin/../lib/gcc/arm-none-eabi/4.7.4/../../../../arm-none-eabi/lib\libc_s.a(lib_a-strtod.o)
                              c:/isis/application/toolchain/bin/../lib/gcc/arm-none-eabi/4.7.4/../../../../arm-none-eabi/lib\libc_s.a(lib_a-vfscanf_float.o) (_strtod_r)
c:/isis/application/toolchain/bin/../lib/gcc/arm-none-eabi/4.7.4/../../../../arm-none-eabi/lib\libc_s.a(lib_a-strtol.o)
                              c:/isis/application/toolchain/bin/../lib/gcc/arm-none-eabi/4.7.4/../../../../arm-none-eabi/lib\libc_s.a(lib_a-vfscanf_float.o) (_strtol_r)
c:/isis/application/toolchain/bin/../lib/gcc/arm-none-eabi/4.7.4/../../../../arm-none-eabi/lib\libc_s.a(lib_a-svfprintf.o)
                              c:/isis/application/toolchain/bin/../lib/gcc/arm-none-eabi/4.7.4/../../../../arm-none-eabi/lib\libc_s.a(lib_a-sprintf.o) (_svfprintf_r)
[...]
Memory Configuration

Name             Origin             Length             Attributes
sram0            0x00200000         0x00004000         w !xr
sram1            0x00300000         0x00004000         w !xr
sdram            0x20000000         0x02000000         w !xr
*default*        0x00000000         0xffffffff

Linker script and memory map

LOAD c:/isis/application/toolchain/bin/../lib/gcc/arm-none-eabi/4.7.4/../../../../arm-none-eabi/lib\libc_s.a
LOAD ./src/sub-systemCode/payload/Request Management/Dump/Butchering.o
LOAD ./src/sub-systemCode/payload/Request Management/Dump/imageDump.o
LOAD ./src/sub-systemCode/payload/Request Management/AutomaticImageHandler.o
LOAD ./src/sub-systemCode/payload/Request Management/CameraManeger.o
LOAD ./src/sub-systemCode/payload/Request Management/DB_RequestHandling.o
LOAD ./src/sub-systemCode/payload/Misc/Boolean_bit.o
LOAD ./src/sub-systemCode/payload/Misc/FileSystem.o
LOAD ./src/sub-systemCode/payload/Drivers/GeckoCameraDriver.o
LOAD ./src/sub-systemCode/payload/DataBase/DataBase.o
LOAD ./src/sub-systemCode/payload/Compression/jpeg/bmp/rawToBMP.o
LOAD ./src/sub-systemCode/payload/Compression/jpeg/DCT.o
LOAD ./src/sub-systemCode/payload/Compression/jpeg/ImgCompressor.o
LOAD ./src/sub-systemCode/payload/Compression/jpeg/color_conv.o
LOAD ./src/sub-systemCode/payload/Compression/jpeg/jpeg.o
LOAD ./src/sub-systemCode/payload/Compression/jpeg/jpeg_encoder.o
LOAD ./src/sub-systemCode/payload/Compression/jpeg/jpeg_memory_alloc.o
LOAD ./src/sub-systemCode/payload/Compression/jpeg/jpeg_params.o
LOAD ./src/sub-systemCode/payload/Compression/jpeg/output_stream.o
LOAD ./src/sub-systemCode/payload/Compression/ImageConversion.o
LOAD ./src/sub-systemCode/Main/CMD/ADCS_CMD.o
LOAD ./src/sub-systemCode/Main/CMD/COMM_CMD.o
LOAD ./src/sub-systemCode/Main/CMD/EPS_CMD.o
LOAD ./src/sub-systemCode/Main/CMD/General_CMD.o
LOAD ./src/sub-systemCode/Main/CMD/SW_CMD.o
LOAD ./src/sub-systemCode/Main/CMD/payload_CMD.o
LOAD ./src/sub-systemCode/Main/Ants.o
LOAD ./src/sub-systemCode/Main/EPS.o
LOAD ./src/sub-systemCode/Main/HouseKeeping.o
LOAD ./src/sub-systemCode/Main/Main_Init.o
LOAD ./src/sub-systemCode/Main/commands.o
LOAD ./src/sub-systemCode/Global/FileDump.o
LOAD ./src/sub-systemCode/Global/GenericTaskSave.o
LOAD ./src/sub-systemCode/Global/Global.o
LOAD ./src/sub-systemCode/Global/GlobalParam.o
LOAD ./src/sub-systemCode/Global/OnlineTM.o
LOAD ./src/sub-systemCode/Global/TLM_management.o
LOAD ./src/sub-systemCode/Global/freertosExtended.o
LOAD ./src/sub-systemCode/Global/logger.o
LOAD ./src/sub-systemCode/CUF/CUF.o
LOAD ./src/sub-systemCode/CUF/uploadCodeTelemetry.o
LOAD ./src/sub-systemCode/COMM/APRS.o
LOAD ./src/sub-systemCode/COMM/DelayedCommand_list.o
LOAD ./src/sub-systemCode/COMM/GSC.o
LOAD ./src/sub-systemCode/COMM/TRXVU.o
LOAD ./src/sub-systemCode/ADCS/AdcsCommands.o
LOAD ./src/sub-systemCode/ADCS/AdcsGetDataAndTlm.o
LOAD ./src/sub-systemCode/ADCS/AdcsMain.o
LOAD ./src/sub-systemCode/ADCS/AdcsTroubleShooting.o
LOAD ./src/sub-systemCode/ADCS/StateMachine.o
LOAD ./src/main.o
LOAD C:/HOOPOE3/satellite-subsystems/demo/..//satellite-subsystems/lib\libSatelliteSubsystemsD.a
LOAD c:/isis/application/toolchain/bin/../lib/gcc/arm-none-eabi/4.7.4/../../../../arm-none-eabi/lib\libm.a
LOAD C:/HOOPOE3/satellite-subsystems/demo/../..//hal/hcc/lib\libHCCD.a
LOAD C:/HOOPOE3/satellite-subsystems/demo/../..//hal/hal/lib\libHALD.a
LOAD C:/HOOPOE3/satellite-subsystems/demo/../..//hal/freertos/lib\libFreeRTOSD.a
LOAD C:/HOOPOE3/satellite-subsystems/demo/../..//hal/at91/lib\libAt91D.a
START GROUP
LOAD c:/isis/application/toolchain/bin/../lib/gcc/arm-none-eabi/4.7.4\libgcc.a
LOAD c:/isis/application/toolchain/bin/../lib/gcc/arm-none-eabi/4.7.4/../../../../arm-none-eabi/lib\libc_s.a
END GROUP

.fixed          0x20000000    0x60be4
                0x20000000                . = ALIGN (0x4)
                0x20000000                _sfixed = .
 *(.startup)
 .startup       0x20000000      0x134 C:/HOOPOE3/satellite-subsystems/demo/../..//hal/at91/lib\libAt91D.a(board_cstartup.o)
                0x20000000                entry
 *(.text)
 .text          0x20000134       0x64 C:/HOOPOE3/satellite-subsystems/demo/../..//hal/at91/lib\libAt91D.a(cp15_asm.o)
                0x20000134                _readControlRegister
                0x20000140                _writeControlRegister
                0x20000148                _waitForInterrupt
                0x20000154                _writeTTB
                0x2000015c                _writeDomain
                0x20000164                _writeITLBLockdown
                0x2000016c                _prefetchICacheLine
                0x20000174                _flushDCache
                0x20000180                _flushWriteBuffer
                0x2000018c                _invalidateIDTLBs
 .text          0x20000198      0x114 c:/isis/application/toolchain/bin/../lib/gcc/arm-none-eabi/4.7.4\libgcc.a(_udivsi3.o)
                0x20000198                __aeabi_uidiv
                0x20000198                __udivsi3
                0x2000028c                __aeabi_uidivmod
 .text          0x200002ac      0x148 c:/isis/application/toolchain/bin/../lib/gcc/arm-none-eabi/4.7.4\libgcc.a(_divsi3.o)
                0x200002ac                __divsi3
                0x200002ac                __aeabi_idiv
                0x200003d4                __aeabi_idivmod
 .text          0x200003f4        0x4 c:/isis/application/toolchain/bin/../lib/gcc/arm-none-eabi/4.7.4\libgcc.a(_dvmd_tls.o)
                0x200003f4                __aeabi_idiv0
                0x200003f4                __aeabi_ldiv0
 .text          0x200003f8      0x41c c:/isis/application/toolchain/bin/../lib/gcc/arm-none-eabi/4.7.4\libgcc.a(_arm_addsubdf3.o)
                0x200003f8                __aeabi_drsub
                0x20000400                __aeabi_dsub
                0x20000400                __subdf3
                0x20000404                __aeabi_dadd
                0x20000404                __adddf3
                0x20000714                __floatunsidf
                0x20000714                __aeabi_ui2d
                0x20000738                __floatsidf
                0x20000738                __aeabi_i2d
                0x20000760                __aeabi_f2d
                0x20000760                __extendsfdf2
                0x200007a0                __floatundidf
                0x200007a0                __aeabi_ul2d
                0x200007b4                __floatdidf
                0x200007b4                __aeabi_l2d
 .text          0x20000814      0x49c c:/isis/application/toolchain/bin/../lib/gcc/arm-none-eabi/4.7.4\libgcc.a(_arm_muldivdf3.o)
                0x20000814                __aeabi_dmul
                0x20000814                __muldf3
                0x20000aa4                __divdf3
                0x20000aa4                __aeabi_ddiv
 .text          0x20000cb0      0x144 c:/isis/application/toolchain/bin/../lib/gcc/arm-none-eabi/4.7.4\libgcc.a(_arm_cmpdf2.o)
                0x20000cb0                __gtdf2
                0x20000cb0                __gedf2
                0x20000cb8                __ltdf2
                0x20000cb8                __ledf2
                0x20000cc0                __nedf2
                0x20000cc0                __eqdf2
                0x20000cc0                __cmpdf2
                0x20000d48                __aeabi_cdrcmple
                0x20000d64                __aeabi_cdcmpeq
                0x20000d64                __aeabi_cdcmple
                0x20000d7c                __aeabi_dcmpeq
                0x20000d94                __aeabi_dcmplt
                0x20000dac                __aeabi_dcmple
                0x20000dc4                __aeabi_dcmpge
                0x20000ddc                __aeabi_dcmpgt
 .text          0x20000df4       0x5c c:/isis/application/toolchain/bin/../lib/gcc/arm-none-eabi/4.7.4\libgcc.a(_arm_fixdfsi.o)
                0x20000df4                __aeabi_d2iz
                0x20000df4                __fixdfsi
 .text          0x20000e50       0x54 c:/isis/application/toolchain/bin/../lib/gcc/arm-none-eabi/4.7.4\libgcc.a(_arm_fixunsdfsi.o)
                0x20000e50                __aeabi_d2uiz
                0x20000e50                __fixunsdfsi
 .text          0x20000ea4       0xa0 c:/isis/application/toolchain/bin/../lib/gcc/arm-none-eabi/4.7.4\libgcc.a(_arm_truncdfsf2.o)
                0x20000ea4                __truncdfsf2
                0x20000ea4                __aeabi_d2f
 .text          0x20000f44      0x2ac c:/isis/application/toolchain/bin/../lib/gcc/arm-none-eabi/4.7.4\libgcc.a(_arm_addsubsf3.o)
                0x20000f44                __aeabi_frsub
                0x20000f4c                __subsf3
                0x20000f4c                __aeabi_fsub
                0x20000f50                __aeabi_fadd
                0x20000f50                __addsf3
                0x2000110c                __aeabi_ui2f
                0x2000110c                __floatunsisf
                0x20001114                __aeabi_i2f
                0x20001114                __floatsisf
                0x20001134                __aeabi_ul2f
                0x20001134                __floatundisf
                0x20001144                __aeabi_l2f
                0x20001144                __floatdisf
 .text          0x200011f0      0x2f8 c:/isis/application/toolchain/bin/../lib/gcc/arm-none-eabi/4.7.4\libgcc.a(_arm_muldivsf3.o)
                0x200011f0                __mulsf3
                0x200011f0                __aeabi_fmul
                0x20001388                __aeabi_fdiv
                0x20001388                __divsf3
 .text          0x200014e8      0x114 c:/isis/application/toolchain/bin/../lib/gcc/arm-none-eabi/4.7.4\libgcc.a(_arm_cmpsf2.o)
                0x200014e8                __gesf2
                0x200014e8                __gtsf2
                0x200014f0                __lesf2
                0x200014f0                __ltsf2
                0x200014f8                __nesf2
                0x200014f8                __eqsf2
                0x200014f8                __cmpsf2
                0x2000155c                __aeabi_cfrcmple
                0x2000156c                __aeabi_cfcmpeq
                0x2000156c                __aeabi_cfcmple
                0x20001584                __aeabi_fcmpeq
                0x2000159c                __aeabi_fcmplt
                0x200015b4                __aeabi_fcmple
                0x200015cc                __aeabi_fcmpge
                0x200015e4                __aeabi_fcmpgt
 .text          0x200015fc       0x54 c:/isis/application/toolchain/bin/../lib/gcc/arm-none-eabi/4.7.4\libgcc.a(_arm_fixunssfsi.o)
                0x200015fc                __fixunssfsi
                0x200015fc                __aeabi_f2uiz
 *(.text*)
 .text.__cvt    0x20001650      0x138 c:/isis/application/toolchain/bin/../lib/gcc/arm-none-eabi/4.7.4/../../../../arm-none-eabi/lib\libc_s.a(lib_a-vfprintf_float.o)
                0x20001650                __cvt
 .text.__exponent
                0x20001788       0xa8 c:/isis/application/toolchain/bin/../lib/gcc/arm-none-eabi/4.7.4/../../../../arm-none-eabi/lib\libc_s.a(lib_a-vfprintf_float.o)
                0x20001788                __exponent
 .text._printf_float
                0x20001830      0x7dc c:/isis/application/toolchain/bin/../lib/gcc/arm-none-eabi/4.7.4/../../../../arm-none-eabi/lib\libc_s.a(lib_a-vfprintf_float.o)
                0x20001830                _printf_float
 .text._printf_common
                0x2000200c      0x174 c:/isis/application/toolchain/bin/../lib/gcc/arm-none-eabi/4.7.4/../../../../arm-none-eabi/lib\libc_s.a(lib_a-vfprintf_i.o)
                0x2000200c                _printf_common
 .text._printf_i
                0x20002180      0x3c4 c:/isis/application/toolchain/bin/../lib/gcc/arm-none-eabi/4.7.4/../../../../arm-none-eabi/lib\libc_s.a(lib_a-vfprintf_i.o)
                0x20002180                _printf_i
 .text._scanf_float
                0x20002544      0x5f4 c:/isis/application/toolchain/bin/../lib/gcc/arm-none-eabi/4.7.4/../../../../arm-none-eabi/lib\libc_s.a(lib_a-vfscanf_float.o)
                0x20002544                _scanf_float
 .text.quorem   0x20002b38      0x1ac c:/isis/application/toolchain/bin/../lib/gcc/arm-none-eabi/4.7.4/../../../../arm-none-eabi/lib\libc_s.a(lib_a-dtoa.o)
 .text._dtoa_r  0x20002ce4     0x1268 c:/isis/application/toolchain/bin/../lib/gcc/arm-none-eabi/4.7.4/../../../../arm-none-eabi/lib\libc_s.a(lib_a-dtoa.o)
                0x20002ce4                _dtoa_r
 .text._localeconv_r
                0x20003f4c        0xc c:/isis/application/toolchain/bin/../lib/gcc/arm-none-eabi/4.7.4/../../../../arm-none-eabi/lib\libc_s.a(lib_a-locale.o)
                0x20003f4c                _localeconv_r
 .text.malloc   0x20003f58       0x20 c:/isis/application/toolchain/bin/../lib/gcc/arm-none-eabi/4.7.4/../../../../arm-none-eabi/lib\libc_s.a(lib_a-malloc.o)
                0x20003f58                malloc
 .text.free     0x20003f78       0x20 c:/isis/application/toolchain/bin/../lib/gcc/arm-none-eabi/4.7.4/../../../../arm-none-eabi/lib\libc_s.a(lib_a-malloc.o)
                0x20003f78                free
 .text._malloc_r
                0x20003f98       0xfc c:/isis/application/toolchain/bin/../lib/gcc/arm-none-eabi/4.7.4/../../../../arm-none-eabi/lib\libc_s.a(lib_a-mallocr.o)
                0x20003f98                _malloc_r
 .text.memcpy   0x20004094       0x20 c:/isis/application/toolchain/bin/../lib/gcc/arm-none-eabi/4.7.4/../../../../arm-none-eabi/lib\libc_s.a(lib_a-memcpy.o)
                0x20004094                memcpy
 .text._Balloc  0x200040b4       0xcc c:/isis/application/toolchain/bin/../lib/gcc/arm-none-eabi/4.7.4/../../../../arm-none-eabi/lib\libc_s.a(lib_a-mprec.o)
                0x200040b4                _Balloc
 .text._Bfree   0x20004180       0x5c c:/isis/application/toolchain/bin/../lib/gcc/arm-none-eabi/4.7.4/../../../../arm-none-eabi/lib\libc_s.a(lib_a-mprec.o)
                0x20004180                _Bfree
 .text.__multadd
                0x200041dc       0xbc c:/isis/application/toolchain/bin/../lib/gcc/arm-none-eabi/4.7.4/../../../../arm-none-eabi/lib\libc_s.a(lib_a-mprec.o)
                0x200041dc                __multadd
 .text.__s2b    0x20004298       0xd8 c:/isis/application/toolchain/bin/../lib/gcc/arm-none-eabi/4.7.4/../../../../arm-none-eabi/lib\libc_s.a(lib_a-mprec.o)
                0x20004298                __s2b
 .text.__hi0bits
                0x20004370       0x58 c:/isis/application/toolchain/bin/../lib/gcc/arm-none-eabi/4.7.4/../../../../arm-none-eabi/lib\libc_s.a(lib_a-mprec.o)
                0x20004370                __hi0bits
 .text.__lo0bits
                0x200043c8       0x94 c:/isis/application/toolchain/bin/../lib/gcc/arm-none-eabi/4.7.4/../../../../arm-none-eabi/lib\libc_s.a(lib_a-mprec.o)
                0x200043c8                __lo0bits
 .text.__i2b    0x2000445c       0x24 c:/isis/application/toolchain/bin/../lib/gcc/arm-none-eabi/4.7.4/../../../../arm-none-eabi/lib\libc_s.a(lib_a-mprec.o)
                0x2000445c                __i2b
 .text.__multiply
                0x20004480      0x1ac c:/isis/application/toolchain/bin/../lib/gcc/arm-none-eabi/4.7.4/../../../../arm-none-eabi/lib\libc_s.a(lib_a-mprec.o)
                0x20004480                __multiply
 .text.__pow5mult
                0x2000462c      0x10c c:/isis/application/toolchain/bin/../lib/gcc/arm-none-eabi/4.7.4/../../../../arm-none-eabi/lib\libc_s.a(lib_a-mprec.o)
                0x2000462c                __pow5mult
 .text.__lshift
                0x20004738       0xf0 c:/isis/application/toolchain/bin/../lib/gcc/arm-none-eabi/4.7.4/../../../../arm-none-eabi/lib\libc_s.a(lib_a-mprec.o)
                0x20004738                __lshift
 .text.__mcmp   0x20004828       0x60 c:/isis/application/toolchain/bin/../lib/gcc/arm-none-eabi/4.7.4/../../../../arm-none-eabi/lib\libc_s.a(lib_a-mprec.o)
                0x20004828                __mcmp
 .text.__mdiff  0x20004888      0x128 c:/isis/application/toolchain/bin/../lib/gcc/arm-none-eabi/4.7.4/../../../../arm-none-eabi/lib\libc_s.a(lib_a-mprec.o)
                0x20004888                __mdiff
 .text.__ulp    0x200049b0       0x5c c:/isis/application/toolchain/bin/../lib/gcc/arm-none-eabi/4.7.4/../../../../arm-none-eabi/lib\libc_s.a(lib_a-mprec.o)
                0x200049b0                __ulp
 .text.__b2d    0x20004a0c       0xc8 c:/isis/application/toolchain/bin/../lib/gcc/arm-none-eabi/4.7.4/../../../../arm-none-eabi/lib\libc_s.a(lib_a-mprec.o)
                0x20004a0c                __b2d
 .text.__d2b    0x20004ad4       0xfc c:/isis/application/toolchain/bin/../lib/gcc/arm-none-eabi/4.7.4/../../../../arm-none-eabi/lib\libc_s.a(lib_a-mprec.o)
                0x20004ad4                __d2b
 .text.__ratio  0x20004bd0       0x70 c:/isis/application/toolchain/bin/../lib/gcc/arm-none-eabi/4.7.4/../../../../arm-none-eabi/lib\libc_s.a(lib_a-mprec.o)
                0x20004bd0                __ratio
 .text.__copybits
                0x20004c40       0x4c c:/isis/application/toolchain/bin/../lib/gcc/arm-none-eabi/4.7.4/../../../../arm-none-eabi/lib\libc_s.a(lib_a-mprec.o)
                0x20004c40                __copybits
 .text.__any_on
                0x20004c8c       0x7c c:/isis/application/toolchain/bin/../lib/gcc/arm-none-eabi/4.7.4/../../../../arm-none-eabi/lib\libc_s.a(lib_a-mprec.o)
                0x20004c8c                __any_on
 .text.__fpclassifyd
                0x20004d08       0x6c c:/isis/application/toolchain/bin/../lib/gcc/arm-none-eabi/4.7.4/../../../../arm-none-eabi/lib\libc_s.a(lib_a-s_fpclassify.o)
                0x20004d08                __fpclassifyd
 .text._sbrk_r  0x20004d74       0x3c c:/isis/application/toolchain/bin/../lib/gcc/arm-none-eabi/4.7.4/../../../../arm-none-eabi/lib\libc_s.a(lib_a-sbrkr.o)
                0x20004d74                _sbrk_r
 .text.nanf     0x20004db0        0xc c:/isis/application/toolchain/bin/../lib/gcc/arm-none-eabi/4.7.4/../../../../arm-none-eabi/lib\libc_s.a(lib_a-sf_nan.o)
                0x20004db0                nanf
 .text.sprintf  0x20004dbc       0x6c c:/isis/application/toolchain/bin/../lib/gcc/arm-none-eabi/4.7.4/../../../../arm-none-eabi/lib\libc_s.a(lib_a-sprintf.o)
                0x20004dbc                siprintf
                0x20004dbc                sprintf
 .text.strcmp   0x20004e28       0x1c c:/isis/application/toolchain/bin/../lib/gcc/arm-none-eabi/4.7.4/../../../../arm-none-eabi/lib\libc_s.a(lib_a-strcmp.o)
                0x20004e28                strcmp
 .text.strlen   0x20004e44       0x1c c:/isis/application/toolchain/bin/../lib/gcc/arm-none-eabi/4.7.4/../../../../arm-none-eabi/lib\libc_s.a(lib_a-strlen.o)
                0x20004e44                strlen
 .text.match    0x20004e60       0x54 c:/isis/application/toolchain/bin/../lib/gcc/arm-none-eabi/4.7.4/../../../../arm-none-eabi/lib\libc_s.a(lib_a-strtod.o)
 .text._strtod_r
                0x20004eb4     0x1168 c:/isis/application/toolchain/bin/../lib/gcc/arm-none-eabi/4.7.4/../../../../arm-none-eabi/lib\libc_s.a(lib_a-strtod.o)
                0x20004eb4                _strtod_r
 .text._strtol_r
                0x2000601c      0x1b8 c:/isis/application/toolchain/bin/../lib/gcc/arm-none-eabi/4.7.4/../../../../arm-none-eabi/lib\libc_s.a(lib_a-strtol.o)
                0x2000601c                _strtol_r
 .text.__ssputc_r
                0x200061d4      0x10c c:/isis/application/toolchain/bin/../lib/gcc/arm-none-eabi/4.7.4/../../../../arm-none-eabi/lib\libc_s.a(lib_a-svfprintf.o)
                0x200061d4                __ssputc_r
 .text._svfprintf_r
                0x200062e0      0x328 c:/isis/application/toolchain/bin/../lib/gcc/arm-none-eabi/4.7.4/../../../../arm-none-eabi/lib\libc_s.a(lib_a-svfprintf.o)
                0x200062e0                _svfiprintf_r
                0x200062e0                _svfprintf_r
 .text._calloc_r
                0x20006608       0x2c c:/isis/application/toolchain/bin/../lib/gcc/arm-none-eabi/4.7.4/../../../../arm-none-eabi/lib\libc_s.a(lib_a-callocr.o)
                0x20006608                _calloc_r
 .text._free_r  0x20006634      0x108 c:/isis/application/toolchain/bin/../lib/gcc/arm-none-eabi/4.7.4/../../../../arm-none-eabi/lib\libc_s.a(lib_a-freer.o)
                0x20006634                _free_r
 .text.rshift   0x2000673c       0xb0 c:/isis/application/toolchain/bin/../lib/gcc/arm-none-eabi/4.7.4/../../../../arm-none-eabi/lib\libc_s.a(lib_a-gdtoa-gethex.o)
 .text.htinit.constprop.0
                0x200067ec       0x34 c:/isis/application/toolchain/bin/../lib/gcc/arm-none-eabi/4.7.4/../../../../arm-none-eabi/lib\libc_s.a(lib_a-gdtoa-gethex.o)
 .text.__hexdig_init
                0x20006820       0x38 c:/isis/application/toolchain/bin/../lib/gcc/arm-none-eabi/4.7.4/../../../../arm-none-eabi/lib\libc_s.a(lib_a-gdtoa-gethex.o)
                0x20006820                __hexdig_init
 .text.__gethex
                0x20006858      0x6cc c:/isis/application/toolchain/bin/../lib/gcc/arm-none-eabi/4.7.4/../../../../arm-none-eabi/lib\libc_s.a(lib_a-gdtoa-gethex.o)
                0x20006858                __gethex
 .text.L_shift  0x20006f24       0x38 c:/isis/application/toolchain/bin/../lib/gcc/arm-none-eabi/4.7.4/../../../../arm-none-eabi/lib\libc_s.a(lib_a-gdtoa-hexnan.o)
 .text.__hexnan
                0x20006f5c      0x1d8 c:/isis/application/toolchain/bin/../lib/gcc/arm-none-eabi/4.7.4/../../../../arm-none-eabi/lib\libc_s.a(lib_a-gdtoa-hexnan.o)
                0x20006f5c                __hexnan
 .text.memchr   0x20007134       0x34 c:/isis/application/toolchain/bin/../lib/gcc/arm-none-eabi/4.7.4/../../../../arm-none-eabi/lib\libc_s.a(lib_a-memchr.o)
                0x20007134                memchr
 .text.memset   0x20007168       0x1c c:/isis/application/toolchain/bin/../lib/gcc/arm-none-eabi/4.7.4/../../../../arm-none-eabi/lib\libc_s.a(lib_a-memset.o)
                0x20007168                memset
 .text._realloc_r
                0x20007184       0x80 c:/isis/application/toolchain/bin/../lib/gcc/arm-none-eabi/4.7.4/../../../../arm-none-eabi/lib\libc_s.a(lib_a-reallocr.o)
                0x20007184                _realloc_r
 .text.strncmp  0x20007204       0x64 c:/isis/application/toolchain/bin/../lib/gcc/arm-none-eabi/4.7.4/../../../../arm-none-eabi/lib\libc_s.a(lib_a-strncmp.o)
                0x20007204                strncmp
 .text._malloc_usable_size_r
                0x20007268       0x1c c:/isis/application/toolchain/bin/../lib/gcc/arm-none-eabi/4.7.4/../../../../arm-none-eabi/lib\libc_s.a(lib_a-msizer.o)
                0x20007268                _malloc_usable_size_r
 .text.GetChunkFromImage
                0x20007284      0x2d0 ./src/sub-systemCode/payload/Request Management/Dump/Butchering.o
                0x20007284                GetChunkFromImage
 .text.SimpleButcher
                0x20007554       0xd8 ./src/sub-systemCode/payload/Request Management/Dump/Butchering.o
                0x20007554                SimpleButcher
 .text.readChunkDimentionsFromFRAM
                0x2000762c       0x80 ./src/sub-systemCode/payload/Request Management/Dump/imageDump.o
                0x2000762c                readChunkDimentionsFromFRAM
 .text.setChunkDimensions_inFRAM
                0x200076ac      0x10c ./src/sub-systemCode/payload/Request Management/Dump/imageDump.o
                0x200076ac                setChunkDimensions_inFRAM
 .text.getLastImageChunkIndex
                0x200077b8      0x1bc ./src/sub-systemCode/payload/Request Management/Dump/imageDump.o
                0x200077b8                getLastImageChunkIndex
 .text.find_subType_ofImage
                0x20007974       0xe0 ./src/sub-systemCode/payload/Request Management/Dump/imageDump.o
                0x20007974                find_subType_ofImage
 .text.buildAndSend_chunck
                0x20007a54      0x320 ./src/sub-systemCode/payload/Request Management/Dump/imageDump.o
                0x20007a54                buildAndSend_chunck
 .text.chunkField_imageDump
                0x20007d74      0x258 ./src/sub-systemCode/payload/Request Management/Dump/imageDump.o
                0x20007d74                chunkField_imageDump
 .text.bitField_imageDump
                0x20007fcc      0x23c ./src/sub-systemCode/payload/Request Management/Dump/imageDump.o
                0x20007fcc                bitField_imageDump
 .text.fileTypeDump
                0x20008208      0x174 ./src/sub-systemCode/payload/Request Management/Dump/imageDump.o
                0x20008208                fileTypeDump
 .text.imageDataBase_Dump
                0x2000837c      0x118 ./src/sub-systemCode/payload/Request Management/Dump/imageDump.o
                0x2000837c                imageDataBase_Dump
 .text.imageDump_task
                0x20008494      0x4f4 ./src/sub-systemCode/payload/Request Management/Dump/imageDump.o
                0x20008494                imageDump_task
 .text.KickStartImageDumpTask
                0x20008988       0x5c ./src/sub-systemCode/payload/Request Management/Dump/imageDump.o
                0x20008988                KickStartImageDumpTask
 .text.AutomaticImageHandlerTaskMain
                0x200089e4      0x11c ./src/sub-systemCode/payload/Request Management/AutomaticImageHandler.o
                0x200089e4                AutomaticImageHandlerTaskMain
 .text.KickStartAutomaticImageHandlerTask
                0x20008b00       0x70 ./src/sub-systemCode/payload/Request Management/AutomaticImageHandler.o
                0x20008b00                KickStartAutomaticImageHandlerTask
 .text.stopAction
                0x20008b70       0xc4 ./src/sub-systemCode/payload/Request Management/AutomaticImageHandler.o
                0x20008b70                stopAction
 .text.resumeAction
                0x20008c34       0x68 ./src/sub-systemCode/payload/Request Management/AutomaticImageHandler.o
                0x20008c34                resumeAction
 .text.handleErrors
                0x20008c9c       0x50 ./src/sub-systemCode/payload/Request Management/AutomaticImageHandler.o
                0x20008c9c                handleErrors
 .text.CameraManagerTaskMain
                0x20008cec       0xc8 ./src/sub-systemCode/payload/Request Management/CameraManeger.o
                0x20008cec                CameraManagerTaskMain
 .text.createFolders
                0x20008db4      0x2cc ./src/sub-systemCode/payload/Request Management/CameraManeger.o
                0x20008db4                createFolders
 .text.initCamera
                0x20009080       0xc0 ./src/sub-systemCode/payload/Request Management/CameraManeger.o
                0x20009080                initCamera
 .text.KickStartCamera
                0x20009140       0xe4 ./src/sub-systemCode/payload/Request Management/CameraManeger.o
                0x20009140                KickStartCamera
 .text.addRequestToQueue
                0x20009224       0xa8 ./src/sub-systemCode/payload/Request Management/CameraManeger.o
                0x20009224                addRequestToQueue
 .text.removeRequestFromQueue
                0x200092cc       0x7c ./src/sub-systemCode/payload/Request Management/CameraManeger.o
                0x200092cc                removeRequestFromQueue
 .text.Take_pictures_with_time_in_between
                0x20009348      0x114 ./src/sub-systemCode/payload/Request Management/CameraManeger.o
                0x20009348                Take_pictures_with_time_in_between
 .text.act_upon_request
                0x2000945c      0x508 ./src/sub-systemCode/payload/Request Management/CameraManeger.o
                0x2000945c                act_upon_request
 .text.TakePicture
                0x20009964       0x4c ./src/sub-systemCode/payload/Request Management/DB_RequestHandling.o
                0x20009964                TakePicture
 .text.TakeSpecialPicture
                0x200099b0      0x130 ./src/sub-systemCode/payload/Request Management/DB_RequestHandling.o
                0x200099b0                TakeSpecialPicture
 .text.DeletePictureFile
                0x20009ae0       0x88 ./src/sub-systemCode/payload/Request Management/DB_RequestHandling.o
                0x20009ae0                DeletePictureFile
 .text.DeletePicture
                0x20009b68       0x6c ./src/sub-systemCode/payload/Request Management/DB_RequestHandling.o
                0x20009b68                DeletePicture
 .text.TransferPicture
                0x20009bd4       0x54 ./src/sub-systemCode/payload/Request Management/DB_RequestHandling.o
                0x20009bd4                TransferPicture
 .text.CreateThumbnail
                0x20009c28       0x80 ./src/sub-systemCode/payload/Request Management/DB_RequestHandling.o
                0x20009c28                CreateThumbnail
 .text.CreateJPG
                0x20009ca8       0x7c ./src/sub-systemCode/payload/Request Management/DB_RequestHandling.o
                0x20009ca8                CreateJPG
 .text.UpdatePhotographyValues
                0x20009d24       0xd8 ./src/sub-systemCode/payload/Request Management/DB_RequestHandling.o
                0x20009d24                UpdatePhotographyValues
 .text.setChunkDimensions
                0x20009dfc       0x64 ./src/sub-systemCode/payload/Request Management/DB_RequestHandling.o
                0x20009dfc                setChunkDimensions
 .text.convert2char
                0x20009e60      0x14c ./src/sub-systemCode/payload/Misc/Boolean_bit.o
                0x20009e60                convert2char
 .text.convert2byte
                0x20009fac      0x1c8 ./src/sub-systemCode/payload/Misc/Boolean_bit.o
                0x20009fac                convert2byte
 .text.bits2byte
                0x2000a174      0x17c ./src/sub-systemCode/payload/Misc/Boolean_bit.o
                0x2000a174                bits2byte
 .text.byte2bits
                0x2000a2f0      0x17c ./src/sub-systemCode/payload/Misc/Boolean_bit.o
                0x2000a2f0                byte2bits
 .text.char2bits
                0x2000a46c       0x44 ./src/sub-systemCode/payload/Misc/Boolean_bit.o
                0x2000a46c                char2bits
 .text.bits2char
                0x2000a4b0       0x3c ./src/sub-systemCode/payload/Misc/Boolean_bit.o
                0x2000a4b0                bits2char
 .text.ReadFromFile
                0x2000a4ec       0x6c ./src/sub-systemCode/payload/Misc/FileSystem.o
                0x2000a4ec                ReadFromFile
 .text.WriteToFile
                0x2000a558       0x74 ./src/sub-systemCode/payload/Misc/FileSystem.o
                0x2000a558                WriteToFile
 .text.Initialized_GPIO
                0x2000a5cc       0x54 ./src/sub-systemCode/payload/Drivers/GeckoCameraDriver.o
                0x2000a5cc                Initialized_GPIO
 .text.De_Initialized_GPIO
                0x2000a620       0x3c ./src/sub-systemCode/payload/Drivers/GeckoCameraDriver.o
                0x2000a620                De_Initialized_GPIO
 .text.gecko_power_mux_init
                0x2000a65c       0xb4 ./src/sub-systemCode/payload/Drivers/GeckoCameraDriver.o
                0x2000a65c                gecko_power_mux_init
 .text.gecko_power_mux_deinit
                0x2000a710       0x94 ./src/sub-systemCode/payload/Drivers/GeckoCameraDriver.o
                0x2000a710                gecko_power_mux_deinit
 .text.gecko_power_mux_get
                0x2000a7a4      0x138 ./src/sub-systemCode/payload/Drivers/GeckoCameraDriver.o
                0x2000a7a4                gecko_power_mux_get
 .text.gecko_get_current_3v3
                0x2000a8dc       0x44 ./src/sub-systemCode/payload/Drivers/GeckoCameraDriver.o
                0x2000a8dc                gecko_get_current_3v3
 .text.gecko_get_voltage_3v3
                0x2000a920       0x44 ./src/sub-systemCode/payload/Drivers/GeckoCameraDriver.o
                0x2000a920                gecko_get_voltage_3v3
 .text.gecko_get_current_5v
                0x2000a964       0x44 ./src/sub-systemCode/payload/Drivers/GeckoCameraDriver.o
                0x2000a964                gecko_get_current_5v
 .text.gecko_get_voltage_5v
                0x2000a9a8       0x4c ./src/sub-systemCode/payload/Drivers/GeckoCameraDriver.o
                0x2000a9a8                gecko_get_voltage_5v
 .text.TurnOnGecko
                0x2000a9f4      0x1a4 ./src/sub-systemCode/payload/Drivers/GeckoCameraDriver.o
                0x2000a9f4                TurnOnGecko
 .text.TurnOffGecko
                0x2000ab98       0xcc ./src/sub-systemCode/payload/Drivers/GeckoCameraDriver.o
                0x2000ab98                TurnOffGecko
 .text.initGecko
                0x2000ac64       0x3c ./src/sub-systemCode/payload/Drivers/GeckoCameraDriver.o
                0x2000ac64                initGecko
 .text.GECKO_TakeImage
                0x2000aca0      0x2f4 ./src/sub-systemCode/payload/Drivers/GeckoCameraDriver.o
                0x2000aca0                GECKO_TakeImage
 .text.readStopFlag
                0x2000af94       0x48 ./src/sub-systemCode/payload/Drivers/GeckoCameraDriver.o
                0x2000af94                readStopFlag
 .text.setStopFlag
                0x2000afdc       0x50 ./src/sub-systemCode/payload/Drivers/GeckoCameraDriver.o
                0x2000afdc                setStopFlag
 .text.GECKO_ReadImage
                0x2000b02c      0x230 ./src/sub-systemCode/payload/Drivers/GeckoCameraDriver.o
                0x2000b02c                GECKO_ReadImage
 .text.GECKO_EraseBlock
                0x2000b25c       0xf0 ./src/sub-systemCode/payload/Drivers/GeckoCameraDriver.o
                0x2000b25c                GECKO_EraseBlock
 .text.getFileName
                0x2000b34c      0x1f8 ./src/sub-systemCode/payload/DataBase/DataBase.o
 .text.zeroImageDataBase
                0x2000b544       0x90 ./src/sub-systemCode/payload/DataBase/DataBase.o
                0x2000b544                zeroImageDataBase
 .text.updateGeneralDataBaseParameters
                0x2000b5d4       0x5c ./src/sub-systemCode/payload/DataBase/DataBase.o
                0x2000b5d4                updateGeneralDataBaseParameters
 .text.SearchDataBase_byID
                0x2000b630      0x234 ./src/sub-systemCode/payload/DataBase/DataBase.o
                0x2000b630                SearchDataBase_byID
 .text.SearchDataBase_byMark
                0x2000b864       0xb8 ./src/sub-systemCode/payload/DataBase/DataBase.o
                0x2000b864                SearchDataBase_byMark
 .text.SearchDataBase_forLatestMarkedImage
                0x2000b91c       0x38 ./src/sub-systemCode/payload/DataBase/DataBase.o
                0x2000b91c                SearchDataBase_forLatestMarkedImage
 .text.SearchDataBase_byTimeRange
                0x2000b954      0x148 ./src/sub-systemCode/payload/DataBase/DataBase.o
                0x2000b954                SearchDataBase_byTimeRange
 .text.SearchDataBase_forImageFileType_byTimeRange
                0x2000ba9c      0x120 ./src/sub-systemCode/payload/DataBase/DataBase.o
                0x2000ba9c                SearchDataBase_forImageFileType_byTimeRange
 .text.checkForFileType
                0x2000bbbc       0x74 ./src/sub-systemCode/payload/DataBase/DataBase.o
                0x2000bbbc                checkForFileType
 .text.updateFileTypes
                0x2000bc30       0xbc ./src/sub-systemCode/payload/DataBase/DataBase.o
                0x2000bc30                updateFileTypes
 .text.GetImageFactor
                0x2000bcec       0x58 ./src/sub-systemCode/payload/DataBase/DataBase.o
                0x2000bcec                GetImageFactor
 .text.readImageFromBuffer
                0x2000bd44      0x12c ./src/sub-systemCode/payload/DataBase/DataBase.o
                0x2000bd44                readImageFromBuffer
 .text.saveImageToBuffer
                0x2000be70      0x12c ./src/sub-systemCode/payload/DataBase/DataBase.o
                0x2000be70                saveImageToBuffer
 .text.getLatestID
                0x2000bf9c       0x48 ./src/sub-systemCode/payload/DataBase/DataBase.o
                0x2000bf9c                getLatestID
 .text.getDataBaseStart
                0x2000bfe4       0x20 ./src/sub-systemCode/payload/DataBase/DataBase.o
                0x2000bfe4                getDataBaseStart
 .text.getDataBaseEnd
                0x2000c004       0x20 ./src/sub-systemCode/payload/DataBase/DataBase.o
                0x2000c004                getDataBaseEnd
 .text.setDataBaseValues
                0x2000c024      0x208 ./src/sub-systemCode/payload/DataBase/DataBase.o
                0x2000c024                setDataBaseValues
 .text.initImageDataBase
                0x2000c22c      0x20c ./src/sub-systemCode/payload/DataBase/DataBase.o
                0x2000c22c                initImageDataBase
 .text.resetImageDataBase
                0x2000c438       0x98 ./src/sub-systemCode/payload/DataBase/DataBase.o
                0x2000c438                resetImageDataBase
 .text.setCameraPhotographyValues
                0x2000c4d0      0x130 ./src/sub-systemCode/payload/DataBase/DataBase.o
                0x2000c4d0                setCameraPhotographyValues
 .text.transferImageToSD_withoutSearch
                0x2000c600      0x184 ./src/sub-systemCode/payload/DataBase/DataBase.o
                0x2000c600                transferImageToSD_withoutSearch
 .text.transferImageToSD
                0x2000c784       0xbc ./src/sub-systemCode/payload/DataBase/DataBase.o
                0x2000c784                transferImageToSD
 .text.DeleteImageFromOBC_withoutSearch
                0x2000c840       0xf4 ./src/sub-systemCode/payload/DataBase/DataBase.o
                0x2000c840                DeleteImageFromOBC_withoutSearch
 .text.DeleteImageFromOBC
                0x2000c934       0xbc ./src/sub-systemCode/payload/DataBase/DataBase.o
                0x2000c934                DeleteImageFromOBC
 .text.DeleteImageFromPayload
                0x2000c9f0      0x278 ./src/sub-systemCode/payload/DataBase/DataBase.o
                0x2000c9f0                DeleteImageFromPayload
 .text.clearImageDataBase
                0x2000cc68      0x13c ./src/sub-systemCode/payload/DataBase/DataBase.o
                0x2000cc68                clearImageDataBase
 .text.handleMarkedPictures
                0x2000cda4      0x248 ./src/sub-systemCode/payload/DataBase/DataBase.o
                0x2000cda4                handleMarkedPictures
 .text.writeNewImageMetaDataToFRAM
                0x2000cfec      0x234 ./src/sub-systemCode/payload/DataBase/DataBase.o
                0x2000cfec                writeNewImageMetaDataToFRAM
 .text.takePicture
                0x2000d220      0x4d4 ./src/sub-systemCode/payload/DataBase/DataBase.o
                0x2000d220                takePicture
 .text.takePicture_withSpecialParameters
                0x2000d6f4       0xc4 ./src/sub-systemCode/payload/DataBase/DataBase.o
                0x2000d6f4                takePicture_withSpecialParameters
 .text.GetImageFileName_withSpecialParameters
                0x2000d7b8       0x9c ./src/sub-systemCode/payload/DataBase/DataBase.o
                0x2000d7b8                GetImageFileName_withSpecialParameters
 .text.GetImageFileName
                0x2000d854       0x9c ./src/sub-systemCode/payload/DataBase/DataBase.o
                0x2000d854                GetImageFileName
 .text.getDataBaseSize
                0x2000d8f0       0x20 ./src/sub-systemCode/payload/DataBase/DataBase.o
                0x2000d8f0                getDataBaseSize
 .text.getImageDataBaseBuffer
                0x2000d910      0x240 ./src/sub-systemCode/payload/DataBase/DataBase.o
                0x2000d910                getImageDataBaseBuffer
 .text.setAutoThumbnailCreation
                0x2000db50       0x30 ./src/sub-systemCode/payload/DataBase/DataBase.o
                0x2000db50                setAutoThumbnailCreation
 .text.Gecko_TroubleShooter
                0x2000db80       0xd8 ./src/sub-systemCode/payload/DataBase/DataBase.o
                0x2000db80                Gecko_TroubleShooter
 .text.TransformRawToBMP
                0x2000dc58      0x1e0 ./src/sub-systemCode/payload/Compression/jpeg/bmp/rawToBMP.o
                0x2000dc58                TransformRawToBMP
 .text.interpolate
                0x2000de38      0x8d0 ./src/sub-systemCode/payload/Compression/jpeg/bmp/rawToBMP.o
                0x2000de38                interpolate
 .text.getInputAt
                0x2000e708      0x308 ./src/sub-systemCode/payload/Compression/jpeg/bmp/rawToBMP.o
                0x2000e708                getInputAt
 .text.f_writeF_FILEHeader
                0x2000ea10      0x2f0 ./src/sub-systemCode/payload/Compression/jpeg/bmp/rawToBMP.o
                0x2000ea10                f_writeF_FILEHeader
 .text.f_writeOutputRow
                0x2000ed00       0xbc ./src/sub-systemCode/payload/Compression/jpeg/bmp/rawToBMP.o
                0x2000ed00                f_writeOutputRow
 .text.dct      0x2000edbc      0x9c4 ./src/sub-systemCode/payload/Compression/jpeg/DCT.o
                0x2000edbc                dct
 .text.JPEG_compressor
                0x2000f780       0xfc ./src/sub-systemCode/payload/Compression/jpeg/ImgCompressor.o
                0x2000f780                JPEG_compressor
 .text.Create_BMP_File
                0x2000f87c       0xf4 ./src/sub-systemCode/payload/Compression/jpeg/ImgCompressor.o
                0x2000f87c                Create_BMP_File
 .text.CompressImage
                0x2000f970      0x1cc ./src/sub-systemCode/payload/Compression/jpeg/ImgCompressor.o
                0x2000f970                CompressImage
 .text.clamp    0x2000fb3c       0x60 ./src/sub-systemCode/payload/Compression/jpeg/color_conv.o
                0x2000fb3c                clamp
 .text.RGB_to_YCC
                0x2000fb9c      0x1a8 ./src/sub-systemCode/payload/Compression/jpeg/color_conv.o
                0x2000fb9c                RGB_to_YCC
 .text.RGB_to_Y
                0x2000fd44       0xc4 ./src/sub-systemCode/payload/Compression/jpeg/color_conv.o
                0x2000fd44                RGB_to_Y
 .text.Y_to_YCC
                0x2000fe08       0x88 ./src/sub-systemCode/payload/Compression/jpeg/color_conv.o
                0x2000fe08                Y_to_YCC
 .text.compress_image_to_jpeg_file
                0x2000fe90      0x1ac ./src/sub-systemCode/payload/Compression/jpeg/jpeg.o
                0x2000fe90                compress_image_to_jpeg_file
 .text.emit_marker
                0x2001003c       0xc8 ./src/sub-systemCode/payload/Compression/jpeg/jpeg_encoder.o
                0x2001003c                emit_marker
 .text.emit_byte
                0x20010104       0x6c ./src/sub-systemCode/payload/Compression/jpeg/jpeg_encoder.o
                0x20010104                emit_byte
 .text.emit_word
                0x20010170       0xd0 ./src/sub-systemCode/payload/Compression/jpeg/jpeg_encoder.o
                0x20010170                emit_word
 .text.emit_jfif_app0
                0x20010240       0xc0 ./src/sub-systemCode/payload/Compression/jpeg/jpeg_encoder.o
                0x20010240                emit_jfif_app0
 .text.emit_dqt
                0x20010300       0xd8 ./src/sub-systemCode/payload/Compression/jpeg/jpeg_encoder.o
                0x20010300                emit_dqt
 .text.emit_sof
                0x200103d8      0x14c ./src/sub-systemCode/payload/Compression/jpeg/jpeg_encoder.o
                0x200103d8                emit_sof
 .text.emit_dht
                0x20010524      0x138 ./src/sub-systemCode/payload/Compression/jpeg/jpeg_encoder.o
                0x20010524                emit_dht
 .text.emit_dhts
                0x2001065c       0xd8 ./src/sub-systemCode/payload/Compression/jpeg/jpeg_encoder.o
                0x2001065c                emit_dhts
 .text.emit_sos
                0x20010734       0xec ./src/sub-systemCode/payload/Compression/jpeg/jpeg_encoder.o
                0x20010734                emit_sos
 .text.emit_markers
                0x20010820       0x4c ./src/sub-systemCode/payload/Compression/jpeg/jpeg_encoder.o
                0x20010820                emit_markers
 .text.compute_huffman_table
                0x2001086c      0x334 ./src/sub-systemCode/payload/Compression/jpeg/jpeg_encoder.o
                0x2001086c                compute_huffman_table
 .text.compute_quant_table
                0x20010ba0      0x11c ./src/sub-systemCode/payload/Compression/jpeg/jpeg_encoder.o
                0x20010ba0                compute_quant_table
 .text.first_pass_init
                0x20010cbc       0x54 ./src/sub-systemCode/payload/Compression/jpeg/jpeg_encoder.o
                0x20010cbc                first_pass_init
 .text.second_pass_init
                0x20010d10      0x110 ./src/sub-systemCode/payload/Compression/jpeg/jpeg_encoder.o
                0x20010d10                second_pass_init
 .text.jpg_open
                0x20010e20      0x7b4 ./src/sub-systemCode/payload/Compression/jpeg/jpeg_encoder.o
                0x20010e20                jpg_open
 .text.load_block_8_8_grey
                0x200115d4      0x164 ./src/sub-systemCode/payload/Compression/jpeg/jpeg_encoder.o
                0x200115d4                load_block_8_8_grey
 .text.load_block_8_8
                0x20011738      0x198 ./src/sub-systemCode/payload/Compression/jpeg/jpeg_encoder.o
                0x20011738                load_block_8_8
 .text.load_block_16_8
                0x200118d0      0x3cc ./src/sub-systemCode/payload/Compression/jpeg/jpeg_encoder.o
                0x200118d0                load_block_16_8
 .text.load_block_16_8_8
                0x20011c9c      0x2a8 ./src/sub-systemCode/payload/Compression/jpeg/jpeg_encoder.o
                0x20011c9c                load_block_16_8_8
 .text.load_coefficients
                0x20011f44      0x1c8 ./src/sub-systemCode/payload/Compression/jpeg/jpeg_encoder.o
                0x20011f44                load_coefficients
 .text.flush_output_buffer
                0x2001210c       0xa0 ./src/sub-systemCode/payload/Compression/jpeg/jpeg_encoder.o
                0x2001210c                flush_output_buffer
 .text.put_bits
                0x200121ac      0x170 ./src/sub-systemCode/payload/Compression/jpeg/jpeg_encoder.o
                0x200121ac                put_bits
 .text.code_coefficients_pass_two
                0x2001231c      0x338 ./src/sub-systemCode/payload/Compression/jpeg/jpeg_encoder.o
                0x2001231c                code_coefficients_pass_two
 .text.code_block
                0x20012654       0x44 ./src/sub-systemCode/payload/Compression/jpeg/jpeg_encoder.o
                0x20012654                code_block
 .text.process_mcu_row
                0x20012698      0x328 ./src/sub-systemCode/payload/Compression/jpeg/jpeg_encoder.o
                0x20012698                process_mcu_row
 .text.terminate_pass_two
                0x200129c0       0x44 ./src/sub-systemCode/payload/Compression/jpeg/jpeg_encoder.o
                0x200129c0                terminate_pass_two
 .text.process_end_of_image
                0x20012a04       0xc0 ./src/sub-systemCode/payload/Compression/jpeg/jpeg_encoder.o
                0x20012a04                process_end_of_image
 .text.load_mcu
                0x20012ac4      0x29c ./src/sub-systemCode/payload/Compression/jpeg/jpeg_encoder.o
                0x20012ac4                load_mcu
 .text.clear    0x20012d60      0x1e0 ./src/sub-systemCode/payload/Compression/jpeg/jpeg_encoder.o
                0x20012d60                clear
 .text.init     0x20012f40       0xe4 ./src/sub-systemCode/payload/Compression/jpeg/jpeg_encoder.o
                0x20012f40                init
 .text.deinit   0x20013024      0x160 ./src/sub-systemCode/payload/Compression/jpeg/jpeg_encoder.o
                0x20013024                deinit
 .text.process_scanline
                0x20013184       0x6c ./src/sub-systemCode/payload/Compression/jpeg/jpeg_encoder.o
                0x20013184                process_scanline
 .text.jpge_malloc
                0x200131f0       0x28 ./src/sub-systemCode/payload/Compression/jpeg/jpeg_memory_alloc.o
                0x200131f0                jpge_malloc
 .text.jpge_cmalloc
                0x20013218       0x48 ./src/sub-systemCode/payload/Compression/jpeg/jpeg_memory_alloc.o
                0x20013218                jpge_cmalloc
 .text.jpge_free
                0x20013260       0x24 ./src/sub-systemCode/payload/Compression/jpeg/jpeg_memory_alloc.o
                0x20013260                jpge_free
 .text.check    0x20013284       0x78 ./src/sub-systemCode/payload/Compression/jpeg/jpeg_params.o
                0x20013284                check
 .text.open_jpeg_file
                0x200132fc       0xfc ./src/sub-systemCode/payload/Compression/jpeg/output_stream.o
                0x200132fc                open_jpeg_file
 .text.close_jpeg_file
                0x200133f8      0x118 ./src/sub-systemCode/payload/Compression/jpeg/output_stream.o
                0x200133f8                close_jpeg_file
 .text.put_buf  0x20013510      0x258 ./src/sub-systemCode/payload/Compression/jpeg/output_stream.o
                0x20013510                put_buf
 .text.GetBayerPixel
                0x20013768       0xe8 ./src/sub-systemCode/payload/Compression/ImageConversion.o
 .text.BinImage
                0x20013850      0x2c8 ./src/sub-systemCode/payload/Compression/ImageConversion.o
                0x20013850                BinImage
 .text.ImageSkipping
                0x20013b18      0x2ac ./src/sub-systemCode/payload/Compression/ImageConversion.o
                0x20013b18                ImageSkipping
 .text.CreateImageThumbnail_withoutSearch
                0x20013dc4      0x14c ./src/sub-systemCode/payload/Compression/ImageConversion.o
                0x20013dc4                CreateImageThumbnail_withoutSearch
 .text.CreateImageThumbnail
                0x20013f10       0x9c ./src/sub-systemCode/payload/Compression/ImageConversion.o
                0x20013f10                CreateImageThumbnail
 .text.compressImage
                0x20013fac      0x17c ./src/sub-systemCode/payload/Compression/ImageConversion.o
                0x20013fac                compressImage
 .text.AdcsCmdQueueInit
                0x20014128       0x4c ./src/sub-systemCode/Main/CMD/ADCS_CMD.o
                0x20014128                AdcsCmdQueueInit
 .text.AdcsCmdQueueGet
                0x20014174       0x8c ./src/sub-systemCode/Main/CMD/ADCS_CMD.o
                0x20014174                AdcsCmdQueueGet
 .text.AdcsCmdQueueAdd
                0x20014200       0x74 ./src/sub-systemCode/Main/CMD/ADCS_CMD.o
                0x20014200                AdcsCmdQueueAdd
 .text.AdcsCmdQueueIsEmpty
                0x20014274       0x3c ./src/sub-systemCode/Main/CMD/ADCS_CMD.o
                0x20014274                AdcsCmdQueueIsEmpty
 .text.getAdcsQueueWaitPointer
                0x200142b0       0x20 ./src/sub-systemCode/Main/CMD/ADCS_CMD.o
                0x200142b0                getAdcsQueueWaitPointer
 .text.cmd_mute
                0x200142d0       0xf4 ./src/sub-systemCode/Main/CMD/COMM_CMD.o
                0x200142d0                cmd_mute
 .text.cmd_unmute
                0x200143c4       0x90 ./src/sub-systemCode/Main/CMD/COMM_CMD.o
                0x200143c4                cmd_unmute
 .text.cmd_active_trans
                0x20014454       0xc0 ./src/sub-systemCode/Main/CMD/COMM_CMD.o
                0x20014454                cmd_active_trans
 .text.cmd_shut_trans
                0x20014514       0x8c ./src/sub-systemCode/Main/CMD/COMM_CMD.o
                0x20014514                cmd_shut_trans
 .text.cmd_change_trans_rssi
                0x200145a0      0x140 ./src/sub-systemCode/Main/CMD/COMM_CMD.o
                0x200145a0                cmd_change_trans_rssi
 .text.cmd_aprs_dump
                0x200146e0       0x38 ./src/sub-systemCode/Main/CMD/COMM_CMD.o
                0x200146e0                cmd_aprs_dump
 .text.cmd_stop_dump
                0x20014718       0x8c ./src/sub-systemCode/Main/CMD/COMM_CMD.o
                0x20014718                cmd_stop_dump
 .text.cmd_time_frequency
                0x200147a4       0xf8 ./src/sub-systemCode/Main/CMD/COMM_CMD.o
                0x200147a4                cmd_time_frequency
 .text.cmd_change_def_bit_rate
                0x2001489c      0x1a8 ./src/sub-systemCode/Main/CMD/COMM_CMD.o
                0x2001489c                cmd_change_def_bit_rate
 .text.cmd_upload_volt_logic
                0x20014a44      0x370 ./src/sub-systemCode/Main/CMD/EPS_CMD.o
                0x20014a44                cmd_upload_volt_logic
 .text.cmd_upload_volt_COMM
                0x20014db4      0x1d4 ./src/sub-systemCode/Main/CMD/EPS_CMD.o
                0x20014db4                cmd_upload_volt_COMM
 .text.cmd_heater_temp
                0x20014f88       0xe4 ./src/sub-systemCode/Main/CMD/EPS_CMD.o
                0x20014f88                cmd_heater_temp
 .text.cmd_SHUT_CAM
                0x2001506c       0x78 ./src/sub-systemCode/Main/CMD/EPS_CMD.o
                0x2001506c                cmd_SHUT_CAM
 .text.cmd_SHUT_ADCS
                0x200150e4       0x78 ./src/sub-systemCode/Main/CMD/EPS_CMD.o
                0x200150e4                cmd_SHUT_ADCS
 .text.cmd_allow_CAM
                0x2001515c       0x78 ./src/sub-systemCode/Main/CMD/EPS_CMD.o
                0x2001515c                cmd_allow_CAM
 .text.cmd_allow_ADCS
                0x200151d4       0x78 ./src/sub-systemCode/Main/CMD/EPS_CMD.o
                0x200151d4                cmd_allow_ADCS
 .text.cmd_update_alpha
                0x2001524c      0x120 ./src/sub-systemCode/Main/CMD/EPS_CMD.o
                0x2001524c                cmd_update_alpha
 .text.cmd_generic_I2C
                0x2001536c       0xe4 ./src/sub-systemCode/Main/CMD/General_CMD.o
                0x2001536c                cmd_generic_I2C
 .text.cmd_dump
                0x20015450       0xf0 ./src/sub-systemCode/Main/CMD/General_CMD.o
                0x20015450                cmd_dump
 .text.cmd_delete_TM
                0x20015540      0x24c ./src/sub-systemCode/Main/CMD/General_CMD.o
                0x20015540                cmd_delete_TM
 .text.cmd_reset_file
                0x2001578c      0x130 ./src/sub-systemCode/Main/CMD/General_CMD.o
                0x2001578c                cmd_reset_file
 .text.cmd_format_SD
                0x200158bc       0x7c ./src/sub-systemCode/Main/CMD/General_CMD.o
                0x200158bc                cmd_format_SD
 .text.cmd_dummy_func
                0x20015938       0x40 ./src/sub-systemCode/Main/CMD/General_CMD.o
                0x20015938                cmd_dummy_func
 .text.cmd_reset_TLM_SD
                0x20015978       0x54 ./src/sub-systemCode/Main/CMD/General_CMD.o
                0x20015978                cmd_reset_TLM_SD
 .text.cmd_stop_TM
                0x200159cc       0x7c ./src/sub-systemCode/Main/CMD/General_CMD.o
                0x200159cc                cmd_stop_TM
 .text.cmd_resume_TM
                0x20015a48       0x7c ./src/sub-systemCode/Main/CMD/General_CMD.o
                0x20015a48                cmd_resume_TM
 .text.cmd_soft_reset_cmponent
                0x20015ac4       0xd0 ./src/sub-systemCode/Main/CMD/General_CMD.o
                0x20015ac4                cmd_soft_reset_cmponent
 .text.cmd_hard_reset_cmponent
                0x20015b94       0xd0 ./src/sub-systemCode/Main/CMD/General_CMD.o
                0x20015b94                cmd_hard_reset_cmponent
 .text.cmd_reset_satellite
                0x20015c64       0x90 ./src/sub-systemCode/Main/CMD/General_CMD.o
                0x20015c64                cmd_reset_satellite
 .text.cmd_gracefull_reset_satellite
                0x20015cf4       0x90 ./src/sub-systemCode/Main/CMD/General_CMD.o
                0x20015cf4                cmd_gracefull_reset_satellite
 .text.cmd_upload_time
                0x20015d84       0xdc ./src/sub-systemCode/Main/CMD/General_CMD.o
                0x20015d84                cmd_upload_time
 .text.cmd_ARM_DIARM
                0x20015e60      0x104 ./src/sub-systemCode/Main/CMD/General_CMD.o
                0x20015e60                cmd_ARM_DIARM
 .text.cmd_get_onlineTM
                0x20015f64      0x220 ./src/sub-systemCode/Main/CMD/General_CMD.o
                0x20015f64                cmd_get_onlineTM
 .text.cmd_reset_off_line
                0x20016184       0x74 ./src/sub-systemCode/Main/CMD/General_CMD.o
                0x20016184                cmd_reset_off_line
 .text.cmd_add_item_off_line
                0x200161f8      0x124 ./src/sub-systemCode/Main/CMD/General_CMD.o
                0x200161f8                cmd_add_item_off_line
 .text.cmd_delete_item_off_line
                0x2001631c       0xb0 ./src/sub-systemCode/Main/CMD/General_CMD.o
                0x2001631c                cmd_delete_item_off_line
 .text.cmd_get_off_line_setting
                0x200163cc      0x1cc ./src/sub-systemCode/Main/CMD/General_CMD.o
                0x200163cc                cmd_get_off_line_setting
 .text.cmd_reset_delayed_command_list
                0x20016598       0x3c ./src/sub-systemCode/Main/CMD/SW_CMD.o
                0x20016598                cmd_reset_delayed_command_list
 .text.cmd_reset_APRS_list
                0x200165d4       0x3c ./src/sub-systemCode/Main/CMD/SW_CMD.o
                0x200165d4                cmd_reset_APRS_list
 .text.cmd_reset_FRAM
                0x20016610      0x100 ./src/sub-systemCode/Main/CMD/SW_CMD.o
                0x20016610                cmd_reset_FRAM
 .text.cmd_FRAM_read
                0x20016710      0x270 ./src/sub-systemCode/Main/CMD/SW_CMD.o
                0x20016710                cmd_FRAM_read
 .text.cmd_FRAM_write
                0x20016980      0x114 ./src/sub-systemCode/Main/CMD/SW_CMD.o
                0x20016980                cmd_FRAM_write
 .text.ARM_ants
                0x20016a94       0xb8 ./src/sub-systemCode/Main/Ants.o
                0x20016a94                ARM_ants
 .text.DISARM_ants
                0x20016b4c       0xf0 ./src/sub-systemCode/Main/Ants.o
                0x20016b4c                DISARM_ants
 .text.reset_deployStatusFRAM
                0x20016c3c       0xdc ./src/sub-systemCode/Main/Ants.o
                0x20016c3c                reset_deployStatusFRAM
 .text.reset_FRAM_ants
                0x20016d18       0xc4 ./src/sub-systemCode/Main/Ants.o
                0x20016d18                reset_FRAM_ants
 .text.update_stopDeploy_FRAM
                0x20016ddc       0x64 ./src/sub-systemCode/Main/Ants.o
                0x20016ddc                update_stopDeploy_FRAM
 .text.round_vol
                0x20016e40      0x124 ./src/sub-systemCode/Main/EPS.o
                0x20016e40                round_vol
 .text.get_shut_ADCS
                0x20016f64       0x64 ./src/sub-systemCode/Main/EPS.o
                0x20016f64                get_shut_ADCS
 .text.shut_ADCS
                0x20016fc8       0x60 ./src/sub-systemCode/Main/EPS.o
                0x20016fc8                shut_ADCS
 .text.get_shut_CAM
                0x20017028       0x64 ./src/sub-systemCode/Main/EPS.o
                0x20017028                get_shut_CAM
 .text.shut_CAM
                0x2001708c       0x60 ./src/sub-systemCode/Main/EPS.o
                0x2001708c                shut_CAM
 .text.update_powerLines
                0x200170ec      0x124 ./src/sub-systemCode/Main/EPS.o
                0x200170ec                update_powerLines
 .text.get_EPS_mode_t
                0x20017210       0x24 ./src/sub-systemCode/Main/EPS.o
                0x20017210                get_EPS_mode_t
 .text.init_enterMode
                0x20017234       0x88 ./src/sub-systemCode/Main/EPS.o
                0x20017234                init_enterMode
 .text.EPS_Init
                0x200172bc      0x1ac ./src/sub-systemCode/Main/EPS.o
                0x200172bc                EPS_Init
 .text.reset_FRAM_EPS
                0x20017468      0x150 ./src/sub-systemCode/Main/EPS.o
                0x20017468                reset_FRAM_EPS
 .text.reset_EPS_voltages
                0x200175b8      0x110 ./src/sub-systemCode/Main/EPS.o
                0x200175b8                reset_EPS_voltages
 .text.writeState_log
                0x200176c8       0xc4 ./src/sub-systemCode/Main/EPS.o
                0x200176c8                writeState_log
 .text.battery_downward
                0x2001778c      0x160 ./src/sub-systemCode/Main/EPS.o
                0x2001778c                battery_downward
 .text.battery_upward
                0x200178ec      0x16c ./src/sub-systemCode/Main/EPS.o
                0x200178ec                battery_upward
 .text.sanityCheck_EPS
                0x20017a58      0x184 ./src/sub-systemCode/Main/EPS.o
                0x20017a58                sanityCheck_EPS
 .text.overRide_ADCS
                0x20017bdc       0x50 ./src/sub-systemCode/Main/EPS.o
                0x20017bdc                overRide_ADCS
 .text.overRide_Camera
                0x20017c2c       0x38 ./src/sub-systemCode/Main/EPS.o
                0x20017c2c                overRide_Camera
 .text.EPS_Conditioning
                0x20017c64      0x2e4 ./src/sub-systemCode/Main/EPS.o
                0x20017c64                EPS_Conditioning
 .text.EnterFullMode
                0x20017f48       0xf0 ./src/sub-systemCode/Main/EPS.o
                0x20017f48                EnterFullMode
 .text.EnterCruiseMode
                0x20018038       0xe0 ./src/sub-systemCode/Main/EPS.o
                0x20018038                EnterCruiseMode
 .text.EnterSafeMode
                0x20018118       0xe0 ./src/sub-systemCode/Main/EPS.o
                0x20018118                EnterSafeMode
 .text.EnterCriticalMode
                0x200181f8       0xcc ./src/sub-systemCode/Main/EPS.o
                0x200181f8                EnterCriticalMode
 .text.check_EPSTableCorrection
                0x200182c4      0x120 ./src/sub-systemCode/Main/EPS.o
                0x200182c4                check_EPSTableCorrection
 .text.save_ACK
                0x200183e4       0xc8 ./src/sub-systemCode/Main/HouseKeeping.o
                0x200183e4                save_ACK
 .text.set_GP_EPS
                0x200184ac      0x10c ./src/sub-systemCode/Main/HouseKeeping.o
                0x200184ac                set_GP_EPS
 .text.set_GP_COMM
                0x200185b8       0x88 ./src/sub-systemCode/Main/HouseKeeping.o
                0x200185b8                set_GP_COMM
 .text.SP_HK_collect
                0x20018640      0x22c ./src/sub-systemCode/Main/HouseKeeping.o
                0x20018640                SP_HK_collect
 .text.EPS_HK_collect
                0x2001886c      0x528 ./src/sub-systemCode/Main/HouseKeeping.o
                0x2001886c                EPS_HK_collect
 .text.CAM_HK_collect
                0x20018d94      0xa00 ./src/sub-systemCode/Main/HouseKeeping.o
                0x20018d94                CAM_HK_collect
 .text.COMM_HK_collect
                0x20019794      0x244 ./src/sub-systemCode/Main/HouseKeeping.o
                0x20019794                COMM_HK_collect
 .text.HK_find_ADCSTM_fileName
                0x200199d8      0x44c ./src/sub-systemCode/Main/HouseKeeping.o
                0x200199d8                HK_find_ADCSTM_fileName
 .text.HK_find_fileName
                0x20019e24      0x174 ./src/sub-systemCode/Main/HouseKeeping.o
                0x20019e24                HK_find_fileName
 .text.HK_find_ADCSTM_ElementSize
                0x20019f98      0x1b8 ./src/sub-systemCode/Main/HouseKeeping.o
                0x20019f98                HK_find_ADCSTM_ElementSize
 .text.HK_findElementSize
                0x2001a150       0xd4 ./src/sub-systemCode/Main/HouseKeeping.o
                0x2001a150                HK_findElementSize
 .text.build_HK_spl_packet
                0x2001a224      0x27c ./src/sub-systemCode/Main/HouseKeeping.o
                0x2001a224                build_HK_spl_packet
 .text.numberOfRestarts
                0x2001a4a0       0x94 ./src/sub-systemCode/Main/Main_Init.o
                0x2001a4a0                numberOfRestarts
 .text.StartFRAM
                0x2001a534       0x38 ./src/sub-systemCode/Main/Main_Init.o
                0x2001a534                StartFRAM
 .text.StartI2C
                0x2001a56c       0x44 ./src/sub-systemCode/Main/Main_Init.o
                0x2001a56c                StartI2C
 .text.StartSPI
                0x2001a5b0       0x40 ./src/sub-systemCode/Main/Main_Init.o
                0x2001a5b0                StartSPI
 .text.StartTIME
                0x2001a5f0      0x120 ./src/sub-systemCode/Main/Main_Init.o
                0x2001a5f0                StartTIME
 .text.first_activation
                0x2001a710       0x7c ./src/sub-systemCode/Main/Main_Init.o
                0x2001a710                first_activation
 .text.InitSubsystems
                0x2001a78c       0x64 ./src/sub-systemCode/Main/Main_Init.o
                0x2001a78c                InitSubsystems
 .text.SubSystemTaskStart
                0x2001a7f0      0x13c ./src/sub-systemCode/Main/Main_Init.o
                0x2001a7f0                SubSystemTaskStart
 .text.copy_command
                0x2001a92c       0x80 ./src/sub-systemCode/Main/commands.o
                0x2001a92c                copy_command
 .text.reset_command
                0x2001a9ac       0x28 ./src/sub-systemCode/Main/commands.o
                0x2001a9ac                reset_command
 .text.init_command
                0x2001a9d4       0xf4 ./src/sub-systemCode/Main/commands.o
                0x2001a9d4                init_command
 .text.add_command
                0x2001aac8      0x12c ./src/sub-systemCode/Main/commands.o
                0x2001aac8                add_command
 .text.get_command
                0x2001abf4      0x1c0 ./src/sub-systemCode/Main/commands.o
                0x2001abf4                get_command
 .text.act_upon_command
                0x2001adb4      0x1e4 ./src/sub-systemCode/Main/commands.o
                0x2001adb4                act_upon_command
 .text.cmd_error
                0x2001af98       0x38 ./src/sub-systemCode/Main/commands.o
                0x2001af98                cmd_error
 .text.AUC_COMM
                0x2001afd0      0x25c ./src/sub-systemCode/Main/commands.o
                0x2001afd0                AUC_COMM
 .text.AUC_general
                0x2001b22c      0x3d0 ./src/sub-systemCode/Main/commands.o
                0x2001b22c                AUC_general
 .text.AUC_payload
                0x2001b5fc      0x248 ./src/sub-systemCode/Main/commands.o
                0x2001b5fc                AUC_payload
 .text.AUC_EPS  0x2001b844      0x28c ./src/sub-systemCode/Main/commands.o
                0x2001b844                AUC_EPS
 .text.AUC_SW   0x2001bad0      0x1cc ./src/sub-systemCode/Main/commands.o
                0x2001bad0                AUC_SW
 .text.AUC_onlineTM
                0x2001bc9c      0x1f0 ./src/sub-systemCode/Main/commands.o
                0x2001bc9c                AUC_onlineTM
 .text.AUC_CUF  0x2001be8c      0x168 ./src/sub-systemCode/Main/commands.o
                0x2001be8c                AUC_CUF
 .text.DownloadFile_Dump
                0x2001bff4      0x4c0 ./src/sub-systemCode/Global/FileDump.o
                0x2001bff4                DownloadFile_Dump
 .text.DownloadFile
                0x2001c4b4       0x6c ./src/sub-systemCode/Global/FileDump.o
                0x2001c4b4                DownloadFile
 .text.init_GenericSaveQueue
                0x2001c520       0x3c ./src/sub-systemCode/Global/GenericTaskSave.o
                0x2001c520                init_GenericSaveQueue
 .text.add_GenericElement_queue
                0x2001c55c       0x80 ./src/sub-systemCode/Global/GenericTaskSave.o
                0x2001c55c                add_GenericElement_queue
 .text.GenericSave_Task
                0x2001c5dc      0x128 ./src/sub-systemCode/Global/GenericTaskSave.o
                0x2001c5dc                GenericSave_Task
 .text.check_int
                0x2001c704       0x20 ./src/sub-systemCode/Global/Global.o
                0x2001c704                check_int
 .text.check_portBASE_TYPE
                0x2001c724       0x20 ./src/sub-systemCode/Global/Global.o
                0x2001c724                check_portBASE_TYPE
 .text.soft_reset_subsystem
                0x2001c744       0xf0 ./src/sub-systemCode/Global/Global.o
                0x2001c744                soft_reset_subsystem
 .text.hard_reset_subsystem
                0x2001c834      0x134 ./src/sub-systemCode/Global/Global.o
                0x2001c834                hard_reset_subsystem
 .text.BigEnE_raw_to_uInt
                0x2001c968       0x94 ./src/sub-systemCode/Global/Global.o
                0x2001c968                BigEnE_raw_to_uInt
 .text.BigEnE_raw_to_uShort
                0x2001c9fc       0x50 ./src/sub-systemCode/Global/Global.o
                0x2001c9fc                BigEnE_raw_to_uShort
 .text.BigEnE_uInt_to_raw
                0x2001ca4c       0x78 ./src/sub-systemCode/Global/Global.o
                0x2001ca4c                BigEnE_uInt_to_raw
 .text.reset_FRAM_MAIN
                0x2001cac4      0x1cc ./src/sub-systemCode/Global/Global.o
                0x2001cac4                reset_FRAM_MAIN
 .text.getBitValueByIndex
                0x2001cc90       0xd0 ./src/sub-systemCode/Global/Global.o
                0x2001cc90                getBitValueByIndex
 .text.FRAM_write_exte
                0x2001cd60       0x84 ./src/sub-systemCode/Global/Global.o
                0x2001cd60                FRAM_write_exte
 .text.FRAM_read_exte
                0x2001cde4       0x84 ./src/sub-systemCode/Global/Global.o
                0x2001cde4                FRAM_read_exte
 .text.FRAM_writeAndVerify_exte
                0x2001ce68       0x84 ./src/sub-systemCode/Global/Global.o
                0x2001ce68                FRAM_writeAndVerify_exte
 .text.init_GP  0x2001ceec      0x368 ./src/sub-systemCode/Global/GlobalParam.o
                0x2001ceec                init_GP
 .text.get_system_state
                0x2001d254      0x268 ./src/sub-systemCode/Global/GlobalParam.o
                0x2001d254                get_system_state
 .text.set_system_state
                0x2001d4bc      0x298 ./src/sub-systemCode/Global/GlobalParam.o
                0x2001d4bc                set_system_state
 .text.get_systems_state_param
                0x2001d754       0x8c ./src/sub-systemCode/Global/GlobalParam.o
                0x2001d754                get_systems_state_param
 .text.get_current_global_param
                0x2001d7e0      0x55c ./src/sub-systemCode/Global/GlobalParam.o
                0x2001d7e0                get_current_global_param
 .text.set_Vbatt
                0x2001dd3c       0x8c ./src/sub-systemCode/Global/GlobalParam.o
                0x2001dd3c                set_Vbatt
 .text.get_Vbatt
                0x2001ddc8       0x8c ./src/sub-systemCode/Global/GlobalParam.o
                0x2001ddc8                get_Vbatt
 .text.set_curBat
                0x2001de54       0x8c ./src/sub-systemCode/Global/GlobalParam.o
                0x2001de54                set_curBat
 .text.set_cur3V3
                0x2001dee0       0x8c ./src/sub-systemCode/Global/GlobalParam.o
                0x2001dee0                set_cur3V3
 .text.set_cur5V
                0x2001df6c       0x8c ./src/sub-systemCode/Global/GlobalParam.o
                0x2001df6c                set_cur5V
 .text.set_tempComm_LO
                0x2001dff8       0x8c ./src/sub-systemCode/Global/GlobalParam.o
                0x2001dff8                set_tempComm_LO
 .text.set_tempComm_PA
                0x2001e084       0x8c ./src/sub-systemCode/Global/GlobalParam.o
                0x2001e084                set_tempComm_PA
 .text.set_tempEPS
                0x2001e110       0xc8 ./src/sub-systemCode/Global/GlobalParam.o
                0x2001e110                set_tempEPS
 .text.set_tempBatt
                0x2001e1d8       0xc8 ./src/sub-systemCode/Global/GlobalParam.o
                0x2001e1d8                set_tempBatt
 .text.set_RxDoppler
                0x2001e2a0       0x8c ./src/sub-systemCode/Global/GlobalParam.o
                0x2001e2a0                set_RxDoppler
 .text.set_RxRSSI
                0x2001e32c       0x8c ./src/sub-systemCode/Global/GlobalParam.o
                0x2001e32c                set_RxRSSI
 .text.set_TxRefl
                0x2001e3b8       0x8c ./src/sub-systemCode/Global/GlobalParam.o
                0x2001e3b8                set_TxRefl
 .text.set_TxForw
                0x2001e444       0x8c ./src/sub-systemCode/Global/GlobalParam.o
                0x2001e444                set_TxForw
 .text.set_FS_failFlag
                0x2001e4d0       0x8c ./src/sub-systemCode/Global/GlobalParam.o
                0x2001e4d0                set_FS_failFlag
 .text.set_EPSState
                0x2001e55c       0x8c ./src/sub-systemCode/Global/GlobalParam.o
                0x2001e55c                set_EPSState
 .text.set_numOfDelayedCommand
                0x2001e5e8       0x8c ./src/sub-systemCode/Global/GlobalParam.o
                0x2001e5e8                set_numOfDelayedCommand
 .text.set_numOfResets
                0x2001e674       0xac ./src/sub-systemCode/Global/GlobalParam.o
                0x2001e674                set_numOfResets
 .text.set_ground_conn
                0x2001e720       0xa0 ./src/sub-systemCode/Global/GlobalParam.o
                0x2001e720                set_ground_conn
 .text.get_ground_conn
                0x2001e7c0       0xa0 ./src/sub-systemCode/Global/GlobalParam.o
                0x2001e7c0                get_ground_conn
 .text.IsisAntS_getStatusData_sideA
                0x2001e860       0x3c ./src/sub-systemCode/Global/OnlineTM.o
                0x2001e860                IsisAntS_getStatusData_sideA
 .text.IsisAntS_getAlltelemetry_sideA
                0x2001e89c       0x3c ./src/sub-systemCode/Global/OnlineTM.o
                0x2001e89c                IsisAntS_getAlltelemetry_sideA
 .text.IsisAntS_getTemperature_sideA
                0x2001e8d8       0x3c ./src/sub-systemCode/Global/OnlineTM.o
                0x2001e8d8                IsisAntS_getTemperature_sideA
 .text.IsisAntS_getStatusData_sideB
                0x2001e914       0x3c ./src/sub-systemCode/Global/OnlineTM.o
                0x2001e914                IsisAntS_getStatusData_sideB
 .text.IsisAntS_getAlltelemetry_sideB
                0x2001e950       0x3c ./src/sub-systemCode/Global/OnlineTM.o
                0x2001e950                IsisAntS_getAlltelemetry_sideB
 .text.IsisAntS_getTemperature_sideB
                0x2001e98c       0x3c ./src/sub-systemCode/Global/OnlineTM.o
                0x2001e98c                IsisAntS_getTemperature_sideB
 .text.HK_collect_EPS
                0x2001e9c8       0x30 ./src/sub-systemCode/Global/OnlineTM.o
                0x2001e9c8                HK_collect_EPS
 .text.HK_collect_COMM
                0x2001e9f8       0x30 ./src/sub-systemCode/Global/OnlineTM.o
                0x2001e9f8                HK_collect_COMM
 .text.HK_collect_CAM
                0x2001ea28       0x30 ./src/sub-systemCode/Global/OnlineTM.o
                0x2001ea28                HK_collect_CAM
 .text.HK_collect_SP
                0x2001ea58       0x30 ./src/sub-systemCode/Global/OnlineTM.o
                0x2001ea58                HK_collect_SP
 .text.HK_collect_FS_A
                0x2001ea88       0x9c ./src/sub-systemCode/Global/OnlineTM.o
                0x2001ea88                HK_collect_FS_A
 .text.HK_collect_FS_B
                0x2001eb24       0x9c ./src/sub-systemCode/Global/OnlineTM.o
                0x2001eb24                HK_collect_FS_B
 .text.save_offlineSetting_FRAM
                0x2001ebc0      0x26c ./src/sub-systemCode/Global/OnlineTM.o
                0x2001ebc0                save_offlineSetting_FRAM
 .text.get_offlineSetting_FRAM
                0x2001ee2c       0x58 ./src/sub-systemCode/Global/OnlineTM.o
                0x2001ee2c                get_offlineSetting_FRAM
 .text.update_offlineSetting_FRAM
                0x2001ee84      0x360 ./src/sub-systemCode/Global/OnlineTM.o
                0x2001ee84                update_offlineSetting_FRAM
 .text.get_offlineSettingPacket
                0x2001f1e4       0xc4 ./src/sub-systemCode/Global/OnlineTM.o
                0x2001f1e4                get_offlineSettingPacket
 .text.get_item_by_index
                0x2001f2a8       0xdc ./src/sub-systemCode/Global/OnlineTM.o
                0x2001f2a8                get_item_by_index
 .text.get_pointer_item_by_index
                0x2001f384       0x48 ./src/sub-systemCode/Global/OnlineTM.o
                0x2001f384                get_pointer_item_by_index
 .text.init_onlineParam
                0x2001f3cc     0x2f54 ./src/sub-systemCode/Global/OnlineTM.o
                0x2001f3cc                init_onlineParam
 .text.reset_offline_TM_list
                0x20022320      0x184 ./src/sub-systemCode/Global/OnlineTM.o
                0x20022320                reset_offline_TM_list
 .text.get_online_packet
                0x200224a4      0x25c ./src/sub-systemCode/Global/OnlineTM.o
                0x200224a4                get_online_packet
 .text.save_onlineTM_param
                0x20022700      0x1b4 ./src/sub-systemCode/Global/OnlineTM.o
                0x20022700                save_onlineTM_param
 .text.add_onlineTM_param_to_save_list
                0x200228b4      0x3e4 ./src/sub-systemCode/Global/OnlineTM.o
                0x200228b4                add_onlineTM_param_to_save_list
 .text.delete_onlineTM_param_from_offline
                0x20022c98      0x1a8 ./src/sub-systemCode/Global/OnlineTM.o
                0x20022c98                delete_onlineTM_param_from_offline
 .text.save_onlineTM_logic
                0x20022e40      0x2c0 ./src/sub-systemCode/Global/OnlineTM.o
                0x20022e40                save_onlineTM_logic
 .text.updateSD_state
                0x20023100       0xc0 ./src/sub-systemCode/Global/OnlineTM.o
                0x20023100                updateSD_state
 .text.sleepRTC_second
                0x200231c0       0x64 ./src/sub-systemCode/Global/OnlineTM.o
 .text.save_onlineTM_task
                0x20023224       0xe8 ./src/sub-systemCode/Global/OnlineTM.o
                0x20023224                save_onlineTM_task
 .text.reset_FRAM_FS
                0x2002330c       0x4c ./src/sub-systemCode/Global/TLM_management.o
                0x2002330c                reset_FRAM_FS
 .text.sd_format
                0x20023358       0x44 ./src/sub-systemCode/Global/TLM_management.o
                0x20023358                sd_format
 .text.deleteDir
                0x2002339c       0x48 ./src/sub-systemCode/Global/TLM_management.o
                0x2002339c                deleteDir
 .text.getNumOfFilesInFS
                0x200233e4       0x44 ./src/sub-systemCode/Global/TLM_management.o
 .text.setNumOfFilesInFS
                0x20023428       0x50 ./src/sub-systemCode/Global/TLM_management.o
 .text.f_managed_enterFS
                0x20023478       0x18 ./src/sub-systemCode/Global/TLM_management.o
                0x20023478                f_managed_enterFS
 .text.f_managed_releaseFS
                0x20023490       0x18 ./src/sub-systemCode/Global/TLM_management.o
                0x20023490                f_managed_releaseFS
 .text.f_managed_open
                0x200234a8      0x120 ./src/sub-systemCode/Global/TLM_management.o
                0x200234a8                f_managed_open
 .text.f_managed_close
                0x200235c8       0x94 ./src/sub-systemCode/Global/TLM_management.o
                0x200235c8                f_managed_close
 .text.createSemahores_FS
                0x2002365c       0x48 ./src/sub-systemCode/Global/TLM_management.o
                0x2002365c                createSemahores_FS
 .text.InitializeFS
                0x200236a4      0x194 ./src/sub-systemCode/Global/TLM_management.o
                0x200236a4                InitializeFS
 .text.c_fileCreate
                0x20023838      0x11c ./src/sub-systemCode/Global/TLM_management.o
                0x20023838                c_fileCreate
 .text.writewithEpochtime
                0x20023954       0xa8 ./src/sub-systemCode/Global/TLM_management.o
 .text.get_C_FILE_struct
                0x200239fc      0x104 ./src/sub-systemCode/Global/TLM_management.o
 .text.getFileIndex
                0x20023b00       0x64 ./src/sub-systemCode/Global/TLM_management.o
 .text.get_file_name_by_index
                0x20023b64       0x54 ./src/sub-systemCode/Global/TLM_management.o
                0x20023b64                get_file_name_by_index
 .text.c_fileReset
                0x20023bb8       0xf0 ./src/sub-systemCode/Global/TLM_management.o
                0x20023bb8                c_fileReset
 .text.c_fileWrite
                0x20023ca8      0x174 ./src/sub-systemCode/Global/TLM_management.o
                0x20023ca8                c_fileWrite
 .text.deleteElementsFromFile
                0x20023e1c      0x1a0 ./src/sub-systemCode/Global/TLM_management.o
 .text.c_fileDeleteElements
                0x20023fbc      0x168 ./src/sub-systemCode/Global/TLM_management.o
                0x20023fbc                c_fileDeleteElements
 .text.c_fileRead
                0x20024124      0x310 ./src/sub-systemCode/Global/TLM_management.o
                0x20024124                c_fileRead
 .text.DeInitializeFS
                0x20024434       0xdc ./src/sub-systemCode/Global/TLM_management.o
                0x20024434                DeInitializeFS
 .text.xSemaphoreGive_extended
                0x20024510       0x48 ./src/sub-systemCode/Global/freertosExtended.o
                0x20024510                xSemaphoreGive_extended
 .text.xSemaphoreTake_extended
                0x20024558       0x54 ./src/sub-systemCode/Global/freertosExtended.o
                0x20024558                xSemaphoreTake_extended
 .text.WriteLog
                0x200245ac       0xa8 ./src/sub-systemCode/Global/logger.o
 .text.WriteErrorLog
                0x20024654       0x64 ./src/sub-systemCode/Global/logger.o
                0x20024654                WriteErrorLog
 .text.WritePayloadLog
                0x200246b8       0x50 ./src/sub-systemCode/Global/logger.o
                0x200246b8                WritePayloadLog
 .text.WriteEpsLog
                0x20024708       0x4c ./src/sub-systemCode/Global/logger.o
                0x20024708                WriteEpsLog
 .text.WriteTransponderLog
                0x20024754       0x50 ./src/sub-systemCode/Global/logger.o
                0x20024754                WriteTransponderLog
 .text.WriteAdcsLog
                0x200247a4       0x50 ./src/sub-systemCode/Global/logger.o
                0x200247a4                WriteAdcsLog
 .text.WriteCUFLog
                0x200247f4       0x50 ./src/sub-systemCode/Global/logger.o
                0x200247f4                WriteCUFLog
 .text.castCharPointerToInt
                0x20024844       0x84 ./src/sub-systemCode/CUF/CUF.o
                0x20024844                castCharPointerToInt
 .text.castCharArrayToIntArray
                0x200248c8       0xa4 ./src/sub-systemCode/CUF/CUF.o
                0x200248c8                castCharArrayToIntArray
 .text.SavePerminantCUF
                0x2002496c      0x1b0 ./src/sub-systemCode/CUF/CUF.o
                0x2002496c                SavePerminantCUF
 .text.CUFSwitch
                0x20024b1c       0x30 ./src/sub-systemCode/CUF/CUF.o
                0x20024b1c                CUFSwitch
 .text.GenerateSSH
                0x20024b4c       0xb8 ./src/sub-systemCode/CUF/CUF.o
                0x20024b4c                GenerateSSH
 .text.getExtendedName
                0x20024c04       0xc4 ./src/sub-systemCode/CUF/CUF.o
                0x20024c04                getExtendedName
 .text.AuthenticateCUF
                0x20024cc8       0x84 ./src/sub-systemCode/CUF/CUF.o
                0x20024cc8                AuthenticateCUF
 .text.UpdatePerminantCUF
                0x20024d4c       0x94 ./src/sub-systemCode/CUF/CUF.o
                0x20024d4c                UpdatePerminantCUF
 .text.RemoveCUF
                0x20024de0      0x1c0 ./src/sub-systemCode/CUF/CUF.o
                0x20024de0                RemoveCUF
 .text.ExecuteCUF
                0x20024fa0       0xe4 ./src/sub-systemCode/CUF/CUF.o
                0x20024fa0                ExecuteCUF
 .text.IntegrateCUF
                0x20025084      0x1ac ./src/sub-systemCode/CUF/CUF.o
                0x20025084                IntegrateCUF
 .text.AddToCUFTempArray
                0x20025230       0xa0 ./src/sub-systemCode/CUF/CUF.o
                0x20025230                AddToCUFTempArray
 .text.GetFromCUFTempArray
                0x200252d0       0xe0 ./src/sub-systemCode/CUF/CUF.o
                0x200252d0                GetFromCUFTempArray
 .text.DisableCUF
                0x200253b0       0xb0 ./src/sub-systemCode/CUF/CUF.o
                0x200253b0                DisableCUF
 .text.EnableCUF
                0x20025460       0xb0 ./src/sub-systemCode/CUF/CUF.o
                0x20025460                EnableCUF
 .text.initializeUpload
                0x20025510       0x94 ./src/sub-systemCode/CUF/uploadCodeTelemetry.o
                0x20025510                initializeUpload
 .text.removeFiles
                0x200255a4      0x16c ./src/sub-systemCode/CUF/uploadCodeTelemetry.o
                0x200255a4                removeFiles
 .text.loadBackup
                0x20025710      0x144 ./src/sub-systemCode/CUF/uploadCodeTelemetry.o
                0x20025710                loadBackup
 .text.addToArray
                0x20025854       0xcc ./src/sub-systemCode/CUF/uploadCodeTelemetry.o
                0x20025854                addToArray
 .text.headerHandle
                0x20025920       0xb8 ./src/sub-systemCode/CUF/uploadCodeTelemetry.o
                0x20025920                headerHandle
 .text.startCUFintegration
                0x200259d8      0x1e0 ./src/sub-systemCode/CUF/uploadCodeTelemetry.o
                0x200259d8                startCUFintegration
 .text.saveBackup
                0x20025bb8      0x118 ./src/sub-systemCode/CUF/uploadCodeTelemetry.o
                0x20025bb8                saveBackup
 .text.saveAck  0x20025cd0       0x28 ./src/sub-systemCode/CUF/uploadCodeTelemetry.o
                0x20025cd0                saveAck
 .text.reset_APRS_list
                0x20025cf8       0x20 ./src/sub-systemCode/COMM/APRS.o
                0x20025cf8                reset_APRS_list
 .text.get_APRS_list
                0x20025d18       0x18 ./src/sub-systemCode/COMM/APRS.o
                0x20025d18                get_APRS_list
 .text.find_CMD_in_list
                0x20025d30       0x7c ./src/sub-systemCode/COMM/DelayedCommand_list.o
                0x20025d30                find_CMD_in_list
 .text.find_empty_in_list
                0x20025dac       0x74 ./src/sub-systemCode/COMM/DelayedCommand_list.o
                0x20025dac                find_empty_in_list
 .text.check_delayCommandTime
                0x20025e20       0xa8 ./src/sub-systemCode/COMM/DelayedCommand_list.o
                0x20025e20                check_delayCommandTime
 .text.execute_delayedCommand
                0x20025ec8       0x64 ./src/sub-systemCode/COMM/DelayedCommand_list.o
                0x20025ec8                execute_delayedCommand
 .text.check_delaycommand
                0x20025f2c      0x198 ./src/sub-systemCode/COMM/DelayedCommand_list.o
                0x20025f2c                check_delaycommand
 .text.reset_delayCommand
                0x200260c4       0xc4 ./src/sub-systemCode/COMM/DelayedCommand_list.o
                0x200260c4                reset_delayCommand
 .text.add_delayCommand
                0x20026188      0x1ec ./src/sub-systemCode/COMM/DelayedCommand_list.o
                0x20026188                add_delayCommand
 .text.get_delayCommand_list
                0x20026374       0xb8 ./src/sub-systemCode/COMM/DelayedCommand_list.o
                0x20026374                get_delayCommand_list
 .text.EmptyOldestCommand
                0x2002642c       0xfc ./src/sub-systemCode/COMM/DelayedCommand_list.o
                0x2002642c                EmptyOldestCommand
 .text.decode_TCpacket
                0x20026528      0x16c ./src/sub-systemCode/COMM/GSC.o
                0x20026528                decode_TCpacket
 .text.encode_TCpacket
                0x20026694      0x114 ./src/sub-systemCode/COMM/GSC.o
                0x20026694                encode_TCpacket
 .text.encode_TMpacket
                0x200267a8      0x104 ./src/sub-systemCode/COMM/GSC.o
                0x200267a8                encode_TMpacket
 .text.build_raw_ACK
                0x200268ac       0xbc ./src/sub-systemCode/COMM/GSC.o
                0x200268ac                build_raw_ACK
 .text.build_data_field_ACK
                0x20026968       0x74 ./src/sub-systemCode/COMM/GSC.o
                0x20026968                build_data_field_ACK
 .text.update_FRAM_bitRate
                0x200269dc       0xf4 ./src/sub-systemCode/COMM/TRXVU.o
                0x200269dc                update_FRAM_bitRate
 .text.idle_state_
                0x20026ad0       0x78 ./src/sub-systemCode/COMM/TRXVU.o
                0x20026ad0                idle_state_
 .text.toggle_idle_state
                0x20026b48       0x64 ./src/sub-systemCode/COMM/TRXVU.o
                0x20026b48                toggle_idle_state
 .text.TRXVU_init_hardWare
                0x20026bac       0xc8 ./src/sub-systemCode/COMM/TRXVU.o
                0x20026bac                TRXVU_init_hardWare
 .text.TRXVU_init_softWare
                0x20026c74      0x124 ./src/sub-systemCode/COMM/TRXVU.o
                0x20026c74                TRXVU_init_softWare
 .text.init_trxvu
                0x20026d98       0x14 ./src/sub-systemCode/COMM/TRXVU.o
                0x20026d98                init_trxvu
 .text.TRXVU_task
                0x20026dac       0xb8 ./src/sub-systemCode/COMM/TRXVU.o
                0x20026dac                TRXVU_task
 .text.dump_logic
                0x20026e64      0x37c ./src/sub-systemCode/COMM/TRXVU.o
                0x20026e64                dump_logic
 .text.Dump_task
                0x200271e0      0x1a4 ./src/sub-systemCode/COMM/TRXVU.o
                0x200271e0                Dump_task
 .text.transponder_logic
                0x20027384      0x120 ./src/sub-systemCode/COMM/TRXVU.o
                0x20027384                transponder_logic
 .text.Transponder_task
                0x200274a4      0x1b0 ./src/sub-systemCode/COMM/TRXVU.o
                0x200274a4                Transponder_task
 .text.lookForRequestToDelete_transponder
                0x20027654       0x8c ./src/sub-systemCode/COMM/TRXVU.o
                0x20027654                lookForRequestToDelete_transponder
 .text.lookForRequestToDelete_dump
                0x200276e0       0x88 ./src/sub-systemCode/COMM/TRXVU.o
                0x200276e0                lookForRequestToDelete_dump
 .text.sendRequestToStop_dump
                0x20027768       0x8c ./src/sub-systemCode/COMM/TRXVU.o
                0x20027768                sendRequestToStop_dump
 .text.sendRequestToStop_transponder
                0x200277f4       0x8c ./src/sub-systemCode/COMM/TRXVU.o
                0x200277f4                sendRequestToStop_transponder
 .text.Rx_logic
                0x20027880      0x1d4 ./src/sub-systemCode/COMM/TRXVU.o
                0x20027880                Rx_logic
 .text.pass_above_Ground
                0x20027a54      0x15c ./src/sub-systemCode/COMM/TRXVU.o
                0x20027a54                pass_above_Ground
 .text.check_TRXVUState
                0x20027bb0      0x188 ./src/sub-systemCode/COMM/TRXVU.o
                0x20027bb0                check_TRXVUState
 .text.trxvu_logic
                0x20027d38       0x20 ./src/sub-systemCode/COMM/TRXVU.o
                0x20027d38                trxvu_logic
 .text.Beacon_task
                0x20027d58      0x174 ./src/sub-systemCode/COMM/TRXVU.o
                0x20027d58                Beacon_task
 .text.buildAndSend_beacon
                0x20027ecc      0x5c0 ./src/sub-systemCode/COMM/TRXVU.o
                0x20027ecc                buildAndSend_beacon
 .text.reset_FRAM_TRXVU
                0x2002848c      0x208 ./src/sub-systemCode/COMM/TRXVU.o
                0x2002848c                reset_FRAM_TRXVU
 .text.TRX_sendFrame
                0x20028694      0x1bc ./src/sub-systemCode/COMM/TRXVU.o
                0x20028694                TRX_sendFrame
 .text.TRX_getFrameData
                0x20028850      0x144 ./src/sub-systemCode/COMM/TRXVU.o
                0x20028850                TRX_getFrameData
 .text.mute_Tx  0x20028994       0x64 ./src/sub-systemCode/COMM/TRXVU.o
                0x20028994                mute_Tx
 .text.unmute_Tx
                0x200289f8       0x58 ./src/sub-systemCode/COMM/TRXVU.o
                0x200289f8                unmute_Tx
 .text.check_time_off_mute
                0x20028a50       0xc0 ./src/sub-systemCode/COMM/TRXVU.o
                0x20028a50                check_time_off_mute
 .text.set_mute_time
                0x20028b10      0x100 ./src/sub-systemCode/COMM/TRXVU.o
                0x20028b10                set_mute_time
 .text.change_TRXVU_state
                0x20028c10      0x100 ./src/sub-systemCode/COMM/TRXVU.o
                0x20028c10                change_TRXVU_state
 .text.change_trans_RSSI
                0x20028d10       0x7c ./src/sub-systemCode/COMM/TRXVU.o
                0x20028d10                change_trans_RSSI
 .text.AdcsReadI2cAck
                0x20028d8c       0xfc ./src/sub-systemCode/ADCS/AdcsCommands.o
                0x20028d8c                AdcsReadI2cAck
 .text.AdcsGenericI2cCmd
                0x20028e88      0x1bc ./src/sub-systemCode/ADCS/AdcsCommands.o
                0x20028e88                AdcsGenericI2cCmd
 .text.SendAdcsTlm
                0x20029044      0x14c ./src/sub-systemCode/ADCS/AdcsCommands.o
                0x20029044                SendAdcsTlm
 .text.AdcsExecuteCommand
                0x20029190     0x1bd0 ./src/sub-systemCode/ADCS/AdcsCommands.o
                0x20029190                AdcsExecuteCommand
 .text.cspaceADCS_getEstimatedAngles