Archive member included because of file (symbol)

c:/isis/application/toolchain/bin/../lib/gcc/arm-none-eabi/4.7.4/../../../../arm-none-eabi/lib\libc_s.a(lib_a-vfprintf_float.o)
                              (_printf_float)
c:/isis/application/toolchain/bin/../lib/gcc/arm-none-eabi/4.7.4/../../../../arm-none-eabi/lib\libc_s.a(lib_a-vfprintf_i.o)
                              c:/isis/application/toolchain/bin/../lib/gcc/arm-none-eabi/4.7.4/../../../../arm-none-eabi/lib\libc_s.a(lib_a-vfprintf_float.o) (_printf_common)
c:/isis/application/toolchain/bin/../lib/gcc/arm-none-eabi/4.7.4/../../../../arm-none-eabi/lib\libc_s.a(lib_a-vfscanf_float.o)
                              (_scanf_float)
c:/isis/application/toolchain/bin/../lib/gcc/arm-none-eabi/4.7.4/../../../../arm-none-eabi/lib\libc_s.a(lib_a-dtoa.o)
                              c:/isis/application/toolchain/bin/../lib/gcc/arm-none-eabi/4.7.4/../../../../arm-none-eabi/lib\libc_s.a(lib_a-vfprintf_float.o) (_dtoa_r)
c:/isis/application/toolchain/bin/../lib/gcc/arm-none-eabi/4.7.4/../../../../arm-none-eabi/lib\libc_s.a(lib_a-locale.o)
                              c:/isis/application/toolchain/bin/../lib/gcc/arm-none-eabi/4.7.4/../../../../arm-none-eabi/lib\libc_s.a(lib_a-vfprintf_float.o) (_localeconv_r)
c:/isis/application/toolchain/bin/../lib/gcc/arm-none-eabi/4.7.4/../../../../arm-none-eabi/lib\libc_s.a(lib_a-malloc.o)
                              c:/isis/application/toolchain/bin/../lib/gcc/arm-none-eabi/4.7.4/../../../../arm-none-eabi/lib\libc_s.a(lib_a-dtoa.o) (malloc)
c:/isis/application/toolchain/bin/../lib/gcc/arm-none-eabi/4.7.4/../../../../arm-none-eabi/lib\libc_s.a(lib_a-mallocr.o)
                              c:/isis/application/toolchain/bin/../lib/gcc/arm-none-eabi/4.7.4/../../../../arm-none-eabi/lib\libc_s.a(lib_a-malloc.o) (_malloc_r)
c:/isis/application/toolchain/bin/../lib/gcc/arm-none-eabi/4.7.4/../../../../arm-none-eabi/lib\libc_s.a(lib_a-memcpy.o)
                              c:/isis/application/toolchain/bin/../lib/gcc/arm-none-eabi/4.7.4/../../../../arm-none-eabi/lib\libc_s.a(lib_a-dtoa.o) (memcpy)
c:/isis/application/toolchain/bin/../lib/gcc/arm-none-eabi/4.7.4/../../../../arm-none-eabi/lib\libc_s.a(lib_a-mprec.o)
                              c:/isis/application/toolchain/bin/../lib/gcc/arm-none-eabi/4.7.4/../../../../arm-none-eabi/lib\libc_s.a(lib_a-dtoa.o) (_Balloc)
c:/isis/application/toolchain/bin/../lib/gcc/arm-none-eabi/4.7.4/../../../../arm-none-eabi/lib\libc_s.a(lib_a-s_fpclassify.o)
                              c:/isis/application/toolchain/bin/../lib/gcc/arm-none-eabi/4.7.4/../../../../arm-none-eabi/lib\libc_s.a(lib_a-vfprintf_float.o) (__fpclassifyd)
c:/isis/application/toolchain/bin/../lib/gcc/arm-none-eabi/4.7.4/../../../../arm-none-eabi/lib\libc_s.a(lib_a-sbrkr.o)
                              c:/isis/application/toolchain/bin/../lib/gcc/arm-none-eabi/4.7.4/../../../../arm-none-eabi/lib\libc_s.a(lib_a-mallocr.o) (_sbrk_r)
c:/isis/application/toolchain/bin/../lib/gcc/arm-none-eabi/4.7.4/../../../../arm-none-eabi/lib\libc_s.a(lib_a-sf_nan.o)
                              c:/isis/application/toolchain/bin/../lib/gcc/arm-none-eabi/4.7.4/../../../../arm-none-eabi/lib\libc_s.a(lib_a-vfscanf_float.o) (nanf)
c:/isis/application/toolchain/bin/../lib/gcc/arm-none-eabi/4.7.4/../../../../arm-none-eabi/lib\libc_s.a(lib_a-sprintf.o)
                              c:/isis/application/toolchain/bin/../lib/gcc/arm-none-eabi/4.7.4/../../../../arm-none-eabi/lib\libc_s.a(lib_a-vfscanf_float.o) (sprintf)
c:/isis/application/toolchain/bin/../lib/gcc/arm-none-eabi/4.7.4/../../../../arm-none-eabi/lib\libc_s.a(lib_a-strcmp.o)
                              c:/isis/application/toolchain/bin/../lib/gcc/arm-none-eabi/4.7.4/../../../../arm-none-eabi/lib\libc_s.a(lib_a-locale.o) (strcmp)
c:/isis/application/toolchain/bin/../lib/gcc/arm-none-eabi/4.7.4/../../../../arm-none-eabi/lib\libc_s.a(lib_a-strlen.o)
                              c:/isis/application/toolchain/bin/../lib/gcc/arm-none-eabi/4.7.4/../../../../arm-none-eabi/lib\libc_s.a(lib_a-vfprintf_float.o) (strlen)
c:/isis/application/toolchain/bin/../lib/gcc/arm-none-eabi/4.7.4/../../../../arm-none-eabi/lib\libc_s.a(lib_a-strtod.o)
                              c:/isis/application/toolchain/bin/../lib/gcc/arm-none-eabi/4.7.4/../../../../arm-none-eabi/lib\libc_s.a(lib_a-vfscanf_float.o) (_strtod_r)
c:/isis/application/toolchain/bin/../lib/gcc/arm-none-eabi/4.7.4/../../../../arm-none-eabi/lib\libc_s.a(lib_a-strtol.o)
                              c:/isis/application/toolchain/bin/../lib/gcc/arm-none-eabi/4.7.4/../../../../arm-none-eabi/lib\libc_s.a(lib_a-vfscanf_float.o) (_strtol_r)
c:/isis/application/toolchain/bin/../lib/gcc/arm-none-eabi/4.7.4/../../../../arm-none-eabi/lib\libc_s.a(lib_a-svfprintf.o)
                              c:/isis/application/toolchain/bin/../lib/gcc/arm-none-eabi/4.7.4/../../../../arm-none-eabi/lib\libc_s.a(lib_a-sprintf.o) (_svfprintf_r)
[...]
Memory Configuration

Name             Origin             Length             Attributes
sram0            0x00200000         0x00004000         w !xr
sram1            0x00300000         0x00004000         w !xr
sdram            0x20000000         0x02000000         w !xr
*default*        0x00000000         0xffffffff

Linker script and memory map

LOAD c:/isis/application/toolchain/bin/../lib/gcc/arm-none-eabi/4.7.4/../../../../arm-none-eabi/lib\libc_s.a
LOAD ./src/sub-systemCode/Main/CMD/ADCS_CMD.o
LOAD ./src/sub-systemCode/Main/CMD/COMM_CMD.o
LOAD ./src/sub-systemCode/Main/CMD/EPS_CMD.o
LOAD ./src/sub-systemCode/Main/CMD/General_CMD.o
LOAD ./src/sub-systemCode/Main/CMD/SW_CMD.o
LOAD ./src/sub-systemCode/Main/CMD/payload_CMD.o
LOAD ./src/sub-systemCode/Main/CMD/test_CMD.o
LOAD ./src/sub-systemCode/Main/Ants.o
LOAD ./src/sub-systemCode/Main/EPS.o
LOAD ./src/sub-systemCode/Main/HouseKeeping.o
LOAD ./src/sub-systemCode/Main/Main_Init.o
LOAD ./src/sub-systemCode/Main/commands.o
LOAD ./src/sub-systemCode/Global/Global.o
LOAD ./src/sub-systemCode/Global/GlobalParam.o
LOAD ./src/sub-systemCode/Global/TM_managment.o
LOAD ./src/sub-systemCode/COMM/APRS.o
LOAD ./src/sub-systemCode/COMM/DelayedCommand_list.o
LOAD ./src/sub-systemCode/COMM/GSC.o
LOAD ./src/sub-systemCode/COMM/TRXVU.o
LOAD ./src/sub-systemCode/ADCS/AdcsCommands.o
LOAD ./src/sub-systemCode/ADCS/AdcsGetDataAndTlm.o
LOAD ./src/sub-systemCode/ADCS/AdcsMain.o
LOAD ./src/sub-systemCode/ADCS/AdcsTroubleShooting.o
LOAD ./src/sub-systemCode/ADCS/StateMachine.o
LOAD ./src/main.o
LOAD C:/Hoopoe3/satellite-subsystems/demo/..//satellite-subsystems/lib\libSatelliteSubsystemsD.a
LOAD c:/isis/application/toolchain/bin/../lib/gcc/arm-none-eabi/4.7.4/../../../../arm-none-eabi/lib\libm.a
LOAD C:/Hoopoe3/satellite-subsystems/demo/../..//hal/hcc/lib\libHCCD.a
LOAD C:/Hoopoe3/satellite-subsystems/demo/../..//hal/hal/lib\libHALD.a
LOAD C:/Hoopoe3/satellite-subsystems/demo/../..//hal/freertos/lib\libFreeRTOSD.a
LOAD C:/Hoopoe3/satellite-subsystems/demo/../..//hal/at91/lib\libAt91D.a
START GROUP
LOAD c:/isis/application/toolchain/bin/../lib/gcc/arm-none-eabi/4.7.4\libgcc.a
LOAD c:/isis/application/toolchain/bin/../lib/gcc/arm-none-eabi/4.7.4/../../../../arm-none-eabi/lib\libc_s.a
END GROUP

.fixed          0x20000000    0x3cd70
                0x20000000                . = ALIGN (0x4)
                0x20000000                _sfixed = .
 *(.startup)
 .startup       0x20000000      0x134 C:/Hoopoe3/satellite-subsystems/demo/../..//hal/at91/lib\libAt91D.a(board_cstartup.o)
                0x20000000                entry
 *(.text)
 .text          0x20000134       0x64 C:/Hoopoe3/satellite-subsystems/demo/../..//hal/at91/lib\libAt91D.a(cp15_asm.o)
                0x20000134                _readControlRegister
                0x20000140                _writeControlRegister
                0x20000148                _waitForInterrupt
                0x20000154                _writeTTB
                0x2000015c                _writeDomain
                0x20000164                _writeITLBLockdown
                0x2000016c                _prefetchICacheLine
                0x20000174                _flushDCache
                0x20000180                _flushWriteBuffer
                0x2000018c                _invalidateIDTLBs
 .text          0x20000198      0x114 c:/isis/application/toolchain/bin/../lib/gcc/arm-none-eabi/4.7.4\libgcc.a(_udivsi3.o)
                0x20000198                __aeabi_uidiv
                0x20000198                __udivsi3
                0x2000028c                __aeabi_uidivmod
 .text          0x200002ac      0x148 c:/isis/application/toolchain/bin/../lib/gcc/arm-none-eabi/4.7.4\libgcc.a(_divsi3.o)
                0x200002ac                __divsi3
                0x200002ac                __aeabi_idiv
                0x200003d4                __aeabi_idivmod
 .text          0x200003f4        0x4 c:/isis/application/toolchain/bin/../lib/gcc/arm-none-eabi/4.7.4\libgcc.a(_dvmd_tls.o)
                0x200003f4                __aeabi_idiv0
                0x200003f4                __aeabi_ldiv0
 .text          0x200003f8      0x41c c:/isis/application/toolchain/bin/../lib/gcc/arm-none-eabi/4.7.4\libgcc.a(_arm_addsubdf3.o)
                0x200003f8                __aeabi_drsub
                0x20000400                __aeabi_dsub
                0x20000400                __subdf3
                0x20000404                __aeabi_dadd
                0x20000404                __adddf3
                0x20000714                __floatunsidf
                0x20000714                __aeabi_ui2d
                0x20000738                __floatsidf
                0x20000738                __aeabi_i2d
                0x20000760                __aeabi_f2d
                0x20000760                __extendsfdf2
                0x200007a0                __floatundidf
                0x200007a0                __aeabi_ul2d
                0x200007b4                __floatdidf
                0x200007b4                __aeabi_l2d
 .text          0x20000814      0x49c c:/isis/application/toolchain/bin/../lib/gcc/arm-none-eabi/4.7.4\libgcc.a(_arm_muldivdf3.o)
                0x20000814                __aeabi_dmul
                0x20000814                __muldf3
                0x20000aa4                __divdf3
                0x20000aa4                __aeabi_ddiv
 .text          0x20000cb0      0x144 c:/isis/application/toolchain/bin/../lib/gcc/arm-none-eabi/4.7.4\libgcc.a(_arm_cmpdf2.o)
                0x20000cb0                __gtdf2
                0x20000cb0                __gedf2
                0x20000cb8                __ltdf2
                0x20000cb8                __ledf2
                0x20000cc0                __nedf2
                0x20000cc0                __eqdf2
                0x20000cc0                __cmpdf2
                0x20000d48                __aeabi_cdrcmple
                0x20000d64                __aeabi_cdcmpeq
                0x20000d64                __aeabi_cdcmple
                0x20000d7c                __aeabi_dcmpeq
                0x20000d94                __aeabi_dcmplt
                0x20000dac                __aeabi_dcmple
                0x20000dc4                __aeabi_dcmpge
                0x20000ddc                __aeabi_dcmpgt
 .text          0x20000df4       0x5c c:/isis/application/toolchain/bin/../lib/gcc/arm-none-eabi/4.7.4\libgcc.a(_arm_fixdfsi.o)
                0x20000df4                __aeabi_d2iz
                0x20000df4                __fixdfsi
 .text          0x20000e50       0x54 c:/isis/application/toolchain/bin/../lib/gcc/arm-none-eabi/4.7.4\libgcc.a(_arm_fixunsdfsi.o)
                0x20000e50                __aeabi_d2uiz
                0x20000e50                __fixunsdfsi
 .text          0x20000ea4       0xa0 c:/isis/application/toolchain/bin/../lib/gcc/arm-none-eabi/4.7.4\libgcc.a(_arm_truncdfsf2.o)
                0x20000ea4                __truncdfsf2
                0x20000ea4                __aeabi_d2f
 .text          0x20000f44      0x2ac c:/isis/application/toolchain/bin/../lib/gcc/arm-none-eabi/4.7.4\libgcc.a(_arm_addsubsf3.o)
                0x20000f44                __aeabi_frsub
                0x20000f4c                __subsf3
                0x20000f4c                __aeabi_fsub
                0x20000f50                __aeabi_fadd
                0x20000f50                __addsf3
                0x2000110c                __aeabi_ui2f
                0x2000110c                __floatunsisf
                0x20001114                __aeabi_i2f
                0x20001114                __floatsisf
                0x20001134                __aeabi_ul2f
                0x20001134                __floatundisf
                0x20001144                __aeabi_l2f
                0x20001144                __floatdisf
 .text          0x200011f0      0x2f8 c:/isis/application/toolchain/bin/../lib/gcc/arm-none-eabi/4.7.4\libgcc.a(_arm_muldivsf3.o)
                0x200011f0                __mulsf3
                0x200011f0                __aeabi_fmul
                0x20001388                __aeabi_fdiv
                0x20001388                __divsf3
 .text          0x200014e8       0x54 c:/isis/application/toolchain/bin/../lib/gcc/arm-none-eabi/4.7.4\libgcc.a(_arm_fixunssfsi.o)
                0x200014e8                __fixunssfsi
                0x200014e8                __aeabi_f2uiz
 *(.text*)
 .text.__cvt    0x2000153c      0x138 c:/isis/application/toolchain/bin/../lib/gcc/arm-none-eabi/4.7.4/../../../../arm-none-eabi/lib\libc_s.a(lib_a-vfprintf_float.o)
                0x2000153c                __cvt
 .text.__exponent
                0x20001674       0xa8 c:/isis/application/toolchain/bin/../lib/gcc/arm-none-eabi/4.7.4/../../../../arm-none-eabi/lib\libc_s.a(lib_a-vfprintf_float.o)
                0x20001674                __exponent
 .text._printf_float
                0x2000171c      0x7dc c:/isis/application/toolchain/bin/../lib/gcc/arm-none-eabi/4.7.4/../../../../arm-none-eabi/lib\libc_s.a(lib_a-vfprintf_float.o)
                0x2000171c                _printf_float
 .text._printf_common
                0x20001ef8      0x174 c:/isis/application/toolchain/bin/../lib/gcc/arm-none-eabi/4.7.4/../../../../arm-none-eabi/lib\libc_s.a(lib_a-vfprintf_i.o)
                0x20001ef8                _printf_common
 .text._printf_i
                0x2000206c      0x3c4 c:/isis/application/toolchain/bin/../lib/gcc/arm-none-eabi/4.7.4/../../../../arm-none-eabi/lib\libc_s.a(lib_a-vfprintf_i.o)
                0x2000206c                _printf_i
 .text._scanf_float
                0x20002430      0x5f4 c:/isis/application/toolchain/bin/../lib/gcc/arm-none-eabi/4.7.4/../../../../arm-none-eabi/lib\libc_s.a(lib_a-vfscanf_float.o)
                0x20002430                _scanf_float
 .text.quorem   0x20002a24      0x1ac c:/isis/application/toolchain/bin/../lib/gcc/arm-none-eabi/4.7.4/../../../../arm-none-eabi/lib\libc_s.a(lib_a-dtoa.o)
 .text._dtoa_r  0x20002bd0     0x1268 c:/isis/application/toolchain/bin/../lib/gcc/arm-none-eabi/4.7.4/../../../../arm-none-eabi/lib\libc_s.a(lib_a-dtoa.o)
                0x20002bd0                _dtoa_r
 .text._localeconv_r
                0x20003e38        0xc c:/isis/application/toolchain/bin/../lib/gcc/arm-none-eabi/4.7.4/../../../../arm-none-eabi/lib\libc_s.a(lib_a-locale.o)
                0x20003e38                _localeconv_r
 .text.malloc   0x20003e44       0x20 c:/isis/application/toolchain/bin/../lib/gcc/arm-none-eabi/4.7.4/../../../../arm-none-eabi/lib\libc_s.a(lib_a-malloc.o)
                0x20003e44                malloc
 .text.free     0x20003e64       0x20 c:/isis/application/toolchain/bin/../lib/gcc/arm-none-eabi/4.7.4/../../../../arm-none-eabi/lib\libc_s.a(lib_a-malloc.o)
                0x20003e64                free
 .text._malloc_r
                0x20003e84       0xfc c:/isis/application/toolchain/bin/../lib/gcc/arm-none-eabi/4.7.4/../../../../arm-none-eabi/lib\libc_s.a(lib_a-mallocr.o)
                0x20003e84                _malloc_r
 .text.memcpy   0x20003f80       0x20 c:/isis/application/toolchain/bin/../lib/gcc/arm-none-eabi/4.7.4/../../../../arm-none-eabi/lib\libc_s.a(lib_a-memcpy.o)
                0x20003f80                memcpy
 .text._Balloc  0x20003fa0       0xcc c:/isis/application/toolchain/bin/../lib/gcc/arm-none-eabi/4.7.4/../../../../arm-none-eabi/lib\libc_s.a(lib_a-mprec.o)
                0x20003fa0                _Balloc
 .text._Bfree   0x2000406c       0x5c c:/isis/application/toolchain/bin/../lib/gcc/arm-none-eabi/4.7.4/../../../../arm-none-eabi/lib\libc_s.a(lib_a-mprec.o)
                0x2000406c                _Bfree
 .text.__multadd
                0x200040c8       0xbc c:/isis/application/toolchain/bin/../lib/gcc/arm-none-eabi/4.7.4/../../../../arm-none-eabi/lib\libc_s.a(lib_a-mprec.o)
                0x200040c8                __multadd
 .text.__s2b    0x20004184       0xd8 c:/isis/application/toolchain/bin/../lib/gcc/arm-none-eabi/4.7.4/../../../../arm-none-eabi/lib\libc_s.a(lib_a-mprec.o)
                0x20004184                __s2b
 .text.__hi0bits
                0x2000425c       0x58 c:/isis/application/toolchain/bin/../lib/gcc/arm-none-eabi/4.7.4/../../../../arm-none-eabi/lib\libc_s.a(lib_a-mprec.o)
                0x2000425c                __hi0bits
 .text.__lo0bits
                0x200042b4       0x94 c:/isis/application/toolchain/bin/../lib/gcc/arm-none-eabi/4.7.4/../../../../arm-none-eabi/lib\libc_s.a(lib_a-mprec.o)
                0x200042b4                __lo0bits
 .text.__i2b    0x20004348       0x24 c:/isis/application/toolchain/bin/../lib/gcc/arm-none-eabi/4.7.4/../../../../arm-none-eabi/lib\libc_s.a(lib_a-mprec.o)
                0x20004348                __i2b
 .text.__multiply
                0x2000436c      0x1ac c:/isis/application/toolchain/bin/../lib/gcc/arm-none-eabi/4.7.4/../../../../arm-none-eabi/lib\libc_s.a(lib_a-mprec.o)
                0x2000436c                __multiply
 .text.__pow5mult
                0x20004518      0x10c c:/isis/application/toolchain/bin/../lib/gcc/arm-none-eabi/4.7.4/../../../../arm-none-eabi/lib\libc_s.a(lib_a-mprec.o)
                0x20004518                __pow5mult
 .text.__lshift
                0x20004624       0xf0 c:/isis/application/toolchain/bin/../lib/gcc/arm-none-eabi/4.7.4/../../../../arm-none-eabi/lib\libc_s.a(lib_a-mprec.o)
                0x20004624                __lshift
 .text.__mcmp   0x20004714       0x60 c:/isis/application/toolchain/bin/../lib/gcc/arm-none-eabi/4.7.4/../../../../arm-none-eabi/lib\libc_s.a(lib_a-mprec.o)
                0x20004714                __mcmp
 .text.__mdiff  0x20004774      0x128 c:/isis/application/toolchain/bin/../lib/gcc/arm-none-eabi/4.7.4/../../../../arm-none-eabi/lib\libc_s.a(lib_a-mprec.o)
                0x20004774                __mdiff
 .text.__ulp    0x2000489c       0x5c c:/isis/application/toolchain/bin/../lib/gcc/arm-none-eabi/4.7.4/../../../../arm-none-eabi/lib\libc_s.a(lib_a-mprec.o)
                0x2000489c                __ulp
 .text.__b2d    0x200048f8       0xc8 c:/isis/application/toolchain/bin/../lib/gcc/arm-none-eabi/4.7.4/../../../../arm-none-eabi/lib\libc_s.a(lib_a-mprec.o)
                0x200048f8                __b2d
 .text.__d2b    0x200049c0       0xfc c:/isis/application/toolchain/bin/../lib/gcc/arm-none-eabi/4.7.4/../../../../arm-none-eabi/lib\libc_s.a(lib_a-mprec.o)
                0x200049c0                __d2b
 .text.__ratio  0x20004abc       0x70 c:/isis/application/toolchain/bin/../lib/gcc/arm-none-eabi/4.7.4/../../../../arm-none-eabi/lib\libc_s.a(lib_a-mprec.o)
                0x20004abc                __ratio
 .text.__copybits
                0x20004b2c       0x4c c:/isis/application/toolchain/bin/../lib/gcc/arm-none-eabi/4.7.4/../../../../arm-none-eabi/lib\libc_s.a(lib_a-mprec.o)
                0x20004b2c                __copybits
 .text.__any_on
                0x20004b78       0x7c c:/isis/application/toolchain/bin/../lib/gcc/arm-none-eabi/4.7.4/../../../../arm-none-eabi/lib\libc_s.a(lib_a-mprec.o)
                0x20004b78                __any_on
 .text.__fpclassifyd
                0x20004bf4       0x6c c:/isis/application/toolchain/bin/../lib/gcc/arm-none-eabi/4.7.4/../../../../arm-none-eabi/lib\libc_s.a(lib_a-s_fpclassify.o)
                0x20004bf4                __fpclassifyd
 .text._sbrk_r  0x20004c60       0x3c c:/isis/application/toolchain/bin/../lib/gcc/arm-none-eabi/4.7.4/../../../../arm-none-eabi/lib\libc_s.a(lib_a-sbrkr.o)
                0x20004c60                _sbrk_r
 .text.nanf     0x20004c9c        0xc c:/isis/application/toolchain/bin/../lib/gcc/arm-none-eabi/4.7.4/../../../../arm-none-eabi/lib\libc_s.a(lib_a-sf_nan.o)
                0x20004c9c                nanf
 .text.sprintf  0x20004ca8       0x6c c:/isis/application/toolchain/bin/../lib/gcc/arm-none-eabi/4.7.4/../../../../arm-none-eabi/lib\libc_s.a(lib_a-sprintf.o)
                0x20004ca8                siprintf
                0x20004ca8                sprintf
 .text.strcmp   0x20004d14       0x1c c:/isis/application/toolchain/bin/../lib/gcc/arm-none-eabi/4.7.4/../../../../arm-none-eabi/lib\libc_s.a(lib_a-strcmp.o)
                0x20004d14                strcmp
 .text.strlen   0x20004d30       0x1c c:/isis/application/toolchain/bin/../lib/gcc/arm-none-eabi/4.7.4/../../../../arm-none-eabi/lib\libc_s.a(lib_a-strlen.o)
                0x20004d30                strlen
 .text.match    0x20004d4c       0x54 c:/isis/application/toolchain/bin/../lib/gcc/arm-none-eabi/4.7.4/../../../../arm-none-eabi/lib\libc_s.a(lib_a-strtod.o)
 .text._strtod_r
                0x20004da0     0x1168 c:/isis/application/toolchain/bin/../lib/gcc/arm-none-eabi/4.7.4/../../../../arm-none-eabi/lib\libc_s.a(lib_a-strtod.o)
                0x20004da0                _strtod_r
 .text._strtol_r
                0x20005f08      0x1b8 c:/isis/application/toolchain/bin/../lib/gcc/arm-none-eabi/4.7.4/../../../../arm-none-eabi/lib\libc_s.a(lib_a-strtol.o)
                0x20005f08                _strtol_r
 .text.__ssputc_r
                0x200060c0      0x10c c:/isis/application/toolchain/bin/../lib/gcc/arm-none-eabi/4.7.4/../../../../arm-none-eabi/lib\libc_s.a(lib_a-svfprintf.o)
                0x200060c0                __ssputc_r
 .text._svfprintf_r
                0x200061cc      0x328 c:/isis/application/toolchain/bin/../lib/gcc/arm-none-eabi/4.7.4/../../../../arm-none-eabi/lib\libc_s.a(lib_a-svfprintf.o)
                0x200061cc                _svfiprintf_r
                0x200061cc                _svfprintf_r
 .text._calloc_r
                0x200064f4       0x2c c:/isis/application/toolchain/bin/../lib/gcc/arm-none-eabi/4.7.4/../../../../arm-none-eabi/lib\libc_s.a(lib_a-callocr.o)
                0x200064f4                _calloc_r
 .text._free_r  0x20006520      0x108 c:/isis/application/toolchain/bin/../lib/gcc/arm-none-eabi/4.7.4/../../../../arm-none-eabi/lib\libc_s.a(lib_a-freer.o)
                0x20006520                _free_r
 .text.rshift   0x20006628       0xb0 c:/isis/application/toolchain/bin/../lib/gcc/arm-none-eabi/4.7.4/../../../../arm-none-eabi/lib\libc_s.a(lib_a-gdtoa-gethex.o)
 .text.htinit.constprop.0
                0x200066d8       0x34 c:/isis/application/toolchain/bin/../lib/gcc/arm-none-eabi/4.7.4/../../../../arm-none-eabi/lib\libc_s.a(lib_a-gdtoa-gethex.o)
 .text.__hexdig_init
                0x2000670c       0x38 c:/isis/application/toolchain/bin/../lib/gcc/arm-none-eabi/4.7.4/../../../../arm-none-eabi/lib\libc_s.a(lib_a-gdtoa-gethex.o)
                0x2000670c                __hexdig_init
 .text.__gethex
                0x20006744      0x6cc c:/isis/application/toolchain/bin/../lib/gcc/arm-none-eabi/4.7.4/../../../../arm-none-eabi/lib\libc_s.a(lib_a-gdtoa-gethex.o)
                0x20006744                __gethex
 .text.L_shift  0x20006e10       0x38 c:/isis/application/toolchain/bin/../lib/gcc/arm-none-eabi/4.7.4/../../../../arm-none-eabi/lib\libc_s.a(lib_a-gdtoa-hexnan.o)
 .text.__hexnan
                0x20006e48      0x1d8 c:/isis/application/toolchain/bin/../lib/gcc/arm-none-eabi/4.7.4/../../../../arm-none-eabi/lib\libc_s.a(lib_a-gdtoa-hexnan.o)
                0x20006e48                __hexnan
 .text.memchr   0x20007020       0x34 c:/isis/application/toolchain/bin/../lib/gcc/arm-none-eabi/4.7.4/../../../../arm-none-eabi/lib\libc_s.a(lib_a-memchr.o)
                0x20007020                memchr
 .text.memset   0x20007054       0x1c c:/isis/application/toolchain/bin/../lib/gcc/arm-none-eabi/4.7.4/../../../../arm-none-eabi/lib\libc_s.a(lib_a-memset.o)
                0x20007054                memset
 .text._realloc_r
                0x20007070       0x80 c:/isis/application/toolchain/bin/../lib/gcc/arm-none-eabi/4.7.4/../../../../arm-none-eabi/lib\libc_s.a(lib_a-reallocr.o)
                0x20007070                _realloc_r
 .text.strncmp  0x200070f0       0x64 c:/isis/application/toolchain/bin/../lib/gcc/arm-none-eabi/4.7.4/../../../../arm-none-eabi/lib\libc_s.a(lib_a-strncmp.o)
                0x200070f0                strncmp
 .text._malloc_usable_size_r
                0x20007154       0x1c c:/isis/application/toolchain/bin/../lib/gcc/arm-none-eabi/4.7.4/../../../../arm-none-eabi/lib\libc_s.a(lib_a-msizer.o)
                0x20007154                _malloc_usable_size_r
 .text.AdcsCmdQueueInit
                0x20007170       0x4c ./src/sub-systemCode/Main/CMD/ADCS_CMD.o
                0x20007170                AdcsCmdQueueInit
 .text.AdcsCmdQueueGet
                0x200071bc       0x84 ./src/sub-systemCode/Main/CMD/ADCS_CMD.o
                0x200071bc                AdcsCmdQueueGet
 .text.AdcsCmdQueueIsEmpty
                0x20007240       0x3c ./src/sub-systemCode/Main/CMD/ADCS_CMD.o
                0x20007240                AdcsCmdQueueIsEmpty
 .text.getAdcsQueueWaitPointer
                0x2000727c       0x20 ./src/sub-systemCode/Main/CMD/ADCS_CMD.o
                0x2000727c                getAdcsQueueWaitPointer
 .text.cmd_error
                0x2000729c       0x38 ./src/sub-systemCode/Main/CMD/COMM_CMD.o
                0x2000729c                cmd_error
 .text.cmd_mute
                0x200072d4       0xc4 ./src/sub-systemCode/Main/CMD/COMM_CMD.o
                0x200072d4                cmd_mute
 .text.cmd_unmute
                0x20007398       0x4c ./src/sub-systemCode/Main/CMD/COMM_CMD.o
                0x20007398                cmd_unmute
 .text.cmd_active_trans
                0x200073e4       0xc0 ./src/sub-systemCode/Main/CMD/COMM_CMD.o
                0x200073e4                cmd_active_trans
 .text.cmd_shut_trans
                0x200074a4       0x38 ./src/sub-systemCode/Main/CMD/COMM_CMD.o
                0x200074a4                cmd_shut_trans
 .text.cmd_change_trans_rssi
                0x200074dc       0xb8 ./src/sub-systemCode/Main/CMD/COMM_CMD.o
                0x200074dc                cmd_change_trans_rssi
 .text.cmd_aprs_dump
                0x20007594       0x50 ./src/sub-systemCode/Main/CMD/COMM_CMD.o
                0x20007594                cmd_aprs_dump
 .text.cmd_stop_dump
                0x200075e4       0x38 ./src/sub-systemCode/Main/CMD/COMM_CMD.o
                0x200075e4                cmd_stop_dump
 .text.cmd_time_frequency
                0x2000761c       0xc0 ./src/sub-systemCode/Main/CMD/COMM_CMD.o
                0x2000761c                cmd_time_frequency
 .text.cmd_upload_volt_logic
                0x200076dc      0x3d0 ./src/sub-systemCode/Main/CMD/EPS_CMD.o
                0x200076dc                cmd_upload_volt_logic
 .text.cmd_upload_volt_COMM
                0x20007aac      0x1c8 ./src/sub-systemCode/Main/CMD/EPS_CMD.o
                0x20007aac                cmd_upload_volt_COMM
 .text.cmd_heater_temp
                0x20007c74       0xc0 ./src/sub-systemCode/Main/CMD/EPS_CMD.o
                0x20007c74                cmd_heater_temp
 .text.cmd_SHUT_CAM
                0x20007d34       0x6c ./src/sub-systemCode/Main/CMD/EPS_CMD.o
                0x20007d34                cmd_SHUT_CAM
 .text.cmd_SHUT_ADCS
                0x20007da0       0x6c ./src/sub-systemCode/Main/CMD/EPS_CMD.o
                0x20007da0                cmd_SHUT_ADCS
 .text.cmd_allow_CAM
                0x20007e0c       0x6c ./src/sub-systemCode/Main/CMD/EPS_CMD.o
                0x20007e0c                cmd_allow_CAM
 .text.cmd_allow_ADCS
                0x20007e78       0x6c ./src/sub-systemCode/Main/CMD/EPS_CMD.o
                0x20007e78                cmd_allow_ADCS
 .text.cmd_generic_I2C
                0x20007ee4       0xb4 ./src/sub-systemCode/Main/CMD/General_CMD.o
                0x20007ee4                cmd_generic_I2C
 .text.cmd_dump
                0x20007f98       0xf0 ./src/sub-systemCode/Main/CMD/General_CMD.o
                0x20007f98                cmd_dump
 .text.cmd_delete_TM
                0x20008088      0x1dc ./src/sub-systemCode/Main/CMD/General_CMD.o
                0x20008088                cmd_delete_TM
 .text.cmd_reset_file
                0x20008264      0x110 ./src/sub-systemCode/Main/CMD/General_CMD.o
                0x20008264                cmd_reset_file
 .text.cmd_dummy_func
                0x20008374       0x40 ./src/sub-systemCode/Main/CMD/General_CMD.o
                0x20008374                cmd_dummy_func
 .text.cmd_soft_reset_cmponent
                0x200083b4       0xb0 ./src/sub-systemCode/Main/CMD/General_CMD.o
                0x200083b4                cmd_soft_reset_cmponent
 .text.cmd_hard_reset_cmponent
                0x20008464       0xb0 ./src/sub-systemCode/Main/CMD/General_CMD.o
                0x20008464                cmd_hard_reset_cmponent
 .text.cmd_reset_satellite
                0x20008514       0x78 ./src/sub-systemCode/Main/CMD/General_CMD.o
                0x20008514                cmd_reset_satellite
 .text.cmd_gracefull_reset_satellite
                0x2000858c       0x78 ./src/sub-systemCode/Main/CMD/General_CMD.o
                0x2000858c                cmd_gracefull_reset_satellite
 .text.cmd_upload_time
                0x20008604       0xb0 ./src/sub-systemCode/Main/CMD/General_CMD.o
                0x20008604                cmd_upload_time
 .text.cmd_ARM_DIARM
                0x200086b4       0xd4 ./src/sub-systemCode/Main/CMD/General_CMD.o
                0x200086b4                cmd_ARM_DIARM
 .text.cmd_reset_delayed_command_list
                0x20008788       0x3c ./src/sub-systemCode/Main/CMD/SW_CMD.o
                0x20008788                cmd_reset_delayed_command_list
 .text.cmd_reset_APRS_list
                0x200087c4       0x3c ./src/sub-systemCode/Main/CMD/SW_CMD.o
                0x200087c4                cmd_reset_APRS_list
 .text.cmd_reset_FRAM
                0x20008800       0xe8 ./src/sub-systemCode/Main/CMD/SW_CMD.o
                0x20008800                cmd_reset_FRAM
 .text.ARM_ants
                0x200088e8       0xb8 ./src/sub-systemCode/Main/Ants.o
                0x200088e8                ARM_ants
 .text.DISARM_ants
                0x200089a0       0xb8 ./src/sub-systemCode/Main/Ants.o
                0x200089a0                DISARM_ants
 .text.convert_vol
                0x20008a58      0x12c ./src/sub-systemCode/Main/EPS.o
                0x20008a58                convert_vol
 .text.get_shut_ADCS
                0x20008b84       0x48 ./src/sub-systemCode/Main/EPS.o
                0x20008b84                get_shut_ADCS
 .text.shut_ADCS
                0x20008bcc       0x44 ./src/sub-systemCode/Main/EPS.o
                0x20008bcc                shut_ADCS
 .text.get_shut_CAM
                0x20008c10       0x48 ./src/sub-systemCode/Main/EPS.o
                0x20008c10                get_shut_CAM
 .text.shut_CAM
                0x20008c58       0x44 ./src/sub-systemCode/Main/EPS.o
                0x20008c58                shut_CAM
 .text.EPS_Init
                0x20008c9c      0x1a0 ./src/sub-systemCode/Main/EPS.o
                0x20008c9c                EPS_Init
 .text.reset_FRAM_EPS
                0x20008e3c       0xa4 ./src/sub-systemCode/Main/EPS.o
                0x20008e3c                reset_FRAM_EPS
 .text.reset_EPS_voltages
                0x20008ee0       0xbc ./src/sub-systemCode/Main/EPS.o
                0x20008ee0                reset_EPS_voltages
 .text.EPS_Conditioning
                0x20008f9c      0x2b4 ./src/sub-systemCode/Main/EPS.o
                0x20008f9c                EPS_Conditioning
 .text.overRide_ADCS
                0x20009250       0x50 ./src/sub-systemCode/Main/EPS.o
                0x20009250                overRide_ADCS
 .text.overRide_Camera
                0x200092a0       0x38 ./src/sub-systemCode/Main/EPS.o
                0x200092a0                overRide_Camera
 .text.EnterFullMode
                0x200092d8       0xec ./src/sub-systemCode/Main/EPS.o
                0x200092d8                EnterFullMode
 .text.EnterCruiseMode
                0x200093c4       0xdc ./src/sub-systemCode/Main/EPS.o
                0x200093c4                EnterCruiseMode
 .text.EnterSafeMode
                0x200094a0       0xdc ./src/sub-systemCode/Main/EPS.o
                0x200094a0                EnterSafeMode
 .text.EnterCriticalMode
                0x2000957c       0xc8 ./src/sub-systemCode/Main/EPS.o
                0x2000957c                EnterCriticalMode
 .text.convert_raw_voltage
                0x20009644       0xd8 ./src/sub-systemCode/Main/EPS.o
                0x20009644                convert_raw_voltage
 .text.find_fileName
                0x2000971c      0x160 ./src/sub-systemCode/Main/HouseKeeping.o
                0x2000971c                find_fileName
 .text.size_of_element
                0x2000987c       0xd4 ./src/sub-systemCode/Main/HouseKeeping.o
                0x2000987c                size_of_element
 .text.save_ACK
                0x20009950       0xa0 ./src/sub-systemCode/Main/HouseKeeping.o
                0x20009950                save_ACK
 .text.set_GP_EPS
                0x200099f0      0x10c ./src/sub-systemCode/Main/HouseKeeping.o
                0x200099f0                set_GP_EPS
 .text.set_GP_COMM
                0x20009afc       0x88 ./src/sub-systemCode/Main/HouseKeeping.o
                0x20009afc                set_GP_COMM
 .text.SP_HK_collect
                0x20009b84      0x17c ./src/sub-systemCode/Main/HouseKeeping.o
                0x20009b84                SP_HK_collect
 .text.EPS_HK_collect
                0x20009d00      0x4d8 ./src/sub-systemCode/Main/HouseKeeping.o
                0x20009d00                EPS_HK_collect
 .text.CAM_HK_collect
                0x2000a1d8      0x91c ./src/sub-systemCode/Main/HouseKeeping.o
                0x2000a1d8                CAM_HK_collect
 .text.COMM_HK_collect
                0x2000aaf4      0x154 ./src/sub-systemCode/Main/HouseKeeping.o
                0x2000aaf4                COMM_HK_collect
 .text.COMM_create_file
                0x2000ac48       0x74 ./src/sub-systemCode/Main/HouseKeeping.o
                0x2000ac48                COMM_create_file
 .text.ACK_create_file
                0x2000acbc       0x74 ./src/sub-systemCode/Main/HouseKeeping.o
                0x2000acbc                ACK_create_file
 .text.EPS_create_file
                0x2000ad30       0x74 ./src/sub-systemCode/Main/HouseKeeping.o
                0x2000ad30                EPS_create_file
 .text.CAM_create_file
                0x2000ada4       0x54 ./src/sub-systemCode/Main/HouseKeeping.o
                0x2000ada4                CAM_create_file
 .text.SP_create_file
                0x2000adf8       0x54 ./src/sub-systemCode/Main/HouseKeeping.o
                0x2000adf8                SP_create_file
 .text.create_files
                0x2000ae4c       0x48 ./src/sub-systemCode/Main/HouseKeeping.o
                0x2000ae4c                create_files
 .text.save_SP_HK
                0x2000ae94       0x70 ./src/sub-systemCode/Main/HouseKeeping.o
                0x2000ae94                save_SP_HK
 .text.save_EPS_HK
                0x2000af04       0x70 ./src/sub-systemCode/Main/HouseKeeping.o
                0x2000af04                save_EPS_HK
 .text.save_CAM_HK
                0x2000af74       0x70 ./src/sub-systemCode/Main/HouseKeeping.o
                0x2000af74                save_CAM_HK
 .text.save_COMM_HK
                0x2000afe4       0x70 ./src/sub-systemCode/Main/HouseKeeping.o
                0x2000afe4                save_COMM_HK
 .text.EPS_HK_raw_BigEnE
                0x2000b054      0x194 ./src/sub-systemCode/Main/HouseKeeping.o
                0x2000b054                EPS_HK_raw_BigEnE
 .text.CAM_HK_raw_BigEnE
                0x2000b1e8      0x194 ./src/sub-systemCode/Main/HouseKeeping.o
                0x2000b1e8                CAM_HK_raw_BigEnE
 .text.COMM_HK_raw_BigEnE
                0x2000b37c      0x194 ./src/sub-systemCode/Main/HouseKeeping.o
                0x2000b37c                COMM_HK_raw_BigEnE
 .text.ADCS_HK_raw_BigEnE
                0x2000b510      0x194 ./src/sub-systemCode/Main/HouseKeeping.o
                0x2000b510                ADCS_HK_raw_BigEnE
 .text.ADCS_SC_raw_BigEnE
                0x2000b6a4      0x188 ./src/sub-systemCode/Main/HouseKeeping.o
                0x2000b6a4                ADCS_SC_raw_BigEnE
 .text.build_HK_spl_packet
                0x2000b82c      0x970 ./src/sub-systemCode/Main/HouseKeeping.o
                0x2000b82c                build_HK_spl_packet
 .text.HouseKeeping_highRate_Task
                0x2000c19c       0x60 ./src/sub-systemCode/Main/HouseKeeping.o
                0x2000c19c                HouseKeeping_highRate_Task
 .text.HouseKeeping_lowRate_Task
                0x2000c1fc       0x5c ./src/sub-systemCode/Main/HouseKeeping.o
                0x2000c1fc                HouseKeeping_lowRate_Task
 .text.test_menu
                0x2000c258       0xd8 ./src/sub-systemCode/Main/Main_Init.o
                0x2000c258                test_menu
 .text.numberOfRestarts
                0x2000c330       0x94 ./src/sub-systemCode/Main/Main_Init.o
                0x2000c330                numberOfRestarts
 .text.StartFRAM
                0x2000c3c4       0x38 ./src/sub-systemCode/Main/Main_Init.o
                0x2000c3c4                StartFRAM
 .text.StartI2C
                0x2000c3fc       0x44 ./src/sub-systemCode/Main/Main_Init.o
                0x2000c3fc                StartI2C
 .text.StartSPI
                0x2000c440       0x40 ./src/sub-systemCode/Main/Main_Init.o
                0x2000c440                StartSPI
 .text.StartTIME
                0x2000c480      0x118 ./src/sub-systemCode/Main/Main_Init.o
                0x2000c480                StartTIME
 .text.first_activation
                0x2000c598       0x78 ./src/sub-systemCode/Main/Main_Init.o
                0x2000c598                first_activation
 .text.InitSubsystems
                0x2000c610       0x60 ./src/sub-systemCode/Main/Main_Init.o
                0x2000c610                InitSubsystems
 .text.SubSystemTaskStart
                0x2000c670      0x124 ./src/sub-systemCode/Main/Main_Init.o
                0x2000c670                SubSystemTaskStart
 .text.copy_command
                0x2000c794       0x80 ./src/sub-systemCode/Main/commands.o
                0x2000c794                copy_command
 .text.reset_command
                0x2000c814       0x28 ./src/sub-systemCode/Main/commands.o
                0x2000c814                reset_command
 .text.init_command
                0x2000c83c       0xd4 ./src/sub-systemCode/Main/commands.o
                0x2000c83c                init_command
 .text.add_command
                0x2000c910      0x138 ./src/sub-systemCode/Main/commands.o
                0x2000c910                add_command
 .text.get_command
                0x2000ca48      0x1cc ./src/sub-systemCode/Main/commands.o
                0x2000ca48                get_command
 .text.act_upon_command
                0x2000cc14      0x200 ./src/sub-systemCode/Main/commands.o
                0x2000cc14                act_upon_command
 .text.AUC_COMM
                0x2000ce14      0x200 ./src/sub-systemCode/Main/commands.o
                0x2000ce14                AUC_COMM
 .text.AUC_general
                0x2000d014      0x17c ./src/sub-systemCode/Main/commands.o
                0x2000d014                AUC_general
 .text.AUC_payload
                0x2000d190      0x110 ./src/sub-systemCode/Main/commands.o
                0x2000d190                AUC_payload
 .text.AUC_EPS  0x2000d2a0      0x248 ./src/sub-systemCode/Main/commands.o
                0x2000d2a0                AUC_EPS
 .text.AUC_ADCS
                0x2000d4e8       0x5c ./src/sub-systemCode/Main/commands.o
                0x2000d4e8                AUC_ADCS
 .text.AUC_GS   0x2000d544      0x1fc ./src/sub-systemCode/Main/commands.o
                0x2000d544                AUC_GS
 .text.AUC_SW   0x2000d740       0xe4 ./src/sub-systemCode/Main/commands.o
                0x2000d740                AUC_SW
 .text.AUC_special_operation
                0x2000d824       0x8c ./src/sub-systemCode/Main/commands.o
                0x2000d824                AUC_special_operation
 .text.check_int
                0x2000d8b0       0x3c ./src/sub-systemCode/Global/Global.o
                0x2000d8b0                check_int
 .text.check_portBASE_TYPE
                0x2000d8ec       0x3c ./src/sub-systemCode/Global/Global.o
                0x2000d8ec                check_portBASE_TYPE
 .text.soft_reset_subsystem
                0x2000d928       0xd8 ./src/sub-systemCode/Global/Global.o
                0x2000d928                soft_reset_subsystem
 .text.hard_reset_subsystem
                0x2000da00       0xfc ./src/sub-systemCode/Global/Global.o
                0x2000da00                hard_reset_subsystem
 .text.BigEnE_raw_to_uInt
                0x2000dafc       0x94 ./src/sub-systemCode/Global/Global.o
                0x2000dafc                BigEnE_raw_to_uInt
 .text.BigEnE_raw_to_uShort
                0x2000db90       0x50 ./src/sub-systemCode/Global/Global.o
                0x2000db90                BigEnE_raw_to_uShort
 .text.BigEnE_uInt_to_raw
                0x2000dbe0       0x78 ./src/sub-systemCode/Global/Global.o
                0x2000dbe0                BigEnE_uInt_to_raw
 .text.reset_FRAM_MAIN
                0x2000dc58      0x19c ./src/sub-systemCode/Global/Global.o
                0x2000dc58                reset_FRAM_MAIN
 .text.init_GP  0x2000ddf4      0x324 ./src/sub-systemCode/Global/GlobalParam.o
                0x2000ddf4                init_GP
 .text.get_system_state
                0x2000e118      0x268 ./src/sub-systemCode/Global/GlobalParam.o
                0x2000e118                get_system_state
 .text.set_system_state
                0x2000e380      0x298 ./src/sub-systemCode/Global/GlobalParam.o
                0x2000e380                set_system_state
 .text.get_current_global_param
                0x2000e618      0x60c ./src/sub-systemCode/Global/GlobalParam.o
                0x2000e618                get_current_global_param
 .text.set_Vbatt_previous
                0x2000ec24       0xe8 ./src/sub-systemCode/Global/GlobalParam.o
                0x2000ec24                set_Vbatt_previous
 .text.get_Vbatt_previous
                0x2000ed0c       0xc8 ./src/sub-systemCode/Global/GlobalParam.o
                0x2000ed0c                get_Vbatt_previous
 .text.set_Vbatt
                0x2000edd4       0xb8 ./src/sub-systemCode/Global/GlobalParam.o
                0x2000edd4                set_Vbatt
 .text.get_Vbatt
                0x2000ee8c       0x8c ./src/sub-systemCode/Global/GlobalParam.o
                0x2000ee8c                get_Vbatt
 .text.set_curBat
                0x2000ef18       0x8c ./src/sub-systemCode/Global/GlobalParam.o
                0x2000ef18                set_curBat
 .text.set_cur3V3
                0x2000efa4       0x8c ./src/sub-systemCode/Global/GlobalParam.o
                0x2000efa4                set_cur3V3
 .text.set_cur5V
                0x2000f030       0x8c ./src/sub-systemCode/Global/GlobalParam.o
                0x2000f030                set_cur5V
 .text.set_tempComm_LO
                0x2000f0bc       0x8c ./src/sub-systemCode/Global/GlobalParam.o
                0x2000f0bc                set_tempComm_LO
 .text.set_tempComm_PA
                0x2000f148       0x8c ./src/sub-systemCode/Global/GlobalParam.o
                0x2000f148                set_tempComm_PA
 .text.set_tempEPS
                0x2000f1d4       0xc8 ./src/sub-systemCode/Global/GlobalParam.o
                0x2000f1d4                set_tempEPS
 .text.set_tempBatt
                0x2000f29c       0xc8 ./src/sub-systemCode/Global/GlobalParam.o
                0x2000f29c                set_tempBatt
 .text.set_RxDoppler
                0x2000f364       0x8c ./src/sub-systemCode/Global/GlobalParam.o
                0x2000f364                set_RxDoppler
 .text.set_RxRSSI
                0x2000f3f0       0x8c ./src/sub-systemCode/Global/GlobalParam.o
                0x2000f3f0                set_RxRSSI
 .text.set_TxRefl
                0x2000f47c       0x8c ./src/sub-systemCode/Global/GlobalParam.o
                0x2000f47c                set_TxRefl
 .text.set_TxForw
                0x2000f508       0x8c ./src/sub-systemCode/Global/GlobalParam.o
                0x2000f508                set_TxForw
 .text.set_numOfAPRS
                0x2000f594       0x8c ./src/sub-systemCode/Global/GlobalParam.o
                0x2000f594                set_numOfAPRS
 .text.set_numOfDelayedCommand
                0x2000f620       0x8c ./src/sub-systemCode/Global/GlobalParam.o
                0x2000f620                set_numOfDelayedCommand
 .text.set_numOfResets
                0x2000f6ac       0xac ./src/sub-systemCode/Global/GlobalParam.o
                0x2000f6ac                set_numOfResets
 .text.set_ground_conn
                0x2000f758       0x88 ./src/sub-systemCode/Global/GlobalParam.o
                0x2000f758                set_ground_conn
 .text.get_ground_conn
                0x2000f7e0       0x94 ./src/sub-systemCode/Global/GlobalParam.o
                0x2000f7e0                get_ground_conn
 .text.delete_allTMFilesFromSD
                0x2000f874       0xf8 ./src/sub-systemCode/Global/TM_managment.o
                0x2000f874                delete_allTMFilesFromSD
 .text.getNumOfFilesInFS
                0x2000f96c       0x44 ./src/sub-systemCode/Global/TM_managment.o
 .text.setNumOfFilesInFS
                0x2000f9b0       0x50 ./src/sub-systemCode/Global/TM_managment.o
 .text.InitializeFS
                0x2000fa00      0x174 ./src/sub-systemCode/Global/TM_managment.o
                0x2000fa00                InitializeFS
 .text.c_fileCreate
                0x2000fb74       0xf4 ./src/sub-systemCode/Global/TM_managment.o
                0x2000fb74                c_fileCreate
 .text.writewithEpochtime
                0x2000fc68       0x9c ./src/sub-systemCode/Global/TM_managment.o
 .text.get_C_FILE_struct
                0x2000fd04      0x104 ./src/sub-systemCode/Global/TM_managment.o
 .text.getFileIndex
                0x2000fe08       0x4c ./src/sub-systemCode/Global/TM_managment.o
 .text.get_file_name_by_index
                0x2000fe54       0x54 ./src/sub-systemCode/Global/TM_managment.o
                0x2000fe54                get_file_name_by_index
 .text.c_fileReset
                0x2000fea8       0xbc ./src/sub-systemCode/Global/TM_managment.o
                0x2000fea8                c_fileReset
 .text.c_fileWrite
                0x2000ff64      0x11c ./src/sub-systemCode/Global/TM_managment.o
                0x2000ff64                c_fileWrite
 .text.c_fileRead
                0x20010080      0x28c ./src/sub-systemCode/Global/TM_managment.o
                0x20010080                c_fileRead
 .text.reset_APRS_list
                0x2001030c       0xa4 ./src/sub-systemCode/COMM/APRS.o
                0x2001030c                reset_APRS_list
 .text.send_APRS_Dump
                0x200103b0      0x1c4 ./src/sub-systemCode/COMM/APRS.o
                0x200103b0                send_APRS_Dump
 .text.check_APRS
                0x20010574      0x1a4 ./src/sub-systemCode/COMM/APRS.o
                0x20010574                check_APRS
 .text.get_APRS_list
                0x20010718       0x88 ./src/sub-systemCode/COMM/APRS.o
                0x20010718                get_APRS_list
 .text.find_CMD_in_list
                0x200107a0       0x7c ./src/sub-systemCode/COMM/DelayedCommand_list.o
                0x200107a0                find_CMD_in_list
 .text.find_empty_in_list
                0x2001081c       0x74 ./src/sub-systemCode/COMM/DelayedCommand_list.o
                0x2001081c                find_empty_in_list
 .text.check_delayCommandTime
                0x20010890       0x8c ./src/sub-systemCode/COMM/DelayedCommand_list.o
                0x20010890                check_delayCommandTime
 .text.execute_delayedCommand
                0x2001091c       0x64 ./src/sub-systemCode/COMM/DelayedCommand_list.o
                0x2001091c                execute_delayedCommand
 .text.check_delaycommand
                0x20010980      0x17c ./src/sub-systemCode/COMM/DelayedCommand_list.o
                0x20010980                check_delaycommand
 .text.reset_delayCommand
                0x20010afc       0x8c ./src/sub-systemCode/COMM/DelayedCommand_list.o
                0x20010afc                reset_delayCommand
 .text.add_delayCommand
                0x20010b88      0x1a4 ./src/sub-systemCode/COMM/DelayedCommand_list.o
                0x20010b88                add_delayCommand
 .text.get_delayCommand_list
                0x20010d2c       0x80 ./src/sub-systemCode/COMM/DelayedCommand_list.o
                0x20010d2c                get_delayCommand_list
 .text.EmptyOldestCommand
                0x20010dac       0xfc ./src/sub-systemCode/COMM/DelayedCommand_list.o
                0x20010dac                EmptyOldestCommand
 .text.decode_TCpacket
                0x20010ea8      0x16c ./src/sub-systemCode/COMM/GSC.o
                0x20010ea8                decode_TCpacket
 .text.encode_TCpacket
                0x20011014      0x114 ./src/sub-systemCode/COMM/GSC.o
                0x20011014                encode_TCpacket
 .text.encode_TMpacket
                0x20011128      0x104 ./src/sub-systemCode/COMM/GSC.o
                0x20011128                encode_TMpacket
 .text.build_raw_ACK
                0x2001122c       0xbc ./src/sub-systemCode/COMM/GSC.o
                0x2001122c                build_raw_ACK
 .text.build_data_field_ACK
                0x200112e8       0x74 ./src/sub-systemCode/COMM/GSC.o
                0x200112e8                build_data_field_ACK
 .text.init_trxvu
                0x2001135c      0x134 ./src/sub-systemCode/COMM/TRXVU.o
                0x2001135c                init_trxvu
 .text.TRXVU_task
                0x20011490      0x18c ./src/sub-systemCode/COMM/TRXVU.o
                0x20011490                TRXVU_task
 .text.dump_logic
                0x2001161c      0x2ec ./src/sub-systemCode/COMM/TRXVU.o
                0x2001161c                dump_logic
 .text.Dump_task
                0x20011908      0x16c ./src/sub-systemCode/COMM/TRXVU.o
                0x20011908                Dump_task
 .text.transponder_logic
                0x20011a74       0xbc ./src/sub-systemCode/COMM/TRXVU.o
                0x20011a74                transponder_logic
 .text.Transponder_task
                0x20011b30      0x1e0 ./src/sub-systemCode/COMM/TRXVU.o
                0x20011b30                Transponder_task
 .text.lookForRequestToDelete_transponder
                0x20011d10       0xac ./src/sub-systemCode/COMM/TRXVU.o
                0x20011d10                lookForRequestToDelete_transponder
 .text.lookForRequestToDelete_dump
                0x20011dbc       0x7c ./src/sub-systemCode/COMM/TRXVU.o
                0x20011dbc                lookForRequestToDelete_dump
 .text.sendRequestToStop_dump
                0x20011e38       0x8c ./src/sub-systemCode/COMM/TRXVU.o
                0x20011e38                sendRequestToStop_dump
 .text.sendRequestToStop_transponder
                0x20011ec4       0x98 ./src/sub-systemCode/COMM/TRXVU.o
                0x20011ec4                sendRequestToStop_transponder
 .text.Rx_logic
                0x20011f5c      0x188 ./src/sub-systemCode/COMM/TRXVU.o
                0x20011f5c                Rx_logic
 .text.pass_above_Ground
                0x200120e4      0x104 ./src/sub-systemCode/COMM/TRXVU.o
                0x200120e4                pass_above_Ground
 .text.trxvu_logic
                0x200121e8       0x1c ./src/sub-systemCode/COMM/TRXVU.o
                0x200121e8                trxvu_logic
 .text.Beacon_task
                0x20012204      0x1d8 ./src/sub-systemCode/COMM/TRXVU.o
                0x20012204                Beacon_task
 .text.buildAndSend_beacon
                0x200123dc      0x5b4 ./src/sub-systemCode/COMM/TRXVU.o
                0x200123dc                buildAndSend_beacon
 .text.reset_FRAM_TRXVU
                0x20012990       0xc0 ./src/sub-systemCode/COMM/TRXVU.o
                0x20012990                reset_FRAM_TRXVU
 .text.TRX_sendFrame
                0x20012a50       0x98 ./src/sub-systemCode/COMM/TRXVU.o
                0x20012a50                TRX_sendFrame
 .text.TRX_getFrameData
                0x20012ae8      0x128 ./src/sub-systemCode/COMM/TRXVU.o
                0x20012ae8                TRX_getFrameData
 .text.mute_Tx  0x20012c10       0x20 ./src/sub-systemCode/COMM/TRXVU.o
                0x20012c10                mute_Tx
 .text.unmute_Tx
                0x20012c30       0x54 ./src/sub-systemCode/COMM/TRXVU.o
                0x20012c30                unmute_Tx
 .text.check_time_off_mute
                0x20012c84       0x74 ./src/sub-systemCode/COMM/TRXVU.o
                0x20012c84                check_time_off_mute
 .text.set_mute_time
                0x20012cf8       0xb4 ./src/sub-systemCode/COMM/TRXVU.o
                0x20012cf8                set_mute_time
 .text.change_TRXVU_state
                0x20012dac       0x98 ./src/sub-systemCode/COMM/TRXVU.o
                0x20012dac                change_TRXVU_state
 .text.change_trans_RSSI
                0x20012e44       0x60 ./src/sub-systemCode/COMM/TRXVU.o
                0x20012e44                change_trans_RSSI
 .text.AdcsReadI2cAck
                0x20012ea4       0xbc ./src/sub-systemCode/ADCS/AdcsCommands.o
                0x20012ea4                AdcsReadI2cAck
 .text.AdcsGenericI2cCmd
                0x20012f60       0x90 ./src/sub-systemCode/ADCS/AdcsCommands.o
                0x20012f60                AdcsGenericI2cCmd
 .text.AdcsI2cCmdWithID
                0x20012ff0       0xd8 ./src/sub-systemCode/ADCS/AdcsCommands.o
                0x20012ff0                AdcsI2cCmdWithID
 .text.AdcsI2cCmdReadTLM
                0x200130c8       0xa0 ./src/sub-systemCode/ADCS/AdcsCommands.o
                0x200130c8                AdcsI2cCmdReadTLM
 .text.ResetBootRegisters
                0x20013168       0x44 ./src/sub-systemCode/ADCS/AdcsCommands.o
                0x20013168                ResetBootRegisters
 .text.SetSgp4OrbitParams
                0x200131ac       0x84 ./src/sub-systemCode/ADCS/AdcsCommands.o
                0x200131ac                SetSgp4OrbitParams
 .text.SendAckWithInfo
                0x20013230      0x148 ./src/sub-systemCode/ADCS/AdcsCommands.o
                0x20013230                SendAckWithInfo
 .text.AdcsExecuteCommand
                0x20013378      0x9b0 ./src/sub-systemCode/ADCS/AdcsCommands.o
                0x20013378                AdcsExecuteCommand
 .text.GatherTlmAndData
                0x20013d28       0xc8 ./src/sub-systemCode/ADCS/AdcsGetDataAndTlm.o
                0x20013d28                GatherTlmAndData
 .text.SaveElementTlmAtIndex
                0x20013df0      0x160 ./src/sub-systemCode/ADCS/AdcsGetDataAndTlm.o
                0x20013df0                SaveElementTlmAtIndex
 .text.AdcsInit
                0x20013f50      0x134 ./src/sub-systemCode/ADCS/AdcsMain.o
                0x20013f50                AdcsInit
 .text.AdcsTask
                0x20014084      0x100 ./src/sub-systemCode/ADCS/AdcsMain.o
                0x20014084                AdcsTask
 .text.AdcsTroubleShooting
                0x20014184       0x28 ./src/sub-systemCode/ADCS/AdcsTroubleShooting.o
                0x20014184                AdcsTroubleShooting
 .text.UpdateAdcsStateMachine
                0x200141ac       0x1c ./src/sub-systemCode/ADCS/StateMachine.o
                0x200141ac                UpdateAdcsStateMachine
 .text.save_time
                0x200141c8       0x9c ./src/main.o
                0x200141c8                save_time
 .text.Command_logic
                0x20014264       0x6c ./src/main.o
                0x20014264                Command_logic
 .text.taskMain
                0x200142d0       0x70 ./src/main.o
                0x200142d0                taskMain
 .text.main     0x20014340       0xc0 ./src/main.o
                0x20014340                main
 .text.GomEpsInitialize
                0x20014400      0x148 C:/Hoopoe3/satellite-subsystems/demo/..//satellite-subsystems/lib\libSatelliteSubsystemsD.a(GomEPS.o)
                0x20014400                GomEpsInitialize
 .text.makeEPStransfer
                0x20014548       0x3c C:/Hoopoe3/satellite-subsystems/demo/..//satellite-subsystems/lib\libSatelliteSubsystemsD.a(GomEPS.o)
 .text.GomEpsSoftReset
                0x20014584       0xc4 C:/Hoopoe3/satellite-subsystems/demo/..//satellite-subsystems/lib\libSatelliteSubsystemsD.a(GomEPS.o)
                0x20014584                GomEpsSoftReset
 .text.GomEpsHardReset
                0x20014648       0xa8 C:/Hoopoe3/satellite-subsystems/demo/..//satellite-subsystems/lib\libSatelliteSubsystemsD.a(GomEPS.o)
                0x20014648                GomEpsHardReset
 .text.GomEpsGetHkData_general
                0x200146f0      0x45c C:/Hoopoe3/satellite-subsystems/demo/..//satellite-subsystems/lib\libSatelliteSubsystemsD.a(GomEPS.o)
                0x200146f0                GomEpsGetHkData_general
 .text.GomEpsGetHkData_basic
                0x20014b4c      0x22c C:/Hoopoe3/satellite-subsystems/demo/..//satellite-subsystems/lib\libSatelliteSubsystemsD.a(GomEPS.o)
                0x20014b4c                GomEpsGetHkData_basic
 .text.GomEpsSetOutput
                0x20014d78       0xbc C:/Hoopoe3/satellite-subsystems/demo/..//satellite-subsystems/lib\libSatelliteSubsystemsD.a(GomEPS.o)
                0x20014d78                GomEpsSetOutput
 .text.GomEpsConfigSet
                0x20014e34      0x184 C:/Hoopoe3/satellite-subsystems/demo/..//satellite-subsystems/lib\libSatelliteSubsystemsD.a(GomEPS.o)
                0x20014e34                GomEpsConfigSet
 .text.makeAntStransfer
                0x20014fb8       0x4c C:/Hoopoe3/satellite-subsystems/demo/..//satellite-subsystems/lib\libSatelliteSubsystemsD.a(IsisAntS.o)
 .text.checkInputsValid
                0x20015004       0x7c C:/Hoopoe3/satellite-subsystems/demo/..//satellite-subsystems/lib\libSatelliteSubsystemsD.a(IsisAntS.o)
 .text.IsisAntS_setArmStatus
                0x20015080      0x104 C:/Hoopoe3/satellite-subsystems/demo/..//satellite-subsystems/lib\libSatelliteSubsystemsD.a(IsisAntS.o)
                0x20015080                IsisAntS_setArmStatus
 .text.IsisAntS_reset
                0x20015184      0x104 C:/Hoopoe3/satellite-subsystems/demo/..//satellite-subsystems/lib\libSatelliteSubsystemsD.a(IsisAntS.o)
                0x20015184                IsisAntS_reset
 .text.IsisSolarPanelv2_initialize
                0x20015288       0xb4 C:/Hoopoe3/satellite-subsystems/demo/..//satellite-subsystems/lib\libSatelliteSubsystemsD.a(IsisSolarPanelv2.o)
                0x20015288                IsisSolarPanelv2_initialize
 .text.IsisSolarPanelv2_getTemperature
                0x2001533c       0xc8 C:/Hoopoe3/satellite-subsystems/demo/..//satellite-subsystems/lib\libSatelliteSubsystemsD.a(IsisSolarPanelv2.o)
                0x2001533c                IsisSolarPanelv2_getTemperature
 .text.IsisSolarPanelv2_sleep
                0x20015404       0xbc C:/Hoopoe3/satellite-subsystems/demo/..//satellite-subsystems/lib\libSatelliteSubsystemsD.a(IsisSolarPanelv2.o)
                0x20015404                IsisSolarPanelv2_sleep
 .text.IsisSolarPanelv2_wakeup
                0x200154c0       0x80 C:/Hoopoe3/satellite-subsystems/demo/..//satellite-subsystems/lib\libSatelliteSubsystemsD.a(IsisSolarPanelv2.o)
                0x200154c0                IsisSolarPanelv2_wakeup
 .text._Reset   0x20015540       0x20 C:/Hoopoe3/satellite-subsystems/demo/..//satellite-subsystems/lib\libSatelliteSubsystemsD.a(IsisSolarPanelv2.o)
 .text._WaitForStartup
                0x20015560       0x90 C:/Hoopoe3/satellite-subsystems/demo/..//satellite-subsystems/lib\libSatelliteSubsystemsD.a(IsisSolarPanelv2.o)
 .text._AssignAllChannels
                0x200155f0       0x90 C:/Hoopoe3/satellite-subsystems/demo/..//satellite-subsystems/lib\libSatelliteSubsystemsD.a(IsisSolarPanelv2.o)
 .text._AssignThisChannel
                0x20015680       0xe8 C:/Hoopoe3/satellite-subsystems/demo/..//satellite-subsystems/lib\libSatelliteSubsystemsD.a(IsisSolarPanelv2.o)
 .text._InitiateConversion
                0x20015768       0xac C:/Hoopoe3/satellite-subsystems/demo/..//satellite-subsystems/lib\libSatelliteSubsystemsD.a(IsisSolarPanelv2.o)
 .text._WaitForConversionComplete
                0x20015814      0x100 C:/Hoopoe3/satellite-subsystems/demo/..//satellite-subsystems/lib\libSatelliteSubsystemsD.a(IsisSolarPanelv2.o)
 .text._ReadResult
                0x20015914      0x158 C:/Hoopoe3/satellite-subsystems/demo/..//satellite-subsystems/lib\libSatelliteSubsystemsD.a(IsisSolarPanelv2.o)
 .text._ExtractByte
                0x20015a6c       0x38 C:/Hoopoe3/satellite-subsystems/demo/..//satellite-subsystems/lib\libSatelliteSubsystemsD.a(IsisSolarPanelv2.o)
 .text._ExtendSign
                0x20015aa4       0x6c C:/Hoopoe3/satellite-subsystems/demo/..//satellite-subsystems/lib\libSatelliteSubsystemsD.a(IsisSolarPanelv2.o)
 .text._PinsInit
                0x20015b10       0x50 C:/Hoopoe3/satellite-subsystems/demo/..//satellite-subsystems/lib\libSatelliteSubsystemsD.a(IsisSolarPanelv2.o)
 .text._SpiWriteRead
                0x20015b60       0x70 C:/Hoopoe3/satellite-subsystems/demo/..//satellite-subsystems/lib\libSatelliteSubsystemsD.a(IsisSolarPanelv2.o)
 .text.IsisTrxvu_initialize
                0x20015bd0      0x2f4 C:/Hoopoe3/satellite-subsystems/demo/..//satellite-subsystems/lib\libSatelliteSubsystemsD.a(IsisTRXVU.o)
                0x20015bd0                IsisTrxvu_initialize
 .text.makeTRXVUtransfer
                0x20015ec4       0x44 C:/Hoopoe3/satellite-subsystems/demo/..//satellite-subsystems/lib\libSatelliteSubsystemsD.a(IsisTRXVU.o)
 .text.IsisTrxvu_componentSoftReset
                0x20015f08       0x6c C:/Hoopoe3/satellite-subsystems/demo/..//satellite-subsystems/lib\libSatelliteSubsystemsD.a(IsisTRXVU.o)
                0x20015f08                IsisTrxvu_componentSoftReset
 .text.IsisTrxvu_componentHardReset
                0x20015f74       0xc8 C:/Hoopoe3/satellite-subsystems/demo/..//satellite-subsystems/lib\libSatelliteSubsystemsD.a(IsisTRXVU.o)
                0x20015f74                IsisTrxvu_componentHardReset
 .text.IsisTrxvu_softReset
                0x2001603c       0x74 C:/Hoopoe3/satellite-subsystems/demo/..//satellite-subsystems/lib\libSatelliteSubsystemsD.a(IsisTRXVU.o)
                0x2001603c                IsisTrxvu_softReset
 .text.IsisTrxvu_hardReset
                0x200160b0       0x74 C:/Hoopoe3/satellite-subsystems/demo/..//satellite-subsystems/lib\libSatelliteSubsystemsD.a(IsisTRXVU.o)
                0x200160b0                IsisTrxvu_hardReset
 .text.IsisTrxvu_tcSetIdlestate
                0x20016124       0xa4 C:/Hoopoe3/satellite-subsystems/demo/..//satellite-subsystems/lib\libSatelliteSubsystemsD.a(IsisTRXVU.o)
                0x20016124                IsisTrxvu_tcSetIdlestate
 .text.IsisTrxvu_tcSetAx25Bitrate
                0x200161c8       0xc4 C:/Hoopoe3/satellite-subsystems/demo/..//satellite-subsystems/lib\libSatelliteSubsystemsD.a(IsisTRXVU.o)
                0x200161c8                IsisTrxvu_tcSetAx25Bitrate
 .text.IsisTrxvu_tcGetTelemetryAll_revC
                0x2001628c       0xd0 C:/Hoopoe3/satellite-subsystems/demo/..//satellite-subsystems/lib\libSatelliteSubsystemsD.a(IsisTRXVU.o)
                0x2001628c                IsisTrxvu_tcGetTelemetryAll_revC
 .text.IsisTrxvu_rcGetFrameCount
                0x2001635c       0xa0 C:/Hoopoe3/satellite-subsystems/demo/..//satellite-subsystems/lib\libSatelliteSubsystemsD.a(IsisTRXVU.o)
                0x2001635c                IsisTrxvu_rcGetFrameCount
 .text.IsisTrxvu_rcGetCommandFrame
                0x200163fc      0x2d8 C:/Hoopoe3/satellite-subsystems/demo/..//satellite-subsystems/lib\libSatelliteSubsystemsD.a(IsisTRXVU.o)
                0x200163fc                IsisTrxvu_rcGetCommandFrame
 .text.IsisTrxvu_rcGetTelemetryAll_revC
                0x200166d4       0xec C:/Hoopoe3/satellite-subsystems/demo/..//satellite-subsystems/lib\libSatelliteSubsystemsD.a(IsisTRXVU.o)
                0x200166d4                IsisTrxvu_rcGetTelemetryAll_revC
 .text.cspaceADCS_initialize
                0x200167c0      0x18c C:/Hoopoe3/satellite-subsystems/demo/..//satellite-subsystems/lib\libSatelliteSubsystemsD.a(cspaceADCS.o)
                0x200167c0                cspaceADCS_initialize
 .text.make_cspaceADCStransfer
                0x2001694c      0x1b4 C:/Hoopoe3/satellite-subsystems/demo/..//satellite-subsystems/lib\libSatelliteSubsystemsD.a(cspaceADCS.o)
 .text.cspaceADCS_componentReset
                0x20016b00       0xbc C:/Hoopoe3/satellite-subsystems/demo/..//satellite-subsystems/lib\libSatelliteSubsystemsD.a(cspaceADCS.o)
                0x20016b00                cspaceADCS_componentReset
 .text.cspaceADCS_setCurrentTime
                0x20016bbc       0xd0 C:/Hoopoe3/satellite-subsystems/demo/..//satellite-subsystems/lib\libSatelliteSubsystemsD.a(cspaceADCS.o)
                0x20016bbc                cspaceADCS_setCurrentTime
 .text.cspaceADCS_cacheStateADCS
                0x20016c8c       0xd0 C:/Hoopoe3/satellite-subsystems/demo/..//satellite-subsystems/lib\libSatelliteSubsystemsD.a(cspaceADCS.o)
                0x20016c8c                cspaceADCS_cacheStateADCS
 .text.cspaceADCS_setRunMode
                0x20016d5c       0xbc C:/Hoopoe3/satellite-subsystems/demo/..//satellite-subsystems/lib\libSatelliteSubsystemsD.a(cspaceADCS.o)
                0x20016d5c                cspaceADCS_setRunMode
 .text.cspaceADCS_setAttEstMode
                0x20016e18       0xbc C:/Hoopoe3/satellite-subsystems/demo/..//satellite-subsystems/lib\libSatelliteSubsystemsD.a(cspaceADCS.o)
                0x20016e18                cspaceADCS_setAttEstMode
 .text.cspaceADCS_setMagMountConfig
                0x20016ed4       0xd0 C:/Hoopoe3/satellite-subsystems/demo/..//satellite-subsystems/lib\libSatelliteSubsystemsD.a(cspaceADCS.o)
                0x20016ed4                cspaceADCS_setMagMountConfig
 .text.cspaceADCS_setMagOffsetScalingConfig
                0x20016fa4       0xd0 C:/Hoopoe3/satellite-subsystems/demo/..//satellite-subsystems/lib\libSatelliteSubsystemsD.a(cspaceADCS.o)
                0x20016fa4                cspaceADCS_setMagOffsetScalingConfig
 .text.cspaceADCS_setMagSensConfig
                0x20017074       0xd0 C:/Hoopoe3/satellite-subsystems/demo/..//satellite-subsystems/lib\libSatelliteSubsystemsD.a(cspaceADCS.o)
                0x20017074                cspaceADCS_setMagSensConfig
 .text.cspaceADCS_setEstimationParam1
                0x20017144       0xd0 C:/Hoopoe3/satellite-subsystems/demo/..//satellite-subsystems/lib\libSatelliteSubsystemsD.a(cspaceADCS.o)
                0x20017144                cspaceADCS_setEstimationParam1
 .text.cspaceADCS_setEstimationParam2
                0x20017214       0xd0 C:/Hoopoe3/satellite-subsystems/demo/..//satellite-subsystems/lib\libSatelliteSubsystemsD.a(cspaceADCS.o)
                0x20017214                cspaceADCS_setEstimationParam2
 .text.cspaceADCS_setSGP4OrbitParameters
                0x200172e4       0xcc C:/Hoopoe3/satellite-subsystems/demo/..//satellite-subsystems/lib\libSatelliteSubsystemsD.a(cspaceADCS.o)
                0x200172e4                cspaceADCS_setSGP4OrbitParameters
 .text.cspaceADCS_saveConfig
                0x200173b0       0xac C:/Hoopoe3/satellite-subsystems/demo/..//satellite-subsystems/lib\libSatelliteSubsystemsD.a(cspaceADCS.o)
                0x200173b0                cspaceADCS_saveConfig
 .text.cspaceADCS_saveOrbitParam
                0x2001745c       0xac C:/Hoopoe3/satellite-subsystems/demo/..//satellite-subsystems/lib\libSatelliteSubsystemsD.a(cspaceADCS.o)
                0x2001745c                cspaceADCS_saveOrbitParam
 .text.cspaceADCS_BLSetBootIndex
                0x20017508      0x124 C:/Hoopoe3/satellite-subsystems/demo/..//satellite-subsystems/lib\libSatelliteSubsystemsD.a(cspaceADCS.o)
                0x20017508                cspaceADCS_BLSetBootIndex
 .text.cspaceADCS_BLRunSelectedProgram
                0x2001762c      0x114 C:/Hoopoe3/satellite-subsystems/demo/..//satellite-subsystems/lib\libSatelliteSubsystemsD.a(cspaceADCS.o)
                0x2001762c                cspaceADCS_BLRunSelectedProgram
 .text.cspaceADCS_getGeneralInfo
                0x20017740       0xc4 C:/Hoopoe3/satellite-subsystems/demo/..//satellite-subsystems/lib\libSatelliteSubsystemsD.a(cspaceADCS.o)
                0x20017740                cspaceADCS_getGeneralInfo
 .text.cspaceADCS_getCurrentTime
                0x20017804       0xc4 C:/Hoopoe3/satellite-subsystems/demo/..//satellite-subsystems/lib\libSatelliteSubsystemsD.a(cspaceADCS.o)
                0x20017804                cspaceADCS_getCurrentTime
 .text.GECKO_GetReg
                0x200178c8      0x110 C:/Hoopoe3/satellite-subsystems/demo/..//satellite-subsystems/lib\libSatelliteSubsystemsD.a(gecko_driver.o)
                0x200178c8                GECKO_GetReg
 .text.GECKO_GetVoltageInput5V
                0x200179d8       0xf4 C:/Hoopoe3/satellite-subsystems/demo/..//satellite-subsystems/lib\libSatelliteSubsystemsD.a(gecko_driver.o)
                0x200179d8                GECKO_GetVoltageInput5V
 .text.GECKO_GetCurrentInput5V
                0x20017acc      0x130 C:/Hoopoe3/satellite-subsystems/demo/..//satellite-subsystems/lib\libSatelliteSubsystemsD.a(gecko_driver.o)
                0x20017acc                GECKO_GetCurrentInput5V
 .text.GECKO_GetVoltageFPGA1V
                0x20017bfc       0xd4 C:/Hoopoe3/satellite-subsystems/demo/..//satellite-subsystems/lib\libSatelliteSubsystemsD.a(gecko_driver.o)
                0x20017bfc                GECKO_GetVoltageFPGA1V
 .text.GECKO_GetCurrentFPGA1V
                0x20017cd0      0x130 C:/Hoopoe3/satellite-subsystems/demo/..//satellite-subsystems/lib\libSatelliteSubsystemsD.a(gecko_driver.o)
                0x20017cd0                GECKO_GetCurrentFPGA1V
 .text.GECKO_GetVoltageFPGA1V8
                0x20017e00       0xd4 C:/Hoopoe3/satellite-subsystems/demo/..//satellite-subsystems/lib\libSatelliteSubsystemsD.a(gecko_driver.o)
                0x20017e00                GECKO_GetVoltageFPGA1V8
 .text.GECKO_GetCurrentFPGA1V8
                0x20017ed4      0x130 C:/Hoopoe3/satellite-subsystems/demo/..//satellite-subsystems/lib\libSatelliteSubsystemsD.a(gecko_driver.o)
                0x20017ed4                GECKO_GetCurrentFPGA1V8
 .text.GECKO_GetVoltageFPGA2V5
                0x20018004       0xe8 C:/Hoopoe3/satellite-subsystems/demo/..//satellite-subsystems/lib\libSatelliteSubsystemsD.a(gecko_driver.o)
                0x20018004                GECKO_GetVoltageFPGA2V5
 .text.GECKO_GetCurrentFPGA2V5
                0x200180ec      0x130 C:/Hoopoe3/satellite-subsystems/demo/..//satellite-subsystems/lib\libSatelliteSubsystemsD.a(gecko_driver.o)
                0x200180ec                GECKO_GetCurrentFPGA2V5
 .text.GECKO_GetVoltageFPGA3V3
                0x2001821c       0xe8 C:/Hoopoe3/satellite-subsystems/demo/..//satellite-subsystems/lib\libSatelliteSubsystemsD.a(gecko_driver.o)
                0x2001821c                GECKO_GetVoltageFPGA3V3
 .text.GECKO_GetCurrentFPGA3V3
                0x20018304      0x130 C:/Hoopoe3/satellite-subsystems/demo/..//satellite-subsystems/lib\libSatelliteSubsystemsD.a(gecko_driver.o)
                0x20018304                GECKO_GetCurrentFPGA3V3
 .text.GECKO_GetVoltageFlash1V8
                0x20018434       0xd4 C:/Hoopoe3/satellite-subsystems/demo/..//satellite-subsystems/lib\libSatelliteSubsystemsD.a(gecko_driver.o)
                0x20018434                GECKO_GetVoltageFlash1V8
 .text.GECKO_GetCurrentFlash1V8
                0x20018508      0x130 C:/Hoopoe3/satellite-subsystems/demo/..//satellite-subsystems/lib\libSatelliteSubsystemsD.a(gecko_driver.o)
                0x20018508                GECKO_GetCurrentFlash1V8
 .text.GECKO_GetVoltageFlash3V3
                0x20018638       0xe8 C:/Hoopoe3/satellite-subsystems/demo/..//satellite-subsystems/lib\libSatelliteSubsystemsD.a(gecko_driver.o)
                0x20018638                GECKO_GetVoltageFlash3V3
 .text.GECKO_GetCurrentFlash3V3
                0x20018720      0x130 C:/Hoopoe3/satellite-subsystems/demo/..//satellite-subsystems/lib\libSatelliteSubsystemsD.a(gecko_driver.o)
                0x20018720                GECKO_GetCurrentFlash3V3
 .text.GECKO_GetVoltageSNSR1V8
                0x20018850       0xe8 C:/Hoopoe3/satellite-subsystems/demo/..//satellite-subsystems/lib\libSatelliteSubsystemsD.a(gecko_driver.o)
                0x20018850                GECKO_GetVoltageSNSR1V8
 .text.GECKO_GetCurrentSNSR1V8
                0x20018938      0x130 C:/Hoopoe3/satellite-subsystems/demo/..//satellite-subsystems/lib\libSatelliteSubsystemsD.a(gecko_driver.o)
                0x20018938                GECKO_GetCurrentSNSR1V8
 .text.GECKO_GetVoltageSNSRVDDPIX
                0x20018a68       0xe8 C:/Hoopoe3/satellite-subsystems/demo/..//satellite-subsystems/lib\libSatelliteSubsystemsD.a(gecko_driver.o)
                0x20018a68                GECKO_GetVoltageSNSRVDDPIX
 .text.GECKO_GetCurrentSNSRVDDPIX
                0x20018b50      0x130 C:/Hoopoe3/satellite-subsystems/demo/..//satellite-subsystems/lib\libSatelliteSubsystemsD.a(gecko_driver.o)
                0x20018b50                GECKO_GetCurrentSNSRVDDPIX
 .text.GECKO_GetVoltageSNSR3V3
                0x20018c80       0xe8 C:/Hoopoe3/satellite-subsystems/demo/..//satellite-subsystems/lib\libSatelliteSubsystemsD.a(gecko_driver.o)
                0x20018c80                GECKO_GetVoltageSNSR3V3
 .text.GECKO_GetCurrentSNSR3V3
                0x20018d68      0x130 C:/Hoopoe3/satellite-subsystems/demo/..//satellite-subsystems/lib\libSatelliteSubsystemsD.a(gecko_driver.o)
                0x20018d68                GECKO_GetCurrentSNSR3V3
 .text.GECKO_GetVoltageFlashVTT09
                0x20018e98       0xd4 C:/Hoopoe3/satellite-subsystems/demo/..//satellite-subsystems/lib\libSatelliteSubsystemsD.a(gecko_driver.o)
                0x20018e98                GECKO_GetVoltageFlashVTT09
 .text.GECKO_GetTempSMU3AB
                0x20018f6c      0x35c C:/Hoopoe3/satellite-subsystems/demo/..//satellite-subsystems/lib\libSatelliteSubsystemsD.a(gecko_driver.o)
                0x20018f6c                GECKO_GetTempSMU3AB
 .text.GECKO_GetTempSMU3BC
                0x200192c8      0x360 C:/Hoopoe3/satellite-subsystems/demo/..//satellite-subsystems/lib\libSatelliteSubsystemsD.a(gecko_driver.o)
                0x200192c8                GECKO_GetTempSMU3BC
 .text.GECKO_GetTempREGU6
                0x20019628      0x35c C:/Hoopoe3/satellite-subsystems/demo/..//satellite-subsystems/lib\libSatelliteSubsystemsD.a(gecko_driver.o)
                0x20019628                GECKO_GetTempREGU6
 .text.GECKO_GetTempREGU8
                0x20019984      0x360 C:/Hoopoe3/satellite-subsystems/demo/..//satellite-subsystems/lib\libSatelliteSubsystemsD.a(gecko_driver.o)
                0x20019984                GECKO_GetTempREGU8
 .text.GECKO_GetTempFlash
                0x20019ce4      0x360 C:/Hoopoe3/satellite-subsystems/demo/..//satellite-subsystems/lib\libSatelliteSubsystemsD.a(gecko_driver.o)
                0x20019ce4                GECKO_GetTempFlash
 .text._SpiWriteRead
                0x2001a044       0x70 C:/Hoopoe3/satellite-subsystems/demo/..//satellite-subsystems/lib\libSatelliteSubsystemsD.a(gecko_driver.o)
 .text.makeTRXCommonTransfer
                0x2001a0b4       0x34 C:/Hoopoe3/satellite-subsystems/demo/..//satellite-subsystems/lib\libSatelliteSubsystemsD.a(IsisTRXCommon.o)
 .text.IsisTrxCommon_componentReset
                0x2001a0e8       0x68 C:/Hoopoe3/satellite-subsystems/demo/..//satellite-subsystems/lib\libSatelliteSubsystemsD.a(IsisTRXCommon.o)
                0x2001a0e8                IsisTrxCommon_componentReset
 .text.IsisTrxCommon_TxSetIdlestate
                0x2001a150       0x78 C:/Hoopoe3/satellite-subsystems/demo/..//satellite-subsystems/lib\libSatelliteSubsystemsD.a(IsisTRXCommon.o)
                0x2001a150                IsisTrxCommon_TxSetIdlestate
 .text.IsisTrxCommon_TxSetAx25Bitrate
                0x2001a1c8       0x78 C:/Hoopoe3/satellite-subsystems/demo/..//satellite-subsystems/lib\libSatelliteSubsystemsD.a(IsisTRXCommon.o)
                0x2001a1c8                IsisTrxCommon_TxSetAx25Bitrate
 .text.IsisTrxCommon_RxGetFrameCount
                0x2001a240       0x8c C:/Hoopoe3/satellite-subsystems/demo/..//satellite-subsystems/lib\libSatelliteSubsystemsD.a(IsisTRXCommon.o)
                0x2001a240                IsisTrxCommon_RxGetFrameCount
 .text.IsisTrxCommon_RxGetTelemetryAll_revC
                0x2001a2cc       0x8c C:/Hoopoe3/satellite-subsystems/demo/..//satellite-subsystems/lib\libSatelliteSubsystemsD.a(IsisTRXCommon.o)
                0x2001a2cc                IsisTrxCommon_RxGetTelemetryAll_revC
 .text.log      0x2001a358      0x17c c:/isis/application/toolchain/bin/../lib/gcc/arm-none-eabi/4.7.4/../../../../arm-none-eabi/lib\libm.a(lib_a-w_log.o)
                0x2001a358                log
 *fill*         0x2001a4d4        0x4 00
 .text.__ieee754_log
                0x2001a4d8      0x5c0 c:/isis/application/toolchain/bin/../lib/gcc/arm-none-eabi/4.7.4/../../../../arm-none-eabi/lib\libm.a(lib_a-e_log.o)
                0x2001a4d8                __ieee754_log
 .text.matherr  0x2001aa98        0x8 c:/isis/application/toolchain/bin/../lib/gcc/arm-none-eabi/4.7.4/../../../../arm-none-eabi/lib\libm.a(lib_a-s_matherr.o)
                0x2001aa98                matherr
 .text.nan      0x2001aaa0       0x10 c:/isis/application/toolchain/bin/../lib/gcc/arm-none-eabi/4.7.4/../../../../arm-none-eabi/lib\libm.a(lib_a-s_nan.o)
                0x2001aaa0                nan
 .text.fn_init  0x2001aab0      0x2e0 C:/Hoopoe3/satellite-subsystems/demo/../..//hal/hcc/lib\libHCCD.a(fat_common.o)
                0x2001aab0                fn_init
 .text._f_get16bitl
                0x2001ad90       0x4c C:/Hoopoe3/satellite-subsystems/demo/../..//hal/hcc/lib\libHCCD.a(fat_common.o)
                0x2001ad90                _f_get16bitl
 .text._f_set16bitl
                0x2001addc       0x54 C:/Hoopoe3/satellite-subsystems/demo/../..//hal/hcc/lib\libHCCD.a(fat_common.o)
                0x2001addc                _f_set16bitl
 .text._f_get32bitl
                0x2001ae30       0x68 C:/Hoopoe3/satellite-subsystems/demo/../..//hal/hcc/lib\libHCCD.a(fat_common.o)
                0x2001ae30                _f_get32bitl
 .text._f_set32bitl
                0x2001ae98       0x78 C:/Hoopoe3/satellite-subsystems/demo/../..//hal/hcc/lib\libHCCD.a(fat_common.o)
                0x2001ae98                _f_set32bitl
 .text._get8bit
                0x2001af10       0xa0 C:/Hoopoe3/satellite-subsystems/demo/../..//hal/hcc/lib\libHCCD.a(fat_common.o)
 .text._get16bitl
                0x2001afb0       0x40 C:/Hoopoe3/satellite-subsystems/demo/../..//hal/hcc/lib\libHCCD.a(fat_common.o)
 .text._get32bitl
                0x2001aff0       0x3c C:/Hoopoe3/satellite-subsystems/demo/../..//hal/hcc/lib\libHCCD.a(fat_common.o)
 .text._f_setcardremoved
                0x2001b02c       0x94 C:/Hoopoe3/satellite-subsystems/demo/../..//hal/hcc/lib\libHCCD.a(fat_common.o)
 .text._f_checkstatus
                0x2001b0c0      0x104 C:/Hoopoe3/satellite-subsystems/demo/../..//hal/hcc/lib\libHCCD.a(fat_common.o)
                0x2001b0c0                _f_checkstatus
 .text._f_drvgetphy
                0x2001b1c4      0x114 C:/Hoopoe3/satellite-subsystems/demo/../..//hal/hcc/lib\libHCCD.a(fat_common.o)
 .text._f_drvwritesector
                0x2001b2d8       0xdc C:/Hoopoe3/satellite-subsystems/demo/../..//hal/hcc/lib\libHCCD.a(fat_common.o)
 .text._f_drvreadsector
                0x2001b3b4       0xa8 C:/Hoopoe3/satellite-subsystems/demo/../..//hal/hcc/lib\libHCCD.a(fat_common.o)
 .text._f_writesector
                0x2001b45c      0x23c C:/Hoopoe3/satellite-subsystems/demo/../..//hal/hcc/lib\libHCCD.a(fat_common.o)
                0x2001b45c                _f_writesector
 .text._f_readsector
                0x2001b698      0x1dc C:/Hoopoe3/satellite-subsystems/demo/../..//hal/hcc/lib\libHCCD.a(fat_common.o)
                0x2001b698                _f_readsector
 .text._f_getmaxcluster
                0x2001b874       0x94 C:/Hoopoe3/satellite-subsystems/demo/../..//hal/hcc/lib\libHCCD.a(fat_common.o)
                0x2001b874                _f_getmaxcluster
 .text._getsectorfromcluster
                0x2001b908       0x68 C:/Hoopoe3/satellite-subsystems/demo/../..//hal/hcc/lib\libHCCD.a(fat_common.o)
 .text._f_buildsectors
                0x2001b970      0x268 C:/Hoopoe3/satellite-subsystems/demo/../..//hal/hcc/lib\libHCCD.a(fat_common.o)
 .text._f_getbootrecord
                0x2001bbd8      0x5e4 C:/Hoopoe3/satellite-subsystems/demo/../..//hal/hcc/lib\libHCCD.a(fat_common.o)
 .text._f_readbootrecord
                0x2001c1bc      0x4f8 C:/Hoopoe3/satellite-subsystems/demo/../..//hal/hcc/lib\libHCCD.a(fat_common.o)
 .text._f_flushcffiles
                0x2001c6b4      0x17c C:/Hoopoe3/satellite-subsystems/demo/../..//hal/hcc/lib\libHCCD.a(fat_common.o)
                0x2001c6b4                _f_flushcffiles
 .text._f_fatcache_flush
                0x2001c830      0x270 C:/Hoopoe3/satellite-subsystems/demo/../..//hal/hcc/lib\libHCCD.a(fat_common.o)
                0x2001c830                _f_fatcache_flush
 .text._f_writefatsector
                0x2001caa0      0x100 C:/Hoopoe3/satellite-subsystems/demo/../..//hal/hcc/lib\libHCCD.a(fat_common.o)
                0x2001caa0                _f_writefatsector
 .text._f_getfatsector
                0x2001cba0      0x3bc C:/Hoopoe3/satellite-subsystems/demo/../..//hal/hcc/lib\libHCCD.a(fat_common.o)
 .text._f_setclustervalue
                0x2001cf5c      0x490 C:/Hoopoe3/satellite-subsystems/demo/../..//hal/hcc/lib\libHCCD.a(fat_common.o)
                0x2001cf5c                _f_setclustervalue
 .text._f_getclustervalue
                0x2001d3ec      0x388 C:/Hoopoe3/satellite-subsystems/demo/../..//hal/hcc/lib\libHCCD.a(fat_common.o)
                0x2001d3ec                _f_getclustervalue
 .text._f_close_drive_files
                0x2001d774       0xac C:/Hoopoe3/satellite-subsystems/demo/../..//hal/hcc/lib\libHCCD.a(fat_common.o)
 .text._f_inc_mount_count
                0x2001d820       0xa4 C:/Hoopoe3/satellite-subsystems/demo/../..//hal/hcc/lib\libHCCD.a(fat_common.o)
 .text._f_getvolume
                0x2001d8c4      0x2f8 C:/Hoopoe3/satellite-subsystems/demo/../..//hal/hcc/lib\libHCCD.a(fat_common.o)
                0x2001d8c4                _f_getvolume
 .text.fn_createdriver
                0x2001dbbc      0x118 C:/Hoopoe3/satellite-subsystems/demo/../..//hal/hcc/lib\libHCCD.a(fat_common.o)
                0x2001dbbc                fn_createdriver
 .text.fn_initvolume
                0x2001dcd4      0x12c C:/Hoopoe3/satellite-subsystems/demo/../..//hal/hcc/lib\libHCCD.a(fat_common.o)
                0x2001dcd4                fn_initvolume
 .text.fn_initvolumepartition_sub
                0x2001de00       0xe0 C:/Hoopoe3/satellite-subsystems/demo/../..//hal/hcc/lib\libHCCD.a(fat_common.o)
 .text.fn_initvolumepartition
                0x2001dee0       0xac C:/Hoopoe3/satellite-subsystems/demo/../..//hal/hcc/lib\libHCCD.a(fat_common.o)
                0x2001dee0                fn_initvolumepartition
 .text._f_clustertopos
                0x2001df8c       0xf8 C:/Hoopoe3/satellite-subsystems/demo/../..//hal/hcc/lib\libHCCD.a(fat_common.o)
                0x2001df8c                _f_clustertopos
 .text._f_getcurrsector
                0x2001e084      0x6c8 C:/Hoopoe3/satellite-subsystems/demo/../..//hal/hcc/lib\libHCCD.a(fat_common.o)
                0x2001e084                _f_getcurrsector
 .text._f_getdecluster
                0x2001e74c       0x90 C:/Hoopoe3/satellite-subsystems/demo/../..//hal/hcc/lib\libHCCD.a(fat_common.o)
                0x2001e74c                _f_getdecluster
 .text._f_setdecluster
                0x2001e7dc       0x8c C:/Hoopoe3/satellite-subsystems/demo/../..//hal/hcc/lib\libHCCD.a(fat_common.o)
                0x2001e7dc                _f_setdecluster
 .text.fn_getdrive
                0x2001e868       0x30 C:/Hoopoe3/satellite-subsystems/demo/../..//hal/hcc/lib\libHCCD.a(fat_common.o)
                0x2001e868                fn_getdrive
 .text._f_getcurrenttimedate
                0x2001e898      0x138 C:/Hoopoe3/satellite-subsystems/demo/../..//hal/hcc/lib\libHCCD.a(fat_common.o)
                0x2001e898                _f_getcurrenttimedate
 .text._f_initentry
                0x2001e9d0       0xa0 C:/Hoopoe3/satellite-subsystems/demo/../..//hal/hcc/lib\libHCCD.a(fat_common.o)
                0x2001e9d0                _f_initentry
 .text._f_alloccluster
                0x2001ea70      0x344 C:/Hoopoe3/satellite-subsystems/demo/../..//hal/hcc/lib\libHCCD.a(fat_common.o)
                0x2001ea70                _f_alloccluster
 .text._f_dobadblock
                0x2001edb4      0x2cc C:/Hoopoe3/satellite-subsystems/demo/../..//hal/hcc/lib\libHCCD.a(fat_common.o)
                0x2001edb4                _f_dobadblock
 .text._f_checklocked
                0x2001f080       0xe4 C:/Hoopoe3/satellite-subsystems/demo/../..//hal/hcc/lib\libHCCD.a(fat_common.o)
                0x2001f080                _f_checklocked
 .text._f_checkappendlocked
                0x2001f164      0x110 C:/Hoopoe3/satellite-subsystems/demo/../..//hal/hcc/lib\libHCCD.a(fat_common.o)
                0x2001f164                _f_checkappendlocked
 .text._f_setsyncafile
                0x2001f274      0x114 C:/Hoopoe3/satellite-subsystems/demo/../..//hal/hcc/lib\libHCCD.a(fat_common.o)
                0x2001f274                _f_setsyncafile
 .text._f_syncfiles
                0x2001f388      0x128 C:/Hoopoe3/satellite-subsystems/demo/../..//hal/hcc/lib\libHCCD.a(fat_common.o)
                0x2001f388                _f_syncfiles
 .text._f_syncfilescontent
                0x2001f4b0      0x15c C:/Hoopoe3/satellite-subsystems/demo/../..//hal/hcc/lib\libHCCD.a(fat_common.o)
 .text.fn_getfreespace
                0x2001f60c      0x4c0 C:/Hoopoe3/satellite-subsystems/demo/../..//hal/hcc/lib\libHCCD.a(fat_common.o)
                0x2001f60c                fn_getfreespace
 .text._f_emptywritecache
                0x2001facc      0x4a4 C:/Hoopoe3/satellite-subsystems/demo/../..//hal/hcc/lib\libHCCD.a(fat_common.o)
 .text._f_allocnextcluster
                0x2001ff70      0x54c C:/Hoopoe3/satellite-subsystems/demo/../..//hal/hcc/lib\libHCCD.a(fat_common.o)
 .text._f_emptywritebuffer
                0x200204bc      0x20c C:/Hoopoe3/satellite-subsystems/demo/../..//hal/hcc/lib\libHCCD.a(fat_common.o)
 .text._f_writezeros
                0x200206c8       0xf0 C:/Hoopoe3/satellite-subsystems/demo/../..//hal/hcc/lib\libHCCD.a(fat_common.o)
                0x200206c8                _f_writezeros
 .text._f_extend_file
                0x200207b8      0x570 C:/Hoopoe3/satellite-subsystems/demo/../..//hal/hcc/lib\libHCCD.a(fat_common.o)
 .text._f_fseek
                0x20020d28      0x9bc C:/Hoopoe3/satellite-subsystems/demo/../..//hal/hcc/lib\libHCCD.a(fat_common.o)
                0x20020d28                _f_fseek
 .text._f_removechain
                0x200216e4      0x104 C:/Hoopoe3/satellite-subsystems/demo/../..//hal/hcc/lib\libHCCD.a(fat_common.o)
                0x200216e4                _f_removechain
 .text._f_updatefileentry
                0x200217e8      0x1cc C:/Hoopoe3/satellite-subsystems/demo/../..//hal/hcc/lib\libHCCD.a(fat_common.o)
 .text._f_checkreadlocked
                0x200219b4      0x1bc C:/Hoopoe3/satellite-subsystems/demo/../..//hal/hcc/lib\libHCCD.a(fat_common.o)
                0x200219b4                _f_checkreadlocked
 .text._f_check_handle
                0x20021b70       0x98 C:/Hoopoe3/satellite-subsystems/demo/../..//hal/hcc/lib\libHCCD.a(fat_common.o)
                0x20021b70                _f_check_handle
 .text._f_removesyncafile
                0x20021c08      0x1ec C:/Hoopoe3/satellite-subsystems/demo/../..//hal/hcc/lib\libHCCD.a(fat_common.o)
 .text.fn_close
                0x20021df4      0x3f8 C:/Hoopoe3/satellite-subsystems/demo/../..//hal/hcc/lib\libHCCD.a(fat_common.o)
                0x20021df4                fn_close
 .text.fn_flush
                0x200221ec      0x374 C:/Hoopoe3/satellite-subsystems/demo/../..//hal/hcc/lib\libHCCD.a(fat_common.o)
                0x200221ec                fn_flush
 .text.fn_read  0x20022560      0x690 C:/Hoopoe3/satellite-subsystems/demo/../..//hal/hcc/lib\libHCCD.a(fat_common.o)
                0x20022560                fn_read
 .text._f_abortwrite
                0x20022bf0      0x100 C:/Hoopoe3/satellite-subsystems/demo/../..//hal/hcc/lib\libHCCD.a(fat_common.o)
 .text._f_checkwritecluster
                0x20022cf0       0xe4 C:/Hoopoe3/satellite-subsystems/demo/../..//hal/hcc/lib\libHCCD.a(fat_common.o)
 .text.fn_write
                0x20022dd4      0x8a8 C:/Hoopoe3/satellite-subsystems/demo/../..//hal/hcc/lib\libHCCD.a(fat_common.o)
                0x20022dd4                fn_write
 .text.fn_seek  0x2002367c      0x270 C:/Hoopoe3/satellite-subsystems/demo/../..//hal/hcc/lib\libHCCD.a(fat_common.o)
                0x2002367c                fn_seek
 .text.f_enterFS
                0x200238ec      0x1c0 C:/Hoopoe3/satellite-subsystems/demo/../..//hal/hcc/lib\libHCCD.a(fat_common.o)
                0x200238ec                f_enterFS
 .text.f_releaseFS
                0x20023aac       0xb0 C:/Hoopoe3/satellite-subsystems/demo/../..//hal/hcc/lib\libHCCD.a(fat_common.o)
                0x20023aac                f_releaseFS
 .text.fnGetTask
                0x20023b5c       0xfc C:/Hoopoe3/satellite-subsystems/demo/../..//hal/hcc/lib\libHCCD.a(fat_common.o)
                0x20023b5c                fnGetTask
 .text._f_mutex_get
                0x20023c58       0x98 C:/Hoopoe3/satellite-subsystems/demo/../..//hal/hcc/lib\libHCCD.a(fat_common.o)
                0x20023c58                _f_mutex_get
 .text._f_mutex_put
                0x20023cf0       0x54 C:/Hoopoe3/satellite-subsystems/demo/../..//hal/hcc/lib\libHCCD.a(fat_common.o)
                0x20023cf0                _f_mutex_put
 .text._fn_initseekdivisor
                0x20023d44      0x158 C:/Hoopoe3/satellite-subsystems/demo/../..//hal/hcc/lib\libHCCD.a(fat_common.o)
                0x20023d44                _fn_initseekdivisor
 .text._fn_updateseekpos
                0x20023e9c       0xc4 C:/Hoopoe3/satellite-subsystems/demo/../..//hal/hcc/lib\libHCCD.a(fat_common.o)
 .text._f_findopensize
                0x20023f60       0x2c C:/Hoopoe3/satellite-subsystems/demo/../..//hal/hcc/lib\libHCCD.a(fat_common.o)
                0x20023f60                _f_findopensize
 .text.fn_setlasterror
                0x20023f8c       0x34 C:/Hoopoe3/satellite-subsystems/demo/../..//hal/hcc/lib\libHCCD.a(fat_common.o)
                0x20023f8c                fn_setlasterror
 .text.fn_setlasterror_noret
                0x20023fc0       0x2c C:/Hoopoe3/satellite-subsystems/demo/../..//hal/hcc/lib\libHCCD.a(fat_common.o)
                0x20023fc0                fn_setlasterror_noret
 .text.fm_initvolume
                0x20023fec       0x70 C:/Hoopoe3/satellite-subsystems/demo/../..//hal/hcc/lib\libHCCD.a(fat_m.o)
                0x20023fec                fm_initvolume
 .text.fm_getdrive
                0x2002405c       0x70 C:/Hoopoe3/satellite-subsystems/demo/../..//hal/hcc/lib\libHCCD.a(fat_m.o)
                0x2002405c                fm_getdrive
 .text.fm_getfreespace
                0x200240cc       0x68 C:/Hoopoe3/satellite-subsystems/demo/../..//hal/hcc/lib\libHCCD.a(fat_m.o)
                0x200240cc                fm_getfreespace
 .text.fm_findfirst
                0x20024134       0x68 C:/Hoopoe3/satellite-subsystems/demo/../..//hal/hcc/lib\libHCCD.a(fat_m.o)
                0x20024134                fm_findfirst
 .text.fm_findnext
                0x2002419c       0x60 C:/Hoopoe3/satellite-subsystems/demo/../..//hal/hcc/lib\libHCCD.a(fat_m.o)
                0x2002419c                fm_findnext
 .text.fm_filelength
                0x200241fc       0x60 C:/Hoopoe3/satellite-subsystems/demo/../..//hal/hcc/lib\libHCCD.a(fat_m.o)
                0x200241fc                fm_filelength
 .text.fm_close
                0x2002425c       0x60 C:/Hoopoe3/satellite-subsystems/demo/../..//hal/hcc/lib\libHCCD.a(fat_m.o)
                0x2002425c                fm_close
 .text.fm_flush
                0x200242bc       0x60 C:/Hoopoe3/satellite-subsystems/demo/../..//hal/hcc/lib\libHCCD.a(fat_m.o)
                0x200242bc                fm_flush
 .text.fm_open  0x2002431c       0x68 C:/Hoopoe3/satellite-subsystems/demo/../..//hal/hcc/lib\libHCCD.a(fat_m.o)
                0x2002431c                fm_open
 .text.fm_read  0x20024384       0x7c C:/Hoopoe3/satellite-subsystems/demo/../..//hal/hcc/lib\libHCCD.a(fat_m.o)
                0x20024384                fm_read
 .text.fm_write
                0x20024400       0x7c C:/Hoopoe3/satellite-subsystems/demo/../..//hal/hcc/lib\libHCCD.a(fat_m.o)
                0x20024400                fm_write
 .text.fm_seek  0x2002447c       0x70 C:/Hoopoe3/satellite-subsystems/demo/../..//hal/hcc/lib\libHCCD.a(fat_m.o)
                0x2002447c                fm_seek
 .text.fm_delete
                0x200244ec       0x64 C:/Hoopoe3/satellite-subsystems/demo/../..//hal/hcc/lib\libHCCD.a(fat_m.o)
                0x200244ec                fm_delete
 .text._s_checkzeroclusteratend
                0x20024550       0xf8 C:/Hoopoe3/satellite-subsystems/demo/../..//hal/hcc/lib\libHCCD.a(safefat.o)
 .text._s_clearclustercontent
                0x20024648      0x108 C:/Hoopoe3/satellite-subsystems/demo/../..//hal/hcc/lib\libHCCD.a(safefat.o)
 .text._s_clearclustercontentdir
                0x20024750      0x19c C:/Hoopoe3/satellite-subsystems/demo/../..//hal/hcc/lib\libHCCD.a(safefat.o)
 .text._s_writedirsector
                0x200248ec       0xd0 C:/Hoopoe3/satellite-subsystems/demo/../..//hal/hcc/lib\libHCCD.a(safefat.o)
 .text._s_getdirsector
                0x200249bc      0x100 C:/Hoopoe3/satellite-subsystems/demo/../..//hal/hcc/lib\libHCCD.a(safefat.o)
 .text._s_addentry
                0x20024abc      0x394 C:/Hoopoe3/satellite-subsystems/demo/../..//hal/hcc/lib\libHCCD.a(safefat.o)
 .text._s_findfile
                0x20024e50      0x33c C:/Hoopoe3/satellite-subsystems/demo/../..//hal/hcc/lib\libHCCD.a(safefat.o)
 .text._s_findsubdir
                0x2002518c      0x248 C:/Hoopoe3/satellite-subsystems/demo/../..//hal/hcc/lib\libHCCD.a(safefat.o)
 .text._s_createfile
                0x200253d4      0x190 C:/Hoopoe3/satellite-subsystems/demo/../..//hal/hcc/lib\libHCCD.a(safefat.o)
 .text._s_findsaffile
                0x20025564      0x1b8 C:/Hoopoe3/satellite-subsystems/demo/../..//hal/hcc/lib\libHCCD.a(safefat.o)
 .text._s_open  0x2002571c       0xe4 C:/Hoopoe3/satellite-subsystems/demo/../..//hal/hcc/lib\libHCCD.a(safefat.o)
 .text._s_open_saf
                0x20025800       0xe8 C:/Hoopoe3/satellite-subsystems/demo/../..//hal/hcc/lib\libHCCD.a(safefat.o)
 .text._s_flush
                0x200258e8       0x84 C:/Hoopoe3/satellite-subsystems/demo/../..//hal/hcc/lib\libHCCD.a(safefat.o)
 .text._s_allocnextcluster
                0x2002596c      0x13c C:/Hoopoe3/satellite-subsystems/demo/../..//hal/hcc/lib\libHCCD.a(safefat.o)
 .text._s_getnextsector
                0x20025aa8       0xdc C:/Hoopoe3/satellite-subsystems/demo/../..//hal/hcc/lib\libHCCD.a(safefat.o)
 .text._s_seek  0x20025b84      0x1e8 C:/Hoopoe3/satellite-subsystems/demo/../..//hal/hcc/lib\libHCCD.a(safefat.o)
 .text._s_read  0x20025d6c      0x228 C:/Hoopoe3/satellite-subsystems/demo/../..//hal/hcc/lib\libHCCD.a(safefat.o)
 .text._s_write
                0x20025f94      0x384 C:/Hoopoe3/satellite-subsystems/demo/../..//hal/hcc/lib\libHCCD.a(safefat.o)
 .text._s_restoreclusters
                0x20026318      0x270 C:/Hoopoe3/satellite-subsystems/demo/../..//hal/hcc/lib\libHCCD.a(safefat.o)
                0x20026318                _s_restoreclusters
 .text._s_findrestore
                0x20026588      0x18c C:/Hoopoe3/satellite-subsystems/demo/../..//hal/hcc/lib\libHCCD.a(safefat.o)
 .text._s_cmd_writede
                0x20026714       0xd8 C:/Hoopoe3/satellite-subsystems/demo/../..//hal/hcc/lib\libHCCD.a(safefat.o)
 .text._s_cmd_setcluster
                0x200267ec       0x88 C:/Hoopoe3/satellite-subsystems/demo/../..//hal/hcc/lib\libHCCD.a(safefat.o)
 .text._s_cmd_deletechain
                0x20026874      0x100 C:/Hoopoe3/satellite-subsystems/demo/../..//hal/hcc/lib\libHCCD.a(safefat.o)
 .text._s_cmd_validatecfn
                0x20026974      0x308 C:/Hoopoe3/satellite-subsystems/demo/../..//hal/hcc/lib\libHCCD.a(safefat.o)
 .text._s_cmd_seteof
                0x20026c7c      0x3c4 C:/Hoopoe3/satellite-subsystems/demo/../..//hal/hcc/lib\libHCCD.a(safefat.o)
 .text.safe_docommands
                0x20027040      0x56c C:/Hoopoe3/satellite-subsystems/demo/../..//hal/hcc/lib\libHCCD.a(safefat.o)
                0x20027040                safe_docommands
 .text.safe_entercommand
                0x200275ac       0x68 C:/Hoopoe3/satellite-subsystems/demo/../..//hal/hcc/lib\libHCCD.a(safefat.o)
                0x200275ac                safe_entercommand
 .text.safe_ready
                0x20027614       0xf4 C:/Hoopoe3/satellite-subsystems/demo/../..//hal/hcc/lib\libHCCD.a(safefat.o)
                0x20027614                safe_ready
 .text.safe_copycfn
                0x20027708       0xb8 C:/Hoopoe3/satellite-subsystems/demo/../..//hal/hcc/lib\libHCCD.a(safefat.o)
                0x20027708                safe_copycfn
 .text.safe_cfremove
                0x200277c0       0xb8 C:/Hoopoe3/satellite-subsystems/demo/../..//hal/hcc/lib\libHCCD.a(safefat.o)
                0x200277c0                safe_cfremove
 .text.safe_writede
                0x20027878      0x104 C:/Hoopoe3/satellite-subsystems/demo/../..//hal/hcc/lib\libHCCD.a(safefat.o)
                0x20027878                safe_writede
 .text.safe_setcluster
                0x2002797c       0xcc C:/Hoopoe3/satellite-subsystems/demo/../..//hal/hcc/lib\libHCCD.a(safefat.o)