Archive member included because of file (symbol)

c:/isis/application/toolchain/bin/../lib/gcc/arm-none-eabi/4.7.4/../../../../arm-none-eabi/lib\libc_s.a(lib_a-vfprintf_float.o)
                              (_printf_float)
c:/isis/application/toolchain/bin/../lib/gcc/arm-none-eabi/4.7.4/../../../../arm-none-eabi/lib\libc_s.a(lib_a-vfprintf_i.o)
                              c:/isis/application/toolchain/bin/../lib/gcc/arm-none-eabi/4.7.4/../../../../arm-none-eabi/lib\libc_s.a(lib_a-vfprintf_float.o) (_printf_common)
c:/isis/application/toolchain/bin/../lib/gcc/arm-none-eabi/4.7.4/../../../../arm-none-eabi/lib\libc_s.a(lib_a-vfscanf_float.o)
                              (_scanf_float)
c:/isis/application/toolchain/bin/../lib/gcc/arm-none-eabi/4.7.4/../../../../arm-none-eabi/lib\libc_s.a(lib_a-dtoa.o)
                              c:/isis/application/toolchain/bin/../lib/gcc/arm-none-eabi/4.7.4/../../../../arm-none-eabi/lib\libc_s.a(lib_a-vfprintf_float.o) (_dtoa_r)
c:/isis/application/toolchain/bin/../lib/gcc/arm-none-eabi/4.7.4/../../../../arm-none-eabi/lib\libc_s.a(lib_a-locale.o)
                              c:/isis/application/toolchain/bin/../lib/gcc/arm-none-eabi/4.7.4/../../../../arm-none-eabi/lib\libc_s.a(lib_a-vfprintf_float.o) (_localeconv_r)
c:/isis/application/toolchain/bin/../lib/gcc/arm-none-eabi/4.7.4/../../../../arm-none-eabi/lib\libc_s.a(lib_a-malloc.o)
                              c:/isis/application/toolchain/bin/../lib/gcc/arm-none-eabi/4.7.4/../../../../arm-none-eabi/lib\libc_s.a(lib_a-dtoa.o) (malloc)
c:/isis/application/toolchain/bin/../lib/gcc/arm-none-eabi/4.7.4/../../../../arm-none-eabi/lib\libc_s.a(lib_a-mallocr.o)
                              c:/isis/application/toolchain/bin/../lib/gcc/arm-none-eabi/4.7.4/../../../../arm-none-eabi/lib\libc_s.a(lib_a-malloc.o) (_malloc_r)
c:/isis/application/toolchain/bin/../lib/gcc/arm-none-eabi/4.7.4/../../../../arm-none-eabi/lib\libc_s.a(lib_a-memcpy.o)
                              c:/isis/application/toolchain/bin/../lib/gcc/arm-none-eabi/4.7.4/../../../../arm-none-eabi/lib\libc_s.a(lib_a-dtoa.o) (memcpy)
c:/isis/application/toolchain/bin/../lib/gcc/arm-none-eabi/4.7.4/../../../../arm-none-eabi/lib\libc_s.a(lib_a-mprec.o)
                              c:/isis/application/toolchain/bin/../lib/gcc/arm-none-eabi/4.7.4/../../../../arm-none-eabi/lib\libc_s.a(lib_a-dtoa.o) (_Balloc)
c:/isis/application/toolchain/bin/../lib/gcc/arm-none-eabi/4.7.4/../../../../arm-none-eabi/lib\libc_s.a(lib_a-s_fpclassify.o)
                              c:/isis/application/toolchain/bin/../lib/gcc/arm-none-eabi/4.7.4/../../../../arm-none-eabi/lib\libc_s.a(lib_a-vfprintf_float.o) (__fpclassifyd)
c:/isis/application/toolchain/bin/../lib/gcc/arm-none-eabi/4.7.4/../../../../arm-none-eabi/lib\libc_s.a(lib_a-sbrkr.o)
                              c:/isis/application/toolchain/bin/../lib/gcc/arm-none-eabi/4.7.4/../../../../arm-none-eabi/lib\libc_s.a(lib_a-mallocr.o) (_sbrk_r)
c:/isis/application/toolchain/bin/../lib/gcc/arm-none-eabi/4.7.4/../../../../arm-none-eabi/lib\libc_s.a(lib_a-sf_nan.o)
                              c:/isis/application/toolchain/bin/../lib/gcc/arm-none-eabi/4.7.4/../../../../arm-none-eabi/lib\libc_s.a(lib_a-vfscanf_float.o) (nanf)
c:/isis/application/toolchain/bin/../lib/gcc/arm-none-eabi/4.7.4/../../../../arm-none-eabi/lib\libc_s.a(lib_a-sprintf.o)
                              c:/isis/application/toolchain/bin/../lib/gcc/arm-none-eabi/4.7.4/../../../../arm-none-eabi/lib\libc_s.a(lib_a-vfscanf_float.o) (sprintf)
c:/isis/application/toolchain/bin/../lib/gcc/arm-none-eabi/4.7.4/../../../../arm-none-eabi/lib\libc_s.a(lib_a-strcmp.o)
                              c:/isis/application/toolchain/bin/../lib/gcc/arm-none-eabi/4.7.4/../../../../arm-none-eabi/lib\libc_s.a(lib_a-locale.o) (strcmp)
c:/isis/application/toolchain/bin/../lib/gcc/arm-none-eabi/4.7.4/../../../../arm-none-eabi/lib\libc_s.a(lib_a-strlen.o)
                              c:/isis/application/toolchain/bin/../lib/gcc/arm-none-eabi/4.7.4/../../../../arm-none-eabi/lib\libc_s.a(lib_a-vfprintf_float.o) (strlen)
c:/isis/application/toolchain/bin/../lib/gcc/arm-none-eabi/4.7.4/../../../../arm-none-eabi/lib\libc_s.a(lib_a-strtod.o)
                              c:/isis/application/toolchain/bin/../lib/gcc/arm-none-eabi/4.7.4/../../../../arm-none-eabi/lib\libc_s.a(lib_a-vfscanf_float.o) (_strtod_r)
c:/isis/application/toolchain/bin/../lib/gcc/arm-none-eabi/4.7.4/../../../../arm-none-eabi/lib\libc_s.a(lib_a-strtol.o)
                              c:/isis/application/toolchain/bin/../lib/gcc/arm-none-eabi/4.7.4/../../../../arm-none-eabi/lib\libc_s.a(lib_a-vfscanf_float.o) (_strtol_r)
c:/isis/application/toolchain/bin/../lib/gcc/arm-none-eabi/4.7.4/../../../../arm-none-eabi/lib\libc_s.a(lib_a-svfprintf.o)
                              c:/isis/application/toolchain/bin/../lib/gcc/arm-none-eabi/4.7.4/../../../../arm-none-eabi/lib\libc_s.a(lib_a-sprintf.o) (_svfprintf_r)
[...]
Memory Configuration

Name             Origin             Length             Attributes
sram0            0x00200000         0x00004000         w !xr
sram1            0x00300000         0x00004000         w !xr
sdram            0x20000000         0x02000000         w !xr
*default*        0x00000000         0xffffffff

Linker script and memory map

LOAD c:/isis/application/toolchain/bin/../lib/gcc/arm-none-eabi/4.7.4/../../../../arm-none-eabi/lib\libc_s.a
LOAD ./src/sub-systemCode/Main/CMD/COMM_CMD.o
LOAD ./src/sub-systemCode/Main/CMD/EPS_CMD.o
LOAD ./src/sub-systemCode/Main/CMD/General_CMD.o
LOAD ./src/sub-systemCode/Main/CMD/SW_CMD.o
LOAD ./src/sub-systemCode/Main/CMD/payload_CMD.o
LOAD ./src/sub-systemCode/Main/Ants.o
LOAD ./src/sub-systemCode/Main/EPS.o
LOAD ./src/sub-systemCode/Main/HouseKeeping.o
LOAD ./src/sub-systemCode/Main/Main_Init.o
LOAD ./src/sub-systemCode/Main/commands.o
LOAD ./src/sub-systemCode/Global/Global.o
LOAD ./src/sub-systemCode/Global/GlobalParam.o
LOAD ./src/sub-systemCode/Global/OnlineTM.o
LOAD ./src/sub-systemCode/Global/TM_managment.o
LOAD ./src/sub-systemCode/COMM/APRS.o
LOAD ./src/sub-systemCode/COMM/DelayedCommand_list.o
LOAD ./src/sub-systemCode/COMM/GSC.o
LOAD ./src/sub-systemCode/COMM/TRXVU.o
LOAD ./src/sub-systemCode/ADCS/ADCS.o
LOAD ./src/sub-systemCode/ADCS/Stage_Table.o
LOAD ./src/main.o
LOAD C:/Hoopoe3/satellite-subsystems/demo/..//satellite-subsystems/lib\libSatelliteSubsystemsD.a
LOAD c:/isis/application/toolchain/bin/../lib/gcc/arm-none-eabi/4.7.4/../../../../arm-none-eabi/lib\libm.a
LOAD C:/Hoopoe3/satellite-subsystems/demo/../..//hal/hcc/lib\libHCCD.a
LOAD C:/Hoopoe3/satellite-subsystems/demo/../..//hal/hal/lib\libHALD.a
LOAD C:/Hoopoe3/satellite-subsystems/demo/../..//hal/freertos/lib\libFreeRTOSD.a
LOAD C:/Hoopoe3/satellite-subsystems/demo/../..//hal/at91/lib\libAt91D.a
START GROUP
LOAD c:/isis/application/toolchain/bin/../lib/gcc/arm-none-eabi/4.7.4\libgcc.a
LOAD c:/isis/application/toolchain/bin/../lib/gcc/arm-none-eabi/4.7.4/../../../../arm-none-eabi/lib\libc_s.a
END GROUP

.fixed          0x20000000    0x370ec
                0x20000000                . = ALIGN (0x4)
                0x20000000                _sfixed = .
 *(.startup)
 .startup       0x20000000      0x134 C:/Hoopoe3/satellite-subsystems/demo/../..//hal/at91/lib\libAt91D.a(board_cstartup.o)
                0x20000000                entry
 *(.text)
 .text          0x20000134       0x64 C:/Hoopoe3/satellite-subsystems/demo/../..//hal/at91/lib\libAt91D.a(cp15_asm.o)
                0x20000134                _readControlRegister
                0x20000140                _writeControlRegister
                0x20000148                _waitForInterrupt
                0x20000154                _writeTTB
                0x2000015c                _writeDomain
                0x20000164                _writeITLBLockdown
                0x2000016c                _prefetchICacheLine
                0x20000174                _flushDCache
                0x20000180                _flushWriteBuffer
                0x2000018c                _invalidateIDTLBs
 .text          0x20000198      0x114 c:/isis/application/toolchain/bin/../lib/gcc/arm-none-eabi/4.7.4\libgcc.a(_udivsi3.o)
                0x20000198                __aeabi_uidiv
                0x20000198                __udivsi3
                0x2000028c                __aeabi_uidivmod
 .text          0x200002ac      0x148 c:/isis/application/toolchain/bin/../lib/gcc/arm-none-eabi/4.7.4\libgcc.a(_divsi3.o)
                0x200002ac                __divsi3
                0x200002ac                __aeabi_idiv
                0x200003d4                __aeabi_idivmod
 .text          0x200003f4        0x4 c:/isis/application/toolchain/bin/../lib/gcc/arm-none-eabi/4.7.4\libgcc.a(_dvmd_tls.o)
                0x200003f4                __aeabi_idiv0
                0x200003f4                __aeabi_ldiv0
 .text          0x200003f8      0x41c c:/isis/application/toolchain/bin/../lib/gcc/arm-none-eabi/4.7.4\libgcc.a(_arm_addsubdf3.o)
                0x200003f8                __aeabi_drsub
                0x20000400                __aeabi_dsub
                0x20000400                __subdf3
                0x20000404                __aeabi_dadd
                0x20000404                __adddf3
                0x20000714                __floatunsidf
                0x20000714                __aeabi_ui2d
                0x20000738                __floatsidf
                0x20000738                __aeabi_i2d
                0x20000760                __aeabi_f2d
                0x20000760                __extendsfdf2
                0x200007a0                __floatundidf
                0x200007a0                __aeabi_ul2d
                0x200007b4                __floatdidf
                0x200007b4                __aeabi_l2d
 .text          0x20000814      0x49c c:/isis/application/toolchain/bin/../lib/gcc/arm-none-eabi/4.7.4\libgcc.a(_arm_muldivdf3.o)
                0x20000814                __aeabi_dmul
                0x20000814                __muldf3
                0x20000aa4                __divdf3
                0x20000aa4                __aeabi_ddiv
 .text          0x20000cb0      0x144 c:/isis/application/toolchain/bin/../lib/gcc/arm-none-eabi/4.7.4\libgcc.a(_arm_cmpdf2.o)
                0x20000cb0                __gtdf2
                0x20000cb0                __gedf2
                0x20000cb8                __ltdf2
                0x20000cb8                __ledf2
                0x20000cc0                __nedf2
                0x20000cc0                __eqdf2
                0x20000cc0                __cmpdf2
                0x20000d48                __aeabi_cdrcmple
                0x20000d64                __aeabi_cdcmpeq
                0x20000d64                __aeabi_cdcmple
                0x20000d7c                __aeabi_dcmpeq
                0x20000d94                __aeabi_dcmplt
                0x20000dac                __aeabi_dcmple
                0x20000dc4                __aeabi_dcmpge
                0x20000ddc                __aeabi_dcmpgt
 .text          0x20000df4       0x5c c:/isis/application/toolchain/bin/../lib/gcc/arm-none-eabi/4.7.4\libgcc.a(_arm_fixdfsi.o)
                0x20000df4                __aeabi_d2iz
                0x20000df4                __fixdfsi
 .text          0x20000e50       0x54 c:/isis/application/toolchain/bin/../lib/gcc/arm-none-eabi/4.7.4\libgcc.a(_arm_fixunsdfsi.o)
                0x20000e50                __aeabi_d2uiz
                0x20000e50                __fixunsdfsi
 .text          0x20000ea4       0xa0 c:/isis/application/toolchain/bin/../lib/gcc/arm-none-eabi/4.7.4\libgcc.a(_arm_truncdfsf2.o)
                0x20000ea4                __truncdfsf2
                0x20000ea4                __aeabi_d2f
 *(.text*)
 .text.__cvt    0x20000f44      0x138 c:/isis/application/toolchain/bin/../lib/gcc/arm-none-eabi/4.7.4/../../../../arm-none-eabi/lib\libc_s.a(lib_a-vfprintf_float.o)
                0x20000f44                __cvt
 .text.__exponent
                0x2000107c       0xa8 c:/isis/application/toolchain/bin/../lib/gcc/arm-none-eabi/4.7.4/../../../../arm-none-eabi/lib\libc_s.a(lib_a-vfprintf_float.o)
                0x2000107c                __exponent
 .text._printf_float
                0x20001124      0x7dc c:/isis/application/toolchain/bin/../lib/gcc/arm-none-eabi/4.7.4/../../../../arm-none-eabi/lib\libc_s.a(lib_a-vfprintf_float.o)
                0x20001124                _printf_float
 .text._printf_common
                0x20001900      0x174 c:/isis/application/toolchain/bin/../lib/gcc/arm-none-eabi/4.7.4/../../../../arm-none-eabi/lib\libc_s.a(lib_a-vfprintf_i.o)
                0x20001900                _printf_common
 .text._printf_i
                0x20001a74      0x3c4 c:/isis/application/toolchain/bin/../lib/gcc/arm-none-eabi/4.7.4/../../../../arm-none-eabi/lib\libc_s.a(lib_a-vfprintf_i.o)
                0x20001a74                _printf_i
 .text._scanf_float
                0x20001e38      0x5f4 c:/isis/application/toolchain/bin/../lib/gcc/arm-none-eabi/4.7.4/../../../../arm-none-eabi/lib\libc_s.a(lib_a-vfscanf_float.o)
                0x20001e38                _scanf_float
 .text.quorem   0x2000242c      0x1ac c:/isis/application/toolchain/bin/../lib/gcc/arm-none-eabi/4.7.4/../../../../arm-none-eabi/lib\libc_s.a(lib_a-dtoa.o)
 .text._dtoa_r  0x200025d8     0x1268 c:/isis/application/toolchain/bin/../lib/gcc/arm-none-eabi/4.7.4/../../../../arm-none-eabi/lib\libc_s.a(lib_a-dtoa.o)
                0x200025d8                _dtoa_r
 .text._localeconv_r
                0x20003840        0xc c:/isis/application/toolchain/bin/../lib/gcc/arm-none-eabi/4.7.4/../../../../arm-none-eabi/lib\libc_s.a(lib_a-locale.o)
                0x20003840                _localeconv_r
 .text.malloc   0x2000384c       0x20 c:/isis/application/toolchain/bin/../lib/gcc/arm-none-eabi/4.7.4/../../../../arm-none-eabi/lib\libc_s.a(lib_a-malloc.o)
                0x2000384c                malloc
 .text.free     0x2000386c       0x20 c:/isis/application/toolchain/bin/../lib/gcc/arm-none-eabi/4.7.4/../../../../arm-none-eabi/lib\libc_s.a(lib_a-malloc.o)
                0x2000386c                free
 .text._malloc_r
                0x2000388c       0xfc c:/isis/application/toolchain/bin/../lib/gcc/arm-none-eabi/4.7.4/../../../../arm-none-eabi/lib\libc_s.a(lib_a-mallocr.o)
                0x2000388c                _malloc_r
 .text.memcpy   0x20003988       0x20 c:/isis/application/toolchain/bin/../lib/gcc/arm-none-eabi/4.7.4/../../../../arm-none-eabi/lib\libc_s.a(lib_a-memcpy.o)
                0x20003988                memcpy
 .text._Balloc  0x200039a8       0xcc c:/isis/application/toolchain/bin/../lib/gcc/arm-none-eabi/4.7.4/../../../../arm-none-eabi/lib\libc_s.a(lib_a-mprec.o)
                0x200039a8                _Balloc
 .text._Bfree   0x20003a74       0x5c c:/isis/application/toolchain/bin/../lib/gcc/arm-none-eabi/4.7.4/../../../../arm-none-eabi/lib\libc_s.a(lib_a-mprec.o)
                0x20003a74                _Bfree
 .text.__multadd
                0x20003ad0       0xbc c:/isis/application/toolchain/bin/../lib/gcc/arm-none-eabi/4.7.4/../../../../arm-none-eabi/lib\libc_s.a(lib_a-mprec.o)
                0x20003ad0                __multadd
 .text.__s2b    0x20003b8c       0xd8 c:/isis/application/toolchain/bin/../lib/gcc/arm-none-eabi/4.7.4/../../../../arm-none-eabi/lib\libc_s.a(lib_a-mprec.o)
                0x20003b8c                __s2b
 .text.__hi0bits
                0x20003c64       0x58 c:/isis/application/toolchain/bin/../lib/gcc/arm-none-eabi/4.7.4/../../../../arm-none-eabi/lib\libc_s.a(lib_a-mprec.o)
                0x20003c64                __hi0bits
 .text.__lo0bits
                0x20003cbc       0x94 c:/isis/application/toolchain/bin/../lib/gcc/arm-none-eabi/4.7.4/../../../../arm-none-eabi/lib\libc_s.a(lib_a-mprec.o)
                0x20003cbc                __lo0bits
 .text.__i2b    0x20003d50       0x24 c:/isis/application/toolchain/bin/../lib/gcc/arm-none-eabi/4.7.4/../../../../arm-none-eabi/lib\libc_s.a(lib_a-mprec.o)
                0x20003d50                __i2b
 .text.__multiply
                0x20003d74      0x1ac c:/isis/application/toolchain/bin/../lib/gcc/arm-none-eabi/4.7.4/../../../../arm-none-eabi/lib\libc_s.a(lib_a-mprec.o)
                0x20003d74                __multiply
 .text.__pow5mult
                0x20003f20      0x10c c:/isis/application/toolchain/bin/../lib/gcc/arm-none-eabi/4.7.4/../../../../arm-none-eabi/lib\libc_s.a(lib_a-mprec.o)
                0x20003f20                __pow5mult
 .text.__lshift
                0x2000402c       0xf0 c:/isis/application/toolchain/bin/../lib/gcc/arm-none-eabi/4.7.4/../../../../arm-none-eabi/lib\libc_s.a(lib_a-mprec.o)
                0x2000402c                __lshift
 .text.__mcmp   0x2000411c       0x60 c:/isis/application/toolchain/bin/../lib/gcc/arm-none-eabi/4.7.4/../../../../arm-none-eabi/lib\libc_s.a(lib_a-mprec.o)
                0x2000411c                __mcmp
 .text.__mdiff  0x2000417c      0x128 c:/isis/application/toolchain/bin/../lib/gcc/arm-none-eabi/4.7.4/../../../../arm-none-eabi/lib\libc_s.a(lib_a-mprec.o)
                0x2000417c                __mdiff
 .text.__ulp    0x200042a4       0x5c c:/isis/application/toolchain/bin/../lib/gcc/arm-none-eabi/4.7.4/../../../../arm-none-eabi/lib\libc_s.a(lib_a-mprec.o)
                0x200042a4                __ulp
 .text.__b2d    0x20004300       0xc8 c:/isis/application/toolchain/bin/../lib/gcc/arm-none-eabi/4.7.4/../../../../arm-none-eabi/lib\libc_s.a(lib_a-mprec.o)
                0x20004300                __b2d
 .text.__d2b    0x200043c8       0xfc c:/isis/application/toolchain/bin/../lib/gcc/arm-none-eabi/4.7.4/../../../../arm-none-eabi/lib\libc_s.a(lib_a-mprec.o)
                0x200043c8                __d2b
 .text.__ratio  0x200044c4       0x70 c:/isis/application/toolchain/bin/../lib/gcc/arm-none-eabi/4.7.4/../../../../arm-none-eabi/lib\libc_s.a(lib_a-mprec.o)
                0x200044c4                __ratio
 .text.__copybits
                0x20004534       0x4c c:/isis/application/toolchain/bin/../lib/gcc/arm-none-eabi/4.7.4/../../../../arm-none-eabi/lib\libc_s.a(lib_a-mprec.o)
                0x20004534                __copybits
 .text.__any_on
                0x20004580       0x7c c:/isis/application/toolchain/bin/../lib/gcc/arm-none-eabi/4.7.4/../../../../arm-none-eabi/lib\libc_s.a(lib_a-mprec.o)
                0x20004580                __any_on
 .text.__fpclassifyd
                0x200045fc       0x6c c:/isis/application/toolchain/bin/../lib/gcc/arm-none-eabi/4.7.4/../../../../arm-none-eabi/lib\libc_s.a(lib_a-s_fpclassify.o)
                0x200045fc                __fpclassifyd
 .text._sbrk_r  0x20004668       0x3c c:/isis/application/toolchain/bin/../lib/gcc/arm-none-eabi/4.7.4/../../../../arm-none-eabi/lib\libc_s.a(lib_a-sbrkr.o)
                0x20004668                _sbrk_r
 .text.nanf     0x200046a4        0xc c:/isis/application/toolchain/bin/../lib/gcc/arm-none-eabi/4.7.4/../../../../arm-none-eabi/lib\libc_s.a(lib_a-sf_nan.o)
                0x200046a4                nanf
 .text.sprintf  0x200046b0       0x6c c:/isis/application/toolchain/bin/../lib/gcc/arm-none-eabi/4.7.4/../../../../arm-none-eabi/lib\libc_s.a(lib_a-sprintf.o)
                0x200046b0                siprintf
                0x200046b0                sprintf
 .text.strcmp   0x2000471c       0x1c c:/isis/application/toolchain/bin/../lib/gcc/arm-none-eabi/4.7.4/../../../../arm-none-eabi/lib\libc_s.a(lib_a-strcmp.o)
                0x2000471c                strcmp
 .text.strlen   0x20004738       0x1c c:/isis/application/toolchain/bin/../lib/gcc/arm-none-eabi/4.7.4/../../../../arm-none-eabi/lib\libc_s.a(lib_a-strlen.o)
                0x20004738                strlen
 .text.match    0x20004754       0x54 c:/isis/application/toolchain/bin/../lib/gcc/arm-none-eabi/4.7.4/../../../../arm-none-eabi/lib\libc_s.a(lib_a-strtod.o)
 .text._strtod_r
                0x200047a8     0x1168 c:/isis/application/toolchain/bin/../lib/gcc/arm-none-eabi/4.7.4/../../../../arm-none-eabi/lib\libc_s.a(lib_a-strtod.o)
                0x200047a8                _strtod_r
 .text._strtol_r
                0x20005910      0x1b8 c:/isis/application/toolchain/bin/../lib/gcc/arm-none-eabi/4.7.4/../../../../arm-none-eabi/lib\libc_s.a(lib_a-strtol.o)
                0x20005910                _strtol_r
 .text.__ssputc_r
                0x20005ac8      0x10c c:/isis/application/toolchain/bin/../lib/gcc/arm-none-eabi/4.7.4/../../../../arm-none-eabi/lib\libc_s.a(lib_a-svfprintf.o)
                0x20005ac8                __ssputc_r
 .text._svfprintf_r
                0x20005bd4      0x328 c:/isis/application/toolchain/bin/../lib/gcc/arm-none-eabi/4.7.4/../../../../arm-none-eabi/lib\libc_s.a(lib_a-svfprintf.o)
                0x20005bd4                _svfiprintf_r
                0x20005bd4                _svfprintf_r
 .text._calloc_r
                0x20005efc       0x2c c:/isis/application/toolchain/bin/../lib/gcc/arm-none-eabi/4.7.4/../../../../arm-none-eabi/lib\libc_s.a(lib_a-callocr.o)
                0x20005efc                _calloc_r
 .text._free_r  0x20005f28      0x108 c:/isis/application/toolchain/bin/../lib/gcc/arm-none-eabi/4.7.4/../../../../arm-none-eabi/lib\libc_s.a(lib_a-freer.o)
                0x20005f28                _free_r
 .text.rshift   0x20006030       0xb0 c:/isis/application/toolchain/bin/../lib/gcc/arm-none-eabi/4.7.4/../../../../arm-none-eabi/lib\libc_s.a(lib_a-gdtoa-gethex.o)
 .text.htinit.constprop.0
                0x200060e0       0x34 c:/isis/application/toolchain/bin/../lib/gcc/arm-none-eabi/4.7.4/../../../../arm-none-eabi/lib\libc_s.a(lib_a-gdtoa-gethex.o)
 .text.__hexdig_init
                0x20006114       0x38 c:/isis/application/toolchain/bin/../lib/gcc/arm-none-eabi/4.7.4/../../../../arm-none-eabi/lib\libc_s.a(lib_a-gdtoa-gethex.o)
                0x20006114                __hexdig_init
 .text.__gethex
                0x2000614c      0x6cc c:/isis/application/toolchain/bin/../lib/gcc/arm-none-eabi/4.7.4/../../../../arm-none-eabi/lib\libc_s.a(lib_a-gdtoa-gethex.o)
                0x2000614c                __gethex
 .text.L_shift  0x20006818       0x38 c:/isis/application/toolchain/bin/../lib/gcc/arm-none-eabi/4.7.4/../../../../arm-none-eabi/lib\libc_s.a(lib_a-gdtoa-hexnan.o)
 .text.__hexnan
                0x20006850      0x1d8 c:/isis/application/toolchain/bin/../lib/gcc/arm-none-eabi/4.7.4/../../../../arm-none-eabi/lib\libc_s.a(lib_a-gdtoa-hexnan.o)
                0x20006850                __hexnan
 .text.memchr   0x20006a28       0x34 c:/isis/application/toolchain/bin/../lib/gcc/arm-none-eabi/4.7.4/../../../../arm-none-eabi/lib\libc_s.a(lib_a-memchr.o)
                0x20006a28                memchr
 .text.memset   0x20006a5c       0x1c c:/isis/application/toolchain/bin/../lib/gcc/arm-none-eabi/4.7.4/../../../../arm-none-eabi/lib\libc_s.a(lib_a-memset.o)
                0x20006a5c                memset
 .text._realloc_r
                0x20006a78       0x80 c:/isis/application/toolchain/bin/../lib/gcc/arm-none-eabi/4.7.4/../../../../arm-none-eabi/lib\libc_s.a(lib_a-reallocr.o)
                0x20006a78                _realloc_r
 .text.strncmp  0x20006af8       0x64 c:/isis/application/toolchain/bin/../lib/gcc/arm-none-eabi/4.7.4/../../../../arm-none-eabi/lib\libc_s.a(lib_a-strncmp.o)
                0x20006af8                strncmp
 .text._malloc_usable_size_r
                0x20006b5c       0x1c c:/isis/application/toolchain/bin/../lib/gcc/arm-none-eabi/4.7.4/../../../../arm-none-eabi/lib\libc_s.a(lib_a-msizer.o)
                0x20006b5c                _malloc_usable_size_r
 .text.cmd_error
                0x20006b78       0x38 ./src/sub-systemCode/Main/CMD/COMM_CMD.o
                0x20006b78                cmd_error
 .text.cmd_mute
                0x20006bb0       0xc4 ./src/sub-systemCode/Main/CMD/COMM_CMD.o
                0x20006bb0                cmd_mute
 .text.cmd_unmute
                0x20006c74       0x4c ./src/sub-systemCode/Main/CMD/COMM_CMD.o
                0x20006c74                cmd_unmute
 .text.cmd_active_trans
                0x20006cc0       0xc0 ./src/sub-systemCode/Main/CMD/COMM_CMD.o
                0x20006cc0                cmd_active_trans
 .text.cmd_shut_trans
                0x20006d80       0x38 ./src/sub-systemCode/Main/CMD/COMM_CMD.o
                0x20006d80                cmd_shut_trans
 .text.cmd_change_trans_rssi
                0x20006db8       0xb8 ./src/sub-systemCode/Main/CMD/COMM_CMD.o
                0x20006db8                cmd_change_trans_rssi
 .text.cmd_aprs_dump
                0x20006e70       0x50 ./src/sub-systemCode/Main/CMD/COMM_CMD.o
                0x20006e70                cmd_aprs_dump
 .text.cmd_stop_dump
                0x20006ec0       0x38 ./src/sub-systemCode/Main/CMD/COMM_CMD.o
                0x20006ec0                cmd_stop_dump
 .text.cmd_time_frequency
                0x20006ef8       0xc0 ./src/sub-systemCode/Main/CMD/COMM_CMD.o
                0x20006ef8                cmd_time_frequency
 .text.cmd_upload_volt_logic
                0x20006fb8      0x3d0 ./src/sub-systemCode/Main/CMD/EPS_CMD.o
                0x20006fb8                cmd_upload_volt_logic
 .text.cmd_upload_volt_COMM
                0x20007388      0x1c8 ./src/sub-systemCode/Main/CMD/EPS_CMD.o
                0x20007388                cmd_upload_volt_COMM
 .text.cmd_heater_temp
                0x20007550       0xc0 ./src/sub-systemCode/Main/CMD/EPS_CMD.o
                0x20007550                cmd_heater_temp
 .text.cmd_SHUT_CAM
                0x20007610       0x6c ./src/sub-systemCode/Main/CMD/EPS_CMD.o
                0x20007610                cmd_SHUT_CAM
 .text.cmd_SHUT_ADCS
                0x2000767c       0x6c ./src/sub-systemCode/Main/CMD/EPS_CMD.o
                0x2000767c                cmd_SHUT_ADCS
 .text.cmd_allow_CAM
                0x200076e8       0x6c ./src/sub-systemCode/Main/CMD/EPS_CMD.o
                0x200076e8                cmd_allow_CAM
 .text.cmd_allow_ADCS
                0x20007754       0x6c ./src/sub-systemCode/Main/CMD/EPS_CMD.o
                0x20007754                cmd_allow_ADCS
 .text.cmd_generic_I2C
                0x200077c0       0xb4 ./src/sub-systemCode/Main/CMD/General_CMD.o
                0x200077c0                cmd_generic_I2C
 .text.cmd_dump
                0x20007874       0xf0 ./src/sub-systemCode/Main/CMD/General_CMD.o
                0x20007874                cmd_dump
 .text.cmd_delete_TM
                0x20007964      0x1dc ./src/sub-systemCode/Main/CMD/General_CMD.o
                0x20007964                cmd_delete_TM
 .text.cmd_reset_file
                0x20007b40      0x110 ./src/sub-systemCode/Main/CMD/General_CMD.o
                0x20007b40                cmd_reset_file
 .text.cmd_dummy_func
                0x20007c50       0x40 ./src/sub-systemCode/Main/CMD/General_CMD.o
                0x20007c50                cmd_dummy_func
 .text.cmd_soft_reset_cmponent
                0x20007c90       0xb0 ./src/sub-systemCode/Main/CMD/General_CMD.o
                0x20007c90                cmd_soft_reset_cmponent
 .text.cmd_hard_reset_cmponent
                0x20007d40       0xb0 ./src/sub-systemCode/Main/CMD/General_CMD.o
                0x20007d40                cmd_hard_reset_cmponent
 .text.cmd_reset_satellite
                0x20007df0       0x78 ./src/sub-systemCode/Main/CMD/General_CMD.o
                0x20007df0                cmd_reset_satellite
 .text.cmd_gracefull_reset_satellite
                0x20007e68       0x78 ./src/sub-systemCode/Main/CMD/General_CMD.o
                0x20007e68                cmd_gracefull_reset_satellite
 .text.cmd_upload_time
                0x20007ee0       0xb0 ./src/sub-systemCode/Main/CMD/General_CMD.o
                0x20007ee0                cmd_upload_time
 .text.cmd_ARM_DIARM
                0x20007f90       0xd4 ./src/sub-systemCode/Main/CMD/General_CMD.o
                0x20007f90                cmd_ARM_DIARM
 .text.cmd_reset_delayed_command_list
                0x20008064       0x3c ./src/sub-systemCode/Main/CMD/SW_CMD.o
                0x20008064                cmd_reset_delayed_command_list
 .text.cmd_reset_APRS_list
                0x200080a0       0x3c ./src/sub-systemCode/Main/CMD/SW_CMD.o
                0x200080a0                cmd_reset_APRS_list
 .text.cmd_reset_FRAM
                0x200080dc       0xe8 ./src/sub-systemCode/Main/CMD/SW_CMD.o
                0x200080dc                cmd_reset_FRAM
 .text.ARM_ants
                0x200081c4       0xb8 ./src/sub-systemCode/Main/Ants.o
                0x200081c4                ARM_ants
 .text.DISARM_ants
                0x2000827c       0xb8 ./src/sub-systemCode/Main/Ants.o
                0x2000827c                DISARM_ants
 .text.round_vol
                0x20008334      0x124 ./src/sub-systemCode/Main/EPS.o
                0x20008334                round_vol
 .text.get_shut_ADCS
                0x20008458       0x48 ./src/sub-systemCode/Main/EPS.o
                0x20008458                get_shut_ADCS
 .text.shut_ADCS
                0x200084a0       0x44 ./src/sub-systemCode/Main/EPS.o
                0x200084a0                shut_ADCS
 .text.get_shut_CAM
                0x200084e4       0x48 ./src/sub-systemCode/Main/EPS.o
                0x200084e4                get_shut_CAM
 .text.shut_CAM
                0x2000852c       0x44 ./src/sub-systemCode/Main/EPS.o
                0x2000852c                shut_CAM
 .text.update_powerLines
                0x20008570       0xec ./src/sub-systemCode/Main/EPS.o
                0x20008570                update_powerLines
 .text.init_enterMode
                0x2000865c       0x88 ./src/sub-systemCode/Main/EPS.o
                0x2000865c                init_enterMode
 .text.EPS_Init
                0x200086e4      0x1c8 ./src/sub-systemCode/Main/EPS.o
                0x200086e4                EPS_Init
 .text.reset_FRAM_EPS
                0x200088ac       0xa4 ./src/sub-systemCode/Main/EPS.o
                0x200088ac                reset_FRAM_EPS
 .text.reset_EPS_voltages
                0x20008950       0xbc ./src/sub-systemCode/Main/EPS.o
                0x20008950                reset_EPS_voltages
 .text.battery_downward
                0x20008a0c      0x114 ./src/sub-systemCode/Main/EPS.o
                0x20008a0c                battery_downward
 .text.battery_upward
                0x20008b20      0x120 ./src/sub-systemCode/Main/EPS.o
                0x20008b20                battery_upward
 .text.EPS_Conditioning
                0x20008c40      0x1a4 ./src/sub-systemCode/Main/EPS.o
                0x20008c40                EPS_Conditioning
 .text.overRide_ADCS
                0x20008de4       0x50 ./src/sub-systemCode/Main/EPS.o
                0x20008de4                overRide_ADCS
 .text.overRide_Camera
                0x20008e34       0x38 ./src/sub-systemCode/Main/EPS.o
                0x20008e34                overRide_Camera
 .text.EnterFullMode
                0x20008e6c       0xfc ./src/sub-systemCode/Main/EPS.o
                0x20008e6c                EnterFullMode
 .text.EnterCruiseMode
                0x20008f68       0xec ./src/sub-systemCode/Main/EPS.o
                0x20008f68                EnterCruiseMode
 .text.EnterSafeMode
                0x20009054       0xec ./src/sub-systemCode/Main/EPS.o
                0x20009054                EnterSafeMode
 .text.EnterCriticalMode
                0x20009140       0xd8 ./src/sub-systemCode/Main/EPS.o
                0x20009140                EnterCriticalMode
 .text.find_fileName
                0x20009218      0x59c ./src/sub-systemCode/Main/HouseKeeping.o
                0x20009218                find_fileName
 .text.size_of_element
                0x200097b4       0xd4 ./src/sub-systemCode/Main/HouseKeeping.o
                0x200097b4                size_of_element
 .text.save_ACK
                0x20009888       0xa0 ./src/sub-systemCode/Main/HouseKeeping.o
                0x20009888                save_ACK
 .text.COMM_create_file
                0x20009928       0x74 ./src/sub-systemCode/Main/HouseKeeping.o
                0x20009928                COMM_create_file
 .text.ACK_create_file
                0x2000999c       0x74 ./src/sub-systemCode/Main/HouseKeeping.o
                0x2000999c                ACK_create_file
 .text.EPS_create_file
                0x20009a10       0x74 ./src/sub-systemCode/Main/HouseKeeping.o
                0x20009a10                EPS_create_file
 .text.CAM_create_file
                0x20009a84       0x54 ./src/sub-systemCode/Main/HouseKeeping.o
                0x20009a84                CAM_create_file
 .text.SP_create_file
                0x20009ad8       0x54 ./src/sub-systemCode/Main/HouseKeeping.o
                0x20009ad8                SP_create_file
 .text.create_files
                0x20009b2c       0x48 ./src/sub-systemCode/Main/HouseKeeping.o
                0x20009b2c                create_files
 .text.EPS_HK_raw_BigEnE
                0x20009b74      0x194 ./src/sub-systemCode/Main/HouseKeeping.o
                0x20009b74                EPS_HK_raw_BigEnE
 .text.CAM_HK_raw_BigEnE
                0x20009d08      0x194 ./src/sub-systemCode/Main/HouseKeeping.o
                0x20009d08                CAM_HK_raw_BigEnE
 .text.COMM_HK_raw_BigEnE
                0x20009e9c      0x194 ./src/sub-systemCode/Main/HouseKeeping.o
                0x20009e9c                COMM_HK_raw_BigEnE
 .text.ADCS_HK_raw_BigEnE
                0x2000a030      0x194 ./src/sub-systemCode/Main/HouseKeeping.o
                0x2000a030                ADCS_HK_raw_BigEnE
 .text.ADCS_SC_raw_BigEnE
                0x2000a1c4      0x188 ./src/sub-systemCode/Main/HouseKeeping.o
                0x2000a1c4                ADCS_SC_raw_BigEnE
 .text.build_HK_spl_packet
                0x2000a34c      0x990 ./src/sub-systemCode/Main/HouseKeeping.o
                0x2000a34c                build_HK_spl_packet
 .text.test_menu
                0x2000acdc       0xd8 ./src/sub-systemCode/Main/Main_Init.o
                0x2000acdc                test_menu
 .text.numberOfRestarts
                0x2000adb4       0x94 ./src/sub-systemCode/Main/Main_Init.o
                0x2000adb4                numberOfRestarts
 .text.StartFRAM
                0x2000ae48       0x38 ./src/sub-systemCode/Main/Main_Init.o
                0x2000ae48                StartFRAM
 .text.StartI2C
                0x2000ae80       0x44 ./src/sub-systemCode/Main/Main_Init.o
                0x2000ae80                StartI2C
 .text.StartSPI
                0x2000aec4       0x40 ./src/sub-systemCode/Main/Main_Init.o
                0x2000aec4                StartSPI
 .text.StartTIME
                0x2000af04      0x118 ./src/sub-systemCode/Main/Main_Init.o
                0x2000af04                StartTIME
 .text.first_activation
                0x2000b01c       0x78 ./src/sub-systemCode/Main/Main_Init.o
                0x2000b01c                first_activation
 .text.InitSubsystems
                0x2000b094       0x68 ./src/sub-systemCode/Main/Main_Init.o
                0x2000b094                InitSubsystems
 .text.SubSystemTaskStart
                0x2000b0fc       0x58 ./src/sub-systemCode/Main/Main_Init.o
                0x2000b0fc                SubSystemTaskStart
 .text.copy_command
                0x2000b154       0x80 ./src/sub-systemCode/Main/commands.o
                0x2000b154                copy_command
 .text.reset_command
                0x2000b1d4       0x28 ./src/sub-systemCode/Main/commands.o
                0x2000b1d4                reset_command
 .text.init_command
                0x2000b1fc       0xd4 ./src/sub-systemCode/Main/commands.o
                0x2000b1fc                init_command
 .text.get_command
                0x2000b2d0      0x1cc ./src/sub-systemCode/Main/commands.o
                0x2000b2d0                get_command
 .text.act_upon_command
                0x2000b49c      0x200 ./src/sub-systemCode/Main/commands.o
                0x2000b49c                act_upon_command
 .text.AUC_COMM
                0x2000b69c      0x200 ./src/sub-systemCode/Main/commands.o
                0x2000b69c                AUC_COMM
 .text.AUC_general
                0x2000b89c      0x17c ./src/sub-systemCode/Main/commands.o
                0x2000b89c                AUC_general
 .text.AUC_payload
                0x2000ba18      0x110 ./src/sub-systemCode/Main/commands.o
                0x2000ba18                AUC_payload
 .text.AUC_EPS  0x2000bb28      0x248 ./src/sub-systemCode/Main/commands.o
                0x2000bb28                AUC_EPS
 .text.AUC_ADCS
                0x2000bd70       0x5c ./src/sub-systemCode/Main/commands.o
                0x2000bd70                AUC_ADCS
 .text.AUC_GS   0x2000bdcc      0x1fc ./src/sub-systemCode/Main/commands.o
                0x2000bdcc                AUC_GS
 .text.AUC_SW   0x2000bfc8       0xe4 ./src/sub-systemCode/Main/commands.o
                0x2000bfc8                AUC_SW
 .text.AUC_special_operation
                0x2000c0ac       0x8c ./src/sub-systemCode/Main/commands.o
                0x2000c0ac                AUC_special_operation
 .text.check_int
                0x2000c138       0x3c ./src/sub-systemCode/Global/Global.o
                0x2000c138                check_int
 .text.check_portBASE_TYPE
                0x2000c174       0x3c ./src/sub-systemCode/Global/Global.o
                0x2000c174                check_portBASE_TYPE
 .text.soft_reset_subsystem
                0x2000c1b0       0xd8 ./src/sub-systemCode/Global/Global.o
                0x2000c1b0                soft_reset_subsystem
 .text.hard_reset_subsystem
                0x2000c288       0xfc ./src/sub-systemCode/Global/Global.o
                0x2000c288                hard_reset_subsystem
 .text.BigEnE_raw_to_uInt
                0x2000c384       0x94 ./src/sub-systemCode/Global/Global.o
                0x2000c384                BigEnE_raw_to_uInt
 .text.BigEnE_raw_to_uShort
                0x2000c418       0x50 ./src/sub-systemCode/Global/Global.o
                0x2000c418                BigEnE_raw_to_uShort
 .text.BigEnE_uInt_to_raw
                0x2000c468       0x78 ./src/sub-systemCode/Global/Global.o
                0x2000c468                BigEnE_uInt_to_raw
 .text.reset_FRAM_MAIN
                0x2000c4e0      0x19c ./src/sub-systemCode/Global/Global.o
                0x2000c4e0                reset_FRAM_MAIN
 .text.init_GP  0x2000c67c      0x300 ./src/sub-systemCode/Global/GlobalParam.o
                0x2000c67c                init_GP
 .text.get_system_state
                0x2000c97c      0x268 ./src/sub-systemCode/Global/GlobalParam.o
                0x2000c97c                get_system_state
 .text.set_system_state
                0x2000cbe4      0x298 ./src/sub-systemCode/Global/GlobalParam.o
                0x2000cbe4                set_system_state
 .text.set_Vbatt
                0x2000ce7c       0x8c ./src/sub-systemCode/Global/GlobalParam.o
                0x2000ce7c                set_Vbatt
 .text.get_Vbatt
                0x2000cf08       0x8c ./src/sub-systemCode/Global/GlobalParam.o
                0x2000cf08                get_Vbatt
 .text.get_ST   0x2000cf94       0x8c ./src/sub-systemCode/Global/GlobalParam.o
                0x2000cf94                get_ST
 .text.set_numOfAPRS
                0x2000d020       0x8c ./src/sub-systemCode/Global/GlobalParam.o
                0x2000d020                set_numOfAPRS
 .text.set_numOfResets
                0x2000d0ac       0xac ./src/sub-systemCode/Global/GlobalParam.o
                0x2000d0ac                set_numOfResets
 .text.IsisAntS_getStatusData_sideA
                0x2000d158       0x3c ./src/sub-systemCode/Global/OnlineTM.o
                0x2000d158                IsisAntS_getStatusData_sideA
 .text.IsisAntS_getAlltelemetry_sideA
                0x2000d194       0x3c ./src/sub-systemCode/Global/OnlineTM.o
                0x2000d194                IsisAntS_getAlltelemetry_sideA
 .text.IsisAntS_getStatusData_sideB
                0x2000d1d0       0x3c ./src/sub-systemCode/Global/OnlineTM.o
                0x2000d1d0                IsisAntS_getStatusData_sideB
 .text.IsisAntS_getAlltelemetry_sideB
                0x2000d20c       0x3c ./src/sub-systemCode/Global/OnlineTM.o
                0x2000d20c                IsisAntS_getAlltelemetry_sideB
 .text.IsisAntS_getTemperature_sideB
                0x2000d248       0x3c ./src/sub-systemCode/Global/OnlineTM.o
                0x2000d248                IsisAntS_getTemperature_sideB
 .text.init_onlineParam
                0x2000d284      0xc8c ./src/sub-systemCode/Global/OnlineTM.o
                0x2000d284                init_onlineParam
 .text.get_online_packet
                0x2000df10      0x254 ./src/sub-systemCode/Global/OnlineTM.o
                0x2000df10                get_online_packet
 .text.save_onlineTM_param
                0x2000e164      0x1d8 ./src/sub-systemCode/Global/OnlineTM.o
                0x2000e164                save_onlineTM_param
 .text.add_onlineTM_param_to_save_list
                0x2000e33c      0x214 ./src/sub-systemCode/Global/OnlineTM.o
                0x2000e33c                add_onlineTM_param_to_save_list
 .text.delete_onlineTM_param_to_save_list
                0x2000e550      0x15c ./src/sub-systemCode/Global/OnlineTM.o
                0x2000e550                delete_onlineTM_param_to_save_list
 .text.save_onlineTM_task
                0x2000e6ac      0x1a0 ./src/sub-systemCode/Global/OnlineTM.o
                0x2000e6ac                save_onlineTM_task
 .text.delete_allTMFilesFromSD
                0x2000e84c       0xf8 ./src/sub-systemCode/Global/TM_managment.o
                0x2000e84c                delete_allTMFilesFromSD
 .text.getNumOfFilesInFS
                0x2000e944       0x44 ./src/sub-systemCode/Global/TM_managment.o
 .text.setNumOfFilesInFS
                0x2000e988       0x50 ./src/sub-systemCode/Global/TM_managment.o
 .text.InitializeFS
                0x2000e9d8      0x174 ./src/sub-systemCode/Global/TM_managment.o
                0x2000e9d8                InitializeFS
 .text.c_fileCreate
                0x2000eb4c       0xf4 ./src/sub-systemCode/Global/TM_managment.o
                0x2000eb4c                c_fileCreate
 .text.writewithEpochtime
                0x2000ec40       0x9c ./src/sub-systemCode/Global/TM_managment.o
 .text.get_C_FILE_struct
                0x2000ecdc      0x104 ./src/sub-systemCode/Global/TM_managment.o
 .text.getFileIndex
                0x2000ede0       0x4c ./src/sub-systemCode/Global/TM_managment.o
 .text.get_file_name_by_index
                0x2000ee2c       0x54 ./src/sub-systemCode/Global/TM_managment.o
                0x2000ee2c                get_file_name_by_index
 .text.c_fileReset
                0x2000ee80       0xbc ./src/sub-systemCode/Global/TM_managment.o
                0x2000ee80                c_fileReset
 .text.c_fileWrite
                0x2000ef3c      0x11c ./src/sub-systemCode/Global/TM_managment.o
                0x2000ef3c                c_fileWrite
 .text.c_fileRead
                0x2000f058      0x28c ./src/sub-systemCode/Global/TM_managment.o
                0x2000f058                c_fileRead
 .text.reset_APRS_list
                0x2000f2e4       0xa4 ./src/sub-systemCode/COMM/APRS.o
                0x2000f2e4                reset_APRS_list
 .text.send_APRS_Dump
                0x2000f388      0x1c4 ./src/sub-systemCode/COMM/APRS.o
                0x2000f388                send_APRS_Dump
 .text.reset_delayCommand
                0x2000f54c       0x8c ./src/sub-systemCode/COMM/DelayedCommand_list.o
                0x2000f54c                reset_delayCommand
 .text.encode_TMpacket
                0x2000f5d8      0x104 ./src/sub-systemCode/COMM/GSC.o
                0x2000f5d8                encode_TMpacket
 .text.build_data_field_ACK
                0x2000f6dc       0x74 ./src/sub-systemCode/COMM/GSC.o
                0x2000f6dc                build_data_field_ACK
 .text.print_TM_spl_packet
                0x2000f750       0xdc ./src/sub-systemCode/COMM/GSC.o
                0x2000f750                print_TM_spl_packet
 .text.init_trxvu
                0x2000f82c      0x134 ./src/sub-systemCode/COMM/TRXVU.o
                0x2000f82c                init_trxvu
 .text.dump_logic
                0x2000f960      0x2ec ./src/sub-systemCode/COMM/TRXVU.o
                0x2000f960                dump_logic
 .text.Dump_task
                0x2000fc4c      0x16c ./src/sub-systemCode/COMM/TRXVU.o
                0x2000fc4c                Dump_task
 .text.transponder_logic
                0x2000fdb8       0xbc ./src/sub-systemCode/COMM/TRXVU.o
                0x2000fdb8                transponder_logic
 .text.Transponder_task
                0x2000fe74      0x1e0 ./src/sub-systemCode/COMM/TRXVU.o
                0x2000fe74                Transponder_task
 .text.lookForRequestToDelete_transponder
                0x20010054       0xac ./src/sub-systemCode/COMM/TRXVU.o
                0x20010054                lookForRequestToDelete_transponder
 .text.lookForRequestToDelete_dump
                0x20010100       0x7c ./src/sub-systemCode/COMM/TRXVU.o
                0x20010100                lookForRequestToDelete_dump
 .text.sendRequestToStop_dump
                0x2001017c       0x8c ./src/sub-systemCode/COMM/TRXVU.o
                0x2001017c                sendRequestToStop_dump
 .text.sendRequestToStop_transponder
                0x20010208       0x98 ./src/sub-systemCode/COMM/TRXVU.o
                0x20010208                sendRequestToStop_transponder
 .text.reset_FRAM_TRXVU
                0x200102a0       0xc0 ./src/sub-systemCode/COMM/TRXVU.o
                0x200102a0                reset_FRAM_TRXVU
 .text.TRX_sendFrame
                0x20010360      0x23c ./src/sub-systemCode/COMM/TRXVU.o
                0x20010360                TRX_sendFrame
 .text.mute_Tx  0x2001059c       0x20 ./src/sub-systemCode/COMM/TRXVU.o
                0x2001059c                mute_Tx
 .text.unmute_Tx
                0x200105bc       0x54 ./src/sub-systemCode/COMM/TRXVU.o
                0x200105bc                unmute_Tx
 .text.set_mute_time
                0x20010610       0xb4 ./src/sub-systemCode/COMM/TRXVU.o
                0x20010610                set_mute_time
 .text.change_TRXVU_state
                0x200106c4       0x98 ./src/sub-systemCode/COMM/TRXVU.o
                0x200106c4                change_TRXVU_state
 .text.change_trans_RSSI
                0x2001075c       0x60 ./src/sub-systemCode/COMM/TRXVU.o
                0x2001075c                change_trans_RSSI
 .text.init_adcs
                0x200107bc      0x104 ./src/sub-systemCode/ADCS/ADCS.o
                0x200107bc                init_adcs
 .text.telemtryStart
                0x200108c0      0x16c ./src/sub-systemCode/ADCS/Stage_Table.o
                0x200108c0                telemtryStart
 .text.powerStart
                0x20010a2c       0x5c ./src/sub-systemCode/ADCS/Stage_Table.o
                0x20010a2c                powerStart
 .text.createTable
                0x20010a88       0xb4 ./src/sub-systemCode/ADCS/Stage_Table.o
                0x20010a88                createTable
 .text.buildControlMode
                0x20010b3c       0x60 ./src/sub-systemCode/ADCS/Stage_Table.o
                0x20010b3c                buildControlMode
 .text.Check_Table
                0x20010b9c      0x178 ./src/sub-systemCode/ADCS/Stage_Table.o
                0x20010b9c                Check_Table
 .text.updateTable
                0x20010d14      0x1f0 ./src/sub-systemCode/ADCS/Stage_Table.o
                0x20010d14                updateTable
 .text.translateCommandFULL
                0x20010f04       0x78 ./src/sub-systemCode/ADCS/Stage_Table.o
                0x20010f04                translateCommandFULL
 .text.getTableTo
                0x20010f7c       0x64 ./src/sub-systemCode/ADCS/Stage_Table.o
                0x20010f7c                getTableTo
 .text.save_time
                0x20010fe0       0x9c ./src/main.o
                0x20010fe0                save_time
 .text.Command_logic
                0x2001107c       0x6c ./src/main.o
                0x2001107c                Command_logic
 .text.online_test_menu
                0x200110e8      0x28c ./src/main.o
                0x200110e8                online_test_menu
 .text.taskMain
                0x20011374       0x78 ./src/main.o
                0x20011374                taskMain
 .text.main     0x200113ec       0xb8 ./src/main.o
                0x200113ec                main
 .text.GomEpsInitialize
                0x200114a4      0x148 C:/Hoopoe3/satellite-subsystems/demo/..//satellite-subsystems/lib\libSatelliteSubsystemsD.a(GomEPS.o)
                0x200114a4                GomEpsInitialize
 .text.makeEPStransfer
                0x200115ec       0x3c C:/Hoopoe3/satellite-subsystems/demo/..//satellite-subsystems/lib\libSatelliteSubsystemsD.a(GomEPS.o)
 .text.GomEpsSoftReset
                0x20011628       0xc4 C:/Hoopoe3/satellite-subsystems/demo/..//satellite-subsystems/lib\libSatelliteSubsystemsD.a(GomEPS.o)
                0x20011628                GomEpsSoftReset
 .text.GomEpsHardReset
                0x200116ec       0xa8 C:/Hoopoe3/satellite-subsystems/demo/..//satellite-subsystems/lib\libSatelliteSubsystemsD.a(GomEPS.o)
                0x200116ec                GomEpsHardReset
 .text.GomEpsGetHkData_param
                0x20011794      0x29c C:/Hoopoe3/satellite-subsystems/demo/..//satellite-subsystems/lib\libSatelliteSubsystemsD.a(GomEPS.o)
                0x20011794                GomEpsGetHkData_param
 .text.GomEpsGetHkData_general
                0x20011a30      0x45c C:/Hoopoe3/satellite-subsystems/demo/..//satellite-subsystems/lib\libSatelliteSubsystemsD.a(GomEPS.o)
                0x20011a30                GomEpsGetHkData_general
 .text.GomEpsGetHkData_vi
                0x20011e8c      0x188 C:/Hoopoe3/satellite-subsystems/demo/..//satellite-subsystems/lib\libSatelliteSubsystemsD.a(GomEPS.o)
                0x20011e8c                GomEpsGetHkData_vi
 .text.GomEpsGetHkData_out
                0x20012014      0x21c C:/Hoopoe3/satellite-subsystems/demo/..//satellite-subsystems/lib\libSatelliteSubsystemsD.a(GomEPS.o)
                0x20012014                GomEpsGetHkData_out
 .text.GomEpsGetHkData_wdt
                0x20012230      0x2b4 C:/Hoopoe3/satellite-subsystems/demo/..//satellite-subsystems/lib\libSatelliteSubsystemsD.a(GomEPS.o)
                0x20012230                GomEpsGetHkData_wdt
 .text.GomEpsGetHkData_basic
                0x200124e4      0x22c C:/Hoopoe3/satellite-subsystems/demo/..//satellite-subsystems/lib\libSatelliteSubsystemsD.a(GomEPS.o)
                0x200124e4                GomEpsGetHkData_basic
 .text.GomEpsSetOutput
                0x20012710       0xbc C:/Hoopoe3/satellite-subsystems/demo/..//satellite-subsystems/lib\libSatelliteSubsystemsD.a(GomEPS.o)
                0x20012710                GomEpsSetOutput
 .text.GomEpsConfigGet
                0x200127cc      0x16c C:/Hoopoe3/satellite-subsystems/demo/..//satellite-subsystems/lib\libSatelliteSubsystemsD.a(GomEPS.o)
                0x200127cc                GomEpsConfigGet
 .text.GomEpsConfigSet
                0x20012938      0x184 C:/Hoopoe3/satellite-subsystems/demo/..//satellite-subsystems/lib\libSatelliteSubsystemsD.a(GomEPS.o)
                0x20012938                GomEpsConfigSet
 .text.GomEpsConfig2Get
                0x20012abc      0x16c C:/Hoopoe3/satellite-subsystems/demo/..//satellite-subsystems/lib\libSatelliteSubsystemsD.a(GomEPS.o)
                0x20012abc                GomEpsConfig2Get
 .text.makeAntStransfer
                0x20012c28       0x4c C:/Hoopoe3/satellite-subsystems/demo/..//satellite-subsystems/lib\libSatelliteSubsystemsD.a(IsisAntS.o)
 .text.checkInputsValid
                0x20012c74       0x7c C:/Hoopoe3/satellite-subsystems/demo/..//satellite-subsystems/lib\libSatelliteSubsystemsD.a(IsisAntS.o)
 .text.IsisAntS_setArmStatus
                0x20012cf0      0x104 C:/Hoopoe3/satellite-subsystems/demo/..//satellite-subsystems/lib\libSatelliteSubsystemsD.a(IsisAntS.o)
                0x20012cf0                IsisAntS_setArmStatus
 .text.IsisAntS_getStatusData
                0x20012df4      0x120 C:/Hoopoe3/satellite-subsystems/demo/..//satellite-subsystems/lib\libSatelliteSubsystemsD.a(IsisAntS.o)
                0x20012df4                IsisAntS_getStatusData
 .text.IsisAntS_getTemperature
                0x20012f14      0x120 C:/Hoopoe3/satellite-subsystems/demo/..//satellite-subsystems/lib\libSatelliteSubsystemsD.a(IsisAntS.o)
                0x20012f14                IsisAntS_getTemperature
 .text.IsisAntS_getAlltelemetry
                0x20013034      0x120 C:/Hoopoe3/satellite-subsystems/demo/..//satellite-subsystems/lib\libSatelliteSubsystemsD.a(IsisAntS.o)
                0x20013034                IsisAntS_getAlltelemetry
 .text.IsisAntS_reset
                0x20013154      0x104 C:/Hoopoe3/satellite-subsystems/demo/..//satellite-subsystems/lib\libSatelliteSubsystemsD.a(IsisAntS.o)
                0x20013154                IsisAntS_reset
 .text.IsisSolarPanelv2_initialize
                0x20013258       0xb4 C:/Hoopoe3/satellite-subsystems/demo/..//satellite-subsystems/lib\libSatelliteSubsystemsD.a(IsisSolarPanelv2.o)
                0x20013258                IsisSolarPanelv2_initialize
 .text.IsisSolarPanelv2_sleep
                0x2001330c       0xbc C:/Hoopoe3/satellite-subsystems/demo/..//satellite-subsystems/lib\libSatelliteSubsystemsD.a(IsisSolarPanelv2.o)
                0x2001330c                IsisSolarPanelv2_sleep
 .text._Reset   0x200133c8       0x20 C:/Hoopoe3/satellite-subsystems/demo/..//satellite-subsystems/lib\libSatelliteSubsystemsD.a(IsisSolarPanelv2.o)
 .text._WaitForStartup
                0x200133e8       0x90 C:/Hoopoe3/satellite-subsystems/demo/..//satellite-subsystems/lib\libSatelliteSubsystemsD.a(IsisSolarPanelv2.o)
 .text._AssignAllChannels
                0x20013478       0x90 C:/Hoopoe3/satellite-subsystems/demo/..//satellite-subsystems/lib\libSatelliteSubsystemsD.a(IsisSolarPanelv2.o)
 .text._AssignThisChannel
                0x20013508       0xe8 C:/Hoopoe3/satellite-subsystems/demo/..//satellite-subsystems/lib\libSatelliteSubsystemsD.a(IsisSolarPanelv2.o)
 .text._ExtractByte
                0x200135f0       0x38 C:/Hoopoe3/satellite-subsystems/demo/..//satellite-subsystems/lib\libSatelliteSubsystemsD.a(IsisSolarPanelv2.o)
 .text._PinsInit
                0x20013628       0x50 C:/Hoopoe3/satellite-subsystems/demo/..//satellite-subsystems/lib\libSatelliteSubsystemsD.a(IsisSolarPanelv2.o)
 .text._SpiWriteRead
                0x20013678       0x70 C:/Hoopoe3/satellite-subsystems/demo/..//satellite-subsystems/lib\libSatelliteSubsystemsD.a(IsisSolarPanelv2.o)
 .text.IsisTrxvu_initialize
                0x200136e8      0x2f4 C:/Hoopoe3/satellite-subsystems/demo/..//satellite-subsystems/lib\libSatelliteSubsystemsD.a(IsisTRXVU.o)
                0x200136e8                IsisTrxvu_initialize
 .text.makeTRXVUtransfer
                0x200139dc       0x44 C:/Hoopoe3/satellite-subsystems/demo/..//satellite-subsystems/lib\libSatelliteSubsystemsD.a(IsisTRXVU.o)
 .text.IsisTrxvu_componentSoftReset
                0x20013a20       0x6c C:/Hoopoe3/satellite-subsystems/demo/..//satellite-subsystems/lib\libSatelliteSubsystemsD.a(IsisTRXVU.o)
                0x20013a20                IsisTrxvu_componentSoftReset
 .text.IsisTrxvu_componentHardReset
                0x20013a8c       0xc8 C:/Hoopoe3/satellite-subsystems/demo/..//satellite-subsystems/lib\libSatelliteSubsystemsD.a(IsisTRXVU.o)
                0x20013a8c                IsisTrxvu_componentHardReset
 .text.IsisTrxvu_softReset
                0x20013b54       0x74 C:/Hoopoe3/satellite-subsystems/demo/..//satellite-subsystems/lib\libSatelliteSubsystemsD.a(IsisTRXVU.o)
                0x20013b54                IsisTrxvu_softReset
 .text.IsisTrxvu_hardReset
                0x20013bc8       0x74 C:/Hoopoe3/satellite-subsystems/demo/..//satellite-subsystems/lib\libSatelliteSubsystemsD.a(IsisTRXVU.o)
                0x20013bc8                IsisTrxvu_hardReset
 .text.IsisTrxvu_tcSendAX25DefClSign
                0x20013c3c       0xec C:/Hoopoe3/satellite-subsystems/demo/..//satellite-subsystems/lib\libSatelliteSubsystemsD.a(IsisTRXVU.o)
                0x20013c3c                IsisTrxvu_tcSendAX25DefClSign
 .text.IsisTrxvu_tcSetIdlestate
                0x20013d28       0xa4 C:/Hoopoe3/satellite-subsystems/demo/..//satellite-subsystems/lib\libSatelliteSubsystemsD.a(IsisTRXVU.o)
                0x20013d28                IsisTrxvu_tcSetIdlestate
 .text.IsisTrxvu_tcSetAx25Bitrate
                0x20013dcc       0xc4 C:/Hoopoe3/satellite-subsystems/demo/..//satellite-subsystems/lib\libSatelliteSubsystemsD.a(IsisTRXVU.o)
                0x20013dcc                IsisTrxvu_tcSetAx25Bitrate
 .text.IsisTrxvu_tcGetTelemetryAll
                0x20013e90       0xd0 C:/Hoopoe3/satellite-subsystems/demo/..//satellite-subsystems/lib\libSatelliteSubsystemsD.a(IsisTRXVU.o)
                0x20013e90                IsisTrxvu_tcGetTelemetryAll
 .text.IsisTrxvu_tcGetTelemetryAll_revC
                0x20013f60       0xd0 C:/Hoopoe3/satellite-subsystems/demo/..//satellite-subsystems/lib\libSatelliteSubsystemsD.a(IsisTRXVU.o)
                0x20013f60                IsisTrxvu_tcGetTelemetryAll_revC
 .text.IsisTrxvu_rcGetTelemetryAll
                0x20014030       0xd0 C:/Hoopoe3/satellite-subsystems/demo/..//satellite-subsystems/lib\libSatelliteSubsystemsD.a(IsisTRXVU.o)
                0x20014030                IsisTrxvu_rcGetTelemetryAll
 .text.IsisTrxvu_rcGetTelemetryAll_revC
                0x20014100       0xec C:/Hoopoe3/satellite-subsystems/demo/..//satellite-subsystems/lib\libSatelliteSubsystemsD.a(IsisTRXVU.o)
                0x20014100                IsisTrxvu_rcGetTelemetryAll_revC
 .text.cspaceADCS_initialize
                0x200141ec      0x18c C:/Hoopoe3/satellite-subsystems/demo/..//satellite-subsystems/lib\libSatelliteSubsystemsD.a(cspaceADCS.o)
                0x200141ec                cspaceADCS_initialize
 .text.make_cspaceADCStransfer
                0x20014378      0x1b4 C:/Hoopoe3/satellite-subsystems/demo/..//satellite-subsystems/lib\libSatelliteSubsystemsD.a(cspaceADCS.o)
 .text.cspaceADCS_componentReset
                0x2001452c       0xbc C:/Hoopoe3/satellite-subsystems/demo/..//satellite-subsystems/lib\libSatelliteSubsystemsD.a(cspaceADCS.o)
                0x2001452c                cspaceADCS_componentReset
 .text.cspaceADCS_setRunMode
                0x200145e8       0xbc C:/Hoopoe3/satellite-subsystems/demo/..//satellite-subsystems/lib\libSatelliteSubsystemsD.a(cspaceADCS.o)
                0x200145e8                cspaceADCS_setRunMode
 .text.cspaceADCS_setPwrCtrlDevice
                0x200146a4       0xd0 C:/Hoopoe3/satellite-subsystems/demo/..//satellite-subsystems/lib\libSatelliteSubsystemsD.a(cspaceADCS.o)
                0x200146a4                cspaceADCS_setPwrCtrlDevice
 .text.cspaceADCS_setAttCtrlMode
                0x20014774       0xd0 C:/Hoopoe3/satellite-subsystems/demo/..//satellite-subsystems/lib\libSatelliteSubsystemsD.a(cspaceADCS.o)
                0x20014774                cspaceADCS_setAttCtrlMode
 .text.cspaceADCS_setAttEstMode
                0x20014844       0xbc C:/Hoopoe3/satellite-subsystems/demo/..//satellite-subsystems/lib\libSatelliteSubsystemsD.a(cspaceADCS.o)
                0x20014844                cspaceADCS_setAttEstMode
 .text.cspaceADCS_getCurrentState
                0x20014900       0xc4 C:/Hoopoe3/satellite-subsystems/demo/..//satellite-subsystems/lib\libSatelliteSubsystemsD.a(cspaceADCS.o)
                0x20014900                cspaceADCS_getCurrentState
 .text.cspaceADCS_getPwrCtrlDevice
                0x200149c4       0xc4 C:/Hoopoe3/satellite-subsystems/demo/..//satellite-subsystems/lib\libSatelliteSubsystemsD.a(cspaceADCS.o)
                0x200149c4                cspaceADCS_getPwrCtrlDevice
 .text.makeTRXCommonTransfer
                0x20014a88       0x34 C:/Hoopoe3/satellite-subsystems/demo/..//satellite-subsystems/lib\libSatelliteSubsystemsD.a(IsisTRXCommon.o)
 .text.IsisTrxCommon_componentReset
                0x20014abc       0x68 C:/Hoopoe3/satellite-subsystems/demo/..//satellite-subsystems/lib\libSatelliteSubsystemsD.a(IsisTRXCommon.o)
                0x20014abc                IsisTrxCommon_componentReset
 .text.IsisTrxCommon_TxSendAX25DefClSign
                0x20014b24       0xf4 C:/Hoopoe3/satellite-subsystems/demo/..//satellite-subsystems/lib\libSatelliteSubsystemsD.a(IsisTRXCommon.o)
                0x20014b24                IsisTrxCommon_TxSendAX25DefClSign
 .text.IsisTrxCommon_TxSetIdlestate
                0x20014c18       0x78 C:/Hoopoe3/satellite-subsystems/demo/..//satellite-subsystems/lib\libSatelliteSubsystemsD.a(IsisTRXCommon.o)
                0x20014c18                IsisTrxCommon_TxSetIdlestate
 .text.IsisTrxCommon_TxSetAx25Bitrate
                0x20014c90       0x78 C:/Hoopoe3/satellite-subsystems/demo/..//satellite-subsystems/lib\libSatelliteSubsystemsD.a(IsisTRXCommon.o)
                0x20014c90                IsisTrxCommon_TxSetAx25Bitrate
 .text.IsisTrxCommon_RxGetTelemetryAll_revC
                0x20014d08       0x8c C:/Hoopoe3/satellite-subsystems/demo/..//satellite-subsystems/lib\libSatelliteSubsystemsD.a(IsisTRXCommon.o)
                0x20014d08                IsisTrxCommon_RxGetTelemetryAll_revC
 .text.fn_init  0x20014d94      0x2e0 C:/Hoopoe3/satellite-subsystems/demo/../..//hal/hcc/lib\libHCCD.a(fat_common.o)
                0x20014d94                fn_init
 .text._f_get16bitl
                0x20015074       0x4c C:/Hoopoe3/satellite-subsystems/demo/../..//hal/hcc/lib\libHCCD.a(fat_common.o)
                0x20015074                _f_get16bitl
 .text._f_set16bitl
                0x200150c0       0x54 C:/Hoopoe3/satellite-subsystems/demo/../..//hal/hcc/lib\libHCCD.a(fat_common.o)
                0x200150c0                _f_set16bitl
 .text._f_get32bitl
                0x20015114       0x68 C:/Hoopoe3/satellite-subsystems/demo/../..//hal/hcc/lib\libHCCD.a(fat_common.o)
                0x20015114                _f_get32bitl
 .text._f_set32bitl
                0x2001517c       0x78 C:/Hoopoe3/satellite-subsystems/demo/../..//hal/hcc/lib\libHCCD.a(fat_common.o)
                0x2001517c                _f_set32bitl
 .text._get8bit
                0x200151f4       0xa0 C:/Hoopoe3/satellite-subsystems/demo/../..//hal/hcc/lib\libHCCD.a(fat_common.o)
 .text._get16bitl
                0x20015294       0x40 C:/Hoopoe3/satellite-subsystems/demo/../..//hal/hcc/lib\libHCCD.a(fat_common.o)
 .text._get32bitl
                0x200152d4       0x3c C:/Hoopoe3/satellite-subsystems/demo/../..//hal/hcc/lib\libHCCD.a(fat_common.o)
 .text._f_setcardremoved
                0x20015310       0x94 C:/Hoopoe3/satellite-subsystems/demo/../..//hal/hcc/lib\libHCCD.a(fat_common.o)
 .text._f_checkstatus
                0x200153a4      0x104 C:/Hoopoe3/satellite-subsystems/demo/../..//hal/hcc/lib\libHCCD.a(fat_common.o)
                0x200153a4                _f_checkstatus
 .text._f_drvgetphy
                0x200154a8      0x114 C:/Hoopoe3/satellite-subsystems/demo/../..//hal/hcc/lib\libHCCD.a(fat_common.o)
 .text._f_drvwritesector
                0x200155bc       0xdc C:/Hoopoe3/satellite-subsystems/demo/../..//hal/hcc/lib\libHCCD.a(fat_common.o)
 .text._f_drvreadsector
                0x20015698       0xa8 C:/Hoopoe3/satellite-subsystems/demo/../..//hal/hcc/lib\libHCCD.a(fat_common.o)
 .text._f_writesector
                0x20015740      0x23c C:/Hoopoe3/satellite-subsystems/demo/../..//hal/hcc/lib\libHCCD.a(fat_common.o)
                0x20015740                _f_writesector
 .text._f_readsector
                0x2001597c      0x1dc C:/Hoopoe3/satellite-subsystems/demo/../..//hal/hcc/lib\libHCCD.a(fat_common.o)
                0x2001597c                _f_readsector
 .text._f_getmaxcluster
                0x20015b58       0x94 C:/Hoopoe3/satellite-subsystems/demo/../..//hal/hcc/lib\libHCCD.a(fat_common.o)
                0x20015b58                _f_getmaxcluster
 .text._getsectorfromcluster
                0x20015bec       0x68 C:/Hoopoe3/satellite-subsystems/demo/../..//hal/hcc/lib\libHCCD.a(fat_common.o)
 .text._f_buildsectors
                0x20015c54      0x268 C:/Hoopoe3/satellite-subsystems/demo/../..//hal/hcc/lib\libHCCD.a(fat_common.o)
 .text._f_getbootrecord
                0x20015ebc      0x5e4 C:/Hoopoe3/satellite-subsystems/demo/../..//hal/hcc/lib\libHCCD.a(fat_common.o)
 .text._f_readbootrecord
                0x200164a0      0x4f8 C:/Hoopoe3/satellite-subsystems/demo/../..//hal/hcc/lib\libHCCD.a(fat_common.o)
 .text._f_flushcffiles
                0x20016998      0x17c C:/Hoopoe3/satellite-subsystems/demo/../..//hal/hcc/lib\libHCCD.a(fat_common.o)
                0x20016998                _f_flushcffiles
 .text._f_fatcache_flush
                0x20016b14      0x270 C:/Hoopoe3/satellite-subsystems/demo/../..//hal/hcc/lib\libHCCD.a(fat_common.o)
                0x20016b14                _f_fatcache_flush
 .text._f_writefatsector
                0x20016d84      0x100 C:/Hoopoe3/satellite-subsystems/demo/../..//hal/hcc/lib\libHCCD.a(fat_common.o)
                0x20016d84                _f_writefatsector
 .text._f_getfatsector
                0x20016e84      0x3bc C:/Hoopoe3/satellite-subsystems/demo/../..//hal/hcc/lib\libHCCD.a(fat_common.o)
 .text._f_setclustervalue
                0x20017240      0x490 C:/Hoopoe3/satellite-subsystems/demo/../..//hal/hcc/lib\libHCCD.a(fat_common.o)
                0x20017240                _f_setclustervalue
 .text._f_getclustervalue
                0x200176d0      0x388 C:/Hoopoe3/satellite-subsystems/demo/../..//hal/hcc/lib\libHCCD.a(fat_common.o)
                0x200176d0                _f_getclustervalue
 .text._f_close_drive_files
                0x20017a58       0xac C:/Hoopoe3/satellite-subsystems/demo/../..//hal/hcc/lib\libHCCD.a(fat_common.o)
 .text._f_inc_mount_count
                0x20017b04       0xa4 C:/Hoopoe3/satellite-subsystems/demo/../..//hal/hcc/lib\libHCCD.a(fat_common.o)
 .text._f_getvolume
                0x20017ba8      0x2f8 C:/Hoopoe3/satellite-subsystems/demo/../..//hal/hcc/lib\libHCCD.a(fat_common.o)
                0x20017ba8                _f_getvolume
 .text.fn_createdriver
                0x20017ea0      0x118 C:/Hoopoe3/satellite-subsystems/demo/../..//hal/hcc/lib\libHCCD.a(fat_common.o)
                0x20017ea0                fn_createdriver
 .text.fn_initvolume
                0x20017fb8      0x12c C:/Hoopoe3/satellite-subsystems/demo/../..//hal/hcc/lib\libHCCD.a(fat_common.o)
                0x20017fb8                fn_initvolume
 .text.fn_initvolumepartition_sub
                0x200180e4       0xe0 C:/Hoopoe3/satellite-subsystems/demo/../..//hal/hcc/lib\libHCCD.a(fat_common.o)
 .text.fn_initvolumepartition
                0x200181c4       0xac C:/Hoopoe3/satellite-subsystems/demo/../..//hal/hcc/lib\libHCCD.a(fat_common.o)
                0x200181c4                fn_initvolumepartition
 .text._f_clustertopos
                0x20018270       0xf8 C:/Hoopoe3/satellite-subsystems/demo/../..//hal/hcc/lib\libHCCD.a(fat_common.o)
                0x20018270                _f_clustertopos
 .text._f_getcurrsector
                0x20018368      0x6c8 C:/Hoopoe3/satellite-subsystems/demo/../..//hal/hcc/lib\libHCCD.a(fat_common.o)
                0x20018368                _f_getcurrsector
 .text._f_getdecluster
                0x20018a30       0x90 C:/Hoopoe3/satellite-subsystems/demo/../..//hal/hcc/lib\libHCCD.a(fat_common.o)
                0x20018a30                _f_getdecluster
 .text._f_setdecluster
                0x20018ac0       0x8c C:/Hoopoe3/satellite-subsystems/demo/../..//hal/hcc/lib\libHCCD.a(fat_common.o)
                0x20018ac0                _f_setdecluster
 .text.fn_getdrive
                0x20018b4c       0x30 C:/Hoopoe3/satellite-subsystems/demo/../..//hal/hcc/lib\libHCCD.a(fat_common.o)
                0x20018b4c                fn_getdrive
 .text._f_getcurrenttimedate
                0x20018b7c      0x138 C:/Hoopoe3/satellite-subsystems/demo/../..//hal/hcc/lib\libHCCD.a(fat_common.o)
                0x20018b7c                _f_getcurrenttimedate
 .text._f_initentry
                0x20018cb4       0xa0 C:/Hoopoe3/satellite-subsystems/demo/../..//hal/hcc/lib\libHCCD.a(fat_common.o)
                0x20018cb4                _f_initentry
 .text._f_alloccluster
                0x20018d54      0x344 C:/Hoopoe3/satellite-subsystems/demo/../..//hal/hcc/lib\libHCCD.a(fat_common.o)
                0x20018d54                _f_alloccluster
 .text._f_dobadblock
                0x20019098      0x2cc C:/Hoopoe3/satellite-subsystems/demo/../..//hal/hcc/lib\libHCCD.a(fat_common.o)
                0x20019098                _f_dobadblock
 .text._f_checklocked
                0x20019364       0xe4 C:/Hoopoe3/satellite-subsystems/demo/../..//hal/hcc/lib\libHCCD.a(fat_common.o)
                0x20019364                _f_checklocked
 .text._f_checkappendlocked
                0x20019448      0x110 C:/Hoopoe3/satellite-subsystems/demo/../..//hal/hcc/lib\libHCCD.a(fat_common.o)
                0x20019448                _f_checkappendlocked
 .text._f_setsyncafile
                0x20019558      0x114 C:/Hoopoe3/satellite-subsystems/demo/../..//hal/hcc/lib\libHCCD.a(fat_common.o)
                0x20019558                _f_setsyncafile
 .text._f_syncfiles
                0x2001966c      0x128 C:/Hoopoe3/satellite-subsystems/demo/../..//hal/hcc/lib\libHCCD.a(fat_common.o)
                0x2001966c                _f_syncfiles
 .text._f_syncfilescontent
                0x20019794      0x15c C:/Hoopoe3/satellite-subsystems/demo/../..//hal/hcc/lib\libHCCD.a(fat_common.o)
 .text.fn_getfreespace
                0x200198f0      0x4c0 C:/Hoopoe3/satellite-subsystems/demo/../..//hal/hcc/lib\libHCCD.a(fat_common.o)
                0x200198f0                fn_getfreespace
 .text._f_emptywritecache
                0x20019db0      0x4a4 C:/Hoopoe3/satellite-subsystems/demo/../..//hal/hcc/lib\libHCCD.a(fat_common.o)
 .text._f_allocnextcluster
                0x2001a254      0x54c C:/Hoopoe3/satellite-subsystems/demo/../..//hal/hcc/lib\libHCCD.a(fat_common.o)
 .text._f_emptywritebuffer
                0x2001a7a0      0x20c C:/Hoopoe3/satellite-subsystems/demo/../..//hal/hcc/lib\libHCCD.a(fat_common.o)
 .text._f_writezeros
                0x2001a9ac       0xf0 C:/Hoopoe3/satellite-subsystems/demo/../..//hal/hcc/lib\libHCCD.a(fat_common.o)
                0x2001a9ac                _f_writezeros
 .text._f_extend_file
                0x2001aa9c      0x570 C:/Hoopoe3/satellite-subsystems/demo/../..//hal/hcc/lib\libHCCD.a(fat_common.o)
 .text._f_fseek
                0x2001b00c      0x9bc C:/Hoopoe3/satellite-subsystems/demo/../..//hal/hcc/lib\libHCCD.a(fat_common.o)
                0x2001b00c                _f_fseek
 .text._f_removechain
                0x2001b9c8      0x104 C:/Hoopoe3/satellite-subsystems/demo/../..//hal/hcc/lib\libHCCD.a(fat_common.o)
                0x2001b9c8                _f_removechain
 .text._f_updatefileentry
                0x2001bacc      0x1cc C:/Hoopoe3/satellite-subsystems/demo/../..//hal/hcc/lib\libHCCD.a(fat_common.o)
 .text._f_checkreadlocked
                0x2001bc98      0x1bc C:/Hoopoe3/satellite-subsystems/demo/../..//hal/hcc/lib\libHCCD.a(fat_common.o)
                0x2001bc98                _f_checkreadlocked
 .text._f_check_handle
                0x2001be54       0x98 C:/Hoopoe3/satellite-subsystems/demo/../..//hal/hcc/lib\libHCCD.a(fat_common.o)
                0x2001be54                _f_check_handle
 .text._f_removesyncafile
                0x2001beec      0x1ec C:/Hoopoe3/satellite-subsystems/demo/../..//hal/hcc/lib\libHCCD.a(fat_common.o)
 .text.fn_close
                0x2001c0d8      0x3f8 C:/Hoopoe3/satellite-subsystems/demo/../..//hal/hcc/lib\libHCCD.a(fat_common.o)
                0x2001c0d8                fn_close
 .text.fn_flush
                0x2001c4d0      0x374 C:/Hoopoe3/satellite-subsystems/demo/../..//hal/hcc/lib\libHCCD.a(fat_common.o)
                0x2001c4d0                fn_flush
 .text.fn_read  0x2001c844      0x690 C:/Hoopoe3/satellite-subsystems/demo/../..//hal/hcc/lib\libHCCD.a(fat_common.o)
                0x2001c844                fn_read
 .text._f_abortwrite
                0x2001ced4      0x100 C:/Hoopoe3/satellite-subsystems/demo/../..//hal/hcc/lib\libHCCD.a(fat_common.o)
 .text._f_checkwritecluster
                0x2001cfd4       0xe4 C:/Hoopoe3/satellite-subsystems/demo/../..//hal/hcc/lib\libHCCD.a(fat_common.o)
 .text.fn_write
                0x2001d0b8      0x8a8 C:/Hoopoe3/satellite-subsystems/demo/../..//hal/hcc/lib\libHCCD.a(fat_common.o)
                0x2001d0b8                fn_write
 .text.fn_seek  0x2001d960      0x270 C:/Hoopoe3/satellite-subsystems/demo/../..//hal/hcc/lib\libHCCD.a(fat_common.o)
                0x2001d960                fn_seek
 .text.f_enterFS
                0x2001dbd0      0x1c0 C:/Hoopoe3/satellite-subsystems/demo/../..//hal/hcc/lib\libHCCD.a(fat_common.o)
                0x2001dbd0                f_enterFS
 .text.f_releaseFS
                0x2001dd90       0xb0 C:/Hoopoe3/satellite-subsystems/demo/../..//hal/hcc/lib\libHCCD.a(fat_common.o)
                0x2001dd90                f_releaseFS
 .text.fnGetTask
                0x2001de40       0xfc C:/Hoopoe3/satellite-subsystems/demo/../..//hal/hcc/lib\libHCCD.a(fat_common.o)
                0x2001de40                fnGetTask
 .text._f_mutex_get
                0x2001df3c       0x98 C:/Hoopoe3/satellite-subsystems/demo/../..//hal/hcc/lib\libHCCD.a(fat_common.o)
                0x2001df3c                _f_mutex_get
 .text._f_mutex_put
                0x2001dfd4       0x54 C:/Hoopoe3/satellite-subsystems/demo/../..//hal/hcc/lib\libHCCD.a(fat_common.o)
                0x2001dfd4                _f_mutex_put
 .text._fn_initseekdivisor
                0x2001e028      0x158 C:/Hoopoe3/satellite-subsystems/demo/../..//hal/hcc/lib\libHCCD.a(fat_common.o)
                0x2001e028                _fn_initseekdivisor
 .text._fn_updateseekpos
                0x2001e180       0xc4 C:/Hoopoe3/satellite-subsystems/demo/../..//hal/hcc/lib\libHCCD.a(fat_common.o)
 .text._f_findopensize
                0x2001e244       0x2c C:/Hoopoe3/satellite-subsystems/demo/../..//hal/hcc/lib\libHCCD.a(fat_common.o)
                0x2001e244                _f_findopensize
 .text.fn_setlasterror
                0x2001e270       0x34 C:/Hoopoe3/satellite-subsystems/demo/../..//hal/hcc/lib\libHCCD.a(fat_common.o)
                0x2001e270                fn_setlasterror
 .text.fn_setlasterror_noret
                0x2001e2a4       0x2c C:/Hoopoe3/satellite-subsystems/demo/../..//hal/hcc/lib\libHCCD.a(fat_common.o)
                0x2001e2a4                fn_setlasterror_noret
 .text.fm_initvolume
                0x2001e2d0       0x70 C:/Hoopoe3/satellite-subsystems/demo/../..//hal/hcc/lib\libHCCD.a(fat_m.o)
                0x2001e2d0                fm_initvolume
 .text.fm_getdrive
                0x2001e340       0x70 C:/Hoopoe3/satellite-subsystems/demo/../..//hal/hcc/lib\libHCCD.a(fat_m.o)
                0x2001e340                fm_getdrive
 .text.fm_getfreespace
                0x2001e3b0       0x68 C:/Hoopoe3/satellite-subsystems/demo/../..//hal/hcc/lib\libHCCD.a(fat_m.o)
                0x2001e3b0                fm_getfreespace
 .text.fm_findfirst
                0x2001e418       0x68 C:/Hoopoe3/satellite-subsystems/demo/../..//hal/hcc/lib\libHCCD.a(fat_m.o)
                0x2001e418                fm_findfirst
 .text.fm_findnext
                0x2001e480       0x60 C:/Hoopoe3/satellite-subsystems/demo/../..//hal/hcc/lib\libHCCD.a(fat_m.o)
                0x2001e480                fm_findnext
 .text.fm_filelength
                0x2001e4e0       0x60 C:/Hoopoe3/satellite-subsystems/demo/../..//hal/hcc/lib\libHCCD.a(fat_m.o)
                0x2001e4e0                fm_filelength
 .text.fm_close
                0x2001e540       0x60 C:/Hoopoe3/satellite-subsystems/demo/../..//hal/hcc/lib\libHCCD.a(fat_m.o)
                0x2001e540                fm_close
 .text.fm_flush
                0x2001e5a0       0x60 C:/Hoopoe3/satellite-subsystems/demo/../..//hal/hcc/lib\libHCCD.a(fat_m.o)
                0x2001e5a0                fm_flush
 .text.fm_open  0x2001e600       0x68 C:/Hoopoe3/satellite-subsystems/demo/../..//hal/hcc/lib\libHCCD.a(fat_m.o)
                0x2001e600                fm_open
 .text.fm_read  0x2001e668       0x7c C:/Hoopoe3/satellite-subsystems/demo/../..//hal/hcc/lib\libHCCD.a(fat_m.o)
                0x2001e668                fm_read
 .text.fm_write
                0x2001e6e4       0x7c C:/Hoopoe3/satellite-subsystems/demo/../..//hal/hcc/lib\libHCCD.a(fat_m.o)
                0x2001e6e4                fm_write
 .text.fm_seek  0x2001e760       0x70 C:/Hoopoe3/satellite-subsystems/demo/../..//hal/hcc/lib\libHCCD.a(fat_m.o)
                0x2001e760                fm_seek
 .text.fm_delete
                0x2001e7d0       0x64 C:/Hoopoe3/satellite-subsystems/demo/../..//hal/hcc/lib\libHCCD.a(fat_m.o)
                0x2001e7d0                fm_delete
 .text._s_checkzeroclusteratend
                0x2001e834       0xf8 C:/Hoopoe3/satellite-subsystems/demo/../..//hal/hcc/lib\libHCCD.a(safefat.o)
 .text._s_clearclustercontent
                0x2001e92c      0x108 C:/Hoopoe3/satellite-subsystems/demo/../..//hal/hcc/lib\libHCCD.a(safefat.o)
 .text._s_clearclustercontentdir
                0x2001ea34      0x19c C:/Hoopoe3/satellite-subsystems/demo/../..//hal/hcc/lib\libHCCD.a(safefat.o)
 .text._s_writedirsector
                0x2001ebd0       0xd0 C:/Hoopoe3/satellite-subsystems/demo/../..//hal/hcc/lib\libHCCD.a(safefat.o)
 .text._s_getdirsector
                0x2001eca0      0x100 C:/Hoopoe3/satellite-subsystems/demo/../..//hal/hcc/lib\libHCCD.a(safefat.o)
 .text._s_addentry
                0x2001eda0      0x394 C:/Hoopoe3/satellite-subsystems/demo/../..//hal/hcc/lib\libHCCD.a(safefat.o)
 .text._s_findfile
                0x2001f134      0x33c C:/Hoopoe3/satellite-subsystems/demo/../..//hal/hcc/lib\libHCCD.a(safefat.o)
 .text._s_findsubdir
                0x2001f470      0x248 C:/Hoopoe3/satellite-subsystems/demo/../..//hal/hcc/lib\libHCCD.a(safefat.o)
 .text._s_createfile
                0x2001f6b8      0x190 C:/Hoopoe3/satellite-subsystems/demo/../..//hal/hcc/lib\libHCCD.a(safefat.o)
 .text._s_findsaffile
                0x2001f848      0x1b8 C:/Hoopoe3/satellite-subsystems/demo/../..//hal/hcc/lib\libHCCD.a(safefat.o)
 .text._s_open  0x2001fa00       0xe4 C:/Hoopoe3/satellite-subsystems/demo/../..//hal/hcc/lib\libHCCD.a(safefat.o)
 .text._s_open_saf
                0x2001fae4       0xe8 C:/Hoopoe3/satellite-subsystems/demo/../..//hal/hcc/lib\libHCCD.a(safefat.o)
 .text._s_flush
                0x2001fbcc       0x84 C:/Hoopoe3/satellite-subsystems/demo/../..//hal/hcc/lib\libHCCD.a(safefat.o)
 .text._s_allocnextcluster
                0x2001fc50      0x13c C:/Hoopoe3/satellite-subsystems/demo/../..//hal/hcc/lib\libHCCD.a(safefat.o)
 .text._s_getnextsector
                0x2001fd8c       0xdc C:/Hoopoe3/satellite-subsystems/demo/../..//hal/hcc/lib\libHCCD.a(safefat.o)
 .text._s_seek  0x2001fe68      0x1e8 C:/Hoopoe3/satellite-subsystems/demo/../..//hal/hcc/lib\libHCCD.a(safefat.o)
 .text._s_read  0x20020050      0x228 C:/Hoopoe3/satellite-subsystems/demo/../..//hal/hcc/lib\libHCCD.a(safefat.o)
 .text._s_write
                0x20020278      0x384 C:/Hoopoe3/satellite-subsystems/demo/../..//hal/hcc/lib\libHCCD.a(safefat.o)
 .text._s_restoreclusters
                0x200205fc      0x270 C:/Hoopoe3/satellite-subsystems/demo/../..//hal/hcc/lib\libHCCD.a(safefat.o)
                0x200205fc                _s_restoreclusters
 .text._s_findrestore
                0x2002086c      0x18c C:/Hoopoe3/satellite-subsystems/demo/../..//hal/hcc/lib\libHCCD.a(safefat.o)
 .text._s_cmd_writede
                0x200209f8       0xd8 C:/Hoopoe3/satellite-subsystems/demo/../..//hal/hcc/lib\libHCCD.a(safefat.o)
 .text._s_cmd_setcluster
                0x20020ad0       0x88 C:/Hoopoe3/satellite-subsystems/demo/../..//hal/hcc/lib\libHCCD.a(safefat.o)
 .text._s_cmd_deletechain
                0x20020b58      0x100 C:/Hoopoe3/satellite-subsystems/demo/../..//hal/hcc/lib\libHCCD.a(safefat.o)
 .text._s_cmd_validatecfn
                0x20020c58      0x308 C:/Hoopoe3/satellite-subsystems/demo/../..//hal/hcc/lib\libHCCD.a(safefat.o)
 .text._s_cmd_seteof
                0x20020f60      0x3c4 C:/Hoopoe3/satellite-subsystems/demo/../..//hal/hcc/lib\libHCCD.a(safefat.o)
 .text.safe_docommands
                0x20021324      0x56c C:/Hoopoe3/satellite-subsystems/demo/../..//hal/hcc/lib\libHCCD.a(safefat.o)
                0x20021324                safe_docommands
 .text.safe_entercommand
                0x20021890       0x68 C:/Hoopoe3/satellite-subsystems/demo/../..//hal/hcc/lib\libHCCD.a(safefat.o)
                0x20021890                safe_entercommand
 .text.safe_ready
                0x200218f8       0xf4 C:/Hoopoe3/satellite-subsystems/demo/../..//hal/hcc/lib\libHCCD.a(safefat.o)
                0x200218f8                safe_ready
 .text.safe_copycfn
                0x200219ec       0xb8 C:/Hoopoe3/satellite-subsystems/demo/../..//hal/hcc/lib\libHCCD.a(safefat.o)
                0x200219ec                safe_copycfn
 .text.safe_cfremove
                0x20021aa4       0xb8 C:/Hoopoe3/satellite-subsystems/demo/../..//hal/hcc/lib\libHCCD.a(safefat.o)
                0x20021aa4                safe_cfremove
 .text.safe_writede
                0x20021b5c      0x104 C:/Hoopoe3/satellite-subsystems/demo/../..//hal/hcc/lib\libHCCD.a(safefat.o)
                0x20021b5c                safe_writede
 .text.safe_setcluster
                0x20021c60       0xcc C:/Hoopoe3/satellite-subsystems/demo/../..//hal/hcc/lib\libHCCD.a(safefat.o)
                0x20021c60                safe_setcluster
 .text.safe_deletechain
                0x20021d2c      0x1c8 C:/Hoopoe3/satellite-subsystems/demo/../..//hal/hcc/lib\libHCCD.a(safefat.o)
                0x20021d2c                safe_deletechain
 .text.safe_cfclose
                0x20021ef4      0x104 C:/Hoopoe3/satellite-subsystems/demo/../..//hal/hcc/lib\libHCCD.a(safefat.o)
                0x20021ef4                safe_cfclose
 .text.safe_cfflush
                0x20021ff8      0x124 C:/Hoopoe3/satellite-subsystems/demo/../..//hal/hcc/lib\libHCCD.a(safefat.o)
                0x20021ff8                safe_cfflush
 .text.safe_reset
                0x2002211c       0x78 C:/Hoopoe3/satellite-subsystems/demo/../..//hal/hcc/lib\libHCCD.a(safefat.o)
                0x2002211c                safe_reset
 .text.safe_loadcommands
                0x20022194       0x78 C:/Hoopoe3/satellite-subsystems/demo/../..//hal/hcc/lib\libHCCD.a(safefat.o)
                0x20022194                safe_loadcommands
 .text.safe_poweron
                0x2002220c      0x1fc C:/Hoopoe3/satellite-subsystems/demo/../..//hal/hcc/lib\libHCCD.a(safefat.o)
                0x2002220c                safe_poweron
 .text.cf_getname
                0x20022408       0xc0 C:/Hoopoe3/satellite-subsystems/demo/../..//hal/hcc/lib\libHCCD.a(safefat.o)
 .text.cf_copyclusterchain
                0x200224c8      0x138 C:/Hoopoe3/satellite-subsystems/demo/../..//hal/hcc/lib\libHCCD.a(safefat.o)
 .text.cf_seektozero
                0x20022600       0x94 C:/Hoopoe3/satellite-subsystems/demo/../..//hal/hcc/lib\libHCCD.a(safefat.o)
                0x20022600                cf_seektozero
 .text.cf_create
                0x20022694      0x3a8 C:/Hoopoe3/satellite-subsystems/demo/../..//hal/hcc/lib\libHCCD.a(safefat.o)
                0x20022694                cf_create
 .text.cf_copyclustercontent
                0x20022a3c      0x128 C:/Hoopoe3/satellite-subsystems/demo/../..//hal/hcc/lib\libHCCD.a(safefat.o)
                0x20022a3c                cf_copyclustercontent
 .text.cf_copycfn
                0x20022b64      0x4bc C:/Hoopoe3/satellite-subsystems/demo/../..//hal/hcc/lib\libHCCD.a(safefat.o)
                0x20022b64                cf_copycfn
 .text.cf_remove
                0x20023020      0x344 C:/Hoopoe3/satellite-subsystems/demo/../..//hal/hcc/lib\libHCCD.a(safefat.o)
                0x20023020                cf_remove
 .text.cf_setclusternew
                0x20023364       0xf0 C:/Hoopoe3/satellite-subsystems/demo/../..//hal/hcc/lib\libHCCD.a(safefat.o)
                0x20023364                cf_setclusternew
 .text.cf_flush
                0x20023454       0x58 C:/Hoopoe3/satellite-subsystems/demo/../..//hal/hcc/lib\libHCCD.a(safefat.o)
                0x20023454                cf_flush
 .text.cf_getcluster
                0x200234ac      0x1b4 C:/Hoopoe3/satellite-subsystems/demo/../..//hal/hcc/lib\libHCCD.a(safefat.o)
                0x200234ac                cf_getcluster
 .text.cf_setnextcluster
                0x20023660      0x194 C:/Hoopoe3/satellite-subsystems/demo/../..//hal/hcc/lib\libHCCD.a(safefat.o)
                0x20023660                cf_setnextcluster
 .text.cf_getpositions
                0x200237f4       0xbc C:/Hoopoe3/satellite-subsystems/demo/../..//hal/hcc/lib\libHCCD.a(safefat.o)
                0x200237f4                cf_getpositions
 .text.cf_setpositions
                0x200238b0       0xb0 C:/Hoopoe3/satellite-subsystems/demo/../..//hal/hcc/lib\libHCCD.a(safefat.o)
                0x200238b0                cf_setpositions
 .text.cf_opensyncafile
                0x20023960      0x150 C:/Hoopoe3/satellite-subsystems/demo/../..//hal/hcc/lib\libHCCD.a(safefat.o)
                0x20023960                cf_opensyncafile
 .text.cf_reloadcfo
                0x20023ab0       0xd8 C:/Hoopoe3/satellite-subsystems/demo/../..//hal/hcc/lib\libHCCD.a(safefat.o)
                0x20023ab0                cf_reloadcfo
 .text.mcipdc_cmd
                0x20023b88      0x22c C:/Hoopoe3/satellite-subsystems/demo/../..//hal/hcc/lib\libHCCD.a(atmel_mcipdc.o)
 .text.mcipdc_stop
                0x20023db4       0xfc C:/Hoopoe3/satellite-subsystems/demo/../..//hal/hcc/lib\libHCCD.a(atmel_mcipdc.o)
                0x20023db4                mcipdc_stop
 .text.mcipdc_read
                0x20023eb0      0x27c C:/Hoopoe3/satellite-subsystems/demo/../..//hal/hcc/lib\libHCCD.a(atmel_mcipdc.o)
 .text.mcipdc_write
                0x2002412c      0x298 C:/Hoopoe3/satellite-subsystems/demo/../..//hal/hcc/lib\libHCCD.a(atmel_mcipdc.o)
 .text.mcipdc_readsector
                0x200243c4       0x9c C:/Hoopoe3/satellite-subsystems/demo/../..//hal/hcc/lib\libHCCD.a(atmel_mcipdc.o)
                0x200243c4                mcipdc_readsector
 .text.mcipdc_readmultiplesector
                0x20024460      0x124 C:/Hoopoe3/satellite-subsystems/demo/../..//hal/hcc/lib\libHCCD.a(atmel_mcipdc.o)
                0x20024460                mcipdc_readmultiplesector
 .text.mcipdc_writesector
                0x20024584       0x90 C:/Hoopoe3/satellite-subsystems/demo/../..//hal/hcc/lib\libHCCD.a(atmel_mcipdc.o)
                0x20024584                mcipdc_writesector
 .text.mcipdc_writemultiplesector
                0x20024614      0x120 C:/Hoopoe3/satellite-subsystems/demo/../..//hal/hcc/lib\libHCCD.a(atmel_mcipdc.o)
                0x20024614                mcipdc_writemultiplesector
 .text.mcipdc_set_speed
                0x20024734       0xb0 C:/Hoopoe3/satellite-subsystems/demo/../..//hal/hcc/lib\libHCCD.a(atmel_mcipdc.o)
 .text.mcipdc_get_speed
                0x200247e4       0x48 C:/Hoopoe3/satellite-subsystems/demo/../..//hal/hcc/lib\libHCCD.a(atmel_mcipdc.o)
 .text._get_csd_bits
                0x2002482c      0x14c C:/Hoopoe3/satellite-subsystems/demo/../..//hal/hcc/lib\libHCCD.a(atmel_mcipdc.o)
 .text.mcipdc_initcard
                0x20024978      0x8f4 C:/Hoopoe3/satellite-subsystems/demo/../..//hal/hcc/lib\libHCCD.a(atmel_mcipdc.o)
 .text.mcipdc_getstatus
                0x2002526c       0xe8 C:/Hoopoe3/satellite-subsystems/demo/../..//hal/hcc/lib\libHCCD.a(atmel_mcipdc.o)
 .text.mcipdc_getphy
                0x20025354       0x90 C:/Hoopoe3/satellite-subsystems/demo/../..//hal/hcc/lib\libHCCD.a(atmel_mcipdc.o)
 .text.mcipdc_release
                0x200253e4       0x50 C:/Hoopoe3/satellite-subsystems/demo/../..//hal/hcc/lib\libHCCD.a(atmel_mcipdc.o)
 .text.atmel_mcipdc_initfunc
                0x20025434      0x160 C:/Hoopoe3/satellite-subsystems/demo/../..//hal/hcc/lib\libHCCD.a(atmel_mcipdc.o)
                0x20025434                atmel_mcipdc_initfunc
 .text.oal_mutex_create
                0x20025594       0x54 C:/Hoopoe3/satellite-subsystems/demo/../..//hal/hcc/lib\libHCCD.a(oalp_mutex.o)
                0x20025594                oal_mutex_create
 .text.oal_mutex_delete
                0x200255e8       0x30 C:/Hoopoe3/satellite-subsystems/demo/../..//hal/hcc/lib\libHCCD.a(oalp_mutex.o)
                0x200255e8                oal_mutex_delete
 .text.oal_mutex_get
                0x20025618       0x58 C:/Hoopoe3/satellite-subsystems/demo/../..//hal/hcc/lib\libHCCD.a(oalp_mutex.o)
                0x20025618                oal_mutex_get
 .text.oal_mutex_put
                0x20025670       0x58 C:/Hoopoe3/satellite-subsystems/demo/../..//hal/hcc/lib\libHCCD.a(oalp_mutex.o)
                0x20025670                oal_mutex_put
 .text.oal_task_get_id
                0x200256c8       0x18 C:/Hoopoe3/satellite-subsystems/demo/../..//hal/hcc/lib\libHCCD.a(oalp_task.o)
                0x200256c8                oal_task_get_id
 .text.mcipdc_hw_init
                0x200256e0       0xe8 C:/Hoopoe3/satellite-subsystems/demo/../..//hal/hcc/lib\libHCCD.a(atmel_mcipdc_hw.o)
                0x200256e0                mcipdc_hw_init
 .text.mcipdc_hw_delete
                0x200257c8       0x78 C:/Hoopoe3/satellite-subsystems/demo/../..//hal/hcc/lib\libHCCD.a(atmel_mcipdc_hw.o)
                0x200257c8                mcipdc_hw_delete
 .text.mcipdc_hw_card_plugged
                0x20025840       0x1c C:/Hoopoe3/satellite-subsystems/demo/../..//hal/hcc/lib\libHCCD.a(atmel_mcipdc_hw.o)
                0x20025840                mcipdc_hw_card_plugged
 .text.mcipdc_hw_card_writeprotect
                0x2002585c       0x1c C:/Hoopoe3/satellite-subsystems/demo/../..//hal/hcc/lib\libHCCD.a(atmel_mcipdc_hw.o)
                0x2002585c                mcipdc_hw_card_writeprotect
 .text.psp_getcurrenttimedate
                0x20025878       0x8c C:/Hoopoe3/satellite-subsystems/demo/../..//hal/hcc/lib\libHCCD.a(psp_rtc.o)
                0x20025878                psp_getcurrenttimedate
 .text._hcc_get_buf_dsc
                0x20025904       0x8c C:/Hoopoe3/satellite-subsystems/demo/../..//hal/hcc/lib\libHCCD.a(hcc_mem.o)
 .text._hcc_check_free_pages
                0x20025990      0x18c C:/Hoopoe3/satellite-subsystems/demo/../..//hal/hcc/lib\libHCCD.a(hcc_mem.o)
 .text._hcc_mark_pages
                0x20025b1c      0x158 C:/Hoopoe3/satellite-subsystems/demo/../..//hal/hcc/lib\libHCCD.a(hcc_mem.o)
 .text._hcc_clear_lock_dsc
                0x20025c74       0x80 C:/Hoopoe3/satellite-subsystems/demo/../..//hal/hcc/lib\libHCCD.a(hcc_mem.o)
 .text._hcc_lock_access
                0x20025cf4      0x128 C:/Hoopoe3/satellite-subsystems/demo/../..//hal/hcc/lib\libHCCD.a(hcc_mem.o)
 .text._hcc_unlock_access
                0x20025e1c       0x30 C:/Hoopoe3/satellite-subsystems/demo/../..//hal/hcc/lib\libHCCD.a(hcc_mem.o)
 .text.hcc_mem_alloc
                0x20025e4c      0x454 C:/Hoopoe3/satellite-subsystems/demo/../..//hal/hcc/lib\libHCCD.a(hcc_mem.o)
                0x20025e4c                hcc_mem_alloc
 .text.hcc_mem_free
                0x200262a0      0x178 C:/Hoopoe3/satellite-subsystems/demo/../..//hal/hcc/lib\libHCCD.a(hcc_mem.o)
                0x200262a0                hcc_mem_free
 .text.hcc_mem_add
                0x20026418      0x3b0 C:/Hoopoe3/satellite-subsystems/demo/../..//hal/hcc/lib\libHCCD.a(hcc_mem.o)
                0x20026418                hcc_mem_add
 .text.hcc_mem_init
                0x200267c8      0x164 C:/Hoopoe3/satellite-subsystems/demo/../..//hal/hcc/lib\libHCCD.a(hcc_mem.o)
                0x200267c8                hcc_mem_init
 .text._f_invalidatedir
                0x2002692c       0x28 C:/Hoopoe3/satellite-subsystems/demo/../..//hal/hcc/lib\libHCCD.a(fat.o)
                0x2002692c                _f_invalidatedir
 .text._f_getdirsector
                0x20026954       0x88 C:/Hoopoe3/satellite-subsystems/demo/../..//hal/hcc/lib\libHCCD.a(fat.o)
                0x20026954                _f_getdirsector
 .text._f_writedirsector
                0x200269dc       0x74 C:/Hoopoe3/satellite-subsystems/demo/../..//hal/hcc/lib\libHCCD.a(fat.o)
                0x200269dc                _f_writedirsector
 .text._f_checknameinv
                0x20026a50      0x180 C:/Hoopoe3/satellite-subsystems/demo/../..//hal/hcc/lib\libHCCD.a(fat.o)
 .text._f_checkname
                0x20026bd0       0x7c C:/Hoopoe3/satellite-subsystems/demo/../..//hal/hcc/lib\libHCCD.a(fat.o)
 .text._f_checknamewc
                0x20026c4c       0xf8 C:/Hoopoe3/satellite-subsystems/demo/../..//hal/hcc/lib\libHCCD.a(fat.o)
 .text._f_setnameext
                0x20026d44      0x300 C:/Hoopoe3/satellite-subsystems/demo/../..//hal/hcc/lib\libHCCD.a(fat.o)
 .text._f_setfsname
                0x20027044      0x584 C:/Hoopoe3/satellite-subsystems/demo/../..//hal/hcc/lib\libHCCD.a(fat.o)
 .text._f_findfile
                0x200275c8      0x30c C:/Hoopoe3/satellite-subsystems/demo/../..//hal/hcc/lib\libHCCD.a(fat.o)
 .text._f_cmp_wname
                0x200278d4      0x274 C:/Hoopoe3/satellite-subsystems/demo/../..//hal/hcc/lib\libHCCD.a(fat.o)
 .text._f_to_string
                0x20027b48      0x130 C:/Hoopoe3/satellite-subsystems/demo/../..//hal/hcc/lib\libHCCD.a(fat.o)
 .text._f_findfilewc
                0x20027c78      0x278 C:/Hoopoe3/satellite-subsystems/demo/../..//hal/hcc/lib\libHCCD.a(fat.o)
 .text._f_getfilename
                0x20027ef0      0x20c C:/Hoopoe3/satellite-subsystems/demo/../..//hal/hcc/lib\libHCCD.a(fat.o)
 .text._f_findpath
                0x200280fc      0x35c C:/Hoopoe3/satellite-subsystems/demo/../..//hal/hcc/lib\libHCCD.a(fat.o)
 .text.fn_getdcwd
                0x20028458      0x1e0 C:/Hoopoe3/satellite-subsystems/demo/../..//hal/hcc/lib\libHCCD.a(fat.o)
                0x20028458                fn_getdcwd
 .text.fn_findfirst
                0x20028638      0x13c C:/Hoopoe3/satellite-subsystems/demo/../..//hal/hcc/lib\libHCCD.a(fat.o)
                0x20028638                fn_findfirst
 .text.fn_findnext
                0x20028774      0x360 C:/Hoopoe3/satellite-subsystems/demo/../..//hal/hcc/lib\libHCCD.a(fat.o)
                0x20028774                fn_findnext
 .text._f_lock_resfile
                0x20028ad4       0x6c C:/Hoopoe3/satellite-subsystems/demo/../..//hal/hcc/lib\libHCCD.a(fat.o)
 .text._f_unlock_resfile
                0x20028b40       0x40 C:/Hoopoe3/satellite-subsystems/demo/../..//hal/hcc/lib\libHCCD.a(fat.o)
 .text._f_getintfile
                0x20028b80      0x124 C:/Hoopoe3/satellite-subsystems/demo/../..//hal/hcc/lib\libHCCD.a(fat.o)
 .text._f_addentry
                0x20028ca4      0x540 C:/Hoopoe3/satellite-subsystems/demo/../..//hal/hcc/lib\libHCCD.a(fat.o)
 .text.fn_filelength
                0x200291e4      0x1cc C:/Hoopoe3/satellite-subsystems/demo/../..//hal/hcc/lib\libHCCD.a(fat.o)
                0x200291e4                fn_filelength
 .text.fn_open_sub
                0x200293b0     0x1698 C:/Hoopoe3/satellite-subsystems/demo/../..//hal/hcc/lib\libHCCD.a(fat.o)
 .text.fn_open  0x2002aa48       0x44 C:/Hoopoe3/satellite-subsystems/demo/../..//hal/hcc/lib\libHCCD.a(fat.o)
                0x2002aa48                fn_open
 .text.fn_delete
                0x2002aa8c      0x490 C:/Hoopoe3/satellite-subsystems/demo/../..//hal/hcc/lib\libHCCD.a(fat.o)
                0x2002aa8c                fn_delete
 .text.hcc_mem_buf_alloc
                0x2002af1c       0xe4 C:/Hoopoe3/satellite-subsystems/demo/../..//hal/hcc/lib\libHCCD.a(psp_hcc_mem.o)
                0x2002af1c                hcc_mem_buf_alloc
 .text.validateTransferParameters
                0x2002b000      0x10c C:/Hoopoe3/satellite-subsystems/demo/../..//hal/hal/lib\libHALD.a(I2C.o)
 .text.I2C_queueTransfer
                0x2002b10c       0xe8 C:/Hoopoe3/satellite-subsystems/demo/../..//hal/hal/lib\libHALD.a(I2C.o)
                0x2002b10c                I2C_queueTransfer
 .text.I2C_internalCallback
                0x2002b1f4       0x64 C:/Hoopoe3/satellite-subsystems/demo/../..//hal/hal/lib\libHALD.a(I2C.o)
 .text.I2C_doBlockingTransfer
                0x2002b258      0x160 C:/Hoopoe3/satellite-subsystems/demo/../..//hal/hal/lib\libHALD.a(I2C.o)
 .text.I2C_write
                0x2002b3b8      0x110 C:/Hoopoe3/satellite-subsystems/demo/../..//hal/hal/lib\libHALD.a(I2C.o)
                0x2002b3b8                I2C_write
 .text.I2C_writeRead
                0x2002b4c8      0x180 C:/Hoopoe3/satellite-subsystems/demo/../..//hal/hal/lib\libHALD.a(I2C.o)
                0x2002b4c8                I2C_writeRead
 .text.I2C_start
                0x2002b648      0x2e8 C:/Hoopoe3/satellite-subsystems/demo/../..//hal/hal/lib\libHALD.a(I2C.o)
                0x2002b648                I2C_start
 .text.I2C_stop
                0x2002b930      0x184 C:/Hoopoe3/satellite-subsystems/demo/../..//hal/hal/lib\libHALD.a(I2C.o)
                0x2002b930                I2C_stop
 .text.I2C_setTransferTimeout
                0x2002bab4       0x48 C:/Hoopoe3/satellite-subsystems/demo/../..//hal/hal/lib\libHALD.a(I2C.o)
                0x2002bab4                I2C_setTransferTimeout
 .text.clearPDCtransfers
                0x2002bafc       0xdc C:/Hoopoe3/satellite-subsystems/demo/../..//hal/hal/lib\libHALD.a(SPI.o)
 .text.SPI_start
                0x2002bbd8      0x4c0 C:/Hoopoe3/satellite-subsystems/demo/../..//hal/hal/lib\libHALD.a(SPI.o)
                0x2002bbd8                SPI_start
 .text.SPI_stop
                0x2002c098      0x22c C:/Hoopoe3/satellite-subsystems/demo/../..//hal/hal/lib\libHALD.a(SPI.o)
                0x2002c098                SPI_stop
 .text.SPI_queueTransfer
                0x2002c2c4      0x190 C:/Hoopoe3/satellite-subsystems/demo/../..//hal/hal/lib\libHALD.a(SPI.o)
                0x2002c2c4                SPI_queueTransfer
 .text.SPI_internalCallback
                0x2002c454       0x64 C:/Hoopoe3/satellite-subsystems/demo/../..//hal/hal/lib\libHALD.a(SPI.o)
 .text.SPI_writeRead
                0x2002c4b8      0x188 C:/Hoopoe3/satellite-subsystems/demo/../..//hal/hal/lib\libHALD.a(SPI.o)
                0x2002c4b8                SPI_writeRead
 .text.waitForTransfer
                0x2002c640       0x68 C:/Hoopoe3/satellite-subsystems/demo/../..//hal/hal/lib\libHALD.a(SPI.o)
 .text.SPI_getDriverState
                0x2002c6a8       0x58 C:/Hoopoe3/satellite-subsystems/demo/../..//hal/hal/lib\libHALD.a(SPI.o)
                0x2002c6a8                SPI_getDriverState
 .text.FRAM_start
                0x2002c700       0xf4 C:/Hoopoe3/satellite-subsystems/demo/../..//hal/hal/lib\libHALD.a(FRAM.o)
                0x2002c700                FRAM_start
 .text.FRAM_dummyCallback