Archive member included because of file (symbol)

c:/isis/application/toolchain/bin/../lib/gcc/arm-none-eabi/4.7.4/../../../../arm-none-eabi/lib\libc_s.a(lib_a-vfprintf_float.o)
                              (_printf_float)
c:/isis/application/toolchain/bin/../lib/gcc/arm-none-eabi/4.7.4/../../../../arm-none-eabi/lib\libc_s.a(lib_a-vfprintf_i.o)
                              c:/isis/application/toolchain/bin/../lib/gcc/arm-none-eabi/4.7.4/../../../../arm-none-eabi/lib\libc_s.a(lib_a-vfprintf_float.o) (_printf_common)
c:/isis/application/toolchain/bin/../lib/gcc/arm-none-eabi/4.7.4/../../../../arm-none-eabi/lib\libc_s.a(lib_a-vfscanf_float.o)
                              (_scanf_float)
c:/isis/application/toolchain/bin/../lib/gcc/arm-none-eabi/4.7.4/../../../../arm-none-eabi/lib\libc_s.a(lib_a-dtoa.o)
                              c:/isis/application/toolchain/bin/../lib/gcc/arm-none-eabi/4.7.4/../../../../arm-none-eabi/lib\libc_s.a(lib_a-vfprintf_float.o) (_dtoa_r)
c:/isis/application/toolchain/bin/../lib/gcc/arm-none-eabi/4.7.4/../../../../arm-none-eabi/lib\libc_s.a(lib_a-locale.o)
                              c:/isis/application/toolchain/bin/../lib/gcc/arm-none-eabi/4.7.4/../../../../arm-none-eabi/lib\libc_s.a(lib_a-vfprintf_float.o) (_localeconv_r)
c:/isis/application/toolchain/bin/../lib/gcc/arm-none-eabi/4.7.4/../../../../arm-none-eabi/lib\libc_s.a(lib_a-malloc.o)
                              c:/isis/application/toolchain/bin/../lib/gcc/arm-none-eabi/4.7.4/../../../../arm-none-eabi/lib\libc_s.a(lib_a-dtoa.o) (malloc)
c:/isis/application/toolchain/bin/../lib/gcc/arm-none-eabi/4.7.4/../../../../arm-none-eabi/lib\libc_s.a(lib_a-mallocr.o)
                              c:/isis/application/toolchain/bin/../lib/gcc/arm-none-eabi/4.7.4/../../../../arm-none-eabi/lib\libc_s.a(lib_a-malloc.o) (_malloc_r)
c:/isis/application/toolchain/bin/../lib/gcc/arm-none-eabi/4.7.4/../../../../arm-none-eabi/lib\libc_s.a(lib_a-memcpy.o)
                              c:/isis/application/toolchain/bin/../lib/gcc/arm-none-eabi/4.7.4/../../../../arm-none-eabi/lib\libc_s.a(lib_a-dtoa.o) (memcpy)
c:/isis/application/toolchain/bin/../lib/gcc/arm-none-eabi/4.7.4/../../../../arm-none-eabi/lib\libc_s.a(lib_a-mprec.o)
                              c:/isis/application/toolchain/bin/../lib/gcc/arm-none-eabi/4.7.4/../../../../arm-none-eabi/lib\libc_s.a(lib_a-dtoa.o) (_Balloc)
c:/isis/application/toolchain/bin/../lib/gcc/arm-none-eabi/4.7.4/../../../../arm-none-eabi/lib\libc_s.a(lib_a-s_fpclassify.o)
                              c:/isis/application/toolchain/bin/../lib/gcc/arm-none-eabi/4.7.4/../../../../arm-none-eabi/lib\libc_s.a(lib_a-vfprintf_float.o) (__fpclassifyd)
c:/isis/application/toolchain/bin/../lib/gcc/arm-none-eabi/4.7.4/../../../../arm-none-eabi/lib\libc_s.a(lib_a-sbrkr.o)
                              c:/isis/application/toolchain/bin/../lib/gcc/arm-none-eabi/4.7.4/../../../../arm-none-eabi/lib\libc_s.a(lib_a-mallocr.o) (_sbrk_r)
c:/isis/application/toolchain/bin/../lib/gcc/arm-none-eabi/4.7.4/../../../../arm-none-eabi/lib\libc_s.a(lib_a-sf_nan.o)
                              c:/isis/application/toolchain/bin/../lib/gcc/arm-none-eabi/4.7.4/../../../../arm-none-eabi/lib\libc_s.a(lib_a-vfscanf_float.o) (nanf)
c:/isis/application/toolchain/bin/../lib/gcc/arm-none-eabi/4.7.4/../../../../arm-none-eabi/lib\libc_s.a(lib_a-sprintf.o)
                              c:/isis/application/toolchain/bin/../lib/gcc/arm-none-eabi/4.7.4/../../../../arm-none-eabi/lib\libc_s.a(lib_a-vfscanf_float.o) (sprintf)
c:/isis/application/toolchain/bin/../lib/gcc/arm-none-eabi/4.7.4/../../../../arm-none-eabi/lib\libc_s.a(lib_a-strcmp.o)
                              c:/isis/application/toolchain/bin/../lib/gcc/arm-none-eabi/4.7.4/../../../../arm-none-eabi/lib\libc_s.a(lib_a-locale.o) (strcmp)
c:/isis/application/toolchain/bin/../lib/gcc/arm-none-eabi/4.7.4/../../../../arm-none-eabi/lib\libc_s.a(lib_a-strlen.o)
                              c:/isis/application/toolchain/bin/../lib/gcc/arm-none-eabi/4.7.4/../../../../arm-none-eabi/lib\libc_s.a(lib_a-vfprintf_float.o) (strlen)
c:/isis/application/toolchain/bin/../lib/gcc/arm-none-eabi/4.7.4/../../../../arm-none-eabi/lib\libc_s.a(lib_a-strtod.o)
                              c:/isis/application/toolchain/bin/../lib/gcc/arm-none-eabi/4.7.4/../../../../arm-none-eabi/lib\libc_s.a(lib_a-vfscanf_float.o) (_strtod_r)
c:/isis/application/toolchain/bin/../lib/gcc/arm-none-eabi/4.7.4/../../../../arm-none-eabi/lib\libc_s.a(lib_a-strtol.o)
                              c:/isis/application/toolchain/bin/../lib/gcc/arm-none-eabi/4.7.4/../../../../arm-none-eabi/lib\libc_s.a(lib_a-vfscanf_float.o) (_strtol_r)
c:/isis/application/toolchain/bin/../lib/gcc/arm-none-eabi/4.7.4/../../../../arm-none-eabi/lib\libc_s.a(lib_a-svfprintf.o)
                              c:/isis/application/toolchain/bin/../lib/gcc/arm-none-eabi/4.7.4/../../../../arm-none-eabi/lib\libc_s.a(lib_a-sprintf.o) (_svfprintf_r)
[...]
Memory Configuration

Name             Origin             Length             Attributes
sram0            0x00200000         0x00004000         w !xr
sram1            0x00300000         0x00004000         w !xr
sdram            0x20000000         0x02000000         w !xr
*default*        0x00000000         0xffffffff

Linker script and memory map

LOAD c:/isis/application/toolchain/bin/../lib/gcc/arm-none-eabi/4.7.4/../../../../arm-none-eabi/lib\libc_s.a
LOAD ./src/sub-systemCode/Main/CMD/COMM_CMD.o
LOAD ./src/sub-systemCode/Main/CMD/EPS_CMD.o
LOAD ./src/sub-systemCode/Main/CMD/General_CMD.o
LOAD ./src/sub-systemCode/Main/CMD/SW_CMD.o
LOAD ./src/sub-systemCode/Main/CMD/payload_CMD.o
LOAD ./src/sub-systemCode/Main/Ants.o
LOAD ./src/sub-systemCode/Main/EPS.o
LOAD ./src/sub-systemCode/Main/HouseKeeping.o
LOAD ./src/sub-systemCode/Main/Main_Init.o
LOAD ./src/sub-systemCode/Main/commands.o
LOAD ./src/sub-systemCode/Global/Global.o
LOAD ./src/sub-systemCode/Global/GlobalParam.o
LOAD ./src/sub-systemCode/Global/OnlineTM.o
LOAD ./src/sub-systemCode/Global/TLM_management.o
LOAD ./src/sub-systemCode/COMM/APRS.o
LOAD ./src/sub-systemCode/COMM/DelayedCommand_list.o
LOAD ./src/sub-systemCode/COMM/GSC.o
LOAD ./src/sub-systemCode/COMM/TRXVU.o
LOAD ./src/sub-systemCode/ADCS/ADCS.o
LOAD ./src/sub-systemCode/ADCS/Stage_Table.o
LOAD ./src/main.o
LOAD C:/HOOPOE3/satellite-subsystems/demo/..//satellite-subsystems/lib\libSatelliteSubsystemsD.a
LOAD c:/isis/application/toolchain/bin/../lib/gcc/arm-none-eabi/4.7.4/../../../../arm-none-eabi/lib\libm.a
LOAD C:/HOOPOE3/satellite-subsystems/demo/../..//hal/hcc/lib\libHCCD.a
LOAD C:/HOOPOE3/satellite-subsystems/demo/../..//hal/hal/lib\libHALD.a
LOAD C:/HOOPOE3/satellite-subsystems/demo/../..//hal/freertos/lib\libFreeRTOSD.a
LOAD C:/HOOPOE3/satellite-subsystems/demo/../..//hal/at91/lib\libAt91D.a
START GROUP
LOAD c:/isis/application/toolchain/bin/../lib/gcc/arm-none-eabi/4.7.4\libgcc.a
LOAD c:/isis/application/toolchain/bin/../lib/gcc/arm-none-eabi/4.7.4/../../../../arm-none-eabi/lib\libc_s.a
END GROUP

.fixed          0x20000000    0x41128
                0x20000000                . = ALIGN (0x4)
                0x20000000                _sfixed = .
 *(.startup)
 .startup       0x20000000      0x134 C:/HOOPOE3/satellite-subsystems/demo/../..//hal/at91/lib\libAt91D.a(board_cstartup.o)
                0x20000000                entry
 *(.text)
 .text          0x20000134       0x64 C:/HOOPOE3/satellite-subsystems/demo/../..//hal/at91/lib\libAt91D.a(cp15_asm.o)
                0x20000134                _readControlRegister
                0x20000140                _writeControlRegister
                0x20000148                _waitForInterrupt
                0x20000154                _writeTTB
                0x2000015c                _writeDomain
                0x20000164                _writeITLBLockdown
                0x2000016c                _prefetchICacheLine
                0x20000174                _flushDCache
                0x20000180                _flushWriteBuffer
                0x2000018c                _invalidateIDTLBs
 .text          0x20000198      0x114 c:/isis/application/toolchain/bin/../lib/gcc/arm-none-eabi/4.7.4\libgcc.a(_udivsi3.o)
                0x20000198                __aeabi_uidiv
                0x20000198                __udivsi3
                0x2000028c                __aeabi_uidivmod
 .text          0x200002ac      0x148 c:/isis/application/toolchain/bin/../lib/gcc/arm-none-eabi/4.7.4\libgcc.a(_divsi3.o)
                0x200002ac                __divsi3
                0x200002ac                __aeabi_idiv
                0x200003d4                __aeabi_idivmod
 .text          0x200003f4        0x4 c:/isis/application/toolchain/bin/../lib/gcc/arm-none-eabi/4.7.4\libgcc.a(_dvmd_tls.o)
                0x200003f4                __aeabi_idiv0
                0x200003f4                __aeabi_ldiv0
 .text          0x200003f8      0x41c c:/isis/application/toolchain/bin/../lib/gcc/arm-none-eabi/4.7.4\libgcc.a(_arm_addsubdf3.o)
                0x200003f8                __aeabi_drsub
                0x20000400                __aeabi_dsub
                0x20000400                __subdf3
                0x20000404                __aeabi_dadd
                0x20000404                __adddf3
                0x20000714                __floatunsidf
                0x20000714                __aeabi_ui2d
                0x20000738                __floatsidf
                0x20000738                __aeabi_i2d
                0x20000760                __aeabi_f2d
                0x20000760                __extendsfdf2
                0x200007a0                __floatundidf
                0x200007a0                __aeabi_ul2d
                0x200007b4                __floatdidf
                0x200007b4                __aeabi_l2d
 .text          0x20000814      0x49c c:/isis/application/toolchain/bin/../lib/gcc/arm-none-eabi/4.7.4\libgcc.a(_arm_muldivdf3.o)
                0x20000814                __aeabi_dmul
                0x20000814                __muldf3
                0x20000aa4                __divdf3
                0x20000aa4                __aeabi_ddiv
 .text          0x20000cb0      0x144 c:/isis/application/toolchain/bin/../lib/gcc/arm-none-eabi/4.7.4\libgcc.a(_arm_cmpdf2.o)
                0x20000cb0                __gtdf2
                0x20000cb0                __gedf2
                0x20000cb8                __ltdf2
                0x20000cb8                __ledf2
                0x20000cc0                __nedf2
                0x20000cc0                __eqdf2
                0x20000cc0                __cmpdf2
                0x20000d48                __aeabi_cdrcmple
                0x20000d64                __aeabi_cdcmpeq
                0x20000d64                __aeabi_cdcmple
                0x20000d7c                __aeabi_dcmpeq
                0x20000d94                __aeabi_dcmplt
                0x20000dac                __aeabi_dcmple
                0x20000dc4                __aeabi_dcmpge
                0x20000ddc                __aeabi_dcmpgt
 .text          0x20000df4       0x5c c:/isis/application/toolchain/bin/../lib/gcc/arm-none-eabi/4.7.4\libgcc.a(_arm_fixdfsi.o)
                0x20000df4                __aeabi_d2iz
                0x20000df4                __fixdfsi
 .text          0x20000e50       0x54 c:/isis/application/toolchain/bin/../lib/gcc/arm-none-eabi/4.7.4\libgcc.a(_arm_fixunsdfsi.o)
                0x20000e50                __aeabi_d2uiz
                0x20000e50                __fixunsdfsi
 .text          0x20000ea4       0xa0 c:/isis/application/toolchain/bin/../lib/gcc/arm-none-eabi/4.7.4\libgcc.a(_arm_truncdfsf2.o)
                0x20000ea4                __truncdfsf2
                0x20000ea4                __aeabi_d2f
 .text          0x20000f44      0x2ac c:/isis/application/toolchain/bin/../lib/gcc/arm-none-eabi/4.7.4\libgcc.a(_arm_addsubsf3.o)
                0x20000f44                __aeabi_frsub
                0x20000f4c                __subsf3
                0x20000f4c                __aeabi_fsub
                0x20000f50                __aeabi_fadd
                0x20000f50                __addsf3
                0x2000110c                __aeabi_ui2f
                0x2000110c                __floatunsisf
                0x20001114                __aeabi_i2f
                0x20001114                __floatsisf
                0x20001134                __aeabi_ul2f
                0x20001134                __floatundisf
                0x20001144                __aeabi_l2f
                0x20001144                __floatdisf
 .text          0x200011f0      0x2f8 c:/isis/application/toolchain/bin/../lib/gcc/arm-none-eabi/4.7.4\libgcc.a(_arm_muldivsf3.o)
                0x200011f0                __mulsf3
                0x200011f0                __aeabi_fmul
                0x20001388                __aeabi_fdiv
                0x20001388                __divsf3
 .text          0x200014e8       0x54 c:/isis/application/toolchain/bin/../lib/gcc/arm-none-eabi/4.7.4\libgcc.a(_arm_fixunssfsi.o)
                0x200014e8                __fixunssfsi
                0x200014e8                __aeabi_f2uiz
 *(.text*)
 .text.__cvt    0x2000153c      0x138 c:/isis/application/toolchain/bin/../lib/gcc/arm-none-eabi/4.7.4/../../../../arm-none-eabi/lib\libc_s.a(lib_a-vfprintf_float.o)
                0x2000153c                __cvt
 .text.__exponent
                0x20001674       0xa8 c:/isis/application/toolchain/bin/../lib/gcc/arm-none-eabi/4.7.4/../../../../arm-none-eabi/lib\libc_s.a(lib_a-vfprintf_float.o)
                0x20001674                __exponent
 .text._printf_float
                0x2000171c      0x7dc c:/isis/application/toolchain/bin/../lib/gcc/arm-none-eabi/4.7.4/../../../../arm-none-eabi/lib\libc_s.a(lib_a-vfprintf_float.o)
                0x2000171c                _printf_float
 .text._printf_common
                0x20001ef8      0x174 c:/isis/application/toolchain/bin/../lib/gcc/arm-none-eabi/4.7.4/../../../../arm-none-eabi/lib\libc_s.a(lib_a-vfprintf_i.o)
                0x20001ef8                _printf_common
 .text._printf_i
                0x2000206c      0x3c4 c:/isis/application/toolchain/bin/../lib/gcc/arm-none-eabi/4.7.4/../../../../arm-none-eabi/lib\libc_s.a(lib_a-vfprintf_i.o)
                0x2000206c                _printf_i
 .text._scanf_float
                0x20002430      0x5f4 c:/isis/application/toolchain/bin/../lib/gcc/arm-none-eabi/4.7.4/../../../../arm-none-eabi/lib\libc_s.a(lib_a-vfscanf_float.o)
                0x20002430                _scanf_float
 .text.quorem   0x20002a24      0x1ac c:/isis/application/toolchain/bin/../lib/gcc/arm-none-eabi/4.7.4/../../../../arm-none-eabi/lib\libc_s.a(lib_a-dtoa.o)
 .text._dtoa_r  0x20002bd0     0x1268 c:/isis/application/toolchain/bin/../lib/gcc/arm-none-eabi/4.7.4/../../../../arm-none-eabi/lib\libc_s.a(lib_a-dtoa.o)
                0x20002bd0                _dtoa_r
 .text._localeconv_r
                0x20003e38        0xc c:/isis/application/toolchain/bin/../lib/gcc/arm-none-eabi/4.7.4/../../../../arm-none-eabi/lib\libc_s.a(lib_a-locale.o)
                0x20003e38                _localeconv_r
 .text.malloc   0x20003e44       0x20 c:/isis/application/toolchain/bin/../lib/gcc/arm-none-eabi/4.7.4/../../../../arm-none-eabi/lib\libc_s.a(lib_a-malloc.o)
                0x20003e44                malloc
 .text.free     0x20003e64       0x20 c:/isis/application/toolchain/bin/../lib/gcc/arm-none-eabi/4.7.4/../../../../arm-none-eabi/lib\libc_s.a(lib_a-malloc.o)
                0x20003e64                free
 .text._malloc_r
                0x20003e84       0xfc c:/isis/application/toolchain/bin/../lib/gcc/arm-none-eabi/4.7.4/../../../../arm-none-eabi/lib\libc_s.a(lib_a-mallocr.o)
                0x20003e84                _malloc_r
 .text.memcpy   0x20003f80       0x20 c:/isis/application/toolchain/bin/../lib/gcc/arm-none-eabi/4.7.4/../../../../arm-none-eabi/lib\libc_s.a(lib_a-memcpy.o)
                0x20003f80                memcpy
 .text._Balloc  0x20003fa0       0xcc c:/isis/application/toolchain/bin/../lib/gcc/arm-none-eabi/4.7.4/../../../../arm-none-eabi/lib\libc_s.a(lib_a-mprec.o)
                0x20003fa0                _Balloc
 .text._Bfree   0x2000406c       0x5c c:/isis/application/toolchain/bin/../lib/gcc/arm-none-eabi/4.7.4/../../../../arm-none-eabi/lib\libc_s.a(lib_a-mprec.o)
                0x2000406c                _Bfree
 .text.__multadd
                0x200040c8       0xbc c:/isis/application/toolchain/bin/../lib/gcc/arm-none-eabi/4.7.4/../../../../arm-none-eabi/lib\libc_s.a(lib_a-mprec.o)
                0x200040c8                __multadd
 .text.__s2b    0x20004184       0xd8 c:/isis/application/toolchain/bin/../lib/gcc/arm-none-eabi/4.7.4/../../../../arm-none-eabi/lib\libc_s.a(lib_a-mprec.o)
                0x20004184                __s2b
 .text.__hi0bits
                0x2000425c       0x58 c:/isis/application/toolchain/bin/../lib/gcc/arm-none-eabi/4.7.4/../../../../arm-none-eabi/lib\libc_s.a(lib_a-mprec.o)
                0x2000425c                __hi0bits
 .text.__lo0bits
                0x200042b4       0x94 c:/isis/application/toolchain/bin/../lib/gcc/arm-none-eabi/4.7.4/../../../../arm-none-eabi/lib\libc_s.a(lib_a-mprec.o)
                0x200042b4                __lo0bits
 .text.__i2b    0x20004348       0x24 c:/isis/application/toolchain/bin/../lib/gcc/arm-none-eabi/4.7.4/../../../../arm-none-eabi/lib\libc_s.a(lib_a-mprec.o)
                0x20004348                __i2b
 .text.__multiply
                0x2000436c      0x1ac c:/isis/application/toolchain/bin/../lib/gcc/arm-none-eabi/4.7.4/../../../../arm-none-eabi/lib\libc_s.a(lib_a-mprec.o)
                0x2000436c                __multiply
 .text.__pow5mult
                0x20004518      0x10c c:/isis/application/toolchain/bin/../lib/gcc/arm-none-eabi/4.7.4/../../../../arm-none-eabi/lib\libc_s.a(lib_a-mprec.o)
                0x20004518                __pow5mult
 .text.__lshift
                0x20004624       0xf0 c:/isis/application/toolchain/bin/../lib/gcc/arm-none-eabi/4.7.4/../../../../arm-none-eabi/lib\libc_s.a(lib_a-mprec.o)
                0x20004624                __lshift
 .text.__mcmp   0x20004714       0x60 c:/isis/application/toolchain/bin/../lib/gcc/arm-none-eabi/4.7.4/../../../../arm-none-eabi/lib\libc_s.a(lib_a-mprec.o)
                0x20004714                __mcmp
 .text.__mdiff  0x20004774      0x128 c:/isis/application/toolchain/bin/../lib/gcc/arm-none-eabi/4.7.4/../../../../arm-none-eabi/lib\libc_s.a(lib_a-mprec.o)
                0x20004774                __mdiff
 .text.__ulp    0x2000489c       0x5c c:/isis/application/toolchain/bin/../lib/gcc/arm-none-eabi/4.7.4/../../../../arm-none-eabi/lib\libc_s.a(lib_a-mprec.o)
                0x2000489c                __ulp
 .text.__b2d    0x200048f8       0xc8 c:/isis/application/toolchain/bin/../lib/gcc/arm-none-eabi/4.7.4/../../../../arm-none-eabi/lib\libc_s.a(lib_a-mprec.o)
                0x200048f8                __b2d
 .text.__d2b    0x200049c0       0xfc c:/isis/application/toolchain/bin/../lib/gcc/arm-none-eabi/4.7.4/../../../../arm-none-eabi/lib\libc_s.a(lib_a-mprec.o)
                0x200049c0                __d2b
 .text.__ratio  0x20004abc       0x70 c:/isis/application/toolchain/bin/../lib/gcc/arm-none-eabi/4.7.4/../../../../arm-none-eabi/lib\libc_s.a(lib_a-mprec.o)
                0x20004abc                __ratio
 .text.__copybits
                0x20004b2c       0x4c c:/isis/application/toolchain/bin/../lib/gcc/arm-none-eabi/4.7.4/../../../../arm-none-eabi/lib\libc_s.a(lib_a-mprec.o)
                0x20004b2c                __copybits
 .text.__any_on
                0x20004b78       0x7c c:/isis/application/toolchain/bin/../lib/gcc/arm-none-eabi/4.7.4/../../../../arm-none-eabi/lib\libc_s.a(lib_a-mprec.o)
                0x20004b78                __any_on
 .text.__fpclassifyd
                0x20004bf4       0x6c c:/isis/application/toolchain/bin/../lib/gcc/arm-none-eabi/4.7.4/../../../../arm-none-eabi/lib\libc_s.a(lib_a-s_fpclassify.o)
                0x20004bf4                __fpclassifyd
 .text._sbrk_r  0x20004c60       0x3c c:/isis/application/toolchain/bin/../lib/gcc/arm-none-eabi/4.7.4/../../../../arm-none-eabi/lib\libc_s.a(lib_a-sbrkr.o)
                0x20004c60                _sbrk_r
 .text.nanf     0x20004c9c        0xc c:/isis/application/toolchain/bin/../lib/gcc/arm-none-eabi/4.7.4/../../../../arm-none-eabi/lib\libc_s.a(lib_a-sf_nan.o)
                0x20004c9c                nanf
 .text.sprintf  0x20004ca8       0x6c c:/isis/application/toolchain/bin/../lib/gcc/arm-none-eabi/4.7.4/../../../../arm-none-eabi/lib\libc_s.a(lib_a-sprintf.o)
                0x20004ca8                siprintf
                0x20004ca8                sprintf
 .text.strcmp   0x20004d14       0x1c c:/isis/application/toolchain/bin/../lib/gcc/arm-none-eabi/4.7.4/../../../../arm-none-eabi/lib\libc_s.a(lib_a-strcmp.o)
                0x20004d14                strcmp
 .text.strlen   0x20004d30       0x1c c:/isis/application/toolchain/bin/../lib/gcc/arm-none-eabi/4.7.4/../../../../arm-none-eabi/lib\libc_s.a(lib_a-strlen.o)
                0x20004d30                strlen
 .text.match    0x20004d4c       0x54 c:/isis/application/toolchain/bin/../lib/gcc/arm-none-eabi/4.7.4/../../../../arm-none-eabi/lib\libc_s.a(lib_a-strtod.o)
 .text._strtod_r
                0x20004da0     0x1168 c:/isis/application/toolchain/bin/../lib/gcc/arm-none-eabi/4.7.4/../../../../arm-none-eabi/lib\libc_s.a(lib_a-strtod.o)
                0x20004da0                _strtod_r
 .text._strtol_r
                0x20005f08      0x1b8 c:/isis/application/toolchain/bin/../lib/gcc/arm-none-eabi/4.7.4/../../../../arm-none-eabi/lib\libc_s.a(lib_a-strtol.o)
                0x20005f08                _strtol_r
 .text.__ssputc_r
                0x200060c0      0x10c c:/isis/application/toolchain/bin/../lib/gcc/arm-none-eabi/4.7.4/../../../../arm-none-eabi/lib\libc_s.a(lib_a-svfprintf.o)
                0x200060c0                __ssputc_r
 .text._svfprintf_r
                0x200061cc      0x328 c:/isis/application/toolchain/bin/../lib/gcc/arm-none-eabi/4.7.4/../../../../arm-none-eabi/lib\libc_s.a(lib_a-svfprintf.o)
                0x200061cc                _svfiprintf_r
                0x200061cc                _svfprintf_r
 .text._calloc_r
                0x200064f4       0x2c c:/isis/application/toolchain/bin/../lib/gcc/arm-none-eabi/4.7.4/../../../../arm-none-eabi/lib\libc_s.a(lib_a-callocr.o)
                0x200064f4                _calloc_r
 .text._free_r  0x20006520      0x108 c:/isis/application/toolchain/bin/../lib/gcc/arm-none-eabi/4.7.4/../../../../arm-none-eabi/lib\libc_s.a(lib_a-freer.o)
                0x20006520                _free_r
 .text.rshift   0x20006628       0xb0 c:/isis/application/toolchain/bin/../lib/gcc/arm-none-eabi/4.7.4/../../../../arm-none-eabi/lib\libc_s.a(lib_a-gdtoa-gethex.o)
 .text.htinit.constprop.0
                0x200066d8       0x34 c:/isis/application/toolchain/bin/../lib/gcc/arm-none-eabi/4.7.4/../../../../arm-none-eabi/lib\libc_s.a(lib_a-gdtoa-gethex.o)
 .text.__hexdig_init
                0x2000670c       0x38 c:/isis/application/toolchain/bin/../lib/gcc/arm-none-eabi/4.7.4/../../../../arm-none-eabi/lib\libc_s.a(lib_a-gdtoa-gethex.o)
                0x2000670c                __hexdig_init
 .text.__gethex
                0x20006744      0x6cc c:/isis/application/toolchain/bin/../lib/gcc/arm-none-eabi/4.7.4/../../../../arm-none-eabi/lib\libc_s.a(lib_a-gdtoa-gethex.o)
                0x20006744                __gethex
 .text.L_shift  0x20006e10       0x38 c:/isis/application/toolchain/bin/../lib/gcc/arm-none-eabi/4.7.4/../../../../arm-none-eabi/lib\libc_s.a(lib_a-gdtoa-hexnan.o)
 .text.__hexnan
                0x20006e48      0x1d8 c:/isis/application/toolchain/bin/../lib/gcc/arm-none-eabi/4.7.4/../../../../arm-none-eabi/lib\libc_s.a(lib_a-gdtoa-hexnan.o)
                0x20006e48                __hexnan
 .text.memchr   0x20007020       0x34 c:/isis/application/toolchain/bin/../lib/gcc/arm-none-eabi/4.7.4/../../../../arm-none-eabi/lib\libc_s.a(lib_a-memchr.o)
                0x20007020                memchr
 .text.memset   0x20007054       0x1c c:/isis/application/toolchain/bin/../lib/gcc/arm-none-eabi/4.7.4/../../../../arm-none-eabi/lib\libc_s.a(lib_a-memset.o)
                0x20007054                memset
 .text._realloc_r
                0x20007070       0x80 c:/isis/application/toolchain/bin/../lib/gcc/arm-none-eabi/4.7.4/../../../../arm-none-eabi/lib\libc_s.a(lib_a-reallocr.o)
                0x20007070                _realloc_r
 .text.strncmp  0x200070f0       0x64 c:/isis/application/toolchain/bin/../lib/gcc/arm-none-eabi/4.7.4/../../../../arm-none-eabi/lib\libc_s.a(lib_a-strncmp.o)
                0x200070f0                strncmp
 .text._malloc_usable_size_r
                0x20007154       0x1c c:/isis/application/toolchain/bin/../lib/gcc/arm-none-eabi/4.7.4/../../../../arm-none-eabi/lib\libc_s.a(lib_a-msizer.o)
                0x20007154                _malloc_usable_size_r
 .text.cmd_mute
                0x20007170       0xc4 ./src/sub-systemCode/Main/CMD/COMM_CMD.o
                0x20007170                cmd_mute
 .text.cmd_unmute
                0x20007234       0x4c ./src/sub-systemCode/Main/CMD/COMM_CMD.o
                0x20007234                cmd_unmute
 .text.cmd_active_trans
                0x20007280       0xc0 ./src/sub-systemCode/Main/CMD/COMM_CMD.o
                0x20007280                cmd_active_trans
 .text.cmd_shut_trans
                0x20007340       0x38 ./src/sub-systemCode/Main/CMD/COMM_CMD.o
                0x20007340                cmd_shut_trans
 .text.cmd_change_trans_rssi
                0x20007378      0x100 ./src/sub-systemCode/Main/CMD/COMM_CMD.o
                0x20007378                cmd_change_trans_rssi
 .text.cmd_aprs_dump
                0x20007478       0x50 ./src/sub-systemCode/Main/CMD/COMM_CMD.o
                0x20007478                cmd_aprs_dump
 .text.cmd_stop_dump
                0x200074c8       0x38 ./src/sub-systemCode/Main/CMD/COMM_CMD.o
                0x200074c8                cmd_stop_dump
 .text.cmd_time_frequency
                0x20007500       0xc0 ./src/sub-systemCode/Main/CMD/COMM_CMD.o
                0x20007500                cmd_time_frequency
 .text.cmd_change_def_bit_rate
                0x200075c0      0x158 ./src/sub-systemCode/Main/CMD/COMM_CMD.o
                0x200075c0                cmd_change_def_bit_rate
 .text.cmd_upload_volt_logic
                0x20007718      0x334 ./src/sub-systemCode/Main/CMD/EPS_CMD.o
                0x20007718                cmd_upload_volt_logic
 .text.cmd_upload_volt_COMM
                0x20007a4c      0x1c8 ./src/sub-systemCode/Main/CMD/EPS_CMD.o
                0x20007a4c                cmd_upload_volt_COMM
 .text.cmd_heater_temp
                0x20007c14       0xc0 ./src/sub-systemCode/Main/CMD/EPS_CMD.o
                0x20007c14                cmd_heater_temp
 .text.cmd_SHUT_CAM
                0x20007cd4       0x6c ./src/sub-systemCode/Main/CMD/EPS_CMD.o
                0x20007cd4                cmd_SHUT_CAM
 .text.cmd_SHUT_ADCS
                0x20007d40       0x6c ./src/sub-systemCode/Main/CMD/EPS_CMD.o
                0x20007d40                cmd_SHUT_ADCS
 .text.cmd_allow_CAM
                0x20007dac       0x6c ./src/sub-systemCode/Main/CMD/EPS_CMD.o
                0x20007dac                cmd_allow_CAM
 .text.cmd_allow_ADCS
                0x20007e18       0x6c ./src/sub-systemCode/Main/CMD/EPS_CMD.o
                0x20007e18                cmd_allow_ADCS
 .text.cmd_update_alpha
                0x20007e84      0x130 ./src/sub-systemCode/Main/CMD/EPS_CMD.o
                0x20007e84                cmd_update_alpha
 .text.cmd_generic_I2C
                0x20007fb4       0xb4 ./src/sub-systemCode/Main/CMD/General_CMD.o
                0x20007fb4                cmd_generic_I2C
 .text.cmd_dump
                0x20008068       0xf0 ./src/sub-systemCode/Main/CMD/General_CMD.o
                0x20008068                cmd_dump
 .text.cmd_delete_TM
                0x20008158      0x234 ./src/sub-systemCode/Main/CMD/General_CMD.o
                0x20008158                cmd_delete_TM
 .text.cmd_reset_file
                0x2000838c      0x118 ./src/sub-systemCode/Main/CMD/General_CMD.o
                0x2000838c                cmd_reset_file
 .text.cmd_dummy_func
                0x200084a4       0x40 ./src/sub-systemCode/Main/CMD/General_CMD.o
                0x200084a4                cmd_dummy_func
 .text.cmd_soft_reset_cmponent
                0x200084e4       0xac ./src/sub-systemCode/Main/CMD/General_CMD.o
                0x200084e4                cmd_soft_reset_cmponent
 .text.cmd_hard_reset_cmponent
                0x20008590       0xac ./src/sub-systemCode/Main/CMD/General_CMD.o
                0x20008590                cmd_hard_reset_cmponent
 .text.cmd_reset_satellite
                0x2000863c       0x78 ./src/sub-systemCode/Main/CMD/General_CMD.o
                0x2000863c                cmd_reset_satellite
 .text.cmd_gracefull_reset_satellite
                0x200086b4       0x78 ./src/sub-systemCode/Main/CMD/General_CMD.o
                0x200086b4                cmd_gracefull_reset_satellite
 .text.cmd_upload_time
                0x2000872c       0xb0 ./src/sub-systemCode/Main/CMD/General_CMD.o
                0x2000872c                cmd_upload_time
 .text.cmd_ARM_DIARM
                0x200087dc       0xd4 ./src/sub-systemCode/Main/CMD/General_CMD.o
                0x200087dc                cmd_ARM_DIARM
 .text.cmd_get_onlineTM
                0x200088b0       0xb8 ./src/sub-systemCode/Main/CMD/General_CMD.o
                0x200088b0                cmd_get_onlineTM
 .text.cmd_reset_off_line
                0x20008968       0x68 ./src/sub-systemCode/Main/CMD/General_CMD.o
                0x20008968                cmd_reset_off_line
 .text.cmd_add_item_off_line
                0x200089d0       0xf0 ./src/sub-systemCode/Main/CMD/General_CMD.o
                0x200089d0                cmd_add_item_off_line
 .text.cmd_reset_delayed_command_list
                0x20008ac0       0x3c ./src/sub-systemCode/Main/CMD/SW_CMD.o
                0x20008ac0                cmd_reset_delayed_command_list
 .text.cmd_reset_APRS_list
                0x20008afc       0x3c ./src/sub-systemCode/Main/CMD/SW_CMD.o
                0x20008afc                cmd_reset_APRS_list
 .text.cmd_reset_FRAM
                0x20008b38       0xe8 ./src/sub-systemCode/Main/CMD/SW_CMD.o
                0x20008b38                cmd_reset_FRAM
 .text.ARM_ants
                0x20008c20       0xb8 ./src/sub-systemCode/Main/Ants.o
                0x20008c20                ARM_ants
 .text.DISARM_ants
                0x20008cd8       0xb8 ./src/sub-systemCode/Main/Ants.o
                0x20008cd8                DISARM_ants
 .text.round_vol
                0x20008d90      0x124 ./src/sub-systemCode/Main/EPS.o
                0x20008d90                round_vol
 .text.get_shut_ADCS
                0x20008eb4       0x48 ./src/sub-systemCode/Main/EPS.o
                0x20008eb4                get_shut_ADCS
 .text.shut_ADCS
                0x20008efc       0x44 ./src/sub-systemCode/Main/EPS.o
                0x20008efc                shut_ADCS
 .text.get_shut_CAM
                0x20008f40       0x48 ./src/sub-systemCode/Main/EPS.o
                0x20008f40                get_shut_CAM
 .text.shut_CAM
                0x20008f88       0x44 ./src/sub-systemCode/Main/EPS.o
                0x20008f88                shut_CAM
 .text.update_powerLines
                0x20008fcc       0xec ./src/sub-systemCode/Main/EPS.o
                0x20008fcc                update_powerLines
 .text.init_enterMode
                0x200090b8       0x88 ./src/sub-systemCode/Main/EPS.o
                0x200090b8                init_enterMode
 .text.EPS_Init
                0x20009140      0x1c8 ./src/sub-systemCode/Main/EPS.o
                0x20009140                EPS_Init
 .text.reset_FRAM_EPS
                0x20009308       0xf4 ./src/sub-systemCode/Main/EPS.o
                0x20009308                reset_FRAM_EPS
 .text.reset_EPS_voltages
                0x200093fc       0xbc ./src/sub-systemCode/Main/EPS.o
                0x200093fc                reset_EPS_voltages
 .text.battery_downward
                0x200094b8      0x114 ./src/sub-systemCode/Main/EPS.o
                0x200094b8                battery_downward
 .text.battery_upward
                0x200095cc      0x120 ./src/sub-systemCode/Main/EPS.o
                0x200095cc                battery_upward
 .text.EPS_Conditioning
                0x200096ec      0x2bc ./src/sub-systemCode/Main/EPS.o
                0x200096ec                EPS_Conditioning
 .text.overRide_ADCS
                0x200099a8       0x50 ./src/sub-systemCode/Main/EPS.o
                0x200099a8                overRide_ADCS
 .text.overRide_Camera
                0x200099f8       0x38 ./src/sub-systemCode/Main/EPS.o
                0x200099f8                overRide_Camera
 .text.EnterFullMode
                0x20009a30       0xfc ./src/sub-systemCode/Main/EPS.o
                0x20009a30                EnterFullMode
 .text.EnterCruiseMode
                0x20009b2c       0xec ./src/sub-systemCode/Main/EPS.o
                0x20009b2c                EnterCruiseMode
 .text.EnterSafeMode
                0x20009c18       0xec ./src/sub-systemCode/Main/EPS.o
                0x20009c18                EnterSafeMode
 .text.EnterCriticalMode
                0x20009d04       0xd8 ./src/sub-systemCode/Main/EPS.o
                0x20009d04                EnterCriticalMode
 .text.check_EPSTableCorrection
                0x20009ddc      0x150 ./src/sub-systemCode/Main/EPS.o
                0x20009ddc                check_EPSTableCorrection
 .text.find_fileName
                0x20009f2c      0x5e4 ./src/sub-systemCode/Main/HouseKeeping.o
                0x20009f2c                find_fileName
 .text.size_of_element
                0x2000a510      0x108 ./src/sub-systemCode/Main/HouseKeeping.o
                0x2000a510                size_of_element
 .text.save_ACK
                0x2000a618       0xa0 ./src/sub-systemCode/Main/HouseKeeping.o
                0x2000a618                save_ACK
 .text.set_GP_EPS
                0x2000a6b8      0x10c ./src/sub-systemCode/Main/HouseKeeping.o
                0x2000a6b8                set_GP_EPS
 .text.set_GP_COMM
                0x2000a7c4       0x88 ./src/sub-systemCode/Main/HouseKeeping.o
                0x2000a7c4                set_GP_COMM
 .text.SP_HK_collect
                0x2000a84c      0x17c ./src/sub-systemCode/Main/HouseKeeping.o
                0x2000a84c                SP_HK_collect
 .text.EPS_HK_collect
                0x2000a9c8      0x4d8 ./src/sub-systemCode/Main/HouseKeeping.o
                0x2000a9c8                EPS_HK_collect
 .text.CAM_HK_collect
                0x2000aea0      0x91c ./src/sub-systemCode/Main/HouseKeeping.o
                0x2000aea0                CAM_HK_collect
 .text.COMM_HK_collect
                0x2000b7bc      0x154 ./src/sub-systemCode/Main/HouseKeeping.o
                0x2000b7bc                COMM_HK_collect
 .text.COMM_create_file
                0x2000b910       0x74 ./src/sub-systemCode/Main/HouseKeeping.o
                0x2000b910                COMM_create_file
 .text.ACK_create_file
                0x2000b984       0x74 ./src/sub-systemCode/Main/HouseKeeping.o
                0x2000b984                ACK_create_file
 .text.EPS_create_file
                0x2000b9f8       0x74 ./src/sub-systemCode/Main/HouseKeeping.o
                0x2000b9f8                EPS_create_file
 .text.CAM_create_file
                0x2000ba6c       0x54 ./src/sub-systemCode/Main/HouseKeeping.o
                0x2000ba6c                CAM_create_file
 .text.SP_create_file
                0x2000bac0       0x54 ./src/sub-systemCode/Main/HouseKeeping.o
                0x2000bac0                SP_create_file
 .text.create_files
                0x2000bb14       0x48 ./src/sub-systemCode/Main/HouseKeeping.o
                0x2000bb14                create_files
 .text.save_SP_HK
                0x2000bb5c       0x70 ./src/sub-systemCode/Main/HouseKeeping.o
                0x2000bb5c                save_SP_HK
 .text.save_EPS_HK
                0x2000bbcc       0x70 ./src/sub-systemCode/Main/HouseKeeping.o
                0x2000bbcc                save_EPS_HK
 .text.save_CAM_HK
                0x2000bc3c       0x84 ./src/sub-systemCode/Main/HouseKeeping.o
                0x2000bc3c                save_CAM_HK
 .text.save_COMM_HK
                0x2000bcc0       0x70 ./src/sub-systemCode/Main/HouseKeeping.o
                0x2000bcc0                save_COMM_HK
 .text.EPS_HK_raw_BigEnE
                0x2000bd30      0x194 ./src/sub-systemCode/Main/HouseKeeping.o
                0x2000bd30                EPS_HK_raw_BigEnE
 .text.CAM_HK_raw_BigEnE
                0x2000bec4      0x194 ./src/sub-systemCode/Main/HouseKeeping.o
                0x2000bec4                CAM_HK_raw_BigEnE
 .text.COMM_HK_raw_BigEnE
                0x2000c058      0x194 ./src/sub-systemCode/Main/HouseKeeping.o
                0x2000c058                COMM_HK_raw_BigEnE
 .text.ADCS_HK_raw_BigEnE
                0x2000c1ec      0x194 ./src/sub-systemCode/Main/HouseKeeping.o
                0x2000c1ec                ADCS_HK_raw_BigEnE
 .text.SP_HK_raw_BiEnE
                0x2000c380      0x194 ./src/sub-systemCode/Main/HouseKeeping.o
                0x2000c380                SP_HK_raw_BiEnE
 .text.ADCS_SC_raw_BigEnE
                0x2000c514      0x188 ./src/sub-systemCode/Main/HouseKeeping.o
                0x2000c514                ADCS_SC_raw_BigEnE
 .text.build_HK_spl_packet
                0x2000c69c      0xa2c ./src/sub-systemCode/Main/HouseKeeping.o
                0x2000c69c                build_HK_spl_packet
 .text.HouseKeeping_highRate_Task
                0x2000d0c8       0x88 ./src/sub-systemCode/Main/HouseKeeping.o
                0x2000d0c8                HouseKeeping_highRate_Task
 .text.HouseKeeping_lowRate_Task
                0x2000d150       0x84 ./src/sub-systemCode/Main/HouseKeeping.o
                0x2000d150                HouseKeeping_lowRate_Task
 .text.test_menu
                0x2000d1d4       0xd8 ./src/sub-systemCode/Main/Main_Init.o
                0x2000d1d4                test_menu
 .text.numberOfRestarts
                0x2000d2ac       0x94 ./src/sub-systemCode/Main/Main_Init.o
                0x2000d2ac                numberOfRestarts
 .text.StartFRAM
                0x2000d340       0x38 ./src/sub-systemCode/Main/Main_Init.o
                0x2000d340                StartFRAM
 .text.StartI2C
                0x2000d378       0x44 ./src/sub-systemCode/Main/Main_Init.o
                0x2000d378                StartI2C
 .text.StartSPI
                0x2000d3bc       0x40 ./src/sub-systemCode/Main/Main_Init.o
                0x2000d3bc                StartSPI
 .text.StartTIME
                0x2000d3fc      0x118 ./src/sub-systemCode/Main/Main_Init.o
                0x2000d3fc                StartTIME
 .text.first_activation
                0x2000d514       0x78 ./src/sub-systemCode/Main/Main_Init.o
                0x2000d514                first_activation
 .text.InitSubsystems
                0x2000d58c       0x68 ./src/sub-systemCode/Main/Main_Init.o
                0x2000d58c                InitSubsystems
 .text.SubSystemTaskStart
                0x2000d5f4      0x11c ./src/sub-systemCode/Main/Main_Init.o
                0x2000d5f4                SubSystemTaskStart
 .text.save_ACK_s
                0x2000d710       0x5c ./src/sub-systemCode/Main/commands.o
                0x2000d710                save_ACK_s
 .text.copy_command
                0x2000d76c       0x80 ./src/sub-systemCode/Main/commands.o
                0x2000d76c                copy_command
 .text.reset_command
                0x2000d7ec       0x28 ./src/sub-systemCode/Main/commands.o
                0x2000d7ec                reset_command
 .text.init_command
                0x2000d814       0xd4 ./src/sub-systemCode/Main/commands.o
                0x2000d814                init_command
 .text.add_command
                0x2000d8e8      0x138 ./src/sub-systemCode/Main/commands.o
                0x2000d8e8                add_command
 .text.get_command
                0x2000da20      0x1cc ./src/sub-systemCode/Main/commands.o
                0x2000da20                get_command
 .text.act_upon_command
                0x2000dbec      0x200 ./src/sub-systemCode/Main/commands.o
                0x2000dbec                act_upon_command
 .text.cmd_error
                0x2000ddec       0x38 ./src/sub-systemCode/Main/commands.o
                0x2000ddec                cmd_error
 .text.AUC_COMM
                0x2000de24      0x25c ./src/sub-systemCode/Main/commands.o
                0x2000de24                AUC_COMM
 .text.AUC_general
                0x2000e080      0x474 ./src/sub-systemCode/Main/commands.o
                0x2000e080                AUC_general
 .text.AUC_payload
                0x2000e4f4      0x110 ./src/sub-systemCode/Main/commands.o
                0x2000e4f4                AUC_payload
 .text.AUC_EPS  0x2000e604      0x28c ./src/sub-systemCode/Main/commands.o
                0x2000e604                AUC_EPS
 .text.AUC_ADCS
                0x2000e890       0x5c ./src/sub-systemCode/Main/commands.o
                0x2000e890                AUC_ADCS
 .text.AUC_SW   0x2000e8ec       0xe4 ./src/sub-systemCode/Main/commands.o
                0x2000e8ec                AUC_SW
 .text.AUC_onlineTM
                0x2000e9d0      0x16c ./src/sub-systemCode/Main/commands.o
                0x2000e9d0                AUC_onlineTM
 .text.AUC_special_operation
                0x2000eb3c       0x8c ./src/sub-systemCode/Main/commands.o
                0x2000eb3c                AUC_special_operation
 .text.check_int
                0x2000ebc8       0x3c ./src/sub-systemCode/Global/Global.o
                0x2000ebc8                check_int
 .text.check_portBASE_TYPE
                0x2000ec04       0x3c ./src/sub-systemCode/Global/Global.o
                0x2000ec04                check_portBASE_TYPE
 .text.soft_reset_subsystem
                0x2000ec40       0xd8 ./src/sub-systemCode/Global/Global.o
                0x2000ec40                soft_reset_subsystem
 .text.hard_reset_subsystem
                0x2000ed18      0x104 ./src/sub-systemCode/Global/Global.o
                0x2000ed18                hard_reset_subsystem
 .text.BigEnE_raw_to_uInt
                0x2000ee1c       0x94 ./src/sub-systemCode/Global/Global.o
                0x2000ee1c                BigEnE_raw_to_uInt
 .text.BigEnE_raw_to_uShort
                0x2000eeb0       0x50 ./src/sub-systemCode/Global/Global.o
                0x2000eeb0                BigEnE_raw_to_uShort
 .text.BigEnE_uInt_to_raw
                0x2000ef00       0x78 ./src/sub-systemCode/Global/Global.o
                0x2000ef00                BigEnE_uInt_to_raw
 .text.reset_FRAM_MAIN
                0x2000ef78      0x19c ./src/sub-systemCode/Global/Global.o
                0x2000ef78                reset_FRAM_MAIN
 .text.terminateTask
                0x2000f114       0x18 ./src/sub-systemCode/Global/Global.o
                0x2000f114                terminateTask
 .text.init_GP  0x2000f12c      0x300 ./src/sub-systemCode/Global/GlobalParam.o
                0x2000f12c                init_GP
 .text.get_system_state
                0x2000f42c      0x268 ./src/sub-systemCode/Global/GlobalParam.o
                0x2000f42c                get_system_state
 .text.set_system_state
                0x2000f694      0x298 ./src/sub-systemCode/Global/GlobalParam.o
                0x2000f694                set_system_state
 .text.get_current_global_param
                0x2000f92c      0x5c8 ./src/sub-systemCode/Global/GlobalParam.o
                0x2000f92c                get_current_global_param
 .text.set_Vbatt
                0x2000fef4       0x8c ./src/sub-systemCode/Global/GlobalParam.o
                0x2000fef4                set_Vbatt
 .text.get_Vbatt
                0x2000ff80       0x8c ./src/sub-systemCode/Global/GlobalParam.o
                0x2000ff80                get_Vbatt
 .text.set_curBat
                0x2001000c       0x8c ./src/sub-systemCode/Global/GlobalParam.o
                0x2001000c                set_curBat
 .text.set_cur3V3
                0x20010098       0x8c ./src/sub-systemCode/Global/GlobalParam.o
                0x20010098                set_cur3V3
 .text.set_cur5V
                0x20010124       0x8c ./src/sub-systemCode/Global/GlobalParam.o
                0x20010124                set_cur5V
 .text.set_tempComm_LO
                0x200101b0       0x8c ./src/sub-systemCode/Global/GlobalParam.o
                0x200101b0                set_tempComm_LO
 .text.set_tempComm_PA
                0x2001023c       0x8c ./src/sub-systemCode/Global/GlobalParam.o
                0x2001023c                set_tempComm_PA
 .text.set_tempEPS
                0x200102c8       0xc8 ./src/sub-systemCode/Global/GlobalParam.o
                0x200102c8                set_tempEPS
 .text.set_tempBatt
                0x20010390       0xc8 ./src/sub-systemCode/Global/GlobalParam.o
                0x20010390                set_tempBatt
 .text.set_RxDoppler
                0x20010458       0x8c ./src/sub-systemCode/Global/GlobalParam.o
                0x20010458                set_RxDoppler
 .text.set_RxRSSI
                0x200104e4       0x8c ./src/sub-systemCode/Global/GlobalParam.o
                0x200104e4                set_RxRSSI
 .text.set_TxRefl
                0x20010570       0x8c ./src/sub-systemCode/Global/GlobalParam.o
                0x20010570                set_TxRefl
 .text.set_TxForw
                0x200105fc       0x8c ./src/sub-systemCode/Global/GlobalParam.o
                0x200105fc                set_TxForw
 .text.get_ST   0x20010688       0x8c ./src/sub-systemCode/Global/GlobalParam.o
                0x20010688                get_ST
 .text.set_numOfAPRS
                0x20010714       0x8c ./src/sub-systemCode/Global/GlobalParam.o
                0x20010714                set_numOfAPRS
 .text.set_numOfDelayedCommand
                0x200107a0       0x8c ./src/sub-systemCode/Global/GlobalParam.o
                0x200107a0                set_numOfDelayedCommand
 .text.set_numOfResets
                0x2001082c       0xac ./src/sub-systemCode/Global/GlobalParam.o
                0x2001082c                set_numOfResets
 .text.set_ground_conn
                0x200108d8       0xa0 ./src/sub-systemCode/Global/GlobalParam.o
                0x200108d8                set_ground_conn
 .text.get_ground_conn
                0x20010978       0xa0 ./src/sub-systemCode/Global/GlobalParam.o
                0x20010978                get_ground_conn
 .text.IsisAntS_getStatusData_sideA
                0x20010a18       0x3c ./src/sub-systemCode/Global/OnlineTM.o
                0x20010a18                IsisAntS_getStatusData_sideA
 .text.IsisAntS_getAlltelemetry_sideA
                0x20010a54       0x3c ./src/sub-systemCode/Global/OnlineTM.o
                0x20010a54                IsisAntS_getAlltelemetry_sideA
 .text.IsisAntS_getTemperature_sideA
                0x20010a90       0x3c ./src/sub-systemCode/Global/OnlineTM.o
                0x20010a90                IsisAntS_getTemperature_sideA
 .text.IsisAntS_getStatusData_sideB
                0x20010acc       0x3c ./src/sub-systemCode/Global/OnlineTM.o
                0x20010acc                IsisAntS_getStatusData_sideB
 .text.IsisAntS_getAlltelemetry_sideB
                0x20010b08       0x3c ./src/sub-systemCode/Global/OnlineTM.o
                0x20010b08                IsisAntS_getAlltelemetry_sideB
 .text.IsisAntS_getTemperature_sideB
                0x20010b44       0x3c ./src/sub-systemCode/Global/OnlineTM.o
                0x20010b44                IsisAntS_getTemperature_sideB
 .text.get_item_by_index
                0x20010b80       0xd8 ./src/sub-systemCode/Global/OnlineTM.o
                0x20010b80                get_item_by_index
 .text.init_onlineParam
                0x20010c58      0xc80 ./src/sub-systemCode/Global/OnlineTM.o
                0x20010c58                init_onlineParam
 .text.reset_offline_TM_list
                0x200118d8       0x50 ./src/sub-systemCode/Global/OnlineTM.o
                0x200118d8                reset_offline_TM_list
 .text.get_online_packet
                0x20011928      0x254 ./src/sub-systemCode/Global/OnlineTM.o
                0x20011928                get_online_packet
 .text.save_onlineTM_param
                0x20011b7c      0x1a4 ./src/sub-systemCode/Global/OnlineTM.o
                0x20011b7c                save_onlineTM_param
 .text.add_onlineTM_param_to_save_list
                0x20011d20      0x214 ./src/sub-systemCode/Global/OnlineTM.o
                0x20011d20                add_onlineTM_param_to_save_list
 .text.save_onlineTM_logic
                0x20011f34      0x180 ./src/sub-systemCode/Global/OnlineTM.o
                0x20011f34                save_onlineTM_logic
 .text.save_onlineTM_task
                0x200120b4       0x54 ./src/sub-systemCode/Global/OnlineTM.o
                0x200120b4                save_onlineTM_task
 .text.delete_allTMFilesFromSD
                0x20012108       0xf8 ./src/sub-systemCode/Global/TLM_management.o
                0x20012108                delete_allTMFilesFromSD
 .text.getNumOfFilesInFS
                0x20012200       0x44 ./src/sub-systemCode/Global/TLM_management.o
 .text.setNumOfFilesInFS
                0x20012244       0x50 ./src/sub-systemCode/Global/TLM_management.o
 .text.f_managed_enterFS
                0x20012294       0xb0 ./src/sub-systemCode/Global/TLM_management.o
                0x20012294                f_managed_enterFS
 .text.f_managed_releaseFS
                0x20012344       0x58 ./src/sub-systemCode/Global/TLM_management.o
                0x20012344                f_managed_releaseFS
 .text.f_managed_open
                0x2001239c      0x10c ./src/sub-systemCode/Global/TLM_management.o
                0x2001239c                f_managed_open
 .text.f_managed_close
                0x200124a8       0x7c ./src/sub-systemCode/Global/TLM_management.o
                0x200124a8                f_managed_close
 .text.createSemahores_FS
                0x20012524       0x7c ./src/sub-systemCode/Global/TLM_management.o
                0x20012524                createSemahores_FS
 .text.InitializeFS
                0x200125a0      0x1a8 ./src/sub-systemCode/Global/TLM_management.o
                0x200125a0                InitializeFS
 .text.c_fileCreate
                0x20012748       0xf4 ./src/sub-systemCode/Global/TLM_management.o
                0x20012748                c_fileCreate
 .text.writewithEpochtime
                0x2001283c       0xa4 ./src/sub-systemCode/Global/TLM_management.o
 .text.get_C_FILE_struct
                0x200128e0      0x104 ./src/sub-systemCode/Global/TLM_management.o
 .text.getFileIndex
                0x200129e4       0x4c ./src/sub-systemCode/Global/TLM_management.o
 .text.get_file_name_by_index
                0x20012a30       0x54 ./src/sub-systemCode/Global/TLM_management.o
                0x20012a30                get_file_name_by_index
 .text.c_fileReset
                0x20012a84       0xbc ./src/sub-systemCode/Global/TLM_management.o
                0x20012a84                c_fileReset
 .text.c_fileWrite
                0x20012b40      0x140 ./src/sub-systemCode/Global/TLM_management.o
                0x20012b40                c_fileWrite
 .text.deleteElementsFromFile
                0x20012c80      0x194 ./src/sub-systemCode/Global/TLM_management.o
 .text.c_fileDeleteElements
                0x20012e14      0x168 ./src/sub-systemCode/Global/TLM_management.o
                0x20012e14                c_fileDeleteElements
 .text.c_fileRead
                0x20012f7c      0x2c8 ./src/sub-systemCode/Global/TLM_management.o
                0x20012f7c                c_fileRead
 .text.reset_APRS_list
                0x20013244       0xa4 ./src/sub-systemCode/COMM/APRS.o
                0x20013244                reset_APRS_list
 .text.send_APRS_Dump
                0x200132e8      0x1c0 ./src/sub-systemCode/COMM/APRS.o
                0x200132e8                send_APRS_Dump
 .text.check_APRS
                0x200134a8      0x1a4 ./src/sub-systemCode/COMM/APRS.o
                0x200134a8                check_APRS
 .text.get_APRS_list
                0x2001364c       0x88 ./src/sub-systemCode/COMM/APRS.o
                0x2001364c                get_APRS_list
 .text.find_CMD_in_list
                0x200136d4       0x7c ./src/sub-systemCode/COMM/DelayedCommand_list.o
                0x200136d4                find_CMD_in_list
 .text.find_empty_in_list
                0x20013750       0x74 ./src/sub-systemCode/COMM/DelayedCommand_list.o
                0x20013750                find_empty_in_list
 .text.check_delayCommandTime
                0x200137c4       0x8c ./src/sub-systemCode/COMM/DelayedCommand_list.o
                0x200137c4                check_delayCommandTime
 .text.execute_delayedCommand
                0x20013850       0x64 ./src/sub-systemCode/COMM/DelayedCommand_list.o
                0x20013850                execute_delayedCommand
 .text.check_delaycommand
                0x200138b4      0x17c ./src/sub-systemCode/COMM/DelayedCommand_list.o
                0x200138b4                check_delaycommand
 .text.reset_delayCommand
                0x20013a30       0x8c ./src/sub-systemCode/COMM/DelayedCommand_list.o
                0x20013a30                reset_delayCommand
 .text.add_delayCommand
                0x20013abc      0x1a4 ./src/sub-systemCode/COMM/DelayedCommand_list.o
                0x20013abc                add_delayCommand
 .text.get_delayCommand_list
                0x20013c60       0x80 ./src/sub-systemCode/COMM/DelayedCommand_list.o
                0x20013c60                get_delayCommand_list
 .text.EmptyOldestCommand
                0x20013ce0       0xfc ./src/sub-systemCode/COMM/DelayedCommand_list.o
                0x20013ce0                EmptyOldestCommand
 .text.decode_TCpacket
                0x20013ddc      0x16c ./src/sub-systemCode/COMM/GSC.o
                0x20013ddc                decode_TCpacket
 .text.encode_TCpacket
                0x20013f48      0x114 ./src/sub-systemCode/COMM/GSC.o
                0x20013f48                encode_TCpacket
 .text.encode_TMpacket
                0x2001405c      0x104 ./src/sub-systemCode/COMM/GSC.o
                0x2001405c                encode_TMpacket
 .text.build_raw_ACK
                0x20014160       0xbc ./src/sub-systemCode/COMM/GSC.o
                0x20014160                build_raw_ACK
 .text.build_data_field_ACK
                0x2001421c       0x74 ./src/sub-systemCode/COMM/GSC.o
                0x2001421c                build_data_field_ACK
 .text.update_FRAM_bitRate
                0x20014290       0xd0 ./src/sub-systemCode/COMM/TRXVU.o
                0x20014290                update_FRAM_bitRate
 .text.toggle_idle_state
                0x20014360       0x94 ./src/sub-systemCode/COMM/TRXVU.o
                0x20014360                toggle_idle_state
 .text.TRXVU_init_hardWare
                0x200143f4       0x98 ./src/sub-systemCode/COMM/TRXVU.o
                0x200143f4                TRXVU_init_hardWare
 .text.TRXVU_init_softWare
                0x2001448c      0x100 ./src/sub-systemCode/COMM/TRXVU.o
                0x2001448c                TRXVU_init_softWare
 .text.init_trxvu
                0x2001458c       0x14 ./src/sub-systemCode/COMM/TRXVU.o
                0x2001458c                init_trxvu
 .text.TRXVU_task
                0x200145a0       0x9c ./src/sub-systemCode/COMM/TRXVU.o
                0x200145a0                TRXVU_task
 .text.dump_logic
                0x2001463c      0x324 ./src/sub-systemCode/COMM/TRXVU.o
                0x2001463c                dump_logic
 .text.Dump_task
                0x20014960      0x17c ./src/sub-systemCode/COMM/TRXVU.o
                0x20014960                Dump_task
 .text.transponder_logic
                0x20014adc       0xbc ./src/sub-systemCode/COMM/TRXVU.o
                0x20014adc                transponder_logic
 .text.Transponder_task
                0x20014b98      0x238 ./src/sub-systemCode/COMM/TRXVU.o
                0x20014b98                Transponder_task
 .text.lookForRequestToDelete_transponder
                0x20014dd0       0xc0 ./src/sub-systemCode/COMM/TRXVU.o
                0x20014dd0                lookForRequestToDelete_transponder
 .text.lookForRequestToDelete_dump
                0x20014e90       0x78 ./src/sub-systemCode/COMM/TRXVU.o
                0x20014e90                lookForRequestToDelete_dump
 .text.sendRequestToStop_dump
                0x20014f08       0x8c ./src/sub-systemCode/COMM/TRXVU.o
                0x20014f08                sendRequestToStop_dump
 .text.sendRequestToStop_transponder
                0x20014f94       0x98 ./src/sub-systemCode/COMM/TRXVU.o
                0x20014f94                sendRequestToStop_transponder
 .text.Rx_logic
                0x2001502c      0x184 ./src/sub-systemCode/COMM/TRXVU.o
                0x2001502c                Rx_logic
 .text.pass_above_Ground
                0x200151b0      0x104 ./src/sub-systemCode/COMM/TRXVU.o
                0x200151b0                pass_above_Ground
 .text.trxvu_logic
                0x200152b4       0x1c ./src/sub-systemCode/COMM/TRXVU.o
                0x200152b4                trxvu_logic
 .text.Beacon_task
                0x200152d0      0x170 ./src/sub-systemCode/COMM/TRXVU.o
                0x200152d0                Beacon_task
 .text.buildAndSend_beacon
                0x20015440      0x604 ./src/sub-systemCode/COMM/TRXVU.o
                0x20015440                buildAndSend_beacon
 .text.reset_FRAM_TRXVU
                0x20015a44      0x160 ./src/sub-systemCode/COMM/TRXVU.o
                0x20015a44                reset_FRAM_TRXVU
 .text.TRX_sendFrame
                0x20015ba4      0x1c0 ./src/sub-systemCode/COMM/TRXVU.o
                0x20015ba4                TRX_sendFrame
 .text.TRX_getFrameData
                0x20015d64      0x128 ./src/sub-systemCode/COMM/TRXVU.o
                0x20015d64                TRX_getFrameData
 .text.mute_Tx  0x20015e8c       0x20 ./src/sub-systemCode/COMM/TRXVU.o
                0x20015e8c                mute_Tx
 .text.unmute_Tx
                0x20015eac       0x58 ./src/sub-systemCode/COMM/TRXVU.o
                0x20015eac                unmute_Tx
 .text.check_time_off_mute
                0x20015f04       0x88 ./src/sub-systemCode/COMM/TRXVU.o
                0x20015f04                check_time_off_mute
 .text.set_mute_time
                0x20015f8c       0xb4 ./src/sub-systemCode/COMM/TRXVU.o
                0x20015f8c                set_mute_time
 .text.change_TRXVU_state
                0x20016040       0xe0 ./src/sub-systemCode/COMM/TRXVU.o
                0x20016040                change_TRXVU_state
 .text.change_trans_RSSI
                0x20016120       0x60 ./src/sub-systemCode/COMM/TRXVU.o
                0x20016120                change_trans_RSSI
 .text.init_adcs
                0x20016180      0x104 ./src/sub-systemCode/ADCS/ADCS.o
                0x20016180                init_adcs
 .text.telemtryStart
                0x20016284      0x16c ./src/sub-systemCode/ADCS/Stage_Table.o
                0x20016284                telemtryStart
 .text.powerStart
                0x200163f0       0x5c ./src/sub-systemCode/ADCS/Stage_Table.o
                0x200163f0                powerStart
 .text.createTable
                0x2001644c       0xb4 ./src/sub-systemCode/ADCS/Stage_Table.o
                0x2001644c                createTable
 .text.buildControlMode
                0x20016500       0x60 ./src/sub-systemCode/ADCS/Stage_Table.o
                0x20016500                buildControlMode
 .text.Check_Table
                0x20016560      0x178 ./src/sub-systemCode/ADCS/Stage_Table.o
                0x20016560                Check_Table
 .text.updateTable
                0x200166d8      0x1f0 ./src/sub-systemCode/ADCS/Stage_Table.o
                0x200166d8                updateTable
 .text.translateCommandFULL
                0x200168c8       0x78 ./src/sub-systemCode/ADCS/Stage_Table.o
                0x200168c8                translateCommandFULL
 .text.getTableTo
                0x20016940       0x64 ./src/sub-systemCode/ADCS/Stage_Table.o
                0x20016940                getTableTo
 .text.save_time
                0x200169a4       0x9c ./src/main.o
                0x200169a4                save_time
 .text.Command_logic
                0x20016a40       0x6c ./src/main.o
                0x20016a40                Command_logic
 .text.taskMain
                0x20016aac       0x74 ./src/main.o
                0x20016aac                taskMain
 .text.main     0x20016b20       0xbc ./src/main.o
                0x20016b20                main
 .text.GomEpsInitialize
                0x20016bdc      0x148 C:/HOOPOE3/satellite-subsystems/demo/..//satellite-subsystems/lib\libSatelliteSubsystemsD.a(GomEPS.o)
                0x20016bdc                GomEpsInitialize
 .text.makeEPStransfer
                0x20016d24       0x3c C:/HOOPOE3/satellite-subsystems/demo/..//satellite-subsystems/lib\libSatelliteSubsystemsD.a(GomEPS.o)
 .text.GomEpsSoftReset
                0x20016d60       0xc4 C:/HOOPOE3/satellite-subsystems/demo/..//satellite-subsystems/lib\libSatelliteSubsystemsD.a(GomEPS.o)
                0x20016d60                GomEpsSoftReset
 .text.GomEpsHardReset
                0x20016e24       0xa8 C:/HOOPOE3/satellite-subsystems/demo/..//satellite-subsystems/lib\libSatelliteSubsystemsD.a(GomEPS.o)
                0x20016e24                GomEpsHardReset
 .text.GomEpsGetHkData_param
                0x20016ecc      0x29c C:/HOOPOE3/satellite-subsystems/demo/..//satellite-subsystems/lib\libSatelliteSubsystemsD.a(GomEPS.o)
                0x20016ecc                GomEpsGetHkData_param
 .text.GomEpsGetHkData_general
                0x20017168      0x45c C:/HOOPOE3/satellite-subsystems/demo/..//satellite-subsystems/lib\libSatelliteSubsystemsD.a(GomEPS.o)
                0x20017168                GomEpsGetHkData_general
 .text.GomEpsGetHkData_vi
                0x200175c4      0x188 C:/HOOPOE3/satellite-subsystems/demo/..//satellite-subsystems/lib\libSatelliteSubsystemsD.a(GomEPS.o)
                0x200175c4                GomEpsGetHkData_vi
 .text.GomEpsGetHkData_out
                0x2001774c      0x21c C:/HOOPOE3/satellite-subsystems/demo/..//satellite-subsystems/lib\libSatelliteSubsystemsD.a(GomEPS.o)
                0x2001774c                GomEpsGetHkData_out
 .text.GomEpsGetHkData_wdt
                0x20017968      0x2b4 C:/HOOPOE3/satellite-subsystems/demo/..//satellite-subsystems/lib\libSatelliteSubsystemsD.a(GomEPS.o)
                0x20017968                GomEpsGetHkData_wdt
 .text.GomEpsGetHkData_basic
                0x20017c1c      0x22c C:/HOOPOE3/satellite-subsystems/demo/..//satellite-subsystems/lib\libSatelliteSubsystemsD.a(GomEPS.o)
                0x20017c1c                GomEpsGetHkData_basic
 .text.GomEpsSetOutput
                0x20017e48       0xbc C:/HOOPOE3/satellite-subsystems/demo/..//satellite-subsystems/lib\libSatelliteSubsystemsD.a(GomEPS.o)
                0x20017e48                GomEpsSetOutput
 .text.GomEpsConfigGet
                0x20017f04      0x16c C:/HOOPOE3/satellite-subsystems/demo/..//satellite-subsystems/lib\libSatelliteSubsystemsD.a(GomEPS.o)
                0x20017f04                GomEpsConfigGet
 .text.GomEpsConfigSet
                0x20018070      0x184 C:/HOOPOE3/satellite-subsystems/demo/..//satellite-subsystems/lib\libSatelliteSubsystemsD.a(GomEPS.o)
                0x20018070                GomEpsConfigSet
 .text.GomEpsConfig2Get
                0x200181f4      0x16c C:/HOOPOE3/satellite-subsystems/demo/..//satellite-subsystems/lib\libSatelliteSubsystemsD.a(GomEPS.o)
                0x200181f4                GomEpsConfig2Get
 .text.makeAntStransfer
                0x20018360       0x4c C:/HOOPOE3/satellite-subsystems/demo/..//satellite-subsystems/lib\libSatelliteSubsystemsD.a(IsisAntS.o)
 .text.checkInputsValid
                0x200183ac       0x7c C:/HOOPOE3/satellite-subsystems/demo/..//satellite-subsystems/lib\libSatelliteSubsystemsD.a(IsisAntS.o)
 .text.IsisAntS_setArmStatus
                0x20018428      0x104 C:/HOOPOE3/satellite-subsystems/demo/..//satellite-subsystems/lib\libSatelliteSubsystemsD.a(IsisAntS.o)
                0x20018428                IsisAntS_setArmStatus
 .text.IsisAntS_getStatusData
                0x2001852c      0x120 C:/HOOPOE3/satellite-subsystems/demo/..//satellite-subsystems/lib\libSatelliteSubsystemsD.a(IsisAntS.o)
                0x2001852c                IsisAntS_getStatusData
 .text.IsisAntS_getTemperature
                0x2001864c      0x120 C:/HOOPOE3/satellite-subsystems/demo/..//satellite-subsystems/lib\libSatelliteSubsystemsD.a(IsisAntS.o)
                0x2001864c                IsisAntS_getTemperature
 .text.IsisAntS_getAlltelemetry
                0x2001876c      0x120 C:/HOOPOE3/satellite-subsystems/demo/..//satellite-subsystems/lib\libSatelliteSubsystemsD.a(IsisAntS.o)
                0x2001876c                IsisAntS_getAlltelemetry
 .text.IsisAntS_reset
                0x2001888c      0x104 C:/HOOPOE3/satellite-subsystems/demo/..//satellite-subsystems/lib\libSatelliteSubsystemsD.a(IsisAntS.o)
                0x2001888c                IsisAntS_reset
 .text.IsisSolarPanelv2_initialize
                0x20018990       0xb4 C:/HOOPOE3/satellite-subsystems/demo/..//satellite-subsystems/lib\libSatelliteSubsystemsD.a(IsisSolarPanelv2.o)
                0x20018990                IsisSolarPanelv2_initialize
 .text.IsisSolarPanelv2_getTemperature
                0x20018a44       0xc8 C:/HOOPOE3/satellite-subsystems/demo/..//satellite-subsystems/lib\libSatelliteSubsystemsD.a(IsisSolarPanelv2.o)
                0x20018a44                IsisSolarPanelv2_getTemperature
 .text.IsisSolarPanelv2_sleep
                0x20018b0c       0xbc C:/HOOPOE3/satellite-subsystems/demo/..//satellite-subsystems/lib\libSatelliteSubsystemsD.a(IsisSolarPanelv2.o)
                0x20018b0c                IsisSolarPanelv2_sleep
 .text.IsisSolarPanelv2_wakeup
                0x20018bc8       0x80 C:/HOOPOE3/satellite-subsystems/demo/..//satellite-subsystems/lib\libSatelliteSubsystemsD.a(IsisSolarPanelv2.o)
                0x20018bc8                IsisSolarPanelv2_wakeup
 .text._Reset   0x20018c48       0x20 C:/HOOPOE3/satellite-subsystems/demo/..//satellite-subsystems/lib\libSatelliteSubsystemsD.a(IsisSolarPanelv2.o)
 .text._WaitForStartup
                0x20018c68       0x90 C:/HOOPOE3/satellite-subsystems/demo/..//satellite-subsystems/lib\libSatelliteSubsystemsD.a(IsisSolarPanelv2.o)
 .text._AssignAllChannels
                0x20018cf8       0x90 C:/HOOPOE3/satellite-subsystems/demo/..//satellite-subsystems/lib\libSatelliteSubsystemsD.a(IsisSolarPanelv2.o)
 .text._AssignThisChannel
                0x20018d88       0xe8 C:/HOOPOE3/satellite-subsystems/demo/..//satellite-subsystems/lib\libSatelliteSubsystemsD.a(IsisSolarPanelv2.o)
 .text._InitiateConversion
                0x20018e70       0xac C:/HOOPOE3/satellite-subsystems/demo/..//satellite-subsystems/lib\libSatelliteSubsystemsD.a(IsisSolarPanelv2.o)
 .text._WaitForConversionComplete
                0x20018f1c      0x100 C:/HOOPOE3/satellite-subsystems/demo/..//satellite-subsystems/lib\libSatelliteSubsystemsD.a(IsisSolarPanelv2.o)
 .text._ReadResult
                0x2001901c      0x158 C:/HOOPOE3/satellite-subsystems/demo/..//satellite-subsystems/lib\libSatelliteSubsystemsD.a(IsisSolarPanelv2.o)
 .text._ExtractByte
                0x20019174       0x38 C:/HOOPOE3/satellite-subsystems/demo/..//satellite-subsystems/lib\libSatelliteSubsystemsD.a(IsisSolarPanelv2.o)
 .text._ExtendSign
                0x200191ac       0x6c C:/HOOPOE3/satellite-subsystems/demo/..//satellite-subsystems/lib\libSatelliteSubsystemsD.a(IsisSolarPanelv2.o)
 .text._PinsInit
                0x20019218       0x50 C:/HOOPOE3/satellite-subsystems/demo/..//satellite-subsystems/lib\libSatelliteSubsystemsD.a(IsisSolarPanelv2.o)
 .text._SpiWriteRead
                0x20019268       0x70 C:/HOOPOE3/satellite-subsystems/demo/..//satellite-subsystems/lib\libSatelliteSubsystemsD.a(IsisSolarPanelv2.o)
 .text.IsisTrxvu_initialize
                0x200192d8      0x2f4 C:/HOOPOE3/satellite-subsystems/demo/..//satellite-subsystems/lib\libSatelliteSubsystemsD.a(IsisTRXVU.o)
                0x200192d8                IsisTrxvu_initialize
 .text.makeTRXVUtransfer
                0x200195cc       0x44 C:/HOOPOE3/satellite-subsystems/demo/..//satellite-subsystems/lib\libSatelliteSubsystemsD.a(IsisTRXVU.o)
 .text.IsisTrxvu_componentSoftReset
                0x20019610       0x6c C:/HOOPOE3/satellite-subsystems/demo/..//satellite-subsystems/lib\libSatelliteSubsystemsD.a(IsisTRXVU.o)
                0x20019610                IsisTrxvu_componentSoftReset
 .text.IsisTrxvu_componentHardReset
                0x2001967c       0xc8 C:/HOOPOE3/satellite-subsystems/demo/..//satellite-subsystems/lib\libSatelliteSubsystemsD.a(IsisTRXVU.o)
                0x2001967c                IsisTrxvu_componentHardReset
 .text.IsisTrxvu_softReset
                0x20019744       0x74 C:/HOOPOE3/satellite-subsystems/demo/..//satellite-subsystems/lib\libSatelliteSubsystemsD.a(IsisTRXVU.o)
                0x20019744                IsisTrxvu_softReset
 .text.IsisTrxvu_hardReset
                0x200197b8       0x74 C:/HOOPOE3/satellite-subsystems/demo/..//satellite-subsystems/lib\libSatelliteSubsystemsD.a(IsisTRXVU.o)
                0x200197b8                IsisTrxvu_hardReset
 .text.IsisTrxvu_tcSendAX25DefClSign
                0x2001982c       0xec C:/HOOPOE3/satellite-subsystems/demo/..//satellite-subsystems/lib\libSatelliteSubsystemsD.a(IsisTRXVU.o)
                0x2001982c                IsisTrxvu_tcSendAX25DefClSign
 .text.IsisTrxvu_tcSetIdlestate
                0x20019918       0xa4 C:/HOOPOE3/satellite-subsystems/demo/..//satellite-subsystems/lib\libSatelliteSubsystemsD.a(IsisTRXVU.o)
                0x20019918                IsisTrxvu_tcSetIdlestate
 .text.IsisTrxvu_tcSetAx25Bitrate
                0x200199bc       0xc4 C:/HOOPOE3/satellite-subsystems/demo/..//satellite-subsystems/lib\libSatelliteSubsystemsD.a(IsisTRXVU.o)
                0x200199bc                IsisTrxvu_tcSetAx25Bitrate
 .text.IsisTrxvu_tcGetTelemetryAll
                0x20019a80       0xd0 C:/HOOPOE3/satellite-subsystems/demo/..//satellite-subsystems/lib\libSatelliteSubsystemsD.a(IsisTRXVU.o)
                0x20019a80                IsisTrxvu_tcGetTelemetryAll
 .text.IsisTrxvu_tcGetTelemetryAll_revC
                0x20019b50       0xd0 C:/HOOPOE3/satellite-subsystems/demo/..//satellite-subsystems/lib\libSatelliteSubsystemsD.a(IsisTRXVU.o)
                0x20019b50                IsisTrxvu_tcGetTelemetryAll_revC
 .text.IsisTrxvu_rcGetFrameCount
                0x20019c20       0xa0 C:/HOOPOE3/satellite-subsystems/demo/..//satellite-subsystems/lib\libSatelliteSubsystemsD.a(IsisTRXVU.o)
                0x20019c20                IsisTrxvu_rcGetFrameCount
 .text.IsisTrxvu_rcGetCommandFrame
                0x20019cc0      0x2d8 C:/HOOPOE3/satellite-subsystems/demo/..//satellite-subsystems/lib\libSatelliteSubsystemsD.a(IsisTRXVU.o)
                0x20019cc0                IsisTrxvu_rcGetCommandFrame
 .text.IsisTrxvu_rcGetTelemetryAll
                0x20019f98       0xd0 C:/HOOPOE3/satellite-subsystems/demo/..//satellite-subsystems/lib\libSatelliteSubsystemsD.a(IsisTRXVU.o)
                0x20019f98                IsisTrxvu_rcGetTelemetryAll
 .text.IsisTrxvu_rcGetTelemetryAll_revC
                0x2001a068       0xec C:/HOOPOE3/satellite-subsystems/demo/..//satellite-subsystems/lib\libSatelliteSubsystemsD.a(IsisTRXVU.o)
                0x2001a068                IsisTrxvu_rcGetTelemetryAll_revC
 .text.cspaceADCS_initialize
                0x2001a154      0x18c C:/HOOPOE3/satellite-subsystems/demo/..//satellite-subsystems/lib\libSatelliteSubsystemsD.a(cspaceADCS.o)
                0x2001a154                cspaceADCS_initialize
 .text.make_cspaceADCStransfer
                0x2001a2e0      0x1b4 C:/HOOPOE3/satellite-subsystems/demo/..//satellite-subsystems/lib\libSatelliteSubsystemsD.a(cspaceADCS.o)
 .text.cspaceADCS_componentReset
                0x2001a494       0xbc C:/HOOPOE3/satellite-subsystems/demo/..//satellite-subsystems/lib\libSatelliteSubsystemsD.a(cspaceADCS.o)
                0x2001a494                cspaceADCS_componentReset
 .text.cspaceADCS_setRunMode
                0x2001a550       0xbc C:/HOOPOE3/satellite-subsystems/demo/..//satellite-subsystems/lib\libSatelliteSubsystemsD.a(cspaceADCS.o)
                0x2001a550                cspaceADCS_setRunMode
 .text.cspaceADCS_setPwrCtrlDevice
                0x2001a60c       0xd0 C:/HOOPOE3/satellite-subsystems/demo/..//satellite-subsystems/lib\libSatelliteSubsystemsD.a(cspaceADCS.o)
                0x2001a60c                cspaceADCS_setPwrCtrlDevice
 .text.cspaceADCS_setAttCtrlMode
                0x2001a6dc       0xd0 C:/HOOPOE3/satellite-subsystems/demo/..//satellite-subsystems/lib\libSatelliteSubsystemsD.a(cspaceADCS.o)
                0x2001a6dc                cspaceADCS_setAttCtrlMode
 .text.cspaceADCS_setAttEstMode
                0x2001a7ac       0xbc C:/HOOPOE3/satellite-subsystems/demo/..//satellite-subsystems/lib\libSatelliteSubsystemsD.a(cspaceADCS.o)
                0x2001a7ac                cspaceADCS_setAttEstMode
 .text.cspaceADCS_getCurrentState
                0x2001a868       0xc4 C:/HOOPOE3/satellite-subsystems/demo/..//satellite-subsystems/lib\libSatelliteSubsystemsD.a(cspaceADCS.o)
                0x2001a868                cspaceADCS_getCurrentState
 .text.cspaceADCS_getPwrCtrlDevice
                0x2001a92c       0xc4 C:/HOOPOE3/satellite-subsystems/demo/..//satellite-subsystems/lib\libSatelliteSubsystemsD.a(cspaceADCS.o)
                0x2001a92c                cspaceADCS_getPwrCtrlDevice
 .text.GECKO_GetReg
                0x2001a9f0      0x110 C:/HOOPOE3/satellite-subsystems/demo/..//satellite-subsystems/lib\libSatelliteSubsystemsD.a(gecko_driver.o)
                0x2001a9f0                GECKO_GetReg
 .text.GECKO_GetVoltageInput5V
                0x2001ab00       0xf4 C:/HOOPOE3/satellite-subsystems/demo/..//satellite-subsystems/lib\libSatelliteSubsystemsD.a(gecko_driver.o)
                0x2001ab00                GECKO_GetVoltageInput5V
 .text.GECKO_GetCurrentInput5V
                0x2001abf4      0x130 C:/HOOPOE3/satellite-subsystems/demo/..//satellite-subsystems/lib\libSatelliteSubsystemsD.a(gecko_driver.o)
                0x2001abf4                GECKO_GetCurrentInput5V
 .text.GECKO_GetVoltageFPGA1V
                0x2001ad24       0xd4 C:/HOOPOE3/satellite-subsystems/demo/..//satellite-subsystems/lib\libSatelliteSubsystemsD.a(gecko_driver.o)
                0x2001ad24                GECKO_GetVoltageFPGA1V
 .text.GECKO_GetCurrentFPGA1V
                0x2001adf8      0x130 C:/HOOPOE3/satellite-subsystems/demo/..//satellite-subsystems/lib\libSatelliteSubsystemsD.a(gecko_driver.o)
                0x2001adf8                GECKO_GetCurrentFPGA1V
 .text.GECKO_GetVoltageFPGA1V8
                0x2001af28       0xd4 C:/HOOPOE3/satellite-subsystems/demo/..//satellite-subsystems/lib\libSatelliteSubsystemsD.a(gecko_driver.o)
                0x2001af28                GECKO_GetVoltageFPGA1V8
 .text.GECKO_GetCurrentFPGA1V8
                0x2001affc      0x130 C:/HOOPOE3/satellite-subsystems/demo/..//satellite-subsystems/lib\libSatelliteSubsystemsD.a(gecko_driver.o)
                0x2001affc                GECKO_GetCurrentFPGA1V8
 .text.GECKO_GetVoltageFPGA2V5
                0x2001b12c       0xe8 C:/HOOPOE3/satellite-subsystems/demo/..//satellite-subsystems/lib\libSatelliteSubsystemsD.a(gecko_driver.o)
                0x2001b12c                GECKO_GetVoltageFPGA2V5
 .text.GECKO_GetCurrentFPGA2V5
                0x2001b214      0x130 C:/HOOPOE3/satellite-subsystems/demo/..//satellite-subsystems/lib\libSatelliteSubsystemsD.a(gecko_driver.o)
                0x2001b214                GECKO_GetCurrentFPGA2V5
 .text.GECKO_GetVoltageFPGA3V3
                0x2001b344       0xe8 C:/HOOPOE3/satellite-subsystems/demo/..//satellite-subsystems/lib\libSatelliteSubsystemsD.a(gecko_driver.o)
                0x2001b344                GECKO_GetVoltageFPGA3V3
 .text.GECKO_GetCurrentFPGA3V3
                0x2001b42c      0x130 C:/HOOPOE3/satellite-subsystems/demo/..//satellite-subsystems/lib\libSatelliteSubsystemsD.a(gecko_driver.o)
                0x2001b42c                GECKO_GetCurrentFPGA3V3
 .text.GECKO_GetVoltageFlash1V8
                0x2001b55c       0xd4 C:/HOOPOE3/satellite-subsystems/demo/..//satellite-subsystems/lib\libSatelliteSubsystemsD.a(gecko_driver.o)
                0x2001b55c                GECKO_GetVoltageFlash1V8
 .text.GECKO_GetCurrentFlash1V8
                0x2001b630      0x130 C:/HOOPOE3/satellite-subsystems/demo/..//satellite-subsystems/lib\libSatelliteSubsystemsD.a(gecko_driver.o)
                0x2001b630                GECKO_GetCurrentFlash1V8
 .text.GECKO_GetVoltageFlash3V3
                0x2001b760       0xe8 C:/HOOPOE3/satellite-subsystems/demo/..//satellite-subsystems/lib\libSatelliteSubsystemsD.a(gecko_driver.o)
                0x2001b760                GECKO_GetVoltageFlash3V3
 .text.GECKO_GetCurrentFlash3V3
                0x2001b848      0x130 C:/HOOPOE3/satellite-subsystems/demo/..//satellite-subsystems/lib\libSatelliteSubsystemsD.a(gecko_driver.o)
                0x2001b848                GECKO_GetCurrentFlash3V3
 .text.GECKO_GetVoltageSNSR1V8
                0x2001b978       0xe8 C:/HOOPOE3/satellite-subsystems/demo/..//satellite-subsystems/lib\libSatelliteSubsystemsD.a(gecko_driver.o)
                0x2001b978                GECKO_GetVoltageSNSR1V8
 .text.GECKO_GetCurrentSNSR1V8
                0x2001ba60      0x130 C:/HOOPOE3/satellite-subsystems/demo/..//satellite-subsystems/lib\libSatelliteSubsystemsD.a(gecko_driver.o)
                0x2001ba60                GECKO_GetCurrentSNSR1V8
 .text.GECKO_GetVoltageSNSRVDDPIX
                0x2001bb90       0xe8 C:/HOOPOE3/satellite-subsystems/demo/..//satellite-subsystems/lib\libSatelliteSubsystemsD.a(gecko_driver.o)
                0x2001bb90                GECKO_GetVoltageSNSRVDDPIX
 .text.GECKO_GetCurrentSNSRVDDPIX
                0x2001bc78      0x130 C:/HOOPOE3/satellite-subsystems/demo/..//satellite-subsystems/lib\libSatelliteSubsystemsD.a(gecko_driver.o)
                0x2001bc78                GECKO_GetCurrentSNSRVDDPIX
 .text.GECKO_GetVoltageSNSR3V3
                0x2001bda8       0xe8 C:/HOOPOE3/satellite-subsystems/demo/..//satellite-subsystems/lib\libSatelliteSubsystemsD.a(gecko_driver.o)
                0x2001bda8                GECKO_GetVoltageSNSR3V3
 .text.GECKO_GetCurrentSNSR3V3
                0x2001be90      0x130 C:/HOOPOE3/satellite-subsystems/demo/..//satellite-subsystems/lib\libSatelliteSubsystemsD.a(gecko_driver.o)
                0x2001be90                GECKO_GetCurrentSNSR3V3
 .text.GECKO_GetVoltageFlashVTT09
                0x2001bfc0       0xd4 C:/HOOPOE3/satellite-subsystems/demo/..//satellite-subsystems/lib\libSatelliteSubsystemsD.a(gecko_driver.o)
                0x2001bfc0                GECKO_GetVoltageFlashVTT09
 .text.GECKO_GetTempSMU3AB
                0x2001c094      0x35c C:/HOOPOE3/satellite-subsystems/demo/..//satellite-subsystems/lib\libSatelliteSubsystemsD.a(gecko_driver.o)
                0x2001c094                GECKO_GetTempSMU3AB
 .text.GECKO_GetTempSMU3BC
                0x2001c3f0      0x360 C:/HOOPOE3/satellite-subsystems/demo/..//satellite-subsystems/lib\libSatelliteSubsystemsD.a(gecko_driver.o)
                0x2001c3f0                GECKO_GetTempSMU3BC
 .text.GECKO_GetTempREGU6
                0x2001c750      0x35c C:/HOOPOE3/satellite-subsystems/demo/..//satellite-subsystems/lib\libSatelliteSubsystemsD.a(gecko_driver.o)
                0x2001c750                GECKO_GetTempREGU6
 .text.GECKO_GetTempREGU8
                0x2001caac      0x360 C:/HOOPOE3/satellite-subsystems/demo/..//satellite-subsystems/lib\libSatelliteSubsystemsD.a(gecko_driver.o)
                0x2001caac                GECKO_GetTempREGU8
 .text.GECKO_GetTempFlash
                0x2001ce0c      0x360 C:/HOOPOE3/satellite-subsystems/demo/..//satellite-subsystems/lib\libSatelliteSubsystemsD.a(gecko_driver.o)
                0x2001ce0c                GECKO_GetTempFlash
 .text._SpiWriteRead
                0x2001d16c       0x70 C:/HOOPOE3/satellite-subsystems/demo/..//satellite-subsystems/lib\libSatelliteSubsystemsD.a(gecko_driver.o)
 .text.makeTRXCommonTransfer
                0x2001d1dc       0x34 C:/HOOPOE3/satellite-subsystems/demo/..//satellite-subsystems/lib\libSatelliteSubsystemsD.a(IsisTRXCommon.o)
 .text.IsisTrxCommon_componentReset
                0x2001d210       0x68 C:/HOOPOE3/satellite-subsystems/demo/..//satellite-subsystems/lib\libSatelliteSubsystemsD.a(IsisTRXCommon.o)
                0x2001d210                IsisTrxCommon_componentReset
 .text.IsisTrxCommon_TxSendAX25DefClSign
                0x2001d278       0xf4 C:/HOOPOE3/satellite-subsystems/demo/..//satellite-subsystems/lib\libSatelliteSubsystemsD.a(IsisTRXCommon.o)
                0x2001d278                IsisTrxCommon_TxSendAX25DefClSign
 .text.IsisTrxCommon_TxSetIdlestate
                0x2001d36c       0x78 C:/HOOPOE3/satellite-subsystems/demo/..//satellite-subsystems/lib\libSatelliteSubsystemsD.a(IsisTRXCommon.o)
                0x2001d36c                IsisTrxCommon_TxSetIdlestate
 .text.IsisTrxCommon_TxSetAx25Bitrate
                0x2001d3e4       0x78 C:/HOOPOE3/satellite-subsystems/demo/..//satellite-subsystems/lib\libSatelliteSubsystemsD.a(IsisTRXCommon.o)
                0x2001d3e4                IsisTrxCommon_TxSetAx25Bitrate
 .text.IsisTrxCommon_RxGetFrameCount
                0x2001d45c       0x8c C:/HOOPOE3/satellite-subsystems/demo/..//satellite-subsystems/lib\libSatelliteSubsystemsD.a(IsisTRXCommon.o)
                0x2001d45c                IsisTrxCommon_RxGetFrameCount
 .text.IsisTrxCommon_RxGetTelemetryAll_revC
                0x2001d4e8       0x8c C:/HOOPOE3/satellite-subsystems/demo/..//satellite-subsystems/lib\libSatelliteSubsystemsD.a(IsisTRXCommon.o)
                0x2001d4e8                IsisTrxCommon_RxGetTelemetryAll_revC
 .text.log      0x2001d574      0x17c c:/isis/application/toolchain/bin/../lib/gcc/arm-none-eabi/4.7.4/../../../../arm-none-eabi/lib\libm.a(lib_a-w_log.o)
                0x2001d574                log
 .text.__ieee754_log
                0x2001d6f0      0x5c0 c:/isis/application/toolchain/bin/../lib/gcc/arm-none-eabi/4.7.4/../../../../arm-none-eabi/lib\libm.a(lib_a-e_log.o)
                0x2001d6f0                __ieee754_log
 .text.matherr  0x2001dcb0        0x8 c:/isis/application/toolchain/bin/../lib/gcc/arm-none-eabi/4.7.4/../../../../arm-none-eabi/lib\libm.a(lib_a-s_matherr.o)
                0x2001dcb0                matherr
 .text.nan      0x2001dcb8       0x10 c:/isis/application/toolchain/bin/../lib/gcc/arm-none-eabi/4.7.4/../../../../arm-none-eabi/lib\libm.a(lib_a-s_nan.o)
                0x2001dcb8                nan
 .text.fn_init  0x2001dcc8      0x2e0 C:/HOOPOE3/satellite-subsystems/demo/../..//hal/hcc/lib\libHCCD.a(fat_common.o)
                0x2001dcc8                fn_init
 .text._f_get16bitl
                0x2001dfa8       0x4c C:/HOOPOE3/satellite-subsystems/demo/../..//hal/hcc/lib\libHCCD.a(fat_common.o)
                0x2001dfa8                _f_get16bitl
 .text._f_set16bitl
                0x2001dff4       0x54 C:/HOOPOE3/satellite-subsystems/demo/../..//hal/hcc/lib\libHCCD.a(fat_common.o)
                0x2001dff4                _f_set16bitl
 .text._f_get32bitl
                0x2001e048       0x68 C:/HOOPOE3/satellite-subsystems/demo/../..//hal/hcc/lib\libHCCD.a(fat_common.o)
                0x2001e048                _f_get32bitl
 .text._f_set32bitl
                0x2001e0b0       0x78 C:/HOOPOE3/satellite-subsystems/demo/../..//hal/hcc/lib\libHCCD.a(fat_common.o)
                0x2001e0b0                _f_set32bitl
 .text._get8bit
                0x2001e128       0xa0 C:/HOOPOE3/satellite-subsystems/demo/../..//hal/hcc/lib\libHCCD.a(fat_common.o)
 .text._get16bitl
                0x2001e1c8       0x40 C:/HOOPOE3/satellite-subsystems/demo/../..//hal/hcc/lib\libHCCD.a(fat_common.o)
 .text._get32bitl
                0x2001e208       0x3c C:/HOOPOE3/satellite-subsystems/demo/../..//hal/hcc/lib\libHCCD.a(fat_common.o)
 .text._f_setcardremoved
                0x2001e244       0x94 C:/HOOPOE3/satellite-subsystems/demo/../..//hal/hcc/lib\libHCCD.a(fat_common.o)
 .text._f_checkstatus
                0x2001e2d8      0x104 C:/HOOPOE3/satellite-subsystems/demo/../..//hal/hcc/lib\libHCCD.a(fat_common.o)
                0x2001e2d8                _f_checkstatus
 .text._f_drvgetphy
                0x2001e3dc      0x114 C:/HOOPOE3/satellite-subsystems/demo/../..//hal/hcc/lib\libHCCD.a(fat_common.o)
 .text._f_drvwritesector
                0x2001e4f0       0xdc C:/HOOPOE3/satellite-subsystems/demo/../..//hal/hcc/lib\libHCCD.a(fat_common.o)
 .text._f_drvreadsector
                0x2001e5cc       0xa8 C:/HOOPOE3/satellite-subsystems/demo/../..//hal/hcc/lib\libHCCD.a(fat_common.o)
 .text._f_writesector
                0x2001e674      0x23c C:/HOOPOE3/satellite-subsystems/demo/../..//hal/hcc/lib\libHCCD.a(fat_common.o)
                0x2001e674                _f_writesector
 .text._f_readsector
                0x2001e8b0      0x1dc C:/HOOPOE3/satellite-subsystems/demo/../..//hal/hcc/lib\libHCCD.a(fat_common.o)
                0x2001e8b0                _f_readsector
 .text._f_getmaxcluster
                0x2001ea8c       0x94 C:/HOOPOE3/satellite-subsystems/demo/../..//hal/hcc/lib\libHCCD.a(fat_common.o)
                0x2001ea8c                _f_getmaxcluster
 .text._getsectorfromcluster
                0x2001eb20       0x68 C:/HOOPOE3/satellite-subsystems/demo/../..//hal/hcc/lib\libHCCD.a(fat_common.o)
 .text._f_buildsectors
                0x2001eb88      0x268 C:/HOOPOE3/satellite-subsystems/demo/../..//hal/hcc/lib\libHCCD.a(fat_common.o)
 .text._f_getbootrecord
                0x2001edf0      0x5e4 C:/HOOPOE3/satellite-subsystems/demo/../..//hal/hcc/lib\libHCCD.a(fat_common.o)
 .text._f_readbootrecord
                0x2001f3d4      0x4f8 C:/HOOPOE3/satellite-subsystems/demo/../..//hal/hcc/lib\libHCCD.a(fat_common.o)
 .text._f_flushcffiles
                0x2001f8cc      0x17c C:/HOOPOE3/satellite-subsystems/demo/../..//hal/hcc/lib\libHCCD.a(fat_common.o)
                0x2001f8cc                _f_flushcffiles
 .text._f_fatcache_flush
                0x2001fa48      0x270 C:/HOOPOE3/satellite-subsystems/demo/../..//hal/hcc/lib\libHCCD.a(fat_common.o)
                0x2001fa48                _f_fatcache_flush
 .text._f_writefatsector
                0x2001fcb8      0x100 C:/HOOPOE3/satellite-subsystems/demo/../..//hal/hcc/lib\libHCCD.a(fat_common.o)
                0x2001fcb8                _f_writefatsector
 .text._f_getfatsector
                0x2001fdb8      0x3bc C:/HOOPOE3/satellite-subsystems/demo/../..//hal/hcc/lib\libHCCD.a(fat_common.o)
 .text._f_setclustervalue
                0x20020174      0x490 C:/HOOPOE3/satellite-subsystems/demo/../..//hal/hcc/lib\libHCCD.a(fat_common.o)
                0x20020174                _f_setclustervalue
 .text._f_getclustervalue
                0x20020604      0x388 C:/HOOPOE3/satellite-subsystems/demo/../..//hal/hcc/lib\libHCCD.a(fat_common.o)
                0x20020604                _f_getclustervalue
 .text._f_close_drive_files
                0x2002098c       0xac C:/HOOPOE3/satellite-subsystems/demo/../..//hal/hcc/lib\libHCCD.a(fat_common.o)
 .text._f_inc_mount_count
                0x20020a38       0xa4 C:/HOOPOE3/satellite-subsystems/demo/../..//hal/hcc/lib\libHCCD.a(fat_common.o)
 .text._f_getvolume
                0x20020adc      0x2f8 C:/HOOPOE3/satellite-subsystems/demo/../..//hal/hcc/lib\libHCCD.a(fat_common.o)
                0x20020adc                _f_getvolume
 .text.fn_createdriver
                0x20020dd4      0x118 C:/HOOPOE3/satellite-subsystems/demo/../..//hal/hcc/lib\libHCCD.a(fat_common.o)
                0x20020dd4                fn_createdriver
 .text.fn_initvolume
                0x20020eec      0x12c C:/HOOPOE3/satellite-subsystems/demo/../..//hal/hcc/lib\libHCCD.a(fat_common.o)
                0x20020eec                fn_initvolume
 .text.fn_initvolumepartition_sub
                0x20021018       0xe0 C:/HOOPOE3/satellite-subsystems/demo/../..//hal/hcc/lib\libHCCD.a(fat_common.o)
 .text.fn_initvolumepartition
                0x200210f8       0xac C:/HOOPOE3/satellite-subsystems/demo/../..//hal/hcc/lib\libHCCD.a(fat_common.o)
                0x200210f8                fn_initvolumepartition
 .text._f_clustertopos
                0x200211a4       0xf8 C:/HOOPOE3/satellite-subsystems/demo/../..//hal/hcc/lib\libHCCD.a(fat_common.o)
                0x200211a4                _f_clustertopos
 .text._f_getcurrsector
                0x2002129c      0x6c8 C:/HOOPOE3/satellite-subsystems/demo/../..//hal/hcc/lib\libHCCD.a(fat_common.o)
                0x2002129c                _f_getcurrsector
 .text._f_getdecluster
                0x20021964       0x90 C:/HOOPOE3/satellite-subsystems/demo/../..//hal/hcc/lib\libHCCD.a(fat_common.o)
                0x20021964                _f_getdecluster
 .text._f_setdecluster
                0x200219f4       0x8c C:/HOOPOE3/satellite-subsystems/demo/../..//hal/hcc/lib\libHCCD.a(fat_common.o)
                0x200219f4                _f_setdecluster
 .text.fn_getdrive
                0x20021a80       0x30 C:/HOOPOE3/satellite-subsystems/demo/../..//hal/hcc/lib\libHCCD.a(fat_common.o)
                0x20021a80                fn_getdrive
 .text._f_getcurrenttimedate
                0x20021ab0      0x138 C:/HOOPOE3/satellite-subsystems/demo/../..//hal/hcc/lib\libHCCD.a(fat_common.o)
                0x20021ab0                _f_getcurrenttimedate
 .text._f_initentry
                0x20021be8       0xa0 C:/HOOPOE3/satellite-subsystems/demo/../..//hal/hcc/lib\libHCCD.a(fat_common.o)
                0x20021be8                _f_initentry
 .text._f_alloccluster
                0x20021c88      0x344 C:/HOOPOE3/satellite-subsystems/demo/../..//hal/hcc/lib\libHCCD.a(fat_common.o)
                0x20021c88                _f_alloccluster
 .text._f_dobadblock
                0x20021fcc      0x2cc C:/HOOPOE3/satellite-subsystems/demo/../..//hal/hcc/lib\libHCCD.a(fat_common.o)
                0x20021fcc                _f_dobadblock
 .text._f_checklocked
                0x20022298       0xe4 C:/HOOPOE3/satellite-subsystems/demo/../..//hal/hcc/lib\libHCCD.a(fat_common.o)
                0x20022298                _f_checklocked
 .text._f_checkappendlocked
                0x2002237c      0x110 C:/HOOPOE3/satellite-subsystems/demo/../..//hal/hcc/lib\libHCCD.a(fat_common.o)
                0x2002237c                _f_checkappendlocked
 .text._f_setsyncafile
                0x2002248c      0x114 C:/HOOPOE3/satellite-subsystems/demo/../..//hal/hcc/lib\libHCCD.a(fat_common.o)
                0x2002248c                _f_setsyncafile
 .text._f_syncfiles
                0x200225a0      0x128 C:/HOOPOE3/satellite-subsystems/demo/../..//hal/hcc/lib\libHCCD.a(fat_common.o)
                0x200225a0                _f_syncfiles
 .text._f_syncfilescontent
                0x200226c8      0x15c C:/HOOPOE3/satellite-subsystems/demo/../..//hal/hcc/lib\libHCCD.a(fat_common.o)
 .text.fn_getfreespace
                0x20022824      0x4c0 C:/HOOPOE3/satellite-subsystems/demo/../..//hal/hcc/lib\libHCCD.a(fat_common.o)
                0x20022824                fn_getfreespace
 .text._f_emptywritecache
                0x20022ce4      0x4a4 C:/HOOPOE3/satellite-subsystems/demo/../..//hal/hcc/lib\libHCCD.a(fat_common.o)
 .text._f_allocnextcluster
                0x20023188      0x54c C:/HOOPOE3/satellite-subsystems/demo/../..//hal/hcc/lib\libHCCD.a(fat_common.o)
 .text._f_emptywritebuffer
                0x200236d4      0x20c C:/HOOPOE3/satellite-subsystems/demo/../..//hal/hcc/lib\libHCCD.a(fat_common.o)
 .text._f_writezeros
                0x200238e0       0xf0 C:/HOOPOE3/satellite-subsystems/demo/../..//hal/hcc/lib\libHCCD.a(fat_common.o)
                0x200238e0                _f_writezeros
 .text._f_extend_file
                0x200239d0      0x570 C:/HOOPOE3/satellite-subsystems/demo/../..//hal/hcc/lib\libHCCD.a(fat_common.o)
 .text._f_fseek
                0x20023f40      0x9bc C:/HOOPOE3/satellite-subsystems/demo/../..//hal/hcc/lib\libHCCD.a(fat_common.o)
                0x20023f40                _f_fseek
 .text._f_removechain
                0x200248fc      0x104 C:/HOOPOE3/satellite-subsystems/demo/../..//hal/hcc/lib\libHCCD.a(fat_common.o)
                0x200248fc                _f_removechain
 .text._f_updatefileentry
                0x20024a00      0x1cc C:/HOOPOE3/satellite-subsystems/demo/../..//hal/hcc/lib\libHCCD.a(fat_common.o)
 .text._f_checkreadlocked
                0x20024bcc      0x1bc C:/HOOPOE3/satellite-subsystems/demo/../..//hal/hcc/lib\libHCCD.a(fat_common.o)
                0x20024bcc                _f_checkreadlocked
 .text._f_check_handle
                0x20024d88       0x98 C:/HOOPOE3/satellite-subsystems/demo/../..//hal/hcc/lib\libHCCD.a(fat_common.o)
                0x20024d88                _f_check_handle
 .text._f_removesyncafile
                0x20024e20      0x1ec C:/HOOPOE3/satellite-subsystems/demo/../..//hal/hcc/lib\libHCCD.a(fat_common.o)
 .text.fn_close
                0x2002500c      0x3f8 C:/HOOPOE3/satellite-subsystems/demo/../..//hal/hcc/lib\libHCCD.a(fat_common.o)
                0x2002500c                fn_close
 .text.fn_flush
                0x20025404      0x374 C:/HOOPOE3/satellite-subsystems/demo/../..//hal/hcc/lib\libHCCD.a(fat_common.o)
                0x20025404                fn_flush
 .text.fn_read  0x20025778      0x690 C:/HOOPOE3/satellite-subsystems/demo/../..//hal/hcc/lib\libHCCD.a(fat_common.o)
                0x20025778                fn_read
 .text._f_abortwrite
                0x20025e08      0x100 C:/HOOPOE3/satellite-subsystems/demo/../..//hal/hcc/lib\libHCCD.a(fat_common.o)
 .text._f_checkwritecluster
                0x20025f08       0xe4 C:/HOOPOE3/satellite-subsystems/demo/../..//hal/hcc/lib\libHCCD.a(fat_common.o)
 .text.fn_write
                0x20025fec      0x8a8 C:/HOOPOE3/satellite-subsystems/demo/../..//hal/hcc/lib\libHCCD.a(fat_common.o)
                0x20025fec                fn_write
 .text.fn_seek  0x20026894      0x270 C:/HOOPOE3/satellite-subsystems/demo/../..//hal/hcc/lib\libHCCD.a(fat_common.o)
                0x20026894                fn_seek
 .text.f_enterFS
                0x20026b04      0x1c0 C:/HOOPOE3/satellite-subsystems/demo/../..//hal/hcc/lib\libHCCD.a(fat_common.o)
                0x20026b04                f_enterFS
 .text.f_releaseFS
                0x20026cc4       0xb0 C:/HOOPOE3/satellite-subsystems/demo/../..//hal/hcc/lib\libHCCD.a(fat_common.o)
                0x20026cc4                f_releaseFS
 .text.fnGetTask
                0x20026d74       0xfc C:/HOOPOE3/satellite-subsystems/demo/../..//hal/hcc/lib\libHCCD.a(fat_common.o)
                0x20026d74                fnGetTask
 .text._f_mutex_get
                0x20026e70       0x98 C:/HOOPOE3/satellite-subsystems/demo/../..//hal/hcc/lib\libHCCD.a(fat_common.o)
                0x20026e70                _f_mutex_get
 .text._f_mutex_put
                0x20026f08       0x54 C:/HOOPOE3/satellite-subsystems/demo/../..//hal/hcc/lib\libHCCD.a(fat_common.o)
                0x20026f08                _f_mutex_put
 .text._fn_initseekdivisor
                0x20026f5c      0x158 C:/HOOPOE3/satellite-subsystems/demo/../..//hal/hcc/lib\libHCCD.a(fat_common.o)
                0x20026f5c                _fn_initseekdivisor
 .text._fn_updateseekpos
                0x200270b4       0xc4 C:/HOOPOE3/satellite-subsystems/demo/../..//hal/hcc/lib\libHCCD.a(fat_common.o)
 .text._f_findopensize
                0x20027178       0x2c C:/HOOPOE3/satellite-subsystems/demo/../..//hal/hcc/lib\libHCCD.a(fat_common.o)
                0x20027178                _f_findopensize
 .text.fn_setlasterror
                0x200271a4       0x34 C:/HOOPOE3/satellite-subsystems/demo/../..//hal/hcc/lib\libHCCD.a(fat_common.o)
                0x200271a4                fn_setlasterror
 .text.fn_setlasterror_noret
                0x200271d8       0x2c C:/HOOPOE3/satellite-subsystems/demo/../..//hal/hcc/lib\libHCCD.a(fat_common.o)
                0x200271d8                fn_setlasterror_noret
 .text.fm_initvolume
                0x20027204       0x70 C:/HOOPOE3/satellite-subsystems/demo/../..//hal/hcc/lib\libHCCD.a(fat_m.o)
                0x20027204                fm_initvolume
 .text.fm_getdrive
                0x20027274       0x70 C:/HOOPOE3/satellite-subsystems/demo/../..//hal/hcc/lib\libHCCD.a(fat_m.o)
                0x20027274                fm_getdrive
 .text.fm_getfreespace
                0x200272e4       0x68 C:/HOOPOE3/satellite-subsystems/demo/../..//hal/hcc/lib\libHCCD.a(fat_m.o)
                0x200272e4                fm_getfreespace
 .text.fm_findfirst
                0x2002734c       0x68 C:/HOOPOE3/satellite-subsystems/demo/../..//hal/hcc/lib\libHCCD.a(fat_m.o)
                0x2002734c                fm_findfirst
 .text.fm_findnext
                0x200273b4       0x60 C:/HOOPOE3/satellite-subsystems/demo/../..//hal/hcc/lib\libHCCD.a(fat_m.o)
                0x200273b4                fm_findnext
 .text.fm_rename
                0x20027414       0x68 C:/HOOPOE3/satellite-subsystems/demo/../..//hal/hcc/lib\libHCCD.a(fat_m.o)
                0x20027414                fm_rename
 .text.fm_filelength
                0x2002747c       0x60 C:/HOOPOE3/satellite-subsystems/demo/../..//hal/hcc/lib\libHCCD.a(fat_m.o)
                0x2002747c                fm_filelength
 .text.fm_close
                0x200274dc       0x60 C:/HOOPOE3/satellite-subsystems/demo/../..//hal/hcc/lib\libHCCD.a(fat_m.o)
                0x200274dc                fm_close
 .text.fm_flush
                0x2002753c       0x60 C:/HOOPOE3/satellite-subsystems/demo/../..//hal/hcc/lib\libHCCD.a(fat_m.o)
                0x2002753c                fm_flush
 .text.fm_open  0x2002759c       0x68 C:/HOOPOE3/satellite-subsystems/demo/../..//hal/hcc/lib\libHCCD.a(fat_m.o)
                0x2002759c                fm_open
 .text.fm_read  0x20027604       0x7c C:/HOOPOE3/satellite-subsystems/demo/../..//hal/hcc/lib\libHCCD.a(fat_m.o)
                0x20027604                fm_read
 .text.fm_write
                0x20027680       0x7c C:/HOOPOE3/satellite-subsystems/demo/../..//hal/hcc/lib\libHCCD.a(fat_m.o)
                0x20027680                fm_write
 .text.fm_seek  0x200276fc       0x70 C:/HOOPOE3/satellite-subsystems/demo/../..//hal/hcc/lib\libHCCD.a(fat_m.o)
                0x200276fc                fm_seek
 .text.fm_delete