Archive member included because of file (symbol)

c:/isis/application/toolchain/bin/../lib/gcc/arm-none-eabi/4.7.4/../../../../arm-none-eabi/lib\libc_s.a(lib_a-vfprintf_float.o)
                              (_printf_float)
c:/isis/application/toolchain/bin/../lib/gcc/arm-none-eabi/4.7.4/../../../../arm-none-eabi/lib\libc_s.a(lib_a-vfprintf_i.o)
                              c:/isis/application/toolchain/bin/../lib/gcc/arm-none-eabi/4.7.4/../../../../arm-none-eabi/lib\libc_s.a(lib_a-vfprintf_float.o) (_printf_common)
c:/isis/application/toolchain/bin/../lib/gcc/arm-none-eabi/4.7.4/../../../../arm-none-eabi/lib\libc_s.a(lib_a-vfscanf_float.o)
                              (_scanf_float)
c:/isis/application/toolchain/bin/../lib/gcc/arm-none-eabi/4.7.4/../../../../arm-none-eabi/lib\libc_s.a(lib_a-dtoa.o)
                              c:/isis/application/toolchain/bin/../lib/gcc/arm-none-eabi/4.7.4/../../../../arm-none-eabi/lib\libc_s.a(lib_a-vfprintf_float.o) (_dtoa_r)
c:/isis/application/toolchain/bin/../lib/gcc/arm-none-eabi/4.7.4/../../../../arm-none-eabi/lib\libc_s.a(lib_a-locale.o)
                              c:/isis/application/toolchain/bin/../lib/gcc/arm-none-eabi/4.7.4/../../../../arm-none-eabi/lib\libc_s.a(lib_a-vfprintf_float.o) (_localeconv_r)
c:/isis/application/toolchain/bin/../lib/gcc/arm-none-eabi/4.7.4/../../../../arm-none-eabi/lib\libc_s.a(lib_a-malloc.o)
                              c:/isis/application/toolchain/bin/../lib/gcc/arm-none-eabi/4.7.4/../../../../arm-none-eabi/lib\libc_s.a(lib_a-dtoa.o) (malloc)
c:/isis/application/toolchain/bin/../lib/gcc/arm-none-eabi/4.7.4/../../../../arm-none-eabi/lib\libc_s.a(lib_a-mallocr.o)
                              c:/isis/application/toolchain/bin/../lib/gcc/arm-none-eabi/4.7.4/../../../../arm-none-eabi/lib\libc_s.a(lib_a-malloc.o) (_malloc_r)
c:/isis/application/toolchain/bin/../lib/gcc/arm-none-eabi/4.7.4/../../../../arm-none-eabi/lib\libc_s.a(lib_a-memcpy.o)
                              c:/isis/application/toolchain/bin/../lib/gcc/arm-none-eabi/4.7.4/../../../../arm-none-eabi/lib\libc_s.a(lib_a-dtoa.o) (memcpy)
c:/isis/application/toolchain/bin/../lib/gcc/arm-none-eabi/4.7.4/../../../../arm-none-eabi/lib\libc_s.a(lib_a-mprec.o)
                              c:/isis/application/toolchain/bin/../lib/gcc/arm-none-eabi/4.7.4/../../../../arm-none-eabi/lib\libc_s.a(lib_a-dtoa.o) (_Balloc)
c:/isis/application/toolchain/bin/../lib/gcc/arm-none-eabi/4.7.4/../../../../arm-none-eabi/lib\libc_s.a(lib_a-s_fpclassify.o)
                              c:/isis/application/toolchain/bin/../lib/gcc/arm-none-eabi/4.7.4/../../../../arm-none-eabi/lib\libc_s.a(lib_a-vfprintf_float.o) (__fpclassifyd)
c:/isis/application/toolchain/bin/../lib/gcc/arm-none-eabi/4.7.4/../../../../arm-none-eabi/lib\libc_s.a(lib_a-sbrkr.o)
                              c:/isis/application/toolchain/bin/../lib/gcc/arm-none-eabi/4.7.4/../../../../arm-none-eabi/lib\libc_s.a(lib_a-mallocr.o) (_sbrk_r)
c:/isis/application/toolchain/bin/../lib/gcc/arm-none-eabi/4.7.4/../../../../arm-none-eabi/lib\libc_s.a(lib_a-sf_nan.o)
                              c:/isis/application/toolchain/bin/../lib/gcc/arm-none-eabi/4.7.4/../../../../arm-none-eabi/lib\libc_s.a(lib_a-vfscanf_float.o) (nanf)
c:/isis/application/toolchain/bin/../lib/gcc/arm-none-eabi/4.7.4/../../../../arm-none-eabi/lib\libc_s.a(lib_a-sprintf.o)
                              c:/isis/application/toolchain/bin/../lib/gcc/arm-none-eabi/4.7.4/../../../../arm-none-eabi/lib\libc_s.a(lib_a-vfscanf_float.o) (sprintf)
c:/isis/application/toolchain/bin/../lib/gcc/arm-none-eabi/4.7.4/../../../../arm-none-eabi/lib\libc_s.a(lib_a-strcmp.o)
                              c:/isis/application/toolchain/bin/../lib/gcc/arm-none-eabi/4.7.4/../../../../arm-none-eabi/lib\libc_s.a(lib_a-locale.o) (strcmp)
c:/isis/application/toolchain/bin/../lib/gcc/arm-none-eabi/4.7.4/../../../../arm-none-eabi/lib\libc_s.a(lib_a-strlen.o)
                              c:/isis/application/toolchain/bin/../lib/gcc/arm-none-eabi/4.7.4/../../../../arm-none-eabi/lib\libc_s.a(lib_a-vfprintf_float.o) (strlen)
c:/isis/application/toolchain/bin/../lib/gcc/arm-none-eabi/4.7.4/../../../../arm-none-eabi/lib\libc_s.a(lib_a-strtod.o)
                              c:/isis/application/toolchain/bin/../lib/gcc/arm-none-eabi/4.7.4/../../../../arm-none-eabi/lib\libc_s.a(lib_a-vfscanf_float.o) (_strtod_r)
c:/isis/application/toolchain/bin/../lib/gcc/arm-none-eabi/4.7.4/../../../../arm-none-eabi/lib\libc_s.a(lib_a-strtol.o)
                              c:/isis/application/toolchain/bin/../lib/gcc/arm-none-eabi/4.7.4/../../../../arm-none-eabi/lib\libc_s.a(lib_a-vfscanf_float.o) (_strtol_r)
c:/isis/application/toolchain/bin/../lib/gcc/arm-none-eabi/4.7.4/../../../../arm-none-eabi/lib\libc_s.a(lib_a-svfprintf.o)
                              c:/isis/application/toolchain/bin/../lib/gcc/arm-none-eabi/4.7.4/../../../../arm-none-eabi/lib\libc_s.a(lib_a-sprintf.o) (_svfprintf_r)
[...]
Memory Configuration

Name             Origin             Length             Attributes
sram0            0x00200000         0x00004000         w !xr
sram1            0x00300000         0x00004000         w !xr
sdram            0x20000000         0x02000000         w !xr
*default*        0x00000000         0xffffffff

Linker script and memory map

LOAD c:/isis/application/toolchain/bin/../lib/gcc/arm-none-eabi/4.7.4/../../../../arm-none-eabi/lib\libc_s.a
LOAD ./src/sub-systemCode/Main/CMD/COMM_CMD.o
LOAD ./src/sub-systemCode/Main/CMD/EPS_CMD.o
LOAD ./src/sub-systemCode/Main/CMD/General_CMD.o
LOAD ./src/sub-systemCode/Main/CMD/SW_CMD.o
LOAD ./src/sub-systemCode/Main/CMD/payload_CMD.o
LOAD ./src/sub-systemCode/Main/Ants.o
LOAD ./src/sub-systemCode/Main/EPS.o
LOAD ./src/sub-systemCode/Main/HouseKeeping.o
LOAD ./src/sub-systemCode/Main/Main_Init.o
LOAD ./src/sub-systemCode/Main/commands.o
LOAD ./src/sub-systemCode/Global/Global.o
LOAD ./src/sub-systemCode/Global/GlobalParam.o
LOAD ./src/sub-systemCode/Global/OnlineTM.o
LOAD ./src/sub-systemCode/Global/TM_managment.o
LOAD ./src/sub-systemCode/COMM/APRS.o
LOAD ./src/sub-systemCode/COMM/DelayedCommand_list.o
LOAD ./src/sub-systemCode/COMM/GSC.o
LOAD ./src/sub-systemCode/COMM/TRXVU.o
LOAD ./src/sub-systemCode/ADCS/ADCS.o
LOAD ./src/sub-systemCode/ADCS/Stage_Table.o
LOAD ./src/main.o
LOAD C:/Hoopoe3/satellite-subsystems/demo/..//satellite-subsystems/lib\libSatelliteSubsystemsD.a
LOAD c:/isis/application/toolchain/bin/../lib/gcc/arm-none-eabi/4.7.4/../../../../arm-none-eabi/lib\libm.a
LOAD C:/Hoopoe3/satellite-subsystems/demo/../..//hal/hcc/lib\libHCCD.a
LOAD C:/Hoopoe3/satellite-subsystems/demo/../..//hal/hal/lib\libHALD.a
LOAD C:/Hoopoe3/satellite-subsystems/demo/../..//hal/freertos/lib\libFreeRTOSD.a
LOAD C:/Hoopoe3/satellite-subsystems/demo/../..//hal/at91/lib\libAt91D.a
START GROUP
LOAD c:/isis/application/toolchain/bin/../lib/gcc/arm-none-eabi/4.7.4\libgcc.a
LOAD c:/isis/application/toolchain/bin/../lib/gcc/arm-none-eabi/4.7.4/../../../../arm-none-eabi/lib\libc_s.a
END GROUP

.fixed          0x20000000    0x3f048
                0x20000000                . = ALIGN (0x4)
                0x20000000                _sfixed = .
 *(.startup)
 .startup       0x20000000      0x134 C:/Hoopoe3/satellite-subsystems/demo/../..//hal/at91/lib\libAt91D.a(board_cstartup.o)
                0x20000000                entry
 *(.text)
 .text          0x20000134       0x64 C:/Hoopoe3/satellite-subsystems/demo/../..//hal/at91/lib\libAt91D.a(cp15_asm.o)
                0x20000134                _readControlRegister
                0x20000140                _writeControlRegister
                0x20000148                _waitForInterrupt
                0x20000154                _writeTTB
                0x2000015c                _writeDomain
                0x20000164                _writeITLBLockdown
                0x2000016c                _prefetchICacheLine
                0x20000174                _flushDCache
                0x20000180                _flushWriteBuffer
                0x2000018c                _invalidateIDTLBs
 .text          0x20000198      0x114 c:/isis/application/toolchain/bin/../lib/gcc/arm-none-eabi/4.7.4\libgcc.a(_udivsi3.o)
                0x20000198                __aeabi_uidiv
                0x20000198                __udivsi3
                0x2000028c                __aeabi_uidivmod
 .text          0x200002ac      0x148 c:/isis/application/toolchain/bin/../lib/gcc/arm-none-eabi/4.7.4\libgcc.a(_divsi3.o)
                0x200002ac                __divsi3
                0x200002ac                __aeabi_idiv
                0x200003d4                __aeabi_idivmod
 .text          0x200003f4        0x4 c:/isis/application/toolchain/bin/../lib/gcc/arm-none-eabi/4.7.4\libgcc.a(_dvmd_tls.o)
                0x200003f4                __aeabi_idiv0
                0x200003f4                __aeabi_ldiv0
 .text          0x200003f8      0x41c c:/isis/application/toolchain/bin/../lib/gcc/arm-none-eabi/4.7.4\libgcc.a(_arm_addsubdf3.o)
                0x200003f8                __aeabi_drsub
                0x20000400                __aeabi_dsub
                0x20000400                __subdf3
                0x20000404                __aeabi_dadd
                0x20000404                __adddf3
                0x20000714                __floatunsidf
                0x20000714                __aeabi_ui2d
                0x20000738                __floatsidf
                0x20000738                __aeabi_i2d
                0x20000760                __aeabi_f2d
                0x20000760                __extendsfdf2
                0x200007a0                __floatundidf
                0x200007a0                __aeabi_ul2d
                0x200007b4                __floatdidf
                0x200007b4                __aeabi_l2d
 .text          0x20000814      0x49c c:/isis/application/toolchain/bin/../lib/gcc/arm-none-eabi/4.7.4\libgcc.a(_arm_muldivdf3.o)
                0x20000814                __aeabi_dmul
                0x20000814                __muldf3
                0x20000aa4                __divdf3
                0x20000aa4                __aeabi_ddiv
 .text          0x20000cb0      0x144 c:/isis/application/toolchain/bin/../lib/gcc/arm-none-eabi/4.7.4\libgcc.a(_arm_cmpdf2.o)
                0x20000cb0                __gtdf2
                0x20000cb0                __gedf2
                0x20000cb8                __ltdf2
                0x20000cb8                __ledf2
                0x20000cc0                __nedf2
                0x20000cc0                __eqdf2
                0x20000cc0                __cmpdf2
                0x20000d48                __aeabi_cdrcmple
                0x20000d64                __aeabi_cdcmpeq
                0x20000d64                __aeabi_cdcmple
                0x20000d7c                __aeabi_dcmpeq
                0x20000d94                __aeabi_dcmplt
                0x20000dac                __aeabi_dcmple
                0x20000dc4                __aeabi_dcmpge
                0x20000ddc                __aeabi_dcmpgt
 .text          0x20000df4       0x5c c:/isis/application/toolchain/bin/../lib/gcc/arm-none-eabi/4.7.4\libgcc.a(_arm_fixdfsi.o)
                0x20000df4                __aeabi_d2iz
                0x20000df4                __fixdfsi
 .text          0x20000e50       0x54 c:/isis/application/toolchain/bin/../lib/gcc/arm-none-eabi/4.7.4\libgcc.a(_arm_fixunsdfsi.o)
                0x20000e50                __aeabi_d2uiz
                0x20000e50                __fixunsdfsi
 .text          0x20000ea4       0xa0 c:/isis/application/toolchain/bin/../lib/gcc/arm-none-eabi/4.7.4\libgcc.a(_arm_truncdfsf2.o)
                0x20000ea4                __truncdfsf2
                0x20000ea4                __aeabi_d2f
 .text          0x20000f44      0x2ac c:/isis/application/toolchain/bin/../lib/gcc/arm-none-eabi/4.7.4\libgcc.a(_arm_addsubsf3.o)
                0x20000f44                __aeabi_frsub
                0x20000f4c                __subsf3
                0x20000f4c                __aeabi_fsub
                0x20000f50                __aeabi_fadd
                0x20000f50                __addsf3
                0x2000110c                __aeabi_ui2f
                0x2000110c                __floatunsisf
                0x20001114                __aeabi_i2f
                0x20001114                __floatsisf
                0x20001134                __aeabi_ul2f
                0x20001134                __floatundisf
                0x20001144                __aeabi_l2f
                0x20001144                __floatdisf
 .text          0x200011f0      0x2f8 c:/isis/application/toolchain/bin/../lib/gcc/arm-none-eabi/4.7.4\libgcc.a(_arm_muldivsf3.o)
                0x200011f0                __mulsf3
                0x200011f0                __aeabi_fmul
                0x20001388                __aeabi_fdiv
                0x20001388                __divsf3
 .text          0x200014e8       0x54 c:/isis/application/toolchain/bin/../lib/gcc/arm-none-eabi/4.7.4\libgcc.a(_arm_fixunssfsi.o)
                0x200014e8                __fixunssfsi
                0x200014e8                __aeabi_f2uiz
 *(.text*)
 .text.__cvt    0x2000153c      0x138 c:/isis/application/toolchain/bin/../lib/gcc/arm-none-eabi/4.7.4/../../../../arm-none-eabi/lib\libc_s.a(lib_a-vfprintf_float.o)
                0x2000153c                __cvt
 .text.__exponent
                0x20001674       0xa8 c:/isis/application/toolchain/bin/../lib/gcc/arm-none-eabi/4.7.4/../../../../arm-none-eabi/lib\libc_s.a(lib_a-vfprintf_float.o)
                0x20001674                __exponent
 .text._printf_float
                0x2000171c      0x7dc c:/isis/application/toolchain/bin/../lib/gcc/arm-none-eabi/4.7.4/../../../../arm-none-eabi/lib\libc_s.a(lib_a-vfprintf_float.o)
                0x2000171c                _printf_float
 .text._printf_common
                0x20001ef8      0x174 c:/isis/application/toolchain/bin/../lib/gcc/arm-none-eabi/4.7.4/../../../../arm-none-eabi/lib\libc_s.a(lib_a-vfprintf_i.o)
                0x20001ef8                _printf_common
 .text._printf_i
                0x2000206c      0x3c4 c:/isis/application/toolchain/bin/../lib/gcc/arm-none-eabi/4.7.4/../../../../arm-none-eabi/lib\libc_s.a(lib_a-vfprintf_i.o)
                0x2000206c                _printf_i
 .text._scanf_float
                0x20002430      0x5f4 c:/isis/application/toolchain/bin/../lib/gcc/arm-none-eabi/4.7.4/../../../../arm-none-eabi/lib\libc_s.a(lib_a-vfscanf_float.o)
                0x20002430                _scanf_float
 .text.quorem   0x20002a24      0x1ac c:/isis/application/toolchain/bin/../lib/gcc/arm-none-eabi/4.7.4/../../../../arm-none-eabi/lib\libc_s.a(lib_a-dtoa.o)
 .text._dtoa_r  0x20002bd0     0x1268 c:/isis/application/toolchain/bin/../lib/gcc/arm-none-eabi/4.7.4/../../../../arm-none-eabi/lib\libc_s.a(lib_a-dtoa.o)
                0x20002bd0                _dtoa_r
 .text._localeconv_r
                0x20003e38        0xc c:/isis/application/toolchain/bin/../lib/gcc/arm-none-eabi/4.7.4/../../../../arm-none-eabi/lib\libc_s.a(lib_a-locale.o)
                0x20003e38                _localeconv_r
 .text.malloc   0x20003e44       0x20 c:/isis/application/toolchain/bin/../lib/gcc/arm-none-eabi/4.7.4/../../../../arm-none-eabi/lib\libc_s.a(lib_a-malloc.o)
                0x20003e44                malloc
 .text.free     0x20003e64       0x20 c:/isis/application/toolchain/bin/../lib/gcc/arm-none-eabi/4.7.4/../../../../arm-none-eabi/lib\libc_s.a(lib_a-malloc.o)
                0x20003e64                free
 .text._malloc_r
                0x20003e84       0xfc c:/isis/application/toolchain/bin/../lib/gcc/arm-none-eabi/4.7.4/../../../../arm-none-eabi/lib\libc_s.a(lib_a-mallocr.o)
                0x20003e84                _malloc_r
 .text.memcpy   0x20003f80       0x20 c:/isis/application/toolchain/bin/../lib/gcc/arm-none-eabi/4.7.4/../../../../arm-none-eabi/lib\libc_s.a(lib_a-memcpy.o)
                0x20003f80                memcpy
 .text._Balloc  0x20003fa0       0xcc c:/isis/application/toolchain/bin/../lib/gcc/arm-none-eabi/4.7.4/../../../../arm-none-eabi/lib\libc_s.a(lib_a-mprec.o)
                0x20003fa0                _Balloc
 .text._Bfree   0x2000406c       0x5c c:/isis/application/toolchain/bin/../lib/gcc/arm-none-eabi/4.7.4/../../../../arm-none-eabi/lib\libc_s.a(lib_a-mprec.o)
                0x2000406c                _Bfree
 .text.__multadd
                0x200040c8       0xbc c:/isis/application/toolchain/bin/../lib/gcc/arm-none-eabi/4.7.4/../../../../arm-none-eabi/lib\libc_s.a(lib_a-mprec.o)
                0x200040c8                __multadd
 .text.__s2b    0x20004184       0xd8 c:/isis/application/toolchain/bin/../lib/gcc/arm-none-eabi/4.7.4/../../../../arm-none-eabi/lib\libc_s.a(lib_a-mprec.o)
                0x20004184                __s2b
 .text.__hi0bits
                0x2000425c       0x58 c:/isis/application/toolchain/bin/../lib/gcc/arm-none-eabi/4.7.4/../../../../arm-none-eabi/lib\libc_s.a(lib_a-mprec.o)
                0x2000425c                __hi0bits
 .text.__lo0bits
                0x200042b4       0x94 c:/isis/application/toolchain/bin/../lib/gcc/arm-none-eabi/4.7.4/../../../../arm-none-eabi/lib\libc_s.a(lib_a-mprec.o)
                0x200042b4                __lo0bits
 .text.__i2b    0x20004348       0x24 c:/isis/application/toolchain/bin/../lib/gcc/arm-none-eabi/4.7.4/../../../../arm-none-eabi/lib\libc_s.a(lib_a-mprec.o)
                0x20004348                __i2b
 .text.__multiply
                0x2000436c      0x1ac c:/isis/application/toolchain/bin/../lib/gcc/arm-none-eabi/4.7.4/../../../../arm-none-eabi/lib\libc_s.a(lib_a-mprec.o)
                0x2000436c                __multiply
 .text.__pow5mult
                0x20004518      0x10c c:/isis/application/toolchain/bin/../lib/gcc/arm-none-eabi/4.7.4/../../../../arm-none-eabi/lib\libc_s.a(lib_a-mprec.o)
                0x20004518                __pow5mult
 .text.__lshift
                0x20004624       0xf0 c:/isis/application/toolchain/bin/../lib/gcc/arm-none-eabi/4.7.4/../../../../arm-none-eabi/lib\libc_s.a(lib_a-mprec.o)
                0x20004624                __lshift
 .text.__mcmp   0x20004714       0x60 c:/isis/application/toolchain/bin/../lib/gcc/arm-none-eabi/4.7.4/../../../../arm-none-eabi/lib\libc_s.a(lib_a-mprec.o)
                0x20004714                __mcmp
 .text.__mdiff  0x20004774      0x128 c:/isis/application/toolchain/bin/../lib/gcc/arm-none-eabi/4.7.4/../../../../arm-none-eabi/lib\libc_s.a(lib_a-mprec.o)
                0x20004774                __mdiff
 .text.__ulp    0x2000489c       0x5c c:/isis/application/toolchain/bin/../lib/gcc/arm-none-eabi/4.7.4/../../../../arm-none-eabi/lib\libc_s.a(lib_a-mprec.o)
                0x2000489c                __ulp
 .text.__b2d    0x200048f8       0xc8 c:/isis/application/toolchain/bin/../lib/gcc/arm-none-eabi/4.7.4/../../../../arm-none-eabi/lib\libc_s.a(lib_a-mprec.o)
                0x200048f8                __b2d
 .text.__d2b    0x200049c0       0xfc c:/isis/application/toolchain/bin/../lib/gcc/arm-none-eabi/4.7.4/../../../../arm-none-eabi/lib\libc_s.a(lib_a-mprec.o)
                0x200049c0                __d2b
 .text.__ratio  0x20004abc       0x70 c:/isis/application/toolchain/bin/../lib/gcc/arm-none-eabi/4.7.4/../../../../arm-none-eabi/lib\libc_s.a(lib_a-mprec.o)
                0x20004abc                __ratio
 .text.__copybits
                0x20004b2c       0x4c c:/isis/application/toolchain/bin/../lib/gcc/arm-none-eabi/4.7.4/../../../../arm-none-eabi/lib\libc_s.a(lib_a-mprec.o)
                0x20004b2c                __copybits
 .text.__any_on
                0x20004b78       0x7c c:/isis/application/toolchain/bin/../lib/gcc/arm-none-eabi/4.7.4/../../../../arm-none-eabi/lib\libc_s.a(lib_a-mprec.o)
                0x20004b78                __any_on
 .text.__fpclassifyd
                0x20004bf4       0x6c c:/isis/application/toolchain/bin/../lib/gcc/arm-none-eabi/4.7.4/../../../../arm-none-eabi/lib\libc_s.a(lib_a-s_fpclassify.o)
                0x20004bf4                __fpclassifyd
 .text._sbrk_r  0x20004c60       0x3c c:/isis/application/toolchain/bin/../lib/gcc/arm-none-eabi/4.7.4/../../../../arm-none-eabi/lib\libc_s.a(lib_a-sbrkr.o)
                0x20004c60                _sbrk_r
 .text.nanf     0x20004c9c        0xc c:/isis/application/toolchain/bin/../lib/gcc/arm-none-eabi/4.7.4/../../../../arm-none-eabi/lib\libc_s.a(lib_a-sf_nan.o)
                0x20004c9c                nanf
 .text.sprintf  0x20004ca8       0x6c c:/isis/application/toolchain/bin/../lib/gcc/arm-none-eabi/4.7.4/../../../../arm-none-eabi/lib\libc_s.a(lib_a-sprintf.o)
                0x20004ca8                siprintf
                0x20004ca8                sprintf
 .text.strcmp   0x20004d14       0x1c c:/isis/application/toolchain/bin/../lib/gcc/arm-none-eabi/4.7.4/../../../../arm-none-eabi/lib\libc_s.a(lib_a-strcmp.o)
                0x20004d14                strcmp
 .text.strlen   0x20004d30       0x1c c:/isis/application/toolchain/bin/../lib/gcc/arm-none-eabi/4.7.4/../../../../arm-none-eabi/lib\libc_s.a(lib_a-strlen.o)
                0x20004d30                strlen
 .text.match    0x20004d4c       0x54 c:/isis/application/toolchain/bin/../lib/gcc/arm-none-eabi/4.7.4/../../../../arm-none-eabi/lib\libc_s.a(lib_a-strtod.o)
 .text._strtod_r
                0x20004da0     0x1168 c:/isis/application/toolchain/bin/../lib/gcc/arm-none-eabi/4.7.4/../../../../arm-none-eabi/lib\libc_s.a(lib_a-strtod.o)
                0x20004da0                _strtod_r
 .text._strtol_r
                0x20005f08      0x1b8 c:/isis/application/toolchain/bin/../lib/gcc/arm-none-eabi/4.7.4/../../../../arm-none-eabi/lib\libc_s.a(lib_a-strtol.o)
                0x20005f08                _strtol_r
 .text.__ssputc_r
                0x200060c0      0x10c c:/isis/application/toolchain/bin/../lib/gcc/arm-none-eabi/4.7.4/../../../../arm-none-eabi/lib\libc_s.a(lib_a-svfprintf.o)
                0x200060c0                __ssputc_r
 .text._svfprintf_r
                0x200061cc      0x328 c:/isis/application/toolchain/bin/../lib/gcc/arm-none-eabi/4.7.4/../../../../arm-none-eabi/lib\libc_s.a(lib_a-svfprintf.o)
                0x200061cc                _svfiprintf_r
                0x200061cc                _svfprintf_r
 .text._calloc_r
                0x200064f4       0x2c c:/isis/application/toolchain/bin/../lib/gcc/arm-none-eabi/4.7.4/../../../../arm-none-eabi/lib\libc_s.a(lib_a-callocr.o)
                0x200064f4                _calloc_r
 .text._free_r  0x20006520      0x108 c:/isis/application/toolchain/bin/../lib/gcc/arm-none-eabi/4.7.4/../../../../arm-none-eabi/lib\libc_s.a(lib_a-freer.o)
                0x20006520                _free_r
 .text.rshift   0x20006628       0xb0 c:/isis/application/toolchain/bin/../lib/gcc/arm-none-eabi/4.7.4/../../../../arm-none-eabi/lib\libc_s.a(lib_a-gdtoa-gethex.o)
 .text.htinit.constprop.0
                0x200066d8       0x34 c:/isis/application/toolchain/bin/../lib/gcc/arm-none-eabi/4.7.4/../../../../arm-none-eabi/lib\libc_s.a(lib_a-gdtoa-gethex.o)
 .text.__hexdig_init
                0x2000670c       0x38 c:/isis/application/toolchain/bin/../lib/gcc/arm-none-eabi/4.7.4/../../../../arm-none-eabi/lib\libc_s.a(lib_a-gdtoa-gethex.o)
                0x2000670c                __hexdig_init
 .text.__gethex
                0x20006744      0x6cc c:/isis/application/toolchain/bin/../lib/gcc/arm-none-eabi/4.7.4/../../../../arm-none-eabi/lib\libc_s.a(lib_a-gdtoa-gethex.o)
                0x20006744                __gethex
 .text.L_shift  0x20006e10       0x38 c:/isis/application/toolchain/bin/../lib/gcc/arm-none-eabi/4.7.4/../../../../arm-none-eabi/lib\libc_s.a(lib_a-gdtoa-hexnan.o)
 .text.__hexnan
                0x20006e48      0x1d8 c:/isis/application/toolchain/bin/../lib/gcc/arm-none-eabi/4.7.4/../../../../arm-none-eabi/lib\libc_s.a(lib_a-gdtoa-hexnan.o)
                0x20006e48                __hexnan
 .text.memchr   0x20007020       0x34 c:/isis/application/toolchain/bin/../lib/gcc/arm-none-eabi/4.7.4/../../../../arm-none-eabi/lib\libc_s.a(lib_a-memchr.o)
                0x20007020                memchr
 .text.memset   0x20007054       0x1c c:/isis/application/toolchain/bin/../lib/gcc/arm-none-eabi/4.7.4/../../../../arm-none-eabi/lib\libc_s.a(lib_a-memset.o)
                0x20007054                memset
 .text._realloc_r
                0x20007070       0x80 c:/isis/application/toolchain/bin/../lib/gcc/arm-none-eabi/4.7.4/../../../../arm-none-eabi/lib\libc_s.a(lib_a-reallocr.o)
                0x20007070                _realloc_r
 .text.strncmp  0x200070f0       0x64 c:/isis/application/toolchain/bin/../lib/gcc/arm-none-eabi/4.7.4/../../../../arm-none-eabi/lib\libc_s.a(lib_a-strncmp.o)
                0x200070f0                strncmp
 .text._malloc_usable_size_r
                0x20007154       0x1c c:/isis/application/toolchain/bin/../lib/gcc/arm-none-eabi/4.7.4/../../../../arm-none-eabi/lib\libc_s.a(lib_a-msizer.o)
                0x20007154                _malloc_usable_size_r
 .text.cmd_error
                0x20007170       0x38 ./src/sub-systemCode/Main/CMD/COMM_CMD.o
                0x20007170                cmd_error
 .text.cmd_mute
                0x200071a8       0xc4 ./src/sub-systemCode/Main/CMD/COMM_CMD.o
                0x200071a8                cmd_mute
 .text.cmd_unmute
                0x2000726c       0x4c ./src/sub-systemCode/Main/CMD/COMM_CMD.o
                0x2000726c                cmd_unmute
 .text.cmd_active_trans
                0x200072b8       0xc0 ./src/sub-systemCode/Main/CMD/COMM_CMD.o
                0x200072b8                cmd_active_trans
 .text.cmd_shut_trans
                0x20007378       0x38 ./src/sub-systemCode/Main/CMD/COMM_CMD.o
                0x20007378                cmd_shut_trans
 .text.cmd_change_trans_rssi
                0x200073b0       0xb8 ./src/sub-systemCode/Main/CMD/COMM_CMD.o
                0x200073b0                cmd_change_trans_rssi
 .text.cmd_aprs_dump
                0x20007468       0x50 ./src/sub-systemCode/Main/CMD/COMM_CMD.o
                0x20007468                cmd_aprs_dump
 .text.cmd_stop_dump
                0x200074b8       0x38 ./src/sub-systemCode/Main/CMD/COMM_CMD.o
                0x200074b8                cmd_stop_dump
 .text.cmd_time_frequency
                0x200074f0       0xc0 ./src/sub-systemCode/Main/CMD/COMM_CMD.o
                0x200074f0                cmd_time_frequency
 .text.cmd_change_def_bit_rate
                0x200075b0      0x158 ./src/sub-systemCode/Main/CMD/COMM_CMD.o
                0x200075b0                cmd_change_def_bit_rate
 .text.cmd_upload_volt_logic
                0x20007708      0x3d0 ./src/sub-systemCode/Main/CMD/EPS_CMD.o
                0x20007708                cmd_upload_volt_logic
 .text.cmd_upload_volt_COMM
                0x20007ad8      0x1c8 ./src/sub-systemCode/Main/CMD/EPS_CMD.o
                0x20007ad8                cmd_upload_volt_COMM
 .text.cmd_heater_temp
                0x20007ca0       0xc0 ./src/sub-systemCode/Main/CMD/EPS_CMD.o
                0x20007ca0                cmd_heater_temp
 .text.cmd_SHUT_CAM
                0x20007d60       0x6c ./src/sub-systemCode/Main/CMD/EPS_CMD.o
                0x20007d60                cmd_SHUT_CAM
 .text.cmd_SHUT_ADCS
                0x20007dcc       0x6c ./src/sub-systemCode/Main/CMD/EPS_CMD.o
                0x20007dcc                cmd_SHUT_ADCS
 .text.cmd_allow_CAM
                0x20007e38       0x6c ./src/sub-systemCode/Main/CMD/EPS_CMD.o
                0x20007e38                cmd_allow_CAM
 .text.cmd_allow_ADCS
                0x20007ea4       0x6c ./src/sub-systemCode/Main/CMD/EPS_CMD.o
                0x20007ea4                cmd_allow_ADCS
 .text.cmd_generic_I2C
                0x20007f10       0xb4 ./src/sub-systemCode/Main/CMD/General_CMD.o
                0x20007f10                cmd_generic_I2C
 .text.cmd_dump
                0x20007fc4       0xf0 ./src/sub-systemCode/Main/CMD/General_CMD.o
                0x20007fc4                cmd_dump
 .text.cmd_delete_TM
                0x200080b4      0x1dc ./src/sub-systemCode/Main/CMD/General_CMD.o
                0x200080b4                cmd_delete_TM
 .text.cmd_reset_file
                0x20008290      0x110 ./src/sub-systemCode/Main/CMD/General_CMD.o
                0x20008290                cmd_reset_file
 .text.cmd_dummy_func
                0x200083a0       0x40 ./src/sub-systemCode/Main/CMD/General_CMD.o
                0x200083a0                cmd_dummy_func
 .text.cmd_soft_reset_cmponent
                0x200083e0       0xb0 ./src/sub-systemCode/Main/CMD/General_CMD.o
                0x200083e0                cmd_soft_reset_cmponent
 .text.cmd_hard_reset_cmponent
                0x20008490       0xb0 ./src/sub-systemCode/Main/CMD/General_CMD.o
                0x20008490                cmd_hard_reset_cmponent
 .text.cmd_reset_satellite
                0x20008540       0x78 ./src/sub-systemCode/Main/CMD/General_CMD.o
                0x20008540                cmd_reset_satellite
 .text.cmd_gracefull_reset_satellite
                0x200085b8       0x78 ./src/sub-systemCode/Main/CMD/General_CMD.o
                0x200085b8                cmd_gracefull_reset_satellite
 .text.cmd_upload_time
                0x20008630       0xb0 ./src/sub-systemCode/Main/CMD/General_CMD.o
                0x20008630                cmd_upload_time
 .text.cmd_ARM_DIARM
                0x200086e0       0xd4 ./src/sub-systemCode/Main/CMD/General_CMD.o
                0x200086e0                cmd_ARM_DIARM
 .text.cmd_get_onlineTM
                0x200087b4       0xb8 ./src/sub-systemCode/Main/CMD/General_CMD.o
                0x200087b4                cmd_get_onlineTM
 .text.cmd_reset_off_line
                0x2000886c       0x68 ./src/sub-systemCode/Main/CMD/General_CMD.o
                0x2000886c                cmd_reset_off_line
 .text.cmd_add_item_off_line
                0x200088d4       0xf0 ./src/sub-systemCode/Main/CMD/General_CMD.o
                0x200088d4                cmd_add_item_off_line
 .text.cmd_reset_delayed_command_list
                0x200089c4       0x3c ./src/sub-systemCode/Main/CMD/SW_CMD.o
                0x200089c4                cmd_reset_delayed_command_list
 .text.cmd_reset_APRS_list
                0x20008a00       0x3c ./src/sub-systemCode/Main/CMD/SW_CMD.o
                0x20008a00                cmd_reset_APRS_list
 .text.cmd_reset_FRAM
                0x20008a3c       0xe8 ./src/sub-systemCode/Main/CMD/SW_CMD.o
                0x20008a3c                cmd_reset_FRAM
 .text.ARM_ants
                0x20008b24       0xb8 ./src/sub-systemCode/Main/Ants.o
                0x20008b24                ARM_ants
 .text.DISARM_ants
                0x20008bdc       0xb8 ./src/sub-systemCode/Main/Ants.o
                0x20008bdc                DISARM_ants
 .text.round_vol
                0x20008c94      0x124 ./src/sub-systemCode/Main/EPS.o
                0x20008c94                round_vol
 .text.get_shut_ADCS
                0x20008db8       0x48 ./src/sub-systemCode/Main/EPS.o
                0x20008db8                get_shut_ADCS
 .text.shut_ADCS
                0x20008e00       0x44 ./src/sub-systemCode/Main/EPS.o
                0x20008e00                shut_ADCS
 .text.get_shut_CAM
                0x20008e44       0x48 ./src/sub-systemCode/Main/EPS.o
                0x20008e44                get_shut_CAM
 .text.shut_CAM
                0x20008e8c       0x44 ./src/sub-systemCode/Main/EPS.o
                0x20008e8c                shut_CAM
 .text.update_powerLines
                0x20008ed0       0xec ./src/sub-systemCode/Main/EPS.o
                0x20008ed0                update_powerLines
 .text.init_enterMode
                0x20008fbc       0x88 ./src/sub-systemCode/Main/EPS.o
                0x20008fbc                init_enterMode
 .text.EPS_Init
                0x20009044      0x1c8 ./src/sub-systemCode/Main/EPS.o
                0x20009044                EPS_Init
 .text.reset_FRAM_EPS
                0x2000920c       0xa4 ./src/sub-systemCode/Main/EPS.o
                0x2000920c                reset_FRAM_EPS
 .text.reset_EPS_voltages
                0x200092b0       0xbc ./src/sub-systemCode/Main/EPS.o
                0x200092b0                reset_EPS_voltages
 .text.battery_downward
                0x2000936c      0x114 ./src/sub-systemCode/Main/EPS.o
                0x2000936c                battery_downward
 .text.battery_upward
                0x20009480      0x120 ./src/sub-systemCode/Main/EPS.o
                0x20009480                battery_upward
 .text.EPS_Conditioning
                0x200095a0      0x1a4 ./src/sub-systemCode/Main/EPS.o
                0x200095a0                EPS_Conditioning
 .text.overRide_ADCS
                0x20009744       0x50 ./src/sub-systemCode/Main/EPS.o
                0x20009744                overRide_ADCS
 .text.overRide_Camera
                0x20009794       0x38 ./src/sub-systemCode/Main/EPS.o
                0x20009794                overRide_Camera
 .text.EnterFullMode
                0x200097cc       0xfc ./src/sub-systemCode/Main/EPS.o
                0x200097cc                EnterFullMode
 .text.EnterCruiseMode
                0x200098c8       0xec ./src/sub-systemCode/Main/EPS.o
                0x200098c8                EnterCruiseMode
 .text.EnterSafeMode
                0x200099b4       0xec ./src/sub-systemCode/Main/EPS.o
                0x200099b4                EnterSafeMode
 .text.EnterCriticalMode
                0x20009aa0       0xd8 ./src/sub-systemCode/Main/EPS.o
                0x20009aa0                EnterCriticalMode
 .text.find_fileName
                0x20009b78      0x5e4 ./src/sub-systemCode/Main/HouseKeeping.o
                0x20009b78                find_fileName
 .text.size_of_element
                0x2000a15c      0x108 ./src/sub-systemCode/Main/HouseKeeping.o
                0x2000a15c                size_of_element
 .text.save_ACK
                0x2000a264       0xa0 ./src/sub-systemCode/Main/HouseKeeping.o
                0x2000a264                save_ACK
 .text.set_GP_EPS
                0x2000a304      0x10c ./src/sub-systemCode/Main/HouseKeeping.o
                0x2000a304                set_GP_EPS
 .text.set_GP_COMM
                0x2000a410       0x88 ./src/sub-systemCode/Main/HouseKeeping.o
                0x2000a410                set_GP_COMM
 .text.SP_HK_collect
                0x2000a498      0x17c ./src/sub-systemCode/Main/HouseKeeping.o
                0x2000a498                SP_HK_collect
 .text.EPS_HK_collect
                0x2000a614      0x4d8 ./src/sub-systemCode/Main/HouseKeeping.o
                0x2000a614                EPS_HK_collect
 .text.CAM_HK_collect
                0x2000aaec      0x91c ./src/sub-systemCode/Main/HouseKeeping.o
                0x2000aaec                CAM_HK_collect
 .text.COMM_HK_collect
                0x2000b408      0x154 ./src/sub-systemCode/Main/HouseKeeping.o
                0x2000b408                COMM_HK_collect
 .text.COMM_create_file
                0x2000b55c       0x74 ./src/sub-systemCode/Main/HouseKeeping.o
                0x2000b55c                COMM_create_file
 .text.ACK_create_file
                0x2000b5d0       0x74 ./src/sub-systemCode/Main/HouseKeeping.o
                0x2000b5d0                ACK_create_file
 .text.EPS_create_file
                0x2000b644       0x74 ./src/sub-systemCode/Main/HouseKeeping.o
                0x2000b644                EPS_create_file
 .text.CAM_create_file
                0x2000b6b8       0x54 ./src/sub-systemCode/Main/HouseKeeping.o
                0x2000b6b8                CAM_create_file
 .text.SP_create_file
                0x2000b70c       0x54 ./src/sub-systemCode/Main/HouseKeeping.o
                0x2000b70c                SP_create_file
 .text.create_files
                0x2000b760       0x48 ./src/sub-systemCode/Main/HouseKeeping.o
                0x2000b760                create_files
 .text.save_SP_HK
                0x2000b7a8       0x70 ./src/sub-systemCode/Main/HouseKeeping.o
                0x2000b7a8                save_SP_HK
 .text.save_EPS_HK
                0x2000b818       0x70 ./src/sub-systemCode/Main/HouseKeeping.o
                0x2000b818                save_EPS_HK
 .text.save_CAM_HK
                0x2000b888       0x84 ./src/sub-systemCode/Main/HouseKeeping.o
                0x2000b888                save_CAM_HK
 .text.save_COMM_HK
                0x2000b90c       0x70 ./src/sub-systemCode/Main/HouseKeeping.o
                0x2000b90c                save_COMM_HK
 .text.EPS_HK_raw_BigEnE
                0x2000b97c      0x194 ./src/sub-systemCode/Main/HouseKeeping.o
                0x2000b97c                EPS_HK_raw_BigEnE
 .text.CAM_HK_raw_BigEnE
                0x2000bb10      0x194 ./src/sub-systemCode/Main/HouseKeeping.o
                0x2000bb10                CAM_HK_raw_BigEnE
 .text.COMM_HK_raw_BigEnE
                0x2000bca4      0x194 ./src/sub-systemCode/Main/HouseKeeping.o
                0x2000bca4                COMM_HK_raw_BigEnE
 .text.ADCS_HK_raw_BigEnE
                0x2000be38      0x194 ./src/sub-systemCode/Main/HouseKeeping.o
                0x2000be38                ADCS_HK_raw_BigEnE
 .text.ADCS_SC_raw_BigEnE
                0x2000bfcc      0x188 ./src/sub-systemCode/Main/HouseKeeping.o
                0x2000bfcc                ADCS_SC_raw_BigEnE
 .text.build_HK_spl_packet
                0x2000c154      0xa2c ./src/sub-systemCode/Main/HouseKeeping.o
                0x2000c154                build_HK_spl_packet
 .text.HouseKeeping_highRate_Task
                0x2000cb80       0x60 ./src/sub-systemCode/Main/HouseKeeping.o
                0x2000cb80                HouseKeeping_highRate_Task
 .text.HouseKeeping_lowRate_Task
                0x2000cbe0       0x5c ./src/sub-systemCode/Main/HouseKeeping.o
                0x2000cbe0                HouseKeeping_lowRate_Task
 .text.test_menu
                0x2000cc3c       0xd8 ./src/sub-systemCode/Main/Main_Init.o
                0x2000cc3c                test_menu
 .text.numberOfRestarts
                0x2000cd14       0x94 ./src/sub-systemCode/Main/Main_Init.o
                0x2000cd14                numberOfRestarts
 .text.StartFRAM
                0x2000cda8       0x38 ./src/sub-systemCode/Main/Main_Init.o
                0x2000cda8                StartFRAM
 .text.StartI2C
                0x2000cde0       0x44 ./src/sub-systemCode/Main/Main_Init.o
                0x2000cde0                StartI2C
 .text.StartSPI
                0x2000ce24       0x40 ./src/sub-systemCode/Main/Main_Init.o
                0x2000ce24                StartSPI
 .text.StartTIME
                0x2000ce64      0x118 ./src/sub-systemCode/Main/Main_Init.o
                0x2000ce64                StartTIME
 .text.first_activation
                0x2000cf7c       0x78 ./src/sub-systemCode/Main/Main_Init.o
                0x2000cf7c                first_activation
 .text.InitSubsystems
                0x2000cff4       0x68 ./src/sub-systemCode/Main/Main_Init.o
                0x2000cff4                InitSubsystems
 .text.SubSystemTaskStart
                0x2000d05c      0x11c ./src/sub-systemCode/Main/Main_Init.o
                0x2000d05c                SubSystemTaskStart
 .text.copy_command
                0x2000d178       0x80 ./src/sub-systemCode/Main/commands.o
                0x2000d178                copy_command
 .text.reset_command
                0x2000d1f8       0x28 ./src/sub-systemCode/Main/commands.o
                0x2000d1f8                reset_command
 .text.init_command
                0x2000d220       0xd4 ./src/sub-systemCode/Main/commands.o
                0x2000d220                init_command
 .text.add_command
                0x2000d2f4      0x138 ./src/sub-systemCode/Main/commands.o
                0x2000d2f4                add_command
 .text.get_command
                0x2000d42c      0x1cc ./src/sub-systemCode/Main/commands.o
                0x2000d42c                get_command
 .text.act_upon_command
                0x2000d5f8      0x240 ./src/sub-systemCode/Main/commands.o
                0x2000d5f8                act_upon_command
 .text.AUC_COMM
                0x2000d838      0x25c ./src/sub-systemCode/Main/commands.o
                0x2000d838                AUC_COMM
 .text.AUC_general
                0x2000da94      0x17c ./src/sub-systemCode/Main/commands.o
                0x2000da94                AUC_general
 .text.AUC_payload
                0x2000dc10      0x110 ./src/sub-systemCode/Main/commands.o
                0x2000dc10                AUC_payload
 .text.AUC_EPS  0x2000dd20      0x248 ./src/sub-systemCode/Main/commands.o
                0x2000dd20                AUC_EPS
 .text.AUC_ADCS
                0x2000df68       0x5c ./src/sub-systemCode/Main/commands.o
                0x2000df68                AUC_ADCS
 .text.AUC_GS   0x2000dfc4      0x1fc ./src/sub-systemCode/Main/commands.o
                0x2000dfc4                AUC_GS
 .text.AUC_SW   0x2000e1c0       0xe4 ./src/sub-systemCode/Main/commands.o
                0x2000e1c0                AUC_SW
 .text.AUC_onlineTM
                0x2000e2a4      0x16c ./src/sub-systemCode/Main/commands.o
                0x2000e2a4                AUC_onlineTM
 .text.AUC_special_operation
                0x2000e410       0x8c ./src/sub-systemCode/Main/commands.o
                0x2000e410                AUC_special_operation
 .text.check_int
                0x2000e49c       0x3c ./src/sub-systemCode/Global/Global.o
                0x2000e49c                check_int
 .text.check_portBASE_TYPE
                0x2000e4d8       0x3c ./src/sub-systemCode/Global/Global.o
                0x2000e4d8                check_portBASE_TYPE
 .text.soft_reset_subsystem
                0x2000e514       0xd8 ./src/sub-systemCode/Global/Global.o
                0x2000e514                soft_reset_subsystem
 .text.hard_reset_subsystem
                0x2000e5ec       0xfc ./src/sub-systemCode/Global/Global.o
                0x2000e5ec                hard_reset_subsystem
 .text.BigEnE_raw_to_uInt
                0x2000e6e8       0x94 ./src/sub-systemCode/Global/Global.o
                0x2000e6e8                BigEnE_raw_to_uInt
 .text.BigEnE_raw_to_uShort
                0x2000e77c       0x50 ./src/sub-systemCode/Global/Global.o
                0x2000e77c                BigEnE_raw_to_uShort
 .text.BigEnE_uInt_to_raw
                0x2000e7cc       0x78 ./src/sub-systemCode/Global/Global.o
                0x2000e7cc                BigEnE_uInt_to_raw
 .text.reset_FRAM_MAIN
                0x2000e844      0x19c ./src/sub-systemCode/Global/Global.o
                0x2000e844                reset_FRAM_MAIN
 .text.init_GP  0x2000e9e0      0x300 ./src/sub-systemCode/Global/GlobalParam.o
                0x2000e9e0                init_GP
 .text.get_system_state
                0x2000ece0      0x268 ./src/sub-systemCode/Global/GlobalParam.o
                0x2000ece0                get_system_state
 .text.set_system_state
                0x2000ef48      0x298 ./src/sub-systemCode/Global/GlobalParam.o
                0x2000ef48                set_system_state
 .text.get_current_global_param
                0x2000f1e0      0x5c8 ./src/sub-systemCode/Global/GlobalParam.o
                0x2000f1e0                get_current_global_param
 .text.set_Vbatt
                0x2000f7a8       0x8c ./src/sub-systemCode/Global/GlobalParam.o
                0x2000f7a8                set_Vbatt
 .text.get_Vbatt
                0x2000f834       0x8c ./src/sub-systemCode/Global/GlobalParam.o
                0x2000f834                get_Vbatt
 .text.set_curBat
                0x2000f8c0       0x8c ./src/sub-systemCode/Global/GlobalParam.o
                0x2000f8c0                set_curBat
 .text.set_cur3V3
                0x2000f94c       0x8c ./src/sub-systemCode/Global/GlobalParam.o
                0x2000f94c                set_cur3V3
 .text.set_cur5V
                0x2000f9d8       0x8c ./src/sub-systemCode/Global/GlobalParam.o
                0x2000f9d8                set_cur5V
 .text.set_tempComm_LO
                0x2000fa64       0x8c ./src/sub-systemCode/Global/GlobalParam.o
                0x2000fa64                set_tempComm_LO
 .text.set_tempComm_PA
                0x2000faf0       0x8c ./src/sub-systemCode/Global/GlobalParam.o
                0x2000faf0                set_tempComm_PA
 .text.set_tempEPS
                0x2000fb7c       0xc8 ./src/sub-systemCode/Global/GlobalParam.o
                0x2000fb7c                set_tempEPS
 .text.set_tempBatt
                0x2000fc44       0xc8 ./src/sub-systemCode/Global/GlobalParam.o
                0x2000fc44                set_tempBatt
 .text.set_RxDoppler
                0x2000fd0c       0x8c ./src/sub-systemCode/Global/GlobalParam.o
                0x2000fd0c                set_RxDoppler
 .text.set_RxRSSI
                0x2000fd98       0x8c ./src/sub-systemCode/Global/GlobalParam.o
                0x2000fd98                set_RxRSSI
 .text.set_TxRefl
                0x2000fe24       0x8c ./src/sub-systemCode/Global/GlobalParam.o
                0x2000fe24                set_TxRefl
 .text.set_TxForw
                0x2000feb0       0x8c ./src/sub-systemCode/Global/GlobalParam.o
                0x2000feb0                set_TxForw
 .text.get_ST   0x2000ff3c       0x8c ./src/sub-systemCode/Global/GlobalParam.o
                0x2000ff3c                get_ST
 .text.set_numOfAPRS
                0x2000ffc8       0x8c ./src/sub-systemCode/Global/GlobalParam.o
                0x2000ffc8                set_numOfAPRS
 .text.set_numOfDelayedCommand
                0x20010054       0x8c ./src/sub-systemCode/Global/GlobalParam.o
                0x20010054                set_numOfDelayedCommand
 .text.set_numOfResets
                0x200100e0       0xac ./src/sub-systemCode/Global/GlobalParam.o
                0x200100e0                set_numOfResets
 .text.set_ground_conn
                0x2001018c       0xa0 ./src/sub-systemCode/Global/GlobalParam.o
                0x2001018c                set_ground_conn
 .text.get_ground_conn
                0x2001022c       0xa0 ./src/sub-systemCode/Global/GlobalParam.o
                0x2001022c                get_ground_conn
 .text.IsisAntS_getStatusData_sideA
                0x200102cc       0x3c ./src/sub-systemCode/Global/OnlineTM.o
                0x200102cc                IsisAntS_getStatusData_sideA
 .text.IsisAntS_getAlltelemetry_sideA
                0x20010308       0x3c ./src/sub-systemCode/Global/OnlineTM.o
                0x20010308                IsisAntS_getAlltelemetry_sideA
 .text.IsisAntS_getTemperature_sideA
                0x20010344       0x3c ./src/sub-systemCode/Global/OnlineTM.o
                0x20010344                IsisAntS_getTemperature_sideA
 .text.IsisAntS_getStatusData_sideB
                0x20010380       0x3c ./src/sub-systemCode/Global/OnlineTM.o
                0x20010380                IsisAntS_getStatusData_sideB
 .text.IsisAntS_getAlltelemetry_sideB
                0x200103bc       0x3c ./src/sub-systemCode/Global/OnlineTM.o
                0x200103bc                IsisAntS_getAlltelemetry_sideB
 .text.IsisAntS_getTemperature_sideB
                0x200103f8       0x3c ./src/sub-systemCode/Global/OnlineTM.o
                0x200103f8                IsisAntS_getTemperature_sideB
 .text.get_item_by_index
                0x20010434       0xd8 ./src/sub-systemCode/Global/OnlineTM.o
                0x20010434                get_item_by_index
 .text.init_onlineParam
                0x2001050c      0xc80 ./src/sub-systemCode/Global/OnlineTM.o
                0x2001050c                init_onlineParam
 .text.reset_offline_TM_list
                0x2001118c       0x50 ./src/sub-systemCode/Global/OnlineTM.o
                0x2001118c                reset_offline_TM_list
 .text.get_online_packet
                0x200111dc      0x254 ./src/sub-systemCode/Global/OnlineTM.o
                0x200111dc                get_online_packet
 .text.save_onlineTM_param
                0x20011430      0x1d8 ./src/sub-systemCode/Global/OnlineTM.o
                0x20011430                save_onlineTM_param
 .text.add_onlineTM_param_to_save_list
                0x20011608      0x214 ./src/sub-systemCode/Global/OnlineTM.o
                0x20011608                add_onlineTM_param_to_save_list
 .text.save_onlineTM_logic
                0x2001181c      0x180 ./src/sub-systemCode/Global/OnlineTM.o
                0x2001181c                save_onlineTM_logic
 .text.save_onlineTM_task
                0x2001199c       0x38 ./src/sub-systemCode/Global/OnlineTM.o
                0x2001199c                save_onlineTM_task
 .text.delete_allTMFilesFromSD
                0x200119d4       0xf8 ./src/sub-systemCode/Global/TM_managment.o
                0x200119d4                delete_allTMFilesFromSD
 .text.getNumOfFilesInFS
                0x20011acc       0x44 ./src/sub-systemCode/Global/TM_managment.o
 .text.setNumOfFilesInFS
                0x20011b10       0x50 ./src/sub-systemCode/Global/TM_managment.o
 .text.InitializeFS
                0x20011b60      0x174 ./src/sub-systemCode/Global/TM_managment.o
                0x20011b60                InitializeFS
 .text.c_fileCreate
                0x20011cd4       0xf4 ./src/sub-systemCode/Global/TM_managment.o
                0x20011cd4                c_fileCreate
 .text.writewithEpochtime
                0x20011dc8       0x9c ./src/sub-systemCode/Global/TM_managment.o
 .text.get_C_FILE_struct
                0x20011e64      0x104 ./src/sub-systemCode/Global/TM_managment.o
 .text.getFileIndex
                0x20011f68       0x4c ./src/sub-systemCode/Global/TM_managment.o
 .text.get_file_name_by_index
                0x20011fb4       0x54 ./src/sub-systemCode/Global/TM_managment.o
                0x20011fb4                get_file_name_by_index
 .text.c_fileReset
                0x20012008       0xbc ./src/sub-systemCode/Global/TM_managment.o
                0x20012008                c_fileReset
 .text.c_fileWrite
                0x200120c4      0x11c ./src/sub-systemCode/Global/TM_managment.o
                0x200120c4                c_fileWrite
 .text.c_fileRead
                0x200121e0      0x28c ./src/sub-systemCode/Global/TM_managment.o
                0x200121e0                c_fileRead
 .text.reset_APRS_list
                0x2001246c       0xa4 ./src/sub-systemCode/COMM/APRS.o
                0x2001246c                reset_APRS_list
 .text.send_APRS_Dump
                0x20012510      0x1c0 ./src/sub-systemCode/COMM/APRS.o
                0x20012510                send_APRS_Dump
 .text.check_APRS
                0x200126d0      0x1a4 ./src/sub-systemCode/COMM/APRS.o
                0x200126d0                check_APRS
 .text.get_APRS_list
                0x20012874       0x88 ./src/sub-systemCode/COMM/APRS.o
                0x20012874                get_APRS_list
 .text.find_CMD_in_list
                0x200128fc       0x7c ./src/sub-systemCode/COMM/DelayedCommand_list.o
                0x200128fc                find_CMD_in_list
 .text.find_empty_in_list
                0x20012978       0x74 ./src/sub-systemCode/COMM/DelayedCommand_list.o
                0x20012978                find_empty_in_list
 .text.check_delayCommandTime
                0x200129ec       0x8c ./src/sub-systemCode/COMM/DelayedCommand_list.o
                0x200129ec                check_delayCommandTime
 .text.execute_delayedCommand
                0x20012a78       0x64 ./src/sub-systemCode/COMM/DelayedCommand_list.o
                0x20012a78                execute_delayedCommand
 .text.check_delaycommand
                0x20012adc      0x17c ./src/sub-systemCode/COMM/DelayedCommand_list.o
                0x20012adc                check_delaycommand
 .text.reset_delayCommand
                0x20012c58       0x8c ./src/sub-systemCode/COMM/DelayedCommand_list.o
                0x20012c58                reset_delayCommand
 .text.add_delayCommand
                0x20012ce4      0x1a4 ./src/sub-systemCode/COMM/DelayedCommand_list.o
                0x20012ce4                add_delayCommand
 .text.get_delayCommand_list
                0x20012e88       0x80 ./src/sub-systemCode/COMM/DelayedCommand_list.o
                0x20012e88                get_delayCommand_list
 .text.EmptyOldestCommand
                0x20012f08       0xfc ./src/sub-systemCode/COMM/DelayedCommand_list.o
                0x20012f08                EmptyOldestCommand
 .text.decode_TCpacket
                0x20013004      0x16c ./src/sub-systemCode/COMM/GSC.o
                0x20013004                decode_TCpacket
 .text.encode_TCpacket
                0x20013170      0x114 ./src/sub-systemCode/COMM/GSC.o
                0x20013170                encode_TCpacket
 .text.encode_TMpacket
                0x20013284      0x104 ./src/sub-systemCode/COMM/GSC.o
                0x20013284                encode_TMpacket
 .text.build_raw_ACK
                0x20013388       0xbc ./src/sub-systemCode/COMM/GSC.o
                0x20013388                build_raw_ACK
 .text.build_data_field_ACK
                0x20013444       0x74 ./src/sub-systemCode/COMM/GSC.o
                0x20013444                build_data_field_ACK
 .text.TRXVU_init_hardWare
                0x200134b8      0x134 ./src/sub-systemCode/COMM/TRXVU.o
                0x200134b8                TRXVU_init_hardWare
 .text.TRXVU_init_softWare
                0x200135ec      0x194 ./src/sub-systemCode/COMM/TRXVU.o
                0x200135ec                TRXVU_init_softWare
 .text.init_trxvu
                0x20013780       0x14 ./src/sub-systemCode/COMM/TRXVU.o
                0x20013780                init_trxvu
 .text.TRXVU_task
                0x20013794       0x9c ./src/sub-systemCode/COMM/TRXVU.o
                0x20013794                TRXVU_task
 .text.dump_logic
                0x20013830      0x308 ./src/sub-systemCode/COMM/TRXVU.o
                0x20013830                dump_logic
 .text.Dump_task
                0x20013b38      0x16c ./src/sub-systemCode/COMM/TRXVU.o
                0x20013b38                Dump_task
 .text.transponder_logic
                0x20013ca4       0xbc ./src/sub-systemCode/COMM/TRXVU.o
                0x20013ca4                transponder_logic
 .text.Transponder_task
                0x20013d60      0x1e0 ./src/sub-systemCode/COMM/TRXVU.o
                0x20013d60                Transponder_task
 .text.lookForRequestToDelete_transponder
                0x20013f40       0xac ./src/sub-systemCode/COMM/TRXVU.o
                0x20013f40                lookForRequestToDelete_transponder
 .text.lookForRequestToDelete_dump
                0x20013fec       0x7c ./src/sub-systemCode/COMM/TRXVU.o
                0x20013fec                lookForRequestToDelete_dump
 .text.sendRequestToStop_dump
                0x20014068       0x8c ./src/sub-systemCode/COMM/TRXVU.o
                0x20014068                sendRequestToStop_dump
 .text.sendRequestToStop_transponder
                0x200140f4       0x98 ./src/sub-systemCode/COMM/TRXVU.o
                0x200140f4                sendRequestToStop_transponder
 .text.Rx_logic
                0x2001418c      0x184 ./src/sub-systemCode/COMM/TRXVU.o
                0x2001418c                Rx_logic
 .text.pass_above_Ground
                0x20014310      0x104 ./src/sub-systemCode/COMM/TRXVU.o
                0x20014310                pass_above_Ground
 .text.trxvu_logic
                0x20014414       0x1c ./src/sub-systemCode/COMM/TRXVU.o
                0x20014414                trxvu_logic
 .text.Beacon_task
                0x20014430      0x170 ./src/sub-systemCode/COMM/TRXVU.o
                0x20014430                Beacon_task
 .text.buildAndSend_beacon
                0x200145a0      0x604 ./src/sub-systemCode/COMM/TRXVU.o
                0x200145a0                buildAndSend_beacon
 .text.reset_FRAM_TRXVU
                0x20014ba4       0xc0 ./src/sub-systemCode/COMM/TRXVU.o
                0x20014ba4                reset_FRAM_TRXVU
 .text.TRX_sendFrame
                0x20014c64      0x1c0 ./src/sub-systemCode/COMM/TRXVU.o
                0x20014c64                TRX_sendFrame
 .text.TRX_getFrameData
                0x20014e24      0x128 ./src/sub-systemCode/COMM/TRXVU.o
                0x20014e24                TRX_getFrameData
 .text.mute_Tx  0x20014f4c       0x20 ./src/sub-systemCode/COMM/TRXVU.o
                0x20014f4c                mute_Tx
 .text.unmute_Tx
                0x20014f6c       0x54 ./src/sub-systemCode/COMM/TRXVU.o
                0x20014f6c                unmute_Tx
 .text.check_time_off_mute
                0x20014fc0       0x74 ./src/sub-systemCode/COMM/TRXVU.o
                0x20014fc0                check_time_off_mute
 .text.set_mute_time
                0x20015034       0xb4 ./src/sub-systemCode/COMM/TRXVU.o
                0x20015034                set_mute_time
 .text.change_TRXVU_state
                0x200150e8       0x98 ./src/sub-systemCode/COMM/TRXVU.o
                0x200150e8                change_TRXVU_state
 .text.change_trans_RSSI
                0x20015180       0x60 ./src/sub-systemCode/COMM/TRXVU.o
                0x20015180                change_trans_RSSI
 .text.init_adcs
                0x200151e0      0x104 ./src/sub-systemCode/ADCS/ADCS.o
                0x200151e0                init_adcs
 .text.telemtryStart
                0x200152e4      0x16c ./src/sub-systemCode/ADCS/Stage_Table.o
                0x200152e4                telemtryStart
 .text.powerStart
                0x20015450       0x5c ./src/sub-systemCode/ADCS/Stage_Table.o
                0x20015450                powerStart
 .text.createTable
                0x200154ac       0xb4 ./src/sub-systemCode/ADCS/Stage_Table.o
                0x200154ac                createTable
 .text.buildControlMode
                0x20015560       0x60 ./src/sub-systemCode/ADCS/Stage_Table.o
                0x20015560                buildControlMode
 .text.Check_Table
                0x200155c0      0x178 ./src/sub-systemCode/ADCS/Stage_Table.o
                0x200155c0                Check_Table
 .text.updateTable
                0x20015738      0x1f0 ./src/sub-systemCode/ADCS/Stage_Table.o
                0x20015738                updateTable
 .text.translateCommandFULL
                0x20015928       0x78 ./src/sub-systemCode/ADCS/Stage_Table.o
                0x20015928                translateCommandFULL
 .text.getTableTo
                0x200159a0       0x64 ./src/sub-systemCode/ADCS/Stage_Table.o
                0x200159a0                getTableTo
 .text.save_time
                0x20015a04       0x9c ./src/main.o
                0x20015a04                save_time
 .text.Command_logic
                0x20015aa0       0x6c ./src/main.o
                0x20015aa0                Command_logic
 .text.taskMain
                0x20015b0c       0x74 ./src/main.o
                0x20015b0c                taskMain
 .text.main     0x20015b80       0xbc ./src/main.o
                0x20015b80                main
 .text.GomEpsInitialize
                0x20015c3c      0x148 C:/Hoopoe3/satellite-subsystems/demo/..//satellite-subsystems/lib\libSatelliteSubsystemsD.a(GomEPS.o)
                0x20015c3c                GomEpsInitialize
 .text.makeEPStransfer
                0x20015d84       0x3c C:/Hoopoe3/satellite-subsystems/demo/..//satellite-subsystems/lib\libSatelliteSubsystemsD.a(GomEPS.o)
 .text.GomEpsSoftReset
                0x20015dc0       0xc4 C:/Hoopoe3/satellite-subsystems/demo/..//satellite-subsystems/lib\libSatelliteSubsystemsD.a(GomEPS.o)
                0x20015dc0                GomEpsSoftReset
 .text.GomEpsHardReset
                0x20015e84       0xa8 C:/Hoopoe3/satellite-subsystems/demo/..//satellite-subsystems/lib\libSatelliteSubsystemsD.a(GomEPS.o)
                0x20015e84                GomEpsHardReset
 .text.GomEpsGetHkData_param
                0x20015f2c      0x29c C:/Hoopoe3/satellite-subsystems/demo/..//satellite-subsystems/lib\libSatelliteSubsystemsD.a(GomEPS.o)
                0x20015f2c                GomEpsGetHkData_param
 .text.GomEpsGetHkData_general
                0x200161c8      0x45c C:/Hoopoe3/satellite-subsystems/demo/..//satellite-subsystems/lib\libSatelliteSubsystemsD.a(GomEPS.o)
                0x200161c8                GomEpsGetHkData_general
 .text.GomEpsGetHkData_vi
                0x20016624      0x188 C:/Hoopoe3/satellite-subsystems/demo/..//satellite-subsystems/lib\libSatelliteSubsystemsD.a(GomEPS.o)
                0x20016624                GomEpsGetHkData_vi
 .text.GomEpsGetHkData_out
                0x200167ac      0x21c C:/Hoopoe3/satellite-subsystems/demo/..//satellite-subsystems/lib\libSatelliteSubsystemsD.a(GomEPS.o)
                0x200167ac                GomEpsGetHkData_out
 .text.GomEpsGetHkData_wdt
                0x200169c8      0x2b4 C:/Hoopoe3/satellite-subsystems/demo/..//satellite-subsystems/lib\libSatelliteSubsystemsD.a(GomEPS.o)
                0x200169c8                GomEpsGetHkData_wdt
 .text.GomEpsGetHkData_basic
                0x20016c7c      0x22c C:/Hoopoe3/satellite-subsystems/demo/..//satellite-subsystems/lib\libSatelliteSubsystemsD.a(GomEPS.o)
                0x20016c7c                GomEpsGetHkData_basic
 .text.GomEpsSetOutput
                0x20016ea8       0xbc C:/Hoopoe3/satellite-subsystems/demo/..//satellite-subsystems/lib\libSatelliteSubsystemsD.a(GomEPS.o)
                0x20016ea8                GomEpsSetOutput
 .text.GomEpsConfigGet
                0x20016f64      0x16c C:/Hoopoe3/satellite-subsystems/demo/..//satellite-subsystems/lib\libSatelliteSubsystemsD.a(GomEPS.o)
                0x20016f64                GomEpsConfigGet
 .text.GomEpsConfigSet
                0x200170d0      0x184 C:/Hoopoe3/satellite-subsystems/demo/..//satellite-subsystems/lib\libSatelliteSubsystemsD.a(GomEPS.o)
                0x200170d0                GomEpsConfigSet
 .text.GomEpsConfig2Get
                0x20017254      0x16c C:/Hoopoe3/satellite-subsystems/demo/..//satellite-subsystems/lib\libSatelliteSubsystemsD.a(GomEPS.o)
                0x20017254                GomEpsConfig2Get
 .text.makeAntStransfer
                0x200173c0       0x4c C:/Hoopoe3/satellite-subsystems/demo/..//satellite-subsystems/lib\libSatelliteSubsystemsD.a(IsisAntS.o)
 .text.checkInputsValid
                0x2001740c       0x7c C:/Hoopoe3/satellite-subsystems/demo/..//satellite-subsystems/lib\libSatelliteSubsystemsD.a(IsisAntS.o)
 .text.IsisAntS_setArmStatus
                0x20017488      0x104 C:/Hoopoe3/satellite-subsystems/demo/..//satellite-subsystems/lib\libSatelliteSubsystemsD.a(IsisAntS.o)
                0x20017488                IsisAntS_setArmStatus
 .text.IsisAntS_getStatusData
                0x2001758c      0x120 C:/Hoopoe3/satellite-subsystems/demo/..//satellite-subsystems/lib\libSatelliteSubsystemsD.a(IsisAntS.o)
                0x2001758c                IsisAntS_getStatusData
 .text.IsisAntS_getTemperature
                0x200176ac      0x120 C:/Hoopoe3/satellite-subsystems/demo/..//satellite-subsystems/lib\libSatelliteSubsystemsD.a(IsisAntS.o)
                0x200176ac                IsisAntS_getTemperature
 .text.IsisAntS_getAlltelemetry
                0x200177cc      0x120 C:/Hoopoe3/satellite-subsystems/demo/..//satellite-subsystems/lib\libSatelliteSubsystemsD.a(IsisAntS.o)
                0x200177cc                IsisAntS_getAlltelemetry
 .text.IsisAntS_reset
                0x200178ec      0x104 C:/Hoopoe3/satellite-subsystems/demo/..//satellite-subsystems/lib\libSatelliteSubsystemsD.a(IsisAntS.o)
                0x200178ec                IsisAntS_reset
 .text.IsisSolarPanelv2_initialize
                0x200179f0       0xb4 C:/Hoopoe3/satellite-subsystems/demo/..//satellite-subsystems/lib\libSatelliteSubsystemsD.a(IsisSolarPanelv2.o)
                0x200179f0                IsisSolarPanelv2_initialize
 .text.IsisSolarPanelv2_getTemperature
                0x20017aa4       0xc8 C:/Hoopoe3/satellite-subsystems/demo/..//satellite-subsystems/lib\libSatelliteSubsystemsD.a(IsisSolarPanelv2.o)
                0x20017aa4                IsisSolarPanelv2_getTemperature
 .text.IsisSolarPanelv2_sleep
                0x20017b6c       0xbc C:/Hoopoe3/satellite-subsystems/demo/..//satellite-subsystems/lib\libSatelliteSubsystemsD.a(IsisSolarPanelv2.o)
                0x20017b6c                IsisSolarPanelv2_sleep
 .text.IsisSolarPanelv2_wakeup
                0x20017c28       0x80 C:/Hoopoe3/satellite-subsystems/demo/..//satellite-subsystems/lib\libSatelliteSubsystemsD.a(IsisSolarPanelv2.o)
                0x20017c28                IsisSolarPanelv2_wakeup
 .text._Reset   0x20017ca8       0x20 C:/Hoopoe3/satellite-subsystems/demo/..//satellite-subsystems/lib\libSatelliteSubsystemsD.a(IsisSolarPanelv2.o)
 .text._WaitForStartup
                0x20017cc8       0x90 C:/Hoopoe3/satellite-subsystems/demo/..//satellite-subsystems/lib\libSatelliteSubsystemsD.a(IsisSolarPanelv2.o)
 .text._AssignAllChannels
                0x20017d58       0x90 C:/Hoopoe3/satellite-subsystems/demo/..//satellite-subsystems/lib\libSatelliteSubsystemsD.a(IsisSolarPanelv2.o)
 .text._AssignThisChannel
                0x20017de8       0xe8 C:/Hoopoe3/satellite-subsystems/demo/..//satellite-subsystems/lib\libSatelliteSubsystemsD.a(IsisSolarPanelv2.o)
 .text._InitiateConversion
                0x20017ed0       0xac C:/Hoopoe3/satellite-subsystems/demo/..//satellite-subsystems/lib\libSatelliteSubsystemsD.a(IsisSolarPanelv2.o)
 .text._WaitForConversionComplete
                0x20017f7c      0x100 C:/Hoopoe3/satellite-subsystems/demo/..//satellite-subsystems/lib\libSatelliteSubsystemsD.a(IsisSolarPanelv2.o)
 .text._ReadResult
                0x2001807c      0x158 C:/Hoopoe3/satellite-subsystems/demo/..//satellite-subsystems/lib\libSatelliteSubsystemsD.a(IsisSolarPanelv2.o)
 .text._ExtractByte
                0x200181d4       0x38 C:/Hoopoe3/satellite-subsystems/demo/..//satellite-subsystems/lib\libSatelliteSubsystemsD.a(IsisSolarPanelv2.o)
 .text._ExtendSign
                0x2001820c       0x6c C:/Hoopoe3/satellite-subsystems/demo/..//satellite-subsystems/lib\libSatelliteSubsystemsD.a(IsisSolarPanelv2.o)
 .text._PinsInit
                0x20018278       0x50 C:/Hoopoe3/satellite-subsystems/demo/..//satellite-subsystems/lib\libSatelliteSubsystemsD.a(IsisSolarPanelv2.o)
 .text._SpiWriteRead
                0x200182c8       0x70 C:/Hoopoe3/satellite-subsystems/demo/..//satellite-subsystems/lib\libSatelliteSubsystemsD.a(IsisSolarPanelv2.o)
 .text.IsisTrxvu_initialize
                0x20018338      0x2f4 C:/Hoopoe3/satellite-subsystems/demo/..//satellite-subsystems/lib\libSatelliteSubsystemsD.a(IsisTRXVU.o)
                0x20018338                IsisTrxvu_initialize
 .text.makeTRXVUtransfer
                0x2001862c       0x44 C:/Hoopoe3/satellite-subsystems/demo/..//satellite-subsystems/lib\libSatelliteSubsystemsD.a(IsisTRXVU.o)
 .text.IsisTrxvu_componentSoftReset
                0x20018670       0x6c C:/Hoopoe3/satellite-subsystems/demo/..//satellite-subsystems/lib\libSatelliteSubsystemsD.a(IsisTRXVU.o)
                0x20018670                IsisTrxvu_componentSoftReset
 .text.IsisTrxvu_componentHardReset
                0x200186dc       0xc8 C:/Hoopoe3/satellite-subsystems/demo/..//satellite-subsystems/lib\libSatelliteSubsystemsD.a(IsisTRXVU.o)
                0x200186dc                IsisTrxvu_componentHardReset
 .text.IsisTrxvu_softReset
                0x200187a4       0x74 C:/Hoopoe3/satellite-subsystems/demo/..//satellite-subsystems/lib\libSatelliteSubsystemsD.a(IsisTRXVU.o)
                0x200187a4                IsisTrxvu_softReset
 .text.IsisTrxvu_hardReset
                0x20018818       0x74 C:/Hoopoe3/satellite-subsystems/demo/..//satellite-subsystems/lib\libSatelliteSubsystemsD.a(IsisTRXVU.o)
                0x20018818                IsisTrxvu_hardReset
 .text.IsisTrxvu_tcSendAX25DefClSign
                0x2001888c       0xec C:/Hoopoe3/satellite-subsystems/demo/..//satellite-subsystems/lib\libSatelliteSubsystemsD.a(IsisTRXVU.o)
                0x2001888c                IsisTrxvu_tcSendAX25DefClSign
 .text.IsisTrxvu_tcSetIdlestate
                0x20018978       0xa4 C:/Hoopoe3/satellite-subsystems/demo/..//satellite-subsystems/lib\libSatelliteSubsystemsD.a(IsisTRXVU.o)
                0x20018978                IsisTrxvu_tcSetIdlestate
 .text.IsisTrxvu_tcSetAx25Bitrate
                0x20018a1c       0xc4 C:/Hoopoe3/satellite-subsystems/demo/..//satellite-subsystems/lib\libSatelliteSubsystemsD.a(IsisTRXVU.o)
                0x20018a1c                IsisTrxvu_tcSetAx25Bitrate
 .text.IsisTrxvu_tcGetTelemetryAll
                0x20018ae0       0xd0 C:/Hoopoe3/satellite-subsystems/demo/..//satellite-subsystems/lib\libSatelliteSubsystemsD.a(IsisTRXVU.o)
                0x20018ae0                IsisTrxvu_tcGetTelemetryAll
 .text.IsisTrxvu_tcGetTelemetryAll_revC
                0x20018bb0       0xd0 C:/Hoopoe3/satellite-subsystems/demo/..//satellite-subsystems/lib\libSatelliteSubsystemsD.a(IsisTRXVU.o)
                0x20018bb0                IsisTrxvu_tcGetTelemetryAll_revC
 .text.IsisTrxvu_rcGetFrameCount
                0x20018c80       0xa0 C:/Hoopoe3/satellite-subsystems/demo/..//satellite-subsystems/lib\libSatelliteSubsystemsD.a(IsisTRXVU.o)
                0x20018c80                IsisTrxvu_rcGetFrameCount
 .text.IsisTrxvu_rcGetCommandFrame
                0x20018d20      0x2d8 C:/Hoopoe3/satellite-subsystems/demo/..//satellite-subsystems/lib\libSatelliteSubsystemsD.a(IsisTRXVU.o)
                0x20018d20                IsisTrxvu_rcGetCommandFrame
 .text.IsisTrxvu_rcGetTelemetryAll
                0x20018ff8       0xd0 C:/Hoopoe3/satellite-subsystems/demo/..//satellite-subsystems/lib\libSatelliteSubsystemsD.a(IsisTRXVU.o)
                0x20018ff8                IsisTrxvu_rcGetTelemetryAll
 .text.IsisTrxvu_rcGetTelemetryAll_revC
                0x200190c8       0xec C:/Hoopoe3/satellite-subsystems/demo/..//satellite-subsystems/lib\libSatelliteSubsystemsD.a(IsisTRXVU.o)
                0x200190c8                IsisTrxvu_rcGetTelemetryAll_revC
 .text.cspaceADCS_initialize
                0x200191b4      0x18c C:/Hoopoe3/satellite-subsystems/demo/..//satellite-subsystems/lib\libSatelliteSubsystemsD.a(cspaceADCS.o)
                0x200191b4                cspaceADCS_initialize
 .text.make_cspaceADCStransfer
                0x20019340      0x1b4 C:/Hoopoe3/satellite-subsystems/demo/..//satellite-subsystems/lib\libSatelliteSubsystemsD.a(cspaceADCS.o)
 .text.cspaceADCS_componentReset
                0x200194f4       0xbc C:/Hoopoe3/satellite-subsystems/demo/..//satellite-subsystems/lib\libSatelliteSubsystemsD.a(cspaceADCS.o)
                0x200194f4                cspaceADCS_componentReset
 .text.cspaceADCS_setRunMode
                0x200195b0       0xbc C:/Hoopoe3/satellite-subsystems/demo/..//satellite-subsystems/lib\libSatelliteSubsystemsD.a(cspaceADCS.o)
                0x200195b0                cspaceADCS_setRunMode
 .text.cspaceADCS_setPwrCtrlDevice
                0x2001966c       0xd0 C:/Hoopoe3/satellite-subsystems/demo/..//satellite-subsystems/lib\libSatelliteSubsystemsD.a(cspaceADCS.o)
                0x2001966c                cspaceADCS_setPwrCtrlDevice
 .text.cspaceADCS_setAttCtrlMode
                0x2001973c       0xd0 C:/Hoopoe3/satellite-subsystems/demo/..//satellite-subsystems/lib\libSatelliteSubsystemsD.a(cspaceADCS.o)
                0x2001973c                cspaceADCS_setAttCtrlMode
 .text.cspaceADCS_setAttEstMode
                0x2001980c       0xbc C:/Hoopoe3/satellite-subsystems/demo/..//satellite-subsystems/lib\libSatelliteSubsystemsD.a(cspaceADCS.o)
                0x2001980c                cspaceADCS_setAttEstMode
 .text.cspaceADCS_getCurrentState
                0x200198c8       0xc4 C:/Hoopoe3/satellite-subsystems/demo/..//satellite-subsystems/lib\libSatelliteSubsystemsD.a(cspaceADCS.o)
                0x200198c8                cspaceADCS_getCurrentState
 .text.cspaceADCS_getPwrCtrlDevice
                0x2001998c       0xc4 C:/Hoopoe3/satellite-subsystems/demo/..//satellite-subsystems/lib\libSatelliteSubsystemsD.a(cspaceADCS.o)
                0x2001998c                cspaceADCS_getPwrCtrlDevice
 .text.GECKO_GetReg
                0x20019a50      0x110 C:/Hoopoe3/satellite-subsystems/demo/..//satellite-subsystems/lib\libSatelliteSubsystemsD.a(gecko_driver.o)
                0x20019a50                GECKO_GetReg
 .text.GECKO_GetVoltageInput5V
                0x20019b60       0xf4 C:/Hoopoe3/satellite-subsystems/demo/..//satellite-subsystems/lib\libSatelliteSubsystemsD.a(gecko_driver.o)
                0x20019b60                GECKO_GetVoltageInput5V
 .text.GECKO_GetCurrentInput5V
                0x20019c54      0x130 C:/Hoopoe3/satellite-subsystems/demo/..//satellite-subsystems/lib\libSatelliteSubsystemsD.a(gecko_driver.o)
                0x20019c54                GECKO_GetCurrentInput5V
 .text.GECKO_GetVoltageFPGA1V
                0x20019d84       0xd4 C:/Hoopoe3/satellite-subsystems/demo/..//satellite-subsystems/lib\libSatelliteSubsystemsD.a(gecko_driver.o)
                0x20019d84                GECKO_GetVoltageFPGA1V
 .text.GECKO_GetCurrentFPGA1V
                0x20019e58      0x130 C:/Hoopoe3/satellite-subsystems/demo/..//satellite-subsystems/lib\libSatelliteSubsystemsD.a(gecko_driver.o)
                0x20019e58                GECKO_GetCurrentFPGA1V
 .text.GECKO_GetVoltageFPGA1V8
                0x20019f88       0xd4 C:/Hoopoe3/satellite-subsystems/demo/..//satellite-subsystems/lib\libSatelliteSubsystemsD.a(gecko_driver.o)
                0x20019f88                GECKO_GetVoltageFPGA1V8
 .text.GECKO_GetCurrentFPGA1V8
                0x2001a05c      0x130 C:/Hoopoe3/satellite-subsystems/demo/..//satellite-subsystems/lib\libSatelliteSubsystemsD.a(gecko_driver.o)
                0x2001a05c                GECKO_GetCurrentFPGA1V8
 .text.GECKO_GetVoltageFPGA2V5
                0x2001a18c       0xe8 C:/Hoopoe3/satellite-subsystems/demo/..//satellite-subsystems/lib\libSatelliteSubsystemsD.a(gecko_driver.o)
                0x2001a18c                GECKO_GetVoltageFPGA2V5
 .text.GECKO_GetCurrentFPGA2V5
                0x2001a274      0x130 C:/Hoopoe3/satellite-subsystems/demo/..//satellite-subsystems/lib\libSatelliteSubsystemsD.a(gecko_driver.o)
                0x2001a274                GECKO_GetCurrentFPGA2V5
 .text.GECKO_GetVoltageFPGA3V3
                0x2001a3a4       0xe8 C:/Hoopoe3/satellite-subsystems/demo/..//satellite-subsystems/lib\libSatelliteSubsystemsD.a(gecko_driver.o)
                0x2001a3a4                GECKO_GetVoltageFPGA3V3
 .text.GECKO_GetCurrentFPGA3V3
                0x2001a48c      0x130 C:/Hoopoe3/satellite-subsystems/demo/..//satellite-subsystems/lib\libSatelliteSubsystemsD.a(gecko_driver.o)
                0x2001a48c                GECKO_GetCurrentFPGA3V3
 .text.GECKO_GetVoltageFlash1V8
                0x2001a5bc       0xd4 C:/Hoopoe3/satellite-subsystems/demo/..//satellite-subsystems/lib\libSatelliteSubsystemsD.a(gecko_driver.o)
                0x2001a5bc                GECKO_GetVoltageFlash1V8
 .text.GECKO_GetCurrentFlash1V8
                0x2001a690      0x130 C:/Hoopoe3/satellite-subsystems/demo/..//satellite-subsystems/lib\libSatelliteSubsystemsD.a(gecko_driver.o)
                0x2001a690                GECKO_GetCurrentFlash1V8
 .text.GECKO_GetVoltageFlash3V3
                0x2001a7c0       0xe8 C:/Hoopoe3/satellite-subsystems/demo/..//satellite-subsystems/lib\libSatelliteSubsystemsD.a(gecko_driver.o)
                0x2001a7c0                GECKO_GetVoltageFlash3V3
 .text.GECKO_GetCurrentFlash3V3
                0x2001a8a8      0x130 C:/Hoopoe3/satellite-subsystems/demo/..//satellite-subsystems/lib\libSatelliteSubsystemsD.a(gecko_driver.o)
                0x2001a8a8                GECKO_GetCurrentFlash3V3
 .text.GECKO_GetVoltageSNSR1V8
                0x2001a9d8       0xe8 C:/Hoopoe3/satellite-subsystems/demo/..//satellite-subsystems/lib\libSatelliteSubsystemsD.a(gecko_driver.o)
                0x2001a9d8                GECKO_GetVoltageSNSR1V8
 .text.GECKO_GetCurrentSNSR1V8
                0x2001aac0      0x130 C:/Hoopoe3/satellite-subsystems/demo/..//satellite-subsystems/lib\libSatelliteSubsystemsD.a(gecko_driver.o)
                0x2001aac0                GECKO_GetCurrentSNSR1V8
 .text.GECKO_GetVoltageSNSRVDDPIX
                0x2001abf0       0xe8 C:/Hoopoe3/satellite-subsystems/demo/..//satellite-subsystems/lib\libSatelliteSubsystemsD.a(gecko_driver.o)
                0x2001abf0                GECKO_GetVoltageSNSRVDDPIX
 .text.GECKO_GetCurrentSNSRVDDPIX
                0x2001acd8      0x130 C:/Hoopoe3/satellite-subsystems/demo/..//satellite-subsystems/lib\libSatelliteSubsystemsD.a(gecko_driver.o)
                0x2001acd8                GECKO_GetCurrentSNSRVDDPIX
 .text.GECKO_GetVoltageSNSR3V3
                0x2001ae08       0xe8 C:/Hoopoe3/satellite-subsystems/demo/..//satellite-subsystems/lib\libSatelliteSubsystemsD.a(gecko_driver.o)
                0x2001ae08                GECKO_GetVoltageSNSR3V3
 .text.GECKO_GetCurrentSNSR3V3
                0x2001aef0      0x130 C:/Hoopoe3/satellite-subsystems/demo/..//satellite-subsystems/lib\libSatelliteSubsystemsD.a(gecko_driver.o)
                0x2001aef0                GECKO_GetCurrentSNSR3V3
 .text.GECKO_GetVoltageFlashVTT09
                0x2001b020       0xd4 C:/Hoopoe3/satellite-subsystems/demo/..//satellite-subsystems/lib\libSatelliteSubsystemsD.a(gecko_driver.o)
                0x2001b020                GECKO_GetVoltageFlashVTT09
 .text.GECKO_GetTempSMU3AB
                0x2001b0f4      0x35c C:/Hoopoe3/satellite-subsystems/demo/..//satellite-subsystems/lib\libSatelliteSubsystemsD.a(gecko_driver.o)
                0x2001b0f4                GECKO_GetTempSMU3AB
 .text.GECKO_GetTempSMU3BC
                0x2001b450      0x360 C:/Hoopoe3/satellite-subsystems/demo/..//satellite-subsystems/lib\libSatelliteSubsystemsD.a(gecko_driver.o)
                0x2001b450                GECKO_GetTempSMU3BC
 .text.GECKO_GetTempREGU6
                0x2001b7b0      0x35c C:/Hoopoe3/satellite-subsystems/demo/..//satellite-subsystems/lib\libSatelliteSubsystemsD.a(gecko_driver.o)
                0x2001b7b0                GECKO_GetTempREGU6
 .text.GECKO_GetTempREGU8
                0x2001bb0c      0x360 C:/Hoopoe3/satellite-subsystems/demo/..//satellite-subsystems/lib\libSatelliteSubsystemsD.a(gecko_driver.o)
                0x2001bb0c                GECKO_GetTempREGU8
 .text.GECKO_GetTempFlash
                0x2001be6c      0x360 C:/Hoopoe3/satellite-subsystems/demo/..//satellite-subsystems/lib\libSatelliteSubsystemsD.a(gecko_driver.o)
                0x2001be6c                GECKO_GetTempFlash
 .text._SpiWriteRead
                0x2001c1cc       0x70 C:/Hoopoe3/satellite-subsystems/demo/..//satellite-subsystems/lib\libSatelliteSubsystemsD.a(gecko_driver.o)
 .text.makeTRXCommonTransfer
                0x2001c23c       0x34 C:/Hoopoe3/satellite-subsystems/demo/..//satellite-subsystems/lib\libSatelliteSubsystemsD.a(IsisTRXCommon.o)
 .text.IsisTrxCommon_componentReset
                0x2001c270       0x68 C:/Hoopoe3/satellite-subsystems/demo/..//satellite-subsystems/lib\libSatelliteSubsystemsD.a(IsisTRXCommon.o)
                0x2001c270                IsisTrxCommon_componentReset
 .text.IsisTrxCommon_TxSendAX25DefClSign
                0x2001c2d8       0xf4 C:/Hoopoe3/satellite-subsystems/demo/..//satellite-subsystems/lib\libSatelliteSubsystemsD.a(IsisTRXCommon.o)
                0x2001c2d8                IsisTrxCommon_TxSendAX25DefClSign
 .text.IsisTrxCommon_TxSetIdlestate
                0x2001c3cc       0x78 C:/Hoopoe3/satellite-subsystems/demo/..//satellite-subsystems/lib\libSatelliteSubsystemsD.a(IsisTRXCommon.o)
                0x2001c3cc                IsisTrxCommon_TxSetIdlestate
 .text.IsisTrxCommon_TxSetAx25Bitrate
                0x2001c444       0x78 C:/Hoopoe3/satellite-subsystems/demo/..//satellite-subsystems/lib\libSatelliteSubsystemsD.a(IsisTRXCommon.o)
                0x2001c444                IsisTrxCommon_TxSetAx25Bitrate
 .text.IsisTrxCommon_RxGetFrameCount
                0x2001c4bc       0x8c C:/Hoopoe3/satellite-subsystems/demo/..//satellite-subsystems/lib\libSatelliteSubsystemsD.a(IsisTRXCommon.o)
                0x2001c4bc                IsisTrxCommon_RxGetFrameCount
 .text.IsisTrxCommon_RxGetTelemetryAll_revC
                0x2001c548       0x8c C:/Hoopoe3/satellite-subsystems/demo/..//satellite-subsystems/lib\libSatelliteSubsystemsD.a(IsisTRXCommon.o)
                0x2001c548                IsisTrxCommon_RxGetTelemetryAll_revC
 .text.log      0x2001c5d4      0x17c c:/isis/application/toolchain/bin/../lib/gcc/arm-none-eabi/4.7.4/../../../../arm-none-eabi/lib\libm.a(lib_a-w_log.o)
                0x2001c5d4                log
 .text.__ieee754_log
                0x2001c750      0x5c0 c:/isis/application/toolchain/bin/../lib/gcc/arm-none-eabi/4.7.4/../../../../arm-none-eabi/lib\libm.a(lib_a-e_log.o)
                0x2001c750                __ieee754_log
 .text.matherr  0x2001cd10        0x8 c:/isis/application/toolchain/bin/../lib/gcc/arm-none-eabi/4.7.4/../../../../arm-none-eabi/lib\libm.a(lib_a-s_matherr.o)
                0x2001cd10                matherr
 .text.nan      0x2001cd18       0x10 c:/isis/application/toolchain/bin/../lib/gcc/arm-none-eabi/4.7.4/../../../../arm-none-eabi/lib\libm.a(lib_a-s_nan.o)
                0x2001cd18                nan
 .text.fn_init  0x2001cd28      0x2e0 C:/Hoopoe3/satellite-subsystems/demo/../..//hal/hcc/lib\libHCCD.a(fat_common.o)
                0x2001cd28                fn_init
 .text._f_get16bitl
                0x2001d008       0x4c C:/Hoopoe3/satellite-subsystems/demo/../..//hal/hcc/lib\libHCCD.a(fat_common.o)
                0x2001d008                _f_get16bitl
 .text._f_set16bitl
                0x2001d054       0x54 C:/Hoopoe3/satellite-subsystems/demo/../..//hal/hcc/lib\libHCCD.a(fat_common.o)
                0x2001d054                _f_set16bitl
 .text._f_get32bitl
                0x2001d0a8       0x68 C:/Hoopoe3/satellite-subsystems/demo/../..//hal/hcc/lib\libHCCD.a(fat_common.o)
                0x2001d0a8                _f_get32bitl
 .text._f_set32bitl
                0x2001d110       0x78 C:/Hoopoe3/satellite-subsystems/demo/../..//hal/hcc/lib\libHCCD.a(fat_common.o)
                0x2001d110                _f_set32bitl
 .text._get8bit
                0x2001d188       0xa0 C:/Hoopoe3/satellite-subsystems/demo/../..//hal/hcc/lib\libHCCD.a(fat_common.o)
 .text._get16bitl
                0x2001d228       0x40 C:/Hoopoe3/satellite-subsystems/demo/../..//hal/hcc/lib\libHCCD.a(fat_common.o)
 .text._get32bitl
                0x2001d268       0x3c C:/Hoopoe3/satellite-subsystems/demo/../..//hal/hcc/lib\libHCCD.a(fat_common.o)
 .text._f_setcardremoved
                0x2001d2a4       0x94 C:/Hoopoe3/satellite-subsystems/demo/../..//hal/hcc/lib\libHCCD.a(fat_common.o)
 .text._f_checkstatus
                0x2001d338      0x104 C:/Hoopoe3/satellite-subsystems/demo/../..//hal/hcc/lib\libHCCD.a(fat_common.o)
                0x2001d338                _f_checkstatus
 .text._f_drvgetphy
                0x2001d43c      0x114 C:/Hoopoe3/satellite-subsystems/demo/../..//hal/hcc/lib\libHCCD.a(fat_common.o)
 .text._f_drvwritesector
                0x2001d550       0xdc C:/Hoopoe3/satellite-subsystems/demo/../..//hal/hcc/lib\libHCCD.a(fat_common.o)
 .text._f_drvreadsector
                0x2001d62c       0xa8 C:/Hoopoe3/satellite-subsystems/demo/../..//hal/hcc/lib\libHCCD.a(fat_common.o)
 .text._f_writesector
                0x2001d6d4      0x23c C:/Hoopoe3/satellite-subsystems/demo/../..//hal/hcc/lib\libHCCD.a(fat_common.o)
                0x2001d6d4                _f_writesector
 .text._f_readsector
                0x2001d910      0x1dc C:/Hoopoe3/satellite-subsystems/demo/../..//hal/hcc/lib\libHCCD.a(fat_common.o)
                0x2001d910                _f_readsector
 .text._f_getmaxcluster
                0x2001daec       0x94 C:/Hoopoe3/satellite-subsystems/demo/../..//hal/hcc/lib\libHCCD.a(fat_common.o)
                0x2001daec                _f_getmaxcluster
 .text._getsectorfromcluster
                0x2001db80       0x68 C:/Hoopoe3/satellite-subsystems/demo/../..//hal/hcc/lib\libHCCD.a(fat_common.o)
 .text._f_buildsectors
                0x2001dbe8      0x268 C:/Hoopoe3/satellite-subsystems/demo/../..//hal/hcc/lib\libHCCD.a(fat_common.o)
 .text._f_getbootrecord
                0x2001de50      0x5e4 C:/Hoopoe3/satellite-subsystems/demo/../..//hal/hcc/lib\libHCCD.a(fat_common.o)
 .text._f_readbootrecord
                0x2001e434      0x4f8 C:/Hoopoe3/satellite-subsystems/demo/../..//hal/hcc/lib\libHCCD.a(fat_common.o)
 .text._f_flushcffiles
                0x2001e92c      0x17c C:/Hoopoe3/satellite-subsystems/demo/../..//hal/hcc/lib\libHCCD.a(fat_common.o)
                0x2001e92c                _f_flushcffiles
 .text._f_fatcache_flush
                0x2001eaa8      0x270 C:/Hoopoe3/satellite-subsystems/demo/../..//hal/hcc/lib\libHCCD.a(fat_common.o)
                0x2001eaa8                _f_fatcache_flush
 .text._f_writefatsector
                0x2001ed18      0x100 C:/Hoopoe3/satellite-subsystems/demo/../..//hal/hcc/lib\libHCCD.a(fat_common.o)
                0x2001ed18                _f_writefatsector
 .text._f_getfatsector
                0x2001ee18      0x3bc C:/Hoopoe3/satellite-subsystems/demo/../..//hal/hcc/lib\libHCCD.a(fat_common.o)
 .text._f_setclustervalue
                0x2001f1d4      0x490 C:/Hoopoe3/satellite-subsystems/demo/../..//hal/hcc/lib\libHCCD.a(fat_common.o)
                0x2001f1d4                _f_setclustervalue
 .text._f_getclustervalue
                0x2001f664      0x388 C:/Hoopoe3/satellite-subsystems/demo/../..//hal/hcc/lib\libHCCD.a(fat_common.o)
                0x2001f664                _f_getclustervalue
 .text._f_close_drive_files
                0x2001f9ec       0xac C:/Hoopoe3/satellite-subsystems/demo/../..//hal/hcc/lib\libHCCD.a(fat_common.o)
 .text._f_inc_mount_count
                0x2001fa98       0xa4 C:/Hoopoe3/satellite-subsystems/demo/../..//hal/hcc/lib\libHCCD.a(fat_common.o)
 .text._f_getvolume
                0x2001fb3c      0x2f8 C:/Hoopoe3/satellite-subsystems/demo/../..//hal/hcc/lib\libHCCD.a(fat_common.o)
                0x2001fb3c                _f_getvolume
 .text.fn_createdriver
                0x2001fe34      0x118 C:/Hoopoe3/satellite-subsystems/demo/../..//hal/hcc/lib\libHCCD.a(fat_common.o)
                0x2001fe34                fn_createdriver
 .text.fn_initvolume
                0x2001ff4c      0x12c C:/Hoopoe3/satellite-subsystems/demo/../..//hal/hcc/lib\libHCCD.a(fat_common.o)
                0x2001ff4c                fn_initvolume
 .text.fn_initvolumepartition_sub
                0x20020078       0xe0 C:/Hoopoe3/satellite-subsystems/demo/../..//hal/hcc/lib\libHCCD.a(fat_common.o)
 .text.fn_initvolumepartition
                0x20020158       0xac C:/Hoopoe3/satellite-subsystems/demo/../..//hal/hcc/lib\libHCCD.a(fat_common.o)
                0x20020158                fn_initvolumepartition
 .text._f_clustertopos
                0x20020204       0xf8 C:/Hoopoe3/satellite-subsystems/demo/../..//hal/hcc/lib\libHCCD.a(fat_common.o)
                0x20020204                _f_clustertopos
 .text._f_getcurrsector
                0x200202fc      0x6c8 C:/Hoopoe3/satellite-subsystems/demo/../..//hal/hcc/lib\libHCCD.a(fat_common.o)
                0x200202fc                _f_getcurrsector
 .text._f_getdecluster
                0x200209c4       0x90 C:/Hoopoe3/satellite-subsystems/demo/../..//hal/hcc/lib\libHCCD.a(fat_common.o)
                0x200209c4                _f_getdecluster
 .text._f_setdecluster
                0x20020a54       0x8c C:/Hoopoe3/satellite-subsystems/demo/../..//hal/hcc/lib\libHCCD.a(fat_common.o)
                0x20020a54                _f_setdecluster
 .text.fn_getdrive
                0x20020ae0       0x30 C:/Hoopoe3/satellite-subsystems/demo/../..//hal/hcc/lib\libHCCD.a(fat_common.o)
                0x20020ae0                fn_getdrive
 .text._f_getcurrenttimedate
                0x20020b10      0x138 C:/Hoopoe3/satellite-subsystems/demo/../..//hal/hcc/lib\libHCCD.a(fat_common.o)
                0x20020b10                _f_getcurrenttimedate
 .text._f_initentry
                0x20020c48       0xa0 C:/Hoopoe3/satellite-subsystems/demo/../..//hal/hcc/lib\libHCCD.a(fat_common.o)
                0x20020c48                _f_initentry
 .text._f_alloccluster
                0x20020ce8      0x344 C:/Hoopoe3/satellite-subsystems/demo/../..//hal/hcc/lib\libHCCD.a(fat_common.o)
                0x20020ce8                _f_alloccluster
 .text._f_dobadblock
                0x2002102c      0x2cc C:/Hoopoe3/satellite-subsystems/demo/../..//hal/hcc/lib\libHCCD.a(fat_common.o)
                0x2002102c                _f_dobadblock
 .text._f_checklocked
                0x200212f8       0xe4 C:/Hoopoe3/satellite-subsystems/demo/../..//hal/hcc/lib\libHCCD.a(fat_common.o)
                0x200212f8                _f_checklocked
 .text._f_checkappendlocked
                0x200213dc      0x110 C:/Hoopoe3/satellite-subsystems/demo/../..//hal/hcc/lib\libHCCD.a(fat_common.o)
                0x200213dc                _f_checkappendlocked
 .text._f_setsyncafile
                0x200214ec      0x114 C:/Hoopoe3/satellite-subsystems/demo/../..//hal/hcc/lib\libHCCD.a(fat_common.o)
                0x200214ec                _f_setsyncafile
 .text._f_syncfiles
                0x20021600      0x128 C:/Hoopoe3/satellite-subsystems/demo/../..//hal/hcc/lib\libHCCD.a(fat_common.o)
                0x20021600                _f_syncfiles
 .text._f_syncfilescontent
                0x20021728      0x15c C:/Hoopoe3/satellite-subsystems/demo/../..//hal/hcc/lib\libHCCD.a(fat_common.o)
 .text.fn_getfreespace
                0x20021884      0x4c0 C:/Hoopoe3/satellite-subsystems/demo/../..//hal/hcc/lib\libHCCD.a(fat_common.o)
                0x20021884                fn_getfreespace
 .text._f_emptywritecache
                0x20021d44      0x4a4 C:/Hoopoe3/satellite-subsystems/demo/../..//hal/hcc/lib\libHCCD.a(fat_common.o)
 .text._f_allocnextcluster
                0x200221e8      0x54c C:/Hoopoe3/satellite-subsystems/demo/../..//hal/hcc/lib\libHCCD.a(fat_common.o)
 .text._f_emptywritebuffer
                0x20022734      0x20c C:/Hoopoe3/satellite-subsystems/demo/../..//hal/hcc/lib\libHCCD.a(fat_common.o)
 .text._f_writezeros
                0x20022940       0xf0 C:/Hoopoe3/satellite-subsystems/demo/../..//hal/hcc/lib\libHCCD.a(fat_common.o)
                0x20022940                _f_writezeros
 .text._f_extend_file
                0x20022a30      0x570 C:/Hoopoe3/satellite-subsystems/demo/../..//hal/hcc/lib\libHCCD.a(fat_common.o)
 .text._f_fseek
                0x20022fa0      0x9bc C:/Hoopoe3/satellite-subsystems/demo/../..//hal/hcc/lib\libHCCD.a(fat_common.o)
                0x20022fa0                _f_fseek
 .text._f_removechain
                0x2002395c      0x104 C:/Hoopoe3/satellite-subsystems/demo/../..//hal/hcc/lib\libHCCD.a(fat_common.o)
                0x2002395c                _f_removechain
 .text._f_updatefileentry
                0x20023a60      0x1cc C:/Hoopoe3/satellite-subsystems/demo/../..//hal/hcc/lib\libHCCD.a(fat_common.o)
 .text._f_checkreadlocked
                0x20023c2c      0x1bc C:/Hoopoe3/satellite-subsystems/demo/../..//hal/hcc/lib\libHCCD.a(fat_common.o)
                0x20023c2c                _f_checkreadlocked
 .text._f_check_handle
                0x20023de8       0x98 C:/Hoopoe3/satellite-subsystems/demo/../..//hal/hcc/lib\libHCCD.a(fat_common.o)
                0x20023de8                _f_check_handle
 .text._f_removesyncafile
                0x20023e80      0x1ec C:/Hoopoe3/satellite-subsystems/demo/../..//hal/hcc/lib\libHCCD.a(fat_common.o)
 .text.fn_close
                0x2002406c      0x3f8 C:/Hoopoe3/satellite-subsystems/demo/../..//hal/hcc/lib\libHCCD.a(fat_common.o)
                0x2002406c                fn_close
 .text.fn_flush
                0x20024464      0x374 C:/Hoopoe3/satellite-subsystems/demo/../..//hal/hcc/lib\libHCCD.a(fat_common.o)
                0x20024464                fn_flush
 .text.fn_read  0x200247d8      0x690 C:/Hoopoe3/satellite-subsystems/demo/../..//hal/hcc/lib\libHCCD.a(fat_common.o)
                0x200247d8                fn_read
 .text._f_abortwrite
                0x20024e68      0x100 C:/Hoopoe3/satellite-subsystems/demo/../..//hal/hcc/lib\libHCCD.a(fat_common.o)
 .text._f_checkwritecluster
                0x20024f68       0xe4 C:/Hoopoe3/satellite-subsystems/demo/../..//hal/hcc/lib\libHCCD.a(fat_common.o)
 .text.fn_write
                0x2002504c      0x8a8 C:/Hoopoe3/satellite-subsystems/demo/../..//hal/hcc/lib\libHCCD.a(fat_common.o)
                0x2002504c                fn_write
 .text.fn_seek  0x200258f4      0x270 C:/Hoopoe3/satellite-subsystems/demo/../..//hal/hcc/lib\libHCCD.a(fat_common.o)
                0x200258f4                fn_seek
 .text.f_enterFS
                0x20025b64      0x1c0 C:/Hoopoe3/satellite-subsystems/demo/../..//hal/hcc/lib\libHCCD.a(fat_common.o)
                0x20025b64                f_enterFS
 .text.f_releaseFS
                0x20025d24       0xb0 C:/Hoopoe3/satellite-subsystems/demo/../..//hal/hcc/lib\libHCCD.a(fat_common.o)
                0x20025d24                f_releaseFS
 .text.fnGetTask
                0x20025dd4       0xfc C:/Hoopoe3/satellite-subsystems/demo/../..//hal/hcc/lib\libHCCD.a(fat_common.o)
                0x20025dd4                fnGetTask
 .text._f_mutex_get
                0x20025ed0       0x98 C:/Hoopoe3/satellite-subsystems/demo/../..//hal/hcc/lib\libHCCD.a(fat_common.o)
                0x20025ed0                _f_mutex_get
 .text._f_mutex_put
                0x20025f68       0x54 C:/Hoopoe3/satellite-subsystems/demo/../..//hal/hcc/lib\libHCCD.a(fat_common.o)
                0x20025f68                _f_mutex_put
 .text._fn_initseekdivisor
                0x20025fbc      0x158 C:/Hoopoe3/satellite-subsystems/demo/../..//hal/hcc/lib\libHCCD.a(fat_common.o)
                0x20025fbc                _fn_initseekdivisor
 .text._fn_updateseekpos
                0x20026114       0xc4 C:/Hoopoe3/satellite-subsystems/demo/../..//hal/hcc/lib\libHCCD.a(fat_common.o)
 .text._f_findopensize
                0x200261d8       0x2c C:/Hoopoe3/satellite-subsystems/demo/../..//hal/hcc/lib\libHCCD.a(fat_common.o)
                0x200261d8                _f_findopensize
 .text.fn_setlasterror
                0x20026204       0x34 C:/Hoopoe3/satellite-subsystems/demo/../..//hal/hcc/lib\libHCCD.a(fat_common.o)
                0x20026204                fn_setlasterror
 .text.fn_setlasterror_noret
                0x20026238       0x2c C:/Hoopoe3/satellite-subsystems/demo/../..//hal/hcc/lib\libHCCD.a(fat_common.o)
                0x20026238                fn_setlasterror_noret
 .text.fm_initvolume
                0x20026264       0x70 C:/Hoopoe3/satellite-subsystems/demo/../..//hal/hcc/lib\libHCCD.a(fat_m.o)
                0x20026264                fm_initvolume
 .text.fm_getdrive
                0x200262d4       0x70 C:/Hoopoe3/satellite-subsystems/demo/../..//hal/hcc/lib\libHCCD.a(fat_m.o)
                0x200262d4                fm_getdrive
 .text.fm_getfreespace
                0x20026344       0x68 C:/Hoopoe3/satellite-subsystems/demo/../..//hal/hcc/lib\libHCCD.a(fat_m.o)
                0x20026344                fm_getfreespace
 .text.fm_findfirst
                0x200263ac       0x68 C:/Hoopoe3/satellite-subsystems/demo/../..//hal/hcc/lib\libHCCD.a(fat_m.o)
                0x200263ac                fm_findfirst
 .text.fm_findnext
                0x20026414       0x60 C:/Hoopoe3/satellite-subsystems/demo/../..//hal/hcc/lib\libHCCD.a(fat_m.o)
                0x20026414                fm_findnext
 .text.fm_filelength
                0x20026474       0x60 C:/Hoopoe3/satellite-subsystems/demo/../..//hal/hcc/lib\libHCCD.a(fat_m.o)
                0x20026474                fm_filelength
 .text.fm_close
                0x200264d4       0x60 C:/Hoopoe3/satellite-subsystems/demo/../..//hal/hcc/lib\libHCCD.a(fat_m.o)
                0x200264d4                fm_close
 .text.fm_flush
                0x20026534       0x60 C:/Hoopoe3/satellite-subsystems/demo/../..//hal/hcc/lib\libHCCD.a(fat_m.o)
                0x20026534                fm_flush
 .text.fm_open  0x20026594       0x68 C:/Hoopoe3/satellite-subsystems/demo/../..//hal/hcc/lib\libHCCD.a(fat_m.o)
                0x20026594                fm_open
 .text.fm_read  0x200265fc       0x7c C:/Hoopoe3/satellite-subsystems/demo/../..//hal/hcc/lib\libHCCD.a(fat_m.o)
                0x200265fc                fm_read
 .text.fm_write
                0x20026678       0x7c C:/Hoopoe3/satellite-subsystems/demo/../..//hal/hcc/lib\libHCCD.a(fat_m.o)
                0x20026678                fm_write
 .text.fm_seek  0x200266f4       0x70 C:/Hoopoe3/satellite-subsystems/demo/../..//hal/hcc/lib\libHCCD.a(fat_m.o)
                0x200266f4                fm_seek
 .text.fm_delete
                0x20026764       0x64 C:/Hoopoe3/satellite-subsystems/demo/../..//hal/hcc/lib\libHCCD.a(fat_m.o)
                0x20026764                fm_delete
 .text._s_checkzeroclusteratend
                0x200267c8       0xf8 C:/Hoopoe3/satellite-subsystems/demo/../..//hal/hcc/lib\libHCCD.a(safefat.o)
 .text._s_clearclustercontent
                0x200268c0      0x108 C:/Hoopoe3/satellite-subsystems/demo/../..//hal/hcc/lib\libHCCD.a(safefat.o)
 .text._s_clearclustercontentdir
                0x200269c8      0x19c C:/Hoopoe3/satellite-subsystems/demo/../..//hal/hcc/lib\libHCCD.a(safefat.o)
 .text._s_writedirsector
                0x20026b64       0xd0 C:/Hoopoe3/satellite-subsystems/demo/../..//hal/hcc/lib\libHCCD.a(safefat.o)
 .text._s_getdirsector
                0x20026c34      0x100 C:/Hoopoe3/satellite-subsystems/demo/../..//hal/hcc/lib\libHCCD.a(safefat.o)
 .text._s_addentry
                0x20026d34      0x394 C:/Hoopoe3/satellite-subsystems/demo/../..//hal/hcc/lib\libHCCD.a(safefat.o)
 .text._s_findfile
                0x200270c8      0x33c C:/Hoopoe3/satellite-subsystems/demo/../..//hal/hcc/lib\libHCCD.a(safefat.o)
 .text._s_findsubdir
                0x20027404      0x248 C:/Hoopoe3/satellite-subsystems/demo/../..//hal/hcc/lib\libHCCD.a(safefat.o)
 .text._s_createfile
                0x2002764c      0x190 C:/Hoopoe3/satellite-subsystems/demo/../..//hal/hcc/lib\libHCCD.a(safefat.o)
 .text._s_findsaffile
                0x200277dc      0x1b8 C:/Hoopoe3/satellite-subsystems/demo/../..//hal/hcc/lib\libHCCD.a(safefat.o)
 .text._s_open  0x20027994       0xe4 C:/Hoopoe3/satellite-subsystems/demo/../..//hal/hcc/lib\libHCCD.a(safefat.o)
 .text._s_open_saf
                0x20027a78       0xe8 C:/Hoopoe3/satellite-subsystems/demo/../..//hal/hcc/lib\libHCCD.a(safefat.o)
 .text._s_flush
                0x20027b60       0x84 C:/Hoopoe3/satellite-subsystems/demo/../..//hal/hcc/lib\libHCCD.a(safefat.o)
 .text._s_allocnextcluster
                0x20027be4      0x13c C:/Hoopoe3/satellite-subsystems/demo/../..//hal/hcc/lib\libHCCD.a(safefat.o)
 .text._s_getnextsector
                0x20027d20       0xdc C:/Hoopoe3/satellite-subsystems/demo/../..//hal/hcc/lib\libHCCD.a(safefat.o)