Archive member included because of file (symbol)

c:/isis/application/toolchain/bin/../lib/gcc/arm-none-eabi/4.7.4/../../../../arm-none-eabi/lib\libc_s.a(lib_a-vfprintf_float.o)
                              (_printf_float)
c:/isis/application/toolchain/bin/../lib/gcc/arm-none-eabi/4.7.4/../../../../arm-none-eabi/lib\libc_s.a(lib_a-vfprintf_i.o)
                              c:/isis/application/toolchain/bin/../lib/gcc/arm-none-eabi/4.7.4/../../../../arm-none-eabi/lib\libc_s.a(lib_a-vfprintf_float.o) (_printf_common)
c:/isis/application/toolchain/bin/../lib/gcc/arm-none-eabi/4.7.4/../../../../arm-none-eabi/lib\libc_s.a(lib_a-vfscanf_float.o)
                              (_scanf_float)
c:/isis/application/toolchain/bin/../lib/gcc/arm-none-eabi/4.7.4/../../../../arm-none-eabi/lib\libc_s.a(lib_a-dtoa.o)
                              c:/isis/application/toolchain/bin/../lib/gcc/arm-none-eabi/4.7.4/../../../../arm-none-eabi/lib\libc_s.a(lib_a-vfprintf_float.o) (_dtoa_r)
c:/isis/application/toolchain/bin/../lib/gcc/arm-none-eabi/4.7.4/../../../../arm-none-eabi/lib\libc_s.a(lib_a-locale.o)
                              c:/isis/application/toolchain/bin/../lib/gcc/arm-none-eabi/4.7.4/../../../../arm-none-eabi/lib\libc_s.a(lib_a-vfprintf_float.o) (_localeconv_r)
c:/isis/application/toolchain/bin/../lib/gcc/arm-none-eabi/4.7.4/../../../../arm-none-eabi/lib\libc_s.a(lib_a-malloc.o)
                              c:/isis/application/toolchain/bin/../lib/gcc/arm-none-eabi/4.7.4/../../../../arm-none-eabi/lib\libc_s.a(lib_a-dtoa.o) (malloc)
c:/isis/application/toolchain/bin/../lib/gcc/arm-none-eabi/4.7.4/../../../../arm-none-eabi/lib\libc_s.a(lib_a-mallocr.o)
                              c:/isis/application/toolchain/bin/../lib/gcc/arm-none-eabi/4.7.4/../../../../arm-none-eabi/lib\libc_s.a(lib_a-malloc.o) (_malloc_r)
c:/isis/application/toolchain/bin/../lib/gcc/arm-none-eabi/4.7.4/../../../../arm-none-eabi/lib\libc_s.a(lib_a-memcpy.o)
                              c:/isis/application/toolchain/bin/../lib/gcc/arm-none-eabi/4.7.4/../../../../arm-none-eabi/lib\libc_s.a(lib_a-dtoa.o) (memcpy)
c:/isis/application/toolchain/bin/../lib/gcc/arm-none-eabi/4.7.4/../../../../arm-none-eabi/lib\libc_s.a(lib_a-mprec.o)
                              c:/isis/application/toolchain/bin/../lib/gcc/arm-none-eabi/4.7.4/../../../../arm-none-eabi/lib\libc_s.a(lib_a-dtoa.o) (_Balloc)
c:/isis/application/toolchain/bin/../lib/gcc/arm-none-eabi/4.7.4/../../../../arm-none-eabi/lib\libc_s.a(lib_a-s_fpclassify.o)
                              c:/isis/application/toolchain/bin/../lib/gcc/arm-none-eabi/4.7.4/../../../../arm-none-eabi/lib\libc_s.a(lib_a-vfprintf_float.o) (__fpclassifyd)
c:/isis/application/toolchain/bin/../lib/gcc/arm-none-eabi/4.7.4/../../../../arm-none-eabi/lib\libc_s.a(lib_a-sbrkr.o)
                              c:/isis/application/toolchain/bin/../lib/gcc/arm-none-eabi/4.7.4/../../../../arm-none-eabi/lib\libc_s.a(lib_a-mallocr.o) (_sbrk_r)
c:/isis/application/toolchain/bin/../lib/gcc/arm-none-eabi/4.7.4/../../../../arm-none-eabi/lib\libc_s.a(lib_a-sf_nan.o)
                              c:/isis/application/toolchain/bin/../lib/gcc/arm-none-eabi/4.7.4/../../../../arm-none-eabi/lib\libc_s.a(lib_a-vfscanf_float.o) (nanf)
c:/isis/application/toolchain/bin/../lib/gcc/arm-none-eabi/4.7.4/../../../../arm-none-eabi/lib\libc_s.a(lib_a-sprintf.o)
                              c:/isis/application/toolchain/bin/../lib/gcc/arm-none-eabi/4.7.4/../../../../arm-none-eabi/lib\libc_s.a(lib_a-vfscanf_float.o) (sprintf)
c:/isis/application/toolchain/bin/../lib/gcc/arm-none-eabi/4.7.4/../../../../arm-none-eabi/lib\libc_s.a(lib_a-strcmp.o)
                              c:/isis/application/toolchain/bin/../lib/gcc/arm-none-eabi/4.7.4/../../../../arm-none-eabi/lib\libc_s.a(lib_a-locale.o) (strcmp)
c:/isis/application/toolchain/bin/../lib/gcc/arm-none-eabi/4.7.4/../../../../arm-none-eabi/lib\libc_s.a(lib_a-strlen.o)
                              c:/isis/application/toolchain/bin/../lib/gcc/arm-none-eabi/4.7.4/../../../../arm-none-eabi/lib\libc_s.a(lib_a-vfprintf_float.o) (strlen)
c:/isis/application/toolchain/bin/../lib/gcc/arm-none-eabi/4.7.4/../../../../arm-none-eabi/lib\libc_s.a(lib_a-strtod.o)
                              c:/isis/application/toolchain/bin/../lib/gcc/arm-none-eabi/4.7.4/../../../../arm-none-eabi/lib\libc_s.a(lib_a-vfscanf_float.o) (_strtod_r)
c:/isis/application/toolchain/bin/../lib/gcc/arm-none-eabi/4.7.4/../../../../arm-none-eabi/lib\libc_s.a(lib_a-strtol.o)
                              c:/isis/application/toolchain/bin/../lib/gcc/arm-none-eabi/4.7.4/../../../../arm-none-eabi/lib\libc_s.a(lib_a-vfscanf_float.o) (_strtol_r)
c:/isis/application/toolchain/bin/../lib/gcc/arm-none-eabi/4.7.4/../../../../arm-none-eabi/lib\libc_s.a(lib_a-svfprintf.o)
                              c:/isis/application/toolchain/bin/../lib/gcc/arm-none-eabi/4.7.4/../../../../arm-none-eabi/lib\libc_s.a(lib_a-sprintf.o) (_svfprintf_r)
[...]
Memory Configuration

Name             Origin             Length             Attributes
sram0            0x00200000         0x00004000         w !xr
sram1            0x00300000         0x00004000         w !xr
sdram            0x20000000         0x02000000         w !xr
*default*        0x00000000         0xffffffff

Linker script and memory map

LOAD c:/isis/application/toolchain/bin/../lib/gcc/arm-none-eabi/4.7.4/../../../../arm-none-eabi/lib\libc_s.a
LOAD ./src/sub-systemCode/payload/Request Management/Dump/Butchering.o
LOAD ./src/sub-systemCode/payload/Request Management/Dump/imageDump.o
LOAD ./src/sub-systemCode/payload/Request Management/CameraManeger.o
LOAD ./src/sub-systemCode/payload/Request Management/DB_RequestHandling.o
LOAD ./src/sub-systemCode/payload/Misc/Boolean_bit.o
LOAD ./src/sub-systemCode/payload/Misc/FileSystem.o
LOAD ./src/sub-systemCode/payload/Drivers/GeckoCameraDriver.o
LOAD ./src/sub-systemCode/payload/DataBase/DataBase.o
LOAD ./src/sub-systemCode/payload/Compression/jpeg/bmp/rawToBMP.o
LOAD ./src/sub-systemCode/payload/Compression/jpeg/DCT.o
LOAD ./src/sub-systemCode/payload/Compression/jpeg/ImgCompressor.o
LOAD ./src/sub-systemCode/payload/Compression/jpeg/color_conv.o
LOAD ./src/sub-systemCode/payload/Compression/jpeg/jpeg.o
LOAD ./src/sub-systemCode/payload/Compression/jpeg/jpeg_encoder.o
LOAD ./src/sub-systemCode/payload/Compression/jpeg/jpeg_memory_alloc.o
LOAD ./src/sub-systemCode/payload/Compression/jpeg/jpeg_params.o
LOAD ./src/sub-systemCode/payload/Compression/jpeg/output_stream.o
LOAD ./src/sub-systemCode/payload/Compression/ImageConversion.o
LOAD ./src/sub-systemCode/Main/CMD/COMM_CMD.o
LOAD ./src/sub-systemCode/Main/CMD/EPS_CMD.o
LOAD ./src/sub-systemCode/Main/CMD/General_CMD.o
LOAD ./src/sub-systemCode/Main/CMD/SW_CMD.o
LOAD ./src/sub-systemCode/Main/CMD/payload_CMD.o
LOAD ./src/sub-systemCode/Main/Ants.o
LOAD ./src/sub-systemCode/Main/EPS.o
LOAD ./src/sub-systemCode/Main/HouseKeeping.o
LOAD ./src/sub-systemCode/Main/Main_Init.o
LOAD ./src/sub-systemCode/Main/commands.o
LOAD ./src/sub-systemCode/Global/Global.o
LOAD ./src/sub-systemCode/Global/GlobalParam.o
LOAD ./src/sub-systemCode/Global/OnlineTM.o
LOAD ./src/sub-systemCode/Global/TLM_management.o
LOAD ./src/sub-systemCode/Global/logger.o
LOAD ./src/sub-systemCode/COMM/APRS.o
LOAD ./src/sub-systemCode/COMM/DelayedCommand_list.o
LOAD ./src/sub-systemCode/COMM/GSC.o
LOAD ./src/sub-systemCode/COMM/TRXVU.o
LOAD ./src/sub-systemCode/ADCS/ADCS.o
LOAD ./src/sub-systemCode/ADCS/Stage_Table.o
LOAD ./src/main.o
LOAD C:/HOOPOE3/satellite-subsystems/demo/..//satellite-subsystems/lib\libSatelliteSubsystemsD.a
LOAD c:/isis/application/toolchain/bin/../lib/gcc/arm-none-eabi/4.7.4/../../../../arm-none-eabi/lib\libm.a
LOAD C:/HOOPOE3/satellite-subsystems/demo/../..//hal/hcc/lib\libHCCD.a
LOAD C:/HOOPOE3/satellite-subsystems/demo/../..//hal/hal/lib\libHALD.a
LOAD C:/HOOPOE3/satellite-subsystems/demo/../..//hal/freertos/lib\libFreeRTOSD.a
LOAD C:/HOOPOE3/satellite-subsystems/demo/../..//hal/at91/lib\libAt91D.a
START GROUP
LOAD c:/isis/application/toolchain/bin/../lib/gcc/arm-none-eabi/4.7.4\libgcc.a
LOAD c:/isis/application/toolchain/bin/../lib/gcc/arm-none-eabi/4.7.4/../../../../arm-none-eabi/lib\libc_s.a
END GROUP

.fixed          0x20000000    0x4e450
                0x20000000                . = ALIGN (0x4)
                0x20000000                _sfixed = .
 *(.startup)
 .startup       0x20000000      0x134 C:/HOOPOE3/satellite-subsystems/demo/../..//hal/at91/lib\libAt91D.a(board_cstartup.o)
                0x20000000                entry
 *(.text)
 .text          0x20000134       0x64 C:/HOOPOE3/satellite-subsystems/demo/../..//hal/at91/lib\libAt91D.a(cp15_asm.o)
                0x20000134                _readControlRegister
                0x20000140                _writeControlRegister
                0x20000148                _waitForInterrupt
                0x20000154                _writeTTB
                0x2000015c                _writeDomain
                0x20000164                _writeITLBLockdown
                0x2000016c                _prefetchICacheLine
                0x20000174                _flushDCache
                0x20000180                _flushWriteBuffer
                0x2000018c                _invalidateIDTLBs
 .text          0x20000198      0x114 c:/isis/application/toolchain/bin/../lib/gcc/arm-none-eabi/4.7.4\libgcc.a(_udivsi3.o)
                0x20000198                __aeabi_uidiv
                0x20000198                __udivsi3
                0x2000028c                __aeabi_uidivmod
 .text          0x200002ac      0x148 c:/isis/application/toolchain/bin/../lib/gcc/arm-none-eabi/4.7.4\libgcc.a(_divsi3.o)
                0x200002ac                __divsi3
                0x200002ac                __aeabi_idiv
                0x200003d4                __aeabi_idivmod
 .text          0x200003f4        0x4 c:/isis/application/toolchain/bin/../lib/gcc/arm-none-eabi/4.7.4\libgcc.a(_dvmd_tls.o)
                0x200003f4                __aeabi_idiv0
                0x200003f4                __aeabi_ldiv0
 .text          0x200003f8      0x41c c:/isis/application/toolchain/bin/../lib/gcc/arm-none-eabi/4.7.4\libgcc.a(_arm_addsubdf3.o)
                0x200003f8                __aeabi_drsub
                0x20000400                __aeabi_dsub
                0x20000400                __subdf3
                0x20000404                __aeabi_dadd
                0x20000404                __adddf3
                0x20000714                __floatunsidf
                0x20000714                __aeabi_ui2d
                0x20000738                __floatsidf
                0x20000738                __aeabi_i2d
                0x20000760                __aeabi_f2d
                0x20000760                __extendsfdf2
                0x200007a0                __floatundidf
                0x200007a0                __aeabi_ul2d
                0x200007b4                __floatdidf
                0x200007b4                __aeabi_l2d
 .text          0x20000814      0x49c c:/isis/application/toolchain/bin/../lib/gcc/arm-none-eabi/4.7.4\libgcc.a(_arm_muldivdf3.o)
                0x20000814                __aeabi_dmul
                0x20000814                __muldf3
                0x20000aa4                __divdf3
                0x20000aa4                __aeabi_ddiv
 .text          0x20000cb0      0x144 c:/isis/application/toolchain/bin/../lib/gcc/arm-none-eabi/4.7.4\libgcc.a(_arm_cmpdf2.o)
                0x20000cb0                __gtdf2
                0x20000cb0                __gedf2
                0x20000cb8                __ltdf2
                0x20000cb8                __ledf2
                0x20000cc0                __nedf2
                0x20000cc0                __eqdf2
                0x20000cc0                __cmpdf2
                0x20000d48                __aeabi_cdrcmple
                0x20000d64                __aeabi_cdcmpeq
                0x20000d64                __aeabi_cdcmple
                0x20000d7c                __aeabi_dcmpeq
                0x20000d94                __aeabi_dcmplt
                0x20000dac                __aeabi_dcmple
                0x20000dc4                __aeabi_dcmpge
                0x20000ddc                __aeabi_dcmpgt
 .text          0x20000df4       0x5c c:/isis/application/toolchain/bin/../lib/gcc/arm-none-eabi/4.7.4\libgcc.a(_arm_fixdfsi.o)
                0x20000df4                __aeabi_d2iz
                0x20000df4                __fixdfsi
 .text          0x20000e50       0x54 c:/isis/application/toolchain/bin/../lib/gcc/arm-none-eabi/4.7.4\libgcc.a(_arm_fixunsdfsi.o)
                0x20000e50                __aeabi_d2uiz
                0x20000e50                __fixunsdfsi
 .text          0x20000ea4       0xa0 c:/isis/application/toolchain/bin/../lib/gcc/arm-none-eabi/4.7.4\libgcc.a(_arm_truncdfsf2.o)
                0x20000ea4                __truncdfsf2
                0x20000ea4                __aeabi_d2f
 .text          0x20000f44      0x2ac c:/isis/application/toolchain/bin/../lib/gcc/arm-none-eabi/4.7.4\libgcc.a(_arm_addsubsf3.o)
                0x20000f44                __aeabi_frsub
                0x20000f4c                __subsf3
                0x20000f4c                __aeabi_fsub
                0x20000f50                __aeabi_fadd
                0x20000f50                __addsf3
                0x2000110c                __aeabi_ui2f
                0x2000110c                __floatunsisf
                0x20001114                __aeabi_i2f
                0x20001114                __floatsisf
                0x20001134                __aeabi_ul2f
                0x20001134                __floatundisf
                0x20001144                __aeabi_l2f
                0x20001144                __floatdisf
 .text          0x200011f0      0x2f8 c:/isis/application/toolchain/bin/../lib/gcc/arm-none-eabi/4.7.4\libgcc.a(_arm_muldivsf3.o)
                0x200011f0                __mulsf3
                0x200011f0                __aeabi_fmul
                0x20001388                __aeabi_fdiv
                0x20001388                __divsf3
 .text          0x200014e8       0x5c c:/isis/application/toolchain/bin/../lib/gcc/arm-none-eabi/4.7.4\libgcc.a(_arm_fixsfsi.o)
                0x200014e8                __aeabi_f2iz
                0x200014e8                __fixsfsi
 .text          0x20001544       0x54 c:/isis/application/toolchain/bin/../lib/gcc/arm-none-eabi/4.7.4\libgcc.a(_arm_fixunssfsi.o)
                0x20001544                __fixunssfsi
                0x20001544                __aeabi_f2uiz
 *(.text*)
 .text.__cvt    0x20001598      0x138 c:/isis/application/toolchain/bin/../lib/gcc/arm-none-eabi/4.7.4/../../../../arm-none-eabi/lib\libc_s.a(lib_a-vfprintf_float.o)
                0x20001598                __cvt
 .text.__exponent
                0x200016d0       0xa8 c:/isis/application/toolchain/bin/../lib/gcc/arm-none-eabi/4.7.4/../../../../arm-none-eabi/lib\libc_s.a(lib_a-vfprintf_float.o)
                0x200016d0                __exponent
 .text._printf_float
                0x20001778      0x7dc c:/isis/application/toolchain/bin/../lib/gcc/arm-none-eabi/4.7.4/../../../../arm-none-eabi/lib\libc_s.a(lib_a-vfprintf_float.o)
                0x20001778                _printf_float
 .text._printf_common
                0x20001f54      0x174 c:/isis/application/toolchain/bin/../lib/gcc/arm-none-eabi/4.7.4/../../../../arm-none-eabi/lib\libc_s.a(lib_a-vfprintf_i.o)
                0x20001f54                _printf_common
 .text._printf_i
                0x200020c8      0x3c4 c:/isis/application/toolchain/bin/../lib/gcc/arm-none-eabi/4.7.4/../../../../arm-none-eabi/lib\libc_s.a(lib_a-vfprintf_i.o)
                0x200020c8                _printf_i
 .text._scanf_float
                0x2000248c      0x5f4 c:/isis/application/toolchain/bin/../lib/gcc/arm-none-eabi/4.7.4/../../../../arm-none-eabi/lib\libc_s.a(lib_a-vfscanf_float.o)
                0x2000248c                _scanf_float
 .text.quorem   0x20002a80      0x1ac c:/isis/application/toolchain/bin/../lib/gcc/arm-none-eabi/4.7.4/../../../../arm-none-eabi/lib\libc_s.a(lib_a-dtoa.o)
 .text._dtoa_r  0x20002c2c     0x1268 c:/isis/application/toolchain/bin/../lib/gcc/arm-none-eabi/4.7.4/../../../../arm-none-eabi/lib\libc_s.a(lib_a-dtoa.o)
                0x20002c2c                _dtoa_r
 .text._localeconv_r
                0x20003e94        0xc c:/isis/application/toolchain/bin/../lib/gcc/arm-none-eabi/4.7.4/../../../../arm-none-eabi/lib\libc_s.a(lib_a-locale.o)
                0x20003e94                _localeconv_r
 .text.malloc   0x20003ea0       0x20 c:/isis/application/toolchain/bin/../lib/gcc/arm-none-eabi/4.7.4/../../../../arm-none-eabi/lib\libc_s.a(lib_a-malloc.o)
                0x20003ea0                malloc
 .text.free     0x20003ec0       0x20 c:/isis/application/toolchain/bin/../lib/gcc/arm-none-eabi/4.7.4/../../../../arm-none-eabi/lib\libc_s.a(lib_a-malloc.o)
                0x20003ec0                free
 .text._malloc_r
                0x20003ee0       0xfc c:/isis/application/toolchain/bin/../lib/gcc/arm-none-eabi/4.7.4/../../../../arm-none-eabi/lib\libc_s.a(lib_a-mallocr.o)
                0x20003ee0                _malloc_r
 .text.memcpy   0x20003fdc       0x20 c:/isis/application/toolchain/bin/../lib/gcc/arm-none-eabi/4.7.4/../../../../arm-none-eabi/lib\libc_s.a(lib_a-memcpy.o)
                0x20003fdc                memcpy
 .text._Balloc  0x20003ffc       0xcc c:/isis/application/toolchain/bin/../lib/gcc/arm-none-eabi/4.7.4/../../../../arm-none-eabi/lib\libc_s.a(lib_a-mprec.o)
                0x20003ffc                _Balloc
 .text._Bfree   0x200040c8       0x5c c:/isis/application/toolchain/bin/../lib/gcc/arm-none-eabi/4.7.4/../../../../arm-none-eabi/lib\libc_s.a(lib_a-mprec.o)
                0x200040c8                _Bfree
 .text.__multadd
                0x20004124       0xbc c:/isis/application/toolchain/bin/../lib/gcc/arm-none-eabi/4.7.4/../../../../arm-none-eabi/lib\libc_s.a(lib_a-mprec.o)
                0x20004124                __multadd
 .text.__s2b    0x200041e0       0xd8 c:/isis/application/toolchain/bin/../lib/gcc/arm-none-eabi/4.7.4/../../../../arm-none-eabi/lib\libc_s.a(lib_a-mprec.o)
                0x200041e0                __s2b
 .text.__hi0bits
                0x200042b8       0x58 c:/isis/application/toolchain/bin/../lib/gcc/arm-none-eabi/4.7.4/../../../../arm-none-eabi/lib\libc_s.a(lib_a-mprec.o)
                0x200042b8                __hi0bits
 .text.__lo0bits
                0x20004310       0x94 c:/isis/application/toolchain/bin/../lib/gcc/arm-none-eabi/4.7.4/../../../../arm-none-eabi/lib\libc_s.a(lib_a-mprec.o)
                0x20004310                __lo0bits
 .text.__i2b    0x200043a4       0x24 c:/isis/application/toolchain/bin/../lib/gcc/arm-none-eabi/4.7.4/../../../../arm-none-eabi/lib\libc_s.a(lib_a-mprec.o)
                0x200043a4                __i2b
 .text.__multiply
                0x200043c8      0x1ac c:/isis/application/toolchain/bin/../lib/gcc/arm-none-eabi/4.7.4/../../../../arm-none-eabi/lib\libc_s.a(lib_a-mprec.o)
                0x200043c8                __multiply
 .text.__pow5mult
                0x20004574      0x10c c:/isis/application/toolchain/bin/../lib/gcc/arm-none-eabi/4.7.4/../../../../arm-none-eabi/lib\libc_s.a(lib_a-mprec.o)
                0x20004574                __pow5mult
 .text.__lshift
                0x20004680       0xf0 c:/isis/application/toolchain/bin/../lib/gcc/arm-none-eabi/4.7.4/../../../../arm-none-eabi/lib\libc_s.a(lib_a-mprec.o)
                0x20004680                __lshift
 .text.__mcmp   0x20004770       0x60 c:/isis/application/toolchain/bin/../lib/gcc/arm-none-eabi/4.7.4/../../../../arm-none-eabi/lib\libc_s.a(lib_a-mprec.o)
                0x20004770                __mcmp
 .text.__mdiff  0x200047d0      0x128 c:/isis/application/toolchain/bin/../lib/gcc/arm-none-eabi/4.7.4/../../../../arm-none-eabi/lib\libc_s.a(lib_a-mprec.o)
                0x200047d0                __mdiff
 .text.__ulp    0x200048f8       0x5c c:/isis/application/toolchain/bin/../lib/gcc/arm-none-eabi/4.7.4/../../../../arm-none-eabi/lib\libc_s.a(lib_a-mprec.o)
                0x200048f8                __ulp
 .text.__b2d    0x20004954       0xc8 c:/isis/application/toolchain/bin/../lib/gcc/arm-none-eabi/4.7.4/../../../../arm-none-eabi/lib\libc_s.a(lib_a-mprec.o)
                0x20004954                __b2d
 .text.__d2b    0x20004a1c       0xfc c:/isis/application/toolchain/bin/../lib/gcc/arm-none-eabi/4.7.4/../../../../arm-none-eabi/lib\libc_s.a(lib_a-mprec.o)
                0x20004a1c                __d2b
 .text.__ratio  0x20004b18       0x70 c:/isis/application/toolchain/bin/../lib/gcc/arm-none-eabi/4.7.4/../../../../arm-none-eabi/lib\libc_s.a(lib_a-mprec.o)
                0x20004b18                __ratio
 .text.__copybits
                0x20004b88       0x4c c:/isis/application/toolchain/bin/../lib/gcc/arm-none-eabi/4.7.4/../../../../arm-none-eabi/lib\libc_s.a(lib_a-mprec.o)
                0x20004b88                __copybits
 .text.__any_on
                0x20004bd4       0x7c c:/isis/application/toolchain/bin/../lib/gcc/arm-none-eabi/4.7.4/../../../../arm-none-eabi/lib\libc_s.a(lib_a-mprec.o)
                0x20004bd4                __any_on
 .text.__fpclassifyd
                0x20004c50       0x6c c:/isis/application/toolchain/bin/../lib/gcc/arm-none-eabi/4.7.4/../../../../arm-none-eabi/lib\libc_s.a(lib_a-s_fpclassify.o)
                0x20004c50                __fpclassifyd
 .text._sbrk_r  0x20004cbc       0x3c c:/isis/application/toolchain/bin/../lib/gcc/arm-none-eabi/4.7.4/../../../../arm-none-eabi/lib\libc_s.a(lib_a-sbrkr.o)
                0x20004cbc                _sbrk_r
 .text.nanf     0x20004cf8        0xc c:/isis/application/toolchain/bin/../lib/gcc/arm-none-eabi/4.7.4/../../../../arm-none-eabi/lib\libc_s.a(lib_a-sf_nan.o)
                0x20004cf8                nanf
 .text.sprintf  0x20004d04       0x6c c:/isis/application/toolchain/bin/../lib/gcc/arm-none-eabi/4.7.4/../../../../arm-none-eabi/lib\libc_s.a(lib_a-sprintf.o)
                0x20004d04                siprintf
                0x20004d04                sprintf
 .text.strcmp   0x20004d70       0x1c c:/isis/application/toolchain/bin/../lib/gcc/arm-none-eabi/4.7.4/../../../../arm-none-eabi/lib\libc_s.a(lib_a-strcmp.o)
                0x20004d70                strcmp
 .text.strlen   0x20004d8c       0x1c c:/isis/application/toolchain/bin/../lib/gcc/arm-none-eabi/4.7.4/../../../../arm-none-eabi/lib\libc_s.a(lib_a-strlen.o)
                0x20004d8c                strlen
 .text.match    0x20004da8       0x54 c:/isis/application/toolchain/bin/../lib/gcc/arm-none-eabi/4.7.4/../../../../arm-none-eabi/lib\libc_s.a(lib_a-strtod.o)
 .text._strtod_r
                0x20004dfc     0x1168 c:/isis/application/toolchain/bin/../lib/gcc/arm-none-eabi/4.7.4/../../../../arm-none-eabi/lib\libc_s.a(lib_a-strtod.o)
                0x20004dfc                _strtod_r
 .text._strtol_r
                0x20005f64      0x1b8 c:/isis/application/toolchain/bin/../lib/gcc/arm-none-eabi/4.7.4/../../../../arm-none-eabi/lib\libc_s.a(lib_a-strtol.o)
                0x20005f64                _strtol_r
 .text.__ssputc_r
                0x2000611c      0x10c c:/isis/application/toolchain/bin/../lib/gcc/arm-none-eabi/4.7.4/../../../../arm-none-eabi/lib\libc_s.a(lib_a-svfprintf.o)
                0x2000611c                __ssputc_r
 .text._svfprintf_r
                0x20006228      0x328 c:/isis/application/toolchain/bin/../lib/gcc/arm-none-eabi/4.7.4/../../../../arm-none-eabi/lib\libc_s.a(lib_a-svfprintf.o)
                0x20006228                _svfiprintf_r
                0x20006228                _svfprintf_r
 .text._calloc_r
                0x20006550       0x2c c:/isis/application/toolchain/bin/../lib/gcc/arm-none-eabi/4.7.4/../../../../arm-none-eabi/lib\libc_s.a(lib_a-callocr.o)
                0x20006550                _calloc_r
 .text._free_r  0x2000657c      0x108 c:/isis/application/toolchain/bin/../lib/gcc/arm-none-eabi/4.7.4/../../../../arm-none-eabi/lib\libc_s.a(lib_a-freer.o)
                0x2000657c                _free_r
 .text.rshift   0x20006684       0xb0 c:/isis/application/toolchain/bin/../lib/gcc/arm-none-eabi/4.7.4/../../../../arm-none-eabi/lib\libc_s.a(lib_a-gdtoa-gethex.o)
 .text.htinit.constprop.0
                0x20006734       0x34 c:/isis/application/toolchain/bin/../lib/gcc/arm-none-eabi/4.7.4/../../../../arm-none-eabi/lib\libc_s.a(lib_a-gdtoa-gethex.o)
 .text.__hexdig_init
                0x20006768       0x38 c:/isis/application/toolchain/bin/../lib/gcc/arm-none-eabi/4.7.4/../../../../arm-none-eabi/lib\libc_s.a(lib_a-gdtoa-gethex.o)
                0x20006768                __hexdig_init
 .text.__gethex
                0x200067a0      0x6cc c:/isis/application/toolchain/bin/../lib/gcc/arm-none-eabi/4.7.4/../../../../arm-none-eabi/lib\libc_s.a(lib_a-gdtoa-gethex.o)
                0x200067a0                __gethex
 .text.L_shift  0x20006e6c       0x38 c:/isis/application/toolchain/bin/../lib/gcc/arm-none-eabi/4.7.4/../../../../arm-none-eabi/lib\libc_s.a(lib_a-gdtoa-hexnan.o)
 .text.__hexnan
                0x20006ea4      0x1d8 c:/isis/application/toolchain/bin/../lib/gcc/arm-none-eabi/4.7.4/../../../../arm-none-eabi/lib\libc_s.a(lib_a-gdtoa-hexnan.o)
                0x20006ea4                __hexnan
 .text.memchr   0x2000707c       0x34 c:/isis/application/toolchain/bin/../lib/gcc/arm-none-eabi/4.7.4/../../../../arm-none-eabi/lib\libc_s.a(lib_a-memchr.o)
                0x2000707c                memchr
 .text.memset   0x200070b0       0x1c c:/isis/application/toolchain/bin/../lib/gcc/arm-none-eabi/4.7.4/../../../../arm-none-eabi/lib\libc_s.a(lib_a-memset.o)
                0x200070b0                memset
 .text._realloc_r
                0x200070cc       0x80 c:/isis/application/toolchain/bin/../lib/gcc/arm-none-eabi/4.7.4/../../../../arm-none-eabi/lib\libc_s.a(lib_a-reallocr.o)
                0x200070cc                _realloc_r
 .text.strncmp  0x2000714c       0x64 c:/isis/application/toolchain/bin/../lib/gcc/arm-none-eabi/4.7.4/../../../../arm-none-eabi/lib\libc_s.a(lib_a-strncmp.o)
                0x2000714c                strncmp
 .text._malloc_usable_size_r
                0x200071b0       0x1c c:/isis/application/toolchain/bin/../lib/gcc/arm-none-eabi/4.7.4/../../../../arm-none-eabi/lib\libc_s.a(lib_a-msizer.o)
                0x200071b0                _malloc_usable_size_r
 .text.GetChunkFromImage
                0x200071cc      0x2e0 ./src/sub-systemCode/payload/Request Management/Dump/Butchering.o
                0x200071cc                GetChunkFromImage
 .text.SimpleButcher
                0x200074ac       0xf4 ./src/sub-systemCode/payload/Request Management/Dump/Butchering.o
                0x200074ac                SimpleButcher
 .text.readChunkDimentionsFromFRAM
                0x200075a0       0x80 ./src/sub-systemCode/payload/Request Management/Dump/imageDump.o
                0x200075a0                readChunkDimentionsFromFRAM
 .text.setChunkDimensions_inFRAM
                0x20007620      0x10c ./src/sub-systemCode/payload/Request Management/Dump/imageDump.o
                0x20007620                setChunkDimensions_inFRAM
 .text.find_subType_ofImage
                0x2000772c       0xe0 ./src/sub-systemCode/payload/Request Management/Dump/imageDump.o
                0x2000772c                find_subType_ofImage
 .text.buildAndSend_chunck
                0x2000780c      0x320 ./src/sub-systemCode/payload/Request Management/Dump/imageDump.o
                0x2000780c                buildAndSend_chunck
 .text.bitField_imageDump
                0x20007b2c      0x294 ./src/sub-systemCode/payload/Request Management/Dump/imageDump.o
                0x20007b2c                bitField_imageDump
 .text.imageDataBase_Dump
                0x20007dc0      0x104 ./src/sub-systemCode/payload/Request Management/Dump/imageDump.o
                0x20007dc0                imageDataBase_Dump
 .text.chunkField_imageDump
                0x20007ec4      0x27c ./src/sub-systemCode/payload/Request Management/Dump/imageDump.o
                0x20007ec4                chunkField_imageDump
 .text.imageDump_task
                0x20008140      0x458 ./src/sub-systemCode/payload/Request Management/Dump/imageDump.o
                0x20008140                imageDump_task
 .text.CameraManagerTaskMain
                0x20008598       0xbc ./src/sub-systemCode/payload/Request Management/CameraManeger.o
                0x20008598                CameraManagerTaskMain
 .text.initCamera
                0x20008654       0xa4 ./src/sub-systemCode/payload/Request Management/CameraManeger.o
                0x20008654                initCamera
 .text.KickStartCamera
                0x200086f8       0xb4 ./src/sub-systemCode/payload/Request Management/CameraManeger.o
                0x200086f8                KickStartCamera
 .text.addRequestToQueue
                0x200087ac       0xa8 ./src/sub-systemCode/payload/Request Management/CameraManeger.o
                0x200087ac                addRequestToQueue
 .text.removeRequestFromQueue
                0x20008854       0x7c ./src/sub-systemCode/payload/Request Management/CameraManeger.o
                0x20008854                removeRequestFromQueue
 .text.Take_pictures_with_time_in_between
                0x200088d0       0xa4 ./src/sub-systemCode/payload/Request Management/CameraManeger.o
                0x200088d0                Take_pictures_with_time_in_between
 .text.Gecko_TroubleShooter
                0x20008974       0xdc ./src/sub-systemCode/payload/Request Management/CameraManeger.o
                0x20008974                Gecko_TroubleShooter
 .text.startDumpTask
                0x20008a50       0x70 ./src/sub-systemCode/payload/Request Management/CameraManeger.o
                0x20008a50                startDumpTask
 .text.act_upon_request
                0x20008ac0      0x314 ./src/sub-systemCode/payload/Request Management/CameraManeger.o
                0x20008ac0                act_upon_request
 .text.TakePicture
                0x20008dd4       0x4c ./src/sub-systemCode/payload/Request Management/DB_RequestHandling.o
                0x20008dd4                TakePicture
 .text.TakeSpecialPicture
                0x20008e20      0x104 ./src/sub-systemCode/payload/Request Management/DB_RequestHandling.o
                0x20008e20                TakeSpecialPicture
 .text.DeletePictureFile
                0x20008f24       0x88 ./src/sub-systemCode/payload/Request Management/DB_RequestHandling.o
                0x20008f24                DeletePictureFile
 .text.DeletePicture
                0x20008fac       0x6c ./src/sub-systemCode/payload/Request Management/DB_RequestHandling.o
                0x20008fac                DeletePicture
 .text.TransferPicture
                0x20009018       0x54 ./src/sub-systemCode/payload/Request Management/DB_RequestHandling.o
                0x20009018                TransferPicture
 .text.CreateThumbnail
                0x2000906c       0x80 ./src/sub-systemCode/payload/Request Management/DB_RequestHandling.o
                0x2000906c                CreateThumbnail
 .text.CreateJPG
                0x200090ec       0x7c ./src/sub-systemCode/payload/Request Management/DB_RequestHandling.o
                0x200090ec                CreateJPG
 .text.UpdatePhotographyValues
                0x20009168       0xb4 ./src/sub-systemCode/payload/Request Management/DB_RequestHandling.o
                0x20009168                UpdatePhotographyValues
 .text.setChunkDimensions
                0x2000921c       0x64 ./src/sub-systemCode/payload/Request Management/DB_RequestHandling.o
                0x2000921c                setChunkDimensions
 .text.convert2char
                0x20009280      0x14c ./src/sub-systemCode/payload/Misc/Boolean_bit.o
                0x20009280                convert2char
 .text.convert2byte
                0x200093cc      0x1c8 ./src/sub-systemCode/payload/Misc/Boolean_bit.o
                0x200093cc                convert2byte
 .text.bits2byte
                0x20009594      0x17c ./src/sub-systemCode/payload/Misc/Boolean_bit.o
                0x20009594                bits2byte
 .text.byte2bits
                0x20009710      0x17c ./src/sub-systemCode/payload/Misc/Boolean_bit.o
                0x20009710                byte2bits
 .text.char2bits
                0x2000988c       0x44 ./src/sub-systemCode/payload/Misc/Boolean_bit.o
                0x2000988c                char2bits
 .text.bits2char
                0x200098d0       0x3c ./src/sub-systemCode/payload/Misc/Boolean_bit.o
                0x200098d0                bits2char
 .text.keepTryingTo_enterFS
                0x2000990c       0x24 ./src/sub-systemCode/payload/Misc/FileSystem.o
                0x2000990c                keepTryingTo_enterFS
 .text.releaseFS
                0x20009930       0x18 ./src/sub-systemCode/payload/Misc/FileSystem.o
                0x20009930                releaseFS
 .text.OpenFile
                0x20009948       0x64 ./src/sub-systemCode/payload/Misc/FileSystem.o
                0x20009948                OpenFile
 .text.CloseFile
                0x200099ac       0x4c ./src/sub-systemCode/payload/Misc/FileSystem.o
                0x200099ac                CloseFile
 .text.DeleteFile
                0x200099f8       0x60 ./src/sub-systemCode/payload/Misc/FileSystem.o
                0x200099f8                DeleteFile
 .text.ReadFromFile
                0x20009a58       0x7c ./src/sub-systemCode/payload/Misc/FileSystem.o
                0x20009a58                ReadFromFile
 .text.WriteToFile
                0x20009ad4       0xb4 ./src/sub-systemCode/payload/Misc/FileSystem.o
                0x20009ad4                WriteToFile
 .text.Initialized_GPIO
                0x20009b88       0x54 ./src/sub-systemCode/payload/Drivers/GeckoCameraDriver.o
                0x20009b88                Initialized_GPIO
 .text.TurnOnGecko
                0x20009bdc      0x134 ./src/sub-systemCode/payload/Drivers/GeckoCameraDriver.o
                0x20009bdc                TurnOnGecko
 .text.TurnOffGecko
                0x20009d10       0xcc ./src/sub-systemCode/payload/Drivers/GeckoCameraDriver.o
                0x20009d10                TurnOffGecko
 .text.initGecko
                0x20009ddc       0x3c ./src/sub-systemCode/payload/Drivers/GeckoCameraDriver.o
                0x20009ddc                initGecko
 .text.GECKO_TakeImage
                0x20009e18      0x2f4 ./src/sub-systemCode/payload/Drivers/GeckoCameraDriver.o
                0x20009e18                GECKO_TakeImage
 .text.GECKO_ReadImage
                0x2000a10c      0x234 ./src/sub-systemCode/payload/Drivers/GeckoCameraDriver.o
                0x2000a10c                GECKO_ReadImage
 .text.GECKO_EraseBlock
                0x2000a340       0xf0 ./src/sub-systemCode/payload/Drivers/GeckoCameraDriver.o
                0x2000a340                GECKO_EraseBlock
 .text.getFileName
                0x2000a430      0x1a0 ./src/sub-systemCode/payload/DataBase/DataBase.o
 .text.zeroImageDataBase
                0x2000a5d0       0xfc ./src/sub-systemCode/payload/DataBase/DataBase.o
                0x2000a5d0                zeroImageDataBase
 .text.updateGeneralDataBaseParameters
                0x2000a6cc       0x5c ./src/sub-systemCode/payload/DataBase/DataBase.o
                0x2000a6cc                updateGeneralDataBaseParameters
 .text.SearchDataBase_byID
                0x2000a728      0x220 ./src/sub-systemCode/payload/DataBase/DataBase.o
                0x2000a728                SearchDataBase_byID
 .text.checkForFileType
                0x2000a948       0x68 ./src/sub-systemCode/payload/DataBase/DataBase.o
                0x2000a948                checkForFileType
 .text.updateFileTypes
                0x2000a9b0       0xbc ./src/sub-systemCode/payload/DataBase/DataBase.o
                0x2000a9b0                updateFileTypes
 .text.GetImageFactor
                0x2000aa6c       0x58 ./src/sub-systemCode/payload/DataBase/DataBase.o
                0x2000aa6c                GetImageFactor
 .text.readImageFromBuffer
                0x2000aac4      0x12c ./src/sub-systemCode/payload/DataBase/DataBase.o
                0x2000aac4                readImageFromBuffer
 .text.saveImageToBuffer
                0x2000abf0      0x12c ./src/sub-systemCode/payload/DataBase/DataBase.o
                0x2000abf0                saveImageToBuffer
 .text.getLatestID
                0x2000ad1c       0x48 ./src/sub-systemCode/payload/DataBase/DataBase.o
                0x2000ad1c                getLatestID
 .text.getDataBaseStart
                0x2000ad64       0x20 ./src/sub-systemCode/payload/DataBase/DataBase.o
                0x2000ad64                getDataBaseStart
 .text.setDataBaseValues
                0x2000ad84      0x1d8 ./src/sub-systemCode/payload/DataBase/DataBase.o
                0x2000ad84                setDataBaseValues
 .text.initImageDataBase
                0x2000af5c      0x1b0 ./src/sub-systemCode/payload/DataBase/DataBase.o
                0x2000af5c                initImageDataBase
 .text.resetImageDataBase
                0x2000b10c       0x98 ./src/sub-systemCode/payload/DataBase/DataBase.o
                0x2000b10c                resetImageDataBase
 .text.setCameraPhotographyValues
                0x2000b1a4      0x10c ./src/sub-systemCode/payload/DataBase/DataBase.o
                0x2000b1a4                setCameraPhotographyValues
 .text.transferImageToSD_withoutSearch
                0x2000b2b0      0x15c ./src/sub-systemCode/payload/DataBase/DataBase.o
                0x2000b2b0                transferImageToSD_withoutSearch
 .text.transferImageToSD
                0x2000b40c       0xb4 ./src/sub-systemCode/payload/DataBase/DataBase.o
                0x2000b40c                transferImageToSD
 .text.DeleteImageFromOBC_withoutSearch
                0x2000b4c0       0xe0 ./src/sub-systemCode/payload/DataBase/DataBase.o
                0x2000b4c0                DeleteImageFromOBC_withoutSearch
 .text.DeleteImageFromOBC
                0x2000b5a0       0xb4 ./src/sub-systemCode/payload/DataBase/DataBase.o
                0x2000b5a0                DeleteImageFromOBC
 .text.DeleteImageFromPayload
                0x2000b654      0x25c ./src/sub-systemCode/payload/DataBase/DataBase.o
                0x2000b654                DeleteImageFromPayload
 .text.clearImageDataBase
                0x2000b8b0      0x114 ./src/sub-systemCode/payload/DataBase/DataBase.o
                0x2000b8b0                clearImageDataBase
 .text.writeNewImageMetaDataToFRAM
                0x2000b9c4      0x234 ./src/sub-systemCode/payload/DataBase/DataBase.o
                0x2000b9c4                writeNewImageMetaDataToFRAM
 .text.takePicture
                0x2000bbf8      0x370 ./src/sub-systemCode/payload/DataBase/DataBase.o
                0x2000bbf8                takePicture
 .text.takePicture_withSpecialParameters
                0x2000bf68       0xbc ./src/sub-systemCode/payload/DataBase/DataBase.o
                0x2000bf68                takePicture_withSpecialParameters
 .text.GetImageFileName
                0x2000c024       0xc0 ./src/sub-systemCode/payload/DataBase/DataBase.o
                0x2000c024                GetImageFileName
 .text.getDataBaseSize
                0x2000c0e4       0x20 ./src/sub-systemCode/payload/DataBase/DataBase.o
                0x2000c0e4                getDataBaseSize
 .text.getImageDataBaseBuffer
                0x2000c104      0x240 ./src/sub-systemCode/payload/DataBase/DataBase.o
                0x2000c104                getImageDataBaseBuffer
 .text.TransformRawToBMP
                0x2000c344      0x1a8 ./src/sub-systemCode/payload/Compression/jpeg/bmp/rawToBMP.o
                0x2000c344                TransformRawToBMP
 .text.interpolate
                0x2000c4ec      0x8d0 ./src/sub-systemCode/payload/Compression/jpeg/bmp/rawToBMP.o
                0x2000c4ec                interpolate
 .text.getInputAt
                0x2000cdbc      0x308 ./src/sub-systemCode/payload/Compression/jpeg/bmp/rawToBMP.o
                0x2000cdbc                getInputAt
 .text.f_writeF_FILEHeader
                0x2000d0c4      0x2f0 ./src/sub-systemCode/payload/Compression/jpeg/bmp/rawToBMP.o
                0x2000d0c4                f_writeF_FILEHeader
 .text.f_writeOutputRow
                0x2000d3b4       0xbc ./src/sub-systemCode/payload/Compression/jpeg/bmp/rawToBMP.o
                0x2000d3b4                f_writeOutputRow
 .text.dct      0x2000d470      0x9c4 ./src/sub-systemCode/payload/Compression/jpeg/DCT.o
                0x2000d470                dct
 .text.JPEG_compressor
                0x2000de34      0x104 ./src/sub-systemCode/payload/Compression/jpeg/ImgCompressor.o
                0x2000de34                JPEG_compressor
 .text.Create_BMP_File
                0x2000df38       0xf4 ./src/sub-systemCode/payload/Compression/jpeg/ImgCompressor.o
                0x2000df38                Create_BMP_File
 .text.CompressImage
                0x2000e02c      0x1cc ./src/sub-systemCode/payload/Compression/jpeg/ImgCompressor.o
                0x2000e02c                CompressImage
 .text.clamp    0x2000e1f8       0x60 ./src/sub-systemCode/payload/Compression/jpeg/color_conv.o
                0x2000e1f8                clamp
 .text.RGB_to_YCC
                0x2000e258      0x1a8 ./src/sub-systemCode/payload/Compression/jpeg/color_conv.o
                0x2000e258                RGB_to_YCC
 .text.RGB_to_Y
                0x2000e400       0xc4 ./src/sub-systemCode/payload/Compression/jpeg/color_conv.o
                0x2000e400                RGB_to_Y
 .text.Y_to_YCC
                0x2000e4c4       0x88 ./src/sub-systemCode/payload/Compression/jpeg/color_conv.o
                0x2000e4c4                Y_to_YCC
 .text.compress_image_to_jpeg_file
                0x2000e54c      0x18c ./src/sub-systemCode/payload/Compression/jpeg/jpeg.o
                0x2000e54c                compress_image_to_jpeg_file
 .text.emit_marker
                0x2000e6d8       0xc8 ./src/sub-systemCode/payload/Compression/jpeg/jpeg_encoder.o
                0x2000e6d8                emit_marker
 .text.emit_byte
                0x2000e7a0       0x6c ./src/sub-systemCode/payload/Compression/jpeg/jpeg_encoder.o
                0x2000e7a0                emit_byte
 .text.emit_word
                0x2000e80c       0xd0 ./src/sub-systemCode/payload/Compression/jpeg/jpeg_encoder.o
                0x2000e80c                emit_word
 .text.emit_jfif_app0
                0x2000e8dc       0xc0 ./src/sub-systemCode/payload/Compression/jpeg/jpeg_encoder.o
                0x2000e8dc                emit_jfif_app0
 .text.emit_dqt
                0x2000e99c       0xd8 ./src/sub-systemCode/payload/Compression/jpeg/jpeg_encoder.o
                0x2000e99c                emit_dqt
 .text.emit_sof
                0x2000ea74      0x14c ./src/sub-systemCode/payload/Compression/jpeg/jpeg_encoder.o
                0x2000ea74                emit_sof
 .text.emit_dht
                0x2000ebc0      0x138 ./src/sub-systemCode/payload/Compression/jpeg/jpeg_encoder.o
                0x2000ebc0                emit_dht
 .text.emit_dhts
                0x2000ecf8       0xd8 ./src/sub-systemCode/payload/Compression/jpeg/jpeg_encoder.o
                0x2000ecf8                emit_dhts
 .text.emit_sos
                0x2000edd0       0xec ./src/sub-systemCode/payload/Compression/jpeg/jpeg_encoder.o
                0x2000edd0                emit_sos
 .text.emit_markers
                0x2000eebc       0x4c ./src/sub-systemCode/payload/Compression/jpeg/jpeg_encoder.o
                0x2000eebc                emit_markers
 .text.compute_huffman_table
                0x2000ef08      0x334 ./src/sub-systemCode/payload/Compression/jpeg/jpeg_encoder.o
                0x2000ef08                compute_huffman_table
 .text.compute_quant_table
                0x2000f23c      0x11c ./src/sub-systemCode/payload/Compression/jpeg/jpeg_encoder.o
                0x2000f23c                compute_quant_table
 .text.first_pass_init
                0x2000f358       0x54 ./src/sub-systemCode/payload/Compression/jpeg/jpeg_encoder.o
                0x2000f358                first_pass_init
 .text.second_pass_init
                0x2000f3ac      0x110 ./src/sub-systemCode/payload/Compression/jpeg/jpeg_encoder.o
                0x2000f3ac                second_pass_init
 .text.jpg_open
                0x2000f4bc      0x7b4 ./src/sub-systemCode/payload/Compression/jpeg/jpeg_encoder.o
                0x2000f4bc                jpg_open
 .text.load_block_8_8_grey
                0x2000fc70      0x164 ./src/sub-systemCode/payload/Compression/jpeg/jpeg_encoder.o
                0x2000fc70                load_block_8_8_grey
 .text.load_block_8_8
                0x2000fdd4      0x198 ./src/sub-systemCode/payload/Compression/jpeg/jpeg_encoder.o
                0x2000fdd4                load_block_8_8
 .text.load_block_16_8
                0x2000ff6c      0x3cc ./src/sub-systemCode/payload/Compression/jpeg/jpeg_encoder.o
                0x2000ff6c                load_block_16_8
 .text.load_block_16_8_8
                0x20010338      0x2a8 ./src/sub-systemCode/payload/Compression/jpeg/jpeg_encoder.o
                0x20010338                load_block_16_8_8
 .text.load_coefficients
                0x200105e0      0x1c8 ./src/sub-systemCode/payload/Compression/jpeg/jpeg_encoder.o
                0x200105e0                load_coefficients
 .text.flush_output_buffer
                0x200107a8       0xa0 ./src/sub-systemCode/payload/Compression/jpeg/jpeg_encoder.o
                0x200107a8                flush_output_buffer
 .text.put_bits
                0x20010848      0x170 ./src/sub-systemCode/payload/Compression/jpeg/jpeg_encoder.o
                0x20010848                put_bits
 .text.code_coefficients_pass_two
                0x200109b8      0x338 ./src/sub-systemCode/payload/Compression/jpeg/jpeg_encoder.o
                0x200109b8                code_coefficients_pass_two
 .text.code_block
                0x20010cf0       0x44 ./src/sub-systemCode/payload/Compression/jpeg/jpeg_encoder.o
                0x20010cf0                code_block
 .text.process_mcu_row
                0x20010d34      0x328 ./src/sub-systemCode/payload/Compression/jpeg/jpeg_encoder.o
                0x20010d34                process_mcu_row
 .text.terminate_pass_two
                0x2001105c       0x44 ./src/sub-systemCode/payload/Compression/jpeg/jpeg_encoder.o
                0x2001105c                terminate_pass_two
 .text.process_end_of_image
                0x200110a0       0xc0 ./src/sub-systemCode/payload/Compression/jpeg/jpeg_encoder.o
                0x200110a0                process_end_of_image
 .text.load_mcu
                0x20011160      0x29c ./src/sub-systemCode/payload/Compression/jpeg/jpeg_encoder.o
                0x20011160                load_mcu
 .text.clear    0x200113fc      0x1e0 ./src/sub-systemCode/payload/Compression/jpeg/jpeg_encoder.o
                0x200113fc                clear
 .text.init     0x200115dc       0xe4 ./src/sub-systemCode/payload/Compression/jpeg/jpeg_encoder.o
                0x200115dc                init
 .text.deinit   0x200116c0      0x160 ./src/sub-systemCode/payload/Compression/jpeg/jpeg_encoder.o
                0x200116c0                deinit
 .text.process_scanline
                0x20011820       0x6c ./src/sub-systemCode/payload/Compression/jpeg/jpeg_encoder.o
                0x20011820                process_scanline
 .text.jpge_malloc
                0x2001188c       0x28 ./src/sub-systemCode/payload/Compression/jpeg/jpeg_memory_alloc.o
                0x2001188c                jpge_malloc
 .text.jpge_cmalloc
                0x200118b4       0x48 ./src/sub-systemCode/payload/Compression/jpeg/jpeg_memory_alloc.o
                0x200118b4                jpge_cmalloc
 .text.jpge_free
                0x200118fc       0x24 ./src/sub-systemCode/payload/Compression/jpeg/jpeg_memory_alloc.o
                0x200118fc                jpge_free
 .text.check    0x20011920       0x78 ./src/sub-systemCode/payload/Compression/jpeg/jpeg_params.o
                0x20011920                check
 .text.open_jpeg_file
                0x20011998       0xfc ./src/sub-systemCode/payload/Compression/jpeg/output_stream.o
                0x20011998                open_jpeg_file
 .text.close_jpeg_file
                0x20011a94      0x118 ./src/sub-systemCode/payload/Compression/jpeg/output_stream.o
                0x20011a94                close_jpeg_file
 .text.put_buf  0x20011bac      0x258 ./src/sub-systemCode/payload/Compression/jpeg/output_stream.o
                0x20011bac                put_buf
 .text.GetBayerPixel
                0x20011e04       0xe8 ./src/sub-systemCode/payload/Compression/ImageConversion.o
 .text.BinImage
                0x20011eec      0x2c8 ./src/sub-systemCode/payload/Compression/ImageConversion.o
                0x20011eec                BinImage
 .text.ImageSkipping
                0x200121b4      0x2ac ./src/sub-systemCode/payload/Compression/ImageConversion.o
                0x200121b4                ImageSkipping
 .text.CreateImageThumbnail_withoutSearch
                0x20012460      0x14c ./src/sub-systemCode/payload/Compression/ImageConversion.o
                0x20012460                CreateImageThumbnail_withoutSearch
 .text.CreateImageThumbnail
                0x200125ac       0x94 ./src/sub-systemCode/payload/Compression/ImageConversion.o
                0x200125ac                CreateImageThumbnail
 .text.compressImage
                0x20012640      0x17c ./src/sub-systemCode/payload/Compression/ImageConversion.o
                0x20012640                compressImage
 .text.cmd_mute
                0x200127bc       0xc4 ./src/sub-systemCode/Main/CMD/COMM_CMD.o
                0x200127bc                cmd_mute
 .text.cmd_unmute
                0x20012880       0x50 ./src/sub-systemCode/Main/CMD/COMM_CMD.o
                0x20012880                cmd_unmute
 .text.cmd_active_trans
                0x200128d0       0xc0 ./src/sub-systemCode/Main/CMD/COMM_CMD.o
                0x200128d0                cmd_active_trans
 .text.cmd_shut_trans
                0x20012990       0x38 ./src/sub-systemCode/Main/CMD/COMM_CMD.o
                0x20012990                cmd_shut_trans
 .text.cmd_change_trans_rssi
                0x200129c8      0x100 ./src/sub-systemCode/Main/CMD/COMM_CMD.o
                0x200129c8                cmd_change_trans_rssi
 .text.cmd_aprs_dump
                0x20012ac8       0x50 ./src/sub-systemCode/Main/CMD/COMM_CMD.o
                0x20012ac8                cmd_aprs_dump
 .text.cmd_stop_dump
                0x20012b18       0x38 ./src/sub-systemCode/Main/CMD/COMM_CMD.o
                0x20012b18                cmd_stop_dump
 .text.cmd_time_frequency
                0x20012b50       0xc0 ./src/sub-systemCode/Main/CMD/COMM_CMD.o
                0x20012b50                cmd_time_frequency
 .text.cmd_change_def_bit_rate
                0x20012c10      0x158 ./src/sub-systemCode/Main/CMD/COMM_CMD.o
                0x20012c10                cmd_change_def_bit_rate
 .text.cmd_upload_volt_logic
                0x20012d68      0x3d0 ./src/sub-systemCode/Main/CMD/EPS_CMD.o
                0x20012d68                cmd_upload_volt_logic
 .text.cmd_upload_volt_COMM
                0x20013138      0x1c8 ./src/sub-systemCode/Main/CMD/EPS_CMD.o
                0x20013138                cmd_upload_volt_COMM
 .text.cmd_heater_temp
                0x20013300       0xc0 ./src/sub-systemCode/Main/CMD/EPS_CMD.o
                0x20013300                cmd_heater_temp
 .text.cmd_SHUT_CAM
                0x200133c0       0x6c ./src/sub-systemCode/Main/CMD/EPS_CMD.o
                0x200133c0                cmd_SHUT_CAM
 .text.cmd_SHUT_ADCS
                0x2001342c       0x6c ./src/sub-systemCode/Main/CMD/EPS_CMD.o
                0x2001342c                cmd_SHUT_ADCS
 .text.cmd_allow_CAM
                0x20013498       0x6c ./src/sub-systemCode/Main/CMD/EPS_CMD.o
                0x20013498                cmd_allow_CAM
 .text.cmd_allow_ADCS
                0x20013504       0x6c ./src/sub-systemCode/Main/CMD/EPS_CMD.o
                0x20013504                cmd_allow_ADCS
 .text.cmd_generic_I2C
                0x20013570       0xb4 ./src/sub-systemCode/Main/CMD/General_CMD.o
                0x20013570                cmd_generic_I2C
 .text.cmd_dump
                0x20013624       0xf0 ./src/sub-systemCode/Main/CMD/General_CMD.o
                0x20013624                cmd_dump
 .text.cmd_delete_TM
                0x20013714      0x1dc ./src/sub-systemCode/Main/CMD/General_CMD.o
                0x20013714                cmd_delete_TM
 .text.cmd_reset_file
                0x200138f0      0x110 ./src/sub-systemCode/Main/CMD/General_CMD.o
                0x200138f0                cmd_reset_file
 .text.cmd_dummy_func
                0x20013a00       0x40 ./src/sub-systemCode/Main/CMD/General_CMD.o
                0x20013a00                cmd_dummy_func
 .text.cmd_soft_reset_cmponent
                0x20013a40       0xb0 ./src/sub-systemCode/Main/CMD/General_CMD.o
                0x20013a40                cmd_soft_reset_cmponent
 .text.cmd_hard_reset_cmponent
                0x20013af0       0xb0 ./src/sub-systemCode/Main/CMD/General_CMD.o
                0x20013af0                cmd_hard_reset_cmponent
 .text.cmd_reset_satellite
                0x20013ba0       0x78 ./src/sub-systemCode/Main/CMD/General_CMD.o
                0x20013ba0                cmd_reset_satellite
 .text.cmd_gracefull_reset_satellite
                0x20013c18       0x78 ./src/sub-systemCode/Main/CMD/General_CMD.o
                0x20013c18                cmd_gracefull_reset_satellite
 .text.cmd_upload_time
                0x20013c90       0xb0 ./src/sub-systemCode/Main/CMD/General_CMD.o
                0x20013c90                cmd_upload_time
 .text.cmd_ARM_DIARM
                0x20013d40       0xd4 ./src/sub-systemCode/Main/CMD/General_CMD.o
                0x20013d40                cmd_ARM_DIARM
 .text.cmd_get_onlineTM
                0x20013e14       0xb8 ./src/sub-systemCode/Main/CMD/General_CMD.o
                0x20013e14                cmd_get_onlineTM
 .text.cmd_reset_off_line
                0x20013ecc       0x68 ./src/sub-systemCode/Main/CMD/General_CMD.o
                0x20013ecc                cmd_reset_off_line
 .text.cmd_add_item_off_line
                0x20013f34       0xf0 ./src/sub-systemCode/Main/CMD/General_CMD.o
                0x20013f34                cmd_add_item_off_line
 .text.cmd_reset_delayed_command_list
                0x20014024       0x3c ./src/sub-systemCode/Main/CMD/SW_CMD.o
                0x20014024                cmd_reset_delayed_command_list
 .text.cmd_reset_APRS_list
                0x20014060       0x3c ./src/sub-systemCode/Main/CMD/SW_CMD.o
                0x20014060                cmd_reset_APRS_list
 .text.cmd_reset_FRAM
                0x2001409c       0xe8 ./src/sub-systemCode/Main/CMD/SW_CMD.o
                0x2001409c                cmd_reset_FRAM
 .text.ARM_ants
                0x20014184       0xb8 ./src/sub-systemCode/Main/Ants.o
                0x20014184                ARM_ants
 .text.DISARM_ants
                0x2001423c       0xb8 ./src/sub-systemCode/Main/Ants.o
                0x2001423c                DISARM_ants
 .text.round_vol
                0x200142f4      0x124 ./src/sub-systemCode/Main/EPS.o
                0x200142f4                round_vol
 .text.get_shut_ADCS
                0x20014418       0x48 ./src/sub-systemCode/Main/EPS.o
                0x20014418                get_shut_ADCS
 .text.shut_ADCS
                0x20014460       0x44 ./src/sub-systemCode/Main/EPS.o
                0x20014460                shut_ADCS
 .text.get_shut_CAM
                0x200144a4       0x48 ./src/sub-systemCode/Main/EPS.o
                0x200144a4                get_shut_CAM
 .text.shut_CAM
                0x200144ec       0x44 ./src/sub-systemCode/Main/EPS.o
                0x200144ec                shut_CAM
 .text.update_powerLines
                0x20014530       0xec ./src/sub-systemCode/Main/EPS.o
                0x20014530                update_powerLines
 .text.init_enterMode
                0x2001461c       0x88 ./src/sub-systemCode/Main/EPS.o
                0x2001461c                init_enterMode
 .text.EPS_Init
                0x200146a4      0x1c8 ./src/sub-systemCode/Main/EPS.o
                0x200146a4                EPS_Init
 .text.reset_FRAM_EPS
                0x2001486c       0xa4 ./src/sub-systemCode/Main/EPS.o
                0x2001486c                reset_FRAM_EPS
 .text.reset_EPS_voltages
                0x20014910       0xbc ./src/sub-systemCode/Main/EPS.o
                0x20014910                reset_EPS_voltages
 .text.EPS_Conditioning
                0x200149cc      0x158 ./src/sub-systemCode/Main/EPS.o
                0x200149cc                EPS_Conditioning
 .text.overRide_ADCS
                0x20014b24       0x50 ./src/sub-systemCode/Main/EPS.o
                0x20014b24                overRide_ADCS
 .text.overRide_Camera
                0x20014b74       0x38 ./src/sub-systemCode/Main/EPS.o
                0x20014b74                overRide_Camera
 .text.EnterFullMode
                0x20014bac       0xfc ./src/sub-systemCode/Main/EPS.o
                0x20014bac                EnterFullMode
 .text.EnterCruiseMode
                0x20014ca8       0xec ./src/sub-systemCode/Main/EPS.o
                0x20014ca8                EnterCruiseMode
 .text.EnterSafeMode
                0x20014d94       0xec ./src/sub-systemCode/Main/EPS.o
                0x20014d94                EnterSafeMode
 .text.EnterCriticalMode
                0x20014e80       0xd8 ./src/sub-systemCode/Main/EPS.o
                0x20014e80                EnterCriticalMode
 .text.find_fileName
                0x20014f58      0x5e4 ./src/sub-systemCode/Main/HouseKeeping.o
                0x20014f58                find_fileName
 .text.size_of_element
                0x2001553c      0x108 ./src/sub-systemCode/Main/HouseKeeping.o
                0x2001553c                size_of_element
 .text.save_ACK
                0x20015644       0xc0 ./src/sub-systemCode/Main/HouseKeeping.o
                0x20015644                save_ACK
 .text.set_GP_EPS
                0x20015704      0x10c ./src/sub-systemCode/Main/HouseKeeping.o
                0x20015704                set_GP_EPS
 .text.set_GP_COMM
                0x20015810       0x88 ./src/sub-systemCode/Main/HouseKeeping.o
                0x20015810                set_GP_COMM
 .text.SP_HK_collect
                0x20015898      0x17c ./src/sub-systemCode/Main/HouseKeeping.o
                0x20015898                SP_HK_collect
 .text.EPS_HK_collect
                0x20015a14      0x4d8 ./src/sub-systemCode/Main/HouseKeeping.o
                0x20015a14                EPS_HK_collect
 .text.CAM_HK_collect
                0x20015eec      0x91c ./src/sub-systemCode/Main/HouseKeeping.o
                0x20015eec                CAM_HK_collect
 .text.COMM_HK_collect
                0x20016808      0x154 ./src/sub-systemCode/Main/HouseKeeping.o
                0x20016808                COMM_HK_collect
 .text.COMM_create_file
                0x2001695c       0x74 ./src/sub-systemCode/Main/HouseKeeping.o
                0x2001695c                COMM_create_file
 .text.ACK_create_file
                0x200169d0       0x74 ./src/sub-systemCode/Main/HouseKeeping.o
                0x200169d0                ACK_create_file
 .text.EPS_create_file
                0x20016a44       0x74 ./src/sub-systemCode/Main/HouseKeeping.o
                0x20016a44                EPS_create_file
 .text.CAM_create_file
                0x20016ab8       0x54 ./src/sub-systemCode/Main/HouseKeeping.o
                0x20016ab8                CAM_create_file
 .text.SP_create_file
                0x20016b0c       0x54 ./src/sub-systemCode/Main/HouseKeeping.o
                0x20016b0c                SP_create_file
 .text.create_files
                0x20016b60       0x48 ./src/sub-systemCode/Main/HouseKeeping.o
                0x20016b60                create_files
 .text.save_SP_HK
                0x20016ba8       0x70 ./src/sub-systemCode/Main/HouseKeeping.o
                0x20016ba8                save_SP_HK
 .text.save_EPS_HK
                0x20016c18       0x70 ./src/sub-systemCode/Main/HouseKeeping.o
                0x20016c18                save_EPS_HK
 .text.save_CAM_HK
                0x20016c88       0x84 ./src/sub-systemCode/Main/HouseKeeping.o
                0x20016c88                save_CAM_HK
 .text.save_COMM_HK
                0x20016d0c       0x70 ./src/sub-systemCode/Main/HouseKeeping.o
                0x20016d0c                save_COMM_HK
 .text.EPS_HK_raw_BigEnE
                0x20016d7c      0x194 ./src/sub-systemCode/Main/HouseKeeping.o
                0x20016d7c                EPS_HK_raw_BigEnE
 .text.CAM_HK_raw_BigEnE
                0x20016f10      0x194 ./src/sub-systemCode/Main/HouseKeeping.o
                0x20016f10                CAM_HK_raw_BigEnE
 .text.COMM_HK_raw_BigEnE
                0x200170a4      0x194 ./src/sub-systemCode/Main/HouseKeeping.o
                0x200170a4                COMM_HK_raw_BigEnE
 .text.ADCS_HK_raw_BigEnE
                0x20017238      0x194 ./src/sub-systemCode/Main/HouseKeeping.o
                0x20017238                ADCS_HK_raw_BigEnE
 .text.ADCS_SC_raw_BigEnE
                0x200173cc      0x188 ./src/sub-systemCode/Main/HouseKeeping.o
                0x200173cc                ADCS_SC_raw_BigEnE
 .text.build_HK_spl_packet
                0x20017554      0xa2c ./src/sub-systemCode/Main/HouseKeeping.o
                0x20017554                build_HK_spl_packet
 .text.HouseKeeping_highRate_Task
                0x20017f80       0x78 ./src/sub-systemCode/Main/HouseKeeping.o
                0x20017f80                HouseKeeping_highRate_Task
 .text.HouseKeeping_lowRate_Task
                0x20017ff8       0x74 ./src/sub-systemCode/Main/HouseKeeping.o
                0x20017ff8                HouseKeeping_lowRate_Task
 .text.reset_FIRST_activation
                0x2001806c       0x34 ./src/sub-systemCode/Main/Main_Init.o
                0x2001806c                reset_FIRST_activation
 .text.test_menu
                0x200180a0       0xb4 ./src/sub-systemCode/Main/Main_Init.o
                0x200180a0                test_menu
 .text.printImage
                0x20018154      0x158 ./src/sub-systemCode/Main/Main_Init.o
 .text.numberOfRestarts
                0x200182ac       0x94 ./src/sub-systemCode/Main/Main_Init.o
                0x200182ac                numberOfRestarts
 .text.StartFRAM
                0x20018340       0x38 ./src/sub-systemCode/Main/Main_Init.o
                0x20018340                StartFRAM
 .text.StartI2C
                0x20018378       0x44 ./src/sub-systemCode/Main/Main_Init.o
                0x20018378                StartI2C
 .text.StartSPI
                0x200183bc       0x40 ./src/sub-systemCode/Main/Main_Init.o
                0x200183bc                StartSPI
 .text.StartTIME
                0x200183fc      0x118 ./src/sub-systemCode/Main/Main_Init.o
                0x200183fc                StartTIME
 .text.first_activation
                0x20018514       0x78 ./src/sub-systemCode/Main/Main_Init.o
                0x20018514                first_activation
 .text.pre_written_test
                0x2001858c       0xb4 ./src/sub-systemCode/Main/Main_Init.o
                0x2001858c                pre_written_test
 .text.InitSubsystems
                0x20018640       0xfc ./src/sub-systemCode/Main/Main_Init.o
                0x20018640                InitSubsystems
 .text.SubSystemTaskStart
                0x2001873c       0xec ./src/sub-systemCode/Main/Main_Init.o
                0x2001873c                SubSystemTaskStart
 .text.copy_command
                0x20018828       0x80 ./src/sub-systemCode/Main/commands.o
                0x20018828                copy_command
 .text.reset_command
                0x200188a8       0x28 ./src/sub-systemCode/Main/commands.o
                0x200188a8                reset_command
 .text.init_command
                0x200188d0       0xd4 ./src/sub-systemCode/Main/commands.o
                0x200188d0                init_command
 .text.add_command
                0x200189a4      0x138 ./src/sub-systemCode/Main/commands.o
                0x200189a4                add_command
 .text.get_command
                0x20018adc      0x1cc ./src/sub-systemCode/Main/commands.o
                0x20018adc                get_command
 .text.act_upon_command
                0x20018ca8      0x240 ./src/sub-systemCode/Main/commands.o
                0x20018ca8                act_upon_command
 .text.cmd_error
                0x20018ee8       0x38 ./src/sub-systemCode/Main/commands.o
                0x20018ee8                cmd_error
 .text.AUC_COMM
                0x20018f20      0x25c ./src/sub-systemCode/Main/commands.o
                0x20018f20                AUC_COMM
 .text.AUC_general
                0x2001917c      0x17c ./src/sub-systemCode/Main/commands.o
                0x2001917c                AUC_general
 .text.AUC_payload
                0x200192f8      0x204 ./src/sub-systemCode/Main/commands.o
                0x200192f8                AUC_payload
 .text.AUC_EPS  0x200194fc      0x248 ./src/sub-systemCode/Main/commands.o
                0x200194fc                AUC_EPS
 .text.AUC_ADCS
                0x20019744       0x5c ./src/sub-systemCode/Main/commands.o
                0x20019744                AUC_ADCS
 .text.AUC_GS   0x200197a0      0x1fc ./src/sub-systemCode/Main/commands.o
                0x200197a0                AUC_GS
 .text.AUC_SW   0x2001999c       0xe4 ./src/sub-systemCode/Main/commands.o
                0x2001999c                AUC_SW
 .text.AUC_onlineTM
                0x20019a80      0x16c ./src/sub-systemCode/Main/commands.o
                0x20019a80                AUC_onlineTM
 .text.AUC_special_operation
                0x20019bec       0x8c ./src/sub-systemCode/Main/commands.o
                0x20019bec                AUC_special_operation
 .text.check_int
                0x20019c78       0x3c ./src/sub-systemCode/Global/Global.o
                0x20019c78                check_int
 .text.check_portBASE_TYPE
                0x20019cb4       0x3c ./src/sub-systemCode/Global/Global.o
                0x20019cb4                check_portBASE_TYPE
 .text.soft_reset_subsystem
                0x20019cf0       0xd8 ./src/sub-systemCode/Global/Global.o
                0x20019cf0                soft_reset_subsystem
 .text.hard_reset_subsystem
                0x20019dc8       0xfc ./src/sub-systemCode/Global/Global.o
                0x20019dc8                hard_reset_subsystem
 .text.BigEnE_raw_to_uInt
                0x20019ec4       0x94 ./src/sub-systemCode/Global/Global.o
                0x20019ec4                BigEnE_raw_to_uInt
 .text.BigEnE_raw_to_uShort
                0x20019f58       0x50 ./src/sub-systemCode/Global/Global.o
                0x20019f58                BigEnE_raw_to_uShort
 .text.BigEnE_uInt_to_raw
                0x20019fa8       0x78 ./src/sub-systemCode/Global/Global.o
                0x20019fa8                BigEnE_uInt_to_raw
 .text.reset_FRAM_MAIN
                0x2001a020      0x19c ./src/sub-systemCode/Global/Global.o
                0x2001a020                reset_FRAM_MAIN
 .text.getBitValueByIndex
                0x2001a1bc       0xd0 ./src/sub-systemCode/Global/Global.o
                0x2001a1bc                getBitValueByIndex
 .text.init_GP  0x2001a28c      0x300 ./src/sub-systemCode/Global/GlobalParam.o
                0x2001a28c                init_GP
 .text.get_system_state
                0x2001a58c      0x268 ./src/sub-systemCode/Global/GlobalParam.o
                0x2001a58c                get_system_state
 .text.set_system_state
                0x2001a7f4      0x298 ./src/sub-systemCode/Global/GlobalParam.o
                0x2001a7f4                set_system_state
 .text.get_current_global_param
                0x2001aa8c      0x5c8 ./src/sub-systemCode/Global/GlobalParam.o
                0x2001aa8c                get_current_global_param
 .text.set_Vbatt
                0x2001b054       0x8c ./src/sub-systemCode/Global/GlobalParam.o
                0x2001b054                set_Vbatt
 .text.get_Vbatt
                0x2001b0e0       0x8c ./src/sub-systemCode/Global/GlobalParam.o
                0x2001b0e0                get_Vbatt
 .text.set_curBat
                0x2001b16c       0x8c ./src/sub-systemCode/Global/GlobalParam.o
                0x2001b16c                set_curBat
 .text.set_cur3V3
                0x2001b1f8       0x8c ./src/sub-systemCode/Global/GlobalParam.o
                0x2001b1f8                set_cur3V3
 .text.set_cur5V
                0x2001b284       0x8c ./src/sub-systemCode/Global/GlobalParam.o
                0x2001b284                set_cur5V
 .text.set_tempComm_LO
                0x2001b310       0x8c ./src/sub-systemCode/Global/GlobalParam.o
                0x2001b310                set_tempComm_LO
 .text.set_tempComm_PA
                0x2001b39c       0x8c ./src/sub-systemCode/Global/GlobalParam.o
                0x2001b39c                set_tempComm_PA
 .text.set_tempEPS
                0x2001b428       0xc8 ./src/sub-systemCode/Global/GlobalParam.o
                0x2001b428                set_tempEPS
 .text.set_tempBatt
                0x2001b4f0       0xc8 ./src/sub-systemCode/Global/GlobalParam.o
                0x2001b4f0                set_tempBatt
 .text.set_RxDoppler
                0x2001b5b8       0x8c ./src/sub-systemCode/Global/GlobalParam.o
                0x2001b5b8                set_RxDoppler
 .text.set_RxRSSI
                0x2001b644       0x8c ./src/sub-systemCode/Global/GlobalParam.o
                0x2001b644                set_RxRSSI
 .text.set_TxRefl
                0x2001b6d0       0x8c ./src/sub-systemCode/Global/GlobalParam.o
                0x2001b6d0                set_TxRefl
 .text.set_TxForw
                0x2001b75c       0x8c ./src/sub-systemCode/Global/GlobalParam.o
                0x2001b75c                set_TxForw
 .text.get_ST   0x2001b7e8       0x8c ./src/sub-systemCode/Global/GlobalParam.o
                0x2001b7e8                get_ST
 .text.get_Attitude
                0x2001b874      0x128 ./src/sub-systemCode/Global/GlobalParam.o
                0x2001b874                get_Attitude
 .text.set_numOfAPRS
                0x2001b99c       0x8c ./src/sub-systemCode/Global/GlobalParam.o
                0x2001b99c                set_numOfAPRS
 .text.set_numOfResets
                0x2001ba28       0xac ./src/sub-systemCode/Global/GlobalParam.o
                0x2001ba28                set_numOfResets
 .text.set_ground_conn
                0x2001bad4       0xa0 ./src/sub-systemCode/Global/GlobalParam.o
                0x2001bad4                set_ground_conn
 .text.get_ground_conn
                0x2001bb74       0xa0 ./src/sub-systemCode/Global/GlobalParam.o
                0x2001bb74                get_ground_conn
 .text.IsisAntS_getStatusData_sideA
                0x2001bc14       0x3c ./src/sub-systemCode/Global/OnlineTM.o
                0x2001bc14                IsisAntS_getStatusData_sideA
 .text.IsisAntS_getAlltelemetry_sideA
                0x2001bc50       0x3c ./src/sub-systemCode/Global/OnlineTM.o
                0x2001bc50                IsisAntS_getAlltelemetry_sideA
 .text.IsisAntS_getTemperature_sideA
                0x2001bc8c       0x3c ./src/sub-systemCode/Global/OnlineTM.o
                0x2001bc8c                IsisAntS_getTemperature_sideA
 .text.IsisAntS_getStatusData_sideB
                0x2001bcc8       0x3c ./src/sub-systemCode/Global/OnlineTM.o
                0x2001bcc8                IsisAntS_getStatusData_sideB
 .text.IsisAntS_getAlltelemetry_sideB
                0x2001bd04       0x3c ./src/sub-systemCode/Global/OnlineTM.o
                0x2001bd04                IsisAntS_getAlltelemetry_sideB
 .text.IsisAntS_getTemperature_sideB
                0x2001bd40       0x3c ./src/sub-systemCode/Global/OnlineTM.o
                0x2001bd40                IsisAntS_getTemperature_sideB
 .text.get_item_by_index
                0x2001bd7c       0xd8 ./src/sub-systemCode/Global/OnlineTM.o
                0x2001bd7c                get_item_by_index
 .text.init_onlineParam
                0x2001be54      0xc80 ./src/sub-systemCode/Global/OnlineTM.o
                0x2001be54                init_onlineParam
 .text.reset_offline_TM_list
                0x2001cad4       0x50 ./src/sub-systemCode/Global/OnlineTM.o
                0x2001cad4                reset_offline_TM_list
 .text.get_online_packet
                0x2001cb24      0x254 ./src/sub-systemCode/Global/OnlineTM.o
                0x2001cb24                get_online_packet
 .text.add_onlineTM_param_to_save_list
                0x2001cd78      0x214 ./src/sub-systemCode/Global/OnlineTM.o
                0x2001cd78                add_onlineTM_param_to_save_list
 .text.delete_allTMFilesFromSD
                0x2001cf8c       0xf8 ./src/sub-systemCode/Global/TLM_management.o
                0x2001cf8c                delete_allTMFilesFromSD
 .text.getNumOfFilesInFS
                0x2001d084       0x44 ./src/sub-systemCode/Global/TLM_management.o
 .text.setNumOfFilesInFS
                0x2001d0c8       0x50 ./src/sub-systemCode/Global/TLM_management.o
 .text.f_managed_enterFS
                0x2001d118       0x24 ./src/sub-systemCode/Global/TLM_management.o
                0x2001d118                f_managed_enterFS
 .text.f_managed_releaseFS
                0x2001d13c       0x18 ./src/sub-systemCode/Global/TLM_management.o
                0x2001d13c                f_managed_releaseFS
 .text.f_managed_open
                0x2001d154       0x3c ./src/sub-systemCode/Global/TLM_management.o
                0x2001d154                f_managed_open
 .text.f_managed_close
                0x2001d190       0x2c ./src/sub-systemCode/Global/TLM_management.o
                0x2001d190                f_managed_close
 .text.InitializeFS
                0x2001d1bc      0x188 ./src/sub-systemCode/Global/TLM_management.o
                0x2001d1bc                InitializeFS
 .text.c_fileCreate
                0x2001d344       0xf4 ./src/sub-systemCode/Global/TLM_management.o
                0x2001d344                c_fileCreate
 .text.writewithEpochtime
                0x2001d438       0x9c ./src/sub-systemCode/Global/TLM_management.o
 .text.get_C_FILE_struct
                0x2001d4d4      0x104 ./src/sub-systemCode/Global/TLM_management.o
 .text.getFileIndex
                0x2001d5d8       0x4c ./src/sub-systemCode/Global/TLM_management.o
 .text.get_file_name_by_index
                0x2001d624       0x54 ./src/sub-systemCode/Global/TLM_management.o
                0x2001d624                get_file_name_by_index
 .text.c_fileReset
                0x2001d678       0xbc ./src/sub-systemCode/Global/TLM_management.o
                0x2001d678                c_fileReset
 .text.c_fileWrite
                0x2001d734      0x138 ./src/sub-systemCode/Global/TLM_management.o
                0x2001d734                c_fileWrite
 .text.c_fileRead
                0x2001d86c      0x2bc ./src/sub-systemCode/Global/TLM_management.o
                0x2001d86c                c_fileRead
 .text.WriteLog
                0x2001db28       0x94 ./src/sub-systemCode/Global/logger.o
                0x2001db28                WriteLog
 .text.WritePayloadLog
                0x2001dbbc       0x54 ./src/sub-systemCode/Global/logger.o
                0x2001dbbc                WritePayloadLog
 .text.reset_APRS_list
                0x2001dc10       0xa4 ./src/sub-systemCode/COMM/APRS.o
                0x2001dc10                reset_APRS_list
 .text.send_APRS_Dump
                0x2001dcb4      0x1c0 ./src/sub-systemCode/COMM/APRS.o
                0x2001dcb4                send_APRS_Dump
 .text.check_APRS
                0x2001de74      0x1a4 ./src/sub-systemCode/COMM/APRS.o
                0x2001de74                check_APRS
 .text.get_APRS_list
                0x2001e018       0x88 ./src/sub-systemCode/COMM/APRS.o
                0x2001e018                get_APRS_list
 .text.find_CMD_in_list
                0x2001e0a0       0x7c ./src/sub-systemCode/COMM/DelayedCommand_list.o
                0x2001e0a0                find_CMD_in_list
 .text.find_empty_in_list
                0x2001e11c       0x74 ./src/sub-systemCode/COMM/DelayedCommand_list.o
                0x2001e11c                find_empty_in_list
 .text.check_delayCommandTime
                0x2001e190       0x8c ./src/sub-systemCode/COMM/DelayedCommand_list.o
                0x2001e190                check_delayCommandTime
 .text.execute_delayedCommand
                0x2001e21c       0x64 ./src/sub-systemCode/COMM/DelayedCommand_list.o
                0x2001e21c                execute_delayedCommand
 .text.check_delaycommand
                0x2001e280      0x170 ./src/sub-systemCode/COMM/DelayedCommand_list.o
                0x2001e280                check_delaycommand
 .text.reset_delayCommand
                0x2001e3f0       0x8c ./src/sub-systemCode/COMM/DelayedCommand_list.o
                0x2001e3f0                reset_delayCommand
 .text.add_delayCommand
                0x2001e47c      0x1a4 ./src/sub-systemCode/COMM/DelayedCommand_list.o
                0x2001e47c                add_delayCommand
 .text.get_delayCommand_list
                0x2001e620       0x80 ./src/sub-systemCode/COMM/DelayedCommand_list.o
                0x2001e620                get_delayCommand_list
 .text.EmptyOldestCommand
                0x2001e6a0       0xfc ./src/sub-systemCode/COMM/DelayedCommand_list.o
                0x2001e6a0                EmptyOldestCommand
 .text.decode_TCpacket
                0x2001e79c      0x16c ./src/sub-systemCode/COMM/GSC.o
                0x2001e79c                decode_TCpacket
 .text.encode_TCpacket
                0x2001e908      0x114 ./src/sub-systemCode/COMM/GSC.o
                0x2001e908                encode_TCpacket
 .text.encode_TMpacket
                0x2001ea1c      0x104 ./src/sub-systemCode/COMM/GSC.o
                0x2001ea1c                encode_TMpacket
 .text.build_raw_ACK
                0x2001eb20       0xbc ./src/sub-systemCode/COMM/GSC.o
                0x2001eb20                build_raw_ACK
 .text.build_data_field_ACK
                0x2001ebdc       0x74 ./src/sub-systemCode/COMM/GSC.o
                0x2001ebdc                build_data_field_ACK
 .text.toggle_idle_state
                0x2001ec50       0x64 ./src/sub-systemCode/COMM/TRXVU.o
                0x2001ec50                toggle_idle_state
 .text.TRXVU_init_hardWare
                0x2001ecb4       0x98 ./src/sub-systemCode/COMM/TRXVU.o
                0x2001ecb4                TRXVU_init_hardWare
 .text.TRXVU_init_softWare
                0x2001ed4c      0x1a4 ./src/sub-systemCode/COMM/TRXVU.o
                0x2001ed4c                TRXVU_init_softWare
 .text.init_trxvu
                0x2001eef0       0x14 ./src/sub-systemCode/COMM/TRXVU.o
                0x2001eef0                init_trxvu
 .text.TRXVU_task
                0x2001ef04       0x9c ./src/sub-systemCode/COMM/TRXVU.o
                0x2001ef04                TRXVU_task
 .text.dump_logic
                0x2001efa0      0x324 ./src/sub-systemCode/COMM/TRXVU.o
                0x2001efa0                dump_logic
 .text.Dump_task
                0x2001f2c4      0x16c ./src/sub-systemCode/COMM/TRXVU.o
                0x2001f2c4                Dump_task
 .text.transponder_logic
                0x2001f430       0xbc ./src/sub-systemCode/COMM/TRXVU.o
                0x2001f430                transponder_logic
 .text.Transponder_task
                0x2001f4ec      0x1f4 ./src/sub-systemCode/COMM/TRXVU.o
                0x2001f4ec                Transponder_task
 .text.lookForRequestToDelete_transponder
                0x2001f6e0       0xac ./src/sub-systemCode/COMM/TRXVU.o
                0x2001f6e0                lookForRequestToDelete_transponder
 .text.lookForRequestToDelete_dump
                0x2001f78c       0x7c ./src/sub-systemCode/COMM/TRXVU.o
                0x2001f78c                lookForRequestToDelete_dump
 .text.sendRequestToStop_dump
                0x2001f808       0x8c ./src/sub-systemCode/COMM/TRXVU.o
                0x2001f808                sendRequestToStop_dump
 .text.sendRequestToStop_transponder
                0x2001f894       0x98 ./src/sub-systemCode/COMM/TRXVU.o
                0x2001f894                sendRequestToStop_transponder
 .text.Rx_logic
                0x2001f92c      0x184 ./src/sub-systemCode/COMM/TRXVU.o
                0x2001f92c                Rx_logic
 .text.pass_above_Ground
                0x2001fab0      0x104 ./src/sub-systemCode/COMM/TRXVU.o
                0x2001fab0                pass_above_Ground
 .text.trxvu_logic
                0x2001fbb4       0x1c ./src/sub-systemCode/COMM/TRXVU.o
                0x2001fbb4                trxvu_logic
 .text.Beacon_task
                0x2001fbd0      0x170 ./src/sub-systemCode/COMM/TRXVU.o
                0x2001fbd0                Beacon_task
 .text.buildAndSend_beacon
                0x2001fd40      0x604 ./src/sub-systemCode/COMM/TRXVU.o
                0x2001fd40                buildAndSend_beacon
 .text.reset_FRAM_TRXVU
                0x20020344      0x160 ./src/sub-systemCode/COMM/TRXVU.o
                0x20020344                reset_FRAM_TRXVU
 .text.TRX_sendFrame
                0x200204a4      0x1c0 ./src/sub-systemCode/COMM/TRXVU.o
                0x200204a4                TRX_sendFrame
 .text.TRX_getFrameData
                0x20020664      0x128 ./src/sub-systemCode/COMM/TRXVU.o
                0x20020664                TRX_getFrameData
 .text.mute_Tx  0x2002078c       0x20 ./src/sub-systemCode/COMM/TRXVU.o
                0x2002078c                mute_Tx
 .text.unmute_Tx
                0x200207ac       0x60 ./src/sub-systemCode/COMM/TRXVU.o
                0x200207ac                unmute_Tx
 .text.check_time_off_mute
                0x2002080c       0x88 ./src/sub-systemCode/COMM/TRXVU.o
                0x2002080c                check_time_off_mute
 .text.set_mute_time
                0x20020894       0xb4 ./src/sub-systemCode/COMM/TRXVU.o
                0x20020894                set_mute_time
 .text.change_TRXVU_state
                0x20020948       0xd0 ./src/sub-systemCode/COMM/TRXVU.o
                0x20020948                change_TRXVU_state
 .text.change_trans_RSSI
                0x20020a18       0x60 ./src/sub-systemCode/COMM/TRXVU.o
                0x20020a18                change_trans_RSSI
 .text.init_adcs
                0x20020a78      0x104 ./src/sub-systemCode/ADCS/ADCS.o
                0x20020a78                init_adcs
 .text.telemtryStart
                0x20020b7c      0x16c ./src/sub-systemCode/ADCS/Stage_Table.o
                0x20020b7c                telemtryStart
 .text.powerStart
                0x20020ce8       0x5c ./src/sub-systemCode/ADCS/Stage_Table.o
                0x20020ce8                powerStart
 .text.createTable
                0x20020d44       0xb4 ./src/sub-systemCode/ADCS/Stage_Table.o
                0x20020d44                createTable
 .text.buildControlMode
                0x20020df8       0x60 ./src/sub-systemCode/ADCS/Stage_Table.o
                0x20020df8                buildControlMode
 .text.Check_Table
                0x20020e58      0x178 ./src/sub-systemCode/ADCS/Stage_Table.o
                0x20020e58                Check_Table
 .text.updateTable
                0x20020fd0      0x1f0 ./src/sub-systemCode/ADCS/Stage_Table.o
                0x20020fd0                updateTable
 .text.translateCommandFULL
                0x200211c0       0x78 ./src/sub-systemCode/ADCS/Stage_Table.o
                0x200211c0                translateCommandFULL
 .text.getTableTo
                0x20021238       0x64 ./src/sub-systemCode/ADCS/Stage_Table.o
                0x20021238                getTableTo
 .text.save_time
                0x2002129c       0x9c ./src/main.o
                0x2002129c                save_time
 .text.Command_logic
                0x20021338       0x6c ./src/main.o
                0x20021338                Command_logic
 .text.taskMain
                0x200213a4       0x74 ./src/main.o
                0x200213a4                taskMain
 .text.main     0x20021418       0xbc ./src/main.o
                0x20021418                main
 .text.GomEpsInitialize
                0x200214d4      0x148 C:/HOOPOE3/satellite-subsystems/demo/..//satellite-subsystems/lib\libSatelliteSubsystemsD.a(GomEPS.o)
                0x200214d4                GomEpsInitialize
 .text.makeEPStransfer
                0x2002161c       0x3c C:/HOOPOE3/satellite-subsystems/demo/..//satellite-subsystems/lib\libSatelliteSubsystemsD.a(GomEPS.o)
 .text.GomEpsPing
                0x20021658       0xf8 C:/HOOPOE3/satellite-subsystems/demo/..//satellite-subsystems/lib\libSatelliteSubsystemsD.a(GomEPS.o)
                0x20021658                GomEpsPing
 .text.GomEpsSoftReset
                0x20021750       0xc4 C:/HOOPOE3/satellite-subsystems/demo/..//satellite-subsystems/lib\libSatelliteSubsystemsD.a(GomEPS.o)
                0x20021750                GomEpsSoftReset
 .text.GomEpsHardReset
                0x20021814       0xa8 C:/HOOPOE3/satellite-subsystems/demo/..//satellite-subsystems/lib\libSatelliteSubsystemsD.a(GomEPS.o)
                0x20021814                GomEpsHardReset
 .text.GomEpsGetHkData_param
                0x200218bc      0x29c C:/HOOPOE3/satellite-subsystems/demo/..//satellite-subsystems/lib\libSatelliteSubsystemsD.a(GomEPS.o)
                0x200218bc                GomEpsGetHkData_param
 .text.GomEpsGetHkData_general
                0x20021b58      0x45c C:/HOOPOE3/satellite-subsystems/demo/..//satellite-subsystems/lib\libSatelliteSubsystemsD.a(GomEPS.o)
                0x20021b58                GomEpsGetHkData_general
 .text.GomEpsGetHkData_vi
                0x20021fb4      0x188 C:/HOOPOE3/satellite-subsystems/demo/..//satellite-subsystems/lib\libSatelliteSubsystemsD.a(GomEPS.o)
                0x20021fb4                GomEpsGetHkData_vi
 .text.GomEpsGetHkData_out
                0x2002213c      0x21c C:/HOOPOE3/satellite-subsystems/demo/..//satellite-subsystems/lib\libSatelliteSubsystemsD.a(GomEPS.o)
                0x2002213c                GomEpsGetHkData_out
 .text.GomEpsGetHkData_wdt
                0x20022358      0x2b4 C:/HOOPOE3/satellite-subsystems/demo/..//satellite-subsystems/lib\libSatelliteSubsystemsD.a(GomEPS.o)
                0x20022358                GomEpsGetHkData_wdt
 .text.GomEpsGetHkData_basic
                0x2002260c      0x22c C:/HOOPOE3/satellite-subsystems/demo/..//satellite-subsystems/lib\libSatelliteSubsystemsD.a(GomEPS.o)
                0x2002260c                GomEpsGetHkData_basic
 .text.GomEpsSetOutput
                0x20022838       0xbc C:/HOOPOE3/satellite-subsystems/demo/..//satellite-subsystems/lib\libSatelliteSubsystemsD.a(GomEPS.o)
                0x20022838                GomEpsSetOutput
 .text.GomEpsResetWDT
                0x200228f4       0xc4 C:/HOOPOE3/satellite-subsystems/demo/..//satellite-subsystems/lib\libSatelliteSubsystemsD.a(GomEPS.o)
                0x200228f4                GomEpsResetWDT
 .text.GomEpsConfigGet
                0x200229b8      0x16c C:/HOOPOE3/satellite-subsystems/demo/..//satellite-subsystems/lib\libSatelliteSubsystemsD.a(GomEPS.o)
                0x200229b8                GomEpsConfigGet
 .text.GomEpsConfigSet
                0x20022b24      0x184 C:/HOOPOE3/satellite-subsystems/demo/..//satellite-subsystems/lib\libSatelliteSubsystemsD.a(GomEPS.o)
                0x20022b24                GomEpsConfigSet
 .text.GomEpsConfig2Get
                0x20022ca8      0x16c C:/HOOPOE3/satellite-subsystems/demo/..//satellite-subsystems/lib\libSatelliteSubsystemsD.a(GomEPS.o)
                0x20022ca8                GomEpsConfig2Get
 .text.makeAntStransfer
                0x20022e14       0x4c C:/HOOPOE3/satellite-subsystems/demo/..//satellite-subsystems/lib\libSatelliteSubsystemsD.a(IsisAntS.o)
 .text.checkInputsValid
                0x20022e60       0x7c C:/HOOPOE3/satellite-subsystems/demo/..//satellite-subsystems/lib\libSatelliteSubsystemsD.a(IsisAntS.o)
 .text.IsisAntS_setArmStatus
                0x20022edc      0x104 C:/HOOPOE3/satellite-subsystems/demo/..//satellite-subsystems/lib\libSatelliteSubsystemsD.a(IsisAntS.o)
                0x20022edc                IsisAntS_setArmStatus
 .text.IsisAntS_getStatusData
                0x20022fe0      0x120 C:/HOOPOE3/satellite-subsystems/demo/..//satellite-subsystems/lib\libSatelliteSubsystemsD.a(IsisAntS.o)
                0x20022fe0                IsisAntS_getStatusData
 .text.IsisAntS_getTemperature
                0x20023100      0x120 C:/HOOPOE3/satellite-subsystems/demo/..//satellite-subsystems/lib\libSatelliteSubsystemsD.a(IsisAntS.o)
                0x20023100                IsisAntS_getTemperature
 .text.IsisAntS_getAlltelemetry
                0x20023220      0x120 C:/HOOPOE3/satellite-subsystems/demo/..//satellite-subsystems/lib\libSatelliteSubsystemsD.a(IsisAntS.o)
                0x20023220                IsisAntS_getAlltelemetry
 .text.IsisAntS_reset
                0x20023340      0x104 C:/HOOPOE3/satellite-subsystems/demo/..//satellite-subsystems/lib\libSatelliteSubsystemsD.a(IsisAntS.o)
                0x20023340                IsisAntS_reset
 .text.IsisSolarPanelv2_initialize
                0x20023444       0xb4 C:/HOOPOE3/satellite-subsystems/demo/..//satellite-subsystems/lib\libSatelliteSubsystemsD.a(IsisSolarPanelv2.o)
                0x20023444                IsisSolarPanelv2_initialize
 .text.IsisSolarPanelv2_getTemperature
                0x200234f8       0xc8 C:/HOOPOE3/satellite-subsystems/demo/..//satellite-subsystems/lib\libSatelliteSubsystemsD.a(IsisSolarPanelv2.o)
                0x200234f8                IsisSolarPanelv2_getTemperature
 .text.IsisSolarPanelv2_sleep
                0x200235c0       0xbc C:/HOOPOE3/satellite-subsystems/demo/..//satellite-subsystems/lib\libSatelliteSubsystemsD.a(IsisSolarPanelv2.o)
                0x200235c0                IsisSolarPanelv2_sleep
 .text.IsisSolarPanelv2_wakeup
                0x2002367c       0x80 C:/HOOPOE3/satellite-subsystems/demo/..//satellite-subsystems/lib\libSatelliteSubsystemsD.a(IsisSolarPanelv2.o)
                0x2002367c                IsisSolarPanelv2_wakeup
 .text._Reset   0x200236fc       0x20 C:/HOOPOE3/satellite-subsystems/demo/..//satellite-subsystems/lib\libSatelliteSubsystemsD.a(IsisSolarPanelv2.o)
 .text._WaitForStartup
                0x2002371c       0x90 C:/HOOPOE3/satellite-subsystems/demo/..//satellite-subsystems/lib\libSatelliteSubsystemsD.a(IsisSolarPanelv2.o)
 .text._AssignAllChannels
                0x200237ac       0x90 C:/HOOPOE3/satellite-subsystems/demo/..//satellite-subsystems/lib\libSatelliteSubsystemsD.a(IsisSolarPanelv2.o)
 .text._AssignThisChannel
                0x2002383c       0xe8 C:/HOOPOE3/satellite-subsystems/demo/..//satellite-subsystems/lib\libSatelliteSubsystemsD.a(IsisSolarPanelv2.o)
 .text._InitiateConversion
                0x20023924       0xac C:/HOOPOE3/satellite-subsystems/demo/..//satellite-subsystems/lib\libSatelliteSubsystemsD.a(IsisSolarPanelv2.o)
 .text._WaitForConversionComplete
                0x200239d0      0x100 C:/HOOPOE3/satellite-subsystems/demo/..//satellite-subsystems/lib\libSatelliteSubsystemsD.a(IsisSolarPanelv2.o)
 .text._ReadResult
                0x20023ad0      0x158 C:/HOOPOE3/satellite-subsystems/demo/..//satellite-subsystems/lib\libSatelliteSubsystemsD.a(IsisSolarPanelv2.o)
 .text._ExtractByte
                0x20023c28       0x38 C:/HOOPOE3/satellite-subsystems/demo/..//satellite-subsystems/lib\libSatelliteSubsystemsD.a(IsisSolarPanelv2.o)
 .text._ExtendSign
                0x20023c60       0x6c C:/HOOPOE3/satellite-subsystems/demo/..//satellite-subsystems/lib\libSatelliteSubsystemsD.a(IsisSolarPanelv2.o)
 .text._PinsInit
                0x20023ccc       0x50 C:/HOOPOE3/satellite-subsystems/demo/..//satellite-subsystems/lib\libSatelliteSubsystemsD.a(IsisSolarPanelv2.o)
 .text._SpiWriteRead
                0x20023d1c       0x70 C:/HOOPOE3/satellite-subsystems/demo/..//satellite-subsystems/lib\libSatelliteSubsystemsD.a(IsisSolarPanelv2.o)
 .text.IsisTrxvu_initialize
                0x20023d8c      0x2f4 C:/HOOPOE3/satellite-subsystems/demo/..//satellite-subsystems/lib\libSatelliteSubsystemsD.a(IsisTRXVU.o)
                0x20023d8c                IsisTrxvu_initialize
 .text.makeTRXVUtransfer
                0x20024080       0x44 C:/HOOPOE3/satellite-subsystems/demo/..//satellite-subsystems/lib\libSatelliteSubsystemsD.a(IsisTRXVU.o)
 .text.IsisTrxvu_componentSoftReset
                0x200240c4       0x6c C:/HOOPOE3/satellite-subsystems/demo/..//satellite-subsystems/lib\libSatelliteSubsystemsD.a(IsisTRXVU.o)
                0x200240c4                IsisTrxvu_componentSoftReset
 .text.IsisTrxvu_componentHardReset
                0x20024130       0xc8 C:/HOOPOE3/satellite-subsystems/demo/..//satellite-subsystems/lib\libSatelliteSubsystemsD.a(IsisTRXVU.o)
                0x20024130                IsisTrxvu_componentHardReset
 .text.IsisTrxvu_softReset
                0x200241f8       0x74 C:/HOOPOE3/satellite-subsystems/demo/..//satellite-subsystems/lib\libSatelliteSubsystemsD.a(IsisTRXVU.o)
                0x200241f8                IsisTrxvu_softReset
 .text.IsisTrxvu_hardReset
                0x2002426c       0x74 C:/HOOPOE3/satellite-subsystems/demo/..//satellite-subsystems/lib\libSatelliteSubsystemsD.a(IsisTRXVU.o)
                0x2002426c                IsisTrxvu_hardReset
 .text.IsisTrxvu_tcSendAX25DefClSign
                0x200242e0       0xec C:/HOOPOE3/satellite-subsystems/demo/..//satellite-subsystems/lib\libSatelliteSubsystemsD.a(IsisTRXVU.o)
                0x200242e0                IsisTrxvu_tcSendAX25DefClSign
 .text.IsisTrxvu_tcSetIdlestate
                0x200243cc       0xa4 C:/HOOPOE3/satellite-subsystems/demo/..//satellite-subsystems/lib\libSatelliteSubsystemsD.a(IsisTRXVU.o)
                0x200243cc                IsisTrxvu_tcSetIdlestate
 .text.IsisTrxvu_tcSetAx25Bitrate
                0x20024470       0xc4 C:/HOOPOE3/satellite-subsystems/demo/..//satellite-subsystems/lib\libSatelliteSubsystemsD.a(IsisTRXVU.o)
                0x20024470                IsisTrxvu_tcSetAx25Bitrate
 .text.IsisTrxvu_tcGetTelemetryAll
                0x20024534       0xd0 C:/HOOPOE3/satellite-subsystems/demo/..//satellite-subsystems/lib\libSatelliteSubsystemsD.a(IsisTRXVU.o)
                0x20024534                IsisTrxvu_tcGetTelemetryAll
 .text.IsisTrxvu_tcGetTelemetryAll_revC
                0x20024604       0xd0 C:/HOOPOE3/satellite-subsystems/demo/..//satellite-subsystems/lib\libSatelliteSubsystemsD.a(IsisTRXVU.o)
                0x20024604                IsisTrxvu_tcGetTelemetryAll_revC
 .text.IsisTrxvu_rcGetFrameCount
                0x200246d4       0xa0 C:/HOOPOE3/satellite-subsystems/demo/..//satellite-subsystems/lib\libSatelliteSubsystemsD.a(IsisTRXVU.o)
                0x200246d4                IsisTrxvu_rcGetFrameCount
 .text.IsisTrxvu_rcGetCommandFrame
                0x20024774      0x2d8 C:/HOOPOE3/satellite-subsystems/demo/..//satellite-subsystems/lib\libSatelliteSubsystemsD.a(IsisTRXVU.o)
                0x20024774                IsisTrxvu_rcGetCommandFrame
 .text.IsisTrxvu_rcGetTelemetryAll
                0x20024a4c       0xd0 C:/HOOPOE3/satellite-subsystems/demo/..//satellite-subsystems/lib\libSatelliteSubsystemsD.a(IsisTRXVU.o)
                0x20024a4c                IsisTrxvu_rcGetTelemetryAll
 .text.IsisTrxvu_rcGetTelemetryAll_revC
                0x20024b1c       0xec C:/HOOPOE3/satellite-subsystems/demo/..//satellite-subsystems/lib\libSatelliteSubsystemsD.a(IsisTRXVU.o)
                0x20024b1c                IsisTrxvu_rcGetTelemetryAll_revC
 .text.cspaceADCS_initialize
                0x20024c08      0x18c C:/HOOPOE3/satellite-subsystems/demo/..//satellite-subsystems/lib\libSatelliteSubsystemsD.a(cspaceADCS.o)
                0x20024c08                cspaceADCS_initialize
 .text.make_cspaceADCStransfer
                0x20024d94      0x1b4 C:/HOOPOE3/satellite-subsystems/demo/..//satellite-subsystems/lib\libSatelliteSubsystemsD.a(cspaceADCS.o)
 .text.cspaceADCS_componentReset
                0x20024f48       0xbc C:/HOOPOE3/satellite-subsystems/demo/..//satellite-subsystems/lib\libSatelliteSubsystemsD.a(cspaceADCS.o)
                0x20024f48                cspaceADCS_componentReset
 .text.cspaceADCS_setRunMode
                0x20025004       0xbc C:/HOOPOE3/satellite-subsystems/demo/..//satellite-subsystems/lib\libSatelliteSubsystemsD.a(cspaceADCS.o)
                0x20025004                cspaceADCS_setRunMode
 .text.cspaceADCS_setPwrCtrlDevice
                0x200250c0       0xd0 C:/HOOPOE3/satellite-subsystems/demo/..//satellite-subsystems/lib\libSatelliteSubsystemsD.a(cspaceADCS.o)
                0x200250c0                cspaceADCS_setPwrCtrlDevice
 .text.cspaceADCS_setAttCtrlMode
                0x20025190       0xd0 C:/HOOPOE3/satellite-subsystems/demo/..//satellite-subsystems/lib\libSatelliteSubsystemsD.a(cspaceADCS.o)
                0x20025190                cspaceADCS_setAttCtrlMode
 .text.cspaceADCS_setAttEstMode
                0x20025260       0xbc C:/HOOPOE3/satellite-subsystems/demo/..//satellite-subsystems/lib\libSatelliteSubsystemsD.a(cspaceADCS.o)
                0x20025260                cspaceADCS_setAttEstMode
 .text.cspaceADCS_getCurrentState
                0x2002531c       0xc4 C:/HOOPOE3/satellite-subsystems/demo/..//satellite-subsystems/lib\libSatelliteSubsystemsD.a(cspaceADCS.o)
                0x2002531c                cspaceADCS_getCurrentState
 .text.cspaceADCS_getPwrCtrlDevice
                0x200253e0       0xc4 C:/HOOPOE3/satellite-subsystems/demo/..//satellite-subsystems/lib\libSatelliteSubsystemsD.a(cspaceADCS.o)
                0x200253e0                cspaceADCS_getPwrCtrlDevice
 .text.GECKO_Init
                0x200254a4       0x40 C:/HOOPOE3/satellite-subsystems/demo/..//satellite-subsystems/lib\libSatelliteSubsystemsD.a(gecko_driver.o)
                0x200254a4                GECKO_Init
 .text.GECKO_SetReg
                0x200254e4      0x138 C:/HOOPOE3/satellite-subsystems/demo/..//satellite-subsystems/lib\libSatelliteSubsystemsD.a(gecko_driver.o)
                0x200254e4                GECKO_SetReg
 .text.GECKO_GetReg
                0x2002561c      0x110 C:/HOOPOE3/satellite-subsystems/demo/..//satellite-subsystems/lib\libSatelliteSubsystemsD.a(gecko_driver.o)
                0x2002561c                GECKO_GetReg
 .text.GECKO_GetImgData
                0x2002572c       0x5c C:/HOOPOE3/satellite-subsystems/demo/..//satellite-subsystems/lib\libSatelliteSubsystemsD.a(gecko_driver.o)
                0x2002572c                GECKO_GetImgData
 .text.GECKO_StartReadout