Archive member included because of file (symbol)

c:/isis/application/toolchain/bin/../lib/gcc/arm-none-eabi/4.7.4/../../../../arm-none-eabi/lib\libc_s.a(lib_a-vfprintf_float.o)
                              (_printf_float)
c:/isis/application/toolchain/bin/../lib/gcc/arm-none-eabi/4.7.4/../../../../arm-none-eabi/lib\libc_s.a(lib_a-vfprintf_i.o)
                              c:/isis/application/toolchain/bin/../lib/gcc/arm-none-eabi/4.7.4/../../../../arm-none-eabi/lib\libc_s.a(lib_a-vfprintf_float.o) (_printf_common)
c:/isis/application/toolchain/bin/../lib/gcc/arm-none-eabi/4.7.4/../../../../arm-none-eabi/lib\libc_s.a(lib_a-vfscanf_float.o)
                              (_scanf_float)
c:/isis/application/toolchain/bin/../lib/gcc/arm-none-eabi/4.7.4/../../../../arm-none-eabi/lib\libc_s.a(lib_a-dtoa.o)
                              c:/isis/application/toolchain/bin/../lib/gcc/arm-none-eabi/4.7.4/../../../../arm-none-eabi/lib\libc_s.a(lib_a-vfprintf_float.o) (_dtoa_r)
c:/isis/application/toolchain/bin/../lib/gcc/arm-none-eabi/4.7.4/../../../../arm-none-eabi/lib\libc_s.a(lib_a-locale.o)
                              c:/isis/application/toolchain/bin/../lib/gcc/arm-none-eabi/4.7.4/../../../../arm-none-eabi/lib\libc_s.a(lib_a-vfprintf_float.o) (_localeconv_r)
c:/isis/application/toolchain/bin/../lib/gcc/arm-none-eabi/4.7.4/../../../../arm-none-eabi/lib\libc_s.a(lib_a-malloc.o)
                              c:/isis/application/toolchain/bin/../lib/gcc/arm-none-eabi/4.7.4/../../../../arm-none-eabi/lib\libc_s.a(lib_a-dtoa.o) (malloc)
c:/isis/application/toolchain/bin/../lib/gcc/arm-none-eabi/4.7.4/../../../../arm-none-eabi/lib\libc_s.a(lib_a-mallocr.o)
                              c:/isis/application/toolchain/bin/../lib/gcc/arm-none-eabi/4.7.4/../../../../arm-none-eabi/lib\libc_s.a(lib_a-malloc.o) (_malloc_r)
c:/isis/application/toolchain/bin/../lib/gcc/arm-none-eabi/4.7.4/../../../../arm-none-eabi/lib\libc_s.a(lib_a-memcpy.o)
                              c:/isis/application/toolchain/bin/../lib/gcc/arm-none-eabi/4.7.4/../../../../arm-none-eabi/lib\libc_s.a(lib_a-dtoa.o) (memcpy)
c:/isis/application/toolchain/bin/../lib/gcc/arm-none-eabi/4.7.4/../../../../arm-none-eabi/lib\libc_s.a(lib_a-mprec.o)
                              c:/isis/application/toolchain/bin/../lib/gcc/arm-none-eabi/4.7.4/../../../../arm-none-eabi/lib\libc_s.a(lib_a-dtoa.o) (_Balloc)
c:/isis/application/toolchain/bin/../lib/gcc/arm-none-eabi/4.7.4/../../../../arm-none-eabi/lib\libc_s.a(lib_a-s_fpclassify.o)
                              c:/isis/application/toolchain/bin/../lib/gcc/arm-none-eabi/4.7.4/../../../../arm-none-eabi/lib\libc_s.a(lib_a-vfprintf_float.o) (__fpclassifyd)
c:/isis/application/toolchain/bin/../lib/gcc/arm-none-eabi/4.7.4/../../../../arm-none-eabi/lib\libc_s.a(lib_a-sbrkr.o)
                              c:/isis/application/toolchain/bin/../lib/gcc/arm-none-eabi/4.7.4/../../../../arm-none-eabi/lib\libc_s.a(lib_a-mallocr.o) (_sbrk_r)
c:/isis/application/toolchain/bin/../lib/gcc/arm-none-eabi/4.7.4/../../../../arm-none-eabi/lib\libc_s.a(lib_a-sf_nan.o)
                              c:/isis/application/toolchain/bin/../lib/gcc/arm-none-eabi/4.7.4/../../../../arm-none-eabi/lib\libc_s.a(lib_a-vfscanf_float.o) (nanf)
c:/isis/application/toolchain/bin/../lib/gcc/arm-none-eabi/4.7.4/../../../../arm-none-eabi/lib\libc_s.a(lib_a-sprintf.o)
                              c:/isis/application/toolchain/bin/../lib/gcc/arm-none-eabi/4.7.4/../../../../arm-none-eabi/lib\libc_s.a(lib_a-vfscanf_float.o) (sprintf)
c:/isis/application/toolchain/bin/../lib/gcc/arm-none-eabi/4.7.4/../../../../arm-none-eabi/lib\libc_s.a(lib_a-strcmp.o)
                              c:/isis/application/toolchain/bin/../lib/gcc/arm-none-eabi/4.7.4/../../../../arm-none-eabi/lib\libc_s.a(lib_a-locale.o) (strcmp)
c:/isis/application/toolchain/bin/../lib/gcc/arm-none-eabi/4.7.4/../../../../arm-none-eabi/lib\libc_s.a(lib_a-strlen.o)
                              c:/isis/application/toolchain/bin/../lib/gcc/arm-none-eabi/4.7.4/../../../../arm-none-eabi/lib\libc_s.a(lib_a-vfprintf_float.o) (strlen)
c:/isis/application/toolchain/bin/../lib/gcc/arm-none-eabi/4.7.4/../../../../arm-none-eabi/lib\libc_s.a(lib_a-strtod.o)
                              c:/isis/application/toolchain/bin/../lib/gcc/arm-none-eabi/4.7.4/../../../../arm-none-eabi/lib\libc_s.a(lib_a-vfscanf_float.o) (_strtod_r)
c:/isis/application/toolchain/bin/../lib/gcc/arm-none-eabi/4.7.4/../../../../arm-none-eabi/lib\libc_s.a(lib_a-strtol.o)
                              c:/isis/application/toolchain/bin/../lib/gcc/arm-none-eabi/4.7.4/../../../../arm-none-eabi/lib\libc_s.a(lib_a-vfscanf_float.o) (_strtol_r)
c:/isis/application/toolchain/bin/../lib/gcc/arm-none-eabi/4.7.4/../../../../arm-none-eabi/lib\libc_s.a(lib_a-svfprintf.o)
                              c:/isis/application/toolchain/bin/../lib/gcc/arm-none-eabi/4.7.4/../../../../arm-none-eabi/lib\libc_s.a(lib_a-sprintf.o) (_svfprintf_r)
[...]
Memory Configuration

Name             Origin             Length             Attributes
sram0            0x00200000         0x00004000         w !xr
sram1            0x00300000         0x00004000         w !xr
sdram            0x20000000         0x02000000         w !xr
*default*        0x00000000         0xffffffff

Linker script and memory map

LOAD c:/isis/application/toolchain/bin/../lib/gcc/arm-none-eabi/4.7.4/../../../../arm-none-eabi/lib\libc_s.a
LOAD ./src/sub-systemCode/payload/Request Management/Dump/Butchering.o
LOAD ./src/sub-systemCode/payload/Request Management/Dump/imageDump.o
LOAD ./src/sub-systemCode/payload/Request Management/CameraManeger.o
LOAD ./src/sub-systemCode/payload/Request Management/DB_RequestHandling.o
LOAD ./src/sub-systemCode/payload/Misc/Boolean_bit.o
LOAD ./src/sub-systemCode/payload/Misc/FileSystem.o
LOAD ./src/sub-systemCode/payload/Drivers/GeckoCameraDriver.o
LOAD ./src/sub-systemCode/payload/DataBase/DataBase.o
LOAD ./src/sub-systemCode/payload/Compression/jpeg/bmp/rawToBMP.o
LOAD ./src/sub-systemCode/payload/Compression/jpeg/DCT.o
LOAD ./src/sub-systemCode/payload/Compression/jpeg/ImgCompressor.o
LOAD ./src/sub-systemCode/payload/Compression/jpeg/color_conv.o
LOAD ./src/sub-systemCode/payload/Compression/jpeg/jpeg.o
LOAD ./src/sub-systemCode/payload/Compression/jpeg/jpeg_encoder.o
LOAD ./src/sub-systemCode/payload/Compression/jpeg/jpeg_memory_alloc.o
LOAD ./src/sub-systemCode/payload/Compression/jpeg/jpeg_params.o
LOAD ./src/sub-systemCode/payload/Compression/jpeg/output_stream.o
LOAD ./src/sub-systemCode/payload/Compression/ImageConversion.o
LOAD ./src/sub-systemCode/Main/CMD/ADCS_CMD.o
LOAD ./src/sub-systemCode/Main/CMD/COMM_CMD.o
LOAD ./src/sub-systemCode/Main/CMD/EPS_CMD.o
LOAD ./src/sub-systemCode/Main/CMD/General_CMD.o
LOAD ./src/sub-systemCode/Main/CMD/SW_CMD.o
LOAD ./src/sub-systemCode/Main/CMD/payload_CMD.o
LOAD ./src/sub-systemCode/Main/Ants.o
LOAD ./src/sub-systemCode/Main/EPS.o
LOAD ./src/sub-systemCode/Main/HouseKeeping.o
LOAD ./src/sub-systemCode/Main/Main_Init.o
LOAD ./src/sub-systemCode/Main/commands.o
LOAD ./src/sub-systemCode/Global/GenericTaskSave.o
LOAD ./src/sub-systemCode/Global/Global.o
LOAD ./src/sub-systemCode/Global/GlobalParam.o
LOAD ./src/sub-systemCode/Global/OnlineTM.o
LOAD ./src/sub-systemCode/Global/TLM_management.o
LOAD ./src/sub-systemCode/Global/freertosExtended.o
LOAD ./src/sub-systemCode/Global/logger.o
LOAD ./src/sub-systemCode/CUF/CUF.o
LOAD ./src/sub-systemCode/CUF/uploadCodeTelemetry.o
LOAD ./src/sub-systemCode/COMM/APRS.o
LOAD ./src/sub-systemCode/COMM/DelayedCommand_list.o
LOAD ./src/sub-systemCode/COMM/GSC.o
LOAD ./src/sub-systemCode/COMM/TRXVU.o
LOAD ./src/sub-systemCode/ADCS/AdcsCommands.o
LOAD ./src/sub-systemCode/ADCS/AdcsGetDataAndTlm.o
LOAD ./src/sub-systemCode/ADCS/AdcsMain.o
LOAD ./src/sub-systemCode/ADCS/AdcsTroubleShooting.o
LOAD ./src/sub-systemCode/ADCS/StateMachine.o
LOAD ./src/main.o
LOAD C:/HOOPOE3/satellite-subsystems/demo/..//satellite-subsystems/lib\libSatelliteSubsystemsD.a
LOAD c:/isis/application/toolchain/bin/../lib/gcc/arm-none-eabi/4.7.4/../../../../arm-none-eabi/lib\libm.a
LOAD C:/HOOPOE3/satellite-subsystems/demo/../..//hal/hcc/lib\libHCCD.a
LOAD C:/HOOPOE3/satellite-subsystems/demo/../..//hal/hal/lib\libHALD.a
LOAD C:/HOOPOE3/satellite-subsystems/demo/../..//hal/freertos/lib\libFreeRTOSD.a
LOAD C:/HOOPOE3/satellite-subsystems/demo/../..//hal/at91/lib\libAt91D.a
START GROUP
LOAD c:/isis/application/toolchain/bin/../lib/gcc/arm-none-eabi/4.7.4\libgcc.a
LOAD c:/isis/application/toolchain/bin/../lib/gcc/arm-none-eabi/4.7.4/../../../../arm-none-eabi/lib\libc_s.a
END GROUP

.fixed          0x20000000    0x5bf20
                0x20000000                . = ALIGN (0x4)
                0x20000000                _sfixed = .
 *(.startup)
 .startup       0x20000000      0x134 C:/HOOPOE3/satellite-subsystems/demo/../..//hal/at91/lib\libAt91D.a(board_cstartup.o)
                0x20000000                entry
 *(.text)
 .text          0x20000134       0x64 C:/HOOPOE3/satellite-subsystems/demo/../..//hal/at91/lib\libAt91D.a(cp15_asm.o)
                0x20000134                _readControlRegister
                0x20000140                _writeControlRegister
                0x20000148                _waitForInterrupt
                0x20000154                _writeTTB
                0x2000015c                _writeDomain
                0x20000164                _writeITLBLockdown
                0x2000016c                _prefetchICacheLine
                0x20000174                _flushDCache
                0x20000180                _flushWriteBuffer
                0x2000018c                _invalidateIDTLBs
 .text          0x20000198      0x114 c:/isis/application/toolchain/bin/../lib/gcc/arm-none-eabi/4.7.4\libgcc.a(_udivsi3.o)
                0x20000198                __aeabi_uidiv
                0x20000198                __udivsi3
                0x2000028c                __aeabi_uidivmod
 .text          0x200002ac      0x148 c:/isis/application/toolchain/bin/../lib/gcc/arm-none-eabi/4.7.4\libgcc.a(_divsi3.o)
                0x200002ac                __divsi3
                0x200002ac                __aeabi_idiv
                0x200003d4                __aeabi_idivmod
 .text          0x200003f4        0x4 c:/isis/application/toolchain/bin/../lib/gcc/arm-none-eabi/4.7.4\libgcc.a(_dvmd_tls.o)
                0x200003f4                __aeabi_idiv0
                0x200003f4                __aeabi_ldiv0
 .text          0x200003f8      0x41c c:/isis/application/toolchain/bin/../lib/gcc/arm-none-eabi/4.7.4\libgcc.a(_arm_addsubdf3.o)
                0x200003f8                __aeabi_drsub
                0x20000400                __aeabi_dsub
                0x20000400                __subdf3
                0x20000404                __aeabi_dadd
                0x20000404                __adddf3
                0x20000714                __floatunsidf
                0x20000714                __aeabi_ui2d
                0x20000738                __floatsidf
                0x20000738                __aeabi_i2d
                0x20000760                __aeabi_f2d
                0x20000760                __extendsfdf2
                0x200007a0                __floatundidf
                0x200007a0                __aeabi_ul2d
                0x200007b4                __floatdidf
                0x200007b4                __aeabi_l2d
 .text          0x20000814      0x49c c:/isis/application/toolchain/bin/../lib/gcc/arm-none-eabi/4.7.4\libgcc.a(_arm_muldivdf3.o)
                0x20000814                __aeabi_dmul
                0x20000814                __muldf3
                0x20000aa4                __divdf3
                0x20000aa4                __aeabi_ddiv
 .text          0x20000cb0      0x144 c:/isis/application/toolchain/bin/../lib/gcc/arm-none-eabi/4.7.4\libgcc.a(_arm_cmpdf2.o)
                0x20000cb0                __gtdf2
                0x20000cb0                __gedf2
                0x20000cb8                __ltdf2
                0x20000cb8                __ledf2
                0x20000cc0                __nedf2
                0x20000cc0                __eqdf2
                0x20000cc0                __cmpdf2
                0x20000d48                __aeabi_cdrcmple
                0x20000d64                __aeabi_cdcmpeq
                0x20000d64                __aeabi_cdcmple
                0x20000d7c                __aeabi_dcmpeq
                0x20000d94                __aeabi_dcmplt
                0x20000dac                __aeabi_dcmple
                0x20000dc4                __aeabi_dcmpge
                0x20000ddc                __aeabi_dcmpgt
 .text          0x20000df4       0x5c c:/isis/application/toolchain/bin/../lib/gcc/arm-none-eabi/4.7.4\libgcc.a(_arm_fixdfsi.o)
                0x20000df4                __aeabi_d2iz
                0x20000df4                __fixdfsi
 .text          0x20000e50       0x54 c:/isis/application/toolchain/bin/../lib/gcc/arm-none-eabi/4.7.4\libgcc.a(_arm_fixunsdfsi.o)
                0x20000e50                __aeabi_d2uiz
                0x20000e50                __fixunsdfsi
 .text          0x20000ea4       0xa0 c:/isis/application/toolchain/bin/../lib/gcc/arm-none-eabi/4.7.4\libgcc.a(_arm_truncdfsf2.o)
                0x20000ea4                __truncdfsf2
                0x20000ea4                __aeabi_d2f
 .text          0x20000f44      0x2ac c:/isis/application/toolchain/bin/../lib/gcc/arm-none-eabi/4.7.4\libgcc.a(_arm_addsubsf3.o)
                0x20000f44                __aeabi_frsub
                0x20000f4c                __subsf3
                0x20000f4c                __aeabi_fsub
                0x20000f50                __aeabi_fadd
                0x20000f50                __addsf3
                0x2000110c                __aeabi_ui2f
                0x2000110c                __floatunsisf
                0x20001114                __aeabi_i2f
                0x20001114                __floatsisf
                0x20001134                __aeabi_ul2f
                0x20001134                __floatundisf
                0x20001144                __aeabi_l2f
                0x20001144                __floatdisf
 .text          0x200011f0      0x2f8 c:/isis/application/toolchain/bin/../lib/gcc/arm-none-eabi/4.7.4\libgcc.a(_arm_muldivsf3.o)
                0x200011f0                __mulsf3
                0x200011f0                __aeabi_fmul
                0x20001388                __aeabi_fdiv
                0x20001388                __divsf3
 .text          0x200014e8      0x114 c:/isis/application/toolchain/bin/../lib/gcc/arm-none-eabi/4.7.4\libgcc.a(_arm_cmpsf2.o)
                0x200014e8                __gesf2
                0x200014e8                __gtsf2
                0x200014f0                __lesf2
                0x200014f0                __ltsf2
                0x200014f8                __nesf2
                0x200014f8                __eqsf2
                0x200014f8                __cmpsf2
                0x2000155c                __aeabi_cfrcmple
                0x2000156c                __aeabi_cfcmpeq
                0x2000156c                __aeabi_cfcmple
                0x20001584                __aeabi_fcmpeq
                0x2000159c                __aeabi_fcmplt
                0x200015b4                __aeabi_fcmple
                0x200015cc                __aeabi_fcmpge
                0x200015e4                __aeabi_fcmpgt
 .text          0x200015fc       0x54 c:/isis/application/toolchain/bin/../lib/gcc/arm-none-eabi/4.7.4\libgcc.a(_arm_fixunssfsi.o)
                0x200015fc                __fixunssfsi
                0x200015fc                __aeabi_f2uiz
 *(.text*)
 .text.__cvt    0x20001650      0x138 c:/isis/application/toolchain/bin/../lib/gcc/arm-none-eabi/4.7.4/../../../../arm-none-eabi/lib\libc_s.a(lib_a-vfprintf_float.o)
                0x20001650                __cvt
 .text.__exponent
                0x20001788       0xa8 c:/isis/application/toolchain/bin/../lib/gcc/arm-none-eabi/4.7.4/../../../../arm-none-eabi/lib\libc_s.a(lib_a-vfprintf_float.o)
                0x20001788                __exponent
 .text._printf_float
                0x20001830      0x7dc c:/isis/application/toolchain/bin/../lib/gcc/arm-none-eabi/4.7.4/../../../../arm-none-eabi/lib\libc_s.a(lib_a-vfprintf_float.o)
                0x20001830                _printf_float
 .text._printf_common
                0x2000200c      0x174 c:/isis/application/toolchain/bin/../lib/gcc/arm-none-eabi/4.7.4/../../../../arm-none-eabi/lib\libc_s.a(lib_a-vfprintf_i.o)
                0x2000200c                _printf_common
 .text._printf_i
                0x20002180      0x3c4 c:/isis/application/toolchain/bin/../lib/gcc/arm-none-eabi/4.7.4/../../../../arm-none-eabi/lib\libc_s.a(lib_a-vfprintf_i.o)
                0x20002180                _printf_i
 .text._scanf_float
                0x20002544      0x5f4 c:/isis/application/toolchain/bin/../lib/gcc/arm-none-eabi/4.7.4/../../../../arm-none-eabi/lib\libc_s.a(lib_a-vfscanf_float.o)
                0x20002544                _scanf_float
 .text.quorem   0x20002b38      0x1ac c:/isis/application/toolchain/bin/../lib/gcc/arm-none-eabi/4.7.4/../../../../arm-none-eabi/lib\libc_s.a(lib_a-dtoa.o)
 .text._dtoa_r  0x20002ce4     0x1268 c:/isis/application/toolchain/bin/../lib/gcc/arm-none-eabi/4.7.4/../../../../arm-none-eabi/lib\libc_s.a(lib_a-dtoa.o)
                0x20002ce4                _dtoa_r
 .text._localeconv_r
                0x20003f4c        0xc c:/isis/application/toolchain/bin/../lib/gcc/arm-none-eabi/4.7.4/../../../../arm-none-eabi/lib\libc_s.a(lib_a-locale.o)
                0x20003f4c                _localeconv_r
 .text.malloc   0x20003f58       0x20 c:/isis/application/toolchain/bin/../lib/gcc/arm-none-eabi/4.7.4/../../../../arm-none-eabi/lib\libc_s.a(lib_a-malloc.o)
                0x20003f58                malloc
 .text.free     0x20003f78       0x20 c:/isis/application/toolchain/bin/../lib/gcc/arm-none-eabi/4.7.4/../../../../arm-none-eabi/lib\libc_s.a(lib_a-malloc.o)
                0x20003f78                free
 .text._malloc_r
                0x20003f98       0xfc c:/isis/application/toolchain/bin/../lib/gcc/arm-none-eabi/4.7.4/../../../../arm-none-eabi/lib\libc_s.a(lib_a-mallocr.o)
                0x20003f98                _malloc_r
 .text.memcpy   0x20004094       0x20 c:/isis/application/toolchain/bin/../lib/gcc/arm-none-eabi/4.7.4/../../../../arm-none-eabi/lib\libc_s.a(lib_a-memcpy.o)
                0x20004094                memcpy
 .text._Balloc  0x200040b4       0xcc c:/isis/application/toolchain/bin/../lib/gcc/arm-none-eabi/4.7.4/../../../../arm-none-eabi/lib\libc_s.a(lib_a-mprec.o)
                0x200040b4                _Balloc
 .text._Bfree   0x20004180       0x5c c:/isis/application/toolchain/bin/../lib/gcc/arm-none-eabi/4.7.4/../../../../arm-none-eabi/lib\libc_s.a(lib_a-mprec.o)
                0x20004180                _Bfree
 .text.__multadd
                0x200041dc       0xbc c:/isis/application/toolchain/bin/../lib/gcc/arm-none-eabi/4.7.4/../../../../arm-none-eabi/lib\libc_s.a(lib_a-mprec.o)
                0x200041dc                __multadd
 .text.__s2b    0x20004298       0xd8 c:/isis/application/toolchain/bin/../lib/gcc/arm-none-eabi/4.7.4/../../../../arm-none-eabi/lib\libc_s.a(lib_a-mprec.o)
                0x20004298                __s2b
 .text.__hi0bits
                0x20004370       0x58 c:/isis/application/toolchain/bin/../lib/gcc/arm-none-eabi/4.7.4/../../../../arm-none-eabi/lib\libc_s.a(lib_a-mprec.o)
                0x20004370                __hi0bits
 .text.__lo0bits
                0x200043c8       0x94 c:/isis/application/toolchain/bin/../lib/gcc/arm-none-eabi/4.7.4/../../../../arm-none-eabi/lib\libc_s.a(lib_a-mprec.o)
                0x200043c8                __lo0bits
 .text.__i2b    0x2000445c       0x24 c:/isis/application/toolchain/bin/../lib/gcc/arm-none-eabi/4.7.4/../../../../arm-none-eabi/lib\libc_s.a(lib_a-mprec.o)
                0x2000445c                __i2b
 .text.__multiply
                0x20004480      0x1ac c:/isis/application/toolchain/bin/../lib/gcc/arm-none-eabi/4.7.4/../../../../arm-none-eabi/lib\libc_s.a(lib_a-mprec.o)
                0x20004480                __multiply
 .text.__pow5mult
                0x2000462c      0x10c c:/isis/application/toolchain/bin/../lib/gcc/arm-none-eabi/4.7.4/../../../../arm-none-eabi/lib\libc_s.a(lib_a-mprec.o)
                0x2000462c                __pow5mult
 .text.__lshift
                0x20004738       0xf0 c:/isis/application/toolchain/bin/../lib/gcc/arm-none-eabi/4.7.4/../../../../arm-none-eabi/lib\libc_s.a(lib_a-mprec.o)
                0x20004738                __lshift
 .text.__mcmp   0x20004828       0x60 c:/isis/application/toolchain/bin/../lib/gcc/arm-none-eabi/4.7.4/../../../../arm-none-eabi/lib\libc_s.a(lib_a-mprec.o)
                0x20004828                __mcmp
 .text.__mdiff  0x20004888      0x128 c:/isis/application/toolchain/bin/../lib/gcc/arm-none-eabi/4.7.4/../../../../arm-none-eabi/lib\libc_s.a(lib_a-mprec.o)
                0x20004888                __mdiff
 .text.__ulp    0x200049b0       0x5c c:/isis/application/toolchain/bin/../lib/gcc/arm-none-eabi/4.7.4/../../../../arm-none-eabi/lib\libc_s.a(lib_a-mprec.o)
                0x200049b0                __ulp
 .text.__b2d    0x20004a0c       0xc8 c:/isis/application/toolchain/bin/../lib/gcc/arm-none-eabi/4.7.4/../../../../arm-none-eabi/lib\libc_s.a(lib_a-mprec.o)
                0x20004a0c                __b2d
 .text.__d2b    0x20004ad4       0xfc c:/isis/application/toolchain/bin/../lib/gcc/arm-none-eabi/4.7.4/../../../../arm-none-eabi/lib\libc_s.a(lib_a-mprec.o)
                0x20004ad4                __d2b
 .text.__ratio  0x20004bd0       0x70 c:/isis/application/toolchain/bin/../lib/gcc/arm-none-eabi/4.7.4/../../../../arm-none-eabi/lib\libc_s.a(lib_a-mprec.o)
                0x20004bd0                __ratio
 .text.__copybits
                0x20004c40       0x4c c:/isis/application/toolchain/bin/../lib/gcc/arm-none-eabi/4.7.4/../../../../arm-none-eabi/lib\libc_s.a(lib_a-mprec.o)
                0x20004c40                __copybits
 .text.__any_on
                0x20004c8c       0x7c c:/isis/application/toolchain/bin/../lib/gcc/arm-none-eabi/4.7.4/../../../../arm-none-eabi/lib\libc_s.a(lib_a-mprec.o)
                0x20004c8c                __any_on
 .text.__fpclassifyd
                0x20004d08       0x6c c:/isis/application/toolchain/bin/../lib/gcc/arm-none-eabi/4.7.4/../../../../arm-none-eabi/lib\libc_s.a(lib_a-s_fpclassify.o)
                0x20004d08                __fpclassifyd
 .text._sbrk_r  0x20004d74       0x3c c:/isis/application/toolchain/bin/../lib/gcc/arm-none-eabi/4.7.4/../../../../arm-none-eabi/lib\libc_s.a(lib_a-sbrkr.o)
                0x20004d74                _sbrk_r
 .text.nanf     0x20004db0        0xc c:/isis/application/toolchain/bin/../lib/gcc/arm-none-eabi/4.7.4/../../../../arm-none-eabi/lib\libc_s.a(lib_a-sf_nan.o)
                0x20004db0                nanf
 .text.sprintf  0x20004dbc       0x6c c:/isis/application/toolchain/bin/../lib/gcc/arm-none-eabi/4.7.4/../../../../arm-none-eabi/lib\libc_s.a(lib_a-sprintf.o)
                0x20004dbc                siprintf
                0x20004dbc                sprintf
 .text.strcmp   0x20004e28       0x1c c:/isis/application/toolchain/bin/../lib/gcc/arm-none-eabi/4.7.4/../../../../arm-none-eabi/lib\libc_s.a(lib_a-strcmp.o)
                0x20004e28                strcmp
 .text.strlen   0x20004e44       0x1c c:/isis/application/toolchain/bin/../lib/gcc/arm-none-eabi/4.7.4/../../../../arm-none-eabi/lib\libc_s.a(lib_a-strlen.o)
                0x20004e44                strlen
 .text.match    0x20004e60       0x54 c:/isis/application/toolchain/bin/../lib/gcc/arm-none-eabi/4.7.4/../../../../arm-none-eabi/lib\libc_s.a(lib_a-strtod.o)
 .text._strtod_r
                0x20004eb4     0x1168 c:/isis/application/toolchain/bin/../lib/gcc/arm-none-eabi/4.7.4/../../../../arm-none-eabi/lib\libc_s.a(lib_a-strtod.o)
                0x20004eb4                _strtod_r
 .text._strtol_r
                0x2000601c      0x1b8 c:/isis/application/toolchain/bin/../lib/gcc/arm-none-eabi/4.7.4/../../../../arm-none-eabi/lib\libc_s.a(lib_a-strtol.o)
                0x2000601c                _strtol_r
 .text.__ssputc_r
                0x200061d4      0x10c c:/isis/application/toolchain/bin/../lib/gcc/arm-none-eabi/4.7.4/../../../../arm-none-eabi/lib\libc_s.a(lib_a-svfprintf.o)
                0x200061d4                __ssputc_r
 .text._svfprintf_r
                0x200062e0      0x328 c:/isis/application/toolchain/bin/../lib/gcc/arm-none-eabi/4.7.4/../../../../arm-none-eabi/lib\libc_s.a(lib_a-svfprintf.o)
                0x200062e0                _svfiprintf_r
                0x200062e0                _svfprintf_r
 .text._calloc_r
                0x20006608       0x2c c:/isis/application/toolchain/bin/../lib/gcc/arm-none-eabi/4.7.4/../../../../arm-none-eabi/lib\libc_s.a(lib_a-callocr.o)
                0x20006608                _calloc_r
 .text._free_r  0x20006634      0x108 c:/isis/application/toolchain/bin/../lib/gcc/arm-none-eabi/4.7.4/../../../../arm-none-eabi/lib\libc_s.a(lib_a-freer.o)
                0x20006634                _free_r
 .text.rshift   0x2000673c       0xb0 c:/isis/application/toolchain/bin/../lib/gcc/arm-none-eabi/4.7.4/../../../../arm-none-eabi/lib\libc_s.a(lib_a-gdtoa-gethex.o)
 .text.htinit.constprop.0
                0x200067ec       0x34 c:/isis/application/toolchain/bin/../lib/gcc/arm-none-eabi/4.7.4/../../../../arm-none-eabi/lib\libc_s.a(lib_a-gdtoa-gethex.o)
 .text.__hexdig_init
                0x20006820       0x38 c:/isis/application/toolchain/bin/../lib/gcc/arm-none-eabi/4.7.4/../../../../arm-none-eabi/lib\libc_s.a(lib_a-gdtoa-gethex.o)
                0x20006820                __hexdig_init
 .text.__gethex
                0x20006858      0x6cc c:/isis/application/toolchain/bin/../lib/gcc/arm-none-eabi/4.7.4/../../../../arm-none-eabi/lib\libc_s.a(lib_a-gdtoa-gethex.o)
                0x20006858                __gethex
 .text.L_shift  0x20006f24       0x38 c:/isis/application/toolchain/bin/../lib/gcc/arm-none-eabi/4.7.4/../../../../arm-none-eabi/lib\libc_s.a(lib_a-gdtoa-hexnan.o)
 .text.__hexnan
                0x20006f5c      0x1d8 c:/isis/application/toolchain/bin/../lib/gcc/arm-none-eabi/4.7.4/../../../../arm-none-eabi/lib\libc_s.a(lib_a-gdtoa-hexnan.o)
                0x20006f5c                __hexnan
 .text.memchr   0x20007134       0x34 c:/isis/application/toolchain/bin/../lib/gcc/arm-none-eabi/4.7.4/../../../../arm-none-eabi/lib\libc_s.a(lib_a-memchr.o)
                0x20007134                memchr
 .text.memset   0x20007168       0x1c c:/isis/application/toolchain/bin/../lib/gcc/arm-none-eabi/4.7.4/../../../../arm-none-eabi/lib\libc_s.a(lib_a-memset.o)
                0x20007168                memset
 .text._realloc_r
                0x20007184       0x80 c:/isis/application/toolchain/bin/../lib/gcc/arm-none-eabi/4.7.4/../../../../arm-none-eabi/lib\libc_s.a(lib_a-reallocr.o)
                0x20007184                _realloc_r
 .text.strncmp  0x20007204       0x64 c:/isis/application/toolchain/bin/../lib/gcc/arm-none-eabi/4.7.4/../../../../arm-none-eabi/lib\libc_s.a(lib_a-strncmp.o)
                0x20007204                strncmp
 .text._malloc_usable_size_r
                0x20007268       0x1c c:/isis/application/toolchain/bin/../lib/gcc/arm-none-eabi/4.7.4/../../../../arm-none-eabi/lib\libc_s.a(lib_a-msizer.o)
                0x20007268                _malloc_usable_size_r
 .text.GetChunkFromImage
                0x20007284      0x2d0 ./src/sub-systemCode/payload/Request Management/Dump/Butchering.o
                0x20007284                GetChunkFromImage
 .text.SimpleButcher
                0x20007554       0xd8 ./src/sub-systemCode/payload/Request Management/Dump/Butchering.o
                0x20007554                SimpleButcher
 .text.readChunkDimentionsFromFRAM
                0x2000762c       0x80 ./src/sub-systemCode/payload/Request Management/Dump/imageDump.o
                0x2000762c                readChunkDimentionsFromFRAM
 .text.setChunkDimensions_inFRAM
                0x200076ac      0x10c ./src/sub-systemCode/payload/Request Management/Dump/imageDump.o
                0x200076ac                setChunkDimensions_inFRAM
 .text.find_subType_ofImage
                0x200077b8       0xe0 ./src/sub-systemCode/payload/Request Management/Dump/imageDump.o
                0x200077b8                find_subType_ofImage
 .text.buildAndSend_chunck
                0x20007898      0x320 ./src/sub-systemCode/payload/Request Management/Dump/imageDump.o
                0x20007898                buildAndSend_chunck
 .text.bitField_imageDump
                0x20007bb8      0x23c ./src/sub-systemCode/payload/Request Management/Dump/imageDump.o
                0x20007bb8                bitField_imageDump
 .text.imageDataBase_Dump
                0x20007df4      0x118 ./src/sub-systemCode/payload/Request Management/Dump/imageDump.o
                0x20007df4                imageDataBase_Dump
 .text.chunkField_imageDump
                0x20007f0c      0x258 ./src/sub-systemCode/payload/Request Management/Dump/imageDump.o
                0x20007f0c                chunkField_imageDump
 .text.imageDump_task
                0x20008164      0x464 ./src/sub-systemCode/payload/Request Management/Dump/imageDump.o
                0x20008164                imageDump_task
 .text.CameraManagerTaskMain
                0x200085c8      0x14c ./src/sub-systemCode/payload/Request Management/CameraManeger.o
                0x200085c8                CameraManagerTaskMain
 .text.initCamera
                0x20008714       0xa4 ./src/sub-systemCode/payload/Request Management/CameraManeger.o
                0x20008714                initCamera
 .text.KickStartCamera
                0x200087b8       0xe4 ./src/sub-systemCode/payload/Request Management/CameraManeger.o
                0x200087b8                KickStartCamera
 .text.addRequestToQueue
                0x2000889c       0xa8 ./src/sub-systemCode/payload/Request Management/CameraManeger.o
                0x2000889c                addRequestToQueue
 .text.removeRequestFromQueue
                0x20008944       0x7c ./src/sub-systemCode/payload/Request Management/CameraManeger.o
                0x20008944                removeRequestFromQueue
 .text.Take_pictures_with_time_in_between
                0x200089c0       0xec ./src/sub-systemCode/payload/Request Management/CameraManeger.o
                0x200089c0                Take_pictures_with_time_in_between
 .text.Gecko_TroubleShooter
                0x20008aac       0xd8 ./src/sub-systemCode/payload/Request Management/CameraManeger.o
                0x20008aac                Gecko_TroubleShooter
 .text.startDumpTask
                0x20008b84       0x70 ./src/sub-systemCode/payload/Request Management/CameraManeger.o
                0x20008b84                startDumpTask
 .text.act_upon_request
                0x20008bf4      0x4f8 ./src/sub-systemCode/payload/Request Management/CameraManeger.o
                0x20008bf4                act_upon_request
 .text.TakePicture
                0x200090ec       0x4c ./src/sub-systemCode/payload/Request Management/DB_RequestHandling.o
                0x200090ec                TakePicture
 .text.TakeSpecialPicture
                0x20009138      0x130 ./src/sub-systemCode/payload/Request Management/DB_RequestHandling.o
                0x20009138                TakeSpecialPicture
 .text.DeletePictureFile
                0x20009268       0x88 ./src/sub-systemCode/payload/Request Management/DB_RequestHandling.o
                0x20009268                DeletePictureFile
 .text.DeletePicture
                0x200092f0       0x6c ./src/sub-systemCode/payload/Request Management/DB_RequestHandling.o
                0x200092f0                DeletePicture
 .text.TransferPicture
                0x2000935c       0x54 ./src/sub-systemCode/payload/Request Management/DB_RequestHandling.o
                0x2000935c                TransferPicture
 .text.CreateThumbnail
                0x200093b0       0x80 ./src/sub-systemCode/payload/Request Management/DB_RequestHandling.o
                0x200093b0                CreateThumbnail
 .text.CreateJPG
                0x20009430       0x7c ./src/sub-systemCode/payload/Request Management/DB_RequestHandling.o
                0x20009430                CreateJPG
 .text.UpdatePhotographyValues
                0x200094ac       0xd8 ./src/sub-systemCode/payload/Request Management/DB_RequestHandling.o
                0x200094ac                UpdatePhotographyValues
 .text.setChunkDimensions
                0x20009584       0x64 ./src/sub-systemCode/payload/Request Management/DB_RequestHandling.o
                0x20009584                setChunkDimensions
 .text.convert2char
                0x200095e8      0x14c ./src/sub-systemCode/payload/Misc/Boolean_bit.o
                0x200095e8                convert2char
 .text.convert2byte
                0x20009734      0x1c8 ./src/sub-systemCode/payload/Misc/Boolean_bit.o
                0x20009734                convert2byte
 .text.bits2byte
                0x200098fc      0x17c ./src/sub-systemCode/payload/Misc/Boolean_bit.o
                0x200098fc                bits2byte
 .text.byte2bits
                0x20009a78      0x17c ./src/sub-systemCode/payload/Misc/Boolean_bit.o
                0x20009a78                byte2bits
 .text.char2bits
                0x20009bf4       0x44 ./src/sub-systemCode/payload/Misc/Boolean_bit.o
                0x20009bf4                char2bits
 .text.bits2char
                0x20009c38       0x3c ./src/sub-systemCode/payload/Misc/Boolean_bit.o
                0x20009c38                bits2char
 .text.ReadFromFile
                0x20009c74       0x6c ./src/sub-systemCode/payload/Misc/FileSystem.o
                0x20009c74                ReadFromFile
 .text.WriteToFile
                0x20009ce0       0x74 ./src/sub-systemCode/payload/Misc/FileSystem.o
                0x20009ce0                WriteToFile
 .text.Initialized_GPIO
                0x20009d54       0x54 ./src/sub-systemCode/payload/Drivers/GeckoCameraDriver.o
                0x20009d54                Initialized_GPIO
 .text.TurnOnGecko
                0x20009da8      0x140 ./src/sub-systemCode/payload/Drivers/GeckoCameraDriver.o
                0x20009da8                TurnOnGecko
 .text.TurnOffGecko
                0x20009ee8       0xd8 ./src/sub-systemCode/payload/Drivers/GeckoCameraDriver.o
                0x20009ee8                TurnOffGecko
 .text.initGecko
                0x20009fc0       0x3c ./src/sub-systemCode/payload/Drivers/GeckoCameraDriver.o
                0x20009fc0                initGecko
 .text.GECKO_TakeImage
                0x20009ffc      0x2f4 ./src/sub-systemCode/payload/Drivers/GeckoCameraDriver.o
                0x20009ffc                GECKO_TakeImage
 .text.GECKO_ReadImage
                0x2000a2f0      0x234 ./src/sub-systemCode/payload/Drivers/GeckoCameraDriver.o
                0x2000a2f0                GECKO_ReadImage
 .text.GECKO_EraseBlock
                0x2000a524       0xf0 ./src/sub-systemCode/payload/Drivers/GeckoCameraDriver.o
                0x2000a524                GECKO_EraseBlock
 .text.getFileName
                0x2000a614      0x190 ./src/sub-systemCode/payload/DataBase/DataBase.o
 .text.zeroImageDataBase
                0x2000a7a4       0xfc ./src/sub-systemCode/payload/DataBase/DataBase.o
                0x2000a7a4                zeroImageDataBase
 .text.updateGeneralDataBaseParameters
                0x2000a8a0       0x5c ./src/sub-systemCode/payload/DataBase/DataBase.o
                0x2000a8a0                updateGeneralDataBaseParameters
 .text.SearchDataBase_byID
                0x2000a8fc      0x234 ./src/sub-systemCode/payload/DataBase/DataBase.o
                0x2000a8fc                SearchDataBase_byID
 .text.SearchDataBase_byMark
                0x2000ab30       0xb8 ./src/sub-systemCode/payload/DataBase/DataBase.o
                0x2000ab30                SearchDataBase_byMark
 .text.checkForFileType
                0x2000abe8       0x74 ./src/sub-systemCode/payload/DataBase/DataBase.o
                0x2000abe8                checkForFileType
 .text.updateFileTypes
                0x2000ac5c       0xbc ./src/sub-systemCode/payload/DataBase/DataBase.o
                0x2000ac5c                updateFileTypes
 .text.GetImageFactor
                0x2000ad18       0x58 ./src/sub-systemCode/payload/DataBase/DataBase.o
                0x2000ad18                GetImageFactor
 .text.readImageFromBuffer
                0x2000ad70      0x12c ./src/sub-systemCode/payload/DataBase/DataBase.o
                0x2000ad70                readImageFromBuffer
 .text.saveImageToBuffer
                0x2000ae9c      0x12c ./src/sub-systemCode/payload/DataBase/DataBase.o
                0x2000ae9c                saveImageToBuffer
 .text.getLatestID
                0x2000afc8       0x48 ./src/sub-systemCode/payload/DataBase/DataBase.o
                0x2000afc8                getLatestID
 .text.getDataBaseStart
                0x2000b010       0x20 ./src/sub-systemCode/payload/DataBase/DataBase.o
                0x2000b010                getDataBaseStart
 .text.setDataBaseValues
                0x2000b030      0x208 ./src/sub-systemCode/payload/DataBase/DataBase.o
                0x2000b030                setDataBaseValues
 .text.initImageDataBase
                0x2000b238      0x20c ./src/sub-systemCode/payload/DataBase/DataBase.o
                0x2000b238                initImageDataBase
 .text.resetImageDataBase
                0x2000b444       0x98 ./src/sub-systemCode/payload/DataBase/DataBase.o
                0x2000b444                resetImageDataBase
 .text.setCameraPhotographyValues
                0x2000b4dc      0x130 ./src/sub-systemCode/payload/DataBase/DataBase.o
                0x2000b4dc                setCameraPhotographyValues
 .text.transferImageToSD_withoutSearch
                0x2000b60c      0x17c ./src/sub-systemCode/payload/DataBase/DataBase.o
                0x2000b60c                transferImageToSD_withoutSearch
 .text.transferImageToSD
                0x2000b788       0xac ./src/sub-systemCode/payload/DataBase/DataBase.o
                0x2000b788                transferImageToSD
 .text.DeleteImageFromOBC_withoutSearch
                0x2000b834       0xf0 ./src/sub-systemCode/payload/DataBase/DataBase.o
                0x2000b834                DeleteImageFromOBC_withoutSearch
 .text.DeleteImageFromOBC
                0x2000b924       0xb8 ./src/sub-systemCode/payload/DataBase/DataBase.o
                0x2000b924                DeleteImageFromOBC
 .text.DeleteImageFromPayload
                0x2000b9dc      0x270 ./src/sub-systemCode/payload/DataBase/DataBase.o
                0x2000b9dc                DeleteImageFromPayload
 .text.clearImageDataBase
                0x2000bc4c      0x13c ./src/sub-systemCode/payload/DataBase/DataBase.o
                0x2000bc4c                clearImageDataBase
 .text.handleMarkedPictures
                0x2000bd88      0x278 ./src/sub-systemCode/payload/DataBase/DataBase.o
                0x2000bd88                handleMarkedPictures
 .text.writeNewImageMetaDataToFRAM
                0x2000c000      0x21c ./src/sub-systemCode/payload/DataBase/DataBase.o
                0x2000c000                writeNewImageMetaDataToFRAM
 .text.takePicture
                0x2000c21c      0x344 ./src/sub-systemCode/payload/DataBase/DataBase.o
                0x2000c21c                takePicture
 .text.takePicture_withSpecialParameters
                0x2000c560       0xbc ./src/sub-systemCode/payload/DataBase/DataBase.o
                0x2000c560                takePicture_withSpecialParameters
 .text.GetImageFileName
                0x2000c61c       0xd0 ./src/sub-systemCode/payload/DataBase/DataBase.o
                0x2000c61c                GetImageFileName
 .text.getDataBaseSize
                0x2000c6ec       0x20 ./src/sub-systemCode/payload/DataBase/DataBase.o
                0x2000c6ec                getDataBaseSize
 .text.getImageDataBaseBuffer
                0x2000c70c      0x240 ./src/sub-systemCode/payload/DataBase/DataBase.o
                0x2000c70c                getImageDataBaseBuffer
 .text.setAutoThumbnailCreation
                0x2000c94c       0x30 ./src/sub-systemCode/payload/DataBase/DataBase.o
                0x2000c94c                setAutoThumbnailCreation
 .text.TransformRawToBMP
                0x2000c97c      0x1e0 ./src/sub-systemCode/payload/Compression/jpeg/bmp/rawToBMP.o
                0x2000c97c                TransformRawToBMP
 .text.interpolate
                0x2000cb5c      0x8d0 ./src/sub-systemCode/payload/Compression/jpeg/bmp/rawToBMP.o
                0x2000cb5c                interpolate
 .text.getInputAt
                0x2000d42c      0x308 ./src/sub-systemCode/payload/Compression/jpeg/bmp/rawToBMP.o
                0x2000d42c                getInputAt
 .text.f_writeF_FILEHeader
                0x2000d734      0x2f0 ./src/sub-systemCode/payload/Compression/jpeg/bmp/rawToBMP.o
                0x2000d734                f_writeF_FILEHeader
 .text.f_writeOutputRow
                0x2000da24       0xbc ./src/sub-systemCode/payload/Compression/jpeg/bmp/rawToBMP.o
                0x2000da24                f_writeOutputRow
 .text.dct      0x2000dae0      0x9c4 ./src/sub-systemCode/payload/Compression/jpeg/DCT.o
                0x2000dae0                dct
 .text.JPEG_compressor
                0x2000e4a4       0xfc ./src/sub-systemCode/payload/Compression/jpeg/ImgCompressor.o
                0x2000e4a4                JPEG_compressor
 .text.Create_BMP_File
                0x2000e5a0       0xf4 ./src/sub-systemCode/payload/Compression/jpeg/ImgCompressor.o
                0x2000e5a0                Create_BMP_File
 .text.CompressImage
                0x2000e694      0x1cc ./src/sub-systemCode/payload/Compression/jpeg/ImgCompressor.o
                0x2000e694                CompressImage
 .text.clamp    0x2000e860       0x60 ./src/sub-systemCode/payload/Compression/jpeg/color_conv.o
                0x2000e860                clamp
 .text.RGB_to_YCC
                0x2000e8c0      0x1a8 ./src/sub-systemCode/payload/Compression/jpeg/color_conv.o
                0x2000e8c0                RGB_to_YCC
 .text.RGB_to_Y
                0x2000ea68       0xc4 ./src/sub-systemCode/payload/Compression/jpeg/color_conv.o
                0x2000ea68                RGB_to_Y
 .text.Y_to_YCC
                0x2000eb2c       0x88 ./src/sub-systemCode/payload/Compression/jpeg/color_conv.o
                0x2000eb2c                Y_to_YCC
 .text.compress_image_to_jpeg_file
                0x2000ebb4      0x1ac ./src/sub-systemCode/payload/Compression/jpeg/jpeg.o
                0x2000ebb4                compress_image_to_jpeg_file
 .text.emit_marker
                0x2000ed60       0xc8 ./src/sub-systemCode/payload/Compression/jpeg/jpeg_encoder.o
                0x2000ed60                emit_marker
 .text.emit_byte
                0x2000ee28       0x6c ./src/sub-systemCode/payload/Compression/jpeg/jpeg_encoder.o
                0x2000ee28                emit_byte
 .text.emit_word
                0x2000ee94       0xd0 ./src/sub-systemCode/payload/Compression/jpeg/jpeg_encoder.o
                0x2000ee94                emit_word
 .text.emit_jfif_app0
                0x2000ef64       0xc0 ./src/sub-systemCode/payload/Compression/jpeg/jpeg_encoder.o
                0x2000ef64                emit_jfif_app0
 .text.emit_dqt
                0x2000f024       0xd8 ./src/sub-systemCode/payload/Compression/jpeg/jpeg_encoder.o
                0x2000f024                emit_dqt
 .text.emit_sof
                0x2000f0fc      0x14c ./src/sub-systemCode/payload/Compression/jpeg/jpeg_encoder.o
                0x2000f0fc                emit_sof
 .text.emit_dht
                0x2000f248      0x138 ./src/sub-systemCode/payload/Compression/jpeg/jpeg_encoder.o
                0x2000f248                emit_dht
 .text.emit_dhts
                0x2000f380       0xd8 ./src/sub-systemCode/payload/Compression/jpeg/jpeg_encoder.o
                0x2000f380                emit_dhts
 .text.emit_sos
                0x2000f458       0xec ./src/sub-systemCode/payload/Compression/jpeg/jpeg_encoder.o
                0x2000f458                emit_sos
 .text.emit_markers
                0x2000f544       0x4c ./src/sub-systemCode/payload/Compression/jpeg/jpeg_encoder.o
                0x2000f544                emit_markers
 .text.compute_huffman_table
                0x2000f590      0x334 ./src/sub-systemCode/payload/Compression/jpeg/jpeg_encoder.o
                0x2000f590                compute_huffman_table
 .text.compute_quant_table
                0x2000f8c4      0x11c ./src/sub-systemCode/payload/Compression/jpeg/jpeg_encoder.o
                0x2000f8c4                compute_quant_table
 .text.first_pass_init
                0x2000f9e0       0x54 ./src/sub-systemCode/payload/Compression/jpeg/jpeg_encoder.o
                0x2000f9e0                first_pass_init
 .text.second_pass_init
                0x2000fa34      0x110 ./src/sub-systemCode/payload/Compression/jpeg/jpeg_encoder.o
                0x2000fa34                second_pass_init
 .text.jpg_open
                0x2000fb44      0x7b4 ./src/sub-systemCode/payload/Compression/jpeg/jpeg_encoder.o
                0x2000fb44                jpg_open
 .text.load_block_8_8_grey
                0x200102f8      0x164 ./src/sub-systemCode/payload/Compression/jpeg/jpeg_encoder.o
                0x200102f8                load_block_8_8_grey
 .text.load_block_8_8
                0x2001045c      0x198 ./src/sub-systemCode/payload/Compression/jpeg/jpeg_encoder.o
                0x2001045c                load_block_8_8
 .text.load_block_16_8
                0x200105f4      0x3cc ./src/sub-systemCode/payload/Compression/jpeg/jpeg_encoder.o
                0x200105f4                load_block_16_8
 .text.load_block_16_8_8
                0x200109c0      0x2a8 ./src/sub-systemCode/payload/Compression/jpeg/jpeg_encoder.o
                0x200109c0                load_block_16_8_8
 .text.load_coefficients
                0x20010c68      0x1c8 ./src/sub-systemCode/payload/Compression/jpeg/jpeg_encoder.o
                0x20010c68                load_coefficients
 .text.flush_output_buffer
                0x20010e30       0xa0 ./src/sub-systemCode/payload/Compression/jpeg/jpeg_encoder.o
                0x20010e30                flush_output_buffer
 .text.put_bits
                0x20010ed0      0x170 ./src/sub-systemCode/payload/Compression/jpeg/jpeg_encoder.o
                0x20010ed0                put_bits
 .text.code_coefficients_pass_two
                0x20011040      0x338 ./src/sub-systemCode/payload/Compression/jpeg/jpeg_encoder.o
                0x20011040                code_coefficients_pass_two
 .text.code_block
                0x20011378       0x44 ./src/sub-systemCode/payload/Compression/jpeg/jpeg_encoder.o
                0x20011378                code_block
 .text.process_mcu_row
                0x200113bc      0x328 ./src/sub-systemCode/payload/Compression/jpeg/jpeg_encoder.o
                0x200113bc                process_mcu_row
 .text.terminate_pass_two
                0x200116e4       0x44 ./src/sub-systemCode/payload/Compression/jpeg/jpeg_encoder.o
                0x200116e4                terminate_pass_two
 .text.process_end_of_image
                0x20011728       0xc0 ./src/sub-systemCode/payload/Compression/jpeg/jpeg_encoder.o
                0x20011728                process_end_of_image
 .text.load_mcu
                0x200117e8      0x29c ./src/sub-systemCode/payload/Compression/jpeg/jpeg_encoder.o
                0x200117e8                load_mcu
 .text.clear    0x20011a84      0x1e0 ./src/sub-systemCode/payload/Compression/jpeg/jpeg_encoder.o
                0x20011a84                clear
 .text.init     0x20011c64       0xe4 ./src/sub-systemCode/payload/Compression/jpeg/jpeg_encoder.o
                0x20011c64                init
 .text.deinit   0x20011d48      0x160 ./src/sub-systemCode/payload/Compression/jpeg/jpeg_encoder.o
                0x20011d48                deinit
 .text.process_scanline
                0x20011ea8       0x6c ./src/sub-systemCode/payload/Compression/jpeg/jpeg_encoder.o
                0x20011ea8                process_scanline
 .text.jpge_malloc
                0x20011f14       0x28 ./src/sub-systemCode/payload/Compression/jpeg/jpeg_memory_alloc.o
                0x20011f14                jpge_malloc
 .text.jpge_cmalloc
                0x20011f3c       0x48 ./src/sub-systemCode/payload/Compression/jpeg/jpeg_memory_alloc.o
                0x20011f3c                jpge_cmalloc
 .text.jpge_free
                0x20011f84       0x24 ./src/sub-systemCode/payload/Compression/jpeg/jpeg_memory_alloc.o
                0x20011f84                jpge_free
 .text.check    0x20011fa8       0x78 ./src/sub-systemCode/payload/Compression/jpeg/jpeg_params.o
                0x20011fa8                check
 .text.open_jpeg_file
                0x20012020       0xfc ./src/sub-systemCode/payload/Compression/jpeg/output_stream.o
                0x20012020                open_jpeg_file
 .text.close_jpeg_file
                0x2001211c      0x118 ./src/sub-systemCode/payload/Compression/jpeg/output_stream.o
                0x2001211c                close_jpeg_file
 .text.put_buf  0x20012234      0x258 ./src/sub-systemCode/payload/Compression/jpeg/output_stream.o
                0x20012234                put_buf
 .text.GetBayerPixel
                0x2001248c       0xe8 ./src/sub-systemCode/payload/Compression/ImageConversion.o
 .text.BinImage
                0x20012574      0x2c8 ./src/sub-systemCode/payload/Compression/ImageConversion.o
                0x20012574                BinImage
 .text.ImageSkipping
                0x2001283c      0x2ac ./src/sub-systemCode/payload/Compression/ImageConversion.o
                0x2001283c                ImageSkipping
 .text.CreateImageThumbnail_withoutSearch
                0x20012ae8      0x14c ./src/sub-systemCode/payload/Compression/ImageConversion.o
                0x20012ae8                CreateImageThumbnail_withoutSearch
 .text.CreateImageThumbnail
                0x20012c34       0x98 ./src/sub-systemCode/payload/Compression/ImageConversion.o
                0x20012c34                CreateImageThumbnail
 .text.compressImage
                0x20012ccc      0x17c ./src/sub-systemCode/payload/Compression/ImageConversion.o
                0x20012ccc                compressImage
 .text.AdcsCmdQueueInit
                0x20012e48       0x4c ./src/sub-systemCode/Main/CMD/ADCS_CMD.o
                0x20012e48                AdcsCmdQueueInit
 .text.AdcsCmdQueueGet
                0x20012e94       0x8c ./src/sub-systemCode/Main/CMD/ADCS_CMD.o
                0x20012e94                AdcsCmdQueueGet
 .text.AdcsCmdQueueAdd
                0x20012f20       0x74 ./src/sub-systemCode/Main/CMD/ADCS_CMD.o
                0x20012f20                AdcsCmdQueueAdd
 .text.AdcsCmdQueueIsEmpty
                0x20012f94       0x3c ./src/sub-systemCode/Main/CMD/ADCS_CMD.o
                0x20012f94                AdcsCmdQueueIsEmpty
 .text.getAdcsQueueWaitPointer
                0x20012fd0       0x20 ./src/sub-systemCode/Main/CMD/ADCS_CMD.o
                0x20012fd0                getAdcsQueueWaitPointer
 .text.cmd_mute
                0x20012ff0       0xf4 ./src/sub-systemCode/Main/CMD/COMM_CMD.o
                0x20012ff0                cmd_mute
 .text.cmd_unmute
                0x200130e4       0x90 ./src/sub-systemCode/Main/CMD/COMM_CMD.o
                0x200130e4                cmd_unmute
 .text.cmd_active_trans
                0x20013174       0xc0 ./src/sub-systemCode/Main/CMD/COMM_CMD.o
                0x20013174                cmd_active_trans
 .text.cmd_shut_trans
                0x20013234       0x8c ./src/sub-systemCode/Main/CMD/COMM_CMD.o
                0x20013234                cmd_shut_trans
 .text.cmd_change_trans_rssi
                0x200132c0      0x140 ./src/sub-systemCode/Main/CMD/COMM_CMD.o
                0x200132c0                cmd_change_trans_rssi
 .text.cmd_aprs_dump
                0x20013400       0x38 ./src/sub-systemCode/Main/CMD/COMM_CMD.o
                0x20013400                cmd_aprs_dump
 .text.cmd_stop_dump
                0x20013438       0x8c ./src/sub-systemCode/Main/CMD/COMM_CMD.o
                0x20013438                cmd_stop_dump
 .text.cmd_time_frequency
                0x200134c4       0xf8 ./src/sub-systemCode/Main/CMD/COMM_CMD.o
                0x200134c4                cmd_time_frequency
 .text.cmd_change_def_bit_rate
                0x200135bc      0x1a8 ./src/sub-systemCode/Main/CMD/COMM_CMD.o
                0x200135bc                cmd_change_def_bit_rate
 .text.cmd_upload_volt_logic
                0x20013764      0x370 ./src/sub-systemCode/Main/CMD/EPS_CMD.o
                0x20013764                cmd_upload_volt_logic
 .text.cmd_upload_volt_COMM
                0x20013ad4      0x1d4 ./src/sub-systemCode/Main/CMD/EPS_CMD.o
                0x20013ad4                cmd_upload_volt_COMM
 .text.cmd_heater_temp
                0x20013ca8       0xe4 ./src/sub-systemCode/Main/CMD/EPS_CMD.o
                0x20013ca8                cmd_heater_temp
 .text.cmd_SHUT_CAM
                0x20013d8c       0x78 ./src/sub-systemCode/Main/CMD/EPS_CMD.o
                0x20013d8c                cmd_SHUT_CAM
 .text.cmd_SHUT_ADCS
                0x20013e04       0x78 ./src/sub-systemCode/Main/CMD/EPS_CMD.o
                0x20013e04                cmd_SHUT_ADCS
 .text.cmd_allow_CAM
                0x20013e7c       0x78 ./src/sub-systemCode/Main/CMD/EPS_CMD.o
                0x20013e7c                cmd_allow_CAM
 .text.cmd_allow_ADCS
                0x20013ef4       0x78 ./src/sub-systemCode/Main/CMD/EPS_CMD.o
                0x20013ef4                cmd_allow_ADCS
 .text.cmd_update_alpha
                0x20013f6c      0x120 ./src/sub-systemCode/Main/CMD/EPS_CMD.o
                0x20013f6c                cmd_update_alpha
 .text.cmd_generic_I2C
                0x2001408c       0xe4 ./src/sub-systemCode/Main/CMD/General_CMD.o
                0x2001408c                cmd_generic_I2C
 .text.cmd_dump
                0x20014170       0xf0 ./src/sub-systemCode/Main/CMD/General_CMD.o
                0x20014170                cmd_dump
 .text.cmd_delete_TM
                0x20014260      0x24c ./src/sub-systemCode/Main/CMD/General_CMD.o
                0x20014260                cmd_delete_TM
 .text.cmd_reset_file
                0x200144ac      0x130 ./src/sub-systemCode/Main/CMD/General_CMD.o
                0x200144ac                cmd_reset_file
 .text.cmd_dummy_func
                0x200145dc       0x40 ./src/sub-systemCode/Main/CMD/General_CMD.o
                0x200145dc                cmd_dummy_func
 .text.cmd_reset_TLM_SD
                0x2001461c       0x38 ./src/sub-systemCode/Main/CMD/General_CMD.o
                0x2001461c                cmd_reset_TLM_SD
 .text.cmd_stop_TM
                0x20014654       0x7c ./src/sub-systemCode/Main/CMD/General_CMD.o
                0x20014654                cmd_stop_TM
 .text.cmd_resume_TM
                0x200146d0       0x7c ./src/sub-systemCode/Main/CMD/General_CMD.o
                0x200146d0                cmd_resume_TM
 .text.cmd_soft_reset_cmponent
                0x2001474c       0xd0 ./src/sub-systemCode/Main/CMD/General_CMD.o
                0x2001474c                cmd_soft_reset_cmponent
 .text.cmd_hard_reset_cmponent
                0x2001481c       0xd0 ./src/sub-systemCode/Main/CMD/General_CMD.o
                0x2001481c                cmd_hard_reset_cmponent
 .text.cmd_reset_satellite
                0x200148ec       0x90 ./src/sub-systemCode/Main/CMD/General_CMD.o
                0x200148ec                cmd_reset_satellite
 .text.cmd_gracefull_reset_satellite
                0x2001497c       0x90 ./src/sub-systemCode/Main/CMD/General_CMD.o
                0x2001497c                cmd_gracefull_reset_satellite
 .text.cmd_upload_time
                0x20014a0c       0xdc ./src/sub-systemCode/Main/CMD/General_CMD.o
                0x20014a0c                cmd_upload_time
 .text.cmd_ARM_DIARM
                0x20014ae8      0x104 ./src/sub-systemCode/Main/CMD/General_CMD.o
                0x20014ae8                cmd_ARM_DIARM
 .text.cmd_get_onlineTM
                0x20014bec      0x220 ./src/sub-systemCode/Main/CMD/General_CMD.o
                0x20014bec                cmd_get_onlineTM
 .text.cmd_reset_off_line
                0x20014e0c       0x74 ./src/sub-systemCode/Main/CMD/General_CMD.o
                0x20014e0c                cmd_reset_off_line
 .text.cmd_add_item_off_line
                0x20014e80      0x124 ./src/sub-systemCode/Main/CMD/General_CMD.o
                0x20014e80                cmd_add_item_off_line
 .text.cmd_delete_item_off_line
                0x20014fa4       0xb0 ./src/sub-systemCode/Main/CMD/General_CMD.o
                0x20014fa4                cmd_delete_item_off_line
 .text.cmd_get_off_line_setting
                0x20015054      0x1cc ./src/sub-systemCode/Main/CMD/General_CMD.o
                0x20015054                cmd_get_off_line_setting
 .text.cmd_reset_delayed_command_list
                0x20015220       0x3c ./src/sub-systemCode/Main/CMD/SW_CMD.o
                0x20015220                cmd_reset_delayed_command_list
 .text.cmd_reset_APRS_list
                0x2001525c       0x3c ./src/sub-systemCode/Main/CMD/SW_CMD.o
                0x2001525c                cmd_reset_APRS_list
 .text.cmd_reset_FRAM
                0x20015298      0x100 ./src/sub-systemCode/Main/CMD/SW_CMD.o
                0x20015298                cmd_reset_FRAM
 .text.ARM_ants
                0x20015398       0xb8 ./src/sub-systemCode/Main/Ants.o
                0x20015398                ARM_ants
 .text.DISARM_ants
                0x20015450       0xf0 ./src/sub-systemCode/Main/Ants.o
                0x20015450                DISARM_ants
 .text.reset_deployStatusFRAM
                0x20015540       0xdc ./src/sub-systemCode/Main/Ants.o
                0x20015540                reset_deployStatusFRAM
 .text.reset_FRAM_ants
                0x2001561c       0xc0 ./src/sub-systemCode/Main/Ants.o
                0x2001561c                reset_FRAM_ants
 .text.update_stopDeploy_FRAM
                0x200156dc       0x64 ./src/sub-systemCode/Main/Ants.o
                0x200156dc                update_stopDeploy_FRAM
 .text.round_vol
                0x20015740      0x124 ./src/sub-systemCode/Main/EPS.o
                0x20015740                round_vol
 .text.get_shut_ADCS
                0x20015864       0x64 ./src/sub-systemCode/Main/EPS.o
                0x20015864                get_shut_ADCS
 .text.shut_ADCS
                0x200158c8       0x60 ./src/sub-systemCode/Main/EPS.o
                0x200158c8                shut_ADCS
 .text.get_shut_CAM
                0x20015928       0x64 ./src/sub-systemCode/Main/EPS.o
                0x20015928                get_shut_CAM
 .text.shut_CAM
                0x2001598c       0x60 ./src/sub-systemCode/Main/EPS.o
                0x2001598c                shut_CAM
 .text.update_powerLines
                0x200159ec      0x124 ./src/sub-systemCode/Main/EPS.o
                0x200159ec                update_powerLines
 .text.get_EPS_mode_t
                0x20015b10       0x24 ./src/sub-systemCode/Main/EPS.o
                0x20015b10                get_EPS_mode_t
 .text.init_enterMode
                0x20015b34       0x88 ./src/sub-systemCode/Main/EPS.o
                0x20015b34                init_enterMode
 .text.EPS_Init
                0x20015bbc      0x1c8 ./src/sub-systemCode/Main/EPS.o
                0x20015bbc                EPS_Init
 .text.reset_FRAM_EPS
                0x20015d84      0x150 ./src/sub-systemCode/Main/EPS.o
                0x20015d84                reset_FRAM_EPS
 .text.reset_EPS_voltages
                0x20015ed4      0x110 ./src/sub-systemCode/Main/EPS.o
                0x20015ed4                reset_EPS_voltages
 .text.writeState_log
                0x20015fe4       0xac ./src/sub-systemCode/Main/EPS.o
                0x20015fe4                writeState_log
 .text.battery_downward
                0x20016090      0x13c ./src/sub-systemCode/Main/EPS.o
                0x20016090                battery_downward
 .text.battery_upward
                0x200161cc      0x148 ./src/sub-systemCode/Main/EPS.o
                0x200161cc                battery_upward
 .text.overRide_ADCS
                0x20016314       0x50 ./src/sub-systemCode/Main/EPS.o
                0x20016314                overRide_ADCS
 .text.overRide_Camera
                0x20016364       0x38 ./src/sub-systemCode/Main/EPS.o
                0x20016364                overRide_Camera
 .text.EPS_Conditioning
                0x2001639c      0x288 ./src/sub-systemCode/Main/EPS.o
                0x2001639c                EPS_Conditioning
 .text.EnterFullMode
                0x20016624       0xf0 ./src/sub-systemCode/Main/EPS.o
                0x20016624                EnterFullMode
 .text.EnterCruiseMode
                0x20016714       0xe0 ./src/sub-systemCode/Main/EPS.o
                0x20016714                EnterCruiseMode
 .text.EnterSafeMode
                0x200167f4       0xe0 ./src/sub-systemCode/Main/EPS.o
                0x200167f4                EnterSafeMode
 .text.EnterCriticalMode
                0x200168d4       0xcc ./src/sub-systemCode/Main/EPS.o
                0x200168d4                EnterCriticalMode
 .text.check_EPSTableCorrection
                0x200169a0      0x120 ./src/sub-systemCode/Main/EPS.o
                0x200169a0                check_EPSTableCorrection
 .text.save_ACK
                0x20016ac0       0xec ./src/sub-systemCode/Main/HouseKeeping.o
                0x20016ac0                save_ACK
 .text.set_GP_EPS
                0x20016bac      0x10c ./src/sub-systemCode/Main/HouseKeeping.o
                0x20016bac                set_GP_EPS
 .text.set_GP_COMM
                0x20016cb8       0x88 ./src/sub-systemCode/Main/HouseKeeping.o
                0x20016cb8                set_GP_COMM
 .text.SP_HK_collect
                0x20016d40      0x22c ./src/sub-systemCode/Main/HouseKeeping.o
                0x20016d40                SP_HK_collect
 .text.EPS_HK_collect
                0x20016f6c      0x528 ./src/sub-systemCode/Main/HouseKeeping.o
                0x20016f6c                EPS_HK_collect
 .text.CAM_HK_collect
                0x20017494      0x920 ./src/sub-systemCode/Main/HouseKeeping.o
                0x20017494                CAM_HK_collect
 .text.COMM_HK_collect
                0x20017db4      0x244 ./src/sub-systemCode/Main/HouseKeeping.o
                0x20017db4                COMM_HK_collect
 .text.HK_find_ADCSTM_fileName
                0x20017ff8      0x44c ./src/sub-systemCode/Main/HouseKeeping.o
                0x20017ff8                HK_find_ADCSTM_fileName
 .text.HK_find_fileName
                0x20018444      0x174 ./src/sub-systemCode/Main/HouseKeeping.o
                0x20018444                HK_find_fileName
 .text.HK_find_ADCSTM_ElementSize
                0x200185b8      0x1b8 ./src/sub-systemCode/Main/HouseKeeping.o
                0x200185b8                HK_find_ADCSTM_ElementSize
 .text.HK_findElementSize
                0x20018770       0xd4 ./src/sub-systemCode/Main/HouseKeeping.o
                0x20018770                HK_findElementSize
 .text.build_HK_spl_packet
                0x20018844      0x27c ./src/sub-systemCode/Main/HouseKeeping.o
                0x20018844                build_HK_spl_packet
 .text.numberOfRestarts
                0x20018ac0       0x94 ./src/sub-systemCode/Main/Main_Init.o
                0x20018ac0                numberOfRestarts
 .text.StartFRAM
                0x20018b54       0x38 ./src/sub-systemCode/Main/Main_Init.o
                0x20018b54                StartFRAM
 .text.StartI2C
                0x20018b8c       0x44 ./src/sub-systemCode/Main/Main_Init.o
                0x20018b8c                StartI2C
 .text.StartSPI
                0x20018bd0       0x40 ./src/sub-systemCode/Main/Main_Init.o
                0x20018bd0                StartSPI
 .text.StartTIME
                0x20018c10      0x120 ./src/sub-systemCode/Main/Main_Init.o
                0x20018c10                StartTIME
 .text.first_activation
                0x20018d30       0x7c ./src/sub-systemCode/Main/Main_Init.o
                0x20018d30                first_activation
 .text.InitSubsystems
                0x20018dac       0x64 ./src/sub-systemCode/Main/Main_Init.o
                0x20018dac                InitSubsystems
 .text.SubSystemTaskStart
                0x20018e10      0x130 ./src/sub-systemCode/Main/Main_Init.o
                0x20018e10                SubSystemTaskStart
 .text.copy_command
                0x20018f40       0x80 ./src/sub-systemCode/Main/commands.o
                0x20018f40                copy_command
 .text.reset_command
                0x20018fc0       0x28 ./src/sub-systemCode/Main/commands.o
                0x20018fc0                reset_command
 .text.init_command
                0x20018fe8       0xf4 ./src/sub-systemCode/Main/commands.o
                0x20018fe8                init_command
 .text.add_command
                0x200190dc      0x12c ./src/sub-systemCode/Main/commands.o
                0x200190dc                add_command
 .text.get_command
                0x20019208      0x1c0 ./src/sub-systemCode/Main/commands.o
                0x20019208                get_command
 .text.act_upon_command
                0x200193c8      0x1e4 ./src/sub-systemCode/Main/commands.o
                0x200193c8                act_upon_command
 .text.cmd_error
                0x200195ac       0x38 ./src/sub-systemCode/Main/commands.o
                0x200195ac                cmd_error
 .text.AUC_COMM
                0x200195e4      0x25c ./src/sub-systemCode/Main/commands.o
                0x200195e4                AUC_COMM
 .text.AUC_general
                0x20019840      0x364 ./src/sub-systemCode/Main/commands.o
                0x20019840                AUC_general
 .text.AUC_payload
                0x20019ba4      0x238 ./src/sub-systemCode/Main/commands.o
                0x20019ba4                AUC_payload
 .text.AUC_EPS  0x20019ddc      0x28c ./src/sub-systemCode/Main/commands.o
                0x20019ddc                AUC_EPS
 .text.AUC_SW   0x2001a068       0xe4 ./src/sub-systemCode/Main/commands.o
                0x2001a068                AUC_SW
 .text.AUC_onlineTM
                0x2001a14c      0x1f0 ./src/sub-systemCode/Main/commands.o
                0x2001a14c                AUC_onlineTM
 .text.AUC_CUF  0x2001a33c      0x168 ./src/sub-systemCode/Main/commands.o
                0x2001a33c                AUC_CUF
 .text.init_GenericSaveQueue
                0x2001a4a4       0x3c ./src/sub-systemCode/Global/GenericTaskSave.o
                0x2001a4a4                init_GenericSaveQueue
 .text.add_GenericElement_queue
                0x2001a4e0       0x80 ./src/sub-systemCode/Global/GenericTaskSave.o
                0x2001a4e0                add_GenericElement_queue
 .text.GenericSave_Task
                0x2001a560      0x128 ./src/sub-systemCode/Global/GenericTaskSave.o
                0x2001a560                GenericSave_Task
 .text.check_int
                0x2001a688       0x20 ./src/sub-systemCode/Global/Global.o
                0x2001a688                check_int
 .text.check_portBASE_TYPE
                0x2001a6a8       0x20 ./src/sub-systemCode/Global/Global.o
                0x2001a6a8                check_portBASE_TYPE
 .text.soft_reset_subsystem
                0x2001a6c8       0xf0 ./src/sub-systemCode/Global/Global.o
                0x2001a6c8                soft_reset_subsystem
 .text.hard_reset_subsystem
                0x2001a7b8      0x134 ./src/sub-systemCode/Global/Global.o
                0x2001a7b8                hard_reset_subsystem
 .text.BigEnE_raw_to_uInt
                0x2001a8ec       0x94 ./src/sub-systemCode/Global/Global.o
                0x2001a8ec                BigEnE_raw_to_uInt
 .text.BigEnE_raw_to_uShort
                0x2001a980       0x50 ./src/sub-systemCode/Global/Global.o
                0x2001a980                BigEnE_raw_to_uShort
 .text.BigEnE_uInt_to_raw
                0x2001a9d0       0x78 ./src/sub-systemCode/Global/Global.o
                0x2001a9d0                BigEnE_uInt_to_raw
 .text.reset_FRAM_MAIN
                0x2001aa48      0x1cc ./src/sub-systemCode/Global/Global.o
                0x2001aa48                reset_FRAM_MAIN
 .text.getBitValueByIndex
                0x2001ac14       0xd0 ./src/sub-systemCode/Global/Global.o
                0x2001ac14                getBitValueByIndex
 .text.FRAM_write_exte
                0x2001ace4       0x84 ./src/sub-systemCode/Global/Global.o
                0x2001ace4                FRAM_write_exte
 .text.FRAM_read_exte
                0x2001ad68       0x84 ./src/sub-systemCode/Global/Global.o
                0x2001ad68                FRAM_read_exte
 .text.FRAM_writeAndVerify_exte
                0x2001adec       0x84 ./src/sub-systemCode/Global/Global.o
                0x2001adec                FRAM_writeAndVerify_exte
 .text.init_GP  0x2001ae70      0x2f0 ./src/sub-systemCode/Global/GlobalParam.o
                0x2001ae70                init_GP
 .text.get_system_state
                0x2001b160      0x268 ./src/sub-systemCode/Global/GlobalParam.o
                0x2001b160                get_system_state
 .text.set_system_state
                0x2001b3c8      0x298 ./src/sub-systemCode/Global/GlobalParam.o
                0x2001b3c8                set_system_state
 .text.get_systems_state_param
                0x2001b660       0x8c ./src/sub-systemCode/Global/GlobalParam.o
                0x2001b660                get_systems_state_param
 .text.get_current_global_param
                0x2001b6ec      0x55c ./src/sub-systemCode/Global/GlobalParam.o
                0x2001b6ec                get_current_global_param
 .text.set_Vbatt
                0x2001bc48       0x8c ./src/sub-systemCode/Global/GlobalParam.o
                0x2001bc48                set_Vbatt
 .text.get_Vbatt
                0x2001bcd4       0x8c ./src/sub-systemCode/Global/GlobalParam.o
                0x2001bcd4                get_Vbatt
 .text.set_curBat
                0x2001bd60       0x8c ./src/sub-systemCode/Global/GlobalParam.o
                0x2001bd60                set_curBat
 .text.set_cur3V3
                0x2001bdec       0x8c ./src/sub-systemCode/Global/GlobalParam.o
                0x2001bdec                set_cur3V3
 .text.set_cur5V
                0x2001be78       0x8c ./src/sub-systemCode/Global/GlobalParam.o
                0x2001be78                set_cur5V
 .text.set_tempComm_LO
                0x2001bf04       0x8c ./src/sub-systemCode/Global/GlobalParam.o
                0x2001bf04                set_tempComm_LO
 .text.set_tempComm_PA
                0x2001bf90       0x8c ./src/sub-systemCode/Global/GlobalParam.o
                0x2001bf90                set_tempComm_PA
 .text.set_tempEPS
                0x2001c01c       0xc8 ./src/sub-systemCode/Global/GlobalParam.o
                0x2001c01c                set_tempEPS
 .text.set_tempBatt
                0x2001c0e4       0xc8 ./src/sub-systemCode/Global/GlobalParam.o
                0x2001c0e4                set_tempBatt
 .text.set_RxDoppler
                0x2001c1ac       0x8c ./src/sub-systemCode/Global/GlobalParam.o
                0x2001c1ac                set_RxDoppler
 .text.set_RxRSSI
                0x2001c238       0x8c ./src/sub-systemCode/Global/GlobalParam.o
                0x2001c238                set_RxRSSI
 .text.set_TxRefl
                0x2001c2c4       0x8c ./src/sub-systemCode/Global/GlobalParam.o
                0x2001c2c4                set_TxRefl
 .text.set_TxForw
                0x2001c350       0x8c ./src/sub-systemCode/Global/GlobalParam.o
                0x2001c350                set_TxForw
 .text.set_numOfAPRS
                0x2001c3dc       0x8c ./src/sub-systemCode/Global/GlobalParam.o
                0x2001c3dc                set_numOfAPRS
 .text.set_numOfDelayedCommand
                0x2001c468       0x8c ./src/sub-systemCode/Global/GlobalParam.o
                0x2001c468                set_numOfDelayedCommand
 .text.set_numOfResets
                0x2001c4f4       0xac ./src/sub-systemCode/Global/GlobalParam.o
                0x2001c4f4                set_numOfResets
 .text.set_ground_conn
                0x2001c5a0       0xa0 ./src/sub-systemCode/Global/GlobalParam.o
                0x2001c5a0                set_ground_conn
 .text.get_ground_conn
                0x2001c640       0xa0 ./src/sub-systemCode/Global/GlobalParam.o
                0x2001c640                get_ground_conn
 .text.IsisAntS_getStatusData_sideA
                0x2001c6e0       0x3c ./src/sub-systemCode/Global/OnlineTM.o
                0x2001c6e0                IsisAntS_getStatusData_sideA
 .text.IsisAntS_getAlltelemetry_sideA
                0x2001c71c       0x3c ./src/sub-systemCode/Global/OnlineTM.o
                0x2001c71c                IsisAntS_getAlltelemetry_sideA
 .text.IsisAntS_getTemperature_sideA
                0x2001c758       0x3c ./src/sub-systemCode/Global/OnlineTM.o
                0x2001c758                IsisAntS_getTemperature_sideA
 .text.IsisAntS_getStatusData_sideB
                0x2001c794       0x3c ./src/sub-systemCode/Global/OnlineTM.o
                0x2001c794                IsisAntS_getStatusData_sideB
 .text.IsisAntS_getAlltelemetry_sideB
                0x2001c7d0       0x3c ./src/sub-systemCode/Global/OnlineTM.o
                0x2001c7d0                IsisAntS_getAlltelemetry_sideB
 .text.IsisAntS_getTemperature_sideB
                0x2001c80c       0x3c ./src/sub-systemCode/Global/OnlineTM.o
                0x2001c80c                IsisAntS_getTemperature_sideB
 .text.HK_collect_EPS
                0x2001c848       0x30 ./src/sub-systemCode/Global/OnlineTM.o
                0x2001c848                HK_collect_EPS
 .text.HK_collect_COMM
                0x2001c878       0x30 ./src/sub-systemCode/Global/OnlineTM.o
                0x2001c878                HK_collect_COMM
 .text.HK_collect_CAM
                0x2001c8a8       0x30 ./src/sub-systemCode/Global/OnlineTM.o
                0x2001c8a8                HK_collect_CAM
 .text.HK_collect_SP
                0x2001c8d8       0x30 ./src/sub-systemCode/Global/OnlineTM.o
                0x2001c8d8                HK_collect_SP
 .text.HK_collect_FS_A
                0x2001c908       0x9c ./src/sub-systemCode/Global/OnlineTM.o
                0x2001c908                HK_collect_FS_A
 .text.HK_collect_FS_B
                0x2001c9a4       0x9c ./src/sub-systemCode/Global/OnlineTM.o
                0x2001c9a4                HK_collect_FS_B
 .text.save_offlineSetting_FRAM
                0x2001ca40      0x26c ./src/sub-systemCode/Global/OnlineTM.o
                0x2001ca40                save_offlineSetting_FRAM
 .text.get_offlineSetting_FRAM
                0x2001ccac       0x58 ./src/sub-systemCode/Global/OnlineTM.o
                0x2001ccac                get_offlineSetting_FRAM
 .text.update_offlineSetting_FRAM
                0x2001cd04      0x360 ./src/sub-systemCode/Global/OnlineTM.o
                0x2001cd04                update_offlineSetting_FRAM
 .text.get_offlineSettingPacket
                0x2001d064       0xc4 ./src/sub-systemCode/Global/OnlineTM.o
                0x2001d064                get_offlineSettingPacket
 .text.get_item_by_index
                0x2001d128       0xdc ./src/sub-systemCode/Global/OnlineTM.o
                0x2001d128                get_item_by_index
 .text.get_pointer_item_by_index
                0x2001d204       0x48 ./src/sub-systemCode/Global/OnlineTM.o
                0x2001d204                get_pointer_item_by_index
 .text.init_onlineParam
                0x2001d24c     0x2f70 ./src/sub-systemCode/Global/OnlineTM.o
                0x2001d24c                init_onlineParam
 .text.reset_offline_TM_list
                0x200201bc      0x184 ./src/sub-systemCode/Global/OnlineTM.o
                0x200201bc                reset_offline_TM_list
 .text.get_online_packet
                0x20020340      0x25c ./src/sub-systemCode/Global/OnlineTM.o
                0x20020340                get_online_packet
 .text.save_onlineTM_param
                0x2002059c      0x1b4 ./src/sub-systemCode/Global/OnlineTM.o
                0x2002059c                save_onlineTM_param
 .text.add_onlineTM_param_to_save_list
                0x20020750      0x3e4 ./src/sub-systemCode/Global/OnlineTM.o
                0x20020750                add_onlineTM_param_to_save_list
 .text.delete_onlineTM_param_from_offline
                0x20020b34      0x1a8 ./src/sub-systemCode/Global/OnlineTM.o
                0x20020b34                delete_onlineTM_param_from_offline
 .text.save_onlineTM_logic
                0x20020cdc      0x2a8 ./src/sub-systemCode/Global/OnlineTM.o
                0x20020cdc                save_onlineTM_logic
 .text.updateSD_state
                0x20020f84       0xbc ./src/sub-systemCode/Global/OnlineTM.o
                0x20020f84                updateSD_state
 .text.save_onlineTM_task
                0x20021040       0xdc ./src/sub-systemCode/Global/OnlineTM.o
                0x20021040                save_onlineTM_task
 .text.delete_allTMFilesFromSD
                0x2002111c      0x154 ./src/sub-systemCode/Global/TLM_management.o
                0x2002111c                delete_allTMFilesFromSD
 .text.getNumOfFilesInFS
                0x20021270       0x44 ./src/sub-systemCode/Global/TLM_management.o
 .text.setNumOfFilesInFS
                0x200212b4       0x50 ./src/sub-systemCode/Global/TLM_management.o
 .text.f_managed_enterFS
                0x20021304       0x18 ./src/sub-systemCode/Global/TLM_management.o
                0x20021304                f_managed_enterFS
 .text.f_managed_releaseFS
                0x2002131c       0x18 ./src/sub-systemCode/Global/TLM_management.o
                0x2002131c                f_managed_releaseFS
 .text.f_managed_open
                0x20021334       0xfc ./src/sub-systemCode/Global/TLM_management.o
                0x20021334                f_managed_open
 .text.f_managed_close
                0x20021430       0x80 ./src/sub-systemCode/Global/TLM_management.o
                0x20021430                f_managed_close
 .text.createSemahores_FS
                0x200214b0       0x48 ./src/sub-systemCode/Global/TLM_management.o
                0x200214b0                createSemahores_FS
 .text.InitializeFS
                0x200214f8      0x180 ./src/sub-systemCode/Global/TLM_management.o
                0x200214f8                InitializeFS
 .text.c_fileCreate
                0x20021678       0xf4 ./src/sub-systemCode/Global/TLM_management.o
                0x20021678                c_fileCreate
 .text.writewithEpochtime
                0x2002176c       0x94 ./src/sub-systemCode/Global/TLM_management.o
 .text.get_C_FILE_struct
                0x20021800      0x104 ./src/sub-systemCode/Global/TLM_management.o
 .text.getFileIndex
                0x20021904       0x64 ./src/sub-systemCode/Global/TLM_management.o
 .text.get_file_name_by_index
                0x20021968       0x54 ./src/sub-systemCode/Global/TLM_management.o
                0x20021968                get_file_name_by_index
 .text.c_fileReset
                0x200219bc      0x140 ./src/sub-systemCode/Global/TLM_management.o
                0x200219bc                c_fileReset
 .text.c_fileWrite
                0x20021afc      0x168 ./src/sub-systemCode/Global/TLM_management.o
                0x20021afc                c_fileWrite
 .text.deleteElementsFromFile
                0x20021c64      0x188 ./src/sub-systemCode/Global/TLM_management.o
 .text.c_fileDeleteElements
                0x20021dec      0x168 ./src/sub-systemCode/Global/TLM_management.o
                0x20021dec                c_fileDeleteElements
 .text.c_fileRead
                0x20021f54      0x2f0 ./src/sub-systemCode/Global/TLM_management.o
                0x20021f54                c_fileRead
 .text.DeInitializeFS
                0x20022244       0xdc ./src/sub-systemCode/Global/TLM_management.o
                0x20022244                DeInitializeFS
 .text.xSemaphoreGive_extended
                0x20022320       0x48 ./src/sub-systemCode/Global/freertosExtended.o
                0x20022320                xSemaphoreGive_extended
 .text.xSemaphoreTake_extended
                0x20022368       0x54 ./src/sub-systemCode/Global/freertosExtended.o
                0x20022368                xSemaphoreTake_extended
 .text.WriteLog
                0x200223bc       0xb4 ./src/sub-systemCode/Global/logger.o
 .text.WriteErrorLog
                0x20022470       0x64 ./src/sub-systemCode/Global/logger.o
                0x20022470                WriteErrorLog
 .text.WritePayloadLog
                0x200224d4       0x50 ./src/sub-systemCode/Global/logger.o
                0x200224d4                WritePayloadLog
 .text.WriteEpsLog
                0x20022524       0x4c ./src/sub-systemCode/Global/logger.o
                0x20022524                WriteEpsLog
 .text.WriteTransponderLog
                0x20022570       0x50 ./src/sub-systemCode/Global/logger.o
                0x20022570                WriteTransponderLog
 .text.castCharPointerToInt
                0x200225c0       0x84 ./src/sub-systemCode/CUF/CUF.o
                0x200225c0                castCharPointerToInt
 .text.castCharArrayToIntArray
                0x20022644       0xa4 ./src/sub-systemCode/CUF/CUF.o
                0x20022644                castCharArrayToIntArray
 .text.SavePerminantCUF
                0x200226e8      0x184 ./src/sub-systemCode/CUF/CUF.o
                0x200226e8                SavePerminantCUF
 .text.CUFSwitch
                0x2002286c       0x30 ./src/sub-systemCode/CUF/CUF.o
                0x2002286c                CUFSwitch
 .text.GenerateSSH
                0x2002289c       0x8c ./src/sub-systemCode/CUF/CUF.o
                0x2002289c                GenerateSSH
 .text.AuthenticateCUF
                0x20022928       0x64 ./src/sub-systemCode/CUF/CUF.o
                0x20022928                AuthenticateCUF
 .text.UpdatePerminantCUF
                0x2002298c       0x84 ./src/sub-systemCode/CUF/CUF.o
                0x2002298c                UpdatePerminantCUF
 .text.RemoveCUF
                0x20022a10      0x1ac ./src/sub-systemCode/CUF/CUF.o
                0x20022a10                RemoveCUF
 .text.CreateCUF
                0x20022bbc      0x114 ./src/sub-systemCode/CUF/CUF.o
                0x20022bbc                CreateCUF
 .text.ExecuteCUF
                0x20022cd0      0x210 ./src/sub-systemCode/CUF/CUF.o
                0x20022cd0                ExecuteCUF
 .text.IntegrateCUF
                0x20022ee0      0x1a4 ./src/sub-systemCode/CUF/CUF.o
                0x20022ee0                IntegrateCUF
 .text.AddToCUFTempArray
                0x20023084       0xa4 ./src/sub-systemCode/CUF/CUF.o
                0x20023084                AddToCUFTempArray
 .text.GetFromCUFTempArray
                0x20023128       0xe8 ./src/sub-systemCode/CUF/CUF.o
                0x20023128                GetFromCUFTempArray
 .text.DisableCUF
                0x20023210       0x84 ./src/sub-systemCode/CUF/CUF.o
                0x20023210                DisableCUF
 .text.EnableCUF
                0x20023294       0x84 ./src/sub-systemCode/CUF/CUF.o
                0x20023294                EnableCUF
 .text.initializeUpload
                0x20023318       0x9c ./src/sub-systemCode/CUF/uploadCodeTelemetry.o
                0x20023318                initializeUpload
 .text.removeFiles
                0x200233b4       0xc0 ./src/sub-systemCode/CUF/uploadCodeTelemetry.o
                0x200233b4                removeFiles
 .text.loadBackup
                0x20023474      0x134 ./src/sub-systemCode/CUF/uploadCodeTelemetry.o
                0x20023474                loadBackup
 .text.addToArray
                0x200235a8       0xd8 ./src/sub-systemCode/CUF/uploadCodeTelemetry.o
                0x200235a8                addToArray
 .text.headerHandle
                0x20023680       0xa8 ./src/sub-systemCode/CUF/uploadCodeTelemetry.o
                0x20023680                headerHandle
 .text.startCUFintegration
                0x20023728      0x1e4 ./src/sub-systemCode/CUF/uploadCodeTelemetry.o
                0x20023728                startCUFintegration
 .text.saveBackup
                0x2002390c      0x100 ./src/sub-systemCode/CUF/uploadCodeTelemetry.o
                0x2002390c                saveBackup
 .text.saveAck  0x20023a0c       0x28 ./src/sub-systemCode/CUF/uploadCodeTelemetry.o
                0x20023a0c                saveAck
 .text.reset_APRS_list
                0x20023a34       0xa4 ./src/sub-systemCode/COMM/APRS.o
                0x20023a34                reset_APRS_list
 .text.get_APRS_list
                0x20023ad8       0x88 ./src/sub-systemCode/COMM/APRS.o
                0x20023ad8                get_APRS_list
 .text.find_CMD_in_list
                0x20023b60       0x7c ./src/sub-systemCode/COMM/DelayedCommand_list.o
                0x20023b60                find_CMD_in_list
 .text.find_empty_in_list
                0x20023bdc       0x74 ./src/sub-systemCode/COMM/DelayedCommand_list.o
                0x20023bdc                find_empty_in_list
 .text.check_delayCommandTime
                0x20023c50       0xa8 ./src/sub-systemCode/COMM/DelayedCommand_list.o
                0x20023c50                check_delayCommandTime
 .text.execute_delayedCommand
                0x20023cf8       0x8c ./src/sub-systemCode/COMM/DelayedCommand_list.o
                0x20023cf8                execute_delayedCommand
 .text.check_delaycommand
                0x20023d84      0x198 ./src/sub-systemCode/COMM/DelayedCommand_list.o
                0x20023d84                check_delaycommand
 .text.reset_delayCommand
                0x20023f1c       0xc4 ./src/sub-systemCode/COMM/DelayedCommand_list.o
                0x20023f1c                reset_delayCommand
 .text.add_delayCommand
                0x20023fe0      0x220 ./src/sub-systemCode/COMM/DelayedCommand_list.o
                0x20023fe0                add_delayCommand
 .text.get_delayCommand_list
                0x20024200       0xb8 ./src/sub-systemCode/COMM/DelayedCommand_list.o
                0x20024200                get_delayCommand_list
 .text.EmptyOldestCommand
                0x200242b8      0x108 ./src/sub-systemCode/COMM/DelayedCommand_list.o
                0x200242b8                EmptyOldestCommand
 .text.decode_TCpacket
                0x200243c0      0x16c ./src/sub-systemCode/COMM/GSC.o
                0x200243c0                decode_TCpacket
 .text.encode_TCpacket
                0x2002452c      0x114 ./src/sub-systemCode/COMM/GSC.o
                0x2002452c                encode_TCpacket
 .text.encode_TMpacket
                0x20024640      0x104 ./src/sub-systemCode/COMM/GSC.o
                0x20024640                encode_TMpacket
 .text.build_raw_ACK
                0x20024744       0xbc ./src/sub-systemCode/COMM/GSC.o
                0x20024744                build_raw_ACK
 .text.build_data_field_ACK
                0x20024800       0x74 ./src/sub-systemCode/COMM/GSC.o
                0x20024800                build_data_field_ACK
 .text.update_FRAM_bitRate
                0x20024874      0x108 ./src/sub-systemCode/COMM/TRXVU.o
                0x20024874                update_FRAM_bitRate
 .text.toggle_idle_state
                0x2002497c       0xcc ./src/sub-systemCode/COMM/TRXVU.o
                0x2002497c                toggle_idle_state
 .text.TRXVU_init_hardWare
                0x20024a48       0xc8 ./src/sub-systemCode/COMM/TRXVU.o
                0x20024a48                TRXVU_init_hardWare
 .text.TRXVU_init_softWare
                0x20024b10      0x160 ./src/sub-systemCode/COMM/TRXVU.o
                0x20024b10                TRXVU_init_softWare
 .text.init_trxvu
                0x20024c70       0x14 ./src/sub-systemCode/COMM/TRXVU.o
                0x20024c70                init_trxvu
 .text.TRXVU_task
                0x20024c84       0xb8 ./src/sub-systemCode/COMM/TRXVU.o
                0x20024c84                TRXVU_task
 .text.dump_logic
                0x20024d3c      0x3b4 ./src/sub-systemCode/COMM/TRXVU.o
                0x20024d3c                dump_logic
 .text.Dump_task
                0x200250f0      0x1a4 ./src/sub-systemCode/COMM/TRXVU.o
                0x200250f0                Dump_task
 .text.transponder_logic
                0x20025294      0x120 ./src/sub-systemCode/COMM/TRXVU.o
                0x20025294                transponder_logic
 .text.Transponder_task
                0x200253b4      0x1b8 ./src/sub-systemCode/COMM/TRXVU.o
                0x200253b4                Transponder_task
 .text.lookForRequestToDelete_transponder
                0x2002556c       0x8c ./src/sub-systemCode/COMM/TRXVU.o
                0x2002556c                lookForRequestToDelete_transponder
 .text.lookForRequestToDelete_dump
                0x200255f8       0x88 ./src/sub-systemCode/COMM/TRXVU.o
                0x200255f8                lookForRequestToDelete_dump
 .text.sendRequestToStop_dump
                0x20025680       0x8c ./src/sub-systemCode/COMM/TRXVU.o
                0x20025680                sendRequestToStop_dump
 .text.sendRequestToStop_transponder
                0x2002570c       0x8c ./src/sub-systemCode/COMM/TRXVU.o
                0x2002570c                sendRequestToStop_transponder
 .text.Rx_logic
                0x20025798      0x1e8 ./src/sub-systemCode/COMM/TRXVU.o
                0x20025798                Rx_logic
 .text.pass_above_Ground
                0x20025980      0x13c ./src/sub-systemCode/COMM/TRXVU.o
                0x20025980                pass_above_Ground
 .text.check_TRXVUState
                0x20025abc      0x11c ./src/sub-systemCode/COMM/TRXVU.o
                0x20025abc                check_TRXVUState
 .text.trxvu_logic
                0x20025bd8       0x20 ./src/sub-systemCode/COMM/TRXVU.o
                0x20025bd8                trxvu_logic
 .text.Beacon_task
                0x20025bf8      0x1c4 ./src/sub-systemCode/COMM/TRXVU.o
                0x20025bf8                Beacon_task
 .text.buildAndSend_beacon
                0x20025dbc      0x5c0 ./src/sub-systemCode/COMM/TRXVU.o
                0x20025dbc                buildAndSend_beacon
 .text.reset_FRAM_TRXVU
                0x2002637c      0x208 ./src/sub-systemCode/COMM/TRXVU.o
                0x2002637c                reset_FRAM_TRXVU
 .text.TRX_sendFrame
                0x20026584      0x1c8 ./src/sub-systemCode/COMM/TRXVU.o
                0x20026584                TRX_sendFrame
 .text.TRX_getFrameData
                0x2002674c      0x144 ./src/sub-systemCode/COMM/TRXVU.o
                0x2002674c                TRX_getFrameData
 .text.mute_Tx  0x20026890       0x20 ./src/sub-systemCode/COMM/TRXVU.o
                0x20026890                mute_Tx
 .text.unmute_Tx
                0x200268b0       0x58 ./src/sub-systemCode/COMM/TRXVU.o
                0x200268b0                unmute_Tx
 .text.check_time_off_mute
                0x20026908       0xc0 ./src/sub-systemCode/COMM/TRXVU.o
                0x20026908                check_time_off_mute
 .text.set_mute_time
                0x200269c8      0x100 ./src/sub-systemCode/COMM/TRXVU.o
                0x200269c8                set_mute_time
 .text.change_TRXVU_state
                0x20026ac8      0x118 ./src/sub-systemCode/COMM/TRXVU.o
                0x20026ac8                change_TRXVU_state
 .text.change_trans_RSSI
                0x20026be0       0x7c ./src/sub-systemCode/COMM/TRXVU.o
                0x20026be0                change_trans_RSSI
 .text.AdcsReadI2cAck
                0x20026c5c       0xfc ./src/sub-systemCode/ADCS/AdcsCommands.o
                0x20026c5c                AdcsReadI2cAck
 .text.AdcsGenericI2cCmd
                0x20026d58      0x198 ./src/sub-systemCode/ADCS/AdcsCommands.o
                0x20026d58                AdcsGenericI2cCmd
 .text.SendAdcsTlm
                0x20026ef0      0x1b8 ./src/sub-systemCode/ADCS/AdcsCommands.o
                0x20026ef0                SendAdcsTlm
 .text.AdcsExecuteCommand
                0x200270a8     0x1e84 ./src/sub-systemCode/ADCS/AdcsCommands.o
                0x200270a8                AdcsExecuteCommand
 .text.cspaceADCS_getEstimatedAngles
                0x20028f2c       0x98 ./src/sub-systemCode/ADCS/AdcsGetDataAndTlm.o
                0x20028f2c                cspaceADCS_getEstimatedAngles
 .text.cspaceADCS_getEstimatedAnglesRates
                0x20028fc4       0x98 ./src/sub-systemCode/ADCS/AdcsGetDataAndTlm.o
                0x20028fc4                cspaceADCS_getEstimatedAnglesRates
 .text.cspaceADCS_getSatellitePosition
                0x2002905c       0x98 ./src/sub-systemCode/ADCS/AdcsGetDataAndTlm.o
                0x2002905c                cspaceADCS_getSatellitePosition
 .text.InitTlmElements
                0x200290f4      0x238 ./src/sub-systemCode/ADCS/AdcsGetDataAndTlm.o
                0x200290f4                InitTlmElements
 .text.CreateTlmElementFiles
                0x2002932c      0x178 ./src/sub-systemCode/ADCS/AdcsGetDataAndTlm.o
                0x2002932c                CreateTlmElementFiles
 .text.SaveElementTlmAtIndex
                0x200294a4      0x424 ./src/sub-systemCode/ADCS/AdcsGetDataAndTlm.o
                0x200294a4                SaveElementTlmAtIndex
 .text.UpdateTlmElementAtIndex
                0x200298c8      0x150 ./src/sub-systemCode/ADCS/AdcsGetDataAndTlm.o
                0x200298c8                UpdateTlmElementAtIndex
 .text.UpdateTlmToSaveVector
                0x20029a18       0xc8 ./src/sub-systemCode/ADCS/AdcsGetDataAndTlm.o
                0x20029a18                UpdateTlmToSaveVector
 .text.UpdateTlmPeriodVector
                0x20029ae0      0x120 ./src/sub-systemCode/ADCS/AdcsGetDataAndTlm.o
                0x20029ae0                UpdateTlmPeriodVector
 .text.AdcsGetTlmOverrideFlag
                0x20029c00       0x5c ./src/sub-systemCode/ADCS/AdcsGetDataAndTlm.o
                0x20029c00                AdcsGetTlmOverrideFlag
 .text.AdcsSetTlmOverrideFlag
                0x20029c5c       0x9c ./src/sub-systemCode/ADCS/AdcsGetDataAndTlm.o
                0x20029c5c                AdcsSetTlmOverrideFlag
 .text.RestoreDefaultTlmElement
                0x20029cf8      0x1ec ./src/sub-systemCode/ADCS/AdcsGetDataAndTlm.o
                0x20029cf8                RestoreDefaultTlmElement
 .text.GetTlmElementAtIndex
                0x20029ee4       0x80 ./src/sub-systemCode/ADCS/AdcsGetDataAndTlm.o
                0x20029ee4                GetTlmElementAtIndex
 .text.GatherTlmAndData
                0x20029f64       0xd0 ./src/sub-systemCode/ADCS/AdcsGetDataAndTlm.o
                0x20029f64                GatherTlmAndData
 .text.UpdateAdcsFramParameters
                0x2002a034      0x124 ./src/sub-systemCode/ADCS/AdcsMain.o
                0x2002a034                UpdateAdcsFramParameters
 .text.AdcsInit
                0x2002a158      0x168 ./src/sub-systemCode/ADCS/AdcsMain.o
                0x2002a158                AdcsInit
 .text.AdcsTask
                0x2002a2c0      0x128 ./src/sub-systemCode/ADCS/AdcsMain.o
                0x2002a2c0                AdcsTask
 .text.AdcsTroubleShooting
                0x2002a3e8       0x88 ./src/sub-systemCode/ADCS/AdcsTroubleShooting.o
                0x2002a3e8                AdcsTroubleShooting
 .text.UpdateAdcsStateMachine
                0x2002a470       0x1c ./src/sub-systemCode/ADCS/StateMachine.o
                0x2002a470                UpdateAdcsStateMachine
 .text.save_time
                0x2002a48c       0x9c ./src/main.o
                0x2002a48c                save_time
 .text.Command_logic
                0x2002a528       0x6c ./src/main.o
                0x2002a528                Command_logic
 .text.taskMain
                0x2002a594       0x68 ./src/main.o
                0x2002a594                taskMain
 .text.main     0x2002a5fc       0x88 ./src/main.o
                0x2002a5fc                main
 .text.GomEpsInitialize
                0x2002a684      0x148 C:/HOOPOE3/satellite-subsystems/demo/..//satellite-subsystems/lib\libSatelliteSubsystemsD.a(GomEPS.o)
                0x2002a684                GomEpsInitialize
 .text.makeEPStransfer
                0x2002a7cc       0x3c C:/HOOPOE3/satellite-subsystems/demo/..//satellite-subsystems/lib\libSatelliteSubsystemsD.a(GomEPS.o)
 .text.GomEpsPing
                0x2002a808       0xf8 C:/HOOPOE3/satellite-subsystems/demo/..//satellite-subsystems/lib\libSatelliteSubsystemsD.a(GomEPS.o)
                0x2002a808                GomEpsPing
 .text.GomEpsSoftReset
                0x2002a900       0xc4 C:/HOOPOE3/satellite-subsystems/demo/..//satellite-subsystems/lib\libSatelliteSubsystemsD.a(GomEPS.o)
                0x2002a900                GomEpsSoftReset
 .text.GomEpsHardReset
                0x2002a9c4       0xa8 C:/HOOPOE3/satellite-subsystems/demo/..//satellite-subsystems/lib\libSatelliteSubsystemsD.a(GomEPS.o)
                0x2002a9c4                GomEpsHardReset
 .text.GomEpsGetHkData_param
                0x2002aa6c      0x29c C:/HOOPOE3/satellite-subsystems/demo/..//satellite-subsystems/lib\libSatelliteSubsystemsD.a(GomEPS.o)
                0x2002aa6c                GomEpsGetHkData_param
 .text.GomEpsGetHkData_general
                0x2002ad08      0x45c C:/HOOPOE3/satellite-subsystems/demo/..//satellite-subsystems/lib\libSatelliteSubsystemsD.a(GomEPS.o)
                0x2002ad08                GomEpsGetHkData_general
 .text.GomEpsGetHkData_vi
                0x2002b164      0x188 C:/HOOPOE3/satellite-subsystems/demo/..//satellite-subsystems/lib\libSatelliteSubsystemsD.a(GomEPS.o)
                0x2002b164                GomEpsGetHkData_vi
 .text.GomEpsGetHkData_out
                0x2002b2ec      0x21c C:/HOOPOE3/satellite-subsystems/demo/..//satellite-subsystems/lib\libSatelliteSubsystemsD.a(GomEPS.o)
                0x2002b2ec                GomEpsGetHkData_out
 .text.GomEpsGetHkData_wdt
                0x2002b508      0x2b4 C:/HOOPOE3/satellite-subsystems/demo/..//satellite-subsystems/lib\libSatelliteSubsystemsD.a(GomEPS.o)
                0x2002b508                GomEpsGetHkData_wdt
 .text.GomEpsGetHkData_basic
                0x2002b7bc      0x22c C:/HOOPOE3/satellite-subsystems/demo/..//satellite-subsystems/lib\libSatelliteSubsystemsD.a(GomEPS.o)
                0x2002b7bc                GomEpsGetHkData_basic
 .text.GomEpsSetOutput
                0x2002b9e8       0xbc C:/HOOPOE3/satellite-subsystems/demo/..//satellite-subsystems/lib\libSatelliteSubsystemsD.a(GomEPS.o)
                0x2002b9e8                GomEpsSetOutput
 .text.GomEpsResetWDT