Archive member included because of file (symbol)

c:/isis/application/toolchain/bin/../lib/gcc/arm-none-eabi/4.7.4/../../../../arm-none-eabi/lib\libc_s.a(lib_a-vfprintf_float.o)
                              (_printf_float)
c:/isis/application/toolchain/bin/../lib/gcc/arm-none-eabi/4.7.4/../../../../arm-none-eabi/lib\libc_s.a(lib_a-vfprintf_i.o)
                              c:/isis/application/toolchain/bin/../lib/gcc/arm-none-eabi/4.7.4/../../../../arm-none-eabi/lib\libc_s.a(lib_a-vfprintf_float.o) (_printf_common)
c:/isis/application/toolchain/bin/../lib/gcc/arm-none-eabi/4.7.4/../../../../arm-none-eabi/lib\libc_s.a(lib_a-vfscanf_float.o)
                              (_scanf_float)
c:/isis/application/toolchain/bin/../lib/gcc/arm-none-eabi/4.7.4/../../../../arm-none-eabi/lib\libc_s.a(lib_a-dtoa.o)
                              c:/isis/application/toolchain/bin/../lib/gcc/arm-none-eabi/4.7.4/../../../../arm-none-eabi/lib\libc_s.a(lib_a-vfprintf_float.o) (_dtoa_r)
c:/isis/application/toolchain/bin/../lib/gcc/arm-none-eabi/4.7.4/../../../../arm-none-eabi/lib\libc_s.a(lib_a-locale.o)
                              c:/isis/application/toolchain/bin/../lib/gcc/arm-none-eabi/4.7.4/../../../../arm-none-eabi/lib\libc_s.a(lib_a-vfprintf_float.o) (_localeconv_r)
c:/isis/application/toolchain/bin/../lib/gcc/arm-none-eabi/4.7.4/../../../../arm-none-eabi/lib\libc_s.a(lib_a-malloc.o)
                              c:/isis/application/toolchain/bin/../lib/gcc/arm-none-eabi/4.7.4/../../../../arm-none-eabi/lib\libc_s.a(lib_a-dtoa.o) (malloc)
c:/isis/application/toolchain/bin/../lib/gcc/arm-none-eabi/4.7.4/../../../../arm-none-eabi/lib\libc_s.a(lib_a-mallocr.o)
                              c:/isis/application/toolchain/bin/../lib/gcc/arm-none-eabi/4.7.4/../../../../arm-none-eabi/lib\libc_s.a(lib_a-malloc.o) (_malloc_r)
c:/isis/application/toolchain/bin/../lib/gcc/arm-none-eabi/4.7.4/../../../../arm-none-eabi/lib\libc_s.a(lib_a-memcpy.o)
                              c:/isis/application/toolchain/bin/../lib/gcc/arm-none-eabi/4.7.4/../../../../arm-none-eabi/lib\libc_s.a(lib_a-dtoa.o) (memcpy)
c:/isis/application/toolchain/bin/../lib/gcc/arm-none-eabi/4.7.4/../../../../arm-none-eabi/lib\libc_s.a(lib_a-mprec.o)
                              c:/isis/application/toolchain/bin/../lib/gcc/arm-none-eabi/4.7.4/../../../../arm-none-eabi/lib\libc_s.a(lib_a-dtoa.o) (_Balloc)
c:/isis/application/toolchain/bin/../lib/gcc/arm-none-eabi/4.7.4/../../../../arm-none-eabi/lib\libc_s.a(lib_a-s_fpclassify.o)
                              c:/isis/application/toolchain/bin/../lib/gcc/arm-none-eabi/4.7.4/../../../../arm-none-eabi/lib\libc_s.a(lib_a-vfprintf_float.o) (__fpclassifyd)
c:/isis/application/toolchain/bin/../lib/gcc/arm-none-eabi/4.7.4/../../../../arm-none-eabi/lib\libc_s.a(lib_a-sbrkr.o)
                              c:/isis/application/toolchain/bin/../lib/gcc/arm-none-eabi/4.7.4/../../../../arm-none-eabi/lib\libc_s.a(lib_a-mallocr.o) (_sbrk_r)
c:/isis/application/toolchain/bin/../lib/gcc/arm-none-eabi/4.7.4/../../../../arm-none-eabi/lib\libc_s.a(lib_a-sf_nan.o)
                              c:/isis/application/toolchain/bin/../lib/gcc/arm-none-eabi/4.7.4/../../../../arm-none-eabi/lib\libc_s.a(lib_a-vfscanf_float.o) (nanf)
c:/isis/application/toolchain/bin/../lib/gcc/arm-none-eabi/4.7.4/../../../../arm-none-eabi/lib\libc_s.a(lib_a-sprintf.o)
                              c:/isis/application/toolchain/bin/../lib/gcc/arm-none-eabi/4.7.4/../../../../arm-none-eabi/lib\libc_s.a(lib_a-vfscanf_float.o) (sprintf)
c:/isis/application/toolchain/bin/../lib/gcc/arm-none-eabi/4.7.4/../../../../arm-none-eabi/lib\libc_s.a(lib_a-strcmp.o)
                              c:/isis/application/toolchain/bin/../lib/gcc/arm-none-eabi/4.7.4/../../../../arm-none-eabi/lib\libc_s.a(lib_a-locale.o) (strcmp)
c:/isis/application/toolchain/bin/../lib/gcc/arm-none-eabi/4.7.4/../../../../arm-none-eabi/lib\libc_s.a(lib_a-strlen.o)
                              c:/isis/application/toolchain/bin/../lib/gcc/arm-none-eabi/4.7.4/../../../../arm-none-eabi/lib\libc_s.a(lib_a-vfprintf_float.o) (strlen)
c:/isis/application/toolchain/bin/../lib/gcc/arm-none-eabi/4.7.4/../../../../arm-none-eabi/lib\libc_s.a(lib_a-strtod.o)
                              c:/isis/application/toolchain/bin/../lib/gcc/arm-none-eabi/4.7.4/../../../../arm-none-eabi/lib\libc_s.a(lib_a-vfscanf_float.o) (_strtod_r)
c:/isis/application/toolchain/bin/../lib/gcc/arm-none-eabi/4.7.4/../../../../arm-none-eabi/lib\libc_s.a(lib_a-strtol.o)
                              c:/isis/application/toolchain/bin/../lib/gcc/arm-none-eabi/4.7.4/../../../../arm-none-eabi/lib\libc_s.a(lib_a-vfscanf_float.o) (_strtol_r)
c:/isis/application/toolchain/bin/../lib/gcc/arm-none-eabi/4.7.4/../../../../arm-none-eabi/lib\libc_s.a(lib_a-svfprintf.o)
                              c:/isis/application/toolchain/bin/../lib/gcc/arm-none-eabi/4.7.4/../../../../arm-none-eabi/lib\libc_s.a(lib_a-sprintf.o) (_svfprintf_r)
[...]
Memory Configuration

Name             Origin             Length             Attributes
sram0            0x00200000         0x00004000         w !xr
sram1            0x00300000         0x00004000         w !xr
sdram            0x20000000         0x02000000         w !xr
*default*        0x00000000         0xffffffff

Linker script and memory map

LOAD c:/isis/application/toolchain/bin/../lib/gcc/arm-none-eabi/4.7.4/../../../../arm-none-eabi/lib\libc_s.a
LOAD ./src/sub-systemCode/payload/ImgCompressor/ImgCompressor.o
LOAD ./src/sub-systemCode/payload/ImgCompressor/rawToBMP.o
LOAD ./src/sub-systemCode/payload/Boolean_bit.o
LOAD ./src/sub-systemCode/payload/Butchering.o
LOAD ./src/sub-systemCode/payload/Camera.o
LOAD ./src/sub-systemCode/payload/CameraManeger.o
LOAD ./src/sub-systemCode/payload/DB_RequestHandling.o
LOAD ./src/sub-systemCode/payload/DataBase.o
LOAD ./src/sub-systemCode/payload/FRAM_Extended.o
LOAD ./src/sub-systemCode/Tests/Test.o
LOAD ./src/sub-systemCode/Main/CMD/COMM_CMD.o
LOAD ./src/sub-systemCode/Main/CMD/EPS_CMD.o
LOAD ./src/sub-systemCode/Main/CMD/General_CMD.o
LOAD ./src/sub-systemCode/Main/CMD/SW_CMD.o
LOAD ./src/sub-systemCode/Main/CMD/payload_CMD.o
LOAD ./src/sub-systemCode/Main/CMD/test_CMD.o
LOAD ./src/sub-systemCode/Main/Ants.o
LOAD ./src/sub-systemCode/Main/EPS.o
LOAD ./src/sub-systemCode/Main/HouseKeeping.o
LOAD ./src/sub-systemCode/Main/Main_Init.o
LOAD ./src/sub-systemCode/Main/commands.o
LOAD ./src/sub-systemCode/Global/Global.o
LOAD ./src/sub-systemCode/Global/GlobalParam.o
LOAD ./src/sub-systemCode/Global/TM_managment.o
LOAD ./src/sub-systemCode/COMM/APRS.o
LOAD ./src/sub-systemCode/COMM/DelayedCommand_list.o
LOAD ./src/sub-systemCode/COMM/GSC.o
LOAD ./src/sub-systemCode/COMM/TRXVU.o
LOAD ./src/sub-systemCode/COMM/imageDump.o
LOAD ./src/sub-systemCode/ADCS/ADCS.o
LOAD ./src/sub-systemCode/ADCS/Stage_Table.o
LOAD ./src/main.o
LOAD C:/Hoopoe3/Hoopoe3/satellite-subsystems/demo/..//satellite-subsystems/lib\libSatelliteSubsystemsD.a
LOAD c:/isis/application/toolchain/bin/../lib/gcc/arm-none-eabi/4.7.4/../../../../arm-none-eabi/lib\libm.a
LOAD C:/Hoopoe3/Hoopoe3/satellite-subsystems/demo/../..//hal/hcc/lib\libHCCD.a
LOAD C:/Hoopoe3/Hoopoe3/satellite-subsystems/demo/../..//hal/hal/lib\libHALD.a
LOAD C:/Hoopoe3/Hoopoe3/satellite-subsystems/demo/../..//hal/freertos/lib\libFreeRTOSD.a
LOAD C:/Hoopoe3/Hoopoe3/satellite-subsystems/demo/../..//hal/at91/lib\libAt91D.a
START GROUP
LOAD c:/isis/application/toolchain/bin/../lib/gcc/arm-none-eabi/4.7.4\libgcc.a
LOAD c:/isis/application/toolchain/bin/../lib/gcc/arm-none-eabi/4.7.4/../../../../arm-none-eabi/lib\libc_s.a
END GROUP

.fixed          0x20000000    0x3d3d4
                0x20000000                . = ALIGN (0x4)
                0x20000000                _sfixed = .
 *(.startup)
 .startup       0x20000000      0x134 C:/Hoopoe3/Hoopoe3/satellite-subsystems/demo/../..//hal/at91/lib\libAt91D.a(board_cstartup.o)
                0x20000000                entry
 *(.text)
 .text          0x20000134       0x64 C:/Hoopoe3/Hoopoe3/satellite-subsystems/demo/../..//hal/at91/lib\libAt91D.a(cp15_asm.o)
                0x20000134                _readControlRegister
                0x20000140                _writeControlRegister
                0x20000148                _waitForInterrupt
                0x20000154                _writeTTB
                0x2000015c                _writeDomain
                0x20000164                _writeITLBLockdown
                0x2000016c                _prefetchICacheLine
                0x20000174                _flushDCache
                0x20000180                _flushWriteBuffer
                0x2000018c                _invalidateIDTLBs
 .text          0x20000198      0x114 c:/isis/application/toolchain/bin/../lib/gcc/arm-none-eabi/4.7.4\libgcc.a(_udivsi3.o)
                0x20000198                __aeabi_uidiv
                0x20000198                __udivsi3
                0x2000028c                __aeabi_uidivmod
 .text          0x200002ac      0x148 c:/isis/application/toolchain/bin/../lib/gcc/arm-none-eabi/4.7.4\libgcc.a(_divsi3.o)
                0x200002ac                __divsi3
                0x200002ac                __aeabi_idiv
                0x200003d4                __aeabi_idivmod
 .text          0x200003f4        0x4 c:/isis/application/toolchain/bin/../lib/gcc/arm-none-eabi/4.7.4\libgcc.a(_dvmd_tls.o)
                0x200003f4                __aeabi_idiv0
                0x200003f4                __aeabi_ldiv0
 .text          0x200003f8      0x41c c:/isis/application/toolchain/bin/../lib/gcc/arm-none-eabi/4.7.4\libgcc.a(_arm_addsubdf3.o)
                0x200003f8                __aeabi_drsub
                0x20000400                __aeabi_dsub
                0x20000400                __subdf3
                0x20000404                __aeabi_dadd
                0x20000404                __adddf3
                0x20000714                __floatunsidf
                0x20000714                __aeabi_ui2d
                0x20000738                __floatsidf
                0x20000738                __aeabi_i2d
                0x20000760                __aeabi_f2d
                0x20000760                __extendsfdf2
                0x200007a0                __floatundidf
                0x200007a0                __aeabi_ul2d
                0x200007b4                __floatdidf
                0x200007b4                __aeabi_l2d
 .text          0x20000814      0x49c c:/isis/application/toolchain/bin/../lib/gcc/arm-none-eabi/4.7.4\libgcc.a(_arm_muldivdf3.o)
                0x20000814                __aeabi_dmul
                0x20000814                __muldf3
                0x20000aa4                __divdf3
                0x20000aa4                __aeabi_ddiv
 .text          0x20000cb0      0x144 c:/isis/application/toolchain/bin/../lib/gcc/arm-none-eabi/4.7.4\libgcc.a(_arm_cmpdf2.o)
                0x20000cb0                __gtdf2
                0x20000cb0                __gedf2
                0x20000cb8                __ltdf2
                0x20000cb8                __ledf2
                0x20000cc0                __nedf2
                0x20000cc0                __eqdf2
                0x20000cc0                __cmpdf2
                0x20000d48                __aeabi_cdrcmple
                0x20000d64                __aeabi_cdcmpeq
                0x20000d64                __aeabi_cdcmple
                0x20000d7c                __aeabi_dcmpeq
                0x20000d94                __aeabi_dcmplt
                0x20000dac                __aeabi_dcmple
                0x20000dc4                __aeabi_dcmpge
                0x20000ddc                __aeabi_dcmpgt
 .text          0x20000df4       0x5c c:/isis/application/toolchain/bin/../lib/gcc/arm-none-eabi/4.7.4\libgcc.a(_arm_fixdfsi.o)
                0x20000df4                __aeabi_d2iz
                0x20000df4                __fixdfsi
 .text          0x20000e50       0x54 c:/isis/application/toolchain/bin/../lib/gcc/arm-none-eabi/4.7.4\libgcc.a(_arm_fixunsdfsi.o)
                0x20000e50                __aeabi_d2uiz
                0x20000e50                __fixunsdfsi
 .text          0x20000ea4       0xa0 c:/isis/application/toolchain/bin/../lib/gcc/arm-none-eabi/4.7.4\libgcc.a(_arm_truncdfsf2.o)
                0x20000ea4                __truncdfsf2
                0x20000ea4                __aeabi_d2f
 .text          0x20000f44      0x2ac c:/isis/application/toolchain/bin/../lib/gcc/arm-none-eabi/4.7.4\libgcc.a(_arm_addsubsf3.o)
                0x20000f44                __aeabi_frsub
                0x20000f4c                __subsf3
                0x20000f4c                __aeabi_fsub
                0x20000f50                __aeabi_fadd
                0x20000f50                __addsf3
                0x2000110c                __aeabi_ui2f
                0x2000110c                __floatunsisf
                0x20001114                __aeabi_i2f
                0x20001114                __floatsisf
                0x20001134                __aeabi_ul2f
                0x20001134                __floatundisf
                0x20001144                __aeabi_l2f
                0x20001144                __floatdisf
 .text          0x200011f0      0x2f8 c:/isis/application/toolchain/bin/../lib/gcc/arm-none-eabi/4.7.4\libgcc.a(_arm_muldivsf3.o)
                0x200011f0                __mulsf3
                0x200011f0                __aeabi_fmul
                0x20001388                __aeabi_fdiv
                0x20001388                __divsf3
 .text          0x200014e8       0x5c c:/isis/application/toolchain/bin/../lib/gcc/arm-none-eabi/4.7.4\libgcc.a(_arm_fixsfsi.o)
                0x200014e8                __aeabi_f2iz
                0x200014e8                __fixsfsi
 .text          0x20001544       0x54 c:/isis/application/toolchain/bin/../lib/gcc/arm-none-eabi/4.7.4\libgcc.a(_arm_fixunssfsi.o)
                0x20001544                __fixunssfsi
                0x20001544                __aeabi_f2uiz
 *(.text*)
 .text.__cvt    0x20001598      0x138 c:/isis/application/toolchain/bin/../lib/gcc/arm-none-eabi/4.7.4/../../../../arm-none-eabi/lib\libc_s.a(lib_a-vfprintf_float.o)
                0x20001598                __cvt
 .text.__exponent
                0x200016d0       0xa8 c:/isis/application/toolchain/bin/../lib/gcc/arm-none-eabi/4.7.4/../../../../arm-none-eabi/lib\libc_s.a(lib_a-vfprintf_float.o)
                0x200016d0                __exponent
 .text._printf_float
                0x20001778      0x7dc c:/isis/application/toolchain/bin/../lib/gcc/arm-none-eabi/4.7.4/../../../../arm-none-eabi/lib\libc_s.a(lib_a-vfprintf_float.o)
                0x20001778                _printf_float
 .text._printf_common
                0x20001f54      0x174 c:/isis/application/toolchain/bin/../lib/gcc/arm-none-eabi/4.7.4/../../../../arm-none-eabi/lib\libc_s.a(lib_a-vfprintf_i.o)
                0x20001f54                _printf_common
 .text._printf_i
                0x200020c8      0x3c4 c:/isis/application/toolchain/bin/../lib/gcc/arm-none-eabi/4.7.4/../../../../arm-none-eabi/lib\libc_s.a(lib_a-vfprintf_i.o)
                0x200020c8                _printf_i
 .text._scanf_float
                0x2000248c      0x5f4 c:/isis/application/toolchain/bin/../lib/gcc/arm-none-eabi/4.7.4/../../../../arm-none-eabi/lib\libc_s.a(lib_a-vfscanf_float.o)
                0x2000248c                _scanf_float
 .text.quorem   0x20002a80      0x1ac c:/isis/application/toolchain/bin/../lib/gcc/arm-none-eabi/4.7.4/../../../../arm-none-eabi/lib\libc_s.a(lib_a-dtoa.o)
 .text._dtoa_r  0x20002c2c     0x1268 c:/isis/application/toolchain/bin/../lib/gcc/arm-none-eabi/4.7.4/../../../../arm-none-eabi/lib\libc_s.a(lib_a-dtoa.o)
                0x20002c2c                _dtoa_r
 .text._localeconv_r
                0x20003e94        0xc c:/isis/application/toolchain/bin/../lib/gcc/arm-none-eabi/4.7.4/../../../../arm-none-eabi/lib\libc_s.a(lib_a-locale.o)
                0x20003e94                _localeconv_r
 .text.malloc   0x20003ea0       0x20 c:/isis/application/toolchain/bin/../lib/gcc/arm-none-eabi/4.7.4/../../../../arm-none-eabi/lib\libc_s.a(lib_a-malloc.o)
                0x20003ea0                malloc
 .text.free     0x20003ec0       0x20 c:/isis/application/toolchain/bin/../lib/gcc/arm-none-eabi/4.7.4/../../../../arm-none-eabi/lib\libc_s.a(lib_a-malloc.o)
                0x20003ec0                free
 .text._malloc_r
                0x20003ee0       0xfc c:/isis/application/toolchain/bin/../lib/gcc/arm-none-eabi/4.7.4/../../../../arm-none-eabi/lib\libc_s.a(lib_a-mallocr.o)
                0x20003ee0                _malloc_r
 .text.memcpy   0x20003fdc       0x20 c:/isis/application/toolchain/bin/../lib/gcc/arm-none-eabi/4.7.4/../../../../arm-none-eabi/lib\libc_s.a(lib_a-memcpy.o)
                0x20003fdc                memcpy
 .text._Balloc  0x20003ffc       0xcc c:/isis/application/toolchain/bin/../lib/gcc/arm-none-eabi/4.7.4/../../../../arm-none-eabi/lib\libc_s.a(lib_a-mprec.o)
                0x20003ffc                _Balloc
 .text._Bfree   0x200040c8       0x5c c:/isis/application/toolchain/bin/../lib/gcc/arm-none-eabi/4.7.4/../../../../arm-none-eabi/lib\libc_s.a(lib_a-mprec.o)
                0x200040c8                _Bfree
 .text.__multadd
                0x20004124       0xbc c:/isis/application/toolchain/bin/../lib/gcc/arm-none-eabi/4.7.4/../../../../arm-none-eabi/lib\libc_s.a(lib_a-mprec.o)
                0x20004124                __multadd
 .text.__s2b    0x200041e0       0xd8 c:/isis/application/toolchain/bin/../lib/gcc/arm-none-eabi/4.7.4/../../../../arm-none-eabi/lib\libc_s.a(lib_a-mprec.o)
                0x200041e0                __s2b
 .text.__hi0bits
                0x200042b8       0x58 c:/isis/application/toolchain/bin/../lib/gcc/arm-none-eabi/4.7.4/../../../../arm-none-eabi/lib\libc_s.a(lib_a-mprec.o)
                0x200042b8                __hi0bits
 .text.__lo0bits
                0x20004310       0x94 c:/isis/application/toolchain/bin/../lib/gcc/arm-none-eabi/4.7.4/../../../../arm-none-eabi/lib\libc_s.a(lib_a-mprec.o)
                0x20004310                __lo0bits
 .text.__i2b    0x200043a4       0x24 c:/isis/application/toolchain/bin/../lib/gcc/arm-none-eabi/4.7.4/../../../../arm-none-eabi/lib\libc_s.a(lib_a-mprec.o)
                0x200043a4                __i2b
 .text.__multiply
                0x200043c8      0x1ac c:/isis/application/toolchain/bin/../lib/gcc/arm-none-eabi/4.7.4/../../../../arm-none-eabi/lib\libc_s.a(lib_a-mprec.o)
                0x200043c8                __multiply
 .text.__pow5mult
                0x20004574      0x10c c:/isis/application/toolchain/bin/../lib/gcc/arm-none-eabi/4.7.4/../../../../arm-none-eabi/lib\libc_s.a(lib_a-mprec.o)
                0x20004574                __pow5mult
 .text.__lshift
                0x20004680       0xf0 c:/isis/application/toolchain/bin/../lib/gcc/arm-none-eabi/4.7.4/../../../../arm-none-eabi/lib\libc_s.a(lib_a-mprec.o)
                0x20004680                __lshift
 .text.__mcmp   0x20004770       0x60 c:/isis/application/toolchain/bin/../lib/gcc/arm-none-eabi/4.7.4/../../../../arm-none-eabi/lib\libc_s.a(lib_a-mprec.o)
                0x20004770                __mcmp
 .text.__mdiff  0x200047d0      0x128 c:/isis/application/toolchain/bin/../lib/gcc/arm-none-eabi/4.7.4/../../../../arm-none-eabi/lib\libc_s.a(lib_a-mprec.o)
                0x200047d0                __mdiff
 .text.__ulp    0x200048f8       0x5c c:/isis/application/toolchain/bin/../lib/gcc/arm-none-eabi/4.7.4/../../../../arm-none-eabi/lib\libc_s.a(lib_a-mprec.o)
                0x200048f8                __ulp
 .text.__b2d    0x20004954       0xc8 c:/isis/application/toolchain/bin/../lib/gcc/arm-none-eabi/4.7.4/../../../../arm-none-eabi/lib\libc_s.a(lib_a-mprec.o)
                0x20004954                __b2d
 .text.__d2b    0x20004a1c       0xfc c:/isis/application/toolchain/bin/../lib/gcc/arm-none-eabi/4.7.4/../../../../arm-none-eabi/lib\libc_s.a(lib_a-mprec.o)
                0x20004a1c                __d2b
 .text.__ratio  0x20004b18       0x70 c:/isis/application/toolchain/bin/../lib/gcc/arm-none-eabi/4.7.4/../../../../arm-none-eabi/lib\libc_s.a(lib_a-mprec.o)
                0x20004b18                __ratio
 .text.__copybits
                0x20004b88       0x4c c:/isis/application/toolchain/bin/../lib/gcc/arm-none-eabi/4.7.4/../../../../arm-none-eabi/lib\libc_s.a(lib_a-mprec.o)
                0x20004b88                __copybits
 .text.__any_on
                0x20004bd4       0x7c c:/isis/application/toolchain/bin/../lib/gcc/arm-none-eabi/4.7.4/../../../../arm-none-eabi/lib\libc_s.a(lib_a-mprec.o)
                0x20004bd4                __any_on
 .text.__fpclassifyd
                0x20004c50       0x6c c:/isis/application/toolchain/bin/../lib/gcc/arm-none-eabi/4.7.4/../../../../arm-none-eabi/lib\libc_s.a(lib_a-s_fpclassify.o)
                0x20004c50                __fpclassifyd
 .text._sbrk_r  0x20004cbc       0x3c c:/isis/application/toolchain/bin/../lib/gcc/arm-none-eabi/4.7.4/../../../../arm-none-eabi/lib\libc_s.a(lib_a-sbrkr.o)
                0x20004cbc                _sbrk_r
 .text.nanf     0x20004cf8        0xc c:/isis/application/toolchain/bin/../lib/gcc/arm-none-eabi/4.7.4/../../../../arm-none-eabi/lib\libc_s.a(lib_a-sf_nan.o)
                0x20004cf8                nanf
 .text.sprintf  0x20004d04       0x6c c:/isis/application/toolchain/bin/../lib/gcc/arm-none-eabi/4.7.4/../../../../arm-none-eabi/lib\libc_s.a(lib_a-sprintf.o)
                0x20004d04                siprintf
                0x20004d04                sprintf
 .text.strcmp   0x20004d70       0x1c c:/isis/application/toolchain/bin/../lib/gcc/arm-none-eabi/4.7.4/../../../../arm-none-eabi/lib\libc_s.a(lib_a-strcmp.o)
                0x20004d70                strcmp
 .text.strlen   0x20004d8c       0x1c c:/isis/application/toolchain/bin/../lib/gcc/arm-none-eabi/4.7.4/../../../../arm-none-eabi/lib\libc_s.a(lib_a-strlen.o)
                0x20004d8c                strlen
 .text.match    0x20004da8       0x54 c:/isis/application/toolchain/bin/../lib/gcc/arm-none-eabi/4.7.4/../../../../arm-none-eabi/lib\libc_s.a(lib_a-strtod.o)
 .text._strtod_r
                0x20004dfc     0x1168 c:/isis/application/toolchain/bin/../lib/gcc/arm-none-eabi/4.7.4/../../../../arm-none-eabi/lib\libc_s.a(lib_a-strtod.o)
                0x20004dfc                _strtod_r
 .text._strtol_r
                0x20005f64      0x1b8 c:/isis/application/toolchain/bin/../lib/gcc/arm-none-eabi/4.7.4/../../../../arm-none-eabi/lib\libc_s.a(lib_a-strtol.o)
                0x20005f64                _strtol_r
 .text.__ssputc_r
                0x2000611c      0x10c c:/isis/application/toolchain/bin/../lib/gcc/arm-none-eabi/4.7.4/../../../../arm-none-eabi/lib\libc_s.a(lib_a-svfprintf.o)
                0x2000611c                __ssputc_r
 .text._svfprintf_r
                0x20006228      0x328 c:/isis/application/toolchain/bin/../lib/gcc/arm-none-eabi/4.7.4/../../../../arm-none-eabi/lib\libc_s.a(lib_a-svfprintf.o)
                0x20006228                _svfiprintf_r
                0x20006228                _svfprintf_r
 .text._calloc_r
                0x20006550       0x2c c:/isis/application/toolchain/bin/../lib/gcc/arm-none-eabi/4.7.4/../../../../arm-none-eabi/lib\libc_s.a(lib_a-callocr.o)
                0x20006550                _calloc_r
 .text._free_r  0x2000657c      0x108 c:/isis/application/toolchain/bin/../lib/gcc/arm-none-eabi/4.7.4/../../../../arm-none-eabi/lib\libc_s.a(lib_a-freer.o)
                0x2000657c                _free_r
 .text.rshift   0x20006684       0xb0 c:/isis/application/toolchain/bin/../lib/gcc/arm-none-eabi/4.7.4/../../../../arm-none-eabi/lib\libc_s.a(lib_a-gdtoa-gethex.o)
 .text.htinit.constprop.0
                0x20006734       0x34 c:/isis/application/toolchain/bin/../lib/gcc/arm-none-eabi/4.7.4/../../../../arm-none-eabi/lib\libc_s.a(lib_a-gdtoa-gethex.o)
 .text.__hexdig_init
                0x20006768       0x38 c:/isis/application/toolchain/bin/../lib/gcc/arm-none-eabi/4.7.4/../../../../arm-none-eabi/lib\libc_s.a(lib_a-gdtoa-gethex.o)
                0x20006768                __hexdig_init
 .text.__gethex
                0x200067a0      0x6cc c:/isis/application/toolchain/bin/../lib/gcc/arm-none-eabi/4.7.4/../../../../arm-none-eabi/lib\libc_s.a(lib_a-gdtoa-gethex.o)
                0x200067a0                __gethex
 .text.L_shift  0x20006e6c       0x38 c:/isis/application/toolchain/bin/../lib/gcc/arm-none-eabi/4.7.4/../../../../arm-none-eabi/lib\libc_s.a(lib_a-gdtoa-hexnan.o)
 .text.__hexnan
                0x20006ea4      0x1d8 c:/isis/application/toolchain/bin/../lib/gcc/arm-none-eabi/4.7.4/../../../../arm-none-eabi/lib\libc_s.a(lib_a-gdtoa-hexnan.o)
                0x20006ea4                __hexnan
 .text.memchr   0x2000707c       0x34 c:/isis/application/toolchain/bin/../lib/gcc/arm-none-eabi/4.7.4/../../../../arm-none-eabi/lib\libc_s.a(lib_a-memchr.o)
                0x2000707c                memchr
 .text.memset   0x200070b0       0x1c c:/isis/application/toolchain/bin/../lib/gcc/arm-none-eabi/4.7.4/../../../../arm-none-eabi/lib\libc_s.a(lib_a-memset.o)
                0x200070b0                memset
 .text._realloc_r
                0x200070cc       0x80 c:/isis/application/toolchain/bin/../lib/gcc/arm-none-eabi/4.7.4/../../../../arm-none-eabi/lib\libc_s.a(lib_a-reallocr.o)
                0x200070cc                _realloc_r
 .text.strncmp  0x2000714c       0x64 c:/isis/application/toolchain/bin/../lib/gcc/arm-none-eabi/4.7.4/../../../../arm-none-eabi/lib\libc_s.a(lib_a-strncmp.o)
                0x2000714c                strncmp
 .text._malloc_usable_size_r
                0x200071b0       0x1c c:/isis/application/toolchain/bin/../lib/gcc/arm-none-eabi/4.7.4/../../../../arm-none-eabi/lib\libc_s.a(lib_a-msizer.o)
                0x200071b0                _malloc_usable_size_r
 .text.reset_FIRST_activation
                0x200071cc       0x34 ./src/sub-systemCode/Tests/Test.o
                0x200071cc                reset_FIRST_activation
 .text.cmd_error
                0x20007200       0x38 ./src/sub-systemCode/Main/CMD/COMM_CMD.o
                0x20007200                cmd_error
 .text.cmd_mute
                0x20007238       0xc4 ./src/sub-systemCode/Main/CMD/COMM_CMD.o
                0x20007238                cmd_mute
 .text.cmd_unmute
                0x200072fc       0x4c ./src/sub-systemCode/Main/CMD/COMM_CMD.o
                0x200072fc                cmd_unmute
 .text.cmd_active_trans
                0x20007348       0xc0 ./src/sub-systemCode/Main/CMD/COMM_CMD.o
                0x20007348                cmd_active_trans
 .text.cmd_shut_trans
                0x20007408       0x38 ./src/sub-systemCode/Main/CMD/COMM_CMD.o
                0x20007408                cmd_shut_trans
 .text.cmd_change_trans_rssi
                0x20007440       0xb8 ./src/sub-systemCode/Main/CMD/COMM_CMD.o
                0x20007440                cmd_change_trans_rssi
 .text.cmd_aprs_dump
                0x200074f8       0x50 ./src/sub-systemCode/Main/CMD/COMM_CMD.o
                0x200074f8                cmd_aprs_dump
 .text.cmd_stop_dump
                0x20007548       0x38 ./src/sub-systemCode/Main/CMD/COMM_CMD.o
                0x20007548                cmd_stop_dump
 .text.cmd_time_frequency
                0x20007580       0xc0 ./src/sub-systemCode/Main/CMD/COMM_CMD.o
                0x20007580                cmd_time_frequency
 .text.cmd_upload_volt_logic
                0x20007640      0x3d0 ./src/sub-systemCode/Main/CMD/EPS_CMD.o
                0x20007640                cmd_upload_volt_logic
 .text.cmd_upload_volt_COMM
                0x20007a10      0x1c8 ./src/sub-systemCode/Main/CMD/EPS_CMD.o
                0x20007a10                cmd_upload_volt_COMM
 .text.cmd_heater_temp
                0x20007bd8       0xc0 ./src/sub-systemCode/Main/CMD/EPS_CMD.o
                0x20007bd8                cmd_heater_temp
 .text.cmd_SHUT_CAM
                0x20007c98       0x6c ./src/sub-systemCode/Main/CMD/EPS_CMD.o
                0x20007c98                cmd_SHUT_CAM
 .text.cmd_SHUT_ADCS
                0x20007d04       0x6c ./src/sub-systemCode/Main/CMD/EPS_CMD.o
                0x20007d04                cmd_SHUT_ADCS
 .text.cmd_allow_CAM
                0x20007d70       0x6c ./src/sub-systemCode/Main/CMD/EPS_CMD.o
                0x20007d70                cmd_allow_CAM
 .text.cmd_allow_ADCS
                0x20007ddc       0x6c ./src/sub-systemCode/Main/CMD/EPS_CMD.o
                0x20007ddc                cmd_allow_ADCS
 .text.cmd_generic_I2C
                0x20007e48       0xb4 ./src/sub-systemCode/Main/CMD/General_CMD.o
                0x20007e48                cmd_generic_I2C
 .text.cmd_dump
                0x20007efc       0xf0 ./src/sub-systemCode/Main/CMD/General_CMD.o
                0x20007efc                cmd_dump
 .text.cmd_delete_TM
                0x20007fec      0x1dc ./src/sub-systemCode/Main/CMD/General_CMD.o
                0x20007fec                cmd_delete_TM
 .text.cmd_reset_file
                0x200081c8      0x110 ./src/sub-systemCode/Main/CMD/General_CMD.o
                0x200081c8                cmd_reset_file
 .text.cmd_dummy_func
                0x200082d8       0x40 ./src/sub-systemCode/Main/CMD/General_CMD.o
                0x200082d8                cmd_dummy_func
 .text.cmd_soft_reset_cmponent
                0x20008318       0xb0 ./src/sub-systemCode/Main/CMD/General_CMD.o
                0x20008318                cmd_soft_reset_cmponent
 .text.cmd_hard_reset_cmponent
                0x200083c8       0xb0 ./src/sub-systemCode/Main/CMD/General_CMD.o
                0x200083c8                cmd_hard_reset_cmponent
 .text.cmd_reset_satellite
                0x20008478       0x78 ./src/sub-systemCode/Main/CMD/General_CMD.o
                0x20008478                cmd_reset_satellite
 .text.cmd_gracefull_reset_satellite
                0x200084f0       0x78 ./src/sub-systemCode/Main/CMD/General_CMD.o
                0x200084f0                cmd_gracefull_reset_satellite
 .text.cmd_upload_time
                0x20008568       0xb0 ./src/sub-systemCode/Main/CMD/General_CMD.o
                0x20008568                cmd_upload_time
 .text.cmd_ARM_DIARM
                0x20008618       0xd4 ./src/sub-systemCode/Main/CMD/General_CMD.o
                0x20008618                cmd_ARM_DIARM
 .text.cmd_reset_delayed_command_list
                0x200086ec       0x3c ./src/sub-systemCode/Main/CMD/SW_CMD.o
                0x200086ec                cmd_reset_delayed_command_list
 .text.cmd_reset_APRS_list
                0x20008728       0x3c ./src/sub-systemCode/Main/CMD/SW_CMD.o
                0x20008728                cmd_reset_APRS_list
 .text.cmd_reset_FRAM
                0x20008764       0xe8 ./src/sub-systemCode/Main/CMD/SW_CMD.o
                0x20008764                cmd_reset_FRAM
 .text.ARM_ants
                0x2000884c       0xb8 ./src/sub-systemCode/Main/Ants.o
                0x2000884c                ARM_ants
 .text.DISARM_ants
                0x20008904       0xb8 ./src/sub-systemCode/Main/Ants.o
                0x20008904                DISARM_ants
 .text.convert_vol
                0x200089bc      0x12c ./src/sub-systemCode/Main/EPS.o
                0x200089bc                convert_vol
 .text.get_shut_ADCS
                0x20008ae8       0x48 ./src/sub-systemCode/Main/EPS.o
                0x20008ae8                get_shut_ADCS
 .text.shut_ADCS
                0x20008b30       0x44 ./src/sub-systemCode/Main/EPS.o
                0x20008b30                shut_ADCS
 .text.get_shut_CAM
                0x20008b74       0x48 ./src/sub-systemCode/Main/EPS.o
                0x20008b74                get_shut_CAM
 .text.shut_CAM
                0x20008bbc       0x44 ./src/sub-systemCode/Main/EPS.o
                0x20008bbc                shut_CAM
 .text.EPS_Init
                0x20008c00      0x1a0 ./src/sub-systemCode/Main/EPS.o
                0x20008c00                EPS_Init
 .text.reset_FRAM_EPS
                0x20008da0       0xa4 ./src/sub-systemCode/Main/EPS.o
                0x20008da0                reset_FRAM_EPS
 .text.reset_EPS_voltages
                0x20008e44       0xbc ./src/sub-systemCode/Main/EPS.o
                0x20008e44                reset_EPS_voltages
 .text.EPS_Conditioning
                0x20008f00      0x2ac ./src/sub-systemCode/Main/EPS.o
                0x20008f00                EPS_Conditioning
 .text.overRide_ADCS
                0x200091ac       0x50 ./src/sub-systemCode/Main/EPS.o
                0x200091ac                overRide_ADCS
 .text.overRide_Camera
                0x200091fc       0x38 ./src/sub-systemCode/Main/EPS.o
                0x200091fc                overRide_Camera
 .text.EnterFullMode
                0x20009234       0xec ./src/sub-systemCode/Main/EPS.o
                0x20009234                EnterFullMode
 .text.EnterCruiseMode
                0x20009320       0xdc ./src/sub-systemCode/Main/EPS.o
                0x20009320                EnterCruiseMode
 .text.EnterSafeMode
                0x200093fc       0xdc ./src/sub-systemCode/Main/EPS.o
                0x200093fc                EnterSafeMode
 .text.EnterCriticalMode
                0x200094d8       0xc8 ./src/sub-systemCode/Main/EPS.o
                0x200094d8                EnterCriticalMode
 .text.convert_raw_voltage
                0x200095a0       0xd8 ./src/sub-systemCode/Main/EPS.o
                0x200095a0                convert_raw_voltage
 .text.find_fileName
                0x20009678      0x55c ./src/sub-systemCode/Main/HouseKeeping.o
                0x20009678                find_fileName
 .text.size_of_element
                0x20009bd4       0xac ./src/sub-systemCode/Main/HouseKeeping.o
                0x20009bd4                size_of_element
 .text.save_ACK
                0x20009c80       0xa0 ./src/sub-systemCode/Main/HouseKeeping.o
                0x20009c80                save_ACK
 .text.set_GP_EPS
                0x20009d20      0x124 ./src/sub-systemCode/Main/HouseKeeping.o
                0x20009d20                set_GP_EPS
 .text.set_GP_COMM
                0x20009e44      0x160 ./src/sub-systemCode/Main/HouseKeeping.o
                0x20009e44                set_GP_COMM
 .text.SP_HK_collect
                0x20009fa4      0x134 ./src/sub-systemCode/Main/HouseKeeping.o
                0x20009fa4                SP_HK_collect
 .text.EPS_HK_collect
                0x2000a0d8      0x4d8 ./src/sub-systemCode/Main/HouseKeeping.o
                0x2000a0d8                EPS_HK_collect
 .text.CAM_HK_collect
                0x2000a5b0      0x91c ./src/sub-systemCode/Main/HouseKeeping.o
                0x2000a5b0                CAM_HK_collect
 .text.COMM_HK_collect
                0x2000aecc      0x148 ./src/sub-systemCode/Main/HouseKeeping.o
                0x2000aecc                COMM_HK_collect
 .text.ADCS_HK_collect
                0x2000b014       0x40 ./src/sub-systemCode/Main/HouseKeeping.o
                0x2000b014                ADCS_HK_collect
 .text.COMM_create_file
                0x2000b054       0x74 ./src/sub-systemCode/Main/HouseKeeping.o
                0x2000b054                COMM_create_file
 .text.ACK_create_file
                0x2000b0c8       0x74 ./src/sub-systemCode/Main/HouseKeeping.o
                0x2000b0c8                ACK_create_file
 .text.EPS_create_file
                0x2000b13c       0x74 ./src/sub-systemCode/Main/HouseKeeping.o
                0x2000b13c                EPS_create_file
 .text.CAM_create_file
                0x2000b1b0       0x54 ./src/sub-systemCode/Main/HouseKeeping.o
                0x2000b1b0                CAM_create_file
 .text.ADCS_create_file
                0x2000b204       0x54 ./src/sub-systemCode/Main/HouseKeeping.o
                0x2000b204                ADCS_create_file
 .text.create_files
                0x2000b258       0x44 ./src/sub-systemCode/Main/HouseKeeping.o
                0x2000b258                create_files
 .text.save_SP_HK
                0x2000b29c       0x70 ./src/sub-systemCode/Main/HouseKeeping.o
                0x2000b29c                save_SP_HK
 .text.save_EPS_HK
                0x2000b30c       0x70 ./src/sub-systemCode/Main/HouseKeeping.o
                0x2000b30c                save_EPS_HK
 .text.save_CAM_HK
                0x2000b37c       0x70 ./src/sub-systemCode/Main/HouseKeeping.o
                0x2000b37c                save_CAM_HK
 .text.save_COMM_HK
                0x2000b3ec       0x70 ./src/sub-systemCode/Main/HouseKeeping.o
                0x2000b3ec                save_COMM_HK
 .text.save_ADCS_HK
                0x2000b45c       0x84 ./src/sub-systemCode/Main/HouseKeeping.o
                0x2000b45c                save_ADCS_HK
 .text.EPS_HK_raw_BigEnE
                0x2000b4e0      0x194 ./src/sub-systemCode/Main/HouseKeeping.o
                0x2000b4e0                EPS_HK_raw_BigEnE
 .text.CAM_HK_raw_BigEnE
                0x2000b674      0x194 ./src/sub-systemCode/Main/HouseKeeping.o
                0x2000b674                CAM_HK_raw_BigEnE
 .text.COMM_HK_raw_BigEnE
                0x2000b808      0x194 ./src/sub-systemCode/Main/HouseKeeping.o
                0x2000b808                COMM_HK_raw_BigEnE
 .text.ADCS_HK_raw_BigEnE
                0x2000b99c      0x194 ./src/sub-systemCode/Main/HouseKeeping.o
                0x2000b99c                ADCS_HK_raw_BigEnE
 .text.ADCS_SC_raw_BigEnE
                0x2000bb30      0x188 ./src/sub-systemCode/Main/HouseKeeping.o
                0x2000bb30                ADCS_SC_raw_BigEnE
 .text.build_HK_spl_packet
                0x2000bcb8      0x918 ./src/sub-systemCode/Main/HouseKeeping.o
                0x2000bcb8                build_HK_spl_packet
 .text.HouseKeeping_highRate_Task
                0x2000c5d0       0x84 ./src/sub-systemCode/Main/HouseKeeping.o
                0x2000c5d0                HouseKeeping_highRate_Task
 .text.HouseKeeping_lowRate_Task
                0x2000c654       0x7c ./src/sub-systemCode/Main/HouseKeeping.o
                0x2000c654                HouseKeeping_lowRate_Task
 .text.test_menu
                0x2000c6d0       0xd4 ./src/sub-systemCode/Main/Main_Init.o
                0x2000c6d0                test_menu
 .text.numberOfRestarts
                0x2000c7a4       0x94 ./src/sub-systemCode/Main/Main_Init.o
                0x2000c7a4                numberOfRestarts
 .text.StartFRAM
                0x2000c838       0x38 ./src/sub-systemCode/Main/Main_Init.o
                0x2000c838                StartFRAM
 .text.StartI2C
                0x2000c870       0x44 ./src/sub-systemCode/Main/Main_Init.o
                0x2000c870                StartI2C
 .text.StartSPI
                0x2000c8b4       0x40 ./src/sub-systemCode/Main/Main_Init.o
                0x2000c8b4                StartSPI
 .text.StartTIME
                0x2000c8f4      0x118 ./src/sub-systemCode/Main/Main_Init.o
                0x2000c8f4                StartTIME
 .text.first_activation
                0x2000ca0c       0x78 ./src/sub-systemCode/Main/Main_Init.o
                0x2000ca0c                first_activation
 .text.resetSD  0x2000ca84       0xc4 ./src/sub-systemCode/Main/Main_Init.o
                0x2000ca84                resetSD
 .text.InitSubsystems
                0x2000cb48       0x78 ./src/sub-systemCode/Main/Main_Init.o
                0x2000cb48                InitSubsystems
 .text.SubSystemTaskStart
                0x2000cbc0       0xe8 ./src/sub-systemCode/Main/Main_Init.o
                0x2000cbc0                SubSystemTaskStart
 .text.copy_command
                0x2000cca8       0x80 ./src/sub-systemCode/Main/commands.o
                0x2000cca8                copy_command
 .text.reset_command
                0x2000cd28       0x28 ./src/sub-systemCode/Main/commands.o
                0x2000cd28                reset_command
 .text.init_command
                0x2000cd50       0xd4 ./src/sub-systemCode/Main/commands.o
                0x2000cd50                init_command
 .text.add_command
                0x2000ce24      0x138 ./src/sub-systemCode/Main/commands.o
                0x2000ce24                add_command
 .text.get_command
                0x2000cf5c      0x1cc ./src/sub-systemCode/Main/commands.o
                0x2000cf5c                get_command
 .text.act_upon_command
                0x2000d128      0x200 ./src/sub-systemCode/Main/commands.o
                0x2000d128                act_upon_command
 .text.AUC_COMM
                0x2000d328      0x200 ./src/sub-systemCode/Main/commands.o
                0x2000d328                AUC_COMM
 .text.AUC_general
                0x2000d528      0x17c ./src/sub-systemCode/Main/commands.o
                0x2000d528                AUC_general
 .text.AUC_payload
                0x2000d6a4      0x110 ./src/sub-systemCode/Main/commands.o
                0x2000d6a4                AUC_payload
 .text.AUC_EPS  0x2000d7b4      0x248 ./src/sub-systemCode/Main/commands.o
                0x2000d7b4                AUC_EPS
 .text.AUC_ADCS
                0x2000d9fc       0x5c ./src/sub-systemCode/Main/commands.o
                0x2000d9fc                AUC_ADCS
 .text.AUC_GS   0x2000da58      0x1fc ./src/sub-systemCode/Main/commands.o
                0x2000da58                AUC_GS
 .text.AUC_SW   0x2000dc54       0xe4 ./src/sub-systemCode/Main/commands.o
                0x2000dc54                AUC_SW
 .text.AUC_special_operation
                0x2000dd38       0x8c ./src/sub-systemCode/Main/commands.o
                0x2000dd38                AUC_special_operation
 .text.check_int
                0x2000ddc4       0x3c ./src/sub-systemCode/Global/Global.o
                0x2000ddc4                check_int
 .text.check_portBASE_TYPE
                0x2000de00       0x3c ./src/sub-systemCode/Global/Global.o
                0x2000de00                check_portBASE_TYPE
 .text.soft_reset_subsystem
                0x2000de3c       0xd8 ./src/sub-systemCode/Global/Global.o
                0x2000de3c                soft_reset_subsystem
 .text.hard_reset_subsystem
                0x2000df14       0xfc ./src/sub-systemCode/Global/Global.o
                0x2000df14                hard_reset_subsystem
 .text.BigEnE_raw_to_uInt
                0x2000e010       0x94 ./src/sub-systemCode/Global/Global.o
                0x2000e010                BigEnE_raw_to_uInt
 .text.BigEnE_raw_to_uShort
                0x2000e0a4       0x50 ./src/sub-systemCode/Global/Global.o
                0x2000e0a4                BigEnE_raw_to_uShort
 .text.BigEnE_uInt_to_raw
                0x2000e0f4       0x78 ./src/sub-systemCode/Global/Global.o
                0x2000e0f4                BigEnE_uInt_to_raw
 .text.reset_FRAM_MAIN
                0x2000e16c      0x19c ./src/sub-systemCode/Global/Global.o
                0x2000e16c                reset_FRAM_MAIN
 .text.init_GP  0x2000e308      0x35c ./src/sub-systemCode/Global/GlobalParam.o
                0x2000e308                init_GP
 .text.get_system_state
                0x2000e664      0x268 ./src/sub-systemCode/Global/GlobalParam.o
                0x2000e664                get_system_state
 .text.set_system_state
                0x2000e8cc      0x298 ./src/sub-systemCode/Global/GlobalParam.o
                0x2000e8cc                set_system_state
 .text.get_current_global_param
                0x2000eb64      0x670 ./src/sub-systemCode/Global/GlobalParam.o
                0x2000eb64                get_current_global_param
 .text.set_Vbatt_previous
                0x2000f1d4       0xe8 ./src/sub-systemCode/Global/GlobalParam.o
                0x2000f1d4                set_Vbatt_previous
 .text.get_Vbatt_previous
                0x2000f2bc       0xc8 ./src/sub-systemCode/Global/GlobalParam.o
                0x2000f2bc                get_Vbatt_previous
 .text.set_Vbatt
                0x2000f384       0xb8 ./src/sub-systemCode/Global/GlobalParam.o
                0x2000f384                set_Vbatt
 .text.get_Vbatt
                0x2000f43c       0x8c ./src/sub-systemCode/Global/GlobalParam.o
                0x2000f43c                get_Vbatt
 .text.set_curBat
                0x2000f4c8       0x8c ./src/sub-systemCode/Global/GlobalParam.o
                0x2000f4c8                set_curBat
 .text.set_cur3V3
                0x2000f554       0x8c ./src/sub-systemCode/Global/GlobalParam.o
                0x2000f554                set_cur3V3
 .text.set_cur5V
                0x2000f5e0       0x8c ./src/sub-systemCode/Global/GlobalParam.o
                0x2000f5e0                set_cur5V
 .text.set_tempComm_LO
                0x2000f66c       0xac ./src/sub-systemCode/Global/GlobalParam.o
                0x2000f66c                set_tempComm_LO
 .text.set_tempComm_PA
                0x2000f718       0xac ./src/sub-systemCode/Global/GlobalParam.o
                0x2000f718                set_tempComm_PA
 .text.set_tempEPS
                0x2000f7c4       0xe8 ./src/sub-systemCode/Global/GlobalParam.o
                0x2000f7c4                set_tempEPS
 .text.set_tempBatt
                0x2000f8ac       0xe8 ./src/sub-systemCode/Global/GlobalParam.o
                0x2000f8ac                set_tempBatt
 .text.set_RxDoppler
                0x2000f994       0x8c ./src/sub-systemCode/Global/GlobalParam.o
                0x2000f994                set_RxDoppler
 .text.set_RxRSSI
                0x2000fa20       0x8c ./src/sub-systemCode/Global/GlobalParam.o
                0x2000fa20                set_RxRSSI
 .text.set_TxRefl
                0x2000faac       0x8c ./src/sub-systemCode/Global/GlobalParam.o
                0x2000faac                set_TxRefl
 .text.set_TxForw
                0x2000fb38       0x8c ./src/sub-systemCode/Global/GlobalParam.o
                0x2000fb38                set_TxForw
 .text.get_ST   0x2000fbc4       0x98 ./src/sub-systemCode/Global/GlobalParam.o
                0x2000fbc4                get_ST
 .text.set_numOfAPRS
                0x2000fc5c       0x8c ./src/sub-systemCode/Global/GlobalParam.o
                0x2000fc5c                set_numOfAPRS
 .text.set_numOfResets
                0x2000fce8       0xac ./src/sub-systemCode/Global/GlobalParam.o
                0x2000fce8                set_numOfResets
 .text.set_ground_conn
                0x2000fd94       0x88 ./src/sub-systemCode/Global/GlobalParam.o
                0x2000fd94                set_ground_conn
 .text.get_ground_conn
                0x2000fe1c       0x94 ./src/sub-systemCode/Global/GlobalParam.o
                0x2000fe1c                get_ground_conn
 .text.getNumOfFilesInFS
                0x2000feb0       0x44 ./src/sub-systemCode/Global/TM_managment.o
 .text.setNumOfFilesInFS
                0x2000fef4       0x50 ./src/sub-systemCode/Global/TM_managment.o
 .text.InitializeFS
                0x2000ff44      0x170 ./src/sub-systemCode/Global/TM_managment.o
                0x2000ff44                InitializeFS
 .text.c_fileCreate
                0x200100b4       0xf4 ./src/sub-systemCode/Global/TM_managment.o
                0x200100b4                c_fileCreate
 .text.writewithEpochtime
                0x200101a8       0xb0 ./src/sub-systemCode/Global/TM_managment.o
 .text.get_C_FILE_struct
                0x20010258      0x104 ./src/sub-systemCode/Global/TM_managment.o
 .text.getFileIndex
                0x2001035c       0x4c ./src/sub-systemCode/Global/TM_managment.o
 .text.get_file_name_by_index
                0x200103a8       0x48 ./src/sub-systemCode/Global/TM_managment.o
                0x200103a8                get_file_name_by_index
 .text.c_fileReset
                0x200103f0       0xbc ./src/sub-systemCode/Global/TM_managment.o
                0x200103f0                c_fileReset
 .text.c_fileWrite
                0x200104ac      0x100 ./src/sub-systemCode/Global/TM_managment.o
                0x200104ac                c_fileWrite
 .text.c_fileRead
                0x200105ac      0x270 ./src/sub-systemCode/Global/TM_managment.o
                0x200105ac                c_fileRead
 .text.reset_APRS_list
                0x2001081c       0xa4 ./src/sub-systemCode/COMM/APRS.o
                0x2001081c                reset_APRS_list
 .text.send_APRS_Dump
                0x200108c0      0x1c4 ./src/sub-systemCode/COMM/APRS.o
                0x200108c0                send_APRS_Dump
 .text.check_APRS
                0x20010a84      0x1a4 ./src/sub-systemCode/COMM/APRS.o
                0x20010a84                check_APRS
 .text.get_APRS_list
                0x20010c28       0x88 ./src/sub-systemCode/COMM/APRS.o
                0x20010c28                get_APRS_list
 .text.find_CMD_in_list
                0x20010cb0       0x7c ./src/sub-systemCode/COMM/DelayedCommand_list.o
                0x20010cb0                find_CMD_in_list
 .text.find_empty_in_list
                0x20010d2c       0x74 ./src/sub-systemCode/COMM/DelayedCommand_list.o
                0x20010d2c                find_empty_in_list
 .text.check_delayCommandTime
                0x20010da0       0x8c ./src/sub-systemCode/COMM/DelayedCommand_list.o
                0x20010da0                check_delayCommandTime
 .text.execute_delayedCommand
                0x20010e2c       0x64 ./src/sub-systemCode/COMM/DelayedCommand_list.o
                0x20010e2c                execute_delayedCommand
 .text.check_delaycommand
                0x20010e90      0x170 ./src/sub-systemCode/COMM/DelayedCommand_list.o
                0x20010e90                check_delaycommand
 .text.reset_delayCommand
                0x20011000       0x8c ./src/sub-systemCode/COMM/DelayedCommand_list.o
                0x20011000                reset_delayCommand
 .text.add_delayCommand
                0x2001108c      0x1a4 ./src/sub-systemCode/COMM/DelayedCommand_list.o
                0x2001108c                add_delayCommand
 .text.get_delayCommand_list
                0x20011230       0x80 ./src/sub-systemCode/COMM/DelayedCommand_list.o
                0x20011230                get_delayCommand_list
 .text.EmptyOldestCommand
                0x200112b0       0xfc ./src/sub-systemCode/COMM/DelayedCommand_list.o
                0x200112b0                EmptyOldestCommand
 .text.decode_TCpacket
                0x200113ac      0x16c ./src/sub-systemCode/COMM/GSC.o
                0x200113ac                decode_TCpacket
 .text.encode_TCpacket
                0x20011518      0x114 ./src/sub-systemCode/COMM/GSC.o
                0x20011518                encode_TCpacket
 .text.encode_TMpacket
                0x2001162c      0x104 ./src/sub-systemCode/COMM/GSC.o
                0x2001162c                encode_TMpacket
 .text.build_raw_ACK
                0x20011730       0xbc ./src/sub-systemCode/COMM/GSC.o
                0x20011730                build_raw_ACK
 .text.build_data_field_ACK
                0x200117ec       0x74 ./src/sub-systemCode/COMM/GSC.o
                0x200117ec                build_data_field_ACK
 .text.init_trxvu
                0x20011860      0x118 ./src/sub-systemCode/COMM/TRXVU.o
                0x20011860                init_trxvu
 .text.TRXVU_task
                0x20011978      0x18c ./src/sub-systemCode/COMM/TRXVU.o
                0x20011978                TRXVU_task
 .text.dump_logic
                0x20011b04      0x2dc ./src/sub-systemCode/COMM/TRXVU.o
                0x20011b04                dump_logic
 .text.Dump_task
                0x20011de0      0x184 ./src/sub-systemCode/COMM/TRXVU.o
                0x20011de0                Dump_task
 .text.transponder_logic
                0x20011f64       0xbc ./src/sub-systemCode/COMM/TRXVU.o
                0x20011f64                transponder_logic
 .text.Transponder_task
                0x20012020      0x1e0 ./src/sub-systemCode/COMM/TRXVU.o
                0x20012020                Transponder_task
 .text.lookForRequestToDelete_transponder
                0x20012200       0xac ./src/sub-systemCode/COMM/TRXVU.o
                0x20012200                lookForRequestToDelete_transponder
 .text.lookForRequestToDelete_dump
                0x200122ac       0x7c ./src/sub-systemCode/COMM/TRXVU.o
                0x200122ac                lookForRequestToDelete_dump
 .text.sendRequestToStop_dump
                0x20012328       0x8c ./src/sub-systemCode/COMM/TRXVU.o
                0x20012328                sendRequestToStop_dump
 .text.sendRequestToStop_transponder
                0x200123b4       0x98 ./src/sub-systemCode/COMM/TRXVU.o
                0x200123b4                sendRequestToStop_transponder
 .text.Rx_logic
                0x2001244c      0x188 ./src/sub-systemCode/COMM/TRXVU.o
                0x2001244c                Rx_logic
 .text.pass_above_Ground
                0x200125d4      0x104 ./src/sub-systemCode/COMM/TRXVU.o
                0x200125d4                pass_above_Ground
 .text.trxvu_logic
                0x200126d8       0x1c ./src/sub-systemCode/COMM/TRXVU.o
                0x200126d8                trxvu_logic
 .text.Beacon_task
                0x200126f4      0x1d8 ./src/sub-systemCode/COMM/TRXVU.o
                0x200126f4                Beacon_task
 .text.buildAndSend_beacon
                0x200128cc      0x614 ./src/sub-systemCode/COMM/TRXVU.o
                0x200128cc                buildAndSend_beacon
 .text.reset_FRAM_TRXVU
                0x20012ee0       0xc0 ./src/sub-systemCode/COMM/TRXVU.o
                0x20012ee0                reset_FRAM_TRXVU
 .text.TRX_sendFrame
                0x20012fa0      0x24c ./src/sub-systemCode/COMM/TRXVU.o
                0x20012fa0                TRX_sendFrame
 .text.TRX_getFrameData
                0x200131ec      0x128 ./src/sub-systemCode/COMM/TRXVU.o
                0x200131ec                TRX_getFrameData
 .text.mute_Tx  0x20013314       0x20 ./src/sub-systemCode/COMM/TRXVU.o
                0x20013314                mute_Tx
 .text.unmute_Tx
                0x20013334       0x54 ./src/sub-systemCode/COMM/TRXVU.o
                0x20013334                unmute_Tx
 .text.check_time_off_mute
                0x20013388       0x74 ./src/sub-systemCode/COMM/TRXVU.o
                0x20013388                check_time_off_mute
 .text.set_mute_time
                0x200133fc       0xb4 ./src/sub-systemCode/COMM/TRXVU.o
                0x200133fc                set_mute_time
 .text.change_TRXVU_state
                0x200134b0       0x98 ./src/sub-systemCode/COMM/TRXVU.o
                0x200134b0                change_TRXVU_state
 .text.change_trans_RSSI
                0x20013548       0x60 ./src/sub-systemCode/COMM/TRXVU.o
                0x20013548                change_trans_RSSI
 .text.init_adcs
                0x200135a8      0x104 ./src/sub-systemCode/ADCS/ADCS.o
                0x200135a8                init_adcs
 .text.telemtryStart
                0x200136ac      0x20c ./src/sub-systemCode/ADCS/Stage_Table.o
                0x200136ac                telemtryStart
 .text.powerStart
                0x200138b8       0x5c ./src/sub-systemCode/ADCS/Stage_Table.o
                0x200138b8                powerStart
 .text.createTable
                0x20013914       0xb4 ./src/sub-systemCode/ADCS/Stage_Table.o
                0x20013914                createTable
 .text.buildControlMode
                0x200139c8       0x60 ./src/sub-systemCode/ADCS/Stage_Table.o
                0x200139c8                buildControlMode
 .text.Check_Table
                0x20013a28      0x178 ./src/sub-systemCode/ADCS/Stage_Table.o
                0x20013a28                Check_Table
 .text.updateTable
                0x20013ba0      0x1f0 ./src/sub-systemCode/ADCS/Stage_Table.o
                0x20013ba0                updateTable
 .text.translateCommandFULL
                0x20013d90       0x78 ./src/sub-systemCode/ADCS/Stage_Table.o
                0x20013d90                translateCommandFULL
 .text.getTableTo
                0x20013e08       0x64 ./src/sub-systemCode/ADCS/Stage_Table.o
                0x20013e08                getTableTo
 .text.save_time
                0x20013e6c       0x9c ./src/main.o
                0x20013e6c                save_time
 .text.Command_logic
                0x20013f08       0x6c ./src/main.o
                0x20013f08                Command_logic
 .text.taskMain
                0x20013f74       0x74 ./src/main.o
                0x20013f74                taskMain
 .text.main     0x20013fe8       0xb8 ./src/main.o
                0x20013fe8                main
 .text.GomEpsInitialize
                0x200140a0      0x148 C:/Hoopoe3/Hoopoe3/satellite-subsystems/demo/..//satellite-subsystems/lib\libSatelliteSubsystemsD.a(GomEPS.o)
                0x200140a0                GomEpsInitialize
 .text.makeEPStransfer
                0x200141e8       0x3c C:/Hoopoe3/Hoopoe3/satellite-subsystems/demo/..//satellite-subsystems/lib\libSatelliteSubsystemsD.a(GomEPS.o)
 .text.GomEpsSoftReset
                0x20014224       0xc4 C:/Hoopoe3/Hoopoe3/satellite-subsystems/demo/..//satellite-subsystems/lib\libSatelliteSubsystemsD.a(GomEPS.o)
                0x20014224                GomEpsSoftReset
 .text.GomEpsHardReset
                0x200142e8       0xa8 C:/Hoopoe3/Hoopoe3/satellite-subsystems/demo/..//satellite-subsystems/lib\libSatelliteSubsystemsD.a(GomEPS.o)
                0x200142e8                GomEpsHardReset
 .text.GomEpsGetHkData_general
                0x20014390      0x45c C:/Hoopoe3/Hoopoe3/satellite-subsystems/demo/..//satellite-subsystems/lib\libSatelliteSubsystemsD.a(GomEPS.o)
                0x20014390                GomEpsGetHkData_general
 .text.GomEpsGetHkData_basic
                0x200147ec      0x22c C:/Hoopoe3/Hoopoe3/satellite-subsystems/demo/..//satellite-subsystems/lib\libSatelliteSubsystemsD.a(GomEPS.o)
                0x200147ec                GomEpsGetHkData_basic
 .text.GomEpsSetOutput
                0x20014a18       0xbc C:/Hoopoe3/Hoopoe3/satellite-subsystems/demo/..//satellite-subsystems/lib\libSatelliteSubsystemsD.a(GomEPS.o)
                0x20014a18                GomEpsSetOutput
 .text.GomEpsConfigSet
                0x20014ad4      0x184 C:/Hoopoe3/Hoopoe3/satellite-subsystems/demo/..//satellite-subsystems/lib\libSatelliteSubsystemsD.a(GomEPS.o)
                0x20014ad4                GomEpsConfigSet
 .text.makeAntStransfer
                0x20014c58       0x4c C:/Hoopoe3/Hoopoe3/satellite-subsystems/demo/..//satellite-subsystems/lib\libSatelliteSubsystemsD.a(IsisAntS.o)
 .text.checkInputsValid
                0x20014ca4       0x7c C:/Hoopoe3/Hoopoe3/satellite-subsystems/demo/..//satellite-subsystems/lib\libSatelliteSubsystemsD.a(IsisAntS.o)
 .text.IsisAntS_setArmStatus
                0x20014d20      0x104 C:/Hoopoe3/Hoopoe3/satellite-subsystems/demo/..//satellite-subsystems/lib\libSatelliteSubsystemsD.a(IsisAntS.o)
                0x20014d20                IsisAntS_setArmStatus
 .text.IsisAntS_getTemperature
                0x20014e24      0x120 C:/Hoopoe3/Hoopoe3/satellite-subsystems/demo/..//satellite-subsystems/lib\libSatelliteSubsystemsD.a(IsisAntS.o)
                0x20014e24                IsisAntS_getTemperature
 .text.IsisAntS_reset
                0x20014f44      0x104 C:/Hoopoe3/Hoopoe3/satellite-subsystems/demo/..//satellite-subsystems/lib\libSatelliteSubsystemsD.a(IsisAntS.o)
                0x20014f44                IsisAntS_reset
 .text.IsisSolarPanelv2_initialize
                0x20015048       0xb4 C:/Hoopoe3/Hoopoe3/satellite-subsystems/demo/..//satellite-subsystems/lib\libSatelliteSubsystemsD.a(IsisSolarPanelv2.o)
                0x20015048                IsisSolarPanelv2_initialize
 .text.IsisSolarPanelv2_getTemperature
                0x200150fc       0xc8 C:/Hoopoe3/Hoopoe3/satellite-subsystems/demo/..//satellite-subsystems/lib\libSatelliteSubsystemsD.a(IsisSolarPanelv2.o)
                0x200150fc                IsisSolarPanelv2_getTemperature
 .text.IsisSolarPanelv2_sleep
                0x200151c4       0xbc C:/Hoopoe3/Hoopoe3/satellite-subsystems/demo/..//satellite-subsystems/lib\libSatelliteSubsystemsD.a(IsisSolarPanelv2.o)
                0x200151c4                IsisSolarPanelv2_sleep
 .text.IsisSolarPanelv2_wakeup
                0x20015280       0x80 C:/Hoopoe3/Hoopoe3/satellite-subsystems/demo/..//satellite-subsystems/lib\libSatelliteSubsystemsD.a(IsisSolarPanelv2.o)
                0x20015280                IsisSolarPanelv2_wakeup
 .text._Reset   0x20015300       0x20 C:/Hoopoe3/Hoopoe3/satellite-subsystems/demo/..//satellite-subsystems/lib\libSatelliteSubsystemsD.a(IsisSolarPanelv2.o)
 .text._WaitForStartup
                0x20015320       0x90 C:/Hoopoe3/Hoopoe3/satellite-subsystems/demo/..//satellite-subsystems/lib\libSatelliteSubsystemsD.a(IsisSolarPanelv2.o)
 .text._AssignAllChannels
                0x200153b0       0x90 C:/Hoopoe3/Hoopoe3/satellite-subsystems/demo/..//satellite-subsystems/lib\libSatelliteSubsystemsD.a(IsisSolarPanelv2.o)
 .text._AssignThisChannel
                0x20015440       0xe8 C:/Hoopoe3/Hoopoe3/satellite-subsystems/demo/..//satellite-subsystems/lib\libSatelliteSubsystemsD.a(IsisSolarPanelv2.o)
 .text._InitiateConversion
                0x20015528       0xac C:/Hoopoe3/Hoopoe3/satellite-subsystems/demo/..//satellite-subsystems/lib\libSatelliteSubsystemsD.a(IsisSolarPanelv2.o)
 .text._WaitForConversionComplete
                0x200155d4      0x100 C:/Hoopoe3/Hoopoe3/satellite-subsystems/demo/..//satellite-subsystems/lib\libSatelliteSubsystemsD.a(IsisSolarPanelv2.o)
 .text._ReadResult
                0x200156d4      0x158 C:/Hoopoe3/Hoopoe3/satellite-subsystems/demo/..//satellite-subsystems/lib\libSatelliteSubsystemsD.a(IsisSolarPanelv2.o)
 .text._ExtractByte
                0x2001582c       0x38 C:/Hoopoe3/Hoopoe3/satellite-subsystems/demo/..//satellite-subsystems/lib\libSatelliteSubsystemsD.a(IsisSolarPanelv2.o)
 .text._ExtendSign
                0x20015864       0x6c C:/Hoopoe3/Hoopoe3/satellite-subsystems/demo/..//satellite-subsystems/lib\libSatelliteSubsystemsD.a(IsisSolarPanelv2.o)
 .text._PinsInit
                0x200158d0       0x50 C:/Hoopoe3/Hoopoe3/satellite-subsystems/demo/..//satellite-subsystems/lib\libSatelliteSubsystemsD.a(IsisSolarPanelv2.o)
 .text._SpiWriteRead
                0x20015920       0x70 C:/Hoopoe3/Hoopoe3/satellite-subsystems/demo/..//satellite-subsystems/lib\libSatelliteSubsystemsD.a(IsisSolarPanelv2.o)
 .text.IsisTrxvu_initialize
                0x20015990      0x2f4 C:/Hoopoe3/Hoopoe3/satellite-subsystems/demo/..//satellite-subsystems/lib\libSatelliteSubsystemsD.a(IsisTRXVU.o)
                0x20015990                IsisTrxvu_initialize
 .text.makeTRXVUtransfer
                0x20015c84       0x44 C:/Hoopoe3/Hoopoe3/satellite-subsystems/demo/..//satellite-subsystems/lib\libSatelliteSubsystemsD.a(IsisTRXVU.o)
 .text.IsisTrxvu_componentSoftReset
                0x20015cc8       0x6c C:/Hoopoe3/Hoopoe3/satellite-subsystems/demo/..//satellite-subsystems/lib\libSatelliteSubsystemsD.a(IsisTRXVU.o)
                0x20015cc8                IsisTrxvu_componentSoftReset
 .text.IsisTrxvu_componentHardReset
                0x20015d34       0xc8 C:/Hoopoe3/Hoopoe3/satellite-subsystems/demo/..//satellite-subsystems/lib\libSatelliteSubsystemsD.a(IsisTRXVU.o)
                0x20015d34                IsisTrxvu_componentHardReset
 .text.IsisTrxvu_softReset
                0x20015dfc       0x74 C:/Hoopoe3/Hoopoe3/satellite-subsystems/demo/..//satellite-subsystems/lib\libSatelliteSubsystemsD.a(IsisTRXVU.o)
                0x20015dfc                IsisTrxvu_softReset
 .text.IsisTrxvu_hardReset
                0x20015e70       0x74 C:/Hoopoe3/Hoopoe3/satellite-subsystems/demo/..//satellite-subsystems/lib\libSatelliteSubsystemsD.a(IsisTRXVU.o)
                0x20015e70                IsisTrxvu_hardReset
 .text.IsisTrxvu_tcSendAX25DefClSign
                0x20015ee4       0xec C:/Hoopoe3/Hoopoe3/satellite-subsystems/demo/..//satellite-subsystems/lib\libSatelliteSubsystemsD.a(IsisTRXVU.o)
                0x20015ee4                IsisTrxvu_tcSendAX25DefClSign
 .text.IsisTrxvu_tcSetIdlestate
                0x20015fd0       0xa4 C:/Hoopoe3/Hoopoe3/satellite-subsystems/demo/..//satellite-subsystems/lib\libSatelliteSubsystemsD.a(IsisTRXVU.o)
                0x20015fd0                IsisTrxvu_tcSetIdlestate
 .text.IsisTrxvu_tcSetAx25Bitrate
                0x20016074       0xc4 C:/Hoopoe3/Hoopoe3/satellite-subsystems/demo/..//satellite-subsystems/lib\libSatelliteSubsystemsD.a(IsisTRXVU.o)
                0x20016074                IsisTrxvu_tcSetAx25Bitrate
 .text.IsisTrxvu_tcGetTelemetryAll_revC
                0x20016138       0xd0 C:/Hoopoe3/Hoopoe3/satellite-subsystems/demo/..//satellite-subsystems/lib\libSatelliteSubsystemsD.a(IsisTRXVU.o)
                0x20016138                IsisTrxvu_tcGetTelemetryAll_revC
 .text.IsisTrxvu_rcGetFrameCount
                0x20016208       0xa0 C:/Hoopoe3/Hoopoe3/satellite-subsystems/demo/..//satellite-subsystems/lib\libSatelliteSubsystemsD.a(IsisTRXVU.o)
                0x20016208                IsisTrxvu_rcGetFrameCount
 .text.IsisTrxvu_rcGetCommandFrame
                0x200162a8      0x2d8 C:/Hoopoe3/Hoopoe3/satellite-subsystems/demo/..//satellite-subsystems/lib\libSatelliteSubsystemsD.a(IsisTRXVU.o)
                0x200162a8                IsisTrxvu_rcGetCommandFrame
 .text.IsisTrxvu_rcGetTelemetryAll_revC
                0x20016580       0xec C:/Hoopoe3/Hoopoe3/satellite-subsystems/demo/..//satellite-subsystems/lib\libSatelliteSubsystemsD.a(IsisTRXVU.o)
                0x20016580                IsisTrxvu_rcGetTelemetryAll_revC
 .text.cspaceADCS_initialize
                0x2001666c      0x18c C:/Hoopoe3/Hoopoe3/satellite-subsystems/demo/..//satellite-subsystems/lib\libSatelliteSubsystemsD.a(cspaceADCS.o)
                0x2001666c                cspaceADCS_initialize
 .text.make_cspaceADCStransfer
                0x200167f8      0x1b4 C:/Hoopoe3/Hoopoe3/satellite-subsystems/demo/..//satellite-subsystems/lib\libSatelliteSubsystemsD.a(cspaceADCS.o)
 .text.cspaceADCS_componentReset
                0x200169ac       0xbc C:/Hoopoe3/Hoopoe3/satellite-subsystems/demo/..//satellite-subsystems/lib\libSatelliteSubsystemsD.a(cspaceADCS.o)
                0x200169ac                cspaceADCS_componentReset
 .text.cspaceADCS_setRunMode
                0x20016a68       0xbc C:/Hoopoe3/Hoopoe3/satellite-subsystems/demo/..//satellite-subsystems/lib\libSatelliteSubsystemsD.a(cspaceADCS.o)
                0x20016a68                cspaceADCS_setRunMode
 .text.cspaceADCS_setPwrCtrlDevice
                0x20016b24       0xd0 C:/Hoopoe3/Hoopoe3/satellite-subsystems/demo/..//satellite-subsystems/lib\libSatelliteSubsystemsD.a(cspaceADCS.o)
                0x20016b24                cspaceADCS_setPwrCtrlDevice
 .text.cspaceADCS_setAttCtrlMode
                0x20016bf4       0xd0 C:/Hoopoe3/Hoopoe3/satellite-subsystems/demo/..//satellite-subsystems/lib\libSatelliteSubsystemsD.a(cspaceADCS.o)
                0x20016bf4                cspaceADCS_setAttCtrlMode
 .text.cspaceADCS_setAttEstMode
                0x20016cc4       0xbc C:/Hoopoe3/Hoopoe3/satellite-subsystems/demo/..//satellite-subsystems/lib\libSatelliteSubsystemsD.a(cspaceADCS.o)
                0x20016cc4                cspaceADCS_setAttEstMode
 .text.cspaceADCS_getCurrentState
                0x20016d80       0xc4 C:/Hoopoe3/Hoopoe3/satellite-subsystems/demo/..//satellite-subsystems/lib\libSatelliteSubsystemsD.a(cspaceADCS.o)
                0x20016d80                cspaceADCS_getCurrentState
 .text.cspaceADCS_getPowTempMeasTLM
                0x20016e44       0xc4 C:/Hoopoe3/Hoopoe3/satellite-subsystems/demo/..//satellite-subsystems/lib\libSatelliteSubsystemsD.a(cspaceADCS.o)
                0x20016e44                cspaceADCS_getPowTempMeasTLM
 .text.cspaceADCS_getPwrCtrlDevice
                0x20016f08       0xc4 C:/Hoopoe3/Hoopoe3/satellite-subsystems/demo/..//satellite-subsystems/lib\libSatelliteSubsystemsD.a(cspaceADCS.o)
                0x20016f08                cspaceADCS_getPwrCtrlDevice
 .text.GECKO_GetReg
                0x20016fcc      0x110 C:/Hoopoe3/Hoopoe3/satellite-subsystems/demo/..//satellite-subsystems/lib\libSatelliteSubsystemsD.a(gecko_driver.o)
                0x20016fcc                GECKO_GetReg
 .text.GECKO_GetVoltageInput5V
                0x200170dc       0xf4 C:/Hoopoe3/Hoopoe3/satellite-subsystems/demo/..//satellite-subsystems/lib\libSatelliteSubsystemsD.a(gecko_driver.o)
                0x200170dc                GECKO_GetVoltageInput5V
 .text.GECKO_GetCurrentInput5V
                0x200171d0      0x130 C:/Hoopoe3/Hoopoe3/satellite-subsystems/demo/..//satellite-subsystems/lib\libSatelliteSubsystemsD.a(gecko_driver.o)
                0x200171d0                GECKO_GetCurrentInput5V
 .text.GECKO_GetVoltageFPGA1V
                0x20017300       0xd4 C:/Hoopoe3/Hoopoe3/satellite-subsystems/demo/..//satellite-subsystems/lib\libSatelliteSubsystemsD.a(gecko_driver.o)
                0x20017300                GECKO_GetVoltageFPGA1V
 .text.GECKO_GetCurrentFPGA1V
                0x200173d4      0x130 C:/Hoopoe3/Hoopoe3/satellite-subsystems/demo/..//satellite-subsystems/lib\libSatelliteSubsystemsD.a(gecko_driver.o)
                0x200173d4                GECKO_GetCurrentFPGA1V
 .text.GECKO_GetVoltageFPGA1V8
                0x20017504       0xd4 C:/Hoopoe3/Hoopoe3/satellite-subsystems/demo/..//satellite-subsystems/lib\libSatelliteSubsystemsD.a(gecko_driver.o)
                0x20017504                GECKO_GetVoltageFPGA1V8
 .text.GECKO_GetCurrentFPGA1V8
                0x200175d8      0x130 C:/Hoopoe3/Hoopoe3/satellite-subsystems/demo/..//satellite-subsystems/lib\libSatelliteSubsystemsD.a(gecko_driver.o)
                0x200175d8                GECKO_GetCurrentFPGA1V8
 .text.GECKO_GetVoltageFPGA2V5
                0x20017708       0xe8 C:/Hoopoe3/Hoopoe3/satellite-subsystems/demo/..//satellite-subsystems/lib\libSatelliteSubsystemsD.a(gecko_driver.o)
                0x20017708                GECKO_GetVoltageFPGA2V5
 .text.GECKO_GetCurrentFPGA2V5
                0x200177f0      0x130 C:/Hoopoe3/Hoopoe3/satellite-subsystems/demo/..//satellite-subsystems/lib\libSatelliteSubsystemsD.a(gecko_driver.o)
                0x200177f0                GECKO_GetCurrentFPGA2V5
 .text.GECKO_GetVoltageFPGA3V3
                0x20017920       0xe8 C:/Hoopoe3/Hoopoe3/satellite-subsystems/demo/..//satellite-subsystems/lib\libSatelliteSubsystemsD.a(gecko_driver.o)
                0x20017920                GECKO_GetVoltageFPGA3V3
 .text.GECKO_GetCurrentFPGA3V3
                0x20017a08      0x130 C:/Hoopoe3/Hoopoe3/satellite-subsystems/demo/..//satellite-subsystems/lib\libSatelliteSubsystemsD.a(gecko_driver.o)
                0x20017a08                GECKO_GetCurrentFPGA3V3
 .text.GECKO_GetVoltageFlash1V8
                0x20017b38       0xd4 C:/Hoopoe3/Hoopoe3/satellite-subsystems/demo/..//satellite-subsystems/lib\libSatelliteSubsystemsD.a(gecko_driver.o)
                0x20017b38                GECKO_GetVoltageFlash1V8
 .text.GECKO_GetCurrentFlash1V8
                0x20017c0c      0x130 C:/Hoopoe3/Hoopoe3/satellite-subsystems/demo/..//satellite-subsystems/lib\libSatelliteSubsystemsD.a(gecko_driver.o)
                0x20017c0c                GECKO_GetCurrentFlash1V8
 .text.GECKO_GetVoltageFlash3V3
                0x20017d3c       0xe8 C:/Hoopoe3/Hoopoe3/satellite-subsystems/demo/..//satellite-subsystems/lib\libSatelliteSubsystemsD.a(gecko_driver.o)
                0x20017d3c                GECKO_GetVoltageFlash3V3
 .text.GECKO_GetCurrentFlash3V3
                0x20017e24      0x130 C:/Hoopoe3/Hoopoe3/satellite-subsystems/demo/..//satellite-subsystems/lib\libSatelliteSubsystemsD.a(gecko_driver.o)
                0x20017e24                GECKO_GetCurrentFlash3V3
 .text.GECKO_GetVoltageSNSR1V8
                0x20017f54       0xe8 C:/Hoopoe3/Hoopoe3/satellite-subsystems/demo/..//satellite-subsystems/lib\libSatelliteSubsystemsD.a(gecko_driver.o)
                0x20017f54                GECKO_GetVoltageSNSR1V8
 .text.GECKO_GetCurrentSNSR1V8
                0x2001803c      0x130 C:/Hoopoe3/Hoopoe3/satellite-subsystems/demo/..//satellite-subsystems/lib\libSatelliteSubsystemsD.a(gecko_driver.o)
                0x2001803c                GECKO_GetCurrentSNSR1V8
 .text.GECKO_GetVoltageSNSRVDDPIX
                0x2001816c       0xe8 C:/Hoopoe3/Hoopoe3/satellite-subsystems/demo/..//satellite-subsystems/lib\libSatelliteSubsystemsD.a(gecko_driver.o)
                0x2001816c                GECKO_GetVoltageSNSRVDDPIX
 .text.GECKO_GetCurrentSNSRVDDPIX
                0x20018254      0x130 C:/Hoopoe3/Hoopoe3/satellite-subsystems/demo/..//satellite-subsystems/lib\libSatelliteSubsystemsD.a(gecko_driver.o)
                0x20018254                GECKO_GetCurrentSNSRVDDPIX
 .text.GECKO_GetVoltageSNSR3V3
                0x20018384       0xe8 C:/Hoopoe3/Hoopoe3/satellite-subsystems/demo/..//satellite-subsystems/lib\libSatelliteSubsystemsD.a(gecko_driver.o)
                0x20018384                GECKO_GetVoltageSNSR3V3
 .text.GECKO_GetCurrentSNSR3V3
                0x2001846c      0x130 C:/Hoopoe3/Hoopoe3/satellite-subsystems/demo/..//satellite-subsystems/lib\libSatelliteSubsystemsD.a(gecko_driver.o)
                0x2001846c                GECKO_GetCurrentSNSR3V3
 .text.GECKO_GetVoltageFlashVTT09
                0x2001859c       0xd4 C:/Hoopoe3/Hoopoe3/satellite-subsystems/demo/..//satellite-subsystems/lib\libSatelliteSubsystemsD.a(gecko_driver.o)
                0x2001859c                GECKO_GetVoltageFlashVTT09
 .text.GECKO_GetTempSMU3AB
                0x20018670      0x35c C:/Hoopoe3/Hoopoe3/satellite-subsystems/demo/..//satellite-subsystems/lib\libSatelliteSubsystemsD.a(gecko_driver.o)
                0x20018670                GECKO_GetTempSMU3AB
 .text.GECKO_GetTempSMU3BC
                0x200189cc      0x360 C:/Hoopoe3/Hoopoe3/satellite-subsystems/demo/..//satellite-subsystems/lib\libSatelliteSubsystemsD.a(gecko_driver.o)
                0x200189cc                GECKO_GetTempSMU3BC
 .text.GECKO_GetTempREGU6
                0x20018d2c      0x35c C:/Hoopoe3/Hoopoe3/satellite-subsystems/demo/..//satellite-subsystems/lib\libSatelliteSubsystemsD.a(gecko_driver.o)
                0x20018d2c                GECKO_GetTempREGU6
 .text.GECKO_GetTempREGU8
                0x20019088      0x360 C:/Hoopoe3/Hoopoe3/satellite-subsystems/demo/..//satellite-subsystems/lib\libSatelliteSubsystemsD.a(gecko_driver.o)
                0x20019088                GECKO_GetTempREGU8
 .text.GECKO_GetTempFlash
                0x200193e8      0x360 C:/Hoopoe3/Hoopoe3/satellite-subsystems/demo/..//satellite-subsystems/lib\libSatelliteSubsystemsD.a(gecko_driver.o)
                0x200193e8                GECKO_GetTempFlash
 .text._SpiWriteRead
                0x20019748       0x70 C:/Hoopoe3/Hoopoe3/satellite-subsystems/demo/..//satellite-subsystems/lib\libSatelliteSubsystemsD.a(gecko_driver.o)
 .text.makeTRXCommonTransfer
                0x200197b8       0x34 C:/Hoopoe3/Hoopoe3/satellite-subsystems/demo/..//satellite-subsystems/lib\libSatelliteSubsystemsD.a(IsisTRXCommon.o)
 .text.IsisTrxCommon_componentReset
                0x200197ec       0x68 C:/Hoopoe3/Hoopoe3/satellite-subsystems/demo/..//satellite-subsystems/lib\libSatelliteSubsystemsD.a(IsisTRXCommon.o)
                0x200197ec                IsisTrxCommon_componentReset
 .text.IsisTrxCommon_TxSendAX25DefClSign
                0x20019854       0xf4 C:/Hoopoe3/Hoopoe3/satellite-subsystems/demo/..//satellite-subsystems/lib\libSatelliteSubsystemsD.a(IsisTRXCommon.o)
                0x20019854                IsisTrxCommon_TxSendAX25DefClSign
 .text.IsisTrxCommon_TxSetIdlestate
                0x20019948       0x78 C:/Hoopoe3/Hoopoe3/satellite-subsystems/demo/..//satellite-subsystems/lib\libSatelliteSubsystemsD.a(IsisTRXCommon.o)
                0x20019948                IsisTrxCommon_TxSetIdlestate
 .text.IsisTrxCommon_TxSetAx25Bitrate
                0x200199c0       0x78 C:/Hoopoe3/Hoopoe3/satellite-subsystems/demo/..//satellite-subsystems/lib\libSatelliteSubsystemsD.a(IsisTRXCommon.o)
                0x200199c0                IsisTrxCommon_TxSetAx25Bitrate
 .text.IsisTrxCommon_RxGetFrameCount
                0x20019a38       0x8c C:/Hoopoe3/Hoopoe3/satellite-subsystems/demo/..//satellite-subsystems/lib\libSatelliteSubsystemsD.a(IsisTRXCommon.o)
                0x20019a38                IsisTrxCommon_RxGetFrameCount
 .text.IsisTrxCommon_RxGetTelemetryAll_revC
                0x20019ac4       0x8c C:/Hoopoe3/Hoopoe3/satellite-subsystems/demo/..//satellite-subsystems/lib\libSatelliteSubsystemsD.a(IsisTRXCommon.o)
                0x20019ac4                IsisTrxCommon_RxGetTelemetryAll_revC
 .text.log      0x20019b50      0x17c c:/isis/application/toolchain/bin/../lib/gcc/arm-none-eabi/4.7.4/../../../../arm-none-eabi/lib\libm.a(lib_a-w_log.o)
                0x20019b50                log
 *fill*         0x20019ccc        0x4 00
 .text.__ieee754_log
                0x20019cd0      0x5c0 c:/isis/application/toolchain/bin/../lib/gcc/arm-none-eabi/4.7.4/../../../../arm-none-eabi/lib\libm.a(lib_a-e_log.o)
                0x20019cd0                __ieee754_log
 .text.matherr  0x2001a290        0x8 c:/isis/application/toolchain/bin/../lib/gcc/arm-none-eabi/4.7.4/../../../../arm-none-eabi/lib\libm.a(lib_a-s_matherr.o)
                0x2001a290                matherr
 .text.nan      0x2001a298       0x10 c:/isis/application/toolchain/bin/../lib/gcc/arm-none-eabi/4.7.4/../../../../arm-none-eabi/lib\libm.a(lib_a-s_nan.o)
                0x2001a298                nan
 .text.fn_init  0x2001a2a8      0x2e0 C:/Hoopoe3/Hoopoe3/satellite-subsystems/demo/../..//hal/hcc/lib\libHCCD.a(fat_common.o)
                0x2001a2a8                fn_init
 .text._f_get16bitl
                0x2001a588       0x4c C:/Hoopoe3/Hoopoe3/satellite-subsystems/demo/../..//hal/hcc/lib\libHCCD.a(fat_common.o)
                0x2001a588                _f_get16bitl
 .text._f_set16bitl
                0x2001a5d4       0x54 C:/Hoopoe3/Hoopoe3/satellite-subsystems/demo/../..//hal/hcc/lib\libHCCD.a(fat_common.o)
                0x2001a5d4                _f_set16bitl
 .text._f_get32bitl
                0x2001a628       0x68 C:/Hoopoe3/Hoopoe3/satellite-subsystems/demo/../..//hal/hcc/lib\libHCCD.a(fat_common.o)
                0x2001a628                _f_get32bitl
 .text._f_set32bitl
                0x2001a690       0x78 C:/Hoopoe3/Hoopoe3/satellite-subsystems/demo/../..//hal/hcc/lib\libHCCD.a(fat_common.o)
                0x2001a690                _f_set32bitl
 .text._get8bit
                0x2001a708       0xa0 C:/Hoopoe3/Hoopoe3/satellite-subsystems/demo/../..//hal/hcc/lib\libHCCD.a(fat_common.o)
 .text._get16bitl
                0x2001a7a8       0x40 C:/Hoopoe3/Hoopoe3/satellite-subsystems/demo/../..//hal/hcc/lib\libHCCD.a(fat_common.o)
 .text._get32bitl
                0x2001a7e8       0x3c C:/Hoopoe3/Hoopoe3/satellite-subsystems/demo/../..//hal/hcc/lib\libHCCD.a(fat_common.o)
 .text._f_setcardremoved
                0x2001a824       0x94 C:/Hoopoe3/Hoopoe3/satellite-subsystems/demo/../..//hal/hcc/lib\libHCCD.a(fat_common.o)
 .text._f_checkstatus
                0x2001a8b8      0x104 C:/Hoopoe3/Hoopoe3/satellite-subsystems/demo/../..//hal/hcc/lib\libHCCD.a(fat_common.o)
                0x2001a8b8                _f_checkstatus
 .text._f_drvgetphy
                0x2001a9bc      0x114 C:/Hoopoe3/Hoopoe3/satellite-subsystems/demo/../..//hal/hcc/lib\libHCCD.a(fat_common.o)
 .text._f_drvwritesector
                0x2001aad0       0xdc C:/Hoopoe3/Hoopoe3/satellite-subsystems/demo/../..//hal/hcc/lib\libHCCD.a(fat_common.o)
 .text._f_drvreadsector
                0x2001abac       0xa8 C:/Hoopoe3/Hoopoe3/satellite-subsystems/demo/../..//hal/hcc/lib\libHCCD.a(fat_common.o)
 .text._f_writesector
                0x2001ac54      0x23c C:/Hoopoe3/Hoopoe3/satellite-subsystems/demo/../..//hal/hcc/lib\libHCCD.a(fat_common.o)
                0x2001ac54                _f_writesector
 .text._f_readsector
                0x2001ae90      0x1dc C:/Hoopoe3/Hoopoe3/satellite-subsystems/demo/../..//hal/hcc/lib\libHCCD.a(fat_common.o)
                0x2001ae90                _f_readsector
 .text._f_getmaxcluster
                0x2001b06c       0x94 C:/Hoopoe3/Hoopoe3/satellite-subsystems/demo/../..//hal/hcc/lib\libHCCD.a(fat_common.o)
                0x2001b06c                _f_getmaxcluster
 .text._getsectorfromcluster
                0x2001b100       0x68 C:/Hoopoe3/Hoopoe3/satellite-subsystems/demo/../..//hal/hcc/lib\libHCCD.a(fat_common.o)
 .text._f_buildsectors
                0x2001b168      0x268 C:/Hoopoe3/Hoopoe3/satellite-subsystems/demo/../..//hal/hcc/lib\libHCCD.a(fat_common.o)
 .text._f_getbootrecord
                0x2001b3d0      0x5e4 C:/Hoopoe3/Hoopoe3/satellite-subsystems/demo/../..//hal/hcc/lib\libHCCD.a(fat_common.o)
 .text._f_readbootrecord
                0x2001b9b4      0x4f8 C:/Hoopoe3/Hoopoe3/satellite-subsystems/demo/../..//hal/hcc/lib\libHCCD.a(fat_common.o)
 .text._f_flushcffiles
                0x2001beac      0x17c C:/Hoopoe3/Hoopoe3/satellite-subsystems/demo/../..//hal/hcc/lib\libHCCD.a(fat_common.o)
                0x2001beac                _f_flushcffiles
 .text._f_fatcache_flush
                0x2001c028      0x270 C:/Hoopoe3/Hoopoe3/satellite-subsystems/demo/../..//hal/hcc/lib\libHCCD.a(fat_common.o)
                0x2001c028                _f_fatcache_flush
 .text._f_writefatsector
                0x2001c298      0x100 C:/Hoopoe3/Hoopoe3/satellite-subsystems/demo/../..//hal/hcc/lib\libHCCD.a(fat_common.o)
                0x2001c298                _f_writefatsector
 .text._f_getfatsector
                0x2001c398      0x3bc C:/Hoopoe3/Hoopoe3/satellite-subsystems/demo/../..//hal/hcc/lib\libHCCD.a(fat_common.o)
 .text._f_setclustervalue
                0x2001c754      0x490 C:/Hoopoe3/Hoopoe3/satellite-subsystems/demo/../..//hal/hcc/lib\libHCCD.a(fat_common.o)
                0x2001c754                _f_setclustervalue
 .text._f_getclustervalue
                0x2001cbe4      0x388 C:/Hoopoe3/Hoopoe3/satellite-subsystems/demo/../..//hal/hcc/lib\libHCCD.a(fat_common.o)
                0x2001cbe4                _f_getclustervalue
 .text._f_close_drive_files
                0x2001cf6c       0xac C:/Hoopoe3/Hoopoe3/satellite-subsystems/demo/../..//hal/hcc/lib\libHCCD.a(fat_common.o)
 .text._f_inc_mount_count
                0x2001d018       0xa4 C:/Hoopoe3/Hoopoe3/satellite-subsystems/demo/../..//hal/hcc/lib\libHCCD.a(fat_common.o)
 .text._f_getvolume
                0x2001d0bc      0x2f8 C:/Hoopoe3/Hoopoe3/satellite-subsystems/demo/../..//hal/hcc/lib\libHCCD.a(fat_common.o)
                0x2001d0bc                _f_getvolume
 .text.fn_createdriver
                0x2001d3b4      0x118 C:/Hoopoe3/Hoopoe3/satellite-subsystems/demo/../..//hal/hcc/lib\libHCCD.a(fat_common.o)
                0x2001d3b4                fn_createdriver
 .text.fn_initvolume
                0x2001d4cc      0x12c C:/Hoopoe3/Hoopoe3/satellite-subsystems/demo/../..//hal/hcc/lib\libHCCD.a(fat_common.o)
                0x2001d4cc                fn_initvolume
 .text.fn_initvolumepartition_sub
                0x2001d5f8       0xe0 C:/Hoopoe3/Hoopoe3/satellite-subsystems/demo/../..//hal/hcc/lib\libHCCD.a(fat_common.o)
 .text.fn_initvolumepartition
                0x2001d6d8       0xac C:/Hoopoe3/Hoopoe3/satellite-subsystems/demo/../..//hal/hcc/lib\libHCCD.a(fat_common.o)
                0x2001d6d8                fn_initvolumepartition
 .text._f_clustertopos
                0x2001d784       0xf8 C:/Hoopoe3/Hoopoe3/satellite-subsystems/demo/../..//hal/hcc/lib\libHCCD.a(fat_common.o)
                0x2001d784                _f_clustertopos
 .text._f_getcurrsector
                0x2001d87c      0x6c8 C:/Hoopoe3/Hoopoe3/satellite-subsystems/demo/../..//hal/hcc/lib\libHCCD.a(fat_common.o)
                0x2001d87c                _f_getcurrsector
 .text._f_getdecluster
                0x2001df44       0x90 C:/Hoopoe3/Hoopoe3/satellite-subsystems/demo/../..//hal/hcc/lib\libHCCD.a(fat_common.o)
                0x2001df44                _f_getdecluster
 .text._f_setdecluster
                0x2001dfd4       0x8c C:/Hoopoe3/Hoopoe3/satellite-subsystems/demo/../..//hal/hcc/lib\libHCCD.a(fat_common.o)
                0x2001dfd4                _f_setdecluster
 .text.fn_getdrive
                0x2001e060       0x30 C:/Hoopoe3/Hoopoe3/satellite-subsystems/demo/../..//hal/hcc/lib\libHCCD.a(fat_common.o)
                0x2001e060                fn_getdrive
 .text._f_getcurrenttimedate
                0x2001e090      0x138 C:/Hoopoe3/Hoopoe3/satellite-subsystems/demo/../..//hal/hcc/lib\libHCCD.a(fat_common.o)
                0x2001e090                _f_getcurrenttimedate
 .text._f_initentry
                0x2001e1c8       0xa0 C:/Hoopoe3/Hoopoe3/satellite-subsystems/demo/../..//hal/hcc/lib\libHCCD.a(fat_common.o)
                0x2001e1c8                _f_initentry
 .text._f_alloccluster
                0x2001e268      0x344 C:/Hoopoe3/Hoopoe3/satellite-subsystems/demo/../..//hal/hcc/lib\libHCCD.a(fat_common.o)
                0x2001e268                _f_alloccluster
 .text._f_dobadblock
                0x2001e5ac      0x2cc C:/Hoopoe3/Hoopoe3/satellite-subsystems/demo/../..//hal/hcc/lib\libHCCD.a(fat_common.o)
                0x2001e5ac                _f_dobadblock
 .text._f_checklocked
                0x2001e878       0xe4 C:/Hoopoe3/Hoopoe3/satellite-subsystems/demo/../..//hal/hcc/lib\libHCCD.a(fat_common.o)
                0x2001e878                _f_checklocked
 .text._f_checkappendlocked
                0x2001e95c      0x110 C:/Hoopoe3/Hoopoe3/satellite-subsystems/demo/../..//hal/hcc/lib\libHCCD.a(fat_common.o)
                0x2001e95c                _f_checkappendlocked
 .text._f_setsyncafile
                0x2001ea6c      0x114 C:/Hoopoe3/Hoopoe3/satellite-subsystems/demo/../..//hal/hcc/lib\libHCCD.a(fat_common.o)
                0x2001ea6c                _f_setsyncafile
 .text._f_syncfiles
                0x2001eb80      0x128 C:/Hoopoe3/Hoopoe3/satellite-subsystems/demo/../..//hal/hcc/lib\libHCCD.a(fat_common.o)
                0x2001eb80                _f_syncfiles
 .text._f_syncfilescontent
                0x2001eca8      0x15c C:/Hoopoe3/Hoopoe3/satellite-subsystems/demo/../..//hal/hcc/lib\libHCCD.a(fat_common.o)
 .text.fn_getfreespace
                0x2001ee04      0x4c0 C:/Hoopoe3/Hoopoe3/satellite-subsystems/demo/../..//hal/hcc/lib\libHCCD.a(fat_common.o)
                0x2001ee04                fn_getfreespace
 .text._f_emptywritecache
                0x2001f2c4      0x4a4 C:/Hoopoe3/Hoopoe3/satellite-subsystems/demo/../..//hal/hcc/lib\libHCCD.a(fat_common.o)
 .text._f_allocnextcluster
                0x2001f768      0x54c C:/Hoopoe3/Hoopoe3/satellite-subsystems/demo/../..//hal/hcc/lib\libHCCD.a(fat_common.o)
 .text._f_emptywritebuffer
                0x2001fcb4      0x20c C:/Hoopoe3/Hoopoe3/satellite-subsystems/demo/../..//hal/hcc/lib\libHCCD.a(fat_common.o)
 .text._f_writezeros
                0x2001fec0       0xf0 C:/Hoopoe3/Hoopoe3/satellite-subsystems/demo/../..//hal/hcc/lib\libHCCD.a(fat_common.o)
                0x2001fec0                _f_writezeros
 .text._f_extend_file
                0x2001ffb0      0x570 C:/Hoopoe3/Hoopoe3/satellite-subsystems/demo/../..//hal/hcc/lib\libHCCD.a(fat_common.o)
 .text._f_fseek
                0x20020520      0x9bc C:/Hoopoe3/Hoopoe3/satellite-subsystems/demo/../..//hal/hcc/lib\libHCCD.a(fat_common.o)
                0x20020520                _f_fseek
 .text._f_removechain
                0x20020edc      0x104 C:/Hoopoe3/Hoopoe3/satellite-subsystems/demo/../..//hal/hcc/lib\libHCCD.a(fat_common.o)
                0x20020edc                _f_removechain
 .text._f_updatefileentry
                0x20020fe0      0x1cc C:/Hoopoe3/Hoopoe3/satellite-subsystems/demo/../..//hal/hcc/lib\libHCCD.a(fat_common.o)
 .text._f_checkreadlocked
                0x200211ac      0x1bc C:/Hoopoe3/Hoopoe3/satellite-subsystems/demo/../..//hal/hcc/lib\libHCCD.a(fat_common.o)
                0x200211ac                _f_checkreadlocked
 .text._f_check_handle
                0x20021368       0x98 C:/Hoopoe3/Hoopoe3/satellite-subsystems/demo/../..//hal/hcc/lib\libHCCD.a(fat_common.o)
                0x20021368                _f_check_handle
 .text._f_removesyncafile
                0x20021400      0x1ec C:/Hoopoe3/Hoopoe3/satellite-subsystems/demo/../..//hal/hcc/lib\libHCCD.a(fat_common.o)
 .text.fn_close
                0x200215ec      0x3f8 C:/Hoopoe3/Hoopoe3/satellite-subsystems/demo/../..//hal/hcc/lib\libHCCD.a(fat_common.o)
                0x200215ec                fn_close
 .text.fn_flush
                0x200219e4      0x374 C:/Hoopoe3/Hoopoe3/satellite-subsystems/demo/../..//hal/hcc/lib\libHCCD.a(fat_common.o)
                0x200219e4                fn_flush
 .text.fn_read  0x20021d58      0x690 C:/Hoopoe3/Hoopoe3/satellite-subsystems/demo/../..//hal/hcc/lib\libHCCD.a(fat_common.o)
                0x20021d58                fn_read
 .text._f_abortwrite
                0x200223e8      0x100 C:/Hoopoe3/Hoopoe3/satellite-subsystems/demo/../..//hal/hcc/lib\libHCCD.a(fat_common.o)
 .text._f_checkwritecluster
                0x200224e8       0xe4 C:/Hoopoe3/Hoopoe3/satellite-subsystems/demo/../..//hal/hcc/lib\libHCCD.a(fat_common.o)
 .text.fn_write
                0x200225cc      0x8a8 C:/Hoopoe3/Hoopoe3/satellite-subsystems/demo/../..//hal/hcc/lib\libHCCD.a(fat_common.o)
                0x200225cc                fn_write
 .text.fn_seek  0x20022e74      0x270 C:/Hoopoe3/Hoopoe3/satellite-subsystems/demo/../..//hal/hcc/lib\libHCCD.a(fat_common.o)
                0x20022e74                fn_seek
 .text.f_enterFS
                0x200230e4      0x1c0 C:/Hoopoe3/Hoopoe3/satellite-subsystems/demo/../..//hal/hcc/lib\libHCCD.a(fat_common.o)
                0x200230e4                f_enterFS
 .text.fnGetTask
                0x200232a4       0xfc C:/Hoopoe3/Hoopoe3/satellite-subsystems/demo/../..//hal/hcc/lib\libHCCD.a(fat_common.o)
                0x200232a4                fnGetTask
 .text._f_mutex_get
                0x200233a0       0x98 C:/Hoopoe3/Hoopoe3/satellite-subsystems/demo/../..//hal/hcc/lib\libHCCD.a(fat_common.o)
                0x200233a0                _f_mutex_get
 .text._f_mutex_put
                0x20023438       0x54 C:/Hoopoe3/Hoopoe3/satellite-subsystems/demo/../..//hal/hcc/lib\libHCCD.a(fat_common.o)
                0x20023438                _f_mutex_put
 .text._fn_initseekdivisor
                0x2002348c      0x158 C:/Hoopoe3/Hoopoe3/satellite-subsystems/demo/../..//hal/hcc/lib\libHCCD.a(fat_common.o)
                0x2002348c                _fn_initseekdivisor
 .text._fn_updateseekpos
                0x200235e4       0xc4 C:/Hoopoe3/Hoopoe3/satellite-subsystems/demo/../..//hal/hcc/lib\libHCCD.a(fat_common.o)
 .text._f_findopensize
                0x200236a8       0x2c C:/Hoopoe3/Hoopoe3/satellite-subsystems/demo/../..//hal/hcc/lib\libHCCD.a(fat_common.o)
                0x200236a8                _f_findopensize
 .text.fn_setlasterror
                0x200236d4       0x34 C:/Hoopoe3/Hoopoe3/satellite-subsystems/demo/../..//hal/hcc/lib\libHCCD.a(fat_common.o)
                0x200236d4                fn_setlasterror
 .text.fn_setlasterror_noret
                0x20023708       0x2c C:/Hoopoe3/Hoopoe3/satellite-subsystems/demo/../..//hal/hcc/lib\libHCCD.a(fat_common.o)
                0x20023708                fn_setlasterror_noret
 .text.fm_initvolume
                0x20023734       0x70 C:/Hoopoe3/Hoopoe3/satellite-subsystems/demo/../..//hal/hcc/lib\libHCCD.a(fat_m.o)
                0x20023734                fm_initvolume
 .text.fm_getdrive
                0x200237a4       0x70 C:/Hoopoe3/Hoopoe3/satellite-subsystems/demo/../..//hal/hcc/lib\libHCCD.a(fat_m.o)
                0x200237a4                fm_getdrive
 .text.fm_getfreespace
                0x20023814       0x68 C:/Hoopoe3/Hoopoe3/satellite-subsystems/demo/../..//hal/hcc/lib\libHCCD.a(fat_m.o)
                0x20023814                fm_getfreespace
 .text.fm_findfirst
                0x2002387c       0x68 C:/Hoopoe3/Hoopoe3/satellite-subsystems/demo/../..//hal/hcc/lib\libHCCD.a(fat_m.o)
                0x2002387c                fm_findfirst
 .text.fm_findnext
                0x200238e4       0x60 C:/Hoopoe3/Hoopoe3/satellite-subsystems/demo/../..//hal/hcc/lib\libHCCD.a(fat_m.o)
                0x200238e4                fm_findnext
 .text.fm_filelength
                0x20023944       0x60 C:/Hoopoe3/Hoopoe3/satellite-subsystems/demo/../..//hal/hcc/lib\libHCCD.a(fat_m.o)
                0x20023944                fm_filelength
 .text.fm_close
                0x200239a4       0x60 C:/Hoopoe3/Hoopoe3/satellite-subsystems/demo/../..//hal/hcc/lib\libHCCD.a(fat_m.o)
                0x200239a4                fm_close
 .text.fm_flush
                0x20023a04       0x60 C:/Hoopoe3/Hoopoe3/satellite-subsystems/demo/../..//hal/hcc/lib\libHCCD.a(fat_m.o)
                0x20023a04                fm_flush
 .text.fm_open  0x20023a64       0x68 C:/Hoopoe3/Hoopoe3/satellite-subsystems/demo/../..//hal/hcc/lib\libHCCD.a(fat_m.o)
                0x20023a64                fm_open
 .text.fm_read  0x20023acc       0x7c C:/Hoopoe3/Hoopoe3/satellite-subsystems/demo/../..//hal/hcc/lib\libHCCD.a(fat_m.o)
                0x20023acc                fm_read
 .text.fm_write
                0x20023b48       0x7c C:/Hoopoe3/Hoopoe3/satellite-subsystems/demo/../..//hal/hcc/lib\libHCCD.a(fat_m.o)
                0x20023b48                fm_write
 .text.fm_seek  0x20023bc4       0x70 C:/Hoopoe3/Hoopoe3/satellite-subsystems/demo/../..//hal/hcc/lib\libHCCD.a(fat_m.o)
                0x20023bc4                fm_seek
 .text.fm_delete
                0x20023c34       0x64 C:/Hoopoe3/Hoopoe3/satellite-subsystems/demo/../..//hal/hcc/lib\libHCCD.a(fat_m.o)
                0x20023c34                fm_delete
 .text._s_checkzeroclusteratend
                0x20023c98       0xf8 C:/Hoopoe3/Hoopoe3/satellite-subsystems/demo/../..//hal/hcc/lib\libHCCD.a(safefat.o)
 .text._s_clearclustercontent
                0x20023d90      0x108 C:/Hoopoe3/Hoopoe3/satellite-subsystems/demo/../..//hal/hcc/lib\libHCCD.a(safefat.o)
 .text._s_clearclustercontentdir
                0x20023e98      0x19c C:/Hoopoe3/Hoopoe3/satellite-subsystems/demo/../..//hal/hcc/lib\libHCCD.a(safefat.o)
 .text._s_writedirsector
                0x20024034       0xd0 C:/Hoopoe3/Hoopoe3/satellite-subsystems/demo/../..//hal/hcc/lib\libHCCD.a(safefat.o)
 .text._s_getdirsector
                0x20024104      0x100 C:/Hoopoe3/Hoopoe3/satellite-subsystems/demo/../..//hal/hcc/lib\libHCCD.a(safefat.o)
 .text._s_addentry
                0x20024204      0x394 C:/Hoopoe3/Hoopoe3/satellite-subsystems/demo/../..//hal/hcc/lib\libHCCD.a(safefat.o)
 .text._s_findfile
                0x20024598      0x33c C:/Hoopoe3/Hoopoe3/satellite-subsystems/demo/../..//hal/hcc/lib\libHCCD.a(safefat.o)
 .text._s_findsubdir
                0x200248d4      0x248 C:/Hoopoe3/Hoopoe3/satellite-subsystems/demo/../..//hal/hcc/lib\libHCCD.a(safefat.o)
 .text._s_createfile
                0x20024b1c      0x190 C:/Hoopoe3/Hoopoe3/satellite-subsystems/demo/../..//hal/hcc/lib\libHCCD.a(safefat.o)
 .text._s_findsaffile
                0x20024cac      0x1b8 C:/Hoopoe3/Hoopoe3/satellite-subsystems/demo/../..//hal/hcc/lib\libHCCD.a(safefat.o)
 .text._s_open  0x20024e64       0xe4 C:/Hoopoe3/Hoopoe3/satellite-subsystems/demo/../..//hal/hcc/lib\libHCCD.a(safefat.o)
 .text._s_open_saf
                0x20024f48       0xe8 C:/Hoopoe3/Hoopoe3/satellite-subsystems/demo/../..//hal/hcc/lib\libHCCD.a(safefat.o)
 .text._s_flush
                0x20025030       0x84 C:/Hoopoe3/Hoopoe3/satellite-subsystems/demo/../..//hal/hcc/lib\libHCCD.a(safefat.o)
 .text._s_allocnextcluster
                0x200250b4      0x13c C:/Hoopoe3/Hoopoe3/satellite-subsystems/demo/../..//hal/hcc/lib\libHCCD.a(safefat.o)
 .text._s_getnextsector
                0x200251f0       0xdc C:/Hoopoe3/Hoopoe3/satellite-subsystems/demo/../..//hal/hcc/lib\libHCCD.a(safefat.o)
 .text._s_seek  0x200252cc      0x1e8 C:/Hoopoe3/Hoopoe3/satellite-subsystems/demo/../..//hal/hcc/lib\libHCCD.a(safefat.o)
 .text._s_read  0x200254b4      0x228 C:/Hoopoe3/Hoopoe3/satellite-subsystems/demo/../..//hal/hcc/lib\libHCCD.a(safefat.o)
 .text._s_write
                0x200256dc      0x384 C:/Hoopoe3/Hoopoe3/satellite-subsystems/demo/../..//hal/hcc/lib\libHCCD.a(safefat.o)
 .text._s_restoreclusters
                0x20025a60      0x270 C:/Hoopoe3/Hoopoe3/satellite-subsystems/demo/../..//hal/hcc/lib\libHCCD.a(safefat.o)
                0x20025a60                _s_restoreclusters
 .text._s_findrestore
                0x20025cd0      0x18c C:/Hoopoe3/Hoopoe3/satellite-subsystems/demo/../..//hal/hcc/lib\libHCCD.a(safefat.o)
 .text._s_cmd_writede
                0x20025e5c       0xd8 C:/Hoopoe3/Hoopoe3/satellite-subsystems/demo/../..//hal/hcc/lib\libHCCD.a(safefat.o)
 .text._s_cmd_setcluster
                0x20025f34       0x88 C:/Hoopoe3/Hoopoe3/satellite-subsystems/demo/../..//hal/hcc/lib\libHCCD.a(safefat.o)
 .text._s_cmd_deletechain
                0x20025fbc      0x100 C:/Hoopoe3/Hoopoe3/satellite-subsystems/demo/../..//hal/hcc/lib\libHCCD.a(safefat.o)
 .text._s_cmd_validatecfn
                0x200260bc      0x308 C:/Hoopoe3/Hoopoe3/satellite-subsystems/demo/../..//hal/hcc/lib\libHCCD.a(safefat.o)
 .text._s_cmd_seteof
                0x200263c4      0x3c4 C:/Hoopoe3/Hoopoe3/satellite-subsystems/demo/../..//hal/hcc/lib\libHCCD.a(safefat.o)
 .text.safe_docommands
                0x20026788      0x56c C:/Hoopoe3/Hoopoe3/satellite-subsystems/demo/../..//hal/hcc/lib\libHCCD.a(safefat.o)
                0x20026788                safe_docommands
 .text.safe_entercommand
                0x20026cf4       0x68 C:/Hoopoe3/Hoopoe3/satellite-subsystems/demo/../..//hal/hcc/lib\libHCCD.a(safefat.o)
                0x20026cf4                safe_entercommand
 .text.safe_ready
                0x20026d5c       0xf4 C:/Hoopoe3/Hoopoe3/satellite-subsystems/demo/../..//hal/hcc/lib\libHCCD.a(safefat.o)
                0x20026d5c                safe_ready
 .text.safe_copycfn
                0x20026e50       0xb8 C:/Hoopoe3/Hoopoe3/satellite-subsystems/demo/../..//hal/hcc/lib\libHCCD.a(safefat.o)
                0x20026e50                safe_copycfn
 .text.safe_cfremove
                0x20026f08       0xb8 C:/Hoopoe3/Hoopoe3/satellite-subsystems/demo/../..//hal/hcc/lib\libHCCD.a(safefat.o)
                0x20026f08                safe_cfremove
 .text.safe_writede
                0x20026fc0      0x104 C:/Hoopoe3/Hoopoe3/satellite-subsystems/demo/../..//hal/hcc/lib\libHCCD.a(safefat.o)
                0x20026fc0                safe_writede
 .text.safe_setcluster
                0x200270c4       0xcc C:/Hoopoe3/Hoopoe3/satellite-subsystems/demo/../..//hal/hcc/lib\libHCCD.a(safefat.o)
                0x200270c4                safe_setcluster
 .text.safe_deletechain
                0x20027190      0x1c8 C:/Hoopoe3/Hoopoe3/satellite-subsystems/demo/../..//hal/hcc/lib\libHCCD.a(safefat.o)
                0x20027190                safe_deletechain
 .text.safe_cfclose
                0x20027358      0x104 C:/Hoopoe3/Hoopoe3/satellite-subsystems/demo/../..//hal/hcc/lib\libHCCD.a(safefat.o)
                0x20027358                safe_cfclose
 .text.safe_cfflush
                0x2002745c      0x124 C:/Hoopoe3/Hoopoe3/satellite-subsystems/demo/../..//hal/hcc/lib\libHCCD.a(safefat.o)