Archive member included because of file (symbol)

c:/isis/application/toolchain/bin/../lib/gcc/arm-none-eabi/4.7.4/../../../../arm-none-eabi/lib\libc_s.a(lib_a-vfprintf_float.o)
                              (_printf_float)
c:/isis/application/toolchain/bin/../lib/gcc/arm-none-eabi/4.7.4/../../../../arm-none-eabi/lib\libc_s.a(lib_a-vfprintf_i.o)
                              c:/isis/application/toolchain/bin/../lib/gcc/arm-none-eabi/4.7.4/../../../../arm-none-eabi/lib\libc_s.a(lib_a-vfprintf_float.o) (_printf_common)
c:/isis/application/toolchain/bin/../lib/gcc/arm-none-eabi/4.7.4/../../../../arm-none-eabi/lib\libc_s.a(lib_a-vfscanf_float.o)
                              (_scanf_float)
c:/isis/application/toolchain/bin/../lib/gcc/arm-none-eabi/4.7.4/../../../../arm-none-eabi/lib\libc_s.a(lib_a-dtoa.o)
                              c:/isis/application/toolchain/bin/../lib/gcc/arm-none-eabi/4.7.4/../../../../arm-none-eabi/lib\libc_s.a(lib_a-vfprintf_float.o) (_dtoa_r)
c:/isis/application/toolchain/bin/../lib/gcc/arm-none-eabi/4.7.4/../../../../arm-none-eabi/lib\libc_s.a(lib_a-locale.o)
                              c:/isis/application/toolchain/bin/../lib/gcc/arm-none-eabi/4.7.4/../../../../arm-none-eabi/lib\libc_s.a(lib_a-vfprintf_float.o) (_localeconv_r)
c:/isis/application/toolchain/bin/../lib/gcc/arm-none-eabi/4.7.4/../../../../arm-none-eabi/lib\libc_s.a(lib_a-malloc.o)
                              c:/isis/application/toolchain/bin/../lib/gcc/arm-none-eabi/4.7.4/../../../../arm-none-eabi/lib\libc_s.a(lib_a-dtoa.o) (malloc)
c:/isis/application/toolchain/bin/../lib/gcc/arm-none-eabi/4.7.4/../../../../arm-none-eabi/lib\libc_s.a(lib_a-mallocr.o)
                              c:/isis/application/toolchain/bin/../lib/gcc/arm-none-eabi/4.7.4/../../../../arm-none-eabi/lib\libc_s.a(lib_a-malloc.o) (_malloc_r)
c:/isis/application/toolchain/bin/../lib/gcc/arm-none-eabi/4.7.4/../../../../arm-none-eabi/lib\libc_s.a(lib_a-memcpy.o)
                              c:/isis/application/toolchain/bin/../lib/gcc/arm-none-eabi/4.7.4/../../../../arm-none-eabi/lib\libc_s.a(lib_a-dtoa.o) (memcpy)
c:/isis/application/toolchain/bin/../lib/gcc/arm-none-eabi/4.7.4/../../../../arm-none-eabi/lib\libc_s.a(lib_a-mprec.o)
                              c:/isis/application/toolchain/bin/../lib/gcc/arm-none-eabi/4.7.4/../../../../arm-none-eabi/lib\libc_s.a(lib_a-dtoa.o) (_Balloc)
c:/isis/application/toolchain/bin/../lib/gcc/arm-none-eabi/4.7.4/../../../../arm-none-eabi/lib\libc_s.a(lib_a-s_fpclassify.o)
                              c:/isis/application/toolchain/bin/../lib/gcc/arm-none-eabi/4.7.4/../../../../arm-none-eabi/lib\libc_s.a(lib_a-vfprintf_float.o) (__fpclassifyd)
c:/isis/application/toolchain/bin/../lib/gcc/arm-none-eabi/4.7.4/../../../../arm-none-eabi/lib\libc_s.a(lib_a-sbrkr.o)
                              c:/isis/application/toolchain/bin/../lib/gcc/arm-none-eabi/4.7.4/../../../../arm-none-eabi/lib\libc_s.a(lib_a-mallocr.o) (_sbrk_r)
c:/isis/application/toolchain/bin/../lib/gcc/arm-none-eabi/4.7.4/../../../../arm-none-eabi/lib\libc_s.a(lib_a-sf_nan.o)
                              c:/isis/application/toolchain/bin/../lib/gcc/arm-none-eabi/4.7.4/../../../../arm-none-eabi/lib\libc_s.a(lib_a-vfscanf_float.o) (nanf)
c:/isis/application/toolchain/bin/../lib/gcc/arm-none-eabi/4.7.4/../../../../arm-none-eabi/lib\libc_s.a(lib_a-sprintf.o)
                              c:/isis/application/toolchain/bin/../lib/gcc/arm-none-eabi/4.7.4/../../../../arm-none-eabi/lib\libc_s.a(lib_a-vfscanf_float.o) (sprintf)
c:/isis/application/toolchain/bin/../lib/gcc/arm-none-eabi/4.7.4/../../../../arm-none-eabi/lib\libc_s.a(lib_a-strcmp.o)
                              c:/isis/application/toolchain/bin/../lib/gcc/arm-none-eabi/4.7.4/../../../../arm-none-eabi/lib\libc_s.a(lib_a-locale.o) (strcmp)
c:/isis/application/toolchain/bin/../lib/gcc/arm-none-eabi/4.7.4/../../../../arm-none-eabi/lib\libc_s.a(lib_a-strlen.o)
                              c:/isis/application/toolchain/bin/../lib/gcc/arm-none-eabi/4.7.4/../../../../arm-none-eabi/lib\libc_s.a(lib_a-vfprintf_float.o) (strlen)
c:/isis/application/toolchain/bin/../lib/gcc/arm-none-eabi/4.7.4/../../../../arm-none-eabi/lib\libc_s.a(lib_a-strtod.o)
                              c:/isis/application/toolchain/bin/../lib/gcc/arm-none-eabi/4.7.4/../../../../arm-none-eabi/lib\libc_s.a(lib_a-vfscanf_float.o) (_strtod_r)
c:/isis/application/toolchain/bin/../lib/gcc/arm-none-eabi/4.7.4/../../../../arm-none-eabi/lib\libc_s.a(lib_a-strtol.o)
                              c:/isis/application/toolchain/bin/../lib/gcc/arm-none-eabi/4.7.4/../../../../arm-none-eabi/lib\libc_s.a(lib_a-vfscanf_float.o) (_strtol_r)
c:/isis/application/toolchain/bin/../lib/gcc/arm-none-eabi/4.7.4/../../../../arm-none-eabi/lib\libc_s.a(lib_a-svfprintf.o)
                              c:/isis/application/toolchain/bin/../lib/gcc/arm-none-eabi/4.7.4/../../../../arm-none-eabi/lib\libc_s.a(lib_a-sprintf.o) (_svfprintf_r)
[...]
Memory Configuration

Name             Origin             Length             Attributes
sram0            0x00200000         0x00004000         w !xr
sram1            0x00300000         0x00004000         w !xr
sdram            0x20000000         0x02000000         w !xr
*default*        0x00000000         0xffffffff

Linker script and memory map

LOAD c:/isis/application/toolchain/bin/../lib/gcc/arm-none-eabi/4.7.4/../../../../arm-none-eabi/lib\libc_s.a
LOAD ./src/sub-systemCode/payload/Request Management/Dump/Butchering.o
LOAD ./src/sub-systemCode/payload/Request Management/Dump/imageDump.o
LOAD ./src/sub-systemCode/payload/Request Management/CameraManeger.o
LOAD ./src/sub-systemCode/payload/Request Management/DB_RequestHandling.o
LOAD ./src/sub-systemCode/payload/Misc/Boolean_bit.o
LOAD ./src/sub-systemCode/payload/Misc/FileSystem.o
LOAD ./src/sub-systemCode/payload/Drivers/GeckoCameraDriver.o
LOAD ./src/sub-systemCode/payload/DataBase/DataBase.o
LOAD ./src/sub-systemCode/payload/Compression/jpeg/bmp/rawToBMP.o
LOAD ./src/sub-systemCode/payload/Compression/jpeg/DCT.o
LOAD ./src/sub-systemCode/payload/Compression/jpeg/ImgCompressor.o
LOAD ./src/sub-systemCode/payload/Compression/jpeg/color_conv.o
LOAD ./src/sub-systemCode/payload/Compression/jpeg/jpeg.o
LOAD ./src/sub-systemCode/payload/Compression/jpeg/jpeg_encoder.o
LOAD ./src/sub-systemCode/payload/Compression/jpeg/jpeg_memory_alloc.o
LOAD ./src/sub-systemCode/payload/Compression/jpeg/jpeg_params.o
LOAD ./src/sub-systemCode/payload/Compression/jpeg/output_stream.o
LOAD ./src/sub-systemCode/payload/Compression/ImageConversion.o
LOAD ./src/sub-systemCode/Main/CMD/COMM_CMD.o
LOAD ./src/sub-systemCode/Main/CMD/EPS_CMD.o
LOAD ./src/sub-systemCode/Main/CMD/General_CMD.o
LOAD ./src/sub-systemCode/Main/CMD/SW_CMD.o
LOAD ./src/sub-systemCode/Main/CMD/payload_CMD.o
LOAD ./src/sub-systemCode/Main/Ants.o
LOAD ./src/sub-systemCode/Main/EPS.o
LOAD ./src/sub-systemCode/Main/HouseKeeping.o
LOAD ./src/sub-systemCode/Main/Main_Init.o
LOAD ./src/sub-systemCode/Main/commands.o
LOAD ./src/sub-systemCode/Global/Global.o
LOAD ./src/sub-systemCode/Global/GlobalParam.o
LOAD ./src/sub-systemCode/Global/OnlineTM.o
LOAD ./src/sub-systemCode/Global/TLM_management.o
LOAD ./src/sub-systemCode/Global/logger.o
LOAD ./src/sub-systemCode/COMM/APRS.o
LOAD ./src/sub-systemCode/COMM/DelayedCommand_list.o
LOAD ./src/sub-systemCode/COMM/GSC.o
LOAD ./src/sub-systemCode/COMM/TRXVU.o
LOAD ./src/sub-systemCode/ADCS/ADCS.o
LOAD ./src/sub-systemCode/ADCS/Stage_Table.o
LOAD ./src/main.o
LOAD C:/ISIS/workspace/HOOPOE3/satellite-subsystems/demo/..//satellite-subsystems/lib\libSatelliteSubsystemsD.a
LOAD c:/isis/application/toolchain/bin/../lib/gcc/arm-none-eabi/4.7.4/../../../../arm-none-eabi/lib\libm.a
LOAD C:/ISIS/workspace/HOOPOE3/satellite-subsystems/demo/../..//hal/hcc/lib\libHCCD.a
LOAD C:/ISIS/workspace/HOOPOE3/satellite-subsystems/demo/../..//hal/hal/lib\libHALD.a
LOAD C:/ISIS/workspace/HOOPOE3/satellite-subsystems/demo/../..//hal/freertos/lib\libFreeRTOSD.a
LOAD C:/ISIS/workspace/HOOPOE3/satellite-subsystems/demo/../..//hal/at91/lib\libAt91D.a
START GROUP
LOAD c:/isis/application/toolchain/bin/../lib/gcc/arm-none-eabi/4.7.4\libgcc.a
LOAD c:/isis/application/toolchain/bin/../lib/gcc/arm-none-eabi/4.7.4/../../../../arm-none-eabi/lib\libc_s.a
END GROUP

.fixed          0x20000000    0x4e060
                0x20000000                . = ALIGN (0x4)
                0x20000000                _sfixed = .
 *(.startup)
 .startup       0x20000000      0x134 C:/ISIS/workspace/HOOPOE3/satellite-subsystems/demo/../..//hal/at91/lib\libAt91D.a(board_cstartup.o)
                0x20000000                entry
 *(.text)
 .text          0x20000134       0x64 C:/ISIS/workspace/HOOPOE3/satellite-subsystems/demo/../..//hal/at91/lib\libAt91D.a(cp15_asm.o)
                0x20000134                _readControlRegister
                0x20000140                _writeControlRegister
                0x20000148                _waitForInterrupt
                0x20000154                _writeTTB
                0x2000015c                _writeDomain
                0x20000164                _writeITLBLockdown
                0x2000016c                _prefetchICacheLine
                0x20000174                _flushDCache
                0x20000180                _flushWriteBuffer
                0x2000018c                _invalidateIDTLBs
 .text          0x20000198      0x114 c:/isis/application/toolchain/bin/../lib/gcc/arm-none-eabi/4.7.4\libgcc.a(_udivsi3.o)
                0x20000198                __aeabi_uidiv
                0x20000198                __udivsi3
                0x2000028c                __aeabi_uidivmod
 .text          0x200002ac      0x148 c:/isis/application/toolchain/bin/../lib/gcc/arm-none-eabi/4.7.4\libgcc.a(_divsi3.o)
                0x200002ac                __divsi3
                0x200002ac                __aeabi_idiv
                0x200003d4                __aeabi_idivmod
 .text          0x200003f4        0x4 c:/isis/application/toolchain/bin/../lib/gcc/arm-none-eabi/4.7.4\libgcc.a(_dvmd_tls.o)
                0x200003f4                __aeabi_idiv0
                0x200003f4                __aeabi_ldiv0
 .text          0x200003f8      0x41c c:/isis/application/toolchain/bin/../lib/gcc/arm-none-eabi/4.7.4\libgcc.a(_arm_addsubdf3.o)
                0x200003f8                __aeabi_drsub
                0x20000400                __aeabi_dsub
                0x20000400                __subdf3
                0x20000404                __aeabi_dadd
                0x20000404                __adddf3
                0x20000714                __floatunsidf
                0x20000714                __aeabi_ui2d
                0x20000738                __floatsidf
                0x20000738                __aeabi_i2d
                0x20000760                __aeabi_f2d
                0x20000760                __extendsfdf2
                0x200007a0                __floatundidf
                0x200007a0                __aeabi_ul2d
                0x200007b4                __floatdidf
                0x200007b4                __aeabi_l2d
 .text          0x20000814      0x49c c:/isis/application/toolchain/bin/../lib/gcc/arm-none-eabi/4.7.4\libgcc.a(_arm_muldivdf3.o)
                0x20000814                __aeabi_dmul
                0x20000814                __muldf3
                0x20000aa4                __divdf3
                0x20000aa4                __aeabi_ddiv
 .text          0x20000cb0      0x144 c:/isis/application/toolchain/bin/../lib/gcc/arm-none-eabi/4.7.4\libgcc.a(_arm_cmpdf2.o)
                0x20000cb0                __gtdf2
                0x20000cb0                __gedf2
                0x20000cb8                __ltdf2
                0x20000cb8                __ledf2
                0x20000cc0                __nedf2
                0x20000cc0                __eqdf2
                0x20000cc0                __cmpdf2
                0x20000d48                __aeabi_cdrcmple
                0x20000d64                __aeabi_cdcmpeq
                0x20000d64                __aeabi_cdcmple
                0x20000d7c                __aeabi_dcmpeq
                0x20000d94                __aeabi_dcmplt
                0x20000dac                __aeabi_dcmple
                0x20000dc4                __aeabi_dcmpge
                0x20000ddc                __aeabi_dcmpgt
 .text          0x20000df4       0x5c c:/isis/application/toolchain/bin/../lib/gcc/arm-none-eabi/4.7.4\libgcc.a(_arm_fixdfsi.o)
                0x20000df4                __aeabi_d2iz
                0x20000df4                __fixdfsi
 .text          0x20000e50       0x54 c:/isis/application/toolchain/bin/../lib/gcc/arm-none-eabi/4.7.4\libgcc.a(_arm_fixunsdfsi.o)
                0x20000e50                __aeabi_d2uiz
                0x20000e50                __fixunsdfsi
 .text          0x20000ea4       0xa0 c:/isis/application/toolchain/bin/../lib/gcc/arm-none-eabi/4.7.4\libgcc.a(_arm_truncdfsf2.o)
                0x20000ea4                __truncdfsf2
                0x20000ea4                __aeabi_d2f
 .text          0x20000f44      0x2ac c:/isis/application/toolchain/bin/../lib/gcc/arm-none-eabi/4.7.4\libgcc.a(_arm_addsubsf3.o)
                0x20000f44                __aeabi_frsub
                0x20000f4c                __subsf3
                0x20000f4c                __aeabi_fsub
                0x20000f50                __aeabi_fadd
                0x20000f50                __addsf3
                0x2000110c                __aeabi_ui2f
                0x2000110c                __floatunsisf
                0x20001114                __aeabi_i2f
                0x20001114                __floatsisf
                0x20001134                __aeabi_ul2f
                0x20001134                __floatundisf
                0x20001144                __aeabi_l2f
                0x20001144                __floatdisf
 .text          0x200011f0      0x2f8 c:/isis/application/toolchain/bin/../lib/gcc/arm-none-eabi/4.7.4\libgcc.a(_arm_muldivsf3.o)
                0x200011f0                __mulsf3
                0x200011f0                __aeabi_fmul
                0x20001388                __aeabi_fdiv
                0x20001388                __divsf3
 .text          0x200014e8       0x5c c:/isis/application/toolchain/bin/../lib/gcc/arm-none-eabi/4.7.4\libgcc.a(_arm_fixsfsi.o)
                0x200014e8                __aeabi_f2iz
                0x200014e8                __fixsfsi
 .text          0x20001544       0x54 c:/isis/application/toolchain/bin/../lib/gcc/arm-none-eabi/4.7.4\libgcc.a(_arm_fixunssfsi.o)
                0x20001544                __fixunssfsi
                0x20001544                __aeabi_f2uiz
 *(.text*)
 .text.__cvt    0x20001598      0x138 c:/isis/application/toolchain/bin/../lib/gcc/arm-none-eabi/4.7.4/../../../../arm-none-eabi/lib\libc_s.a(lib_a-vfprintf_float.o)
                0x20001598                __cvt
 .text.__exponent
                0x200016d0       0xa8 c:/isis/application/toolchain/bin/../lib/gcc/arm-none-eabi/4.7.4/../../../../arm-none-eabi/lib\libc_s.a(lib_a-vfprintf_float.o)
                0x200016d0                __exponent
 .text._printf_float
                0x20001778      0x7dc c:/isis/application/toolchain/bin/../lib/gcc/arm-none-eabi/4.7.4/../../../../arm-none-eabi/lib\libc_s.a(lib_a-vfprintf_float.o)
                0x20001778                _printf_float
 .text._printf_common
                0x20001f54      0x174 c:/isis/application/toolchain/bin/../lib/gcc/arm-none-eabi/4.7.4/../../../../arm-none-eabi/lib\libc_s.a(lib_a-vfprintf_i.o)
                0x20001f54                _printf_common
 .text._printf_i
                0x200020c8      0x3c4 c:/isis/application/toolchain/bin/../lib/gcc/arm-none-eabi/4.7.4/../../../../arm-none-eabi/lib\libc_s.a(lib_a-vfprintf_i.o)
                0x200020c8                _printf_i
 .text._scanf_float
                0x2000248c      0x5f4 c:/isis/application/toolchain/bin/../lib/gcc/arm-none-eabi/4.7.4/../../../../arm-none-eabi/lib\libc_s.a(lib_a-vfscanf_float.o)
                0x2000248c                _scanf_float
 .text.quorem   0x20002a80      0x1ac c:/isis/application/toolchain/bin/../lib/gcc/arm-none-eabi/4.7.4/../../../../arm-none-eabi/lib\libc_s.a(lib_a-dtoa.o)
 .text._dtoa_r  0x20002c2c     0x1268 c:/isis/application/toolchain/bin/../lib/gcc/arm-none-eabi/4.7.4/../../../../arm-none-eabi/lib\libc_s.a(lib_a-dtoa.o)
                0x20002c2c                _dtoa_r
 .text._localeconv_r
                0x20003e94        0xc c:/isis/application/toolchain/bin/../lib/gcc/arm-none-eabi/4.7.4/../../../../arm-none-eabi/lib\libc_s.a(lib_a-locale.o)
                0x20003e94                _localeconv_r
 .text.malloc   0x20003ea0       0x20 c:/isis/application/toolchain/bin/../lib/gcc/arm-none-eabi/4.7.4/../../../../arm-none-eabi/lib\libc_s.a(lib_a-malloc.o)
                0x20003ea0                malloc
 .text.free     0x20003ec0       0x20 c:/isis/application/toolchain/bin/../lib/gcc/arm-none-eabi/4.7.4/../../../../arm-none-eabi/lib\libc_s.a(lib_a-malloc.o)
                0x20003ec0                free
 .text._malloc_r
                0x20003ee0       0xfc c:/isis/application/toolchain/bin/../lib/gcc/arm-none-eabi/4.7.4/../../../../arm-none-eabi/lib\libc_s.a(lib_a-mallocr.o)
                0x20003ee0                _malloc_r
 .text.memcpy   0x20003fdc       0x20 c:/isis/application/toolchain/bin/../lib/gcc/arm-none-eabi/4.7.4/../../../../arm-none-eabi/lib\libc_s.a(lib_a-memcpy.o)
                0x20003fdc                memcpy
 .text._Balloc  0x20003ffc       0xcc c:/isis/application/toolchain/bin/../lib/gcc/arm-none-eabi/4.7.4/../../../../arm-none-eabi/lib\libc_s.a(lib_a-mprec.o)
                0x20003ffc                _Balloc
 .text._Bfree   0x200040c8       0x5c c:/isis/application/toolchain/bin/../lib/gcc/arm-none-eabi/4.7.4/../../../../arm-none-eabi/lib\libc_s.a(lib_a-mprec.o)
                0x200040c8                _Bfree
 .text.__multadd
                0x20004124       0xbc c:/isis/application/toolchain/bin/../lib/gcc/arm-none-eabi/4.7.4/../../../../arm-none-eabi/lib\libc_s.a(lib_a-mprec.o)
                0x20004124                __multadd
 .text.__s2b    0x200041e0       0xd8 c:/isis/application/toolchain/bin/../lib/gcc/arm-none-eabi/4.7.4/../../../../arm-none-eabi/lib\libc_s.a(lib_a-mprec.o)
                0x200041e0                __s2b
 .text.__hi0bits
                0x200042b8       0x58 c:/isis/application/toolchain/bin/../lib/gcc/arm-none-eabi/4.7.4/../../../../arm-none-eabi/lib\libc_s.a(lib_a-mprec.o)
                0x200042b8                __hi0bits
 .text.__lo0bits
                0x20004310       0x94 c:/isis/application/toolchain/bin/../lib/gcc/arm-none-eabi/4.7.4/../../../../arm-none-eabi/lib\libc_s.a(lib_a-mprec.o)
                0x20004310                __lo0bits
 .text.__i2b    0x200043a4       0x24 c:/isis/application/toolchain/bin/../lib/gcc/arm-none-eabi/4.7.4/../../../../arm-none-eabi/lib\libc_s.a(lib_a-mprec.o)
                0x200043a4                __i2b
 .text.__multiply
                0x200043c8      0x1ac c:/isis/application/toolchain/bin/../lib/gcc/arm-none-eabi/4.7.4/../../../../arm-none-eabi/lib\libc_s.a(lib_a-mprec.o)
                0x200043c8                __multiply
 .text.__pow5mult
                0x20004574      0x10c c:/isis/application/toolchain/bin/../lib/gcc/arm-none-eabi/4.7.4/../../../../arm-none-eabi/lib\libc_s.a(lib_a-mprec.o)
                0x20004574                __pow5mult
 .text.__lshift
                0x20004680       0xf0 c:/isis/application/toolchain/bin/../lib/gcc/arm-none-eabi/4.7.4/../../../../arm-none-eabi/lib\libc_s.a(lib_a-mprec.o)
                0x20004680                __lshift
 .text.__mcmp   0x20004770       0x60 c:/isis/application/toolchain/bin/../lib/gcc/arm-none-eabi/4.7.4/../../../../arm-none-eabi/lib\libc_s.a(lib_a-mprec.o)
                0x20004770                __mcmp
 .text.__mdiff  0x200047d0      0x128 c:/isis/application/toolchain/bin/../lib/gcc/arm-none-eabi/4.7.4/../../../../arm-none-eabi/lib\libc_s.a(lib_a-mprec.o)
                0x200047d0                __mdiff
 .text.__ulp    0x200048f8       0x5c c:/isis/application/toolchain/bin/../lib/gcc/arm-none-eabi/4.7.4/../../../../arm-none-eabi/lib\libc_s.a(lib_a-mprec.o)
                0x200048f8                __ulp
 .text.__b2d    0x20004954       0xc8 c:/isis/application/toolchain/bin/../lib/gcc/arm-none-eabi/4.7.4/../../../../arm-none-eabi/lib\libc_s.a(lib_a-mprec.o)
                0x20004954                __b2d
 .text.__d2b    0x20004a1c       0xfc c:/isis/application/toolchain/bin/../lib/gcc/arm-none-eabi/4.7.4/../../../../arm-none-eabi/lib\libc_s.a(lib_a-mprec.o)
                0x20004a1c                __d2b
 .text.__ratio  0x20004b18       0x70 c:/isis/application/toolchain/bin/../lib/gcc/arm-none-eabi/4.7.4/../../../../arm-none-eabi/lib\libc_s.a(lib_a-mprec.o)
                0x20004b18                __ratio
 .text.__copybits
                0x20004b88       0x4c c:/isis/application/toolchain/bin/../lib/gcc/arm-none-eabi/4.7.4/../../../../arm-none-eabi/lib\libc_s.a(lib_a-mprec.o)
                0x20004b88                __copybits
 .text.__any_on
                0x20004bd4       0x7c c:/isis/application/toolchain/bin/../lib/gcc/arm-none-eabi/4.7.4/../../../../arm-none-eabi/lib\libc_s.a(lib_a-mprec.o)
                0x20004bd4                __any_on
 .text.__fpclassifyd
                0x20004c50       0x6c c:/isis/application/toolchain/bin/../lib/gcc/arm-none-eabi/4.7.4/../../../../arm-none-eabi/lib\libc_s.a(lib_a-s_fpclassify.o)
                0x20004c50                __fpclassifyd
 .text._sbrk_r  0x20004cbc       0x3c c:/isis/application/toolchain/bin/../lib/gcc/arm-none-eabi/4.7.4/../../../../arm-none-eabi/lib\libc_s.a(lib_a-sbrkr.o)
                0x20004cbc                _sbrk_r
 .text.nanf     0x20004cf8        0xc c:/isis/application/toolchain/bin/../lib/gcc/arm-none-eabi/4.7.4/../../../../arm-none-eabi/lib\libc_s.a(lib_a-sf_nan.o)
                0x20004cf8                nanf
 .text.sprintf  0x20004d04       0x6c c:/isis/application/toolchain/bin/../lib/gcc/arm-none-eabi/4.7.4/../../../../arm-none-eabi/lib\libc_s.a(lib_a-sprintf.o)
                0x20004d04                siprintf
                0x20004d04                sprintf
 .text.strcmp   0x20004d70       0x1c c:/isis/application/toolchain/bin/../lib/gcc/arm-none-eabi/4.7.4/../../../../arm-none-eabi/lib\libc_s.a(lib_a-strcmp.o)
                0x20004d70                strcmp
 .text.strlen   0x20004d8c       0x1c c:/isis/application/toolchain/bin/../lib/gcc/arm-none-eabi/4.7.4/../../../../arm-none-eabi/lib\libc_s.a(lib_a-strlen.o)
                0x20004d8c                strlen
 .text.match    0x20004da8       0x54 c:/isis/application/toolchain/bin/../lib/gcc/arm-none-eabi/4.7.4/../../../../arm-none-eabi/lib\libc_s.a(lib_a-strtod.o)
 .text._strtod_r
                0x20004dfc     0x1168 c:/isis/application/toolchain/bin/../lib/gcc/arm-none-eabi/4.7.4/../../../../arm-none-eabi/lib\libc_s.a(lib_a-strtod.o)
                0x20004dfc                _strtod_r
 .text._strtol_r
                0x20005f64      0x1b8 c:/isis/application/toolchain/bin/../lib/gcc/arm-none-eabi/4.7.4/../../../../arm-none-eabi/lib\libc_s.a(lib_a-strtol.o)
                0x20005f64                _strtol_r
 .text.__ssputc_r
                0x2000611c      0x10c c:/isis/application/toolchain/bin/../lib/gcc/arm-none-eabi/4.7.4/../../../../arm-none-eabi/lib\libc_s.a(lib_a-svfprintf.o)
                0x2000611c                __ssputc_r
 .text._svfprintf_r
                0x20006228      0x328 c:/isis/application/toolchain/bin/../lib/gcc/arm-none-eabi/4.7.4/../../../../arm-none-eabi/lib\libc_s.a(lib_a-svfprintf.o)
                0x20006228                _svfiprintf_r
                0x20006228                _svfprintf_r
 .text._calloc_r
                0x20006550       0x2c c:/isis/application/toolchain/bin/../lib/gcc/arm-none-eabi/4.7.4/../../../../arm-none-eabi/lib\libc_s.a(lib_a-callocr.o)
                0x20006550                _calloc_r
 .text._free_r  0x2000657c      0x108 c:/isis/application/toolchain/bin/../lib/gcc/arm-none-eabi/4.7.4/../../../../arm-none-eabi/lib\libc_s.a(lib_a-freer.o)
                0x2000657c                _free_r
 .text.rshift   0x20006684       0xb0 c:/isis/application/toolchain/bin/../lib/gcc/arm-none-eabi/4.7.4/../../../../arm-none-eabi/lib\libc_s.a(lib_a-gdtoa-gethex.o)
 .text.htinit.constprop.0
                0x20006734       0x34 c:/isis/application/toolchain/bin/../lib/gcc/arm-none-eabi/4.7.4/../../../../arm-none-eabi/lib\libc_s.a(lib_a-gdtoa-gethex.o)
 .text.__hexdig_init
                0x20006768       0x38 c:/isis/application/toolchain/bin/../lib/gcc/arm-none-eabi/4.7.4/../../../../arm-none-eabi/lib\libc_s.a(lib_a-gdtoa-gethex.o)
                0x20006768                __hexdig_init
 .text.__gethex
                0x200067a0      0x6cc c:/isis/application/toolchain/bin/../lib/gcc/arm-none-eabi/4.7.4/../../../../arm-none-eabi/lib\libc_s.a(lib_a-gdtoa-gethex.o)
                0x200067a0                __gethex
 .text.L_shift  0x20006e6c       0x38 c:/isis/application/toolchain/bin/../lib/gcc/arm-none-eabi/4.7.4/../../../../arm-none-eabi/lib\libc_s.a(lib_a-gdtoa-hexnan.o)
 .text.__hexnan
                0x20006ea4      0x1d8 c:/isis/application/toolchain/bin/../lib/gcc/arm-none-eabi/4.7.4/../../../../arm-none-eabi/lib\libc_s.a(lib_a-gdtoa-hexnan.o)
                0x20006ea4                __hexnan
 .text.memchr   0x2000707c       0x34 c:/isis/application/toolchain/bin/../lib/gcc/arm-none-eabi/4.7.4/../../../../arm-none-eabi/lib\libc_s.a(lib_a-memchr.o)
                0x2000707c                memchr
 .text.memset   0x200070b0       0x1c c:/isis/application/toolchain/bin/../lib/gcc/arm-none-eabi/4.7.4/../../../../arm-none-eabi/lib\libc_s.a(lib_a-memset.o)
                0x200070b0                memset
 .text._realloc_r
                0x200070cc       0x80 c:/isis/application/toolchain/bin/../lib/gcc/arm-none-eabi/4.7.4/../../../../arm-none-eabi/lib\libc_s.a(lib_a-reallocr.o)
                0x200070cc                _realloc_r
 .text.strncmp  0x2000714c       0x64 c:/isis/application/toolchain/bin/../lib/gcc/arm-none-eabi/4.7.4/../../../../arm-none-eabi/lib\libc_s.a(lib_a-strncmp.o)
                0x2000714c                strncmp
 .text._malloc_usable_size_r
                0x200071b0       0x1c c:/isis/application/toolchain/bin/../lib/gcc/arm-none-eabi/4.7.4/../../../../arm-none-eabi/lib\libc_s.a(lib_a-msizer.o)
                0x200071b0                _malloc_usable_size_r
 .text.GetChunkFromImage
                0x200071cc      0x2e0 ./src/sub-systemCode/payload/Request Management/Dump/Butchering.o
                0x200071cc                GetChunkFromImage
 .text.SimpleButcher
                0x200074ac       0xf4 ./src/sub-systemCode/payload/Request Management/Dump/Butchering.o
                0x200074ac                SimpleButcher
 .text.readChunkDimentionsFromFRAM
                0x200075a0       0x80 ./src/sub-systemCode/payload/Request Management/Dump/imageDump.o
                0x200075a0                readChunkDimentionsFromFRAM
 .text.setChunkDimensions_inFRAM
                0x20007620      0x10c ./src/sub-systemCode/payload/Request Management/Dump/imageDump.o
                0x20007620                setChunkDimensions_inFRAM
 .text.find_subType_ofImage
                0x2000772c       0xe0 ./src/sub-systemCode/payload/Request Management/Dump/imageDump.o
                0x2000772c                find_subType_ofImage
 .text.buildAndSend_chunck
                0x2000780c      0x320 ./src/sub-systemCode/payload/Request Management/Dump/imageDump.o
                0x2000780c                buildAndSend_chunck
 .text.bitField_imageDump
                0x20007b2c      0x288 ./src/sub-systemCode/payload/Request Management/Dump/imageDump.o
                0x20007b2c                bitField_imageDump
 .text.imageDataBase_Dump
                0x20007db4      0x104 ./src/sub-systemCode/payload/Request Management/Dump/imageDump.o
                0x20007db4                imageDataBase_Dump
 .text.chunkField_imageDump
                0x20007eb8      0x27c ./src/sub-systemCode/payload/Request Management/Dump/imageDump.o
                0x20007eb8                chunkField_imageDump
 .text.imageDump_task
                0x20008134      0x40c ./src/sub-systemCode/payload/Request Management/Dump/imageDump.o
                0x20008134                imageDump_task
 .text.CameraManagerTaskMain
                0x20008540       0xbc ./src/sub-systemCode/payload/Request Management/CameraManeger.o
                0x20008540                CameraManagerTaskMain
 .text.initCamera
                0x200085fc       0xa4 ./src/sub-systemCode/payload/Request Management/CameraManeger.o
                0x200085fc                initCamera
 .text.KickStartCamera
                0x200086a0       0xb4 ./src/sub-systemCode/payload/Request Management/CameraManeger.o
                0x200086a0                KickStartCamera
 .text.addRequestToQueue
                0x20008754       0xa8 ./src/sub-systemCode/payload/Request Management/CameraManeger.o
                0x20008754                addRequestToQueue
 .text.removeRequestFromQueue
                0x200087fc       0x7c ./src/sub-systemCode/payload/Request Management/CameraManeger.o
                0x200087fc                removeRequestFromQueue
 .text.Take_pictures_with_time_in_between
                0x20008878       0xa4 ./src/sub-systemCode/payload/Request Management/CameraManeger.o
                0x20008878                Take_pictures_with_time_in_between
 .text.Gecko_TroubleShooter
                0x2000891c       0xdc ./src/sub-systemCode/payload/Request Management/CameraManeger.o
                0x2000891c                Gecko_TroubleShooter
 .text.startDumpTask
                0x200089f8       0x70 ./src/sub-systemCode/payload/Request Management/CameraManeger.o
                0x200089f8                startDumpTask
 .text.act_upon_request
                0x20008a68      0x314 ./src/sub-systemCode/payload/Request Management/CameraManeger.o
                0x20008a68                act_upon_request
 .text.TakePicture
                0x20008d7c       0x4c ./src/sub-systemCode/payload/Request Management/DB_RequestHandling.o
                0x20008d7c                TakePicture
 .text.TakeSpecialPicture
                0x20008dc8      0x104 ./src/sub-systemCode/payload/Request Management/DB_RequestHandling.o
                0x20008dc8                TakeSpecialPicture
 .text.DeletePictureFile
                0x20008ecc       0x88 ./src/sub-systemCode/payload/Request Management/DB_RequestHandling.o
                0x20008ecc                DeletePictureFile
 .text.DeletePicture
                0x20008f54       0x6c ./src/sub-systemCode/payload/Request Management/DB_RequestHandling.o
                0x20008f54                DeletePicture
 .text.TransferPicture
                0x20008fc0       0x54 ./src/sub-systemCode/payload/Request Management/DB_RequestHandling.o
                0x20008fc0                TransferPicture
 .text.CreateThumbnail
                0x20009014       0x80 ./src/sub-systemCode/payload/Request Management/DB_RequestHandling.o
                0x20009014                CreateThumbnail
 .text.CreateJPG
                0x20009094       0x7c ./src/sub-systemCode/payload/Request Management/DB_RequestHandling.o
                0x20009094                CreateJPG
 .text.UpdatePhotographyValues
                0x20009110       0xb4 ./src/sub-systemCode/payload/Request Management/DB_RequestHandling.o
                0x20009110                UpdatePhotographyValues
 .text.setChunkDimensions
                0x200091c4       0x64 ./src/sub-systemCode/payload/Request Management/DB_RequestHandling.o
                0x200091c4                setChunkDimensions
 .text.convert2char
                0x20009228      0x14c ./src/sub-systemCode/payload/Misc/Boolean_bit.o
                0x20009228                convert2char
 .text.convert2byte
                0x20009374      0x1c8 ./src/sub-systemCode/payload/Misc/Boolean_bit.o
                0x20009374                convert2byte
 .text.bits2byte
                0x2000953c      0x17c ./src/sub-systemCode/payload/Misc/Boolean_bit.o
                0x2000953c                bits2byte
 .text.byte2bits
                0x200096b8      0x17c ./src/sub-systemCode/payload/Misc/Boolean_bit.o
                0x200096b8                byte2bits
 .text.char2bits
                0x20009834       0x44 ./src/sub-systemCode/payload/Misc/Boolean_bit.o
                0x20009834                char2bits
 .text.bits2char
                0x20009878       0x3c ./src/sub-systemCode/payload/Misc/Boolean_bit.o
                0x20009878                bits2char
 .text.keepTryingTo_enterFS
                0x200098b4       0x24 ./src/sub-systemCode/payload/Misc/FileSystem.o
                0x200098b4                keepTryingTo_enterFS
 .text.releaseFS
                0x200098d8       0x18 ./src/sub-systemCode/payload/Misc/FileSystem.o
                0x200098d8                releaseFS
 .text.OpenFile
                0x200098f0       0x64 ./src/sub-systemCode/payload/Misc/FileSystem.o
                0x200098f0                OpenFile
 .text.CloseFile
                0x20009954       0x4c ./src/sub-systemCode/payload/Misc/FileSystem.o
                0x20009954                CloseFile
 .text.DeleteFile
                0x200099a0       0x60 ./src/sub-systemCode/payload/Misc/FileSystem.o
                0x200099a0                DeleteFile
 .text.ReadFromFile
                0x20009a00       0x7c ./src/sub-systemCode/payload/Misc/FileSystem.o
                0x20009a00                ReadFromFile
 .text.WriteToFile
                0x20009a7c       0xb4 ./src/sub-systemCode/payload/Misc/FileSystem.o
                0x20009a7c                WriteToFile
 .text.Initialized_GPIO
                0x20009b30       0x54 ./src/sub-systemCode/payload/Drivers/GeckoCameraDriver.o
                0x20009b30                Initialized_GPIO
 .text.TurnOnGecko
                0x20009b84      0x134 ./src/sub-systemCode/payload/Drivers/GeckoCameraDriver.o
                0x20009b84                TurnOnGecko
 .text.TurnOffGecko
                0x20009cb8       0xcc ./src/sub-systemCode/payload/Drivers/GeckoCameraDriver.o
                0x20009cb8                TurnOffGecko
 .text.initGecko
                0x20009d84       0x3c ./src/sub-systemCode/payload/Drivers/GeckoCameraDriver.o
                0x20009d84                initGecko
 .text.GECKO_TakeImage
                0x20009dc0      0x2f4 ./src/sub-systemCode/payload/Drivers/GeckoCameraDriver.o
                0x20009dc0                GECKO_TakeImage
 .text.GECKO_ReadImage
                0x2000a0b4      0x234 ./src/sub-systemCode/payload/Drivers/GeckoCameraDriver.o
                0x2000a0b4                GECKO_ReadImage
 .text.GECKO_EraseBlock
                0x2000a2e8       0xf0 ./src/sub-systemCode/payload/Drivers/GeckoCameraDriver.o
                0x2000a2e8                GECKO_EraseBlock
 .text.getFileName
                0x2000a3d8      0x1a0 ./src/sub-systemCode/payload/DataBase/DataBase.o
 .text.zeroImageDataBase
                0x2000a578       0xfc ./src/sub-systemCode/payload/DataBase/DataBase.o
                0x2000a578                zeroImageDataBase
 .text.updateGeneralDataBaseParameters
                0x2000a674       0x5c ./src/sub-systemCode/payload/DataBase/DataBase.o
                0x2000a674                updateGeneralDataBaseParameters
 .text.SearchDataBase_byID
                0x2000a6d0      0x220 ./src/sub-systemCode/payload/DataBase/DataBase.o
                0x2000a6d0                SearchDataBase_byID
 .text.checkForFileType
                0x2000a8f0       0x68 ./src/sub-systemCode/payload/DataBase/DataBase.o
                0x2000a8f0                checkForFileType
 .text.updateFileTypes
                0x2000a958       0xbc ./src/sub-systemCode/payload/DataBase/DataBase.o
                0x2000a958                updateFileTypes
 .text.GetImageFactor
                0x2000aa14       0x58 ./src/sub-systemCode/payload/DataBase/DataBase.o
                0x2000aa14                GetImageFactor
 .text.readImageFromBuffer
                0x2000aa6c      0x12c ./src/sub-systemCode/payload/DataBase/DataBase.o
                0x2000aa6c                readImageFromBuffer
 .text.saveImageToBuffer
                0x2000ab98      0x12c ./src/sub-systemCode/payload/DataBase/DataBase.o
                0x2000ab98                saveImageToBuffer
 .text.getLatestID
                0x2000acc4       0x48 ./src/sub-systemCode/payload/DataBase/DataBase.o
                0x2000acc4                getLatestID
 .text.getDataBaseStart
                0x2000ad0c       0x20 ./src/sub-systemCode/payload/DataBase/DataBase.o
                0x2000ad0c                getDataBaseStart
 .text.setDataBaseValues
                0x2000ad2c      0x1d8 ./src/sub-systemCode/payload/DataBase/DataBase.o
                0x2000ad2c                setDataBaseValues
 .text.initImageDataBase
                0x2000af04      0x1b0 ./src/sub-systemCode/payload/DataBase/DataBase.o
                0x2000af04                initImageDataBase
 .text.resetImageDataBase
                0x2000b0b4       0x98 ./src/sub-systemCode/payload/DataBase/DataBase.o
                0x2000b0b4                resetImageDataBase
 .text.setCameraPhotographyValues
                0x2000b14c      0x10c ./src/sub-systemCode/payload/DataBase/DataBase.o
                0x2000b14c                setCameraPhotographyValues
 .text.transferImageToSD_withoutSearch
                0x2000b258      0x15c ./src/sub-systemCode/payload/DataBase/DataBase.o
                0x2000b258                transferImageToSD_withoutSearch
 .text.transferImageToSD
                0x2000b3b4       0xb4 ./src/sub-systemCode/payload/DataBase/DataBase.o
                0x2000b3b4                transferImageToSD
 .text.DeleteImageFromOBC_withoutSearch
                0x2000b468       0xe0 ./src/sub-systemCode/payload/DataBase/DataBase.o
                0x2000b468                DeleteImageFromOBC_withoutSearch
 .text.DeleteImageFromOBC
                0x2000b548       0xb4 ./src/sub-systemCode/payload/DataBase/DataBase.o
                0x2000b548                DeleteImageFromOBC
 .text.DeleteImageFromPayload
                0x2000b5fc      0x25c ./src/sub-systemCode/payload/DataBase/DataBase.o
                0x2000b5fc                DeleteImageFromPayload
 .text.clearImageDataBase
                0x2000b858      0x114 ./src/sub-systemCode/payload/DataBase/DataBase.o
                0x2000b858                clearImageDataBase
 .text.writeNewImageMetaDataToFRAM
                0x2000b96c      0x234 ./src/sub-systemCode/payload/DataBase/DataBase.o
                0x2000b96c                writeNewImageMetaDataToFRAM
 .text.takePicture
                0x2000bba0      0x370 ./src/sub-systemCode/payload/DataBase/DataBase.o
                0x2000bba0                takePicture
 .text.takePicture_withSpecialParameters
                0x2000bf10       0xbc ./src/sub-systemCode/payload/DataBase/DataBase.o
                0x2000bf10                takePicture_withSpecialParameters
 .text.GetImageFileName
                0x2000bfcc       0xc0 ./src/sub-systemCode/payload/DataBase/DataBase.o
                0x2000bfcc                GetImageFileName
 .text.getDataBaseSize
                0x2000c08c       0x20 ./src/sub-systemCode/payload/DataBase/DataBase.o
                0x2000c08c                getDataBaseSize
 .text.getImageDataBaseBuffer
                0x2000c0ac      0x240 ./src/sub-systemCode/payload/DataBase/DataBase.o
                0x2000c0ac                getImageDataBaseBuffer
 .text.TransformRawToBMP
                0x2000c2ec      0x1a8 ./src/sub-systemCode/payload/Compression/jpeg/bmp/rawToBMP.o
                0x2000c2ec                TransformRawToBMP
 .text.interpolate
                0x2000c494      0x8d0 ./src/sub-systemCode/payload/Compression/jpeg/bmp/rawToBMP.o
                0x2000c494                interpolate
 .text.getInputAt
                0x2000cd64      0x308 ./src/sub-systemCode/payload/Compression/jpeg/bmp/rawToBMP.o
                0x2000cd64                getInputAt
 .text.f_writeF_FILEHeader
                0x2000d06c      0x2f0 ./src/sub-systemCode/payload/Compression/jpeg/bmp/rawToBMP.o
                0x2000d06c                f_writeF_FILEHeader
 .text.f_writeOutputRow
                0x2000d35c       0xbc ./src/sub-systemCode/payload/Compression/jpeg/bmp/rawToBMP.o
                0x2000d35c                f_writeOutputRow
 .text.dct      0x2000d418      0x9c4 ./src/sub-systemCode/payload/Compression/jpeg/DCT.o
                0x2000d418                dct
 .text.JPEG_compressor
                0x2000dddc      0x104 ./src/sub-systemCode/payload/Compression/jpeg/ImgCompressor.o
                0x2000dddc                JPEG_compressor
 .text.Create_BMP_File
                0x2000dee0       0xf4 ./src/sub-systemCode/payload/Compression/jpeg/ImgCompressor.o
                0x2000dee0                Create_BMP_File
 .text.CompressImage
                0x2000dfd4      0x1cc ./src/sub-systemCode/payload/Compression/jpeg/ImgCompressor.o
                0x2000dfd4                CompressImage
 .text.clamp    0x2000e1a0       0x60 ./src/sub-systemCode/payload/Compression/jpeg/color_conv.o
                0x2000e1a0                clamp
 .text.RGB_to_YCC
                0x2000e200      0x1a8 ./src/sub-systemCode/payload/Compression/jpeg/color_conv.o
                0x2000e200                RGB_to_YCC
 .text.RGB_to_Y
                0x2000e3a8       0xc4 ./src/sub-systemCode/payload/Compression/jpeg/color_conv.o
                0x2000e3a8                RGB_to_Y
 .text.Y_to_YCC
                0x2000e46c       0x88 ./src/sub-systemCode/payload/Compression/jpeg/color_conv.o
                0x2000e46c                Y_to_YCC
 .text.compress_image_to_jpeg_file
                0x2000e4f4      0x18c ./src/sub-systemCode/payload/Compression/jpeg/jpeg.o
                0x2000e4f4                compress_image_to_jpeg_file
 .text.emit_marker
                0x2000e680       0xc8 ./src/sub-systemCode/payload/Compression/jpeg/jpeg_encoder.o
                0x2000e680                emit_marker
 .text.emit_byte
                0x2000e748       0x6c ./src/sub-systemCode/payload/Compression/jpeg/jpeg_encoder.o
                0x2000e748                emit_byte
 .text.emit_word
                0x2000e7b4       0xd0 ./src/sub-systemCode/payload/Compression/jpeg/jpeg_encoder.o
                0x2000e7b4                emit_word
 .text.emit_jfif_app0
                0x2000e884       0xc0 ./src/sub-systemCode/payload/Compression/jpeg/jpeg_encoder.o
                0x2000e884                emit_jfif_app0
 .text.emit_dqt
                0x2000e944       0xd8 ./src/sub-systemCode/payload/Compression/jpeg/jpeg_encoder.o
                0x2000e944                emit_dqt
 .text.emit_sof
                0x2000ea1c      0x14c ./src/sub-systemCode/payload/Compression/jpeg/jpeg_encoder.o
                0x2000ea1c                emit_sof
 .text.emit_dht
                0x2000eb68      0x138 ./src/sub-systemCode/payload/Compression/jpeg/jpeg_encoder.o
                0x2000eb68                emit_dht
 .text.emit_dhts
                0x2000eca0       0xd8 ./src/sub-systemCode/payload/Compression/jpeg/jpeg_encoder.o
                0x2000eca0                emit_dhts
 .text.emit_sos
                0x2000ed78       0xec ./src/sub-systemCode/payload/Compression/jpeg/jpeg_encoder.o
                0x2000ed78                emit_sos
 .text.emit_markers
                0x2000ee64       0x4c ./src/sub-systemCode/payload/Compression/jpeg/jpeg_encoder.o
                0x2000ee64                emit_markers
 .text.compute_huffman_table
                0x2000eeb0      0x334 ./src/sub-systemCode/payload/Compression/jpeg/jpeg_encoder.o
                0x2000eeb0                compute_huffman_table
 .text.compute_quant_table
                0x2000f1e4      0x11c ./src/sub-systemCode/payload/Compression/jpeg/jpeg_encoder.o
                0x2000f1e4                compute_quant_table
 .text.first_pass_init
                0x2000f300       0x54 ./src/sub-systemCode/payload/Compression/jpeg/jpeg_encoder.o
                0x2000f300                first_pass_init
 .text.second_pass_init
                0x2000f354      0x110 ./src/sub-systemCode/payload/Compression/jpeg/jpeg_encoder.o
                0x2000f354                second_pass_init
 .text.jpg_open
                0x2000f464      0x7b4 ./src/sub-systemCode/payload/Compression/jpeg/jpeg_encoder.o
                0x2000f464                jpg_open
 .text.load_block_8_8_grey
                0x2000fc18      0x164 ./src/sub-systemCode/payload/Compression/jpeg/jpeg_encoder.o
                0x2000fc18                load_block_8_8_grey
 .text.load_block_8_8
                0x2000fd7c      0x198 ./src/sub-systemCode/payload/Compression/jpeg/jpeg_encoder.o
                0x2000fd7c                load_block_8_8
 .text.load_block_16_8
                0x2000ff14      0x3cc ./src/sub-systemCode/payload/Compression/jpeg/jpeg_encoder.o
                0x2000ff14                load_block_16_8
 .text.load_block_16_8_8
                0x200102e0      0x2a8 ./src/sub-systemCode/payload/Compression/jpeg/jpeg_encoder.o
                0x200102e0                load_block_16_8_8
 .text.load_coefficients
                0x20010588      0x1c8 ./src/sub-systemCode/payload/Compression/jpeg/jpeg_encoder.o
                0x20010588                load_coefficients
 .text.flush_output_buffer
                0x20010750       0xa0 ./src/sub-systemCode/payload/Compression/jpeg/jpeg_encoder.o
                0x20010750                flush_output_buffer
 .text.put_bits
                0x200107f0      0x170 ./src/sub-systemCode/payload/Compression/jpeg/jpeg_encoder.o
                0x200107f0                put_bits
 .text.code_coefficients_pass_two
                0x20010960      0x338 ./src/sub-systemCode/payload/Compression/jpeg/jpeg_encoder.o
                0x20010960                code_coefficients_pass_two
 .text.code_block
                0x20010c98       0x44 ./src/sub-systemCode/payload/Compression/jpeg/jpeg_encoder.o
                0x20010c98                code_block
 .text.process_mcu_row
                0x20010cdc      0x328 ./src/sub-systemCode/payload/Compression/jpeg/jpeg_encoder.o
                0x20010cdc                process_mcu_row
 .text.terminate_pass_two
                0x20011004       0x44 ./src/sub-systemCode/payload/Compression/jpeg/jpeg_encoder.o
                0x20011004                terminate_pass_two
 .text.process_end_of_image
                0x20011048       0xc0 ./src/sub-systemCode/payload/Compression/jpeg/jpeg_encoder.o
                0x20011048                process_end_of_image
 .text.load_mcu
                0x20011108      0x29c ./src/sub-systemCode/payload/Compression/jpeg/jpeg_encoder.o
                0x20011108                load_mcu
 .text.clear    0x200113a4      0x1e0 ./src/sub-systemCode/payload/Compression/jpeg/jpeg_encoder.o
                0x200113a4                clear
 .text.init     0x20011584       0xe4 ./src/sub-systemCode/payload/Compression/jpeg/jpeg_encoder.o
                0x20011584                init
 .text.deinit   0x20011668      0x160 ./src/sub-systemCode/payload/Compression/jpeg/jpeg_encoder.o
                0x20011668                deinit
 .text.process_scanline
                0x200117c8       0x6c ./src/sub-systemCode/payload/Compression/jpeg/jpeg_encoder.o
                0x200117c8                process_scanline
 .text.jpge_malloc
                0x20011834       0x28 ./src/sub-systemCode/payload/Compression/jpeg/jpeg_memory_alloc.o
                0x20011834                jpge_malloc
 .text.jpge_cmalloc
                0x2001185c       0x48 ./src/sub-systemCode/payload/Compression/jpeg/jpeg_memory_alloc.o
                0x2001185c                jpge_cmalloc
 .text.jpge_free
                0x200118a4       0x24 ./src/sub-systemCode/payload/Compression/jpeg/jpeg_memory_alloc.o
                0x200118a4                jpge_free
 .text.check    0x200118c8       0x78 ./src/sub-systemCode/payload/Compression/jpeg/jpeg_params.o
                0x200118c8                check
 .text.open_jpeg_file
                0x20011940       0xfc ./src/sub-systemCode/payload/Compression/jpeg/output_stream.o
                0x20011940                open_jpeg_file
 .text.close_jpeg_file
                0x20011a3c      0x118 ./src/sub-systemCode/payload/Compression/jpeg/output_stream.o
                0x20011a3c                close_jpeg_file
 .text.put_buf  0x20011b54      0x258 ./src/sub-systemCode/payload/Compression/jpeg/output_stream.o
                0x20011b54                put_buf
 .text.GetBayerPixel
                0x20011dac       0xe8 ./src/sub-systemCode/payload/Compression/ImageConversion.o
 .text.BinImage
                0x20011e94      0x2c8 ./src/sub-systemCode/payload/Compression/ImageConversion.o
                0x20011e94                BinImage
 .text.ImageSkipping
                0x2001215c      0x2ac ./src/sub-systemCode/payload/Compression/ImageConversion.o
                0x2001215c                ImageSkipping
 .text.CreateImageThumbnail_withoutSearch
                0x20012408      0x14c ./src/sub-systemCode/payload/Compression/ImageConversion.o
                0x20012408                CreateImageThumbnail_withoutSearch
 .text.CreateImageThumbnail
                0x20012554       0x94 ./src/sub-systemCode/payload/Compression/ImageConversion.o
                0x20012554                CreateImageThumbnail
 .text.compressImage
                0x200125e8      0x17c ./src/sub-systemCode/payload/Compression/ImageConversion.o
                0x200125e8                compressImage
 .text.cmd_mute
                0x20012764       0xc4 ./src/sub-systemCode/Main/CMD/COMM_CMD.o
                0x20012764                cmd_mute
 .text.cmd_unmute
                0x20012828       0x50 ./src/sub-systemCode/Main/CMD/COMM_CMD.o
                0x20012828                cmd_unmute
 .text.cmd_active_trans
                0x20012878       0xc0 ./src/sub-systemCode/Main/CMD/COMM_CMD.o
                0x20012878                cmd_active_trans
 .text.cmd_shut_trans
                0x20012938       0x38 ./src/sub-systemCode/Main/CMD/COMM_CMD.o
                0x20012938                cmd_shut_trans
 .text.cmd_change_trans_rssi
                0x20012970      0x100 ./src/sub-systemCode/Main/CMD/COMM_CMD.o
                0x20012970                cmd_change_trans_rssi
 .text.cmd_aprs_dump
                0x20012a70       0x50 ./src/sub-systemCode/Main/CMD/COMM_CMD.o
                0x20012a70                cmd_aprs_dump
 .text.cmd_stop_dump
                0x20012ac0       0x38 ./src/sub-systemCode/Main/CMD/COMM_CMD.o
                0x20012ac0                cmd_stop_dump
 .text.cmd_time_frequency
                0x20012af8       0xc0 ./src/sub-systemCode/Main/CMD/COMM_CMD.o
                0x20012af8                cmd_time_frequency
 .text.cmd_change_def_bit_rate
                0x20012bb8      0x158 ./src/sub-systemCode/Main/CMD/COMM_CMD.o
                0x20012bb8                cmd_change_def_bit_rate
 .text.cmd_upload_volt_logic
                0x20012d10      0x3d0 ./src/sub-systemCode/Main/CMD/EPS_CMD.o
                0x20012d10                cmd_upload_volt_logic
 .text.cmd_upload_volt_COMM
                0x200130e0      0x1c8 ./src/sub-systemCode/Main/CMD/EPS_CMD.o
                0x200130e0                cmd_upload_volt_COMM
 .text.cmd_heater_temp
                0x200132a8       0xc0 ./src/sub-systemCode/Main/CMD/EPS_CMD.o
                0x200132a8                cmd_heater_temp
 .text.cmd_SHUT_CAM
                0x20013368       0x6c ./src/sub-systemCode/Main/CMD/EPS_CMD.o
                0x20013368                cmd_SHUT_CAM
 .text.cmd_SHUT_ADCS
                0x200133d4       0x6c ./src/sub-systemCode/Main/CMD/EPS_CMD.o
                0x200133d4                cmd_SHUT_ADCS
 .text.cmd_allow_CAM
                0x20013440       0x6c ./src/sub-systemCode/Main/CMD/EPS_CMD.o
                0x20013440                cmd_allow_CAM
 .text.cmd_allow_ADCS
                0x200134ac       0x6c ./src/sub-systemCode/Main/CMD/EPS_CMD.o
                0x200134ac                cmd_allow_ADCS
 .text.cmd_generic_I2C
                0x20013518       0xb4 ./src/sub-systemCode/Main/CMD/General_CMD.o
                0x20013518                cmd_generic_I2C
 .text.cmd_dump
                0x200135cc       0xf0 ./src/sub-systemCode/Main/CMD/General_CMD.o
                0x200135cc                cmd_dump
 .text.cmd_delete_TM
                0x200136bc      0x1dc ./src/sub-systemCode/Main/CMD/General_CMD.o
                0x200136bc                cmd_delete_TM
 .text.cmd_reset_file
                0x20013898      0x110 ./src/sub-systemCode/Main/CMD/General_CMD.o
                0x20013898                cmd_reset_file
 .text.cmd_dummy_func
                0x200139a8       0x40 ./src/sub-systemCode/Main/CMD/General_CMD.o
                0x200139a8                cmd_dummy_func
 .text.cmd_soft_reset_cmponent
                0x200139e8       0xb0 ./src/sub-systemCode/Main/CMD/General_CMD.o
                0x200139e8                cmd_soft_reset_cmponent
 .text.cmd_hard_reset_cmponent
                0x20013a98       0xb0 ./src/sub-systemCode/Main/CMD/General_CMD.o
                0x20013a98                cmd_hard_reset_cmponent
 .text.cmd_reset_satellite
                0x20013b48       0x78 ./src/sub-systemCode/Main/CMD/General_CMD.o
                0x20013b48                cmd_reset_satellite
 .text.cmd_gracefull_reset_satellite
                0x20013bc0       0x78 ./src/sub-systemCode/Main/CMD/General_CMD.o
                0x20013bc0                cmd_gracefull_reset_satellite
 .text.cmd_upload_time
                0x20013c38       0xb0 ./src/sub-systemCode/Main/CMD/General_CMD.o
                0x20013c38                cmd_upload_time
 .text.cmd_ARM_DIARM
                0x20013ce8       0xd4 ./src/sub-systemCode/Main/CMD/General_CMD.o
                0x20013ce8                cmd_ARM_DIARM
 .text.cmd_get_onlineTM
                0x20013dbc       0xb8 ./src/sub-systemCode/Main/CMD/General_CMD.o
                0x20013dbc                cmd_get_onlineTM
 .text.cmd_reset_off_line
                0x20013e74       0x68 ./src/sub-systemCode/Main/CMD/General_CMD.o
                0x20013e74                cmd_reset_off_line
 .text.cmd_add_item_off_line
                0x20013edc       0xf0 ./src/sub-systemCode/Main/CMD/General_CMD.o
                0x20013edc                cmd_add_item_off_line
 .text.cmd_reset_delayed_command_list
                0x20013fcc       0x3c ./src/sub-systemCode/Main/CMD/SW_CMD.o
                0x20013fcc                cmd_reset_delayed_command_list
 .text.cmd_reset_APRS_list
                0x20014008       0x3c ./src/sub-systemCode/Main/CMD/SW_CMD.o
                0x20014008                cmd_reset_APRS_list
 .text.cmd_reset_FRAM
                0x20014044       0xe8 ./src/sub-systemCode/Main/CMD/SW_CMD.o
                0x20014044                cmd_reset_FRAM
 .text.ARM_ants
                0x2001412c       0xb8 ./src/sub-systemCode/Main/Ants.o
                0x2001412c                ARM_ants
 .text.DISARM_ants
                0x200141e4       0xb8 ./src/sub-systemCode/Main/Ants.o
                0x200141e4                DISARM_ants
 .text.round_vol
                0x2001429c      0x124 ./src/sub-systemCode/Main/EPS.o
                0x2001429c                round_vol
 .text.get_shut_ADCS
                0x200143c0       0x48 ./src/sub-systemCode/Main/EPS.o
                0x200143c0                get_shut_ADCS
 .text.shut_ADCS
                0x20014408       0x44 ./src/sub-systemCode/Main/EPS.o
                0x20014408                shut_ADCS
 .text.get_shut_CAM
                0x2001444c       0x48 ./src/sub-systemCode/Main/EPS.o
                0x2001444c                get_shut_CAM
 .text.shut_CAM
                0x20014494       0x44 ./src/sub-systemCode/Main/EPS.o
                0x20014494                shut_CAM
 .text.update_powerLines
                0x200144d8       0xec ./src/sub-systemCode/Main/EPS.o
                0x200144d8                update_powerLines
 .text.init_enterMode
                0x200145c4       0x88 ./src/sub-systemCode/Main/EPS.o
                0x200145c4                init_enterMode
 .text.EPS_Init
                0x2001464c      0x1c8 ./src/sub-systemCode/Main/EPS.o
                0x2001464c                EPS_Init
 .text.reset_FRAM_EPS
                0x20014814       0xa4 ./src/sub-systemCode/Main/EPS.o
                0x20014814                reset_FRAM_EPS
 .text.reset_EPS_voltages
                0x200148b8       0xbc ./src/sub-systemCode/Main/EPS.o
                0x200148b8                reset_EPS_voltages
 .text.EPS_Conditioning
                0x20014974      0x158 ./src/sub-systemCode/Main/EPS.o
                0x20014974                EPS_Conditioning
 .text.overRide_ADCS
                0x20014acc       0x50 ./src/sub-systemCode/Main/EPS.o
                0x20014acc                overRide_ADCS
 .text.overRide_Camera
                0x20014b1c       0x38 ./src/sub-systemCode/Main/EPS.o
                0x20014b1c                overRide_Camera
 .text.EnterFullMode
                0x20014b54       0xfc ./src/sub-systemCode/Main/EPS.o
                0x20014b54                EnterFullMode
 .text.EnterCruiseMode
                0x20014c50       0xec ./src/sub-systemCode/Main/EPS.o
                0x20014c50                EnterCruiseMode
 .text.EnterSafeMode
                0x20014d3c       0xec ./src/sub-systemCode/Main/EPS.o
                0x20014d3c                EnterSafeMode
 .text.EnterCriticalMode
                0x20014e28       0xd8 ./src/sub-systemCode/Main/EPS.o
                0x20014e28                EnterCriticalMode
 .text.find_fileName
                0x20014f00      0x5e4 ./src/sub-systemCode/Main/HouseKeeping.o
                0x20014f00                find_fileName
 .text.size_of_element
                0x200154e4      0x108 ./src/sub-systemCode/Main/HouseKeeping.o
                0x200154e4                size_of_element
 .text.save_ACK
                0x200155ec       0xc0 ./src/sub-systemCode/Main/HouseKeeping.o
                0x200155ec                save_ACK
 .text.set_GP_EPS
                0x200156ac      0x10c ./src/sub-systemCode/Main/HouseKeeping.o
                0x200156ac                set_GP_EPS
 .text.set_GP_COMM
                0x200157b8       0x88 ./src/sub-systemCode/Main/HouseKeeping.o
                0x200157b8                set_GP_COMM
 .text.SP_HK_collect
                0x20015840      0x17c ./src/sub-systemCode/Main/HouseKeeping.o
                0x20015840                SP_HK_collect
 .text.EPS_HK_collect
                0x200159bc      0x4d8 ./src/sub-systemCode/Main/HouseKeeping.o
                0x200159bc                EPS_HK_collect
 .text.CAM_HK_collect
                0x20015e94      0x91c ./src/sub-systemCode/Main/HouseKeeping.o
                0x20015e94                CAM_HK_collect
 .text.COMM_HK_collect
                0x200167b0      0x154 ./src/sub-systemCode/Main/HouseKeeping.o
                0x200167b0                COMM_HK_collect
 .text.COMM_create_file
                0x20016904       0x74 ./src/sub-systemCode/Main/HouseKeeping.o
                0x20016904                COMM_create_file
 .text.ACK_create_file
                0x20016978       0x74 ./src/sub-systemCode/Main/HouseKeeping.o
                0x20016978                ACK_create_file
 .text.EPS_create_file
                0x200169ec       0x74 ./src/sub-systemCode/Main/HouseKeeping.o
                0x200169ec                EPS_create_file
 .text.CAM_create_file
                0x20016a60       0x54 ./src/sub-systemCode/Main/HouseKeeping.o
                0x20016a60                CAM_create_file
 .text.SP_create_file
                0x20016ab4       0x54 ./src/sub-systemCode/Main/HouseKeeping.o
                0x20016ab4                SP_create_file
 .text.create_files
                0x20016b08       0x48 ./src/sub-systemCode/Main/HouseKeeping.o
                0x20016b08                create_files
 .text.save_SP_HK
                0x20016b50       0x70 ./src/sub-systemCode/Main/HouseKeeping.o
                0x20016b50                save_SP_HK
 .text.save_EPS_HK
                0x20016bc0       0x70 ./src/sub-systemCode/Main/HouseKeeping.o
                0x20016bc0                save_EPS_HK
 .text.save_CAM_HK
                0x20016c30       0x84 ./src/sub-systemCode/Main/HouseKeeping.o
                0x20016c30                save_CAM_HK
 .text.save_COMM_HK
                0x20016cb4       0x70 ./src/sub-systemCode/Main/HouseKeeping.o
                0x20016cb4                save_COMM_HK
 .text.EPS_HK_raw_BigEnE
                0x20016d24      0x194 ./src/sub-systemCode/Main/HouseKeeping.o
                0x20016d24                EPS_HK_raw_BigEnE
 .text.CAM_HK_raw_BigEnE
                0x20016eb8      0x194 ./src/sub-systemCode/Main/HouseKeeping.o
                0x20016eb8                CAM_HK_raw_BigEnE
 .text.COMM_HK_raw_BigEnE
                0x2001704c      0x194 ./src/sub-systemCode/Main/HouseKeeping.o
                0x2001704c                COMM_HK_raw_BigEnE
 .text.ADCS_HK_raw_BigEnE
                0x200171e0      0x194 ./src/sub-systemCode/Main/HouseKeeping.o
                0x200171e0                ADCS_HK_raw_BigEnE
 .text.ADCS_SC_raw_BigEnE
                0x20017374      0x188 ./src/sub-systemCode/Main/HouseKeeping.o
                0x20017374                ADCS_SC_raw_BigEnE
 .text.build_HK_spl_packet
                0x200174fc      0xa2c ./src/sub-systemCode/Main/HouseKeeping.o
                0x200174fc                build_HK_spl_packet
 .text.HouseKeeping_highRate_Task
                0x20017f28       0x78 ./src/sub-systemCode/Main/HouseKeeping.o
                0x20017f28                HouseKeeping_highRate_Task
 .text.HouseKeeping_lowRate_Task
                0x20017fa0       0x74 ./src/sub-systemCode/Main/HouseKeeping.o
                0x20017fa0                HouseKeeping_lowRate_Task
 .text.reset_FIRST_activation
                0x20018014       0x34 ./src/sub-systemCode/Main/Main_Init.o
                0x20018014                reset_FIRST_activation
 .text.test_menu
                0x20018048       0xb4 ./src/sub-systemCode/Main/Main_Init.o
                0x20018048                test_menu
 .text.numberOfRestarts
                0x200180fc       0x94 ./src/sub-systemCode/Main/Main_Init.o
                0x200180fc                numberOfRestarts
 .text.StartFRAM
                0x20018190       0x38 ./src/sub-systemCode/Main/Main_Init.o
                0x20018190                StartFRAM
 .text.StartI2C
                0x200181c8       0x44 ./src/sub-systemCode/Main/Main_Init.o
                0x200181c8                StartI2C
 .text.StartSPI
                0x2001820c       0x40 ./src/sub-systemCode/Main/Main_Init.o
                0x2001820c                StartSPI
 .text.StartTIME
                0x2001824c      0x118 ./src/sub-systemCode/Main/Main_Init.o
                0x2001824c                StartTIME
 .text.first_activation
                0x20018364       0x78 ./src/sub-systemCode/Main/Main_Init.o
                0x20018364                first_activation
 .text.InitSubsystems
                0x200183dc       0x70 ./src/sub-systemCode/Main/Main_Init.o
                0x200183dc                InitSubsystems
 .text.SubSystemTaskStart
                0x2001844c       0xec ./src/sub-systemCode/Main/Main_Init.o
                0x2001844c                SubSystemTaskStart
 .text.copy_command
                0x20018538       0x80 ./src/sub-systemCode/Main/commands.o
                0x20018538                copy_command
 .text.reset_command
                0x200185b8       0x28 ./src/sub-systemCode/Main/commands.o
                0x200185b8                reset_command
 .text.init_command
                0x200185e0       0xd4 ./src/sub-systemCode/Main/commands.o
                0x200185e0                init_command
 .text.add_command
                0x200186b4      0x138 ./src/sub-systemCode/Main/commands.o
                0x200186b4                add_command
 .text.get_command
                0x200187ec      0x1cc ./src/sub-systemCode/Main/commands.o
                0x200187ec                get_command
 .text.act_upon_command
                0x200189b8      0x240 ./src/sub-systemCode/Main/commands.o
                0x200189b8                act_upon_command
 .text.cmd_error
                0x20018bf8       0x38 ./src/sub-systemCode/Main/commands.o
                0x20018bf8                cmd_error
 .text.AUC_COMM
                0x20018c30      0x25c ./src/sub-systemCode/Main/commands.o
                0x20018c30                AUC_COMM
 .text.AUC_general
                0x20018e8c      0x17c ./src/sub-systemCode/Main/commands.o
                0x20018e8c                AUC_general
 .text.AUC_payload
                0x20019008      0x204 ./src/sub-systemCode/Main/commands.o
                0x20019008                AUC_payload
 .text.AUC_EPS  0x2001920c      0x248 ./src/sub-systemCode/Main/commands.o
                0x2001920c                AUC_EPS
 .text.AUC_ADCS
                0x20019454       0x5c ./src/sub-systemCode/Main/commands.o
                0x20019454                AUC_ADCS
 .text.AUC_GS   0x200194b0      0x1fc ./src/sub-systemCode/Main/commands.o
                0x200194b0                AUC_GS
 .text.AUC_SW   0x200196ac       0xe4 ./src/sub-systemCode/Main/commands.o
                0x200196ac                AUC_SW
 .text.AUC_onlineTM
                0x20019790      0x16c ./src/sub-systemCode/Main/commands.o
                0x20019790                AUC_onlineTM
 .text.AUC_special_operation
                0x200198fc       0x8c ./src/sub-systemCode/Main/commands.o
                0x200198fc                AUC_special_operation
 .text.check_int
                0x20019988       0x3c ./src/sub-systemCode/Global/Global.o
                0x20019988                check_int
 .text.check_portBASE_TYPE
                0x200199c4       0x3c ./src/sub-systemCode/Global/Global.o
                0x200199c4                check_portBASE_TYPE
 .text.soft_reset_subsystem
                0x20019a00       0xd8 ./src/sub-systemCode/Global/Global.o
                0x20019a00                soft_reset_subsystem
 .text.hard_reset_subsystem
                0x20019ad8       0xfc ./src/sub-systemCode/Global/Global.o
                0x20019ad8                hard_reset_subsystem
 .text.BigEnE_raw_to_uInt
                0x20019bd4       0x94 ./src/sub-systemCode/Global/Global.o
                0x20019bd4                BigEnE_raw_to_uInt
 .text.BigEnE_raw_to_uShort
                0x20019c68       0x50 ./src/sub-systemCode/Global/Global.o
                0x20019c68                BigEnE_raw_to_uShort
 .text.BigEnE_uInt_to_raw
                0x20019cb8       0x78 ./src/sub-systemCode/Global/Global.o
                0x20019cb8                BigEnE_uInt_to_raw
 .text.reset_FRAM_MAIN
                0x20019d30      0x19c ./src/sub-systemCode/Global/Global.o
                0x20019d30                reset_FRAM_MAIN
 .text.getBitValueByIndex
                0x20019ecc       0xd0 ./src/sub-systemCode/Global/Global.o
                0x20019ecc                getBitValueByIndex
 .text.init_GP  0x20019f9c      0x300 ./src/sub-systemCode/Global/GlobalParam.o
                0x20019f9c                init_GP
 .text.get_system_state
                0x2001a29c      0x268 ./src/sub-systemCode/Global/GlobalParam.o
                0x2001a29c                get_system_state
 .text.set_system_state
                0x2001a504      0x298 ./src/sub-systemCode/Global/GlobalParam.o
                0x2001a504                set_system_state
 .text.get_current_global_param
                0x2001a79c      0x5c8 ./src/sub-systemCode/Global/GlobalParam.o
                0x2001a79c                get_current_global_param
 .text.set_Vbatt
                0x2001ad64       0x8c ./src/sub-systemCode/Global/GlobalParam.o
                0x2001ad64                set_Vbatt
 .text.get_Vbatt
                0x2001adf0       0x8c ./src/sub-systemCode/Global/GlobalParam.o
                0x2001adf0                get_Vbatt
 .text.set_curBat
                0x2001ae7c       0x8c ./src/sub-systemCode/Global/GlobalParam.o
                0x2001ae7c                set_curBat
 .text.set_cur3V3
                0x2001af08       0x8c ./src/sub-systemCode/Global/GlobalParam.o
                0x2001af08                set_cur3V3
 .text.set_cur5V
                0x2001af94       0x8c ./src/sub-systemCode/Global/GlobalParam.o
                0x2001af94                set_cur5V
 .text.set_tempComm_LO
                0x2001b020       0x8c ./src/sub-systemCode/Global/GlobalParam.o
                0x2001b020                set_tempComm_LO
 .text.set_tempComm_PA
                0x2001b0ac       0x8c ./src/sub-systemCode/Global/GlobalParam.o
                0x2001b0ac                set_tempComm_PA
 .text.set_tempEPS
                0x2001b138       0xc8 ./src/sub-systemCode/Global/GlobalParam.o
                0x2001b138                set_tempEPS
 .text.set_tempBatt
                0x2001b200       0xc8 ./src/sub-systemCode/Global/GlobalParam.o
                0x2001b200                set_tempBatt
 .text.set_RxDoppler
                0x2001b2c8       0x8c ./src/sub-systemCode/Global/GlobalParam.o
                0x2001b2c8                set_RxDoppler
 .text.set_RxRSSI
                0x2001b354       0x8c ./src/sub-systemCode/Global/GlobalParam.o
                0x2001b354                set_RxRSSI
 .text.set_TxRefl
                0x2001b3e0       0x8c ./src/sub-systemCode/Global/GlobalParam.o
                0x2001b3e0                set_TxRefl
 .text.set_TxForw
                0x2001b46c       0x8c ./src/sub-systemCode/Global/GlobalParam.o
                0x2001b46c                set_TxForw
 .text.get_ST   0x2001b4f8       0x8c ./src/sub-systemCode/Global/GlobalParam.o
                0x2001b4f8                get_ST
 .text.get_Attitude
                0x2001b584      0x128 ./src/sub-systemCode/Global/GlobalParam.o
                0x2001b584                get_Attitude
 .text.set_numOfAPRS
                0x2001b6ac       0x8c ./src/sub-systemCode/Global/GlobalParam.o
                0x2001b6ac                set_numOfAPRS
 .text.set_numOfResets
                0x2001b738       0xac ./src/sub-systemCode/Global/GlobalParam.o
                0x2001b738                set_numOfResets
 .text.set_ground_conn
                0x2001b7e4       0xa0 ./src/sub-systemCode/Global/GlobalParam.o
                0x2001b7e4                set_ground_conn
 .text.get_ground_conn
                0x2001b884       0xa0 ./src/sub-systemCode/Global/GlobalParam.o
                0x2001b884                get_ground_conn
 .text.IsisAntS_getStatusData_sideA
                0x2001b924       0x3c ./src/sub-systemCode/Global/OnlineTM.o
                0x2001b924                IsisAntS_getStatusData_sideA
 .text.IsisAntS_getAlltelemetry_sideA
                0x2001b960       0x3c ./src/sub-systemCode/Global/OnlineTM.o
                0x2001b960                IsisAntS_getAlltelemetry_sideA
 .text.IsisAntS_getTemperature_sideA
                0x2001b99c       0x3c ./src/sub-systemCode/Global/OnlineTM.o
                0x2001b99c                IsisAntS_getTemperature_sideA
 .text.IsisAntS_getStatusData_sideB
                0x2001b9d8       0x3c ./src/sub-systemCode/Global/OnlineTM.o
                0x2001b9d8                IsisAntS_getStatusData_sideB
 .text.IsisAntS_getAlltelemetry_sideB
                0x2001ba14       0x3c ./src/sub-systemCode/Global/OnlineTM.o
                0x2001ba14                IsisAntS_getAlltelemetry_sideB
 .text.IsisAntS_getTemperature_sideB
                0x2001ba50       0x3c ./src/sub-systemCode/Global/OnlineTM.o
                0x2001ba50                IsisAntS_getTemperature_sideB
 .text.get_item_by_index
                0x2001ba8c       0xd8 ./src/sub-systemCode/Global/OnlineTM.o
                0x2001ba8c                get_item_by_index
 .text.init_onlineParam
                0x2001bb64      0xc80 ./src/sub-systemCode/Global/OnlineTM.o
                0x2001bb64                init_onlineParam
 .text.reset_offline_TM_list
                0x2001c7e4       0x50 ./src/sub-systemCode/Global/OnlineTM.o
                0x2001c7e4                reset_offline_TM_list
 .text.get_online_packet
                0x2001c834      0x254 ./src/sub-systemCode/Global/OnlineTM.o
                0x2001c834                get_online_packet
 .text.add_onlineTM_param_to_save_list
                0x2001ca88      0x214 ./src/sub-systemCode/Global/OnlineTM.o
                0x2001ca88                add_onlineTM_param_to_save_list
 .text.delete_allTMFilesFromSD
                0x2001cc9c       0xf8 ./src/sub-systemCode/Global/TLM_management.o
                0x2001cc9c                delete_allTMFilesFromSD
 .text.getNumOfFilesInFS
                0x2001cd94       0x44 ./src/sub-systemCode/Global/TLM_management.o
 .text.setNumOfFilesInFS
                0x2001cdd8       0x50 ./src/sub-systemCode/Global/TLM_management.o
 .text.f_managed_enterFS
                0x2001ce28       0x24 ./src/sub-systemCode/Global/TLM_management.o
                0x2001ce28                f_managed_enterFS
 .text.f_managed_releaseFS
                0x2001ce4c       0x18 ./src/sub-systemCode/Global/TLM_management.o
                0x2001ce4c                f_managed_releaseFS
 .text.f_managed_open
                0x2001ce64       0x3c ./src/sub-systemCode/Global/TLM_management.o
                0x2001ce64                f_managed_open
 .text.f_managed_close
                0x2001cea0       0x2c ./src/sub-systemCode/Global/TLM_management.o
                0x2001cea0                f_managed_close
 .text.InitializeFS
                0x2001cecc      0x188 ./src/sub-systemCode/Global/TLM_management.o
                0x2001cecc                InitializeFS
 .text.c_fileCreate
                0x2001d054       0xf4 ./src/sub-systemCode/Global/TLM_management.o
                0x2001d054                c_fileCreate
 .text.writewithEpochtime
                0x2001d148       0x9c ./src/sub-systemCode/Global/TLM_management.o
 .text.get_C_FILE_struct
                0x2001d1e4      0x104 ./src/sub-systemCode/Global/TLM_management.o
 .text.getFileIndex
                0x2001d2e8       0x4c ./src/sub-systemCode/Global/TLM_management.o
 .text.get_file_name_by_index
                0x2001d334       0x54 ./src/sub-systemCode/Global/TLM_management.o
                0x2001d334                get_file_name_by_index
 .text.c_fileReset
                0x2001d388       0xbc ./src/sub-systemCode/Global/TLM_management.o
                0x2001d388                c_fileReset
 .text.c_fileWrite
                0x2001d444      0x138 ./src/sub-systemCode/Global/TLM_management.o
                0x2001d444                c_fileWrite
 .text.c_fileRead
                0x2001d57c      0x2bc ./src/sub-systemCode/Global/TLM_management.o
                0x2001d57c                c_fileRead
 .text.WriteLog
                0x2001d838       0x94 ./src/sub-systemCode/Global/logger.o
                0x2001d838                WriteLog
 .text.WritePayloadLog
                0x2001d8cc       0x54 ./src/sub-systemCode/Global/logger.o
                0x2001d8cc                WritePayloadLog
 .text.reset_APRS_list
                0x2001d920       0xa4 ./src/sub-systemCode/COMM/APRS.o
                0x2001d920                reset_APRS_list
 .text.send_APRS_Dump
                0x2001d9c4      0x1c0 ./src/sub-systemCode/COMM/APRS.o
                0x2001d9c4                send_APRS_Dump
 .text.check_APRS
                0x2001db84      0x1a4 ./src/sub-systemCode/COMM/APRS.o
                0x2001db84                check_APRS
 .text.get_APRS_list
                0x2001dd28       0x88 ./src/sub-systemCode/COMM/APRS.o
                0x2001dd28                get_APRS_list
 .text.find_CMD_in_list
                0x2001ddb0       0x7c ./src/sub-systemCode/COMM/DelayedCommand_list.o
                0x2001ddb0                find_CMD_in_list
 .text.find_empty_in_list
                0x2001de2c       0x74 ./src/sub-systemCode/COMM/DelayedCommand_list.o
                0x2001de2c                find_empty_in_list
 .text.check_delayCommandTime
                0x2001dea0       0x8c ./src/sub-systemCode/COMM/DelayedCommand_list.o
                0x2001dea0                check_delayCommandTime
 .text.execute_delayedCommand
                0x2001df2c       0x64 ./src/sub-systemCode/COMM/DelayedCommand_list.o
                0x2001df2c                execute_delayedCommand
 .text.check_delaycommand
                0x2001df90      0x170 ./src/sub-systemCode/COMM/DelayedCommand_list.o
                0x2001df90                check_delaycommand
 .text.reset_delayCommand
                0x2001e100       0x8c ./src/sub-systemCode/COMM/DelayedCommand_list.o
                0x2001e100                reset_delayCommand
 .text.add_delayCommand
                0x2001e18c      0x1a4 ./src/sub-systemCode/COMM/DelayedCommand_list.o
                0x2001e18c                add_delayCommand
 .text.get_delayCommand_list
                0x2001e330       0x80 ./src/sub-systemCode/COMM/DelayedCommand_list.o
                0x2001e330                get_delayCommand_list
 .text.EmptyOldestCommand
                0x2001e3b0       0xfc ./src/sub-systemCode/COMM/DelayedCommand_list.o
                0x2001e3b0                EmptyOldestCommand
 .text.decode_TCpacket
                0x2001e4ac      0x16c ./src/sub-systemCode/COMM/GSC.o
                0x2001e4ac                decode_TCpacket
 .text.encode_TCpacket
                0x2001e618      0x114 ./src/sub-systemCode/COMM/GSC.o
                0x2001e618                encode_TCpacket
 .text.encode_TMpacket
                0x2001e72c      0x104 ./src/sub-systemCode/COMM/GSC.o
                0x2001e72c                encode_TMpacket
 .text.build_raw_ACK
                0x2001e830       0xbc ./src/sub-systemCode/COMM/GSC.o
                0x2001e830                build_raw_ACK
 .text.build_data_field_ACK
                0x2001e8ec       0x74 ./src/sub-systemCode/COMM/GSC.o
                0x2001e8ec                build_data_field_ACK
 .text.toggle_idle_state
                0x2001e960       0x64 ./src/sub-systemCode/COMM/TRXVU.o
                0x2001e960                toggle_idle_state
 .text.TRXVU_init_hardWare
                0x2001e9c4       0x98 ./src/sub-systemCode/COMM/TRXVU.o
                0x2001e9c4                TRXVU_init_hardWare
 .text.TRXVU_init_softWare
                0x2001ea5c      0x1a4 ./src/sub-systemCode/COMM/TRXVU.o
                0x2001ea5c                TRXVU_init_softWare
 .text.init_trxvu
                0x2001ec00       0x14 ./src/sub-systemCode/COMM/TRXVU.o
                0x2001ec00                init_trxvu
 .text.TRXVU_task
                0x2001ec14       0x9c ./src/sub-systemCode/COMM/TRXVU.o
                0x2001ec14                TRXVU_task
 .text.dump_logic
                0x2001ecb0      0x324 ./src/sub-systemCode/COMM/TRXVU.o
                0x2001ecb0                dump_logic
 .text.Dump_task
                0x2001efd4      0x16c ./src/sub-systemCode/COMM/TRXVU.o
                0x2001efd4                Dump_task
 .text.transponder_logic
                0x2001f140       0xbc ./src/sub-systemCode/COMM/TRXVU.o
                0x2001f140                transponder_logic
 .text.Transponder_task
                0x2001f1fc      0x1f4 ./src/sub-systemCode/COMM/TRXVU.o
                0x2001f1fc                Transponder_task
 .text.lookForRequestToDelete_transponder
                0x2001f3f0       0xac ./src/sub-systemCode/COMM/TRXVU.o
                0x2001f3f0                lookForRequestToDelete_transponder
 .text.lookForRequestToDelete_dump
                0x2001f49c       0x7c ./src/sub-systemCode/COMM/TRXVU.o
                0x2001f49c                lookForRequestToDelete_dump
 .text.sendRequestToStop_dump
                0x2001f518       0x8c ./src/sub-systemCode/COMM/TRXVU.o
                0x2001f518                sendRequestToStop_dump
 .text.sendRequestToStop_transponder
                0x2001f5a4       0x98 ./src/sub-systemCode/COMM/TRXVU.o
                0x2001f5a4                sendRequestToStop_transponder
 .text.Rx_logic
                0x2001f63c      0x184 ./src/sub-systemCode/COMM/TRXVU.o
                0x2001f63c                Rx_logic
 .text.pass_above_Ground
                0x2001f7c0      0x104 ./src/sub-systemCode/COMM/TRXVU.o
                0x2001f7c0                pass_above_Ground
 .text.trxvu_logic
                0x2001f8c4       0x1c ./src/sub-systemCode/COMM/TRXVU.o
                0x2001f8c4                trxvu_logic
 .text.Beacon_task
                0x2001f8e0      0x170 ./src/sub-systemCode/COMM/TRXVU.o
                0x2001f8e0                Beacon_task
 .text.buildAndSend_beacon
                0x2001fa50      0x604 ./src/sub-systemCode/COMM/TRXVU.o
                0x2001fa50                buildAndSend_beacon
 .text.reset_FRAM_TRXVU
                0x20020054      0x160 ./src/sub-systemCode/COMM/TRXVU.o
                0x20020054                reset_FRAM_TRXVU
 .text.TRX_sendFrame
                0x200201b4      0x1c0 ./src/sub-systemCode/COMM/TRXVU.o
                0x200201b4                TRX_sendFrame
 .text.TRX_getFrameData
                0x20020374      0x128 ./src/sub-systemCode/COMM/TRXVU.o
                0x20020374                TRX_getFrameData
 .text.mute_Tx  0x2002049c       0x20 ./src/sub-systemCode/COMM/TRXVU.o
                0x2002049c                mute_Tx
 .text.unmute_Tx
                0x200204bc       0x60 ./src/sub-systemCode/COMM/TRXVU.o
                0x200204bc                unmute_Tx
 .text.check_time_off_mute
                0x2002051c       0x88 ./src/sub-systemCode/COMM/TRXVU.o
                0x2002051c                check_time_off_mute
 .text.set_mute_time
                0x200205a4       0xb4 ./src/sub-systemCode/COMM/TRXVU.o
                0x200205a4                set_mute_time
 .text.change_TRXVU_state
                0x20020658       0xd0 ./src/sub-systemCode/COMM/TRXVU.o
                0x20020658                change_TRXVU_state
 .text.change_trans_RSSI
                0x20020728       0x60 ./src/sub-systemCode/COMM/TRXVU.o
                0x20020728                change_trans_RSSI
 .text.init_adcs
                0x20020788      0x104 ./src/sub-systemCode/ADCS/ADCS.o
                0x20020788                init_adcs
 .text.telemtryStart
                0x2002088c      0x16c ./src/sub-systemCode/ADCS/Stage_Table.o
                0x2002088c                telemtryStart
 .text.powerStart
                0x200209f8       0x5c ./src/sub-systemCode/ADCS/Stage_Table.o
                0x200209f8                powerStart
 .text.createTable
                0x20020a54       0xb4 ./src/sub-systemCode/ADCS/Stage_Table.o
                0x20020a54                createTable
 .text.buildControlMode
                0x20020b08       0x60 ./src/sub-systemCode/ADCS/Stage_Table.o
                0x20020b08                buildControlMode
 .text.Check_Table
                0x20020b68      0x178 ./src/sub-systemCode/ADCS/Stage_Table.o
                0x20020b68                Check_Table
 .text.updateTable
                0x20020ce0      0x1f0 ./src/sub-systemCode/ADCS/Stage_Table.o
                0x20020ce0                updateTable
 .text.translateCommandFULL
                0x20020ed0       0x78 ./src/sub-systemCode/ADCS/Stage_Table.o
                0x20020ed0                translateCommandFULL
 .text.getTableTo
                0x20020f48       0x64 ./src/sub-systemCode/ADCS/Stage_Table.o
                0x20020f48                getTableTo
 .text.save_time
                0x20020fac       0x9c ./src/main.o
                0x20020fac                save_time
 .text.Command_logic
                0x20021048       0x6c ./src/main.o
                0x20021048                Command_logic
 .text.taskMain
                0x200210b4       0x74 ./src/main.o
                0x200210b4                taskMain
 .text.main     0x20021128       0xbc ./src/main.o
                0x20021128                main
 .text.GomEpsInitialize
                0x200211e4      0x148 C:/ISIS/workspace/HOOPOE3/satellite-subsystems/demo/..//satellite-subsystems/lib\libSatelliteSubsystemsD.a(GomEPS.o)
                0x200211e4                GomEpsInitialize
 .text.makeEPStransfer
                0x2002132c       0x3c C:/ISIS/workspace/HOOPOE3/satellite-subsystems/demo/..//satellite-subsystems/lib\libSatelliteSubsystemsD.a(GomEPS.o)
 .text.GomEpsPing
                0x20021368       0xf8 C:/ISIS/workspace/HOOPOE3/satellite-subsystems/demo/..//satellite-subsystems/lib\libSatelliteSubsystemsD.a(GomEPS.o)
                0x20021368                GomEpsPing
 .text.GomEpsSoftReset
                0x20021460       0xc4 C:/ISIS/workspace/HOOPOE3/satellite-subsystems/demo/..//satellite-subsystems/lib\libSatelliteSubsystemsD.a(GomEPS.o)
                0x20021460                GomEpsSoftReset
 .text.GomEpsHardReset
                0x20021524       0xa8 C:/ISIS/workspace/HOOPOE3/satellite-subsystems/demo/..//satellite-subsystems/lib\libSatelliteSubsystemsD.a(GomEPS.o)
                0x20021524                GomEpsHardReset
 .text.GomEpsGetHkData_param
                0x200215cc      0x29c C:/ISIS/workspace/HOOPOE3/satellite-subsystems/demo/..//satellite-subsystems/lib\libSatelliteSubsystemsD.a(GomEPS.o)
                0x200215cc                GomEpsGetHkData_param
 .text.GomEpsGetHkData_general
                0x20021868      0x45c C:/ISIS/workspace/HOOPOE3/satellite-subsystems/demo/..//satellite-subsystems/lib\libSatelliteSubsystemsD.a(GomEPS.o)
                0x20021868                GomEpsGetHkData_general
 .text.GomEpsGetHkData_vi
                0x20021cc4      0x188 C:/ISIS/workspace/HOOPOE3/satellite-subsystems/demo/..//satellite-subsystems/lib\libSatelliteSubsystemsD.a(GomEPS.o)
                0x20021cc4                GomEpsGetHkData_vi
 .text.GomEpsGetHkData_out
                0x20021e4c      0x21c C:/ISIS/workspace/HOOPOE3/satellite-subsystems/demo/..//satellite-subsystems/lib\libSatelliteSubsystemsD.a(GomEPS.o)
                0x20021e4c                GomEpsGetHkData_out
 .text.GomEpsGetHkData_wdt
                0x20022068      0x2b4 C:/ISIS/workspace/HOOPOE3/satellite-subsystems/demo/..//satellite-subsystems/lib\libSatelliteSubsystemsD.a(GomEPS.o)
                0x20022068                GomEpsGetHkData_wdt
 .text.GomEpsGetHkData_basic
                0x2002231c      0x22c C:/ISIS/workspace/HOOPOE3/satellite-subsystems/demo/..//satellite-subsystems/lib\libSatelliteSubsystemsD.a(GomEPS.o)
                0x2002231c                GomEpsGetHkData_basic
 .text.GomEpsSetOutput
                0x20022548       0xbc C:/ISIS/workspace/HOOPOE3/satellite-subsystems/demo/..//satellite-subsystems/lib\libSatelliteSubsystemsD.a(GomEPS.o)
                0x20022548                GomEpsSetOutput
 .text.GomEpsResetWDT
                0x20022604       0xc4 C:/ISIS/workspace/HOOPOE3/satellite-subsystems/demo/..//satellite-subsystems/lib\libSatelliteSubsystemsD.a(GomEPS.o)
                0x20022604                GomEpsResetWDT
 .text.GomEpsConfigGet
                0x200226c8      0x16c C:/ISIS/workspace/HOOPOE3/satellite-subsystems/demo/..//satellite-subsystems/lib\libSatelliteSubsystemsD.a(GomEPS.o)
                0x200226c8                GomEpsConfigGet
 .text.GomEpsConfigSet
                0x20022834      0x184 C:/ISIS/workspace/HOOPOE3/satellite-subsystems/demo/..//satellite-subsystems/lib\libSatelliteSubsystemsD.a(GomEPS.o)
                0x20022834                GomEpsConfigSet
 .text.GomEpsConfig2Get
                0x200229b8      0x16c C:/ISIS/workspace/HOOPOE3/satellite-subsystems/demo/..//satellite-subsystems/lib\libSatelliteSubsystemsD.a(GomEPS.o)
                0x200229b8                GomEpsConfig2Get
 .text.makeAntStransfer
                0x20022b24       0x4c C:/ISIS/workspace/HOOPOE3/satellite-subsystems/demo/..//satellite-subsystems/lib\libSatelliteSubsystemsD.a(IsisAntS.o)
 .text.checkInputsValid
                0x20022b70       0x7c C:/ISIS/workspace/HOOPOE3/satellite-subsystems/demo/..//satellite-subsystems/lib\libSatelliteSubsystemsD.a(IsisAntS.o)
 .text.IsisAntS_setArmStatus
                0x20022bec      0x104 C:/ISIS/workspace/HOOPOE3/satellite-subsystems/demo/..//satellite-subsystems/lib\libSatelliteSubsystemsD.a(IsisAntS.o)
                0x20022bec                IsisAntS_setArmStatus
 .text.IsisAntS_getStatusData
                0x20022cf0      0x120 C:/ISIS/workspace/HOOPOE3/satellite-subsystems/demo/..//satellite-subsystems/lib\libSatelliteSubsystemsD.a(IsisAntS.o)
                0x20022cf0                IsisAntS_getStatusData
 .text.IsisAntS_getTemperature
                0x20022e10      0x120 C:/ISIS/workspace/HOOPOE3/satellite-subsystems/demo/..//satellite-subsystems/lib\libSatelliteSubsystemsD.a(IsisAntS.o)
                0x20022e10                IsisAntS_getTemperature
 .text.IsisAntS_getAlltelemetry
                0x20022f30      0x120 C:/ISIS/workspace/HOOPOE3/satellite-subsystems/demo/..//satellite-subsystems/lib\libSatelliteSubsystemsD.a(IsisAntS.o)
                0x20022f30                IsisAntS_getAlltelemetry
 .text.IsisAntS_reset
                0x20023050      0x104 C:/ISIS/workspace/HOOPOE3/satellite-subsystems/demo/..//satellite-subsystems/lib\libSatelliteSubsystemsD.a(IsisAntS.o)
                0x20023050                IsisAntS_reset
 .text.IsisSolarPanelv2_initialize
                0x20023154       0xb4 C:/ISIS/workspace/HOOPOE3/satellite-subsystems/demo/..//satellite-subsystems/lib\libSatelliteSubsystemsD.a(IsisSolarPanelv2.o)
                0x20023154                IsisSolarPanelv2_initialize
 .text.IsisSolarPanelv2_getTemperature
                0x20023208       0xc8 C:/ISIS/workspace/HOOPOE3/satellite-subsystems/demo/..//satellite-subsystems/lib\libSatelliteSubsystemsD.a(IsisSolarPanelv2.o)
                0x20023208                IsisSolarPanelv2_getTemperature
 .text.IsisSolarPanelv2_sleep
                0x200232d0       0xbc C:/ISIS/workspace/HOOPOE3/satellite-subsystems/demo/..//satellite-subsystems/lib\libSatelliteSubsystemsD.a(IsisSolarPanelv2.o)
                0x200232d0                IsisSolarPanelv2_sleep
 .text.IsisSolarPanelv2_wakeup
                0x2002338c       0x80 C:/ISIS/workspace/HOOPOE3/satellite-subsystems/demo/..//satellite-subsystems/lib\libSatelliteSubsystemsD.a(IsisSolarPanelv2.o)
                0x2002338c                IsisSolarPanelv2_wakeup
 .text._Reset   0x2002340c       0x20 C:/ISIS/workspace/HOOPOE3/satellite-subsystems/demo/..//satellite-subsystems/lib\libSatelliteSubsystemsD.a(IsisSolarPanelv2.o)
 .text._WaitForStartup
                0x2002342c       0x90 C:/ISIS/workspace/HOOPOE3/satellite-subsystems/demo/..//satellite-subsystems/lib\libSatelliteSubsystemsD.a(IsisSolarPanelv2.o)
 .text._AssignAllChannels
                0x200234bc       0x90 C:/ISIS/workspace/HOOPOE3/satellite-subsystems/demo/..//satellite-subsystems/lib\libSatelliteSubsystemsD.a(IsisSolarPanelv2.o)
 .text._AssignThisChannel
                0x2002354c       0xe8 C:/ISIS/workspace/HOOPOE3/satellite-subsystems/demo/..//satellite-subsystems/lib\libSatelliteSubsystemsD.a(IsisSolarPanelv2.o)
 .text._InitiateConversion
                0x20023634       0xac C:/ISIS/workspace/HOOPOE3/satellite-subsystems/demo/..//satellite-subsystems/lib\libSatelliteSubsystemsD.a(IsisSolarPanelv2.o)
 .text._WaitForConversionComplete
                0x200236e0      0x100 C:/ISIS/workspace/HOOPOE3/satellite-subsystems/demo/..//satellite-subsystems/lib\libSatelliteSubsystemsD.a(IsisSolarPanelv2.o)
 .text._ReadResult
                0x200237e0      0x158 C:/ISIS/workspace/HOOPOE3/satellite-subsystems/demo/..//satellite-subsystems/lib\libSatelliteSubsystemsD.a(IsisSolarPanelv2.o)
 .text._ExtractByte
                0x20023938       0x38 C:/ISIS/workspace/HOOPOE3/satellite-subsystems/demo/..//satellite-subsystems/lib\libSatelliteSubsystemsD.a(IsisSolarPanelv2.o)
 .text._ExtendSign
                0x20023970       0x6c C:/ISIS/workspace/HOOPOE3/satellite-subsystems/demo/..//satellite-subsystems/lib\libSatelliteSubsystemsD.a(IsisSolarPanelv2.o)
 .text._PinsInit
                0x200239dc       0x50 C:/ISIS/workspace/HOOPOE3/satellite-subsystems/demo/..//satellite-subsystems/lib\libSatelliteSubsystemsD.a(IsisSolarPanelv2.o)
 .text._SpiWriteRead
                0x20023a2c       0x70 C:/ISIS/workspace/HOOPOE3/satellite-subsystems/demo/..//satellite-subsystems/lib\libSatelliteSubsystemsD.a(IsisSolarPanelv2.o)
 .text.IsisTrxvu_initialize
                0x20023a9c      0x2f4 C:/ISIS/workspace/HOOPOE3/satellite-subsystems/demo/..//satellite-subsystems/lib\libSatelliteSubsystemsD.a(IsisTRXVU.o)
                0x20023a9c                IsisTrxvu_initialize
 .text.makeTRXVUtransfer
                0x20023d90       0x44 C:/ISIS/workspace/HOOPOE3/satellite-subsystems/demo/..//satellite-subsystems/lib\libSatelliteSubsystemsD.a(IsisTRXVU.o)
 .text.IsisTrxvu_componentSoftReset
                0x20023dd4       0x6c C:/ISIS/workspace/HOOPOE3/satellite-subsystems/demo/..//satellite-subsystems/lib\libSatelliteSubsystemsD.a(IsisTRXVU.o)
                0x20023dd4                IsisTrxvu_componentSoftReset
 .text.IsisTrxvu_componentHardReset
                0x20023e40       0xc8 C:/ISIS/workspace/HOOPOE3/satellite-subsystems/demo/..//satellite-subsystems/lib\libSatelliteSubsystemsD.a(IsisTRXVU.o)
                0x20023e40                IsisTrxvu_componentHardReset
 .text.IsisTrxvu_softReset
                0x20023f08       0x74 C:/ISIS/workspace/HOOPOE3/satellite-subsystems/demo/..//satellite-subsystems/lib\libSatelliteSubsystemsD.a(IsisTRXVU.o)
                0x20023f08                IsisTrxvu_softReset
 .text.IsisTrxvu_hardReset
                0x20023f7c       0x74 C:/ISIS/workspace/HOOPOE3/satellite-subsystems/demo/..//satellite-subsystems/lib\libSatelliteSubsystemsD.a(IsisTRXVU.o)
                0x20023f7c                IsisTrxvu_hardReset
 .text.IsisTrxvu_tcSendAX25DefClSign
                0x20023ff0       0xec C:/ISIS/workspace/HOOPOE3/satellite-subsystems/demo/..//satellite-subsystems/lib\libSatelliteSubsystemsD.a(IsisTRXVU.o)
                0x20023ff0                IsisTrxvu_tcSendAX25DefClSign
 .text.IsisTrxvu_tcSetIdlestate
                0x200240dc       0xa4 C:/ISIS/workspace/HOOPOE3/satellite-subsystems/demo/..//satellite-subsystems/lib\libSatelliteSubsystemsD.a(IsisTRXVU.o)
                0x200240dc                IsisTrxvu_tcSetIdlestate
 .text.IsisTrxvu_tcSetAx25Bitrate
                0x20024180       0xc4 C:/ISIS/workspace/HOOPOE3/satellite-subsystems/demo/..//satellite-subsystems/lib\libSatelliteSubsystemsD.a(IsisTRXVU.o)
                0x20024180                IsisTrxvu_tcSetAx25Bitrate
 .text.IsisTrxvu_tcGetTelemetryAll
                0x20024244       0xd0 C:/ISIS/workspace/HOOPOE3/satellite-subsystems/demo/..//satellite-subsystems/lib\libSatelliteSubsystemsD.a(IsisTRXVU.o)
                0x20024244                IsisTrxvu_tcGetTelemetryAll
 .text.IsisTrxvu_tcGetTelemetryAll_revC
                0x20024314       0xd0 C:/ISIS/workspace/HOOPOE3/satellite-subsystems/demo/..//satellite-subsystems/lib\libSatelliteSubsystemsD.a(IsisTRXVU.o)
                0x20024314                IsisTrxvu_tcGetTelemetryAll_revC
 .text.IsisTrxvu_rcGetFrameCount
                0x200243e4       0xa0 C:/ISIS/workspace/HOOPOE3/satellite-subsystems/demo/..//satellite-subsystems/lib\libSatelliteSubsystemsD.a(IsisTRXVU.o)
                0x200243e4                IsisTrxvu_rcGetFrameCount
 .text.IsisTrxvu_rcGetCommandFrame
                0x20024484      0x2d8 C:/ISIS/workspace/HOOPOE3/satellite-subsystems/demo/..//satellite-subsystems/lib\libSatelliteSubsystemsD.a(IsisTRXVU.o)
                0x20024484                IsisTrxvu_rcGetCommandFrame
 .text.IsisTrxvu_rcGetTelemetryAll
                0x2002475c       0xd0 C:/ISIS/workspace/HOOPOE3/satellite-subsystems/demo/..//satellite-subsystems/lib\libSatelliteSubsystemsD.a(IsisTRXVU.o)
                0x2002475c                IsisTrxvu_rcGetTelemetryAll
 .text.IsisTrxvu_rcGetTelemetryAll_revC
                0x2002482c       0xec C:/ISIS/workspace/HOOPOE3/satellite-subsystems/demo/..//satellite-subsystems/lib\libSatelliteSubsystemsD.a(IsisTRXVU.o)
                0x2002482c                IsisTrxvu_rcGetTelemetryAll_revC
 .text.cspaceADCS_initialize
                0x20024918      0x18c C:/ISIS/workspace/HOOPOE3/satellite-subsystems/demo/..//satellite-subsystems/lib\libSatelliteSubsystemsD.a(cspaceADCS.o)
                0x20024918                cspaceADCS_initialize
 .text.make_cspaceADCStransfer
                0x20024aa4      0x1b4 C:/ISIS/workspace/HOOPOE3/satellite-subsystems/demo/..//satellite-subsystems/lib\libSatelliteSubsystemsD.a(cspaceADCS.o)
 .text.cspaceADCS_componentReset
                0x20024c58       0xbc C:/ISIS/workspace/HOOPOE3/satellite-subsystems/demo/..//satellite-subsystems/lib\libSatelliteSubsystemsD.a(cspaceADCS.o)
                0x20024c58                cspaceADCS_componentReset
 .text.cspaceADCS_setRunMode
                0x20024d14       0xbc C:/ISIS/workspace/HOOPOE3/satellite-subsystems/demo/..//satellite-subsystems/lib\libSatelliteSubsystemsD.a(cspaceADCS.o)
                0x20024d14                cspaceADCS_setRunMode
 .text.cspaceADCS_setPwrCtrlDevice
                0x20024dd0       0xd0 C:/ISIS/workspace/HOOPOE3/satellite-subsystems/demo/..//satellite-subsystems/lib\libSatelliteSubsystemsD.a(cspaceADCS.o)
                0x20024dd0                cspaceADCS_setPwrCtrlDevice
 .text.cspaceADCS_setAttCtrlMode
                0x20024ea0       0xd0 C:/ISIS/workspace/HOOPOE3/satellite-subsystems/demo/..//satellite-subsystems/lib\libSatelliteSubsystemsD.a(cspaceADCS.o)
                0x20024ea0                cspaceADCS_setAttCtrlMode
 .text.cspaceADCS_setAttEstMode
                0x20024f70       0xbc C:/ISIS/workspace/HOOPOE3/satellite-subsystems/demo/..//satellite-subsystems/lib\libSatelliteSubsystemsD.a(cspaceADCS.o)
                0x20024f70                cspaceADCS_setAttEstMode
 .text.cspaceADCS_getCurrentState
                0x2002502c       0xc4 C:/ISIS/workspace/HOOPOE3/satellite-subsystems/demo/..//satellite-subsystems/lib\libSatelliteSubsystemsD.a(cspaceADCS.o)
                0x2002502c                cspaceADCS_getCurrentState
 .text.cspaceADCS_getPwrCtrlDevice
                0x200250f0       0xc4 C:/ISIS/workspace/HOOPOE3/satellite-subsystems/demo/..//satellite-subsystems/lib\libSatelliteSubsystemsD.a(cspaceADCS.o)
                0x200250f0                cspaceADCS_getPwrCtrlDevice
 .text.GECKO_Init
                0x200251b4       0x40 C:/ISIS/workspace/HOOPOE3/satellite-subsystems/demo/..//satellite-subsystems/lib\libSatelliteSubsystemsD.a(gecko_driver.o)