Archive member included because of file (symbol)

c:/isis/application/toolchain/bin/../lib/gcc/arm-none-eabi/4.7.4/../../../../arm-none-eabi/lib\libc_s.a(lib_a-vfprintf_float.o)
                              (_printf_float)
c:/isis/application/toolchain/bin/../lib/gcc/arm-none-eabi/4.7.4/../../../../arm-none-eabi/lib\libc_s.a(lib_a-vfprintf_i.o)
                              c:/isis/application/toolchain/bin/../lib/gcc/arm-none-eabi/4.7.4/../../../../arm-none-eabi/lib\libc_s.a(lib_a-vfprintf_float.o) (_printf_common)
c:/isis/application/toolchain/bin/../lib/gcc/arm-none-eabi/4.7.4/../../../../arm-none-eabi/lib\libc_s.a(lib_a-vfscanf_float.o)
                              (_scanf_float)
c:/isis/application/toolchain/bin/../lib/gcc/arm-none-eabi/4.7.4/../../../../arm-none-eabi/lib\libc_s.a(lib_a-dtoa.o)
                              c:/isis/application/toolchain/bin/../lib/gcc/arm-none-eabi/4.7.4/../../../../arm-none-eabi/lib\libc_s.a(lib_a-vfprintf_float.o) (_dtoa_r)
c:/isis/application/toolchain/bin/../lib/gcc/arm-none-eabi/4.7.4/../../../../arm-none-eabi/lib\libc_s.a(lib_a-locale.o)
                              c:/isis/application/toolchain/bin/../lib/gcc/arm-none-eabi/4.7.4/../../../../arm-none-eabi/lib\libc_s.a(lib_a-vfprintf_float.o) (_localeconv_r)
c:/isis/application/toolchain/bin/../lib/gcc/arm-none-eabi/4.7.4/../../../../arm-none-eabi/lib\libc_s.a(lib_a-malloc.o)
                              c:/isis/application/toolchain/bin/../lib/gcc/arm-none-eabi/4.7.4/../../../../arm-none-eabi/lib\libc_s.a(lib_a-dtoa.o) (malloc)
c:/isis/application/toolchain/bin/../lib/gcc/arm-none-eabi/4.7.4/../../../../arm-none-eabi/lib\libc_s.a(lib_a-mallocr.o)
                              c:/isis/application/toolchain/bin/../lib/gcc/arm-none-eabi/4.7.4/../../../../arm-none-eabi/lib\libc_s.a(lib_a-malloc.o) (_malloc_r)
c:/isis/application/toolchain/bin/../lib/gcc/arm-none-eabi/4.7.4/../../../../arm-none-eabi/lib\libc_s.a(lib_a-memcpy.o)
                              c:/isis/application/toolchain/bin/../lib/gcc/arm-none-eabi/4.7.4/../../../../arm-none-eabi/lib\libc_s.a(lib_a-dtoa.o) (memcpy)
c:/isis/application/toolchain/bin/../lib/gcc/arm-none-eabi/4.7.4/../../../../arm-none-eabi/lib\libc_s.a(lib_a-mprec.o)
                              c:/isis/application/toolchain/bin/../lib/gcc/arm-none-eabi/4.7.4/../../../../arm-none-eabi/lib\libc_s.a(lib_a-dtoa.o) (_Balloc)
c:/isis/application/toolchain/bin/../lib/gcc/arm-none-eabi/4.7.4/../../../../arm-none-eabi/lib\libc_s.a(lib_a-s_fpclassify.o)
                              c:/isis/application/toolchain/bin/../lib/gcc/arm-none-eabi/4.7.4/../../../../arm-none-eabi/lib\libc_s.a(lib_a-vfprintf_float.o) (__fpclassifyd)
c:/isis/application/toolchain/bin/../lib/gcc/arm-none-eabi/4.7.4/../../../../arm-none-eabi/lib\libc_s.a(lib_a-sbrkr.o)
                              c:/isis/application/toolchain/bin/../lib/gcc/arm-none-eabi/4.7.4/../../../../arm-none-eabi/lib\libc_s.a(lib_a-mallocr.o) (_sbrk_r)
c:/isis/application/toolchain/bin/../lib/gcc/arm-none-eabi/4.7.4/../../../../arm-none-eabi/lib\libc_s.a(lib_a-sf_nan.o)
                              c:/isis/application/toolchain/bin/../lib/gcc/arm-none-eabi/4.7.4/../../../../arm-none-eabi/lib\libc_s.a(lib_a-vfscanf_float.o) (nanf)
c:/isis/application/toolchain/bin/../lib/gcc/arm-none-eabi/4.7.4/../../../../arm-none-eabi/lib\libc_s.a(lib_a-sprintf.o)
                              c:/isis/application/toolchain/bin/../lib/gcc/arm-none-eabi/4.7.4/../../../../arm-none-eabi/lib\libc_s.a(lib_a-vfscanf_float.o) (sprintf)
c:/isis/application/toolchain/bin/../lib/gcc/arm-none-eabi/4.7.4/../../../../arm-none-eabi/lib\libc_s.a(lib_a-strcmp.o)
                              c:/isis/application/toolchain/bin/../lib/gcc/arm-none-eabi/4.7.4/../../../../arm-none-eabi/lib\libc_s.a(lib_a-locale.o) (strcmp)
c:/isis/application/toolchain/bin/../lib/gcc/arm-none-eabi/4.7.4/../../../../arm-none-eabi/lib\libc_s.a(lib_a-strlen.o)
                              c:/isis/application/toolchain/bin/../lib/gcc/arm-none-eabi/4.7.4/../../../../arm-none-eabi/lib\libc_s.a(lib_a-vfprintf_float.o) (strlen)
c:/isis/application/toolchain/bin/../lib/gcc/arm-none-eabi/4.7.4/../../../../arm-none-eabi/lib\libc_s.a(lib_a-strtod.o)
                              c:/isis/application/toolchain/bin/../lib/gcc/arm-none-eabi/4.7.4/../../../../arm-none-eabi/lib\libc_s.a(lib_a-vfscanf_float.o) (_strtod_r)
c:/isis/application/toolchain/bin/../lib/gcc/arm-none-eabi/4.7.4/../../../../arm-none-eabi/lib\libc_s.a(lib_a-strtol.o)
                              c:/isis/application/toolchain/bin/../lib/gcc/arm-none-eabi/4.7.4/../../../../arm-none-eabi/lib\libc_s.a(lib_a-vfscanf_float.o) (_strtol_r)
c:/isis/application/toolchain/bin/../lib/gcc/arm-none-eabi/4.7.4/../../../../arm-none-eabi/lib\libc_s.a(lib_a-svfprintf.o)
                              c:/isis/application/toolchain/bin/../lib/gcc/arm-none-eabi/4.7.4/../../../../arm-none-eabi/lib\libc_s.a(lib_a-sprintf.o) (_svfprintf_r)
[...]
Memory Configuration

Name             Origin             Length             Attributes
sram0            0x00200000         0x00004000         w !xr
sram1            0x00300000         0x00004000         w !xr
sdram            0x20000000         0x02000000         w !xr
*default*        0x00000000         0xffffffff

Linker script and memory map

LOAD c:/isis/application/toolchain/bin/../lib/gcc/arm-none-eabi/4.7.4/../../../../arm-none-eabi/lib\libc_s.a
LOAD ./src/sub-systemCode/payload/Request Management/Dump/Butchering.o
LOAD ./src/sub-systemCode/payload/Request Management/Dump/imageDump.o
LOAD ./src/sub-systemCode/payload/Request Management/CameraManeger.o
LOAD ./src/sub-systemCode/payload/Request Management/DB_RequestHandling.o
LOAD ./src/sub-systemCode/payload/Misc/Boolean_bit.o
LOAD ./src/sub-systemCode/payload/Misc/FileSystem.o
LOAD ./src/sub-systemCode/payload/Drivers/GeckoCameraDriver.o
LOAD ./src/sub-systemCode/payload/DataBase/DataBase.o
LOAD ./src/sub-systemCode/payload/Compression/jpeg/bmp/rawToBMP.o
LOAD ./src/sub-systemCode/payload/Compression/jpeg/DCT.o
LOAD ./src/sub-systemCode/payload/Compression/jpeg/ImgCompressor.o
LOAD ./src/sub-systemCode/payload/Compression/jpeg/color_conv.o
LOAD ./src/sub-systemCode/payload/Compression/jpeg/jpeg.o
LOAD ./src/sub-systemCode/payload/Compression/jpeg/jpeg_encoder.o
LOAD ./src/sub-systemCode/payload/Compression/jpeg/jpeg_memory_alloc.o
LOAD ./src/sub-systemCode/payload/Compression/jpeg/jpeg_params.o
LOAD ./src/sub-systemCode/payload/Compression/jpeg/output_stream.o
LOAD ./src/sub-systemCode/payload/Compression/ImageConversion.o
LOAD ./src/sub-systemCode/Main/CMD/ADCS_CMD.o
LOAD ./src/sub-systemCode/Main/CMD/COMM_CMD.o
LOAD ./src/sub-systemCode/Main/CMD/EPS_CMD.o
LOAD ./src/sub-systemCode/Main/CMD/General_CMD.o
LOAD ./src/sub-systemCode/Main/CMD/SW_CMD.o
LOAD ./src/sub-systemCode/Main/CMD/payload_CMD.o
LOAD ./src/sub-systemCode/Main/Ants.o
LOAD ./src/sub-systemCode/Main/EPS.o
LOAD ./src/sub-systemCode/Main/HouseKeeping.o
LOAD ./src/sub-systemCode/Main/Main_Init.o
LOAD ./src/sub-systemCode/Main/commands.o
LOAD ./src/sub-systemCode/Global/Global.o
LOAD ./src/sub-systemCode/Global/GlobalParam.o
LOAD ./src/sub-systemCode/Global/OnlineTM.o
LOAD ./src/sub-systemCode/Global/TLM_management.o
LOAD ./src/sub-systemCode/Global/freertosExtended.o
LOAD ./src/sub-systemCode/Global/logger.o
LOAD ./src/sub-systemCode/COMM/APRS.o
LOAD ./src/sub-systemCode/COMM/DelayedCommand_list.o
LOAD ./src/sub-systemCode/COMM/GSC.o
LOAD ./src/sub-systemCode/COMM/TRXVU.o
LOAD ./src/sub-systemCode/ADCS/AdcsCommands.o
LOAD ./src/sub-systemCode/ADCS/AdcsGetDataAndTlm.o
LOAD ./src/sub-systemCode/ADCS/AdcsMain.o
LOAD ./src/sub-systemCode/ADCS/AdcsTroubleShooting.o
LOAD ./src/sub-systemCode/ADCS/StateMachine.o
LOAD ./src/main.o
LOAD C:/Users/97250/Documents/GitHub/online/HOOPOE3/satellite-subsystems/demo/..//satellite-subsystems/lib\libSatelliteSubsystemsD.a
LOAD c:/isis/application/toolchain/bin/../lib/gcc/arm-none-eabi/4.7.4/../../../../arm-none-eabi/lib\libm.a
LOAD C:/Users/97250/Documents/GitHub/online/HOOPOE3/satellite-subsystems/demo/../..//hal/hcc/lib\libHCCD.a
LOAD C:/Users/97250/Documents/GitHub/online/HOOPOE3/satellite-subsystems/demo/../..//hal/hal/lib\libHALD.a
LOAD C:/Users/97250/Documents/GitHub/online/HOOPOE3/satellite-subsystems/demo/../..//hal/freertos/lib\libFreeRTOSD.a
LOAD C:/Users/97250/Documents/GitHub/online/HOOPOE3/satellite-subsystems/demo/../..//hal/at91/lib\libAt91D.a
START GROUP
LOAD c:/isis/application/toolchain/bin/../lib/gcc/arm-none-eabi/4.7.4\libgcc.a
LOAD c:/isis/application/toolchain/bin/../lib/gcc/arm-none-eabi/4.7.4/../../../../arm-none-eabi/lib\libc_s.a
END GROUP

.fixed          0x20000000    0x59258
                0x20000000                . = ALIGN (0x4)
                0x20000000                _sfixed = .
 *(.startup)
 .startup       0x20000000      0x134 C:/Users/97250/Documents/GitHub/online/HOOPOE3/satellite-subsystems/demo/../..//hal/at91/lib\libAt91D.a(board_cstartup.o)
                0x20000000                entry
 *(.text)
 .text          0x20000134       0x64 C:/Users/97250/Documents/GitHub/online/HOOPOE3/satellite-subsystems/demo/../..//hal/at91/lib\libAt91D.a(cp15_asm.o)
                0x20000134                _readControlRegister
                0x20000140                _writeControlRegister
                0x20000148                _waitForInterrupt
                0x20000154                _writeTTB
                0x2000015c                _writeDomain
                0x20000164                _writeITLBLockdown
                0x2000016c                _prefetchICacheLine
                0x20000174                _flushDCache
                0x20000180                _flushWriteBuffer
                0x2000018c                _invalidateIDTLBs
 .text          0x20000198      0x114 c:/isis/application/toolchain/bin/../lib/gcc/arm-none-eabi/4.7.4\libgcc.a(_udivsi3.o)
                0x20000198                __aeabi_uidiv
                0x20000198                __udivsi3
                0x2000028c                __aeabi_uidivmod
 .text          0x200002ac      0x148 c:/isis/application/toolchain/bin/../lib/gcc/arm-none-eabi/4.7.4\libgcc.a(_divsi3.o)
                0x200002ac                __divsi3
                0x200002ac                __aeabi_idiv
                0x200003d4                __aeabi_idivmod
 .text          0x200003f4        0x4 c:/isis/application/toolchain/bin/../lib/gcc/arm-none-eabi/4.7.4\libgcc.a(_dvmd_tls.o)
                0x200003f4                __aeabi_idiv0
                0x200003f4                __aeabi_ldiv0
 .text          0x200003f8      0x41c c:/isis/application/toolchain/bin/../lib/gcc/arm-none-eabi/4.7.4\libgcc.a(_arm_addsubdf3.o)
                0x200003f8                __aeabi_drsub
                0x20000400                __aeabi_dsub
                0x20000400                __subdf3
                0x20000404                __aeabi_dadd
                0x20000404                __adddf3
                0x20000714                __floatunsidf
                0x20000714                __aeabi_ui2d
                0x20000738                __floatsidf
                0x20000738                __aeabi_i2d
                0x20000760                __aeabi_f2d
                0x20000760                __extendsfdf2
                0x200007a0                __floatundidf
                0x200007a0                __aeabi_ul2d
                0x200007b4                __floatdidf
                0x200007b4                __aeabi_l2d
 .text          0x20000814      0x49c c:/isis/application/toolchain/bin/../lib/gcc/arm-none-eabi/4.7.4\libgcc.a(_arm_muldivdf3.o)
                0x20000814                __aeabi_dmul
                0x20000814                __muldf3
                0x20000aa4                __divdf3
                0x20000aa4                __aeabi_ddiv
 .text          0x20000cb0      0x144 c:/isis/application/toolchain/bin/../lib/gcc/arm-none-eabi/4.7.4\libgcc.a(_arm_cmpdf2.o)
                0x20000cb0                __gtdf2
                0x20000cb0                __gedf2
                0x20000cb8                __ltdf2
                0x20000cb8                __ledf2
                0x20000cc0                __nedf2
                0x20000cc0                __eqdf2
                0x20000cc0                __cmpdf2
                0x20000d48                __aeabi_cdrcmple
                0x20000d64                __aeabi_cdcmpeq
                0x20000d64                __aeabi_cdcmple
                0x20000d7c                __aeabi_dcmpeq
                0x20000d94                __aeabi_dcmplt
                0x20000dac                __aeabi_dcmple
                0x20000dc4                __aeabi_dcmpge
                0x20000ddc                __aeabi_dcmpgt
 .text          0x20000df4       0x5c c:/isis/application/toolchain/bin/../lib/gcc/arm-none-eabi/4.7.4\libgcc.a(_arm_fixdfsi.o)
                0x20000df4                __aeabi_d2iz
                0x20000df4                __fixdfsi
 .text          0x20000e50       0x54 c:/isis/application/toolchain/bin/../lib/gcc/arm-none-eabi/4.7.4\libgcc.a(_arm_fixunsdfsi.o)
                0x20000e50                __aeabi_d2uiz
                0x20000e50                __fixunsdfsi
 .text          0x20000ea4       0xa0 c:/isis/application/toolchain/bin/../lib/gcc/arm-none-eabi/4.7.4\libgcc.a(_arm_truncdfsf2.o)
                0x20000ea4                __truncdfsf2
                0x20000ea4                __aeabi_d2f
 .text          0x20000f44      0x2ac c:/isis/application/toolchain/bin/../lib/gcc/arm-none-eabi/4.7.4\libgcc.a(_arm_addsubsf3.o)
                0x20000f44                __aeabi_frsub
                0x20000f4c                __subsf3
                0x20000f4c                __aeabi_fsub
                0x20000f50                __aeabi_fadd
                0x20000f50                __addsf3
                0x2000110c                __aeabi_ui2f
                0x2000110c                __floatunsisf
                0x20001114                __aeabi_i2f
                0x20001114                __floatsisf
                0x20001134                __aeabi_ul2f
                0x20001134                __floatundisf
                0x20001144                __aeabi_l2f
                0x20001144                __floatdisf
 .text          0x200011f0      0x2f8 c:/isis/application/toolchain/bin/../lib/gcc/arm-none-eabi/4.7.4\libgcc.a(_arm_muldivsf3.o)
                0x200011f0                __mulsf3
                0x200011f0                __aeabi_fmul
                0x20001388                __aeabi_fdiv
                0x20001388                __divsf3
 .text          0x200014e8      0x114 c:/isis/application/toolchain/bin/../lib/gcc/arm-none-eabi/4.7.4\libgcc.a(_arm_cmpsf2.o)
                0x200014e8                __gesf2
                0x200014e8                __gtsf2
                0x200014f0                __lesf2
                0x200014f0                __ltsf2
                0x200014f8                __nesf2
                0x200014f8                __eqsf2
                0x200014f8                __cmpsf2
                0x2000155c                __aeabi_cfrcmple
                0x2000156c                __aeabi_cfcmpeq
                0x2000156c                __aeabi_cfcmple
                0x20001584                __aeabi_fcmpeq
                0x2000159c                __aeabi_fcmplt
                0x200015b4                __aeabi_fcmple
                0x200015cc                __aeabi_fcmpge
                0x200015e4                __aeabi_fcmpgt
 .text          0x200015fc       0x5c c:/isis/application/toolchain/bin/../lib/gcc/arm-none-eabi/4.7.4\libgcc.a(_arm_fixsfsi.o)
                0x200015fc                __aeabi_f2iz
                0x200015fc                __fixsfsi
 .text          0x20001658       0x54 c:/isis/application/toolchain/bin/../lib/gcc/arm-none-eabi/4.7.4\libgcc.a(_arm_fixunssfsi.o)
                0x20001658                __fixunssfsi
                0x20001658                __aeabi_f2uiz
 *(.text*)
 .text.__cvt    0x200016ac      0x138 c:/isis/application/toolchain/bin/../lib/gcc/arm-none-eabi/4.7.4/../../../../arm-none-eabi/lib\libc_s.a(lib_a-vfprintf_float.o)
                0x200016ac                __cvt
 .text.__exponent
                0x200017e4       0xa8 c:/isis/application/toolchain/bin/../lib/gcc/arm-none-eabi/4.7.4/../../../../arm-none-eabi/lib\libc_s.a(lib_a-vfprintf_float.o)
                0x200017e4                __exponent
 .text._printf_float
                0x2000188c      0x7dc c:/isis/application/toolchain/bin/../lib/gcc/arm-none-eabi/4.7.4/../../../../arm-none-eabi/lib\libc_s.a(lib_a-vfprintf_float.o)
                0x2000188c                _printf_float
 .text._printf_common
                0x20002068      0x174 c:/isis/application/toolchain/bin/../lib/gcc/arm-none-eabi/4.7.4/../../../../arm-none-eabi/lib\libc_s.a(lib_a-vfprintf_i.o)
                0x20002068                _printf_common
 .text._printf_i
                0x200021dc      0x3c4 c:/isis/application/toolchain/bin/../lib/gcc/arm-none-eabi/4.7.4/../../../../arm-none-eabi/lib\libc_s.a(lib_a-vfprintf_i.o)
                0x200021dc                _printf_i
 .text._scanf_float
                0x200025a0      0x5f4 c:/isis/application/toolchain/bin/../lib/gcc/arm-none-eabi/4.7.4/../../../../arm-none-eabi/lib\libc_s.a(lib_a-vfscanf_float.o)
                0x200025a0                _scanf_float
 .text.quorem   0x20002b94      0x1ac c:/isis/application/toolchain/bin/../lib/gcc/arm-none-eabi/4.7.4/../../../../arm-none-eabi/lib\libc_s.a(lib_a-dtoa.o)
 .text._dtoa_r  0x20002d40     0x1268 c:/isis/application/toolchain/bin/../lib/gcc/arm-none-eabi/4.7.4/../../../../arm-none-eabi/lib\libc_s.a(lib_a-dtoa.o)
                0x20002d40                _dtoa_r
 .text._localeconv_r
                0x20003fa8        0xc c:/isis/application/toolchain/bin/../lib/gcc/arm-none-eabi/4.7.4/../../../../arm-none-eabi/lib\libc_s.a(lib_a-locale.o)
                0x20003fa8                _localeconv_r
 .text.malloc   0x20003fb4       0x20 c:/isis/application/toolchain/bin/../lib/gcc/arm-none-eabi/4.7.4/../../../../arm-none-eabi/lib\libc_s.a(lib_a-malloc.o)
                0x20003fb4                malloc
 .text.free     0x20003fd4       0x20 c:/isis/application/toolchain/bin/../lib/gcc/arm-none-eabi/4.7.4/../../../../arm-none-eabi/lib\libc_s.a(lib_a-malloc.o)
                0x20003fd4                free
 .text._malloc_r
                0x20003ff4       0xfc c:/isis/application/toolchain/bin/../lib/gcc/arm-none-eabi/4.7.4/../../../../arm-none-eabi/lib\libc_s.a(lib_a-mallocr.o)
                0x20003ff4                _malloc_r
 .text.memcpy   0x200040f0       0x20 c:/isis/application/toolchain/bin/../lib/gcc/arm-none-eabi/4.7.4/../../../../arm-none-eabi/lib\libc_s.a(lib_a-memcpy.o)
                0x200040f0                memcpy
 .text._Balloc  0x20004110       0xcc c:/isis/application/toolchain/bin/../lib/gcc/arm-none-eabi/4.7.4/../../../../arm-none-eabi/lib\libc_s.a(lib_a-mprec.o)
                0x20004110                _Balloc
 .text._Bfree   0x200041dc       0x5c c:/isis/application/toolchain/bin/../lib/gcc/arm-none-eabi/4.7.4/../../../../arm-none-eabi/lib\libc_s.a(lib_a-mprec.o)
                0x200041dc                _Bfree
 .text.__multadd
                0x20004238       0xbc c:/isis/application/toolchain/bin/../lib/gcc/arm-none-eabi/4.7.4/../../../../arm-none-eabi/lib\libc_s.a(lib_a-mprec.o)
                0x20004238                __multadd
 .text.__s2b    0x200042f4       0xd8 c:/isis/application/toolchain/bin/../lib/gcc/arm-none-eabi/4.7.4/../../../../arm-none-eabi/lib\libc_s.a(lib_a-mprec.o)
                0x200042f4                __s2b
 .text.__hi0bits
                0x200043cc       0x58 c:/isis/application/toolchain/bin/../lib/gcc/arm-none-eabi/4.7.4/../../../../arm-none-eabi/lib\libc_s.a(lib_a-mprec.o)
                0x200043cc                __hi0bits
 .text.__lo0bits
                0x20004424       0x94 c:/isis/application/toolchain/bin/../lib/gcc/arm-none-eabi/4.7.4/../../../../arm-none-eabi/lib\libc_s.a(lib_a-mprec.o)
                0x20004424                __lo0bits
 .text.__i2b    0x200044b8       0x24 c:/isis/application/toolchain/bin/../lib/gcc/arm-none-eabi/4.7.4/../../../../arm-none-eabi/lib\libc_s.a(lib_a-mprec.o)
                0x200044b8                __i2b
 .text.__multiply
                0x200044dc      0x1ac c:/isis/application/toolchain/bin/../lib/gcc/arm-none-eabi/4.7.4/../../../../arm-none-eabi/lib\libc_s.a(lib_a-mprec.o)
                0x200044dc                __multiply
 .text.__pow5mult
                0x20004688      0x10c c:/isis/application/toolchain/bin/../lib/gcc/arm-none-eabi/4.7.4/../../../../arm-none-eabi/lib\libc_s.a(lib_a-mprec.o)
                0x20004688                __pow5mult
 .text.__lshift
                0x20004794       0xf0 c:/isis/application/toolchain/bin/../lib/gcc/arm-none-eabi/4.7.4/../../../../arm-none-eabi/lib\libc_s.a(lib_a-mprec.o)
                0x20004794                __lshift
 .text.__mcmp   0x20004884       0x60 c:/isis/application/toolchain/bin/../lib/gcc/arm-none-eabi/4.7.4/../../../../arm-none-eabi/lib\libc_s.a(lib_a-mprec.o)
                0x20004884                __mcmp
 .text.__mdiff  0x200048e4      0x128 c:/isis/application/toolchain/bin/../lib/gcc/arm-none-eabi/4.7.4/../../../../arm-none-eabi/lib\libc_s.a(lib_a-mprec.o)
                0x200048e4                __mdiff
 .text.__ulp    0x20004a0c       0x5c c:/isis/application/toolchain/bin/../lib/gcc/arm-none-eabi/4.7.4/../../../../arm-none-eabi/lib\libc_s.a(lib_a-mprec.o)
                0x20004a0c                __ulp
 .text.__b2d    0x20004a68       0xc8 c:/isis/application/toolchain/bin/../lib/gcc/arm-none-eabi/4.7.4/../../../../arm-none-eabi/lib\libc_s.a(lib_a-mprec.o)
                0x20004a68                __b2d
 .text.__d2b    0x20004b30       0xfc c:/isis/application/toolchain/bin/../lib/gcc/arm-none-eabi/4.7.4/../../../../arm-none-eabi/lib\libc_s.a(lib_a-mprec.o)
                0x20004b30                __d2b
 .text.__ratio  0x20004c2c       0x70 c:/isis/application/toolchain/bin/../lib/gcc/arm-none-eabi/4.7.4/../../../../arm-none-eabi/lib\libc_s.a(lib_a-mprec.o)
                0x20004c2c                __ratio
 .text.__copybits
                0x20004c9c       0x4c c:/isis/application/toolchain/bin/../lib/gcc/arm-none-eabi/4.7.4/../../../../arm-none-eabi/lib\libc_s.a(lib_a-mprec.o)
                0x20004c9c                __copybits
 .text.__any_on
                0x20004ce8       0x7c c:/isis/application/toolchain/bin/../lib/gcc/arm-none-eabi/4.7.4/../../../../arm-none-eabi/lib\libc_s.a(lib_a-mprec.o)
                0x20004ce8                __any_on
 .text.__fpclassifyd
                0x20004d64       0x6c c:/isis/application/toolchain/bin/../lib/gcc/arm-none-eabi/4.7.4/../../../../arm-none-eabi/lib\libc_s.a(lib_a-s_fpclassify.o)
                0x20004d64                __fpclassifyd
 .text._sbrk_r  0x20004dd0       0x3c c:/isis/application/toolchain/bin/../lib/gcc/arm-none-eabi/4.7.4/../../../../arm-none-eabi/lib\libc_s.a(lib_a-sbrkr.o)
                0x20004dd0                _sbrk_r
 .text.nanf     0x20004e0c        0xc c:/isis/application/toolchain/bin/../lib/gcc/arm-none-eabi/4.7.4/../../../../arm-none-eabi/lib\libc_s.a(lib_a-sf_nan.o)
                0x20004e0c                nanf
 .text.sprintf  0x20004e18       0x6c c:/isis/application/toolchain/bin/../lib/gcc/arm-none-eabi/4.7.4/../../../../arm-none-eabi/lib\libc_s.a(lib_a-sprintf.o)
                0x20004e18                siprintf
                0x20004e18                sprintf
 .text.strcmp   0x20004e84       0x1c c:/isis/application/toolchain/bin/../lib/gcc/arm-none-eabi/4.7.4/../../../../arm-none-eabi/lib\libc_s.a(lib_a-strcmp.o)
                0x20004e84                strcmp
 .text.strlen   0x20004ea0       0x1c c:/isis/application/toolchain/bin/../lib/gcc/arm-none-eabi/4.7.4/../../../../arm-none-eabi/lib\libc_s.a(lib_a-strlen.o)
                0x20004ea0                strlen
 .text.match    0x20004ebc       0x54 c:/isis/application/toolchain/bin/../lib/gcc/arm-none-eabi/4.7.4/../../../../arm-none-eabi/lib\libc_s.a(lib_a-strtod.o)
 .text._strtod_r
                0x20004f10     0x1168 c:/isis/application/toolchain/bin/../lib/gcc/arm-none-eabi/4.7.4/../../../../arm-none-eabi/lib\libc_s.a(lib_a-strtod.o)
                0x20004f10                _strtod_r
 .text._strtol_r
                0x20006078      0x1b8 c:/isis/application/toolchain/bin/../lib/gcc/arm-none-eabi/4.7.4/../../../../arm-none-eabi/lib\libc_s.a(lib_a-strtol.o)
                0x20006078                _strtol_r
 .text.__ssputc_r
                0x20006230      0x10c c:/isis/application/toolchain/bin/../lib/gcc/arm-none-eabi/4.7.4/../../../../arm-none-eabi/lib\libc_s.a(lib_a-svfprintf.o)
                0x20006230                __ssputc_r
 .text._svfprintf_r
                0x2000633c      0x328 c:/isis/application/toolchain/bin/../lib/gcc/arm-none-eabi/4.7.4/../../../../arm-none-eabi/lib\libc_s.a(lib_a-svfprintf.o)
                0x2000633c                _svfiprintf_r
                0x2000633c                _svfprintf_r
 .text._calloc_r
                0x20006664       0x2c c:/isis/application/toolchain/bin/../lib/gcc/arm-none-eabi/4.7.4/../../../../arm-none-eabi/lib\libc_s.a(lib_a-callocr.o)
                0x20006664                _calloc_r
 .text._free_r  0x20006690      0x108 c:/isis/application/toolchain/bin/../lib/gcc/arm-none-eabi/4.7.4/../../../../arm-none-eabi/lib\libc_s.a(lib_a-freer.o)
                0x20006690                _free_r
 .text.rshift   0x20006798       0xb0 c:/isis/application/toolchain/bin/../lib/gcc/arm-none-eabi/4.7.4/../../../../arm-none-eabi/lib\libc_s.a(lib_a-gdtoa-gethex.o)
 .text.htinit.constprop.0
                0x20006848       0x34 c:/isis/application/toolchain/bin/../lib/gcc/arm-none-eabi/4.7.4/../../../../arm-none-eabi/lib\libc_s.a(lib_a-gdtoa-gethex.o)
 .text.__hexdig_init
                0x2000687c       0x38 c:/isis/application/toolchain/bin/../lib/gcc/arm-none-eabi/4.7.4/../../../../arm-none-eabi/lib\libc_s.a(lib_a-gdtoa-gethex.o)
                0x2000687c                __hexdig_init
 .text.__gethex
                0x200068b4      0x6cc c:/isis/application/toolchain/bin/../lib/gcc/arm-none-eabi/4.7.4/../../../../arm-none-eabi/lib\libc_s.a(lib_a-gdtoa-gethex.o)
                0x200068b4                __gethex
 .text.L_shift  0x20006f80       0x38 c:/isis/application/toolchain/bin/../lib/gcc/arm-none-eabi/4.7.4/../../../../arm-none-eabi/lib\libc_s.a(lib_a-gdtoa-hexnan.o)
 .text.__hexnan
                0x20006fb8      0x1d8 c:/isis/application/toolchain/bin/../lib/gcc/arm-none-eabi/4.7.4/../../../../arm-none-eabi/lib\libc_s.a(lib_a-gdtoa-hexnan.o)
                0x20006fb8                __hexnan
 .text.memchr   0x20007190       0x34 c:/isis/application/toolchain/bin/../lib/gcc/arm-none-eabi/4.7.4/../../../../arm-none-eabi/lib\libc_s.a(lib_a-memchr.o)
                0x20007190                memchr
 .text.memset   0x200071c4       0x1c c:/isis/application/toolchain/bin/../lib/gcc/arm-none-eabi/4.7.4/../../../../arm-none-eabi/lib\libc_s.a(lib_a-memset.o)
                0x200071c4                memset
 .text._realloc_r
                0x200071e0       0x80 c:/isis/application/toolchain/bin/../lib/gcc/arm-none-eabi/4.7.4/../../../../arm-none-eabi/lib\libc_s.a(lib_a-reallocr.o)
                0x200071e0                _realloc_r
 .text.strncmp  0x20007260       0x64 c:/isis/application/toolchain/bin/../lib/gcc/arm-none-eabi/4.7.4/../../../../arm-none-eabi/lib\libc_s.a(lib_a-strncmp.o)
                0x20007260                strncmp
 .text._malloc_usable_size_r
                0x200072c4       0x1c c:/isis/application/toolchain/bin/../lib/gcc/arm-none-eabi/4.7.4/../../../../arm-none-eabi/lib\libc_s.a(lib_a-msizer.o)
                0x200072c4                _malloc_usable_size_r
 .text.GetChunkFromImage
                0x200072e0      0x2e0 ./src/sub-systemCode/payload/Request Management/Dump/Butchering.o
                0x200072e0                GetChunkFromImage
 .text.SimpleButcher
                0x200075c0       0xf4 ./src/sub-systemCode/payload/Request Management/Dump/Butchering.o
                0x200075c0                SimpleButcher
 .text.readChunkDimentionsFromFRAM
                0x200076b4       0x80 ./src/sub-systemCode/payload/Request Management/Dump/imageDump.o
                0x200076b4                readChunkDimentionsFromFRAM
 .text.setChunkDimensions_inFRAM
                0x20007734      0x10c ./src/sub-systemCode/payload/Request Management/Dump/imageDump.o
                0x20007734                setChunkDimensions_inFRAM
 .text.find_subType_ofImage
                0x20007840       0xe0 ./src/sub-systemCode/payload/Request Management/Dump/imageDump.o
                0x20007840                find_subType_ofImage
 .text.buildAndSend_chunck
                0x20007920      0x320 ./src/sub-systemCode/payload/Request Management/Dump/imageDump.o
                0x20007920                buildAndSend_chunck
 .text.bitField_imageDump
                0x20007c40      0x2b8 ./src/sub-systemCode/payload/Request Management/Dump/imageDump.o
                0x20007c40                bitField_imageDump
 .text.imageDataBase_Dump
                0x20007ef8      0x104 ./src/sub-systemCode/payload/Request Management/Dump/imageDump.o
                0x20007ef8                imageDataBase_Dump
 .text.chunkField_imageDump
                0x20007ffc      0x258 ./src/sub-systemCode/payload/Request Management/Dump/imageDump.o
                0x20007ffc                chunkField_imageDump
 .text.imageDump_task
                0x20008254      0x400 ./src/sub-systemCode/payload/Request Management/Dump/imageDump.o
                0x20008254                imageDump_task
 .text.CameraManagerTaskMain
                0x20008654      0x120 ./src/sub-systemCode/payload/Request Management/CameraManeger.o
                0x20008654                CameraManagerTaskMain
 .text.initCamera
                0x20008774       0xa4 ./src/sub-systemCode/payload/Request Management/CameraManeger.o
                0x20008774                initCamera
 .text.KickStartCamera
                0x20008818       0xb4 ./src/sub-systemCode/payload/Request Management/CameraManeger.o
                0x20008818                KickStartCamera
 .text.addRequestToQueue
                0x200088cc       0xa8 ./src/sub-systemCode/payload/Request Management/CameraManeger.o
                0x200088cc                addRequestToQueue
 .text.removeRequestFromQueue
                0x20008974       0x7c ./src/sub-systemCode/payload/Request Management/CameraManeger.o
                0x20008974                removeRequestFromQueue
 .text.Take_pictures_with_time_in_between
                0x200089f0       0xb8 ./src/sub-systemCode/payload/Request Management/CameraManeger.o
                0x200089f0                Take_pictures_with_time_in_between
 .text.Gecko_TroubleShooter
                0x20008aa8       0xdc ./src/sub-systemCode/payload/Request Management/CameraManeger.o
                0x20008aa8                Gecko_TroubleShooter
 .text.startDumpTask
                0x20008b84       0x70 ./src/sub-systemCode/payload/Request Management/CameraManeger.o
                0x20008b84                startDumpTask
 .text.act_upon_request
                0x20008bf4      0x3e8 ./src/sub-systemCode/payload/Request Management/CameraManeger.o
                0x20008bf4                act_upon_request
 .text.TakePicture
                0x20008fdc       0x4c ./src/sub-systemCode/payload/Request Management/DB_RequestHandling.o
                0x20008fdc                TakePicture
 .text.TakeSpecialPicture
                0x20009028      0x104 ./src/sub-systemCode/payload/Request Management/DB_RequestHandling.o
                0x20009028                TakeSpecialPicture
 .text.DeletePictureFile
                0x2000912c       0x88 ./src/sub-systemCode/payload/Request Management/DB_RequestHandling.o
                0x2000912c                DeletePictureFile
 .text.DeletePicture
                0x200091b4       0x6c ./src/sub-systemCode/payload/Request Management/DB_RequestHandling.o
                0x200091b4                DeletePicture
 .text.TransferPicture
                0x20009220       0x54 ./src/sub-systemCode/payload/Request Management/DB_RequestHandling.o
                0x20009220                TransferPicture
 .text.CreateThumbnail
                0x20009274       0x80 ./src/sub-systemCode/payload/Request Management/DB_RequestHandling.o
                0x20009274                CreateThumbnail
 .text.CreateJPG
                0x200092f4       0x7c ./src/sub-systemCode/payload/Request Management/DB_RequestHandling.o
                0x200092f4                CreateJPG
 .text.UpdatePhotographyValues
                0x20009370       0xb4 ./src/sub-systemCode/payload/Request Management/DB_RequestHandling.o
                0x20009370                UpdatePhotographyValues
 .text.setChunkDimensions
                0x20009424       0x64 ./src/sub-systemCode/payload/Request Management/DB_RequestHandling.o
                0x20009424                setChunkDimensions
 .text.convert2char
                0x20009488      0x14c ./src/sub-systemCode/payload/Misc/Boolean_bit.o
                0x20009488                convert2char
 .text.convert2byte
                0x200095d4      0x1c8 ./src/sub-systemCode/payload/Misc/Boolean_bit.o
                0x200095d4                convert2byte
 .text.bits2byte
                0x2000979c      0x17c ./src/sub-systemCode/payload/Misc/Boolean_bit.o
                0x2000979c                bits2byte
 .text.byte2bits
                0x20009918      0x17c ./src/sub-systemCode/payload/Misc/Boolean_bit.o
                0x20009918                byte2bits
 .text.char2bits
                0x20009a94       0x44 ./src/sub-systemCode/payload/Misc/Boolean_bit.o
                0x20009a94                char2bits
 .text.bits2char
                0x20009ad8       0x3c ./src/sub-systemCode/payload/Misc/Boolean_bit.o
                0x20009ad8                bits2char
 .text.ReadFromFile
                0x20009b14       0x6c ./src/sub-systemCode/payload/Misc/FileSystem.o
                0x20009b14                ReadFromFile
 .text.WriteToFile
                0x20009b80       0x74 ./src/sub-systemCode/payload/Misc/FileSystem.o
                0x20009b80                WriteToFile
 .text.Initialized_GPIO
                0x20009bf4       0x54 ./src/sub-systemCode/payload/Drivers/GeckoCameraDriver.o
                0x20009bf4                Initialized_GPIO
 .text.TurnOnGecko
                0x20009c48      0x140 ./src/sub-systemCode/payload/Drivers/GeckoCameraDriver.o
                0x20009c48                TurnOnGecko
 .text.TurnOffGecko
                0x20009d88       0xd8 ./src/sub-systemCode/payload/Drivers/GeckoCameraDriver.o
                0x20009d88                TurnOffGecko
 .text.initGecko
                0x20009e60       0x3c ./src/sub-systemCode/payload/Drivers/GeckoCameraDriver.o
                0x20009e60                initGecko
 .text.GECKO_TakeImage
                0x20009e9c      0x2f4 ./src/sub-systemCode/payload/Drivers/GeckoCameraDriver.o
                0x20009e9c                GECKO_TakeImage
 .text.GECKO_ReadImage
                0x2000a190      0x234 ./src/sub-systemCode/payload/Drivers/GeckoCameraDriver.o
                0x2000a190                GECKO_ReadImage
 .text.GECKO_EraseBlock
                0x2000a3c4       0xf0 ./src/sub-systemCode/payload/Drivers/GeckoCameraDriver.o
                0x2000a3c4                GECKO_EraseBlock
 .text.getFileName
                0x2000a4b4      0x1a0 ./src/sub-systemCode/payload/DataBase/DataBase.o
 .text.zeroImageDataBase
                0x2000a654       0xfc ./src/sub-systemCode/payload/DataBase/DataBase.o
                0x2000a654                zeroImageDataBase
 .text.updateGeneralDataBaseParameters
                0x2000a750       0x5c ./src/sub-systemCode/payload/DataBase/DataBase.o
                0x2000a750                updateGeneralDataBaseParameters
 .text.SearchDataBase_byID
                0x2000a7ac      0x220 ./src/sub-systemCode/payload/DataBase/DataBase.o
                0x2000a7ac                SearchDataBase_byID
 .text.SearchDataBase_byMark
                0x2000a9cc       0xa4 ./src/sub-systemCode/payload/DataBase/DataBase.o
                0x2000a9cc                SearchDataBase_byMark
 .text.checkForFileType
                0x2000aa70       0x68 ./src/sub-systemCode/payload/DataBase/DataBase.o
                0x2000aa70                checkForFileType
 .text.updateFileTypes
                0x2000aad8       0xbc ./src/sub-systemCode/payload/DataBase/DataBase.o
                0x2000aad8                updateFileTypes
 .text.GetImageFactor
                0x2000ab94       0x58 ./src/sub-systemCode/payload/DataBase/DataBase.o
                0x2000ab94                GetImageFactor
 .text.readImageFromBuffer
                0x2000abec      0x12c ./src/sub-systemCode/payload/DataBase/DataBase.o
                0x2000abec                readImageFromBuffer
 .text.saveImageToBuffer
                0x2000ad18      0x12c ./src/sub-systemCode/payload/DataBase/DataBase.o
                0x2000ad18                saveImageToBuffer
 .text.getLatestID
                0x2000ae44       0x48 ./src/sub-systemCode/payload/DataBase/DataBase.o
                0x2000ae44                getLatestID
 .text.getDataBaseStart
                0x2000ae8c       0x20 ./src/sub-systemCode/payload/DataBase/DataBase.o
                0x2000ae8c                getDataBaseStart
 .text.setDataBaseValues
                0x2000aeac      0x1d8 ./src/sub-systemCode/payload/DataBase/DataBase.o
                0x2000aeac                setDataBaseValues
 .text.initImageDataBase
                0x2000b084      0x1b0 ./src/sub-systemCode/payload/DataBase/DataBase.o
                0x2000b084                initImageDataBase
 .text.resetImageDataBase
                0x2000b234       0x98 ./src/sub-systemCode/payload/DataBase/DataBase.o
                0x2000b234                resetImageDataBase
 .text.setCameraPhotographyValues
                0x2000b2cc      0x10c ./src/sub-systemCode/payload/DataBase/DataBase.o
                0x2000b2cc                setCameraPhotographyValues
 .text.transferImageToSD_withoutSearch
                0x2000b3d8      0x15c ./src/sub-systemCode/payload/DataBase/DataBase.o
                0x2000b3d8                transferImageToSD_withoutSearch
 .text.transferImageToSD
                0x2000b534       0xb4 ./src/sub-systemCode/payload/DataBase/DataBase.o
                0x2000b534                transferImageToSD
 .text.DeleteImageFromOBC_withoutSearch
                0x2000b5e8       0xe0 ./src/sub-systemCode/payload/DataBase/DataBase.o
                0x2000b5e8                DeleteImageFromOBC_withoutSearch
 .text.DeleteImageFromOBC
                0x2000b6c8       0xb4 ./src/sub-systemCode/payload/DataBase/DataBase.o
                0x2000b6c8                DeleteImageFromOBC
 .text.DeleteImageFromPayload
                0x2000b77c      0x25c ./src/sub-systemCode/payload/DataBase/DataBase.o
                0x2000b77c                DeleteImageFromPayload
 .text.clearImageDataBase
                0x2000b9d8      0x114 ./src/sub-systemCode/payload/DataBase/DataBase.o
                0x2000b9d8                clearImageDataBase
 .text.handleMarkedPictures
                0x2000baec      0x1dc ./src/sub-systemCode/payload/DataBase/DataBase.o
                0x2000baec                handleMarkedPictures
 .text.writeNewImageMetaDataToFRAM
                0x2000bcc8      0x234 ./src/sub-systemCode/payload/DataBase/DataBase.o
                0x2000bcc8                writeNewImageMetaDataToFRAM
 .text.takePicture
                0x2000befc      0x378 ./src/sub-systemCode/payload/DataBase/DataBase.o
                0x2000befc                takePicture
 .text.takePicture_withSpecialParameters
                0x2000c274       0xbc ./src/sub-systemCode/payload/DataBase/DataBase.o
                0x2000c274                takePicture_withSpecialParameters
 .text.GetImageFileName
                0x2000c330       0xc0 ./src/sub-systemCode/payload/DataBase/DataBase.o
                0x2000c330                GetImageFileName
 .text.getDataBaseSize
                0x2000c3f0       0x20 ./src/sub-systemCode/payload/DataBase/DataBase.o
                0x2000c3f0                getDataBaseSize
 .text.getImageDataBaseBuffer
                0x2000c410      0x240 ./src/sub-systemCode/payload/DataBase/DataBase.o
                0x2000c410                getImageDataBaseBuffer
 .text.TransformRawToBMP
                0x2000c650      0x1e0 ./src/sub-systemCode/payload/Compression/jpeg/bmp/rawToBMP.o
                0x2000c650                TransformRawToBMP
 .text.interpolate
                0x2000c830      0x8d0 ./src/sub-systemCode/payload/Compression/jpeg/bmp/rawToBMP.o
                0x2000c830                interpolate
 .text.getInputAt
                0x2000d100      0x308 ./src/sub-systemCode/payload/Compression/jpeg/bmp/rawToBMP.o
                0x2000d100                getInputAt
 .text.f_writeF_FILEHeader
                0x2000d408      0x2f0 ./src/sub-systemCode/payload/Compression/jpeg/bmp/rawToBMP.o
                0x2000d408                f_writeF_FILEHeader
 .text.f_writeOutputRow
                0x2000d6f8       0xbc ./src/sub-systemCode/payload/Compression/jpeg/bmp/rawToBMP.o
                0x2000d6f8                f_writeOutputRow
 .text.dct      0x2000d7b4      0x9c4 ./src/sub-systemCode/payload/Compression/jpeg/DCT.o
                0x2000d7b4                dct
 .text.JPEG_compressor
                0x2000e178       0xfc ./src/sub-systemCode/payload/Compression/jpeg/ImgCompressor.o
                0x2000e178                JPEG_compressor
 .text.Create_BMP_File
                0x2000e274       0xf4 ./src/sub-systemCode/payload/Compression/jpeg/ImgCompressor.o
                0x2000e274                Create_BMP_File
 .text.CompressImage
                0x2000e368      0x1cc ./src/sub-systemCode/payload/Compression/jpeg/ImgCompressor.o
                0x2000e368                CompressImage
 .text.clamp    0x2000e534       0x60 ./src/sub-systemCode/payload/Compression/jpeg/color_conv.o
                0x2000e534                clamp
 .text.RGB_to_YCC
                0x2000e594      0x1a8 ./src/sub-systemCode/payload/Compression/jpeg/color_conv.o
                0x2000e594                RGB_to_YCC
 .text.RGB_to_Y
                0x2000e73c       0xc4 ./src/sub-systemCode/payload/Compression/jpeg/color_conv.o
                0x2000e73c                RGB_to_Y
 .text.Y_to_YCC
                0x2000e800       0x88 ./src/sub-systemCode/payload/Compression/jpeg/color_conv.o
                0x2000e800                Y_to_YCC
 .text.compress_image_to_jpeg_file
                0x2000e888      0x1ac ./src/sub-systemCode/payload/Compression/jpeg/jpeg.o
                0x2000e888                compress_image_to_jpeg_file
 .text.emit_marker
                0x2000ea34       0xc8 ./src/sub-systemCode/payload/Compression/jpeg/jpeg_encoder.o
                0x2000ea34                emit_marker
 .text.emit_byte
                0x2000eafc       0x6c ./src/sub-systemCode/payload/Compression/jpeg/jpeg_encoder.o
                0x2000eafc                emit_byte
 .text.emit_word
                0x2000eb68       0xd0 ./src/sub-systemCode/payload/Compression/jpeg/jpeg_encoder.o
                0x2000eb68                emit_word
 .text.emit_jfif_app0
                0x2000ec38       0xc0 ./src/sub-systemCode/payload/Compression/jpeg/jpeg_encoder.o
                0x2000ec38                emit_jfif_app0
 .text.emit_dqt
                0x2000ecf8       0xd8 ./src/sub-systemCode/payload/Compression/jpeg/jpeg_encoder.o
                0x2000ecf8                emit_dqt
 .text.emit_sof
                0x2000edd0      0x14c ./src/sub-systemCode/payload/Compression/jpeg/jpeg_encoder.o
                0x2000edd0                emit_sof
 .text.emit_dht
                0x2000ef1c      0x138 ./src/sub-systemCode/payload/Compression/jpeg/jpeg_encoder.o
                0x2000ef1c                emit_dht
 .text.emit_dhts
                0x2000f054       0xd8 ./src/sub-systemCode/payload/Compression/jpeg/jpeg_encoder.o
                0x2000f054                emit_dhts
 .text.emit_sos
                0x2000f12c       0xec ./src/sub-systemCode/payload/Compression/jpeg/jpeg_encoder.o
                0x2000f12c                emit_sos
 .text.emit_markers
                0x2000f218       0x4c ./src/sub-systemCode/payload/Compression/jpeg/jpeg_encoder.o
                0x2000f218                emit_markers
 .text.compute_huffman_table
                0x2000f264      0x334 ./src/sub-systemCode/payload/Compression/jpeg/jpeg_encoder.o
                0x2000f264                compute_huffman_table
 .text.compute_quant_table
                0x2000f598      0x11c ./src/sub-systemCode/payload/Compression/jpeg/jpeg_encoder.o
                0x2000f598                compute_quant_table
 .text.first_pass_init
                0x2000f6b4       0x54 ./src/sub-systemCode/payload/Compression/jpeg/jpeg_encoder.o
                0x2000f6b4                first_pass_init
 .text.second_pass_init
                0x2000f708      0x110 ./src/sub-systemCode/payload/Compression/jpeg/jpeg_encoder.o
                0x2000f708                second_pass_init
 .text.jpg_open
                0x2000f818      0x7b4 ./src/sub-systemCode/payload/Compression/jpeg/jpeg_encoder.o
                0x2000f818                jpg_open
 .text.load_block_8_8_grey
                0x2000ffcc      0x164 ./src/sub-systemCode/payload/Compression/jpeg/jpeg_encoder.o
                0x2000ffcc                load_block_8_8_grey
 .text.load_block_8_8
                0x20010130      0x198 ./src/sub-systemCode/payload/Compression/jpeg/jpeg_encoder.o
                0x20010130                load_block_8_8
 .text.load_block_16_8
                0x200102c8      0x3cc ./src/sub-systemCode/payload/Compression/jpeg/jpeg_encoder.o
                0x200102c8                load_block_16_8
 .text.load_block_16_8_8
                0x20010694      0x2a8 ./src/sub-systemCode/payload/Compression/jpeg/jpeg_encoder.o
                0x20010694                load_block_16_8_8
 .text.load_coefficients
                0x2001093c      0x1c8 ./src/sub-systemCode/payload/Compression/jpeg/jpeg_encoder.o
                0x2001093c                load_coefficients
 .text.flush_output_buffer
                0x20010b04       0xa0 ./src/sub-systemCode/payload/Compression/jpeg/jpeg_encoder.o
                0x20010b04                flush_output_buffer
 .text.put_bits
                0x20010ba4      0x170 ./src/sub-systemCode/payload/Compression/jpeg/jpeg_encoder.o
                0x20010ba4                put_bits
 .text.code_coefficients_pass_two
                0x20010d14      0x338 ./src/sub-systemCode/payload/Compression/jpeg/jpeg_encoder.o
                0x20010d14                code_coefficients_pass_two
 .text.code_block
                0x2001104c       0x44 ./src/sub-systemCode/payload/Compression/jpeg/jpeg_encoder.o
                0x2001104c                code_block
 .text.process_mcu_row
                0x20011090      0x328 ./src/sub-systemCode/payload/Compression/jpeg/jpeg_encoder.o
                0x20011090                process_mcu_row
 .text.terminate_pass_two
                0x200113b8       0x44 ./src/sub-systemCode/payload/Compression/jpeg/jpeg_encoder.o
                0x200113b8                terminate_pass_two
 .text.process_end_of_image
                0x200113fc       0xc0 ./src/sub-systemCode/payload/Compression/jpeg/jpeg_encoder.o
                0x200113fc                process_end_of_image
 .text.load_mcu
                0x200114bc      0x29c ./src/sub-systemCode/payload/Compression/jpeg/jpeg_encoder.o
                0x200114bc                load_mcu
 .text.clear    0x20011758      0x1e0 ./src/sub-systemCode/payload/Compression/jpeg/jpeg_encoder.o
                0x20011758                clear
 .text.init     0x20011938       0xe4 ./src/sub-systemCode/payload/Compression/jpeg/jpeg_encoder.o
                0x20011938                init
 .text.deinit   0x20011a1c      0x160 ./src/sub-systemCode/payload/Compression/jpeg/jpeg_encoder.o
                0x20011a1c                deinit
 .text.process_scanline
                0x20011b7c       0x6c ./src/sub-systemCode/payload/Compression/jpeg/jpeg_encoder.o
                0x20011b7c                process_scanline
 .text.jpge_malloc
                0x20011be8       0x28 ./src/sub-systemCode/payload/Compression/jpeg/jpeg_memory_alloc.o
                0x20011be8                jpge_malloc
 .text.jpge_cmalloc
                0x20011c10       0x48 ./src/sub-systemCode/payload/Compression/jpeg/jpeg_memory_alloc.o
                0x20011c10                jpge_cmalloc
 .text.jpge_free
                0x20011c58       0x24 ./src/sub-systemCode/payload/Compression/jpeg/jpeg_memory_alloc.o
                0x20011c58                jpge_free
 .text.check    0x20011c7c       0x78 ./src/sub-systemCode/payload/Compression/jpeg/jpeg_params.o
                0x20011c7c                check
 .text.open_jpeg_file
                0x20011cf4       0xfc ./src/sub-systemCode/payload/Compression/jpeg/output_stream.o
                0x20011cf4                open_jpeg_file
 .text.close_jpeg_file
                0x20011df0      0x118 ./src/sub-systemCode/payload/Compression/jpeg/output_stream.o
                0x20011df0                close_jpeg_file
 .text.put_buf  0x20011f08      0x258 ./src/sub-systemCode/payload/Compression/jpeg/output_stream.o
                0x20011f08                put_buf
 .text.GetBayerPixel
                0x20012160       0xe8 ./src/sub-systemCode/payload/Compression/ImageConversion.o
 .text.BinImage
                0x20012248      0x2c8 ./src/sub-systemCode/payload/Compression/ImageConversion.o
                0x20012248                BinImage
 .text.ImageSkipping
                0x20012510      0x2ac ./src/sub-systemCode/payload/Compression/ImageConversion.o
                0x20012510                ImageSkipping
 .text.CreateImageThumbnail_withoutSearch
                0x200127bc      0x14c ./src/sub-systemCode/payload/Compression/ImageConversion.o
                0x200127bc                CreateImageThumbnail_withoutSearch
 .text.CreateImageThumbnail
                0x20012908       0x94 ./src/sub-systemCode/payload/Compression/ImageConversion.o
                0x20012908                CreateImageThumbnail
 .text.compressImage
                0x2001299c      0x17c ./src/sub-systemCode/payload/Compression/ImageConversion.o
                0x2001299c                compressImage
 .text.AdcsCmdQueueInit
                0x20012b18       0x4c ./src/sub-systemCode/Main/CMD/ADCS_CMD.o
                0x20012b18                AdcsCmdQueueInit
 .text.AdcsCmdQueueGet
                0x20012b64       0x8c ./src/sub-systemCode/Main/CMD/ADCS_CMD.o
                0x20012b64                AdcsCmdQueueGet
 .text.AdcsCmdQueueAdd
                0x20012bf0       0x74 ./src/sub-systemCode/Main/CMD/ADCS_CMD.o
                0x20012bf0                AdcsCmdQueueAdd
 .text.AdcsCmdQueueIsEmpty
                0x20012c64       0x3c ./src/sub-systemCode/Main/CMD/ADCS_CMD.o
                0x20012c64                AdcsCmdQueueIsEmpty
 .text.getAdcsQueueWaitPointer
                0x20012ca0       0x20 ./src/sub-systemCode/Main/CMD/ADCS_CMD.o
                0x20012ca0                getAdcsQueueWaitPointer
 .text.cmd_mute
                0x20012cc0       0xc4 ./src/sub-systemCode/Main/CMD/COMM_CMD.o
                0x20012cc0                cmd_mute
 .text.cmd_unmute
                0x20012d84       0x4c ./src/sub-systemCode/Main/CMD/COMM_CMD.o
                0x20012d84                cmd_unmute
 .text.cmd_active_trans
                0x20012dd0       0xc0 ./src/sub-systemCode/Main/CMD/COMM_CMD.o
                0x20012dd0                cmd_active_trans
 .text.cmd_shut_trans
                0x20012e90       0x38 ./src/sub-systemCode/Main/CMD/COMM_CMD.o
                0x20012e90                cmd_shut_trans
 .text.cmd_change_trans_rssi
                0x20012ec8      0x100 ./src/sub-systemCode/Main/CMD/COMM_CMD.o
                0x20012ec8                cmd_change_trans_rssi
 .text.cmd_aprs_dump
                0x20012fc8       0x50 ./src/sub-systemCode/Main/CMD/COMM_CMD.o
                0x20012fc8                cmd_aprs_dump
 .text.cmd_stop_dump
                0x20013018       0x38 ./src/sub-systemCode/Main/CMD/COMM_CMD.o
                0x20013018                cmd_stop_dump
 .text.cmd_time_frequency
                0x20013050       0xc0 ./src/sub-systemCode/Main/CMD/COMM_CMD.o
                0x20013050                cmd_time_frequency
 .text.cmd_change_def_bit_rate
                0x20013110      0x158 ./src/sub-systemCode/Main/CMD/COMM_CMD.o
                0x20013110                cmd_change_def_bit_rate
 .text.cmd_upload_volt_logic
                0x20013268      0x334 ./src/sub-systemCode/Main/CMD/EPS_CMD.o
                0x20013268                cmd_upload_volt_logic
 .text.cmd_upload_volt_COMM
                0x2001359c      0x1c8 ./src/sub-systemCode/Main/CMD/EPS_CMD.o
                0x2001359c                cmd_upload_volt_COMM
 .text.cmd_heater_temp
                0x20013764       0xc0 ./src/sub-systemCode/Main/CMD/EPS_CMD.o
                0x20013764                cmd_heater_temp
 .text.cmd_SHUT_CAM
                0x20013824       0x6c ./src/sub-systemCode/Main/CMD/EPS_CMD.o
                0x20013824                cmd_SHUT_CAM
 .text.cmd_SHUT_ADCS
                0x20013890       0x6c ./src/sub-systemCode/Main/CMD/EPS_CMD.o
                0x20013890                cmd_SHUT_ADCS
 .text.cmd_allow_CAM
                0x200138fc       0x6c ./src/sub-systemCode/Main/CMD/EPS_CMD.o
                0x200138fc                cmd_allow_CAM
 .text.cmd_allow_ADCS
                0x20013968       0x6c ./src/sub-systemCode/Main/CMD/EPS_CMD.o
                0x20013968                cmd_allow_ADCS
 .text.cmd_update_alpha
                0x200139d4       0xfc ./src/sub-systemCode/Main/CMD/EPS_CMD.o
                0x200139d4                cmd_update_alpha
 .text.cmd_generic_I2C
                0x20013ad0       0xb4 ./src/sub-systemCode/Main/CMD/General_CMD.o
                0x20013ad0                cmd_generic_I2C
 .text.cmd_dump
                0x20013b84       0xf0 ./src/sub-systemCode/Main/CMD/General_CMD.o
                0x20013b84                cmd_dump
 .text.cmd_delete_TM
                0x20013c74      0x230 ./src/sub-systemCode/Main/CMD/General_CMD.o
                0x20013c74                cmd_delete_TM
 .text.cmd_reset_file
                0x20013ea4      0x118 ./src/sub-systemCode/Main/CMD/General_CMD.o
                0x20013ea4                cmd_reset_file
 .text.cmd_dummy_func
                0x20013fbc       0x40 ./src/sub-systemCode/Main/CMD/General_CMD.o
                0x20013fbc                cmd_dummy_func
 .text.cmd_reset_TLM_SD
                0x20013ffc       0x4c ./src/sub-systemCode/Main/CMD/General_CMD.o
                0x20013ffc                cmd_reset_TLM_SD
 .text.cmd_soft_reset_cmponent
                0x20014048       0xac ./src/sub-systemCode/Main/CMD/General_CMD.o
                0x20014048                cmd_soft_reset_cmponent
 .text.cmd_hard_reset_cmponent
                0x200140f4       0xac ./src/sub-systemCode/Main/CMD/General_CMD.o
                0x200140f4                cmd_hard_reset_cmponent
 .text.cmd_reset_satellite
                0x200141a0       0x78 ./src/sub-systemCode/Main/CMD/General_CMD.o
                0x200141a0                cmd_reset_satellite
 .text.cmd_gracefull_reset_satellite
                0x20014218       0x78 ./src/sub-systemCode/Main/CMD/General_CMD.o
                0x20014218                cmd_gracefull_reset_satellite
 .text.cmd_upload_time
                0x20014290       0xb0 ./src/sub-systemCode/Main/CMD/General_CMD.o
                0x20014290                cmd_upload_time
 .text.cmd_ARM_DIARM
                0x20014340       0xd4 ./src/sub-systemCode/Main/CMD/General_CMD.o
                0x20014340                cmd_ARM_DIARM
 .text.cmd_get_onlineTM
                0x20014414      0x148 ./src/sub-systemCode/Main/CMD/General_CMD.o
                0x20014414                cmd_get_onlineTM
 .text.cmd_reset_off_line
                0x2001455c       0x68 ./src/sub-systemCode/Main/CMD/General_CMD.o
                0x2001455c                cmd_reset_off_line
 .text.cmd_add_item_off_line
                0x200145c4       0xf4 ./src/sub-systemCode/Main/CMD/General_CMD.o
                0x200145c4                cmd_add_item_off_line
 .text.cmd_delete_item_off_line
                0x200146b8       0x98 ./src/sub-systemCode/Main/CMD/General_CMD.o
                0x200146b8                cmd_delete_item_off_line
 .text.cmd_get_off_line_setting
                0x20014750      0x108 ./src/sub-systemCode/Main/CMD/General_CMD.o
                0x20014750                cmd_get_off_line_setting
 .text.cmd_reset_delayed_command_list
                0x20014858       0x3c ./src/sub-systemCode/Main/CMD/SW_CMD.o
                0x20014858                cmd_reset_delayed_command_list
 .text.cmd_reset_APRS_list
                0x20014894       0x3c ./src/sub-systemCode/Main/CMD/SW_CMD.o
                0x20014894                cmd_reset_APRS_list
 .text.cmd_reset_FRAM
                0x200148d0       0xe8 ./src/sub-systemCode/Main/CMD/SW_CMD.o
                0x200148d0                cmd_reset_FRAM
 .text.ARM_ants
                0x200149b8       0xb8 ./src/sub-systemCode/Main/Ants.o
                0x200149b8                ARM_ants
 .text.DISARM_ants
                0x20014a70       0xb8 ./src/sub-systemCode/Main/Ants.o
                0x20014a70                DISARM_ants
 .text.round_vol
                0x20014b28      0x124 ./src/sub-systemCode/Main/EPS.o
                0x20014b28                round_vol
 .text.get_shut_ADCS
                0x20014c4c       0x48 ./src/sub-systemCode/Main/EPS.o
                0x20014c4c                get_shut_ADCS
 .text.shut_ADCS
                0x20014c94       0x44 ./src/sub-systemCode/Main/EPS.o
                0x20014c94                shut_ADCS
 .text.get_shut_CAM
                0x20014cd8       0x48 ./src/sub-systemCode/Main/EPS.o
                0x20014cd8                get_shut_CAM
 .text.shut_CAM
                0x20014d20       0x44 ./src/sub-systemCode/Main/EPS.o
                0x20014d20                shut_CAM
 .text.update_powerLines
                0x20014d64       0xec ./src/sub-systemCode/Main/EPS.o
                0x20014d64                update_powerLines
 .text.get_EPS_mode_t
                0x20014e50       0x24 ./src/sub-systemCode/Main/EPS.o
                0x20014e50                get_EPS_mode_t
 .text.init_enterMode
                0x20014e74       0x88 ./src/sub-systemCode/Main/EPS.o
                0x20014e74                init_enterMode
 .text.EPS_Init
                0x20014efc      0x1dc ./src/sub-systemCode/Main/EPS.o
                0x20014efc                EPS_Init
 .text.reset_FRAM_EPS
                0x200150d8       0xe0 ./src/sub-systemCode/Main/EPS.o
                0x200150d8                reset_FRAM_EPS
 .text.reset_EPS_voltages
                0x200151b8       0xbc ./src/sub-systemCode/Main/EPS.o
                0x200151b8                reset_EPS_voltages
 .text.battery_downward
                0x20015274      0x114 ./src/sub-systemCode/Main/EPS.o
                0x20015274                battery_downward
 .text.battery_upward
                0x20015388      0x120 ./src/sub-systemCode/Main/EPS.o
                0x20015388                battery_upward
 .text.EPS_Conditioning
                0x200154a8      0x244 ./src/sub-systemCode/Main/EPS.o
                0x200154a8                EPS_Conditioning
 .text.overRide_ADCS
                0x200156ec       0x50 ./src/sub-systemCode/Main/EPS.o
                0x200156ec                overRide_ADCS
 .text.overRide_Camera
                0x2001573c       0x38 ./src/sub-systemCode/Main/EPS.o
                0x2001573c                overRide_Camera
 .text.EnterFullMode
                0x20015774       0xfc ./src/sub-systemCode/Main/EPS.o
                0x20015774                EnterFullMode
 .text.EnterCruiseMode
                0x20015870       0xec ./src/sub-systemCode/Main/EPS.o
                0x20015870                EnterCruiseMode
 .text.EnterSafeMode
                0x2001595c       0xec ./src/sub-systemCode/Main/EPS.o
                0x2001595c                EnterSafeMode
 .text.EnterCriticalMode
                0x20015a48       0xd8 ./src/sub-systemCode/Main/EPS.o
                0x20015a48                EnterCriticalMode
 .text.check_EPSTableCorrection
                0x20015b20      0x120 ./src/sub-systemCode/Main/EPS.o
                0x20015b20                check_EPSTableCorrection
 .text.save_ACK
                0x20015c40      0x11c ./src/sub-systemCode/Main/HouseKeeping.o
                0x20015c40                save_ACK
 .text.set_GP_EPS
                0x20015d5c      0x10c ./src/sub-systemCode/Main/HouseKeeping.o
                0x20015d5c                set_GP_EPS
 .text.set_GP_COMM
                0x20015e68       0x88 ./src/sub-systemCode/Main/HouseKeeping.o
                0x20015e68                set_GP_COMM
 .text.SP_HK_collect
                0x20015ef0      0x198 ./src/sub-systemCode/Main/HouseKeeping.o
                0x20015ef0                SP_HK_collect
 .text.EPS_HK_collect
                0x20016088      0x4f8 ./src/sub-systemCode/Main/HouseKeeping.o
                0x20016088                EPS_HK_collect
 .text.CAM_HK_collect
                0x20016580      0x91c ./src/sub-systemCode/Main/HouseKeeping.o
                0x20016580                CAM_HK_collect
 .text.COMM_HK_collect
                0x20016e9c      0x20c ./src/sub-systemCode/Main/HouseKeeping.o
                0x20016e9c                COMM_HK_collect
 .text.FS_HK_collect
                0x200170a8      0x18c ./src/sub-systemCode/Main/HouseKeeping.o
                0x200170a8                FS_HK_collect
 .text.HK_find_ADCSTM_fileName
                0x20017234      0x284 ./src/sub-systemCode/Main/HouseKeeping.o
                0x20017234                HK_find_ADCSTM_fileName
 .text.HK_find_fileName
                0x200174b8       0xfc ./src/sub-systemCode/Main/HouseKeeping.o
                0x200174b8                HK_find_fileName
 .text.HK_find_ADCSTM_ElementSize
                0x200175b4       0xc8 ./src/sub-systemCode/Main/HouseKeeping.o
                0x200175b4                HK_find_ADCSTM_ElementSize
 .text.HK_findElementSize
                0x2001767c       0xac ./src/sub-systemCode/Main/HouseKeeping.o
                0x2001767c                HK_findElementSize
 .text.build_HK_spl_packet
                0x20017728      0x150 ./src/sub-systemCode/Main/HouseKeeping.o
                0x20017728                build_HK_spl_packet
 .text.numberOfRestarts
                0x20017878       0x94 ./src/sub-systemCode/Main/Main_Init.o
                0x20017878                numberOfRestarts
 .text.StartFRAM
                0x2001790c       0x38 ./src/sub-systemCode/Main/Main_Init.o
                0x2001790c                StartFRAM
 .text.StartI2C
                0x20017944       0x44 ./src/sub-systemCode/Main/Main_Init.o
                0x20017944                StartI2C
 .text.StartSPI
                0x20017988       0x40 ./src/sub-systemCode/Main/Main_Init.o
                0x20017988                StartSPI
 .text.StartTIME
                0x200179c8      0x118 ./src/sub-systemCode/Main/Main_Init.o
                0x200179c8                StartTIME
 .text.first_activation
                0x20017ae0       0x7c ./src/sub-systemCode/Main/Main_Init.o
                0x20017ae0                first_activation
 .text.InitSubsystems
                0x20017b5c       0x60 ./src/sub-systemCode/Main/Main_Init.o
                0x20017b5c                InitSubsystems
 .text.CommissionAdcsMode
                0x20017bbc      0x288 ./src/sub-systemCode/Main/Main_Init.o
                0x20017bbc                CommissionAdcsMode
 .text.TestAdcsCommissioningTask
                0x20017e44      0x21c ./src/sub-systemCode/Main/Main_Init.o
                0x20017e44                TestAdcsCommissioningTask
 .text.SubSystemTaskStart
                0x20018060      0x138 ./src/sub-systemCode/Main/Main_Init.o
                0x20018060                SubSystemTaskStart
 .text.save_ACK_s
                0x20018198       0x5c ./src/sub-systemCode/Main/commands.o
                0x20018198                save_ACK_s
 .text.copy_command
                0x200181f4       0x80 ./src/sub-systemCode/Main/commands.o
                0x200181f4                copy_command
 .text.reset_command
                0x20018274       0x28 ./src/sub-systemCode/Main/commands.o
                0x20018274                reset_command
 .text.init_command
                0x2001829c       0xd4 ./src/sub-systemCode/Main/commands.o
                0x2001829c                init_command
 .text.add_command
                0x20018370      0x118 ./src/sub-systemCode/Main/commands.o
                0x20018370                add_command
 .text.get_command
                0x20018488      0x1ac ./src/sub-systemCode/Main/commands.o
                0x20018488                get_command
 .text.act_upon_command
                0x20018634      0x1e4 ./src/sub-systemCode/Main/commands.o
                0x20018634                act_upon_command
 .text.cmd_error
                0x20018818       0x38 ./src/sub-systemCode/Main/commands.o
                0x20018818                cmd_error
 .text.AUC_COMM
                0x20018850      0x25c ./src/sub-systemCode/Main/commands.o
                0x20018850                AUC_COMM
 .text.AUC_general
                0x20018aac      0x48c ./src/sub-systemCode/Main/commands.o
                0x20018aac                AUC_general
 .text.AUC_payload
                0x20018f38      0x1e8 ./src/sub-systemCode/Main/commands.o
                0x20018f38                AUC_payload
 .text.AUC_EPS  0x20019120      0x28c ./src/sub-systemCode/Main/commands.o
                0x20019120                AUC_EPS
 .text.AUC_SW   0x200193ac       0xe4 ./src/sub-systemCode/Main/commands.o
                0x200193ac                AUC_SW
 .text.AUC_onlineTM
                0x20019490      0x1ac ./src/sub-systemCode/Main/commands.o
                0x20019490                AUC_onlineTM
 .text.AUC_special_operation
                0x2001963c       0x8c ./src/sub-systemCode/Main/commands.o
                0x2001963c                AUC_special_operation
 .text.check_int
                0x200196c8       0x3c ./src/sub-systemCode/Global/Global.o
                0x200196c8                check_int
 .text.check_portBASE_TYPE
                0x20019704       0x3c ./src/sub-systemCode/Global/Global.o
                0x20019704                check_portBASE_TYPE
 .text.soft_reset_subsystem
                0x20019740       0xd8 ./src/sub-systemCode/Global/Global.o
                0x20019740                soft_reset_subsystem
 .text.hard_reset_subsystem
                0x20019818      0x104 ./src/sub-systemCode/Global/Global.o
                0x20019818                hard_reset_subsystem
 .text.BigEnE_raw_to_uInt
                0x2001991c       0x94 ./src/sub-systemCode/Global/Global.o
                0x2001991c                BigEnE_raw_to_uInt
 .text.BigEnE_raw_to_uShort
                0x200199b0       0x50 ./src/sub-systemCode/Global/Global.o
                0x200199b0                BigEnE_raw_to_uShort
 .text.BigEnE_uInt_to_raw
                0x20019a00       0x78 ./src/sub-systemCode/Global/Global.o
                0x20019a00                BigEnE_uInt_to_raw
 .text.reset_FRAM_MAIN
                0x20019a78      0x19c ./src/sub-systemCode/Global/Global.o
                0x20019a78                reset_FRAM_MAIN
 .text.getBitValueByIndex
                0x20019c14       0xd0 ./src/sub-systemCode/Global/Global.o
                0x20019c14                getBitValueByIndex
 .text.terminateTask
                0x20019ce4       0x18 ./src/sub-systemCode/Global/Global.o
                0x20019ce4                terminateTask
 .text.init_GP  0x20019cfc      0x2e0 ./src/sub-systemCode/Global/GlobalParam.o
                0x20019cfc                init_GP
 .text.get_system_state
                0x20019fdc      0x254 ./src/sub-systemCode/Global/GlobalParam.o
                0x20019fdc                get_system_state
 .text.set_system_state
                0x2001a230      0x284 ./src/sub-systemCode/Global/GlobalParam.o
                0x2001a230                set_system_state
 .text.get_systems_state_param
                0x2001a4b4       0x78 ./src/sub-systemCode/Global/GlobalParam.o
                0x2001a4b4                get_systems_state_param
 .text.get_current_global_param
                0x2001a52c      0x548 ./src/sub-systemCode/Global/GlobalParam.o
                0x2001a52c                get_current_global_param
 .text.set_Vbatt
                0x2001aa74       0x78 ./src/sub-systemCode/Global/GlobalParam.o
                0x2001aa74                set_Vbatt
 .text.get_Vbatt
                0x2001aaec       0x78 ./src/sub-systemCode/Global/GlobalParam.o
                0x2001aaec                get_Vbatt
 .text.set_curBat
                0x2001ab64       0x78 ./src/sub-systemCode/Global/GlobalParam.o
                0x2001ab64                set_curBat
 .text.set_cur3V3
                0x2001abdc       0x78 ./src/sub-systemCode/Global/GlobalParam.o
                0x2001abdc                set_cur3V3
 .text.set_cur5V
                0x2001ac54       0x78 ./src/sub-systemCode/Global/GlobalParam.o
                0x2001ac54                set_cur5V
 .text.set_tempComm_LO
                0x2001accc       0x78 ./src/sub-systemCode/Global/GlobalParam.o
                0x2001accc                set_tempComm_LO
 .text.set_tempComm_PA
                0x2001ad44       0x78 ./src/sub-systemCode/Global/GlobalParam.o
                0x2001ad44                set_tempComm_PA
 .text.set_tempEPS
                0x2001adbc       0xb4 ./src/sub-systemCode/Global/GlobalParam.o
                0x2001adbc                set_tempEPS
 .text.set_tempBatt
                0x2001ae70       0xb4 ./src/sub-systemCode/Global/GlobalParam.o
                0x2001ae70                set_tempBatt
 .text.set_RxDoppler
                0x2001af24       0x78 ./src/sub-systemCode/Global/GlobalParam.o
                0x2001af24                set_RxDoppler
 .text.set_RxRSSI
                0x2001af9c       0x78 ./src/sub-systemCode/Global/GlobalParam.o
                0x2001af9c                set_RxRSSI
 .text.set_TxRefl
                0x2001b014       0x78 ./src/sub-systemCode/Global/GlobalParam.o
                0x2001b014                set_TxRefl
 .text.set_TxForw
                0x2001b08c       0x78 ./src/sub-systemCode/Global/GlobalParam.o
                0x2001b08c                set_TxForw
 .text.get_Attitude
                0x2001b104      0x10c ./src/sub-systemCode/Global/GlobalParam.o
                0x2001b104                get_Attitude
 .text.set_numOfAPRS
                0x2001b210       0x78 ./src/sub-systemCode/Global/GlobalParam.o
                0x2001b210                set_numOfAPRS
 .text.set_numOfDelayedCommand
                0x2001b288       0x78 ./src/sub-systemCode/Global/GlobalParam.o
                0x2001b288                set_numOfDelayedCommand
 .text.set_numOfResets
                0x2001b300       0x98 ./src/sub-systemCode/Global/GlobalParam.o
                0x2001b300                set_numOfResets
 .text.set_ground_conn
                0x2001b398       0x8c ./src/sub-systemCode/Global/GlobalParam.o
                0x2001b398                set_ground_conn
 .text.get_ground_conn
                0x2001b424       0x8c ./src/sub-systemCode/Global/GlobalParam.o
                0x2001b424                get_ground_conn
 .text.IsisAntS_getStatusData_sideA
                0x2001b4b0       0x3c ./src/sub-systemCode/Global/OnlineTM.o
                0x2001b4b0                IsisAntS_getStatusData_sideA
 .text.IsisAntS_getAlltelemetry_sideA
                0x2001b4ec       0x3c ./src/sub-systemCode/Global/OnlineTM.o
                0x2001b4ec                IsisAntS_getAlltelemetry_sideA
 .text.IsisAntS_getTemperature_sideA
                0x2001b528       0x3c ./src/sub-systemCode/Global/OnlineTM.o
                0x2001b528                IsisAntS_getTemperature_sideA
 .text.IsisAntS_getStatusData_sideB
                0x2001b564       0x3c ./src/sub-systemCode/Global/OnlineTM.o
                0x2001b564                IsisAntS_getStatusData_sideB
 .text.IsisAntS_getAlltelemetry_sideB
                0x2001b5a0       0x3c ./src/sub-systemCode/Global/OnlineTM.o
                0x2001b5a0                IsisAntS_getAlltelemetry_sideB
 .text.IsisAntS_getTemperature_sideB
                0x2001b5dc       0x3c ./src/sub-systemCode/Global/OnlineTM.o
                0x2001b5dc                IsisAntS_getTemperature_sideB
 .text.HK_collect_EPS
                0x2001b618       0x30 ./src/sub-systemCode/Global/OnlineTM.o
                0x2001b618                HK_collect_EPS
 .text.HK_collect_COMM
                0x2001b648       0x30 ./src/sub-systemCode/Global/OnlineTM.o
                0x2001b648                HK_collect_COMM
 .text.HK_collect_CAM
                0x2001b678       0x30 ./src/sub-systemCode/Global/OnlineTM.o
                0x2001b678                HK_collect_CAM
 .text.HK_collect_SP
                0x2001b6a8       0x30 ./src/sub-systemCode/Global/OnlineTM.o
                0x2001b6a8                HK_collect_SP
 .text.HK_collect_FS_A
                0x2001b6d8       0x34 ./src/sub-systemCode/Global/OnlineTM.o
                0x2001b6d8                HK_collect_FS_A
 .text.HK_collect_FS_B
                0x2001b70c       0x34 ./src/sub-systemCode/Global/OnlineTM.o
                0x2001b70c                HK_collect_FS_B
 .text.save_offlineSetting_FRAM
                0x2001b740      0x26c ./src/sub-systemCode/Global/OnlineTM.o
                0x2001b740                save_offlineSetting_FRAM
 .text.get_offlineSetting_FRAM
                0x2001b9ac       0x58 ./src/sub-systemCode/Global/OnlineTM.o
                0x2001b9ac                get_offlineSetting_FRAM
 .text.update_offlineSetting_FRAM
                0x2001ba04      0x360 ./src/sub-systemCode/Global/OnlineTM.o
                0x2001ba04                update_offlineSetting_FRAM
 .text.get_offlineSettingPacket
                0x2001bd64       0xc4 ./src/sub-systemCode/Global/OnlineTM.o
                0x2001bd64                get_offlineSettingPacket
 .text.get_item_by_index
                0x2001be28       0xdc ./src/sub-systemCode/Global/OnlineTM.o
                0x2001be28                get_item_by_index
 .text.get_pointer_item_by_index
                0x2001bf04       0x48 ./src/sub-systemCode/Global/OnlineTM.o
                0x2001bf04                get_pointer_item_by_index
 .text.init_onlineParam
                0x2001bf4c     0x2f10 ./src/sub-systemCode/Global/OnlineTM.o
                0x2001bf4c                init_onlineParam
 .text.reset_offline_TM_list
                0x2001ee5c      0x194 ./src/sub-systemCode/Global/OnlineTM.o
                0x2001ee5c                reset_offline_TM_list
 .text.get_online_packet
                0x2001eff0      0x25c ./src/sub-systemCode/Global/OnlineTM.o
                0x2001eff0                get_online_packet
 .text.save_onlineTM_param
                0x2001f24c      0x1b4 ./src/sub-systemCode/Global/OnlineTM.o
                0x2001f24c                save_onlineTM_param
 .text.add_onlineTM_param_to_save_list
                0x2001f400      0x3d8 ./src/sub-systemCode/Global/OnlineTM.o
                0x2001f400                add_onlineTM_param_to_save_list
 .text.delete_onlineTM_param_from_offline
                0x2001f7d8      0x1a8 ./src/sub-systemCode/Global/OnlineTM.o
                0x2001f7d8                delete_onlineTM_param_from_offline
 .text.save_onlineTM_logic
                0x2001f980      0x2bc ./src/sub-systemCode/Global/OnlineTM.o
                0x2001f980                save_onlineTM_logic
 .text.save_onlineTM_task
                0x2001fc3c       0xd8 ./src/sub-systemCode/Global/OnlineTM.o
                0x2001fc3c                save_onlineTM_task
 .text.delete_allTMFilesFromSD
                0x2001fd14      0x14c ./src/sub-systemCode/Global/TLM_management.o
                0x2001fd14                delete_allTMFilesFromSD
 .text.getNumOfFilesInFS
                0x2001fe60       0x44 ./src/sub-systemCode/Global/TLM_management.o
 .text.setNumOfFilesInFS
                0x2001fea4       0x50 ./src/sub-systemCode/Global/TLM_management.o
 .text.f_managed_enterFS
                0x2001fef4       0x9c ./src/sub-systemCode/Global/TLM_management.o
                0x2001fef4                f_managed_enterFS
 .text.f_managed_releaseFS
                0x2001ff90       0x4c ./src/sub-systemCode/Global/TLM_management.o
                0x2001ff90                f_managed_releaseFS
 .text.f_managed_open
                0x2001ffdc       0xf0 ./src/sub-systemCode/Global/TLM_management.o
                0x2001ffdc                f_managed_open
 .text.f_managed_close
                0x200200cc       0x80 ./src/sub-systemCode/Global/TLM_management.o
                0x200200cc                f_managed_close
 .text.createSemahores_FS
                0x2002014c       0x7c ./src/sub-systemCode/Global/TLM_management.o
                0x2002014c                createSemahores_FS
 .text.InitializeFS
                0x200201c8      0x1a8 ./src/sub-systemCode/Global/TLM_management.o
                0x200201c8                InitializeFS
 .text.c_fileCreate
                0x20020370       0xf4 ./src/sub-systemCode/Global/TLM_management.o
                0x20020370                c_fileCreate
 .text.writewithEpochtime
                0x20020464       0x94 ./src/sub-systemCode/Global/TLM_management.o
 .text.get_C_FILE_struct
                0x200204f8      0x104 ./src/sub-systemCode/Global/TLM_management.o
 .text.getFileIndex
                0x200205fc       0x64 ./src/sub-systemCode/Global/TLM_management.o
 .text.get_file_name_by_index
                0x20020660       0x54 ./src/sub-systemCode/Global/TLM_management.o
                0x20020660                get_file_name_by_index
 .text.c_fileReset
                0x200206b4      0x140 ./src/sub-systemCode/Global/TLM_management.o
                0x200206b4                c_fileReset
 .text.c_fileWrite
                0x200207f4      0x168 ./src/sub-systemCode/Global/TLM_management.o
                0x200207f4                c_fileWrite
 .text.deleteElementsFromFile
                0x2002095c      0x188 ./src/sub-systemCode/Global/TLM_management.o
 .text.c_fileDeleteElements
                0x20020ae4      0x168 ./src/sub-systemCode/Global/TLM_management.o
                0x20020ae4                c_fileDeleteElements
 .text.c_fileRead
                0x20020c4c      0x2c8 ./src/sub-systemCode/Global/TLM_management.o
                0x20020c4c                c_fileRead
 .text.xSemaphoreGive_extended
                0x20020f14       0x48 ./src/sub-systemCode/Global/freertosExtended.o
                0x20020f14                xSemaphoreGive_extended
 .text.xSemaphoreTake_extended
                0x20020f5c       0x54 ./src/sub-systemCode/Global/freertosExtended.o
                0x20020f5c                xSemaphoreTake_extended
 .text.WriteLog
                0x20020fb0       0x94 ./src/sub-systemCode/Global/logger.o
                0x20020fb0                WriteLog
 .text.WritePayloadLog
                0x20021044       0x54 ./src/sub-systemCode/Global/logger.o
                0x20021044                WritePayloadLog
 .text.reset_APRS_list
                0x20021098       0xa4 ./src/sub-systemCode/COMM/APRS.o
                0x20021098                reset_APRS_list
 .text.send_APRS_Dump
                0x2002113c      0x1c0 ./src/sub-systemCode/COMM/APRS.o
                0x2002113c                send_APRS_Dump
 .text.get_APRS_list
                0x200212fc       0x88 ./src/sub-systemCode/COMM/APRS.o
                0x200212fc                get_APRS_list
 .text.find_CMD_in_list
                0x20021384       0x7c ./src/sub-systemCode/COMM/DelayedCommand_list.o
                0x20021384                find_CMD_in_list
 .text.find_empty_in_list
                0x20021400       0x74 ./src/sub-systemCode/COMM/DelayedCommand_list.o
                0x20021400                find_empty_in_list
 .text.check_delayCommandTime
                0x20021474       0x8c ./src/sub-systemCode/COMM/DelayedCommand_list.o
                0x20021474                check_delayCommandTime
 .text.execute_delayedCommand
                0x20021500       0x8c ./src/sub-systemCode/COMM/DelayedCommand_list.o
                0x20021500                execute_delayedCommand
 .text.check_delaycommand
                0x2002158c      0x17c ./src/sub-systemCode/COMM/DelayedCommand_list.o
                0x2002158c                check_delaycommand
 .text.reset_delayCommand
                0x20021708       0x8c ./src/sub-systemCode/COMM/DelayedCommand_list.o
                0x20021708                reset_delayCommand
 .text.add_delayCommand
                0x20021794      0x1cc ./src/sub-systemCode/COMM/DelayedCommand_list.o
                0x20021794                add_delayCommand
 .text.get_delayCommand_list
                0x20021960       0x80 ./src/sub-systemCode/COMM/DelayedCommand_list.o
                0x20021960                get_delayCommand_list
 .text.EmptyOldestCommand
                0x200219e0      0x108 ./src/sub-systemCode/COMM/DelayedCommand_list.o
                0x200219e0                EmptyOldestCommand
 .text.decode_TCpacket
                0x20021ae8      0x16c ./src/sub-systemCode/COMM/GSC.o
                0x20021ae8                decode_TCpacket
 .text.encode_TCpacket
                0x20021c54      0x114 ./src/sub-systemCode/COMM/GSC.o
                0x20021c54                encode_TCpacket
 .text.encode_TMpacket
                0x20021d68      0x104 ./src/sub-systemCode/COMM/GSC.o
                0x20021d68                encode_TMpacket
 .text.build_raw_ACK
                0x20021e6c       0xbc ./src/sub-systemCode/COMM/GSC.o
                0x20021e6c                build_raw_ACK
 .text.build_data_field_ACK
                0x20021f28       0x74 ./src/sub-systemCode/COMM/GSC.o
                0x20021f28                build_data_field_ACK
 .text.update_FRAM_bitRate
                0x20021f9c       0xd0 ./src/sub-systemCode/COMM/TRXVU.o
                0x20021f9c                update_FRAM_bitRate
 .text.toggle_idle_state
                0x2002206c       0x94 ./src/sub-systemCode/COMM/TRXVU.o
                0x2002206c                toggle_idle_state
 .text.TRXVU_init_hardWare
                0x20022100       0xac ./src/sub-systemCode/COMM/TRXVU.o
                0x20022100                TRXVU_init_hardWare
 .text.TRXVU_init_softWare
                0x200221ac      0x100 ./src/sub-systemCode/COMM/TRXVU.o
                0x200221ac                TRXVU_init_softWare
 .text.init_trxvu
                0x200222ac       0x14 ./src/sub-systemCode/COMM/TRXVU.o
                0x200222ac                init_trxvu
 .text.TRXVU_task
                0x200222c0       0x9c ./src/sub-systemCode/COMM/TRXVU.o
                0x200222c0                TRXVU_task
 .text.dump_logic
                0x2002235c      0x34c ./src/sub-systemCode/COMM/TRXVU.o
                0x2002235c                dump_logic
 .text.Dump_task
                0x200226a8      0x17c ./src/sub-systemCode/COMM/TRXVU.o
                0x200226a8                Dump_task
 .text.transponder_logic
                0x20022824       0xbc ./src/sub-systemCode/COMM/TRXVU.o
                0x20022824                transponder_logic
 .text.Transponder_task
                0x200228e0      0x224 ./src/sub-systemCode/COMM/TRXVU.o
                0x200228e0                Transponder_task
 .text.lookForRequestToDelete_transponder
                0x20022b04       0xb4 ./src/sub-systemCode/COMM/TRXVU.o
                0x20022b04                lookForRequestToDelete_transponder
 .text.lookForRequestToDelete_dump
                0x20022bb8       0x78 ./src/sub-systemCode/COMM/TRXVU.o
                0x20022bb8                lookForRequestToDelete_dump
 .text.sendRequestToStop_dump
                0x20022c30       0x8c ./src/sub-systemCode/COMM/TRXVU.o
                0x20022c30                sendRequestToStop_dump
 .text.sendRequestToStop_transponder
                0x20022cbc       0x8c ./src/sub-systemCode/COMM/TRXVU.o
                0x20022cbc                sendRequestToStop_transponder
 .text.Rx_logic
                0x20022d48      0x18c ./src/sub-systemCode/COMM/TRXVU.o
                0x20022d48                Rx_logic
 .text.pass_above_Ground
                0x20022ed4      0x104 ./src/sub-systemCode/COMM/TRXVU.o
                0x20022ed4                pass_above_Ground
 .text.check_TRXVUState
                0x20022fd8       0xf0 ./src/sub-systemCode/COMM/TRXVU.o
                0x20022fd8                check_TRXVUState
 .text.trxvu_logic
                0x200230c8       0x20 ./src/sub-systemCode/COMM/TRXVU.o
                0x200230c8                trxvu_logic
 .text.Beacon_task
                0x200230e8      0x17c ./src/sub-systemCode/COMM/TRXVU.o
                0x200230e8                Beacon_task
 .text.buildAndSend_beacon
                0x20023264      0x5a0 ./src/sub-systemCode/COMM/TRXVU.o
                0x20023264                buildAndSend_beacon
 .text.reset_FRAM_TRXVU
                0x20023804      0x160 ./src/sub-systemCode/COMM/TRXVU.o
                0x20023804                reset_FRAM_TRXVU
 .text.TRX_sendFrame
                0x20023964      0x1ac ./src/sub-systemCode/COMM/TRXVU.o
                0x20023964                TRX_sendFrame
 .text.TRX_getFrameData
                0x20023b10      0x10c ./src/sub-systemCode/COMM/TRXVU.o
                0x20023b10                TRX_getFrameData
 .text.mute_Tx  0x20023c1c       0x20 ./src/sub-systemCode/COMM/TRXVU.o
                0x20023c1c                mute_Tx
 .text.unmute_Tx
                0x20023c3c       0x58 ./src/sub-systemCode/COMM/TRXVU.o
                0x20023c3c                unmute_Tx
 .text.check_time_off_mute
                0x20023c94       0x88 ./src/sub-systemCode/COMM/TRXVU.o
                0x20023c94                check_time_off_mute
 .text.set_mute_time
                0x20023d1c       0xb4 ./src/sub-systemCode/COMM/TRXVU.o
                0x20023d1c                set_mute_time
 .text.change_TRXVU_state
                0x20023dd0       0xe0 ./src/sub-systemCode/COMM/TRXVU.o
                0x20023dd0                change_TRXVU_state
 .text.change_trans_RSSI
                0x20023eb0       0x60 ./src/sub-systemCode/COMM/TRXVU.o
                0x20023eb0                change_trans_RSSI
 .text.AdcsReadI2cAck
                0x20023f10       0xfc ./src/sub-systemCode/ADCS/AdcsCommands.o
                0x20023f10                AdcsReadI2cAck
 .text.AdcsGenericI2cCmd
                0x2002400c      0x198 ./src/sub-systemCode/ADCS/AdcsCommands.o
                0x2002400c                AdcsGenericI2cCmd
 .text.SendAdcsTlm
                0x200241a4      0x14c ./src/sub-systemCode/ADCS/AdcsCommands.o
                0x200241a4                SendAdcsTlm
 .text.AdcsExecuteCommand
                0x200242f0     0x1e28 ./src/sub-systemCode/ADCS/AdcsCommands.o
                0x200242f0                AdcsExecuteCommand
 .text.cspaceADCS_getEstimatedAngles
                0x20026118       0x98 ./src/sub-systemCode/ADCS/AdcsGetDataAndTlm.o
                0x20026118                cspaceADCS_getEstimatedAngles
 .text.cspaceADCS_getEstimatedAnglesRates
                0x200261b0       0x98 ./src/sub-systemCode/ADCS/AdcsGetDataAndTlm.o
                0x200261b0                cspaceADCS_getEstimatedAnglesRates
 .text.cspaceADCS_getSatellitePosition
                0x20026248       0x98 ./src/sub-systemCode/ADCS/AdcsGetDataAndTlm.o
                0x20026248                cspaceADCS_getSatellitePosition
 .text.InitTlmElements
                0x200262e0      0x238 ./src/sub-systemCode/ADCS/AdcsGetDataAndTlm.o
                0x200262e0                InitTlmElements
 .text.CreateTlmElementFiles
                0x20026518      0x178 ./src/sub-systemCode/ADCS/AdcsGetDataAndTlm.o
                0x20026518                CreateTlmElementFiles
 .text.SaveElementTlmAtIndex
                0x20026690      0x4ec ./src/sub-systemCode/ADCS/AdcsGetDataAndTlm.o
                0x20026690                SaveElementTlmAtIndex
 .text.UpdateTlmElementAtIndex
                0x20026b7c      0x150 ./src/sub-systemCode/ADCS/AdcsGetDataAndTlm.o
                0x20026b7c                UpdateTlmElementAtIndex
 .text.UpdateTlmToSaveVector
                0x20026ccc       0xc8 ./src/sub-systemCode/ADCS/AdcsGetDataAndTlm.o
                0x20026ccc                UpdateTlmToSaveVector
 .text.UpdateTlmPeriodVector
                0x20026d94      0x120 ./src/sub-systemCode/ADCS/AdcsGetDataAndTlm.o
                0x20026d94                UpdateTlmPeriodVector
 .text.AdcsGetTlmOverrideFlag
                0x20026eb4       0x5c ./src/sub-systemCode/ADCS/AdcsGetDataAndTlm.o
                0x20026eb4                AdcsGetTlmOverrideFlag
 .text.AdcsSetTlmOverrideFlag
                0x20026f10       0x9c ./src/sub-systemCode/ADCS/AdcsGetDataAndTlm.o
                0x20026f10                AdcsSetTlmOverrideFlag
 .text.RestoreDefaultTlmElement
                0x20026fac      0x1ec ./src/sub-systemCode/ADCS/AdcsGetDataAndTlm.o
                0x20026fac                RestoreDefaultTlmElement
 .text.GetTlmElementAtIndex
                0x20027198       0x80 ./src/sub-systemCode/ADCS/AdcsGetDataAndTlm.o
                0x20027198                GetTlmElementAtIndex
 .text.GatherTlmAndData
                0x20027218       0xec ./src/sub-systemCode/ADCS/AdcsGetDataAndTlm.o
                0x20027218                GatherTlmAndData
 .text.UpdateAdcsFramParameters
                0x20027304      0x124 ./src/sub-systemCode/ADCS/AdcsMain.o
                0x20027304                UpdateAdcsFramParameters
 .text.AdcsInit
                0x20027428      0x140 ./src/sub-systemCode/ADCS/AdcsMain.o
                0x20027428                AdcsInit
 .text.AdcsTask
                0x20027568      0x110 ./src/sub-systemCode/ADCS/AdcsMain.o
                0x20027568                AdcsTask
 .text.AdcsTroubleShooting
                0x20027678       0x88 ./src/sub-systemCode/ADCS/AdcsTroubleShooting.o
                0x20027678                AdcsTroubleShooting
 .text.UpdateAdcsStateMachine
                0x20027700       0x1c ./src/sub-systemCode/ADCS/StateMachine.o
                0x20027700                UpdateAdcsStateMachine
 .text.save_time
                0x2002771c       0x9c ./src/main.o
                0x2002771c                save_time
 .text.Command_logic
                0x200277b8       0x6c ./src/main.o
                0x200277b8                Command_logic
 .text.taskMain
                0x20027824       0x74 ./src/main.o
                0x20027824                taskMain
 .text.main     0x20027898       0xc4 ./src/main.o
                0x20027898                main
 .text.GomEpsInitialize
                0x2002795c      0x148 C:/Users/97250/Documents/GitHub/online/HOOPOE3/satellite-subsystems/demo/..//satellite-subsystems/lib\libSatelliteSubsystemsD.a(GomEPS.o)
                0x2002795c                GomEpsInitialize
 .text.makeEPStransfer
                0x20027aa4       0x3c C:/Users/97250/Documents/GitHub/online/HOOPOE3/satellite-subsystems/demo/..//satellite-subsystems/lib\libSatelliteSubsystemsD.a(GomEPS.o)
 .text.GomEpsPing
                0x20027ae0       0xf8 C:/Users/97250/Documents/GitHub/online/HOOPOE3/satellite-subsystems/demo/..//satellite-subsystems/lib\libSatelliteSubsystemsD.a(GomEPS.o)
                0x20027ae0                GomEpsPing
 .text.GomEpsSoftReset
                0x20027bd8       0xc4 C:/Users/97250/Documents/GitHub/online/HOOPOE3/satellite-subsystems/demo/..//satellite-subsystems/lib\libSatelliteSubsystemsD.a(GomEPS.o)
                0x20027bd8                GomEpsSoftReset
 .text.GomEpsHardReset
                0x20027c9c       0xa8 C:/Users/97250/Documents/GitHub/online/HOOPOE3/satellite-subsystems/demo/..//satellite-subsystems/lib\libSatelliteSubsystemsD.a(GomEPS.o)
                0x20027c9c                GomEpsHardReset
 .text.GomEpsGetHkData_param
                0x20027d44      0x29c C:/Users/97250/Documents/GitHub/online/HOOPOE3/satellite-subsystems/demo/..//satellite-subsystems/lib\libSatelliteSubsystemsD.a(GomEPS.o)
                0x20027d44                GomEpsGetHkData_param
 .text.GomEpsGetHkData_general
                0x20027fe0      0x45c C:/Users/97250/Documents/GitHub/online/HOOPOE3/satellite-subsystems/demo/..//satellite-subsystems/lib\libSatelliteSubsystemsD.a(GomEPS.o)
                0x20027fe0                GomEpsGetHkData_general
 .text.GomEpsGetHkData_vi
                0x2002843c      0x188 C:/Users/97250/Documents/GitHub/online/HOOPOE3/satellite-subsystems/demo/..//satellite-subsystems/lib\libSatelliteSubsystemsD.a(GomEPS.o)
                0x2002843c                GomEpsGetHkData_vi
 .text.GomEpsGetHkData_out
                0x200285c4      0x21c C:/Users/97250/Documents/GitHub/online/HOOPOE3/satellite-subsystems/demo/..//satellite-subsystems/lib\libSatelliteSubsystemsD.a(GomEPS.o)
                0x200285c4                GomEpsGetHkData_out
 .text.GomEpsGetHkData_wdt
                0x200287e0      0x2b4 C:/Users/97250/Documents/GitHub/online/HOOPOE3/satellite-subsystems/demo/..//satellite-subsystems/lib\libSatelliteSubsystemsD.a(GomEPS.o)
                0x200287e0                GomEpsGetHkData_wdt
 .text.GomEpsGetHkData_basic
                0x20028a94      0x22c C:/Users/97250/Documents/GitHub/online/HOOPOE3/satellite-subsystems/demo/..//satellite-subsystems/lib\libSatelliteSubsystemsD.a(GomEPS.o)
                0x20028a94                GomEpsGetHkData_basic
 .text.GomEpsSetOutput
                0x20028cc0       0xbc C:/Users/97250/Documents/GitHub/online/HOOPOE3/satellite-subsystems/demo/..//satellite-subsystems/lib\libSatelliteSubsystemsD.a(GomEPS.o)
                0x20028cc0                GomEpsSetOutput
 .text.GomEpsResetWDT
                0x20028d7c       0xc4 C:/Users/97250/Documents/GitHub/online/HOOPOE3/satellite-subsystems/demo/..//satellite-subsystems/lib\libSatelliteSubsystemsD.a(GomEPS.o)
                0x20028d7c                GomEpsResetWDT
 .text.GomEpsConfigGet
                0x20028e40      0x16c C:/Users/97250/Documents/GitHub/online/HOOPOE3/satellite-subsystems/demo/..//satellite-subsystems/lib\libSatelliteSubsystemsD.a(GomEPS.o)
                0x20028e40                GomEpsConfigGet
 .text.GomEpsConfigSet
                0x20028fac      0x184 C:/Users/97250/Documents/GitHub/online/HOOPOE3/satellite-subsystems/demo/..//satellite-subsystems/lib\libSatelliteSubsystemsD.a(GomEPS.o)
                0x20028fac                GomEpsConfigSet
 .text.GomEpsConfig2Get
                0x20029130      0x16c C:/Users/97250/Documents/GitHub/online/HOOPOE3/satellite-subsystems/demo/..//satellite-subsystems/lib\libSatelliteSubsystemsD.a(GomEPS.o)
                0x20029130                GomEpsConfig2Get
 .text.makeAntStransfer
                0x2002929c       0x4c C:/Users/97250/Documents/GitHub/online/HOOPOE3/satellite-subsystems/demo/..//satellite-subsystems/lib\libSatelliteSubsystemsD.a(IsisAntS.o)
 .text.checkInputsValid
                0x200292e8       0x7c C:/Users/97250/Documents/GitHub/online/HOOPOE3/satellite-subsystems/demo/..//satellite-subsystems/lib\libSatelliteSubsystemsD.a(IsisAntS.o)
 .text.IsisAntS_setArmStatus
                0x20029364      0x104 C:/Users/97250/Documents/GitHub/online/HOOPOE3/satellite-subsystems/demo/..//satellite-subsystems/lib\libSatelliteSubsystemsD.a(IsisAntS.o)
                0x20029364                IsisAntS_setArmStatus
 .text.IsisAntS_getStatusData
                0x20029468      0x120 C:/Users/97250/Documents/GitHub/online/HOOPOE3/satellite-subsystems/demo/..//satellite-subsystems/lib\libSatelliteSubsystemsD.a(IsisAntS.o)
                0x20029468                IsisAntS_getStatusData
 .text.IsisAntS_getTemperature
                0x20029588      0x120 C:/Users/97250/Documents/GitHub/online/HOOPOE3/satellite-subsystems/demo/..//satellite-subsystems/lib\libSatelliteSubsystemsD.a(IsisAntS.o)
                0x20029588                IsisAntS_getTemperature
 .text.IsisAntS_getAlltelemetry
                0x200296a8      0x120 C:/Users/97250/Documents/GitHub/online/HOOPOE3/satellite-subsystems/demo/..//satellite-subsystems/lib\libSatelliteSubsystemsD.a(IsisAntS.o)
                0x200296a8                IsisAntS_getAlltelemetry
 .text.IsisAntS_reset
                0x200297c8      0x104 C:/Users/97250/Documents/GitHub/online/HOOPOE3/satellite-subsystems/demo/..//satellite-subsystems/lib\libSatelliteSubsystemsD.a(IsisAntS.o)
                0x200297c8                IsisAntS_reset
 .text.IsisSolarPanelv2_initialize
                0x200298cc       0xb4 C:/Users/97250/Documents/GitHub/online/HOOPOE3/satellite-subsystems/demo/..//satellite-subsystems/lib\libSatelliteSubsystemsD.a(IsisSolarPanelv2.o)
                0x200298cc                IsisSolarPanelv2_initialize
 .text.IsisSolarPanelv2_getTemperature
                0x20029980       0xc8 C:/Users/97250/Documents/GitHub/online/HOOPOE3/satellite-subsystems/demo/..//satellite-subsystems/lib\libSatelliteSubsystemsD.a(IsisSolarPanelv2.o)
                0x20029980                IsisSolarPanelv2_getTemperature
 .text.IsisSolarPanelv2_sleep
                0x20029a48       0xbc C:/Users/97250/Documents/GitHub/online/HOOPOE3/satellite-subsystems/demo/..//satellite-subsystems/lib\libSatelliteSubsystemsD.a(IsisSolarPanelv2.o)
                0x20029a48                IsisSolarPanelv2_sleep
 .text.IsisSolarPanelv2_wakeup
                0x20029b04       0x80 C:/Users/97250/Documents/GitHub/online/HOOPOE3/satellite-subsystems/demo/..//satellite-subsystems/lib\libSatelliteSubsystemsD.a(IsisSolarPanelv2.o)
                0x20029b04                IsisSolarPanelv2_wakeup
 .text._Reset   0x20029b84       0x20 C:/Users/97250/Documents/GitHub/online/HOOPOE3/satellite-subsystems/demo/..//satellite-subsystems/lib\libSatelliteSubsystemsD.a(IsisSolarPanelv2.o)
 .text._WaitForStartup
                0x20029ba4       0x90 C:/Users/97250/Documents/GitHub/online/HOOPOE3/satellite-subsystems/demo/..//satellite-subsystems/lib\libSatelliteSubsystemsD.a(IsisSolarPanelv2.o)
 .text._AssignAllChannels