Archive member included because of file (symbol)

c:/isis/application/toolchain/bin/../lib/gcc/arm-none-eabi/4.7.4/../../../../arm-none-eabi/lib\libc_s.a(lib_a-vfprintf_float.o)
                              (_printf_float)
c:/isis/application/toolchain/bin/../lib/gcc/arm-none-eabi/4.7.4/../../../../arm-none-eabi/lib\libc_s.a(lib_a-vfprintf_i.o)
                              c:/isis/application/toolchain/bin/../lib/gcc/arm-none-eabi/4.7.4/../../../../arm-none-eabi/lib\libc_s.a(lib_a-vfprintf_float.o) (_printf_common)
c:/isis/application/toolchain/bin/../lib/gcc/arm-none-eabi/4.7.4/../../../../arm-none-eabi/lib\libc_s.a(lib_a-vfscanf_float.o)
                              (_scanf_float)
c:/isis/application/toolchain/bin/../lib/gcc/arm-none-eabi/4.7.4/../../../../arm-none-eabi/lib\libc_s.a(lib_a-dtoa.o)
                              c:/isis/application/toolchain/bin/../lib/gcc/arm-none-eabi/4.7.4/../../../../arm-none-eabi/lib\libc_s.a(lib_a-vfprintf_float.o) (_dtoa_r)
c:/isis/application/toolchain/bin/../lib/gcc/arm-none-eabi/4.7.4/../../../../arm-none-eabi/lib\libc_s.a(lib_a-locale.o)
                              c:/isis/application/toolchain/bin/../lib/gcc/arm-none-eabi/4.7.4/../../../../arm-none-eabi/lib\libc_s.a(lib_a-vfprintf_float.o) (_localeconv_r)
c:/isis/application/toolchain/bin/../lib/gcc/arm-none-eabi/4.7.4/../../../../arm-none-eabi/lib\libc_s.a(lib_a-malloc.o)
                              c:/isis/application/toolchain/bin/../lib/gcc/arm-none-eabi/4.7.4/../../../../arm-none-eabi/lib\libc_s.a(lib_a-dtoa.o) (malloc)
c:/isis/application/toolchain/bin/../lib/gcc/arm-none-eabi/4.7.4/../../../../arm-none-eabi/lib\libc_s.a(lib_a-mallocr.o)
                              c:/isis/application/toolchain/bin/../lib/gcc/arm-none-eabi/4.7.4/../../../../arm-none-eabi/lib\libc_s.a(lib_a-malloc.o) (_malloc_r)
c:/isis/application/toolchain/bin/../lib/gcc/arm-none-eabi/4.7.4/../../../../arm-none-eabi/lib\libc_s.a(lib_a-memcpy.o)
                              c:/isis/application/toolchain/bin/../lib/gcc/arm-none-eabi/4.7.4/../../../../arm-none-eabi/lib\libc_s.a(lib_a-dtoa.o) (memcpy)
c:/isis/application/toolchain/bin/../lib/gcc/arm-none-eabi/4.7.4/../../../../arm-none-eabi/lib\libc_s.a(lib_a-mprec.o)
                              c:/isis/application/toolchain/bin/../lib/gcc/arm-none-eabi/4.7.4/../../../../arm-none-eabi/lib\libc_s.a(lib_a-dtoa.o) (_Balloc)
c:/isis/application/toolchain/bin/../lib/gcc/arm-none-eabi/4.7.4/../../../../arm-none-eabi/lib\libc_s.a(lib_a-s_fpclassify.o)
                              c:/isis/application/toolchain/bin/../lib/gcc/arm-none-eabi/4.7.4/../../../../arm-none-eabi/lib\libc_s.a(lib_a-vfprintf_float.o) (__fpclassifyd)
c:/isis/application/toolchain/bin/../lib/gcc/arm-none-eabi/4.7.4/../../../../arm-none-eabi/lib\libc_s.a(lib_a-sbrkr.o)
                              c:/isis/application/toolchain/bin/../lib/gcc/arm-none-eabi/4.7.4/../../../../arm-none-eabi/lib\libc_s.a(lib_a-mallocr.o) (_sbrk_r)
c:/isis/application/toolchain/bin/../lib/gcc/arm-none-eabi/4.7.4/../../../../arm-none-eabi/lib\libc_s.a(lib_a-sf_nan.o)
                              c:/isis/application/toolchain/bin/../lib/gcc/arm-none-eabi/4.7.4/../../../../arm-none-eabi/lib\libc_s.a(lib_a-vfscanf_float.o) (nanf)
c:/isis/application/toolchain/bin/../lib/gcc/arm-none-eabi/4.7.4/../../../../arm-none-eabi/lib\libc_s.a(lib_a-sprintf.o)
                              c:/isis/application/toolchain/bin/../lib/gcc/arm-none-eabi/4.7.4/../../../../arm-none-eabi/lib\libc_s.a(lib_a-vfscanf_float.o) (sprintf)
c:/isis/application/toolchain/bin/../lib/gcc/arm-none-eabi/4.7.4/../../../../arm-none-eabi/lib\libc_s.a(lib_a-strcmp.o)
                              c:/isis/application/toolchain/bin/../lib/gcc/arm-none-eabi/4.7.4/../../../../arm-none-eabi/lib\libc_s.a(lib_a-locale.o) (strcmp)
c:/isis/application/toolchain/bin/../lib/gcc/arm-none-eabi/4.7.4/../../../../arm-none-eabi/lib\libc_s.a(lib_a-strlen.o)
                              c:/isis/application/toolchain/bin/../lib/gcc/arm-none-eabi/4.7.4/../../../../arm-none-eabi/lib\libc_s.a(lib_a-vfprintf_float.o) (strlen)
c:/isis/application/toolchain/bin/../lib/gcc/arm-none-eabi/4.7.4/../../../../arm-none-eabi/lib\libc_s.a(lib_a-strtod.o)
                              c:/isis/application/toolchain/bin/../lib/gcc/arm-none-eabi/4.7.4/../../../../arm-none-eabi/lib\libc_s.a(lib_a-vfscanf_float.o) (_strtod_r)
c:/isis/application/toolchain/bin/../lib/gcc/arm-none-eabi/4.7.4/../../../../arm-none-eabi/lib\libc_s.a(lib_a-strtol.o)
                              c:/isis/application/toolchain/bin/../lib/gcc/arm-none-eabi/4.7.4/../../../../arm-none-eabi/lib\libc_s.a(lib_a-vfscanf_float.o) (_strtol_r)
c:/isis/application/toolchain/bin/../lib/gcc/arm-none-eabi/4.7.4/../../../../arm-none-eabi/lib\libc_s.a(lib_a-svfprintf.o)
                              c:/isis/application/toolchain/bin/../lib/gcc/arm-none-eabi/4.7.4/../../../../arm-none-eabi/lib\libc_s.a(lib_a-sprintf.o) (_svfprintf_r)
[...]
Memory Configuration

Name             Origin             Length             Attributes
sram0            0x00200000         0x00004000         w !xr
sram1            0x00300000         0x00004000         w !xr
sdram            0x20000000         0x02000000         w !xr
*default*        0x00000000         0xffffffff

Linker script and memory map

LOAD c:/isis/application/toolchain/bin/../lib/gcc/arm-none-eabi/4.7.4/../../../../arm-none-eabi/lib\libc_s.a
LOAD ./src/sub-systemCode/Main/CMD/COMM_CMD.o
LOAD ./src/sub-systemCode/Main/CMD/EPS_CMD.o
LOAD ./src/sub-systemCode/Main/CMD/General_CMD.o
LOAD ./src/sub-systemCode/Main/CMD/SW_CMD.o
LOAD ./src/sub-systemCode/Main/CMD/payload_CMD.o
LOAD ./src/sub-systemCode/Main/Ants.o
LOAD ./src/sub-systemCode/Main/EPS.o
LOAD ./src/sub-systemCode/Main/HouseKeeping.o
LOAD ./src/sub-systemCode/Main/Main_Init.o
LOAD ./src/sub-systemCode/Main/commands.o
LOAD ./src/sub-systemCode/Global/Global.o
LOAD ./src/sub-systemCode/Global/GlobalParam.o
LOAD ./src/sub-systemCode/Global/OnlineTM.o
LOAD ./src/sub-systemCode/Global/TLM_management.o
LOAD ./src/sub-systemCode/COMM/APRS.o
LOAD ./src/sub-systemCode/COMM/DelayedCommand_list.o
LOAD ./src/sub-systemCode/COMM/GSC.o
LOAD ./src/sub-systemCode/COMM/TRXVU.o
LOAD ./src/sub-systemCode/ADCS/ADCS.o
LOAD ./src/sub-systemCode/ADCS/Stage_Table.o
LOAD ./src/main.o
LOAD C:/HOOPOE3/satellite-subsystems/demo/..//satellite-subsystems/lib\libSatelliteSubsystemsD.a
LOAD c:/isis/application/toolchain/bin/../lib/gcc/arm-none-eabi/4.7.4/../../../../arm-none-eabi/lib\libm.a
LOAD C:/HOOPOE3/satellite-subsystems/demo/../..//hal/hcc/lib\libHCCD.a
LOAD C:/HOOPOE3/satellite-subsystems/demo/../..//hal/hal/lib\libHALD.a
LOAD C:/HOOPOE3/satellite-subsystems/demo/../..//hal/freertos/lib\libFreeRTOSD.a
LOAD C:/HOOPOE3/satellite-subsystems/demo/../..//hal/at91/lib\libAt91D.a
START GROUP
LOAD c:/isis/application/toolchain/bin/../lib/gcc/arm-none-eabi/4.7.4\libgcc.a
LOAD c:/isis/application/toolchain/bin/../lib/gcc/arm-none-eabi/4.7.4/../../../../arm-none-eabi/lib\libc_s.a
END GROUP

.fixed          0x20000000    0x426d0
                0x20000000                . = ALIGN (0x4)
                0x20000000                _sfixed = .
 *(.startup)
 .startup       0x20000000      0x134 C:/HOOPOE3/satellite-subsystems/demo/../..//hal/at91/lib\libAt91D.a(board_cstartup.o)
                0x20000000                entry
 *(.text)
 .text          0x20000134       0x64 C:/HOOPOE3/satellite-subsystems/demo/../..//hal/at91/lib\libAt91D.a(cp15_asm.o)
                0x20000134                _readControlRegister
                0x20000140                _writeControlRegister
                0x20000148                _waitForInterrupt
                0x20000154                _writeTTB
                0x2000015c                _writeDomain
                0x20000164                _writeITLBLockdown
                0x2000016c                _prefetchICacheLine
                0x20000174                _flushDCache
                0x20000180                _flushWriteBuffer
                0x2000018c                _invalidateIDTLBs
 .text          0x20000198      0x114 c:/isis/application/toolchain/bin/../lib/gcc/arm-none-eabi/4.7.4\libgcc.a(_udivsi3.o)
                0x20000198                __aeabi_uidiv
                0x20000198                __udivsi3
                0x2000028c                __aeabi_uidivmod
 .text          0x200002ac      0x148 c:/isis/application/toolchain/bin/../lib/gcc/arm-none-eabi/4.7.4\libgcc.a(_divsi3.o)
                0x200002ac                __divsi3
                0x200002ac                __aeabi_idiv
                0x200003d4                __aeabi_idivmod
 .text          0x200003f4        0x4 c:/isis/application/toolchain/bin/../lib/gcc/arm-none-eabi/4.7.4\libgcc.a(_dvmd_tls.o)
                0x200003f4                __aeabi_idiv0
                0x200003f4                __aeabi_ldiv0
 .text          0x200003f8      0x41c c:/isis/application/toolchain/bin/../lib/gcc/arm-none-eabi/4.7.4\libgcc.a(_arm_addsubdf3.o)
                0x200003f8                __aeabi_drsub
                0x20000400                __aeabi_dsub
                0x20000400                __subdf3
                0x20000404                __aeabi_dadd
                0x20000404                __adddf3
                0x20000714                __floatunsidf
                0x20000714                __aeabi_ui2d
                0x20000738                __floatsidf
                0x20000738                __aeabi_i2d
                0x20000760                __aeabi_f2d
                0x20000760                __extendsfdf2
                0x200007a0                __floatundidf
                0x200007a0                __aeabi_ul2d
                0x200007b4                __floatdidf
                0x200007b4                __aeabi_l2d
 .text          0x20000814      0x49c c:/isis/application/toolchain/bin/../lib/gcc/arm-none-eabi/4.7.4\libgcc.a(_arm_muldivdf3.o)
                0x20000814                __aeabi_dmul
                0x20000814                __muldf3
                0x20000aa4                __divdf3
                0x20000aa4                __aeabi_ddiv
 .text          0x20000cb0      0x144 c:/isis/application/toolchain/bin/../lib/gcc/arm-none-eabi/4.7.4\libgcc.a(_arm_cmpdf2.o)
                0x20000cb0                __gtdf2
                0x20000cb0                __gedf2
                0x20000cb8                __ltdf2
                0x20000cb8                __ledf2
                0x20000cc0                __nedf2
                0x20000cc0                __eqdf2
                0x20000cc0                __cmpdf2
                0x20000d48                __aeabi_cdrcmple
                0x20000d64                __aeabi_cdcmpeq
                0x20000d64                __aeabi_cdcmple
                0x20000d7c                __aeabi_dcmpeq
                0x20000d94                __aeabi_dcmplt
                0x20000dac                __aeabi_dcmple
                0x20000dc4                __aeabi_dcmpge
                0x20000ddc                __aeabi_dcmpgt
 .text          0x20000df4       0x5c c:/isis/application/toolchain/bin/../lib/gcc/arm-none-eabi/4.7.4\libgcc.a(_arm_fixdfsi.o)
                0x20000df4                __aeabi_d2iz
                0x20000df4                __fixdfsi
 .text          0x20000e50       0x54 c:/isis/application/toolchain/bin/../lib/gcc/arm-none-eabi/4.7.4\libgcc.a(_arm_fixunsdfsi.o)
                0x20000e50                __aeabi_d2uiz
                0x20000e50                __fixunsdfsi
 .text          0x20000ea4       0xa0 c:/isis/application/toolchain/bin/../lib/gcc/arm-none-eabi/4.7.4\libgcc.a(_arm_truncdfsf2.o)
                0x20000ea4                __truncdfsf2
                0x20000ea4                __aeabi_d2f
 .text          0x20000f44      0x2ac c:/isis/application/toolchain/bin/../lib/gcc/arm-none-eabi/4.7.4\libgcc.a(_arm_addsubsf3.o)
                0x20000f44                __aeabi_frsub
                0x20000f4c                __subsf3
                0x20000f4c                __aeabi_fsub
                0x20000f50                __aeabi_fadd
                0x20000f50                __addsf3
                0x2000110c                __aeabi_ui2f
                0x2000110c                __floatunsisf
                0x20001114                __aeabi_i2f
                0x20001114                __floatsisf
                0x20001134                __aeabi_ul2f
                0x20001134                __floatundisf
                0x20001144                __aeabi_l2f
                0x20001144                __floatdisf
 .text          0x200011f0      0x2f8 c:/isis/application/toolchain/bin/../lib/gcc/arm-none-eabi/4.7.4\libgcc.a(_arm_muldivsf3.o)
                0x200011f0                __mulsf3
                0x200011f0                __aeabi_fmul
                0x20001388                __aeabi_fdiv
                0x20001388                __divsf3
 .text          0x200014e8      0x114 c:/isis/application/toolchain/bin/../lib/gcc/arm-none-eabi/4.7.4\libgcc.a(_arm_cmpsf2.o)
                0x200014e8                __gesf2
                0x200014e8                __gtsf2
                0x200014f0                __lesf2
                0x200014f0                __ltsf2
                0x200014f8                __nesf2
                0x200014f8                __eqsf2
                0x200014f8                __cmpsf2
                0x2000155c                __aeabi_cfrcmple
                0x2000156c                __aeabi_cfcmpeq
                0x2000156c                __aeabi_cfcmple
                0x20001584                __aeabi_fcmpeq
                0x2000159c                __aeabi_fcmplt
                0x200015b4                __aeabi_fcmple
                0x200015cc                __aeabi_fcmpge
                0x200015e4                __aeabi_fcmpgt
 .text          0x200015fc       0x54 c:/isis/application/toolchain/bin/../lib/gcc/arm-none-eabi/4.7.4\libgcc.a(_arm_fixunssfsi.o)
                0x200015fc                __fixunssfsi
                0x200015fc                __aeabi_f2uiz
 *(.text*)
 .text.__cvt    0x20001650      0x138 c:/isis/application/toolchain/bin/../lib/gcc/arm-none-eabi/4.7.4/../../../../arm-none-eabi/lib\libc_s.a(lib_a-vfprintf_float.o)
                0x20001650                __cvt
 .text.__exponent
                0x20001788       0xa8 c:/isis/application/toolchain/bin/../lib/gcc/arm-none-eabi/4.7.4/../../../../arm-none-eabi/lib\libc_s.a(lib_a-vfprintf_float.o)
                0x20001788                __exponent
 .text._printf_float
                0x20001830      0x7dc c:/isis/application/toolchain/bin/../lib/gcc/arm-none-eabi/4.7.4/../../../../arm-none-eabi/lib\libc_s.a(lib_a-vfprintf_float.o)
                0x20001830                _printf_float
 .text._printf_common
                0x2000200c      0x174 c:/isis/application/toolchain/bin/../lib/gcc/arm-none-eabi/4.7.4/../../../../arm-none-eabi/lib\libc_s.a(lib_a-vfprintf_i.o)
                0x2000200c                _printf_common
 .text._printf_i
                0x20002180      0x3c4 c:/isis/application/toolchain/bin/../lib/gcc/arm-none-eabi/4.7.4/../../../../arm-none-eabi/lib\libc_s.a(lib_a-vfprintf_i.o)
                0x20002180                _printf_i
 .text._scanf_float
                0x20002544      0x5f4 c:/isis/application/toolchain/bin/../lib/gcc/arm-none-eabi/4.7.4/../../../../arm-none-eabi/lib\libc_s.a(lib_a-vfscanf_float.o)
                0x20002544                _scanf_float
 .text.quorem   0x20002b38      0x1ac c:/isis/application/toolchain/bin/../lib/gcc/arm-none-eabi/4.7.4/../../../../arm-none-eabi/lib\libc_s.a(lib_a-dtoa.o)
 .text._dtoa_r  0x20002ce4     0x1268 c:/isis/application/toolchain/bin/../lib/gcc/arm-none-eabi/4.7.4/../../../../arm-none-eabi/lib\libc_s.a(lib_a-dtoa.o)
                0x20002ce4                _dtoa_r
 .text._localeconv_r
                0x20003f4c        0xc c:/isis/application/toolchain/bin/../lib/gcc/arm-none-eabi/4.7.4/../../../../arm-none-eabi/lib\libc_s.a(lib_a-locale.o)
                0x20003f4c                _localeconv_r
 .text.malloc   0x20003f58       0x20 c:/isis/application/toolchain/bin/../lib/gcc/arm-none-eabi/4.7.4/../../../../arm-none-eabi/lib\libc_s.a(lib_a-malloc.o)
                0x20003f58                malloc
 .text.free     0x20003f78       0x20 c:/isis/application/toolchain/bin/../lib/gcc/arm-none-eabi/4.7.4/../../../../arm-none-eabi/lib\libc_s.a(lib_a-malloc.o)
                0x20003f78                free
 .text._malloc_r
                0x20003f98       0xfc c:/isis/application/toolchain/bin/../lib/gcc/arm-none-eabi/4.7.4/../../../../arm-none-eabi/lib\libc_s.a(lib_a-mallocr.o)
                0x20003f98                _malloc_r
 .text.memcpy   0x20004094       0x20 c:/isis/application/toolchain/bin/../lib/gcc/arm-none-eabi/4.7.4/../../../../arm-none-eabi/lib\libc_s.a(lib_a-memcpy.o)
                0x20004094                memcpy
 .text._Balloc  0x200040b4       0xcc c:/isis/application/toolchain/bin/../lib/gcc/arm-none-eabi/4.7.4/../../../../arm-none-eabi/lib\libc_s.a(lib_a-mprec.o)
                0x200040b4                _Balloc
 .text._Bfree   0x20004180       0x5c c:/isis/application/toolchain/bin/../lib/gcc/arm-none-eabi/4.7.4/../../../../arm-none-eabi/lib\libc_s.a(lib_a-mprec.o)
                0x20004180                _Bfree
 .text.__multadd
                0x200041dc       0xbc c:/isis/application/toolchain/bin/../lib/gcc/arm-none-eabi/4.7.4/../../../../arm-none-eabi/lib\libc_s.a(lib_a-mprec.o)
                0x200041dc                __multadd
 .text.__s2b    0x20004298       0xd8 c:/isis/application/toolchain/bin/../lib/gcc/arm-none-eabi/4.7.4/../../../../arm-none-eabi/lib\libc_s.a(lib_a-mprec.o)
                0x20004298                __s2b
 .text.__hi0bits
                0x20004370       0x58 c:/isis/application/toolchain/bin/../lib/gcc/arm-none-eabi/4.7.4/../../../../arm-none-eabi/lib\libc_s.a(lib_a-mprec.o)
                0x20004370                __hi0bits
 .text.__lo0bits
                0x200043c8       0x94 c:/isis/application/toolchain/bin/../lib/gcc/arm-none-eabi/4.7.4/../../../../arm-none-eabi/lib\libc_s.a(lib_a-mprec.o)
                0x200043c8                __lo0bits
 .text.__i2b    0x2000445c       0x24 c:/isis/application/toolchain/bin/../lib/gcc/arm-none-eabi/4.7.4/../../../../arm-none-eabi/lib\libc_s.a(lib_a-mprec.o)
                0x2000445c                __i2b
 .text.__multiply
                0x20004480      0x1ac c:/isis/application/toolchain/bin/../lib/gcc/arm-none-eabi/4.7.4/../../../../arm-none-eabi/lib\libc_s.a(lib_a-mprec.o)
                0x20004480                __multiply
 .text.__pow5mult
                0x2000462c      0x10c c:/isis/application/toolchain/bin/../lib/gcc/arm-none-eabi/4.7.4/../../../../arm-none-eabi/lib\libc_s.a(lib_a-mprec.o)
                0x2000462c                __pow5mult
 .text.__lshift
                0x20004738       0xf0 c:/isis/application/toolchain/bin/../lib/gcc/arm-none-eabi/4.7.4/../../../../arm-none-eabi/lib\libc_s.a(lib_a-mprec.o)
                0x20004738                __lshift
 .text.__mcmp   0x20004828       0x60 c:/isis/application/toolchain/bin/../lib/gcc/arm-none-eabi/4.7.4/../../../../arm-none-eabi/lib\libc_s.a(lib_a-mprec.o)
                0x20004828                __mcmp
 .text.__mdiff  0x20004888      0x128 c:/isis/application/toolchain/bin/../lib/gcc/arm-none-eabi/4.7.4/../../../../arm-none-eabi/lib\libc_s.a(lib_a-mprec.o)
                0x20004888                __mdiff
 .text.__ulp    0x200049b0       0x5c c:/isis/application/toolchain/bin/../lib/gcc/arm-none-eabi/4.7.4/../../../../arm-none-eabi/lib\libc_s.a(lib_a-mprec.o)
                0x200049b0                __ulp
 .text.__b2d    0x20004a0c       0xc8 c:/isis/application/toolchain/bin/../lib/gcc/arm-none-eabi/4.7.4/../../../../arm-none-eabi/lib\libc_s.a(lib_a-mprec.o)
                0x20004a0c                __b2d
 .text.__d2b    0x20004ad4       0xfc c:/isis/application/toolchain/bin/../lib/gcc/arm-none-eabi/4.7.4/../../../../arm-none-eabi/lib\libc_s.a(lib_a-mprec.o)
                0x20004ad4                __d2b
 .text.__ratio  0x20004bd0       0x70 c:/isis/application/toolchain/bin/../lib/gcc/arm-none-eabi/4.7.4/../../../../arm-none-eabi/lib\libc_s.a(lib_a-mprec.o)
                0x20004bd0                __ratio
 .text.__copybits
                0x20004c40       0x4c c:/isis/application/toolchain/bin/../lib/gcc/arm-none-eabi/4.7.4/../../../../arm-none-eabi/lib\libc_s.a(lib_a-mprec.o)
                0x20004c40                __copybits
 .text.__any_on
                0x20004c8c       0x7c c:/isis/application/toolchain/bin/../lib/gcc/arm-none-eabi/4.7.4/../../../../arm-none-eabi/lib\libc_s.a(lib_a-mprec.o)
                0x20004c8c                __any_on
 .text.__fpclassifyd
                0x20004d08       0x6c c:/isis/application/toolchain/bin/../lib/gcc/arm-none-eabi/4.7.4/../../../../arm-none-eabi/lib\libc_s.a(lib_a-s_fpclassify.o)
                0x20004d08                __fpclassifyd
 .text._sbrk_r  0x20004d74       0x3c c:/isis/application/toolchain/bin/../lib/gcc/arm-none-eabi/4.7.4/../../../../arm-none-eabi/lib\libc_s.a(lib_a-sbrkr.o)
                0x20004d74                _sbrk_r
 .text.nanf     0x20004db0        0xc c:/isis/application/toolchain/bin/../lib/gcc/arm-none-eabi/4.7.4/../../../../arm-none-eabi/lib\libc_s.a(lib_a-sf_nan.o)
                0x20004db0                nanf
 .text.sprintf  0x20004dbc       0x6c c:/isis/application/toolchain/bin/../lib/gcc/arm-none-eabi/4.7.4/../../../../arm-none-eabi/lib\libc_s.a(lib_a-sprintf.o)
                0x20004dbc                siprintf
                0x20004dbc                sprintf
 .text.strcmp   0x20004e28       0x1c c:/isis/application/toolchain/bin/../lib/gcc/arm-none-eabi/4.7.4/../../../../arm-none-eabi/lib\libc_s.a(lib_a-strcmp.o)
                0x20004e28                strcmp
 .text.strlen   0x20004e44       0x1c c:/isis/application/toolchain/bin/../lib/gcc/arm-none-eabi/4.7.4/../../../../arm-none-eabi/lib\libc_s.a(lib_a-strlen.o)
                0x20004e44                strlen
 .text.match    0x20004e60       0x54 c:/isis/application/toolchain/bin/../lib/gcc/arm-none-eabi/4.7.4/../../../../arm-none-eabi/lib\libc_s.a(lib_a-strtod.o)
 .text._strtod_r
                0x20004eb4     0x1168 c:/isis/application/toolchain/bin/../lib/gcc/arm-none-eabi/4.7.4/../../../../arm-none-eabi/lib\libc_s.a(lib_a-strtod.o)
                0x20004eb4                _strtod_r
 .text._strtol_r
                0x2000601c      0x1b8 c:/isis/application/toolchain/bin/../lib/gcc/arm-none-eabi/4.7.4/../../../../arm-none-eabi/lib\libc_s.a(lib_a-strtol.o)
                0x2000601c                _strtol_r
 .text.__ssputc_r
                0x200061d4      0x10c c:/isis/application/toolchain/bin/../lib/gcc/arm-none-eabi/4.7.4/../../../../arm-none-eabi/lib\libc_s.a(lib_a-svfprintf.o)
                0x200061d4                __ssputc_r
 .text._svfprintf_r
                0x200062e0      0x328 c:/isis/application/toolchain/bin/../lib/gcc/arm-none-eabi/4.7.4/../../../../arm-none-eabi/lib\libc_s.a(lib_a-svfprintf.o)
                0x200062e0                _svfiprintf_r
                0x200062e0                _svfprintf_r
 .text._calloc_r
                0x20006608       0x2c c:/isis/application/toolchain/bin/../lib/gcc/arm-none-eabi/4.7.4/../../../../arm-none-eabi/lib\libc_s.a(lib_a-callocr.o)
                0x20006608                _calloc_r
 .text._free_r  0x20006634      0x108 c:/isis/application/toolchain/bin/../lib/gcc/arm-none-eabi/4.7.4/../../../../arm-none-eabi/lib\libc_s.a(lib_a-freer.o)
                0x20006634                _free_r
 .text.rshift   0x2000673c       0xb0 c:/isis/application/toolchain/bin/../lib/gcc/arm-none-eabi/4.7.4/../../../../arm-none-eabi/lib\libc_s.a(lib_a-gdtoa-gethex.o)
 .text.htinit.constprop.0
                0x200067ec       0x34 c:/isis/application/toolchain/bin/../lib/gcc/arm-none-eabi/4.7.4/../../../../arm-none-eabi/lib\libc_s.a(lib_a-gdtoa-gethex.o)
 .text.__hexdig_init
                0x20006820       0x38 c:/isis/application/toolchain/bin/../lib/gcc/arm-none-eabi/4.7.4/../../../../arm-none-eabi/lib\libc_s.a(lib_a-gdtoa-gethex.o)
                0x20006820                __hexdig_init
 .text.__gethex
                0x20006858      0x6cc c:/isis/application/toolchain/bin/../lib/gcc/arm-none-eabi/4.7.4/../../../../arm-none-eabi/lib\libc_s.a(lib_a-gdtoa-gethex.o)
                0x20006858                __gethex
 .text.L_shift  0x20006f24       0x38 c:/isis/application/toolchain/bin/../lib/gcc/arm-none-eabi/4.7.4/../../../../arm-none-eabi/lib\libc_s.a(lib_a-gdtoa-hexnan.o)
 .text.__hexnan
                0x20006f5c      0x1d8 c:/isis/application/toolchain/bin/../lib/gcc/arm-none-eabi/4.7.4/../../../../arm-none-eabi/lib\libc_s.a(lib_a-gdtoa-hexnan.o)
                0x20006f5c                __hexnan
 .text.memchr   0x20007134       0x34 c:/isis/application/toolchain/bin/../lib/gcc/arm-none-eabi/4.7.4/../../../../arm-none-eabi/lib\libc_s.a(lib_a-memchr.o)
                0x20007134                memchr
 .text.memset   0x20007168       0x1c c:/isis/application/toolchain/bin/../lib/gcc/arm-none-eabi/4.7.4/../../../../arm-none-eabi/lib\libc_s.a(lib_a-memset.o)
                0x20007168                memset
 .text._realloc_r
                0x20007184       0x80 c:/isis/application/toolchain/bin/../lib/gcc/arm-none-eabi/4.7.4/../../../../arm-none-eabi/lib\libc_s.a(lib_a-reallocr.o)
                0x20007184                _realloc_r
 .text.strncmp  0x20007204       0x64 c:/isis/application/toolchain/bin/../lib/gcc/arm-none-eabi/4.7.4/../../../../arm-none-eabi/lib\libc_s.a(lib_a-strncmp.o)
                0x20007204                strncmp
 .text._malloc_usable_size_r
                0x20007268       0x1c c:/isis/application/toolchain/bin/../lib/gcc/arm-none-eabi/4.7.4/../../../../arm-none-eabi/lib\libc_s.a(lib_a-msizer.o)
                0x20007268                _malloc_usable_size_r
 .text.cmd_mute
                0x20007284       0xc4 ./src/sub-systemCode/Main/CMD/COMM_CMD.o
                0x20007284                cmd_mute
 .text.cmd_unmute
                0x20007348       0x4c ./src/sub-systemCode/Main/CMD/COMM_CMD.o
                0x20007348                cmd_unmute
 .text.cmd_active_trans
                0x20007394       0xc0 ./src/sub-systemCode/Main/CMD/COMM_CMD.o
                0x20007394                cmd_active_trans
 .text.cmd_shut_trans
                0x20007454       0x38 ./src/sub-systemCode/Main/CMD/COMM_CMD.o
                0x20007454                cmd_shut_trans
 .text.cmd_change_trans_rssi
                0x2000748c      0x100 ./src/sub-systemCode/Main/CMD/COMM_CMD.o
                0x2000748c                cmd_change_trans_rssi
 .text.cmd_aprs_dump
                0x2000758c       0x50 ./src/sub-systemCode/Main/CMD/COMM_CMD.o
                0x2000758c                cmd_aprs_dump
 .text.cmd_stop_dump
                0x200075dc       0x38 ./src/sub-systemCode/Main/CMD/COMM_CMD.o
                0x200075dc                cmd_stop_dump
 .text.cmd_time_frequency
                0x20007614       0xc0 ./src/sub-systemCode/Main/CMD/COMM_CMD.o
                0x20007614                cmd_time_frequency
 .text.cmd_change_def_bit_rate
                0x200076d4      0x158 ./src/sub-systemCode/Main/CMD/COMM_CMD.o
                0x200076d4                cmd_change_def_bit_rate
 .text.cmd_upload_volt_logic
                0x2000782c      0x334 ./src/sub-systemCode/Main/CMD/EPS_CMD.o
                0x2000782c                cmd_upload_volt_logic
 .text.cmd_upload_volt_COMM
                0x20007b60      0x1c8 ./src/sub-systemCode/Main/CMD/EPS_CMD.o
                0x20007b60                cmd_upload_volt_COMM
 .text.cmd_heater_temp
                0x20007d28       0xc0 ./src/sub-systemCode/Main/CMD/EPS_CMD.o
                0x20007d28                cmd_heater_temp
 .text.cmd_SHUT_CAM
                0x20007de8       0x6c ./src/sub-systemCode/Main/CMD/EPS_CMD.o
                0x20007de8                cmd_SHUT_CAM
 .text.cmd_SHUT_ADCS
                0x20007e54       0x6c ./src/sub-systemCode/Main/CMD/EPS_CMD.o
                0x20007e54                cmd_SHUT_ADCS
 .text.cmd_allow_CAM
                0x20007ec0       0x6c ./src/sub-systemCode/Main/CMD/EPS_CMD.o
                0x20007ec0                cmd_allow_CAM
 .text.cmd_allow_ADCS
                0x20007f2c       0x6c ./src/sub-systemCode/Main/CMD/EPS_CMD.o
                0x20007f2c                cmd_allow_ADCS
 .text.cmd_update_alpha
                0x20007f98       0xfc ./src/sub-systemCode/Main/CMD/EPS_CMD.o
                0x20007f98                cmd_update_alpha
 .text.cmd_generic_I2C
                0x20008094       0xb4 ./src/sub-systemCode/Main/CMD/General_CMD.o
                0x20008094                cmd_generic_I2C
 .text.cmd_dump
                0x20008148       0xf0 ./src/sub-systemCode/Main/CMD/General_CMD.o
                0x20008148                cmd_dump
 .text.cmd_delete_TM
                0x20008238      0x230 ./src/sub-systemCode/Main/CMD/General_CMD.o
                0x20008238                cmd_delete_TM
 .text.cmd_reset_file
                0x20008468      0x118 ./src/sub-systemCode/Main/CMD/General_CMD.o
                0x20008468                cmd_reset_file
 .text.cmd_dummy_func
                0x20008580       0x40 ./src/sub-systemCode/Main/CMD/General_CMD.o
                0x20008580                cmd_dummy_func
 .text.cmd_soft_reset_cmponent
                0x200085c0       0xac ./src/sub-systemCode/Main/CMD/General_CMD.o
                0x200085c0                cmd_soft_reset_cmponent
 .text.cmd_hard_reset_cmponent
                0x2000866c       0xac ./src/sub-systemCode/Main/CMD/General_CMD.o
                0x2000866c                cmd_hard_reset_cmponent
 .text.cmd_reset_satellite
                0x20008718       0x78 ./src/sub-systemCode/Main/CMD/General_CMD.o
                0x20008718                cmd_reset_satellite
 .text.cmd_gracefull_reset_satellite
                0x20008790       0x78 ./src/sub-systemCode/Main/CMD/General_CMD.o
                0x20008790                cmd_gracefull_reset_satellite
 .text.cmd_upload_time
                0x20008808       0xb0 ./src/sub-systemCode/Main/CMD/General_CMD.o
                0x20008808                cmd_upload_time
 .text.cmd_ARM_DIARM
                0x200088b8       0xd4 ./src/sub-systemCode/Main/CMD/General_CMD.o
                0x200088b8                cmd_ARM_DIARM
 .text.cmd_get_onlineTM
                0x2000898c      0x148 ./src/sub-systemCode/Main/CMD/General_CMD.o
                0x2000898c                cmd_get_onlineTM
 .text.cmd_reset_off_line
                0x20008ad4       0x68 ./src/sub-systemCode/Main/CMD/General_CMD.o
                0x20008ad4                cmd_reset_off_line
 .text.cmd_add_item_off_line
                0x20008b3c       0xf4 ./src/sub-systemCode/Main/CMD/General_CMD.o
                0x20008b3c                cmd_add_item_off_line
 .text.cmd_get_off_line_setting
                0x20008c30      0x108 ./src/sub-systemCode/Main/CMD/General_CMD.o
                0x20008c30                cmd_get_off_line_setting
 .text.cmd_reset_delayed_command_list
                0x20008d38       0x3c ./src/sub-systemCode/Main/CMD/SW_CMD.o
                0x20008d38                cmd_reset_delayed_command_list
 .text.cmd_reset_APRS_list
                0x20008d74       0x3c ./src/sub-systemCode/Main/CMD/SW_CMD.o
                0x20008d74                cmd_reset_APRS_list
 .text.cmd_reset_FRAM
                0x20008db0       0xe8 ./src/sub-systemCode/Main/CMD/SW_CMD.o
                0x20008db0                cmd_reset_FRAM
 .text.ARM_ants
                0x20008e98       0xb8 ./src/sub-systemCode/Main/Ants.o
                0x20008e98                ARM_ants
 .text.DISARM_ants
                0x20008f50       0xb8 ./src/sub-systemCode/Main/Ants.o
                0x20008f50                DISARM_ants
 .text.round_vol
                0x20009008      0x124 ./src/sub-systemCode/Main/EPS.o
                0x20009008                round_vol
 .text.get_shut_ADCS
                0x2000912c       0x48 ./src/sub-systemCode/Main/EPS.o
                0x2000912c                get_shut_ADCS
 .text.shut_ADCS
                0x20009174       0x44 ./src/sub-systemCode/Main/EPS.o
                0x20009174                shut_ADCS
 .text.get_shut_CAM
                0x200091b8       0x48 ./src/sub-systemCode/Main/EPS.o
                0x200091b8                get_shut_CAM
 .text.shut_CAM
                0x20009200       0x44 ./src/sub-systemCode/Main/EPS.o
                0x20009200                shut_CAM
 .text.update_powerLines
                0x20009244       0xec ./src/sub-systemCode/Main/EPS.o
                0x20009244                update_powerLines
 .text.get_EPS_mode_t
                0x20009330       0x24 ./src/sub-systemCode/Main/EPS.o
                0x20009330                get_EPS_mode_t
 .text.init_enterMode
                0x20009354       0x88 ./src/sub-systemCode/Main/EPS.o
                0x20009354                init_enterMode
 .text.EPS_Init
                0x200093dc      0x1c8 ./src/sub-systemCode/Main/EPS.o
                0x200093dc                EPS_Init
 .text.reset_FRAM_EPS
                0x200095a4       0xe0 ./src/sub-systemCode/Main/EPS.o
                0x200095a4                reset_FRAM_EPS
 .text.reset_EPS_voltages
                0x20009684       0xbc ./src/sub-systemCode/Main/EPS.o
                0x20009684                reset_EPS_voltages
 .text.battery_downward
                0x20009740      0x114 ./src/sub-systemCode/Main/EPS.o
                0x20009740                battery_downward
 .text.battery_upward
                0x20009854      0x120 ./src/sub-systemCode/Main/EPS.o
                0x20009854                battery_upward
 .text.EPS_Conditioning
                0x20009974      0x230 ./src/sub-systemCode/Main/EPS.o
                0x20009974                EPS_Conditioning
 .text.overRide_ADCS
                0x20009ba4       0x50 ./src/sub-systemCode/Main/EPS.o
                0x20009ba4                overRide_ADCS
 .text.overRide_Camera
                0x20009bf4       0x38 ./src/sub-systemCode/Main/EPS.o
                0x20009bf4                overRide_Camera
 .text.EnterFullMode
                0x20009c2c       0xfc ./src/sub-systemCode/Main/EPS.o
                0x20009c2c                EnterFullMode
 .text.EnterCruiseMode
                0x20009d28       0xec ./src/sub-systemCode/Main/EPS.o
                0x20009d28                EnterCruiseMode
 .text.EnterSafeMode
                0x20009e14       0xec ./src/sub-systemCode/Main/EPS.o
                0x20009e14                EnterSafeMode
 .text.EnterCriticalMode
                0x20009f00       0xd8 ./src/sub-systemCode/Main/EPS.o
                0x20009f00                EnterCriticalMode
 .text.check_EPSTableCorrection
                0x20009fd8      0x120 ./src/sub-systemCode/Main/EPS.o
                0x20009fd8                check_EPSTableCorrection
 .text.save_ACK
                0x2000a0f8      0x11c ./src/sub-systemCode/Main/HouseKeeping.o
                0x2000a0f8                save_ACK
 .text.set_GP_EPS
                0x2000a214      0x10c ./src/sub-systemCode/Main/HouseKeeping.o
                0x2000a214                set_GP_EPS
 .text.set_GP_COMM
                0x2000a320       0x88 ./src/sub-systemCode/Main/HouseKeeping.o
                0x2000a320                set_GP_COMM
 .text.SP_HK_collect
                0x2000a3a8      0x17c ./src/sub-systemCode/Main/HouseKeeping.o
                0x2000a3a8                SP_HK_collect
 .text.EPS_HK_collect
                0x2000a524      0x4f8 ./src/sub-systemCode/Main/HouseKeeping.o
                0x2000a524                EPS_HK_collect
 .text.CAM_HK_collect
                0x2000aa1c      0x91c ./src/sub-systemCode/Main/HouseKeeping.o
                0x2000aa1c                CAM_HK_collect
 .text.COMM_HK_collect
                0x2000b338      0x20c ./src/sub-systemCode/Main/HouseKeeping.o
                0x2000b338                COMM_HK_collect
 .text.FS_HK_collect
                0x2000b544      0x18c ./src/sub-systemCode/Main/HouseKeeping.o
                0x2000b544                FS_HK_collect
 .text.HK_find_fileName
                0x2000b6d0       0xd0 ./src/sub-systemCode/Main/HouseKeeping.o
                0x2000b6d0                HK_find_fileName
 .text.HK_findElementSize
                0x2000b7a0       0x7c ./src/sub-systemCode/Main/HouseKeeping.o
                0x2000b7a0                HK_findElementSize
 .text.build_HK_spl_packet
                0x2000b81c      0x150 ./src/sub-systemCode/Main/HouseKeeping.o
                0x2000b81c                build_HK_spl_packet
 .text.test_menu
                0x2000b96c       0xd8 ./src/sub-systemCode/Main/Main_Init.o
                0x2000b96c                test_menu
 .text.numberOfRestarts
                0x2000ba44       0x94 ./src/sub-systemCode/Main/Main_Init.o
                0x2000ba44                numberOfRestarts
 .text.StartFRAM
                0x2000bad8       0x38 ./src/sub-systemCode/Main/Main_Init.o
                0x2000bad8                StartFRAM
 .text.StartI2C
                0x2000bb10       0x44 ./src/sub-systemCode/Main/Main_Init.o
                0x2000bb10                StartI2C
 .text.StartSPI
                0x2000bb54       0x40 ./src/sub-systemCode/Main/Main_Init.o
                0x2000bb54                StartSPI
 .text.StartTIME
                0x2000bb94      0x118 ./src/sub-systemCode/Main/Main_Init.o
                0x2000bb94                StartTIME
 .text.first_activation
                0x2000bcac       0x7c ./src/sub-systemCode/Main/Main_Init.o
                0x2000bcac                first_activation
 .text.InitSubsystems
                0x2000bd28       0x60 ./src/sub-systemCode/Main/Main_Init.o
                0x2000bd28                InitSubsystems
 .text.SubSystemTaskStart
                0x2000bd88       0x9c ./src/sub-systemCode/Main/Main_Init.o
                0x2000bd88                SubSystemTaskStart
 .text.save_ACK_s
                0x2000be24       0x5c ./src/sub-systemCode/Main/commands.o
                0x2000be24                save_ACK_s
 .text.copy_command
                0x2000be80       0x80 ./src/sub-systemCode/Main/commands.o
                0x2000be80                copy_command
 .text.reset_command
                0x2000bf00       0x28 ./src/sub-systemCode/Main/commands.o
                0x2000bf00                reset_command
 .text.init_command
                0x2000bf28       0xd4 ./src/sub-systemCode/Main/commands.o
                0x2000bf28                init_command
 .text.add_command
                0x2000bffc      0x138 ./src/sub-systemCode/Main/commands.o
                0x2000bffc                add_command
 .text.get_command
                0x2000c134      0x1cc ./src/sub-systemCode/Main/commands.o
                0x2000c134                get_command
 .text.act_upon_command
                0x2000c300      0x200 ./src/sub-systemCode/Main/commands.o
                0x2000c300                act_upon_command
 .text.cmd_error
                0x2000c500       0x38 ./src/sub-systemCode/Main/commands.o
                0x2000c500                cmd_error
 .text.AUC_COMM
                0x2000c538      0x25c ./src/sub-systemCode/Main/commands.o
                0x2000c538                AUC_COMM
 .text.AUC_general
                0x2000c794      0x474 ./src/sub-systemCode/Main/commands.o
                0x2000c794                AUC_general
 .text.AUC_payload
                0x2000cc08      0x110 ./src/sub-systemCode/Main/commands.o
                0x2000cc08                AUC_payload
 .text.AUC_EPS  0x2000cd18      0x28c ./src/sub-systemCode/Main/commands.o
                0x2000cd18                AUC_EPS
 .text.AUC_ADCS
                0x2000cfa4       0x5c ./src/sub-systemCode/Main/commands.o
                0x2000cfa4                AUC_ADCS
 .text.AUC_SW   0x2000d000       0xe4 ./src/sub-systemCode/Main/commands.o
                0x2000d000                AUC_SW
 .text.AUC_onlineTM
                0x2000d0e4      0x1ac ./src/sub-systemCode/Main/commands.o
                0x2000d0e4                AUC_onlineTM
 .text.AUC_special_operation
                0x2000d290       0x8c ./src/sub-systemCode/Main/commands.o
                0x2000d290                AUC_special_operation
 .text.check_int
                0x2000d31c       0x3c ./src/sub-systemCode/Global/Global.o
                0x2000d31c                check_int
 .text.check_portBASE_TYPE
                0x2000d358       0x3c ./src/sub-systemCode/Global/Global.o
                0x2000d358                check_portBASE_TYPE
 .text.soft_reset_subsystem
                0x2000d394       0xd8 ./src/sub-systemCode/Global/Global.o
                0x2000d394                soft_reset_subsystem
 .text.hard_reset_subsystem
                0x2000d46c      0x104 ./src/sub-systemCode/Global/Global.o
                0x2000d46c                hard_reset_subsystem
 .text.BigEnE_raw_to_uInt
                0x2000d570       0x94 ./src/sub-systemCode/Global/Global.o
                0x2000d570                BigEnE_raw_to_uInt
 .text.BigEnE_raw_to_uShort
                0x2000d604       0x50 ./src/sub-systemCode/Global/Global.o
                0x2000d604                BigEnE_raw_to_uShort
 .text.BigEnE_uInt_to_raw
                0x2000d654       0x78 ./src/sub-systemCode/Global/Global.o
                0x2000d654                BigEnE_uInt_to_raw
 .text.reset_FRAM_MAIN
                0x2000d6cc      0x19c ./src/sub-systemCode/Global/Global.o
                0x2000d6cc                reset_FRAM_MAIN
 .text.terminateTask
                0x2000d868       0x18 ./src/sub-systemCode/Global/Global.o
                0x2000d868                terminateTask
 .text.init_GP  0x2000d880      0x300 ./src/sub-systemCode/Global/GlobalParam.o
                0x2000d880                init_GP
 .text.get_system_state
                0x2000db80      0x268 ./src/sub-systemCode/Global/GlobalParam.o
                0x2000db80                get_system_state
 .text.set_system_state
                0x2000dde8      0x298 ./src/sub-systemCode/Global/GlobalParam.o
                0x2000dde8                set_system_state
 .text.get_systems_state_param
                0x2000e080       0x8c ./src/sub-systemCode/Global/GlobalParam.o
                0x2000e080                get_systems_state_param
 .text.get_current_global_param
                0x2000e10c      0x5c8 ./src/sub-systemCode/Global/GlobalParam.o
                0x2000e10c                get_current_global_param
 .text.set_Vbatt
                0x2000e6d4       0x8c ./src/sub-systemCode/Global/GlobalParam.o
                0x2000e6d4                set_Vbatt
 .text.get_Vbatt
                0x2000e760       0x8c ./src/sub-systemCode/Global/GlobalParam.o
                0x2000e760                get_Vbatt
 .text.set_curBat
                0x2000e7ec       0x8c ./src/sub-systemCode/Global/GlobalParam.o
                0x2000e7ec                set_curBat
 .text.set_cur3V3
                0x2000e878       0x8c ./src/sub-systemCode/Global/GlobalParam.o
                0x2000e878                set_cur3V3
 .text.set_cur5V
                0x2000e904       0x8c ./src/sub-systemCode/Global/GlobalParam.o
                0x2000e904                set_cur5V
 .text.set_tempComm_LO
                0x2000e990       0x8c ./src/sub-systemCode/Global/GlobalParam.o
                0x2000e990                set_tempComm_LO
 .text.set_tempComm_PA
                0x2000ea1c       0x8c ./src/sub-systemCode/Global/GlobalParam.o
                0x2000ea1c                set_tempComm_PA
 .text.set_tempEPS
                0x2000eaa8       0xc8 ./src/sub-systemCode/Global/GlobalParam.o
                0x2000eaa8                set_tempEPS
 .text.set_tempBatt
                0x2000eb70       0xc8 ./src/sub-systemCode/Global/GlobalParam.o
                0x2000eb70                set_tempBatt
 .text.set_RxDoppler
                0x2000ec38       0x8c ./src/sub-systemCode/Global/GlobalParam.o
                0x2000ec38                set_RxDoppler
 .text.set_RxRSSI
                0x2000ecc4       0x8c ./src/sub-systemCode/Global/GlobalParam.o
                0x2000ecc4                set_RxRSSI
 .text.set_TxRefl
                0x2000ed50       0x8c ./src/sub-systemCode/Global/GlobalParam.o
                0x2000ed50                set_TxRefl
 .text.set_TxForw
                0x2000eddc       0x8c ./src/sub-systemCode/Global/GlobalParam.o
                0x2000eddc                set_TxForw
 .text.get_ST   0x2000ee68       0x8c ./src/sub-systemCode/Global/GlobalParam.o
                0x2000ee68                get_ST
 .text.set_numOfAPRS
                0x2000eef4       0x8c ./src/sub-systemCode/Global/GlobalParam.o
                0x2000eef4                set_numOfAPRS
 .text.set_numOfDelayedCommand
                0x2000ef80       0x8c ./src/sub-systemCode/Global/GlobalParam.o
                0x2000ef80                set_numOfDelayedCommand
 .text.set_numOfResets
                0x2000f00c       0xac ./src/sub-systemCode/Global/GlobalParam.o
                0x2000f00c                set_numOfResets
 .text.set_ground_conn
                0x2000f0b8       0xa0 ./src/sub-systemCode/Global/GlobalParam.o
                0x2000f0b8                set_ground_conn
 .text.get_ground_conn
                0x2000f158       0xa0 ./src/sub-systemCode/Global/GlobalParam.o
                0x2000f158                get_ground_conn
 .text.IsisAntS_getStatusData_sideA
                0x2000f1f8       0x3c ./src/sub-systemCode/Global/OnlineTM.o
                0x2000f1f8                IsisAntS_getStatusData_sideA
 .text.IsisAntS_getAlltelemetry_sideA
                0x2000f234       0x3c ./src/sub-systemCode/Global/OnlineTM.o
                0x2000f234                IsisAntS_getAlltelemetry_sideA
 .text.IsisAntS_getTemperature_sideA
                0x2000f270       0x3c ./src/sub-systemCode/Global/OnlineTM.o
                0x2000f270                IsisAntS_getTemperature_sideA
 .text.IsisAntS_getStatusData_sideB
                0x2000f2ac       0x3c ./src/sub-systemCode/Global/OnlineTM.o
                0x2000f2ac                IsisAntS_getStatusData_sideB
 .text.IsisAntS_getAlltelemetry_sideB
                0x2000f2e8       0x3c ./src/sub-systemCode/Global/OnlineTM.o
                0x2000f2e8                IsisAntS_getAlltelemetry_sideB
 .text.IsisAntS_getTemperature_sideB
                0x2000f324       0x3c ./src/sub-systemCode/Global/OnlineTM.o
                0x2000f324                IsisAntS_getTemperature_sideB
 .text.HK_collect_EPS
                0x2000f360       0x30 ./src/sub-systemCode/Global/OnlineTM.o
                0x2000f360                HK_collect_EPS
 .text.HK_collect_COMM
                0x2000f390       0x30 ./src/sub-systemCode/Global/OnlineTM.o
                0x2000f390                HK_collect_COMM
 .text.HK_collect_CAM
                0x2000f3c0       0x30 ./src/sub-systemCode/Global/OnlineTM.o
                0x2000f3c0                HK_collect_CAM
 .text.HK_collect_SP
                0x2000f3f0       0x30 ./src/sub-systemCode/Global/OnlineTM.o
                0x2000f3f0                HK_collect_SP
 .text.HK_collect_FS_A
                0x2000f420       0x34 ./src/sub-systemCode/Global/OnlineTM.o
                0x2000f420                HK_collect_FS_A
 .text.HK_collect_FS_B
                0x2000f454       0x34 ./src/sub-systemCode/Global/OnlineTM.o
                0x2000f454                HK_collect_FS_B
 .text.save_offlineSetting_FRAM
                0x2000f488      0x26c ./src/sub-systemCode/Global/OnlineTM.o
                0x2000f488                save_offlineSetting_FRAM
 .text.get_offlineSetting_FRAM
                0x2000f6f4       0x58 ./src/sub-systemCode/Global/OnlineTM.o
                0x2000f6f4                get_offlineSetting_FRAM
 .text.update_offlineSetting_FRAM
                0x2000f74c      0x360 ./src/sub-systemCode/Global/OnlineTM.o
                0x2000f74c                update_offlineSetting_FRAM
 .text.get_offlineSettingPacket
                0x2000faac       0xc4 ./src/sub-systemCode/Global/OnlineTM.o
                0x2000faac                get_offlineSettingPacket
 .text.get_item_by_index
                0x2000fb70       0xdc ./src/sub-systemCode/Global/OnlineTM.o
                0x2000fb70                get_item_by_index
 .text.get_pointer_item_by_index
                0x2000fc4c       0x48 ./src/sub-systemCode/Global/OnlineTM.o
                0x2000fc4c                get_pointer_item_by_index
 .text.init_onlineParam
                0x2000fc94     0x2f10 ./src/sub-systemCode/Global/OnlineTM.o
                0x2000fc94                init_onlineParam
 .text.reset_offline_TM_list
                0x20012ba4      0x19c ./src/sub-systemCode/Global/OnlineTM.o
                0x20012ba4                reset_offline_TM_list
 .text.get_online_packet
                0x20012d40      0x25c ./src/sub-systemCode/Global/OnlineTM.o
                0x20012d40                get_online_packet
 .text.save_onlineTM_param
                0x20012f9c      0x1b4 ./src/sub-systemCode/Global/OnlineTM.o
                0x20012f9c                save_onlineTM_param
 .text.add_onlineTM_param_to_save_list
                0x20013150      0x3d8 ./src/sub-systemCode/Global/OnlineTM.o
                0x20013150                add_onlineTM_param_to_save_list
 .text.delete_onlineTM_param_from_offline
                0x20013528      0x1a8 ./src/sub-systemCode/Global/OnlineTM.o
                0x20013528                delete_onlineTM_param_from_offline
 .text.save_onlineTM_logic
                0x200136d0      0x2a8 ./src/sub-systemCode/Global/OnlineTM.o
                0x200136d0                save_onlineTM_logic
 .text.save_onlineTM_task
                0x20013978       0xdc ./src/sub-systemCode/Global/OnlineTM.o
                0x20013978                save_onlineTM_task
 .text.delete_allTMFilesFromSD
                0x20013a54       0xf8 ./src/sub-systemCode/Global/TLM_management.o
                0x20013a54                delete_allTMFilesFromSD
 .text.getNumOfFilesInFS
                0x20013b4c       0x44 ./src/sub-systemCode/Global/TLM_management.o
 .text.setNumOfFilesInFS
                0x20013b90       0x50 ./src/sub-systemCode/Global/TLM_management.o
 .text.f_managed_enterFS
                0x20013be0       0xb0 ./src/sub-systemCode/Global/TLM_management.o
                0x20013be0                f_managed_enterFS
 .text.f_managed_releaseFS
                0x20013c90       0x58 ./src/sub-systemCode/Global/TLM_management.o
                0x20013c90                f_managed_releaseFS
 .text.f_managed_open
                0x20013ce8      0x134 ./src/sub-systemCode/Global/TLM_management.o
                0x20013ce8                f_managed_open
 .text.f_managed_close
                0x20013e1c       0xbc ./src/sub-systemCode/Global/TLM_management.o
                0x20013e1c                f_managed_close
 .text.createSemahores_FS
                0x20013ed8       0x7c ./src/sub-systemCode/Global/TLM_management.o
                0x20013ed8                createSemahores_FS
 .text.InitializeFS
                0x20013f54      0x1a8 ./src/sub-systemCode/Global/TLM_management.o
                0x20013f54                InitializeFS
 .text.c_fileCreate
                0x200140fc       0xf4 ./src/sub-systemCode/Global/TLM_management.o
                0x200140fc                c_fileCreate
 .text.writewithEpochtime
                0x200141f0       0x94 ./src/sub-systemCode/Global/TLM_management.o
 .text.get_C_FILE_struct
                0x20014284      0x104 ./src/sub-systemCode/Global/TLM_management.o
 .text.getFileIndex
                0x20014388       0x4c ./src/sub-systemCode/Global/TLM_management.o
 .text.get_file_name_by_index
                0x200143d4       0x54 ./src/sub-systemCode/Global/TLM_management.o
                0x200143d4                get_file_name_by_index
 .text.c_fileReset
                0x20014428       0xbc ./src/sub-systemCode/Global/TLM_management.o
                0x20014428                c_fileReset
 .text.c_fileWrite
                0x200144e4      0x168 ./src/sub-systemCode/Global/TLM_management.o
                0x200144e4                c_fileWrite
 .text.deleteElementsFromFile
                0x2001464c      0x184 ./src/sub-systemCode/Global/TLM_management.o
 .text.c_fileDeleteElements
                0x200147d0      0x168 ./src/sub-systemCode/Global/TLM_management.o
                0x200147d0                c_fileDeleteElements
 .text.c_fileRead
                0x20014938      0x2e0 ./src/sub-systemCode/Global/TLM_management.o
                0x20014938                c_fileRead
 .text.reset_APRS_list
                0x20014c18       0xa4 ./src/sub-systemCode/COMM/APRS.o
                0x20014c18                reset_APRS_list
 .text.send_APRS_Dump
                0x20014cbc      0x1c0 ./src/sub-systemCode/COMM/APRS.o
                0x20014cbc                send_APRS_Dump
 .text.get_APRS_list
                0x20014e7c       0x88 ./src/sub-systemCode/COMM/APRS.o
                0x20014e7c                get_APRS_list
 .text.find_CMD_in_list
                0x20014f04       0x7c ./src/sub-systemCode/COMM/DelayedCommand_list.o
                0x20014f04                find_CMD_in_list
 .text.find_empty_in_list
                0x20014f80       0x74 ./src/sub-systemCode/COMM/DelayedCommand_list.o
                0x20014f80                find_empty_in_list
 .text.check_delayCommandTime
                0x20014ff4       0x8c ./src/sub-systemCode/COMM/DelayedCommand_list.o
                0x20014ff4                check_delayCommandTime
 .text.execute_delayedCommand
                0x20015080       0x64 ./src/sub-systemCode/COMM/DelayedCommand_list.o
                0x20015080                execute_delayedCommand
 .text.check_delaycommand
                0x200150e4      0x17c ./src/sub-systemCode/COMM/DelayedCommand_list.o
                0x200150e4                check_delaycommand
 .text.reset_delayCommand
                0x20015260       0x8c ./src/sub-systemCode/COMM/DelayedCommand_list.o
                0x20015260                reset_delayCommand
 .text.add_delayCommand
                0x200152ec      0x1a4 ./src/sub-systemCode/COMM/DelayedCommand_list.o
                0x200152ec                add_delayCommand
 .text.get_delayCommand_list
                0x20015490       0x80 ./src/sub-systemCode/COMM/DelayedCommand_list.o
                0x20015490                get_delayCommand_list
 .text.EmptyOldestCommand
                0x20015510       0xfc ./src/sub-systemCode/COMM/DelayedCommand_list.o
                0x20015510                EmptyOldestCommand
 .text.decode_TCpacket
                0x2001560c      0x16c ./src/sub-systemCode/COMM/GSC.o
                0x2001560c                decode_TCpacket
 .text.encode_TCpacket
                0x20015778      0x114 ./src/sub-systemCode/COMM/GSC.o
                0x20015778                encode_TCpacket
 .text.encode_TMpacket
                0x2001588c      0x104 ./src/sub-systemCode/COMM/GSC.o
                0x2001588c                encode_TMpacket
 .text.build_raw_ACK
                0x20015990       0xbc ./src/sub-systemCode/COMM/GSC.o
                0x20015990                build_raw_ACK
 .text.build_data_field_ACK
                0x20015a4c       0x74 ./src/sub-systemCode/COMM/GSC.o
                0x20015a4c                build_data_field_ACK
 .text.update_FRAM_bitRate
                0x20015ac0       0xd0 ./src/sub-systemCode/COMM/TRXVU.o
                0x20015ac0                update_FRAM_bitRate
 .text.toggle_idle_state
                0x20015b90       0x94 ./src/sub-systemCode/COMM/TRXVU.o
                0x20015b90                toggle_idle_state
 .text.TRXVU_init_hardWare
                0x20015c24       0xac ./src/sub-systemCode/COMM/TRXVU.o
                0x20015c24                TRXVU_init_hardWare
 .text.TRXVU_init_softWare
                0x20015cd0      0x100 ./src/sub-systemCode/COMM/TRXVU.o
                0x20015cd0                TRXVU_init_softWare
 .text.init_trxvu
                0x20015dd0       0x14 ./src/sub-systemCode/COMM/TRXVU.o
                0x20015dd0                init_trxvu
 .text.TRXVU_task
                0x20015de4       0x9c ./src/sub-systemCode/COMM/TRXVU.o
                0x20015de4                TRXVU_task
 .text.dump_logic
                0x20015e80      0x348 ./src/sub-systemCode/COMM/TRXVU.o
                0x20015e80                dump_logic
 .text.Dump_task
                0x200161c8      0x17c ./src/sub-systemCode/COMM/TRXVU.o
                0x200161c8                Dump_task
 .text.transponder_logic
                0x20016344       0xbc ./src/sub-systemCode/COMM/TRXVU.o
                0x20016344                transponder_logic
 .text.Transponder_task
                0x20016400      0x238 ./src/sub-systemCode/COMM/TRXVU.o
                0x20016400                Transponder_task
 .text.lookForRequestToDelete_transponder
                0x20016638       0xc0 ./src/sub-systemCode/COMM/TRXVU.o
                0x20016638                lookForRequestToDelete_transponder
 .text.lookForRequestToDelete_dump
                0x200166f8       0x78 ./src/sub-systemCode/COMM/TRXVU.o
                0x200166f8                lookForRequestToDelete_dump
 .text.sendRequestToStop_dump
                0x20016770       0x8c ./src/sub-systemCode/COMM/TRXVU.o
                0x20016770                sendRequestToStop_dump
 .text.sendRequestToStop_transponder
                0x200167fc       0x8c ./src/sub-systemCode/COMM/TRXVU.o
                0x200167fc                sendRequestToStop_transponder
 .text.Rx_logic
                0x20016888      0x184 ./src/sub-systemCode/COMM/TRXVU.o
                0x20016888                Rx_logic
 .text.pass_above_Ground
                0x20016a0c      0x104 ./src/sub-systemCode/COMM/TRXVU.o
                0x20016a0c                pass_above_Ground
 .text.trxvu_logic
                0x20016b10       0x1c ./src/sub-systemCode/COMM/TRXVU.o
                0x20016b10                trxvu_logic
 .text.Beacon_task
                0x20016b2c      0x170 ./src/sub-systemCode/COMM/TRXVU.o
                0x20016b2c                Beacon_task
 .text.buildAndSend_beacon
                0x20016c9c      0x604 ./src/sub-systemCode/COMM/TRXVU.o
                0x20016c9c                buildAndSend_beacon
 .text.reset_FRAM_TRXVU
                0x200172a0      0x160 ./src/sub-systemCode/COMM/TRXVU.o
                0x200172a0                reset_FRAM_TRXVU
 .text.TRX_sendFrame
                0x20017400      0x1c0 ./src/sub-systemCode/COMM/TRXVU.o
                0x20017400                TRX_sendFrame
 .text.TRX_getFrameData
                0x200175c0      0x10c ./src/sub-systemCode/COMM/TRXVU.o
                0x200175c0                TRX_getFrameData
 .text.mute_Tx  0x200176cc       0x20 ./src/sub-systemCode/COMM/TRXVU.o
                0x200176cc                mute_Tx
 .text.unmute_Tx
                0x200176ec       0x58 ./src/sub-systemCode/COMM/TRXVU.o
                0x200176ec                unmute_Tx
 .text.check_time_off_mute
                0x20017744       0x88 ./src/sub-systemCode/COMM/TRXVU.o
                0x20017744                check_time_off_mute
 .text.set_mute_time
                0x200177cc       0xb4 ./src/sub-systemCode/COMM/TRXVU.o
                0x200177cc                set_mute_time
 .text.change_TRXVU_state
                0x20017880       0xe0 ./src/sub-systemCode/COMM/TRXVU.o
                0x20017880                change_TRXVU_state
 .text.change_trans_RSSI
                0x20017960       0x60 ./src/sub-systemCode/COMM/TRXVU.o
                0x20017960                change_trans_RSSI
 .text.init_adcs
                0x200179c0      0x104 ./src/sub-systemCode/ADCS/ADCS.o
                0x200179c0                init_adcs
 .text.telemtryStart
                0x20017ac4      0x16c ./src/sub-systemCode/ADCS/Stage_Table.o
                0x20017ac4                telemtryStart
 .text.powerStart
                0x20017c30       0x5c ./src/sub-systemCode/ADCS/Stage_Table.o
                0x20017c30                powerStart
 .text.createTable
                0x20017c8c       0xb4 ./src/sub-systemCode/ADCS/Stage_Table.o
                0x20017c8c                createTable
 .text.buildControlMode
                0x20017d40       0x60 ./src/sub-systemCode/ADCS/Stage_Table.o
                0x20017d40                buildControlMode
 .text.Check_Table
                0x20017da0      0x178 ./src/sub-systemCode/ADCS/Stage_Table.o
                0x20017da0                Check_Table
 .text.updateTable
                0x20017f18      0x1f0 ./src/sub-systemCode/ADCS/Stage_Table.o
                0x20017f18                updateTable
 .text.translateCommandFULL
                0x20018108       0x78 ./src/sub-systemCode/ADCS/Stage_Table.o
                0x20018108                translateCommandFULL
 .text.getTableTo
                0x20018180       0x64 ./src/sub-systemCode/ADCS/Stage_Table.o
                0x20018180                getTableTo
 .text.save_time
                0x200181e4       0x9c ./src/main.o
                0x200181e4                save_time
 .text.Command_logic
                0x20018280       0x6c ./src/main.o
                0x20018280                Command_logic
 .text.taskMain
                0x200182ec       0x74 ./src/main.o
                0x200182ec                taskMain
 .text.main     0x20018360       0xbc ./src/main.o
                0x20018360                main
 .text.GomEpsInitialize
                0x2001841c      0x148 C:/HOOPOE3/satellite-subsystems/demo/..//satellite-subsystems/lib\libSatelliteSubsystemsD.a(GomEPS.o)
                0x2001841c                GomEpsInitialize
 .text.makeEPStransfer
                0x20018564       0x3c C:/HOOPOE3/satellite-subsystems/demo/..//satellite-subsystems/lib\libSatelliteSubsystemsD.a(GomEPS.o)
 .text.GomEpsSoftReset
                0x200185a0       0xc4 C:/HOOPOE3/satellite-subsystems/demo/..//satellite-subsystems/lib\libSatelliteSubsystemsD.a(GomEPS.o)
                0x200185a0                GomEpsSoftReset
 .text.GomEpsHardReset
                0x20018664       0xa8 C:/HOOPOE3/satellite-subsystems/demo/..//satellite-subsystems/lib\libSatelliteSubsystemsD.a(GomEPS.o)
                0x20018664                GomEpsHardReset
 .text.GomEpsGetHkData_param
                0x2001870c      0x29c C:/HOOPOE3/satellite-subsystems/demo/..//satellite-subsystems/lib\libSatelliteSubsystemsD.a(GomEPS.o)
                0x2001870c                GomEpsGetHkData_param
 .text.GomEpsGetHkData_general
                0x200189a8      0x45c C:/HOOPOE3/satellite-subsystems/demo/..//satellite-subsystems/lib\libSatelliteSubsystemsD.a(GomEPS.o)
                0x200189a8                GomEpsGetHkData_general
 .text.GomEpsGetHkData_vi
                0x20018e04      0x188 C:/HOOPOE3/satellite-subsystems/demo/..//satellite-subsystems/lib\libSatelliteSubsystemsD.a(GomEPS.o)
                0x20018e04                GomEpsGetHkData_vi
 .text.GomEpsGetHkData_out
                0x20018f8c      0x21c C:/HOOPOE3/satellite-subsystems/demo/..//satellite-subsystems/lib\libSatelliteSubsystemsD.a(GomEPS.o)
                0x20018f8c                GomEpsGetHkData_out
 .text.GomEpsGetHkData_wdt
                0x200191a8      0x2b4 C:/HOOPOE3/satellite-subsystems/demo/..//satellite-subsystems/lib\libSatelliteSubsystemsD.a(GomEPS.o)
                0x200191a8                GomEpsGetHkData_wdt
 .text.GomEpsGetHkData_basic
                0x2001945c      0x22c C:/HOOPOE3/satellite-subsystems/demo/..//satellite-subsystems/lib\libSatelliteSubsystemsD.a(GomEPS.o)
                0x2001945c                GomEpsGetHkData_basic
 .text.GomEpsSetOutput
                0x20019688       0xbc C:/HOOPOE3/satellite-subsystems/demo/..//satellite-subsystems/lib\libSatelliteSubsystemsD.a(GomEPS.o)
                0x20019688                GomEpsSetOutput
 .text.GomEpsConfigGet
                0x20019744      0x16c C:/HOOPOE3/satellite-subsystems/demo/..//satellite-subsystems/lib\libSatelliteSubsystemsD.a(GomEPS.o)
                0x20019744                GomEpsConfigGet
 .text.GomEpsConfigSet
                0x200198b0      0x184 C:/HOOPOE3/satellite-subsystems/demo/..//satellite-subsystems/lib\libSatelliteSubsystemsD.a(GomEPS.o)
                0x200198b0                GomEpsConfigSet
 .text.GomEpsConfig2Get
                0x20019a34      0x16c C:/HOOPOE3/satellite-subsystems/demo/..//satellite-subsystems/lib\libSatelliteSubsystemsD.a(GomEPS.o)
                0x20019a34                GomEpsConfig2Get
 .text.makeAntStransfer
                0x20019ba0       0x4c C:/HOOPOE3/satellite-subsystems/demo/..//satellite-subsystems/lib\libSatelliteSubsystemsD.a(IsisAntS.o)
 .text.checkInputsValid
                0x20019bec       0x7c C:/HOOPOE3/satellite-subsystems/demo/..//satellite-subsystems/lib\libSatelliteSubsystemsD.a(IsisAntS.o)
 .text.IsisAntS_setArmStatus
                0x20019c68      0x104 C:/HOOPOE3/satellite-subsystems/demo/..//satellite-subsystems/lib\libSatelliteSubsystemsD.a(IsisAntS.o)
                0x20019c68                IsisAntS_setArmStatus
 .text.IsisAntS_getStatusData
                0x20019d6c      0x120 C:/HOOPOE3/satellite-subsystems/demo/..//satellite-subsystems/lib\libSatelliteSubsystemsD.a(IsisAntS.o)
                0x20019d6c                IsisAntS_getStatusData
 .text.IsisAntS_getTemperature
                0x20019e8c      0x120 C:/HOOPOE3/satellite-subsystems/demo/..//satellite-subsystems/lib\libSatelliteSubsystemsD.a(IsisAntS.o)
                0x20019e8c                IsisAntS_getTemperature
 .text.IsisAntS_getAlltelemetry
                0x20019fac      0x120 C:/HOOPOE3/satellite-subsystems/demo/..//satellite-subsystems/lib\libSatelliteSubsystemsD.a(IsisAntS.o)
                0x20019fac                IsisAntS_getAlltelemetry
 .text.IsisAntS_reset
                0x2001a0cc      0x104 C:/HOOPOE3/satellite-subsystems/demo/..//satellite-subsystems/lib\libSatelliteSubsystemsD.a(IsisAntS.o)
                0x2001a0cc                IsisAntS_reset
 .text.IsisSolarPanelv2_initialize
                0x2001a1d0       0xb4 C:/HOOPOE3/satellite-subsystems/demo/..//satellite-subsystems/lib\libSatelliteSubsystemsD.a(IsisSolarPanelv2.o)
                0x2001a1d0                IsisSolarPanelv2_initialize
 .text.IsisSolarPanelv2_getTemperature
                0x2001a284       0xc8 C:/HOOPOE3/satellite-subsystems/demo/..//satellite-subsystems/lib\libSatelliteSubsystemsD.a(IsisSolarPanelv2.o)
                0x2001a284                IsisSolarPanelv2_getTemperature
 .text.IsisSolarPanelv2_sleep
                0x2001a34c       0xbc C:/HOOPOE3/satellite-subsystems/demo/..//satellite-subsystems/lib\libSatelliteSubsystemsD.a(IsisSolarPanelv2.o)
                0x2001a34c                IsisSolarPanelv2_sleep
 .text.IsisSolarPanelv2_wakeup
                0x2001a408       0x80 C:/HOOPOE3/satellite-subsystems/demo/..//satellite-subsystems/lib\libSatelliteSubsystemsD.a(IsisSolarPanelv2.o)
                0x2001a408                IsisSolarPanelv2_wakeup
 .text._Reset   0x2001a488       0x20 C:/HOOPOE3/satellite-subsystems/demo/..//satellite-subsystems/lib\libSatelliteSubsystemsD.a(IsisSolarPanelv2.o)
 .text._WaitForStartup
                0x2001a4a8       0x90 C:/HOOPOE3/satellite-subsystems/demo/..//satellite-subsystems/lib\libSatelliteSubsystemsD.a(IsisSolarPanelv2.o)
 .text._AssignAllChannels
                0x2001a538       0x90 C:/HOOPOE3/satellite-subsystems/demo/..//satellite-subsystems/lib\libSatelliteSubsystemsD.a(IsisSolarPanelv2.o)
 .text._AssignThisChannel
                0x2001a5c8       0xe8 C:/HOOPOE3/satellite-subsystems/demo/..//satellite-subsystems/lib\libSatelliteSubsystemsD.a(IsisSolarPanelv2.o)
 .text._InitiateConversion
                0x2001a6b0       0xac C:/HOOPOE3/satellite-subsystems/demo/..//satellite-subsystems/lib\libSatelliteSubsystemsD.a(IsisSolarPanelv2.o)
 .text._WaitForConversionComplete
                0x2001a75c      0x100 C:/HOOPOE3/satellite-subsystems/demo/..//satellite-subsystems/lib\libSatelliteSubsystemsD.a(IsisSolarPanelv2.o)
 .text._ReadResult
                0x2001a85c      0x158 C:/HOOPOE3/satellite-subsystems/demo/..//satellite-subsystems/lib\libSatelliteSubsystemsD.a(IsisSolarPanelv2.o)
 .text._ExtractByte
                0x2001a9b4       0x38 C:/HOOPOE3/satellite-subsystems/demo/..//satellite-subsystems/lib\libSatelliteSubsystemsD.a(IsisSolarPanelv2.o)
 .text._ExtendSign
                0x2001a9ec       0x6c C:/HOOPOE3/satellite-subsystems/demo/..//satellite-subsystems/lib\libSatelliteSubsystemsD.a(IsisSolarPanelv2.o)
 .text._PinsInit
                0x2001aa58       0x50 C:/HOOPOE3/satellite-subsystems/demo/..//satellite-subsystems/lib\libSatelliteSubsystemsD.a(IsisSolarPanelv2.o)
 .text._SpiWriteRead
                0x2001aaa8       0x70 C:/HOOPOE3/satellite-subsystems/demo/..//satellite-subsystems/lib\libSatelliteSubsystemsD.a(IsisSolarPanelv2.o)
 .text.IsisTrxvu_initialize
                0x2001ab18      0x2f4 C:/HOOPOE3/satellite-subsystems/demo/..//satellite-subsystems/lib\libSatelliteSubsystemsD.a(IsisTRXVU.o)
                0x2001ab18                IsisTrxvu_initialize
 .text.makeTRXVUtransfer
                0x2001ae0c       0x44 C:/HOOPOE3/satellite-subsystems/demo/..//satellite-subsystems/lib\libSatelliteSubsystemsD.a(IsisTRXVU.o)
 .text.IsisTrxvu_componentSoftReset
                0x2001ae50       0x6c C:/HOOPOE3/satellite-subsystems/demo/..//satellite-subsystems/lib\libSatelliteSubsystemsD.a(IsisTRXVU.o)
                0x2001ae50                IsisTrxvu_componentSoftReset
 .text.IsisTrxvu_componentHardReset
                0x2001aebc       0xc8 C:/HOOPOE3/satellite-subsystems/demo/..//satellite-subsystems/lib\libSatelliteSubsystemsD.a(IsisTRXVU.o)
                0x2001aebc                IsisTrxvu_componentHardReset
 .text.IsisTrxvu_softReset
                0x2001af84       0x74 C:/HOOPOE3/satellite-subsystems/demo/..//satellite-subsystems/lib\libSatelliteSubsystemsD.a(IsisTRXVU.o)
                0x2001af84                IsisTrxvu_softReset
 .text.IsisTrxvu_hardReset
                0x2001aff8       0x74 C:/HOOPOE3/satellite-subsystems/demo/..//satellite-subsystems/lib\libSatelliteSubsystemsD.a(IsisTRXVU.o)
                0x2001aff8                IsisTrxvu_hardReset
 .text.IsisTrxvu_tcSendAX25DefClSign
                0x2001b06c       0xec C:/HOOPOE3/satellite-subsystems/demo/..//satellite-subsystems/lib\libSatelliteSubsystemsD.a(IsisTRXVU.o)
                0x2001b06c                IsisTrxvu_tcSendAX25DefClSign
 .text.IsisTrxvu_tcSetIdlestate
                0x2001b158       0xa4 C:/HOOPOE3/satellite-subsystems/demo/..//satellite-subsystems/lib\libSatelliteSubsystemsD.a(IsisTRXVU.o)
                0x2001b158                IsisTrxvu_tcSetIdlestate
 .text.IsisTrxvu_tcSetAx25Bitrate
                0x2001b1fc       0xc4 C:/HOOPOE3/satellite-subsystems/demo/..//satellite-subsystems/lib\libSatelliteSubsystemsD.a(IsisTRXVU.o)
                0x2001b1fc                IsisTrxvu_tcSetAx25Bitrate
 .text.IsisTrxvu_tcGetTelemetryAll
                0x2001b2c0       0xd0 C:/HOOPOE3/satellite-subsystems/demo/..//satellite-subsystems/lib\libSatelliteSubsystemsD.a(IsisTRXVU.o)
                0x2001b2c0                IsisTrxvu_tcGetTelemetryAll
 .text.IsisTrxvu_tcGetTelemetryAll_revC
                0x2001b390       0xd0 C:/HOOPOE3/satellite-subsystems/demo/..//satellite-subsystems/lib\libSatelliteSubsystemsD.a(IsisTRXVU.o)
                0x2001b390                IsisTrxvu_tcGetTelemetryAll_revC
 .text.IsisTrxvu_rcGetFrameCount
                0x2001b460       0xa0 C:/HOOPOE3/satellite-subsystems/demo/..//satellite-subsystems/lib\libSatelliteSubsystemsD.a(IsisTRXVU.o)
                0x2001b460                IsisTrxvu_rcGetFrameCount
 .text.IsisTrxvu_rcGetCommandFrame
                0x2001b500      0x2d8 C:/HOOPOE3/satellite-subsystems/demo/..//satellite-subsystems/lib\libSatelliteSubsystemsD.a(IsisTRXVU.o)
                0x2001b500                IsisTrxvu_rcGetCommandFrame
 .text.IsisTrxvu_rcGetTelemetryAll
                0x2001b7d8       0xd0 C:/HOOPOE3/satellite-subsystems/demo/..//satellite-subsystems/lib\libSatelliteSubsystemsD.a(IsisTRXVU.o)
                0x2001b7d8                IsisTrxvu_rcGetTelemetryAll
 .text.IsisTrxvu_rcGetTelemetryAll_revC
                0x2001b8a8       0xec C:/HOOPOE3/satellite-subsystems/demo/..//satellite-subsystems/lib\libSatelliteSubsystemsD.a(IsisTRXVU.o)
                0x2001b8a8                IsisTrxvu_rcGetTelemetryAll_revC
 .text.cspaceADCS_initialize
                0x2001b994      0x18c C:/HOOPOE3/satellite-subsystems/demo/..//satellite-subsystems/lib\libSatelliteSubsystemsD.a(cspaceADCS.o)
                0x2001b994                cspaceADCS_initialize
 .text.make_cspaceADCStransfer
                0x2001bb20      0x1b4 C:/HOOPOE3/satellite-subsystems/demo/..//satellite-subsystems/lib\libSatelliteSubsystemsD.a(cspaceADCS.o)
 .text.cspaceADCS_componentReset
                0x2001bcd4       0xbc C:/HOOPOE3/satellite-subsystems/demo/..//satellite-subsystems/lib\libSatelliteSubsystemsD.a(cspaceADCS.o)
                0x2001bcd4                cspaceADCS_componentReset
 .text.cspaceADCS_setRunMode
                0x2001bd90       0xbc C:/HOOPOE3/satellite-subsystems/demo/..//satellite-subsystems/lib\libSatelliteSubsystemsD.a(cspaceADCS.o)
                0x2001bd90                cspaceADCS_setRunMode
 .text.cspaceADCS_setPwrCtrlDevice
                0x2001be4c       0xd0 C:/HOOPOE3/satellite-subsystems/demo/..//satellite-subsystems/lib\libSatelliteSubsystemsD.a(cspaceADCS.o)
                0x2001be4c                cspaceADCS_setPwrCtrlDevice
 .text.cspaceADCS_setAttCtrlMode
                0x2001bf1c       0xd0 C:/HOOPOE3/satellite-subsystems/demo/..//satellite-subsystems/lib\libSatelliteSubsystemsD.a(cspaceADCS.o)
                0x2001bf1c                cspaceADCS_setAttCtrlMode
 .text.cspaceADCS_setAttEstMode
                0x2001bfec       0xbc C:/HOOPOE3/satellite-subsystems/demo/..//satellite-subsystems/lib\libSatelliteSubsystemsD.a(cspaceADCS.o)
                0x2001bfec                cspaceADCS_setAttEstMode
 .text.cspaceADCS_getCurrentState
                0x2001c0a8       0xc4 C:/HOOPOE3/satellite-subsystems/demo/..//satellite-subsystems/lib\libSatelliteSubsystemsD.a(cspaceADCS.o)
                0x2001c0a8                cspaceADCS_getCurrentState
 .text.cspaceADCS_getPowTempMeasTLM
                0x2001c16c       0xc4 C:/HOOPOE3/satellite-subsystems/demo/..//satellite-subsystems/lib\libSatelliteSubsystemsD.a(cspaceADCS.o)
                0x2001c16c                cspaceADCS_getPowTempMeasTLM
 .text.cspaceADCS_getPwrCtrlDevice
                0x2001c230       0xc4 C:/HOOPOE3/satellite-subsystems/demo/..//satellite-subsystems/lib\libSatelliteSubsystemsD.a(cspaceADCS.o)
                0x2001c230                cspaceADCS_getPwrCtrlDevice
 .text.GECKO_GetReg
                0x2001c2f4      0x110 C:/HOOPOE3/satellite-subsystems/demo/..//satellite-subsystems/lib\libSatelliteSubsystemsD.a(gecko_driver.o)
                0x2001c2f4                GECKO_GetReg
 .text.GECKO_GetVoltageInput5V
                0x2001c404       0xf4 C:/HOOPOE3/satellite-subsystems/demo/..//satellite-subsystems/lib\libSatelliteSubsystemsD.a(gecko_driver.o)
                0x2001c404                GECKO_GetVoltageInput5V
 .text.GECKO_GetCurrentInput5V
                0x2001c4f8      0x130 C:/HOOPOE3/satellite-subsystems/demo/..//satellite-subsystems/lib\libSatelliteSubsystemsD.a(gecko_driver.o)
                0x2001c4f8                GECKO_GetCurrentInput5V
 .text.GECKO_GetVoltageFPGA1V
                0x2001c628       0xd4 C:/HOOPOE3/satellite-subsystems/demo/..//satellite-subsystems/lib\libSatelliteSubsystemsD.a(gecko_driver.o)
                0x2001c628                GECKO_GetVoltageFPGA1V
 .text.GECKO_GetCurrentFPGA1V
                0x2001c6fc      0x130 C:/HOOPOE3/satellite-subsystems/demo/..//satellite-subsystems/lib\libSatelliteSubsystemsD.a(gecko_driver.o)
                0x2001c6fc                GECKO_GetCurrentFPGA1V
 .text.GECKO_GetVoltageFPGA1V8
                0x2001c82c       0xd4 C:/HOOPOE3/satellite-subsystems/demo/..//satellite-subsystems/lib\libSatelliteSubsystemsD.a(gecko_driver.o)
                0x2001c82c                GECKO_GetVoltageFPGA1V8
 .text.GECKO_GetCurrentFPGA1V8
                0x2001c900      0x130 C:/HOOPOE3/satellite-subsystems/demo/..//satellite-subsystems/lib\libSatelliteSubsystemsD.a(gecko_driver.o)
                0x2001c900                GECKO_GetCurrentFPGA1V8
 .text.GECKO_GetVoltageFPGA2V5
                0x2001ca30       0xe8 C:/HOOPOE3/satellite-subsystems/demo/..//satellite-subsystems/lib\libSatelliteSubsystemsD.a(gecko_driver.o)
                0x2001ca30                GECKO_GetVoltageFPGA2V5
 .text.GECKO_GetCurrentFPGA2V5
                0x2001cb18      0x130 C:/HOOPOE3/satellite-subsystems/demo/..//satellite-subsystems/lib\libSatelliteSubsystemsD.a(gecko_driver.o)
                0x2001cb18                GECKO_GetCurrentFPGA2V5
 .text.GECKO_GetVoltageFPGA3V3
                0x2001cc48       0xe8 C:/HOOPOE3/satellite-subsystems/demo/..//satellite-subsystems/lib\libSatelliteSubsystemsD.a(gecko_driver.o)
                0x2001cc48                GECKO_GetVoltageFPGA3V3
 .text.GECKO_GetCurrentFPGA3V3
                0x2001cd30      0x130 C:/HOOPOE3/satellite-subsystems/demo/..//satellite-subsystems/lib\libSatelliteSubsystemsD.a(gecko_driver.o)
                0x2001cd30                GECKO_GetCurrentFPGA3V3
 .text.GECKO_GetVoltageFlash1V8
                0x2001ce60       0xd4 C:/HOOPOE3/satellite-subsystems/demo/..//satellite-subsystems/lib\libSatelliteSubsystemsD.a(gecko_driver.o)
                0x2001ce60                GECKO_GetVoltageFlash1V8
 .text.GECKO_GetCurrentFlash1V8
                0x2001cf34      0x130 C:/HOOPOE3/satellite-subsystems/demo/..//satellite-subsystems/lib\libSatelliteSubsystemsD.a(gecko_driver.o)
                0x2001cf34                GECKO_GetCurrentFlash1V8
 .text.GECKO_GetVoltageFlash3V3
                0x2001d064       0xe8 C:/HOOPOE3/satellite-subsystems/demo/..//satellite-subsystems/lib\libSatelliteSubsystemsD.a(gecko_driver.o)
                0x2001d064                GECKO_GetVoltageFlash3V3
 .text.GECKO_GetCurrentFlash3V3
                0x2001d14c      0x130 C:/HOOPOE3/satellite-subsystems/demo/..//satellite-subsystems/lib\libSatelliteSubsystemsD.a(gecko_driver.o)
                0x2001d14c                GECKO_GetCurrentFlash3V3
 .text.GECKO_GetVoltageSNSR1V8
                0x2001d27c       0xe8 C:/HOOPOE3/satellite-subsystems/demo/..//satellite-subsystems/lib\libSatelliteSubsystemsD.a(gecko_driver.o)
                0x2001d27c                GECKO_GetVoltageSNSR1V8
 .text.GECKO_GetCurrentSNSR1V8
                0x2001d364      0x130 C:/HOOPOE3/satellite-subsystems/demo/..//satellite-subsystems/lib\libSatelliteSubsystemsD.a(gecko_driver.o)
                0x2001d364                GECKO_GetCurrentSNSR1V8
 .text.GECKO_GetVoltageSNSRVDDPIX
                0x2001d494       0xe8 C:/HOOPOE3/satellite-subsystems/demo/..//satellite-subsystems/lib\libSatelliteSubsystemsD.a(gecko_driver.o)
                0x2001d494                GECKO_GetVoltageSNSRVDDPIX
 .text.GECKO_GetCurrentSNSRVDDPIX
                0x2001d57c      0x130 C:/HOOPOE3/satellite-subsystems/demo/..//satellite-subsystems/lib\libSatelliteSubsystemsD.a(gecko_driver.o)
                0x2001d57c                GECKO_GetCurrentSNSRVDDPIX
 .text.GECKO_GetVoltageSNSR3V3
                0x2001d6ac       0xe8 C:/HOOPOE3/satellite-subsystems/demo/..//satellite-subsystems/lib\libSatelliteSubsystemsD.a(gecko_driver.o)
                0x2001d6ac                GECKO_GetVoltageSNSR3V3
 .text.GECKO_GetCurrentSNSR3V3
                0x2001d794      0x130 C:/HOOPOE3/satellite-subsystems/demo/..//satellite-subsystems/lib\libSatelliteSubsystemsD.a(gecko_driver.o)
                0x2001d794                GECKO_GetCurrentSNSR3V3
 .text.GECKO_GetVoltageFlashVTT09
                0x2001d8c4       0xd4 C:/HOOPOE3/satellite-subsystems/demo/..//satellite-subsystems/lib\libSatelliteSubsystemsD.a(gecko_driver.o)
                0x2001d8c4                GECKO_GetVoltageFlashVTT09
 .text.GECKO_GetTempSMU3AB
                0x2001d998      0x35c C:/HOOPOE3/satellite-subsystems/demo/..//satellite-subsystems/lib\libSatelliteSubsystemsD.a(gecko_driver.o)
                0x2001d998                GECKO_GetTempSMU3AB
 .text.GECKO_GetTempSMU3BC
                0x2001dcf4      0x360 C:/HOOPOE3/satellite-subsystems/demo/..//satellite-subsystems/lib\libSatelliteSubsystemsD.a(gecko_driver.o)
                0x2001dcf4                GECKO_GetTempSMU3BC
 .text.GECKO_GetTempREGU6
                0x2001e054      0x35c C:/HOOPOE3/satellite-subsystems/demo/..//satellite-subsystems/lib\libSatelliteSubsystemsD.a(gecko_driver.o)
                0x2001e054                GECKO_GetTempREGU6
 .text.GECKO_GetTempREGU8
                0x2001e3b0      0x360 C:/HOOPOE3/satellite-subsystems/demo/..//satellite-subsystems/lib\libSatelliteSubsystemsD.a(gecko_driver.o)
                0x2001e3b0                GECKO_GetTempREGU8
 .text.GECKO_GetTempFlash
                0x2001e710      0x360 C:/HOOPOE3/satellite-subsystems/demo/..//satellite-subsystems/lib\libSatelliteSubsystemsD.a(gecko_driver.o)
                0x2001e710                GECKO_GetTempFlash
 .text._SpiWriteRead
                0x2001ea70       0x70 C:/HOOPOE3/satellite-subsystems/demo/..//satellite-subsystems/lib\libSatelliteSubsystemsD.a(gecko_driver.o)
 .text.makeTRXCommonTransfer
                0x2001eae0       0x34 C:/HOOPOE3/satellite-subsystems/demo/..//satellite-subsystems/lib\libSatelliteSubsystemsD.a(IsisTRXCommon.o)
 .text.IsisTrxCommon_componentReset
                0x2001eb14       0x68 C:/HOOPOE3/satellite-subsystems/demo/..//satellite-subsystems/lib\libSatelliteSubsystemsD.a(IsisTRXCommon.o)
                0x2001eb14                IsisTrxCommon_componentReset
 .text.IsisTrxCommon_TxSendAX25DefClSign
                0x2001eb7c       0xf4 C:/HOOPOE3/satellite-subsystems/demo/..//satellite-subsystems/lib\libSatelliteSubsystemsD.a(IsisTRXCommon.o)
                0x2001eb7c                IsisTrxCommon_TxSendAX25DefClSign
 .text.IsisTrxCommon_TxSetIdlestate
                0x2001ec70       0x78 C:/HOOPOE3/satellite-subsystems/demo/..//satellite-subsystems/lib\libSatelliteSubsystemsD.a(IsisTRXCommon.o)
                0x2001ec70                IsisTrxCommon_TxSetIdlestate
 .text.IsisTrxCommon_TxSetAx25Bitrate
                0x2001ece8       0x78 C:/HOOPOE3/satellite-subsystems/demo/..//satellite-subsystems/lib\libSatelliteSubsystemsD.a(IsisTRXCommon.o)
                0x2001ece8                IsisTrxCommon_TxSetAx25Bitrate
 .text.IsisTrxCommon_RxGetFrameCount
                0x2001ed60       0x8c C:/HOOPOE3/satellite-subsystems/demo/..//satellite-subsystems/lib\libSatelliteSubsystemsD.a(IsisTRXCommon.o)
                0x2001ed60                IsisTrxCommon_RxGetFrameCount
 .text.IsisTrxCommon_RxGetTelemetryAll_revC
                0x2001edec       0x8c C:/HOOPOE3/satellite-subsystems/demo/..//satellite-subsystems/lib\libSatelliteSubsystemsD.a(IsisTRXCommon.o)
                0x2001edec                IsisTrxCommon_RxGetTelemetryAll_revC
 .text.log      0x2001ee78      0x17c c:/isis/application/toolchain/bin/../lib/gcc/arm-none-eabi/4.7.4/../../../../arm-none-eabi/lib\libm.a(lib_a-w_log.o)
                0x2001ee78                log
 *fill*         0x2001eff4        0x4 00
 .text.__ieee754_log
                0x2001eff8      0x5c0 c:/isis/application/toolchain/bin/../lib/gcc/arm-none-eabi/4.7.4/../../../../arm-none-eabi/lib\libm.a(lib_a-e_log.o)
                0x2001eff8                __ieee754_log
 .text.matherr  0x2001f5b8        0x8 c:/isis/application/toolchain/bin/../lib/gcc/arm-none-eabi/4.7.4/../../../../arm-none-eabi/lib\libm.a(lib_a-s_matherr.o)
                0x2001f5b8                matherr
 .text.nan      0x2001f5c0       0x10 c:/isis/application/toolchain/bin/../lib/gcc/arm-none-eabi/4.7.4/../../../../arm-none-eabi/lib\libm.a(lib_a-s_nan.o)
                0x2001f5c0                nan
 .text.fn_init  0x2001f5d0      0x2e0 C:/HOOPOE3/satellite-subsystems/demo/../..//hal/hcc/lib\libHCCD.a(fat_common.o)
                0x2001f5d0                fn_init
 .text._f_get16bitl
                0x2001f8b0       0x4c C:/HOOPOE3/satellite-subsystems/demo/../..//hal/hcc/lib\libHCCD.a(fat_common.o)
                0x2001f8b0                _f_get16bitl
 .text._f_set16bitl
                0x2001f8fc       0x54 C:/HOOPOE3/satellite-subsystems/demo/../..//hal/hcc/lib\libHCCD.a(fat_common.o)
                0x2001f8fc                _f_set16bitl
 .text._f_get32bitl
                0x2001f950       0x68 C:/HOOPOE3/satellite-subsystems/demo/../..//hal/hcc/lib\libHCCD.a(fat_common.o)
                0x2001f950                _f_get32bitl
 .text._f_set32bitl
                0x2001f9b8       0x78 C:/HOOPOE3/satellite-subsystems/demo/../..//hal/hcc/lib\libHCCD.a(fat_common.o)
                0x2001f9b8                _f_set32bitl
 .text._get8bit
                0x2001fa30       0xa0 C:/HOOPOE3/satellite-subsystems/demo/../..//hal/hcc/lib\libHCCD.a(fat_common.o)
 .text._get16bitl
                0x2001fad0       0x40 C:/HOOPOE3/satellite-subsystems/demo/../..//hal/hcc/lib\libHCCD.a(fat_common.o)
 .text._get32bitl
                0x2001fb10       0x3c C:/HOOPOE3/satellite-subsystems/demo/../..//hal/hcc/lib\libHCCD.a(fat_common.o)
 .text._f_setcardremoved
                0x2001fb4c       0x94 C:/HOOPOE3/satellite-subsystems/demo/../..//hal/hcc/lib\libHCCD.a(fat_common.o)
 .text._f_checkstatus
                0x2001fbe0      0x104 C:/HOOPOE3/satellite-subsystems/demo/../..//hal/hcc/lib\libHCCD.a(fat_common.o)
                0x2001fbe0                _f_checkstatus
 .text._f_drvgetphy
                0x2001fce4      0x114 C:/HOOPOE3/satellite-subsystems/demo/../..//hal/hcc/lib\libHCCD.a(fat_common.o)
 .text._f_drvwritesector
                0x2001fdf8       0xdc C:/HOOPOE3/satellite-subsystems/demo/../..//hal/hcc/lib\libHCCD.a(fat_common.o)
 .text._f_drvreadsector
                0x2001fed4       0xa8 C:/HOOPOE3/satellite-subsystems/demo/../..//hal/hcc/lib\libHCCD.a(fat_common.o)
 .text._f_writesector
                0x2001ff7c      0x23c C:/HOOPOE3/satellite-subsystems/demo/../..//hal/hcc/lib\libHCCD.a(fat_common.o)
                0x2001ff7c                _f_writesector
 .text._f_readsector
                0x200201b8      0x1dc C:/HOOPOE3/satellite-subsystems/demo/../..//hal/hcc/lib\libHCCD.a(fat_common.o)
                0x200201b8                _f_readsector
 .text._f_getmaxcluster
                0x20020394       0x94 C:/HOOPOE3/satellite-subsystems/demo/../..//hal/hcc/lib\libHCCD.a(fat_common.o)
                0x20020394                _f_getmaxcluster
 .text._getsectorfromcluster
                0x20020428       0x68 C:/HOOPOE3/satellite-subsystems/demo/../..//hal/hcc/lib\libHCCD.a(fat_common.o)
 .text._f_buildsectors
                0x20020490      0x268 C:/HOOPOE3/satellite-subsystems/demo/../..//hal/hcc/lib\libHCCD.a(fat_common.o)
 .text._f_getbootrecord
                0x200206f8      0x5e4 C:/HOOPOE3/satellite-subsystems/demo/../..//hal/hcc/lib\libHCCD.a(fat_common.o)
 .text._f_readbootrecord
                0x20020cdc      0x4f8 C:/HOOPOE3/satellite-subsystems/demo/../..//hal/hcc/lib\libHCCD.a(fat_common.o)
 .text._f_flushcffiles
                0x200211d4      0x17c C:/HOOPOE3/satellite-subsystems/demo/../..//hal/hcc/lib\libHCCD.a(fat_common.o)
                0x200211d4                _f_flushcffiles
 .text._f_fatcache_flush
                0x20021350      0x270 C:/HOOPOE3/satellite-subsystems/demo/../..//hal/hcc/lib\libHCCD.a(fat_common.o)
                0x20021350                _f_fatcache_flush
 .text._f_writefatsector
                0x200215c0      0x100 C:/HOOPOE3/satellite-subsystems/demo/../..//hal/hcc/lib\libHCCD.a(fat_common.o)
                0x200215c0                _f_writefatsector
 .text._f_getfatsector
                0x200216c0      0x3bc C:/HOOPOE3/satellite-subsystems/demo/../..//hal/hcc/lib\libHCCD.a(fat_common.o)
 .text._f_setclustervalue
                0x20021a7c      0x490 C:/HOOPOE3/satellite-subsystems/demo/../..//hal/hcc/lib\libHCCD.a(fat_common.o)
                0x20021a7c                _f_setclustervalue
 .text._f_getclustervalue
                0x20021f0c      0x388 C:/HOOPOE3/satellite-subsystems/demo/../..//hal/hcc/lib\libHCCD.a(fat_common.o)
                0x20021f0c                _f_getclustervalue
 .text._f_close_drive_files
                0x20022294       0xac C:/HOOPOE3/satellite-subsystems/demo/../..//hal/hcc/lib\libHCCD.a(fat_common.o)
 .text._f_inc_mount_count
                0x20022340       0xa4 C:/HOOPOE3/satellite-subsystems/demo/../..//hal/hcc/lib\libHCCD.a(fat_common.o)
 .text._f_getvolume
                0x200223e4      0x2f8 C:/HOOPOE3/satellite-subsystems/demo/../..//hal/hcc/lib\libHCCD.a(fat_common.o)
                0x200223e4                _f_getvolume
 .text.fn_createdriver
                0x200226dc      0x118 C:/HOOPOE3/satellite-subsystems/demo/../..//hal/hcc/lib\libHCCD.a(fat_common.o)
                0x200226dc                fn_createdriver
 .text.fn_initvolume
                0x200227f4      0x12c C:/HOOPOE3/satellite-subsystems/demo/../..//hal/hcc/lib\libHCCD.a(fat_common.o)
                0x200227f4                fn_initvolume
 .text.fn_initvolumepartition_sub
                0x20022920       0xe0 C:/HOOPOE3/satellite-subsystems/demo/../..//hal/hcc/lib\libHCCD.a(fat_common.o)
 .text.fn_initvolumepartition
                0x20022a00       0xac C:/HOOPOE3/satellite-subsystems/demo/../..//hal/hcc/lib\libHCCD.a(fat_common.o)
                0x20022a00                fn_initvolumepartition
 .text._f_clustertopos
                0x20022aac       0xf8 C:/HOOPOE3/satellite-subsystems/demo/../..//hal/hcc/lib\libHCCD.a(fat_common.o)
                0x20022aac                _f_clustertopos
 .text._f_getcurrsector
                0x20022ba4      0x6c8 C:/HOOPOE3/satellite-subsystems/demo/../..//hal/hcc/lib\libHCCD.a(fat_common.o)
                0x20022ba4                _f_getcurrsector
 .text._f_getdecluster
                0x2002326c       0x90 C:/HOOPOE3/satellite-subsystems/demo/../..//hal/hcc/lib\libHCCD.a(fat_common.o)
                0x2002326c                _f_getdecluster
 .text._f_setdecluster
                0x200232fc       0x8c C:/HOOPOE3/satellite-subsystems/demo/../..//hal/hcc/lib\libHCCD.a(fat_common.o)
                0x200232fc                _f_setdecluster
 .text.fn_getdrive
                0x20023388       0x30 C:/HOOPOE3/satellite-subsystems/demo/../..//hal/hcc/lib\libHCCD.a(fat_common.o)
                0x20023388                fn_getdrive
 .text._f_getcurrenttimedate
                0x200233b8      0x138 C:/HOOPOE3/satellite-subsystems/demo/../..//hal/hcc/lib\libHCCD.a(fat_common.o)
                0x200233b8                _f_getcurrenttimedate
 .text._f_initentry
                0x200234f0       0xa0 C:/HOOPOE3/satellite-subsystems/demo/../..//hal/hcc/lib\libHCCD.a(fat_common.o)
                0x200234f0                _f_initentry
 .text._f_alloccluster
                0x20023590      0x344 C:/HOOPOE3/satellite-subsystems/demo/../..//hal/hcc/lib\libHCCD.a(fat_common.o)
                0x20023590                _f_alloccluster
 .text._f_dobadblock
                0x200238d4      0x2cc C:/HOOPOE3/satellite-subsystems/demo/../..//hal/hcc/lib\libHCCD.a(fat_common.o)
                0x200238d4                _f_dobadblock
 .text._f_checklocked
                0x20023ba0       0xe4 C:/HOOPOE3/satellite-subsystems/demo/../..//hal/hcc/lib\libHCCD.a(fat_common.o)
                0x20023ba0                _f_checklocked
 .text._f_checkappendlocked
                0x20023c84      0x110 C:/HOOPOE3/satellite-subsystems/demo/../..//hal/hcc/lib\libHCCD.a(fat_common.o)
                0x20023c84                _f_checkappendlocked
 .text._f_setsyncafile
                0x20023d94      0x114 C:/HOOPOE3/satellite-subsystems/demo/../..//hal/hcc/lib\libHCCD.a(fat_common.o)
                0x20023d94                _f_setsyncafile
 .text._f_syncfiles
                0x20023ea8      0x128 C:/HOOPOE3/satellite-subsystems/demo/../..//hal/hcc/lib\libHCCD.a(fat_common.o)
                0x20023ea8                _f_syncfiles
 .text._f_syncfilescontent
                0x20023fd0      0x15c C:/HOOPOE3/satellite-subsystems/demo/../..//hal/hcc/lib\libHCCD.a(fat_common.o)
 .text.fn_getfreespace
                0x2002412c      0x4c0 C:/HOOPOE3/satellite-subsystems/demo/../..//hal/hcc/lib\libHCCD.a(fat_common.o)
                0x2002412c                fn_getfreespace
 .text._f_emptywritecache
                0x200245ec      0x4a4 C:/HOOPOE3/satellite-subsystems/demo/../..//hal/hcc/lib\libHCCD.a(fat_common.o)
 .text._f_allocnextcluster
                0x20024a90      0x54c C:/HOOPOE3/satellite-subsystems/demo/../..//hal/hcc/lib\libHCCD.a(fat_common.o)
 .text._f_emptywritebuffer
                0x20024fdc      0x20c C:/HOOPOE3/satellite-subsystems/demo/../..//hal/hcc/lib\libHCCD.a(fat_common.o)
 .text._f_writezeros
                0x200251e8       0xf0 C:/HOOPOE3/satellite-subsystems/demo/../..//hal/hcc/lib\libHCCD.a(fat_common.o)
                0x200251e8                _f_writezeros
 .text._f_extend_file
                0x200252d8      0x570 C:/HOOPOE3/satellite-subsystems/demo/../..//hal/hcc/lib\libHCCD.a(fat_common.o)
 .text._f_fseek
                0x20025848      0x9bc C:/HOOPOE3/satellite-subsystems/demo/../..//hal/hcc/lib\libHCCD.a(fat_common.o)
                0x20025848                _f_fseek
 .text._f_removechain
                0x20026204      0x104 C:/HOOPOE3/satellite-subsystems/demo/../..//hal/hcc/lib\libHCCD.a(fat_common.o)
                0x20026204                _f_removechain
 .text._f_updatefileentry
                0x20026308      0x1cc C:/HOOPOE3/satellite-subsystems/demo/../..//hal/hcc/lib\libHCCD.a(fat_common.o)
 .text._f_checkreadlocked
                0x200264d4      0x1bc C:/HOOPOE3/satellite-subsystems/demo/../..//hal/hcc/lib\libHCCD.a(fat_common.o)
                0x200264d4                _f_checkreadlocked
 .text._f_check_handle
                0x20026690       0x98 C:/HOOPOE3/satellite-subsystems/demo/../..//hal/hcc/lib\libHCCD.a(fat_common.o)
                0x20026690                _f_check_handle
 .text._f_removesyncafile
                0x20026728      0x1ec C:/HOOPOE3/satellite-subsystems/demo/../..//hal/hcc/lib\libHCCD.a(fat_common.o)
 .text.fn_close
                0x20026914      0x3f8 C:/HOOPOE3/satellite-subsystems/demo/../..//hal/hcc/lib\libHCCD.a(fat_common.o)
                0x20026914                fn_close
 .text.fn_flush
                0x20026d0c      0x374 C:/HOOPOE3/satellite-subsystems/demo/../..//hal/hcc/lib\libHCCD.a(fat_common.o)
                0x20026d0c                fn_flush
 .text.fn_read  0x20027080      0x690 C:/HOOPOE3/satellite-subsystems/demo/../..//hal/hcc/lib\libHCCD.a(fat_common.o)
                0x20027080                fn_read
 .text._f_abortwrite
                0x20027710      0x100 C:/HOOPOE3/satellite-subsystems/demo/../..//hal/hcc/lib\libHCCD.a(fat_common.o)
 .text._f_checkwritecluster
                0x20027810       0xe4 C:/HOOPOE3/satellite-subsystems/demo/../..//hal/hcc/lib\libHCCD.a(fat_common.o)
 .text.fn_write
                0x200278f4      0x8a8 C:/HOOPOE3/satellite-subsystems/demo/../..//hal/hcc/lib\libHCCD.a(fat_common.o)
                0x200278f4                fn_write
 .text.fn_seek  0x2002819c      0x270 C:/HOOPOE3/satellite-subsystems/demo/../..//hal/hcc/lib\libHCCD.a(fat_common.o)
                0x2002819c                fn_seek
 .text.f_enterFS
                0x2002840c      0x1c0 C:/HOOPOE3/satellite-subsystems/demo/../..//hal/hcc/lib\libHCCD.a(fat_common.o)
                0x2002840c                f_enterFS
 .text.f_releaseFS
                0x200285cc       0xb0 C:/HOOPOE3/satellite-subsystems/demo/../..//hal/hcc/lib\libHCCD.a(fat_common.o)
                0x200285cc                f_releaseFS
 .text.fnGetTask
                0x2002867c       0xfc C:/HOOPOE3/satellite-subsystems/demo/../..//hal/hcc/lib\libHCCD.a(fat_common.o)
                0x2002867c                fnGetTask
 .text._f_mutex_get
                0x20028778       0x98 C:/HOOPOE3/satellite-subsystems/demo/../..//hal/hcc/lib\libHCCD.a(fat_common.o)
                0x20028778                _f_mutex_get
 .text._f_mutex_put
                0x20028810       0x54 C:/HOOPOE3/satellite-subsystems/demo/../..//hal/hcc/lib\libHCCD.a(fat_common.o)
                0x20028810                _f_mutex_put
 .text._fn_initseekdivisor
                0x20028864      0x158 C:/HOOPOE3/satellite-subsystems/demo/../..//hal/hcc/lib\libHCCD.a(fat_common.o)
                0x20028864                _fn_initseekdivisor
 .text._fn_updateseekpos
                0x200289bc       0xc4 C:/HOOPOE3/satellite-subsystems/demo/../..//hal/hcc/lib\libHCCD.a(fat_common.o)
 .text._f_findopensize
                0x20028a80       0x2c C:/HOOPOE3/satellite-subsystems/demo/../..//hal/hcc/lib\libHCCD.a(fat_common.o)
                0x20028a80                _f_findopensize
 .text.fn_setlasterror
                0x20028aac       0x34 C:/HOOPOE3/satellite-subsystems/demo/../..//hal/hcc/lib\libHCCD.a(fat_common.o)
                0x20028aac                fn_setlasterror
 .text.fn_setlasterror_noret
                0x20028ae0       0x2c C:/HOOPOE3/satellite-subsystems/demo/../..//hal/hcc/lib\libHCCD.a(fat_common.o)
                0x20028ae0                fn_setlasterror_noret
 .text.fm_initvolume
                0x20028b0c       0x70 C:/HOOPOE3/satellite-subsystems/demo/../..//hal/hcc/lib\libHCCD.a(fat_m.o)
                0x20028b0c                fm_initvolume
 .text.fm_getdrive
                0x20028b7c       0x70 C:/HOOPOE3/satellite-subsystems/demo/../..//hal/hcc/lib\libHCCD.a(fat_m.o)
                0x20028b7c                fm_getdrive
 .text.fm_getfreespace
                0x20028bec       0x68 C:/HOOPOE3/satellite-subsystems/demo/../..//hal/hcc/lib\libHCCD.a(fat_m.o)
                0x20028bec                fm_getfreespace
 .text.fm_findfirst
                0x20028c54       0x68 C:/HOOPOE3/satellite-subsystems/demo/../..//hal/hcc/lib\libHCCD.a(fat_m.o)
                0x20028c54                fm_findfirst
 .text.fm_findnext
                0x20028cbc       0x60 C:/HOOPOE3/satellite-subsystems/demo/../..//hal/hcc/lib\libHCCD.a(fat_m.o)
                0x20028cbc                fm_findnext
 .text.fm_rename
                0x20028d1c       0x68 C:/HOOPOE3/satellite-subsystems/demo/../..//hal/hcc/lib\libHCCD.a(fat_m.o)
                0x20028d1c                fm_rename
 .text.fm_filelength
                0x20028d84       0x60 C:/HOOPOE3/satellite-subsystems/demo/../..//hal/hcc/lib\libHCCD.a(fat_m.o)
                0x20028d84                fm_filelength
 .text.fm_close
                0x20028de4       0x60 C:/HOOPOE3/satellite-subsystems/demo/../..//hal/hcc/lib\libHCCD.a(fat_m.o)