Archive member included because of file (symbol)

c:/isis/application/toolchain/bin/../lib/gcc/arm-none-eabi/4.7.4/../../../../arm-none-eabi/lib\libc_s.a(lib_a-vfprintf_float.o)
                              (_printf_float)
c:/isis/application/toolchain/bin/../lib/gcc/arm-none-eabi/4.7.4/../../../../arm-none-eabi/lib\libc_s.a(lib_a-vfprintf_i.o)
                              c:/isis/application/toolchain/bin/../lib/gcc/arm-none-eabi/4.7.4/../../../../arm-none-eabi/lib\libc_s.a(lib_a-vfprintf_float.o) (_printf_common)
c:/isis/application/toolchain/bin/../lib/gcc/arm-none-eabi/4.7.4/../../../../arm-none-eabi/lib\libc_s.a(lib_a-vfscanf_float.o)
                              (_scanf_float)
c:/isis/application/toolchain/bin/../lib/gcc/arm-none-eabi/4.7.4/../../../../arm-none-eabi/lib\libc_s.a(lib_a-dtoa.o)
                              c:/isis/application/toolchain/bin/../lib/gcc/arm-none-eabi/4.7.4/../../../../arm-none-eabi/lib\libc_s.a(lib_a-vfprintf_float.o) (_dtoa_r)
c:/isis/application/toolchain/bin/../lib/gcc/arm-none-eabi/4.7.4/../../../../arm-none-eabi/lib\libc_s.a(lib_a-locale.o)
                              c:/isis/application/toolchain/bin/../lib/gcc/arm-none-eabi/4.7.4/../../../../arm-none-eabi/lib\libc_s.a(lib_a-vfprintf_float.o) (_localeconv_r)
c:/isis/application/toolchain/bin/../lib/gcc/arm-none-eabi/4.7.4/../../../../arm-none-eabi/lib\libc_s.a(lib_a-malloc.o)
                              c:/isis/application/toolchain/bin/../lib/gcc/arm-none-eabi/4.7.4/../../../../arm-none-eabi/lib\libc_s.a(lib_a-dtoa.o) (malloc)
c:/isis/application/toolchain/bin/../lib/gcc/arm-none-eabi/4.7.4/../../../../arm-none-eabi/lib\libc_s.a(lib_a-mallocr.o)
                              c:/isis/application/toolchain/bin/../lib/gcc/arm-none-eabi/4.7.4/../../../../arm-none-eabi/lib\libc_s.a(lib_a-malloc.o) (_malloc_r)
c:/isis/application/toolchain/bin/../lib/gcc/arm-none-eabi/4.7.4/../../../../arm-none-eabi/lib\libc_s.a(lib_a-memcpy.o)
                              c:/isis/application/toolchain/bin/../lib/gcc/arm-none-eabi/4.7.4/../../../../arm-none-eabi/lib\libc_s.a(lib_a-dtoa.o) (memcpy)
c:/isis/application/toolchain/bin/../lib/gcc/arm-none-eabi/4.7.4/../../../../arm-none-eabi/lib\libc_s.a(lib_a-mprec.o)
                              c:/isis/application/toolchain/bin/../lib/gcc/arm-none-eabi/4.7.4/../../../../arm-none-eabi/lib\libc_s.a(lib_a-dtoa.o) (_Balloc)
c:/isis/application/toolchain/bin/../lib/gcc/arm-none-eabi/4.7.4/../../../../arm-none-eabi/lib\libc_s.a(lib_a-s_fpclassify.o)
                              c:/isis/application/toolchain/bin/../lib/gcc/arm-none-eabi/4.7.4/../../../../arm-none-eabi/lib\libc_s.a(lib_a-vfprintf_float.o) (__fpclassifyd)
c:/isis/application/toolchain/bin/../lib/gcc/arm-none-eabi/4.7.4/../../../../arm-none-eabi/lib\libc_s.a(lib_a-sbrkr.o)
                              c:/isis/application/toolchain/bin/../lib/gcc/arm-none-eabi/4.7.4/../../../../arm-none-eabi/lib\libc_s.a(lib_a-mallocr.o) (_sbrk_r)
c:/isis/application/toolchain/bin/../lib/gcc/arm-none-eabi/4.7.4/../../../../arm-none-eabi/lib\libc_s.a(lib_a-sf_nan.o)
                              c:/isis/application/toolchain/bin/../lib/gcc/arm-none-eabi/4.7.4/../../../../arm-none-eabi/lib\libc_s.a(lib_a-vfscanf_float.o) (nanf)
c:/isis/application/toolchain/bin/../lib/gcc/arm-none-eabi/4.7.4/../../../../arm-none-eabi/lib\libc_s.a(lib_a-sprintf.o)
                              c:/isis/application/toolchain/bin/../lib/gcc/arm-none-eabi/4.7.4/../../../../arm-none-eabi/lib\libc_s.a(lib_a-vfscanf_float.o) (sprintf)
c:/isis/application/toolchain/bin/../lib/gcc/arm-none-eabi/4.7.4/../../../../arm-none-eabi/lib\libc_s.a(lib_a-strcmp.o)
                              c:/isis/application/toolchain/bin/../lib/gcc/arm-none-eabi/4.7.4/../../../../arm-none-eabi/lib\libc_s.a(lib_a-locale.o) (strcmp)
c:/isis/application/toolchain/bin/../lib/gcc/arm-none-eabi/4.7.4/../../../../arm-none-eabi/lib\libc_s.a(lib_a-strlen.o)
                              c:/isis/application/toolchain/bin/../lib/gcc/arm-none-eabi/4.7.4/../../../../arm-none-eabi/lib\libc_s.a(lib_a-vfprintf_float.o) (strlen)
c:/isis/application/toolchain/bin/../lib/gcc/arm-none-eabi/4.7.4/../../../../arm-none-eabi/lib\libc_s.a(lib_a-strtod.o)
                              c:/isis/application/toolchain/bin/../lib/gcc/arm-none-eabi/4.7.4/../../../../arm-none-eabi/lib\libc_s.a(lib_a-vfscanf_float.o) (_strtod_r)
c:/isis/application/toolchain/bin/../lib/gcc/arm-none-eabi/4.7.4/../../../../arm-none-eabi/lib\libc_s.a(lib_a-strtol.o)
                              c:/isis/application/toolchain/bin/../lib/gcc/arm-none-eabi/4.7.4/../../../../arm-none-eabi/lib\libc_s.a(lib_a-vfscanf_float.o) (_strtol_r)
c:/isis/application/toolchain/bin/../lib/gcc/arm-none-eabi/4.7.4/../../../../arm-none-eabi/lib\libc_s.a(lib_a-svfprintf.o)
                              c:/isis/application/toolchain/bin/../lib/gcc/arm-none-eabi/4.7.4/../../../../arm-none-eabi/lib\libc_s.a(lib_a-sprintf.o) (_svfprintf_r)
[...]
Memory Configuration

Name             Origin             Length             Attributes
sram0            0x00200000         0x00004000         w !xr
sram1            0x00300000         0x00004000         w !xr
sdram            0x20000000         0x02000000         w !xr
*default*        0x00000000         0xffffffff

Linker script and memory map

LOAD c:/isis/application/toolchain/bin/../lib/gcc/arm-none-eabi/4.7.4/../../../../arm-none-eabi/lib\libc_s.a
LOAD ./src/sub-systemCode/payload/Request Management/Dump/Butchering.o
LOAD ./src/sub-systemCode/payload/Request Management/Dump/imageDump.o
LOAD ./src/sub-systemCode/payload/Request Management/AutomaticImageHandler.o
LOAD ./src/sub-systemCode/payload/Request Management/CameraManeger.o
LOAD ./src/sub-systemCode/payload/Request Management/DB_RequestHandling.o
LOAD ./src/sub-systemCode/payload/Misc/Boolean_bit.o
LOAD ./src/sub-systemCode/payload/Misc/FileSystem.o
LOAD ./src/sub-systemCode/payload/Drivers/GeckoCameraDriver.o
LOAD ./src/sub-systemCode/payload/DataBase/DataBase.o
LOAD ./src/sub-systemCode/payload/Compression/jpeg/bmp/rawToBMP.o
LOAD ./src/sub-systemCode/payload/Compression/jpeg/DCT.o
LOAD ./src/sub-systemCode/payload/Compression/jpeg/ImgCompressor.o
LOAD ./src/sub-systemCode/payload/Compression/jpeg/color_conv.o
LOAD ./src/sub-systemCode/payload/Compression/jpeg/jpeg.o
LOAD ./src/sub-systemCode/payload/Compression/jpeg/jpeg_encoder.o
LOAD ./src/sub-systemCode/payload/Compression/jpeg/jpeg_memory_alloc.o
LOAD ./src/sub-systemCode/payload/Compression/jpeg/jpeg_params.o
LOAD ./src/sub-systemCode/payload/Compression/jpeg/output_stream.o
LOAD ./src/sub-systemCode/payload/Compression/ImageConversion.o
LOAD ./src/sub-systemCode/Main/CMD/ADCS_CMD.o
LOAD ./src/sub-systemCode/Main/CMD/COMM_CMD.o
LOAD ./src/sub-systemCode/Main/CMD/EPS_CMD.o
LOAD ./src/sub-systemCode/Main/CMD/General_CMD.o
LOAD ./src/sub-systemCode/Main/CMD/SW_CMD.o
LOAD ./src/sub-systemCode/Main/CMD/payload_CMD.o
LOAD ./src/sub-systemCode/Main/Ants.o
LOAD ./src/sub-systemCode/Main/EPS.o
LOAD ./src/sub-systemCode/Main/HouseKeeping.o
LOAD ./src/sub-systemCode/Main/Main_Init.o
LOAD ./src/sub-systemCode/Main/commands.o
LOAD ./src/sub-systemCode/Global/GenericTaskSave.o
LOAD ./src/sub-systemCode/Global/Global.o
LOAD ./src/sub-systemCode/Global/GlobalParam.o
LOAD ./src/sub-systemCode/Global/OnlineTM.o
LOAD ./src/sub-systemCode/Global/TLM_management.o
LOAD ./src/sub-systemCode/Global/freertosExtended.o
LOAD ./src/sub-systemCode/Global/logger.o
LOAD ./src/sub-systemCode/CUF/CUF.o
LOAD ./src/sub-systemCode/CUF/uploadCodeTelemetry.o
LOAD ./src/sub-systemCode/COMM/APRS.o
LOAD ./src/sub-systemCode/COMM/DelayedCommand_list.o
LOAD ./src/sub-systemCode/COMM/GSC.o
LOAD ./src/sub-systemCode/COMM/TRXVU.o
LOAD ./src/sub-systemCode/ADCS/AdcsCommands.o
LOAD ./src/sub-systemCode/ADCS/AdcsGetDataAndTlm.o
LOAD ./src/sub-systemCode/ADCS/AdcsMain.o
LOAD ./src/sub-systemCode/ADCS/AdcsTroubleShooting.o
LOAD ./src/sub-systemCode/ADCS/StateMachine.o
LOAD ./src/main.o
LOAD C:/HOOPOE3/satellite-subsystems/demo/..//satellite-subsystems/lib\libSatelliteSubsystemsD.a
LOAD c:/isis/application/toolchain/bin/../lib/gcc/arm-none-eabi/4.7.4/../../../../arm-none-eabi/lib\libm.a
LOAD C:/HOOPOE3/satellite-subsystems/demo/../..//hal/hcc/lib\libHCCD.a
LOAD C:/HOOPOE3/satellite-subsystems/demo/../..//hal/hal/lib\libHALD.a
LOAD C:/HOOPOE3/satellite-subsystems/demo/../..//hal/freertos/lib\libFreeRTOSD.a
LOAD C:/HOOPOE3/satellite-subsystems/demo/../..//hal/at91/lib\libAt91D.a
START GROUP
LOAD c:/isis/application/toolchain/bin/../lib/gcc/arm-none-eabi/4.7.4\libgcc.a
LOAD c:/isis/application/toolchain/bin/../lib/gcc/arm-none-eabi/4.7.4/../../../../arm-none-eabi/lib\libc_s.a
END GROUP

.fixed          0x20000000    0x7c4d4
                0x20000000                . = ALIGN (0x4)
                0x20000000                _sfixed = .
 *(.startup)
 .startup       0x20000000      0x134 C:/HOOPOE3/satellite-subsystems/demo/../..//hal/at91/lib\libAt91D.a(board_cstartup.o)
                0x20000000                entry
 *(.text)
 .text          0x20000134       0x64 C:/HOOPOE3/satellite-subsystems/demo/../..//hal/at91/lib\libAt91D.a(cp15_asm.o)
                0x20000134                _readControlRegister
                0x20000140                _writeControlRegister
                0x20000148                _waitForInterrupt
                0x20000154                _writeTTB
                0x2000015c                _writeDomain
                0x20000164                _writeITLBLockdown
                0x2000016c                _prefetchICacheLine
                0x20000174                _flushDCache
                0x20000180                _flushWriteBuffer
                0x2000018c                _invalidateIDTLBs
 .text          0x20000198      0x114 c:/isis/application/toolchain/bin/../lib/gcc/arm-none-eabi/4.7.4\libgcc.a(_udivsi3.o)
                0x20000198                __aeabi_uidiv
                0x20000198                __udivsi3
                0x2000028c                __aeabi_uidivmod
 .text          0x200002ac      0x148 c:/isis/application/toolchain/bin/../lib/gcc/arm-none-eabi/4.7.4\libgcc.a(_divsi3.o)
                0x200002ac                __divsi3
                0x200002ac                __aeabi_idiv
                0x200003d4                __aeabi_idivmod
 .text          0x200003f4        0x4 c:/isis/application/toolchain/bin/../lib/gcc/arm-none-eabi/4.7.4\libgcc.a(_dvmd_tls.o)
                0x200003f4                __aeabi_idiv0
                0x200003f4                __aeabi_ldiv0
 .text          0x200003f8      0x41c c:/isis/application/toolchain/bin/../lib/gcc/arm-none-eabi/4.7.4\libgcc.a(_arm_addsubdf3.o)
                0x200003f8                __aeabi_drsub
                0x20000400                __aeabi_dsub
                0x20000400                __subdf3
                0x20000404                __aeabi_dadd
                0x20000404                __adddf3
                0x20000714                __floatunsidf
                0x20000714                __aeabi_ui2d
                0x20000738                __floatsidf
                0x20000738                __aeabi_i2d
                0x20000760                __aeabi_f2d
                0x20000760                __extendsfdf2
                0x200007a0                __floatundidf
                0x200007a0                __aeabi_ul2d
                0x200007b4                __floatdidf
                0x200007b4                __aeabi_l2d
 .text          0x20000814      0x49c c:/isis/application/toolchain/bin/../lib/gcc/arm-none-eabi/4.7.4\libgcc.a(_arm_muldivdf3.o)
                0x20000814                __aeabi_dmul
                0x20000814                __muldf3
                0x20000aa4                __divdf3
                0x20000aa4                __aeabi_ddiv
 .text          0x20000cb0      0x144 c:/isis/application/toolchain/bin/../lib/gcc/arm-none-eabi/4.7.4\libgcc.a(_arm_cmpdf2.o)
                0x20000cb0                __gtdf2
                0x20000cb0                __gedf2
                0x20000cb8                __ltdf2
                0x20000cb8                __ledf2
                0x20000cc0                __nedf2
                0x20000cc0                __eqdf2
                0x20000cc0                __cmpdf2
                0x20000d48                __aeabi_cdrcmple
                0x20000d64                __aeabi_cdcmpeq
                0x20000d64                __aeabi_cdcmple
                0x20000d7c                __aeabi_dcmpeq
                0x20000d94                __aeabi_dcmplt
                0x20000dac                __aeabi_dcmple
                0x20000dc4                __aeabi_dcmpge
                0x20000ddc                __aeabi_dcmpgt
 .text          0x20000df4       0x5c c:/isis/application/toolchain/bin/../lib/gcc/arm-none-eabi/4.7.4\libgcc.a(_arm_fixdfsi.o)
                0x20000df4                __aeabi_d2iz
                0x20000df4                __fixdfsi
 .text          0x20000e50       0x54 c:/isis/application/toolchain/bin/../lib/gcc/arm-none-eabi/4.7.4\libgcc.a(_arm_fixunsdfsi.o)
                0x20000e50                __aeabi_d2uiz
                0x20000e50                __fixunsdfsi
 .text          0x20000ea4       0xa0 c:/isis/application/toolchain/bin/../lib/gcc/arm-none-eabi/4.7.4\libgcc.a(_arm_truncdfsf2.o)
                0x20000ea4                __truncdfsf2
                0x20000ea4                __aeabi_d2f
 .text          0x20000f44      0x2ac c:/isis/application/toolchain/bin/../lib/gcc/arm-none-eabi/4.7.4\libgcc.a(_arm_addsubsf3.o)
                0x20000f44                __aeabi_frsub
                0x20000f4c                __subsf3
                0x20000f4c                __aeabi_fsub
                0x20000f50                __aeabi_fadd
                0x20000f50                __addsf3
                0x2000110c                __aeabi_ui2f
                0x2000110c                __floatunsisf
                0x20001114                __aeabi_i2f
                0x20001114                __floatsisf
                0x20001134                __aeabi_ul2f
                0x20001134                __floatundisf
                0x20001144                __aeabi_l2f
                0x20001144                __floatdisf
 .text          0x200011f0      0x2f8 c:/isis/application/toolchain/bin/../lib/gcc/arm-none-eabi/4.7.4\libgcc.a(_arm_muldivsf3.o)
                0x200011f0                __mulsf3
                0x200011f0                __aeabi_fmul
                0x20001388                __aeabi_fdiv
                0x20001388                __divsf3
 .text          0x200014e8      0x114 c:/isis/application/toolchain/bin/../lib/gcc/arm-none-eabi/4.7.4\libgcc.a(_arm_cmpsf2.o)
                0x200014e8                __gesf2
                0x200014e8                __gtsf2
                0x200014f0                __lesf2
                0x200014f0                __ltsf2
                0x200014f8                __nesf2
                0x200014f8                __eqsf2
                0x200014f8                __cmpsf2
                0x2000155c                __aeabi_cfrcmple
                0x2000156c                __aeabi_cfcmpeq
                0x2000156c                __aeabi_cfcmple
                0x20001584                __aeabi_fcmpeq
                0x2000159c                __aeabi_fcmplt
                0x200015b4                __aeabi_fcmple
                0x200015cc                __aeabi_fcmpge
                0x200015e4                __aeabi_fcmpgt
 .text          0x200015fc       0x5c c:/isis/application/toolchain/bin/../lib/gcc/arm-none-eabi/4.7.4\libgcc.a(_arm_fixsfsi.o)
                0x200015fc                __aeabi_f2iz
                0x200015fc                __fixsfsi
 .text          0x20001658       0x54 c:/isis/application/toolchain/bin/../lib/gcc/arm-none-eabi/4.7.4\libgcc.a(_arm_fixunssfsi.o)
                0x20001658                __fixunssfsi
                0x20001658                __aeabi_f2uiz
 *(.text*)
 .text.__cvt    0x200016ac      0x138 c:/isis/application/toolchain/bin/../lib/gcc/arm-none-eabi/4.7.4/../../../../arm-none-eabi/lib\libc_s.a(lib_a-vfprintf_float.o)
                0x200016ac                __cvt
 .text.__exponent
                0x200017e4       0xa8 c:/isis/application/toolchain/bin/../lib/gcc/arm-none-eabi/4.7.4/../../../../arm-none-eabi/lib\libc_s.a(lib_a-vfprintf_float.o)
                0x200017e4                __exponent
 .text._printf_float
                0x2000188c      0x7dc c:/isis/application/toolchain/bin/../lib/gcc/arm-none-eabi/4.7.4/../../../../arm-none-eabi/lib\libc_s.a(lib_a-vfprintf_float.o)
                0x2000188c                _printf_float
 .text._printf_common
                0x20002068      0x174 c:/isis/application/toolchain/bin/../lib/gcc/arm-none-eabi/4.7.4/../../../../arm-none-eabi/lib\libc_s.a(lib_a-vfprintf_i.o)
                0x20002068                _printf_common
 .text._printf_i
                0x200021dc      0x3c4 c:/isis/application/toolchain/bin/../lib/gcc/arm-none-eabi/4.7.4/../../../../arm-none-eabi/lib\libc_s.a(lib_a-vfprintf_i.o)
                0x200021dc                _printf_i
 .text._scanf_float
                0x200025a0      0x5f4 c:/isis/application/toolchain/bin/../lib/gcc/arm-none-eabi/4.7.4/../../../../arm-none-eabi/lib\libc_s.a(lib_a-vfscanf_float.o)
                0x200025a0                _scanf_float
 .text.quorem   0x20002b94      0x1ac c:/isis/application/toolchain/bin/../lib/gcc/arm-none-eabi/4.7.4/../../../../arm-none-eabi/lib\libc_s.a(lib_a-dtoa.o)
 .text._dtoa_r  0x20002d40     0x1268 c:/isis/application/toolchain/bin/../lib/gcc/arm-none-eabi/4.7.4/../../../../arm-none-eabi/lib\libc_s.a(lib_a-dtoa.o)
                0x20002d40                _dtoa_r
 .text._localeconv_r
                0x20003fa8        0xc c:/isis/application/toolchain/bin/../lib/gcc/arm-none-eabi/4.7.4/../../../../arm-none-eabi/lib\libc_s.a(lib_a-locale.o)
                0x20003fa8                _localeconv_r
 .text.malloc   0x20003fb4       0x20 c:/isis/application/toolchain/bin/../lib/gcc/arm-none-eabi/4.7.4/../../../../arm-none-eabi/lib\libc_s.a(lib_a-malloc.o)
                0x20003fb4                malloc
 .text.free     0x20003fd4       0x20 c:/isis/application/toolchain/bin/../lib/gcc/arm-none-eabi/4.7.4/../../../../arm-none-eabi/lib\libc_s.a(lib_a-malloc.o)
                0x20003fd4                free
 .text._malloc_r
                0x20003ff4       0xfc c:/isis/application/toolchain/bin/../lib/gcc/arm-none-eabi/4.7.4/../../../../arm-none-eabi/lib\libc_s.a(lib_a-mallocr.o)
                0x20003ff4                _malloc_r
 .text.memcpy   0x200040f0       0x20 c:/isis/application/toolchain/bin/../lib/gcc/arm-none-eabi/4.7.4/../../../../arm-none-eabi/lib\libc_s.a(lib_a-memcpy.o)
                0x200040f0                memcpy
 .text._Balloc  0x20004110       0xcc c:/isis/application/toolchain/bin/../lib/gcc/arm-none-eabi/4.7.4/../../../../arm-none-eabi/lib\libc_s.a(lib_a-mprec.o)
                0x20004110                _Balloc
 .text._Bfree   0x200041dc       0x5c c:/isis/application/toolchain/bin/../lib/gcc/arm-none-eabi/4.7.4/../../../../arm-none-eabi/lib\libc_s.a(lib_a-mprec.o)
                0x200041dc                _Bfree
 .text.__multadd
                0x20004238       0xbc c:/isis/application/toolchain/bin/../lib/gcc/arm-none-eabi/4.7.4/../../../../arm-none-eabi/lib\libc_s.a(lib_a-mprec.o)
                0x20004238                __multadd
 .text.__s2b    0x200042f4       0xd8 c:/isis/application/toolchain/bin/../lib/gcc/arm-none-eabi/4.7.4/../../../../arm-none-eabi/lib\libc_s.a(lib_a-mprec.o)
                0x200042f4                __s2b
 .text.__hi0bits
                0x200043cc       0x58 c:/isis/application/toolchain/bin/../lib/gcc/arm-none-eabi/4.7.4/../../../../arm-none-eabi/lib\libc_s.a(lib_a-mprec.o)
                0x200043cc                __hi0bits
 .text.__lo0bits
                0x20004424       0x94 c:/isis/application/toolchain/bin/../lib/gcc/arm-none-eabi/4.7.4/../../../../arm-none-eabi/lib\libc_s.a(lib_a-mprec.o)
                0x20004424                __lo0bits
 .text.__i2b    0x200044b8       0x24 c:/isis/application/toolchain/bin/../lib/gcc/arm-none-eabi/4.7.4/../../../../arm-none-eabi/lib\libc_s.a(lib_a-mprec.o)
                0x200044b8                __i2b
 .text.__multiply
                0x200044dc      0x1ac c:/isis/application/toolchain/bin/../lib/gcc/arm-none-eabi/4.7.4/../../../../arm-none-eabi/lib\libc_s.a(lib_a-mprec.o)
                0x200044dc                __multiply
 .text.__pow5mult
                0x20004688      0x10c c:/isis/application/toolchain/bin/../lib/gcc/arm-none-eabi/4.7.4/../../../../arm-none-eabi/lib\libc_s.a(lib_a-mprec.o)
                0x20004688                __pow5mult
 .text.__lshift
                0x20004794       0xf0 c:/isis/application/toolchain/bin/../lib/gcc/arm-none-eabi/4.7.4/../../../../arm-none-eabi/lib\libc_s.a(lib_a-mprec.o)
                0x20004794                __lshift
 .text.__mcmp   0x20004884       0x60 c:/isis/application/toolchain/bin/../lib/gcc/arm-none-eabi/4.7.4/../../../../arm-none-eabi/lib\libc_s.a(lib_a-mprec.o)
                0x20004884                __mcmp
 .text.__mdiff  0x200048e4      0x128 c:/isis/application/toolchain/bin/../lib/gcc/arm-none-eabi/4.7.4/../../../../arm-none-eabi/lib\libc_s.a(lib_a-mprec.o)
                0x200048e4                __mdiff
 .text.__ulp    0x20004a0c       0x5c c:/isis/application/toolchain/bin/../lib/gcc/arm-none-eabi/4.7.4/../../../../arm-none-eabi/lib\libc_s.a(lib_a-mprec.o)
                0x20004a0c                __ulp
 .text.__b2d    0x20004a68       0xc8 c:/isis/application/toolchain/bin/../lib/gcc/arm-none-eabi/4.7.4/../../../../arm-none-eabi/lib\libc_s.a(lib_a-mprec.o)
                0x20004a68                __b2d
 .text.__d2b    0x20004b30       0xfc c:/isis/application/toolchain/bin/../lib/gcc/arm-none-eabi/4.7.4/../../../../arm-none-eabi/lib\libc_s.a(lib_a-mprec.o)
                0x20004b30                __d2b
 .text.__ratio  0x20004c2c       0x70 c:/isis/application/toolchain/bin/../lib/gcc/arm-none-eabi/4.7.4/../../../../arm-none-eabi/lib\libc_s.a(lib_a-mprec.o)
                0x20004c2c                __ratio
 .text.__copybits
                0x20004c9c       0x4c c:/isis/application/toolchain/bin/../lib/gcc/arm-none-eabi/4.7.4/../../../../arm-none-eabi/lib\libc_s.a(lib_a-mprec.o)
                0x20004c9c                __copybits
 .text.__any_on
                0x20004ce8       0x7c c:/isis/application/toolchain/bin/../lib/gcc/arm-none-eabi/4.7.4/../../../../arm-none-eabi/lib\libc_s.a(lib_a-mprec.o)
                0x20004ce8                __any_on
 .text.__fpclassifyd
                0x20004d64       0x6c c:/isis/application/toolchain/bin/../lib/gcc/arm-none-eabi/4.7.4/../../../../arm-none-eabi/lib\libc_s.a(lib_a-s_fpclassify.o)
                0x20004d64                __fpclassifyd
 .text._sbrk_r  0x20004dd0       0x3c c:/isis/application/toolchain/bin/../lib/gcc/arm-none-eabi/4.7.4/../../../../arm-none-eabi/lib\libc_s.a(lib_a-sbrkr.o)
                0x20004dd0                _sbrk_r
 .text.nanf     0x20004e0c        0xc c:/isis/application/toolchain/bin/../lib/gcc/arm-none-eabi/4.7.4/../../../../arm-none-eabi/lib\libc_s.a(lib_a-sf_nan.o)
                0x20004e0c                nanf
 .text.sprintf  0x20004e18       0x6c c:/isis/application/toolchain/bin/../lib/gcc/arm-none-eabi/4.7.4/../../../../arm-none-eabi/lib\libc_s.a(lib_a-sprintf.o)
                0x20004e18                siprintf
                0x20004e18                sprintf
 .text.strcmp   0x20004e84       0x1c c:/isis/application/toolchain/bin/../lib/gcc/arm-none-eabi/4.7.4/../../../../arm-none-eabi/lib\libc_s.a(lib_a-strcmp.o)
                0x20004e84                strcmp
 .text.strlen   0x20004ea0       0x1c c:/isis/application/toolchain/bin/../lib/gcc/arm-none-eabi/4.7.4/../../../../arm-none-eabi/lib\libc_s.a(lib_a-strlen.o)
                0x20004ea0                strlen
 .text.match    0x20004ebc       0x54 c:/isis/application/toolchain/bin/../lib/gcc/arm-none-eabi/4.7.4/../../../../arm-none-eabi/lib\libc_s.a(lib_a-strtod.o)
 .text._strtod_r
                0x20004f10     0x1168 c:/isis/application/toolchain/bin/../lib/gcc/arm-none-eabi/4.7.4/../../../../arm-none-eabi/lib\libc_s.a(lib_a-strtod.o)
                0x20004f10                _strtod_r
 .text._strtol_r
                0x20006078      0x1b8 c:/isis/application/toolchain/bin/../lib/gcc/arm-none-eabi/4.7.4/../../../../arm-none-eabi/lib\libc_s.a(lib_a-strtol.o)
                0x20006078                _strtol_r
 .text.__ssputc_r
                0x20006230      0x10c c:/isis/application/toolchain/bin/../lib/gcc/arm-none-eabi/4.7.4/../../../../arm-none-eabi/lib\libc_s.a(lib_a-svfprintf.o)
                0x20006230                __ssputc_r
 .text._svfprintf_r
                0x2000633c      0x328 c:/isis/application/toolchain/bin/../lib/gcc/arm-none-eabi/4.7.4/../../../../arm-none-eabi/lib\libc_s.a(lib_a-svfprintf.o)
                0x2000633c                _svfiprintf_r
                0x2000633c                _svfprintf_r
 .text._calloc_r
                0x20006664       0x2c c:/isis/application/toolchain/bin/../lib/gcc/arm-none-eabi/4.7.4/../../../../arm-none-eabi/lib\libc_s.a(lib_a-callocr.o)
                0x20006664                _calloc_r
 .text._free_r  0x20006690      0x108 c:/isis/application/toolchain/bin/../lib/gcc/arm-none-eabi/4.7.4/../../../../arm-none-eabi/lib\libc_s.a(lib_a-freer.o)
                0x20006690                _free_r
 .text.rshift   0x20006798       0xb0 c:/isis/application/toolchain/bin/../lib/gcc/arm-none-eabi/4.7.4/../../../../arm-none-eabi/lib\libc_s.a(lib_a-gdtoa-gethex.o)
 .text.htinit.constprop.0
                0x20006848       0x34 c:/isis/application/toolchain/bin/../lib/gcc/arm-none-eabi/4.7.4/../../../../arm-none-eabi/lib\libc_s.a(lib_a-gdtoa-gethex.o)
 .text.__hexdig_init
                0x2000687c       0x38 c:/isis/application/toolchain/bin/../lib/gcc/arm-none-eabi/4.7.4/../../../../arm-none-eabi/lib\libc_s.a(lib_a-gdtoa-gethex.o)
                0x2000687c                __hexdig_init
 .text.__gethex
                0x200068b4      0x6cc c:/isis/application/toolchain/bin/../lib/gcc/arm-none-eabi/4.7.4/../../../../arm-none-eabi/lib\libc_s.a(lib_a-gdtoa-gethex.o)
                0x200068b4                __gethex
 .text.L_shift  0x20006f80       0x38 c:/isis/application/toolchain/bin/../lib/gcc/arm-none-eabi/4.7.4/../../../../arm-none-eabi/lib\libc_s.a(lib_a-gdtoa-hexnan.o)
 .text.__hexnan
                0x20006fb8      0x1d8 c:/isis/application/toolchain/bin/../lib/gcc/arm-none-eabi/4.7.4/../../../../arm-none-eabi/lib\libc_s.a(lib_a-gdtoa-hexnan.o)
                0x20006fb8                __hexnan
 .text.memchr   0x20007190       0x34 c:/isis/application/toolchain/bin/../lib/gcc/arm-none-eabi/4.7.4/../../../../arm-none-eabi/lib\libc_s.a(lib_a-memchr.o)
                0x20007190                memchr
 .text.memset   0x200071c4       0x1c c:/isis/application/toolchain/bin/../lib/gcc/arm-none-eabi/4.7.4/../../../../arm-none-eabi/lib\libc_s.a(lib_a-memset.o)
                0x200071c4                memset
 .text._realloc_r
                0x200071e0       0x80 c:/isis/application/toolchain/bin/../lib/gcc/arm-none-eabi/4.7.4/../../../../arm-none-eabi/lib\libc_s.a(lib_a-reallocr.o)
                0x200071e0                _realloc_r
 .text.strncmp  0x20007260       0x64 c:/isis/application/toolchain/bin/../lib/gcc/arm-none-eabi/4.7.4/../../../../arm-none-eabi/lib\libc_s.a(lib_a-strncmp.o)
                0x20007260                strncmp
 .text._malloc_usable_size_r
                0x200072c4       0x1c c:/isis/application/toolchain/bin/../lib/gcc/arm-none-eabi/4.7.4/../../../../arm-none-eabi/lib\libc_s.a(lib_a-msizer.o)
                0x200072c4                _malloc_usable_size_r
 .text.GetChunkFromImage
                0x200072e0      0x2d0 ./src/sub-systemCode/payload/Request Management/Dump/Butchering.o
                0x200072e0                GetChunkFromImage
 .text.SimpleButcher
                0x200075b0       0xd8 ./src/sub-systemCode/payload/Request Management/Dump/Butchering.o
                0x200075b0                SimpleButcher
 .text.readChunkDimentionsFromFRAM
                0x20007688       0x80 ./src/sub-systemCode/payload/Request Management/Dump/imageDump.o
                0x20007688                readChunkDimentionsFromFRAM
 .text.setChunkDimensions_inFRAM
                0x20007708      0x10c ./src/sub-systemCode/payload/Request Management/Dump/imageDump.o
                0x20007708                setChunkDimensions_inFRAM
 .text.getLastImageChunkIndex
                0x20007814      0x1bc ./src/sub-systemCode/payload/Request Management/Dump/imageDump.o
                0x20007814                getLastImageChunkIndex
 .text.find_subType_ofImage
                0x200079d0       0xe0 ./src/sub-systemCode/payload/Request Management/Dump/imageDump.o
                0x200079d0                find_subType_ofImage
 .text.buildAndSend_chunck
                0x20007ab0      0x320 ./src/sub-systemCode/payload/Request Management/Dump/imageDump.o
                0x20007ab0                buildAndSend_chunck
 .text.chunkField_imageDump
                0x20007dd0      0x258 ./src/sub-systemCode/payload/Request Management/Dump/imageDump.o
                0x20007dd0                chunkField_imageDump
 .text.bitField_imageDump
                0x20008028      0x23c ./src/sub-systemCode/payload/Request Management/Dump/imageDump.o
                0x20008028                bitField_imageDump
 .text.fileTypeDump
                0x20008264      0x174 ./src/sub-systemCode/payload/Request Management/Dump/imageDump.o
                0x20008264                fileTypeDump
 .text.imageDataBase_Dump
                0x200083d8      0x118 ./src/sub-systemCode/payload/Request Management/Dump/imageDump.o
                0x200083d8                imageDataBase_Dump
 .text.exitImageDumpTask
                0x200084f0       0x18 ./src/sub-systemCode/payload/Request Management/Dump/imageDump.o
 .text.imageDump_task
                0x20008508      0x41c ./src/sub-systemCode/payload/Request Management/Dump/imageDump.o
                0x20008508                imageDump_task
 .text.KickStartImageDumpTask
                0x20008924       0x60 ./src/sub-systemCode/payload/Request Management/Dump/imageDump.o
                0x20008924                KickStartImageDumpTask
 .text.SendGeckoRegisters
                0x20008984      0x194 ./src/sub-systemCode/payload/Request Management/Dump/imageDump.o
                0x20008984                SendGeckoRegisters
 .text.create_xAutomaticImageHandlingTaskSuspensionFlag
                0x20008b18       0x58 ./src/sub-systemCode/payload/Request Management/AutomaticImageHandler.o
                0x20008b18                create_xAutomaticImageHandlingTaskSuspensionFlag
 .text.get_automatic_image_handling_task_suspension_flag
                0x20008b70       0x68 ./src/sub-systemCode/payload/Request Management/AutomaticImageHandler.o
                0x20008b70                get_automatic_image_handling_task_suspension_flag
 .text.set_automatic_image_handling_task_suspension_flag
                0x20008bd8       0x5c ./src/sub-systemCode/payload/Request Management/AutomaticImageHandler.o
                0x20008bd8                set_automatic_image_handling_task_suspension_flag
 .text.create_xAutomaticImageHandlingReadyForLongTermStop
                0x20008c34       0x58 ./src/sub-systemCode/payload/Request Management/AutomaticImageHandler.o
                0x20008c34                create_xAutomaticImageHandlingReadyForLongTermStop
 .text.get_automatic_image_handling_ready_for_long_term_stop
                0x20008c8c       0x68 ./src/sub-systemCode/payload/Request Management/AutomaticImageHandler.o
                0x20008c8c                get_automatic_image_handling_ready_for_long_term_stop
 .text.set_automatic_image_handling_ready_for_long_term_stop
                0x20008cf4       0x5c ./src/sub-systemCode/payload/Request Management/AutomaticImageHandler.o
                0x20008cf4                set_automatic_image_handling_ready_for_long_term_stop
 .text.create_xAutomaticImageHandling_taskHandle
                0x20008d50       0x68 ./src/sub-systemCode/payload/Request Management/AutomaticImageHandler.o
                0x20008d50                create_xAutomaticImageHandling_taskHandle
 .text.suspendAutomaticImageHandlingTask
                0x20008db8       0x6c ./src/sub-systemCode/payload/Request Management/AutomaticImageHandler.o
                0x20008db8                suspendAutomaticImageHandlingTask
 .text.resumeAutomaticImageHandlingTask
                0x20008e24       0x64 ./src/sub-systemCode/payload/Request Management/AutomaticImageHandler.o
                0x20008e24                resumeAutomaticImageHandlingTask
 .text.checkIfInAutomaticImageHandlingTask
                0x20008e88       0x9c ./src/sub-systemCode/payload/Request Management/AutomaticImageHandler.o
                0x20008e88                checkIfInAutomaticImageHandlingTask
 .text.resumeAction
                0x20008f24       0x34 ./src/sub-systemCode/payload/Request Management/AutomaticImageHandler.o
                0x20008f24                resumeAction
 .text.stopAction
                0x20008f58       0x48 ./src/sub-systemCode/payload/Request Management/AutomaticImageHandler.o
                0x20008f58                stopAction
 .text.AutomaticImageHandlerTaskMain
                0x20008fa0       0xf0 ./src/sub-systemCode/payload/Request Management/AutomaticImageHandler.o
                0x20008fa0                AutomaticImageHandlerTaskMain
 .text.initAutomaticImageHandlerTask
                0x20009090       0x1c ./src/sub-systemCode/payload/Request Management/AutomaticImageHandler.o
                0x20009090                initAutomaticImageHandlerTask
 .text.KickStartAutomaticImageHandlerTask
                0x200090ac       0x90 ./src/sub-systemCode/payload/Request Management/AutomaticImageHandler.o
                0x200090ac                KickStartAutomaticImageHandlerTask
 .text.CameraManagerTaskMain
                0x2000913c      0x104 ./src/sub-systemCode/payload/Request Management/CameraManeger.o
                0x2000913c                CameraManagerTaskMain
 .text.setGeckoParametersInFRAM
                0x20009240       0x3c ./src/sub-systemCode/payload/Request Management/CameraManeger.o
                0x20009240                setGeckoParametersInFRAM
 .text.getGeckoParametersFromFRAM
                0x2000927c       0x3c ./src/sub-systemCode/payload/Request Management/CameraManeger.o
                0x2000927c                getGeckoParametersFromFRAM
 .text.createFolders
                0x200092b8      0x2cc ./src/sub-systemCode/payload/Request Management/CameraManeger.o
                0x200092b8                createFolders
 .text.initCamera
                0x20009584      0x180 ./src/sub-systemCode/payload/Request Management/CameraManeger.o
                0x20009584                initCamera
 .text.inner_init
                0x20009704       0x40 ./src/sub-systemCode/payload/Request Management/CameraManeger.o
 .text.KickStartCamera
                0x20009744       0xa4 ./src/sub-systemCode/payload/Request Management/CameraManeger.o
                0x20009744                KickStartCamera
 .text.addRequestToQueue
                0x200097e8       0xa8 ./src/sub-systemCode/payload/Request Management/CameraManeger.o
                0x200097e8                addRequestToQueue
 .text.removeRequestFromQueue
                0x20009890       0x7c ./src/sub-systemCode/payload/Request Management/CameraManeger.o
                0x20009890                removeRequestFromQueue
 .text.resetQueue
                0x2000990c       0x2c ./src/sub-systemCode/payload/Request Management/CameraManeger.o
                0x2000990c                resetQueue
 .text.Take_pictures_with_time_in_between
                0x20009938      0x118 ./src/sub-systemCode/payload/Request Management/CameraManeger.o
                0x20009938                Take_pictures_with_time_in_between
 .text.act_upon_request
                0x20009a50      0x5a8 ./src/sub-systemCode/payload/Request Management/CameraManeger.o
                0x20009a50                act_upon_request
 .text.send_request_to_reset_database
                0x20009ff8       0x84 ./src/sub-systemCode/payload/Request Management/CameraManeger.o
                0x20009ff8                send_request_to_reset_database
 .text.TakePicture
                0x2000a07c       0x4c ./src/sub-systemCode/payload/Request Management/DB_RequestHandling.o
                0x2000a07c                TakePicture
 .text.TakeSpecialPicture
                0x2000a0c8      0x130 ./src/sub-systemCode/payload/Request Management/DB_RequestHandling.o
                0x2000a0c8                TakeSpecialPicture
 .text.DeletePictureFile
                0x2000a1f8       0x88 ./src/sub-systemCode/payload/Request Management/DB_RequestHandling.o
                0x2000a1f8                DeletePictureFile
 .text.DeletePicture
                0x2000a280       0x6c ./src/sub-systemCode/payload/Request Management/DB_RequestHandling.o
                0x2000a280                DeletePicture
 .text.TransferPicture
                0x2000a2ec       0x54 ./src/sub-systemCode/payload/Request Management/DB_RequestHandling.o
                0x2000a2ec                TransferPicture
 .text.CreateThumbnail
                0x2000a340       0x80 ./src/sub-systemCode/payload/Request Management/DB_RequestHandling.o
                0x2000a340                CreateThumbnail
 .text.CreateJPG
                0x2000a3c0       0x7c ./src/sub-systemCode/payload/Request Management/DB_RequestHandling.o
                0x2000a3c0                CreateJPG
 .text.UpdatePhotographyValues
                0x2000a43c       0xd8 ./src/sub-systemCode/payload/Request Management/DB_RequestHandling.o
                0x2000a43c                UpdatePhotographyValues
 .text.setChunkDimensions
                0x2000a514       0x74 ./src/sub-systemCode/payload/Request Management/DB_RequestHandling.o
                0x2000a514                setChunkDimensions
 .text.GeckoSetRegister
                0x2000a588       0x6c ./src/sub-systemCode/payload/Request Management/DB_RequestHandling.o
                0x2000a588                GeckoSetRegister
 .text.convert2char
                0x2000a5f4      0x14c ./src/sub-systemCode/payload/Misc/Boolean_bit.o
                0x2000a5f4                convert2char
 .text.convert2byte
                0x2000a740      0x1c8 ./src/sub-systemCode/payload/Misc/Boolean_bit.o
                0x2000a740                convert2byte
 .text.bits2byte
                0x2000a908      0x17c ./src/sub-systemCode/payload/Misc/Boolean_bit.o
                0x2000a908                bits2byte
 .text.byte2bits
                0x2000aa84      0x17c ./src/sub-systemCode/payload/Misc/Boolean_bit.o
                0x2000aa84                byte2bits
 .text.char2bits
                0x2000ac00       0x44 ./src/sub-systemCode/payload/Misc/Boolean_bit.o
                0x2000ac00                char2bits
 .text.bits2char
                0x2000ac44       0x3c ./src/sub-systemCode/payload/Misc/Boolean_bit.o
                0x2000ac44                bits2char
 .text.ReadFromFile
                0x2000ac80       0x6c ./src/sub-systemCode/payload/Misc/FileSystem.o
                0x2000ac80                ReadFromFile
 .text.WriteToFile
                0x2000acec       0x74 ./src/sub-systemCode/payload/Misc/FileSystem.o
                0x2000acec                WriteToFile
 .text.gecko_power_mux_init
                0x2000ad60       0xb4 ./src/sub-systemCode/payload/Drivers/GeckoCameraDriver.o
                0x2000ad60                gecko_power_mux_init
 .text.gecko_power_mux_deinit
                0x2000ae14       0x94 ./src/sub-systemCode/payload/Drivers/GeckoCameraDriver.o
                0x2000ae14                gecko_power_mux_deinit
 .text.gecko_power_mux_get
                0x2000aea8       0xe4 ./src/sub-systemCode/payload/Drivers/GeckoCameraDriver.o
                0x2000aea8                gecko_power_mux_get
 .text.gecko_get_current_3v3
                0x2000af8c       0x44 ./src/sub-systemCode/payload/Drivers/GeckoCameraDriver.o
                0x2000af8c                gecko_get_current_3v3
 .text.gecko_get_voltage_3v3
                0x2000afd0       0x44 ./src/sub-systemCode/payload/Drivers/GeckoCameraDriver.o
                0x2000afd0                gecko_get_voltage_3v3
 .text.gecko_get_current_5v
                0x2000b014       0x44 ./src/sub-systemCode/payload/Drivers/GeckoCameraDriver.o
                0x2000b014                gecko_get_current_5v
 .text.gecko_get_voltage_5v
                0x2000b058       0x4c ./src/sub-systemCode/payload/Drivers/GeckoCameraDriver.o
                0x2000b058                gecko_get_voltage_5v
 .text.Initialized_GPIO
                0x2000b0a4       0x54 ./src/sub-systemCode/payload/Drivers/GeckoCameraDriver.o
                0x2000b0a4                Initialized_GPIO
 .text.De_Initialized_GPIO
                0x2000b0f8       0x3c ./src/sub-systemCode/payload/Drivers/GeckoCameraDriver.o
                0x2000b0f8                De_Initialized_GPIO
 .text.TurnOnGecko_gpio
                0x2000b134      0x150 ./src/sub-systemCode/payload/Drivers/GeckoCameraDriver.o
                0x2000b134                TurnOnGecko_gpio
 .text.TurnOffGecko_gpio
                0x2000b284       0xc0 ./src/sub-systemCode/payload/Drivers/GeckoCameraDriver.o
                0x2000b284                TurnOffGecko_gpio
 .text.create_xGeckoStateSemaphore
                0x2000b344       0x58 ./src/sub-systemCode/payload/Drivers/GeckoCameraDriver.o
                0x2000b344                create_xGeckoStateSemaphore
 .text.set_gecko_state
                0x2000b39c       0x7c ./src/sub-systemCode/payload/Drivers/GeckoCameraDriver.o
                0x2000b39c                set_gecko_state
 .text.TurnOnGecko
                0x2000b418       0x1c ./src/sub-systemCode/payload/Drivers/GeckoCameraDriver.o
                0x2000b418                TurnOnGecko
 .text.TurnOffGecko
                0x2000b434       0x1c ./src/sub-systemCode/payload/Drivers/GeckoCameraDriver.o
                0x2000b434                TurnOffGecko
 .text.getPIOs  0x2000b450      0x138 ./src/sub-systemCode/payload/Drivers/GeckoCameraDriver.o
                0x2000b450                getPIOs
 .text.initGecko
                0x2000b588       0x3c ./src/sub-systemCode/payload/Drivers/GeckoCameraDriver.o
                0x2000b588                initGecko
 .text.GECKO_Reset
                0x2000b5c4       0x14 ./src/sub-systemCode/payload/Drivers/GeckoCameraDriver.o
                0x2000b5c4                GECKO_Reset
 .text.GECKO_TakeImage
                0x2000b5d8      0x2c4 ./src/sub-systemCode/payload/Drivers/GeckoCameraDriver.o
                0x2000b5d8                GECKO_TakeImage
 .text.GECKO_ReadImage
                0x2000b89c      0x26c ./src/sub-systemCode/payload/Drivers/GeckoCameraDriver.o
                0x2000b89c                GECKO_ReadImage
 .text.GECKO_EraseBlock
                0x2000bb08       0xdc ./src/sub-systemCode/payload/Drivers/GeckoCameraDriver.o
                0x2000bb08                GECKO_EraseBlock
 .text.GECKO_GetRegister
                0x2000bbe4       0x68 ./src/sub-systemCode/payload/Drivers/GeckoCameraDriver.o
                0x2000bbe4                GECKO_GetRegister
 .text.GECKO_SetRegister
                0x2000bc4c       0x68 ./src/sub-systemCode/payload/Drivers/GeckoCameraDriver.o
                0x2000bc4c                GECKO_SetRegister
 .text.getFileName
                0x2000bcb4      0x1f8 ./src/sub-systemCode/payload/DataBase/DataBase.o
 .text.zeroImageDataBase
                0x2000beac       0x90 ./src/sub-systemCode/payload/DataBase/DataBase.o
                0x2000beac                zeroImageDataBase
 .text.updateGeneralDataBaseParameters
                0x2000bf3c       0x5c ./src/sub-systemCode/payload/DataBase/DataBase.o
                0x2000bf3c                updateGeneralDataBaseParameters
 .text.SearchDataBase_byID
                0x2000bf98       0xe8 ./src/sub-systemCode/payload/DataBase/DataBase.o
                0x2000bf98                SearchDataBase_byID
 .text.SearchDataBase_byMark
                0x2000c080       0xb8 ./src/sub-systemCode/payload/DataBase/DataBase.o
                0x2000c080                SearchDataBase_byMark
 .text.SearchDataBase_forLatestMarkedImage
                0x2000c138       0x38 ./src/sub-systemCode/payload/DataBase/DataBase.o
                0x2000c138                SearchDataBase_forLatestMarkedImage
 .text.SearchDataBase_byTimeRange
                0x2000c170      0x148 ./src/sub-systemCode/payload/DataBase/DataBase.o
                0x2000c170                SearchDataBase_byTimeRange
 .text.SearchDataBase_forImageFileType_byTimeRange
                0x2000c2b8      0x118 ./src/sub-systemCode/payload/DataBase/DataBase.o
                0x2000c2b8                SearchDataBase_forImageFileType_byTimeRange
 .text.checkForFileType
                0x2000c3d0       0x74 ./src/sub-systemCode/payload/DataBase/DataBase.o
                0x2000c3d0                checkForFileType
 .text.updateFileTypes
                0x2000c444       0xdc ./src/sub-systemCode/payload/DataBase/DataBase.o
                0x2000c444                updateFileTypes
 .text.GetImageFactor
                0x2000c520       0x58 ./src/sub-systemCode/payload/DataBase/DataBase.o
                0x2000c520                GetImageFactor
 .text.readImageFromBuffer
                0x2000c578      0x12c ./src/sub-systemCode/payload/DataBase/DataBase.o
                0x2000c578                readImageFromBuffer
 .text.saveImageToBuffer
                0x2000c6a4      0x12c ./src/sub-systemCode/payload/DataBase/DataBase.o
                0x2000c6a4                saveImageToBuffer
 .text.getLatestID
                0x2000c7d0       0x48 ./src/sub-systemCode/payload/DataBase/DataBase.o
                0x2000c7d0                getLatestID
 .text.getNumberOfFrames
                0x2000c818       0x4c ./src/sub-systemCode/payload/DataBase/DataBase.o
                0x2000c818                getNumberOfFrames
 .text.getDataBaseStart
                0x2000c864       0x20 ./src/sub-systemCode/payload/DataBase/DataBase.o
                0x2000c864                getDataBaseStart
 .text.getDataBaseEnd
                0x2000c884       0x20 ./src/sub-systemCode/payload/DataBase/DataBase.o
                0x2000c884                getDataBaseEnd
 .text.setDataBaseValues
                0x2000c8a4       0xd0 ./src/sub-systemCode/payload/DataBase/DataBase.o
                0x2000c8a4                setDataBaseValues
 .text.initImageDataBase
                0x2000c974       0xd4 ./src/sub-systemCode/payload/DataBase/DataBase.o
                0x2000c974                initImageDataBase
 .text.resetImageDataBase
                0x2000ca48       0x98 ./src/sub-systemCode/payload/DataBase/DataBase.o
                0x2000ca48                resetImageDataBase
 .text.setCameraPhotographyValues
                0x2000cae0      0x130 ./src/sub-systemCode/payload/DataBase/DataBase.o
                0x2000cae0                setCameraPhotographyValues
 .text.transferImageToSD_withoutSearch
                0x2000cc10      0x180 ./src/sub-systemCode/payload/DataBase/DataBase.o
                0x2000cc10                transferImageToSD_withoutSearch
 .text.transferImageToSD
                0x2000cd90       0xbc ./src/sub-systemCode/payload/DataBase/DataBase.o
                0x2000cd90                transferImageToSD
 .text.DeleteImageFromOBC_withoutSearch
                0x2000ce4c      0x100 ./src/sub-systemCode/payload/DataBase/DataBase.o
                0x2000ce4c                DeleteImageFromOBC_withoutSearch
 .text.DeleteImageFromOBC
                0x2000cf4c       0xbc ./src/sub-systemCode/payload/DataBase/DataBase.o
                0x2000cf4c                DeleteImageFromOBC
 .text.DeleteImageFromPayload
                0x2000d008      0x2bc ./src/sub-systemCode/payload/DataBase/DataBase.o
                0x2000d008                DeleteImageFromPayload
 .text.clearImageDataBase
                0x2000d2c4      0x190 ./src/sub-systemCode/payload/DataBase/DataBase.o
                0x2000d2c4                clearImageDataBase
 .text.handleMarkedPictures
                0x2000d454      0x2e8 ./src/sub-systemCode/payload/DataBase/DataBase.o
                0x2000d454                handleMarkedPictures
 .text.writeNewImageMetaDataToFRAM
                0x2000d73c      0x234 ./src/sub-systemCode/payload/DataBase/DataBase.o
                0x2000d73c                writeNewImageMetaDataToFRAM
 .text.takePicture
                0x2000d970      0x4f0 ./src/sub-systemCode/payload/DataBase/DataBase.o
                0x2000d970                takePicture
 .text.takePicture_withSpecialParameters
                0x2000de60       0xf4 ./src/sub-systemCode/payload/DataBase/DataBase.o
                0x2000de60                takePicture_withSpecialParameters
 .text.GetImageFileName_withSpecialParameters
                0x2000df54       0x9c ./src/sub-systemCode/payload/DataBase/DataBase.o
                0x2000df54                GetImageFileName_withSpecialParameters
 .text.GetImageFileName
                0x2000dff0       0x9c ./src/sub-systemCode/payload/DataBase/DataBase.o
                0x2000dff0                GetImageFileName
 .text.getDataBaseSize
                0x2000e08c       0x20 ./src/sub-systemCode/payload/DataBase/DataBase.o
                0x2000e08c                getDataBaseSize
 .text.getImageDataBaseBuffer
                0x2000e0ac      0x144 ./src/sub-systemCode/payload/DataBase/DataBase.o
                0x2000e0ac                getImageDataBaseBuffer
 .text.setAutoThumbnailCreation
                0x2000e1f0       0x30 ./src/sub-systemCode/payload/DataBase/DataBase.o
                0x2000e1f0                setAutoThumbnailCreation
 .text.Gecko_TroubleShooter
                0x2000e220       0xe4 ./src/sub-systemCode/payload/DataBase/DataBase.o
                0x2000e220                Gecko_TroubleShooter
 .text.TransformRawToBMP
                0x2000e304      0x1b8 ./src/sub-systemCode/payload/Compression/jpeg/bmp/rawToBMP.o
                0x2000e304                TransformRawToBMP
 .text.interpolate
                0x2000e4bc      0x8d0 ./src/sub-systemCode/payload/Compression/jpeg/bmp/rawToBMP.o
                0x2000e4bc                interpolate
 .text.getInputAt
                0x2000ed8c      0x288 ./src/sub-systemCode/payload/Compression/jpeg/bmp/rawToBMP.o
                0x2000ed8c                getInputAt
 .text.f_writeF_FILEHeader
                0x2000f014      0x2d8 ./src/sub-systemCode/payload/Compression/jpeg/bmp/rawToBMP.o
                0x2000f014                f_writeF_FILEHeader
 .text.f_writeOutputRow
                0x2000f2ec       0xa4 ./src/sub-systemCode/payload/Compression/jpeg/bmp/rawToBMP.o
                0x2000f2ec                f_writeOutputRow
 .text.dct      0x2000f390      0x9c4 ./src/sub-systemCode/payload/Compression/jpeg/DCT.o
                0x2000f390                dct
 .text.JPEG_compressor
                0x2000fd54       0xac ./src/sub-systemCode/payload/Compression/jpeg/ImgCompressor.o
                0x2000fd54                JPEG_compressor
 .text.Create_BMP_File
                0x2000fe00       0xf4 ./src/sub-systemCode/payload/Compression/jpeg/ImgCompressor.o
                0x2000fe00                Create_BMP_File
 .text.CompressImage
                0x2000fef4      0x1b4 ./src/sub-systemCode/payload/Compression/jpeg/ImgCompressor.o
                0x2000fef4                CompressImage
 .text.clamp    0x200100a8       0x60 ./src/sub-systemCode/payload/Compression/jpeg/color_conv.o
                0x200100a8                clamp
 .text.RGB_to_YCC
                0x20010108      0x1a8 ./src/sub-systemCode/payload/Compression/jpeg/color_conv.o
                0x20010108                RGB_to_YCC
 .text.RGB_to_Y
                0x200102b0       0xc4 ./src/sub-systemCode/payload/Compression/jpeg/color_conv.o
                0x200102b0                RGB_to_Y
 .text.Y_to_YCC
                0x20010374       0x88 ./src/sub-systemCode/payload/Compression/jpeg/color_conv.o
                0x20010374                Y_to_YCC
 .text.compress_image_to_jpeg_file
                0x200103fc      0x1ac ./src/sub-systemCode/payload/Compression/jpeg/jpeg.o
                0x200103fc                compress_image_to_jpeg_file
 .text.compress_image_to_jpeg_file_in_memory
                0x200105a8      0x1fc ./src/sub-systemCode/payload/Compression/jpeg/jpeg.o
                0x200105a8                compress_image_to_jpeg_file_in_memory
 .text.emit_marker
                0x200107a4       0xc8 ./src/sub-systemCode/payload/Compression/jpeg/jpeg_encoder.o
                0x200107a4                emit_marker
 .text.emit_byte
                0x2001086c       0x6c ./src/sub-systemCode/payload/Compression/jpeg/jpeg_encoder.o
                0x2001086c                emit_byte
 .text.emit_word
                0x200108d8       0xd0 ./src/sub-systemCode/payload/Compression/jpeg/jpeg_encoder.o
                0x200108d8                emit_word
 .text.emit_jfif_app0
                0x200109a8       0xc0 ./src/sub-systemCode/payload/Compression/jpeg/jpeg_encoder.o
                0x200109a8                emit_jfif_app0
 .text.emit_dqt
                0x20010a68       0xd8 ./src/sub-systemCode/payload/Compression/jpeg/jpeg_encoder.o
                0x20010a68                emit_dqt
 .text.emit_sof
                0x20010b40      0x14c ./src/sub-systemCode/payload/Compression/jpeg/jpeg_encoder.o
                0x20010b40                emit_sof
 .text.emit_dht
                0x20010c8c      0x138 ./src/sub-systemCode/payload/Compression/jpeg/jpeg_encoder.o
                0x20010c8c                emit_dht
 .text.emit_dhts
                0x20010dc4       0xd8 ./src/sub-systemCode/payload/Compression/jpeg/jpeg_encoder.o
                0x20010dc4                emit_dhts
 .text.emit_sos
                0x20010e9c       0xec ./src/sub-systemCode/payload/Compression/jpeg/jpeg_encoder.o
                0x20010e9c                emit_sos
 .text.emit_markers
                0x20010f88       0x4c ./src/sub-systemCode/payload/Compression/jpeg/jpeg_encoder.o
                0x20010f88                emit_markers
 .text.compute_huffman_table
                0x20010fd4      0x334 ./src/sub-systemCode/payload/Compression/jpeg/jpeg_encoder.o
                0x20010fd4                compute_huffman_table
 .text.compute_quant_table
                0x20011308      0x11c ./src/sub-systemCode/payload/Compression/jpeg/jpeg_encoder.o
                0x20011308                compute_quant_table
 .text.first_pass_init
                0x20011424       0x54 ./src/sub-systemCode/payload/Compression/jpeg/jpeg_encoder.o
                0x20011424                first_pass_init
 .text.second_pass_init
                0x20011478      0x110 ./src/sub-systemCode/payload/Compression/jpeg/jpeg_encoder.o
                0x20011478                second_pass_init
 .text.jpg_open
                0x20011588      0x7b4 ./src/sub-systemCode/payload/Compression/jpeg/jpeg_encoder.o
                0x20011588                jpg_open
 .text.load_block_8_8_grey
                0x20011d3c      0x164 ./src/sub-systemCode/payload/Compression/jpeg/jpeg_encoder.o
                0x20011d3c                load_block_8_8_grey
 .text.load_block_8_8
                0x20011ea0      0x198 ./src/sub-systemCode/payload/Compression/jpeg/jpeg_encoder.o
                0x20011ea0                load_block_8_8
 .text.load_block_16_8
                0x20012038      0x3cc ./src/sub-systemCode/payload/Compression/jpeg/jpeg_encoder.o
                0x20012038                load_block_16_8
 .text.load_block_16_8_8
                0x20012404      0x2a8 ./src/sub-systemCode/payload/Compression/jpeg/jpeg_encoder.o
                0x20012404                load_block_16_8_8
 .text.load_coefficients
                0x200126ac      0x1c8 ./src/sub-systemCode/payload/Compression/jpeg/jpeg_encoder.o
                0x200126ac                load_coefficients
 .text.flush_output_buffer
                0x20012874       0xa0 ./src/sub-systemCode/payload/Compression/jpeg/jpeg_encoder.o
                0x20012874                flush_output_buffer
 .text.put_bits
                0x20012914      0x170 ./src/sub-systemCode/payload/Compression/jpeg/jpeg_encoder.o
                0x20012914                put_bits
 .text.code_coefficients_pass_two
                0x20012a84      0x338 ./src/sub-systemCode/payload/Compression/jpeg/jpeg_encoder.o
                0x20012a84                code_coefficients_pass_two
 .text.code_block
                0x20012dbc       0x44 ./src/sub-systemCode/payload/Compression/jpeg/jpeg_encoder.o
                0x20012dbc                code_block
 .text.process_mcu_row
                0x20012e00      0x328 ./src/sub-systemCode/payload/Compression/jpeg/jpeg_encoder.o
                0x20012e00                process_mcu_row
 .text.terminate_pass_two
                0x20013128       0x44 ./src/sub-systemCode/payload/Compression/jpeg/jpeg_encoder.o
                0x20013128                terminate_pass_two
 .text.process_end_of_image
                0x2001316c       0xc0 ./src/sub-systemCode/payload/Compression/jpeg/jpeg_encoder.o
                0x2001316c                process_end_of_image
 .text.load_mcu
                0x2001322c      0x29c ./src/sub-systemCode/payload/Compression/jpeg/jpeg_encoder.o
                0x2001322c                load_mcu
 .text.clear    0x200134c8      0x1e0 ./src/sub-systemCode/payload/Compression/jpeg/jpeg_encoder.o
                0x200134c8                clear
 .text.init     0x200136a8       0xe4 ./src/sub-systemCode/payload/Compression/jpeg/jpeg_encoder.o
                0x200136a8                init
 .text.deinit   0x2001378c      0x160 ./src/sub-systemCode/payload/Compression/jpeg/jpeg_encoder.o
                0x2001378c                deinit
 .text.process_scanline
                0x200138ec       0x6c ./src/sub-systemCode/payload/Compression/jpeg/jpeg_encoder.o
                0x200138ec                process_scanline
 .text.jpge_malloc
                0x20013958       0x28 ./src/sub-systemCode/payload/Compression/jpeg/jpeg_memory_alloc.o
                0x20013958                jpge_malloc
 .text.jpge_cmalloc
                0x20013980       0x48 ./src/sub-systemCode/payload/Compression/jpeg/jpeg_memory_alloc.o
                0x20013980                jpge_cmalloc
 .text.jpge_free
                0x200139c8       0x24 ./src/sub-systemCode/payload/Compression/jpeg/jpeg_memory_alloc.o
                0x200139c8                jpge_free
 .text.check    0x200139ec       0x78 ./src/sub-systemCode/payload/Compression/jpeg/jpeg_params.o
                0x200139ec                check
 .text.open_jpeg_file
                0x20013a64       0xfc ./src/sub-systemCode/payload/Compression/jpeg/output_stream.o
                0x20013a64                open_jpeg_file
 .text.close_jpeg_file
                0x20013b60      0x118 ./src/sub-systemCode/payload/Compression/jpeg/output_stream.o
                0x20013b60                close_jpeg_file
 .text.init_jpeg_mem
                0x20013c78       0x7c ./src/sub-systemCode/payload/Compression/jpeg/output_stream.o
                0x20013c78                init_jpeg_mem
 .text.close_jpeg_mem
                0x20013cf4       0x60 ./src/sub-systemCode/payload/Compression/jpeg/output_stream.o
                0x20013cf4                close_jpeg_mem
 .text.put_buf  0x20013d54      0x258 ./src/sub-systemCode/payload/Compression/jpeg/output_stream.o
                0x20013d54                put_buf
 .text.get_size
                0x20013fac       0x7c ./src/sub-systemCode/payload/Compression/jpeg/output_stream.o
                0x20013fac                get_size
 .text.GetBayerPixel
                0x20014028       0xe8 ./src/sub-systemCode/payload/Compression/ImageConversion.o
 .text.BinImage
                0x20014110      0x2c8 ./src/sub-systemCode/payload/Compression/ImageConversion.o
                0x20014110                BinImage
 .text.ImageSkipping
                0x200143d8      0x2ac ./src/sub-systemCode/payload/Compression/ImageConversion.o
                0x200143d8                ImageSkipping
 .text.CreateImageThumbnail_withoutSearch
                0x20014684      0x158 ./src/sub-systemCode/payload/Compression/ImageConversion.o
                0x20014684                CreateImageThumbnail_withoutSearch
 .text.CreateImageThumbnail
                0x200147dc       0x9c ./src/sub-systemCode/payload/Compression/ImageConversion.o
                0x200147dc                CreateImageThumbnail
 .text.compressImage
                0x20014878      0x184 ./src/sub-systemCode/payload/Compression/ImageConversion.o
                0x20014878                compressImage
 .text.AdcsCmdQueueInit
                0x200149fc       0x4c ./src/sub-systemCode/Main/CMD/ADCS_CMD.o
                0x200149fc                AdcsCmdQueueInit
 .text.AdcsCmdQueueGet
                0x20014a48       0x8c ./src/sub-systemCode/Main/CMD/ADCS_CMD.o
                0x20014a48                AdcsCmdQueueGet
 .text.AdcsCmdQueueAdd
                0x20014ad4       0x74 ./src/sub-systemCode/Main/CMD/ADCS_CMD.o
                0x20014ad4                AdcsCmdQueueAdd
 .text.AdcsCmdQueueIsEmpty
                0x20014b48       0x3c ./src/sub-systemCode/Main/CMD/ADCS_CMD.o
                0x20014b48                AdcsCmdQueueIsEmpty
 .text.getAdcsQueueWaitPointer
                0x20014b84       0x20 ./src/sub-systemCode/Main/CMD/ADCS_CMD.o
                0x20014b84                getAdcsQueueWaitPointer
 .text.cmd_mute
                0x20014ba4       0xf4 ./src/sub-systemCode/Main/CMD/COMM_CMD.o
                0x20014ba4                cmd_mute
 .text.cmd_unmute
                0x20014c98       0x90 ./src/sub-systemCode/Main/CMD/COMM_CMD.o
                0x20014c98                cmd_unmute
 .text.cmd_active_trans
                0x20014d28       0xc0 ./src/sub-systemCode/Main/CMD/COMM_CMD.o
                0x20014d28                cmd_active_trans
 .text.cmd_shut_trans
                0x20014de8       0x8c ./src/sub-systemCode/Main/CMD/COMM_CMD.o
                0x20014de8                cmd_shut_trans
 .text.cmd_change_trans_rssi
                0x20014e74      0x140 ./src/sub-systemCode/Main/CMD/COMM_CMD.o
                0x20014e74                cmd_change_trans_rssi
 .text.cmd_aprs_dump
                0x20014fb4       0x38 ./src/sub-systemCode/Main/CMD/COMM_CMD.o
                0x20014fb4                cmd_aprs_dump
 .text.cmd_stop_dump
                0x20014fec       0x8c ./src/sub-systemCode/Main/CMD/COMM_CMD.o
                0x20014fec                cmd_stop_dump
 .text.cmd_time_frequency
                0x20015078       0xf8 ./src/sub-systemCode/Main/CMD/COMM_CMD.o
                0x20015078                cmd_time_frequency
 .text.cmd_change_def_bit_rate
                0x20015170      0x1a8 ./src/sub-systemCode/Main/CMD/COMM_CMD.o
                0x20015170                cmd_change_def_bit_rate
 .text.cmd_upload_volt_logic
                0x20015318      0x370 ./src/sub-systemCode/Main/CMD/EPS_CMD.o
                0x20015318                cmd_upload_volt_logic
 .text.cmd_upload_volt_COMM
                0x20015688      0x240 ./src/sub-systemCode/Main/CMD/EPS_CMD.o
                0x20015688                cmd_upload_volt_COMM
 .text.cmd_heater_temp
                0x200158c8       0xe4 ./src/sub-systemCode/Main/CMD/EPS_CMD.o
                0x200158c8                cmd_heater_temp
 .text.cmd_SHUT_CAM
                0x200159ac       0x78 ./src/sub-systemCode/Main/CMD/EPS_CMD.o
                0x200159ac                cmd_SHUT_CAM
 .text.cmd_SHUT_ADCS
                0x20015a24       0x78 ./src/sub-systemCode/Main/CMD/EPS_CMD.o
                0x20015a24                cmd_SHUT_ADCS
 .text.cmd_allow_CAM
                0x20015a9c       0x78 ./src/sub-systemCode/Main/CMD/EPS_CMD.o
                0x20015a9c                cmd_allow_CAM
 .text.cmd_allow_ADCS
                0x20015b14       0x78 ./src/sub-systemCode/Main/CMD/EPS_CMD.o
                0x20015b14                cmd_allow_ADCS
 .text.cmd_update_alpha
                0x20015b8c      0x120 ./src/sub-systemCode/Main/CMD/EPS_CMD.o
                0x20015b8c                cmd_update_alpha
 .text.cmd_resetGWT
                0x20015cac       0xa4 ./src/sub-systemCode/Main/CMD/EPS_CMD.o
                0x20015cac                cmd_resetGWT
 .text.cmd_generic_I2C
                0x20015d50       0xe4 ./src/sub-systemCode/Main/CMD/General_CMD.o
                0x20015d50                cmd_generic_I2C
 .text.cmd_dump
                0x20015e34       0xfc ./src/sub-systemCode/Main/CMD/General_CMD.o
                0x20015e34                cmd_dump
 .text.cmd_delete_TM
                0x20015f30      0x24c ./src/sub-systemCode/Main/CMD/General_CMD.o
                0x20015f30                cmd_delete_TM
 .text.cmd_reset_file
                0x2001617c      0x130 ./src/sub-systemCode/Main/CMD/General_CMD.o
                0x2001617c                cmd_reset_file
 .text.cmd_format_SD
                0x200162ac       0xb8 ./src/sub-systemCode/Main/CMD/General_CMD.o
                0x200162ac                cmd_format_SD
 .text.cmd_dummy_func
                0x20016364       0x38 ./src/sub-systemCode/Main/CMD/General_CMD.o
                0x20016364                cmd_dummy_func
 .text.cmd_reset_TLM_SD
                0x2001639c       0x54 ./src/sub-systemCode/Main/CMD/General_CMD.o
                0x2001639c                cmd_reset_TLM_SD
 .text.cmd_stop_TM
                0x200163f0       0x7c ./src/sub-systemCode/Main/CMD/General_CMD.o
                0x200163f0                cmd_stop_TM
 .text.cmd_resume_TM
                0x2001646c       0x7c ./src/sub-systemCode/Main/CMD/General_CMD.o
                0x2001646c                cmd_resume_TM
 .text.cmd_soft_reset_cmponent
                0x200164e8       0xd0 ./src/sub-systemCode/Main/CMD/General_CMD.o
                0x200164e8                cmd_soft_reset_cmponent
 .text.cmd_hard_reset_cmponent
                0x200165b8       0xd0 ./src/sub-systemCode/Main/CMD/General_CMD.o
                0x200165b8                cmd_hard_reset_cmponent
 .text.cmd_reset_satellite
                0x20016688       0x90 ./src/sub-systemCode/Main/CMD/General_CMD.o
                0x20016688                cmd_reset_satellite
 .text.cmd_gracefull_reset_satellite
                0x20016718       0x90 ./src/sub-systemCode/Main/CMD/General_CMD.o
                0x20016718                cmd_gracefull_reset_satellite
 .text.cmd_upload_time
                0x200167a8       0xc4 ./src/sub-systemCode/Main/CMD/General_CMD.o
                0x200167a8                cmd_upload_time
 .text.cmd_ARM_DIARM
                0x2001686c      0x104 ./src/sub-systemCode/Main/CMD/General_CMD.o
                0x2001686c                cmd_ARM_DIARM
 .text.cmd_deploy_ants
                0x20016970       0xcc ./src/sub-systemCode/Main/CMD/General_CMD.o
                0x20016970                cmd_deploy_ants
 .text.cmd_get_onlineTM
                0x20016a3c      0x220 ./src/sub-systemCode/Main/CMD/General_CMD.o
                0x20016a3c                cmd_get_onlineTM
 .text.cmd_reset_off_line
                0x20016c5c       0x74 ./src/sub-systemCode/Main/CMD/General_CMD.o
                0x20016c5c                cmd_reset_off_line
 .text.cmd_add_item_off_line
                0x20016cd0      0x124 ./src/sub-systemCode/Main/CMD/General_CMD.o
                0x20016cd0                cmd_add_item_off_line
 .text.cmd_delete_item_off_line
                0x20016df4       0xb0 ./src/sub-systemCode/Main/CMD/General_CMD.o
                0x20016df4                cmd_delete_item_off_line
 .text.cmd_get_off_line_setting
                0x20016ea4      0x1cc ./src/sub-systemCode/Main/CMD/General_CMD.o
                0x20016ea4                cmd_get_off_line_setting
 .text.cmd_reset_delayed_command_list
                0x20017070       0x38 ./src/sub-systemCode/Main/CMD/SW_CMD.o
                0x20017070                cmd_reset_delayed_command_list
 .text.cmd_reset_APRS_list
                0x200170a8       0x3c ./src/sub-systemCode/Main/CMD/SW_CMD.o
                0x200170a8                cmd_reset_APRS_list
 .text.cmd_reset_FRAM
                0x200170e4      0x108 ./src/sub-systemCode/Main/CMD/SW_CMD.o
                0x200170e4                cmd_reset_FRAM
 .text.cmd_FRAM_read
                0x200171ec      0x270 ./src/sub-systemCode/Main/CMD/SW_CMD.o
                0x200171ec                cmd_FRAM_read
 .text.cmd_FRAM_write
                0x2001745c      0x114 ./src/sub-systemCode/Main/CMD/SW_CMD.o
                0x2001745c                cmd_FRAM_write
 .text.init_Ants
                0x20017570       0x90 ./src/sub-systemCode/Main/Ants.o
                0x20017570                init_Ants
 .text.ARM_ants
                0x20017600       0xb8 ./src/sub-systemCode/Main/Ants.o
                0x20017600                ARM_ants
 .text.DISARM_ants
                0x200176b8       0xf0 ./src/sub-systemCode/Main/Ants.o
                0x200176b8                DISARM_ants
 .text.deploye_ants
                0x200177a8       0x90 ./src/sub-systemCode/Main/Ants.o
                0x200177a8                deploye_ants
 .text.checkDeployAttempt
                0x20017838      0x180 ./src/sub-systemCode/Main/Ants.o
                0x20017838                checkDeployAttempt
 .text.reset_deployStatusFRAM
                0x200179b8       0xdc ./src/sub-systemCode/Main/Ants.o
                0x200179b8                reset_deployStatusFRAM
 .text.reset_FRAM_ants
                0x20017a94       0xc4 ./src/sub-systemCode/Main/Ants.o
                0x20017a94                reset_FRAM_ants
 .text.DeployIfNeeded
                0x20017b58      0x188 ./src/sub-systemCode/Main/Ants.o
                0x20017b58                DeployIfNeeded
 .text.update_stopDeploy_FRAM
                0x20017ce0       0x64 ./src/sub-systemCode/Main/Ants.o
                0x20017ce0                update_stopDeploy_FRAM
 .text.round_vol
                0x20017d44      0x124 ./src/sub-systemCode/Main/EPS.o
                0x20017d44                round_vol
 .text.get_shut_ADCS
                0x20017e68       0x64 ./src/sub-systemCode/Main/EPS.o
                0x20017e68                get_shut_ADCS
 .text.shut_ADCS
                0x20017ecc       0x60 ./src/sub-systemCode/Main/EPS.o
                0x20017ecc                shut_ADCS
 .text.get_shut_CAM
                0x20017f2c       0x64 ./src/sub-systemCode/Main/EPS.o
                0x20017f2c                get_shut_CAM
 .text.shut_CAM
                0x20017f90       0x60 ./src/sub-systemCode/Main/EPS.o
                0x20017f90                shut_CAM
 .text.update_powerLines
                0x20017ff0      0x124 ./src/sub-systemCode/Main/EPS.o
                0x20017ff0                update_powerLines
 .text.updateCam_powerLines
                0x20018114       0x3c ./src/sub-systemCode/Main/EPS.o
                0x20018114                updateCam_powerLines
 .text.get_EPS_mode_t
                0x20018150       0x24 ./src/sub-systemCode/Main/EPS.o
                0x20018150                get_EPS_mode_t
 .text.init_enterMode
                0x20018174       0x88 ./src/sub-systemCode/Main/EPS.o
                0x20018174                init_enterMode
 .text.EPS_Init
                0x200181fc      0x190 ./src/sub-systemCode/Main/EPS.o
                0x200181fc                EPS_Init
 .text.reset_FRAM_EPS
                0x2001838c      0x150 ./src/sub-systemCode/Main/EPS.o
                0x2001838c                reset_FRAM_EPS
 .text.reset_EPS_voltages
                0x200184dc      0x110 ./src/sub-systemCode/Main/EPS.o
                0x200184dc                reset_EPS_voltages
 .text.writeState_log
                0x200185ec       0xa4 ./src/sub-systemCode/Main/EPS.o
                0x200185ec                writeState_log
 .text.battery_downward
                0x20018690       0xcc ./src/sub-systemCode/Main/EPS.o
 .text.battery_upward
                0x2001875c       0xd8 ./src/sub-systemCode/Main/EPS.o
 .text.sanityCheck_EPS
                0x20018834      0x1b4 ./src/sub-systemCode/Main/EPS.o
 .text.overRide_ADCS
                0x200189e8       0x50 ./src/sub-systemCode/Main/EPS.o
                0x200189e8                overRide_ADCS
 .text.overRide_Camera
                0x20018a38       0x38 ./src/sub-systemCode/Main/EPS.o
                0x20018a38                overRide_Camera
 .text.EPS_Conditioning
                0x20018a70      0x340 ./src/sub-systemCode/Main/EPS.o
                0x20018a70                EPS_Conditioning
 .text.EnterFullMode
                0x20018db0       0xf0 ./src/sub-systemCode/Main/EPS.o
                0x20018db0                EnterFullMode
 .text.EnterCruiseMode
                0x20018ea0       0xe0 ./src/sub-systemCode/Main/EPS.o
                0x20018ea0                EnterCruiseMode
 .text.EnterSafeMode
                0x20018f80       0xe0 ./src/sub-systemCode/Main/EPS.o
                0x20018f80                EnterSafeMode
 .text.EnterCriticalMode
                0x20019060       0xcc ./src/sub-systemCode/Main/EPS.o
                0x20019060                EnterCriticalMode
 .text.get_FRAMVoltageTable
                0x2001912c       0xb0 ./src/sub-systemCode/Main/EPS.o
 .text.WriteCurrentTelemetry
                0x200191dc      0x104 ./src/sub-systemCode/Main/EPS.o
                0x200191dc                WriteCurrentTelemetry
 .text.convert_raw_voltage
                0x200192e0       0xd8 ./src/sub-systemCode/Main/EPS.o
                0x200192e0                convert_raw_voltage
 .text.check_EPSTableCorrection
                0x200193b8      0x120 ./src/sub-systemCode/Main/EPS.o
                0x200193b8                check_EPSTableCorrection
 .text.save_ACK
                0x200194d8       0xc8 ./src/sub-systemCode/Main/HouseKeeping.o
                0x200194d8                save_ACK
 .text.set_GP_EPS
                0x200195a0      0x10c ./src/sub-systemCode/Main/HouseKeeping.o
                0x200195a0                set_GP_EPS
 .text.set_GP_COMM
                0x200196ac       0x88 ./src/sub-systemCode/Main/HouseKeeping.o
                0x200196ac                set_GP_COMM
 .text.SP_HK_collect
                0x20019734      0x22c ./src/sub-systemCode/Main/HouseKeeping.o
                0x20019734                SP_HK_collect
 .text.EPS_HK_collect
                0x20019960      0x528 ./src/sub-systemCode/Main/HouseKeeping.o
                0x20019960                EPS_HK_collect
 .text.CAM_HK_collect
                0x20019e88      0xa00 ./src/sub-systemCode/Main/HouseKeeping.o
                0x20019e88                CAM_HK_collect
 .text.COMM_HK_collect
                0x2001a888      0x2d0 ./src/sub-systemCode/Main/HouseKeeping.o
                0x2001a888                COMM_HK_collect
 .text.FS_HK_collect
                0x2001ab58      0x19c ./src/sub-systemCode/Main/HouseKeeping.o
                0x2001ab58                FS_HK_collect
 .text.HK_find_ADCSTM_fileName
                0x2001acf4      0x44c ./src/sub-systemCode/Main/HouseKeeping.o
                0x2001acf4                HK_find_ADCSTM_fileName
 .text.HK_find_fileName
                0x2001b140      0x174 ./src/sub-systemCode/Main/HouseKeeping.o
                0x2001b140                HK_find_fileName
 .text.HK_find_ADCSTM_ElementSize
                0x2001b2b4      0x1b8 ./src/sub-systemCode/Main/HouseKeeping.o
                0x2001b2b4                HK_find_ADCSTM_ElementSize
 .text.HK_findElementSize
                0x2001b46c       0xd4 ./src/sub-systemCode/Main/HouseKeeping.o
                0x2001b46c                HK_findElementSize
 .text.build_HK_spl_packet
                0x2001b540      0x27c ./src/sub-systemCode/Main/HouseKeeping.o
                0x2001b540                build_HK_spl_packet
 .text.numberOfRestarts
                0x2001b7bc       0x94 ./src/sub-systemCode/Main/Main_Init.o
                0x2001b7bc                numberOfRestarts
 .text.StartFRAM
                0x2001b850       0x1c ./src/sub-systemCode/Main/Main_Init.o
                0x2001b850                StartFRAM
 .text.StartI2C
                0x2001b86c       0x28 ./src/sub-systemCode/Main/Main_Init.o
                0x2001b86c                StartI2C
 .text.StartSPI
                0x2001b894       0x24 ./src/sub-systemCode/Main/Main_Init.o
                0x2001b894                StartSPI
 .text.StartTIME
                0x2001b8b8      0x104 ./src/sub-systemCode/Main/Main_Init.o
                0x2001b8b8                StartTIME
 .text.first_activation
                0x2001b9bc       0x7c ./src/sub-systemCode/Main/Main_Init.o
                0x2001b9bc                first_activation
 .text.InitSubsystems
                0x2001ba38       0x78 ./src/sub-systemCode/Main/Main_Init.o
                0x2001ba38                InitSubsystems
 .text.SubSystemTaskStart
                0x2001bab0      0x13c ./src/sub-systemCode/Main/Main_Init.o
                0x2001bab0                SubSystemTaskStart
 .text.copy_command
                0x2001bbec       0x80 ./src/sub-systemCode/Main/commands.o
                0x2001bbec                copy_command
 .text.reset_command
                0x2001bc6c       0x28 ./src/sub-systemCode/Main/commands.o
                0x2001bc6c                reset_command
 .text.init_command
                0x2001bc94       0xf4 ./src/sub-systemCode/Main/commands.o
                0x2001bc94                init_command
 .text.add_command
                0x2001bd88      0x12c ./src/sub-systemCode/Main/commands.o
                0x2001bd88                add_command
 .text.get_command
                0x2001beb4      0x1c0 ./src/sub-systemCode/Main/commands.o
                0x2001beb4                get_command
 .text.act_upon_command
                0x2001c074      0x1cc ./src/sub-systemCode/Main/commands.o
                0x2001c074                act_upon_command
 .text.cmd_error
                0x2001c240       0x38 ./src/sub-systemCode/Main/commands.o
                0x2001c240                cmd_error
 .text.AUC_COMM
                0x2001c278      0x25c ./src/sub-systemCode/Main/commands.o
                0x2001c278                AUC_COMM
 .text.AUC_general
                0x2001c4d4      0x3ec ./src/sub-systemCode/Main/commands.o
                0x2001c4d4                AUC_general
 .text.AUC_payload
                0x2001c8c0      0x25c ./src/sub-systemCode/Main/commands.o
                0x2001c8c0                AUC_payload
 .text.AUC_EPS  0x2001cb1c      0x2dc ./src/sub-systemCode/Main/commands.o
                0x2001cb1c                AUC_EPS
 .text.AUC_SW   0x2001cdf8      0x1cc ./src/sub-systemCode/Main/commands.o
                0x2001cdf8                AUC_SW
 .text.AUC_onlineTM
                0x2001cfc4      0x1f0 ./src/sub-systemCode/Main/commands.o
                0x2001cfc4                AUC_onlineTM
 .text.AUC_CUF  0x2001d1b4      0x160 ./src/sub-systemCode/Main/commands.o
                0x2001d1b4                AUC_CUF
 .text.init_GenericSaveQueue
                0x2001d314       0x3c ./src/sub-systemCode/Global/GenericTaskSave.o
                0x2001d314                init_GenericSaveQueue
 .text.add_GenericElement_queue
                0x2001d350       0x80 ./src/sub-systemCode/Global/GenericTaskSave.o
                0x2001d350                add_GenericElement_queue
 .text.GenericSave_Task
                0x2001d3d0      0x128 ./src/sub-systemCode/Global/GenericTaskSave.o
                0x2001d3d0                GenericSave_Task
 .text.check_int
                0x2001d4f8       0x20 ./src/sub-systemCode/Global/Global.o
                0x2001d4f8                check_int
 .text.check_portBASE_TYPE
                0x2001d518       0x20 ./src/sub-systemCode/Global/Global.o
                0x2001d518                check_portBASE_TYPE
 .text.print_array
                0x2001d538       0x20 ./src/sub-systemCode/Global/Global.o
                0x2001d538                print_array
 .text.switch_endian
                0x2001d558       0xc4 ./src/sub-systemCode/Global/Global.o
                0x2001d558                switch_endian
 .text.double_little_endian
                0x2001d61c       0x98 ./src/sub-systemCode/Global/Global.o
                0x2001d61c                double_little_endian
 .text.soft_reset_subsystem
                0x2001d6b4       0xfc ./src/sub-systemCode/Global/Global.o
                0x2001d6b4                soft_reset_subsystem
 .text.hard_reset_subsystem
                0x2001d7b0      0x144 ./src/sub-systemCode/Global/Global.o
                0x2001d7b0                hard_reset_subsystem
 .text.BigEnE_raw_to_uInt
                0x2001d8f4       0x94 ./src/sub-systemCode/Global/Global.o
                0x2001d8f4                BigEnE_raw_to_uInt
 .text.BigEnE_raw_to_uShort
                0x2001d988       0x50 ./src/sub-systemCode/Global/Global.o
                0x2001d988                BigEnE_raw_to_uShort
 .text.BigEnE_uInt_to_raw
                0x2001d9d8       0x78 ./src/sub-systemCode/Global/Global.o
                0x2001d9d8                BigEnE_uInt_to_raw
 .text.BigEnE_raw_value
                0x2001da50       0xb8 ./src/sub-systemCode/Global/Global.o
                0x2001da50                BigEnE_raw_value
 .text.fram_byte_fix
                0x2001db08      0x16c ./src/sub-systemCode/Global/Global.o
                0x2001db08                fram_byte_fix
 .text.comapre_string
                0x2001dc74       0x84 ./src/sub-systemCode/Global/Global.o
                0x2001dc74                comapre_string
 .text.reset_FRAM_MAIN
                0x2001dcf8      0x1cc ./src/sub-systemCode/Global/Global.o
                0x2001dcf8                reset_FRAM_MAIN
 .text.getBitValueByIndex
                0x2001dec4       0xd0 ./src/sub-systemCode/Global/Global.o
                0x2001dec4                getBitValueByIndex
 .text.FRAM_write_exte
                0x2001df94       0x84 ./src/sub-systemCode/Global/Global.o
                0x2001df94                FRAM_write_exte
 .text.FRAM_read_exte
                0x2001e018       0x84 ./src/sub-systemCode/Global/Global.o
                0x2001e018                FRAM_read_exte
 .text.FRAM_writeAndVerify_exte
                0x2001e09c       0x84 ./src/sub-systemCode/Global/Global.o
                0x2001e09c                FRAM_writeAndVerify_exte
 .text.init_GP  0x2001e120      0x364 ./src/sub-systemCode/Global/GlobalParam.o
                0x2001e120                init_GP
 .text.get_system_state
                0x2001e484      0x268 ./src/sub-systemCode/Global/GlobalParam.o
                0x2001e484                get_system_state
 .text.set_system_state
                0x2001e6ec      0x298 ./src/sub-systemCode/Global/GlobalParam.o
                0x2001e6ec                set_system_state
 .text.get_systems_state_param
                0x2001e984       0x8c ./src/sub-systemCode/Global/GlobalParam.o
                0x2001e984                get_systems_state_param
 .text.get_current_global_param
                0x2001ea10      0x55c ./src/sub-systemCode/Global/GlobalParam.o
                0x2001ea10                get_current_global_param
 .text.set_Vbatt
                0x2001ef6c       0x8c ./src/sub-systemCode/Global/GlobalParam.o
                0x2001ef6c                set_Vbatt
 .text.get_Vbatt
                0x2001eff8       0x8c ./src/sub-systemCode/Global/GlobalParam.o
                0x2001eff8                get_Vbatt
 .text.get_curBat
                0x2001f084       0x94 ./src/sub-systemCode/Global/GlobalParam.o
                0x2001f084                get_curBat
 .text.set_curBat
                0x2001f118       0x8c ./src/sub-systemCode/Global/GlobalParam.o
                0x2001f118                set_curBat
 .text.get_cur3V3
                0x2001f1a4       0x94 ./src/sub-systemCode/Global/GlobalParam.o
                0x2001f1a4                get_cur3V3
 .text.set_cur3V3
                0x2001f238       0x8c ./src/sub-systemCode/Global/GlobalParam.o
                0x2001f238                set_cur3V3
 .text.get_cur5V
                0x2001f2c4       0x94 ./src/sub-systemCode/Global/GlobalParam.o
                0x2001f2c4                get_cur5V
 .text.set_cur5V
                0x2001f358       0x8c ./src/sub-systemCode/Global/GlobalParam.o
                0x2001f358                set_cur5V
 .text.get_tempComm_LO
                0x2001f3e4      0x108 ./src/sub-systemCode/Global/GlobalParam.o
                0x2001f3e4                get_tempComm_LO
 .text.set_tempComm_LO
                0x2001f4ec       0x8c ./src/sub-systemCode/Global/GlobalParam.o
                0x2001f4ec                set_tempComm_LO
 .text.get_tempComm_PA
                0x2001f578      0x108 ./src/sub-systemCode/Global/GlobalParam.o
                0x2001f578                get_tempComm_PA
 .text.set_tempComm_PA
                0x2001f680       0x8c ./src/sub-systemCode/Global/GlobalParam.o
                0x2001f680                set_tempComm_PA
 .text.get_tempEPS
                0x2001f70c       0xe8 ./src/sub-systemCode/Global/GlobalParam.o
                0x2001f70c                get_tempEPS
 .text.set_tempEPS
                0x2001f7f4       0xc8 ./src/sub-systemCode/Global/GlobalParam.o
                0x2001f7f4                set_tempEPS
 .text.get_tempBatt
                0x2001f8bc       0xe8 ./src/sub-systemCode/Global/GlobalParam.o
                0x2001f8bc                get_tempBatt
 .text.set_tempBatt
                0x2001f9a4       0xc8 ./src/sub-systemCode/Global/GlobalParam.o
                0x2001f9a4                set_tempBatt
 .text.get_RxDoppler
                0x2001fa6c       0x94 ./src/sub-systemCode/Global/GlobalParam.o
                0x2001fa6c                get_RxDoppler
 .text.set_RxDoppler
                0x2001fb00       0x8c ./src/sub-systemCode/Global/GlobalParam.o
                0x2001fb00                set_RxDoppler
 .text.get_RxRSSI
                0x2001fb8c       0x94 ./src/sub-systemCode/Global/GlobalParam.o
                0x2001fb8c                get_RxRSSI
 .text.set_RxRSSI
                0x2001fc20       0x8c ./src/sub-systemCode/Global/GlobalParam.o
                0x2001fc20                set_RxRSSI
 .text.get_TxRefl
                0x2001fcac       0x94 ./src/sub-systemCode/Global/GlobalParam.o
                0x2001fcac                get_TxRefl
 .text.set_TxRefl
                0x2001fd40       0x8c ./src/sub-systemCode/Global/GlobalParam.o
                0x2001fd40                set_TxRefl
 .text.get_TxForw
                0x2001fdcc       0x94 ./src/sub-systemCode/Global/GlobalParam.o
                0x2001fdcc                get_TxForw
 .text.set_TxForw
                0x2001fe60       0x8c ./src/sub-systemCode/Global/GlobalParam.o
                0x2001fe60                set_TxForw
 .text.get_Attitude
                0x2001feec      0x120 ./src/sub-systemCode/Global/GlobalParam.o
                0x2001feec                get_Attitude
 .text.set_Attitude
                0x2002000c       0xe0 ./src/sub-systemCode/Global/GlobalParam.o
                0x2002000c                set_Attitude
 .text.get_FS_failFlag
                0x200200ec       0x94 ./src/sub-systemCode/Global/GlobalParam.o
                0x200200ec                get_FS_failFlag
 .text.set_FS_failFlag
                0x20020180       0x8c ./src/sub-systemCode/Global/GlobalParam.o
                0x20020180                set_FS_failFlag
 .text.get_EPSState
                0x2002020c       0x94 ./src/sub-systemCode/Global/GlobalParam.o
                0x2002020c                get_EPSState
 .text.set_EPSState
                0x200202a0       0x8c ./src/sub-systemCode/Global/GlobalParam.o
                0x200202a0                set_EPSState
 .text.get_numOfDelayedCommand
                0x2002032c       0x94 ./src/sub-systemCode/Global/GlobalParam.o
                0x2002032c                get_numOfDelayedCommand
 .text.set_numOfDelayedCommand
                0x200203c0       0x8c ./src/sub-systemCode/Global/GlobalParam.o
                0x200203c0                set_numOfDelayedCommand
 .text.set_numOfResets
                0x2002044c       0xac ./src/sub-systemCode/Global/GlobalParam.o
                0x2002044c                set_numOfResets
 .text.get_numOfResets
                0x200204f8       0xa4 ./src/sub-systemCode/Global/GlobalParam.o
                0x200204f8                get_numOfResets
 .text.set_lastReset
                0x2002059c       0xac ./src/sub-systemCode/Global/GlobalParam.o
                0x2002059c                set_lastReset
 .text.get_lastReset
                0x20020648       0xa4 ./src/sub-systemCode/Global/GlobalParam.o
                0x20020648                get_lastReset
 .text.set_ground_conn
                0x200206ec       0xa0 ./src/sub-systemCode/Global/GlobalParam.o
                0x200206ec                set_ground_conn
 .text.get_ground_conn
                0x2002078c       0xa0 ./src/sub-systemCode/Global/GlobalParam.o
                0x2002078c                get_ground_conn
 .text.IsisAntS_getStatusData_sideA
                0x2002082c       0x3c ./src/sub-systemCode/Global/OnlineTM.o
                0x2002082c                IsisAntS_getStatusData_sideA
 .text.IsisAntS_getAlltelemetry_sideA
                0x20020868       0x3c ./src/sub-systemCode/Global/OnlineTM.o
                0x20020868                IsisAntS_getAlltelemetry_sideA
 .text.IsisAntS_getTemperature_sideA
                0x200208a4       0x3c ./src/sub-systemCode/Global/OnlineTM.o
                0x200208a4                IsisAntS_getTemperature_sideA
 .text.IsisAntS_getStatusData_sideB
                0x200208e0       0x3c ./src/sub-systemCode/Global/OnlineTM.o
                0x200208e0                IsisAntS_getStatusData_sideB
 .text.IsisAntS_getAlltelemetry_sideB
                0x2002091c       0x3c ./src/sub-systemCode/Global/OnlineTM.o
                0x2002091c                IsisAntS_getAlltelemetry_sideB
 .text.IsisAntS_getTemperature_sideB
                0x20020958       0x3c ./src/sub-systemCode/Global/OnlineTM.o
                0x20020958                IsisAntS_getTemperature_sideB
 .text.HK_collect_EPS
                0x20020994       0x30 ./src/sub-systemCode/Global/OnlineTM.o
                0x20020994                HK_collect_EPS
 .text.HK_collect_COMM
                0x200209c4       0x30 ./src/sub-systemCode/Global/OnlineTM.o
                0x200209c4                HK_collect_COMM
 .text.HK_collect_CAM
                0x200209f4       0x30 ./src/sub-systemCode/Global/OnlineTM.o
                0x200209f4                HK_collect_CAM
 .text.HK_collect_SP
                0x20020a24       0x30 ./src/sub-systemCode/Global/OnlineTM.o
                0x20020a24                HK_collect_SP
 .text.HK_collect_FS_A
                0x20020a54       0x9c ./src/sub-systemCode/Global/OnlineTM.o
                0x20020a54                HK_collect_FS_A
 .text.HK_collect_FS_B
                0x20020af0       0x9c ./src/sub-systemCode/Global/OnlineTM.o
                0x20020af0                HK_collect_FS_B
 .text.save_offlineSetting_FRAM
                0x20020b8c      0x26c ./src/sub-systemCode/Global/OnlineTM.o
                0x20020b8c                save_offlineSetting_FRAM
 .text.get_offlineSetting_FRAM
                0x20020df8       0x58 ./src/sub-systemCode/Global/OnlineTM.o
                0x20020df8                get_offlineSetting_FRAM
 .text.update_offlineSetting_FRAM
                0x20020e50      0x360 ./src/sub-systemCode/Global/OnlineTM.o
                0x20020e50                update_offlineSetting_FRAM
 .text.get_offlineSettingPacket
                0x200211b0       0xc4 ./src/sub-systemCode/Global/OnlineTM.o
                0x200211b0                get_offlineSettingPacket
 .text.get_item_by_index
                0x20021274       0xdc ./src/sub-systemCode/Global/OnlineTM.o
                0x20021274                get_item_by_index
 .text.get_pointer_item_by_index
                0x20021350       0x48 ./src/sub-systemCode/Global/OnlineTM.o
                0x20021350                get_pointer_item_by_index
 .text.init_onlineParam
                0x20021398     0x2f54 ./src/sub-systemCode/Global/OnlineTM.o
                0x20021398                init_onlineParam
 .text.reset_offline_TM_list
                0x200242ec      0x184 ./src/sub-systemCode/Global/OnlineTM.o
                0x200242ec                reset_offline_TM_list
 .text.get_online_packet
                0x20024470      0x25c ./src/sub-systemCode/Global/OnlineTM.o
                0x20024470                get_online_packet
 .text.save_onlineTM_param
                0x200246cc      0x1b4 ./src/sub-systemCode/Global/OnlineTM.o
                0x200246cc                save_onlineTM_param
 .text.add_onlineTM_param_to_save_list
                0x20024880      0x3e4 ./src/sub-systemCode/Global/OnlineTM.o
                0x20024880                add_onlineTM_param_to_save_list
 .text.delete_onlineTM_param_from_offline
                0x20024c64      0x1a8 ./src/sub-systemCode/Global/OnlineTM.o
                0x20024c64                delete_onlineTM_param_from_offline
 .text.save_onlineTM_logic
                0x20024e0c      0x2c0 ./src/sub-systemCode/Global/OnlineTM.o
                0x20024e0c                save_onlineTM_logic
 .text.updateSD_state
                0x200250cc       0xc0 ./src/sub-systemCode/Global/OnlineTM.o
                0x200250cc                updateSD_state
 .text.sleepRTC_second
                0x2002518c       0x64 ./src/sub-systemCode/Global/OnlineTM.o
 .text.save_onlineTM_task
                0x200251f0       0xe8 ./src/sub-systemCode/Global/OnlineTM.o
                0x200251f0                save_onlineTM_task
 .text.getSdIndex
                0x200252d8       0x44 ./src/sub-systemCode/Global/TLM_management.o
 .text.reset_FRAM_FS
                0x2002531c       0x4c ./src/sub-systemCode/Global/TLM_management.o
                0x2002531c                reset_FRAM_FS
 .text.TLMfile  0x20025368       0x64 ./src/sub-systemCode/Global/TLM_management.o
                0x20025368                TLMfile
 .text.sd_format
                0x200253cc       0x28 ./src/sub-systemCode/Global/TLM_management.o
                0x200253cc                sd_format
 .text.deleteDir
                0x200253f4       0xfc ./src/sub-systemCode/Global/TLM_management.o
                0x200253f4                deleteDir
 .text.getNumOfFilesInFS
                0x200254f0       0x44 ./src/sub-systemCode/Global/TLM_management.o
 .text.setNumOfFilesInFS
                0x20025534       0x48 ./src/sub-systemCode/Global/TLM_management.o
 .text.f_managed_enterFS
                0x2002557c       0x18 ./src/sub-systemCode/Global/TLM_management.o
                0x2002557c                f_managed_enterFS
 .text.f_managed_releaseFS
                0x20025594       0x18 ./src/sub-systemCode/Global/TLM_management.o
                0x20025594                f_managed_releaseFS
 .text.f_managed_open
                0x200255ac      0x110 ./src/sub-systemCode/Global/TLM_management.o
                0x200255ac                f_managed_open
 .text.f_managed_close
                0x200256bc       0x84 ./src/sub-systemCode/Global/TLM_management.o
                0x200256bc                f_managed_close
 .text.createSemahores_FS
                0x20025740       0x48 ./src/sub-systemCode/Global/TLM_management.o
                0x20025740                createSemahores_FS
 .text.InitializeFS
                0x20025788      0x17c ./src/sub-systemCode/Global/TLM_management.o
                0x20025788                InitializeFS
 .text.c_fileCreate
                0x20025904      0x110 ./src/sub-systemCode/Global/TLM_management.o
                0x20025904                c_fileCreate
 .text.writewithEpochtime
                0x20025a14       0x90 ./src/sub-systemCode/Global/TLM_management.o
 .text.get_C_FILE_struct
                0x20025aa4       0xe4 ./src/sub-systemCode/Global/TLM_management.o
 .text.getFileIndex
                0x20025b88       0x58 ./src/sub-systemCode/Global/TLM_management.o
 .text.get_file_name_by_index
                0x20025be0       0x44 ./src/sub-systemCode/Global/TLM_management.o
                0x20025be0                get_file_name_by_index
 .text.c_fileReset
                0x20025c24       0xd0 ./src/sub-systemCode/Global/TLM_management.o
                0x20025c24                c_fileReset
 .text.c_fileWrite
                0x20025cf4      0x154 ./src/sub-systemCode/Global/TLM_management.o
                0x20025cf4                c_fileWrite
 .text.deleteElementsFromFile
                0x20025e48      0x1a0 ./src/sub-systemCode/Global/TLM_management.o
 .text.c_fileDeleteElements
                0x20025fe8      0x158 ./src/sub-systemCode/Global/TLM_management.o
                0x20025fe8                c_fileDeleteElements
 .text.c_fileRead
                0x20026140      0x304 ./src/sub-systemCode/Global/TLM_management.o
                0x20026140                c_fileRead
 .text.DeInitializeFS
                0x20026444       0x30 ./src/sub-systemCode/Global/TLM_management.o
                0x20026444                DeInitializeFS
 .text.xSemaphoreGive_extended
                0x20026474       0x48 ./src/sub-systemCode/Global/freertosExtended.o
                0x20026474                xSemaphoreGive_extended
 .text.xSemaphoreTake_extended
                0x200264bc       0x54 ./src/sub-systemCode/Global/freertosExtended.o
                0x200264bc                xSemaphoreTake_extended
 .text.WriteLog
                0x20026510       0xa8 ./src/sub-systemCode/Global/logger.o
 .text.WriteErrorLog
                0x200265b8       0x64 ./src/sub-systemCode/Global/logger.o
                0x200265b8                WriteErrorLog
 .text.WriteResetLog
                0x2002661c       0x54 ./src/sub-systemCode/Global/logger.o
                0x2002661c                WriteResetLog
 .text.WritePayloadLog
                0x20026670       0x50 ./src/sub-systemCode/Global/logger.o
                0x20026670                WritePayloadLog
 .text.WriteEpsLog
                0x200266c0       0x4c ./src/sub-systemCode/Global/logger.o
                0x200266c0                WriteEpsLog
 .text.WriteTransponderLog
                0x2002670c       0x50 ./src/sub-systemCode/Global/logger.o
                0x2002670c                WriteTransponderLog
 .text.WriteAdcsLog
                0x2002675c       0x50 ./src/sub-systemCode/Global/logger.o
                0x2002675c                WriteAdcsLog
 .text.WriteCUFLog