Archive member included because of file (symbol)

c:/isis/application/toolchain/bin/../lib/gcc/arm-none-eabi/4.7.4/../../../../arm-none-eabi/lib\libc_s.a(lib_a-vfprintf_float.o)
                              (_printf_float)
c:/isis/application/toolchain/bin/../lib/gcc/arm-none-eabi/4.7.4/../../../../arm-none-eabi/lib\libc_s.a(lib_a-vfprintf_i.o)
                              c:/isis/application/toolchain/bin/../lib/gcc/arm-none-eabi/4.7.4/../../../../arm-none-eabi/lib\libc_s.a(lib_a-vfprintf_float.o) (_printf_common)
c:/isis/application/toolchain/bin/../lib/gcc/arm-none-eabi/4.7.4/../../../../arm-none-eabi/lib\libc_s.a(lib_a-vfscanf_float.o)
                              (_scanf_float)
c:/isis/application/toolchain/bin/../lib/gcc/arm-none-eabi/4.7.4/../../../../arm-none-eabi/lib\libc_s.a(lib_a-dtoa.o)
                              c:/isis/application/toolchain/bin/../lib/gcc/arm-none-eabi/4.7.4/../../../../arm-none-eabi/lib\libc_s.a(lib_a-vfprintf_float.o) (_dtoa_r)
c:/isis/application/toolchain/bin/../lib/gcc/arm-none-eabi/4.7.4/../../../../arm-none-eabi/lib\libc_s.a(lib_a-locale.o)
                              c:/isis/application/toolchain/bin/../lib/gcc/arm-none-eabi/4.7.4/../../../../arm-none-eabi/lib\libc_s.a(lib_a-vfprintf_float.o) (_localeconv_r)
c:/isis/application/toolchain/bin/../lib/gcc/arm-none-eabi/4.7.4/../../../../arm-none-eabi/lib\libc_s.a(lib_a-malloc.o)
                              c:/isis/application/toolchain/bin/../lib/gcc/arm-none-eabi/4.7.4/../../../../arm-none-eabi/lib\libc_s.a(lib_a-dtoa.o) (malloc)
c:/isis/application/toolchain/bin/../lib/gcc/arm-none-eabi/4.7.4/../../../../arm-none-eabi/lib\libc_s.a(lib_a-mallocr.o)
                              c:/isis/application/toolchain/bin/../lib/gcc/arm-none-eabi/4.7.4/../../../../arm-none-eabi/lib\libc_s.a(lib_a-malloc.o) (_malloc_r)
c:/isis/application/toolchain/bin/../lib/gcc/arm-none-eabi/4.7.4/../../../../arm-none-eabi/lib\libc_s.a(lib_a-memcpy.o)
                              c:/isis/application/toolchain/bin/../lib/gcc/arm-none-eabi/4.7.4/../../../../arm-none-eabi/lib\libc_s.a(lib_a-dtoa.o) (memcpy)
c:/isis/application/toolchain/bin/../lib/gcc/arm-none-eabi/4.7.4/../../../../arm-none-eabi/lib\libc_s.a(lib_a-mprec.o)
                              c:/isis/application/toolchain/bin/../lib/gcc/arm-none-eabi/4.7.4/../../../../arm-none-eabi/lib\libc_s.a(lib_a-dtoa.o) (_Balloc)
c:/isis/application/toolchain/bin/../lib/gcc/arm-none-eabi/4.7.4/../../../../arm-none-eabi/lib\libc_s.a(lib_a-s_fpclassify.o)
                              c:/isis/application/toolchain/bin/../lib/gcc/arm-none-eabi/4.7.4/../../../../arm-none-eabi/lib\libc_s.a(lib_a-vfprintf_float.o) (__fpclassifyd)
c:/isis/application/toolchain/bin/../lib/gcc/arm-none-eabi/4.7.4/../../../../arm-none-eabi/lib\libc_s.a(lib_a-sbrkr.o)
                              c:/isis/application/toolchain/bin/../lib/gcc/arm-none-eabi/4.7.4/../../../../arm-none-eabi/lib\libc_s.a(lib_a-mallocr.o) (_sbrk_r)
c:/isis/application/toolchain/bin/../lib/gcc/arm-none-eabi/4.7.4/../../../../arm-none-eabi/lib\libc_s.a(lib_a-sf_nan.o)
                              c:/isis/application/toolchain/bin/../lib/gcc/arm-none-eabi/4.7.4/../../../../arm-none-eabi/lib\libc_s.a(lib_a-vfscanf_float.o) (nanf)
c:/isis/application/toolchain/bin/../lib/gcc/arm-none-eabi/4.7.4/../../../../arm-none-eabi/lib\libc_s.a(lib_a-sprintf.o)
                              c:/isis/application/toolchain/bin/../lib/gcc/arm-none-eabi/4.7.4/../../../../arm-none-eabi/lib\libc_s.a(lib_a-vfscanf_float.o) (sprintf)
c:/isis/application/toolchain/bin/../lib/gcc/arm-none-eabi/4.7.4/../../../../arm-none-eabi/lib\libc_s.a(lib_a-strcmp.o)
                              c:/isis/application/toolchain/bin/../lib/gcc/arm-none-eabi/4.7.4/../../../../arm-none-eabi/lib\libc_s.a(lib_a-locale.o) (strcmp)
c:/isis/application/toolchain/bin/../lib/gcc/arm-none-eabi/4.7.4/../../../../arm-none-eabi/lib\libc_s.a(lib_a-strlen.o)
                              c:/isis/application/toolchain/bin/../lib/gcc/arm-none-eabi/4.7.4/../../../../arm-none-eabi/lib\libc_s.a(lib_a-vfprintf_float.o) (strlen)
c:/isis/application/toolchain/bin/../lib/gcc/arm-none-eabi/4.7.4/../../../../arm-none-eabi/lib\libc_s.a(lib_a-strtod.o)
                              c:/isis/application/toolchain/bin/../lib/gcc/arm-none-eabi/4.7.4/../../../../arm-none-eabi/lib\libc_s.a(lib_a-vfscanf_float.o) (_strtod_r)
c:/isis/application/toolchain/bin/../lib/gcc/arm-none-eabi/4.7.4/../../../../arm-none-eabi/lib\libc_s.a(lib_a-strtol.o)
                              c:/isis/application/toolchain/bin/../lib/gcc/arm-none-eabi/4.7.4/../../../../arm-none-eabi/lib\libc_s.a(lib_a-vfscanf_float.o) (_strtol_r)
c:/isis/application/toolchain/bin/../lib/gcc/arm-none-eabi/4.7.4/../../../../arm-none-eabi/lib\libc_s.a(lib_a-svfprintf.o)
                              c:/isis/application/toolchain/bin/../lib/gcc/arm-none-eabi/4.7.4/../../../../arm-none-eabi/lib\libc_s.a(lib_a-sprintf.o) (_svfprintf_r)
[...]
Memory Configuration

Name             Origin             Length             Attributes
sram0            0x00200000         0x00004000         w !xr
sram1            0x00300000         0x00004000         w !xr
sdram            0x20000000         0x02000000         w !xr
*default*        0x00000000         0xffffffff

Linker script and memory map

LOAD c:/isis/application/toolchain/bin/../lib/gcc/arm-none-eabi/4.7.4/../../../../arm-none-eabi/lib\libc_s.a
LOAD ./src/sub-systemCode/Main/CMD/COMM_CMD.o
LOAD ./src/sub-systemCode/Main/CMD/EPS_CMD.o
LOAD ./src/sub-systemCode/Main/CMD/General_CMD.o
LOAD ./src/sub-systemCode/Main/CMD/SW_CMD.o
LOAD ./src/sub-systemCode/Main/CMD/payload_CMD.o
LOAD ./src/sub-systemCode/Main/Ants.o
LOAD ./src/sub-systemCode/Main/EPS.o
LOAD ./src/sub-systemCode/Main/HouseKeeping.o
LOAD ./src/sub-systemCode/Main/Main_Init.o
LOAD ./src/sub-systemCode/Main/commands.o
LOAD ./src/sub-systemCode/Global/Global.o
LOAD ./src/sub-systemCode/Global/GlobalParam.o
LOAD ./src/sub-systemCode/Global/OnlineTM.o
LOAD ./src/sub-systemCode/Global/TM_managment.o
LOAD ./src/sub-systemCode/COMM/APRS.o
LOAD ./src/sub-systemCode/COMM/DelayedCommand_list.o
LOAD ./src/sub-systemCode/COMM/GSC.o
LOAD ./src/sub-systemCode/COMM/TRXVU.o
LOAD ./src/sub-systemCode/ADCS/ADCS.o
LOAD ./src/sub-systemCode/ADCS/Stage_Table.o
LOAD ./src/main.o
LOAD C:/HOOPOE3/satellite-subsystems/demo/..//satellite-subsystems/lib\libSatelliteSubsystemsD.a
LOAD c:/isis/application/toolchain/bin/../lib/gcc/arm-none-eabi/4.7.4/../../../../arm-none-eabi/lib\libm.a
LOAD C:/HOOPOE3/satellite-subsystems/demo/../..//hal/hcc/lib\libHCCD.a
LOAD C:/HOOPOE3/satellite-subsystems/demo/../..//hal/hal/lib\libHALD.a
LOAD C:/HOOPOE3/satellite-subsystems/demo/../..//hal/freertos/lib\libFreeRTOSD.a
LOAD C:/HOOPOE3/satellite-subsystems/demo/../..//hal/at91/lib\libAt91D.a
START GROUP
LOAD c:/isis/application/toolchain/bin/../lib/gcc/arm-none-eabi/4.7.4\libgcc.a
LOAD c:/isis/application/toolchain/bin/../lib/gcc/arm-none-eabi/4.7.4/../../../../arm-none-eabi/lib\libc_s.a
END GROUP

.fixed          0x20000000    0x3e400
                0x20000000                . = ALIGN (0x4)
                0x20000000                _sfixed = .
 *(.startup)
 .startup       0x20000000      0x134 C:/HOOPOE3/satellite-subsystems/demo/../..//hal/at91/lib\libAt91D.a(board_cstartup.o)
                0x20000000                entry
 *(.text)
 .text          0x20000134       0x64 C:/HOOPOE3/satellite-subsystems/demo/../..//hal/at91/lib\libAt91D.a(cp15_asm.o)
                0x20000134                _readControlRegister
                0x20000140                _writeControlRegister
                0x20000148                _waitForInterrupt
                0x20000154                _writeTTB
                0x2000015c                _writeDomain
                0x20000164                _writeITLBLockdown
                0x2000016c                _prefetchICacheLine
                0x20000174                _flushDCache
                0x20000180                _flushWriteBuffer
                0x2000018c                _invalidateIDTLBs
 .text          0x20000198      0x114 c:/isis/application/toolchain/bin/../lib/gcc/arm-none-eabi/4.7.4\libgcc.a(_udivsi3.o)
                0x20000198                __aeabi_uidiv
                0x20000198                __udivsi3
                0x2000028c                __aeabi_uidivmod
 .text          0x200002ac      0x148 c:/isis/application/toolchain/bin/../lib/gcc/arm-none-eabi/4.7.4\libgcc.a(_divsi3.o)
                0x200002ac                __divsi3
                0x200002ac                __aeabi_idiv
                0x200003d4                __aeabi_idivmod
 .text          0x200003f4        0x4 c:/isis/application/toolchain/bin/../lib/gcc/arm-none-eabi/4.7.4\libgcc.a(_dvmd_tls.o)
                0x200003f4                __aeabi_idiv0
                0x200003f4                __aeabi_ldiv0
 .text          0x200003f8      0x41c c:/isis/application/toolchain/bin/../lib/gcc/arm-none-eabi/4.7.4\libgcc.a(_arm_addsubdf3.o)
                0x200003f8                __aeabi_drsub
                0x20000400                __aeabi_dsub
                0x20000400                __subdf3
                0x20000404                __aeabi_dadd
                0x20000404                __adddf3
                0x20000714                __floatunsidf
                0x20000714                __aeabi_ui2d
                0x20000738                __floatsidf
                0x20000738                __aeabi_i2d
                0x20000760                __aeabi_f2d
                0x20000760                __extendsfdf2
                0x200007a0                __floatundidf
                0x200007a0                __aeabi_ul2d
                0x200007b4                __floatdidf
                0x200007b4                __aeabi_l2d
 .text          0x20000814      0x49c c:/isis/application/toolchain/bin/../lib/gcc/arm-none-eabi/4.7.4\libgcc.a(_arm_muldivdf3.o)
                0x20000814                __aeabi_dmul
                0x20000814                __muldf3
                0x20000aa4                __divdf3
                0x20000aa4                __aeabi_ddiv
 .text          0x20000cb0      0x144 c:/isis/application/toolchain/bin/../lib/gcc/arm-none-eabi/4.7.4\libgcc.a(_arm_cmpdf2.o)
                0x20000cb0                __gtdf2
                0x20000cb0                __gedf2
                0x20000cb8                __ltdf2
                0x20000cb8                __ledf2
                0x20000cc0                __nedf2
                0x20000cc0                __eqdf2
                0x20000cc0                __cmpdf2
                0x20000d48                __aeabi_cdrcmple
                0x20000d64                __aeabi_cdcmpeq
                0x20000d64                __aeabi_cdcmple
                0x20000d7c                __aeabi_dcmpeq
                0x20000d94                __aeabi_dcmplt
                0x20000dac                __aeabi_dcmple
                0x20000dc4                __aeabi_dcmpge
                0x20000ddc                __aeabi_dcmpgt
 .text          0x20000df4       0x5c c:/isis/application/toolchain/bin/../lib/gcc/arm-none-eabi/4.7.4\libgcc.a(_arm_fixdfsi.o)
                0x20000df4                __aeabi_d2iz
                0x20000df4                __fixdfsi
 .text          0x20000e50       0x54 c:/isis/application/toolchain/bin/../lib/gcc/arm-none-eabi/4.7.4\libgcc.a(_arm_fixunsdfsi.o)
                0x20000e50                __aeabi_d2uiz
                0x20000e50                __fixunsdfsi
 .text          0x20000ea4       0xa0 c:/isis/application/toolchain/bin/../lib/gcc/arm-none-eabi/4.7.4\libgcc.a(_arm_truncdfsf2.o)
                0x20000ea4                __truncdfsf2
                0x20000ea4                __aeabi_d2f
 .text          0x20000f44      0x2ac c:/isis/application/toolchain/bin/../lib/gcc/arm-none-eabi/4.7.4\libgcc.a(_arm_addsubsf3.o)
                0x20000f44                __aeabi_frsub
                0x20000f4c                __subsf3
                0x20000f4c                __aeabi_fsub
                0x20000f50                __aeabi_fadd
                0x20000f50                __addsf3
                0x2000110c                __aeabi_ui2f
                0x2000110c                __floatunsisf
                0x20001114                __aeabi_i2f
                0x20001114                __floatsisf
                0x20001134                __aeabi_ul2f
                0x20001134                __floatundisf
                0x20001144                __aeabi_l2f
                0x20001144                __floatdisf
 .text          0x200011f0      0x2f8 c:/isis/application/toolchain/bin/../lib/gcc/arm-none-eabi/4.7.4\libgcc.a(_arm_muldivsf3.o)
                0x200011f0                __mulsf3
                0x200011f0                __aeabi_fmul
                0x20001388                __aeabi_fdiv
                0x20001388                __divsf3
 .text          0x200014e8       0x54 c:/isis/application/toolchain/bin/../lib/gcc/arm-none-eabi/4.7.4\libgcc.a(_arm_fixunssfsi.o)
                0x200014e8                __fixunssfsi
                0x200014e8                __aeabi_f2uiz
 *(.text*)
 .text.__cvt    0x2000153c      0x138 c:/isis/application/toolchain/bin/../lib/gcc/arm-none-eabi/4.7.4/../../../../arm-none-eabi/lib\libc_s.a(lib_a-vfprintf_float.o)
                0x2000153c                __cvt
 .text.__exponent
                0x20001674       0xa8 c:/isis/application/toolchain/bin/../lib/gcc/arm-none-eabi/4.7.4/../../../../arm-none-eabi/lib\libc_s.a(lib_a-vfprintf_float.o)
                0x20001674                __exponent
 .text._printf_float
                0x2000171c      0x7dc c:/isis/application/toolchain/bin/../lib/gcc/arm-none-eabi/4.7.4/../../../../arm-none-eabi/lib\libc_s.a(lib_a-vfprintf_float.o)
                0x2000171c                _printf_float
 .text._printf_common
                0x20001ef8      0x174 c:/isis/application/toolchain/bin/../lib/gcc/arm-none-eabi/4.7.4/../../../../arm-none-eabi/lib\libc_s.a(lib_a-vfprintf_i.o)
                0x20001ef8                _printf_common
 .text._printf_i
                0x2000206c      0x3c4 c:/isis/application/toolchain/bin/../lib/gcc/arm-none-eabi/4.7.4/../../../../arm-none-eabi/lib\libc_s.a(lib_a-vfprintf_i.o)
                0x2000206c                _printf_i
 .text._scanf_float
                0x20002430      0x5f4 c:/isis/application/toolchain/bin/../lib/gcc/arm-none-eabi/4.7.4/../../../../arm-none-eabi/lib\libc_s.a(lib_a-vfscanf_float.o)
                0x20002430                _scanf_float
 .text.quorem   0x20002a24      0x1ac c:/isis/application/toolchain/bin/../lib/gcc/arm-none-eabi/4.7.4/../../../../arm-none-eabi/lib\libc_s.a(lib_a-dtoa.o)
 .text._dtoa_r  0x20002bd0     0x1268 c:/isis/application/toolchain/bin/../lib/gcc/arm-none-eabi/4.7.4/../../../../arm-none-eabi/lib\libc_s.a(lib_a-dtoa.o)
                0x20002bd0                _dtoa_r
 .text._localeconv_r
                0x20003e38        0xc c:/isis/application/toolchain/bin/../lib/gcc/arm-none-eabi/4.7.4/../../../../arm-none-eabi/lib\libc_s.a(lib_a-locale.o)
                0x20003e38                _localeconv_r
 .text.malloc   0x20003e44       0x20 c:/isis/application/toolchain/bin/../lib/gcc/arm-none-eabi/4.7.4/../../../../arm-none-eabi/lib\libc_s.a(lib_a-malloc.o)
                0x20003e44                malloc
 .text.free     0x20003e64       0x20 c:/isis/application/toolchain/bin/../lib/gcc/arm-none-eabi/4.7.4/../../../../arm-none-eabi/lib\libc_s.a(lib_a-malloc.o)
                0x20003e64                free
 .text._malloc_r
                0x20003e84       0xfc c:/isis/application/toolchain/bin/../lib/gcc/arm-none-eabi/4.7.4/../../../../arm-none-eabi/lib\libc_s.a(lib_a-mallocr.o)
                0x20003e84                _malloc_r
 .text.memcpy   0x20003f80       0x20 c:/isis/application/toolchain/bin/../lib/gcc/arm-none-eabi/4.7.4/../../../../arm-none-eabi/lib\libc_s.a(lib_a-memcpy.o)
                0x20003f80                memcpy
 .text._Balloc  0x20003fa0       0xcc c:/isis/application/toolchain/bin/../lib/gcc/arm-none-eabi/4.7.4/../../../../arm-none-eabi/lib\libc_s.a(lib_a-mprec.o)
                0x20003fa0                _Balloc
 .text._Bfree   0x2000406c       0x5c c:/isis/application/toolchain/bin/../lib/gcc/arm-none-eabi/4.7.4/../../../../arm-none-eabi/lib\libc_s.a(lib_a-mprec.o)
                0x2000406c                _Bfree
 .text.__multadd
                0x200040c8       0xbc c:/isis/application/toolchain/bin/../lib/gcc/arm-none-eabi/4.7.4/../../../../arm-none-eabi/lib\libc_s.a(lib_a-mprec.o)
                0x200040c8                __multadd
 .text.__s2b    0x20004184       0xd8 c:/isis/application/toolchain/bin/../lib/gcc/arm-none-eabi/4.7.4/../../../../arm-none-eabi/lib\libc_s.a(lib_a-mprec.o)
                0x20004184                __s2b
 .text.__hi0bits
                0x2000425c       0x58 c:/isis/application/toolchain/bin/../lib/gcc/arm-none-eabi/4.7.4/../../../../arm-none-eabi/lib\libc_s.a(lib_a-mprec.o)
                0x2000425c                __hi0bits
 .text.__lo0bits
                0x200042b4       0x94 c:/isis/application/toolchain/bin/../lib/gcc/arm-none-eabi/4.7.4/../../../../arm-none-eabi/lib\libc_s.a(lib_a-mprec.o)
                0x200042b4                __lo0bits
 .text.__i2b    0x20004348       0x24 c:/isis/application/toolchain/bin/../lib/gcc/arm-none-eabi/4.7.4/../../../../arm-none-eabi/lib\libc_s.a(lib_a-mprec.o)
                0x20004348                __i2b
 .text.__multiply
                0x2000436c      0x1ac c:/isis/application/toolchain/bin/../lib/gcc/arm-none-eabi/4.7.4/../../../../arm-none-eabi/lib\libc_s.a(lib_a-mprec.o)
                0x2000436c                __multiply
 .text.__pow5mult
                0x20004518      0x10c c:/isis/application/toolchain/bin/../lib/gcc/arm-none-eabi/4.7.4/../../../../arm-none-eabi/lib\libc_s.a(lib_a-mprec.o)
                0x20004518                __pow5mult
 .text.__lshift
                0x20004624       0xf0 c:/isis/application/toolchain/bin/../lib/gcc/arm-none-eabi/4.7.4/../../../../arm-none-eabi/lib\libc_s.a(lib_a-mprec.o)
                0x20004624                __lshift
 .text.__mcmp   0x20004714       0x60 c:/isis/application/toolchain/bin/../lib/gcc/arm-none-eabi/4.7.4/../../../../arm-none-eabi/lib\libc_s.a(lib_a-mprec.o)
                0x20004714                __mcmp
 .text.__mdiff  0x20004774      0x128 c:/isis/application/toolchain/bin/../lib/gcc/arm-none-eabi/4.7.4/../../../../arm-none-eabi/lib\libc_s.a(lib_a-mprec.o)
                0x20004774                __mdiff
 .text.__ulp    0x2000489c       0x5c c:/isis/application/toolchain/bin/../lib/gcc/arm-none-eabi/4.7.4/../../../../arm-none-eabi/lib\libc_s.a(lib_a-mprec.o)
                0x2000489c                __ulp
 .text.__b2d    0x200048f8       0xc8 c:/isis/application/toolchain/bin/../lib/gcc/arm-none-eabi/4.7.4/../../../../arm-none-eabi/lib\libc_s.a(lib_a-mprec.o)
                0x200048f8                __b2d
 .text.__d2b    0x200049c0       0xfc c:/isis/application/toolchain/bin/../lib/gcc/arm-none-eabi/4.7.4/../../../../arm-none-eabi/lib\libc_s.a(lib_a-mprec.o)
                0x200049c0                __d2b
 .text.__ratio  0x20004abc       0x70 c:/isis/application/toolchain/bin/../lib/gcc/arm-none-eabi/4.7.4/../../../../arm-none-eabi/lib\libc_s.a(lib_a-mprec.o)
                0x20004abc                __ratio
 .text.__copybits
                0x20004b2c       0x4c c:/isis/application/toolchain/bin/../lib/gcc/arm-none-eabi/4.7.4/../../../../arm-none-eabi/lib\libc_s.a(lib_a-mprec.o)
                0x20004b2c                __copybits
 .text.__any_on
                0x20004b78       0x7c c:/isis/application/toolchain/bin/../lib/gcc/arm-none-eabi/4.7.4/../../../../arm-none-eabi/lib\libc_s.a(lib_a-mprec.o)
                0x20004b78                __any_on
 .text.__fpclassifyd
                0x20004bf4       0x6c c:/isis/application/toolchain/bin/../lib/gcc/arm-none-eabi/4.7.4/../../../../arm-none-eabi/lib\libc_s.a(lib_a-s_fpclassify.o)
                0x20004bf4                __fpclassifyd
 .text._sbrk_r  0x20004c60       0x3c c:/isis/application/toolchain/bin/../lib/gcc/arm-none-eabi/4.7.4/../../../../arm-none-eabi/lib\libc_s.a(lib_a-sbrkr.o)
                0x20004c60                _sbrk_r
 .text.nanf     0x20004c9c        0xc c:/isis/application/toolchain/bin/../lib/gcc/arm-none-eabi/4.7.4/../../../../arm-none-eabi/lib\libc_s.a(lib_a-sf_nan.o)
                0x20004c9c                nanf
 .text.sprintf  0x20004ca8       0x6c c:/isis/application/toolchain/bin/../lib/gcc/arm-none-eabi/4.7.4/../../../../arm-none-eabi/lib\libc_s.a(lib_a-sprintf.o)
                0x20004ca8                siprintf
                0x20004ca8                sprintf
 .text.strcmp   0x20004d14       0x1c c:/isis/application/toolchain/bin/../lib/gcc/arm-none-eabi/4.7.4/../../../../arm-none-eabi/lib\libc_s.a(lib_a-strcmp.o)
                0x20004d14                strcmp
 .text.strlen   0x20004d30       0x1c c:/isis/application/toolchain/bin/../lib/gcc/arm-none-eabi/4.7.4/../../../../arm-none-eabi/lib\libc_s.a(lib_a-strlen.o)
                0x20004d30                strlen
 .text.match    0x20004d4c       0x54 c:/isis/application/toolchain/bin/../lib/gcc/arm-none-eabi/4.7.4/../../../../arm-none-eabi/lib\libc_s.a(lib_a-strtod.o)
 .text._strtod_r
                0x20004da0     0x1168 c:/isis/application/toolchain/bin/../lib/gcc/arm-none-eabi/4.7.4/../../../../arm-none-eabi/lib\libc_s.a(lib_a-strtod.o)
                0x20004da0                _strtod_r
 .text._strtol_r
                0x20005f08      0x1b8 c:/isis/application/toolchain/bin/../lib/gcc/arm-none-eabi/4.7.4/../../../../arm-none-eabi/lib\libc_s.a(lib_a-strtol.o)
                0x20005f08                _strtol_r
 .text.__ssputc_r
                0x200060c0      0x10c c:/isis/application/toolchain/bin/../lib/gcc/arm-none-eabi/4.7.4/../../../../arm-none-eabi/lib\libc_s.a(lib_a-svfprintf.o)
                0x200060c0                __ssputc_r
 .text._svfprintf_r
                0x200061cc      0x328 c:/isis/application/toolchain/bin/../lib/gcc/arm-none-eabi/4.7.4/../../../../arm-none-eabi/lib\libc_s.a(lib_a-svfprintf.o)
                0x200061cc                _svfiprintf_r
                0x200061cc                _svfprintf_r
 .text._calloc_r
                0x200064f4       0x2c c:/isis/application/toolchain/bin/../lib/gcc/arm-none-eabi/4.7.4/../../../../arm-none-eabi/lib\libc_s.a(lib_a-callocr.o)
                0x200064f4                _calloc_r
 .text._free_r  0x20006520      0x108 c:/isis/application/toolchain/bin/../lib/gcc/arm-none-eabi/4.7.4/../../../../arm-none-eabi/lib\libc_s.a(lib_a-freer.o)
                0x20006520                _free_r
 .text.rshift   0x20006628       0xb0 c:/isis/application/toolchain/bin/../lib/gcc/arm-none-eabi/4.7.4/../../../../arm-none-eabi/lib\libc_s.a(lib_a-gdtoa-gethex.o)
 .text.htinit.constprop.0
                0x200066d8       0x34 c:/isis/application/toolchain/bin/../lib/gcc/arm-none-eabi/4.7.4/../../../../arm-none-eabi/lib\libc_s.a(lib_a-gdtoa-gethex.o)
 .text.__hexdig_init
                0x2000670c       0x38 c:/isis/application/toolchain/bin/../lib/gcc/arm-none-eabi/4.7.4/../../../../arm-none-eabi/lib\libc_s.a(lib_a-gdtoa-gethex.o)
                0x2000670c                __hexdig_init
 .text.__gethex
                0x20006744      0x6cc c:/isis/application/toolchain/bin/../lib/gcc/arm-none-eabi/4.7.4/../../../../arm-none-eabi/lib\libc_s.a(lib_a-gdtoa-gethex.o)
                0x20006744                __gethex
 .text.L_shift  0x20006e10       0x38 c:/isis/application/toolchain/bin/../lib/gcc/arm-none-eabi/4.7.4/../../../../arm-none-eabi/lib\libc_s.a(lib_a-gdtoa-hexnan.o)
 .text.__hexnan
                0x20006e48      0x1d8 c:/isis/application/toolchain/bin/../lib/gcc/arm-none-eabi/4.7.4/../../../../arm-none-eabi/lib\libc_s.a(lib_a-gdtoa-hexnan.o)
                0x20006e48                __hexnan
 .text.memchr   0x20007020       0x34 c:/isis/application/toolchain/bin/../lib/gcc/arm-none-eabi/4.7.4/../../../../arm-none-eabi/lib\libc_s.a(lib_a-memchr.o)
                0x20007020                memchr
 .text.memset   0x20007054       0x1c c:/isis/application/toolchain/bin/../lib/gcc/arm-none-eabi/4.7.4/../../../../arm-none-eabi/lib\libc_s.a(lib_a-memset.o)
                0x20007054                memset
 .text._realloc_r
                0x20007070       0x80 c:/isis/application/toolchain/bin/../lib/gcc/arm-none-eabi/4.7.4/../../../../arm-none-eabi/lib\libc_s.a(lib_a-reallocr.o)
                0x20007070                _realloc_r
 .text.strncmp  0x200070f0       0x64 c:/isis/application/toolchain/bin/../lib/gcc/arm-none-eabi/4.7.4/../../../../arm-none-eabi/lib\libc_s.a(lib_a-strncmp.o)
                0x200070f0                strncmp
 .text._malloc_usable_size_r
                0x20007154       0x1c c:/isis/application/toolchain/bin/../lib/gcc/arm-none-eabi/4.7.4/../../../../arm-none-eabi/lib\libc_s.a(lib_a-msizer.o)
                0x20007154                _malloc_usable_size_r
 .text.cmd_error
                0x20007170       0x38 ./src/sub-systemCode/Main/CMD/COMM_CMD.o
                0x20007170                cmd_error
 .text.cmd_mute
                0x200071a8       0xc4 ./src/sub-systemCode/Main/CMD/COMM_CMD.o
                0x200071a8                cmd_mute
 .text.cmd_unmute
                0x2000726c       0x4c ./src/sub-systemCode/Main/CMD/COMM_CMD.o
                0x2000726c                cmd_unmute
 .text.cmd_active_trans
                0x200072b8       0xc0 ./src/sub-systemCode/Main/CMD/COMM_CMD.o
                0x200072b8                cmd_active_trans
 .text.cmd_shut_trans
                0x20007378       0x38 ./src/sub-systemCode/Main/CMD/COMM_CMD.o
                0x20007378                cmd_shut_trans
 .text.cmd_change_trans_rssi
                0x200073b0       0xb8 ./src/sub-systemCode/Main/CMD/COMM_CMD.o
                0x200073b0                cmd_change_trans_rssi
 .text.cmd_aprs_dump
                0x20007468       0x50 ./src/sub-systemCode/Main/CMD/COMM_CMD.o
                0x20007468                cmd_aprs_dump
 .text.cmd_stop_dump
                0x200074b8       0x38 ./src/sub-systemCode/Main/CMD/COMM_CMD.o
                0x200074b8                cmd_stop_dump
 .text.cmd_time_frequency
                0x200074f0       0xc0 ./src/sub-systemCode/Main/CMD/COMM_CMD.o
                0x200074f0                cmd_time_frequency
 .text.cmd_upload_volt_logic
                0x200075b0      0x3d0 ./src/sub-systemCode/Main/CMD/EPS_CMD.o
                0x200075b0                cmd_upload_volt_logic
 .text.cmd_upload_volt_COMM
                0x20007980      0x1c8 ./src/sub-systemCode/Main/CMD/EPS_CMD.o
                0x20007980                cmd_upload_volt_COMM
 .text.cmd_heater_temp
                0x20007b48       0xc0 ./src/sub-systemCode/Main/CMD/EPS_CMD.o
                0x20007b48                cmd_heater_temp
 .text.cmd_SHUT_CAM
                0x20007c08       0x6c ./src/sub-systemCode/Main/CMD/EPS_CMD.o
                0x20007c08                cmd_SHUT_CAM
 .text.cmd_SHUT_ADCS
                0x20007c74       0x6c ./src/sub-systemCode/Main/CMD/EPS_CMD.o
                0x20007c74                cmd_SHUT_ADCS
 .text.cmd_allow_CAM
                0x20007ce0       0x6c ./src/sub-systemCode/Main/CMD/EPS_CMD.o
                0x20007ce0                cmd_allow_CAM
 .text.cmd_allow_ADCS
                0x20007d4c       0x6c ./src/sub-systemCode/Main/CMD/EPS_CMD.o
                0x20007d4c                cmd_allow_ADCS
 .text.cmd_generic_I2C
                0x20007db8       0xb4 ./src/sub-systemCode/Main/CMD/General_CMD.o
                0x20007db8                cmd_generic_I2C
 .text.cmd_dump
                0x20007e6c       0xf0 ./src/sub-systemCode/Main/CMD/General_CMD.o
                0x20007e6c                cmd_dump
 .text.cmd_delete_TM
                0x20007f5c      0x1dc ./src/sub-systemCode/Main/CMD/General_CMD.o
                0x20007f5c                cmd_delete_TM
 .text.cmd_reset_file
                0x20008138      0x110 ./src/sub-systemCode/Main/CMD/General_CMD.o
                0x20008138                cmd_reset_file
 .text.cmd_dummy_func
                0x20008248       0x40 ./src/sub-systemCode/Main/CMD/General_CMD.o
                0x20008248                cmd_dummy_func
 .text.cmd_soft_reset_cmponent
                0x20008288       0xb0 ./src/sub-systemCode/Main/CMD/General_CMD.o
                0x20008288                cmd_soft_reset_cmponent
 .text.cmd_hard_reset_cmponent
                0x20008338       0xb0 ./src/sub-systemCode/Main/CMD/General_CMD.o
                0x20008338                cmd_hard_reset_cmponent
 .text.cmd_reset_satellite
                0x200083e8       0x78 ./src/sub-systemCode/Main/CMD/General_CMD.o
                0x200083e8                cmd_reset_satellite
 .text.cmd_gracefull_reset_satellite
                0x20008460       0x78 ./src/sub-systemCode/Main/CMD/General_CMD.o
                0x20008460                cmd_gracefull_reset_satellite
 .text.cmd_upload_time
                0x200084d8       0xb0 ./src/sub-systemCode/Main/CMD/General_CMD.o
                0x200084d8                cmd_upload_time
 .text.cmd_ARM_DIARM
                0x20008588       0xd4 ./src/sub-systemCode/Main/CMD/General_CMD.o
                0x20008588                cmd_ARM_DIARM
 .text.cmd_reset_delayed_command_list
                0x2000865c       0x3c ./src/sub-systemCode/Main/CMD/SW_CMD.o
                0x2000865c                cmd_reset_delayed_command_list
 .text.cmd_reset_APRS_list
                0x20008698       0x3c ./src/sub-systemCode/Main/CMD/SW_CMD.o
                0x20008698                cmd_reset_APRS_list
 .text.cmd_reset_FRAM
                0x200086d4       0xe8 ./src/sub-systemCode/Main/CMD/SW_CMD.o
                0x200086d4                cmd_reset_FRAM
 .text.ARM_ants
                0x200087bc       0xb8 ./src/sub-systemCode/Main/Ants.o
                0x200087bc                ARM_ants
 .text.DISARM_ants
                0x20008874       0xb8 ./src/sub-systemCode/Main/Ants.o
                0x20008874                DISARM_ants
 .text.round_vol
                0x2000892c      0x124 ./src/sub-systemCode/Main/EPS.o
                0x2000892c                round_vol
 .text.get_shut_ADCS
                0x20008a50       0x48 ./src/sub-systemCode/Main/EPS.o
                0x20008a50                get_shut_ADCS
 .text.shut_ADCS
                0x20008a98       0x44 ./src/sub-systemCode/Main/EPS.o
                0x20008a98                shut_ADCS
 .text.get_shut_CAM
                0x20008adc       0x48 ./src/sub-systemCode/Main/EPS.o
                0x20008adc                get_shut_CAM
 .text.shut_CAM
                0x20008b24       0x44 ./src/sub-systemCode/Main/EPS.o
                0x20008b24                shut_CAM
 .text.update_powerLines
                0x20008b68       0xec ./src/sub-systemCode/Main/EPS.o
                0x20008b68                update_powerLines
 .text.init_enterMode
                0x20008c54       0x88 ./src/sub-systemCode/Main/EPS.o
                0x20008c54                init_enterMode
 .text.EPS_Init
                0x20008cdc      0x1c8 ./src/sub-systemCode/Main/EPS.o
                0x20008cdc                EPS_Init
 .text.reset_FRAM_EPS
                0x20008ea4       0xa4 ./src/sub-systemCode/Main/EPS.o
                0x20008ea4                reset_FRAM_EPS
 .text.reset_EPS_voltages
                0x20008f48       0xbc ./src/sub-systemCode/Main/EPS.o
                0x20008f48                reset_EPS_voltages
 .text.battery_downward
                0x20009004      0x114 ./src/sub-systemCode/Main/EPS.o
                0x20009004                battery_downward
 .text.battery_upward
                0x20009118      0x120 ./src/sub-systemCode/Main/EPS.o
                0x20009118                battery_upward
 .text.EPS_Conditioning
                0x20009238      0x1a4 ./src/sub-systemCode/Main/EPS.o
                0x20009238                EPS_Conditioning
 .text.overRide_ADCS
                0x200093dc       0x50 ./src/sub-systemCode/Main/EPS.o
                0x200093dc                overRide_ADCS
 .text.overRide_Camera
                0x2000942c       0x38 ./src/sub-systemCode/Main/EPS.o
                0x2000942c                overRide_Camera
 .text.EnterFullMode
                0x20009464       0xfc ./src/sub-systemCode/Main/EPS.o
                0x20009464                EnterFullMode
 .text.EnterCruiseMode
                0x20009560       0xec ./src/sub-systemCode/Main/EPS.o
                0x20009560                EnterCruiseMode
 .text.EnterSafeMode
                0x2000964c       0xec ./src/sub-systemCode/Main/EPS.o
                0x2000964c                EnterSafeMode
 .text.EnterCriticalMode
                0x20009738       0xd8 ./src/sub-systemCode/Main/EPS.o
                0x20009738                EnterCriticalMode
 .text.find_fileName
                0x20009810      0x59c ./src/sub-systemCode/Main/HouseKeeping.o
                0x20009810                find_fileName
 .text.size_of_element
                0x20009dac       0xd4 ./src/sub-systemCode/Main/HouseKeeping.o
                0x20009dac                size_of_element
 .text.save_ACK
                0x20009e80       0xa0 ./src/sub-systemCode/Main/HouseKeeping.o
                0x20009e80                save_ACK
 .text.set_GP_EPS
                0x20009f20      0x10c ./src/sub-systemCode/Main/HouseKeeping.o
                0x20009f20                set_GP_EPS
 .text.set_GP_COMM
                0x2000a02c       0x88 ./src/sub-systemCode/Main/HouseKeeping.o
                0x2000a02c                set_GP_COMM
 .text.SP_HK_collect
                0x2000a0b4      0x17c ./src/sub-systemCode/Main/HouseKeeping.o
                0x2000a0b4                SP_HK_collect
 .text.EPS_HK_collect
                0x2000a230      0x4d8 ./src/sub-systemCode/Main/HouseKeeping.o
                0x2000a230                EPS_HK_collect
 .text.CAM_HK_collect
                0x2000a708      0x91c ./src/sub-systemCode/Main/HouseKeeping.o
                0x2000a708                CAM_HK_collect
 .text.COMM_HK_collect
                0x2000b024      0x154 ./src/sub-systemCode/Main/HouseKeeping.o
                0x2000b024                COMM_HK_collect
 .text.COMM_create_file
                0x2000b178       0x74 ./src/sub-systemCode/Main/HouseKeeping.o
                0x2000b178                COMM_create_file
 .text.ACK_create_file
                0x2000b1ec       0x74 ./src/sub-systemCode/Main/HouseKeeping.o
                0x2000b1ec                ACK_create_file
 .text.EPS_create_file
                0x2000b260       0x74 ./src/sub-systemCode/Main/HouseKeeping.o
                0x2000b260                EPS_create_file
 .text.CAM_create_file
                0x2000b2d4       0x54 ./src/sub-systemCode/Main/HouseKeeping.o
                0x2000b2d4                CAM_create_file
 .text.SP_create_file
                0x2000b328       0x54 ./src/sub-systemCode/Main/HouseKeeping.o
                0x2000b328                SP_create_file
 .text.create_files
                0x2000b37c       0x48 ./src/sub-systemCode/Main/HouseKeeping.o
                0x2000b37c                create_files
 .text.save_SP_HK
                0x2000b3c4       0x70 ./src/sub-systemCode/Main/HouseKeeping.o
                0x2000b3c4                save_SP_HK
 .text.save_EPS_HK
                0x2000b434       0x70 ./src/sub-systemCode/Main/HouseKeeping.o
                0x2000b434                save_EPS_HK
 .text.save_CAM_HK
                0x2000b4a4       0x84 ./src/sub-systemCode/Main/HouseKeeping.o
                0x2000b4a4                save_CAM_HK
 .text.save_COMM_HK
                0x2000b528       0x70 ./src/sub-systemCode/Main/HouseKeeping.o
                0x2000b528                save_COMM_HK
 .text.EPS_HK_raw_BigEnE
                0x2000b598      0x194 ./src/sub-systemCode/Main/HouseKeeping.o
                0x2000b598                EPS_HK_raw_BigEnE
 .text.CAM_HK_raw_BigEnE
                0x2000b72c      0x194 ./src/sub-systemCode/Main/HouseKeeping.o
                0x2000b72c                CAM_HK_raw_BigEnE
 .text.COMM_HK_raw_BigEnE
                0x2000b8c0      0x194 ./src/sub-systemCode/Main/HouseKeeping.o
                0x2000b8c0                COMM_HK_raw_BigEnE
 .text.ADCS_HK_raw_BigEnE
                0x2000ba54      0x194 ./src/sub-systemCode/Main/HouseKeeping.o
                0x2000ba54                ADCS_HK_raw_BigEnE
 .text.ADCS_SC_raw_BigEnE
                0x2000bbe8      0x188 ./src/sub-systemCode/Main/HouseKeeping.o
                0x2000bbe8                ADCS_SC_raw_BigEnE
 .text.build_HK_spl_packet
                0x2000bd70      0x990 ./src/sub-systemCode/Main/HouseKeeping.o
                0x2000bd70                build_HK_spl_packet
 .text.HouseKeeping_highRate_Task
                0x2000c700       0x60 ./src/sub-systemCode/Main/HouseKeeping.o
                0x2000c700                HouseKeeping_highRate_Task
 .text.HouseKeeping_lowRate_Task
                0x2000c760       0x5c ./src/sub-systemCode/Main/HouseKeeping.o
                0x2000c760                HouseKeeping_lowRate_Task
 .text.test_menu
                0x2000c7bc       0xd8 ./src/sub-systemCode/Main/Main_Init.o
                0x2000c7bc                test_menu
 .text.numberOfRestarts
                0x2000c894       0x94 ./src/sub-systemCode/Main/Main_Init.o
                0x2000c894                numberOfRestarts
 .text.StartFRAM
                0x2000c928       0x38 ./src/sub-systemCode/Main/Main_Init.o
                0x2000c928                StartFRAM
 .text.StartI2C
                0x2000c960       0x44 ./src/sub-systemCode/Main/Main_Init.o
                0x2000c960                StartI2C
 .text.StartSPI
                0x2000c9a4       0x40 ./src/sub-systemCode/Main/Main_Init.o
                0x2000c9a4                StartSPI
 .text.StartTIME
                0x2000c9e4      0x118 ./src/sub-systemCode/Main/Main_Init.o
                0x2000c9e4                StartTIME
 .text.first_activation
                0x2000cafc       0x78 ./src/sub-systemCode/Main/Main_Init.o
                0x2000cafc                first_activation
 .text.InitSubsystems
                0x2000cb74       0x68 ./src/sub-systemCode/Main/Main_Init.o
                0x2000cb74                InitSubsystems
 .text.SubSystemTaskStart
                0x2000cbdc      0x11c ./src/sub-systemCode/Main/Main_Init.o
                0x2000cbdc                SubSystemTaskStart
 .text.copy_command
                0x2000ccf8       0x80 ./src/sub-systemCode/Main/commands.o
                0x2000ccf8                copy_command
 .text.reset_command
                0x2000cd78       0x28 ./src/sub-systemCode/Main/commands.o
                0x2000cd78                reset_command
 .text.init_command
                0x2000cda0       0xd4 ./src/sub-systemCode/Main/commands.o
                0x2000cda0                init_command
 .text.add_command
                0x2000ce74      0x138 ./src/sub-systemCode/Main/commands.o
                0x2000ce74                add_command
 .text.get_command
                0x2000cfac      0x1cc ./src/sub-systemCode/Main/commands.o
                0x2000cfac                get_command
 .text.act_upon_command
                0x2000d178      0x200 ./src/sub-systemCode/Main/commands.o
                0x2000d178                act_upon_command
 .text.AUC_COMM
                0x2000d378      0x200 ./src/sub-systemCode/Main/commands.o
                0x2000d378                AUC_COMM
 .text.AUC_general
                0x2000d578      0x17c ./src/sub-systemCode/Main/commands.o
                0x2000d578                AUC_general
 .text.AUC_payload
                0x2000d6f4      0x110 ./src/sub-systemCode/Main/commands.o
                0x2000d6f4                AUC_payload
 .text.AUC_EPS  0x2000d804      0x248 ./src/sub-systemCode/Main/commands.o
                0x2000d804                AUC_EPS
 .text.AUC_ADCS
                0x2000da4c       0x5c ./src/sub-systemCode/Main/commands.o
                0x2000da4c                AUC_ADCS
 .text.AUC_GS   0x2000daa8      0x1fc ./src/sub-systemCode/Main/commands.o
                0x2000daa8                AUC_GS
 .text.AUC_SW   0x2000dca4       0xe4 ./src/sub-systemCode/Main/commands.o
                0x2000dca4                AUC_SW
 .text.AUC_special_operation
                0x2000dd88       0x8c ./src/sub-systemCode/Main/commands.o
                0x2000dd88                AUC_special_operation
 .text.check_int
                0x2000de14       0x3c ./src/sub-systemCode/Global/Global.o
                0x2000de14                check_int
 .text.check_portBASE_TYPE
                0x2000de50       0x3c ./src/sub-systemCode/Global/Global.o
                0x2000de50                check_portBASE_TYPE
 .text.soft_reset_subsystem
                0x2000de8c       0xd8 ./src/sub-systemCode/Global/Global.o
                0x2000de8c                soft_reset_subsystem
 .text.hard_reset_subsystem
                0x2000df64       0xfc ./src/sub-systemCode/Global/Global.o
                0x2000df64                hard_reset_subsystem
 .text.BigEnE_raw_to_uInt
                0x2000e060       0x94 ./src/sub-systemCode/Global/Global.o
                0x2000e060                BigEnE_raw_to_uInt
 .text.BigEnE_raw_to_uShort
                0x2000e0f4       0x50 ./src/sub-systemCode/Global/Global.o
                0x2000e0f4                BigEnE_raw_to_uShort
 .text.BigEnE_uInt_to_raw
                0x2000e144       0x78 ./src/sub-systemCode/Global/Global.o
                0x2000e144                BigEnE_uInt_to_raw
 .text.reset_FRAM_MAIN
                0x2000e1bc      0x19c ./src/sub-systemCode/Global/Global.o
                0x2000e1bc                reset_FRAM_MAIN
 .text.init_GP  0x2000e358      0x300 ./src/sub-systemCode/Global/GlobalParam.o
                0x2000e358                init_GP
 .text.get_system_state
                0x2000e658      0x268 ./src/sub-systemCode/Global/GlobalParam.o
                0x2000e658                get_system_state
 .text.set_system_state
                0x2000e8c0      0x298 ./src/sub-systemCode/Global/GlobalParam.o
                0x2000e8c0                set_system_state
 .text.get_current_global_param
                0x2000eb58      0x5c8 ./src/sub-systemCode/Global/GlobalParam.o
                0x2000eb58                get_current_global_param
 .text.set_Vbatt
                0x2000f120       0x8c ./src/sub-systemCode/Global/GlobalParam.o
                0x2000f120                set_Vbatt
 .text.get_Vbatt
                0x2000f1ac       0x8c ./src/sub-systemCode/Global/GlobalParam.o
                0x2000f1ac                get_Vbatt
 .text.set_curBat
                0x2000f238       0x8c ./src/sub-systemCode/Global/GlobalParam.o
                0x2000f238                set_curBat
 .text.set_cur3V3
                0x2000f2c4       0x8c ./src/sub-systemCode/Global/GlobalParam.o
                0x2000f2c4                set_cur3V3
 .text.set_cur5V
                0x2000f350       0x8c ./src/sub-systemCode/Global/GlobalParam.o
                0x2000f350                set_cur5V
 .text.set_tempComm_LO
                0x2000f3dc       0x8c ./src/sub-systemCode/Global/GlobalParam.o
                0x2000f3dc                set_tempComm_LO
 .text.set_tempComm_PA
                0x2000f468       0x8c ./src/sub-systemCode/Global/GlobalParam.o
                0x2000f468                set_tempComm_PA
 .text.set_tempEPS
                0x2000f4f4       0xc8 ./src/sub-systemCode/Global/GlobalParam.o
                0x2000f4f4                set_tempEPS
 .text.set_tempBatt
                0x2000f5bc       0xc8 ./src/sub-systemCode/Global/GlobalParam.o
                0x2000f5bc                set_tempBatt
 .text.set_RxDoppler
                0x2000f684       0x8c ./src/sub-systemCode/Global/GlobalParam.o
                0x2000f684                set_RxDoppler
 .text.set_RxRSSI
                0x2000f710       0x8c ./src/sub-systemCode/Global/GlobalParam.o
                0x2000f710                set_RxRSSI
 .text.set_TxRefl
                0x2000f79c       0x8c ./src/sub-systemCode/Global/GlobalParam.o
                0x2000f79c                set_TxRefl
 .text.set_TxForw
                0x2000f828       0x8c ./src/sub-systemCode/Global/GlobalParam.o
                0x2000f828                set_TxForw
 .text.get_ST   0x2000f8b4       0x8c ./src/sub-systemCode/Global/GlobalParam.o
                0x2000f8b4                get_ST
 .text.set_numOfAPRS
                0x2000f940       0x8c ./src/sub-systemCode/Global/GlobalParam.o
                0x2000f940                set_numOfAPRS
 .text.set_numOfDelayedCommand
                0x2000f9cc       0x8c ./src/sub-systemCode/Global/GlobalParam.o
                0x2000f9cc                set_numOfDelayedCommand
 .text.set_numOfResets
                0x2000fa58       0xac ./src/sub-systemCode/Global/GlobalParam.o
                0x2000fa58                set_numOfResets
 .text.set_ground_conn
                0x2000fb04       0xa0 ./src/sub-systemCode/Global/GlobalParam.o
                0x2000fb04                set_ground_conn
 .text.get_ground_conn
                0x2000fba4       0xa0 ./src/sub-systemCode/Global/GlobalParam.o
                0x2000fba4                get_ground_conn
 .text.IsisAntS_getStatusData_sideA
                0x2000fc44       0x3c ./src/sub-systemCode/Global/OnlineTM.o
                0x2000fc44                IsisAntS_getStatusData_sideA
 .text.IsisAntS_getAlltelemetry_sideA
                0x2000fc80       0x3c ./src/sub-systemCode/Global/OnlineTM.o
                0x2000fc80                IsisAntS_getAlltelemetry_sideA
 .text.IsisAntS_getTemperature_sideA
                0x2000fcbc       0x3c ./src/sub-systemCode/Global/OnlineTM.o
                0x2000fcbc                IsisAntS_getTemperature_sideA
 .text.IsisAntS_getStatusData_sideB
                0x2000fcf8       0x3c ./src/sub-systemCode/Global/OnlineTM.o
                0x2000fcf8                IsisAntS_getStatusData_sideB
 .text.IsisAntS_getAlltelemetry_sideB
                0x2000fd34       0x3c ./src/sub-systemCode/Global/OnlineTM.o
                0x2000fd34                IsisAntS_getAlltelemetry_sideB
 .text.IsisAntS_getTemperature_sideB
                0x2000fd70       0x3c ./src/sub-systemCode/Global/OnlineTM.o
                0x2000fd70                IsisAntS_getTemperature_sideB
 .text.init_onlineParam
                0x2000fdac      0xc80 ./src/sub-systemCode/Global/OnlineTM.o
                0x2000fdac                init_onlineParam
 .text.reset_offline_TM_list
                0x20010a2c       0x50 ./src/sub-systemCode/Global/OnlineTM.o
                0x20010a2c                reset_offline_TM_list
 .text.save_onlineTM_param
                0x20010a7c      0x1d8 ./src/sub-systemCode/Global/OnlineTM.o
                0x20010a7c                save_onlineTM_param
 .text.save_onlineTM_task
                0x20010c54      0x1a0 ./src/sub-systemCode/Global/OnlineTM.o
                0x20010c54                save_onlineTM_task
 .text.delete_allTMFilesFromSD
                0x20010df4       0xf8 ./src/sub-systemCode/Global/TM_managment.o
                0x20010df4                delete_allTMFilesFromSD
 .text.getNumOfFilesInFS
                0x20010eec       0x44 ./src/sub-systemCode/Global/TM_managment.o
 .text.setNumOfFilesInFS
                0x20010f30       0x50 ./src/sub-systemCode/Global/TM_managment.o
 .text.InitializeFS
                0x20010f80      0x174 ./src/sub-systemCode/Global/TM_managment.o
                0x20010f80                InitializeFS
 .text.c_fileCreate
                0x200110f4       0xf4 ./src/sub-systemCode/Global/TM_managment.o
                0x200110f4                c_fileCreate
 .text.writewithEpochtime
                0x200111e8       0x9c ./src/sub-systemCode/Global/TM_managment.o
 .text.get_C_FILE_struct
                0x20011284      0x104 ./src/sub-systemCode/Global/TM_managment.o
 .text.getFileIndex
                0x20011388       0x4c ./src/sub-systemCode/Global/TM_managment.o
 .text.get_file_name_by_index
                0x200113d4       0x54 ./src/sub-systemCode/Global/TM_managment.o
                0x200113d4                get_file_name_by_index
 .text.c_fileReset
                0x20011428       0xbc ./src/sub-systemCode/Global/TM_managment.o
                0x20011428                c_fileReset
 .text.c_fileWrite
                0x200114e4      0x11c ./src/sub-systemCode/Global/TM_managment.o
                0x200114e4                c_fileWrite
 .text.c_fileRead
                0x20011600      0x28c ./src/sub-systemCode/Global/TM_managment.o
                0x20011600                c_fileRead
 .text.reset_APRS_list
                0x2001188c       0xa4 ./src/sub-systemCode/COMM/APRS.o
                0x2001188c                reset_APRS_list
 .text.send_APRS_Dump
                0x20011930      0x1c4 ./src/sub-systemCode/COMM/APRS.o
                0x20011930                send_APRS_Dump
 .text.check_APRS
                0x20011af4      0x1a4 ./src/sub-systemCode/COMM/APRS.o
                0x20011af4                check_APRS
 .text.get_APRS_list
                0x20011c98       0x88 ./src/sub-systemCode/COMM/APRS.o
                0x20011c98                get_APRS_list
 .text.find_CMD_in_list
                0x20011d20       0x7c ./src/sub-systemCode/COMM/DelayedCommand_list.o
                0x20011d20                find_CMD_in_list
 .text.find_empty_in_list
                0x20011d9c       0x74 ./src/sub-systemCode/COMM/DelayedCommand_list.o
                0x20011d9c                find_empty_in_list
 .text.check_delayCommandTime
                0x20011e10       0x8c ./src/sub-systemCode/COMM/DelayedCommand_list.o
                0x20011e10                check_delayCommandTime
 .text.execute_delayedCommand
                0x20011e9c       0x64 ./src/sub-systemCode/COMM/DelayedCommand_list.o
                0x20011e9c                execute_delayedCommand
 .text.check_delaycommand
                0x20011f00      0x17c ./src/sub-systemCode/COMM/DelayedCommand_list.o
                0x20011f00                check_delaycommand
 .text.reset_delayCommand
                0x2001207c       0x8c ./src/sub-systemCode/COMM/DelayedCommand_list.o
                0x2001207c                reset_delayCommand
 .text.add_delayCommand
                0x20012108      0x1a4 ./src/sub-systemCode/COMM/DelayedCommand_list.o
                0x20012108                add_delayCommand
 .text.get_delayCommand_list
                0x200122ac       0x80 ./src/sub-systemCode/COMM/DelayedCommand_list.o
                0x200122ac                get_delayCommand_list
 .text.EmptyOldestCommand
                0x2001232c       0xfc ./src/sub-systemCode/COMM/DelayedCommand_list.o
                0x2001232c                EmptyOldestCommand
 .text.decode_TCpacket
                0x20012428      0x16c ./src/sub-systemCode/COMM/GSC.o
                0x20012428                decode_TCpacket
 .text.encode_TCpacket
                0x20012594      0x114 ./src/sub-systemCode/COMM/GSC.o
                0x20012594                encode_TCpacket
 .text.encode_TMpacket
                0x200126a8      0x104 ./src/sub-systemCode/COMM/GSC.o
                0x200126a8                encode_TMpacket
 .text.build_raw_ACK
                0x200127ac       0xbc ./src/sub-systemCode/COMM/GSC.o
                0x200127ac                build_raw_ACK
 .text.build_data_field_ACK
                0x20012868       0x74 ./src/sub-systemCode/COMM/GSC.o
                0x20012868                build_data_field_ACK
 .text.init_trxvu
                0x200128dc      0x134 ./src/sub-systemCode/COMM/TRXVU.o
                0x200128dc                init_trxvu
 .text.TRXVU_task
                0x20012a10      0x18c ./src/sub-systemCode/COMM/TRXVU.o
                0x20012a10                TRXVU_task
 .text.dump_logic
                0x20012b9c      0x2ec ./src/sub-systemCode/COMM/TRXVU.o
                0x20012b9c                dump_logic
 .text.Dump_task
                0x20012e88      0x16c ./src/sub-systemCode/COMM/TRXVU.o
                0x20012e88                Dump_task
 .text.transponder_logic
                0x20012ff4       0xbc ./src/sub-systemCode/COMM/TRXVU.o
                0x20012ff4                transponder_logic
 .text.Transponder_task
                0x200130b0      0x1e0 ./src/sub-systemCode/COMM/TRXVU.o
                0x200130b0                Transponder_task
 .text.lookForRequestToDelete_transponder
                0x20013290       0xac ./src/sub-systemCode/COMM/TRXVU.o
                0x20013290                lookForRequestToDelete_transponder
 .text.lookForRequestToDelete_dump
                0x2001333c       0x7c ./src/sub-systemCode/COMM/TRXVU.o
                0x2001333c                lookForRequestToDelete_dump
 .text.sendRequestToStop_dump
                0x200133b8       0x8c ./src/sub-systemCode/COMM/TRXVU.o
                0x200133b8                sendRequestToStop_dump
 .text.sendRequestToStop_transponder
                0x20013444       0x98 ./src/sub-systemCode/COMM/TRXVU.o
                0x20013444                sendRequestToStop_transponder
 .text.Rx_logic
                0x200134dc      0x188 ./src/sub-systemCode/COMM/TRXVU.o
                0x200134dc                Rx_logic
 .text.pass_above_Ground
                0x20013664      0x104 ./src/sub-systemCode/COMM/TRXVU.o
                0x20013664                pass_above_Ground
 .text.trxvu_logic
                0x20013768       0x1c ./src/sub-systemCode/COMM/TRXVU.o
                0x20013768                trxvu_logic
 .text.Beacon_task
                0x20013784      0x1d8 ./src/sub-systemCode/COMM/TRXVU.o
                0x20013784                Beacon_task
 .text.buildAndSend_beacon
                0x2001395c      0x614 ./src/sub-systemCode/COMM/TRXVU.o
                0x2001395c                buildAndSend_beacon
 .text.reset_FRAM_TRXVU
                0x20013f70       0xc0 ./src/sub-systemCode/COMM/TRXVU.o
                0x20013f70                reset_FRAM_TRXVU
 .text.TRX_sendFrame
                0x20014030      0x23c ./src/sub-systemCode/COMM/TRXVU.o
                0x20014030                TRX_sendFrame
 .text.TRX_getFrameData
                0x2001426c      0x128 ./src/sub-systemCode/COMM/TRXVU.o
                0x2001426c                TRX_getFrameData
 .text.mute_Tx  0x20014394       0x20 ./src/sub-systemCode/COMM/TRXVU.o
                0x20014394                mute_Tx
 .text.unmute_Tx
                0x200143b4       0x54 ./src/sub-systemCode/COMM/TRXVU.o
                0x200143b4                unmute_Tx
 .text.check_time_off_mute
                0x20014408       0x74 ./src/sub-systemCode/COMM/TRXVU.o
                0x20014408                check_time_off_mute
 .text.set_mute_time
                0x2001447c       0xb4 ./src/sub-systemCode/COMM/TRXVU.o
                0x2001447c                set_mute_time
 .text.change_TRXVU_state
                0x20014530       0x98 ./src/sub-systemCode/COMM/TRXVU.o
                0x20014530                change_TRXVU_state
 .text.change_trans_RSSI
                0x200145c8       0x60 ./src/sub-systemCode/COMM/TRXVU.o
                0x200145c8                change_trans_RSSI
 .text.init_adcs
                0x20014628      0x104 ./src/sub-systemCode/ADCS/ADCS.o
                0x20014628                init_adcs
 .text.telemtryStart
                0x2001472c      0x16c ./src/sub-systemCode/ADCS/Stage_Table.o
                0x2001472c                telemtryStart
 .text.powerStart
                0x20014898       0x5c ./src/sub-systemCode/ADCS/Stage_Table.o
                0x20014898                powerStart
 .text.createTable
                0x200148f4       0xb4 ./src/sub-systemCode/ADCS/Stage_Table.o
                0x200148f4                createTable
 .text.buildControlMode
                0x200149a8       0x60 ./src/sub-systemCode/ADCS/Stage_Table.o
                0x200149a8                buildControlMode
 .text.Check_Table
                0x20014a08      0x178 ./src/sub-systemCode/ADCS/Stage_Table.o
                0x20014a08                Check_Table
 .text.updateTable
                0x20014b80      0x1f0 ./src/sub-systemCode/ADCS/Stage_Table.o
                0x20014b80                updateTable
 .text.translateCommandFULL
                0x20014d70       0x78 ./src/sub-systemCode/ADCS/Stage_Table.o
                0x20014d70                translateCommandFULL
 .text.getTableTo
                0x20014de8       0x64 ./src/sub-systemCode/ADCS/Stage_Table.o
                0x20014de8                getTableTo
 .text.save_time
                0x20014e4c       0x9c ./src/main.o
                0x20014e4c                save_time
 .text.Command_logic
                0x20014ee8       0x6c ./src/main.o
                0x20014ee8                Command_logic
 .text.taskMain
                0x20014f54       0x74 ./src/main.o
                0x20014f54                taskMain
 .text.main     0x20014fc8       0xbc ./src/main.o
                0x20014fc8                main
 .text.GomEpsInitialize
                0x20015084      0x148 C:/HOOPOE3/satellite-subsystems/demo/..//satellite-subsystems/lib\libSatelliteSubsystemsD.a(GomEPS.o)
                0x20015084                GomEpsInitialize
 .text.makeEPStransfer
                0x200151cc       0x3c C:/HOOPOE3/satellite-subsystems/demo/..//satellite-subsystems/lib\libSatelliteSubsystemsD.a(GomEPS.o)
 .text.GomEpsSoftReset
                0x20015208       0xc4 C:/HOOPOE3/satellite-subsystems/demo/..//satellite-subsystems/lib\libSatelliteSubsystemsD.a(GomEPS.o)
                0x20015208                GomEpsSoftReset
 .text.GomEpsHardReset
                0x200152cc       0xa8 C:/HOOPOE3/satellite-subsystems/demo/..//satellite-subsystems/lib\libSatelliteSubsystemsD.a(GomEPS.o)
                0x200152cc                GomEpsHardReset
 .text.GomEpsGetHkData_param
                0x20015374      0x29c C:/HOOPOE3/satellite-subsystems/demo/..//satellite-subsystems/lib\libSatelliteSubsystemsD.a(GomEPS.o)
                0x20015374                GomEpsGetHkData_param
 .text.GomEpsGetHkData_general
                0x20015610      0x45c C:/HOOPOE3/satellite-subsystems/demo/..//satellite-subsystems/lib\libSatelliteSubsystemsD.a(GomEPS.o)
                0x20015610                GomEpsGetHkData_general
 .text.GomEpsGetHkData_vi
                0x20015a6c      0x188 C:/HOOPOE3/satellite-subsystems/demo/..//satellite-subsystems/lib\libSatelliteSubsystemsD.a(GomEPS.o)
                0x20015a6c                GomEpsGetHkData_vi
 .text.GomEpsGetHkData_out
                0x20015bf4      0x21c C:/HOOPOE3/satellite-subsystems/demo/..//satellite-subsystems/lib\libSatelliteSubsystemsD.a(GomEPS.o)
                0x20015bf4                GomEpsGetHkData_out
 .text.GomEpsGetHkData_wdt
                0x20015e10      0x2b4 C:/HOOPOE3/satellite-subsystems/demo/..//satellite-subsystems/lib\libSatelliteSubsystemsD.a(GomEPS.o)
                0x20015e10                GomEpsGetHkData_wdt
 .text.GomEpsGetHkData_basic
                0x200160c4      0x22c C:/HOOPOE3/satellite-subsystems/demo/..//satellite-subsystems/lib\libSatelliteSubsystemsD.a(GomEPS.o)
                0x200160c4                GomEpsGetHkData_basic
 .text.GomEpsSetOutput
                0x200162f0       0xbc C:/HOOPOE3/satellite-subsystems/demo/..//satellite-subsystems/lib\libSatelliteSubsystemsD.a(GomEPS.o)
                0x200162f0                GomEpsSetOutput
 .text.GomEpsConfigGet
                0x200163ac      0x16c C:/HOOPOE3/satellite-subsystems/demo/..//satellite-subsystems/lib\libSatelliteSubsystemsD.a(GomEPS.o)
                0x200163ac                GomEpsConfigGet
 .text.GomEpsConfigSet
                0x20016518      0x184 C:/HOOPOE3/satellite-subsystems/demo/..//satellite-subsystems/lib\libSatelliteSubsystemsD.a(GomEPS.o)
                0x20016518                GomEpsConfigSet
 .text.GomEpsConfig2Get
                0x2001669c      0x16c C:/HOOPOE3/satellite-subsystems/demo/..//satellite-subsystems/lib\libSatelliteSubsystemsD.a(GomEPS.o)
                0x2001669c                GomEpsConfig2Get
 .text.makeAntStransfer
                0x20016808       0x4c C:/HOOPOE3/satellite-subsystems/demo/..//satellite-subsystems/lib\libSatelliteSubsystemsD.a(IsisAntS.o)
 .text.checkInputsValid
                0x20016854       0x7c C:/HOOPOE3/satellite-subsystems/demo/..//satellite-subsystems/lib\libSatelliteSubsystemsD.a(IsisAntS.o)
 .text.IsisAntS_setArmStatus
                0x200168d0      0x104 C:/HOOPOE3/satellite-subsystems/demo/..//satellite-subsystems/lib\libSatelliteSubsystemsD.a(IsisAntS.o)
                0x200168d0                IsisAntS_setArmStatus
 .text.IsisAntS_getStatusData
                0x200169d4      0x120 C:/HOOPOE3/satellite-subsystems/demo/..//satellite-subsystems/lib\libSatelliteSubsystemsD.a(IsisAntS.o)
                0x200169d4                IsisAntS_getStatusData
 .text.IsisAntS_getTemperature
                0x20016af4      0x120 C:/HOOPOE3/satellite-subsystems/demo/..//satellite-subsystems/lib\libSatelliteSubsystemsD.a(IsisAntS.o)
                0x20016af4                IsisAntS_getTemperature
 .text.IsisAntS_getAlltelemetry
                0x20016c14      0x120 C:/HOOPOE3/satellite-subsystems/demo/..//satellite-subsystems/lib\libSatelliteSubsystemsD.a(IsisAntS.o)
                0x20016c14                IsisAntS_getAlltelemetry
 .text.IsisAntS_reset
                0x20016d34      0x104 C:/HOOPOE3/satellite-subsystems/demo/..//satellite-subsystems/lib\libSatelliteSubsystemsD.a(IsisAntS.o)
                0x20016d34                IsisAntS_reset
 .text.IsisSolarPanelv2_initialize
                0x20016e38       0xb4 C:/HOOPOE3/satellite-subsystems/demo/..//satellite-subsystems/lib\libSatelliteSubsystemsD.a(IsisSolarPanelv2.o)
                0x20016e38                IsisSolarPanelv2_initialize
 .text.IsisSolarPanelv2_getTemperature
                0x20016eec       0xc8 C:/HOOPOE3/satellite-subsystems/demo/..//satellite-subsystems/lib\libSatelliteSubsystemsD.a(IsisSolarPanelv2.o)
                0x20016eec                IsisSolarPanelv2_getTemperature
 .text.IsisSolarPanelv2_sleep
                0x20016fb4       0xbc C:/HOOPOE3/satellite-subsystems/demo/..//satellite-subsystems/lib\libSatelliteSubsystemsD.a(IsisSolarPanelv2.o)
                0x20016fb4                IsisSolarPanelv2_sleep
 .text.IsisSolarPanelv2_wakeup
                0x20017070       0x80 C:/HOOPOE3/satellite-subsystems/demo/..//satellite-subsystems/lib\libSatelliteSubsystemsD.a(IsisSolarPanelv2.o)
                0x20017070                IsisSolarPanelv2_wakeup
 .text._Reset   0x200170f0       0x20 C:/HOOPOE3/satellite-subsystems/demo/..//satellite-subsystems/lib\libSatelliteSubsystemsD.a(IsisSolarPanelv2.o)
 .text._WaitForStartup
                0x20017110       0x90 C:/HOOPOE3/satellite-subsystems/demo/..//satellite-subsystems/lib\libSatelliteSubsystemsD.a(IsisSolarPanelv2.o)
 .text._AssignAllChannels
                0x200171a0       0x90 C:/HOOPOE3/satellite-subsystems/demo/..//satellite-subsystems/lib\libSatelliteSubsystemsD.a(IsisSolarPanelv2.o)
 .text._AssignThisChannel
                0x20017230       0xe8 C:/HOOPOE3/satellite-subsystems/demo/..//satellite-subsystems/lib\libSatelliteSubsystemsD.a(IsisSolarPanelv2.o)
 .text._InitiateConversion
                0x20017318       0xac C:/HOOPOE3/satellite-subsystems/demo/..//satellite-subsystems/lib\libSatelliteSubsystemsD.a(IsisSolarPanelv2.o)
 .text._WaitForConversionComplete
                0x200173c4      0x100 C:/HOOPOE3/satellite-subsystems/demo/..//satellite-subsystems/lib\libSatelliteSubsystemsD.a(IsisSolarPanelv2.o)
 .text._ReadResult
                0x200174c4      0x158 C:/HOOPOE3/satellite-subsystems/demo/..//satellite-subsystems/lib\libSatelliteSubsystemsD.a(IsisSolarPanelv2.o)
 .text._ExtractByte
                0x2001761c       0x38 C:/HOOPOE3/satellite-subsystems/demo/..//satellite-subsystems/lib\libSatelliteSubsystemsD.a(IsisSolarPanelv2.o)
 .text._ExtendSign
                0x20017654       0x6c C:/HOOPOE3/satellite-subsystems/demo/..//satellite-subsystems/lib\libSatelliteSubsystemsD.a(IsisSolarPanelv2.o)
 .text._PinsInit
                0x200176c0       0x50 C:/HOOPOE3/satellite-subsystems/demo/..//satellite-subsystems/lib\libSatelliteSubsystemsD.a(IsisSolarPanelv2.o)
 .text._SpiWriteRead
                0x20017710       0x70 C:/HOOPOE3/satellite-subsystems/demo/..//satellite-subsystems/lib\libSatelliteSubsystemsD.a(IsisSolarPanelv2.o)
 .text.IsisTrxvu_initialize
                0x20017780      0x2f4 C:/HOOPOE3/satellite-subsystems/demo/..//satellite-subsystems/lib\libSatelliteSubsystemsD.a(IsisTRXVU.o)
                0x20017780                IsisTrxvu_initialize
 .text.makeTRXVUtransfer
                0x20017a74       0x44 C:/HOOPOE3/satellite-subsystems/demo/..//satellite-subsystems/lib\libSatelliteSubsystemsD.a(IsisTRXVU.o)
 .text.IsisTrxvu_componentSoftReset
                0x20017ab8       0x6c C:/HOOPOE3/satellite-subsystems/demo/..//satellite-subsystems/lib\libSatelliteSubsystemsD.a(IsisTRXVU.o)
                0x20017ab8                IsisTrxvu_componentSoftReset
 .text.IsisTrxvu_componentHardReset
                0x20017b24       0xc8 C:/HOOPOE3/satellite-subsystems/demo/..//satellite-subsystems/lib\libSatelliteSubsystemsD.a(IsisTRXVU.o)
                0x20017b24                IsisTrxvu_componentHardReset
 .text.IsisTrxvu_softReset
                0x20017bec       0x74 C:/HOOPOE3/satellite-subsystems/demo/..//satellite-subsystems/lib\libSatelliteSubsystemsD.a(IsisTRXVU.o)
                0x20017bec                IsisTrxvu_softReset
 .text.IsisTrxvu_hardReset
                0x20017c60       0x74 C:/HOOPOE3/satellite-subsystems/demo/..//satellite-subsystems/lib\libSatelliteSubsystemsD.a(IsisTRXVU.o)
                0x20017c60                IsisTrxvu_hardReset
 .text.IsisTrxvu_tcSendAX25DefClSign
                0x20017cd4       0xec C:/HOOPOE3/satellite-subsystems/demo/..//satellite-subsystems/lib\libSatelliteSubsystemsD.a(IsisTRXVU.o)
                0x20017cd4                IsisTrxvu_tcSendAX25DefClSign
 .text.IsisTrxvu_tcSetIdlestate
                0x20017dc0       0xa4 C:/HOOPOE3/satellite-subsystems/demo/..//satellite-subsystems/lib\libSatelliteSubsystemsD.a(IsisTRXVU.o)
                0x20017dc0                IsisTrxvu_tcSetIdlestate
 .text.IsisTrxvu_tcSetAx25Bitrate
                0x20017e64       0xc4 C:/HOOPOE3/satellite-subsystems/demo/..//satellite-subsystems/lib\libSatelliteSubsystemsD.a(IsisTRXVU.o)
                0x20017e64                IsisTrxvu_tcSetAx25Bitrate
 .text.IsisTrxvu_tcGetTelemetryAll
                0x20017f28       0xd0 C:/HOOPOE3/satellite-subsystems/demo/..//satellite-subsystems/lib\libSatelliteSubsystemsD.a(IsisTRXVU.o)
                0x20017f28                IsisTrxvu_tcGetTelemetryAll
 .text.IsisTrxvu_tcGetTelemetryAll_revC
                0x20017ff8       0xd0 C:/HOOPOE3/satellite-subsystems/demo/..//satellite-subsystems/lib\libSatelliteSubsystemsD.a(IsisTRXVU.o)
                0x20017ff8                IsisTrxvu_tcGetTelemetryAll_revC
 .text.IsisTrxvu_rcGetFrameCount
                0x200180c8       0xa0 C:/HOOPOE3/satellite-subsystems/demo/..//satellite-subsystems/lib\libSatelliteSubsystemsD.a(IsisTRXVU.o)
                0x200180c8                IsisTrxvu_rcGetFrameCount
 .text.IsisTrxvu_rcGetCommandFrame
                0x20018168      0x2d8 C:/HOOPOE3/satellite-subsystems/demo/..//satellite-subsystems/lib\libSatelliteSubsystemsD.a(IsisTRXVU.o)
                0x20018168                IsisTrxvu_rcGetCommandFrame
 .text.IsisTrxvu_rcGetTelemetryAll
                0x20018440       0xd0 C:/HOOPOE3/satellite-subsystems/demo/..//satellite-subsystems/lib\libSatelliteSubsystemsD.a(IsisTRXVU.o)
                0x20018440                IsisTrxvu_rcGetTelemetryAll
 .text.IsisTrxvu_rcGetTelemetryAll_revC
                0x20018510       0xec C:/HOOPOE3/satellite-subsystems/demo/..//satellite-subsystems/lib\libSatelliteSubsystemsD.a(IsisTRXVU.o)
                0x20018510                IsisTrxvu_rcGetTelemetryAll_revC
 .text.cspaceADCS_initialize
                0x200185fc      0x18c C:/HOOPOE3/satellite-subsystems/demo/..//satellite-subsystems/lib\libSatelliteSubsystemsD.a(cspaceADCS.o)
                0x200185fc                cspaceADCS_initialize
 .text.make_cspaceADCStransfer
                0x20018788      0x1b4 C:/HOOPOE3/satellite-subsystems/demo/..//satellite-subsystems/lib\libSatelliteSubsystemsD.a(cspaceADCS.o)
 .text.cspaceADCS_componentReset
                0x2001893c       0xbc C:/HOOPOE3/satellite-subsystems/demo/..//satellite-subsystems/lib\libSatelliteSubsystemsD.a(cspaceADCS.o)
                0x2001893c                cspaceADCS_componentReset
 .text.cspaceADCS_setRunMode
                0x200189f8       0xbc C:/HOOPOE3/satellite-subsystems/demo/..//satellite-subsystems/lib\libSatelliteSubsystemsD.a(cspaceADCS.o)
                0x200189f8                cspaceADCS_setRunMode
 .text.cspaceADCS_setPwrCtrlDevice
                0x20018ab4       0xd0 C:/HOOPOE3/satellite-subsystems/demo/..//satellite-subsystems/lib\libSatelliteSubsystemsD.a(cspaceADCS.o)
                0x20018ab4                cspaceADCS_setPwrCtrlDevice
 .text.cspaceADCS_setAttCtrlMode
                0x20018b84       0xd0 C:/HOOPOE3/satellite-subsystems/demo/..//satellite-subsystems/lib\libSatelliteSubsystemsD.a(cspaceADCS.o)
                0x20018b84                cspaceADCS_setAttCtrlMode
 .text.cspaceADCS_setAttEstMode
                0x20018c54       0xbc C:/HOOPOE3/satellite-subsystems/demo/..//satellite-subsystems/lib\libSatelliteSubsystemsD.a(cspaceADCS.o)
                0x20018c54                cspaceADCS_setAttEstMode
 .text.cspaceADCS_getCurrentState
                0x20018d10       0xc4 C:/HOOPOE3/satellite-subsystems/demo/..//satellite-subsystems/lib\libSatelliteSubsystemsD.a(cspaceADCS.o)
                0x20018d10                cspaceADCS_getCurrentState
 .text.cspaceADCS_getPwrCtrlDevice
                0x20018dd4       0xc4 C:/HOOPOE3/satellite-subsystems/demo/..//satellite-subsystems/lib\libSatelliteSubsystemsD.a(cspaceADCS.o)
                0x20018dd4                cspaceADCS_getPwrCtrlDevice
 .text.GECKO_GetReg
                0x20018e98      0x110 C:/HOOPOE3/satellite-subsystems/demo/..//satellite-subsystems/lib\libSatelliteSubsystemsD.a(gecko_driver.o)
                0x20018e98                GECKO_GetReg
 .text.GECKO_GetVoltageInput5V
                0x20018fa8       0xf4 C:/HOOPOE3/satellite-subsystems/demo/..//satellite-subsystems/lib\libSatelliteSubsystemsD.a(gecko_driver.o)
                0x20018fa8                GECKO_GetVoltageInput5V
 .text.GECKO_GetCurrentInput5V
                0x2001909c      0x130 C:/HOOPOE3/satellite-subsystems/demo/..//satellite-subsystems/lib\libSatelliteSubsystemsD.a(gecko_driver.o)
                0x2001909c                GECKO_GetCurrentInput5V
 .text.GECKO_GetVoltageFPGA1V
                0x200191cc       0xd4 C:/HOOPOE3/satellite-subsystems/demo/..//satellite-subsystems/lib\libSatelliteSubsystemsD.a(gecko_driver.o)
                0x200191cc                GECKO_GetVoltageFPGA1V
 .text.GECKO_GetCurrentFPGA1V
                0x200192a0      0x130 C:/HOOPOE3/satellite-subsystems/demo/..//satellite-subsystems/lib\libSatelliteSubsystemsD.a(gecko_driver.o)
                0x200192a0                GECKO_GetCurrentFPGA1V
 .text.GECKO_GetVoltageFPGA1V8
                0x200193d0       0xd4 C:/HOOPOE3/satellite-subsystems/demo/..//satellite-subsystems/lib\libSatelliteSubsystemsD.a(gecko_driver.o)
                0x200193d0                GECKO_GetVoltageFPGA1V8
 .text.GECKO_GetCurrentFPGA1V8
                0x200194a4      0x130 C:/HOOPOE3/satellite-subsystems/demo/..//satellite-subsystems/lib\libSatelliteSubsystemsD.a(gecko_driver.o)
                0x200194a4                GECKO_GetCurrentFPGA1V8
 .text.GECKO_GetVoltageFPGA2V5
                0x200195d4       0xe8 C:/HOOPOE3/satellite-subsystems/demo/..//satellite-subsystems/lib\libSatelliteSubsystemsD.a(gecko_driver.o)
                0x200195d4                GECKO_GetVoltageFPGA2V5
 .text.GECKO_GetCurrentFPGA2V5
                0x200196bc      0x130 C:/HOOPOE3/satellite-subsystems/demo/..//satellite-subsystems/lib\libSatelliteSubsystemsD.a(gecko_driver.o)
                0x200196bc                GECKO_GetCurrentFPGA2V5
 .text.GECKO_GetVoltageFPGA3V3
                0x200197ec       0xe8 C:/HOOPOE3/satellite-subsystems/demo/..//satellite-subsystems/lib\libSatelliteSubsystemsD.a(gecko_driver.o)
                0x200197ec                GECKO_GetVoltageFPGA3V3
 .text.GECKO_GetCurrentFPGA3V3
                0x200198d4      0x130 C:/HOOPOE3/satellite-subsystems/demo/..//satellite-subsystems/lib\libSatelliteSubsystemsD.a(gecko_driver.o)
                0x200198d4                GECKO_GetCurrentFPGA3V3
 .text.GECKO_GetVoltageFlash1V8
                0x20019a04       0xd4 C:/HOOPOE3/satellite-subsystems/demo/..//satellite-subsystems/lib\libSatelliteSubsystemsD.a(gecko_driver.o)
                0x20019a04                GECKO_GetVoltageFlash1V8
 .text.GECKO_GetCurrentFlash1V8
                0x20019ad8      0x130 C:/HOOPOE3/satellite-subsystems/demo/..//satellite-subsystems/lib\libSatelliteSubsystemsD.a(gecko_driver.o)
                0x20019ad8                GECKO_GetCurrentFlash1V8
 .text.GECKO_GetVoltageFlash3V3
                0x20019c08       0xe8 C:/HOOPOE3/satellite-subsystems/demo/..//satellite-subsystems/lib\libSatelliteSubsystemsD.a(gecko_driver.o)
                0x20019c08                GECKO_GetVoltageFlash3V3
 .text.GECKO_GetCurrentFlash3V3
                0x20019cf0      0x130 C:/HOOPOE3/satellite-subsystems/demo/..//satellite-subsystems/lib\libSatelliteSubsystemsD.a(gecko_driver.o)
                0x20019cf0                GECKO_GetCurrentFlash3V3
 .text.GECKO_GetVoltageSNSR1V8
                0x20019e20       0xe8 C:/HOOPOE3/satellite-subsystems/demo/..//satellite-subsystems/lib\libSatelliteSubsystemsD.a(gecko_driver.o)
                0x20019e20                GECKO_GetVoltageSNSR1V8
 .text.GECKO_GetCurrentSNSR1V8
                0x20019f08      0x130 C:/HOOPOE3/satellite-subsystems/demo/..//satellite-subsystems/lib\libSatelliteSubsystemsD.a(gecko_driver.o)
                0x20019f08                GECKO_GetCurrentSNSR1V8
 .text.GECKO_GetVoltageSNSRVDDPIX
                0x2001a038       0xe8 C:/HOOPOE3/satellite-subsystems/demo/..//satellite-subsystems/lib\libSatelliteSubsystemsD.a(gecko_driver.o)
                0x2001a038                GECKO_GetVoltageSNSRVDDPIX
 .text.GECKO_GetCurrentSNSRVDDPIX
                0x2001a120      0x130 C:/HOOPOE3/satellite-subsystems/demo/..//satellite-subsystems/lib\libSatelliteSubsystemsD.a(gecko_driver.o)
                0x2001a120                GECKO_GetCurrentSNSRVDDPIX
 .text.GECKO_GetVoltageSNSR3V3
                0x2001a250       0xe8 C:/HOOPOE3/satellite-subsystems/demo/..//satellite-subsystems/lib\libSatelliteSubsystemsD.a(gecko_driver.o)
                0x2001a250                GECKO_GetVoltageSNSR3V3
 .text.GECKO_GetCurrentSNSR3V3
                0x2001a338      0x130 C:/HOOPOE3/satellite-subsystems/demo/..//satellite-subsystems/lib\libSatelliteSubsystemsD.a(gecko_driver.o)
                0x2001a338                GECKO_GetCurrentSNSR3V3
 .text.GECKO_GetVoltageFlashVTT09
                0x2001a468       0xd4 C:/HOOPOE3/satellite-subsystems/demo/..//satellite-subsystems/lib\libSatelliteSubsystemsD.a(gecko_driver.o)
                0x2001a468                GECKO_GetVoltageFlashVTT09
 .text.GECKO_GetTempSMU3AB
                0x2001a53c      0x35c C:/HOOPOE3/satellite-subsystems/demo/..//satellite-subsystems/lib\libSatelliteSubsystemsD.a(gecko_driver.o)
                0x2001a53c                GECKO_GetTempSMU3AB
 .text.GECKO_GetTempSMU3BC
                0x2001a898      0x360 C:/HOOPOE3/satellite-subsystems/demo/..//satellite-subsystems/lib\libSatelliteSubsystemsD.a(gecko_driver.o)
                0x2001a898                GECKO_GetTempSMU3BC
 .text.GECKO_GetTempREGU6
                0x2001abf8      0x35c C:/HOOPOE3/satellite-subsystems/demo/..//satellite-subsystems/lib\libSatelliteSubsystemsD.a(gecko_driver.o)
                0x2001abf8                GECKO_GetTempREGU6
 .text.GECKO_GetTempREGU8
                0x2001af54      0x360 C:/HOOPOE3/satellite-subsystems/demo/..//satellite-subsystems/lib\libSatelliteSubsystemsD.a(gecko_driver.o)
                0x2001af54                GECKO_GetTempREGU8
 .text.GECKO_GetTempFlash
                0x2001b2b4      0x360 C:/HOOPOE3/satellite-subsystems/demo/..//satellite-subsystems/lib\libSatelliteSubsystemsD.a(gecko_driver.o)
                0x2001b2b4                GECKO_GetTempFlash
 .text._SpiWriteRead
                0x2001b614       0x70 C:/HOOPOE3/satellite-subsystems/demo/..//satellite-subsystems/lib\libSatelliteSubsystemsD.a(gecko_driver.o)
 .text.makeTRXCommonTransfer
                0x2001b684       0x34 C:/HOOPOE3/satellite-subsystems/demo/..//satellite-subsystems/lib\libSatelliteSubsystemsD.a(IsisTRXCommon.o)
 .text.IsisTrxCommon_componentReset
                0x2001b6b8       0x68 C:/HOOPOE3/satellite-subsystems/demo/..//satellite-subsystems/lib\libSatelliteSubsystemsD.a(IsisTRXCommon.o)
                0x2001b6b8                IsisTrxCommon_componentReset
 .text.IsisTrxCommon_TxSendAX25DefClSign
                0x2001b720       0xf4 C:/HOOPOE3/satellite-subsystems/demo/..//satellite-subsystems/lib\libSatelliteSubsystemsD.a(IsisTRXCommon.o)
                0x2001b720                IsisTrxCommon_TxSendAX25DefClSign
 .text.IsisTrxCommon_TxSetIdlestate
                0x2001b814       0x78 C:/HOOPOE3/satellite-subsystems/demo/..//satellite-subsystems/lib\libSatelliteSubsystemsD.a(IsisTRXCommon.o)
                0x2001b814                IsisTrxCommon_TxSetIdlestate
 .text.IsisTrxCommon_TxSetAx25Bitrate
                0x2001b88c       0x78 C:/HOOPOE3/satellite-subsystems/demo/..//satellite-subsystems/lib\libSatelliteSubsystemsD.a(IsisTRXCommon.o)
                0x2001b88c                IsisTrxCommon_TxSetAx25Bitrate
 .text.IsisTrxCommon_RxGetFrameCount
                0x2001b904       0x8c C:/HOOPOE3/satellite-subsystems/demo/..//satellite-subsystems/lib\libSatelliteSubsystemsD.a(IsisTRXCommon.o)
                0x2001b904                IsisTrxCommon_RxGetFrameCount
 .text.IsisTrxCommon_RxGetTelemetryAll_revC
                0x2001b990       0x8c C:/HOOPOE3/satellite-subsystems/demo/..//satellite-subsystems/lib\libSatelliteSubsystemsD.a(IsisTRXCommon.o)
                0x2001b990                IsisTrxCommon_RxGetTelemetryAll_revC
 .text.log      0x2001ba1c      0x17c c:/isis/application/toolchain/bin/../lib/gcc/arm-none-eabi/4.7.4/../../../../arm-none-eabi/lib\libm.a(lib_a-w_log.o)
                0x2001ba1c                log
 .text.__ieee754_log
                0x2001bb98      0x5c0 c:/isis/application/toolchain/bin/../lib/gcc/arm-none-eabi/4.7.4/../../../../arm-none-eabi/lib\libm.a(lib_a-e_log.o)
                0x2001bb98                __ieee754_log
 .text.matherr  0x2001c158        0x8 c:/isis/application/toolchain/bin/../lib/gcc/arm-none-eabi/4.7.4/../../../../arm-none-eabi/lib\libm.a(lib_a-s_matherr.o)
                0x2001c158                matherr
 .text.nan      0x2001c160       0x10 c:/isis/application/toolchain/bin/../lib/gcc/arm-none-eabi/4.7.4/../../../../arm-none-eabi/lib\libm.a(lib_a-s_nan.o)
                0x2001c160                nan
 .text.fn_init  0x2001c170      0x2e0 C:/HOOPOE3/satellite-subsystems/demo/../..//hal/hcc/lib\libHCCD.a(fat_common.o)
                0x2001c170                fn_init
 .text._f_get16bitl
                0x2001c450       0x4c C:/HOOPOE3/satellite-subsystems/demo/../..//hal/hcc/lib\libHCCD.a(fat_common.o)
                0x2001c450                _f_get16bitl
 .text._f_set16bitl
                0x2001c49c       0x54 C:/HOOPOE3/satellite-subsystems/demo/../..//hal/hcc/lib\libHCCD.a(fat_common.o)
                0x2001c49c                _f_set16bitl
 .text._f_get32bitl
                0x2001c4f0       0x68 C:/HOOPOE3/satellite-subsystems/demo/../..//hal/hcc/lib\libHCCD.a(fat_common.o)
                0x2001c4f0                _f_get32bitl
 .text._f_set32bitl
                0x2001c558       0x78 C:/HOOPOE3/satellite-subsystems/demo/../..//hal/hcc/lib\libHCCD.a(fat_common.o)
                0x2001c558                _f_set32bitl
 .text._get8bit
                0x2001c5d0       0xa0 C:/HOOPOE3/satellite-subsystems/demo/../..//hal/hcc/lib\libHCCD.a(fat_common.o)
 .text._get16bitl
                0x2001c670       0x40 C:/HOOPOE3/satellite-subsystems/demo/../..//hal/hcc/lib\libHCCD.a(fat_common.o)
 .text._get32bitl
                0x2001c6b0       0x3c C:/HOOPOE3/satellite-subsystems/demo/../..//hal/hcc/lib\libHCCD.a(fat_common.o)
 .text._f_setcardremoved
                0x2001c6ec       0x94 C:/HOOPOE3/satellite-subsystems/demo/../..//hal/hcc/lib\libHCCD.a(fat_common.o)
 .text._f_checkstatus
                0x2001c780      0x104 C:/HOOPOE3/satellite-subsystems/demo/../..//hal/hcc/lib\libHCCD.a(fat_common.o)
                0x2001c780                _f_checkstatus
 .text._f_drvgetphy
                0x2001c884      0x114 C:/HOOPOE3/satellite-subsystems/demo/../..//hal/hcc/lib\libHCCD.a(fat_common.o)
 .text._f_drvwritesector
                0x2001c998       0xdc C:/HOOPOE3/satellite-subsystems/demo/../..//hal/hcc/lib\libHCCD.a(fat_common.o)
 .text._f_drvreadsector
                0x2001ca74       0xa8 C:/HOOPOE3/satellite-subsystems/demo/../..//hal/hcc/lib\libHCCD.a(fat_common.o)
 .text._f_writesector
                0x2001cb1c      0x23c C:/HOOPOE3/satellite-subsystems/demo/../..//hal/hcc/lib\libHCCD.a(fat_common.o)
                0x2001cb1c                _f_writesector
 .text._f_readsector
                0x2001cd58      0x1dc C:/HOOPOE3/satellite-subsystems/demo/../..//hal/hcc/lib\libHCCD.a(fat_common.o)
                0x2001cd58                _f_readsector
 .text._f_getmaxcluster
                0x2001cf34       0x94 C:/HOOPOE3/satellite-subsystems/demo/../..//hal/hcc/lib\libHCCD.a(fat_common.o)
                0x2001cf34                _f_getmaxcluster
 .text._getsectorfromcluster
                0x2001cfc8       0x68 C:/HOOPOE3/satellite-subsystems/demo/../..//hal/hcc/lib\libHCCD.a(fat_common.o)
 .text._f_buildsectors
                0x2001d030      0x268 C:/HOOPOE3/satellite-subsystems/demo/../..//hal/hcc/lib\libHCCD.a(fat_common.o)
 .text._f_getbootrecord
                0x2001d298      0x5e4 C:/HOOPOE3/satellite-subsystems/demo/../..//hal/hcc/lib\libHCCD.a(fat_common.o)
 .text._f_readbootrecord
                0x2001d87c      0x4f8 C:/HOOPOE3/satellite-subsystems/demo/../..//hal/hcc/lib\libHCCD.a(fat_common.o)
 .text._f_flushcffiles
                0x2001dd74      0x17c C:/HOOPOE3/satellite-subsystems/demo/../..//hal/hcc/lib\libHCCD.a(fat_common.o)
                0x2001dd74                _f_flushcffiles
 .text._f_fatcache_flush
                0x2001def0      0x270 C:/HOOPOE3/satellite-subsystems/demo/../..//hal/hcc/lib\libHCCD.a(fat_common.o)
                0x2001def0                _f_fatcache_flush
 .text._f_writefatsector
                0x2001e160      0x100 C:/HOOPOE3/satellite-subsystems/demo/../..//hal/hcc/lib\libHCCD.a(fat_common.o)
                0x2001e160                _f_writefatsector
 .text._f_getfatsector
                0x2001e260      0x3bc C:/HOOPOE3/satellite-subsystems/demo/../..//hal/hcc/lib\libHCCD.a(fat_common.o)
 .text._f_setclustervalue
                0x2001e61c      0x490 C:/HOOPOE3/satellite-subsystems/demo/../..//hal/hcc/lib\libHCCD.a(fat_common.o)
                0x2001e61c                _f_setclustervalue
 .text._f_getclustervalue
                0x2001eaac      0x388 C:/HOOPOE3/satellite-subsystems/demo/../..//hal/hcc/lib\libHCCD.a(fat_common.o)
                0x2001eaac                _f_getclustervalue
 .text._f_close_drive_files
                0x2001ee34       0xac C:/HOOPOE3/satellite-subsystems/demo/../..//hal/hcc/lib\libHCCD.a(fat_common.o)
 .text._f_inc_mount_count
                0x2001eee0       0xa4 C:/HOOPOE3/satellite-subsystems/demo/../..//hal/hcc/lib\libHCCD.a(fat_common.o)
 .text._f_getvolume
                0x2001ef84      0x2f8 C:/HOOPOE3/satellite-subsystems/demo/../..//hal/hcc/lib\libHCCD.a(fat_common.o)
                0x2001ef84                _f_getvolume
 .text.fn_createdriver
                0x2001f27c      0x118 C:/HOOPOE3/satellite-subsystems/demo/../..//hal/hcc/lib\libHCCD.a(fat_common.o)
                0x2001f27c                fn_createdriver
 .text.fn_initvolume
                0x2001f394      0x12c C:/HOOPOE3/satellite-subsystems/demo/../..//hal/hcc/lib\libHCCD.a(fat_common.o)
                0x2001f394                fn_initvolume
 .text.fn_initvolumepartition_sub
                0x2001f4c0       0xe0 C:/HOOPOE3/satellite-subsystems/demo/../..//hal/hcc/lib\libHCCD.a(fat_common.o)
 .text.fn_initvolumepartition
                0x2001f5a0       0xac C:/HOOPOE3/satellite-subsystems/demo/../..//hal/hcc/lib\libHCCD.a(fat_common.o)
                0x2001f5a0                fn_initvolumepartition
 .text._f_clustertopos
                0x2001f64c       0xf8 C:/HOOPOE3/satellite-subsystems/demo/../..//hal/hcc/lib\libHCCD.a(fat_common.o)
                0x2001f64c                _f_clustertopos
 .text._f_getcurrsector
                0x2001f744      0x6c8 C:/HOOPOE3/satellite-subsystems/demo/../..//hal/hcc/lib\libHCCD.a(fat_common.o)
                0x2001f744                _f_getcurrsector
 .text._f_getdecluster
                0x2001fe0c       0x90 C:/HOOPOE3/satellite-subsystems/demo/../..//hal/hcc/lib\libHCCD.a(fat_common.o)
                0x2001fe0c                _f_getdecluster
 .text._f_setdecluster
                0x2001fe9c       0x8c C:/HOOPOE3/satellite-subsystems/demo/../..//hal/hcc/lib\libHCCD.a(fat_common.o)
                0x2001fe9c                _f_setdecluster
 .text.fn_getdrive
                0x2001ff28       0x30 C:/HOOPOE3/satellite-subsystems/demo/../..//hal/hcc/lib\libHCCD.a(fat_common.o)
                0x2001ff28                fn_getdrive
 .text._f_getcurrenttimedate
                0x2001ff58      0x138 C:/HOOPOE3/satellite-subsystems/demo/../..//hal/hcc/lib\libHCCD.a(fat_common.o)
                0x2001ff58                _f_getcurrenttimedate
 .text._f_initentry
                0x20020090       0xa0 C:/HOOPOE3/satellite-subsystems/demo/../..//hal/hcc/lib\libHCCD.a(fat_common.o)
                0x20020090                _f_initentry
 .text._f_alloccluster
                0x20020130      0x344 C:/HOOPOE3/satellite-subsystems/demo/../..//hal/hcc/lib\libHCCD.a(fat_common.o)
                0x20020130                _f_alloccluster
 .text._f_dobadblock
                0x20020474      0x2cc C:/HOOPOE3/satellite-subsystems/demo/../..//hal/hcc/lib\libHCCD.a(fat_common.o)
                0x20020474                _f_dobadblock
 .text._f_checklocked
                0x20020740       0xe4 C:/HOOPOE3/satellite-subsystems/demo/../..//hal/hcc/lib\libHCCD.a(fat_common.o)
                0x20020740                _f_checklocked
 .text._f_checkappendlocked
                0x20020824      0x110 C:/HOOPOE3/satellite-subsystems/demo/../..//hal/hcc/lib\libHCCD.a(fat_common.o)
                0x20020824                _f_checkappendlocked
 .text._f_setsyncafile
                0x20020934      0x114 C:/HOOPOE3/satellite-subsystems/demo/../..//hal/hcc/lib\libHCCD.a(fat_common.o)
                0x20020934                _f_setsyncafile
 .text._f_syncfiles
                0x20020a48      0x128 C:/HOOPOE3/satellite-subsystems/demo/../..//hal/hcc/lib\libHCCD.a(fat_common.o)
                0x20020a48                _f_syncfiles
 .text._f_syncfilescontent
                0x20020b70      0x15c C:/HOOPOE3/satellite-subsystems/demo/../..//hal/hcc/lib\libHCCD.a(fat_common.o)
 .text.fn_getfreespace
                0x20020ccc      0x4c0 C:/HOOPOE3/satellite-subsystems/demo/../..//hal/hcc/lib\libHCCD.a(fat_common.o)
                0x20020ccc                fn_getfreespace
 .text._f_emptywritecache
                0x2002118c      0x4a4 C:/HOOPOE3/satellite-subsystems/demo/../..//hal/hcc/lib\libHCCD.a(fat_common.o)
 .text._f_allocnextcluster
                0x20021630      0x54c C:/HOOPOE3/satellite-subsystems/demo/../..//hal/hcc/lib\libHCCD.a(fat_common.o)
 .text._f_emptywritebuffer
                0x20021b7c      0x20c C:/HOOPOE3/satellite-subsystems/demo/../..//hal/hcc/lib\libHCCD.a(fat_common.o)
 .text._f_writezeros
                0x20021d88       0xf0 C:/HOOPOE3/satellite-subsystems/demo/../..//hal/hcc/lib\libHCCD.a(fat_common.o)
                0x20021d88                _f_writezeros
 .text._f_extend_file
                0x20021e78      0x570 C:/HOOPOE3/satellite-subsystems/demo/../..//hal/hcc/lib\libHCCD.a(fat_common.o)
 .text._f_fseek
                0x200223e8      0x9bc C:/HOOPOE3/satellite-subsystems/demo/../..//hal/hcc/lib\libHCCD.a(fat_common.o)
                0x200223e8                _f_fseek
 .text._f_removechain
                0x20022da4      0x104 C:/HOOPOE3/satellite-subsystems/demo/../..//hal/hcc/lib\libHCCD.a(fat_common.o)
                0x20022da4                _f_removechain
 .text._f_updatefileentry
                0x20022ea8      0x1cc C:/HOOPOE3/satellite-subsystems/demo/../..//hal/hcc/lib\libHCCD.a(fat_common.o)
 .text._f_checkreadlocked
                0x20023074      0x1bc C:/HOOPOE3/satellite-subsystems/demo/../..//hal/hcc/lib\libHCCD.a(fat_common.o)
                0x20023074                _f_checkreadlocked
 .text._f_check_handle
                0x20023230       0x98 C:/HOOPOE3/satellite-subsystems/demo/../..//hal/hcc/lib\libHCCD.a(fat_common.o)
                0x20023230                _f_check_handle
 .text._f_removesyncafile
                0x200232c8      0x1ec C:/HOOPOE3/satellite-subsystems/demo/../..//hal/hcc/lib\libHCCD.a(fat_common.o)
 .text.fn_close
                0x200234b4      0x3f8 C:/HOOPOE3/satellite-subsystems/demo/../..//hal/hcc/lib\libHCCD.a(fat_common.o)
                0x200234b4                fn_close
 .text.fn_flush
                0x200238ac      0x374 C:/HOOPOE3/satellite-subsystems/demo/../..//hal/hcc/lib\libHCCD.a(fat_common.o)
                0x200238ac                fn_flush
 .text.fn_read  0x20023c20      0x690 C:/HOOPOE3/satellite-subsystems/demo/../..//hal/hcc/lib\libHCCD.a(fat_common.o)
                0x20023c20                fn_read
 .text._f_abortwrite
                0x200242b0      0x100 C:/HOOPOE3/satellite-subsystems/demo/../..//hal/hcc/lib\libHCCD.a(fat_common.o)
 .text._f_checkwritecluster
                0x200243b0       0xe4 C:/HOOPOE3/satellite-subsystems/demo/../..//hal/hcc/lib\libHCCD.a(fat_common.o)
 .text.fn_write
                0x20024494      0x8a8 C:/HOOPOE3/satellite-subsystems/demo/../..//hal/hcc/lib\libHCCD.a(fat_common.o)
                0x20024494                fn_write
 .text.fn_seek  0x20024d3c      0x270 C:/HOOPOE3/satellite-subsystems/demo/../..//hal/hcc/lib\libHCCD.a(fat_common.o)
                0x20024d3c                fn_seek
 .text.f_enterFS
                0x20024fac      0x1c0 C:/HOOPOE3/satellite-subsystems/demo/../..//hal/hcc/lib\libHCCD.a(fat_common.o)
                0x20024fac                f_enterFS
 .text.f_releaseFS
                0x2002516c       0xb0 C:/HOOPOE3/satellite-subsystems/demo/../..//hal/hcc/lib\libHCCD.a(fat_common.o)
                0x2002516c                f_releaseFS
 .text.fnGetTask
                0x2002521c       0xfc C:/HOOPOE3/satellite-subsystems/demo/../..//hal/hcc/lib\libHCCD.a(fat_common.o)
                0x2002521c                fnGetTask
 .text._f_mutex_get
                0x20025318       0x98 C:/HOOPOE3/satellite-subsystems/demo/../..//hal/hcc/lib\libHCCD.a(fat_common.o)
                0x20025318                _f_mutex_get
 .text._f_mutex_put
                0x200253b0       0x54 C:/HOOPOE3/satellite-subsystems/demo/../..//hal/hcc/lib\libHCCD.a(fat_common.o)
                0x200253b0                _f_mutex_put
 .text._fn_initseekdivisor
                0x20025404      0x158 C:/HOOPOE3/satellite-subsystems/demo/../..//hal/hcc/lib\libHCCD.a(fat_common.o)
                0x20025404                _fn_initseekdivisor
 .text._fn_updateseekpos
                0x2002555c       0xc4 C:/HOOPOE3/satellite-subsystems/demo/../..//hal/hcc/lib\libHCCD.a(fat_common.o)
 .text._f_findopensize
                0x20025620       0x2c C:/HOOPOE3/satellite-subsystems/demo/../..//hal/hcc/lib\libHCCD.a(fat_common.o)
                0x20025620                _f_findopensize
 .text.fn_setlasterror
                0x2002564c       0x34 C:/HOOPOE3/satellite-subsystems/demo/../..//hal/hcc/lib\libHCCD.a(fat_common.o)
                0x2002564c                fn_setlasterror
 .text.fn_setlasterror_noret
                0x20025680       0x2c C:/HOOPOE3/satellite-subsystems/demo/../..//hal/hcc/lib\libHCCD.a(fat_common.o)
                0x20025680                fn_setlasterror_noret
 .text.fm_initvolume
                0x200256ac       0x70 C:/HOOPOE3/satellite-subsystems/demo/../..//hal/hcc/lib\libHCCD.a(fat_m.o)
                0x200256ac                fm_initvolume
 .text.fm_getdrive
                0x2002571c       0x70 C:/HOOPOE3/satellite-subsystems/demo/../..//hal/hcc/lib\libHCCD.a(fat_m.o)
                0x2002571c                fm_getdrive
 .text.fm_getfreespace
                0x2002578c       0x68 C:/HOOPOE3/satellite-subsystems/demo/../..//hal/hcc/lib\libHCCD.a(fat_m.o)
                0x2002578c                fm_getfreespace
 .text.fm_findfirst
                0x200257f4       0x68 C:/HOOPOE3/satellite-subsystems/demo/../..//hal/hcc/lib\libHCCD.a(fat_m.o)
                0x200257f4                fm_findfirst
 .text.fm_findnext
                0x2002585c       0x60 C:/HOOPOE3/satellite-subsystems/demo/../..//hal/hcc/lib\libHCCD.a(fat_m.o)
                0x2002585c                fm_findnext
 .text.fm_filelength
                0x200258bc       0x60 C:/HOOPOE3/satellite-subsystems/demo/../..//hal/hcc/lib\libHCCD.a(fat_m.o)
                0x200258bc                fm_filelength
 .text.fm_close
                0x2002591c       0x60 C:/HOOPOE3/satellite-subsystems/demo/../..//hal/hcc/lib\libHCCD.a(fat_m.o)
                0x2002591c                fm_close
 .text.fm_flush
                0x2002597c       0x60 C:/HOOPOE3/satellite-subsystems/demo/../..//hal/hcc/lib\libHCCD.a(fat_m.o)
                0x2002597c                fm_flush
 .text.fm_open  0x200259dc       0x68 C:/HOOPOE3/satellite-subsystems/demo/../..//hal/hcc/lib\libHCCD.a(fat_m.o)
                0x200259dc                fm_open
 .text.fm_read  0x20025a44       0x7c C:/HOOPOE3/satellite-subsystems/demo/../..//hal/hcc/lib\libHCCD.a(fat_m.o)
                0x20025a44                fm_read
 .text.fm_write
                0x20025ac0       0x7c C:/HOOPOE3/satellite-subsystems/demo/../..//hal/hcc/lib\libHCCD.a(fat_m.o)
                0x20025ac0                fm_write
 .text.fm_seek  0x20025b3c       0x70 C:/HOOPOE3/satellite-subsystems/demo/../..//hal/hcc/lib\libHCCD.a(fat_m.o)
                0x20025b3c                fm_seek
 .text.fm_delete
                0x20025bac       0x64 C:/HOOPOE3/satellite-subsystems/demo/../..//hal/hcc/lib\libHCCD.a(fat_m.o)
                0x20025bac                fm_delete
 .text._s_checkzeroclusteratend
                0x20025c10       0xf8 C:/HOOPOE3/satellite-subsystems/demo/../..//hal/hcc/lib\libHCCD.a(safefat.o)
 .text._s_clearclustercontent
                0x20025d08      0x108 C:/HOOPOE3/satellite-subsystems/demo/../..//hal/hcc/lib\libHCCD.a(safefat.o)
 .text._s_clearclustercontentdir
                0x20025e10      0x19c C:/HOOPOE3/satellite-subsystems/demo/../..//hal/hcc/lib\libHCCD.a(safefat.o)
 .text._s_writedirsector
                0x20025fac       0xd0 C:/HOOPOE3/satellite-subsystems/demo/../..//hal/hcc/lib\libHCCD.a(safefat.o)
 .text._s_getdirsector
                0x2002607c      0x100 C:/HOOPOE3/satellite-subsystems/demo/../..//hal/hcc/lib\libHCCD.a(safefat.o)
 .text._s_addentry
                0x2002617c      0x394 C:/HOOPOE3/satellite-subsystems/demo/../..//hal/hcc/lib\libHCCD.a(safefat.o)
 .text._s_findfile
                0x20026510      0x33c C:/HOOPOE3/satellite-subsystems/demo/../..//hal/hcc/lib\libHCCD.a(safefat.o)
 .text._s_findsubdir
                0x2002684c      0x248 C:/HOOPOE3/satellite-subsystems/demo/../..//hal/hcc/lib\libHCCD.a(safefat.o)
 .text._s_createfile
                0x20026a94      0x190 C:/HOOPOE3/satellite-subsystems/demo/../..//hal/hcc/lib\libHCCD.a(safefat.o)
 .text._s_findsaffile
                0x20026c24      0x1b8 C:/HOOPOE3/satellite-subsystems/demo/../..//hal/hcc/lib\libHCCD.a(safefat.o)
 .text._s_open  0x20026ddc       0xe4 C:/HOOPOE3/satellite-subsystems/demo/../..//hal/hcc/lib\libHCCD.a(safefat.o)
 .text._s_open_saf
                0x20026ec0       0xe8 C:/HOOPOE3/satellite-subsystems/demo/../..//hal/hcc/lib\libHCCD.a(safefat.o)
 .text._s_flush
                0x20026fa8       0x84 C:/HOOPOE3/satellite-subsystems/demo/../..//hal/hcc/lib\libHCCD.a(safefat.o)
 .text._s_allocnextcluster
                0x2002702c      0x13c C:/HOOPOE3/satellite-subsystems/demo/../..//hal/hcc/lib\libHCCD.a(safefat.o)
 .text._s_getnextsector
                0x20027168       0xdc C:/HOOPOE3/satellite-subsystems/demo/../..//hal/hcc/lib\libHCCD.a(safefat.o)
 .text._s_seek  0x20027244      0x1e8 C:/HOOPOE3/satellite-subsystems/demo/../..//hal/hcc/lib\libHCCD.a(safefat.o)
 .text._s_read  0x2002742c      0x228 C:/HOOPOE3/satellite-subsystems/demo/../..//hal/hcc/lib\libHCCD.a(safefat.o)
 .text._s_write
                0x20027654      0x384 C:/HOOPOE3/satellite-subsystems/demo/../..//hal/hcc/lib\libHCCD.a(safefat.o)
 .text._s_restoreclusters
                0x200279d8      0x270 C:/HOOPOE3/satellite-subsystems/demo/../..//hal/hcc/lib\libHCCD.a(safefat.o)
                0x200279d8                _s_restoreclusters
 .text._s_findrestore
                0x20027c48      0x18c C:/HOOPOE3/satellite-subsystems/demo/../..//hal/hcc/lib\libHCCD.a(safefat.o)
 .text._s_cmd_writede
                0x20027dd4       0xd8 C:/HOOPOE3/satellite-subsystems/demo/../..//hal/hcc/lib\libHCCD.a(safefat.o)
 .text._s_cmd_setcluster
                0x20027eac       0x88 C:/HOOPOE3/satellite-subsystems/demo/../..//hal/hcc/lib\libHCCD.a(safefat.o)
 .text._s_cmd_deletechain
                0x20027f34      0x100 C:/HOOPOE3/satellite-subsystems/demo/../..//hal/hcc/lib\libHCCD.a(safefat.o)
 .text._s_cmd_validatecfn
                0x20028034      0x308 C:/HOOPOE3/satellite-subsystems/demo/../..//hal/hcc/lib\libHCCD.a(safefat.o)
 .text._s_cmd_seteof
                0x2002833c      0x3c4 C:/HOOPOE3/satellite-subsystems/demo/../..//hal/hcc/lib\libHCCD.a(safefat.o)
 .text.safe_docommands
                0x20028700      0x56c C:/HOOPOE3/satellite-subsystems/demo/../..//hal/hcc/lib\libHCCD.a(safefat.o)
                0x20028700                safe_docommands
 .text.safe_entercommand
                0x20028c6c       0x68 C:/HOOPOE3/satellite-subsystems/demo/../..//hal/hcc/lib\libHCCD.a(safefat.o)
                0x20028c6c                safe_entercommand
 .text.safe_ready
                0x20028cd4       0xf4 C:/HOOPOE3/satellite-subsystems/demo/../..//hal/hcc/lib\libHCCD.a(safefat.o)