Archive member included because of file (symbol)

c:/isis/application/toolchain/bin/../lib/gcc/arm-none-eabi/4.7.4/../../../../arm-none-eabi/lib\libc_s.a(lib_a-vfprintf_float.o)
                              (_printf_float)
c:/isis/application/toolchain/bin/../lib/gcc/arm-none-eabi/4.7.4/../../../../arm-none-eabi/lib\libc_s.a(lib_a-vfprintf_i.o)
                              c:/isis/application/toolchain/bin/../lib/gcc/arm-none-eabi/4.7.4/../../../../arm-none-eabi/lib\libc_s.a(lib_a-vfprintf_float.o) (_printf_common)
c:/isis/application/toolchain/bin/../lib/gcc/arm-none-eabi/4.7.4/../../../../arm-none-eabi/lib\libc_s.a(lib_a-vfscanf_float.o)
                              (_scanf_float)
c:/isis/application/toolchain/bin/../lib/gcc/arm-none-eabi/4.7.4/../../../../arm-none-eabi/lib\libc_s.a(lib_a-dtoa.o)
                              c:/isis/application/toolchain/bin/../lib/gcc/arm-none-eabi/4.7.4/../../../../arm-none-eabi/lib\libc_s.a(lib_a-vfprintf_float.o) (_dtoa_r)
c:/isis/application/toolchain/bin/../lib/gcc/arm-none-eabi/4.7.4/../../../../arm-none-eabi/lib\libc_s.a(lib_a-locale.o)
                              c:/isis/application/toolchain/bin/../lib/gcc/arm-none-eabi/4.7.4/../../../../arm-none-eabi/lib\libc_s.a(lib_a-vfprintf_float.o) (_localeconv_r)
c:/isis/application/toolchain/bin/../lib/gcc/arm-none-eabi/4.7.4/../../../../arm-none-eabi/lib\libc_s.a(lib_a-malloc.o)
                              c:/isis/application/toolchain/bin/../lib/gcc/arm-none-eabi/4.7.4/../../../../arm-none-eabi/lib\libc_s.a(lib_a-dtoa.o) (malloc)
c:/isis/application/toolchain/bin/../lib/gcc/arm-none-eabi/4.7.4/../../../../arm-none-eabi/lib\libc_s.a(lib_a-mallocr.o)
                              c:/isis/application/toolchain/bin/../lib/gcc/arm-none-eabi/4.7.4/../../../../arm-none-eabi/lib\libc_s.a(lib_a-malloc.o) (_malloc_r)
c:/isis/application/toolchain/bin/../lib/gcc/arm-none-eabi/4.7.4/../../../../arm-none-eabi/lib\libc_s.a(lib_a-memcpy.o)
                              c:/isis/application/toolchain/bin/../lib/gcc/arm-none-eabi/4.7.4/../../../../arm-none-eabi/lib\libc_s.a(lib_a-dtoa.o) (memcpy)
c:/isis/application/toolchain/bin/../lib/gcc/arm-none-eabi/4.7.4/../../../../arm-none-eabi/lib\libc_s.a(lib_a-mprec.o)
                              c:/isis/application/toolchain/bin/../lib/gcc/arm-none-eabi/4.7.4/../../../../arm-none-eabi/lib\libc_s.a(lib_a-dtoa.o) (_Balloc)
c:/isis/application/toolchain/bin/../lib/gcc/arm-none-eabi/4.7.4/../../../../arm-none-eabi/lib\libc_s.a(lib_a-s_fpclassify.o)
                              c:/isis/application/toolchain/bin/../lib/gcc/arm-none-eabi/4.7.4/../../../../arm-none-eabi/lib\libc_s.a(lib_a-vfprintf_float.o) (__fpclassifyd)
c:/isis/application/toolchain/bin/../lib/gcc/arm-none-eabi/4.7.4/../../../../arm-none-eabi/lib\libc_s.a(lib_a-sbrkr.o)
                              c:/isis/application/toolchain/bin/../lib/gcc/arm-none-eabi/4.7.4/../../../../arm-none-eabi/lib\libc_s.a(lib_a-mallocr.o) (_sbrk_r)
c:/isis/application/toolchain/bin/../lib/gcc/arm-none-eabi/4.7.4/../../../../arm-none-eabi/lib\libc_s.a(lib_a-sf_nan.o)
                              c:/isis/application/toolchain/bin/../lib/gcc/arm-none-eabi/4.7.4/../../../../arm-none-eabi/lib\libc_s.a(lib_a-vfscanf_float.o) (nanf)
c:/isis/application/toolchain/bin/../lib/gcc/arm-none-eabi/4.7.4/../../../../arm-none-eabi/lib\libc_s.a(lib_a-sprintf.o)
                              c:/isis/application/toolchain/bin/../lib/gcc/arm-none-eabi/4.7.4/../../../../arm-none-eabi/lib\libc_s.a(lib_a-vfscanf_float.o) (sprintf)
c:/isis/application/toolchain/bin/../lib/gcc/arm-none-eabi/4.7.4/../../../../arm-none-eabi/lib\libc_s.a(lib_a-strcmp.o)
                              c:/isis/application/toolchain/bin/../lib/gcc/arm-none-eabi/4.7.4/../../../../arm-none-eabi/lib\libc_s.a(lib_a-locale.o) (strcmp)
c:/isis/application/toolchain/bin/../lib/gcc/arm-none-eabi/4.7.4/../../../../arm-none-eabi/lib\libc_s.a(lib_a-strlen.o)
                              c:/isis/application/toolchain/bin/../lib/gcc/arm-none-eabi/4.7.4/../../../../arm-none-eabi/lib\libc_s.a(lib_a-vfprintf_float.o) (strlen)
c:/isis/application/toolchain/bin/../lib/gcc/arm-none-eabi/4.7.4/../../../../arm-none-eabi/lib\libc_s.a(lib_a-strtod.o)
                              c:/isis/application/toolchain/bin/../lib/gcc/arm-none-eabi/4.7.4/../../../../arm-none-eabi/lib\libc_s.a(lib_a-vfscanf_float.o) (_strtod_r)
c:/isis/application/toolchain/bin/../lib/gcc/arm-none-eabi/4.7.4/../../../../arm-none-eabi/lib\libc_s.a(lib_a-strtol.o)
                              c:/isis/application/toolchain/bin/../lib/gcc/arm-none-eabi/4.7.4/../../../../arm-none-eabi/lib\libc_s.a(lib_a-vfscanf_float.o) (_strtol_r)
c:/isis/application/toolchain/bin/../lib/gcc/arm-none-eabi/4.7.4/../../../../arm-none-eabi/lib\libc_s.a(lib_a-svfprintf.o)
                              c:/isis/application/toolchain/bin/../lib/gcc/arm-none-eabi/4.7.4/../../../../arm-none-eabi/lib\libc_s.a(lib_a-sprintf.o) (_svfprintf_r)
[...]
Memory Configuration

Name             Origin             Length             Attributes
sram0            0x00200000         0x00004000         w !xr
sram1            0x00300000         0x00004000         w !xr
sdram            0x20000000         0x02000000         w !xr
*default*        0x00000000         0xffffffff

Linker script and memory map

LOAD c:/isis/application/toolchain/bin/../lib/gcc/arm-none-eabi/4.7.4/../../../../arm-none-eabi/lib\libc_s.a
LOAD ./src/sub-systemCode/payload/Request Management/Dump/Butchering.o
LOAD ./src/sub-systemCode/payload/Request Management/Dump/imageDump.o
LOAD ./src/sub-systemCode/payload/Request Management/AutomaticImageHandler.o
LOAD ./src/sub-systemCode/payload/Request Management/CameraManeger.o
LOAD ./src/sub-systemCode/payload/Request Management/DB_RequestHandling.o
LOAD ./src/sub-systemCode/payload/Misc/Boolean_bit.o
LOAD ./src/sub-systemCode/payload/Misc/FileSystem.o
LOAD ./src/sub-systemCode/payload/Drivers/GeckoCameraDriver.o
LOAD ./src/sub-systemCode/payload/DataBase/DataBase.o
LOAD ./src/sub-systemCode/payload/Compression/jpeg/bmp/rawToBMP.o
LOAD ./src/sub-systemCode/payload/Compression/jpeg/DCT.o
LOAD ./src/sub-systemCode/payload/Compression/jpeg/ImgCompressor.o
LOAD ./src/sub-systemCode/payload/Compression/jpeg/color_conv.o
LOAD ./src/sub-systemCode/payload/Compression/jpeg/jpeg.o
LOAD ./src/sub-systemCode/payload/Compression/jpeg/jpeg_encoder.o
LOAD ./src/sub-systemCode/payload/Compression/jpeg/jpeg_memory_alloc.o
LOAD ./src/sub-systemCode/payload/Compression/jpeg/jpeg_params.o
LOAD ./src/sub-systemCode/payload/Compression/jpeg/output_stream.o
LOAD ./src/sub-systemCode/payload/Compression/ImageConversion.o
LOAD ./src/sub-systemCode/Main/CMD/ADCS_CMD.o
LOAD ./src/sub-systemCode/Main/CMD/COMM_CMD.o
LOAD ./src/sub-systemCode/Main/CMD/EPS_CMD.o
LOAD ./src/sub-systemCode/Main/CMD/General_CMD.o
LOAD ./src/sub-systemCode/Main/CMD/SW_CMD.o
LOAD ./src/sub-systemCode/Main/CMD/payload_CMD.o
LOAD ./src/sub-systemCode/Main/Ants.o
LOAD ./src/sub-systemCode/Main/EPS.o
LOAD ./src/sub-systemCode/Main/HouseKeeping.o
LOAD ./src/sub-systemCode/Main/Main_Init.o
LOAD ./src/sub-systemCode/Main/commands.o
LOAD ./src/sub-systemCode/Global/GenericTaskSave.o
LOAD ./src/sub-systemCode/Global/Global.o
LOAD ./src/sub-systemCode/Global/GlobalParam.o
LOAD ./src/sub-systemCode/Global/OnlineTM.o
LOAD ./src/sub-systemCode/Global/TLM_management.o
LOAD ./src/sub-systemCode/Global/freertosExtended.o
LOAD ./src/sub-systemCode/Global/logger.o
LOAD ./src/sub-systemCode/CUF/CUF.o
LOAD ./src/sub-systemCode/CUF/uploadCodeTelemetry.o
LOAD ./src/sub-systemCode/COMM/APRS.o
LOAD ./src/sub-systemCode/COMM/DelayedCommand_list.o
LOAD ./src/sub-systemCode/COMM/GSC.o
LOAD ./src/sub-systemCode/COMM/TRXVU.o
LOAD ./src/sub-systemCode/ADCS/AdcsCommands.o
LOAD ./src/sub-systemCode/ADCS/AdcsGetDataAndTlm.o
LOAD ./src/sub-systemCode/ADCS/AdcsMain.o
LOAD ./src/sub-systemCode/ADCS/AdcsTroubleShooting.o
LOAD ./src/sub-systemCode/ADCS/StateMachine.o
LOAD ./src/main.o
LOAD C:/HOOPOE3/satellite-subsystems/demo/..//satellite-subsystems/lib\libSatelliteSubsystemsD.a
LOAD c:/isis/application/toolchain/bin/../lib/gcc/arm-none-eabi/4.7.4/../../../../arm-none-eabi/lib\libm.a
LOAD C:/HOOPOE3/satellite-subsystems/demo/../..//hal/hcc/lib\libHCCD.a
LOAD C:/HOOPOE3/satellite-subsystems/demo/../..//hal/hal/lib\libHALD.a
LOAD C:/HOOPOE3/satellite-subsystems/demo/../..//hal/freertos/lib\libFreeRTOSD.a
LOAD C:/HOOPOE3/satellite-subsystems/demo/../..//hal/at91/lib\libAt91D.a
START GROUP
LOAD c:/isis/application/toolchain/bin/../lib/gcc/arm-none-eabi/4.7.4\libgcc.a
LOAD c:/isis/application/toolchain/bin/../lib/gcc/arm-none-eabi/4.7.4/../../../../arm-none-eabi/lib\libc_s.a
END GROUP

.fixed          0x20000000    0x5e774
                0x20000000                . = ALIGN (0x4)
                0x20000000                _sfixed = .
 *(.startup)
 .startup       0x20000000      0x134 C:/HOOPOE3/satellite-subsystems/demo/../..//hal/at91/lib\libAt91D.a(board_cstartup.o)
                0x20000000                entry
 *(.text)
 .text          0x20000134       0x64 C:/HOOPOE3/satellite-subsystems/demo/../..//hal/at91/lib\libAt91D.a(cp15_asm.o)
                0x20000134                _readControlRegister
                0x20000140                _writeControlRegister
                0x20000148                _waitForInterrupt
                0x20000154                _writeTTB
                0x2000015c                _writeDomain
                0x20000164                _writeITLBLockdown
                0x2000016c                _prefetchICacheLine
                0x20000174                _flushDCache
                0x20000180                _flushWriteBuffer
                0x2000018c                _invalidateIDTLBs
 .text          0x20000198      0x114 c:/isis/application/toolchain/bin/../lib/gcc/arm-none-eabi/4.7.4\libgcc.a(_udivsi3.o)
                0x20000198                __aeabi_uidiv
                0x20000198                __udivsi3
                0x2000028c                __aeabi_uidivmod
 .text          0x200002ac      0x148 c:/isis/application/toolchain/bin/../lib/gcc/arm-none-eabi/4.7.4\libgcc.a(_divsi3.o)
                0x200002ac                __divsi3
                0x200002ac                __aeabi_idiv
                0x200003d4                __aeabi_idivmod
 .text          0x200003f4        0x4 c:/isis/application/toolchain/bin/../lib/gcc/arm-none-eabi/4.7.4\libgcc.a(_dvmd_tls.o)
                0x200003f4                __aeabi_idiv0
                0x200003f4                __aeabi_ldiv0
 .text          0x200003f8      0x41c c:/isis/application/toolchain/bin/../lib/gcc/arm-none-eabi/4.7.4\libgcc.a(_arm_addsubdf3.o)
                0x200003f8                __aeabi_drsub
                0x20000400                __aeabi_dsub
                0x20000400                __subdf3
                0x20000404                __aeabi_dadd
                0x20000404                __adddf3
                0x20000714                __floatunsidf
                0x20000714                __aeabi_ui2d
                0x20000738                __floatsidf
                0x20000738                __aeabi_i2d
                0x20000760                __aeabi_f2d
                0x20000760                __extendsfdf2
                0x200007a0                __floatundidf
                0x200007a0                __aeabi_ul2d
                0x200007b4                __floatdidf
                0x200007b4                __aeabi_l2d
 .text          0x20000814      0x49c c:/isis/application/toolchain/bin/../lib/gcc/arm-none-eabi/4.7.4\libgcc.a(_arm_muldivdf3.o)
                0x20000814                __aeabi_dmul
                0x20000814                __muldf3
                0x20000aa4                __divdf3
                0x20000aa4                __aeabi_ddiv
 .text          0x20000cb0      0x144 c:/isis/application/toolchain/bin/../lib/gcc/arm-none-eabi/4.7.4\libgcc.a(_arm_cmpdf2.o)
                0x20000cb0                __gtdf2
                0x20000cb0                __gedf2
                0x20000cb8                __ltdf2
                0x20000cb8                __ledf2
                0x20000cc0                __nedf2
                0x20000cc0                __eqdf2
                0x20000cc0                __cmpdf2
                0x20000d48                __aeabi_cdrcmple
                0x20000d64                __aeabi_cdcmpeq
                0x20000d64                __aeabi_cdcmple
                0x20000d7c                __aeabi_dcmpeq
                0x20000d94                __aeabi_dcmplt
                0x20000dac                __aeabi_dcmple
                0x20000dc4                __aeabi_dcmpge
                0x20000ddc                __aeabi_dcmpgt
 .text          0x20000df4       0x5c c:/isis/application/toolchain/bin/../lib/gcc/arm-none-eabi/4.7.4\libgcc.a(_arm_fixdfsi.o)
                0x20000df4                __aeabi_d2iz
                0x20000df4                __fixdfsi
 .text          0x20000e50       0x54 c:/isis/application/toolchain/bin/../lib/gcc/arm-none-eabi/4.7.4\libgcc.a(_arm_fixunsdfsi.o)
                0x20000e50                __aeabi_d2uiz
                0x20000e50                __fixunsdfsi
 .text          0x20000ea4       0xa0 c:/isis/application/toolchain/bin/../lib/gcc/arm-none-eabi/4.7.4\libgcc.a(_arm_truncdfsf2.o)
                0x20000ea4                __truncdfsf2
                0x20000ea4                __aeabi_d2f
 .text          0x20000f44      0x2ac c:/isis/application/toolchain/bin/../lib/gcc/arm-none-eabi/4.7.4\libgcc.a(_arm_addsubsf3.o)
                0x20000f44                __aeabi_frsub
                0x20000f4c                __subsf3
                0x20000f4c                __aeabi_fsub
                0x20000f50                __aeabi_fadd
                0x20000f50                __addsf3
                0x2000110c                __aeabi_ui2f
                0x2000110c                __floatunsisf
                0x20001114                __aeabi_i2f
                0x20001114                __floatsisf
                0x20001134                __aeabi_ul2f
                0x20001134                __floatundisf
                0x20001144                __aeabi_l2f
                0x20001144                __floatdisf
 .text          0x200011f0      0x2f8 c:/isis/application/toolchain/bin/../lib/gcc/arm-none-eabi/4.7.4\libgcc.a(_arm_muldivsf3.o)
                0x200011f0                __mulsf3
                0x200011f0                __aeabi_fmul
                0x20001388                __aeabi_fdiv
                0x20001388                __divsf3
 .text          0x200014e8      0x114 c:/isis/application/toolchain/bin/../lib/gcc/arm-none-eabi/4.7.4\libgcc.a(_arm_cmpsf2.o)
                0x200014e8                __gesf2
                0x200014e8                __gtsf2
                0x200014f0                __lesf2
                0x200014f0                __ltsf2
                0x200014f8                __nesf2
                0x200014f8                __eqsf2
                0x200014f8                __cmpsf2
                0x2000155c                __aeabi_cfrcmple
                0x2000156c                __aeabi_cfcmpeq
                0x2000156c                __aeabi_cfcmple
                0x20001584                __aeabi_fcmpeq
                0x2000159c                __aeabi_fcmplt
                0x200015b4                __aeabi_fcmple
                0x200015cc                __aeabi_fcmpge
                0x200015e4                __aeabi_fcmpgt
 .text          0x200015fc       0x54 c:/isis/application/toolchain/bin/../lib/gcc/arm-none-eabi/4.7.4\libgcc.a(_arm_fixunssfsi.o)
                0x200015fc                __fixunssfsi
                0x200015fc                __aeabi_f2uiz
 *(.text*)
 .text.__cvt    0x20001650      0x138 c:/isis/application/toolchain/bin/../lib/gcc/arm-none-eabi/4.7.4/../../../../arm-none-eabi/lib\libc_s.a(lib_a-vfprintf_float.o)
                0x20001650                __cvt
 .text.__exponent
                0x20001788       0xa8 c:/isis/application/toolchain/bin/../lib/gcc/arm-none-eabi/4.7.4/../../../../arm-none-eabi/lib\libc_s.a(lib_a-vfprintf_float.o)
                0x20001788                __exponent
 .text._printf_float
                0x20001830      0x7dc c:/isis/application/toolchain/bin/../lib/gcc/arm-none-eabi/4.7.4/../../../../arm-none-eabi/lib\libc_s.a(lib_a-vfprintf_float.o)
                0x20001830                _printf_float
 .text._printf_common
                0x2000200c      0x174 c:/isis/application/toolchain/bin/../lib/gcc/arm-none-eabi/4.7.4/../../../../arm-none-eabi/lib\libc_s.a(lib_a-vfprintf_i.o)
                0x2000200c                _printf_common
 .text._printf_i
                0x20002180      0x3c4 c:/isis/application/toolchain/bin/../lib/gcc/arm-none-eabi/4.7.4/../../../../arm-none-eabi/lib\libc_s.a(lib_a-vfprintf_i.o)
                0x20002180                _printf_i
 .text._scanf_float
                0x20002544      0x5f4 c:/isis/application/toolchain/bin/../lib/gcc/arm-none-eabi/4.7.4/../../../../arm-none-eabi/lib\libc_s.a(lib_a-vfscanf_float.o)
                0x20002544                _scanf_float
 .text.quorem   0x20002b38      0x1ac c:/isis/application/toolchain/bin/../lib/gcc/arm-none-eabi/4.7.4/../../../../arm-none-eabi/lib\libc_s.a(lib_a-dtoa.o)
 .text._dtoa_r  0x20002ce4     0x1268 c:/isis/application/toolchain/bin/../lib/gcc/arm-none-eabi/4.7.4/../../../../arm-none-eabi/lib\libc_s.a(lib_a-dtoa.o)
                0x20002ce4                _dtoa_r
 .text._localeconv_r
                0x20003f4c        0xc c:/isis/application/toolchain/bin/../lib/gcc/arm-none-eabi/4.7.4/../../../../arm-none-eabi/lib\libc_s.a(lib_a-locale.o)
                0x20003f4c                _localeconv_r
 .text.malloc   0x20003f58       0x20 c:/isis/application/toolchain/bin/../lib/gcc/arm-none-eabi/4.7.4/../../../../arm-none-eabi/lib\libc_s.a(lib_a-malloc.o)
                0x20003f58                malloc
 .text.free     0x20003f78       0x20 c:/isis/application/toolchain/bin/../lib/gcc/arm-none-eabi/4.7.4/../../../../arm-none-eabi/lib\libc_s.a(lib_a-malloc.o)
                0x20003f78                free
 .text._malloc_r
                0x20003f98       0xfc c:/isis/application/toolchain/bin/../lib/gcc/arm-none-eabi/4.7.4/../../../../arm-none-eabi/lib\libc_s.a(lib_a-mallocr.o)
                0x20003f98                _malloc_r
 .text.memcpy   0x20004094       0x20 c:/isis/application/toolchain/bin/../lib/gcc/arm-none-eabi/4.7.4/../../../../arm-none-eabi/lib\libc_s.a(lib_a-memcpy.o)
                0x20004094                memcpy
 .text._Balloc  0x200040b4       0xcc c:/isis/application/toolchain/bin/../lib/gcc/arm-none-eabi/4.7.4/../../../../arm-none-eabi/lib\libc_s.a(lib_a-mprec.o)
                0x200040b4                _Balloc
 .text._Bfree   0x20004180       0x5c c:/isis/application/toolchain/bin/../lib/gcc/arm-none-eabi/4.7.4/../../../../arm-none-eabi/lib\libc_s.a(lib_a-mprec.o)
                0x20004180                _Bfree
 .text.__multadd
                0x200041dc       0xbc c:/isis/application/toolchain/bin/../lib/gcc/arm-none-eabi/4.7.4/../../../../arm-none-eabi/lib\libc_s.a(lib_a-mprec.o)
                0x200041dc                __multadd
 .text.__s2b    0x20004298       0xd8 c:/isis/application/toolchain/bin/../lib/gcc/arm-none-eabi/4.7.4/../../../../arm-none-eabi/lib\libc_s.a(lib_a-mprec.o)
                0x20004298                __s2b
 .text.__hi0bits
                0x20004370       0x58 c:/isis/application/toolchain/bin/../lib/gcc/arm-none-eabi/4.7.4/../../../../arm-none-eabi/lib\libc_s.a(lib_a-mprec.o)
                0x20004370                __hi0bits
 .text.__lo0bits
                0x200043c8       0x94 c:/isis/application/toolchain/bin/../lib/gcc/arm-none-eabi/4.7.4/../../../../arm-none-eabi/lib\libc_s.a(lib_a-mprec.o)
                0x200043c8                __lo0bits
 .text.__i2b    0x2000445c       0x24 c:/isis/application/toolchain/bin/../lib/gcc/arm-none-eabi/4.7.4/../../../../arm-none-eabi/lib\libc_s.a(lib_a-mprec.o)
                0x2000445c                __i2b
 .text.__multiply
                0x20004480      0x1ac c:/isis/application/toolchain/bin/../lib/gcc/arm-none-eabi/4.7.4/../../../../arm-none-eabi/lib\libc_s.a(lib_a-mprec.o)
                0x20004480                __multiply
 .text.__pow5mult
                0x2000462c      0x10c c:/isis/application/toolchain/bin/../lib/gcc/arm-none-eabi/4.7.4/../../../../arm-none-eabi/lib\libc_s.a(lib_a-mprec.o)
                0x2000462c                __pow5mult
 .text.__lshift
                0x20004738       0xf0 c:/isis/application/toolchain/bin/../lib/gcc/arm-none-eabi/4.7.4/../../../../arm-none-eabi/lib\libc_s.a(lib_a-mprec.o)
                0x20004738                __lshift
 .text.__mcmp   0x20004828       0x60 c:/isis/application/toolchain/bin/../lib/gcc/arm-none-eabi/4.7.4/../../../../arm-none-eabi/lib\libc_s.a(lib_a-mprec.o)
                0x20004828                __mcmp
 .text.__mdiff  0x20004888      0x128 c:/isis/application/toolchain/bin/../lib/gcc/arm-none-eabi/4.7.4/../../../../arm-none-eabi/lib\libc_s.a(lib_a-mprec.o)
                0x20004888                __mdiff
 .text.__ulp    0x200049b0       0x5c c:/isis/application/toolchain/bin/../lib/gcc/arm-none-eabi/4.7.4/../../../../arm-none-eabi/lib\libc_s.a(lib_a-mprec.o)
                0x200049b0                __ulp
 .text.__b2d    0x20004a0c       0xc8 c:/isis/application/toolchain/bin/../lib/gcc/arm-none-eabi/4.7.4/../../../../arm-none-eabi/lib\libc_s.a(lib_a-mprec.o)
                0x20004a0c                __b2d
 .text.__d2b    0x20004ad4       0xfc c:/isis/application/toolchain/bin/../lib/gcc/arm-none-eabi/4.7.4/../../../../arm-none-eabi/lib\libc_s.a(lib_a-mprec.o)
                0x20004ad4                __d2b
 .text.__ratio  0x20004bd0       0x70 c:/isis/application/toolchain/bin/../lib/gcc/arm-none-eabi/4.7.4/../../../../arm-none-eabi/lib\libc_s.a(lib_a-mprec.o)
                0x20004bd0                __ratio
 .text.__copybits
                0x20004c40       0x4c c:/isis/application/toolchain/bin/../lib/gcc/arm-none-eabi/4.7.4/../../../../arm-none-eabi/lib\libc_s.a(lib_a-mprec.o)
                0x20004c40                __copybits
 .text.__any_on
                0x20004c8c       0x7c c:/isis/application/toolchain/bin/../lib/gcc/arm-none-eabi/4.7.4/../../../../arm-none-eabi/lib\libc_s.a(lib_a-mprec.o)
                0x20004c8c                __any_on
 .text.__fpclassifyd
                0x20004d08       0x6c c:/isis/application/toolchain/bin/../lib/gcc/arm-none-eabi/4.7.4/../../../../arm-none-eabi/lib\libc_s.a(lib_a-s_fpclassify.o)
                0x20004d08                __fpclassifyd
 .text._sbrk_r  0x20004d74       0x3c c:/isis/application/toolchain/bin/../lib/gcc/arm-none-eabi/4.7.4/../../../../arm-none-eabi/lib\libc_s.a(lib_a-sbrkr.o)
                0x20004d74                _sbrk_r
 .text.nanf     0x20004db0        0xc c:/isis/application/toolchain/bin/../lib/gcc/arm-none-eabi/4.7.4/../../../../arm-none-eabi/lib\libc_s.a(lib_a-sf_nan.o)
                0x20004db0                nanf
 .text.sprintf  0x20004dbc       0x6c c:/isis/application/toolchain/bin/../lib/gcc/arm-none-eabi/4.7.4/../../../../arm-none-eabi/lib\libc_s.a(lib_a-sprintf.o)
                0x20004dbc                siprintf
                0x20004dbc                sprintf
 .text.strcmp   0x20004e28       0x1c c:/isis/application/toolchain/bin/../lib/gcc/arm-none-eabi/4.7.4/../../../../arm-none-eabi/lib\libc_s.a(lib_a-strcmp.o)
                0x20004e28                strcmp
 .text.strlen   0x20004e44       0x1c c:/isis/application/toolchain/bin/../lib/gcc/arm-none-eabi/4.7.4/../../../../arm-none-eabi/lib\libc_s.a(lib_a-strlen.o)
                0x20004e44                strlen
 .text.match    0x20004e60       0x54 c:/isis/application/toolchain/bin/../lib/gcc/arm-none-eabi/4.7.4/../../../../arm-none-eabi/lib\libc_s.a(lib_a-strtod.o)
 .text._strtod_r
                0x20004eb4     0x1168 c:/isis/application/toolchain/bin/../lib/gcc/arm-none-eabi/4.7.4/../../../../arm-none-eabi/lib\libc_s.a(lib_a-strtod.o)
                0x20004eb4                _strtod_r
 .text._strtol_r
                0x2000601c      0x1b8 c:/isis/application/toolchain/bin/../lib/gcc/arm-none-eabi/4.7.4/../../../../arm-none-eabi/lib\libc_s.a(lib_a-strtol.o)
                0x2000601c                _strtol_r
 .text.__ssputc_r
                0x200061d4      0x10c c:/isis/application/toolchain/bin/../lib/gcc/arm-none-eabi/4.7.4/../../../../arm-none-eabi/lib\libc_s.a(lib_a-svfprintf.o)
                0x200061d4                __ssputc_r
 .text._svfprintf_r
                0x200062e0      0x328 c:/isis/application/toolchain/bin/../lib/gcc/arm-none-eabi/4.7.4/../../../../arm-none-eabi/lib\libc_s.a(lib_a-svfprintf.o)
                0x200062e0                _svfiprintf_r
                0x200062e0                _svfprintf_r
 .text._calloc_r
                0x20006608       0x2c c:/isis/application/toolchain/bin/../lib/gcc/arm-none-eabi/4.7.4/../../../../arm-none-eabi/lib\libc_s.a(lib_a-callocr.o)
                0x20006608                _calloc_r
 .text._free_r  0x20006634      0x108 c:/isis/application/toolchain/bin/../lib/gcc/arm-none-eabi/4.7.4/../../../../arm-none-eabi/lib\libc_s.a(lib_a-freer.o)
                0x20006634                _free_r
 .text.rshift   0x2000673c       0xb0 c:/isis/application/toolchain/bin/../lib/gcc/arm-none-eabi/4.7.4/../../../../arm-none-eabi/lib\libc_s.a(lib_a-gdtoa-gethex.o)
 .text.htinit.constprop.0
                0x200067ec       0x34 c:/isis/application/toolchain/bin/../lib/gcc/arm-none-eabi/4.7.4/../../../../arm-none-eabi/lib\libc_s.a(lib_a-gdtoa-gethex.o)
 .text.__hexdig_init
                0x20006820       0x38 c:/isis/application/toolchain/bin/../lib/gcc/arm-none-eabi/4.7.4/../../../../arm-none-eabi/lib\libc_s.a(lib_a-gdtoa-gethex.o)
                0x20006820                __hexdig_init
 .text.__gethex
                0x20006858      0x6cc c:/isis/application/toolchain/bin/../lib/gcc/arm-none-eabi/4.7.4/../../../../arm-none-eabi/lib\libc_s.a(lib_a-gdtoa-gethex.o)
                0x20006858                __gethex
 .text.L_shift  0x20006f24       0x38 c:/isis/application/toolchain/bin/../lib/gcc/arm-none-eabi/4.7.4/../../../../arm-none-eabi/lib\libc_s.a(lib_a-gdtoa-hexnan.o)
 .text.__hexnan
                0x20006f5c      0x1d8 c:/isis/application/toolchain/bin/../lib/gcc/arm-none-eabi/4.7.4/../../../../arm-none-eabi/lib\libc_s.a(lib_a-gdtoa-hexnan.o)
                0x20006f5c                __hexnan
 .text.memchr   0x20007134       0x34 c:/isis/application/toolchain/bin/../lib/gcc/arm-none-eabi/4.7.4/../../../../arm-none-eabi/lib\libc_s.a(lib_a-memchr.o)
                0x20007134                memchr
 .text.memset   0x20007168       0x1c c:/isis/application/toolchain/bin/../lib/gcc/arm-none-eabi/4.7.4/../../../../arm-none-eabi/lib\libc_s.a(lib_a-memset.o)
                0x20007168                memset
 .text._realloc_r
                0x20007184       0x80 c:/isis/application/toolchain/bin/../lib/gcc/arm-none-eabi/4.7.4/../../../../arm-none-eabi/lib\libc_s.a(lib_a-reallocr.o)
                0x20007184                _realloc_r
 .text.strncmp  0x20007204       0x64 c:/isis/application/toolchain/bin/../lib/gcc/arm-none-eabi/4.7.4/../../../../arm-none-eabi/lib\libc_s.a(lib_a-strncmp.o)
                0x20007204                strncmp
 .text._malloc_usable_size_r
                0x20007268       0x1c c:/isis/application/toolchain/bin/../lib/gcc/arm-none-eabi/4.7.4/../../../../arm-none-eabi/lib\libc_s.a(lib_a-msizer.o)
                0x20007268                _malloc_usable_size_r
 .text.GetChunkFromImage
                0x20007284      0x2d0 ./src/sub-systemCode/payload/Request Management/Dump/Butchering.o
                0x20007284                GetChunkFromImage
 .text.SimpleButcher
                0x20007554       0xd8 ./src/sub-systemCode/payload/Request Management/Dump/Butchering.o
                0x20007554                SimpleButcher
 .text.readChunkDimentionsFromFRAM
                0x2000762c       0x80 ./src/sub-systemCode/payload/Request Management/Dump/imageDump.o
                0x2000762c                readChunkDimentionsFromFRAM
 .text.setChunkDimensions_inFRAM
                0x200076ac      0x10c ./src/sub-systemCode/payload/Request Management/Dump/imageDump.o
                0x200076ac                setChunkDimensions_inFRAM
 .text.getLastImageChunkIndex
                0x200077b8      0x1bc ./src/sub-systemCode/payload/Request Management/Dump/imageDump.o
                0x200077b8                getLastImageChunkIndex
 .text.find_subType_ofImage
                0x20007974       0xe0 ./src/sub-systemCode/payload/Request Management/Dump/imageDump.o
                0x20007974                find_subType_ofImage
 .text.buildAndSend_chunck
                0x20007a54      0x320 ./src/sub-systemCode/payload/Request Management/Dump/imageDump.o
                0x20007a54                buildAndSend_chunck
 .text.chunkField_imageDump
                0x20007d74      0x258 ./src/sub-systemCode/payload/Request Management/Dump/imageDump.o
                0x20007d74                chunkField_imageDump
 .text.bitField_imageDump
                0x20007fcc      0x23c ./src/sub-systemCode/payload/Request Management/Dump/imageDump.o
                0x20007fcc                bitField_imageDump
 .text.fileTypeDump
                0x20008208      0x170 ./src/sub-systemCode/payload/Request Management/Dump/imageDump.o
                0x20008208                fileTypeDump
 .text.imageDataBase_Dump
                0x20008378      0x118 ./src/sub-systemCode/payload/Request Management/Dump/imageDump.o
                0x20008378                imageDataBase_Dump
 .text.imageDump_task
                0x20008490      0x48c ./src/sub-systemCode/payload/Request Management/Dump/imageDump.o
                0x20008490                imageDump_task
 .text.KickStartImageDumpTask
                0x2000891c       0x5c ./src/sub-systemCode/payload/Request Management/Dump/imageDump.o
                0x2000891c                KickStartImageDumpTask
 .text.AutomaticImageHandlerTaskMain
                0x20008978      0x12c ./src/sub-systemCode/payload/Request Management/AutomaticImageHandler.o
                0x20008978                AutomaticImageHandlerTaskMain
 .text.KickStartAutomaticImageHandlerTask
                0x20008aa4       0x70 ./src/sub-systemCode/payload/Request Management/AutomaticImageHandler.o
                0x20008aa4                KickStartAutomaticImageHandlerTask
 .text.stopAction
                0x20008b14       0xc4 ./src/sub-systemCode/payload/Request Management/AutomaticImageHandler.o
                0x20008b14                stopAction
 .text.resumeAction
                0x20008bd8       0x68 ./src/sub-systemCode/payload/Request Management/AutomaticImageHandler.o
                0x20008bd8                resumeAction
 .text.handleErrors
                0x20008c40       0x50 ./src/sub-systemCode/payload/Request Management/AutomaticImageHandler.o
                0x20008c40                handleErrors
 .text.CameraManagerTaskMain
                0x20008c90       0xc8 ./src/sub-systemCode/payload/Request Management/CameraManeger.o
                0x20008c90                CameraManagerTaskMain
 .text.createFolders
                0x20008d58      0x22c ./src/sub-systemCode/payload/Request Management/CameraManeger.o
                0x20008d58                createFolders
 .text.initCamera
                0x20008f84       0xc0 ./src/sub-systemCode/payload/Request Management/CameraManeger.o
                0x20008f84                initCamera
 .text.KickStartCamera
                0x20009044       0xe4 ./src/sub-systemCode/payload/Request Management/CameraManeger.o
                0x20009044                KickStartCamera
 .text.addRequestToQueue
                0x20009128       0xa8 ./src/sub-systemCode/payload/Request Management/CameraManeger.o
                0x20009128                addRequestToQueue
 .text.removeRequestFromQueue
                0x200091d0       0x7c ./src/sub-systemCode/payload/Request Management/CameraManeger.o
                0x200091d0                removeRequestFromQueue
 .text.Take_pictures_with_time_in_between
                0x2000924c      0x114 ./src/sub-systemCode/payload/Request Management/CameraManeger.o
                0x2000924c                Take_pictures_with_time_in_between
 .text.act_upon_request
                0x20009360      0x518 ./src/sub-systemCode/payload/Request Management/CameraManeger.o
                0x20009360                act_upon_request
 .text.TakePicture
                0x20009878       0x4c ./src/sub-systemCode/payload/Request Management/DB_RequestHandling.o
                0x20009878                TakePicture
 .text.TakeSpecialPicture
                0x200098c4      0x130 ./src/sub-systemCode/payload/Request Management/DB_RequestHandling.o
                0x200098c4                TakeSpecialPicture
 .text.DeletePictureFile
                0x200099f4       0x88 ./src/sub-systemCode/payload/Request Management/DB_RequestHandling.o
                0x200099f4                DeletePictureFile
 .text.DeletePicture
                0x20009a7c       0x6c ./src/sub-systemCode/payload/Request Management/DB_RequestHandling.o
                0x20009a7c                DeletePicture
 .text.TransferPicture
                0x20009ae8       0x54 ./src/sub-systemCode/payload/Request Management/DB_RequestHandling.o
                0x20009ae8                TransferPicture
 .text.CreateThumbnail
                0x20009b3c       0x80 ./src/sub-systemCode/payload/Request Management/DB_RequestHandling.o
                0x20009b3c                CreateThumbnail
 .text.CreateJPG
                0x20009bbc       0x7c ./src/sub-systemCode/payload/Request Management/DB_RequestHandling.o
                0x20009bbc                CreateJPG
 .text.UpdatePhotographyValues
                0x20009c38       0xd8 ./src/sub-systemCode/payload/Request Management/DB_RequestHandling.o
                0x20009c38                UpdatePhotographyValues
 .text.setChunkDimensions
                0x20009d10       0x64 ./src/sub-systemCode/payload/Request Management/DB_RequestHandling.o
                0x20009d10                setChunkDimensions
 .text.convert2char
                0x20009d74      0x14c ./src/sub-systemCode/payload/Misc/Boolean_bit.o
                0x20009d74                convert2char
 .text.convert2byte
                0x20009ec0      0x1c8 ./src/sub-systemCode/payload/Misc/Boolean_bit.o
                0x20009ec0                convert2byte
 .text.bits2byte
                0x2000a088      0x17c ./src/sub-systemCode/payload/Misc/Boolean_bit.o
                0x2000a088                bits2byte
 .text.byte2bits
                0x2000a204      0x17c ./src/sub-systemCode/payload/Misc/Boolean_bit.o
                0x2000a204                byte2bits
 .text.char2bits
                0x2000a380       0x44 ./src/sub-systemCode/payload/Misc/Boolean_bit.o
                0x2000a380                char2bits
 .text.bits2char
                0x2000a3c4       0x3c ./src/sub-systemCode/payload/Misc/Boolean_bit.o
                0x2000a3c4                bits2char
 .text.ReadFromFile
                0x2000a400       0x6c ./src/sub-systemCode/payload/Misc/FileSystem.o
                0x2000a400                ReadFromFile
 .text.WriteToFile
                0x2000a46c       0x74 ./src/sub-systemCode/payload/Misc/FileSystem.o
                0x2000a46c                WriteToFile
 .text.Initialized_GPIO
                0x2000a4e0       0x54 ./src/sub-systemCode/payload/Drivers/GeckoCameraDriver.o
                0x2000a4e0                Initialized_GPIO
 .text.TurnOnGecko
                0x2000a534      0x134 ./src/sub-systemCode/payload/Drivers/GeckoCameraDriver.o
                0x2000a534                TurnOnGecko
 .text.TurnOffGecko
                0x2000a668       0xcc ./src/sub-systemCode/payload/Drivers/GeckoCameraDriver.o
                0x2000a668                TurnOffGecko
 .text.initGecko
                0x2000a734       0x3c ./src/sub-systemCode/payload/Drivers/GeckoCameraDriver.o
                0x2000a734                initGecko
 .text.GECKO_TakeImage
                0x2000a770      0x2c4 ./src/sub-systemCode/payload/Drivers/GeckoCameraDriver.o
                0x2000a770                GECKO_TakeImage
 .text.readStopFlag
                0x2000aa34       0x48 ./src/sub-systemCode/payload/Drivers/GeckoCameraDriver.o
                0x2000aa34                readStopFlag
 .text.setStopFlag
                0x2000aa7c       0x50 ./src/sub-systemCode/payload/Drivers/GeckoCameraDriver.o
                0x2000aa7c                setStopFlag
 .text.GECKO_ReadImage
                0x2000aacc      0x1e4 ./src/sub-systemCode/payload/Drivers/GeckoCameraDriver.o
                0x2000aacc                GECKO_ReadImage
 .text.GECKO_EraseBlock
                0x2000acb0       0xdc ./src/sub-systemCode/payload/Drivers/GeckoCameraDriver.o
                0x2000acb0                GECKO_EraseBlock
 .text.getFileName
                0x2000ad8c      0x1f8 ./src/sub-systemCode/payload/DataBase/DataBase.o
 .text.zeroImageDataBase
                0x2000af84       0xfc ./src/sub-systemCode/payload/DataBase/DataBase.o
                0x2000af84                zeroImageDataBase
 .text.updateGeneralDataBaseParameters
                0x2000b080       0x5c ./src/sub-systemCode/payload/DataBase/DataBase.o
                0x2000b080                updateGeneralDataBaseParameters
 .text.SearchDataBase_byID
                0x2000b0dc       0xe8 ./src/sub-systemCode/payload/DataBase/DataBase.o
                0x2000b0dc                SearchDataBase_byID
 .text.SearchDataBase_byMark
                0x2000b1c4       0xb8 ./src/sub-systemCode/payload/DataBase/DataBase.o
                0x2000b1c4                SearchDataBase_byMark
 .text.SearchDataBase_forLatestMarkedImage
                0x2000b27c       0x38 ./src/sub-systemCode/payload/DataBase/DataBase.o
                0x2000b27c                SearchDataBase_forLatestMarkedImage
 .text.SearchDataBase_byTimeRange
                0x2000b2b4      0x148 ./src/sub-systemCode/payload/DataBase/DataBase.o
                0x2000b2b4                SearchDataBase_byTimeRange
 .text.SearchDataBase_forImageFileType_byTimeRange
                0x2000b3fc      0x11c ./src/sub-systemCode/payload/DataBase/DataBase.o
                0x2000b3fc                SearchDataBase_forImageFileType_byTimeRange
 .text.checkForFileType
                0x2000b518       0x74 ./src/sub-systemCode/payload/DataBase/DataBase.o
                0x2000b518                checkForFileType
 .text.updateFileTypes
                0x2000b58c       0xbc ./src/sub-systemCode/payload/DataBase/DataBase.o
                0x2000b58c                updateFileTypes
 .text.GetImageFactor
                0x2000b648       0x58 ./src/sub-systemCode/payload/DataBase/DataBase.o
                0x2000b648                GetImageFactor
 .text.readImageFromBuffer
                0x2000b6a0      0x12c ./src/sub-systemCode/payload/DataBase/DataBase.o
                0x2000b6a0                readImageFromBuffer
 .text.saveImageToBuffer
                0x2000b7cc      0x12c ./src/sub-systemCode/payload/DataBase/DataBase.o
                0x2000b7cc                saveImageToBuffer
 .text.getLatestID
                0x2000b8f8       0x48 ./src/sub-systemCode/payload/DataBase/DataBase.o
                0x2000b8f8                getLatestID
 .text.getDataBaseStart
                0x2000b940       0x20 ./src/sub-systemCode/payload/DataBase/DataBase.o
                0x2000b940                getDataBaseStart
 .text.getDataBaseEnd
                0x2000b960       0x20 ./src/sub-systemCode/payload/DataBase/DataBase.o
                0x2000b960                getDataBaseEnd
 .text.setDataBaseValues
                0x2000b980       0xd0 ./src/sub-systemCode/payload/DataBase/DataBase.o
                0x2000b980                setDataBaseValues
 .text.initImageDataBase
                0x2000ba50       0xd4 ./src/sub-systemCode/payload/DataBase/DataBase.o
                0x2000ba50                initImageDataBase
 .text.resetImageDataBase
                0x2000bb24       0x98 ./src/sub-systemCode/payload/DataBase/DataBase.o
                0x2000bb24                resetImageDataBase
 .text.setCameraPhotographyValues
                0x2000bbbc      0x130 ./src/sub-systemCode/payload/DataBase/DataBase.o
                0x2000bbbc                setCameraPhotographyValues
 .text.transferImageToSD_withoutSearch
                0x2000bcec      0x16c ./src/sub-systemCode/payload/DataBase/DataBase.o
                0x2000bcec                transferImageToSD_withoutSearch
 .text.transferImageToSD
                0x2000be58       0xac ./src/sub-systemCode/payload/DataBase/DataBase.o
                0x2000be58                transferImageToSD
 .text.DeleteImageFromOBC_withoutSearch
                0x2000bf04       0xf0 ./src/sub-systemCode/payload/DataBase/DataBase.o
                0x2000bf04                DeleteImageFromOBC_withoutSearch
 .text.DeleteImageFromOBC
                0x2000bff4       0xb8 ./src/sub-systemCode/payload/DataBase/DataBase.o
                0x2000bff4                DeleteImageFromOBC
 .text.DeleteImageFromPayload
                0x2000c0ac      0x260 ./src/sub-systemCode/payload/DataBase/DataBase.o
                0x2000c0ac                DeleteImageFromPayload
 .text.clearImageDataBase
                0x2000c30c      0x134 ./src/sub-systemCode/payload/DataBase/DataBase.o
                0x2000c30c                clearImageDataBase
 .text.handleMarkedPictures
                0x2000c440      0x21c ./src/sub-systemCode/payload/DataBase/DataBase.o
                0x2000c440                handleMarkedPictures
 .text.writeNewImageMetaDataToFRAM
                0x2000c65c      0x21c ./src/sub-systemCode/payload/DataBase/DataBase.o
                0x2000c65c                writeNewImageMetaDataToFRAM
 .text.takePicture
                0x2000c878      0x344 ./src/sub-systemCode/payload/DataBase/DataBase.o
                0x2000c878                takePicture
 .text.takePicture_withSpecialParameters
                0x2000cbbc       0xc4 ./src/sub-systemCode/payload/DataBase/DataBase.o
                0x2000cbbc                takePicture_withSpecialParameters
 .text.GetImageFileName_withSpecialParameters
                0x2000cc80       0x98 ./src/sub-systemCode/payload/DataBase/DataBase.o
                0x2000cc80                GetImageFileName_withSpecialParameters
 .text.GetImageFileName
                0x2000cd18       0x98 ./src/sub-systemCode/payload/DataBase/DataBase.o
                0x2000cd18                GetImageFileName
 .text.getDataBaseSize
                0x2000cdb0       0x20 ./src/sub-systemCode/payload/DataBase/DataBase.o
                0x2000cdb0                getDataBaseSize
 .text.getImageDataBaseBuffer
                0x2000cdd0      0x144 ./src/sub-systemCode/payload/DataBase/DataBase.o
                0x2000cdd0                getImageDataBaseBuffer
 .text.setAutoThumbnailCreation
                0x2000cf14       0x30 ./src/sub-systemCode/payload/DataBase/DataBase.o
                0x2000cf14                setAutoThumbnailCreation
 .text.Gecko_TroubleShooter
                0x2000cf44       0xd8 ./src/sub-systemCode/payload/DataBase/DataBase.o
                0x2000cf44                Gecko_TroubleShooter
 .text.TransformRawToBMP
                0x2000d01c      0x1b8 ./src/sub-systemCode/payload/Compression/jpeg/bmp/rawToBMP.o
                0x2000d01c                TransformRawToBMP
 .text.interpolate
                0x2000d1d4      0x8d0 ./src/sub-systemCode/payload/Compression/jpeg/bmp/rawToBMP.o
                0x2000d1d4                interpolate
 .text.getInputAt
                0x2000daa4      0x288 ./src/sub-systemCode/payload/Compression/jpeg/bmp/rawToBMP.o
                0x2000daa4                getInputAt
 .text.f_writeF_FILEHeader
                0x2000dd2c      0x2d8 ./src/sub-systemCode/payload/Compression/jpeg/bmp/rawToBMP.o
                0x2000dd2c                f_writeF_FILEHeader
 .text.f_writeOutputRow
                0x2000e004       0xa4 ./src/sub-systemCode/payload/Compression/jpeg/bmp/rawToBMP.o
                0x2000e004                f_writeOutputRow
 .text.dct      0x2000e0a8      0x9c4 ./src/sub-systemCode/payload/Compression/jpeg/DCT.o
                0x2000e0a8                dct
 .text.JPEG_compressor
                0x2000ea6c       0xbc ./src/sub-systemCode/payload/Compression/jpeg/ImgCompressor.o
                0x2000ea6c                JPEG_compressor
 .text.Create_BMP_File
                0x2000eb28       0xf4 ./src/sub-systemCode/payload/Compression/jpeg/ImgCompressor.o
                0x2000eb28                Create_BMP_File
 .text.CompressImage
                0x2000ec1c      0x1b4 ./src/sub-systemCode/payload/Compression/jpeg/ImgCompressor.o
                0x2000ec1c                CompressImage
 .text.clamp    0x2000edd0       0x60 ./src/sub-systemCode/payload/Compression/jpeg/color_conv.o
                0x2000edd0                clamp
 .text.RGB_to_YCC
                0x2000ee30      0x1a8 ./src/sub-systemCode/payload/Compression/jpeg/color_conv.o
                0x2000ee30                RGB_to_YCC
 .text.RGB_to_Y
                0x2000efd8       0xc4 ./src/sub-systemCode/payload/Compression/jpeg/color_conv.o
                0x2000efd8                RGB_to_Y
 .text.Y_to_YCC
                0x2000f09c       0x88 ./src/sub-systemCode/payload/Compression/jpeg/color_conv.o
                0x2000f09c                Y_to_YCC
 .text.compress_image_to_jpeg_file
                0x2000f124      0x1ac ./src/sub-systemCode/payload/Compression/jpeg/jpeg.o
                0x2000f124                compress_image_to_jpeg_file
 .text.emit_marker
                0x2000f2d0       0xc8 ./src/sub-systemCode/payload/Compression/jpeg/jpeg_encoder.o
                0x2000f2d0                emit_marker
 .text.emit_byte
                0x2000f398       0x6c ./src/sub-systemCode/payload/Compression/jpeg/jpeg_encoder.o
                0x2000f398                emit_byte
 .text.emit_word
                0x2000f404       0xd0 ./src/sub-systemCode/payload/Compression/jpeg/jpeg_encoder.o
                0x2000f404                emit_word
 .text.emit_jfif_app0
                0x2000f4d4       0xc0 ./src/sub-systemCode/payload/Compression/jpeg/jpeg_encoder.o
                0x2000f4d4                emit_jfif_app0
 .text.emit_dqt
                0x2000f594       0xd8 ./src/sub-systemCode/payload/Compression/jpeg/jpeg_encoder.o
                0x2000f594                emit_dqt
 .text.emit_sof
                0x2000f66c      0x14c ./src/sub-systemCode/payload/Compression/jpeg/jpeg_encoder.o
                0x2000f66c                emit_sof
 .text.emit_dht
                0x2000f7b8      0x138 ./src/sub-systemCode/payload/Compression/jpeg/jpeg_encoder.o
                0x2000f7b8                emit_dht
 .text.emit_dhts
                0x2000f8f0       0xd8 ./src/sub-systemCode/payload/Compression/jpeg/jpeg_encoder.o
                0x2000f8f0                emit_dhts
 .text.emit_sos
                0x2000f9c8       0xec ./src/sub-systemCode/payload/Compression/jpeg/jpeg_encoder.o
                0x2000f9c8                emit_sos
 .text.emit_markers
                0x2000fab4       0x4c ./src/sub-systemCode/payload/Compression/jpeg/jpeg_encoder.o
                0x2000fab4                emit_markers
 .text.compute_huffman_table
                0x2000fb00      0x334 ./src/sub-systemCode/payload/Compression/jpeg/jpeg_encoder.o
                0x2000fb00                compute_huffman_table
 .text.compute_quant_table
                0x2000fe34      0x11c ./src/sub-systemCode/payload/Compression/jpeg/jpeg_encoder.o
                0x2000fe34                compute_quant_table
 .text.first_pass_init
                0x2000ff50       0x54 ./src/sub-systemCode/payload/Compression/jpeg/jpeg_encoder.o
                0x2000ff50                first_pass_init
 .text.second_pass_init
                0x2000ffa4      0x110 ./src/sub-systemCode/payload/Compression/jpeg/jpeg_encoder.o
                0x2000ffa4                second_pass_init
 .text.jpg_open
                0x200100b4      0x7b4 ./src/sub-systemCode/payload/Compression/jpeg/jpeg_encoder.o
                0x200100b4                jpg_open
 .text.load_block_8_8_grey
                0x20010868      0x164 ./src/sub-systemCode/payload/Compression/jpeg/jpeg_encoder.o
                0x20010868                load_block_8_8_grey
 .text.load_block_8_8
                0x200109cc      0x198 ./src/sub-systemCode/payload/Compression/jpeg/jpeg_encoder.o
                0x200109cc                load_block_8_8
 .text.load_block_16_8
                0x20010b64      0x3cc ./src/sub-systemCode/payload/Compression/jpeg/jpeg_encoder.o
                0x20010b64                load_block_16_8
 .text.load_block_16_8_8
                0x20010f30      0x2a8 ./src/sub-systemCode/payload/Compression/jpeg/jpeg_encoder.o
                0x20010f30                load_block_16_8_8
 .text.load_coefficients
                0x200111d8      0x1c8 ./src/sub-systemCode/payload/Compression/jpeg/jpeg_encoder.o
                0x200111d8                load_coefficients
 .text.flush_output_buffer
                0x200113a0       0xa0 ./src/sub-systemCode/payload/Compression/jpeg/jpeg_encoder.o
                0x200113a0                flush_output_buffer
 .text.put_bits
                0x20011440      0x170 ./src/sub-systemCode/payload/Compression/jpeg/jpeg_encoder.o
                0x20011440                put_bits
 .text.code_coefficients_pass_two
                0x200115b0      0x338 ./src/sub-systemCode/payload/Compression/jpeg/jpeg_encoder.o
                0x200115b0                code_coefficients_pass_two
 .text.code_block
                0x200118e8       0x44 ./src/sub-systemCode/payload/Compression/jpeg/jpeg_encoder.o
                0x200118e8                code_block
 .text.process_mcu_row
                0x2001192c      0x328 ./src/sub-systemCode/payload/Compression/jpeg/jpeg_encoder.o
                0x2001192c                process_mcu_row
 .text.terminate_pass_two
                0x20011c54       0x44 ./src/sub-systemCode/payload/Compression/jpeg/jpeg_encoder.o
                0x20011c54                terminate_pass_two
 .text.process_end_of_image
                0x20011c98       0xc0 ./src/sub-systemCode/payload/Compression/jpeg/jpeg_encoder.o
                0x20011c98                process_end_of_image
 .text.load_mcu
                0x20011d58      0x29c ./src/sub-systemCode/payload/Compression/jpeg/jpeg_encoder.o
                0x20011d58                load_mcu
 .text.clear    0x20011ff4      0x1e0 ./src/sub-systemCode/payload/Compression/jpeg/jpeg_encoder.o
                0x20011ff4                clear
 .text.init     0x200121d4       0xe4 ./src/sub-systemCode/payload/Compression/jpeg/jpeg_encoder.o
                0x200121d4                init
 .text.deinit   0x200122b8      0x160 ./src/sub-systemCode/payload/Compression/jpeg/jpeg_encoder.o
                0x200122b8                deinit
 .text.process_scanline
                0x20012418       0x6c ./src/sub-systemCode/payload/Compression/jpeg/jpeg_encoder.o
                0x20012418                process_scanline
 .text.jpge_malloc
                0x20012484       0x28 ./src/sub-systemCode/payload/Compression/jpeg/jpeg_memory_alloc.o
                0x20012484                jpge_malloc
 .text.jpge_cmalloc
                0x200124ac       0x48 ./src/sub-systemCode/payload/Compression/jpeg/jpeg_memory_alloc.o
                0x200124ac                jpge_cmalloc
 .text.jpge_free
                0x200124f4       0x24 ./src/sub-systemCode/payload/Compression/jpeg/jpeg_memory_alloc.o
                0x200124f4                jpge_free
 .text.check    0x20012518       0x78 ./src/sub-systemCode/payload/Compression/jpeg/jpeg_params.o
                0x20012518                check
 .text.open_jpeg_file
                0x20012590       0xfc ./src/sub-systemCode/payload/Compression/jpeg/output_stream.o
                0x20012590                open_jpeg_file
 .text.close_jpeg_file
                0x2001268c      0x118 ./src/sub-systemCode/payload/Compression/jpeg/output_stream.o
                0x2001268c                close_jpeg_file
 .text.put_buf  0x200127a4      0x258 ./src/sub-systemCode/payload/Compression/jpeg/output_stream.o
                0x200127a4                put_buf
 .text.GetBayerPixel
                0x200129fc       0xe8 ./src/sub-systemCode/payload/Compression/ImageConversion.o
 .text.BinImage
                0x20012ae4      0x2c8 ./src/sub-systemCode/payload/Compression/ImageConversion.o
                0x20012ae4                BinImage
 .text.ImageSkipping
                0x20012dac      0x2ac ./src/sub-systemCode/payload/Compression/ImageConversion.o
                0x20012dac                ImageSkipping
 .text.CreateImageThumbnail_withoutSearch
                0x20013058      0x14c ./src/sub-systemCode/payload/Compression/ImageConversion.o
                0x20013058                CreateImageThumbnail_withoutSearch
 .text.CreateImageThumbnail
                0x200131a4       0x98 ./src/sub-systemCode/payload/Compression/ImageConversion.o
                0x200131a4                CreateImageThumbnail
 .text.compressImage
                0x2001323c      0x16c ./src/sub-systemCode/payload/Compression/ImageConversion.o
                0x2001323c                compressImage
 .text.AdcsCmdQueueInit
                0x200133a8       0x4c ./src/sub-systemCode/Main/CMD/ADCS_CMD.o
                0x200133a8                AdcsCmdQueueInit
 .text.AdcsCmdQueueGet
                0x200133f4       0x8c ./src/sub-systemCode/Main/CMD/ADCS_CMD.o
                0x200133f4                AdcsCmdQueueGet
 .text.AdcsCmdQueueAdd
                0x20013480       0x74 ./src/sub-systemCode/Main/CMD/ADCS_CMD.o
                0x20013480                AdcsCmdQueueAdd
 .text.AdcsCmdQueueIsEmpty
                0x200134f4       0x3c ./src/sub-systemCode/Main/CMD/ADCS_CMD.o
                0x200134f4                AdcsCmdQueueIsEmpty
 .text.getAdcsQueueWaitPointer
                0x20013530       0x20 ./src/sub-systemCode/Main/CMD/ADCS_CMD.o
                0x20013530                getAdcsQueueWaitPointer
 .text.cmd_mute
                0x20013550       0xf4 ./src/sub-systemCode/Main/CMD/COMM_CMD.o
                0x20013550                cmd_mute
 .text.cmd_unmute
                0x20013644       0x90 ./src/sub-systemCode/Main/CMD/COMM_CMD.o
                0x20013644                cmd_unmute
 .text.cmd_active_trans
                0x200136d4       0xc0 ./src/sub-systemCode/Main/CMD/COMM_CMD.o
                0x200136d4                cmd_active_trans
 .text.cmd_shut_trans
                0x20013794       0x8c ./src/sub-systemCode/Main/CMD/COMM_CMD.o
                0x20013794                cmd_shut_trans
 .text.cmd_change_trans_rssi
                0x20013820      0x140 ./src/sub-systemCode/Main/CMD/COMM_CMD.o
                0x20013820                cmd_change_trans_rssi
 .text.cmd_aprs_dump
                0x20013960       0x38 ./src/sub-systemCode/Main/CMD/COMM_CMD.o
                0x20013960                cmd_aprs_dump
 .text.cmd_stop_dump
                0x20013998       0x8c ./src/sub-systemCode/Main/CMD/COMM_CMD.o
                0x20013998                cmd_stop_dump
 .text.cmd_time_frequency
                0x20013a24       0xf8 ./src/sub-systemCode/Main/CMD/COMM_CMD.o
                0x20013a24                cmd_time_frequency
 .text.cmd_change_def_bit_rate
                0x20013b1c      0x1a8 ./src/sub-systemCode/Main/CMD/COMM_CMD.o
                0x20013b1c                cmd_change_def_bit_rate
 .text.cmd_upload_volt_logic
                0x20013cc4      0x370 ./src/sub-systemCode/Main/CMD/EPS_CMD.o
                0x20013cc4                cmd_upload_volt_logic
 .text.cmd_upload_volt_COMM
                0x20014034      0x1d4 ./src/sub-systemCode/Main/CMD/EPS_CMD.o
                0x20014034                cmd_upload_volt_COMM
 .text.cmd_heater_temp
                0x20014208       0xe4 ./src/sub-systemCode/Main/CMD/EPS_CMD.o
                0x20014208                cmd_heater_temp
 .text.cmd_SHUT_CAM
                0x200142ec       0x78 ./src/sub-systemCode/Main/CMD/EPS_CMD.o
                0x200142ec                cmd_SHUT_CAM
 .text.cmd_SHUT_ADCS
                0x20014364       0x78 ./src/sub-systemCode/Main/CMD/EPS_CMD.o
                0x20014364                cmd_SHUT_ADCS
 .text.cmd_allow_CAM
                0x200143dc       0x78 ./src/sub-systemCode/Main/CMD/EPS_CMD.o
                0x200143dc                cmd_allow_CAM
 .text.cmd_allow_ADCS
                0x20014454       0x78 ./src/sub-systemCode/Main/CMD/EPS_CMD.o
                0x20014454                cmd_allow_ADCS
 .text.cmd_update_alpha
                0x200144cc      0x120 ./src/sub-systemCode/Main/CMD/EPS_CMD.o
                0x200144cc                cmd_update_alpha
 .text.cmd_generic_I2C
                0x200145ec       0xe4 ./src/sub-systemCode/Main/CMD/General_CMD.o
                0x200145ec                cmd_generic_I2C
 .text.cmd_dump
                0x200146d0       0xf0 ./src/sub-systemCode/Main/CMD/General_CMD.o
                0x200146d0                cmd_dump
 .text.cmd_delete_TM
                0x200147c0      0x24c ./src/sub-systemCode/Main/CMD/General_CMD.o
                0x200147c0                cmd_delete_TM
 .text.cmd_reset_file
                0x20014a0c      0x130 ./src/sub-systemCode/Main/CMD/General_CMD.o
                0x20014a0c                cmd_reset_file
 .text.cmd_format_SD
                0x20014b3c       0x7c ./src/sub-systemCode/Main/CMD/General_CMD.o
                0x20014b3c                cmd_format_SD
 .text.cmd_dummy_func
                0x20014bb8       0x38 ./src/sub-systemCode/Main/CMD/General_CMD.o
                0x20014bb8                cmd_dummy_func
 .text.cmd_reset_TLM_SD
                0x20014bf0       0x54 ./src/sub-systemCode/Main/CMD/General_CMD.o
                0x20014bf0                cmd_reset_TLM_SD
 .text.cmd_stop_TM
                0x20014c44       0x7c ./src/sub-systemCode/Main/CMD/General_CMD.o
                0x20014c44                cmd_stop_TM
 .text.cmd_resume_TM
                0x20014cc0       0x7c ./src/sub-systemCode/Main/CMD/General_CMD.o
                0x20014cc0                cmd_resume_TM
 .text.cmd_soft_reset_cmponent
                0x20014d3c       0xd0 ./src/sub-systemCode/Main/CMD/General_CMD.o
                0x20014d3c                cmd_soft_reset_cmponent
 .text.cmd_hard_reset_cmponent
                0x20014e0c       0xd0 ./src/sub-systemCode/Main/CMD/General_CMD.o
                0x20014e0c                cmd_hard_reset_cmponent
 .text.cmd_reset_satellite
                0x20014edc       0x90 ./src/sub-systemCode/Main/CMD/General_CMD.o
                0x20014edc                cmd_reset_satellite
 .text.cmd_gracefull_reset_satellite
                0x20014f6c       0x90 ./src/sub-systemCode/Main/CMD/General_CMD.o
                0x20014f6c                cmd_gracefull_reset_satellite
 .text.cmd_upload_time
                0x20014ffc       0xc4 ./src/sub-systemCode/Main/CMD/General_CMD.o
                0x20014ffc                cmd_upload_time
 .text.cmd_ARM_DIARM
                0x200150c0      0x104 ./src/sub-systemCode/Main/CMD/General_CMD.o
                0x200150c0                cmd_ARM_DIARM
 .text.cmd_deploy_ants
                0x200151c4       0xcc ./src/sub-systemCode/Main/CMD/General_CMD.o
                0x200151c4                cmd_deploy_ants
 .text.cmd_get_onlineTM
                0x20015290      0x220 ./src/sub-systemCode/Main/CMD/General_CMD.o
                0x20015290                cmd_get_onlineTM
 .text.cmd_reset_off_line
                0x200154b0       0x74 ./src/sub-systemCode/Main/CMD/General_CMD.o
                0x200154b0                cmd_reset_off_line
 .text.cmd_add_item_off_line
                0x20015524      0x124 ./src/sub-systemCode/Main/CMD/General_CMD.o
                0x20015524                cmd_add_item_off_line
 .text.cmd_delete_item_off_line
                0x20015648       0xb0 ./src/sub-systemCode/Main/CMD/General_CMD.o
                0x20015648                cmd_delete_item_off_line
 .text.cmd_get_off_line_setting
                0x200156f8      0x1cc ./src/sub-systemCode/Main/CMD/General_CMD.o
                0x200156f8                cmd_get_off_line_setting
 .text.cmd_reset_delayed_command_list
                0x200158c4       0x3c ./src/sub-systemCode/Main/CMD/SW_CMD.o
                0x200158c4                cmd_reset_delayed_command_list
 .text.cmd_reset_APRS_list
                0x20015900       0x3c ./src/sub-systemCode/Main/CMD/SW_CMD.o
                0x20015900                cmd_reset_APRS_list
 .text.cmd_reset_FRAM
                0x2001593c      0x100 ./src/sub-systemCode/Main/CMD/SW_CMD.o
                0x2001593c                cmd_reset_FRAM
 .text.cmd_FRAM_read
                0x20015a3c      0x270 ./src/sub-systemCode/Main/CMD/SW_CMD.o
                0x20015a3c                cmd_FRAM_read
 .text.cmd_FRAM_write
                0x20015cac      0x114 ./src/sub-systemCode/Main/CMD/SW_CMD.o
                0x20015cac                cmd_FRAM_write
 .text.init_Ants
                0x20015dc0       0x90 ./src/sub-systemCode/Main/Ants.o
                0x20015dc0                init_Ants
 .text.ARM_ants
                0x20015e50       0xb8 ./src/sub-systemCode/Main/Ants.o
                0x20015e50                ARM_ants
 .text.DISARM_ants
                0x20015f08       0xf0 ./src/sub-systemCode/Main/Ants.o
                0x20015f08                DISARM_ants
 .text.deploye_ants
                0x20015ff8       0x90 ./src/sub-systemCode/Main/Ants.o
                0x20015ff8                deploye_ants
 .text.checkDeployAttempt
                0x20016088      0x180 ./src/sub-systemCode/Main/Ants.o
                0x20016088                checkDeployAttempt
 .text.reset_deployStatusFRAM
                0x20016208       0xdc ./src/sub-systemCode/Main/Ants.o
                0x20016208                reset_deployStatusFRAM
 .text.reset_FRAM_ants
                0x200162e4       0xc4 ./src/sub-systemCode/Main/Ants.o
                0x200162e4                reset_FRAM_ants
 .text.DeployIfNeeded
                0x200163a8      0x188 ./src/sub-systemCode/Main/Ants.o
                0x200163a8                DeployIfNeeded
 .text.update_stopDeploy_FRAM
                0x20016530       0x64 ./src/sub-systemCode/Main/Ants.o
                0x20016530                update_stopDeploy_FRAM
 .text.round_vol
                0x20016594      0x124 ./src/sub-systemCode/Main/EPS.o
                0x20016594                round_vol
 .text.get_shut_ADCS
                0x200166b8       0x64 ./src/sub-systemCode/Main/EPS.o
                0x200166b8                get_shut_ADCS
 .text.shut_ADCS
                0x2001671c       0x60 ./src/sub-systemCode/Main/EPS.o
                0x2001671c                shut_ADCS
 .text.get_shut_CAM
                0x2001677c       0x64 ./src/sub-systemCode/Main/EPS.o
                0x2001677c                get_shut_CAM
 .text.shut_CAM
                0x200167e0       0x60 ./src/sub-systemCode/Main/EPS.o
                0x200167e0                shut_CAM
 .text.update_powerLines
                0x20016840      0x124 ./src/sub-systemCode/Main/EPS.o
                0x20016840                update_powerLines
 .text.get_EPS_mode_t
                0x20016964       0x24 ./src/sub-systemCode/Main/EPS.o
                0x20016964                get_EPS_mode_t
 .text.init_enterMode
                0x20016988       0x88 ./src/sub-systemCode/Main/EPS.o
                0x20016988                init_enterMode
 .text.EPS_Init
                0x20016a10      0x1ac ./src/sub-systemCode/Main/EPS.o
                0x20016a10                EPS_Init
 .text.reset_FRAM_EPS
                0x20016bbc      0x150 ./src/sub-systemCode/Main/EPS.o
                0x20016bbc                reset_FRAM_EPS
 .text.reset_EPS_voltages
                0x20016d0c      0x110 ./src/sub-systemCode/Main/EPS.o
                0x20016d0c                reset_EPS_voltages
 .text.writeState_log
                0x20016e1c       0x94 ./src/sub-systemCode/Main/EPS.o
                0x20016e1c                writeState_log
 .text.battery_downward
                0x20016eb0      0x144 ./src/sub-systemCode/Main/EPS.o
                0x20016eb0                battery_downward
 .text.battery_upward
                0x20016ff4      0x150 ./src/sub-systemCode/Main/EPS.o
                0x20016ff4                battery_upward
 .text.sanityCheck_EPS
                0x20017144      0x178 ./src/sub-systemCode/Main/EPS.o
                0x20017144                sanityCheck_EPS
 .text.overRide_ADCS
                0x200172bc       0x50 ./src/sub-systemCode/Main/EPS.o
                0x200172bc                overRide_ADCS
 .text.overRide_Camera
                0x2001730c       0x38 ./src/sub-systemCode/Main/EPS.o
                0x2001730c                overRide_Camera
 .text.EPS_Conditioning
                0x20017344      0x2e4 ./src/sub-systemCode/Main/EPS.o
                0x20017344                EPS_Conditioning
 .text.EnterFullMode
                0x20017628       0xf0 ./src/sub-systemCode/Main/EPS.o
                0x20017628                EnterFullMode
 .text.EnterCruiseMode
                0x20017718       0xe0 ./src/sub-systemCode/Main/EPS.o
                0x20017718                EnterCruiseMode
 .text.EnterSafeMode
                0x200177f8       0xe0 ./src/sub-systemCode/Main/EPS.o
                0x200177f8                EnterSafeMode
 .text.EnterCriticalMode
                0x200178d8       0xcc ./src/sub-systemCode/Main/EPS.o
                0x200178d8                EnterCriticalMode
 .text.check_EPSTableCorrection
                0x200179a4      0x120 ./src/sub-systemCode/Main/EPS.o
                0x200179a4                check_EPSTableCorrection
 .text.save_ACK
                0x20017ac4       0xc8 ./src/sub-systemCode/Main/HouseKeeping.o
                0x20017ac4                save_ACK
 .text.set_GP_EPS
                0x20017b8c      0x10c ./src/sub-systemCode/Main/HouseKeeping.o
                0x20017b8c                set_GP_EPS
 .text.set_GP_COMM
                0x20017c98       0x88 ./src/sub-systemCode/Main/HouseKeeping.o
                0x20017c98                set_GP_COMM
 .text.SP_HK_collect
                0x20017d20      0x22c ./src/sub-systemCode/Main/HouseKeeping.o
                0x20017d20                SP_HK_collect
 .text.EPS_HK_collect
                0x20017f4c      0x528 ./src/sub-systemCode/Main/HouseKeeping.o
                0x20017f4c                EPS_HK_collect
 .text.CAM_HK_collect
                0x20018474      0x920 ./src/sub-systemCode/Main/HouseKeeping.o
                0x20018474                CAM_HK_collect
 .text.COMM_HK_collect
                0x20018d94      0x2d0 ./src/sub-systemCode/Main/HouseKeeping.o
                0x20018d94                COMM_HK_collect
 .text.HK_find_ADCSTM_fileName
                0x20019064      0x44c ./src/sub-systemCode/Main/HouseKeeping.o
                0x20019064                HK_find_ADCSTM_fileName
 .text.HK_find_fileName
                0x200194b0      0x174 ./src/sub-systemCode/Main/HouseKeeping.o
                0x200194b0                HK_find_fileName
 .text.HK_find_ADCSTM_ElementSize
                0x20019624      0x1b8 ./src/sub-systemCode/Main/HouseKeeping.o
                0x20019624                HK_find_ADCSTM_ElementSize
 .text.HK_findElementSize
                0x200197dc       0xd4 ./src/sub-systemCode/Main/HouseKeeping.o
                0x200197dc                HK_findElementSize
 .text.build_HK_spl_packet
                0x200198b0      0x27c ./src/sub-systemCode/Main/HouseKeeping.o
                0x200198b0                build_HK_spl_packet
 .text.numberOfRestarts
                0x20019b2c       0x94 ./src/sub-systemCode/Main/Main_Init.o
                0x20019b2c                numberOfRestarts
 .text.StartFRAM
                0x20019bc0       0x1c ./src/sub-systemCode/Main/Main_Init.o
                0x20019bc0                StartFRAM
 .text.StartI2C
                0x20019bdc       0x28 ./src/sub-systemCode/Main/Main_Init.o
                0x20019bdc                StartI2C
 .text.StartSPI
                0x20019c04       0x24 ./src/sub-systemCode/Main/Main_Init.o
                0x20019c04                StartSPI
 .text.StartTIME
                0x20019c28      0x104 ./src/sub-systemCode/Main/Main_Init.o
                0x20019c28                StartTIME
 .text.first_activation
                0x20019d2c       0x7c ./src/sub-systemCode/Main/Main_Init.o
                0x20019d2c                first_activation
 .text.InitSubsystems
                0x20019da8       0x74 ./src/sub-systemCode/Main/Main_Init.o
                0x20019da8                InitSubsystems
 .text.SubSystemTaskStart
                0x20019e1c      0x13c ./src/sub-systemCode/Main/Main_Init.o
                0x20019e1c                SubSystemTaskStart
 .text.copy_command
                0x20019f58       0x80 ./src/sub-systemCode/Main/commands.o
                0x20019f58                copy_command
 .text.reset_command
                0x20019fd8       0x28 ./src/sub-systemCode/Main/commands.o
                0x20019fd8                reset_command
 .text.init_command
                0x2001a000       0xf4 ./src/sub-systemCode/Main/commands.o
                0x2001a000                init_command
 .text.add_command
                0x2001a0f4      0x12c ./src/sub-systemCode/Main/commands.o
                0x2001a0f4                add_command
 .text.get_command
                0x2001a220      0x1c0 ./src/sub-systemCode/Main/commands.o
                0x2001a220                get_command
 .text.act_upon_command
                0x2001a3e0      0x1cc ./src/sub-systemCode/Main/commands.o
                0x2001a3e0                act_upon_command
 .text.cmd_error
                0x2001a5ac       0x38 ./src/sub-systemCode/Main/commands.o
                0x2001a5ac                cmd_error
 .text.AUC_COMM
                0x2001a5e4      0x25c ./src/sub-systemCode/Main/commands.o
                0x2001a5e4                AUC_COMM
 .text.AUC_general
                0x2001a840      0x3c8 ./src/sub-systemCode/Main/commands.o
                0x2001a840                AUC_general
 .text.AUC_payload
                0x2001ac08      0x248 ./src/sub-systemCode/Main/commands.o
                0x2001ac08                AUC_payload
 .text.AUC_EPS  0x2001ae50      0x28c ./src/sub-systemCode/Main/commands.o
                0x2001ae50                AUC_EPS
 .text.AUC_SW   0x2001b0dc      0x1cc ./src/sub-systemCode/Main/commands.o
                0x2001b0dc                AUC_SW
 .text.AUC_onlineTM
                0x2001b2a8      0x1f0 ./src/sub-systemCode/Main/commands.o
                0x2001b2a8                AUC_onlineTM
 .text.AUC_CUF  0x2001b498      0x168 ./src/sub-systemCode/Main/commands.o
                0x2001b498                AUC_CUF
 .text.init_GenericSaveQueue
                0x2001b600       0x3c ./src/sub-systemCode/Global/GenericTaskSave.o
                0x2001b600                init_GenericSaveQueue
 .text.add_GenericElement_queue
                0x2001b63c       0x80 ./src/sub-systemCode/Global/GenericTaskSave.o
                0x2001b63c                add_GenericElement_queue
 .text.GenericSave_Task
                0x2001b6bc      0x128 ./src/sub-systemCode/Global/GenericTaskSave.o
                0x2001b6bc                GenericSave_Task
 .text.check_int
                0x2001b7e4       0x20 ./src/sub-systemCode/Global/Global.o
                0x2001b7e4                check_int
 .text.check_portBASE_TYPE
                0x2001b804       0x20 ./src/sub-systemCode/Global/Global.o
                0x2001b804                check_portBASE_TYPE
 .text.soft_reset_subsystem
                0x2001b824       0xf0 ./src/sub-systemCode/Global/Global.o
                0x2001b824                soft_reset_subsystem
 .text.hard_reset_subsystem
                0x2001b914      0x134 ./src/sub-systemCode/Global/Global.o
                0x2001b914                hard_reset_subsystem
 .text.BigEnE_raw_to_uInt
                0x2001ba48       0x94 ./src/sub-systemCode/Global/Global.o
                0x2001ba48                BigEnE_raw_to_uInt
 .text.BigEnE_raw_to_uShort
                0x2001badc       0x50 ./src/sub-systemCode/Global/Global.o
                0x2001badc                BigEnE_raw_to_uShort
 .text.BigEnE_uInt_to_raw
                0x2001bb2c       0x78 ./src/sub-systemCode/Global/Global.o
                0x2001bb2c                BigEnE_uInt_to_raw
 .text.reset_FRAM_MAIN
                0x2001bba4      0x1cc ./src/sub-systemCode/Global/Global.o
                0x2001bba4                reset_FRAM_MAIN
 .text.getBitValueByIndex
                0x2001bd70       0xd0 ./src/sub-systemCode/Global/Global.o
                0x2001bd70                getBitValueByIndex
 .text.FRAM_write_exte
                0x2001be40       0x84 ./src/sub-systemCode/Global/Global.o
                0x2001be40                FRAM_write_exte
 .text.FRAM_read_exte
                0x2001bec4       0x84 ./src/sub-systemCode/Global/Global.o
                0x2001bec4                FRAM_read_exte
 .text.FRAM_writeAndVerify_exte
                0x2001bf48       0x84 ./src/sub-systemCode/Global/Global.o
                0x2001bf48                FRAM_writeAndVerify_exte
 .text.init_GP  0x2001bfcc      0x368 ./src/sub-systemCode/Global/GlobalParam.o
                0x2001bfcc                init_GP
 .text.get_system_state
                0x2001c334      0x268 ./src/sub-systemCode/Global/GlobalParam.o
                0x2001c334                get_system_state
 .text.set_system_state
                0x2001c59c      0x298 ./src/sub-systemCode/Global/GlobalParam.o
                0x2001c59c                set_system_state
 .text.get_systems_state_param
                0x2001c834       0x8c ./src/sub-systemCode/Global/GlobalParam.o
                0x2001c834                get_systems_state_param
 .text.get_current_global_param
                0x2001c8c0      0x55c ./src/sub-systemCode/Global/GlobalParam.o
                0x2001c8c0                get_current_global_param
 .text.set_Vbatt
                0x2001ce1c       0x8c ./src/sub-systemCode/Global/GlobalParam.o
                0x2001ce1c                set_Vbatt
 .text.get_Vbatt
                0x2001cea8       0x8c ./src/sub-systemCode/Global/GlobalParam.o
                0x2001cea8                get_Vbatt
 .text.set_curBat
                0x2001cf34       0x8c ./src/sub-systemCode/Global/GlobalParam.o
                0x2001cf34                set_curBat
 .text.set_cur3V3
                0x2001cfc0       0x8c ./src/sub-systemCode/Global/GlobalParam.o
                0x2001cfc0                set_cur3V3
 .text.set_cur5V
                0x2001d04c       0x8c ./src/sub-systemCode/Global/GlobalParam.o
                0x2001d04c                set_cur5V
 .text.set_tempComm_LO
                0x2001d0d8       0x8c ./src/sub-systemCode/Global/GlobalParam.o
                0x2001d0d8                set_tempComm_LO
 .text.set_tempComm_PA
                0x2001d164       0x8c ./src/sub-systemCode/Global/GlobalParam.o
                0x2001d164                set_tempComm_PA
 .text.set_tempEPS
                0x2001d1f0       0xc8 ./src/sub-systemCode/Global/GlobalParam.o
                0x2001d1f0                set_tempEPS
 .text.set_tempBatt
                0x2001d2b8       0xc8 ./src/sub-systemCode/Global/GlobalParam.o
                0x2001d2b8                set_tempBatt
 .text.set_RxDoppler
                0x2001d380       0x8c ./src/sub-systemCode/Global/GlobalParam.o
                0x2001d380                set_RxDoppler
 .text.set_RxRSSI
                0x2001d40c       0x8c ./src/sub-systemCode/Global/GlobalParam.o
                0x2001d40c                set_RxRSSI
 .text.set_TxRefl
                0x2001d498       0x8c ./src/sub-systemCode/Global/GlobalParam.o
                0x2001d498                set_TxRefl
 .text.set_TxForw
                0x2001d524       0x8c ./src/sub-systemCode/Global/GlobalParam.o
                0x2001d524                set_TxForw
 .text.set_FS_failFlag
                0x2001d5b0       0x8c ./src/sub-systemCode/Global/GlobalParam.o
                0x2001d5b0                set_FS_failFlag
 .text.set_EPSState
                0x2001d63c       0x8c ./src/sub-systemCode/Global/GlobalParam.o
                0x2001d63c                set_EPSState
 .text.set_numOfDelayedCommand
                0x2001d6c8       0x8c ./src/sub-systemCode/Global/GlobalParam.o
                0x2001d6c8                set_numOfDelayedCommand
 .text.set_numOfResets
                0x2001d754       0xac ./src/sub-systemCode/Global/GlobalParam.o
                0x2001d754                set_numOfResets
 .text.set_ground_conn
                0x2001d800       0xa0 ./src/sub-systemCode/Global/GlobalParam.o
                0x2001d800                set_ground_conn
 .text.get_ground_conn
                0x2001d8a0       0xa0 ./src/sub-systemCode/Global/GlobalParam.o
                0x2001d8a0                get_ground_conn
 .text.IsisAntS_getStatusData_sideA
                0x2001d940       0x3c ./src/sub-systemCode/Global/OnlineTM.o
                0x2001d940                IsisAntS_getStatusData_sideA
 .text.IsisAntS_getAlltelemetry_sideA
                0x2001d97c       0x3c ./src/sub-systemCode/Global/OnlineTM.o
                0x2001d97c                IsisAntS_getAlltelemetry_sideA
 .text.IsisAntS_getTemperature_sideA
                0x2001d9b8       0x3c ./src/sub-systemCode/Global/OnlineTM.o
                0x2001d9b8                IsisAntS_getTemperature_sideA
 .text.IsisAntS_getStatusData_sideB
                0x2001d9f4       0x3c ./src/sub-systemCode/Global/OnlineTM.o
                0x2001d9f4                IsisAntS_getStatusData_sideB
 .text.IsisAntS_getAlltelemetry_sideB
                0x2001da30       0x3c ./src/sub-systemCode/Global/OnlineTM.o
                0x2001da30                IsisAntS_getAlltelemetry_sideB
 .text.IsisAntS_getTemperature_sideB
                0x2001da6c       0x3c ./src/sub-systemCode/Global/OnlineTM.o
                0x2001da6c                IsisAntS_getTemperature_sideB
 .text.HK_collect_EPS
                0x2001daa8       0x30 ./src/sub-systemCode/Global/OnlineTM.o
                0x2001daa8                HK_collect_EPS
 .text.HK_collect_COMM
                0x2001dad8       0x30 ./src/sub-systemCode/Global/OnlineTM.o
                0x2001dad8                HK_collect_COMM
 .text.HK_collect_CAM
                0x2001db08       0x30 ./src/sub-systemCode/Global/OnlineTM.o
                0x2001db08                HK_collect_CAM
 .text.HK_collect_SP
                0x2001db38       0x30 ./src/sub-systemCode/Global/OnlineTM.o
                0x2001db38                HK_collect_SP
 .text.HK_collect_FS_A
                0x2001db68       0x9c ./src/sub-systemCode/Global/OnlineTM.o
                0x2001db68                HK_collect_FS_A
 .text.HK_collect_FS_B
                0x2001dc04       0x9c ./src/sub-systemCode/Global/OnlineTM.o
                0x2001dc04                HK_collect_FS_B
 .text.save_offlineSetting_FRAM
                0x2001dca0      0x26c ./src/sub-systemCode/Global/OnlineTM.o
                0x2001dca0                save_offlineSetting_FRAM
 .text.get_offlineSetting_FRAM
                0x2001df0c       0x58 ./src/sub-systemCode/Global/OnlineTM.o
                0x2001df0c                get_offlineSetting_FRAM
 .text.update_offlineSetting_FRAM
                0x2001df64      0x360 ./src/sub-systemCode/Global/OnlineTM.o
                0x2001df64                update_offlineSetting_FRAM
 .text.get_offlineSettingPacket
                0x2001e2c4       0xc4 ./src/sub-systemCode/Global/OnlineTM.o
                0x2001e2c4                get_offlineSettingPacket
 .text.get_item_by_index
                0x2001e388       0xdc ./src/sub-systemCode/Global/OnlineTM.o
                0x2001e388                get_item_by_index
 .text.get_pointer_item_by_index
                0x2001e464       0x48 ./src/sub-systemCode/Global/OnlineTM.o
                0x2001e464                get_pointer_item_by_index
 .text.init_onlineParam
                0x2001e4ac     0x2f54 ./src/sub-systemCode/Global/OnlineTM.o
                0x2001e4ac                init_onlineParam
 .text.reset_offline_TM_list
                0x20021400      0x184 ./src/sub-systemCode/Global/OnlineTM.o
                0x20021400                reset_offline_TM_list
 .text.get_online_packet
                0x20021584      0x25c ./src/sub-systemCode/Global/OnlineTM.o
                0x20021584                get_online_packet
 .text.save_onlineTM_param
                0x200217e0      0x1b4 ./src/sub-systemCode/Global/OnlineTM.o
                0x200217e0                save_onlineTM_param
 .text.add_onlineTM_param_to_save_list
                0x20021994      0x3e4 ./src/sub-systemCode/Global/OnlineTM.o
                0x20021994                add_onlineTM_param_to_save_list
 .text.delete_onlineTM_param_from_offline
                0x20021d78      0x1a8 ./src/sub-systemCode/Global/OnlineTM.o
                0x20021d78                delete_onlineTM_param_from_offline
 .text.save_onlineTM_logic
                0x20021f20      0x2c0 ./src/sub-systemCode/Global/OnlineTM.o
                0x20021f20                save_onlineTM_logic
 .text.updateSD_state
                0x200221e0       0xc0 ./src/sub-systemCode/Global/OnlineTM.o
                0x200221e0                updateSD_state
 .text.sleepRTC_second
                0x200222a0       0x64 ./src/sub-systemCode/Global/OnlineTM.o
 .text.save_onlineTM_task
                0x20022304       0xe8 ./src/sub-systemCode/Global/OnlineTM.o
                0x20022304                save_onlineTM_task
 .text.reset_FRAM_FS
                0x200223ec       0x4c ./src/sub-systemCode/Global/TLM_management.o
                0x200223ec                reset_FRAM_FS
 .text.sd_format
                0x20022438       0x28 ./src/sub-systemCode/Global/TLM_management.o
                0x20022438                sd_format
 .text.deleteDir
                0x20022460       0x2c ./src/sub-systemCode/Global/TLM_management.o
                0x20022460                deleteDir
 .text.getNumOfFilesInFS
                0x2002248c       0x44 ./src/sub-systemCode/Global/TLM_management.o
 .text.setNumOfFilesInFS
                0x200224d0       0x50 ./src/sub-systemCode/Global/TLM_management.o
 .text.f_managed_enterFS
                0x20022520       0x18 ./src/sub-systemCode/Global/TLM_management.o
                0x20022520                f_managed_enterFS
 .text.f_managed_releaseFS
                0x20022538       0x18 ./src/sub-systemCode/Global/TLM_management.o
                0x20022538                f_managed_releaseFS
 .text.f_managed_open
                0x20022550      0x100 ./src/sub-systemCode/Global/TLM_management.o
                0x20022550                f_managed_open
 .text.f_managed_close
                0x20022650       0x84 ./src/sub-systemCode/Global/TLM_management.o
                0x20022650                f_managed_close
 .text.createSemahores_FS
                0x200226d4       0x48 ./src/sub-systemCode/Global/TLM_management.o
                0x200226d4                createSemahores_FS
 .text.InitializeFS
                0x2002271c      0x138 ./src/sub-systemCode/Global/TLM_management.o
                0x2002271c                InitializeFS
 .text.c_fileCreate
                0x20022854      0x110 ./src/sub-systemCode/Global/TLM_management.o
                0x20022854                c_fileCreate
 .text.writewithEpochtime
                0x20022964       0x90 ./src/sub-systemCode/Global/TLM_management.o
 .text.get_C_FILE_struct
                0x200229f4       0xe4 ./src/sub-systemCode/Global/TLM_management.o
 .text.getFileIndex
                0x20022ad8       0x58 ./src/sub-systemCode/Global/TLM_management.o
 .text.get_file_name_by_index
                0x20022b30       0x44 ./src/sub-systemCode/Global/TLM_management.o
                0x20022b30                get_file_name_by_index
 .text.c_fileReset
                0x20022b74       0xe0 ./src/sub-systemCode/Global/TLM_management.o
                0x20022b74                c_fileReset
 .text.c_fileWrite
                0x20022c54      0x154 ./src/sub-systemCode/Global/TLM_management.o
                0x20022c54                c_fileWrite
 .text.deleteElementsFromFile
                0x20022da8      0x1a0 ./src/sub-systemCode/Global/TLM_management.o
 .text.c_fileDeleteElements
                0x20022f48      0x158 ./src/sub-systemCode/Global/TLM_management.o
                0x20022f48                c_fileDeleteElements
 .text.c_fileRead
                0x200230a0      0x300 ./src/sub-systemCode/Global/TLM_management.o
                0x200230a0                c_fileRead
 .text.DeInitializeFS
                0x200233a0       0x30 ./src/sub-systemCode/Global/TLM_management.o
                0x200233a0                DeInitializeFS
 .text.xSemaphoreGive_extended
                0x200233d0       0x48 ./src/sub-systemCode/Global/freertosExtended.o
                0x200233d0                xSemaphoreGive_extended
 .text.xSemaphoreTake_extended
                0x20023418       0x54 ./src/sub-systemCode/Global/freertosExtended.o
                0x20023418                xSemaphoreTake_extended
 .text.WriteLog
                0x2002346c       0xa8 ./src/sub-systemCode/Global/logger.o
 .text.WriteErrorLog
                0x20023514       0x64 ./src/sub-systemCode/Global/logger.o
                0x20023514                WriteErrorLog
 .text.WriteResetLog
                0x20023578       0x54 ./src/sub-systemCode/Global/logger.o
                0x20023578                WriteResetLog
 .text.WritePayloadLog
                0x200235cc       0x50 ./src/sub-systemCode/Global/logger.o
                0x200235cc                WritePayloadLog
 .text.WriteEpsLog
                0x2002361c       0x4c ./src/sub-systemCode/Global/logger.o
                0x2002361c                WriteEpsLog
 .text.WriteTransponderLog
                0x20023668       0x50 ./src/sub-systemCode/Global/logger.o
                0x20023668                WriteTransponderLog
 .text.WriteCUFLog
                0x200236b8       0x50 ./src/sub-systemCode/Global/logger.o
                0x200236b8                WriteCUFLog
 .text.castCharPointerToInt
                0x20023708       0x84 ./src/sub-systemCode/CUF/CUF.o
                0x20023708                castCharPointerToInt
 .text.castCharArrayToIntArray
                0x2002378c       0xa4 ./src/sub-systemCode/CUF/CUF.o
                0x2002378c                castCharArrayToIntArray
 .text.SavePerminantCUF
                0x20023830      0x1b0 ./src/sub-systemCode/CUF/CUF.o
                0x20023830                SavePerminantCUF
 .text.LoadPerminantCUF
                0x200239e0      0x1ac ./src/sub-systemCode/CUF/CUF.o
                0x200239e0                LoadPerminantCUF
 .text.CheckResetThreashold
                0x20023b8c      0x160 ./src/sub-systemCode/CUF/CUF.o
                0x20023b8c                CheckResetThreashold
 .text.CUFManageRestart
                0x20023cec      0x1d0 ./src/sub-systemCode/CUF/CUF.o
                0x20023cec                CUFManageRestart
 .text.InitCUF  0x20023ebc      0x13c ./src/sub-systemCode/CUF/CUF.o
                0x20023ebc                InitCUF
 .text.CUFSwitch
                0x20023ff8       0x30 ./src/sub-systemCode/CUF/CUF.o
                0x20023ff8                CUFSwitch
 .text.GenerateSSH
                0x20024028       0xb8 ./src/sub-systemCode/CUF/CUF.o
                0x20024028                GenerateSSH
 .text.getExtendedName
                0x200240e0       0xc4 ./src/sub-systemCode/CUF/CUF.o
                0x200240e0                getExtendedName
 .text.AuthenticateCUF
                0x200241a4       0x84 ./src/sub-systemCode/CUF/CUF.o
                0x200241a4                AuthenticateCUF
 .text.UpdatePerminantCUF
                0x20024228       0x94 ./src/sub-systemCode/CUF/CUF.o
                0x20024228                UpdatePerminantCUF
 .text.RemoveCUF
                0x200242bc      0x1c0 ./src/sub-systemCode/CUF/CUF.o
                0x200242bc                RemoveCUF
 .text.ExecuteCUF
                0x2002447c       0xd4 ./src/sub-systemCode/CUF/CUF.o
                0x2002447c                ExecuteCUF
 .text.IntegrateCUF
                0x20024550      0x170 ./src/sub-systemCode/CUF/CUF.o
                0x20024550                IntegrateCUF
 .text.AddToCUFTempArray
                0x200246c0       0xa0 ./src/sub-systemCode/CUF/CUF.o
                0x200246c0                AddToCUFTempArray
 .text.GetFromCUFTempArray
                0x20024760       0xe0 ./src/sub-systemCode/CUF/CUF.o
                0x20024760                GetFromCUFTempArray
 .text.DisableCUF
                0x20024840       0xb0 ./src/sub-systemCode/CUF/CUF.o
                0x20024840                DisableCUF
 .text.EnableCUF
                0x200248f0       0xb0 ./src/sub-systemCode/CUF/CUF.o
                0x200248f0                EnableCUF
 .text.initializeUpload
                0x200249a0       0x94 ./src/sub-systemCode/CUF/uploadCodeTelemetry.o
                0x200249a0                initializeUpload
 .text.removeFiles
                0x20024a34      0x16c ./src/sub-systemCode/CUF/uploadCodeTelemetry.o
                0x20024a34                removeFiles
 .text.loadBackup
                0x20024ba0      0x144 ./src/sub-systemCode/CUF/uploadCodeTelemetry.o
                0x20024ba0                loadBackup
 .text.addToArray
                0x20024ce4       0xcc ./src/sub-systemCode/CUF/uploadCodeTelemetry.o
                0x20024ce4                addToArray
 .text.headerHandle
                0x20024db0       0xb8 ./src/sub-systemCode/CUF/uploadCodeTelemetry.o
                0x20024db0                headerHandle
 .text.startCUFintegration
                0x20024e68      0x134 ./src/sub-systemCode/CUF/uploadCodeTelemetry.o
                0x20024e68                startCUFintegration
 .text.saveBackup
                0x20024f9c       0xfc ./src/sub-systemCode/CUF/uploadCodeTelemetry.o
                0x20024f9c                saveBackup
 .text.saveAck  0x20025098       0x1c ./src/sub-systemCode/CUF/uploadCodeTelemetry.o
                0x20025098                saveAck
 .text.reset_APRS_list
                0x200250b4       0x20 ./src/sub-systemCode/COMM/APRS.o
                0x200250b4                reset_APRS_list
 .text.get_APRS_list
                0x200250d4       0x18 ./src/sub-systemCode/COMM/APRS.o
                0x200250d4                get_APRS_list
 .text.find_CMD_in_list
                0x200250ec       0x7c ./src/sub-systemCode/COMM/DelayedCommand_list.o
                0x200250ec                find_CMD_in_list
 .text.find_empty_in_list
                0x20025168       0x74 ./src/sub-systemCode/COMM/DelayedCommand_list.o
                0x20025168                find_empty_in_list
 .text.check_delayCommandTime
                0x200251dc       0xa8 ./src/sub-systemCode/COMM/DelayedCommand_list.o
                0x200251dc                check_delayCommandTime
 .text.execute_delayedCommand
                0x20025284       0x64 ./src/sub-systemCode/COMM/DelayedCommand_list.o
                0x20025284                execute_delayedCommand
 .text.check_delaycommand
                0x200252e8      0x198 ./src/sub-systemCode/COMM/DelayedCommand_list.o
                0x200252e8                check_delaycommand
 .text.reset_delayCommand
                0x20025480       0xc4 ./src/sub-systemCode/COMM/DelayedCommand_list.o
                0x20025480                reset_delayCommand
 .text.add_delayCommand
                0x20025544      0x1ec ./src/sub-systemCode/COMM/DelayedCommand_list.o
                0x20025544                add_delayCommand
 .text.get_delayCommand_list
                0x20025730       0xb8 ./src/sub-systemCode/COMM/DelayedCommand_list.o
                0x20025730                get_delayCommand_list
 .text.EmptyOldestCommand
                0x200257e8       0xfc ./src/sub-systemCode/COMM/DelayedCommand_list.o
                0x200257e8                EmptyOldestCommand
 .text.decode_TCpacket
                0x200258e4      0x16c ./src/sub-systemCode/COMM/GSC.o
                0x200258e4                decode_TCpacket
 .text.encode_TCpacket
                0x20025a50      0x114 ./src/sub-systemCode/COMM/GSC.o
                0x20025a50                encode_TCpacket
 .text.encode_TMpacket
                0x20025b64      0x104 ./src/sub-systemCode/COMM/GSC.o
                0x20025b64                encode_TMpacket
 .text.build_raw_ACK
                0x20025c68       0xbc ./src/sub-systemCode/COMM/GSC.o
                0x20025c68                build_raw_ACK
 .text.build_data_field_ACK
                0x20025d24       0x74 ./src/sub-systemCode/COMM/GSC.o
                0x20025d24                build_data_field_ACK
 .text.update_FRAM_bitRate
                0x20025d98       0xf4 ./src/sub-systemCode/COMM/TRXVU.o
                0x20025d98                update_FRAM_bitRate
 .text.idle_state_
                0x20025e8c       0x78 ./src/sub-systemCode/COMM/TRXVU.o
                0x20025e8c                idle_state_
 .text.toggle_idle_state
                0x20025f04       0x64 ./src/sub-systemCode/COMM/TRXVU.o
                0x20025f04                toggle_idle_state
 .text.TRXVU_init_hardWare
                0x20025f68       0xc8 ./src/sub-systemCode/COMM/TRXVU.o
                0x20025f68                TRXVU_init_hardWare
 .text.TRXVU_init_softWare
                0x20026030      0x124 ./src/sub-systemCode/COMM/TRXVU.o
                0x20026030                TRXVU_init_softWare
 .text.init_trxvu
                0x20026154       0x14 ./src/sub-systemCode/COMM/TRXVU.o
                0x20026154                init_trxvu
 .text.TRXVU_task
                0x20026168       0xb8 ./src/sub-systemCode/COMM/TRXVU.o
                0x20026168                TRXVU_task
 .text.dump_logic
                0x20026220      0x37c ./src/sub-systemCode/COMM/TRXVU.o
                0x20026220                dump_logic
 .text.Dump_task
                0x2002659c      0x1a4 ./src/sub-systemCode/COMM/TRXVU.o
                0x2002659c                Dump_task
 .text.transponder_logic
                0x20026740      0x120 ./src/sub-systemCode/COMM/TRXVU.o
                0x20026740                transponder_logic
 .text.Transponder_task
                0x20026860      0x1b0 ./src/sub-systemCode/COMM/TRXVU.o
                0x20026860                Transponder_task
 .text.lookForRequestToDelete_transponder
                0x20026a10       0x8c ./src/sub-systemCode/COMM/TRXVU.o
                0x20026a10                lookForRequestToDelete_transponder
 .text.lookForRequestToDelete_dump
                0x20026a9c       0x88 ./src/sub-systemCode/COMM/TRXVU.o
                0x20026a9c                lookForRequestToDelete_dump
 .text.sendRequestToStop_dump
                0x20026b24       0x8c ./src/sub-systemCode/COMM/TRXVU.o
                0x20026b24                sendRequestToStop_dump
 .text.sendRequestToStop_transponder
                0x20026bb0       0x8c ./src/sub-systemCode/COMM/TRXVU.o
                0x20026bb0                sendRequestToStop_transponder
 .text.Rx_logic
                0x20026c3c      0x1d4 ./src/sub-systemCode/COMM/TRXVU.o
                0x20026c3c                Rx_logic
 .text.pass_above_Ground
                0x20026e10      0x15c ./src/sub-systemCode/COMM/TRXVU.o
                0x20026e10                pass_above_Ground
 .text.check_TRXVUState
                0x20026f6c      0x188 ./src/sub-systemCode/COMM/TRXVU.o
                0x20026f6c                check_TRXVUState
 .text.trxvu_logic
                0x200270f4       0x20 ./src/sub-systemCode/COMM/TRXVU.o
                0x200270f4                trxvu_logic
 .text.Beacon_task
                0x20027114      0x174 ./src/sub-systemCode/COMM/TRXVU.o
                0x20027114                Beacon_task
 .text.buildAndSend_beacon
                0x20027288      0x5c0 ./src/sub-systemCode/COMM/TRXVU.o
                0x20027288                buildAndSend_beacon
 .text.reset_FRAM_TRXVU
                0x20027848      0x208 ./src/sub-systemCode/COMM/TRXVU.o
                0x20027848                reset_FRAM_TRXVU
 .text.TRX_sendFrame
                0x20027a50      0x1bc ./src/sub-systemCode/COMM/TRXVU.o
                0x20027a50                TRX_sendFrame
 .text.TRX_getFrameData
                0x20027c0c      0x144 ./src/sub-systemCode/COMM/TRXVU.o
                0x20027c0c                TRX_getFrameData
 .text.mute_Tx  0x20027d50       0x64 ./src/sub-systemCode/COMM/TRXVU.o
                0x20027d50                mute_Tx
 .text.unmute_Tx
                0x20027db4       0x58 ./src/sub-systemCode/COMM/TRXVU.o
                0x20027db4                unmute_Tx
 .text.check_time_off_mute
                0x20027e0c       0xc0 ./src/sub-systemCode/COMM/TRXVU.o
                0x20027e0c                check_time_off_mute
 .text.set_mute_time
                0x20027ecc      0x100 ./src/sub-systemCode/COMM/TRXVU.o
                0x20027ecc                set_mute_time
 .text.change_TRXVU_state
                0x20027fcc      0x100 ./src/sub-systemCode/COMM/TRXVU.o
                0x20027fcc                change_TRXVU_state
 .text.change_trans_RSSI
                0x200280cc       0x7c ./src/sub-systemCode/COMM/TRXVU.o
                0x200280cc                change_trans_RSSI
 .text.AdcsReadI2cAck
                0x20028148       0xfc ./src/sub-systemCode/ADCS/AdcsCommands.o
                0x20028148                AdcsReadI2cAck
 .text.AdcsGenericI2cCmd
                0x20028244      0x198 ./src/sub-systemCode/ADCS/AdcsCommands.o
                0x20028244                AdcsGenericI2cCmd
 .text.SendAdcsTlm
                0x200283dc      0x14c ./src/sub-systemCode/ADCS/AdcsCommands.o
                0x200283dc                SendAdcsTlm
 .text.AdcsExecuteCommand
                0x20028528     0x1b1c ./src/sub-systemCode/ADCS/AdcsCommands.o
                0x20028528                AdcsExecuteCommand
 .text.cspaceADCS_getEstimatedAngles
                0x2002a044       0x98 ./src/sub-systemCode/ADCS/AdcsGetDataAndTlm.o
                0x2002a044                cspaceADCS_getEstimatedAngles
 .text.cspaceADCS_getEstimatedAnglesRates
                0x2002a0dc       0x98 ./src/sub-systemCode/ADCS/AdcsGetDataAndTlm.o
                0x2002a0dc                cspaceADCS_getEstimatedAnglesRates
 .text.cspaceADCS_getSatellitePosition
                0x2002a174       0x98 ./src/sub-systemCode/ADCS/AdcsGetDataAndTlm.o