Archive member included because of file (symbol)

c:/isis/application/toolchain/bin/../lib/gcc/arm-none-eabi/4.7.4/../../../../arm-none-eabi/lib\libc_s.a(lib_a-vfprintf_float.o)
                              (_printf_float)
c:/isis/application/toolchain/bin/../lib/gcc/arm-none-eabi/4.7.4/../../../../arm-none-eabi/lib\libc_s.a(lib_a-vfprintf_i.o)
                              c:/isis/application/toolchain/bin/../lib/gcc/arm-none-eabi/4.7.4/../../../../arm-none-eabi/lib\libc_s.a(lib_a-vfprintf_float.o) (_printf_common)
c:/isis/application/toolchain/bin/../lib/gcc/arm-none-eabi/4.7.4/../../../../arm-none-eabi/lib\libc_s.a(lib_a-vfscanf_float.o)
                              (_scanf_float)
c:/isis/application/toolchain/bin/../lib/gcc/arm-none-eabi/4.7.4/../../../../arm-none-eabi/lib\libc_s.a(lib_a-dtoa.o)
                              c:/isis/application/toolchain/bin/../lib/gcc/arm-none-eabi/4.7.4/../../../../arm-none-eabi/lib\libc_s.a(lib_a-vfprintf_float.o) (_dtoa_r)
c:/isis/application/toolchain/bin/../lib/gcc/arm-none-eabi/4.7.4/../../../../arm-none-eabi/lib\libc_s.a(lib_a-locale.o)
                              c:/isis/application/toolchain/bin/../lib/gcc/arm-none-eabi/4.7.4/../../../../arm-none-eabi/lib\libc_s.a(lib_a-vfprintf_float.o) (_localeconv_r)
c:/isis/application/toolchain/bin/../lib/gcc/arm-none-eabi/4.7.4/../../../../arm-none-eabi/lib\libc_s.a(lib_a-malloc.o)
                              c:/isis/application/toolchain/bin/../lib/gcc/arm-none-eabi/4.7.4/../../../../arm-none-eabi/lib\libc_s.a(lib_a-dtoa.o) (malloc)
c:/isis/application/toolchain/bin/../lib/gcc/arm-none-eabi/4.7.4/../../../../arm-none-eabi/lib\libc_s.a(lib_a-mallocr.o)
                              c:/isis/application/toolchain/bin/../lib/gcc/arm-none-eabi/4.7.4/../../../../arm-none-eabi/lib\libc_s.a(lib_a-malloc.o) (_malloc_r)
c:/isis/application/toolchain/bin/../lib/gcc/arm-none-eabi/4.7.4/../../../../arm-none-eabi/lib\libc_s.a(lib_a-memcpy.o)
                              c:/isis/application/toolchain/bin/../lib/gcc/arm-none-eabi/4.7.4/../../../../arm-none-eabi/lib\libc_s.a(lib_a-dtoa.o) (memcpy)
c:/isis/application/toolchain/bin/../lib/gcc/arm-none-eabi/4.7.4/../../../../arm-none-eabi/lib\libc_s.a(lib_a-mprec.o)
                              c:/isis/application/toolchain/bin/../lib/gcc/arm-none-eabi/4.7.4/../../../../arm-none-eabi/lib\libc_s.a(lib_a-dtoa.o) (_Balloc)
c:/isis/application/toolchain/bin/../lib/gcc/arm-none-eabi/4.7.4/../../../../arm-none-eabi/lib\libc_s.a(lib_a-s_fpclassify.o)
                              c:/isis/application/toolchain/bin/../lib/gcc/arm-none-eabi/4.7.4/../../../../arm-none-eabi/lib\libc_s.a(lib_a-vfprintf_float.o) (__fpclassifyd)
c:/isis/application/toolchain/bin/../lib/gcc/arm-none-eabi/4.7.4/../../../../arm-none-eabi/lib\libc_s.a(lib_a-sbrkr.o)
                              c:/isis/application/toolchain/bin/../lib/gcc/arm-none-eabi/4.7.4/../../../../arm-none-eabi/lib\libc_s.a(lib_a-mallocr.o) (_sbrk_r)
c:/isis/application/toolchain/bin/../lib/gcc/arm-none-eabi/4.7.4/../../../../arm-none-eabi/lib\libc_s.a(lib_a-sf_nan.o)
                              c:/isis/application/toolchain/bin/../lib/gcc/arm-none-eabi/4.7.4/../../../../arm-none-eabi/lib\libc_s.a(lib_a-vfscanf_float.o) (nanf)
c:/isis/application/toolchain/bin/../lib/gcc/arm-none-eabi/4.7.4/../../../../arm-none-eabi/lib\libc_s.a(lib_a-sprintf.o)
                              c:/isis/application/toolchain/bin/../lib/gcc/arm-none-eabi/4.7.4/../../../../arm-none-eabi/lib\libc_s.a(lib_a-vfscanf_float.o) (sprintf)
c:/isis/application/toolchain/bin/../lib/gcc/arm-none-eabi/4.7.4/../../../../arm-none-eabi/lib\libc_s.a(lib_a-strcmp.o)
                              c:/isis/application/toolchain/bin/../lib/gcc/arm-none-eabi/4.7.4/../../../../arm-none-eabi/lib\libc_s.a(lib_a-locale.o) (strcmp)
c:/isis/application/toolchain/bin/../lib/gcc/arm-none-eabi/4.7.4/../../../../arm-none-eabi/lib\libc_s.a(lib_a-strlen.o)
                              c:/isis/application/toolchain/bin/../lib/gcc/arm-none-eabi/4.7.4/../../../../arm-none-eabi/lib\libc_s.a(lib_a-vfprintf_float.o) (strlen)
c:/isis/application/toolchain/bin/../lib/gcc/arm-none-eabi/4.7.4/../../../../arm-none-eabi/lib\libc_s.a(lib_a-strtod.o)
                              c:/isis/application/toolchain/bin/../lib/gcc/arm-none-eabi/4.7.4/../../../../arm-none-eabi/lib\libc_s.a(lib_a-vfscanf_float.o) (_strtod_r)
c:/isis/application/toolchain/bin/../lib/gcc/arm-none-eabi/4.7.4/../../../../arm-none-eabi/lib\libc_s.a(lib_a-strtol.o)
                              c:/isis/application/toolchain/bin/../lib/gcc/arm-none-eabi/4.7.4/../../../../arm-none-eabi/lib\libc_s.a(lib_a-vfscanf_float.o) (_strtol_r)
c:/isis/application/toolchain/bin/../lib/gcc/arm-none-eabi/4.7.4/../../../../arm-none-eabi/lib\libc_s.a(lib_a-svfprintf.o)
                              c:/isis/application/toolchain/bin/../lib/gcc/arm-none-eabi/4.7.4/../../../../arm-none-eabi/lib\libc_s.a(lib_a-sprintf.o) (_svfprintf_r)
[...]
Memory Configuration

Name             Origin             Length             Attributes
sram0            0x00200000         0x00004000         w !xr
sram1            0x00300000         0x00004000         w !xr
sdram            0x20000000         0x02000000         w !xr
*default*        0x00000000         0xffffffff

Linker script and memory map

LOAD c:/isis/application/toolchain/bin/../lib/gcc/arm-none-eabi/4.7.4/../../../../arm-none-eabi/lib\libc_s.a
LOAD ./src/sub-systemCode/payload/Request Management/Dump/Butchering.o
LOAD ./src/sub-systemCode/payload/Request Management/Dump/imageDump.o
LOAD ./src/sub-systemCode/payload/Request Management/CameraManeger.o
LOAD ./src/sub-systemCode/payload/Request Management/DB_RequestHandling.o
LOAD ./src/sub-systemCode/payload/Misc/Boolean_bit.o
LOAD ./src/sub-systemCode/payload/Misc/FileSystem.o
LOAD ./src/sub-systemCode/payload/Drivers/GeckoCameraDriver.o
LOAD ./src/sub-systemCode/payload/DataBase/DataBase.o
LOAD ./src/sub-systemCode/payload/Compression/jpeg/bmp/rawToBMP.o
LOAD ./src/sub-systemCode/payload/Compression/jpeg/DCT.o
LOAD ./src/sub-systemCode/payload/Compression/jpeg/ImgCompressor.o
LOAD ./src/sub-systemCode/payload/Compression/jpeg/color_conv.o
LOAD ./src/sub-systemCode/payload/Compression/jpeg/jpeg.o
LOAD ./src/sub-systemCode/payload/Compression/jpeg/jpeg_encoder.o
LOAD ./src/sub-systemCode/payload/Compression/jpeg/jpeg_memory_alloc.o
LOAD ./src/sub-systemCode/payload/Compression/jpeg/jpeg_params.o
LOAD ./src/sub-systemCode/payload/Compression/jpeg/output_stream.o
LOAD ./src/sub-systemCode/payload/Compression/ImageConversion.o
LOAD ./src/sub-systemCode/Main/CMD/ADCS_CMD.o
LOAD ./src/sub-systemCode/Main/CMD/COMM_CMD.o
LOAD ./src/sub-systemCode/Main/CMD/EPS_CMD.o
LOAD ./src/sub-systemCode/Main/CMD/General_CMD.o
LOAD ./src/sub-systemCode/Main/CMD/SW_CMD.o
LOAD ./src/sub-systemCode/Main/CMD/payload_CMD.o
LOAD ./src/sub-systemCode/Main/Ants.o
LOAD ./src/sub-systemCode/Main/EPS.o
LOAD ./src/sub-systemCode/Main/HouseKeeping.o
LOAD ./src/sub-systemCode/Main/Main_Init.o
LOAD ./src/sub-systemCode/Main/commands.o
LOAD ./src/sub-systemCode/Global/Global.o
LOAD ./src/sub-systemCode/Global/GlobalParam.o
LOAD ./src/sub-systemCode/Global/OnlineTM.o
LOAD ./src/sub-systemCode/Global/TLM_management.o
LOAD ./src/sub-systemCode/Global/freertosExtended.o
LOAD ./src/sub-systemCode/Global/logger.o
LOAD ./src/sub-systemCode/CUF/CUF.o
LOAD ./src/sub-systemCode/CUF/uploadCodeTelemetry.o
LOAD ./src/sub-systemCode/COMM/APRS.o
LOAD ./src/sub-systemCode/COMM/DelayedCommand_list.o
LOAD ./src/sub-systemCode/COMM/GSC.o
LOAD ./src/sub-systemCode/COMM/TRXVU.o
LOAD ./src/sub-systemCode/ADCS/AdcsCommands.o
LOAD ./src/sub-systemCode/ADCS/AdcsGetDataAndTlm.o
LOAD ./src/sub-systemCode/ADCS/AdcsMain.o
LOAD ./src/sub-systemCode/ADCS/AdcsTroubleShooting.o
LOAD ./src/sub-systemCode/ADCS/StateMachine.o
LOAD ./src/main.o
LOAD C:/HOOPOE3/satellite-subsystems/demo/..//satellite-subsystems/lib\libSatelliteSubsystemsD.a
LOAD c:/isis/application/toolchain/bin/../lib/gcc/arm-none-eabi/4.7.4/../../../../arm-none-eabi/lib\libm.a
LOAD C:/HOOPOE3/satellite-subsystems/demo/../..//hal/hcc/lib\libHCCD.a
LOAD C:/HOOPOE3/satellite-subsystems/demo/../..//hal/hal/lib\libHALD.a
LOAD C:/HOOPOE3/satellite-subsystems/demo/../..//hal/freertos/lib\libFreeRTOSD.a
LOAD C:/HOOPOE3/satellite-subsystems/demo/../..//hal/at91/lib\libAt91D.a
START GROUP
LOAD c:/isis/application/toolchain/bin/../lib/gcc/arm-none-eabi/4.7.4\libgcc.a
LOAD c:/isis/application/toolchain/bin/../lib/gcc/arm-none-eabi/4.7.4/../../../../arm-none-eabi/lib\libc_s.a
END GROUP

.fixed          0x20000000    0x5b758
                0x20000000                . = ALIGN (0x4)
                0x20000000                _sfixed = .
 *(.startup)
 .startup       0x20000000      0x134 C:/HOOPOE3/satellite-subsystems/demo/../..//hal/at91/lib\libAt91D.a(board_cstartup.o)
                0x20000000                entry
 *(.text)
 .text          0x20000134       0x64 C:/HOOPOE3/satellite-subsystems/demo/../..//hal/at91/lib\libAt91D.a(cp15_asm.o)
                0x20000134                _readControlRegister
                0x20000140                _writeControlRegister
                0x20000148                _waitForInterrupt
                0x20000154                _writeTTB
                0x2000015c                _writeDomain
                0x20000164                _writeITLBLockdown
                0x2000016c                _prefetchICacheLine
                0x20000174                _flushDCache
                0x20000180                _flushWriteBuffer
                0x2000018c                _invalidateIDTLBs
 .text          0x20000198      0x114 c:/isis/application/toolchain/bin/../lib/gcc/arm-none-eabi/4.7.4\libgcc.a(_udivsi3.o)
                0x20000198                __aeabi_uidiv
                0x20000198                __udivsi3
                0x2000028c                __aeabi_uidivmod
 .text          0x200002ac      0x148 c:/isis/application/toolchain/bin/../lib/gcc/arm-none-eabi/4.7.4\libgcc.a(_divsi3.o)
                0x200002ac                __divsi3
                0x200002ac                __aeabi_idiv
                0x200003d4                __aeabi_idivmod
 .text          0x200003f4        0x4 c:/isis/application/toolchain/bin/../lib/gcc/arm-none-eabi/4.7.4\libgcc.a(_dvmd_tls.o)
                0x200003f4                __aeabi_idiv0
                0x200003f4                __aeabi_ldiv0
 .text          0x200003f8      0x41c c:/isis/application/toolchain/bin/../lib/gcc/arm-none-eabi/4.7.4\libgcc.a(_arm_addsubdf3.o)
                0x200003f8                __aeabi_drsub
                0x20000400                __aeabi_dsub
                0x20000400                __subdf3
                0x20000404                __aeabi_dadd
                0x20000404                __adddf3
                0x20000714                __floatunsidf
                0x20000714                __aeabi_ui2d
                0x20000738                __floatsidf
                0x20000738                __aeabi_i2d
                0x20000760                __aeabi_f2d
                0x20000760                __extendsfdf2
                0x200007a0                __floatundidf
                0x200007a0                __aeabi_ul2d
                0x200007b4                __floatdidf
                0x200007b4                __aeabi_l2d
 .text          0x20000814      0x49c c:/isis/application/toolchain/bin/../lib/gcc/arm-none-eabi/4.7.4\libgcc.a(_arm_muldivdf3.o)
                0x20000814                __aeabi_dmul
                0x20000814                __muldf3
                0x20000aa4                __divdf3
                0x20000aa4                __aeabi_ddiv
 .text          0x20000cb0      0x144 c:/isis/application/toolchain/bin/../lib/gcc/arm-none-eabi/4.7.4\libgcc.a(_arm_cmpdf2.o)
                0x20000cb0                __gtdf2
                0x20000cb0                __gedf2
                0x20000cb8                __ltdf2
                0x20000cb8                __ledf2
                0x20000cc0                __nedf2
                0x20000cc0                __eqdf2
                0x20000cc0                __cmpdf2
                0x20000d48                __aeabi_cdrcmple
                0x20000d64                __aeabi_cdcmpeq
                0x20000d64                __aeabi_cdcmple
                0x20000d7c                __aeabi_dcmpeq
                0x20000d94                __aeabi_dcmplt
                0x20000dac                __aeabi_dcmple
                0x20000dc4                __aeabi_dcmpge
                0x20000ddc                __aeabi_dcmpgt
 .text          0x20000df4       0x5c c:/isis/application/toolchain/bin/../lib/gcc/arm-none-eabi/4.7.4\libgcc.a(_arm_fixdfsi.o)
                0x20000df4                __aeabi_d2iz
                0x20000df4                __fixdfsi
 .text          0x20000e50       0x54 c:/isis/application/toolchain/bin/../lib/gcc/arm-none-eabi/4.7.4\libgcc.a(_arm_fixunsdfsi.o)
                0x20000e50                __aeabi_d2uiz
                0x20000e50                __fixunsdfsi
 .text          0x20000ea4       0xa0 c:/isis/application/toolchain/bin/../lib/gcc/arm-none-eabi/4.7.4\libgcc.a(_arm_truncdfsf2.o)
                0x20000ea4                __truncdfsf2
                0x20000ea4                __aeabi_d2f
 .text          0x20000f44      0x2ac c:/isis/application/toolchain/bin/../lib/gcc/arm-none-eabi/4.7.4\libgcc.a(_arm_addsubsf3.o)
                0x20000f44                __aeabi_frsub
                0x20000f4c                __subsf3
                0x20000f4c                __aeabi_fsub
                0x20000f50                __aeabi_fadd
                0x20000f50                __addsf3
                0x2000110c                __aeabi_ui2f
                0x2000110c                __floatunsisf
                0x20001114                __aeabi_i2f
                0x20001114                __floatsisf
                0x20001134                __aeabi_ul2f
                0x20001134                __floatundisf
                0x20001144                __aeabi_l2f
                0x20001144                __floatdisf
 .text          0x200011f0      0x2f8 c:/isis/application/toolchain/bin/../lib/gcc/arm-none-eabi/4.7.4\libgcc.a(_arm_muldivsf3.o)
                0x200011f0                __mulsf3
                0x200011f0                __aeabi_fmul
                0x20001388                __aeabi_fdiv
                0x20001388                __divsf3
 .text          0x200014e8      0x114 c:/isis/application/toolchain/bin/../lib/gcc/arm-none-eabi/4.7.4\libgcc.a(_arm_cmpsf2.o)
                0x200014e8                __gesf2
                0x200014e8                __gtsf2
                0x200014f0                __lesf2
                0x200014f0                __ltsf2
                0x200014f8                __nesf2
                0x200014f8                __eqsf2
                0x200014f8                __cmpsf2
                0x2000155c                __aeabi_cfrcmple
                0x2000156c                __aeabi_cfcmpeq
                0x2000156c                __aeabi_cfcmple
                0x20001584                __aeabi_fcmpeq
                0x2000159c                __aeabi_fcmplt
                0x200015b4                __aeabi_fcmple
                0x200015cc                __aeabi_fcmpge
                0x200015e4                __aeabi_fcmpgt
 .text          0x200015fc       0x54 c:/isis/application/toolchain/bin/../lib/gcc/arm-none-eabi/4.7.4\libgcc.a(_arm_fixunssfsi.o)
                0x200015fc                __fixunssfsi
                0x200015fc                __aeabi_f2uiz
 *(.text*)
 .text.__cvt    0x20001650      0x138 c:/isis/application/toolchain/bin/../lib/gcc/arm-none-eabi/4.7.4/../../../../arm-none-eabi/lib\libc_s.a(lib_a-vfprintf_float.o)
                0x20001650                __cvt
 .text.__exponent
                0x20001788       0xa8 c:/isis/application/toolchain/bin/../lib/gcc/arm-none-eabi/4.7.4/../../../../arm-none-eabi/lib\libc_s.a(lib_a-vfprintf_float.o)
                0x20001788                __exponent
 .text._printf_float
                0x20001830      0x7dc c:/isis/application/toolchain/bin/../lib/gcc/arm-none-eabi/4.7.4/../../../../arm-none-eabi/lib\libc_s.a(lib_a-vfprintf_float.o)
                0x20001830                _printf_float
 .text._printf_common
                0x2000200c      0x174 c:/isis/application/toolchain/bin/../lib/gcc/arm-none-eabi/4.7.4/../../../../arm-none-eabi/lib\libc_s.a(lib_a-vfprintf_i.o)
                0x2000200c                _printf_common
 .text._printf_i
                0x20002180      0x3c4 c:/isis/application/toolchain/bin/../lib/gcc/arm-none-eabi/4.7.4/../../../../arm-none-eabi/lib\libc_s.a(lib_a-vfprintf_i.o)
                0x20002180                _printf_i
 .text._scanf_float
                0x20002544      0x5f4 c:/isis/application/toolchain/bin/../lib/gcc/arm-none-eabi/4.7.4/../../../../arm-none-eabi/lib\libc_s.a(lib_a-vfscanf_float.o)
                0x20002544                _scanf_float
 .text.quorem   0x20002b38      0x1ac c:/isis/application/toolchain/bin/../lib/gcc/arm-none-eabi/4.7.4/../../../../arm-none-eabi/lib\libc_s.a(lib_a-dtoa.o)
 .text._dtoa_r  0x20002ce4     0x1268 c:/isis/application/toolchain/bin/../lib/gcc/arm-none-eabi/4.7.4/../../../../arm-none-eabi/lib\libc_s.a(lib_a-dtoa.o)
                0x20002ce4                _dtoa_r
 .text._localeconv_r
                0x20003f4c        0xc c:/isis/application/toolchain/bin/../lib/gcc/arm-none-eabi/4.7.4/../../../../arm-none-eabi/lib\libc_s.a(lib_a-locale.o)
                0x20003f4c                _localeconv_r
 .text.malloc   0x20003f58       0x20 c:/isis/application/toolchain/bin/../lib/gcc/arm-none-eabi/4.7.4/../../../../arm-none-eabi/lib\libc_s.a(lib_a-malloc.o)
                0x20003f58                malloc
 .text.free     0x20003f78       0x20 c:/isis/application/toolchain/bin/../lib/gcc/arm-none-eabi/4.7.4/../../../../arm-none-eabi/lib\libc_s.a(lib_a-malloc.o)
                0x20003f78                free
 .text._malloc_r
                0x20003f98       0xfc c:/isis/application/toolchain/bin/../lib/gcc/arm-none-eabi/4.7.4/../../../../arm-none-eabi/lib\libc_s.a(lib_a-mallocr.o)
                0x20003f98                _malloc_r
 .text.memcpy   0x20004094       0x20 c:/isis/application/toolchain/bin/../lib/gcc/arm-none-eabi/4.7.4/../../../../arm-none-eabi/lib\libc_s.a(lib_a-memcpy.o)
                0x20004094                memcpy
 .text._Balloc  0x200040b4       0xcc c:/isis/application/toolchain/bin/../lib/gcc/arm-none-eabi/4.7.4/../../../../arm-none-eabi/lib\libc_s.a(lib_a-mprec.o)
                0x200040b4                _Balloc
 .text._Bfree   0x20004180       0x5c c:/isis/application/toolchain/bin/../lib/gcc/arm-none-eabi/4.7.4/../../../../arm-none-eabi/lib\libc_s.a(lib_a-mprec.o)
                0x20004180                _Bfree
 .text.__multadd
                0x200041dc       0xbc c:/isis/application/toolchain/bin/../lib/gcc/arm-none-eabi/4.7.4/../../../../arm-none-eabi/lib\libc_s.a(lib_a-mprec.o)
                0x200041dc                __multadd
 .text.__s2b    0x20004298       0xd8 c:/isis/application/toolchain/bin/../lib/gcc/arm-none-eabi/4.7.4/../../../../arm-none-eabi/lib\libc_s.a(lib_a-mprec.o)
                0x20004298                __s2b
 .text.__hi0bits
                0x20004370       0x58 c:/isis/application/toolchain/bin/../lib/gcc/arm-none-eabi/4.7.4/../../../../arm-none-eabi/lib\libc_s.a(lib_a-mprec.o)
                0x20004370                __hi0bits
 .text.__lo0bits
                0x200043c8       0x94 c:/isis/application/toolchain/bin/../lib/gcc/arm-none-eabi/4.7.4/../../../../arm-none-eabi/lib\libc_s.a(lib_a-mprec.o)
                0x200043c8                __lo0bits
 .text.__i2b    0x2000445c       0x24 c:/isis/application/toolchain/bin/../lib/gcc/arm-none-eabi/4.7.4/../../../../arm-none-eabi/lib\libc_s.a(lib_a-mprec.o)
                0x2000445c                __i2b
 .text.__multiply
                0x20004480      0x1ac c:/isis/application/toolchain/bin/../lib/gcc/arm-none-eabi/4.7.4/../../../../arm-none-eabi/lib\libc_s.a(lib_a-mprec.o)
                0x20004480                __multiply
 .text.__pow5mult
                0x2000462c      0x10c c:/isis/application/toolchain/bin/../lib/gcc/arm-none-eabi/4.7.4/../../../../arm-none-eabi/lib\libc_s.a(lib_a-mprec.o)
                0x2000462c                __pow5mult
 .text.__lshift
                0x20004738       0xf0 c:/isis/application/toolchain/bin/../lib/gcc/arm-none-eabi/4.7.4/../../../../arm-none-eabi/lib\libc_s.a(lib_a-mprec.o)
                0x20004738                __lshift
 .text.__mcmp   0x20004828       0x60 c:/isis/application/toolchain/bin/../lib/gcc/arm-none-eabi/4.7.4/../../../../arm-none-eabi/lib\libc_s.a(lib_a-mprec.o)
                0x20004828                __mcmp
 .text.__mdiff  0x20004888      0x128 c:/isis/application/toolchain/bin/../lib/gcc/arm-none-eabi/4.7.4/../../../../arm-none-eabi/lib\libc_s.a(lib_a-mprec.o)
                0x20004888                __mdiff
 .text.__ulp    0x200049b0       0x5c c:/isis/application/toolchain/bin/../lib/gcc/arm-none-eabi/4.7.4/../../../../arm-none-eabi/lib\libc_s.a(lib_a-mprec.o)
                0x200049b0                __ulp
 .text.__b2d    0x20004a0c       0xc8 c:/isis/application/toolchain/bin/../lib/gcc/arm-none-eabi/4.7.4/../../../../arm-none-eabi/lib\libc_s.a(lib_a-mprec.o)
                0x20004a0c                __b2d
 .text.__d2b    0x20004ad4       0xfc c:/isis/application/toolchain/bin/../lib/gcc/arm-none-eabi/4.7.4/../../../../arm-none-eabi/lib\libc_s.a(lib_a-mprec.o)
                0x20004ad4                __d2b
 .text.__ratio  0x20004bd0       0x70 c:/isis/application/toolchain/bin/../lib/gcc/arm-none-eabi/4.7.4/../../../../arm-none-eabi/lib\libc_s.a(lib_a-mprec.o)
                0x20004bd0                __ratio
 .text.__copybits
                0x20004c40       0x4c c:/isis/application/toolchain/bin/../lib/gcc/arm-none-eabi/4.7.4/../../../../arm-none-eabi/lib\libc_s.a(lib_a-mprec.o)
                0x20004c40                __copybits
 .text.__any_on
                0x20004c8c       0x7c c:/isis/application/toolchain/bin/../lib/gcc/arm-none-eabi/4.7.4/../../../../arm-none-eabi/lib\libc_s.a(lib_a-mprec.o)
                0x20004c8c                __any_on
 .text.__fpclassifyd
                0x20004d08       0x6c c:/isis/application/toolchain/bin/../lib/gcc/arm-none-eabi/4.7.4/../../../../arm-none-eabi/lib\libc_s.a(lib_a-s_fpclassify.o)
                0x20004d08                __fpclassifyd
 .text._sbrk_r  0x20004d74       0x3c c:/isis/application/toolchain/bin/../lib/gcc/arm-none-eabi/4.7.4/../../../../arm-none-eabi/lib\libc_s.a(lib_a-sbrkr.o)
                0x20004d74                _sbrk_r
 .text.nanf     0x20004db0        0xc c:/isis/application/toolchain/bin/../lib/gcc/arm-none-eabi/4.7.4/../../../../arm-none-eabi/lib\libc_s.a(lib_a-sf_nan.o)
                0x20004db0                nanf
 .text.sprintf  0x20004dbc       0x6c c:/isis/application/toolchain/bin/../lib/gcc/arm-none-eabi/4.7.4/../../../../arm-none-eabi/lib\libc_s.a(lib_a-sprintf.o)
                0x20004dbc                siprintf
                0x20004dbc                sprintf
 .text.strcmp   0x20004e28       0x1c c:/isis/application/toolchain/bin/../lib/gcc/arm-none-eabi/4.7.4/../../../../arm-none-eabi/lib\libc_s.a(lib_a-strcmp.o)
                0x20004e28                strcmp
 .text.strlen   0x20004e44       0x1c c:/isis/application/toolchain/bin/../lib/gcc/arm-none-eabi/4.7.4/../../../../arm-none-eabi/lib\libc_s.a(lib_a-strlen.o)
                0x20004e44                strlen
 .text.match    0x20004e60       0x54 c:/isis/application/toolchain/bin/../lib/gcc/arm-none-eabi/4.7.4/../../../../arm-none-eabi/lib\libc_s.a(lib_a-strtod.o)
 .text._strtod_r
                0x20004eb4     0x1168 c:/isis/application/toolchain/bin/../lib/gcc/arm-none-eabi/4.7.4/../../../../arm-none-eabi/lib\libc_s.a(lib_a-strtod.o)
                0x20004eb4                _strtod_r
 .text._strtol_r
                0x2000601c      0x1b8 c:/isis/application/toolchain/bin/../lib/gcc/arm-none-eabi/4.7.4/../../../../arm-none-eabi/lib\libc_s.a(lib_a-strtol.o)
                0x2000601c                _strtol_r
 .text.__ssputc_r
                0x200061d4      0x10c c:/isis/application/toolchain/bin/../lib/gcc/arm-none-eabi/4.7.4/../../../../arm-none-eabi/lib\libc_s.a(lib_a-svfprintf.o)
                0x200061d4                __ssputc_r
 .text._svfprintf_r
                0x200062e0      0x328 c:/isis/application/toolchain/bin/../lib/gcc/arm-none-eabi/4.7.4/../../../../arm-none-eabi/lib\libc_s.a(lib_a-svfprintf.o)
                0x200062e0                _svfiprintf_r
                0x200062e0                _svfprintf_r
 .text._calloc_r
                0x20006608       0x2c c:/isis/application/toolchain/bin/../lib/gcc/arm-none-eabi/4.7.4/../../../../arm-none-eabi/lib\libc_s.a(lib_a-callocr.o)
                0x20006608                _calloc_r
 .text._free_r  0x20006634      0x108 c:/isis/application/toolchain/bin/../lib/gcc/arm-none-eabi/4.7.4/../../../../arm-none-eabi/lib\libc_s.a(lib_a-freer.o)
                0x20006634                _free_r
 .text.rshift   0x2000673c       0xb0 c:/isis/application/toolchain/bin/../lib/gcc/arm-none-eabi/4.7.4/../../../../arm-none-eabi/lib\libc_s.a(lib_a-gdtoa-gethex.o)
 .text.htinit.constprop.0
                0x200067ec       0x34 c:/isis/application/toolchain/bin/../lib/gcc/arm-none-eabi/4.7.4/../../../../arm-none-eabi/lib\libc_s.a(lib_a-gdtoa-gethex.o)
 .text.__hexdig_init
                0x20006820       0x38 c:/isis/application/toolchain/bin/../lib/gcc/arm-none-eabi/4.7.4/../../../../arm-none-eabi/lib\libc_s.a(lib_a-gdtoa-gethex.o)
                0x20006820                __hexdig_init
 .text.__gethex
                0x20006858      0x6cc c:/isis/application/toolchain/bin/../lib/gcc/arm-none-eabi/4.7.4/../../../../arm-none-eabi/lib\libc_s.a(lib_a-gdtoa-gethex.o)
                0x20006858                __gethex
 .text.L_shift  0x20006f24       0x38 c:/isis/application/toolchain/bin/../lib/gcc/arm-none-eabi/4.7.4/../../../../arm-none-eabi/lib\libc_s.a(lib_a-gdtoa-hexnan.o)
 .text.__hexnan
                0x20006f5c      0x1d8 c:/isis/application/toolchain/bin/../lib/gcc/arm-none-eabi/4.7.4/../../../../arm-none-eabi/lib\libc_s.a(lib_a-gdtoa-hexnan.o)
                0x20006f5c                __hexnan
 .text.memchr   0x20007134       0x34 c:/isis/application/toolchain/bin/../lib/gcc/arm-none-eabi/4.7.4/../../../../arm-none-eabi/lib\libc_s.a(lib_a-memchr.o)
                0x20007134                memchr
 .text.memset   0x20007168       0x1c c:/isis/application/toolchain/bin/../lib/gcc/arm-none-eabi/4.7.4/../../../../arm-none-eabi/lib\libc_s.a(lib_a-memset.o)
                0x20007168                memset
 .text._realloc_r
                0x20007184       0x80 c:/isis/application/toolchain/bin/../lib/gcc/arm-none-eabi/4.7.4/../../../../arm-none-eabi/lib\libc_s.a(lib_a-reallocr.o)
                0x20007184                _realloc_r
 .text.strncmp  0x20007204       0x64 c:/isis/application/toolchain/bin/../lib/gcc/arm-none-eabi/4.7.4/../../../../arm-none-eabi/lib\libc_s.a(lib_a-strncmp.o)
                0x20007204                strncmp
 .text._malloc_usable_size_r
                0x20007268       0x1c c:/isis/application/toolchain/bin/../lib/gcc/arm-none-eabi/4.7.4/../../../../arm-none-eabi/lib\libc_s.a(lib_a-msizer.o)
                0x20007268                _malloc_usable_size_r
 .text.GetChunkFromImage
                0x20007284      0x2d0 ./src/sub-systemCode/payload/Request Management/Dump/Butchering.o
                0x20007284                GetChunkFromImage
 .text.SimpleButcher
                0x20007554       0xd8 ./src/sub-systemCode/payload/Request Management/Dump/Butchering.o
                0x20007554                SimpleButcher
 .text.readChunkDimentionsFromFRAM
                0x2000762c       0x80 ./src/sub-systemCode/payload/Request Management/Dump/imageDump.o
                0x2000762c                readChunkDimentionsFromFRAM
 .text.setChunkDimensions_inFRAM
                0x200076ac      0x10c ./src/sub-systemCode/payload/Request Management/Dump/imageDump.o
                0x200076ac                setChunkDimensions_inFRAM
 .text.find_subType_ofImage
                0x200077b8       0xe0 ./src/sub-systemCode/payload/Request Management/Dump/imageDump.o
                0x200077b8                find_subType_ofImage
 .text.buildAndSend_chunck
                0x20007898      0x320 ./src/sub-systemCode/payload/Request Management/Dump/imageDump.o
                0x20007898                buildAndSend_chunck
 .text.bitField_imageDump
                0x20007bb8      0x23c ./src/sub-systemCode/payload/Request Management/Dump/imageDump.o
                0x20007bb8                bitField_imageDump
 .text.imageDataBase_Dump
                0x20007df4      0x118 ./src/sub-systemCode/payload/Request Management/Dump/imageDump.o
                0x20007df4                imageDataBase_Dump
 .text.chunkField_imageDump
                0x20007f0c      0x258 ./src/sub-systemCode/payload/Request Management/Dump/imageDump.o
                0x20007f0c                chunkField_imageDump
 .text.imageDump_task
                0x20008164      0x450 ./src/sub-systemCode/payload/Request Management/Dump/imageDump.o
                0x20008164                imageDump_task
 .text.CameraManagerTaskMain
                0x200085b4      0x128 ./src/sub-systemCode/payload/Request Management/CameraManeger.o
                0x200085b4                CameraManagerTaskMain
 .text.initCamera
                0x200086dc       0xa4 ./src/sub-systemCode/payload/Request Management/CameraManeger.o
                0x200086dc                initCamera
 .text.KickStartCamera
                0x20008780       0xb4 ./src/sub-systemCode/payload/Request Management/CameraManeger.o
                0x20008780                KickStartCamera
 .text.addRequestToQueue
                0x20008834       0xa8 ./src/sub-systemCode/payload/Request Management/CameraManeger.o
                0x20008834                addRequestToQueue
 .text.removeRequestFromQueue
                0x200088dc       0x7c ./src/sub-systemCode/payload/Request Management/CameraManeger.o
                0x200088dc                removeRequestFromQueue
 .text.Take_pictures_with_time_in_between
                0x20008958       0xec ./src/sub-systemCode/payload/Request Management/CameraManeger.o
                0x20008958                Take_pictures_with_time_in_between
 .text.Gecko_TroubleShooter
                0x20008a44       0xd8 ./src/sub-systemCode/payload/Request Management/CameraManeger.o
                0x20008a44                Gecko_TroubleShooter
 .text.startDumpTask
                0x20008b1c       0x70 ./src/sub-systemCode/payload/Request Management/CameraManeger.o
                0x20008b1c                startDumpTask
 .text.act_upon_request
                0x20008b8c      0x478 ./src/sub-systemCode/payload/Request Management/CameraManeger.o
                0x20008b8c                act_upon_request
 .text.TakePicture
                0x20009004       0x4c ./src/sub-systemCode/payload/Request Management/DB_RequestHandling.o
                0x20009004                TakePicture
 .text.TakeSpecialPicture
                0x20009050      0x130 ./src/sub-systemCode/payload/Request Management/DB_RequestHandling.o
                0x20009050                TakeSpecialPicture
 .text.DeletePictureFile
                0x20009180       0x88 ./src/sub-systemCode/payload/Request Management/DB_RequestHandling.o
                0x20009180                DeletePictureFile
 .text.DeletePicture
                0x20009208       0x6c ./src/sub-systemCode/payload/Request Management/DB_RequestHandling.o
                0x20009208                DeletePicture
 .text.TransferPicture
                0x20009274       0x54 ./src/sub-systemCode/payload/Request Management/DB_RequestHandling.o
                0x20009274                TransferPicture
 .text.CreateThumbnail
                0x200092c8       0x80 ./src/sub-systemCode/payload/Request Management/DB_RequestHandling.o
                0x200092c8                CreateThumbnail
 .text.CreateJPG
                0x20009348       0x7c ./src/sub-systemCode/payload/Request Management/DB_RequestHandling.o
                0x20009348                CreateJPG
 .text.UpdatePhotographyValues
                0x200093c4       0xd8 ./src/sub-systemCode/payload/Request Management/DB_RequestHandling.o
                0x200093c4                UpdatePhotographyValues
 .text.setChunkDimensions
                0x2000949c       0x64 ./src/sub-systemCode/payload/Request Management/DB_RequestHandling.o
                0x2000949c                setChunkDimensions
 .text.convert2char
                0x20009500      0x14c ./src/sub-systemCode/payload/Misc/Boolean_bit.o
                0x20009500                convert2char
 .text.convert2byte
                0x2000964c      0x1c8 ./src/sub-systemCode/payload/Misc/Boolean_bit.o
                0x2000964c                convert2byte
 .text.bits2byte
                0x20009814      0x17c ./src/sub-systemCode/payload/Misc/Boolean_bit.o
                0x20009814                bits2byte
 .text.byte2bits
                0x20009990      0x17c ./src/sub-systemCode/payload/Misc/Boolean_bit.o
                0x20009990                byte2bits
 .text.char2bits
                0x20009b0c       0x44 ./src/sub-systemCode/payload/Misc/Boolean_bit.o
                0x20009b0c                char2bits
 .text.bits2char
                0x20009b50       0x3c ./src/sub-systemCode/payload/Misc/Boolean_bit.o
                0x20009b50                bits2char
 .text.ReadFromFile
                0x20009b8c       0x6c ./src/sub-systemCode/payload/Misc/FileSystem.o
                0x20009b8c                ReadFromFile
 .text.WriteToFile
                0x20009bf8       0x74 ./src/sub-systemCode/payload/Misc/FileSystem.o
                0x20009bf8                WriteToFile
 .text.Initialized_GPIO
                0x20009c6c       0x54 ./src/sub-systemCode/payload/Drivers/GeckoCameraDriver.o
                0x20009c6c                Initialized_GPIO
 .text.TurnOnGecko
                0x20009cc0      0x140 ./src/sub-systemCode/payload/Drivers/GeckoCameraDriver.o
                0x20009cc0                TurnOnGecko
 .text.TurnOffGecko
                0x20009e00       0xd8 ./src/sub-systemCode/payload/Drivers/GeckoCameraDriver.o
                0x20009e00                TurnOffGecko
 .text.initGecko
                0x20009ed8       0x3c ./src/sub-systemCode/payload/Drivers/GeckoCameraDriver.o
                0x20009ed8                initGecko
 .text.GECKO_TakeImage
                0x20009f14      0x2f4 ./src/sub-systemCode/payload/Drivers/GeckoCameraDriver.o
                0x20009f14                GECKO_TakeImage
 .text.GECKO_ReadImage
                0x2000a208      0x234 ./src/sub-systemCode/payload/Drivers/GeckoCameraDriver.o
                0x2000a208                GECKO_ReadImage
 .text.GECKO_EraseBlock
                0x2000a43c       0xf0 ./src/sub-systemCode/payload/Drivers/GeckoCameraDriver.o
                0x2000a43c                GECKO_EraseBlock
 .text.getFileName
                0x2000a52c      0x190 ./src/sub-systemCode/payload/DataBase/DataBase.o
 .text.zeroImageDataBase
                0x2000a6bc       0xfc ./src/sub-systemCode/payload/DataBase/DataBase.o
                0x2000a6bc                zeroImageDataBase
 .text.updateGeneralDataBaseParameters
                0x2000a7b8       0x5c ./src/sub-systemCode/payload/DataBase/DataBase.o
                0x2000a7b8                updateGeneralDataBaseParameters
 .text.SearchDataBase_byID
                0x2000a814      0x234 ./src/sub-systemCode/payload/DataBase/DataBase.o
                0x2000a814                SearchDataBase_byID
 .text.SearchDataBase_byMark
                0x2000aa48       0xb8 ./src/sub-systemCode/payload/DataBase/DataBase.o
                0x2000aa48                SearchDataBase_byMark
 .text.checkForFileType
                0x2000ab00       0x74 ./src/sub-systemCode/payload/DataBase/DataBase.o
                0x2000ab00                checkForFileType
 .text.updateFileTypes
                0x2000ab74       0xbc ./src/sub-systemCode/payload/DataBase/DataBase.o
                0x2000ab74                updateFileTypes
 .text.GetImageFactor
                0x2000ac30       0x58 ./src/sub-systemCode/payload/DataBase/DataBase.o
                0x2000ac30                GetImageFactor
 .text.readImageFromBuffer
                0x2000ac88      0x12c ./src/sub-systemCode/payload/DataBase/DataBase.o
                0x2000ac88                readImageFromBuffer
 .text.saveImageToBuffer
                0x2000adb4      0x12c ./src/sub-systemCode/payload/DataBase/DataBase.o
                0x2000adb4                saveImageToBuffer
 .text.getLatestID
                0x2000aee0       0x48 ./src/sub-systemCode/payload/DataBase/DataBase.o
                0x2000aee0                getLatestID
 .text.getDataBaseStart
                0x2000af28       0x20 ./src/sub-systemCode/payload/DataBase/DataBase.o
                0x2000af28                getDataBaseStart
 .text.setDataBaseValues
                0x2000af48      0x208 ./src/sub-systemCode/payload/DataBase/DataBase.o
                0x2000af48                setDataBaseValues
 .text.initImageDataBase
                0x2000b150      0x20c ./src/sub-systemCode/payload/DataBase/DataBase.o
                0x2000b150                initImageDataBase
 .text.resetImageDataBase
                0x2000b35c       0x98 ./src/sub-systemCode/payload/DataBase/DataBase.o
                0x2000b35c                resetImageDataBase
 .text.setCameraPhotographyValues
                0x2000b3f4      0x130 ./src/sub-systemCode/payload/DataBase/DataBase.o
                0x2000b3f4                setCameraPhotographyValues
 .text.transferImageToSD_withoutSearch
                0x2000b524      0x17c ./src/sub-systemCode/payload/DataBase/DataBase.o
                0x2000b524                transferImageToSD_withoutSearch
 .text.transferImageToSD
                0x2000b6a0       0xac ./src/sub-systemCode/payload/DataBase/DataBase.o
                0x2000b6a0                transferImageToSD
 .text.DeleteImageFromOBC_withoutSearch
                0x2000b74c       0xf0 ./src/sub-systemCode/payload/DataBase/DataBase.o
                0x2000b74c                DeleteImageFromOBC_withoutSearch
 .text.DeleteImageFromOBC
                0x2000b83c       0xb8 ./src/sub-systemCode/payload/DataBase/DataBase.o
                0x2000b83c                DeleteImageFromOBC
 .text.DeleteImageFromPayload
                0x2000b8f4      0x270 ./src/sub-systemCode/payload/DataBase/DataBase.o
                0x2000b8f4                DeleteImageFromPayload
 .text.clearImageDataBase
                0x2000bb64      0x13c ./src/sub-systemCode/payload/DataBase/DataBase.o
                0x2000bb64                clearImageDataBase
 .text.handleMarkedPictures
                0x2000bca0      0x278 ./src/sub-systemCode/payload/DataBase/DataBase.o
                0x2000bca0                handleMarkedPictures
 .text.writeNewImageMetaDataToFRAM
                0x2000bf18      0x258 ./src/sub-systemCode/payload/DataBase/DataBase.o
                0x2000bf18                writeNewImageMetaDataToFRAM
 .text.takePicture
                0x2000c170      0x344 ./src/sub-systemCode/payload/DataBase/DataBase.o
                0x2000c170                takePicture
 .text.takePicture_withSpecialParameters
                0x2000c4b4       0xbc ./src/sub-systemCode/payload/DataBase/DataBase.o
                0x2000c4b4                takePicture_withSpecialParameters
 .text.GetImageFileName
                0x2000c570       0xd0 ./src/sub-systemCode/payload/DataBase/DataBase.o
                0x2000c570                GetImageFileName
 .text.getDataBaseSize
                0x2000c640       0x20 ./src/sub-systemCode/payload/DataBase/DataBase.o
                0x2000c640                getDataBaseSize
 .text.getImageDataBaseBuffer
                0x2000c660      0x240 ./src/sub-systemCode/payload/DataBase/DataBase.o
                0x2000c660                getImageDataBaseBuffer
 .text.setAutoThumbnailCreation
                0x2000c8a0       0x30 ./src/sub-systemCode/payload/DataBase/DataBase.o
                0x2000c8a0                setAutoThumbnailCreation
 .text.TransformRawToBMP
                0x2000c8d0      0x1e0 ./src/sub-systemCode/payload/Compression/jpeg/bmp/rawToBMP.o
                0x2000c8d0                TransformRawToBMP
 .text.interpolate
                0x2000cab0      0x8d0 ./src/sub-systemCode/payload/Compression/jpeg/bmp/rawToBMP.o
                0x2000cab0                interpolate
 .text.getInputAt
                0x2000d380      0x308 ./src/sub-systemCode/payload/Compression/jpeg/bmp/rawToBMP.o
                0x2000d380                getInputAt
 .text.f_writeF_FILEHeader
                0x2000d688      0x2f0 ./src/sub-systemCode/payload/Compression/jpeg/bmp/rawToBMP.o
                0x2000d688                f_writeF_FILEHeader
 .text.f_writeOutputRow
                0x2000d978       0xbc ./src/sub-systemCode/payload/Compression/jpeg/bmp/rawToBMP.o
                0x2000d978                f_writeOutputRow
 .text.dct      0x2000da34      0x9c4 ./src/sub-systemCode/payload/Compression/jpeg/DCT.o
                0x2000da34                dct
 .text.JPEG_compressor
                0x2000e3f8       0xfc ./src/sub-systemCode/payload/Compression/jpeg/ImgCompressor.o
                0x2000e3f8                JPEG_compressor
 .text.Create_BMP_File
                0x2000e4f4       0xf4 ./src/sub-systemCode/payload/Compression/jpeg/ImgCompressor.o
                0x2000e4f4                Create_BMP_File
 .text.CompressImage
                0x2000e5e8      0x1cc ./src/sub-systemCode/payload/Compression/jpeg/ImgCompressor.o
                0x2000e5e8                CompressImage
 .text.clamp    0x2000e7b4       0x60 ./src/sub-systemCode/payload/Compression/jpeg/color_conv.o
                0x2000e7b4                clamp
 .text.RGB_to_YCC
                0x2000e814      0x1a8 ./src/sub-systemCode/payload/Compression/jpeg/color_conv.o
                0x2000e814                RGB_to_YCC
 .text.RGB_to_Y
                0x2000e9bc       0xc4 ./src/sub-systemCode/payload/Compression/jpeg/color_conv.o
                0x2000e9bc                RGB_to_Y
 .text.Y_to_YCC
                0x2000ea80       0x88 ./src/sub-systemCode/payload/Compression/jpeg/color_conv.o
                0x2000ea80                Y_to_YCC
 .text.compress_image_to_jpeg_file
                0x2000eb08      0x1ac ./src/sub-systemCode/payload/Compression/jpeg/jpeg.o
                0x2000eb08                compress_image_to_jpeg_file
 .text.emit_marker
                0x2000ecb4       0xc8 ./src/sub-systemCode/payload/Compression/jpeg/jpeg_encoder.o
                0x2000ecb4                emit_marker
 .text.emit_byte
                0x2000ed7c       0x6c ./src/sub-systemCode/payload/Compression/jpeg/jpeg_encoder.o
                0x2000ed7c                emit_byte
 .text.emit_word
                0x2000ede8       0xd0 ./src/sub-systemCode/payload/Compression/jpeg/jpeg_encoder.o
                0x2000ede8                emit_word
 .text.emit_jfif_app0
                0x2000eeb8       0xc0 ./src/sub-systemCode/payload/Compression/jpeg/jpeg_encoder.o
                0x2000eeb8                emit_jfif_app0
 .text.emit_dqt
                0x2000ef78       0xd8 ./src/sub-systemCode/payload/Compression/jpeg/jpeg_encoder.o
                0x2000ef78                emit_dqt
 .text.emit_sof
                0x2000f050      0x14c ./src/sub-systemCode/payload/Compression/jpeg/jpeg_encoder.o
                0x2000f050                emit_sof
 .text.emit_dht
                0x2000f19c      0x138 ./src/sub-systemCode/payload/Compression/jpeg/jpeg_encoder.o
                0x2000f19c                emit_dht
 .text.emit_dhts
                0x2000f2d4       0xd8 ./src/sub-systemCode/payload/Compression/jpeg/jpeg_encoder.o
                0x2000f2d4                emit_dhts
 .text.emit_sos
                0x2000f3ac       0xec ./src/sub-systemCode/payload/Compression/jpeg/jpeg_encoder.o
                0x2000f3ac                emit_sos
 .text.emit_markers
                0x2000f498       0x4c ./src/sub-systemCode/payload/Compression/jpeg/jpeg_encoder.o
                0x2000f498                emit_markers
 .text.compute_huffman_table
                0x2000f4e4      0x334 ./src/sub-systemCode/payload/Compression/jpeg/jpeg_encoder.o
                0x2000f4e4                compute_huffman_table
 .text.compute_quant_table
                0x2000f818      0x11c ./src/sub-systemCode/payload/Compression/jpeg/jpeg_encoder.o
                0x2000f818                compute_quant_table
 .text.first_pass_init
                0x2000f934       0x54 ./src/sub-systemCode/payload/Compression/jpeg/jpeg_encoder.o
                0x2000f934                first_pass_init
 .text.second_pass_init
                0x2000f988      0x110 ./src/sub-systemCode/payload/Compression/jpeg/jpeg_encoder.o
                0x2000f988                second_pass_init
 .text.jpg_open
                0x2000fa98      0x7b4 ./src/sub-systemCode/payload/Compression/jpeg/jpeg_encoder.o
                0x2000fa98                jpg_open
 .text.load_block_8_8_grey
                0x2001024c      0x164 ./src/sub-systemCode/payload/Compression/jpeg/jpeg_encoder.o
                0x2001024c                load_block_8_8_grey
 .text.load_block_8_8
                0x200103b0      0x198 ./src/sub-systemCode/payload/Compression/jpeg/jpeg_encoder.o
                0x200103b0                load_block_8_8
 .text.load_block_16_8
                0x20010548      0x3cc ./src/sub-systemCode/payload/Compression/jpeg/jpeg_encoder.o
                0x20010548                load_block_16_8
 .text.load_block_16_8_8
                0x20010914      0x2a8 ./src/sub-systemCode/payload/Compression/jpeg/jpeg_encoder.o
                0x20010914                load_block_16_8_8
 .text.load_coefficients
                0x20010bbc      0x1c8 ./src/sub-systemCode/payload/Compression/jpeg/jpeg_encoder.o
                0x20010bbc                load_coefficients
 .text.flush_output_buffer
                0x20010d84       0xa0 ./src/sub-systemCode/payload/Compression/jpeg/jpeg_encoder.o
                0x20010d84                flush_output_buffer
 .text.put_bits
                0x20010e24      0x170 ./src/sub-systemCode/payload/Compression/jpeg/jpeg_encoder.o
                0x20010e24                put_bits
 .text.code_coefficients_pass_two
                0x20010f94      0x338 ./src/sub-systemCode/payload/Compression/jpeg/jpeg_encoder.o
                0x20010f94                code_coefficients_pass_two
 .text.code_block
                0x200112cc       0x44 ./src/sub-systemCode/payload/Compression/jpeg/jpeg_encoder.o
                0x200112cc                code_block
 .text.process_mcu_row
                0x20011310      0x328 ./src/sub-systemCode/payload/Compression/jpeg/jpeg_encoder.o
                0x20011310                process_mcu_row
 .text.terminate_pass_two
                0x20011638       0x44 ./src/sub-systemCode/payload/Compression/jpeg/jpeg_encoder.o
                0x20011638                terminate_pass_two
 .text.process_end_of_image
                0x2001167c       0xc0 ./src/sub-systemCode/payload/Compression/jpeg/jpeg_encoder.o
                0x2001167c                process_end_of_image
 .text.load_mcu
                0x2001173c      0x29c ./src/sub-systemCode/payload/Compression/jpeg/jpeg_encoder.o
                0x2001173c                load_mcu
 .text.clear    0x200119d8      0x1e0 ./src/sub-systemCode/payload/Compression/jpeg/jpeg_encoder.o
                0x200119d8                clear
 .text.init     0x20011bb8       0xe4 ./src/sub-systemCode/payload/Compression/jpeg/jpeg_encoder.o
                0x20011bb8                init
 .text.deinit   0x20011c9c      0x160 ./src/sub-systemCode/payload/Compression/jpeg/jpeg_encoder.o
                0x20011c9c                deinit
 .text.process_scanline
                0x20011dfc       0x6c ./src/sub-systemCode/payload/Compression/jpeg/jpeg_encoder.o
                0x20011dfc                process_scanline
 .text.jpge_malloc
                0x20011e68       0x28 ./src/sub-systemCode/payload/Compression/jpeg/jpeg_memory_alloc.o
                0x20011e68                jpge_malloc
 .text.jpge_cmalloc
                0x20011e90       0x48 ./src/sub-systemCode/payload/Compression/jpeg/jpeg_memory_alloc.o
                0x20011e90                jpge_cmalloc
 .text.jpge_free
                0x20011ed8       0x24 ./src/sub-systemCode/payload/Compression/jpeg/jpeg_memory_alloc.o
                0x20011ed8                jpge_free
 .text.check    0x20011efc       0x78 ./src/sub-systemCode/payload/Compression/jpeg/jpeg_params.o
                0x20011efc                check
 .text.open_jpeg_file
                0x20011f74       0xfc ./src/sub-systemCode/payload/Compression/jpeg/output_stream.o
                0x20011f74                open_jpeg_file
 .text.close_jpeg_file
                0x20012070      0x118 ./src/sub-systemCode/payload/Compression/jpeg/output_stream.o
                0x20012070                close_jpeg_file
 .text.put_buf  0x20012188      0x258 ./src/sub-systemCode/payload/Compression/jpeg/output_stream.o
                0x20012188                put_buf
 .text.GetBayerPixel
                0x200123e0       0xe8 ./src/sub-systemCode/payload/Compression/ImageConversion.o
 .text.BinImage
                0x200124c8      0x2c8 ./src/sub-systemCode/payload/Compression/ImageConversion.o
                0x200124c8                BinImage
 .text.ImageSkipping
                0x20012790      0x2ac ./src/sub-systemCode/payload/Compression/ImageConversion.o
                0x20012790                ImageSkipping
 .text.CreateImageThumbnail_withoutSearch
                0x20012a3c      0x14c ./src/sub-systemCode/payload/Compression/ImageConversion.o
                0x20012a3c                CreateImageThumbnail_withoutSearch
 .text.CreateImageThumbnail
                0x20012b88       0x98 ./src/sub-systemCode/payload/Compression/ImageConversion.o
                0x20012b88                CreateImageThumbnail
 .text.compressImage
                0x20012c20      0x17c ./src/sub-systemCode/payload/Compression/ImageConversion.o
                0x20012c20                compressImage
 .text.AdcsCmdQueueInit
                0x20012d9c       0x4c ./src/sub-systemCode/Main/CMD/ADCS_CMD.o
                0x20012d9c                AdcsCmdQueueInit
 .text.AdcsCmdQueueGet
                0x20012de8       0x8c ./src/sub-systemCode/Main/CMD/ADCS_CMD.o
                0x20012de8                AdcsCmdQueueGet
 .text.AdcsCmdQueueAdd
                0x20012e74       0x74 ./src/sub-systemCode/Main/CMD/ADCS_CMD.o
                0x20012e74                AdcsCmdQueueAdd
 .text.AdcsCmdQueueIsEmpty
                0x20012ee8       0x3c ./src/sub-systemCode/Main/CMD/ADCS_CMD.o
                0x20012ee8                AdcsCmdQueueIsEmpty
 .text.getAdcsQueueWaitPointer
                0x20012f24       0x20 ./src/sub-systemCode/Main/CMD/ADCS_CMD.o
                0x20012f24                getAdcsQueueWaitPointer
 .text.cmd_mute
                0x20012f44       0xc4 ./src/sub-systemCode/Main/CMD/COMM_CMD.o
                0x20012f44                cmd_mute
 .text.cmd_unmute
                0x20013008       0x4c ./src/sub-systemCode/Main/CMD/COMM_CMD.o
                0x20013008                cmd_unmute
 .text.cmd_active_trans
                0x20013054       0xc0 ./src/sub-systemCode/Main/CMD/COMM_CMD.o
                0x20013054                cmd_active_trans
 .text.cmd_shut_trans
                0x20013114       0x38 ./src/sub-systemCode/Main/CMD/COMM_CMD.o
                0x20013114                cmd_shut_trans
 .text.cmd_change_trans_rssi
                0x2001314c      0x100 ./src/sub-systemCode/Main/CMD/COMM_CMD.o
                0x2001314c                cmd_change_trans_rssi
 .text.cmd_aprs_dump
                0x2001324c       0x50 ./src/sub-systemCode/Main/CMD/COMM_CMD.o
                0x2001324c                cmd_aprs_dump
 .text.cmd_stop_dump
                0x2001329c       0x38 ./src/sub-systemCode/Main/CMD/COMM_CMD.o
                0x2001329c                cmd_stop_dump
 .text.cmd_time_frequency
                0x200132d4       0xc0 ./src/sub-systemCode/Main/CMD/COMM_CMD.o
                0x200132d4                cmd_time_frequency
 .text.cmd_change_def_bit_rate
                0x20013394      0x158 ./src/sub-systemCode/Main/CMD/COMM_CMD.o
                0x20013394                cmd_change_def_bit_rate
 .text.cmd_upload_volt_logic
                0x200134ec      0x334 ./src/sub-systemCode/Main/CMD/EPS_CMD.o
                0x200134ec                cmd_upload_volt_logic
 .text.cmd_upload_volt_COMM
                0x20013820      0x1c8 ./src/sub-systemCode/Main/CMD/EPS_CMD.o
                0x20013820                cmd_upload_volt_COMM
 .text.cmd_heater_temp
                0x200139e8       0xc0 ./src/sub-systemCode/Main/CMD/EPS_CMD.o
                0x200139e8                cmd_heater_temp
 .text.cmd_SHUT_CAM
                0x20013aa8       0x6c ./src/sub-systemCode/Main/CMD/EPS_CMD.o
                0x20013aa8                cmd_SHUT_CAM
 .text.cmd_SHUT_ADCS
                0x20013b14       0x6c ./src/sub-systemCode/Main/CMD/EPS_CMD.o
                0x20013b14                cmd_SHUT_ADCS
 .text.cmd_allow_CAM
                0x20013b80       0x6c ./src/sub-systemCode/Main/CMD/EPS_CMD.o
                0x20013b80                cmd_allow_CAM
 .text.cmd_allow_ADCS
                0x20013bec       0x6c ./src/sub-systemCode/Main/CMD/EPS_CMD.o
                0x20013bec                cmd_allow_ADCS
 .text.cmd_update_alpha
                0x20013c58       0xfc ./src/sub-systemCode/Main/CMD/EPS_CMD.o
                0x20013c58                cmd_update_alpha
 .text.cmd_generic_I2C
                0x20013d54       0xb4 ./src/sub-systemCode/Main/CMD/General_CMD.o
                0x20013d54                cmd_generic_I2C
 .text.cmd_dump
                0x20013e08       0xf0 ./src/sub-systemCode/Main/CMD/General_CMD.o
                0x20013e08                cmd_dump
 .text.cmd_delete_TM
                0x20013ef8      0x214 ./src/sub-systemCode/Main/CMD/General_CMD.o
                0x20013ef8                cmd_delete_TM
 .text.cmd_reset_file
                0x2001410c      0x118 ./src/sub-systemCode/Main/CMD/General_CMD.o
                0x2001410c                cmd_reset_file
 .text.cmd_dummy_func
                0x20014224       0x40 ./src/sub-systemCode/Main/CMD/General_CMD.o
                0x20014224                cmd_dummy_func
 .text.cmd_reset_TLM_SD
                0x20014264       0x38 ./src/sub-systemCode/Main/CMD/General_CMD.o
                0x20014264                cmd_reset_TLM_SD
 .text.cmd_soft_reset_cmponent
                0x2001429c       0xac ./src/sub-systemCode/Main/CMD/General_CMD.o
                0x2001429c                cmd_soft_reset_cmponent
 .text.cmd_hard_reset_cmponent
                0x20014348       0xac ./src/sub-systemCode/Main/CMD/General_CMD.o
                0x20014348                cmd_hard_reset_cmponent
 .text.cmd_reset_satellite
                0x200143f4       0x78 ./src/sub-systemCode/Main/CMD/General_CMD.o
                0x200143f4                cmd_reset_satellite
 .text.cmd_gracefull_reset_satellite
                0x2001446c       0x78 ./src/sub-systemCode/Main/CMD/General_CMD.o
                0x2001446c                cmd_gracefull_reset_satellite
 .text.cmd_upload_time
                0x200144e4       0xb0 ./src/sub-systemCode/Main/CMD/General_CMD.o
                0x200144e4                cmd_upload_time
 .text.cmd_ARM_DIARM
                0x20014594       0xd4 ./src/sub-systemCode/Main/CMD/General_CMD.o
                0x20014594                cmd_ARM_DIARM
 .text.cmd_get_onlineTM
                0x20014668      0x148 ./src/sub-systemCode/Main/CMD/General_CMD.o
                0x20014668                cmd_get_onlineTM
 .text.cmd_reset_off_line
                0x200147b0       0x68 ./src/sub-systemCode/Main/CMD/General_CMD.o
                0x200147b0                cmd_reset_off_line
 .text.cmd_add_item_off_line
                0x20014818       0xf4 ./src/sub-systemCode/Main/CMD/General_CMD.o
                0x20014818                cmd_add_item_off_line
 .text.cmd_delete_item_off_line
                0x2001490c       0x98 ./src/sub-systemCode/Main/CMD/General_CMD.o
                0x2001490c                cmd_delete_item_off_line
 .text.cmd_get_off_line_setting
                0x200149a4      0x108 ./src/sub-systemCode/Main/CMD/General_CMD.o
                0x200149a4                cmd_get_off_line_setting
 .text.cmd_reset_delayed_command_list
                0x20014aac       0x3c ./src/sub-systemCode/Main/CMD/SW_CMD.o
                0x20014aac                cmd_reset_delayed_command_list
 .text.cmd_reset_APRS_list
                0x20014ae8       0x3c ./src/sub-systemCode/Main/CMD/SW_CMD.o
                0x20014ae8                cmd_reset_APRS_list
 .text.cmd_reset_FRAM
                0x20014b24       0xf4 ./src/sub-systemCode/Main/CMD/SW_CMD.o
                0x20014b24                cmd_reset_FRAM
 .text.init_Ants
                0x20014c18       0x74 ./src/sub-systemCode/Main/Ants.o
                0x20014c18                init_Ants
 .text.ARM_ants
                0x20014c8c       0xb8 ./src/sub-systemCode/Main/Ants.o
                0x20014c8c                ARM_ants
 .text.DISARM_ants
                0x20014d44       0xb8 ./src/sub-systemCode/Main/Ants.o
                0x20014d44                DISARM_ants
 .text.checkDeployAttempt
                0x20014dfc      0x128 ./src/sub-systemCode/Main/Ants.o
                0x20014dfc                checkDeployAttempt
 .text.reset_deployStatusFRAM
                0x20014f24       0xc0 ./src/sub-systemCode/Main/Ants.o
                0x20014f24                reset_deployStatusFRAM
 .text.reset_FRAM_ants
                0x20014fe4       0x88 ./src/sub-systemCode/Main/Ants.o
                0x20014fe4                reset_FRAM_ants
 .text.DeployIfNeeded
                0x2001506c      0x134 ./src/sub-systemCode/Main/Ants.o
                0x2001506c                DeployIfNeeded
 .text.update_stopDeploy_FRAM
                0x200151a0       0x48 ./src/sub-systemCode/Main/Ants.o
                0x200151a0                update_stopDeploy_FRAM
 .text.round_vol
                0x200151e8      0x124 ./src/sub-systemCode/Main/EPS.o
                0x200151e8                round_vol
 .text.get_shut_ADCS
                0x2001530c       0x48 ./src/sub-systemCode/Main/EPS.o
                0x2001530c                get_shut_ADCS
 .text.shut_ADCS
                0x20015354       0x44 ./src/sub-systemCode/Main/EPS.o
                0x20015354                shut_ADCS
 .text.get_shut_CAM
                0x20015398       0x48 ./src/sub-systemCode/Main/EPS.o
                0x20015398                get_shut_CAM
 .text.shut_CAM
                0x200153e0       0x44 ./src/sub-systemCode/Main/EPS.o
                0x200153e0                shut_CAM
 .text.update_powerLines
                0x20015424       0xec ./src/sub-systemCode/Main/EPS.o
                0x20015424                update_powerLines
 .text.get_EPS_mode_t
                0x20015510       0x24 ./src/sub-systemCode/Main/EPS.o
                0x20015510                get_EPS_mode_t
 .text.init_enterMode
                0x20015534       0x88 ./src/sub-systemCode/Main/EPS.o
                0x20015534                init_enterMode
 .text.EPS_Init
                0x200155bc      0x1c8 ./src/sub-systemCode/Main/EPS.o
                0x200155bc                EPS_Init
 .text.reset_FRAM_EPS
                0x20015784       0xe0 ./src/sub-systemCode/Main/EPS.o
                0x20015784                reset_FRAM_EPS
 .text.reset_EPS_voltages
                0x20015864       0xbc ./src/sub-systemCode/Main/EPS.o
                0x20015864                reset_EPS_voltages
 .text.writeState_log
                0x20015920       0xac ./src/sub-systemCode/Main/EPS.o
                0x20015920                writeState_log
 .text.battery_downward
                0x200159cc      0x120 ./src/sub-systemCode/Main/EPS.o
                0x200159cc                battery_downward
 .text.battery_upward
                0x20015aec      0x12c ./src/sub-systemCode/Main/EPS.o
                0x20015aec                battery_upward
 .text.overRide_ADCS
                0x20015c18       0x50 ./src/sub-systemCode/Main/EPS.o
                0x20015c18                overRide_ADCS
 .text.overRide_Camera
                0x20015c68       0x38 ./src/sub-systemCode/Main/EPS.o
                0x20015c68                overRide_Camera
 .text.EPS_Conditioning
                0x20015ca0      0x258 ./src/sub-systemCode/Main/EPS.o
                0x20015ca0                EPS_Conditioning
 .text.EnterFullMode
                0x20015ef8       0xf0 ./src/sub-systemCode/Main/EPS.o
                0x20015ef8                EnterFullMode
 .text.EnterCruiseMode
                0x20015fe8       0xe0 ./src/sub-systemCode/Main/EPS.o
                0x20015fe8                EnterCruiseMode
 .text.EnterSafeMode
                0x200160c8       0xe0 ./src/sub-systemCode/Main/EPS.o
                0x200160c8                EnterSafeMode
 .text.EnterCriticalMode
                0x200161a8       0xcc ./src/sub-systemCode/Main/EPS.o
                0x200161a8                EnterCriticalMode
 .text.check_EPSTableCorrection
                0x20016274      0x120 ./src/sub-systemCode/Main/EPS.o
                0x20016274                check_EPSTableCorrection
 .text.save_ACK
                0x20016394      0x11c ./src/sub-systemCode/Main/HouseKeeping.o
                0x20016394                save_ACK
 .text.set_GP_EPS
                0x200164b0      0x10c ./src/sub-systemCode/Main/HouseKeeping.o
                0x200164b0                set_GP_EPS
 .text.set_GP_COMM
                0x200165bc       0x88 ./src/sub-systemCode/Main/HouseKeeping.o
                0x200165bc                set_GP_COMM
 .text.SP_HK_collect
                0x20016644      0x198 ./src/sub-systemCode/Main/HouseKeeping.o
                0x20016644                SP_HK_collect
 .text.EPS_HK_collect
                0x200167dc      0x50c ./src/sub-systemCode/Main/HouseKeeping.o
                0x200167dc                EPS_HK_collect
 .text.CAM_HK_collect
                0x20016ce8      0x91c ./src/sub-systemCode/Main/HouseKeeping.o
                0x20016ce8                CAM_HK_collect
 .text.COMM_HK_collect
                0x20017604      0x260 ./src/sub-systemCode/Main/HouseKeeping.o
                0x20017604                COMM_HK_collect
 .text.HK_find_ADCSTM_fileName
                0x20017864      0x44c ./src/sub-systemCode/Main/HouseKeeping.o
                0x20017864                HK_find_ADCSTM_fileName
 .text.HK_find_fileName
                0x20017cb0      0x174 ./src/sub-systemCode/Main/HouseKeeping.o
                0x20017cb0                HK_find_fileName
 .text.HK_find_ADCSTM_ElementSize
                0x20017e24      0x1b8 ./src/sub-systemCode/Main/HouseKeeping.o
                0x20017e24                HK_find_ADCSTM_ElementSize
 .text.HK_findElementSize
                0x20017fdc       0xd4 ./src/sub-systemCode/Main/HouseKeeping.o
                0x20017fdc                HK_findElementSize
 .text.build_HK_spl_packet
                0x200180b0      0x27c ./src/sub-systemCode/Main/HouseKeeping.o
                0x200180b0                build_HK_spl_packet
 .text.numberOfRestarts
                0x2001832c       0x94 ./src/sub-systemCode/Main/Main_Init.o
                0x2001832c                numberOfRestarts
 .text.StartFRAM
                0x200183c0       0x38 ./src/sub-systemCode/Main/Main_Init.o
                0x200183c0                StartFRAM
 .text.StartI2C
                0x200183f8       0x44 ./src/sub-systemCode/Main/Main_Init.o
                0x200183f8                StartI2C
 .text.StartSPI
                0x2001843c       0x40 ./src/sub-systemCode/Main/Main_Init.o
                0x2001843c                StartSPI
 .text.StartTIME
                0x2001847c      0x120 ./src/sub-systemCode/Main/Main_Init.o
                0x2001847c                StartTIME
 .text.first_activation
                0x2001859c       0x7c ./src/sub-systemCode/Main/Main_Init.o
                0x2001859c                first_activation
 .text.InitSubsystems
                0x20018618       0x68 ./src/sub-systemCode/Main/Main_Init.o
                0x20018618                InitSubsystems
 .text.SubSystemTaskStart
                0x20018680       0xec ./src/sub-systemCode/Main/Main_Init.o
                0x20018680                SubSystemTaskStart
 .text.copy_command
                0x2001876c       0x80 ./src/sub-systemCode/Main/commands.o
                0x2001876c                copy_command
 .text.reset_command
                0x200187ec       0x28 ./src/sub-systemCode/Main/commands.o
                0x200187ec                reset_command
 .text.init_command
                0x20018814       0xd4 ./src/sub-systemCode/Main/commands.o
                0x20018814                init_command
 .text.add_command
                0x200188e8      0x118 ./src/sub-systemCode/Main/commands.o
                0x200188e8                add_command
 .text.get_command
                0x20018a00      0x1ac ./src/sub-systemCode/Main/commands.o
                0x20018a00                get_command
 .text.act_upon_command
                0x20018bac      0x1e4 ./src/sub-systemCode/Main/commands.o
                0x20018bac                act_upon_command
 .text.cmd_error
                0x20018d90       0x38 ./src/sub-systemCode/Main/commands.o
                0x20018d90                cmd_error
 .text.AUC_COMM
                0x20018dc8      0x25c ./src/sub-systemCode/Main/commands.o
                0x20018dc8                AUC_COMM
 .text.AUC_general
                0x20019024      0x48c ./src/sub-systemCode/Main/commands.o
                0x20019024                AUC_general
 .text.AUC_payload
                0x200194b0      0x208 ./src/sub-systemCode/Main/commands.o
                0x200194b0                AUC_payload
 .text.AUC_EPS  0x200196b8      0x28c ./src/sub-systemCode/Main/commands.o
                0x200196b8                AUC_EPS
 .text.AUC_SW   0x20019944       0xe4 ./src/sub-systemCode/Main/commands.o
                0x20019944                AUC_SW
 .text.AUC_onlineTM
                0x20019a28      0x1f0 ./src/sub-systemCode/Main/commands.o
                0x20019a28                AUC_onlineTM
 .text.AUC_CUF  0x20019c18      0x154 ./src/sub-systemCode/Main/commands.o
                0x20019c18                AUC_CUF
 .text.check_int
                0x20019d6c       0x20 ./src/sub-systemCode/Global/Global.o
                0x20019d6c                check_int
 .text.check_portBASE_TYPE
                0x20019d8c       0x20 ./src/sub-systemCode/Global/Global.o
                0x20019d8c                check_portBASE_TYPE
 .text.soft_reset_subsystem
                0x20019dac       0xd8 ./src/sub-systemCode/Global/Global.o
                0x20019dac                soft_reset_subsystem
 .text.hard_reset_subsystem
                0x20019e84      0x104 ./src/sub-systemCode/Global/Global.o
                0x20019e84                hard_reset_subsystem
 .text.BigEnE_raw_to_uInt
                0x20019f88       0x94 ./src/sub-systemCode/Global/Global.o
                0x20019f88                BigEnE_raw_to_uInt
 .text.BigEnE_raw_to_uShort
                0x2001a01c       0x50 ./src/sub-systemCode/Global/Global.o
                0x2001a01c                BigEnE_raw_to_uShort
 .text.BigEnE_uInt_to_raw
                0x2001a06c       0x78 ./src/sub-systemCode/Global/Global.o
                0x2001a06c                BigEnE_uInt_to_raw
 .text.reset_FRAM_MAIN
                0x2001a0e4      0x140 ./src/sub-systemCode/Global/Global.o
                0x2001a0e4                reset_FRAM_MAIN
 .text.getBitValueByIndex
                0x2001a224       0xd0 ./src/sub-systemCode/Global/Global.o
                0x2001a224                getBitValueByIndex
 .text.init_GP  0x2001a2f4      0x2e0 ./src/sub-systemCode/Global/GlobalParam.o
                0x2001a2f4                init_GP
 .text.get_system_state
                0x2001a5d4      0x254 ./src/sub-systemCode/Global/GlobalParam.o
                0x2001a5d4                get_system_state
 .text.set_system_state
                0x2001a828      0x284 ./src/sub-systemCode/Global/GlobalParam.o
                0x2001a828                set_system_state
 .text.get_systems_state_param
                0x2001aaac       0x78 ./src/sub-systemCode/Global/GlobalParam.o
                0x2001aaac                get_systems_state_param
 .text.get_current_global_param
                0x2001ab24      0x548 ./src/sub-systemCode/Global/GlobalParam.o
                0x2001ab24                get_current_global_param
 .text.set_Vbatt
                0x2001b06c       0x78 ./src/sub-systemCode/Global/GlobalParam.o
                0x2001b06c                set_Vbatt
 .text.get_Vbatt
                0x2001b0e4       0x78 ./src/sub-systemCode/Global/GlobalParam.o
                0x2001b0e4                get_Vbatt
 .text.set_curBat
                0x2001b15c       0x78 ./src/sub-systemCode/Global/GlobalParam.o
                0x2001b15c                set_curBat
 .text.set_cur3V3
                0x2001b1d4       0x78 ./src/sub-systemCode/Global/GlobalParam.o
                0x2001b1d4                set_cur3V3
 .text.set_cur5V
                0x2001b24c       0x78 ./src/sub-systemCode/Global/GlobalParam.o
                0x2001b24c                set_cur5V
 .text.set_tempComm_LO
                0x2001b2c4       0x78 ./src/sub-systemCode/Global/GlobalParam.o
                0x2001b2c4                set_tempComm_LO
 .text.set_tempComm_PA
                0x2001b33c       0x78 ./src/sub-systemCode/Global/GlobalParam.o
                0x2001b33c                set_tempComm_PA
 .text.set_tempEPS
                0x2001b3b4       0xb4 ./src/sub-systemCode/Global/GlobalParam.o
                0x2001b3b4                set_tempEPS
 .text.set_tempBatt
                0x2001b468       0xb4 ./src/sub-systemCode/Global/GlobalParam.o
                0x2001b468                set_tempBatt
 .text.set_RxDoppler
                0x2001b51c       0x78 ./src/sub-systemCode/Global/GlobalParam.o
                0x2001b51c                set_RxDoppler
 .text.set_RxRSSI
                0x2001b594       0x78 ./src/sub-systemCode/Global/GlobalParam.o
                0x2001b594                set_RxRSSI
 .text.set_TxRefl
                0x2001b60c       0x78 ./src/sub-systemCode/Global/GlobalParam.o
                0x2001b60c                set_TxRefl
 .text.set_TxForw
                0x2001b684       0x78 ./src/sub-systemCode/Global/GlobalParam.o
                0x2001b684                set_TxForw
 .text.set_numOfAPRS
                0x2001b6fc       0x78 ./src/sub-systemCode/Global/GlobalParam.o
                0x2001b6fc                set_numOfAPRS
 .text.set_numOfDelayedCommand
                0x2001b774       0x78 ./src/sub-systemCode/Global/GlobalParam.o
                0x2001b774                set_numOfDelayedCommand
 .text.set_numOfResets
                0x2001b7ec       0x98 ./src/sub-systemCode/Global/GlobalParam.o
                0x2001b7ec                set_numOfResets
 .text.set_ground_conn
                0x2001b884       0x8c ./src/sub-systemCode/Global/GlobalParam.o
                0x2001b884                set_ground_conn
 .text.get_ground_conn
                0x2001b910       0x8c ./src/sub-systemCode/Global/GlobalParam.o
                0x2001b910                get_ground_conn
 .text.IsisAntS_getStatusData_sideA
                0x2001b99c       0x3c ./src/sub-systemCode/Global/OnlineTM.o
                0x2001b99c                IsisAntS_getStatusData_sideA
 .text.IsisAntS_getAlltelemetry_sideA
                0x2001b9d8       0x3c ./src/sub-systemCode/Global/OnlineTM.o
                0x2001b9d8                IsisAntS_getAlltelemetry_sideA
 .text.IsisAntS_getTemperature_sideA
                0x2001ba14       0x3c ./src/sub-systemCode/Global/OnlineTM.o
                0x2001ba14                IsisAntS_getTemperature_sideA
 .text.IsisAntS_getStatusData_sideB
                0x2001ba50       0x3c ./src/sub-systemCode/Global/OnlineTM.o
                0x2001ba50                IsisAntS_getStatusData_sideB
 .text.IsisAntS_getAlltelemetry_sideB
                0x2001ba8c       0x3c ./src/sub-systemCode/Global/OnlineTM.o
                0x2001ba8c                IsisAntS_getAlltelemetry_sideB
 .text.IsisAntS_getTemperature_sideB
                0x2001bac8       0x3c ./src/sub-systemCode/Global/OnlineTM.o
                0x2001bac8                IsisAntS_getTemperature_sideB
 .text.HK_collect_EPS
                0x2001bb04       0x30 ./src/sub-systemCode/Global/OnlineTM.o
                0x2001bb04                HK_collect_EPS
 .text.HK_collect_COMM
                0x2001bb34       0x30 ./src/sub-systemCode/Global/OnlineTM.o
                0x2001bb34                HK_collect_COMM
 .text.HK_collect_CAM
                0x2001bb64       0x30 ./src/sub-systemCode/Global/OnlineTM.o
                0x2001bb64                HK_collect_CAM
 .text.HK_collect_SP
                0x2001bb94       0x30 ./src/sub-systemCode/Global/OnlineTM.o
                0x2001bb94                HK_collect_SP
 .text.HK_collect_FS_A
                0x2001bbc4       0x8c ./src/sub-systemCode/Global/OnlineTM.o
                0x2001bbc4                HK_collect_FS_A
 .text.HK_collect_FS_B
                0x2001bc50       0x8c ./src/sub-systemCode/Global/OnlineTM.o
                0x2001bc50                HK_collect_FS_B
 .text.save_offlineSetting_FRAM
                0x2001bcdc      0x26c ./src/sub-systemCode/Global/OnlineTM.o
                0x2001bcdc                save_offlineSetting_FRAM
 .text.get_offlineSetting_FRAM
                0x2001bf48       0x58 ./src/sub-systemCode/Global/OnlineTM.o
                0x2001bf48                get_offlineSetting_FRAM
 .text.update_offlineSetting_FRAM
                0x2001bfa0      0x360 ./src/sub-systemCode/Global/OnlineTM.o
                0x2001bfa0                update_offlineSetting_FRAM
 .text.get_offlineSettingPacket
                0x2001c300       0xc4 ./src/sub-systemCode/Global/OnlineTM.o
                0x2001c300                get_offlineSettingPacket
 .text.get_item_by_index
                0x2001c3c4       0xdc ./src/sub-systemCode/Global/OnlineTM.o
                0x2001c3c4                get_item_by_index
 .text.get_pointer_item_by_index
                0x2001c4a0       0x48 ./src/sub-systemCode/Global/OnlineTM.o
                0x2001c4a0                get_pointer_item_by_index
 .text.init_onlineParam
                0x2001c4e8     0x2f70 ./src/sub-systemCode/Global/OnlineTM.o
                0x2001c4e8                init_onlineParam
 .text.reset_offline_TM_list
                0x2001f458      0x184 ./src/sub-systemCode/Global/OnlineTM.o
                0x2001f458                reset_offline_TM_list
 .text.get_online_packet
                0x2001f5dc      0x25c ./src/sub-systemCode/Global/OnlineTM.o
                0x2001f5dc                get_online_packet
 .text.save_onlineTM_param
                0x2001f838      0x1b4 ./src/sub-systemCode/Global/OnlineTM.o
                0x2001f838                save_onlineTM_param
 .text.add_onlineTM_param_to_save_list
                0x2001f9ec      0x3e4 ./src/sub-systemCode/Global/OnlineTM.o
                0x2001f9ec                add_onlineTM_param_to_save_list
 .text.delete_onlineTM_param_from_offline
                0x2001fdd0      0x1a8 ./src/sub-systemCode/Global/OnlineTM.o
                0x2001fdd0                delete_onlineTM_param_from_offline
 .text.save_onlineTM_logic
                0x2001ff78      0x2bc ./src/sub-systemCode/Global/OnlineTM.o
                0x2001ff78                save_onlineTM_logic
 .text.updateSD_state
                0x20020234       0xa8 ./src/sub-systemCode/Global/OnlineTM.o
                0x20020234                updateSD_state
 .text.save_onlineTM_task
                0x200202dc       0xcc ./src/sub-systemCode/Global/OnlineTM.o
                0x200202dc                save_onlineTM_task
 .text.delete_allTMFilesFromSD
                0x200203a8      0x14c ./src/sub-systemCode/Global/TLM_management.o
                0x200203a8                delete_allTMFilesFromSD
 .text.getNumOfFilesInFS
                0x200204f4       0x44 ./src/sub-systemCode/Global/TLM_management.o
 .text.setNumOfFilesInFS
                0x20020538       0x50 ./src/sub-systemCode/Global/TLM_management.o
 .text.printSem
                0x20020588       0x6c ./src/sub-systemCode/Global/TLM_management.o
                0x20020588                printSem
 .text.updateVectorSem
                0x200205f4      0x204 ./src/sub-systemCode/Global/TLM_management.o
                0x200205f4                updateVectorSem
 .text.f_managed_enterFS
                0x200207f8       0xf4 ./src/sub-systemCode/Global/TLM_management.o
                0x200207f8                f_managed_enterFS
 .text.f_managed_releaseFS
                0x200208ec       0x60 ./src/sub-systemCode/Global/TLM_management.o
                0x200208ec                f_managed_releaseFS
 .text.f_managed_open
                0x2002094c       0xfc ./src/sub-systemCode/Global/TLM_management.o
                0x2002094c                f_managed_open
 .text.f_managed_close
                0x20020a48       0x80 ./src/sub-systemCode/Global/TLM_management.o
                0x20020a48                f_managed_close
 .text.createSemahores_FS
                0x20020ac8       0x7c ./src/sub-systemCode/Global/TLM_management.o
                0x20020ac8                createSemahores_FS
 .text.InitializeFS
                0x20020b44      0x214 ./src/sub-systemCode/Global/TLM_management.o
                0x20020b44                InitializeFS
 .text.c_fileCreate
                0x20020d58       0xf4 ./src/sub-systemCode/Global/TLM_management.o
                0x20020d58                c_fileCreate
 .text.writewithEpochtime
                0x20020e4c       0x94 ./src/sub-systemCode/Global/TLM_management.o
 .text.get_C_FILE_struct
                0x20020ee0      0x104 ./src/sub-systemCode/Global/TLM_management.o
 .text.getFileIndex
                0x20020fe4       0x64 ./src/sub-systemCode/Global/TLM_management.o
 .text.get_file_name_by_index
                0x20021048       0x54 ./src/sub-systemCode/Global/TLM_management.o
                0x20021048                get_file_name_by_index
 .text.c_fileReset
                0x2002109c      0x140 ./src/sub-systemCode/Global/TLM_management.o
                0x2002109c                c_fileReset
 .text.c_fileWrite
                0x200211dc      0x168 ./src/sub-systemCode/Global/TLM_management.o
                0x200211dc                c_fileWrite
 .text.deleteElementsFromFile
                0x20021344      0x188 ./src/sub-systemCode/Global/TLM_management.o
 .text.c_fileDeleteElements
                0x200214cc      0x168 ./src/sub-systemCode/Global/TLM_management.o
                0x200214cc                c_fileDeleteElements
 .text.c_fileRead
                0x20021634      0x2f0 ./src/sub-systemCode/Global/TLM_management.o
                0x20021634                c_fileRead
 .text.DeInitializeFS
                0x20021924       0xe0 ./src/sub-systemCode/Global/TLM_management.o
                0x20021924                DeInitializeFS
 .text.xSemaphoreGive_extended
                0x20021a04       0x48 ./src/sub-systemCode/Global/freertosExtended.o
                0x20021a04                xSemaphoreGive_extended
 .text.xSemaphoreTake_extended
                0x20021a4c       0x54 ./src/sub-systemCode/Global/freertosExtended.o
                0x20021a4c                xSemaphoreTake_extended
 .text.WriteLog
                0x20021aa0       0x94 ./src/sub-systemCode/Global/logger.o
 .text.WriteErrorLog
                0x20021b34       0x64 ./src/sub-systemCode/Global/logger.o
                0x20021b34                WriteErrorLog
 .text.WritePayloadLog
                0x20021b98       0x50 ./src/sub-systemCode/Global/logger.o
                0x20021b98                WritePayloadLog
 .text.WriteEpsLog
                0x20021be8       0x4c ./src/sub-systemCode/Global/logger.o
                0x20021be8                WriteEpsLog
 .text.WriteTransponderLog
                0x20021c34       0x50 ./src/sub-systemCode/Global/logger.o
                0x20021c34                WriteTransponderLog
 .text.castCharPointerToInt
                0x20021c84       0x84 ./src/sub-systemCode/CUF/CUF.o
                0x20021c84                castCharPointerToInt
 .text.castCharArrayToIntArray
                0x20021d08       0xa4 ./src/sub-systemCode/CUF/CUF.o
                0x20021d08                castCharArrayToIntArray
 .text.SavePerminantCUF
                0x20021dac      0x1b4 ./src/sub-systemCode/CUF/CUF.o
                0x20021dac                SavePerminantCUF
 .text.InitCUF  0x20021f60      0x120 ./src/sub-systemCode/CUF/CUF.o
                0x20021f60                InitCUF
 .text.CUFSwitch
                0x20022080       0x30 ./src/sub-systemCode/CUF/CUF.o
                0x20022080                CUFSwitch
 .text.GenerateSSH
                0x200220b0       0x8c ./src/sub-systemCode/CUF/CUF.o
                0x200220b0                GenerateSSH
 .text.AuthenticateCUF
                0x2002213c       0x64 ./src/sub-systemCode/CUF/CUF.o
                0x2002213c                AuthenticateCUF
 .text.UpdatePerminantCUF
                0x200221a0       0x84 ./src/sub-systemCode/CUF/CUF.o
                0x200221a0                UpdatePerminantCUF
 .text.RemoveCUF
                0x20022224      0x1ac ./src/sub-systemCode/CUF/CUF.o
                0x20022224                RemoveCUF
 .text.CreateCUF
                0x200223d0      0x114 ./src/sub-systemCode/CUF/CUF.o
                0x200223d0                CreateCUF
 .text.ExecuteCUF
                0x200224e4      0x1e8 ./src/sub-systemCode/CUF/CUF.o
                0x200224e4                ExecuteCUF
 .text.IntegrateCUF
                0x200226cc      0x1a4 ./src/sub-systemCode/CUF/CUF.o
                0x200226cc                IntegrateCUF
 .text.AddToCUFTempArray
                0x20022870       0xa0 ./src/sub-systemCode/CUF/CUF.o
                0x20022870                AddToCUFTempArray
 .text.GetFromCUFTempArray
                0x20022910       0x88 ./src/sub-systemCode/CUF/CUF.o
                0x20022910                GetFromCUFTempArray
 .text.DisableCUF
                0x20022998       0x84 ./src/sub-systemCode/CUF/CUF.o
                0x20022998                DisableCUF
 .text.EnableCUF
                0x20022a1c       0x84 ./src/sub-systemCode/CUF/CUF.o
                0x20022a1c                EnableCUF
 .text.initializeUpload
                0x20022aa0       0x9c ./src/sub-systemCode/CUF/uploadCodeTelemetry.o
                0x20022aa0                initializeUpload
 .text.removeFiles
                0x20022b3c       0xc0 ./src/sub-systemCode/CUF/uploadCodeTelemetry.o
                0x20022b3c                removeFiles
 .text.loadBackup
                0x20022bfc      0x128 ./src/sub-systemCode/CUF/uploadCodeTelemetry.o
                0x20022bfc                loadBackup
 .text.addToArray
                0x20022d24       0xc8 ./src/sub-systemCode/CUF/uploadCodeTelemetry.o
                0x20022d24                addToArray
 .text.headerHandle
                0x20022dec       0xa8 ./src/sub-systemCode/CUF/uploadCodeTelemetry.o
                0x20022dec                headerHandle
 .text.startCUFintegration
                0x20022e94      0x1e4 ./src/sub-systemCode/CUF/uploadCodeTelemetry.o
                0x20022e94                startCUFintegration
 .text.saveBackup
                0x20023078       0xf8 ./src/sub-systemCode/CUF/uploadCodeTelemetry.o
                0x20023078                saveBackup
 .text.saveAck  0x20023170       0x28 ./src/sub-systemCode/CUF/uploadCodeTelemetry.o
                0x20023170                saveAck
 .text.reset_APRS_list
                0x20023198       0xa4 ./src/sub-systemCode/COMM/APRS.o
                0x20023198                reset_APRS_list
 .text.send_APRS_Dump
                0x2002323c      0x1c0 ./src/sub-systemCode/COMM/APRS.o
                0x2002323c                send_APRS_Dump
 .text.get_APRS_list
                0x200233fc       0x88 ./src/sub-systemCode/COMM/APRS.o
                0x200233fc                get_APRS_list
 .text.find_CMD_in_list
                0x20023484       0x7c ./src/sub-systemCode/COMM/DelayedCommand_list.o
                0x20023484                find_CMD_in_list
 .text.find_empty_in_list
                0x20023500       0x74 ./src/sub-systemCode/COMM/DelayedCommand_list.o
                0x20023500                find_empty_in_list
 .text.check_delayCommandTime
                0x20023574       0x8c ./src/sub-systemCode/COMM/DelayedCommand_list.o
                0x20023574                check_delayCommandTime
 .text.execute_delayedCommand
                0x20023600       0x8c ./src/sub-systemCode/COMM/DelayedCommand_list.o
                0x20023600                execute_delayedCommand
 .text.check_delaycommand
                0x2002368c      0x17c ./src/sub-systemCode/COMM/DelayedCommand_list.o
                0x2002368c                check_delaycommand
 .text.reset_delayCommand
                0x20023808       0x8c ./src/sub-systemCode/COMM/DelayedCommand_list.o
                0x20023808                reset_delayCommand
 .text.add_delayCommand
                0x20023894      0x1cc ./src/sub-systemCode/COMM/DelayedCommand_list.o
                0x20023894                add_delayCommand
 .text.get_delayCommand_list
                0x20023a60       0x80 ./src/sub-systemCode/COMM/DelayedCommand_list.o
                0x20023a60                get_delayCommand_list
 .text.EmptyOldestCommand
                0x20023ae0      0x108 ./src/sub-systemCode/COMM/DelayedCommand_list.o
                0x20023ae0                EmptyOldestCommand
 .text.decode_TCpacket
                0x20023be8      0x16c ./src/sub-systemCode/COMM/GSC.o
                0x20023be8                decode_TCpacket
 .text.encode_TCpacket
                0x20023d54      0x114 ./src/sub-systemCode/COMM/GSC.o
                0x20023d54                encode_TCpacket
 .text.encode_TMpacket
                0x20023e68      0x104 ./src/sub-systemCode/COMM/GSC.o
                0x20023e68                encode_TMpacket
 .text.build_raw_ACK
                0x20023f6c       0xbc ./src/sub-systemCode/COMM/GSC.o
                0x20023f6c                build_raw_ACK
 .text.build_data_field_ACK
                0x20024028       0x74 ./src/sub-systemCode/COMM/GSC.o
                0x20024028                build_data_field_ACK
 .text.update_FRAM_bitRate
                0x2002409c       0xd0 ./src/sub-systemCode/COMM/TRXVU.o
                0x2002409c                update_FRAM_bitRate
 .text.toggle_idle_state
                0x2002416c       0x94 ./src/sub-systemCode/COMM/TRXVU.o
                0x2002416c                toggle_idle_state
 .text.TRXVU_init_hardWare
                0x20024200       0xac ./src/sub-systemCode/COMM/TRXVU.o
                0x20024200                TRXVU_init_hardWare
 .text.TRXVU_init_softWare
                0x200242ac      0x100 ./src/sub-systemCode/COMM/TRXVU.o
                0x200242ac                TRXVU_init_softWare
 .text.init_trxvu
                0x200243ac       0x14 ./src/sub-systemCode/COMM/TRXVU.o
                0x200243ac                init_trxvu
 .text.TRXVU_task
                0x200243c0       0xa4 ./src/sub-systemCode/COMM/TRXVU.o
                0x200243c0                TRXVU_task
 .text.dump_logic
                0x20024464      0x378 ./src/sub-systemCode/COMM/TRXVU.o
                0x20024464                dump_logic
 .text.Dump_task
                0x200247dc      0x178 ./src/sub-systemCode/COMM/TRXVU.o
                0x200247dc                Dump_task
 .text.transponder_logic
                0x20024954       0xe8 ./src/sub-systemCode/COMM/TRXVU.o
                0x20024954                transponder_logic
 .text.Transponder_task
                0x20024a3c      0x1d4 ./src/sub-systemCode/COMM/TRXVU.o
                0x20024a3c                Transponder_task
 .text.lookForRequestToDelete_transponder
                0x20024c10       0x90 ./src/sub-systemCode/COMM/TRXVU.o
                0x20024c10                lookForRequestToDelete_transponder
 .text.lookForRequestToDelete_dump
                0x20024ca0       0x88 ./src/sub-systemCode/COMM/TRXVU.o
                0x20024ca0                lookForRequestToDelete_dump
 .text.sendRequestToStop_dump
                0x20024d28       0x8c ./src/sub-systemCode/COMM/TRXVU.o
                0x20024d28                sendRequestToStop_dump
 .text.sendRequestToStop_transponder
                0x20024db4       0x8c ./src/sub-systemCode/COMM/TRXVU.o
                0x20024db4                sendRequestToStop_transponder
 .text.Rx_logic
                0x20024e40      0x190 ./src/sub-systemCode/COMM/TRXVU.o
                0x20024e40                Rx_logic
 .text.pass_above_Ground
                0x20024fd0      0x104 ./src/sub-systemCode/COMM/TRXVU.o
                0x20024fd0                pass_above_Ground
 .text.check_TRXVUState
                0x200250d4       0xf0 ./src/sub-systemCode/COMM/TRXVU.o
                0x200250d4                check_TRXVUState
 .text.trxvu_logic
                0x200251c4       0x20 ./src/sub-systemCode/COMM/TRXVU.o
                0x200251c4                trxvu_logic
 .text.Beacon_task
                0x200251e4      0x194 ./src/sub-systemCode/COMM/TRXVU.o
                0x200251e4                Beacon_task
 .text.buildAndSend_beacon
                0x20025378      0x5a0 ./src/sub-systemCode/COMM/TRXVU.o
                0x20025378                buildAndSend_beacon
 .text.reset_FRAM_TRXVU
                0x20025918      0x160 ./src/sub-systemCode/COMM/TRXVU.o
                0x20025918                reset_FRAM_TRXVU
 .text.TRX_sendFrame
                0x20025a78      0x1ac ./src/sub-systemCode/COMM/TRXVU.o
                0x20025a78                TRX_sendFrame
 .text.TRX_getFrameData
                0x20025c24      0x10c ./src/sub-systemCode/COMM/TRXVU.o
                0x20025c24                TRX_getFrameData
 .text.mute_Tx  0x20025d30       0x20 ./src/sub-systemCode/COMM/TRXVU.o
                0x20025d30                mute_Tx
 .text.unmute_Tx
                0x20025d50       0x58 ./src/sub-systemCode/COMM/TRXVU.o
                0x20025d50                unmute_Tx
 .text.check_time_off_mute
                0x20025da8       0x88 ./src/sub-systemCode/COMM/TRXVU.o
                0x20025da8                check_time_off_mute
 .text.set_mute_time
                0x20025e30       0xb4 ./src/sub-systemCode/COMM/TRXVU.o
                0x20025e30                set_mute_time
 .text.change_TRXVU_state
                0x20025ee4       0xe0 ./src/sub-systemCode/COMM/TRXVU.o
                0x20025ee4                change_TRXVU_state
 .text.change_trans_RSSI
                0x20025fc4       0x60 ./src/sub-systemCode/COMM/TRXVU.o
                0x20025fc4                change_trans_RSSI
 .text.AdcsReadI2cAck
                0x20026024       0xfc ./src/sub-systemCode/ADCS/AdcsCommands.o
                0x20026024                AdcsReadI2cAck
 .text.AdcsGenericI2cCmd
                0x20026120      0x198 ./src/sub-systemCode/ADCS/AdcsCommands.o
                0x20026120                AdcsGenericI2cCmd
 .text.SendAdcsTlm
                0x200262b8      0x1b8 ./src/sub-systemCode/ADCS/AdcsCommands.o
                0x200262b8                SendAdcsTlm
 .text.AdcsExecuteCommand
                0x20026470     0x1e84 ./src/sub-systemCode/ADCS/AdcsCommands.o
                0x20026470                AdcsExecuteCommand
 .text.cspaceADCS_getEstimatedAngles
                0x200282f4       0x98 ./src/sub-systemCode/ADCS/AdcsGetDataAndTlm.o
                0x200282f4                cspaceADCS_getEstimatedAngles
 .text.cspaceADCS_getEstimatedAnglesRates
                0x2002838c       0x98 ./src/sub-systemCode/ADCS/AdcsGetDataAndTlm.o
                0x2002838c                cspaceADCS_getEstimatedAnglesRates
 .text.cspaceADCS_getSatellitePosition
                0x20028424       0x98 ./src/sub-systemCode/ADCS/AdcsGetDataAndTlm.o
                0x20028424                cspaceADCS_getSatellitePosition
 .text.InitTlmElements
                0x200284bc      0x238 ./src/sub-systemCode/ADCS/AdcsGetDataAndTlm.o
                0x200284bc                InitTlmElements
 .text.CreateTlmElementFiles
                0x200286f4      0x178 ./src/sub-systemCode/ADCS/AdcsGetDataAndTlm.o
                0x200286f4                CreateTlmElementFiles
 .text.SaveElementTlmAtIndex
                0x2002886c      0x3f0 ./src/sub-systemCode/ADCS/AdcsGetDataAndTlm.o
                0x2002886c                SaveElementTlmAtIndex
 .text.UpdateTlmElementAtIndex
                0x20028c5c      0x150 ./src/sub-systemCode/ADCS/AdcsGetDataAndTlm.o
                0x20028c5c                UpdateTlmElementAtIndex
 .text.UpdateTlmToSaveVector
                0x20028dac       0xc8 ./src/sub-systemCode/ADCS/AdcsGetDataAndTlm.o
                0x20028dac                UpdateTlmToSaveVector
 .text.UpdateTlmPeriodVector
                0x20028e74      0x120 ./src/sub-systemCode/ADCS/AdcsGetDataAndTlm.o
                0x20028e74                UpdateTlmPeriodVector
 .text.AdcsGetTlmOverrideFlag
                0x20028f94       0x5c ./src/sub-systemCode/ADCS/AdcsGetDataAndTlm.o
                0x20028f94                AdcsGetTlmOverrideFlag
 .text.AdcsSetTlmOverrideFlag
                0x20028ff0       0x9c ./src/sub-systemCode/ADCS/AdcsGetDataAndTlm.o
                0x20028ff0                AdcsSetTlmOverrideFlag
 .text.RestoreDefaultTlmElement
                0x2002908c      0x1ec ./src/sub-systemCode/ADCS/AdcsGetDataAndTlm.o
                0x2002908c                RestoreDefaultTlmElement
 .text.GetTlmElementAtIndex
                0x20029278       0x80 ./src/sub-systemCode/ADCS/AdcsGetDataAndTlm.o
                0x20029278                GetTlmElementAtIndex
 .text.GatherTlmAndData
                0x200292f8       0xd0 ./src/sub-systemCode/ADCS/AdcsGetDataAndTlm.o
                0x200292f8                GatherTlmAndData
 .text.UpdateAdcsFramParameters
                0x200293c8      0x124 ./src/sub-systemCode/ADCS/AdcsMain.o
                0x200293c8                UpdateAdcsFramParameters
 .text.AdcsInit
                0x200294ec      0x168 ./src/sub-systemCode/ADCS/AdcsMain.o
                0x200294ec                AdcsInit
 .text.AdcsTask
                0x20029654      0x11c ./src/sub-systemCode/ADCS/AdcsMain.o
                0x20029654                AdcsTask
 .text.AdcsTroubleShooting
                0x20029770       0x88 ./src/sub-systemCode/ADCS/AdcsTroubleShooting.o
                0x20029770                AdcsTroubleShooting
 .text.UpdateAdcsStateMachine
                0x200297f8       0x1c ./src/sub-systemCode/ADCS/StateMachine.o
                0x200297f8                UpdateAdcsStateMachine
 .text.save_time
                0x20029814       0x9c ./src/main.o
                0x20029814                save_time
 .text.Command_logic
                0x200298b0       0x6c ./src/main.o
                0x200298b0                Command_logic
 .text.taskMain
                0x2002991c       0x74 ./src/main.o
                0x2002991c                taskMain
 .text.main     0x20029990       0xc4 ./src/main.o
                0x20029990                main
 .text.GomEpsInitialize
                0x20029a54      0x148 C:/HOOPOE3/satellite-subsystems/demo/..//satellite-subsystems/lib\libSatelliteSubsystemsD.a(GomEPS.o)
                0x20029a54                GomEpsInitialize
 .text.makeEPStransfer
                0x20029b9c       0x3c C:/HOOPOE3/satellite-subsystems/demo/..//satellite-subsystems/lib\libSatelliteSubsystemsD.a(GomEPS.o)
 .text.GomEpsPing
                0x20029bd8       0xf8 C:/HOOPOE3/satellite-subsystems/demo/..//satellite-subsystems/lib\libSatelliteSubsystemsD.a(GomEPS.o)
                0x20029bd8                GomEpsPing
 .text.GomEpsSoftReset
                0x20029cd0       0xc4 C:/HOOPOE3/satellite-subsystems/demo/..//satellite-subsystems/lib\libSatelliteSubsystemsD.a(GomEPS.o)
                0x20029cd0                GomEpsSoftReset
 .text.GomEpsHardReset
                0x20029d94       0xa8 C:/HOOPOE3/satellite-subsystems/demo/..//satellite-subsystems/lib\libSatelliteSubsystemsD.a(GomEPS.o)
                0x20029d94                GomEpsHardReset
 .text.GomEpsGetHkData_param
                0x20029e3c      0x29c C:/HOOPOE3/satellite-subsystems/demo/..//satellite-subsystems/lib\libSatelliteSubsystemsD.a(GomEPS.o)
                0x20029e3c                GomEpsGetHkData_param
 .text.GomEpsGetHkData_general
                0x2002a0d8      0x45c C:/HOOPOE3/satellite-subsystems/demo/..//satellite-subsystems/lib\libSatelliteSubsystemsD.a(GomEPS.o)
                0x2002a0d8                GomEpsGetHkData_general
 .text.GomEpsGetHkData_vi
                0x2002a534      0x188 C:/HOOPOE3/satellite-subsystems/demo/..//satellite-subsystems/lib\libSatelliteSubsystemsD.a(GomEPS.o)
                0x2002a534                GomEpsGetHkData_vi
 .text.GomEpsGetHkData_out
                0x2002a6bc      0x21c C:/HOOPOE3/satellite-subsystems/demo/..//satellite-subsystems/lib\libSatelliteSubsystemsD.a(GomEPS.o)
                0x2002a6bc                GomEpsGetHkData_out
 .text.GomEpsGetHkData_wdt
                0x2002a8d8      0x2b4 C:/HOOPOE3/satellite-subsystems/demo/..//satellite-subsystems/lib\libSatelliteSubsystemsD.a(GomEPS.o)
                0x2002a8d8                GomEpsGetHkData_wdt
 .text.GomEpsGetHkData_basic
                0x2002ab8c      0x22c C:/HOOPOE3/satellite-subsystems/demo/..//satellite-subsystems/lib\libSatelliteSubsystemsD.a(GomEPS.o)
                0x2002ab8c                GomEpsGetHkData_basic
 .text.GomEpsSetOutput
                0x2002adb8       0xbc C:/HOOPOE3/satellite-subsystems/demo/..//satellite-subsystems/lib\libSatelliteSubsystemsD.a(GomEPS.o)
                0x2002adb8                GomEpsSetOutput
 .text.GomEpsResetWDT
                0x2002ae74       0xc4 C:/HOOPOE3/satellite-subsystems/demo/..//satellite-subsystems/lib\libSatelliteSubsystemsD.a(GomEPS.o)
                0x2002ae74                GomEpsResetWDT
 .text.GomEpsConfigGet
                0x2002af38      0x16c C:/HOOPOE3/satellite-subsystems/demo/..//satellite-subsystems/lib\libSatelliteSubsystemsD.a(GomEPS.o)