Archive member included because of file (symbol)

c:/isis/application/toolchain/bin/../lib/gcc/arm-none-eabi/4.7.4/../../../../arm-none-eabi/lib\libc_s.a(lib_a-vfprintf_float.o)
                              (_printf_float)
c:/isis/application/toolchain/bin/../lib/gcc/arm-none-eabi/4.7.4/../../../../arm-none-eabi/lib\libc_s.a(lib_a-vfprintf_i.o)
                              c:/isis/application/toolchain/bin/../lib/gcc/arm-none-eabi/4.7.4/../../../../arm-none-eabi/lib\libc_s.a(lib_a-vfprintf_float.o) (_printf_common)
c:/isis/application/toolchain/bin/../lib/gcc/arm-none-eabi/4.7.4/../../../../arm-none-eabi/lib\libc_s.a(lib_a-vfscanf_float.o)
                              (_scanf_float)
c:/isis/application/toolchain/bin/../lib/gcc/arm-none-eabi/4.7.4/../../../../arm-none-eabi/lib\libc_s.a(lib_a-dtoa.o)
                              c:/isis/application/toolchain/bin/../lib/gcc/arm-none-eabi/4.7.4/../../../../arm-none-eabi/lib\libc_s.a(lib_a-vfprintf_float.o) (_dtoa_r)
c:/isis/application/toolchain/bin/../lib/gcc/arm-none-eabi/4.7.4/../../../../arm-none-eabi/lib\libc_s.a(lib_a-locale.o)
                              c:/isis/application/toolchain/bin/../lib/gcc/arm-none-eabi/4.7.4/../../../../arm-none-eabi/lib\libc_s.a(lib_a-vfprintf_float.o) (_localeconv_r)
c:/isis/application/toolchain/bin/../lib/gcc/arm-none-eabi/4.7.4/../../../../arm-none-eabi/lib\libc_s.a(lib_a-malloc.o)
                              c:/isis/application/toolchain/bin/../lib/gcc/arm-none-eabi/4.7.4/../../../../arm-none-eabi/lib\libc_s.a(lib_a-dtoa.o) (malloc)
c:/isis/application/toolchain/bin/../lib/gcc/arm-none-eabi/4.7.4/../../../../arm-none-eabi/lib\libc_s.a(lib_a-mallocr.o)
                              c:/isis/application/toolchain/bin/../lib/gcc/arm-none-eabi/4.7.4/../../../../arm-none-eabi/lib\libc_s.a(lib_a-malloc.o) (_malloc_r)
c:/isis/application/toolchain/bin/../lib/gcc/arm-none-eabi/4.7.4/../../../../arm-none-eabi/lib\libc_s.a(lib_a-memcpy.o)
                              c:/isis/application/toolchain/bin/../lib/gcc/arm-none-eabi/4.7.4/../../../../arm-none-eabi/lib\libc_s.a(lib_a-dtoa.o) (memcpy)
c:/isis/application/toolchain/bin/../lib/gcc/arm-none-eabi/4.7.4/../../../../arm-none-eabi/lib\libc_s.a(lib_a-mprec.o)
                              c:/isis/application/toolchain/bin/../lib/gcc/arm-none-eabi/4.7.4/../../../../arm-none-eabi/lib\libc_s.a(lib_a-dtoa.o) (_Balloc)
c:/isis/application/toolchain/bin/../lib/gcc/arm-none-eabi/4.7.4/../../../../arm-none-eabi/lib\libc_s.a(lib_a-s_fpclassify.o)
                              c:/isis/application/toolchain/bin/../lib/gcc/arm-none-eabi/4.7.4/../../../../arm-none-eabi/lib\libc_s.a(lib_a-vfprintf_float.o) (__fpclassifyd)
c:/isis/application/toolchain/bin/../lib/gcc/arm-none-eabi/4.7.4/../../../../arm-none-eabi/lib\libc_s.a(lib_a-sbrkr.o)
                              c:/isis/application/toolchain/bin/../lib/gcc/arm-none-eabi/4.7.4/../../../../arm-none-eabi/lib\libc_s.a(lib_a-mallocr.o) (_sbrk_r)
c:/isis/application/toolchain/bin/../lib/gcc/arm-none-eabi/4.7.4/../../../../arm-none-eabi/lib\libc_s.a(lib_a-sf_nan.o)
                              c:/isis/application/toolchain/bin/../lib/gcc/arm-none-eabi/4.7.4/../../../../arm-none-eabi/lib\libc_s.a(lib_a-vfscanf_float.o) (nanf)
c:/isis/application/toolchain/bin/../lib/gcc/arm-none-eabi/4.7.4/../../../../arm-none-eabi/lib\libc_s.a(lib_a-sprintf.o)
                              c:/isis/application/toolchain/bin/../lib/gcc/arm-none-eabi/4.7.4/../../../../arm-none-eabi/lib\libc_s.a(lib_a-vfscanf_float.o) (sprintf)
c:/isis/application/toolchain/bin/../lib/gcc/arm-none-eabi/4.7.4/../../../../arm-none-eabi/lib\libc_s.a(lib_a-strcmp.o)
                              c:/isis/application/toolchain/bin/../lib/gcc/arm-none-eabi/4.7.4/../../../../arm-none-eabi/lib\libc_s.a(lib_a-locale.o) (strcmp)
c:/isis/application/toolchain/bin/../lib/gcc/arm-none-eabi/4.7.4/../../../../arm-none-eabi/lib\libc_s.a(lib_a-strlen.o)
                              c:/isis/application/toolchain/bin/../lib/gcc/arm-none-eabi/4.7.4/../../../../arm-none-eabi/lib\libc_s.a(lib_a-vfprintf_float.o) (strlen)
c:/isis/application/toolchain/bin/../lib/gcc/arm-none-eabi/4.7.4/../../../../arm-none-eabi/lib\libc_s.a(lib_a-strtod.o)
                              c:/isis/application/toolchain/bin/../lib/gcc/arm-none-eabi/4.7.4/../../../../arm-none-eabi/lib\libc_s.a(lib_a-vfscanf_float.o) (_strtod_r)
c:/isis/application/toolchain/bin/../lib/gcc/arm-none-eabi/4.7.4/../../../../arm-none-eabi/lib\libc_s.a(lib_a-strtol.o)
                              c:/isis/application/toolchain/bin/../lib/gcc/arm-none-eabi/4.7.4/../../../../arm-none-eabi/lib\libc_s.a(lib_a-vfscanf_float.o) (_strtol_r)
c:/isis/application/toolchain/bin/../lib/gcc/arm-none-eabi/4.7.4/../../../../arm-none-eabi/lib\libc_s.a(lib_a-svfprintf.o)
                              c:/isis/application/toolchain/bin/../lib/gcc/arm-none-eabi/4.7.4/../../../../arm-none-eabi/lib\libc_s.a(lib_a-sprintf.o) (_svfprintf_r)
[...]
Memory Configuration

Name             Origin             Length             Attributes
sram0            0x00200000         0x00004000         w !xr
sram1            0x00300000         0x00004000         w !xr
sdram            0x20000000         0x02000000         w !xr
*default*        0x00000000         0xffffffff

Linker script and memory map

LOAD c:/isis/application/toolchain/bin/../lib/gcc/arm-none-eabi/4.7.4/../../../../arm-none-eabi/lib\libc_s.a
LOAD ./src/sub-systemCode/Main/CMD/COMM_CMD.o
LOAD ./src/sub-systemCode/Main/CMD/EPS_CMD.o
LOAD ./src/sub-systemCode/Main/CMD/General_CMD.o
LOAD ./src/sub-systemCode/Main/CMD/SW_CMD.o
LOAD ./src/sub-systemCode/Main/CMD/payload_CMD.o
LOAD ./src/sub-systemCode/Main/Ants.o
LOAD ./src/sub-systemCode/Main/EPS.o
LOAD ./src/sub-systemCode/Main/HouseKeeping.o
LOAD ./src/sub-systemCode/Main/Main_Init.o
LOAD ./src/sub-systemCode/Main/commands.o
LOAD ./src/sub-systemCode/Global/Global.o
LOAD ./src/sub-systemCode/Global/GlobalParam.o
LOAD ./src/sub-systemCode/Global/OnlineTM.o
LOAD ./src/sub-systemCode/Global/TLM_management.o
LOAD ./src/sub-systemCode/COMM/APRS.o
LOAD ./src/sub-systemCode/COMM/DelayedCommand_list.o
LOAD ./src/sub-systemCode/COMM/GSC.o
LOAD ./src/sub-systemCode/COMM/TRXVU.o
LOAD ./src/sub-systemCode/ADCS/ADCS.o
LOAD ./src/sub-systemCode/ADCS/Stage_Table.o
LOAD ./src/main.o
LOAD C:/HOOPOE3/satellite-subsystems/demo/..//satellite-subsystems/lib\libSatelliteSubsystemsD.a
LOAD c:/isis/application/toolchain/bin/../lib/gcc/arm-none-eabi/4.7.4/../../../../arm-none-eabi/lib\libm.a
LOAD C:/HOOPOE3/satellite-subsystems/demo/../..//hal/hcc/lib\libHCCD.a
LOAD C:/HOOPOE3/satellite-subsystems/demo/../..//hal/hal/lib\libHALD.a
LOAD C:/HOOPOE3/satellite-subsystems/demo/../..//hal/freertos/lib\libFreeRTOSD.a
LOAD C:/HOOPOE3/satellite-subsystems/demo/../..//hal/at91/lib\libAt91D.a
START GROUP
LOAD c:/isis/application/toolchain/bin/../lib/gcc/arm-none-eabi/4.7.4\libgcc.a
LOAD c:/isis/application/toolchain/bin/../lib/gcc/arm-none-eabi/4.7.4/../../../../arm-none-eabi/lib\libc_s.a
END GROUP

.fixed          0x20000000    0x40c30
                0x20000000                . = ALIGN (0x4)
                0x20000000                _sfixed = .
 *(.startup)
 .startup       0x20000000      0x134 C:/HOOPOE3/satellite-subsystems/demo/../..//hal/at91/lib\libAt91D.a(board_cstartup.o)
                0x20000000                entry
 *(.text)
 .text          0x20000134       0x64 C:/HOOPOE3/satellite-subsystems/demo/../..//hal/at91/lib\libAt91D.a(cp15_asm.o)
                0x20000134                _readControlRegister
                0x20000140                _writeControlRegister
                0x20000148                _waitForInterrupt
                0x20000154                _writeTTB
                0x2000015c                _writeDomain
                0x20000164                _writeITLBLockdown
                0x2000016c                _prefetchICacheLine
                0x20000174                _flushDCache
                0x20000180                _flushWriteBuffer
                0x2000018c                _invalidateIDTLBs
 .text          0x20000198      0x114 c:/isis/application/toolchain/bin/../lib/gcc/arm-none-eabi/4.7.4\libgcc.a(_udivsi3.o)
                0x20000198                __aeabi_uidiv
                0x20000198                __udivsi3
                0x2000028c                __aeabi_uidivmod
 .text          0x200002ac      0x148 c:/isis/application/toolchain/bin/../lib/gcc/arm-none-eabi/4.7.4\libgcc.a(_divsi3.o)
                0x200002ac                __divsi3
                0x200002ac                __aeabi_idiv
                0x200003d4                __aeabi_idivmod
 .text          0x200003f4        0x4 c:/isis/application/toolchain/bin/../lib/gcc/arm-none-eabi/4.7.4\libgcc.a(_dvmd_tls.o)
                0x200003f4                __aeabi_idiv0
                0x200003f4                __aeabi_ldiv0
 .text          0x200003f8      0x41c c:/isis/application/toolchain/bin/../lib/gcc/arm-none-eabi/4.7.4\libgcc.a(_arm_addsubdf3.o)
                0x200003f8                __aeabi_drsub
                0x20000400                __aeabi_dsub
                0x20000400                __subdf3
                0x20000404                __aeabi_dadd
                0x20000404                __adddf3
                0x20000714                __floatunsidf
                0x20000714                __aeabi_ui2d
                0x20000738                __floatsidf
                0x20000738                __aeabi_i2d
                0x20000760                __aeabi_f2d
                0x20000760                __extendsfdf2
                0x200007a0                __floatundidf
                0x200007a0                __aeabi_ul2d
                0x200007b4                __floatdidf
                0x200007b4                __aeabi_l2d
 .text          0x20000814      0x49c c:/isis/application/toolchain/bin/../lib/gcc/arm-none-eabi/4.7.4\libgcc.a(_arm_muldivdf3.o)
                0x20000814                __aeabi_dmul
                0x20000814                __muldf3
                0x20000aa4                __divdf3
                0x20000aa4                __aeabi_ddiv
 .text          0x20000cb0      0x144 c:/isis/application/toolchain/bin/../lib/gcc/arm-none-eabi/4.7.4\libgcc.a(_arm_cmpdf2.o)
                0x20000cb0                __gtdf2
                0x20000cb0                __gedf2
                0x20000cb8                __ltdf2
                0x20000cb8                __ledf2
                0x20000cc0                __nedf2
                0x20000cc0                __eqdf2
                0x20000cc0                __cmpdf2
                0x20000d48                __aeabi_cdrcmple
                0x20000d64                __aeabi_cdcmpeq
                0x20000d64                __aeabi_cdcmple
                0x20000d7c                __aeabi_dcmpeq
                0x20000d94                __aeabi_dcmplt
                0x20000dac                __aeabi_dcmple
                0x20000dc4                __aeabi_dcmpge
                0x20000ddc                __aeabi_dcmpgt
 .text          0x20000df4       0x5c c:/isis/application/toolchain/bin/../lib/gcc/arm-none-eabi/4.7.4\libgcc.a(_arm_fixdfsi.o)
                0x20000df4                __aeabi_d2iz
                0x20000df4                __fixdfsi
 .text          0x20000e50       0x54 c:/isis/application/toolchain/bin/../lib/gcc/arm-none-eabi/4.7.4\libgcc.a(_arm_fixunsdfsi.o)
                0x20000e50                __aeabi_d2uiz
                0x20000e50                __fixunsdfsi
 .text          0x20000ea4       0xa0 c:/isis/application/toolchain/bin/../lib/gcc/arm-none-eabi/4.7.4\libgcc.a(_arm_truncdfsf2.o)
                0x20000ea4                __truncdfsf2
                0x20000ea4                __aeabi_d2f
 .text          0x20000f44      0x2ac c:/isis/application/toolchain/bin/../lib/gcc/arm-none-eabi/4.7.4\libgcc.a(_arm_addsubsf3.o)
                0x20000f44                __aeabi_frsub
                0x20000f4c                __subsf3
                0x20000f4c                __aeabi_fsub
                0x20000f50                __aeabi_fadd
                0x20000f50                __addsf3
                0x2000110c                __aeabi_ui2f
                0x2000110c                __floatunsisf
                0x20001114                __aeabi_i2f
                0x20001114                __floatsisf
                0x20001134                __aeabi_ul2f
                0x20001134                __floatundisf
                0x20001144                __aeabi_l2f
                0x20001144                __floatdisf
 .text          0x200011f0      0x2f8 c:/isis/application/toolchain/bin/../lib/gcc/arm-none-eabi/4.7.4\libgcc.a(_arm_muldivsf3.o)
                0x200011f0                __mulsf3
                0x200011f0                __aeabi_fmul
                0x20001388                __aeabi_fdiv
                0x20001388                __divsf3
 .text          0x200014e8       0x54 c:/isis/application/toolchain/bin/../lib/gcc/arm-none-eabi/4.7.4\libgcc.a(_arm_fixunssfsi.o)
                0x200014e8                __fixunssfsi
                0x200014e8                __aeabi_f2uiz
 *(.text*)
 .text.__cvt    0x2000153c      0x138 c:/isis/application/toolchain/bin/../lib/gcc/arm-none-eabi/4.7.4/../../../../arm-none-eabi/lib\libc_s.a(lib_a-vfprintf_float.o)
                0x2000153c                __cvt
 .text.__exponent
                0x20001674       0xa8 c:/isis/application/toolchain/bin/../lib/gcc/arm-none-eabi/4.7.4/../../../../arm-none-eabi/lib\libc_s.a(lib_a-vfprintf_float.o)
                0x20001674                __exponent
 .text._printf_float
                0x2000171c      0x7dc c:/isis/application/toolchain/bin/../lib/gcc/arm-none-eabi/4.7.4/../../../../arm-none-eabi/lib\libc_s.a(lib_a-vfprintf_float.o)
                0x2000171c                _printf_float
 .text._printf_common
                0x20001ef8      0x174 c:/isis/application/toolchain/bin/../lib/gcc/arm-none-eabi/4.7.4/../../../../arm-none-eabi/lib\libc_s.a(lib_a-vfprintf_i.o)
                0x20001ef8                _printf_common
 .text._printf_i
                0x2000206c      0x3c4 c:/isis/application/toolchain/bin/../lib/gcc/arm-none-eabi/4.7.4/../../../../arm-none-eabi/lib\libc_s.a(lib_a-vfprintf_i.o)
                0x2000206c                _printf_i
 .text._scanf_float
                0x20002430      0x5f4 c:/isis/application/toolchain/bin/../lib/gcc/arm-none-eabi/4.7.4/../../../../arm-none-eabi/lib\libc_s.a(lib_a-vfscanf_float.o)
                0x20002430                _scanf_float
 .text.quorem   0x20002a24      0x1ac c:/isis/application/toolchain/bin/../lib/gcc/arm-none-eabi/4.7.4/../../../../arm-none-eabi/lib\libc_s.a(lib_a-dtoa.o)
 .text._dtoa_r  0x20002bd0     0x1268 c:/isis/application/toolchain/bin/../lib/gcc/arm-none-eabi/4.7.4/../../../../arm-none-eabi/lib\libc_s.a(lib_a-dtoa.o)
                0x20002bd0                _dtoa_r
 .text._localeconv_r
                0x20003e38        0xc c:/isis/application/toolchain/bin/../lib/gcc/arm-none-eabi/4.7.4/../../../../arm-none-eabi/lib\libc_s.a(lib_a-locale.o)
                0x20003e38                _localeconv_r
 .text.malloc   0x20003e44       0x20 c:/isis/application/toolchain/bin/../lib/gcc/arm-none-eabi/4.7.4/../../../../arm-none-eabi/lib\libc_s.a(lib_a-malloc.o)
                0x20003e44                malloc
 .text.free     0x20003e64       0x20 c:/isis/application/toolchain/bin/../lib/gcc/arm-none-eabi/4.7.4/../../../../arm-none-eabi/lib\libc_s.a(lib_a-malloc.o)
                0x20003e64                free
 .text._malloc_r
                0x20003e84       0xfc c:/isis/application/toolchain/bin/../lib/gcc/arm-none-eabi/4.7.4/../../../../arm-none-eabi/lib\libc_s.a(lib_a-mallocr.o)
                0x20003e84                _malloc_r
 .text.memcpy   0x20003f80       0x20 c:/isis/application/toolchain/bin/../lib/gcc/arm-none-eabi/4.7.4/../../../../arm-none-eabi/lib\libc_s.a(lib_a-memcpy.o)
                0x20003f80                memcpy
 .text._Balloc  0x20003fa0       0xcc c:/isis/application/toolchain/bin/../lib/gcc/arm-none-eabi/4.7.4/../../../../arm-none-eabi/lib\libc_s.a(lib_a-mprec.o)
                0x20003fa0                _Balloc
 .text._Bfree   0x2000406c       0x5c c:/isis/application/toolchain/bin/../lib/gcc/arm-none-eabi/4.7.4/../../../../arm-none-eabi/lib\libc_s.a(lib_a-mprec.o)
                0x2000406c                _Bfree
 .text.__multadd
                0x200040c8       0xbc c:/isis/application/toolchain/bin/../lib/gcc/arm-none-eabi/4.7.4/../../../../arm-none-eabi/lib\libc_s.a(lib_a-mprec.o)
                0x200040c8                __multadd
 .text.__s2b    0x20004184       0xd8 c:/isis/application/toolchain/bin/../lib/gcc/arm-none-eabi/4.7.4/../../../../arm-none-eabi/lib\libc_s.a(lib_a-mprec.o)
                0x20004184                __s2b
 .text.__hi0bits
                0x2000425c       0x58 c:/isis/application/toolchain/bin/../lib/gcc/arm-none-eabi/4.7.4/../../../../arm-none-eabi/lib\libc_s.a(lib_a-mprec.o)
                0x2000425c                __hi0bits
 .text.__lo0bits
                0x200042b4       0x94 c:/isis/application/toolchain/bin/../lib/gcc/arm-none-eabi/4.7.4/../../../../arm-none-eabi/lib\libc_s.a(lib_a-mprec.o)
                0x200042b4                __lo0bits
 .text.__i2b    0x20004348       0x24 c:/isis/application/toolchain/bin/../lib/gcc/arm-none-eabi/4.7.4/../../../../arm-none-eabi/lib\libc_s.a(lib_a-mprec.o)
                0x20004348                __i2b
 .text.__multiply
                0x2000436c      0x1ac c:/isis/application/toolchain/bin/../lib/gcc/arm-none-eabi/4.7.4/../../../../arm-none-eabi/lib\libc_s.a(lib_a-mprec.o)
                0x2000436c                __multiply
 .text.__pow5mult
                0x20004518      0x10c c:/isis/application/toolchain/bin/../lib/gcc/arm-none-eabi/4.7.4/../../../../arm-none-eabi/lib\libc_s.a(lib_a-mprec.o)
                0x20004518                __pow5mult
 .text.__lshift
                0x20004624       0xf0 c:/isis/application/toolchain/bin/../lib/gcc/arm-none-eabi/4.7.4/../../../../arm-none-eabi/lib\libc_s.a(lib_a-mprec.o)
                0x20004624                __lshift
 .text.__mcmp   0x20004714       0x60 c:/isis/application/toolchain/bin/../lib/gcc/arm-none-eabi/4.7.4/../../../../arm-none-eabi/lib\libc_s.a(lib_a-mprec.o)
                0x20004714                __mcmp
 .text.__mdiff  0x20004774      0x128 c:/isis/application/toolchain/bin/../lib/gcc/arm-none-eabi/4.7.4/../../../../arm-none-eabi/lib\libc_s.a(lib_a-mprec.o)
                0x20004774                __mdiff
 .text.__ulp    0x2000489c       0x5c c:/isis/application/toolchain/bin/../lib/gcc/arm-none-eabi/4.7.4/../../../../arm-none-eabi/lib\libc_s.a(lib_a-mprec.o)
                0x2000489c                __ulp
 .text.__b2d    0x200048f8       0xc8 c:/isis/application/toolchain/bin/../lib/gcc/arm-none-eabi/4.7.4/../../../../arm-none-eabi/lib\libc_s.a(lib_a-mprec.o)
                0x200048f8                __b2d
 .text.__d2b    0x200049c0       0xfc c:/isis/application/toolchain/bin/../lib/gcc/arm-none-eabi/4.7.4/../../../../arm-none-eabi/lib\libc_s.a(lib_a-mprec.o)
                0x200049c0                __d2b
 .text.__ratio  0x20004abc       0x70 c:/isis/application/toolchain/bin/../lib/gcc/arm-none-eabi/4.7.4/../../../../arm-none-eabi/lib\libc_s.a(lib_a-mprec.o)
                0x20004abc                __ratio
 .text.__copybits
                0x20004b2c       0x4c c:/isis/application/toolchain/bin/../lib/gcc/arm-none-eabi/4.7.4/../../../../arm-none-eabi/lib\libc_s.a(lib_a-mprec.o)
                0x20004b2c                __copybits
 .text.__any_on
                0x20004b78       0x7c c:/isis/application/toolchain/bin/../lib/gcc/arm-none-eabi/4.7.4/../../../../arm-none-eabi/lib\libc_s.a(lib_a-mprec.o)
                0x20004b78                __any_on
 .text.__fpclassifyd
                0x20004bf4       0x6c c:/isis/application/toolchain/bin/../lib/gcc/arm-none-eabi/4.7.4/../../../../arm-none-eabi/lib\libc_s.a(lib_a-s_fpclassify.o)
                0x20004bf4                __fpclassifyd
 .text._sbrk_r  0x20004c60       0x3c c:/isis/application/toolchain/bin/../lib/gcc/arm-none-eabi/4.7.4/../../../../arm-none-eabi/lib\libc_s.a(lib_a-sbrkr.o)
                0x20004c60                _sbrk_r
 .text.nanf     0x20004c9c        0xc c:/isis/application/toolchain/bin/../lib/gcc/arm-none-eabi/4.7.4/../../../../arm-none-eabi/lib\libc_s.a(lib_a-sf_nan.o)
                0x20004c9c                nanf
 .text.sprintf  0x20004ca8       0x6c c:/isis/application/toolchain/bin/../lib/gcc/arm-none-eabi/4.7.4/../../../../arm-none-eabi/lib\libc_s.a(lib_a-sprintf.o)
                0x20004ca8                siprintf
                0x20004ca8                sprintf
 .text.strcmp   0x20004d14       0x1c c:/isis/application/toolchain/bin/../lib/gcc/arm-none-eabi/4.7.4/../../../../arm-none-eabi/lib\libc_s.a(lib_a-strcmp.o)
                0x20004d14                strcmp
 .text.strlen   0x20004d30       0x1c c:/isis/application/toolchain/bin/../lib/gcc/arm-none-eabi/4.7.4/../../../../arm-none-eabi/lib\libc_s.a(lib_a-strlen.o)
                0x20004d30                strlen
 .text.match    0x20004d4c       0x54 c:/isis/application/toolchain/bin/../lib/gcc/arm-none-eabi/4.7.4/../../../../arm-none-eabi/lib\libc_s.a(lib_a-strtod.o)
 .text._strtod_r
                0x20004da0     0x1168 c:/isis/application/toolchain/bin/../lib/gcc/arm-none-eabi/4.7.4/../../../../arm-none-eabi/lib\libc_s.a(lib_a-strtod.o)
                0x20004da0                _strtod_r
 .text._strtol_r
                0x20005f08      0x1b8 c:/isis/application/toolchain/bin/../lib/gcc/arm-none-eabi/4.7.4/../../../../arm-none-eabi/lib\libc_s.a(lib_a-strtol.o)
                0x20005f08                _strtol_r
 .text.__ssputc_r
                0x200060c0      0x10c c:/isis/application/toolchain/bin/../lib/gcc/arm-none-eabi/4.7.4/../../../../arm-none-eabi/lib\libc_s.a(lib_a-svfprintf.o)
                0x200060c0                __ssputc_r
 .text._svfprintf_r
                0x200061cc      0x328 c:/isis/application/toolchain/bin/../lib/gcc/arm-none-eabi/4.7.4/../../../../arm-none-eabi/lib\libc_s.a(lib_a-svfprintf.o)
                0x200061cc                _svfiprintf_r
                0x200061cc                _svfprintf_r
 .text._calloc_r
                0x200064f4       0x2c c:/isis/application/toolchain/bin/../lib/gcc/arm-none-eabi/4.7.4/../../../../arm-none-eabi/lib\libc_s.a(lib_a-callocr.o)
                0x200064f4                _calloc_r
 .text._free_r  0x20006520      0x108 c:/isis/application/toolchain/bin/../lib/gcc/arm-none-eabi/4.7.4/../../../../arm-none-eabi/lib\libc_s.a(lib_a-freer.o)
                0x20006520                _free_r
 .text.rshift   0x20006628       0xb0 c:/isis/application/toolchain/bin/../lib/gcc/arm-none-eabi/4.7.4/../../../../arm-none-eabi/lib\libc_s.a(lib_a-gdtoa-gethex.o)
 .text.htinit.constprop.0
                0x200066d8       0x34 c:/isis/application/toolchain/bin/../lib/gcc/arm-none-eabi/4.7.4/../../../../arm-none-eabi/lib\libc_s.a(lib_a-gdtoa-gethex.o)
 .text.__hexdig_init
                0x2000670c       0x38 c:/isis/application/toolchain/bin/../lib/gcc/arm-none-eabi/4.7.4/../../../../arm-none-eabi/lib\libc_s.a(lib_a-gdtoa-gethex.o)
                0x2000670c                __hexdig_init
 .text.__gethex
                0x20006744      0x6cc c:/isis/application/toolchain/bin/../lib/gcc/arm-none-eabi/4.7.4/../../../../arm-none-eabi/lib\libc_s.a(lib_a-gdtoa-gethex.o)
                0x20006744                __gethex
 .text.L_shift  0x20006e10       0x38 c:/isis/application/toolchain/bin/../lib/gcc/arm-none-eabi/4.7.4/../../../../arm-none-eabi/lib\libc_s.a(lib_a-gdtoa-hexnan.o)
 .text.__hexnan
                0x20006e48      0x1d8 c:/isis/application/toolchain/bin/../lib/gcc/arm-none-eabi/4.7.4/../../../../arm-none-eabi/lib\libc_s.a(lib_a-gdtoa-hexnan.o)
                0x20006e48                __hexnan
 .text.memchr   0x20007020       0x34 c:/isis/application/toolchain/bin/../lib/gcc/arm-none-eabi/4.7.4/../../../../arm-none-eabi/lib\libc_s.a(lib_a-memchr.o)
                0x20007020                memchr
 .text.memset   0x20007054       0x1c c:/isis/application/toolchain/bin/../lib/gcc/arm-none-eabi/4.7.4/../../../../arm-none-eabi/lib\libc_s.a(lib_a-memset.o)
                0x20007054                memset
 .text._realloc_r
                0x20007070       0x80 c:/isis/application/toolchain/bin/../lib/gcc/arm-none-eabi/4.7.4/../../../../arm-none-eabi/lib\libc_s.a(lib_a-reallocr.o)
                0x20007070                _realloc_r
 .text.strncmp  0x200070f0       0x64 c:/isis/application/toolchain/bin/../lib/gcc/arm-none-eabi/4.7.4/../../../../arm-none-eabi/lib\libc_s.a(lib_a-strncmp.o)
                0x200070f0                strncmp
 .text._malloc_usable_size_r
                0x20007154       0x1c c:/isis/application/toolchain/bin/../lib/gcc/arm-none-eabi/4.7.4/../../../../arm-none-eabi/lib\libc_s.a(lib_a-msizer.o)
                0x20007154                _malloc_usable_size_r
 .text.cmd_mute
                0x20007170       0xc4 ./src/sub-systemCode/Main/CMD/COMM_CMD.o
                0x20007170                cmd_mute
 .text.cmd_unmute
                0x20007234       0x4c ./src/sub-systemCode/Main/CMD/COMM_CMD.o
                0x20007234                cmd_unmute
 .text.cmd_active_trans
                0x20007280       0xc0 ./src/sub-systemCode/Main/CMD/COMM_CMD.o
                0x20007280                cmd_active_trans
 .text.cmd_shut_trans
                0x20007340       0x38 ./src/sub-systemCode/Main/CMD/COMM_CMD.o
                0x20007340                cmd_shut_trans
 .text.cmd_change_trans_rssi
                0x20007378      0x100 ./src/sub-systemCode/Main/CMD/COMM_CMD.o
                0x20007378                cmd_change_trans_rssi
 .text.cmd_aprs_dump
                0x20007478       0x50 ./src/sub-systemCode/Main/CMD/COMM_CMD.o
                0x20007478                cmd_aprs_dump
 .text.cmd_stop_dump
                0x200074c8       0x38 ./src/sub-systemCode/Main/CMD/COMM_CMD.o
                0x200074c8                cmd_stop_dump
 .text.cmd_time_frequency
                0x20007500       0xc0 ./src/sub-systemCode/Main/CMD/COMM_CMD.o
                0x20007500                cmd_time_frequency
 .text.cmd_change_def_bit_rate
                0x200075c0      0x158 ./src/sub-systemCode/Main/CMD/COMM_CMD.o
                0x200075c0                cmd_change_def_bit_rate
 .text.cmd_upload_volt_logic
                0x20007718      0x334 ./src/sub-systemCode/Main/CMD/EPS_CMD.o
                0x20007718                cmd_upload_volt_logic
 .text.cmd_upload_volt_COMM
                0x20007a4c      0x1c8 ./src/sub-systemCode/Main/CMD/EPS_CMD.o
                0x20007a4c                cmd_upload_volt_COMM
 .text.cmd_heater_temp
                0x20007c14       0xc0 ./src/sub-systemCode/Main/CMD/EPS_CMD.o
                0x20007c14                cmd_heater_temp
 .text.cmd_SHUT_CAM
                0x20007cd4       0x6c ./src/sub-systemCode/Main/CMD/EPS_CMD.o
                0x20007cd4                cmd_SHUT_CAM
 .text.cmd_SHUT_ADCS
                0x20007d40       0x6c ./src/sub-systemCode/Main/CMD/EPS_CMD.o
                0x20007d40                cmd_SHUT_ADCS
 .text.cmd_allow_CAM
                0x20007dac       0x6c ./src/sub-systemCode/Main/CMD/EPS_CMD.o
                0x20007dac                cmd_allow_CAM
 .text.cmd_allow_ADCS
                0x20007e18       0x6c ./src/sub-systemCode/Main/CMD/EPS_CMD.o
                0x20007e18                cmd_allow_ADCS
 .text.cmd_update_alpha
                0x20007e84      0x120 ./src/sub-systemCode/Main/CMD/EPS_CMD.o
                0x20007e84                cmd_update_alpha
 .text.cmd_generic_I2C
                0x20007fa4       0xb4 ./src/sub-systemCode/Main/CMD/General_CMD.o
                0x20007fa4                cmd_generic_I2C
 .text.cmd_dump
                0x20008058       0xf0 ./src/sub-systemCode/Main/CMD/General_CMD.o
                0x20008058                cmd_dump
 .text.cmd_delete_TM
                0x20008148      0x22c ./src/sub-systemCode/Main/CMD/General_CMD.o
                0x20008148                cmd_delete_TM
 .text.cmd_reset_file
                0x20008374      0x118 ./src/sub-systemCode/Main/CMD/General_CMD.o
                0x20008374                cmd_reset_file
 .text.cmd_dummy_func
                0x2000848c       0x40 ./src/sub-systemCode/Main/CMD/General_CMD.o
                0x2000848c                cmd_dummy_func
 .text.cmd_soft_reset_cmponent
                0x200084cc       0xac ./src/sub-systemCode/Main/CMD/General_CMD.o
                0x200084cc                cmd_soft_reset_cmponent
 .text.cmd_hard_reset_cmponent
                0x20008578       0xac ./src/sub-systemCode/Main/CMD/General_CMD.o
                0x20008578                cmd_hard_reset_cmponent
 .text.cmd_reset_satellite
                0x20008624       0x78 ./src/sub-systemCode/Main/CMD/General_CMD.o
                0x20008624                cmd_reset_satellite
 .text.cmd_gracefull_reset_satellite
                0x2000869c       0x78 ./src/sub-systemCode/Main/CMD/General_CMD.o
                0x2000869c                cmd_gracefull_reset_satellite
 .text.cmd_upload_time
                0x20008714       0xb0 ./src/sub-systemCode/Main/CMD/General_CMD.o
                0x20008714                cmd_upload_time
 .text.cmd_ARM_DIARM
                0x200087c4       0xd4 ./src/sub-systemCode/Main/CMD/General_CMD.o
                0x200087c4                cmd_ARM_DIARM
 .text.cmd_get_onlineTM
                0x20008898       0xb8 ./src/sub-systemCode/Main/CMD/General_CMD.o
                0x20008898                cmd_get_onlineTM
 .text.cmd_reset_off_line
                0x20008950       0x68 ./src/sub-systemCode/Main/CMD/General_CMD.o
                0x20008950                cmd_reset_off_line
 .text.cmd_add_item_off_line
                0x200089b8       0xf0 ./src/sub-systemCode/Main/CMD/General_CMD.o
                0x200089b8                cmd_add_item_off_line
 .text.cmd_reset_delayed_command_list
                0x20008aa8       0x3c ./src/sub-systemCode/Main/CMD/SW_CMD.o
                0x20008aa8                cmd_reset_delayed_command_list
 .text.cmd_reset_APRS_list
                0x20008ae4       0x3c ./src/sub-systemCode/Main/CMD/SW_CMD.o
                0x20008ae4                cmd_reset_APRS_list
 .text.cmd_reset_FRAM
                0x20008b20       0xe8 ./src/sub-systemCode/Main/CMD/SW_CMD.o
                0x20008b20                cmd_reset_FRAM
 .text.ARM_ants
                0x20008c08       0xb8 ./src/sub-systemCode/Main/Ants.o
                0x20008c08                ARM_ants
 .text.DISARM_ants
                0x20008cc0       0xb8 ./src/sub-systemCode/Main/Ants.o
                0x20008cc0                DISARM_ants
 .text.round_vol
                0x20008d78      0x124 ./src/sub-systemCode/Main/EPS.o
                0x20008d78                round_vol
 .text.get_shut_ADCS
                0x20008e9c       0x48 ./src/sub-systemCode/Main/EPS.o
                0x20008e9c                get_shut_ADCS
 .text.shut_ADCS
                0x20008ee4       0x44 ./src/sub-systemCode/Main/EPS.o
                0x20008ee4                shut_ADCS
 .text.get_shut_CAM
                0x20008f28       0x48 ./src/sub-systemCode/Main/EPS.o
                0x20008f28                get_shut_CAM
 .text.shut_CAM
                0x20008f70       0x44 ./src/sub-systemCode/Main/EPS.o
                0x20008f70                shut_CAM
 .text.update_powerLines
                0x20008fb4       0xec ./src/sub-systemCode/Main/EPS.o
                0x20008fb4                update_powerLines
 .text.init_enterMode
                0x200090a0       0x88 ./src/sub-systemCode/Main/EPS.o
                0x200090a0                init_enterMode
 .text.EPS_Init
                0x20009128      0x1c8 ./src/sub-systemCode/Main/EPS.o
                0x20009128                EPS_Init
 .text.reset_FRAM_EPS
                0x200092f0       0xe8 ./src/sub-systemCode/Main/EPS.o
                0x200092f0                reset_FRAM_EPS
 .text.reset_EPS_voltages
                0x200093d8       0xbc ./src/sub-systemCode/Main/EPS.o
                0x200093d8                reset_EPS_voltages
 .text.battery_downward
                0x20009494      0x114 ./src/sub-systemCode/Main/EPS.o
                0x20009494                battery_downward
 .text.battery_upward
                0x200095a8      0x120 ./src/sub-systemCode/Main/EPS.o
                0x200095a8                battery_upward
 .text.EPS_Conditioning
                0x200096c8      0x290 ./src/sub-systemCode/Main/EPS.o
                0x200096c8                EPS_Conditioning
 .text.overRide_ADCS
                0x20009958       0x50 ./src/sub-systemCode/Main/EPS.o
                0x20009958                overRide_ADCS
 .text.overRide_Camera
                0x200099a8       0x38 ./src/sub-systemCode/Main/EPS.o
                0x200099a8                overRide_Camera
 .text.EnterFullMode
                0x200099e0       0xfc ./src/sub-systemCode/Main/EPS.o
                0x200099e0                EnterFullMode
 .text.EnterCruiseMode
                0x20009adc       0xec ./src/sub-systemCode/Main/EPS.o
                0x20009adc                EnterCruiseMode
 .text.EnterSafeMode
                0x20009bc8       0xec ./src/sub-systemCode/Main/EPS.o
                0x20009bc8                EnterSafeMode
 .text.EnterCriticalMode
                0x20009cb4       0xd8 ./src/sub-systemCode/Main/EPS.o
                0x20009cb4                EnterCriticalMode
 .text.check_EPSTableCorrection
                0x20009d8c      0x150 ./src/sub-systemCode/Main/EPS.o
                0x20009d8c                check_EPSTableCorrection
 .text.find_fileName
                0x20009edc      0x5e4 ./src/sub-systemCode/Main/HouseKeeping.o
                0x20009edc                find_fileName
 .text.size_of_element
                0x2000a4c0      0x108 ./src/sub-systemCode/Main/HouseKeeping.o
                0x2000a4c0                size_of_element
 .text.save_ACK
                0x2000a5c8       0xb4 ./src/sub-systemCode/Main/HouseKeeping.o
                0x2000a5c8                save_ACK
 .text.set_GP_EPS
                0x2000a67c      0x10c ./src/sub-systemCode/Main/HouseKeeping.o
                0x2000a67c                set_GP_EPS
 .text.set_GP_COMM
                0x2000a788       0x88 ./src/sub-systemCode/Main/HouseKeeping.o
                0x2000a788                set_GP_COMM
 .text.SP_HK_collect
                0x2000a810      0x17c ./src/sub-systemCode/Main/HouseKeeping.o
                0x2000a810                SP_HK_collect
 .text.EPS_HK_collect
                0x2000a98c      0x4d8 ./src/sub-systemCode/Main/HouseKeeping.o
                0x2000a98c                EPS_HK_collect
 .text.CAM_HK_collect
                0x2000ae64      0x91c ./src/sub-systemCode/Main/HouseKeeping.o
                0x2000ae64                CAM_HK_collect
 .text.COMM_HK_collect
                0x2000b780      0x154 ./src/sub-systemCode/Main/HouseKeeping.o
                0x2000b780                COMM_HK_collect
 .text.COMM_create_file
                0x2000b8d4       0x74 ./src/sub-systemCode/Main/HouseKeeping.o
                0x2000b8d4                COMM_create_file
 .text.ACK_create_file
                0x2000b948       0x74 ./src/sub-systemCode/Main/HouseKeeping.o
                0x2000b948                ACK_create_file
 .text.EPS_create_file
                0x2000b9bc       0x74 ./src/sub-systemCode/Main/HouseKeeping.o
                0x2000b9bc                EPS_create_file
 .text.CAM_create_file
                0x2000ba30       0x54 ./src/sub-systemCode/Main/HouseKeeping.o
                0x2000ba30                CAM_create_file
 .text.SP_create_file
                0x2000ba84       0x54 ./src/sub-systemCode/Main/HouseKeeping.o
                0x2000ba84                SP_create_file
 .text.create_files
                0x2000bad8       0x48 ./src/sub-systemCode/Main/HouseKeeping.o
                0x2000bad8                create_files
 .text.save_SP_HK
                0x2000bb20       0x70 ./src/sub-systemCode/Main/HouseKeeping.o
                0x2000bb20                save_SP_HK
 .text.save_EPS_HK
                0x2000bb90       0x70 ./src/sub-systemCode/Main/HouseKeeping.o
                0x2000bb90                save_EPS_HK
 .text.save_CAM_HK
                0x2000bc00       0x84 ./src/sub-systemCode/Main/HouseKeeping.o
                0x2000bc00                save_CAM_HK
 .text.save_COMM_HK
                0x2000bc84       0x70 ./src/sub-systemCode/Main/HouseKeeping.o
                0x2000bc84                save_COMM_HK
 .text.EPS_HK_raw_BigEnE
                0x2000bcf4      0x194 ./src/sub-systemCode/Main/HouseKeeping.o
                0x2000bcf4                EPS_HK_raw_BigEnE
 .text.CAM_HK_raw_BigEnE
                0x2000be88      0x194 ./src/sub-systemCode/Main/HouseKeeping.o
                0x2000be88                CAM_HK_raw_BigEnE
 .text.COMM_HK_raw_BigEnE
                0x2000c01c      0x194 ./src/sub-systemCode/Main/HouseKeeping.o
                0x2000c01c                COMM_HK_raw_BigEnE
 .text.ADCS_HK_raw_BigEnE
                0x2000c1b0      0x194 ./src/sub-systemCode/Main/HouseKeeping.o
                0x2000c1b0                ADCS_HK_raw_BigEnE
 .text.ADCS_SC_raw_BigEnE
                0x2000c344      0x188 ./src/sub-systemCode/Main/HouseKeeping.o
                0x2000c344                ADCS_SC_raw_BigEnE
 .text.build_HK_spl_packet
                0x2000c4cc      0xa2c ./src/sub-systemCode/Main/HouseKeeping.o
                0x2000c4cc                build_HK_spl_packet
 .text.HouseKeeping_highRate_Task
                0x2000cef8       0x78 ./src/sub-systemCode/Main/HouseKeeping.o
                0x2000cef8                HouseKeeping_highRate_Task
 .text.HouseKeeping_lowRate_Task
                0x2000cf70       0x74 ./src/sub-systemCode/Main/HouseKeeping.o
                0x2000cf70                HouseKeeping_lowRate_Task
 .text.test_menu
                0x2000cfe4       0xd8 ./src/sub-systemCode/Main/Main_Init.o
                0x2000cfe4                test_menu
 .text.numberOfRestarts
                0x2000d0bc       0x94 ./src/sub-systemCode/Main/Main_Init.o
                0x2000d0bc                numberOfRestarts
 .text.StartFRAM
                0x2000d150       0x38 ./src/sub-systemCode/Main/Main_Init.o
                0x2000d150                StartFRAM
 .text.StartI2C
                0x2000d188       0x44 ./src/sub-systemCode/Main/Main_Init.o
                0x2000d188                StartI2C
 .text.StartSPI
                0x2000d1cc       0x40 ./src/sub-systemCode/Main/Main_Init.o
                0x2000d1cc                StartSPI
 .text.StartTIME
                0x2000d20c      0x118 ./src/sub-systemCode/Main/Main_Init.o
                0x2000d20c                StartTIME
 .text.first_activation
                0x2000d324       0x78 ./src/sub-systemCode/Main/Main_Init.o
                0x2000d324                first_activation
 .text.InitSubsystems
                0x2000d39c       0x68 ./src/sub-systemCode/Main/Main_Init.o
                0x2000d39c                InitSubsystems
 .text.SubSystemTaskStart
                0x2000d404      0x11c ./src/sub-systemCode/Main/Main_Init.o
                0x2000d404                SubSystemTaskStart
 .text.copy_command
                0x2000d520       0x80 ./src/sub-systemCode/Main/commands.o
                0x2000d520                copy_command
 .text.reset_command
                0x2000d5a0       0x28 ./src/sub-systemCode/Main/commands.o
                0x2000d5a0                reset_command
 .text.init_command
                0x2000d5c8       0xd4 ./src/sub-systemCode/Main/commands.o
                0x2000d5c8                init_command
 .text.add_command
                0x2000d69c      0x138 ./src/sub-systemCode/Main/commands.o
                0x2000d69c                add_command
 .text.get_command
                0x2000d7d4      0x1cc ./src/sub-systemCode/Main/commands.o
                0x2000d7d4                get_command
 .text.act_upon_command
                0x2000d9a0      0x200 ./src/sub-systemCode/Main/commands.o
                0x2000d9a0                act_upon_command
 .text.cmd_error
                0x2000dba0       0x38 ./src/sub-systemCode/Main/commands.o
                0x2000dba0                cmd_error
 .text.AUC_COMM
                0x2000dbd8      0x25c ./src/sub-systemCode/Main/commands.o
                0x2000dbd8                AUC_COMM
 .text.AUC_general
                0x2000de34      0x474 ./src/sub-systemCode/Main/commands.o
                0x2000de34                AUC_general
 .text.AUC_payload
                0x2000e2a8      0x110 ./src/sub-systemCode/Main/commands.o
                0x2000e2a8                AUC_payload
 .text.AUC_EPS  0x2000e3b8      0x28c ./src/sub-systemCode/Main/commands.o
                0x2000e3b8                AUC_EPS
 .text.AUC_ADCS
                0x2000e644       0x5c ./src/sub-systemCode/Main/commands.o
                0x2000e644                AUC_ADCS
 .text.AUC_SW   0x2000e6a0       0xe4 ./src/sub-systemCode/Main/commands.o
                0x2000e6a0                AUC_SW
 .text.AUC_onlineTM
                0x2000e784      0x16c ./src/sub-systemCode/Main/commands.o
                0x2000e784                AUC_onlineTM
 .text.AUC_special_operation
                0x2000e8f0       0x8c ./src/sub-systemCode/Main/commands.o
                0x2000e8f0                AUC_special_operation
 .text.check_int
                0x2000e97c       0x3c ./src/sub-systemCode/Global/Global.o
                0x2000e97c                check_int
 .text.check_portBASE_TYPE
                0x2000e9b8       0x3c ./src/sub-systemCode/Global/Global.o
                0x2000e9b8                check_portBASE_TYPE
 .text.soft_reset_subsystem
                0x2000e9f4       0xd8 ./src/sub-systemCode/Global/Global.o
                0x2000e9f4                soft_reset_subsystem
 .text.hard_reset_subsystem
                0x2000eacc      0x104 ./src/sub-systemCode/Global/Global.o
                0x2000eacc                hard_reset_subsystem
 .text.BigEnE_raw_to_uInt
                0x2000ebd0       0x94 ./src/sub-systemCode/Global/Global.o
                0x2000ebd0                BigEnE_raw_to_uInt
 .text.BigEnE_raw_to_uShort
                0x2000ec64       0x50 ./src/sub-systemCode/Global/Global.o
                0x2000ec64                BigEnE_raw_to_uShort
 .text.BigEnE_uInt_to_raw
                0x2000ecb4       0x78 ./src/sub-systemCode/Global/Global.o
                0x2000ecb4                BigEnE_uInt_to_raw
 .text.reset_FRAM_MAIN
                0x2000ed2c      0x19c ./src/sub-systemCode/Global/Global.o
                0x2000ed2c                reset_FRAM_MAIN
 .text.init_GP  0x2000eec8      0x300 ./src/sub-systemCode/Global/GlobalParam.o
                0x2000eec8                init_GP
 .text.get_system_state
                0x2000f1c8      0x268 ./src/sub-systemCode/Global/GlobalParam.o
                0x2000f1c8                get_system_state
 .text.set_system_state
                0x2000f430      0x298 ./src/sub-systemCode/Global/GlobalParam.o
                0x2000f430                set_system_state
 .text.get_current_global_param
                0x2000f6c8      0x5c8 ./src/sub-systemCode/Global/GlobalParam.o
                0x2000f6c8                get_current_global_param
 .text.set_Vbatt
                0x2000fc90       0x8c ./src/sub-systemCode/Global/GlobalParam.o
                0x2000fc90                set_Vbatt
 .text.get_Vbatt
                0x2000fd1c       0x8c ./src/sub-systemCode/Global/GlobalParam.o
                0x2000fd1c                get_Vbatt
 .text.set_curBat
                0x2000fda8       0x8c ./src/sub-systemCode/Global/GlobalParam.o
                0x2000fda8                set_curBat
 .text.set_cur3V3
                0x2000fe34       0x8c ./src/sub-systemCode/Global/GlobalParam.o
                0x2000fe34                set_cur3V3
 .text.set_cur5V
                0x2000fec0       0x8c ./src/sub-systemCode/Global/GlobalParam.o
                0x2000fec0                set_cur5V
 .text.set_tempComm_LO
                0x2000ff4c       0x8c ./src/sub-systemCode/Global/GlobalParam.o
                0x2000ff4c                set_tempComm_LO
 .text.set_tempComm_PA
                0x2000ffd8       0x8c ./src/sub-systemCode/Global/GlobalParam.o
                0x2000ffd8                set_tempComm_PA
 .text.set_tempEPS
                0x20010064       0xc8 ./src/sub-systemCode/Global/GlobalParam.o
                0x20010064                set_tempEPS
 .text.set_tempBatt
                0x2001012c       0xc8 ./src/sub-systemCode/Global/GlobalParam.o
                0x2001012c                set_tempBatt
 .text.set_RxDoppler
                0x200101f4       0x8c ./src/sub-systemCode/Global/GlobalParam.o
                0x200101f4                set_RxDoppler
 .text.set_RxRSSI
                0x20010280       0x8c ./src/sub-systemCode/Global/GlobalParam.o
                0x20010280                set_RxRSSI
 .text.set_TxRefl
                0x2001030c       0x8c ./src/sub-systemCode/Global/GlobalParam.o
                0x2001030c                set_TxRefl
 .text.set_TxForw
                0x20010398       0x8c ./src/sub-systemCode/Global/GlobalParam.o
                0x20010398                set_TxForw
 .text.get_ST   0x20010424       0x8c ./src/sub-systemCode/Global/GlobalParam.o
                0x20010424                get_ST
 .text.set_numOfAPRS
                0x200104b0       0x8c ./src/sub-systemCode/Global/GlobalParam.o
                0x200104b0                set_numOfAPRS
 .text.set_numOfDelayedCommand
                0x2001053c       0x8c ./src/sub-systemCode/Global/GlobalParam.o
                0x2001053c                set_numOfDelayedCommand
 .text.set_numOfResets
                0x200105c8       0xac ./src/sub-systemCode/Global/GlobalParam.o
                0x200105c8                set_numOfResets
 .text.set_ground_conn
                0x20010674       0xa0 ./src/sub-systemCode/Global/GlobalParam.o
                0x20010674                set_ground_conn
 .text.get_ground_conn
                0x20010714       0xa0 ./src/sub-systemCode/Global/GlobalParam.o
                0x20010714                get_ground_conn
 .text.IsisAntS_getStatusData_sideA
                0x200107b4       0x3c ./src/sub-systemCode/Global/OnlineTM.o
                0x200107b4                IsisAntS_getStatusData_sideA
 .text.IsisAntS_getAlltelemetry_sideA
                0x200107f0       0x3c ./src/sub-systemCode/Global/OnlineTM.o
                0x200107f0                IsisAntS_getAlltelemetry_sideA
 .text.IsisAntS_getTemperature_sideA
                0x2001082c       0x3c ./src/sub-systemCode/Global/OnlineTM.o
                0x2001082c                IsisAntS_getTemperature_sideA
 .text.IsisAntS_getStatusData_sideB
                0x20010868       0x3c ./src/sub-systemCode/Global/OnlineTM.o
                0x20010868                IsisAntS_getStatusData_sideB
 .text.IsisAntS_getAlltelemetry_sideB
                0x200108a4       0x3c ./src/sub-systemCode/Global/OnlineTM.o
                0x200108a4                IsisAntS_getAlltelemetry_sideB
 .text.IsisAntS_getTemperature_sideB
                0x200108e0       0x3c ./src/sub-systemCode/Global/OnlineTM.o
                0x200108e0                IsisAntS_getTemperature_sideB
 .text.get_item_by_index
                0x2001091c       0xd8 ./src/sub-systemCode/Global/OnlineTM.o
                0x2001091c                get_item_by_index
 .text.init_onlineParam
                0x200109f4      0xc80 ./src/sub-systemCode/Global/OnlineTM.o
                0x200109f4                init_onlineParam
 .text.reset_offline_TM_list
                0x20011674       0x50 ./src/sub-systemCode/Global/OnlineTM.o
                0x20011674                reset_offline_TM_list
 .text.get_online_packet
                0x200116c4      0x254 ./src/sub-systemCode/Global/OnlineTM.o
                0x200116c4                get_online_packet
 .text.save_onlineTM_param
                0x20011918      0x1f8 ./src/sub-systemCode/Global/OnlineTM.o
                0x20011918                save_onlineTM_param
 .text.add_onlineTM_param_to_save_list
                0x20011b10      0x214 ./src/sub-systemCode/Global/OnlineTM.o
                0x20011b10                add_onlineTM_param_to_save_list
 .text.save_onlineTM_logic
                0x20011d24      0x180 ./src/sub-systemCode/Global/OnlineTM.o
                0x20011d24                save_onlineTM_logic
 .text.save_onlineTM_task
                0x20011ea4       0x38 ./src/sub-systemCode/Global/OnlineTM.o
                0x20011ea4                save_onlineTM_task
 .text.delete_allTMFilesFromSD
                0x20011edc       0xf8 ./src/sub-systemCode/Global/TLM_management.o
                0x20011edc                delete_allTMFilesFromSD
 .text.getNumOfFilesInFS
                0x20011fd4       0x44 ./src/sub-systemCode/Global/TLM_management.o
 .text.setNumOfFilesInFS
                0x20012018       0x50 ./src/sub-systemCode/Global/TLM_management.o
 .text.f_managed_enterFS
                0x20012068       0x9c ./src/sub-systemCode/Global/TLM_management.o
                0x20012068                f_managed_enterFS
 .text.f_managed_releaseFS
                0x20012104       0x4c ./src/sub-systemCode/Global/TLM_management.o
                0x20012104                f_managed_releaseFS
 .text.f_managed_open
                0x20012150       0xb4 ./src/sub-systemCode/Global/TLM_management.o
                0x20012150                f_managed_open
 .text.f_managed_close
                0x20012204       0x74 ./src/sub-systemCode/Global/TLM_management.o
                0x20012204                f_managed_close
 .text.createSemahores_FS
                0x20012278       0x7c ./src/sub-systemCode/Global/TLM_management.o
                0x20012278                createSemahores_FS
 .text.InitializeFS
                0x200122f4      0x1a8 ./src/sub-systemCode/Global/TLM_management.o
                0x200122f4                InitializeFS
 .text.c_fileCreate
                0x2001249c       0xf4 ./src/sub-systemCode/Global/TLM_management.o
                0x2001249c                c_fileCreate
 .text.writewithEpochtime
                0x20012590       0x9c ./src/sub-systemCode/Global/TLM_management.o
 .text.get_C_FILE_struct
                0x2001262c      0x104 ./src/sub-systemCode/Global/TLM_management.o
 .text.getFileIndex
                0x20012730       0x4c ./src/sub-systemCode/Global/TLM_management.o
 .text.get_file_name_by_index
                0x2001277c       0x54 ./src/sub-systemCode/Global/TLM_management.o
                0x2001277c                get_file_name_by_index
 .text.c_fileReset
                0x200127d0       0xbc ./src/sub-systemCode/Global/TLM_management.o
                0x200127d0                c_fileReset
 .text.c_fileWrite
                0x2001288c      0x138 ./src/sub-systemCode/Global/TLM_management.o
                0x2001288c                c_fileWrite
 .text.deleteElementsFromFile
                0x200129c4      0x184 ./src/sub-systemCode/Global/TLM_management.o
 .text.c_fileDeleteElements
                0x20012b48      0x168 ./src/sub-systemCode/Global/TLM_management.o
                0x20012b48                c_fileDeleteElements
 .text.c_fileRead
                0x20012cb0      0x2bc ./src/sub-systemCode/Global/TLM_management.o
                0x20012cb0                c_fileRead
 .text.reset_APRS_list
                0x20012f6c       0xa4 ./src/sub-systemCode/COMM/APRS.o
                0x20012f6c                reset_APRS_list
 .text.send_APRS_Dump
                0x20013010      0x1c0 ./src/sub-systemCode/COMM/APRS.o
                0x20013010                send_APRS_Dump
 .text.check_APRS
                0x200131d0      0x1a4 ./src/sub-systemCode/COMM/APRS.o
                0x200131d0                check_APRS
 .text.get_APRS_list
                0x20013374       0x88 ./src/sub-systemCode/COMM/APRS.o
                0x20013374                get_APRS_list
 .text.find_CMD_in_list
                0x200133fc       0x7c ./src/sub-systemCode/COMM/DelayedCommand_list.o
                0x200133fc                find_CMD_in_list
 .text.find_empty_in_list
                0x20013478       0x74 ./src/sub-systemCode/COMM/DelayedCommand_list.o
                0x20013478                find_empty_in_list
 .text.check_delayCommandTime
                0x200134ec       0x8c ./src/sub-systemCode/COMM/DelayedCommand_list.o
                0x200134ec                check_delayCommandTime
 .text.execute_delayedCommand
                0x20013578       0x64 ./src/sub-systemCode/COMM/DelayedCommand_list.o
                0x20013578                execute_delayedCommand
 .text.check_delaycommand
                0x200135dc      0x17c ./src/sub-systemCode/COMM/DelayedCommand_list.o
                0x200135dc                check_delaycommand
 .text.reset_delayCommand
                0x20013758       0x8c ./src/sub-systemCode/COMM/DelayedCommand_list.o
                0x20013758                reset_delayCommand
 .text.add_delayCommand
                0x200137e4      0x1a4 ./src/sub-systemCode/COMM/DelayedCommand_list.o
                0x200137e4                add_delayCommand
 .text.get_delayCommand_list
                0x20013988       0x80 ./src/sub-systemCode/COMM/DelayedCommand_list.o
                0x20013988                get_delayCommand_list
 .text.EmptyOldestCommand
                0x20013a08       0xfc ./src/sub-systemCode/COMM/DelayedCommand_list.o
                0x20013a08                EmptyOldestCommand
 .text.decode_TCpacket
                0x20013b04      0x16c ./src/sub-systemCode/COMM/GSC.o
                0x20013b04                decode_TCpacket
 .text.encode_TCpacket
                0x20013c70      0x114 ./src/sub-systemCode/COMM/GSC.o
                0x20013c70                encode_TCpacket
 .text.encode_TMpacket
                0x20013d84      0x104 ./src/sub-systemCode/COMM/GSC.o
                0x20013d84                encode_TMpacket
 .text.build_raw_ACK
                0x20013e88       0xbc ./src/sub-systemCode/COMM/GSC.o
                0x20013e88                build_raw_ACK
 .text.build_data_field_ACK
                0x20013f44       0x74 ./src/sub-systemCode/COMM/GSC.o
                0x20013f44                build_data_field_ACK
 .text.toggle_idle_state
                0x20013fb8       0x64 ./src/sub-systemCode/COMM/TRXVU.o
                0x20013fb8                toggle_idle_state
 .text.TRXVU_init_hardWare
                0x2001401c       0x98 ./src/sub-systemCode/COMM/TRXVU.o
                0x2001401c                TRXVU_init_hardWare
 .text.TRXVU_init_softWare
                0x200140b4      0x1a4 ./src/sub-systemCode/COMM/TRXVU.o
                0x200140b4                TRXVU_init_softWare
 .text.init_trxvu
                0x20014258       0x14 ./src/sub-systemCode/COMM/TRXVU.o
                0x20014258                init_trxvu
 .text.TRXVU_task
                0x2001426c       0x9c ./src/sub-systemCode/COMM/TRXVU.o
                0x2001426c                TRXVU_task
 .text.dump_logic
                0x20014308      0x324 ./src/sub-systemCode/COMM/TRXVU.o
                0x20014308                dump_logic
 .text.Dump_task
                0x2001462c      0x1c0 ./src/sub-systemCode/COMM/TRXVU.o
                0x2001462c                Dump_task
 .text.transponder_logic
                0x200147ec       0xbc ./src/sub-systemCode/COMM/TRXVU.o
                0x200147ec                transponder_logic
 .text.Transponder_task
                0x200148a8      0x1f4 ./src/sub-systemCode/COMM/TRXVU.o
                0x200148a8                Transponder_task
 .text.lookForRequestToDelete_transponder
                0x20014a9c       0xac ./src/sub-systemCode/COMM/TRXVU.o
                0x20014a9c                lookForRequestToDelete_transponder
 .text.lookForRequestToDelete_dump
                0x20014b48       0x7c ./src/sub-systemCode/COMM/TRXVU.o
                0x20014b48                lookForRequestToDelete_dump
 .text.sendRequestToStop_dump
                0x20014bc4       0x8c ./src/sub-systemCode/COMM/TRXVU.o
                0x20014bc4                sendRequestToStop_dump
 .text.sendRequestToStop_transponder
                0x20014c50       0x98 ./src/sub-systemCode/COMM/TRXVU.o
                0x20014c50                sendRequestToStop_transponder
 .text.Rx_logic
                0x20014ce8      0x184 ./src/sub-systemCode/COMM/TRXVU.o
                0x20014ce8                Rx_logic
 .text.pass_above_Ground
                0x20014e6c      0x104 ./src/sub-systemCode/COMM/TRXVU.o
                0x20014e6c                pass_above_Ground
 .text.trxvu_logic
                0x20014f70       0x1c ./src/sub-systemCode/COMM/TRXVU.o
                0x20014f70                trxvu_logic
 .text.Beacon_task
                0x20014f8c      0x170 ./src/sub-systemCode/COMM/TRXVU.o
                0x20014f8c                Beacon_task
 .text.buildAndSend_beacon
                0x200150fc      0x604 ./src/sub-systemCode/COMM/TRXVU.o
                0x200150fc                buildAndSend_beacon
 .text.reset_FRAM_TRXVU
                0x20015700      0x160 ./src/sub-systemCode/COMM/TRXVU.o
                0x20015700                reset_FRAM_TRXVU
 .text.TRX_sendFrame
                0x20015860      0x1c0 ./src/sub-systemCode/COMM/TRXVU.o
                0x20015860                TRX_sendFrame
 .text.TRX_getFrameData
                0x20015a20      0x128 ./src/sub-systemCode/COMM/TRXVU.o
                0x20015a20                TRX_getFrameData
 .text.mute_Tx  0x20015b48       0x20 ./src/sub-systemCode/COMM/TRXVU.o
                0x20015b48                mute_Tx
 .text.unmute_Tx
                0x20015b68       0x60 ./src/sub-systemCode/COMM/TRXVU.o
                0x20015b68                unmute_Tx
 .text.check_time_off_mute
                0x20015bc8       0x88 ./src/sub-systemCode/COMM/TRXVU.o
                0x20015bc8                check_time_off_mute
 .text.set_mute_time
                0x20015c50       0xb4 ./src/sub-systemCode/COMM/TRXVU.o
                0x20015c50                set_mute_time
 .text.change_TRXVU_state
                0x20015d04       0xd0 ./src/sub-systemCode/COMM/TRXVU.o
                0x20015d04                change_TRXVU_state
 .text.change_trans_RSSI
                0x20015dd4       0x60 ./src/sub-systemCode/COMM/TRXVU.o
                0x20015dd4                change_trans_RSSI
 .text.init_adcs
                0x20015e34      0x104 ./src/sub-systemCode/ADCS/ADCS.o
                0x20015e34                init_adcs
 .text.telemtryStart
                0x20015f38      0x16c ./src/sub-systemCode/ADCS/Stage_Table.o
                0x20015f38                telemtryStart
 .text.powerStart
                0x200160a4       0x5c ./src/sub-systemCode/ADCS/Stage_Table.o
                0x200160a4                powerStart
 .text.createTable
                0x20016100       0xb4 ./src/sub-systemCode/ADCS/Stage_Table.o
                0x20016100                createTable
 .text.buildControlMode
                0x200161b4       0x60 ./src/sub-systemCode/ADCS/Stage_Table.o
                0x200161b4                buildControlMode
 .text.Check_Table
                0x20016214      0x178 ./src/sub-systemCode/ADCS/Stage_Table.o
                0x20016214                Check_Table
 .text.updateTable
                0x2001638c      0x1f0 ./src/sub-systemCode/ADCS/Stage_Table.o
                0x2001638c                updateTable
 .text.translateCommandFULL
                0x2001657c       0x78 ./src/sub-systemCode/ADCS/Stage_Table.o
                0x2001657c                translateCommandFULL
 .text.getTableTo
                0x200165f4       0x64 ./src/sub-systemCode/ADCS/Stage_Table.o
                0x200165f4                getTableTo
 .text.save_time
                0x20016658       0x9c ./src/main.o
                0x20016658                save_time
 .text.Command_logic
                0x200166f4       0x6c ./src/main.o
                0x200166f4                Command_logic
 .text.taskMain
                0x20016760       0x74 ./src/main.o
                0x20016760                taskMain
 .text.main     0x200167d4       0xbc ./src/main.o
                0x200167d4                main
 .text.GomEpsInitialize
                0x20016890      0x148 C:/HOOPOE3/satellite-subsystems/demo/..//satellite-subsystems/lib\libSatelliteSubsystemsD.a(GomEPS.o)
                0x20016890                GomEpsInitialize
 .text.makeEPStransfer
                0x200169d8       0x3c C:/HOOPOE3/satellite-subsystems/demo/..//satellite-subsystems/lib\libSatelliteSubsystemsD.a(GomEPS.o)
 .text.GomEpsSoftReset
                0x20016a14       0xc4 C:/HOOPOE3/satellite-subsystems/demo/..//satellite-subsystems/lib\libSatelliteSubsystemsD.a(GomEPS.o)
                0x20016a14                GomEpsSoftReset
 .text.GomEpsHardReset
                0x20016ad8       0xa8 C:/HOOPOE3/satellite-subsystems/demo/..//satellite-subsystems/lib\libSatelliteSubsystemsD.a(GomEPS.o)
                0x20016ad8                GomEpsHardReset
 .text.GomEpsGetHkData_param
                0x20016b80      0x29c C:/HOOPOE3/satellite-subsystems/demo/..//satellite-subsystems/lib\libSatelliteSubsystemsD.a(GomEPS.o)
                0x20016b80                GomEpsGetHkData_param
 .text.GomEpsGetHkData_general
                0x20016e1c      0x45c C:/HOOPOE3/satellite-subsystems/demo/..//satellite-subsystems/lib\libSatelliteSubsystemsD.a(GomEPS.o)
                0x20016e1c                GomEpsGetHkData_general
 .text.GomEpsGetHkData_vi
                0x20017278      0x188 C:/HOOPOE3/satellite-subsystems/demo/..//satellite-subsystems/lib\libSatelliteSubsystemsD.a(GomEPS.o)
                0x20017278                GomEpsGetHkData_vi
 .text.GomEpsGetHkData_out
                0x20017400      0x21c C:/HOOPOE3/satellite-subsystems/demo/..//satellite-subsystems/lib\libSatelliteSubsystemsD.a(GomEPS.o)
                0x20017400                GomEpsGetHkData_out
 .text.GomEpsGetHkData_wdt
                0x2001761c      0x2b4 C:/HOOPOE3/satellite-subsystems/demo/..//satellite-subsystems/lib\libSatelliteSubsystemsD.a(GomEPS.o)
                0x2001761c                GomEpsGetHkData_wdt
 .text.GomEpsGetHkData_basic
                0x200178d0      0x22c C:/HOOPOE3/satellite-subsystems/demo/..//satellite-subsystems/lib\libSatelliteSubsystemsD.a(GomEPS.o)
                0x200178d0                GomEpsGetHkData_basic
 .text.GomEpsSetOutput
                0x20017afc       0xbc C:/HOOPOE3/satellite-subsystems/demo/..//satellite-subsystems/lib\libSatelliteSubsystemsD.a(GomEPS.o)
                0x20017afc                GomEpsSetOutput
 .text.GomEpsConfigGet
                0x20017bb8      0x16c C:/HOOPOE3/satellite-subsystems/demo/..//satellite-subsystems/lib\libSatelliteSubsystemsD.a(GomEPS.o)
                0x20017bb8                GomEpsConfigGet
 .text.GomEpsConfigSet
                0x20017d24      0x184 C:/HOOPOE3/satellite-subsystems/demo/..//satellite-subsystems/lib\libSatelliteSubsystemsD.a(GomEPS.o)
                0x20017d24                GomEpsConfigSet
 .text.GomEpsConfig2Get
                0x20017ea8      0x16c C:/HOOPOE3/satellite-subsystems/demo/..//satellite-subsystems/lib\libSatelliteSubsystemsD.a(GomEPS.o)
                0x20017ea8                GomEpsConfig2Get
 .text.makeAntStransfer
                0x20018014       0x4c C:/HOOPOE3/satellite-subsystems/demo/..//satellite-subsystems/lib\libSatelliteSubsystemsD.a(IsisAntS.o)
 .text.checkInputsValid
                0x20018060       0x7c C:/HOOPOE3/satellite-subsystems/demo/..//satellite-subsystems/lib\libSatelliteSubsystemsD.a(IsisAntS.o)
 .text.IsisAntS_setArmStatus
                0x200180dc      0x104 C:/HOOPOE3/satellite-subsystems/demo/..//satellite-subsystems/lib\libSatelliteSubsystemsD.a(IsisAntS.o)
                0x200180dc                IsisAntS_setArmStatus
 .text.IsisAntS_getStatusData
                0x200181e0      0x120 C:/HOOPOE3/satellite-subsystems/demo/..//satellite-subsystems/lib\libSatelliteSubsystemsD.a(IsisAntS.o)
                0x200181e0                IsisAntS_getStatusData
 .text.IsisAntS_getTemperature
                0x20018300      0x120 C:/HOOPOE3/satellite-subsystems/demo/..//satellite-subsystems/lib\libSatelliteSubsystemsD.a(IsisAntS.o)
                0x20018300                IsisAntS_getTemperature
 .text.IsisAntS_getAlltelemetry
                0x20018420      0x120 C:/HOOPOE3/satellite-subsystems/demo/..//satellite-subsystems/lib\libSatelliteSubsystemsD.a(IsisAntS.o)
                0x20018420                IsisAntS_getAlltelemetry
 .text.IsisAntS_reset
                0x20018540      0x104 C:/HOOPOE3/satellite-subsystems/demo/..//satellite-subsystems/lib\libSatelliteSubsystemsD.a(IsisAntS.o)
                0x20018540                IsisAntS_reset
 .text.IsisSolarPanelv2_initialize
                0x20018644       0xb4 C:/HOOPOE3/satellite-subsystems/demo/..//satellite-subsystems/lib\libSatelliteSubsystemsD.a(IsisSolarPanelv2.o)
                0x20018644                IsisSolarPanelv2_initialize
 .text.IsisSolarPanelv2_getTemperature
                0x200186f8       0xc8 C:/HOOPOE3/satellite-subsystems/demo/..//satellite-subsystems/lib\libSatelliteSubsystemsD.a(IsisSolarPanelv2.o)
                0x200186f8                IsisSolarPanelv2_getTemperature
 .text.IsisSolarPanelv2_sleep
                0x200187c0       0xbc C:/HOOPOE3/satellite-subsystems/demo/..//satellite-subsystems/lib\libSatelliteSubsystemsD.a(IsisSolarPanelv2.o)
                0x200187c0                IsisSolarPanelv2_sleep
 .text.IsisSolarPanelv2_wakeup
                0x2001887c       0x80 C:/HOOPOE3/satellite-subsystems/demo/..//satellite-subsystems/lib\libSatelliteSubsystemsD.a(IsisSolarPanelv2.o)
                0x2001887c                IsisSolarPanelv2_wakeup
 .text._Reset   0x200188fc       0x20 C:/HOOPOE3/satellite-subsystems/demo/..//satellite-subsystems/lib\libSatelliteSubsystemsD.a(IsisSolarPanelv2.o)
 .text._WaitForStartup
                0x2001891c       0x90 C:/HOOPOE3/satellite-subsystems/demo/..//satellite-subsystems/lib\libSatelliteSubsystemsD.a(IsisSolarPanelv2.o)
 .text._AssignAllChannels
                0x200189ac       0x90 C:/HOOPOE3/satellite-subsystems/demo/..//satellite-subsystems/lib\libSatelliteSubsystemsD.a(IsisSolarPanelv2.o)
 .text._AssignThisChannel
                0x20018a3c       0xe8 C:/HOOPOE3/satellite-subsystems/demo/..//satellite-subsystems/lib\libSatelliteSubsystemsD.a(IsisSolarPanelv2.o)
 .text._InitiateConversion
                0x20018b24       0xac C:/HOOPOE3/satellite-subsystems/demo/..//satellite-subsystems/lib\libSatelliteSubsystemsD.a(IsisSolarPanelv2.o)
 .text._WaitForConversionComplete
                0x20018bd0      0x100 C:/HOOPOE3/satellite-subsystems/demo/..//satellite-subsystems/lib\libSatelliteSubsystemsD.a(IsisSolarPanelv2.o)
 .text._ReadResult
                0x20018cd0      0x158 C:/HOOPOE3/satellite-subsystems/demo/..//satellite-subsystems/lib\libSatelliteSubsystemsD.a(IsisSolarPanelv2.o)
 .text._ExtractByte
                0x20018e28       0x38 C:/HOOPOE3/satellite-subsystems/demo/..//satellite-subsystems/lib\libSatelliteSubsystemsD.a(IsisSolarPanelv2.o)
 .text._ExtendSign
                0x20018e60       0x6c C:/HOOPOE3/satellite-subsystems/demo/..//satellite-subsystems/lib\libSatelliteSubsystemsD.a(IsisSolarPanelv2.o)
 .text._PinsInit
                0x20018ecc       0x50 C:/HOOPOE3/satellite-subsystems/demo/..//satellite-subsystems/lib\libSatelliteSubsystemsD.a(IsisSolarPanelv2.o)
 .text._SpiWriteRead
                0x20018f1c       0x70 C:/HOOPOE3/satellite-subsystems/demo/..//satellite-subsystems/lib\libSatelliteSubsystemsD.a(IsisSolarPanelv2.o)
 .text.IsisTrxvu_initialize
                0x20018f8c      0x2f4 C:/HOOPOE3/satellite-subsystems/demo/..//satellite-subsystems/lib\libSatelliteSubsystemsD.a(IsisTRXVU.o)
                0x20018f8c                IsisTrxvu_initialize
 .text.makeTRXVUtransfer
                0x20019280       0x44 C:/HOOPOE3/satellite-subsystems/demo/..//satellite-subsystems/lib\libSatelliteSubsystemsD.a(IsisTRXVU.o)
 .text.IsisTrxvu_componentSoftReset
                0x200192c4       0x6c C:/HOOPOE3/satellite-subsystems/demo/..//satellite-subsystems/lib\libSatelliteSubsystemsD.a(IsisTRXVU.o)
                0x200192c4                IsisTrxvu_componentSoftReset
 .text.IsisTrxvu_componentHardReset
                0x20019330       0xc8 C:/HOOPOE3/satellite-subsystems/demo/..//satellite-subsystems/lib\libSatelliteSubsystemsD.a(IsisTRXVU.o)
                0x20019330                IsisTrxvu_componentHardReset
 .text.IsisTrxvu_softReset
                0x200193f8       0x74 C:/HOOPOE3/satellite-subsystems/demo/..//satellite-subsystems/lib\libSatelliteSubsystemsD.a(IsisTRXVU.o)
                0x200193f8                IsisTrxvu_softReset
 .text.IsisTrxvu_hardReset
                0x2001946c       0x74 C:/HOOPOE3/satellite-subsystems/demo/..//satellite-subsystems/lib\libSatelliteSubsystemsD.a(IsisTRXVU.o)
                0x2001946c                IsisTrxvu_hardReset
 .text.IsisTrxvu_tcSendAX25DefClSign
                0x200194e0       0xec C:/HOOPOE3/satellite-subsystems/demo/..//satellite-subsystems/lib\libSatelliteSubsystemsD.a(IsisTRXVU.o)
                0x200194e0                IsisTrxvu_tcSendAX25DefClSign
 .text.IsisTrxvu_tcSetIdlestate
                0x200195cc       0xa4 C:/HOOPOE3/satellite-subsystems/demo/..//satellite-subsystems/lib\libSatelliteSubsystemsD.a(IsisTRXVU.o)
                0x200195cc                IsisTrxvu_tcSetIdlestate
 .text.IsisTrxvu_tcSetAx25Bitrate
                0x20019670       0xc4 C:/HOOPOE3/satellite-subsystems/demo/..//satellite-subsystems/lib\libSatelliteSubsystemsD.a(IsisTRXVU.o)
                0x20019670                IsisTrxvu_tcSetAx25Bitrate
 .text.IsisTrxvu_tcGetTelemetryAll
                0x20019734       0xd0 C:/HOOPOE3/satellite-subsystems/demo/..//satellite-subsystems/lib\libSatelliteSubsystemsD.a(IsisTRXVU.o)
                0x20019734                IsisTrxvu_tcGetTelemetryAll
 .text.IsisTrxvu_tcGetTelemetryAll_revC
                0x20019804       0xd0 C:/HOOPOE3/satellite-subsystems/demo/..//satellite-subsystems/lib\libSatelliteSubsystemsD.a(IsisTRXVU.o)
                0x20019804                IsisTrxvu_tcGetTelemetryAll_revC
 .text.IsisTrxvu_rcGetFrameCount
                0x200198d4       0xa0 C:/HOOPOE3/satellite-subsystems/demo/..//satellite-subsystems/lib\libSatelliteSubsystemsD.a(IsisTRXVU.o)
                0x200198d4                IsisTrxvu_rcGetFrameCount
 .text.IsisTrxvu_rcGetCommandFrame
                0x20019974      0x2d8 C:/HOOPOE3/satellite-subsystems/demo/..//satellite-subsystems/lib\libSatelliteSubsystemsD.a(IsisTRXVU.o)
                0x20019974                IsisTrxvu_rcGetCommandFrame
 .text.IsisTrxvu_rcGetTelemetryAll
                0x20019c4c       0xd0 C:/HOOPOE3/satellite-subsystems/demo/..//satellite-subsystems/lib\libSatelliteSubsystemsD.a(IsisTRXVU.o)
                0x20019c4c                IsisTrxvu_rcGetTelemetryAll
 .text.IsisTrxvu_rcGetTelemetryAll_revC
                0x20019d1c       0xec C:/HOOPOE3/satellite-subsystems/demo/..//satellite-subsystems/lib\libSatelliteSubsystemsD.a(IsisTRXVU.o)
                0x20019d1c                IsisTrxvu_rcGetTelemetryAll_revC
 .text.cspaceADCS_initialize
                0x20019e08      0x18c C:/HOOPOE3/satellite-subsystems/demo/..//satellite-subsystems/lib\libSatelliteSubsystemsD.a(cspaceADCS.o)
                0x20019e08                cspaceADCS_initialize
 .text.make_cspaceADCStransfer
                0x20019f94      0x1b4 C:/HOOPOE3/satellite-subsystems/demo/..//satellite-subsystems/lib\libSatelliteSubsystemsD.a(cspaceADCS.o)
 .text.cspaceADCS_componentReset
                0x2001a148       0xbc C:/HOOPOE3/satellite-subsystems/demo/..//satellite-subsystems/lib\libSatelliteSubsystemsD.a(cspaceADCS.o)
                0x2001a148                cspaceADCS_componentReset
 .text.cspaceADCS_setRunMode
                0x2001a204       0xbc C:/HOOPOE3/satellite-subsystems/demo/..//satellite-subsystems/lib\libSatelliteSubsystemsD.a(cspaceADCS.o)
                0x2001a204                cspaceADCS_setRunMode
 .text.cspaceADCS_setPwrCtrlDevice
                0x2001a2c0       0xd0 C:/HOOPOE3/satellite-subsystems/demo/..//satellite-subsystems/lib\libSatelliteSubsystemsD.a(cspaceADCS.o)
                0x2001a2c0                cspaceADCS_setPwrCtrlDevice
 .text.cspaceADCS_setAttCtrlMode
                0x2001a390       0xd0 C:/HOOPOE3/satellite-subsystems/demo/..//satellite-subsystems/lib\libSatelliteSubsystemsD.a(cspaceADCS.o)
                0x2001a390                cspaceADCS_setAttCtrlMode
 .text.cspaceADCS_setAttEstMode
                0x2001a460       0xbc C:/HOOPOE3/satellite-subsystems/demo/..//satellite-subsystems/lib\libSatelliteSubsystemsD.a(cspaceADCS.o)
                0x2001a460                cspaceADCS_setAttEstMode
 .text.cspaceADCS_getCurrentState
                0x2001a51c       0xc4 C:/HOOPOE3/satellite-subsystems/demo/..//satellite-subsystems/lib\libSatelliteSubsystemsD.a(cspaceADCS.o)
                0x2001a51c                cspaceADCS_getCurrentState
 .text.cspaceADCS_getPwrCtrlDevice
                0x2001a5e0       0xc4 C:/HOOPOE3/satellite-subsystems/demo/..//satellite-subsystems/lib\libSatelliteSubsystemsD.a(cspaceADCS.o)
                0x2001a5e0                cspaceADCS_getPwrCtrlDevice
 .text.GECKO_GetReg
                0x2001a6a4      0x110 C:/HOOPOE3/satellite-subsystems/demo/..//satellite-subsystems/lib\libSatelliteSubsystemsD.a(gecko_driver.o)
                0x2001a6a4                GECKO_GetReg
 .text.GECKO_GetVoltageInput5V
                0x2001a7b4       0xf4 C:/HOOPOE3/satellite-subsystems/demo/..//satellite-subsystems/lib\libSatelliteSubsystemsD.a(gecko_driver.o)
                0x2001a7b4                GECKO_GetVoltageInput5V
 .text.GECKO_GetCurrentInput5V
                0x2001a8a8      0x130 C:/HOOPOE3/satellite-subsystems/demo/..//satellite-subsystems/lib\libSatelliteSubsystemsD.a(gecko_driver.o)
                0x2001a8a8                GECKO_GetCurrentInput5V
 .text.GECKO_GetVoltageFPGA1V
                0x2001a9d8       0xd4 C:/HOOPOE3/satellite-subsystems/demo/..//satellite-subsystems/lib\libSatelliteSubsystemsD.a(gecko_driver.o)
                0x2001a9d8                GECKO_GetVoltageFPGA1V
 .text.GECKO_GetCurrentFPGA1V
                0x2001aaac      0x130 C:/HOOPOE3/satellite-subsystems/demo/..//satellite-subsystems/lib\libSatelliteSubsystemsD.a(gecko_driver.o)
                0x2001aaac                GECKO_GetCurrentFPGA1V
 .text.GECKO_GetVoltageFPGA1V8
                0x2001abdc       0xd4 C:/HOOPOE3/satellite-subsystems/demo/..//satellite-subsystems/lib\libSatelliteSubsystemsD.a(gecko_driver.o)
                0x2001abdc                GECKO_GetVoltageFPGA1V8
 .text.GECKO_GetCurrentFPGA1V8
                0x2001acb0      0x130 C:/HOOPOE3/satellite-subsystems/demo/..//satellite-subsystems/lib\libSatelliteSubsystemsD.a(gecko_driver.o)
                0x2001acb0                GECKO_GetCurrentFPGA1V8
 .text.GECKO_GetVoltageFPGA2V5
                0x2001ade0       0xe8 C:/HOOPOE3/satellite-subsystems/demo/..//satellite-subsystems/lib\libSatelliteSubsystemsD.a(gecko_driver.o)
                0x2001ade0                GECKO_GetVoltageFPGA2V5
 .text.GECKO_GetCurrentFPGA2V5
                0x2001aec8      0x130 C:/HOOPOE3/satellite-subsystems/demo/..//satellite-subsystems/lib\libSatelliteSubsystemsD.a(gecko_driver.o)
                0x2001aec8                GECKO_GetCurrentFPGA2V5
 .text.GECKO_GetVoltageFPGA3V3
                0x2001aff8       0xe8 C:/HOOPOE3/satellite-subsystems/demo/..//satellite-subsystems/lib\libSatelliteSubsystemsD.a(gecko_driver.o)
                0x2001aff8                GECKO_GetVoltageFPGA3V3
 .text.GECKO_GetCurrentFPGA3V3
                0x2001b0e0      0x130 C:/HOOPOE3/satellite-subsystems/demo/..//satellite-subsystems/lib\libSatelliteSubsystemsD.a(gecko_driver.o)
                0x2001b0e0                GECKO_GetCurrentFPGA3V3
 .text.GECKO_GetVoltageFlash1V8
                0x2001b210       0xd4 C:/HOOPOE3/satellite-subsystems/demo/..//satellite-subsystems/lib\libSatelliteSubsystemsD.a(gecko_driver.o)
                0x2001b210                GECKO_GetVoltageFlash1V8
 .text.GECKO_GetCurrentFlash1V8
                0x2001b2e4      0x130 C:/HOOPOE3/satellite-subsystems/demo/..//satellite-subsystems/lib\libSatelliteSubsystemsD.a(gecko_driver.o)
                0x2001b2e4                GECKO_GetCurrentFlash1V8
 .text.GECKO_GetVoltageFlash3V3
                0x2001b414       0xe8 C:/HOOPOE3/satellite-subsystems/demo/..//satellite-subsystems/lib\libSatelliteSubsystemsD.a(gecko_driver.o)
                0x2001b414                GECKO_GetVoltageFlash3V3
 .text.GECKO_GetCurrentFlash3V3
                0x2001b4fc      0x130 C:/HOOPOE3/satellite-subsystems/demo/..//satellite-subsystems/lib\libSatelliteSubsystemsD.a(gecko_driver.o)
                0x2001b4fc                GECKO_GetCurrentFlash3V3
 .text.GECKO_GetVoltageSNSR1V8
                0x2001b62c       0xe8 C:/HOOPOE3/satellite-subsystems/demo/..//satellite-subsystems/lib\libSatelliteSubsystemsD.a(gecko_driver.o)
                0x2001b62c                GECKO_GetVoltageSNSR1V8
 .text.GECKO_GetCurrentSNSR1V8
                0x2001b714      0x130 C:/HOOPOE3/satellite-subsystems/demo/..//satellite-subsystems/lib\libSatelliteSubsystemsD.a(gecko_driver.o)
                0x2001b714                GECKO_GetCurrentSNSR1V8
 .text.GECKO_GetVoltageSNSRVDDPIX
                0x2001b844       0xe8 C:/HOOPOE3/satellite-subsystems/demo/..//satellite-subsystems/lib\libSatelliteSubsystemsD.a(gecko_driver.o)
                0x2001b844                GECKO_GetVoltageSNSRVDDPIX
 .text.GECKO_GetCurrentSNSRVDDPIX
                0x2001b92c      0x130 C:/HOOPOE3/satellite-subsystems/demo/..//satellite-subsystems/lib\libSatelliteSubsystemsD.a(gecko_driver.o)
                0x2001b92c                GECKO_GetCurrentSNSRVDDPIX
 .text.GECKO_GetVoltageSNSR3V3
                0x2001ba5c       0xe8 C:/HOOPOE3/satellite-subsystems/demo/..//satellite-subsystems/lib\libSatelliteSubsystemsD.a(gecko_driver.o)
                0x2001ba5c                GECKO_GetVoltageSNSR3V3
 .text.GECKO_GetCurrentSNSR3V3
                0x2001bb44      0x130 C:/HOOPOE3/satellite-subsystems/demo/..//satellite-subsystems/lib\libSatelliteSubsystemsD.a(gecko_driver.o)
                0x2001bb44                GECKO_GetCurrentSNSR3V3
 .text.GECKO_GetVoltageFlashVTT09
                0x2001bc74       0xd4 C:/HOOPOE3/satellite-subsystems/demo/..//satellite-subsystems/lib\libSatelliteSubsystemsD.a(gecko_driver.o)
                0x2001bc74                GECKO_GetVoltageFlashVTT09
 .text.GECKO_GetTempSMU3AB
                0x2001bd48      0x35c C:/HOOPOE3/satellite-subsystems/demo/..//satellite-subsystems/lib\libSatelliteSubsystemsD.a(gecko_driver.o)
                0x2001bd48                GECKO_GetTempSMU3AB
 .text.GECKO_GetTempSMU3BC
                0x2001c0a4      0x360 C:/HOOPOE3/satellite-subsystems/demo/..//satellite-subsystems/lib\libSatelliteSubsystemsD.a(gecko_driver.o)
                0x2001c0a4                GECKO_GetTempSMU3BC
 .text.GECKO_GetTempREGU6
                0x2001c404      0x35c C:/HOOPOE3/satellite-subsystems/demo/..//satellite-subsystems/lib\libSatelliteSubsystemsD.a(gecko_driver.o)
                0x2001c404                GECKO_GetTempREGU6
 .text.GECKO_GetTempREGU8
                0x2001c760      0x360 C:/HOOPOE3/satellite-subsystems/demo/..//satellite-subsystems/lib\libSatelliteSubsystemsD.a(gecko_driver.o)
                0x2001c760                GECKO_GetTempREGU8
 .text.GECKO_GetTempFlash
                0x2001cac0      0x360 C:/HOOPOE3/satellite-subsystems/demo/..//satellite-subsystems/lib\libSatelliteSubsystemsD.a(gecko_driver.o)
                0x2001cac0                GECKO_GetTempFlash
 .text._SpiWriteRead
                0x2001ce20       0x70 C:/HOOPOE3/satellite-subsystems/demo/..//satellite-subsystems/lib\libSatelliteSubsystemsD.a(gecko_driver.o)
 .text.makeTRXCommonTransfer
                0x2001ce90       0x34 C:/HOOPOE3/satellite-subsystems/demo/..//satellite-subsystems/lib\libSatelliteSubsystemsD.a(IsisTRXCommon.o)
 .text.IsisTrxCommon_componentReset
                0x2001cec4       0x68 C:/HOOPOE3/satellite-subsystems/demo/..//satellite-subsystems/lib\libSatelliteSubsystemsD.a(IsisTRXCommon.o)
                0x2001cec4                IsisTrxCommon_componentReset
 .text.IsisTrxCommon_TxSendAX25DefClSign
                0x2001cf2c       0xf4 C:/HOOPOE3/satellite-subsystems/demo/..//satellite-subsystems/lib\libSatelliteSubsystemsD.a(IsisTRXCommon.o)
                0x2001cf2c                IsisTrxCommon_TxSendAX25DefClSign
 .text.IsisTrxCommon_TxSetIdlestate
                0x2001d020       0x78 C:/HOOPOE3/satellite-subsystems/demo/..//satellite-subsystems/lib\libSatelliteSubsystemsD.a(IsisTRXCommon.o)
                0x2001d020                IsisTrxCommon_TxSetIdlestate
 .text.IsisTrxCommon_TxSetAx25Bitrate
                0x2001d098       0x78 C:/HOOPOE3/satellite-subsystems/demo/..//satellite-subsystems/lib\libSatelliteSubsystemsD.a(IsisTRXCommon.o)
                0x2001d098                IsisTrxCommon_TxSetAx25Bitrate
 .text.IsisTrxCommon_RxGetFrameCount
                0x2001d110       0x8c C:/HOOPOE3/satellite-subsystems/demo/..//satellite-subsystems/lib\libSatelliteSubsystemsD.a(IsisTRXCommon.o)
                0x2001d110                IsisTrxCommon_RxGetFrameCount
 .text.IsisTrxCommon_RxGetTelemetryAll_revC
                0x2001d19c       0x8c C:/HOOPOE3/satellite-subsystems/demo/..//satellite-subsystems/lib\libSatelliteSubsystemsD.a(IsisTRXCommon.o)
                0x2001d19c                IsisTrxCommon_RxGetTelemetryAll_revC
 .text.log      0x2001d228      0x17c c:/isis/application/toolchain/bin/../lib/gcc/arm-none-eabi/4.7.4/../../../../arm-none-eabi/lib\libm.a(lib_a-w_log.o)
                0x2001d228                log
 *fill*         0x2001d3a4        0x4 00
 .text.__ieee754_log
                0x2001d3a8      0x5c0 c:/isis/application/toolchain/bin/../lib/gcc/arm-none-eabi/4.7.4/../../../../arm-none-eabi/lib\libm.a(lib_a-e_log.o)
                0x2001d3a8                __ieee754_log
 .text.matherr  0x2001d968        0x8 c:/isis/application/toolchain/bin/../lib/gcc/arm-none-eabi/4.7.4/../../../../arm-none-eabi/lib\libm.a(lib_a-s_matherr.o)
                0x2001d968                matherr
 .text.nan      0x2001d970       0x10 c:/isis/application/toolchain/bin/../lib/gcc/arm-none-eabi/4.7.4/../../../../arm-none-eabi/lib\libm.a(lib_a-s_nan.o)
                0x2001d970                nan
 .text.fn_init  0x2001d980      0x2e0 C:/HOOPOE3/satellite-subsystems/demo/../..//hal/hcc/lib\libHCCD.a(fat_common.o)
                0x2001d980                fn_init
 .text._f_get16bitl
                0x2001dc60       0x4c C:/HOOPOE3/satellite-subsystems/demo/../..//hal/hcc/lib\libHCCD.a(fat_common.o)
                0x2001dc60                _f_get16bitl
 .text._f_set16bitl
                0x2001dcac       0x54 C:/HOOPOE3/satellite-subsystems/demo/../..//hal/hcc/lib\libHCCD.a(fat_common.o)
                0x2001dcac                _f_set16bitl
 .text._f_get32bitl
                0x2001dd00       0x68 C:/HOOPOE3/satellite-subsystems/demo/../..//hal/hcc/lib\libHCCD.a(fat_common.o)
                0x2001dd00                _f_get32bitl
 .text._f_set32bitl
                0x2001dd68       0x78 C:/HOOPOE3/satellite-subsystems/demo/../..//hal/hcc/lib\libHCCD.a(fat_common.o)
                0x2001dd68                _f_set32bitl
 .text._get8bit
                0x2001dde0       0xa0 C:/HOOPOE3/satellite-subsystems/demo/../..//hal/hcc/lib\libHCCD.a(fat_common.o)
 .text._get16bitl
                0x2001de80       0x40 C:/HOOPOE3/satellite-subsystems/demo/../..//hal/hcc/lib\libHCCD.a(fat_common.o)
 .text._get32bitl
                0x2001dec0       0x3c C:/HOOPOE3/satellite-subsystems/demo/../..//hal/hcc/lib\libHCCD.a(fat_common.o)
 .text._f_setcardremoved
                0x2001defc       0x94 C:/HOOPOE3/satellite-subsystems/demo/../..//hal/hcc/lib\libHCCD.a(fat_common.o)
 .text._f_checkstatus
                0x2001df90      0x104 C:/HOOPOE3/satellite-subsystems/demo/../..//hal/hcc/lib\libHCCD.a(fat_common.o)
                0x2001df90                _f_checkstatus
 .text._f_drvgetphy
                0x2001e094      0x114 C:/HOOPOE3/satellite-subsystems/demo/../..//hal/hcc/lib\libHCCD.a(fat_common.o)
 .text._f_drvwritesector
                0x2001e1a8       0xdc C:/HOOPOE3/satellite-subsystems/demo/../..//hal/hcc/lib\libHCCD.a(fat_common.o)
 .text._f_drvreadsector
                0x2001e284       0xa8 C:/HOOPOE3/satellite-subsystems/demo/../..//hal/hcc/lib\libHCCD.a(fat_common.o)
 .text._f_writesector
                0x2001e32c      0x23c C:/HOOPOE3/satellite-subsystems/demo/../..//hal/hcc/lib\libHCCD.a(fat_common.o)
                0x2001e32c                _f_writesector
 .text._f_readsector
                0x2001e568      0x1dc C:/HOOPOE3/satellite-subsystems/demo/../..//hal/hcc/lib\libHCCD.a(fat_common.o)
                0x2001e568                _f_readsector
 .text._f_getmaxcluster
                0x2001e744       0x94 C:/HOOPOE3/satellite-subsystems/demo/../..//hal/hcc/lib\libHCCD.a(fat_common.o)
                0x2001e744                _f_getmaxcluster
 .text._getsectorfromcluster
                0x2001e7d8       0x68 C:/HOOPOE3/satellite-subsystems/demo/../..//hal/hcc/lib\libHCCD.a(fat_common.o)
 .text._f_buildsectors
                0x2001e840      0x268 C:/HOOPOE3/satellite-subsystems/demo/../..//hal/hcc/lib\libHCCD.a(fat_common.o)
 .text._f_getbootrecord
                0x2001eaa8      0x5e4 C:/HOOPOE3/satellite-subsystems/demo/../..//hal/hcc/lib\libHCCD.a(fat_common.o)
 .text._f_readbootrecord
                0x2001f08c      0x4f8 C:/HOOPOE3/satellite-subsystems/demo/../..//hal/hcc/lib\libHCCD.a(fat_common.o)
 .text._f_flushcffiles
                0x2001f584      0x17c C:/HOOPOE3/satellite-subsystems/demo/../..//hal/hcc/lib\libHCCD.a(fat_common.o)
                0x2001f584                _f_flushcffiles
 .text._f_fatcache_flush
                0x2001f700      0x270 C:/HOOPOE3/satellite-subsystems/demo/../..//hal/hcc/lib\libHCCD.a(fat_common.o)
                0x2001f700                _f_fatcache_flush
 .text._f_writefatsector
                0x2001f970      0x100 C:/HOOPOE3/satellite-subsystems/demo/../..//hal/hcc/lib\libHCCD.a(fat_common.o)
                0x2001f970                _f_writefatsector
 .text._f_getfatsector
                0x2001fa70      0x3bc C:/HOOPOE3/satellite-subsystems/demo/../..//hal/hcc/lib\libHCCD.a(fat_common.o)
 .text._f_setclustervalue
                0x2001fe2c      0x490 C:/HOOPOE3/satellite-subsystems/demo/../..//hal/hcc/lib\libHCCD.a(fat_common.o)
                0x2001fe2c                _f_setclustervalue
 .text._f_getclustervalue
                0x200202bc      0x388 C:/HOOPOE3/satellite-subsystems/demo/../..//hal/hcc/lib\libHCCD.a(fat_common.o)
                0x200202bc                _f_getclustervalue
 .text._f_close_drive_files
                0x20020644       0xac C:/HOOPOE3/satellite-subsystems/demo/../..//hal/hcc/lib\libHCCD.a(fat_common.o)
 .text._f_inc_mount_count
                0x200206f0       0xa4 C:/HOOPOE3/satellite-subsystems/demo/../..//hal/hcc/lib\libHCCD.a(fat_common.o)
 .text._f_getvolume
                0x20020794      0x2f8 C:/HOOPOE3/satellite-subsystems/demo/../..//hal/hcc/lib\libHCCD.a(fat_common.o)
                0x20020794                _f_getvolume
 .text.fn_createdriver
                0x20020a8c      0x118 C:/HOOPOE3/satellite-subsystems/demo/../..//hal/hcc/lib\libHCCD.a(fat_common.o)
                0x20020a8c                fn_createdriver
 .text.fn_initvolume
                0x20020ba4      0x12c C:/HOOPOE3/satellite-subsystems/demo/../..//hal/hcc/lib\libHCCD.a(fat_common.o)
                0x20020ba4                fn_initvolume
 .text.fn_initvolumepartition_sub
                0x20020cd0       0xe0 C:/HOOPOE3/satellite-subsystems/demo/../..//hal/hcc/lib\libHCCD.a(fat_common.o)
 .text.fn_initvolumepartition
                0x20020db0       0xac C:/HOOPOE3/satellite-subsystems/demo/../..//hal/hcc/lib\libHCCD.a(fat_common.o)
                0x20020db0                fn_initvolumepartition
 .text._f_clustertopos
                0x20020e5c       0xf8 C:/HOOPOE3/satellite-subsystems/demo/../..//hal/hcc/lib\libHCCD.a(fat_common.o)
                0x20020e5c                _f_clustertopos
 .text._f_getcurrsector
                0x20020f54      0x6c8 C:/HOOPOE3/satellite-subsystems/demo/../..//hal/hcc/lib\libHCCD.a(fat_common.o)
                0x20020f54                _f_getcurrsector
 .text._f_getdecluster
                0x2002161c       0x90 C:/HOOPOE3/satellite-subsystems/demo/../..//hal/hcc/lib\libHCCD.a(fat_common.o)
                0x2002161c                _f_getdecluster
 .text._f_setdecluster
                0x200216ac       0x8c C:/HOOPOE3/satellite-subsystems/demo/../..//hal/hcc/lib\libHCCD.a(fat_common.o)
                0x200216ac                _f_setdecluster
 .text.fn_getdrive
                0x20021738       0x30 C:/HOOPOE3/satellite-subsystems/demo/../..//hal/hcc/lib\libHCCD.a(fat_common.o)
                0x20021738                fn_getdrive
 .text._f_getcurrenttimedate
                0x20021768      0x138 C:/HOOPOE3/satellite-subsystems/demo/../..//hal/hcc/lib\libHCCD.a(fat_common.o)
                0x20021768                _f_getcurrenttimedate
 .text._f_initentry
                0x200218a0       0xa0 C:/HOOPOE3/satellite-subsystems/demo/../..//hal/hcc/lib\libHCCD.a(fat_common.o)
                0x200218a0                _f_initentry
 .text._f_alloccluster
                0x20021940      0x344 C:/HOOPOE3/satellite-subsystems/demo/../..//hal/hcc/lib\libHCCD.a(fat_common.o)
                0x20021940                _f_alloccluster
 .text._f_dobadblock
                0x20021c84      0x2cc C:/HOOPOE3/satellite-subsystems/demo/../..//hal/hcc/lib\libHCCD.a(fat_common.o)
                0x20021c84                _f_dobadblock
 .text._f_checklocked
                0x20021f50       0xe4 C:/HOOPOE3/satellite-subsystems/demo/../..//hal/hcc/lib\libHCCD.a(fat_common.o)
                0x20021f50                _f_checklocked
 .text._f_checkappendlocked
                0x20022034      0x110 C:/HOOPOE3/satellite-subsystems/demo/../..//hal/hcc/lib\libHCCD.a(fat_common.o)
                0x20022034                _f_checkappendlocked
 .text._f_setsyncafile
                0x20022144      0x114 C:/HOOPOE3/satellite-subsystems/demo/../..//hal/hcc/lib\libHCCD.a(fat_common.o)
                0x20022144                _f_setsyncafile
 .text._f_syncfiles
                0x20022258      0x128 C:/HOOPOE3/satellite-subsystems/demo/../..//hal/hcc/lib\libHCCD.a(fat_common.o)
                0x20022258                _f_syncfiles
 .text._f_syncfilescontent
                0x20022380      0x15c C:/HOOPOE3/satellite-subsystems/demo/../..//hal/hcc/lib\libHCCD.a(fat_common.o)
 .text.fn_getfreespace
                0x200224dc      0x4c0 C:/HOOPOE3/satellite-subsystems/demo/../..//hal/hcc/lib\libHCCD.a(fat_common.o)
                0x200224dc                fn_getfreespace
 .text._f_emptywritecache
                0x2002299c      0x4a4 C:/HOOPOE3/satellite-subsystems/demo/../..//hal/hcc/lib\libHCCD.a(fat_common.o)
 .text._f_allocnextcluster
                0x20022e40      0x54c C:/HOOPOE3/satellite-subsystems/demo/../..//hal/hcc/lib\libHCCD.a(fat_common.o)
 .text._f_emptywritebuffer
                0x2002338c      0x20c C:/HOOPOE3/satellite-subsystems/demo/../..//hal/hcc/lib\libHCCD.a(fat_common.o)
 .text._f_writezeros
                0x20023598       0xf0 C:/HOOPOE3/satellite-subsystems/demo/../..//hal/hcc/lib\libHCCD.a(fat_common.o)
                0x20023598                _f_writezeros
 .text._f_extend_file
                0x20023688      0x570 C:/HOOPOE3/satellite-subsystems/demo/../..//hal/hcc/lib\libHCCD.a(fat_common.o)
 .text._f_fseek
                0x20023bf8      0x9bc C:/HOOPOE3/satellite-subsystems/demo/../..//hal/hcc/lib\libHCCD.a(fat_common.o)
                0x20023bf8                _f_fseek
 .text._f_removechain
                0x200245b4      0x104 C:/HOOPOE3/satellite-subsystems/demo/../..//hal/hcc/lib\libHCCD.a(fat_common.o)
                0x200245b4                _f_removechain
 .text._f_updatefileentry
                0x200246b8      0x1cc C:/HOOPOE3/satellite-subsystems/demo/../..//hal/hcc/lib\libHCCD.a(fat_common.o)
 .text._f_checkreadlocked
                0x20024884      0x1bc C:/HOOPOE3/satellite-subsystems/demo/../..//hal/hcc/lib\libHCCD.a(fat_common.o)
                0x20024884                _f_checkreadlocked
 .text._f_check_handle
                0x20024a40       0x98 C:/HOOPOE3/satellite-subsystems/demo/../..//hal/hcc/lib\libHCCD.a(fat_common.o)
                0x20024a40                _f_check_handle
 .text._f_removesyncafile
                0x20024ad8      0x1ec C:/HOOPOE3/satellite-subsystems/demo/../..//hal/hcc/lib\libHCCD.a(fat_common.o)
 .text.fn_close
                0x20024cc4      0x3f8 C:/HOOPOE3/satellite-subsystems/demo/../..//hal/hcc/lib\libHCCD.a(fat_common.o)
                0x20024cc4                fn_close
 .text.fn_flush
                0x200250bc      0x374 C:/HOOPOE3/satellite-subsystems/demo/../..//hal/hcc/lib\libHCCD.a(fat_common.o)
                0x200250bc                fn_flush
 .text.fn_read  0x20025430      0x690 C:/HOOPOE3/satellite-subsystems/demo/../..//hal/hcc/lib\libHCCD.a(fat_common.o)
                0x20025430                fn_read
 .text._f_abortwrite
                0x20025ac0      0x100 C:/HOOPOE3/satellite-subsystems/demo/../..//hal/hcc/lib\libHCCD.a(fat_common.o)
 .text._f_checkwritecluster
                0x20025bc0       0xe4 C:/HOOPOE3/satellite-subsystems/demo/../..//hal/hcc/lib\libHCCD.a(fat_common.o)
 .text.fn_write
                0x20025ca4      0x8a8 C:/HOOPOE3/satellite-subsystems/demo/../..//hal/hcc/lib\libHCCD.a(fat_common.o)
                0x20025ca4                fn_write
 .text.fn_seek  0x2002654c      0x270 C:/HOOPOE3/satellite-subsystems/demo/../..//hal/hcc/lib\libHCCD.a(fat_common.o)
                0x2002654c                fn_seek
 .text.f_enterFS
                0x200267bc      0x1c0 C:/HOOPOE3/satellite-subsystems/demo/../..//hal/hcc/lib\libHCCD.a(fat_common.o)
                0x200267bc                f_enterFS
 .text.f_releaseFS
                0x2002697c       0xb0 C:/HOOPOE3/satellite-subsystems/demo/../..//hal/hcc/lib\libHCCD.a(fat_common.o)
                0x2002697c                f_releaseFS
 .text.fnGetTask
                0x20026a2c       0xfc C:/HOOPOE3/satellite-subsystems/demo/../..//hal/hcc/lib\libHCCD.a(fat_common.o)
                0x20026a2c                fnGetTask
 .text._f_mutex_get
                0x20026b28       0x98 C:/HOOPOE3/satellite-subsystems/demo/../..//hal/hcc/lib\libHCCD.a(fat_common.o)
                0x20026b28                _f_mutex_get
 .text._f_mutex_put
                0x20026bc0       0x54 C:/HOOPOE3/satellite-subsystems/demo/../..//hal/hcc/lib\libHCCD.a(fat_common.o)
                0x20026bc0                _f_mutex_put
 .text._fn_initseekdivisor
                0x20026c14      0x158 C:/HOOPOE3/satellite-subsystems/demo/../..//hal/hcc/lib\libHCCD.a(fat_common.o)
                0x20026c14                _fn_initseekdivisor
 .text._fn_updateseekpos
                0x20026d6c       0xc4 C:/HOOPOE3/satellite-subsystems/demo/../..//hal/hcc/lib\libHCCD.a(fat_common.o)
 .text._f_findopensize
                0x20026e30       0x2c C:/HOOPOE3/satellite-subsystems/demo/../..//hal/hcc/lib\libHCCD.a(fat_common.o)
                0x20026e30                _f_findopensize
 .text.fn_setlasterror
                0x20026e5c       0x34 C:/HOOPOE3/satellite-subsystems/demo/../..//hal/hcc/lib\libHCCD.a(fat_common.o)
                0x20026e5c                fn_setlasterror
 .text.fn_setlasterror_noret
                0x20026e90       0x2c C:/HOOPOE3/satellite-subsystems/demo/../..//hal/hcc/lib\libHCCD.a(fat_common.o)
                0x20026e90                fn_setlasterror_noret
 .text.fm_initvolume
                0x20026ebc       0x70 C:/HOOPOE3/satellite-subsystems/demo/../..//hal/hcc/lib\libHCCD.a(fat_m.o)
                0x20026ebc                fm_initvolume
 .text.fm_getdrive
                0x20026f2c       0x70 C:/HOOPOE3/satellite-subsystems/demo/../..//hal/hcc/lib\libHCCD.a(fat_m.o)
                0x20026f2c                fm_getdrive
 .text.fm_getfreespace
                0x20026f9c       0x68 C:/HOOPOE3/satellite-subsystems/demo/../..//hal/hcc/lib\libHCCD.a(fat_m.o)
                0x20026f9c                fm_getfreespace
 .text.fm_findfirst
                0x20027004       0x68 C:/HOOPOE3/satellite-subsystems/demo/../..//hal/hcc/lib\libHCCD.a(fat_m.o)
                0x20027004                fm_findfirst
 .text.fm_findnext
                0x2002706c       0x60 C:/HOOPOE3/satellite-subsystems/demo/../..//hal/hcc/lib\libHCCD.a(fat_m.o)
                0x2002706c                fm_findnext
 .text.fm_rename
                0x200270cc       0x68 C:/HOOPOE3/satellite-subsystems/demo/../..//hal/hcc/lib\libHCCD.a(fat_m.o)
                0x200270cc                fm_rename
 .text.fm_filelength
                0x20027134       0x60 C:/HOOPOE3/satellite-subsystems/demo/../..//hal/hcc/lib\libHCCD.a(fat_m.o)
                0x20027134                fm_filelength
 .text.fm_close
                0x20027194       0x60 C:/HOOPOE3/satellite-subsystems/demo/../..//hal/hcc/lib\libHCCD.a(fat_m.o)
                0x20027194                fm_close
 .text.fm_flush
                0x200271f4       0x60 C:/HOOPOE3/satellite-subsystems/demo/../..//hal/hcc/lib\libHCCD.a(fat_m.o)
                0x200271f4                fm_flush
 .text.fm_open  0x20027254       0x68 C:/HOOPOE3/satellite-subsystems/demo/../..//hal/hcc/lib\libHCCD.a(fat_m.o)
                0x20027254                fm_open
 .text.fm_read  0x200272bc       0x7c C:/HOOPOE3/satellite-subsystems/demo/../..//hal/hcc/lib\libHCCD.a(fat_m.o)
                0x200272bc                fm_read
 .text.fm_write
                0x20027338       0x7c C:/HOOPOE3/satellite-subsystems/demo/../..//hal/hcc/lib\libHCCD.a(fat_m.o)
                0x20027338                fm_write
 .text.fm_seek  0x200273b4       0x70 C:/HOOPOE3/satellite-subsystems/demo/../..//hal/hcc/lib\libHCCD.a(fat_m.o)
                0x200273b4                fm_seek
 .text.fm_delete
                0x20027424       0x64 C:/HOOPOE3/satellite-subsystems/demo/../..//hal/hcc/lib\libHCCD.a(fat_m.o)
                0x20027424                fm_delete
 .text.fm_getlasterror
                0x20027488       0x40 C:/HOOPOE3/satellite-subsystems/demo/../..//hal/hcc/lib\libHCCD.a(fat_m.o)
                0x20027488                fm_getlasterror
 .text._s_checkzeroclusteratend
                0x200274c8       0xf8 C:/HOOPOE3/satellite-subsystems/demo/../..//hal/hcc/lib\libHCCD.a(safefat.o)
 .text._s_clearclustercontent