Archive member included because of file (symbol)

c:/isis/application/toolchain/bin/../lib/gcc/arm-none-eabi/4.7.4/../../../../arm-none-eabi/lib\libc_s.a(lib_a-vfprintf_float.o)
                              (_printf_float)
c:/isis/application/toolchain/bin/../lib/gcc/arm-none-eabi/4.7.4/../../../../arm-none-eabi/lib\libc_s.a(lib_a-vfprintf_i.o)
                              c:/isis/application/toolchain/bin/../lib/gcc/arm-none-eabi/4.7.4/../../../../arm-none-eabi/lib\libc_s.a(lib_a-vfprintf_float.o) (_printf_common)
c:/isis/application/toolchain/bin/../lib/gcc/arm-none-eabi/4.7.4/../../../../arm-none-eabi/lib\libc_s.a(lib_a-vfscanf_float.o)
                              (_scanf_float)
c:/isis/application/toolchain/bin/../lib/gcc/arm-none-eabi/4.7.4/../../../../arm-none-eabi/lib\libc_s.a(lib_a-dtoa.o)
                              c:/isis/application/toolchain/bin/../lib/gcc/arm-none-eabi/4.7.4/../../../../arm-none-eabi/lib\libc_s.a(lib_a-vfprintf_float.o) (_dtoa_r)
c:/isis/application/toolchain/bin/../lib/gcc/arm-none-eabi/4.7.4/../../../../arm-none-eabi/lib\libc_s.a(lib_a-locale.o)
                              c:/isis/application/toolchain/bin/../lib/gcc/arm-none-eabi/4.7.4/../../../../arm-none-eabi/lib\libc_s.a(lib_a-vfprintf_float.o) (_localeconv_r)
c:/isis/application/toolchain/bin/../lib/gcc/arm-none-eabi/4.7.4/../../../../arm-none-eabi/lib\libc_s.a(lib_a-malloc.o)
                              c:/isis/application/toolchain/bin/../lib/gcc/arm-none-eabi/4.7.4/../../../../arm-none-eabi/lib\libc_s.a(lib_a-dtoa.o) (malloc)
c:/isis/application/toolchain/bin/../lib/gcc/arm-none-eabi/4.7.4/../../../../arm-none-eabi/lib\libc_s.a(lib_a-mallocr.o)
                              c:/isis/application/toolchain/bin/../lib/gcc/arm-none-eabi/4.7.4/../../../../arm-none-eabi/lib\libc_s.a(lib_a-malloc.o) (_malloc_r)
c:/isis/application/toolchain/bin/../lib/gcc/arm-none-eabi/4.7.4/../../../../arm-none-eabi/lib\libc_s.a(lib_a-memcpy.o)
                              c:/isis/application/toolchain/bin/../lib/gcc/arm-none-eabi/4.7.4/../../../../arm-none-eabi/lib\libc_s.a(lib_a-dtoa.o) (memcpy)
c:/isis/application/toolchain/bin/../lib/gcc/arm-none-eabi/4.7.4/../../../../arm-none-eabi/lib\libc_s.a(lib_a-mprec.o)
                              c:/isis/application/toolchain/bin/../lib/gcc/arm-none-eabi/4.7.4/../../../../arm-none-eabi/lib\libc_s.a(lib_a-dtoa.o) (_Balloc)
c:/isis/application/toolchain/bin/../lib/gcc/arm-none-eabi/4.7.4/../../../../arm-none-eabi/lib\libc_s.a(lib_a-s_fpclassify.o)
                              c:/isis/application/toolchain/bin/../lib/gcc/arm-none-eabi/4.7.4/../../../../arm-none-eabi/lib\libc_s.a(lib_a-vfprintf_float.o) (__fpclassifyd)
c:/isis/application/toolchain/bin/../lib/gcc/arm-none-eabi/4.7.4/../../../../arm-none-eabi/lib\libc_s.a(lib_a-sbrkr.o)
                              c:/isis/application/toolchain/bin/../lib/gcc/arm-none-eabi/4.7.4/../../../../arm-none-eabi/lib\libc_s.a(lib_a-mallocr.o) (_sbrk_r)
c:/isis/application/toolchain/bin/../lib/gcc/arm-none-eabi/4.7.4/../../../../arm-none-eabi/lib\libc_s.a(lib_a-sf_nan.o)
                              c:/isis/application/toolchain/bin/../lib/gcc/arm-none-eabi/4.7.4/../../../../arm-none-eabi/lib\libc_s.a(lib_a-vfscanf_float.o) (nanf)
c:/isis/application/toolchain/bin/../lib/gcc/arm-none-eabi/4.7.4/../../../../arm-none-eabi/lib\libc_s.a(lib_a-sprintf.o)
                              c:/isis/application/toolchain/bin/../lib/gcc/arm-none-eabi/4.7.4/../../../../arm-none-eabi/lib\libc_s.a(lib_a-vfscanf_float.o) (sprintf)
c:/isis/application/toolchain/bin/../lib/gcc/arm-none-eabi/4.7.4/../../../../arm-none-eabi/lib\libc_s.a(lib_a-strcmp.o)
                              c:/isis/application/toolchain/bin/../lib/gcc/arm-none-eabi/4.7.4/../../../../arm-none-eabi/lib\libc_s.a(lib_a-locale.o) (strcmp)
c:/isis/application/toolchain/bin/../lib/gcc/arm-none-eabi/4.7.4/../../../../arm-none-eabi/lib\libc_s.a(lib_a-strlen.o)
                              c:/isis/application/toolchain/bin/../lib/gcc/arm-none-eabi/4.7.4/../../../../arm-none-eabi/lib\libc_s.a(lib_a-vfprintf_float.o) (strlen)
c:/isis/application/toolchain/bin/../lib/gcc/arm-none-eabi/4.7.4/../../../../arm-none-eabi/lib\libc_s.a(lib_a-strtod.o)
                              c:/isis/application/toolchain/bin/../lib/gcc/arm-none-eabi/4.7.4/../../../../arm-none-eabi/lib\libc_s.a(lib_a-vfscanf_float.o) (_strtod_r)
c:/isis/application/toolchain/bin/../lib/gcc/arm-none-eabi/4.7.4/../../../../arm-none-eabi/lib\libc_s.a(lib_a-strtol.o)
                              c:/isis/application/toolchain/bin/../lib/gcc/arm-none-eabi/4.7.4/../../../../arm-none-eabi/lib\libc_s.a(lib_a-vfscanf_float.o) (_strtol_r)
c:/isis/application/toolchain/bin/../lib/gcc/arm-none-eabi/4.7.4/../../../../arm-none-eabi/lib\libc_s.a(lib_a-svfprintf.o)
                              c:/isis/application/toolchain/bin/../lib/gcc/arm-none-eabi/4.7.4/../../../../arm-none-eabi/lib\libc_s.a(lib_a-sprintf.o) (_svfprintf_r)
[...]
Memory Configuration

Name             Origin             Length             Attributes
sram0            0x00200000         0x00004000         w !xr
sram1            0x00300000         0x00004000         w !xr
sdram            0x20000000         0x02000000         w !xr
*default*        0x00000000         0xffffffff

Linker script and memory map

LOAD c:/isis/application/toolchain/bin/../lib/gcc/arm-none-eabi/4.7.4/../../../../arm-none-eabi/lib\libc_s.a
LOAD ./src/sub-systemCode/payload/Request Management/Dump/Butchering.o
LOAD ./src/sub-systemCode/payload/Request Management/Dump/imageDump.o
LOAD ./src/sub-systemCode/payload/Request Management/CameraManager.o
LOAD ./src/sub-systemCode/payload/Request Management/DB_RequestHandling.o
LOAD ./src/sub-systemCode/payload/Misc/Boolean_bit.o
LOAD ./src/sub-systemCode/payload/Misc/FRAM_Extended.o
LOAD ./src/sub-systemCode/payload/Drivers/GeckoCameraDriver.o
LOAD ./src/sub-systemCode/payload/DataBase/DataBase.o
LOAD ./src/sub-systemCode/payload/Compression/jpeg/bmp/rawToBMP.o
LOAD ./src/sub-systemCode/payload/Compression/jpeg/DCT.o
LOAD ./src/sub-systemCode/payload/Compression/jpeg/ImgCompressor.o
LOAD ./src/sub-systemCode/payload/Compression/jpeg/color_conv.o
LOAD ./src/sub-systemCode/payload/Compression/jpeg/jpeg.o
LOAD ./src/sub-systemCode/payload/Compression/jpeg/jpeg_encoder.o
LOAD ./src/sub-systemCode/payload/Compression/jpeg/jpeg_memory_alloc.o
LOAD ./src/sub-systemCode/payload/Compression/jpeg/jpeg_params.o
LOAD ./src/sub-systemCode/payload/Compression/jpeg/output_stream.o
LOAD ./src/sub-systemCode/payload/Compression/ImageConversion.o
LOAD ./src/sub-systemCode/Main/CMD/COMM_CMD.o
LOAD ./src/sub-systemCode/Main/CMD/EPS_CMD.o
LOAD ./src/sub-systemCode/Main/CMD/General_CMD.o
LOAD ./src/sub-systemCode/Main/CMD/SW_CMD.o
LOAD ./src/sub-systemCode/Main/CMD/payload_CMD.o
LOAD ./src/sub-systemCode/Main/Ants.o
LOAD ./src/sub-systemCode/Main/EPS.o
LOAD ./src/sub-systemCode/Main/HouseKeeping.o
LOAD ./src/sub-systemCode/Main/Main_Init.o
LOAD ./src/sub-systemCode/Main/commands.o
LOAD ./src/sub-systemCode/Global/Global.o
LOAD ./src/sub-systemCode/Global/GlobalParam.o
LOAD ./src/sub-systemCode/Global/OnlineTM.o
LOAD ./src/sub-systemCode/Global/TM_managment.o
LOAD ./src/sub-systemCode/COMM/APRS.o
LOAD ./src/sub-systemCode/COMM/DelayedCommand_list.o
LOAD ./src/sub-systemCode/COMM/GSC.o
LOAD ./src/sub-systemCode/COMM/TRXVU.o
LOAD ./src/sub-systemCode/ADCS/ADCS.o
LOAD ./src/sub-systemCode/ADCS/Stage_Table.o
LOAD ./src/main.o
LOAD C:/HOOPOE3/satellite-subsystems/demo/..//satellite-subsystems/lib\libSatelliteSubsystemsD.a
LOAD c:/isis/application/toolchain/bin/../lib/gcc/arm-none-eabi/4.7.4/../../../../arm-none-eabi/lib\libm.a
LOAD C:/HOOPOE3/satellite-subsystems/demo/../..//hal/hcc/lib\libHCCD.a
LOAD C:/HOOPOE3/satellite-subsystems/demo/../..//hal/hal/lib\libHALD.a
LOAD C:/HOOPOE3/satellite-subsystems/demo/../..//hal/freertos/lib\libFreeRTOSD.a
LOAD C:/HOOPOE3/satellite-subsystems/demo/../..//hal/at91/lib\libAt91D.a
START GROUP
LOAD c:/isis/application/toolchain/bin/../lib/gcc/arm-none-eabi/4.7.4\libgcc.a
LOAD c:/isis/application/toolchain/bin/../lib/gcc/arm-none-eabi/4.7.4/../../../../arm-none-eabi/lib\libc_s.a
END GROUP

.fixed          0x20000000    0x49398
                0x20000000                . = ALIGN (0x4)
                0x20000000                _sfixed = .
 *(.startup)
 .startup       0x20000000      0x134 C:/HOOPOE3/satellite-subsystems/demo/../..//hal/at91/lib\libAt91D.a(board_cstartup.o)
                0x20000000                entry
 *(.text)
 .text          0x20000134       0x64 C:/HOOPOE3/satellite-subsystems/demo/../..//hal/at91/lib\libAt91D.a(cp15_asm.o)
                0x20000134                _readControlRegister
                0x20000140                _writeControlRegister
                0x20000148                _waitForInterrupt
                0x20000154                _writeTTB
                0x2000015c                _writeDomain
                0x20000164                _writeITLBLockdown
                0x2000016c                _prefetchICacheLine
                0x20000174                _flushDCache
                0x20000180                _flushWriteBuffer
                0x2000018c                _invalidateIDTLBs
 .text          0x20000198      0x114 c:/isis/application/toolchain/bin/../lib/gcc/arm-none-eabi/4.7.4\libgcc.a(_udivsi3.o)
                0x20000198                __aeabi_uidiv
                0x20000198                __udivsi3
                0x2000028c                __aeabi_uidivmod
 .text          0x200002ac      0x148 c:/isis/application/toolchain/bin/../lib/gcc/arm-none-eabi/4.7.4\libgcc.a(_divsi3.o)
                0x200002ac                __divsi3
                0x200002ac                __aeabi_idiv
                0x200003d4                __aeabi_idivmod
 .text          0x200003f4        0x4 c:/isis/application/toolchain/bin/../lib/gcc/arm-none-eabi/4.7.4\libgcc.a(_dvmd_tls.o)
                0x200003f4                __aeabi_idiv0
                0x200003f4                __aeabi_ldiv0
 .text          0x200003f8      0x41c c:/isis/application/toolchain/bin/../lib/gcc/arm-none-eabi/4.7.4\libgcc.a(_arm_addsubdf3.o)
                0x200003f8                __aeabi_drsub
                0x20000400                __aeabi_dsub
                0x20000400                __subdf3
                0x20000404                __aeabi_dadd
                0x20000404                __adddf3
                0x20000714                __floatunsidf
                0x20000714                __aeabi_ui2d
                0x20000738                __floatsidf
                0x20000738                __aeabi_i2d
                0x20000760                __aeabi_f2d
                0x20000760                __extendsfdf2
                0x200007a0                __floatundidf
                0x200007a0                __aeabi_ul2d
                0x200007b4                __floatdidf
                0x200007b4                __aeabi_l2d
 .text          0x20000814      0x49c c:/isis/application/toolchain/bin/../lib/gcc/arm-none-eabi/4.7.4\libgcc.a(_arm_muldivdf3.o)
                0x20000814                __aeabi_dmul
                0x20000814                __muldf3
                0x20000aa4                __divdf3
                0x20000aa4                __aeabi_ddiv
 .text          0x20000cb0      0x144 c:/isis/application/toolchain/bin/../lib/gcc/arm-none-eabi/4.7.4\libgcc.a(_arm_cmpdf2.o)
                0x20000cb0                __gtdf2
                0x20000cb0                __gedf2
                0x20000cb8                __ltdf2
                0x20000cb8                __ledf2
                0x20000cc0                __nedf2
                0x20000cc0                __eqdf2
                0x20000cc0                __cmpdf2
                0x20000d48                __aeabi_cdrcmple
                0x20000d64                __aeabi_cdcmpeq
                0x20000d64                __aeabi_cdcmple
                0x20000d7c                __aeabi_dcmpeq
                0x20000d94                __aeabi_dcmplt
                0x20000dac                __aeabi_dcmple
                0x20000dc4                __aeabi_dcmpge
                0x20000ddc                __aeabi_dcmpgt
 .text          0x20000df4       0x5c c:/isis/application/toolchain/bin/../lib/gcc/arm-none-eabi/4.7.4\libgcc.a(_arm_fixdfsi.o)
                0x20000df4                __aeabi_d2iz
                0x20000df4                __fixdfsi
 .text          0x20000e50       0x54 c:/isis/application/toolchain/bin/../lib/gcc/arm-none-eabi/4.7.4\libgcc.a(_arm_fixunsdfsi.o)
                0x20000e50                __aeabi_d2uiz
                0x20000e50                __fixunsdfsi
 .text          0x20000ea4       0xa0 c:/isis/application/toolchain/bin/../lib/gcc/arm-none-eabi/4.7.4\libgcc.a(_arm_truncdfsf2.o)
                0x20000ea4                __truncdfsf2
                0x20000ea4                __aeabi_d2f
 .text          0x20000f44      0x2ac c:/isis/application/toolchain/bin/../lib/gcc/arm-none-eabi/4.7.4\libgcc.a(_arm_addsubsf3.o)
                0x20000f44                __aeabi_frsub
                0x20000f4c                __subsf3
                0x20000f4c                __aeabi_fsub
                0x20000f50                __aeabi_fadd
                0x20000f50                __addsf3
                0x2000110c                __aeabi_ui2f
                0x2000110c                __floatunsisf
                0x20001114                __aeabi_i2f
                0x20001114                __floatsisf
                0x20001134                __aeabi_ul2f
                0x20001134                __floatundisf
                0x20001144                __aeabi_l2f
                0x20001144                __floatdisf
 .text          0x200011f0       0x5c c:/isis/application/toolchain/bin/../lib/gcc/arm-none-eabi/4.7.4\libgcc.a(_arm_fixsfsi.o)
                0x200011f0                __aeabi_f2iz
                0x200011f0                __fixsfsi
 *(.text*)
 .text.__cvt    0x2000124c      0x138 c:/isis/application/toolchain/bin/../lib/gcc/arm-none-eabi/4.7.4/../../../../arm-none-eabi/lib\libc_s.a(lib_a-vfprintf_float.o)
                0x2000124c                __cvt
 .text.__exponent
                0x20001384       0xa8 c:/isis/application/toolchain/bin/../lib/gcc/arm-none-eabi/4.7.4/../../../../arm-none-eabi/lib\libc_s.a(lib_a-vfprintf_float.o)
                0x20001384                __exponent
 .text._printf_float
                0x2000142c      0x7dc c:/isis/application/toolchain/bin/../lib/gcc/arm-none-eabi/4.7.4/../../../../arm-none-eabi/lib\libc_s.a(lib_a-vfprintf_float.o)
                0x2000142c                _printf_float
 .text._printf_common
                0x20001c08      0x174 c:/isis/application/toolchain/bin/../lib/gcc/arm-none-eabi/4.7.4/../../../../arm-none-eabi/lib\libc_s.a(lib_a-vfprintf_i.o)
                0x20001c08                _printf_common
 .text._printf_i
                0x20001d7c      0x3c4 c:/isis/application/toolchain/bin/../lib/gcc/arm-none-eabi/4.7.4/../../../../arm-none-eabi/lib\libc_s.a(lib_a-vfprintf_i.o)
                0x20001d7c                _printf_i
 .text._scanf_float
                0x20002140      0x5f4 c:/isis/application/toolchain/bin/../lib/gcc/arm-none-eabi/4.7.4/../../../../arm-none-eabi/lib\libc_s.a(lib_a-vfscanf_float.o)
                0x20002140                _scanf_float
 .text.quorem   0x20002734      0x1ac c:/isis/application/toolchain/bin/../lib/gcc/arm-none-eabi/4.7.4/../../../../arm-none-eabi/lib\libc_s.a(lib_a-dtoa.o)
 .text._dtoa_r  0x200028e0     0x1268 c:/isis/application/toolchain/bin/../lib/gcc/arm-none-eabi/4.7.4/../../../../arm-none-eabi/lib\libc_s.a(lib_a-dtoa.o)
                0x200028e0                _dtoa_r
 .text._localeconv_r
                0x20003b48        0xc c:/isis/application/toolchain/bin/../lib/gcc/arm-none-eabi/4.7.4/../../../../arm-none-eabi/lib\libc_s.a(lib_a-locale.o)
                0x20003b48                _localeconv_r
 .text.malloc   0x20003b54       0x20 c:/isis/application/toolchain/bin/../lib/gcc/arm-none-eabi/4.7.4/../../../../arm-none-eabi/lib\libc_s.a(lib_a-malloc.o)
                0x20003b54                malloc
 .text.free     0x20003b74       0x20 c:/isis/application/toolchain/bin/../lib/gcc/arm-none-eabi/4.7.4/../../../../arm-none-eabi/lib\libc_s.a(lib_a-malloc.o)
                0x20003b74                free
 .text._malloc_r
                0x20003b94       0xfc c:/isis/application/toolchain/bin/../lib/gcc/arm-none-eabi/4.7.4/../../../../arm-none-eabi/lib\libc_s.a(lib_a-mallocr.o)
                0x20003b94                _malloc_r
 .text.memcpy   0x20003c90       0x20 c:/isis/application/toolchain/bin/../lib/gcc/arm-none-eabi/4.7.4/../../../../arm-none-eabi/lib\libc_s.a(lib_a-memcpy.o)
                0x20003c90                memcpy
 .text._Balloc  0x20003cb0       0xcc c:/isis/application/toolchain/bin/../lib/gcc/arm-none-eabi/4.7.4/../../../../arm-none-eabi/lib\libc_s.a(lib_a-mprec.o)
                0x20003cb0                _Balloc
 .text._Bfree   0x20003d7c       0x5c c:/isis/application/toolchain/bin/../lib/gcc/arm-none-eabi/4.7.4/../../../../arm-none-eabi/lib\libc_s.a(lib_a-mprec.o)
                0x20003d7c                _Bfree
 .text.__multadd
                0x20003dd8       0xbc c:/isis/application/toolchain/bin/../lib/gcc/arm-none-eabi/4.7.4/../../../../arm-none-eabi/lib\libc_s.a(lib_a-mprec.o)
                0x20003dd8                __multadd
 .text.__s2b    0x20003e94       0xd8 c:/isis/application/toolchain/bin/../lib/gcc/arm-none-eabi/4.7.4/../../../../arm-none-eabi/lib\libc_s.a(lib_a-mprec.o)
                0x20003e94                __s2b
 .text.__hi0bits
                0x20003f6c       0x58 c:/isis/application/toolchain/bin/../lib/gcc/arm-none-eabi/4.7.4/../../../../arm-none-eabi/lib\libc_s.a(lib_a-mprec.o)
                0x20003f6c                __hi0bits
 .text.__lo0bits
                0x20003fc4       0x94 c:/isis/application/toolchain/bin/../lib/gcc/arm-none-eabi/4.7.4/../../../../arm-none-eabi/lib\libc_s.a(lib_a-mprec.o)
                0x20003fc4                __lo0bits
 .text.__i2b    0x20004058       0x24 c:/isis/application/toolchain/bin/../lib/gcc/arm-none-eabi/4.7.4/../../../../arm-none-eabi/lib\libc_s.a(lib_a-mprec.o)
                0x20004058                __i2b
 .text.__multiply
                0x2000407c      0x1ac c:/isis/application/toolchain/bin/../lib/gcc/arm-none-eabi/4.7.4/../../../../arm-none-eabi/lib\libc_s.a(lib_a-mprec.o)
                0x2000407c                __multiply
 .text.__pow5mult
                0x20004228      0x10c c:/isis/application/toolchain/bin/../lib/gcc/arm-none-eabi/4.7.4/../../../../arm-none-eabi/lib\libc_s.a(lib_a-mprec.o)
                0x20004228                __pow5mult
 .text.__lshift
                0x20004334       0xf0 c:/isis/application/toolchain/bin/../lib/gcc/arm-none-eabi/4.7.4/../../../../arm-none-eabi/lib\libc_s.a(lib_a-mprec.o)
                0x20004334                __lshift
 .text.__mcmp   0x20004424       0x60 c:/isis/application/toolchain/bin/../lib/gcc/arm-none-eabi/4.7.4/../../../../arm-none-eabi/lib\libc_s.a(lib_a-mprec.o)
                0x20004424                __mcmp
 .text.__mdiff  0x20004484      0x128 c:/isis/application/toolchain/bin/../lib/gcc/arm-none-eabi/4.7.4/../../../../arm-none-eabi/lib\libc_s.a(lib_a-mprec.o)
                0x20004484                __mdiff
 .text.__ulp    0x200045ac       0x5c c:/isis/application/toolchain/bin/../lib/gcc/arm-none-eabi/4.7.4/../../../../arm-none-eabi/lib\libc_s.a(lib_a-mprec.o)
                0x200045ac                __ulp
 .text.__b2d    0x20004608       0xc8 c:/isis/application/toolchain/bin/../lib/gcc/arm-none-eabi/4.7.4/../../../../arm-none-eabi/lib\libc_s.a(lib_a-mprec.o)
                0x20004608                __b2d
 .text.__d2b    0x200046d0       0xfc c:/isis/application/toolchain/bin/../lib/gcc/arm-none-eabi/4.7.4/../../../../arm-none-eabi/lib\libc_s.a(lib_a-mprec.o)
                0x200046d0                __d2b
 .text.__ratio  0x200047cc       0x70 c:/isis/application/toolchain/bin/../lib/gcc/arm-none-eabi/4.7.4/../../../../arm-none-eabi/lib\libc_s.a(lib_a-mprec.o)
                0x200047cc                __ratio
 .text.__copybits
                0x2000483c       0x4c c:/isis/application/toolchain/bin/../lib/gcc/arm-none-eabi/4.7.4/../../../../arm-none-eabi/lib\libc_s.a(lib_a-mprec.o)
                0x2000483c                __copybits
 .text.__any_on
                0x20004888       0x7c c:/isis/application/toolchain/bin/../lib/gcc/arm-none-eabi/4.7.4/../../../../arm-none-eabi/lib\libc_s.a(lib_a-mprec.o)
                0x20004888                __any_on
 .text.__fpclassifyd
                0x20004904       0x6c c:/isis/application/toolchain/bin/../lib/gcc/arm-none-eabi/4.7.4/../../../../arm-none-eabi/lib\libc_s.a(lib_a-s_fpclassify.o)
                0x20004904                __fpclassifyd
 .text._sbrk_r  0x20004970       0x3c c:/isis/application/toolchain/bin/../lib/gcc/arm-none-eabi/4.7.4/../../../../arm-none-eabi/lib\libc_s.a(lib_a-sbrkr.o)
                0x20004970                _sbrk_r
 .text.nanf     0x200049ac        0xc c:/isis/application/toolchain/bin/../lib/gcc/arm-none-eabi/4.7.4/../../../../arm-none-eabi/lib\libc_s.a(lib_a-sf_nan.o)
                0x200049ac                nanf
 .text.sprintf  0x200049b8       0x6c c:/isis/application/toolchain/bin/../lib/gcc/arm-none-eabi/4.7.4/../../../../arm-none-eabi/lib\libc_s.a(lib_a-sprintf.o)
                0x200049b8                siprintf
                0x200049b8                sprintf
 .text.strcmp   0x20004a24       0x1c c:/isis/application/toolchain/bin/../lib/gcc/arm-none-eabi/4.7.4/../../../../arm-none-eabi/lib\libc_s.a(lib_a-strcmp.o)
                0x20004a24                strcmp
 .text.strlen   0x20004a40       0x1c c:/isis/application/toolchain/bin/../lib/gcc/arm-none-eabi/4.7.4/../../../../arm-none-eabi/lib\libc_s.a(lib_a-strlen.o)
                0x20004a40                strlen
 .text.match    0x20004a5c       0x54 c:/isis/application/toolchain/bin/../lib/gcc/arm-none-eabi/4.7.4/../../../../arm-none-eabi/lib\libc_s.a(lib_a-strtod.o)
 .text._strtod_r
                0x20004ab0     0x1168 c:/isis/application/toolchain/bin/../lib/gcc/arm-none-eabi/4.7.4/../../../../arm-none-eabi/lib\libc_s.a(lib_a-strtod.o)
                0x20004ab0                _strtod_r
 .text._strtol_r
                0x20005c18      0x1b8 c:/isis/application/toolchain/bin/../lib/gcc/arm-none-eabi/4.7.4/../../../../arm-none-eabi/lib\libc_s.a(lib_a-strtol.o)
                0x20005c18                _strtol_r
 .text.__ssputc_r
                0x20005dd0      0x10c c:/isis/application/toolchain/bin/../lib/gcc/arm-none-eabi/4.7.4/../../../../arm-none-eabi/lib\libc_s.a(lib_a-svfprintf.o)
                0x20005dd0                __ssputc_r
 .text._svfprintf_r
                0x20005edc      0x328 c:/isis/application/toolchain/bin/../lib/gcc/arm-none-eabi/4.7.4/../../../../arm-none-eabi/lib\libc_s.a(lib_a-svfprintf.o)
                0x20005edc                _svfiprintf_r
                0x20005edc                _svfprintf_r
 .text._calloc_r
                0x20006204       0x2c c:/isis/application/toolchain/bin/../lib/gcc/arm-none-eabi/4.7.4/../../../../arm-none-eabi/lib\libc_s.a(lib_a-callocr.o)
                0x20006204                _calloc_r
 .text._free_r  0x20006230      0x108 c:/isis/application/toolchain/bin/../lib/gcc/arm-none-eabi/4.7.4/../../../../arm-none-eabi/lib\libc_s.a(lib_a-freer.o)
                0x20006230                _free_r
 .text.rshift   0x20006338       0xb0 c:/isis/application/toolchain/bin/../lib/gcc/arm-none-eabi/4.7.4/../../../../arm-none-eabi/lib\libc_s.a(lib_a-gdtoa-gethex.o)
 .text.htinit.constprop.0
                0x200063e8       0x34 c:/isis/application/toolchain/bin/../lib/gcc/arm-none-eabi/4.7.4/../../../../arm-none-eabi/lib\libc_s.a(lib_a-gdtoa-gethex.o)
 .text.__hexdig_init
                0x2000641c       0x38 c:/isis/application/toolchain/bin/../lib/gcc/arm-none-eabi/4.7.4/../../../../arm-none-eabi/lib\libc_s.a(lib_a-gdtoa-gethex.o)
                0x2000641c                __hexdig_init
 .text.__gethex
                0x20006454      0x6cc c:/isis/application/toolchain/bin/../lib/gcc/arm-none-eabi/4.7.4/../../../../arm-none-eabi/lib\libc_s.a(lib_a-gdtoa-gethex.o)
                0x20006454                __gethex
 .text.L_shift  0x20006b20       0x38 c:/isis/application/toolchain/bin/../lib/gcc/arm-none-eabi/4.7.4/../../../../arm-none-eabi/lib\libc_s.a(lib_a-gdtoa-hexnan.o)
 .text.__hexnan
                0x20006b58      0x1d8 c:/isis/application/toolchain/bin/../lib/gcc/arm-none-eabi/4.7.4/../../../../arm-none-eabi/lib\libc_s.a(lib_a-gdtoa-hexnan.o)
                0x20006b58                __hexnan
 .text.memchr   0x20006d30       0x34 c:/isis/application/toolchain/bin/../lib/gcc/arm-none-eabi/4.7.4/../../../../arm-none-eabi/lib\libc_s.a(lib_a-memchr.o)
                0x20006d30                memchr
 .text.memset   0x20006d64       0x1c c:/isis/application/toolchain/bin/../lib/gcc/arm-none-eabi/4.7.4/../../../../arm-none-eabi/lib\libc_s.a(lib_a-memset.o)
                0x20006d64                memset
 .text._realloc_r
                0x20006d80       0x80 c:/isis/application/toolchain/bin/../lib/gcc/arm-none-eabi/4.7.4/../../../../arm-none-eabi/lib\libc_s.a(lib_a-reallocr.o)
                0x20006d80                _realloc_r
 .text.strncmp  0x20006e00       0x64 c:/isis/application/toolchain/bin/../lib/gcc/arm-none-eabi/4.7.4/../../../../arm-none-eabi/lib\libc_s.a(lib_a-strncmp.o)
                0x20006e00                strncmp
 .text._malloc_usable_size_r
                0x20006e64       0x1c c:/isis/application/toolchain/bin/../lib/gcc/arm-none-eabi/4.7.4/../../../../arm-none-eabi/lib\libc_s.a(lib_a-msizer.o)
                0x20006e64                _malloc_usable_size_r
 .text.GetChunksFromRange
                0x20006e80      0x1d8 ./src/sub-systemCode/payload/Request Management/Dump/Butchering.o
                0x20006e80                GetChunksFromRange
 .text.GetChunkFromImage
                0x20007058      0x358 ./src/sub-systemCode/payload/Request Management/Dump/Butchering.o
                0x20007058                GetChunkFromImage
 .text.SimpleButcher
                0x200073b0       0xf4 ./src/sub-systemCode/payload/Request Management/Dump/Butchering.o
                0x200073b0                SimpleButcher
 .text.find_subType_ofImage
                0x200074a4       0xe0 ./src/sub-systemCode/payload/Request Management/Dump/imageDump.o
                0x200074a4                find_subType_ofImage
 .text.buildAndSend_chunck
                0x20007584      0x298 ./src/sub-systemCode/payload/Request Management/Dump/imageDump.o
                0x20007584                buildAndSend_chunck
 .text.bitField_imageDump
                0x2000781c      0x1c8 ./src/sub-systemCode/payload/Request Management/Dump/imageDump.o
                0x2000781c                bitField_imageDump
 .text.thumbnail_Dump
                0x200079e4      0x264 ./src/sub-systemCode/payload/Request Management/Dump/imageDump.o
                0x200079e4                thumbnail_Dump
 .text.imageDataBase_Dump
                0x20007c48       0xf8 ./src/sub-systemCode/payload/Request Management/Dump/imageDump.o
                0x20007c48                imageDataBase_Dump
 .text.chunkField_imageDump
                0x20007d40      0x1cc ./src/sub-systemCode/payload/Request Management/Dump/imageDump.o
                0x20007d40                chunkField_imageDump
 .text.imageDump_task
                0x20007f0c      0x3bc ./src/sub-systemCode/payload/Request Management/Dump/imageDump.o
                0x20007f0c                imageDump_task
 .text.CameraManagerTaskMain
                0x200082c8      0x100 ./src/sub-systemCode/payload/Request Management/CameraManager.o
                0x200082c8                CameraManagerTaskMain
 .text.initCamera
                0x200083c8       0x70 ./src/sub-systemCode/payload/Request Management/CameraManager.o
                0x200083c8                initCamera
 .text.KickStartCamera
                0x20008438       0xb4 ./src/sub-systemCode/payload/Request Management/CameraManager.o
                0x20008438                KickStartCamera
 .text.addRequestToQueue
                0x200084ec       0xa8 ./src/sub-systemCode/payload/Request Management/CameraManager.o
                0x200084ec                addRequestToQueue
 .text.removeRequestFromQueue
                0x20008594       0x7c ./src/sub-systemCode/payload/Request Management/CameraManager.o
                0x20008594                removeRequestFromQueue
 .text.Take_pictures_with_time_in_between
                0x20008610       0xa4 ./src/sub-systemCode/payload/Request Management/CameraManager.o
                0x20008610                Take_pictures_with_time_in_between
 .text.Gecko_TroubleShooter
                0x200086b4       0xdc ./src/sub-systemCode/payload/Request Management/CameraManager.o
                0x200086b4                Gecko_TroubleShooter
 .text.handleDump
                0x20008790      0x108 ./src/sub-systemCode/payload/Request Management/CameraManager.o
                0x20008790                handleDump
 .text.act_upon_request
                0x20008898      0x2f0 ./src/sub-systemCode/payload/Request Management/CameraManager.o
                0x20008898                act_upon_request
 .text.TakePicture
                0x20008b88       0x4c ./src/sub-systemCode/payload/Request Management/DB_RequestHandling.o
                0x20008b88                TakePicture
 .text.TakeSpecialPicture
                0x20008bd4      0x10c ./src/sub-systemCode/payload/Request Management/DB_RequestHandling.o
                0x20008bd4                TakeSpecialPicture
 .text.DeletePictureFile
                0x20008ce0       0x88 ./src/sub-systemCode/payload/Request Management/DB_RequestHandling.o
                0x20008ce0                DeletePictureFile
 .text.DeletePicture
                0x20008d68       0x68 ./src/sub-systemCode/payload/Request Management/DB_RequestHandling.o
                0x20008d68                DeletePicture
 .text.TransferPicture
                0x20008dd0       0x54 ./src/sub-systemCode/payload/Request Management/DB_RequestHandling.o
                0x20008dd0                TransferPicture
 .text.CreateThumbnail
                0x20008e24       0x90 ./src/sub-systemCode/payload/Request Management/DB_RequestHandling.o
                0x20008e24                CreateThumbnail
 .text.CreateJPG
                0x20008eb4       0x7c ./src/sub-systemCode/payload/Request Management/DB_RequestHandling.o
                0x20008eb4                CreateJPG
 .text.UpdatePhotographyValues
                0x20008f30       0xb4 ./src/sub-systemCode/payload/Request Management/DB_RequestHandling.o
                0x20008f30                UpdatePhotographyValues
 .text.convert2char
                0x20008fe4      0x14c ./src/sub-systemCode/payload/Misc/Boolean_bit.o
                0x20008fe4                convert2char
 .text.convert2byte
                0x20009130      0x1c8 ./src/sub-systemCode/payload/Misc/Boolean_bit.o
                0x20009130                convert2byte
 .text.bits2byte
                0x200092f8      0x17c ./src/sub-systemCode/payload/Misc/Boolean_bit.o
                0x200092f8                bits2byte
 .text.byte2bits
                0x20009474      0x17c ./src/sub-systemCode/payload/Misc/Boolean_bit.o
                0x20009474                byte2bits
 .text.char2bits
                0x200095f0       0x44 ./src/sub-systemCode/payload/Misc/Boolean_bit.o
                0x200095f0                char2bits
 .text.bits2char
                0x20009634       0x3c ./src/sub-systemCode/payload/Misc/Boolean_bit.o
                0x20009634                bits2char
 .text.Initialized_GPIO
                0x20009670       0x54 ./src/sub-systemCode/payload/Drivers/GeckoCameraDriver.o
                0x20009670                Initialized_GPIO
 .text.TurnOnGecko
                0x200096c4      0x128 ./src/sub-systemCode/payload/Drivers/GeckoCameraDriver.o
                0x200096c4                TurnOnGecko
 .text.TurnOffGecko
                0x200097ec       0xc0 ./src/sub-systemCode/payload/Drivers/GeckoCameraDriver.o
                0x200097ec                TurnOffGecko
 .text.initGecko
                0x200098ac       0x3c ./src/sub-systemCode/payload/Drivers/GeckoCameraDriver.o
                0x200098ac                initGecko
 .text.GECKO_TakeImage
                0x200098e8      0x2c4 ./src/sub-systemCode/payload/Drivers/GeckoCameraDriver.o
                0x200098e8                GECKO_TakeImage
 .text.GECKO_EraseBlock
                0x20009bac       0xc0 ./src/sub-systemCode/payload/Drivers/GeckoCameraDriver.o
                0x20009bac                GECKO_EraseBlock
 .text.getFileName
                0x20009c6c      0x1a0 ./src/sub-systemCode/payload/DataBase/DataBase.o
 .text.zeroImageDataBase
                0x20009e0c       0x84 ./src/sub-systemCode/payload/DataBase/DataBase.o
                0x20009e0c                zeroImageDataBase
 .text.updateGeneralDataBaseParameters
                0x20009e90       0x5c ./src/sub-systemCode/payload/DataBase/DataBase.o
                0x20009e90                updateGeneralDataBaseParameters
 .text.SearchDataBase_byID
                0x20009eec      0x220 ./src/sub-systemCode/payload/DataBase/DataBase.o
                0x20009eec                SearchDataBase_byID
 .text.SearchDataBase_byMark
                0x2000a10c       0xa4 ./src/sub-systemCode/payload/DataBase/DataBase.o
                0x2000a10c                SearchDataBase_byMark
 .text.checkForFileType
                0x2000a1b0       0x68 ./src/sub-systemCode/payload/DataBase/DataBase.o
                0x2000a1b0                checkForFileType
 .text.updateFileTypes
                0x2000a218       0xbc ./src/sub-systemCode/payload/DataBase/DataBase.o
                0x2000a218                updateFileTypes
 .text.GetImageFactor
                0x2000a2d4       0x58 ./src/sub-systemCode/payload/DataBase/DataBase.o
                0x2000a2d4                GetImageFactor
 .text.readImageToBuffer
                0x2000a32c      0x18c ./src/sub-systemCode/payload/DataBase/DataBase.o
                0x2000a32c                readImageToBuffer
 .text.saveImageFromBuffer
                0x2000a4b8      0x1bc ./src/sub-systemCode/payload/DataBase/DataBase.o
                0x2000a4b8                saveImageFromBuffer
 .text.getDataBaseStart
                0x2000a674       0x20 ./src/sub-systemCode/payload/DataBase/DataBase.o
                0x2000a674                getDataBaseStart
 .text.setDataBaseValues
                0x2000a694      0x1d8 ./src/sub-systemCode/payload/DataBase/DataBase.o
                0x2000a694                setDataBaseValues
 .text.initImageDataBase
                0x2000a86c      0x1b0 ./src/sub-systemCode/payload/DataBase/DataBase.o
                0x2000a86c                initImageDataBase
 .text.resetImageDataBase
                0x2000aa1c       0x98 ./src/sub-systemCode/payload/DataBase/DataBase.o
                0x2000aa1c                resetImageDataBase
 .text.setCameraPhotographyValues
                0x2000aab4      0x10c ./src/sub-systemCode/payload/DataBase/DataBase.o
                0x2000aab4                setCameraPhotographyValues
 .text.transferImageToSD_withoutSearch
                0x2000abc0      0x1c0 ./src/sub-systemCode/payload/DataBase/DataBase.o
                0x2000abc0                transferImageToSD_withoutSearch
 .text.transferImageToSD
                0x2000ad80       0xb4 ./src/sub-systemCode/payload/DataBase/DataBase.o
                0x2000ad80                transferImageToSD
 .text.DeleteImageFromOBC_withoutSearch
                0x2000ae34       0xe8 ./src/sub-systemCode/payload/DataBase/DataBase.o
                0x2000ae34                DeleteImageFromOBC_withoutSearch
 .text.DeleteImageFromOBC
                0x2000af1c       0xb4 ./src/sub-systemCode/payload/DataBase/DataBase.o
                0x2000af1c                DeleteImageFromOBC
 .text.DeleteImageFromPayload
                0x2000afd0      0x24c ./src/sub-systemCode/payload/DataBase/DataBase.o
                0x2000afd0                DeleteImageFromPayload
 .text.clearImageDataBase
                0x2000b21c      0x13c ./src/sub-systemCode/payload/DataBase/DataBase.o
                0x2000b21c                clearImageDataBase
 .text.handleMarkedPictures
                0x2000b358      0x1f4 ./src/sub-systemCode/payload/DataBase/DataBase.o
                0x2000b358                handleMarkedPictures
 .text.writeNewImageMetaDataToFRAM
                0x2000b54c      0x234 ./src/sub-systemCode/payload/DataBase/DataBase.o
                0x2000b54c                writeNewImageMetaDataToFRAM
 .text.takePicture
                0x2000b780      0x31c ./src/sub-systemCode/payload/DataBase/DataBase.o
                0x2000b780                takePicture
 .text.takePicture_withSpecialParameters
                0x2000ba9c       0xbc ./src/sub-systemCode/payload/DataBase/DataBase.o
                0x2000ba9c                takePicture_withSpecialParameters
 .text.GetImageFileName
                0x2000bb58       0xc0 ./src/sub-systemCode/payload/DataBase/DataBase.o
                0x2000bb58                GetImageFileName
 .text.getImageDataBaseBuffer
                0x2000bc18      0x3fc ./src/sub-systemCode/payload/DataBase/DataBase.o
                0x2000bc18                getImageDataBaseBuffer
 .text.get_ID_list_withDefaltThumbnail
                0x2000c014      0x180 ./src/sub-systemCode/payload/DataBase/DataBase.o
                0x2000c014                get_ID_list_withDefaltThumbnail
 .text.TransformRawToBMP
                0x2000c194      0x1a8 ./src/sub-systemCode/payload/Compression/jpeg/bmp/rawToBMP.o
                0x2000c194                TransformRawToBMP
 .text.interpolate
                0x2000c33c      0x8d0 ./src/sub-systemCode/payload/Compression/jpeg/bmp/rawToBMP.o
                0x2000c33c                interpolate
 .text.getInputAt
                0x2000cc0c      0x308 ./src/sub-systemCode/payload/Compression/jpeg/bmp/rawToBMP.o
                0x2000cc0c                getInputAt
 .text.f_writeF_FILEHeader
                0x2000cf14      0x2f0 ./src/sub-systemCode/payload/Compression/jpeg/bmp/rawToBMP.o
                0x2000cf14                f_writeF_FILEHeader
 .text.f_writeOutputRow
                0x2000d204       0xbc ./src/sub-systemCode/payload/Compression/jpeg/bmp/rawToBMP.o
                0x2000d204                f_writeOutputRow
 .text.dct      0x2000d2c0      0x9c4 ./src/sub-systemCode/payload/Compression/jpeg/DCT.o
                0x2000d2c0                dct
 .text.JPEG_compressor
                0x2000dc84       0xf8 ./src/sub-systemCode/payload/Compression/jpeg/ImgCompressor.o
                0x2000dc84                JPEG_compressor
 .text.Create_BMP_File
                0x2000dd7c      0x104 ./src/sub-systemCode/payload/Compression/jpeg/ImgCompressor.o
                0x2000dd7c                Create_BMP_File
 .text.CompressImage
                0x2000de80      0x1b4 ./src/sub-systemCode/payload/Compression/jpeg/ImgCompressor.o
                0x2000de80                CompressImage
 .text.clamp    0x2000e034       0x60 ./src/sub-systemCode/payload/Compression/jpeg/color_conv.o
                0x2000e034                clamp
 .text.RGB_to_YCC
                0x2000e094      0x1a8 ./src/sub-systemCode/payload/Compression/jpeg/color_conv.o
                0x2000e094                RGB_to_YCC
 .text.RGB_to_Y
                0x2000e23c       0xc4 ./src/sub-systemCode/payload/Compression/jpeg/color_conv.o
                0x2000e23c                RGB_to_Y
 .text.Y_to_YCC
                0x2000e300       0x88 ./src/sub-systemCode/payload/Compression/jpeg/color_conv.o
                0x2000e300                Y_to_YCC
 .text.compress_image_to_jpeg_file
                0x2000e388      0x184 ./src/sub-systemCode/payload/Compression/jpeg/jpeg.o
                0x2000e388                compress_image_to_jpeg_file
 .text.emit_marker
                0x2000e50c       0xc8 ./src/sub-systemCode/payload/Compression/jpeg/jpeg_encoder.o
                0x2000e50c                emit_marker
 .text.emit_byte
                0x2000e5d4       0x6c ./src/sub-systemCode/payload/Compression/jpeg/jpeg_encoder.o
                0x2000e5d4                emit_byte
 .text.emit_word
                0x2000e640       0xd0 ./src/sub-systemCode/payload/Compression/jpeg/jpeg_encoder.o
                0x2000e640                emit_word
 .text.emit_jfif_app0
                0x2000e710       0xc0 ./src/sub-systemCode/payload/Compression/jpeg/jpeg_encoder.o
                0x2000e710                emit_jfif_app0
 .text.emit_dqt
                0x2000e7d0       0xd8 ./src/sub-systemCode/payload/Compression/jpeg/jpeg_encoder.o
                0x2000e7d0                emit_dqt
 .text.emit_sof
                0x2000e8a8      0x14c ./src/sub-systemCode/payload/Compression/jpeg/jpeg_encoder.o
                0x2000e8a8                emit_sof
 .text.emit_dht
                0x2000e9f4      0x138 ./src/sub-systemCode/payload/Compression/jpeg/jpeg_encoder.o
                0x2000e9f4                emit_dht
 .text.emit_dhts
                0x2000eb2c       0xd8 ./src/sub-systemCode/payload/Compression/jpeg/jpeg_encoder.o
                0x2000eb2c                emit_dhts
 .text.emit_sos
                0x2000ec04       0xec ./src/sub-systemCode/payload/Compression/jpeg/jpeg_encoder.o
                0x2000ec04                emit_sos
 .text.emit_markers
                0x2000ecf0       0x4c ./src/sub-systemCode/payload/Compression/jpeg/jpeg_encoder.o
                0x2000ecf0                emit_markers
 .text.compute_huffman_table
                0x2000ed3c      0x334 ./src/sub-systemCode/payload/Compression/jpeg/jpeg_encoder.o
                0x2000ed3c                compute_huffman_table
 .text.compute_quant_table
                0x2000f070      0x11c ./src/sub-systemCode/payload/Compression/jpeg/jpeg_encoder.o
                0x2000f070                compute_quant_table
 .text.first_pass_init
                0x2000f18c       0x54 ./src/sub-systemCode/payload/Compression/jpeg/jpeg_encoder.o
                0x2000f18c                first_pass_init
 .text.second_pass_init
                0x2000f1e0      0x110 ./src/sub-systemCode/payload/Compression/jpeg/jpeg_encoder.o
                0x2000f1e0                second_pass_init
 .text.jpg_open
                0x2000f2f0      0x7b4 ./src/sub-systemCode/payload/Compression/jpeg/jpeg_encoder.o
                0x2000f2f0                jpg_open
 .text.load_block_8_8_grey
                0x2000faa4      0x164 ./src/sub-systemCode/payload/Compression/jpeg/jpeg_encoder.o
                0x2000faa4                load_block_8_8_grey
 .text.load_block_8_8
                0x2000fc08      0x198 ./src/sub-systemCode/payload/Compression/jpeg/jpeg_encoder.o
                0x2000fc08                load_block_8_8
 .text.load_block_16_8
                0x2000fda0      0x3cc ./src/sub-systemCode/payload/Compression/jpeg/jpeg_encoder.o
                0x2000fda0                load_block_16_8
 .text.load_block_16_8_8
                0x2001016c      0x2a8 ./src/sub-systemCode/payload/Compression/jpeg/jpeg_encoder.o
                0x2001016c                load_block_16_8_8
 .text.load_coefficients
                0x20010414      0x1c8 ./src/sub-systemCode/payload/Compression/jpeg/jpeg_encoder.o
                0x20010414                load_coefficients
 .text.flush_output_buffer
                0x200105dc       0xa0 ./src/sub-systemCode/payload/Compression/jpeg/jpeg_encoder.o
                0x200105dc                flush_output_buffer
 .text.put_bits
                0x2001067c      0x170 ./src/sub-systemCode/payload/Compression/jpeg/jpeg_encoder.o
                0x2001067c                put_bits
 .text.code_coefficients_pass_two
                0x200107ec      0x338 ./src/sub-systemCode/payload/Compression/jpeg/jpeg_encoder.o
                0x200107ec                code_coefficients_pass_two
 .text.code_block
                0x20010b24       0x44 ./src/sub-systemCode/payload/Compression/jpeg/jpeg_encoder.o
                0x20010b24                code_block
 .text.process_mcu_row
                0x20010b68      0x328 ./src/sub-systemCode/payload/Compression/jpeg/jpeg_encoder.o
                0x20010b68                process_mcu_row
 .text.terminate_pass_two
                0x20010e90       0x44 ./src/sub-systemCode/payload/Compression/jpeg/jpeg_encoder.o
                0x20010e90                terminate_pass_two
 .text.process_end_of_image
                0x20010ed4       0xc0 ./src/sub-systemCode/payload/Compression/jpeg/jpeg_encoder.o
                0x20010ed4                process_end_of_image
 .text.load_mcu
                0x20010f94      0x29c ./src/sub-systemCode/payload/Compression/jpeg/jpeg_encoder.o
                0x20010f94                load_mcu
 .text.clear    0x20011230      0x1e0 ./src/sub-systemCode/payload/Compression/jpeg/jpeg_encoder.o
                0x20011230                clear
 .text.init     0x20011410       0xe4 ./src/sub-systemCode/payload/Compression/jpeg/jpeg_encoder.o
                0x20011410                init
 .text.deinit   0x200114f4      0x160 ./src/sub-systemCode/payload/Compression/jpeg/jpeg_encoder.o
                0x200114f4                deinit
 .text.process_scanline
                0x20011654       0x6c ./src/sub-systemCode/payload/Compression/jpeg/jpeg_encoder.o
                0x20011654                process_scanline
 .text.jpge_malloc
                0x200116c0       0x28 ./src/sub-systemCode/payload/Compression/jpeg/jpeg_memory_alloc.o
                0x200116c0                jpge_malloc
 .text.jpge_cmalloc
                0x200116e8       0x48 ./src/sub-systemCode/payload/Compression/jpeg/jpeg_memory_alloc.o
                0x200116e8                jpge_cmalloc
 .text.jpge_free
                0x20011730       0x24 ./src/sub-systemCode/payload/Compression/jpeg/jpeg_memory_alloc.o
                0x20011730                jpge_free
 .text.check    0x20011754       0x78 ./src/sub-systemCode/payload/Compression/jpeg/jpeg_params.o
                0x20011754                check
 .text.open_jpeg_file
                0x200117cc       0xe0 ./src/sub-systemCode/payload/Compression/jpeg/output_stream.o
                0x200117cc                open_jpeg_file
 .text.close_jpeg_file
                0x200118ac      0x118 ./src/sub-systemCode/payload/Compression/jpeg/output_stream.o
                0x200118ac                close_jpeg_file
 .text.put_buf  0x200119c4      0x258 ./src/sub-systemCode/payload/Compression/jpeg/output_stream.o
                0x200119c4                put_buf
 .text.GetBinnedPixel
                0x20011c1c       0xec ./src/sub-systemCode/payload/Compression/ImageConversion.o
 .text.BinImage
                0x20011d08      0x2c8 ./src/sub-systemCode/payload/Compression/ImageConversion.o
                0x20011d08                BinImage
 .text.ImageSkipping
                0x20011fd0      0x2bc ./src/sub-systemCode/payload/Compression/ImageConversion.o
                0x20011fd0                ImageSkipping
 .text.CreateImageThumbnail_withoutSearch
                0x2001228c      0x14c ./src/sub-systemCode/payload/Compression/ImageConversion.o
                0x2001228c                CreateImageThumbnail_withoutSearch
 .text.CreateImageThumbnail
                0x200123d8       0x94 ./src/sub-systemCode/payload/Compression/ImageConversion.o
                0x200123d8                CreateImageThumbnail
 .text.compressImage
                0x2001246c      0x12c ./src/sub-systemCode/payload/Compression/ImageConversion.o
                0x2001246c                compressImage
 .text.cmd_mute
                0x20012598       0xc4 ./src/sub-systemCode/Main/CMD/COMM_CMD.o
                0x20012598                cmd_mute
 .text.cmd_unmute
                0x2001265c       0x50 ./src/sub-systemCode/Main/CMD/COMM_CMD.o
                0x2001265c                cmd_unmute
 .text.cmd_active_trans
                0x200126ac       0xc0 ./src/sub-systemCode/Main/CMD/COMM_CMD.o
                0x200126ac                cmd_active_trans
 .text.cmd_shut_trans
                0x2001276c       0x38 ./src/sub-systemCode/Main/CMD/COMM_CMD.o
                0x2001276c                cmd_shut_trans
 .text.cmd_change_trans_rssi
                0x200127a4      0x100 ./src/sub-systemCode/Main/CMD/COMM_CMD.o
                0x200127a4                cmd_change_trans_rssi
 .text.cmd_aprs_dump
                0x200128a4       0x50 ./src/sub-systemCode/Main/CMD/COMM_CMD.o
                0x200128a4                cmd_aprs_dump
 .text.cmd_stop_dump
                0x200128f4       0x38 ./src/sub-systemCode/Main/CMD/COMM_CMD.o
                0x200128f4                cmd_stop_dump
 .text.cmd_time_frequency
                0x2001292c       0xc0 ./src/sub-systemCode/Main/CMD/COMM_CMD.o
                0x2001292c                cmd_time_frequency
 .text.cmd_change_def_bit_rate
                0x200129ec      0x158 ./src/sub-systemCode/Main/CMD/COMM_CMD.o
                0x200129ec                cmd_change_def_bit_rate
 .text.cmd_upload_volt_logic
                0x20012b44      0x3d0 ./src/sub-systemCode/Main/CMD/EPS_CMD.o
                0x20012b44                cmd_upload_volt_logic
 .text.cmd_upload_volt_COMM
                0x20012f14      0x1c8 ./src/sub-systemCode/Main/CMD/EPS_CMD.o
                0x20012f14                cmd_upload_volt_COMM
 .text.cmd_heater_temp
                0x200130dc       0xc0 ./src/sub-systemCode/Main/CMD/EPS_CMD.o
                0x200130dc                cmd_heater_temp
 .text.cmd_SHUT_CAM
                0x2001319c       0x6c ./src/sub-systemCode/Main/CMD/EPS_CMD.o
                0x2001319c                cmd_SHUT_CAM
 .text.cmd_SHUT_ADCS
                0x20013208       0x6c ./src/sub-systemCode/Main/CMD/EPS_CMD.o
                0x20013208                cmd_SHUT_ADCS
 .text.cmd_allow_CAM
                0x20013274       0x6c ./src/sub-systemCode/Main/CMD/EPS_CMD.o
                0x20013274                cmd_allow_CAM
 .text.cmd_allow_ADCS
                0x200132e0       0x6c ./src/sub-systemCode/Main/CMD/EPS_CMD.o
                0x200132e0                cmd_allow_ADCS
 .text.cmd_generic_I2C
                0x2001334c       0xb4 ./src/sub-systemCode/Main/CMD/General_CMD.o
                0x2001334c                cmd_generic_I2C
 .text.cmd_dump
                0x20013400       0xf0 ./src/sub-systemCode/Main/CMD/General_CMD.o
                0x20013400                cmd_dump
 .text.cmd_delete_TM
                0x200134f0      0x1dc ./src/sub-systemCode/Main/CMD/General_CMD.o
                0x200134f0                cmd_delete_TM
 .text.cmd_reset_file
                0x200136cc      0x110 ./src/sub-systemCode/Main/CMD/General_CMD.o
                0x200136cc                cmd_reset_file
 .text.cmd_dummy_func
                0x200137dc       0x40 ./src/sub-systemCode/Main/CMD/General_CMD.o
                0x200137dc                cmd_dummy_func
 .text.cmd_soft_reset_cmponent
                0x2001381c       0xb0 ./src/sub-systemCode/Main/CMD/General_CMD.o
                0x2001381c                cmd_soft_reset_cmponent
 .text.cmd_hard_reset_cmponent
                0x200138cc       0xb0 ./src/sub-systemCode/Main/CMD/General_CMD.o
                0x200138cc                cmd_hard_reset_cmponent
 .text.cmd_reset_satellite
                0x2001397c       0x78 ./src/sub-systemCode/Main/CMD/General_CMD.o
                0x2001397c                cmd_reset_satellite
 .text.cmd_gracefull_reset_satellite
                0x200139f4       0x78 ./src/sub-systemCode/Main/CMD/General_CMD.o
                0x200139f4                cmd_gracefull_reset_satellite
 .text.cmd_upload_time
                0x20013a6c       0xb0 ./src/sub-systemCode/Main/CMD/General_CMD.o
                0x20013a6c                cmd_upload_time
 .text.cmd_ARM_DIARM
                0x20013b1c       0xd4 ./src/sub-systemCode/Main/CMD/General_CMD.o
                0x20013b1c                cmd_ARM_DIARM
 .text.cmd_get_onlineTM
                0x20013bf0       0xb8 ./src/sub-systemCode/Main/CMD/General_CMD.o
                0x20013bf0                cmd_get_onlineTM
 .text.cmd_reset_off_line
                0x20013ca8       0x68 ./src/sub-systemCode/Main/CMD/General_CMD.o
                0x20013ca8                cmd_reset_off_line
 .text.cmd_add_item_off_line
                0x20013d10       0xf0 ./src/sub-systemCode/Main/CMD/General_CMD.o
                0x20013d10                cmd_add_item_off_line
 .text.cmd_reset_delayed_command_list
                0x20013e00       0x3c ./src/sub-systemCode/Main/CMD/SW_CMD.o
                0x20013e00                cmd_reset_delayed_command_list
 .text.cmd_reset_APRS_list
                0x20013e3c       0x3c ./src/sub-systemCode/Main/CMD/SW_CMD.o
                0x20013e3c                cmd_reset_APRS_list
 .text.cmd_reset_FRAM
                0x20013e78       0xe8 ./src/sub-systemCode/Main/CMD/SW_CMD.o
                0x20013e78                cmd_reset_FRAM
 .text.ARM_ants
                0x20013f60       0xb8 ./src/sub-systemCode/Main/Ants.o
                0x20013f60                ARM_ants
 .text.DISARM_ants
                0x20014018       0xb8 ./src/sub-systemCode/Main/Ants.o
                0x20014018                DISARM_ants
 .text.round_vol
                0x200140d0      0x124 ./src/sub-systemCode/Main/EPS.o
                0x200140d0                round_vol
 .text.get_shut_ADCS
                0x200141f4       0x48 ./src/sub-systemCode/Main/EPS.o
                0x200141f4                get_shut_ADCS
 .text.shut_ADCS
                0x2001423c       0x44 ./src/sub-systemCode/Main/EPS.o
                0x2001423c                shut_ADCS
 .text.get_shut_CAM
                0x20014280       0x48 ./src/sub-systemCode/Main/EPS.o
                0x20014280                get_shut_CAM
 .text.shut_CAM
                0x200142c8       0x44 ./src/sub-systemCode/Main/EPS.o
                0x200142c8                shut_CAM
 .text.update_powerLines
                0x2001430c       0xec ./src/sub-systemCode/Main/EPS.o
                0x2001430c                update_powerLines
 .text.init_enterMode
                0x200143f8       0x88 ./src/sub-systemCode/Main/EPS.o
                0x200143f8                init_enterMode
 .text.EPS_Init
                0x20014480      0x1c8 ./src/sub-systemCode/Main/EPS.o
                0x20014480                EPS_Init
 .text.reset_FRAM_EPS
                0x20014648       0xa4 ./src/sub-systemCode/Main/EPS.o
                0x20014648                reset_FRAM_EPS
 .text.reset_EPS_voltages
                0x200146ec       0xbc ./src/sub-systemCode/Main/EPS.o
                0x200146ec                reset_EPS_voltages
 .text.battery_downward
                0x200147a8      0x114 ./src/sub-systemCode/Main/EPS.o
                0x200147a8                battery_downward
 .text.battery_upward
                0x200148bc      0x120 ./src/sub-systemCode/Main/EPS.o
                0x200148bc                battery_upward
 .text.EPS_Conditioning
                0x200149dc      0x1a4 ./src/sub-systemCode/Main/EPS.o
                0x200149dc                EPS_Conditioning
 .text.overRide_ADCS
                0x20014b80       0x50 ./src/sub-systemCode/Main/EPS.o
                0x20014b80                overRide_ADCS
 .text.overRide_Camera
                0x20014bd0       0x38 ./src/sub-systemCode/Main/EPS.o
                0x20014bd0                overRide_Camera
 .text.EnterFullMode
                0x20014c08       0xfc ./src/sub-systemCode/Main/EPS.o
                0x20014c08                EnterFullMode
 .text.EnterCruiseMode
                0x20014d04       0xec ./src/sub-systemCode/Main/EPS.o
                0x20014d04                EnterCruiseMode
 .text.EnterSafeMode
                0x20014df0       0xec ./src/sub-systemCode/Main/EPS.o
                0x20014df0                EnterSafeMode
 .text.EnterCriticalMode
                0x20014edc       0xd8 ./src/sub-systemCode/Main/EPS.o
                0x20014edc                EnterCriticalMode
 .text.find_fileName
                0x20014fb4      0x5e4 ./src/sub-systemCode/Main/HouseKeeping.o
                0x20014fb4                find_fileName
 .text.size_of_element
                0x20015598      0x108 ./src/sub-systemCode/Main/HouseKeeping.o
                0x20015598                size_of_element
 .text.save_ACK
                0x200156a0       0xa0 ./src/sub-systemCode/Main/HouseKeeping.o
                0x200156a0                save_ACK
 .text.COMM_create_file
                0x20015740       0x74 ./src/sub-systemCode/Main/HouseKeeping.o
                0x20015740                COMM_create_file
 .text.ACK_create_file
                0x200157b4       0x74 ./src/sub-systemCode/Main/HouseKeeping.o
                0x200157b4                ACK_create_file
 .text.EPS_create_file
                0x20015828       0x74 ./src/sub-systemCode/Main/HouseKeeping.o
                0x20015828                EPS_create_file
 .text.CAM_create_file
                0x2001589c       0x54 ./src/sub-systemCode/Main/HouseKeeping.o
                0x2001589c                CAM_create_file
 .text.SP_create_file
                0x200158f0       0x54 ./src/sub-systemCode/Main/HouseKeeping.o
                0x200158f0                SP_create_file
 .text.create_files
                0x20015944       0x48 ./src/sub-systemCode/Main/HouseKeeping.o
                0x20015944                create_files
 .text.EPS_HK_raw_BigEnE
                0x2001598c      0x194 ./src/sub-systemCode/Main/HouseKeeping.o
                0x2001598c                EPS_HK_raw_BigEnE
 .text.CAM_HK_raw_BigEnE
                0x20015b20      0x194 ./src/sub-systemCode/Main/HouseKeeping.o
                0x20015b20                CAM_HK_raw_BigEnE
 .text.COMM_HK_raw_BigEnE
                0x20015cb4      0x194 ./src/sub-systemCode/Main/HouseKeeping.o
                0x20015cb4                COMM_HK_raw_BigEnE
 .text.ADCS_HK_raw_BigEnE
                0x20015e48      0x194 ./src/sub-systemCode/Main/HouseKeeping.o
                0x20015e48                ADCS_HK_raw_BigEnE
 .text.ADCS_SC_raw_BigEnE
                0x20015fdc      0x188 ./src/sub-systemCode/Main/HouseKeeping.o
                0x20015fdc                ADCS_SC_raw_BigEnE
 .text.build_HK_spl_packet
                0x20016164      0xa2c ./src/sub-systemCode/Main/HouseKeeping.o
                0x20016164                build_HK_spl_packet
 .text.reset_FIRST_activation
                0x20016b90       0x34 ./src/sub-systemCode/Main/Main_Init.o
                0x20016b90                reset_FIRST_activation
 .text.test_menu
                0x20016bc4       0xb4 ./src/sub-systemCode/Main/Main_Init.o
                0x20016bc4                test_menu
 .text.numberOfRestarts
                0x20016c78       0x94 ./src/sub-systemCode/Main/Main_Init.o
                0x20016c78                numberOfRestarts
 .text.StartFRAM
                0x20016d0c       0x38 ./src/sub-systemCode/Main/Main_Init.o
                0x20016d0c                StartFRAM
 .text.StartI2C
                0x20016d44       0x44 ./src/sub-systemCode/Main/Main_Init.o
                0x20016d44                StartI2C
 .text.StartSPI
                0x20016d88       0x40 ./src/sub-systemCode/Main/Main_Init.o
                0x20016d88                StartSPI
 .text.StartTIME
                0x20016dc8      0x118 ./src/sub-systemCode/Main/Main_Init.o
                0x20016dc8                StartTIME
 .text.first_activation
                0x20016ee0       0x78 ./src/sub-systemCode/Main/Main_Init.o
                0x20016ee0                first_activation
 .text.resetSD  0x20016f58       0xc4 ./src/sub-systemCode/Main/Main_Init.o
                0x20016f58                resetSD
 .text.InitSubsystems
                0x2001701c       0x84 ./src/sub-systemCode/Main/Main_Init.o
                0x2001701c                InitSubsystems
 .text.SubSystemTaskStart
                0x200170a0       0xb0 ./src/sub-systemCode/Main/Main_Init.o
                0x200170a0                SubSystemTaskStart
 .text.copy_command
                0x20017150       0x80 ./src/sub-systemCode/Main/commands.o
                0x20017150                copy_command
 .text.reset_command
                0x200171d0       0x28 ./src/sub-systemCode/Main/commands.o
                0x200171d0                reset_command
 .text.init_command
                0x200171f8       0xd4 ./src/sub-systemCode/Main/commands.o
                0x200171f8                init_command
 .text.add_command
                0x200172cc      0x138 ./src/sub-systemCode/Main/commands.o
                0x200172cc                add_command
 .text.get_command
                0x20017404      0x1cc ./src/sub-systemCode/Main/commands.o
                0x20017404                get_command
 .text.act_upon_command
                0x200175d0      0x240 ./src/sub-systemCode/Main/commands.o
                0x200175d0                act_upon_command
 .text.cmd_error
                0x20017810       0x38 ./src/sub-systemCode/Main/commands.o
                0x20017810                cmd_error
 .text.AUC_COMM
                0x20017848      0x25c ./src/sub-systemCode/Main/commands.o
                0x20017848                AUC_COMM
 .text.AUC_general
                0x20017aa4      0x17c ./src/sub-systemCode/Main/commands.o
                0x20017aa4                AUC_general
 .text.AUC_payload
                0x20017c20      0x214 ./src/sub-systemCode/Main/commands.o
                0x20017c20                AUC_payload
 .text.AUC_EPS  0x20017e34      0x248 ./src/sub-systemCode/Main/commands.o
                0x20017e34                AUC_EPS
 .text.AUC_ADCS
                0x2001807c       0x5c ./src/sub-systemCode/Main/commands.o
                0x2001807c                AUC_ADCS
 .text.AUC_GS   0x200180d8      0x1fc ./src/sub-systemCode/Main/commands.o
                0x200180d8                AUC_GS
 .text.AUC_SW   0x200182d4       0xe4 ./src/sub-systemCode/Main/commands.o
                0x200182d4                AUC_SW
 .text.AUC_onlineTM
                0x200183b8      0x16c ./src/sub-systemCode/Main/commands.o
                0x200183b8                AUC_onlineTM
 .text.AUC_special_operation
                0x20018524       0x8c ./src/sub-systemCode/Main/commands.o
                0x20018524                AUC_special_operation
 .text.check_int
                0x200185b0       0x3c ./src/sub-systemCode/Global/Global.o
                0x200185b0                check_int
 .text.check_portBASE_TYPE
                0x200185ec       0x3c ./src/sub-systemCode/Global/Global.o
                0x200185ec                check_portBASE_TYPE
 .text.soft_reset_subsystem
                0x20018628       0xd8 ./src/sub-systemCode/Global/Global.o
                0x20018628                soft_reset_subsystem
 .text.hard_reset_subsystem
                0x20018700       0xfc ./src/sub-systemCode/Global/Global.o
                0x20018700                hard_reset_subsystem
 .text.BigEnE_raw_to_uInt
                0x200187fc       0x94 ./src/sub-systemCode/Global/Global.o
                0x200187fc                BigEnE_raw_to_uInt
 .text.BigEnE_raw_to_uShort
                0x20018890       0x50 ./src/sub-systemCode/Global/Global.o
                0x20018890                BigEnE_raw_to_uShort
 .text.BigEnE_uInt_to_raw
                0x200188e0       0x78 ./src/sub-systemCode/Global/Global.o
                0x200188e0                BigEnE_uInt_to_raw
 .text.reset_FRAM_MAIN
                0x20018958      0x19c ./src/sub-systemCode/Global/Global.o
                0x20018958                reset_FRAM_MAIN
 .text.getBitValueByIndex
                0x20018af4       0xd0 ./src/sub-systemCode/Global/Global.o
                0x20018af4                getBitValueByIndex
 .text.init_GP  0x20018bc4      0x300 ./src/sub-systemCode/Global/GlobalParam.o
                0x20018bc4                init_GP
 .text.get_system_state
                0x20018ec4      0x268 ./src/sub-systemCode/Global/GlobalParam.o
                0x20018ec4                get_system_state
 .text.set_system_state
                0x2001912c      0x298 ./src/sub-systemCode/Global/GlobalParam.o
                0x2001912c                set_system_state
 .text.get_current_global_param
                0x200193c4      0x5c8 ./src/sub-systemCode/Global/GlobalParam.o
                0x200193c4                get_current_global_param
 .text.set_Vbatt
                0x2001998c       0x8c ./src/sub-systemCode/Global/GlobalParam.o
                0x2001998c                set_Vbatt
 .text.get_Vbatt
                0x20019a18       0x8c ./src/sub-systemCode/Global/GlobalParam.o
                0x20019a18                get_Vbatt
 .text.get_ST   0x20019aa4       0x8c ./src/sub-systemCode/Global/GlobalParam.o
                0x20019aa4                get_ST
 .text.get_Attitude
                0x20019b30      0x128 ./src/sub-systemCode/Global/GlobalParam.o
                0x20019b30                get_Attitude
 .text.set_numOfAPRS
                0x20019c58       0x8c ./src/sub-systemCode/Global/GlobalParam.o
                0x20019c58                set_numOfAPRS
 .text.set_numOfResets
                0x20019ce4       0xac ./src/sub-systemCode/Global/GlobalParam.o
                0x20019ce4                set_numOfResets
 .text.set_ground_conn
                0x20019d90       0xa0 ./src/sub-systemCode/Global/GlobalParam.o
                0x20019d90                set_ground_conn
 .text.get_ground_conn
                0x20019e30       0xa0 ./src/sub-systemCode/Global/GlobalParam.o
                0x20019e30                get_ground_conn
 .text.IsisAntS_getStatusData_sideA
                0x20019ed0       0x3c ./src/sub-systemCode/Global/OnlineTM.o
                0x20019ed0                IsisAntS_getStatusData_sideA
 .text.IsisAntS_getAlltelemetry_sideA
                0x20019f0c       0x3c ./src/sub-systemCode/Global/OnlineTM.o
                0x20019f0c                IsisAntS_getAlltelemetry_sideA
 .text.IsisAntS_getTemperature_sideA
                0x20019f48       0x3c ./src/sub-systemCode/Global/OnlineTM.o
                0x20019f48                IsisAntS_getTemperature_sideA
 .text.IsisAntS_getStatusData_sideB
                0x20019f84       0x3c ./src/sub-systemCode/Global/OnlineTM.o
                0x20019f84                IsisAntS_getStatusData_sideB
 .text.IsisAntS_getAlltelemetry_sideB
                0x20019fc0       0x3c ./src/sub-systemCode/Global/OnlineTM.o
                0x20019fc0                IsisAntS_getAlltelemetry_sideB
 .text.IsisAntS_getTemperature_sideB
                0x20019ffc       0x3c ./src/sub-systemCode/Global/OnlineTM.o
                0x20019ffc                IsisAntS_getTemperature_sideB
 .text.get_item_by_index
                0x2001a038       0xd8 ./src/sub-systemCode/Global/OnlineTM.o
                0x2001a038                get_item_by_index
 .text.init_onlineParam
                0x2001a110      0xc80 ./src/sub-systemCode/Global/OnlineTM.o
                0x2001a110                init_onlineParam
 .text.reset_offline_TM_list
                0x2001ad90       0x50 ./src/sub-systemCode/Global/OnlineTM.o
                0x2001ad90                reset_offline_TM_list
 .text.get_online_packet
                0x2001ade0      0x254 ./src/sub-systemCode/Global/OnlineTM.o
                0x2001ade0                get_online_packet
 .text.save_onlineTM_param
                0x2001b034      0x1d8 ./src/sub-systemCode/Global/OnlineTM.o
                0x2001b034                save_onlineTM_param
 .text.add_onlineTM_param_to_save_list
                0x2001b20c      0x214 ./src/sub-systemCode/Global/OnlineTM.o
                0x2001b20c                add_onlineTM_param_to_save_list
 .text.save_onlineTM_logic
                0x2001b420      0x180 ./src/sub-systemCode/Global/OnlineTM.o
                0x2001b420                save_onlineTM_logic
 .text.save_onlineTM_task
                0x2001b5a0       0x38 ./src/sub-systemCode/Global/OnlineTM.o
                0x2001b5a0                save_onlineTM_task
 .text.delete_allTMFilesFromSD
                0x2001b5d8       0xf8 ./src/sub-systemCode/Global/TM_managment.o
                0x2001b5d8                delete_allTMFilesFromSD
 .text.getNumOfFilesInFS
                0x2001b6d0       0x44 ./src/sub-systemCode/Global/TM_managment.o
 .text.setNumOfFilesInFS
                0x2001b714       0x50 ./src/sub-systemCode/Global/TM_managment.o
 .text.InitializeFS
                0x2001b764      0x174 ./src/sub-systemCode/Global/TM_managment.o
                0x2001b764                InitializeFS
 .text.c_fileCreate
                0x2001b8d8       0xf4 ./src/sub-systemCode/Global/TM_managment.o
                0x2001b8d8                c_fileCreate
 .text.writewithEpochtime
                0x2001b9cc       0x9c ./src/sub-systemCode/Global/TM_managment.o
 .text.get_C_FILE_struct
                0x2001ba68      0x104 ./src/sub-systemCode/Global/TM_managment.o
 .text.getFileIndex
                0x2001bb6c       0x4c ./src/sub-systemCode/Global/TM_managment.o
 .text.get_file_name_by_index
                0x2001bbb8       0x54 ./src/sub-systemCode/Global/TM_managment.o
                0x2001bbb8                get_file_name_by_index
 .text.c_fileReset
                0x2001bc0c       0xbc ./src/sub-systemCode/Global/TM_managment.o
                0x2001bc0c                c_fileReset
 .text.c_fileWrite
                0x2001bcc8      0x11c ./src/sub-systemCode/Global/TM_managment.o
                0x2001bcc8                c_fileWrite
 .text.c_fileRead
                0x2001bde4      0x28c ./src/sub-systemCode/Global/TM_managment.o
                0x2001bde4                c_fileRead
 .text.reset_APRS_list
                0x2001c070       0xa4 ./src/sub-systemCode/COMM/APRS.o
                0x2001c070                reset_APRS_list
 .text.send_APRS_Dump
                0x2001c114      0x1c0 ./src/sub-systemCode/COMM/APRS.o
                0x2001c114                send_APRS_Dump
 .text.check_APRS
                0x2001c2d4      0x1a4 ./src/sub-systemCode/COMM/APRS.o
                0x2001c2d4                check_APRS
 .text.get_APRS_list
                0x2001c478       0x88 ./src/sub-systemCode/COMM/APRS.o
                0x2001c478                get_APRS_list
 .text.find_CMD_in_list
                0x2001c500       0x7c ./src/sub-systemCode/COMM/DelayedCommand_list.o
                0x2001c500                find_CMD_in_list
 .text.find_empty_in_list
                0x2001c57c       0x74 ./src/sub-systemCode/COMM/DelayedCommand_list.o
                0x2001c57c                find_empty_in_list
 .text.check_delayCommandTime
                0x2001c5f0       0x8c ./src/sub-systemCode/COMM/DelayedCommand_list.o
                0x2001c5f0                check_delayCommandTime
 .text.execute_delayedCommand
                0x2001c67c       0x64 ./src/sub-systemCode/COMM/DelayedCommand_list.o
                0x2001c67c                execute_delayedCommand
 .text.check_delaycommand
                0x2001c6e0      0x170 ./src/sub-systemCode/COMM/DelayedCommand_list.o
                0x2001c6e0                check_delaycommand
 .text.reset_delayCommand
                0x2001c850       0x8c ./src/sub-systemCode/COMM/DelayedCommand_list.o
                0x2001c850                reset_delayCommand
 .text.add_delayCommand
                0x2001c8dc      0x1a4 ./src/sub-systemCode/COMM/DelayedCommand_list.o
                0x2001c8dc                add_delayCommand
 .text.get_delayCommand_list
                0x2001ca80       0x80 ./src/sub-systemCode/COMM/DelayedCommand_list.o
                0x2001ca80                get_delayCommand_list
 .text.EmptyOldestCommand
                0x2001cb00       0xfc ./src/sub-systemCode/COMM/DelayedCommand_list.o
                0x2001cb00                EmptyOldestCommand
 .text.decode_TCpacket
                0x2001cbfc      0x16c ./src/sub-systemCode/COMM/GSC.o
                0x2001cbfc                decode_TCpacket
 .text.encode_TCpacket
                0x2001cd68      0x114 ./src/sub-systemCode/COMM/GSC.o
                0x2001cd68                encode_TCpacket
 .text.encode_TMpacket
                0x2001ce7c      0x104 ./src/sub-systemCode/COMM/GSC.o
                0x2001ce7c                encode_TMpacket
 .text.build_raw_ACK
                0x2001cf80       0xbc ./src/sub-systemCode/COMM/GSC.o
                0x2001cf80                build_raw_ACK
 .text.build_data_field_ACK
                0x2001d03c       0x74 ./src/sub-systemCode/COMM/GSC.o
                0x2001d03c                build_data_field_ACK
 .text.toggle_idle_state
                0x2001d0b0       0x64 ./src/sub-systemCode/COMM/TRXVU.o
                0x2001d0b0                toggle_idle_state
 .text.TRXVU_init_hardWare
                0x2001d114       0x98 ./src/sub-systemCode/COMM/TRXVU.o
                0x2001d114                TRXVU_init_hardWare
 .text.TRXVU_init_softWare
                0x2001d1ac      0x1a4 ./src/sub-systemCode/COMM/TRXVU.o
                0x2001d1ac                TRXVU_init_softWare
 .text.init_trxvu
                0x2001d350       0x14 ./src/sub-systemCode/COMM/TRXVU.o
                0x2001d350                init_trxvu
 .text.TRXVU_task
                0x2001d364       0x9c ./src/sub-systemCode/COMM/TRXVU.o
                0x2001d364                TRXVU_task
 .text.dump_logic
                0x2001d400      0x324 ./src/sub-systemCode/COMM/TRXVU.o
                0x2001d400                dump_logic
 .text.Dump_task
                0x2001d724      0x16c ./src/sub-systemCode/COMM/TRXVU.o
                0x2001d724                Dump_task
 .text.transponder_logic
                0x2001d890       0xbc ./src/sub-systemCode/COMM/TRXVU.o
                0x2001d890                transponder_logic
 .text.Transponder_task
                0x2001d94c      0x1f4 ./src/sub-systemCode/COMM/TRXVU.o
                0x2001d94c                Transponder_task
 .text.lookForRequestToDelete_transponder
                0x2001db40       0xac ./src/sub-systemCode/COMM/TRXVU.o
                0x2001db40                lookForRequestToDelete_transponder
 .text.lookForRequestToDelete_dump
                0x2001dbec       0x7c ./src/sub-systemCode/COMM/TRXVU.o
                0x2001dbec                lookForRequestToDelete_dump
 .text.sendRequestToStop_dump
                0x2001dc68       0x8c ./src/sub-systemCode/COMM/TRXVU.o
                0x2001dc68                sendRequestToStop_dump
 .text.sendRequestToStop_transponder
                0x2001dcf4       0x98 ./src/sub-systemCode/COMM/TRXVU.o
                0x2001dcf4                sendRequestToStop_transponder
 .text.Rx_logic
                0x2001dd8c      0x184 ./src/sub-systemCode/COMM/TRXVU.o
                0x2001dd8c                Rx_logic
 .text.pass_above_Ground
                0x2001df10      0x104 ./src/sub-systemCode/COMM/TRXVU.o
                0x2001df10                pass_above_Ground
 .text.trxvu_logic
                0x2001e014       0x1c ./src/sub-systemCode/COMM/TRXVU.o
                0x2001e014                trxvu_logic
 .text.Beacon_task
                0x2001e030      0x170 ./src/sub-systemCode/COMM/TRXVU.o
                0x2001e030                Beacon_task
 .text.buildAndSend_beacon
                0x2001e1a0      0x604 ./src/sub-systemCode/COMM/TRXVU.o
                0x2001e1a0                buildAndSend_beacon
 .text.reset_FRAM_TRXVU
                0x2001e7a4      0x160 ./src/sub-systemCode/COMM/TRXVU.o
                0x2001e7a4                reset_FRAM_TRXVU
 .text.TRX_sendFrame
                0x2001e904      0x1c0 ./src/sub-systemCode/COMM/TRXVU.o
                0x2001e904                TRX_sendFrame
 .text.TRX_getFrameData
                0x2001eac4      0x128 ./src/sub-systemCode/COMM/TRXVU.o
                0x2001eac4                TRX_getFrameData
 .text.mute_Tx  0x2001ebec       0x20 ./src/sub-systemCode/COMM/TRXVU.o
                0x2001ebec                mute_Tx
 .text.unmute_Tx
                0x2001ec0c       0x60 ./src/sub-systemCode/COMM/TRXVU.o
                0x2001ec0c                unmute_Tx
 .text.check_time_off_mute
                0x2001ec6c       0x88 ./src/sub-systemCode/COMM/TRXVU.o
                0x2001ec6c                check_time_off_mute
 .text.set_mute_time
                0x2001ecf4       0xb4 ./src/sub-systemCode/COMM/TRXVU.o
                0x2001ecf4                set_mute_time
 .text.change_TRXVU_state
                0x2001eda8       0xd0 ./src/sub-systemCode/COMM/TRXVU.o
                0x2001eda8                change_TRXVU_state
 .text.change_trans_RSSI
                0x2001ee78       0x60 ./src/sub-systemCode/COMM/TRXVU.o
                0x2001ee78                change_trans_RSSI
 .text.init_adcs
                0x2001eed8      0x104 ./src/sub-systemCode/ADCS/ADCS.o
                0x2001eed8                init_adcs
 .text.telemtryStart
                0x2001efdc      0x16c ./src/sub-systemCode/ADCS/Stage_Table.o
                0x2001efdc                telemtryStart
 .text.powerStart
                0x2001f148       0x5c ./src/sub-systemCode/ADCS/Stage_Table.o
                0x2001f148                powerStart
 .text.createTable
                0x2001f1a4       0xb4 ./src/sub-systemCode/ADCS/Stage_Table.o
                0x2001f1a4                createTable
 .text.buildControlMode
                0x2001f258       0x60 ./src/sub-systemCode/ADCS/Stage_Table.o
                0x2001f258                buildControlMode
 .text.Check_Table
                0x2001f2b8      0x178 ./src/sub-systemCode/ADCS/Stage_Table.o
                0x2001f2b8                Check_Table
 .text.updateTable
                0x2001f430      0x1f0 ./src/sub-systemCode/ADCS/Stage_Table.o
                0x2001f430                updateTable
 .text.translateCommandFULL
                0x2001f620       0x78 ./src/sub-systemCode/ADCS/Stage_Table.o
                0x2001f620                translateCommandFULL
 .text.getTableTo
                0x2001f698       0x64 ./src/sub-systemCode/ADCS/Stage_Table.o
                0x2001f698                getTableTo
 .text.save_time
                0x2001f6fc       0x9c ./src/main.o
                0x2001f6fc                save_time
 .text.Command_logic
                0x2001f798       0x6c ./src/main.o
                0x2001f798                Command_logic
 .text.taskMain
                0x2001f804       0x74 ./src/main.o
                0x2001f804                taskMain
 .text.main     0x2001f878       0xbc ./src/main.o
                0x2001f878                main
 .text.GomEpsInitialize
                0x2001f934      0x148 C:/HOOPOE3/satellite-subsystems/demo/..//satellite-subsystems/lib\libSatelliteSubsystemsD.a(GomEPS.o)
                0x2001f934                GomEpsInitialize
 .text.makeEPStransfer
                0x2001fa7c       0x3c C:/HOOPOE3/satellite-subsystems/demo/..//satellite-subsystems/lib\libSatelliteSubsystemsD.a(GomEPS.o)
 .text.GomEpsSoftReset
                0x2001fab8       0xc4 C:/HOOPOE3/satellite-subsystems/demo/..//satellite-subsystems/lib\libSatelliteSubsystemsD.a(GomEPS.o)
                0x2001fab8                GomEpsSoftReset
 .text.GomEpsHardReset
                0x2001fb7c       0xa8 C:/HOOPOE3/satellite-subsystems/demo/..//satellite-subsystems/lib\libSatelliteSubsystemsD.a(GomEPS.o)
                0x2001fb7c                GomEpsHardReset
 .text.GomEpsGetHkData_param
                0x2001fc24      0x29c C:/HOOPOE3/satellite-subsystems/demo/..//satellite-subsystems/lib\libSatelliteSubsystemsD.a(GomEPS.o)
                0x2001fc24                GomEpsGetHkData_param
 .text.GomEpsGetHkData_general
                0x2001fec0      0x45c C:/HOOPOE3/satellite-subsystems/demo/..//satellite-subsystems/lib\libSatelliteSubsystemsD.a(GomEPS.o)
                0x2001fec0                GomEpsGetHkData_general
 .text.GomEpsGetHkData_vi
                0x2002031c      0x188 C:/HOOPOE3/satellite-subsystems/demo/..//satellite-subsystems/lib\libSatelliteSubsystemsD.a(GomEPS.o)
                0x2002031c                GomEpsGetHkData_vi
 .text.GomEpsGetHkData_out
                0x200204a4      0x21c C:/HOOPOE3/satellite-subsystems/demo/..//satellite-subsystems/lib\libSatelliteSubsystemsD.a(GomEPS.o)
                0x200204a4                GomEpsGetHkData_out
 .text.GomEpsGetHkData_wdt
                0x200206c0      0x2b4 C:/HOOPOE3/satellite-subsystems/demo/..//satellite-subsystems/lib\libSatelliteSubsystemsD.a(GomEPS.o)
                0x200206c0                GomEpsGetHkData_wdt
 .text.GomEpsGetHkData_basic
                0x20020974      0x22c C:/HOOPOE3/satellite-subsystems/demo/..//satellite-subsystems/lib\libSatelliteSubsystemsD.a(GomEPS.o)
                0x20020974                GomEpsGetHkData_basic
 .text.GomEpsSetOutput
                0x20020ba0       0xbc C:/HOOPOE3/satellite-subsystems/demo/..//satellite-subsystems/lib\libSatelliteSubsystemsD.a(GomEPS.o)
                0x20020ba0                GomEpsSetOutput
 .text.GomEpsResetWDT
                0x20020c5c       0xc4 C:/HOOPOE3/satellite-subsystems/demo/..//satellite-subsystems/lib\libSatelliteSubsystemsD.a(GomEPS.o)
                0x20020c5c                GomEpsResetWDT
 .text.GomEpsConfigGet
                0x20020d20      0x16c C:/HOOPOE3/satellite-subsystems/demo/..//satellite-subsystems/lib\libSatelliteSubsystemsD.a(GomEPS.o)
                0x20020d20                GomEpsConfigGet
 .text.GomEpsConfigSet
                0x20020e8c      0x184 C:/HOOPOE3/satellite-subsystems/demo/..//satellite-subsystems/lib\libSatelliteSubsystemsD.a(GomEPS.o)
                0x20020e8c                GomEpsConfigSet
 .text.GomEpsConfig2Get
                0x20021010      0x16c C:/HOOPOE3/satellite-subsystems/demo/..//satellite-subsystems/lib\libSatelliteSubsystemsD.a(GomEPS.o)
                0x20021010                GomEpsConfig2Get
 .text.makeAntStransfer
                0x2002117c       0x4c C:/HOOPOE3/satellite-subsystems/demo/..//satellite-subsystems/lib\libSatelliteSubsystemsD.a(IsisAntS.o)
 .text.checkInputsValid
                0x200211c8       0x7c C:/HOOPOE3/satellite-subsystems/demo/..//satellite-subsystems/lib\libSatelliteSubsystemsD.a(IsisAntS.o)
 .text.IsisAntS_setArmStatus
                0x20021244      0x104 C:/HOOPOE3/satellite-subsystems/demo/..//satellite-subsystems/lib\libSatelliteSubsystemsD.a(IsisAntS.o)
                0x20021244                IsisAntS_setArmStatus
 .text.IsisAntS_getStatusData
                0x20021348      0x120 C:/HOOPOE3/satellite-subsystems/demo/..//satellite-subsystems/lib\libSatelliteSubsystemsD.a(IsisAntS.o)
                0x20021348                IsisAntS_getStatusData
 .text.IsisAntS_getTemperature
                0x20021468      0x120 C:/HOOPOE3/satellite-subsystems/demo/..//satellite-subsystems/lib\libSatelliteSubsystemsD.a(IsisAntS.o)
                0x20021468                IsisAntS_getTemperature
 .text.IsisAntS_getAlltelemetry
                0x20021588      0x120 C:/HOOPOE3/satellite-subsystems/demo/..//satellite-subsystems/lib\libSatelliteSubsystemsD.a(IsisAntS.o)
                0x20021588                IsisAntS_getAlltelemetry
 .text.IsisAntS_reset
                0x200216a8      0x104 C:/HOOPOE3/satellite-subsystems/demo/..//satellite-subsystems/lib\libSatelliteSubsystemsD.a(IsisAntS.o)
                0x200216a8                IsisAntS_reset
 .text.IsisSolarPanelv2_initialize
                0x200217ac       0xb4 C:/HOOPOE3/satellite-subsystems/demo/..//satellite-subsystems/lib\libSatelliteSubsystemsD.a(IsisSolarPanelv2.o)
                0x200217ac                IsisSolarPanelv2_initialize
 .text.IsisSolarPanelv2_sleep
                0x20021860       0xbc C:/HOOPOE3/satellite-subsystems/demo/..//satellite-subsystems/lib\libSatelliteSubsystemsD.a(IsisSolarPanelv2.o)
                0x20021860                IsisSolarPanelv2_sleep
 .text._Reset   0x2002191c       0x20 C:/HOOPOE3/satellite-subsystems/demo/..//satellite-subsystems/lib\libSatelliteSubsystemsD.a(IsisSolarPanelv2.o)
 .text._WaitForStartup
                0x2002193c       0x90 C:/HOOPOE3/satellite-subsystems/demo/..//satellite-subsystems/lib\libSatelliteSubsystemsD.a(IsisSolarPanelv2.o)
 .text._AssignAllChannels
                0x200219cc       0x90 C:/HOOPOE3/satellite-subsystems/demo/..//satellite-subsystems/lib\libSatelliteSubsystemsD.a(IsisSolarPanelv2.o)
 .text._AssignThisChannel
                0x20021a5c       0xe8 C:/HOOPOE3/satellite-subsystems/demo/..//satellite-subsystems/lib\libSatelliteSubsystemsD.a(IsisSolarPanelv2.o)
 .text._ExtractByte
                0x20021b44       0x38 C:/HOOPOE3/satellite-subsystems/demo/..//satellite-subsystems/lib\libSatelliteSubsystemsD.a(IsisSolarPanelv2.o)
 .text._PinsInit
                0x20021b7c       0x50 C:/HOOPOE3/satellite-subsystems/demo/..//satellite-subsystems/lib\libSatelliteSubsystemsD.a(IsisSolarPanelv2.o)
 .text._SpiWriteRead
                0x20021bcc       0x70 C:/HOOPOE3/satellite-subsystems/demo/..//satellite-subsystems/lib\libSatelliteSubsystemsD.a(IsisSolarPanelv2.o)
 .text.IsisTrxvu_initialize
                0x20021c3c      0x2f4 C:/HOOPOE3/satellite-subsystems/demo/..//satellite-subsystems/lib\libSatelliteSubsystemsD.a(IsisTRXVU.o)
                0x20021c3c                IsisTrxvu_initialize
 .text.makeTRXVUtransfer
                0x20021f30       0x44 C:/HOOPOE3/satellite-subsystems/demo/..//satellite-subsystems/lib\libSatelliteSubsystemsD.a(IsisTRXVU.o)
 .text.IsisTrxvu_componentSoftReset
                0x20021f74       0x6c C:/HOOPOE3/satellite-subsystems/demo/..//satellite-subsystems/lib\libSatelliteSubsystemsD.a(IsisTRXVU.o)
                0x20021f74                IsisTrxvu_componentSoftReset
 .text.IsisTrxvu_componentHardReset
                0x20021fe0       0xc8 C:/HOOPOE3/satellite-subsystems/demo/..//satellite-subsystems/lib\libSatelliteSubsystemsD.a(IsisTRXVU.o)
                0x20021fe0                IsisTrxvu_componentHardReset
 .text.IsisTrxvu_softReset
                0x200220a8       0x74 C:/HOOPOE3/satellite-subsystems/demo/..//satellite-subsystems/lib\libSatelliteSubsystemsD.a(IsisTRXVU.o)
                0x200220a8                IsisTrxvu_softReset
 .text.IsisTrxvu_hardReset
                0x2002211c       0x74 C:/HOOPOE3/satellite-subsystems/demo/..//satellite-subsystems/lib\libSatelliteSubsystemsD.a(IsisTRXVU.o)
                0x2002211c                IsisTrxvu_hardReset
 .text.IsisTrxvu_tcSendAX25DefClSign
                0x20022190       0xec C:/HOOPOE3/satellite-subsystems/demo/..//satellite-subsystems/lib\libSatelliteSubsystemsD.a(IsisTRXVU.o)
                0x20022190                IsisTrxvu_tcSendAX25DefClSign
 .text.IsisTrxvu_tcSetIdlestate
                0x2002227c       0xa4 C:/HOOPOE3/satellite-subsystems/demo/..//satellite-subsystems/lib\libSatelliteSubsystemsD.a(IsisTRXVU.o)
                0x2002227c                IsisTrxvu_tcSetIdlestate
 .text.IsisTrxvu_tcSetAx25Bitrate
                0x20022320       0xc4 C:/HOOPOE3/satellite-subsystems/demo/..//satellite-subsystems/lib\libSatelliteSubsystemsD.a(IsisTRXVU.o)
                0x20022320                IsisTrxvu_tcSetAx25Bitrate
 .text.IsisTrxvu_tcGetTelemetryAll
                0x200223e4       0xd0 C:/HOOPOE3/satellite-subsystems/demo/..//satellite-subsystems/lib\libSatelliteSubsystemsD.a(IsisTRXVU.o)
                0x200223e4                IsisTrxvu_tcGetTelemetryAll
 .text.IsisTrxvu_tcGetTelemetryAll_revC
                0x200224b4       0xd0 C:/HOOPOE3/satellite-subsystems/demo/..//satellite-subsystems/lib\libSatelliteSubsystemsD.a(IsisTRXVU.o)
                0x200224b4                IsisTrxvu_tcGetTelemetryAll_revC
 .text.IsisTrxvu_rcGetFrameCount
                0x20022584       0xa0 C:/HOOPOE3/satellite-subsystems/demo/..//satellite-subsystems/lib\libSatelliteSubsystemsD.a(IsisTRXVU.o)
                0x20022584                IsisTrxvu_rcGetFrameCount
 .text.IsisTrxvu_rcGetCommandFrame
                0x20022624      0x2d8 C:/HOOPOE3/satellite-subsystems/demo/..//satellite-subsystems/lib\libSatelliteSubsystemsD.a(IsisTRXVU.o)
                0x20022624                IsisTrxvu_rcGetCommandFrame
 .text.IsisTrxvu_rcGetTelemetryAll
                0x200228fc       0xd0 C:/HOOPOE3/satellite-subsystems/demo/..//satellite-subsystems/lib\libSatelliteSubsystemsD.a(IsisTRXVU.o)
                0x200228fc                IsisTrxvu_rcGetTelemetryAll
 .text.IsisTrxvu_rcGetTelemetryAll_revC
                0x200229cc       0xec C:/HOOPOE3/satellite-subsystems/demo/..//satellite-subsystems/lib\libSatelliteSubsystemsD.a(IsisTRXVU.o)
                0x200229cc                IsisTrxvu_rcGetTelemetryAll_revC
 .text.cspaceADCS_initialize
                0x20022ab8      0x18c C:/HOOPOE3/satellite-subsystems/demo/..//satellite-subsystems/lib\libSatelliteSubsystemsD.a(cspaceADCS.o)
                0x20022ab8                cspaceADCS_initialize
 .text.make_cspaceADCStransfer
                0x20022c44      0x1b4 C:/HOOPOE3/satellite-subsystems/demo/..//satellite-subsystems/lib\libSatelliteSubsystemsD.a(cspaceADCS.o)
 .text.cspaceADCS_componentReset
                0x20022df8       0xbc C:/HOOPOE3/satellite-subsystems/demo/..//satellite-subsystems/lib\libSatelliteSubsystemsD.a(cspaceADCS.o)
                0x20022df8                cspaceADCS_componentReset
 .text.cspaceADCS_setRunMode
                0x20022eb4       0xbc C:/HOOPOE3/satellite-subsystems/demo/..//satellite-subsystems/lib\libSatelliteSubsystemsD.a(cspaceADCS.o)
                0x20022eb4                cspaceADCS_setRunMode
 .text.cspaceADCS_setPwrCtrlDevice
                0x20022f70       0xd0 C:/HOOPOE3/satellite-subsystems/demo/..//satellite-subsystems/lib\libSatelliteSubsystemsD.a(cspaceADCS.o)
                0x20022f70                cspaceADCS_setPwrCtrlDevice
 .text.cspaceADCS_setAttCtrlMode
                0x20023040       0xd0 C:/HOOPOE3/satellite-subsystems/demo/..//satellite-subsystems/lib\libSatelliteSubsystemsD.a(cspaceADCS.o)
                0x20023040                cspaceADCS_setAttCtrlMode
 .text.cspaceADCS_setAttEstMode
                0x20023110       0xbc C:/HOOPOE3/satellite-subsystems/demo/..//satellite-subsystems/lib\libSatelliteSubsystemsD.a(cspaceADCS.o)
                0x20023110                cspaceADCS_setAttEstMode
 .text.cspaceADCS_getCurrentState
                0x200231cc       0xc4 C:/HOOPOE3/satellite-subsystems/demo/..//satellite-subsystems/lib\libSatelliteSubsystemsD.a(cspaceADCS.o)
                0x200231cc                cspaceADCS_getCurrentState
 .text.cspaceADCS_getPwrCtrlDevice
                0x20023290       0xc4 C:/HOOPOE3/satellite-subsystems/demo/..//satellite-subsystems/lib\libSatelliteSubsystemsD.a(cspaceADCS.o)
                0x20023290                cspaceADCS_getPwrCtrlDevice
 .text.GECKO_Init
                0x20023354       0x40 C:/HOOPOE3/satellite-subsystems/demo/..//satellite-subsystems/lib\libSatelliteSubsystemsD.a(gecko_driver.o)
                0x20023354                GECKO_Init
 .text.GECKO_SetReg
                0x20023394      0x138 C:/HOOPOE3/satellite-subsystems/demo/..//satellite-subsystems/lib\libSatelliteSubsystemsD.a(gecko_driver.o)
                0x20023394                GECKO_SetReg
 .text.GECKO_GetReg
                0x200234cc      0x110 C:/HOOPOE3/satellite-subsystems/demo/..//satellite-subsystems/lib\libSatelliteSubsystemsD.a(gecko_driver.o)
                0x200234cc                GECKO_GetReg
 .text.GECKO_StartSample
                0x200235dc       0xb8 C:/HOOPOE3/satellite-subsystems/demo/..//satellite-subsystems/lib\libSatelliteSubsystemsD.a(gecko_driver.o)
                0x200235dc                GECKO_StartSample
 .text.GECKO_StartErase
                0x20023694       0xb8 C:/HOOPOE3/satellite-subsystems/demo/..//satellite-subsystems/lib\libSatelliteSubsystemsD.a(gecko_driver.o)
                0x20023694                GECKO_StartErase
 .text.GECKO_EnableTestPattern
                0x2002374c       0xb8 C:/HOOPOE3/satellite-subsystems/demo/..//satellite-subsystems/lib\libSatelliteSubsystemsD.a(gecko_driver.o)
                0x2002374c                GECKO_EnableTestPattern
 .text.GECKO_DisableTestPattern
                0x20023804       0xb4 C:/HOOPOE3/satellite-subsystems/demo/..//satellite-subsystems/lib\libSatelliteSubsystemsD.a(gecko_driver.o)
                0x20023804                GECKO_DisableTestPattern
 .text.GECKO_GetFlashInitDone
                0x200238b8       0x64 C:/HOOPOE3/satellite-subsystems/demo/..//satellite-subsystems/lib\libSatelliteSubsystemsD.a(gecko_driver.o)
                0x200238b8                GECKO_GetFlashInitDone
 .text.GECKO_GetSampleDone
                0x2002391c       0x64 C:/HOOPOE3/satellite-subsystems/demo/..//satellite-subsystems/lib\libSatelliteSubsystemsD.a(gecko_driver.o)
                0x2002391c                GECKO_GetSampleDone
 .text.GECKO_GetEraseDone
                0x20023980       0x64 C:/HOOPOE3/satellite-subsystems/demo/..//satellite-subsystems/lib\libSatelliteSubsystemsD.a(gecko_driver.o)
                0x20023980                GECKO_GetEraseDone
 .text.GECKO_ClearSampleDone
                0x200239e4       0xb4 C:/HOOPOE3/satellite-subsystems/demo/..//satellite-subsystems/lib\libSatelliteSubsystemsD.a(gecko_driver.o)
                0x200239e4                GECKO_ClearSampleDone
 .text.GECKO_ClearEraseDone
                0x20023a98       0xb4 C:/HOOPOE3/satellite-subsystems/demo/..//satellite-subsystems/lib\libSatelliteSubsystemsD.a(gecko_driver.o)
                0x20023a98                GECKO_ClearEraseDone
 .text.GECKO_SetImageID
                0x20023b4c       0xcc C:/HOOPOE3/satellite-subsystems/demo/..//satellite-subsystems/lib\libSatelliteSubsystemsD.a(gecko_driver.o)
                0x20023b4c                GECKO_SetImageID
 .text.GECKO_SetFrameAmount
                0x20023c18       0xbc C:/HOOPOE3/satellite-subsystems/demo/..//satellite-subsystems/lib\libSatelliteSubsystemsD.a(gecko_driver.o)
                0x20023c18                GECKO_SetFrameAmount
 .text.GECKO_SensorOn
                0x20023cd4       0xb8 C:/HOOPOE3/satellite-subsystems/demo/..//satellite-subsystems/lib\libSatelliteSubsystemsD.a(gecko_driver.o)
                0x20023cd4                GECKO_SensorOn
 .text.GECKO_SensorOff
                0x20023d8c       0xb4 C:/HOOPOE3/satellite-subsystems/demo/..//satellite-subsystems/lib\libSatelliteSubsystemsD.a(gecko_driver.o)
                0x20023d8c                GECKO_SensorOff
 .text.GECKO_SetFrameRate
                0x20023e40       0xc4 C:/HOOPOE3/satellite-subsystems/demo/..//satellite-subsystems/lib\libSatelliteSubsystemsD.a(gecko_driver.o)
                0x20023e40                GECKO_SetFrameRate
 .text.GECKO_GetTrainingDone
                0x20023f04       0x64 C:/HOOPOE3/satellite-subsystems/demo/..//satellite-subsystems/lib\libSatelliteSubsystemsD.a(gecko_driver.o)
                0x20023f04                GECKO_GetTrainingDone
 .text.GECKO_GetTrainingError
                0x20023f68       0x64 C:/HOOPOE3/satellite-subsystems/demo/..//satellite-subsystems/lib\libSatelliteSubsystemsD.a(gecko_driver.o)
                0x20023f68                GECKO_GetTrainingError
 .text.GECKO_SetAdcGain
                0x20023fcc       0xc4 C:/HOOPOE3/satellite-subsystems/demo/..//satellite-subsystems/lib\libSatelliteSubsystemsD.a(gecko_driver.o)
                0x20023fcc                GECKO_SetAdcGain
 .text.GECKO_SetPgaGain
                0x20024090       0xcc C:/HOOPOE3/satellite-subsystems/demo/..//satellite-subsystems/lib\libSatelliteSubsystemsD.a(gecko_driver.o)
                0x20024090                GECKO_SetPgaGain
 .text.GECKO_SetOffset
                0x2002415c       0xd0 C:/HOOPOE3/satellite-subsystems/demo/..//satellite-subsystems/lib\libSatelliteSubsystemsD.a(gecko_driver.o)
                0x2002415c                GECKO_SetOffset
 .text.GECKO_SetExposure
                0x2002422c       0xc4 C:/HOOPOE3/satellite-subsystems/demo/..//satellite-subsystems/lib\libSatelliteSubsystemsD.a(gecko_driver.o)
                0x2002422c                GECKO_SetExposure
 .text._SpiWriteRead
                0x200242f0       0x70 C:/HOOPOE3/satellite-subsystems/demo/..//satellite-subsystems/lib\libSatelliteSubsystemsD.a(gecko_driver.o)
 .text.makeTRXCommonTransfer
                0x20024360       0x34 C:/HOOPOE3/satellite-subsystems/demo/..//satellite-subsystems/lib\libSatelliteSubsystemsD.a(IsisTRXCommon.o)
 .text.IsisTrxCommon_componentReset
                0x20024394       0x68 C:/HOOPOE3/satellite-subsystems/demo/..//satellite-subsystems/lib\libSatelliteSubsystemsD.a(IsisTRXCommon.o)
                0x20024394                IsisTrxCommon_componentReset
 .text.IsisTrxCommon_TxSendAX25DefClSign
                0x200243fc       0xf4 C:/HOOPOE3/satellite-subsystems/demo/..//satellite-subsystems/lib\libSatelliteSubsystemsD.a(IsisTRXCommon.o)
                0x200243fc                IsisTrxCommon_TxSendAX25DefClSign
 .text.IsisTrxCommon_TxSetIdlestate
                0x200244f0       0x78 C:/HOOPOE3/satellite-subsystems/demo/..//satellite-subsystems/lib\libSatelliteSubsystemsD.a(IsisTRXCommon.o)
                0x200244f0                IsisTrxCommon_TxSetIdlestate
 .text.IsisTrxCommon_TxSetAx25Bitrate
                0x20024568       0x78 C:/HOOPOE3/satellite-subsystems/demo/..//satellite-subsystems/lib\libSatelliteSubsystemsD.a(IsisTRXCommon.o)
                0x20024568                IsisTrxCommon_TxSetAx25Bitrate
 .text.IsisTrxCommon_RxGetFrameCount
                0x200245e0       0x8c C:/HOOPOE3/satellite-subsystems/demo/..//satellite-subsystems/lib\libSatelliteSubsystemsD.a(IsisTRXCommon.o)
                0x200245e0                IsisTrxCommon_RxGetFrameCount
 .text.IsisTrxCommon_RxGetTelemetryAll_revC
                0x2002466c       0x8c C:/HOOPOE3/satellite-subsystems/demo/..//satellite-subsystems/lib\libSatelliteSubsystemsD.a(IsisTRXCommon.o)
                0x2002466c                IsisTrxCommon_RxGetTelemetryAll_revC
 .text.ceil     0x200246f8      0x198 c:/isis/application/toolchain/bin/../lib/gcc/arm-none-eabi/4.7.4/../../../../arm-none-eabi/lib\libm.a(lib_a-s_ceil.o)
                0x200246f8                ceil
 .text.pow      0x20024890      0x500 c:/isis/application/toolchain/bin/../lib/gcc/arm-none-eabi/4.7.4/../../../../arm-none-eabi/lib\libm.a(lib_a-w_pow.o)
                0x20024890                pow
 .text.__ieee754_pow
                0x20024d90     0x1000 c:/isis/application/toolchain/bin/../lib/gcc/arm-none-eabi/4.7.4/../../../../arm-none-eabi/lib\libm.a(lib_a-e_pow.o)
                0x20024d90                __ieee754_pow
 .text.__ieee754_sqrt
                0x20025d90      0x23c c:/isis/application/toolchain/bin/../lib/gcc/arm-none-eabi/4.7.4/../../../../arm-none-eabi/lib\libm.a(lib_a-e_sqrt.o)
                0x20025d90                __ieee754_sqrt