Archive member included because of file (symbol)

c:/isis/application/toolchain/bin/../lib/gcc/arm-none-eabi/4.7.4/../../../../arm-none-eabi/lib\libc_s.a(lib_a-vfprintf_float.o)
                              (_printf_float)
c:/isis/application/toolchain/bin/../lib/gcc/arm-none-eabi/4.7.4/../../../../arm-none-eabi/lib\libc_s.a(lib_a-vfprintf_i.o)
                              c:/isis/application/toolchain/bin/../lib/gcc/arm-none-eabi/4.7.4/../../../../arm-none-eabi/lib\libc_s.a(lib_a-vfprintf_float.o) (_printf_common)
c:/isis/application/toolchain/bin/../lib/gcc/arm-none-eabi/4.7.4/../../../../arm-none-eabi/lib\libc_s.a(lib_a-vfscanf_float.o)
                              (_scanf_float)
c:/isis/application/toolchain/bin/../lib/gcc/arm-none-eabi/4.7.4/../../../../arm-none-eabi/lib\libc_s.a(lib_a-dtoa.o)
                              c:/isis/application/toolchain/bin/../lib/gcc/arm-none-eabi/4.7.4/../../../../arm-none-eabi/lib\libc_s.a(lib_a-vfprintf_float.o) (_dtoa_r)
c:/isis/application/toolchain/bin/../lib/gcc/arm-none-eabi/4.7.4/../../../../arm-none-eabi/lib\libc_s.a(lib_a-locale.o)
                              c:/isis/application/toolchain/bin/../lib/gcc/arm-none-eabi/4.7.4/../../../../arm-none-eabi/lib\libc_s.a(lib_a-vfprintf_float.o) (_localeconv_r)
c:/isis/application/toolchain/bin/../lib/gcc/arm-none-eabi/4.7.4/../../../../arm-none-eabi/lib\libc_s.a(lib_a-malloc.o)
                              c:/isis/application/toolchain/bin/../lib/gcc/arm-none-eabi/4.7.4/../../../../arm-none-eabi/lib\libc_s.a(lib_a-dtoa.o) (malloc)
c:/isis/application/toolchain/bin/../lib/gcc/arm-none-eabi/4.7.4/../../../../arm-none-eabi/lib\libc_s.a(lib_a-mallocr.o)
                              c:/isis/application/toolchain/bin/../lib/gcc/arm-none-eabi/4.7.4/../../../../arm-none-eabi/lib\libc_s.a(lib_a-malloc.o) (_malloc_r)
c:/isis/application/toolchain/bin/../lib/gcc/arm-none-eabi/4.7.4/../../../../arm-none-eabi/lib\libc_s.a(lib_a-memcpy.o)
                              c:/isis/application/toolchain/bin/../lib/gcc/arm-none-eabi/4.7.4/../../../../arm-none-eabi/lib\libc_s.a(lib_a-dtoa.o) (memcpy)
c:/isis/application/toolchain/bin/../lib/gcc/arm-none-eabi/4.7.4/../../../../arm-none-eabi/lib\libc_s.a(lib_a-mprec.o)
                              c:/isis/application/toolchain/bin/../lib/gcc/arm-none-eabi/4.7.4/../../../../arm-none-eabi/lib\libc_s.a(lib_a-dtoa.o) (_Balloc)
c:/isis/application/toolchain/bin/../lib/gcc/arm-none-eabi/4.7.4/../../../../arm-none-eabi/lib\libc_s.a(lib_a-s_fpclassify.o)
                              c:/isis/application/toolchain/bin/../lib/gcc/arm-none-eabi/4.7.4/../../../../arm-none-eabi/lib\libc_s.a(lib_a-vfprintf_float.o) (__fpclassifyd)
c:/isis/application/toolchain/bin/../lib/gcc/arm-none-eabi/4.7.4/../../../../arm-none-eabi/lib\libc_s.a(lib_a-sbrkr.o)
                              c:/isis/application/toolchain/bin/../lib/gcc/arm-none-eabi/4.7.4/../../../../arm-none-eabi/lib\libc_s.a(lib_a-mallocr.o) (_sbrk_r)
c:/isis/application/toolchain/bin/../lib/gcc/arm-none-eabi/4.7.4/../../../../arm-none-eabi/lib\libc_s.a(lib_a-sf_nan.o)
                              c:/isis/application/toolchain/bin/../lib/gcc/arm-none-eabi/4.7.4/../../../../arm-none-eabi/lib\libc_s.a(lib_a-vfscanf_float.o) (nanf)
c:/isis/application/toolchain/bin/../lib/gcc/arm-none-eabi/4.7.4/../../../../arm-none-eabi/lib\libc_s.a(lib_a-sprintf.o)
                              c:/isis/application/toolchain/bin/../lib/gcc/arm-none-eabi/4.7.4/../../../../arm-none-eabi/lib\libc_s.a(lib_a-vfscanf_float.o) (sprintf)
c:/isis/application/toolchain/bin/../lib/gcc/arm-none-eabi/4.7.4/../../../../arm-none-eabi/lib\libc_s.a(lib_a-strcmp.o)
                              c:/isis/application/toolchain/bin/../lib/gcc/arm-none-eabi/4.7.4/../../../../arm-none-eabi/lib\libc_s.a(lib_a-locale.o) (strcmp)
c:/isis/application/toolchain/bin/../lib/gcc/arm-none-eabi/4.7.4/../../../../arm-none-eabi/lib\libc_s.a(lib_a-strlen.o)
                              c:/isis/application/toolchain/bin/../lib/gcc/arm-none-eabi/4.7.4/../../../../arm-none-eabi/lib\libc_s.a(lib_a-vfprintf_float.o) (strlen)
c:/isis/application/toolchain/bin/../lib/gcc/arm-none-eabi/4.7.4/../../../../arm-none-eabi/lib\libc_s.a(lib_a-strtod.o)
                              c:/isis/application/toolchain/bin/../lib/gcc/arm-none-eabi/4.7.4/../../../../arm-none-eabi/lib\libc_s.a(lib_a-vfscanf_float.o) (_strtod_r)
c:/isis/application/toolchain/bin/../lib/gcc/arm-none-eabi/4.7.4/../../../../arm-none-eabi/lib\libc_s.a(lib_a-strtol.o)
                              c:/isis/application/toolchain/bin/../lib/gcc/arm-none-eabi/4.7.4/../../../../arm-none-eabi/lib\libc_s.a(lib_a-vfscanf_float.o) (_strtol_r)
c:/isis/application/toolchain/bin/../lib/gcc/arm-none-eabi/4.7.4/../../../../arm-none-eabi/lib\libc_s.a(lib_a-svfprintf.o)
                              c:/isis/application/toolchain/bin/../lib/gcc/arm-none-eabi/4.7.4/../../../../arm-none-eabi/lib\libc_s.a(lib_a-sprintf.o) (_svfprintf_r)
[...]
Memory Configuration

Name             Origin             Length             Attributes
sram0            0x00200000         0x00004000         w !xr
sram1            0x00300000         0x00004000         w !xr
sdram            0x20000000         0x02000000         w !xr
*default*        0x00000000         0xffffffff

Linker script and memory map

LOAD c:/isis/application/toolchain/bin/../lib/gcc/arm-none-eabi/4.7.4/../../../../arm-none-eabi/lib\libc_s.a
LOAD ./src/sub-systemCode/Main/CMD/COMM_CMD.o
LOAD ./src/sub-systemCode/Main/CMD/EPS_CMD.o
LOAD ./src/sub-systemCode/Main/CMD/General_CMD.o
LOAD ./src/sub-systemCode/Main/CMD/SW_CMD.o
LOAD ./src/sub-systemCode/Main/CMD/payload_CMD.o
LOAD ./src/sub-systemCode/Main/Ants.o
LOAD ./src/sub-systemCode/Main/EPS.o
LOAD ./src/sub-systemCode/Main/HouseKeeping.o
LOAD ./src/sub-systemCode/Main/Main_Init.o
LOAD ./src/sub-systemCode/Main/commands.o
LOAD ./src/sub-systemCode/Global/Global.o
LOAD ./src/sub-systemCode/Global/GlobalParam.o
LOAD ./src/sub-systemCode/Global/OnlineTM.o
LOAD ./src/sub-systemCode/Global/TM_managment.o
LOAD ./src/sub-systemCode/COMM/APRS.o
LOAD ./src/sub-systemCode/COMM/DelayedCommand_list.o
LOAD ./src/sub-systemCode/COMM/GSC.o
LOAD ./src/sub-systemCode/COMM/TRXVU.o
LOAD ./src/sub-systemCode/ADCS/ADCS.o
LOAD ./src/sub-systemCode/ADCS/Stage_Table.o
LOAD ./src/main.o
LOAD C:/HOOPOE3/satellite-subsystems/demo/..//satellite-subsystems/lib\libSatelliteSubsystemsD.a
LOAD c:/isis/application/toolchain/bin/../lib/gcc/arm-none-eabi/4.7.4/../../../../arm-none-eabi/lib\libm.a
LOAD C:/HOOPOE3/satellite-subsystems/demo/../..//hal/hcc/lib\libHCCD.a
LOAD C:/HOOPOE3/satellite-subsystems/demo/../..//hal/hal/lib\libHALD.a
LOAD C:/HOOPOE3/satellite-subsystems/demo/../..//hal/freertos/lib\libFreeRTOSD.a
LOAD C:/HOOPOE3/satellite-subsystems/demo/../..//hal/at91/lib\libAt91D.a
START GROUP
LOAD c:/isis/application/toolchain/bin/../lib/gcc/arm-none-eabi/4.7.4\libgcc.a
LOAD c:/isis/application/toolchain/bin/../lib/gcc/arm-none-eabi/4.7.4/../../../../arm-none-eabi/lib\libc_s.a
END GROUP

.fixed          0x20000000    0x3708c
                0x20000000                . = ALIGN (0x4)
                0x20000000                _sfixed = .
 *(.startup)
 .startup       0x20000000      0x134 C:/HOOPOE3/satellite-subsystems/demo/../..//hal/at91/lib\libAt91D.a(board_cstartup.o)
                0x20000000                entry
 *(.text)
 .text          0x20000134       0x64 C:/HOOPOE3/satellite-subsystems/demo/../..//hal/at91/lib\libAt91D.a(cp15_asm.o)
                0x20000134                _readControlRegister
                0x20000140                _writeControlRegister
                0x20000148                _waitForInterrupt
                0x20000154                _writeTTB
                0x2000015c                _writeDomain
                0x20000164                _writeITLBLockdown
                0x2000016c                _prefetchICacheLine
                0x20000174                _flushDCache
                0x20000180                _flushWriteBuffer
                0x2000018c                _invalidateIDTLBs
 .text          0x20000198      0x114 c:/isis/application/toolchain/bin/../lib/gcc/arm-none-eabi/4.7.4\libgcc.a(_udivsi3.o)
                0x20000198                __aeabi_uidiv
                0x20000198                __udivsi3
                0x2000028c                __aeabi_uidivmod
 .text          0x200002ac      0x148 c:/isis/application/toolchain/bin/../lib/gcc/arm-none-eabi/4.7.4\libgcc.a(_divsi3.o)
                0x200002ac                __divsi3
                0x200002ac                __aeabi_idiv
                0x200003d4                __aeabi_idivmod
 .text          0x200003f4        0x4 c:/isis/application/toolchain/bin/../lib/gcc/arm-none-eabi/4.7.4\libgcc.a(_dvmd_tls.o)
                0x200003f4                __aeabi_idiv0
                0x200003f4                __aeabi_ldiv0
 .text          0x200003f8      0x41c c:/isis/application/toolchain/bin/../lib/gcc/arm-none-eabi/4.7.4\libgcc.a(_arm_addsubdf3.o)
                0x200003f8                __aeabi_drsub
                0x20000400                __aeabi_dsub
                0x20000400                __subdf3
                0x20000404                __aeabi_dadd
                0x20000404                __adddf3
                0x20000714                __floatunsidf
                0x20000714                __aeabi_ui2d
                0x20000738                __floatsidf
                0x20000738                __aeabi_i2d
                0x20000760                __aeabi_f2d
                0x20000760                __extendsfdf2
                0x200007a0                __floatundidf
                0x200007a0                __aeabi_ul2d
                0x200007b4                __floatdidf
                0x200007b4                __aeabi_l2d
 .text          0x20000814      0x49c c:/isis/application/toolchain/bin/../lib/gcc/arm-none-eabi/4.7.4\libgcc.a(_arm_muldivdf3.o)
                0x20000814                __aeabi_dmul
                0x20000814                __muldf3
                0x20000aa4                __divdf3
                0x20000aa4                __aeabi_ddiv
 .text          0x20000cb0      0x144 c:/isis/application/toolchain/bin/../lib/gcc/arm-none-eabi/4.7.4\libgcc.a(_arm_cmpdf2.o)
                0x20000cb0                __gtdf2
                0x20000cb0                __gedf2
                0x20000cb8                __ltdf2
                0x20000cb8                __ledf2
                0x20000cc0                __nedf2
                0x20000cc0                __eqdf2
                0x20000cc0                __cmpdf2
                0x20000d48                __aeabi_cdrcmple
                0x20000d64                __aeabi_cdcmpeq
                0x20000d64                __aeabi_cdcmple
                0x20000d7c                __aeabi_dcmpeq
                0x20000d94                __aeabi_dcmplt
                0x20000dac                __aeabi_dcmple
                0x20000dc4                __aeabi_dcmpge
                0x20000ddc                __aeabi_dcmpgt
 .text          0x20000df4       0x5c c:/isis/application/toolchain/bin/../lib/gcc/arm-none-eabi/4.7.4\libgcc.a(_arm_fixdfsi.o)
                0x20000df4                __aeabi_d2iz
                0x20000df4                __fixdfsi
 .text          0x20000e50       0x54 c:/isis/application/toolchain/bin/../lib/gcc/arm-none-eabi/4.7.4\libgcc.a(_arm_fixunsdfsi.o)
                0x20000e50                __aeabi_d2uiz
                0x20000e50                __fixunsdfsi
 .text          0x20000ea4       0xa0 c:/isis/application/toolchain/bin/../lib/gcc/arm-none-eabi/4.7.4\libgcc.a(_arm_truncdfsf2.o)
                0x20000ea4                __truncdfsf2
                0x20000ea4                __aeabi_d2f
 *(.text*)
 .text.__cvt    0x20000f44      0x138 c:/isis/application/toolchain/bin/../lib/gcc/arm-none-eabi/4.7.4/../../../../arm-none-eabi/lib\libc_s.a(lib_a-vfprintf_float.o)
                0x20000f44                __cvt
 .text.__exponent
                0x2000107c       0xa8 c:/isis/application/toolchain/bin/../lib/gcc/arm-none-eabi/4.7.4/../../../../arm-none-eabi/lib\libc_s.a(lib_a-vfprintf_float.o)
                0x2000107c                __exponent
 .text._printf_float
                0x20001124      0x7dc c:/isis/application/toolchain/bin/../lib/gcc/arm-none-eabi/4.7.4/../../../../arm-none-eabi/lib\libc_s.a(lib_a-vfprintf_float.o)
                0x20001124                _printf_float
 .text._printf_common
                0x20001900      0x174 c:/isis/application/toolchain/bin/../lib/gcc/arm-none-eabi/4.7.4/../../../../arm-none-eabi/lib\libc_s.a(lib_a-vfprintf_i.o)
                0x20001900                _printf_common
 .text._printf_i
                0x20001a74      0x3c4 c:/isis/application/toolchain/bin/../lib/gcc/arm-none-eabi/4.7.4/../../../../arm-none-eabi/lib\libc_s.a(lib_a-vfprintf_i.o)
                0x20001a74                _printf_i
 .text._scanf_float
                0x20001e38      0x5f4 c:/isis/application/toolchain/bin/../lib/gcc/arm-none-eabi/4.7.4/../../../../arm-none-eabi/lib\libc_s.a(lib_a-vfscanf_float.o)
                0x20001e38                _scanf_float
 .text.quorem   0x2000242c      0x1ac c:/isis/application/toolchain/bin/../lib/gcc/arm-none-eabi/4.7.4/../../../../arm-none-eabi/lib\libc_s.a(lib_a-dtoa.o)
 .text._dtoa_r  0x200025d8     0x1268 c:/isis/application/toolchain/bin/../lib/gcc/arm-none-eabi/4.7.4/../../../../arm-none-eabi/lib\libc_s.a(lib_a-dtoa.o)
                0x200025d8                _dtoa_r
 .text._localeconv_r
                0x20003840        0xc c:/isis/application/toolchain/bin/../lib/gcc/arm-none-eabi/4.7.4/../../../../arm-none-eabi/lib\libc_s.a(lib_a-locale.o)
                0x20003840                _localeconv_r
 .text.malloc   0x2000384c       0x20 c:/isis/application/toolchain/bin/../lib/gcc/arm-none-eabi/4.7.4/../../../../arm-none-eabi/lib\libc_s.a(lib_a-malloc.o)
                0x2000384c                malloc
 .text.free     0x2000386c       0x20 c:/isis/application/toolchain/bin/../lib/gcc/arm-none-eabi/4.7.4/../../../../arm-none-eabi/lib\libc_s.a(lib_a-malloc.o)
                0x2000386c                free
 .text._malloc_r
                0x2000388c       0xfc c:/isis/application/toolchain/bin/../lib/gcc/arm-none-eabi/4.7.4/../../../../arm-none-eabi/lib\libc_s.a(lib_a-mallocr.o)
                0x2000388c                _malloc_r
 .text.memcpy   0x20003988       0x20 c:/isis/application/toolchain/bin/../lib/gcc/arm-none-eabi/4.7.4/../../../../arm-none-eabi/lib\libc_s.a(lib_a-memcpy.o)
                0x20003988                memcpy
 .text._Balloc  0x200039a8       0xcc c:/isis/application/toolchain/bin/../lib/gcc/arm-none-eabi/4.7.4/../../../../arm-none-eabi/lib\libc_s.a(lib_a-mprec.o)
                0x200039a8                _Balloc
 .text._Bfree   0x20003a74       0x5c c:/isis/application/toolchain/bin/../lib/gcc/arm-none-eabi/4.7.4/../../../../arm-none-eabi/lib\libc_s.a(lib_a-mprec.o)
                0x20003a74                _Bfree
 .text.__multadd
                0x20003ad0       0xbc c:/isis/application/toolchain/bin/../lib/gcc/arm-none-eabi/4.7.4/../../../../arm-none-eabi/lib\libc_s.a(lib_a-mprec.o)
                0x20003ad0                __multadd
 .text.__s2b    0x20003b8c       0xd8 c:/isis/application/toolchain/bin/../lib/gcc/arm-none-eabi/4.7.4/../../../../arm-none-eabi/lib\libc_s.a(lib_a-mprec.o)
                0x20003b8c                __s2b
 .text.__hi0bits
                0x20003c64       0x58 c:/isis/application/toolchain/bin/../lib/gcc/arm-none-eabi/4.7.4/../../../../arm-none-eabi/lib\libc_s.a(lib_a-mprec.o)
                0x20003c64                __hi0bits
 .text.__lo0bits
                0x20003cbc       0x94 c:/isis/application/toolchain/bin/../lib/gcc/arm-none-eabi/4.7.4/../../../../arm-none-eabi/lib\libc_s.a(lib_a-mprec.o)
                0x20003cbc                __lo0bits
 .text.__i2b    0x20003d50       0x24 c:/isis/application/toolchain/bin/../lib/gcc/arm-none-eabi/4.7.4/../../../../arm-none-eabi/lib\libc_s.a(lib_a-mprec.o)
                0x20003d50                __i2b
 .text.__multiply
                0x20003d74      0x1ac c:/isis/application/toolchain/bin/../lib/gcc/arm-none-eabi/4.7.4/../../../../arm-none-eabi/lib\libc_s.a(lib_a-mprec.o)
                0x20003d74                __multiply
 .text.__pow5mult
                0x20003f20      0x10c c:/isis/application/toolchain/bin/../lib/gcc/arm-none-eabi/4.7.4/../../../../arm-none-eabi/lib\libc_s.a(lib_a-mprec.o)
                0x20003f20                __pow5mult
 .text.__lshift
                0x2000402c       0xf0 c:/isis/application/toolchain/bin/../lib/gcc/arm-none-eabi/4.7.4/../../../../arm-none-eabi/lib\libc_s.a(lib_a-mprec.o)
                0x2000402c                __lshift
 .text.__mcmp   0x2000411c       0x60 c:/isis/application/toolchain/bin/../lib/gcc/arm-none-eabi/4.7.4/../../../../arm-none-eabi/lib\libc_s.a(lib_a-mprec.o)
                0x2000411c                __mcmp
 .text.__mdiff  0x2000417c      0x128 c:/isis/application/toolchain/bin/../lib/gcc/arm-none-eabi/4.7.4/../../../../arm-none-eabi/lib\libc_s.a(lib_a-mprec.o)
                0x2000417c                __mdiff
 .text.__ulp    0x200042a4       0x5c c:/isis/application/toolchain/bin/../lib/gcc/arm-none-eabi/4.7.4/../../../../arm-none-eabi/lib\libc_s.a(lib_a-mprec.o)
                0x200042a4                __ulp
 .text.__b2d    0x20004300       0xc8 c:/isis/application/toolchain/bin/../lib/gcc/arm-none-eabi/4.7.4/../../../../arm-none-eabi/lib\libc_s.a(lib_a-mprec.o)
                0x20004300                __b2d
 .text.__d2b    0x200043c8       0xfc c:/isis/application/toolchain/bin/../lib/gcc/arm-none-eabi/4.7.4/../../../../arm-none-eabi/lib\libc_s.a(lib_a-mprec.o)
                0x200043c8                __d2b
 .text.__ratio  0x200044c4       0x70 c:/isis/application/toolchain/bin/../lib/gcc/arm-none-eabi/4.7.4/../../../../arm-none-eabi/lib\libc_s.a(lib_a-mprec.o)
                0x200044c4                __ratio
 .text.__copybits
                0x20004534       0x4c c:/isis/application/toolchain/bin/../lib/gcc/arm-none-eabi/4.7.4/../../../../arm-none-eabi/lib\libc_s.a(lib_a-mprec.o)
                0x20004534                __copybits
 .text.__any_on
                0x20004580       0x7c c:/isis/application/toolchain/bin/../lib/gcc/arm-none-eabi/4.7.4/../../../../arm-none-eabi/lib\libc_s.a(lib_a-mprec.o)
                0x20004580                __any_on
 .text.__fpclassifyd
                0x200045fc       0x6c c:/isis/application/toolchain/bin/../lib/gcc/arm-none-eabi/4.7.4/../../../../arm-none-eabi/lib\libc_s.a(lib_a-s_fpclassify.o)
                0x200045fc                __fpclassifyd
 .text._sbrk_r  0x20004668       0x3c c:/isis/application/toolchain/bin/../lib/gcc/arm-none-eabi/4.7.4/../../../../arm-none-eabi/lib\libc_s.a(lib_a-sbrkr.o)
                0x20004668                _sbrk_r
 .text.nanf     0x200046a4        0xc c:/isis/application/toolchain/bin/../lib/gcc/arm-none-eabi/4.7.4/../../../../arm-none-eabi/lib\libc_s.a(lib_a-sf_nan.o)
                0x200046a4                nanf
 .text.sprintf  0x200046b0       0x6c c:/isis/application/toolchain/bin/../lib/gcc/arm-none-eabi/4.7.4/../../../../arm-none-eabi/lib\libc_s.a(lib_a-sprintf.o)
                0x200046b0                siprintf
                0x200046b0                sprintf
 .text.strcmp   0x2000471c       0x1c c:/isis/application/toolchain/bin/../lib/gcc/arm-none-eabi/4.7.4/../../../../arm-none-eabi/lib\libc_s.a(lib_a-strcmp.o)
                0x2000471c                strcmp
 .text.strlen   0x20004738       0x1c c:/isis/application/toolchain/bin/../lib/gcc/arm-none-eabi/4.7.4/../../../../arm-none-eabi/lib\libc_s.a(lib_a-strlen.o)
                0x20004738                strlen
 .text.match    0x20004754       0x54 c:/isis/application/toolchain/bin/../lib/gcc/arm-none-eabi/4.7.4/../../../../arm-none-eabi/lib\libc_s.a(lib_a-strtod.o)
 .text._strtod_r
                0x200047a8     0x1168 c:/isis/application/toolchain/bin/../lib/gcc/arm-none-eabi/4.7.4/../../../../arm-none-eabi/lib\libc_s.a(lib_a-strtod.o)
                0x200047a8                _strtod_r
 .text._strtol_r
                0x20005910      0x1b8 c:/isis/application/toolchain/bin/../lib/gcc/arm-none-eabi/4.7.4/../../../../arm-none-eabi/lib\libc_s.a(lib_a-strtol.o)
                0x20005910                _strtol_r
 .text.__ssputc_r
                0x20005ac8      0x10c c:/isis/application/toolchain/bin/../lib/gcc/arm-none-eabi/4.7.4/../../../../arm-none-eabi/lib\libc_s.a(lib_a-svfprintf.o)
                0x20005ac8                __ssputc_r
 .text._svfprintf_r
                0x20005bd4      0x328 c:/isis/application/toolchain/bin/../lib/gcc/arm-none-eabi/4.7.4/../../../../arm-none-eabi/lib\libc_s.a(lib_a-svfprintf.o)
                0x20005bd4                _svfiprintf_r
                0x20005bd4                _svfprintf_r
 .text._calloc_r
                0x20005efc       0x2c c:/isis/application/toolchain/bin/../lib/gcc/arm-none-eabi/4.7.4/../../../../arm-none-eabi/lib\libc_s.a(lib_a-callocr.o)
                0x20005efc                _calloc_r
 .text._free_r  0x20005f28      0x108 c:/isis/application/toolchain/bin/../lib/gcc/arm-none-eabi/4.7.4/../../../../arm-none-eabi/lib\libc_s.a(lib_a-freer.o)
                0x20005f28                _free_r
 .text.rshift   0x20006030       0xb0 c:/isis/application/toolchain/bin/../lib/gcc/arm-none-eabi/4.7.4/../../../../arm-none-eabi/lib\libc_s.a(lib_a-gdtoa-gethex.o)
 .text.htinit.constprop.0
                0x200060e0       0x34 c:/isis/application/toolchain/bin/../lib/gcc/arm-none-eabi/4.7.4/../../../../arm-none-eabi/lib\libc_s.a(lib_a-gdtoa-gethex.o)
 .text.__hexdig_init
                0x20006114       0x38 c:/isis/application/toolchain/bin/../lib/gcc/arm-none-eabi/4.7.4/../../../../arm-none-eabi/lib\libc_s.a(lib_a-gdtoa-gethex.o)
                0x20006114                __hexdig_init
 .text.__gethex
                0x2000614c      0x6cc c:/isis/application/toolchain/bin/../lib/gcc/arm-none-eabi/4.7.4/../../../../arm-none-eabi/lib\libc_s.a(lib_a-gdtoa-gethex.o)
                0x2000614c                __gethex
 .text.L_shift  0x20006818       0x38 c:/isis/application/toolchain/bin/../lib/gcc/arm-none-eabi/4.7.4/../../../../arm-none-eabi/lib\libc_s.a(lib_a-gdtoa-hexnan.o)
 .text.__hexnan
                0x20006850      0x1d8 c:/isis/application/toolchain/bin/../lib/gcc/arm-none-eabi/4.7.4/../../../../arm-none-eabi/lib\libc_s.a(lib_a-gdtoa-hexnan.o)
                0x20006850                __hexnan
 .text.memchr   0x20006a28       0x34 c:/isis/application/toolchain/bin/../lib/gcc/arm-none-eabi/4.7.4/../../../../arm-none-eabi/lib\libc_s.a(lib_a-memchr.o)
                0x20006a28                memchr
 .text.memset   0x20006a5c       0x1c c:/isis/application/toolchain/bin/../lib/gcc/arm-none-eabi/4.7.4/../../../../arm-none-eabi/lib\libc_s.a(lib_a-memset.o)
                0x20006a5c                memset
 .text._realloc_r
                0x20006a78       0x80 c:/isis/application/toolchain/bin/../lib/gcc/arm-none-eabi/4.7.4/../../../../arm-none-eabi/lib\libc_s.a(lib_a-reallocr.o)
                0x20006a78                _realloc_r
 .text.strncmp  0x20006af8       0x64 c:/isis/application/toolchain/bin/../lib/gcc/arm-none-eabi/4.7.4/../../../../arm-none-eabi/lib\libc_s.a(lib_a-strncmp.o)
                0x20006af8                strncmp
 .text._malloc_usable_size_r
                0x20006b5c       0x1c c:/isis/application/toolchain/bin/../lib/gcc/arm-none-eabi/4.7.4/../../../../arm-none-eabi/lib\libc_s.a(lib_a-msizer.o)
                0x20006b5c                _malloc_usable_size_r
 .text.cmd_error
                0x20006b78       0x38 ./src/sub-systemCode/Main/CMD/COMM_CMD.o
                0x20006b78                cmd_error
 .text.cmd_mute
                0x20006bb0       0xc4 ./src/sub-systemCode/Main/CMD/COMM_CMD.o
                0x20006bb0                cmd_mute
 .text.cmd_unmute
                0x20006c74       0x4c ./src/sub-systemCode/Main/CMD/COMM_CMD.o
                0x20006c74                cmd_unmute
 .text.cmd_active_trans
                0x20006cc0       0xc0 ./src/sub-systemCode/Main/CMD/COMM_CMD.o
                0x20006cc0                cmd_active_trans
 .text.cmd_shut_trans
                0x20006d80       0x38 ./src/sub-systemCode/Main/CMD/COMM_CMD.o
                0x20006d80                cmd_shut_trans
 .text.cmd_change_trans_rssi
                0x20006db8       0xb8 ./src/sub-systemCode/Main/CMD/COMM_CMD.o
                0x20006db8                cmd_change_trans_rssi
 .text.cmd_aprs_dump
                0x20006e70       0x50 ./src/sub-systemCode/Main/CMD/COMM_CMD.o
                0x20006e70                cmd_aprs_dump
 .text.cmd_stop_dump
                0x20006ec0       0x38 ./src/sub-systemCode/Main/CMD/COMM_CMD.o
                0x20006ec0                cmd_stop_dump
 .text.cmd_time_frequency
                0x20006ef8       0xc0 ./src/sub-systemCode/Main/CMD/COMM_CMD.o
                0x20006ef8                cmd_time_frequency
 .text.cmd_upload_volt_logic
                0x20006fb8      0x3d0 ./src/sub-systemCode/Main/CMD/EPS_CMD.o
                0x20006fb8                cmd_upload_volt_logic
 .text.cmd_upload_volt_COMM
                0x20007388      0x1c8 ./src/sub-systemCode/Main/CMD/EPS_CMD.o
                0x20007388                cmd_upload_volt_COMM
 .text.cmd_heater_temp
                0x20007550       0xc0 ./src/sub-systemCode/Main/CMD/EPS_CMD.o
                0x20007550                cmd_heater_temp
 .text.cmd_SHUT_CAM
                0x20007610       0x6c ./src/sub-systemCode/Main/CMD/EPS_CMD.o
                0x20007610                cmd_SHUT_CAM
 .text.cmd_SHUT_ADCS
                0x2000767c       0x6c ./src/sub-systemCode/Main/CMD/EPS_CMD.o
                0x2000767c                cmd_SHUT_ADCS
 .text.cmd_allow_CAM
                0x200076e8       0x6c ./src/sub-systemCode/Main/CMD/EPS_CMD.o
                0x200076e8                cmd_allow_CAM
 .text.cmd_allow_ADCS
                0x20007754       0x6c ./src/sub-systemCode/Main/CMD/EPS_CMD.o
                0x20007754                cmd_allow_ADCS
 .text.cmd_generic_I2C
                0x200077c0       0xb4 ./src/sub-systemCode/Main/CMD/General_CMD.o
                0x200077c0                cmd_generic_I2C
 .text.cmd_dump
                0x20007874       0xf0 ./src/sub-systemCode/Main/CMD/General_CMD.o
                0x20007874                cmd_dump
 .text.cmd_delete_TM
                0x20007964      0x1dc ./src/sub-systemCode/Main/CMD/General_CMD.o
                0x20007964                cmd_delete_TM
 .text.cmd_reset_file
                0x20007b40      0x110 ./src/sub-systemCode/Main/CMD/General_CMD.o
                0x20007b40                cmd_reset_file
 .text.cmd_dummy_func
                0x20007c50       0x40 ./src/sub-systemCode/Main/CMD/General_CMD.o
                0x20007c50                cmd_dummy_func
 .text.cmd_soft_reset_cmponent
                0x20007c90       0xb0 ./src/sub-systemCode/Main/CMD/General_CMD.o
                0x20007c90                cmd_soft_reset_cmponent
 .text.cmd_hard_reset_cmponent
                0x20007d40       0xb0 ./src/sub-systemCode/Main/CMD/General_CMD.o
                0x20007d40                cmd_hard_reset_cmponent
 .text.cmd_reset_satellite
                0x20007df0       0x78 ./src/sub-systemCode/Main/CMD/General_CMD.o
                0x20007df0                cmd_reset_satellite
 .text.cmd_gracefull_reset_satellite
                0x20007e68       0x78 ./src/sub-systemCode/Main/CMD/General_CMD.o
                0x20007e68                cmd_gracefull_reset_satellite
 .text.cmd_upload_time
                0x20007ee0       0xb0 ./src/sub-systemCode/Main/CMD/General_CMD.o
                0x20007ee0                cmd_upload_time
 .text.cmd_ARM_DIARM
                0x20007f90       0xd4 ./src/sub-systemCode/Main/CMD/General_CMD.o
                0x20007f90                cmd_ARM_DIARM
 .text.cmd_reset_delayed_command_list
                0x20008064       0x3c ./src/sub-systemCode/Main/CMD/SW_CMD.o
                0x20008064                cmd_reset_delayed_command_list
 .text.cmd_reset_APRS_list
                0x200080a0       0x3c ./src/sub-systemCode/Main/CMD/SW_CMD.o
                0x200080a0                cmd_reset_APRS_list
 .text.cmd_reset_FRAM
                0x200080dc       0xe8 ./src/sub-systemCode/Main/CMD/SW_CMD.o
                0x200080dc                cmd_reset_FRAM
 .text.ARM_ants
                0x200081c4       0xb8 ./src/sub-systemCode/Main/Ants.o
                0x200081c4                ARM_ants
 .text.DISARM_ants
                0x2000827c       0xb8 ./src/sub-systemCode/Main/Ants.o
                0x2000827c                DISARM_ants
 .text.round_vol
                0x20008334      0x124 ./src/sub-systemCode/Main/EPS.o
                0x20008334                round_vol
 .text.get_shut_ADCS
                0x20008458       0x48 ./src/sub-systemCode/Main/EPS.o
                0x20008458                get_shut_ADCS
 .text.shut_ADCS
                0x200084a0       0x44 ./src/sub-systemCode/Main/EPS.o
                0x200084a0                shut_ADCS
 .text.get_shut_CAM
                0x200084e4       0x48 ./src/sub-systemCode/Main/EPS.o
                0x200084e4                get_shut_CAM
 .text.shut_CAM
                0x2000852c       0x44 ./src/sub-systemCode/Main/EPS.o
                0x2000852c                shut_CAM
 .text.update_powerLines
                0x20008570       0xec ./src/sub-systemCode/Main/EPS.o
                0x20008570                update_powerLines
 .text.init_enterMode
                0x2000865c       0x88 ./src/sub-systemCode/Main/EPS.o
                0x2000865c                init_enterMode
 .text.EPS_Init
                0x200086e4      0x1c8 ./src/sub-systemCode/Main/EPS.o
                0x200086e4                EPS_Init
 .text.reset_FRAM_EPS
                0x200088ac       0xa4 ./src/sub-systemCode/Main/EPS.o
                0x200088ac                reset_FRAM_EPS
 .text.reset_EPS_voltages
                0x20008950       0xbc ./src/sub-systemCode/Main/EPS.o
                0x20008950                reset_EPS_voltages
 .text.battery_downward
                0x20008a0c      0x114 ./src/sub-systemCode/Main/EPS.o
                0x20008a0c                battery_downward
 .text.battery_upward
                0x20008b20      0x120 ./src/sub-systemCode/Main/EPS.o
                0x20008b20                battery_upward
 .text.EPS_Conditioning
                0x20008c40      0x1a4 ./src/sub-systemCode/Main/EPS.o
                0x20008c40                EPS_Conditioning
 .text.overRide_ADCS
                0x20008de4       0x50 ./src/sub-systemCode/Main/EPS.o
                0x20008de4                overRide_ADCS
 .text.overRide_Camera
                0x20008e34       0x38 ./src/sub-systemCode/Main/EPS.o
                0x20008e34                overRide_Camera
 .text.EnterFullMode
                0x20008e6c       0xfc ./src/sub-systemCode/Main/EPS.o
                0x20008e6c                EnterFullMode
 .text.EnterCruiseMode
                0x20008f68       0xec ./src/sub-systemCode/Main/EPS.o
                0x20008f68                EnterCruiseMode
 .text.EnterSafeMode
                0x20009054       0xec ./src/sub-systemCode/Main/EPS.o
                0x20009054                EnterSafeMode
 .text.EnterCriticalMode
                0x20009140       0xd8 ./src/sub-systemCode/Main/EPS.o
                0x20009140                EnterCriticalMode
 .text.find_fileName
                0x20009218      0x59c ./src/sub-systemCode/Main/HouseKeeping.o
                0x20009218                find_fileName
 .text.size_of_element
                0x200097b4       0xd4 ./src/sub-systemCode/Main/HouseKeeping.o
                0x200097b4                size_of_element
 .text.save_ACK
                0x20009888       0xa0 ./src/sub-systemCode/Main/HouseKeeping.o
                0x20009888                save_ACK
 .text.COMM_create_file
                0x20009928       0x74 ./src/sub-systemCode/Main/HouseKeeping.o
                0x20009928                COMM_create_file
 .text.ACK_create_file
                0x2000999c       0x74 ./src/sub-systemCode/Main/HouseKeeping.o
                0x2000999c                ACK_create_file
 .text.EPS_create_file
                0x20009a10       0x74 ./src/sub-systemCode/Main/HouseKeeping.o
                0x20009a10                EPS_create_file
 .text.CAM_create_file
                0x20009a84       0x54 ./src/sub-systemCode/Main/HouseKeeping.o
                0x20009a84                CAM_create_file
 .text.SP_create_file
                0x20009ad8       0x54 ./src/sub-systemCode/Main/HouseKeeping.o
                0x20009ad8                SP_create_file
 .text.create_files
                0x20009b2c       0x48 ./src/sub-systemCode/Main/HouseKeeping.o
                0x20009b2c                create_files
 .text.EPS_HK_raw_BigEnE
                0x20009b74      0x194 ./src/sub-systemCode/Main/HouseKeeping.o
                0x20009b74                EPS_HK_raw_BigEnE
 .text.CAM_HK_raw_BigEnE
                0x20009d08      0x194 ./src/sub-systemCode/Main/HouseKeeping.o
                0x20009d08                CAM_HK_raw_BigEnE
 .text.COMM_HK_raw_BigEnE
                0x20009e9c      0x194 ./src/sub-systemCode/Main/HouseKeeping.o
                0x20009e9c                COMM_HK_raw_BigEnE
 .text.ADCS_HK_raw_BigEnE
                0x2000a030      0x194 ./src/sub-systemCode/Main/HouseKeeping.o
                0x2000a030                ADCS_HK_raw_BigEnE
 .text.ADCS_SC_raw_BigEnE
                0x2000a1c4      0x188 ./src/sub-systemCode/Main/HouseKeeping.o
                0x2000a1c4                ADCS_SC_raw_BigEnE
 .text.build_HK_spl_packet
                0x2000a34c      0x990 ./src/sub-systemCode/Main/HouseKeeping.o
                0x2000a34c                build_HK_spl_packet
 .text.test_menu
                0x2000acdc       0xd8 ./src/sub-systemCode/Main/Main_Init.o
                0x2000acdc                test_menu
 .text.numberOfRestarts
                0x2000adb4       0x94 ./src/sub-systemCode/Main/Main_Init.o
                0x2000adb4                numberOfRestarts
 .text.StartFRAM
                0x2000ae48       0x38 ./src/sub-systemCode/Main/Main_Init.o
                0x2000ae48                StartFRAM
 .text.StartI2C
                0x2000ae80       0x44 ./src/sub-systemCode/Main/Main_Init.o
                0x2000ae80                StartI2C
 .text.StartSPI
                0x2000aec4       0x40 ./src/sub-systemCode/Main/Main_Init.o
                0x2000aec4                StartSPI
 .text.StartTIME
                0x2000af04      0x118 ./src/sub-systemCode/Main/Main_Init.o
                0x2000af04                StartTIME
 .text.first_activation
                0x2000b01c       0x78 ./src/sub-systemCode/Main/Main_Init.o
                0x2000b01c                first_activation
 .text.InitSubsystems
                0x2000b094       0x68 ./src/sub-systemCode/Main/Main_Init.o
                0x2000b094                InitSubsystems
 .text.SubSystemTaskStart
                0x2000b0fc       0x58 ./src/sub-systemCode/Main/Main_Init.o
                0x2000b0fc                SubSystemTaskStart
 .text.copy_command
                0x2000b154       0x80 ./src/sub-systemCode/Main/commands.o
                0x2000b154                copy_command
 .text.reset_command
                0x2000b1d4       0x28 ./src/sub-systemCode/Main/commands.o
                0x2000b1d4                reset_command
 .text.init_command
                0x2000b1fc       0xd4 ./src/sub-systemCode/Main/commands.o
                0x2000b1fc                init_command
 .text.get_command
                0x2000b2d0      0x1cc ./src/sub-systemCode/Main/commands.o
                0x2000b2d0                get_command
 .text.act_upon_command
                0x2000b49c      0x200 ./src/sub-systemCode/Main/commands.o
                0x2000b49c                act_upon_command
 .text.AUC_COMM
                0x2000b69c      0x200 ./src/sub-systemCode/Main/commands.o
                0x2000b69c                AUC_COMM
 .text.AUC_general
                0x2000b89c      0x17c ./src/sub-systemCode/Main/commands.o
                0x2000b89c                AUC_general
 .text.AUC_payload
                0x2000ba18      0x110 ./src/sub-systemCode/Main/commands.o
                0x2000ba18                AUC_payload
 .text.AUC_EPS  0x2000bb28      0x248 ./src/sub-systemCode/Main/commands.o
                0x2000bb28                AUC_EPS
 .text.AUC_ADCS
                0x2000bd70       0x5c ./src/sub-systemCode/Main/commands.o
                0x2000bd70                AUC_ADCS
 .text.AUC_GS   0x2000bdcc      0x1fc ./src/sub-systemCode/Main/commands.o
                0x2000bdcc                AUC_GS
 .text.AUC_SW   0x2000bfc8       0xe4 ./src/sub-systemCode/Main/commands.o
                0x2000bfc8                AUC_SW
 .text.AUC_special_operation
                0x2000c0ac       0x8c ./src/sub-systemCode/Main/commands.o
                0x2000c0ac                AUC_special_operation
 .text.check_int
                0x2000c138       0x3c ./src/sub-systemCode/Global/Global.o
                0x2000c138                check_int
 .text.check_portBASE_TYPE
                0x2000c174       0x3c ./src/sub-systemCode/Global/Global.o
                0x2000c174                check_portBASE_TYPE
 .text.soft_reset_subsystem
                0x2000c1b0       0xd8 ./src/sub-systemCode/Global/Global.o
                0x2000c1b0                soft_reset_subsystem
 .text.hard_reset_subsystem
                0x2000c288       0xfc ./src/sub-systemCode/Global/Global.o
                0x2000c288                hard_reset_subsystem
 .text.BigEnE_raw_to_uInt
                0x2000c384       0x94 ./src/sub-systemCode/Global/Global.o
                0x2000c384                BigEnE_raw_to_uInt
 .text.BigEnE_raw_to_uShort
                0x2000c418       0x50 ./src/sub-systemCode/Global/Global.o
                0x2000c418                BigEnE_raw_to_uShort
 .text.BigEnE_uInt_to_raw
                0x2000c468       0x78 ./src/sub-systemCode/Global/Global.o
                0x2000c468                BigEnE_uInt_to_raw
 .text.reset_FRAM_MAIN
                0x2000c4e0      0x19c ./src/sub-systemCode/Global/Global.o
                0x2000c4e0                reset_FRAM_MAIN
 .text.init_GP  0x2000c67c      0x300 ./src/sub-systemCode/Global/GlobalParam.o
                0x2000c67c                init_GP
 .text.get_system_state
                0x2000c97c      0x268 ./src/sub-systemCode/Global/GlobalParam.o
                0x2000c97c                get_system_state
 .text.set_system_state
                0x2000cbe4      0x298 ./src/sub-systemCode/Global/GlobalParam.o
                0x2000cbe4                set_system_state
 .text.set_Vbatt
                0x2000ce7c       0x8c ./src/sub-systemCode/Global/GlobalParam.o
                0x2000ce7c                set_Vbatt
 .text.get_Vbatt
                0x2000cf08       0x8c ./src/sub-systemCode/Global/GlobalParam.o
                0x2000cf08                get_Vbatt
 .text.get_ST   0x2000cf94       0x8c ./src/sub-systemCode/Global/GlobalParam.o
                0x2000cf94                get_ST
 .text.set_numOfAPRS
                0x2000d020       0x8c ./src/sub-systemCode/Global/GlobalParam.o
                0x2000d020                set_numOfAPRS
 .text.set_numOfResets
                0x2000d0ac       0xac ./src/sub-systemCode/Global/GlobalParam.o
                0x2000d0ac                set_numOfResets
 .text.IsisAntS_getStatusData_sideA
                0x2000d158       0x3c ./src/sub-systemCode/Global/OnlineTM.o
                0x2000d158                IsisAntS_getStatusData_sideA
 .text.IsisAntS_getAlltelemetry_sideA
                0x2000d194       0x3c ./src/sub-systemCode/Global/OnlineTM.o
                0x2000d194                IsisAntS_getAlltelemetry_sideA
 .text.IsisAntS_getTemperature_sideA
                0x2000d1d0       0x3c ./src/sub-systemCode/Global/OnlineTM.o
                0x2000d1d0                IsisAntS_getTemperature_sideA
 .text.IsisAntS_getStatusData_sideB
                0x2000d20c       0x3c ./src/sub-systemCode/Global/OnlineTM.o
                0x2000d20c                IsisAntS_getStatusData_sideB
 .text.IsisAntS_getAlltelemetry_sideB
                0x2000d248       0x3c ./src/sub-systemCode/Global/OnlineTM.o
                0x2000d248                IsisAntS_getAlltelemetry_sideB
 .text.IsisAntS_getTemperature_sideB
                0x2000d284       0x3c ./src/sub-systemCode/Global/OnlineTM.o
                0x2000d284                IsisAntS_getTemperature_sideB
 .text.init_onlineParam
                0x2000d2c0      0xc90 ./src/sub-systemCode/Global/OnlineTM.o
                0x2000d2c0                init_onlineParam
 .text.get_online_packet
                0x2000df50      0x254 ./src/sub-systemCode/Global/OnlineTM.o
                0x2000df50                get_online_packet
 .text.save_onlineTM_param
                0x2000e1a4      0x1d8 ./src/sub-systemCode/Global/OnlineTM.o
                0x2000e1a4                save_onlineTM_param
 .text.add_onlineTM_param_to_save_list
                0x2000e37c      0x214 ./src/sub-systemCode/Global/OnlineTM.o
                0x2000e37c                add_onlineTM_param_to_save_list
 .text.delete_onlineTM_param_to_save_list
                0x2000e590       0xb4 ./src/sub-systemCode/Global/OnlineTM.o
                0x2000e590                delete_onlineTM_param_to_save_list
 .text.save_onlineTM_task
                0x2000e644      0x1a0 ./src/sub-systemCode/Global/OnlineTM.o
                0x2000e644                save_onlineTM_task
 .text.delete_allTMFilesFromSD
                0x2000e7e4       0xf8 ./src/sub-systemCode/Global/TM_managment.o
                0x2000e7e4                delete_allTMFilesFromSD
 .text.getNumOfFilesInFS
                0x2000e8dc       0x44 ./src/sub-systemCode/Global/TM_managment.o
 .text.setNumOfFilesInFS
                0x2000e920       0x50 ./src/sub-systemCode/Global/TM_managment.o
 .text.InitializeFS
                0x2000e970      0x174 ./src/sub-systemCode/Global/TM_managment.o
                0x2000e970                InitializeFS
 .text.c_fileCreate
                0x2000eae4       0xf4 ./src/sub-systemCode/Global/TM_managment.o
                0x2000eae4                c_fileCreate
 .text.writewithEpochtime
                0x2000ebd8       0x9c ./src/sub-systemCode/Global/TM_managment.o
 .text.get_C_FILE_struct
                0x2000ec74      0x104 ./src/sub-systemCode/Global/TM_managment.o
 .text.getFileIndex
                0x2000ed78       0x4c ./src/sub-systemCode/Global/TM_managment.o
 .text.get_file_name_by_index
                0x2000edc4       0x54 ./src/sub-systemCode/Global/TM_managment.o
                0x2000edc4                get_file_name_by_index
 .text.c_fileReset
                0x2000ee18       0xbc ./src/sub-systemCode/Global/TM_managment.o
                0x2000ee18                c_fileReset
 .text.c_fileWrite
                0x2000eed4      0x11c ./src/sub-systemCode/Global/TM_managment.o
                0x2000eed4                c_fileWrite
 .text.c_fileRead
                0x2000eff0      0x28c ./src/sub-systemCode/Global/TM_managment.o
                0x2000eff0                c_fileRead
 .text.reset_APRS_list
                0x2000f27c       0xa4 ./src/sub-systemCode/COMM/APRS.o
                0x2000f27c                reset_APRS_list
 .text.send_APRS_Dump
                0x2000f320      0x1c4 ./src/sub-systemCode/COMM/APRS.o
                0x2000f320                send_APRS_Dump
 .text.reset_delayCommand
                0x2000f4e4       0x8c ./src/sub-systemCode/COMM/DelayedCommand_list.o
                0x2000f4e4                reset_delayCommand
 .text.encode_TMpacket
                0x2000f570      0x104 ./src/sub-systemCode/COMM/GSC.o
                0x2000f570                encode_TMpacket
 .text.build_data_field_ACK
                0x2000f674       0x74 ./src/sub-systemCode/COMM/GSC.o
                0x2000f674                build_data_field_ACK
 .text.print_TM_spl_packet
                0x2000f6e8       0xdc ./src/sub-systemCode/COMM/GSC.o
                0x2000f6e8                print_TM_spl_packet
 .text.init_trxvu
                0x2000f7c4      0x134 ./src/sub-systemCode/COMM/TRXVU.o
                0x2000f7c4                init_trxvu
 .text.dump_logic
                0x2000f8f8      0x2ec ./src/sub-systemCode/COMM/TRXVU.o
                0x2000f8f8                dump_logic
 .text.Dump_task
                0x2000fbe4      0x16c ./src/sub-systemCode/COMM/TRXVU.o
                0x2000fbe4                Dump_task
 .text.transponder_logic
                0x2000fd50       0xbc ./src/sub-systemCode/COMM/TRXVU.o
                0x2000fd50                transponder_logic
 .text.Transponder_task
                0x2000fe0c      0x1e0 ./src/sub-systemCode/COMM/TRXVU.o
                0x2000fe0c                Transponder_task
 .text.lookForRequestToDelete_transponder
                0x2000ffec       0xac ./src/sub-systemCode/COMM/TRXVU.o
                0x2000ffec                lookForRequestToDelete_transponder
 .text.lookForRequestToDelete_dump
                0x20010098       0x7c ./src/sub-systemCode/COMM/TRXVU.o
                0x20010098                lookForRequestToDelete_dump
 .text.sendRequestToStop_dump
                0x20010114       0x8c ./src/sub-systemCode/COMM/TRXVU.o
                0x20010114                sendRequestToStop_dump
 .text.sendRequestToStop_transponder
                0x200101a0       0x98 ./src/sub-systemCode/COMM/TRXVU.o
                0x200101a0                sendRequestToStop_transponder
 .text.reset_FRAM_TRXVU
                0x20010238       0xc0 ./src/sub-systemCode/COMM/TRXVU.o
                0x20010238                reset_FRAM_TRXVU
 .text.TRX_sendFrame
                0x200102f8      0x23c ./src/sub-systemCode/COMM/TRXVU.o
                0x200102f8                TRX_sendFrame
 .text.mute_Tx  0x20010534       0x20 ./src/sub-systemCode/COMM/TRXVU.o
                0x20010534                mute_Tx
 .text.unmute_Tx
                0x20010554       0x54 ./src/sub-systemCode/COMM/TRXVU.o
                0x20010554                unmute_Tx
 .text.set_mute_time
                0x200105a8       0xb4 ./src/sub-systemCode/COMM/TRXVU.o
                0x200105a8                set_mute_time
 .text.change_TRXVU_state
                0x2001065c       0x98 ./src/sub-systemCode/COMM/TRXVU.o
                0x2001065c                change_TRXVU_state
 .text.change_trans_RSSI
                0x200106f4       0x60 ./src/sub-systemCode/COMM/TRXVU.o
                0x200106f4                change_trans_RSSI
 .text.init_adcs
                0x20010754      0x104 ./src/sub-systemCode/ADCS/ADCS.o
                0x20010754                init_adcs
 .text.telemtryStart
                0x20010858      0x16c ./src/sub-systemCode/ADCS/Stage_Table.o
                0x20010858                telemtryStart
 .text.powerStart
                0x200109c4       0x5c ./src/sub-systemCode/ADCS/Stage_Table.o
                0x200109c4                powerStart
 .text.createTable
                0x20010a20       0xb4 ./src/sub-systemCode/ADCS/Stage_Table.o
                0x20010a20                createTable
 .text.buildControlMode
                0x20010ad4       0x60 ./src/sub-systemCode/ADCS/Stage_Table.o
                0x20010ad4                buildControlMode
 .text.Check_Table
                0x20010b34      0x178 ./src/sub-systemCode/ADCS/Stage_Table.o
                0x20010b34                Check_Table
 .text.updateTable
                0x20010cac      0x1f0 ./src/sub-systemCode/ADCS/Stage_Table.o
                0x20010cac                updateTable
 .text.translateCommandFULL
                0x20010e9c       0x78 ./src/sub-systemCode/ADCS/Stage_Table.o
                0x20010e9c                translateCommandFULL
 .text.getTableTo
                0x20010f14       0x64 ./src/sub-systemCode/ADCS/Stage_Table.o
                0x20010f14                getTableTo
 .text.save_time
                0x20010f78       0x9c ./src/main.o
                0x20010f78                save_time
 .text.Command_logic
                0x20011014       0x6c ./src/main.o
                0x20011014                Command_logic
 .text.online_test_menu
                0x20011080      0x28c ./src/main.o
                0x20011080                online_test_menu
 .text.taskMain
                0x2001130c       0x78 ./src/main.o
                0x2001130c                taskMain
 .text.main     0x20011384       0xbc ./src/main.o
                0x20011384                main
 .text.GomEpsInitialize
                0x20011440      0x148 C:/HOOPOE3/satellite-subsystems/demo/..//satellite-subsystems/lib\libSatelliteSubsystemsD.a(GomEPS.o)
                0x20011440                GomEpsInitialize
 .text.makeEPStransfer
                0x20011588       0x3c C:/HOOPOE3/satellite-subsystems/demo/..//satellite-subsystems/lib\libSatelliteSubsystemsD.a(GomEPS.o)
 .text.GomEpsSoftReset
                0x200115c4       0xc4 C:/HOOPOE3/satellite-subsystems/demo/..//satellite-subsystems/lib\libSatelliteSubsystemsD.a(GomEPS.o)
                0x200115c4                GomEpsSoftReset
 .text.GomEpsHardReset
                0x20011688       0xa8 C:/HOOPOE3/satellite-subsystems/demo/..//satellite-subsystems/lib\libSatelliteSubsystemsD.a(GomEPS.o)
                0x20011688                GomEpsHardReset
 .text.GomEpsGetHkData_param
                0x20011730      0x29c C:/HOOPOE3/satellite-subsystems/demo/..//satellite-subsystems/lib\libSatelliteSubsystemsD.a(GomEPS.o)
                0x20011730                GomEpsGetHkData_param
 .text.GomEpsGetHkData_general
                0x200119cc      0x45c C:/HOOPOE3/satellite-subsystems/demo/..//satellite-subsystems/lib\libSatelliteSubsystemsD.a(GomEPS.o)
                0x200119cc                GomEpsGetHkData_general
 .text.GomEpsGetHkData_vi
                0x20011e28      0x188 C:/HOOPOE3/satellite-subsystems/demo/..//satellite-subsystems/lib\libSatelliteSubsystemsD.a(GomEPS.o)
                0x20011e28                GomEpsGetHkData_vi
 .text.GomEpsGetHkData_out
                0x20011fb0      0x21c C:/HOOPOE3/satellite-subsystems/demo/..//satellite-subsystems/lib\libSatelliteSubsystemsD.a(GomEPS.o)
                0x20011fb0                GomEpsGetHkData_out
 .text.GomEpsGetHkData_wdt
                0x200121cc      0x2b4 C:/HOOPOE3/satellite-subsystems/demo/..//satellite-subsystems/lib\libSatelliteSubsystemsD.a(GomEPS.o)
                0x200121cc                GomEpsGetHkData_wdt
 .text.GomEpsGetHkData_basic
                0x20012480      0x22c C:/HOOPOE3/satellite-subsystems/demo/..//satellite-subsystems/lib\libSatelliteSubsystemsD.a(GomEPS.o)
                0x20012480                GomEpsGetHkData_basic
 .text.GomEpsSetOutput
                0x200126ac       0xbc C:/HOOPOE3/satellite-subsystems/demo/..//satellite-subsystems/lib\libSatelliteSubsystemsD.a(GomEPS.o)
                0x200126ac                GomEpsSetOutput
 .text.GomEpsConfigGet
                0x20012768      0x16c C:/HOOPOE3/satellite-subsystems/demo/..//satellite-subsystems/lib\libSatelliteSubsystemsD.a(GomEPS.o)
                0x20012768                GomEpsConfigGet
 .text.GomEpsConfigSet
                0x200128d4      0x184 C:/HOOPOE3/satellite-subsystems/demo/..//satellite-subsystems/lib\libSatelliteSubsystemsD.a(GomEPS.o)
                0x200128d4                GomEpsConfigSet
 .text.GomEpsConfig2Get
                0x20012a58      0x16c C:/HOOPOE3/satellite-subsystems/demo/..//satellite-subsystems/lib\libSatelliteSubsystemsD.a(GomEPS.o)
                0x20012a58                GomEpsConfig2Get
 .text.makeAntStransfer
                0x20012bc4       0x4c C:/HOOPOE3/satellite-subsystems/demo/..//satellite-subsystems/lib\libSatelliteSubsystemsD.a(IsisAntS.o)
 .text.checkInputsValid
                0x20012c10       0x7c C:/HOOPOE3/satellite-subsystems/demo/..//satellite-subsystems/lib\libSatelliteSubsystemsD.a(IsisAntS.o)
 .text.IsisAntS_setArmStatus
                0x20012c8c      0x104 C:/HOOPOE3/satellite-subsystems/demo/..//satellite-subsystems/lib\libSatelliteSubsystemsD.a(IsisAntS.o)
                0x20012c8c                IsisAntS_setArmStatus
 .text.IsisAntS_getStatusData
                0x20012d90      0x120 C:/HOOPOE3/satellite-subsystems/demo/..//satellite-subsystems/lib\libSatelliteSubsystemsD.a(IsisAntS.o)
                0x20012d90                IsisAntS_getStatusData
 .text.IsisAntS_getTemperature
                0x20012eb0      0x120 C:/HOOPOE3/satellite-subsystems/demo/..//satellite-subsystems/lib\libSatelliteSubsystemsD.a(IsisAntS.o)
                0x20012eb0                IsisAntS_getTemperature
 .text.IsisAntS_getAlltelemetry
                0x20012fd0      0x120 C:/HOOPOE3/satellite-subsystems/demo/..//satellite-subsystems/lib\libSatelliteSubsystemsD.a(IsisAntS.o)
                0x20012fd0                IsisAntS_getAlltelemetry
 .text.IsisAntS_reset
                0x200130f0      0x104 C:/HOOPOE3/satellite-subsystems/demo/..//satellite-subsystems/lib\libSatelliteSubsystemsD.a(IsisAntS.o)
                0x200130f0                IsisAntS_reset
 .text.IsisSolarPanelv2_initialize
                0x200131f4       0xb4 C:/HOOPOE3/satellite-subsystems/demo/..//satellite-subsystems/lib\libSatelliteSubsystemsD.a(IsisSolarPanelv2.o)
                0x200131f4                IsisSolarPanelv2_initialize
 .text.IsisSolarPanelv2_sleep
                0x200132a8       0xbc C:/HOOPOE3/satellite-subsystems/demo/..//satellite-subsystems/lib\libSatelliteSubsystemsD.a(IsisSolarPanelv2.o)
                0x200132a8                IsisSolarPanelv2_sleep
 .text._Reset   0x20013364       0x20 C:/HOOPOE3/satellite-subsystems/demo/..//satellite-subsystems/lib\libSatelliteSubsystemsD.a(IsisSolarPanelv2.o)
 .text._WaitForStartup
                0x20013384       0x90 C:/HOOPOE3/satellite-subsystems/demo/..//satellite-subsystems/lib\libSatelliteSubsystemsD.a(IsisSolarPanelv2.o)
 .text._AssignAllChannels
                0x20013414       0x90 C:/HOOPOE3/satellite-subsystems/demo/..//satellite-subsystems/lib\libSatelliteSubsystemsD.a(IsisSolarPanelv2.o)
 .text._AssignThisChannel
                0x200134a4       0xe8 C:/HOOPOE3/satellite-subsystems/demo/..//satellite-subsystems/lib\libSatelliteSubsystemsD.a(IsisSolarPanelv2.o)
 .text._ExtractByte
                0x2001358c       0x38 C:/HOOPOE3/satellite-subsystems/demo/..//satellite-subsystems/lib\libSatelliteSubsystemsD.a(IsisSolarPanelv2.o)
 .text._PinsInit
                0x200135c4       0x50 C:/HOOPOE3/satellite-subsystems/demo/..//satellite-subsystems/lib\libSatelliteSubsystemsD.a(IsisSolarPanelv2.o)
 .text._SpiWriteRead
                0x20013614       0x70 C:/HOOPOE3/satellite-subsystems/demo/..//satellite-subsystems/lib\libSatelliteSubsystemsD.a(IsisSolarPanelv2.o)
 .text.IsisTrxvu_initialize
                0x20013684      0x2f4 C:/HOOPOE3/satellite-subsystems/demo/..//satellite-subsystems/lib\libSatelliteSubsystemsD.a(IsisTRXVU.o)
                0x20013684                IsisTrxvu_initialize
 .text.makeTRXVUtransfer
                0x20013978       0x44 C:/HOOPOE3/satellite-subsystems/demo/..//satellite-subsystems/lib\libSatelliteSubsystemsD.a(IsisTRXVU.o)
 .text.IsisTrxvu_componentSoftReset
                0x200139bc       0x6c C:/HOOPOE3/satellite-subsystems/demo/..//satellite-subsystems/lib\libSatelliteSubsystemsD.a(IsisTRXVU.o)
                0x200139bc                IsisTrxvu_componentSoftReset
 .text.IsisTrxvu_componentHardReset
                0x20013a28       0xc8 C:/HOOPOE3/satellite-subsystems/demo/..//satellite-subsystems/lib\libSatelliteSubsystemsD.a(IsisTRXVU.o)
                0x20013a28                IsisTrxvu_componentHardReset
 .text.IsisTrxvu_softReset
                0x20013af0       0x74 C:/HOOPOE3/satellite-subsystems/demo/..//satellite-subsystems/lib\libSatelliteSubsystemsD.a(IsisTRXVU.o)
                0x20013af0                IsisTrxvu_softReset
 .text.IsisTrxvu_hardReset
                0x20013b64       0x74 C:/HOOPOE3/satellite-subsystems/demo/..//satellite-subsystems/lib\libSatelliteSubsystemsD.a(IsisTRXVU.o)
                0x20013b64                IsisTrxvu_hardReset
 .text.IsisTrxvu_tcSendAX25DefClSign
                0x20013bd8       0xec C:/HOOPOE3/satellite-subsystems/demo/..//satellite-subsystems/lib\libSatelliteSubsystemsD.a(IsisTRXVU.o)
                0x20013bd8                IsisTrxvu_tcSendAX25DefClSign
 .text.IsisTrxvu_tcSetIdlestate
                0x20013cc4       0xa4 C:/HOOPOE3/satellite-subsystems/demo/..//satellite-subsystems/lib\libSatelliteSubsystemsD.a(IsisTRXVU.o)
                0x20013cc4                IsisTrxvu_tcSetIdlestate
 .text.IsisTrxvu_tcSetAx25Bitrate
                0x20013d68       0xc4 C:/HOOPOE3/satellite-subsystems/demo/..//satellite-subsystems/lib\libSatelliteSubsystemsD.a(IsisTRXVU.o)
                0x20013d68                IsisTrxvu_tcSetAx25Bitrate
 .text.IsisTrxvu_tcGetTelemetryAll
                0x20013e2c       0xd0 C:/HOOPOE3/satellite-subsystems/demo/..//satellite-subsystems/lib\libSatelliteSubsystemsD.a(IsisTRXVU.o)
                0x20013e2c                IsisTrxvu_tcGetTelemetryAll
 .text.IsisTrxvu_tcGetTelemetryAll_revC
                0x20013efc       0xd0 C:/HOOPOE3/satellite-subsystems/demo/..//satellite-subsystems/lib\libSatelliteSubsystemsD.a(IsisTRXVU.o)
                0x20013efc                IsisTrxvu_tcGetTelemetryAll_revC
 .text.IsisTrxvu_rcGetTelemetryAll
                0x20013fcc       0xd0 C:/HOOPOE3/satellite-subsystems/demo/..//satellite-subsystems/lib\libSatelliteSubsystemsD.a(IsisTRXVU.o)
                0x20013fcc                IsisTrxvu_rcGetTelemetryAll
 .text.IsisTrxvu_rcGetTelemetryAll_revC
                0x2001409c       0xec C:/HOOPOE3/satellite-subsystems/demo/..//satellite-subsystems/lib\libSatelliteSubsystemsD.a(IsisTRXVU.o)
                0x2001409c                IsisTrxvu_rcGetTelemetryAll_revC
 .text.cspaceADCS_initialize
                0x20014188      0x18c C:/HOOPOE3/satellite-subsystems/demo/..//satellite-subsystems/lib\libSatelliteSubsystemsD.a(cspaceADCS.o)
                0x20014188                cspaceADCS_initialize
 .text.make_cspaceADCStransfer
                0x20014314      0x1b4 C:/HOOPOE3/satellite-subsystems/demo/..//satellite-subsystems/lib\libSatelliteSubsystemsD.a(cspaceADCS.o)
 .text.cspaceADCS_componentReset
                0x200144c8       0xbc C:/HOOPOE3/satellite-subsystems/demo/..//satellite-subsystems/lib\libSatelliteSubsystemsD.a(cspaceADCS.o)
                0x200144c8                cspaceADCS_componentReset
 .text.cspaceADCS_setRunMode
                0x20014584       0xbc C:/HOOPOE3/satellite-subsystems/demo/..//satellite-subsystems/lib\libSatelliteSubsystemsD.a(cspaceADCS.o)
                0x20014584                cspaceADCS_setRunMode
 .text.cspaceADCS_setPwrCtrlDevice
                0x20014640       0xd0 C:/HOOPOE3/satellite-subsystems/demo/..//satellite-subsystems/lib\libSatelliteSubsystemsD.a(cspaceADCS.o)
                0x20014640                cspaceADCS_setPwrCtrlDevice
 .text.cspaceADCS_setAttCtrlMode
                0x20014710       0xd0 C:/HOOPOE3/satellite-subsystems/demo/..//satellite-subsystems/lib\libSatelliteSubsystemsD.a(cspaceADCS.o)
                0x20014710                cspaceADCS_setAttCtrlMode
 .text.cspaceADCS_setAttEstMode
                0x200147e0       0xbc C:/HOOPOE3/satellite-subsystems/demo/..//satellite-subsystems/lib\libSatelliteSubsystemsD.a(cspaceADCS.o)
                0x200147e0                cspaceADCS_setAttEstMode
 .text.cspaceADCS_getCurrentState
                0x2001489c       0xc4 C:/HOOPOE3/satellite-subsystems/demo/..//satellite-subsystems/lib\libSatelliteSubsystemsD.a(cspaceADCS.o)
                0x2001489c                cspaceADCS_getCurrentState
 .text.cspaceADCS_getPwrCtrlDevice
                0x20014960       0xc4 C:/HOOPOE3/satellite-subsystems/demo/..//satellite-subsystems/lib\libSatelliteSubsystemsD.a(cspaceADCS.o)
                0x20014960                cspaceADCS_getPwrCtrlDevice
 .text.makeTRXCommonTransfer
                0x20014a24       0x34 C:/HOOPOE3/satellite-subsystems/demo/..//satellite-subsystems/lib\libSatelliteSubsystemsD.a(IsisTRXCommon.o)
 .text.IsisTrxCommon_componentReset
                0x20014a58       0x68 C:/HOOPOE3/satellite-subsystems/demo/..//satellite-subsystems/lib\libSatelliteSubsystemsD.a(IsisTRXCommon.o)
                0x20014a58                IsisTrxCommon_componentReset
 .text.IsisTrxCommon_TxSendAX25DefClSign
                0x20014ac0       0xf4 C:/HOOPOE3/satellite-subsystems/demo/..//satellite-subsystems/lib\libSatelliteSubsystemsD.a(IsisTRXCommon.o)
                0x20014ac0                IsisTrxCommon_TxSendAX25DefClSign
 .text.IsisTrxCommon_TxSetIdlestate
                0x20014bb4       0x78 C:/HOOPOE3/satellite-subsystems/demo/..//satellite-subsystems/lib\libSatelliteSubsystemsD.a(IsisTRXCommon.o)
                0x20014bb4                IsisTrxCommon_TxSetIdlestate
 .text.IsisTrxCommon_TxSetAx25Bitrate
                0x20014c2c       0x78 C:/HOOPOE3/satellite-subsystems/demo/..//satellite-subsystems/lib\libSatelliteSubsystemsD.a(IsisTRXCommon.o)
                0x20014c2c                IsisTrxCommon_TxSetAx25Bitrate
 .text.IsisTrxCommon_RxGetTelemetryAll_revC
                0x20014ca4       0x8c C:/HOOPOE3/satellite-subsystems/demo/..//satellite-subsystems/lib\libSatelliteSubsystemsD.a(IsisTRXCommon.o)
                0x20014ca4                IsisTrxCommon_RxGetTelemetryAll_revC
 .text.fn_init  0x20014d30      0x2e0 C:/HOOPOE3/satellite-subsystems/demo/../..//hal/hcc/lib\libHCCD.a(fat_common.o)
                0x20014d30                fn_init
 .text._f_get16bitl
                0x20015010       0x4c C:/HOOPOE3/satellite-subsystems/demo/../..//hal/hcc/lib\libHCCD.a(fat_common.o)
                0x20015010                _f_get16bitl
 .text._f_set16bitl
                0x2001505c       0x54 C:/HOOPOE3/satellite-subsystems/demo/../..//hal/hcc/lib\libHCCD.a(fat_common.o)
                0x2001505c                _f_set16bitl
 .text._f_get32bitl
                0x200150b0       0x68 C:/HOOPOE3/satellite-subsystems/demo/../..//hal/hcc/lib\libHCCD.a(fat_common.o)
                0x200150b0                _f_get32bitl
 .text._f_set32bitl
                0x20015118       0x78 C:/HOOPOE3/satellite-subsystems/demo/../..//hal/hcc/lib\libHCCD.a(fat_common.o)
                0x20015118                _f_set32bitl
 .text._get8bit
                0x20015190       0xa0 C:/HOOPOE3/satellite-subsystems/demo/../..//hal/hcc/lib\libHCCD.a(fat_common.o)
 .text._get16bitl
                0x20015230       0x40 C:/HOOPOE3/satellite-subsystems/demo/../..//hal/hcc/lib\libHCCD.a(fat_common.o)
 .text._get32bitl
                0x20015270       0x3c C:/HOOPOE3/satellite-subsystems/demo/../..//hal/hcc/lib\libHCCD.a(fat_common.o)
 .text._f_setcardremoved
                0x200152ac       0x94 C:/HOOPOE3/satellite-subsystems/demo/../..//hal/hcc/lib\libHCCD.a(fat_common.o)
 .text._f_checkstatus
                0x20015340      0x104 C:/HOOPOE3/satellite-subsystems/demo/../..//hal/hcc/lib\libHCCD.a(fat_common.o)
                0x20015340                _f_checkstatus
 .text._f_drvgetphy
                0x20015444      0x114 C:/HOOPOE3/satellite-subsystems/demo/../..//hal/hcc/lib\libHCCD.a(fat_common.o)
 .text._f_drvwritesector
                0x20015558       0xdc C:/HOOPOE3/satellite-subsystems/demo/../..//hal/hcc/lib\libHCCD.a(fat_common.o)
 .text._f_drvreadsector
                0x20015634       0xa8 C:/HOOPOE3/satellite-subsystems/demo/../..//hal/hcc/lib\libHCCD.a(fat_common.o)
 .text._f_writesector
                0x200156dc      0x23c C:/HOOPOE3/satellite-subsystems/demo/../..//hal/hcc/lib\libHCCD.a(fat_common.o)
                0x200156dc                _f_writesector
 .text._f_readsector
                0x20015918      0x1dc C:/HOOPOE3/satellite-subsystems/demo/../..//hal/hcc/lib\libHCCD.a(fat_common.o)
                0x20015918                _f_readsector
 .text._f_getmaxcluster
                0x20015af4       0x94 C:/HOOPOE3/satellite-subsystems/demo/../..//hal/hcc/lib\libHCCD.a(fat_common.o)
                0x20015af4                _f_getmaxcluster
 .text._getsectorfromcluster
                0x20015b88       0x68 C:/HOOPOE3/satellite-subsystems/demo/../..//hal/hcc/lib\libHCCD.a(fat_common.o)
 .text._f_buildsectors
                0x20015bf0      0x268 C:/HOOPOE3/satellite-subsystems/demo/../..//hal/hcc/lib\libHCCD.a(fat_common.o)
 .text._f_getbootrecord
                0x20015e58      0x5e4 C:/HOOPOE3/satellite-subsystems/demo/../..//hal/hcc/lib\libHCCD.a(fat_common.o)
 .text._f_readbootrecord
                0x2001643c      0x4f8 C:/HOOPOE3/satellite-subsystems/demo/../..//hal/hcc/lib\libHCCD.a(fat_common.o)
 .text._f_flushcffiles
                0x20016934      0x17c C:/HOOPOE3/satellite-subsystems/demo/../..//hal/hcc/lib\libHCCD.a(fat_common.o)
                0x20016934                _f_flushcffiles
 .text._f_fatcache_flush
                0x20016ab0      0x270 C:/HOOPOE3/satellite-subsystems/demo/../..//hal/hcc/lib\libHCCD.a(fat_common.o)
                0x20016ab0                _f_fatcache_flush
 .text._f_writefatsector
                0x20016d20      0x100 C:/HOOPOE3/satellite-subsystems/demo/../..//hal/hcc/lib\libHCCD.a(fat_common.o)
                0x20016d20                _f_writefatsector
 .text._f_getfatsector
                0x20016e20      0x3bc C:/HOOPOE3/satellite-subsystems/demo/../..//hal/hcc/lib\libHCCD.a(fat_common.o)
 .text._f_setclustervalue
                0x200171dc      0x490 C:/HOOPOE3/satellite-subsystems/demo/../..//hal/hcc/lib\libHCCD.a(fat_common.o)
                0x200171dc                _f_setclustervalue
 .text._f_getclustervalue
                0x2001766c      0x388 C:/HOOPOE3/satellite-subsystems/demo/../..//hal/hcc/lib\libHCCD.a(fat_common.o)
                0x2001766c                _f_getclustervalue
 .text._f_close_drive_files
                0x200179f4       0xac C:/HOOPOE3/satellite-subsystems/demo/../..//hal/hcc/lib\libHCCD.a(fat_common.o)
 .text._f_inc_mount_count
                0x20017aa0       0xa4 C:/HOOPOE3/satellite-subsystems/demo/../..//hal/hcc/lib\libHCCD.a(fat_common.o)
 .text._f_getvolume
                0x20017b44      0x2f8 C:/HOOPOE3/satellite-subsystems/demo/../..//hal/hcc/lib\libHCCD.a(fat_common.o)
                0x20017b44                _f_getvolume
 .text.fn_createdriver
                0x20017e3c      0x118 C:/HOOPOE3/satellite-subsystems/demo/../..//hal/hcc/lib\libHCCD.a(fat_common.o)
                0x20017e3c                fn_createdriver
 .text.fn_initvolume
                0x20017f54      0x12c C:/HOOPOE3/satellite-subsystems/demo/../..//hal/hcc/lib\libHCCD.a(fat_common.o)
                0x20017f54                fn_initvolume
 .text.fn_initvolumepartition_sub
                0x20018080       0xe0 C:/HOOPOE3/satellite-subsystems/demo/../..//hal/hcc/lib\libHCCD.a(fat_common.o)
 .text.fn_initvolumepartition
                0x20018160       0xac C:/HOOPOE3/satellite-subsystems/demo/../..//hal/hcc/lib\libHCCD.a(fat_common.o)
                0x20018160                fn_initvolumepartition
 .text._f_clustertopos
                0x2001820c       0xf8 C:/HOOPOE3/satellite-subsystems/demo/../..//hal/hcc/lib\libHCCD.a(fat_common.o)
                0x2001820c                _f_clustertopos
 .text._f_getcurrsector
                0x20018304      0x6c8 C:/HOOPOE3/satellite-subsystems/demo/../..//hal/hcc/lib\libHCCD.a(fat_common.o)
                0x20018304                _f_getcurrsector
 .text._f_getdecluster
                0x200189cc       0x90 C:/HOOPOE3/satellite-subsystems/demo/../..//hal/hcc/lib\libHCCD.a(fat_common.o)
                0x200189cc                _f_getdecluster
 .text._f_setdecluster
                0x20018a5c       0x8c C:/HOOPOE3/satellite-subsystems/demo/../..//hal/hcc/lib\libHCCD.a(fat_common.o)
                0x20018a5c                _f_setdecluster
 .text.fn_getdrive
                0x20018ae8       0x30 C:/HOOPOE3/satellite-subsystems/demo/../..//hal/hcc/lib\libHCCD.a(fat_common.o)
                0x20018ae8                fn_getdrive
 .text._f_getcurrenttimedate
                0x20018b18      0x138 C:/HOOPOE3/satellite-subsystems/demo/../..//hal/hcc/lib\libHCCD.a(fat_common.o)
                0x20018b18                _f_getcurrenttimedate
 .text._f_initentry
                0x20018c50       0xa0 C:/HOOPOE3/satellite-subsystems/demo/../..//hal/hcc/lib\libHCCD.a(fat_common.o)
                0x20018c50                _f_initentry
 .text._f_alloccluster
                0x20018cf0      0x344 C:/HOOPOE3/satellite-subsystems/demo/../..//hal/hcc/lib\libHCCD.a(fat_common.o)
                0x20018cf0                _f_alloccluster
 .text._f_dobadblock
                0x20019034      0x2cc C:/HOOPOE3/satellite-subsystems/demo/../..//hal/hcc/lib\libHCCD.a(fat_common.o)
                0x20019034                _f_dobadblock
 .text._f_checklocked
                0x20019300       0xe4 C:/HOOPOE3/satellite-subsystems/demo/../..//hal/hcc/lib\libHCCD.a(fat_common.o)
                0x20019300                _f_checklocked
 .text._f_checkappendlocked
                0x200193e4      0x110 C:/HOOPOE3/satellite-subsystems/demo/../..//hal/hcc/lib\libHCCD.a(fat_common.o)
                0x200193e4                _f_checkappendlocked
 .text._f_setsyncafile
                0x200194f4      0x114 C:/HOOPOE3/satellite-subsystems/demo/../..//hal/hcc/lib\libHCCD.a(fat_common.o)
                0x200194f4                _f_setsyncafile
 .text._f_syncfiles
                0x20019608      0x128 C:/HOOPOE3/satellite-subsystems/demo/../..//hal/hcc/lib\libHCCD.a(fat_common.o)
                0x20019608                _f_syncfiles
 .text._f_syncfilescontent
                0x20019730      0x15c C:/HOOPOE3/satellite-subsystems/demo/../..//hal/hcc/lib\libHCCD.a(fat_common.o)
 .text.fn_getfreespace
                0x2001988c      0x4c0 C:/HOOPOE3/satellite-subsystems/demo/../..//hal/hcc/lib\libHCCD.a(fat_common.o)
                0x2001988c                fn_getfreespace
 .text._f_emptywritecache
                0x20019d4c      0x4a4 C:/HOOPOE3/satellite-subsystems/demo/../..//hal/hcc/lib\libHCCD.a(fat_common.o)
 .text._f_allocnextcluster
                0x2001a1f0      0x54c C:/HOOPOE3/satellite-subsystems/demo/../..//hal/hcc/lib\libHCCD.a(fat_common.o)
 .text._f_emptywritebuffer
                0x2001a73c      0x20c C:/HOOPOE3/satellite-subsystems/demo/../..//hal/hcc/lib\libHCCD.a(fat_common.o)
 .text._f_writezeros
                0x2001a948       0xf0 C:/HOOPOE3/satellite-subsystems/demo/../..//hal/hcc/lib\libHCCD.a(fat_common.o)
                0x2001a948                _f_writezeros
 .text._f_extend_file
                0x2001aa38      0x570 C:/HOOPOE3/satellite-subsystems/demo/../..//hal/hcc/lib\libHCCD.a(fat_common.o)
 .text._f_fseek
                0x2001afa8      0x9bc C:/HOOPOE3/satellite-subsystems/demo/../..//hal/hcc/lib\libHCCD.a(fat_common.o)
                0x2001afa8                _f_fseek
 .text._f_removechain
                0x2001b964      0x104 C:/HOOPOE3/satellite-subsystems/demo/../..//hal/hcc/lib\libHCCD.a(fat_common.o)
                0x2001b964                _f_removechain
 .text._f_updatefileentry
                0x2001ba68      0x1cc C:/HOOPOE3/satellite-subsystems/demo/../..//hal/hcc/lib\libHCCD.a(fat_common.o)
 .text._f_checkreadlocked
                0x2001bc34      0x1bc C:/HOOPOE3/satellite-subsystems/demo/../..//hal/hcc/lib\libHCCD.a(fat_common.o)
                0x2001bc34                _f_checkreadlocked
 .text._f_check_handle
                0x2001bdf0       0x98 C:/HOOPOE3/satellite-subsystems/demo/../..//hal/hcc/lib\libHCCD.a(fat_common.o)
                0x2001bdf0                _f_check_handle
 .text._f_removesyncafile
                0x2001be88      0x1ec C:/HOOPOE3/satellite-subsystems/demo/../..//hal/hcc/lib\libHCCD.a(fat_common.o)
 .text.fn_close
                0x2001c074      0x3f8 C:/HOOPOE3/satellite-subsystems/demo/../..//hal/hcc/lib\libHCCD.a(fat_common.o)
                0x2001c074                fn_close
 .text.fn_flush
                0x2001c46c      0x374 C:/HOOPOE3/satellite-subsystems/demo/../..//hal/hcc/lib\libHCCD.a(fat_common.o)
                0x2001c46c                fn_flush
 .text.fn_read  0x2001c7e0      0x690 C:/HOOPOE3/satellite-subsystems/demo/../..//hal/hcc/lib\libHCCD.a(fat_common.o)
                0x2001c7e0                fn_read
 .text._f_abortwrite
                0x2001ce70      0x100 C:/HOOPOE3/satellite-subsystems/demo/../..//hal/hcc/lib\libHCCD.a(fat_common.o)
 .text._f_checkwritecluster
                0x2001cf70       0xe4 C:/HOOPOE3/satellite-subsystems/demo/../..//hal/hcc/lib\libHCCD.a(fat_common.o)
 .text.fn_write
                0x2001d054      0x8a8 C:/HOOPOE3/satellite-subsystems/demo/../..//hal/hcc/lib\libHCCD.a(fat_common.o)
                0x2001d054                fn_write
 .text.fn_seek  0x2001d8fc      0x270 C:/HOOPOE3/satellite-subsystems/demo/../..//hal/hcc/lib\libHCCD.a(fat_common.o)
                0x2001d8fc                fn_seek
 .text.f_enterFS
                0x2001db6c      0x1c0 C:/HOOPOE3/satellite-subsystems/demo/../..//hal/hcc/lib\libHCCD.a(fat_common.o)
                0x2001db6c                f_enterFS
 .text.f_releaseFS
                0x2001dd2c       0xb0 C:/HOOPOE3/satellite-subsystems/demo/../..//hal/hcc/lib\libHCCD.a(fat_common.o)
                0x2001dd2c                f_releaseFS
 .text.fnGetTask
                0x2001dddc       0xfc C:/HOOPOE3/satellite-subsystems/demo/../..//hal/hcc/lib\libHCCD.a(fat_common.o)
                0x2001dddc                fnGetTask
 .text._f_mutex_get
                0x2001ded8       0x98 C:/HOOPOE3/satellite-subsystems/demo/../..//hal/hcc/lib\libHCCD.a(fat_common.o)
                0x2001ded8                _f_mutex_get
 .text._f_mutex_put
                0x2001df70       0x54 C:/HOOPOE3/satellite-subsystems/demo/../..//hal/hcc/lib\libHCCD.a(fat_common.o)
                0x2001df70                _f_mutex_put
 .text._fn_initseekdivisor
                0x2001dfc4      0x158 C:/HOOPOE3/satellite-subsystems/demo/../..//hal/hcc/lib\libHCCD.a(fat_common.o)
                0x2001dfc4                _fn_initseekdivisor
 .text._fn_updateseekpos
                0x2001e11c       0xc4 C:/HOOPOE3/satellite-subsystems/demo/../..//hal/hcc/lib\libHCCD.a(fat_common.o)
 .text._f_findopensize
                0x2001e1e0       0x2c C:/HOOPOE3/satellite-subsystems/demo/../..//hal/hcc/lib\libHCCD.a(fat_common.o)
                0x2001e1e0                _f_findopensize
 .text.fn_setlasterror
                0x2001e20c       0x34 C:/HOOPOE3/satellite-subsystems/demo/../..//hal/hcc/lib\libHCCD.a(fat_common.o)
                0x2001e20c                fn_setlasterror
 .text.fn_setlasterror_noret
                0x2001e240       0x2c C:/HOOPOE3/satellite-subsystems/demo/../..//hal/hcc/lib\libHCCD.a(fat_common.o)
                0x2001e240                fn_setlasterror_noret
 .text.fm_initvolume
                0x2001e26c       0x70 C:/HOOPOE3/satellite-subsystems/demo/../..//hal/hcc/lib\libHCCD.a(fat_m.o)
                0x2001e26c                fm_initvolume
 .text.fm_getdrive
                0x2001e2dc       0x70 C:/HOOPOE3/satellite-subsystems/demo/../..//hal/hcc/lib\libHCCD.a(fat_m.o)
                0x2001e2dc                fm_getdrive
 .text.fm_getfreespace
                0x2001e34c       0x68 C:/HOOPOE3/satellite-subsystems/demo/../..//hal/hcc/lib\libHCCD.a(fat_m.o)
                0x2001e34c                fm_getfreespace
 .text.fm_findfirst
                0x2001e3b4       0x68 C:/HOOPOE3/satellite-subsystems/demo/../..//hal/hcc/lib\libHCCD.a(fat_m.o)
                0x2001e3b4                fm_findfirst
 .text.fm_findnext
                0x2001e41c       0x60 C:/HOOPOE3/satellite-subsystems/demo/../..//hal/hcc/lib\libHCCD.a(fat_m.o)
                0x2001e41c                fm_findnext
 .text.fm_filelength
                0x2001e47c       0x60 C:/HOOPOE3/satellite-subsystems/demo/../..//hal/hcc/lib\libHCCD.a(fat_m.o)
                0x2001e47c                fm_filelength
 .text.fm_close
                0x2001e4dc       0x60 C:/HOOPOE3/satellite-subsystems/demo/../..//hal/hcc/lib\libHCCD.a(fat_m.o)
                0x2001e4dc                fm_close
 .text.fm_flush
                0x2001e53c       0x60 C:/HOOPOE3/satellite-subsystems/demo/../..//hal/hcc/lib\libHCCD.a(fat_m.o)
                0x2001e53c                fm_flush
 .text.fm_open  0x2001e59c       0x68 C:/HOOPOE3/satellite-subsystems/demo/../..//hal/hcc/lib\libHCCD.a(fat_m.o)
                0x2001e59c                fm_open
 .text.fm_read  0x2001e604       0x7c C:/HOOPOE3/satellite-subsystems/demo/../..//hal/hcc/lib\libHCCD.a(fat_m.o)
                0x2001e604                fm_read
 .text.fm_write
                0x2001e680       0x7c C:/HOOPOE3/satellite-subsystems/demo/../..//hal/hcc/lib\libHCCD.a(fat_m.o)
                0x2001e680                fm_write
 .text.fm_seek  0x2001e6fc       0x70 C:/HOOPOE3/satellite-subsystems/demo/../..//hal/hcc/lib\libHCCD.a(fat_m.o)
                0x2001e6fc                fm_seek
 .text.fm_delete
                0x2001e76c       0x64 C:/HOOPOE3/satellite-subsystems/demo/../..//hal/hcc/lib\libHCCD.a(fat_m.o)
                0x2001e76c                fm_delete
 .text._s_checkzeroclusteratend
                0x2001e7d0       0xf8 C:/HOOPOE3/satellite-subsystems/demo/../..//hal/hcc/lib\libHCCD.a(safefat.o)
 .text._s_clearclustercontent
                0x2001e8c8      0x108 C:/HOOPOE3/satellite-subsystems/demo/../..//hal/hcc/lib\libHCCD.a(safefat.o)
 .text._s_clearclustercontentdir
                0x2001e9d0      0x19c C:/HOOPOE3/satellite-subsystems/demo/../..//hal/hcc/lib\libHCCD.a(safefat.o)
 .text._s_writedirsector
                0x2001eb6c       0xd0 C:/HOOPOE3/satellite-subsystems/demo/../..//hal/hcc/lib\libHCCD.a(safefat.o)
 .text._s_getdirsector
                0x2001ec3c      0x100 C:/HOOPOE3/satellite-subsystems/demo/../..//hal/hcc/lib\libHCCD.a(safefat.o)
 .text._s_addentry
                0x2001ed3c      0x394 C:/HOOPOE3/satellite-subsystems/demo/../..//hal/hcc/lib\libHCCD.a(safefat.o)
 .text._s_findfile
                0x2001f0d0      0x33c C:/HOOPOE3/satellite-subsystems/demo/../..//hal/hcc/lib\libHCCD.a(safefat.o)
 .text._s_findsubdir
                0x2001f40c      0x248 C:/HOOPOE3/satellite-subsystems/demo/../..//hal/hcc/lib\libHCCD.a(safefat.o)
 .text._s_createfile
                0x2001f654      0x190 C:/HOOPOE3/satellite-subsystems/demo/../..//hal/hcc/lib\libHCCD.a(safefat.o)
 .text._s_findsaffile
                0x2001f7e4      0x1b8 C:/HOOPOE3/satellite-subsystems/demo/../..//hal/hcc/lib\libHCCD.a(safefat.o)
 .text._s_open  0x2001f99c       0xe4 C:/HOOPOE3/satellite-subsystems/demo/../..//hal/hcc/lib\libHCCD.a(safefat.o)
 .text._s_open_saf
                0x2001fa80       0xe8 C:/HOOPOE3/satellite-subsystems/demo/../..//hal/hcc/lib\libHCCD.a(safefat.o)
 .text._s_flush
                0x2001fb68       0x84 C:/HOOPOE3/satellite-subsystems/demo/../..//hal/hcc/lib\libHCCD.a(safefat.o)
 .text._s_allocnextcluster
                0x2001fbec      0x13c C:/HOOPOE3/satellite-subsystems/demo/../..//hal/hcc/lib\libHCCD.a(safefat.o)
 .text._s_getnextsector
                0x2001fd28       0xdc C:/HOOPOE3/satellite-subsystems/demo/../..//hal/hcc/lib\libHCCD.a(safefat.o)
 .text._s_seek  0x2001fe04      0x1e8 C:/HOOPOE3/satellite-subsystems/demo/../..//hal/hcc/lib\libHCCD.a(safefat.o)
 .text._s_read  0x2001ffec      0x228 C:/HOOPOE3/satellite-subsystems/demo/../..//hal/hcc/lib\libHCCD.a(safefat.o)
 .text._s_write
                0x20020214      0x384 C:/HOOPOE3/satellite-subsystems/demo/../..//hal/hcc/lib\libHCCD.a(safefat.o)
 .text._s_restoreclusters
                0x20020598      0x270 C:/HOOPOE3/satellite-subsystems/demo/../..//hal/hcc/lib\libHCCD.a(safefat.o)
                0x20020598                _s_restoreclusters
 .text._s_findrestore
                0x20020808      0x18c C:/HOOPOE3/satellite-subsystems/demo/../..//hal/hcc/lib\libHCCD.a(safefat.o)
 .text._s_cmd_writede
                0x20020994       0xd8 C:/HOOPOE3/satellite-subsystems/demo/../..//hal/hcc/lib\libHCCD.a(safefat.o)
 .text._s_cmd_setcluster
                0x20020a6c       0x88 C:/HOOPOE3/satellite-subsystems/demo/../..//hal/hcc/lib\libHCCD.a(safefat.o)
 .text._s_cmd_deletechain
                0x20020af4      0x100 C:/HOOPOE3/satellite-subsystems/demo/../..//hal/hcc/lib\libHCCD.a(safefat.o)
 .text._s_cmd_validatecfn
                0x20020bf4      0x308 C:/HOOPOE3/satellite-subsystems/demo/../..//hal/hcc/lib\libHCCD.a(safefat.o)
 .text._s_cmd_seteof
                0x20020efc      0x3c4 C:/HOOPOE3/satellite-subsystems/demo/../..//hal/hcc/lib\libHCCD.a(safefat.o)
 .text.safe_docommands
                0x200212c0      0x56c C:/HOOPOE3/satellite-subsystems/demo/../..//hal/hcc/lib\libHCCD.a(safefat.o)
                0x200212c0                safe_docommands
 .text.safe_entercommand
                0x2002182c       0x68 C:/HOOPOE3/satellite-subsystems/demo/../..//hal/hcc/lib\libHCCD.a(safefat.o)
                0x2002182c                safe_entercommand
 .text.safe_ready
                0x20021894       0xf4 C:/HOOPOE3/satellite-subsystems/demo/../..//hal/hcc/lib\libHCCD.a(safefat.o)
                0x20021894                safe_ready
 .text.safe_copycfn
                0x20021988       0xb8 C:/HOOPOE3/satellite-subsystems/demo/../..//hal/hcc/lib\libHCCD.a(safefat.o)
                0x20021988                safe_copycfn
 .text.safe_cfremove
                0x20021a40       0xb8 C:/HOOPOE3/satellite-subsystems/demo/../..//hal/hcc/lib\libHCCD.a(safefat.o)
                0x20021a40                safe_cfremove
 .text.safe_writede
                0x20021af8      0x104 C:/HOOPOE3/satellite-subsystems/demo/../..//hal/hcc/lib\libHCCD.a(safefat.o)
                0x20021af8                safe_writede
 .text.safe_setcluster
                0x20021bfc       0xcc C:/HOOPOE3/satellite-subsystems/demo/../..//hal/hcc/lib\libHCCD.a(safefat.o)
                0x20021bfc                safe_setcluster
 .text.safe_deletechain
                0x20021cc8      0x1c8 C:/HOOPOE3/satellite-subsystems/demo/../..//hal/hcc/lib\libHCCD.a(safefat.o)
                0x20021cc8                safe_deletechain
 .text.safe_cfclose
                0x20021e90      0x104 C:/HOOPOE3/satellite-subsystems/demo/../..//hal/hcc/lib\libHCCD.a(safefat.o)
                0x20021e90                safe_cfclose
 .text.safe_cfflush
                0x20021f94      0x124 C:/HOOPOE3/satellite-subsystems/demo/../..//hal/hcc/lib\libHCCD.a(safefat.o)
                0x20021f94                safe_cfflush
 .text.safe_reset
                0x200220b8       0x78 C:/HOOPOE3/satellite-subsystems/demo/../..//hal/hcc/lib\libHCCD.a(safefat.o)
                0x200220b8                safe_reset
 .text.safe_loadcommands
                0x20022130       0x78 C:/HOOPOE3/satellite-subsystems/demo/../..//hal/hcc/lib\libHCCD.a(safefat.o)
                0x20022130                safe_loadcommands
 .text.safe_poweron
                0x200221a8      0x1fc C:/HOOPOE3/satellite-subsystems/demo/../..//hal/hcc/lib\libHCCD.a(safefat.o)
                0x200221a8                safe_poweron
 .text.cf_getname
                0x200223a4       0xc0 C:/HOOPOE3/satellite-subsystems/demo/../..//hal/hcc/lib\libHCCD.a(safefat.o)
 .text.cf_copyclusterchain
                0x20022464      0x138 C:/HOOPOE3/satellite-subsystems/demo/../..//hal/hcc/lib\libHCCD.a(safefat.o)
 .text.cf_seektozero
                0x2002259c       0x94 C:/HOOPOE3/satellite-subsystems/demo/../..//hal/hcc/lib\libHCCD.a(safefat.o)
                0x2002259c                cf_seektozero
 .text.cf_create
                0x20022630      0x3a8 C:/HOOPOE3/satellite-subsystems/demo/../..//hal/hcc/lib\libHCCD.a(safefat.o)
                0x20022630                cf_create
 .text.cf_copyclustercontent
                0x200229d8      0x128 C:/HOOPOE3/satellite-subsystems/demo/../..//hal/hcc/lib\libHCCD.a(safefat.o)
                0x200229d8                cf_copyclustercontent
 .text.cf_copycfn
                0x20022b00      0x4bc C:/HOOPOE3/satellite-subsystems/demo/../..//hal/hcc/lib\libHCCD.a(safefat.o)
                0x20022b00                cf_copycfn
 .text.cf_remove
                0x20022fbc      0x344 C:/HOOPOE3/satellite-subsystems/demo/../..//hal/hcc/lib\libHCCD.a(safefat.o)
                0x20022fbc                cf_remove
 .text.cf_setclusternew
                0x20023300       0xf0 C:/HOOPOE3/satellite-subsystems/demo/../..//hal/hcc/lib\libHCCD.a(safefat.o)
                0x20023300                cf_setclusternew
 .text.cf_flush
                0x200233f0       0x58 C:/HOOPOE3/satellite-subsystems/demo/../..//hal/hcc/lib\libHCCD.a(safefat.o)
                0x200233f0                cf_flush
 .text.cf_getcluster
                0x20023448      0x1b4 C:/HOOPOE3/satellite-subsystems/demo/../..//hal/hcc/lib\libHCCD.a(safefat.o)
                0x20023448                cf_getcluster
 .text.cf_setnextcluster
                0x200235fc      0x194 C:/HOOPOE3/satellite-subsystems/demo/../..//hal/hcc/lib\libHCCD.a(safefat.o)
                0x200235fc                cf_setnextcluster
 .text.cf_getpositions
                0x20023790       0xbc C:/HOOPOE3/satellite-subsystems/demo/../..//hal/hcc/lib\libHCCD.a(safefat.o)
                0x20023790                cf_getpositions
 .text.cf_setpositions
                0x2002384c       0xb0 C:/HOOPOE3/satellite-subsystems/demo/../..//hal/hcc/lib\libHCCD.a(safefat.o)
                0x2002384c                cf_setpositions
 .text.cf_opensyncafile
                0x200238fc      0x150 C:/HOOPOE3/satellite-subsystems/demo/../..//hal/hcc/lib\libHCCD.a(safefat.o)
                0x200238fc                cf_opensyncafile
 .text.cf_reloadcfo
                0x20023a4c       0xd8 C:/HOOPOE3/satellite-subsystems/demo/../..//hal/hcc/lib\libHCCD.a(safefat.o)
                0x20023a4c                cf_reloadcfo
 .text.mcipdc_cmd
                0x20023b24      0x22c C:/HOOPOE3/satellite-subsystems/demo/../..//hal/hcc/lib\libHCCD.a(atmel_mcipdc.o)
 .text.mcipdc_stop
                0x20023d50       0xfc C:/HOOPOE3/satellite-subsystems/demo/../..//hal/hcc/lib\libHCCD.a(atmel_mcipdc.o)
                0x20023d50                mcipdc_stop
 .text.mcipdc_read
                0x20023e4c      0x27c C:/HOOPOE3/satellite-subsystems/demo/../..//hal/hcc/lib\libHCCD.a(atmel_mcipdc.o)
 .text.mcipdc_write
                0x200240c8      0x298 C:/HOOPOE3/satellite-subsystems/demo/../..//hal/hcc/lib\libHCCD.a(atmel_mcipdc.o)
 .text.mcipdc_readsector
                0x20024360       0x9c C:/HOOPOE3/satellite-subsystems/demo/../..//hal/hcc/lib\libHCCD.a(atmel_mcipdc.o)
                0x20024360                mcipdc_readsector
 .text.mcipdc_readmultiplesector
                0x200243fc      0x124 C:/HOOPOE3/satellite-subsystems/demo/../..//hal/hcc/lib\libHCCD.a(atmel_mcipdc.o)
                0x200243fc                mcipdc_readmultiplesector
 .text.mcipdc_writesector
                0x20024520       0x90 C:/HOOPOE3/satellite-subsystems/demo/../..//hal/hcc/lib\libHCCD.a(atmel_mcipdc.o)
                0x20024520                mcipdc_writesector
 .text.mcipdc_writemultiplesector
                0x200245b0      0x120 C:/HOOPOE3/satellite-subsystems/demo/../..//hal/hcc/lib\libHCCD.a(atmel_mcipdc.o)
                0x200245b0                mcipdc_writemultiplesector
 .text.mcipdc_set_speed
                0x200246d0       0xb0 C:/HOOPOE3/satellite-subsystems/demo/../..//hal/hcc/lib\libHCCD.a(atmel_mcipdc.o)
 .text.mcipdc_get_speed
                0x20024780       0x48 C:/HOOPOE3/satellite-subsystems/demo/../..//hal/hcc/lib\libHCCD.a(atmel_mcipdc.o)
 .text._get_csd_bits
                0x200247c8      0x14c C:/HOOPOE3/satellite-subsystems/demo/../..//hal/hcc/lib\libHCCD.a(atmel_mcipdc.o)
 .text.mcipdc_initcard
                0x20024914      0x8f4 C:/HOOPOE3/satellite-subsystems/demo/../..//hal/hcc/lib\libHCCD.a(atmel_mcipdc.o)
 .text.mcipdc_getstatus
                0x20025208       0xe8 C:/HOOPOE3/satellite-subsystems/demo/../..//hal/hcc/lib\libHCCD.a(atmel_mcipdc.o)
 .text.mcipdc_getphy
                0x200252f0       0x90 C:/HOOPOE3/satellite-subsystems/demo/../..//hal/hcc/lib\libHCCD.a(atmel_mcipdc.o)
 .text.mcipdc_release
                0x20025380       0x50 C:/HOOPOE3/satellite-subsystems/demo/../..//hal/hcc/lib\libHCCD.a(atmel_mcipdc.o)
 .text.atmel_mcipdc_initfunc
                0x200253d0      0x160 C:/HOOPOE3/satellite-subsystems/demo/../..//hal/hcc/lib\libHCCD.a(atmel_mcipdc.o)
                0x200253d0                atmel_mcipdc_initfunc
 .text.oal_mutex_create
                0x20025530       0x54 C:/HOOPOE3/satellite-subsystems/demo/../..//hal/hcc/lib\libHCCD.a(oalp_mutex.o)
                0x20025530                oal_mutex_create
 .text.oal_mutex_delete
                0x20025584       0x30 C:/HOOPOE3/satellite-subsystems/demo/../..//hal/hcc/lib\libHCCD.a(oalp_mutex.o)
                0x20025584                oal_mutex_delete
 .text.oal_mutex_get
                0x200255b4       0x58 C:/HOOPOE3/satellite-subsystems/demo/../..//hal/hcc/lib\libHCCD.a(oalp_mutex.o)
                0x200255b4                oal_mutex_get
 .text.oal_mutex_put
                0x2002560c       0x58 C:/HOOPOE3/satellite-subsystems/demo/../..//hal/hcc/lib\libHCCD.a(oalp_mutex.o)
                0x2002560c                oal_mutex_put
 .text.oal_task_get_id
                0x20025664       0x18 C:/HOOPOE3/satellite-subsystems/demo/../..//hal/hcc/lib\libHCCD.a(oalp_task.o)
                0x20025664                oal_task_get_id
 .text.mcipdc_hw_init
                0x2002567c       0xe8 C:/HOOPOE3/satellite-subsystems/demo/../..//hal/hcc/lib\libHCCD.a(atmel_mcipdc_hw.o)
                0x2002567c                mcipdc_hw_init
 .text.mcipdc_hw_delete
                0x20025764       0x78 C:/HOOPOE3/satellite-subsystems/demo/../..//hal/hcc/lib\libHCCD.a(atmel_mcipdc_hw.o)
                0x20025764                mcipdc_hw_delete
 .text.mcipdc_hw_card_plugged
                0x200257dc       0x1c C:/HOOPOE3/satellite-subsystems/demo/../..//hal/hcc/lib\libHCCD.a(atmel_mcipdc_hw.o)
                0x200257dc                mcipdc_hw_card_plugged
 .text.mcipdc_hw_card_writeprotect
                0x200257f8       0x1c C:/HOOPOE3/satellite-subsystems/demo/../..//hal/hcc/lib\libHCCD.a(atmel_mcipdc_hw.o)
                0x200257f8                mcipdc_hw_card_writeprotect
 .text.psp_getcurrenttimedate
                0x20025814       0x8c C:/HOOPOE3/satellite-subsystems/demo/../..//hal/hcc/lib\libHCCD.a(psp_rtc.o)
                0x20025814                psp_getcurrenttimedate
 .text._hcc_get_buf_dsc
                0x200258a0       0x8c C:/HOOPOE3/satellite-subsystems/demo/../..//hal/hcc/lib\libHCCD.a(hcc_mem.o)
 .text._hcc_check_free_pages
                0x2002592c      0x18c C:/HOOPOE3/satellite-subsystems/demo/../..//hal/hcc/lib\libHCCD.a(hcc_mem.o)
 .text._hcc_mark_pages
                0x20025ab8      0x158 C:/HOOPOE3/satellite-subsystems/demo/../..//hal/hcc/lib\libHCCD.a(hcc_mem.o)
 .text._hcc_clear_lock_dsc
                0x20025c10       0x80 C:/HOOPOE3/satellite-subsystems/demo/../..//hal/hcc/lib\libHCCD.a(hcc_mem.o)
 .text._hcc_lock_access
                0x20025c90      0x128 C:/HOOPOE3/satellite-subsystems/demo/../..//hal/hcc/lib\libHCCD.a(hcc_mem.o)
 .text._hcc_unlock_access
                0x20025db8       0x30 C:/HOOPOE3/satellite-subsystems/demo/../..//hal/hcc/lib\libHCCD.a(hcc_mem.o)
 .text.hcc_mem_alloc
                0x20025de8      0x454 C:/HOOPOE3/satellite-subsystems/demo/../..//hal/hcc/lib\libHCCD.a(hcc_mem.o)
                0x20025de8                hcc_mem_alloc
 .text.hcc_mem_free
                0x2002623c      0x178 C:/HOOPOE3/satellite-subsystems/demo/../..//hal/hcc/lib\libHCCD.a(hcc_mem.o)
                0x2002623c                hcc_mem_free
 .text.hcc_mem_add
                0x200263b4      0x3b0 C:/HOOPOE3/satellite-subsystems/demo/../..//hal/hcc/lib\libHCCD.a(hcc_mem.o)
                0x200263b4                hcc_mem_add
 .text.hcc_mem_init
                0x20026764      0x164 C:/HOOPOE3/satellite-subsystems/demo/../..//hal/hcc/lib\libHCCD.a(hcc_mem.o)
                0x20026764                hcc_mem_init
 .text._f_invalidatedir
                0x200268c8       0x28 C:/HOOPOE3/satellite-subsystems/demo/../..//hal/hcc/lib\libHCCD.a(fat.o)
                0x200268c8                _f_invalidatedir
 .text._f_getdirsector
                0x200268f0       0x88 C:/HOOPOE3/satellite-subsystems/demo/../..//hal/hcc/lib\libHCCD.a(fat.o)
                0x200268f0                _f_getdirsector
 .text._f_writedirsector
                0x20026978       0x74 C:/HOOPOE3/satellite-subsystems/demo/../..//hal/hcc/lib\libHCCD.a(fat.o)
                0x20026978                _f_writedirsector
 .text._f_checknameinv
                0x200269ec      0x180 C:/HOOPOE3/satellite-subsystems/demo/../..//hal/hcc/lib\libHCCD.a(fat.o)
 .text._f_checkname
                0x20026b6c       0x7c C:/HOOPOE3/satellite-subsystems/demo/../..//hal/hcc/lib\libHCCD.a(fat.o)
 .text._f_checknamewc
                0x20026be8       0xf8 C:/HOOPOE3/satellite-subsystems/demo/../..//hal/hcc/lib\libHCCD.a(fat.o)
 .text._f_setnameext
                0x20026ce0      0x300 C:/HOOPOE3/satellite-subsystems/demo/../..//hal/hcc/lib\libHCCD.a(fat.o)
 .text._f_setfsname
                0x20026fe0      0x584 C:/HOOPOE3/satellite-subsystems/demo/../..//hal/hcc/lib\libHCCD.a(fat.o)
 .text._f_findfile
                0x20027564      0x30c C:/HOOPOE3/satellite-subsystems/demo/../..//hal/hcc/lib\libHCCD.a(fat.o)
 .text._f_cmp_wname
                0x20027870      0x274 C:/HOOPOE3/satellite-subsystems/demo/../..//hal/hcc/lib\libHCCD.a(fat.o)
 .text._f_to_string
                0x20027ae4      0x130 C:/HOOPOE3/satellite-subsystems/demo/../..//hal/hcc/lib\libHCCD.a(fat.o)
 .text._f_findfilewc
                0x20027c14      0x278 C:/HOOPOE3/satellite-subsystems/demo/../..//hal/hcc/lib\libHCCD.a(fat.o)
 .text._f_getfilename
                0x20027e8c      0x20c C:/HOOPOE3/satellite-subsystems/demo/../..//hal/hcc/lib\libHCCD.a(fat.o)
 .text._f_findpath
                0x20028098      0x35c C:/HOOPOE3/satellite-subsystems/demo/../..//hal/hcc/lib\libHCCD.a(fat.o)
 .text.fn_getdcwd
                0x200283f4      0x1e0 C:/HOOPOE3/satellite-subsystems/demo/../..//hal/hcc/lib\libHCCD.a(fat.o)
                0x200283f4                fn_getdcwd
 .text.fn_findfirst
                0x200285d4      0x13c C:/HOOPOE3/satellite-subsystems/demo/../..//hal/hcc/lib\libHCCD.a(fat.o)
                0x200285d4                fn_findfirst
 .text.fn_findnext
                0x20028710      0x360 C:/HOOPOE3/satellite-subsystems/demo/../..//hal/hcc/lib\libHCCD.a(fat.o)
                0x20028710                fn_findnext
 .text._f_lock_resfile
                0x20028a70       0x6c C:/HOOPOE3/satellite-subsystems/demo/../..//hal/hcc/lib\libHCCD.a(fat.o)
 .text._f_unlock_resfile
                0x20028adc       0x40 C:/HOOPOE3/satellite-subsystems/demo/../..//hal/hcc/lib\libHCCD.a(fat.o)
 .text._f_getintfile
                0x20028b1c      0x124 C:/HOOPOE3/satellite-subsystems/demo/../..//hal/hcc/lib\libHCCD.a(fat.o)
 .text._f_addentry
                0x20028c40      0x540 C:/HOOPOE3/satellite-subsystems/demo/../..//hal/hcc/lib\libHCCD.a(fat.o)
 .text.fn_filelength
                0x20029180      0x1cc C:/HOOPOE3/satellite-subsystems/demo/../..//hal/hcc/lib\libHCCD.a(fat.o)
                0x20029180                fn_filelength
 .text.fn_open_sub
                0x2002934c     0x1698 C:/HOOPOE3/satellite-subsystems/demo/../..//hal/hcc/lib\libHCCD.a(fat.o)
 .text.fn_open  0x2002a9e4       0x44 C:/HOOPOE3/satellite-subsystems/demo/../..//hal/hcc/lib\libHCCD.a(fat.o)
                0x2002a9e4                fn_open
 .text.fn_delete
                0x2002aa28      0x490 C:/HOOPOE3/satellite-subsystems/demo/../..//hal/hcc/lib\libHCCD.a(fat.o)
                0x2002aa28                fn_delete
 .text.hcc_mem_buf_alloc
                0x2002aeb8       0xe4 C:/HOOPOE3/satellite-subsystems/demo/../..//hal/hcc/lib\libHCCD.a(psp_hcc_mem.o)
                0x2002aeb8                hcc_mem_buf_alloc
 .text.validateTransferParameters
                0x2002af9c      0x10c C:/HOOPOE3/satellite-subsystems/demo/../..//hal/hal/lib\libHALD.a(I2C.o)
 .text.I2C_queueTransfer
                0x2002b0a8       0xe8 C:/HOOPOE3/satellite-subsystems/demo/../..//hal/hal/lib\libHALD.a(I2C.o)
                0x2002b0a8                I2C_queueTransfer
 .text.I2C_internalCallback
                0x2002b190       0x64 C:/HOOPOE3/satellite-subsystems/demo/../..//hal/hal/lib\libHALD.a(I2C.o)
 .text.I2C_doBlockingTransfer
                0x2002b1f4      0x160 C:/HOOPOE3/satellite-subsystems/demo/../..//hal/hal/lib\libHALD.a(I2C.o)
 .text.I2C_write
                0x2002b354      0x110 C:/HOOPOE3/satellite-subsystems/demo/../..//hal/hal/lib\libHALD.a(I2C.o)
                0x2002b354                I2C_write
 .text.I2C_writeRead
                0x2002b464      0x180 C:/HOOPOE3/satellite-subsystems/demo/../..//hal/hal/lib\libHALD.a(I2C.o)
                0x2002b464                I2C_writeRead
 .text.I2C_start
                0x2002b5e4      0x2e8 C:/HOOPOE3/satellite-subsystems/demo/../..//hal/hal/lib\libHALD.a(I2C.o)
                0x2002b5e4                I2C_start
 .text.I2C_stop
                0x2002b8cc      0x184 C:/HOOPOE3/satellite-subsystems/demo/../..//hal/hal/lib\libHALD.a(I2C.o)
                0x2002b8cc                I2C_stop
 .text.I2C_setTransferTimeout
                0x2002ba50       0x48 C:/HOOPOE3/satellite-subsystems/demo/../..//hal/hal/lib\libHALD.a(I2C.o)
                0x2002ba50                I2C_setTransferTimeout
 .text.clearPDCtransfers
                0x2002ba98       0xdc C:/HOOPOE3/satellite-subsystems/demo/../..//hal/hal/lib\libHALD.a(SPI.o)
 .text.SPI_start
                0x2002bb74      0x4c0 C:/HOOPOE3/satellite-subsystems/demo/../..//hal/hal/lib\libHALD.a(SPI.o)
                0x2002bb74                SPI_start
 .text.SPI_stop
                0x2002c034      0x22c C:/HOOPOE3/satellite-subsystems/demo/../..//hal/hal/lib\libHALD.a(SPI.o)
                0x2002c034                SPI_stop
 .text.SPI_queueTransfer
                0x2002c260      0x190 C:/HOOPOE3/satellite-subsystems/demo/../..//hal/hal/lib\libHALD.a(SPI.o)
                0x2002c260                SPI_queueTransfer
 .text.SPI_internalCallback
                0x2002c3f0       0x64 C:/HOOPOE3/satellite-subsystems/demo/../..//hal/hal/lib\libHALD.a(SPI.o)
 .text.SPI_writeRead
                0x2002c454      0x188 C:/HOOPOE3/satellite-subsystems/demo/../..//hal/hal/lib\libHALD.a(SPI.o)
                0x2002c454                SPI_writeRead
 .text.waitForTransfer
                0x2002c5dc       0x68 C:/HOOPOE3/satellite-subsystems/demo/../..//hal/hal/lib\libHALD.a(SPI.o)
 .text.SPI_getDriverState
                0x2002c644       0x58 C:/HOOPOE3/satellite-subsystems/demo/../..//hal/hal/lib\libHALD.a(SPI.o)
                0x2002c644                SPI_getDriverState
 .text.FRAM_start