Archive member included because of file (symbol)

c:/isis/application/toolchain/bin/../lib/gcc/arm-none-eabi/4.7.4/../../../../arm-none-eabi/lib\libc_s.a(lib_a-vfprintf_float.o)
                              (_printf_float)
c:/isis/application/toolchain/bin/../lib/gcc/arm-none-eabi/4.7.4/../../../../arm-none-eabi/lib\libc_s.a(lib_a-vfprintf_i.o)
                              c:/isis/application/toolchain/bin/../lib/gcc/arm-none-eabi/4.7.4/../../../../arm-none-eabi/lib\libc_s.a(lib_a-vfprintf_float.o) (_printf_common)
c:/isis/application/toolchain/bin/../lib/gcc/arm-none-eabi/4.7.4/../../../../arm-none-eabi/lib\libc_s.a(lib_a-vfscanf_float.o)
                              (_scanf_float)
c:/isis/application/toolchain/bin/../lib/gcc/arm-none-eabi/4.7.4/../../../../arm-none-eabi/lib\libc_s.a(lib_a-dtoa.o)
                              c:/isis/application/toolchain/bin/../lib/gcc/arm-none-eabi/4.7.4/../../../../arm-none-eabi/lib\libc_s.a(lib_a-vfprintf_float.o) (_dtoa_r)
c:/isis/application/toolchain/bin/../lib/gcc/arm-none-eabi/4.7.4/../../../../arm-none-eabi/lib\libc_s.a(lib_a-locale.o)
                              c:/isis/application/toolchain/bin/../lib/gcc/arm-none-eabi/4.7.4/../../../../arm-none-eabi/lib\libc_s.a(lib_a-vfprintf_float.o) (_localeconv_r)
c:/isis/application/toolchain/bin/../lib/gcc/arm-none-eabi/4.7.4/../../../../arm-none-eabi/lib\libc_s.a(lib_a-malloc.o)
                              c:/isis/application/toolchain/bin/../lib/gcc/arm-none-eabi/4.7.4/../../../../arm-none-eabi/lib\libc_s.a(lib_a-dtoa.o) (malloc)
c:/isis/application/toolchain/bin/../lib/gcc/arm-none-eabi/4.7.4/../../../../arm-none-eabi/lib\libc_s.a(lib_a-mallocr.o)
                              c:/isis/application/toolchain/bin/../lib/gcc/arm-none-eabi/4.7.4/../../../../arm-none-eabi/lib\libc_s.a(lib_a-malloc.o) (_malloc_r)
c:/isis/application/toolchain/bin/../lib/gcc/arm-none-eabi/4.7.4/../../../../arm-none-eabi/lib\libc_s.a(lib_a-memcpy.o)
                              c:/isis/application/toolchain/bin/../lib/gcc/arm-none-eabi/4.7.4/../../../../arm-none-eabi/lib\libc_s.a(lib_a-dtoa.o) (memcpy)
c:/isis/application/toolchain/bin/../lib/gcc/arm-none-eabi/4.7.4/../../../../arm-none-eabi/lib\libc_s.a(lib_a-mprec.o)
                              c:/isis/application/toolchain/bin/../lib/gcc/arm-none-eabi/4.7.4/../../../../arm-none-eabi/lib\libc_s.a(lib_a-dtoa.o) (_Balloc)
c:/isis/application/toolchain/bin/../lib/gcc/arm-none-eabi/4.7.4/../../../../arm-none-eabi/lib\libc_s.a(lib_a-s_fpclassify.o)
                              c:/isis/application/toolchain/bin/../lib/gcc/arm-none-eabi/4.7.4/../../../../arm-none-eabi/lib\libc_s.a(lib_a-vfprintf_float.o) (__fpclassifyd)
c:/isis/application/toolchain/bin/../lib/gcc/arm-none-eabi/4.7.4/../../../../arm-none-eabi/lib\libc_s.a(lib_a-sbrkr.o)
                              c:/isis/application/toolchain/bin/../lib/gcc/arm-none-eabi/4.7.4/../../../../arm-none-eabi/lib\libc_s.a(lib_a-mallocr.o) (_sbrk_r)
c:/isis/application/toolchain/bin/../lib/gcc/arm-none-eabi/4.7.4/../../../../arm-none-eabi/lib\libc_s.a(lib_a-sf_nan.o)
                              c:/isis/application/toolchain/bin/../lib/gcc/arm-none-eabi/4.7.4/../../../../arm-none-eabi/lib\libc_s.a(lib_a-vfscanf_float.o) (nanf)
c:/isis/application/toolchain/bin/../lib/gcc/arm-none-eabi/4.7.4/../../../../arm-none-eabi/lib\libc_s.a(lib_a-sprintf.o)
                              c:/isis/application/toolchain/bin/../lib/gcc/arm-none-eabi/4.7.4/../../../../arm-none-eabi/lib\libc_s.a(lib_a-vfscanf_float.o) (sprintf)
c:/isis/application/toolchain/bin/../lib/gcc/arm-none-eabi/4.7.4/../../../../arm-none-eabi/lib\libc_s.a(lib_a-strcmp.o)
                              c:/isis/application/toolchain/bin/../lib/gcc/arm-none-eabi/4.7.4/../../../../arm-none-eabi/lib\libc_s.a(lib_a-locale.o) (strcmp)
c:/isis/application/toolchain/bin/../lib/gcc/arm-none-eabi/4.7.4/../../../../arm-none-eabi/lib\libc_s.a(lib_a-strlen.o)
                              c:/isis/application/toolchain/bin/../lib/gcc/arm-none-eabi/4.7.4/../../../../arm-none-eabi/lib\libc_s.a(lib_a-vfprintf_float.o) (strlen)
c:/isis/application/toolchain/bin/../lib/gcc/arm-none-eabi/4.7.4/../../../../arm-none-eabi/lib\libc_s.a(lib_a-strtod.o)
                              c:/isis/application/toolchain/bin/../lib/gcc/arm-none-eabi/4.7.4/../../../../arm-none-eabi/lib\libc_s.a(lib_a-vfscanf_float.o) (_strtod_r)
c:/isis/application/toolchain/bin/../lib/gcc/arm-none-eabi/4.7.4/../../../../arm-none-eabi/lib\libc_s.a(lib_a-strtol.o)
                              c:/isis/application/toolchain/bin/../lib/gcc/arm-none-eabi/4.7.4/../../../../arm-none-eabi/lib\libc_s.a(lib_a-vfscanf_float.o) (_strtol_r)
c:/isis/application/toolchain/bin/../lib/gcc/arm-none-eabi/4.7.4/../../../../arm-none-eabi/lib\libc_s.a(lib_a-svfprintf.o)
                              c:/isis/application/toolchain/bin/../lib/gcc/arm-none-eabi/4.7.4/../../../../arm-none-eabi/lib\libc_s.a(lib_a-sprintf.o) (_svfprintf_r)
[...]
Memory Configuration

Name             Origin             Length             Attributes
sram0            0x00200000         0x00004000         w !xr
sram1            0x00300000         0x00004000         w !xr
sdram            0x20000000         0x02000000         w !xr
*default*        0x00000000         0xffffffff

Linker script and memory map

LOAD c:/isis/application/toolchain/bin/../lib/gcc/arm-none-eabi/4.7.4/../../../../arm-none-eabi/lib\libc_s.a
LOAD ./src/sub-systemCode/payload/Request Management/Dump/Butchering.o
LOAD ./src/sub-systemCode/payload/Request Management/Dump/imageDump.o
LOAD ./src/sub-systemCode/payload/Request Management/AutomaticImageHandler.o
LOAD ./src/sub-systemCode/payload/Request Management/CameraManeger.o
LOAD ./src/sub-systemCode/payload/Request Management/DB_RequestHandling.o
LOAD ./src/sub-systemCode/payload/Misc/Boolean_bit.o
LOAD ./src/sub-systemCode/payload/Misc/FileSystem.o
LOAD ./src/sub-systemCode/payload/Drivers/GeckoCameraDriver.o
LOAD ./src/sub-systemCode/payload/DataBase/DataBase.o
LOAD ./src/sub-systemCode/payload/Compression/jpeg/bmp/rawToBMP.o
LOAD ./src/sub-systemCode/payload/Compression/jpeg/DCT.o
LOAD ./src/sub-systemCode/payload/Compression/jpeg/ImgCompressor.o
LOAD ./src/sub-systemCode/payload/Compression/jpeg/color_conv.o
LOAD ./src/sub-systemCode/payload/Compression/jpeg/jpeg.o
LOAD ./src/sub-systemCode/payload/Compression/jpeg/jpeg_encoder.o
LOAD ./src/sub-systemCode/payload/Compression/jpeg/jpeg_memory_alloc.o
LOAD ./src/sub-systemCode/payload/Compression/jpeg/jpeg_params.o
LOAD ./src/sub-systemCode/payload/Compression/jpeg/output_stream.o
LOAD ./src/sub-systemCode/payload/Compression/ImageConversion.o
LOAD ./src/sub-systemCode/Main/CMD/ADCS_CMD.o
LOAD ./src/sub-systemCode/Main/CMD/COMM_CMD.o
LOAD ./src/sub-systemCode/Main/CMD/EPS_CMD.o
LOAD ./src/sub-systemCode/Main/CMD/General_CMD.o
LOAD ./src/sub-systemCode/Main/CMD/SW_CMD.o
LOAD ./src/sub-systemCode/Main/CMD/payload_CMD.o
LOAD ./src/sub-systemCode/Main/Ants.o
LOAD ./src/sub-systemCode/Main/EPS.o
LOAD ./src/sub-systemCode/Main/HouseKeeping.o
LOAD ./src/sub-systemCode/Main/Main_Init.o
LOAD ./src/sub-systemCode/Main/commands.o
LOAD ./src/sub-systemCode/Global/GenericTaskSave.o
LOAD ./src/sub-systemCode/Global/Global.o
LOAD ./src/sub-systemCode/Global/GlobalParam.o
LOAD ./src/sub-systemCode/Global/OnlineTM.o
LOAD ./src/sub-systemCode/Global/TLM_management.o
LOAD ./src/sub-systemCode/Global/freertosExtended.o
LOAD ./src/sub-systemCode/Global/logger.o
LOAD ./src/sub-systemCode/CUF/CUF.o
LOAD ./src/sub-systemCode/CUF/uploadCodeTelemetry.o
LOAD ./src/sub-systemCode/COMM/APRS.o
LOAD ./src/sub-systemCode/COMM/DelayedCommand_list.o
LOAD ./src/sub-systemCode/COMM/GSC.o
LOAD ./src/sub-systemCode/COMM/TRXVU.o
LOAD ./src/sub-systemCode/ADCS/AdcsCommands.o
LOAD ./src/sub-systemCode/ADCS/AdcsGetDataAndTlm.o
LOAD ./src/sub-systemCode/ADCS/AdcsMain.o
LOAD ./src/sub-systemCode/ADCS/AdcsTroubleShooting.o
LOAD ./src/sub-systemCode/ADCS/StateMachine.o
LOAD ./src/main.o
LOAD C:/HOOPOE3/satellite-subsystems/demo/..//satellite-subsystems/lib\libSatelliteSubsystemsD.a
LOAD c:/isis/application/toolchain/bin/../lib/gcc/arm-none-eabi/4.7.4/../../../../arm-none-eabi/lib\libm.a
LOAD C:/HOOPOE3/satellite-subsystems/demo/../..//hal/hcc/lib\libHCCD.a
LOAD C:/HOOPOE3/satellite-subsystems/demo/../..//hal/hal/lib\libHALD.a
LOAD C:/HOOPOE3/satellite-subsystems/demo/../..//hal/freertos/lib\libFreeRTOSD.a
LOAD C:/HOOPOE3/satellite-subsystems/demo/../..//hal/at91/lib\libAt91D.a
START GROUP
LOAD c:/isis/application/toolchain/bin/../lib/gcc/arm-none-eabi/4.7.4\libgcc.a
LOAD c:/isis/application/toolchain/bin/../lib/gcc/arm-none-eabi/4.7.4/../../../../arm-none-eabi/lib\libc_s.a
END GROUP

.fixed          0x20000000    0x5f6c4
                0x20000000                . = ALIGN (0x4)
                0x20000000                _sfixed = .
 *(.startup)
 .startup       0x20000000      0x134 C:/HOOPOE3/satellite-subsystems/demo/../..//hal/at91/lib\libAt91D.a(board_cstartup.o)
                0x20000000                entry
 *(.text)
 .text          0x20000134       0x64 C:/HOOPOE3/satellite-subsystems/demo/../..//hal/at91/lib\libAt91D.a(cp15_asm.o)
                0x20000134                _readControlRegister
                0x20000140                _writeControlRegister
                0x20000148                _waitForInterrupt
                0x20000154                _writeTTB
                0x2000015c                _writeDomain
                0x20000164                _writeITLBLockdown
                0x2000016c                _prefetchICacheLine
                0x20000174                _flushDCache
                0x20000180                _flushWriteBuffer
                0x2000018c                _invalidateIDTLBs
 .text          0x20000198      0x114 c:/isis/application/toolchain/bin/../lib/gcc/arm-none-eabi/4.7.4\libgcc.a(_udivsi3.o)
                0x20000198                __aeabi_uidiv
                0x20000198                __udivsi3
                0x2000028c                __aeabi_uidivmod
 .text          0x200002ac      0x148 c:/isis/application/toolchain/bin/../lib/gcc/arm-none-eabi/4.7.4\libgcc.a(_divsi3.o)
                0x200002ac                __divsi3
                0x200002ac                __aeabi_idiv
                0x200003d4                __aeabi_idivmod
 .text          0x200003f4        0x4 c:/isis/application/toolchain/bin/../lib/gcc/arm-none-eabi/4.7.4\libgcc.a(_dvmd_tls.o)
                0x200003f4                __aeabi_idiv0
                0x200003f4                __aeabi_ldiv0
 .text          0x200003f8      0x41c c:/isis/application/toolchain/bin/../lib/gcc/arm-none-eabi/4.7.4\libgcc.a(_arm_addsubdf3.o)
                0x200003f8                __aeabi_drsub
                0x20000400                __aeabi_dsub
                0x20000400                __subdf3
                0x20000404                __aeabi_dadd
                0x20000404                __adddf3
                0x20000714                __floatunsidf
                0x20000714                __aeabi_ui2d
                0x20000738                __floatsidf
                0x20000738                __aeabi_i2d
                0x20000760                __aeabi_f2d
                0x20000760                __extendsfdf2
                0x200007a0                __floatundidf
                0x200007a0                __aeabi_ul2d
                0x200007b4                __floatdidf
                0x200007b4                __aeabi_l2d
 .text          0x20000814      0x49c c:/isis/application/toolchain/bin/../lib/gcc/arm-none-eabi/4.7.4\libgcc.a(_arm_muldivdf3.o)
                0x20000814                __aeabi_dmul
                0x20000814                __muldf3
                0x20000aa4                __divdf3
                0x20000aa4                __aeabi_ddiv
 .text          0x20000cb0      0x144 c:/isis/application/toolchain/bin/../lib/gcc/arm-none-eabi/4.7.4\libgcc.a(_arm_cmpdf2.o)
                0x20000cb0                __gtdf2
                0x20000cb0                __gedf2
                0x20000cb8                __ltdf2
                0x20000cb8                __ledf2
                0x20000cc0                __nedf2
                0x20000cc0                __eqdf2
                0x20000cc0                __cmpdf2
                0x20000d48                __aeabi_cdrcmple
                0x20000d64                __aeabi_cdcmpeq
                0x20000d64                __aeabi_cdcmple
                0x20000d7c                __aeabi_dcmpeq
                0x20000d94                __aeabi_dcmplt
                0x20000dac                __aeabi_dcmple
                0x20000dc4                __aeabi_dcmpge
                0x20000ddc                __aeabi_dcmpgt
 .text          0x20000df4       0x5c c:/isis/application/toolchain/bin/../lib/gcc/arm-none-eabi/4.7.4\libgcc.a(_arm_fixdfsi.o)
                0x20000df4                __aeabi_d2iz
                0x20000df4                __fixdfsi
 .text          0x20000e50       0x54 c:/isis/application/toolchain/bin/../lib/gcc/arm-none-eabi/4.7.4\libgcc.a(_arm_fixunsdfsi.o)
                0x20000e50                __aeabi_d2uiz
                0x20000e50                __fixunsdfsi
 .text          0x20000ea4       0xa0 c:/isis/application/toolchain/bin/../lib/gcc/arm-none-eabi/4.7.4\libgcc.a(_arm_truncdfsf2.o)
                0x20000ea4                __truncdfsf2
                0x20000ea4                __aeabi_d2f
 .text          0x20000f44      0x2ac c:/isis/application/toolchain/bin/../lib/gcc/arm-none-eabi/4.7.4\libgcc.a(_arm_addsubsf3.o)
                0x20000f44                __aeabi_frsub
                0x20000f4c                __subsf3
                0x20000f4c                __aeabi_fsub
                0x20000f50                __aeabi_fadd
                0x20000f50                __addsf3
                0x2000110c                __aeabi_ui2f
                0x2000110c                __floatunsisf
                0x20001114                __aeabi_i2f
                0x20001114                __floatsisf
                0x20001134                __aeabi_ul2f
                0x20001134                __floatundisf
                0x20001144                __aeabi_l2f
                0x20001144                __floatdisf
 .text          0x200011f0      0x2f8 c:/isis/application/toolchain/bin/../lib/gcc/arm-none-eabi/4.7.4\libgcc.a(_arm_muldivsf3.o)
                0x200011f0                __mulsf3
                0x200011f0                __aeabi_fmul
                0x20001388                __aeabi_fdiv
                0x20001388                __divsf3
 .text          0x200014e8      0x114 c:/isis/application/toolchain/bin/../lib/gcc/arm-none-eabi/4.7.4\libgcc.a(_arm_cmpsf2.o)
                0x200014e8                __gesf2
                0x200014e8                __gtsf2
                0x200014f0                __lesf2
                0x200014f0                __ltsf2
                0x200014f8                __nesf2
                0x200014f8                __eqsf2
                0x200014f8                __cmpsf2
                0x2000155c                __aeabi_cfrcmple
                0x2000156c                __aeabi_cfcmpeq
                0x2000156c                __aeabi_cfcmple
                0x20001584                __aeabi_fcmpeq
                0x2000159c                __aeabi_fcmplt
                0x200015b4                __aeabi_fcmple
                0x200015cc                __aeabi_fcmpge
                0x200015e4                __aeabi_fcmpgt
 .text          0x200015fc       0x54 c:/isis/application/toolchain/bin/../lib/gcc/arm-none-eabi/4.7.4\libgcc.a(_arm_fixunssfsi.o)
                0x200015fc                __fixunssfsi
                0x200015fc                __aeabi_f2uiz
 *(.text*)
 .text.__cvt    0x20001650      0x138 c:/isis/application/toolchain/bin/../lib/gcc/arm-none-eabi/4.7.4/../../../../arm-none-eabi/lib\libc_s.a(lib_a-vfprintf_float.o)
                0x20001650                __cvt
 .text.__exponent
                0x20001788       0xa8 c:/isis/application/toolchain/bin/../lib/gcc/arm-none-eabi/4.7.4/../../../../arm-none-eabi/lib\libc_s.a(lib_a-vfprintf_float.o)
                0x20001788                __exponent
 .text._printf_float
                0x20001830      0x7dc c:/isis/application/toolchain/bin/../lib/gcc/arm-none-eabi/4.7.4/../../../../arm-none-eabi/lib\libc_s.a(lib_a-vfprintf_float.o)
                0x20001830                _printf_float
 .text._printf_common
                0x2000200c      0x174 c:/isis/application/toolchain/bin/../lib/gcc/arm-none-eabi/4.7.4/../../../../arm-none-eabi/lib\libc_s.a(lib_a-vfprintf_i.o)
                0x2000200c                _printf_common
 .text._printf_i
                0x20002180      0x3c4 c:/isis/application/toolchain/bin/../lib/gcc/arm-none-eabi/4.7.4/../../../../arm-none-eabi/lib\libc_s.a(lib_a-vfprintf_i.o)
                0x20002180                _printf_i
 .text._scanf_float
                0x20002544      0x5f4 c:/isis/application/toolchain/bin/../lib/gcc/arm-none-eabi/4.7.4/../../../../arm-none-eabi/lib\libc_s.a(lib_a-vfscanf_float.o)
                0x20002544                _scanf_float
 .text.quorem   0x20002b38      0x1ac c:/isis/application/toolchain/bin/../lib/gcc/arm-none-eabi/4.7.4/../../../../arm-none-eabi/lib\libc_s.a(lib_a-dtoa.o)
 .text._dtoa_r  0x20002ce4     0x1268 c:/isis/application/toolchain/bin/../lib/gcc/arm-none-eabi/4.7.4/../../../../arm-none-eabi/lib\libc_s.a(lib_a-dtoa.o)
                0x20002ce4                _dtoa_r
 .text._localeconv_r
                0x20003f4c        0xc c:/isis/application/toolchain/bin/../lib/gcc/arm-none-eabi/4.7.4/../../../../arm-none-eabi/lib\libc_s.a(lib_a-locale.o)
                0x20003f4c                _localeconv_r
 .text.malloc   0x20003f58       0x20 c:/isis/application/toolchain/bin/../lib/gcc/arm-none-eabi/4.7.4/../../../../arm-none-eabi/lib\libc_s.a(lib_a-malloc.o)
                0x20003f58                malloc
 .text.free     0x20003f78       0x20 c:/isis/application/toolchain/bin/../lib/gcc/arm-none-eabi/4.7.4/../../../../arm-none-eabi/lib\libc_s.a(lib_a-malloc.o)
                0x20003f78                free
 .text._malloc_r
                0x20003f98       0xfc c:/isis/application/toolchain/bin/../lib/gcc/arm-none-eabi/4.7.4/../../../../arm-none-eabi/lib\libc_s.a(lib_a-mallocr.o)
                0x20003f98                _malloc_r
 .text.memcpy   0x20004094       0x20 c:/isis/application/toolchain/bin/../lib/gcc/arm-none-eabi/4.7.4/../../../../arm-none-eabi/lib\libc_s.a(lib_a-memcpy.o)
                0x20004094                memcpy
 .text._Balloc  0x200040b4       0xcc c:/isis/application/toolchain/bin/../lib/gcc/arm-none-eabi/4.7.4/../../../../arm-none-eabi/lib\libc_s.a(lib_a-mprec.o)
                0x200040b4                _Balloc
 .text._Bfree   0x20004180       0x5c c:/isis/application/toolchain/bin/../lib/gcc/arm-none-eabi/4.7.4/../../../../arm-none-eabi/lib\libc_s.a(lib_a-mprec.o)
                0x20004180                _Bfree
 .text.__multadd
                0x200041dc       0xbc c:/isis/application/toolchain/bin/../lib/gcc/arm-none-eabi/4.7.4/../../../../arm-none-eabi/lib\libc_s.a(lib_a-mprec.o)
                0x200041dc                __multadd
 .text.__s2b    0x20004298       0xd8 c:/isis/application/toolchain/bin/../lib/gcc/arm-none-eabi/4.7.4/../../../../arm-none-eabi/lib\libc_s.a(lib_a-mprec.o)
                0x20004298                __s2b
 .text.__hi0bits
                0x20004370       0x58 c:/isis/application/toolchain/bin/../lib/gcc/arm-none-eabi/4.7.4/../../../../arm-none-eabi/lib\libc_s.a(lib_a-mprec.o)
                0x20004370                __hi0bits
 .text.__lo0bits
                0x200043c8       0x94 c:/isis/application/toolchain/bin/../lib/gcc/arm-none-eabi/4.7.4/../../../../arm-none-eabi/lib\libc_s.a(lib_a-mprec.o)
                0x200043c8                __lo0bits
 .text.__i2b    0x2000445c       0x24 c:/isis/application/toolchain/bin/../lib/gcc/arm-none-eabi/4.7.4/../../../../arm-none-eabi/lib\libc_s.a(lib_a-mprec.o)
                0x2000445c                __i2b
 .text.__multiply
                0x20004480      0x1ac c:/isis/application/toolchain/bin/../lib/gcc/arm-none-eabi/4.7.4/../../../../arm-none-eabi/lib\libc_s.a(lib_a-mprec.o)
                0x20004480                __multiply
 .text.__pow5mult
                0x2000462c      0x10c c:/isis/application/toolchain/bin/../lib/gcc/arm-none-eabi/4.7.4/../../../../arm-none-eabi/lib\libc_s.a(lib_a-mprec.o)
                0x2000462c                __pow5mult
 .text.__lshift
                0x20004738       0xf0 c:/isis/application/toolchain/bin/../lib/gcc/arm-none-eabi/4.7.4/../../../../arm-none-eabi/lib\libc_s.a(lib_a-mprec.o)
                0x20004738                __lshift
 .text.__mcmp   0x20004828       0x60 c:/isis/application/toolchain/bin/../lib/gcc/arm-none-eabi/4.7.4/../../../../arm-none-eabi/lib\libc_s.a(lib_a-mprec.o)
                0x20004828                __mcmp
 .text.__mdiff  0x20004888      0x128 c:/isis/application/toolchain/bin/../lib/gcc/arm-none-eabi/4.7.4/../../../../arm-none-eabi/lib\libc_s.a(lib_a-mprec.o)
                0x20004888                __mdiff
 .text.__ulp    0x200049b0       0x5c c:/isis/application/toolchain/bin/../lib/gcc/arm-none-eabi/4.7.4/../../../../arm-none-eabi/lib\libc_s.a(lib_a-mprec.o)
                0x200049b0                __ulp
 .text.__b2d    0x20004a0c       0xc8 c:/isis/application/toolchain/bin/../lib/gcc/arm-none-eabi/4.7.4/../../../../arm-none-eabi/lib\libc_s.a(lib_a-mprec.o)
                0x20004a0c                __b2d
 .text.__d2b    0x20004ad4       0xfc c:/isis/application/toolchain/bin/../lib/gcc/arm-none-eabi/4.7.4/../../../../arm-none-eabi/lib\libc_s.a(lib_a-mprec.o)
                0x20004ad4                __d2b
 .text.__ratio  0x20004bd0       0x70 c:/isis/application/toolchain/bin/../lib/gcc/arm-none-eabi/4.7.4/../../../../arm-none-eabi/lib\libc_s.a(lib_a-mprec.o)
                0x20004bd0                __ratio
 .text.__copybits
                0x20004c40       0x4c c:/isis/application/toolchain/bin/../lib/gcc/arm-none-eabi/4.7.4/../../../../arm-none-eabi/lib\libc_s.a(lib_a-mprec.o)
                0x20004c40                __copybits
 .text.__any_on
                0x20004c8c       0x7c c:/isis/application/toolchain/bin/../lib/gcc/arm-none-eabi/4.7.4/../../../../arm-none-eabi/lib\libc_s.a(lib_a-mprec.o)
                0x20004c8c                __any_on
 .text.__fpclassifyd
                0x20004d08       0x6c c:/isis/application/toolchain/bin/../lib/gcc/arm-none-eabi/4.7.4/../../../../arm-none-eabi/lib\libc_s.a(lib_a-s_fpclassify.o)
                0x20004d08                __fpclassifyd
 .text._sbrk_r  0x20004d74       0x3c c:/isis/application/toolchain/bin/../lib/gcc/arm-none-eabi/4.7.4/../../../../arm-none-eabi/lib\libc_s.a(lib_a-sbrkr.o)
                0x20004d74                _sbrk_r
 .text.nanf     0x20004db0        0xc c:/isis/application/toolchain/bin/../lib/gcc/arm-none-eabi/4.7.4/../../../../arm-none-eabi/lib\libc_s.a(lib_a-sf_nan.o)
                0x20004db0                nanf
 .text.sprintf  0x20004dbc       0x6c c:/isis/application/toolchain/bin/../lib/gcc/arm-none-eabi/4.7.4/../../../../arm-none-eabi/lib\libc_s.a(lib_a-sprintf.o)
                0x20004dbc                siprintf
                0x20004dbc                sprintf
 .text.strcmp   0x20004e28       0x1c c:/isis/application/toolchain/bin/../lib/gcc/arm-none-eabi/4.7.4/../../../../arm-none-eabi/lib\libc_s.a(lib_a-strcmp.o)
                0x20004e28                strcmp
 .text.strlen   0x20004e44       0x1c c:/isis/application/toolchain/bin/../lib/gcc/arm-none-eabi/4.7.4/../../../../arm-none-eabi/lib\libc_s.a(lib_a-strlen.o)
                0x20004e44                strlen
 .text.match    0x20004e60       0x54 c:/isis/application/toolchain/bin/../lib/gcc/arm-none-eabi/4.7.4/../../../../arm-none-eabi/lib\libc_s.a(lib_a-strtod.o)
 .text._strtod_r
                0x20004eb4     0x1168 c:/isis/application/toolchain/bin/../lib/gcc/arm-none-eabi/4.7.4/../../../../arm-none-eabi/lib\libc_s.a(lib_a-strtod.o)
                0x20004eb4                _strtod_r
 .text._strtol_r
                0x2000601c      0x1b8 c:/isis/application/toolchain/bin/../lib/gcc/arm-none-eabi/4.7.4/../../../../arm-none-eabi/lib\libc_s.a(lib_a-strtol.o)
                0x2000601c                _strtol_r
 .text.__ssputc_r
                0x200061d4      0x10c c:/isis/application/toolchain/bin/../lib/gcc/arm-none-eabi/4.7.4/../../../../arm-none-eabi/lib\libc_s.a(lib_a-svfprintf.o)
                0x200061d4                __ssputc_r
 .text._svfprintf_r
                0x200062e0      0x328 c:/isis/application/toolchain/bin/../lib/gcc/arm-none-eabi/4.7.4/../../../../arm-none-eabi/lib\libc_s.a(lib_a-svfprintf.o)
                0x200062e0                _svfiprintf_r
                0x200062e0                _svfprintf_r
 .text._calloc_r
                0x20006608       0x2c c:/isis/application/toolchain/bin/../lib/gcc/arm-none-eabi/4.7.4/../../../../arm-none-eabi/lib\libc_s.a(lib_a-callocr.o)
                0x20006608                _calloc_r
 .text._free_r  0x20006634      0x108 c:/isis/application/toolchain/bin/../lib/gcc/arm-none-eabi/4.7.4/../../../../arm-none-eabi/lib\libc_s.a(lib_a-freer.o)
                0x20006634                _free_r
 .text.rshift   0x2000673c       0xb0 c:/isis/application/toolchain/bin/../lib/gcc/arm-none-eabi/4.7.4/../../../../arm-none-eabi/lib\libc_s.a(lib_a-gdtoa-gethex.o)
 .text.htinit.constprop.0
                0x200067ec       0x34 c:/isis/application/toolchain/bin/../lib/gcc/arm-none-eabi/4.7.4/../../../../arm-none-eabi/lib\libc_s.a(lib_a-gdtoa-gethex.o)
 .text.__hexdig_init
                0x20006820       0x38 c:/isis/application/toolchain/bin/../lib/gcc/arm-none-eabi/4.7.4/../../../../arm-none-eabi/lib\libc_s.a(lib_a-gdtoa-gethex.o)
                0x20006820                __hexdig_init
 .text.__gethex
                0x20006858      0x6cc c:/isis/application/toolchain/bin/../lib/gcc/arm-none-eabi/4.7.4/../../../../arm-none-eabi/lib\libc_s.a(lib_a-gdtoa-gethex.o)
                0x20006858                __gethex
 .text.L_shift  0x20006f24       0x38 c:/isis/application/toolchain/bin/../lib/gcc/arm-none-eabi/4.7.4/../../../../arm-none-eabi/lib\libc_s.a(lib_a-gdtoa-hexnan.o)
 .text.__hexnan
                0x20006f5c      0x1d8 c:/isis/application/toolchain/bin/../lib/gcc/arm-none-eabi/4.7.4/../../../../arm-none-eabi/lib\libc_s.a(lib_a-gdtoa-hexnan.o)
                0x20006f5c                __hexnan
 .text.memchr   0x20007134       0x34 c:/isis/application/toolchain/bin/../lib/gcc/arm-none-eabi/4.7.4/../../../../arm-none-eabi/lib\libc_s.a(lib_a-memchr.o)
                0x20007134                memchr
 .text.memset   0x20007168       0x1c c:/isis/application/toolchain/bin/../lib/gcc/arm-none-eabi/4.7.4/../../../../arm-none-eabi/lib\libc_s.a(lib_a-memset.o)
                0x20007168                memset
 .text._realloc_r
                0x20007184       0x80 c:/isis/application/toolchain/bin/../lib/gcc/arm-none-eabi/4.7.4/../../../../arm-none-eabi/lib\libc_s.a(lib_a-reallocr.o)
                0x20007184                _realloc_r
 .text.strncmp  0x20007204       0x64 c:/isis/application/toolchain/bin/../lib/gcc/arm-none-eabi/4.7.4/../../../../arm-none-eabi/lib\libc_s.a(lib_a-strncmp.o)
                0x20007204                strncmp
 .text._malloc_usable_size_r
                0x20007268       0x1c c:/isis/application/toolchain/bin/../lib/gcc/arm-none-eabi/4.7.4/../../../../arm-none-eabi/lib\libc_s.a(lib_a-msizer.o)
                0x20007268                _malloc_usable_size_r
 .text.GetChunkFromImage
                0x20007284      0x2d0 ./src/sub-systemCode/payload/Request Management/Dump/Butchering.o
                0x20007284                GetChunkFromImage
 .text.SimpleButcher
                0x20007554       0xd8 ./src/sub-systemCode/payload/Request Management/Dump/Butchering.o
                0x20007554                SimpleButcher
 .text.readChunkDimentionsFromFRAM
                0x2000762c       0x80 ./src/sub-systemCode/payload/Request Management/Dump/imageDump.o
                0x2000762c                readChunkDimentionsFromFRAM
 .text.setChunkDimensions_inFRAM
                0x200076ac      0x10c ./src/sub-systemCode/payload/Request Management/Dump/imageDump.o
                0x200076ac                setChunkDimensions_inFRAM
 .text.getLastImageChunkIndex
                0x200077b8      0x1bc ./src/sub-systemCode/payload/Request Management/Dump/imageDump.o
                0x200077b8                getLastImageChunkIndex
 .text.find_subType_ofImage
                0x20007974       0xe0 ./src/sub-systemCode/payload/Request Management/Dump/imageDump.o
                0x20007974                find_subType_ofImage
 .text.buildAndSend_chunck
                0x20007a54      0x320 ./src/sub-systemCode/payload/Request Management/Dump/imageDump.o
                0x20007a54                buildAndSend_chunck
 .text.chunkField_imageDump
                0x20007d74      0x258 ./src/sub-systemCode/payload/Request Management/Dump/imageDump.o
                0x20007d74                chunkField_imageDump
 .text.bitField_imageDump
                0x20007fcc      0x23c ./src/sub-systemCode/payload/Request Management/Dump/imageDump.o
                0x20007fcc                bitField_imageDump
 .text.fileTypeDump
                0x20008208      0x170 ./src/sub-systemCode/payload/Request Management/Dump/imageDump.o
                0x20008208                fileTypeDump
 .text.imageDataBase_Dump
                0x20008378      0x118 ./src/sub-systemCode/payload/Request Management/Dump/imageDump.o
                0x20008378                imageDataBase_Dump
 .text.imageDump_task
                0x20008490      0x4f4 ./src/sub-systemCode/payload/Request Management/Dump/imageDump.o
                0x20008490                imageDump_task
 .text.KickStartImageDumpTask
                0x20008984       0x5c ./src/sub-systemCode/payload/Request Management/Dump/imageDump.o
                0x20008984                KickStartImageDumpTask
 .text.AutomaticImageHandlerTaskMain
                0x200089e0      0x12c ./src/sub-systemCode/payload/Request Management/AutomaticImageHandler.o
                0x200089e0                AutomaticImageHandlerTaskMain
 .text.KickStartAutomaticImageHandlerTask
                0x20008b0c       0x70 ./src/sub-systemCode/payload/Request Management/AutomaticImageHandler.o
                0x20008b0c                KickStartAutomaticImageHandlerTask
 .text.stopAction
                0x20008b7c       0xc4 ./src/sub-systemCode/payload/Request Management/AutomaticImageHandler.o
                0x20008b7c                stopAction
 .text.resumeAction
                0x20008c40       0x68 ./src/sub-systemCode/payload/Request Management/AutomaticImageHandler.o
                0x20008c40                resumeAction
 .text.handleErrors
                0x20008ca8       0x50 ./src/sub-systemCode/payload/Request Management/AutomaticImageHandler.o
                0x20008ca8                handleErrors
 .text.CameraManagerTaskMain
                0x20008cf8       0xc8 ./src/sub-systemCode/payload/Request Management/CameraManeger.o
                0x20008cf8                CameraManagerTaskMain
 .text.createFolders
                0x20008dc0      0x22c ./src/sub-systemCode/payload/Request Management/CameraManeger.o
                0x20008dc0                createFolders
 .text.initCamera
                0x20008fec       0xc0 ./src/sub-systemCode/payload/Request Management/CameraManeger.o
                0x20008fec                initCamera
 .text.KickStartCamera
                0x200090ac       0xe4 ./src/sub-systemCode/payload/Request Management/CameraManeger.o
                0x200090ac                KickStartCamera
 .text.addRequestToQueue
                0x20009190       0xa8 ./src/sub-systemCode/payload/Request Management/CameraManeger.o
                0x20009190                addRequestToQueue
 .text.removeRequestFromQueue
                0x20009238       0x7c ./src/sub-systemCode/payload/Request Management/CameraManeger.o
                0x20009238                removeRequestFromQueue
 .text.Take_pictures_with_time_in_between
                0x200092b4      0x114 ./src/sub-systemCode/payload/Request Management/CameraManeger.o
                0x200092b4                Take_pictures_with_time_in_between
 .text.act_upon_request
                0x200093c8      0x518 ./src/sub-systemCode/payload/Request Management/CameraManeger.o
                0x200093c8                act_upon_request
 .text.TakePicture
                0x200098e0       0x4c ./src/sub-systemCode/payload/Request Management/DB_RequestHandling.o
                0x200098e0                TakePicture
 .text.TakeSpecialPicture
                0x2000992c      0x130 ./src/sub-systemCode/payload/Request Management/DB_RequestHandling.o
                0x2000992c                TakeSpecialPicture
 .text.DeletePictureFile
                0x20009a5c       0x88 ./src/sub-systemCode/payload/Request Management/DB_RequestHandling.o
                0x20009a5c                DeletePictureFile
 .text.DeletePicture
                0x20009ae4       0x6c ./src/sub-systemCode/payload/Request Management/DB_RequestHandling.o
                0x20009ae4                DeletePicture
 .text.TransferPicture
                0x20009b50       0x54 ./src/sub-systemCode/payload/Request Management/DB_RequestHandling.o
                0x20009b50                TransferPicture
 .text.CreateThumbnail
                0x20009ba4       0x80 ./src/sub-systemCode/payload/Request Management/DB_RequestHandling.o
                0x20009ba4                CreateThumbnail
 .text.CreateJPG
                0x20009c24       0x7c ./src/sub-systemCode/payload/Request Management/DB_RequestHandling.o
                0x20009c24                CreateJPG
 .text.UpdatePhotographyValues
                0x20009ca0       0xd8 ./src/sub-systemCode/payload/Request Management/DB_RequestHandling.o
                0x20009ca0                UpdatePhotographyValues
 .text.setChunkDimensions
                0x20009d78       0x64 ./src/sub-systemCode/payload/Request Management/DB_RequestHandling.o
                0x20009d78                setChunkDimensions
 .text.convert2char
                0x20009ddc      0x14c ./src/sub-systemCode/payload/Misc/Boolean_bit.o
                0x20009ddc                convert2char
 .text.convert2byte
                0x20009f28      0x1c8 ./src/sub-systemCode/payload/Misc/Boolean_bit.o
                0x20009f28                convert2byte
 .text.bits2byte
                0x2000a0f0      0x17c ./src/sub-systemCode/payload/Misc/Boolean_bit.o
                0x2000a0f0                bits2byte
 .text.byte2bits
                0x2000a26c      0x17c ./src/sub-systemCode/payload/Misc/Boolean_bit.o
                0x2000a26c                byte2bits
 .text.char2bits
                0x2000a3e8       0x44 ./src/sub-systemCode/payload/Misc/Boolean_bit.o
                0x2000a3e8                char2bits
 .text.bits2char
                0x2000a42c       0x3c ./src/sub-systemCode/payload/Misc/Boolean_bit.o
                0x2000a42c                bits2char
 .text.ReadFromFile
                0x2000a468       0x6c ./src/sub-systemCode/payload/Misc/FileSystem.o
                0x2000a468                ReadFromFile
 .text.WriteToFile
                0x2000a4d4       0x74 ./src/sub-systemCode/payload/Misc/FileSystem.o
                0x2000a4d4                WriteToFile
 .text.Initialized_GPIO
                0x2000a548       0x54 ./src/sub-systemCode/payload/Drivers/GeckoCameraDriver.o
                0x2000a548                Initialized_GPIO
 .text.TurnOnGecko
                0x2000a59c      0x140 ./src/sub-systemCode/payload/Drivers/GeckoCameraDriver.o
                0x2000a59c                TurnOnGecko
 .text.TurnOffGecko
                0x2000a6dc       0xd8 ./src/sub-systemCode/payload/Drivers/GeckoCameraDriver.o
                0x2000a6dc                TurnOffGecko
 .text.initGecko
                0x2000a7b4       0x3c ./src/sub-systemCode/payload/Drivers/GeckoCameraDriver.o
                0x2000a7b4                initGecko
 .text.GECKO_TakeImage
                0x2000a7f0      0x2f4 ./src/sub-systemCode/payload/Drivers/GeckoCameraDriver.o
                0x2000a7f0                GECKO_TakeImage
 .text.readStopFlag
                0x2000aae4       0x48 ./src/sub-systemCode/payload/Drivers/GeckoCameraDriver.o
                0x2000aae4                readStopFlag
 .text.setStopFlag
                0x2000ab2c       0x50 ./src/sub-systemCode/payload/Drivers/GeckoCameraDriver.o
                0x2000ab2c                setStopFlag
 .text.GECKO_ReadImage
                0x2000ab7c      0x230 ./src/sub-systemCode/payload/Drivers/GeckoCameraDriver.o
                0x2000ab7c                GECKO_ReadImage
 .text.GECKO_EraseBlock
                0x2000adac       0xf0 ./src/sub-systemCode/payload/Drivers/GeckoCameraDriver.o
                0x2000adac                GECKO_EraseBlock
 .text.getFileName
                0x2000ae9c      0x1f8 ./src/sub-systemCode/payload/DataBase/DataBase.o
 .text.zeroImageDataBase
                0x2000b094       0xfc ./src/sub-systemCode/payload/DataBase/DataBase.o
                0x2000b094                zeroImageDataBase
 .text.updateGeneralDataBaseParameters
                0x2000b190       0x5c ./src/sub-systemCode/payload/DataBase/DataBase.o
                0x2000b190                updateGeneralDataBaseParameters
 .text.SearchDataBase_byID
                0x2000b1ec      0x234 ./src/sub-systemCode/payload/DataBase/DataBase.o
                0x2000b1ec                SearchDataBase_byID
 .text.SearchDataBase_byMark
                0x2000b420       0xb8 ./src/sub-systemCode/payload/DataBase/DataBase.o
                0x2000b420                SearchDataBase_byMark
 .text.SearchDataBase_forLatestMarkedImage
                0x2000b4d8       0x38 ./src/sub-systemCode/payload/DataBase/DataBase.o
                0x2000b4d8                SearchDataBase_forLatestMarkedImage
 .text.SearchDataBase_byTimeRange
                0x2000b510      0x148 ./src/sub-systemCode/payload/DataBase/DataBase.o
                0x2000b510                SearchDataBase_byTimeRange
 .text.SearchDataBase_forImageFileType_byTimeRange
                0x2000b658      0x11c ./src/sub-systemCode/payload/DataBase/DataBase.o
                0x2000b658                SearchDataBase_forImageFileType_byTimeRange
 .text.checkForFileType
                0x2000b774       0x74 ./src/sub-systemCode/payload/DataBase/DataBase.o
                0x2000b774                checkForFileType
 .text.updateFileTypes
                0x2000b7e8       0xbc ./src/sub-systemCode/payload/DataBase/DataBase.o
                0x2000b7e8                updateFileTypes
 .text.GetImageFactor
                0x2000b8a4       0x58 ./src/sub-systemCode/payload/DataBase/DataBase.o
                0x2000b8a4                GetImageFactor
 .text.readImageFromBuffer
                0x2000b8fc      0x12c ./src/sub-systemCode/payload/DataBase/DataBase.o
                0x2000b8fc                readImageFromBuffer
 .text.saveImageToBuffer
                0x2000ba28      0x12c ./src/sub-systemCode/payload/DataBase/DataBase.o
                0x2000ba28                saveImageToBuffer
 .text.getLatestID
                0x2000bb54       0x48 ./src/sub-systemCode/payload/DataBase/DataBase.o
                0x2000bb54                getLatestID
 .text.getDataBaseStart
                0x2000bb9c       0x20 ./src/sub-systemCode/payload/DataBase/DataBase.o
                0x2000bb9c                getDataBaseStart
 .text.getDataBaseEnd
                0x2000bbbc       0x20 ./src/sub-systemCode/payload/DataBase/DataBase.o
                0x2000bbbc                getDataBaseEnd
 .text.setDataBaseValues
                0x2000bbdc      0x208 ./src/sub-systemCode/payload/DataBase/DataBase.o
                0x2000bbdc                setDataBaseValues
 .text.initImageDataBase
                0x2000bde4      0x20c ./src/sub-systemCode/payload/DataBase/DataBase.o
                0x2000bde4                initImageDataBase
 .text.resetImageDataBase
                0x2000bff0       0x98 ./src/sub-systemCode/payload/DataBase/DataBase.o
                0x2000bff0                resetImageDataBase
 .text.setCameraPhotographyValues
                0x2000c088      0x130 ./src/sub-systemCode/payload/DataBase/DataBase.o
                0x2000c088                setCameraPhotographyValues
 .text.transferImageToSD_withoutSearch
                0x2000c1b8      0x17c ./src/sub-systemCode/payload/DataBase/DataBase.o
                0x2000c1b8                transferImageToSD_withoutSearch
 .text.transferImageToSD
                0x2000c334       0xac ./src/sub-systemCode/payload/DataBase/DataBase.o
                0x2000c334                transferImageToSD
 .text.DeleteImageFromOBC_withoutSearch
                0x2000c3e0       0xf0 ./src/sub-systemCode/payload/DataBase/DataBase.o
                0x2000c3e0                DeleteImageFromOBC_withoutSearch
 .text.DeleteImageFromOBC
                0x2000c4d0       0xb8 ./src/sub-systemCode/payload/DataBase/DataBase.o
                0x2000c4d0                DeleteImageFromOBC
 .text.DeleteImageFromPayload
                0x2000c588      0x270 ./src/sub-systemCode/payload/DataBase/DataBase.o
                0x2000c588                DeleteImageFromPayload
 .text.clearImageDataBase
                0x2000c7f8      0x13c ./src/sub-systemCode/payload/DataBase/DataBase.o
                0x2000c7f8                clearImageDataBase
 .text.handleMarkedPictures
                0x2000c934      0x21c ./src/sub-systemCode/payload/DataBase/DataBase.o
                0x2000c934                handleMarkedPictures
 .text.writeNewImageMetaDataToFRAM
                0x2000cb50      0x21c ./src/sub-systemCode/payload/DataBase/DataBase.o
                0x2000cb50                writeNewImageMetaDataToFRAM
 .text.takePicture
                0x2000cd6c      0x344 ./src/sub-systemCode/payload/DataBase/DataBase.o
                0x2000cd6c                takePicture
 .text.takePicture_withSpecialParameters
                0x2000d0b0       0xc4 ./src/sub-systemCode/payload/DataBase/DataBase.o
                0x2000d0b0                takePicture_withSpecialParameters
 .text.GetImageFileName_withSpecialParameters
                0x2000d174       0x98 ./src/sub-systemCode/payload/DataBase/DataBase.o
                0x2000d174                GetImageFileName_withSpecialParameters
 .text.GetImageFileName
                0x2000d20c       0x98 ./src/sub-systemCode/payload/DataBase/DataBase.o
                0x2000d20c                GetImageFileName
 .text.getDataBaseSize
                0x2000d2a4       0x20 ./src/sub-systemCode/payload/DataBase/DataBase.o
                0x2000d2a4                getDataBaseSize
 .text.getImageDataBaseBuffer
                0x2000d2c4      0x240 ./src/sub-systemCode/payload/DataBase/DataBase.o
                0x2000d2c4                getImageDataBaseBuffer
 .text.setAutoThumbnailCreation
                0x2000d504       0x30 ./src/sub-systemCode/payload/DataBase/DataBase.o
                0x2000d504                setAutoThumbnailCreation
 .text.Gecko_TroubleShooter
                0x2000d534       0xd8 ./src/sub-systemCode/payload/DataBase/DataBase.o
                0x2000d534                Gecko_TroubleShooter
 .text.TransformRawToBMP
                0x2000d60c      0x1e0 ./src/sub-systemCode/payload/Compression/jpeg/bmp/rawToBMP.o
                0x2000d60c                TransformRawToBMP
 .text.interpolate
                0x2000d7ec      0x8d0 ./src/sub-systemCode/payload/Compression/jpeg/bmp/rawToBMP.o
                0x2000d7ec                interpolate
 .text.getInputAt
                0x2000e0bc      0x308 ./src/sub-systemCode/payload/Compression/jpeg/bmp/rawToBMP.o
                0x2000e0bc                getInputAt
 .text.f_writeF_FILEHeader
                0x2000e3c4      0x2f0 ./src/sub-systemCode/payload/Compression/jpeg/bmp/rawToBMP.o
                0x2000e3c4                f_writeF_FILEHeader
 .text.f_writeOutputRow
                0x2000e6b4       0xbc ./src/sub-systemCode/payload/Compression/jpeg/bmp/rawToBMP.o
                0x2000e6b4                f_writeOutputRow
 .text.dct      0x2000e770      0x9c4 ./src/sub-systemCode/payload/Compression/jpeg/DCT.o
                0x2000e770                dct
 .text.JPEG_compressor
                0x2000f134       0xfc ./src/sub-systemCode/payload/Compression/jpeg/ImgCompressor.o
                0x2000f134                JPEG_compressor
 .text.Create_BMP_File
                0x2000f230       0xf4 ./src/sub-systemCode/payload/Compression/jpeg/ImgCompressor.o
                0x2000f230                Create_BMP_File
 .text.CompressImage
                0x2000f324      0x1cc ./src/sub-systemCode/payload/Compression/jpeg/ImgCompressor.o
                0x2000f324                CompressImage
 .text.clamp    0x2000f4f0       0x60 ./src/sub-systemCode/payload/Compression/jpeg/color_conv.o
                0x2000f4f0                clamp
 .text.RGB_to_YCC
                0x2000f550      0x1a8 ./src/sub-systemCode/payload/Compression/jpeg/color_conv.o
                0x2000f550                RGB_to_YCC
 .text.RGB_to_Y
                0x2000f6f8       0xc4 ./src/sub-systemCode/payload/Compression/jpeg/color_conv.o
                0x2000f6f8                RGB_to_Y
 .text.Y_to_YCC
                0x2000f7bc       0x88 ./src/sub-systemCode/payload/Compression/jpeg/color_conv.o
                0x2000f7bc                Y_to_YCC
 .text.compress_image_to_jpeg_file
                0x2000f844      0x1ac ./src/sub-systemCode/payload/Compression/jpeg/jpeg.o
                0x2000f844                compress_image_to_jpeg_file
 .text.emit_marker
                0x2000f9f0       0xc8 ./src/sub-systemCode/payload/Compression/jpeg/jpeg_encoder.o
                0x2000f9f0                emit_marker
 .text.emit_byte
                0x2000fab8       0x6c ./src/sub-systemCode/payload/Compression/jpeg/jpeg_encoder.o
                0x2000fab8                emit_byte
 .text.emit_word
                0x2000fb24       0xd0 ./src/sub-systemCode/payload/Compression/jpeg/jpeg_encoder.o
                0x2000fb24                emit_word
 .text.emit_jfif_app0
                0x2000fbf4       0xc0 ./src/sub-systemCode/payload/Compression/jpeg/jpeg_encoder.o
                0x2000fbf4                emit_jfif_app0
 .text.emit_dqt
                0x2000fcb4       0xd8 ./src/sub-systemCode/payload/Compression/jpeg/jpeg_encoder.o
                0x2000fcb4                emit_dqt
 .text.emit_sof
                0x2000fd8c      0x14c ./src/sub-systemCode/payload/Compression/jpeg/jpeg_encoder.o
                0x2000fd8c                emit_sof
 .text.emit_dht
                0x2000fed8      0x138 ./src/sub-systemCode/payload/Compression/jpeg/jpeg_encoder.o
                0x2000fed8                emit_dht
 .text.emit_dhts
                0x20010010       0xd8 ./src/sub-systemCode/payload/Compression/jpeg/jpeg_encoder.o
                0x20010010                emit_dhts
 .text.emit_sos
                0x200100e8       0xec ./src/sub-systemCode/payload/Compression/jpeg/jpeg_encoder.o
                0x200100e8                emit_sos
 .text.emit_markers
                0x200101d4       0x4c ./src/sub-systemCode/payload/Compression/jpeg/jpeg_encoder.o
                0x200101d4                emit_markers
 .text.compute_huffman_table
                0x20010220      0x334 ./src/sub-systemCode/payload/Compression/jpeg/jpeg_encoder.o
                0x20010220                compute_huffman_table
 .text.compute_quant_table
                0x20010554      0x11c ./src/sub-systemCode/payload/Compression/jpeg/jpeg_encoder.o
                0x20010554                compute_quant_table
 .text.first_pass_init
                0x20010670       0x54 ./src/sub-systemCode/payload/Compression/jpeg/jpeg_encoder.o
                0x20010670                first_pass_init
 .text.second_pass_init
                0x200106c4      0x110 ./src/sub-systemCode/payload/Compression/jpeg/jpeg_encoder.o
                0x200106c4                second_pass_init
 .text.jpg_open
                0x200107d4      0x7b4 ./src/sub-systemCode/payload/Compression/jpeg/jpeg_encoder.o
                0x200107d4                jpg_open
 .text.load_block_8_8_grey
                0x20010f88      0x164 ./src/sub-systemCode/payload/Compression/jpeg/jpeg_encoder.o
                0x20010f88                load_block_8_8_grey
 .text.load_block_8_8
                0x200110ec      0x198 ./src/sub-systemCode/payload/Compression/jpeg/jpeg_encoder.o
                0x200110ec                load_block_8_8
 .text.load_block_16_8
                0x20011284      0x3cc ./src/sub-systemCode/payload/Compression/jpeg/jpeg_encoder.o
                0x20011284                load_block_16_8
 .text.load_block_16_8_8
                0x20011650      0x2a8 ./src/sub-systemCode/payload/Compression/jpeg/jpeg_encoder.o
                0x20011650                load_block_16_8_8
 .text.load_coefficients
                0x200118f8      0x1c8 ./src/sub-systemCode/payload/Compression/jpeg/jpeg_encoder.o
                0x200118f8                load_coefficients
 .text.flush_output_buffer
                0x20011ac0       0xa0 ./src/sub-systemCode/payload/Compression/jpeg/jpeg_encoder.o
                0x20011ac0                flush_output_buffer
 .text.put_bits
                0x20011b60      0x170 ./src/sub-systemCode/payload/Compression/jpeg/jpeg_encoder.o
                0x20011b60                put_bits
 .text.code_coefficients_pass_two
                0x20011cd0      0x338 ./src/sub-systemCode/payload/Compression/jpeg/jpeg_encoder.o
                0x20011cd0                code_coefficients_pass_two
 .text.code_block
                0x20012008       0x44 ./src/sub-systemCode/payload/Compression/jpeg/jpeg_encoder.o
                0x20012008                code_block
 .text.process_mcu_row
                0x2001204c      0x328 ./src/sub-systemCode/payload/Compression/jpeg/jpeg_encoder.o
                0x2001204c                process_mcu_row
 .text.terminate_pass_two
                0x20012374       0x44 ./src/sub-systemCode/payload/Compression/jpeg/jpeg_encoder.o
                0x20012374                terminate_pass_two
 .text.process_end_of_image
                0x200123b8       0xc0 ./src/sub-systemCode/payload/Compression/jpeg/jpeg_encoder.o
                0x200123b8                process_end_of_image
 .text.load_mcu
                0x20012478      0x29c ./src/sub-systemCode/payload/Compression/jpeg/jpeg_encoder.o
                0x20012478                load_mcu
 .text.clear    0x20012714      0x1e0 ./src/sub-systemCode/payload/Compression/jpeg/jpeg_encoder.o
                0x20012714                clear
 .text.init     0x200128f4       0xe4 ./src/sub-systemCode/payload/Compression/jpeg/jpeg_encoder.o
                0x200128f4                init
 .text.deinit   0x200129d8      0x160 ./src/sub-systemCode/payload/Compression/jpeg/jpeg_encoder.o
                0x200129d8                deinit
 .text.process_scanline
                0x20012b38       0x6c ./src/sub-systemCode/payload/Compression/jpeg/jpeg_encoder.o
                0x20012b38                process_scanline
 .text.jpge_malloc
                0x20012ba4       0x28 ./src/sub-systemCode/payload/Compression/jpeg/jpeg_memory_alloc.o
                0x20012ba4                jpge_malloc
 .text.jpge_cmalloc
                0x20012bcc       0x48 ./src/sub-systemCode/payload/Compression/jpeg/jpeg_memory_alloc.o
                0x20012bcc                jpge_cmalloc
 .text.jpge_free
                0x20012c14       0x24 ./src/sub-systemCode/payload/Compression/jpeg/jpeg_memory_alloc.o
                0x20012c14                jpge_free
 .text.check    0x20012c38       0x78 ./src/sub-systemCode/payload/Compression/jpeg/jpeg_params.o
                0x20012c38                check
 .text.open_jpeg_file
                0x20012cb0       0xfc ./src/sub-systemCode/payload/Compression/jpeg/output_stream.o
                0x20012cb0                open_jpeg_file
 .text.close_jpeg_file
                0x20012dac      0x118 ./src/sub-systemCode/payload/Compression/jpeg/output_stream.o
                0x20012dac                close_jpeg_file
 .text.put_buf  0x20012ec4      0x258 ./src/sub-systemCode/payload/Compression/jpeg/output_stream.o
                0x20012ec4                put_buf
 .text.GetBayerPixel
                0x2001311c       0xe8 ./src/sub-systemCode/payload/Compression/ImageConversion.o
 .text.BinImage
                0x20013204      0x2c8 ./src/sub-systemCode/payload/Compression/ImageConversion.o
                0x20013204                BinImage
 .text.ImageSkipping
                0x200134cc      0x2ac ./src/sub-systemCode/payload/Compression/ImageConversion.o
                0x200134cc                ImageSkipping
 .text.CreateImageThumbnail_withoutSearch
                0x20013778      0x14c ./src/sub-systemCode/payload/Compression/ImageConversion.o
                0x20013778                CreateImageThumbnail_withoutSearch
 .text.CreateImageThumbnail
                0x200138c4       0x98 ./src/sub-systemCode/payload/Compression/ImageConversion.o
                0x200138c4                CreateImageThumbnail
 .text.compressImage
                0x2001395c      0x17c ./src/sub-systemCode/payload/Compression/ImageConversion.o
                0x2001395c                compressImage
 .text.AdcsCmdQueueInit
                0x20013ad8       0x4c ./src/sub-systemCode/Main/CMD/ADCS_CMD.o
                0x20013ad8                AdcsCmdQueueInit
 .text.AdcsCmdQueueGet
                0x20013b24       0x8c ./src/sub-systemCode/Main/CMD/ADCS_CMD.o
                0x20013b24                AdcsCmdQueueGet
 .text.AdcsCmdQueueAdd
                0x20013bb0       0x74 ./src/sub-systemCode/Main/CMD/ADCS_CMD.o
                0x20013bb0                AdcsCmdQueueAdd
 .text.AdcsCmdQueueIsEmpty
                0x20013c24       0x3c ./src/sub-systemCode/Main/CMD/ADCS_CMD.o
                0x20013c24                AdcsCmdQueueIsEmpty
 .text.getAdcsQueueWaitPointer
                0x20013c60       0x20 ./src/sub-systemCode/Main/CMD/ADCS_CMD.o
                0x20013c60                getAdcsQueueWaitPointer
 .text.cmd_mute
                0x20013c80       0xf4 ./src/sub-systemCode/Main/CMD/COMM_CMD.o
                0x20013c80                cmd_mute
 .text.cmd_unmute
                0x20013d74       0x90 ./src/sub-systemCode/Main/CMD/COMM_CMD.o
                0x20013d74                cmd_unmute
 .text.cmd_active_trans
                0x20013e04       0xc0 ./src/sub-systemCode/Main/CMD/COMM_CMD.o
                0x20013e04                cmd_active_trans
 .text.cmd_shut_trans
                0x20013ec4       0x8c ./src/sub-systemCode/Main/CMD/COMM_CMD.o
                0x20013ec4                cmd_shut_trans
 .text.cmd_change_trans_rssi
                0x20013f50      0x140 ./src/sub-systemCode/Main/CMD/COMM_CMD.o
                0x20013f50                cmd_change_trans_rssi
 .text.cmd_aprs_dump
                0x20014090       0x38 ./src/sub-systemCode/Main/CMD/COMM_CMD.o
                0x20014090                cmd_aprs_dump
 .text.cmd_stop_dump
                0x200140c8       0x8c ./src/sub-systemCode/Main/CMD/COMM_CMD.o
                0x200140c8                cmd_stop_dump
 .text.cmd_time_frequency
                0x20014154       0xf8 ./src/sub-systemCode/Main/CMD/COMM_CMD.o
                0x20014154                cmd_time_frequency
 .text.cmd_change_def_bit_rate
                0x2001424c      0x1a8 ./src/sub-systemCode/Main/CMD/COMM_CMD.o
                0x2001424c                cmd_change_def_bit_rate
 .text.cmd_upload_volt_logic
                0x200143f4      0x370 ./src/sub-systemCode/Main/CMD/EPS_CMD.o
                0x200143f4                cmd_upload_volt_logic
 .text.cmd_upload_volt_COMM
                0x20014764      0x1d4 ./src/sub-systemCode/Main/CMD/EPS_CMD.o
                0x20014764                cmd_upload_volt_COMM
 .text.cmd_heater_temp
                0x20014938       0xe4 ./src/sub-systemCode/Main/CMD/EPS_CMD.o
                0x20014938                cmd_heater_temp
 .text.cmd_SHUT_CAM
                0x20014a1c       0x78 ./src/sub-systemCode/Main/CMD/EPS_CMD.o
                0x20014a1c                cmd_SHUT_CAM
 .text.cmd_SHUT_ADCS
                0x20014a94       0x78 ./src/sub-systemCode/Main/CMD/EPS_CMD.o
                0x20014a94                cmd_SHUT_ADCS
 .text.cmd_allow_CAM
                0x20014b0c       0x78 ./src/sub-systemCode/Main/CMD/EPS_CMD.o
                0x20014b0c                cmd_allow_CAM
 .text.cmd_allow_ADCS
                0x20014b84       0x78 ./src/sub-systemCode/Main/CMD/EPS_CMD.o
                0x20014b84                cmd_allow_ADCS
 .text.cmd_update_alpha
                0x20014bfc      0x120 ./src/sub-systemCode/Main/CMD/EPS_CMD.o
                0x20014bfc                cmd_update_alpha
 .text.cmd_generic_I2C
                0x20014d1c       0xe4 ./src/sub-systemCode/Main/CMD/General_CMD.o
                0x20014d1c                cmd_generic_I2C
 .text.cmd_dump
                0x20014e00       0xf0 ./src/sub-systemCode/Main/CMD/General_CMD.o
                0x20014e00                cmd_dump
 .text.cmd_delete_TM
                0x20014ef0      0x24c ./src/sub-systemCode/Main/CMD/General_CMD.o
                0x20014ef0                cmd_delete_TM
 .text.cmd_reset_file
                0x2001513c      0x130 ./src/sub-systemCode/Main/CMD/General_CMD.o
                0x2001513c                cmd_reset_file
 .text.cmd_dummy_func
                0x2001526c       0x40 ./src/sub-systemCode/Main/CMD/General_CMD.o
                0x2001526c                cmd_dummy_func
 .text.cmd_reset_TLM_SD
                0x200152ac       0x54 ./src/sub-systemCode/Main/CMD/General_CMD.o
                0x200152ac                cmd_reset_TLM_SD
 .text.cmd_stop_TM
                0x20015300       0x7c ./src/sub-systemCode/Main/CMD/General_CMD.o
                0x20015300                cmd_stop_TM
 .text.cmd_resume_TM
                0x2001537c       0x7c ./src/sub-systemCode/Main/CMD/General_CMD.o
                0x2001537c                cmd_resume_TM
 .text.cmd_soft_reset_cmponent
                0x200153f8       0xd0 ./src/sub-systemCode/Main/CMD/General_CMD.o
                0x200153f8                cmd_soft_reset_cmponent
 .text.cmd_hard_reset_cmponent
                0x200154c8       0xd0 ./src/sub-systemCode/Main/CMD/General_CMD.o
                0x200154c8                cmd_hard_reset_cmponent
 .text.cmd_reset_satellite
                0x20015598       0x90 ./src/sub-systemCode/Main/CMD/General_CMD.o
                0x20015598                cmd_reset_satellite
 .text.cmd_gracefull_reset_satellite
                0x20015628       0x90 ./src/sub-systemCode/Main/CMD/General_CMD.o
                0x20015628                cmd_gracefull_reset_satellite
 .text.cmd_upload_time
                0x200156b8       0xdc ./src/sub-systemCode/Main/CMD/General_CMD.o
                0x200156b8                cmd_upload_time
 .text.cmd_ARM_DIARM
                0x20015794      0x104 ./src/sub-systemCode/Main/CMD/General_CMD.o
                0x20015794                cmd_ARM_DIARM
 .text.cmd_get_onlineTM
                0x20015898      0x220 ./src/sub-systemCode/Main/CMD/General_CMD.o
                0x20015898                cmd_get_onlineTM
 .text.cmd_reset_off_line
                0x20015ab8       0x74 ./src/sub-systemCode/Main/CMD/General_CMD.o
                0x20015ab8                cmd_reset_off_line
 .text.cmd_add_item_off_line
                0x20015b2c      0x124 ./src/sub-systemCode/Main/CMD/General_CMD.o
                0x20015b2c                cmd_add_item_off_line
 .text.cmd_delete_item_off_line
                0x20015c50       0xb0 ./src/sub-systemCode/Main/CMD/General_CMD.o
                0x20015c50                cmd_delete_item_off_line
 .text.cmd_get_off_line_setting
                0x20015d00      0x1cc ./src/sub-systemCode/Main/CMD/General_CMD.o
                0x20015d00                cmd_get_off_line_setting
 .text.cmd_reset_delayed_command_list
                0x20015ecc       0x3c ./src/sub-systemCode/Main/CMD/SW_CMD.o
                0x20015ecc                cmd_reset_delayed_command_list
 .text.cmd_reset_APRS_list
                0x20015f08       0x3c ./src/sub-systemCode/Main/CMD/SW_CMD.o
                0x20015f08                cmd_reset_APRS_list
 .text.cmd_reset_FRAM
                0x20015f44      0x100 ./src/sub-systemCode/Main/CMD/SW_CMD.o
                0x20015f44                cmd_reset_FRAM
 .text.cmd_FRAM_read
                0x20016044      0x260 ./src/sub-systemCode/Main/CMD/SW_CMD.o
                0x20016044                cmd_FRAM_read
 .text.cmd_FRAM_write
                0x200162a4      0x114 ./src/sub-systemCode/Main/CMD/SW_CMD.o
                0x200162a4                cmd_FRAM_write
 .text.ARM_ants
                0x200163b8       0xb8 ./src/sub-systemCode/Main/Ants.o
                0x200163b8                ARM_ants
 .text.DISARM_ants
                0x20016470       0xf0 ./src/sub-systemCode/Main/Ants.o
                0x20016470                DISARM_ants
 .text.reset_deployStatusFRAM
                0x20016560       0xdc ./src/sub-systemCode/Main/Ants.o
                0x20016560                reset_deployStatusFRAM
 .text.reset_FRAM_ants
                0x2001663c       0xc4 ./src/sub-systemCode/Main/Ants.o
                0x2001663c                reset_FRAM_ants
 .text.update_stopDeploy_FRAM
                0x20016700       0x64 ./src/sub-systemCode/Main/Ants.o
                0x20016700                update_stopDeploy_FRAM
 .text.round_vol
                0x20016764      0x124 ./src/sub-systemCode/Main/EPS.o
                0x20016764                round_vol
 .text.get_shut_ADCS
                0x20016888       0x64 ./src/sub-systemCode/Main/EPS.o
                0x20016888                get_shut_ADCS
 .text.shut_ADCS
                0x200168ec       0x60 ./src/sub-systemCode/Main/EPS.o
                0x200168ec                shut_ADCS
 .text.get_shut_CAM
                0x2001694c       0x64 ./src/sub-systemCode/Main/EPS.o
                0x2001694c                get_shut_CAM
 .text.shut_CAM
                0x200169b0       0x60 ./src/sub-systemCode/Main/EPS.o
                0x200169b0                shut_CAM
 .text.update_powerLines
                0x20016a10      0x124 ./src/sub-systemCode/Main/EPS.o
                0x20016a10                update_powerLines
 .text.get_EPS_mode_t
                0x20016b34       0x24 ./src/sub-systemCode/Main/EPS.o
                0x20016b34                get_EPS_mode_t
 .text.init_enterMode
                0x20016b58       0x88 ./src/sub-systemCode/Main/EPS.o
                0x20016b58                init_enterMode
 .text.EPS_Init
                0x20016be0      0x1c8 ./src/sub-systemCode/Main/EPS.o
                0x20016be0                EPS_Init
 .text.reset_FRAM_EPS
                0x20016da8      0x150 ./src/sub-systemCode/Main/EPS.o
                0x20016da8                reset_FRAM_EPS
 .text.reset_EPS_voltages
                0x20016ef8      0x110 ./src/sub-systemCode/Main/EPS.o
                0x20016ef8                reset_EPS_voltages
 .text.writeState_log
                0x20017008       0xc4 ./src/sub-systemCode/Main/EPS.o
                0x20017008                writeState_log
 .text.battery_downward
                0x200170cc      0x160 ./src/sub-systemCode/Main/EPS.o
                0x200170cc                battery_downward
 .text.battery_upward
                0x2001722c      0x16c ./src/sub-systemCode/Main/EPS.o
                0x2001722c                battery_upward
 .text.sanityCheck_EPS
                0x20017398      0x184 ./src/sub-systemCode/Main/EPS.o
                0x20017398                sanityCheck_EPS
 .text.overRide_ADCS
                0x2001751c       0x50 ./src/sub-systemCode/Main/EPS.o
                0x2001751c                overRide_ADCS
 .text.overRide_Camera
                0x2001756c       0x38 ./src/sub-systemCode/Main/EPS.o
                0x2001756c                overRide_Camera
 .text.EPS_Conditioning
                0x200175a4      0x2e4 ./src/sub-systemCode/Main/EPS.o
                0x200175a4                EPS_Conditioning
 .text.EnterFullMode
                0x20017888       0xf0 ./src/sub-systemCode/Main/EPS.o
                0x20017888                EnterFullMode
 .text.EnterCruiseMode
                0x20017978       0xe0 ./src/sub-systemCode/Main/EPS.o
                0x20017978                EnterCruiseMode
 .text.EnterSafeMode
                0x20017a58       0xe0 ./src/sub-systemCode/Main/EPS.o
                0x20017a58                EnterSafeMode
 .text.EnterCriticalMode
                0x20017b38       0xcc ./src/sub-systemCode/Main/EPS.o
                0x20017b38                EnterCriticalMode
 .text.check_EPSTableCorrection
                0x20017c04      0x120 ./src/sub-systemCode/Main/EPS.o
                0x20017c04                check_EPSTableCorrection
 .text.save_ACK
                0x20017d24       0xd4 ./src/sub-systemCode/Main/HouseKeeping.o
                0x20017d24                save_ACK
 .text.set_GP_EPS
                0x20017df8      0x10c ./src/sub-systemCode/Main/HouseKeeping.o
                0x20017df8                set_GP_EPS
 .text.set_GP_COMM
                0x20017f04       0x88 ./src/sub-systemCode/Main/HouseKeeping.o
                0x20017f04                set_GP_COMM
 .text.SP_HK_collect
                0x20017f8c      0x22c ./src/sub-systemCode/Main/HouseKeeping.o
                0x20017f8c                SP_HK_collect
 .text.EPS_HK_collect
                0x200181b8      0x528 ./src/sub-systemCode/Main/HouseKeeping.o
                0x200181b8                EPS_HK_collect
 .text.CAM_HK_collect
                0x200186e0      0x920 ./src/sub-systemCode/Main/HouseKeeping.o
                0x200186e0                CAM_HK_collect
 .text.COMM_HK_collect
                0x20019000      0x244 ./src/sub-systemCode/Main/HouseKeeping.o
                0x20019000                COMM_HK_collect
 .text.HK_find_ADCSTM_fileName
                0x20019244      0x44c ./src/sub-systemCode/Main/HouseKeeping.o
                0x20019244                HK_find_ADCSTM_fileName
 .text.HK_find_fileName
                0x20019690      0x174 ./src/sub-systemCode/Main/HouseKeeping.o
                0x20019690                HK_find_fileName
 .text.HK_find_ADCSTM_ElementSize
                0x20019804      0x1b8 ./src/sub-systemCode/Main/HouseKeeping.o
                0x20019804                HK_find_ADCSTM_ElementSize
 .text.HK_findElementSize
                0x200199bc       0xd4 ./src/sub-systemCode/Main/HouseKeeping.o
                0x200199bc                HK_findElementSize
 .text.build_HK_spl_packet
                0x20019a90      0x27c ./src/sub-systemCode/Main/HouseKeeping.o
                0x20019a90                build_HK_spl_packet
 .text.numberOfRestarts
                0x20019d0c       0x94 ./src/sub-systemCode/Main/Main_Init.o
                0x20019d0c                numberOfRestarts
 .text.StartFRAM
                0x20019da0       0x38 ./src/sub-systemCode/Main/Main_Init.o
                0x20019da0                StartFRAM
 .text.StartI2C
                0x20019dd8       0x44 ./src/sub-systemCode/Main/Main_Init.o
                0x20019dd8                StartI2C
 .text.StartSPI
                0x20019e1c       0x40 ./src/sub-systemCode/Main/Main_Init.o
                0x20019e1c                StartSPI
 .text.StartTIME
                0x20019e5c      0x120 ./src/sub-systemCode/Main/Main_Init.o
                0x20019e5c                StartTIME
 .text.first_activation
                0x20019f7c       0x7c ./src/sub-systemCode/Main/Main_Init.o
                0x20019f7c                first_activation
 .text.InitSubsystems
                0x20019ff8       0x6c ./src/sub-systemCode/Main/Main_Init.o
                0x20019ff8                InitSubsystems
 .text.SubSystemTaskStart
                0x2001a064      0x13c ./src/sub-systemCode/Main/Main_Init.o
                0x2001a064                SubSystemTaskStart
 .text.copy_command
                0x2001a1a0       0x80 ./src/sub-systemCode/Main/commands.o
                0x2001a1a0                copy_command
 .text.reset_command
                0x2001a220       0x28 ./src/sub-systemCode/Main/commands.o
                0x2001a220                reset_command
 .text.init_command
                0x2001a248       0xf4 ./src/sub-systemCode/Main/commands.o
                0x2001a248                init_command
 .text.add_command
                0x2001a33c      0x12c ./src/sub-systemCode/Main/commands.o
                0x2001a33c                add_command
 .text.get_command
                0x2001a468      0x1c0 ./src/sub-systemCode/Main/commands.o
                0x2001a468                get_command
 .text.act_upon_command
                0x2001a628      0x1e4 ./src/sub-systemCode/Main/commands.o
                0x2001a628                act_upon_command
 .text.cmd_error
                0x2001a80c       0x38 ./src/sub-systemCode/Main/commands.o
                0x2001a80c                cmd_error
 .text.AUC_COMM
                0x2001a844      0x25c ./src/sub-systemCode/Main/commands.o
                0x2001a844                AUC_COMM
 .text.AUC_general
                0x2001aaa0      0x364 ./src/sub-systemCode/Main/commands.o
                0x2001aaa0                AUC_general
 .text.AUC_payload
                0x2001ae04      0x248 ./src/sub-systemCode/Main/commands.o
                0x2001ae04                AUC_payload
 .text.AUC_EPS  0x2001b04c      0x28c ./src/sub-systemCode/Main/commands.o
                0x2001b04c                AUC_EPS
 .text.AUC_SW   0x2001b2d8      0x1cc ./src/sub-systemCode/Main/commands.o
                0x2001b2d8                AUC_SW
 .text.AUC_onlineTM
                0x2001b4a4      0x1f0 ./src/sub-systemCode/Main/commands.o
                0x2001b4a4                AUC_onlineTM
 .text.AUC_CUF  0x2001b694      0x168 ./src/sub-systemCode/Main/commands.o
                0x2001b694                AUC_CUF
 .text.init_GenericSaveQueue
                0x2001b7fc       0x3c ./src/sub-systemCode/Global/GenericTaskSave.o
                0x2001b7fc                init_GenericSaveQueue
 .text.add_GenericElement_queue
                0x2001b838       0x80 ./src/sub-systemCode/Global/GenericTaskSave.o
                0x2001b838                add_GenericElement_queue
 .text.GenericSave_Task
                0x2001b8b8      0x128 ./src/sub-systemCode/Global/GenericTaskSave.o
                0x2001b8b8                GenericSave_Task
 .text.check_int
                0x2001b9e0       0x20 ./src/sub-systemCode/Global/Global.o
                0x2001b9e0                check_int
 .text.check_portBASE_TYPE
                0x2001ba00       0x20 ./src/sub-systemCode/Global/Global.o
                0x2001ba00                check_portBASE_TYPE
 .text.soft_reset_subsystem
                0x2001ba20       0xf0 ./src/sub-systemCode/Global/Global.o
                0x2001ba20                soft_reset_subsystem
 .text.hard_reset_subsystem
                0x2001bb10      0x134 ./src/sub-systemCode/Global/Global.o
                0x2001bb10                hard_reset_subsystem
 .text.BigEnE_raw_to_uInt
                0x2001bc44       0x94 ./src/sub-systemCode/Global/Global.o
                0x2001bc44                BigEnE_raw_to_uInt
 .text.BigEnE_raw_to_uShort
                0x2001bcd8       0x50 ./src/sub-systemCode/Global/Global.o
                0x2001bcd8                BigEnE_raw_to_uShort
 .text.BigEnE_uInt_to_raw
                0x2001bd28       0x78 ./src/sub-systemCode/Global/Global.o
                0x2001bd28                BigEnE_uInt_to_raw
 .text.reset_FRAM_MAIN
                0x2001bda0      0x1cc ./src/sub-systemCode/Global/Global.o
                0x2001bda0                reset_FRAM_MAIN
 .text.getBitValueByIndex
                0x2001bf6c       0xd0 ./src/sub-systemCode/Global/Global.o
                0x2001bf6c                getBitValueByIndex
 .text.FRAM_write_exte
                0x2001c03c       0x84 ./src/sub-systemCode/Global/Global.o
                0x2001c03c                FRAM_write_exte
 .text.FRAM_read_exte
                0x2001c0c0       0x84 ./src/sub-systemCode/Global/Global.o
                0x2001c0c0                FRAM_read_exte
 .text.FRAM_writeAndVerify_exte
                0x2001c144       0x84 ./src/sub-systemCode/Global/Global.o
                0x2001c144                FRAM_writeAndVerify_exte
 .text.init_GP  0x2001c1c8      0x368 ./src/sub-systemCode/Global/GlobalParam.o
                0x2001c1c8                init_GP
 .text.get_system_state
                0x2001c530      0x268 ./src/sub-systemCode/Global/GlobalParam.o
                0x2001c530                get_system_state
 .text.set_system_state
                0x2001c798      0x298 ./src/sub-systemCode/Global/GlobalParam.o
                0x2001c798                set_system_state
 .text.get_systems_state_param
                0x2001ca30       0x8c ./src/sub-systemCode/Global/GlobalParam.o
                0x2001ca30                get_systems_state_param
 .text.get_current_global_param
                0x2001cabc      0x55c ./src/sub-systemCode/Global/GlobalParam.o
                0x2001cabc                get_current_global_param
 .text.set_Vbatt
                0x2001d018       0x8c ./src/sub-systemCode/Global/GlobalParam.o
                0x2001d018                set_Vbatt
 .text.get_Vbatt
                0x2001d0a4       0x8c ./src/sub-systemCode/Global/GlobalParam.o
                0x2001d0a4                get_Vbatt
 .text.set_curBat
                0x2001d130       0x8c ./src/sub-systemCode/Global/GlobalParam.o
                0x2001d130                set_curBat
 .text.set_cur3V3
                0x2001d1bc       0x8c ./src/sub-systemCode/Global/GlobalParam.o
                0x2001d1bc                set_cur3V3
 .text.set_cur5V
                0x2001d248       0x8c ./src/sub-systemCode/Global/GlobalParam.o
                0x2001d248                set_cur5V
 .text.set_tempComm_LO
                0x2001d2d4       0x8c ./src/sub-systemCode/Global/GlobalParam.o
                0x2001d2d4                set_tempComm_LO
 .text.set_tempComm_PA
                0x2001d360       0x8c ./src/sub-systemCode/Global/GlobalParam.o
                0x2001d360                set_tempComm_PA
 .text.set_tempEPS
                0x2001d3ec       0xc8 ./src/sub-systemCode/Global/GlobalParam.o
                0x2001d3ec                set_tempEPS
 .text.set_tempBatt
                0x2001d4b4       0xc8 ./src/sub-systemCode/Global/GlobalParam.o
                0x2001d4b4                set_tempBatt
 .text.set_RxDoppler
                0x2001d57c       0x8c ./src/sub-systemCode/Global/GlobalParam.o
                0x2001d57c                set_RxDoppler
 .text.set_RxRSSI
                0x2001d608       0x8c ./src/sub-systemCode/Global/GlobalParam.o
                0x2001d608                set_RxRSSI
 .text.set_TxRefl
                0x2001d694       0x8c ./src/sub-systemCode/Global/GlobalParam.o
                0x2001d694                set_TxRefl
 .text.set_TxForw
                0x2001d720       0x8c ./src/sub-systemCode/Global/GlobalParam.o
                0x2001d720                set_TxForw
 .text.set_EPSState
                0x2001d7ac       0x8c ./src/sub-systemCode/Global/GlobalParam.o
                0x2001d7ac                set_EPSState
 .text.set_numOfDelayedCommand
                0x2001d838       0x8c ./src/sub-systemCode/Global/GlobalParam.o
                0x2001d838                set_numOfDelayedCommand
 .text.set_numOfResets
                0x2001d8c4       0xac ./src/sub-systemCode/Global/GlobalParam.o
                0x2001d8c4                set_numOfResets
 .text.set_ground_conn
                0x2001d970       0xa0 ./src/sub-systemCode/Global/GlobalParam.o
                0x2001d970                set_ground_conn
 .text.get_ground_conn
                0x2001da10       0xa0 ./src/sub-systemCode/Global/GlobalParam.o
                0x2001da10                get_ground_conn
 .text.IsisAntS_getStatusData_sideA
                0x2001dab0       0x3c ./src/sub-systemCode/Global/OnlineTM.o
                0x2001dab0                IsisAntS_getStatusData_sideA
 .text.IsisAntS_getAlltelemetry_sideA
                0x2001daec       0x3c ./src/sub-systemCode/Global/OnlineTM.o
                0x2001daec                IsisAntS_getAlltelemetry_sideA
 .text.IsisAntS_getTemperature_sideA
                0x2001db28       0x3c ./src/sub-systemCode/Global/OnlineTM.o
                0x2001db28                IsisAntS_getTemperature_sideA
 .text.IsisAntS_getStatusData_sideB
                0x2001db64       0x3c ./src/sub-systemCode/Global/OnlineTM.o
                0x2001db64                IsisAntS_getStatusData_sideB
 .text.IsisAntS_getAlltelemetry_sideB
                0x2001dba0       0x3c ./src/sub-systemCode/Global/OnlineTM.o
                0x2001dba0                IsisAntS_getAlltelemetry_sideB
 .text.IsisAntS_getTemperature_sideB
                0x2001dbdc       0x3c ./src/sub-systemCode/Global/OnlineTM.o
                0x2001dbdc                IsisAntS_getTemperature_sideB
 .text.HK_collect_EPS
                0x2001dc18       0x30 ./src/sub-systemCode/Global/OnlineTM.o
                0x2001dc18                HK_collect_EPS
 .text.HK_collect_COMM
                0x2001dc48       0x30 ./src/sub-systemCode/Global/OnlineTM.o
                0x2001dc48                HK_collect_COMM
 .text.HK_collect_CAM
                0x2001dc78       0x30 ./src/sub-systemCode/Global/OnlineTM.o
                0x2001dc78                HK_collect_CAM
 .text.HK_collect_SP
                0x2001dca8       0x30 ./src/sub-systemCode/Global/OnlineTM.o
                0x2001dca8                HK_collect_SP
 .text.HK_collect_FS_A
                0x2001dcd8       0x9c ./src/sub-systemCode/Global/OnlineTM.o
                0x2001dcd8                HK_collect_FS_A
 .text.HK_collect_FS_B
                0x2001dd74       0x9c ./src/sub-systemCode/Global/OnlineTM.o
                0x2001dd74                HK_collect_FS_B
 .text.save_offlineSetting_FRAM
                0x2001de10      0x26c ./src/sub-systemCode/Global/OnlineTM.o
                0x2001de10                save_offlineSetting_FRAM
 .text.get_offlineSetting_FRAM
                0x2001e07c       0x58 ./src/sub-systemCode/Global/OnlineTM.o
                0x2001e07c                get_offlineSetting_FRAM
 .text.update_offlineSetting_FRAM
                0x2001e0d4      0x360 ./src/sub-systemCode/Global/OnlineTM.o
                0x2001e0d4                update_offlineSetting_FRAM
 .text.get_offlineSettingPacket
                0x2001e434       0xc4 ./src/sub-systemCode/Global/OnlineTM.o
                0x2001e434                get_offlineSettingPacket
 .text.get_item_by_index
                0x2001e4f8       0xdc ./src/sub-systemCode/Global/OnlineTM.o
                0x2001e4f8                get_item_by_index
 .text.get_pointer_item_by_index
                0x2001e5d4       0x48 ./src/sub-systemCode/Global/OnlineTM.o
                0x2001e5d4                get_pointer_item_by_index
 .text.init_onlineParam
                0x2001e61c     0x2f70 ./src/sub-systemCode/Global/OnlineTM.o
                0x2001e61c                init_onlineParam
 .text.reset_offline_TM_list
                0x2002158c      0x184 ./src/sub-systemCode/Global/OnlineTM.o
                0x2002158c                reset_offline_TM_list
 .text.get_online_packet
                0x20021710      0x25c ./src/sub-systemCode/Global/OnlineTM.o
                0x20021710                get_online_packet
 .text.save_onlineTM_param
                0x2002196c      0x1b4 ./src/sub-systemCode/Global/OnlineTM.o
                0x2002196c                save_onlineTM_param
 .text.add_onlineTM_param_to_save_list
                0x20021b20      0x3e4 ./src/sub-systemCode/Global/OnlineTM.o
                0x20021b20                add_onlineTM_param_to_save_list
 .text.delete_onlineTM_param_from_offline
                0x20021f04      0x1a8 ./src/sub-systemCode/Global/OnlineTM.o
                0x20021f04                delete_onlineTM_param_from_offline
 .text.save_onlineTM_logic
                0x200220ac      0x2d4 ./src/sub-systemCode/Global/OnlineTM.o
                0x200220ac                save_onlineTM_logic
 .text.updateSD_state
                0x20022380       0xbc ./src/sub-systemCode/Global/OnlineTM.o
                0x20022380                updateSD_state
 .text.sleepRTC_second
                0x2002243c       0x64 ./src/sub-systemCode/Global/OnlineTM.o
 .text.save_onlineTM_task
                0x200224a0       0xf4 ./src/sub-systemCode/Global/OnlineTM.o
                0x200224a0                save_onlineTM_task
 .text.deleteDir
                0x20022594       0x48 ./src/sub-systemCode/Global/TLM_management.o
                0x20022594                deleteDir
 .text.getNumOfFilesInFS
                0x200225dc       0x44 ./src/sub-systemCode/Global/TLM_management.o
 .text.setNumOfFilesInFS
                0x20022620       0x50 ./src/sub-systemCode/Global/TLM_management.o
 .text.f_managed_enterFS
                0x20022670       0x18 ./src/sub-systemCode/Global/TLM_management.o
                0x20022670                f_managed_enterFS
 .text.f_managed_releaseFS
                0x20022688       0x18 ./src/sub-systemCode/Global/TLM_management.o
                0x20022688                f_managed_releaseFS
 .text.f_managed_open
                0x200226a0      0x114 ./src/sub-systemCode/Global/TLM_management.o
                0x200226a0                f_managed_open
 .text.f_managed_close
                0x200227b4       0x94 ./src/sub-systemCode/Global/TLM_management.o
                0x200227b4                f_managed_close
 .text.createSemahores_FS
                0x20022848       0x48 ./src/sub-systemCode/Global/TLM_management.o
                0x20022848                createSemahores_FS
 .text.InitializeFS
                0x20022890      0x19c ./src/sub-systemCode/Global/TLM_management.o
                0x20022890                InitializeFS
 .text.c_fileCreate
                0x20022a2c      0x11c ./src/sub-systemCode/Global/TLM_management.o
                0x20022a2c                c_fileCreate
 .text.writewithEpochtime
                0x20022b48       0xa8 ./src/sub-systemCode/Global/TLM_management.o
 .text.get_C_FILE_struct
                0x20022bf0      0x104 ./src/sub-systemCode/Global/TLM_management.o
 .text.getFileIndex
                0x20022cf4       0x64 ./src/sub-systemCode/Global/TLM_management.o
 .text.get_file_name_by_index
                0x20022d58       0x54 ./src/sub-systemCode/Global/TLM_management.o
                0x20022d58                get_file_name_by_index
 .text.c_fileReset
                0x20022dac      0x140 ./src/sub-systemCode/Global/TLM_management.o
                0x20022dac                c_fileReset
 .text.c_fileWrite
                0x20022eec      0x174 ./src/sub-systemCode/Global/TLM_management.o
                0x20022eec                c_fileWrite
 .text.deleteElementsFromFile
                0x20023060      0x1a0 ./src/sub-systemCode/Global/TLM_management.o
 .text.c_fileDeleteElements
                0x20023200      0x168 ./src/sub-systemCode/Global/TLM_management.o
                0x20023200                c_fileDeleteElements
 .text.c_fileRead
                0x20023368      0x310 ./src/sub-systemCode/Global/TLM_management.o
                0x20023368                c_fileRead
 .text.DeInitializeFS
                0x20023678       0xdc ./src/sub-systemCode/Global/TLM_management.o
                0x20023678                DeInitializeFS
 .text.xSemaphoreGive_extended
                0x20023754       0x48 ./src/sub-systemCode/Global/freertosExtended.o
                0x20023754                xSemaphoreGive_extended
 .text.xSemaphoreTake_extended
                0x2002379c       0x54 ./src/sub-systemCode/Global/freertosExtended.o
                0x2002379c                xSemaphoreTake_extended
 .text.WriteLog
                0x200237f0       0xb4 ./src/sub-systemCode/Global/logger.o
 .text.WriteErrorLog
                0x200238a4       0x64 ./src/sub-systemCode/Global/logger.o
                0x200238a4                WriteErrorLog
 .text.WriteResetLog
                0x20023908       0x54 ./src/sub-systemCode/Global/logger.o
                0x20023908                WriteResetLog
 .text.WritePayloadLog
                0x2002395c       0x50 ./src/sub-systemCode/Global/logger.o
                0x2002395c                WritePayloadLog
 .text.WriteEpsLog
                0x200239ac       0x4c ./src/sub-systemCode/Global/logger.o
                0x200239ac                WriteEpsLog
 .text.WriteTransponderLog
                0x200239f8       0x50 ./src/sub-systemCode/Global/logger.o
                0x200239f8                WriteTransponderLog
 .text.WriteCUFLog
                0x20023a48       0x50 ./src/sub-systemCode/Global/logger.o
                0x20023a48                WriteCUFLog
 .text.castCharPointerToInt
                0x20023a98       0x84 ./src/sub-systemCode/CUF/CUF.o
                0x20023a98                castCharPointerToInt
 .text.castCharArrayToIntArray
                0x20023b1c       0xa4 ./src/sub-systemCode/CUF/CUF.o
                0x20023b1c                castCharArrayToIntArray
 .text.SavePerminantCUF
                0x20023bc0      0x1b0 ./src/sub-systemCode/CUF/CUF.o
                0x20023bc0                SavePerminantCUF
 .text.LoadPerminantCUF
                0x20023d70      0x1ac ./src/sub-systemCode/CUF/CUF.o
                0x20023d70                LoadPerminantCUF
 .text.CheckResetThreashold
                0x20023f1c      0x160 ./src/sub-systemCode/CUF/CUF.o
                0x20023f1c                CheckResetThreashold
 .text.CUFManageRestart
                0x2002407c      0x1d4 ./src/sub-systemCode/CUF/CUF.o
                0x2002407c                CUFManageRestart
 .text.InitCUF  0x20024250      0x13c ./src/sub-systemCode/CUF/CUF.o
                0x20024250                InitCUF
 .text.CUFSwitch
                0x2002438c       0x30 ./src/sub-systemCode/CUF/CUF.o
                0x2002438c                CUFSwitch
 .text.GenerateSSH
                0x200243bc       0x98 ./src/sub-systemCode/CUF/CUF.o
                0x200243bc                GenerateSSH
 .text.getExtendedName
                0x20024454       0x84 ./src/sub-systemCode/CUF/CUF.o
                0x20024454                getExtendedName
 .text.AuthenticateCUF
                0x200244d8       0x74 ./src/sub-systemCode/CUF/CUF.o
                0x200244d8                AuthenticateCUF
 .text.UpdatePerminantCUF
                0x2002454c       0x94 ./src/sub-systemCode/CUF/CUF.o
                0x2002454c                UpdatePerminantCUF
 .text.RemoveCUF
                0x200245e0      0x1cc ./src/sub-systemCode/CUF/CUF.o
                0x200245e0                RemoveCUF
 .text.ExecuteCUF
                0x200247ac       0xe4 ./src/sub-systemCode/CUF/CUF.o
                0x200247ac                ExecuteCUF
 .text.IntegrateCUF
                0x20024890      0x1a4 ./src/sub-systemCode/CUF/CUF.o
                0x20024890                IntegrateCUF
 .text.AddToCUFTempArray
                0x20024a34       0xa4 ./src/sub-systemCode/CUF/CUF.o
                0x20024a34                AddToCUFTempArray
 .text.GetFromCUFTempArray
                0x20024ad8       0xe8 ./src/sub-systemCode/CUF/CUF.o
                0x20024ad8                GetFromCUFTempArray
 .text.DisableCUF
                0x20024bc0       0xb4 ./src/sub-systemCode/CUF/CUF.o
                0x20024bc0                DisableCUF
 .text.EnableCUF
                0x20024c74       0xb4 ./src/sub-systemCode/CUF/CUF.o
                0x20024c74                EnableCUF
 .text.initializeUpload
                0x20024d28       0x94 ./src/sub-systemCode/CUF/uploadCodeTelemetry.o
                0x20024d28                initializeUpload
 .text.removeFiles
                0x20024dbc      0x16c ./src/sub-systemCode/CUF/uploadCodeTelemetry.o
                0x20024dbc                removeFiles
 .text.loadBackup
                0x20024f28      0x144 ./src/sub-systemCode/CUF/uploadCodeTelemetry.o
                0x20024f28                loadBackup
 .text.addToArray
                0x2002506c       0xd8 ./src/sub-systemCode/CUF/uploadCodeTelemetry.o
                0x2002506c                addToArray
 .text.headerHandle
                0x20025144       0xb8 ./src/sub-systemCode/CUF/uploadCodeTelemetry.o
                0x20025144                headerHandle
 .text.startCUFintegration
                0x200251fc      0x1d0 ./src/sub-systemCode/CUF/uploadCodeTelemetry.o
                0x200251fc                startCUFintegration
 .text.saveBackup
                0x200253cc      0x118 ./src/sub-systemCode/CUF/uploadCodeTelemetry.o
                0x200253cc                saveBackup
 .text.saveAck  0x200254e4       0x28 ./src/sub-systemCode/CUF/uploadCodeTelemetry.o
                0x200254e4                saveAck
 .text.reset_APRS_list
                0x2002550c       0x20 ./src/sub-systemCode/COMM/APRS.o
                0x2002550c                reset_APRS_list
 .text.get_APRS_list
                0x2002552c       0x18 ./src/sub-systemCode/COMM/APRS.o
                0x2002552c                get_APRS_list
 .text.find_CMD_in_list
                0x20025544       0x7c ./src/sub-systemCode/COMM/DelayedCommand_list.o
                0x20025544                find_CMD_in_list
 .text.find_empty_in_list
                0x200255c0       0x74 ./src/sub-systemCode/COMM/DelayedCommand_list.o
                0x200255c0                find_empty_in_list
 .text.check_delayCommandTime
                0x20025634       0xa8 ./src/sub-systemCode/COMM/DelayedCommand_list.o
                0x20025634                check_delayCommandTime
 .text.execute_delayedCommand
                0x200256dc       0x8c ./src/sub-systemCode/COMM/DelayedCommand_list.o
                0x200256dc                execute_delayedCommand
 .text.check_delaycommand
                0x20025768      0x198 ./src/sub-systemCode/COMM/DelayedCommand_list.o
                0x20025768                check_delaycommand
 .text.reset_delayCommand
                0x20025900       0xc4 ./src/sub-systemCode/COMM/DelayedCommand_list.o
                0x20025900                reset_delayCommand
 .text.add_delayCommand
                0x200259c4      0x220 ./src/sub-systemCode/COMM/DelayedCommand_list.o
                0x200259c4                add_delayCommand
 .text.get_delayCommand_list
                0x20025be4       0xb8 ./src/sub-systemCode/COMM/DelayedCommand_list.o
                0x20025be4                get_delayCommand_list
 .text.EmptyOldestCommand
                0x20025c9c      0x108 ./src/sub-systemCode/COMM/DelayedCommand_list.o
                0x20025c9c                EmptyOldestCommand
 .text.decode_TCpacket
                0x20025da4      0x16c ./src/sub-systemCode/COMM/GSC.o
                0x20025da4                decode_TCpacket
 .text.encode_TCpacket
                0x20025f10      0x114 ./src/sub-systemCode/COMM/GSC.o
                0x20025f10                encode_TCpacket
 .text.encode_TMpacket
                0x20026024      0x104 ./src/sub-systemCode/COMM/GSC.o
                0x20026024                encode_TMpacket
 .text.build_raw_ACK
                0x20026128       0xbc ./src/sub-systemCode/COMM/GSC.o
                0x20026128                build_raw_ACK
 .text.build_data_field_ACK
                0x200261e4       0x74 ./src/sub-systemCode/COMM/GSC.o
                0x200261e4                build_data_field_ACK
 .text.update_FRAM_bitRate
                0x20026258      0x108 ./src/sub-systemCode/COMM/TRXVU.o
                0x20026258                update_FRAM_bitRate
 .text.idle_state_
                0x20026360       0x78 ./src/sub-systemCode/COMM/TRXVU.o
                0x20026360                idle_state_
 .text.toggle_idle_state
                0x200263d8       0x64 ./src/sub-systemCode/COMM/TRXVU.o
                0x200263d8                toggle_idle_state
 .text.TRXVU_init_hardWare
                0x2002643c       0xc8 ./src/sub-systemCode/COMM/TRXVU.o
                0x2002643c                TRXVU_init_hardWare
 .text.TRXVU_init_softWare
                0x20026504      0x160 ./src/sub-systemCode/COMM/TRXVU.o
                0x20026504                TRXVU_init_softWare
 .text.init_trxvu
                0x20026664       0x14 ./src/sub-systemCode/COMM/TRXVU.o
                0x20026664                init_trxvu
 .text.TRXVU_task
                0x20026678       0xb8 ./src/sub-systemCode/COMM/TRXVU.o
                0x20026678                TRXVU_task
 .text.dump_logic
                0x20026730      0x3bc ./src/sub-systemCode/COMM/TRXVU.o
                0x20026730                dump_logic
 .text.Dump_task
                0x20026aec      0x1a4 ./src/sub-systemCode/COMM/TRXVU.o
                0x20026aec                Dump_task
 .text.transponder_logic
                0x20026c90      0x120 ./src/sub-systemCode/COMM/TRXVU.o
                0x20026c90                transponder_logic
 .text.Transponder_task
                0x20026db0      0x1b0 ./src/sub-systemCode/COMM/TRXVU.o
                0x20026db0                Transponder_task
 .text.lookForRequestToDelete_transponder
                0x20026f60       0x8c ./src/sub-systemCode/COMM/TRXVU.o
                0x20026f60                lookForRequestToDelete_transponder
 .text.lookForRequestToDelete_dump
                0x20026fec       0x88 ./src/sub-systemCode/COMM/TRXVU.o
                0x20026fec                lookForRequestToDelete_dump
 .text.sendRequestToStop_dump
                0x20027074       0x8c ./src/sub-systemCode/COMM/TRXVU.o
                0x20027074                sendRequestToStop_dump
 .text.sendRequestToStop_transponder
                0x20027100       0x8c ./src/sub-systemCode/COMM/TRXVU.o
                0x20027100                sendRequestToStop_transponder
 .text.Rx_logic
                0x2002718c      0x1e0 ./src/sub-systemCode/COMM/TRXVU.o
                0x2002718c                Rx_logic
 .text.pass_above_Ground
                0x2002736c      0x15c ./src/sub-systemCode/COMM/TRXVU.o
                0x2002736c                pass_above_Ground
 .text.check_TRXVUState
                0x200274c8      0x194 ./src/sub-systemCode/COMM/TRXVU.o
                0x200274c8                check_TRXVUState
 .text.trxvu_logic
                0x2002765c       0x20 ./src/sub-systemCode/COMM/TRXVU.o
                0x2002765c                trxvu_logic
 .text.Beacon_task
                0x2002767c      0x190 ./src/sub-systemCode/COMM/TRXVU.o
                0x2002767c                Beacon_task
 .text.buildAndSend_beacon
                0x2002780c      0x5c0 ./src/sub-systemCode/COMM/TRXVU.o
                0x2002780c                buildAndSend_beacon
 .text.reset_FRAM_TRXVU
                0x20027dcc      0x208 ./src/sub-systemCode/COMM/TRXVU.o
                0x20027dcc                reset_FRAM_TRXVU
 .text.TRX_sendFrame
                0x20027fd4      0x1c8 ./src/sub-systemCode/COMM/TRXVU.o
                0x20027fd4                TRX_sendFrame
 .text.TRX_getFrameData
                0x2002819c      0x144 ./src/sub-systemCode/COMM/TRXVU.o
                0x2002819c                TRX_getFrameData
 .text.mute_Tx  0x200282e0       0x64 ./src/sub-systemCode/COMM/TRXVU.o
                0x200282e0                mute_Tx
 .text.unmute_Tx
                0x20028344       0x58 ./src/sub-systemCode/COMM/TRXVU.o
                0x20028344                unmute_Tx
 .text.check_time_off_mute
                0x2002839c       0xc0 ./src/sub-systemCode/COMM/TRXVU.o
                0x2002839c                check_time_off_mute
 .text.set_mute_time
                0x2002845c      0x100 ./src/sub-systemCode/COMM/TRXVU.o
                0x2002845c                set_mute_time
 .text.change_TRXVU_state
                0x2002855c      0x118 ./src/sub-systemCode/COMM/TRXVU.o
                0x2002855c                change_TRXVU_state
 .text.change_trans_RSSI
                0x20028674       0x7c ./src/sub-systemCode/COMM/TRXVU.o
                0x20028674                change_trans_RSSI
 .text.AdcsReadI2cAck
                0x200286f0       0xfc ./src/sub-systemCode/ADCS/AdcsCommands.o
                0x200286f0                AdcsReadI2cAck
 .text.AdcsGenericI2cCmd
                0x200287ec      0x198 ./src/sub-systemCode/ADCS/AdcsCommands.o
                0x200287ec                AdcsGenericI2cCmd
 .text.SendAdcsTlm
                0x20028984      0x14c ./src/sub-systemCode/ADCS/AdcsCommands.o
                0x20028984                SendAdcsTlm
 .text.AdcsExecuteCommand
                0x20028ad0     0x1b00 ./src/sub-systemCode/ADCS/AdcsCommands.o
                0x20028ad0                AdcsExecuteCommand
 .text.cspaceADCS_getEstimatedAngles
                0x2002a5d0       0x98 ./src/sub-systemCode/ADCS/AdcsGetDataAndTlm.o
                0x2002a5d0                cspaceADCS_getEstimatedAngles
 .text.cspaceADCS_getEstimatedAnglesRates
                0x2002a668       0x98 ./src/sub-systemCode/ADCS/AdcsGetDataAndTlm.o
                0x2002a668                cspaceADCS_getEstimatedAnglesRates
 .text.cspaceADCS_getSatellitePosition
                0x2002a700       0x98 ./src/sub-systemCode/ADCS/AdcsGetDataAndTlm.o
                0x2002a700                cspaceADCS_getSatellitePosition
 .text.InitTlmElements
                0x2002a798      0x238 ./src/sub-systemCode/ADCS/AdcsGetDataAndTlm.o
                0x2002a798                InitTlmElements
 .text.CreateTlmElementFiles
                0x2002a9d0      0x178 ./src/sub-systemCode/ADCS/AdcsGetDataAndTlm.o
                0x2002a9d0                CreateTlmElementFiles
 .text.SaveElementTlmAtIndex
                0x2002ab48      0x3f0 ./src/sub-systemCode/ADCS/AdcsGetDataAndTlm.o
                0x2002ab48                SaveElementTlmAtIndex
 .text.UpdateTlmElementAtIndex
                0x2002af38      0x150 ./src/sub-systemCode/ADCS/AdcsGetDataAndTlm.o
                0x2002af38                UpdateTlmElementAtIndex
 .text.UpdateTlmToSaveVector
                0x2002b088       0xc8 ./src/sub-systemCode/ADCS/AdcsGetDataAndTlm.o
                0x2002b088                UpdateTlmToSaveVector
 .text.UpdateTlmPeriodVector
                0x2002b150      0x120 ./src/sub-systemCode/ADCS/AdcsGetDataAndTlm.o
                0x2002b150                UpdateTlmPeriodVector
 .text.AdcsGetTlmOverrideFlag
                0x2002b270       0x5c ./src/sub-systemCode/ADCS/AdcsGetDataAndTlm.o
                0x2002b270                AdcsGetTlmOverrideFlag
 .text.AdcsSetTlmOverrideFlag
                0x2002b2cc       0x9c ./src/sub-systemCode/ADCS/AdcsGetDataAndTlm.o