Archive member included because of file (symbol)

c:/isis/application/toolchain/bin/../lib/gcc/arm-none-eabi/4.7.4/../../../../arm-none-eabi/lib\libc_s.a(lib_a-vfprintf_float.o)
                              (_printf_float)
c:/isis/application/toolchain/bin/../lib/gcc/arm-none-eabi/4.7.4/../../../../arm-none-eabi/lib\libc_s.a(lib_a-vfprintf_i.o)
                              c:/isis/application/toolchain/bin/../lib/gcc/arm-none-eabi/4.7.4/../../../../arm-none-eabi/lib\libc_s.a(lib_a-vfprintf_float.o) (_printf_common)
c:/isis/application/toolchain/bin/../lib/gcc/arm-none-eabi/4.7.4/../../../../arm-none-eabi/lib\libc_s.a(lib_a-vfscanf_float.o)
                              (_scanf_float)
c:/isis/application/toolchain/bin/../lib/gcc/arm-none-eabi/4.7.4/../../../../arm-none-eabi/lib\libc_s.a(lib_a-dtoa.o)
                              c:/isis/application/toolchain/bin/../lib/gcc/arm-none-eabi/4.7.4/../../../../arm-none-eabi/lib\libc_s.a(lib_a-vfprintf_float.o) (_dtoa_r)
c:/isis/application/toolchain/bin/../lib/gcc/arm-none-eabi/4.7.4/../../../../arm-none-eabi/lib\libc_s.a(lib_a-locale.o)
                              c:/isis/application/toolchain/bin/../lib/gcc/arm-none-eabi/4.7.4/../../../../arm-none-eabi/lib\libc_s.a(lib_a-vfprintf_float.o) (_localeconv_r)
c:/isis/application/toolchain/bin/../lib/gcc/arm-none-eabi/4.7.4/../../../../arm-none-eabi/lib\libc_s.a(lib_a-malloc.o)
                              c:/isis/application/toolchain/bin/../lib/gcc/arm-none-eabi/4.7.4/../../../../arm-none-eabi/lib\libc_s.a(lib_a-dtoa.o) (malloc)
c:/isis/application/toolchain/bin/../lib/gcc/arm-none-eabi/4.7.4/../../../../arm-none-eabi/lib\libc_s.a(lib_a-mallocr.o)
                              c:/isis/application/toolchain/bin/../lib/gcc/arm-none-eabi/4.7.4/../../../../arm-none-eabi/lib\libc_s.a(lib_a-malloc.o) (_malloc_r)
c:/isis/application/toolchain/bin/../lib/gcc/arm-none-eabi/4.7.4/../../../../arm-none-eabi/lib\libc_s.a(lib_a-memcpy.o)
                              c:/isis/application/toolchain/bin/../lib/gcc/arm-none-eabi/4.7.4/../../../../arm-none-eabi/lib\libc_s.a(lib_a-dtoa.o) (memcpy)
c:/isis/application/toolchain/bin/../lib/gcc/arm-none-eabi/4.7.4/../../../../arm-none-eabi/lib\libc_s.a(lib_a-mprec.o)
                              c:/isis/application/toolchain/bin/../lib/gcc/arm-none-eabi/4.7.4/../../../../arm-none-eabi/lib\libc_s.a(lib_a-dtoa.o) (_Balloc)
c:/isis/application/toolchain/bin/../lib/gcc/arm-none-eabi/4.7.4/../../../../arm-none-eabi/lib\libc_s.a(lib_a-s_fpclassify.o)
                              c:/isis/application/toolchain/bin/../lib/gcc/arm-none-eabi/4.7.4/../../../../arm-none-eabi/lib\libc_s.a(lib_a-vfprintf_float.o) (__fpclassifyd)
c:/isis/application/toolchain/bin/../lib/gcc/arm-none-eabi/4.7.4/../../../../arm-none-eabi/lib\libc_s.a(lib_a-sbrkr.o)
                              c:/isis/application/toolchain/bin/../lib/gcc/arm-none-eabi/4.7.4/../../../../arm-none-eabi/lib\libc_s.a(lib_a-mallocr.o) (_sbrk_r)
c:/isis/application/toolchain/bin/../lib/gcc/arm-none-eabi/4.7.4/../../../../arm-none-eabi/lib\libc_s.a(lib_a-sf_nan.o)
                              c:/isis/application/toolchain/bin/../lib/gcc/arm-none-eabi/4.7.4/../../../../arm-none-eabi/lib\libc_s.a(lib_a-vfscanf_float.o) (nanf)
c:/isis/application/toolchain/bin/../lib/gcc/arm-none-eabi/4.7.4/../../../../arm-none-eabi/lib\libc_s.a(lib_a-sprintf.o)
                              c:/isis/application/toolchain/bin/../lib/gcc/arm-none-eabi/4.7.4/../../../../arm-none-eabi/lib\libc_s.a(lib_a-vfscanf_float.o) (sprintf)
c:/isis/application/toolchain/bin/../lib/gcc/arm-none-eabi/4.7.4/../../../../arm-none-eabi/lib\libc_s.a(lib_a-strcmp.o)
                              c:/isis/application/toolchain/bin/../lib/gcc/arm-none-eabi/4.7.4/../../../../arm-none-eabi/lib\libc_s.a(lib_a-locale.o) (strcmp)
c:/isis/application/toolchain/bin/../lib/gcc/arm-none-eabi/4.7.4/../../../../arm-none-eabi/lib\libc_s.a(lib_a-strlen.o)
                              c:/isis/application/toolchain/bin/../lib/gcc/arm-none-eabi/4.7.4/../../../../arm-none-eabi/lib\libc_s.a(lib_a-vfprintf_float.o) (strlen)
c:/isis/application/toolchain/bin/../lib/gcc/arm-none-eabi/4.7.4/../../../../arm-none-eabi/lib\libc_s.a(lib_a-strtod.o)
                              c:/isis/application/toolchain/bin/../lib/gcc/arm-none-eabi/4.7.4/../../../../arm-none-eabi/lib\libc_s.a(lib_a-vfscanf_float.o) (_strtod_r)
c:/isis/application/toolchain/bin/../lib/gcc/arm-none-eabi/4.7.4/../../../../arm-none-eabi/lib\libc_s.a(lib_a-strtol.o)
                              c:/isis/application/toolchain/bin/../lib/gcc/arm-none-eabi/4.7.4/../../../../arm-none-eabi/lib\libc_s.a(lib_a-vfscanf_float.o) (_strtol_r)
c:/isis/application/toolchain/bin/../lib/gcc/arm-none-eabi/4.7.4/../../../../arm-none-eabi/lib\libc_s.a(lib_a-svfprintf.o)
                              c:/isis/application/toolchain/bin/../lib/gcc/arm-none-eabi/4.7.4/../../../../arm-none-eabi/lib\libc_s.a(lib_a-sprintf.o) (_svfprintf_r)
[...]
Memory Configuration

Name             Origin             Length             Attributes
sram0            0x00200000         0x00004000         w !xr
sram1            0x00300000         0x00004000         w !xr
sdram            0x20000000         0x02000000         w !xr
*default*        0x00000000         0xffffffff

Linker script and memory map

LOAD c:/isis/application/toolchain/bin/../lib/gcc/arm-none-eabi/4.7.4/../../../../arm-none-eabi/lib\libc_s.a
LOAD ./src/sub-systemCode/payload/Request Management/Dump/Butchering.o
LOAD ./src/sub-systemCode/payload/Request Management/Dump/imageDump.o
LOAD ./src/sub-systemCode/payload/Request Management/CameraManeger.o
LOAD ./src/sub-systemCode/payload/Request Management/DB_RequestHandling.o
LOAD ./src/sub-systemCode/payload/Misc/Boolean_bit.o
LOAD ./src/sub-systemCode/payload/Misc/FileSystem.o
LOAD ./src/sub-systemCode/payload/Drivers/GeckoCameraDriver.o
LOAD ./src/sub-systemCode/payload/DataBase/DataBase.o
LOAD ./src/sub-systemCode/payload/Compression/jpeg/bmp/rawToBMP.o
LOAD ./src/sub-systemCode/payload/Compression/jpeg/DCT.o
LOAD ./src/sub-systemCode/payload/Compression/jpeg/ImgCompressor.o
LOAD ./src/sub-systemCode/payload/Compression/jpeg/color_conv.o
LOAD ./src/sub-systemCode/payload/Compression/jpeg/jpeg.o
LOAD ./src/sub-systemCode/payload/Compression/jpeg/jpeg_encoder.o
LOAD ./src/sub-systemCode/payload/Compression/jpeg/jpeg_memory_alloc.o
LOAD ./src/sub-systemCode/payload/Compression/jpeg/jpeg_params.o
LOAD ./src/sub-systemCode/payload/Compression/jpeg/output_stream.o
LOAD ./src/sub-systemCode/payload/Compression/ImageConversion.o
LOAD ./src/sub-systemCode/Main/CMD/COMM_CMD.o
LOAD ./src/sub-systemCode/Main/CMD/EPS_CMD.o
LOAD ./src/sub-systemCode/Main/CMD/General_CMD.o
LOAD ./src/sub-systemCode/Main/CMD/SW_CMD.o
LOAD ./src/sub-systemCode/Main/CMD/payload_CMD.o
LOAD ./src/sub-systemCode/Main/Ants.o
LOAD ./src/sub-systemCode/Main/EPS.o
LOAD ./src/sub-systemCode/Main/HouseKeeping.o
LOAD ./src/sub-systemCode/Main/Main_Init.o
LOAD ./src/sub-systemCode/Main/commands.o
LOAD ./src/sub-systemCode/Global/Global.o
LOAD ./src/sub-systemCode/Global/GlobalParam.o
LOAD ./src/sub-systemCode/Global/OnlineTM.o
LOAD ./src/sub-systemCode/Global/TLM_management.o
LOAD ./src/sub-systemCode/Global/freertosExtended.o
LOAD ./src/sub-systemCode/Global/logger.o
LOAD ./src/sub-systemCode/COMM/APRS.o
LOAD ./src/sub-systemCode/COMM/DelayedCommand_list.o
LOAD ./src/sub-systemCode/COMM/GSC.o
LOAD ./src/sub-systemCode/COMM/TRXVU.o
LOAD ./src/sub-systemCode/ADCS/ADCS.o
LOAD ./src/sub-systemCode/ADCS/Stage_Table.o
LOAD ./src/main.o
LOAD C:/HOOPOE3/satellite-subsystems/demo/..//satellite-subsystems/lib\libSatelliteSubsystemsD.a
LOAD c:/isis/application/toolchain/bin/../lib/gcc/arm-none-eabi/4.7.4/../../../../arm-none-eabi/lib\libm.a
LOAD C:/HOOPOE3/satellite-subsystems/demo/../..//hal/hcc/lib\libHCCD.a
LOAD C:/HOOPOE3/satellite-subsystems/demo/../..//hal/hal/lib\libHALD.a
LOAD C:/HOOPOE3/satellite-subsystems/demo/../..//hal/freertos/lib\libFreeRTOSD.a
LOAD C:/HOOPOE3/satellite-subsystems/demo/../..//hal/at91/lib\libAt91D.a
START GROUP
LOAD c:/isis/application/toolchain/bin/../lib/gcc/arm-none-eabi/4.7.4\libgcc.a
LOAD c:/isis/application/toolchain/bin/../lib/gcc/arm-none-eabi/4.7.4/../../../../arm-none-eabi/lib\libc_s.a
END GROUP

.fixed          0x20000000    0x51d58
                0x20000000                . = ALIGN (0x4)
                0x20000000                _sfixed = .
 *(.startup)
 .startup       0x20000000      0x134 C:/HOOPOE3/satellite-subsystems/demo/../..//hal/at91/lib\libAt91D.a(board_cstartup.o)
                0x20000000                entry
 *(.text)
 .text          0x20000134       0x64 C:/HOOPOE3/satellite-subsystems/demo/../..//hal/at91/lib\libAt91D.a(cp15_asm.o)
                0x20000134                _readControlRegister
                0x20000140                _writeControlRegister
                0x20000148                _waitForInterrupt
                0x20000154                _writeTTB
                0x2000015c                _writeDomain
                0x20000164                _writeITLBLockdown
                0x2000016c                _prefetchICacheLine
                0x20000174                _flushDCache
                0x20000180                _flushWriteBuffer
                0x2000018c                _invalidateIDTLBs
 .text          0x20000198      0x114 c:/isis/application/toolchain/bin/../lib/gcc/arm-none-eabi/4.7.4\libgcc.a(_udivsi3.o)
                0x20000198                __aeabi_uidiv
                0x20000198                __udivsi3
                0x2000028c                __aeabi_uidivmod
 .text          0x200002ac      0x148 c:/isis/application/toolchain/bin/../lib/gcc/arm-none-eabi/4.7.4\libgcc.a(_divsi3.o)
                0x200002ac                __divsi3
                0x200002ac                __aeabi_idiv
                0x200003d4                __aeabi_idivmod
 .text          0x200003f4        0x4 c:/isis/application/toolchain/bin/../lib/gcc/arm-none-eabi/4.7.4\libgcc.a(_dvmd_tls.o)
                0x200003f4                __aeabi_idiv0
                0x200003f4                __aeabi_ldiv0
 .text          0x200003f8      0x41c c:/isis/application/toolchain/bin/../lib/gcc/arm-none-eabi/4.7.4\libgcc.a(_arm_addsubdf3.o)
                0x200003f8                __aeabi_drsub
                0x20000400                __aeabi_dsub
                0x20000400                __subdf3
                0x20000404                __aeabi_dadd
                0x20000404                __adddf3
                0x20000714                __floatunsidf
                0x20000714                __aeabi_ui2d
                0x20000738                __floatsidf
                0x20000738                __aeabi_i2d
                0x20000760                __aeabi_f2d
                0x20000760                __extendsfdf2
                0x200007a0                __floatundidf
                0x200007a0                __aeabi_ul2d
                0x200007b4                __floatdidf
                0x200007b4                __aeabi_l2d
 .text          0x20000814      0x49c c:/isis/application/toolchain/bin/../lib/gcc/arm-none-eabi/4.7.4\libgcc.a(_arm_muldivdf3.o)
                0x20000814                __aeabi_dmul
                0x20000814                __muldf3
                0x20000aa4                __divdf3
                0x20000aa4                __aeabi_ddiv
 .text          0x20000cb0      0x144 c:/isis/application/toolchain/bin/../lib/gcc/arm-none-eabi/4.7.4\libgcc.a(_arm_cmpdf2.o)
                0x20000cb0                __gtdf2
                0x20000cb0                __gedf2
                0x20000cb8                __ltdf2
                0x20000cb8                __ledf2
                0x20000cc0                __nedf2
                0x20000cc0                __eqdf2
                0x20000cc0                __cmpdf2
                0x20000d48                __aeabi_cdrcmple
                0x20000d64                __aeabi_cdcmpeq
                0x20000d64                __aeabi_cdcmple
                0x20000d7c                __aeabi_dcmpeq
                0x20000d94                __aeabi_dcmplt
                0x20000dac                __aeabi_dcmple
                0x20000dc4                __aeabi_dcmpge
                0x20000ddc                __aeabi_dcmpgt
 .text          0x20000df4       0x5c c:/isis/application/toolchain/bin/../lib/gcc/arm-none-eabi/4.7.4\libgcc.a(_arm_fixdfsi.o)
                0x20000df4                __aeabi_d2iz
                0x20000df4                __fixdfsi
 .text          0x20000e50       0x54 c:/isis/application/toolchain/bin/../lib/gcc/arm-none-eabi/4.7.4\libgcc.a(_arm_fixunsdfsi.o)
                0x20000e50                __aeabi_d2uiz
                0x20000e50                __fixunsdfsi
 .text          0x20000ea4       0xa0 c:/isis/application/toolchain/bin/../lib/gcc/arm-none-eabi/4.7.4\libgcc.a(_arm_truncdfsf2.o)
                0x20000ea4                __truncdfsf2
                0x20000ea4                __aeabi_d2f
 .text          0x20000f44      0x2ac c:/isis/application/toolchain/bin/../lib/gcc/arm-none-eabi/4.7.4\libgcc.a(_arm_addsubsf3.o)
                0x20000f44                __aeabi_frsub
                0x20000f4c                __subsf3
                0x20000f4c                __aeabi_fsub
                0x20000f50                __aeabi_fadd
                0x20000f50                __addsf3
                0x2000110c                __aeabi_ui2f
                0x2000110c                __floatunsisf
                0x20001114                __aeabi_i2f
                0x20001114                __floatsisf
                0x20001134                __aeabi_ul2f
                0x20001134                __floatundisf
                0x20001144                __aeabi_l2f
                0x20001144                __floatdisf
 .text          0x200011f0      0x2f8 c:/isis/application/toolchain/bin/../lib/gcc/arm-none-eabi/4.7.4\libgcc.a(_arm_muldivsf3.o)
                0x200011f0                __mulsf3
                0x200011f0                __aeabi_fmul
                0x20001388                __aeabi_fdiv
                0x20001388                __divsf3
 .text          0x200014e8      0x114 c:/isis/application/toolchain/bin/../lib/gcc/arm-none-eabi/4.7.4\libgcc.a(_arm_cmpsf2.o)
                0x200014e8                __gesf2
                0x200014e8                __gtsf2
                0x200014f0                __lesf2
                0x200014f0                __ltsf2
                0x200014f8                __nesf2
                0x200014f8                __eqsf2
                0x200014f8                __cmpsf2
                0x2000155c                __aeabi_cfrcmple
                0x2000156c                __aeabi_cfcmpeq
                0x2000156c                __aeabi_cfcmple
                0x20001584                __aeabi_fcmpeq
                0x2000159c                __aeabi_fcmplt
                0x200015b4                __aeabi_fcmple
                0x200015cc                __aeabi_fcmpge
                0x200015e4                __aeabi_fcmpgt
 .text          0x200015fc       0x5c c:/isis/application/toolchain/bin/../lib/gcc/arm-none-eabi/4.7.4\libgcc.a(_arm_fixsfsi.o)
                0x200015fc                __aeabi_f2iz
                0x200015fc                __fixsfsi
 .text          0x20001658       0x54 c:/isis/application/toolchain/bin/../lib/gcc/arm-none-eabi/4.7.4\libgcc.a(_arm_fixunssfsi.o)
                0x20001658                __fixunssfsi
                0x20001658                __aeabi_f2uiz
 *(.text*)
 .text.__cvt    0x200016ac      0x138 c:/isis/application/toolchain/bin/../lib/gcc/arm-none-eabi/4.7.4/../../../../arm-none-eabi/lib\libc_s.a(lib_a-vfprintf_float.o)
                0x200016ac                __cvt
 .text.__exponent
                0x200017e4       0xa8 c:/isis/application/toolchain/bin/../lib/gcc/arm-none-eabi/4.7.4/../../../../arm-none-eabi/lib\libc_s.a(lib_a-vfprintf_float.o)
                0x200017e4                __exponent
 .text._printf_float
                0x2000188c      0x7dc c:/isis/application/toolchain/bin/../lib/gcc/arm-none-eabi/4.7.4/../../../../arm-none-eabi/lib\libc_s.a(lib_a-vfprintf_float.o)
                0x2000188c                _printf_float
 .text._printf_common
                0x20002068      0x174 c:/isis/application/toolchain/bin/../lib/gcc/arm-none-eabi/4.7.4/../../../../arm-none-eabi/lib\libc_s.a(lib_a-vfprintf_i.o)
                0x20002068                _printf_common
 .text._printf_i
                0x200021dc      0x3c4 c:/isis/application/toolchain/bin/../lib/gcc/arm-none-eabi/4.7.4/../../../../arm-none-eabi/lib\libc_s.a(lib_a-vfprintf_i.o)
                0x200021dc                _printf_i
 .text._scanf_float
                0x200025a0      0x5f4 c:/isis/application/toolchain/bin/../lib/gcc/arm-none-eabi/4.7.4/../../../../arm-none-eabi/lib\libc_s.a(lib_a-vfscanf_float.o)
                0x200025a0                _scanf_float
 .text.quorem   0x20002b94      0x1ac c:/isis/application/toolchain/bin/../lib/gcc/arm-none-eabi/4.7.4/../../../../arm-none-eabi/lib\libc_s.a(lib_a-dtoa.o)
 .text._dtoa_r  0x20002d40     0x1268 c:/isis/application/toolchain/bin/../lib/gcc/arm-none-eabi/4.7.4/../../../../arm-none-eabi/lib\libc_s.a(lib_a-dtoa.o)
                0x20002d40                _dtoa_r
 .text._localeconv_r
                0x20003fa8        0xc c:/isis/application/toolchain/bin/../lib/gcc/arm-none-eabi/4.7.4/../../../../arm-none-eabi/lib\libc_s.a(lib_a-locale.o)
                0x20003fa8                _localeconv_r
 .text.malloc   0x20003fb4       0x20 c:/isis/application/toolchain/bin/../lib/gcc/arm-none-eabi/4.7.4/../../../../arm-none-eabi/lib\libc_s.a(lib_a-malloc.o)
                0x20003fb4                malloc
 .text.free     0x20003fd4       0x20 c:/isis/application/toolchain/bin/../lib/gcc/arm-none-eabi/4.7.4/../../../../arm-none-eabi/lib\libc_s.a(lib_a-malloc.o)
                0x20003fd4                free
 .text._malloc_r
                0x20003ff4       0xfc c:/isis/application/toolchain/bin/../lib/gcc/arm-none-eabi/4.7.4/../../../../arm-none-eabi/lib\libc_s.a(lib_a-mallocr.o)
                0x20003ff4                _malloc_r
 .text.memcpy   0x200040f0       0x20 c:/isis/application/toolchain/bin/../lib/gcc/arm-none-eabi/4.7.4/../../../../arm-none-eabi/lib\libc_s.a(lib_a-memcpy.o)
                0x200040f0                memcpy
 .text._Balloc  0x20004110       0xcc c:/isis/application/toolchain/bin/../lib/gcc/arm-none-eabi/4.7.4/../../../../arm-none-eabi/lib\libc_s.a(lib_a-mprec.o)
                0x20004110                _Balloc
 .text._Bfree   0x200041dc       0x5c c:/isis/application/toolchain/bin/../lib/gcc/arm-none-eabi/4.7.4/../../../../arm-none-eabi/lib\libc_s.a(lib_a-mprec.o)
                0x200041dc                _Bfree
 .text.__multadd
                0x20004238       0xbc c:/isis/application/toolchain/bin/../lib/gcc/arm-none-eabi/4.7.4/../../../../arm-none-eabi/lib\libc_s.a(lib_a-mprec.o)
                0x20004238                __multadd
 .text.__s2b    0x200042f4       0xd8 c:/isis/application/toolchain/bin/../lib/gcc/arm-none-eabi/4.7.4/../../../../arm-none-eabi/lib\libc_s.a(lib_a-mprec.o)
                0x200042f4                __s2b
 .text.__hi0bits
                0x200043cc       0x58 c:/isis/application/toolchain/bin/../lib/gcc/arm-none-eabi/4.7.4/../../../../arm-none-eabi/lib\libc_s.a(lib_a-mprec.o)
                0x200043cc                __hi0bits
 .text.__lo0bits
                0x20004424       0x94 c:/isis/application/toolchain/bin/../lib/gcc/arm-none-eabi/4.7.4/../../../../arm-none-eabi/lib\libc_s.a(lib_a-mprec.o)
                0x20004424                __lo0bits
 .text.__i2b    0x200044b8       0x24 c:/isis/application/toolchain/bin/../lib/gcc/arm-none-eabi/4.7.4/../../../../arm-none-eabi/lib\libc_s.a(lib_a-mprec.o)
                0x200044b8                __i2b
 .text.__multiply
                0x200044dc      0x1ac c:/isis/application/toolchain/bin/../lib/gcc/arm-none-eabi/4.7.4/../../../../arm-none-eabi/lib\libc_s.a(lib_a-mprec.o)
                0x200044dc                __multiply
 .text.__pow5mult
                0x20004688      0x10c c:/isis/application/toolchain/bin/../lib/gcc/arm-none-eabi/4.7.4/../../../../arm-none-eabi/lib\libc_s.a(lib_a-mprec.o)
                0x20004688                __pow5mult
 .text.__lshift
                0x20004794       0xf0 c:/isis/application/toolchain/bin/../lib/gcc/arm-none-eabi/4.7.4/../../../../arm-none-eabi/lib\libc_s.a(lib_a-mprec.o)
                0x20004794                __lshift
 .text.__mcmp   0x20004884       0x60 c:/isis/application/toolchain/bin/../lib/gcc/arm-none-eabi/4.7.4/../../../../arm-none-eabi/lib\libc_s.a(lib_a-mprec.o)
                0x20004884                __mcmp
 .text.__mdiff  0x200048e4      0x128 c:/isis/application/toolchain/bin/../lib/gcc/arm-none-eabi/4.7.4/../../../../arm-none-eabi/lib\libc_s.a(lib_a-mprec.o)
                0x200048e4                __mdiff
 .text.__ulp    0x20004a0c       0x5c c:/isis/application/toolchain/bin/../lib/gcc/arm-none-eabi/4.7.4/../../../../arm-none-eabi/lib\libc_s.a(lib_a-mprec.o)
                0x20004a0c                __ulp
 .text.__b2d    0x20004a68       0xc8 c:/isis/application/toolchain/bin/../lib/gcc/arm-none-eabi/4.7.4/../../../../arm-none-eabi/lib\libc_s.a(lib_a-mprec.o)
                0x20004a68                __b2d
 .text.__d2b    0x20004b30       0xfc c:/isis/application/toolchain/bin/../lib/gcc/arm-none-eabi/4.7.4/../../../../arm-none-eabi/lib\libc_s.a(lib_a-mprec.o)
                0x20004b30                __d2b
 .text.__ratio  0x20004c2c       0x70 c:/isis/application/toolchain/bin/../lib/gcc/arm-none-eabi/4.7.4/../../../../arm-none-eabi/lib\libc_s.a(lib_a-mprec.o)
                0x20004c2c                __ratio
 .text.__copybits
                0x20004c9c       0x4c c:/isis/application/toolchain/bin/../lib/gcc/arm-none-eabi/4.7.4/../../../../arm-none-eabi/lib\libc_s.a(lib_a-mprec.o)
                0x20004c9c                __copybits
 .text.__any_on
                0x20004ce8       0x7c c:/isis/application/toolchain/bin/../lib/gcc/arm-none-eabi/4.7.4/../../../../arm-none-eabi/lib\libc_s.a(lib_a-mprec.o)
                0x20004ce8                __any_on
 .text.__fpclassifyd
                0x20004d64       0x6c c:/isis/application/toolchain/bin/../lib/gcc/arm-none-eabi/4.7.4/../../../../arm-none-eabi/lib\libc_s.a(lib_a-s_fpclassify.o)
                0x20004d64                __fpclassifyd
 .text._sbrk_r  0x20004dd0       0x3c c:/isis/application/toolchain/bin/../lib/gcc/arm-none-eabi/4.7.4/../../../../arm-none-eabi/lib\libc_s.a(lib_a-sbrkr.o)
                0x20004dd0                _sbrk_r
 .text.nanf     0x20004e0c        0xc c:/isis/application/toolchain/bin/../lib/gcc/arm-none-eabi/4.7.4/../../../../arm-none-eabi/lib\libc_s.a(lib_a-sf_nan.o)
                0x20004e0c                nanf
 .text.sprintf  0x20004e18       0x6c c:/isis/application/toolchain/bin/../lib/gcc/arm-none-eabi/4.7.4/../../../../arm-none-eabi/lib\libc_s.a(lib_a-sprintf.o)
                0x20004e18                siprintf
                0x20004e18                sprintf
 .text.strcmp   0x20004e84       0x1c c:/isis/application/toolchain/bin/../lib/gcc/arm-none-eabi/4.7.4/../../../../arm-none-eabi/lib\libc_s.a(lib_a-strcmp.o)
                0x20004e84                strcmp
 .text.strlen   0x20004ea0       0x1c c:/isis/application/toolchain/bin/../lib/gcc/arm-none-eabi/4.7.4/../../../../arm-none-eabi/lib\libc_s.a(lib_a-strlen.o)
                0x20004ea0                strlen
 .text.match    0x20004ebc       0x54 c:/isis/application/toolchain/bin/../lib/gcc/arm-none-eabi/4.7.4/../../../../arm-none-eabi/lib\libc_s.a(lib_a-strtod.o)
 .text._strtod_r
                0x20004f10     0x1168 c:/isis/application/toolchain/bin/../lib/gcc/arm-none-eabi/4.7.4/../../../../arm-none-eabi/lib\libc_s.a(lib_a-strtod.o)
                0x20004f10                _strtod_r
 .text._strtol_r
                0x20006078      0x1b8 c:/isis/application/toolchain/bin/../lib/gcc/arm-none-eabi/4.7.4/../../../../arm-none-eabi/lib\libc_s.a(lib_a-strtol.o)
                0x20006078                _strtol_r
 .text.__ssputc_r
                0x20006230      0x10c c:/isis/application/toolchain/bin/../lib/gcc/arm-none-eabi/4.7.4/../../../../arm-none-eabi/lib\libc_s.a(lib_a-svfprintf.o)
                0x20006230                __ssputc_r
 .text._svfprintf_r
                0x2000633c      0x328 c:/isis/application/toolchain/bin/../lib/gcc/arm-none-eabi/4.7.4/../../../../arm-none-eabi/lib\libc_s.a(lib_a-svfprintf.o)
                0x2000633c                _svfiprintf_r
                0x2000633c                _svfprintf_r
 .text._calloc_r
                0x20006664       0x2c c:/isis/application/toolchain/bin/../lib/gcc/arm-none-eabi/4.7.4/../../../../arm-none-eabi/lib\libc_s.a(lib_a-callocr.o)
                0x20006664                _calloc_r
 .text._free_r  0x20006690      0x108 c:/isis/application/toolchain/bin/../lib/gcc/arm-none-eabi/4.7.4/../../../../arm-none-eabi/lib\libc_s.a(lib_a-freer.o)
                0x20006690                _free_r
 .text.rshift   0x20006798       0xb0 c:/isis/application/toolchain/bin/../lib/gcc/arm-none-eabi/4.7.4/../../../../arm-none-eabi/lib\libc_s.a(lib_a-gdtoa-gethex.o)
 .text.htinit.constprop.0
                0x20006848       0x34 c:/isis/application/toolchain/bin/../lib/gcc/arm-none-eabi/4.7.4/../../../../arm-none-eabi/lib\libc_s.a(lib_a-gdtoa-gethex.o)
 .text.__hexdig_init
                0x2000687c       0x38 c:/isis/application/toolchain/bin/../lib/gcc/arm-none-eabi/4.7.4/../../../../arm-none-eabi/lib\libc_s.a(lib_a-gdtoa-gethex.o)
                0x2000687c                __hexdig_init
 .text.__gethex
                0x200068b4      0x6cc c:/isis/application/toolchain/bin/../lib/gcc/arm-none-eabi/4.7.4/../../../../arm-none-eabi/lib\libc_s.a(lib_a-gdtoa-gethex.o)
                0x200068b4                __gethex
 .text.L_shift  0x20006f80       0x38 c:/isis/application/toolchain/bin/../lib/gcc/arm-none-eabi/4.7.4/../../../../arm-none-eabi/lib\libc_s.a(lib_a-gdtoa-hexnan.o)
 .text.__hexnan
                0x20006fb8      0x1d8 c:/isis/application/toolchain/bin/../lib/gcc/arm-none-eabi/4.7.4/../../../../arm-none-eabi/lib\libc_s.a(lib_a-gdtoa-hexnan.o)
                0x20006fb8                __hexnan
 .text.memchr   0x20007190       0x34 c:/isis/application/toolchain/bin/../lib/gcc/arm-none-eabi/4.7.4/../../../../arm-none-eabi/lib\libc_s.a(lib_a-memchr.o)
                0x20007190                memchr
 .text.memset   0x200071c4       0x1c c:/isis/application/toolchain/bin/../lib/gcc/arm-none-eabi/4.7.4/../../../../arm-none-eabi/lib\libc_s.a(lib_a-memset.o)
                0x200071c4                memset
 .text._realloc_r
                0x200071e0       0x80 c:/isis/application/toolchain/bin/../lib/gcc/arm-none-eabi/4.7.4/../../../../arm-none-eabi/lib\libc_s.a(lib_a-reallocr.o)
                0x200071e0                _realloc_r
 .text.strncmp  0x20007260       0x64 c:/isis/application/toolchain/bin/../lib/gcc/arm-none-eabi/4.7.4/../../../../arm-none-eabi/lib\libc_s.a(lib_a-strncmp.o)
                0x20007260                strncmp
 .text._malloc_usable_size_r
                0x200072c4       0x1c c:/isis/application/toolchain/bin/../lib/gcc/arm-none-eabi/4.7.4/../../../../arm-none-eabi/lib\libc_s.a(lib_a-msizer.o)
                0x200072c4                _malloc_usable_size_r
 .text.GetChunkFromImage
                0x200072e0      0x2e0 ./src/sub-systemCode/payload/Request Management/Dump/Butchering.o
                0x200072e0                GetChunkFromImage
 .text.SimpleButcher
                0x200075c0       0xf4 ./src/sub-systemCode/payload/Request Management/Dump/Butchering.o
                0x200075c0                SimpleButcher
 .text.readChunkDimentionsFromFRAM
                0x200076b4       0x80 ./src/sub-systemCode/payload/Request Management/Dump/imageDump.o
                0x200076b4                readChunkDimentionsFromFRAM
 .text.setChunkDimensions_inFRAM
                0x20007734      0x10c ./src/sub-systemCode/payload/Request Management/Dump/imageDump.o
                0x20007734                setChunkDimensions_inFRAM
 .text.find_subType_ofImage
                0x20007840       0xe0 ./src/sub-systemCode/payload/Request Management/Dump/imageDump.o
                0x20007840                find_subType_ofImage
 .text.buildAndSend_chunck
                0x20007920      0x320 ./src/sub-systemCode/payload/Request Management/Dump/imageDump.o
                0x20007920                buildAndSend_chunck
 .text.bitField_imageDump
                0x20007c40      0x2f0 ./src/sub-systemCode/payload/Request Management/Dump/imageDump.o
                0x20007c40                bitField_imageDump
 .text.imageDataBase_Dump
                0x20007f30      0x104 ./src/sub-systemCode/payload/Request Management/Dump/imageDump.o
                0x20007f30                imageDataBase_Dump
 .text.chunkField_imageDump
                0x20008034      0x290 ./src/sub-systemCode/payload/Request Management/Dump/imageDump.o
                0x20008034                chunkField_imageDump
 .text.imageDump_task
                0x200082c4      0x3f4 ./src/sub-systemCode/payload/Request Management/Dump/imageDump.o
                0x200082c4                imageDump_task
 .text.CameraManagerTaskMain
                0x200086b8      0x158 ./src/sub-systemCode/payload/Request Management/CameraManeger.o
                0x200086b8                CameraManagerTaskMain
 .text.initCamera
                0x20008810       0xa4 ./src/sub-systemCode/payload/Request Management/CameraManeger.o
                0x20008810                initCamera
 .text.KickStartCamera
                0x200088b4       0xb4 ./src/sub-systemCode/payload/Request Management/CameraManeger.o
                0x200088b4                KickStartCamera
 .text.addRequestToQueue
                0x20008968       0xa8 ./src/sub-systemCode/payload/Request Management/CameraManeger.o
                0x20008968                addRequestToQueue
 .text.removeRequestFromQueue
                0x20008a10       0x7c ./src/sub-systemCode/payload/Request Management/CameraManeger.o
                0x20008a10                removeRequestFromQueue
 .text.Take_pictures_with_time_in_between
                0x20008a8c       0xb8 ./src/sub-systemCode/payload/Request Management/CameraManeger.o
                0x20008a8c                Take_pictures_with_time_in_between
 .text.Gecko_TroubleShooter
                0x20008b44       0xdc ./src/sub-systemCode/payload/Request Management/CameraManeger.o
                0x20008b44                Gecko_TroubleShooter
 .text.startDumpTask
                0x20008c20       0x70 ./src/sub-systemCode/payload/Request Management/CameraManeger.o
                0x20008c20                startDumpTask
 .text.act_upon_request
                0x20008c90      0x3d4 ./src/sub-systemCode/payload/Request Management/CameraManeger.o
                0x20008c90                act_upon_request
 .text.TakePicture
                0x20009064       0x4c ./src/sub-systemCode/payload/Request Management/DB_RequestHandling.o
                0x20009064                TakePicture
 .text.TakeSpecialPicture
                0x200090b0      0x104 ./src/sub-systemCode/payload/Request Management/DB_RequestHandling.o
                0x200090b0                TakeSpecialPicture
 .text.DeletePictureFile
                0x200091b4       0x88 ./src/sub-systemCode/payload/Request Management/DB_RequestHandling.o
                0x200091b4                DeletePictureFile
 .text.DeletePicture
                0x2000923c       0x6c ./src/sub-systemCode/payload/Request Management/DB_RequestHandling.o
                0x2000923c                DeletePicture
 .text.TransferPicture
                0x200092a8       0x54 ./src/sub-systemCode/payload/Request Management/DB_RequestHandling.o
                0x200092a8                TransferPicture
 .text.CreateThumbnail
                0x200092fc       0x80 ./src/sub-systemCode/payload/Request Management/DB_RequestHandling.o
                0x200092fc                CreateThumbnail
 .text.CreateJPG
                0x2000937c       0x7c ./src/sub-systemCode/payload/Request Management/DB_RequestHandling.o
                0x2000937c                CreateJPG
 .text.UpdatePhotographyValues
                0x200093f8       0xb4 ./src/sub-systemCode/payload/Request Management/DB_RequestHandling.o
                0x200093f8                UpdatePhotographyValues
 .text.setChunkDimensions
                0x200094ac       0x64 ./src/sub-systemCode/payload/Request Management/DB_RequestHandling.o
                0x200094ac                setChunkDimensions
 .text.convert2char
                0x20009510      0x14c ./src/sub-systemCode/payload/Misc/Boolean_bit.o
                0x20009510                convert2char
 .text.convert2byte
                0x2000965c      0x1c8 ./src/sub-systemCode/payload/Misc/Boolean_bit.o
                0x2000965c                convert2byte
 .text.bits2byte
                0x20009824      0x17c ./src/sub-systemCode/payload/Misc/Boolean_bit.o
                0x20009824                bits2byte
 .text.byte2bits
                0x200099a0      0x17c ./src/sub-systemCode/payload/Misc/Boolean_bit.o
                0x200099a0                byte2bits
 .text.char2bits
                0x20009b1c       0x44 ./src/sub-systemCode/payload/Misc/Boolean_bit.o
                0x20009b1c                char2bits
 .text.bits2char
                0x20009b60       0x3c ./src/sub-systemCode/payload/Misc/Boolean_bit.o
                0x20009b60                bits2char
 .text.ReadFromFile
                0x20009b9c       0x6c ./src/sub-systemCode/payload/Misc/FileSystem.o
                0x20009b9c                ReadFromFile
 .text.WriteToFile
                0x20009c08       0x74 ./src/sub-systemCode/payload/Misc/FileSystem.o
                0x20009c08                WriteToFile
 .text.Initialized_GPIO
                0x20009c7c       0x54 ./src/sub-systemCode/payload/Drivers/GeckoCameraDriver.o
                0x20009c7c                Initialized_GPIO
 .text.TurnOnGecko
                0x20009cd0      0x140 ./src/sub-systemCode/payload/Drivers/GeckoCameraDriver.o
                0x20009cd0                TurnOnGecko
 .text.TurnOffGecko
                0x20009e10       0xd8 ./src/sub-systemCode/payload/Drivers/GeckoCameraDriver.o
                0x20009e10                TurnOffGecko
 .text.initGecko
                0x20009ee8       0x3c ./src/sub-systemCode/payload/Drivers/GeckoCameraDriver.o
                0x20009ee8                initGecko
 .text.GECKO_TakeImage
                0x20009f24      0x2f4 ./src/sub-systemCode/payload/Drivers/GeckoCameraDriver.o
                0x20009f24                GECKO_TakeImage
 .text.GECKO_ReadImage
                0x2000a218      0x234 ./src/sub-systemCode/payload/Drivers/GeckoCameraDriver.o
                0x2000a218                GECKO_ReadImage
 .text.GECKO_EraseBlock
                0x2000a44c       0xf0 ./src/sub-systemCode/payload/Drivers/GeckoCameraDriver.o
                0x2000a44c                GECKO_EraseBlock
 .text.getFileName
                0x2000a53c      0x1a0 ./src/sub-systemCode/payload/DataBase/DataBase.o
 .text.zeroImageDataBase
                0x2000a6dc       0xfc ./src/sub-systemCode/payload/DataBase/DataBase.o
                0x2000a6dc                zeroImageDataBase
 .text.updateGeneralDataBaseParameters
                0x2000a7d8       0x5c ./src/sub-systemCode/payload/DataBase/DataBase.o
                0x2000a7d8                updateGeneralDataBaseParameters
 .text.SearchDataBase_byID
                0x2000a834      0x220 ./src/sub-systemCode/payload/DataBase/DataBase.o
                0x2000a834                SearchDataBase_byID
 .text.SearchDataBase_byMark
                0x2000aa54       0xa4 ./src/sub-systemCode/payload/DataBase/DataBase.o
                0x2000aa54                SearchDataBase_byMark
 .text.checkForFileType
                0x2000aaf8       0x68 ./src/sub-systemCode/payload/DataBase/DataBase.o
                0x2000aaf8                checkForFileType
 .text.updateFileTypes
                0x2000ab60       0xbc ./src/sub-systemCode/payload/DataBase/DataBase.o
                0x2000ab60                updateFileTypes
 .text.GetImageFactor
                0x2000ac1c       0x58 ./src/sub-systemCode/payload/DataBase/DataBase.o
                0x2000ac1c                GetImageFactor
 .text.readImageFromBuffer
                0x2000ac74      0x12c ./src/sub-systemCode/payload/DataBase/DataBase.o
                0x2000ac74                readImageFromBuffer
 .text.saveImageToBuffer
                0x2000ada0      0x12c ./src/sub-systemCode/payload/DataBase/DataBase.o
                0x2000ada0                saveImageToBuffer
 .text.getLatestID
                0x2000aecc       0x48 ./src/sub-systemCode/payload/DataBase/DataBase.o
                0x2000aecc                getLatestID
 .text.getDataBaseStart
                0x2000af14       0x20 ./src/sub-systemCode/payload/DataBase/DataBase.o
                0x2000af14                getDataBaseStart
 .text.setDataBaseValues
                0x2000af34      0x1d8 ./src/sub-systemCode/payload/DataBase/DataBase.o
                0x2000af34                setDataBaseValues
 .text.initImageDataBase
                0x2000b10c      0x1b0 ./src/sub-systemCode/payload/DataBase/DataBase.o
                0x2000b10c                initImageDataBase
 .text.resetImageDataBase
                0x2000b2bc       0x98 ./src/sub-systemCode/payload/DataBase/DataBase.o
                0x2000b2bc                resetImageDataBase
 .text.setCameraPhotographyValues
                0x2000b354      0x10c ./src/sub-systemCode/payload/DataBase/DataBase.o
                0x2000b354                setCameraPhotographyValues
 .text.transferImageToSD_withoutSearch
                0x2000b460      0x15c ./src/sub-systemCode/payload/DataBase/DataBase.o
                0x2000b460                transferImageToSD_withoutSearch
 .text.transferImageToSD
                0x2000b5bc       0xb4 ./src/sub-systemCode/payload/DataBase/DataBase.o
                0x2000b5bc                transferImageToSD
 .text.DeleteImageFromOBC_withoutSearch
                0x2000b670       0xe0 ./src/sub-systemCode/payload/DataBase/DataBase.o
                0x2000b670                DeleteImageFromOBC_withoutSearch
 .text.DeleteImageFromOBC
                0x2000b750       0xb4 ./src/sub-systemCode/payload/DataBase/DataBase.o
                0x2000b750                DeleteImageFromOBC
 .text.DeleteImageFromPayload
                0x2000b804      0x25c ./src/sub-systemCode/payload/DataBase/DataBase.o
                0x2000b804                DeleteImageFromPayload
 .text.clearImageDataBase
                0x2000ba60      0x114 ./src/sub-systemCode/payload/DataBase/DataBase.o
                0x2000ba60                clearImageDataBase
 .text.handleMarkedPictures
                0x2000bb74      0x1dc ./src/sub-systemCode/payload/DataBase/DataBase.o
                0x2000bb74                handleMarkedPictures
 .text.writeNewImageMetaDataToFRAM
                0x2000bd50      0x234 ./src/sub-systemCode/payload/DataBase/DataBase.o
                0x2000bd50                writeNewImageMetaDataToFRAM
 .text.takePicture
                0x2000bf84      0x370 ./src/sub-systemCode/payload/DataBase/DataBase.o
                0x2000bf84                takePicture
 .text.takePicture_withSpecialParameters
                0x2000c2f4       0xbc ./src/sub-systemCode/payload/DataBase/DataBase.o
                0x2000c2f4                takePicture_withSpecialParameters
 .text.GetImageFileName
                0x2000c3b0       0xc0 ./src/sub-systemCode/payload/DataBase/DataBase.o
                0x2000c3b0                GetImageFileName
 .text.getDataBaseSize
                0x2000c470       0x20 ./src/sub-systemCode/payload/DataBase/DataBase.o
                0x2000c470                getDataBaseSize
 .text.getImageDataBaseBuffer
                0x2000c490      0x240 ./src/sub-systemCode/payload/DataBase/DataBase.o
                0x2000c490                getImageDataBaseBuffer
 .text.TransformRawToBMP
                0x2000c6d0      0x1e0 ./src/sub-systemCode/payload/Compression/jpeg/bmp/rawToBMP.o
                0x2000c6d0                TransformRawToBMP
 .text.interpolate
                0x2000c8b0      0x8d0 ./src/sub-systemCode/payload/Compression/jpeg/bmp/rawToBMP.o
                0x2000c8b0                interpolate
 .text.getInputAt
                0x2000d180      0x308 ./src/sub-systemCode/payload/Compression/jpeg/bmp/rawToBMP.o
                0x2000d180                getInputAt
 .text.f_writeF_FILEHeader
                0x2000d488      0x2f0 ./src/sub-systemCode/payload/Compression/jpeg/bmp/rawToBMP.o
                0x2000d488                f_writeF_FILEHeader
 .text.f_writeOutputRow
                0x2000d778       0xbc ./src/sub-systemCode/payload/Compression/jpeg/bmp/rawToBMP.o
                0x2000d778                f_writeOutputRow
 .text.dct      0x2000d834      0x9c4 ./src/sub-systemCode/payload/Compression/jpeg/DCT.o
                0x2000d834                dct
 .text.JPEG_compressor
                0x2000e1f8       0xfc ./src/sub-systemCode/payload/Compression/jpeg/ImgCompressor.o
                0x2000e1f8                JPEG_compressor
 .text.Create_BMP_File
                0x2000e2f4       0xf4 ./src/sub-systemCode/payload/Compression/jpeg/ImgCompressor.o
                0x2000e2f4                Create_BMP_File
 .text.CompressImage
                0x2000e3e8      0x1cc ./src/sub-systemCode/payload/Compression/jpeg/ImgCompressor.o
                0x2000e3e8                CompressImage
 .text.clamp    0x2000e5b4       0x60 ./src/sub-systemCode/payload/Compression/jpeg/color_conv.o
                0x2000e5b4                clamp
 .text.RGB_to_YCC
                0x2000e614      0x1a8 ./src/sub-systemCode/payload/Compression/jpeg/color_conv.o
                0x2000e614                RGB_to_YCC
 .text.RGB_to_Y
                0x2000e7bc       0xc4 ./src/sub-systemCode/payload/Compression/jpeg/color_conv.o
                0x2000e7bc                RGB_to_Y
 .text.Y_to_YCC
                0x2000e880       0x88 ./src/sub-systemCode/payload/Compression/jpeg/color_conv.o
                0x2000e880                Y_to_YCC
 .text.compress_image_to_jpeg_file
                0x2000e908      0x1ac ./src/sub-systemCode/payload/Compression/jpeg/jpeg.o
                0x2000e908                compress_image_to_jpeg_file
 .text.emit_marker
                0x2000eab4       0xc8 ./src/sub-systemCode/payload/Compression/jpeg/jpeg_encoder.o
                0x2000eab4                emit_marker
 .text.emit_byte
                0x2000eb7c       0x6c ./src/sub-systemCode/payload/Compression/jpeg/jpeg_encoder.o
                0x2000eb7c                emit_byte
 .text.emit_word
                0x2000ebe8       0xd0 ./src/sub-systemCode/payload/Compression/jpeg/jpeg_encoder.o
                0x2000ebe8                emit_word
 .text.emit_jfif_app0
                0x2000ecb8       0xc0 ./src/sub-systemCode/payload/Compression/jpeg/jpeg_encoder.o
                0x2000ecb8                emit_jfif_app0
 .text.emit_dqt
                0x2000ed78       0xd8 ./src/sub-systemCode/payload/Compression/jpeg/jpeg_encoder.o
                0x2000ed78                emit_dqt
 .text.emit_sof
                0x2000ee50      0x14c ./src/sub-systemCode/payload/Compression/jpeg/jpeg_encoder.o
                0x2000ee50                emit_sof
 .text.emit_dht
                0x2000ef9c      0x138 ./src/sub-systemCode/payload/Compression/jpeg/jpeg_encoder.o
                0x2000ef9c                emit_dht
 .text.emit_dhts
                0x2000f0d4       0xd8 ./src/sub-systemCode/payload/Compression/jpeg/jpeg_encoder.o
                0x2000f0d4                emit_dhts
 .text.emit_sos
                0x2000f1ac       0xec ./src/sub-systemCode/payload/Compression/jpeg/jpeg_encoder.o
                0x2000f1ac                emit_sos
 .text.emit_markers
                0x2000f298       0x4c ./src/sub-systemCode/payload/Compression/jpeg/jpeg_encoder.o
                0x2000f298                emit_markers
 .text.compute_huffman_table
                0x2000f2e4      0x334 ./src/sub-systemCode/payload/Compression/jpeg/jpeg_encoder.o
                0x2000f2e4                compute_huffman_table
 .text.compute_quant_table
                0x2000f618      0x11c ./src/sub-systemCode/payload/Compression/jpeg/jpeg_encoder.o
                0x2000f618                compute_quant_table
 .text.first_pass_init
                0x2000f734       0x54 ./src/sub-systemCode/payload/Compression/jpeg/jpeg_encoder.o
                0x2000f734                first_pass_init
 .text.second_pass_init
                0x2000f788      0x110 ./src/sub-systemCode/payload/Compression/jpeg/jpeg_encoder.o
                0x2000f788                second_pass_init
 .text.jpg_open
                0x2000f898      0x7b4 ./src/sub-systemCode/payload/Compression/jpeg/jpeg_encoder.o
                0x2000f898                jpg_open
 .text.load_block_8_8_grey
                0x2001004c      0x164 ./src/sub-systemCode/payload/Compression/jpeg/jpeg_encoder.o
                0x2001004c                load_block_8_8_grey
 .text.load_block_8_8
                0x200101b0      0x198 ./src/sub-systemCode/payload/Compression/jpeg/jpeg_encoder.o
                0x200101b0                load_block_8_8
 .text.load_block_16_8
                0x20010348      0x3cc ./src/sub-systemCode/payload/Compression/jpeg/jpeg_encoder.o
                0x20010348                load_block_16_8
 .text.load_block_16_8_8
                0x20010714      0x2a8 ./src/sub-systemCode/payload/Compression/jpeg/jpeg_encoder.o
                0x20010714                load_block_16_8_8
 .text.load_coefficients
                0x200109bc      0x1c8 ./src/sub-systemCode/payload/Compression/jpeg/jpeg_encoder.o
                0x200109bc                load_coefficients
 .text.flush_output_buffer
                0x20010b84       0xa0 ./src/sub-systemCode/payload/Compression/jpeg/jpeg_encoder.o
                0x20010b84                flush_output_buffer
 .text.put_bits
                0x20010c24      0x170 ./src/sub-systemCode/payload/Compression/jpeg/jpeg_encoder.o
                0x20010c24                put_bits
 .text.code_coefficients_pass_two
                0x20010d94      0x338 ./src/sub-systemCode/payload/Compression/jpeg/jpeg_encoder.o
                0x20010d94                code_coefficients_pass_two
 .text.code_block
                0x200110cc       0x44 ./src/sub-systemCode/payload/Compression/jpeg/jpeg_encoder.o
                0x200110cc                code_block
 .text.process_mcu_row
                0x20011110      0x328 ./src/sub-systemCode/payload/Compression/jpeg/jpeg_encoder.o
                0x20011110                process_mcu_row
 .text.terminate_pass_two
                0x20011438       0x44 ./src/sub-systemCode/payload/Compression/jpeg/jpeg_encoder.o
                0x20011438                terminate_pass_two
 .text.process_end_of_image
                0x2001147c       0xc0 ./src/sub-systemCode/payload/Compression/jpeg/jpeg_encoder.o
                0x2001147c                process_end_of_image
 .text.load_mcu
                0x2001153c      0x29c ./src/sub-systemCode/payload/Compression/jpeg/jpeg_encoder.o
                0x2001153c                load_mcu
 .text.clear    0x200117d8      0x1e0 ./src/sub-systemCode/payload/Compression/jpeg/jpeg_encoder.o
                0x200117d8                clear
 .text.init     0x200119b8       0xe4 ./src/sub-systemCode/payload/Compression/jpeg/jpeg_encoder.o
                0x200119b8                init
 .text.deinit   0x20011a9c      0x160 ./src/sub-systemCode/payload/Compression/jpeg/jpeg_encoder.o
                0x20011a9c                deinit
 .text.process_scanline
                0x20011bfc       0x6c ./src/sub-systemCode/payload/Compression/jpeg/jpeg_encoder.o
                0x20011bfc                process_scanline
 .text.jpge_malloc
                0x20011c68       0x28 ./src/sub-systemCode/payload/Compression/jpeg/jpeg_memory_alloc.o
                0x20011c68                jpge_malloc
 .text.jpge_cmalloc
                0x20011c90       0x48 ./src/sub-systemCode/payload/Compression/jpeg/jpeg_memory_alloc.o
                0x20011c90                jpge_cmalloc
 .text.jpge_free
                0x20011cd8       0x24 ./src/sub-systemCode/payload/Compression/jpeg/jpeg_memory_alloc.o
                0x20011cd8                jpge_free
 .text.check    0x20011cfc       0x78 ./src/sub-systemCode/payload/Compression/jpeg/jpeg_params.o
                0x20011cfc                check
 .text.open_jpeg_file
                0x20011d74       0xfc ./src/sub-systemCode/payload/Compression/jpeg/output_stream.o
                0x20011d74                open_jpeg_file
 .text.close_jpeg_file
                0x20011e70      0x118 ./src/sub-systemCode/payload/Compression/jpeg/output_stream.o
                0x20011e70                close_jpeg_file
 .text.put_buf  0x20011f88      0x258 ./src/sub-systemCode/payload/Compression/jpeg/output_stream.o
                0x20011f88                put_buf
 .text.GetBayerPixel
                0x200121e0       0xe8 ./src/sub-systemCode/payload/Compression/ImageConversion.o
 .text.BinImage
                0x200122c8      0x2c8 ./src/sub-systemCode/payload/Compression/ImageConversion.o
                0x200122c8                BinImage
 .text.ImageSkipping
                0x20012590      0x2ac ./src/sub-systemCode/payload/Compression/ImageConversion.o
                0x20012590                ImageSkipping
 .text.CreateImageThumbnail_withoutSearch
                0x2001283c      0x14c ./src/sub-systemCode/payload/Compression/ImageConversion.o
                0x2001283c                CreateImageThumbnail_withoutSearch
 .text.CreateImageThumbnail
                0x20012988       0x94 ./src/sub-systemCode/payload/Compression/ImageConversion.o
                0x20012988                CreateImageThumbnail
 .text.compressImage
                0x20012a1c      0x17c ./src/sub-systemCode/payload/Compression/ImageConversion.o
                0x20012a1c                compressImage
 .text.cmd_mute
                0x20012b98       0xc4 ./src/sub-systemCode/Main/CMD/COMM_CMD.o
                0x20012b98                cmd_mute
 .text.cmd_unmute
                0x20012c5c       0x4c ./src/sub-systemCode/Main/CMD/COMM_CMD.o
                0x20012c5c                cmd_unmute
 .text.cmd_active_trans
                0x20012ca8       0xc0 ./src/sub-systemCode/Main/CMD/COMM_CMD.o
                0x20012ca8                cmd_active_trans
 .text.cmd_shut_trans
                0x20012d68       0x38 ./src/sub-systemCode/Main/CMD/COMM_CMD.o
                0x20012d68                cmd_shut_trans
 .text.cmd_change_trans_rssi
                0x20012da0      0x100 ./src/sub-systemCode/Main/CMD/COMM_CMD.o
                0x20012da0                cmd_change_trans_rssi
 .text.cmd_aprs_dump
                0x20012ea0       0x50 ./src/sub-systemCode/Main/CMD/COMM_CMD.o
                0x20012ea0                cmd_aprs_dump
 .text.cmd_stop_dump
                0x20012ef0       0x38 ./src/sub-systemCode/Main/CMD/COMM_CMD.o
                0x20012ef0                cmd_stop_dump
 .text.cmd_time_frequency
                0x20012f28       0xc0 ./src/sub-systemCode/Main/CMD/COMM_CMD.o
                0x20012f28                cmd_time_frequency
 .text.cmd_change_def_bit_rate
                0x20012fe8      0x158 ./src/sub-systemCode/Main/CMD/COMM_CMD.o
                0x20012fe8                cmd_change_def_bit_rate
 .text.cmd_upload_volt_logic
                0x20013140      0x334 ./src/sub-systemCode/Main/CMD/EPS_CMD.o
                0x20013140                cmd_upload_volt_logic
 .text.cmd_upload_volt_COMM
                0x20013474      0x1c8 ./src/sub-systemCode/Main/CMD/EPS_CMD.o
                0x20013474                cmd_upload_volt_COMM
 .text.cmd_heater_temp
                0x2001363c       0xc0 ./src/sub-systemCode/Main/CMD/EPS_CMD.o
                0x2001363c                cmd_heater_temp
 .text.cmd_SHUT_CAM
                0x200136fc       0x6c ./src/sub-systemCode/Main/CMD/EPS_CMD.o
                0x200136fc                cmd_SHUT_CAM
 .text.cmd_SHUT_ADCS
                0x20013768       0x6c ./src/sub-systemCode/Main/CMD/EPS_CMD.o
                0x20013768                cmd_SHUT_ADCS
 .text.cmd_allow_CAM
                0x200137d4       0x6c ./src/sub-systemCode/Main/CMD/EPS_CMD.o
                0x200137d4                cmd_allow_CAM
 .text.cmd_allow_ADCS
                0x20013840       0x6c ./src/sub-systemCode/Main/CMD/EPS_CMD.o
                0x20013840                cmd_allow_ADCS
 .text.cmd_update_alpha
                0x200138ac       0xfc ./src/sub-systemCode/Main/CMD/EPS_CMD.o
                0x200138ac                cmd_update_alpha
 .text.cmd_generic_I2C
                0x200139a8       0xb4 ./src/sub-systemCode/Main/CMD/General_CMD.o
                0x200139a8                cmd_generic_I2C
 .text.cmd_dump
                0x20013a5c       0xf0 ./src/sub-systemCode/Main/CMD/General_CMD.o
                0x20013a5c                cmd_dump
 .text.cmd_delete_TM
                0x20013b4c      0x230 ./src/sub-systemCode/Main/CMD/General_CMD.o
                0x20013b4c                cmd_delete_TM
 .text.cmd_reset_file
                0x20013d7c      0x118 ./src/sub-systemCode/Main/CMD/General_CMD.o
                0x20013d7c                cmd_reset_file
 .text.cmd_dummy_func
                0x20013e94       0x40 ./src/sub-systemCode/Main/CMD/General_CMD.o
                0x20013e94                cmd_dummy_func
 .text.cmd_reset_TLM_SD
                0x20013ed4       0x4c ./src/sub-systemCode/Main/CMD/General_CMD.o
                0x20013ed4                cmd_reset_TLM_SD
 .text.cmd_soft_reset_cmponent
                0x20013f20       0xac ./src/sub-systemCode/Main/CMD/General_CMD.o
                0x20013f20                cmd_soft_reset_cmponent
 .text.cmd_hard_reset_cmponent
                0x20013fcc       0xac ./src/sub-systemCode/Main/CMD/General_CMD.o
                0x20013fcc                cmd_hard_reset_cmponent
 .text.cmd_reset_satellite
                0x20014078       0x78 ./src/sub-systemCode/Main/CMD/General_CMD.o
                0x20014078                cmd_reset_satellite
 .text.cmd_gracefull_reset_satellite
                0x200140f0       0x78 ./src/sub-systemCode/Main/CMD/General_CMD.o
                0x200140f0                cmd_gracefull_reset_satellite
 .text.cmd_upload_time
                0x20014168       0xb0 ./src/sub-systemCode/Main/CMD/General_CMD.o
                0x20014168                cmd_upload_time
 .text.cmd_ARM_DIARM
                0x20014218       0xd4 ./src/sub-systemCode/Main/CMD/General_CMD.o
                0x20014218                cmd_ARM_DIARM
 .text.cmd_get_onlineTM
                0x200142ec      0x148 ./src/sub-systemCode/Main/CMD/General_CMD.o
                0x200142ec                cmd_get_onlineTM
 .text.cmd_reset_off_line
                0x20014434       0x68 ./src/sub-systemCode/Main/CMD/General_CMD.o
                0x20014434                cmd_reset_off_line
 .text.cmd_add_item_off_line
                0x2001449c       0xf4 ./src/sub-systemCode/Main/CMD/General_CMD.o
                0x2001449c                cmd_add_item_off_line
 .text.cmd_delete_item_off_line
                0x20014590       0x98 ./src/sub-systemCode/Main/CMD/General_CMD.o
                0x20014590                cmd_delete_item_off_line
 .text.cmd_get_off_line_setting
                0x20014628      0x108 ./src/sub-systemCode/Main/CMD/General_CMD.o
                0x20014628                cmd_get_off_line_setting
 .text.cmd_reset_delayed_command_list
                0x20014730       0x3c ./src/sub-systemCode/Main/CMD/SW_CMD.o
                0x20014730                cmd_reset_delayed_command_list
 .text.cmd_reset_APRS_list
                0x2001476c       0x3c ./src/sub-systemCode/Main/CMD/SW_CMD.o
                0x2001476c                cmd_reset_APRS_list
 .text.cmd_reset_FRAM
                0x200147a8       0xe8 ./src/sub-systemCode/Main/CMD/SW_CMD.o
                0x200147a8                cmd_reset_FRAM
 .text.ARM_ants
                0x20014890       0xb8 ./src/sub-systemCode/Main/Ants.o
                0x20014890                ARM_ants
 .text.DISARM_ants
                0x20014948       0xb8 ./src/sub-systemCode/Main/Ants.o
                0x20014948                DISARM_ants
 .text.round_vol
                0x20014a00      0x124 ./src/sub-systemCode/Main/EPS.o
                0x20014a00                round_vol
 .text.get_shut_ADCS
                0x20014b24       0x48 ./src/sub-systemCode/Main/EPS.o
                0x20014b24                get_shut_ADCS
 .text.shut_ADCS
                0x20014b6c       0x44 ./src/sub-systemCode/Main/EPS.o
                0x20014b6c                shut_ADCS
 .text.get_shut_CAM
                0x20014bb0       0x48 ./src/sub-systemCode/Main/EPS.o
                0x20014bb0                get_shut_CAM
 .text.shut_CAM
                0x20014bf8       0x44 ./src/sub-systemCode/Main/EPS.o
                0x20014bf8                shut_CAM
 .text.update_powerLines
                0x20014c3c       0xec ./src/sub-systemCode/Main/EPS.o
                0x20014c3c                update_powerLines
 .text.get_EPS_mode_t
                0x20014d28       0x24 ./src/sub-systemCode/Main/EPS.o
                0x20014d28                get_EPS_mode_t
 .text.init_enterMode
                0x20014d4c       0x88 ./src/sub-systemCode/Main/EPS.o
                0x20014d4c                init_enterMode
 .text.EPS_Init
                0x20014dd4      0x1dc ./src/sub-systemCode/Main/EPS.o
                0x20014dd4                EPS_Init
 .text.reset_FRAM_EPS
                0x20014fb0       0xe0 ./src/sub-systemCode/Main/EPS.o
                0x20014fb0                reset_FRAM_EPS
 .text.reset_EPS_voltages
                0x20015090       0xbc ./src/sub-systemCode/Main/EPS.o
                0x20015090                reset_EPS_voltages
 .text.battery_downward
                0x2001514c      0x114 ./src/sub-systemCode/Main/EPS.o
                0x2001514c                battery_downward
 .text.battery_upward
                0x20015260      0x120 ./src/sub-systemCode/Main/EPS.o
                0x20015260                battery_upward
 .text.EPS_Conditioning
                0x20015380      0x244 ./src/sub-systemCode/Main/EPS.o
                0x20015380                EPS_Conditioning
 .text.overRide_ADCS
                0x200155c4       0x50 ./src/sub-systemCode/Main/EPS.o
                0x200155c4                overRide_ADCS
 .text.overRide_Camera
                0x20015614       0x38 ./src/sub-systemCode/Main/EPS.o
                0x20015614                overRide_Camera
 .text.EnterFullMode
                0x2001564c       0xfc ./src/sub-systemCode/Main/EPS.o
                0x2001564c                EnterFullMode
 .text.EnterCruiseMode
                0x20015748       0xec ./src/sub-systemCode/Main/EPS.o
                0x20015748                EnterCruiseMode
 .text.EnterSafeMode
                0x20015834       0xec ./src/sub-systemCode/Main/EPS.o
                0x20015834                EnterSafeMode
 .text.EnterCriticalMode
                0x20015920       0xd8 ./src/sub-systemCode/Main/EPS.o
                0x20015920                EnterCriticalMode
 .text.check_EPSTableCorrection
                0x200159f8      0x120 ./src/sub-systemCode/Main/EPS.o
                0x200159f8                check_EPSTableCorrection
 .text.save_ACK
                0x20015b18      0x11c ./src/sub-systemCode/Main/HouseKeeping.o
                0x20015b18                save_ACK
 .text.set_GP_EPS
                0x20015c34      0x10c ./src/sub-systemCode/Main/HouseKeeping.o
                0x20015c34                set_GP_EPS
 .text.set_GP_COMM
                0x20015d40       0x88 ./src/sub-systemCode/Main/HouseKeeping.o
                0x20015d40                set_GP_COMM
 .text.SP_HK_collect
                0x20015dc8      0x198 ./src/sub-systemCode/Main/HouseKeeping.o
                0x20015dc8                SP_HK_collect
 .text.EPS_HK_collect
                0x20015f60      0x4f8 ./src/sub-systemCode/Main/HouseKeeping.o
                0x20015f60                EPS_HK_collect
 .text.CAM_HK_collect
                0x20016458      0x91c ./src/sub-systemCode/Main/HouseKeeping.o
                0x20016458                CAM_HK_collect
 .text.COMM_HK_collect
                0x20016d74      0x20c ./src/sub-systemCode/Main/HouseKeeping.o
                0x20016d74                COMM_HK_collect
 .text.FS_HK_collect
                0x20016f80      0x18c ./src/sub-systemCode/Main/HouseKeeping.o
                0x20016f80                FS_HK_collect
 .text.HK_find_fileName
                0x2001710c       0xd0 ./src/sub-systemCode/Main/HouseKeeping.o
                0x2001710c                HK_find_fileName
 .text.HK_findElementSize
                0x200171dc       0x7c ./src/sub-systemCode/Main/HouseKeeping.o
                0x200171dc                HK_findElementSize
 .text.build_HK_spl_packet
                0x20017258      0x150 ./src/sub-systemCode/Main/HouseKeeping.o
                0x20017258                build_HK_spl_packet
 .text.reset_FIRST_activation
                0x200173a8       0x34 ./src/sub-systemCode/Main/Main_Init.o
                0x200173a8                reset_FIRST_activation
 .text.test_menu
                0x200173dc       0xb4 ./src/sub-systemCode/Main/Main_Init.o
                0x200173dc                test_menu
 .text.numberOfRestarts
                0x20017490       0x94 ./src/sub-systemCode/Main/Main_Init.o
                0x20017490                numberOfRestarts
 .text.StartFRAM
                0x20017524       0x38 ./src/sub-systemCode/Main/Main_Init.o
                0x20017524                StartFRAM
 .text.StartI2C
                0x2001755c       0x44 ./src/sub-systemCode/Main/Main_Init.o
                0x2001755c                StartI2C
 .text.StartSPI
                0x200175a0       0x40 ./src/sub-systemCode/Main/Main_Init.o
                0x200175a0                StartSPI
 .text.StartTIME
                0x200175e0      0x118 ./src/sub-systemCode/Main/Main_Init.o
                0x200175e0                StartTIME
 .text.first_activation
                0x200176f8       0x7c ./src/sub-systemCode/Main/Main_Init.o
                0x200176f8                first_activation
 .text.InitSubsystems
                0x20017774       0x68 ./src/sub-systemCode/Main/Main_Init.o
                0x20017774                InitSubsystems
 .text.SubSystemTaskStart
                0x200177dc       0xa8 ./src/sub-systemCode/Main/Main_Init.o
                0x200177dc                SubSystemTaskStart
 .text.save_ACK_s
                0x20017884       0x5c ./src/sub-systemCode/Main/commands.o
                0x20017884                save_ACK_s
 .text.copy_command
                0x200178e0       0x80 ./src/sub-systemCode/Main/commands.o
                0x200178e0                copy_command
 .text.reset_command
                0x20017960       0x28 ./src/sub-systemCode/Main/commands.o
                0x20017960                reset_command
 .text.init_command
                0x20017988       0xd4 ./src/sub-systemCode/Main/commands.o
                0x20017988                init_command
 .text.add_command
                0x20017a5c      0x118 ./src/sub-systemCode/Main/commands.o
                0x20017a5c                add_command
 .text.get_command
                0x20017b74      0x1ac ./src/sub-systemCode/Main/commands.o
                0x20017b74                get_command
 .text.act_upon_command
                0x20017d20      0x200 ./src/sub-systemCode/Main/commands.o
                0x20017d20                act_upon_command
 .text.cmd_error
                0x20017f20       0x38 ./src/sub-systemCode/Main/commands.o
                0x20017f20                cmd_error
 .text.AUC_COMM
                0x20017f58      0x25c ./src/sub-systemCode/Main/commands.o
                0x20017f58                AUC_COMM
 .text.AUC_general
                0x200181b4      0x48c ./src/sub-systemCode/Main/commands.o
                0x200181b4                AUC_general
 .text.AUC_payload
                0x20018640      0x204 ./src/sub-systemCode/Main/commands.o
                0x20018640                AUC_payload
 .text.AUC_EPS  0x20018844      0x28c ./src/sub-systemCode/Main/commands.o
                0x20018844                AUC_EPS
 .text.AUC_ADCS
                0x20018ad0       0x5c ./src/sub-systemCode/Main/commands.o
                0x20018ad0                AUC_ADCS
 .text.AUC_SW   0x20018b2c       0xe4 ./src/sub-systemCode/Main/commands.o
                0x20018b2c                AUC_SW
 .text.AUC_onlineTM
                0x20018c10      0x1ac ./src/sub-systemCode/Main/commands.o
                0x20018c10                AUC_onlineTM
 .text.AUC_special_operation
                0x20018dbc       0x8c ./src/sub-systemCode/Main/commands.o
                0x20018dbc                AUC_special_operation
 .text.check_int
                0x20018e48       0x3c ./src/sub-systemCode/Global/Global.o
                0x20018e48                check_int
 .text.check_portBASE_TYPE
                0x20018e84       0x3c ./src/sub-systemCode/Global/Global.o
                0x20018e84                check_portBASE_TYPE
 .text.soft_reset_subsystem
                0x20018ec0       0xd8 ./src/sub-systemCode/Global/Global.o
                0x20018ec0                soft_reset_subsystem
 .text.hard_reset_subsystem
                0x20018f98      0x104 ./src/sub-systemCode/Global/Global.o
                0x20018f98                hard_reset_subsystem
 .text.BigEnE_raw_to_uInt
                0x2001909c       0x94 ./src/sub-systemCode/Global/Global.o
                0x2001909c                BigEnE_raw_to_uInt
 .text.BigEnE_raw_to_uShort
                0x20019130       0x50 ./src/sub-systemCode/Global/Global.o
                0x20019130                BigEnE_raw_to_uShort
 .text.BigEnE_uInt_to_raw
                0x20019180       0x78 ./src/sub-systemCode/Global/Global.o
                0x20019180                BigEnE_uInt_to_raw
 .text.reset_FRAM_MAIN
                0x200191f8      0x19c ./src/sub-systemCode/Global/Global.o
                0x200191f8                reset_FRAM_MAIN
 .text.getBitValueByIndex
                0x20019394       0xd0 ./src/sub-systemCode/Global/Global.o
                0x20019394                getBitValueByIndex
 .text.terminateTask
                0x20019464       0x18 ./src/sub-systemCode/Global/Global.o
                0x20019464                terminateTask
 .text.init_GP  0x2001947c      0x300 ./src/sub-systemCode/Global/GlobalParam.o
                0x2001947c                init_GP
 .text.get_system_state
                0x2001977c      0x254 ./src/sub-systemCode/Global/GlobalParam.o
                0x2001977c                get_system_state
 .text.set_system_state
                0x200199d0      0x284 ./src/sub-systemCode/Global/GlobalParam.o
                0x200199d0                set_system_state
 .text.get_systems_state_param
                0x20019c54       0x78 ./src/sub-systemCode/Global/GlobalParam.o
                0x20019c54                get_systems_state_param
 .text.get_current_global_param
                0x20019ccc      0x5b4 ./src/sub-systemCode/Global/GlobalParam.o
                0x20019ccc                get_current_global_param
 .text.set_Vbatt
                0x2001a280       0x78 ./src/sub-systemCode/Global/GlobalParam.o
                0x2001a280                set_Vbatt
 .text.get_Vbatt
                0x2001a2f8       0x78 ./src/sub-systemCode/Global/GlobalParam.o
                0x2001a2f8                get_Vbatt
 .text.set_curBat
                0x2001a370       0x78 ./src/sub-systemCode/Global/GlobalParam.o
                0x2001a370                set_curBat
 .text.set_cur3V3
                0x2001a3e8       0x78 ./src/sub-systemCode/Global/GlobalParam.o
                0x2001a3e8                set_cur3V3
 .text.set_cur5V
                0x2001a460       0x78 ./src/sub-systemCode/Global/GlobalParam.o
                0x2001a460                set_cur5V
 .text.set_tempComm_LO
                0x2001a4d8       0x78 ./src/sub-systemCode/Global/GlobalParam.o
                0x2001a4d8                set_tempComm_LO
 .text.set_tempComm_PA
                0x2001a550       0x78 ./src/sub-systemCode/Global/GlobalParam.o
                0x2001a550                set_tempComm_PA
 .text.set_tempEPS
                0x2001a5c8       0xb4 ./src/sub-systemCode/Global/GlobalParam.o
                0x2001a5c8                set_tempEPS
 .text.set_tempBatt
                0x2001a67c       0xb4 ./src/sub-systemCode/Global/GlobalParam.o
                0x2001a67c                set_tempBatt
 .text.set_RxDoppler
                0x2001a730       0x78 ./src/sub-systemCode/Global/GlobalParam.o
                0x2001a730                set_RxDoppler
 .text.set_RxRSSI
                0x2001a7a8       0x78 ./src/sub-systemCode/Global/GlobalParam.o
                0x2001a7a8                set_RxRSSI
 .text.set_TxRefl
                0x2001a820       0x78 ./src/sub-systemCode/Global/GlobalParam.o
                0x2001a820                set_TxRefl
 .text.set_TxForw
                0x2001a898       0x78 ./src/sub-systemCode/Global/GlobalParam.o
                0x2001a898                set_TxForw
 .text.get_ST   0x2001a910       0x78 ./src/sub-systemCode/Global/GlobalParam.o
                0x2001a910                get_ST
 .text.get_Attitude
                0x2001a988      0x114 ./src/sub-systemCode/Global/GlobalParam.o
                0x2001a988                get_Attitude
 .text.set_numOfAPRS
                0x2001aa9c       0x78 ./src/sub-systemCode/Global/GlobalParam.o
                0x2001aa9c                set_numOfAPRS
 .text.set_numOfDelayedCommand
                0x2001ab14       0x78 ./src/sub-systemCode/Global/GlobalParam.o
                0x2001ab14                set_numOfDelayedCommand
 .text.set_numOfResets
                0x2001ab8c       0x98 ./src/sub-systemCode/Global/GlobalParam.o
                0x2001ab8c                set_numOfResets
 .text.set_ground_conn
                0x2001ac24       0x8c ./src/sub-systemCode/Global/GlobalParam.o
                0x2001ac24                set_ground_conn
 .text.get_ground_conn
                0x2001acb0       0x8c ./src/sub-systemCode/Global/GlobalParam.o
                0x2001acb0                get_ground_conn
 .text.IsisAntS_getStatusData_sideA
                0x2001ad3c       0x3c ./src/sub-systemCode/Global/OnlineTM.o
                0x2001ad3c                IsisAntS_getStatusData_sideA
 .text.IsisAntS_getAlltelemetry_sideA
                0x2001ad78       0x3c ./src/sub-systemCode/Global/OnlineTM.o
                0x2001ad78                IsisAntS_getAlltelemetry_sideA
 .text.IsisAntS_getTemperature_sideA
                0x2001adb4       0x3c ./src/sub-systemCode/Global/OnlineTM.o
                0x2001adb4                IsisAntS_getTemperature_sideA
 .text.IsisAntS_getStatusData_sideB
                0x2001adf0       0x3c ./src/sub-systemCode/Global/OnlineTM.o
                0x2001adf0                IsisAntS_getStatusData_sideB
 .text.IsisAntS_getAlltelemetry_sideB
                0x2001ae2c       0x3c ./src/sub-systemCode/Global/OnlineTM.o
                0x2001ae2c                IsisAntS_getAlltelemetry_sideB
 .text.IsisAntS_getTemperature_sideB
                0x2001ae68       0x3c ./src/sub-systemCode/Global/OnlineTM.o
                0x2001ae68                IsisAntS_getTemperature_sideB
 .text.HK_collect_EPS
                0x2001aea4       0x30 ./src/sub-systemCode/Global/OnlineTM.o
                0x2001aea4                HK_collect_EPS
 .text.HK_collect_COMM
                0x2001aed4       0x30 ./src/sub-systemCode/Global/OnlineTM.o
                0x2001aed4                HK_collect_COMM
 .text.HK_collect_CAM
                0x2001af04       0x30 ./src/sub-systemCode/Global/OnlineTM.o
                0x2001af04                HK_collect_CAM
 .text.HK_collect_SP
                0x2001af34       0x30 ./src/sub-systemCode/Global/OnlineTM.o
                0x2001af34                HK_collect_SP
 .text.HK_collect_FS_A
                0x2001af64       0x34 ./src/sub-systemCode/Global/OnlineTM.o
                0x2001af64                HK_collect_FS_A
 .text.HK_collect_FS_B
                0x2001af98       0x34 ./src/sub-systemCode/Global/OnlineTM.o
                0x2001af98                HK_collect_FS_B
 .text.save_offlineSetting_FRAM
                0x2001afcc      0x26c ./src/sub-systemCode/Global/OnlineTM.o
                0x2001afcc                save_offlineSetting_FRAM
 .text.get_offlineSetting_FRAM
                0x2001b238       0x58 ./src/sub-systemCode/Global/OnlineTM.o
                0x2001b238                get_offlineSetting_FRAM
 .text.update_offlineSetting_FRAM
                0x2001b290      0x360 ./src/sub-systemCode/Global/OnlineTM.o
                0x2001b290                update_offlineSetting_FRAM
 .text.get_offlineSettingPacket
                0x2001b5f0       0xc4 ./src/sub-systemCode/Global/OnlineTM.o
                0x2001b5f0                get_offlineSettingPacket
 .text.get_item_by_index
                0x2001b6b4       0xdc ./src/sub-systemCode/Global/OnlineTM.o
                0x2001b6b4                get_item_by_index
 .text.get_pointer_item_by_index
                0x2001b790       0x48 ./src/sub-systemCode/Global/OnlineTM.o
                0x2001b790                get_pointer_item_by_index
 .text.init_onlineParam
                0x2001b7d8     0x2f10 ./src/sub-systemCode/Global/OnlineTM.o
                0x2001b7d8                init_onlineParam
 .text.reset_offline_TM_list
                0x2001e6e8      0x190 ./src/sub-systemCode/Global/OnlineTM.o
                0x2001e6e8                reset_offline_TM_list
 .text.get_online_packet
                0x2001e878      0x25c ./src/sub-systemCode/Global/OnlineTM.o
                0x2001e878                get_online_packet
 .text.save_onlineTM_param
                0x2001ead4      0x1b4 ./src/sub-systemCode/Global/OnlineTM.o
                0x2001ead4                save_onlineTM_param
 .text.add_onlineTM_param_to_save_list
                0x2001ec88      0x3d8 ./src/sub-systemCode/Global/OnlineTM.o
                0x2001ec88                add_onlineTM_param_to_save_list
 .text.delete_onlineTM_param_from_offline
                0x2001f060      0x1a8 ./src/sub-systemCode/Global/OnlineTM.o
                0x2001f060                delete_onlineTM_param_from_offline
 .text.save_onlineTM_logic
                0x2001f208      0x2bc ./src/sub-systemCode/Global/OnlineTM.o
                0x2001f208                save_onlineTM_logic
 .text.save_onlineTM_task
                0x2001f4c4       0xd8 ./src/sub-systemCode/Global/OnlineTM.o
                0x2001f4c4                save_onlineTM_task
 .text.delete_allTMFilesFromSD
                0x2001f59c      0x14c ./src/sub-systemCode/Global/TLM_management.o
                0x2001f59c                delete_allTMFilesFromSD
 .text.getNumOfFilesInFS
                0x2001f6e8       0x44 ./src/sub-systemCode/Global/TLM_management.o
 .text.setNumOfFilesInFS
                0x2001f72c       0x50 ./src/sub-systemCode/Global/TLM_management.o
 .text.f_managed_enterFS
                0x2001f77c       0x9c ./src/sub-systemCode/Global/TLM_management.o
                0x2001f77c                f_managed_enterFS
 .text.f_managed_releaseFS
                0x2001f818       0x4c ./src/sub-systemCode/Global/TLM_management.o
                0x2001f818                f_managed_releaseFS
 .text.f_managed_open
                0x2001f864       0xe8 ./src/sub-systemCode/Global/TLM_management.o
                0x2001f864                f_managed_open
 .text.f_managed_close
                0x2001f94c       0x80 ./src/sub-systemCode/Global/TLM_management.o
                0x2001f94c                f_managed_close
 .text.createSemahores_FS
                0x2001f9cc       0x7c ./src/sub-systemCode/Global/TLM_management.o
                0x2001f9cc                createSemahores_FS
 .text.InitializeFS
                0x2001fa48      0x1a8 ./src/sub-systemCode/Global/TLM_management.o
                0x2001fa48                InitializeFS
 .text.c_fileCreate
                0x2001fbf0       0xf4 ./src/sub-systemCode/Global/TLM_management.o
                0x2001fbf0                c_fileCreate
 .text.writewithEpochtime
                0x2001fce4       0x94 ./src/sub-systemCode/Global/TLM_management.o
 .text.get_C_FILE_struct
                0x2001fd78      0x104 ./src/sub-systemCode/Global/TLM_management.o
 .text.getFileIndex
                0x2001fe7c       0x64 ./src/sub-systemCode/Global/TLM_management.o
 .text.get_file_name_by_index
                0x2001fee0       0x54 ./src/sub-systemCode/Global/TLM_management.o
                0x2001fee0                get_file_name_by_index
 .text.c_fileReset
                0x2001ff34      0x140 ./src/sub-systemCode/Global/TLM_management.o
                0x2001ff34                c_fileReset
 .text.c_fileWrite
                0x20020074      0x168 ./src/sub-systemCode/Global/TLM_management.o
                0x20020074                c_fileWrite
 .text.deleteElementsFromFile
                0x200201dc      0x188 ./src/sub-systemCode/Global/TLM_management.o
 .text.c_fileDeleteElements
                0x20020364      0x168 ./src/sub-systemCode/Global/TLM_management.o
                0x20020364                c_fileDeleteElements
 .text.c_fileRead
                0x200204cc      0x2c8 ./src/sub-systemCode/Global/TLM_management.o
                0x200204cc                c_fileRead
 .text.xSemaphoreGive_extended
                0x20020794       0x48 ./src/sub-systemCode/Global/freertosExtended.o
                0x20020794                xSemaphoreGive_extended
 .text.xSemaphoreTake_extended
                0x200207dc       0x54 ./src/sub-systemCode/Global/freertosExtended.o
                0x200207dc                xSemaphoreTake_extended
 .text.WriteLog
                0x20020830       0x94 ./src/sub-systemCode/Global/logger.o
                0x20020830                WriteLog
 .text.WritePayloadLog
                0x200208c4       0x54 ./src/sub-systemCode/Global/logger.o
                0x200208c4                WritePayloadLog
 .text.reset_APRS_list
                0x20020918       0xa4 ./src/sub-systemCode/COMM/APRS.o
                0x20020918                reset_APRS_list
 .text.send_APRS_Dump
                0x200209bc      0x1c0 ./src/sub-systemCode/COMM/APRS.o
                0x200209bc                send_APRS_Dump
 .text.get_APRS_list
                0x20020b7c       0x88 ./src/sub-systemCode/COMM/APRS.o
                0x20020b7c                get_APRS_list
 .text.find_CMD_in_list
                0x20020c04       0x7c ./src/sub-systemCode/COMM/DelayedCommand_list.o
                0x20020c04                find_CMD_in_list
 .text.find_empty_in_list
                0x20020c80       0x74 ./src/sub-systemCode/COMM/DelayedCommand_list.o
                0x20020c80                find_empty_in_list
 .text.check_delayCommandTime
                0x20020cf4       0x8c ./src/sub-systemCode/COMM/DelayedCommand_list.o
                0x20020cf4                check_delayCommandTime
 .text.execute_delayedCommand
                0x20020d80       0x64 ./src/sub-systemCode/COMM/DelayedCommand_list.o
                0x20020d80                execute_delayedCommand
 .text.check_delaycommand
                0x20020de4      0x17c ./src/sub-systemCode/COMM/DelayedCommand_list.o
                0x20020de4                check_delaycommand
 .text.reset_delayCommand
                0x20020f60       0x8c ./src/sub-systemCode/COMM/DelayedCommand_list.o
                0x20020f60                reset_delayCommand
 .text.add_delayCommand
                0x20020fec      0x1a4 ./src/sub-systemCode/COMM/DelayedCommand_list.o
                0x20020fec                add_delayCommand
 .text.get_delayCommand_list
                0x20021190       0x80 ./src/sub-systemCode/COMM/DelayedCommand_list.o
                0x20021190                get_delayCommand_list
 .text.EmptyOldestCommand
                0x20021210       0xfc ./src/sub-systemCode/COMM/DelayedCommand_list.o
                0x20021210                EmptyOldestCommand
 .text.decode_TCpacket
                0x2002130c      0x16c ./src/sub-systemCode/COMM/GSC.o
                0x2002130c                decode_TCpacket
 .text.encode_TCpacket
                0x20021478      0x114 ./src/sub-systemCode/COMM/GSC.o
                0x20021478                encode_TCpacket
 .text.encode_TMpacket
                0x2002158c      0x104 ./src/sub-systemCode/COMM/GSC.o
                0x2002158c                encode_TMpacket
 .text.build_raw_ACK
                0x20021690       0xbc ./src/sub-systemCode/COMM/GSC.o
                0x20021690                build_raw_ACK
 .text.build_data_field_ACK
                0x2002174c       0x74 ./src/sub-systemCode/COMM/GSC.o
                0x2002174c                build_data_field_ACK
 .text.update_FRAM_bitRate
                0x200217c0       0xd0 ./src/sub-systemCode/COMM/TRXVU.o
                0x200217c0                update_FRAM_bitRate
 .text.toggle_idle_state
                0x20021890       0x94 ./src/sub-systemCode/COMM/TRXVU.o
                0x20021890                toggle_idle_state
 .text.TRXVU_init_hardWare
                0x20021924       0xac ./src/sub-systemCode/COMM/TRXVU.o
                0x20021924                TRXVU_init_hardWare
 .text.TRXVU_init_softWare
                0x200219d0      0x100 ./src/sub-systemCode/COMM/TRXVU.o
                0x200219d0                TRXVU_init_softWare
 .text.init_trxvu
                0x20021ad0       0x14 ./src/sub-systemCode/COMM/TRXVU.o
                0x20021ad0                init_trxvu
 .text.TRXVU_task
                0x20021ae4       0xfc ./src/sub-systemCode/COMM/TRXVU.o
                0x20021ae4                TRXVU_task
 .text.dump_logic
                0x20021be0      0x34c ./src/sub-systemCode/COMM/TRXVU.o
                0x20021be0                dump_logic
 .text.Dump_task
                0x20021f2c      0x17c ./src/sub-systemCode/COMM/TRXVU.o
                0x20021f2c                Dump_task
 .text.transponder_logic
                0x200220a8       0xbc ./src/sub-systemCode/COMM/TRXVU.o
                0x200220a8                transponder_logic
 .text.Transponder_task
                0x20022164      0x224 ./src/sub-systemCode/COMM/TRXVU.o
                0x20022164                Transponder_task
 .text.lookForRequestToDelete_transponder
                0x20022388       0xb4 ./src/sub-systemCode/COMM/TRXVU.o
                0x20022388                lookForRequestToDelete_transponder
 .text.lookForRequestToDelete_dump
                0x2002243c       0x78 ./src/sub-systemCode/COMM/TRXVU.o
                0x2002243c                lookForRequestToDelete_dump
 .text.sendRequestToStop_dump
                0x200224b4       0x8c ./src/sub-systemCode/COMM/TRXVU.o
                0x200224b4                sendRequestToStop_dump
 .text.sendRequestToStop_transponder
                0x20022540       0x8c ./src/sub-systemCode/COMM/TRXVU.o
                0x20022540                sendRequestToStop_transponder
 .text.Rx_logic
                0x200225cc      0x18c ./src/sub-systemCode/COMM/TRXVU.o
                0x200225cc                Rx_logic
 .text.pass_above_Ground
                0x20022758      0x104 ./src/sub-systemCode/COMM/TRXVU.o
                0x20022758                pass_above_Ground
 .text.trxvu_logic
                0x2002285c       0x1c ./src/sub-systemCode/COMM/TRXVU.o
                0x2002285c                trxvu_logic
 .text.Beacon_task
                0x20022878      0x17c ./src/sub-systemCode/COMM/TRXVU.o
                0x20022878                Beacon_task
 .text.buildAndSend_beacon
                0x200229f4      0x604 ./src/sub-systemCode/COMM/TRXVU.o
                0x200229f4                buildAndSend_beacon
 .text.reset_FRAM_TRXVU
                0x20022ff8      0x160 ./src/sub-systemCode/COMM/TRXVU.o
                0x20022ff8                reset_FRAM_TRXVU
 .text.TRX_sendFrame
                0x20023158      0x1ac ./src/sub-systemCode/COMM/TRXVU.o
                0x20023158                TRX_sendFrame
 .text.TRX_getFrameData
                0x20023304      0x10c ./src/sub-systemCode/COMM/TRXVU.o
                0x20023304                TRX_getFrameData
 .text.mute_Tx  0x20023410       0x20 ./src/sub-systemCode/COMM/TRXVU.o
                0x20023410                mute_Tx
 .text.unmute_Tx
                0x20023430       0x58 ./src/sub-systemCode/COMM/TRXVU.o
                0x20023430                unmute_Tx
 .text.check_time_off_mute
                0x20023488       0x88 ./src/sub-systemCode/COMM/TRXVU.o
                0x20023488                check_time_off_mute
 .text.set_mute_time
                0x20023510       0xb4 ./src/sub-systemCode/COMM/TRXVU.o
                0x20023510                set_mute_time
 .text.change_TRXVU_state
                0x200235c4       0xe0 ./src/sub-systemCode/COMM/TRXVU.o
                0x200235c4                change_TRXVU_state
 .text.change_trans_RSSI
                0x200236a4       0x60 ./src/sub-systemCode/COMM/TRXVU.o
                0x200236a4                change_trans_RSSI
 .text.init_adcs
                0x20023704      0x104 ./src/sub-systemCode/ADCS/ADCS.o
                0x20023704                init_adcs
 .text.telemtryStart
                0x20023808      0x16c ./src/sub-systemCode/ADCS/Stage_Table.o
                0x20023808                telemtryStart
 .text.powerStart
                0x20023974       0x5c ./src/sub-systemCode/ADCS/Stage_Table.o
                0x20023974                powerStart
 .text.createTable
                0x200239d0       0xb4 ./src/sub-systemCode/ADCS/Stage_Table.o
                0x200239d0                createTable
 .text.buildControlMode
                0x20023a84       0x60 ./src/sub-systemCode/ADCS/Stage_Table.o
                0x20023a84                buildControlMode
 .text.Check_Table
                0x20023ae4      0x178 ./src/sub-systemCode/ADCS/Stage_Table.o
                0x20023ae4                Check_Table
 .text.updateTable
                0x20023c5c      0x1f0 ./src/sub-systemCode/ADCS/Stage_Table.o
                0x20023c5c                updateTable
 .text.translateCommandFULL
                0x20023e4c       0x78 ./src/sub-systemCode/ADCS/Stage_Table.o
                0x20023e4c                translateCommandFULL
 .text.getTableTo
                0x20023ec4       0x64 ./src/sub-systemCode/ADCS/Stage_Table.o
                0x20023ec4                getTableTo
 .text.save_time
                0x20023f28       0x9c ./src/main.o
                0x20023f28                save_time
 .text.Command_logic
                0x20023fc4       0x6c ./src/main.o
                0x20023fc4                Command_logic
 .text.taskMain
                0x20024030       0x74 ./src/main.o
                0x20024030                taskMain
 .text.main     0x200240a4       0xbc ./src/main.o
                0x200240a4                main
 .text.GomEpsInitialize
                0x20024160      0x148 C:/HOOPOE3/satellite-subsystems/demo/..//satellite-subsystems/lib\libSatelliteSubsystemsD.a(GomEPS.o)
                0x20024160                GomEpsInitialize
 .text.makeEPStransfer
                0x200242a8       0x3c C:/HOOPOE3/satellite-subsystems/demo/..//satellite-subsystems/lib\libSatelliteSubsystemsD.a(GomEPS.o)
 .text.GomEpsPing
                0x200242e4       0xf8 C:/HOOPOE3/satellite-subsystems/demo/..//satellite-subsystems/lib\libSatelliteSubsystemsD.a(GomEPS.o)
                0x200242e4                GomEpsPing
 .text.GomEpsSoftReset
                0x200243dc       0xc4 C:/HOOPOE3/satellite-subsystems/demo/..//satellite-subsystems/lib\libSatelliteSubsystemsD.a(GomEPS.o)
                0x200243dc                GomEpsSoftReset
 .text.GomEpsHardReset
                0x200244a0       0xa8 C:/HOOPOE3/satellite-subsystems/demo/..//satellite-subsystems/lib\libSatelliteSubsystemsD.a(GomEPS.o)
                0x200244a0                GomEpsHardReset
 .text.GomEpsGetHkData_param
                0x20024548      0x29c C:/HOOPOE3/satellite-subsystems/demo/..//satellite-subsystems/lib\libSatelliteSubsystemsD.a(GomEPS.o)
                0x20024548                GomEpsGetHkData_param
 .text.GomEpsGetHkData_general
                0x200247e4      0x45c C:/HOOPOE3/satellite-subsystems/demo/..//satellite-subsystems/lib\libSatelliteSubsystemsD.a(GomEPS.o)
                0x200247e4                GomEpsGetHkData_general
 .text.GomEpsGetHkData_vi
                0x20024c40      0x188 C:/HOOPOE3/satellite-subsystems/demo/..//satellite-subsystems/lib\libSatelliteSubsystemsD.a(GomEPS.o)
                0x20024c40                GomEpsGetHkData_vi
 .text.GomEpsGetHkData_out
                0x20024dc8      0x21c C:/HOOPOE3/satellite-subsystems/demo/..//satellite-subsystems/lib\libSatelliteSubsystemsD.a(GomEPS.o)
                0x20024dc8                GomEpsGetHkData_out
 .text.GomEpsGetHkData_wdt
                0x20024fe4      0x2b4 C:/HOOPOE3/satellite-subsystems/demo/..//satellite-subsystems/lib\libSatelliteSubsystemsD.a(GomEPS.o)
                0x20024fe4                GomEpsGetHkData_wdt
 .text.GomEpsGetHkData_basic
                0x20025298      0x22c C:/HOOPOE3/satellite-subsystems/demo/..//satellite-subsystems/lib\libSatelliteSubsystemsD.a(GomEPS.o)
                0x20025298                GomEpsGetHkData_basic
 .text.GomEpsSetOutput
                0x200254c4       0xbc C:/HOOPOE3/satellite-subsystems/demo/..//satellite-subsystems/lib\libSatelliteSubsystemsD.a(GomEPS.o)
                0x200254c4                GomEpsSetOutput
 .text.GomEpsResetWDT
                0x20025580       0xc4 C:/HOOPOE3/satellite-subsystems/demo/..//satellite-subsystems/lib\libSatelliteSubsystemsD.a(GomEPS.o)
                0x20025580                GomEpsResetWDT
 .text.GomEpsConfigGet
                0x20025644      0x16c C:/HOOPOE3/satellite-subsystems/demo/..//satellite-subsystems/lib\libSatelliteSubsystemsD.a(GomEPS.o)
                0x20025644                GomEpsConfigGet
 .text.GomEpsConfigSet
                0x200257b0      0x184 C:/HOOPOE3/satellite-subsystems/demo/..//satellite-subsystems/lib\libSatelliteSubsystemsD.a(GomEPS.o)
                0x200257b0                GomEpsConfigSet
 .text.GomEpsConfig2Get
                0x20025934      0x16c C:/HOOPOE3/satellite-subsystems/demo/..//satellite-subsystems/lib\libSatelliteSubsystemsD.a(GomEPS.o)
                0x20025934                GomEpsConfig2Get
 .text.makeAntStransfer
                0x20025aa0       0x4c C:/HOOPOE3/satellite-subsystems/demo/..//satellite-subsystems/lib\libSatelliteSubsystemsD.a(IsisAntS.o)
 .text.checkInputsValid
                0x20025aec       0x7c C:/HOOPOE3/satellite-subsystems/demo/..//satellite-subsystems/lib\libSatelliteSubsystemsD.a(IsisAntS.o)
 .text.IsisAntS_setArmStatus
                0x20025b68      0x104 C:/HOOPOE3/satellite-subsystems/demo/..//satellite-subsystems/lib\libSatelliteSubsystemsD.a(IsisAntS.o)
                0x20025b68                IsisAntS_setArmStatus
 .text.IsisAntS_getStatusData
                0x20025c6c      0x120 C:/HOOPOE3/satellite-subsystems/demo/..//satellite-subsystems/lib\libSatelliteSubsystemsD.a(IsisAntS.o)
                0x20025c6c                IsisAntS_getStatusData
 .text.IsisAntS_getTemperature
                0x20025d8c      0x120 C:/HOOPOE3/satellite-subsystems/demo/..//satellite-subsystems/lib\libSatelliteSubsystemsD.a(IsisAntS.o)
                0x20025d8c                IsisAntS_getTemperature
 .text.IsisAntS_getAlltelemetry
                0x20025eac      0x120 C:/HOOPOE3/satellite-subsystems/demo/..//satellite-subsystems/lib\libSatelliteSubsystemsD.a(IsisAntS.o)
                0x20025eac                IsisAntS_getAlltelemetry
 .text.IsisAntS_reset
                0x20025fcc      0x104 C:/HOOPOE3/satellite-subsystems/demo/..//satellite-subsystems/lib\libSatelliteSubsystemsD.a(IsisAntS.o)
                0x20025fcc                IsisAntS_reset
 .text.IsisSolarPanelv2_initialize
                0x200260d0       0xb4 C:/HOOPOE3/satellite-subsystems/demo/..//satellite-subsystems/lib\libSatelliteSubsystemsD.a(IsisSolarPanelv2.o)
                0x200260d0                IsisSolarPanelv2_initialize
 .text.IsisSolarPanelv2_getTemperature
                0x20026184       0xc8 C:/HOOPOE3/satellite-subsystems/demo/..//satellite-subsystems/lib\libSatelliteSubsystemsD.a(IsisSolarPanelv2.o)
                0x20026184                IsisSolarPanelv2_getTemperature
 .text.IsisSolarPanelv2_sleep
                0x2002624c       0xbc C:/HOOPOE3/satellite-subsystems/demo/..//satellite-subsystems/lib\libSatelliteSubsystemsD.a(IsisSolarPanelv2.o)
                0x2002624c                IsisSolarPanelv2_sleep
 .text.IsisSolarPanelv2_wakeup
                0x20026308       0x80 C:/HOOPOE3/satellite-subsystems/demo/..//satellite-subsystems/lib\libSatelliteSubsystemsD.a(IsisSolarPanelv2.o)
                0x20026308                IsisSolarPanelv2_wakeup
 .text._Reset   0x20026388       0x20 C:/HOOPOE3/satellite-subsystems/demo/..//satellite-subsystems/lib\libSatelliteSubsystemsD.a(IsisSolarPanelv2.o)
 .text._WaitForStartup
                0x200263a8       0x90 C:/HOOPOE3/satellite-subsystems/demo/..//satellite-subsystems/lib\libSatelliteSubsystemsD.a(IsisSolarPanelv2.o)
 .text._AssignAllChannels
                0x20026438       0x90 C:/HOOPOE3/satellite-subsystems/demo/..//satellite-subsystems/lib\libSatelliteSubsystemsD.a(IsisSolarPanelv2.o)
 .text._AssignThisChannel
                0x200264c8       0xe8 C:/HOOPOE3/satellite-subsystems/demo/..//satellite-subsystems/lib\libSatelliteSubsystemsD.a(IsisSolarPanelv2.o)
 .text._InitiateConversion
                0x200265b0       0xac C:/HOOPOE3/satellite-subsystems/demo/..//satellite-subsystems/lib\libSatelliteSubsystemsD.a(IsisSolarPanelv2.o)
 .text._WaitForConversionComplete
                0x2002665c      0x100 C:/HOOPOE3/satellite-subsystems/demo/..//satellite-subsystems/lib\libSatelliteSubsystemsD.a(IsisSolarPanelv2.o)
 .text._ReadResult
                0x2002675c      0x158 C:/HOOPOE3/satellite-subsystems/demo/..//satellite-subsystems/lib\libSatelliteSubsystemsD.a(IsisSolarPanelv2.o)
 .text._ExtractByte
                0x200268b4       0x38 C:/HOOPOE3/satellite-subsystems/demo/..//satellite-subsystems/lib\libSatelliteSubsystemsD.a(IsisSolarPanelv2.o)
 .text._ExtendSign
                0x200268ec       0x6c C:/HOOPOE3/satellite-subsystems/demo/..//satellite-subsystems/lib\libSatelliteSubsystemsD.a(IsisSolarPanelv2.o)
 .text._PinsInit
                0x20026958       0x50 C:/HOOPOE3/satellite-subsystems/demo/..//satellite-subsystems/lib\libSatelliteSubsystemsD.a(IsisSolarPanelv2.o)
 .text._SpiWriteRead
                0x200269a8       0x70 C:/HOOPOE3/satellite-subsystems/demo/..//satellite-subsystems/lib\libSatelliteSubsystemsD.a(IsisSolarPanelv2.o)
 .text.IsisTrxvu_initialize
                0x20026a18      0x2f4 C:/HOOPOE3/satellite-subsystems/demo/..//satellite-subsystems/lib\libSatelliteSubsystemsD.a(IsisTRXVU.o)
                0x20026a18                IsisTrxvu_initialize
 .text.makeTRXVUtransfer
                0x20026d0c       0x44 C:/HOOPOE3/satellite-subsystems/demo/..//satellite-subsystems/lib\libSatelliteSubsystemsD.a(IsisTRXVU.o)
 .text.IsisTrxvu_componentSoftReset
                0x20026d50       0x6c C:/HOOPOE3/satellite-subsystems/demo/..//satellite-subsystems/lib\libSatelliteSubsystemsD.a(IsisTRXVU.o)
                0x20026d50                IsisTrxvu_componentSoftReset
 .text.IsisTrxvu_componentHardReset
                0x20026dbc       0xc8 C:/HOOPOE3/satellite-subsystems/demo/..//satellite-subsystems/lib\libSatelliteSubsystemsD.a(IsisTRXVU.o)
                0x20026dbc                IsisTrxvu_componentHardReset
 .text.IsisTrxvu_softReset
                0x20026e84       0x74 C:/HOOPOE3/satellite-subsystems/demo/..//satellite-subsystems/lib\libSatelliteSubsystemsD.a(IsisTRXVU.o)
                0x20026e84                IsisTrxvu_softReset
 .text.IsisTrxvu_hardReset
                0x20026ef8       0x74 C:/HOOPOE3/satellite-subsystems/demo/..//satellite-subsystems/lib\libSatelliteSubsystemsD.a(IsisTRXVU.o)
                0x20026ef8                IsisTrxvu_hardReset
 .text.IsisTrxvu_tcSendAX25DefClSign
                0x20026f6c       0xec C:/HOOPOE3/satellite-subsystems/demo/..//satellite-subsystems/lib\libSatelliteSubsystemsD.a(IsisTRXVU.o)
                0x20026f6c                IsisTrxvu_tcSendAX25DefClSign
 .text.IsisTrxvu_tcSetIdlestate
                0x20027058       0xa4 C:/HOOPOE3/satellite-subsystems/demo/..//satellite-subsystems/lib\libSatelliteSubsystemsD.a(IsisTRXVU.o)
                0x20027058                IsisTrxvu_tcSetIdlestate
 .text.IsisTrxvu_tcSetAx25Bitrate
                0x200270fc       0xc4 C:/HOOPOE3/satellite-subsystems/demo/..//satellite-subsystems/lib\libSatelliteSubsystemsD.a(IsisTRXVU.o)
                0x200270fc                IsisTrxvu_tcSetAx25Bitrate
 .text.IsisTrxvu_tcGetTelemetryAll
                0x200271c0       0xd0 C:/HOOPOE3/satellite-subsystems/demo/..//satellite-subsystems/lib\libSatelliteSubsystemsD.a(IsisTRXVU.o)
                0x200271c0                IsisTrxvu_tcGetTelemetryAll
 .text.IsisTrxvu_tcGetTelemetryAll_revC
                0x20027290       0xd0 C:/HOOPOE3/satellite-subsystems/demo/..//satellite-subsystems/lib\libSatelliteSubsystemsD.a(IsisTRXVU.o)
                0x20027290                IsisTrxvu_tcGetTelemetryAll_revC
 .text.IsisTrxvu_rcGetFrameCount
                0x20027360       0xa0 C:/HOOPOE3/satellite-subsystems/demo/..//satellite-subsystems/lib\libSatelliteSubsystemsD.a(IsisTRXVU.o)
                0x20027360                IsisTrxvu_rcGetFrameCount
 .text.IsisTrxvu_rcGetCommandFrame
                0x20027400      0x2d8 C:/HOOPOE3/satellite-subsystems/demo/..//satellite-subsystems/lib\libSatelliteSubsystemsD.a(IsisTRXVU.o)
                0x20027400                IsisTrxvu_rcGetCommandFrame
 .text.IsisTrxvu_rcGetTelemetryAll
                0x200276d8       0xd0 C:/HOOPOE3/satellite-subsystems/demo/..//satellite-subsystems/lib\libSatelliteSubsystemsD.a(IsisTRXVU.o)
                0x200276d8                IsisTrxvu_rcGetTelemetryAll
 .text.IsisTrxvu_rcGetTelemetryAll_revC
                0x200277a8       0xec C:/HOOPOE3/satellite-subsystems/demo/..//satellite-subsystems/lib\libSatelliteSubsystemsD.a(IsisTRXVU.o)
                0x200277a8                IsisTrxvu_rcGetTelemetryAll_revC
 .text.cspaceADCS_initialize
                0x20027894      0x18c C:/HOOPOE3/satellite-subsystems/demo/..//satellite-subsystems/lib\libSatelliteSubsystemsD.a(cspaceADCS.o)