Archive member included because of file (symbol)

c:/isis/application/toolchain/bin/../lib/gcc/arm-none-eabi/4.7.4/../../../../arm-none-eabi/lib\libc_s.a(lib_a-vfprintf_float.o)
                              (_printf_float)
c:/isis/application/toolchain/bin/../lib/gcc/arm-none-eabi/4.7.4/../../../../arm-none-eabi/lib\libc_s.a(lib_a-vfprintf_i.o)
                              c:/isis/application/toolchain/bin/../lib/gcc/arm-none-eabi/4.7.4/../../../../arm-none-eabi/lib\libc_s.a(lib_a-vfprintf_float.o) (_printf_common)
c:/isis/application/toolchain/bin/../lib/gcc/arm-none-eabi/4.7.4/../../../../arm-none-eabi/lib\libc_s.a(lib_a-vfscanf_float.o)
                              (_scanf_float)
c:/isis/application/toolchain/bin/../lib/gcc/arm-none-eabi/4.7.4/../../../../arm-none-eabi/lib\libc_s.a(lib_a-dtoa.o)
                              c:/isis/application/toolchain/bin/../lib/gcc/arm-none-eabi/4.7.4/../../../../arm-none-eabi/lib\libc_s.a(lib_a-vfprintf_float.o) (_dtoa_r)
c:/isis/application/toolchain/bin/../lib/gcc/arm-none-eabi/4.7.4/../../../../arm-none-eabi/lib\libc_s.a(lib_a-locale.o)
                              c:/isis/application/toolchain/bin/../lib/gcc/arm-none-eabi/4.7.4/../../../../arm-none-eabi/lib\libc_s.a(lib_a-vfprintf_float.o) (_localeconv_r)
c:/isis/application/toolchain/bin/../lib/gcc/arm-none-eabi/4.7.4/../../../../arm-none-eabi/lib\libc_s.a(lib_a-malloc.o)
                              c:/isis/application/toolchain/bin/../lib/gcc/arm-none-eabi/4.7.4/../../../../arm-none-eabi/lib\libc_s.a(lib_a-dtoa.o) (malloc)
c:/isis/application/toolchain/bin/../lib/gcc/arm-none-eabi/4.7.4/../../../../arm-none-eabi/lib\libc_s.a(lib_a-mallocr.o)
                              c:/isis/application/toolchain/bin/../lib/gcc/arm-none-eabi/4.7.4/../../../../arm-none-eabi/lib\libc_s.a(lib_a-malloc.o) (_malloc_r)
c:/isis/application/toolchain/bin/../lib/gcc/arm-none-eabi/4.7.4/../../../../arm-none-eabi/lib\libc_s.a(lib_a-memcpy.o)
                              c:/isis/application/toolchain/bin/../lib/gcc/arm-none-eabi/4.7.4/../../../../arm-none-eabi/lib\libc_s.a(lib_a-dtoa.o) (memcpy)
c:/isis/application/toolchain/bin/../lib/gcc/arm-none-eabi/4.7.4/../../../../arm-none-eabi/lib\libc_s.a(lib_a-mprec.o)
                              c:/isis/application/toolchain/bin/../lib/gcc/arm-none-eabi/4.7.4/../../../../arm-none-eabi/lib\libc_s.a(lib_a-dtoa.o) (_Balloc)
c:/isis/application/toolchain/bin/../lib/gcc/arm-none-eabi/4.7.4/../../../../arm-none-eabi/lib\libc_s.a(lib_a-s_fpclassify.o)
                              c:/isis/application/toolchain/bin/../lib/gcc/arm-none-eabi/4.7.4/../../../../arm-none-eabi/lib\libc_s.a(lib_a-vfprintf_float.o) (__fpclassifyd)
c:/isis/application/toolchain/bin/../lib/gcc/arm-none-eabi/4.7.4/../../../../arm-none-eabi/lib\libc_s.a(lib_a-sbrkr.o)
                              c:/isis/application/toolchain/bin/../lib/gcc/arm-none-eabi/4.7.4/../../../../arm-none-eabi/lib\libc_s.a(lib_a-mallocr.o) (_sbrk_r)
c:/isis/application/toolchain/bin/../lib/gcc/arm-none-eabi/4.7.4/../../../../arm-none-eabi/lib\libc_s.a(lib_a-sf_nan.o)
                              c:/isis/application/toolchain/bin/../lib/gcc/arm-none-eabi/4.7.4/../../../../arm-none-eabi/lib\libc_s.a(lib_a-vfscanf_float.o) (nanf)
c:/isis/application/toolchain/bin/../lib/gcc/arm-none-eabi/4.7.4/../../../../arm-none-eabi/lib\libc_s.a(lib_a-sprintf.o)
                              c:/isis/application/toolchain/bin/../lib/gcc/arm-none-eabi/4.7.4/../../../../arm-none-eabi/lib\libc_s.a(lib_a-vfscanf_float.o) (sprintf)
c:/isis/application/toolchain/bin/../lib/gcc/arm-none-eabi/4.7.4/../../../../arm-none-eabi/lib\libc_s.a(lib_a-strcmp.o)
                              c:/isis/application/toolchain/bin/../lib/gcc/arm-none-eabi/4.7.4/../../../../arm-none-eabi/lib\libc_s.a(lib_a-locale.o) (strcmp)
c:/isis/application/toolchain/bin/../lib/gcc/arm-none-eabi/4.7.4/../../../../arm-none-eabi/lib\libc_s.a(lib_a-strlen.o)
                              c:/isis/application/toolchain/bin/../lib/gcc/arm-none-eabi/4.7.4/../../../../arm-none-eabi/lib\libc_s.a(lib_a-vfprintf_float.o) (strlen)
c:/isis/application/toolchain/bin/../lib/gcc/arm-none-eabi/4.7.4/../../../../arm-none-eabi/lib\libc_s.a(lib_a-strtod.o)
                              c:/isis/application/toolchain/bin/../lib/gcc/arm-none-eabi/4.7.4/../../../../arm-none-eabi/lib\libc_s.a(lib_a-vfscanf_float.o) (_strtod_r)
c:/isis/application/toolchain/bin/../lib/gcc/arm-none-eabi/4.7.4/../../../../arm-none-eabi/lib\libc_s.a(lib_a-strtol.o)
                              c:/isis/application/toolchain/bin/../lib/gcc/arm-none-eabi/4.7.4/../../../../arm-none-eabi/lib\libc_s.a(lib_a-vfscanf_float.o) (_strtol_r)
c:/isis/application/toolchain/bin/../lib/gcc/arm-none-eabi/4.7.4/../../../../arm-none-eabi/lib\libc_s.a(lib_a-svfprintf.o)
                              c:/isis/application/toolchain/bin/../lib/gcc/arm-none-eabi/4.7.4/../../../../arm-none-eabi/lib\libc_s.a(lib_a-sprintf.o) (_svfprintf_r)
[...]
Memory Configuration

Name             Origin             Length             Attributes
sram0            0x00200000         0x00004000         w !xr
sram1            0x00300000         0x00004000         w !xr
sdram            0x20000000         0x02000000         w !xr
*default*        0x00000000         0xffffffff

Linker script and memory map

LOAD c:/isis/application/toolchain/bin/../lib/gcc/arm-none-eabi/4.7.4/../../../../arm-none-eabi/lib\libc_s.a
LOAD ./src/sub-systemCode/payload/Request Management/Dump/Butchering.o
LOAD ./src/sub-systemCode/payload/Request Management/Dump/imageDump.o
LOAD ./src/sub-systemCode/payload/Request Management/CameraManeger.o
LOAD ./src/sub-systemCode/payload/Request Management/DB_RequestHandling.o
LOAD ./src/sub-systemCode/payload/Misc/Boolean_bit.o
LOAD ./src/sub-systemCode/payload/Misc/FileSystem.o
LOAD ./src/sub-systemCode/payload/Drivers/GeckoCameraDriver.o
LOAD ./src/sub-systemCode/payload/DataBase/DataBase.o
LOAD ./src/sub-systemCode/payload/Compression/jpeg/bmp/rawToBMP.o
LOAD ./src/sub-systemCode/payload/Compression/jpeg/DCT.o
LOAD ./src/sub-systemCode/payload/Compression/jpeg/ImgCompressor.o
LOAD ./src/sub-systemCode/payload/Compression/jpeg/color_conv.o
LOAD ./src/sub-systemCode/payload/Compression/jpeg/jpeg.o
LOAD ./src/sub-systemCode/payload/Compression/jpeg/jpeg_encoder.o
LOAD ./src/sub-systemCode/payload/Compression/jpeg/jpeg_memory_alloc.o
LOAD ./src/sub-systemCode/payload/Compression/jpeg/jpeg_params.o
LOAD ./src/sub-systemCode/payload/Compression/jpeg/output_stream.o
LOAD ./src/sub-systemCode/payload/Compression/ImageConversion.o
LOAD ./src/sub-systemCode/Main/CMD/ADCS_CMD.o
LOAD ./src/sub-systemCode/Main/CMD/COMM_CMD.o
LOAD ./src/sub-systemCode/Main/CMD/EPS_CMD.o
LOAD ./src/sub-systemCode/Main/CMD/General_CMD.o
LOAD ./src/sub-systemCode/Main/CMD/SW_CMD.o
LOAD ./src/sub-systemCode/Main/CMD/payload_CMD.o
LOAD ./src/sub-systemCode/Main/Ants.o
LOAD ./src/sub-systemCode/Main/EPS.o
LOAD ./src/sub-systemCode/Main/HouseKeeping.o
LOAD ./src/sub-systemCode/Main/Main_Init.o
LOAD ./src/sub-systemCode/Main/commands.o
LOAD ./src/sub-systemCode/Global/GenericTaskSave.o
LOAD ./src/sub-systemCode/Global/Global.o
LOAD ./src/sub-systemCode/Global/GlobalParam.o
LOAD ./src/sub-systemCode/Global/OnlineTM.o
LOAD ./src/sub-systemCode/Global/TLM_management.o
LOAD ./src/sub-systemCode/Global/freertosExtended.o
LOAD ./src/sub-systemCode/Global/logger.o
LOAD ./src/sub-systemCode/CUF/CUF.o
LOAD ./src/sub-systemCode/CUF/uploadCodeTelemetry.o
LOAD ./src/sub-systemCode/COMM/APRS.o
LOAD ./src/sub-systemCode/COMM/DelayedCommand_list.o
LOAD ./src/sub-systemCode/COMM/GSC.o
LOAD ./src/sub-systemCode/COMM/TRXVU.o
LOAD ./src/sub-systemCode/ADCS/AdcsCommands.o
LOAD ./src/sub-systemCode/ADCS/AdcsGetDataAndTlm.o
LOAD ./src/sub-systemCode/ADCS/AdcsMain.o
LOAD ./src/sub-systemCode/ADCS/AdcsTroubleShooting.o
LOAD ./src/sub-systemCode/ADCS/StateMachine.o
LOAD ./src/main.o
LOAD C:/HOOPOE3/satellite-subsystems/demo/..//satellite-subsystems/lib\libSatelliteSubsystemsD.a
LOAD c:/isis/application/toolchain/bin/../lib/gcc/arm-none-eabi/4.7.4/../../../../arm-none-eabi/lib\libm.a
LOAD C:/HOOPOE3/satellite-subsystems/demo/../..//hal/hcc/lib\libHCCD.a
LOAD C:/HOOPOE3/satellite-subsystems/demo/../..//hal/hal/lib\libHALD.a
LOAD C:/HOOPOE3/satellite-subsystems/demo/../..//hal/freertos/lib\libFreeRTOSD.a
LOAD C:/HOOPOE3/satellite-subsystems/demo/../..//hal/at91/lib\libAt91D.a
START GROUP
LOAD c:/isis/application/toolchain/bin/../lib/gcc/arm-none-eabi/4.7.4\libgcc.a
LOAD c:/isis/application/toolchain/bin/../lib/gcc/arm-none-eabi/4.7.4/../../../../arm-none-eabi/lib\libc_s.a
END GROUP

.fixed          0x20000000    0x5af30
                0x20000000                . = ALIGN (0x4)
                0x20000000                _sfixed = .
 *(.startup)
 .startup       0x20000000      0x134 C:/HOOPOE3/satellite-subsystems/demo/../..//hal/at91/lib\libAt91D.a(board_cstartup.o)
                0x20000000                entry
 *(.text)
 .text          0x20000134       0x64 C:/HOOPOE3/satellite-subsystems/demo/../..//hal/at91/lib\libAt91D.a(cp15_asm.o)
                0x20000134                _readControlRegister
                0x20000140                _writeControlRegister
                0x20000148                _waitForInterrupt
                0x20000154                _writeTTB
                0x2000015c                _writeDomain
                0x20000164                _writeITLBLockdown
                0x2000016c                _prefetchICacheLine
                0x20000174                _flushDCache
                0x20000180                _flushWriteBuffer
                0x2000018c                _invalidateIDTLBs
 .text          0x20000198      0x114 c:/isis/application/toolchain/bin/../lib/gcc/arm-none-eabi/4.7.4\libgcc.a(_udivsi3.o)
                0x20000198                __aeabi_uidiv
                0x20000198                __udivsi3
                0x2000028c                __aeabi_uidivmod
 .text          0x200002ac      0x148 c:/isis/application/toolchain/bin/../lib/gcc/arm-none-eabi/4.7.4\libgcc.a(_divsi3.o)
                0x200002ac                __divsi3
                0x200002ac                __aeabi_idiv
                0x200003d4                __aeabi_idivmod
 .text          0x200003f4        0x4 c:/isis/application/toolchain/bin/../lib/gcc/arm-none-eabi/4.7.4\libgcc.a(_dvmd_tls.o)
                0x200003f4                __aeabi_idiv0
                0x200003f4                __aeabi_ldiv0
 .text          0x200003f8      0x41c c:/isis/application/toolchain/bin/../lib/gcc/arm-none-eabi/4.7.4\libgcc.a(_arm_addsubdf3.o)
                0x200003f8                __aeabi_drsub
                0x20000400                __aeabi_dsub
                0x20000400                __subdf3
                0x20000404                __aeabi_dadd
                0x20000404                __adddf3
                0x20000714                __floatunsidf
                0x20000714                __aeabi_ui2d
                0x20000738                __floatsidf
                0x20000738                __aeabi_i2d
                0x20000760                __aeabi_f2d
                0x20000760                __extendsfdf2
                0x200007a0                __floatundidf
                0x200007a0                __aeabi_ul2d
                0x200007b4                __floatdidf
                0x200007b4                __aeabi_l2d
 .text          0x20000814      0x49c c:/isis/application/toolchain/bin/../lib/gcc/arm-none-eabi/4.7.4\libgcc.a(_arm_muldivdf3.o)
                0x20000814                __aeabi_dmul
                0x20000814                __muldf3
                0x20000aa4                __divdf3
                0x20000aa4                __aeabi_ddiv
 .text          0x20000cb0      0x144 c:/isis/application/toolchain/bin/../lib/gcc/arm-none-eabi/4.7.4\libgcc.a(_arm_cmpdf2.o)
                0x20000cb0                __gtdf2
                0x20000cb0                __gedf2
                0x20000cb8                __ltdf2
                0x20000cb8                __ledf2
                0x20000cc0                __nedf2
                0x20000cc0                __eqdf2
                0x20000cc0                __cmpdf2
                0x20000d48                __aeabi_cdrcmple
                0x20000d64                __aeabi_cdcmpeq
                0x20000d64                __aeabi_cdcmple
                0x20000d7c                __aeabi_dcmpeq
                0x20000d94                __aeabi_dcmplt
                0x20000dac                __aeabi_dcmple
                0x20000dc4                __aeabi_dcmpge
                0x20000ddc                __aeabi_dcmpgt
 .text          0x20000df4       0x5c c:/isis/application/toolchain/bin/../lib/gcc/arm-none-eabi/4.7.4\libgcc.a(_arm_fixdfsi.o)
                0x20000df4                __aeabi_d2iz
                0x20000df4                __fixdfsi
 .text          0x20000e50       0x54 c:/isis/application/toolchain/bin/../lib/gcc/arm-none-eabi/4.7.4\libgcc.a(_arm_fixunsdfsi.o)
                0x20000e50                __aeabi_d2uiz
                0x20000e50                __fixunsdfsi
 .text          0x20000ea4       0xa0 c:/isis/application/toolchain/bin/../lib/gcc/arm-none-eabi/4.7.4\libgcc.a(_arm_truncdfsf2.o)
                0x20000ea4                __truncdfsf2
                0x20000ea4                __aeabi_d2f
 .text          0x20000f44      0x2ac c:/isis/application/toolchain/bin/../lib/gcc/arm-none-eabi/4.7.4\libgcc.a(_arm_addsubsf3.o)
                0x20000f44                __aeabi_frsub
                0x20000f4c                __subsf3
                0x20000f4c                __aeabi_fsub
                0x20000f50                __aeabi_fadd
                0x20000f50                __addsf3
                0x2000110c                __aeabi_ui2f
                0x2000110c                __floatunsisf
                0x20001114                __aeabi_i2f
                0x20001114                __floatsisf
                0x20001134                __aeabi_ul2f
                0x20001134                __floatundisf
                0x20001144                __aeabi_l2f
                0x20001144                __floatdisf
 .text          0x200011f0      0x2f8 c:/isis/application/toolchain/bin/../lib/gcc/arm-none-eabi/4.7.4\libgcc.a(_arm_muldivsf3.o)
                0x200011f0                __mulsf3
                0x200011f0                __aeabi_fmul
                0x20001388                __aeabi_fdiv
                0x20001388                __divsf3
 .text          0x200014e8      0x114 c:/isis/application/toolchain/bin/../lib/gcc/arm-none-eabi/4.7.4\libgcc.a(_arm_cmpsf2.o)
                0x200014e8                __gesf2
                0x200014e8                __gtsf2
                0x200014f0                __lesf2
                0x200014f0                __ltsf2
                0x200014f8                __nesf2
                0x200014f8                __eqsf2
                0x200014f8                __cmpsf2
                0x2000155c                __aeabi_cfrcmple
                0x2000156c                __aeabi_cfcmpeq
                0x2000156c                __aeabi_cfcmple
                0x20001584                __aeabi_fcmpeq
                0x2000159c                __aeabi_fcmplt
                0x200015b4                __aeabi_fcmple
                0x200015cc                __aeabi_fcmpge
                0x200015e4                __aeabi_fcmpgt
 .text          0x200015fc       0x54 c:/isis/application/toolchain/bin/../lib/gcc/arm-none-eabi/4.7.4\libgcc.a(_arm_fixunssfsi.o)
                0x200015fc                __fixunssfsi
                0x200015fc                __aeabi_f2uiz
 *(.text*)
 .text.__cvt    0x20001650      0x138 c:/isis/application/toolchain/bin/../lib/gcc/arm-none-eabi/4.7.4/../../../../arm-none-eabi/lib\libc_s.a(lib_a-vfprintf_float.o)
                0x20001650                __cvt
 .text.__exponent
                0x20001788       0xa8 c:/isis/application/toolchain/bin/../lib/gcc/arm-none-eabi/4.7.4/../../../../arm-none-eabi/lib\libc_s.a(lib_a-vfprintf_float.o)
                0x20001788                __exponent
 .text._printf_float
                0x20001830      0x7dc c:/isis/application/toolchain/bin/../lib/gcc/arm-none-eabi/4.7.4/../../../../arm-none-eabi/lib\libc_s.a(lib_a-vfprintf_float.o)
                0x20001830                _printf_float
 .text._printf_common
                0x2000200c      0x174 c:/isis/application/toolchain/bin/../lib/gcc/arm-none-eabi/4.7.4/../../../../arm-none-eabi/lib\libc_s.a(lib_a-vfprintf_i.o)
                0x2000200c                _printf_common
 .text._printf_i
                0x20002180      0x3c4 c:/isis/application/toolchain/bin/../lib/gcc/arm-none-eabi/4.7.4/../../../../arm-none-eabi/lib\libc_s.a(lib_a-vfprintf_i.o)
                0x20002180                _printf_i
 .text._scanf_float
                0x20002544      0x5f4 c:/isis/application/toolchain/bin/../lib/gcc/arm-none-eabi/4.7.4/../../../../arm-none-eabi/lib\libc_s.a(lib_a-vfscanf_float.o)
                0x20002544                _scanf_float
 .text.quorem   0x20002b38      0x1ac c:/isis/application/toolchain/bin/../lib/gcc/arm-none-eabi/4.7.4/../../../../arm-none-eabi/lib\libc_s.a(lib_a-dtoa.o)
 .text._dtoa_r  0x20002ce4     0x1268 c:/isis/application/toolchain/bin/../lib/gcc/arm-none-eabi/4.7.4/../../../../arm-none-eabi/lib\libc_s.a(lib_a-dtoa.o)
                0x20002ce4                _dtoa_r
 .text._localeconv_r
                0x20003f4c        0xc c:/isis/application/toolchain/bin/../lib/gcc/arm-none-eabi/4.7.4/../../../../arm-none-eabi/lib\libc_s.a(lib_a-locale.o)
                0x20003f4c                _localeconv_r
 .text.malloc   0x20003f58       0x20 c:/isis/application/toolchain/bin/../lib/gcc/arm-none-eabi/4.7.4/../../../../arm-none-eabi/lib\libc_s.a(lib_a-malloc.o)
                0x20003f58                malloc
 .text.free     0x20003f78       0x20 c:/isis/application/toolchain/bin/../lib/gcc/arm-none-eabi/4.7.4/../../../../arm-none-eabi/lib\libc_s.a(lib_a-malloc.o)
                0x20003f78                free
 .text._malloc_r
                0x20003f98       0xfc c:/isis/application/toolchain/bin/../lib/gcc/arm-none-eabi/4.7.4/../../../../arm-none-eabi/lib\libc_s.a(lib_a-mallocr.o)
                0x20003f98                _malloc_r
 .text.memcpy   0x20004094       0x20 c:/isis/application/toolchain/bin/../lib/gcc/arm-none-eabi/4.7.4/../../../../arm-none-eabi/lib\libc_s.a(lib_a-memcpy.o)
                0x20004094                memcpy
 .text._Balloc  0x200040b4       0xcc c:/isis/application/toolchain/bin/../lib/gcc/arm-none-eabi/4.7.4/../../../../arm-none-eabi/lib\libc_s.a(lib_a-mprec.o)
                0x200040b4                _Balloc
 .text._Bfree   0x20004180       0x5c c:/isis/application/toolchain/bin/../lib/gcc/arm-none-eabi/4.7.4/../../../../arm-none-eabi/lib\libc_s.a(lib_a-mprec.o)
                0x20004180                _Bfree
 .text.__multadd
                0x200041dc       0xbc c:/isis/application/toolchain/bin/../lib/gcc/arm-none-eabi/4.7.4/../../../../arm-none-eabi/lib\libc_s.a(lib_a-mprec.o)
                0x200041dc                __multadd
 .text.__s2b    0x20004298       0xd8 c:/isis/application/toolchain/bin/../lib/gcc/arm-none-eabi/4.7.4/../../../../arm-none-eabi/lib\libc_s.a(lib_a-mprec.o)
                0x20004298                __s2b
 .text.__hi0bits
                0x20004370       0x58 c:/isis/application/toolchain/bin/../lib/gcc/arm-none-eabi/4.7.4/../../../../arm-none-eabi/lib\libc_s.a(lib_a-mprec.o)
                0x20004370                __hi0bits
 .text.__lo0bits
                0x200043c8       0x94 c:/isis/application/toolchain/bin/../lib/gcc/arm-none-eabi/4.7.4/../../../../arm-none-eabi/lib\libc_s.a(lib_a-mprec.o)
                0x200043c8                __lo0bits
 .text.__i2b    0x2000445c       0x24 c:/isis/application/toolchain/bin/../lib/gcc/arm-none-eabi/4.7.4/../../../../arm-none-eabi/lib\libc_s.a(lib_a-mprec.o)
                0x2000445c                __i2b
 .text.__multiply
                0x20004480      0x1ac c:/isis/application/toolchain/bin/../lib/gcc/arm-none-eabi/4.7.4/../../../../arm-none-eabi/lib\libc_s.a(lib_a-mprec.o)
                0x20004480                __multiply
 .text.__pow5mult
                0x2000462c      0x10c c:/isis/application/toolchain/bin/../lib/gcc/arm-none-eabi/4.7.4/../../../../arm-none-eabi/lib\libc_s.a(lib_a-mprec.o)
                0x2000462c                __pow5mult
 .text.__lshift
                0x20004738       0xf0 c:/isis/application/toolchain/bin/../lib/gcc/arm-none-eabi/4.7.4/../../../../arm-none-eabi/lib\libc_s.a(lib_a-mprec.o)
                0x20004738                __lshift
 .text.__mcmp   0x20004828       0x60 c:/isis/application/toolchain/bin/../lib/gcc/arm-none-eabi/4.7.4/../../../../arm-none-eabi/lib\libc_s.a(lib_a-mprec.o)
                0x20004828                __mcmp
 .text.__mdiff  0x20004888      0x128 c:/isis/application/toolchain/bin/../lib/gcc/arm-none-eabi/4.7.4/../../../../arm-none-eabi/lib\libc_s.a(lib_a-mprec.o)
                0x20004888                __mdiff
 .text.__ulp    0x200049b0       0x5c c:/isis/application/toolchain/bin/../lib/gcc/arm-none-eabi/4.7.4/../../../../arm-none-eabi/lib\libc_s.a(lib_a-mprec.o)
                0x200049b0                __ulp
 .text.__b2d    0x20004a0c       0xc8 c:/isis/application/toolchain/bin/../lib/gcc/arm-none-eabi/4.7.4/../../../../arm-none-eabi/lib\libc_s.a(lib_a-mprec.o)
                0x20004a0c                __b2d
 .text.__d2b    0x20004ad4       0xfc c:/isis/application/toolchain/bin/../lib/gcc/arm-none-eabi/4.7.4/../../../../arm-none-eabi/lib\libc_s.a(lib_a-mprec.o)
                0x20004ad4                __d2b
 .text.__ratio  0x20004bd0       0x70 c:/isis/application/toolchain/bin/../lib/gcc/arm-none-eabi/4.7.4/../../../../arm-none-eabi/lib\libc_s.a(lib_a-mprec.o)
                0x20004bd0                __ratio
 .text.__copybits
                0x20004c40       0x4c c:/isis/application/toolchain/bin/../lib/gcc/arm-none-eabi/4.7.4/../../../../arm-none-eabi/lib\libc_s.a(lib_a-mprec.o)
                0x20004c40                __copybits
 .text.__any_on
                0x20004c8c       0x7c c:/isis/application/toolchain/bin/../lib/gcc/arm-none-eabi/4.7.4/../../../../arm-none-eabi/lib\libc_s.a(lib_a-mprec.o)
                0x20004c8c                __any_on
 .text.__fpclassifyd
                0x20004d08       0x6c c:/isis/application/toolchain/bin/../lib/gcc/arm-none-eabi/4.7.4/../../../../arm-none-eabi/lib\libc_s.a(lib_a-s_fpclassify.o)
                0x20004d08                __fpclassifyd
 .text._sbrk_r  0x20004d74       0x3c c:/isis/application/toolchain/bin/../lib/gcc/arm-none-eabi/4.7.4/../../../../arm-none-eabi/lib\libc_s.a(lib_a-sbrkr.o)
                0x20004d74                _sbrk_r
 .text.nanf     0x20004db0        0xc c:/isis/application/toolchain/bin/../lib/gcc/arm-none-eabi/4.7.4/../../../../arm-none-eabi/lib\libc_s.a(lib_a-sf_nan.o)
                0x20004db0                nanf
 .text.sprintf  0x20004dbc       0x6c c:/isis/application/toolchain/bin/../lib/gcc/arm-none-eabi/4.7.4/../../../../arm-none-eabi/lib\libc_s.a(lib_a-sprintf.o)
                0x20004dbc                siprintf
                0x20004dbc                sprintf
 .text.strcmp   0x20004e28       0x1c c:/isis/application/toolchain/bin/../lib/gcc/arm-none-eabi/4.7.4/../../../../arm-none-eabi/lib\libc_s.a(lib_a-strcmp.o)
                0x20004e28                strcmp
 .text.strlen   0x20004e44       0x1c c:/isis/application/toolchain/bin/../lib/gcc/arm-none-eabi/4.7.4/../../../../arm-none-eabi/lib\libc_s.a(lib_a-strlen.o)
                0x20004e44                strlen
 .text.match    0x20004e60       0x54 c:/isis/application/toolchain/bin/../lib/gcc/arm-none-eabi/4.7.4/../../../../arm-none-eabi/lib\libc_s.a(lib_a-strtod.o)
 .text._strtod_r
                0x20004eb4     0x1168 c:/isis/application/toolchain/bin/../lib/gcc/arm-none-eabi/4.7.4/../../../../arm-none-eabi/lib\libc_s.a(lib_a-strtod.o)
                0x20004eb4                _strtod_r
 .text._strtol_r
                0x2000601c      0x1b8 c:/isis/application/toolchain/bin/../lib/gcc/arm-none-eabi/4.7.4/../../../../arm-none-eabi/lib\libc_s.a(lib_a-strtol.o)
                0x2000601c                _strtol_r
 .text.__ssputc_r
                0x200061d4      0x10c c:/isis/application/toolchain/bin/../lib/gcc/arm-none-eabi/4.7.4/../../../../arm-none-eabi/lib\libc_s.a(lib_a-svfprintf.o)
                0x200061d4                __ssputc_r
 .text._svfprintf_r
                0x200062e0      0x328 c:/isis/application/toolchain/bin/../lib/gcc/arm-none-eabi/4.7.4/../../../../arm-none-eabi/lib\libc_s.a(lib_a-svfprintf.o)
                0x200062e0                _svfiprintf_r
                0x200062e0                _svfprintf_r
 .text._calloc_r
                0x20006608       0x2c c:/isis/application/toolchain/bin/../lib/gcc/arm-none-eabi/4.7.4/../../../../arm-none-eabi/lib\libc_s.a(lib_a-callocr.o)
                0x20006608                _calloc_r
 .text._free_r  0x20006634      0x108 c:/isis/application/toolchain/bin/../lib/gcc/arm-none-eabi/4.7.4/../../../../arm-none-eabi/lib\libc_s.a(lib_a-freer.o)
                0x20006634                _free_r
 .text.rshift   0x2000673c       0xb0 c:/isis/application/toolchain/bin/../lib/gcc/arm-none-eabi/4.7.4/../../../../arm-none-eabi/lib\libc_s.a(lib_a-gdtoa-gethex.o)
 .text.htinit.constprop.0
                0x200067ec       0x34 c:/isis/application/toolchain/bin/../lib/gcc/arm-none-eabi/4.7.4/../../../../arm-none-eabi/lib\libc_s.a(lib_a-gdtoa-gethex.o)
 .text.__hexdig_init
                0x20006820       0x38 c:/isis/application/toolchain/bin/../lib/gcc/arm-none-eabi/4.7.4/../../../../arm-none-eabi/lib\libc_s.a(lib_a-gdtoa-gethex.o)
                0x20006820                __hexdig_init
 .text.__gethex
                0x20006858      0x6cc c:/isis/application/toolchain/bin/../lib/gcc/arm-none-eabi/4.7.4/../../../../arm-none-eabi/lib\libc_s.a(lib_a-gdtoa-gethex.o)
                0x20006858                __gethex
 .text.L_shift  0x20006f24       0x38 c:/isis/application/toolchain/bin/../lib/gcc/arm-none-eabi/4.7.4/../../../../arm-none-eabi/lib\libc_s.a(lib_a-gdtoa-hexnan.o)
 .text.__hexnan
                0x20006f5c      0x1d8 c:/isis/application/toolchain/bin/../lib/gcc/arm-none-eabi/4.7.4/../../../../arm-none-eabi/lib\libc_s.a(lib_a-gdtoa-hexnan.o)
                0x20006f5c                __hexnan
 .text.memchr   0x20007134       0x34 c:/isis/application/toolchain/bin/../lib/gcc/arm-none-eabi/4.7.4/../../../../arm-none-eabi/lib\libc_s.a(lib_a-memchr.o)
                0x20007134                memchr
 .text.memset   0x20007168       0x1c c:/isis/application/toolchain/bin/../lib/gcc/arm-none-eabi/4.7.4/../../../../arm-none-eabi/lib\libc_s.a(lib_a-memset.o)
                0x20007168                memset
 .text._realloc_r
                0x20007184       0x80 c:/isis/application/toolchain/bin/../lib/gcc/arm-none-eabi/4.7.4/../../../../arm-none-eabi/lib\libc_s.a(lib_a-reallocr.o)
                0x20007184                _realloc_r
 .text.strncmp  0x20007204       0x64 c:/isis/application/toolchain/bin/../lib/gcc/arm-none-eabi/4.7.4/../../../../arm-none-eabi/lib\libc_s.a(lib_a-strncmp.o)
                0x20007204                strncmp
 .text._malloc_usable_size_r
                0x20007268       0x1c c:/isis/application/toolchain/bin/../lib/gcc/arm-none-eabi/4.7.4/../../../../arm-none-eabi/lib\libc_s.a(lib_a-msizer.o)
                0x20007268                _malloc_usable_size_r
 .text.GetChunkFromImage
                0x20007284      0x2d0 ./src/sub-systemCode/payload/Request Management/Dump/Butchering.o
                0x20007284                GetChunkFromImage
 .text.SimpleButcher
                0x20007554       0xd8 ./src/sub-systemCode/payload/Request Management/Dump/Butchering.o
                0x20007554                SimpleButcher
 .text.readChunkDimentionsFromFRAM
                0x2000762c       0x80 ./src/sub-systemCode/payload/Request Management/Dump/imageDump.o
                0x2000762c                readChunkDimentionsFromFRAM
 .text.setChunkDimensions_inFRAM
                0x200076ac      0x10c ./src/sub-systemCode/payload/Request Management/Dump/imageDump.o
                0x200076ac                setChunkDimensions_inFRAM
 .text.find_subType_ofImage
                0x200077b8       0xe0 ./src/sub-systemCode/payload/Request Management/Dump/imageDump.o
                0x200077b8                find_subType_ofImage
 .text.buildAndSend_chunck
                0x20007898      0x320 ./src/sub-systemCode/payload/Request Management/Dump/imageDump.o
                0x20007898                buildAndSend_chunck
 .text.bitField_imageDump
                0x20007bb8      0x23c ./src/sub-systemCode/payload/Request Management/Dump/imageDump.o
                0x20007bb8                bitField_imageDump
 .text.imageDataBase_Dump
                0x20007df4      0x118 ./src/sub-systemCode/payload/Request Management/Dump/imageDump.o
                0x20007df4                imageDataBase_Dump
 .text.chunkField_imageDump
                0x20007f0c      0x258 ./src/sub-systemCode/payload/Request Management/Dump/imageDump.o
                0x20007f0c                chunkField_imageDump
 .text.imageDump_task
                0x20008164      0x464 ./src/sub-systemCode/payload/Request Management/Dump/imageDump.o
                0x20008164                imageDump_task
 .text.CameraManagerTaskMain
                0x200085c8      0x138 ./src/sub-systemCode/payload/Request Management/CameraManeger.o
                0x200085c8                CameraManagerTaskMain
 .text.initCamera
                0x20008700       0xa4 ./src/sub-systemCode/payload/Request Management/CameraManeger.o
                0x20008700                initCamera
 .text.KickStartCamera
                0x200087a4       0xb4 ./src/sub-systemCode/payload/Request Management/CameraManeger.o
                0x200087a4                KickStartCamera
 .text.addRequestToQueue
                0x20008858       0xa8 ./src/sub-systemCode/payload/Request Management/CameraManeger.o
                0x20008858                addRequestToQueue
 .text.removeRequestFromQueue
                0x20008900       0x7c ./src/sub-systemCode/payload/Request Management/CameraManeger.o
                0x20008900                removeRequestFromQueue
 .text.Take_pictures_with_time_in_between
                0x2000897c       0xec ./src/sub-systemCode/payload/Request Management/CameraManeger.o
                0x2000897c                Take_pictures_with_time_in_between
 .text.Gecko_TroubleShooter
                0x20008a68       0xd8 ./src/sub-systemCode/payload/Request Management/CameraManeger.o
                0x20008a68                Gecko_TroubleShooter
 .text.startDumpTask
                0x20008b40       0x70 ./src/sub-systemCode/payload/Request Management/CameraManeger.o
                0x20008b40                startDumpTask
 .text.act_upon_request
                0x20008bb0      0x478 ./src/sub-systemCode/payload/Request Management/CameraManeger.o
                0x20008bb0                act_upon_request
 .text.TakePicture
                0x20009028       0x4c ./src/sub-systemCode/payload/Request Management/DB_RequestHandling.o
                0x20009028                TakePicture
 .text.TakeSpecialPicture
                0x20009074      0x130 ./src/sub-systemCode/payload/Request Management/DB_RequestHandling.o
                0x20009074                TakeSpecialPicture
 .text.DeletePictureFile
                0x200091a4       0x88 ./src/sub-systemCode/payload/Request Management/DB_RequestHandling.o
                0x200091a4                DeletePictureFile
 .text.DeletePicture
                0x2000922c       0x6c ./src/sub-systemCode/payload/Request Management/DB_RequestHandling.o
                0x2000922c                DeletePicture
 .text.TransferPicture
                0x20009298       0x54 ./src/sub-systemCode/payload/Request Management/DB_RequestHandling.o
                0x20009298                TransferPicture
 .text.CreateThumbnail
                0x200092ec       0x80 ./src/sub-systemCode/payload/Request Management/DB_RequestHandling.o
                0x200092ec                CreateThumbnail
 .text.CreateJPG
                0x2000936c       0x7c ./src/sub-systemCode/payload/Request Management/DB_RequestHandling.o
                0x2000936c                CreateJPG
 .text.UpdatePhotographyValues
                0x200093e8       0xd8 ./src/sub-systemCode/payload/Request Management/DB_RequestHandling.o
                0x200093e8                UpdatePhotographyValues
 .text.setChunkDimensions
                0x200094c0       0x64 ./src/sub-systemCode/payload/Request Management/DB_RequestHandling.o
                0x200094c0                setChunkDimensions
 .text.convert2char
                0x20009524      0x14c ./src/sub-systemCode/payload/Misc/Boolean_bit.o
                0x20009524                convert2char
 .text.convert2byte
                0x20009670      0x1c8 ./src/sub-systemCode/payload/Misc/Boolean_bit.o
                0x20009670                convert2byte
 .text.bits2byte
                0x20009838      0x17c ./src/sub-systemCode/payload/Misc/Boolean_bit.o
                0x20009838                bits2byte
 .text.byte2bits
                0x200099b4      0x17c ./src/sub-systemCode/payload/Misc/Boolean_bit.o
                0x200099b4                byte2bits
 .text.char2bits
                0x20009b30       0x44 ./src/sub-systemCode/payload/Misc/Boolean_bit.o
                0x20009b30                char2bits
 .text.bits2char
                0x20009b74       0x3c ./src/sub-systemCode/payload/Misc/Boolean_bit.o
                0x20009b74                bits2char
 .text.ReadFromFile
                0x20009bb0       0x6c ./src/sub-systemCode/payload/Misc/FileSystem.o
                0x20009bb0                ReadFromFile
 .text.WriteToFile
                0x20009c1c       0x74 ./src/sub-systemCode/payload/Misc/FileSystem.o
                0x20009c1c                WriteToFile
 .text.Initialized_GPIO
                0x20009c90       0x54 ./src/sub-systemCode/payload/Drivers/GeckoCameraDriver.o
                0x20009c90                Initialized_GPIO
 .text.TurnOnGecko
                0x20009ce4      0x140 ./src/sub-systemCode/payload/Drivers/GeckoCameraDriver.o
                0x20009ce4                TurnOnGecko
 .text.TurnOffGecko
                0x20009e24       0xd8 ./src/sub-systemCode/payload/Drivers/GeckoCameraDriver.o
                0x20009e24                TurnOffGecko
 .text.initGecko
                0x20009efc       0x3c ./src/sub-systemCode/payload/Drivers/GeckoCameraDriver.o
                0x20009efc                initGecko
 .text.GECKO_TakeImage
                0x20009f38      0x2f4 ./src/sub-systemCode/payload/Drivers/GeckoCameraDriver.o
                0x20009f38                GECKO_TakeImage
 .text.GECKO_ReadImage
                0x2000a22c      0x234 ./src/sub-systemCode/payload/Drivers/GeckoCameraDriver.o
                0x2000a22c                GECKO_ReadImage
 .text.GECKO_EraseBlock
                0x2000a460       0xf0 ./src/sub-systemCode/payload/Drivers/GeckoCameraDriver.o
                0x2000a460                GECKO_EraseBlock
 .text.getFileName
                0x2000a550      0x190 ./src/sub-systemCode/payload/DataBase/DataBase.o
 .text.zeroImageDataBase
                0x2000a6e0       0xfc ./src/sub-systemCode/payload/DataBase/DataBase.o
                0x2000a6e0                zeroImageDataBase
 .text.updateGeneralDataBaseParameters
                0x2000a7dc       0x5c ./src/sub-systemCode/payload/DataBase/DataBase.o
                0x2000a7dc                updateGeneralDataBaseParameters
 .text.SearchDataBase_byID
                0x2000a838      0x234 ./src/sub-systemCode/payload/DataBase/DataBase.o
                0x2000a838                SearchDataBase_byID
 .text.SearchDataBase_byMark
                0x2000aa6c       0xb8 ./src/sub-systemCode/payload/DataBase/DataBase.o
                0x2000aa6c                SearchDataBase_byMark
 .text.checkForFileType
                0x2000ab24       0x74 ./src/sub-systemCode/payload/DataBase/DataBase.o
                0x2000ab24                checkForFileType
 .text.updateFileTypes
                0x2000ab98       0xbc ./src/sub-systemCode/payload/DataBase/DataBase.o
                0x2000ab98                updateFileTypes
 .text.GetImageFactor
                0x2000ac54       0x58 ./src/sub-systemCode/payload/DataBase/DataBase.o
                0x2000ac54                GetImageFactor
 .text.readImageFromBuffer
                0x2000acac      0x12c ./src/sub-systemCode/payload/DataBase/DataBase.o
                0x2000acac                readImageFromBuffer
 .text.saveImageToBuffer
                0x2000add8      0x12c ./src/sub-systemCode/payload/DataBase/DataBase.o
                0x2000add8                saveImageToBuffer
 .text.getLatestID
                0x2000af04       0x48 ./src/sub-systemCode/payload/DataBase/DataBase.o
                0x2000af04                getLatestID
 .text.getDataBaseStart
                0x2000af4c       0x20 ./src/sub-systemCode/payload/DataBase/DataBase.o
                0x2000af4c                getDataBaseStart
 .text.setDataBaseValues
                0x2000af6c      0x208 ./src/sub-systemCode/payload/DataBase/DataBase.o
                0x2000af6c                setDataBaseValues
 .text.initImageDataBase
                0x2000b174      0x20c ./src/sub-systemCode/payload/DataBase/DataBase.o
                0x2000b174                initImageDataBase
 .text.resetImageDataBase
                0x2000b380       0x98 ./src/sub-systemCode/payload/DataBase/DataBase.o
                0x2000b380                resetImageDataBase
 .text.setCameraPhotographyValues
                0x2000b418      0x130 ./src/sub-systemCode/payload/DataBase/DataBase.o
                0x2000b418                setCameraPhotographyValues
 .text.transferImageToSD_withoutSearch
                0x2000b548      0x17c ./src/sub-systemCode/payload/DataBase/DataBase.o
                0x2000b548                transferImageToSD_withoutSearch
 .text.transferImageToSD
                0x2000b6c4       0xac ./src/sub-systemCode/payload/DataBase/DataBase.o
                0x2000b6c4                transferImageToSD
 .text.DeleteImageFromOBC_withoutSearch
                0x2000b770       0xf0 ./src/sub-systemCode/payload/DataBase/DataBase.o
                0x2000b770                DeleteImageFromOBC_withoutSearch
 .text.DeleteImageFromOBC
                0x2000b860       0xb8 ./src/sub-systemCode/payload/DataBase/DataBase.o
                0x2000b860                DeleteImageFromOBC
 .text.DeleteImageFromPayload
                0x2000b918      0x270 ./src/sub-systemCode/payload/DataBase/DataBase.o
                0x2000b918                DeleteImageFromPayload
 .text.clearImageDataBase
                0x2000bb88      0x13c ./src/sub-systemCode/payload/DataBase/DataBase.o
                0x2000bb88                clearImageDataBase
 .text.handleMarkedPictures
                0x2000bcc4      0x278 ./src/sub-systemCode/payload/DataBase/DataBase.o
                0x2000bcc4                handleMarkedPictures
 .text.writeNewImageMetaDataToFRAM
                0x2000bf3c      0x21c ./src/sub-systemCode/payload/DataBase/DataBase.o
                0x2000bf3c                writeNewImageMetaDataToFRAM
 .text.takePicture
                0x2000c158      0x344 ./src/sub-systemCode/payload/DataBase/DataBase.o
                0x2000c158                takePicture
 .text.takePicture_withSpecialParameters
                0x2000c49c       0xbc ./src/sub-systemCode/payload/DataBase/DataBase.o
                0x2000c49c                takePicture_withSpecialParameters
 .text.GetImageFileName
                0x2000c558       0xd0 ./src/sub-systemCode/payload/DataBase/DataBase.o
                0x2000c558                GetImageFileName
 .text.getDataBaseSize
                0x2000c628       0x20 ./src/sub-systemCode/payload/DataBase/DataBase.o
                0x2000c628                getDataBaseSize
 .text.getImageDataBaseBuffer
                0x2000c648      0x240 ./src/sub-systemCode/payload/DataBase/DataBase.o
                0x2000c648                getImageDataBaseBuffer
 .text.setAutoThumbnailCreation
                0x2000c888       0x30 ./src/sub-systemCode/payload/DataBase/DataBase.o
                0x2000c888                setAutoThumbnailCreation
 .text.TransformRawToBMP
                0x2000c8b8      0x1e0 ./src/sub-systemCode/payload/Compression/jpeg/bmp/rawToBMP.o
                0x2000c8b8                TransformRawToBMP
 .text.interpolate
                0x2000ca98      0x8d0 ./src/sub-systemCode/payload/Compression/jpeg/bmp/rawToBMP.o
                0x2000ca98                interpolate
 .text.getInputAt
                0x2000d368      0x308 ./src/sub-systemCode/payload/Compression/jpeg/bmp/rawToBMP.o
                0x2000d368                getInputAt
 .text.f_writeF_FILEHeader
                0x2000d670      0x2f0 ./src/sub-systemCode/payload/Compression/jpeg/bmp/rawToBMP.o
                0x2000d670                f_writeF_FILEHeader
 .text.f_writeOutputRow
                0x2000d960       0xbc ./src/sub-systemCode/payload/Compression/jpeg/bmp/rawToBMP.o
                0x2000d960                f_writeOutputRow
 .text.dct      0x2000da1c      0x9c4 ./src/sub-systemCode/payload/Compression/jpeg/DCT.o
                0x2000da1c                dct
 .text.JPEG_compressor
                0x2000e3e0       0xfc ./src/sub-systemCode/payload/Compression/jpeg/ImgCompressor.o
                0x2000e3e0                JPEG_compressor
 .text.Create_BMP_File
                0x2000e4dc       0xf4 ./src/sub-systemCode/payload/Compression/jpeg/ImgCompressor.o
                0x2000e4dc                Create_BMP_File
 .text.CompressImage
                0x2000e5d0      0x1cc ./src/sub-systemCode/payload/Compression/jpeg/ImgCompressor.o
                0x2000e5d0                CompressImage
 .text.clamp    0x2000e79c       0x60 ./src/sub-systemCode/payload/Compression/jpeg/color_conv.o
                0x2000e79c                clamp
 .text.RGB_to_YCC
                0x2000e7fc      0x1a8 ./src/sub-systemCode/payload/Compression/jpeg/color_conv.o
                0x2000e7fc                RGB_to_YCC
 .text.RGB_to_Y
                0x2000e9a4       0xc4 ./src/sub-systemCode/payload/Compression/jpeg/color_conv.o
                0x2000e9a4                RGB_to_Y
 .text.Y_to_YCC
                0x2000ea68       0x88 ./src/sub-systemCode/payload/Compression/jpeg/color_conv.o
                0x2000ea68                Y_to_YCC
 .text.compress_image_to_jpeg_file
                0x2000eaf0      0x1ac ./src/sub-systemCode/payload/Compression/jpeg/jpeg.o
                0x2000eaf0                compress_image_to_jpeg_file
 .text.emit_marker
                0x2000ec9c       0xc8 ./src/sub-systemCode/payload/Compression/jpeg/jpeg_encoder.o
                0x2000ec9c                emit_marker
 .text.emit_byte
                0x2000ed64       0x6c ./src/sub-systemCode/payload/Compression/jpeg/jpeg_encoder.o
                0x2000ed64                emit_byte
 .text.emit_word
                0x2000edd0       0xd0 ./src/sub-systemCode/payload/Compression/jpeg/jpeg_encoder.o
                0x2000edd0                emit_word
 .text.emit_jfif_app0
                0x2000eea0       0xc0 ./src/sub-systemCode/payload/Compression/jpeg/jpeg_encoder.o
                0x2000eea0                emit_jfif_app0
 .text.emit_dqt
                0x2000ef60       0xd8 ./src/sub-systemCode/payload/Compression/jpeg/jpeg_encoder.o
                0x2000ef60                emit_dqt
 .text.emit_sof
                0x2000f038      0x14c ./src/sub-systemCode/payload/Compression/jpeg/jpeg_encoder.o
                0x2000f038                emit_sof
 .text.emit_dht
                0x2000f184      0x138 ./src/sub-systemCode/payload/Compression/jpeg/jpeg_encoder.o
                0x2000f184                emit_dht
 .text.emit_dhts
                0x2000f2bc       0xd8 ./src/sub-systemCode/payload/Compression/jpeg/jpeg_encoder.o
                0x2000f2bc                emit_dhts
 .text.emit_sos
                0x2000f394       0xec ./src/sub-systemCode/payload/Compression/jpeg/jpeg_encoder.o
                0x2000f394                emit_sos
 .text.emit_markers
                0x2000f480       0x4c ./src/sub-systemCode/payload/Compression/jpeg/jpeg_encoder.o
                0x2000f480                emit_markers
 .text.compute_huffman_table
                0x2000f4cc      0x334 ./src/sub-systemCode/payload/Compression/jpeg/jpeg_encoder.o
                0x2000f4cc                compute_huffman_table
 .text.compute_quant_table
                0x2000f800      0x11c ./src/sub-systemCode/payload/Compression/jpeg/jpeg_encoder.o
                0x2000f800                compute_quant_table
 .text.first_pass_init
                0x2000f91c       0x54 ./src/sub-systemCode/payload/Compression/jpeg/jpeg_encoder.o
                0x2000f91c                first_pass_init
 .text.second_pass_init
                0x2000f970      0x110 ./src/sub-systemCode/payload/Compression/jpeg/jpeg_encoder.o
                0x2000f970                second_pass_init
 .text.jpg_open
                0x2000fa80      0x7b4 ./src/sub-systemCode/payload/Compression/jpeg/jpeg_encoder.o
                0x2000fa80                jpg_open
 .text.load_block_8_8_grey
                0x20010234      0x164 ./src/sub-systemCode/payload/Compression/jpeg/jpeg_encoder.o
                0x20010234                load_block_8_8_grey
 .text.load_block_8_8
                0x20010398      0x198 ./src/sub-systemCode/payload/Compression/jpeg/jpeg_encoder.o
                0x20010398                load_block_8_8
 .text.load_block_16_8
                0x20010530      0x3cc ./src/sub-systemCode/payload/Compression/jpeg/jpeg_encoder.o
                0x20010530                load_block_16_8
 .text.load_block_16_8_8
                0x200108fc      0x2a8 ./src/sub-systemCode/payload/Compression/jpeg/jpeg_encoder.o
                0x200108fc                load_block_16_8_8
 .text.load_coefficients
                0x20010ba4      0x1c8 ./src/sub-systemCode/payload/Compression/jpeg/jpeg_encoder.o
                0x20010ba4                load_coefficients
 .text.flush_output_buffer
                0x20010d6c       0xa0 ./src/sub-systemCode/payload/Compression/jpeg/jpeg_encoder.o
                0x20010d6c                flush_output_buffer
 .text.put_bits
                0x20010e0c      0x170 ./src/sub-systemCode/payload/Compression/jpeg/jpeg_encoder.o
                0x20010e0c                put_bits
 .text.code_coefficients_pass_two
                0x20010f7c      0x338 ./src/sub-systemCode/payload/Compression/jpeg/jpeg_encoder.o
                0x20010f7c                code_coefficients_pass_two
 .text.code_block
                0x200112b4       0x44 ./src/sub-systemCode/payload/Compression/jpeg/jpeg_encoder.o
                0x200112b4                code_block
 .text.process_mcu_row
                0x200112f8      0x328 ./src/sub-systemCode/payload/Compression/jpeg/jpeg_encoder.o
                0x200112f8                process_mcu_row
 .text.terminate_pass_two
                0x20011620       0x44 ./src/sub-systemCode/payload/Compression/jpeg/jpeg_encoder.o
                0x20011620                terminate_pass_two
 .text.process_end_of_image
                0x20011664       0xc0 ./src/sub-systemCode/payload/Compression/jpeg/jpeg_encoder.o
                0x20011664                process_end_of_image
 .text.load_mcu
                0x20011724      0x29c ./src/sub-systemCode/payload/Compression/jpeg/jpeg_encoder.o
                0x20011724                load_mcu
 .text.clear    0x200119c0      0x1e0 ./src/sub-systemCode/payload/Compression/jpeg/jpeg_encoder.o
                0x200119c0                clear
 .text.init     0x20011ba0       0xe4 ./src/sub-systemCode/payload/Compression/jpeg/jpeg_encoder.o
                0x20011ba0                init
 .text.deinit   0x20011c84      0x160 ./src/sub-systemCode/payload/Compression/jpeg/jpeg_encoder.o
                0x20011c84                deinit
 .text.process_scanline
                0x20011de4       0x6c ./src/sub-systemCode/payload/Compression/jpeg/jpeg_encoder.o
                0x20011de4                process_scanline
 .text.jpge_malloc
                0x20011e50       0x28 ./src/sub-systemCode/payload/Compression/jpeg/jpeg_memory_alloc.o
                0x20011e50                jpge_malloc
 .text.jpge_cmalloc
                0x20011e78       0x48 ./src/sub-systemCode/payload/Compression/jpeg/jpeg_memory_alloc.o
                0x20011e78                jpge_cmalloc
 .text.jpge_free
                0x20011ec0       0x24 ./src/sub-systemCode/payload/Compression/jpeg/jpeg_memory_alloc.o
                0x20011ec0                jpge_free
 .text.check    0x20011ee4       0x78 ./src/sub-systemCode/payload/Compression/jpeg/jpeg_params.o
                0x20011ee4                check
 .text.open_jpeg_file
                0x20011f5c       0xfc ./src/sub-systemCode/payload/Compression/jpeg/output_stream.o
                0x20011f5c                open_jpeg_file
 .text.close_jpeg_file
                0x20012058      0x118 ./src/sub-systemCode/payload/Compression/jpeg/output_stream.o
                0x20012058                close_jpeg_file
 .text.put_buf  0x20012170      0x258 ./src/sub-systemCode/payload/Compression/jpeg/output_stream.o
                0x20012170                put_buf
 .text.GetBayerPixel
                0x200123c8       0xe8 ./src/sub-systemCode/payload/Compression/ImageConversion.o
 .text.BinImage
                0x200124b0      0x2c8 ./src/sub-systemCode/payload/Compression/ImageConversion.o
                0x200124b0                BinImage
 .text.ImageSkipping
                0x20012778      0x2ac ./src/sub-systemCode/payload/Compression/ImageConversion.o
                0x20012778                ImageSkipping
 .text.CreateImageThumbnail_withoutSearch
                0x20012a24      0x14c ./src/sub-systemCode/payload/Compression/ImageConversion.o
                0x20012a24                CreateImageThumbnail_withoutSearch
 .text.CreateImageThumbnail
                0x20012b70       0x98 ./src/sub-systemCode/payload/Compression/ImageConversion.o
                0x20012b70                CreateImageThumbnail
 .text.compressImage
                0x20012c08      0x17c ./src/sub-systemCode/payload/Compression/ImageConversion.o
                0x20012c08                compressImage
 .text.AdcsCmdQueueInit
                0x20012d84       0x4c ./src/sub-systemCode/Main/CMD/ADCS_CMD.o
                0x20012d84                AdcsCmdQueueInit
 .text.AdcsCmdQueueGet
                0x20012dd0       0x8c ./src/sub-systemCode/Main/CMD/ADCS_CMD.o
                0x20012dd0                AdcsCmdQueueGet
 .text.AdcsCmdQueueAdd
                0x20012e5c       0x74 ./src/sub-systemCode/Main/CMD/ADCS_CMD.o
                0x20012e5c                AdcsCmdQueueAdd
 .text.AdcsCmdQueueIsEmpty
                0x20012ed0       0x3c ./src/sub-systemCode/Main/CMD/ADCS_CMD.o
                0x20012ed0                AdcsCmdQueueIsEmpty
 .text.getAdcsQueueWaitPointer
                0x20012f0c       0x20 ./src/sub-systemCode/Main/CMD/ADCS_CMD.o
                0x20012f0c                getAdcsQueueWaitPointer
 .text.cmd_mute
                0x20012f2c       0xc4 ./src/sub-systemCode/Main/CMD/COMM_CMD.o
                0x20012f2c                cmd_mute
 .text.cmd_unmute
                0x20012ff0       0x4c ./src/sub-systemCode/Main/CMD/COMM_CMD.o
                0x20012ff0                cmd_unmute
 .text.cmd_active_trans
                0x2001303c       0xc0 ./src/sub-systemCode/Main/CMD/COMM_CMD.o
                0x2001303c                cmd_active_trans
 .text.cmd_shut_trans
                0x200130fc       0x38 ./src/sub-systemCode/Main/CMD/COMM_CMD.o
                0x200130fc                cmd_shut_trans
 .text.cmd_change_trans_rssi
                0x20013134      0x100 ./src/sub-systemCode/Main/CMD/COMM_CMD.o
                0x20013134                cmd_change_trans_rssi
 .text.cmd_aprs_dump
                0x20013234       0x50 ./src/sub-systemCode/Main/CMD/COMM_CMD.o
                0x20013234                cmd_aprs_dump
 .text.cmd_stop_dump
                0x20013284       0x38 ./src/sub-systemCode/Main/CMD/COMM_CMD.o
                0x20013284                cmd_stop_dump
 .text.cmd_time_frequency
                0x200132bc       0xc0 ./src/sub-systemCode/Main/CMD/COMM_CMD.o
                0x200132bc                cmd_time_frequency
 .text.cmd_change_def_bit_rate
                0x2001337c      0x158 ./src/sub-systemCode/Main/CMD/COMM_CMD.o
                0x2001337c                cmd_change_def_bit_rate
 .text.cmd_upload_volt_logic
                0x200134d4      0x334 ./src/sub-systemCode/Main/CMD/EPS_CMD.o
                0x200134d4                cmd_upload_volt_logic
 .text.cmd_upload_volt_COMM
                0x20013808      0x1c8 ./src/sub-systemCode/Main/CMD/EPS_CMD.o
                0x20013808                cmd_upload_volt_COMM
 .text.cmd_heater_temp
                0x200139d0       0xc0 ./src/sub-systemCode/Main/CMD/EPS_CMD.o
                0x200139d0                cmd_heater_temp
 .text.cmd_SHUT_CAM
                0x20013a90       0x6c ./src/sub-systemCode/Main/CMD/EPS_CMD.o
                0x20013a90                cmd_SHUT_CAM
 .text.cmd_SHUT_ADCS
                0x20013afc       0x6c ./src/sub-systemCode/Main/CMD/EPS_CMD.o
                0x20013afc                cmd_SHUT_ADCS
 .text.cmd_allow_CAM
                0x20013b68       0x6c ./src/sub-systemCode/Main/CMD/EPS_CMD.o
                0x20013b68                cmd_allow_CAM
 .text.cmd_allow_ADCS
                0x20013bd4       0x6c ./src/sub-systemCode/Main/CMD/EPS_CMD.o
                0x20013bd4                cmd_allow_ADCS
 .text.cmd_update_alpha
                0x20013c40       0xfc ./src/sub-systemCode/Main/CMD/EPS_CMD.o
                0x20013c40                cmd_update_alpha
 .text.cmd_generic_I2C
                0x20013d3c       0xb4 ./src/sub-systemCode/Main/CMD/General_CMD.o
                0x20013d3c                cmd_generic_I2C
 .text.cmd_dump
                0x20013df0       0xf0 ./src/sub-systemCode/Main/CMD/General_CMD.o
                0x20013df0                cmd_dump
 .text.cmd_delete_TM
                0x20013ee0      0x214 ./src/sub-systemCode/Main/CMD/General_CMD.o
                0x20013ee0                cmd_delete_TM
 .text.cmd_reset_file
                0x200140f4      0x118 ./src/sub-systemCode/Main/CMD/General_CMD.o
                0x200140f4                cmd_reset_file
 .text.cmd_dummy_func
                0x2001420c       0x40 ./src/sub-systemCode/Main/CMD/General_CMD.o
                0x2001420c                cmd_dummy_func
 .text.cmd_reset_TLM_SD
                0x2001424c       0x38 ./src/sub-systemCode/Main/CMD/General_CMD.o
                0x2001424c                cmd_reset_TLM_SD
 .text.cmd_stop_TM
                0x20014284       0x70 ./src/sub-systemCode/Main/CMD/General_CMD.o
                0x20014284                cmd_stop_TM
 .text.cmd_resume_TM
                0x200142f4       0x70 ./src/sub-systemCode/Main/CMD/General_CMD.o
                0x200142f4                cmd_resume_TM
 .text.cmd_soft_reset_cmponent
                0x20014364       0xac ./src/sub-systemCode/Main/CMD/General_CMD.o
                0x20014364                cmd_soft_reset_cmponent
 .text.cmd_hard_reset_cmponent
                0x20014410       0xac ./src/sub-systemCode/Main/CMD/General_CMD.o
                0x20014410                cmd_hard_reset_cmponent
 .text.cmd_reset_satellite
                0x200144bc       0x78 ./src/sub-systemCode/Main/CMD/General_CMD.o
                0x200144bc                cmd_reset_satellite
 .text.cmd_gracefull_reset_satellite
                0x20014534       0x78 ./src/sub-systemCode/Main/CMD/General_CMD.o
                0x20014534                cmd_gracefull_reset_satellite
 .text.cmd_upload_time
                0x200145ac       0xb0 ./src/sub-systemCode/Main/CMD/General_CMD.o
                0x200145ac                cmd_upload_time
 .text.cmd_ARM_DIARM
                0x2001465c       0xd4 ./src/sub-systemCode/Main/CMD/General_CMD.o
                0x2001465c                cmd_ARM_DIARM
 .text.cmd_get_onlineTM
                0x20014730      0x148 ./src/sub-systemCode/Main/CMD/General_CMD.o
                0x20014730                cmd_get_onlineTM
 .text.cmd_reset_off_line
                0x20014878       0x68 ./src/sub-systemCode/Main/CMD/General_CMD.o
                0x20014878                cmd_reset_off_line
 .text.cmd_add_item_off_line
                0x200148e0       0xf4 ./src/sub-systemCode/Main/CMD/General_CMD.o
                0x200148e0                cmd_add_item_off_line
 .text.cmd_delete_item_off_line
                0x200149d4       0x98 ./src/sub-systemCode/Main/CMD/General_CMD.o
                0x200149d4                cmd_delete_item_off_line
 .text.cmd_get_off_line_setting
                0x20014a6c      0x108 ./src/sub-systemCode/Main/CMD/General_CMD.o
                0x20014a6c                cmd_get_off_line_setting
 .text.cmd_reset_delayed_command_list
                0x20014b74       0x3c ./src/sub-systemCode/Main/CMD/SW_CMD.o
                0x20014b74                cmd_reset_delayed_command_list
 .text.cmd_reset_APRS_list
                0x20014bb0       0x3c ./src/sub-systemCode/Main/CMD/SW_CMD.o
                0x20014bb0                cmd_reset_APRS_list
 .text.cmd_reset_FRAM
                0x20014bec       0xf4 ./src/sub-systemCode/Main/CMD/SW_CMD.o
                0x20014bec                cmd_reset_FRAM
 .text.ARM_ants
                0x20014ce0       0xb8 ./src/sub-systemCode/Main/Ants.o
                0x20014ce0                ARM_ants
 .text.DISARM_ants
                0x20014d98       0xb8 ./src/sub-systemCode/Main/Ants.o
                0x20014d98                DISARM_ants
 .text.reset_deployStatusFRAM
                0x20014e50       0xc0 ./src/sub-systemCode/Main/Ants.o
                0x20014e50                reset_deployStatusFRAM
 .text.reset_FRAM_ants
                0x20014f10       0x88 ./src/sub-systemCode/Main/Ants.o
                0x20014f10                reset_FRAM_ants
 .text.update_stopDeploy_FRAM
                0x20014f98       0x48 ./src/sub-systemCode/Main/Ants.o
                0x20014f98                update_stopDeploy_FRAM
 .text.round_vol
                0x20014fe0      0x124 ./src/sub-systemCode/Main/EPS.o
                0x20014fe0                round_vol
 .text.get_shut_ADCS
                0x20015104       0x48 ./src/sub-systemCode/Main/EPS.o
                0x20015104                get_shut_ADCS
 .text.shut_ADCS
                0x2001514c       0x44 ./src/sub-systemCode/Main/EPS.o
                0x2001514c                shut_ADCS
 .text.get_shut_CAM
                0x20015190       0x48 ./src/sub-systemCode/Main/EPS.o
                0x20015190                get_shut_CAM
 .text.shut_CAM
                0x200151d8       0x44 ./src/sub-systemCode/Main/EPS.o
                0x200151d8                shut_CAM
 .text.update_powerLines
                0x2001521c       0xec ./src/sub-systemCode/Main/EPS.o
                0x2001521c                update_powerLines
 .text.get_EPS_mode_t
                0x20015308       0x24 ./src/sub-systemCode/Main/EPS.o
                0x20015308                get_EPS_mode_t
 .text.init_enterMode
                0x2001532c       0x88 ./src/sub-systemCode/Main/EPS.o
                0x2001532c                init_enterMode
 .text.EPS_Init
                0x200153b4      0x1c8 ./src/sub-systemCode/Main/EPS.o
                0x200153b4                EPS_Init
 .text.reset_FRAM_EPS
                0x2001557c       0xe0 ./src/sub-systemCode/Main/EPS.o
                0x2001557c                reset_FRAM_EPS
 .text.reset_EPS_voltages
                0x2001565c       0xbc ./src/sub-systemCode/Main/EPS.o
                0x2001565c                reset_EPS_voltages
 .text.writeState_log
                0x20015718       0xac ./src/sub-systemCode/Main/EPS.o
                0x20015718                writeState_log
 .text.battery_downward
                0x200157c4      0x120 ./src/sub-systemCode/Main/EPS.o
                0x200157c4                battery_downward
 .text.battery_upward
                0x200158e4      0x12c ./src/sub-systemCode/Main/EPS.o
                0x200158e4                battery_upward
 .text.overRide_ADCS
                0x20015a10       0x50 ./src/sub-systemCode/Main/EPS.o
                0x20015a10                overRide_ADCS
 .text.overRide_Camera
                0x20015a60       0x38 ./src/sub-systemCode/Main/EPS.o
                0x20015a60                overRide_Camera
 .text.EPS_Conditioning
                0x20015a98      0x258 ./src/sub-systemCode/Main/EPS.o
                0x20015a98                EPS_Conditioning
 .text.EnterFullMode
                0x20015cf0       0xf0 ./src/sub-systemCode/Main/EPS.o
                0x20015cf0                EnterFullMode
 .text.EnterCruiseMode
                0x20015de0       0xe0 ./src/sub-systemCode/Main/EPS.o
                0x20015de0                EnterCruiseMode
 .text.EnterSafeMode
                0x20015ec0       0xe0 ./src/sub-systemCode/Main/EPS.o
                0x20015ec0                EnterSafeMode
 .text.EnterCriticalMode
                0x20015fa0       0xcc ./src/sub-systemCode/Main/EPS.o
                0x20015fa0                EnterCriticalMode
 .text.check_EPSTableCorrection
                0x2001606c      0x120 ./src/sub-systemCode/Main/EPS.o
                0x2001606c                check_EPSTableCorrection
 .text.save_ACK
                0x2001618c       0xec ./src/sub-systemCode/Main/HouseKeeping.o
                0x2001618c                save_ACK
 .text.set_GP_EPS
                0x20016278      0x10c ./src/sub-systemCode/Main/HouseKeeping.o
                0x20016278                set_GP_EPS
 .text.set_GP_COMM
                0x20016384       0x88 ./src/sub-systemCode/Main/HouseKeeping.o
                0x20016384                set_GP_COMM
 .text.SP_HK_collect
                0x2001640c      0x198 ./src/sub-systemCode/Main/HouseKeeping.o
                0x2001640c                SP_HK_collect
 .text.EPS_HK_collect
                0x200165a4      0x50c ./src/sub-systemCode/Main/HouseKeeping.o
                0x200165a4                EPS_HK_collect
 .text.CAM_HK_collect
                0x20016ab0      0x91c ./src/sub-systemCode/Main/HouseKeeping.o
                0x20016ab0                CAM_HK_collect
 .text.COMM_HK_collect
                0x200173cc      0x20c ./src/sub-systemCode/Main/HouseKeeping.o
                0x200173cc                COMM_HK_collect
 .text.HK_find_ADCSTM_fileName
                0x200175d8      0x44c ./src/sub-systemCode/Main/HouseKeeping.o
                0x200175d8                HK_find_ADCSTM_fileName
 .text.HK_find_fileName
                0x20017a24      0x174 ./src/sub-systemCode/Main/HouseKeeping.o
                0x20017a24                HK_find_fileName
 .text.HK_find_ADCSTM_ElementSize
                0x20017b98      0x1b8 ./src/sub-systemCode/Main/HouseKeeping.o
                0x20017b98                HK_find_ADCSTM_ElementSize
 .text.HK_findElementSize
                0x20017d50       0xd4 ./src/sub-systemCode/Main/HouseKeeping.o
                0x20017d50                HK_findElementSize
 .text.build_HK_spl_packet
                0x20017e24      0x27c ./src/sub-systemCode/Main/HouseKeeping.o
                0x20017e24                build_HK_spl_packet
 .text.numberOfRestarts
                0x200180a0       0x94 ./src/sub-systemCode/Main/Main_Init.o
                0x200180a0                numberOfRestarts
 .text.StartFRAM
                0x20018134       0x38 ./src/sub-systemCode/Main/Main_Init.o
                0x20018134                StartFRAM
 .text.StartI2C
                0x2001816c       0x44 ./src/sub-systemCode/Main/Main_Init.o
                0x2001816c                StartI2C
 .text.StartSPI
                0x200181b0       0x40 ./src/sub-systemCode/Main/Main_Init.o
                0x200181b0                StartSPI
 .text.StartTIME
                0x200181f0      0x120 ./src/sub-systemCode/Main/Main_Init.o
                0x200181f0                StartTIME
 .text.first_activation
                0x20018310       0x7c ./src/sub-systemCode/Main/Main_Init.o
                0x20018310                first_activation
 .text.InitSubsystems
                0x2001838c       0x68 ./src/sub-systemCode/Main/Main_Init.o
                0x2001838c                InitSubsystems
 .text.SubSystemTaskStart
                0x200183f4      0x130 ./src/sub-systemCode/Main/Main_Init.o
                0x200183f4                SubSystemTaskStart
 .text.copy_command
                0x20018524       0x80 ./src/sub-systemCode/Main/commands.o
                0x20018524                copy_command
 .text.reset_command
                0x200185a4       0x28 ./src/sub-systemCode/Main/commands.o
                0x200185a4                reset_command
 .text.init_command
                0x200185cc       0xd4 ./src/sub-systemCode/Main/commands.o
                0x200185cc                init_command
 .text.add_command
                0x200186a0      0x118 ./src/sub-systemCode/Main/commands.o
                0x200186a0                add_command
 .text.get_command
                0x200187b8      0x1ac ./src/sub-systemCode/Main/commands.o
                0x200187b8                get_command
 .text.act_upon_command
                0x20018964      0x1e4 ./src/sub-systemCode/Main/commands.o
                0x20018964                act_upon_command
 .text.cmd_error
                0x20018b48       0x38 ./src/sub-systemCode/Main/commands.o
                0x20018b48                cmd_error
 .text.AUC_COMM
                0x20018b80      0x25c ./src/sub-systemCode/Main/commands.o
                0x20018b80                AUC_COMM
 .text.AUC_general
                0x20018ddc      0x364 ./src/sub-systemCode/Main/commands.o
                0x20018ddc                AUC_general
 .text.AUC_payload
                0x20019140      0x208 ./src/sub-systemCode/Main/commands.o
                0x20019140                AUC_payload
 .text.AUC_EPS  0x20019348      0x28c ./src/sub-systemCode/Main/commands.o
                0x20019348                AUC_EPS
 .text.AUC_SW   0x200195d4       0xe4 ./src/sub-systemCode/Main/commands.o
                0x200195d4                AUC_SW
 .text.AUC_onlineTM
                0x200196b8      0x1f0 ./src/sub-systemCode/Main/commands.o
                0x200196b8                AUC_onlineTM
 .text.AUC_CUF  0x200198a8      0x168 ./src/sub-systemCode/Main/commands.o
                0x200198a8                AUC_CUF
 .text.init_GenericSaveQueue
                0x20019a10       0x3c ./src/sub-systemCode/Global/GenericTaskSave.o
                0x20019a10                init_GenericSaveQueue
 .text.add_GenericElement_queue
                0x20019a4c       0x80 ./src/sub-systemCode/Global/GenericTaskSave.o
                0x20019a4c                add_GenericElement_queue
 .text.GenericSave_Task
                0x20019acc      0x128 ./src/sub-systemCode/Global/GenericTaskSave.o
                0x20019acc                GenericSave_Task
 .text.check_int
                0x20019bf4       0x20 ./src/sub-systemCode/Global/Global.o
                0x20019bf4                check_int
 .text.check_portBASE_TYPE
                0x20019c14       0x20 ./src/sub-systemCode/Global/Global.o
                0x20019c14                check_portBASE_TYPE
 .text.soft_reset_subsystem
                0x20019c34       0xd8 ./src/sub-systemCode/Global/Global.o
                0x20019c34                soft_reset_subsystem
 .text.hard_reset_subsystem
                0x20019d0c      0x104 ./src/sub-systemCode/Global/Global.o
                0x20019d0c                hard_reset_subsystem
 .text.BigEnE_raw_to_uInt
                0x20019e10       0x94 ./src/sub-systemCode/Global/Global.o
                0x20019e10                BigEnE_raw_to_uInt
 .text.BigEnE_raw_to_uShort
                0x20019ea4       0x50 ./src/sub-systemCode/Global/Global.o
                0x20019ea4                BigEnE_raw_to_uShort
 .text.BigEnE_uInt_to_raw
                0x20019ef4       0x78 ./src/sub-systemCode/Global/Global.o
                0x20019ef4                BigEnE_uInt_to_raw
 .text.reset_FRAM_MAIN
                0x20019f6c      0x140 ./src/sub-systemCode/Global/Global.o
                0x20019f6c                reset_FRAM_MAIN
 .text.getBitValueByIndex
                0x2001a0ac       0xd0 ./src/sub-systemCode/Global/Global.o
                0x2001a0ac                getBitValueByIndex
 .text.init_GP  0x2001a17c      0x2e0 ./src/sub-systemCode/Global/GlobalParam.o
                0x2001a17c                init_GP
 .text.get_system_state
                0x2001a45c      0x254 ./src/sub-systemCode/Global/GlobalParam.o
                0x2001a45c                get_system_state
 .text.set_system_state
                0x2001a6b0      0x284 ./src/sub-systemCode/Global/GlobalParam.o
                0x2001a6b0                set_system_state
 .text.get_systems_state_param
                0x2001a934       0x78 ./src/sub-systemCode/Global/GlobalParam.o
                0x2001a934                get_systems_state_param
 .text.get_current_global_param
                0x2001a9ac      0x548 ./src/sub-systemCode/Global/GlobalParam.o
                0x2001a9ac                get_current_global_param
 .text.set_Vbatt
                0x2001aef4       0x78 ./src/sub-systemCode/Global/GlobalParam.o
                0x2001aef4                set_Vbatt
 .text.get_Vbatt
                0x2001af6c       0x78 ./src/sub-systemCode/Global/GlobalParam.o
                0x2001af6c                get_Vbatt
 .text.set_curBat
                0x2001afe4       0x78 ./src/sub-systemCode/Global/GlobalParam.o
                0x2001afe4                set_curBat
 .text.set_cur3V3
                0x2001b05c       0x78 ./src/sub-systemCode/Global/GlobalParam.o
                0x2001b05c                set_cur3V3
 .text.set_cur5V
                0x2001b0d4       0x78 ./src/sub-systemCode/Global/GlobalParam.o
                0x2001b0d4                set_cur5V
 .text.set_tempComm_LO
                0x2001b14c       0x78 ./src/sub-systemCode/Global/GlobalParam.o
                0x2001b14c                set_tempComm_LO
 .text.set_tempComm_PA
                0x2001b1c4       0x78 ./src/sub-systemCode/Global/GlobalParam.o
                0x2001b1c4                set_tempComm_PA
 .text.set_tempEPS
                0x2001b23c       0xb4 ./src/sub-systemCode/Global/GlobalParam.o
                0x2001b23c                set_tempEPS
 .text.set_tempBatt
                0x2001b2f0       0xb4 ./src/sub-systemCode/Global/GlobalParam.o
                0x2001b2f0                set_tempBatt
 .text.set_RxDoppler
                0x2001b3a4       0x78 ./src/sub-systemCode/Global/GlobalParam.o
                0x2001b3a4                set_RxDoppler
 .text.set_RxRSSI
                0x2001b41c       0x78 ./src/sub-systemCode/Global/GlobalParam.o
                0x2001b41c                set_RxRSSI
 .text.set_TxRefl
                0x2001b494       0x78 ./src/sub-systemCode/Global/GlobalParam.o
                0x2001b494                set_TxRefl
 .text.set_TxForw
                0x2001b50c       0x78 ./src/sub-systemCode/Global/GlobalParam.o
                0x2001b50c                set_TxForw
 .text.set_numOfAPRS
                0x2001b584       0x78 ./src/sub-systemCode/Global/GlobalParam.o
                0x2001b584                set_numOfAPRS
 .text.set_numOfDelayedCommand
                0x2001b5fc       0x78 ./src/sub-systemCode/Global/GlobalParam.o
                0x2001b5fc                set_numOfDelayedCommand
 .text.set_numOfResets
                0x2001b674       0x98 ./src/sub-systemCode/Global/GlobalParam.o
                0x2001b674                set_numOfResets
 .text.set_ground_conn
                0x2001b70c       0x8c ./src/sub-systemCode/Global/GlobalParam.o
                0x2001b70c                set_ground_conn
 .text.get_ground_conn
                0x2001b798       0x8c ./src/sub-systemCode/Global/GlobalParam.o
                0x2001b798                get_ground_conn
 .text.IsisAntS_getStatusData_sideA
                0x2001b824       0x3c ./src/sub-systemCode/Global/OnlineTM.o
                0x2001b824                IsisAntS_getStatusData_sideA
 .text.IsisAntS_getAlltelemetry_sideA
                0x2001b860       0x3c ./src/sub-systemCode/Global/OnlineTM.o
                0x2001b860                IsisAntS_getAlltelemetry_sideA
 .text.IsisAntS_getTemperature_sideA
                0x2001b89c       0x3c ./src/sub-systemCode/Global/OnlineTM.o
                0x2001b89c                IsisAntS_getTemperature_sideA
 .text.IsisAntS_getStatusData_sideB
                0x2001b8d8       0x3c ./src/sub-systemCode/Global/OnlineTM.o
                0x2001b8d8                IsisAntS_getStatusData_sideB
 .text.IsisAntS_getAlltelemetry_sideB
                0x2001b914       0x3c ./src/sub-systemCode/Global/OnlineTM.o
                0x2001b914                IsisAntS_getAlltelemetry_sideB
 .text.IsisAntS_getTemperature_sideB
                0x2001b950       0x3c ./src/sub-systemCode/Global/OnlineTM.o
                0x2001b950                IsisAntS_getTemperature_sideB
 .text.HK_collect_EPS
                0x2001b98c       0x30 ./src/sub-systemCode/Global/OnlineTM.o
                0x2001b98c                HK_collect_EPS
 .text.HK_collect_COMM
                0x2001b9bc       0x30 ./src/sub-systemCode/Global/OnlineTM.o
                0x2001b9bc                HK_collect_COMM
 .text.HK_collect_CAM
                0x2001b9ec       0x30 ./src/sub-systemCode/Global/OnlineTM.o
                0x2001b9ec                HK_collect_CAM
 .text.HK_collect_SP
                0x2001ba1c       0x30 ./src/sub-systemCode/Global/OnlineTM.o
                0x2001ba1c                HK_collect_SP
 .text.HK_collect_FS_A
                0x2001ba4c       0x8c ./src/sub-systemCode/Global/OnlineTM.o
                0x2001ba4c                HK_collect_FS_A
 .text.HK_collect_FS_B
                0x2001bad8       0x8c ./src/sub-systemCode/Global/OnlineTM.o
                0x2001bad8                HK_collect_FS_B
 .text.save_offlineSetting_FRAM
                0x2001bb64      0x26c ./src/sub-systemCode/Global/OnlineTM.o
                0x2001bb64                save_offlineSetting_FRAM
 .text.get_offlineSetting_FRAM
                0x2001bdd0       0x58 ./src/sub-systemCode/Global/OnlineTM.o
                0x2001bdd0                get_offlineSetting_FRAM
 .text.update_offlineSetting_FRAM
                0x2001be28      0x360 ./src/sub-systemCode/Global/OnlineTM.o
                0x2001be28                update_offlineSetting_FRAM
 .text.get_offlineSettingPacket
                0x2001c188       0xc4 ./src/sub-systemCode/Global/OnlineTM.o
                0x2001c188                get_offlineSettingPacket
 .text.get_item_by_index
                0x2001c24c       0xdc ./src/sub-systemCode/Global/OnlineTM.o
                0x2001c24c                get_item_by_index
 .text.get_pointer_item_by_index
                0x2001c328       0x48 ./src/sub-systemCode/Global/OnlineTM.o
                0x2001c328                get_pointer_item_by_index
 .text.init_onlineParam
                0x2001c370     0x2f70 ./src/sub-systemCode/Global/OnlineTM.o
                0x2001c370                init_onlineParam
 .text.reset_offline_TM_list
                0x2001f2e0      0x184 ./src/sub-systemCode/Global/OnlineTM.o
                0x2001f2e0                reset_offline_TM_list
 .text.get_online_packet
                0x2001f464      0x25c ./src/sub-systemCode/Global/OnlineTM.o
                0x2001f464                get_online_packet
 .text.save_onlineTM_param
                0x2001f6c0      0x1b4 ./src/sub-systemCode/Global/OnlineTM.o
                0x2001f6c0                save_onlineTM_param
 .text.add_onlineTM_param_to_save_list
                0x2001f874      0x3e4 ./src/sub-systemCode/Global/OnlineTM.o
                0x2001f874                add_onlineTM_param_to_save_list
 .text.delete_onlineTM_param_from_offline
                0x2001fc58      0x1a8 ./src/sub-systemCode/Global/OnlineTM.o
                0x2001fc58                delete_onlineTM_param_from_offline
 .text.save_onlineTM_logic
                0x2001fe00      0x2bc ./src/sub-systemCode/Global/OnlineTM.o
                0x2001fe00                save_onlineTM_logic
 .text.updateSD_state
                0x200200bc       0xa8 ./src/sub-systemCode/Global/OnlineTM.o
                0x200200bc                updateSD_state
 .text.save_onlineTM_task
                0x20020164       0xdc ./src/sub-systemCode/Global/OnlineTM.o
                0x20020164                save_onlineTM_task
 .text.delete_allTMFilesFromSD
                0x20020240      0x154 ./src/sub-systemCode/Global/TLM_management.o
                0x20020240                delete_allTMFilesFromSD
 .text.getNumOfFilesInFS
                0x20020394       0x44 ./src/sub-systemCode/Global/TLM_management.o
 .text.setNumOfFilesInFS
                0x200203d8       0x50 ./src/sub-systemCode/Global/TLM_management.o
 .text.f_managed_enterFS
                0x20020428       0x18 ./src/sub-systemCode/Global/TLM_management.o
                0x20020428                f_managed_enterFS
 .text.f_managed_releaseFS
                0x20020440       0x18 ./src/sub-systemCode/Global/TLM_management.o
                0x20020440                f_managed_releaseFS
 .text.f_managed_open
                0x20020458       0xfc ./src/sub-systemCode/Global/TLM_management.o
                0x20020458                f_managed_open
 .text.f_managed_close
                0x20020554       0x80 ./src/sub-systemCode/Global/TLM_management.o
                0x20020554                f_managed_close
 .text.createSemahores_FS
                0x200205d4       0x48 ./src/sub-systemCode/Global/TLM_management.o
                0x200205d4                createSemahores_FS
 .text.InitializeFS
                0x2002061c      0x180 ./src/sub-systemCode/Global/TLM_management.o
                0x2002061c                InitializeFS
 .text.c_fileCreate
                0x2002079c       0xf4 ./src/sub-systemCode/Global/TLM_management.o
                0x2002079c                c_fileCreate
 .text.writewithEpochtime
                0x20020890       0x94 ./src/sub-systemCode/Global/TLM_management.o
 .text.get_C_FILE_struct
                0x20020924      0x104 ./src/sub-systemCode/Global/TLM_management.o
 .text.getFileIndex
                0x20020a28       0x64 ./src/sub-systemCode/Global/TLM_management.o
 .text.get_file_name_by_index
                0x20020a8c       0x54 ./src/sub-systemCode/Global/TLM_management.o
                0x20020a8c                get_file_name_by_index
 .text.c_fileReset
                0x20020ae0      0x140 ./src/sub-systemCode/Global/TLM_management.o
                0x20020ae0                c_fileReset
 .text.c_fileWrite
                0x20020c20      0x168 ./src/sub-systemCode/Global/TLM_management.o
                0x20020c20                c_fileWrite
 .text.deleteElementsFromFile
                0x20020d88      0x188 ./src/sub-systemCode/Global/TLM_management.o
 .text.c_fileDeleteElements
                0x20020f10      0x168 ./src/sub-systemCode/Global/TLM_management.o
                0x20020f10                c_fileDeleteElements
 .text.c_fileRead
                0x20021078      0x2f0 ./src/sub-systemCode/Global/TLM_management.o
                0x20021078                c_fileRead
 .text.DeInitializeFS
                0x20021368       0xdc ./src/sub-systemCode/Global/TLM_management.o
                0x20021368                DeInitializeFS
 .text.xSemaphoreGive_extended
                0x20021444       0x48 ./src/sub-systemCode/Global/freertosExtended.o
                0x20021444                xSemaphoreGive_extended
 .text.xSemaphoreTake_extended
                0x2002148c       0x54 ./src/sub-systemCode/Global/freertosExtended.o
                0x2002148c                xSemaphoreTake_extended
 .text.WriteLog
                0x200214e0       0xb4 ./src/sub-systemCode/Global/logger.o
 .text.WriteErrorLog
                0x20021594       0x64 ./src/sub-systemCode/Global/logger.o
                0x20021594                WriteErrorLog
 .text.WritePayloadLog
                0x200215f8       0x50 ./src/sub-systemCode/Global/logger.o
                0x200215f8                WritePayloadLog
 .text.WriteEpsLog
                0x20021648       0x4c ./src/sub-systemCode/Global/logger.o
                0x20021648                WriteEpsLog
 .text.WriteTransponderLog
                0x20021694       0x50 ./src/sub-systemCode/Global/logger.o
                0x20021694                WriteTransponderLog
 .text.castCharPointerToInt
                0x200216e4       0x84 ./src/sub-systemCode/CUF/CUF.o
                0x200216e4                castCharPointerToInt
 .text.castCharArrayToIntArray
                0x20021768       0xa4 ./src/sub-systemCode/CUF/CUF.o
                0x20021768                castCharArrayToIntArray
 .text.SavePerminantCUF
                0x2002180c      0x184 ./src/sub-systemCode/CUF/CUF.o
                0x2002180c                SavePerminantCUF
 .text.LoadPerminantCUF
                0x20021990      0x16c ./src/sub-systemCode/CUF/CUF.o
                0x20021990                LoadPerminantCUF
 .text.CUFManageRestart
                0x20021afc       0x9c ./src/sub-systemCode/CUF/CUF.o
                0x20021afc                CUFManageRestart
 .text.InitCUF  0x20021b98      0x13c ./src/sub-systemCode/CUF/CUF.o
                0x20021b98                InitCUF
 .text.CUFSwitch
                0x20021cd4       0x30 ./src/sub-systemCode/CUF/CUF.o
                0x20021cd4                CUFSwitch
 .text.GenerateSSH
                0x20021d04       0x8c ./src/sub-systemCode/CUF/CUF.o
                0x20021d04                GenerateSSH
 .text.AuthenticateCUF
                0x20021d90       0x64 ./src/sub-systemCode/CUF/CUF.o
                0x20021d90                AuthenticateCUF
 .text.UpdatePerminantCUF
                0x20021df4       0x84 ./src/sub-systemCode/CUF/CUF.o
                0x20021df4                UpdatePerminantCUF
 .text.RemoveCUF
                0x20021e78      0x1ac ./src/sub-systemCode/CUF/CUF.o
                0x20021e78                RemoveCUF
 .text.CreateCUF
                0x20022024      0x114 ./src/sub-systemCode/CUF/CUF.o
                0x20022024                CreateCUF
 .text.ExecuteCUF
                0x20022138      0x210 ./src/sub-systemCode/CUF/CUF.o
                0x20022138                ExecuteCUF
 .text.IntegrateCUF
                0x20022348      0x1a4 ./src/sub-systemCode/CUF/CUF.o
                0x20022348                IntegrateCUF
 .text.AddToCUFTempArray
                0x200224ec       0xa4 ./src/sub-systemCode/CUF/CUF.o
                0x200224ec                AddToCUFTempArray
 .text.GetFromCUFTempArray
                0x20022590       0xe8 ./src/sub-systemCode/CUF/CUF.o
                0x20022590                GetFromCUFTempArray
 .text.DisableCUF
                0x20022678       0x84 ./src/sub-systemCode/CUF/CUF.o
                0x20022678                DisableCUF
 .text.EnableCUF
                0x200226fc       0x84 ./src/sub-systemCode/CUF/CUF.o
                0x200226fc                EnableCUF
 .text.initializeUpload
                0x20022780       0x9c ./src/sub-systemCode/CUF/uploadCodeTelemetry.o
                0x20022780                initializeUpload
 .text.removeFiles
                0x2002281c       0xc0 ./src/sub-systemCode/CUF/uploadCodeTelemetry.o
                0x2002281c                removeFiles
 .text.loadBackup
                0x200228dc      0x134 ./src/sub-systemCode/CUF/uploadCodeTelemetry.o
                0x200228dc                loadBackup
 .text.addToArray
                0x20022a10       0xd8 ./src/sub-systemCode/CUF/uploadCodeTelemetry.o
                0x20022a10                addToArray
 .text.headerHandle
                0x20022ae8       0xa8 ./src/sub-systemCode/CUF/uploadCodeTelemetry.o
                0x20022ae8                headerHandle
 .text.startCUFintegration
                0x20022b90      0x1e4 ./src/sub-systemCode/CUF/uploadCodeTelemetry.o
                0x20022b90                startCUFintegration
 .text.saveBackup
                0x20022d74      0x100 ./src/sub-systemCode/CUF/uploadCodeTelemetry.o
                0x20022d74                saveBackup
 .text.saveAck  0x20022e74       0x28 ./src/sub-systemCode/CUF/uploadCodeTelemetry.o
                0x20022e74                saveAck
 .text.reset_APRS_list
                0x20022e9c       0xa4 ./src/sub-systemCode/COMM/APRS.o
                0x20022e9c                reset_APRS_list
 .text.send_APRS_Dump
                0x20022f40      0x1c0 ./src/sub-systemCode/COMM/APRS.o
                0x20022f40                send_APRS_Dump
 .text.get_APRS_list
                0x20023100       0x88 ./src/sub-systemCode/COMM/APRS.o
                0x20023100                get_APRS_list
 .text.find_CMD_in_list
                0x20023188       0x7c ./src/sub-systemCode/COMM/DelayedCommand_list.o
                0x20023188                find_CMD_in_list
 .text.find_empty_in_list
                0x20023204       0x74 ./src/sub-systemCode/COMM/DelayedCommand_list.o
                0x20023204                find_empty_in_list
 .text.check_delayCommandTime
                0x20023278       0x8c ./src/sub-systemCode/COMM/DelayedCommand_list.o
                0x20023278                check_delayCommandTime
 .text.execute_delayedCommand
                0x20023304       0x8c ./src/sub-systemCode/COMM/DelayedCommand_list.o
                0x20023304                execute_delayedCommand
 .text.check_delaycommand
                0x20023390      0x17c ./src/sub-systemCode/COMM/DelayedCommand_list.o
                0x20023390                check_delaycommand
 .text.reset_delayCommand
                0x2002350c       0x8c ./src/sub-systemCode/COMM/DelayedCommand_list.o
                0x2002350c                reset_delayCommand
 .text.add_delayCommand
                0x20023598      0x1cc ./src/sub-systemCode/COMM/DelayedCommand_list.o
                0x20023598                add_delayCommand
 .text.get_delayCommand_list
                0x20023764       0x80 ./src/sub-systemCode/COMM/DelayedCommand_list.o
                0x20023764                get_delayCommand_list
 .text.EmptyOldestCommand
                0x200237e4      0x108 ./src/sub-systemCode/COMM/DelayedCommand_list.o
                0x200237e4                EmptyOldestCommand
 .text.decode_TCpacket
                0x200238ec      0x16c ./src/sub-systemCode/COMM/GSC.o
                0x200238ec                decode_TCpacket
 .text.encode_TCpacket
                0x20023a58      0x114 ./src/sub-systemCode/COMM/GSC.o
                0x20023a58                encode_TCpacket
 .text.encode_TMpacket
                0x20023b6c      0x104 ./src/sub-systemCode/COMM/GSC.o
                0x20023b6c                encode_TMpacket
 .text.build_raw_ACK
                0x20023c70       0xbc ./src/sub-systemCode/COMM/GSC.o
                0x20023c70                build_raw_ACK
 .text.build_data_field_ACK
                0x20023d2c       0x74 ./src/sub-systemCode/COMM/GSC.o
                0x20023d2c                build_data_field_ACK
 .text.update_FRAM_bitRate
                0x20023da0       0xd0 ./src/sub-systemCode/COMM/TRXVU.o
                0x20023da0                update_FRAM_bitRate
 .text.toggle_idle_state
                0x20023e70       0x94 ./src/sub-systemCode/COMM/TRXVU.o
                0x20023e70                toggle_idle_state
 .text.TRXVU_init_hardWare
                0x20023f04       0xac ./src/sub-systemCode/COMM/TRXVU.o
                0x20023f04                TRXVU_init_hardWare
 .text.TRXVU_init_softWare
                0x20023fb0      0x100 ./src/sub-systemCode/COMM/TRXVU.o
                0x20023fb0                TRXVU_init_softWare
 .text.init_trxvu
                0x200240b0       0x14 ./src/sub-systemCode/COMM/TRXVU.o
                0x200240b0                init_trxvu
 .text.TRXVU_task
                0x200240c4       0x9c ./src/sub-systemCode/COMM/TRXVU.o
                0x200240c4                TRXVU_task
 .text.dump_logic
                0x20024160      0x378 ./src/sub-systemCode/COMM/TRXVU.o
                0x20024160                dump_logic
 .text.Dump_task
                0x200244d8      0x188 ./src/sub-systemCode/COMM/TRXVU.o
                0x200244d8                Dump_task
 .text.transponder_logic
                0x20024660       0xe8 ./src/sub-systemCode/COMM/TRXVU.o
                0x20024660                transponder_logic
 .text.Transponder_task
                0x20024748      0x190 ./src/sub-systemCode/COMM/TRXVU.o
                0x20024748                Transponder_task
 .text.lookForRequestToDelete_transponder
                0x200248d8       0x8c ./src/sub-systemCode/COMM/TRXVU.o
                0x200248d8                lookForRequestToDelete_transponder
 .text.lookForRequestToDelete_dump
                0x20024964       0x88 ./src/sub-systemCode/COMM/TRXVU.o
                0x20024964                lookForRequestToDelete_dump
 .text.sendRequestToStop_dump
                0x200249ec       0x8c ./src/sub-systemCode/COMM/TRXVU.o
                0x200249ec                sendRequestToStop_dump
 .text.sendRequestToStop_transponder
                0x20024a78       0x8c ./src/sub-systemCode/COMM/TRXVU.o
                0x20024a78                sendRequestToStop_transponder
 .text.Rx_logic
                0x20024b04      0x190 ./src/sub-systemCode/COMM/TRXVU.o
                0x20024b04                Rx_logic
 .text.pass_above_Ground
                0x20024c94      0x104 ./src/sub-systemCode/COMM/TRXVU.o
                0x20024c94                pass_above_Ground
 .text.check_TRXVUState
                0x20024d98       0xf0 ./src/sub-systemCode/COMM/TRXVU.o
                0x20024d98                check_TRXVUState
 .text.trxvu_logic
                0x20024e88       0x20 ./src/sub-systemCode/COMM/TRXVU.o
                0x20024e88                trxvu_logic
 .text.Beacon_task
                0x20024ea8      0x18c ./src/sub-systemCode/COMM/TRXVU.o
                0x20024ea8                Beacon_task
 .text.buildAndSend_beacon
                0x20025034      0x5a0 ./src/sub-systemCode/COMM/TRXVU.o
                0x20025034                buildAndSend_beacon
 .text.reset_FRAM_TRXVU
                0x200255d4      0x160 ./src/sub-systemCode/COMM/TRXVU.o
                0x200255d4                reset_FRAM_TRXVU
 .text.TRX_sendFrame
                0x20025734      0x1ac ./src/sub-systemCode/COMM/TRXVU.o
                0x20025734                TRX_sendFrame
 .text.TRX_getFrameData
                0x200258e0      0x10c ./src/sub-systemCode/COMM/TRXVU.o
                0x200258e0                TRX_getFrameData
 .text.mute_Tx  0x200259ec       0x20 ./src/sub-systemCode/COMM/TRXVU.o
                0x200259ec                mute_Tx
 .text.unmute_Tx
                0x20025a0c       0x58 ./src/sub-systemCode/COMM/TRXVU.o
                0x20025a0c                unmute_Tx
 .text.check_time_off_mute
                0x20025a64       0x88 ./src/sub-systemCode/COMM/TRXVU.o
                0x20025a64                check_time_off_mute
 .text.set_mute_time
                0x20025aec       0xb4 ./src/sub-systemCode/COMM/TRXVU.o
                0x20025aec                set_mute_time
 .text.change_TRXVU_state
                0x20025ba0       0xe0 ./src/sub-systemCode/COMM/TRXVU.o
                0x20025ba0                change_TRXVU_state
 .text.change_trans_RSSI
                0x20025c80       0x60 ./src/sub-systemCode/COMM/TRXVU.o
                0x20025c80                change_trans_RSSI
 .text.AdcsReadI2cAck
                0x20025ce0       0xfc ./src/sub-systemCode/ADCS/AdcsCommands.o
                0x20025ce0                AdcsReadI2cAck
 .text.AdcsGenericI2cCmd
                0x20025ddc      0x198 ./src/sub-systemCode/ADCS/AdcsCommands.o
                0x20025ddc                AdcsGenericI2cCmd
 .text.SendAdcsTlm
                0x20025f74      0x1b8 ./src/sub-systemCode/ADCS/AdcsCommands.o
                0x20025f74                SendAdcsTlm
 .text.AdcsExecuteCommand
                0x2002612c     0x1e84 ./src/sub-systemCode/ADCS/AdcsCommands.o
                0x2002612c                AdcsExecuteCommand
 .text.cspaceADCS_getEstimatedAngles
                0x20027fb0       0x98 ./src/sub-systemCode/ADCS/AdcsGetDataAndTlm.o
                0x20027fb0                cspaceADCS_getEstimatedAngles
 .text.cspaceADCS_getEstimatedAnglesRates
                0x20028048       0x98 ./src/sub-systemCode/ADCS/AdcsGetDataAndTlm.o
                0x20028048                cspaceADCS_getEstimatedAnglesRates
 .text.cspaceADCS_getSatellitePosition
                0x200280e0       0x98 ./src/sub-systemCode/ADCS/AdcsGetDataAndTlm.o
                0x200280e0                cspaceADCS_getSatellitePosition
 .text.InitTlmElements
                0x20028178      0x238 ./src/sub-systemCode/ADCS/AdcsGetDataAndTlm.o
                0x20028178                InitTlmElements
 .text.CreateTlmElementFiles
                0x200283b0      0x178 ./src/sub-systemCode/ADCS/AdcsGetDataAndTlm.o
                0x200283b0                CreateTlmElementFiles
 .text.SaveElementTlmAtIndex
                0x20028528      0x424 ./src/sub-systemCode/ADCS/AdcsGetDataAndTlm.o
                0x20028528                SaveElementTlmAtIndex
 .text.UpdateTlmElementAtIndex
                0x2002894c      0x150 ./src/sub-systemCode/ADCS/AdcsGetDataAndTlm.o
                0x2002894c                UpdateTlmElementAtIndex
 .text.UpdateTlmToSaveVector
                0x20028a9c       0xc8 ./src/sub-systemCode/ADCS/AdcsGetDataAndTlm.o
                0x20028a9c                UpdateTlmToSaveVector
 .text.UpdateTlmPeriodVector
                0x20028b64      0x120 ./src/sub-systemCode/ADCS/AdcsGetDataAndTlm.o
                0x20028b64                UpdateTlmPeriodVector
 .text.AdcsGetTlmOverrideFlag
                0x20028c84       0x5c ./src/sub-systemCode/ADCS/AdcsGetDataAndTlm.o
                0x20028c84                AdcsGetTlmOverrideFlag
 .text.AdcsSetTlmOverrideFlag
                0x20028ce0       0x9c ./src/sub-systemCode/ADCS/AdcsGetDataAndTlm.o
                0x20028ce0                AdcsSetTlmOverrideFlag
 .text.RestoreDefaultTlmElement
                0x20028d7c      0x1ec ./src/sub-systemCode/ADCS/AdcsGetDataAndTlm.o
                0x20028d7c                RestoreDefaultTlmElement
 .text.GetTlmElementAtIndex
                0x20028f68       0x80 ./src/sub-systemCode/ADCS/AdcsGetDataAndTlm.o
                0x20028f68                GetTlmElementAtIndex
 .text.GatherTlmAndData
                0x20028fe8       0xd0 ./src/sub-systemCode/ADCS/AdcsGetDataAndTlm.o
                0x20028fe8                GatherTlmAndData
 .text.UpdateAdcsFramParameters
                0x200290b8      0x124 ./src/sub-systemCode/ADCS/AdcsMain.o
                0x200290b8                UpdateAdcsFramParameters
 .text.AdcsInit
                0x200291dc      0x168 ./src/sub-systemCode/ADCS/AdcsMain.o
                0x200291dc                AdcsInit
 .text.AdcsTask
                0x20029344      0x128 ./src/sub-systemCode/ADCS/AdcsMain.o
                0x20029344                AdcsTask
 .text.AdcsTroubleShooting
                0x2002946c       0x88 ./src/sub-systemCode/ADCS/AdcsTroubleShooting.o
                0x2002946c                AdcsTroubleShooting
 .text.UpdateAdcsStateMachine
                0x200294f4       0x1c ./src/sub-systemCode/ADCS/StateMachine.o
                0x200294f4                UpdateAdcsStateMachine
 .text.save_time
                0x20029510       0x9c ./src/main.o
                0x20029510                save_time
 .text.Command_logic
                0x200295ac       0x6c ./src/main.o
                0x200295ac                Command_logic
 .text.taskMain
                0x20029618       0x68 ./src/main.o
                0x20029618                taskMain
 .text.main     0x20029680       0x88 ./src/main.o
                0x20029680                main
 .text.GomEpsInitialize
                0x20029708      0x148 C:/HOOPOE3/satellite-subsystems/demo/..//satellite-subsystems/lib\libSatelliteSubsystemsD.a(GomEPS.o)
                0x20029708                GomEpsInitialize
 .text.makeEPStransfer
                0x20029850       0x3c C:/HOOPOE3/satellite-subsystems/demo/..//satellite-subsystems/lib\libSatelliteSubsystemsD.a(GomEPS.o)
 .text.GomEpsPing
                0x2002988c       0xf8 C:/HOOPOE3/satellite-subsystems/demo/..//satellite-subsystems/lib\libSatelliteSubsystemsD.a(GomEPS.o)
                0x2002988c                GomEpsPing
 .text.GomEpsSoftReset
                0x20029984       0xc4 C:/HOOPOE3/satellite-subsystems/demo/..//satellite-subsystems/lib\libSatelliteSubsystemsD.a(GomEPS.o)
                0x20029984                GomEpsSoftReset
 .text.GomEpsHardReset
                0x20029a48       0xa8 C:/HOOPOE3/satellite-subsystems/demo/..//satellite-subsystems/lib\libSatelliteSubsystemsD.a(GomEPS.o)
                0x20029a48                GomEpsHardReset
 .text.GomEpsGetHkData_param
                0x20029af0      0x29c C:/HOOPOE3/satellite-subsystems/demo/..//satellite-subsystems/lib\libSatelliteSubsystemsD.a(GomEPS.o)
                0x20029af0                GomEpsGetHkData_param
 .text.GomEpsGetHkData_general
                0x20029d8c      0x45c C:/HOOPOE3/satellite-subsystems/demo/..//satellite-subsystems/lib\libSatelliteSubsystemsD.a(GomEPS.o)
                0x20029d8c                GomEpsGetHkData_general
 .text.GomEpsGetHkData_vi
                0x2002a1e8      0x188 C:/HOOPOE3/satellite-subsystems/demo/..//satellite-subsystems/lib\libSatelliteSubsystemsD.a(GomEPS.o)
                0x2002a1e8                GomEpsGetHkData_vi
 .text.GomEpsGetHkData_out
                0x2002a370      0x21c C:/HOOPOE3/satellite-subsystems/demo/..//satellite-subsystems/lib\libSatelliteSubsystemsD.a(GomEPS.o)
                0x2002a370                GomEpsGetHkData_out
 .text.GomEpsGetHkData_wdt
                0x2002a58c      0x2b4 C:/HOOPOE3/satellite-subsystems/demo/..//satellite-subsystems/lib\libSatelliteSubsystemsD.a(GomEPS.o)
                0x2002a58c                GomEpsGetHkData_wdt
 .text.GomEpsGetHkData_basic
                0x2002a840      0x22c C:/HOOPOE3/satellite-subsystems/demo/..//satellite-subsystems/lib\libSatelliteSubsystemsD.a(GomEPS.o)
                0x2002a840                GomEpsGetHkData_basic
 .text.GomEpsSetOutput
                0x2002aa6c       0xbc C:/HOOPOE3/satellite-subsystems/demo/..//satellite-subsystems/lib\libSatelliteSubsystemsD.a(GomEPS.o)