Archive member included because of file (symbol)

c:/isis/application/toolchain/bin/../lib/gcc/arm-none-eabi/4.7.4/../../../../arm-none-eabi/lib\libc_s.a(lib_a-vfprintf_float.o)
                              (_printf_float)
c:/isis/application/toolchain/bin/../lib/gcc/arm-none-eabi/4.7.4/../../../../arm-none-eabi/lib\libc_s.a(lib_a-vfprintf_i.o)
                              c:/isis/application/toolchain/bin/../lib/gcc/arm-none-eabi/4.7.4/../../../../arm-none-eabi/lib\libc_s.a(lib_a-vfprintf_float.o) (_printf_common)
c:/isis/application/toolchain/bin/../lib/gcc/arm-none-eabi/4.7.4/../../../../arm-none-eabi/lib\libc_s.a(lib_a-vfscanf_float.o)
                              (_scanf_float)
c:/isis/application/toolchain/bin/../lib/gcc/arm-none-eabi/4.7.4/../../../../arm-none-eabi/lib\libc_s.a(lib_a-dtoa.o)
                              c:/isis/application/toolchain/bin/../lib/gcc/arm-none-eabi/4.7.4/../../../../arm-none-eabi/lib\libc_s.a(lib_a-vfprintf_float.o) (_dtoa_r)
c:/isis/application/toolchain/bin/../lib/gcc/arm-none-eabi/4.7.4/../../../../arm-none-eabi/lib\libc_s.a(lib_a-locale.o)
                              c:/isis/application/toolchain/bin/../lib/gcc/arm-none-eabi/4.7.4/../../../../arm-none-eabi/lib\libc_s.a(lib_a-vfprintf_float.o) (_localeconv_r)
c:/isis/application/toolchain/bin/../lib/gcc/arm-none-eabi/4.7.4/../../../../arm-none-eabi/lib\libc_s.a(lib_a-malloc.o)
                              c:/isis/application/toolchain/bin/../lib/gcc/arm-none-eabi/4.7.4/../../../../arm-none-eabi/lib\libc_s.a(lib_a-dtoa.o) (malloc)
c:/isis/application/toolchain/bin/../lib/gcc/arm-none-eabi/4.7.4/../../../../arm-none-eabi/lib\libc_s.a(lib_a-mallocr.o)
                              c:/isis/application/toolchain/bin/../lib/gcc/arm-none-eabi/4.7.4/../../../../arm-none-eabi/lib\libc_s.a(lib_a-malloc.o) (_malloc_r)
c:/isis/application/toolchain/bin/../lib/gcc/arm-none-eabi/4.7.4/../../../../arm-none-eabi/lib\libc_s.a(lib_a-memcpy.o)
                              c:/isis/application/toolchain/bin/../lib/gcc/arm-none-eabi/4.7.4/../../../../arm-none-eabi/lib\libc_s.a(lib_a-dtoa.o) (memcpy)
c:/isis/application/toolchain/bin/../lib/gcc/arm-none-eabi/4.7.4/../../../../arm-none-eabi/lib\libc_s.a(lib_a-mprec.o)
                              c:/isis/application/toolchain/bin/../lib/gcc/arm-none-eabi/4.7.4/../../../../arm-none-eabi/lib\libc_s.a(lib_a-dtoa.o) (_Balloc)
c:/isis/application/toolchain/bin/../lib/gcc/arm-none-eabi/4.7.4/../../../../arm-none-eabi/lib\libc_s.a(lib_a-s_fpclassify.o)
                              c:/isis/application/toolchain/bin/../lib/gcc/arm-none-eabi/4.7.4/../../../../arm-none-eabi/lib\libc_s.a(lib_a-vfprintf_float.o) (__fpclassifyd)
c:/isis/application/toolchain/bin/../lib/gcc/arm-none-eabi/4.7.4/../../../../arm-none-eabi/lib\libc_s.a(lib_a-sbrkr.o)
                              c:/isis/application/toolchain/bin/../lib/gcc/arm-none-eabi/4.7.4/../../../../arm-none-eabi/lib\libc_s.a(lib_a-mallocr.o) (_sbrk_r)
c:/isis/application/toolchain/bin/../lib/gcc/arm-none-eabi/4.7.4/../../../../arm-none-eabi/lib\libc_s.a(lib_a-sf_nan.o)
                              c:/isis/application/toolchain/bin/../lib/gcc/arm-none-eabi/4.7.4/../../../../arm-none-eabi/lib\libc_s.a(lib_a-vfscanf_float.o) (nanf)
c:/isis/application/toolchain/bin/../lib/gcc/arm-none-eabi/4.7.4/../../../../arm-none-eabi/lib\libc_s.a(lib_a-sprintf.o)
                              c:/isis/application/toolchain/bin/../lib/gcc/arm-none-eabi/4.7.4/../../../../arm-none-eabi/lib\libc_s.a(lib_a-vfscanf_float.o) (sprintf)
c:/isis/application/toolchain/bin/../lib/gcc/arm-none-eabi/4.7.4/../../../../arm-none-eabi/lib\libc_s.a(lib_a-strcmp.o)
                              c:/isis/application/toolchain/bin/../lib/gcc/arm-none-eabi/4.7.4/../../../../arm-none-eabi/lib\libc_s.a(lib_a-locale.o) (strcmp)
c:/isis/application/toolchain/bin/../lib/gcc/arm-none-eabi/4.7.4/../../../../arm-none-eabi/lib\libc_s.a(lib_a-strlen.o)
                              c:/isis/application/toolchain/bin/../lib/gcc/arm-none-eabi/4.7.4/../../../../arm-none-eabi/lib\libc_s.a(lib_a-vfprintf_float.o) (strlen)
c:/isis/application/toolchain/bin/../lib/gcc/arm-none-eabi/4.7.4/../../../../arm-none-eabi/lib\libc_s.a(lib_a-strtod.o)
                              c:/isis/application/toolchain/bin/../lib/gcc/arm-none-eabi/4.7.4/../../../../arm-none-eabi/lib\libc_s.a(lib_a-vfscanf_float.o) (_strtod_r)
c:/isis/application/toolchain/bin/../lib/gcc/arm-none-eabi/4.7.4/../../../../arm-none-eabi/lib\libc_s.a(lib_a-strtol.o)
                              c:/isis/application/toolchain/bin/../lib/gcc/arm-none-eabi/4.7.4/../../../../arm-none-eabi/lib\libc_s.a(lib_a-vfscanf_float.o) (_strtol_r)
c:/isis/application/toolchain/bin/../lib/gcc/arm-none-eabi/4.7.4/../../../../arm-none-eabi/lib\libc_s.a(lib_a-svfprintf.o)
                              c:/isis/application/toolchain/bin/../lib/gcc/arm-none-eabi/4.7.4/../../../../arm-none-eabi/lib\libc_s.a(lib_a-sprintf.o) (_svfprintf_r)
[...]
Memory Configuration

Name             Origin             Length             Attributes
sram0            0x00200000         0x00004000         w !xr
sram1            0x00300000         0x00004000         w !xr
sdram            0x20000000         0x02000000         w !xr
*default*        0x00000000         0xffffffff

Linker script and memory map

LOAD c:/isis/application/toolchain/bin/../lib/gcc/arm-none-eabi/4.7.4/../../../../arm-none-eabi/lib\libc_s.a
LOAD ./src/sub-systemCode/payload/Request Management/Dump/Butchering.o
LOAD ./src/sub-systemCode/payload/Request Management/Dump/imageDump.o
LOAD ./src/sub-systemCode/payload/Request Management/CameraManeger.o
LOAD ./src/sub-systemCode/payload/Request Management/DB_RequestHandling.o
LOAD ./src/sub-systemCode/payload/Misc/Boolean_bit.o
LOAD ./src/sub-systemCode/payload/Misc/FileSystem.o
LOAD ./src/sub-systemCode/payload/Drivers/GeckoCameraDriver.o
LOAD ./src/sub-systemCode/payload/DataBase/DataBase.o
LOAD ./src/sub-systemCode/payload/Compression/jpeg/bmp/rawToBMP.o
LOAD ./src/sub-systemCode/payload/Compression/jpeg/DCT.o
LOAD ./src/sub-systemCode/payload/Compression/jpeg/ImgCompressor.o
LOAD ./src/sub-systemCode/payload/Compression/jpeg/color_conv.o
LOAD ./src/sub-systemCode/payload/Compression/jpeg/jpeg.o
LOAD ./src/sub-systemCode/payload/Compression/jpeg/jpeg_encoder.o
LOAD ./src/sub-systemCode/payload/Compression/jpeg/jpeg_memory_alloc.o
LOAD ./src/sub-systemCode/payload/Compression/jpeg/jpeg_params.o
LOAD ./src/sub-systemCode/payload/Compression/jpeg/output_stream.o
LOAD ./src/sub-systemCode/payload/Compression/ImageConversion.o
LOAD ./src/sub-systemCode/Main/CMD/COMM_CMD.o
LOAD ./src/sub-systemCode/Main/CMD/EPS_CMD.o
LOAD ./src/sub-systemCode/Main/CMD/General_CMD.o
LOAD ./src/sub-systemCode/Main/CMD/SW_CMD.o
LOAD ./src/sub-systemCode/Main/CMD/payload_CMD.o
LOAD ./src/sub-systemCode/Main/Ants.o
LOAD ./src/sub-systemCode/Main/EPS.o
LOAD ./src/sub-systemCode/Main/HouseKeeping.o
LOAD ./src/sub-systemCode/Main/Main_Init.o
LOAD ./src/sub-systemCode/Main/commands.o
LOAD ./src/sub-systemCode/Global/Global.o
LOAD ./src/sub-systemCode/Global/GlobalParam.o
LOAD ./src/sub-systemCode/Global/OnlineTM.o
LOAD ./src/sub-systemCode/Global/TLM_management.o
LOAD ./src/sub-systemCode/Global/logger.o
LOAD ./src/sub-systemCode/COMM/APRS.o
LOAD ./src/sub-systemCode/COMM/DelayedCommand_list.o
LOAD ./src/sub-systemCode/COMM/GSC.o
LOAD ./src/sub-systemCode/COMM/TRXVU.o
LOAD ./src/sub-systemCode/ADCS/ADCS.o
LOAD ./src/sub-systemCode/ADCS/Stage_Table.o
LOAD ./src/main.o
LOAD C:/ISIS/workspace/HOOPOE3/satellite-subsystems/demo/..//satellite-subsystems/lib\libSatelliteSubsystemsD.a
LOAD c:/isis/application/toolchain/bin/../lib/gcc/arm-none-eabi/4.7.4/../../../../arm-none-eabi/lib\libm.a
LOAD C:/ISIS/workspace/HOOPOE3/satellite-subsystems/demo/../..//hal/hcc/lib\libHCCD.a
LOAD C:/ISIS/workspace/HOOPOE3/satellite-subsystems/demo/../..//hal/hal/lib\libHALD.a
LOAD C:/ISIS/workspace/HOOPOE3/satellite-subsystems/demo/../..//hal/freertos/lib\libFreeRTOSD.a
LOAD C:/ISIS/workspace/HOOPOE3/satellite-subsystems/demo/../..//hal/at91/lib\libAt91D.a
START GROUP
LOAD c:/isis/application/toolchain/bin/../lib/gcc/arm-none-eabi/4.7.4\libgcc.a
LOAD c:/isis/application/toolchain/bin/../lib/gcc/arm-none-eabi/4.7.4/../../../../arm-none-eabi/lib\libc_s.a
END GROUP

.fixed          0x20000000    0x4ebe0
                0x20000000                . = ALIGN (0x4)
                0x20000000                _sfixed = .
 *(.startup)
 .startup       0x20000000      0x134 C:/ISIS/workspace/HOOPOE3/satellite-subsystems/demo/../..//hal/at91/lib\libAt91D.a(board_cstartup.o)
                0x20000000                entry
 *(.text)
 .text          0x20000134       0x64 C:/ISIS/workspace/HOOPOE3/satellite-subsystems/demo/../..//hal/at91/lib\libAt91D.a(cp15_asm.o)
                0x20000134                _readControlRegister
                0x20000140                _writeControlRegister
                0x20000148                _waitForInterrupt
                0x20000154                _writeTTB
                0x2000015c                _writeDomain
                0x20000164                _writeITLBLockdown
                0x2000016c                _prefetchICacheLine
                0x20000174                _flushDCache
                0x20000180                _flushWriteBuffer
                0x2000018c                _invalidateIDTLBs
 .text          0x20000198      0x114 c:/isis/application/toolchain/bin/../lib/gcc/arm-none-eabi/4.7.4\libgcc.a(_udivsi3.o)
                0x20000198                __aeabi_uidiv
                0x20000198                __udivsi3
                0x2000028c                __aeabi_uidivmod
 .text          0x200002ac      0x148 c:/isis/application/toolchain/bin/../lib/gcc/arm-none-eabi/4.7.4\libgcc.a(_divsi3.o)
                0x200002ac                __divsi3
                0x200002ac                __aeabi_idiv
                0x200003d4                __aeabi_idivmod
 .text          0x200003f4        0x4 c:/isis/application/toolchain/bin/../lib/gcc/arm-none-eabi/4.7.4\libgcc.a(_dvmd_tls.o)
                0x200003f4                __aeabi_idiv0
                0x200003f4                __aeabi_ldiv0
 .text          0x200003f8      0x41c c:/isis/application/toolchain/bin/../lib/gcc/arm-none-eabi/4.7.4\libgcc.a(_arm_addsubdf3.o)
                0x200003f8                __aeabi_drsub
                0x20000400                __aeabi_dsub
                0x20000400                __subdf3
                0x20000404                __aeabi_dadd
                0x20000404                __adddf3
                0x20000714                __floatunsidf
                0x20000714                __aeabi_ui2d
                0x20000738                __floatsidf
                0x20000738                __aeabi_i2d
                0x20000760                __aeabi_f2d
                0x20000760                __extendsfdf2
                0x200007a0                __floatundidf
                0x200007a0                __aeabi_ul2d
                0x200007b4                __floatdidf
                0x200007b4                __aeabi_l2d
 .text          0x20000814      0x49c c:/isis/application/toolchain/bin/../lib/gcc/arm-none-eabi/4.7.4\libgcc.a(_arm_muldivdf3.o)
                0x20000814                __aeabi_dmul
                0x20000814                __muldf3
                0x20000aa4                __divdf3
                0x20000aa4                __aeabi_ddiv
 .text          0x20000cb0      0x144 c:/isis/application/toolchain/bin/../lib/gcc/arm-none-eabi/4.7.4\libgcc.a(_arm_cmpdf2.o)
                0x20000cb0                __gtdf2
                0x20000cb0                __gedf2
                0x20000cb8                __ltdf2
                0x20000cb8                __ledf2
                0x20000cc0                __nedf2
                0x20000cc0                __eqdf2
                0x20000cc0                __cmpdf2
                0x20000d48                __aeabi_cdrcmple
                0x20000d64                __aeabi_cdcmpeq
                0x20000d64                __aeabi_cdcmple
                0x20000d7c                __aeabi_dcmpeq
                0x20000d94                __aeabi_dcmplt
                0x20000dac                __aeabi_dcmple
                0x20000dc4                __aeabi_dcmpge
                0x20000ddc                __aeabi_dcmpgt
 .text          0x20000df4       0x5c c:/isis/application/toolchain/bin/../lib/gcc/arm-none-eabi/4.7.4\libgcc.a(_arm_fixdfsi.o)
                0x20000df4                __aeabi_d2iz
                0x20000df4                __fixdfsi
 .text          0x20000e50       0x54 c:/isis/application/toolchain/bin/../lib/gcc/arm-none-eabi/4.7.4\libgcc.a(_arm_fixunsdfsi.o)
                0x20000e50                __aeabi_d2uiz
                0x20000e50                __fixunsdfsi
 .text          0x20000ea4       0xa0 c:/isis/application/toolchain/bin/../lib/gcc/arm-none-eabi/4.7.4\libgcc.a(_arm_truncdfsf2.o)
                0x20000ea4                __truncdfsf2
                0x20000ea4                __aeabi_d2f
 .text          0x20000f44      0x2ac c:/isis/application/toolchain/bin/../lib/gcc/arm-none-eabi/4.7.4\libgcc.a(_arm_addsubsf3.o)
                0x20000f44                __aeabi_frsub
                0x20000f4c                __subsf3
                0x20000f4c                __aeabi_fsub
                0x20000f50                __aeabi_fadd
                0x20000f50                __addsf3
                0x2000110c                __aeabi_ui2f
                0x2000110c                __floatunsisf
                0x20001114                __aeabi_i2f
                0x20001114                __floatsisf
                0x20001134                __aeabi_ul2f
                0x20001134                __floatundisf
                0x20001144                __aeabi_l2f
                0x20001144                __floatdisf
 .text          0x200011f0      0x2f8 c:/isis/application/toolchain/bin/../lib/gcc/arm-none-eabi/4.7.4\libgcc.a(_arm_muldivsf3.o)
                0x200011f0                __mulsf3
                0x200011f0                __aeabi_fmul
                0x20001388                __aeabi_fdiv
                0x20001388                __divsf3
 .text          0x200014e8       0x5c c:/isis/application/toolchain/bin/../lib/gcc/arm-none-eabi/4.7.4\libgcc.a(_arm_fixsfsi.o)
                0x200014e8                __aeabi_f2iz
                0x200014e8                __fixsfsi
 .text          0x20001544       0x54 c:/isis/application/toolchain/bin/../lib/gcc/arm-none-eabi/4.7.4\libgcc.a(_arm_fixunssfsi.o)
                0x20001544                __fixunssfsi
                0x20001544                __aeabi_f2uiz
 *(.text*)
 .text.__cvt    0x20001598      0x138 c:/isis/application/toolchain/bin/../lib/gcc/arm-none-eabi/4.7.4/../../../../arm-none-eabi/lib\libc_s.a(lib_a-vfprintf_float.o)
                0x20001598                __cvt
 .text.__exponent
                0x200016d0       0xa8 c:/isis/application/toolchain/bin/../lib/gcc/arm-none-eabi/4.7.4/../../../../arm-none-eabi/lib\libc_s.a(lib_a-vfprintf_float.o)
                0x200016d0                __exponent
 .text._printf_float
                0x20001778      0x7dc c:/isis/application/toolchain/bin/../lib/gcc/arm-none-eabi/4.7.4/../../../../arm-none-eabi/lib\libc_s.a(lib_a-vfprintf_float.o)
                0x20001778                _printf_float
 .text._printf_common
                0x20001f54      0x174 c:/isis/application/toolchain/bin/../lib/gcc/arm-none-eabi/4.7.4/../../../../arm-none-eabi/lib\libc_s.a(lib_a-vfprintf_i.o)
                0x20001f54                _printf_common
 .text._printf_i
                0x200020c8      0x3c4 c:/isis/application/toolchain/bin/../lib/gcc/arm-none-eabi/4.7.4/../../../../arm-none-eabi/lib\libc_s.a(lib_a-vfprintf_i.o)
                0x200020c8                _printf_i
 .text._scanf_float
                0x2000248c      0x5f4 c:/isis/application/toolchain/bin/../lib/gcc/arm-none-eabi/4.7.4/../../../../arm-none-eabi/lib\libc_s.a(lib_a-vfscanf_float.o)
                0x2000248c                _scanf_float
 .text.quorem   0x20002a80      0x1ac c:/isis/application/toolchain/bin/../lib/gcc/arm-none-eabi/4.7.4/../../../../arm-none-eabi/lib\libc_s.a(lib_a-dtoa.o)
 .text._dtoa_r  0x20002c2c     0x1268 c:/isis/application/toolchain/bin/../lib/gcc/arm-none-eabi/4.7.4/../../../../arm-none-eabi/lib\libc_s.a(lib_a-dtoa.o)
                0x20002c2c                _dtoa_r
 .text._localeconv_r
                0x20003e94        0xc c:/isis/application/toolchain/bin/../lib/gcc/arm-none-eabi/4.7.4/../../../../arm-none-eabi/lib\libc_s.a(lib_a-locale.o)
                0x20003e94                _localeconv_r
 .text.malloc   0x20003ea0       0x20 c:/isis/application/toolchain/bin/../lib/gcc/arm-none-eabi/4.7.4/../../../../arm-none-eabi/lib\libc_s.a(lib_a-malloc.o)
                0x20003ea0                malloc
 .text.free     0x20003ec0       0x20 c:/isis/application/toolchain/bin/../lib/gcc/arm-none-eabi/4.7.4/../../../../arm-none-eabi/lib\libc_s.a(lib_a-malloc.o)
                0x20003ec0                free
 .text._malloc_r
                0x20003ee0       0xfc c:/isis/application/toolchain/bin/../lib/gcc/arm-none-eabi/4.7.4/../../../../arm-none-eabi/lib\libc_s.a(lib_a-mallocr.o)
                0x20003ee0                _malloc_r
 .text.memcpy   0x20003fdc       0x20 c:/isis/application/toolchain/bin/../lib/gcc/arm-none-eabi/4.7.4/../../../../arm-none-eabi/lib\libc_s.a(lib_a-memcpy.o)
                0x20003fdc                memcpy
 .text._Balloc  0x20003ffc       0xcc c:/isis/application/toolchain/bin/../lib/gcc/arm-none-eabi/4.7.4/../../../../arm-none-eabi/lib\libc_s.a(lib_a-mprec.o)
                0x20003ffc                _Balloc
 .text._Bfree   0x200040c8       0x5c c:/isis/application/toolchain/bin/../lib/gcc/arm-none-eabi/4.7.4/../../../../arm-none-eabi/lib\libc_s.a(lib_a-mprec.o)
                0x200040c8                _Bfree
 .text.__multadd
                0x20004124       0xbc c:/isis/application/toolchain/bin/../lib/gcc/arm-none-eabi/4.7.4/../../../../arm-none-eabi/lib\libc_s.a(lib_a-mprec.o)
                0x20004124                __multadd
 .text.__s2b    0x200041e0       0xd8 c:/isis/application/toolchain/bin/../lib/gcc/arm-none-eabi/4.7.4/../../../../arm-none-eabi/lib\libc_s.a(lib_a-mprec.o)
                0x200041e0                __s2b
 .text.__hi0bits
                0x200042b8       0x58 c:/isis/application/toolchain/bin/../lib/gcc/arm-none-eabi/4.7.4/../../../../arm-none-eabi/lib\libc_s.a(lib_a-mprec.o)
                0x200042b8                __hi0bits
 .text.__lo0bits
                0x20004310       0x94 c:/isis/application/toolchain/bin/../lib/gcc/arm-none-eabi/4.7.4/../../../../arm-none-eabi/lib\libc_s.a(lib_a-mprec.o)
                0x20004310                __lo0bits
 .text.__i2b    0x200043a4       0x24 c:/isis/application/toolchain/bin/../lib/gcc/arm-none-eabi/4.7.4/../../../../arm-none-eabi/lib\libc_s.a(lib_a-mprec.o)
                0x200043a4                __i2b
 .text.__multiply
                0x200043c8      0x1ac c:/isis/application/toolchain/bin/../lib/gcc/arm-none-eabi/4.7.4/../../../../arm-none-eabi/lib\libc_s.a(lib_a-mprec.o)
                0x200043c8                __multiply
 .text.__pow5mult
                0x20004574      0x10c c:/isis/application/toolchain/bin/../lib/gcc/arm-none-eabi/4.7.4/../../../../arm-none-eabi/lib\libc_s.a(lib_a-mprec.o)
                0x20004574                __pow5mult
 .text.__lshift
                0x20004680       0xf0 c:/isis/application/toolchain/bin/../lib/gcc/arm-none-eabi/4.7.4/../../../../arm-none-eabi/lib\libc_s.a(lib_a-mprec.o)
                0x20004680                __lshift
 .text.__mcmp   0x20004770       0x60 c:/isis/application/toolchain/bin/../lib/gcc/arm-none-eabi/4.7.4/../../../../arm-none-eabi/lib\libc_s.a(lib_a-mprec.o)
                0x20004770                __mcmp
 .text.__mdiff  0x200047d0      0x128 c:/isis/application/toolchain/bin/../lib/gcc/arm-none-eabi/4.7.4/../../../../arm-none-eabi/lib\libc_s.a(lib_a-mprec.o)
                0x200047d0                __mdiff
 .text.__ulp    0x200048f8       0x5c c:/isis/application/toolchain/bin/../lib/gcc/arm-none-eabi/4.7.4/../../../../arm-none-eabi/lib\libc_s.a(lib_a-mprec.o)
                0x200048f8                __ulp
 .text.__b2d    0x20004954       0xc8 c:/isis/application/toolchain/bin/../lib/gcc/arm-none-eabi/4.7.4/../../../../arm-none-eabi/lib\libc_s.a(lib_a-mprec.o)
                0x20004954                __b2d
 .text.__d2b    0x20004a1c       0xfc c:/isis/application/toolchain/bin/../lib/gcc/arm-none-eabi/4.7.4/../../../../arm-none-eabi/lib\libc_s.a(lib_a-mprec.o)
                0x20004a1c                __d2b
 .text.__ratio  0x20004b18       0x70 c:/isis/application/toolchain/bin/../lib/gcc/arm-none-eabi/4.7.4/../../../../arm-none-eabi/lib\libc_s.a(lib_a-mprec.o)
                0x20004b18                __ratio
 .text.__copybits
                0x20004b88       0x4c c:/isis/application/toolchain/bin/../lib/gcc/arm-none-eabi/4.7.4/../../../../arm-none-eabi/lib\libc_s.a(lib_a-mprec.o)
                0x20004b88                __copybits
 .text.__any_on
                0x20004bd4       0x7c c:/isis/application/toolchain/bin/../lib/gcc/arm-none-eabi/4.7.4/../../../../arm-none-eabi/lib\libc_s.a(lib_a-mprec.o)
                0x20004bd4                __any_on
 .text.__fpclassifyd
                0x20004c50       0x6c c:/isis/application/toolchain/bin/../lib/gcc/arm-none-eabi/4.7.4/../../../../arm-none-eabi/lib\libc_s.a(lib_a-s_fpclassify.o)
                0x20004c50                __fpclassifyd
 .text._sbrk_r  0x20004cbc       0x3c c:/isis/application/toolchain/bin/../lib/gcc/arm-none-eabi/4.7.4/../../../../arm-none-eabi/lib\libc_s.a(lib_a-sbrkr.o)
                0x20004cbc                _sbrk_r
 .text.nanf     0x20004cf8        0xc c:/isis/application/toolchain/bin/../lib/gcc/arm-none-eabi/4.7.4/../../../../arm-none-eabi/lib\libc_s.a(lib_a-sf_nan.o)
                0x20004cf8                nanf
 .text.sprintf  0x20004d04       0x6c c:/isis/application/toolchain/bin/../lib/gcc/arm-none-eabi/4.7.4/../../../../arm-none-eabi/lib\libc_s.a(lib_a-sprintf.o)
                0x20004d04                siprintf
                0x20004d04                sprintf
 .text.strcmp   0x20004d70       0x1c c:/isis/application/toolchain/bin/../lib/gcc/arm-none-eabi/4.7.4/../../../../arm-none-eabi/lib\libc_s.a(lib_a-strcmp.o)
                0x20004d70                strcmp
 .text.strlen   0x20004d8c       0x1c c:/isis/application/toolchain/bin/../lib/gcc/arm-none-eabi/4.7.4/../../../../arm-none-eabi/lib\libc_s.a(lib_a-strlen.o)
                0x20004d8c                strlen
 .text.match    0x20004da8       0x54 c:/isis/application/toolchain/bin/../lib/gcc/arm-none-eabi/4.7.4/../../../../arm-none-eabi/lib\libc_s.a(lib_a-strtod.o)
 .text._strtod_r
                0x20004dfc     0x1168 c:/isis/application/toolchain/bin/../lib/gcc/arm-none-eabi/4.7.4/../../../../arm-none-eabi/lib\libc_s.a(lib_a-strtod.o)
                0x20004dfc                _strtod_r
 .text._strtol_r
                0x20005f64      0x1b8 c:/isis/application/toolchain/bin/../lib/gcc/arm-none-eabi/4.7.4/../../../../arm-none-eabi/lib\libc_s.a(lib_a-strtol.o)
                0x20005f64                _strtol_r
 .text.__ssputc_r
                0x2000611c      0x10c c:/isis/application/toolchain/bin/../lib/gcc/arm-none-eabi/4.7.4/../../../../arm-none-eabi/lib\libc_s.a(lib_a-svfprintf.o)
                0x2000611c                __ssputc_r
 .text._svfprintf_r
                0x20006228      0x328 c:/isis/application/toolchain/bin/../lib/gcc/arm-none-eabi/4.7.4/../../../../arm-none-eabi/lib\libc_s.a(lib_a-svfprintf.o)
                0x20006228                _svfiprintf_r
                0x20006228                _svfprintf_r
 .text._calloc_r
                0x20006550       0x2c c:/isis/application/toolchain/bin/../lib/gcc/arm-none-eabi/4.7.4/../../../../arm-none-eabi/lib\libc_s.a(lib_a-callocr.o)
                0x20006550                _calloc_r
 .text._free_r  0x2000657c      0x108 c:/isis/application/toolchain/bin/../lib/gcc/arm-none-eabi/4.7.4/../../../../arm-none-eabi/lib\libc_s.a(lib_a-freer.o)
                0x2000657c                _free_r
 .text.rshift   0x20006684       0xb0 c:/isis/application/toolchain/bin/../lib/gcc/arm-none-eabi/4.7.4/../../../../arm-none-eabi/lib\libc_s.a(lib_a-gdtoa-gethex.o)
 .text.htinit.constprop.0
                0x20006734       0x34 c:/isis/application/toolchain/bin/../lib/gcc/arm-none-eabi/4.7.4/../../../../arm-none-eabi/lib\libc_s.a(lib_a-gdtoa-gethex.o)
 .text.__hexdig_init
                0x20006768       0x38 c:/isis/application/toolchain/bin/../lib/gcc/arm-none-eabi/4.7.4/../../../../arm-none-eabi/lib\libc_s.a(lib_a-gdtoa-gethex.o)
                0x20006768                __hexdig_init
 .text.__gethex
                0x200067a0      0x6cc c:/isis/application/toolchain/bin/../lib/gcc/arm-none-eabi/4.7.4/../../../../arm-none-eabi/lib\libc_s.a(lib_a-gdtoa-gethex.o)
                0x200067a0                __gethex
 .text.L_shift  0x20006e6c       0x38 c:/isis/application/toolchain/bin/../lib/gcc/arm-none-eabi/4.7.4/../../../../arm-none-eabi/lib\libc_s.a(lib_a-gdtoa-hexnan.o)
 .text.__hexnan
                0x20006ea4      0x1d8 c:/isis/application/toolchain/bin/../lib/gcc/arm-none-eabi/4.7.4/../../../../arm-none-eabi/lib\libc_s.a(lib_a-gdtoa-hexnan.o)
                0x20006ea4                __hexnan
 .text.memchr   0x2000707c       0x34 c:/isis/application/toolchain/bin/../lib/gcc/arm-none-eabi/4.7.4/../../../../arm-none-eabi/lib\libc_s.a(lib_a-memchr.o)
                0x2000707c                memchr
 .text.memset   0x200070b0       0x1c c:/isis/application/toolchain/bin/../lib/gcc/arm-none-eabi/4.7.4/../../../../arm-none-eabi/lib\libc_s.a(lib_a-memset.o)
                0x200070b0                memset
 .text._realloc_r
                0x200070cc       0x80 c:/isis/application/toolchain/bin/../lib/gcc/arm-none-eabi/4.7.4/../../../../arm-none-eabi/lib\libc_s.a(lib_a-reallocr.o)
                0x200070cc                _realloc_r
 .text.strncmp  0x2000714c       0x64 c:/isis/application/toolchain/bin/../lib/gcc/arm-none-eabi/4.7.4/../../../../arm-none-eabi/lib\libc_s.a(lib_a-strncmp.o)
                0x2000714c                strncmp
 .text._malloc_usable_size_r
                0x200071b0       0x1c c:/isis/application/toolchain/bin/../lib/gcc/arm-none-eabi/4.7.4/../../../../arm-none-eabi/lib\libc_s.a(lib_a-msizer.o)
                0x200071b0                _malloc_usable_size_r
 .text.GetChunkFromImage
                0x200071cc      0x2e0 ./src/sub-systemCode/payload/Request Management/Dump/Butchering.o
                0x200071cc                GetChunkFromImage
 .text.SimpleButcher
                0x200074ac       0xf4 ./src/sub-systemCode/payload/Request Management/Dump/Butchering.o
                0x200074ac                SimpleButcher
 .text.setChunkDimensions_inFRAM
                0x200075a0       0xac ./src/sub-systemCode/payload/Request Management/Dump/imageDump.o
                0x200075a0                setChunkDimensions_inFRAM
 .text.readChunkDimentionsFromFRAM
                0x2000764c       0x80 ./src/sub-systemCode/payload/Request Management/Dump/imageDump.o
                0x2000764c                readChunkDimentionsFromFRAM
 .text.find_subType_ofImage
                0x200076cc       0xe0 ./src/sub-systemCode/payload/Request Management/Dump/imageDump.o
                0x200076cc                find_subType_ofImage
 .text.buildAndSend_chunck
                0x200077ac      0x314 ./src/sub-systemCode/payload/Request Management/Dump/imageDump.o
                0x200077ac                buildAndSend_chunck
 .text.bitField_imageDump
                0x20007ac0      0x28c ./src/sub-systemCode/payload/Request Management/Dump/imageDump.o
                0x20007ac0                bitField_imageDump
 .text.thumbnail_Dump
                0x20007d4c      0x358 ./src/sub-systemCode/payload/Request Management/Dump/imageDump.o
                0x20007d4c                thumbnail_Dump
 .text.imageDataBase_Dump
                0x200080a4      0x130 ./src/sub-systemCode/payload/Request Management/Dump/imageDump.o
                0x200080a4                imageDataBase_Dump
 .text.chunkField_imageDump
                0x200081d4      0x27c ./src/sub-systemCode/payload/Request Management/Dump/imageDump.o
                0x200081d4                chunkField_imageDump
 .text.imageDump_task
                0x20008450      0x3f8 ./src/sub-systemCode/payload/Request Management/Dump/imageDump.o
                0x20008450                imageDump_task
 .text.CameraManagerTaskMain
                0x20008848       0xbc ./src/sub-systemCode/payload/Request Management/CameraManeger.o
                0x20008848                CameraManagerTaskMain
 .text.initCamera
                0x20008904       0xa4 ./src/sub-systemCode/payload/Request Management/CameraManeger.o
                0x20008904                initCamera
 .text.KickStartCamera
                0x200089a8       0xb4 ./src/sub-systemCode/payload/Request Management/CameraManeger.o
                0x200089a8                KickStartCamera
 .text.addRequestToQueue
                0x20008a5c       0xa8 ./src/sub-systemCode/payload/Request Management/CameraManeger.o
                0x20008a5c                addRequestToQueue
 .text.removeRequestFromQueue
                0x20008b04       0x7c ./src/sub-systemCode/payload/Request Management/CameraManeger.o
                0x20008b04                removeRequestFromQueue
 .text.Take_pictures_with_time_in_between
                0x20008b80       0xa4 ./src/sub-systemCode/payload/Request Management/CameraManeger.o
                0x20008b80                Take_pictures_with_time_in_between
 .text.Gecko_TroubleShooter
                0x20008c24       0xdc ./src/sub-systemCode/payload/Request Management/CameraManeger.o
                0x20008c24                Gecko_TroubleShooter
 .text.startDumpTask
                0x20008d00       0x70 ./src/sub-systemCode/payload/Request Management/CameraManeger.o
                0x20008d00                startDumpTask
 .text.act_upon_request
                0x20008d70      0x318 ./src/sub-systemCode/payload/Request Management/CameraManeger.o
                0x20008d70                act_upon_request
 .text.TakePicture
                0x20009088       0x4c ./src/sub-systemCode/payload/Request Management/DB_RequestHandling.o
                0x20009088                TakePicture
 .text.TakeSpecialPicture
                0x200090d4      0x104 ./src/sub-systemCode/payload/Request Management/DB_RequestHandling.o
                0x200090d4                TakeSpecialPicture
 .text.DeletePictureFile
                0x200091d8       0x88 ./src/sub-systemCode/payload/Request Management/DB_RequestHandling.o
                0x200091d8                DeletePictureFile
 .text.DeletePicture
                0x20009260       0x6c ./src/sub-systemCode/payload/Request Management/DB_RequestHandling.o
                0x20009260                DeletePicture
 .text.TransferPicture
                0x200092cc       0x54 ./src/sub-systemCode/payload/Request Management/DB_RequestHandling.o
                0x200092cc                TransferPicture
 .text.CreateThumbnail
                0x20009320       0x80 ./src/sub-systemCode/payload/Request Management/DB_RequestHandling.o
                0x20009320                CreateThumbnail
 .text.CreateJPG
                0x200093a0       0x7c ./src/sub-systemCode/payload/Request Management/DB_RequestHandling.o
                0x200093a0                CreateJPG
 .text.UpdatePhotographyValues
                0x2000941c       0xb4 ./src/sub-systemCode/payload/Request Management/DB_RequestHandling.o
                0x2000941c                UpdatePhotographyValues
 .text.setChunkDimensions
                0x200094d0       0x64 ./src/sub-systemCode/payload/Request Management/DB_RequestHandling.o
                0x200094d0                setChunkDimensions
 .text.convert2char
                0x20009534      0x14c ./src/sub-systemCode/payload/Misc/Boolean_bit.o
                0x20009534                convert2char
 .text.convert2byte
                0x20009680      0x1c8 ./src/sub-systemCode/payload/Misc/Boolean_bit.o
                0x20009680                convert2byte
 .text.bits2byte
                0x20009848      0x17c ./src/sub-systemCode/payload/Misc/Boolean_bit.o
                0x20009848                bits2byte
 .text.byte2bits
                0x200099c4      0x17c ./src/sub-systemCode/payload/Misc/Boolean_bit.o
                0x200099c4                byte2bits
 .text.char2bits
                0x20009b40       0x44 ./src/sub-systemCode/payload/Misc/Boolean_bit.o
                0x20009b40                char2bits
 .text.bits2char
                0x20009b84       0x3c ./src/sub-systemCode/payload/Misc/Boolean_bit.o
                0x20009b84                bits2char
 .text.keepTryingTo_enterFS
                0x20009bc0       0x24 ./src/sub-systemCode/payload/Misc/FileSystem.o
                0x20009bc0                keepTryingTo_enterFS
 .text.releaseFS
                0x20009be4       0x18 ./src/sub-systemCode/payload/Misc/FileSystem.o
                0x20009be4                releaseFS
 .text.OpenFile
                0x20009bfc       0x64 ./src/sub-systemCode/payload/Misc/FileSystem.o
                0x20009bfc                OpenFile
 .text.CloseFile
                0x20009c60       0x4c ./src/sub-systemCode/payload/Misc/FileSystem.o
                0x20009c60                CloseFile
 .text.DeleteFile
                0x20009cac       0x60 ./src/sub-systemCode/payload/Misc/FileSystem.o
                0x20009cac                DeleteFile
 .text.ReadFromFile
                0x20009d0c       0x7c ./src/sub-systemCode/payload/Misc/FileSystem.o
                0x20009d0c                ReadFromFile
 .text.WriteToFile
                0x20009d88       0xb4 ./src/sub-systemCode/payload/Misc/FileSystem.o
                0x20009d88                WriteToFile
 .text.Initialized_GPIO
                0x20009e3c       0x54 ./src/sub-systemCode/payload/Drivers/GeckoCameraDriver.o
                0x20009e3c                Initialized_GPIO
 .text.TurnOnGecko
                0x20009e90      0x134 ./src/sub-systemCode/payload/Drivers/GeckoCameraDriver.o
                0x20009e90                TurnOnGecko
 .text.TurnOffGecko
                0x20009fc4       0xcc ./src/sub-systemCode/payload/Drivers/GeckoCameraDriver.o
                0x20009fc4                TurnOffGecko
 .text.initGecko
                0x2000a090       0x3c ./src/sub-systemCode/payload/Drivers/GeckoCameraDriver.o
                0x2000a090                initGecko
 .text.GECKO_TakeImage
                0x2000a0cc      0x2f4 ./src/sub-systemCode/payload/Drivers/GeckoCameraDriver.o
                0x2000a0cc                GECKO_TakeImage
 .text.GECKO_ReadImage
                0x2000a3c0      0x234 ./src/sub-systemCode/payload/Drivers/GeckoCameraDriver.o
                0x2000a3c0                GECKO_ReadImage
 .text.GECKO_EraseBlock
                0x2000a5f4       0xf0 ./src/sub-systemCode/payload/Drivers/GeckoCameraDriver.o
                0x2000a5f4                GECKO_EraseBlock
 .text.getFileName
                0x2000a6e4      0x1a0 ./src/sub-systemCode/payload/DataBase/DataBase.o
 .text.zeroImageDataBase
                0x2000a884       0x84 ./src/sub-systemCode/payload/DataBase/DataBase.o
                0x2000a884                zeroImageDataBase
 .text.updateGeneralDataBaseParameters
                0x2000a908       0x5c ./src/sub-systemCode/payload/DataBase/DataBase.o
                0x2000a908                updateGeneralDataBaseParameters
 .text.SearchDataBase_byID
                0x2000a964      0x220 ./src/sub-systemCode/payload/DataBase/DataBase.o
                0x2000a964                SearchDataBase_byID
 .text.checkForFileType
                0x2000ab84       0x68 ./src/sub-systemCode/payload/DataBase/DataBase.o
                0x2000ab84                checkForFileType
 .text.updateFileTypes
                0x2000abec       0xbc ./src/sub-systemCode/payload/DataBase/DataBase.o
                0x2000abec                updateFileTypes
 .text.GetImageFactor
                0x2000aca8       0x58 ./src/sub-systemCode/payload/DataBase/DataBase.o
                0x2000aca8                GetImageFactor
 .text.readImageFromBuffer
                0x2000ad00      0x12c ./src/sub-systemCode/payload/DataBase/DataBase.o
                0x2000ad00                readImageFromBuffer
 .text.saveImageToBuffer
                0x2000ae2c      0x12c ./src/sub-systemCode/payload/DataBase/DataBase.o
                0x2000ae2c                saveImageToBuffer
 .text.getLatestID
                0x2000af58       0x48 ./src/sub-systemCode/payload/DataBase/DataBase.o
                0x2000af58                getLatestID
 .text.getDataBaseStart
                0x2000afa0       0x20 ./src/sub-systemCode/payload/DataBase/DataBase.o
                0x2000afa0                getDataBaseStart
 .text.setDataBaseValues
                0x2000afc0      0x1d8 ./src/sub-systemCode/payload/DataBase/DataBase.o
                0x2000afc0                setDataBaseValues
 .text.initImageDataBase
                0x2000b198      0x1b0 ./src/sub-systemCode/payload/DataBase/DataBase.o
                0x2000b198                initImageDataBase
 .text.resetImageDataBase
                0x2000b348       0x98 ./src/sub-systemCode/payload/DataBase/DataBase.o
                0x2000b348                resetImageDataBase
 .text.setCameraPhotographyValues
                0x2000b3e0      0x10c ./src/sub-systemCode/payload/DataBase/DataBase.o
                0x2000b3e0                setCameraPhotographyValues
 .text.transferImageToSD_withoutSearch
                0x2000b4ec      0x15c ./src/sub-systemCode/payload/DataBase/DataBase.o
                0x2000b4ec                transferImageToSD_withoutSearch
 .text.transferImageToSD
                0x2000b648       0xb4 ./src/sub-systemCode/payload/DataBase/DataBase.o
                0x2000b648                transferImageToSD
 .text.DeleteImageFromOBC_withoutSearch
                0x2000b6fc       0xe0 ./src/sub-systemCode/payload/DataBase/DataBase.o
                0x2000b6fc                DeleteImageFromOBC_withoutSearch
 .text.DeleteImageFromOBC
                0x2000b7dc       0xb4 ./src/sub-systemCode/payload/DataBase/DataBase.o
                0x2000b7dc                DeleteImageFromOBC
 .text.DeleteImageFromPayload
                0x2000b890      0x25c ./src/sub-systemCode/payload/DataBase/DataBase.o
                0x2000b890                DeleteImageFromPayload
 .text.clearImageDataBase
                0x2000baec      0x114 ./src/sub-systemCode/payload/DataBase/DataBase.o
                0x2000baec                clearImageDataBase
 .text.writeNewImageMetaDataToFRAM
                0x2000bc00      0x234 ./src/sub-systemCode/payload/DataBase/DataBase.o
                0x2000bc00                writeNewImageMetaDataToFRAM
 .text.takePicture
                0x2000be34      0x334 ./src/sub-systemCode/payload/DataBase/DataBase.o
                0x2000be34                takePicture
 .text.takePicture_withSpecialParameters
                0x2000c168       0xbc ./src/sub-systemCode/payload/DataBase/DataBase.o
                0x2000c168                takePicture_withSpecialParameters
 .text.GetImageFileName
                0x2000c224       0xc0 ./src/sub-systemCode/payload/DataBase/DataBase.o
                0x2000c224                GetImageFileName
 .text.getImageDataBaseBuffer
                0x2000c2e4      0x3fc ./src/sub-systemCode/payload/DataBase/DataBase.o
                0x2000c2e4                getImageDataBaseBuffer
 .text.get_ID_list_withDefaltThumbnail
                0x2000c6e0      0x180 ./src/sub-systemCode/payload/DataBase/DataBase.o
                0x2000c6e0                get_ID_list_withDefaltThumbnail
 .text.TransformRawToBMP
                0x2000c860      0x1a8 ./src/sub-systemCode/payload/Compression/jpeg/bmp/rawToBMP.o
                0x2000c860                TransformRawToBMP
 .text.interpolate
                0x2000ca08      0x8d0 ./src/sub-systemCode/payload/Compression/jpeg/bmp/rawToBMP.o
                0x2000ca08                interpolate
 .text.getInputAt
                0x2000d2d8      0x308 ./src/sub-systemCode/payload/Compression/jpeg/bmp/rawToBMP.o
                0x2000d2d8                getInputAt
 .text.f_writeF_FILEHeader
                0x2000d5e0      0x2f0 ./src/sub-systemCode/payload/Compression/jpeg/bmp/rawToBMP.o
                0x2000d5e0                f_writeF_FILEHeader
 .text.f_writeOutputRow
                0x2000d8d0       0xbc ./src/sub-systemCode/payload/Compression/jpeg/bmp/rawToBMP.o
                0x2000d8d0                f_writeOutputRow
 .text.dct      0x2000d98c      0x9c4 ./src/sub-systemCode/payload/Compression/jpeg/DCT.o
                0x2000d98c                dct
 .text.JPEG_compressor
                0x2000e350      0x104 ./src/sub-systemCode/payload/Compression/jpeg/ImgCompressor.o
                0x2000e350                JPEG_compressor
 .text.Create_BMP_File
                0x2000e454       0xf4 ./src/sub-systemCode/payload/Compression/jpeg/ImgCompressor.o
                0x2000e454                Create_BMP_File
 .text.CompressImage
                0x2000e548      0x1cc ./src/sub-systemCode/payload/Compression/jpeg/ImgCompressor.o
                0x2000e548                CompressImage
 .text.clamp    0x2000e714       0x60 ./src/sub-systemCode/payload/Compression/jpeg/color_conv.o
                0x2000e714                clamp
 .text.RGB_to_YCC
                0x2000e774      0x1a8 ./src/sub-systemCode/payload/Compression/jpeg/color_conv.o
                0x2000e774                RGB_to_YCC
 .text.RGB_to_Y
                0x2000e91c       0xc4 ./src/sub-systemCode/payload/Compression/jpeg/color_conv.o
                0x2000e91c                RGB_to_Y
 .text.Y_to_YCC
                0x2000e9e0       0x88 ./src/sub-systemCode/payload/Compression/jpeg/color_conv.o
                0x2000e9e0                Y_to_YCC
 .text.compress_image_to_jpeg_file
                0x2000ea68      0x18c ./src/sub-systemCode/payload/Compression/jpeg/jpeg.o
                0x2000ea68                compress_image_to_jpeg_file
 .text.emit_marker
                0x2000ebf4       0xc8 ./src/sub-systemCode/payload/Compression/jpeg/jpeg_encoder.o
                0x2000ebf4                emit_marker
 .text.emit_byte
                0x2000ecbc       0x6c ./src/sub-systemCode/payload/Compression/jpeg/jpeg_encoder.o
                0x2000ecbc                emit_byte
 .text.emit_word
                0x2000ed28       0xd0 ./src/sub-systemCode/payload/Compression/jpeg/jpeg_encoder.o
                0x2000ed28                emit_word
 .text.emit_jfif_app0
                0x2000edf8       0xc0 ./src/sub-systemCode/payload/Compression/jpeg/jpeg_encoder.o
                0x2000edf8                emit_jfif_app0
 .text.emit_dqt
                0x2000eeb8       0xd8 ./src/sub-systemCode/payload/Compression/jpeg/jpeg_encoder.o
                0x2000eeb8                emit_dqt
 .text.emit_sof
                0x2000ef90      0x14c ./src/sub-systemCode/payload/Compression/jpeg/jpeg_encoder.o
                0x2000ef90                emit_sof
 .text.emit_dht
                0x2000f0dc      0x138 ./src/sub-systemCode/payload/Compression/jpeg/jpeg_encoder.o
                0x2000f0dc                emit_dht
 .text.emit_dhts
                0x2000f214       0xd8 ./src/sub-systemCode/payload/Compression/jpeg/jpeg_encoder.o
                0x2000f214                emit_dhts
 .text.emit_sos
                0x2000f2ec       0xec ./src/sub-systemCode/payload/Compression/jpeg/jpeg_encoder.o
                0x2000f2ec                emit_sos
 .text.emit_markers
                0x2000f3d8       0x4c ./src/sub-systemCode/payload/Compression/jpeg/jpeg_encoder.o
                0x2000f3d8                emit_markers
 .text.compute_huffman_table
                0x2000f424      0x334 ./src/sub-systemCode/payload/Compression/jpeg/jpeg_encoder.o
                0x2000f424                compute_huffman_table
 .text.compute_quant_table
                0x2000f758      0x11c ./src/sub-systemCode/payload/Compression/jpeg/jpeg_encoder.o
                0x2000f758                compute_quant_table
 .text.first_pass_init
                0x2000f874       0x54 ./src/sub-systemCode/payload/Compression/jpeg/jpeg_encoder.o
                0x2000f874                first_pass_init
 .text.second_pass_init
                0x2000f8c8      0x110 ./src/sub-systemCode/payload/Compression/jpeg/jpeg_encoder.o
                0x2000f8c8                second_pass_init
 .text.jpg_open
                0x2000f9d8      0x7b4 ./src/sub-systemCode/payload/Compression/jpeg/jpeg_encoder.o
                0x2000f9d8                jpg_open
 .text.load_block_8_8_grey
                0x2001018c      0x164 ./src/sub-systemCode/payload/Compression/jpeg/jpeg_encoder.o
                0x2001018c                load_block_8_8_grey
 .text.load_block_8_8
                0x200102f0      0x198 ./src/sub-systemCode/payload/Compression/jpeg/jpeg_encoder.o
                0x200102f0                load_block_8_8
 .text.load_block_16_8
                0x20010488      0x3cc ./src/sub-systemCode/payload/Compression/jpeg/jpeg_encoder.o
                0x20010488                load_block_16_8
 .text.load_block_16_8_8
                0x20010854      0x2a8 ./src/sub-systemCode/payload/Compression/jpeg/jpeg_encoder.o
                0x20010854                load_block_16_8_8
 .text.load_coefficients
                0x20010afc      0x1c8 ./src/sub-systemCode/payload/Compression/jpeg/jpeg_encoder.o
                0x20010afc                load_coefficients
 .text.flush_output_buffer
                0x20010cc4       0xa0 ./src/sub-systemCode/payload/Compression/jpeg/jpeg_encoder.o
                0x20010cc4                flush_output_buffer
 .text.put_bits
                0x20010d64      0x170 ./src/sub-systemCode/payload/Compression/jpeg/jpeg_encoder.o
                0x20010d64                put_bits
 .text.code_coefficients_pass_two
                0x20010ed4      0x338 ./src/sub-systemCode/payload/Compression/jpeg/jpeg_encoder.o
                0x20010ed4                code_coefficients_pass_two
 .text.code_block
                0x2001120c       0x44 ./src/sub-systemCode/payload/Compression/jpeg/jpeg_encoder.o
                0x2001120c                code_block
 .text.process_mcu_row
                0x20011250      0x328 ./src/sub-systemCode/payload/Compression/jpeg/jpeg_encoder.o
                0x20011250                process_mcu_row
 .text.terminate_pass_two
                0x20011578       0x44 ./src/sub-systemCode/payload/Compression/jpeg/jpeg_encoder.o
                0x20011578                terminate_pass_two
 .text.process_end_of_image
                0x200115bc       0xc0 ./src/sub-systemCode/payload/Compression/jpeg/jpeg_encoder.o
                0x200115bc                process_end_of_image
 .text.load_mcu
                0x2001167c      0x29c ./src/sub-systemCode/payload/Compression/jpeg/jpeg_encoder.o
                0x2001167c                load_mcu
 .text.clear    0x20011918      0x1e0 ./src/sub-systemCode/payload/Compression/jpeg/jpeg_encoder.o
                0x20011918                clear
 .text.init     0x20011af8       0xe4 ./src/sub-systemCode/payload/Compression/jpeg/jpeg_encoder.o
                0x20011af8                init
 .text.deinit   0x20011bdc      0x160 ./src/sub-systemCode/payload/Compression/jpeg/jpeg_encoder.o
                0x20011bdc                deinit
 .text.process_scanline
                0x20011d3c       0x6c ./src/sub-systemCode/payload/Compression/jpeg/jpeg_encoder.o
                0x20011d3c                process_scanline
 .text.jpge_malloc
                0x20011da8       0x28 ./src/sub-systemCode/payload/Compression/jpeg/jpeg_memory_alloc.o
                0x20011da8                jpge_malloc
 .text.jpge_cmalloc
                0x20011dd0       0x48 ./src/sub-systemCode/payload/Compression/jpeg/jpeg_memory_alloc.o
                0x20011dd0                jpge_cmalloc
 .text.jpge_free
                0x20011e18       0x24 ./src/sub-systemCode/payload/Compression/jpeg/jpeg_memory_alloc.o
                0x20011e18                jpge_free
 .text.check    0x20011e3c       0x78 ./src/sub-systemCode/payload/Compression/jpeg/jpeg_params.o
                0x20011e3c                check
 .text.open_jpeg_file
                0x20011eb4       0xfc ./src/sub-systemCode/payload/Compression/jpeg/output_stream.o
                0x20011eb4                open_jpeg_file
 .text.close_jpeg_file
                0x20011fb0      0x118 ./src/sub-systemCode/payload/Compression/jpeg/output_stream.o
                0x20011fb0                close_jpeg_file
 .text.put_buf  0x200120c8      0x258 ./src/sub-systemCode/payload/Compression/jpeg/output_stream.o
                0x200120c8                put_buf
 .text.GetBayerPixel
                0x20012320       0xe8 ./src/sub-systemCode/payload/Compression/ImageConversion.o
 .text.BinImage
                0x20012408      0x2c8 ./src/sub-systemCode/payload/Compression/ImageConversion.o
                0x20012408                BinImage
 .text.ImageSkipping
                0x200126d0      0x2ac ./src/sub-systemCode/payload/Compression/ImageConversion.o
                0x200126d0                ImageSkipping
 .text.CreateImageThumbnail_withoutSearch
                0x2001297c      0x14c ./src/sub-systemCode/payload/Compression/ImageConversion.o
                0x2001297c                CreateImageThumbnail_withoutSearch
 .text.CreateImageThumbnail
                0x20012ac8       0x94 ./src/sub-systemCode/payload/Compression/ImageConversion.o
                0x20012ac8                CreateImageThumbnail
 .text.compressImage
                0x20012b5c      0x17c ./src/sub-systemCode/payload/Compression/ImageConversion.o
                0x20012b5c                compressImage
 .text.cmd_mute
                0x20012cd8       0xc4 ./src/sub-systemCode/Main/CMD/COMM_CMD.o
                0x20012cd8                cmd_mute
 .text.cmd_unmute
                0x20012d9c       0x50 ./src/sub-systemCode/Main/CMD/COMM_CMD.o
                0x20012d9c                cmd_unmute
 .text.cmd_active_trans
                0x20012dec       0xc0 ./src/sub-systemCode/Main/CMD/COMM_CMD.o
                0x20012dec                cmd_active_trans
 .text.cmd_shut_trans
                0x20012eac       0x38 ./src/sub-systemCode/Main/CMD/COMM_CMD.o
                0x20012eac                cmd_shut_trans
 .text.cmd_change_trans_rssi
                0x20012ee4      0x100 ./src/sub-systemCode/Main/CMD/COMM_CMD.o
                0x20012ee4                cmd_change_trans_rssi
 .text.cmd_aprs_dump
                0x20012fe4       0x50 ./src/sub-systemCode/Main/CMD/COMM_CMD.o
                0x20012fe4                cmd_aprs_dump
 .text.cmd_stop_dump
                0x20013034       0x38 ./src/sub-systemCode/Main/CMD/COMM_CMD.o
                0x20013034                cmd_stop_dump
 .text.cmd_time_frequency
                0x2001306c       0xc0 ./src/sub-systemCode/Main/CMD/COMM_CMD.o
                0x2001306c                cmd_time_frequency
 .text.cmd_change_def_bit_rate
                0x2001312c      0x158 ./src/sub-systemCode/Main/CMD/COMM_CMD.o
                0x2001312c                cmd_change_def_bit_rate
 .text.cmd_upload_volt_logic
                0x20013284      0x3d0 ./src/sub-systemCode/Main/CMD/EPS_CMD.o
                0x20013284                cmd_upload_volt_logic
 .text.cmd_upload_volt_COMM
                0x20013654      0x1c8 ./src/sub-systemCode/Main/CMD/EPS_CMD.o
                0x20013654                cmd_upload_volt_COMM
 .text.cmd_heater_temp
                0x2001381c       0xc0 ./src/sub-systemCode/Main/CMD/EPS_CMD.o
                0x2001381c                cmd_heater_temp
 .text.cmd_SHUT_CAM
                0x200138dc       0x6c ./src/sub-systemCode/Main/CMD/EPS_CMD.o
                0x200138dc                cmd_SHUT_CAM
 .text.cmd_SHUT_ADCS
                0x20013948       0x6c ./src/sub-systemCode/Main/CMD/EPS_CMD.o
                0x20013948                cmd_SHUT_ADCS
 .text.cmd_allow_CAM
                0x200139b4       0x6c ./src/sub-systemCode/Main/CMD/EPS_CMD.o
                0x200139b4                cmd_allow_CAM
 .text.cmd_allow_ADCS
                0x20013a20       0x6c ./src/sub-systemCode/Main/CMD/EPS_CMD.o
                0x20013a20                cmd_allow_ADCS
 .text.cmd_generic_I2C
                0x20013a8c       0xb4 ./src/sub-systemCode/Main/CMD/General_CMD.o
                0x20013a8c                cmd_generic_I2C
 .text.cmd_dump
                0x20013b40       0xf0 ./src/sub-systemCode/Main/CMD/General_CMD.o
                0x20013b40                cmd_dump
 .text.cmd_delete_TM
                0x20013c30      0x1dc ./src/sub-systemCode/Main/CMD/General_CMD.o
                0x20013c30                cmd_delete_TM
 .text.cmd_reset_file
                0x20013e0c      0x110 ./src/sub-systemCode/Main/CMD/General_CMD.o
                0x20013e0c                cmd_reset_file
 .text.cmd_dummy_func
                0x20013f1c       0x40 ./src/sub-systemCode/Main/CMD/General_CMD.o
                0x20013f1c                cmd_dummy_func
 .text.cmd_soft_reset_cmponent
                0x20013f5c       0xb0 ./src/sub-systemCode/Main/CMD/General_CMD.o
                0x20013f5c                cmd_soft_reset_cmponent
 .text.cmd_hard_reset_cmponent
                0x2001400c       0xb0 ./src/sub-systemCode/Main/CMD/General_CMD.o
                0x2001400c                cmd_hard_reset_cmponent
 .text.cmd_reset_satellite
                0x200140bc       0x78 ./src/sub-systemCode/Main/CMD/General_CMD.o
                0x200140bc                cmd_reset_satellite
 .text.cmd_gracefull_reset_satellite
                0x20014134       0x78 ./src/sub-systemCode/Main/CMD/General_CMD.o
                0x20014134                cmd_gracefull_reset_satellite
 .text.cmd_upload_time
                0x200141ac       0xb0 ./src/sub-systemCode/Main/CMD/General_CMD.o
                0x200141ac                cmd_upload_time
 .text.cmd_ARM_DIARM
                0x2001425c       0xd4 ./src/sub-systemCode/Main/CMD/General_CMD.o
                0x2001425c                cmd_ARM_DIARM
 .text.cmd_get_onlineTM
                0x20014330       0xb8 ./src/sub-systemCode/Main/CMD/General_CMD.o
                0x20014330                cmd_get_onlineTM
 .text.cmd_reset_off_line
                0x200143e8       0x68 ./src/sub-systemCode/Main/CMD/General_CMD.o
                0x200143e8                cmd_reset_off_line
 .text.cmd_add_item_off_line
                0x20014450       0xf0 ./src/sub-systemCode/Main/CMD/General_CMD.o
                0x20014450                cmd_add_item_off_line
 .text.cmd_reset_delayed_command_list
                0x20014540       0x3c ./src/sub-systemCode/Main/CMD/SW_CMD.o
                0x20014540                cmd_reset_delayed_command_list
 .text.cmd_reset_APRS_list
                0x2001457c       0x3c ./src/sub-systemCode/Main/CMD/SW_CMD.o
                0x2001457c                cmd_reset_APRS_list
 .text.cmd_reset_FRAM
                0x200145b8       0xe8 ./src/sub-systemCode/Main/CMD/SW_CMD.o
                0x200145b8                cmd_reset_FRAM
 .text.ARM_ants
                0x200146a0       0xb8 ./src/sub-systemCode/Main/Ants.o
                0x200146a0                ARM_ants
 .text.DISARM_ants
                0x20014758       0xb8 ./src/sub-systemCode/Main/Ants.o
                0x20014758                DISARM_ants
 .text.round_vol
                0x20014810      0x124 ./src/sub-systemCode/Main/EPS.o
                0x20014810                round_vol
 .text.get_shut_ADCS
                0x20014934       0x48 ./src/sub-systemCode/Main/EPS.o
                0x20014934                get_shut_ADCS
 .text.shut_ADCS
                0x2001497c       0x44 ./src/sub-systemCode/Main/EPS.o
                0x2001497c                shut_ADCS
 .text.get_shut_CAM
                0x200149c0       0x48 ./src/sub-systemCode/Main/EPS.o
                0x200149c0                get_shut_CAM
 .text.shut_CAM
                0x20014a08       0x44 ./src/sub-systemCode/Main/EPS.o
                0x20014a08                shut_CAM
 .text.update_powerLines
                0x20014a4c       0xec ./src/sub-systemCode/Main/EPS.o
                0x20014a4c                update_powerLines
 .text.init_enterMode
                0x20014b38       0x88 ./src/sub-systemCode/Main/EPS.o
                0x20014b38                init_enterMode
 .text.EPS_Init
                0x20014bc0      0x1c8 ./src/sub-systemCode/Main/EPS.o
                0x20014bc0                EPS_Init
 .text.reset_FRAM_EPS
                0x20014d88       0xa4 ./src/sub-systemCode/Main/EPS.o
                0x20014d88                reset_FRAM_EPS
 .text.reset_EPS_voltages
                0x20014e2c       0xbc ./src/sub-systemCode/Main/EPS.o
                0x20014e2c                reset_EPS_voltages
 .text.EPS_Conditioning
                0x20014ee8      0x158 ./src/sub-systemCode/Main/EPS.o
                0x20014ee8                EPS_Conditioning
 .text.overRide_ADCS
                0x20015040       0x50 ./src/sub-systemCode/Main/EPS.o
                0x20015040                overRide_ADCS
 .text.overRide_Camera
                0x20015090       0x38 ./src/sub-systemCode/Main/EPS.o
                0x20015090                overRide_Camera
 .text.EnterFullMode
                0x200150c8       0xfc ./src/sub-systemCode/Main/EPS.o
                0x200150c8                EnterFullMode
 .text.EnterCruiseMode
                0x200151c4       0xec ./src/sub-systemCode/Main/EPS.o
                0x200151c4                EnterCruiseMode
 .text.EnterSafeMode
                0x200152b0       0xec ./src/sub-systemCode/Main/EPS.o
                0x200152b0                EnterSafeMode
 .text.EnterCriticalMode
                0x2001539c       0xd8 ./src/sub-systemCode/Main/EPS.o
                0x2001539c                EnterCriticalMode
 .text.find_fileName
                0x20015474      0x5e4 ./src/sub-systemCode/Main/HouseKeeping.o
                0x20015474                find_fileName
 .text.size_of_element
                0x20015a58      0x108 ./src/sub-systemCode/Main/HouseKeeping.o
                0x20015a58                size_of_element
 .text.save_ACK
                0x20015b60       0xc0 ./src/sub-systemCode/Main/HouseKeeping.o
                0x20015b60                save_ACK
 .text.set_GP_EPS
                0x20015c20      0x10c ./src/sub-systemCode/Main/HouseKeeping.o
                0x20015c20                set_GP_EPS
 .text.set_GP_COMM
                0x20015d2c       0x88 ./src/sub-systemCode/Main/HouseKeeping.o
                0x20015d2c                set_GP_COMM
 .text.SP_HK_collect
                0x20015db4      0x17c ./src/sub-systemCode/Main/HouseKeeping.o
                0x20015db4                SP_HK_collect
 .text.EPS_HK_collect
                0x20015f30      0x4d8 ./src/sub-systemCode/Main/HouseKeeping.o
                0x20015f30                EPS_HK_collect
 .text.CAM_HK_collect
                0x20016408      0x91c ./src/sub-systemCode/Main/HouseKeeping.o
                0x20016408                CAM_HK_collect
 .text.COMM_HK_collect
                0x20016d24      0x154 ./src/sub-systemCode/Main/HouseKeeping.o
                0x20016d24                COMM_HK_collect
 .text.COMM_create_file
                0x20016e78       0x74 ./src/sub-systemCode/Main/HouseKeeping.o
                0x20016e78                COMM_create_file
 .text.ACK_create_file
                0x20016eec       0x74 ./src/sub-systemCode/Main/HouseKeeping.o
                0x20016eec                ACK_create_file
 .text.EPS_create_file
                0x20016f60       0x74 ./src/sub-systemCode/Main/HouseKeeping.o
                0x20016f60                EPS_create_file
 .text.CAM_create_file
                0x20016fd4       0x54 ./src/sub-systemCode/Main/HouseKeeping.o
                0x20016fd4                CAM_create_file
 .text.SP_create_file
                0x20017028       0x54 ./src/sub-systemCode/Main/HouseKeeping.o
                0x20017028                SP_create_file
 .text.create_files
                0x2001707c       0x48 ./src/sub-systemCode/Main/HouseKeeping.o
                0x2001707c                create_files
 .text.save_SP_HK
                0x200170c4       0x70 ./src/sub-systemCode/Main/HouseKeeping.o
                0x200170c4                save_SP_HK
 .text.save_EPS_HK
                0x20017134       0x70 ./src/sub-systemCode/Main/HouseKeeping.o
                0x20017134                save_EPS_HK
 .text.save_CAM_HK
                0x200171a4       0x84 ./src/sub-systemCode/Main/HouseKeeping.o
                0x200171a4                save_CAM_HK
 .text.save_COMM_HK
                0x20017228       0x70 ./src/sub-systemCode/Main/HouseKeeping.o
                0x20017228                save_COMM_HK
 .text.EPS_HK_raw_BigEnE
                0x20017298      0x194 ./src/sub-systemCode/Main/HouseKeeping.o
                0x20017298                EPS_HK_raw_BigEnE
 .text.CAM_HK_raw_BigEnE
                0x2001742c      0x194 ./src/sub-systemCode/Main/HouseKeeping.o
                0x2001742c                CAM_HK_raw_BigEnE
 .text.COMM_HK_raw_BigEnE
                0x200175c0      0x194 ./src/sub-systemCode/Main/HouseKeeping.o
                0x200175c0                COMM_HK_raw_BigEnE
 .text.ADCS_HK_raw_BigEnE
                0x20017754      0x194 ./src/sub-systemCode/Main/HouseKeeping.o
                0x20017754                ADCS_HK_raw_BigEnE
 .text.ADCS_SC_raw_BigEnE
                0x200178e8      0x188 ./src/sub-systemCode/Main/HouseKeeping.o
                0x200178e8                ADCS_SC_raw_BigEnE
 .text.build_HK_spl_packet
                0x20017a70      0xa2c ./src/sub-systemCode/Main/HouseKeeping.o
                0x20017a70                build_HK_spl_packet
 .text.HouseKeeping_highRate_Task
                0x2001849c       0x78 ./src/sub-systemCode/Main/HouseKeeping.o
                0x2001849c                HouseKeeping_highRate_Task
 .text.HouseKeeping_lowRate_Task
                0x20018514       0x74 ./src/sub-systemCode/Main/HouseKeeping.o
                0x20018514                HouseKeeping_lowRate_Task
 .text.reset_FIRST_activation
                0x20018588       0x34 ./src/sub-systemCode/Main/Main_Init.o
                0x20018588                reset_FIRST_activation
 .text.test_menu
                0x200185bc       0xb4 ./src/sub-systemCode/Main/Main_Init.o
                0x200185bc                test_menu
 .text.printImage
                0x20018670      0x158 ./src/sub-systemCode/Main/Main_Init.o
 .text.numberOfRestarts
                0x200187c8       0x94 ./src/sub-systemCode/Main/Main_Init.o
                0x200187c8                numberOfRestarts
 .text.StartFRAM
                0x2001885c       0x38 ./src/sub-systemCode/Main/Main_Init.o
                0x2001885c                StartFRAM
 .text.StartI2C
                0x20018894       0x44 ./src/sub-systemCode/Main/Main_Init.o
                0x20018894                StartI2C
 .text.StartSPI
                0x200188d8       0x40 ./src/sub-systemCode/Main/Main_Init.o
                0x200188d8                StartSPI
 .text.StartTIME
                0x20018918      0x118 ./src/sub-systemCode/Main/Main_Init.o
                0x20018918                StartTIME
 .text.first_activation
                0x20018a30       0x78 ./src/sub-systemCode/Main/Main_Init.o
                0x20018a30                first_activation
 .text.pre_written_test
                0x20018aa8       0xb4 ./src/sub-systemCode/Main/Main_Init.o
                0x20018aa8                pre_written_test
 .text.InitSubsystems
                0x20018b5c       0xfc ./src/sub-systemCode/Main/Main_Init.o
                0x20018b5c                InitSubsystems
 .text.SubSystemTaskStart
                0x20018c58       0xec ./src/sub-systemCode/Main/Main_Init.o
                0x20018c58                SubSystemTaskStart
 .text.copy_command
                0x20018d44       0x80 ./src/sub-systemCode/Main/commands.o
                0x20018d44                copy_command
 .text.reset_command
                0x20018dc4       0x28 ./src/sub-systemCode/Main/commands.o
                0x20018dc4                reset_command
 .text.init_command
                0x20018dec       0xd4 ./src/sub-systemCode/Main/commands.o
                0x20018dec                init_command
 .text.add_command
                0x20018ec0      0x138 ./src/sub-systemCode/Main/commands.o
                0x20018ec0                add_command
 .text.get_command
                0x20018ff8      0x1cc ./src/sub-systemCode/Main/commands.o
                0x20018ff8                get_command
 .text.act_upon_command
                0x200191c4      0x240 ./src/sub-systemCode/Main/commands.o
                0x200191c4                act_upon_command
 .text.cmd_error
                0x20019404       0x38 ./src/sub-systemCode/Main/commands.o
                0x20019404                cmd_error
 .text.AUC_COMM
                0x2001943c      0x25c ./src/sub-systemCode/Main/commands.o
                0x2001943c                AUC_COMM
 .text.AUC_general
                0x20019698      0x17c ./src/sub-systemCode/Main/commands.o
                0x20019698                AUC_general
 .text.AUC_payload
                0x20019814      0x214 ./src/sub-systemCode/Main/commands.o
                0x20019814                AUC_payload
 .text.AUC_EPS  0x20019a28      0x248 ./src/sub-systemCode/Main/commands.o
                0x20019a28                AUC_EPS
 .text.AUC_ADCS
                0x20019c70       0x5c ./src/sub-systemCode/Main/commands.o
                0x20019c70                AUC_ADCS
 .text.AUC_GS   0x20019ccc      0x1fc ./src/sub-systemCode/Main/commands.o
                0x20019ccc                AUC_GS
 .text.AUC_SW   0x20019ec8       0xe4 ./src/sub-systemCode/Main/commands.o
                0x20019ec8                AUC_SW
 .text.AUC_onlineTM
                0x20019fac      0x16c ./src/sub-systemCode/Main/commands.o
                0x20019fac                AUC_onlineTM
 .text.AUC_special_operation
                0x2001a118       0x8c ./src/sub-systemCode/Main/commands.o
                0x2001a118                AUC_special_operation
 .text.check_int
                0x2001a1a4       0x3c ./src/sub-systemCode/Global/Global.o
                0x2001a1a4                check_int
 .text.check_portBASE_TYPE
                0x2001a1e0       0x3c ./src/sub-systemCode/Global/Global.o
                0x2001a1e0                check_portBASE_TYPE
 .text.soft_reset_subsystem
                0x2001a21c       0xd8 ./src/sub-systemCode/Global/Global.o
                0x2001a21c                soft_reset_subsystem
 .text.hard_reset_subsystem
                0x2001a2f4       0xfc ./src/sub-systemCode/Global/Global.o
                0x2001a2f4                hard_reset_subsystem
 .text.BigEnE_raw_to_uInt
                0x2001a3f0       0x94 ./src/sub-systemCode/Global/Global.o
                0x2001a3f0                BigEnE_raw_to_uInt
 .text.BigEnE_raw_to_uShort
                0x2001a484       0x50 ./src/sub-systemCode/Global/Global.o
                0x2001a484                BigEnE_raw_to_uShort
 .text.BigEnE_uInt_to_raw
                0x2001a4d4       0x78 ./src/sub-systemCode/Global/Global.o
                0x2001a4d4                BigEnE_uInt_to_raw
 .text.reset_FRAM_MAIN
                0x2001a54c      0x19c ./src/sub-systemCode/Global/Global.o
                0x2001a54c                reset_FRAM_MAIN
 .text.getBitValueByIndex
                0x2001a6e8       0xd0 ./src/sub-systemCode/Global/Global.o
                0x2001a6e8                getBitValueByIndex
 .text.init_GP  0x2001a7b8      0x300 ./src/sub-systemCode/Global/GlobalParam.o
                0x2001a7b8                init_GP
 .text.get_system_state
                0x2001aab8      0x268 ./src/sub-systemCode/Global/GlobalParam.o
                0x2001aab8                get_system_state
 .text.set_system_state
                0x2001ad20      0x298 ./src/sub-systemCode/Global/GlobalParam.o
                0x2001ad20                set_system_state
 .text.get_current_global_param
                0x2001afb8      0x5c8 ./src/sub-systemCode/Global/GlobalParam.o
                0x2001afb8                get_current_global_param
 .text.set_Vbatt
                0x2001b580       0x8c ./src/sub-systemCode/Global/GlobalParam.o
                0x2001b580                set_Vbatt
 .text.get_Vbatt
                0x2001b60c       0x8c ./src/sub-systemCode/Global/GlobalParam.o
                0x2001b60c                get_Vbatt
 .text.set_curBat
                0x2001b698       0x8c ./src/sub-systemCode/Global/GlobalParam.o
                0x2001b698                set_curBat
 .text.set_cur3V3
                0x2001b724       0x8c ./src/sub-systemCode/Global/GlobalParam.o
                0x2001b724                set_cur3V3
 .text.set_cur5V
                0x2001b7b0       0x8c ./src/sub-systemCode/Global/GlobalParam.o
                0x2001b7b0                set_cur5V
 .text.set_tempComm_LO
                0x2001b83c       0x8c ./src/sub-systemCode/Global/GlobalParam.o
                0x2001b83c                set_tempComm_LO
 .text.set_tempComm_PA
                0x2001b8c8       0x8c ./src/sub-systemCode/Global/GlobalParam.o
                0x2001b8c8                set_tempComm_PA
 .text.set_tempEPS
                0x2001b954       0xc8 ./src/sub-systemCode/Global/GlobalParam.o
                0x2001b954                set_tempEPS
 .text.set_tempBatt
                0x2001ba1c       0xc8 ./src/sub-systemCode/Global/GlobalParam.o
                0x2001ba1c                set_tempBatt
 .text.set_RxDoppler
                0x2001bae4       0x8c ./src/sub-systemCode/Global/GlobalParam.o
                0x2001bae4                set_RxDoppler
 .text.set_RxRSSI
                0x2001bb70       0x8c ./src/sub-systemCode/Global/GlobalParam.o
                0x2001bb70                set_RxRSSI
 .text.set_TxRefl
                0x2001bbfc       0x8c ./src/sub-systemCode/Global/GlobalParam.o
                0x2001bbfc                set_TxRefl
 .text.set_TxForw
                0x2001bc88       0x8c ./src/sub-systemCode/Global/GlobalParam.o
                0x2001bc88                set_TxForw
 .text.get_ST   0x2001bd14       0x8c ./src/sub-systemCode/Global/GlobalParam.o
                0x2001bd14                get_ST
 .text.get_Attitude
                0x2001bda0      0x128 ./src/sub-systemCode/Global/GlobalParam.o
                0x2001bda0                get_Attitude
 .text.set_numOfAPRS
                0x2001bec8       0x8c ./src/sub-systemCode/Global/GlobalParam.o
                0x2001bec8                set_numOfAPRS
 .text.set_numOfResets
                0x2001bf54       0xac ./src/sub-systemCode/Global/GlobalParam.o
                0x2001bf54                set_numOfResets
 .text.set_ground_conn
                0x2001c000       0xa0 ./src/sub-systemCode/Global/GlobalParam.o
                0x2001c000                set_ground_conn
 .text.get_ground_conn
                0x2001c0a0       0xa0 ./src/sub-systemCode/Global/GlobalParam.o
                0x2001c0a0                get_ground_conn
 .text.IsisAntS_getStatusData_sideA
                0x2001c140       0x3c ./src/sub-systemCode/Global/OnlineTM.o
                0x2001c140                IsisAntS_getStatusData_sideA
 .text.IsisAntS_getAlltelemetry_sideA
                0x2001c17c       0x3c ./src/sub-systemCode/Global/OnlineTM.o
                0x2001c17c                IsisAntS_getAlltelemetry_sideA
 .text.IsisAntS_getTemperature_sideA
                0x2001c1b8       0x3c ./src/sub-systemCode/Global/OnlineTM.o
                0x2001c1b8                IsisAntS_getTemperature_sideA
 .text.IsisAntS_getStatusData_sideB
                0x2001c1f4       0x3c ./src/sub-systemCode/Global/OnlineTM.o
                0x2001c1f4                IsisAntS_getStatusData_sideB
 .text.IsisAntS_getAlltelemetry_sideB
                0x2001c230       0x3c ./src/sub-systemCode/Global/OnlineTM.o
                0x2001c230                IsisAntS_getAlltelemetry_sideB
 .text.IsisAntS_getTemperature_sideB
                0x2001c26c       0x3c ./src/sub-systemCode/Global/OnlineTM.o
                0x2001c26c                IsisAntS_getTemperature_sideB
 .text.get_item_by_index
                0x2001c2a8       0xd8 ./src/sub-systemCode/Global/OnlineTM.o
                0x2001c2a8                get_item_by_index
 .text.init_onlineParam
                0x2001c380      0xc80 ./src/sub-systemCode/Global/OnlineTM.o
                0x2001c380                init_onlineParam
 .text.reset_offline_TM_list
                0x2001d000       0x50 ./src/sub-systemCode/Global/OnlineTM.o
                0x2001d000                reset_offline_TM_list
 .text.get_online_packet
                0x2001d050      0x254 ./src/sub-systemCode/Global/OnlineTM.o
                0x2001d050                get_online_packet
 .text.add_onlineTM_param_to_save_list
                0x2001d2a4      0x214 ./src/sub-systemCode/Global/OnlineTM.o
                0x2001d2a4                add_onlineTM_param_to_save_list
 .text.delete_allTMFilesFromSD
                0x2001d4b8       0xf8 ./src/sub-systemCode/Global/TLM_management.o
                0x2001d4b8                delete_allTMFilesFromSD
 .text.getNumOfFilesInFS
                0x2001d5b0       0x44 ./src/sub-systemCode/Global/TLM_management.o
 .text.setNumOfFilesInFS
                0x2001d5f4       0x50 ./src/sub-systemCode/Global/TLM_management.o
 .text.f_managed_enterFS
                0x2001d644       0x24 ./src/sub-systemCode/Global/TLM_management.o
                0x2001d644                f_managed_enterFS
 .text.f_managed_releaseFS
                0x2001d668       0x18 ./src/sub-systemCode/Global/TLM_management.o
                0x2001d668                f_managed_releaseFS
 .text.f_managed_open
                0x2001d680       0x3c ./src/sub-systemCode/Global/TLM_management.o
                0x2001d680                f_managed_open
 .text.f_managed_close
                0x2001d6bc       0x2c ./src/sub-systemCode/Global/TLM_management.o
                0x2001d6bc                f_managed_close
 .text.InitializeFS
                0x2001d6e8      0x188 ./src/sub-systemCode/Global/TLM_management.o
                0x2001d6e8                InitializeFS
 .text.c_fileCreate
                0x2001d870       0xf4 ./src/sub-systemCode/Global/TLM_management.o
                0x2001d870                c_fileCreate
 .text.writewithEpochtime
                0x2001d964       0x9c ./src/sub-systemCode/Global/TLM_management.o
 .text.get_C_FILE_struct
                0x2001da00      0x104 ./src/sub-systemCode/Global/TLM_management.o
 .text.getFileIndex
                0x2001db04       0x4c ./src/sub-systemCode/Global/TLM_management.o
 .text.get_file_name_by_index
                0x2001db50       0x54 ./src/sub-systemCode/Global/TLM_management.o
                0x2001db50                get_file_name_by_index
 .text.c_fileReset
                0x2001dba4       0xbc ./src/sub-systemCode/Global/TLM_management.o
                0x2001dba4                c_fileReset
 .text.c_fileWrite
                0x2001dc60      0x138 ./src/sub-systemCode/Global/TLM_management.o
                0x2001dc60                c_fileWrite
 .text.c_fileRead
                0x2001dd98      0x2bc ./src/sub-systemCode/Global/TLM_management.o
                0x2001dd98                c_fileRead
 .text.WriteLog
                0x2001e054       0x94 ./src/sub-systemCode/Global/logger.o
                0x2001e054                WriteLog
 .text.WritePayloadLog
                0x2001e0e8       0x54 ./src/sub-systemCode/Global/logger.o
                0x2001e0e8                WritePayloadLog
 .text.reset_APRS_list
                0x2001e13c       0xa4 ./src/sub-systemCode/COMM/APRS.o
                0x2001e13c                reset_APRS_list
 .text.send_APRS_Dump
                0x2001e1e0      0x1c0 ./src/sub-systemCode/COMM/APRS.o
                0x2001e1e0                send_APRS_Dump
 .text.check_APRS
                0x2001e3a0      0x1a4 ./src/sub-systemCode/COMM/APRS.o
                0x2001e3a0                check_APRS
 .text.get_APRS_list
                0x2001e544       0x88 ./src/sub-systemCode/COMM/APRS.o
                0x2001e544                get_APRS_list
 .text.find_CMD_in_list
                0x2001e5cc       0x7c ./src/sub-systemCode/COMM/DelayedCommand_list.o
                0x2001e5cc                find_CMD_in_list
 .text.find_empty_in_list
                0x2001e648       0x74 ./src/sub-systemCode/COMM/DelayedCommand_list.o
                0x2001e648                find_empty_in_list
 .text.check_delayCommandTime
                0x2001e6bc       0x8c ./src/sub-systemCode/COMM/DelayedCommand_list.o
                0x2001e6bc                check_delayCommandTime
 .text.execute_delayedCommand
                0x2001e748       0x64 ./src/sub-systemCode/COMM/DelayedCommand_list.o
                0x2001e748                execute_delayedCommand
 .text.check_delaycommand
                0x2001e7ac      0x170 ./src/sub-systemCode/COMM/DelayedCommand_list.o
                0x2001e7ac                check_delaycommand
 .text.reset_delayCommand
                0x2001e91c       0x8c ./src/sub-systemCode/COMM/DelayedCommand_list.o
                0x2001e91c                reset_delayCommand
 .text.add_delayCommand
                0x2001e9a8      0x1a4 ./src/sub-systemCode/COMM/DelayedCommand_list.o
                0x2001e9a8                add_delayCommand
 .text.get_delayCommand_list
                0x2001eb4c       0x80 ./src/sub-systemCode/COMM/DelayedCommand_list.o
                0x2001eb4c                get_delayCommand_list
 .text.EmptyOldestCommand
                0x2001ebcc       0xfc ./src/sub-systemCode/COMM/DelayedCommand_list.o
                0x2001ebcc                EmptyOldestCommand
 .text.decode_TCpacket
                0x2001ecc8      0x16c ./src/sub-systemCode/COMM/GSC.o
                0x2001ecc8                decode_TCpacket
 .text.encode_TCpacket
                0x2001ee34      0x114 ./src/sub-systemCode/COMM/GSC.o
                0x2001ee34                encode_TCpacket
 .text.encode_TMpacket
                0x2001ef48      0x104 ./src/sub-systemCode/COMM/GSC.o
                0x2001ef48                encode_TMpacket
 .text.build_raw_ACK
                0x2001f04c       0xbc ./src/sub-systemCode/COMM/GSC.o
                0x2001f04c                build_raw_ACK
 .text.build_data_field_ACK
                0x2001f108       0x74 ./src/sub-systemCode/COMM/GSC.o
                0x2001f108                build_data_field_ACK
 .text.toggle_idle_state
                0x2001f17c       0x64 ./src/sub-systemCode/COMM/TRXVU.o
                0x2001f17c                toggle_idle_state
 .text.TRXVU_init_hardWare
                0x2001f1e0       0x98 ./src/sub-systemCode/COMM/TRXVU.o
                0x2001f1e0                TRXVU_init_hardWare
 .text.TRXVU_init_softWare
                0x2001f278      0x1a4 ./src/sub-systemCode/COMM/TRXVU.o
                0x2001f278                TRXVU_init_softWare
 .text.init_trxvu
                0x2001f41c       0x14 ./src/sub-systemCode/COMM/TRXVU.o
                0x2001f41c                init_trxvu
 .text.TRXVU_task
                0x2001f430       0x9c ./src/sub-systemCode/COMM/TRXVU.o
                0x2001f430                TRXVU_task
 .text.dump_logic
                0x2001f4cc      0x324 ./src/sub-systemCode/COMM/TRXVU.o
                0x2001f4cc                dump_logic
 .text.Dump_task
                0x2001f7f0      0x16c ./src/sub-systemCode/COMM/TRXVU.o
                0x2001f7f0                Dump_task
 .text.transponder_logic
                0x2001f95c       0xbc ./src/sub-systemCode/COMM/TRXVU.o
                0x2001f95c                transponder_logic
 .text.Transponder_task
                0x2001fa18      0x1f4 ./src/sub-systemCode/COMM/TRXVU.o
                0x2001fa18                Transponder_task
 .text.lookForRequestToDelete_transponder
                0x2001fc0c       0xac ./src/sub-systemCode/COMM/TRXVU.o
                0x2001fc0c                lookForRequestToDelete_transponder
 .text.lookForRequestToDelete_dump
                0x2001fcb8       0x7c ./src/sub-systemCode/COMM/TRXVU.o
                0x2001fcb8                lookForRequestToDelete_dump
 .text.sendRequestToStop_dump
                0x2001fd34       0x8c ./src/sub-systemCode/COMM/TRXVU.o
                0x2001fd34                sendRequestToStop_dump
 .text.sendRequestToStop_transponder
                0x2001fdc0       0x98 ./src/sub-systemCode/COMM/TRXVU.o
                0x2001fdc0                sendRequestToStop_transponder
 .text.Rx_logic
                0x2001fe58      0x184 ./src/sub-systemCode/COMM/TRXVU.o
                0x2001fe58                Rx_logic
 .text.pass_above_Ground
                0x2001ffdc      0x104 ./src/sub-systemCode/COMM/TRXVU.o
                0x2001ffdc                pass_above_Ground
 .text.trxvu_logic
                0x200200e0       0x1c ./src/sub-systemCode/COMM/TRXVU.o
                0x200200e0                trxvu_logic
 .text.Beacon_task
                0x200200fc      0x170 ./src/sub-systemCode/COMM/TRXVU.o
                0x200200fc                Beacon_task
 .text.buildAndSend_beacon
                0x2002026c      0x604 ./src/sub-systemCode/COMM/TRXVU.o
                0x2002026c                buildAndSend_beacon
 .text.reset_FRAM_TRXVU
                0x20020870      0x160 ./src/sub-systemCode/COMM/TRXVU.o
                0x20020870                reset_FRAM_TRXVU
 .text.TRX_sendFrame
                0x200209d0      0x1c0 ./src/sub-systemCode/COMM/TRXVU.o
                0x200209d0                TRX_sendFrame
 .text.TRX_getFrameData
                0x20020b90      0x128 ./src/sub-systemCode/COMM/TRXVU.o
                0x20020b90                TRX_getFrameData
 .text.mute_Tx  0x20020cb8       0x20 ./src/sub-systemCode/COMM/TRXVU.o
                0x20020cb8                mute_Tx
 .text.unmute_Tx
                0x20020cd8       0x60 ./src/sub-systemCode/COMM/TRXVU.o
                0x20020cd8                unmute_Tx
 .text.check_time_off_mute
                0x20020d38       0x88 ./src/sub-systemCode/COMM/TRXVU.o
                0x20020d38                check_time_off_mute
 .text.set_mute_time
                0x20020dc0       0xb4 ./src/sub-systemCode/COMM/TRXVU.o
                0x20020dc0                set_mute_time
 .text.change_TRXVU_state
                0x20020e74       0xd0 ./src/sub-systemCode/COMM/TRXVU.o
                0x20020e74                change_TRXVU_state
 .text.change_trans_RSSI
                0x20020f44       0x60 ./src/sub-systemCode/COMM/TRXVU.o
                0x20020f44                change_trans_RSSI
 .text.init_adcs
                0x20020fa4      0x104 ./src/sub-systemCode/ADCS/ADCS.o
                0x20020fa4                init_adcs
 .text.telemtryStart
                0x200210a8      0x16c ./src/sub-systemCode/ADCS/Stage_Table.o
                0x200210a8                telemtryStart
 .text.powerStart
                0x20021214       0x5c ./src/sub-systemCode/ADCS/Stage_Table.o
                0x20021214                powerStart
 .text.createTable
                0x20021270       0xb4 ./src/sub-systemCode/ADCS/Stage_Table.o
                0x20021270                createTable
 .text.buildControlMode
                0x20021324       0x60 ./src/sub-systemCode/ADCS/Stage_Table.o
                0x20021324                buildControlMode
 .text.Check_Table
                0x20021384      0x178 ./src/sub-systemCode/ADCS/Stage_Table.o
                0x20021384                Check_Table
 .text.updateTable
                0x200214fc      0x1f0 ./src/sub-systemCode/ADCS/Stage_Table.o
                0x200214fc                updateTable
 .text.translateCommandFULL
                0x200216ec       0x78 ./src/sub-systemCode/ADCS/Stage_Table.o
                0x200216ec                translateCommandFULL
 .text.getTableTo
                0x20021764       0x64 ./src/sub-systemCode/ADCS/Stage_Table.o
                0x20021764                getTableTo
 .text.save_time
                0x200217c8       0x9c ./src/main.o
                0x200217c8                save_time
 .text.Command_logic
                0x20021864       0x6c ./src/main.o
                0x20021864                Command_logic
 .text.taskMain
                0x200218d0       0x74 ./src/main.o
                0x200218d0                taskMain
 .text.main     0x20021944       0xbc ./src/main.o
                0x20021944                main
 .text.GomEpsInitialize
                0x20021a00      0x148 C:/ISIS/workspace/HOOPOE3/satellite-subsystems/demo/..//satellite-subsystems/lib\libSatelliteSubsystemsD.a(GomEPS.o)
                0x20021a00                GomEpsInitialize
 .text.makeEPStransfer
                0x20021b48       0x3c C:/ISIS/workspace/HOOPOE3/satellite-subsystems/demo/..//satellite-subsystems/lib\libSatelliteSubsystemsD.a(GomEPS.o)
 .text.GomEpsPing
                0x20021b84       0xf8 C:/ISIS/workspace/HOOPOE3/satellite-subsystems/demo/..//satellite-subsystems/lib\libSatelliteSubsystemsD.a(GomEPS.o)
                0x20021b84                GomEpsPing
 .text.GomEpsSoftReset
                0x20021c7c       0xc4 C:/ISIS/workspace/HOOPOE3/satellite-subsystems/demo/..//satellite-subsystems/lib\libSatelliteSubsystemsD.a(GomEPS.o)
                0x20021c7c                GomEpsSoftReset
 .text.GomEpsHardReset
                0x20021d40       0xa8 C:/ISIS/workspace/HOOPOE3/satellite-subsystems/demo/..//satellite-subsystems/lib\libSatelliteSubsystemsD.a(GomEPS.o)
                0x20021d40                GomEpsHardReset
 .text.GomEpsGetHkData_param
                0x20021de8      0x29c C:/ISIS/workspace/HOOPOE3/satellite-subsystems/demo/..//satellite-subsystems/lib\libSatelliteSubsystemsD.a(GomEPS.o)
                0x20021de8                GomEpsGetHkData_param
 .text.GomEpsGetHkData_general
                0x20022084      0x45c C:/ISIS/workspace/HOOPOE3/satellite-subsystems/demo/..//satellite-subsystems/lib\libSatelliteSubsystemsD.a(GomEPS.o)
                0x20022084                GomEpsGetHkData_general
 .text.GomEpsGetHkData_vi
                0x200224e0      0x188 C:/ISIS/workspace/HOOPOE3/satellite-subsystems/demo/..//satellite-subsystems/lib\libSatelliteSubsystemsD.a(GomEPS.o)
                0x200224e0                GomEpsGetHkData_vi
 .text.GomEpsGetHkData_out
                0x20022668      0x21c C:/ISIS/workspace/HOOPOE3/satellite-subsystems/demo/..//satellite-subsystems/lib\libSatelliteSubsystemsD.a(GomEPS.o)
                0x20022668                GomEpsGetHkData_out
 .text.GomEpsGetHkData_wdt
                0x20022884      0x2b4 C:/ISIS/workspace/HOOPOE3/satellite-subsystems/demo/..//satellite-subsystems/lib\libSatelliteSubsystemsD.a(GomEPS.o)
                0x20022884                GomEpsGetHkData_wdt
 .text.GomEpsGetHkData_basic
                0x20022b38      0x22c C:/ISIS/workspace/HOOPOE3/satellite-subsystems/demo/..//satellite-subsystems/lib\libSatelliteSubsystemsD.a(GomEPS.o)
                0x20022b38                GomEpsGetHkData_basic
 .text.GomEpsSetOutput
                0x20022d64       0xbc C:/ISIS/workspace/HOOPOE3/satellite-subsystems/demo/..//satellite-subsystems/lib\libSatelliteSubsystemsD.a(GomEPS.o)
                0x20022d64                GomEpsSetOutput
 .text.GomEpsResetWDT
                0x20022e20       0xc4 C:/ISIS/workspace/HOOPOE3/satellite-subsystems/demo/..//satellite-subsystems/lib\libSatelliteSubsystemsD.a(GomEPS.o)
                0x20022e20                GomEpsResetWDT
 .text.GomEpsConfigGet
                0x20022ee4      0x16c C:/ISIS/workspace/HOOPOE3/satellite-subsystems/demo/..//satellite-subsystems/lib\libSatelliteSubsystemsD.a(GomEPS.o)
                0x20022ee4                GomEpsConfigGet
 .text.GomEpsConfigSet
                0x20023050      0x184 C:/ISIS/workspace/HOOPOE3/satellite-subsystems/demo/..//satellite-subsystems/lib\libSatelliteSubsystemsD.a(GomEPS.o)
                0x20023050                GomEpsConfigSet
 .text.GomEpsConfig2Get
                0x200231d4      0x16c C:/ISIS/workspace/HOOPOE3/satellite-subsystems/demo/..//satellite-subsystems/lib\libSatelliteSubsystemsD.a(GomEPS.o)
                0x200231d4                GomEpsConfig2Get
 .text.makeAntStransfer
                0x20023340       0x4c C:/ISIS/workspace/HOOPOE3/satellite-subsystems/demo/..//satellite-subsystems/lib\libSatelliteSubsystemsD.a(IsisAntS.o)
 .text.checkInputsValid
                0x2002338c       0x7c C:/ISIS/workspace/HOOPOE3/satellite-subsystems/demo/..//satellite-subsystems/lib\libSatelliteSubsystemsD.a(IsisAntS.o)
 .text.IsisAntS_setArmStatus
                0x20023408      0x104 C:/ISIS/workspace/HOOPOE3/satellite-subsystems/demo/..//satellite-subsystems/lib\libSatelliteSubsystemsD.a(IsisAntS.o)
                0x20023408                IsisAntS_setArmStatus
 .text.IsisAntS_getStatusData
                0x2002350c      0x120 C:/ISIS/workspace/HOOPOE3/satellite-subsystems/demo/..//satellite-subsystems/lib\libSatelliteSubsystemsD.a(IsisAntS.o)
                0x2002350c                IsisAntS_getStatusData
 .text.IsisAntS_getTemperature
                0x2002362c      0x120 C:/ISIS/workspace/HOOPOE3/satellite-subsystems/demo/..//satellite-subsystems/lib\libSatelliteSubsystemsD.a(IsisAntS.o)
                0x2002362c                IsisAntS_getTemperature
 .text.IsisAntS_getAlltelemetry
                0x2002374c      0x120 C:/ISIS/workspace/HOOPOE3/satellite-subsystems/demo/..//satellite-subsystems/lib\libSatelliteSubsystemsD.a(IsisAntS.o)
                0x2002374c                IsisAntS_getAlltelemetry
 .text.IsisAntS_reset
                0x2002386c      0x104 C:/ISIS/workspace/HOOPOE3/satellite-subsystems/demo/..//satellite-subsystems/lib\libSatelliteSubsystemsD.a(IsisAntS.o)
                0x2002386c                IsisAntS_reset
 .text.IsisSolarPanelv2_initialize
                0x20023970       0xb4 C:/ISIS/workspace/HOOPOE3/satellite-subsystems/demo/..//satellite-subsystems/lib\libSatelliteSubsystemsD.a(IsisSolarPanelv2.o)
                0x20023970                IsisSolarPanelv2_initialize
 .text.IsisSolarPanelv2_getTemperature
                0x20023a24       0xc8 C:/ISIS/workspace/HOOPOE3/satellite-subsystems/demo/..//satellite-subsystems/lib\libSatelliteSubsystemsD.a(IsisSolarPanelv2.o)
                0x20023a24                IsisSolarPanelv2_getTemperature
 .text.IsisSolarPanelv2_sleep
                0x20023aec       0xbc C:/ISIS/workspace/HOOPOE3/satellite-subsystems/demo/..//satellite-subsystems/lib\libSatelliteSubsystemsD.a(IsisSolarPanelv2.o)
                0x20023aec                IsisSolarPanelv2_sleep
 .text.IsisSolarPanelv2_wakeup
                0x20023ba8       0x80 C:/ISIS/workspace/HOOPOE3/satellite-subsystems/demo/..//satellite-subsystems/lib\libSatelliteSubsystemsD.a(IsisSolarPanelv2.o)
                0x20023ba8                IsisSolarPanelv2_wakeup
 .text._Reset   0x20023c28       0x20 C:/ISIS/workspace/HOOPOE3/satellite-subsystems/demo/..//satellite-subsystems/lib\libSatelliteSubsystemsD.a(IsisSolarPanelv2.o)
 .text._WaitForStartup
                0x20023c48       0x90 C:/ISIS/workspace/HOOPOE3/satellite-subsystems/demo/..//satellite-subsystems/lib\libSatelliteSubsystemsD.a(IsisSolarPanelv2.o)
 .text._AssignAllChannels
                0x20023cd8       0x90 C:/ISIS/workspace/HOOPOE3/satellite-subsystems/demo/..//satellite-subsystems/lib\libSatelliteSubsystemsD.a(IsisSolarPanelv2.o)
 .text._AssignThisChannel
                0x20023d68       0xe8 C:/ISIS/workspace/HOOPOE3/satellite-subsystems/demo/..//satellite-subsystems/lib\libSatelliteSubsystemsD.a(IsisSolarPanelv2.o)
 .text._InitiateConversion
                0x20023e50       0xac C:/ISIS/workspace/HOOPOE3/satellite-subsystems/demo/..//satellite-subsystems/lib\libSatelliteSubsystemsD.a(IsisSolarPanelv2.o)
 .text._WaitForConversionComplete
                0x20023efc      0x100 C:/ISIS/workspace/HOOPOE3/satellite-subsystems/demo/..//satellite-subsystems/lib\libSatelliteSubsystemsD.a(IsisSolarPanelv2.o)
 .text._ReadResult
                0x20023ffc      0x158 C:/ISIS/workspace/HOOPOE3/satellite-subsystems/demo/..//satellite-subsystems/lib\libSatelliteSubsystemsD.a(IsisSolarPanelv2.o)
 .text._ExtractByte
                0x20024154       0x38 C:/ISIS/workspace/HOOPOE3/satellite-subsystems/demo/..//satellite-subsystems/lib\libSatelliteSubsystemsD.a(IsisSolarPanelv2.o)
 .text._ExtendSign
                0x2002418c       0x6c C:/ISIS/workspace/HOOPOE3/satellite-subsystems/demo/..//satellite-subsystems/lib\libSatelliteSubsystemsD.a(IsisSolarPanelv2.o)
 .text._PinsInit
                0x200241f8       0x50 C:/ISIS/workspace/HOOPOE3/satellite-subsystems/demo/..//satellite-subsystems/lib\libSatelliteSubsystemsD.a(IsisSolarPanelv2.o)
 .text._SpiWriteRead
                0x20024248       0x70 C:/ISIS/workspace/HOOPOE3/satellite-subsystems/demo/..//satellite-subsystems/lib\libSatelliteSubsystemsD.a(IsisSolarPanelv2.o)
 .text.IsisTrxvu_initialize
                0x200242b8      0x2f4 C:/ISIS/workspace/HOOPOE3/satellite-subsystems/demo/..//satellite-subsystems/lib\libSatelliteSubsystemsD.a(IsisTRXVU.o)
                0x200242b8                IsisTrxvu_initialize
 .text.makeTRXVUtransfer
                0x200245ac       0x44 C:/ISIS/workspace/HOOPOE3/satellite-subsystems/demo/..//satellite-subsystems/lib\libSatelliteSubsystemsD.a(IsisTRXVU.o)
 .text.IsisTrxvu_componentSoftReset
                0x200245f0       0x6c C:/ISIS/workspace/HOOPOE3/satellite-subsystems/demo/..//satellite-subsystems/lib\libSatelliteSubsystemsD.a(IsisTRXVU.o)
                0x200245f0                IsisTrxvu_componentSoftReset
 .text.IsisTrxvu_componentHardReset
                0x2002465c       0xc8 C:/ISIS/workspace/HOOPOE3/satellite-subsystems/demo/..//satellite-subsystems/lib\libSatelliteSubsystemsD.a(IsisTRXVU.o)
                0x2002465c                IsisTrxvu_componentHardReset
 .text.IsisTrxvu_softReset
                0x20024724       0x74 C:/ISIS/workspace/HOOPOE3/satellite-subsystems/demo/..//satellite-subsystems/lib\libSatelliteSubsystemsD.a(IsisTRXVU.o)
                0x20024724                IsisTrxvu_softReset
 .text.IsisTrxvu_hardReset
                0x20024798       0x74 C:/ISIS/workspace/HOOPOE3/satellite-subsystems/demo/..//satellite-subsystems/lib\libSatelliteSubsystemsD.a(IsisTRXVU.o)
                0x20024798                IsisTrxvu_hardReset
 .text.IsisTrxvu_tcSendAX25DefClSign
                0x2002480c       0xec C:/ISIS/workspace/HOOPOE3/satellite-subsystems/demo/..//satellite-subsystems/lib\libSatelliteSubsystemsD.a(IsisTRXVU.o)
                0x2002480c                IsisTrxvu_tcSendAX25DefClSign
 .text.IsisTrxvu_tcSetIdlestate
                0x200248f8       0xa4 C:/ISIS/workspace/HOOPOE3/satellite-subsystems/demo/..//satellite-subsystems/lib\libSatelliteSubsystemsD.a(IsisTRXVU.o)
                0x200248f8                IsisTrxvu_tcSetIdlestate
 .text.IsisTrxvu_tcSetAx25Bitrate
                0x2002499c       0xc4 C:/ISIS/workspace/HOOPOE3/satellite-subsystems/demo/..//satellite-subsystems/lib\libSatelliteSubsystemsD.a(IsisTRXVU.o)
                0x2002499c                IsisTrxvu_tcSetAx25Bitrate
 .text.IsisTrxvu_tcGetTelemetryAll
                0x20024a60       0xd0 C:/ISIS/workspace/HOOPOE3/satellite-subsystems/demo/..//satellite-subsystems/lib\libSatelliteSubsystemsD.a(IsisTRXVU.o)
                0x20024a60                IsisTrxvu_tcGetTelemetryAll
 .text.IsisTrxvu_tcGetTelemetryAll_revC
                0x20024b30       0xd0 C:/ISIS/workspace/HOOPOE3/satellite-subsystems/demo/..//satellite-subsystems/lib\libSatelliteSubsystemsD.a(IsisTRXVU.o)
                0x20024b30                IsisTrxvu_tcGetTelemetryAll_revC
 .text.IsisTrxvu_rcGetFrameCount
                0x20024c00       0xa0 C:/ISIS/workspace/HOOPOE3/satellite-subsystems/demo/..//satellite-subsystems/lib\libSatelliteSubsystemsD.a(IsisTRXVU.o)
                0x20024c00                IsisTrxvu_rcGetFrameCount
 .text.IsisTrxvu_rcGetCommandFrame
                0x20024ca0      0x2d8 C:/ISIS/workspace/HOOPOE3/satellite-subsystems/demo/..//satellite-subsystems/lib\libSatelliteSubsystemsD.a(IsisTRXVU.o)
                0x20024ca0                IsisTrxvu_rcGetCommandFrame
 .text.IsisTrxvu_rcGetTelemetryAll
                0x20024f78       0xd0 C:/ISIS/workspace/HOOPOE3/satellite-subsystems/demo/..//satellite-subsystems/lib\libSatelliteSubsystemsD.a(IsisTRXVU.o)
                0x20024f78                IsisTrxvu_rcGetTelemetryAll
 .text.IsisTrxvu_rcGetTelemetryAll_revC
                0x20025048       0xec C:/ISIS/workspace/HOOPOE3/satellite-subsystems/demo/..//satellite-subsystems/lib\libSatelliteSubsystemsD.a(IsisTRXVU.o)
                0x20025048                IsisTrxvu_rcGetTelemetryAll_revC
 .text.cspaceADCS_initialize
                0x20025134      0x18c C:/ISIS/workspace/HOOPOE3/satellite-subsystems/demo/..//satellite-subsystems/lib\libSatelliteSubsystemsD.a(cspaceADCS.o)
                0x20025134                cspaceADCS_initialize
 .text.make_cspaceADCStransfer
                0x200252c0      0x1b4 C:/ISIS/workspace/HOOPOE3/satellite-subsystems/demo/..//satellite-subsystems/lib\libSatelliteSubsystemsD.a(cspaceADCS.o)
 .text.cspaceADCS_componentReset
                0x20025474       0xbc C:/ISIS/workspace/HOOPOE3/satellite-subsystems/demo/..//satellite-subsystems/lib\libSatelliteSubsystemsD.a(cspaceADCS.o)
                0x20025474                cspaceADCS_componentReset
 .text.cspaceADCS_setRunMode
                0x20025530       0xbc C:/ISIS/workspace/HOOPOE3/satellite-subsystems/demo/..//satellite-subsystems/lib\libSatelliteSubsystemsD.a(cspaceADCS.o)
                0x20025530                cspaceADCS_setRunMode
 .text.cspaceADCS_setPwrCtrlDevice
                0x200255ec       0xd0 C:/ISIS/workspace/HOOPOE3/satellite-subsystems/demo/..//satellite-subsystems/lib\libSatelliteSubsystemsD.a(cspaceADCS.o)
                0x200255ec                cspaceADCS_setPwrCtrlDevice
 .text.cspaceADCS_setAttCtrlMode
                0x200256bc       0xd0 C:/ISIS/workspace/HOOPOE3/satellite-subsystems/demo/..//satellite-subsystems/lib\libSatelliteSubsystemsD.a(cspaceADCS.o)
                0x200256bc                cspaceADCS_setAttCtrlMode
 .text.cspaceADCS_setAttEstMode
                0x2002578c       0xbc C:/ISIS/workspace/HOOPOE3/satellite-subsystems/demo/..//satellite-subsystems/lib\libSatelliteSubsystemsD.a(cspaceADCS.o)
                0x2002578c                cspaceADCS_setAttEstMode
 .text.cspaceADCS_getCurrentState
                0x20025848       0xc4 C:/ISIS/workspace/HOOPOE3/satellite-subsystems/demo/..//satellite-subsystems/lib\libSatelliteSubsystemsD.a(cspaceADCS.o)