Archive member included because of file (symbol)

c:/isis/application/toolchain/bin/../lib/gcc/arm-none-eabi/4.7.4/../../../../arm-none-eabi/lib\libc_s.a(lib_a-vfprintf_float.o)
                              (_printf_float)
c:/isis/application/toolchain/bin/../lib/gcc/arm-none-eabi/4.7.4/../../../../arm-none-eabi/lib\libc_s.a(lib_a-vfprintf_i.o)
                              c:/isis/application/toolchain/bin/../lib/gcc/arm-none-eabi/4.7.4/../../../../arm-none-eabi/lib\libc_s.a(lib_a-vfprintf_float.o) (_printf_common)
c:/isis/application/toolchain/bin/../lib/gcc/arm-none-eabi/4.7.4/../../../../arm-none-eabi/lib\libc_s.a(lib_a-vfscanf_float.o)
                              (_scanf_float)
c:/isis/application/toolchain/bin/../lib/gcc/arm-none-eabi/4.7.4/../../../../arm-none-eabi/lib\libc_s.a(lib_a-dtoa.o)
                              c:/isis/application/toolchain/bin/../lib/gcc/arm-none-eabi/4.7.4/../../../../arm-none-eabi/lib\libc_s.a(lib_a-vfprintf_float.o) (_dtoa_r)
c:/isis/application/toolchain/bin/../lib/gcc/arm-none-eabi/4.7.4/../../../../arm-none-eabi/lib\libc_s.a(lib_a-locale.o)
                              c:/isis/application/toolchain/bin/../lib/gcc/arm-none-eabi/4.7.4/../../../../arm-none-eabi/lib\libc_s.a(lib_a-vfprintf_float.o) (_localeconv_r)
c:/isis/application/toolchain/bin/../lib/gcc/arm-none-eabi/4.7.4/../../../../arm-none-eabi/lib\libc_s.a(lib_a-malloc.o)
                              c:/isis/application/toolchain/bin/../lib/gcc/arm-none-eabi/4.7.4/../../../../arm-none-eabi/lib\libc_s.a(lib_a-dtoa.o) (malloc)
c:/isis/application/toolchain/bin/../lib/gcc/arm-none-eabi/4.7.4/../../../../arm-none-eabi/lib\libc_s.a(lib_a-mallocr.o)
                              c:/isis/application/toolchain/bin/../lib/gcc/arm-none-eabi/4.7.4/../../../../arm-none-eabi/lib\libc_s.a(lib_a-malloc.o) (_malloc_r)
c:/isis/application/toolchain/bin/../lib/gcc/arm-none-eabi/4.7.4/../../../../arm-none-eabi/lib\libc_s.a(lib_a-memcpy.o)
                              c:/isis/application/toolchain/bin/../lib/gcc/arm-none-eabi/4.7.4/../../../../arm-none-eabi/lib\libc_s.a(lib_a-dtoa.o) (memcpy)
c:/isis/application/toolchain/bin/../lib/gcc/arm-none-eabi/4.7.4/../../../../arm-none-eabi/lib\libc_s.a(lib_a-mprec.o)
                              c:/isis/application/toolchain/bin/../lib/gcc/arm-none-eabi/4.7.4/../../../../arm-none-eabi/lib\libc_s.a(lib_a-dtoa.o) (_Balloc)
c:/isis/application/toolchain/bin/../lib/gcc/arm-none-eabi/4.7.4/../../../../arm-none-eabi/lib\libc_s.a(lib_a-s_fpclassify.o)
                              c:/isis/application/toolchain/bin/../lib/gcc/arm-none-eabi/4.7.4/../../../../arm-none-eabi/lib\libc_s.a(lib_a-vfprintf_float.o) (__fpclassifyd)
c:/isis/application/toolchain/bin/../lib/gcc/arm-none-eabi/4.7.4/../../../../arm-none-eabi/lib\libc_s.a(lib_a-sbrkr.o)
                              c:/isis/application/toolchain/bin/../lib/gcc/arm-none-eabi/4.7.4/../../../../arm-none-eabi/lib\libc_s.a(lib_a-mallocr.o) (_sbrk_r)
c:/isis/application/toolchain/bin/../lib/gcc/arm-none-eabi/4.7.4/../../../../arm-none-eabi/lib\libc_s.a(lib_a-sf_nan.o)
                              c:/isis/application/toolchain/bin/../lib/gcc/arm-none-eabi/4.7.4/../../../../arm-none-eabi/lib\libc_s.a(lib_a-vfscanf_float.o) (nanf)
c:/isis/application/toolchain/bin/../lib/gcc/arm-none-eabi/4.7.4/../../../../arm-none-eabi/lib\libc_s.a(lib_a-sprintf.o)
                              c:/isis/application/toolchain/bin/../lib/gcc/arm-none-eabi/4.7.4/../../../../arm-none-eabi/lib\libc_s.a(lib_a-vfscanf_float.o) (sprintf)
c:/isis/application/toolchain/bin/../lib/gcc/arm-none-eabi/4.7.4/../../../../arm-none-eabi/lib\libc_s.a(lib_a-strcmp.o)
                              c:/isis/application/toolchain/bin/../lib/gcc/arm-none-eabi/4.7.4/../../../../arm-none-eabi/lib\libc_s.a(lib_a-locale.o) (strcmp)
c:/isis/application/toolchain/bin/../lib/gcc/arm-none-eabi/4.7.4/../../../../arm-none-eabi/lib\libc_s.a(lib_a-strlen.o)
                              c:/isis/application/toolchain/bin/../lib/gcc/arm-none-eabi/4.7.4/../../../../arm-none-eabi/lib\libc_s.a(lib_a-vfprintf_float.o) (strlen)
c:/isis/application/toolchain/bin/../lib/gcc/arm-none-eabi/4.7.4/../../../../arm-none-eabi/lib\libc_s.a(lib_a-strtod.o)
                              c:/isis/application/toolchain/bin/../lib/gcc/arm-none-eabi/4.7.4/../../../../arm-none-eabi/lib\libc_s.a(lib_a-vfscanf_float.o) (_strtod_r)
c:/isis/application/toolchain/bin/../lib/gcc/arm-none-eabi/4.7.4/../../../../arm-none-eabi/lib\libc_s.a(lib_a-strtol.o)
                              c:/isis/application/toolchain/bin/../lib/gcc/arm-none-eabi/4.7.4/../../../../arm-none-eabi/lib\libc_s.a(lib_a-vfscanf_float.o) (_strtol_r)
c:/isis/application/toolchain/bin/../lib/gcc/arm-none-eabi/4.7.4/../../../../arm-none-eabi/lib\libc_s.a(lib_a-svfprintf.o)
                              c:/isis/application/toolchain/bin/../lib/gcc/arm-none-eabi/4.7.4/../../../../arm-none-eabi/lib\libc_s.a(lib_a-sprintf.o) (_svfprintf_r)
[...]
Memory Configuration

Name             Origin             Length             Attributes
sram0            0x00200000         0x00004000         w !xr
sram1            0x00300000         0x00004000         w !xr
sdram            0x20000000         0x02000000         w !xr
*default*        0x00000000         0xffffffff

Linker script and memory map

LOAD c:/isis/application/toolchain/bin/../lib/gcc/arm-none-eabi/4.7.4/../../../../arm-none-eabi/lib\libc_s.a
LOAD ./src/sub-systemCode/Main/CMD/COMM_CMD.o
LOAD ./src/sub-systemCode/Main/CMD/EPS_CMD.o
LOAD ./src/sub-systemCode/Main/CMD/General_CMD.o
LOAD ./src/sub-systemCode/Main/CMD/SW_CMD.o
LOAD ./src/sub-systemCode/Main/CMD/payload_CMD.o
LOAD ./src/sub-systemCode/Main/Ants.o
LOAD ./src/sub-systemCode/Main/EPS.o
LOAD ./src/sub-systemCode/Main/HouseKeeping.o
LOAD ./src/sub-systemCode/Main/Main_Init.o
LOAD ./src/sub-systemCode/Main/commands.o
LOAD ./src/sub-systemCode/Global/Global.o
LOAD ./src/sub-systemCode/Global/GlobalParam.o
LOAD ./src/sub-systemCode/Global/OnlineTM.o
LOAD ./src/sub-systemCode/Global/TM_managment.o
LOAD ./src/sub-systemCode/COMM/APRS.o
LOAD ./src/sub-systemCode/COMM/DelayedCommand_list.o
LOAD ./src/sub-systemCode/COMM/GSC.o
LOAD ./src/sub-systemCode/COMM/TRXVU.o
LOAD ./src/sub-systemCode/ADCS/ADCS.o
LOAD ./src/sub-systemCode/ADCS/Stage_Table.o
LOAD ./src/main.o
LOAD C:/Hoopoe3/satellite-subsystems/demo/..//satellite-subsystems/lib\libSatelliteSubsystemsD.a
LOAD c:/isis/application/toolchain/bin/../lib/gcc/arm-none-eabi/4.7.4/../../../../arm-none-eabi/lib\libm.a
LOAD C:/Hoopoe3/satellite-subsystems/demo/../..//hal/hcc/lib\libHCCD.a
LOAD C:/Hoopoe3/satellite-subsystems/demo/../..//hal/hal/lib\libHALD.a
LOAD C:/Hoopoe3/satellite-subsystems/demo/../..//hal/freertos/lib\libFreeRTOSD.a
LOAD C:/Hoopoe3/satellite-subsystems/demo/../..//hal/at91/lib\libAt91D.a
START GROUP
LOAD c:/isis/application/toolchain/bin/../lib/gcc/arm-none-eabi/4.7.4\libgcc.a
LOAD c:/isis/application/toolchain/bin/../lib/gcc/arm-none-eabi/4.7.4/../../../../arm-none-eabi/lib\libc_s.a
END GROUP

.fixed          0x20000000    0x3ed28
                0x20000000                . = ALIGN (0x4)
                0x20000000                _sfixed = .
 *(.startup)
 .startup       0x20000000      0x134 C:/Hoopoe3/satellite-subsystems/demo/../..//hal/at91/lib\libAt91D.a(board_cstartup.o)
                0x20000000                entry
 *(.text)
 .text          0x20000134       0x64 C:/Hoopoe3/satellite-subsystems/demo/../..//hal/at91/lib\libAt91D.a(cp15_asm.o)
                0x20000134                _readControlRegister
                0x20000140                _writeControlRegister
                0x20000148                _waitForInterrupt
                0x20000154                _writeTTB
                0x2000015c                _writeDomain
                0x20000164                _writeITLBLockdown
                0x2000016c                _prefetchICacheLine
                0x20000174                _flushDCache
                0x20000180                _flushWriteBuffer
                0x2000018c                _invalidateIDTLBs
 .text          0x20000198      0x114 c:/isis/application/toolchain/bin/../lib/gcc/arm-none-eabi/4.7.4\libgcc.a(_udivsi3.o)
                0x20000198                __aeabi_uidiv
                0x20000198                __udivsi3
                0x2000028c                __aeabi_uidivmod
 .text          0x200002ac      0x148 c:/isis/application/toolchain/bin/../lib/gcc/arm-none-eabi/4.7.4\libgcc.a(_divsi3.o)
                0x200002ac                __divsi3
                0x200002ac                __aeabi_idiv
                0x200003d4                __aeabi_idivmod
 .text          0x200003f4        0x4 c:/isis/application/toolchain/bin/../lib/gcc/arm-none-eabi/4.7.4\libgcc.a(_dvmd_tls.o)
                0x200003f4                __aeabi_idiv0
                0x200003f4                __aeabi_ldiv0
 .text          0x200003f8      0x41c c:/isis/application/toolchain/bin/../lib/gcc/arm-none-eabi/4.7.4\libgcc.a(_arm_addsubdf3.o)
                0x200003f8                __aeabi_drsub
                0x20000400                __aeabi_dsub
                0x20000400                __subdf3
                0x20000404                __aeabi_dadd
                0x20000404                __adddf3
                0x20000714                __floatunsidf
                0x20000714                __aeabi_ui2d
                0x20000738                __floatsidf
                0x20000738                __aeabi_i2d
                0x20000760                __aeabi_f2d
                0x20000760                __extendsfdf2
                0x200007a0                __floatundidf
                0x200007a0                __aeabi_ul2d
                0x200007b4                __floatdidf
                0x200007b4                __aeabi_l2d
 .text          0x20000814      0x49c c:/isis/application/toolchain/bin/../lib/gcc/arm-none-eabi/4.7.4\libgcc.a(_arm_muldivdf3.o)
                0x20000814                __aeabi_dmul
                0x20000814                __muldf3
                0x20000aa4                __divdf3
                0x20000aa4                __aeabi_ddiv
 .text          0x20000cb0      0x144 c:/isis/application/toolchain/bin/../lib/gcc/arm-none-eabi/4.7.4\libgcc.a(_arm_cmpdf2.o)
                0x20000cb0                __gtdf2
                0x20000cb0                __gedf2
                0x20000cb8                __ltdf2
                0x20000cb8                __ledf2
                0x20000cc0                __nedf2
                0x20000cc0                __eqdf2
                0x20000cc0                __cmpdf2
                0x20000d48                __aeabi_cdrcmple
                0x20000d64                __aeabi_cdcmpeq
                0x20000d64                __aeabi_cdcmple
                0x20000d7c                __aeabi_dcmpeq
                0x20000d94                __aeabi_dcmplt
                0x20000dac                __aeabi_dcmple
                0x20000dc4                __aeabi_dcmpge
                0x20000ddc                __aeabi_dcmpgt
 .text          0x20000df4       0x5c c:/isis/application/toolchain/bin/../lib/gcc/arm-none-eabi/4.7.4\libgcc.a(_arm_fixdfsi.o)
                0x20000df4                __aeabi_d2iz
                0x20000df4                __fixdfsi
 .text          0x20000e50       0x54 c:/isis/application/toolchain/bin/../lib/gcc/arm-none-eabi/4.7.4\libgcc.a(_arm_fixunsdfsi.o)
                0x20000e50                __aeabi_d2uiz
                0x20000e50                __fixunsdfsi
 .text          0x20000ea4       0xa0 c:/isis/application/toolchain/bin/../lib/gcc/arm-none-eabi/4.7.4\libgcc.a(_arm_truncdfsf2.o)
                0x20000ea4                __truncdfsf2
                0x20000ea4                __aeabi_d2f
 .text          0x20000f44      0x2ac c:/isis/application/toolchain/bin/../lib/gcc/arm-none-eabi/4.7.4\libgcc.a(_arm_addsubsf3.o)
                0x20000f44                __aeabi_frsub
                0x20000f4c                __subsf3
                0x20000f4c                __aeabi_fsub
                0x20000f50                __aeabi_fadd
                0x20000f50                __addsf3
                0x2000110c                __aeabi_ui2f
                0x2000110c                __floatunsisf
                0x20001114                __aeabi_i2f
                0x20001114                __floatsisf
                0x20001134                __aeabi_ul2f
                0x20001134                __floatundisf
                0x20001144                __aeabi_l2f
                0x20001144                __floatdisf
 .text          0x200011f0      0x2f8 c:/isis/application/toolchain/bin/../lib/gcc/arm-none-eabi/4.7.4\libgcc.a(_arm_muldivsf3.o)
                0x200011f0                __mulsf3
                0x200011f0                __aeabi_fmul
                0x20001388                __aeabi_fdiv
                0x20001388                __divsf3
 .text          0x200014e8       0x54 c:/isis/application/toolchain/bin/../lib/gcc/arm-none-eabi/4.7.4\libgcc.a(_arm_fixunssfsi.o)
                0x200014e8                __fixunssfsi
                0x200014e8                __aeabi_f2uiz
 *(.text*)
 .text.__cvt    0x2000153c      0x138 c:/isis/application/toolchain/bin/../lib/gcc/arm-none-eabi/4.7.4/../../../../arm-none-eabi/lib\libc_s.a(lib_a-vfprintf_float.o)
                0x2000153c                __cvt
 .text.__exponent
                0x20001674       0xa8 c:/isis/application/toolchain/bin/../lib/gcc/arm-none-eabi/4.7.4/../../../../arm-none-eabi/lib\libc_s.a(lib_a-vfprintf_float.o)
                0x20001674                __exponent
 .text._printf_float
                0x2000171c      0x7dc c:/isis/application/toolchain/bin/../lib/gcc/arm-none-eabi/4.7.4/../../../../arm-none-eabi/lib\libc_s.a(lib_a-vfprintf_float.o)
                0x2000171c                _printf_float
 .text._printf_common
                0x20001ef8      0x174 c:/isis/application/toolchain/bin/../lib/gcc/arm-none-eabi/4.7.4/../../../../arm-none-eabi/lib\libc_s.a(lib_a-vfprintf_i.o)
                0x20001ef8                _printf_common
 .text._printf_i
                0x2000206c      0x3c4 c:/isis/application/toolchain/bin/../lib/gcc/arm-none-eabi/4.7.4/../../../../arm-none-eabi/lib\libc_s.a(lib_a-vfprintf_i.o)
                0x2000206c                _printf_i
 .text._scanf_float
                0x20002430      0x5f4 c:/isis/application/toolchain/bin/../lib/gcc/arm-none-eabi/4.7.4/../../../../arm-none-eabi/lib\libc_s.a(lib_a-vfscanf_float.o)
                0x20002430                _scanf_float
 .text.quorem   0x20002a24      0x1ac c:/isis/application/toolchain/bin/../lib/gcc/arm-none-eabi/4.7.4/../../../../arm-none-eabi/lib\libc_s.a(lib_a-dtoa.o)
 .text._dtoa_r  0x20002bd0     0x1268 c:/isis/application/toolchain/bin/../lib/gcc/arm-none-eabi/4.7.4/../../../../arm-none-eabi/lib\libc_s.a(lib_a-dtoa.o)
                0x20002bd0                _dtoa_r
 .text._localeconv_r
                0x20003e38        0xc c:/isis/application/toolchain/bin/../lib/gcc/arm-none-eabi/4.7.4/../../../../arm-none-eabi/lib\libc_s.a(lib_a-locale.o)
                0x20003e38                _localeconv_r
 .text.malloc   0x20003e44       0x20 c:/isis/application/toolchain/bin/../lib/gcc/arm-none-eabi/4.7.4/../../../../arm-none-eabi/lib\libc_s.a(lib_a-malloc.o)
                0x20003e44                malloc
 .text.free     0x20003e64       0x20 c:/isis/application/toolchain/bin/../lib/gcc/arm-none-eabi/4.7.4/../../../../arm-none-eabi/lib\libc_s.a(lib_a-malloc.o)
                0x20003e64                free
 .text._malloc_r
                0x20003e84       0xfc c:/isis/application/toolchain/bin/../lib/gcc/arm-none-eabi/4.7.4/../../../../arm-none-eabi/lib\libc_s.a(lib_a-mallocr.o)
                0x20003e84                _malloc_r
 .text.memcpy   0x20003f80       0x20 c:/isis/application/toolchain/bin/../lib/gcc/arm-none-eabi/4.7.4/../../../../arm-none-eabi/lib\libc_s.a(lib_a-memcpy.o)
                0x20003f80                memcpy
 .text._Balloc  0x20003fa0       0xcc c:/isis/application/toolchain/bin/../lib/gcc/arm-none-eabi/4.7.4/../../../../arm-none-eabi/lib\libc_s.a(lib_a-mprec.o)
                0x20003fa0                _Balloc
 .text._Bfree   0x2000406c       0x5c c:/isis/application/toolchain/bin/../lib/gcc/arm-none-eabi/4.7.4/../../../../arm-none-eabi/lib\libc_s.a(lib_a-mprec.o)
                0x2000406c                _Bfree
 .text.__multadd
                0x200040c8       0xbc c:/isis/application/toolchain/bin/../lib/gcc/arm-none-eabi/4.7.4/../../../../arm-none-eabi/lib\libc_s.a(lib_a-mprec.o)
                0x200040c8                __multadd
 .text.__s2b    0x20004184       0xd8 c:/isis/application/toolchain/bin/../lib/gcc/arm-none-eabi/4.7.4/../../../../arm-none-eabi/lib\libc_s.a(lib_a-mprec.o)
                0x20004184                __s2b
 .text.__hi0bits
                0x2000425c       0x58 c:/isis/application/toolchain/bin/../lib/gcc/arm-none-eabi/4.7.4/../../../../arm-none-eabi/lib\libc_s.a(lib_a-mprec.o)
                0x2000425c                __hi0bits
 .text.__lo0bits
                0x200042b4       0x94 c:/isis/application/toolchain/bin/../lib/gcc/arm-none-eabi/4.7.4/../../../../arm-none-eabi/lib\libc_s.a(lib_a-mprec.o)
                0x200042b4                __lo0bits
 .text.__i2b    0x20004348       0x24 c:/isis/application/toolchain/bin/../lib/gcc/arm-none-eabi/4.7.4/../../../../arm-none-eabi/lib\libc_s.a(lib_a-mprec.o)
                0x20004348                __i2b
 .text.__multiply
                0x2000436c      0x1ac c:/isis/application/toolchain/bin/../lib/gcc/arm-none-eabi/4.7.4/../../../../arm-none-eabi/lib\libc_s.a(lib_a-mprec.o)
                0x2000436c                __multiply
 .text.__pow5mult
                0x20004518      0x10c c:/isis/application/toolchain/bin/../lib/gcc/arm-none-eabi/4.7.4/../../../../arm-none-eabi/lib\libc_s.a(lib_a-mprec.o)
                0x20004518                __pow5mult
 .text.__lshift
                0x20004624       0xf0 c:/isis/application/toolchain/bin/../lib/gcc/arm-none-eabi/4.7.4/../../../../arm-none-eabi/lib\libc_s.a(lib_a-mprec.o)
                0x20004624                __lshift
 .text.__mcmp   0x20004714       0x60 c:/isis/application/toolchain/bin/../lib/gcc/arm-none-eabi/4.7.4/../../../../arm-none-eabi/lib\libc_s.a(lib_a-mprec.o)
                0x20004714                __mcmp
 .text.__mdiff  0x20004774      0x128 c:/isis/application/toolchain/bin/../lib/gcc/arm-none-eabi/4.7.4/../../../../arm-none-eabi/lib\libc_s.a(lib_a-mprec.o)
                0x20004774                __mdiff
 .text.__ulp    0x2000489c       0x5c c:/isis/application/toolchain/bin/../lib/gcc/arm-none-eabi/4.7.4/../../../../arm-none-eabi/lib\libc_s.a(lib_a-mprec.o)
                0x2000489c                __ulp
 .text.__b2d    0x200048f8       0xc8 c:/isis/application/toolchain/bin/../lib/gcc/arm-none-eabi/4.7.4/../../../../arm-none-eabi/lib\libc_s.a(lib_a-mprec.o)
                0x200048f8                __b2d
 .text.__d2b    0x200049c0       0xfc c:/isis/application/toolchain/bin/../lib/gcc/arm-none-eabi/4.7.4/../../../../arm-none-eabi/lib\libc_s.a(lib_a-mprec.o)
                0x200049c0                __d2b
 .text.__ratio  0x20004abc       0x70 c:/isis/application/toolchain/bin/../lib/gcc/arm-none-eabi/4.7.4/../../../../arm-none-eabi/lib\libc_s.a(lib_a-mprec.o)
                0x20004abc                __ratio
 .text.__copybits
                0x20004b2c       0x4c c:/isis/application/toolchain/bin/../lib/gcc/arm-none-eabi/4.7.4/../../../../arm-none-eabi/lib\libc_s.a(lib_a-mprec.o)
                0x20004b2c                __copybits
 .text.__any_on
                0x20004b78       0x7c c:/isis/application/toolchain/bin/../lib/gcc/arm-none-eabi/4.7.4/../../../../arm-none-eabi/lib\libc_s.a(lib_a-mprec.o)
                0x20004b78                __any_on
 .text.__fpclassifyd
                0x20004bf4       0x6c c:/isis/application/toolchain/bin/../lib/gcc/arm-none-eabi/4.7.4/../../../../arm-none-eabi/lib\libc_s.a(lib_a-s_fpclassify.o)
                0x20004bf4                __fpclassifyd
 .text._sbrk_r  0x20004c60       0x3c c:/isis/application/toolchain/bin/../lib/gcc/arm-none-eabi/4.7.4/../../../../arm-none-eabi/lib\libc_s.a(lib_a-sbrkr.o)
                0x20004c60                _sbrk_r
 .text.nanf     0x20004c9c        0xc c:/isis/application/toolchain/bin/../lib/gcc/arm-none-eabi/4.7.4/../../../../arm-none-eabi/lib\libc_s.a(lib_a-sf_nan.o)
                0x20004c9c                nanf
 .text.sprintf  0x20004ca8       0x6c c:/isis/application/toolchain/bin/../lib/gcc/arm-none-eabi/4.7.4/../../../../arm-none-eabi/lib\libc_s.a(lib_a-sprintf.o)
                0x20004ca8                siprintf
                0x20004ca8                sprintf
 .text.strcmp   0x20004d14       0x1c c:/isis/application/toolchain/bin/../lib/gcc/arm-none-eabi/4.7.4/../../../../arm-none-eabi/lib\libc_s.a(lib_a-strcmp.o)
                0x20004d14                strcmp
 .text.strlen   0x20004d30       0x1c c:/isis/application/toolchain/bin/../lib/gcc/arm-none-eabi/4.7.4/../../../../arm-none-eabi/lib\libc_s.a(lib_a-strlen.o)
                0x20004d30                strlen
 .text.match    0x20004d4c       0x54 c:/isis/application/toolchain/bin/../lib/gcc/arm-none-eabi/4.7.4/../../../../arm-none-eabi/lib\libc_s.a(lib_a-strtod.o)
 .text._strtod_r
                0x20004da0     0x1168 c:/isis/application/toolchain/bin/../lib/gcc/arm-none-eabi/4.7.4/../../../../arm-none-eabi/lib\libc_s.a(lib_a-strtod.o)
                0x20004da0                _strtod_r
 .text._strtol_r
                0x20005f08      0x1b8 c:/isis/application/toolchain/bin/../lib/gcc/arm-none-eabi/4.7.4/../../../../arm-none-eabi/lib\libc_s.a(lib_a-strtol.o)
                0x20005f08                _strtol_r
 .text.__ssputc_r
                0x200060c0      0x10c c:/isis/application/toolchain/bin/../lib/gcc/arm-none-eabi/4.7.4/../../../../arm-none-eabi/lib\libc_s.a(lib_a-svfprintf.o)
                0x200060c0                __ssputc_r
 .text._svfprintf_r
                0x200061cc      0x328 c:/isis/application/toolchain/bin/../lib/gcc/arm-none-eabi/4.7.4/../../../../arm-none-eabi/lib\libc_s.a(lib_a-svfprintf.o)
                0x200061cc                _svfiprintf_r
                0x200061cc                _svfprintf_r
 .text._calloc_r
                0x200064f4       0x2c c:/isis/application/toolchain/bin/../lib/gcc/arm-none-eabi/4.7.4/../../../../arm-none-eabi/lib\libc_s.a(lib_a-callocr.o)
                0x200064f4                _calloc_r
 .text._free_r  0x20006520      0x108 c:/isis/application/toolchain/bin/../lib/gcc/arm-none-eabi/4.7.4/../../../../arm-none-eabi/lib\libc_s.a(lib_a-freer.o)
                0x20006520                _free_r
 .text.rshift   0x20006628       0xb0 c:/isis/application/toolchain/bin/../lib/gcc/arm-none-eabi/4.7.4/../../../../arm-none-eabi/lib\libc_s.a(lib_a-gdtoa-gethex.o)
 .text.htinit.constprop.0
                0x200066d8       0x34 c:/isis/application/toolchain/bin/../lib/gcc/arm-none-eabi/4.7.4/../../../../arm-none-eabi/lib\libc_s.a(lib_a-gdtoa-gethex.o)
 .text.__hexdig_init
                0x2000670c       0x38 c:/isis/application/toolchain/bin/../lib/gcc/arm-none-eabi/4.7.4/../../../../arm-none-eabi/lib\libc_s.a(lib_a-gdtoa-gethex.o)
                0x2000670c                __hexdig_init
 .text.__gethex
                0x20006744      0x6cc c:/isis/application/toolchain/bin/../lib/gcc/arm-none-eabi/4.7.4/../../../../arm-none-eabi/lib\libc_s.a(lib_a-gdtoa-gethex.o)
                0x20006744                __gethex
 .text.L_shift  0x20006e10       0x38 c:/isis/application/toolchain/bin/../lib/gcc/arm-none-eabi/4.7.4/../../../../arm-none-eabi/lib\libc_s.a(lib_a-gdtoa-hexnan.o)
 .text.__hexnan
                0x20006e48      0x1d8 c:/isis/application/toolchain/bin/../lib/gcc/arm-none-eabi/4.7.4/../../../../arm-none-eabi/lib\libc_s.a(lib_a-gdtoa-hexnan.o)
                0x20006e48                __hexnan
 .text.memchr   0x20007020       0x34 c:/isis/application/toolchain/bin/../lib/gcc/arm-none-eabi/4.7.4/../../../../arm-none-eabi/lib\libc_s.a(lib_a-memchr.o)
                0x20007020                memchr
 .text.memset   0x20007054       0x1c c:/isis/application/toolchain/bin/../lib/gcc/arm-none-eabi/4.7.4/../../../../arm-none-eabi/lib\libc_s.a(lib_a-memset.o)
                0x20007054                memset
 .text._realloc_r
                0x20007070       0x80 c:/isis/application/toolchain/bin/../lib/gcc/arm-none-eabi/4.7.4/../../../../arm-none-eabi/lib\libc_s.a(lib_a-reallocr.o)
                0x20007070                _realloc_r
 .text.strncmp  0x200070f0       0x64 c:/isis/application/toolchain/bin/../lib/gcc/arm-none-eabi/4.7.4/../../../../arm-none-eabi/lib\libc_s.a(lib_a-strncmp.o)
                0x200070f0                strncmp
 .text._malloc_usable_size_r
                0x20007154       0x1c c:/isis/application/toolchain/bin/../lib/gcc/arm-none-eabi/4.7.4/../../../../arm-none-eabi/lib\libc_s.a(lib_a-msizer.o)
                0x20007154                _malloc_usable_size_r
 .text.cmd_error
                0x20007170       0x38 ./src/sub-systemCode/Main/CMD/COMM_CMD.o
                0x20007170                cmd_error
 .text.cmd_mute
                0x200071a8       0xc4 ./src/sub-systemCode/Main/CMD/COMM_CMD.o
                0x200071a8                cmd_mute
 .text.cmd_unmute
                0x2000726c       0x4c ./src/sub-systemCode/Main/CMD/COMM_CMD.o
                0x2000726c                cmd_unmute
 .text.cmd_active_trans
                0x200072b8       0xc0 ./src/sub-systemCode/Main/CMD/COMM_CMD.o
                0x200072b8                cmd_active_trans
 .text.cmd_shut_trans
                0x20007378       0x38 ./src/sub-systemCode/Main/CMD/COMM_CMD.o
                0x20007378                cmd_shut_trans
 .text.cmd_change_trans_rssi
                0x200073b0       0xb8 ./src/sub-systemCode/Main/CMD/COMM_CMD.o
                0x200073b0                cmd_change_trans_rssi
 .text.cmd_aprs_dump
                0x20007468       0x50 ./src/sub-systemCode/Main/CMD/COMM_CMD.o
                0x20007468                cmd_aprs_dump
 .text.cmd_stop_dump
                0x200074b8       0x38 ./src/sub-systemCode/Main/CMD/COMM_CMD.o
                0x200074b8                cmd_stop_dump
 .text.cmd_time_frequency
                0x200074f0       0xc0 ./src/sub-systemCode/Main/CMD/COMM_CMD.o
                0x200074f0                cmd_time_frequency
 .text.cmd_upload_volt_logic
                0x200075b0      0x3d0 ./src/sub-systemCode/Main/CMD/EPS_CMD.o
                0x200075b0                cmd_upload_volt_logic
 .text.cmd_upload_volt_COMM
                0x20007980      0x1c8 ./src/sub-systemCode/Main/CMD/EPS_CMD.o
                0x20007980                cmd_upload_volt_COMM
 .text.cmd_heater_temp
                0x20007b48       0xc0 ./src/sub-systemCode/Main/CMD/EPS_CMD.o
                0x20007b48                cmd_heater_temp
 .text.cmd_SHUT_CAM
                0x20007c08       0x6c ./src/sub-systemCode/Main/CMD/EPS_CMD.o
                0x20007c08                cmd_SHUT_CAM
 .text.cmd_SHUT_ADCS
                0x20007c74       0x6c ./src/sub-systemCode/Main/CMD/EPS_CMD.o
                0x20007c74                cmd_SHUT_ADCS
 .text.cmd_allow_CAM
                0x20007ce0       0x6c ./src/sub-systemCode/Main/CMD/EPS_CMD.o
                0x20007ce0                cmd_allow_CAM
 .text.cmd_allow_ADCS
                0x20007d4c       0x6c ./src/sub-systemCode/Main/CMD/EPS_CMD.o
                0x20007d4c                cmd_allow_ADCS
 .text.cmd_generic_I2C
                0x20007db8       0xb4 ./src/sub-systemCode/Main/CMD/General_CMD.o
                0x20007db8                cmd_generic_I2C
 .text.cmd_dump
                0x20007e6c       0xf0 ./src/sub-systemCode/Main/CMD/General_CMD.o
                0x20007e6c                cmd_dump
 .text.cmd_delete_TM
                0x20007f5c      0x1dc ./src/sub-systemCode/Main/CMD/General_CMD.o
                0x20007f5c                cmd_delete_TM
 .text.cmd_reset_file
                0x20008138      0x110 ./src/sub-systemCode/Main/CMD/General_CMD.o
                0x20008138                cmd_reset_file
 .text.cmd_dummy_func
                0x20008248       0x40 ./src/sub-systemCode/Main/CMD/General_CMD.o
                0x20008248                cmd_dummy_func
 .text.cmd_soft_reset_cmponent
                0x20008288       0xb0 ./src/sub-systemCode/Main/CMD/General_CMD.o
                0x20008288                cmd_soft_reset_cmponent
 .text.cmd_hard_reset_cmponent
                0x20008338       0xb0 ./src/sub-systemCode/Main/CMD/General_CMD.o
                0x20008338                cmd_hard_reset_cmponent
 .text.cmd_reset_satellite
                0x200083e8       0x78 ./src/sub-systemCode/Main/CMD/General_CMD.o
                0x200083e8                cmd_reset_satellite
 .text.cmd_gracefull_reset_satellite
                0x20008460       0x78 ./src/sub-systemCode/Main/CMD/General_CMD.o
                0x20008460                cmd_gracefull_reset_satellite
 .text.cmd_upload_time
                0x200084d8       0xb0 ./src/sub-systemCode/Main/CMD/General_CMD.o
                0x200084d8                cmd_upload_time
 .text.cmd_ARM_DIARM
                0x20008588       0xd4 ./src/sub-systemCode/Main/CMD/General_CMD.o
                0x20008588                cmd_ARM_DIARM
 .text.cmd_get_onlineTM
                0x2000865c       0xb8 ./src/sub-systemCode/Main/CMD/General_CMD.o
                0x2000865c                cmd_get_onlineTM
 .text.cmd_reset_off_line
                0x20008714       0x68 ./src/sub-systemCode/Main/CMD/General_CMD.o
                0x20008714                cmd_reset_off_line
 .text.cmd_add_item_off_line
                0x2000877c       0xf0 ./src/sub-systemCode/Main/CMD/General_CMD.o
                0x2000877c                cmd_add_item_off_line
 .text.cmd_reset_delayed_command_list
                0x2000886c       0x3c ./src/sub-systemCode/Main/CMD/SW_CMD.o
                0x2000886c                cmd_reset_delayed_command_list
 .text.cmd_reset_APRS_list
                0x200088a8       0x3c ./src/sub-systemCode/Main/CMD/SW_CMD.o
                0x200088a8                cmd_reset_APRS_list
 .text.cmd_reset_FRAM
                0x200088e4       0xe8 ./src/sub-systemCode/Main/CMD/SW_CMD.o
                0x200088e4                cmd_reset_FRAM
 .text.ARM_ants
                0x200089cc       0xb8 ./src/sub-systemCode/Main/Ants.o
                0x200089cc                ARM_ants
 .text.DISARM_ants
                0x20008a84       0xb8 ./src/sub-systemCode/Main/Ants.o
                0x20008a84                DISARM_ants
 .text.round_vol
                0x20008b3c      0x124 ./src/sub-systemCode/Main/EPS.o
                0x20008b3c                round_vol
 .text.get_shut_ADCS
                0x20008c60       0x48 ./src/sub-systemCode/Main/EPS.o
                0x20008c60                get_shut_ADCS
 .text.shut_ADCS
                0x20008ca8       0x44 ./src/sub-systemCode/Main/EPS.o
                0x20008ca8                shut_ADCS
 .text.get_shut_CAM
                0x20008cec       0x48 ./src/sub-systemCode/Main/EPS.o
                0x20008cec                get_shut_CAM
 .text.shut_CAM
                0x20008d34       0x44 ./src/sub-systemCode/Main/EPS.o
                0x20008d34                shut_CAM
 .text.update_powerLines
                0x20008d78       0xec ./src/sub-systemCode/Main/EPS.o
                0x20008d78                update_powerLines
 .text.init_enterMode
                0x20008e64       0x88 ./src/sub-systemCode/Main/EPS.o
                0x20008e64                init_enterMode
 .text.EPS_Init
                0x20008eec      0x1c8 ./src/sub-systemCode/Main/EPS.o
                0x20008eec                EPS_Init
 .text.reset_FRAM_EPS
                0x200090b4       0xa4 ./src/sub-systemCode/Main/EPS.o
                0x200090b4                reset_FRAM_EPS
 .text.reset_EPS_voltages
                0x20009158       0xbc ./src/sub-systemCode/Main/EPS.o
                0x20009158                reset_EPS_voltages
 .text.battery_downward
                0x20009214      0x114 ./src/sub-systemCode/Main/EPS.o
                0x20009214                battery_downward
 .text.battery_upward
                0x20009328      0x120 ./src/sub-systemCode/Main/EPS.o
                0x20009328                battery_upward
 .text.EPS_Conditioning
                0x20009448      0x1a4 ./src/sub-systemCode/Main/EPS.o
                0x20009448                EPS_Conditioning
 .text.overRide_ADCS
                0x200095ec       0x50 ./src/sub-systemCode/Main/EPS.o
                0x200095ec                overRide_ADCS
 .text.overRide_Camera
                0x2000963c       0x38 ./src/sub-systemCode/Main/EPS.o
                0x2000963c                overRide_Camera
 .text.EnterFullMode
                0x20009674       0xfc ./src/sub-systemCode/Main/EPS.o
                0x20009674                EnterFullMode
 .text.EnterCruiseMode
                0x20009770       0xec ./src/sub-systemCode/Main/EPS.o
                0x20009770                EnterCruiseMode
 .text.EnterSafeMode
                0x2000985c       0xec ./src/sub-systemCode/Main/EPS.o
                0x2000985c                EnterSafeMode
 .text.EnterCriticalMode
                0x20009948       0xd8 ./src/sub-systemCode/Main/EPS.o
                0x20009948                EnterCriticalMode
 .text.find_fileName
                0x20009a20      0x5e4 ./src/sub-systemCode/Main/HouseKeeping.o
                0x20009a20                find_fileName
 .text.size_of_element
                0x2000a004      0x108 ./src/sub-systemCode/Main/HouseKeeping.o
                0x2000a004                size_of_element
 .text.save_ACK
                0x2000a10c       0xa0 ./src/sub-systemCode/Main/HouseKeeping.o
                0x2000a10c                save_ACK
 .text.set_GP_EPS
                0x2000a1ac      0x10c ./src/sub-systemCode/Main/HouseKeeping.o
                0x2000a1ac                set_GP_EPS
 .text.set_GP_COMM
                0x2000a2b8       0x88 ./src/sub-systemCode/Main/HouseKeeping.o
                0x2000a2b8                set_GP_COMM
 .text.SP_HK_collect
                0x2000a340      0x17c ./src/sub-systemCode/Main/HouseKeeping.o
                0x2000a340                SP_HK_collect
 .text.EPS_HK_collect
                0x2000a4bc      0x4d8 ./src/sub-systemCode/Main/HouseKeeping.o
                0x2000a4bc                EPS_HK_collect
 .text.CAM_HK_collect
                0x2000a994      0x91c ./src/sub-systemCode/Main/HouseKeeping.o
                0x2000a994                CAM_HK_collect
 .text.COMM_HK_collect
                0x2000b2b0      0x154 ./src/sub-systemCode/Main/HouseKeeping.o
                0x2000b2b0                COMM_HK_collect
 .text.COMM_create_file
                0x2000b404       0x74 ./src/sub-systemCode/Main/HouseKeeping.o
                0x2000b404                COMM_create_file
 .text.ACK_create_file
                0x2000b478       0x74 ./src/sub-systemCode/Main/HouseKeeping.o
                0x2000b478                ACK_create_file
 .text.EPS_create_file
                0x2000b4ec       0x74 ./src/sub-systemCode/Main/HouseKeeping.o
                0x2000b4ec                EPS_create_file
 .text.CAM_create_file
                0x2000b560       0x54 ./src/sub-systemCode/Main/HouseKeeping.o
                0x2000b560                CAM_create_file
 .text.SP_create_file
                0x2000b5b4       0x54 ./src/sub-systemCode/Main/HouseKeeping.o
                0x2000b5b4                SP_create_file
 .text.create_files
                0x2000b608       0x48 ./src/sub-systemCode/Main/HouseKeeping.o
                0x2000b608                create_files
 .text.save_SP_HK
                0x2000b650       0x70 ./src/sub-systemCode/Main/HouseKeeping.o
                0x2000b650                save_SP_HK
 .text.save_EPS_HK
                0x2000b6c0       0x70 ./src/sub-systemCode/Main/HouseKeeping.o
                0x2000b6c0                save_EPS_HK
 .text.save_CAM_HK
                0x2000b730       0x84 ./src/sub-systemCode/Main/HouseKeeping.o
                0x2000b730                save_CAM_HK
 .text.save_COMM_HK
                0x2000b7b4       0x70 ./src/sub-systemCode/Main/HouseKeeping.o
                0x2000b7b4                save_COMM_HK
 .text.EPS_HK_raw_BigEnE
                0x2000b824      0x194 ./src/sub-systemCode/Main/HouseKeeping.o
                0x2000b824                EPS_HK_raw_BigEnE
 .text.CAM_HK_raw_BigEnE
                0x2000b9b8      0x194 ./src/sub-systemCode/Main/HouseKeeping.o
                0x2000b9b8                CAM_HK_raw_BigEnE
 .text.COMM_HK_raw_BigEnE
                0x2000bb4c      0x194 ./src/sub-systemCode/Main/HouseKeeping.o
                0x2000bb4c                COMM_HK_raw_BigEnE
 .text.ADCS_HK_raw_BigEnE
                0x2000bce0      0x194 ./src/sub-systemCode/Main/HouseKeeping.o
                0x2000bce0                ADCS_HK_raw_BigEnE
 .text.ADCS_SC_raw_BigEnE
                0x2000be74      0x188 ./src/sub-systemCode/Main/HouseKeeping.o
                0x2000be74                ADCS_SC_raw_BigEnE
 .text.build_HK_spl_packet
                0x2000bffc      0xa2c ./src/sub-systemCode/Main/HouseKeeping.o
                0x2000bffc                build_HK_spl_packet
 .text.HouseKeeping_highRate_Task
                0x2000ca28       0x60 ./src/sub-systemCode/Main/HouseKeeping.o
                0x2000ca28                HouseKeeping_highRate_Task
 .text.HouseKeeping_lowRate_Task
                0x2000ca88       0x5c ./src/sub-systemCode/Main/HouseKeeping.o
                0x2000ca88                HouseKeeping_lowRate_Task
 .text.test_menu
                0x2000cae4       0xd8 ./src/sub-systemCode/Main/Main_Init.o
                0x2000cae4                test_menu
 .text.numberOfRestarts
                0x2000cbbc       0x94 ./src/sub-systemCode/Main/Main_Init.o
                0x2000cbbc                numberOfRestarts
 .text.StartFRAM
                0x2000cc50       0x38 ./src/sub-systemCode/Main/Main_Init.o
                0x2000cc50                StartFRAM
 .text.StartI2C
                0x2000cc88       0x44 ./src/sub-systemCode/Main/Main_Init.o
                0x2000cc88                StartI2C
 .text.StartSPI
                0x2000cccc       0x40 ./src/sub-systemCode/Main/Main_Init.o
                0x2000cccc                StartSPI
 .text.StartTIME
                0x2000cd0c      0x118 ./src/sub-systemCode/Main/Main_Init.o
                0x2000cd0c                StartTIME
 .text.first_activation
                0x2000ce24       0x78 ./src/sub-systemCode/Main/Main_Init.o
                0x2000ce24                first_activation
 .text.InitSubsystems
                0x2000ce9c       0x68 ./src/sub-systemCode/Main/Main_Init.o
                0x2000ce9c                InitSubsystems
 .text.SubSystemTaskStart
                0x2000cf04      0x11c ./src/sub-systemCode/Main/Main_Init.o
                0x2000cf04                SubSystemTaskStart
 .text.copy_command
                0x2000d020       0x80 ./src/sub-systemCode/Main/commands.o
                0x2000d020                copy_command
 .text.reset_command
                0x2000d0a0       0x28 ./src/sub-systemCode/Main/commands.o
                0x2000d0a0                reset_command
 .text.init_command
                0x2000d0c8       0xd4 ./src/sub-systemCode/Main/commands.o
                0x2000d0c8                init_command
 .text.add_command
                0x2000d19c      0x138 ./src/sub-systemCode/Main/commands.o
                0x2000d19c                add_command
 .text.get_command
                0x2000d2d4      0x1cc ./src/sub-systemCode/Main/commands.o
                0x2000d2d4                get_command
 .text.act_upon_command
                0x2000d4a0      0x240 ./src/sub-systemCode/Main/commands.o
                0x2000d4a0                act_upon_command
 .text.AUC_COMM
                0x2000d6e0      0x200 ./src/sub-systemCode/Main/commands.o
                0x2000d6e0                AUC_COMM
 .text.AUC_general
                0x2000d8e0      0x17c ./src/sub-systemCode/Main/commands.o
                0x2000d8e0                AUC_general
 .text.AUC_payload
                0x2000da5c      0x110 ./src/sub-systemCode/Main/commands.o
                0x2000da5c                AUC_payload
 .text.AUC_EPS  0x2000db6c      0x248 ./src/sub-systemCode/Main/commands.o
                0x2000db6c                AUC_EPS
 .text.AUC_ADCS
                0x2000ddb4       0x5c ./src/sub-systemCode/Main/commands.o
                0x2000ddb4                AUC_ADCS
 .text.AUC_GS   0x2000de10      0x1fc ./src/sub-systemCode/Main/commands.o
                0x2000de10                AUC_GS
 .text.AUC_SW   0x2000e00c       0xe4 ./src/sub-systemCode/Main/commands.o
                0x2000e00c                AUC_SW
 .text.AUC_onlineTM
                0x2000e0f0      0x16c ./src/sub-systemCode/Main/commands.o
                0x2000e0f0                AUC_onlineTM
 .text.AUC_special_operation
                0x2000e25c       0x8c ./src/sub-systemCode/Main/commands.o
                0x2000e25c                AUC_special_operation
 .text.check_int
                0x2000e2e8       0x3c ./src/sub-systemCode/Global/Global.o
                0x2000e2e8                check_int
 .text.check_portBASE_TYPE
                0x2000e324       0x3c ./src/sub-systemCode/Global/Global.o
                0x2000e324                check_portBASE_TYPE
 .text.soft_reset_subsystem
                0x2000e360       0xd8 ./src/sub-systemCode/Global/Global.o
                0x2000e360                soft_reset_subsystem
 .text.hard_reset_subsystem
                0x2000e438       0xfc ./src/sub-systemCode/Global/Global.o
                0x2000e438                hard_reset_subsystem
 .text.BigEnE_raw_to_uInt
                0x2000e534       0x94 ./src/sub-systemCode/Global/Global.o
                0x2000e534                BigEnE_raw_to_uInt
 .text.BigEnE_raw_to_uShort
                0x2000e5c8       0x50 ./src/sub-systemCode/Global/Global.o
                0x2000e5c8                BigEnE_raw_to_uShort
 .text.BigEnE_uInt_to_raw
                0x2000e618       0x78 ./src/sub-systemCode/Global/Global.o
                0x2000e618                BigEnE_uInt_to_raw
 .text.reset_FRAM_MAIN
                0x2000e690      0x19c ./src/sub-systemCode/Global/Global.o
                0x2000e690                reset_FRAM_MAIN
 .text.init_GP  0x2000e82c      0x300 ./src/sub-systemCode/Global/GlobalParam.o
                0x2000e82c                init_GP
 .text.get_system_state
                0x2000eb2c      0x268 ./src/sub-systemCode/Global/GlobalParam.o
                0x2000eb2c                get_system_state
 .text.set_system_state
                0x2000ed94      0x298 ./src/sub-systemCode/Global/GlobalParam.o
                0x2000ed94                set_system_state
 .text.get_current_global_param
                0x2000f02c      0x5c8 ./src/sub-systemCode/Global/GlobalParam.o
                0x2000f02c                get_current_global_param
 .text.set_Vbatt
                0x2000f5f4       0x8c ./src/sub-systemCode/Global/GlobalParam.o
                0x2000f5f4                set_Vbatt
 .text.get_Vbatt
                0x2000f680       0x8c ./src/sub-systemCode/Global/GlobalParam.o
                0x2000f680                get_Vbatt
 .text.set_curBat
                0x2000f70c       0x8c ./src/sub-systemCode/Global/GlobalParam.o
                0x2000f70c                set_curBat
 .text.set_cur3V3
                0x2000f798       0x8c ./src/sub-systemCode/Global/GlobalParam.o
                0x2000f798                set_cur3V3
 .text.set_cur5V
                0x2000f824       0x8c ./src/sub-systemCode/Global/GlobalParam.o
                0x2000f824                set_cur5V
 .text.set_tempComm_LO
                0x2000f8b0       0x8c ./src/sub-systemCode/Global/GlobalParam.o
                0x2000f8b0                set_tempComm_LO
 .text.set_tempComm_PA
                0x2000f93c       0x8c ./src/sub-systemCode/Global/GlobalParam.o
                0x2000f93c                set_tempComm_PA
 .text.set_tempEPS
                0x2000f9c8       0xc8 ./src/sub-systemCode/Global/GlobalParam.o
                0x2000f9c8                set_tempEPS
 .text.set_tempBatt
                0x2000fa90       0xc8 ./src/sub-systemCode/Global/GlobalParam.o
                0x2000fa90                set_tempBatt
 .text.set_RxDoppler
                0x2000fb58       0x8c ./src/sub-systemCode/Global/GlobalParam.o
                0x2000fb58                set_RxDoppler
 .text.set_RxRSSI
                0x2000fbe4       0x8c ./src/sub-systemCode/Global/GlobalParam.o
                0x2000fbe4                set_RxRSSI
 .text.set_TxRefl
                0x2000fc70       0x8c ./src/sub-systemCode/Global/GlobalParam.o
                0x2000fc70                set_TxRefl
 .text.set_TxForw
                0x2000fcfc       0x8c ./src/sub-systemCode/Global/GlobalParam.o
                0x2000fcfc                set_TxForw
 .text.get_ST   0x2000fd88       0x8c ./src/sub-systemCode/Global/GlobalParam.o
                0x2000fd88                get_ST
 .text.set_numOfAPRS
                0x2000fe14       0x8c ./src/sub-systemCode/Global/GlobalParam.o
                0x2000fe14                set_numOfAPRS
 .text.set_numOfDelayedCommand
                0x2000fea0       0x8c ./src/sub-systemCode/Global/GlobalParam.o
                0x2000fea0                set_numOfDelayedCommand
 .text.set_numOfResets
                0x2000ff2c       0xac ./src/sub-systemCode/Global/GlobalParam.o
                0x2000ff2c                set_numOfResets
 .text.set_ground_conn
                0x2000ffd8       0xa0 ./src/sub-systemCode/Global/GlobalParam.o
                0x2000ffd8                set_ground_conn
 .text.get_ground_conn
                0x20010078       0xa0 ./src/sub-systemCode/Global/GlobalParam.o
                0x20010078                get_ground_conn
 .text.IsisAntS_getStatusData_sideA
                0x20010118       0x3c ./src/sub-systemCode/Global/OnlineTM.o
                0x20010118                IsisAntS_getStatusData_sideA
 .text.IsisAntS_getAlltelemetry_sideA
                0x20010154       0x3c ./src/sub-systemCode/Global/OnlineTM.o
                0x20010154                IsisAntS_getAlltelemetry_sideA
 .text.IsisAntS_getTemperature_sideA
                0x20010190       0x3c ./src/sub-systemCode/Global/OnlineTM.o
                0x20010190                IsisAntS_getTemperature_sideA
 .text.IsisAntS_getStatusData_sideB
                0x200101cc       0x3c ./src/sub-systemCode/Global/OnlineTM.o
                0x200101cc                IsisAntS_getStatusData_sideB
 .text.IsisAntS_getAlltelemetry_sideB
                0x20010208       0x3c ./src/sub-systemCode/Global/OnlineTM.o
                0x20010208                IsisAntS_getAlltelemetry_sideB
 .text.IsisAntS_getTemperature_sideB
                0x20010244       0x3c ./src/sub-systemCode/Global/OnlineTM.o
                0x20010244                IsisAntS_getTemperature_sideB
 .text.get_item_by_index
                0x20010280       0xd8 ./src/sub-systemCode/Global/OnlineTM.o
                0x20010280                get_item_by_index
 .text.init_onlineParam
                0x20010358      0xc80 ./src/sub-systemCode/Global/OnlineTM.o
                0x20010358                init_onlineParam
 .text.reset_offline_TM_list
                0x20010fd8       0x50 ./src/sub-systemCode/Global/OnlineTM.o
                0x20010fd8                reset_offline_TM_list
 .text.get_online_packet
                0x20011028      0x254 ./src/sub-systemCode/Global/OnlineTM.o
                0x20011028                get_online_packet
 .text.save_onlineTM_param
                0x2001127c      0x1d8 ./src/sub-systemCode/Global/OnlineTM.o
                0x2001127c                save_onlineTM_param
 .text.add_onlineTM_param_to_save_list
                0x20011454      0x214 ./src/sub-systemCode/Global/OnlineTM.o
                0x20011454                add_onlineTM_param_to_save_list
 .text.save_onlineTM_logic
                0x20011668      0x180 ./src/sub-systemCode/Global/OnlineTM.o
                0x20011668                save_onlineTM_logic
 .text.save_onlineTM_task
                0x200117e8       0x38 ./src/sub-systemCode/Global/OnlineTM.o
                0x200117e8                save_onlineTM_task
 .text.delete_allTMFilesFromSD
                0x20011820       0xf8 ./src/sub-systemCode/Global/TM_managment.o
                0x20011820                delete_allTMFilesFromSD
 .text.getNumOfFilesInFS
                0x20011918       0x44 ./src/sub-systemCode/Global/TM_managment.o
 .text.setNumOfFilesInFS
                0x2001195c       0x50 ./src/sub-systemCode/Global/TM_managment.o
 .text.InitializeFS
                0x200119ac      0x174 ./src/sub-systemCode/Global/TM_managment.o
                0x200119ac                InitializeFS
 .text.c_fileCreate
                0x20011b20       0xf4 ./src/sub-systemCode/Global/TM_managment.o
                0x20011b20                c_fileCreate
 .text.writewithEpochtime
                0x20011c14       0x9c ./src/sub-systemCode/Global/TM_managment.o
 .text.get_C_FILE_struct
                0x20011cb0      0x104 ./src/sub-systemCode/Global/TM_managment.o
 .text.getFileIndex
                0x20011db4       0x4c ./src/sub-systemCode/Global/TM_managment.o
 .text.get_file_name_by_index
                0x20011e00       0x54 ./src/sub-systemCode/Global/TM_managment.o
                0x20011e00                get_file_name_by_index
 .text.c_fileReset
                0x20011e54       0xbc ./src/sub-systemCode/Global/TM_managment.o
                0x20011e54                c_fileReset
 .text.c_fileWrite
                0x20011f10      0x11c ./src/sub-systemCode/Global/TM_managment.o
                0x20011f10                c_fileWrite
 .text.c_fileRead
                0x2001202c      0x28c ./src/sub-systemCode/Global/TM_managment.o
                0x2001202c                c_fileRead
 .text.reset_APRS_list
                0x200122b8       0xa4 ./src/sub-systemCode/COMM/APRS.o
                0x200122b8                reset_APRS_list
 .text.send_APRS_Dump
                0x2001235c      0x1c0 ./src/sub-systemCode/COMM/APRS.o
                0x2001235c                send_APRS_Dump
 .text.check_APRS
                0x2001251c      0x1a4 ./src/sub-systemCode/COMM/APRS.o
                0x2001251c                check_APRS
 .text.get_APRS_list
                0x200126c0       0x88 ./src/sub-systemCode/COMM/APRS.o
                0x200126c0                get_APRS_list
 .text.find_CMD_in_list
                0x20012748       0x7c ./src/sub-systemCode/COMM/DelayedCommand_list.o
                0x20012748                find_CMD_in_list
 .text.find_empty_in_list
                0x200127c4       0x74 ./src/sub-systemCode/COMM/DelayedCommand_list.o
                0x200127c4                find_empty_in_list
 .text.check_delayCommandTime
                0x20012838       0x8c ./src/sub-systemCode/COMM/DelayedCommand_list.o
                0x20012838                check_delayCommandTime
 .text.execute_delayedCommand
                0x200128c4       0x64 ./src/sub-systemCode/COMM/DelayedCommand_list.o
                0x200128c4                execute_delayedCommand
 .text.check_delaycommand
                0x20012928      0x17c ./src/sub-systemCode/COMM/DelayedCommand_list.o
                0x20012928                check_delaycommand
 .text.reset_delayCommand
                0x20012aa4       0x8c ./src/sub-systemCode/COMM/DelayedCommand_list.o
                0x20012aa4                reset_delayCommand
 .text.add_delayCommand
                0x20012b30      0x1a4 ./src/sub-systemCode/COMM/DelayedCommand_list.o
                0x20012b30                add_delayCommand
 .text.get_delayCommand_list
                0x20012cd4       0x80 ./src/sub-systemCode/COMM/DelayedCommand_list.o
                0x20012cd4                get_delayCommand_list
 .text.EmptyOldestCommand
                0x20012d54       0xfc ./src/sub-systemCode/COMM/DelayedCommand_list.o
                0x20012d54                EmptyOldestCommand
 .text.decode_TCpacket
                0x20012e50      0x16c ./src/sub-systemCode/COMM/GSC.o
                0x20012e50                decode_TCpacket
 .text.encode_TCpacket
                0x20012fbc      0x114 ./src/sub-systemCode/COMM/GSC.o
                0x20012fbc                encode_TCpacket
 .text.encode_TMpacket
                0x200130d0      0x104 ./src/sub-systemCode/COMM/GSC.o
                0x200130d0                encode_TMpacket
 .text.build_raw_ACK
                0x200131d4       0xbc ./src/sub-systemCode/COMM/GSC.o
                0x200131d4                build_raw_ACK
 .text.build_data_field_ACK
                0x20013290       0x74 ./src/sub-systemCode/COMM/GSC.o
                0x20013290                build_data_field_ACK
 .text.init_trxvu
                0x20013304      0x134 ./src/sub-systemCode/COMM/TRXVU.o
                0x20013304                init_trxvu
 .text.TRXVU_task
                0x20013438      0x18c ./src/sub-systemCode/COMM/TRXVU.o
                0x20013438                TRXVU_task
 .text.dump_logic
                0x200135c4      0x308 ./src/sub-systemCode/COMM/TRXVU.o
                0x200135c4                dump_logic
 .text.Dump_task
                0x200138cc      0x16c ./src/sub-systemCode/COMM/TRXVU.o
                0x200138cc                Dump_task
 .text.transponder_logic
                0x20013a38       0xbc ./src/sub-systemCode/COMM/TRXVU.o
                0x20013a38                transponder_logic
 .text.Transponder_task
                0x20013af4      0x1e0 ./src/sub-systemCode/COMM/TRXVU.o
                0x20013af4                Transponder_task
 .text.lookForRequestToDelete_transponder
                0x20013cd4       0xac ./src/sub-systemCode/COMM/TRXVU.o
                0x20013cd4                lookForRequestToDelete_transponder
 .text.lookForRequestToDelete_dump
                0x20013d80       0x7c ./src/sub-systemCode/COMM/TRXVU.o
                0x20013d80                lookForRequestToDelete_dump
 .text.sendRequestToStop_dump
                0x20013dfc       0x8c ./src/sub-systemCode/COMM/TRXVU.o
                0x20013dfc                sendRequestToStop_dump
 .text.sendRequestToStop_transponder
                0x20013e88       0x98 ./src/sub-systemCode/COMM/TRXVU.o
                0x20013e88                sendRequestToStop_transponder
 .text.Rx_logic
                0x20013f20      0x184 ./src/sub-systemCode/COMM/TRXVU.o
                0x20013f20                Rx_logic
 .text.pass_above_Ground
                0x200140a4      0x104 ./src/sub-systemCode/COMM/TRXVU.o
                0x200140a4                pass_above_Ground
 .text.trxvu_logic
                0x200141a8       0x1c ./src/sub-systemCode/COMM/TRXVU.o
                0x200141a8                trxvu_logic
 .text.Beacon_task
                0x200141c4      0x170 ./src/sub-systemCode/COMM/TRXVU.o
                0x200141c4                Beacon_task
 .text.buildAndSend_beacon
                0x20014334      0x604 ./src/sub-systemCode/COMM/TRXVU.o
                0x20014334                buildAndSend_beacon
 .text.reset_FRAM_TRXVU
                0x20014938       0xc0 ./src/sub-systemCode/COMM/TRXVU.o
                0x20014938                reset_FRAM_TRXVU
 .text.TRX_sendFrame
                0x200149f8      0x1c0 ./src/sub-systemCode/COMM/TRXVU.o
                0x200149f8                TRX_sendFrame
 .text.TRX_getFrameData
                0x20014bb8      0x128 ./src/sub-systemCode/COMM/TRXVU.o
                0x20014bb8                TRX_getFrameData
 .text.mute_Tx  0x20014ce0       0x20 ./src/sub-systemCode/COMM/TRXVU.o
                0x20014ce0                mute_Tx
 .text.unmute_Tx
                0x20014d00       0x54 ./src/sub-systemCode/COMM/TRXVU.o
                0x20014d00                unmute_Tx
 .text.check_time_off_mute
                0x20014d54       0x74 ./src/sub-systemCode/COMM/TRXVU.o
                0x20014d54                check_time_off_mute
 .text.set_mute_time
                0x20014dc8       0xb4 ./src/sub-systemCode/COMM/TRXVU.o
                0x20014dc8                set_mute_time
 .text.change_TRXVU_state
                0x20014e7c       0x98 ./src/sub-systemCode/COMM/TRXVU.o
                0x20014e7c                change_TRXVU_state
 .text.change_trans_RSSI
                0x20014f14       0x60 ./src/sub-systemCode/COMM/TRXVU.o
                0x20014f14                change_trans_RSSI
 .text.init_adcs
                0x20014f74      0x104 ./src/sub-systemCode/ADCS/ADCS.o
                0x20014f74                init_adcs
 .text.telemtryStart
                0x20015078      0x16c ./src/sub-systemCode/ADCS/Stage_Table.o
                0x20015078                telemtryStart
 .text.powerStart
                0x200151e4       0x5c ./src/sub-systemCode/ADCS/Stage_Table.o
                0x200151e4                powerStart
 .text.createTable
                0x20015240       0xb4 ./src/sub-systemCode/ADCS/Stage_Table.o
                0x20015240                createTable
 .text.buildControlMode
                0x200152f4       0x60 ./src/sub-systemCode/ADCS/Stage_Table.o
                0x200152f4                buildControlMode
 .text.Check_Table
                0x20015354      0x178 ./src/sub-systemCode/ADCS/Stage_Table.o
                0x20015354                Check_Table
 .text.updateTable
                0x200154cc      0x1f0 ./src/sub-systemCode/ADCS/Stage_Table.o
                0x200154cc                updateTable
 .text.translateCommandFULL
                0x200156bc       0x78 ./src/sub-systemCode/ADCS/Stage_Table.o
                0x200156bc                translateCommandFULL
 .text.getTableTo
                0x20015734       0x64 ./src/sub-systemCode/ADCS/Stage_Table.o
                0x20015734                getTableTo
 .text.save_time
                0x20015798       0x9c ./src/main.o
                0x20015798                save_time
 .text.Command_logic
                0x20015834       0x6c ./src/main.o
                0x20015834                Command_logic
 .text.taskMain
                0x200158a0       0x74 ./src/main.o
                0x200158a0                taskMain
 .text.main     0x20015914       0xbc ./src/main.o
                0x20015914                main
 .text.GomEpsInitialize
                0x200159d0      0x148 C:/Hoopoe3/satellite-subsystems/demo/..//satellite-subsystems/lib\libSatelliteSubsystemsD.a(GomEPS.o)
                0x200159d0                GomEpsInitialize
 .text.makeEPStransfer
                0x20015b18       0x3c C:/Hoopoe3/satellite-subsystems/demo/..//satellite-subsystems/lib\libSatelliteSubsystemsD.a(GomEPS.o)
 .text.GomEpsSoftReset
                0x20015b54       0xc4 C:/Hoopoe3/satellite-subsystems/demo/..//satellite-subsystems/lib\libSatelliteSubsystemsD.a(GomEPS.o)
                0x20015b54                GomEpsSoftReset
 .text.GomEpsHardReset
                0x20015c18       0xa8 C:/Hoopoe3/satellite-subsystems/demo/..//satellite-subsystems/lib\libSatelliteSubsystemsD.a(GomEPS.o)
                0x20015c18                GomEpsHardReset
 .text.GomEpsGetHkData_param
                0x20015cc0      0x29c C:/Hoopoe3/satellite-subsystems/demo/..//satellite-subsystems/lib\libSatelliteSubsystemsD.a(GomEPS.o)
                0x20015cc0                GomEpsGetHkData_param
 .text.GomEpsGetHkData_general
                0x20015f5c      0x45c C:/Hoopoe3/satellite-subsystems/demo/..//satellite-subsystems/lib\libSatelliteSubsystemsD.a(GomEPS.o)
                0x20015f5c                GomEpsGetHkData_general
 .text.GomEpsGetHkData_vi
                0x200163b8      0x188 C:/Hoopoe3/satellite-subsystems/demo/..//satellite-subsystems/lib\libSatelliteSubsystemsD.a(GomEPS.o)
                0x200163b8                GomEpsGetHkData_vi
 .text.GomEpsGetHkData_out
                0x20016540      0x21c C:/Hoopoe3/satellite-subsystems/demo/..//satellite-subsystems/lib\libSatelliteSubsystemsD.a(GomEPS.o)
                0x20016540                GomEpsGetHkData_out
 .text.GomEpsGetHkData_wdt
                0x2001675c      0x2b4 C:/Hoopoe3/satellite-subsystems/demo/..//satellite-subsystems/lib\libSatelliteSubsystemsD.a(GomEPS.o)
                0x2001675c                GomEpsGetHkData_wdt
 .text.GomEpsGetHkData_basic
                0x20016a10      0x22c C:/Hoopoe3/satellite-subsystems/demo/..//satellite-subsystems/lib\libSatelliteSubsystemsD.a(GomEPS.o)
                0x20016a10                GomEpsGetHkData_basic
 .text.GomEpsSetOutput
                0x20016c3c       0xbc C:/Hoopoe3/satellite-subsystems/demo/..//satellite-subsystems/lib\libSatelliteSubsystemsD.a(GomEPS.o)
                0x20016c3c                GomEpsSetOutput
 .text.GomEpsConfigGet
                0x20016cf8      0x16c C:/Hoopoe3/satellite-subsystems/demo/..//satellite-subsystems/lib\libSatelliteSubsystemsD.a(GomEPS.o)
                0x20016cf8                GomEpsConfigGet
 .text.GomEpsConfigSet
                0x20016e64      0x184 C:/Hoopoe3/satellite-subsystems/demo/..//satellite-subsystems/lib\libSatelliteSubsystemsD.a(GomEPS.o)
                0x20016e64                GomEpsConfigSet
 .text.GomEpsConfig2Get
                0x20016fe8      0x16c C:/Hoopoe3/satellite-subsystems/demo/..//satellite-subsystems/lib\libSatelliteSubsystemsD.a(GomEPS.o)
                0x20016fe8                GomEpsConfig2Get
 .text.makeAntStransfer
                0x20017154       0x4c C:/Hoopoe3/satellite-subsystems/demo/..//satellite-subsystems/lib\libSatelliteSubsystemsD.a(IsisAntS.o)
 .text.checkInputsValid
                0x200171a0       0x7c C:/Hoopoe3/satellite-subsystems/demo/..//satellite-subsystems/lib\libSatelliteSubsystemsD.a(IsisAntS.o)
 .text.IsisAntS_setArmStatus
                0x2001721c      0x104 C:/Hoopoe3/satellite-subsystems/demo/..//satellite-subsystems/lib\libSatelliteSubsystemsD.a(IsisAntS.o)
                0x2001721c                IsisAntS_setArmStatus
 .text.IsisAntS_getStatusData
                0x20017320      0x120 C:/Hoopoe3/satellite-subsystems/demo/..//satellite-subsystems/lib\libSatelliteSubsystemsD.a(IsisAntS.o)
                0x20017320                IsisAntS_getStatusData
 .text.IsisAntS_getTemperature
                0x20017440      0x120 C:/Hoopoe3/satellite-subsystems/demo/..//satellite-subsystems/lib\libSatelliteSubsystemsD.a(IsisAntS.o)
                0x20017440                IsisAntS_getTemperature
 .text.IsisAntS_getAlltelemetry
                0x20017560      0x120 C:/Hoopoe3/satellite-subsystems/demo/..//satellite-subsystems/lib\libSatelliteSubsystemsD.a(IsisAntS.o)
                0x20017560                IsisAntS_getAlltelemetry
 .text.IsisAntS_reset
                0x20017680      0x104 C:/Hoopoe3/satellite-subsystems/demo/..//satellite-subsystems/lib\libSatelliteSubsystemsD.a(IsisAntS.o)
                0x20017680                IsisAntS_reset
 .text.IsisSolarPanelv2_initialize
                0x20017784       0xb4 C:/Hoopoe3/satellite-subsystems/demo/..//satellite-subsystems/lib\libSatelliteSubsystemsD.a(IsisSolarPanelv2.o)
                0x20017784                IsisSolarPanelv2_initialize
 .text.IsisSolarPanelv2_getTemperature
                0x20017838       0xc8 C:/Hoopoe3/satellite-subsystems/demo/..//satellite-subsystems/lib\libSatelliteSubsystemsD.a(IsisSolarPanelv2.o)
                0x20017838                IsisSolarPanelv2_getTemperature
 .text.IsisSolarPanelv2_sleep
                0x20017900       0xbc C:/Hoopoe3/satellite-subsystems/demo/..//satellite-subsystems/lib\libSatelliteSubsystemsD.a(IsisSolarPanelv2.o)
                0x20017900                IsisSolarPanelv2_sleep
 .text.IsisSolarPanelv2_wakeup
                0x200179bc       0x80 C:/Hoopoe3/satellite-subsystems/demo/..//satellite-subsystems/lib\libSatelliteSubsystemsD.a(IsisSolarPanelv2.o)
                0x200179bc                IsisSolarPanelv2_wakeup
 .text._Reset   0x20017a3c       0x20 C:/Hoopoe3/satellite-subsystems/demo/..//satellite-subsystems/lib\libSatelliteSubsystemsD.a(IsisSolarPanelv2.o)
 .text._WaitForStartup
                0x20017a5c       0x90 C:/Hoopoe3/satellite-subsystems/demo/..//satellite-subsystems/lib\libSatelliteSubsystemsD.a(IsisSolarPanelv2.o)
 .text._AssignAllChannels
                0x20017aec       0x90 C:/Hoopoe3/satellite-subsystems/demo/..//satellite-subsystems/lib\libSatelliteSubsystemsD.a(IsisSolarPanelv2.o)
 .text._AssignThisChannel
                0x20017b7c       0xe8 C:/Hoopoe3/satellite-subsystems/demo/..//satellite-subsystems/lib\libSatelliteSubsystemsD.a(IsisSolarPanelv2.o)
 .text._InitiateConversion
                0x20017c64       0xac C:/Hoopoe3/satellite-subsystems/demo/..//satellite-subsystems/lib\libSatelliteSubsystemsD.a(IsisSolarPanelv2.o)
 .text._WaitForConversionComplete
                0x20017d10      0x100 C:/Hoopoe3/satellite-subsystems/demo/..//satellite-subsystems/lib\libSatelliteSubsystemsD.a(IsisSolarPanelv2.o)
 .text._ReadResult
                0x20017e10      0x158 C:/Hoopoe3/satellite-subsystems/demo/..//satellite-subsystems/lib\libSatelliteSubsystemsD.a(IsisSolarPanelv2.o)
 .text._ExtractByte
                0x20017f68       0x38 C:/Hoopoe3/satellite-subsystems/demo/..//satellite-subsystems/lib\libSatelliteSubsystemsD.a(IsisSolarPanelv2.o)
 .text._ExtendSign
                0x20017fa0       0x6c C:/Hoopoe3/satellite-subsystems/demo/..//satellite-subsystems/lib\libSatelliteSubsystemsD.a(IsisSolarPanelv2.o)
 .text._PinsInit
                0x2001800c       0x50 C:/Hoopoe3/satellite-subsystems/demo/..//satellite-subsystems/lib\libSatelliteSubsystemsD.a(IsisSolarPanelv2.o)
 .text._SpiWriteRead
                0x2001805c       0x70 C:/Hoopoe3/satellite-subsystems/demo/..//satellite-subsystems/lib\libSatelliteSubsystemsD.a(IsisSolarPanelv2.o)
 .text.IsisTrxvu_initialize
                0x200180cc      0x2f4 C:/Hoopoe3/satellite-subsystems/demo/..//satellite-subsystems/lib\libSatelliteSubsystemsD.a(IsisTRXVU.o)
                0x200180cc                IsisTrxvu_initialize
 .text.makeTRXVUtransfer
                0x200183c0       0x44 C:/Hoopoe3/satellite-subsystems/demo/..//satellite-subsystems/lib\libSatelliteSubsystemsD.a(IsisTRXVU.o)
 .text.IsisTrxvu_componentSoftReset
                0x20018404       0x6c C:/Hoopoe3/satellite-subsystems/demo/..//satellite-subsystems/lib\libSatelliteSubsystemsD.a(IsisTRXVU.o)
                0x20018404                IsisTrxvu_componentSoftReset
 .text.IsisTrxvu_componentHardReset
                0x20018470       0xc8 C:/Hoopoe3/satellite-subsystems/demo/..//satellite-subsystems/lib\libSatelliteSubsystemsD.a(IsisTRXVU.o)
                0x20018470                IsisTrxvu_componentHardReset
 .text.IsisTrxvu_softReset
                0x20018538       0x74 C:/Hoopoe3/satellite-subsystems/demo/..//satellite-subsystems/lib\libSatelliteSubsystemsD.a(IsisTRXVU.o)
                0x20018538                IsisTrxvu_softReset
 .text.IsisTrxvu_hardReset
                0x200185ac       0x74 C:/Hoopoe3/satellite-subsystems/demo/..//satellite-subsystems/lib\libSatelliteSubsystemsD.a(IsisTRXVU.o)
                0x200185ac                IsisTrxvu_hardReset
 .text.IsisTrxvu_tcSendAX25DefClSign
                0x20018620       0xec C:/Hoopoe3/satellite-subsystems/demo/..//satellite-subsystems/lib\libSatelliteSubsystemsD.a(IsisTRXVU.o)
                0x20018620                IsisTrxvu_tcSendAX25DefClSign
 .text.IsisTrxvu_tcSetIdlestate
                0x2001870c       0xa4 C:/Hoopoe3/satellite-subsystems/demo/..//satellite-subsystems/lib\libSatelliteSubsystemsD.a(IsisTRXVU.o)
                0x2001870c                IsisTrxvu_tcSetIdlestate
 .text.IsisTrxvu_tcSetAx25Bitrate
                0x200187b0       0xc4 C:/Hoopoe3/satellite-subsystems/demo/..//satellite-subsystems/lib\libSatelliteSubsystemsD.a(IsisTRXVU.o)
                0x200187b0                IsisTrxvu_tcSetAx25Bitrate
 .text.IsisTrxvu_tcGetTelemetryAll
                0x20018874       0xd0 C:/Hoopoe3/satellite-subsystems/demo/..//satellite-subsystems/lib\libSatelliteSubsystemsD.a(IsisTRXVU.o)
                0x20018874                IsisTrxvu_tcGetTelemetryAll
 .text.IsisTrxvu_tcGetTelemetryAll_revC
                0x20018944       0xd0 C:/Hoopoe3/satellite-subsystems/demo/..//satellite-subsystems/lib\libSatelliteSubsystemsD.a(IsisTRXVU.o)
                0x20018944                IsisTrxvu_tcGetTelemetryAll_revC
 .text.IsisTrxvu_rcGetFrameCount
                0x20018a14       0xa0 C:/Hoopoe3/satellite-subsystems/demo/..//satellite-subsystems/lib\libSatelliteSubsystemsD.a(IsisTRXVU.o)
                0x20018a14                IsisTrxvu_rcGetFrameCount
 .text.IsisTrxvu_rcGetCommandFrame
                0x20018ab4      0x2d8 C:/Hoopoe3/satellite-subsystems/demo/..//satellite-subsystems/lib\libSatelliteSubsystemsD.a(IsisTRXVU.o)
                0x20018ab4                IsisTrxvu_rcGetCommandFrame
 .text.IsisTrxvu_rcGetTelemetryAll
                0x20018d8c       0xd0 C:/Hoopoe3/satellite-subsystems/demo/..//satellite-subsystems/lib\libSatelliteSubsystemsD.a(IsisTRXVU.o)
                0x20018d8c                IsisTrxvu_rcGetTelemetryAll
 .text.IsisTrxvu_rcGetTelemetryAll_revC
                0x20018e5c       0xec C:/Hoopoe3/satellite-subsystems/demo/..//satellite-subsystems/lib\libSatelliteSubsystemsD.a(IsisTRXVU.o)
                0x20018e5c                IsisTrxvu_rcGetTelemetryAll_revC
 .text.cspaceADCS_initialize
                0x20018f48      0x18c C:/Hoopoe3/satellite-subsystems/demo/..//satellite-subsystems/lib\libSatelliteSubsystemsD.a(cspaceADCS.o)
                0x20018f48                cspaceADCS_initialize
 .text.make_cspaceADCStransfer
                0x200190d4      0x1b4 C:/Hoopoe3/satellite-subsystems/demo/..//satellite-subsystems/lib\libSatelliteSubsystemsD.a(cspaceADCS.o)
 .text.cspaceADCS_componentReset
                0x20019288       0xbc C:/Hoopoe3/satellite-subsystems/demo/..//satellite-subsystems/lib\libSatelliteSubsystemsD.a(cspaceADCS.o)
                0x20019288                cspaceADCS_componentReset
 .text.cspaceADCS_setRunMode
                0x20019344       0xbc C:/Hoopoe3/satellite-subsystems/demo/..//satellite-subsystems/lib\libSatelliteSubsystemsD.a(cspaceADCS.o)
                0x20019344                cspaceADCS_setRunMode
 .text.cspaceADCS_setPwrCtrlDevice
                0x20019400       0xd0 C:/Hoopoe3/satellite-subsystems/demo/..//satellite-subsystems/lib\libSatelliteSubsystemsD.a(cspaceADCS.o)
                0x20019400                cspaceADCS_setPwrCtrlDevice
 .text.cspaceADCS_setAttCtrlMode
                0x200194d0       0xd0 C:/Hoopoe3/satellite-subsystems/demo/..//satellite-subsystems/lib\libSatelliteSubsystemsD.a(cspaceADCS.o)
                0x200194d0                cspaceADCS_setAttCtrlMode
 .text.cspaceADCS_setAttEstMode
                0x200195a0       0xbc C:/Hoopoe3/satellite-subsystems/demo/..//satellite-subsystems/lib\libSatelliteSubsystemsD.a(cspaceADCS.o)
                0x200195a0                cspaceADCS_setAttEstMode
 .text.cspaceADCS_getCurrentState
                0x2001965c       0xc4 C:/Hoopoe3/satellite-subsystems/demo/..//satellite-subsystems/lib\libSatelliteSubsystemsD.a(cspaceADCS.o)
                0x2001965c                cspaceADCS_getCurrentState
 .text.cspaceADCS_getPwrCtrlDevice
                0x20019720       0xc4 C:/Hoopoe3/satellite-subsystems/demo/..//satellite-subsystems/lib\libSatelliteSubsystemsD.a(cspaceADCS.o)
                0x20019720                cspaceADCS_getPwrCtrlDevice
 .text.GECKO_GetReg
                0x200197e4      0x110 C:/Hoopoe3/satellite-subsystems/demo/..//satellite-subsystems/lib\libSatelliteSubsystemsD.a(gecko_driver.o)
                0x200197e4                GECKO_GetReg
 .text.GECKO_GetVoltageInput5V
                0x200198f4       0xf4 C:/Hoopoe3/satellite-subsystems/demo/..//satellite-subsystems/lib\libSatelliteSubsystemsD.a(gecko_driver.o)
                0x200198f4                GECKO_GetVoltageInput5V
 .text.GECKO_GetCurrentInput5V
                0x200199e8      0x130 C:/Hoopoe3/satellite-subsystems/demo/..//satellite-subsystems/lib\libSatelliteSubsystemsD.a(gecko_driver.o)
                0x200199e8                GECKO_GetCurrentInput5V
 .text.GECKO_GetVoltageFPGA1V
                0x20019b18       0xd4 C:/Hoopoe3/satellite-subsystems/demo/..//satellite-subsystems/lib\libSatelliteSubsystemsD.a(gecko_driver.o)
                0x20019b18                GECKO_GetVoltageFPGA1V
 .text.GECKO_GetCurrentFPGA1V
                0x20019bec      0x130 C:/Hoopoe3/satellite-subsystems/demo/..//satellite-subsystems/lib\libSatelliteSubsystemsD.a(gecko_driver.o)
                0x20019bec                GECKO_GetCurrentFPGA1V
 .text.GECKO_GetVoltageFPGA1V8
                0x20019d1c       0xd4 C:/Hoopoe3/satellite-subsystems/demo/..//satellite-subsystems/lib\libSatelliteSubsystemsD.a(gecko_driver.o)
                0x20019d1c                GECKO_GetVoltageFPGA1V8
 .text.GECKO_GetCurrentFPGA1V8
                0x20019df0      0x130 C:/Hoopoe3/satellite-subsystems/demo/..//satellite-subsystems/lib\libSatelliteSubsystemsD.a(gecko_driver.o)
                0x20019df0                GECKO_GetCurrentFPGA1V8
 .text.GECKO_GetVoltageFPGA2V5
                0x20019f20       0xe8 C:/Hoopoe3/satellite-subsystems/demo/..//satellite-subsystems/lib\libSatelliteSubsystemsD.a(gecko_driver.o)
                0x20019f20                GECKO_GetVoltageFPGA2V5
 .text.GECKO_GetCurrentFPGA2V5
                0x2001a008      0x130 C:/Hoopoe3/satellite-subsystems/demo/..//satellite-subsystems/lib\libSatelliteSubsystemsD.a(gecko_driver.o)
                0x2001a008                GECKO_GetCurrentFPGA2V5
 .text.GECKO_GetVoltageFPGA3V3
                0x2001a138       0xe8 C:/Hoopoe3/satellite-subsystems/demo/..//satellite-subsystems/lib\libSatelliteSubsystemsD.a(gecko_driver.o)
                0x2001a138                GECKO_GetVoltageFPGA3V3
 .text.GECKO_GetCurrentFPGA3V3
                0x2001a220      0x130 C:/Hoopoe3/satellite-subsystems/demo/..//satellite-subsystems/lib\libSatelliteSubsystemsD.a(gecko_driver.o)
                0x2001a220                GECKO_GetCurrentFPGA3V3
 .text.GECKO_GetVoltageFlash1V8
                0x2001a350       0xd4 C:/Hoopoe3/satellite-subsystems/demo/..//satellite-subsystems/lib\libSatelliteSubsystemsD.a(gecko_driver.o)
                0x2001a350                GECKO_GetVoltageFlash1V8
 .text.GECKO_GetCurrentFlash1V8
                0x2001a424      0x130 C:/Hoopoe3/satellite-subsystems/demo/..//satellite-subsystems/lib\libSatelliteSubsystemsD.a(gecko_driver.o)
                0x2001a424                GECKO_GetCurrentFlash1V8
 .text.GECKO_GetVoltageFlash3V3
                0x2001a554       0xe8 C:/Hoopoe3/satellite-subsystems/demo/..//satellite-subsystems/lib\libSatelliteSubsystemsD.a(gecko_driver.o)
                0x2001a554                GECKO_GetVoltageFlash3V3
 .text.GECKO_GetCurrentFlash3V3
                0x2001a63c      0x130 C:/Hoopoe3/satellite-subsystems/demo/..//satellite-subsystems/lib\libSatelliteSubsystemsD.a(gecko_driver.o)
                0x2001a63c                GECKO_GetCurrentFlash3V3
 .text.GECKO_GetVoltageSNSR1V8
                0x2001a76c       0xe8 C:/Hoopoe3/satellite-subsystems/demo/..//satellite-subsystems/lib\libSatelliteSubsystemsD.a(gecko_driver.o)
                0x2001a76c                GECKO_GetVoltageSNSR1V8
 .text.GECKO_GetCurrentSNSR1V8
                0x2001a854      0x130 C:/Hoopoe3/satellite-subsystems/demo/..//satellite-subsystems/lib\libSatelliteSubsystemsD.a(gecko_driver.o)
                0x2001a854                GECKO_GetCurrentSNSR1V8
 .text.GECKO_GetVoltageSNSRVDDPIX
                0x2001a984       0xe8 C:/Hoopoe3/satellite-subsystems/demo/..//satellite-subsystems/lib\libSatelliteSubsystemsD.a(gecko_driver.o)
                0x2001a984                GECKO_GetVoltageSNSRVDDPIX
 .text.GECKO_GetCurrentSNSRVDDPIX
                0x2001aa6c      0x130 C:/Hoopoe3/satellite-subsystems/demo/..//satellite-subsystems/lib\libSatelliteSubsystemsD.a(gecko_driver.o)
                0x2001aa6c                GECKO_GetCurrentSNSRVDDPIX
 .text.GECKO_GetVoltageSNSR3V3
                0x2001ab9c       0xe8 C:/Hoopoe3/satellite-subsystems/demo/..//satellite-subsystems/lib\libSatelliteSubsystemsD.a(gecko_driver.o)
                0x2001ab9c                GECKO_GetVoltageSNSR3V3
 .text.GECKO_GetCurrentSNSR3V3
                0x2001ac84      0x130 C:/Hoopoe3/satellite-subsystems/demo/..//satellite-subsystems/lib\libSatelliteSubsystemsD.a(gecko_driver.o)
                0x2001ac84                GECKO_GetCurrentSNSR3V3
 .text.GECKO_GetVoltageFlashVTT09
                0x2001adb4       0xd4 C:/Hoopoe3/satellite-subsystems/demo/..//satellite-subsystems/lib\libSatelliteSubsystemsD.a(gecko_driver.o)
                0x2001adb4                GECKO_GetVoltageFlashVTT09
 .text.GECKO_GetTempSMU3AB
                0x2001ae88      0x35c C:/Hoopoe3/satellite-subsystems/demo/..//satellite-subsystems/lib\libSatelliteSubsystemsD.a(gecko_driver.o)
                0x2001ae88                GECKO_GetTempSMU3AB
 .text.GECKO_GetTempSMU3BC
                0x2001b1e4      0x360 C:/Hoopoe3/satellite-subsystems/demo/..//satellite-subsystems/lib\libSatelliteSubsystemsD.a(gecko_driver.o)
                0x2001b1e4                GECKO_GetTempSMU3BC
 .text.GECKO_GetTempREGU6
                0x2001b544      0x35c C:/Hoopoe3/satellite-subsystems/demo/..//satellite-subsystems/lib\libSatelliteSubsystemsD.a(gecko_driver.o)
                0x2001b544                GECKO_GetTempREGU6
 .text.GECKO_GetTempREGU8
                0x2001b8a0      0x360 C:/Hoopoe3/satellite-subsystems/demo/..//satellite-subsystems/lib\libSatelliteSubsystemsD.a(gecko_driver.o)
                0x2001b8a0                GECKO_GetTempREGU8
 .text.GECKO_GetTempFlash
                0x2001bc00      0x360 C:/Hoopoe3/satellite-subsystems/demo/..//satellite-subsystems/lib\libSatelliteSubsystemsD.a(gecko_driver.o)
                0x2001bc00                GECKO_GetTempFlash
 .text._SpiWriteRead
                0x2001bf60       0x70 C:/Hoopoe3/satellite-subsystems/demo/..//satellite-subsystems/lib\libSatelliteSubsystemsD.a(gecko_driver.o)
 .text.makeTRXCommonTransfer
                0x2001bfd0       0x34 C:/Hoopoe3/satellite-subsystems/demo/..//satellite-subsystems/lib\libSatelliteSubsystemsD.a(IsisTRXCommon.o)
 .text.IsisTrxCommon_componentReset
                0x2001c004       0x68 C:/Hoopoe3/satellite-subsystems/demo/..//satellite-subsystems/lib\libSatelliteSubsystemsD.a(IsisTRXCommon.o)
                0x2001c004                IsisTrxCommon_componentReset
 .text.IsisTrxCommon_TxSendAX25DefClSign
                0x2001c06c       0xf4 C:/Hoopoe3/satellite-subsystems/demo/..//satellite-subsystems/lib\libSatelliteSubsystemsD.a(IsisTRXCommon.o)
                0x2001c06c                IsisTrxCommon_TxSendAX25DefClSign
 .text.IsisTrxCommon_TxSetIdlestate
                0x2001c160       0x78 C:/Hoopoe3/satellite-subsystems/demo/..//satellite-subsystems/lib\libSatelliteSubsystemsD.a(IsisTRXCommon.o)
                0x2001c160                IsisTrxCommon_TxSetIdlestate
 .text.IsisTrxCommon_TxSetAx25Bitrate
                0x2001c1d8       0x78 C:/Hoopoe3/satellite-subsystems/demo/..//satellite-subsystems/lib\libSatelliteSubsystemsD.a(IsisTRXCommon.o)
                0x2001c1d8                IsisTrxCommon_TxSetAx25Bitrate
 .text.IsisTrxCommon_RxGetFrameCount
                0x2001c250       0x8c C:/Hoopoe3/satellite-subsystems/demo/..//satellite-subsystems/lib\libSatelliteSubsystemsD.a(IsisTRXCommon.o)
                0x2001c250                IsisTrxCommon_RxGetFrameCount
 .text.IsisTrxCommon_RxGetTelemetryAll_revC
                0x2001c2dc       0x8c C:/Hoopoe3/satellite-subsystems/demo/..//satellite-subsystems/lib\libSatelliteSubsystemsD.a(IsisTRXCommon.o)
                0x2001c2dc                IsisTrxCommon_RxGetTelemetryAll_revC
 .text.log      0x2001c368      0x17c c:/isis/application/toolchain/bin/../lib/gcc/arm-none-eabi/4.7.4/../../../../arm-none-eabi/lib\libm.a(lib_a-w_log.o)
                0x2001c368                log
 *fill*         0x2001c4e4        0x4 00
 .text.__ieee754_log
                0x2001c4e8      0x5c0 c:/isis/application/toolchain/bin/../lib/gcc/arm-none-eabi/4.7.4/../../../../arm-none-eabi/lib\libm.a(lib_a-e_log.o)
                0x2001c4e8                __ieee754_log
 .text.matherr  0x2001caa8        0x8 c:/isis/application/toolchain/bin/../lib/gcc/arm-none-eabi/4.7.4/../../../../arm-none-eabi/lib\libm.a(lib_a-s_matherr.o)
                0x2001caa8                matherr
 .text.nan      0x2001cab0       0x10 c:/isis/application/toolchain/bin/../lib/gcc/arm-none-eabi/4.7.4/../../../../arm-none-eabi/lib\libm.a(lib_a-s_nan.o)
                0x2001cab0                nan
 .text.fn_init  0x2001cac0      0x2e0 C:/Hoopoe3/satellite-subsystems/demo/../..//hal/hcc/lib\libHCCD.a(fat_common.o)
                0x2001cac0                fn_init
 .text._f_get16bitl
                0x2001cda0       0x4c C:/Hoopoe3/satellite-subsystems/demo/../..//hal/hcc/lib\libHCCD.a(fat_common.o)
                0x2001cda0                _f_get16bitl
 .text._f_set16bitl
                0x2001cdec       0x54 C:/Hoopoe3/satellite-subsystems/demo/../..//hal/hcc/lib\libHCCD.a(fat_common.o)
                0x2001cdec                _f_set16bitl
 .text._f_get32bitl
                0x2001ce40       0x68 C:/Hoopoe3/satellite-subsystems/demo/../..//hal/hcc/lib\libHCCD.a(fat_common.o)
                0x2001ce40                _f_get32bitl
 .text._f_set32bitl
                0x2001cea8       0x78 C:/Hoopoe3/satellite-subsystems/demo/../..//hal/hcc/lib\libHCCD.a(fat_common.o)
                0x2001cea8                _f_set32bitl
 .text._get8bit
                0x2001cf20       0xa0 C:/Hoopoe3/satellite-subsystems/demo/../..//hal/hcc/lib\libHCCD.a(fat_common.o)
 .text._get16bitl
                0x2001cfc0       0x40 C:/Hoopoe3/satellite-subsystems/demo/../..//hal/hcc/lib\libHCCD.a(fat_common.o)
 .text._get32bitl
                0x2001d000       0x3c C:/Hoopoe3/satellite-subsystems/demo/../..//hal/hcc/lib\libHCCD.a(fat_common.o)
 .text._f_setcardremoved
                0x2001d03c       0x94 C:/Hoopoe3/satellite-subsystems/demo/../..//hal/hcc/lib\libHCCD.a(fat_common.o)
 .text._f_checkstatus
                0x2001d0d0      0x104 C:/Hoopoe3/satellite-subsystems/demo/../..//hal/hcc/lib\libHCCD.a(fat_common.o)
                0x2001d0d0                _f_checkstatus
 .text._f_drvgetphy
                0x2001d1d4      0x114 C:/Hoopoe3/satellite-subsystems/demo/../..//hal/hcc/lib\libHCCD.a(fat_common.o)
 .text._f_drvwritesector
                0x2001d2e8       0xdc C:/Hoopoe3/satellite-subsystems/demo/../..//hal/hcc/lib\libHCCD.a(fat_common.o)
 .text._f_drvreadsector
                0x2001d3c4       0xa8 C:/Hoopoe3/satellite-subsystems/demo/../..//hal/hcc/lib\libHCCD.a(fat_common.o)
 .text._f_writesector
                0x2001d46c      0x23c C:/Hoopoe3/satellite-subsystems/demo/../..//hal/hcc/lib\libHCCD.a(fat_common.o)
                0x2001d46c                _f_writesector
 .text._f_readsector
                0x2001d6a8      0x1dc C:/Hoopoe3/satellite-subsystems/demo/../..//hal/hcc/lib\libHCCD.a(fat_common.o)
                0x2001d6a8                _f_readsector
 .text._f_getmaxcluster
                0x2001d884       0x94 C:/Hoopoe3/satellite-subsystems/demo/../..//hal/hcc/lib\libHCCD.a(fat_common.o)
                0x2001d884                _f_getmaxcluster
 .text._getsectorfromcluster
                0x2001d918       0x68 C:/Hoopoe3/satellite-subsystems/demo/../..//hal/hcc/lib\libHCCD.a(fat_common.o)
 .text._f_buildsectors
                0x2001d980      0x268 C:/Hoopoe3/satellite-subsystems/demo/../..//hal/hcc/lib\libHCCD.a(fat_common.o)
 .text._f_getbootrecord
                0x2001dbe8      0x5e4 C:/Hoopoe3/satellite-subsystems/demo/../..//hal/hcc/lib\libHCCD.a(fat_common.o)
 .text._f_readbootrecord
                0x2001e1cc      0x4f8 C:/Hoopoe3/satellite-subsystems/demo/../..//hal/hcc/lib\libHCCD.a(fat_common.o)
 .text._f_flushcffiles
                0x2001e6c4      0x17c C:/Hoopoe3/satellite-subsystems/demo/../..//hal/hcc/lib\libHCCD.a(fat_common.o)
                0x2001e6c4                _f_flushcffiles
 .text._f_fatcache_flush
                0x2001e840      0x270 C:/Hoopoe3/satellite-subsystems/demo/../..//hal/hcc/lib\libHCCD.a(fat_common.o)
                0x2001e840                _f_fatcache_flush
 .text._f_writefatsector
                0x2001eab0      0x100 C:/Hoopoe3/satellite-subsystems/demo/../..//hal/hcc/lib\libHCCD.a(fat_common.o)
                0x2001eab0                _f_writefatsector
 .text._f_getfatsector
                0x2001ebb0      0x3bc C:/Hoopoe3/satellite-subsystems/demo/../..//hal/hcc/lib\libHCCD.a(fat_common.o)
 .text._f_setclustervalue
                0x2001ef6c      0x490 C:/Hoopoe3/satellite-subsystems/demo/../..//hal/hcc/lib\libHCCD.a(fat_common.o)
                0x2001ef6c                _f_setclustervalue
 .text._f_getclustervalue
                0x2001f3fc      0x388 C:/Hoopoe3/satellite-subsystems/demo/../..//hal/hcc/lib\libHCCD.a(fat_common.o)
                0x2001f3fc                _f_getclustervalue
 .text._f_close_drive_files
                0x2001f784       0xac C:/Hoopoe3/satellite-subsystems/demo/../..//hal/hcc/lib\libHCCD.a(fat_common.o)
 .text._f_inc_mount_count
                0x2001f830       0xa4 C:/Hoopoe3/satellite-subsystems/demo/../..//hal/hcc/lib\libHCCD.a(fat_common.o)
 .text._f_getvolume
                0x2001f8d4      0x2f8 C:/Hoopoe3/satellite-subsystems/demo/../..//hal/hcc/lib\libHCCD.a(fat_common.o)
                0x2001f8d4                _f_getvolume
 .text.fn_createdriver
                0x2001fbcc      0x118 C:/Hoopoe3/satellite-subsystems/demo/../..//hal/hcc/lib\libHCCD.a(fat_common.o)
                0x2001fbcc                fn_createdriver
 .text.fn_initvolume
                0x2001fce4      0x12c C:/Hoopoe3/satellite-subsystems/demo/../..//hal/hcc/lib\libHCCD.a(fat_common.o)
                0x2001fce4                fn_initvolume
 .text.fn_initvolumepartition_sub
                0x2001fe10       0xe0 C:/Hoopoe3/satellite-subsystems/demo/../..//hal/hcc/lib\libHCCD.a(fat_common.o)
 .text.fn_initvolumepartition
                0x2001fef0       0xac C:/Hoopoe3/satellite-subsystems/demo/../..//hal/hcc/lib\libHCCD.a(fat_common.o)
                0x2001fef0                fn_initvolumepartition
 .text._f_clustertopos
                0x2001ff9c       0xf8 C:/Hoopoe3/satellite-subsystems/demo/../..//hal/hcc/lib\libHCCD.a(fat_common.o)
                0x2001ff9c                _f_clustertopos
 .text._f_getcurrsector
                0x20020094      0x6c8 C:/Hoopoe3/satellite-subsystems/demo/../..//hal/hcc/lib\libHCCD.a(fat_common.o)
                0x20020094                _f_getcurrsector
 .text._f_getdecluster
                0x2002075c       0x90 C:/Hoopoe3/satellite-subsystems/demo/../..//hal/hcc/lib\libHCCD.a(fat_common.o)
                0x2002075c                _f_getdecluster
 .text._f_setdecluster
                0x200207ec       0x8c C:/Hoopoe3/satellite-subsystems/demo/../..//hal/hcc/lib\libHCCD.a(fat_common.o)
                0x200207ec                _f_setdecluster
 .text.fn_getdrive
                0x20020878       0x30 C:/Hoopoe3/satellite-subsystems/demo/../..//hal/hcc/lib\libHCCD.a(fat_common.o)
                0x20020878                fn_getdrive
 .text._f_getcurrenttimedate
                0x200208a8      0x138 C:/Hoopoe3/satellite-subsystems/demo/../..//hal/hcc/lib\libHCCD.a(fat_common.o)
                0x200208a8                _f_getcurrenttimedate
 .text._f_initentry
                0x200209e0       0xa0 C:/Hoopoe3/satellite-subsystems/demo/../..//hal/hcc/lib\libHCCD.a(fat_common.o)
                0x200209e0                _f_initentry
 .text._f_alloccluster
                0x20020a80      0x344 C:/Hoopoe3/satellite-subsystems/demo/../..//hal/hcc/lib\libHCCD.a(fat_common.o)
                0x20020a80                _f_alloccluster
 .text._f_dobadblock
                0x20020dc4      0x2cc C:/Hoopoe3/satellite-subsystems/demo/../..//hal/hcc/lib\libHCCD.a(fat_common.o)
                0x20020dc4                _f_dobadblock
 .text._f_checklocked
                0x20021090       0xe4 C:/Hoopoe3/satellite-subsystems/demo/../..//hal/hcc/lib\libHCCD.a(fat_common.o)
                0x20021090                _f_checklocked
 .text._f_checkappendlocked
                0x20021174      0x110 C:/Hoopoe3/satellite-subsystems/demo/../..//hal/hcc/lib\libHCCD.a(fat_common.o)
                0x20021174                _f_checkappendlocked
 .text._f_setsyncafile
                0x20021284      0x114 C:/Hoopoe3/satellite-subsystems/demo/../..//hal/hcc/lib\libHCCD.a(fat_common.o)
                0x20021284                _f_setsyncafile
 .text._f_syncfiles
                0x20021398      0x128 C:/Hoopoe3/satellite-subsystems/demo/../..//hal/hcc/lib\libHCCD.a(fat_common.o)
                0x20021398                _f_syncfiles
 .text._f_syncfilescontent
                0x200214c0      0x15c C:/Hoopoe3/satellite-subsystems/demo/../..//hal/hcc/lib\libHCCD.a(fat_common.o)
 .text.fn_getfreespace
                0x2002161c      0x4c0 C:/Hoopoe3/satellite-subsystems/demo/../..//hal/hcc/lib\libHCCD.a(fat_common.o)
                0x2002161c                fn_getfreespace
 .text._f_emptywritecache
                0x20021adc      0x4a4 C:/Hoopoe3/satellite-subsystems/demo/../..//hal/hcc/lib\libHCCD.a(fat_common.o)
 .text._f_allocnextcluster
                0x20021f80      0x54c C:/Hoopoe3/satellite-subsystems/demo/../..//hal/hcc/lib\libHCCD.a(fat_common.o)
 .text._f_emptywritebuffer
                0x200224cc      0x20c C:/Hoopoe3/satellite-subsystems/demo/../..//hal/hcc/lib\libHCCD.a(fat_common.o)
 .text._f_writezeros
                0x200226d8       0xf0 C:/Hoopoe3/satellite-subsystems/demo/../..//hal/hcc/lib\libHCCD.a(fat_common.o)
                0x200226d8                _f_writezeros
 .text._f_extend_file
                0x200227c8      0x570 C:/Hoopoe3/satellite-subsystems/demo/../..//hal/hcc/lib\libHCCD.a(fat_common.o)
 .text._f_fseek
                0x20022d38      0x9bc C:/Hoopoe3/satellite-subsystems/demo/../..//hal/hcc/lib\libHCCD.a(fat_common.o)
                0x20022d38                _f_fseek
 .text._f_removechain
                0x200236f4      0x104 C:/Hoopoe3/satellite-subsystems/demo/../..//hal/hcc/lib\libHCCD.a(fat_common.o)
                0x200236f4                _f_removechain
 .text._f_updatefileentry
                0x200237f8      0x1cc C:/Hoopoe3/satellite-subsystems/demo/../..//hal/hcc/lib\libHCCD.a(fat_common.o)
 .text._f_checkreadlocked
                0x200239c4      0x1bc C:/Hoopoe3/satellite-subsystems/demo/../..//hal/hcc/lib\libHCCD.a(fat_common.o)
                0x200239c4                _f_checkreadlocked
 .text._f_check_handle
                0x20023b80       0x98 C:/Hoopoe3/satellite-subsystems/demo/../..//hal/hcc/lib\libHCCD.a(fat_common.o)
                0x20023b80                _f_check_handle
 .text._f_removesyncafile
                0x20023c18      0x1ec C:/Hoopoe3/satellite-subsystems/demo/../..//hal/hcc/lib\libHCCD.a(fat_common.o)
 .text.fn_close
                0x20023e04      0x3f8 C:/Hoopoe3/satellite-subsystems/demo/../..//hal/hcc/lib\libHCCD.a(fat_common.o)
                0x20023e04                fn_close
 .text.fn_flush
                0x200241fc      0x374 C:/Hoopoe3/satellite-subsystems/demo/../..//hal/hcc/lib\libHCCD.a(fat_common.o)
                0x200241fc                fn_flush
 .text.fn_read  0x20024570      0x690 C:/Hoopoe3/satellite-subsystems/demo/../..//hal/hcc/lib\libHCCD.a(fat_common.o)
                0x20024570                fn_read
 .text._f_abortwrite
                0x20024c00      0x100 C:/Hoopoe3/satellite-subsystems/demo/../..//hal/hcc/lib\libHCCD.a(fat_common.o)
 .text._f_checkwritecluster
                0x20024d00       0xe4 C:/Hoopoe3/satellite-subsystems/demo/../..//hal/hcc/lib\libHCCD.a(fat_common.o)
 .text.fn_write
                0x20024de4      0x8a8 C:/Hoopoe3/satellite-subsystems/demo/../..//hal/hcc/lib\libHCCD.a(fat_common.o)
                0x20024de4                fn_write
 .text.fn_seek  0x2002568c      0x270 C:/Hoopoe3/satellite-subsystems/demo/../..//hal/hcc/lib\libHCCD.a(fat_common.o)
                0x2002568c                fn_seek
 .text.f_enterFS
                0x200258fc      0x1c0 C:/Hoopoe3/satellite-subsystems/demo/../..//hal/hcc/lib\libHCCD.a(fat_common.o)
                0x200258fc                f_enterFS
 .text.f_releaseFS
                0x20025abc       0xb0 C:/Hoopoe3/satellite-subsystems/demo/../..//hal/hcc/lib\libHCCD.a(fat_common.o)
                0x20025abc                f_releaseFS
 .text.fnGetTask
                0x20025b6c       0xfc C:/Hoopoe3/satellite-subsystems/demo/../..//hal/hcc/lib\libHCCD.a(fat_common.o)
                0x20025b6c                fnGetTask
 .text._f_mutex_get
                0x20025c68       0x98 C:/Hoopoe3/satellite-subsystems/demo/../..//hal/hcc/lib\libHCCD.a(fat_common.o)
                0x20025c68                _f_mutex_get
 .text._f_mutex_put
                0x20025d00       0x54 C:/Hoopoe3/satellite-subsystems/demo/../..//hal/hcc/lib\libHCCD.a(fat_common.o)
                0x20025d00                _f_mutex_put
 .text._fn_initseekdivisor
                0x20025d54      0x158 C:/Hoopoe3/satellite-subsystems/demo/../..//hal/hcc/lib\libHCCD.a(fat_common.o)
                0x20025d54                _fn_initseekdivisor
 .text._fn_updateseekpos
                0x20025eac       0xc4 C:/Hoopoe3/satellite-subsystems/demo/../..//hal/hcc/lib\libHCCD.a(fat_common.o)
 .text._f_findopensize
                0x20025f70       0x2c C:/Hoopoe3/satellite-subsystems/demo/../..//hal/hcc/lib\libHCCD.a(fat_common.o)
                0x20025f70                _f_findopensize
 .text.fn_setlasterror
                0x20025f9c       0x34 C:/Hoopoe3/satellite-subsystems/demo/../..//hal/hcc/lib\libHCCD.a(fat_common.o)
                0x20025f9c                fn_setlasterror
 .text.fn_setlasterror_noret
                0x20025fd0       0x2c C:/Hoopoe3/satellite-subsystems/demo/../..//hal/hcc/lib\libHCCD.a(fat_common.o)
                0x20025fd0                fn_setlasterror_noret
 .text.fm_initvolume
                0x20025ffc       0x70 C:/Hoopoe3/satellite-subsystems/demo/../..//hal/hcc/lib\libHCCD.a(fat_m.o)
                0x20025ffc                fm_initvolume
 .text.fm_getdrive
                0x2002606c       0x70 C:/Hoopoe3/satellite-subsystems/demo/../..//hal/hcc/lib\libHCCD.a(fat_m.o)
                0x2002606c                fm_getdrive
 .text.fm_getfreespace
                0x200260dc       0x68 C:/Hoopoe3/satellite-subsystems/demo/../..//hal/hcc/lib\libHCCD.a(fat_m.o)
                0x200260dc                fm_getfreespace
 .text.fm_findfirst
                0x20026144       0x68 C:/Hoopoe3/satellite-subsystems/demo/../..//hal/hcc/lib\libHCCD.a(fat_m.o)
                0x20026144                fm_findfirst
 .text.fm_findnext
                0x200261ac       0x60 C:/Hoopoe3/satellite-subsystems/demo/../..//hal/hcc/lib\libHCCD.a(fat_m.o)
                0x200261ac                fm_findnext
 .text.fm_filelength
                0x2002620c       0x60 C:/Hoopoe3/satellite-subsystems/demo/../..//hal/hcc/lib\libHCCD.a(fat_m.o)
                0x2002620c                fm_filelength
 .text.fm_close
                0x2002626c       0x60 C:/Hoopoe3/satellite-subsystems/demo/../..//hal/hcc/lib\libHCCD.a(fat_m.o)
                0x2002626c                fm_close
 .text.fm_flush
                0x200262cc       0x60 C:/Hoopoe3/satellite-subsystems/demo/../..//hal/hcc/lib\libHCCD.a(fat_m.o)
                0x200262cc                fm_flush
 .text.fm_open  0x2002632c       0x68 C:/Hoopoe3/satellite-subsystems/demo/../..//hal/hcc/lib\libHCCD.a(fat_m.o)
                0x2002632c                fm_open
 .text.fm_read  0x20026394       0x7c C:/Hoopoe3/satellite-subsystems/demo/../..//hal/hcc/lib\libHCCD.a(fat_m.o)
                0x20026394                fm_read
 .text.fm_write
                0x20026410       0x7c C:/Hoopoe3/satellite-subsystems/demo/../..//hal/hcc/lib\libHCCD.a(fat_m.o)
                0x20026410                fm_write
 .text.fm_seek  0x2002648c       0x70 C:/Hoopoe3/satellite-subsystems/demo/../..//hal/hcc/lib\libHCCD.a(fat_m.o)
                0x2002648c                fm_seek
 .text.fm_delete
                0x200264fc       0x64 C:/Hoopoe3/satellite-subsystems/demo/../..//hal/hcc/lib\libHCCD.a(fat_m.o)
                0x200264fc                fm_delete
 .text._s_checkzeroclusteratend
                0x20026560       0xf8 C:/Hoopoe3/satellite-subsystems/demo/../..//hal/hcc/lib\libHCCD.a(safefat.o)
 .text._s_clearclustercontent
                0x20026658      0x108 C:/Hoopoe3/satellite-subsystems/demo/../..//hal/hcc/lib\libHCCD.a(safefat.o)
 .text._s_clearclustercontentdir
                0x20026760      0x19c C:/Hoopoe3/satellite-subsystems/demo/../..//hal/hcc/lib\libHCCD.a(safefat.o)
 .text._s_writedirsector
                0x200268fc       0xd0 C:/Hoopoe3/satellite-subsystems/demo/../..//hal/hcc/lib\libHCCD.a(safefat.o)
 .text._s_getdirsector
                0x200269cc      0x100 C:/Hoopoe3/satellite-subsystems/demo/../..//hal/hcc/lib\libHCCD.a(safefat.o)
 .text._s_addentry
                0x20026acc      0x394 C:/Hoopoe3/satellite-subsystems/demo/../..//hal/hcc/lib\libHCCD.a(safefat.o)
 .text._s_findfile
                0x20026e60      0x33c C:/Hoopoe3/satellite-subsystems/demo/../..//hal/hcc/lib\libHCCD.a(safefat.o)
 .text._s_findsubdir
                0x2002719c      0x248 C:/Hoopoe3/satellite-subsystems/demo/../..//hal/hcc/lib\libHCCD.a(safefat.o)
 .text._s_createfile
                0x200273e4      0x190 C:/Hoopoe3/satellite-subsystems/demo/../..//hal/hcc/lib\libHCCD.a(safefat.o)
 .text._s_findsaffile
                0x20027574      0x1b8 C:/Hoopoe3/satellite-subsystems/demo/../..//hal/hcc/lib\libHCCD.a(safefat.o)
 .text._s_open  0x2002772c       0xe4 C:/Hoopoe3/satellite-subsystems/demo/../..//hal/hcc/lib\libHCCD.a(safefat.o)
 .text._s_open_saf
                0x20027810       0xe8 C:/Hoopoe3/satellite-subsystems/demo/../..//hal/hcc/lib\libHCCD.a(safefat.o)
 .text._s_flush
                0x200278f8       0x84 C:/Hoopoe3/satellite-subsystems/demo/../..//hal/hcc/lib\libHCCD.a(safefat.o)
 .text._s_allocnextcluster
                0x2002797c      0x13c C:/Hoopoe3/satellite-subsystems/demo/../..//hal/hcc/lib\libHCCD.a(safefat.o)
 .text._s_getnextsector
                0x20027ab8       0xdc C:/Hoopoe3/satellite-subsystems/demo/../..//hal/hcc/lib\libHCCD.a(safefat.o)
 .text._s_seek  0x20027b94      0x1e8 C:/Hoopoe3/satellite-subsystems/demo/../..//hal/hcc/lib\libHCCD.a(safefat.o)
 .text._s_read  0x20027d7c      0x228 C:/Hoopoe3/satellite-subsystems/demo/../..//hal/hcc/lib\libHCCD.a(safefat.o)
 .text._s_write
                0x20027fa4      0x384 C:/Hoopoe3/satellite-subsystems/demo/../..//hal/hcc/lib\libHCCD.a(safefat.o)
 .text._s_restoreclusters
                0x20028328      0x270 C:/Hoopoe3/satellite-subsystems/demo/../..//hal/hcc/lib\libHCCD.a(safefat.o)