Archive member included because of file (symbol)

c:/isis/application/toolchain/bin/../lib/gcc/arm-none-eabi/4.7.4/../../../../arm-none-eabi/lib\libc_s.a(lib_a-vfprintf_float.o)
                              (_printf_float)
c:/isis/application/toolchain/bin/../lib/gcc/arm-none-eabi/4.7.4/../../../../arm-none-eabi/lib\libc_s.a(lib_a-vfprintf_i.o)
                              c:/isis/application/toolchain/bin/../lib/gcc/arm-none-eabi/4.7.4/../../../../arm-none-eabi/lib\libc_s.a(lib_a-vfprintf_float.o) (_printf_common)
c:/isis/application/toolchain/bin/../lib/gcc/arm-none-eabi/4.7.4/../../../../arm-none-eabi/lib\libc_s.a(lib_a-vfscanf_float.o)
                              (_scanf_float)
c:/isis/application/toolchain/bin/../lib/gcc/arm-none-eabi/4.7.4/../../../../arm-none-eabi/lib\libc_s.a(lib_a-dtoa.o)
                              c:/isis/application/toolchain/bin/../lib/gcc/arm-none-eabi/4.7.4/../../../../arm-none-eabi/lib\libc_s.a(lib_a-vfprintf_float.o) (_dtoa_r)
c:/isis/application/toolchain/bin/../lib/gcc/arm-none-eabi/4.7.4/../../../../arm-none-eabi/lib\libc_s.a(lib_a-locale.o)
                              c:/isis/application/toolchain/bin/../lib/gcc/arm-none-eabi/4.7.4/../../../../arm-none-eabi/lib\libc_s.a(lib_a-vfprintf_float.o) (_localeconv_r)
c:/isis/application/toolchain/bin/../lib/gcc/arm-none-eabi/4.7.4/../../../../arm-none-eabi/lib\libc_s.a(lib_a-malloc.o)
                              c:/isis/application/toolchain/bin/../lib/gcc/arm-none-eabi/4.7.4/../../../../arm-none-eabi/lib\libc_s.a(lib_a-dtoa.o) (malloc)
c:/isis/application/toolchain/bin/../lib/gcc/arm-none-eabi/4.7.4/../../../../arm-none-eabi/lib\libc_s.a(lib_a-mallocr.o)
                              c:/isis/application/toolchain/bin/../lib/gcc/arm-none-eabi/4.7.4/../../../../arm-none-eabi/lib\libc_s.a(lib_a-malloc.o) (_malloc_r)
c:/isis/application/toolchain/bin/../lib/gcc/arm-none-eabi/4.7.4/../../../../arm-none-eabi/lib\libc_s.a(lib_a-memcpy.o)
                              c:/isis/application/toolchain/bin/../lib/gcc/arm-none-eabi/4.7.4/../../../../arm-none-eabi/lib\libc_s.a(lib_a-dtoa.o) (memcpy)
c:/isis/application/toolchain/bin/../lib/gcc/arm-none-eabi/4.7.4/../../../../arm-none-eabi/lib\libc_s.a(lib_a-mprec.o)
                              c:/isis/application/toolchain/bin/../lib/gcc/arm-none-eabi/4.7.4/../../../../arm-none-eabi/lib\libc_s.a(lib_a-dtoa.o) (_Balloc)
c:/isis/application/toolchain/bin/../lib/gcc/arm-none-eabi/4.7.4/../../../../arm-none-eabi/lib\libc_s.a(lib_a-s_fpclassify.o)
                              c:/isis/application/toolchain/bin/../lib/gcc/arm-none-eabi/4.7.4/../../../../arm-none-eabi/lib\libc_s.a(lib_a-vfprintf_float.o) (__fpclassifyd)
c:/isis/application/toolchain/bin/../lib/gcc/arm-none-eabi/4.7.4/../../../../arm-none-eabi/lib\libc_s.a(lib_a-sbrkr.o)
                              c:/isis/application/toolchain/bin/../lib/gcc/arm-none-eabi/4.7.4/../../../../arm-none-eabi/lib\libc_s.a(lib_a-mallocr.o) (_sbrk_r)
c:/isis/application/toolchain/bin/../lib/gcc/arm-none-eabi/4.7.4/../../../../arm-none-eabi/lib\libc_s.a(lib_a-sf_nan.o)
                              c:/isis/application/toolchain/bin/../lib/gcc/arm-none-eabi/4.7.4/../../../../arm-none-eabi/lib\libc_s.a(lib_a-vfscanf_float.o) (nanf)
c:/isis/application/toolchain/bin/../lib/gcc/arm-none-eabi/4.7.4/../../../../arm-none-eabi/lib\libc_s.a(lib_a-sprintf.o)
                              c:/isis/application/toolchain/bin/../lib/gcc/arm-none-eabi/4.7.4/../../../../arm-none-eabi/lib\libc_s.a(lib_a-vfscanf_float.o) (sprintf)
c:/isis/application/toolchain/bin/../lib/gcc/arm-none-eabi/4.7.4/../../../../arm-none-eabi/lib\libc_s.a(lib_a-strcmp.o)
                              c:/isis/application/toolchain/bin/../lib/gcc/arm-none-eabi/4.7.4/../../../../arm-none-eabi/lib\libc_s.a(lib_a-locale.o) (strcmp)
c:/isis/application/toolchain/bin/../lib/gcc/arm-none-eabi/4.7.4/../../../../arm-none-eabi/lib\libc_s.a(lib_a-strlen.o)
                              c:/isis/application/toolchain/bin/../lib/gcc/arm-none-eabi/4.7.4/../../../../arm-none-eabi/lib\libc_s.a(lib_a-vfprintf_float.o) (strlen)
c:/isis/application/toolchain/bin/../lib/gcc/arm-none-eabi/4.7.4/../../../../arm-none-eabi/lib\libc_s.a(lib_a-strtod.o)
                              c:/isis/application/toolchain/bin/../lib/gcc/arm-none-eabi/4.7.4/../../../../arm-none-eabi/lib\libc_s.a(lib_a-vfscanf_float.o) (_strtod_r)
c:/isis/application/toolchain/bin/../lib/gcc/arm-none-eabi/4.7.4/../../../../arm-none-eabi/lib\libc_s.a(lib_a-strtol.o)
                              c:/isis/application/toolchain/bin/../lib/gcc/arm-none-eabi/4.7.4/../../../../arm-none-eabi/lib\libc_s.a(lib_a-vfscanf_float.o) (_strtol_r)
c:/isis/application/toolchain/bin/../lib/gcc/arm-none-eabi/4.7.4/../../../../arm-none-eabi/lib\libc_s.a(lib_a-svfprintf.o)
                              c:/isis/application/toolchain/bin/../lib/gcc/arm-none-eabi/4.7.4/../../../../arm-none-eabi/lib\libc_s.a(lib_a-sprintf.o) (_svfprintf_r)
[...]
Memory Configuration

Name             Origin             Length             Attributes
sram0            0x00200000         0x00004000         w !xr
sram1            0x00300000         0x00004000         w !xr
sdram            0x20000000         0x02000000         w !xr
*default*        0x00000000         0xffffffff

Linker script and memory map

LOAD c:/isis/application/toolchain/bin/../lib/gcc/arm-none-eabi/4.7.4/../../../../arm-none-eabi/lib\libc_s.a
LOAD ./src/sub-systemCode/Main/CMD/COMM_CMD.o
LOAD ./src/sub-systemCode/Main/CMD/EPS_CMD.o
LOAD ./src/sub-systemCode/Main/CMD/General_CMD.o
LOAD ./src/sub-systemCode/Main/CMD/SW_CMD.o
LOAD ./src/sub-systemCode/Main/CMD/payload_CMD.o
LOAD ./src/sub-systemCode/Main/Ants.o
LOAD ./src/sub-systemCode/Main/EPS.o
LOAD ./src/sub-systemCode/Main/HouseKeeping.o
LOAD ./src/sub-systemCode/Main/Main_Init.o
LOAD ./src/sub-systemCode/Main/commands.o
LOAD ./src/sub-systemCode/Global/Global.o
LOAD ./src/sub-systemCode/Global/GlobalParam.o
LOAD ./src/sub-systemCode/Global/OnlineTM.o
LOAD ./src/sub-systemCode/Global/TLM_management.o
LOAD ./src/sub-systemCode/COMM/APRS.o
LOAD ./src/sub-systemCode/COMM/DelayedCommand_list.o
LOAD ./src/sub-systemCode/COMM/GSC.o
LOAD ./src/sub-systemCode/COMM/TRXVU.o
LOAD ./src/sub-systemCode/ADCS/ADCS.o
LOAD ./src/sub-systemCode/ADCS/Stage_Table.o
LOAD ./src/main.o
LOAD C:/HOOPOE3/satellite-subsystems/demo/..//satellite-subsystems/lib\libSatelliteSubsystemsD.a
LOAD c:/isis/application/toolchain/bin/../lib/gcc/arm-none-eabi/4.7.4/../../../../arm-none-eabi/lib\libm.a
LOAD C:/HOOPOE3/satellite-subsystems/demo/../..//hal/hcc/lib\libHCCD.a
LOAD C:/HOOPOE3/satellite-subsystems/demo/../..//hal/hal/lib\libHALD.a
LOAD C:/HOOPOE3/satellite-subsystems/demo/../..//hal/freertos/lib\libFreeRTOSD.a
LOAD C:/HOOPOE3/satellite-subsystems/demo/../..//hal/at91/lib\libAt91D.a
START GROUP
LOAD c:/isis/application/toolchain/bin/../lib/gcc/arm-none-eabi/4.7.4\libgcc.a
LOAD c:/isis/application/toolchain/bin/../lib/gcc/arm-none-eabi/4.7.4/../../../../arm-none-eabi/lib\libc_s.a
END GROUP

.fixed          0x20000000    0x40160
                0x20000000                . = ALIGN (0x4)
                0x20000000                _sfixed = .
 *(.startup)
 .startup       0x20000000      0x134 C:/HOOPOE3/satellite-subsystems/demo/../..//hal/at91/lib\libAt91D.a(board_cstartup.o)
                0x20000000                entry
 *(.text)
 .text          0x20000134       0x64 C:/HOOPOE3/satellite-subsystems/demo/../..//hal/at91/lib\libAt91D.a(cp15_asm.o)
                0x20000134                _readControlRegister
                0x20000140                _writeControlRegister
                0x20000148                _waitForInterrupt
                0x20000154                _writeTTB
                0x2000015c                _writeDomain
                0x20000164                _writeITLBLockdown
                0x2000016c                _prefetchICacheLine
                0x20000174                _flushDCache
                0x20000180                _flushWriteBuffer
                0x2000018c                _invalidateIDTLBs
 .text          0x20000198      0x114 c:/isis/application/toolchain/bin/../lib/gcc/arm-none-eabi/4.7.4\libgcc.a(_udivsi3.o)
                0x20000198                __aeabi_uidiv
                0x20000198                __udivsi3
                0x2000028c                __aeabi_uidivmod
 .text          0x200002ac      0x148 c:/isis/application/toolchain/bin/../lib/gcc/arm-none-eabi/4.7.4\libgcc.a(_divsi3.o)
                0x200002ac                __divsi3
                0x200002ac                __aeabi_idiv
                0x200003d4                __aeabi_idivmod
 .text          0x200003f4        0x4 c:/isis/application/toolchain/bin/../lib/gcc/arm-none-eabi/4.7.4\libgcc.a(_dvmd_tls.o)
                0x200003f4                __aeabi_idiv0
                0x200003f4                __aeabi_ldiv0
 .text          0x200003f8      0x41c c:/isis/application/toolchain/bin/../lib/gcc/arm-none-eabi/4.7.4\libgcc.a(_arm_addsubdf3.o)
                0x200003f8                __aeabi_drsub
                0x20000400                __aeabi_dsub
                0x20000400                __subdf3
                0x20000404                __aeabi_dadd
                0x20000404                __adddf3
                0x20000714                __floatunsidf
                0x20000714                __aeabi_ui2d
                0x20000738                __floatsidf
                0x20000738                __aeabi_i2d
                0x20000760                __aeabi_f2d
                0x20000760                __extendsfdf2
                0x200007a0                __floatundidf
                0x200007a0                __aeabi_ul2d
                0x200007b4                __floatdidf
                0x200007b4                __aeabi_l2d
 .text          0x20000814      0x49c c:/isis/application/toolchain/bin/../lib/gcc/arm-none-eabi/4.7.4\libgcc.a(_arm_muldivdf3.o)
                0x20000814                __aeabi_dmul
                0x20000814                __muldf3
                0x20000aa4                __divdf3
                0x20000aa4                __aeabi_ddiv
 .text          0x20000cb0      0x144 c:/isis/application/toolchain/bin/../lib/gcc/arm-none-eabi/4.7.4\libgcc.a(_arm_cmpdf2.o)
                0x20000cb0                __gtdf2
                0x20000cb0                __gedf2
                0x20000cb8                __ltdf2
                0x20000cb8                __ledf2
                0x20000cc0                __nedf2
                0x20000cc0                __eqdf2
                0x20000cc0                __cmpdf2
                0x20000d48                __aeabi_cdrcmple
                0x20000d64                __aeabi_cdcmpeq
                0x20000d64                __aeabi_cdcmple
                0x20000d7c                __aeabi_dcmpeq
                0x20000d94                __aeabi_dcmplt
                0x20000dac                __aeabi_dcmple
                0x20000dc4                __aeabi_dcmpge
                0x20000ddc                __aeabi_dcmpgt
 .text          0x20000df4       0x5c c:/isis/application/toolchain/bin/../lib/gcc/arm-none-eabi/4.7.4\libgcc.a(_arm_fixdfsi.o)
                0x20000df4                __aeabi_d2iz
                0x20000df4                __fixdfsi
 .text          0x20000e50       0x54 c:/isis/application/toolchain/bin/../lib/gcc/arm-none-eabi/4.7.4\libgcc.a(_arm_fixunsdfsi.o)
                0x20000e50                __aeabi_d2uiz
                0x20000e50                __fixunsdfsi
 .text          0x20000ea4       0xa0 c:/isis/application/toolchain/bin/../lib/gcc/arm-none-eabi/4.7.4\libgcc.a(_arm_truncdfsf2.o)
                0x20000ea4                __truncdfsf2
                0x20000ea4                __aeabi_d2f
 .text          0x20000f44      0x2ac c:/isis/application/toolchain/bin/../lib/gcc/arm-none-eabi/4.7.4\libgcc.a(_arm_addsubsf3.o)
                0x20000f44                __aeabi_frsub
                0x20000f4c                __subsf3
                0x20000f4c                __aeabi_fsub
                0x20000f50                __aeabi_fadd
                0x20000f50                __addsf3
                0x2000110c                __aeabi_ui2f
                0x2000110c                __floatunsisf
                0x20001114                __aeabi_i2f
                0x20001114                __floatsisf
                0x20001134                __aeabi_ul2f
                0x20001134                __floatundisf
                0x20001144                __aeabi_l2f
                0x20001144                __floatdisf
 .text          0x200011f0      0x2f8 c:/isis/application/toolchain/bin/../lib/gcc/arm-none-eabi/4.7.4\libgcc.a(_arm_muldivsf3.o)
                0x200011f0                __mulsf3
                0x200011f0                __aeabi_fmul
                0x20001388                __aeabi_fdiv
                0x20001388                __divsf3
 .text          0x200014e8       0x54 c:/isis/application/toolchain/bin/../lib/gcc/arm-none-eabi/4.7.4\libgcc.a(_arm_fixunssfsi.o)
                0x200014e8                __fixunssfsi
                0x200014e8                __aeabi_f2uiz
 *(.text*)
 .text.__cvt    0x2000153c      0x138 c:/isis/application/toolchain/bin/../lib/gcc/arm-none-eabi/4.7.4/../../../../arm-none-eabi/lib\libc_s.a(lib_a-vfprintf_float.o)
                0x2000153c                __cvt
 .text.__exponent
                0x20001674       0xa8 c:/isis/application/toolchain/bin/../lib/gcc/arm-none-eabi/4.7.4/../../../../arm-none-eabi/lib\libc_s.a(lib_a-vfprintf_float.o)
                0x20001674                __exponent
 .text._printf_float
                0x2000171c      0x7dc c:/isis/application/toolchain/bin/../lib/gcc/arm-none-eabi/4.7.4/../../../../arm-none-eabi/lib\libc_s.a(lib_a-vfprintf_float.o)
                0x2000171c                _printf_float
 .text._printf_common
                0x20001ef8      0x174 c:/isis/application/toolchain/bin/../lib/gcc/arm-none-eabi/4.7.4/../../../../arm-none-eabi/lib\libc_s.a(lib_a-vfprintf_i.o)
                0x20001ef8                _printf_common
 .text._printf_i
                0x2000206c      0x3c4 c:/isis/application/toolchain/bin/../lib/gcc/arm-none-eabi/4.7.4/../../../../arm-none-eabi/lib\libc_s.a(lib_a-vfprintf_i.o)
                0x2000206c                _printf_i
 .text._scanf_float
                0x20002430      0x5f4 c:/isis/application/toolchain/bin/../lib/gcc/arm-none-eabi/4.7.4/../../../../arm-none-eabi/lib\libc_s.a(lib_a-vfscanf_float.o)
                0x20002430                _scanf_float
 .text.quorem   0x20002a24      0x1ac c:/isis/application/toolchain/bin/../lib/gcc/arm-none-eabi/4.7.4/../../../../arm-none-eabi/lib\libc_s.a(lib_a-dtoa.o)
 .text._dtoa_r  0x20002bd0     0x1268 c:/isis/application/toolchain/bin/../lib/gcc/arm-none-eabi/4.7.4/../../../../arm-none-eabi/lib\libc_s.a(lib_a-dtoa.o)
                0x20002bd0                _dtoa_r
 .text._localeconv_r
                0x20003e38        0xc c:/isis/application/toolchain/bin/../lib/gcc/arm-none-eabi/4.7.4/../../../../arm-none-eabi/lib\libc_s.a(lib_a-locale.o)
                0x20003e38                _localeconv_r
 .text.malloc   0x20003e44       0x20 c:/isis/application/toolchain/bin/../lib/gcc/arm-none-eabi/4.7.4/../../../../arm-none-eabi/lib\libc_s.a(lib_a-malloc.o)
                0x20003e44                malloc
 .text.free     0x20003e64       0x20 c:/isis/application/toolchain/bin/../lib/gcc/arm-none-eabi/4.7.4/../../../../arm-none-eabi/lib\libc_s.a(lib_a-malloc.o)
                0x20003e64                free
 .text._malloc_r
                0x20003e84       0xfc c:/isis/application/toolchain/bin/../lib/gcc/arm-none-eabi/4.7.4/../../../../arm-none-eabi/lib\libc_s.a(lib_a-mallocr.o)
                0x20003e84                _malloc_r
 .text.memcpy   0x20003f80       0x20 c:/isis/application/toolchain/bin/../lib/gcc/arm-none-eabi/4.7.4/../../../../arm-none-eabi/lib\libc_s.a(lib_a-memcpy.o)
                0x20003f80                memcpy
 .text._Balloc  0x20003fa0       0xcc c:/isis/application/toolchain/bin/../lib/gcc/arm-none-eabi/4.7.4/../../../../arm-none-eabi/lib\libc_s.a(lib_a-mprec.o)
                0x20003fa0                _Balloc
 .text._Bfree   0x2000406c       0x5c c:/isis/application/toolchain/bin/../lib/gcc/arm-none-eabi/4.7.4/../../../../arm-none-eabi/lib\libc_s.a(lib_a-mprec.o)
                0x2000406c                _Bfree
 .text.__multadd
                0x200040c8       0xbc c:/isis/application/toolchain/bin/../lib/gcc/arm-none-eabi/4.7.4/../../../../arm-none-eabi/lib\libc_s.a(lib_a-mprec.o)
                0x200040c8                __multadd
 .text.__s2b    0x20004184       0xd8 c:/isis/application/toolchain/bin/../lib/gcc/arm-none-eabi/4.7.4/../../../../arm-none-eabi/lib\libc_s.a(lib_a-mprec.o)
                0x20004184                __s2b
 .text.__hi0bits
                0x2000425c       0x58 c:/isis/application/toolchain/bin/../lib/gcc/arm-none-eabi/4.7.4/../../../../arm-none-eabi/lib\libc_s.a(lib_a-mprec.o)
                0x2000425c                __hi0bits
 .text.__lo0bits
                0x200042b4       0x94 c:/isis/application/toolchain/bin/../lib/gcc/arm-none-eabi/4.7.4/../../../../arm-none-eabi/lib\libc_s.a(lib_a-mprec.o)
                0x200042b4                __lo0bits
 .text.__i2b    0x20004348       0x24 c:/isis/application/toolchain/bin/../lib/gcc/arm-none-eabi/4.7.4/../../../../arm-none-eabi/lib\libc_s.a(lib_a-mprec.o)
                0x20004348                __i2b
 .text.__multiply
                0x2000436c      0x1ac c:/isis/application/toolchain/bin/../lib/gcc/arm-none-eabi/4.7.4/../../../../arm-none-eabi/lib\libc_s.a(lib_a-mprec.o)
                0x2000436c                __multiply
 .text.__pow5mult
                0x20004518      0x10c c:/isis/application/toolchain/bin/../lib/gcc/arm-none-eabi/4.7.4/../../../../arm-none-eabi/lib\libc_s.a(lib_a-mprec.o)
                0x20004518                __pow5mult
 .text.__lshift
                0x20004624       0xf0 c:/isis/application/toolchain/bin/../lib/gcc/arm-none-eabi/4.7.4/../../../../arm-none-eabi/lib\libc_s.a(lib_a-mprec.o)
                0x20004624                __lshift
 .text.__mcmp   0x20004714       0x60 c:/isis/application/toolchain/bin/../lib/gcc/arm-none-eabi/4.7.4/../../../../arm-none-eabi/lib\libc_s.a(lib_a-mprec.o)
                0x20004714                __mcmp
 .text.__mdiff  0x20004774      0x128 c:/isis/application/toolchain/bin/../lib/gcc/arm-none-eabi/4.7.4/../../../../arm-none-eabi/lib\libc_s.a(lib_a-mprec.o)
                0x20004774                __mdiff
 .text.__ulp    0x2000489c       0x5c c:/isis/application/toolchain/bin/../lib/gcc/arm-none-eabi/4.7.4/../../../../arm-none-eabi/lib\libc_s.a(lib_a-mprec.o)
                0x2000489c                __ulp
 .text.__b2d    0x200048f8       0xc8 c:/isis/application/toolchain/bin/../lib/gcc/arm-none-eabi/4.7.4/../../../../arm-none-eabi/lib\libc_s.a(lib_a-mprec.o)
                0x200048f8                __b2d
 .text.__d2b    0x200049c0       0xfc c:/isis/application/toolchain/bin/../lib/gcc/arm-none-eabi/4.7.4/../../../../arm-none-eabi/lib\libc_s.a(lib_a-mprec.o)
                0x200049c0                __d2b
 .text.__ratio  0x20004abc       0x70 c:/isis/application/toolchain/bin/../lib/gcc/arm-none-eabi/4.7.4/../../../../arm-none-eabi/lib\libc_s.a(lib_a-mprec.o)
                0x20004abc                __ratio
 .text.__copybits
                0x20004b2c       0x4c c:/isis/application/toolchain/bin/../lib/gcc/arm-none-eabi/4.7.4/../../../../arm-none-eabi/lib\libc_s.a(lib_a-mprec.o)
                0x20004b2c                __copybits
 .text.__any_on
                0x20004b78       0x7c c:/isis/application/toolchain/bin/../lib/gcc/arm-none-eabi/4.7.4/../../../../arm-none-eabi/lib\libc_s.a(lib_a-mprec.o)
                0x20004b78                __any_on
 .text.__fpclassifyd
                0x20004bf4       0x6c c:/isis/application/toolchain/bin/../lib/gcc/arm-none-eabi/4.7.4/../../../../arm-none-eabi/lib\libc_s.a(lib_a-s_fpclassify.o)
                0x20004bf4                __fpclassifyd
 .text._sbrk_r  0x20004c60       0x3c c:/isis/application/toolchain/bin/../lib/gcc/arm-none-eabi/4.7.4/../../../../arm-none-eabi/lib\libc_s.a(lib_a-sbrkr.o)
                0x20004c60                _sbrk_r
 .text.nanf     0x20004c9c        0xc c:/isis/application/toolchain/bin/../lib/gcc/arm-none-eabi/4.7.4/../../../../arm-none-eabi/lib\libc_s.a(lib_a-sf_nan.o)
                0x20004c9c                nanf
 .text.sprintf  0x20004ca8       0x6c c:/isis/application/toolchain/bin/../lib/gcc/arm-none-eabi/4.7.4/../../../../arm-none-eabi/lib\libc_s.a(lib_a-sprintf.o)
                0x20004ca8                siprintf
                0x20004ca8                sprintf
 .text.strcmp   0x20004d14       0x1c c:/isis/application/toolchain/bin/../lib/gcc/arm-none-eabi/4.7.4/../../../../arm-none-eabi/lib\libc_s.a(lib_a-strcmp.o)
                0x20004d14                strcmp
 .text.strlen   0x20004d30       0x1c c:/isis/application/toolchain/bin/../lib/gcc/arm-none-eabi/4.7.4/../../../../arm-none-eabi/lib\libc_s.a(lib_a-strlen.o)
                0x20004d30                strlen
 .text.match    0x20004d4c       0x54 c:/isis/application/toolchain/bin/../lib/gcc/arm-none-eabi/4.7.4/../../../../arm-none-eabi/lib\libc_s.a(lib_a-strtod.o)
 .text._strtod_r
                0x20004da0     0x1168 c:/isis/application/toolchain/bin/../lib/gcc/arm-none-eabi/4.7.4/../../../../arm-none-eabi/lib\libc_s.a(lib_a-strtod.o)
                0x20004da0                _strtod_r
 .text._strtol_r
                0x20005f08      0x1b8 c:/isis/application/toolchain/bin/../lib/gcc/arm-none-eabi/4.7.4/../../../../arm-none-eabi/lib\libc_s.a(lib_a-strtol.o)
                0x20005f08                _strtol_r
 .text.__ssputc_r
                0x200060c0      0x10c c:/isis/application/toolchain/bin/../lib/gcc/arm-none-eabi/4.7.4/../../../../arm-none-eabi/lib\libc_s.a(lib_a-svfprintf.o)
                0x200060c0                __ssputc_r
 .text._svfprintf_r
                0x200061cc      0x328 c:/isis/application/toolchain/bin/../lib/gcc/arm-none-eabi/4.7.4/../../../../arm-none-eabi/lib\libc_s.a(lib_a-svfprintf.o)
                0x200061cc                _svfiprintf_r
                0x200061cc                _svfprintf_r
 .text._calloc_r
                0x200064f4       0x2c c:/isis/application/toolchain/bin/../lib/gcc/arm-none-eabi/4.7.4/../../../../arm-none-eabi/lib\libc_s.a(lib_a-callocr.o)
                0x200064f4                _calloc_r
 .text._free_r  0x20006520      0x108 c:/isis/application/toolchain/bin/../lib/gcc/arm-none-eabi/4.7.4/../../../../arm-none-eabi/lib\libc_s.a(lib_a-freer.o)
                0x20006520                _free_r
 .text.rshift   0x20006628       0xb0 c:/isis/application/toolchain/bin/../lib/gcc/arm-none-eabi/4.7.4/../../../../arm-none-eabi/lib\libc_s.a(lib_a-gdtoa-gethex.o)
 .text.htinit.constprop.0
                0x200066d8       0x34 c:/isis/application/toolchain/bin/../lib/gcc/arm-none-eabi/4.7.4/../../../../arm-none-eabi/lib\libc_s.a(lib_a-gdtoa-gethex.o)
 .text.__hexdig_init
                0x2000670c       0x38 c:/isis/application/toolchain/bin/../lib/gcc/arm-none-eabi/4.7.4/../../../../arm-none-eabi/lib\libc_s.a(lib_a-gdtoa-gethex.o)
                0x2000670c                __hexdig_init
 .text.__gethex
                0x20006744      0x6cc c:/isis/application/toolchain/bin/../lib/gcc/arm-none-eabi/4.7.4/../../../../arm-none-eabi/lib\libc_s.a(lib_a-gdtoa-gethex.o)
                0x20006744                __gethex
 .text.L_shift  0x20006e10       0x38 c:/isis/application/toolchain/bin/../lib/gcc/arm-none-eabi/4.7.4/../../../../arm-none-eabi/lib\libc_s.a(lib_a-gdtoa-hexnan.o)
 .text.__hexnan
                0x20006e48      0x1d8 c:/isis/application/toolchain/bin/../lib/gcc/arm-none-eabi/4.7.4/../../../../arm-none-eabi/lib\libc_s.a(lib_a-gdtoa-hexnan.o)
                0x20006e48                __hexnan
 .text.memchr   0x20007020       0x34 c:/isis/application/toolchain/bin/../lib/gcc/arm-none-eabi/4.7.4/../../../../arm-none-eabi/lib\libc_s.a(lib_a-memchr.o)
                0x20007020                memchr
 .text.memset   0x20007054       0x1c c:/isis/application/toolchain/bin/../lib/gcc/arm-none-eabi/4.7.4/../../../../arm-none-eabi/lib\libc_s.a(lib_a-memset.o)
                0x20007054                memset
 .text._realloc_r
                0x20007070       0x80 c:/isis/application/toolchain/bin/../lib/gcc/arm-none-eabi/4.7.4/../../../../arm-none-eabi/lib\libc_s.a(lib_a-reallocr.o)
                0x20007070                _realloc_r
 .text.strncmp  0x200070f0       0x64 c:/isis/application/toolchain/bin/../lib/gcc/arm-none-eabi/4.7.4/../../../../arm-none-eabi/lib\libc_s.a(lib_a-strncmp.o)
                0x200070f0                strncmp
 .text._malloc_usable_size_r
                0x20007154       0x1c c:/isis/application/toolchain/bin/../lib/gcc/arm-none-eabi/4.7.4/../../../../arm-none-eabi/lib\libc_s.a(lib_a-msizer.o)
                0x20007154                _malloc_usable_size_r
 .text.cmd_error
                0x20007170       0x38 ./src/sub-systemCode/Main/CMD/COMM_CMD.o
                0x20007170                cmd_error
 .text.cmd_mute
                0x200071a8       0xc4 ./src/sub-systemCode/Main/CMD/COMM_CMD.o
                0x200071a8                cmd_mute
 .text.cmd_unmute
                0x2000726c       0x4c ./src/sub-systemCode/Main/CMD/COMM_CMD.o
                0x2000726c                cmd_unmute
 .text.cmd_active_trans
                0x200072b8       0xc0 ./src/sub-systemCode/Main/CMD/COMM_CMD.o
                0x200072b8                cmd_active_trans
 .text.cmd_shut_trans
                0x20007378       0x38 ./src/sub-systemCode/Main/CMD/COMM_CMD.o
                0x20007378                cmd_shut_trans
 .text.cmd_change_trans_rssi
                0x200073b0       0xb8 ./src/sub-systemCode/Main/CMD/COMM_CMD.o
                0x200073b0                cmd_change_trans_rssi
 .text.cmd_aprs_dump
                0x20007468       0x50 ./src/sub-systemCode/Main/CMD/COMM_CMD.o
                0x20007468                cmd_aprs_dump
 .text.cmd_stop_dump
                0x200074b8       0x38 ./src/sub-systemCode/Main/CMD/COMM_CMD.o
                0x200074b8                cmd_stop_dump
 .text.cmd_time_frequency
                0x200074f0       0xc0 ./src/sub-systemCode/Main/CMD/COMM_CMD.o
                0x200074f0                cmd_time_frequency
 .text.cmd_upload_volt_logic
                0x200075b0      0x3d0 ./src/sub-systemCode/Main/CMD/EPS_CMD.o
                0x200075b0                cmd_upload_volt_logic
 .text.cmd_upload_volt_COMM
                0x20007980      0x1c8 ./src/sub-systemCode/Main/CMD/EPS_CMD.o
                0x20007980                cmd_upload_volt_COMM
 .text.cmd_heater_temp
                0x20007b48       0xc0 ./src/sub-systemCode/Main/CMD/EPS_CMD.o
                0x20007b48                cmd_heater_temp
 .text.cmd_SHUT_CAM
                0x20007c08       0x6c ./src/sub-systemCode/Main/CMD/EPS_CMD.o
                0x20007c08                cmd_SHUT_CAM
 .text.cmd_SHUT_ADCS
                0x20007c74       0x6c ./src/sub-systemCode/Main/CMD/EPS_CMD.o
                0x20007c74                cmd_SHUT_ADCS
 .text.cmd_allow_CAM
                0x20007ce0       0x6c ./src/sub-systemCode/Main/CMD/EPS_CMD.o
                0x20007ce0                cmd_allow_CAM
 .text.cmd_allow_ADCS
                0x20007d4c       0x6c ./src/sub-systemCode/Main/CMD/EPS_CMD.o
                0x20007d4c                cmd_allow_ADCS
 .text.cmd_generic_I2C
                0x20007db8       0xb4 ./src/sub-systemCode/Main/CMD/General_CMD.o
                0x20007db8                cmd_generic_I2C
 .text.cmd_dump
                0x20007e6c       0xf0 ./src/sub-systemCode/Main/CMD/General_CMD.o
                0x20007e6c                cmd_dump
 .text.cmd_delete_TM
                0x20007f5c      0x22c ./src/sub-systemCode/Main/CMD/General_CMD.o
                0x20007f5c                cmd_delete_TM
 .text.cmd_reset_file
                0x20008188      0x118 ./src/sub-systemCode/Main/CMD/General_CMD.o
                0x20008188                cmd_reset_file
 .text.cmd_dummy_func
                0x200082a0       0x40 ./src/sub-systemCode/Main/CMD/General_CMD.o
                0x200082a0                cmd_dummy_func
 .text.cmd_reset_TLM_SD
                0x200082e0       0x38 ./src/sub-systemCode/Main/CMD/General_CMD.o
                0x200082e0                cmd_reset_TLM_SD
 .text.cmd_soft_reset_cmponent
                0x20008318       0xb0 ./src/sub-systemCode/Main/CMD/General_CMD.o
                0x20008318                cmd_soft_reset_cmponent
 .text.cmd_hard_reset_cmponent
                0x200083c8       0xb0 ./src/sub-systemCode/Main/CMD/General_CMD.o
                0x200083c8                cmd_hard_reset_cmponent
 .text.cmd_reset_satellite
                0x20008478       0x78 ./src/sub-systemCode/Main/CMD/General_CMD.o
                0x20008478                cmd_reset_satellite
 .text.cmd_gracefull_reset_satellite
                0x200084f0       0x78 ./src/sub-systemCode/Main/CMD/General_CMD.o
                0x200084f0                cmd_gracefull_reset_satellite
 .text.cmd_upload_time
                0x20008568       0xb0 ./src/sub-systemCode/Main/CMD/General_CMD.o
                0x20008568                cmd_upload_time
 .text.cmd_ARM_DIARM
                0x20008618       0xd4 ./src/sub-systemCode/Main/CMD/General_CMD.o
                0x20008618                cmd_ARM_DIARM
 .text.cmd_get_onlineTM
                0x200086ec       0xb8 ./src/sub-systemCode/Main/CMD/General_CMD.o
                0x200086ec                cmd_get_onlineTM
 .text.cmd_reset_off_line
                0x200087a4       0x68 ./src/sub-systemCode/Main/CMD/General_CMD.o
                0x200087a4                cmd_reset_off_line
 .text.cmd_add_item_off_line
                0x2000880c       0xf0 ./src/sub-systemCode/Main/CMD/General_CMD.o
                0x2000880c                cmd_add_item_off_line
 .text.cmd_reset_delayed_command_list
                0x200088fc       0x3c ./src/sub-systemCode/Main/CMD/SW_CMD.o
                0x200088fc                cmd_reset_delayed_command_list
 .text.cmd_reset_APRS_list
                0x20008938       0x3c ./src/sub-systemCode/Main/CMD/SW_CMD.o
                0x20008938                cmd_reset_APRS_list
 .text.cmd_reset_FRAM
                0x20008974       0xe8 ./src/sub-systemCode/Main/CMD/SW_CMD.o
                0x20008974                cmd_reset_FRAM
 .text.ARM_ants
                0x20008a5c       0xb8 ./src/sub-systemCode/Main/Ants.o
                0x20008a5c                ARM_ants
 .text.DISARM_ants
                0x20008b14       0xb8 ./src/sub-systemCode/Main/Ants.o
                0x20008b14                DISARM_ants
 .text.round_vol
                0x20008bcc      0x124 ./src/sub-systemCode/Main/EPS.o
                0x20008bcc                round_vol
 .text.get_shut_ADCS
                0x20008cf0       0x48 ./src/sub-systemCode/Main/EPS.o
                0x20008cf0                get_shut_ADCS
 .text.shut_ADCS
                0x20008d38       0x44 ./src/sub-systemCode/Main/EPS.o
                0x20008d38                shut_ADCS
 .text.get_shut_CAM
                0x20008d7c       0x48 ./src/sub-systemCode/Main/EPS.o
                0x20008d7c                get_shut_CAM
 .text.shut_CAM
                0x20008dc4       0x44 ./src/sub-systemCode/Main/EPS.o
                0x20008dc4                shut_CAM
 .text.update_powerLines
                0x20008e08       0xec ./src/sub-systemCode/Main/EPS.o
                0x20008e08                update_powerLines
 .text.init_enterMode
                0x20008ef4       0x88 ./src/sub-systemCode/Main/EPS.o
                0x20008ef4                init_enterMode
 .text.EPS_Init
                0x20008f7c      0x1c8 ./src/sub-systemCode/Main/EPS.o
                0x20008f7c                EPS_Init
 .text.reset_FRAM_EPS
                0x20009144       0xa4 ./src/sub-systemCode/Main/EPS.o
                0x20009144                reset_FRAM_EPS
 .text.reset_EPS_voltages
                0x200091e8       0xbc ./src/sub-systemCode/Main/EPS.o
                0x200091e8                reset_EPS_voltages
 .text.battery_downward
                0x200092a4      0x114 ./src/sub-systemCode/Main/EPS.o
                0x200092a4                battery_downward
 .text.battery_upward
                0x200093b8      0x120 ./src/sub-systemCode/Main/EPS.o
                0x200093b8                battery_upward
 .text.EPS_Conditioning
                0x200094d8      0x1a4 ./src/sub-systemCode/Main/EPS.o
                0x200094d8                EPS_Conditioning
 .text.overRide_ADCS
                0x2000967c       0x50 ./src/sub-systemCode/Main/EPS.o
                0x2000967c                overRide_ADCS
 .text.overRide_Camera
                0x200096cc       0x38 ./src/sub-systemCode/Main/EPS.o
                0x200096cc                overRide_Camera
 .text.EnterFullMode
                0x20009704       0xfc ./src/sub-systemCode/Main/EPS.o
                0x20009704                EnterFullMode
 .text.EnterCruiseMode
                0x20009800       0xec ./src/sub-systemCode/Main/EPS.o
                0x20009800                EnterCruiseMode
 .text.EnterSafeMode
                0x200098ec       0xec ./src/sub-systemCode/Main/EPS.o
                0x200098ec                EnterSafeMode
 .text.EnterCriticalMode
                0x200099d8       0xd8 ./src/sub-systemCode/Main/EPS.o
                0x200099d8                EnterCriticalMode
 .text.find_fileName
                0x20009ab0      0x59c ./src/sub-systemCode/Main/HouseKeeping.o
                0x20009ab0                find_fileName
 .text.size_of_element
                0x2000a04c       0xd4 ./src/sub-systemCode/Main/HouseKeeping.o
                0x2000a04c                size_of_element
 .text.save_ACK
                0x2000a120       0xb4 ./src/sub-systemCode/Main/HouseKeeping.o
                0x2000a120                save_ACK
 .text.set_GP_EPS
                0x2000a1d4      0x10c ./src/sub-systemCode/Main/HouseKeeping.o
                0x2000a1d4                set_GP_EPS
 .text.set_GP_COMM
                0x2000a2e0       0x88 ./src/sub-systemCode/Main/HouseKeeping.o
                0x2000a2e0                set_GP_COMM
 .text.SP_HK_collect
                0x2000a368      0x17c ./src/sub-systemCode/Main/HouseKeeping.o
                0x2000a368                SP_HK_collect
 .text.EPS_HK_collect
                0x2000a4e4      0x4d8 ./src/sub-systemCode/Main/HouseKeeping.o
                0x2000a4e4                EPS_HK_collect
 .text.CAM_HK_collect
                0x2000a9bc      0x91c ./src/sub-systemCode/Main/HouseKeeping.o
                0x2000a9bc                CAM_HK_collect
 .text.COMM_HK_collect
                0x2000b2d8      0x154 ./src/sub-systemCode/Main/HouseKeeping.o
                0x2000b2d8                COMM_HK_collect
 .text.COMM_create_file
                0x2000b42c       0x74 ./src/sub-systemCode/Main/HouseKeeping.o
                0x2000b42c                COMM_create_file
 .text.ACK_create_file
                0x2000b4a0       0x74 ./src/sub-systemCode/Main/HouseKeeping.o
                0x2000b4a0                ACK_create_file
 .text.EPS_create_file
                0x2000b514       0x74 ./src/sub-systemCode/Main/HouseKeeping.o
                0x2000b514                EPS_create_file
 .text.CAM_create_file
                0x2000b588       0x54 ./src/sub-systemCode/Main/HouseKeeping.o
                0x2000b588                CAM_create_file
 .text.SP_create_file
                0x2000b5dc       0x54 ./src/sub-systemCode/Main/HouseKeeping.o
                0x2000b5dc                SP_create_file
 .text.create_files
                0x2000b630       0x48 ./src/sub-systemCode/Main/HouseKeeping.o
                0x2000b630                create_files
 .text.save_SP_HK
                0x2000b678       0x70 ./src/sub-systemCode/Main/HouseKeeping.o
                0x2000b678                save_SP_HK
 .text.save_EPS_HK
                0x2000b6e8       0x70 ./src/sub-systemCode/Main/HouseKeeping.o
                0x2000b6e8                save_EPS_HK
 .text.save_CAM_HK
                0x2000b758       0x84 ./src/sub-systemCode/Main/HouseKeeping.o
                0x2000b758                save_CAM_HK
 .text.save_COMM_HK
                0x2000b7dc       0x70 ./src/sub-systemCode/Main/HouseKeeping.o
                0x2000b7dc                save_COMM_HK
 .text.EPS_HK_raw_BigEnE
                0x2000b84c      0x194 ./src/sub-systemCode/Main/HouseKeeping.o
                0x2000b84c                EPS_HK_raw_BigEnE
 .text.CAM_HK_raw_BigEnE
                0x2000b9e0      0x194 ./src/sub-systemCode/Main/HouseKeeping.o
                0x2000b9e0                CAM_HK_raw_BigEnE
 .text.COMM_HK_raw_BigEnE
                0x2000bb74      0x194 ./src/sub-systemCode/Main/HouseKeeping.o
                0x2000bb74                COMM_HK_raw_BigEnE
 .text.ADCS_HK_raw_BigEnE
                0x2000bd08      0x194 ./src/sub-systemCode/Main/HouseKeeping.o
                0x2000bd08                ADCS_HK_raw_BigEnE
 .text.ADCS_SC_raw_BigEnE
                0x2000be9c      0x188 ./src/sub-systemCode/Main/HouseKeeping.o
                0x2000be9c                ADCS_SC_raw_BigEnE
 .text.build_HK_spl_packet
                0x2000c024      0x990 ./src/sub-systemCode/Main/HouseKeeping.o
                0x2000c024                build_HK_spl_packet
 .text.HouseKeeping_highRate_Task
                0x2000c9b4       0x78 ./src/sub-systemCode/Main/HouseKeeping.o
                0x2000c9b4                HouseKeeping_highRate_Task
 .text.HouseKeeping_lowRate_Task
                0x2000ca2c       0x74 ./src/sub-systemCode/Main/HouseKeeping.o
                0x2000ca2c                HouseKeeping_lowRate_Task
 .text.test_menu
                0x2000caa0       0xd8 ./src/sub-systemCode/Main/Main_Init.o
                0x2000caa0                test_menu
 .text.numberOfRestarts
                0x2000cb78       0x94 ./src/sub-systemCode/Main/Main_Init.o
                0x2000cb78                numberOfRestarts
 .text.StartFRAM
                0x2000cc0c       0x38 ./src/sub-systemCode/Main/Main_Init.o
                0x2000cc0c                StartFRAM
 .text.StartI2C
                0x2000cc44       0x44 ./src/sub-systemCode/Main/Main_Init.o
                0x2000cc44                StartI2C
 .text.StartSPI
                0x2000cc88       0x40 ./src/sub-systemCode/Main/Main_Init.o
                0x2000cc88                StartSPI
 .text.StartTIME
                0x2000ccc8      0x118 ./src/sub-systemCode/Main/Main_Init.o
                0x2000ccc8                StartTIME
 .text.first_activation
                0x2000cde0       0x78 ./src/sub-systemCode/Main/Main_Init.o
                0x2000cde0                first_activation
 .text.InitSubsystems
                0x2000ce58       0x68 ./src/sub-systemCode/Main/Main_Init.o
                0x2000ce58                InitSubsystems
 .text.SubSystemTaskStart
                0x2000cec0      0x11c ./src/sub-systemCode/Main/Main_Init.o
                0x2000cec0                SubSystemTaskStart
 .text.copy_command
                0x2000cfdc       0x80 ./src/sub-systemCode/Main/commands.o
                0x2000cfdc                copy_command
 .text.reset_command
                0x2000d05c       0x28 ./src/sub-systemCode/Main/commands.o
                0x2000d05c                reset_command
 .text.init_command
                0x2000d084       0xd4 ./src/sub-systemCode/Main/commands.o
                0x2000d084                init_command
 .text.add_command
                0x2000d158      0x138 ./src/sub-systemCode/Main/commands.o
                0x2000d158                add_command
 .text.get_command
                0x2000d290      0x1cc ./src/sub-systemCode/Main/commands.o
                0x2000d290                get_command
 .text.act_upon_command
                0x2000d45c      0x240 ./src/sub-systemCode/Main/commands.o
                0x2000d45c                act_upon_command
 .text.AUC_COMM
                0x2000d69c      0x200 ./src/sub-systemCode/Main/commands.o
                0x2000d69c                AUC_COMM
 .text.AUC_general
                0x2000d89c      0x17c ./src/sub-systemCode/Main/commands.o
                0x2000d89c                AUC_general
 .text.AUC_payload
                0x2000da18      0x110 ./src/sub-systemCode/Main/commands.o
                0x2000da18                AUC_payload
 .text.AUC_EPS  0x2000db28      0x248 ./src/sub-systemCode/Main/commands.o
                0x2000db28                AUC_EPS
 .text.AUC_ADCS
                0x2000dd70       0x5c ./src/sub-systemCode/Main/commands.o
                0x2000dd70                AUC_ADCS
 .text.AUC_GS   0x2000ddcc      0x20c ./src/sub-systemCode/Main/commands.o
                0x2000ddcc                AUC_GS
 .text.AUC_SW   0x2000dfd8       0xe4 ./src/sub-systemCode/Main/commands.o
                0x2000dfd8                AUC_SW
 .text.AUC_onlineTM
                0x2000e0bc      0x16c ./src/sub-systemCode/Main/commands.o
                0x2000e0bc                AUC_onlineTM
 .text.AUC_special_operation
                0x2000e228       0x8c ./src/sub-systemCode/Main/commands.o
                0x2000e228                AUC_special_operation
 .text.check_int
                0x2000e2b4       0x3c ./src/sub-systemCode/Global/Global.o
                0x2000e2b4                check_int
 .text.check_portBASE_TYPE
                0x2000e2f0       0x3c ./src/sub-systemCode/Global/Global.o
                0x2000e2f0                check_portBASE_TYPE
 .text.soft_reset_subsystem
                0x2000e32c       0xd8 ./src/sub-systemCode/Global/Global.o
                0x2000e32c                soft_reset_subsystem
 .text.hard_reset_subsystem
                0x2000e404       0xfc ./src/sub-systemCode/Global/Global.o
                0x2000e404                hard_reset_subsystem
 .text.BigEnE_raw_to_uInt
                0x2000e500       0x94 ./src/sub-systemCode/Global/Global.o
                0x2000e500                BigEnE_raw_to_uInt
 .text.BigEnE_raw_to_uShort
                0x2000e594       0x50 ./src/sub-systemCode/Global/Global.o
                0x2000e594                BigEnE_raw_to_uShort
 .text.BigEnE_uInt_to_raw
                0x2000e5e4       0x78 ./src/sub-systemCode/Global/Global.o
                0x2000e5e4                BigEnE_uInt_to_raw
 .text.reset_FRAM_MAIN
                0x2000e65c      0x19c ./src/sub-systemCode/Global/Global.o
                0x2000e65c                reset_FRAM_MAIN
 .text.init_GP  0x2000e7f8      0x300 ./src/sub-systemCode/Global/GlobalParam.o
                0x2000e7f8                init_GP
 .text.get_system_state
                0x2000eaf8      0x268 ./src/sub-systemCode/Global/GlobalParam.o
                0x2000eaf8                get_system_state
 .text.set_system_state
                0x2000ed60      0x298 ./src/sub-systemCode/Global/GlobalParam.o
                0x2000ed60                set_system_state
 .text.get_current_global_param
                0x2000eff8      0x5c8 ./src/sub-systemCode/Global/GlobalParam.o
                0x2000eff8                get_current_global_param
 .text.set_Vbatt
                0x2000f5c0       0x8c ./src/sub-systemCode/Global/GlobalParam.o
                0x2000f5c0                set_Vbatt
 .text.get_Vbatt
                0x2000f64c       0x8c ./src/sub-systemCode/Global/GlobalParam.o
                0x2000f64c                get_Vbatt
 .text.set_curBat
                0x2000f6d8       0x8c ./src/sub-systemCode/Global/GlobalParam.o
                0x2000f6d8                set_curBat
 .text.set_cur3V3
                0x2000f764       0x8c ./src/sub-systemCode/Global/GlobalParam.o
                0x2000f764                set_cur3V3
 .text.set_cur5V
                0x2000f7f0       0x8c ./src/sub-systemCode/Global/GlobalParam.o
                0x2000f7f0                set_cur5V
 .text.set_tempComm_LO
                0x2000f87c       0x8c ./src/sub-systemCode/Global/GlobalParam.o
                0x2000f87c                set_tempComm_LO
 .text.set_tempComm_PA
                0x2000f908       0x8c ./src/sub-systemCode/Global/GlobalParam.o
                0x2000f908                set_tempComm_PA
 .text.set_tempEPS
                0x2000f994       0xc8 ./src/sub-systemCode/Global/GlobalParam.o
                0x2000f994                set_tempEPS
 .text.set_tempBatt
                0x2000fa5c       0xc8 ./src/sub-systemCode/Global/GlobalParam.o
                0x2000fa5c                set_tempBatt
 .text.set_RxDoppler
                0x2000fb24       0x8c ./src/sub-systemCode/Global/GlobalParam.o
                0x2000fb24                set_RxDoppler
 .text.set_RxRSSI
                0x2000fbb0       0x8c ./src/sub-systemCode/Global/GlobalParam.o
                0x2000fbb0                set_RxRSSI
 .text.set_TxRefl
                0x2000fc3c       0x8c ./src/sub-systemCode/Global/GlobalParam.o
                0x2000fc3c                set_TxRefl
 .text.set_TxForw
                0x2000fcc8       0x8c ./src/sub-systemCode/Global/GlobalParam.o
                0x2000fcc8                set_TxForw
 .text.get_ST   0x2000fd54       0x8c ./src/sub-systemCode/Global/GlobalParam.o
                0x2000fd54                get_ST
 .text.set_numOfAPRS
                0x2000fde0       0x8c ./src/sub-systemCode/Global/GlobalParam.o
                0x2000fde0                set_numOfAPRS
 .text.set_numOfDelayedCommand
                0x2000fe6c       0x8c ./src/sub-systemCode/Global/GlobalParam.o
                0x2000fe6c                set_numOfDelayedCommand
 .text.set_numOfResets
                0x2000fef8       0xac ./src/sub-systemCode/Global/GlobalParam.o
                0x2000fef8                set_numOfResets
 .text.set_ground_conn
                0x2000ffa4       0xa0 ./src/sub-systemCode/Global/GlobalParam.o
                0x2000ffa4                set_ground_conn
 .text.get_ground_conn
                0x20010044       0xa0 ./src/sub-systemCode/Global/GlobalParam.o
                0x20010044                get_ground_conn
 .text.IsisAntS_getStatusData_sideA
                0x200100e4       0x3c ./src/sub-systemCode/Global/OnlineTM.o
                0x200100e4                IsisAntS_getStatusData_sideA
 .text.IsisAntS_getAlltelemetry_sideA
                0x20010120       0x3c ./src/sub-systemCode/Global/OnlineTM.o
                0x20010120                IsisAntS_getAlltelemetry_sideA
 .text.IsisAntS_getTemperature_sideA
                0x2001015c       0x3c ./src/sub-systemCode/Global/OnlineTM.o
                0x2001015c                IsisAntS_getTemperature_sideA
 .text.IsisAntS_getStatusData_sideB
                0x20010198       0x3c ./src/sub-systemCode/Global/OnlineTM.o
                0x20010198                IsisAntS_getStatusData_sideB
 .text.IsisAntS_getAlltelemetry_sideB
                0x200101d4       0x3c ./src/sub-systemCode/Global/OnlineTM.o
                0x200101d4                IsisAntS_getAlltelemetry_sideB
 .text.IsisAntS_getTemperature_sideB
                0x20010210       0x3c ./src/sub-systemCode/Global/OnlineTM.o
                0x20010210                IsisAntS_getTemperature_sideB
 .text.init_onlineParam
                0x2001024c      0xc80 ./src/sub-systemCode/Global/OnlineTM.o
                0x2001024c                init_onlineParam
 .text.reset_offline_TM_list
                0x20010ecc       0x50 ./src/sub-systemCode/Global/OnlineTM.o
                0x20010ecc                reset_offline_TM_list
 .text.get_online_packet
                0x20010f1c      0x254 ./src/sub-systemCode/Global/OnlineTM.o
                0x20010f1c                get_online_packet
 .text.save_onlineTM_param
                0x20011170      0x1f8 ./src/sub-systemCode/Global/OnlineTM.o
                0x20011170                save_onlineTM_param
 .text.add_onlineTM_param_to_save_list
                0x20011368      0x214 ./src/sub-systemCode/Global/OnlineTM.o
                0x20011368                add_onlineTM_param_to_save_list
 .text.save_onlineTM_logic
                0x2001157c      0x180 ./src/sub-systemCode/Global/OnlineTM.o
                0x2001157c                save_onlineTM_logic
 .text.save_onlineTM_task
                0x200116fc       0x38 ./src/sub-systemCode/Global/OnlineTM.o
                0x200116fc                save_onlineTM_task
 .text.delete_allTMFilesFromSD
                0x20011734       0xf8 ./src/sub-systemCode/Global/TLM_management.o
                0x20011734                delete_allTMFilesFromSD
 .text.getNumOfFilesInFS
                0x2001182c       0x44 ./src/sub-systemCode/Global/TLM_management.o
 .text.setNumOfFilesInFS
                0x20011870       0x50 ./src/sub-systemCode/Global/TLM_management.o
 .text.f_managed_enterFS
                0x200118c0       0x9c ./src/sub-systemCode/Global/TLM_management.o
                0x200118c0                f_managed_enterFS
 .text.f_managed_releaseFS
                0x2001195c       0x4c ./src/sub-systemCode/Global/TLM_management.o
                0x2001195c                f_managed_releaseFS
 .text.f_managed_open
                0x200119a8       0xb4 ./src/sub-systemCode/Global/TLM_management.o
                0x200119a8                f_managed_open
 .text.f_managed_close
                0x20011a5c       0x74 ./src/sub-systemCode/Global/TLM_management.o
                0x20011a5c                f_managed_close
 .text.createSemahores_FS
                0x20011ad0       0x7c ./src/sub-systemCode/Global/TLM_management.o
                0x20011ad0                createSemahores_FS
 .text.InitializeFS
                0x20011b4c      0x1a8 ./src/sub-systemCode/Global/TLM_management.o
                0x20011b4c                InitializeFS
 .text.c_fileCreate
                0x20011cf4       0xf4 ./src/sub-systemCode/Global/TLM_management.o
                0x20011cf4                c_fileCreate
 .text.writewithEpochtime
                0x20011de8       0x9c ./src/sub-systemCode/Global/TLM_management.o
 .text.get_C_FILE_struct
                0x20011e84      0x104 ./src/sub-systemCode/Global/TLM_management.o
 .text.getFileIndex
                0x20011f88       0x4c ./src/sub-systemCode/Global/TLM_management.o
 .text.get_file_name_by_index
                0x20011fd4       0x54 ./src/sub-systemCode/Global/TLM_management.o
                0x20011fd4                get_file_name_by_index
 .text.c_fileReset
                0x20012028       0xbc ./src/sub-systemCode/Global/TLM_management.o
                0x20012028                c_fileReset
 .text.c_fileWrite
                0x200120e4      0x138 ./src/sub-systemCode/Global/TLM_management.o
                0x200120e4                c_fileWrite
 .text.deleteElementsFromFile
                0x2001221c      0x184 ./src/sub-systemCode/Global/TLM_management.o
 .text.c_fileDeleteElements
                0x200123a0      0x168 ./src/sub-systemCode/Global/TLM_management.o
                0x200123a0                c_fileDeleteElements
 .text.c_fileRead
                0x20012508      0x2bc ./src/sub-systemCode/Global/TLM_management.o
                0x20012508                c_fileRead
 .text.reset_APRS_list
                0x200127c4       0xa4 ./src/sub-systemCode/COMM/APRS.o
                0x200127c4                reset_APRS_list
 .text.send_APRS_Dump
                0x20012868      0x1c4 ./src/sub-systemCode/COMM/APRS.o
                0x20012868                send_APRS_Dump
 .text.check_APRS
                0x20012a2c      0x1a4 ./src/sub-systemCode/COMM/APRS.o
                0x20012a2c                check_APRS
 .text.get_APRS_list
                0x20012bd0       0x88 ./src/sub-systemCode/COMM/APRS.o
                0x20012bd0                get_APRS_list
 .text.find_CMD_in_list
                0x20012c58       0x7c ./src/sub-systemCode/COMM/DelayedCommand_list.o
                0x20012c58                find_CMD_in_list
 .text.find_empty_in_list
                0x20012cd4       0x74 ./src/sub-systemCode/COMM/DelayedCommand_list.o
                0x20012cd4                find_empty_in_list
 .text.check_delayCommandTime
                0x20012d48       0x8c ./src/sub-systemCode/COMM/DelayedCommand_list.o
                0x20012d48                check_delayCommandTime
 .text.execute_delayedCommand
                0x20012dd4       0x64 ./src/sub-systemCode/COMM/DelayedCommand_list.o
                0x20012dd4                execute_delayedCommand
 .text.check_delaycommand
                0x20012e38      0x17c ./src/sub-systemCode/COMM/DelayedCommand_list.o
                0x20012e38                check_delaycommand
 .text.reset_delayCommand
                0x20012fb4       0x8c ./src/sub-systemCode/COMM/DelayedCommand_list.o
                0x20012fb4                reset_delayCommand
 .text.add_delayCommand
                0x20013040      0x1a4 ./src/sub-systemCode/COMM/DelayedCommand_list.o
                0x20013040                add_delayCommand
 .text.get_delayCommand_list
                0x200131e4       0x80 ./src/sub-systemCode/COMM/DelayedCommand_list.o
                0x200131e4                get_delayCommand_list
 .text.EmptyOldestCommand
                0x20013264       0xfc ./src/sub-systemCode/COMM/DelayedCommand_list.o
                0x20013264                EmptyOldestCommand
 .text.decode_TCpacket
                0x20013360      0x16c ./src/sub-systemCode/COMM/GSC.o
                0x20013360                decode_TCpacket
 .text.encode_TCpacket
                0x200134cc      0x114 ./src/sub-systemCode/COMM/GSC.o
                0x200134cc                encode_TCpacket
 .text.encode_TMpacket
                0x200135e0      0x104 ./src/sub-systemCode/COMM/GSC.o
                0x200135e0                encode_TMpacket
 .text.build_raw_ACK
                0x200136e4       0xbc ./src/sub-systemCode/COMM/GSC.o
                0x200136e4                build_raw_ACK
 .text.build_data_field_ACK
                0x200137a0       0x74 ./src/sub-systemCode/COMM/GSC.o
                0x200137a0                build_data_field_ACK
 .text.init_trxvu
                0x20013814      0x134 ./src/sub-systemCode/COMM/TRXVU.o
                0x20013814                init_trxvu
 .text.TRXVU_task
                0x20013948      0x18c ./src/sub-systemCode/COMM/TRXVU.o
                0x20013948                TRXVU_task
 .text.dump_logic
                0x20013ad4      0x2ec ./src/sub-systemCode/COMM/TRXVU.o
                0x20013ad4                dump_logic
 .text.Dump_task
                0x20013dc0      0x16c ./src/sub-systemCode/COMM/TRXVU.o
                0x20013dc0                Dump_task
 .text.transponder_logic
                0x20013f2c       0xbc ./src/sub-systemCode/COMM/TRXVU.o
                0x20013f2c                transponder_logic
 .text.Transponder_task
                0x20013fe8      0x1e0 ./src/sub-systemCode/COMM/TRXVU.o
                0x20013fe8                Transponder_task
 .text.lookForRequestToDelete_transponder
                0x200141c8       0xac ./src/sub-systemCode/COMM/TRXVU.o
                0x200141c8                lookForRequestToDelete_transponder
 .text.lookForRequestToDelete_dump
                0x20014274       0x7c ./src/sub-systemCode/COMM/TRXVU.o
                0x20014274                lookForRequestToDelete_dump
 .text.sendRequestToStop_dump
                0x200142f0       0x8c ./src/sub-systemCode/COMM/TRXVU.o
                0x200142f0                sendRequestToStop_dump
 .text.sendRequestToStop_transponder
                0x2001437c       0x98 ./src/sub-systemCode/COMM/TRXVU.o
                0x2001437c                sendRequestToStop_transponder
 .text.Rx_logic
                0x20014414      0x188 ./src/sub-systemCode/COMM/TRXVU.o
                0x20014414                Rx_logic
 .text.pass_above_Ground
                0x2001459c      0x104 ./src/sub-systemCode/COMM/TRXVU.o
                0x2001459c                pass_above_Ground
 .text.trxvu_logic
                0x200146a0       0x1c ./src/sub-systemCode/COMM/TRXVU.o
                0x200146a0                trxvu_logic
 .text.Beacon_task
                0x200146bc      0x1d8 ./src/sub-systemCode/COMM/TRXVU.o
                0x200146bc                Beacon_task
 .text.buildAndSend_beacon
                0x20014894      0x614 ./src/sub-systemCode/COMM/TRXVU.o
                0x20014894                buildAndSend_beacon
 .text.reset_FRAM_TRXVU
                0x20014ea8       0xc0 ./src/sub-systemCode/COMM/TRXVU.o
                0x20014ea8                reset_FRAM_TRXVU
 .text.TRX_sendFrame
                0x20014f68      0x23c ./src/sub-systemCode/COMM/TRXVU.o
                0x20014f68                TRX_sendFrame
 .text.TRX_getFrameData
                0x200151a4      0x128 ./src/sub-systemCode/COMM/TRXVU.o
                0x200151a4                TRX_getFrameData
 .text.mute_Tx  0x200152cc       0x20 ./src/sub-systemCode/COMM/TRXVU.o
                0x200152cc                mute_Tx
 .text.unmute_Tx
                0x200152ec       0x54 ./src/sub-systemCode/COMM/TRXVU.o
                0x200152ec                unmute_Tx
 .text.check_time_off_mute
                0x20015340       0x74 ./src/sub-systemCode/COMM/TRXVU.o
                0x20015340                check_time_off_mute
 .text.set_mute_time
                0x200153b4       0xb4 ./src/sub-systemCode/COMM/TRXVU.o
                0x200153b4                set_mute_time
 .text.change_TRXVU_state
                0x20015468       0x98 ./src/sub-systemCode/COMM/TRXVU.o
                0x20015468                change_TRXVU_state
 .text.change_trans_RSSI
                0x20015500       0x60 ./src/sub-systemCode/COMM/TRXVU.o
                0x20015500                change_trans_RSSI
 .text.init_adcs
                0x20015560      0x104 ./src/sub-systemCode/ADCS/ADCS.o
                0x20015560                init_adcs
 .text.telemtryStart
                0x20015664      0x16c ./src/sub-systemCode/ADCS/Stage_Table.o
                0x20015664                telemtryStart
 .text.powerStart
                0x200157d0       0x5c ./src/sub-systemCode/ADCS/Stage_Table.o
                0x200157d0                powerStart
 .text.createTable
                0x2001582c       0xb4 ./src/sub-systemCode/ADCS/Stage_Table.o
                0x2001582c                createTable
 .text.buildControlMode
                0x200158e0       0x60 ./src/sub-systemCode/ADCS/Stage_Table.o
                0x200158e0                buildControlMode
 .text.Check_Table
                0x20015940      0x178 ./src/sub-systemCode/ADCS/Stage_Table.o
                0x20015940                Check_Table
 .text.updateTable
                0x20015ab8      0x1f0 ./src/sub-systemCode/ADCS/Stage_Table.o
                0x20015ab8                updateTable
 .text.translateCommandFULL
                0x20015ca8       0x78 ./src/sub-systemCode/ADCS/Stage_Table.o
                0x20015ca8                translateCommandFULL
 .text.getTableTo
                0x20015d20       0x64 ./src/sub-systemCode/ADCS/Stage_Table.o
                0x20015d20                getTableTo
 .text.save_time
                0x20015d84       0x9c ./src/main.o
                0x20015d84                save_time
 .text.Command_logic
                0x20015e20       0x6c ./src/main.o
                0x20015e20                Command_logic
 .text.taskMain
                0x20015e8c       0x74 ./src/main.o
                0x20015e8c                taskMain
 .text.main     0x20015f00       0xbc ./src/main.o
                0x20015f00                main
 .text.GomEpsInitialize
                0x20015fbc      0x148 C:/HOOPOE3/satellite-subsystems/demo/..//satellite-subsystems/lib\libSatelliteSubsystemsD.a(GomEPS.o)
                0x20015fbc                GomEpsInitialize
 .text.makeEPStransfer
                0x20016104       0x3c C:/HOOPOE3/satellite-subsystems/demo/..//satellite-subsystems/lib\libSatelliteSubsystemsD.a(GomEPS.o)
 .text.GomEpsSoftReset
                0x20016140       0xc4 C:/HOOPOE3/satellite-subsystems/demo/..//satellite-subsystems/lib\libSatelliteSubsystemsD.a(GomEPS.o)
                0x20016140                GomEpsSoftReset
 .text.GomEpsHardReset
                0x20016204       0xa8 C:/HOOPOE3/satellite-subsystems/demo/..//satellite-subsystems/lib\libSatelliteSubsystemsD.a(GomEPS.o)
                0x20016204                GomEpsHardReset
 .text.GomEpsGetHkData_param
                0x200162ac      0x29c C:/HOOPOE3/satellite-subsystems/demo/..//satellite-subsystems/lib\libSatelliteSubsystemsD.a(GomEPS.o)
                0x200162ac                GomEpsGetHkData_param
 .text.GomEpsGetHkData_general
                0x20016548      0x45c C:/HOOPOE3/satellite-subsystems/demo/..//satellite-subsystems/lib\libSatelliteSubsystemsD.a(GomEPS.o)
                0x20016548                GomEpsGetHkData_general
 .text.GomEpsGetHkData_vi
                0x200169a4      0x188 C:/HOOPOE3/satellite-subsystems/demo/..//satellite-subsystems/lib\libSatelliteSubsystemsD.a(GomEPS.o)
                0x200169a4                GomEpsGetHkData_vi
 .text.GomEpsGetHkData_out
                0x20016b2c      0x21c C:/HOOPOE3/satellite-subsystems/demo/..//satellite-subsystems/lib\libSatelliteSubsystemsD.a(GomEPS.o)
                0x20016b2c                GomEpsGetHkData_out
 .text.GomEpsGetHkData_wdt
                0x20016d48      0x2b4 C:/HOOPOE3/satellite-subsystems/demo/..//satellite-subsystems/lib\libSatelliteSubsystemsD.a(GomEPS.o)
                0x20016d48                GomEpsGetHkData_wdt
 .text.GomEpsGetHkData_basic
                0x20016ffc      0x22c C:/HOOPOE3/satellite-subsystems/demo/..//satellite-subsystems/lib\libSatelliteSubsystemsD.a(GomEPS.o)
                0x20016ffc                GomEpsGetHkData_basic
 .text.GomEpsSetOutput
                0x20017228       0xbc C:/HOOPOE3/satellite-subsystems/demo/..//satellite-subsystems/lib\libSatelliteSubsystemsD.a(GomEPS.o)
                0x20017228                GomEpsSetOutput
 .text.GomEpsConfigGet
                0x200172e4      0x16c C:/HOOPOE3/satellite-subsystems/demo/..//satellite-subsystems/lib\libSatelliteSubsystemsD.a(GomEPS.o)
                0x200172e4                GomEpsConfigGet
 .text.GomEpsConfigSet
                0x20017450      0x184 C:/HOOPOE3/satellite-subsystems/demo/..//satellite-subsystems/lib\libSatelliteSubsystemsD.a(GomEPS.o)
                0x20017450                GomEpsConfigSet
 .text.GomEpsConfig2Get
                0x200175d4      0x16c C:/HOOPOE3/satellite-subsystems/demo/..//satellite-subsystems/lib\libSatelliteSubsystemsD.a(GomEPS.o)
                0x200175d4                GomEpsConfig2Get
 .text.makeAntStransfer
                0x20017740       0x4c C:/HOOPOE3/satellite-subsystems/demo/..//satellite-subsystems/lib\libSatelliteSubsystemsD.a(IsisAntS.o)
 .text.checkInputsValid
                0x2001778c       0x7c C:/HOOPOE3/satellite-subsystems/demo/..//satellite-subsystems/lib\libSatelliteSubsystemsD.a(IsisAntS.o)
 .text.IsisAntS_setArmStatus
                0x20017808      0x104 C:/HOOPOE3/satellite-subsystems/demo/..//satellite-subsystems/lib\libSatelliteSubsystemsD.a(IsisAntS.o)
                0x20017808                IsisAntS_setArmStatus
 .text.IsisAntS_getStatusData
                0x2001790c      0x120 C:/HOOPOE3/satellite-subsystems/demo/..//satellite-subsystems/lib\libSatelliteSubsystemsD.a(IsisAntS.o)
                0x2001790c                IsisAntS_getStatusData
 .text.IsisAntS_getTemperature
                0x20017a2c      0x120 C:/HOOPOE3/satellite-subsystems/demo/..//satellite-subsystems/lib\libSatelliteSubsystemsD.a(IsisAntS.o)
                0x20017a2c                IsisAntS_getTemperature
 .text.IsisAntS_getAlltelemetry
                0x20017b4c      0x120 C:/HOOPOE3/satellite-subsystems/demo/..//satellite-subsystems/lib\libSatelliteSubsystemsD.a(IsisAntS.o)
                0x20017b4c                IsisAntS_getAlltelemetry
 .text.IsisAntS_reset
                0x20017c6c      0x104 C:/HOOPOE3/satellite-subsystems/demo/..//satellite-subsystems/lib\libSatelliteSubsystemsD.a(IsisAntS.o)
                0x20017c6c                IsisAntS_reset
 .text.IsisSolarPanelv2_initialize
                0x20017d70       0xb4 C:/HOOPOE3/satellite-subsystems/demo/..//satellite-subsystems/lib\libSatelliteSubsystemsD.a(IsisSolarPanelv2.o)
                0x20017d70                IsisSolarPanelv2_initialize
 .text.IsisSolarPanelv2_getTemperature
                0x20017e24       0xc8 C:/HOOPOE3/satellite-subsystems/demo/..//satellite-subsystems/lib\libSatelliteSubsystemsD.a(IsisSolarPanelv2.o)
                0x20017e24                IsisSolarPanelv2_getTemperature
 .text.IsisSolarPanelv2_sleep
                0x20017eec       0xbc C:/HOOPOE3/satellite-subsystems/demo/..//satellite-subsystems/lib\libSatelliteSubsystemsD.a(IsisSolarPanelv2.o)
                0x20017eec                IsisSolarPanelv2_sleep
 .text.IsisSolarPanelv2_wakeup
                0x20017fa8       0x80 C:/HOOPOE3/satellite-subsystems/demo/..//satellite-subsystems/lib\libSatelliteSubsystemsD.a(IsisSolarPanelv2.o)
                0x20017fa8                IsisSolarPanelv2_wakeup
 .text._Reset   0x20018028       0x20 C:/HOOPOE3/satellite-subsystems/demo/..//satellite-subsystems/lib\libSatelliteSubsystemsD.a(IsisSolarPanelv2.o)
 .text._WaitForStartup
                0x20018048       0x90 C:/HOOPOE3/satellite-subsystems/demo/..//satellite-subsystems/lib\libSatelliteSubsystemsD.a(IsisSolarPanelv2.o)
 .text._AssignAllChannels
                0x200180d8       0x90 C:/HOOPOE3/satellite-subsystems/demo/..//satellite-subsystems/lib\libSatelliteSubsystemsD.a(IsisSolarPanelv2.o)
 .text._AssignThisChannel
                0x20018168       0xe8 C:/HOOPOE3/satellite-subsystems/demo/..//satellite-subsystems/lib\libSatelliteSubsystemsD.a(IsisSolarPanelv2.o)
 .text._InitiateConversion
                0x20018250       0xac C:/HOOPOE3/satellite-subsystems/demo/..//satellite-subsystems/lib\libSatelliteSubsystemsD.a(IsisSolarPanelv2.o)
 .text._WaitForConversionComplete
                0x200182fc      0x100 C:/HOOPOE3/satellite-subsystems/demo/..//satellite-subsystems/lib\libSatelliteSubsystemsD.a(IsisSolarPanelv2.o)
 .text._ReadResult
                0x200183fc      0x158 C:/HOOPOE3/satellite-subsystems/demo/..//satellite-subsystems/lib\libSatelliteSubsystemsD.a(IsisSolarPanelv2.o)
 .text._ExtractByte
                0x20018554       0x38 C:/HOOPOE3/satellite-subsystems/demo/..//satellite-subsystems/lib\libSatelliteSubsystemsD.a(IsisSolarPanelv2.o)
 .text._ExtendSign
                0x2001858c       0x6c C:/HOOPOE3/satellite-subsystems/demo/..//satellite-subsystems/lib\libSatelliteSubsystemsD.a(IsisSolarPanelv2.o)
 .text._PinsInit
                0x200185f8       0x50 C:/HOOPOE3/satellite-subsystems/demo/..//satellite-subsystems/lib\libSatelliteSubsystemsD.a(IsisSolarPanelv2.o)
 .text._SpiWriteRead
                0x20018648       0x70 C:/HOOPOE3/satellite-subsystems/demo/..//satellite-subsystems/lib\libSatelliteSubsystemsD.a(IsisSolarPanelv2.o)
 .text.IsisTrxvu_initialize
                0x200186b8      0x2f4 C:/HOOPOE3/satellite-subsystems/demo/..//satellite-subsystems/lib\libSatelliteSubsystemsD.a(IsisTRXVU.o)
                0x200186b8                IsisTrxvu_initialize
 .text.makeTRXVUtransfer
                0x200189ac       0x44 C:/HOOPOE3/satellite-subsystems/demo/..//satellite-subsystems/lib\libSatelliteSubsystemsD.a(IsisTRXVU.o)
 .text.IsisTrxvu_componentSoftReset
                0x200189f0       0x6c C:/HOOPOE3/satellite-subsystems/demo/..//satellite-subsystems/lib\libSatelliteSubsystemsD.a(IsisTRXVU.o)
                0x200189f0                IsisTrxvu_componentSoftReset
 .text.IsisTrxvu_componentHardReset
                0x20018a5c       0xc8 C:/HOOPOE3/satellite-subsystems/demo/..//satellite-subsystems/lib\libSatelliteSubsystemsD.a(IsisTRXVU.o)
                0x20018a5c                IsisTrxvu_componentHardReset
 .text.IsisTrxvu_softReset
                0x20018b24       0x74 C:/HOOPOE3/satellite-subsystems/demo/..//satellite-subsystems/lib\libSatelliteSubsystemsD.a(IsisTRXVU.o)
                0x20018b24                IsisTrxvu_softReset
 .text.IsisTrxvu_hardReset
                0x20018b98       0x74 C:/HOOPOE3/satellite-subsystems/demo/..//satellite-subsystems/lib\libSatelliteSubsystemsD.a(IsisTRXVU.o)
                0x20018b98                IsisTrxvu_hardReset
 .text.IsisTrxvu_tcSendAX25DefClSign
                0x20018c0c       0xec C:/HOOPOE3/satellite-subsystems/demo/..//satellite-subsystems/lib\libSatelliteSubsystemsD.a(IsisTRXVU.o)
                0x20018c0c                IsisTrxvu_tcSendAX25DefClSign
 .text.IsisTrxvu_tcSetIdlestate
                0x20018cf8       0xa4 C:/HOOPOE3/satellite-subsystems/demo/..//satellite-subsystems/lib\libSatelliteSubsystemsD.a(IsisTRXVU.o)
                0x20018cf8                IsisTrxvu_tcSetIdlestate
 .text.IsisTrxvu_tcSetAx25Bitrate
                0x20018d9c       0xc4 C:/HOOPOE3/satellite-subsystems/demo/..//satellite-subsystems/lib\libSatelliteSubsystemsD.a(IsisTRXVU.o)
                0x20018d9c                IsisTrxvu_tcSetAx25Bitrate
 .text.IsisTrxvu_tcGetTelemetryAll
                0x20018e60       0xd0 C:/HOOPOE3/satellite-subsystems/demo/..//satellite-subsystems/lib\libSatelliteSubsystemsD.a(IsisTRXVU.o)
                0x20018e60                IsisTrxvu_tcGetTelemetryAll
 .text.IsisTrxvu_tcGetTelemetryAll_revC
                0x20018f30       0xd0 C:/HOOPOE3/satellite-subsystems/demo/..//satellite-subsystems/lib\libSatelliteSubsystemsD.a(IsisTRXVU.o)
                0x20018f30                IsisTrxvu_tcGetTelemetryAll_revC
 .text.IsisTrxvu_rcGetFrameCount
                0x20019000       0xa0 C:/HOOPOE3/satellite-subsystems/demo/..//satellite-subsystems/lib\libSatelliteSubsystemsD.a(IsisTRXVU.o)
                0x20019000                IsisTrxvu_rcGetFrameCount
 .text.IsisTrxvu_rcGetCommandFrame
                0x200190a0      0x2d8 C:/HOOPOE3/satellite-subsystems/demo/..//satellite-subsystems/lib\libSatelliteSubsystemsD.a(IsisTRXVU.o)
                0x200190a0                IsisTrxvu_rcGetCommandFrame
 .text.IsisTrxvu_rcGetTelemetryAll
                0x20019378       0xd0 C:/HOOPOE3/satellite-subsystems/demo/..//satellite-subsystems/lib\libSatelliteSubsystemsD.a(IsisTRXVU.o)
                0x20019378                IsisTrxvu_rcGetTelemetryAll
 .text.IsisTrxvu_rcGetTelemetryAll_revC
                0x20019448       0xec C:/HOOPOE3/satellite-subsystems/demo/..//satellite-subsystems/lib\libSatelliteSubsystemsD.a(IsisTRXVU.o)
                0x20019448                IsisTrxvu_rcGetTelemetryAll_revC
 .text.cspaceADCS_initialize
                0x20019534      0x18c C:/HOOPOE3/satellite-subsystems/demo/..//satellite-subsystems/lib\libSatelliteSubsystemsD.a(cspaceADCS.o)
                0x20019534                cspaceADCS_initialize
 .text.make_cspaceADCStransfer
                0x200196c0      0x1b4 C:/HOOPOE3/satellite-subsystems/demo/..//satellite-subsystems/lib\libSatelliteSubsystemsD.a(cspaceADCS.o)
 .text.cspaceADCS_componentReset
                0x20019874       0xbc C:/HOOPOE3/satellite-subsystems/demo/..//satellite-subsystems/lib\libSatelliteSubsystemsD.a(cspaceADCS.o)
                0x20019874                cspaceADCS_componentReset
 .text.cspaceADCS_setRunMode
                0x20019930       0xbc C:/HOOPOE3/satellite-subsystems/demo/..//satellite-subsystems/lib\libSatelliteSubsystemsD.a(cspaceADCS.o)
                0x20019930                cspaceADCS_setRunMode
 .text.cspaceADCS_setPwrCtrlDevice
                0x200199ec       0xd0 C:/HOOPOE3/satellite-subsystems/demo/..//satellite-subsystems/lib\libSatelliteSubsystemsD.a(cspaceADCS.o)
                0x200199ec                cspaceADCS_setPwrCtrlDevice
 .text.cspaceADCS_setAttCtrlMode
                0x20019abc       0xd0 C:/HOOPOE3/satellite-subsystems/demo/..//satellite-subsystems/lib\libSatelliteSubsystemsD.a(cspaceADCS.o)
                0x20019abc                cspaceADCS_setAttCtrlMode
 .text.cspaceADCS_setAttEstMode
                0x20019b8c       0xbc C:/HOOPOE3/satellite-subsystems/demo/..//satellite-subsystems/lib\libSatelliteSubsystemsD.a(cspaceADCS.o)
                0x20019b8c                cspaceADCS_setAttEstMode
 .text.cspaceADCS_getCurrentState
                0x20019c48       0xc4 C:/HOOPOE3/satellite-subsystems/demo/..//satellite-subsystems/lib\libSatelliteSubsystemsD.a(cspaceADCS.o)
                0x20019c48                cspaceADCS_getCurrentState
 .text.cspaceADCS_getPwrCtrlDevice
                0x20019d0c       0xc4 C:/HOOPOE3/satellite-subsystems/demo/..//satellite-subsystems/lib\libSatelliteSubsystemsD.a(cspaceADCS.o)
                0x20019d0c                cspaceADCS_getPwrCtrlDevice
 .text.GECKO_GetReg
                0x20019dd0      0x110 C:/HOOPOE3/satellite-subsystems/demo/..//satellite-subsystems/lib\libSatelliteSubsystemsD.a(gecko_driver.o)
                0x20019dd0                GECKO_GetReg
 .text.GECKO_GetVoltageInput5V
                0x20019ee0       0xf4 C:/HOOPOE3/satellite-subsystems/demo/..//satellite-subsystems/lib\libSatelliteSubsystemsD.a(gecko_driver.o)
                0x20019ee0                GECKO_GetVoltageInput5V
 .text.GECKO_GetCurrentInput5V
                0x20019fd4      0x130 C:/HOOPOE3/satellite-subsystems/demo/..//satellite-subsystems/lib\libSatelliteSubsystemsD.a(gecko_driver.o)
                0x20019fd4                GECKO_GetCurrentInput5V
 .text.GECKO_GetVoltageFPGA1V
                0x2001a104       0xd4 C:/HOOPOE3/satellite-subsystems/demo/..//satellite-subsystems/lib\libSatelliteSubsystemsD.a(gecko_driver.o)
                0x2001a104                GECKO_GetVoltageFPGA1V
 .text.GECKO_GetCurrentFPGA1V
                0x2001a1d8      0x130 C:/HOOPOE3/satellite-subsystems/demo/..//satellite-subsystems/lib\libSatelliteSubsystemsD.a(gecko_driver.o)
                0x2001a1d8                GECKO_GetCurrentFPGA1V
 .text.GECKO_GetVoltageFPGA1V8
                0x2001a308       0xd4 C:/HOOPOE3/satellite-subsystems/demo/..//satellite-subsystems/lib\libSatelliteSubsystemsD.a(gecko_driver.o)
                0x2001a308                GECKO_GetVoltageFPGA1V8
 .text.GECKO_GetCurrentFPGA1V8
                0x2001a3dc      0x130 C:/HOOPOE3/satellite-subsystems/demo/..//satellite-subsystems/lib\libSatelliteSubsystemsD.a(gecko_driver.o)
                0x2001a3dc                GECKO_GetCurrentFPGA1V8
 .text.GECKO_GetVoltageFPGA2V5
                0x2001a50c       0xe8 C:/HOOPOE3/satellite-subsystems/demo/..//satellite-subsystems/lib\libSatelliteSubsystemsD.a(gecko_driver.o)
                0x2001a50c                GECKO_GetVoltageFPGA2V5
 .text.GECKO_GetCurrentFPGA2V5
                0x2001a5f4      0x130 C:/HOOPOE3/satellite-subsystems/demo/..//satellite-subsystems/lib\libSatelliteSubsystemsD.a(gecko_driver.o)
                0x2001a5f4                GECKO_GetCurrentFPGA2V5
 .text.GECKO_GetVoltageFPGA3V3
                0x2001a724       0xe8 C:/HOOPOE3/satellite-subsystems/demo/..//satellite-subsystems/lib\libSatelliteSubsystemsD.a(gecko_driver.o)
                0x2001a724                GECKO_GetVoltageFPGA3V3
 .text.GECKO_GetCurrentFPGA3V3
                0x2001a80c      0x130 C:/HOOPOE3/satellite-subsystems/demo/..//satellite-subsystems/lib\libSatelliteSubsystemsD.a(gecko_driver.o)
                0x2001a80c                GECKO_GetCurrentFPGA3V3
 .text.GECKO_GetVoltageFlash1V8
                0x2001a93c       0xd4 C:/HOOPOE3/satellite-subsystems/demo/..//satellite-subsystems/lib\libSatelliteSubsystemsD.a(gecko_driver.o)
                0x2001a93c                GECKO_GetVoltageFlash1V8
 .text.GECKO_GetCurrentFlash1V8
                0x2001aa10      0x130 C:/HOOPOE3/satellite-subsystems/demo/..//satellite-subsystems/lib\libSatelliteSubsystemsD.a(gecko_driver.o)
                0x2001aa10                GECKO_GetCurrentFlash1V8
 .text.GECKO_GetVoltageFlash3V3
                0x2001ab40       0xe8 C:/HOOPOE3/satellite-subsystems/demo/..//satellite-subsystems/lib\libSatelliteSubsystemsD.a(gecko_driver.o)
                0x2001ab40                GECKO_GetVoltageFlash3V3
 .text.GECKO_GetCurrentFlash3V3
                0x2001ac28      0x130 C:/HOOPOE3/satellite-subsystems/demo/..//satellite-subsystems/lib\libSatelliteSubsystemsD.a(gecko_driver.o)
                0x2001ac28                GECKO_GetCurrentFlash3V3
 .text.GECKO_GetVoltageSNSR1V8
                0x2001ad58       0xe8 C:/HOOPOE3/satellite-subsystems/demo/..//satellite-subsystems/lib\libSatelliteSubsystemsD.a(gecko_driver.o)
                0x2001ad58                GECKO_GetVoltageSNSR1V8
 .text.GECKO_GetCurrentSNSR1V8
                0x2001ae40      0x130 C:/HOOPOE3/satellite-subsystems/demo/..//satellite-subsystems/lib\libSatelliteSubsystemsD.a(gecko_driver.o)
                0x2001ae40                GECKO_GetCurrentSNSR1V8
 .text.GECKO_GetVoltageSNSRVDDPIX
                0x2001af70       0xe8 C:/HOOPOE3/satellite-subsystems/demo/..//satellite-subsystems/lib\libSatelliteSubsystemsD.a(gecko_driver.o)
                0x2001af70                GECKO_GetVoltageSNSRVDDPIX
 .text.GECKO_GetCurrentSNSRVDDPIX
                0x2001b058      0x130 C:/HOOPOE3/satellite-subsystems/demo/..//satellite-subsystems/lib\libSatelliteSubsystemsD.a(gecko_driver.o)
                0x2001b058                GECKO_GetCurrentSNSRVDDPIX
 .text.GECKO_GetVoltageSNSR3V3
                0x2001b188       0xe8 C:/HOOPOE3/satellite-subsystems/demo/..//satellite-subsystems/lib\libSatelliteSubsystemsD.a(gecko_driver.o)
                0x2001b188                GECKO_GetVoltageSNSR3V3
 .text.GECKO_GetCurrentSNSR3V3
                0x2001b270      0x130 C:/HOOPOE3/satellite-subsystems/demo/..//satellite-subsystems/lib\libSatelliteSubsystemsD.a(gecko_driver.o)
                0x2001b270                GECKO_GetCurrentSNSR3V3
 .text.GECKO_GetVoltageFlashVTT09
                0x2001b3a0       0xd4 C:/HOOPOE3/satellite-subsystems/demo/..//satellite-subsystems/lib\libSatelliteSubsystemsD.a(gecko_driver.o)
                0x2001b3a0                GECKO_GetVoltageFlashVTT09
 .text.GECKO_GetTempSMU3AB
                0x2001b474      0x35c C:/HOOPOE3/satellite-subsystems/demo/..//satellite-subsystems/lib\libSatelliteSubsystemsD.a(gecko_driver.o)
                0x2001b474                GECKO_GetTempSMU3AB
 .text.GECKO_GetTempSMU3BC
                0x2001b7d0      0x360 C:/HOOPOE3/satellite-subsystems/demo/..//satellite-subsystems/lib\libSatelliteSubsystemsD.a(gecko_driver.o)
                0x2001b7d0                GECKO_GetTempSMU3BC
 .text.GECKO_GetTempREGU6
                0x2001bb30      0x35c C:/HOOPOE3/satellite-subsystems/demo/..//satellite-subsystems/lib\libSatelliteSubsystemsD.a(gecko_driver.o)
                0x2001bb30                GECKO_GetTempREGU6
 .text.GECKO_GetTempREGU8
                0x2001be8c      0x360 C:/HOOPOE3/satellite-subsystems/demo/..//satellite-subsystems/lib\libSatelliteSubsystemsD.a(gecko_driver.o)
                0x2001be8c                GECKO_GetTempREGU8
 .text.GECKO_GetTempFlash
                0x2001c1ec      0x360 C:/HOOPOE3/satellite-subsystems/demo/..//satellite-subsystems/lib\libSatelliteSubsystemsD.a(gecko_driver.o)
                0x2001c1ec                GECKO_GetTempFlash
 .text._SpiWriteRead
                0x2001c54c       0x70 C:/HOOPOE3/satellite-subsystems/demo/..//satellite-subsystems/lib\libSatelliteSubsystemsD.a(gecko_driver.o)
 .text.makeTRXCommonTransfer
                0x2001c5bc       0x34 C:/HOOPOE3/satellite-subsystems/demo/..//satellite-subsystems/lib\libSatelliteSubsystemsD.a(IsisTRXCommon.o)
 .text.IsisTrxCommon_componentReset
                0x2001c5f0       0x68 C:/HOOPOE3/satellite-subsystems/demo/..//satellite-subsystems/lib\libSatelliteSubsystemsD.a(IsisTRXCommon.o)
                0x2001c5f0                IsisTrxCommon_componentReset
 .text.IsisTrxCommon_TxSendAX25DefClSign
                0x2001c658       0xf4 C:/HOOPOE3/satellite-subsystems/demo/..//satellite-subsystems/lib\libSatelliteSubsystemsD.a(IsisTRXCommon.o)
                0x2001c658                IsisTrxCommon_TxSendAX25DefClSign
 .text.IsisTrxCommon_TxSetIdlestate
                0x2001c74c       0x78 C:/HOOPOE3/satellite-subsystems/demo/..//satellite-subsystems/lib\libSatelliteSubsystemsD.a(IsisTRXCommon.o)
                0x2001c74c                IsisTrxCommon_TxSetIdlestate
 .text.IsisTrxCommon_TxSetAx25Bitrate
                0x2001c7c4       0x78 C:/HOOPOE3/satellite-subsystems/demo/..//satellite-subsystems/lib\libSatelliteSubsystemsD.a(IsisTRXCommon.o)
                0x2001c7c4                IsisTrxCommon_TxSetAx25Bitrate
 .text.IsisTrxCommon_RxGetFrameCount
                0x2001c83c       0x8c C:/HOOPOE3/satellite-subsystems/demo/..//satellite-subsystems/lib\libSatelliteSubsystemsD.a(IsisTRXCommon.o)
                0x2001c83c                IsisTrxCommon_RxGetFrameCount
 .text.IsisTrxCommon_RxGetTelemetryAll_revC
                0x2001c8c8       0x8c C:/HOOPOE3/satellite-subsystems/demo/..//satellite-subsystems/lib\libSatelliteSubsystemsD.a(IsisTRXCommon.o)
                0x2001c8c8                IsisTrxCommon_RxGetTelemetryAll_revC
 .text.log      0x2001c954      0x17c c:/isis/application/toolchain/bin/../lib/gcc/arm-none-eabi/4.7.4/../../../../arm-none-eabi/lib\libm.a(lib_a-w_log.o)
                0x2001c954                log
 .text.__ieee754_log
                0x2001cad0      0x5c0 c:/isis/application/toolchain/bin/../lib/gcc/arm-none-eabi/4.7.4/../../../../arm-none-eabi/lib\libm.a(lib_a-e_log.o)
                0x2001cad0                __ieee754_log
 .text.matherr  0x2001d090        0x8 c:/isis/application/toolchain/bin/../lib/gcc/arm-none-eabi/4.7.4/../../../../arm-none-eabi/lib\libm.a(lib_a-s_matherr.o)
                0x2001d090                matherr
 .text.nan      0x2001d098       0x10 c:/isis/application/toolchain/bin/../lib/gcc/arm-none-eabi/4.7.4/../../../../arm-none-eabi/lib\libm.a(lib_a-s_nan.o)
                0x2001d098                nan
 .text.fn_init  0x2001d0a8      0x2e0 C:/HOOPOE3/satellite-subsystems/demo/../..//hal/hcc/lib\libHCCD.a(fat_common.o)
                0x2001d0a8                fn_init
 .text._f_get16bitl
                0x2001d388       0x4c C:/HOOPOE3/satellite-subsystems/demo/../..//hal/hcc/lib\libHCCD.a(fat_common.o)
                0x2001d388                _f_get16bitl
 .text._f_set16bitl
                0x2001d3d4       0x54 C:/HOOPOE3/satellite-subsystems/demo/../..//hal/hcc/lib\libHCCD.a(fat_common.o)
                0x2001d3d4                _f_set16bitl
 .text._f_get32bitl
                0x2001d428       0x68 C:/HOOPOE3/satellite-subsystems/demo/../..//hal/hcc/lib\libHCCD.a(fat_common.o)
                0x2001d428                _f_get32bitl
 .text._f_set32bitl
                0x2001d490       0x78 C:/HOOPOE3/satellite-subsystems/demo/../..//hal/hcc/lib\libHCCD.a(fat_common.o)
                0x2001d490                _f_set32bitl
 .text._get8bit
                0x2001d508       0xa0 C:/HOOPOE3/satellite-subsystems/demo/../..//hal/hcc/lib\libHCCD.a(fat_common.o)
 .text._get16bitl
                0x2001d5a8       0x40 C:/HOOPOE3/satellite-subsystems/demo/../..//hal/hcc/lib\libHCCD.a(fat_common.o)
 .text._get32bitl
                0x2001d5e8       0x3c C:/HOOPOE3/satellite-subsystems/demo/../..//hal/hcc/lib\libHCCD.a(fat_common.o)
 .text._f_setcardremoved
                0x2001d624       0x94 C:/HOOPOE3/satellite-subsystems/demo/../..//hal/hcc/lib\libHCCD.a(fat_common.o)
 .text._f_checkstatus
                0x2001d6b8      0x104 C:/HOOPOE3/satellite-subsystems/demo/../..//hal/hcc/lib\libHCCD.a(fat_common.o)
                0x2001d6b8                _f_checkstatus
 .text._f_drvgetphy
                0x2001d7bc      0x114 C:/HOOPOE3/satellite-subsystems/demo/../..//hal/hcc/lib\libHCCD.a(fat_common.o)
 .text._f_drvwritesector
                0x2001d8d0       0xdc C:/HOOPOE3/satellite-subsystems/demo/../..//hal/hcc/lib\libHCCD.a(fat_common.o)
 .text._f_drvreadsector
                0x2001d9ac       0xa8 C:/HOOPOE3/satellite-subsystems/demo/../..//hal/hcc/lib\libHCCD.a(fat_common.o)
 .text._f_writesector
                0x2001da54      0x23c C:/HOOPOE3/satellite-subsystems/demo/../..//hal/hcc/lib\libHCCD.a(fat_common.o)
                0x2001da54                _f_writesector
 .text._f_readsector
                0x2001dc90      0x1dc C:/HOOPOE3/satellite-subsystems/demo/../..//hal/hcc/lib\libHCCD.a(fat_common.o)
                0x2001dc90                _f_readsector
 .text._f_getmaxcluster
                0x2001de6c       0x94 C:/HOOPOE3/satellite-subsystems/demo/../..//hal/hcc/lib\libHCCD.a(fat_common.o)
                0x2001de6c                _f_getmaxcluster
 .text._getsectorfromcluster
                0x2001df00       0x68 C:/HOOPOE3/satellite-subsystems/demo/../..//hal/hcc/lib\libHCCD.a(fat_common.o)
 .text._f_buildsectors
                0x2001df68      0x268 C:/HOOPOE3/satellite-subsystems/demo/../..//hal/hcc/lib\libHCCD.a(fat_common.o)
 .text._f_getbootrecord
                0x2001e1d0      0x5e4 C:/HOOPOE3/satellite-subsystems/demo/../..//hal/hcc/lib\libHCCD.a(fat_common.o)
 .text._f_readbootrecord
                0x2001e7b4      0x4f8 C:/HOOPOE3/satellite-subsystems/demo/../..//hal/hcc/lib\libHCCD.a(fat_common.o)
 .text._f_flushcffiles
                0x2001ecac      0x17c C:/HOOPOE3/satellite-subsystems/demo/../..//hal/hcc/lib\libHCCD.a(fat_common.o)
                0x2001ecac                _f_flushcffiles
 .text._f_fatcache_flush
                0x2001ee28      0x270 C:/HOOPOE3/satellite-subsystems/demo/../..//hal/hcc/lib\libHCCD.a(fat_common.o)
                0x2001ee28                _f_fatcache_flush
 .text._f_writefatsector
                0x2001f098      0x100 C:/HOOPOE3/satellite-subsystems/demo/../..//hal/hcc/lib\libHCCD.a(fat_common.o)
                0x2001f098                _f_writefatsector
 .text._f_getfatsector
                0x2001f198      0x3bc C:/HOOPOE3/satellite-subsystems/demo/../..//hal/hcc/lib\libHCCD.a(fat_common.o)
 .text._f_setclustervalue
                0x2001f554      0x490 C:/HOOPOE3/satellite-subsystems/demo/../..//hal/hcc/lib\libHCCD.a(fat_common.o)
                0x2001f554                _f_setclustervalue
 .text._f_getclustervalue
                0x2001f9e4      0x388 C:/HOOPOE3/satellite-subsystems/demo/../..//hal/hcc/lib\libHCCD.a(fat_common.o)
                0x2001f9e4                _f_getclustervalue
 .text._f_close_drive_files
                0x2001fd6c       0xac C:/HOOPOE3/satellite-subsystems/demo/../..//hal/hcc/lib\libHCCD.a(fat_common.o)
 .text._f_inc_mount_count
                0x2001fe18       0xa4 C:/HOOPOE3/satellite-subsystems/demo/../..//hal/hcc/lib\libHCCD.a(fat_common.o)
 .text._f_getvolume
                0x2001febc      0x2f8 C:/HOOPOE3/satellite-subsystems/demo/../..//hal/hcc/lib\libHCCD.a(fat_common.o)
                0x2001febc                _f_getvolume
 .text.fn_createdriver
                0x200201b4      0x118 C:/HOOPOE3/satellite-subsystems/demo/../..//hal/hcc/lib\libHCCD.a(fat_common.o)
                0x200201b4                fn_createdriver
 .text.fn_initvolume
                0x200202cc      0x12c C:/HOOPOE3/satellite-subsystems/demo/../..//hal/hcc/lib\libHCCD.a(fat_common.o)
                0x200202cc                fn_initvolume
 .text.fn_initvolumepartition_sub
                0x200203f8       0xe0 C:/HOOPOE3/satellite-subsystems/demo/../..//hal/hcc/lib\libHCCD.a(fat_common.o)
 .text.fn_initvolumepartition
                0x200204d8       0xac C:/HOOPOE3/satellite-subsystems/demo/../..//hal/hcc/lib\libHCCD.a(fat_common.o)
                0x200204d8                fn_initvolumepartition
 .text._f_clustertopos
                0x20020584       0xf8 C:/HOOPOE3/satellite-subsystems/demo/../..//hal/hcc/lib\libHCCD.a(fat_common.o)
                0x20020584                _f_clustertopos
 .text._f_getcurrsector
                0x2002067c      0x6c8 C:/HOOPOE3/satellite-subsystems/demo/../..//hal/hcc/lib\libHCCD.a(fat_common.o)
                0x2002067c                _f_getcurrsector
 .text._f_getdecluster
                0x20020d44       0x90 C:/HOOPOE3/satellite-subsystems/demo/../..//hal/hcc/lib\libHCCD.a(fat_common.o)
                0x20020d44                _f_getdecluster
 .text._f_setdecluster
                0x20020dd4       0x8c C:/HOOPOE3/satellite-subsystems/demo/../..//hal/hcc/lib\libHCCD.a(fat_common.o)
                0x20020dd4                _f_setdecluster
 .text.fn_getdrive
                0x20020e60       0x30 C:/HOOPOE3/satellite-subsystems/demo/../..//hal/hcc/lib\libHCCD.a(fat_common.o)
                0x20020e60                fn_getdrive
 .text._f_getcurrenttimedate
                0x20020e90      0x138 C:/HOOPOE3/satellite-subsystems/demo/../..//hal/hcc/lib\libHCCD.a(fat_common.o)
                0x20020e90                _f_getcurrenttimedate
 .text._f_initentry
                0x20020fc8       0xa0 C:/HOOPOE3/satellite-subsystems/demo/../..//hal/hcc/lib\libHCCD.a(fat_common.o)
                0x20020fc8                _f_initentry
 .text._f_alloccluster
                0x20021068      0x344 C:/HOOPOE3/satellite-subsystems/demo/../..//hal/hcc/lib\libHCCD.a(fat_common.o)
                0x20021068                _f_alloccluster
 .text._f_dobadblock
                0x200213ac      0x2cc C:/HOOPOE3/satellite-subsystems/demo/../..//hal/hcc/lib\libHCCD.a(fat_common.o)
                0x200213ac                _f_dobadblock
 .text._f_checklocked
                0x20021678       0xe4 C:/HOOPOE3/satellite-subsystems/demo/../..//hal/hcc/lib\libHCCD.a(fat_common.o)
                0x20021678                _f_checklocked
 .text._f_checkappendlocked
                0x2002175c      0x110 C:/HOOPOE3/satellite-subsystems/demo/../..//hal/hcc/lib\libHCCD.a(fat_common.o)
                0x2002175c                _f_checkappendlocked
 .text._f_setsyncafile
                0x2002186c      0x114 C:/HOOPOE3/satellite-subsystems/demo/../..//hal/hcc/lib\libHCCD.a(fat_common.o)
                0x2002186c                _f_setsyncafile
 .text._f_syncfiles
                0x20021980      0x128 C:/HOOPOE3/satellite-subsystems/demo/../..//hal/hcc/lib\libHCCD.a(fat_common.o)
                0x20021980                _f_syncfiles
 .text._f_syncfilescontent
                0x20021aa8      0x15c C:/HOOPOE3/satellite-subsystems/demo/../..//hal/hcc/lib\libHCCD.a(fat_common.o)
 .text.fn_getfreespace
                0x20021c04      0x4c0 C:/HOOPOE3/satellite-subsystems/demo/../..//hal/hcc/lib\libHCCD.a(fat_common.o)
                0x20021c04                fn_getfreespace
 .text._f_emptywritecache
                0x200220c4      0x4a4 C:/HOOPOE3/satellite-subsystems/demo/../..//hal/hcc/lib\libHCCD.a(fat_common.o)
 .text._f_allocnextcluster
                0x20022568      0x54c C:/HOOPOE3/satellite-subsystems/demo/../..//hal/hcc/lib\libHCCD.a(fat_common.o)
 .text._f_emptywritebuffer
                0x20022ab4      0x20c C:/HOOPOE3/satellite-subsystems/demo/../..//hal/hcc/lib\libHCCD.a(fat_common.o)
 .text._f_writezeros
                0x20022cc0       0xf0 C:/HOOPOE3/satellite-subsystems/demo/../..//hal/hcc/lib\libHCCD.a(fat_common.o)
                0x20022cc0                _f_writezeros
 .text._f_extend_file
                0x20022db0      0x570 C:/HOOPOE3/satellite-subsystems/demo/../..//hal/hcc/lib\libHCCD.a(fat_common.o)
 .text._f_fseek
                0x20023320      0x9bc C:/HOOPOE3/satellite-subsystems/demo/../..//hal/hcc/lib\libHCCD.a(fat_common.o)
                0x20023320                _f_fseek
 .text._f_removechain
                0x20023cdc      0x104 C:/HOOPOE3/satellite-subsystems/demo/../..//hal/hcc/lib\libHCCD.a(fat_common.o)
                0x20023cdc                _f_removechain
 .text._f_updatefileentry
                0x20023de0      0x1cc C:/HOOPOE3/satellite-subsystems/demo/../..//hal/hcc/lib\libHCCD.a(fat_common.o)
 .text._f_checkreadlocked
                0x20023fac      0x1bc C:/HOOPOE3/satellite-subsystems/demo/../..//hal/hcc/lib\libHCCD.a(fat_common.o)
                0x20023fac                _f_checkreadlocked
 .text._f_check_handle
                0x20024168       0x98 C:/HOOPOE3/satellite-subsystems/demo/../..//hal/hcc/lib\libHCCD.a(fat_common.o)
                0x20024168                _f_check_handle
 .text._f_removesyncafile
                0x20024200      0x1ec C:/HOOPOE3/satellite-subsystems/demo/../..//hal/hcc/lib\libHCCD.a(fat_common.o)
 .text.fn_close
                0x200243ec      0x3f8 C:/HOOPOE3/satellite-subsystems/demo/../..//hal/hcc/lib\libHCCD.a(fat_common.o)
                0x200243ec                fn_close
 .text.fn_flush
                0x200247e4      0x374 C:/HOOPOE3/satellite-subsystems/demo/../..//hal/hcc/lib\libHCCD.a(fat_common.o)
                0x200247e4                fn_flush
 .text.fn_read  0x20024b58      0x690 C:/HOOPOE3/satellite-subsystems/demo/../..//hal/hcc/lib\libHCCD.a(fat_common.o)
                0x20024b58                fn_read
 .text._f_abortwrite
                0x200251e8      0x100 C:/HOOPOE3/satellite-subsystems/demo/../..//hal/hcc/lib\libHCCD.a(fat_common.o)
 .text._f_checkwritecluster
                0x200252e8       0xe4 C:/HOOPOE3/satellite-subsystems/demo/../..//hal/hcc/lib\libHCCD.a(fat_common.o)
 .text.fn_write
                0x200253cc      0x8a8 C:/HOOPOE3/satellite-subsystems/demo/../..//hal/hcc/lib\libHCCD.a(fat_common.o)
                0x200253cc                fn_write
 .text.fn_seek  0x20025c74      0x270 C:/HOOPOE3/satellite-subsystems/demo/../..//hal/hcc/lib\libHCCD.a(fat_common.o)
                0x20025c74                fn_seek
 .text.f_enterFS
                0x20025ee4      0x1c0 C:/HOOPOE3/satellite-subsystems/demo/../..//hal/hcc/lib\libHCCD.a(fat_common.o)
                0x20025ee4                f_enterFS
 .text.f_releaseFS
                0x200260a4       0xb0 C:/HOOPOE3/satellite-subsystems/demo/../..//hal/hcc/lib\libHCCD.a(fat_common.o)
                0x200260a4                f_releaseFS
 .text.fnGetTask
                0x20026154       0xfc C:/HOOPOE3/satellite-subsystems/demo/../..//hal/hcc/lib\libHCCD.a(fat_common.o)
                0x20026154                fnGetTask
 .text._f_mutex_get
                0x20026250       0x98 C:/HOOPOE3/satellite-subsystems/demo/../..//hal/hcc/lib\libHCCD.a(fat_common.o)
                0x20026250                _f_mutex_get
 .text._f_mutex_put
                0x200262e8       0x54 C:/HOOPOE3/satellite-subsystems/demo/../..//hal/hcc/lib\libHCCD.a(fat_common.o)
                0x200262e8                _f_mutex_put
 .text._fn_initseekdivisor
                0x2002633c      0x158 C:/HOOPOE3/satellite-subsystems/demo/../..//hal/hcc/lib\libHCCD.a(fat_common.o)
                0x2002633c                _fn_initseekdivisor
 .text._fn_updateseekpos
                0x20026494       0xc4 C:/HOOPOE3/satellite-subsystems/demo/../..//hal/hcc/lib\libHCCD.a(fat_common.o)
 .text._f_findopensize
                0x20026558       0x2c C:/HOOPOE3/satellite-subsystems/demo/../..//hal/hcc/lib\libHCCD.a(fat_common.o)
                0x20026558                _f_findopensize
 .text.fn_setlasterror
                0x20026584       0x34 C:/HOOPOE3/satellite-subsystems/demo/../..//hal/hcc/lib\libHCCD.a(fat_common.o)
                0x20026584                fn_setlasterror
 .text.fn_setlasterror_noret
                0x200265b8       0x2c C:/HOOPOE3/satellite-subsystems/demo/../..//hal/hcc/lib\libHCCD.a(fat_common.o)
                0x200265b8                fn_setlasterror_noret
 .text.fm_initvolume
                0x200265e4       0x70 C:/HOOPOE3/satellite-subsystems/demo/../..//hal/hcc/lib\libHCCD.a(fat_m.o)
                0x200265e4                fm_initvolume
 .text.fm_getdrive
                0x20026654       0x70 C:/HOOPOE3/satellite-subsystems/demo/../..//hal/hcc/lib\libHCCD.a(fat_m.o)
                0x20026654                fm_getdrive
 .text.fm_getfreespace
                0x200266c4       0x68 C:/HOOPOE3/satellite-subsystems/demo/../..//hal/hcc/lib\libHCCD.a(fat_m.o)
                0x200266c4                fm_getfreespace
 .text.fm_findfirst
                0x2002672c       0x68 C:/HOOPOE3/satellite-subsystems/demo/../..//hal/hcc/lib\libHCCD.a(fat_m.o)
                0x2002672c                fm_findfirst
 .text.fm_findnext
                0x20026794       0x60 C:/HOOPOE3/satellite-subsystems/demo/../..//hal/hcc/lib\libHCCD.a(fat_m.o)
                0x20026794                fm_findnext
 .text.fm_rename
                0x200267f4       0x68 C:/HOOPOE3/satellite-subsystems/demo/../..//hal/hcc/lib\libHCCD.a(fat_m.o)
                0x200267f4                fm_rename
 .text.fm_filelength
                0x2002685c       0x60 C:/HOOPOE3/satellite-subsystems/demo/../..//hal/hcc/lib\libHCCD.a(fat_m.o)
                0x2002685c                fm_filelength
 .text.fm_close
                0x200268bc       0x60 C:/HOOPOE3/satellite-subsystems/demo/../..//hal/hcc/lib\libHCCD.a(fat_m.o)
                0x200268bc                fm_close
 .text.fm_flush
                0x2002691c       0x60 C:/HOOPOE3/satellite-subsystems/demo/../..//hal/hcc/lib\libHCCD.a(fat_m.o)
                0x2002691c                fm_flush
 .text.fm_open  0x2002697c       0x68 C:/HOOPOE3/satellite-subsystems/demo/../..//hal/hcc/lib\libHCCD.a(fat_m.o)
                0x2002697c                fm_open
 .text.fm_read  0x200269e4       0x7c C:/HOOPOE3/satellite-subsystems/demo/../..//hal/hcc/lib\libHCCD.a(fat_m.o)
                0x200269e4                fm_read
 .text.fm_write
                0x20026a60       0x7c C:/HOOPOE3/satellite-subsystems/demo/../..//hal/hcc/lib\libHCCD.a(fat_m.o)
                0x20026a60                fm_write
 .text.fm_seek  0x20026adc       0x70 C:/HOOPOE3/satellite-subsystems/demo/../..//hal/hcc/lib\libHCCD.a(fat_m.o)
                0x20026adc                fm_seek
 .text.fm_delete
                0x20026b4c       0x64 C:/HOOPOE3/satellite-subsystems/demo/../..//hal/hcc/lib\libHCCD.a(fat_m.o)
                0x20026b4c                fm_delete
 .text.fm_getlasterror
                0x20026bb0       0x40 C:/HOOPOE3/satellite-subsystems/demo/../..//hal/hcc/lib\libHCCD.a(fat_m.o)
                0x20026bb0                fm_getlasterror
 .text._s_checkzeroclusteratend
                0x20026bf0       0xf8 C:/HOOPOE3/satellite-subsystems/demo/../..//hal/hcc/lib\libHCCD.a(safefat.o)
 .text._s_clearclustercontent
                0x20026ce8      0x108 C:/HOOPOE3/satellite-subsystems/demo/../..//hal/hcc/lib\libHCCD.a(safefat.o)
 .text._s_clearclustercontentdir
                0x20026df0      0x19c C:/HOOPOE3/satellite-subsystems/demo/../..//hal/hcc/lib\libHCCD.a(safefat.o)
 .text._s_writedirsector
                0x20026f8c       0xd0 C:/HOOPOE3/satellite-subsystems/demo/../..//hal/hcc/lib\libHCCD.a(safefat.o)
 .text._s_getdirsector
                0x2002705c      0x100 C:/HOOPOE3/satellite-subsystems/demo/../..//hal/hcc/lib\libHCCD.a(safefat.o)
 .text._s_addentry
                0x2002715c      0x394 C:/HOOPOE3/satellite-subsystems/demo/../..//hal/hcc/lib\libHCCD.a(safefat.o)
 .text._s_findfile
                0x200274f0      0x33c C:/HOOPOE3/satellite-subsystems/demo/../..//hal/hcc/lib\libHCCD.a(safefat.o)
 .text._s_findsubdir