Archive member included because of file (symbol)

c:/isis/application/toolchain/bin/../lib/gcc/arm-none-eabi/4.7.4/../../../../arm-none-eabi/lib\libc_s.a(lib_a-vfprintf_float.o)
                              (_printf_float)
c:/isis/application/toolchain/bin/../lib/gcc/arm-none-eabi/4.7.4/../../../../arm-none-eabi/lib\libc_s.a(lib_a-vfprintf_i.o)
                              c:/isis/application/toolchain/bin/../lib/gcc/arm-none-eabi/4.7.4/../../../../arm-none-eabi/lib\libc_s.a(lib_a-vfprintf_float.o) (_printf_common)
c:/isis/application/toolchain/bin/../lib/gcc/arm-none-eabi/4.7.4/../../../../arm-none-eabi/lib\libc_s.a(lib_a-vfscanf_float.o)
                              (_scanf_float)
c:/isis/application/toolchain/bin/../lib/gcc/arm-none-eabi/4.7.4/../../../../arm-none-eabi/lib\libc_s.a(lib_a-dtoa.o)
                              c:/isis/application/toolchain/bin/../lib/gcc/arm-none-eabi/4.7.4/../../../../arm-none-eabi/lib\libc_s.a(lib_a-vfprintf_float.o) (_dtoa_r)
c:/isis/application/toolchain/bin/../lib/gcc/arm-none-eabi/4.7.4/../../../../arm-none-eabi/lib\libc_s.a(lib_a-locale.o)
                              c:/isis/application/toolchain/bin/../lib/gcc/arm-none-eabi/4.7.4/../../../../arm-none-eabi/lib\libc_s.a(lib_a-vfprintf_float.o) (_localeconv_r)
c:/isis/application/toolchain/bin/../lib/gcc/arm-none-eabi/4.7.4/../../../../arm-none-eabi/lib\libc_s.a(lib_a-malloc.o)
                              c:/isis/application/toolchain/bin/../lib/gcc/arm-none-eabi/4.7.4/../../../../arm-none-eabi/lib\libc_s.a(lib_a-dtoa.o) (malloc)
c:/isis/application/toolchain/bin/../lib/gcc/arm-none-eabi/4.7.4/../../../../arm-none-eabi/lib\libc_s.a(lib_a-mallocr.o)
                              c:/isis/application/toolchain/bin/../lib/gcc/arm-none-eabi/4.7.4/../../../../arm-none-eabi/lib\libc_s.a(lib_a-malloc.o) (_malloc_r)
c:/isis/application/toolchain/bin/../lib/gcc/arm-none-eabi/4.7.4/../../../../arm-none-eabi/lib\libc_s.a(lib_a-memcpy.o)
                              c:/isis/application/toolchain/bin/../lib/gcc/arm-none-eabi/4.7.4/../../../../arm-none-eabi/lib\libc_s.a(lib_a-dtoa.o) (memcpy)
c:/isis/application/toolchain/bin/../lib/gcc/arm-none-eabi/4.7.4/../../../../arm-none-eabi/lib\libc_s.a(lib_a-mprec.o)
                              c:/isis/application/toolchain/bin/../lib/gcc/arm-none-eabi/4.7.4/../../../../arm-none-eabi/lib\libc_s.a(lib_a-dtoa.o) (_Balloc)
c:/isis/application/toolchain/bin/../lib/gcc/arm-none-eabi/4.7.4/../../../../arm-none-eabi/lib\libc_s.a(lib_a-s_fpclassify.o)
                              c:/isis/application/toolchain/bin/../lib/gcc/arm-none-eabi/4.7.4/../../../../arm-none-eabi/lib\libc_s.a(lib_a-vfprintf_float.o) (__fpclassifyd)
c:/isis/application/toolchain/bin/../lib/gcc/arm-none-eabi/4.7.4/../../../../arm-none-eabi/lib\libc_s.a(lib_a-sbrkr.o)
                              c:/isis/application/toolchain/bin/../lib/gcc/arm-none-eabi/4.7.4/../../../../arm-none-eabi/lib\libc_s.a(lib_a-mallocr.o) (_sbrk_r)
c:/isis/application/toolchain/bin/../lib/gcc/arm-none-eabi/4.7.4/../../../../arm-none-eabi/lib\libc_s.a(lib_a-sf_nan.o)
                              c:/isis/application/toolchain/bin/../lib/gcc/arm-none-eabi/4.7.4/../../../../arm-none-eabi/lib\libc_s.a(lib_a-vfscanf_float.o) (nanf)
c:/isis/application/toolchain/bin/../lib/gcc/arm-none-eabi/4.7.4/../../../../arm-none-eabi/lib\libc_s.a(lib_a-sprintf.o)
                              c:/isis/application/toolchain/bin/../lib/gcc/arm-none-eabi/4.7.4/../../../../arm-none-eabi/lib\libc_s.a(lib_a-vfscanf_float.o) (sprintf)
c:/isis/application/toolchain/bin/../lib/gcc/arm-none-eabi/4.7.4/../../../../arm-none-eabi/lib\libc_s.a(lib_a-strcmp.o)
                              c:/isis/application/toolchain/bin/../lib/gcc/arm-none-eabi/4.7.4/../../../../arm-none-eabi/lib\libc_s.a(lib_a-locale.o) (strcmp)
c:/isis/application/toolchain/bin/../lib/gcc/arm-none-eabi/4.7.4/../../../../arm-none-eabi/lib\libc_s.a(lib_a-strlen.o)
                              c:/isis/application/toolchain/bin/../lib/gcc/arm-none-eabi/4.7.4/../../../../arm-none-eabi/lib\libc_s.a(lib_a-vfprintf_float.o) (strlen)
c:/isis/application/toolchain/bin/../lib/gcc/arm-none-eabi/4.7.4/../../../../arm-none-eabi/lib\libc_s.a(lib_a-strtod.o)
                              c:/isis/application/toolchain/bin/../lib/gcc/arm-none-eabi/4.7.4/../../../../arm-none-eabi/lib\libc_s.a(lib_a-vfscanf_float.o) (_strtod_r)
c:/isis/application/toolchain/bin/../lib/gcc/arm-none-eabi/4.7.4/../../../../arm-none-eabi/lib\libc_s.a(lib_a-strtol.o)
                              c:/isis/application/toolchain/bin/../lib/gcc/arm-none-eabi/4.7.4/../../../../arm-none-eabi/lib\libc_s.a(lib_a-vfscanf_float.o) (_strtol_r)
c:/isis/application/toolchain/bin/../lib/gcc/arm-none-eabi/4.7.4/../../../../arm-none-eabi/lib\libc_s.a(lib_a-svfprintf.o)
                              c:/isis/application/toolchain/bin/../lib/gcc/arm-none-eabi/4.7.4/../../../../arm-none-eabi/lib\libc_s.a(lib_a-sprintf.o) (_svfprintf_r)
[...]
Memory Configuration

Name             Origin             Length             Attributes
sram0            0x00200000         0x00004000         w !xr
sram1            0x00300000         0x00004000         w !xr
sdram            0x20000000         0x02000000         w !xr
*default*        0x00000000         0xffffffff

Linker script and memory map

LOAD c:/isis/application/toolchain/bin/../lib/gcc/arm-none-eabi/4.7.4/../../../../arm-none-eabi/lib\libc_s.a
LOAD ./src/sub-systemCode/Main/CMD/COMM_CMD.o
LOAD ./src/sub-systemCode/Main/CMD/EPS_CMD.o
LOAD ./src/sub-systemCode/Main/CMD/General_CMD.o
LOAD ./src/sub-systemCode/Main/CMD/SW_CMD.o
LOAD ./src/sub-systemCode/Main/CMD/payload_CMD.o
LOAD ./src/sub-systemCode/Main/Ants.o
LOAD ./src/sub-systemCode/Main/EPS.o
LOAD ./src/sub-systemCode/Main/HouseKeeping.o
LOAD ./src/sub-systemCode/Main/Main_Init.o
LOAD ./src/sub-systemCode/Main/commands.o
LOAD ./src/sub-systemCode/Global/Global.o
LOAD ./src/sub-systemCode/Global/GlobalParam.o
LOAD ./src/sub-systemCode/Global/OnlineTM.o
LOAD ./src/sub-systemCode/Global/TLM_management.o
LOAD ./src/sub-systemCode/COMM/APRS.o
LOAD ./src/sub-systemCode/COMM/DelayedCommand_list.o
LOAD ./src/sub-systemCode/COMM/GSC.o
LOAD ./src/sub-systemCode/COMM/TRXVU.o
LOAD ./src/sub-systemCode/ADCS/ADCS.o
LOAD ./src/sub-systemCode/ADCS/Stage_Table.o
LOAD ./src/main.o
LOAD C:/HOOPOE3/satellite-subsystems/demo/..//satellite-subsystems/lib\libSatelliteSubsystemsD.a
LOAD c:/isis/application/toolchain/bin/../lib/gcc/arm-none-eabi/4.7.4/../../../../arm-none-eabi/lib\libm.a
LOAD C:/HOOPOE3/satellite-subsystems/demo/../..//hal/hcc/lib\libHCCD.a
LOAD C:/HOOPOE3/satellite-subsystems/demo/../..//hal/hal/lib\libHALD.a
LOAD C:/HOOPOE3/satellite-subsystems/demo/../..//hal/freertos/lib\libFreeRTOSD.a
LOAD C:/HOOPOE3/satellite-subsystems/demo/../..//hal/at91/lib\libAt91D.a
START GROUP
LOAD c:/isis/application/toolchain/bin/../lib/gcc/arm-none-eabi/4.7.4\libgcc.a
LOAD c:/isis/application/toolchain/bin/../lib/gcc/arm-none-eabi/4.7.4/../../../../arm-none-eabi/lib\libc_s.a
END GROUP

.fixed          0x20000000    0x41648
                0x20000000                . = ALIGN (0x4)
                0x20000000                _sfixed = .
 *(.startup)
 .startup       0x20000000      0x134 C:/HOOPOE3/satellite-subsystems/demo/../..//hal/at91/lib\libAt91D.a(board_cstartup.o)
                0x20000000                entry
 *(.text)
 .text          0x20000134       0x64 C:/HOOPOE3/satellite-subsystems/demo/../..//hal/at91/lib\libAt91D.a(cp15_asm.o)
                0x20000134                _readControlRegister
                0x20000140                _writeControlRegister
                0x20000148                _waitForInterrupt
                0x20000154                _writeTTB
                0x2000015c                _writeDomain
                0x20000164                _writeITLBLockdown
                0x2000016c                _prefetchICacheLine
                0x20000174                _flushDCache
                0x20000180                _flushWriteBuffer
                0x2000018c                _invalidateIDTLBs
 .text          0x20000198      0x114 c:/isis/application/toolchain/bin/../lib/gcc/arm-none-eabi/4.7.4\libgcc.a(_udivsi3.o)
                0x20000198                __aeabi_uidiv
                0x20000198                __udivsi3
                0x2000028c                __aeabi_uidivmod
 .text          0x200002ac      0x148 c:/isis/application/toolchain/bin/../lib/gcc/arm-none-eabi/4.7.4\libgcc.a(_divsi3.o)
                0x200002ac                __divsi3
                0x200002ac                __aeabi_idiv
                0x200003d4                __aeabi_idivmod
 .text          0x200003f4        0x4 c:/isis/application/toolchain/bin/../lib/gcc/arm-none-eabi/4.7.4\libgcc.a(_dvmd_tls.o)
                0x200003f4                __aeabi_idiv0
                0x200003f4                __aeabi_ldiv0
 .text          0x200003f8      0x41c c:/isis/application/toolchain/bin/../lib/gcc/arm-none-eabi/4.7.4\libgcc.a(_arm_addsubdf3.o)
                0x200003f8                __aeabi_drsub
                0x20000400                __aeabi_dsub
                0x20000400                __subdf3
                0x20000404                __aeabi_dadd
                0x20000404                __adddf3
                0x20000714                __floatunsidf
                0x20000714                __aeabi_ui2d
                0x20000738                __floatsidf
                0x20000738                __aeabi_i2d
                0x20000760                __aeabi_f2d
                0x20000760                __extendsfdf2
                0x200007a0                __floatundidf
                0x200007a0                __aeabi_ul2d
                0x200007b4                __floatdidf
                0x200007b4                __aeabi_l2d
 .text          0x20000814      0x49c c:/isis/application/toolchain/bin/../lib/gcc/arm-none-eabi/4.7.4\libgcc.a(_arm_muldivdf3.o)
                0x20000814                __aeabi_dmul
                0x20000814                __muldf3
                0x20000aa4                __divdf3
                0x20000aa4                __aeabi_ddiv
 .text          0x20000cb0      0x144 c:/isis/application/toolchain/bin/../lib/gcc/arm-none-eabi/4.7.4\libgcc.a(_arm_cmpdf2.o)
                0x20000cb0                __gtdf2
                0x20000cb0                __gedf2
                0x20000cb8                __ltdf2
                0x20000cb8                __ledf2
                0x20000cc0                __nedf2
                0x20000cc0                __eqdf2
                0x20000cc0                __cmpdf2
                0x20000d48                __aeabi_cdrcmple
                0x20000d64                __aeabi_cdcmpeq
                0x20000d64                __aeabi_cdcmple
                0x20000d7c                __aeabi_dcmpeq
                0x20000d94                __aeabi_dcmplt
                0x20000dac                __aeabi_dcmple
                0x20000dc4                __aeabi_dcmpge
                0x20000ddc                __aeabi_dcmpgt
 .text          0x20000df4       0x5c c:/isis/application/toolchain/bin/../lib/gcc/arm-none-eabi/4.7.4\libgcc.a(_arm_fixdfsi.o)
                0x20000df4                __aeabi_d2iz
                0x20000df4                __fixdfsi
 .text          0x20000e50       0x54 c:/isis/application/toolchain/bin/../lib/gcc/arm-none-eabi/4.7.4\libgcc.a(_arm_fixunsdfsi.o)
                0x20000e50                __aeabi_d2uiz
                0x20000e50                __fixunsdfsi
 .text          0x20000ea4       0xa0 c:/isis/application/toolchain/bin/../lib/gcc/arm-none-eabi/4.7.4\libgcc.a(_arm_truncdfsf2.o)
                0x20000ea4                __truncdfsf2
                0x20000ea4                __aeabi_d2f
 .text          0x20000f44      0x2ac c:/isis/application/toolchain/bin/../lib/gcc/arm-none-eabi/4.7.4\libgcc.a(_arm_addsubsf3.o)
                0x20000f44                __aeabi_frsub
                0x20000f4c                __subsf3
                0x20000f4c                __aeabi_fsub
                0x20000f50                __aeabi_fadd
                0x20000f50                __addsf3
                0x2000110c                __aeabi_ui2f
                0x2000110c                __floatunsisf
                0x20001114                __aeabi_i2f
                0x20001114                __floatsisf
                0x20001134                __aeabi_ul2f
                0x20001134                __floatundisf
                0x20001144                __aeabi_l2f
                0x20001144                __floatdisf
 .text          0x200011f0      0x2f8 c:/isis/application/toolchain/bin/../lib/gcc/arm-none-eabi/4.7.4\libgcc.a(_arm_muldivsf3.o)
                0x200011f0                __mulsf3
                0x200011f0                __aeabi_fmul
                0x20001388                __aeabi_fdiv
                0x20001388                __divsf3
 .text          0x200014e8      0x114 c:/isis/application/toolchain/bin/../lib/gcc/arm-none-eabi/4.7.4\libgcc.a(_arm_cmpsf2.o)
                0x200014e8                __gesf2
                0x200014e8                __gtsf2
                0x200014f0                __lesf2
                0x200014f0                __ltsf2
                0x200014f8                __nesf2
                0x200014f8                __eqsf2
                0x200014f8                __cmpsf2
                0x2000155c                __aeabi_cfrcmple
                0x2000156c                __aeabi_cfcmpeq
                0x2000156c                __aeabi_cfcmple
                0x20001584                __aeabi_fcmpeq
                0x2000159c                __aeabi_fcmplt
                0x200015b4                __aeabi_fcmple
                0x200015cc                __aeabi_fcmpge
                0x200015e4                __aeabi_fcmpgt
 .text          0x200015fc       0x54 c:/isis/application/toolchain/bin/../lib/gcc/arm-none-eabi/4.7.4\libgcc.a(_arm_fixunssfsi.o)
                0x200015fc                __fixunssfsi
                0x200015fc                __aeabi_f2uiz
 *(.text*)
 .text.__cvt    0x20001650      0x138 c:/isis/application/toolchain/bin/../lib/gcc/arm-none-eabi/4.7.4/../../../../arm-none-eabi/lib\libc_s.a(lib_a-vfprintf_float.o)
                0x20001650                __cvt
 .text.__exponent
                0x20001788       0xa8 c:/isis/application/toolchain/bin/../lib/gcc/arm-none-eabi/4.7.4/../../../../arm-none-eabi/lib\libc_s.a(lib_a-vfprintf_float.o)
                0x20001788                __exponent
 .text._printf_float
                0x20001830      0x7dc c:/isis/application/toolchain/bin/../lib/gcc/arm-none-eabi/4.7.4/../../../../arm-none-eabi/lib\libc_s.a(lib_a-vfprintf_float.o)
                0x20001830                _printf_float
 .text._printf_common
                0x2000200c      0x174 c:/isis/application/toolchain/bin/../lib/gcc/arm-none-eabi/4.7.4/../../../../arm-none-eabi/lib\libc_s.a(lib_a-vfprintf_i.o)
                0x2000200c                _printf_common
 .text._printf_i
                0x20002180      0x3c4 c:/isis/application/toolchain/bin/../lib/gcc/arm-none-eabi/4.7.4/../../../../arm-none-eabi/lib\libc_s.a(lib_a-vfprintf_i.o)
                0x20002180                _printf_i
 .text._scanf_float
                0x20002544      0x5f4 c:/isis/application/toolchain/bin/../lib/gcc/arm-none-eabi/4.7.4/../../../../arm-none-eabi/lib\libc_s.a(lib_a-vfscanf_float.o)
                0x20002544                _scanf_float
 .text.quorem   0x20002b38      0x1ac c:/isis/application/toolchain/bin/../lib/gcc/arm-none-eabi/4.7.4/../../../../arm-none-eabi/lib\libc_s.a(lib_a-dtoa.o)
 .text._dtoa_r  0x20002ce4     0x1268 c:/isis/application/toolchain/bin/../lib/gcc/arm-none-eabi/4.7.4/../../../../arm-none-eabi/lib\libc_s.a(lib_a-dtoa.o)
                0x20002ce4                _dtoa_r
 .text._localeconv_r
                0x20003f4c        0xc c:/isis/application/toolchain/bin/../lib/gcc/arm-none-eabi/4.7.4/../../../../arm-none-eabi/lib\libc_s.a(lib_a-locale.o)
                0x20003f4c                _localeconv_r
 .text.malloc   0x20003f58       0x20 c:/isis/application/toolchain/bin/../lib/gcc/arm-none-eabi/4.7.4/../../../../arm-none-eabi/lib\libc_s.a(lib_a-malloc.o)
                0x20003f58                malloc
 .text.free     0x20003f78       0x20 c:/isis/application/toolchain/bin/../lib/gcc/arm-none-eabi/4.7.4/../../../../arm-none-eabi/lib\libc_s.a(lib_a-malloc.o)
                0x20003f78                free
 .text._malloc_r
                0x20003f98       0xfc c:/isis/application/toolchain/bin/../lib/gcc/arm-none-eabi/4.7.4/../../../../arm-none-eabi/lib\libc_s.a(lib_a-mallocr.o)
                0x20003f98                _malloc_r
 .text.memcpy   0x20004094       0x20 c:/isis/application/toolchain/bin/../lib/gcc/arm-none-eabi/4.7.4/../../../../arm-none-eabi/lib\libc_s.a(lib_a-memcpy.o)
                0x20004094                memcpy
 .text._Balloc  0x200040b4       0xcc c:/isis/application/toolchain/bin/../lib/gcc/arm-none-eabi/4.7.4/../../../../arm-none-eabi/lib\libc_s.a(lib_a-mprec.o)
                0x200040b4                _Balloc
 .text._Bfree   0x20004180       0x5c c:/isis/application/toolchain/bin/../lib/gcc/arm-none-eabi/4.7.4/../../../../arm-none-eabi/lib\libc_s.a(lib_a-mprec.o)
                0x20004180                _Bfree
 .text.__multadd
                0x200041dc       0xbc c:/isis/application/toolchain/bin/../lib/gcc/arm-none-eabi/4.7.4/../../../../arm-none-eabi/lib\libc_s.a(lib_a-mprec.o)
                0x200041dc                __multadd
 .text.__s2b    0x20004298       0xd8 c:/isis/application/toolchain/bin/../lib/gcc/arm-none-eabi/4.7.4/../../../../arm-none-eabi/lib\libc_s.a(lib_a-mprec.o)
                0x20004298                __s2b
 .text.__hi0bits
                0x20004370       0x58 c:/isis/application/toolchain/bin/../lib/gcc/arm-none-eabi/4.7.4/../../../../arm-none-eabi/lib\libc_s.a(lib_a-mprec.o)
                0x20004370                __hi0bits
 .text.__lo0bits
                0x200043c8       0x94 c:/isis/application/toolchain/bin/../lib/gcc/arm-none-eabi/4.7.4/../../../../arm-none-eabi/lib\libc_s.a(lib_a-mprec.o)
                0x200043c8                __lo0bits
 .text.__i2b    0x2000445c       0x24 c:/isis/application/toolchain/bin/../lib/gcc/arm-none-eabi/4.7.4/../../../../arm-none-eabi/lib\libc_s.a(lib_a-mprec.o)
                0x2000445c                __i2b
 .text.__multiply
                0x20004480      0x1ac c:/isis/application/toolchain/bin/../lib/gcc/arm-none-eabi/4.7.4/../../../../arm-none-eabi/lib\libc_s.a(lib_a-mprec.o)
                0x20004480                __multiply
 .text.__pow5mult
                0x2000462c      0x10c c:/isis/application/toolchain/bin/../lib/gcc/arm-none-eabi/4.7.4/../../../../arm-none-eabi/lib\libc_s.a(lib_a-mprec.o)
                0x2000462c                __pow5mult
 .text.__lshift
                0x20004738       0xf0 c:/isis/application/toolchain/bin/../lib/gcc/arm-none-eabi/4.7.4/../../../../arm-none-eabi/lib\libc_s.a(lib_a-mprec.o)
                0x20004738                __lshift
 .text.__mcmp   0x20004828       0x60 c:/isis/application/toolchain/bin/../lib/gcc/arm-none-eabi/4.7.4/../../../../arm-none-eabi/lib\libc_s.a(lib_a-mprec.o)
                0x20004828                __mcmp
 .text.__mdiff  0x20004888      0x128 c:/isis/application/toolchain/bin/../lib/gcc/arm-none-eabi/4.7.4/../../../../arm-none-eabi/lib\libc_s.a(lib_a-mprec.o)
                0x20004888                __mdiff
 .text.__ulp    0x200049b0       0x5c c:/isis/application/toolchain/bin/../lib/gcc/arm-none-eabi/4.7.4/../../../../arm-none-eabi/lib\libc_s.a(lib_a-mprec.o)
                0x200049b0                __ulp
 .text.__b2d    0x20004a0c       0xc8 c:/isis/application/toolchain/bin/../lib/gcc/arm-none-eabi/4.7.4/../../../../arm-none-eabi/lib\libc_s.a(lib_a-mprec.o)
                0x20004a0c                __b2d
 .text.__d2b    0x20004ad4       0xfc c:/isis/application/toolchain/bin/../lib/gcc/arm-none-eabi/4.7.4/../../../../arm-none-eabi/lib\libc_s.a(lib_a-mprec.o)
                0x20004ad4                __d2b
 .text.__ratio  0x20004bd0       0x70 c:/isis/application/toolchain/bin/../lib/gcc/arm-none-eabi/4.7.4/../../../../arm-none-eabi/lib\libc_s.a(lib_a-mprec.o)
                0x20004bd0                __ratio
 .text.__copybits
                0x20004c40       0x4c c:/isis/application/toolchain/bin/../lib/gcc/arm-none-eabi/4.7.4/../../../../arm-none-eabi/lib\libc_s.a(lib_a-mprec.o)
                0x20004c40                __copybits
 .text.__any_on
                0x20004c8c       0x7c c:/isis/application/toolchain/bin/../lib/gcc/arm-none-eabi/4.7.4/../../../../arm-none-eabi/lib\libc_s.a(lib_a-mprec.o)
                0x20004c8c                __any_on
 .text.__fpclassifyd
                0x20004d08       0x6c c:/isis/application/toolchain/bin/../lib/gcc/arm-none-eabi/4.7.4/../../../../arm-none-eabi/lib\libc_s.a(lib_a-s_fpclassify.o)
                0x20004d08                __fpclassifyd
 .text._sbrk_r  0x20004d74       0x3c c:/isis/application/toolchain/bin/../lib/gcc/arm-none-eabi/4.7.4/../../../../arm-none-eabi/lib\libc_s.a(lib_a-sbrkr.o)
                0x20004d74                _sbrk_r
 .text.nanf     0x20004db0        0xc c:/isis/application/toolchain/bin/../lib/gcc/arm-none-eabi/4.7.4/../../../../arm-none-eabi/lib\libc_s.a(lib_a-sf_nan.o)
                0x20004db0                nanf
 .text.sprintf  0x20004dbc       0x6c c:/isis/application/toolchain/bin/../lib/gcc/arm-none-eabi/4.7.4/../../../../arm-none-eabi/lib\libc_s.a(lib_a-sprintf.o)
                0x20004dbc                siprintf
                0x20004dbc                sprintf
 .text.strcmp   0x20004e28       0x1c c:/isis/application/toolchain/bin/../lib/gcc/arm-none-eabi/4.7.4/../../../../arm-none-eabi/lib\libc_s.a(lib_a-strcmp.o)
                0x20004e28                strcmp
 .text.strlen   0x20004e44       0x1c c:/isis/application/toolchain/bin/../lib/gcc/arm-none-eabi/4.7.4/../../../../arm-none-eabi/lib\libc_s.a(lib_a-strlen.o)
                0x20004e44                strlen
 .text.match    0x20004e60       0x54 c:/isis/application/toolchain/bin/../lib/gcc/arm-none-eabi/4.7.4/../../../../arm-none-eabi/lib\libc_s.a(lib_a-strtod.o)
 .text._strtod_r
                0x20004eb4     0x1168 c:/isis/application/toolchain/bin/../lib/gcc/arm-none-eabi/4.7.4/../../../../arm-none-eabi/lib\libc_s.a(lib_a-strtod.o)
                0x20004eb4                _strtod_r
 .text._strtol_r
                0x2000601c      0x1b8 c:/isis/application/toolchain/bin/../lib/gcc/arm-none-eabi/4.7.4/../../../../arm-none-eabi/lib\libc_s.a(lib_a-strtol.o)
                0x2000601c                _strtol_r
 .text.__ssputc_r
                0x200061d4      0x10c c:/isis/application/toolchain/bin/../lib/gcc/arm-none-eabi/4.7.4/../../../../arm-none-eabi/lib\libc_s.a(lib_a-svfprintf.o)
                0x200061d4                __ssputc_r
 .text._svfprintf_r
                0x200062e0      0x328 c:/isis/application/toolchain/bin/../lib/gcc/arm-none-eabi/4.7.4/../../../../arm-none-eabi/lib\libc_s.a(lib_a-svfprintf.o)
                0x200062e0                _svfiprintf_r
                0x200062e0                _svfprintf_r
 .text._calloc_r
                0x20006608       0x2c c:/isis/application/toolchain/bin/../lib/gcc/arm-none-eabi/4.7.4/../../../../arm-none-eabi/lib\libc_s.a(lib_a-callocr.o)
                0x20006608                _calloc_r
 .text._free_r  0x20006634      0x108 c:/isis/application/toolchain/bin/../lib/gcc/arm-none-eabi/4.7.4/../../../../arm-none-eabi/lib\libc_s.a(lib_a-freer.o)
                0x20006634                _free_r
 .text.rshift   0x2000673c       0xb0 c:/isis/application/toolchain/bin/../lib/gcc/arm-none-eabi/4.7.4/../../../../arm-none-eabi/lib\libc_s.a(lib_a-gdtoa-gethex.o)
 .text.htinit.constprop.0
                0x200067ec       0x34 c:/isis/application/toolchain/bin/../lib/gcc/arm-none-eabi/4.7.4/../../../../arm-none-eabi/lib\libc_s.a(lib_a-gdtoa-gethex.o)
 .text.__hexdig_init
                0x20006820       0x38 c:/isis/application/toolchain/bin/../lib/gcc/arm-none-eabi/4.7.4/../../../../arm-none-eabi/lib\libc_s.a(lib_a-gdtoa-gethex.o)
                0x20006820                __hexdig_init
 .text.__gethex
                0x20006858      0x6cc c:/isis/application/toolchain/bin/../lib/gcc/arm-none-eabi/4.7.4/../../../../arm-none-eabi/lib\libc_s.a(lib_a-gdtoa-gethex.o)
                0x20006858                __gethex
 .text.L_shift  0x20006f24       0x38 c:/isis/application/toolchain/bin/../lib/gcc/arm-none-eabi/4.7.4/../../../../arm-none-eabi/lib\libc_s.a(lib_a-gdtoa-hexnan.o)
 .text.__hexnan
                0x20006f5c      0x1d8 c:/isis/application/toolchain/bin/../lib/gcc/arm-none-eabi/4.7.4/../../../../arm-none-eabi/lib\libc_s.a(lib_a-gdtoa-hexnan.o)
                0x20006f5c                __hexnan
 .text.memchr   0x20007134       0x34 c:/isis/application/toolchain/bin/../lib/gcc/arm-none-eabi/4.7.4/../../../../arm-none-eabi/lib\libc_s.a(lib_a-memchr.o)
                0x20007134                memchr
 .text.memset   0x20007168       0x1c c:/isis/application/toolchain/bin/../lib/gcc/arm-none-eabi/4.7.4/../../../../arm-none-eabi/lib\libc_s.a(lib_a-memset.o)
                0x20007168                memset
 .text._realloc_r
                0x20007184       0x80 c:/isis/application/toolchain/bin/../lib/gcc/arm-none-eabi/4.7.4/../../../../arm-none-eabi/lib\libc_s.a(lib_a-reallocr.o)
                0x20007184                _realloc_r
 .text.strncmp  0x20007204       0x64 c:/isis/application/toolchain/bin/../lib/gcc/arm-none-eabi/4.7.4/../../../../arm-none-eabi/lib\libc_s.a(lib_a-strncmp.o)
                0x20007204                strncmp
 .text._malloc_usable_size_r
                0x20007268       0x1c c:/isis/application/toolchain/bin/../lib/gcc/arm-none-eabi/4.7.4/../../../../arm-none-eabi/lib\libc_s.a(lib_a-msizer.o)
                0x20007268                _malloc_usable_size_r
 .text.cmd_mute
                0x20007284       0xc4 ./src/sub-systemCode/Main/CMD/COMM_CMD.o
                0x20007284                cmd_mute
 .text.cmd_unmute
                0x20007348       0x4c ./src/sub-systemCode/Main/CMD/COMM_CMD.o
                0x20007348                cmd_unmute
 .text.cmd_active_trans
                0x20007394       0xc0 ./src/sub-systemCode/Main/CMD/COMM_CMD.o
                0x20007394                cmd_active_trans
 .text.cmd_shut_trans
                0x20007454       0x38 ./src/sub-systemCode/Main/CMD/COMM_CMD.o
                0x20007454                cmd_shut_trans
 .text.cmd_change_trans_rssi
                0x2000748c      0x100 ./src/sub-systemCode/Main/CMD/COMM_CMD.o
                0x2000748c                cmd_change_trans_rssi
 .text.cmd_aprs_dump
                0x2000758c       0x50 ./src/sub-systemCode/Main/CMD/COMM_CMD.o
                0x2000758c                cmd_aprs_dump
 .text.cmd_stop_dump
                0x200075dc       0x38 ./src/sub-systemCode/Main/CMD/COMM_CMD.o
                0x200075dc                cmd_stop_dump
 .text.cmd_time_frequency
                0x20007614       0xc0 ./src/sub-systemCode/Main/CMD/COMM_CMD.o
                0x20007614                cmd_time_frequency
 .text.cmd_change_def_bit_rate
                0x200076d4      0x158 ./src/sub-systemCode/Main/CMD/COMM_CMD.o
                0x200076d4                cmd_change_def_bit_rate
 .text.cmd_upload_volt_logic
                0x2000782c      0x334 ./src/sub-systemCode/Main/CMD/EPS_CMD.o
                0x2000782c                cmd_upload_volt_logic
 .text.cmd_upload_volt_COMM
                0x20007b60      0x1c8 ./src/sub-systemCode/Main/CMD/EPS_CMD.o
                0x20007b60                cmd_upload_volt_COMM
 .text.cmd_heater_temp
                0x20007d28       0xc0 ./src/sub-systemCode/Main/CMD/EPS_CMD.o
                0x20007d28                cmd_heater_temp
 .text.cmd_SHUT_CAM
                0x20007de8       0x6c ./src/sub-systemCode/Main/CMD/EPS_CMD.o
                0x20007de8                cmd_SHUT_CAM
 .text.cmd_SHUT_ADCS
                0x20007e54       0x6c ./src/sub-systemCode/Main/CMD/EPS_CMD.o
                0x20007e54                cmd_SHUT_ADCS
 .text.cmd_allow_CAM
                0x20007ec0       0x6c ./src/sub-systemCode/Main/CMD/EPS_CMD.o
                0x20007ec0                cmd_allow_CAM
 .text.cmd_allow_ADCS
                0x20007f2c       0x6c ./src/sub-systemCode/Main/CMD/EPS_CMD.o
                0x20007f2c                cmd_allow_ADCS
 .text.cmd_update_alpha
                0x20007f98       0xfc ./src/sub-systemCode/Main/CMD/EPS_CMD.o
                0x20007f98                cmd_update_alpha
 .text.cmd_generic_I2C
                0x20008094       0xb4 ./src/sub-systemCode/Main/CMD/General_CMD.o
                0x20008094                cmd_generic_I2C
 .text.cmd_dump
                0x20008148       0xf0 ./src/sub-systemCode/Main/CMD/General_CMD.o
                0x20008148                cmd_dump
 .text.cmd_delete_TM
                0x20008238      0x230 ./src/sub-systemCode/Main/CMD/General_CMD.o
                0x20008238                cmd_delete_TM
 .text.cmd_reset_file
                0x20008468      0x118 ./src/sub-systemCode/Main/CMD/General_CMD.o
                0x20008468                cmd_reset_file
 .text.cmd_dummy_func
                0x20008580       0x40 ./src/sub-systemCode/Main/CMD/General_CMD.o
                0x20008580                cmd_dummy_func
 .text.cmd_soft_reset_cmponent
                0x200085c0       0xac ./src/sub-systemCode/Main/CMD/General_CMD.o
                0x200085c0                cmd_soft_reset_cmponent
 .text.cmd_hard_reset_cmponent
                0x2000866c       0xac ./src/sub-systemCode/Main/CMD/General_CMD.o
                0x2000866c                cmd_hard_reset_cmponent
 .text.cmd_reset_satellite
                0x20008718       0x78 ./src/sub-systemCode/Main/CMD/General_CMD.o
                0x20008718                cmd_reset_satellite
 .text.cmd_gracefull_reset_satellite
                0x20008790       0x78 ./src/sub-systemCode/Main/CMD/General_CMD.o
                0x20008790                cmd_gracefull_reset_satellite
 .text.cmd_upload_time
                0x20008808       0xb0 ./src/sub-systemCode/Main/CMD/General_CMD.o
                0x20008808                cmd_upload_time
 .text.cmd_ARM_DIARM
                0x200088b8       0xd4 ./src/sub-systemCode/Main/CMD/General_CMD.o
                0x200088b8                cmd_ARM_DIARM
 .text.cmd_get_onlineTM
                0x2000898c       0xb8 ./src/sub-systemCode/Main/CMD/General_CMD.o
                0x2000898c                cmd_get_onlineTM
 .text.cmd_reset_off_line
                0x20008a44       0x68 ./src/sub-systemCode/Main/CMD/General_CMD.o
                0x20008a44                cmd_reset_off_line
 .text.cmd_add_item_off_line
                0x20008aac       0xf0 ./src/sub-systemCode/Main/CMD/General_CMD.o
                0x20008aac                cmd_add_item_off_line
 .text.cmd_get_off_line_setting
                0x20008b9c      0x108 ./src/sub-systemCode/Main/CMD/General_CMD.o
                0x20008b9c                cmd_get_off_line_setting
 .text.cmd_reset_delayed_command_list
                0x20008ca4       0x3c ./src/sub-systemCode/Main/CMD/SW_CMD.o
                0x20008ca4                cmd_reset_delayed_command_list
 .text.cmd_reset_APRS_list
                0x20008ce0       0x3c ./src/sub-systemCode/Main/CMD/SW_CMD.o
                0x20008ce0                cmd_reset_APRS_list
 .text.cmd_reset_FRAM
                0x20008d1c       0xe8 ./src/sub-systemCode/Main/CMD/SW_CMD.o
                0x20008d1c                cmd_reset_FRAM
 .text.ARM_ants
                0x20008e04       0xb8 ./src/sub-systemCode/Main/Ants.o
                0x20008e04                ARM_ants
 .text.DISARM_ants
                0x20008ebc       0xb8 ./src/sub-systemCode/Main/Ants.o
                0x20008ebc                DISARM_ants
 .text.round_vol
                0x20008f74      0x124 ./src/sub-systemCode/Main/EPS.o
                0x20008f74                round_vol
 .text.get_shut_ADCS
                0x20009098       0x48 ./src/sub-systemCode/Main/EPS.o
                0x20009098                get_shut_ADCS
 .text.shut_ADCS
                0x200090e0       0x44 ./src/sub-systemCode/Main/EPS.o
                0x200090e0                shut_ADCS
 .text.get_shut_CAM
                0x20009124       0x48 ./src/sub-systemCode/Main/EPS.o
                0x20009124                get_shut_CAM
 .text.shut_CAM
                0x2000916c       0x44 ./src/sub-systemCode/Main/EPS.o
                0x2000916c                shut_CAM
 .text.update_powerLines
                0x200091b0       0xec ./src/sub-systemCode/Main/EPS.o
                0x200091b0                update_powerLines
 .text.init_enterMode
                0x2000929c       0x88 ./src/sub-systemCode/Main/EPS.o
                0x2000929c                init_enterMode
 .text.EPS_Init
                0x20009324      0x1c8 ./src/sub-systemCode/Main/EPS.o
                0x20009324                EPS_Init
 .text.reset_FRAM_EPS
                0x200094ec       0xe0 ./src/sub-systemCode/Main/EPS.o
                0x200094ec                reset_FRAM_EPS
 .text.reset_EPS_voltages
                0x200095cc       0xbc ./src/sub-systemCode/Main/EPS.o
                0x200095cc                reset_EPS_voltages
 .text.battery_downward
                0x20009688      0x114 ./src/sub-systemCode/Main/EPS.o
                0x20009688                battery_downward
 .text.battery_upward
                0x2000979c      0x120 ./src/sub-systemCode/Main/EPS.o
                0x2000979c                battery_upward
 .text.EPS_Conditioning
                0x200098bc      0x230 ./src/sub-systemCode/Main/EPS.o
                0x200098bc                EPS_Conditioning
 .text.overRide_ADCS
                0x20009aec       0x50 ./src/sub-systemCode/Main/EPS.o
                0x20009aec                overRide_ADCS
 .text.overRide_Camera
                0x20009b3c       0x38 ./src/sub-systemCode/Main/EPS.o
                0x20009b3c                overRide_Camera
 .text.EnterFullMode
                0x20009b74       0xfc ./src/sub-systemCode/Main/EPS.o
                0x20009b74                EnterFullMode
 .text.EnterCruiseMode
                0x20009c70       0xec ./src/sub-systemCode/Main/EPS.o
                0x20009c70                EnterCruiseMode
 .text.EnterSafeMode
                0x20009d5c       0xec ./src/sub-systemCode/Main/EPS.o
                0x20009d5c                EnterSafeMode
 .text.EnterCriticalMode
                0x20009e48       0xd8 ./src/sub-systemCode/Main/EPS.o
                0x20009e48                EnterCriticalMode
 .text.check_EPSTableCorrection
                0x20009f20      0x120 ./src/sub-systemCode/Main/EPS.o
                0x20009f20                check_EPSTableCorrection
 .text.save_ACK
                0x2000a040       0xa0 ./src/sub-systemCode/Main/HouseKeeping.o
                0x2000a040                save_ACK
 .text.set_GP_EPS
                0x2000a0e0      0x10c ./src/sub-systemCode/Main/HouseKeeping.o
                0x2000a0e0                set_GP_EPS
 .text.set_GP_COMM
                0x2000a1ec       0x88 ./src/sub-systemCode/Main/HouseKeeping.o
                0x2000a1ec                set_GP_COMM
 .text.SP_HK_collect
                0x2000a274      0x17c ./src/sub-systemCode/Main/HouseKeeping.o
                0x2000a274                SP_HK_collect
 .text.EPS_HK_collect
                0x2000a3f0      0x4d8 ./src/sub-systemCode/Main/HouseKeeping.o
                0x2000a3f0                EPS_HK_collect
 .text.CAM_HK_collect
                0x2000a8c8      0x91c ./src/sub-systemCode/Main/HouseKeeping.o
                0x2000a8c8                CAM_HK_collect
 .text.COMM_HK_collect
                0x2000b1e4      0x20c ./src/sub-systemCode/Main/HouseKeeping.o
                0x2000b1e4                COMM_HK_collect
 .text.HK_find_fileName
                0x2000b3f0       0xcc ./src/sub-systemCode/Main/HouseKeeping.o
                0x2000b3f0                HK_find_fileName
 .text.HK_findElementSize
                0x2000b4bc       0x78 ./src/sub-systemCode/Main/HouseKeeping.o
                0x2000b4bc                HK_findElementSize
 .text.build_HK_spl_packet
                0x2000b534      0x14c ./src/sub-systemCode/Main/HouseKeeping.o
                0x2000b534                build_HK_spl_packet
 .text.test_menu
                0x2000b680       0xd8 ./src/sub-systemCode/Main/Main_Init.o
                0x2000b680                test_menu
 .text.numberOfRestarts
                0x2000b758       0x94 ./src/sub-systemCode/Main/Main_Init.o
                0x2000b758                numberOfRestarts
 .text.StartFRAM
                0x2000b7ec       0x38 ./src/sub-systemCode/Main/Main_Init.o
                0x2000b7ec                StartFRAM
 .text.StartI2C
                0x2000b824       0x44 ./src/sub-systemCode/Main/Main_Init.o
                0x2000b824                StartI2C
 .text.StartSPI
                0x2000b868       0x40 ./src/sub-systemCode/Main/Main_Init.o
                0x2000b868                StartSPI
 .text.StartTIME
                0x2000b8a8      0x118 ./src/sub-systemCode/Main/Main_Init.o
                0x2000b8a8                StartTIME
 .text.first_activation
                0x2000b9c0       0x7c ./src/sub-systemCode/Main/Main_Init.o
                0x2000b9c0                first_activation
 .text.InitSubsystems
                0x2000ba3c       0x60 ./src/sub-systemCode/Main/Main_Init.o
                0x2000ba3c                InitSubsystems
 .text.SubSystemTaskStart
                0x2000ba9c       0x9c ./src/sub-systemCode/Main/Main_Init.o
                0x2000ba9c                SubSystemTaskStart
 .text.save_ACK_s
                0x2000bb38       0x5c ./src/sub-systemCode/Main/commands.o
                0x2000bb38                save_ACK_s
 .text.copy_command
                0x2000bb94       0x80 ./src/sub-systemCode/Main/commands.o
                0x2000bb94                copy_command
 .text.reset_command
                0x2000bc14       0x28 ./src/sub-systemCode/Main/commands.o
                0x2000bc14                reset_command
 .text.init_command
                0x2000bc3c       0xd4 ./src/sub-systemCode/Main/commands.o
                0x2000bc3c                init_command
 .text.add_command
                0x2000bd10      0x138 ./src/sub-systemCode/Main/commands.o
                0x2000bd10                add_command
 .text.get_command
                0x2000be48      0x1cc ./src/sub-systemCode/Main/commands.o
                0x2000be48                get_command
 .text.act_upon_command
                0x2000c014      0x200 ./src/sub-systemCode/Main/commands.o
                0x2000c014                act_upon_command
 .text.cmd_error
                0x2000c214       0x38 ./src/sub-systemCode/Main/commands.o
                0x2000c214                cmd_error
 .text.AUC_COMM
                0x2000c24c      0x25c ./src/sub-systemCode/Main/commands.o
                0x2000c24c                AUC_COMM
 .text.AUC_general
                0x2000c4a8      0x474 ./src/sub-systemCode/Main/commands.o
                0x2000c4a8                AUC_general
 .text.AUC_payload
                0x2000c91c      0x110 ./src/sub-systemCode/Main/commands.o
                0x2000c91c                AUC_payload
 .text.AUC_EPS  0x2000ca2c      0x28c ./src/sub-systemCode/Main/commands.o
                0x2000ca2c                AUC_EPS
 .text.AUC_ADCS
                0x2000ccb8       0x5c ./src/sub-systemCode/Main/commands.o
                0x2000ccb8                AUC_ADCS
 .text.AUC_SW   0x2000cd14       0xe4 ./src/sub-systemCode/Main/commands.o
                0x2000cd14                AUC_SW
 .text.AUC_onlineTM
                0x2000cdf8      0x1ac ./src/sub-systemCode/Main/commands.o
                0x2000cdf8                AUC_onlineTM
 .text.AUC_special_operation
                0x2000cfa4       0x8c ./src/sub-systemCode/Main/commands.o
                0x2000cfa4                AUC_special_operation
 .text.check_int
                0x2000d030       0x3c ./src/sub-systemCode/Global/Global.o
                0x2000d030                check_int
 .text.check_portBASE_TYPE
                0x2000d06c       0x3c ./src/sub-systemCode/Global/Global.o
                0x2000d06c                check_portBASE_TYPE
 .text.soft_reset_subsystem
                0x2000d0a8       0xd8 ./src/sub-systemCode/Global/Global.o
                0x2000d0a8                soft_reset_subsystem
 .text.hard_reset_subsystem
                0x2000d180      0x104 ./src/sub-systemCode/Global/Global.o
                0x2000d180                hard_reset_subsystem
 .text.BigEnE_raw_to_uInt
                0x2000d284       0x94 ./src/sub-systemCode/Global/Global.o
                0x2000d284                BigEnE_raw_to_uInt
 .text.BigEnE_raw_to_uShort
                0x2000d318       0x50 ./src/sub-systemCode/Global/Global.o
                0x2000d318                BigEnE_raw_to_uShort
 .text.BigEnE_uInt_to_raw
                0x2000d368       0x78 ./src/sub-systemCode/Global/Global.o
                0x2000d368                BigEnE_uInt_to_raw
 .text.reset_FRAM_MAIN
                0x2000d3e0      0x19c ./src/sub-systemCode/Global/Global.o
                0x2000d3e0                reset_FRAM_MAIN
 .text.terminateTask
                0x2000d57c       0x18 ./src/sub-systemCode/Global/Global.o
                0x2000d57c                terminateTask
 .text.init_GP  0x2000d594      0x300 ./src/sub-systemCode/Global/GlobalParam.o
                0x2000d594                init_GP
 .text.get_system_state
                0x2000d894      0x268 ./src/sub-systemCode/Global/GlobalParam.o
                0x2000d894                get_system_state
 .text.set_system_state
                0x2000dafc      0x298 ./src/sub-systemCode/Global/GlobalParam.o
                0x2000dafc                set_system_state
 .text.get_current_global_param
                0x2000dd94      0x5c8 ./src/sub-systemCode/Global/GlobalParam.o
                0x2000dd94                get_current_global_param
 .text.set_Vbatt
                0x2000e35c       0x8c ./src/sub-systemCode/Global/GlobalParam.o
                0x2000e35c                set_Vbatt
 .text.get_Vbatt
                0x2000e3e8       0x8c ./src/sub-systemCode/Global/GlobalParam.o
                0x2000e3e8                get_Vbatt
 .text.set_curBat
                0x2000e474       0x8c ./src/sub-systemCode/Global/GlobalParam.o
                0x2000e474                set_curBat
 .text.set_cur3V3
                0x2000e500       0x8c ./src/sub-systemCode/Global/GlobalParam.o
                0x2000e500                set_cur3V3
 .text.set_cur5V
                0x2000e58c       0x8c ./src/sub-systemCode/Global/GlobalParam.o
                0x2000e58c                set_cur5V
 .text.set_tempComm_LO
                0x2000e618       0x8c ./src/sub-systemCode/Global/GlobalParam.o
                0x2000e618                set_tempComm_LO
 .text.set_tempComm_PA
                0x2000e6a4       0x8c ./src/sub-systemCode/Global/GlobalParam.o
                0x2000e6a4                set_tempComm_PA
 .text.set_tempEPS
                0x2000e730       0xc8 ./src/sub-systemCode/Global/GlobalParam.o
                0x2000e730                set_tempEPS
 .text.set_tempBatt
                0x2000e7f8       0xc8 ./src/sub-systemCode/Global/GlobalParam.o
                0x2000e7f8                set_tempBatt
 .text.set_RxDoppler
                0x2000e8c0       0x8c ./src/sub-systemCode/Global/GlobalParam.o
                0x2000e8c0                set_RxDoppler
 .text.set_RxRSSI
                0x2000e94c       0x8c ./src/sub-systemCode/Global/GlobalParam.o
                0x2000e94c                set_RxRSSI
 .text.set_TxRefl
                0x2000e9d8       0x8c ./src/sub-systemCode/Global/GlobalParam.o
                0x2000e9d8                set_TxRefl
 .text.set_TxForw
                0x2000ea64       0x8c ./src/sub-systemCode/Global/GlobalParam.o
                0x2000ea64                set_TxForw
 .text.get_ST   0x2000eaf0       0x8c ./src/sub-systemCode/Global/GlobalParam.o
                0x2000eaf0                get_ST
 .text.set_numOfAPRS
                0x2000eb7c       0x8c ./src/sub-systemCode/Global/GlobalParam.o
                0x2000eb7c                set_numOfAPRS
 .text.set_numOfDelayedCommand
                0x2000ec08       0x8c ./src/sub-systemCode/Global/GlobalParam.o
                0x2000ec08                set_numOfDelayedCommand
 .text.set_numOfResets
                0x2000ec94       0xac ./src/sub-systemCode/Global/GlobalParam.o
                0x2000ec94                set_numOfResets
 .text.set_ground_conn
                0x2000ed40       0xa0 ./src/sub-systemCode/Global/GlobalParam.o
                0x2000ed40                set_ground_conn
 .text.get_ground_conn
                0x2000ede0       0xa0 ./src/sub-systemCode/Global/GlobalParam.o
                0x2000ede0                get_ground_conn
 .text.IsisAntS_getStatusData_sideA
                0x2000ee80       0x3c ./src/sub-systemCode/Global/OnlineTM.o
                0x2000ee80                IsisAntS_getStatusData_sideA
 .text.IsisAntS_getAlltelemetry_sideA
                0x2000eebc       0x3c ./src/sub-systemCode/Global/OnlineTM.o
                0x2000eebc                IsisAntS_getAlltelemetry_sideA
 .text.IsisAntS_getTemperature_sideA
                0x2000eef8       0x3c ./src/sub-systemCode/Global/OnlineTM.o
                0x2000eef8                IsisAntS_getTemperature_sideA
 .text.IsisAntS_getStatusData_sideB
                0x2000ef34       0x3c ./src/sub-systemCode/Global/OnlineTM.o
                0x2000ef34                IsisAntS_getStatusData_sideB
 .text.IsisAntS_getAlltelemetry_sideB
                0x2000ef70       0x3c ./src/sub-systemCode/Global/OnlineTM.o
                0x2000ef70                IsisAntS_getAlltelemetry_sideB
 .text.IsisAntS_getTemperature_sideB
                0x2000efac       0x3c ./src/sub-systemCode/Global/OnlineTM.o
                0x2000efac                IsisAntS_getTemperature_sideB
 .text.HK_collect_EPS
                0x2000efe8       0x30 ./src/sub-systemCode/Global/OnlineTM.o
                0x2000efe8                HK_collect_EPS
 .text.HK_collect_COMM
                0x2000f018       0x30 ./src/sub-systemCode/Global/OnlineTM.o
                0x2000f018                HK_collect_COMM
 .text.HK_collect_CAM
                0x2000f048       0x30 ./src/sub-systemCode/Global/OnlineTM.o
                0x2000f048                HK_collect_CAM
 .text.HK_collect_SP
                0x2000f078       0x30 ./src/sub-systemCode/Global/OnlineTM.o
                0x2000f078                HK_collect_SP
 .text.save_offlineSetting_FRAM
                0x2000f0a8      0x1e8 ./src/sub-systemCode/Global/OnlineTM.o
                0x2000f0a8                save_offlineSetting_FRAM
 .text.get_offlineSetting_FRAM
                0x2000f290       0x58 ./src/sub-systemCode/Global/OnlineTM.o
                0x2000f290                get_offlineSetting_FRAM
 .text.set_offlineSetting_FRAM
                0x2000f2e8      0x1ac ./src/sub-systemCode/Global/OnlineTM.o
                0x2000f2e8                set_offlineSetting_FRAM
 .text.get_offlineSettingPacket
                0x2000f494       0xc4 ./src/sub-systemCode/Global/OnlineTM.o
                0x2000f494                get_offlineSettingPacket
 .text.get_item_by_index
                0x2000f558       0xd8 ./src/sub-systemCode/Global/OnlineTM.o
                0x2000f558                get_item_by_index
 .text.init_onlineParam
                0x2000f630     0x2bb0 ./src/sub-systemCode/Global/OnlineTM.o
                0x2000f630                init_onlineParam
 .text.reset_offline_TM_list
                0x200121e0       0x94 ./src/sub-systemCode/Global/OnlineTM.o
                0x200121e0                reset_offline_TM_list
 .text.get_online_packet
                0x20012274      0x25c ./src/sub-systemCode/Global/OnlineTM.o
                0x20012274                get_online_packet
 .text.save_onlineTM_param
                0x200124d0      0x1a4 ./src/sub-systemCode/Global/OnlineTM.o
                0x200124d0                save_onlineTM_param
 .text.add_onlineTM_param_to_save_list
                0x20012674      0x214 ./src/sub-systemCode/Global/OnlineTM.o
                0x20012674                add_onlineTM_param_to_save_list
 .text.delete_onlineTM_param_from_offline
                0x20012888      0x100 ./src/sub-systemCode/Global/OnlineTM.o
                0x20012888                delete_onlineTM_param_from_offline
 .text.save_onlineTM_logic
                0x20012988      0x188 ./src/sub-systemCode/Global/OnlineTM.o
                0x20012988                save_onlineTM_logic
 .text.save_onlineTM_task
                0x20012b10       0x54 ./src/sub-systemCode/Global/OnlineTM.o
                0x20012b10                save_onlineTM_task
 .text.delete_allTMFilesFromSD
                0x20012b64       0xf8 ./src/sub-systemCode/Global/TLM_management.o
                0x20012b64                delete_allTMFilesFromSD
 .text.getNumOfFilesInFS
                0x20012c5c       0x44 ./src/sub-systemCode/Global/TLM_management.o
 .text.setNumOfFilesInFS
                0x20012ca0       0x50 ./src/sub-systemCode/Global/TLM_management.o
 .text.f_managed_enterFS
                0x20012cf0       0xb0 ./src/sub-systemCode/Global/TLM_management.o
                0x20012cf0                f_managed_enterFS
 .text.f_managed_releaseFS
                0x20012da0       0x58 ./src/sub-systemCode/Global/TLM_management.o
                0x20012da0                f_managed_releaseFS
 .text.f_managed_open
                0x20012df8      0x10c ./src/sub-systemCode/Global/TLM_management.o
                0x20012df8                f_managed_open
 .text.f_managed_close
                0x20012f04       0x7c ./src/sub-systemCode/Global/TLM_management.o
                0x20012f04                f_managed_close
 .text.createSemahores_FS
                0x20012f80       0x7c ./src/sub-systemCode/Global/TLM_management.o
                0x20012f80                createSemahores_FS
 .text.InitializeFS
                0x20012ffc      0x1a8 ./src/sub-systemCode/Global/TLM_management.o
                0x20012ffc                InitializeFS
 .text.c_fileCreate
                0x200131a4       0xf4 ./src/sub-systemCode/Global/TLM_management.o
                0x200131a4                c_fileCreate
 .text.writewithEpochtime
                0x20013298       0xa4 ./src/sub-systemCode/Global/TLM_management.o
 .text.get_C_FILE_struct
                0x2001333c      0x104 ./src/sub-systemCode/Global/TLM_management.o
 .text.getFileIndex
                0x20013440       0x4c ./src/sub-systemCode/Global/TLM_management.o
 .text.get_file_name_by_index
                0x2001348c       0x54 ./src/sub-systemCode/Global/TLM_management.o
                0x2001348c                get_file_name_by_index
 .text.c_fileReset
                0x200134e0       0xbc ./src/sub-systemCode/Global/TLM_management.o
                0x200134e0                c_fileReset
 .text.c_fileWrite
                0x2001359c      0x140 ./src/sub-systemCode/Global/TLM_management.o
                0x2001359c                c_fileWrite
 .text.deleteElementsFromFile
                0x200136dc      0x184 ./src/sub-systemCode/Global/TLM_management.o
 .text.c_fileDeleteElements
                0x20013860      0x168 ./src/sub-systemCode/Global/TLM_management.o
                0x20013860                c_fileDeleteElements
 .text.c_fileRead
                0x200139c8      0x2b4 ./src/sub-systemCode/Global/TLM_management.o
                0x200139c8                c_fileRead
 .text.reset_APRS_list
                0x20013c7c       0xa4 ./src/sub-systemCode/COMM/APRS.o
                0x20013c7c                reset_APRS_list
 .text.send_APRS_Dump
                0x20013d20      0x1c0 ./src/sub-systemCode/COMM/APRS.o
                0x20013d20                send_APRS_Dump
 .text.get_APRS_list
                0x20013ee0       0x88 ./src/sub-systemCode/COMM/APRS.o
                0x20013ee0                get_APRS_list
 .text.find_CMD_in_list
                0x20013f68       0x7c ./src/sub-systemCode/COMM/DelayedCommand_list.o
                0x20013f68                find_CMD_in_list
 .text.find_empty_in_list
                0x20013fe4       0x74 ./src/sub-systemCode/COMM/DelayedCommand_list.o
                0x20013fe4                find_empty_in_list
 .text.check_delayCommandTime
                0x20014058       0x8c ./src/sub-systemCode/COMM/DelayedCommand_list.o
                0x20014058                check_delayCommandTime
 .text.execute_delayedCommand
                0x200140e4       0x64 ./src/sub-systemCode/COMM/DelayedCommand_list.o
                0x200140e4                execute_delayedCommand
 .text.check_delaycommand
                0x20014148      0x17c ./src/sub-systemCode/COMM/DelayedCommand_list.o
                0x20014148                check_delaycommand
 .text.reset_delayCommand
                0x200142c4       0x8c ./src/sub-systemCode/COMM/DelayedCommand_list.o
                0x200142c4                reset_delayCommand
 .text.add_delayCommand
                0x20014350      0x1a4 ./src/sub-systemCode/COMM/DelayedCommand_list.o
                0x20014350                add_delayCommand
 .text.get_delayCommand_list
                0x200144f4       0x80 ./src/sub-systemCode/COMM/DelayedCommand_list.o
                0x200144f4                get_delayCommand_list
 .text.EmptyOldestCommand
                0x20014574       0xfc ./src/sub-systemCode/COMM/DelayedCommand_list.o
                0x20014574                EmptyOldestCommand
 .text.decode_TCpacket
                0x20014670      0x16c ./src/sub-systemCode/COMM/GSC.o
                0x20014670                decode_TCpacket
 .text.encode_TCpacket
                0x200147dc      0x114 ./src/sub-systemCode/COMM/GSC.o
                0x200147dc                encode_TCpacket
 .text.encode_TMpacket
                0x200148f0      0x104 ./src/sub-systemCode/COMM/GSC.o
                0x200148f0                encode_TMpacket
 .text.build_raw_ACK
                0x200149f4       0xbc ./src/sub-systemCode/COMM/GSC.o
                0x200149f4                build_raw_ACK
 .text.build_data_field_ACK
                0x20014ab0       0x74 ./src/sub-systemCode/COMM/GSC.o
                0x20014ab0                build_data_field_ACK
 .text.update_FRAM_bitRate
                0x20014b24       0xd0 ./src/sub-systemCode/COMM/TRXVU.o
                0x20014b24                update_FRAM_bitRate
 .text.toggle_idle_state
                0x20014bf4       0x94 ./src/sub-systemCode/COMM/TRXVU.o
                0x20014bf4                toggle_idle_state
 .text.TRXVU_init_hardWare
                0x20014c88       0x98 ./src/sub-systemCode/COMM/TRXVU.o
                0x20014c88                TRXVU_init_hardWare
 .text.TRXVU_init_softWare
                0x20014d20      0x100 ./src/sub-systemCode/COMM/TRXVU.o
                0x20014d20                TRXVU_init_softWare
 .text.init_trxvu
                0x20014e20       0x14 ./src/sub-systemCode/COMM/TRXVU.o
                0x20014e20                init_trxvu
 .text.TRXVU_task
                0x20014e34       0x9c ./src/sub-systemCode/COMM/TRXVU.o
                0x20014e34                TRXVU_task
 .text.dump_logic
                0x20014ed0      0x324 ./src/sub-systemCode/COMM/TRXVU.o
                0x20014ed0                dump_logic
 .text.Dump_task
                0x200151f4      0x17c ./src/sub-systemCode/COMM/TRXVU.o
                0x200151f4                Dump_task
 .text.transponder_logic
                0x20015370       0xbc ./src/sub-systemCode/COMM/TRXVU.o
                0x20015370                transponder_logic
 .text.Transponder_task
                0x2001542c      0x238 ./src/sub-systemCode/COMM/TRXVU.o
                0x2001542c                Transponder_task
 .text.lookForRequestToDelete_transponder
                0x20015664       0xc0 ./src/sub-systemCode/COMM/TRXVU.o
                0x20015664                lookForRequestToDelete_transponder
 .text.lookForRequestToDelete_dump
                0x20015724       0x78 ./src/sub-systemCode/COMM/TRXVU.o
                0x20015724                lookForRequestToDelete_dump
 .text.sendRequestToStop_dump
                0x2001579c       0x8c ./src/sub-systemCode/COMM/TRXVU.o
                0x2001579c                sendRequestToStop_dump
 .text.sendRequestToStop_transponder
                0x20015828       0x8c ./src/sub-systemCode/COMM/TRXVU.o
                0x20015828                sendRequestToStop_transponder
 .text.Rx_logic
                0x200158b4      0x184 ./src/sub-systemCode/COMM/TRXVU.o
                0x200158b4                Rx_logic
 .text.pass_above_Ground
                0x20015a38      0x104 ./src/sub-systemCode/COMM/TRXVU.o
                0x20015a38                pass_above_Ground
 .text.trxvu_logic
                0x20015b3c       0x1c ./src/sub-systemCode/COMM/TRXVU.o
                0x20015b3c                trxvu_logic
 .text.Beacon_task
                0x20015b58      0x170 ./src/sub-systemCode/COMM/TRXVU.o
                0x20015b58                Beacon_task
 .text.buildAndSend_beacon
                0x20015cc8      0x604 ./src/sub-systemCode/COMM/TRXVU.o
                0x20015cc8                buildAndSend_beacon
 .text.reset_FRAM_TRXVU
                0x200162cc      0x160 ./src/sub-systemCode/COMM/TRXVU.o
                0x200162cc                reset_FRAM_TRXVU
 .text.TRX_sendFrame
                0x2001642c      0x1c0 ./src/sub-systemCode/COMM/TRXVU.o
                0x2001642c                TRX_sendFrame
 .text.TRX_getFrameData
                0x200165ec      0x10c ./src/sub-systemCode/COMM/TRXVU.o
                0x200165ec                TRX_getFrameData
 .text.mute_Tx  0x200166f8       0x20 ./src/sub-systemCode/COMM/TRXVU.o
                0x200166f8                mute_Tx
 .text.unmute_Tx
                0x20016718       0x58 ./src/sub-systemCode/COMM/TRXVU.o
                0x20016718                unmute_Tx
 .text.check_time_off_mute
                0x20016770       0x88 ./src/sub-systemCode/COMM/TRXVU.o
                0x20016770                check_time_off_mute
 .text.set_mute_time
                0x200167f8       0xb4 ./src/sub-systemCode/COMM/TRXVU.o
                0x200167f8                set_mute_time
 .text.change_TRXVU_state
                0x200168ac       0xe0 ./src/sub-systemCode/COMM/TRXVU.o
                0x200168ac                change_TRXVU_state
 .text.change_trans_RSSI
                0x2001698c       0x60 ./src/sub-systemCode/COMM/TRXVU.o
                0x2001698c                change_trans_RSSI
 .text.init_adcs
                0x200169ec      0x104 ./src/sub-systemCode/ADCS/ADCS.o
                0x200169ec                init_adcs
 .text.telemtryStart
                0x20016af0      0x16c ./src/sub-systemCode/ADCS/Stage_Table.o
                0x20016af0                telemtryStart
 .text.powerStart
                0x20016c5c       0x5c ./src/sub-systemCode/ADCS/Stage_Table.o
                0x20016c5c                powerStart
 .text.createTable
                0x20016cb8       0xb4 ./src/sub-systemCode/ADCS/Stage_Table.o
                0x20016cb8                createTable
 .text.buildControlMode
                0x20016d6c       0x60 ./src/sub-systemCode/ADCS/Stage_Table.o
                0x20016d6c                buildControlMode
 .text.Check_Table
                0x20016dcc      0x178 ./src/sub-systemCode/ADCS/Stage_Table.o
                0x20016dcc                Check_Table
 .text.updateTable
                0x20016f44      0x1f0 ./src/sub-systemCode/ADCS/Stage_Table.o
                0x20016f44                updateTable
 .text.translateCommandFULL
                0x20017134       0x78 ./src/sub-systemCode/ADCS/Stage_Table.o
                0x20017134                translateCommandFULL
 .text.getTableTo
                0x200171ac       0x64 ./src/sub-systemCode/ADCS/Stage_Table.o
                0x200171ac                getTableTo
 .text.save_time
                0x20017210       0x9c ./src/main.o
                0x20017210                save_time
 .text.Command_logic
                0x200172ac       0x6c ./src/main.o
                0x200172ac                Command_logic
 .text.taskMain
                0x20017318       0x74 ./src/main.o
                0x20017318                taskMain
 .text.main     0x2001738c       0xbc ./src/main.o
                0x2001738c                main
 .text.GomEpsInitialize
                0x20017448      0x148 C:/HOOPOE3/satellite-subsystems/demo/..//satellite-subsystems/lib\libSatelliteSubsystemsD.a(GomEPS.o)
                0x20017448                GomEpsInitialize
 .text.makeEPStransfer
                0x20017590       0x3c C:/HOOPOE3/satellite-subsystems/demo/..//satellite-subsystems/lib\libSatelliteSubsystemsD.a(GomEPS.o)
 .text.GomEpsSoftReset
                0x200175cc       0xc4 C:/HOOPOE3/satellite-subsystems/demo/..//satellite-subsystems/lib\libSatelliteSubsystemsD.a(GomEPS.o)
                0x200175cc                GomEpsSoftReset
 .text.GomEpsHardReset
                0x20017690       0xa8 C:/HOOPOE3/satellite-subsystems/demo/..//satellite-subsystems/lib\libSatelliteSubsystemsD.a(GomEPS.o)
                0x20017690                GomEpsHardReset
 .text.GomEpsGetHkData_param
                0x20017738      0x29c C:/HOOPOE3/satellite-subsystems/demo/..//satellite-subsystems/lib\libSatelliteSubsystemsD.a(GomEPS.o)
                0x20017738                GomEpsGetHkData_param
 .text.GomEpsGetHkData_general
                0x200179d4      0x45c C:/HOOPOE3/satellite-subsystems/demo/..//satellite-subsystems/lib\libSatelliteSubsystemsD.a(GomEPS.o)
                0x200179d4                GomEpsGetHkData_general
 .text.GomEpsGetHkData_vi
                0x20017e30      0x188 C:/HOOPOE3/satellite-subsystems/demo/..//satellite-subsystems/lib\libSatelliteSubsystemsD.a(GomEPS.o)
                0x20017e30                GomEpsGetHkData_vi
 .text.GomEpsGetHkData_out
                0x20017fb8      0x21c C:/HOOPOE3/satellite-subsystems/demo/..//satellite-subsystems/lib\libSatelliteSubsystemsD.a(GomEPS.o)
                0x20017fb8                GomEpsGetHkData_out
 .text.GomEpsGetHkData_wdt
                0x200181d4      0x2b4 C:/HOOPOE3/satellite-subsystems/demo/..//satellite-subsystems/lib\libSatelliteSubsystemsD.a(GomEPS.o)
                0x200181d4                GomEpsGetHkData_wdt
 .text.GomEpsGetHkData_basic
                0x20018488      0x22c C:/HOOPOE3/satellite-subsystems/demo/..//satellite-subsystems/lib\libSatelliteSubsystemsD.a(GomEPS.o)
                0x20018488                GomEpsGetHkData_basic
 .text.GomEpsSetOutput
                0x200186b4       0xbc C:/HOOPOE3/satellite-subsystems/demo/..//satellite-subsystems/lib\libSatelliteSubsystemsD.a(GomEPS.o)
                0x200186b4                GomEpsSetOutput
 .text.GomEpsConfigGet
                0x20018770      0x16c C:/HOOPOE3/satellite-subsystems/demo/..//satellite-subsystems/lib\libSatelliteSubsystemsD.a(GomEPS.o)
                0x20018770                GomEpsConfigGet
 .text.GomEpsConfigSet
                0x200188dc      0x184 C:/HOOPOE3/satellite-subsystems/demo/..//satellite-subsystems/lib\libSatelliteSubsystemsD.a(GomEPS.o)
                0x200188dc                GomEpsConfigSet
 .text.GomEpsConfig2Get
                0x20018a60      0x16c C:/HOOPOE3/satellite-subsystems/demo/..//satellite-subsystems/lib\libSatelliteSubsystemsD.a(GomEPS.o)
                0x20018a60                GomEpsConfig2Get
 .text.makeAntStransfer
                0x20018bcc       0x4c C:/HOOPOE3/satellite-subsystems/demo/..//satellite-subsystems/lib\libSatelliteSubsystemsD.a(IsisAntS.o)
 .text.checkInputsValid
                0x20018c18       0x7c C:/HOOPOE3/satellite-subsystems/demo/..//satellite-subsystems/lib\libSatelliteSubsystemsD.a(IsisAntS.o)
 .text.IsisAntS_setArmStatus
                0x20018c94      0x104 C:/HOOPOE3/satellite-subsystems/demo/..//satellite-subsystems/lib\libSatelliteSubsystemsD.a(IsisAntS.o)
                0x20018c94                IsisAntS_setArmStatus
 .text.IsisAntS_getStatusData
                0x20018d98      0x120 C:/HOOPOE3/satellite-subsystems/demo/..//satellite-subsystems/lib\libSatelliteSubsystemsD.a(IsisAntS.o)
                0x20018d98                IsisAntS_getStatusData
 .text.IsisAntS_getTemperature
                0x20018eb8      0x120 C:/HOOPOE3/satellite-subsystems/demo/..//satellite-subsystems/lib\libSatelliteSubsystemsD.a(IsisAntS.o)
                0x20018eb8                IsisAntS_getTemperature
 .text.IsisAntS_getAlltelemetry
                0x20018fd8      0x120 C:/HOOPOE3/satellite-subsystems/demo/..//satellite-subsystems/lib\libSatelliteSubsystemsD.a(IsisAntS.o)
                0x20018fd8                IsisAntS_getAlltelemetry
 .text.IsisAntS_reset
                0x200190f8      0x104 C:/HOOPOE3/satellite-subsystems/demo/..//satellite-subsystems/lib\libSatelliteSubsystemsD.a(IsisAntS.o)
                0x200190f8                IsisAntS_reset
 .text.IsisSolarPanelv2_initialize
                0x200191fc       0xb4 C:/HOOPOE3/satellite-subsystems/demo/..//satellite-subsystems/lib\libSatelliteSubsystemsD.a(IsisSolarPanelv2.o)
                0x200191fc                IsisSolarPanelv2_initialize
 .text.IsisSolarPanelv2_getTemperature
                0x200192b0       0xc8 C:/HOOPOE3/satellite-subsystems/demo/..//satellite-subsystems/lib\libSatelliteSubsystemsD.a(IsisSolarPanelv2.o)
                0x200192b0                IsisSolarPanelv2_getTemperature
 .text.IsisSolarPanelv2_sleep
                0x20019378       0xbc C:/HOOPOE3/satellite-subsystems/demo/..//satellite-subsystems/lib\libSatelliteSubsystemsD.a(IsisSolarPanelv2.o)
                0x20019378                IsisSolarPanelv2_sleep
 .text.IsisSolarPanelv2_wakeup
                0x20019434       0x80 C:/HOOPOE3/satellite-subsystems/demo/..//satellite-subsystems/lib\libSatelliteSubsystemsD.a(IsisSolarPanelv2.o)
                0x20019434                IsisSolarPanelv2_wakeup
 .text._Reset   0x200194b4       0x20 C:/HOOPOE3/satellite-subsystems/demo/..//satellite-subsystems/lib\libSatelliteSubsystemsD.a(IsisSolarPanelv2.o)
 .text._WaitForStartup
                0x200194d4       0x90 C:/HOOPOE3/satellite-subsystems/demo/..//satellite-subsystems/lib\libSatelliteSubsystemsD.a(IsisSolarPanelv2.o)
 .text._AssignAllChannels
                0x20019564       0x90 C:/HOOPOE3/satellite-subsystems/demo/..//satellite-subsystems/lib\libSatelliteSubsystemsD.a(IsisSolarPanelv2.o)
 .text._AssignThisChannel
                0x200195f4       0xe8 C:/HOOPOE3/satellite-subsystems/demo/..//satellite-subsystems/lib\libSatelliteSubsystemsD.a(IsisSolarPanelv2.o)
 .text._InitiateConversion
                0x200196dc       0xac C:/HOOPOE3/satellite-subsystems/demo/..//satellite-subsystems/lib\libSatelliteSubsystemsD.a(IsisSolarPanelv2.o)
 .text._WaitForConversionComplete
                0x20019788      0x100 C:/HOOPOE3/satellite-subsystems/demo/..//satellite-subsystems/lib\libSatelliteSubsystemsD.a(IsisSolarPanelv2.o)
 .text._ReadResult
                0x20019888      0x158 C:/HOOPOE3/satellite-subsystems/demo/..//satellite-subsystems/lib\libSatelliteSubsystemsD.a(IsisSolarPanelv2.o)
 .text._ExtractByte
                0x200199e0       0x38 C:/HOOPOE3/satellite-subsystems/demo/..//satellite-subsystems/lib\libSatelliteSubsystemsD.a(IsisSolarPanelv2.o)
 .text._ExtendSign
                0x20019a18       0x6c C:/HOOPOE3/satellite-subsystems/demo/..//satellite-subsystems/lib\libSatelliteSubsystemsD.a(IsisSolarPanelv2.o)
 .text._PinsInit
                0x20019a84       0x50 C:/HOOPOE3/satellite-subsystems/demo/..//satellite-subsystems/lib\libSatelliteSubsystemsD.a(IsisSolarPanelv2.o)
 .text._SpiWriteRead
                0x20019ad4       0x70 C:/HOOPOE3/satellite-subsystems/demo/..//satellite-subsystems/lib\libSatelliteSubsystemsD.a(IsisSolarPanelv2.o)
 .text.IsisTrxvu_initialize
                0x20019b44      0x2f4 C:/HOOPOE3/satellite-subsystems/demo/..//satellite-subsystems/lib\libSatelliteSubsystemsD.a(IsisTRXVU.o)
                0x20019b44                IsisTrxvu_initialize
 .text.makeTRXVUtransfer
                0x20019e38       0x44 C:/HOOPOE3/satellite-subsystems/demo/..//satellite-subsystems/lib\libSatelliteSubsystemsD.a(IsisTRXVU.o)
 .text.IsisTrxvu_componentSoftReset
                0x20019e7c       0x6c C:/HOOPOE3/satellite-subsystems/demo/..//satellite-subsystems/lib\libSatelliteSubsystemsD.a(IsisTRXVU.o)
                0x20019e7c                IsisTrxvu_componentSoftReset
 .text.IsisTrxvu_componentHardReset
                0x20019ee8       0xc8 C:/HOOPOE3/satellite-subsystems/demo/..//satellite-subsystems/lib\libSatelliteSubsystemsD.a(IsisTRXVU.o)
                0x20019ee8                IsisTrxvu_componentHardReset
 .text.IsisTrxvu_softReset
                0x20019fb0       0x74 C:/HOOPOE3/satellite-subsystems/demo/..//satellite-subsystems/lib\libSatelliteSubsystemsD.a(IsisTRXVU.o)
                0x20019fb0                IsisTrxvu_softReset
 .text.IsisTrxvu_hardReset
                0x2001a024       0x74 C:/HOOPOE3/satellite-subsystems/demo/..//satellite-subsystems/lib\libSatelliteSubsystemsD.a(IsisTRXVU.o)
                0x2001a024                IsisTrxvu_hardReset
 .text.IsisTrxvu_tcSendAX25DefClSign
                0x2001a098       0xec C:/HOOPOE3/satellite-subsystems/demo/..//satellite-subsystems/lib\libSatelliteSubsystemsD.a(IsisTRXVU.o)
                0x2001a098                IsisTrxvu_tcSendAX25DefClSign
 .text.IsisTrxvu_tcSetIdlestate
                0x2001a184       0xa4 C:/HOOPOE3/satellite-subsystems/demo/..//satellite-subsystems/lib\libSatelliteSubsystemsD.a(IsisTRXVU.o)
                0x2001a184                IsisTrxvu_tcSetIdlestate
 .text.IsisTrxvu_tcSetAx25Bitrate
                0x2001a228       0xc4 C:/HOOPOE3/satellite-subsystems/demo/..//satellite-subsystems/lib\libSatelliteSubsystemsD.a(IsisTRXVU.o)
                0x2001a228                IsisTrxvu_tcSetAx25Bitrate
 .text.IsisTrxvu_tcGetTelemetryAll
                0x2001a2ec       0xd0 C:/HOOPOE3/satellite-subsystems/demo/..//satellite-subsystems/lib\libSatelliteSubsystemsD.a(IsisTRXVU.o)
                0x2001a2ec                IsisTrxvu_tcGetTelemetryAll
 .text.IsisTrxvu_tcGetTelemetryAll_revC
                0x2001a3bc       0xd0 C:/HOOPOE3/satellite-subsystems/demo/..//satellite-subsystems/lib\libSatelliteSubsystemsD.a(IsisTRXVU.o)
                0x2001a3bc                IsisTrxvu_tcGetTelemetryAll_revC
 .text.IsisTrxvu_rcGetFrameCount
                0x2001a48c       0xa0 C:/HOOPOE3/satellite-subsystems/demo/..//satellite-subsystems/lib\libSatelliteSubsystemsD.a(IsisTRXVU.o)
                0x2001a48c                IsisTrxvu_rcGetFrameCount
 .text.IsisTrxvu_rcGetCommandFrame
                0x2001a52c      0x2d8 C:/HOOPOE3/satellite-subsystems/demo/..//satellite-subsystems/lib\libSatelliteSubsystemsD.a(IsisTRXVU.o)
                0x2001a52c                IsisTrxvu_rcGetCommandFrame
 .text.IsisTrxvu_rcGetTelemetryAll
                0x2001a804       0xd0 C:/HOOPOE3/satellite-subsystems/demo/..//satellite-subsystems/lib\libSatelliteSubsystemsD.a(IsisTRXVU.o)
                0x2001a804                IsisTrxvu_rcGetTelemetryAll
 .text.IsisTrxvu_rcGetTelemetryAll_revC
                0x2001a8d4       0xec C:/HOOPOE3/satellite-subsystems/demo/..//satellite-subsystems/lib\libSatelliteSubsystemsD.a(IsisTRXVU.o)
                0x2001a8d4                IsisTrxvu_rcGetTelemetryAll_revC
 .text.cspaceADCS_initialize
                0x2001a9c0      0x18c C:/HOOPOE3/satellite-subsystems/demo/..//satellite-subsystems/lib\libSatelliteSubsystemsD.a(cspaceADCS.o)
                0x2001a9c0                cspaceADCS_initialize
 .text.make_cspaceADCStransfer
                0x2001ab4c      0x1b4 C:/HOOPOE3/satellite-subsystems/demo/..//satellite-subsystems/lib\libSatelliteSubsystemsD.a(cspaceADCS.o)
 .text.cspaceADCS_componentReset
                0x2001ad00       0xbc C:/HOOPOE3/satellite-subsystems/demo/..//satellite-subsystems/lib\libSatelliteSubsystemsD.a(cspaceADCS.o)
                0x2001ad00                cspaceADCS_componentReset
 .text.cspaceADCS_setRunMode
                0x2001adbc       0xbc C:/HOOPOE3/satellite-subsystems/demo/..//satellite-subsystems/lib\libSatelliteSubsystemsD.a(cspaceADCS.o)
                0x2001adbc                cspaceADCS_setRunMode
 .text.cspaceADCS_setPwrCtrlDevice
                0x2001ae78       0xd0 C:/HOOPOE3/satellite-subsystems/demo/..//satellite-subsystems/lib\libSatelliteSubsystemsD.a(cspaceADCS.o)
                0x2001ae78                cspaceADCS_setPwrCtrlDevice
 .text.cspaceADCS_setAttCtrlMode
                0x2001af48       0xd0 C:/HOOPOE3/satellite-subsystems/demo/..//satellite-subsystems/lib\libSatelliteSubsystemsD.a(cspaceADCS.o)
                0x2001af48                cspaceADCS_setAttCtrlMode
 .text.cspaceADCS_setAttEstMode
                0x2001b018       0xbc C:/HOOPOE3/satellite-subsystems/demo/..//satellite-subsystems/lib\libSatelliteSubsystemsD.a(cspaceADCS.o)
                0x2001b018                cspaceADCS_setAttEstMode
 .text.cspaceADCS_getCurrentState
                0x2001b0d4       0xc4 C:/HOOPOE3/satellite-subsystems/demo/..//satellite-subsystems/lib\libSatelliteSubsystemsD.a(cspaceADCS.o)
                0x2001b0d4                cspaceADCS_getCurrentState
 .text.cspaceADCS_getPowTempMeasTLM
                0x2001b198       0xc4 C:/HOOPOE3/satellite-subsystems/demo/..//satellite-subsystems/lib\libSatelliteSubsystemsD.a(cspaceADCS.o)
                0x2001b198                cspaceADCS_getPowTempMeasTLM
 .text.cspaceADCS_getPwrCtrlDevice
                0x2001b25c       0xc4 C:/HOOPOE3/satellite-subsystems/demo/..//satellite-subsystems/lib\libSatelliteSubsystemsD.a(cspaceADCS.o)
                0x2001b25c                cspaceADCS_getPwrCtrlDevice
 .text.GECKO_GetReg
                0x2001b320      0x110 C:/HOOPOE3/satellite-subsystems/demo/..//satellite-subsystems/lib\libSatelliteSubsystemsD.a(gecko_driver.o)
                0x2001b320                GECKO_GetReg
 .text.GECKO_GetVoltageInput5V
                0x2001b430       0xf4 C:/HOOPOE3/satellite-subsystems/demo/..//satellite-subsystems/lib\libSatelliteSubsystemsD.a(gecko_driver.o)
                0x2001b430                GECKO_GetVoltageInput5V
 .text.GECKO_GetCurrentInput5V
                0x2001b524      0x130 C:/HOOPOE3/satellite-subsystems/demo/..//satellite-subsystems/lib\libSatelliteSubsystemsD.a(gecko_driver.o)
                0x2001b524                GECKO_GetCurrentInput5V
 .text.GECKO_GetVoltageFPGA1V
                0x2001b654       0xd4 C:/HOOPOE3/satellite-subsystems/demo/..//satellite-subsystems/lib\libSatelliteSubsystemsD.a(gecko_driver.o)
                0x2001b654                GECKO_GetVoltageFPGA1V
 .text.GECKO_GetCurrentFPGA1V
                0x2001b728      0x130 C:/HOOPOE3/satellite-subsystems/demo/..//satellite-subsystems/lib\libSatelliteSubsystemsD.a(gecko_driver.o)
                0x2001b728                GECKO_GetCurrentFPGA1V
 .text.GECKO_GetVoltageFPGA1V8
                0x2001b858       0xd4 C:/HOOPOE3/satellite-subsystems/demo/..//satellite-subsystems/lib\libSatelliteSubsystemsD.a(gecko_driver.o)
                0x2001b858                GECKO_GetVoltageFPGA1V8
 .text.GECKO_GetCurrentFPGA1V8
                0x2001b92c      0x130 C:/HOOPOE3/satellite-subsystems/demo/..//satellite-subsystems/lib\libSatelliteSubsystemsD.a(gecko_driver.o)
                0x2001b92c                GECKO_GetCurrentFPGA1V8
 .text.GECKO_GetVoltageFPGA2V5
                0x2001ba5c       0xe8 C:/HOOPOE3/satellite-subsystems/demo/..//satellite-subsystems/lib\libSatelliteSubsystemsD.a(gecko_driver.o)
                0x2001ba5c                GECKO_GetVoltageFPGA2V5
 .text.GECKO_GetCurrentFPGA2V5
                0x2001bb44      0x130 C:/HOOPOE3/satellite-subsystems/demo/..//satellite-subsystems/lib\libSatelliteSubsystemsD.a(gecko_driver.o)
                0x2001bb44                GECKO_GetCurrentFPGA2V5
 .text.GECKO_GetVoltageFPGA3V3
                0x2001bc74       0xe8 C:/HOOPOE3/satellite-subsystems/demo/..//satellite-subsystems/lib\libSatelliteSubsystemsD.a(gecko_driver.o)
                0x2001bc74                GECKO_GetVoltageFPGA3V3
 .text.GECKO_GetCurrentFPGA3V3
                0x2001bd5c      0x130 C:/HOOPOE3/satellite-subsystems/demo/..//satellite-subsystems/lib\libSatelliteSubsystemsD.a(gecko_driver.o)
                0x2001bd5c                GECKO_GetCurrentFPGA3V3
 .text.GECKO_GetVoltageFlash1V8
                0x2001be8c       0xd4 C:/HOOPOE3/satellite-subsystems/demo/..//satellite-subsystems/lib\libSatelliteSubsystemsD.a(gecko_driver.o)
                0x2001be8c                GECKO_GetVoltageFlash1V8
 .text.GECKO_GetCurrentFlash1V8
                0x2001bf60      0x130 C:/HOOPOE3/satellite-subsystems/demo/..//satellite-subsystems/lib\libSatelliteSubsystemsD.a(gecko_driver.o)
                0x2001bf60                GECKO_GetCurrentFlash1V8
 .text.GECKO_GetVoltageFlash3V3
                0x2001c090       0xe8 C:/HOOPOE3/satellite-subsystems/demo/..//satellite-subsystems/lib\libSatelliteSubsystemsD.a(gecko_driver.o)
                0x2001c090                GECKO_GetVoltageFlash3V3
 .text.GECKO_GetCurrentFlash3V3
                0x2001c178      0x130 C:/HOOPOE3/satellite-subsystems/demo/..//satellite-subsystems/lib\libSatelliteSubsystemsD.a(gecko_driver.o)
                0x2001c178                GECKO_GetCurrentFlash3V3
 .text.GECKO_GetVoltageSNSR1V8
                0x2001c2a8       0xe8 C:/HOOPOE3/satellite-subsystems/demo/..//satellite-subsystems/lib\libSatelliteSubsystemsD.a(gecko_driver.o)
                0x2001c2a8                GECKO_GetVoltageSNSR1V8
 .text.GECKO_GetCurrentSNSR1V8
                0x2001c390      0x130 C:/HOOPOE3/satellite-subsystems/demo/..//satellite-subsystems/lib\libSatelliteSubsystemsD.a(gecko_driver.o)
                0x2001c390                GECKO_GetCurrentSNSR1V8
 .text.GECKO_GetVoltageSNSRVDDPIX
                0x2001c4c0       0xe8 C:/HOOPOE3/satellite-subsystems/demo/..//satellite-subsystems/lib\libSatelliteSubsystemsD.a(gecko_driver.o)
                0x2001c4c0                GECKO_GetVoltageSNSRVDDPIX
 .text.GECKO_GetCurrentSNSRVDDPIX
                0x2001c5a8      0x130 C:/HOOPOE3/satellite-subsystems/demo/..//satellite-subsystems/lib\libSatelliteSubsystemsD.a(gecko_driver.o)
                0x2001c5a8                GECKO_GetCurrentSNSRVDDPIX
 .text.GECKO_GetVoltageSNSR3V3
                0x2001c6d8       0xe8 C:/HOOPOE3/satellite-subsystems/demo/..//satellite-subsystems/lib\libSatelliteSubsystemsD.a(gecko_driver.o)
                0x2001c6d8                GECKO_GetVoltageSNSR3V3
 .text.GECKO_GetCurrentSNSR3V3
                0x2001c7c0      0x130 C:/HOOPOE3/satellite-subsystems/demo/..//satellite-subsystems/lib\libSatelliteSubsystemsD.a(gecko_driver.o)
                0x2001c7c0                GECKO_GetCurrentSNSR3V3
 .text.GECKO_GetVoltageFlashVTT09
                0x2001c8f0       0xd4 C:/HOOPOE3/satellite-subsystems/demo/..//satellite-subsystems/lib\libSatelliteSubsystemsD.a(gecko_driver.o)
                0x2001c8f0                GECKO_GetVoltageFlashVTT09
 .text.GECKO_GetTempSMU3AB
                0x2001c9c4      0x35c C:/HOOPOE3/satellite-subsystems/demo/..//satellite-subsystems/lib\libSatelliteSubsystemsD.a(gecko_driver.o)
                0x2001c9c4                GECKO_GetTempSMU3AB
 .text.GECKO_GetTempSMU3BC
                0x2001cd20      0x360 C:/HOOPOE3/satellite-subsystems/demo/..//satellite-subsystems/lib\libSatelliteSubsystemsD.a(gecko_driver.o)
                0x2001cd20                GECKO_GetTempSMU3BC
 .text.GECKO_GetTempREGU6
                0x2001d080      0x35c C:/HOOPOE3/satellite-subsystems/demo/..//satellite-subsystems/lib\libSatelliteSubsystemsD.a(gecko_driver.o)
                0x2001d080                GECKO_GetTempREGU6
 .text.GECKO_GetTempREGU8
                0x2001d3dc      0x360 C:/HOOPOE3/satellite-subsystems/demo/..//satellite-subsystems/lib\libSatelliteSubsystemsD.a(gecko_driver.o)
                0x2001d3dc                GECKO_GetTempREGU8
 .text.GECKO_GetTempFlash
                0x2001d73c      0x360 C:/HOOPOE3/satellite-subsystems/demo/..//satellite-subsystems/lib\libSatelliteSubsystemsD.a(gecko_driver.o)
                0x2001d73c                GECKO_GetTempFlash
 .text._SpiWriteRead
                0x2001da9c       0x70 C:/HOOPOE3/satellite-subsystems/demo/..//satellite-subsystems/lib\libSatelliteSubsystemsD.a(gecko_driver.o)
 .text.makeTRXCommonTransfer
                0x2001db0c       0x34 C:/HOOPOE3/satellite-subsystems/demo/..//satellite-subsystems/lib\libSatelliteSubsystemsD.a(IsisTRXCommon.o)
 .text.IsisTrxCommon_componentReset
                0x2001db40       0x68 C:/HOOPOE3/satellite-subsystems/demo/..//satellite-subsystems/lib\libSatelliteSubsystemsD.a(IsisTRXCommon.o)
                0x2001db40                IsisTrxCommon_componentReset
 .text.IsisTrxCommon_TxSendAX25DefClSign
                0x2001dba8       0xf4 C:/HOOPOE3/satellite-subsystems/demo/..//satellite-subsystems/lib\libSatelliteSubsystemsD.a(IsisTRXCommon.o)
                0x2001dba8                IsisTrxCommon_TxSendAX25DefClSign
 .text.IsisTrxCommon_TxSetIdlestate
                0x2001dc9c       0x78 C:/HOOPOE3/satellite-subsystems/demo/..//satellite-subsystems/lib\libSatelliteSubsystemsD.a(IsisTRXCommon.o)
                0x2001dc9c                IsisTrxCommon_TxSetIdlestate
 .text.IsisTrxCommon_TxSetAx25Bitrate
                0x2001dd14       0x78 C:/HOOPOE3/satellite-subsystems/demo/..//satellite-subsystems/lib\libSatelliteSubsystemsD.a(IsisTRXCommon.o)
                0x2001dd14                IsisTrxCommon_TxSetAx25Bitrate
 .text.IsisTrxCommon_RxGetFrameCount
                0x2001dd8c       0x8c C:/HOOPOE3/satellite-subsystems/demo/..//satellite-subsystems/lib\libSatelliteSubsystemsD.a(IsisTRXCommon.o)
                0x2001dd8c                IsisTrxCommon_RxGetFrameCount
 .text.IsisTrxCommon_RxGetTelemetryAll_revC
                0x2001de18       0x8c C:/HOOPOE3/satellite-subsystems/demo/..//satellite-subsystems/lib\libSatelliteSubsystemsD.a(IsisTRXCommon.o)
                0x2001de18                IsisTrxCommon_RxGetTelemetryAll_revC
 .text.log      0x2001dea4      0x17c c:/isis/application/toolchain/bin/../lib/gcc/arm-none-eabi/4.7.4/../../../../arm-none-eabi/lib\libm.a(lib_a-w_log.o)
                0x2001dea4                log
 .text.__ieee754_log
                0x2001e020      0x5c0 c:/isis/application/toolchain/bin/../lib/gcc/arm-none-eabi/4.7.4/../../../../arm-none-eabi/lib\libm.a(lib_a-e_log.o)
                0x2001e020                __ieee754_log
 .text.matherr  0x2001e5e0        0x8 c:/isis/application/toolchain/bin/../lib/gcc/arm-none-eabi/4.7.4/../../../../arm-none-eabi/lib\libm.a(lib_a-s_matherr.o)
                0x2001e5e0                matherr
 .text.nan      0x2001e5e8       0x10 c:/isis/application/toolchain/bin/../lib/gcc/arm-none-eabi/4.7.4/../../../../arm-none-eabi/lib\libm.a(lib_a-s_nan.o)
                0x2001e5e8                nan
 .text.fn_init  0x2001e5f8      0x2e0 C:/HOOPOE3/satellite-subsystems/demo/../..//hal/hcc/lib\libHCCD.a(fat_common.o)
                0x2001e5f8                fn_init
 .text._f_get16bitl
                0x2001e8d8       0x4c C:/HOOPOE3/satellite-subsystems/demo/../..//hal/hcc/lib\libHCCD.a(fat_common.o)
                0x2001e8d8                _f_get16bitl
 .text._f_set16bitl
                0x2001e924       0x54 C:/HOOPOE3/satellite-subsystems/demo/../..//hal/hcc/lib\libHCCD.a(fat_common.o)
                0x2001e924                _f_set16bitl
 .text._f_get32bitl
                0x2001e978       0x68 C:/HOOPOE3/satellite-subsystems/demo/../..//hal/hcc/lib\libHCCD.a(fat_common.o)
                0x2001e978                _f_get32bitl
 .text._f_set32bitl
                0x2001e9e0       0x78 C:/HOOPOE3/satellite-subsystems/demo/../..//hal/hcc/lib\libHCCD.a(fat_common.o)
                0x2001e9e0                _f_set32bitl
 .text._get8bit
                0x2001ea58       0xa0 C:/HOOPOE3/satellite-subsystems/demo/../..//hal/hcc/lib\libHCCD.a(fat_common.o)
 .text._get16bitl
                0x2001eaf8       0x40 C:/HOOPOE3/satellite-subsystems/demo/../..//hal/hcc/lib\libHCCD.a(fat_common.o)
 .text._get32bitl
                0x2001eb38       0x3c C:/HOOPOE3/satellite-subsystems/demo/../..//hal/hcc/lib\libHCCD.a(fat_common.o)
 .text._f_setcardremoved
                0x2001eb74       0x94 C:/HOOPOE3/satellite-subsystems/demo/../..//hal/hcc/lib\libHCCD.a(fat_common.o)
 .text._f_checkstatus
                0x2001ec08      0x104 C:/HOOPOE3/satellite-subsystems/demo/../..//hal/hcc/lib\libHCCD.a(fat_common.o)
                0x2001ec08                _f_checkstatus
 .text._f_drvgetphy
                0x2001ed0c      0x114 C:/HOOPOE3/satellite-subsystems/demo/../..//hal/hcc/lib\libHCCD.a(fat_common.o)
 .text._f_drvwritesector
                0x2001ee20       0xdc C:/HOOPOE3/satellite-subsystems/demo/../..//hal/hcc/lib\libHCCD.a(fat_common.o)
 .text._f_drvreadsector
                0x2001eefc       0xa8 C:/HOOPOE3/satellite-subsystems/demo/../..//hal/hcc/lib\libHCCD.a(fat_common.o)
 .text._f_writesector
                0x2001efa4      0x23c C:/HOOPOE3/satellite-subsystems/demo/../..//hal/hcc/lib\libHCCD.a(fat_common.o)
                0x2001efa4                _f_writesector
 .text._f_readsector
                0x2001f1e0      0x1dc C:/HOOPOE3/satellite-subsystems/demo/../..//hal/hcc/lib\libHCCD.a(fat_common.o)
                0x2001f1e0                _f_readsector
 .text._f_getmaxcluster
                0x2001f3bc       0x94 C:/HOOPOE3/satellite-subsystems/demo/../..//hal/hcc/lib\libHCCD.a(fat_common.o)
                0x2001f3bc                _f_getmaxcluster
 .text._getsectorfromcluster
                0x2001f450       0x68 C:/HOOPOE3/satellite-subsystems/demo/../..//hal/hcc/lib\libHCCD.a(fat_common.o)
 .text._f_buildsectors
                0x2001f4b8      0x268 C:/HOOPOE3/satellite-subsystems/demo/../..//hal/hcc/lib\libHCCD.a(fat_common.o)
 .text._f_getbootrecord
                0x2001f720      0x5e4 C:/HOOPOE3/satellite-subsystems/demo/../..//hal/hcc/lib\libHCCD.a(fat_common.o)
 .text._f_readbootrecord
                0x2001fd04      0x4f8 C:/HOOPOE3/satellite-subsystems/demo/../..//hal/hcc/lib\libHCCD.a(fat_common.o)
 .text._f_flushcffiles
                0x200201fc      0x17c C:/HOOPOE3/satellite-subsystems/demo/../..//hal/hcc/lib\libHCCD.a(fat_common.o)
                0x200201fc                _f_flushcffiles
 .text._f_fatcache_flush
                0x20020378      0x270 C:/HOOPOE3/satellite-subsystems/demo/../..//hal/hcc/lib\libHCCD.a(fat_common.o)
                0x20020378                _f_fatcache_flush
 .text._f_writefatsector
                0x200205e8      0x100 C:/HOOPOE3/satellite-subsystems/demo/../..//hal/hcc/lib\libHCCD.a(fat_common.o)
                0x200205e8                _f_writefatsector
 .text._f_getfatsector
                0x200206e8      0x3bc C:/HOOPOE3/satellite-subsystems/demo/../..//hal/hcc/lib\libHCCD.a(fat_common.o)
 .text._f_setclustervalue
                0x20020aa4      0x490 C:/HOOPOE3/satellite-subsystems/demo/../..//hal/hcc/lib\libHCCD.a(fat_common.o)
                0x20020aa4                _f_setclustervalue
 .text._f_getclustervalue
                0x20020f34      0x388 C:/HOOPOE3/satellite-subsystems/demo/../..//hal/hcc/lib\libHCCD.a(fat_common.o)
                0x20020f34                _f_getclustervalue
 .text._f_close_drive_files
                0x200212bc       0xac C:/HOOPOE3/satellite-subsystems/demo/../..//hal/hcc/lib\libHCCD.a(fat_common.o)
 .text._f_inc_mount_count
                0x20021368       0xa4 C:/HOOPOE3/satellite-subsystems/demo/../..//hal/hcc/lib\libHCCD.a(fat_common.o)
 .text._f_getvolume
                0x2002140c      0x2f8 C:/HOOPOE3/satellite-subsystems/demo/../..//hal/hcc/lib\libHCCD.a(fat_common.o)
                0x2002140c                _f_getvolume
 .text.fn_createdriver
                0x20021704      0x118 C:/HOOPOE3/satellite-subsystems/demo/../..//hal/hcc/lib\libHCCD.a(fat_common.o)
                0x20021704                fn_createdriver
 .text.fn_initvolume
                0x2002181c      0x12c C:/HOOPOE3/satellite-subsystems/demo/../..//hal/hcc/lib\libHCCD.a(fat_common.o)
                0x2002181c                fn_initvolume
 .text.fn_initvolumepartition_sub
                0x20021948       0xe0 C:/HOOPOE3/satellite-subsystems/demo/../..//hal/hcc/lib\libHCCD.a(fat_common.o)
 .text.fn_initvolumepartition
                0x20021a28       0xac C:/HOOPOE3/satellite-subsystems/demo/../..//hal/hcc/lib\libHCCD.a(fat_common.o)
                0x20021a28                fn_initvolumepartition
 .text._f_clustertopos
                0x20021ad4       0xf8 C:/HOOPOE3/satellite-subsystems/demo/../..//hal/hcc/lib\libHCCD.a(fat_common.o)
                0x20021ad4                _f_clustertopos
 .text._f_getcurrsector
                0x20021bcc      0x6c8 C:/HOOPOE3/satellite-subsystems/demo/../..//hal/hcc/lib\libHCCD.a(fat_common.o)
                0x20021bcc                _f_getcurrsector
 .text._f_getdecluster
                0x20022294       0x90 C:/HOOPOE3/satellite-subsystems/demo/../..//hal/hcc/lib\libHCCD.a(fat_common.o)
                0x20022294                _f_getdecluster
 .text._f_setdecluster
                0x20022324       0x8c C:/HOOPOE3/satellite-subsystems/demo/../..//hal/hcc/lib\libHCCD.a(fat_common.o)
                0x20022324                _f_setdecluster
 .text.fn_getdrive
                0x200223b0       0x30 C:/HOOPOE3/satellite-subsystems/demo/../..//hal/hcc/lib\libHCCD.a(fat_common.o)
                0x200223b0                fn_getdrive
 .text._f_getcurrenttimedate
                0x200223e0      0x138 C:/HOOPOE3/satellite-subsystems/demo/../..//hal/hcc/lib\libHCCD.a(fat_common.o)
                0x200223e0                _f_getcurrenttimedate
 .text._f_initentry
                0x20022518       0xa0 C:/HOOPOE3/satellite-subsystems/demo/../..//hal/hcc/lib\libHCCD.a(fat_common.o)
                0x20022518                _f_initentry
 .text._f_alloccluster
                0x200225b8      0x344 C:/HOOPOE3/satellite-subsystems/demo/../..//hal/hcc/lib\libHCCD.a(fat_common.o)
                0x200225b8                _f_alloccluster
 .text._f_dobadblock
                0x200228fc      0x2cc C:/HOOPOE3/satellite-subsystems/demo/../..//hal/hcc/lib\libHCCD.a(fat_common.o)
                0x200228fc                _f_dobadblock
 .text._f_checklocked
                0x20022bc8       0xe4 C:/HOOPOE3/satellite-subsystems/demo/../..//hal/hcc/lib\libHCCD.a(fat_common.o)
                0x20022bc8                _f_checklocked
 .text._f_checkappendlocked
                0x20022cac      0x110 C:/HOOPOE3/satellite-subsystems/demo/../..//hal/hcc/lib\libHCCD.a(fat_common.o)
                0x20022cac                _f_checkappendlocked
 .text._f_setsyncafile
                0x20022dbc      0x114 C:/HOOPOE3/satellite-subsystems/demo/../..//hal/hcc/lib\libHCCD.a(fat_common.o)
                0x20022dbc                _f_setsyncafile
 .text._f_syncfiles
                0x20022ed0      0x128 C:/HOOPOE3/satellite-subsystems/demo/../..//hal/hcc/lib\libHCCD.a(fat_common.o)
                0x20022ed0                _f_syncfiles
 .text._f_syncfilescontent
                0x20022ff8      0x15c C:/HOOPOE3/satellite-subsystems/demo/../..//hal/hcc/lib\libHCCD.a(fat_common.o)
 .text.fn_getfreespace
                0x20023154      0x4c0 C:/HOOPOE3/satellite-subsystems/demo/../..//hal/hcc/lib\libHCCD.a(fat_common.o)
                0x20023154                fn_getfreespace
 .text._f_emptywritecache
                0x20023614      0x4a4 C:/HOOPOE3/satellite-subsystems/demo/../..//hal/hcc/lib\libHCCD.a(fat_common.o)
 .text._f_allocnextcluster
                0x20023ab8      0x54c C:/HOOPOE3/satellite-subsystems/demo/../..//hal/hcc/lib\libHCCD.a(fat_common.o)
 .text._f_emptywritebuffer
                0x20024004      0x20c C:/HOOPOE3/satellite-subsystems/demo/../..//hal/hcc/lib\libHCCD.a(fat_common.o)
 .text._f_writezeros
                0x20024210       0xf0 C:/HOOPOE3/satellite-subsystems/demo/../..//hal/hcc/lib\libHCCD.a(fat_common.o)
                0x20024210                _f_writezeros
 .text._f_extend_file
                0x20024300      0x570 C:/HOOPOE3/satellite-subsystems/demo/../..//hal/hcc/lib\libHCCD.a(fat_common.o)
 .text._f_fseek
                0x20024870      0x9bc C:/HOOPOE3/satellite-subsystems/demo/../..//hal/hcc/lib\libHCCD.a(fat_common.o)
                0x20024870                _f_fseek
 .text._f_removechain
                0x2002522c      0x104 C:/HOOPOE3/satellite-subsystems/demo/../..//hal/hcc/lib\libHCCD.a(fat_common.o)
                0x2002522c                _f_removechain
 .text._f_updatefileentry
                0x20025330      0x1cc C:/HOOPOE3/satellite-subsystems/demo/../..//hal/hcc/lib\libHCCD.a(fat_common.o)
 .text._f_checkreadlocked
                0x200254fc      0x1bc C:/HOOPOE3/satellite-subsystems/demo/../..//hal/hcc/lib\libHCCD.a(fat_common.o)
                0x200254fc                _f_checkreadlocked
 .text._f_check_handle
                0x200256b8       0x98 C:/HOOPOE3/satellite-subsystems/demo/../..//hal/hcc/lib\libHCCD.a(fat_common.o)
                0x200256b8                _f_check_handle
 .text._f_removesyncafile
                0x20025750      0x1ec C:/HOOPOE3/satellite-subsystems/demo/../..//hal/hcc/lib\libHCCD.a(fat_common.o)
 .text.fn_close
                0x2002593c      0x3f8 C:/HOOPOE3/satellite-subsystems/demo/../..//hal/hcc/lib\libHCCD.a(fat_common.o)
                0x2002593c                fn_close
 .text.fn_flush
                0x20025d34      0x374 C:/HOOPOE3/satellite-subsystems/demo/../..//hal/hcc/lib\libHCCD.a(fat_common.o)
                0x20025d34                fn_flush
 .text.fn_read  0x200260a8      0x690 C:/HOOPOE3/satellite-subsystems/demo/../..//hal/hcc/lib\libHCCD.a(fat_common.o)
                0x200260a8                fn_read
 .text._f_abortwrite
                0x20026738      0x100 C:/HOOPOE3/satellite-subsystems/demo/../..//hal/hcc/lib\libHCCD.a(fat_common.o)
 .text._f_checkwritecluster
                0x20026838       0xe4 C:/HOOPOE3/satellite-subsystems/demo/../..//hal/hcc/lib\libHCCD.a(fat_common.o)
 .text.fn_write
                0x2002691c      0x8a8 C:/HOOPOE3/satellite-subsystems/demo/../..//hal/hcc/lib\libHCCD.a(fat_common.o)
                0x2002691c                fn_write
 .text.fn_seek  0x200271c4      0x270 C:/HOOPOE3/satellite-subsystems/demo/../..//hal/hcc/lib\libHCCD.a(fat_common.o)
                0x200271c4                fn_seek
 .text.f_enterFS
                0x20027434      0x1c0 C:/HOOPOE3/satellite-subsystems/demo/../..//hal/hcc/lib\libHCCD.a(fat_common.o)
                0x20027434                f_enterFS
 .text.f_releaseFS
                0x200275f4       0xb0 C:/HOOPOE3/satellite-subsystems/demo/../..//hal/hcc/lib\libHCCD.a(fat_common.o)
                0x200275f4                f_releaseFS
 .text.fnGetTask
                0x200276a4       0xfc C:/HOOPOE3/satellite-subsystems/demo/../..//hal/hcc/lib\libHCCD.a(fat_common.o)
                0x200276a4                fnGetTask
 .text._f_mutex_get
                0x200277a0       0x98 C:/HOOPOE3/satellite-subsystems/demo/../..//hal/hcc/lib\libHCCD.a(fat_common.o)
                0x200277a0                _f_mutex_get
 .text._f_mutex_put
                0x20027838       0x54 C:/HOOPOE3/satellite-subsystems/demo/../..//hal/hcc/lib\libHCCD.a(fat_common.o)
                0x20027838                _f_mutex_put
 .text._fn_initseekdivisor
                0x2002788c      0x158 C:/HOOPOE3/satellite-subsystems/demo/../..//hal/hcc/lib\libHCCD.a(fat_common.o)
                0x2002788c                _fn_initseekdivisor
 .text._fn_updateseekpos
                0x200279e4       0xc4 C:/HOOPOE3/satellite-subsystems/demo/../..//hal/hcc/lib\libHCCD.a(fat_common.o)
 .text._f_findopensize
                0x20027aa8       0x2c C:/HOOPOE3/satellite-subsystems/demo/../..//hal/hcc/lib\libHCCD.a(fat_common.o)
                0x20027aa8                _f_findopensize
 .text.fn_setlasterror
                0x20027ad4       0x34 C:/HOOPOE3/satellite-subsystems/demo/../..//hal/hcc/lib\libHCCD.a(fat_common.o)
                0x20027ad4                fn_setlasterror
 .text.fn_setlasterror_noret
                0x20027b08       0x2c C:/HOOPOE3/satellite-subsystems/demo/../..//hal/hcc/lib\libHCCD.a(fat_common.o)
                0x20027b08                fn_setlasterror_noret
 .text.fm_initvolume
                0x20027b34       0x70 C:/HOOPOE3/satellite-subsystems/demo/../..//hal/hcc/lib\libHCCD.a(fat_m.o)
                0x20027b34                fm_initvolume
 .text.fm_getdrive
                0x20027ba4       0x70 C:/HOOPOE3/satellite-subsystems/demo/../..//hal/hcc/lib\libHCCD.a(fat_m.o)
                0x20027ba4                fm_getdrive
 .text.fm_getfreespace
                0x20027c14       0x68 C:/HOOPOE3/satellite-subsystems/demo/../..//hal/hcc/lib\libHCCD.a(fat_m.o)
                0x20027c14                fm_getfreespace
 .text.fm_findfirst
                0x20027c7c       0x68 C:/HOOPOE3/satellite-subsystems/demo/../..//hal/hcc/lib\libHCCD.a(fat_m.o)
                0x20027c7c                fm_findfirst
 .text.fm_findnext
                0x20027ce4       0x60 C:/HOOPOE3/satellite-subsystems/demo/../..//hal/hcc/lib\libHCCD.a(fat_m.o)
                0x20027ce4                fm_findnext
 .text.fm_rename
                0x20027d44       0x68 C:/HOOPOE3/satellite-subsystems/demo/../..//hal/hcc/lib\libHCCD.a(fat_m.o)
                0x20027d44                fm_rename
 .text.fm_filelength
                0x20027dac       0x60 C:/HOOPOE3/satellite-subsystems/demo/../..//hal/hcc/lib\libHCCD.a(fat_m.o)
                0x20027dac                fm_filelength
 .text.fm_close
                0x20027e0c       0x60 C:/HOOPOE3/satellite-subsystems/demo/../..//hal/hcc/lib\libHCCD.a(fat_m.o)
                0x20027e0c                fm_close
 .text.fm_flush
                0x20027e6c       0x60 C:/HOOPOE3/satellite-subsystems/demo/../..//hal/hcc/lib\libHCCD.a(fat_m.o)
                0x20027e6c                fm_flush
 .text.fm_open  0x20027ecc       0x68 C:/HOOPOE3/satellite-subsystems/demo/../..//hal/hcc/lib\libHCCD.a(fat_m.o)
                0x20027ecc                fm_open
 .text.fm_read  0x20027f34       0x7c C:/HOOPOE3/satellite-subsystems/demo/../..//hal/hcc/lib\libHCCD.a(fat_m.o)
                0x20027f34                fm_read
 .text.fm_write
                0x20027fb0       0x7c C:/HOOPOE3/satellite-subsystems/demo/../..//hal/hcc/lib\libHCCD.a(fat_m.o)
                0x20027fb0                fm_write
 .text.fm_seek  0x2002802c       0x70 C:/HOOPOE3/satellite-subsystems/demo/../..//hal/hcc/lib\libHCCD.a(fat_m.o)
                0x2002802c                fm_seek
 .text.fm_delete
                0x2002809c       0x64 C:/HOOPOE3/satellite-subsystems/demo/../..//hal/hcc/lib\libHCCD.a(fat_m.o)