Archive member included because of file (symbol)

c:/isis/application/toolchain/bin/../lib/gcc/arm-none-eabi/4.7.4/../../../../arm-none-eabi/lib\libc_s.a(lib_a-vfprintf_float.o)
                              (_printf_float)
c:/isis/application/toolchain/bin/../lib/gcc/arm-none-eabi/4.7.4/../../../../arm-none-eabi/lib\libc_s.a(lib_a-vfprintf_i.o)
                              c:/isis/application/toolchain/bin/../lib/gcc/arm-none-eabi/4.7.4/../../../../arm-none-eabi/lib\libc_s.a(lib_a-vfprintf_float.o) (_printf_common)
c:/isis/application/toolchain/bin/../lib/gcc/arm-none-eabi/4.7.4/../../../../arm-none-eabi/lib\libc_s.a(lib_a-vfscanf_float.o)
                              (_scanf_float)
c:/isis/application/toolchain/bin/../lib/gcc/arm-none-eabi/4.7.4/../../../../arm-none-eabi/lib\libc_s.a(lib_a-dtoa.o)
                              c:/isis/application/toolchain/bin/../lib/gcc/arm-none-eabi/4.7.4/../../../../arm-none-eabi/lib\libc_s.a(lib_a-vfprintf_float.o) (_dtoa_r)
c:/isis/application/toolchain/bin/../lib/gcc/arm-none-eabi/4.7.4/../../../../arm-none-eabi/lib\libc_s.a(lib_a-locale.o)
                              c:/isis/application/toolchain/bin/../lib/gcc/arm-none-eabi/4.7.4/../../../../arm-none-eabi/lib\libc_s.a(lib_a-vfprintf_float.o) (_localeconv_r)
c:/isis/application/toolchain/bin/../lib/gcc/arm-none-eabi/4.7.4/../../../../arm-none-eabi/lib\libc_s.a(lib_a-malloc.o)
                              c:/isis/application/toolchain/bin/../lib/gcc/arm-none-eabi/4.7.4/../../../../arm-none-eabi/lib\libc_s.a(lib_a-dtoa.o) (malloc)
c:/isis/application/toolchain/bin/../lib/gcc/arm-none-eabi/4.7.4/../../../../arm-none-eabi/lib\libc_s.a(lib_a-mallocr.o)
                              c:/isis/application/toolchain/bin/../lib/gcc/arm-none-eabi/4.7.4/../../../../arm-none-eabi/lib\libc_s.a(lib_a-malloc.o) (_malloc_r)
c:/isis/application/toolchain/bin/../lib/gcc/arm-none-eabi/4.7.4/../../../../arm-none-eabi/lib\libc_s.a(lib_a-memcpy.o)
                              c:/isis/application/toolchain/bin/../lib/gcc/arm-none-eabi/4.7.4/../../../../arm-none-eabi/lib\libc_s.a(lib_a-dtoa.o) (memcpy)
c:/isis/application/toolchain/bin/../lib/gcc/arm-none-eabi/4.7.4/../../../../arm-none-eabi/lib\libc_s.a(lib_a-mprec.o)
                              c:/isis/application/toolchain/bin/../lib/gcc/arm-none-eabi/4.7.4/../../../../arm-none-eabi/lib\libc_s.a(lib_a-dtoa.o) (_Balloc)
c:/isis/application/toolchain/bin/../lib/gcc/arm-none-eabi/4.7.4/../../../../arm-none-eabi/lib\libc_s.a(lib_a-s_fpclassify.o)
                              c:/isis/application/toolchain/bin/../lib/gcc/arm-none-eabi/4.7.4/../../../../arm-none-eabi/lib\libc_s.a(lib_a-vfprintf_float.o) (__fpclassifyd)
c:/isis/application/toolchain/bin/../lib/gcc/arm-none-eabi/4.7.4/../../../../arm-none-eabi/lib\libc_s.a(lib_a-sbrkr.o)
                              c:/isis/application/toolchain/bin/../lib/gcc/arm-none-eabi/4.7.4/../../../../arm-none-eabi/lib\libc_s.a(lib_a-mallocr.o) (_sbrk_r)
c:/isis/application/toolchain/bin/../lib/gcc/arm-none-eabi/4.7.4/../../../../arm-none-eabi/lib\libc_s.a(lib_a-sf_nan.o)
                              c:/isis/application/toolchain/bin/../lib/gcc/arm-none-eabi/4.7.4/../../../../arm-none-eabi/lib\libc_s.a(lib_a-vfscanf_float.o) (nanf)
c:/isis/application/toolchain/bin/../lib/gcc/arm-none-eabi/4.7.4/../../../../arm-none-eabi/lib\libc_s.a(lib_a-sprintf.o)
                              c:/isis/application/toolchain/bin/../lib/gcc/arm-none-eabi/4.7.4/../../../../arm-none-eabi/lib\libc_s.a(lib_a-vfscanf_float.o) (sprintf)
c:/isis/application/toolchain/bin/../lib/gcc/arm-none-eabi/4.7.4/../../../../arm-none-eabi/lib\libc_s.a(lib_a-strcmp.o)
                              c:/isis/application/toolchain/bin/../lib/gcc/arm-none-eabi/4.7.4/../../../../arm-none-eabi/lib\libc_s.a(lib_a-locale.o) (strcmp)
c:/isis/application/toolchain/bin/../lib/gcc/arm-none-eabi/4.7.4/../../../../arm-none-eabi/lib\libc_s.a(lib_a-strlen.o)
                              c:/isis/application/toolchain/bin/../lib/gcc/arm-none-eabi/4.7.4/../../../../arm-none-eabi/lib\libc_s.a(lib_a-vfprintf_float.o) (strlen)
c:/isis/application/toolchain/bin/../lib/gcc/arm-none-eabi/4.7.4/../../../../arm-none-eabi/lib\libc_s.a(lib_a-strtod.o)
                              c:/isis/application/toolchain/bin/../lib/gcc/arm-none-eabi/4.7.4/../../../../arm-none-eabi/lib\libc_s.a(lib_a-vfscanf_float.o) (_strtod_r)
c:/isis/application/toolchain/bin/../lib/gcc/arm-none-eabi/4.7.4/../../../../arm-none-eabi/lib\libc_s.a(lib_a-strtol.o)
                              c:/isis/application/toolchain/bin/../lib/gcc/arm-none-eabi/4.7.4/../../../../arm-none-eabi/lib\libc_s.a(lib_a-vfscanf_float.o) (_strtol_r)
c:/isis/application/toolchain/bin/../lib/gcc/arm-none-eabi/4.7.4/../../../../arm-none-eabi/lib\libc_s.a(lib_a-svfprintf.o)
                              c:/isis/application/toolchain/bin/../lib/gcc/arm-none-eabi/4.7.4/../../../../arm-none-eabi/lib\libc_s.a(lib_a-sprintf.o) (_svfprintf_r)
[...]
Memory Configuration

Name             Origin             Length             Attributes
sram0            0x00200000         0x00004000         w !xr
sram1            0x00300000         0x00004000         w !xr
sdram            0x20000000         0x02000000         w !xr
*default*        0x00000000         0xffffffff

Linker script and memory map

LOAD c:/isis/application/toolchain/bin/../lib/gcc/arm-none-eabi/4.7.4/../../../../arm-none-eabi/lib\libc_s.a
LOAD ./src/sub-systemCode/Main/CMD/COMM_CMD.o
LOAD ./src/sub-systemCode/Main/CMD/EPS_CMD.o
LOAD ./src/sub-systemCode/Main/CMD/General_CMD.o
LOAD ./src/sub-systemCode/Main/CMD/SW_CMD.o
LOAD ./src/sub-systemCode/Main/CMD/payload_CMD.o
LOAD ./src/sub-systemCode/Main/Ants.o
LOAD ./src/sub-systemCode/Main/EPS.o
LOAD ./src/sub-systemCode/Main/HouseKeeping.o
LOAD ./src/sub-systemCode/Main/Main_Init.o
LOAD ./src/sub-systemCode/Main/commands.o
LOAD ./src/sub-systemCode/Global/Global.o
LOAD ./src/sub-systemCode/Global/GlobalParam.o
LOAD ./src/sub-systemCode/Global/OnlineTM.o
LOAD ./src/sub-systemCode/Global/TM_managment.o
LOAD ./src/sub-systemCode/COMM/APRS.o
LOAD ./src/sub-systemCode/COMM/DelayedCommand_list.o
LOAD ./src/sub-systemCode/COMM/GSC.o
LOAD ./src/sub-systemCode/COMM/TRXVU.o
LOAD ./src/sub-systemCode/ADCS/ADCS.o
LOAD ./src/sub-systemCode/ADCS/Stage_Table.o
LOAD ./src/main.o
LOAD C:/Hoopoe3/satellite-subsystems/demo/..//satellite-subsystems/lib\libSatelliteSubsystemsD.a
LOAD c:/isis/application/toolchain/bin/../lib/gcc/arm-none-eabi/4.7.4/../../../../arm-none-eabi/lib\libm.a
LOAD C:/Hoopoe3/satellite-subsystems/demo/../..//hal/hcc/lib\libHCCD.a
LOAD C:/Hoopoe3/satellite-subsystems/demo/../..//hal/hal/lib\libHALD.a
LOAD C:/Hoopoe3/satellite-subsystems/demo/../..//hal/freertos/lib\libFreeRTOSD.a
LOAD C:/Hoopoe3/satellite-subsystems/demo/../..//hal/at91/lib\libAt91D.a
START GROUP
LOAD c:/isis/application/toolchain/bin/../lib/gcc/arm-none-eabi/4.7.4\libgcc.a
LOAD c:/isis/application/toolchain/bin/../lib/gcc/arm-none-eabi/4.7.4/../../../../arm-none-eabi/lib\libc_s.a
END GROUP

.fixed          0x20000000    0x3c108
                0x20000000                . = ALIGN (0x4)
                0x20000000                _sfixed = .
 *(.startup)
 .startup       0x20000000      0x134 C:/Hoopoe3/satellite-subsystems/demo/../..//hal/at91/lib\libAt91D.a(board_cstartup.o)
                0x20000000                entry
 *(.text)
 .text          0x20000134       0x64 C:/Hoopoe3/satellite-subsystems/demo/../..//hal/at91/lib\libAt91D.a(cp15_asm.o)
                0x20000134                _readControlRegister
                0x20000140                _writeControlRegister
                0x20000148                _waitForInterrupt
                0x20000154                _writeTTB
                0x2000015c                _writeDomain
                0x20000164                _writeITLBLockdown
                0x2000016c                _prefetchICacheLine
                0x20000174                _flushDCache
                0x20000180                _flushWriteBuffer
                0x2000018c                _invalidateIDTLBs
 .text          0x20000198      0x114 c:/isis/application/toolchain/bin/../lib/gcc/arm-none-eabi/4.7.4\libgcc.a(_udivsi3.o)
                0x20000198                __aeabi_uidiv
                0x20000198                __udivsi3
                0x2000028c                __aeabi_uidivmod
 .text          0x200002ac      0x148 c:/isis/application/toolchain/bin/../lib/gcc/arm-none-eabi/4.7.4\libgcc.a(_divsi3.o)
                0x200002ac                __divsi3
                0x200002ac                __aeabi_idiv
                0x200003d4                __aeabi_idivmod
 .text          0x200003f4        0x4 c:/isis/application/toolchain/bin/../lib/gcc/arm-none-eabi/4.7.4\libgcc.a(_dvmd_tls.o)
                0x200003f4                __aeabi_idiv0
                0x200003f4                __aeabi_ldiv0
 .text          0x200003f8      0x41c c:/isis/application/toolchain/bin/../lib/gcc/arm-none-eabi/4.7.4\libgcc.a(_arm_addsubdf3.o)
                0x200003f8                __aeabi_drsub
                0x20000400                __aeabi_dsub
                0x20000400                __subdf3
                0x20000404                __aeabi_dadd
                0x20000404                __adddf3
                0x20000714                __floatunsidf
                0x20000714                __aeabi_ui2d
                0x20000738                __floatsidf
                0x20000738                __aeabi_i2d
                0x20000760                __aeabi_f2d
                0x20000760                __extendsfdf2
                0x200007a0                __floatundidf
                0x200007a0                __aeabi_ul2d
                0x200007b4                __floatdidf
                0x200007b4                __aeabi_l2d
 .text          0x20000814      0x49c c:/isis/application/toolchain/bin/../lib/gcc/arm-none-eabi/4.7.4\libgcc.a(_arm_muldivdf3.o)
                0x20000814                __aeabi_dmul
                0x20000814                __muldf3
                0x20000aa4                __divdf3
                0x20000aa4                __aeabi_ddiv
 .text          0x20000cb0      0x144 c:/isis/application/toolchain/bin/../lib/gcc/arm-none-eabi/4.7.4\libgcc.a(_arm_cmpdf2.o)
                0x20000cb0                __gtdf2
                0x20000cb0                __gedf2
                0x20000cb8                __ltdf2
                0x20000cb8                __ledf2
                0x20000cc0                __nedf2
                0x20000cc0                __eqdf2
                0x20000cc0                __cmpdf2
                0x20000d48                __aeabi_cdrcmple
                0x20000d64                __aeabi_cdcmpeq
                0x20000d64                __aeabi_cdcmple
                0x20000d7c                __aeabi_dcmpeq
                0x20000d94                __aeabi_dcmplt
                0x20000dac                __aeabi_dcmple
                0x20000dc4                __aeabi_dcmpge
                0x20000ddc                __aeabi_dcmpgt
 .text          0x20000df4       0x5c c:/isis/application/toolchain/bin/../lib/gcc/arm-none-eabi/4.7.4\libgcc.a(_arm_fixdfsi.o)
                0x20000df4                __aeabi_d2iz
                0x20000df4                __fixdfsi
 .text          0x20000e50       0x54 c:/isis/application/toolchain/bin/../lib/gcc/arm-none-eabi/4.7.4\libgcc.a(_arm_fixunsdfsi.o)
                0x20000e50                __aeabi_d2uiz
                0x20000e50                __fixunsdfsi
 .text          0x20000ea4       0xa0 c:/isis/application/toolchain/bin/../lib/gcc/arm-none-eabi/4.7.4\libgcc.a(_arm_truncdfsf2.o)
                0x20000ea4                __truncdfsf2
                0x20000ea4                __aeabi_d2f
 .text          0x20000f44      0x2ac c:/isis/application/toolchain/bin/../lib/gcc/arm-none-eabi/4.7.4\libgcc.a(_arm_addsubsf3.o)
                0x20000f44                __aeabi_frsub
                0x20000f4c                __subsf3
                0x20000f4c                __aeabi_fsub
                0x20000f50                __aeabi_fadd
                0x20000f50                __addsf3
                0x2000110c                __aeabi_ui2f
                0x2000110c                __floatunsisf
                0x20001114                __aeabi_i2f
                0x20001114                __floatsisf
                0x20001134                __aeabi_ul2f
                0x20001134                __floatundisf
                0x20001144                __aeabi_l2f
                0x20001144                __floatdisf
 .text          0x200011f0      0x2f8 c:/isis/application/toolchain/bin/../lib/gcc/arm-none-eabi/4.7.4\libgcc.a(_arm_muldivsf3.o)
                0x200011f0                __mulsf3
                0x200011f0                __aeabi_fmul
                0x20001388                __aeabi_fdiv
                0x20001388                __divsf3
 .text          0x200014e8       0x54 c:/isis/application/toolchain/bin/../lib/gcc/arm-none-eabi/4.7.4\libgcc.a(_arm_fixunssfsi.o)
                0x200014e8                __fixunssfsi
                0x200014e8                __aeabi_f2uiz
 *(.text*)
 .text.__cvt    0x2000153c      0x138 c:/isis/application/toolchain/bin/../lib/gcc/arm-none-eabi/4.7.4/../../../../arm-none-eabi/lib\libc_s.a(lib_a-vfprintf_float.o)
                0x2000153c                __cvt
 .text.__exponent
                0x20001674       0xa8 c:/isis/application/toolchain/bin/../lib/gcc/arm-none-eabi/4.7.4/../../../../arm-none-eabi/lib\libc_s.a(lib_a-vfprintf_float.o)
                0x20001674                __exponent
 .text._printf_float
                0x2000171c      0x7dc c:/isis/application/toolchain/bin/../lib/gcc/arm-none-eabi/4.7.4/../../../../arm-none-eabi/lib\libc_s.a(lib_a-vfprintf_float.o)
                0x2000171c                _printf_float
 .text._printf_common
                0x20001ef8      0x174 c:/isis/application/toolchain/bin/../lib/gcc/arm-none-eabi/4.7.4/../../../../arm-none-eabi/lib\libc_s.a(lib_a-vfprintf_i.o)
                0x20001ef8                _printf_common
 .text._printf_i
                0x2000206c      0x3c4 c:/isis/application/toolchain/bin/../lib/gcc/arm-none-eabi/4.7.4/../../../../arm-none-eabi/lib\libc_s.a(lib_a-vfprintf_i.o)
                0x2000206c                _printf_i
 .text._scanf_float
                0x20002430      0x5f4 c:/isis/application/toolchain/bin/../lib/gcc/arm-none-eabi/4.7.4/../../../../arm-none-eabi/lib\libc_s.a(lib_a-vfscanf_float.o)
                0x20002430                _scanf_float
 .text.quorem   0x20002a24      0x1ac c:/isis/application/toolchain/bin/../lib/gcc/arm-none-eabi/4.7.4/../../../../arm-none-eabi/lib\libc_s.a(lib_a-dtoa.o)
 .text._dtoa_r  0x20002bd0     0x1268 c:/isis/application/toolchain/bin/../lib/gcc/arm-none-eabi/4.7.4/../../../../arm-none-eabi/lib\libc_s.a(lib_a-dtoa.o)
                0x20002bd0                _dtoa_r
 .text._localeconv_r
                0x20003e38        0xc c:/isis/application/toolchain/bin/../lib/gcc/arm-none-eabi/4.7.4/../../../../arm-none-eabi/lib\libc_s.a(lib_a-locale.o)
                0x20003e38                _localeconv_r
 .text.malloc   0x20003e44       0x20 c:/isis/application/toolchain/bin/../lib/gcc/arm-none-eabi/4.7.4/../../../../arm-none-eabi/lib\libc_s.a(lib_a-malloc.o)
                0x20003e44                malloc
 .text.free     0x20003e64       0x20 c:/isis/application/toolchain/bin/../lib/gcc/arm-none-eabi/4.7.4/../../../../arm-none-eabi/lib\libc_s.a(lib_a-malloc.o)
                0x20003e64                free
 .text._malloc_r
                0x20003e84       0xfc c:/isis/application/toolchain/bin/../lib/gcc/arm-none-eabi/4.7.4/../../../../arm-none-eabi/lib\libc_s.a(lib_a-mallocr.o)
                0x20003e84                _malloc_r
 .text.memcpy   0x20003f80       0x20 c:/isis/application/toolchain/bin/../lib/gcc/arm-none-eabi/4.7.4/../../../../arm-none-eabi/lib\libc_s.a(lib_a-memcpy.o)
                0x20003f80                memcpy
 .text._Balloc  0x20003fa0       0xcc c:/isis/application/toolchain/bin/../lib/gcc/arm-none-eabi/4.7.4/../../../../arm-none-eabi/lib\libc_s.a(lib_a-mprec.o)
                0x20003fa0                _Balloc
 .text._Bfree   0x2000406c       0x5c c:/isis/application/toolchain/bin/../lib/gcc/arm-none-eabi/4.7.4/../../../../arm-none-eabi/lib\libc_s.a(lib_a-mprec.o)
                0x2000406c                _Bfree
 .text.__multadd
                0x200040c8       0xbc c:/isis/application/toolchain/bin/../lib/gcc/arm-none-eabi/4.7.4/../../../../arm-none-eabi/lib\libc_s.a(lib_a-mprec.o)
                0x200040c8                __multadd
 .text.__s2b    0x20004184       0xd8 c:/isis/application/toolchain/bin/../lib/gcc/arm-none-eabi/4.7.4/../../../../arm-none-eabi/lib\libc_s.a(lib_a-mprec.o)
                0x20004184                __s2b
 .text.__hi0bits
                0x2000425c       0x58 c:/isis/application/toolchain/bin/../lib/gcc/arm-none-eabi/4.7.4/../../../../arm-none-eabi/lib\libc_s.a(lib_a-mprec.o)
                0x2000425c                __hi0bits
 .text.__lo0bits
                0x200042b4       0x94 c:/isis/application/toolchain/bin/../lib/gcc/arm-none-eabi/4.7.4/../../../../arm-none-eabi/lib\libc_s.a(lib_a-mprec.o)
                0x200042b4                __lo0bits
 .text.__i2b    0x20004348       0x24 c:/isis/application/toolchain/bin/../lib/gcc/arm-none-eabi/4.7.4/../../../../arm-none-eabi/lib\libc_s.a(lib_a-mprec.o)
                0x20004348                __i2b
 .text.__multiply
                0x2000436c      0x1ac c:/isis/application/toolchain/bin/../lib/gcc/arm-none-eabi/4.7.4/../../../../arm-none-eabi/lib\libc_s.a(lib_a-mprec.o)
                0x2000436c                __multiply
 .text.__pow5mult
                0x20004518      0x10c c:/isis/application/toolchain/bin/../lib/gcc/arm-none-eabi/4.7.4/../../../../arm-none-eabi/lib\libc_s.a(lib_a-mprec.o)
                0x20004518                __pow5mult
 .text.__lshift
                0x20004624       0xf0 c:/isis/application/toolchain/bin/../lib/gcc/arm-none-eabi/4.7.4/../../../../arm-none-eabi/lib\libc_s.a(lib_a-mprec.o)
                0x20004624                __lshift
 .text.__mcmp   0x20004714       0x60 c:/isis/application/toolchain/bin/../lib/gcc/arm-none-eabi/4.7.4/../../../../arm-none-eabi/lib\libc_s.a(lib_a-mprec.o)
                0x20004714                __mcmp
 .text.__mdiff  0x20004774      0x128 c:/isis/application/toolchain/bin/../lib/gcc/arm-none-eabi/4.7.4/../../../../arm-none-eabi/lib\libc_s.a(lib_a-mprec.o)
                0x20004774                __mdiff
 .text.__ulp    0x2000489c       0x5c c:/isis/application/toolchain/bin/../lib/gcc/arm-none-eabi/4.7.4/../../../../arm-none-eabi/lib\libc_s.a(lib_a-mprec.o)
                0x2000489c                __ulp
 .text.__b2d    0x200048f8       0xc8 c:/isis/application/toolchain/bin/../lib/gcc/arm-none-eabi/4.7.4/../../../../arm-none-eabi/lib\libc_s.a(lib_a-mprec.o)
                0x200048f8                __b2d
 .text.__d2b    0x200049c0       0xfc c:/isis/application/toolchain/bin/../lib/gcc/arm-none-eabi/4.7.4/../../../../arm-none-eabi/lib\libc_s.a(lib_a-mprec.o)
                0x200049c0                __d2b
 .text.__ratio  0x20004abc       0x70 c:/isis/application/toolchain/bin/../lib/gcc/arm-none-eabi/4.7.4/../../../../arm-none-eabi/lib\libc_s.a(lib_a-mprec.o)
                0x20004abc                __ratio
 .text.__copybits
                0x20004b2c       0x4c c:/isis/application/toolchain/bin/../lib/gcc/arm-none-eabi/4.7.4/../../../../arm-none-eabi/lib\libc_s.a(lib_a-mprec.o)
                0x20004b2c                __copybits
 .text.__any_on
                0x20004b78       0x7c c:/isis/application/toolchain/bin/../lib/gcc/arm-none-eabi/4.7.4/../../../../arm-none-eabi/lib\libc_s.a(lib_a-mprec.o)
                0x20004b78                __any_on
 .text.__fpclassifyd
                0x20004bf4       0x6c c:/isis/application/toolchain/bin/../lib/gcc/arm-none-eabi/4.7.4/../../../../arm-none-eabi/lib\libc_s.a(lib_a-s_fpclassify.o)
                0x20004bf4                __fpclassifyd
 .text._sbrk_r  0x20004c60       0x3c c:/isis/application/toolchain/bin/../lib/gcc/arm-none-eabi/4.7.4/../../../../arm-none-eabi/lib\libc_s.a(lib_a-sbrkr.o)
                0x20004c60                _sbrk_r
 .text.nanf     0x20004c9c        0xc c:/isis/application/toolchain/bin/../lib/gcc/arm-none-eabi/4.7.4/../../../../arm-none-eabi/lib\libc_s.a(lib_a-sf_nan.o)
                0x20004c9c                nanf
 .text.sprintf  0x20004ca8       0x6c c:/isis/application/toolchain/bin/../lib/gcc/arm-none-eabi/4.7.4/../../../../arm-none-eabi/lib\libc_s.a(lib_a-sprintf.o)
                0x20004ca8                siprintf
                0x20004ca8                sprintf
 .text.strcmp   0x20004d14       0x1c c:/isis/application/toolchain/bin/../lib/gcc/arm-none-eabi/4.7.4/../../../../arm-none-eabi/lib\libc_s.a(lib_a-strcmp.o)
                0x20004d14                strcmp
 .text.strlen   0x20004d30       0x1c c:/isis/application/toolchain/bin/../lib/gcc/arm-none-eabi/4.7.4/../../../../arm-none-eabi/lib\libc_s.a(lib_a-strlen.o)
                0x20004d30                strlen
 .text.match    0x20004d4c       0x54 c:/isis/application/toolchain/bin/../lib/gcc/arm-none-eabi/4.7.4/../../../../arm-none-eabi/lib\libc_s.a(lib_a-strtod.o)
 .text._strtod_r
                0x20004da0     0x1168 c:/isis/application/toolchain/bin/../lib/gcc/arm-none-eabi/4.7.4/../../../../arm-none-eabi/lib\libc_s.a(lib_a-strtod.o)
                0x20004da0                _strtod_r
 .text._strtol_r
                0x20005f08      0x1b8 c:/isis/application/toolchain/bin/../lib/gcc/arm-none-eabi/4.7.4/../../../../arm-none-eabi/lib\libc_s.a(lib_a-strtol.o)
                0x20005f08                _strtol_r
 .text.__ssputc_r
                0x200060c0      0x10c c:/isis/application/toolchain/bin/../lib/gcc/arm-none-eabi/4.7.4/../../../../arm-none-eabi/lib\libc_s.a(lib_a-svfprintf.o)
                0x200060c0                __ssputc_r
 .text._svfprintf_r
                0x200061cc      0x328 c:/isis/application/toolchain/bin/../lib/gcc/arm-none-eabi/4.7.4/../../../../arm-none-eabi/lib\libc_s.a(lib_a-svfprintf.o)
                0x200061cc                _svfiprintf_r
                0x200061cc                _svfprintf_r
 .text._calloc_r
                0x200064f4       0x2c c:/isis/application/toolchain/bin/../lib/gcc/arm-none-eabi/4.7.4/../../../../arm-none-eabi/lib\libc_s.a(lib_a-callocr.o)
                0x200064f4                _calloc_r
 .text._free_r  0x20006520      0x108 c:/isis/application/toolchain/bin/../lib/gcc/arm-none-eabi/4.7.4/../../../../arm-none-eabi/lib\libc_s.a(lib_a-freer.o)
                0x20006520                _free_r
 .text.rshift   0x20006628       0xb0 c:/isis/application/toolchain/bin/../lib/gcc/arm-none-eabi/4.7.4/../../../../arm-none-eabi/lib\libc_s.a(lib_a-gdtoa-gethex.o)
 .text.htinit.constprop.0
                0x200066d8       0x34 c:/isis/application/toolchain/bin/../lib/gcc/arm-none-eabi/4.7.4/../../../../arm-none-eabi/lib\libc_s.a(lib_a-gdtoa-gethex.o)
 .text.__hexdig_init
                0x2000670c       0x38 c:/isis/application/toolchain/bin/../lib/gcc/arm-none-eabi/4.7.4/../../../../arm-none-eabi/lib\libc_s.a(lib_a-gdtoa-gethex.o)
                0x2000670c                __hexdig_init
 .text.__gethex
                0x20006744      0x6cc c:/isis/application/toolchain/bin/../lib/gcc/arm-none-eabi/4.7.4/../../../../arm-none-eabi/lib\libc_s.a(lib_a-gdtoa-gethex.o)
                0x20006744                __gethex
 .text.L_shift  0x20006e10       0x38 c:/isis/application/toolchain/bin/../lib/gcc/arm-none-eabi/4.7.4/../../../../arm-none-eabi/lib\libc_s.a(lib_a-gdtoa-hexnan.o)
 .text.__hexnan
                0x20006e48      0x1d8 c:/isis/application/toolchain/bin/../lib/gcc/arm-none-eabi/4.7.4/../../../../arm-none-eabi/lib\libc_s.a(lib_a-gdtoa-hexnan.o)
                0x20006e48                __hexnan
 .text.memchr   0x20007020       0x34 c:/isis/application/toolchain/bin/../lib/gcc/arm-none-eabi/4.7.4/../../../../arm-none-eabi/lib\libc_s.a(lib_a-memchr.o)
                0x20007020                memchr
 .text.memset   0x20007054       0x1c c:/isis/application/toolchain/bin/../lib/gcc/arm-none-eabi/4.7.4/../../../../arm-none-eabi/lib\libc_s.a(lib_a-memset.o)
                0x20007054                memset
 .text._realloc_r
                0x20007070       0x80 c:/isis/application/toolchain/bin/../lib/gcc/arm-none-eabi/4.7.4/../../../../arm-none-eabi/lib\libc_s.a(lib_a-reallocr.o)
                0x20007070                _realloc_r
 .text.strncmp  0x200070f0       0x64 c:/isis/application/toolchain/bin/../lib/gcc/arm-none-eabi/4.7.4/../../../../arm-none-eabi/lib\libc_s.a(lib_a-strncmp.o)
                0x200070f0                strncmp
 .text._malloc_usable_size_r
                0x20007154       0x1c c:/isis/application/toolchain/bin/../lib/gcc/arm-none-eabi/4.7.4/../../../../arm-none-eabi/lib\libc_s.a(lib_a-msizer.o)
                0x20007154                _malloc_usable_size_r
 .text.cmd_error
                0x20007170       0x38 ./src/sub-systemCode/Main/CMD/COMM_CMD.o
                0x20007170                cmd_error
 .text.cmd_mute
                0x200071a8       0xc4 ./src/sub-systemCode/Main/CMD/COMM_CMD.o
                0x200071a8                cmd_mute
 .text.cmd_unmute
                0x2000726c       0x4c ./src/sub-systemCode/Main/CMD/COMM_CMD.o
                0x2000726c                cmd_unmute
 .text.cmd_active_trans
                0x200072b8       0xc0 ./src/sub-systemCode/Main/CMD/COMM_CMD.o
                0x200072b8                cmd_active_trans
 .text.cmd_shut_trans
                0x20007378       0x38 ./src/sub-systemCode/Main/CMD/COMM_CMD.o
                0x20007378                cmd_shut_trans
 .text.cmd_change_trans_rssi
                0x200073b0       0xb8 ./src/sub-systemCode/Main/CMD/COMM_CMD.o
                0x200073b0                cmd_change_trans_rssi
 .text.cmd_aprs_dump
                0x20007468       0x50 ./src/sub-systemCode/Main/CMD/COMM_CMD.o
                0x20007468                cmd_aprs_dump
 .text.cmd_stop_dump
                0x200074b8       0x38 ./src/sub-systemCode/Main/CMD/COMM_CMD.o
                0x200074b8                cmd_stop_dump
 .text.cmd_time_frequency
                0x200074f0       0xc0 ./src/sub-systemCode/Main/CMD/COMM_CMD.o
                0x200074f0                cmd_time_frequency
 .text.cmd_upload_volt_logic
                0x200075b0      0x3d0 ./src/sub-systemCode/Main/CMD/EPS_CMD.o
                0x200075b0                cmd_upload_volt_logic
 .text.cmd_upload_volt_COMM
                0x20007980      0x1c8 ./src/sub-systemCode/Main/CMD/EPS_CMD.o
                0x20007980                cmd_upload_volt_COMM
 .text.cmd_heater_temp
                0x20007b48       0xc0 ./src/sub-systemCode/Main/CMD/EPS_CMD.o
                0x20007b48                cmd_heater_temp
 .text.cmd_SHUT_CAM
                0x20007c08       0x6c ./src/sub-systemCode/Main/CMD/EPS_CMD.o
                0x20007c08                cmd_SHUT_CAM
 .text.cmd_SHUT_ADCS
                0x20007c74       0x6c ./src/sub-systemCode/Main/CMD/EPS_CMD.o
                0x20007c74                cmd_SHUT_ADCS
 .text.cmd_allow_CAM
                0x20007ce0       0x6c ./src/sub-systemCode/Main/CMD/EPS_CMD.o
                0x20007ce0                cmd_allow_CAM
 .text.cmd_allow_ADCS
                0x20007d4c       0x6c ./src/sub-systemCode/Main/CMD/EPS_CMD.o
                0x20007d4c                cmd_allow_ADCS
 .text.cmd_generic_I2C
                0x20007db8       0xb4 ./src/sub-systemCode/Main/CMD/General_CMD.o
                0x20007db8                cmd_generic_I2C
 .text.cmd_dump
                0x20007e6c       0xf0 ./src/sub-systemCode/Main/CMD/General_CMD.o
                0x20007e6c                cmd_dump
 .text.cmd_delete_TM
                0x20007f5c      0x1dc ./src/sub-systemCode/Main/CMD/General_CMD.o
                0x20007f5c                cmd_delete_TM
 .text.cmd_reset_file
                0x20008138      0x110 ./src/sub-systemCode/Main/CMD/General_CMD.o
                0x20008138                cmd_reset_file
 .text.cmd_dummy_func
                0x20008248       0x40 ./src/sub-systemCode/Main/CMD/General_CMD.o
                0x20008248                cmd_dummy_func
 .text.cmd_soft_reset_cmponent
                0x20008288       0xb0 ./src/sub-systemCode/Main/CMD/General_CMD.o
                0x20008288                cmd_soft_reset_cmponent
 .text.cmd_hard_reset_cmponent
                0x20008338       0xb0 ./src/sub-systemCode/Main/CMD/General_CMD.o
                0x20008338                cmd_hard_reset_cmponent
 .text.cmd_reset_satellite
                0x200083e8       0x78 ./src/sub-systemCode/Main/CMD/General_CMD.o
                0x200083e8                cmd_reset_satellite
 .text.cmd_gracefull_reset_satellite
                0x20008460       0x78 ./src/sub-systemCode/Main/CMD/General_CMD.o
                0x20008460                cmd_gracefull_reset_satellite
 .text.cmd_upload_time
                0x200084d8       0xb0 ./src/sub-systemCode/Main/CMD/General_CMD.o
                0x200084d8                cmd_upload_time
 .text.cmd_ARM_DIARM
                0x20008588       0xd4 ./src/sub-systemCode/Main/CMD/General_CMD.o
                0x20008588                cmd_ARM_DIARM
 .text.cmd_reset_delayed_command_list
                0x2000865c       0x3c ./src/sub-systemCode/Main/CMD/SW_CMD.o
                0x2000865c                cmd_reset_delayed_command_list
 .text.cmd_reset_APRS_list
                0x20008698       0x3c ./src/sub-systemCode/Main/CMD/SW_CMD.o
                0x20008698                cmd_reset_APRS_list
 .text.cmd_reset_FRAM
                0x200086d4       0xe8 ./src/sub-systemCode/Main/CMD/SW_CMD.o
                0x200086d4                cmd_reset_FRAM
 .text.ARM_ants
                0x200087bc       0xb8 ./src/sub-systemCode/Main/Ants.o
                0x200087bc                ARM_ants
 .text.DISARM_ants
                0x20008874       0xb8 ./src/sub-systemCode/Main/Ants.o
                0x20008874                DISARM_ants
 .text.round_vol
                0x2000892c      0x124 ./src/sub-systemCode/Main/EPS.o
                0x2000892c                round_vol
 .text.get_shut_ADCS
                0x20008a50       0x48 ./src/sub-systemCode/Main/EPS.o
                0x20008a50                get_shut_ADCS
 .text.shut_ADCS
                0x20008a98       0x44 ./src/sub-systemCode/Main/EPS.o
                0x20008a98                shut_ADCS
 .text.get_shut_CAM
                0x20008adc       0x48 ./src/sub-systemCode/Main/EPS.o
                0x20008adc                get_shut_CAM
 .text.shut_CAM
                0x20008b24       0x44 ./src/sub-systemCode/Main/EPS.o
                0x20008b24                shut_CAM
 .text.update_powerLines
                0x20008b68       0xec ./src/sub-systemCode/Main/EPS.o
                0x20008b68                update_powerLines
 .text.init_enterMode
                0x20008c54       0x88 ./src/sub-systemCode/Main/EPS.o
                0x20008c54                init_enterMode
 .text.EPS_Init
                0x20008cdc      0x1c8 ./src/sub-systemCode/Main/EPS.o
                0x20008cdc                EPS_Init
 .text.reset_FRAM_EPS
                0x20008ea4       0xa4 ./src/sub-systemCode/Main/EPS.o
                0x20008ea4                reset_FRAM_EPS
 .text.reset_EPS_voltages
                0x20008f48       0xbc ./src/sub-systemCode/Main/EPS.o
                0x20008f48                reset_EPS_voltages
 .text.battery_downward
                0x20009004      0x114 ./src/sub-systemCode/Main/EPS.o
                0x20009004                battery_downward
 .text.battery_upward
                0x20009118      0x120 ./src/sub-systemCode/Main/EPS.o
                0x20009118                battery_upward
 .text.EPS_Conditioning
                0x20009238      0x1a4 ./src/sub-systemCode/Main/EPS.o
                0x20009238                EPS_Conditioning
 .text.overRide_ADCS
                0x200093dc       0x50 ./src/sub-systemCode/Main/EPS.o
                0x200093dc                overRide_ADCS
 .text.overRide_Camera
                0x2000942c       0x38 ./src/sub-systemCode/Main/EPS.o
                0x2000942c                overRide_Camera
 .text.EnterFullMode
                0x20009464       0xfc ./src/sub-systemCode/Main/EPS.o
                0x20009464                EnterFullMode
 .text.EnterCruiseMode
                0x20009560       0xec ./src/sub-systemCode/Main/EPS.o
                0x20009560                EnterCruiseMode
 .text.EnterSafeMode
                0x2000964c       0xec ./src/sub-systemCode/Main/EPS.o
                0x2000964c                EnterSafeMode
 .text.EnterCriticalMode
                0x20009738       0xd8 ./src/sub-systemCode/Main/EPS.o
                0x20009738                EnterCriticalMode
 .text.find_fileName
                0x20009810      0x59c ./src/sub-systemCode/Main/HouseKeeping.o
                0x20009810                find_fileName
 .text.size_of_element
                0x20009dac       0xd4 ./src/sub-systemCode/Main/HouseKeeping.o
                0x20009dac                size_of_element
 .text.save_ACK
                0x20009e80       0xa0 ./src/sub-systemCode/Main/HouseKeeping.o
                0x20009e80                save_ACK
 .text.set_GP_EPS
                0x20009f20      0x10c ./src/sub-systemCode/Main/HouseKeeping.o
                0x20009f20                set_GP_EPS
 .text.set_GP_COMM
                0x2000a02c       0x88 ./src/sub-systemCode/Main/HouseKeeping.o
                0x2000a02c                set_GP_COMM
 .text.SP_HK_collect
                0x2000a0b4      0x17c ./src/sub-systemCode/Main/HouseKeeping.o
                0x2000a0b4                SP_HK_collect
 .text.EPS_HK_collect
                0x2000a230      0x4d8 ./src/sub-systemCode/Main/HouseKeeping.o
                0x2000a230                EPS_HK_collect
 .text.CAM_HK_collect
                0x2000a708      0x91c ./src/sub-systemCode/Main/HouseKeeping.o
                0x2000a708                CAM_HK_collect
 .text.COMM_HK_collect
                0x2000b024      0x154 ./src/sub-systemCode/Main/HouseKeeping.o
                0x2000b024                COMM_HK_collect
 .text.COMM_create_file
                0x2000b178       0x74 ./src/sub-systemCode/Main/HouseKeeping.o
                0x2000b178                COMM_create_file
 .text.ACK_create_file
                0x2000b1ec       0x74 ./src/sub-systemCode/Main/HouseKeeping.o
                0x2000b1ec                ACK_create_file
 .text.EPS_create_file
                0x2000b260       0x74 ./src/sub-systemCode/Main/HouseKeeping.o
                0x2000b260                EPS_create_file
 .text.CAM_create_file
                0x2000b2d4       0x54 ./src/sub-systemCode/Main/HouseKeeping.o
                0x2000b2d4                CAM_create_file
 .text.SP_create_file
                0x2000b328       0x54 ./src/sub-systemCode/Main/HouseKeeping.o
                0x2000b328                SP_create_file
 .text.create_files
                0x2000b37c       0x48 ./src/sub-systemCode/Main/HouseKeeping.o
                0x2000b37c                create_files
 .text.save_SP_HK
                0x2000b3c4       0x70 ./src/sub-systemCode/Main/HouseKeeping.o
                0x2000b3c4                save_SP_HK
 .text.save_EPS_HK
                0x2000b434       0x70 ./src/sub-systemCode/Main/HouseKeeping.o
                0x2000b434                save_EPS_HK
 .text.save_CAM_HK
                0x2000b4a4       0x84 ./src/sub-systemCode/Main/HouseKeeping.o
                0x2000b4a4                save_CAM_HK
 .text.save_COMM_HK
                0x2000b528       0x70 ./src/sub-systemCode/Main/HouseKeeping.o
                0x2000b528                save_COMM_HK
 .text.EPS_HK_raw_BigEnE
                0x2000b598      0x194 ./src/sub-systemCode/Main/HouseKeeping.o
                0x2000b598                EPS_HK_raw_BigEnE
 .text.CAM_HK_raw_BigEnE
                0x2000b72c      0x194 ./src/sub-systemCode/Main/HouseKeeping.o
                0x2000b72c                CAM_HK_raw_BigEnE
 .text.COMM_HK_raw_BigEnE
                0x2000b8c0      0x194 ./src/sub-systemCode/Main/HouseKeeping.o
                0x2000b8c0                COMM_HK_raw_BigEnE
 .text.ADCS_HK_raw_BigEnE
                0x2000ba54      0x194 ./src/sub-systemCode/Main/HouseKeeping.o
                0x2000ba54                ADCS_HK_raw_BigEnE
 .text.ADCS_SC_raw_BigEnE
                0x2000bbe8      0x188 ./src/sub-systemCode/Main/HouseKeeping.o
                0x2000bbe8                ADCS_SC_raw_BigEnE
 .text.build_HK_spl_packet
                0x2000bd70      0x990 ./src/sub-systemCode/Main/HouseKeeping.o
                0x2000bd70                build_HK_spl_packet
 .text.HouseKeeping_highRate_Task
                0x2000c700       0x60 ./src/sub-systemCode/Main/HouseKeeping.o
                0x2000c700                HouseKeeping_highRate_Task
 .text.HouseKeeping_lowRate_Task
                0x2000c760       0x5c ./src/sub-systemCode/Main/HouseKeeping.o
                0x2000c760                HouseKeeping_lowRate_Task
 .text.test_menu
                0x2000c7bc       0xd8 ./src/sub-systemCode/Main/Main_Init.o
                0x2000c7bc                test_menu
 .text.numberOfRestarts
                0x2000c894       0x94 ./src/sub-systemCode/Main/Main_Init.o
                0x2000c894                numberOfRestarts
 .text.StartFRAM
                0x2000c928       0x38 ./src/sub-systemCode/Main/Main_Init.o
                0x2000c928                StartFRAM
 .text.StartI2C
                0x2000c960       0x44 ./src/sub-systemCode/Main/Main_Init.o
                0x2000c960                StartI2C
 .text.StartSPI
                0x2000c9a4       0x40 ./src/sub-systemCode/Main/Main_Init.o
                0x2000c9a4                StartSPI
 .text.StartTIME
                0x2000c9e4      0x118 ./src/sub-systemCode/Main/Main_Init.o
                0x2000c9e4                StartTIME
 .text.first_activation
                0x2000cafc       0x78 ./src/sub-systemCode/Main/Main_Init.o
                0x2000cafc                first_activation
 .text.InitSubsystems
                0x2000cb74       0x64 ./src/sub-systemCode/Main/Main_Init.o
                0x2000cb74                InitSubsystems
 .text.SubSystemTaskStart
                0x2000cbd8       0xe8 ./src/sub-systemCode/Main/Main_Init.o
                0x2000cbd8                SubSystemTaskStart
 .text.copy_command
                0x2000ccc0       0x80 ./src/sub-systemCode/Main/commands.o
                0x2000ccc0                copy_command
 .text.reset_command
                0x2000cd40       0x28 ./src/sub-systemCode/Main/commands.o
                0x2000cd40                reset_command
 .text.init_command
                0x2000cd68       0xd4 ./src/sub-systemCode/Main/commands.o
                0x2000cd68                init_command
 .text.add_command
                0x2000ce3c      0x138 ./src/sub-systemCode/Main/commands.o
                0x2000ce3c                add_command
 .text.get_command
                0x2000cf74      0x1cc ./src/sub-systemCode/Main/commands.o
                0x2000cf74                get_command
 .text.act_upon_command
                0x2000d140      0x200 ./src/sub-systemCode/Main/commands.o
                0x2000d140                act_upon_command
 .text.AUC_COMM
                0x2000d340      0x200 ./src/sub-systemCode/Main/commands.o
                0x2000d340                AUC_COMM
 .text.AUC_general
                0x2000d540      0x17c ./src/sub-systemCode/Main/commands.o
                0x2000d540                AUC_general
 .text.AUC_payload
                0x2000d6bc      0x110 ./src/sub-systemCode/Main/commands.o
                0x2000d6bc                AUC_payload
 .text.AUC_EPS  0x2000d7cc      0x248 ./src/sub-systemCode/Main/commands.o
                0x2000d7cc                AUC_EPS
 .text.AUC_ADCS
                0x2000da14       0x5c ./src/sub-systemCode/Main/commands.o
                0x2000da14                AUC_ADCS
 .text.AUC_GS   0x2000da70      0x1fc ./src/sub-systemCode/Main/commands.o
                0x2000da70                AUC_GS
 .text.AUC_SW   0x2000dc6c       0xe4 ./src/sub-systemCode/Main/commands.o
                0x2000dc6c                AUC_SW
 .text.AUC_special_operation
                0x2000dd50       0x8c ./src/sub-systemCode/Main/commands.o
                0x2000dd50                AUC_special_operation
 .text.check_int
                0x2000dddc       0x3c ./src/sub-systemCode/Global/Global.o
                0x2000dddc                check_int
 .text.check_portBASE_TYPE
                0x2000de18       0x3c ./src/sub-systemCode/Global/Global.o
                0x2000de18                check_portBASE_TYPE
 .text.soft_reset_subsystem
                0x2000de54       0xd8 ./src/sub-systemCode/Global/Global.o
                0x2000de54                soft_reset_subsystem
 .text.hard_reset_subsystem
                0x2000df2c       0xfc ./src/sub-systemCode/Global/Global.o
                0x2000df2c                hard_reset_subsystem
 .text.BigEnE_raw_to_uInt
                0x2000e028       0x94 ./src/sub-systemCode/Global/Global.o
                0x2000e028                BigEnE_raw_to_uInt
 .text.BigEnE_raw_to_uShort
                0x2000e0bc       0x50 ./src/sub-systemCode/Global/Global.o
                0x2000e0bc                BigEnE_raw_to_uShort
 .text.BigEnE_uInt_to_raw
                0x2000e10c       0x78 ./src/sub-systemCode/Global/Global.o
                0x2000e10c                BigEnE_uInt_to_raw
 .text.reset_FRAM_MAIN
                0x2000e184      0x19c ./src/sub-systemCode/Global/Global.o
                0x2000e184                reset_FRAM_MAIN
 .text.init_GP  0x2000e320      0x300 ./src/sub-systemCode/Global/GlobalParam.o
                0x2000e320                init_GP
 .text.get_system_state
                0x2000e620      0x268 ./src/sub-systemCode/Global/GlobalParam.o
                0x2000e620                get_system_state
 .text.set_system_state
                0x2000e888      0x298 ./src/sub-systemCode/Global/GlobalParam.o
                0x2000e888                set_system_state
 .text.get_current_global_param
                0x2000eb20      0x5c8 ./src/sub-systemCode/Global/GlobalParam.o
                0x2000eb20                get_current_global_param
 .text.set_Vbatt
                0x2000f0e8       0x8c ./src/sub-systemCode/Global/GlobalParam.o
                0x2000f0e8                set_Vbatt
 .text.get_Vbatt
                0x2000f174       0x8c ./src/sub-systemCode/Global/GlobalParam.o
                0x2000f174                get_Vbatt
 .text.set_curBat
                0x2000f200       0x8c ./src/sub-systemCode/Global/GlobalParam.o
                0x2000f200                set_curBat
 .text.set_cur3V3
                0x2000f28c       0x8c ./src/sub-systemCode/Global/GlobalParam.o
                0x2000f28c                set_cur3V3
 .text.set_cur5V
                0x2000f318       0x8c ./src/sub-systemCode/Global/GlobalParam.o
                0x2000f318                set_cur5V
 .text.set_tempComm_LO
                0x2000f3a4       0x8c ./src/sub-systemCode/Global/GlobalParam.o
                0x2000f3a4                set_tempComm_LO
 .text.set_tempComm_PA
                0x2000f430       0x8c ./src/sub-systemCode/Global/GlobalParam.o
                0x2000f430                set_tempComm_PA
 .text.set_tempEPS
                0x2000f4bc       0xc8 ./src/sub-systemCode/Global/GlobalParam.o
                0x2000f4bc                set_tempEPS
 .text.set_tempBatt
                0x2000f584       0xc8 ./src/sub-systemCode/Global/GlobalParam.o
                0x2000f584                set_tempBatt
 .text.set_RxDoppler
                0x2000f64c       0x8c ./src/sub-systemCode/Global/GlobalParam.o
                0x2000f64c                set_RxDoppler
 .text.set_RxRSSI
                0x2000f6d8       0x8c ./src/sub-systemCode/Global/GlobalParam.o
                0x2000f6d8                set_RxRSSI
 .text.set_TxRefl
                0x2000f764       0x8c ./src/sub-systemCode/Global/GlobalParam.o
                0x2000f764                set_TxRefl
 .text.set_TxForw
                0x2000f7f0       0x8c ./src/sub-systemCode/Global/GlobalParam.o
                0x2000f7f0                set_TxForw
 .text.get_ST   0x2000f87c       0x8c ./src/sub-systemCode/Global/GlobalParam.o
                0x2000f87c                get_ST
 .text.set_numOfAPRS
                0x2000f908       0x8c ./src/sub-systemCode/Global/GlobalParam.o
                0x2000f908                set_numOfAPRS
 .text.set_numOfDelayedCommand
                0x2000f994       0x8c ./src/sub-systemCode/Global/GlobalParam.o
                0x2000f994                set_numOfDelayedCommand
 .text.set_numOfResets
                0x2000fa20       0xac ./src/sub-systemCode/Global/GlobalParam.o
                0x2000fa20                set_numOfResets
 .text.set_ground_conn
                0x2000facc       0xa0 ./src/sub-systemCode/Global/GlobalParam.o
                0x2000facc                set_ground_conn
 .text.get_ground_conn
                0x2000fb6c       0xa0 ./src/sub-systemCode/Global/GlobalParam.o
                0x2000fb6c                get_ground_conn
 .text.delete_allTMFilesFromSD
                0x2000fc0c       0xf8 ./src/sub-systemCode/Global/TM_managment.o
                0x2000fc0c                delete_allTMFilesFromSD
 .text.getNumOfFilesInFS
                0x2000fd04       0x44 ./src/sub-systemCode/Global/TM_managment.o
 .text.setNumOfFilesInFS
                0x2000fd48       0x50 ./src/sub-systemCode/Global/TM_managment.o
 .text.InitializeFS
                0x2000fd98      0x174 ./src/sub-systemCode/Global/TM_managment.o
                0x2000fd98                InitializeFS
 .text.c_fileCreate
                0x2000ff0c       0xf4 ./src/sub-systemCode/Global/TM_managment.o
                0x2000ff0c                c_fileCreate
 .text.writewithEpochtime
                0x20010000       0x9c ./src/sub-systemCode/Global/TM_managment.o
 .text.get_C_FILE_struct
                0x2001009c      0x104 ./src/sub-systemCode/Global/TM_managment.o
 .text.getFileIndex
                0x200101a0       0x4c ./src/sub-systemCode/Global/TM_managment.o
 .text.get_file_name_by_index
                0x200101ec       0x54 ./src/sub-systemCode/Global/TM_managment.o
                0x200101ec                get_file_name_by_index
 .text.c_fileReset
                0x20010240       0xbc ./src/sub-systemCode/Global/TM_managment.o
                0x20010240                c_fileReset
 .text.c_fileWrite
                0x200102fc      0x11c ./src/sub-systemCode/Global/TM_managment.o
                0x200102fc                c_fileWrite
 .text.c_fileRead
                0x20010418      0x28c ./src/sub-systemCode/Global/TM_managment.o
                0x20010418                c_fileRead
 .text.reset_APRS_list
                0x200106a4       0xa4 ./src/sub-systemCode/COMM/APRS.o
                0x200106a4                reset_APRS_list
 .text.send_APRS_Dump
                0x20010748      0x1c4 ./src/sub-systemCode/COMM/APRS.o
                0x20010748                send_APRS_Dump
 .text.check_APRS
                0x2001090c      0x1a4 ./src/sub-systemCode/COMM/APRS.o
                0x2001090c                check_APRS
 .text.get_APRS_list
                0x20010ab0       0x88 ./src/sub-systemCode/COMM/APRS.o
                0x20010ab0                get_APRS_list
 .text.find_CMD_in_list
                0x20010b38       0x7c ./src/sub-systemCode/COMM/DelayedCommand_list.o
                0x20010b38                find_CMD_in_list
 .text.find_empty_in_list
                0x20010bb4       0x74 ./src/sub-systemCode/COMM/DelayedCommand_list.o
                0x20010bb4                find_empty_in_list
 .text.check_delayCommandTime
                0x20010c28       0x8c ./src/sub-systemCode/COMM/DelayedCommand_list.o
                0x20010c28                check_delayCommandTime
 .text.execute_delayedCommand
                0x20010cb4       0x64 ./src/sub-systemCode/COMM/DelayedCommand_list.o
                0x20010cb4                execute_delayedCommand
 .text.check_delaycommand
                0x20010d18      0x17c ./src/sub-systemCode/COMM/DelayedCommand_list.o
                0x20010d18                check_delaycommand
 .text.reset_delayCommand
                0x20010e94       0x8c ./src/sub-systemCode/COMM/DelayedCommand_list.o
                0x20010e94                reset_delayCommand
 .text.add_delayCommand
                0x20010f20      0x1a4 ./src/sub-systemCode/COMM/DelayedCommand_list.o
                0x20010f20                add_delayCommand
 .text.get_delayCommand_list
                0x200110c4       0x80 ./src/sub-systemCode/COMM/DelayedCommand_list.o
                0x200110c4                get_delayCommand_list
 .text.EmptyOldestCommand
                0x20011144       0xfc ./src/sub-systemCode/COMM/DelayedCommand_list.o
                0x20011144                EmptyOldestCommand
 .text.decode_TCpacket
                0x20011240      0x16c ./src/sub-systemCode/COMM/GSC.o
                0x20011240                decode_TCpacket
 .text.encode_TCpacket
                0x200113ac      0x114 ./src/sub-systemCode/COMM/GSC.o
                0x200113ac                encode_TCpacket
 .text.encode_TMpacket
                0x200114c0      0x104 ./src/sub-systemCode/COMM/GSC.o
                0x200114c0                encode_TMpacket
 .text.build_raw_ACK
                0x200115c4       0xbc ./src/sub-systemCode/COMM/GSC.o
                0x200115c4                build_raw_ACK
 .text.build_data_field_ACK
                0x20011680       0x74 ./src/sub-systemCode/COMM/GSC.o
                0x20011680                build_data_field_ACK
 .text.init_trxvu
                0x200116f4      0x134 ./src/sub-systemCode/COMM/TRXVU.o
                0x200116f4                init_trxvu
 .text.TRXVU_task
                0x20011828      0x18c ./src/sub-systemCode/COMM/TRXVU.o
                0x20011828                TRXVU_task
 .text.dump_logic
                0x200119b4      0x2ec ./src/sub-systemCode/COMM/TRXVU.o
                0x200119b4                dump_logic
 .text.Dump_task
                0x20011ca0      0x16c ./src/sub-systemCode/COMM/TRXVU.o
                0x20011ca0                Dump_task
 .text.transponder_logic
                0x20011e0c       0xbc ./src/sub-systemCode/COMM/TRXVU.o
                0x20011e0c                transponder_logic
 .text.Transponder_task
                0x20011ec8      0x1e0 ./src/sub-systemCode/COMM/TRXVU.o
                0x20011ec8                Transponder_task
 .text.lookForRequestToDelete_transponder
                0x200120a8       0xac ./src/sub-systemCode/COMM/TRXVU.o
                0x200120a8                lookForRequestToDelete_transponder
 .text.lookForRequestToDelete_dump
                0x20012154       0x7c ./src/sub-systemCode/COMM/TRXVU.o
                0x20012154                lookForRequestToDelete_dump
 .text.sendRequestToStop_dump
                0x200121d0       0x8c ./src/sub-systemCode/COMM/TRXVU.o
                0x200121d0                sendRequestToStop_dump
 .text.sendRequestToStop_transponder
                0x2001225c       0x98 ./src/sub-systemCode/COMM/TRXVU.o
                0x2001225c                sendRequestToStop_transponder
 .text.Rx_logic
                0x200122f4      0x188 ./src/sub-systemCode/COMM/TRXVU.o
                0x200122f4                Rx_logic
 .text.pass_above_Ground
                0x2001247c      0x104 ./src/sub-systemCode/COMM/TRXVU.o
                0x2001247c                pass_above_Ground
 .text.trxvu_logic
                0x20012580       0x1c ./src/sub-systemCode/COMM/TRXVU.o
                0x20012580                trxvu_logic
 .text.Beacon_task
                0x2001259c      0x1d8 ./src/sub-systemCode/COMM/TRXVU.o
                0x2001259c                Beacon_task
 .text.buildAndSend_beacon
                0x20012774      0x614 ./src/sub-systemCode/COMM/TRXVU.o
                0x20012774                buildAndSend_beacon
 .text.reset_FRAM_TRXVU
                0x20012d88       0xc0 ./src/sub-systemCode/COMM/TRXVU.o
                0x20012d88                reset_FRAM_TRXVU
 .text.TRX_sendFrame
                0x20012e48      0x23c ./src/sub-systemCode/COMM/TRXVU.o
                0x20012e48                TRX_sendFrame
 .text.TRX_getFrameData
                0x20013084      0x128 ./src/sub-systemCode/COMM/TRXVU.o
                0x20013084                TRX_getFrameData
 .text.mute_Tx  0x200131ac       0x20 ./src/sub-systemCode/COMM/TRXVU.o
                0x200131ac                mute_Tx
 .text.unmute_Tx
                0x200131cc       0x54 ./src/sub-systemCode/COMM/TRXVU.o
                0x200131cc                unmute_Tx
 .text.check_time_off_mute
                0x20013220       0x74 ./src/sub-systemCode/COMM/TRXVU.o
                0x20013220                check_time_off_mute
 .text.set_mute_time
                0x20013294       0xb4 ./src/sub-systemCode/COMM/TRXVU.o
                0x20013294                set_mute_time
 .text.change_TRXVU_state
                0x20013348       0x98 ./src/sub-systemCode/COMM/TRXVU.o
                0x20013348                change_TRXVU_state
 .text.change_trans_RSSI
                0x200133e0       0x60 ./src/sub-systemCode/COMM/TRXVU.o
                0x200133e0                change_trans_RSSI
 .text.init_adcs
                0x20013440      0x104 ./src/sub-systemCode/ADCS/ADCS.o
                0x20013440                init_adcs
 .text.telemtryStart
                0x20013544      0x16c ./src/sub-systemCode/ADCS/Stage_Table.o
                0x20013544                telemtryStart
 .text.powerStart
                0x200136b0       0x5c ./src/sub-systemCode/ADCS/Stage_Table.o
                0x200136b0                powerStart
 .text.createTable
                0x2001370c       0xb4 ./src/sub-systemCode/ADCS/Stage_Table.o
                0x2001370c                createTable
 .text.buildControlMode
                0x200137c0       0x60 ./src/sub-systemCode/ADCS/Stage_Table.o
                0x200137c0                buildControlMode
 .text.Check_Table
                0x20013820      0x178 ./src/sub-systemCode/ADCS/Stage_Table.o
                0x20013820                Check_Table
 .text.updateTable
                0x20013998      0x1f0 ./src/sub-systemCode/ADCS/Stage_Table.o
                0x20013998                updateTable
 .text.translateCommandFULL
                0x20013b88       0x78 ./src/sub-systemCode/ADCS/Stage_Table.o
                0x20013b88                translateCommandFULL
 .text.getTableTo
                0x20013c00       0x64 ./src/sub-systemCode/ADCS/Stage_Table.o
                0x20013c00                getTableTo
 .text.save_time
                0x20013c64       0x9c ./src/main.o
                0x20013c64                save_time
 .text.Command_logic
                0x20013d00       0x6c ./src/main.o
                0x20013d00                Command_logic
 .text.taskMain
                0x20013d6c       0x74 ./src/main.o
                0x20013d6c                taskMain
 .text.main     0x20013de0       0xb8 ./src/main.o
                0x20013de0                main
 .text.GomEpsInitialize
                0x20013e98      0x148 C:/Hoopoe3/satellite-subsystems/demo/..//satellite-subsystems/lib\libSatelliteSubsystemsD.a(GomEPS.o)
                0x20013e98                GomEpsInitialize
 .text.makeEPStransfer
                0x20013fe0       0x3c C:/Hoopoe3/satellite-subsystems/demo/..//satellite-subsystems/lib\libSatelliteSubsystemsD.a(GomEPS.o)
 .text.GomEpsSoftReset
                0x2001401c       0xc4 C:/Hoopoe3/satellite-subsystems/demo/..//satellite-subsystems/lib\libSatelliteSubsystemsD.a(GomEPS.o)
                0x2001401c                GomEpsSoftReset
 .text.GomEpsHardReset
                0x200140e0       0xa8 C:/Hoopoe3/satellite-subsystems/demo/..//satellite-subsystems/lib\libSatelliteSubsystemsD.a(GomEPS.o)
                0x200140e0                GomEpsHardReset
 .text.GomEpsGetHkData_general
                0x20014188      0x45c C:/Hoopoe3/satellite-subsystems/demo/..//satellite-subsystems/lib\libSatelliteSubsystemsD.a(GomEPS.o)
                0x20014188                GomEpsGetHkData_general
 .text.GomEpsGetHkData_basic
                0x200145e4      0x22c C:/Hoopoe3/satellite-subsystems/demo/..//satellite-subsystems/lib\libSatelliteSubsystemsD.a(GomEPS.o)
                0x200145e4                GomEpsGetHkData_basic
 .text.GomEpsSetOutput
                0x20014810       0xbc C:/Hoopoe3/satellite-subsystems/demo/..//satellite-subsystems/lib\libSatelliteSubsystemsD.a(GomEPS.o)
                0x20014810                GomEpsSetOutput
 .text.GomEpsConfigSet
                0x200148cc      0x184 C:/Hoopoe3/satellite-subsystems/demo/..//satellite-subsystems/lib\libSatelliteSubsystemsD.a(GomEPS.o)
                0x200148cc                GomEpsConfigSet
 .text.makeAntStransfer
                0x20014a50       0x4c C:/Hoopoe3/satellite-subsystems/demo/..//satellite-subsystems/lib\libSatelliteSubsystemsD.a(IsisAntS.o)
 .text.checkInputsValid
                0x20014a9c       0x7c C:/Hoopoe3/satellite-subsystems/demo/..//satellite-subsystems/lib\libSatelliteSubsystemsD.a(IsisAntS.o)
 .text.IsisAntS_setArmStatus
                0x20014b18      0x104 C:/Hoopoe3/satellite-subsystems/demo/..//satellite-subsystems/lib\libSatelliteSubsystemsD.a(IsisAntS.o)
                0x20014b18                IsisAntS_setArmStatus
 .text.IsisAntS_reset
                0x20014c1c      0x104 C:/Hoopoe3/satellite-subsystems/demo/..//satellite-subsystems/lib\libSatelliteSubsystemsD.a(IsisAntS.o)
                0x20014c1c                IsisAntS_reset
 .text.IsisSolarPanelv2_initialize
                0x20014d20       0xb4 C:/Hoopoe3/satellite-subsystems/demo/..//satellite-subsystems/lib\libSatelliteSubsystemsD.a(IsisSolarPanelv2.o)
                0x20014d20                IsisSolarPanelv2_initialize
 .text.IsisSolarPanelv2_getTemperature
                0x20014dd4       0xc8 C:/Hoopoe3/satellite-subsystems/demo/..//satellite-subsystems/lib\libSatelliteSubsystemsD.a(IsisSolarPanelv2.o)
                0x20014dd4                IsisSolarPanelv2_getTemperature
 .text.IsisSolarPanelv2_sleep
                0x20014e9c       0xbc C:/Hoopoe3/satellite-subsystems/demo/..//satellite-subsystems/lib\libSatelliteSubsystemsD.a(IsisSolarPanelv2.o)
                0x20014e9c                IsisSolarPanelv2_sleep
 .text.IsisSolarPanelv2_wakeup
                0x20014f58       0x80 C:/Hoopoe3/satellite-subsystems/demo/..//satellite-subsystems/lib\libSatelliteSubsystemsD.a(IsisSolarPanelv2.o)
                0x20014f58                IsisSolarPanelv2_wakeup
 .text._Reset   0x20014fd8       0x20 C:/Hoopoe3/satellite-subsystems/demo/..//satellite-subsystems/lib\libSatelliteSubsystemsD.a(IsisSolarPanelv2.o)
 .text._WaitForStartup
                0x20014ff8       0x90 C:/Hoopoe3/satellite-subsystems/demo/..//satellite-subsystems/lib\libSatelliteSubsystemsD.a(IsisSolarPanelv2.o)
 .text._AssignAllChannels
                0x20015088       0x90 C:/Hoopoe3/satellite-subsystems/demo/..//satellite-subsystems/lib\libSatelliteSubsystemsD.a(IsisSolarPanelv2.o)
 .text._AssignThisChannel
                0x20015118       0xe8 C:/Hoopoe3/satellite-subsystems/demo/..//satellite-subsystems/lib\libSatelliteSubsystemsD.a(IsisSolarPanelv2.o)
 .text._InitiateConversion
                0x20015200       0xac C:/Hoopoe3/satellite-subsystems/demo/..//satellite-subsystems/lib\libSatelliteSubsystemsD.a(IsisSolarPanelv2.o)
 .text._WaitForConversionComplete
                0x200152ac      0x100 C:/Hoopoe3/satellite-subsystems/demo/..//satellite-subsystems/lib\libSatelliteSubsystemsD.a(IsisSolarPanelv2.o)
 .text._ReadResult
                0x200153ac      0x158 C:/Hoopoe3/satellite-subsystems/demo/..//satellite-subsystems/lib\libSatelliteSubsystemsD.a(IsisSolarPanelv2.o)
 .text._ExtractByte
                0x20015504       0x38 C:/Hoopoe3/satellite-subsystems/demo/..//satellite-subsystems/lib\libSatelliteSubsystemsD.a(IsisSolarPanelv2.o)
 .text._ExtendSign
                0x2001553c       0x6c C:/Hoopoe3/satellite-subsystems/demo/..//satellite-subsystems/lib\libSatelliteSubsystemsD.a(IsisSolarPanelv2.o)
 .text._PinsInit
                0x200155a8       0x50 C:/Hoopoe3/satellite-subsystems/demo/..//satellite-subsystems/lib\libSatelliteSubsystemsD.a(IsisSolarPanelv2.o)
 .text._SpiWriteRead
                0x200155f8       0x70 C:/Hoopoe3/satellite-subsystems/demo/..//satellite-subsystems/lib\libSatelliteSubsystemsD.a(IsisSolarPanelv2.o)
 .text.IsisTrxvu_initialize
                0x20015668      0x2f4 C:/Hoopoe3/satellite-subsystems/demo/..//satellite-subsystems/lib\libSatelliteSubsystemsD.a(IsisTRXVU.o)
                0x20015668                IsisTrxvu_initialize
 .text.makeTRXVUtransfer
                0x2001595c       0x44 C:/Hoopoe3/satellite-subsystems/demo/..//satellite-subsystems/lib\libSatelliteSubsystemsD.a(IsisTRXVU.o)
 .text.IsisTrxvu_componentSoftReset
                0x200159a0       0x6c C:/Hoopoe3/satellite-subsystems/demo/..//satellite-subsystems/lib\libSatelliteSubsystemsD.a(IsisTRXVU.o)
                0x200159a0                IsisTrxvu_componentSoftReset
 .text.IsisTrxvu_componentHardReset
                0x20015a0c       0xc8 C:/Hoopoe3/satellite-subsystems/demo/..//satellite-subsystems/lib\libSatelliteSubsystemsD.a(IsisTRXVU.o)
                0x20015a0c                IsisTrxvu_componentHardReset
 .text.IsisTrxvu_softReset
                0x20015ad4       0x74 C:/Hoopoe3/satellite-subsystems/demo/..//satellite-subsystems/lib\libSatelliteSubsystemsD.a(IsisTRXVU.o)
                0x20015ad4                IsisTrxvu_softReset
 .text.IsisTrxvu_hardReset
                0x20015b48       0x74 C:/Hoopoe3/satellite-subsystems/demo/..//satellite-subsystems/lib\libSatelliteSubsystemsD.a(IsisTRXVU.o)
                0x20015b48                IsisTrxvu_hardReset
 .text.IsisTrxvu_tcSendAX25DefClSign
                0x20015bbc       0xec C:/Hoopoe3/satellite-subsystems/demo/..//satellite-subsystems/lib\libSatelliteSubsystemsD.a(IsisTRXVU.o)
                0x20015bbc                IsisTrxvu_tcSendAX25DefClSign
 .text.IsisTrxvu_tcSetIdlestate
                0x20015ca8       0xa4 C:/Hoopoe3/satellite-subsystems/demo/..//satellite-subsystems/lib\libSatelliteSubsystemsD.a(IsisTRXVU.o)
                0x20015ca8                IsisTrxvu_tcSetIdlestate
 .text.IsisTrxvu_tcSetAx25Bitrate
                0x20015d4c       0xc4 C:/Hoopoe3/satellite-subsystems/demo/..//satellite-subsystems/lib\libSatelliteSubsystemsD.a(IsisTRXVU.o)
                0x20015d4c                IsisTrxvu_tcSetAx25Bitrate
 .text.IsisTrxvu_tcGetTelemetryAll_revC
                0x20015e10       0xd0 C:/Hoopoe3/satellite-subsystems/demo/..//satellite-subsystems/lib\libSatelliteSubsystemsD.a(IsisTRXVU.o)
                0x20015e10                IsisTrxvu_tcGetTelemetryAll_revC
 .text.IsisTrxvu_rcGetFrameCount
                0x20015ee0       0xa0 C:/Hoopoe3/satellite-subsystems/demo/..//satellite-subsystems/lib\libSatelliteSubsystemsD.a(IsisTRXVU.o)
                0x20015ee0                IsisTrxvu_rcGetFrameCount
 .text.IsisTrxvu_rcGetCommandFrame
                0x20015f80      0x2d8 C:/Hoopoe3/satellite-subsystems/demo/..//satellite-subsystems/lib\libSatelliteSubsystemsD.a(IsisTRXVU.o)
                0x20015f80                IsisTrxvu_rcGetCommandFrame
 .text.IsisTrxvu_rcGetTelemetryAll_revC
                0x20016258       0xec C:/Hoopoe3/satellite-subsystems/demo/..//satellite-subsystems/lib\libSatelliteSubsystemsD.a(IsisTRXVU.o)
                0x20016258                IsisTrxvu_rcGetTelemetryAll_revC
 .text.cspaceADCS_initialize
                0x20016344      0x18c C:/Hoopoe3/satellite-subsystems/demo/..//satellite-subsystems/lib\libSatelliteSubsystemsD.a(cspaceADCS.o)
                0x20016344                cspaceADCS_initialize
 .text.make_cspaceADCStransfer
                0x200164d0      0x1b4 C:/Hoopoe3/satellite-subsystems/demo/..//satellite-subsystems/lib\libSatelliteSubsystemsD.a(cspaceADCS.o)
 .text.cspaceADCS_componentReset
                0x20016684       0xbc C:/Hoopoe3/satellite-subsystems/demo/..//satellite-subsystems/lib\libSatelliteSubsystemsD.a(cspaceADCS.o)
                0x20016684                cspaceADCS_componentReset
 .text.cspaceADCS_setRunMode
                0x20016740       0xbc C:/Hoopoe3/satellite-subsystems/demo/..//satellite-subsystems/lib\libSatelliteSubsystemsD.a(cspaceADCS.o)
                0x20016740                cspaceADCS_setRunMode
 .text.cspaceADCS_setPwrCtrlDevice
                0x200167fc       0xd0 C:/Hoopoe3/satellite-subsystems/demo/..//satellite-subsystems/lib\libSatelliteSubsystemsD.a(cspaceADCS.o)
                0x200167fc                cspaceADCS_setPwrCtrlDevice
 .text.cspaceADCS_setAttCtrlMode
                0x200168cc       0xd0 C:/Hoopoe3/satellite-subsystems/demo/..//satellite-subsystems/lib\libSatelliteSubsystemsD.a(cspaceADCS.o)
                0x200168cc                cspaceADCS_setAttCtrlMode
 .text.cspaceADCS_setAttEstMode
                0x2001699c       0xbc C:/Hoopoe3/satellite-subsystems/demo/..//satellite-subsystems/lib\libSatelliteSubsystemsD.a(cspaceADCS.o)
                0x2001699c                cspaceADCS_setAttEstMode
 .text.cspaceADCS_getCurrentState
                0x20016a58       0xc4 C:/Hoopoe3/satellite-subsystems/demo/..//satellite-subsystems/lib\libSatelliteSubsystemsD.a(cspaceADCS.o)
                0x20016a58                cspaceADCS_getCurrentState
 .text.cspaceADCS_getPwrCtrlDevice
                0x20016b1c       0xc4 C:/Hoopoe3/satellite-subsystems/demo/..//satellite-subsystems/lib\libSatelliteSubsystemsD.a(cspaceADCS.o)
                0x20016b1c                cspaceADCS_getPwrCtrlDevice
 .text.GECKO_GetReg
                0x20016be0      0x110 C:/Hoopoe3/satellite-subsystems/demo/..//satellite-subsystems/lib\libSatelliteSubsystemsD.a(gecko_driver.o)
                0x20016be0                GECKO_GetReg
 .text.GECKO_GetVoltageInput5V
                0x20016cf0       0xf4 C:/Hoopoe3/satellite-subsystems/demo/..//satellite-subsystems/lib\libSatelliteSubsystemsD.a(gecko_driver.o)
                0x20016cf0                GECKO_GetVoltageInput5V
 .text.GECKO_GetCurrentInput5V
                0x20016de4      0x130 C:/Hoopoe3/satellite-subsystems/demo/..//satellite-subsystems/lib\libSatelliteSubsystemsD.a(gecko_driver.o)
                0x20016de4                GECKO_GetCurrentInput5V
 .text.GECKO_GetVoltageFPGA1V
                0x20016f14       0xd4 C:/Hoopoe3/satellite-subsystems/demo/..//satellite-subsystems/lib\libSatelliteSubsystemsD.a(gecko_driver.o)
                0x20016f14                GECKO_GetVoltageFPGA1V
 .text.GECKO_GetCurrentFPGA1V
                0x20016fe8      0x130 C:/Hoopoe3/satellite-subsystems/demo/..//satellite-subsystems/lib\libSatelliteSubsystemsD.a(gecko_driver.o)
                0x20016fe8                GECKO_GetCurrentFPGA1V
 .text.GECKO_GetVoltageFPGA1V8
                0x20017118       0xd4 C:/Hoopoe3/satellite-subsystems/demo/..//satellite-subsystems/lib\libSatelliteSubsystemsD.a(gecko_driver.o)
                0x20017118                GECKO_GetVoltageFPGA1V8
 .text.GECKO_GetCurrentFPGA1V8
                0x200171ec      0x130 C:/Hoopoe3/satellite-subsystems/demo/..//satellite-subsystems/lib\libSatelliteSubsystemsD.a(gecko_driver.o)
                0x200171ec                GECKO_GetCurrentFPGA1V8
 .text.GECKO_GetVoltageFPGA2V5
                0x2001731c       0xe8 C:/Hoopoe3/satellite-subsystems/demo/..//satellite-subsystems/lib\libSatelliteSubsystemsD.a(gecko_driver.o)
                0x2001731c                GECKO_GetVoltageFPGA2V5
 .text.GECKO_GetCurrentFPGA2V5
                0x20017404      0x130 C:/Hoopoe3/satellite-subsystems/demo/..//satellite-subsystems/lib\libSatelliteSubsystemsD.a(gecko_driver.o)
                0x20017404                GECKO_GetCurrentFPGA2V5
 .text.GECKO_GetVoltageFPGA3V3
                0x20017534       0xe8 C:/Hoopoe3/satellite-subsystems/demo/..//satellite-subsystems/lib\libSatelliteSubsystemsD.a(gecko_driver.o)
                0x20017534                GECKO_GetVoltageFPGA3V3
 .text.GECKO_GetCurrentFPGA3V3
                0x2001761c      0x130 C:/Hoopoe3/satellite-subsystems/demo/..//satellite-subsystems/lib\libSatelliteSubsystemsD.a(gecko_driver.o)
                0x2001761c                GECKO_GetCurrentFPGA3V3
 .text.GECKO_GetVoltageFlash1V8
                0x2001774c       0xd4 C:/Hoopoe3/satellite-subsystems/demo/..//satellite-subsystems/lib\libSatelliteSubsystemsD.a(gecko_driver.o)
                0x2001774c                GECKO_GetVoltageFlash1V8
 .text.GECKO_GetCurrentFlash1V8
                0x20017820      0x130 C:/Hoopoe3/satellite-subsystems/demo/..//satellite-subsystems/lib\libSatelliteSubsystemsD.a(gecko_driver.o)
                0x20017820                GECKO_GetCurrentFlash1V8
 .text.GECKO_GetVoltageFlash3V3
                0x20017950       0xe8 C:/Hoopoe3/satellite-subsystems/demo/..//satellite-subsystems/lib\libSatelliteSubsystemsD.a(gecko_driver.o)
                0x20017950                GECKO_GetVoltageFlash3V3
 .text.GECKO_GetCurrentFlash3V3
                0x20017a38      0x130 C:/Hoopoe3/satellite-subsystems/demo/..//satellite-subsystems/lib\libSatelliteSubsystemsD.a(gecko_driver.o)
                0x20017a38                GECKO_GetCurrentFlash3V3
 .text.GECKO_GetVoltageSNSR1V8
                0x20017b68       0xe8 C:/Hoopoe3/satellite-subsystems/demo/..//satellite-subsystems/lib\libSatelliteSubsystemsD.a(gecko_driver.o)
                0x20017b68                GECKO_GetVoltageSNSR1V8
 .text.GECKO_GetCurrentSNSR1V8
                0x20017c50      0x130 C:/Hoopoe3/satellite-subsystems/demo/..//satellite-subsystems/lib\libSatelliteSubsystemsD.a(gecko_driver.o)
                0x20017c50                GECKO_GetCurrentSNSR1V8
 .text.GECKO_GetVoltageSNSRVDDPIX
                0x20017d80       0xe8 C:/Hoopoe3/satellite-subsystems/demo/..//satellite-subsystems/lib\libSatelliteSubsystemsD.a(gecko_driver.o)
                0x20017d80                GECKO_GetVoltageSNSRVDDPIX
 .text.GECKO_GetCurrentSNSRVDDPIX
                0x20017e68      0x130 C:/Hoopoe3/satellite-subsystems/demo/..//satellite-subsystems/lib\libSatelliteSubsystemsD.a(gecko_driver.o)
                0x20017e68                GECKO_GetCurrentSNSRVDDPIX
 .text.GECKO_GetVoltageSNSR3V3
                0x20017f98       0xe8 C:/Hoopoe3/satellite-subsystems/demo/..//satellite-subsystems/lib\libSatelliteSubsystemsD.a(gecko_driver.o)
                0x20017f98                GECKO_GetVoltageSNSR3V3
 .text.GECKO_GetCurrentSNSR3V3
                0x20018080      0x130 C:/Hoopoe3/satellite-subsystems/demo/..//satellite-subsystems/lib\libSatelliteSubsystemsD.a(gecko_driver.o)
                0x20018080                GECKO_GetCurrentSNSR3V3
 .text.GECKO_GetVoltageFlashVTT09
                0x200181b0       0xd4 C:/Hoopoe3/satellite-subsystems/demo/..//satellite-subsystems/lib\libSatelliteSubsystemsD.a(gecko_driver.o)
                0x200181b0                GECKO_GetVoltageFlashVTT09
 .text.GECKO_GetTempSMU3AB
                0x20018284      0x35c C:/Hoopoe3/satellite-subsystems/demo/..//satellite-subsystems/lib\libSatelliteSubsystemsD.a(gecko_driver.o)
                0x20018284                GECKO_GetTempSMU3AB
 .text.GECKO_GetTempSMU3BC
                0x200185e0      0x360 C:/Hoopoe3/satellite-subsystems/demo/..//satellite-subsystems/lib\libSatelliteSubsystemsD.a(gecko_driver.o)
                0x200185e0                GECKO_GetTempSMU3BC
 .text.GECKO_GetTempREGU6
                0x20018940      0x35c C:/Hoopoe3/satellite-subsystems/demo/..//satellite-subsystems/lib\libSatelliteSubsystemsD.a(gecko_driver.o)
                0x20018940                GECKO_GetTempREGU6
 .text.GECKO_GetTempREGU8
                0x20018c9c      0x360 C:/Hoopoe3/satellite-subsystems/demo/..//satellite-subsystems/lib\libSatelliteSubsystemsD.a(gecko_driver.o)
                0x20018c9c                GECKO_GetTempREGU8
 .text.GECKO_GetTempFlash
                0x20018ffc      0x360 C:/Hoopoe3/satellite-subsystems/demo/..//satellite-subsystems/lib\libSatelliteSubsystemsD.a(gecko_driver.o)
                0x20018ffc                GECKO_GetTempFlash
 .text._SpiWriteRead
                0x2001935c       0x70 C:/Hoopoe3/satellite-subsystems/demo/..//satellite-subsystems/lib\libSatelliteSubsystemsD.a(gecko_driver.o)
 .text.makeTRXCommonTransfer
                0x200193cc       0x34 C:/Hoopoe3/satellite-subsystems/demo/..//satellite-subsystems/lib\libSatelliteSubsystemsD.a(IsisTRXCommon.o)
 .text.IsisTrxCommon_componentReset
                0x20019400       0x68 C:/Hoopoe3/satellite-subsystems/demo/..//satellite-subsystems/lib\libSatelliteSubsystemsD.a(IsisTRXCommon.o)
                0x20019400                IsisTrxCommon_componentReset
 .text.IsisTrxCommon_TxSendAX25DefClSign
                0x20019468       0xf4 C:/Hoopoe3/satellite-subsystems/demo/..//satellite-subsystems/lib\libSatelliteSubsystemsD.a(IsisTRXCommon.o)
                0x20019468                IsisTrxCommon_TxSendAX25DefClSign
 .text.IsisTrxCommon_TxSetIdlestate
                0x2001955c       0x78 C:/Hoopoe3/satellite-subsystems/demo/..//satellite-subsystems/lib\libSatelliteSubsystemsD.a(IsisTRXCommon.o)
                0x2001955c                IsisTrxCommon_TxSetIdlestate
 .text.IsisTrxCommon_TxSetAx25Bitrate
                0x200195d4       0x78 C:/Hoopoe3/satellite-subsystems/demo/..//satellite-subsystems/lib\libSatelliteSubsystemsD.a(IsisTRXCommon.o)
                0x200195d4                IsisTrxCommon_TxSetAx25Bitrate
 .text.IsisTrxCommon_RxGetFrameCount
                0x2001964c       0x8c C:/Hoopoe3/satellite-subsystems/demo/..//satellite-subsystems/lib\libSatelliteSubsystemsD.a(IsisTRXCommon.o)
                0x2001964c                IsisTrxCommon_RxGetFrameCount
 .text.IsisTrxCommon_RxGetTelemetryAll_revC
                0x200196d8       0x8c C:/Hoopoe3/satellite-subsystems/demo/..//satellite-subsystems/lib\libSatelliteSubsystemsD.a(IsisTRXCommon.o)
                0x200196d8                IsisTrxCommon_RxGetTelemetryAll_revC
 .text.log      0x20019764      0x17c c:/isis/application/toolchain/bin/../lib/gcc/arm-none-eabi/4.7.4/../../../../arm-none-eabi/lib\libm.a(lib_a-w_log.o)
                0x20019764                log
 .text.__ieee754_log
                0x200198e0      0x5c0 c:/isis/application/toolchain/bin/../lib/gcc/arm-none-eabi/4.7.4/../../../../arm-none-eabi/lib\libm.a(lib_a-e_log.o)
                0x200198e0                __ieee754_log
 .text.matherr  0x20019ea0        0x8 c:/isis/application/toolchain/bin/../lib/gcc/arm-none-eabi/4.7.4/../../../../arm-none-eabi/lib\libm.a(lib_a-s_matherr.o)
                0x20019ea0                matherr
 .text.nan      0x20019ea8       0x10 c:/isis/application/toolchain/bin/../lib/gcc/arm-none-eabi/4.7.4/../../../../arm-none-eabi/lib\libm.a(lib_a-s_nan.o)
                0x20019ea8                nan
 .text.fn_init  0x20019eb8      0x2e0 C:/Hoopoe3/satellite-subsystems/demo/../..//hal/hcc/lib\libHCCD.a(fat_common.o)
                0x20019eb8                fn_init
 .text._f_get16bitl
                0x2001a198       0x4c C:/Hoopoe3/satellite-subsystems/demo/../..//hal/hcc/lib\libHCCD.a(fat_common.o)
                0x2001a198                _f_get16bitl
 .text._f_set16bitl
                0x2001a1e4       0x54 C:/Hoopoe3/satellite-subsystems/demo/../..//hal/hcc/lib\libHCCD.a(fat_common.o)
                0x2001a1e4                _f_set16bitl
 .text._f_get32bitl
                0x2001a238       0x68 C:/Hoopoe3/satellite-subsystems/demo/../..//hal/hcc/lib\libHCCD.a(fat_common.o)
                0x2001a238                _f_get32bitl
 .text._f_set32bitl
                0x2001a2a0       0x78 C:/Hoopoe3/satellite-subsystems/demo/../..//hal/hcc/lib\libHCCD.a(fat_common.o)
                0x2001a2a0                _f_set32bitl
 .text._get8bit
                0x2001a318       0xa0 C:/Hoopoe3/satellite-subsystems/demo/../..//hal/hcc/lib\libHCCD.a(fat_common.o)
 .text._get16bitl
                0x2001a3b8       0x40 C:/Hoopoe3/satellite-subsystems/demo/../..//hal/hcc/lib\libHCCD.a(fat_common.o)
 .text._get32bitl
                0x2001a3f8       0x3c C:/Hoopoe3/satellite-subsystems/demo/../..//hal/hcc/lib\libHCCD.a(fat_common.o)
 .text._f_setcardremoved
                0x2001a434       0x94 C:/Hoopoe3/satellite-subsystems/demo/../..//hal/hcc/lib\libHCCD.a(fat_common.o)
 .text._f_checkstatus
                0x2001a4c8      0x104 C:/Hoopoe3/satellite-subsystems/demo/../..//hal/hcc/lib\libHCCD.a(fat_common.o)
                0x2001a4c8                _f_checkstatus
 .text._f_drvgetphy
                0x2001a5cc      0x114 C:/Hoopoe3/satellite-subsystems/demo/../..//hal/hcc/lib\libHCCD.a(fat_common.o)
 .text._f_drvwritesector
                0x2001a6e0       0xdc C:/Hoopoe3/satellite-subsystems/demo/../..//hal/hcc/lib\libHCCD.a(fat_common.o)
 .text._f_drvreadsector
                0x2001a7bc       0xa8 C:/Hoopoe3/satellite-subsystems/demo/../..//hal/hcc/lib\libHCCD.a(fat_common.o)
 .text._f_writesector
                0x2001a864      0x23c C:/Hoopoe3/satellite-subsystems/demo/../..//hal/hcc/lib\libHCCD.a(fat_common.o)
                0x2001a864                _f_writesector
 .text._f_readsector
                0x2001aaa0      0x1dc C:/Hoopoe3/satellite-subsystems/demo/../..//hal/hcc/lib\libHCCD.a(fat_common.o)
                0x2001aaa0                _f_readsector
 .text._f_getmaxcluster
                0x2001ac7c       0x94 C:/Hoopoe3/satellite-subsystems/demo/../..//hal/hcc/lib\libHCCD.a(fat_common.o)
                0x2001ac7c                _f_getmaxcluster
 .text._getsectorfromcluster
                0x2001ad10       0x68 C:/Hoopoe3/satellite-subsystems/demo/../..//hal/hcc/lib\libHCCD.a(fat_common.o)
 .text._f_buildsectors
                0x2001ad78      0x268 C:/Hoopoe3/satellite-subsystems/demo/../..//hal/hcc/lib\libHCCD.a(fat_common.o)
 .text._f_getbootrecord
                0x2001afe0      0x5e4 C:/Hoopoe3/satellite-subsystems/demo/../..//hal/hcc/lib\libHCCD.a(fat_common.o)
 .text._f_readbootrecord
                0x2001b5c4      0x4f8 C:/Hoopoe3/satellite-subsystems/demo/../..//hal/hcc/lib\libHCCD.a(fat_common.o)
 .text._f_flushcffiles
                0x2001babc      0x17c C:/Hoopoe3/satellite-subsystems/demo/../..//hal/hcc/lib\libHCCD.a(fat_common.o)
                0x2001babc                _f_flushcffiles
 .text._f_fatcache_flush
                0x2001bc38      0x270 C:/Hoopoe3/satellite-subsystems/demo/../..//hal/hcc/lib\libHCCD.a(fat_common.o)
                0x2001bc38                _f_fatcache_flush
 .text._f_writefatsector
                0x2001bea8      0x100 C:/Hoopoe3/satellite-subsystems/demo/../..//hal/hcc/lib\libHCCD.a(fat_common.o)
                0x2001bea8                _f_writefatsector
 .text._f_getfatsector
                0x2001bfa8      0x3bc C:/Hoopoe3/satellite-subsystems/demo/../..//hal/hcc/lib\libHCCD.a(fat_common.o)
 .text._f_setclustervalue
                0x2001c364      0x490 C:/Hoopoe3/satellite-subsystems/demo/../..//hal/hcc/lib\libHCCD.a(fat_common.o)
                0x2001c364                _f_setclustervalue
 .text._f_getclustervalue
                0x2001c7f4      0x388 C:/Hoopoe3/satellite-subsystems/demo/../..//hal/hcc/lib\libHCCD.a(fat_common.o)
                0x2001c7f4                _f_getclustervalue
 .text._f_close_drive_files
                0x2001cb7c       0xac C:/Hoopoe3/satellite-subsystems/demo/../..//hal/hcc/lib\libHCCD.a(fat_common.o)
 .text._f_inc_mount_count
                0x2001cc28       0xa4 C:/Hoopoe3/satellite-subsystems/demo/../..//hal/hcc/lib\libHCCD.a(fat_common.o)
 .text._f_getvolume
                0x2001cccc      0x2f8 C:/Hoopoe3/satellite-subsystems/demo/../..//hal/hcc/lib\libHCCD.a(fat_common.o)
                0x2001cccc                _f_getvolume
 .text.fn_createdriver
                0x2001cfc4      0x118 C:/Hoopoe3/satellite-subsystems/demo/../..//hal/hcc/lib\libHCCD.a(fat_common.o)
                0x2001cfc4                fn_createdriver
 .text.fn_initvolume
                0x2001d0dc      0x12c C:/Hoopoe3/satellite-subsystems/demo/../..//hal/hcc/lib\libHCCD.a(fat_common.o)
                0x2001d0dc                fn_initvolume
 .text.fn_initvolumepartition_sub
                0x2001d208       0xe0 C:/Hoopoe3/satellite-subsystems/demo/../..//hal/hcc/lib\libHCCD.a(fat_common.o)
 .text.fn_initvolumepartition
                0x2001d2e8       0xac C:/Hoopoe3/satellite-subsystems/demo/../..//hal/hcc/lib\libHCCD.a(fat_common.o)
                0x2001d2e8                fn_initvolumepartition
 .text._f_clustertopos
                0x2001d394       0xf8 C:/Hoopoe3/satellite-subsystems/demo/../..//hal/hcc/lib\libHCCD.a(fat_common.o)
                0x2001d394                _f_clustertopos
 .text._f_getcurrsector
                0x2001d48c      0x6c8 C:/Hoopoe3/satellite-subsystems/demo/../..//hal/hcc/lib\libHCCD.a(fat_common.o)
                0x2001d48c                _f_getcurrsector
 .text._f_getdecluster
                0x2001db54       0x90 C:/Hoopoe3/satellite-subsystems/demo/../..//hal/hcc/lib\libHCCD.a(fat_common.o)
                0x2001db54                _f_getdecluster
 .text._f_setdecluster
                0x2001dbe4       0x8c C:/Hoopoe3/satellite-subsystems/demo/../..//hal/hcc/lib\libHCCD.a(fat_common.o)
                0x2001dbe4                _f_setdecluster
 .text.fn_getdrive
                0x2001dc70       0x30 C:/Hoopoe3/satellite-subsystems/demo/../..//hal/hcc/lib\libHCCD.a(fat_common.o)
                0x2001dc70                fn_getdrive
 .text._f_getcurrenttimedate
                0x2001dca0      0x138 C:/Hoopoe3/satellite-subsystems/demo/../..//hal/hcc/lib\libHCCD.a(fat_common.o)
                0x2001dca0                _f_getcurrenttimedate
 .text._f_initentry
                0x2001ddd8       0xa0 C:/Hoopoe3/satellite-subsystems/demo/../..//hal/hcc/lib\libHCCD.a(fat_common.o)
                0x2001ddd8                _f_initentry
 .text._f_alloccluster
                0x2001de78      0x344 C:/Hoopoe3/satellite-subsystems/demo/../..//hal/hcc/lib\libHCCD.a(fat_common.o)
                0x2001de78                _f_alloccluster
 .text._f_dobadblock
                0x2001e1bc      0x2cc C:/Hoopoe3/satellite-subsystems/demo/../..//hal/hcc/lib\libHCCD.a(fat_common.o)
                0x2001e1bc                _f_dobadblock
 .text._f_checklocked
                0x2001e488       0xe4 C:/Hoopoe3/satellite-subsystems/demo/../..//hal/hcc/lib\libHCCD.a(fat_common.o)
                0x2001e488                _f_checklocked
 .text._f_checkappendlocked
                0x2001e56c      0x110 C:/Hoopoe3/satellite-subsystems/demo/../..//hal/hcc/lib\libHCCD.a(fat_common.o)
                0x2001e56c                _f_checkappendlocked
 .text._f_setsyncafile
                0x2001e67c      0x114 C:/Hoopoe3/satellite-subsystems/demo/../..//hal/hcc/lib\libHCCD.a(fat_common.o)
                0x2001e67c                _f_setsyncafile
 .text._f_syncfiles
                0x2001e790      0x128 C:/Hoopoe3/satellite-subsystems/demo/../..//hal/hcc/lib\libHCCD.a(fat_common.o)
                0x2001e790                _f_syncfiles
 .text._f_syncfilescontent
                0x2001e8b8      0x15c C:/Hoopoe3/satellite-subsystems/demo/../..//hal/hcc/lib\libHCCD.a(fat_common.o)
 .text.fn_getfreespace
                0x2001ea14      0x4c0 C:/Hoopoe3/satellite-subsystems/demo/../..//hal/hcc/lib\libHCCD.a(fat_common.o)
                0x2001ea14                fn_getfreespace
 .text._f_emptywritecache
                0x2001eed4      0x4a4 C:/Hoopoe3/satellite-subsystems/demo/../..//hal/hcc/lib\libHCCD.a(fat_common.o)
 .text._f_allocnextcluster
                0x2001f378      0x54c C:/Hoopoe3/satellite-subsystems/demo/../..//hal/hcc/lib\libHCCD.a(fat_common.o)
 .text._f_emptywritebuffer
                0x2001f8c4      0x20c C:/Hoopoe3/satellite-subsystems/demo/../..//hal/hcc/lib\libHCCD.a(fat_common.o)
 .text._f_writezeros
                0x2001fad0       0xf0 C:/Hoopoe3/satellite-subsystems/demo/../..//hal/hcc/lib\libHCCD.a(fat_common.o)
                0x2001fad0                _f_writezeros
 .text._f_extend_file
                0x2001fbc0      0x570 C:/Hoopoe3/satellite-subsystems/demo/../..//hal/hcc/lib\libHCCD.a(fat_common.o)
 .text._f_fseek
                0x20020130      0x9bc C:/Hoopoe3/satellite-subsystems/demo/../..//hal/hcc/lib\libHCCD.a(fat_common.o)
                0x20020130                _f_fseek
 .text._f_removechain
                0x20020aec      0x104 C:/Hoopoe3/satellite-subsystems/demo/../..//hal/hcc/lib\libHCCD.a(fat_common.o)
                0x20020aec                _f_removechain
 .text._f_updatefileentry
                0x20020bf0      0x1cc C:/Hoopoe3/satellite-subsystems/demo/../..//hal/hcc/lib\libHCCD.a(fat_common.o)
 .text._f_checkreadlocked
                0x20020dbc      0x1bc C:/Hoopoe3/satellite-subsystems/demo/../..//hal/hcc/lib\libHCCD.a(fat_common.o)
                0x20020dbc                _f_checkreadlocked
 .text._f_check_handle
                0x20020f78       0x98 C:/Hoopoe3/satellite-subsystems/demo/../..//hal/hcc/lib\libHCCD.a(fat_common.o)
                0x20020f78                _f_check_handle
 .text._f_removesyncafile
                0x20021010      0x1ec C:/Hoopoe3/satellite-subsystems/demo/../..//hal/hcc/lib\libHCCD.a(fat_common.o)
 .text.fn_close
                0x200211fc      0x3f8 C:/Hoopoe3/satellite-subsystems/demo/../..//hal/hcc/lib\libHCCD.a(fat_common.o)
                0x200211fc                fn_close
 .text.fn_flush
                0x200215f4      0x374 C:/Hoopoe3/satellite-subsystems/demo/../..//hal/hcc/lib\libHCCD.a(fat_common.o)
                0x200215f4                fn_flush
 .text.fn_read  0x20021968      0x690 C:/Hoopoe3/satellite-subsystems/demo/../..//hal/hcc/lib\libHCCD.a(fat_common.o)
                0x20021968                fn_read
 .text._f_abortwrite
                0x20021ff8      0x100 C:/Hoopoe3/satellite-subsystems/demo/../..//hal/hcc/lib\libHCCD.a(fat_common.o)
 .text._f_checkwritecluster
                0x200220f8       0xe4 C:/Hoopoe3/satellite-subsystems/demo/../..//hal/hcc/lib\libHCCD.a(fat_common.o)
 .text.fn_write
                0x200221dc      0x8a8 C:/Hoopoe3/satellite-subsystems/demo/../..//hal/hcc/lib\libHCCD.a(fat_common.o)
                0x200221dc                fn_write
 .text.fn_seek  0x20022a84      0x270 C:/Hoopoe3/satellite-subsystems/demo/../..//hal/hcc/lib\libHCCD.a(fat_common.o)
                0x20022a84                fn_seek
 .text.f_enterFS
                0x20022cf4      0x1c0 C:/Hoopoe3/satellite-subsystems/demo/../..//hal/hcc/lib\libHCCD.a(fat_common.o)
                0x20022cf4                f_enterFS
 .text.f_releaseFS
                0x20022eb4       0xb0 C:/Hoopoe3/satellite-subsystems/demo/../..//hal/hcc/lib\libHCCD.a(fat_common.o)
                0x20022eb4                f_releaseFS
 .text.fnGetTask
                0x20022f64       0xfc C:/Hoopoe3/satellite-subsystems/demo/../..//hal/hcc/lib\libHCCD.a(fat_common.o)
                0x20022f64                fnGetTask
 .text._f_mutex_get
                0x20023060       0x98 C:/Hoopoe3/satellite-subsystems/demo/../..//hal/hcc/lib\libHCCD.a(fat_common.o)
                0x20023060                _f_mutex_get
 .text._f_mutex_put
                0x200230f8       0x54 C:/Hoopoe3/satellite-subsystems/demo/../..//hal/hcc/lib\libHCCD.a(fat_common.o)
                0x200230f8                _f_mutex_put
 .text._fn_initseekdivisor
                0x2002314c      0x158 C:/Hoopoe3/satellite-subsystems/demo/../..//hal/hcc/lib\libHCCD.a(fat_common.o)
                0x2002314c                _fn_initseekdivisor
 .text._fn_updateseekpos
                0x200232a4       0xc4 C:/Hoopoe3/satellite-subsystems/demo/../..//hal/hcc/lib\libHCCD.a(fat_common.o)
 .text._f_findopensize
                0x20023368       0x2c C:/Hoopoe3/satellite-subsystems/demo/../..//hal/hcc/lib\libHCCD.a(fat_common.o)
                0x20023368                _f_findopensize
 .text.fn_setlasterror
                0x20023394       0x34 C:/Hoopoe3/satellite-subsystems/demo/../..//hal/hcc/lib\libHCCD.a(fat_common.o)
                0x20023394                fn_setlasterror
 .text.fn_setlasterror_noret
                0x200233c8       0x2c C:/Hoopoe3/satellite-subsystems/demo/../..//hal/hcc/lib\libHCCD.a(fat_common.o)
                0x200233c8                fn_setlasterror_noret
 .text.fm_initvolume
                0x200233f4       0x70 C:/Hoopoe3/satellite-subsystems/demo/../..//hal/hcc/lib\libHCCD.a(fat_m.o)
                0x200233f4                fm_initvolume
 .text.fm_getdrive
                0x20023464       0x70 C:/Hoopoe3/satellite-subsystems/demo/../..//hal/hcc/lib\libHCCD.a(fat_m.o)
                0x20023464                fm_getdrive
 .text.fm_getfreespace
                0x200234d4       0x68 C:/Hoopoe3/satellite-subsystems/demo/../..//hal/hcc/lib\libHCCD.a(fat_m.o)
                0x200234d4                fm_getfreespace
 .text.fm_findfirst
                0x2002353c       0x68 C:/Hoopoe3/satellite-subsystems/demo/../..//hal/hcc/lib\libHCCD.a(fat_m.o)
                0x2002353c                fm_findfirst
 .text.fm_findnext
                0x200235a4       0x60 C:/Hoopoe3/satellite-subsystems/demo/../..//hal/hcc/lib\libHCCD.a(fat_m.o)
                0x200235a4                fm_findnext
 .text.fm_filelength
                0x20023604       0x60 C:/Hoopoe3/satellite-subsystems/demo/../..//hal/hcc/lib\libHCCD.a(fat_m.o)
                0x20023604                fm_filelength
 .text.fm_close
                0x20023664       0x60 C:/Hoopoe3/satellite-subsystems/demo/../..//hal/hcc/lib\libHCCD.a(fat_m.o)
                0x20023664                fm_close
 .text.fm_flush
                0x200236c4       0x60 C:/Hoopoe3/satellite-subsystems/demo/../..//hal/hcc/lib\libHCCD.a(fat_m.o)
                0x200236c4                fm_flush
 .text.fm_open  0x20023724       0x68 C:/Hoopoe3/satellite-subsystems/demo/../..//hal/hcc/lib\libHCCD.a(fat_m.o)
                0x20023724                fm_open
 .text.fm_read  0x2002378c       0x7c C:/Hoopoe3/satellite-subsystems/demo/../..//hal/hcc/lib\libHCCD.a(fat_m.o)
                0x2002378c                fm_read
 .text.fm_write
                0x20023808       0x7c C:/Hoopoe3/satellite-subsystems/demo/../..//hal/hcc/lib\libHCCD.a(fat_m.o)
                0x20023808                fm_write
 .text.fm_seek  0x20023884       0x70 C:/Hoopoe3/satellite-subsystems/demo/../..//hal/hcc/lib\libHCCD.a(fat_m.o)
                0x20023884                fm_seek
 .text.fm_delete
                0x200238f4       0x64 C:/Hoopoe3/satellite-subsystems/demo/../..//hal/hcc/lib\libHCCD.a(fat_m.o)
                0x200238f4                fm_delete
 .text._s_checkzeroclusteratend
                0x20023958       0xf8 C:/Hoopoe3/satellite-subsystems/demo/../..//hal/hcc/lib\libHCCD.a(safefat.o)
 .text._s_clearclustercontent
                0x20023a50      0x108 C:/Hoopoe3/satellite-subsystems/demo/../..//hal/hcc/lib\libHCCD.a(safefat.o)
 .text._s_clearclustercontentdir
                0x20023b58      0x19c C:/Hoopoe3/satellite-subsystems/demo/../..//hal/hcc/lib\libHCCD.a(safefat.o)
 .text._s_writedirsector
                0x20023cf4       0xd0 C:/Hoopoe3/satellite-subsystems/demo/../..//hal/hcc/lib\libHCCD.a(safefat.o)
 .text._s_getdirsector
                0x20023dc4      0x100 C:/Hoopoe3/satellite-subsystems/demo/../..//hal/hcc/lib\libHCCD.a(safefat.o)
 .text._s_addentry
                0x20023ec4      0x394 C:/Hoopoe3/satellite-subsystems/demo/../..//hal/hcc/lib\libHCCD.a(safefat.o)
 .text._s_findfile
                0x20024258      0x33c C:/Hoopoe3/satellite-subsystems/demo/../..//hal/hcc/lib\libHCCD.a(safefat.o)
 .text._s_findsubdir
                0x20024594      0x248 C:/Hoopoe3/satellite-subsystems/demo/../..//hal/hcc/lib\libHCCD.a(safefat.o)
 .text._s_createfile
                0x200247dc      0x190 C:/Hoopoe3/satellite-subsystems/demo/../..//hal/hcc/lib\libHCCD.a(safefat.o)
 .text._s_findsaffile
                0x2002496c      0x1b8 C:/Hoopoe3/satellite-subsystems/demo/../..//hal/hcc/lib\libHCCD.a(safefat.o)
 .text._s_open  0x20024b24       0xe4 C:/Hoopoe3/satellite-subsystems/demo/../..//hal/hcc/lib\libHCCD.a(safefat.o)
 .text._s_open_saf
                0x20024c08       0xe8 C:/Hoopoe3/satellite-subsystems/demo/../..//hal/hcc/lib\libHCCD.a(safefat.o)
 .text._s_flush
                0x20024cf0       0x84 C:/Hoopoe3/satellite-subsystems/demo/../..//hal/hcc/lib\libHCCD.a(safefat.o)
 .text._s_allocnextcluster
                0x20024d74      0x13c C:/Hoopoe3/satellite-subsystems/demo/../..//hal/hcc/lib\libHCCD.a(safefat.o)
 .text._s_getnextsector
                0x20024eb0       0xdc C:/Hoopoe3/satellite-subsystems/demo/../..//hal/hcc/lib\libHCCD.a(safefat.o)
 .text._s_seek  0x20024f8c      0x1e8 C:/Hoopoe3/satellite-subsystems/demo/../..//hal/hcc/lib\libHCCD.a(safefat.o)
 .text._s_read  0x20025174      0x228 C:/Hoopoe3/satellite-subsystems/demo/../..//hal/hcc/lib\libHCCD.a(safefat.o)
 .text._s_write
                0x2002539c      0x384 C:/Hoopoe3/satellite-subsystems/demo/../..//hal/hcc/lib\libHCCD.a(safefat.o)
 .text._s_restoreclusters
                0x20025720      0x270 C:/Hoopoe3/satellite-subsystems/demo/../..//hal/hcc/lib\libHCCD.a(safefat.o)
                0x20025720                _s_restoreclusters
 .text._s_findrestore
                0x20025990      0x18c C:/Hoopoe3/satellite-subsystems/demo/../..//hal/hcc/lib\libHCCD.a(safefat.o)
 .text._s_cmd_writede
                0x20025b1c       0xd8 C:/Hoopoe3/satellite-subsystems/demo/../..//hal/hcc/lib\libHCCD.a(safefat.o)
 .text._s_cmd_setcluster
                0x20025bf4       0x88 C:/Hoopoe3/satellite-subsystems/demo/../..//hal/hcc/lib\libHCCD.a(safefat.o)
 .text._s_cmd_deletechain
                0x20025c7c      0x100 C:/Hoopoe3/satellite-subsystems/demo/../..//hal/hcc/lib\libHCCD.a(safefat.o)
 .text._s_cmd_validatecfn
                0x20025d7c      0x308 C:/Hoopoe3/satellite-subsystems/demo/../..//hal/hcc/lib\libHCCD.a(safefat.o)
 .text._s_cmd_seteof
                0x20026084      0x3c4 C:/Hoopoe3/satellite-subsystems/demo/../..//hal/hcc/lib\libHCCD.a(safefat.o)
 .text.safe_docommands
                0x20026448      0x56c C:/Hoopoe3/satellite-subsystems/demo/../..//hal/hcc/lib\libHCCD.a(safefat.o)
                0x20026448                safe_docommands
 .text.safe_entercommand
                0x200269b4       0x68 C:/Hoopoe3/satellite-subsystems/demo/../..//hal/hcc/lib\libHCCD.a(safefat.o)
                0x200269b4                safe_entercommand
 .text.safe_ready
                0x20026a1c       0xf4 C:/Hoopoe3/satellite-subsystems/demo/../..//hal/hcc/lib\libHCCD.a(safefat.o)
                0x20026a1c                safe_ready
 .text.safe_copycfn
                0x20026b10       0xb8 C:/Hoopoe3/satellite-subsystems/demo/../..//hal/hcc/lib\libHCCD.a(safefat.o)
                0x20026b10                safe_copycfn
 .text.safe_cfremove
                0x20026bc8       0xb8 C:/Hoopoe3/satellite-subsystems/demo/../..//hal/hcc/lib\libHCCD.a(safefat.o)
                0x20026bc8                safe_cfremove
 .text.safe_writede
                0x20026c80      0x104 C:/Hoopoe3/satellite-subsystems/demo/../..//hal/hcc/lib\libHCCD.a(safefat.o)
                0x20026c80                safe_writede
 .text.safe_setcluster
                0x20026d84       0xcc C:/Hoopoe3/satellite-subsystems/demo/../..//hal/hcc/lib\libHCCD.a(safefat.o)
                0x20026d84                safe_setcluster
 .text.safe_deletechain
                0x20026e50      0x1c8 C:/Hoopoe3/satellite-subsystems/demo/../..//hal/hcc/lib\libHCCD.a(safefat.o)
                0x20026e50                safe_deletechain
 .text.safe_cfclose
                0x20027018      0x104 C:/Hoopoe3/satellite-subsystems/demo/../..//hal/hcc/lib\libHCCD.a(safefat.o)
                0x20027018                safe_cfclose
 .text.safe_cfflush
                0x2002711c      0x124 C:/Hoopoe3/satellite-subsystems/demo/../..//hal/hcc/lib\libHCCD.a(safefat.o)
                0x2002711c                safe_cfflush
 .text.safe_reset
                0x20027240       0x78 C:/Hoopoe3/satellite-subsystems/demo/../..//hal/hcc/lib\libHCCD.a(safefat.o)
                0x20027240                safe_reset
 .text.safe_loadcommands
                0x200272b8       0x78 C:/Hoopoe3/satellite-subsystems/demo/../..//hal/hcc/lib\libHCCD.a(safefat.o)
                0x200272b8                safe_loadcommands
 .text.safe_poweron
                0x20027330      0x1fc C:/Hoopoe3/satellite-subsystems/demo/../..//hal/hcc/lib\libHCCD.a(safefat.o)
                0x20027330                safe_poweron
 .text.cf_getname
                0x2002752c       0xc0 C:/Hoopoe3/satellite-subsystems/demo/../..//hal/hcc/lib\libHCCD.a(safefat.o)
 .text.cf_copyclusterchain
                0x200275ec      0x138 C:/Hoopoe3/satellite-subsystems/demo/../..//hal/hcc/lib\libHCCD.a(safefat.o)
 .text.cf_seektozero
                0x20027724       0x94 C:/Hoopoe3/satellite-subsystems/demo/../..//hal/hcc/lib\libHCCD.a(safefat.o)
                0x20027724                cf_seektozero
 .text.cf_create
                0x200277b8      0x3a8 C:/Hoopoe3/satellite-subsystems/demo/../..//hal/hcc/lib\libHCCD.a(safefat.o)
                0x200277b8                cf_create
 .text.cf_copyclustercontent
                0x20027b60      0x128 C:/Hoopoe3/satellite-subsystems/demo/../..//hal/hcc/lib\libHCCD.a(safefat.o)
                0x20027b60                cf_copyclustercontent
 .text.cf_copycfn
                0x20027c88      0x4bc C:/Hoopoe3/satellite-subsystems/demo/../..//hal/hcc/lib\libHCCD.a(safefat.o)
                0x20027c88                cf_copycfn
 .text.cf_remove
                0x20028144      0x344 C:/Hoopoe3/satellite-subsystems/demo/../..//hal/hcc/lib\libHCCD.a(safefat.o)
                0x20028144                cf_remove
 .text.cf_setclusternew
                0x20028488       0xf0 C:/Hoopoe3/satellite-subsystems/demo/../..//hal/hcc/lib\libHCCD.a(safefat.o)
                0x20028488                cf_setclusternew
 .text.cf_flush
                0x20028578       0x58 C:/Hoopoe3/satellite-subsystems/demo/../..//hal/hcc/lib\libHCCD.a(safefat.o)
                0x20028578                cf_flush
 .text.cf_getcluster
                0x200285d0      0x1b4 C:/Hoopoe3/satellite-subsystems/demo/../..//hal/hcc/lib\libHCCD.a(safefat.o)
                0x200285d0                cf_getcluster
 .text.cf_setnextcluster
                0x20028784      0x194 C:/Hoopoe3/satellite-subsystems/demo/../..//hal/hcc/lib\libHCCD.a(safefat.o)
                0x20028784                cf_setnextcluster
 .text.cf_getpositions
                0x20028918       0xbc C:/Hoopoe3/satellite-subsystems/demo/../..//hal/hcc/lib\libHCCD.a(safefat.o)
                0x20028918                cf_getpositions
 .text.cf_setpositions
                0x200289d4       0xb0 C:/Hoopoe3/satellite-subsystems/demo/../..//hal/hcc/lib\libHCCD.a(safefat.o)