Archive member included because of file (symbol)

c:/isis/application/toolchain/bin/../lib/gcc/arm-none-eabi/4.7.4/../../../../arm-none-eabi/lib\libc_s.a(lib_a-vfprintf_float.o)
                              (_printf_float)
c:/isis/application/toolchain/bin/../lib/gcc/arm-none-eabi/4.7.4/../../../../arm-none-eabi/lib\libc_s.a(lib_a-vfprintf_i.o)
                              c:/isis/application/toolchain/bin/../lib/gcc/arm-none-eabi/4.7.4/../../../../arm-none-eabi/lib\libc_s.a(lib_a-vfprintf_float.o) (_printf_common)
c:/isis/application/toolchain/bin/../lib/gcc/arm-none-eabi/4.7.4/../../../../arm-none-eabi/lib\libc_s.a(lib_a-vfscanf_float.o)
                              (_scanf_float)
c:/isis/application/toolchain/bin/../lib/gcc/arm-none-eabi/4.7.4/../../../../arm-none-eabi/lib\libc_s.a(lib_a-dtoa.o)
                              c:/isis/application/toolchain/bin/../lib/gcc/arm-none-eabi/4.7.4/../../../../arm-none-eabi/lib\libc_s.a(lib_a-vfprintf_float.o) (_dtoa_r)
c:/isis/application/toolchain/bin/../lib/gcc/arm-none-eabi/4.7.4/../../../../arm-none-eabi/lib\libc_s.a(lib_a-locale.o)
                              c:/isis/application/toolchain/bin/../lib/gcc/arm-none-eabi/4.7.4/../../../../arm-none-eabi/lib\libc_s.a(lib_a-vfprintf_float.o) (_localeconv_r)
c:/isis/application/toolchain/bin/../lib/gcc/arm-none-eabi/4.7.4/../../../../arm-none-eabi/lib\libc_s.a(lib_a-malloc.o)
                              c:/isis/application/toolchain/bin/../lib/gcc/arm-none-eabi/4.7.4/../../../../arm-none-eabi/lib\libc_s.a(lib_a-dtoa.o) (malloc)
c:/isis/application/toolchain/bin/../lib/gcc/arm-none-eabi/4.7.4/../../../../arm-none-eabi/lib\libc_s.a(lib_a-mallocr.o)
                              c:/isis/application/toolchain/bin/../lib/gcc/arm-none-eabi/4.7.4/../../../../arm-none-eabi/lib\libc_s.a(lib_a-malloc.o) (_malloc_r)
c:/isis/application/toolchain/bin/../lib/gcc/arm-none-eabi/4.7.4/../../../../arm-none-eabi/lib\libc_s.a(lib_a-memcpy.o)
                              c:/isis/application/toolchain/bin/../lib/gcc/arm-none-eabi/4.7.4/../../../../arm-none-eabi/lib\libc_s.a(lib_a-dtoa.o) (memcpy)
c:/isis/application/toolchain/bin/../lib/gcc/arm-none-eabi/4.7.4/../../../../arm-none-eabi/lib\libc_s.a(lib_a-mprec.o)
                              c:/isis/application/toolchain/bin/../lib/gcc/arm-none-eabi/4.7.4/../../../../arm-none-eabi/lib\libc_s.a(lib_a-dtoa.o) (_Balloc)
c:/isis/application/toolchain/bin/../lib/gcc/arm-none-eabi/4.7.4/../../../../arm-none-eabi/lib\libc_s.a(lib_a-s_fpclassify.o)
                              c:/isis/application/toolchain/bin/../lib/gcc/arm-none-eabi/4.7.4/../../../../arm-none-eabi/lib\libc_s.a(lib_a-vfprintf_float.o) (__fpclassifyd)
c:/isis/application/toolchain/bin/../lib/gcc/arm-none-eabi/4.7.4/../../../../arm-none-eabi/lib\libc_s.a(lib_a-sbrkr.o)
                              c:/isis/application/toolchain/bin/../lib/gcc/arm-none-eabi/4.7.4/../../../../arm-none-eabi/lib\libc_s.a(lib_a-mallocr.o) (_sbrk_r)
c:/isis/application/toolchain/bin/../lib/gcc/arm-none-eabi/4.7.4/../../../../arm-none-eabi/lib\libc_s.a(lib_a-sf_nan.o)
                              c:/isis/application/toolchain/bin/../lib/gcc/arm-none-eabi/4.7.4/../../../../arm-none-eabi/lib\libc_s.a(lib_a-vfscanf_float.o) (nanf)
c:/isis/application/toolchain/bin/../lib/gcc/arm-none-eabi/4.7.4/../../../../arm-none-eabi/lib\libc_s.a(lib_a-sprintf.o)
                              c:/isis/application/toolchain/bin/../lib/gcc/arm-none-eabi/4.7.4/../../../../arm-none-eabi/lib\libc_s.a(lib_a-vfscanf_float.o) (sprintf)
c:/isis/application/toolchain/bin/../lib/gcc/arm-none-eabi/4.7.4/../../../../arm-none-eabi/lib\libc_s.a(lib_a-strcmp.o)
                              c:/isis/application/toolchain/bin/../lib/gcc/arm-none-eabi/4.7.4/../../../../arm-none-eabi/lib\libc_s.a(lib_a-locale.o) (strcmp)
c:/isis/application/toolchain/bin/../lib/gcc/arm-none-eabi/4.7.4/../../../../arm-none-eabi/lib\libc_s.a(lib_a-strlen.o)
                              c:/isis/application/toolchain/bin/../lib/gcc/arm-none-eabi/4.7.4/../../../../arm-none-eabi/lib\libc_s.a(lib_a-vfprintf_float.o) (strlen)
c:/isis/application/toolchain/bin/../lib/gcc/arm-none-eabi/4.7.4/../../../../arm-none-eabi/lib\libc_s.a(lib_a-strtod.o)
                              c:/isis/application/toolchain/bin/../lib/gcc/arm-none-eabi/4.7.4/../../../../arm-none-eabi/lib\libc_s.a(lib_a-vfscanf_float.o) (_strtod_r)
c:/isis/application/toolchain/bin/../lib/gcc/arm-none-eabi/4.7.4/../../../../arm-none-eabi/lib\libc_s.a(lib_a-strtol.o)
                              c:/isis/application/toolchain/bin/../lib/gcc/arm-none-eabi/4.7.4/../../../../arm-none-eabi/lib\libc_s.a(lib_a-vfscanf_float.o) (_strtol_r)
c:/isis/application/toolchain/bin/../lib/gcc/arm-none-eabi/4.7.4/../../../../arm-none-eabi/lib\libc_s.a(lib_a-svfprintf.o)
                              c:/isis/application/toolchain/bin/../lib/gcc/arm-none-eabi/4.7.4/../../../../arm-none-eabi/lib\libc_s.a(lib_a-sprintf.o) (_svfprintf_r)
[...]
Memory Configuration

Name             Origin             Length             Attributes
sram0            0x00200000         0x00004000         w !xr
sram1            0x00300000         0x00004000         w !xr
sdram            0x20000000         0x02000000         w !xr
*default*        0x00000000         0xffffffff

Linker script and memory map

LOAD c:/isis/application/toolchain/bin/../lib/gcc/arm-none-eabi/4.7.4/../../../../arm-none-eabi/lib\libc_s.a
LOAD ./src/sub-systemCode/payload/Request Management/Dump/Butchering.o
LOAD ./src/sub-systemCode/payload/Request Management/Dump/imageDump.o
LOAD ./src/sub-systemCode/payload/Request Management/CameraManeger.o
LOAD ./src/sub-systemCode/payload/Request Management/DB_RequestHandling.o
LOAD ./src/sub-systemCode/payload/Misc/Boolean_bit.o
LOAD ./src/sub-systemCode/payload/Misc/FileSystem.o
LOAD ./src/sub-systemCode/payload/Drivers/GeckoCameraDriver.o
LOAD ./src/sub-systemCode/payload/DataBase/DataBase.o
LOAD ./src/sub-systemCode/payload/Compression/jpeg/bmp/rawToBMP.o
LOAD ./src/sub-systemCode/payload/Compression/jpeg/DCT.o
LOAD ./src/sub-systemCode/payload/Compression/jpeg/ImgCompressor.o
LOAD ./src/sub-systemCode/payload/Compression/jpeg/color_conv.o
LOAD ./src/sub-systemCode/payload/Compression/jpeg/jpeg.o
LOAD ./src/sub-systemCode/payload/Compression/jpeg/jpeg_encoder.o
LOAD ./src/sub-systemCode/payload/Compression/jpeg/jpeg_memory_alloc.o
LOAD ./src/sub-systemCode/payload/Compression/jpeg/jpeg_params.o
LOAD ./src/sub-systemCode/payload/Compression/jpeg/output_stream.o
LOAD ./src/sub-systemCode/payload/Compression/ImageConversion.o
LOAD ./src/sub-systemCode/Main/CMD/COMM_CMD.o
LOAD ./src/sub-systemCode/Main/CMD/EPS_CMD.o
LOAD ./src/sub-systemCode/Main/CMD/General_CMD.o
LOAD ./src/sub-systemCode/Main/CMD/SW_CMD.o
LOAD ./src/sub-systemCode/Main/CMD/payload_CMD.o
LOAD ./src/sub-systemCode/Main/Ants.o
LOAD ./src/sub-systemCode/Main/EPS.o
LOAD ./src/sub-systemCode/Main/HouseKeeping.o
LOAD ./src/sub-systemCode/Main/Main_Init.o
LOAD ./src/sub-systemCode/Main/commands.o
LOAD ./src/sub-systemCode/Global/Global.o
LOAD ./src/sub-systemCode/Global/GlobalParam.o
LOAD ./src/sub-systemCode/Global/OnlineTM.o
LOAD ./src/sub-systemCode/Global/TLM_management.o
LOAD ./src/sub-systemCode/COMM/APRS.o
LOAD ./src/sub-systemCode/COMM/DelayedCommand_list.o
LOAD ./src/sub-systemCode/COMM/GSC.o
LOAD ./src/sub-systemCode/COMM/TRXVU.o
LOAD ./src/sub-systemCode/ADCS/ADCS.o
LOAD ./src/sub-systemCode/ADCS/Stage_Table.o
LOAD ./src/main.o
LOAD C:/HOOPOE3/satellite-subsystems/demo/..//satellite-subsystems/lib\libSatelliteSubsystemsD.a
LOAD c:/isis/application/toolchain/bin/../lib/gcc/arm-none-eabi/4.7.4/../../../../arm-none-eabi/lib\libm.a
LOAD C:/HOOPOE3/satellite-subsystems/demo/../..//hal/hcc/lib\libHCCD.a
LOAD C:/HOOPOE3/satellite-subsystems/demo/../..//hal/hal/lib\libHALD.a
LOAD C:/HOOPOE3/satellite-subsystems/demo/../..//hal/freertos/lib\libFreeRTOSD.a
LOAD C:/HOOPOE3/satellite-subsystems/demo/../..//hal/at91/lib\libAt91D.a
START GROUP
LOAD c:/isis/application/toolchain/bin/../lib/gcc/arm-none-eabi/4.7.4\libgcc.a
LOAD c:/isis/application/toolchain/bin/../lib/gcc/arm-none-eabi/4.7.4/../../../../arm-none-eabi/lib\libc_s.a
END GROUP

.fixed          0x20000000    0x4e8c0
                0x20000000                . = ALIGN (0x4)
                0x20000000                _sfixed = .
 *(.startup)
 .startup       0x20000000      0x134 C:/HOOPOE3/satellite-subsystems/demo/../..//hal/at91/lib\libAt91D.a(board_cstartup.o)
                0x20000000                entry
 *(.text)
 .text          0x20000134       0x64 C:/HOOPOE3/satellite-subsystems/demo/../..//hal/at91/lib\libAt91D.a(cp15_asm.o)
                0x20000134                _readControlRegister
                0x20000140                _writeControlRegister
                0x20000148                _waitForInterrupt
                0x20000154                _writeTTB
                0x2000015c                _writeDomain
                0x20000164                _writeITLBLockdown
                0x2000016c                _prefetchICacheLine
                0x20000174                _flushDCache
                0x20000180                _flushWriteBuffer
                0x2000018c                _invalidateIDTLBs
 .text          0x20000198      0x114 c:/isis/application/toolchain/bin/../lib/gcc/arm-none-eabi/4.7.4\libgcc.a(_udivsi3.o)
                0x20000198                __aeabi_uidiv
                0x20000198                __udivsi3
                0x2000028c                __aeabi_uidivmod
 .text          0x200002ac      0x148 c:/isis/application/toolchain/bin/../lib/gcc/arm-none-eabi/4.7.4\libgcc.a(_divsi3.o)
                0x200002ac                __divsi3
                0x200002ac                __aeabi_idiv
                0x200003d4                __aeabi_idivmod
 .text          0x200003f4        0x4 c:/isis/application/toolchain/bin/../lib/gcc/arm-none-eabi/4.7.4\libgcc.a(_dvmd_tls.o)
                0x200003f4                __aeabi_idiv0
                0x200003f4                __aeabi_ldiv0
 .text          0x200003f8      0x41c c:/isis/application/toolchain/bin/../lib/gcc/arm-none-eabi/4.7.4\libgcc.a(_arm_addsubdf3.o)
                0x200003f8                __aeabi_drsub
                0x20000400                __aeabi_dsub
                0x20000400                __subdf3
                0x20000404                __aeabi_dadd
                0x20000404                __adddf3
                0x20000714                __floatunsidf
                0x20000714                __aeabi_ui2d
                0x20000738                __floatsidf
                0x20000738                __aeabi_i2d
                0x20000760                __aeabi_f2d
                0x20000760                __extendsfdf2
                0x200007a0                __floatundidf
                0x200007a0                __aeabi_ul2d
                0x200007b4                __floatdidf
                0x200007b4                __aeabi_l2d
 .text          0x20000814      0x49c c:/isis/application/toolchain/bin/../lib/gcc/arm-none-eabi/4.7.4\libgcc.a(_arm_muldivdf3.o)
                0x20000814                __aeabi_dmul
                0x20000814                __muldf3
                0x20000aa4                __divdf3
                0x20000aa4                __aeabi_ddiv
 .text          0x20000cb0      0x144 c:/isis/application/toolchain/bin/../lib/gcc/arm-none-eabi/4.7.4\libgcc.a(_arm_cmpdf2.o)
                0x20000cb0                __gtdf2
                0x20000cb0                __gedf2
                0x20000cb8                __ltdf2
                0x20000cb8                __ledf2
                0x20000cc0                __nedf2
                0x20000cc0                __eqdf2
                0x20000cc0                __cmpdf2
                0x20000d48                __aeabi_cdrcmple
                0x20000d64                __aeabi_cdcmpeq
                0x20000d64                __aeabi_cdcmple
                0x20000d7c                __aeabi_dcmpeq
                0x20000d94                __aeabi_dcmplt
                0x20000dac                __aeabi_dcmple
                0x20000dc4                __aeabi_dcmpge
                0x20000ddc                __aeabi_dcmpgt
 .text          0x20000df4       0x5c c:/isis/application/toolchain/bin/../lib/gcc/arm-none-eabi/4.7.4\libgcc.a(_arm_fixdfsi.o)
                0x20000df4                __aeabi_d2iz
                0x20000df4                __fixdfsi
 .text          0x20000e50       0x54 c:/isis/application/toolchain/bin/../lib/gcc/arm-none-eabi/4.7.4\libgcc.a(_arm_fixunsdfsi.o)
                0x20000e50                __aeabi_d2uiz
                0x20000e50                __fixunsdfsi
 .text          0x20000ea4       0xa0 c:/isis/application/toolchain/bin/../lib/gcc/arm-none-eabi/4.7.4\libgcc.a(_arm_truncdfsf2.o)
                0x20000ea4                __truncdfsf2
                0x20000ea4                __aeabi_d2f
 .text          0x20000f44      0x2ac c:/isis/application/toolchain/bin/../lib/gcc/arm-none-eabi/4.7.4\libgcc.a(_arm_addsubsf3.o)
                0x20000f44                __aeabi_frsub
                0x20000f4c                __subsf3
                0x20000f4c                __aeabi_fsub
                0x20000f50                __aeabi_fadd
                0x20000f50                __addsf3
                0x2000110c                __aeabi_ui2f
                0x2000110c                __floatunsisf
                0x20001114                __aeabi_i2f
                0x20001114                __floatsisf
                0x20001134                __aeabi_ul2f
                0x20001134                __floatundisf
                0x20001144                __aeabi_l2f
                0x20001144                __floatdisf
 .text          0x200011f0      0x2f8 c:/isis/application/toolchain/bin/../lib/gcc/arm-none-eabi/4.7.4\libgcc.a(_arm_muldivsf3.o)
                0x200011f0                __mulsf3
                0x200011f0                __aeabi_fmul
                0x20001388                __aeabi_fdiv
                0x20001388                __divsf3
 .text          0x200014e8       0x5c c:/isis/application/toolchain/bin/../lib/gcc/arm-none-eabi/4.7.4\libgcc.a(_arm_fixsfsi.o)
                0x200014e8                __aeabi_f2iz
                0x200014e8                __fixsfsi
 .text          0x20001544       0x54 c:/isis/application/toolchain/bin/../lib/gcc/arm-none-eabi/4.7.4\libgcc.a(_arm_fixunssfsi.o)
                0x20001544                __fixunssfsi
                0x20001544                __aeabi_f2uiz
 *(.text*)
 .text.__cvt    0x20001598      0x138 c:/isis/application/toolchain/bin/../lib/gcc/arm-none-eabi/4.7.4/../../../../arm-none-eabi/lib\libc_s.a(lib_a-vfprintf_float.o)
                0x20001598                __cvt
 .text.__exponent
                0x200016d0       0xa8 c:/isis/application/toolchain/bin/../lib/gcc/arm-none-eabi/4.7.4/../../../../arm-none-eabi/lib\libc_s.a(lib_a-vfprintf_float.o)
                0x200016d0                __exponent
 .text._printf_float
                0x20001778      0x7dc c:/isis/application/toolchain/bin/../lib/gcc/arm-none-eabi/4.7.4/../../../../arm-none-eabi/lib\libc_s.a(lib_a-vfprintf_float.o)
                0x20001778                _printf_float
 .text._printf_common
                0x20001f54      0x174 c:/isis/application/toolchain/bin/../lib/gcc/arm-none-eabi/4.7.4/../../../../arm-none-eabi/lib\libc_s.a(lib_a-vfprintf_i.o)
                0x20001f54                _printf_common
 .text._printf_i
                0x200020c8      0x3c4 c:/isis/application/toolchain/bin/../lib/gcc/arm-none-eabi/4.7.4/../../../../arm-none-eabi/lib\libc_s.a(lib_a-vfprintf_i.o)
                0x200020c8                _printf_i
 .text._scanf_float
                0x2000248c      0x5f4 c:/isis/application/toolchain/bin/../lib/gcc/arm-none-eabi/4.7.4/../../../../arm-none-eabi/lib\libc_s.a(lib_a-vfscanf_float.o)
                0x2000248c                _scanf_float
 .text.quorem   0x20002a80      0x1ac c:/isis/application/toolchain/bin/../lib/gcc/arm-none-eabi/4.7.4/../../../../arm-none-eabi/lib\libc_s.a(lib_a-dtoa.o)
 .text._dtoa_r  0x20002c2c     0x1268 c:/isis/application/toolchain/bin/../lib/gcc/arm-none-eabi/4.7.4/../../../../arm-none-eabi/lib\libc_s.a(lib_a-dtoa.o)
                0x20002c2c                _dtoa_r
 .text._localeconv_r
                0x20003e94        0xc c:/isis/application/toolchain/bin/../lib/gcc/arm-none-eabi/4.7.4/../../../../arm-none-eabi/lib\libc_s.a(lib_a-locale.o)
                0x20003e94                _localeconv_r
 .text.malloc   0x20003ea0       0x20 c:/isis/application/toolchain/bin/../lib/gcc/arm-none-eabi/4.7.4/../../../../arm-none-eabi/lib\libc_s.a(lib_a-malloc.o)
                0x20003ea0                malloc
 .text.free     0x20003ec0       0x20 c:/isis/application/toolchain/bin/../lib/gcc/arm-none-eabi/4.7.4/../../../../arm-none-eabi/lib\libc_s.a(lib_a-malloc.o)
                0x20003ec0                free
 .text._malloc_r
                0x20003ee0       0xfc c:/isis/application/toolchain/bin/../lib/gcc/arm-none-eabi/4.7.4/../../../../arm-none-eabi/lib\libc_s.a(lib_a-mallocr.o)
                0x20003ee0                _malloc_r
 .text.memcpy   0x20003fdc       0x20 c:/isis/application/toolchain/bin/../lib/gcc/arm-none-eabi/4.7.4/../../../../arm-none-eabi/lib\libc_s.a(lib_a-memcpy.o)
                0x20003fdc                memcpy
 .text._Balloc  0x20003ffc       0xcc c:/isis/application/toolchain/bin/../lib/gcc/arm-none-eabi/4.7.4/../../../../arm-none-eabi/lib\libc_s.a(lib_a-mprec.o)
                0x20003ffc                _Balloc
 .text._Bfree   0x200040c8       0x5c c:/isis/application/toolchain/bin/../lib/gcc/arm-none-eabi/4.7.4/../../../../arm-none-eabi/lib\libc_s.a(lib_a-mprec.o)
                0x200040c8                _Bfree
 .text.__multadd
                0x20004124       0xbc c:/isis/application/toolchain/bin/../lib/gcc/arm-none-eabi/4.7.4/../../../../arm-none-eabi/lib\libc_s.a(lib_a-mprec.o)
                0x20004124                __multadd
 .text.__s2b    0x200041e0       0xd8 c:/isis/application/toolchain/bin/../lib/gcc/arm-none-eabi/4.7.4/../../../../arm-none-eabi/lib\libc_s.a(lib_a-mprec.o)
                0x200041e0                __s2b
 .text.__hi0bits
                0x200042b8       0x58 c:/isis/application/toolchain/bin/../lib/gcc/arm-none-eabi/4.7.4/../../../../arm-none-eabi/lib\libc_s.a(lib_a-mprec.o)
                0x200042b8                __hi0bits
 .text.__lo0bits
                0x20004310       0x94 c:/isis/application/toolchain/bin/../lib/gcc/arm-none-eabi/4.7.4/../../../../arm-none-eabi/lib\libc_s.a(lib_a-mprec.o)
                0x20004310                __lo0bits
 .text.__i2b    0x200043a4       0x24 c:/isis/application/toolchain/bin/../lib/gcc/arm-none-eabi/4.7.4/../../../../arm-none-eabi/lib\libc_s.a(lib_a-mprec.o)
                0x200043a4                __i2b
 .text.__multiply
                0x200043c8      0x1ac c:/isis/application/toolchain/bin/../lib/gcc/arm-none-eabi/4.7.4/../../../../arm-none-eabi/lib\libc_s.a(lib_a-mprec.o)
                0x200043c8                __multiply
 .text.__pow5mult
                0x20004574      0x10c c:/isis/application/toolchain/bin/../lib/gcc/arm-none-eabi/4.7.4/../../../../arm-none-eabi/lib\libc_s.a(lib_a-mprec.o)
                0x20004574                __pow5mult
 .text.__lshift
                0x20004680       0xf0 c:/isis/application/toolchain/bin/../lib/gcc/arm-none-eabi/4.7.4/../../../../arm-none-eabi/lib\libc_s.a(lib_a-mprec.o)
                0x20004680                __lshift
 .text.__mcmp   0x20004770       0x60 c:/isis/application/toolchain/bin/../lib/gcc/arm-none-eabi/4.7.4/../../../../arm-none-eabi/lib\libc_s.a(lib_a-mprec.o)
                0x20004770                __mcmp
 .text.__mdiff  0x200047d0      0x128 c:/isis/application/toolchain/bin/../lib/gcc/arm-none-eabi/4.7.4/../../../../arm-none-eabi/lib\libc_s.a(lib_a-mprec.o)
                0x200047d0                __mdiff
 .text.__ulp    0x200048f8       0x5c c:/isis/application/toolchain/bin/../lib/gcc/arm-none-eabi/4.7.4/../../../../arm-none-eabi/lib\libc_s.a(lib_a-mprec.o)
                0x200048f8                __ulp
 .text.__b2d    0x20004954       0xc8 c:/isis/application/toolchain/bin/../lib/gcc/arm-none-eabi/4.7.4/../../../../arm-none-eabi/lib\libc_s.a(lib_a-mprec.o)
                0x20004954                __b2d
 .text.__d2b    0x20004a1c       0xfc c:/isis/application/toolchain/bin/../lib/gcc/arm-none-eabi/4.7.4/../../../../arm-none-eabi/lib\libc_s.a(lib_a-mprec.o)
                0x20004a1c                __d2b
 .text.__ratio  0x20004b18       0x70 c:/isis/application/toolchain/bin/../lib/gcc/arm-none-eabi/4.7.4/../../../../arm-none-eabi/lib\libc_s.a(lib_a-mprec.o)
                0x20004b18                __ratio
 .text.__copybits
                0x20004b88       0x4c c:/isis/application/toolchain/bin/../lib/gcc/arm-none-eabi/4.7.4/../../../../arm-none-eabi/lib\libc_s.a(lib_a-mprec.o)
                0x20004b88                __copybits
 .text.__any_on
                0x20004bd4       0x7c c:/isis/application/toolchain/bin/../lib/gcc/arm-none-eabi/4.7.4/../../../../arm-none-eabi/lib\libc_s.a(lib_a-mprec.o)
                0x20004bd4                __any_on
 .text.__fpclassifyd
                0x20004c50       0x6c c:/isis/application/toolchain/bin/../lib/gcc/arm-none-eabi/4.7.4/../../../../arm-none-eabi/lib\libc_s.a(lib_a-s_fpclassify.o)
                0x20004c50                __fpclassifyd
 .text._sbrk_r  0x20004cbc       0x3c c:/isis/application/toolchain/bin/../lib/gcc/arm-none-eabi/4.7.4/../../../../arm-none-eabi/lib\libc_s.a(lib_a-sbrkr.o)
                0x20004cbc                _sbrk_r
 .text.nanf     0x20004cf8        0xc c:/isis/application/toolchain/bin/../lib/gcc/arm-none-eabi/4.7.4/../../../../arm-none-eabi/lib\libc_s.a(lib_a-sf_nan.o)
                0x20004cf8                nanf
 .text.sprintf  0x20004d04       0x6c c:/isis/application/toolchain/bin/../lib/gcc/arm-none-eabi/4.7.4/../../../../arm-none-eabi/lib\libc_s.a(lib_a-sprintf.o)
                0x20004d04                siprintf
                0x20004d04                sprintf
 .text.strcmp   0x20004d70       0x1c c:/isis/application/toolchain/bin/../lib/gcc/arm-none-eabi/4.7.4/../../../../arm-none-eabi/lib\libc_s.a(lib_a-strcmp.o)
                0x20004d70                strcmp
 .text.strlen   0x20004d8c       0x1c c:/isis/application/toolchain/bin/../lib/gcc/arm-none-eabi/4.7.4/../../../../arm-none-eabi/lib\libc_s.a(lib_a-strlen.o)
                0x20004d8c                strlen
 .text.match    0x20004da8       0x54 c:/isis/application/toolchain/bin/../lib/gcc/arm-none-eabi/4.7.4/../../../../arm-none-eabi/lib\libc_s.a(lib_a-strtod.o)
 .text._strtod_r
                0x20004dfc     0x1168 c:/isis/application/toolchain/bin/../lib/gcc/arm-none-eabi/4.7.4/../../../../arm-none-eabi/lib\libc_s.a(lib_a-strtod.o)
                0x20004dfc                _strtod_r
 .text._strtol_r
                0x20005f64      0x1b8 c:/isis/application/toolchain/bin/../lib/gcc/arm-none-eabi/4.7.4/../../../../arm-none-eabi/lib\libc_s.a(lib_a-strtol.o)
                0x20005f64                _strtol_r
 .text.__ssputc_r
                0x2000611c      0x10c c:/isis/application/toolchain/bin/../lib/gcc/arm-none-eabi/4.7.4/../../../../arm-none-eabi/lib\libc_s.a(lib_a-svfprintf.o)
                0x2000611c                __ssputc_r
 .text._svfprintf_r
                0x20006228      0x328 c:/isis/application/toolchain/bin/../lib/gcc/arm-none-eabi/4.7.4/../../../../arm-none-eabi/lib\libc_s.a(lib_a-svfprintf.o)
                0x20006228                _svfiprintf_r
                0x20006228                _svfprintf_r
 .text._calloc_r
                0x20006550       0x2c c:/isis/application/toolchain/bin/../lib/gcc/arm-none-eabi/4.7.4/../../../../arm-none-eabi/lib\libc_s.a(lib_a-callocr.o)
                0x20006550                _calloc_r
 .text._free_r  0x2000657c      0x108 c:/isis/application/toolchain/bin/../lib/gcc/arm-none-eabi/4.7.4/../../../../arm-none-eabi/lib\libc_s.a(lib_a-freer.o)
                0x2000657c                _free_r
 .text.rshift   0x20006684       0xb0 c:/isis/application/toolchain/bin/../lib/gcc/arm-none-eabi/4.7.4/../../../../arm-none-eabi/lib\libc_s.a(lib_a-gdtoa-gethex.o)
 .text.htinit.constprop.0
                0x20006734       0x34 c:/isis/application/toolchain/bin/../lib/gcc/arm-none-eabi/4.7.4/../../../../arm-none-eabi/lib\libc_s.a(lib_a-gdtoa-gethex.o)
 .text.__hexdig_init
                0x20006768       0x38 c:/isis/application/toolchain/bin/../lib/gcc/arm-none-eabi/4.7.4/../../../../arm-none-eabi/lib\libc_s.a(lib_a-gdtoa-gethex.o)
                0x20006768                __hexdig_init
 .text.__gethex
                0x200067a0      0x6cc c:/isis/application/toolchain/bin/../lib/gcc/arm-none-eabi/4.7.4/../../../../arm-none-eabi/lib\libc_s.a(lib_a-gdtoa-gethex.o)
                0x200067a0                __gethex
 .text.L_shift  0x20006e6c       0x38 c:/isis/application/toolchain/bin/../lib/gcc/arm-none-eabi/4.7.4/../../../../arm-none-eabi/lib\libc_s.a(lib_a-gdtoa-hexnan.o)
 .text.__hexnan
                0x20006ea4      0x1d8 c:/isis/application/toolchain/bin/../lib/gcc/arm-none-eabi/4.7.4/../../../../arm-none-eabi/lib\libc_s.a(lib_a-gdtoa-hexnan.o)
                0x20006ea4                __hexnan
 .text.memchr   0x2000707c       0x34 c:/isis/application/toolchain/bin/../lib/gcc/arm-none-eabi/4.7.4/../../../../arm-none-eabi/lib\libc_s.a(lib_a-memchr.o)
                0x2000707c                memchr
 .text.memset   0x200070b0       0x1c c:/isis/application/toolchain/bin/../lib/gcc/arm-none-eabi/4.7.4/../../../../arm-none-eabi/lib\libc_s.a(lib_a-memset.o)
                0x200070b0                memset
 .text._realloc_r
                0x200070cc       0x80 c:/isis/application/toolchain/bin/../lib/gcc/arm-none-eabi/4.7.4/../../../../arm-none-eabi/lib\libc_s.a(lib_a-reallocr.o)
                0x200070cc                _realloc_r
 .text.strncmp  0x2000714c       0x64 c:/isis/application/toolchain/bin/../lib/gcc/arm-none-eabi/4.7.4/../../../../arm-none-eabi/lib\libc_s.a(lib_a-strncmp.o)
                0x2000714c                strncmp
 .text._malloc_usable_size_r
                0x200071b0       0x1c c:/isis/application/toolchain/bin/../lib/gcc/arm-none-eabi/4.7.4/../../../../arm-none-eabi/lib\libc_s.a(lib_a-msizer.o)
                0x200071b0                _malloc_usable_size_r
 .text.GetChunkFromImage
                0x200071cc      0x2e0 ./src/sub-systemCode/payload/Request Management/Dump/Butchering.o
                0x200071cc                GetChunkFromImage
 .text.SimpleButcher
                0x200074ac       0xf4 ./src/sub-systemCode/payload/Request Management/Dump/Butchering.o
                0x200074ac                SimpleButcher
 .text.setChunkDimensions_inFRAM
                0x200075a0       0xac ./src/sub-systemCode/payload/Request Management/Dump/imageDump.o
                0x200075a0                setChunkDimensions_inFRAM
 .text.readChunkDimentionsFromFRAM
                0x2000764c       0x80 ./src/sub-systemCode/payload/Request Management/Dump/imageDump.o
                0x2000764c                readChunkDimentionsFromFRAM
 .text.find_subType_ofImage
                0x200076cc       0xe0 ./src/sub-systemCode/payload/Request Management/Dump/imageDump.o
                0x200076cc                find_subType_ofImage
 .text.buildAndSend_chunck
                0x200077ac      0x314 ./src/sub-systemCode/payload/Request Management/Dump/imageDump.o
                0x200077ac                buildAndSend_chunck
 .text.bitField_imageDump
                0x20007ac0      0x28c ./src/sub-systemCode/payload/Request Management/Dump/imageDump.o
                0x20007ac0                bitField_imageDump
 .text.thumbnail_Dump
                0x20007d4c      0x358 ./src/sub-systemCode/payload/Request Management/Dump/imageDump.o
                0x20007d4c                thumbnail_Dump
 .text.imageDataBase_Dump
                0x200080a4      0x130 ./src/sub-systemCode/payload/Request Management/Dump/imageDump.o
                0x200080a4                imageDataBase_Dump
 .text.chunkField_imageDump
                0x200081d4      0x27c ./src/sub-systemCode/payload/Request Management/Dump/imageDump.o
                0x200081d4                chunkField_imageDump
 .text.imageDump_task
                0x20008450      0x3f8 ./src/sub-systemCode/payload/Request Management/Dump/imageDump.o
                0x20008450                imageDump_task
 .text.CameraManagerTaskMain
                0x20008848       0xbc ./src/sub-systemCode/payload/Request Management/CameraManeger.o
                0x20008848                CameraManagerTaskMain
 .text.initCamera
                0x20008904       0x98 ./src/sub-systemCode/payload/Request Management/CameraManeger.o
                0x20008904                initCamera
 .text.KickStartCamera
                0x2000899c       0xb4 ./src/sub-systemCode/payload/Request Management/CameraManeger.o
                0x2000899c                KickStartCamera
 .text.addRequestToQueue
                0x20008a50       0xa8 ./src/sub-systemCode/payload/Request Management/CameraManeger.o
                0x20008a50                addRequestToQueue
 .text.removeRequestFromQueue
                0x20008af8       0x7c ./src/sub-systemCode/payload/Request Management/CameraManeger.o
                0x20008af8                removeRequestFromQueue
 .text.Take_pictures_with_time_in_between
                0x20008b74       0xa4 ./src/sub-systemCode/payload/Request Management/CameraManeger.o
                0x20008b74                Take_pictures_with_time_in_between
 .text.Gecko_TroubleShooter
                0x20008c18       0xdc ./src/sub-systemCode/payload/Request Management/CameraManeger.o
                0x20008c18                Gecko_TroubleShooter
 .text.startDumpTask
                0x20008cf4       0x70 ./src/sub-systemCode/payload/Request Management/CameraManeger.o
                0x20008cf4                startDumpTask
 .text.act_upon_request
                0x20008d64      0x318 ./src/sub-systemCode/payload/Request Management/CameraManeger.o
                0x20008d64                act_upon_request
 .text.TakePicture
                0x2000907c       0x4c ./src/sub-systemCode/payload/Request Management/DB_RequestHandling.o
                0x2000907c                TakePicture
 .text.TakeSpecialPicture
                0x200090c8      0x10c ./src/sub-systemCode/payload/Request Management/DB_RequestHandling.o
                0x200090c8                TakeSpecialPicture
 .text.DeletePictureFile
                0x200091d4       0x88 ./src/sub-systemCode/payload/Request Management/DB_RequestHandling.o
                0x200091d4                DeletePictureFile
 .text.DeletePicture
                0x2000925c       0x68 ./src/sub-systemCode/payload/Request Management/DB_RequestHandling.o
                0x2000925c                DeletePicture
 .text.TransferPicture
                0x200092c4       0x54 ./src/sub-systemCode/payload/Request Management/DB_RequestHandling.o
                0x200092c4                TransferPicture
 .text.CreateThumbnail
                0x20009318       0x90 ./src/sub-systemCode/payload/Request Management/DB_RequestHandling.o
                0x20009318                CreateThumbnail
 .text.CreateJPG
                0x200093a8       0x7c ./src/sub-systemCode/payload/Request Management/DB_RequestHandling.o
                0x200093a8                CreateJPG
 .text.UpdatePhotographyValues
                0x20009424       0xb4 ./src/sub-systemCode/payload/Request Management/DB_RequestHandling.o
                0x20009424                UpdatePhotographyValues
 .text.setChunkDimensions
                0x200094d8       0x64 ./src/sub-systemCode/payload/Request Management/DB_RequestHandling.o
                0x200094d8                setChunkDimensions
 .text.convert2char
                0x2000953c      0x14c ./src/sub-systemCode/payload/Misc/Boolean_bit.o
                0x2000953c                convert2char
 .text.convert2byte
                0x20009688      0x1c8 ./src/sub-systemCode/payload/Misc/Boolean_bit.o
                0x20009688                convert2byte
 .text.bits2byte
                0x20009850      0x17c ./src/sub-systemCode/payload/Misc/Boolean_bit.o
                0x20009850                bits2byte
 .text.byte2bits
                0x200099cc      0x17c ./src/sub-systemCode/payload/Misc/Boolean_bit.o
                0x200099cc                byte2bits
 .text.char2bits
                0x20009b48       0x44 ./src/sub-systemCode/payload/Misc/Boolean_bit.o
                0x20009b48                char2bits
 .text.bits2char
                0x20009b8c       0x3c ./src/sub-systemCode/payload/Misc/Boolean_bit.o
                0x20009b8c                bits2char
 .text.keepTryingTo_enterFS
                0x20009bc8       0x24 ./src/sub-systemCode/payload/Misc/FileSystem.o
                0x20009bc8                keepTryingTo_enterFS
 .text.releaseFS
                0x20009bec       0x18 ./src/sub-systemCode/payload/Misc/FileSystem.o
                0x20009bec                releaseFS
 .text.OpenFile
                0x20009c04       0x64 ./src/sub-systemCode/payload/Misc/FileSystem.o
                0x20009c04                OpenFile
 .text.CloseFile
                0x20009c68       0x4c ./src/sub-systemCode/payload/Misc/FileSystem.o
                0x20009c68                CloseFile
 .text.DeleteFile
                0x20009cb4       0x60 ./src/sub-systemCode/payload/Misc/FileSystem.o
                0x20009cb4                DeleteFile
 .text.ReadFromFile
                0x20009d14       0x7c ./src/sub-systemCode/payload/Misc/FileSystem.o
                0x20009d14                ReadFromFile
 .text.WriteToFile
                0x20009d90       0xb4 ./src/sub-systemCode/payload/Misc/FileSystem.o
                0x20009d90                WriteToFile
 .text.Initialized_GPIO
                0x20009e44       0x54 ./src/sub-systemCode/payload/Drivers/GeckoCameraDriver.o
                0x20009e44                Initialized_GPIO
 .text.TurnOnGecko
                0x20009e98      0x128 ./src/sub-systemCode/payload/Drivers/GeckoCameraDriver.o
                0x20009e98                TurnOnGecko
 .text.TurnOffGecko
                0x20009fc0       0xc0 ./src/sub-systemCode/payload/Drivers/GeckoCameraDriver.o
                0x20009fc0                TurnOffGecko
 .text.initGecko
                0x2000a080       0x3c ./src/sub-systemCode/payload/Drivers/GeckoCameraDriver.o
                0x2000a080                initGecko
 .text.GECKO_TakeImage
                0x2000a0bc      0x2c4 ./src/sub-systemCode/payload/Drivers/GeckoCameraDriver.o
                0x2000a0bc                GECKO_TakeImage
 .text.GECKO_ReadImage
                0x2000a380      0x1f8 ./src/sub-systemCode/payload/Drivers/GeckoCameraDriver.o
                0x2000a380                GECKO_ReadImage
 .text.GECKO_EraseBlock
                0x2000a578       0xc0 ./src/sub-systemCode/payload/Drivers/GeckoCameraDriver.o
                0x2000a578                GECKO_EraseBlock
 .text.getFileName
                0x2000a638      0x1a0 ./src/sub-systemCode/payload/DataBase/DataBase.o
 .text.zeroImageDataBase
                0x2000a7d8       0x84 ./src/sub-systemCode/payload/DataBase/DataBase.o
                0x2000a7d8                zeroImageDataBase
 .text.updateGeneralDataBaseParameters
                0x2000a85c       0x5c ./src/sub-systemCode/payload/DataBase/DataBase.o
                0x2000a85c                updateGeneralDataBaseParameters
 .text.SearchDataBase_byID
                0x2000a8b8      0x220 ./src/sub-systemCode/payload/DataBase/DataBase.o
                0x2000a8b8                SearchDataBase_byID
 .text.checkForFileType
                0x2000aad8       0x68 ./src/sub-systemCode/payload/DataBase/DataBase.o
                0x2000aad8                checkForFileType
 .text.updateFileTypes
                0x2000ab40       0xbc ./src/sub-systemCode/payload/DataBase/DataBase.o
                0x2000ab40                updateFileTypes
 .text.GetImageFactor
                0x2000abfc       0x58 ./src/sub-systemCode/payload/DataBase/DataBase.o
                0x2000abfc                GetImageFactor
 .text.readImageFromBuffer
                0x2000ac54      0x12c ./src/sub-systemCode/payload/DataBase/DataBase.o
                0x2000ac54                readImageFromBuffer
 .text.saveImageToBuffer
                0x2000ad80      0x12c ./src/sub-systemCode/payload/DataBase/DataBase.o
                0x2000ad80                saveImageToBuffer
 .text.getDataBaseStart
                0x2000aeac       0x20 ./src/sub-systemCode/payload/DataBase/DataBase.o
                0x2000aeac                getDataBaseStart
 .text.setDataBaseValues
                0x2000aecc      0x1d8 ./src/sub-systemCode/payload/DataBase/DataBase.o
                0x2000aecc                setDataBaseValues
 .text.initImageDataBase
                0x2000b0a4      0x1b0 ./src/sub-systemCode/payload/DataBase/DataBase.o
                0x2000b0a4                initImageDataBase
 .text.resetImageDataBase
                0x2000b254       0x98 ./src/sub-systemCode/payload/DataBase/DataBase.o
                0x2000b254                resetImageDataBase
 .text.setCameraPhotographyValues
                0x2000b2ec      0x10c ./src/sub-systemCode/payload/DataBase/DataBase.o
                0x2000b2ec                setCameraPhotographyValues
 .text.transferImageToSD_withoutSearch
                0x2000b3f8      0x14c ./src/sub-systemCode/payload/DataBase/DataBase.o
                0x2000b3f8                transferImageToSD_withoutSearch
 .text.transferImageToSD
                0x2000b544       0xb4 ./src/sub-systemCode/payload/DataBase/DataBase.o
                0x2000b544                transferImageToSD
 .text.DeleteImageFromOBC_withoutSearch
                0x2000b5f8       0xe0 ./src/sub-systemCode/payload/DataBase/DataBase.o
                0x2000b5f8                DeleteImageFromOBC_withoutSearch
 .text.DeleteImageFromOBC
                0x2000b6d8       0xb4 ./src/sub-systemCode/payload/DataBase/DataBase.o
                0x2000b6d8                DeleteImageFromOBC
 .text.DeleteImageFromPayload
                0x2000b78c      0x24c ./src/sub-systemCode/payload/DataBase/DataBase.o
                0x2000b78c                DeleteImageFromPayload
 .text.clearImageDataBase
                0x2000b9d8      0x114 ./src/sub-systemCode/payload/DataBase/DataBase.o
                0x2000b9d8                clearImageDataBase
 .text.writeNewImageMetaDataToFRAM
                0x2000baec      0x234 ./src/sub-systemCode/payload/DataBase/DataBase.o
                0x2000baec                writeNewImageMetaDataToFRAM
 .text.takePicture
                0x2000bd20      0x31c ./src/sub-systemCode/payload/DataBase/DataBase.o
                0x2000bd20                takePicture
 .text.takePicture_withSpecialParameters
                0x2000c03c       0xbc ./src/sub-systemCode/payload/DataBase/DataBase.o
                0x2000c03c                takePicture_withSpecialParameters
 .text.GetImageFileName
                0x2000c0f8       0xc0 ./src/sub-systemCode/payload/DataBase/DataBase.o
                0x2000c0f8                GetImageFileName
 .text.getImageDataBaseBuffer
                0x2000c1b8      0x3fc ./src/sub-systemCode/payload/DataBase/DataBase.o
                0x2000c1b8                getImageDataBaseBuffer
 .text.get_ID_list_withDefaltThumbnail
                0x2000c5b4      0x180 ./src/sub-systemCode/payload/DataBase/DataBase.o
                0x2000c5b4                get_ID_list_withDefaltThumbnail
 .text.TransformRawToBMP
                0x2000c734      0x1a8 ./src/sub-systemCode/payload/Compression/jpeg/bmp/rawToBMP.o
                0x2000c734                TransformRawToBMP
 .text.interpolate
                0x2000c8dc      0x8d0 ./src/sub-systemCode/payload/Compression/jpeg/bmp/rawToBMP.o
                0x2000c8dc                interpolate
 .text.getInputAt
                0x2000d1ac      0x308 ./src/sub-systemCode/payload/Compression/jpeg/bmp/rawToBMP.o
                0x2000d1ac                getInputAt
 .text.f_writeF_FILEHeader
                0x2000d4b4      0x2f0 ./src/sub-systemCode/payload/Compression/jpeg/bmp/rawToBMP.o
                0x2000d4b4                f_writeF_FILEHeader
 .text.f_writeOutputRow
                0x2000d7a4       0xbc ./src/sub-systemCode/payload/Compression/jpeg/bmp/rawToBMP.o
                0x2000d7a4                f_writeOutputRow
 .text.dct      0x2000d860      0x9c4 ./src/sub-systemCode/payload/Compression/jpeg/DCT.o
                0x2000d860                dct
 .text.JPEG_compressor
                0x2000e224      0x108 ./src/sub-systemCode/payload/Compression/jpeg/ImgCompressor.o
                0x2000e224                JPEG_compressor
 .text.Create_BMP_File
                0x2000e32c       0xfc ./src/sub-systemCode/payload/Compression/jpeg/ImgCompressor.o
                0x2000e32c                Create_BMP_File
 .text.CompressImage
                0x2000e428      0x1b4 ./src/sub-systemCode/payload/Compression/jpeg/ImgCompressor.o
                0x2000e428                CompressImage
 .text.clamp    0x2000e5dc       0x60 ./src/sub-systemCode/payload/Compression/jpeg/color_conv.o
                0x2000e5dc                clamp
 .text.RGB_to_YCC
                0x2000e63c      0x1a8 ./src/sub-systemCode/payload/Compression/jpeg/color_conv.o
                0x2000e63c                RGB_to_YCC
 .text.RGB_to_Y
                0x2000e7e4       0xc4 ./src/sub-systemCode/payload/Compression/jpeg/color_conv.o
                0x2000e7e4                RGB_to_Y
 .text.Y_to_YCC
                0x2000e8a8       0x88 ./src/sub-systemCode/payload/Compression/jpeg/color_conv.o
                0x2000e8a8                Y_to_YCC
 .text.compress_image_to_jpeg_file
                0x2000e930      0x18c ./src/sub-systemCode/payload/Compression/jpeg/jpeg.o
                0x2000e930                compress_image_to_jpeg_file
 .text.emit_marker
                0x2000eabc       0xc8 ./src/sub-systemCode/payload/Compression/jpeg/jpeg_encoder.o
                0x2000eabc                emit_marker
 .text.emit_byte
                0x2000eb84       0x6c ./src/sub-systemCode/payload/Compression/jpeg/jpeg_encoder.o
                0x2000eb84                emit_byte
 .text.emit_word
                0x2000ebf0       0xd0 ./src/sub-systemCode/payload/Compression/jpeg/jpeg_encoder.o
                0x2000ebf0                emit_word
 .text.emit_jfif_app0
                0x2000ecc0       0xc0 ./src/sub-systemCode/payload/Compression/jpeg/jpeg_encoder.o
                0x2000ecc0                emit_jfif_app0
 .text.emit_dqt
                0x2000ed80       0xd8 ./src/sub-systemCode/payload/Compression/jpeg/jpeg_encoder.o
                0x2000ed80                emit_dqt
 .text.emit_sof
                0x2000ee58      0x14c ./src/sub-systemCode/payload/Compression/jpeg/jpeg_encoder.o
                0x2000ee58                emit_sof
 .text.emit_dht
                0x2000efa4      0x138 ./src/sub-systemCode/payload/Compression/jpeg/jpeg_encoder.o
                0x2000efa4                emit_dht
 .text.emit_dhts
                0x2000f0dc       0xd8 ./src/sub-systemCode/payload/Compression/jpeg/jpeg_encoder.o
                0x2000f0dc                emit_dhts
 .text.emit_sos
                0x2000f1b4       0xec ./src/sub-systemCode/payload/Compression/jpeg/jpeg_encoder.o
                0x2000f1b4                emit_sos
 .text.emit_markers
                0x2000f2a0       0x4c ./src/sub-systemCode/payload/Compression/jpeg/jpeg_encoder.o
                0x2000f2a0                emit_markers
 .text.compute_huffman_table
                0x2000f2ec      0x334 ./src/sub-systemCode/payload/Compression/jpeg/jpeg_encoder.o
                0x2000f2ec                compute_huffman_table
 .text.compute_quant_table
                0x2000f620      0x11c ./src/sub-systemCode/payload/Compression/jpeg/jpeg_encoder.o
                0x2000f620                compute_quant_table
 .text.first_pass_init
                0x2000f73c       0x54 ./src/sub-systemCode/payload/Compression/jpeg/jpeg_encoder.o
                0x2000f73c                first_pass_init
 .text.second_pass_init
                0x2000f790      0x110 ./src/sub-systemCode/payload/Compression/jpeg/jpeg_encoder.o
                0x2000f790                second_pass_init
 .text.jpg_open
                0x2000f8a0      0x7b4 ./src/sub-systemCode/payload/Compression/jpeg/jpeg_encoder.o
                0x2000f8a0                jpg_open
 .text.load_block_8_8_grey
                0x20010054      0x164 ./src/sub-systemCode/payload/Compression/jpeg/jpeg_encoder.o
                0x20010054                load_block_8_8_grey
 .text.load_block_8_8
                0x200101b8      0x198 ./src/sub-systemCode/payload/Compression/jpeg/jpeg_encoder.o
                0x200101b8                load_block_8_8
 .text.load_block_16_8
                0x20010350      0x3cc ./src/sub-systemCode/payload/Compression/jpeg/jpeg_encoder.o
                0x20010350                load_block_16_8
 .text.load_block_16_8_8
                0x2001071c      0x2a8 ./src/sub-systemCode/payload/Compression/jpeg/jpeg_encoder.o
                0x2001071c                load_block_16_8_8
 .text.load_coefficients
                0x200109c4      0x1c8 ./src/sub-systemCode/payload/Compression/jpeg/jpeg_encoder.o
                0x200109c4                load_coefficients
 .text.flush_output_buffer
                0x20010b8c       0xa0 ./src/sub-systemCode/payload/Compression/jpeg/jpeg_encoder.o
                0x20010b8c                flush_output_buffer
 .text.put_bits
                0x20010c2c      0x170 ./src/sub-systemCode/payload/Compression/jpeg/jpeg_encoder.o
                0x20010c2c                put_bits
 .text.code_coefficients_pass_two
                0x20010d9c      0x338 ./src/sub-systemCode/payload/Compression/jpeg/jpeg_encoder.o
                0x20010d9c                code_coefficients_pass_two
 .text.code_block
                0x200110d4       0x44 ./src/sub-systemCode/payload/Compression/jpeg/jpeg_encoder.o
                0x200110d4                code_block
 .text.process_mcu_row
                0x20011118      0x328 ./src/sub-systemCode/payload/Compression/jpeg/jpeg_encoder.o
                0x20011118                process_mcu_row
 .text.terminate_pass_two
                0x20011440       0x44 ./src/sub-systemCode/payload/Compression/jpeg/jpeg_encoder.o
                0x20011440                terminate_pass_two
 .text.process_end_of_image
                0x20011484       0xc0 ./src/sub-systemCode/payload/Compression/jpeg/jpeg_encoder.o
                0x20011484                process_end_of_image
 .text.load_mcu
                0x20011544      0x29c ./src/sub-systemCode/payload/Compression/jpeg/jpeg_encoder.o
                0x20011544                load_mcu
 .text.clear    0x200117e0      0x1e0 ./src/sub-systemCode/payload/Compression/jpeg/jpeg_encoder.o
                0x200117e0                clear
 .text.init     0x200119c0       0xe4 ./src/sub-systemCode/payload/Compression/jpeg/jpeg_encoder.o
                0x200119c0                init
 .text.deinit   0x20011aa4      0x160 ./src/sub-systemCode/payload/Compression/jpeg/jpeg_encoder.o
                0x20011aa4                deinit
 .text.process_scanline
                0x20011c04       0x6c ./src/sub-systemCode/payload/Compression/jpeg/jpeg_encoder.o
                0x20011c04                process_scanline
 .text.jpge_malloc
                0x20011c70       0x28 ./src/sub-systemCode/payload/Compression/jpeg/jpeg_memory_alloc.o
                0x20011c70                jpge_malloc
 .text.jpge_cmalloc
                0x20011c98       0x48 ./src/sub-systemCode/payload/Compression/jpeg/jpeg_memory_alloc.o
                0x20011c98                jpge_cmalloc
 .text.jpge_free
                0x20011ce0       0x24 ./src/sub-systemCode/payload/Compression/jpeg/jpeg_memory_alloc.o
                0x20011ce0                jpge_free
 .text.check    0x20011d04       0x78 ./src/sub-systemCode/payload/Compression/jpeg/jpeg_params.o
                0x20011d04                check
 .text.open_jpeg_file
                0x20011d7c       0xfc ./src/sub-systemCode/payload/Compression/jpeg/output_stream.o
                0x20011d7c                open_jpeg_file
 .text.close_jpeg_file
                0x20011e78      0x118 ./src/sub-systemCode/payload/Compression/jpeg/output_stream.o
                0x20011e78                close_jpeg_file
 .text.put_buf  0x20011f90      0x258 ./src/sub-systemCode/payload/Compression/jpeg/output_stream.o
                0x20011f90                put_buf
 .text.GetBinnedPixel
                0x200121e8       0xe8 ./src/sub-systemCode/payload/Compression/ImageConversion.o
 .text.BinImage
                0x200122d0      0x2c8 ./src/sub-systemCode/payload/Compression/ImageConversion.o
                0x200122d0                BinImage
 .text.ImageSkipping
                0x20012598      0x2ac ./src/sub-systemCode/payload/Compression/ImageConversion.o
                0x20012598                ImageSkipping
 .text.CreateImageThumbnail_withoutSearch
                0x20012844      0x14c ./src/sub-systemCode/payload/Compression/ImageConversion.o
                0x20012844                CreateImageThumbnail_withoutSearch
 .text.CreateImageThumbnail
                0x20012990       0x94 ./src/sub-systemCode/payload/Compression/ImageConversion.o
                0x20012990                CreateImageThumbnail
 .text.compressImage
                0x20012a24      0x12c ./src/sub-systemCode/payload/Compression/ImageConversion.o
                0x20012a24                compressImage
 .text.cmd_mute
                0x20012b50       0xc4 ./src/sub-systemCode/Main/CMD/COMM_CMD.o
                0x20012b50                cmd_mute
 .text.cmd_unmute
                0x20012c14       0x50 ./src/sub-systemCode/Main/CMD/COMM_CMD.o
                0x20012c14                cmd_unmute
 .text.cmd_active_trans
                0x20012c64       0xc0 ./src/sub-systemCode/Main/CMD/COMM_CMD.o
                0x20012c64                cmd_active_trans
 .text.cmd_shut_trans
                0x20012d24       0x38 ./src/sub-systemCode/Main/CMD/COMM_CMD.o
                0x20012d24                cmd_shut_trans
 .text.cmd_change_trans_rssi
                0x20012d5c      0x100 ./src/sub-systemCode/Main/CMD/COMM_CMD.o
                0x20012d5c                cmd_change_trans_rssi
 .text.cmd_aprs_dump
                0x20012e5c       0x50 ./src/sub-systemCode/Main/CMD/COMM_CMD.o
                0x20012e5c                cmd_aprs_dump
 .text.cmd_stop_dump
                0x20012eac       0x38 ./src/sub-systemCode/Main/CMD/COMM_CMD.o
                0x20012eac                cmd_stop_dump
 .text.cmd_time_frequency
                0x20012ee4       0xc0 ./src/sub-systemCode/Main/CMD/COMM_CMD.o
                0x20012ee4                cmd_time_frequency
 .text.cmd_change_def_bit_rate
                0x20012fa4      0x158 ./src/sub-systemCode/Main/CMD/COMM_CMD.o
                0x20012fa4                cmd_change_def_bit_rate
 .text.cmd_upload_volt_logic
                0x200130fc      0x3d0 ./src/sub-systemCode/Main/CMD/EPS_CMD.o
                0x200130fc                cmd_upload_volt_logic
 .text.cmd_upload_volt_COMM
                0x200134cc      0x1c8 ./src/sub-systemCode/Main/CMD/EPS_CMD.o
                0x200134cc                cmd_upload_volt_COMM
 .text.cmd_heater_temp
                0x20013694       0xc0 ./src/sub-systemCode/Main/CMD/EPS_CMD.o
                0x20013694                cmd_heater_temp
 .text.cmd_SHUT_CAM
                0x20013754       0x6c ./src/sub-systemCode/Main/CMD/EPS_CMD.o
                0x20013754                cmd_SHUT_CAM
 .text.cmd_SHUT_ADCS
                0x200137c0       0x6c ./src/sub-systemCode/Main/CMD/EPS_CMD.o
                0x200137c0                cmd_SHUT_ADCS
 .text.cmd_allow_CAM
                0x2001382c       0x6c ./src/sub-systemCode/Main/CMD/EPS_CMD.o
                0x2001382c                cmd_allow_CAM
 .text.cmd_allow_ADCS
                0x20013898       0x6c ./src/sub-systemCode/Main/CMD/EPS_CMD.o
                0x20013898                cmd_allow_ADCS
 .text.cmd_generic_I2C
                0x20013904       0xb4 ./src/sub-systemCode/Main/CMD/General_CMD.o
                0x20013904                cmd_generic_I2C
 .text.cmd_dump
                0x200139b8       0xf0 ./src/sub-systemCode/Main/CMD/General_CMD.o
                0x200139b8                cmd_dump
 .text.cmd_delete_TM
                0x20013aa8      0x1dc ./src/sub-systemCode/Main/CMD/General_CMD.o
                0x20013aa8                cmd_delete_TM
 .text.cmd_reset_file
                0x20013c84      0x110 ./src/sub-systemCode/Main/CMD/General_CMD.o
                0x20013c84                cmd_reset_file
 .text.cmd_dummy_func
                0x20013d94       0x40 ./src/sub-systemCode/Main/CMD/General_CMD.o
                0x20013d94                cmd_dummy_func
 .text.cmd_soft_reset_cmponent
                0x20013dd4       0xb0 ./src/sub-systemCode/Main/CMD/General_CMD.o
                0x20013dd4                cmd_soft_reset_cmponent
 .text.cmd_hard_reset_cmponent
                0x20013e84       0xb0 ./src/sub-systemCode/Main/CMD/General_CMD.o
                0x20013e84                cmd_hard_reset_cmponent
 .text.cmd_reset_satellite
                0x20013f34       0x78 ./src/sub-systemCode/Main/CMD/General_CMD.o
                0x20013f34                cmd_reset_satellite
 .text.cmd_gracefull_reset_satellite
                0x20013fac       0x78 ./src/sub-systemCode/Main/CMD/General_CMD.o
                0x20013fac                cmd_gracefull_reset_satellite
 .text.cmd_upload_time
                0x20014024       0xb0 ./src/sub-systemCode/Main/CMD/General_CMD.o
                0x20014024                cmd_upload_time
 .text.cmd_ARM_DIARM
                0x200140d4       0xd4 ./src/sub-systemCode/Main/CMD/General_CMD.o
                0x200140d4                cmd_ARM_DIARM
 .text.cmd_get_onlineTM
                0x200141a8       0xb8 ./src/sub-systemCode/Main/CMD/General_CMD.o
                0x200141a8                cmd_get_onlineTM
 .text.cmd_reset_off_line
                0x20014260       0x68 ./src/sub-systemCode/Main/CMD/General_CMD.o
                0x20014260                cmd_reset_off_line
 .text.cmd_add_item_off_line
                0x200142c8       0xf0 ./src/sub-systemCode/Main/CMD/General_CMD.o
                0x200142c8                cmd_add_item_off_line
 .text.cmd_reset_delayed_command_list
                0x200143b8       0x3c ./src/sub-systemCode/Main/CMD/SW_CMD.o
                0x200143b8                cmd_reset_delayed_command_list
 .text.cmd_reset_APRS_list
                0x200143f4       0x3c ./src/sub-systemCode/Main/CMD/SW_CMD.o
                0x200143f4                cmd_reset_APRS_list
 .text.cmd_reset_FRAM
                0x20014430       0xe8 ./src/sub-systemCode/Main/CMD/SW_CMD.o
                0x20014430                cmd_reset_FRAM
 .text.ARM_ants
                0x20014518       0xb8 ./src/sub-systemCode/Main/Ants.o
                0x20014518                ARM_ants
 .text.DISARM_ants
                0x200145d0       0xb8 ./src/sub-systemCode/Main/Ants.o
                0x200145d0                DISARM_ants
 .text.round_vol
                0x20014688      0x124 ./src/sub-systemCode/Main/EPS.o
                0x20014688                round_vol
 .text.get_shut_ADCS
                0x200147ac       0x48 ./src/sub-systemCode/Main/EPS.o
                0x200147ac                get_shut_ADCS
 .text.shut_ADCS
                0x200147f4       0x44 ./src/sub-systemCode/Main/EPS.o
                0x200147f4                shut_ADCS
 .text.get_shut_CAM
                0x20014838       0x48 ./src/sub-systemCode/Main/EPS.o
                0x20014838                get_shut_CAM
 .text.shut_CAM
                0x20014880       0x44 ./src/sub-systemCode/Main/EPS.o
                0x20014880                shut_CAM
 .text.update_powerLines
                0x200148c4       0xec ./src/sub-systemCode/Main/EPS.o
                0x200148c4                update_powerLines
 .text.init_enterMode
                0x200149b0       0x88 ./src/sub-systemCode/Main/EPS.o
                0x200149b0                init_enterMode
 .text.EPS_Init
                0x20014a38      0x1c8 ./src/sub-systemCode/Main/EPS.o
                0x20014a38                EPS_Init
 .text.reset_FRAM_EPS
                0x20014c00       0xa4 ./src/sub-systemCode/Main/EPS.o
                0x20014c00                reset_FRAM_EPS
 .text.reset_EPS_voltages
                0x20014ca4       0xbc ./src/sub-systemCode/Main/EPS.o
                0x20014ca4                reset_EPS_voltages
 .text.EPS_Conditioning
                0x20014d60      0x158 ./src/sub-systemCode/Main/EPS.o
                0x20014d60                EPS_Conditioning
 .text.overRide_ADCS
                0x20014eb8       0x50 ./src/sub-systemCode/Main/EPS.o
                0x20014eb8                overRide_ADCS
 .text.overRide_Camera
                0x20014f08       0x38 ./src/sub-systemCode/Main/EPS.o
                0x20014f08                overRide_Camera
 .text.EnterFullMode
                0x20014f40       0xfc ./src/sub-systemCode/Main/EPS.o
                0x20014f40                EnterFullMode
 .text.EnterCruiseMode
                0x2001503c       0xec ./src/sub-systemCode/Main/EPS.o
                0x2001503c                EnterCruiseMode
 .text.EnterSafeMode
                0x20015128       0xec ./src/sub-systemCode/Main/EPS.o
                0x20015128                EnterSafeMode
 .text.EnterCriticalMode
                0x20015214       0xd8 ./src/sub-systemCode/Main/EPS.o
                0x20015214                EnterCriticalMode
 .text.find_fileName
                0x200152ec      0x5e4 ./src/sub-systemCode/Main/HouseKeeping.o
                0x200152ec                find_fileName
 .text.size_of_element
                0x200158d0      0x108 ./src/sub-systemCode/Main/HouseKeeping.o
                0x200158d0                size_of_element
 .text.save_ACK
                0x200159d8       0xc0 ./src/sub-systemCode/Main/HouseKeeping.o
                0x200159d8                save_ACK
 .text.set_GP_EPS
                0x20015a98      0x10c ./src/sub-systemCode/Main/HouseKeeping.o
                0x20015a98                set_GP_EPS
 .text.set_GP_COMM
                0x20015ba4       0x88 ./src/sub-systemCode/Main/HouseKeeping.o
                0x20015ba4                set_GP_COMM
 .text.SP_HK_collect
                0x20015c2c      0x17c ./src/sub-systemCode/Main/HouseKeeping.o
                0x20015c2c                SP_HK_collect
 .text.EPS_HK_collect
                0x20015da8      0x4d8 ./src/sub-systemCode/Main/HouseKeeping.o
                0x20015da8                EPS_HK_collect
 .text.CAM_HK_collect
                0x20016280      0x91c ./src/sub-systemCode/Main/HouseKeeping.o
                0x20016280                CAM_HK_collect
 .text.COMM_HK_collect
                0x20016b9c      0x154 ./src/sub-systemCode/Main/HouseKeeping.o
                0x20016b9c                COMM_HK_collect
 .text.COMM_create_file
                0x20016cf0       0x74 ./src/sub-systemCode/Main/HouseKeeping.o
                0x20016cf0                COMM_create_file
 .text.ACK_create_file
                0x20016d64       0x74 ./src/sub-systemCode/Main/HouseKeeping.o
                0x20016d64                ACK_create_file
 .text.EPS_create_file
                0x20016dd8       0x74 ./src/sub-systemCode/Main/HouseKeeping.o
                0x20016dd8                EPS_create_file
 .text.CAM_create_file
                0x20016e4c       0x54 ./src/sub-systemCode/Main/HouseKeeping.o
                0x20016e4c                CAM_create_file
 .text.SP_create_file
                0x20016ea0       0x54 ./src/sub-systemCode/Main/HouseKeeping.o
                0x20016ea0                SP_create_file
 .text.create_files
                0x20016ef4       0x48 ./src/sub-systemCode/Main/HouseKeeping.o
                0x20016ef4                create_files
 .text.save_SP_HK
                0x20016f3c       0x70 ./src/sub-systemCode/Main/HouseKeeping.o
                0x20016f3c                save_SP_HK
 .text.save_EPS_HK
                0x20016fac       0x70 ./src/sub-systemCode/Main/HouseKeeping.o
                0x20016fac                save_EPS_HK
 .text.save_CAM_HK
                0x2001701c       0x84 ./src/sub-systemCode/Main/HouseKeeping.o
                0x2001701c                save_CAM_HK
 .text.save_COMM_HK
                0x200170a0       0x70 ./src/sub-systemCode/Main/HouseKeeping.o
                0x200170a0                save_COMM_HK
 .text.EPS_HK_raw_BigEnE
                0x20017110      0x194 ./src/sub-systemCode/Main/HouseKeeping.o
                0x20017110                EPS_HK_raw_BigEnE
 .text.CAM_HK_raw_BigEnE
                0x200172a4      0x194 ./src/sub-systemCode/Main/HouseKeeping.o
                0x200172a4                CAM_HK_raw_BigEnE
 .text.COMM_HK_raw_BigEnE
                0x20017438      0x194 ./src/sub-systemCode/Main/HouseKeeping.o
                0x20017438                COMM_HK_raw_BigEnE
 .text.ADCS_HK_raw_BigEnE
                0x200175cc      0x194 ./src/sub-systemCode/Main/HouseKeeping.o
                0x200175cc                ADCS_HK_raw_BigEnE
 .text.ADCS_SC_raw_BigEnE
                0x20017760      0x188 ./src/sub-systemCode/Main/HouseKeeping.o
                0x20017760                ADCS_SC_raw_BigEnE
 .text.build_HK_spl_packet
                0x200178e8      0xa2c ./src/sub-systemCode/Main/HouseKeeping.o
                0x200178e8                build_HK_spl_packet
 .text.HouseKeeping_highRate_Task
                0x20018314       0x78 ./src/sub-systemCode/Main/HouseKeeping.o
                0x20018314                HouseKeeping_highRate_Task
 .text.HouseKeeping_lowRate_Task
                0x2001838c       0x74 ./src/sub-systemCode/Main/HouseKeeping.o
                0x2001838c                HouseKeeping_lowRate_Task
 .text.reset_FIRST_activation
                0x20018400       0x34 ./src/sub-systemCode/Main/Main_Init.o
                0x20018400                reset_FIRST_activation
 .text.test_menu
                0x20018434       0xb4 ./src/sub-systemCode/Main/Main_Init.o
                0x20018434                test_menu
 .text.printImage
                0x200184e8      0x158 ./src/sub-systemCode/Main/Main_Init.o
 .text.numberOfRestarts
                0x20018640       0x94 ./src/sub-systemCode/Main/Main_Init.o
                0x20018640                numberOfRestarts
 .text.StartFRAM
                0x200186d4       0x38 ./src/sub-systemCode/Main/Main_Init.o
                0x200186d4                StartFRAM
 .text.StartI2C
                0x2001870c       0x44 ./src/sub-systemCode/Main/Main_Init.o
                0x2001870c                StartI2C
 .text.StartSPI
                0x20018750       0x40 ./src/sub-systemCode/Main/Main_Init.o
                0x20018750                StartSPI
 .text.StartTIME
                0x20018790      0x118 ./src/sub-systemCode/Main/Main_Init.o
                0x20018790                StartTIME
 .text.first_activation
                0x200188a8       0x78 ./src/sub-systemCode/Main/Main_Init.o
                0x200188a8                first_activation
 .text.InitSubsystems
                0x20018920      0x198 ./src/sub-systemCode/Main/Main_Init.o
                0x20018920                InitSubsystems
 .text.SubSystemTaskStart
                0x20018ab8       0xec ./src/sub-systemCode/Main/Main_Init.o
                0x20018ab8                SubSystemTaskStart
 .text.copy_command
                0x20018ba4       0x80 ./src/sub-systemCode/Main/commands.o
                0x20018ba4                copy_command
 .text.reset_command
                0x20018c24       0x28 ./src/sub-systemCode/Main/commands.o
                0x20018c24                reset_command
 .text.init_command
                0x20018c4c       0xd4 ./src/sub-systemCode/Main/commands.o
                0x20018c4c                init_command
 .text.add_command
                0x20018d20      0x138 ./src/sub-systemCode/Main/commands.o
                0x20018d20                add_command
 .text.get_command
                0x20018e58      0x1cc ./src/sub-systemCode/Main/commands.o
                0x20018e58                get_command
 .text.act_upon_command
                0x20019024      0x240 ./src/sub-systemCode/Main/commands.o
                0x20019024                act_upon_command
 .text.cmd_error
                0x20019264       0x38 ./src/sub-systemCode/Main/commands.o
                0x20019264                cmd_error
 .text.AUC_COMM
                0x2001929c      0x25c ./src/sub-systemCode/Main/commands.o
                0x2001929c                AUC_COMM
 .text.AUC_general
                0x200194f8      0x17c ./src/sub-systemCode/Main/commands.o
                0x200194f8                AUC_general
 .text.AUC_payload
                0x20019674      0x214 ./src/sub-systemCode/Main/commands.o
                0x20019674                AUC_payload
 .text.AUC_EPS  0x20019888      0x248 ./src/sub-systemCode/Main/commands.o
                0x20019888                AUC_EPS
 .text.AUC_ADCS
                0x20019ad0       0x5c ./src/sub-systemCode/Main/commands.o
                0x20019ad0                AUC_ADCS
 .text.AUC_GS   0x20019b2c      0x1fc ./src/sub-systemCode/Main/commands.o
                0x20019b2c                AUC_GS
 .text.AUC_SW   0x20019d28       0xe4 ./src/sub-systemCode/Main/commands.o
                0x20019d28                AUC_SW
 .text.AUC_onlineTM
                0x20019e0c      0x16c ./src/sub-systemCode/Main/commands.o
                0x20019e0c                AUC_onlineTM
 .text.AUC_special_operation
                0x20019f78       0x8c ./src/sub-systemCode/Main/commands.o
                0x20019f78                AUC_special_operation
 .text.check_int
                0x2001a004       0x3c ./src/sub-systemCode/Global/Global.o
                0x2001a004                check_int
 .text.check_portBASE_TYPE
                0x2001a040       0x3c ./src/sub-systemCode/Global/Global.o
                0x2001a040                check_portBASE_TYPE
 .text.soft_reset_subsystem
                0x2001a07c       0xd8 ./src/sub-systemCode/Global/Global.o
                0x2001a07c                soft_reset_subsystem
 .text.hard_reset_subsystem
                0x2001a154       0xfc ./src/sub-systemCode/Global/Global.o
                0x2001a154                hard_reset_subsystem
 .text.BigEnE_raw_to_uInt
                0x2001a250       0x94 ./src/sub-systemCode/Global/Global.o
                0x2001a250                BigEnE_raw_to_uInt
 .text.BigEnE_raw_to_uShort
                0x2001a2e4       0x50 ./src/sub-systemCode/Global/Global.o
                0x2001a2e4                BigEnE_raw_to_uShort
 .text.BigEnE_uInt_to_raw
                0x2001a334       0x78 ./src/sub-systemCode/Global/Global.o
                0x2001a334                BigEnE_uInt_to_raw
 .text.reset_FRAM_MAIN
                0x2001a3ac      0x19c ./src/sub-systemCode/Global/Global.o
                0x2001a3ac                reset_FRAM_MAIN
 .text.getBitValueByIndex
                0x2001a548       0xd0 ./src/sub-systemCode/Global/Global.o
                0x2001a548                getBitValueByIndex
 .text.init_GP  0x2001a618      0x300 ./src/sub-systemCode/Global/GlobalParam.o
                0x2001a618                init_GP
 .text.get_system_state
                0x2001a918      0x268 ./src/sub-systemCode/Global/GlobalParam.o
                0x2001a918                get_system_state
 .text.set_system_state
                0x2001ab80      0x298 ./src/sub-systemCode/Global/GlobalParam.o
                0x2001ab80                set_system_state
 .text.get_current_global_param
                0x2001ae18      0x5c8 ./src/sub-systemCode/Global/GlobalParam.o
                0x2001ae18                get_current_global_param
 .text.set_Vbatt
                0x2001b3e0       0x8c ./src/sub-systemCode/Global/GlobalParam.o
                0x2001b3e0                set_Vbatt
 .text.get_Vbatt
                0x2001b46c       0x8c ./src/sub-systemCode/Global/GlobalParam.o
                0x2001b46c                get_Vbatt
 .text.set_curBat
                0x2001b4f8       0x8c ./src/sub-systemCode/Global/GlobalParam.o
                0x2001b4f8                set_curBat
 .text.set_cur3V3
                0x2001b584       0x8c ./src/sub-systemCode/Global/GlobalParam.o
                0x2001b584                set_cur3V3
 .text.set_cur5V
                0x2001b610       0x8c ./src/sub-systemCode/Global/GlobalParam.o
                0x2001b610                set_cur5V
 .text.set_tempComm_LO
                0x2001b69c       0x8c ./src/sub-systemCode/Global/GlobalParam.o
                0x2001b69c                set_tempComm_LO
 .text.set_tempComm_PA
                0x2001b728       0x8c ./src/sub-systemCode/Global/GlobalParam.o
                0x2001b728                set_tempComm_PA
 .text.set_tempEPS
                0x2001b7b4       0xc8 ./src/sub-systemCode/Global/GlobalParam.o
                0x2001b7b4                set_tempEPS
 .text.set_tempBatt
                0x2001b87c       0xc8 ./src/sub-systemCode/Global/GlobalParam.o
                0x2001b87c                set_tempBatt
 .text.set_RxDoppler
                0x2001b944       0x8c ./src/sub-systemCode/Global/GlobalParam.o
                0x2001b944                set_RxDoppler
 .text.set_RxRSSI
                0x2001b9d0       0x8c ./src/sub-systemCode/Global/GlobalParam.o
                0x2001b9d0                set_RxRSSI
 .text.set_TxRefl
                0x2001ba5c       0x8c ./src/sub-systemCode/Global/GlobalParam.o
                0x2001ba5c                set_TxRefl
 .text.set_TxForw
                0x2001bae8       0x8c ./src/sub-systemCode/Global/GlobalParam.o
                0x2001bae8                set_TxForw
 .text.get_ST   0x2001bb74       0x8c ./src/sub-systemCode/Global/GlobalParam.o
                0x2001bb74                get_ST
 .text.get_Attitude
                0x2001bc00      0x128 ./src/sub-systemCode/Global/GlobalParam.o
                0x2001bc00                get_Attitude
 .text.set_numOfAPRS
                0x2001bd28       0x8c ./src/sub-systemCode/Global/GlobalParam.o
                0x2001bd28                set_numOfAPRS
 .text.set_numOfResets
                0x2001bdb4       0xac ./src/sub-systemCode/Global/GlobalParam.o
                0x2001bdb4                set_numOfResets
 .text.set_ground_conn
                0x2001be60       0xa0 ./src/sub-systemCode/Global/GlobalParam.o
                0x2001be60                set_ground_conn
 .text.get_ground_conn
                0x2001bf00       0xa0 ./src/sub-systemCode/Global/GlobalParam.o
                0x2001bf00                get_ground_conn
 .text.IsisAntS_getStatusData_sideA
                0x2001bfa0       0x3c ./src/sub-systemCode/Global/OnlineTM.o
                0x2001bfa0                IsisAntS_getStatusData_sideA
 .text.IsisAntS_getAlltelemetry_sideA
                0x2001bfdc       0x3c ./src/sub-systemCode/Global/OnlineTM.o
                0x2001bfdc                IsisAntS_getAlltelemetry_sideA
 .text.IsisAntS_getTemperature_sideA
                0x2001c018       0x3c ./src/sub-systemCode/Global/OnlineTM.o
                0x2001c018                IsisAntS_getTemperature_sideA
 .text.IsisAntS_getStatusData_sideB
                0x2001c054       0x3c ./src/sub-systemCode/Global/OnlineTM.o
                0x2001c054                IsisAntS_getStatusData_sideB
 .text.IsisAntS_getAlltelemetry_sideB
                0x2001c090       0x3c ./src/sub-systemCode/Global/OnlineTM.o
                0x2001c090                IsisAntS_getAlltelemetry_sideB
 .text.IsisAntS_getTemperature_sideB
                0x2001c0cc       0x3c ./src/sub-systemCode/Global/OnlineTM.o
                0x2001c0cc                IsisAntS_getTemperature_sideB
 .text.get_item_by_index
                0x2001c108       0xd8 ./src/sub-systemCode/Global/OnlineTM.o
                0x2001c108                get_item_by_index
 .text.init_onlineParam
                0x2001c1e0      0xc80 ./src/sub-systemCode/Global/OnlineTM.o
                0x2001c1e0                init_onlineParam
 .text.reset_offline_TM_list
                0x2001ce60       0x50 ./src/sub-systemCode/Global/OnlineTM.o
                0x2001ce60                reset_offline_TM_list
 .text.get_online_packet
                0x2001ceb0      0x254 ./src/sub-systemCode/Global/OnlineTM.o
                0x2001ceb0                get_online_packet
 .text.add_onlineTM_param_to_save_list
                0x2001d104      0x214 ./src/sub-systemCode/Global/OnlineTM.o
                0x2001d104                add_onlineTM_param_to_save_list
 .text.delete_allTMFilesFromSD
                0x2001d318       0xf8 ./src/sub-systemCode/Global/TLM_management.o
                0x2001d318                delete_allTMFilesFromSD
 .text.getNumOfFilesInFS
                0x2001d410       0x44 ./src/sub-systemCode/Global/TLM_management.o
 .text.setNumOfFilesInFS
                0x2001d454       0x50 ./src/sub-systemCode/Global/TLM_management.o
 .text.f_managed_enterFS
                0x2001d4a4       0x24 ./src/sub-systemCode/Global/TLM_management.o
                0x2001d4a4                f_managed_enterFS
 .text.f_managed_releaseFS
                0x2001d4c8       0x18 ./src/sub-systemCode/Global/TLM_management.o
                0x2001d4c8                f_managed_releaseFS
 .text.f_managed_open
                0x2001d4e0       0x3c ./src/sub-systemCode/Global/TLM_management.o
                0x2001d4e0                f_managed_open
 .text.f_managed_close
                0x2001d51c       0x2c ./src/sub-systemCode/Global/TLM_management.o
                0x2001d51c                f_managed_close
 .text.InitializeFS
                0x2001d548      0x188 ./src/sub-systemCode/Global/TLM_management.o
                0x2001d548                InitializeFS
 .text.c_fileCreate
                0x2001d6d0       0xf4 ./src/sub-systemCode/Global/TLM_management.o
                0x2001d6d0                c_fileCreate
 .text.writewithEpochtime
                0x2001d7c4       0x9c ./src/sub-systemCode/Global/TLM_management.o
 .text.get_C_FILE_struct
                0x2001d860      0x104 ./src/sub-systemCode/Global/TLM_management.o
 .text.getFileIndex
                0x2001d964       0x4c ./src/sub-systemCode/Global/TLM_management.o
 .text.get_file_name_by_index
                0x2001d9b0       0x54 ./src/sub-systemCode/Global/TLM_management.o
                0x2001d9b0                get_file_name_by_index
 .text.c_fileReset
                0x2001da04       0xbc ./src/sub-systemCode/Global/TLM_management.o
                0x2001da04                c_fileReset
 .text.c_fileWrite
                0x2001dac0      0x138 ./src/sub-systemCode/Global/TLM_management.o
                0x2001dac0                c_fileWrite
 .text.c_fileRead
                0x2001dbf8      0x2bc ./src/sub-systemCode/Global/TLM_management.o
                0x2001dbf8                c_fileRead
 .text.reset_APRS_list
                0x2001deb4       0xa4 ./src/sub-systemCode/COMM/APRS.o
                0x2001deb4                reset_APRS_list
 .text.send_APRS_Dump
                0x2001df58      0x1c0 ./src/sub-systemCode/COMM/APRS.o
                0x2001df58                send_APRS_Dump
 .text.check_APRS
                0x2001e118      0x1a4 ./src/sub-systemCode/COMM/APRS.o
                0x2001e118                check_APRS
 .text.get_APRS_list
                0x2001e2bc       0x88 ./src/sub-systemCode/COMM/APRS.o
                0x2001e2bc                get_APRS_list
 .text.find_CMD_in_list
                0x2001e344       0x7c ./src/sub-systemCode/COMM/DelayedCommand_list.o
                0x2001e344                find_CMD_in_list
 .text.find_empty_in_list
                0x2001e3c0       0x74 ./src/sub-systemCode/COMM/DelayedCommand_list.o
                0x2001e3c0                find_empty_in_list
 .text.check_delayCommandTime
                0x2001e434       0x8c ./src/sub-systemCode/COMM/DelayedCommand_list.o
                0x2001e434                check_delayCommandTime
 .text.execute_delayedCommand
                0x2001e4c0       0x64 ./src/sub-systemCode/COMM/DelayedCommand_list.o
                0x2001e4c0                execute_delayedCommand
 .text.check_delaycommand
                0x2001e524      0x170 ./src/sub-systemCode/COMM/DelayedCommand_list.o
                0x2001e524                check_delaycommand
 .text.reset_delayCommand
                0x2001e694       0x8c ./src/sub-systemCode/COMM/DelayedCommand_list.o
                0x2001e694                reset_delayCommand
 .text.add_delayCommand
                0x2001e720      0x1a4 ./src/sub-systemCode/COMM/DelayedCommand_list.o
                0x2001e720                add_delayCommand
 .text.get_delayCommand_list
                0x2001e8c4       0x80 ./src/sub-systemCode/COMM/DelayedCommand_list.o
                0x2001e8c4                get_delayCommand_list
 .text.EmptyOldestCommand
                0x2001e944       0xfc ./src/sub-systemCode/COMM/DelayedCommand_list.o
                0x2001e944                EmptyOldestCommand
 .text.decode_TCpacket
                0x2001ea40      0x16c ./src/sub-systemCode/COMM/GSC.o
                0x2001ea40                decode_TCpacket
 .text.encode_TCpacket
                0x2001ebac      0x114 ./src/sub-systemCode/COMM/GSC.o
                0x2001ebac                encode_TCpacket
 .text.encode_TMpacket
                0x2001ecc0      0x104 ./src/sub-systemCode/COMM/GSC.o
                0x2001ecc0                encode_TMpacket
 .text.build_raw_ACK
                0x2001edc4       0xbc ./src/sub-systemCode/COMM/GSC.o
                0x2001edc4                build_raw_ACK
 .text.build_data_field_ACK
                0x2001ee80       0x74 ./src/sub-systemCode/COMM/GSC.o
                0x2001ee80                build_data_field_ACK
 .text.toggle_idle_state
                0x2001eef4       0x64 ./src/sub-systemCode/COMM/TRXVU.o
                0x2001eef4                toggle_idle_state
 .text.TRXVU_init_hardWare
                0x2001ef58       0x98 ./src/sub-systemCode/COMM/TRXVU.o
                0x2001ef58                TRXVU_init_hardWare
 .text.TRXVU_init_softWare
                0x2001eff0      0x1a4 ./src/sub-systemCode/COMM/TRXVU.o
                0x2001eff0                TRXVU_init_softWare
 .text.init_trxvu
                0x2001f194       0x14 ./src/sub-systemCode/COMM/TRXVU.o
                0x2001f194                init_trxvu
 .text.TRXVU_task
                0x2001f1a8       0x9c ./src/sub-systemCode/COMM/TRXVU.o
                0x2001f1a8                TRXVU_task
 .text.dump_logic
                0x2001f244      0x324 ./src/sub-systemCode/COMM/TRXVU.o
                0x2001f244                dump_logic
 .text.Dump_task
                0x2001f568      0x16c ./src/sub-systemCode/COMM/TRXVU.o
                0x2001f568                Dump_task
 .text.transponder_logic
                0x2001f6d4       0xbc ./src/sub-systemCode/COMM/TRXVU.o
                0x2001f6d4                transponder_logic
 .text.Transponder_task
                0x2001f790      0x1f4 ./src/sub-systemCode/COMM/TRXVU.o
                0x2001f790                Transponder_task
 .text.lookForRequestToDelete_transponder
                0x2001f984       0xac ./src/sub-systemCode/COMM/TRXVU.o
                0x2001f984                lookForRequestToDelete_transponder
 .text.lookForRequestToDelete_dump
                0x2001fa30       0x7c ./src/sub-systemCode/COMM/TRXVU.o
                0x2001fa30                lookForRequestToDelete_dump
 .text.sendRequestToStop_dump
                0x2001faac       0x8c ./src/sub-systemCode/COMM/TRXVU.o
                0x2001faac                sendRequestToStop_dump
 .text.sendRequestToStop_transponder
                0x2001fb38       0x98 ./src/sub-systemCode/COMM/TRXVU.o
                0x2001fb38                sendRequestToStop_transponder
 .text.Rx_logic
                0x2001fbd0      0x184 ./src/sub-systemCode/COMM/TRXVU.o
                0x2001fbd0                Rx_logic
 .text.pass_above_Ground
                0x2001fd54      0x104 ./src/sub-systemCode/COMM/TRXVU.o
                0x2001fd54                pass_above_Ground
 .text.trxvu_logic
                0x2001fe58       0x1c ./src/sub-systemCode/COMM/TRXVU.o
                0x2001fe58                trxvu_logic
 .text.Beacon_task
                0x2001fe74      0x170 ./src/sub-systemCode/COMM/TRXVU.o
                0x2001fe74                Beacon_task
 .text.buildAndSend_beacon
                0x2001ffe4      0x604 ./src/sub-systemCode/COMM/TRXVU.o
                0x2001ffe4                buildAndSend_beacon
 .text.reset_FRAM_TRXVU
                0x200205e8      0x160 ./src/sub-systemCode/COMM/TRXVU.o
                0x200205e8                reset_FRAM_TRXVU
 .text.TRX_sendFrame
                0x20020748      0x1c0 ./src/sub-systemCode/COMM/TRXVU.o
                0x20020748                TRX_sendFrame
 .text.TRX_getFrameData
                0x20020908      0x128 ./src/sub-systemCode/COMM/TRXVU.o
                0x20020908                TRX_getFrameData
 .text.mute_Tx  0x20020a30       0x20 ./src/sub-systemCode/COMM/TRXVU.o
                0x20020a30                mute_Tx
 .text.unmute_Tx
                0x20020a50       0x60 ./src/sub-systemCode/COMM/TRXVU.o
                0x20020a50                unmute_Tx
 .text.check_time_off_mute
                0x20020ab0       0x88 ./src/sub-systemCode/COMM/TRXVU.o
                0x20020ab0                check_time_off_mute
 .text.set_mute_time
                0x20020b38       0xb4 ./src/sub-systemCode/COMM/TRXVU.o
                0x20020b38                set_mute_time
 .text.change_TRXVU_state
                0x20020bec       0xd0 ./src/sub-systemCode/COMM/TRXVU.o
                0x20020bec                change_TRXVU_state
 .text.change_trans_RSSI
                0x20020cbc       0x60 ./src/sub-systemCode/COMM/TRXVU.o
                0x20020cbc                change_trans_RSSI
 .text.init_adcs
                0x20020d1c      0x104 ./src/sub-systemCode/ADCS/ADCS.o
                0x20020d1c                init_adcs
 .text.telemtryStart
                0x20020e20      0x16c ./src/sub-systemCode/ADCS/Stage_Table.o
                0x20020e20                telemtryStart
 .text.powerStart
                0x20020f8c       0x5c ./src/sub-systemCode/ADCS/Stage_Table.o
                0x20020f8c                powerStart
 .text.createTable
                0x20020fe8       0xb4 ./src/sub-systemCode/ADCS/Stage_Table.o
                0x20020fe8                createTable
 .text.buildControlMode
                0x2002109c       0x60 ./src/sub-systemCode/ADCS/Stage_Table.o
                0x2002109c                buildControlMode
 .text.Check_Table
                0x200210fc      0x178 ./src/sub-systemCode/ADCS/Stage_Table.o
                0x200210fc                Check_Table
 .text.updateTable
                0x20021274      0x1f0 ./src/sub-systemCode/ADCS/Stage_Table.o
                0x20021274                updateTable
 .text.translateCommandFULL
                0x20021464       0x78 ./src/sub-systemCode/ADCS/Stage_Table.o
                0x20021464                translateCommandFULL
 .text.getTableTo
                0x200214dc       0x64 ./src/sub-systemCode/ADCS/Stage_Table.o
                0x200214dc                getTableTo
 .text.save_time
                0x20021540       0x9c ./src/main.o
                0x20021540                save_time
 .text.Command_logic
                0x200215dc       0x6c ./src/main.o
                0x200215dc                Command_logic
 .text.taskMain
                0x20021648       0x74 ./src/main.o
                0x20021648                taskMain
 .text.main     0x200216bc       0xbc ./src/main.o
                0x200216bc                main
 .text.GomEpsInitialize
                0x20021778      0x148 C:/HOOPOE3/satellite-subsystems/demo/..//satellite-subsystems/lib\libSatelliteSubsystemsD.a(GomEPS.o)
                0x20021778                GomEpsInitialize
 .text.makeEPStransfer
                0x200218c0       0x3c C:/HOOPOE3/satellite-subsystems/demo/..//satellite-subsystems/lib\libSatelliteSubsystemsD.a(GomEPS.o)
 .text.GomEpsPing
                0x200218fc       0xf8 C:/HOOPOE3/satellite-subsystems/demo/..//satellite-subsystems/lib\libSatelliteSubsystemsD.a(GomEPS.o)
                0x200218fc                GomEpsPing
 .text.GomEpsSoftReset
                0x200219f4       0xc4 C:/HOOPOE3/satellite-subsystems/demo/..//satellite-subsystems/lib\libSatelliteSubsystemsD.a(GomEPS.o)
                0x200219f4                GomEpsSoftReset
 .text.GomEpsHardReset
                0x20021ab8       0xa8 C:/HOOPOE3/satellite-subsystems/demo/..//satellite-subsystems/lib\libSatelliteSubsystemsD.a(GomEPS.o)
                0x20021ab8                GomEpsHardReset
 .text.GomEpsGetHkData_param
                0x20021b60      0x29c C:/HOOPOE3/satellite-subsystems/demo/..//satellite-subsystems/lib\libSatelliteSubsystemsD.a(GomEPS.o)
                0x20021b60                GomEpsGetHkData_param
 .text.GomEpsGetHkData_general
                0x20021dfc      0x45c C:/HOOPOE3/satellite-subsystems/demo/..//satellite-subsystems/lib\libSatelliteSubsystemsD.a(GomEPS.o)
                0x20021dfc                GomEpsGetHkData_general
 .text.GomEpsGetHkData_vi
                0x20022258      0x188 C:/HOOPOE3/satellite-subsystems/demo/..//satellite-subsystems/lib\libSatelliteSubsystemsD.a(GomEPS.o)
                0x20022258                GomEpsGetHkData_vi
 .text.GomEpsGetHkData_out
                0x200223e0      0x21c C:/HOOPOE3/satellite-subsystems/demo/..//satellite-subsystems/lib\libSatelliteSubsystemsD.a(GomEPS.o)
                0x200223e0                GomEpsGetHkData_out
 .text.GomEpsGetHkData_wdt
                0x200225fc      0x2b4 C:/HOOPOE3/satellite-subsystems/demo/..//satellite-subsystems/lib\libSatelliteSubsystemsD.a(GomEPS.o)
                0x200225fc                GomEpsGetHkData_wdt
 .text.GomEpsGetHkData_basic
                0x200228b0      0x22c C:/HOOPOE3/satellite-subsystems/demo/..//satellite-subsystems/lib\libSatelliteSubsystemsD.a(GomEPS.o)
                0x200228b0                GomEpsGetHkData_basic
 .text.GomEpsSetOutput
                0x20022adc       0xbc C:/HOOPOE3/satellite-subsystems/demo/..//satellite-subsystems/lib\libSatelliteSubsystemsD.a(GomEPS.o)
                0x20022adc                GomEpsSetOutput
 .text.GomEpsResetWDT
                0x20022b98       0xc4 C:/HOOPOE3/satellite-subsystems/demo/..//satellite-subsystems/lib\libSatelliteSubsystemsD.a(GomEPS.o)
                0x20022b98                GomEpsResetWDT
 .text.GomEpsConfigGet
                0x20022c5c      0x16c C:/HOOPOE3/satellite-subsystems/demo/..//satellite-subsystems/lib\libSatelliteSubsystemsD.a(GomEPS.o)
                0x20022c5c                GomEpsConfigGet
 .text.GomEpsConfigSet
                0x20022dc8      0x184 C:/HOOPOE3/satellite-subsystems/demo/..//satellite-subsystems/lib\libSatelliteSubsystemsD.a(GomEPS.o)
                0x20022dc8                GomEpsConfigSet
 .text.GomEpsConfig2Get
                0x20022f4c      0x16c C:/HOOPOE3/satellite-subsystems/demo/..//satellite-subsystems/lib\libSatelliteSubsystemsD.a(GomEPS.o)
                0x20022f4c                GomEpsConfig2Get
 .text.makeAntStransfer
                0x200230b8       0x4c C:/HOOPOE3/satellite-subsystems/demo/..//satellite-subsystems/lib\libSatelliteSubsystemsD.a(IsisAntS.o)
 .text.checkInputsValid
                0x20023104       0x7c C:/HOOPOE3/satellite-subsystems/demo/..//satellite-subsystems/lib\libSatelliteSubsystemsD.a(IsisAntS.o)
 .text.IsisAntS_setArmStatus
                0x20023180      0x104 C:/HOOPOE3/satellite-subsystems/demo/..//satellite-subsystems/lib\libSatelliteSubsystemsD.a(IsisAntS.o)
                0x20023180                IsisAntS_setArmStatus
 .text.IsisAntS_getStatusData
                0x20023284      0x120 C:/HOOPOE3/satellite-subsystems/demo/..//satellite-subsystems/lib\libSatelliteSubsystemsD.a(IsisAntS.o)
                0x20023284                IsisAntS_getStatusData
 .text.IsisAntS_getTemperature
                0x200233a4      0x120 C:/HOOPOE3/satellite-subsystems/demo/..//satellite-subsystems/lib\libSatelliteSubsystemsD.a(IsisAntS.o)
                0x200233a4                IsisAntS_getTemperature
 .text.IsisAntS_getAlltelemetry
                0x200234c4      0x120 C:/HOOPOE3/satellite-subsystems/demo/..//satellite-subsystems/lib\libSatelliteSubsystemsD.a(IsisAntS.o)
                0x200234c4                IsisAntS_getAlltelemetry
 .text.IsisAntS_reset
                0x200235e4      0x104 C:/HOOPOE3/satellite-subsystems/demo/..//satellite-subsystems/lib\libSatelliteSubsystemsD.a(IsisAntS.o)
                0x200235e4                IsisAntS_reset
 .text.IsisSolarPanelv2_initialize
                0x200236e8       0xb4 C:/HOOPOE3/satellite-subsystems/demo/..//satellite-subsystems/lib\libSatelliteSubsystemsD.a(IsisSolarPanelv2.o)
                0x200236e8                IsisSolarPanelv2_initialize
 .text.IsisSolarPanelv2_getTemperature
                0x2002379c       0xc8 C:/HOOPOE3/satellite-subsystems/demo/..//satellite-subsystems/lib\libSatelliteSubsystemsD.a(IsisSolarPanelv2.o)
                0x2002379c                IsisSolarPanelv2_getTemperature
 .text.IsisSolarPanelv2_sleep
                0x20023864       0xbc C:/HOOPOE3/satellite-subsystems/demo/..//satellite-subsystems/lib\libSatelliteSubsystemsD.a(IsisSolarPanelv2.o)
                0x20023864                IsisSolarPanelv2_sleep
 .text.IsisSolarPanelv2_wakeup
                0x20023920       0x80 C:/HOOPOE3/satellite-subsystems/demo/..//satellite-subsystems/lib\libSatelliteSubsystemsD.a(IsisSolarPanelv2.o)
                0x20023920                IsisSolarPanelv2_wakeup
 .text._Reset   0x200239a0       0x20 C:/HOOPOE3/satellite-subsystems/demo/..//satellite-subsystems/lib\libSatelliteSubsystemsD.a(IsisSolarPanelv2.o)
 .text._WaitForStartup
                0x200239c0       0x90 C:/HOOPOE3/satellite-subsystems/demo/..//satellite-subsystems/lib\libSatelliteSubsystemsD.a(IsisSolarPanelv2.o)
 .text._AssignAllChannels
                0x20023a50       0x90 C:/HOOPOE3/satellite-subsystems/demo/..//satellite-subsystems/lib\libSatelliteSubsystemsD.a(IsisSolarPanelv2.o)
 .text._AssignThisChannel
                0x20023ae0       0xe8 C:/HOOPOE3/satellite-subsystems/demo/..//satellite-subsystems/lib\libSatelliteSubsystemsD.a(IsisSolarPanelv2.o)
 .text._InitiateConversion
                0x20023bc8       0xac C:/HOOPOE3/satellite-subsystems/demo/..//satellite-subsystems/lib\libSatelliteSubsystemsD.a(IsisSolarPanelv2.o)
 .text._WaitForConversionComplete
                0x20023c74      0x100 C:/HOOPOE3/satellite-subsystems/demo/..//satellite-subsystems/lib\libSatelliteSubsystemsD.a(IsisSolarPanelv2.o)
 .text._ReadResult
                0x20023d74      0x158 C:/HOOPOE3/satellite-subsystems/demo/..//satellite-subsystems/lib\libSatelliteSubsystemsD.a(IsisSolarPanelv2.o)
 .text._ExtractByte
                0x20023ecc       0x38 C:/HOOPOE3/satellite-subsystems/demo/..//satellite-subsystems/lib\libSatelliteSubsystemsD.a(IsisSolarPanelv2.o)
 .text._ExtendSign
                0x20023f04       0x6c C:/HOOPOE3/satellite-subsystems/demo/..//satellite-subsystems/lib\libSatelliteSubsystemsD.a(IsisSolarPanelv2.o)
 .text._PinsInit
                0x20023f70       0x50 C:/HOOPOE3/satellite-subsystems/demo/..//satellite-subsystems/lib\libSatelliteSubsystemsD.a(IsisSolarPanelv2.o)
 .text._SpiWriteRead
                0x20023fc0       0x70 C:/HOOPOE3/satellite-subsystems/demo/..//satellite-subsystems/lib\libSatelliteSubsystemsD.a(IsisSolarPanelv2.o)
 .text.IsisTrxvu_initialize
                0x20024030      0x2f4 C:/HOOPOE3/satellite-subsystems/demo/..//satellite-subsystems/lib\libSatelliteSubsystemsD.a(IsisTRXVU.o)
                0x20024030                IsisTrxvu_initialize
 .text.makeTRXVUtransfer
                0x20024324       0x44 C:/HOOPOE3/satellite-subsystems/demo/..//satellite-subsystems/lib\libSatelliteSubsystemsD.a(IsisTRXVU.o)
 .text.IsisTrxvu_componentSoftReset
                0x20024368       0x6c C:/HOOPOE3/satellite-subsystems/demo/..//satellite-subsystems/lib\libSatelliteSubsystemsD.a(IsisTRXVU.o)
                0x20024368                IsisTrxvu_componentSoftReset
 .text.IsisTrxvu_componentHardReset
                0x200243d4       0xc8 C:/HOOPOE3/satellite-subsystems/demo/..//satellite-subsystems/lib\libSatelliteSubsystemsD.a(IsisTRXVU.o)
                0x200243d4                IsisTrxvu_componentHardReset
 .text.IsisTrxvu_softReset
                0x2002449c       0x74 C:/HOOPOE3/satellite-subsystems/demo/..//satellite-subsystems/lib\libSatelliteSubsystemsD.a(IsisTRXVU.o)
                0x2002449c                IsisTrxvu_softReset
 .text.IsisTrxvu_hardReset
                0x20024510       0x74 C:/HOOPOE3/satellite-subsystems/demo/..//satellite-subsystems/lib\libSatelliteSubsystemsD.a(IsisTRXVU.o)
                0x20024510                IsisTrxvu_hardReset
 .text.IsisTrxvu_tcSendAX25DefClSign
                0x20024584       0xec C:/HOOPOE3/satellite-subsystems/demo/..//satellite-subsystems/lib\libSatelliteSubsystemsD.a(IsisTRXVU.o)
                0x20024584                IsisTrxvu_tcSendAX25DefClSign
 .text.IsisTrxvu_tcSetIdlestate
                0x20024670       0xa4 C:/HOOPOE3/satellite-subsystems/demo/..//satellite-subsystems/lib\libSatelliteSubsystemsD.a(IsisTRXVU.o)
                0x20024670                IsisTrxvu_tcSetIdlestate
 .text.IsisTrxvu_tcSetAx25Bitrate
                0x20024714       0xc4 C:/HOOPOE3/satellite-subsystems/demo/..//satellite-subsystems/lib\libSatelliteSubsystemsD.a(IsisTRXVU.o)
                0x20024714                IsisTrxvu_tcSetAx25Bitrate
 .text.IsisTrxvu_tcGetTelemetryAll
                0x200247d8       0xd0 C:/HOOPOE3/satellite-subsystems/demo/..//satellite-subsystems/lib\libSatelliteSubsystemsD.a(IsisTRXVU.o)
                0x200247d8                IsisTrxvu_tcGetTelemetryAll
 .text.IsisTrxvu_tcGetTelemetryAll_revC
                0x200248a8       0xd0 C:/HOOPOE3/satellite-subsystems/demo/..//satellite-subsystems/lib\libSatelliteSubsystemsD.a(IsisTRXVU.o)
                0x200248a8                IsisTrxvu_tcGetTelemetryAll_revC
 .text.IsisTrxvu_rcGetFrameCount
                0x20024978       0xa0 C:/HOOPOE3/satellite-subsystems/demo/..//satellite-subsystems/lib\libSatelliteSubsystemsD.a(IsisTRXVU.o)
                0x20024978                IsisTrxvu_rcGetFrameCount
 .text.IsisTrxvu_rcGetCommandFrame
                0x20024a18      0x2d8 C:/HOOPOE3/satellite-subsystems/demo/..//satellite-subsystems/lib\libSatelliteSubsystemsD.a(IsisTRXVU.o)
                0x20024a18                IsisTrxvu_rcGetCommandFrame
 .text.IsisTrxvu_rcGetTelemetryAll
                0x20024cf0       0xd0 C:/HOOPOE3/satellite-subsystems/demo/..//satellite-subsystems/lib\libSatelliteSubsystemsD.a(IsisTRXVU.o)
                0x20024cf0                IsisTrxvu_rcGetTelemetryAll
 .text.IsisTrxvu_rcGetTelemetryAll_revC
                0x20024dc0       0xec C:/HOOPOE3/satellite-subsystems/demo/..//satellite-subsystems/lib\libSatelliteSubsystemsD.a(IsisTRXVU.o)
                0x20024dc0                IsisTrxvu_rcGetTelemetryAll_revC
 .text.cspaceADCS_initialize
                0x20024eac      0x18c C:/HOOPOE3/satellite-subsystems/demo/..//satellite-subsystems/lib\libSatelliteSubsystemsD.a(cspaceADCS.o)
                0x20024eac                cspaceADCS_initialize
 .text.make_cspaceADCStransfer
                0x20025038      0x1b4 C:/HOOPOE3/satellite-subsystems/demo/..//satellite-subsystems/lib\libSatelliteSubsystemsD.a(cspaceADCS.o)
 .text.cspaceADCS_componentReset
                0x200251ec       0xbc C:/HOOPOE3/satellite-subsystems/demo/..//satellite-subsystems/lib\libSatelliteSubsystemsD.a(cspaceADCS.o)
                0x200251ec                cspaceADCS_componentReset
 .text.cspaceADCS_setRunMode
                0x200252a8       0xbc C:/HOOPOE3/satellite-subsystems/demo/..//satellite-subsystems/lib\libSatelliteSubsystemsD.a(cspaceADCS.o)
                0x200252a8                cspaceADCS_setRunMode
 .text.cspaceADCS_setPwrCtrlDevice
                0x20025364       0xd0 C:/HOOPOE3/satellite-subsystems/demo/..//satellite-subsystems/lib\libSatelliteSubsystemsD.a(cspaceADCS.o)
                0x20025364                cspaceADCS_setPwrCtrlDevice
 .text.cspaceADCS_setAttCtrlMode
                0x20025434       0xd0 C:/HOOPOE3/satellite-subsystems/demo/..//satellite-subsystems/lib\libSatelliteSubsystemsD.a(cspaceADCS.o)
                0x20025434                cspaceADCS_setAttCtrlMode
 .text.cspaceADCS_setAttEstMode
                0x20025504       0xbc C:/HOOPOE3/satellite-subsystems/demo/..//satellite-subsystems/lib\libSatelliteSubsystemsD.a(cspaceADCS.o)
                0x20025504                cspaceADCS_setAttEstMode
 .text.cspaceADCS_getCurrentState
                0x200255c0       0xc4 C:/HOOPOE3/satellite-subsystems/demo/..//satellite-subsystems/lib\libSatelliteSubsystemsD.a(cspaceADCS.o)
                0x200255c0                cspaceADCS_getCurrentState
 .text.cspaceADCS_getPwrCtrlDevice
                0x20025684       0xc4 C:/HOOPOE3/satellite-subsystems/demo/..//satellite-subsystems/lib\libSatelliteSubsystemsD.a(cspaceADCS.o)
                0x20025684                cspaceADCS_getPwrCtrlDevice
 .text.GECKO_Init
                0x20025748       0x40 C:/HOOPOE3/satellite-subsystems/demo/..//satellite-subsystems/lib\libSatelliteSubsystemsD.a(gecko_driver.o)
                0x20025748                GECKO_Init
 .text.GECKO_SetReg
                0x20025788      0x138 C:/HOOPOE3/satellite-subsystems/demo/..//satellite-subsystems/lib\libSatelliteSubsystemsD.a(gecko_driver.o)
                0x20025788                GECKO_SetReg
 .text.GECKO_GetReg
                0x200258c0      0x110 C:/HOOPOE3/satellite-subsystems/demo/..//satellite-subsystems/lib\libSatelliteSubsystemsD.a(gecko_driver.o)
                0x200258c0                GECKO_GetReg
 .text.GECKO_GetImgData
                0x200259d0       0x5c C:/HOOPOE3/satellite-subsystems/demo/..//satellite-subsystems/lib\libSatelliteSubsystemsD.a(gecko_driver.o)
                0x200259d0                GECKO_GetImgData
 .text.GECKO_StartReadout
                0x20025a2c       0xb8 C:/HOOPOE3/satellite-subsystems/demo/..//satellite-subsystems/lib\libSatelliteSubsystemsD.a(gecko_driver.o)
                0x20025a2c                GECKO_StartReadout
 .text.GECKO_StartSample
                0x20025ae4       0xb8 C:/HOOPOE3/satellite-subsystems/demo/..//satellite-subsystems/lib\libSatelliteSubsystemsD.a(gecko_driver.o)
                0x20025ae4                GECKO_StartSample
 .text.GECKO_StartErase