Archive member included because of file (symbol)

c:/isis/application/toolchain/bin/../lib/gcc/arm-none-eabi/4.7.4/../../../../arm-none-eabi/lib\libc_s.a(lib_a-vfprintf_float.o)
                              (_printf_float)
c:/isis/application/toolchain/bin/../lib/gcc/arm-none-eabi/4.7.4/../../../../arm-none-eabi/lib\libc_s.a(lib_a-vfprintf_i.o)
                              c:/isis/application/toolchain/bin/../lib/gcc/arm-none-eabi/4.7.4/../../../../arm-none-eabi/lib\libc_s.a(lib_a-vfprintf_float.o) (_printf_common)
c:/isis/application/toolchain/bin/../lib/gcc/arm-none-eabi/4.7.4/../../../../arm-none-eabi/lib\libc_s.a(lib_a-vfscanf_float.o)
                              (_scanf_float)
c:/isis/application/toolchain/bin/../lib/gcc/arm-none-eabi/4.7.4/../../../../arm-none-eabi/lib\libc_s.a(lib_a-dtoa.o)
                              c:/isis/application/toolchain/bin/../lib/gcc/arm-none-eabi/4.7.4/../../../../arm-none-eabi/lib\libc_s.a(lib_a-vfprintf_float.o) (_dtoa_r)
c:/isis/application/toolchain/bin/../lib/gcc/arm-none-eabi/4.7.4/../../../../arm-none-eabi/lib\libc_s.a(lib_a-locale.o)
                              c:/isis/application/toolchain/bin/../lib/gcc/arm-none-eabi/4.7.4/../../../../arm-none-eabi/lib\libc_s.a(lib_a-vfprintf_float.o) (_localeconv_r)
c:/isis/application/toolchain/bin/../lib/gcc/arm-none-eabi/4.7.4/../../../../arm-none-eabi/lib\libc_s.a(lib_a-malloc.o)
                              c:/isis/application/toolchain/bin/../lib/gcc/arm-none-eabi/4.7.4/../../../../arm-none-eabi/lib\libc_s.a(lib_a-dtoa.o) (malloc)
c:/isis/application/toolchain/bin/../lib/gcc/arm-none-eabi/4.7.4/../../../../arm-none-eabi/lib\libc_s.a(lib_a-mallocr.o)
                              c:/isis/application/toolchain/bin/../lib/gcc/arm-none-eabi/4.7.4/../../../../arm-none-eabi/lib\libc_s.a(lib_a-malloc.o) (_malloc_r)
c:/isis/application/toolchain/bin/../lib/gcc/arm-none-eabi/4.7.4/../../../../arm-none-eabi/lib\libc_s.a(lib_a-memcpy.o)
                              c:/isis/application/toolchain/bin/../lib/gcc/arm-none-eabi/4.7.4/../../../../arm-none-eabi/lib\libc_s.a(lib_a-dtoa.o) (memcpy)
c:/isis/application/toolchain/bin/../lib/gcc/arm-none-eabi/4.7.4/../../../../arm-none-eabi/lib\libc_s.a(lib_a-mprec.o)
                              c:/isis/application/toolchain/bin/../lib/gcc/arm-none-eabi/4.7.4/../../../../arm-none-eabi/lib\libc_s.a(lib_a-dtoa.o) (_Balloc)
c:/isis/application/toolchain/bin/../lib/gcc/arm-none-eabi/4.7.4/../../../../arm-none-eabi/lib\libc_s.a(lib_a-s_fpclassify.o)
                              c:/isis/application/toolchain/bin/../lib/gcc/arm-none-eabi/4.7.4/../../../../arm-none-eabi/lib\libc_s.a(lib_a-vfprintf_float.o) (__fpclassifyd)
c:/isis/application/toolchain/bin/../lib/gcc/arm-none-eabi/4.7.4/../../../../arm-none-eabi/lib\libc_s.a(lib_a-sbrkr.o)
                              c:/isis/application/toolchain/bin/../lib/gcc/arm-none-eabi/4.7.4/../../../../arm-none-eabi/lib\libc_s.a(lib_a-mallocr.o) (_sbrk_r)
c:/isis/application/toolchain/bin/../lib/gcc/arm-none-eabi/4.7.4/../../../../arm-none-eabi/lib\libc_s.a(lib_a-sf_nan.o)
                              c:/isis/application/toolchain/bin/../lib/gcc/arm-none-eabi/4.7.4/../../../../arm-none-eabi/lib\libc_s.a(lib_a-vfscanf_float.o) (nanf)
c:/isis/application/toolchain/bin/../lib/gcc/arm-none-eabi/4.7.4/../../../../arm-none-eabi/lib\libc_s.a(lib_a-sprintf.o)
                              c:/isis/application/toolchain/bin/../lib/gcc/arm-none-eabi/4.7.4/../../../../arm-none-eabi/lib\libc_s.a(lib_a-vfscanf_float.o) (sprintf)
c:/isis/application/toolchain/bin/../lib/gcc/arm-none-eabi/4.7.4/../../../../arm-none-eabi/lib\libc_s.a(lib_a-strcmp.o)
                              c:/isis/application/toolchain/bin/../lib/gcc/arm-none-eabi/4.7.4/../../../../arm-none-eabi/lib\libc_s.a(lib_a-locale.o) (strcmp)
c:/isis/application/toolchain/bin/../lib/gcc/arm-none-eabi/4.7.4/../../../../arm-none-eabi/lib\libc_s.a(lib_a-strlen.o)
                              c:/isis/application/toolchain/bin/../lib/gcc/arm-none-eabi/4.7.4/../../../../arm-none-eabi/lib\libc_s.a(lib_a-vfprintf_float.o) (strlen)
c:/isis/application/toolchain/bin/../lib/gcc/arm-none-eabi/4.7.4/../../../../arm-none-eabi/lib\libc_s.a(lib_a-strtod.o)
                              c:/isis/application/toolchain/bin/../lib/gcc/arm-none-eabi/4.7.4/../../../../arm-none-eabi/lib\libc_s.a(lib_a-vfscanf_float.o) (_strtod_r)
c:/isis/application/toolchain/bin/../lib/gcc/arm-none-eabi/4.7.4/../../../../arm-none-eabi/lib\libc_s.a(lib_a-strtol.o)
                              c:/isis/application/toolchain/bin/../lib/gcc/arm-none-eabi/4.7.4/../../../../arm-none-eabi/lib\libc_s.a(lib_a-vfscanf_float.o) (_strtol_r)
c:/isis/application/toolchain/bin/../lib/gcc/arm-none-eabi/4.7.4/../../../../arm-none-eabi/lib\libc_s.a(lib_a-svfprintf.o)
                              c:/isis/application/toolchain/bin/../lib/gcc/arm-none-eabi/4.7.4/../../../../arm-none-eabi/lib\libc_s.a(lib_a-sprintf.o) (_svfprintf_r)
[...]
Memory Configuration

Name             Origin             Length             Attributes
sram0            0x00200000         0x00004000         w !xr
sram1            0x00300000         0x00004000         w !xr
sdram            0x20000000         0x02000000         w !xr
*default*        0x00000000         0xffffffff

Linker script and memory map

LOAD c:/isis/application/toolchain/bin/../lib/gcc/arm-none-eabi/4.7.4/../../../../arm-none-eabi/lib\libc_s.a
LOAD ./src/sub-systemCode/payload/jpeg/bmp/rawToBMP.o
LOAD ./src/sub-systemCode/payload/jpeg/DCT.o
LOAD ./src/sub-systemCode/payload/jpeg/ImgCompressor.o
LOAD ./src/sub-systemCode/payload/jpeg/color_conv.o
LOAD ./src/sub-systemCode/payload/jpeg/jpeg.o
LOAD ./src/sub-systemCode/payload/jpeg/jpeg_encoder.o
LOAD ./src/sub-systemCode/payload/jpeg/jpeg_memory_alloc.o
LOAD ./src/sub-systemCode/payload/jpeg/jpeg_params.o
LOAD ./src/sub-systemCode/payload/jpeg/output_stream.o
LOAD ./src/sub-systemCode/payload/Boolean_bit.o
LOAD ./src/sub-systemCode/payload/Butchering.o
LOAD ./src/sub-systemCode/payload/Camera.o
LOAD ./src/sub-systemCode/payload/CameraManager.o
LOAD ./src/sub-systemCode/payload/DB_RequestHandling.o
LOAD ./src/sub-systemCode/payload/DataBase.o
LOAD ./src/sub-systemCode/payload/FRAM_Extended.o
LOAD ./src/sub-systemCode/Main/CMD/COMM_CMD.o
LOAD ./src/sub-systemCode/Main/CMD/EPS_CMD.o
LOAD ./src/sub-systemCode/Main/CMD/General_CMD.o
LOAD ./src/sub-systemCode/Main/CMD/SW_CMD.o
LOAD ./src/sub-systemCode/Main/CMD/payload_CMD.o
LOAD ./src/sub-systemCode/Main/CMD/test_CMD.o
LOAD ./src/sub-systemCode/Main/Ants.o
LOAD ./src/sub-systemCode/Main/EPS.o
LOAD ./src/sub-systemCode/Main/HouseKeeping.o
LOAD ./src/sub-systemCode/Main/Main_Init.o
LOAD ./src/sub-systemCode/Main/commands.o
LOAD ./src/sub-systemCode/Global/Global.o
LOAD ./src/sub-systemCode/Global/GlobalParam.o
LOAD ./src/sub-systemCode/Global/TM_managment.o
LOAD ./src/sub-systemCode/COMM/APRS.o
LOAD ./src/sub-systemCode/COMM/DelayedCommand_list.o
LOAD ./src/sub-systemCode/COMM/GSC.o
LOAD ./src/sub-systemCode/COMM/TRXVU.o
LOAD ./src/sub-systemCode/COMM/imageDump.o
LOAD ./src/sub-systemCode/ADCS/ADCS.o
LOAD ./src/sub-systemCode/ADCS/Stage_Table.o
LOAD ./src/main.o
LOAD C:/HOOPOE3/satellite-subsystems/demo/..//satellite-subsystems/lib\libSatelliteSubsystemsD.a
LOAD c:/isis/application/toolchain/bin/../lib/gcc/arm-none-eabi/4.7.4/../../../../arm-none-eabi/lib\libm.a
LOAD C:/HOOPOE3/satellite-subsystems/demo/../..//hal/hcc/lib\libHCCD.a
LOAD C:/HOOPOE3/satellite-subsystems/demo/../..//hal/hal/lib\libHALD.a
LOAD C:/HOOPOE3/satellite-subsystems/demo/../..//hal/freertos/lib\libFreeRTOSD.a
LOAD C:/HOOPOE3/satellite-subsystems/demo/../..//hal/at91/lib\libAt91D.a
START GROUP
LOAD c:/isis/application/toolchain/bin/../lib/gcc/arm-none-eabi/4.7.4\libgcc.a
LOAD c:/isis/application/toolchain/bin/../lib/gcc/arm-none-eabi/4.7.4/../../../../arm-none-eabi/lib\libc_s.a
END GROUP

.fixed          0x20000000    0x4b84c
                0x20000000                . = ALIGN (0x4)
                0x20000000                _sfixed = .
 *(.startup)
 .startup       0x20000000      0x134 C:/HOOPOE3/satellite-subsystems/demo/../..//hal/at91/lib\libAt91D.a(board_cstartup.o)
                0x20000000                entry
 *(.text)
 .text          0x20000134       0x64 C:/HOOPOE3/satellite-subsystems/demo/../..//hal/at91/lib\libAt91D.a(cp15_asm.o)
                0x20000134                _readControlRegister
                0x20000140                _writeControlRegister
                0x20000148                _waitForInterrupt
                0x20000154                _writeTTB
                0x2000015c                _writeDomain
                0x20000164                _writeITLBLockdown
                0x2000016c                _prefetchICacheLine
                0x20000174                _flushDCache
                0x20000180                _flushWriteBuffer
                0x2000018c                _invalidateIDTLBs
 .text          0x20000198      0x114 c:/isis/application/toolchain/bin/../lib/gcc/arm-none-eabi/4.7.4\libgcc.a(_udivsi3.o)
                0x20000198                __aeabi_uidiv
                0x20000198                __udivsi3
                0x2000028c                __aeabi_uidivmod
 .text          0x200002ac      0x148 c:/isis/application/toolchain/bin/../lib/gcc/arm-none-eabi/4.7.4\libgcc.a(_divsi3.o)
                0x200002ac                __divsi3
                0x200002ac                __aeabi_idiv
                0x200003d4                __aeabi_idivmod
 .text          0x200003f4        0x4 c:/isis/application/toolchain/bin/../lib/gcc/arm-none-eabi/4.7.4\libgcc.a(_dvmd_tls.o)
                0x200003f4                __aeabi_idiv0
                0x200003f4                __aeabi_ldiv0
 .text          0x200003f8      0x41c c:/isis/application/toolchain/bin/../lib/gcc/arm-none-eabi/4.7.4\libgcc.a(_arm_addsubdf3.o)
                0x200003f8                __aeabi_drsub
                0x20000400                __aeabi_dsub
                0x20000400                __subdf3
                0x20000404                __aeabi_dadd
                0x20000404                __adddf3
                0x20000714                __floatunsidf
                0x20000714                __aeabi_ui2d
                0x20000738                __floatsidf
                0x20000738                __aeabi_i2d
                0x20000760                __aeabi_f2d
                0x20000760                __extendsfdf2
                0x200007a0                __floatundidf
                0x200007a0                __aeabi_ul2d
                0x200007b4                __floatdidf
                0x200007b4                __aeabi_l2d
 .text          0x20000814      0x49c c:/isis/application/toolchain/bin/../lib/gcc/arm-none-eabi/4.7.4\libgcc.a(_arm_muldivdf3.o)
                0x20000814                __aeabi_dmul
                0x20000814                __muldf3
                0x20000aa4                __divdf3
                0x20000aa4                __aeabi_ddiv
 .text          0x20000cb0      0x144 c:/isis/application/toolchain/bin/../lib/gcc/arm-none-eabi/4.7.4\libgcc.a(_arm_cmpdf2.o)
                0x20000cb0                __gtdf2
                0x20000cb0                __gedf2
                0x20000cb8                __ltdf2
                0x20000cb8                __ledf2
                0x20000cc0                __nedf2
                0x20000cc0                __eqdf2
                0x20000cc0                __cmpdf2
                0x20000d48                __aeabi_cdrcmple
                0x20000d64                __aeabi_cdcmpeq
                0x20000d64                __aeabi_cdcmple
                0x20000d7c                __aeabi_dcmpeq
                0x20000d94                __aeabi_dcmplt
                0x20000dac                __aeabi_dcmple
                0x20000dc4                __aeabi_dcmpge
                0x20000ddc                __aeabi_dcmpgt
 .text          0x20000df4       0x5c c:/isis/application/toolchain/bin/../lib/gcc/arm-none-eabi/4.7.4\libgcc.a(_arm_fixdfsi.o)
                0x20000df4                __aeabi_d2iz
                0x20000df4                __fixdfsi
 .text          0x20000e50       0x54 c:/isis/application/toolchain/bin/../lib/gcc/arm-none-eabi/4.7.4\libgcc.a(_arm_fixunsdfsi.o)
                0x20000e50                __aeabi_d2uiz
                0x20000e50                __fixunsdfsi
 .text          0x20000ea4       0xa0 c:/isis/application/toolchain/bin/../lib/gcc/arm-none-eabi/4.7.4\libgcc.a(_arm_truncdfsf2.o)
                0x20000ea4                __truncdfsf2
                0x20000ea4                __aeabi_d2f
 .text          0x20000f44      0x2ac c:/isis/application/toolchain/bin/../lib/gcc/arm-none-eabi/4.7.4\libgcc.a(_arm_addsubsf3.o)
                0x20000f44                __aeabi_frsub
                0x20000f4c                __subsf3
                0x20000f4c                __aeabi_fsub
                0x20000f50                __aeabi_fadd
                0x20000f50                __addsf3
                0x2000110c                __aeabi_ui2f
                0x2000110c                __floatunsisf
                0x20001114                __aeabi_i2f
                0x20001114                __floatsisf
                0x20001134                __aeabi_ul2f
                0x20001134                __floatundisf
                0x20001144                __aeabi_l2f
                0x20001144                __floatdisf
 .text          0x200011f0      0x2f8 c:/isis/application/toolchain/bin/../lib/gcc/arm-none-eabi/4.7.4\libgcc.a(_arm_muldivsf3.o)
                0x200011f0                __mulsf3
                0x200011f0                __aeabi_fmul
                0x20001388                __aeabi_fdiv
                0x20001388                __divsf3
 .text          0x200014e8       0x54 c:/isis/application/toolchain/bin/../lib/gcc/arm-none-eabi/4.7.4\libgcc.a(_arm_fixunssfsi.o)
                0x200014e8                __fixunssfsi
                0x200014e8                __aeabi_f2uiz
 *(.text*)
 .text.__cvt    0x2000153c      0x138 c:/isis/application/toolchain/bin/../lib/gcc/arm-none-eabi/4.7.4/../../../../arm-none-eabi/lib\libc_s.a(lib_a-vfprintf_float.o)
                0x2000153c                __cvt
 .text.__exponent
                0x20001674       0xa8 c:/isis/application/toolchain/bin/../lib/gcc/arm-none-eabi/4.7.4/../../../../arm-none-eabi/lib\libc_s.a(lib_a-vfprintf_float.o)
                0x20001674                __exponent
 .text._printf_float
                0x2000171c      0x7dc c:/isis/application/toolchain/bin/../lib/gcc/arm-none-eabi/4.7.4/../../../../arm-none-eabi/lib\libc_s.a(lib_a-vfprintf_float.o)
                0x2000171c                _printf_float
 .text._printf_common
                0x20001ef8      0x174 c:/isis/application/toolchain/bin/../lib/gcc/arm-none-eabi/4.7.4/../../../../arm-none-eabi/lib\libc_s.a(lib_a-vfprintf_i.o)
                0x20001ef8                _printf_common
 .text._printf_i
                0x2000206c      0x3c4 c:/isis/application/toolchain/bin/../lib/gcc/arm-none-eabi/4.7.4/../../../../arm-none-eabi/lib\libc_s.a(lib_a-vfprintf_i.o)
                0x2000206c                _printf_i
 .text._scanf_float
                0x20002430      0x5f4 c:/isis/application/toolchain/bin/../lib/gcc/arm-none-eabi/4.7.4/../../../../arm-none-eabi/lib\libc_s.a(lib_a-vfscanf_float.o)
                0x20002430                _scanf_float
 .text.quorem   0x20002a24      0x1ac c:/isis/application/toolchain/bin/../lib/gcc/arm-none-eabi/4.7.4/../../../../arm-none-eabi/lib\libc_s.a(lib_a-dtoa.o)
 .text._dtoa_r  0x20002bd0     0x1268 c:/isis/application/toolchain/bin/../lib/gcc/arm-none-eabi/4.7.4/../../../../arm-none-eabi/lib\libc_s.a(lib_a-dtoa.o)
                0x20002bd0                _dtoa_r
 .text._localeconv_r
                0x20003e38        0xc c:/isis/application/toolchain/bin/../lib/gcc/arm-none-eabi/4.7.4/../../../../arm-none-eabi/lib\libc_s.a(lib_a-locale.o)
                0x20003e38                _localeconv_r
 .text.malloc   0x20003e44       0x20 c:/isis/application/toolchain/bin/../lib/gcc/arm-none-eabi/4.7.4/../../../../arm-none-eabi/lib\libc_s.a(lib_a-malloc.o)
                0x20003e44                malloc
 .text.free     0x20003e64       0x20 c:/isis/application/toolchain/bin/../lib/gcc/arm-none-eabi/4.7.4/../../../../arm-none-eabi/lib\libc_s.a(lib_a-malloc.o)
                0x20003e64                free
 .text._malloc_r
                0x20003e84       0xfc c:/isis/application/toolchain/bin/../lib/gcc/arm-none-eabi/4.7.4/../../../../arm-none-eabi/lib\libc_s.a(lib_a-mallocr.o)
                0x20003e84                _malloc_r
 .text.memcpy   0x20003f80       0x20 c:/isis/application/toolchain/bin/../lib/gcc/arm-none-eabi/4.7.4/../../../../arm-none-eabi/lib\libc_s.a(lib_a-memcpy.o)
                0x20003f80                memcpy
 .text._Balloc  0x20003fa0       0xcc c:/isis/application/toolchain/bin/../lib/gcc/arm-none-eabi/4.7.4/../../../../arm-none-eabi/lib\libc_s.a(lib_a-mprec.o)
                0x20003fa0                _Balloc
 .text._Bfree   0x2000406c       0x5c c:/isis/application/toolchain/bin/../lib/gcc/arm-none-eabi/4.7.4/../../../../arm-none-eabi/lib\libc_s.a(lib_a-mprec.o)
                0x2000406c                _Bfree
 .text.__multadd
                0x200040c8       0xbc c:/isis/application/toolchain/bin/../lib/gcc/arm-none-eabi/4.7.4/../../../../arm-none-eabi/lib\libc_s.a(lib_a-mprec.o)
                0x200040c8                __multadd
 .text.__s2b    0x20004184       0xd8 c:/isis/application/toolchain/bin/../lib/gcc/arm-none-eabi/4.7.4/../../../../arm-none-eabi/lib\libc_s.a(lib_a-mprec.o)
                0x20004184                __s2b
 .text.__hi0bits
                0x2000425c       0x58 c:/isis/application/toolchain/bin/../lib/gcc/arm-none-eabi/4.7.4/../../../../arm-none-eabi/lib\libc_s.a(lib_a-mprec.o)
                0x2000425c                __hi0bits
 .text.__lo0bits
                0x200042b4       0x94 c:/isis/application/toolchain/bin/../lib/gcc/arm-none-eabi/4.7.4/../../../../arm-none-eabi/lib\libc_s.a(lib_a-mprec.o)
                0x200042b4                __lo0bits
 .text.__i2b    0x20004348       0x24 c:/isis/application/toolchain/bin/../lib/gcc/arm-none-eabi/4.7.4/../../../../arm-none-eabi/lib\libc_s.a(lib_a-mprec.o)
                0x20004348                __i2b
 .text.__multiply
                0x2000436c      0x1ac c:/isis/application/toolchain/bin/../lib/gcc/arm-none-eabi/4.7.4/../../../../arm-none-eabi/lib\libc_s.a(lib_a-mprec.o)
                0x2000436c                __multiply
 .text.__pow5mult
                0x20004518      0x10c c:/isis/application/toolchain/bin/../lib/gcc/arm-none-eabi/4.7.4/../../../../arm-none-eabi/lib\libc_s.a(lib_a-mprec.o)
                0x20004518                __pow5mult
 .text.__lshift
                0x20004624       0xf0 c:/isis/application/toolchain/bin/../lib/gcc/arm-none-eabi/4.7.4/../../../../arm-none-eabi/lib\libc_s.a(lib_a-mprec.o)
                0x20004624                __lshift
 .text.__mcmp   0x20004714       0x60 c:/isis/application/toolchain/bin/../lib/gcc/arm-none-eabi/4.7.4/../../../../arm-none-eabi/lib\libc_s.a(lib_a-mprec.o)
                0x20004714                __mcmp
 .text.__mdiff  0x20004774      0x128 c:/isis/application/toolchain/bin/../lib/gcc/arm-none-eabi/4.7.4/../../../../arm-none-eabi/lib\libc_s.a(lib_a-mprec.o)
                0x20004774                __mdiff
 .text.__ulp    0x2000489c       0x5c c:/isis/application/toolchain/bin/../lib/gcc/arm-none-eabi/4.7.4/../../../../arm-none-eabi/lib\libc_s.a(lib_a-mprec.o)
                0x2000489c                __ulp
 .text.__b2d    0x200048f8       0xc8 c:/isis/application/toolchain/bin/../lib/gcc/arm-none-eabi/4.7.4/../../../../arm-none-eabi/lib\libc_s.a(lib_a-mprec.o)
                0x200048f8                __b2d
 .text.__d2b    0x200049c0       0xfc c:/isis/application/toolchain/bin/../lib/gcc/arm-none-eabi/4.7.4/../../../../arm-none-eabi/lib\libc_s.a(lib_a-mprec.o)
                0x200049c0                __d2b
 .text.__ratio  0x20004abc       0x70 c:/isis/application/toolchain/bin/../lib/gcc/arm-none-eabi/4.7.4/../../../../arm-none-eabi/lib\libc_s.a(lib_a-mprec.o)
                0x20004abc                __ratio
 .text.__copybits
                0x20004b2c       0x4c c:/isis/application/toolchain/bin/../lib/gcc/arm-none-eabi/4.7.4/../../../../arm-none-eabi/lib\libc_s.a(lib_a-mprec.o)
                0x20004b2c                __copybits
 .text.__any_on
                0x20004b78       0x7c c:/isis/application/toolchain/bin/../lib/gcc/arm-none-eabi/4.7.4/../../../../arm-none-eabi/lib\libc_s.a(lib_a-mprec.o)
                0x20004b78                __any_on
 .text.__fpclassifyd
                0x20004bf4       0x6c c:/isis/application/toolchain/bin/../lib/gcc/arm-none-eabi/4.7.4/../../../../arm-none-eabi/lib\libc_s.a(lib_a-s_fpclassify.o)
                0x20004bf4                __fpclassifyd
 .text._sbrk_r  0x20004c60       0x3c c:/isis/application/toolchain/bin/../lib/gcc/arm-none-eabi/4.7.4/../../../../arm-none-eabi/lib\libc_s.a(lib_a-sbrkr.o)
                0x20004c60                _sbrk_r
 .text.nanf     0x20004c9c        0xc c:/isis/application/toolchain/bin/../lib/gcc/arm-none-eabi/4.7.4/../../../../arm-none-eabi/lib\libc_s.a(lib_a-sf_nan.o)
                0x20004c9c                nanf
 .text.sprintf  0x20004ca8       0x6c c:/isis/application/toolchain/bin/../lib/gcc/arm-none-eabi/4.7.4/../../../../arm-none-eabi/lib\libc_s.a(lib_a-sprintf.o)
                0x20004ca8                siprintf
                0x20004ca8                sprintf
 .text.strcmp   0x20004d14       0x1c c:/isis/application/toolchain/bin/../lib/gcc/arm-none-eabi/4.7.4/../../../../arm-none-eabi/lib\libc_s.a(lib_a-strcmp.o)
                0x20004d14                strcmp
 .text.strlen   0x20004d30       0x1c c:/isis/application/toolchain/bin/../lib/gcc/arm-none-eabi/4.7.4/../../../../arm-none-eabi/lib\libc_s.a(lib_a-strlen.o)
                0x20004d30                strlen
 .text.match    0x20004d4c       0x54 c:/isis/application/toolchain/bin/../lib/gcc/arm-none-eabi/4.7.4/../../../../arm-none-eabi/lib\libc_s.a(lib_a-strtod.o)
 .text._strtod_r
                0x20004da0     0x1168 c:/isis/application/toolchain/bin/../lib/gcc/arm-none-eabi/4.7.4/../../../../arm-none-eabi/lib\libc_s.a(lib_a-strtod.o)
                0x20004da0                _strtod_r
 .text._strtol_r
                0x20005f08      0x1b8 c:/isis/application/toolchain/bin/../lib/gcc/arm-none-eabi/4.7.4/../../../../arm-none-eabi/lib\libc_s.a(lib_a-strtol.o)
                0x20005f08                _strtol_r
 .text.__ssputc_r
                0x200060c0      0x10c c:/isis/application/toolchain/bin/../lib/gcc/arm-none-eabi/4.7.4/../../../../arm-none-eabi/lib\libc_s.a(lib_a-svfprintf.o)
                0x200060c0                __ssputc_r
 .text._svfprintf_r
                0x200061cc      0x328 c:/isis/application/toolchain/bin/../lib/gcc/arm-none-eabi/4.7.4/../../../../arm-none-eabi/lib\libc_s.a(lib_a-svfprintf.o)
                0x200061cc                _svfiprintf_r
                0x200061cc                _svfprintf_r
 .text._calloc_r
                0x200064f4       0x2c c:/isis/application/toolchain/bin/../lib/gcc/arm-none-eabi/4.7.4/../../../../arm-none-eabi/lib\libc_s.a(lib_a-callocr.o)
                0x200064f4                _calloc_r
 .text._free_r  0x20006520      0x108 c:/isis/application/toolchain/bin/../lib/gcc/arm-none-eabi/4.7.4/../../../../arm-none-eabi/lib\libc_s.a(lib_a-freer.o)
                0x20006520                _free_r
 .text.rshift   0x20006628       0xb0 c:/isis/application/toolchain/bin/../lib/gcc/arm-none-eabi/4.7.4/../../../../arm-none-eabi/lib\libc_s.a(lib_a-gdtoa-gethex.o)
 .text.htinit.constprop.0
                0x200066d8       0x34 c:/isis/application/toolchain/bin/../lib/gcc/arm-none-eabi/4.7.4/../../../../arm-none-eabi/lib\libc_s.a(lib_a-gdtoa-gethex.o)
 .text.__hexdig_init
                0x2000670c       0x38 c:/isis/application/toolchain/bin/../lib/gcc/arm-none-eabi/4.7.4/../../../../arm-none-eabi/lib\libc_s.a(lib_a-gdtoa-gethex.o)
                0x2000670c                __hexdig_init
 .text.__gethex
                0x20006744      0x6cc c:/isis/application/toolchain/bin/../lib/gcc/arm-none-eabi/4.7.4/../../../../arm-none-eabi/lib\libc_s.a(lib_a-gdtoa-gethex.o)
                0x20006744                __gethex
 .text.L_shift  0x20006e10       0x38 c:/isis/application/toolchain/bin/../lib/gcc/arm-none-eabi/4.7.4/../../../../arm-none-eabi/lib\libc_s.a(lib_a-gdtoa-hexnan.o)
 .text.__hexnan
                0x20006e48      0x1d8 c:/isis/application/toolchain/bin/../lib/gcc/arm-none-eabi/4.7.4/../../../../arm-none-eabi/lib\libc_s.a(lib_a-gdtoa-hexnan.o)
                0x20006e48                __hexnan
 .text.memchr   0x20007020       0x34 c:/isis/application/toolchain/bin/../lib/gcc/arm-none-eabi/4.7.4/../../../../arm-none-eabi/lib\libc_s.a(lib_a-memchr.o)
                0x20007020                memchr
 .text.memset   0x20007054       0x1c c:/isis/application/toolchain/bin/../lib/gcc/arm-none-eabi/4.7.4/../../../../arm-none-eabi/lib\libc_s.a(lib_a-memset.o)
                0x20007054                memset
 .text._realloc_r
                0x20007070       0x80 c:/isis/application/toolchain/bin/../lib/gcc/arm-none-eabi/4.7.4/../../../../arm-none-eabi/lib\libc_s.a(lib_a-reallocr.o)
                0x20007070                _realloc_r
 .text.strncmp  0x200070f0       0x64 c:/isis/application/toolchain/bin/../lib/gcc/arm-none-eabi/4.7.4/../../../../arm-none-eabi/lib\libc_s.a(lib_a-strncmp.o)
                0x200070f0                strncmp
 .text._malloc_usable_size_r
                0x20007154       0x1c c:/isis/application/toolchain/bin/../lib/gcc/arm-none-eabi/4.7.4/../../../../arm-none-eabi/lib\libc_s.a(lib_a-msizer.o)
                0x20007154                _malloc_usable_size_r
 .text.TransformRawToBMP
                0x20007170      0x190 ./src/sub-systemCode/payload/jpeg/bmp/rawToBMP.o
                0x20007170                TransformRawToBMP
 .text.interpolate
                0x20007300      0x8d0 ./src/sub-systemCode/payload/jpeg/bmp/rawToBMP.o
                0x20007300                interpolate
 .text.getInputAt
                0x20007bd0      0x308 ./src/sub-systemCode/payload/jpeg/bmp/rawToBMP.o
                0x20007bd0                getInputAt
 .text.f_writeF_FILEHeader
                0x20007ed8      0x2f0 ./src/sub-systemCode/payload/jpeg/bmp/rawToBMP.o
                0x20007ed8                f_writeF_FILEHeader
 .text.f_writeOutputRow
                0x200081c8       0xbc ./src/sub-systemCode/payload/jpeg/bmp/rawToBMP.o
                0x200081c8                f_writeOutputRow
 .text.dct      0x20008284      0x9c4 ./src/sub-systemCode/payload/jpeg/DCT.o
                0x20008284                dct
 .text.CompressImage
                0x20008c48      0x274 ./src/sub-systemCode/payload/jpeg/ImgCompressor.o
                0x20008c48                CompressImage
 .text.clamp    0x20008ebc       0x60 ./src/sub-systemCode/payload/jpeg/color_conv.o
                0x20008ebc                clamp
 .text.RGB_to_YCC
                0x20008f1c      0x1a8 ./src/sub-systemCode/payload/jpeg/color_conv.o
                0x20008f1c                RGB_to_YCC
 .text.RGB_to_Y
                0x200090c4       0xc4 ./src/sub-systemCode/payload/jpeg/color_conv.o
                0x200090c4                RGB_to_Y
 .text.Y_to_YCC
                0x20009188       0x88 ./src/sub-systemCode/payload/jpeg/color_conv.o
                0x20009188                Y_to_YCC
 .text.compress_image_to_jpeg_file
                0x20009210      0x184 ./src/sub-systemCode/payload/jpeg/jpeg.o
                0x20009210                compress_image_to_jpeg_file
 .text.emit_marker
                0x20009394       0xc8 ./src/sub-systemCode/payload/jpeg/jpeg_encoder.o
                0x20009394                emit_marker
 .text.emit_byte
                0x2000945c       0x6c ./src/sub-systemCode/payload/jpeg/jpeg_encoder.o
                0x2000945c                emit_byte
 .text.emit_word
                0x200094c8       0xd0 ./src/sub-systemCode/payload/jpeg/jpeg_encoder.o
                0x200094c8                emit_word
 .text.emit_jfif_app0
                0x20009598       0xc0 ./src/sub-systemCode/payload/jpeg/jpeg_encoder.o
                0x20009598                emit_jfif_app0
 .text.emit_dqt
                0x20009658       0xd8 ./src/sub-systemCode/payload/jpeg/jpeg_encoder.o
                0x20009658                emit_dqt
 .text.emit_sof
                0x20009730      0x14c ./src/sub-systemCode/payload/jpeg/jpeg_encoder.o
                0x20009730                emit_sof
 .text.emit_dht
                0x2000987c      0x138 ./src/sub-systemCode/payload/jpeg/jpeg_encoder.o
                0x2000987c                emit_dht
 .text.emit_dhts
                0x200099b4       0xd8 ./src/sub-systemCode/payload/jpeg/jpeg_encoder.o
                0x200099b4                emit_dhts
 .text.emit_sos
                0x20009a8c       0xec ./src/sub-systemCode/payload/jpeg/jpeg_encoder.o
                0x20009a8c                emit_sos
 .text.emit_markers
                0x20009b78       0x4c ./src/sub-systemCode/payload/jpeg/jpeg_encoder.o
                0x20009b78                emit_markers
 .text.compute_huffman_table
                0x20009bc4      0x334 ./src/sub-systemCode/payload/jpeg/jpeg_encoder.o
                0x20009bc4                compute_huffman_table
 .text.compute_quant_table
                0x20009ef8      0x11c ./src/sub-systemCode/payload/jpeg/jpeg_encoder.o
                0x20009ef8                compute_quant_table
 .text.first_pass_init
                0x2000a014       0x54 ./src/sub-systemCode/payload/jpeg/jpeg_encoder.o
                0x2000a014                first_pass_init
 .text.second_pass_init
                0x2000a068      0x110 ./src/sub-systemCode/payload/jpeg/jpeg_encoder.o
                0x2000a068                second_pass_init
 .text.jpg_open
                0x2000a178      0x7b4 ./src/sub-systemCode/payload/jpeg/jpeg_encoder.o
                0x2000a178                jpg_open
 .text.load_block_8_8_grey
                0x2000a92c      0x164 ./src/sub-systemCode/payload/jpeg/jpeg_encoder.o
                0x2000a92c                load_block_8_8_grey
 .text.load_block_8_8
                0x2000aa90      0x198 ./src/sub-systemCode/payload/jpeg/jpeg_encoder.o
                0x2000aa90                load_block_8_8
 .text.load_block_16_8
                0x2000ac28      0x3cc ./src/sub-systemCode/payload/jpeg/jpeg_encoder.o
                0x2000ac28                load_block_16_8
 .text.load_block_16_8_8
                0x2000aff4      0x2a8 ./src/sub-systemCode/payload/jpeg/jpeg_encoder.o
                0x2000aff4                load_block_16_8_8
 .text.load_coefficients
                0x2000b29c      0x1c8 ./src/sub-systemCode/payload/jpeg/jpeg_encoder.o
                0x2000b29c                load_coefficients
 .text.flush_output_buffer
                0x2000b464       0xa0 ./src/sub-systemCode/payload/jpeg/jpeg_encoder.o
                0x2000b464                flush_output_buffer
 .text.put_bits
                0x2000b504      0x170 ./src/sub-systemCode/payload/jpeg/jpeg_encoder.o
                0x2000b504                put_bits
 .text.code_coefficients_pass_two
                0x2000b674      0x338 ./src/sub-systemCode/payload/jpeg/jpeg_encoder.o
                0x2000b674                code_coefficients_pass_two
 .text.code_block
                0x2000b9ac       0x44 ./src/sub-systemCode/payload/jpeg/jpeg_encoder.o
                0x2000b9ac                code_block
 .text.process_mcu_row
                0x2000b9f0      0x328 ./src/sub-systemCode/payload/jpeg/jpeg_encoder.o
                0x2000b9f0                process_mcu_row
 .text.terminate_pass_two
                0x2000bd18       0x44 ./src/sub-systemCode/payload/jpeg/jpeg_encoder.o
                0x2000bd18                terminate_pass_two
 .text.process_end_of_image
                0x2000bd5c       0xc0 ./src/sub-systemCode/payload/jpeg/jpeg_encoder.o
                0x2000bd5c                process_end_of_image
 .text.load_mcu
                0x2000be1c      0x29c ./src/sub-systemCode/payload/jpeg/jpeg_encoder.o
                0x2000be1c                load_mcu
 .text.clear    0x2000c0b8      0x1e0 ./src/sub-systemCode/payload/jpeg/jpeg_encoder.o
                0x2000c0b8                clear
 .text.init     0x2000c298       0xe4 ./src/sub-systemCode/payload/jpeg/jpeg_encoder.o
                0x2000c298                init
 .text.deinit   0x2000c37c      0x160 ./src/sub-systemCode/payload/jpeg/jpeg_encoder.o
                0x2000c37c                deinit
 .text.process_scanline
                0x2000c4dc       0x6c ./src/sub-systemCode/payload/jpeg/jpeg_encoder.o
                0x2000c4dc                process_scanline
 .text.jpge_malloc
                0x2000c548       0x28 ./src/sub-systemCode/payload/jpeg/jpeg_memory_alloc.o
                0x2000c548                jpge_malloc
 .text.jpge_cmalloc
                0x2000c570       0x48 ./src/sub-systemCode/payload/jpeg/jpeg_memory_alloc.o
                0x2000c570                jpge_cmalloc
 .text.jpge_free
                0x2000c5b8       0x24 ./src/sub-systemCode/payload/jpeg/jpeg_memory_alloc.o
                0x2000c5b8                jpge_free
 .text.check    0x2000c5dc       0x78 ./src/sub-systemCode/payload/jpeg/jpeg_params.o
                0x2000c5dc                check
 .text.open_jpeg_file
                0x2000c654       0xe0 ./src/sub-systemCode/payload/jpeg/output_stream.o
                0x2000c654                open_jpeg_file
 .text.close_jpeg_file
                0x2000c734      0x118 ./src/sub-systemCode/payload/jpeg/output_stream.o
                0x2000c734                close_jpeg_file
 .text.put_buf  0x2000c84c      0x258 ./src/sub-systemCode/payload/jpeg/output_stream.o
                0x2000c84c                put_buf
 .text.convert2char
                0x2000caa4      0x14c ./src/sub-systemCode/payload/Boolean_bit.o
                0x2000caa4                convert2char
 .text.convert2byte
                0x2000cbf0      0x1c8 ./src/sub-systemCode/payload/Boolean_bit.o
                0x2000cbf0                convert2byte
 .text.bits2byte
                0x2000cdb8      0x17c ./src/sub-systemCode/payload/Boolean_bit.o
                0x2000cdb8                bits2byte
 .text.byte2bits
                0x2000cf34      0x17c ./src/sub-systemCode/payload/Boolean_bit.o
                0x2000cf34                byte2bits
 .text.char2bits
                0x2000d0b0       0x44 ./src/sub-systemCode/payload/Boolean_bit.o
                0x2000d0b0                char2bits
 .text.bits2char
                0x2000d0f4       0x3c ./src/sub-systemCode/payload/Boolean_bit.o
                0x2000d0f4                bits2char
 .text.GetChunksFromRange
                0x2000d130      0x164 ./src/sub-systemCode/payload/Butchering.o
                0x2000d130                GetChunksFromRange
 .text.GetChunkFromImage
                0x2000d294      0x2e0 ./src/sub-systemCode/payload/Butchering.o
                0x2000d294                GetChunkFromImage
 .text.SimpleButcher
                0x2000d574       0xcc ./src/sub-systemCode/payload/Butchering.o
                0x2000d574                SimpleButcher
 .text.Initialized_GPIO
                0x2000d640       0x54 ./src/sub-systemCode/payload/Camera.o
                0x2000d640                Initialized_GPIO
 .text.TurnOnGecko
                0x2000d694      0x128 ./src/sub-systemCode/payload/Camera.o
                0x2000d694                TurnOnGecko
 .text.TurnOffGecko
                0x2000d7bc       0xc0 ./src/sub-systemCode/payload/Camera.o
                0x2000d7bc                TurnOffGecko
 .text.initGecko
                0x2000d87c       0x3c ./src/sub-systemCode/payload/Camera.o
                0x2000d87c                initGecko
 .text.GECKO_TakeImage
                0x2000d8b8      0x2f4 ./src/sub-systemCode/payload/Camera.o
                0x2000d8b8                GECKO_TakeImage
 .text.GECKO_EraseBlock
                0x2000dbac       0xf0 ./src/sub-systemCode/payload/Camera.o
                0x2000dbac                GECKO_EraseBlock
 .text.CameraManagerTaskMain
                0x2000dc9c      0x258 ./src/sub-systemCode/payload/CameraManager.o
                0x2000dc9c                CameraManagerTaskMain
 .text.initCamera
                0x2000def4       0x78 ./src/sub-systemCode/payload/CameraManager.o
                0x2000def4                initCamera
 .text.KickStartCamera
                0x2000df6c       0xb4 ./src/sub-systemCode/payload/CameraManager.o
                0x2000df6c                KickStartCamera
 .text.addRequestToQueue
                0x2000e020       0xa8 ./src/sub-systemCode/payload/CameraManager.o
                0x2000e020                addRequestToQueue
 .text.removeRequestFromQueue
                0x2000e0c8       0x7c ./src/sub-systemCode/payload/CameraManager.o
                0x2000e0c8                removeRequestFromQueue
 .text.Take_pictures_with_time_in_between
                0x2000e144       0xcc ./src/sub-systemCode/payload/CameraManager.o
                0x2000e144                Take_pictures_with_time_in_between
 .text.handleDump
                0x2000e210      0x234 ./src/sub-systemCode/payload/CameraManager.o
                0x2000e210                handleDump
 .text.act_upon_request
                0x2000e444      0x528 ./src/sub-systemCode/payload/CameraManager.o
                0x2000e444                act_upon_request
 .text.TakePicture
                0x2000e96c       0x4c ./src/sub-systemCode/payload/DB_RequestHandling.o
                0x2000e96c                TakePicture
 .text.TakeSpecialPicture
                0x2000e9b8       0xe4 ./src/sub-systemCode/payload/DB_RequestHandling.o
                0x2000e9b8                TakeSpecialPicture
 .text.DeletePicture
                0x2000ea9c       0xa4 ./src/sub-systemCode/payload/DB_RequestHandling.o
                0x2000ea9c                DeletePicture
 .text.TransferPicture
                0x2000eb40       0x54 ./src/sub-systemCode/payload/DB_RequestHandling.o
                0x2000eb40                TransferPicture
 .text.CreateThumbnail
                0x2000eb94       0x74 ./src/sub-systemCode/payload/DB_RequestHandling.o
                0x2000eb94                CreateThumbnail
 .text.CreateJPG
                0x2000ec08       0x80 ./src/sub-systemCode/payload/DB_RequestHandling.o
                0x2000ec08                CreateJPG
 .text.UpdatePhotographyValues
                0x2000ec88       0xb4 ./src/sub-systemCode/payload/DB_RequestHandling.o
                0x2000ec88                UpdatePhotographyValues
 .text.getFileName
                0x2000ed3c      0x2fc ./src/sub-systemCode/payload/DataBase.o
 .text.getDatabaseStart
                0x2000f038       0x20 ./src/sub-systemCode/payload/DataBase.o
 .text.getDatabaseEnd
                0x2000f058       0x1c ./src/sub-systemCode/payload/DataBase.o
 .text.zeroDataBase
                0x2000f074       0xd0 ./src/sub-systemCode/payload/DataBase.o
                0x2000f074                zeroDataBase
 .text.updateGeneralParameters
                0x2000f144       0xd4 ./src/sub-systemCode/payload/DataBase.o
 .text.getLatestID
                0x2000f218       0x2c ./src/sub-systemCode/payload/DataBase.o
                0x2000f218                getLatestID
 .text.getNumberOfFrames
                0x2000f244       0x28 ./src/sub-systemCode/payload/DataBase.o
                0x2000f244                getNumberOfFrames
 .text.markPicture
                0x2000f26c       0xcc ./src/sub-systemCode/payload/DataBase.o
                0x2000f26c                markPicture
 .text.handleMarkedPictures
                0x2000f338      0x248 ./src/sub-systemCode/payload/DataBase.o
                0x2000f338                handleMarkedPictures
 .text.initDataBase
                0x2000f580      0x244 ./src/sub-systemCode/payload/DataBase.o
                0x2000f580                initDataBase
 .text.resetDataBase
                0x2000f7c4       0x9c ./src/sub-systemCode/payload/DataBase.o
                0x2000f7c4                resetDataBase
 .text.updateCameraParameters
                0x2000f860       0x68 ./src/sub-systemCode/payload/DataBase.o
                0x2000f860                updateCameraParameters
 .text.transferImageToSD
                0x2000f8c8      0x2f8 ./src/sub-systemCode/payload/DataBase.o
                0x2000f8c8                transferImageToSD
 .text.DeleteImageFromOBC
                0x2000fbc0      0x2e0 ./src/sub-systemCode/payload/DataBase.o
                0x2000fbc0                DeleteImageFromOBC
 .text.DeleteImageFromPayload
                0x2000fea0      0x29c ./src/sub-systemCode/payload/DataBase.o
                0x2000fea0                DeleteImageFromPayload
 .text.takePicture
                0x2001013c      0x48c ./src/sub-systemCode/payload/DataBase.o
                0x2001013c                takePicture
 .text.takePicture_withSpecialParameters
                0x200105c8       0xc8 ./src/sub-systemCode/payload/DataBase.o
                0x200105c8                takePicture_withSpecialParameters
 .text.GetImageFileName
                0x20010690       0xfc ./src/sub-systemCode/payload/DataBase.o
                0x20010690                GetImageFileName
 .text.getDataBaseBuffer
                0x2001078c      0x454 ./src/sub-systemCode/payload/DataBase.o
                0x2001078c                getDataBaseBuffer
 .text.GetBinnedPixel
                0x20010be0       0xec ./src/sub-systemCode/payload/DataBase.o
 .text.BinImage_Average
                0x20010ccc      0x554 ./src/sub-systemCode/payload/DataBase.o
                0x20010ccc                BinImage_Average
 .text.BinImage_Skipping
                0x20011220      0x534 ./src/sub-systemCode/payload/DataBase.o
                0x20011220                BinImage_Skipping
 .text.BinImage
                0x20011754       0x6c ./src/sub-systemCode/payload/DataBase.o
                0x20011754                BinImage
 .text.compressImage
                0x200117c0      0x128 ./src/sub-systemCode/payload/DataBase.o
                0x200117c0                compressImage
 .text.clearDataBase
                0x200118e8       0xf4 ./src/sub-systemCode/payload/DataBase.o
                0x200118e8                clearDataBase
 .text.get_ID_list_withDefaltThumbnail
                0x200119dc      0x134 ./src/sub-systemCode/payload/DataBase.o
                0x200119dc                get_ID_list_withDefaltThumbnail
 .text.FRAM_readAndProgress
                0x20011b10       0x5c ./src/sub-systemCode/payload/FRAM_Extended.o
                0x20011b10                FRAM_readAndProgress
 .text.FRAM_writeAndProgress
                0x20011b6c       0x5c ./src/sub-systemCode/payload/FRAM_Extended.o
                0x20011b6c                FRAM_writeAndProgress
 .text.cmd_error
                0x20011bc8       0x38 ./src/sub-systemCode/Main/CMD/COMM_CMD.o
                0x20011bc8                cmd_error
 .text.cmd_mute
                0x20011c00       0xc4 ./src/sub-systemCode/Main/CMD/COMM_CMD.o
                0x20011c00                cmd_mute
 .text.cmd_unmute
                0x20011cc4       0x4c ./src/sub-systemCode/Main/CMD/COMM_CMD.o
                0x20011cc4                cmd_unmute
 .text.cmd_active_trans
                0x20011d10       0xc0 ./src/sub-systemCode/Main/CMD/COMM_CMD.o
                0x20011d10                cmd_active_trans
 .text.cmd_shut_trans
                0x20011dd0       0x38 ./src/sub-systemCode/Main/CMD/COMM_CMD.o
                0x20011dd0                cmd_shut_trans
 .text.cmd_change_trans_rssi
                0x20011e08       0xb8 ./src/sub-systemCode/Main/CMD/COMM_CMD.o
                0x20011e08                cmd_change_trans_rssi
 .text.cmd_aprs_dump
                0x20011ec0       0x50 ./src/sub-systemCode/Main/CMD/COMM_CMD.o
                0x20011ec0                cmd_aprs_dump
 .text.cmd_stop_dump
                0x20011f10       0x38 ./src/sub-systemCode/Main/CMD/COMM_CMD.o
                0x20011f10                cmd_stop_dump
 .text.cmd_time_frequency
                0x20011f48       0xc0 ./src/sub-systemCode/Main/CMD/COMM_CMD.o
                0x20011f48                cmd_time_frequency
 .text.cmd_upload_volt_logic
                0x20012008      0x3d0 ./src/sub-systemCode/Main/CMD/EPS_CMD.o
                0x20012008                cmd_upload_volt_logic
 .text.cmd_upload_volt_COMM
                0x200123d8      0x1c8 ./src/sub-systemCode/Main/CMD/EPS_CMD.o
                0x200123d8                cmd_upload_volt_COMM
 .text.cmd_heater_temp
                0x200125a0       0xc0 ./src/sub-systemCode/Main/CMD/EPS_CMD.o
                0x200125a0                cmd_heater_temp
 .text.cmd_SHUT_CAM
                0x20012660       0x6c ./src/sub-systemCode/Main/CMD/EPS_CMD.o
                0x20012660                cmd_SHUT_CAM
 .text.cmd_SHUT_ADCS
                0x200126cc       0x6c ./src/sub-systemCode/Main/CMD/EPS_CMD.o
                0x200126cc                cmd_SHUT_ADCS
 .text.cmd_allow_CAM
                0x20012738       0x6c ./src/sub-systemCode/Main/CMD/EPS_CMD.o
                0x20012738                cmd_allow_CAM
 .text.cmd_allow_ADCS
                0x200127a4       0x6c ./src/sub-systemCode/Main/CMD/EPS_CMD.o
                0x200127a4                cmd_allow_ADCS
 .text.cmd_generic_I2C
                0x20012810       0xb4 ./src/sub-systemCode/Main/CMD/General_CMD.o
                0x20012810                cmd_generic_I2C
 .text.cmd_dump
                0x200128c4       0xf0 ./src/sub-systemCode/Main/CMD/General_CMD.o
                0x200128c4                cmd_dump
 .text.cmd_delete_TM
                0x200129b4      0x1dc ./src/sub-systemCode/Main/CMD/General_CMD.o
                0x200129b4                cmd_delete_TM
 .text.cmd_reset_file
                0x20012b90      0x110 ./src/sub-systemCode/Main/CMD/General_CMD.o
                0x20012b90                cmd_reset_file
 .text.cmd_dummy_func
                0x20012ca0       0x40 ./src/sub-systemCode/Main/CMD/General_CMD.o
                0x20012ca0                cmd_dummy_func
 .text.cmd_soft_reset_cmponent
                0x20012ce0       0xb0 ./src/sub-systemCode/Main/CMD/General_CMD.o
                0x20012ce0                cmd_soft_reset_cmponent
 .text.cmd_hard_reset_cmponent
                0x20012d90       0xb0 ./src/sub-systemCode/Main/CMD/General_CMD.o
                0x20012d90                cmd_hard_reset_cmponent
 .text.cmd_reset_satellite
                0x20012e40       0x78 ./src/sub-systemCode/Main/CMD/General_CMD.o
                0x20012e40                cmd_reset_satellite
 .text.cmd_gracefull_reset_satellite
                0x20012eb8       0x78 ./src/sub-systemCode/Main/CMD/General_CMD.o
                0x20012eb8                cmd_gracefull_reset_satellite
 .text.cmd_upload_time
                0x20012f30       0xb0 ./src/sub-systemCode/Main/CMD/General_CMD.o
                0x20012f30                cmd_upload_time
 .text.cmd_ARM_DIARM
                0x20012fe0       0xd4 ./src/sub-systemCode/Main/CMD/General_CMD.o
                0x20012fe0                cmd_ARM_DIARM
 .text.cmd_reset_delayed_command_list
                0x200130b4       0x3c ./src/sub-systemCode/Main/CMD/SW_CMD.o
                0x200130b4                cmd_reset_delayed_command_list
 .text.cmd_reset_APRS_list
                0x200130f0       0x3c ./src/sub-systemCode/Main/CMD/SW_CMD.o
                0x200130f0                cmd_reset_APRS_list
 .text.cmd_reset_FRAM
                0x2001312c       0xe8 ./src/sub-systemCode/Main/CMD/SW_CMD.o
                0x2001312c                cmd_reset_FRAM
 .text.ARM_ants
                0x20013214       0xb8 ./src/sub-systemCode/Main/Ants.o
                0x20013214                ARM_ants
 .text.DISARM_ants
                0x200132cc       0xb8 ./src/sub-systemCode/Main/Ants.o
                0x200132cc                DISARM_ants
 .text.convert_vol
                0x20013384      0x12c ./src/sub-systemCode/Main/EPS.o
                0x20013384                convert_vol
 .text.get_shut_ADCS
                0x200134b0       0x48 ./src/sub-systemCode/Main/EPS.o
                0x200134b0                get_shut_ADCS
 .text.shut_ADCS
                0x200134f8       0x44 ./src/sub-systemCode/Main/EPS.o
                0x200134f8                shut_ADCS
 .text.get_shut_CAM
                0x2001353c       0x48 ./src/sub-systemCode/Main/EPS.o
                0x2001353c                get_shut_CAM
 .text.shut_CAM
                0x20013584       0x44 ./src/sub-systemCode/Main/EPS.o
                0x20013584                shut_CAM
 .text.EPS_Init
                0x200135c8      0x1a0 ./src/sub-systemCode/Main/EPS.o
                0x200135c8                EPS_Init
 .text.reset_FRAM_EPS
                0x20013768       0xa4 ./src/sub-systemCode/Main/EPS.o
                0x20013768                reset_FRAM_EPS
 .text.reset_EPS_voltages
                0x2001380c       0xbc ./src/sub-systemCode/Main/EPS.o
                0x2001380c                reset_EPS_voltages
 .text.EPS_Conditioning
                0x200138c8      0x2b4 ./src/sub-systemCode/Main/EPS.o
                0x200138c8                EPS_Conditioning
 .text.overRide_ADCS
                0x20013b7c       0x50 ./src/sub-systemCode/Main/EPS.o
                0x20013b7c                overRide_ADCS
 .text.overRide_Camera
                0x20013bcc       0x38 ./src/sub-systemCode/Main/EPS.o
                0x20013bcc                overRide_Camera
 .text.EnterFullMode
                0x20013c04       0xec ./src/sub-systemCode/Main/EPS.o
                0x20013c04                EnterFullMode
 .text.EnterCruiseMode
                0x20013cf0       0xdc ./src/sub-systemCode/Main/EPS.o
                0x20013cf0                EnterCruiseMode
 .text.EnterSafeMode
                0x20013dcc       0xdc ./src/sub-systemCode/Main/EPS.o
                0x20013dcc                EnterSafeMode
 .text.EnterCriticalMode
                0x20013ea8       0xc8 ./src/sub-systemCode/Main/EPS.o
                0x20013ea8                EnterCriticalMode
 .text.convert_raw_voltage
                0x20013f70       0xd8 ./src/sub-systemCode/Main/EPS.o
                0x20013f70                convert_raw_voltage
 .text.find_fileName
                0x20014048      0x588 ./src/sub-systemCode/Main/HouseKeeping.o
                0x20014048                find_fileName
 .text.size_of_element
                0x200145d0       0xd4 ./src/sub-systemCode/Main/HouseKeeping.o
                0x200145d0                size_of_element
 .text.save_ACK
                0x200146a4       0xa0 ./src/sub-systemCode/Main/HouseKeeping.o
                0x200146a4                save_ACK
 .text.set_GP_EPS
                0x20014744      0x10c ./src/sub-systemCode/Main/HouseKeeping.o
                0x20014744                set_GP_EPS
 .text.set_GP_COMM
                0x20014850       0x88 ./src/sub-systemCode/Main/HouseKeeping.o
                0x20014850                set_GP_COMM
 .text.SP_HK_collect
                0x200148d8      0x17c ./src/sub-systemCode/Main/HouseKeeping.o
                0x200148d8                SP_HK_collect
 .text.EPS_HK_collect
                0x20014a54      0x4d8 ./src/sub-systemCode/Main/HouseKeeping.o
                0x20014a54                EPS_HK_collect
 .text.CAM_HK_collect
                0x20014f2c      0x91c ./src/sub-systemCode/Main/HouseKeeping.o
                0x20014f2c                CAM_HK_collect
 .text.COMM_HK_collect
                0x20015848      0x154 ./src/sub-systemCode/Main/HouseKeeping.o
                0x20015848                COMM_HK_collect
 .text.COMM_create_file
                0x2001599c       0x74 ./src/sub-systemCode/Main/HouseKeeping.o
                0x2001599c                COMM_create_file
 .text.ACK_create_file
                0x20015a10       0x74 ./src/sub-systemCode/Main/HouseKeeping.o
                0x20015a10                ACK_create_file
 .text.EPS_create_file
                0x20015a84       0x74 ./src/sub-systemCode/Main/HouseKeeping.o
                0x20015a84                EPS_create_file
 .text.CAM_create_file
                0x20015af8       0x54 ./src/sub-systemCode/Main/HouseKeeping.o
                0x20015af8                CAM_create_file
 .text.SP_create_file
                0x20015b4c       0x54 ./src/sub-systemCode/Main/HouseKeeping.o
                0x20015b4c                SP_create_file
 .text.create_files
                0x20015ba0       0x48 ./src/sub-systemCode/Main/HouseKeeping.o
                0x20015ba0                create_files
 .text.save_SP_HK
                0x20015be8       0x70 ./src/sub-systemCode/Main/HouseKeeping.o
                0x20015be8                save_SP_HK
 .text.save_EPS_HK
                0x20015c58       0x70 ./src/sub-systemCode/Main/HouseKeeping.o
                0x20015c58                save_EPS_HK
 .text.save_CAM_HK
                0x20015cc8       0x70 ./src/sub-systemCode/Main/HouseKeeping.o
                0x20015cc8                save_CAM_HK
 .text.save_COMM_HK
                0x20015d38       0x70 ./src/sub-systemCode/Main/HouseKeeping.o
                0x20015d38                save_COMM_HK
 .text.EPS_HK_raw_BigEnE
                0x20015da8      0x194 ./src/sub-systemCode/Main/HouseKeeping.o
                0x20015da8                EPS_HK_raw_BigEnE
 .text.CAM_HK_raw_BigEnE
                0x20015f3c      0x194 ./src/sub-systemCode/Main/HouseKeeping.o
                0x20015f3c                CAM_HK_raw_BigEnE
 .text.COMM_HK_raw_BigEnE
                0x200160d0      0x194 ./src/sub-systemCode/Main/HouseKeeping.o
                0x200160d0                COMM_HK_raw_BigEnE
 .text.ADCS_HK_raw_BigEnE
                0x20016264      0x194 ./src/sub-systemCode/Main/HouseKeeping.o
                0x20016264                ADCS_HK_raw_BigEnE
 .text.ADCS_SC_raw_BigEnE
                0x200163f8      0x188 ./src/sub-systemCode/Main/HouseKeeping.o
                0x200163f8                ADCS_SC_raw_BigEnE
 .text.build_HK_spl_packet
                0x20016580      0x970 ./src/sub-systemCode/Main/HouseKeeping.o
                0x20016580                build_HK_spl_packet
 .text.HouseKeeping_highRate_Task
                0x20016ef0       0x60 ./src/sub-systemCode/Main/HouseKeeping.o
                0x20016ef0                HouseKeeping_highRate_Task
 .text.HouseKeeping_lowRate_Task
                0x20016f50       0x5c ./src/sub-systemCode/Main/HouseKeeping.o
                0x20016f50                HouseKeeping_lowRate_Task
 .text.test_menu
                0x20016fac       0xd8 ./src/sub-systemCode/Main/Main_Init.o
                0x20016fac                test_menu
 .text.numberOfRestarts
                0x20017084       0x94 ./src/sub-systemCode/Main/Main_Init.o
                0x20017084                numberOfRestarts
 .text.StartFRAM
                0x20017118       0x38 ./src/sub-systemCode/Main/Main_Init.o
                0x20017118                StartFRAM
 .text.StartI2C
                0x20017150       0x44 ./src/sub-systemCode/Main/Main_Init.o
                0x20017150                StartI2C
 .text.StartSPI
                0x20017194       0x40 ./src/sub-systemCode/Main/Main_Init.o
                0x20017194                StartSPI
 .text.StartTIME
                0x200171d4      0x118 ./src/sub-systemCode/Main/Main_Init.o
                0x200171d4                StartTIME
 .text.first_activation
                0x200172ec       0x78 ./src/sub-systemCode/Main/Main_Init.o
                0x200172ec                first_activation
 .text.InitSubsystems
                0x20017364       0x6c ./src/sub-systemCode/Main/Main_Init.o
                0x20017364                InitSubsystems
 .text.SubSystemTaskStart
                0x200173d0       0xec ./src/sub-systemCode/Main/Main_Init.o
                0x200173d0                SubSystemTaskStart
 .text.copy_command
                0x200174bc       0x80 ./src/sub-systemCode/Main/commands.o
                0x200174bc                copy_command
 .text.reset_command
                0x2001753c       0x28 ./src/sub-systemCode/Main/commands.o
                0x2001753c                reset_command
 .text.init_command
                0x20017564       0xd4 ./src/sub-systemCode/Main/commands.o
                0x20017564                init_command
 .text.add_command
                0x20017638      0x138 ./src/sub-systemCode/Main/commands.o
                0x20017638                add_command
 .text.get_command
                0x20017770      0x1cc ./src/sub-systemCode/Main/commands.o
                0x20017770                get_command
 .text.act_upon_command
                0x2001793c      0x200 ./src/sub-systemCode/Main/commands.o
                0x2001793c                act_upon_command
 .text.AUC_COMM
                0x20017b3c      0x200 ./src/sub-systemCode/Main/commands.o
                0x20017b3c                AUC_COMM
 .text.AUC_general
                0x20017d3c      0x17c ./src/sub-systemCode/Main/commands.o
                0x20017d3c                AUC_general
 .text.AUC_payload
                0x20017eb8      0x378 ./src/sub-systemCode/Main/commands.o
                0x20017eb8                AUC_payload
 .text.AUC_EPS  0x20018230      0x248 ./src/sub-systemCode/Main/commands.o
                0x20018230                AUC_EPS
 .text.AUC_ADCS
                0x20018478       0x5c ./src/sub-systemCode/Main/commands.o
                0x20018478                AUC_ADCS
 .text.AUC_GS   0x200184d4      0x1fc ./src/sub-systemCode/Main/commands.o
                0x200184d4                AUC_GS
 .text.AUC_SW   0x200186d0       0xe4 ./src/sub-systemCode/Main/commands.o
                0x200186d0                AUC_SW
 .text.AUC_special_operation
                0x200187b4       0x8c ./src/sub-systemCode/Main/commands.o
                0x200187b4                AUC_special_operation
 .text.check_int
                0x20018840       0x3c ./src/sub-systemCode/Global/Global.o
                0x20018840                check_int
 .text.check_portBASE_TYPE
                0x2001887c       0x3c ./src/sub-systemCode/Global/Global.o
                0x2001887c                check_portBASE_TYPE
 .text.soft_reset_subsystem
                0x200188b8       0xd8 ./src/sub-systemCode/Global/Global.o
                0x200188b8                soft_reset_subsystem
 .text.hard_reset_subsystem
                0x20018990       0xfc ./src/sub-systemCode/Global/Global.o
                0x20018990                hard_reset_subsystem
 .text.BigEnE_raw_to_uInt
                0x20018a8c       0x94 ./src/sub-systemCode/Global/Global.o
                0x20018a8c                BigEnE_raw_to_uInt
 .text.BigEnE_raw_to_uShort
                0x20018b20       0x50 ./src/sub-systemCode/Global/Global.o
                0x20018b20                BigEnE_raw_to_uShort
 .text.BigEnE_uInt_to_raw
                0x20018b70       0x78 ./src/sub-systemCode/Global/Global.o
                0x20018b70                BigEnE_uInt_to_raw
 .text.reset_FRAM_MAIN
                0x20018be8      0x19c ./src/sub-systemCode/Global/Global.o
                0x20018be8                reset_FRAM_MAIN
 .text.getBitValueByIndex
                0x20018d84       0xd0 ./src/sub-systemCode/Global/Global.o
                0x20018d84                getBitValueByIndex
 .text.init_GP  0x20018e54      0x35c ./src/sub-systemCode/Global/GlobalParam.o
                0x20018e54                init_GP
 .text.get_system_state
                0x200191b0      0x268 ./src/sub-systemCode/Global/GlobalParam.o
                0x200191b0                get_system_state
 .text.set_system_state
                0x20019418      0x298 ./src/sub-systemCode/Global/GlobalParam.o
                0x20019418                set_system_state
 .text.get_current_global_param
                0x200196b0      0x670 ./src/sub-systemCode/Global/GlobalParam.o
                0x200196b0                get_current_global_param
 .text.set_Vbatt_previous
                0x20019d20       0xe8 ./src/sub-systemCode/Global/GlobalParam.o
                0x20019d20                set_Vbatt_previous
 .text.get_Vbatt_previous
                0x20019e08       0xc8 ./src/sub-systemCode/Global/GlobalParam.o
                0x20019e08                get_Vbatt_previous
 .text.set_Vbatt
                0x20019ed0       0xb8 ./src/sub-systemCode/Global/GlobalParam.o
                0x20019ed0                set_Vbatt
 .text.get_Vbatt
                0x20019f88       0x8c ./src/sub-systemCode/Global/GlobalParam.o
                0x20019f88                get_Vbatt
 .text.set_curBat
                0x2001a014       0x8c ./src/sub-systemCode/Global/GlobalParam.o
                0x2001a014                set_curBat
 .text.set_cur3V3
                0x2001a0a0       0x8c ./src/sub-systemCode/Global/GlobalParam.o
                0x2001a0a0                set_cur3V3
 .text.set_cur5V
                0x2001a12c       0x8c ./src/sub-systemCode/Global/GlobalParam.o
                0x2001a12c                set_cur5V
 .text.set_tempComm_LO
                0x2001a1b8       0x8c ./src/sub-systemCode/Global/GlobalParam.o
                0x2001a1b8                set_tempComm_LO
 .text.set_tempComm_PA
                0x2001a244       0x8c ./src/sub-systemCode/Global/GlobalParam.o
                0x2001a244                set_tempComm_PA
 .text.set_tempEPS
                0x2001a2d0       0xc8 ./src/sub-systemCode/Global/GlobalParam.o
                0x2001a2d0                set_tempEPS
 .text.set_tempBatt
                0x2001a398       0xc8 ./src/sub-systemCode/Global/GlobalParam.o
                0x2001a398                set_tempBatt
 .text.set_RxDoppler
                0x2001a460       0x8c ./src/sub-systemCode/Global/GlobalParam.o
                0x2001a460                set_RxDoppler
 .text.set_RxRSSI
                0x2001a4ec       0x8c ./src/sub-systemCode/Global/GlobalParam.o
                0x2001a4ec                set_RxRSSI
 .text.set_TxRefl
                0x2001a578       0x8c ./src/sub-systemCode/Global/GlobalParam.o
                0x2001a578                set_TxRefl
 .text.set_TxForw
                0x2001a604       0x8c ./src/sub-systemCode/Global/GlobalParam.o
                0x2001a604                set_TxForw
 .text.get_ST   0x2001a690       0x98 ./src/sub-systemCode/Global/GlobalParam.o
                0x2001a690                get_ST
 .text.set_numOfAPRS
                0x2001a728       0x8c ./src/sub-systemCode/Global/GlobalParam.o
                0x2001a728                set_numOfAPRS
 .text.set_numOfDelayedCommand
                0x2001a7b4       0x8c ./src/sub-systemCode/Global/GlobalParam.o
                0x2001a7b4                set_numOfDelayedCommand
 .text.set_numOfResets
                0x2001a840       0xac ./src/sub-systemCode/Global/GlobalParam.o
                0x2001a840                set_numOfResets
 .text.set_ground_conn
                0x2001a8ec       0x88 ./src/sub-systemCode/Global/GlobalParam.o
                0x2001a8ec                set_ground_conn
 .text.get_ground_conn
                0x2001a974       0x94 ./src/sub-systemCode/Global/GlobalParam.o
                0x2001a974                get_ground_conn
 .text.delete_allTMFilesFromSD
                0x2001aa08       0xf8 ./src/sub-systemCode/Global/TM_managment.o
                0x2001aa08                delete_allTMFilesFromSD
 .text.getNumOfFilesInFS
                0x2001ab00       0x44 ./src/sub-systemCode/Global/TM_managment.o
 .text.setNumOfFilesInFS
                0x2001ab44       0x50 ./src/sub-systemCode/Global/TM_managment.o
 .text.InitializeFS
                0x2001ab94      0x174 ./src/sub-systemCode/Global/TM_managment.o
                0x2001ab94                InitializeFS
 .text.c_fileCreate
                0x2001ad08       0xf4 ./src/sub-systemCode/Global/TM_managment.o
                0x2001ad08                c_fileCreate
 .text.writewithEpochtime
                0x2001adfc       0x9c ./src/sub-systemCode/Global/TM_managment.o
 .text.get_C_FILE_struct
                0x2001ae98      0x104 ./src/sub-systemCode/Global/TM_managment.o
 .text.getFileIndex
                0x2001af9c       0x4c ./src/sub-systemCode/Global/TM_managment.o
 .text.get_file_name_by_index
                0x2001afe8       0x54 ./src/sub-systemCode/Global/TM_managment.o
                0x2001afe8                get_file_name_by_index
 .text.c_fileReset
                0x2001b03c       0xbc ./src/sub-systemCode/Global/TM_managment.o
                0x2001b03c                c_fileReset
 .text.c_fileWrite
                0x2001b0f8      0x11c ./src/sub-systemCode/Global/TM_managment.o
                0x2001b0f8                c_fileWrite
 .text.c_fileRead
                0x2001b214      0x28c ./src/sub-systemCode/Global/TM_managment.o
                0x2001b214                c_fileRead
 .text.reset_APRS_list
                0x2001b4a0       0xa4 ./src/sub-systemCode/COMM/APRS.o
                0x2001b4a0                reset_APRS_list
 .text.send_APRS_Dump
                0x2001b544      0x1c4 ./src/sub-systemCode/COMM/APRS.o
                0x2001b544                send_APRS_Dump
 .text.check_APRS
                0x2001b708      0x1a4 ./src/sub-systemCode/COMM/APRS.o
                0x2001b708                check_APRS
 .text.get_APRS_list
                0x2001b8ac       0x88 ./src/sub-systemCode/COMM/APRS.o
                0x2001b8ac                get_APRS_list
 .text.find_CMD_in_list
                0x2001b934       0x7c ./src/sub-systemCode/COMM/DelayedCommand_list.o
                0x2001b934                find_CMD_in_list
 .text.find_empty_in_list
                0x2001b9b0       0x74 ./src/sub-systemCode/COMM/DelayedCommand_list.o
                0x2001b9b0                find_empty_in_list
 .text.check_delayCommandTime
                0x2001ba24       0x8c ./src/sub-systemCode/COMM/DelayedCommand_list.o
                0x2001ba24                check_delayCommandTime
 .text.execute_delayedCommand
                0x2001bab0       0x64 ./src/sub-systemCode/COMM/DelayedCommand_list.o
                0x2001bab0                execute_delayedCommand
 .text.check_delaycommand
                0x2001bb14      0x17c ./src/sub-systemCode/COMM/DelayedCommand_list.o
                0x2001bb14                check_delaycommand
 .text.reset_delayCommand
                0x2001bc90       0x8c ./src/sub-systemCode/COMM/DelayedCommand_list.o
                0x2001bc90                reset_delayCommand
 .text.add_delayCommand
                0x2001bd1c      0x1a4 ./src/sub-systemCode/COMM/DelayedCommand_list.o
                0x2001bd1c                add_delayCommand
 .text.get_delayCommand_list
                0x2001bec0       0x80 ./src/sub-systemCode/COMM/DelayedCommand_list.o
                0x2001bec0                get_delayCommand_list
 .text.EmptyOldestCommand
                0x2001bf40       0xfc ./src/sub-systemCode/COMM/DelayedCommand_list.o
                0x2001bf40                EmptyOldestCommand
 .text.decode_TCpacket
                0x2001c03c      0x16c ./src/sub-systemCode/COMM/GSC.o
                0x2001c03c                decode_TCpacket
 .text.encode_TCpacket
                0x2001c1a8      0x114 ./src/sub-systemCode/COMM/GSC.o
                0x2001c1a8                encode_TCpacket
 .text.encode_TMpacket
                0x2001c2bc      0x104 ./src/sub-systemCode/COMM/GSC.o
                0x2001c2bc                encode_TMpacket
 .text.build_raw_ACK
                0x2001c3c0       0xbc ./src/sub-systemCode/COMM/GSC.o
                0x2001c3c0                build_raw_ACK
 .text.build_data_field_ACK
                0x2001c47c       0x74 ./src/sub-systemCode/COMM/GSC.o
                0x2001c47c                build_data_field_ACK
 .text.init_trxvu
                0x2001c4f0      0x134 ./src/sub-systemCode/COMM/TRXVU.o
                0x2001c4f0                init_trxvu
 .text.TRXVU_task
                0x2001c624      0x18c ./src/sub-systemCode/COMM/TRXVU.o
                0x2001c624                TRXVU_task
 .text.dump_logic
                0x2001c7b0      0x2ec ./src/sub-systemCode/COMM/TRXVU.o
                0x2001c7b0                dump_logic
 .text.Dump_task
                0x2001ca9c      0x16c ./src/sub-systemCode/COMM/TRXVU.o
                0x2001ca9c                Dump_task
 .text.transponder_logic
                0x2001cc08       0xbc ./src/sub-systemCode/COMM/TRXVU.o
                0x2001cc08                transponder_logic
 .text.Transponder_task
                0x2001ccc4      0x1e0 ./src/sub-systemCode/COMM/TRXVU.o
                0x2001ccc4                Transponder_task
 .text.lookForRequestToDelete_transponder
                0x2001cea4       0xac ./src/sub-systemCode/COMM/TRXVU.o
                0x2001cea4                lookForRequestToDelete_transponder
 .text.lookForRequestToDelete_dump
                0x2001cf50       0x7c ./src/sub-systemCode/COMM/TRXVU.o
                0x2001cf50                lookForRequestToDelete_dump
 .text.sendRequestToStop_dump
                0x2001cfcc       0x8c ./src/sub-systemCode/COMM/TRXVU.o
                0x2001cfcc                sendRequestToStop_dump
 .text.sendRequestToStop_transponder
                0x2001d058       0x98 ./src/sub-systemCode/COMM/TRXVU.o
                0x2001d058                sendRequestToStop_transponder
 .text.Rx_logic
                0x2001d0f0      0x188 ./src/sub-systemCode/COMM/TRXVU.o
                0x2001d0f0                Rx_logic
 .text.pass_above_Ground
                0x2001d278      0x104 ./src/sub-systemCode/COMM/TRXVU.o
                0x2001d278                pass_above_Ground
 .text.trxvu_logic
                0x2001d37c       0x1c ./src/sub-systemCode/COMM/TRXVU.o
                0x2001d37c                trxvu_logic
 .text.Beacon_task
                0x2001d398      0x1d8 ./src/sub-systemCode/COMM/TRXVU.o
                0x2001d398                Beacon_task
 .text.buildAndSend_beacon
                0x2001d570      0x614 ./src/sub-systemCode/COMM/TRXVU.o
                0x2001d570                buildAndSend_beacon
 .text.reset_FRAM_TRXVU
                0x2001db84       0xc0 ./src/sub-systemCode/COMM/TRXVU.o
                0x2001db84                reset_FRAM_TRXVU
 .text.TRX_sendFrame
                0x2001dc44      0x23c ./src/sub-systemCode/COMM/TRXVU.o
                0x2001dc44                TRX_sendFrame
 .text.TRX_getFrameData
                0x2001de80      0x128 ./src/sub-systemCode/COMM/TRXVU.o
                0x2001de80                TRX_getFrameData
 .text.mute_Tx  0x2001dfa8       0x20 ./src/sub-systemCode/COMM/TRXVU.o
                0x2001dfa8                mute_Tx
 .text.unmute_Tx
                0x2001dfc8       0x54 ./src/sub-systemCode/COMM/TRXVU.o
                0x2001dfc8                unmute_Tx
 .text.check_time_off_mute
                0x2001e01c       0x74 ./src/sub-systemCode/COMM/TRXVU.o
                0x2001e01c                check_time_off_mute
 .text.set_mute_time
                0x2001e090       0xb4 ./src/sub-systemCode/COMM/TRXVU.o
                0x2001e090                set_mute_time
 .text.change_TRXVU_state
                0x2001e144       0x98 ./src/sub-systemCode/COMM/TRXVU.o
                0x2001e144                change_TRXVU_state
 .text.change_trans_RSSI
                0x2001e1dc       0x60 ./src/sub-systemCode/COMM/TRXVU.o
                0x2001e1dc                change_trans_RSSI
 .text.find_subType_ofImage
                0x2001e23c       0x98 ./src/sub-systemCode/COMM/imageDump.o
                0x2001e23c                find_subType_ofImage
 .text.buildAndSend_chunck
                0x2001e2d4       0xd0 ./src/sub-systemCode/COMM/imageDump.o
                0x2001e2d4                buildAndSend_chunck
 .text.bitField_imageDump
                0x2001e3a4      0x188 ./src/sub-systemCode/COMM/imageDump.o
                0x2001e3a4                bitField_imageDump
 .text.thumbnail_Dump
                0x2001e52c      0x23c ./src/sub-systemCode/COMM/imageDump.o
                0x2001e52c                thumbnail_Dump
 .text.imageDataBase_Dump
                0x2001e768      0x158 ./src/sub-systemCode/COMM/imageDump.o
                0x2001e768                imageDataBase_Dump
 .text.imageDump_task
                0x2001e8c0      0x474 ./src/sub-systemCode/COMM/imageDump.o
                0x2001e8c0                imageDump_task
 .text.init_adcs
                0x2001ed34      0x104 ./src/sub-systemCode/ADCS/ADCS.o
                0x2001ed34                init_adcs
 .text.telemtryStart
                0x2001ee38      0x16c ./src/sub-systemCode/ADCS/Stage_Table.o
                0x2001ee38                telemtryStart
 .text.powerStart
                0x2001efa4       0x5c ./src/sub-systemCode/ADCS/Stage_Table.o
                0x2001efa4                powerStart
 .text.createTable
                0x2001f000       0xb4 ./src/sub-systemCode/ADCS/Stage_Table.o
                0x2001f000                createTable
 .text.buildControlMode
                0x2001f0b4       0x60 ./src/sub-systemCode/ADCS/Stage_Table.o
                0x2001f0b4                buildControlMode
 .text.Check_Table
                0x2001f114      0x178 ./src/sub-systemCode/ADCS/Stage_Table.o
                0x2001f114                Check_Table
 .text.updateTable
                0x2001f28c      0x1f0 ./src/sub-systemCode/ADCS/Stage_Table.o
                0x2001f28c                updateTable
 .text.translateCommandFULL
                0x2001f47c       0x78 ./src/sub-systemCode/ADCS/Stage_Table.o
                0x2001f47c                translateCommandFULL
 .text.getTableTo
                0x2001f4f4       0x64 ./src/sub-systemCode/ADCS/Stage_Table.o
                0x2001f4f4                getTableTo
 .text.save_time
                0x2001f558       0x9c ./src/main.o
                0x2001f558                save_time
 .text.Command_logic
                0x2001f5f4       0x6c ./src/main.o
                0x2001f5f4                Command_logic
 .text.taskMain
                0x2001f660       0x74 ./src/main.o
                0x2001f660                taskMain
 .text.main     0x2001f6d4       0xb8 ./src/main.o
                0x2001f6d4                main
 .text.GomEpsInitialize
                0x2001f78c      0x148 C:/HOOPOE3/satellite-subsystems/demo/..//satellite-subsystems/lib\libSatelliteSubsystemsD.a(GomEPS.o)
                0x2001f78c                GomEpsInitialize
 .text.makeEPStransfer
                0x2001f8d4       0x3c C:/HOOPOE3/satellite-subsystems/demo/..//satellite-subsystems/lib\libSatelliteSubsystemsD.a(GomEPS.o)
 .text.GomEpsPing
                0x2001f910       0xf8 C:/HOOPOE3/satellite-subsystems/demo/..//satellite-subsystems/lib\libSatelliteSubsystemsD.a(GomEPS.o)
                0x2001f910                GomEpsPing
 .text.GomEpsSoftReset
                0x2001fa08       0xc4 C:/HOOPOE3/satellite-subsystems/demo/..//satellite-subsystems/lib\libSatelliteSubsystemsD.a(GomEPS.o)
                0x2001fa08                GomEpsSoftReset
 .text.GomEpsHardReset
                0x2001facc       0xa8 C:/HOOPOE3/satellite-subsystems/demo/..//satellite-subsystems/lib\libSatelliteSubsystemsD.a(GomEPS.o)
                0x2001facc                GomEpsHardReset
 .text.GomEpsGetHkData_general
                0x2001fb74      0x45c C:/HOOPOE3/satellite-subsystems/demo/..//satellite-subsystems/lib\libSatelliteSubsystemsD.a(GomEPS.o)
                0x2001fb74                GomEpsGetHkData_general
 .text.GomEpsGetHkData_basic
                0x2001ffd0      0x22c C:/HOOPOE3/satellite-subsystems/demo/..//satellite-subsystems/lib\libSatelliteSubsystemsD.a(GomEPS.o)
                0x2001ffd0                GomEpsGetHkData_basic
 .text.GomEpsSetOutput
                0x200201fc       0xbc C:/HOOPOE3/satellite-subsystems/demo/..//satellite-subsystems/lib\libSatelliteSubsystemsD.a(GomEPS.o)
                0x200201fc                GomEpsSetOutput
 .text.GomEpsResetWDT
                0x200202b8       0xc4 C:/HOOPOE3/satellite-subsystems/demo/..//satellite-subsystems/lib\libSatelliteSubsystemsD.a(GomEPS.o)
                0x200202b8                GomEpsResetWDT
 .text.GomEpsConfigSet
                0x2002037c      0x184 C:/HOOPOE3/satellite-subsystems/demo/..//satellite-subsystems/lib\libSatelliteSubsystemsD.a(GomEPS.o)
                0x2002037c                GomEpsConfigSet
 .text.makeAntStransfer
                0x20020500       0x4c C:/HOOPOE3/satellite-subsystems/demo/..//satellite-subsystems/lib\libSatelliteSubsystemsD.a(IsisAntS.o)
 .text.checkInputsValid
                0x2002054c       0x7c C:/HOOPOE3/satellite-subsystems/demo/..//satellite-subsystems/lib\libSatelliteSubsystemsD.a(IsisAntS.o)
 .text.IsisAntS_setArmStatus
                0x200205c8      0x104 C:/HOOPOE3/satellite-subsystems/demo/..//satellite-subsystems/lib\libSatelliteSubsystemsD.a(IsisAntS.o)
                0x200205c8                IsisAntS_setArmStatus
 .text.IsisAntS_reset
                0x200206cc      0x104 C:/HOOPOE3/satellite-subsystems/demo/..//satellite-subsystems/lib\libSatelliteSubsystemsD.a(IsisAntS.o)
                0x200206cc                IsisAntS_reset
 .text.IsisSolarPanelv2_initialize
                0x200207d0       0xb4 C:/HOOPOE3/satellite-subsystems/demo/..//satellite-subsystems/lib\libSatelliteSubsystemsD.a(IsisSolarPanelv2.o)
                0x200207d0                IsisSolarPanelv2_initialize
 .text.IsisSolarPanelv2_getTemperature
                0x20020884       0xc8 C:/HOOPOE3/satellite-subsystems/demo/..//satellite-subsystems/lib\libSatelliteSubsystemsD.a(IsisSolarPanelv2.o)
                0x20020884                IsisSolarPanelv2_getTemperature
 .text.IsisSolarPanelv2_sleep
                0x2002094c       0xbc C:/HOOPOE3/satellite-subsystems/demo/..//satellite-subsystems/lib\libSatelliteSubsystemsD.a(IsisSolarPanelv2.o)
                0x2002094c                IsisSolarPanelv2_sleep
 .text.IsisSolarPanelv2_wakeup
                0x20020a08       0x80 C:/HOOPOE3/satellite-subsystems/demo/..//satellite-subsystems/lib\libSatelliteSubsystemsD.a(IsisSolarPanelv2.o)
                0x20020a08                IsisSolarPanelv2_wakeup
 .text._Reset   0x20020a88       0x20 C:/HOOPOE3/satellite-subsystems/demo/..//satellite-subsystems/lib\libSatelliteSubsystemsD.a(IsisSolarPanelv2.o)
 .text._WaitForStartup
                0x20020aa8       0x90 C:/HOOPOE3/satellite-subsystems/demo/..//satellite-subsystems/lib\libSatelliteSubsystemsD.a(IsisSolarPanelv2.o)
 .text._AssignAllChannels
                0x20020b38       0x90 C:/HOOPOE3/satellite-subsystems/demo/..//satellite-subsystems/lib\libSatelliteSubsystemsD.a(IsisSolarPanelv2.o)
 .text._AssignThisChannel
                0x20020bc8       0xe8 C:/HOOPOE3/satellite-subsystems/demo/..//satellite-subsystems/lib\libSatelliteSubsystemsD.a(IsisSolarPanelv2.o)
 .text._InitiateConversion
                0x20020cb0       0xac C:/HOOPOE3/satellite-subsystems/demo/..//satellite-subsystems/lib\libSatelliteSubsystemsD.a(IsisSolarPanelv2.o)
 .text._WaitForConversionComplete
                0x20020d5c      0x100 C:/HOOPOE3/satellite-subsystems/demo/..//satellite-subsystems/lib\libSatelliteSubsystemsD.a(IsisSolarPanelv2.o)
 .text._ReadResult
                0x20020e5c      0x158 C:/HOOPOE3/satellite-subsystems/demo/..//satellite-subsystems/lib\libSatelliteSubsystemsD.a(IsisSolarPanelv2.o)
 .text._ExtractByte
                0x20020fb4       0x38 C:/HOOPOE3/satellite-subsystems/demo/..//satellite-subsystems/lib\libSatelliteSubsystemsD.a(IsisSolarPanelv2.o)
 .text._ExtendSign
                0x20020fec       0x6c C:/HOOPOE3/satellite-subsystems/demo/..//satellite-subsystems/lib\libSatelliteSubsystemsD.a(IsisSolarPanelv2.o)
 .text._PinsInit
                0x20021058       0x50 C:/HOOPOE3/satellite-subsystems/demo/..//satellite-subsystems/lib\libSatelliteSubsystemsD.a(IsisSolarPanelv2.o)
 .text._SpiWriteRead
                0x200210a8       0x70 C:/HOOPOE3/satellite-subsystems/demo/..//satellite-subsystems/lib\libSatelliteSubsystemsD.a(IsisSolarPanelv2.o)
 .text.IsisTrxvu_initialize
                0x20021118      0x2f4 C:/HOOPOE3/satellite-subsystems/demo/..//satellite-subsystems/lib\libSatelliteSubsystemsD.a(IsisTRXVU.o)
                0x20021118                IsisTrxvu_initialize
 .text.makeTRXVUtransfer
                0x2002140c       0x44 C:/HOOPOE3/satellite-subsystems/demo/..//satellite-subsystems/lib\libSatelliteSubsystemsD.a(IsisTRXVU.o)
 .text.IsisTrxvu_componentSoftReset
                0x20021450       0x6c C:/HOOPOE3/satellite-subsystems/demo/..//satellite-subsystems/lib\libSatelliteSubsystemsD.a(IsisTRXVU.o)
                0x20021450                IsisTrxvu_componentSoftReset
 .text.IsisTrxvu_componentHardReset
                0x200214bc       0xc8 C:/HOOPOE3/satellite-subsystems/demo/..//satellite-subsystems/lib\libSatelliteSubsystemsD.a(IsisTRXVU.o)
                0x200214bc                IsisTrxvu_componentHardReset
 .text.IsisTrxvu_softReset
                0x20021584       0x74 C:/HOOPOE3/satellite-subsystems/demo/..//satellite-subsystems/lib\libSatelliteSubsystemsD.a(IsisTRXVU.o)
                0x20021584                IsisTrxvu_softReset
 .text.IsisTrxvu_hardReset
                0x200215f8       0x74 C:/HOOPOE3/satellite-subsystems/demo/..//satellite-subsystems/lib\libSatelliteSubsystemsD.a(IsisTRXVU.o)
                0x200215f8                IsisTrxvu_hardReset
 .text.IsisTrxvu_tcSendAX25DefClSign
                0x2002166c       0xec C:/HOOPOE3/satellite-subsystems/demo/..//satellite-subsystems/lib\libSatelliteSubsystemsD.a(IsisTRXVU.o)
                0x2002166c                IsisTrxvu_tcSendAX25DefClSign
 .text.IsisTrxvu_tcSetIdlestate
                0x20021758       0xa4 C:/HOOPOE3/satellite-subsystems/demo/..//satellite-subsystems/lib\libSatelliteSubsystemsD.a(IsisTRXVU.o)
                0x20021758                IsisTrxvu_tcSetIdlestate
 .text.IsisTrxvu_tcSetAx25Bitrate
                0x200217fc       0xc4 C:/HOOPOE3/satellite-subsystems/demo/..//satellite-subsystems/lib\libSatelliteSubsystemsD.a(IsisTRXVU.o)
                0x200217fc                IsisTrxvu_tcSetAx25Bitrate
 .text.IsisTrxvu_tcGetTelemetryAll_revC
                0x200218c0       0xd0 C:/HOOPOE3/satellite-subsystems/demo/..//satellite-subsystems/lib\libSatelliteSubsystemsD.a(IsisTRXVU.o)
                0x200218c0                IsisTrxvu_tcGetTelemetryAll_revC
 .text.IsisTrxvu_rcGetFrameCount
                0x20021990       0xa0 C:/HOOPOE3/satellite-subsystems/demo/..//satellite-subsystems/lib\libSatelliteSubsystemsD.a(IsisTRXVU.o)
                0x20021990                IsisTrxvu_rcGetFrameCount
 .text.IsisTrxvu_rcGetCommandFrame
                0x20021a30      0x2d8 C:/HOOPOE3/satellite-subsystems/demo/..//satellite-subsystems/lib\libSatelliteSubsystemsD.a(IsisTRXVU.o)
                0x20021a30                IsisTrxvu_rcGetCommandFrame
 .text.IsisTrxvu_rcGetTelemetryAll_revC
                0x20021d08       0xec C:/HOOPOE3/satellite-subsystems/demo/..//satellite-subsystems/lib\libSatelliteSubsystemsD.a(IsisTRXVU.o)
                0x20021d08                IsisTrxvu_rcGetTelemetryAll_revC
 .text.cspaceADCS_initialize
                0x20021df4      0x18c C:/HOOPOE3/satellite-subsystems/demo/..//satellite-subsystems/lib\libSatelliteSubsystemsD.a(cspaceADCS.o)
                0x20021df4                cspaceADCS_initialize
 .text.make_cspaceADCStransfer
                0x20021f80      0x1b4 C:/HOOPOE3/satellite-subsystems/demo/..//satellite-subsystems/lib\libSatelliteSubsystemsD.a(cspaceADCS.o)
 .text.cspaceADCS_componentReset
                0x20022134       0xbc C:/HOOPOE3/satellite-subsystems/demo/..//satellite-subsystems/lib\libSatelliteSubsystemsD.a(cspaceADCS.o)
                0x20022134                cspaceADCS_componentReset
 .text.cspaceADCS_setRunMode
                0x200221f0       0xbc C:/HOOPOE3/satellite-subsystems/demo/..//satellite-subsystems/lib\libSatelliteSubsystemsD.a(cspaceADCS.o)
                0x200221f0                cspaceADCS_setRunMode
 .text.cspaceADCS_setPwrCtrlDevice
                0x200222ac       0xd0 C:/HOOPOE3/satellite-subsystems/demo/..//satellite-subsystems/lib\libSatelliteSubsystemsD.a(cspaceADCS.o)
                0x200222ac                cspaceADCS_setPwrCtrlDevice
 .text.cspaceADCS_setAttCtrlMode
                0x2002237c       0xd0 C:/HOOPOE3/satellite-subsystems/demo/..//satellite-subsystems/lib\libSatelliteSubsystemsD.a(cspaceADCS.o)
                0x2002237c                cspaceADCS_setAttCtrlMode
 .text.cspaceADCS_setAttEstMode
                0x2002244c       0xbc C:/HOOPOE3/satellite-subsystems/demo/..//satellite-subsystems/lib\libSatelliteSubsystemsD.a(cspaceADCS.o)
                0x2002244c                cspaceADCS_setAttEstMode
 .text.cspaceADCS_getCurrentState
                0x20022508       0xc4 C:/HOOPOE3/satellite-subsystems/demo/..//satellite-subsystems/lib\libSatelliteSubsystemsD.a(cspaceADCS.o)
                0x20022508                cspaceADCS_getCurrentState
 .text.cspaceADCS_getPwrCtrlDevice
                0x200225cc       0xc4 C:/HOOPOE3/satellite-subsystems/demo/..//satellite-subsystems/lib\libSatelliteSubsystemsD.a(cspaceADCS.o)
                0x200225cc                cspaceADCS_getPwrCtrlDevice
 .text.GECKO_Init
                0x20022690       0x40 C:/HOOPOE3/satellite-subsystems/demo/..//satellite-subsystems/lib\libSatelliteSubsystemsD.a(gecko_driver.o)
                0x20022690                GECKO_Init
 .text.GECKO_SetReg
                0x200226d0      0x138 C:/HOOPOE3/satellite-subsystems/demo/..//satellite-subsystems/lib\libSatelliteSubsystemsD.a(gecko_driver.o)
                0x200226d0                GECKO_SetReg
 .text.GECKO_GetReg
                0x20022808      0x110 C:/HOOPOE3/satellite-subsystems/demo/..//satellite-subsystems/lib\libSatelliteSubsystemsD.a(gecko_driver.o)
                0x20022808                GECKO_GetReg
 .text.GECKO_StartSample
                0x20022918       0xb8 C:/HOOPOE3/satellite-subsystems/demo/..//satellite-subsystems/lib\libSatelliteSubsystemsD.a(gecko_driver.o)
                0x20022918                GECKO_StartSample
 .text.GECKO_StartErase
                0x200229d0       0xb8 C:/HOOPOE3/satellite-subsystems/demo/..//satellite-subsystems/lib\libSatelliteSubsystemsD.a(gecko_driver.o)
                0x200229d0                GECKO_StartErase
 .text.GECKO_EnableTestPattern
                0x20022a88       0xb8 C:/HOOPOE3/satellite-subsystems/demo/..//satellite-subsystems/lib\libSatelliteSubsystemsD.a(gecko_driver.o)
                0x20022a88                GECKO_EnableTestPattern
 .text.GECKO_DisableTestPattern
                0x20022b40       0xb4 C:/HOOPOE3/satellite-subsystems/demo/..//satellite-subsystems/lib\libSatelliteSubsystemsD.a(gecko_driver.o)
                0x20022b40                GECKO_DisableTestPattern
 .text.GECKO_GetFlashInitDone
                0x20022bf4       0x64 C:/HOOPOE3/satellite-subsystems/demo/..//satellite-subsystems/lib\libSatelliteSubsystemsD.a(gecko_driver.o)
                0x20022bf4                GECKO_GetFlashInitDone
 .text.GECKO_GetSampleDone
                0x20022c58       0x64 C:/HOOPOE3/satellite-subsystems/demo/..//satellite-subsystems/lib\libSatelliteSubsystemsD.a(gecko_driver.o)
                0x20022c58                GECKO_GetSampleDone
 .text.GECKO_GetEraseDone
                0x20022cbc       0x64 C:/HOOPOE3/satellite-subsystems/demo/..//satellite-subsystems/lib\libSatelliteSubsystemsD.a(gecko_driver.o)
                0x20022cbc                GECKO_GetEraseDone
 .text.GECKO_ClearSampleDone
                0x20022d20       0xb4 C:/HOOPOE3/satellite-subsystems/demo/..//satellite-subsystems/lib\libSatelliteSubsystemsD.a(gecko_driver.o)
                0x20022d20                GECKO_ClearSampleDone
 .text.GECKO_ClearEraseDone
                0x20022dd4       0xb4 C:/HOOPOE3/satellite-subsystems/demo/..//satellite-subsystems/lib\libSatelliteSubsystemsD.a(gecko_driver.o)
                0x20022dd4                GECKO_ClearEraseDone
 .text.GECKO_SetImageID
                0x20022e88       0xcc C:/HOOPOE3/satellite-subsystems/demo/..//satellite-subsystems/lib\libSatelliteSubsystemsD.a(gecko_driver.o)
                0x20022e88                GECKO_SetImageID
 .text.GECKO_SetFrameAmount
                0x20022f54       0xbc C:/HOOPOE3/satellite-subsystems/demo/..//satellite-subsystems/lib\libSatelliteSubsystemsD.a(gecko_driver.o)
                0x20022f54                GECKO_SetFrameAmount
 .text.GECKO_SensorOn
                0x20023010       0xb8 C:/HOOPOE3/satellite-subsystems/demo/..//satellite-subsystems/lib\libSatelliteSubsystemsD.a(gecko_driver.o)
                0x20023010                GECKO_SensorOn
 .text.GECKO_SensorOff
                0x200230c8       0xb4 C:/HOOPOE3/satellite-subsystems/demo/..//satellite-subsystems/lib\libSatelliteSubsystemsD.a(gecko_driver.o)
                0x200230c8                GECKO_SensorOff
 .text.GECKO_SetFrameRate
                0x2002317c       0xc4 C:/HOOPOE3/satellite-subsystems/demo/..//satellite-subsystems/lib\libSatelliteSubsystemsD.a(gecko_driver.o)
                0x2002317c                GECKO_SetFrameRate
 .text.GECKO_GetTrainingDone
                0x20023240       0x64 C:/HOOPOE3/satellite-subsystems/demo/..//satellite-subsystems/lib\libSatelliteSubsystemsD.a(gecko_driver.o)
                0x20023240                GECKO_GetTrainingDone
 .text.GECKO_GetTrainingError
                0x200232a4       0x64 C:/HOOPOE3/satellite-subsystems/demo/..//satellite-subsystems/lib\libSatelliteSubsystemsD.a(gecko_driver.o)
                0x200232a4                GECKO_GetTrainingError
 .text.GECKO_SetAdcGain
                0x20023308       0xc4 C:/HOOPOE3/satellite-subsystems/demo/..//satellite-subsystems/lib\libSatelliteSubsystemsD.a(gecko_driver.o)
                0x20023308                GECKO_SetAdcGain
 .text.GECKO_SetPgaGain
                0x200233cc       0xcc C:/HOOPOE3/satellite-subsystems/demo/..//satellite-subsystems/lib\libSatelliteSubsystemsD.a(gecko_driver.o)
                0x200233cc                GECKO_SetPgaGain
 .text.GECKO_SetOffset
                0x20023498       0xd0 C:/HOOPOE3/satellite-subsystems/demo/..//satellite-subsystems/lib\libSatelliteSubsystemsD.a(gecko_driver.o)
                0x20023498                GECKO_SetOffset
 .text.GECKO_SetExposure
                0x20023568       0xc4 C:/HOOPOE3/satellite-subsystems/demo/..//satellite-subsystems/lib\libSatelliteSubsystemsD.a(gecko_driver.o)
                0x20023568                GECKO_SetExposure
 .text.GECKO_GetVoltageInput5V
                0x2002362c       0xf4 C:/HOOPOE3/satellite-subsystems/demo/..//satellite-subsystems/lib\libSatelliteSubsystemsD.a(gecko_driver.o)
                0x2002362c                GECKO_GetVoltageInput5V
 .text.GECKO_GetCurrentInput5V
                0x20023720      0x130 C:/HOOPOE3/satellite-subsystems/demo/..//satellite-subsystems/lib\libSatelliteSubsystemsD.a(gecko_driver.o)
                0x20023720                GECKO_GetCurrentInput5V
 .text.GECKO_GetVoltageFPGA1V
                0x20023850       0xd4 C:/HOOPOE3/satellite-subsystems/demo/..//satellite-subsystems/lib\libSatelliteSubsystemsD.a(gecko_driver.o)
                0x20023850                GECKO_GetVoltageFPGA1V
 .text.GECKO_GetCurrentFPGA1V
                0x20023924      0x130 C:/HOOPOE3/satellite-subsystems/demo/..//satellite-subsystems/lib\libSatelliteSubsystemsD.a(gecko_driver.o)
                0x20023924                GECKO_GetCurrentFPGA1V
 .text.GECKO_GetVoltageFPGA1V8
                0x20023a54       0xd4 C:/HOOPOE3/satellite-subsystems/demo/..//satellite-subsystems/lib\libSatelliteSubsystemsD.a(gecko_driver.o)
                0x20023a54                GECKO_GetVoltageFPGA1V8
 .text.GECKO_GetCurrentFPGA1V8
                0x20023b28      0x130 C:/HOOPOE3/satellite-subsystems/demo/..//satellite-subsystems/lib\libSatelliteSubsystemsD.a(gecko_driver.o)
                0x20023b28                GECKO_GetCurrentFPGA1V8
 .text.GECKO_GetVoltageFPGA2V5
                0x20023c58       0xe8 C:/HOOPOE3/satellite-subsystems/demo/..//satellite-subsystems/lib\libSatelliteSubsystemsD.a(gecko_driver.o)
                0x20023c58                GECKO_GetVoltageFPGA2V5
 .text.GECKO_GetCurrentFPGA2V5
                0x20023d40      0x130 C:/HOOPOE3/satellite-subsystems/demo/..//satellite-subsystems/lib\libSatelliteSubsystemsD.a(gecko_driver.o)
                0x20023d40                GECKO_GetCurrentFPGA2V5
 .text.GECKO_GetVoltageFPGA3V3
                0x20023e70       0xe8 C:/HOOPOE3/satellite-subsystems/demo/..//satellite-subsystems/lib\libSatelliteSubsystemsD.a(gecko_driver.o)
                0x20023e70                GECKO_GetVoltageFPGA3V3
 .text.GECKO_GetCurrentFPGA3V3
                0x20023f58      0x130 C:/HOOPOE3/satellite-subsystems/demo/..//satellite-subsystems/lib\libSatelliteSubsystemsD.a(gecko_driver.o)
                0x20023f58                GECKO_GetCurrentFPGA3V3
 .text.GECKO_GetVoltageFlash1V8
                0x20024088       0xd4 C:/HOOPOE3/satellite-subsystems/demo/..//satellite-subsystems/lib\libSatelliteSubsystemsD.a(gecko_driver.o)
                0x20024088                GECKO_GetVoltageFlash1V8
 .text.GECKO_GetCurrentFlash1V8
                0x2002415c      0x130 C:/HOOPOE3/satellite-subsystems/demo/..//satellite-subsystems/lib\libSatelliteSubsystemsD.a(gecko_driver.o)
                0x2002415c                GECKO_GetCurrentFlash1V8
 .text.GECKO_GetVoltageFlash3V3
                0x2002428c       0xe8 C:/HOOPOE3/satellite-subsystems/demo/..//satellite-subsystems/lib\libSatelliteSubsystemsD.a(gecko_driver.o)
                0x2002428c                GECKO_GetVoltageFlash3V3
 .text.GECKO_GetCurrentFlash3V3
                0x20024374      0x130 C:/HOOPOE3/satellite-subsystems/demo/..//satellite-subsystems/lib\libSatelliteSubsystemsD.a(gecko_driver.o)
                0x20024374                GECKO_GetCurrentFlash3V3
 .text.GECKO_GetVoltageSNSR1V8
                0x200244a4       0xe8 C:/HOOPOE3/satellite-subsystems/demo/..//satellite-subsystems/lib\libSatelliteSubsystemsD.a(gecko_driver.o)
                0x200244a4                GECKO_GetVoltageSNSR1V8
 .text.GECKO_GetCurrentSNSR1V8
                0x2002458c      0x130 C:/HOOPOE3/satellite-subsystems/demo/..//satellite-subsystems/lib\libSatelliteSubsystemsD.a(gecko_driver.o)
                0x2002458c                GECKO_GetCurrentSNSR1V8
 .text.GECKO_GetVoltageSNSRVDDPIX
                0x200246bc       0xe8 C:/HOOPOE3/satellite-subsystems/demo/..//satellite-subsystems/lib\libSatelliteSubsystemsD.a(gecko_driver.o)
                0x200246bc                GECKO_GetVoltageSNSRVDDPIX
 .text.GECKO_GetCurrentSNSRVDDPIX
                0x200247a4      0x130 C:/HOOPOE3/satellite-subsystems/demo/..//satellite-subsystems/lib\libSatelliteSubsystemsD.a(gecko_driver.o)
                0x200247a4                GECKO_GetCurrentSNSRVDDPIX
 .text.GECKO_GetVoltageSNSR3V3
                0x200248d4       0xe8 C:/HOOPOE3/satellite-subsystems/demo/..//satellite-subsystems/lib\libSatelliteSubsystemsD.a(gecko_driver.o)
                0x200248d4                GECKO_GetVoltageSNSR3V3
 .text.GECKO_GetCurrentSNSR3V3
                0x200249bc      0x130 C:/HOOPOE3/satellite-subsystems/demo/..//satellite-subsystems/lib\libSatelliteSubsystemsD.a(gecko_driver.o)
                0x200249bc                GECKO_GetCurrentSNSR3V3
 .text.GECKO_GetVoltageFlashVTT09
                0x20024aec       0xd4 C:/HOOPOE3/satellite-subsystems/demo/..//satellite-subsystems/lib\libSatelliteSubsystemsD.a(gecko_driver.o)
                0x20024aec                GECKO_GetVoltageFlashVTT09
 .text.GECKO_GetTempSMU3AB
                0x20024bc0      0x35c C:/HOOPOE3/satellite-subsystems/demo/..//satellite-subsystems/lib\libSatelliteSubsystemsD.a(gecko_driver.o)
                0x20024bc0                GECKO_GetTempSMU3AB
 .text.GECKO_GetTempSMU3BC
                0x20024f1c      0x360 C:/HOOPOE3/satellite-subsystems/demo/..//satellite-subsystems/lib\libSatelliteSubsystemsD.a(gecko_driver.o)
                0x20024f1c                GECKO_GetTempSMU3BC
 .text.GECKO_GetTempREGU6
                0x2002527c      0x35c C:/HOOPOE3/satellite-subsystems/demo/..//satellite-subsystems/lib\libSatelliteSubsystemsD.a(gecko_driver.o)
                0x2002527c                GECKO_GetTempREGU6
 .text.GECKO_GetTempREGU8
                0x200255d8      0x360 C:/HOOPOE3/satellite-subsystems/demo/..//satellite-subsystems/lib\libSatelliteSubsystemsD.a(gecko_driver.o)
                0x200255d8                GECKO_GetTempREGU8
 .text.GECKO_GetTempFlash
                0x20025938      0x360 C:/HOOPOE3/satellite-subsystems/demo/..//satellite-subsystems/lib\libSatelliteSubsystemsD.a(gecko_driver.o)
                0x20025938                GECKO_GetTempFlash
 .text._SpiWriteRead
                0x20025c98       0x70 C:/HOOPOE3/satellite-subsystems/demo/..//satellite-subsystems/lib\libSatelliteSubsystemsD.a(gecko_driver.o)
 .text.makeTRXCommonTransfer
                0x20025d08       0x34 C:/HOOPOE3/satellite-subsystems/demo/..//satellite-subsystems/lib\libSatelliteSubsystemsD.a(IsisTRXCommon.o)
 .text.IsisTrxCommon_componentReset
                0x20025d3c       0x68 C:/HOOPOE3/satellite-subsystems/demo/..//satellite-subsystems/lib\libSatelliteSubsystemsD.a(IsisTRXCommon.o)
                0x20025d3c                IsisTrxCommon_componentReset
 .text.IsisTrxCommon_TxSendAX25DefClSign
                0x20025da4       0xf4 C:/HOOPOE3/satellite-subsystems/demo/..//satellite-subsystems/lib\libSatelliteSubsystemsD.a(IsisTRXCommon.o)
                0x20025da4                IsisTrxCommon_TxSendAX25DefClSign
 .text.IsisTrxCommon_TxSetIdlestate
                0x20025e98       0x78 C:/HOOPOE3/satellite-subsystems/demo/..//satellite-subsystems/lib\libSatelliteSubsystemsD.a(IsisTRXCommon.o)
                0x20025e98                IsisTrxCommon_TxSetIdlestate
 .text.IsisTrxCommon_TxSetAx25Bitrate
                0x20025f10       0x78 C:/HOOPOE3/satellite-subsystems/demo/..//satellite-subsystems/lib\libSatelliteSubsystemsD.a(IsisTRXCommon.o)
                0x20025f10                IsisTrxCommon_TxSetAx25Bitrate
 .text.IsisTrxCommon_RxGetFrameCount
                0x20025f88       0x8c C:/HOOPOE3/satellite-subsystems/demo/..//satellite-subsystems/lib\libSatelliteSubsystemsD.a(IsisTRXCommon.o)
                0x20025f88                IsisTrxCommon_RxGetFrameCount
 .text.IsisTrxCommon_RxGetTelemetryAll_revC
                0x20026014       0x8c C:/HOOPOE3/satellite-subsystems/demo/..//satellite-subsystems/lib\libSatelliteSubsystemsD.a(IsisTRXCommon.o)
                0x20026014                IsisTrxCommon_RxGetTelemetryAll_revC
 .text.ceil     0x200260a0      0x198 c:/isis/application/toolchain/bin/../lib/gcc/arm-none-eabi/4.7.4/../../../../arm-none-eabi/lib\libm.a(lib_a-s_ceil.o)
                0x200260a0                ceil