Archive member included because of file (symbol)

c:/isis/application/toolchain/bin/../lib/gcc/arm-none-eabi/4.7.4/../../../../arm-none-eabi/lib\libc_s.a(lib_a-vfprintf_float.o)
                              (_printf_float)
c:/isis/application/toolchain/bin/../lib/gcc/arm-none-eabi/4.7.4/../../../../arm-none-eabi/lib\libc_s.a(lib_a-vfprintf_i.o)
                              c:/isis/application/toolchain/bin/../lib/gcc/arm-none-eabi/4.7.4/../../../../arm-none-eabi/lib\libc_s.a(lib_a-vfprintf_float.o) (_printf_common)
c:/isis/application/toolchain/bin/../lib/gcc/arm-none-eabi/4.7.4/../../../../arm-none-eabi/lib\libc_s.a(lib_a-vfscanf_float.o)
                              (_scanf_float)
c:/isis/application/toolchain/bin/../lib/gcc/arm-none-eabi/4.7.4/../../../../arm-none-eabi/lib\libc_s.a(lib_a-dtoa.o)
                              c:/isis/application/toolchain/bin/../lib/gcc/arm-none-eabi/4.7.4/../../../../arm-none-eabi/lib\libc_s.a(lib_a-vfprintf_float.o) (_dtoa_r)
c:/isis/application/toolchain/bin/../lib/gcc/arm-none-eabi/4.7.4/../../../../arm-none-eabi/lib\libc_s.a(lib_a-locale.o)
                              c:/isis/application/toolchain/bin/../lib/gcc/arm-none-eabi/4.7.4/../../../../arm-none-eabi/lib\libc_s.a(lib_a-vfprintf_float.o) (_localeconv_r)
c:/isis/application/toolchain/bin/../lib/gcc/arm-none-eabi/4.7.4/../../../../arm-none-eabi/lib\libc_s.a(lib_a-malloc.o)
                              c:/isis/application/toolchain/bin/../lib/gcc/arm-none-eabi/4.7.4/../../../../arm-none-eabi/lib\libc_s.a(lib_a-dtoa.o) (malloc)
c:/isis/application/toolchain/bin/../lib/gcc/arm-none-eabi/4.7.4/../../../../arm-none-eabi/lib\libc_s.a(lib_a-mallocr.o)
                              c:/isis/application/toolchain/bin/../lib/gcc/arm-none-eabi/4.7.4/../../../../arm-none-eabi/lib\libc_s.a(lib_a-malloc.o) (_malloc_r)
c:/isis/application/toolchain/bin/../lib/gcc/arm-none-eabi/4.7.4/../../../../arm-none-eabi/lib\libc_s.a(lib_a-memcpy.o)
                              c:/isis/application/toolchain/bin/../lib/gcc/arm-none-eabi/4.7.4/../../../../arm-none-eabi/lib\libc_s.a(lib_a-dtoa.o) (memcpy)
c:/isis/application/toolchain/bin/../lib/gcc/arm-none-eabi/4.7.4/../../../../arm-none-eabi/lib\libc_s.a(lib_a-mprec.o)
                              c:/isis/application/toolchain/bin/../lib/gcc/arm-none-eabi/4.7.4/../../../../arm-none-eabi/lib\libc_s.a(lib_a-dtoa.o) (_Balloc)
c:/isis/application/toolchain/bin/../lib/gcc/arm-none-eabi/4.7.4/../../../../arm-none-eabi/lib\libc_s.a(lib_a-s_fpclassify.o)
                              c:/isis/application/toolchain/bin/../lib/gcc/arm-none-eabi/4.7.4/../../../../arm-none-eabi/lib\libc_s.a(lib_a-vfprintf_float.o) (__fpclassifyd)
c:/isis/application/toolchain/bin/../lib/gcc/arm-none-eabi/4.7.4/../../../../arm-none-eabi/lib\libc_s.a(lib_a-sbrkr.o)
                              c:/isis/application/toolchain/bin/../lib/gcc/arm-none-eabi/4.7.4/../../../../arm-none-eabi/lib\libc_s.a(lib_a-mallocr.o) (_sbrk_r)
c:/isis/application/toolchain/bin/../lib/gcc/arm-none-eabi/4.7.4/../../../../arm-none-eabi/lib\libc_s.a(lib_a-sf_nan.o)
                              c:/isis/application/toolchain/bin/../lib/gcc/arm-none-eabi/4.7.4/../../../../arm-none-eabi/lib\libc_s.a(lib_a-vfscanf_float.o) (nanf)
c:/isis/application/toolchain/bin/../lib/gcc/arm-none-eabi/4.7.4/../../../../arm-none-eabi/lib\libc_s.a(lib_a-sprintf.o)
                              c:/isis/application/toolchain/bin/../lib/gcc/arm-none-eabi/4.7.4/../../../../arm-none-eabi/lib\libc_s.a(lib_a-vfscanf_float.o) (sprintf)
c:/isis/application/toolchain/bin/../lib/gcc/arm-none-eabi/4.7.4/../../../../arm-none-eabi/lib\libc_s.a(lib_a-strcmp.o)
                              c:/isis/application/toolchain/bin/../lib/gcc/arm-none-eabi/4.7.4/../../../../arm-none-eabi/lib\libc_s.a(lib_a-locale.o) (strcmp)
c:/isis/application/toolchain/bin/../lib/gcc/arm-none-eabi/4.7.4/../../../../arm-none-eabi/lib\libc_s.a(lib_a-strlen.o)
                              c:/isis/application/toolchain/bin/../lib/gcc/arm-none-eabi/4.7.4/../../../../arm-none-eabi/lib\libc_s.a(lib_a-vfprintf_float.o) (strlen)
c:/isis/application/toolchain/bin/../lib/gcc/arm-none-eabi/4.7.4/../../../../arm-none-eabi/lib\libc_s.a(lib_a-strtod.o)
                              c:/isis/application/toolchain/bin/../lib/gcc/arm-none-eabi/4.7.4/../../../../arm-none-eabi/lib\libc_s.a(lib_a-vfscanf_float.o) (_strtod_r)
c:/isis/application/toolchain/bin/../lib/gcc/arm-none-eabi/4.7.4/../../../../arm-none-eabi/lib\libc_s.a(lib_a-strtol.o)
                              c:/isis/application/toolchain/bin/../lib/gcc/arm-none-eabi/4.7.4/../../../../arm-none-eabi/lib\libc_s.a(lib_a-vfscanf_float.o) (_strtol_r)
c:/isis/application/toolchain/bin/../lib/gcc/arm-none-eabi/4.7.4/../../../../arm-none-eabi/lib\libc_s.a(lib_a-svfprintf.o)
                              c:/isis/application/toolchain/bin/../lib/gcc/arm-none-eabi/4.7.4/../../../../arm-none-eabi/lib\libc_s.a(lib_a-sprintf.o) (_svfprintf_r)
[...]
Memory Configuration

Name             Origin             Length             Attributes
sram0            0x00200000         0x00004000         w !xr
sram1            0x00300000         0x00004000         w !xr
sdram            0x20000000         0x02000000         w !xr
*default*        0x00000000         0xffffffff

Linker script and memory map

LOAD c:/isis/application/toolchain/bin/../lib/gcc/arm-none-eabi/4.7.4/../../../../arm-none-eabi/lib\libc_s.a
LOAD ./src/sub-systemCode/Main/CMD/COMM_CMD.o
LOAD ./src/sub-systemCode/Main/CMD/EPS_CMD.o
LOAD ./src/sub-systemCode/Main/CMD/General_CMD.o
LOAD ./src/sub-systemCode/Main/CMD/SW_CMD.o
LOAD ./src/sub-systemCode/Main/CMD/payload_CMD.o
LOAD ./src/sub-systemCode/Main/Ants.o
LOAD ./src/sub-systemCode/Main/EPS.o
LOAD ./src/sub-systemCode/Main/HouseKeeping.o
LOAD ./src/sub-systemCode/Main/Main_Init.o
LOAD ./src/sub-systemCode/Main/commands.o
LOAD ./src/sub-systemCode/Global/Global.o
LOAD ./src/sub-systemCode/Global/GlobalParam.o
LOAD ./src/sub-systemCode/Global/OnlineTM.o
LOAD ./src/sub-systemCode/Global/TLM_management.o
LOAD ./src/sub-systemCode/COMM/APRS.o
LOAD ./src/sub-systemCode/COMM/DelayedCommand_list.o
LOAD ./src/sub-systemCode/COMM/GSC.o
LOAD ./src/sub-systemCode/COMM/TRXVU.o
LOAD ./src/sub-systemCode/ADCS/ADCS.o
LOAD ./src/sub-systemCode/ADCS/Stage_Table.o
LOAD ./src/main.o
LOAD C:/HOOPOE3/satellite-subsystems/demo/..//satellite-subsystems/lib\libSatelliteSubsystemsD.a
LOAD c:/isis/application/toolchain/bin/../lib/gcc/arm-none-eabi/4.7.4/../../../../arm-none-eabi/lib\libm.a
LOAD C:/HOOPOE3/satellite-subsystems/demo/../..//hal/hcc/lib\libHCCD.a
LOAD C:/HOOPOE3/satellite-subsystems/demo/../..//hal/hal/lib\libHALD.a
LOAD C:/HOOPOE3/satellite-subsystems/demo/../..//hal/freertos/lib\libFreeRTOSD.a
LOAD C:/HOOPOE3/satellite-subsystems/demo/../..//hal/at91/lib\libAt91D.a
START GROUP
LOAD c:/isis/application/toolchain/bin/../lib/gcc/arm-none-eabi/4.7.4\libgcc.a
LOAD c:/isis/application/toolchain/bin/../lib/gcc/arm-none-eabi/4.7.4/../../../../arm-none-eabi/lib\libc_s.a
END GROUP

.fixed          0x20000000    0x41a10
                0x20000000                . = ALIGN (0x4)
                0x20000000                _sfixed = .
 *(.startup)
 .startup       0x20000000      0x134 C:/HOOPOE3/satellite-subsystems/demo/../..//hal/at91/lib\libAt91D.a(board_cstartup.o)
                0x20000000                entry
 *(.text)
 .text          0x20000134       0x64 C:/HOOPOE3/satellite-subsystems/demo/../..//hal/at91/lib\libAt91D.a(cp15_asm.o)
                0x20000134                _readControlRegister
                0x20000140                _writeControlRegister
                0x20000148                _waitForInterrupt
                0x20000154                _writeTTB
                0x2000015c                _writeDomain
                0x20000164                _writeITLBLockdown
                0x2000016c                _prefetchICacheLine
                0x20000174                _flushDCache
                0x20000180                _flushWriteBuffer
                0x2000018c                _invalidateIDTLBs
 .text          0x20000198      0x114 c:/isis/application/toolchain/bin/../lib/gcc/arm-none-eabi/4.7.4\libgcc.a(_udivsi3.o)
                0x20000198                __aeabi_uidiv
                0x20000198                __udivsi3
                0x2000028c                __aeabi_uidivmod
 .text          0x200002ac      0x148 c:/isis/application/toolchain/bin/../lib/gcc/arm-none-eabi/4.7.4\libgcc.a(_divsi3.o)
                0x200002ac                __divsi3
                0x200002ac                __aeabi_idiv
                0x200003d4                __aeabi_idivmod
 .text          0x200003f4        0x4 c:/isis/application/toolchain/bin/../lib/gcc/arm-none-eabi/4.7.4\libgcc.a(_dvmd_tls.o)
                0x200003f4                __aeabi_idiv0
                0x200003f4                __aeabi_ldiv0
 .text          0x200003f8      0x41c c:/isis/application/toolchain/bin/../lib/gcc/arm-none-eabi/4.7.4\libgcc.a(_arm_addsubdf3.o)
                0x200003f8                __aeabi_drsub
                0x20000400                __aeabi_dsub
                0x20000400                __subdf3
                0x20000404                __aeabi_dadd
                0x20000404                __adddf3
                0x20000714                __floatunsidf
                0x20000714                __aeabi_ui2d
                0x20000738                __floatsidf
                0x20000738                __aeabi_i2d
                0x20000760                __aeabi_f2d
                0x20000760                __extendsfdf2
                0x200007a0                __floatundidf
                0x200007a0                __aeabi_ul2d
                0x200007b4                __floatdidf
                0x200007b4                __aeabi_l2d
 .text          0x20000814      0x49c c:/isis/application/toolchain/bin/../lib/gcc/arm-none-eabi/4.7.4\libgcc.a(_arm_muldivdf3.o)
                0x20000814                __aeabi_dmul
                0x20000814                __muldf3
                0x20000aa4                __divdf3
                0x20000aa4                __aeabi_ddiv
 .text          0x20000cb0      0x144 c:/isis/application/toolchain/bin/../lib/gcc/arm-none-eabi/4.7.4\libgcc.a(_arm_cmpdf2.o)
                0x20000cb0                __gtdf2
                0x20000cb0                __gedf2
                0x20000cb8                __ltdf2
                0x20000cb8                __ledf2
                0x20000cc0                __nedf2
                0x20000cc0                __eqdf2
                0x20000cc0                __cmpdf2
                0x20000d48                __aeabi_cdrcmple
                0x20000d64                __aeabi_cdcmpeq
                0x20000d64                __aeabi_cdcmple
                0x20000d7c                __aeabi_dcmpeq
                0x20000d94                __aeabi_dcmplt
                0x20000dac                __aeabi_dcmple
                0x20000dc4                __aeabi_dcmpge
                0x20000ddc                __aeabi_dcmpgt
 .text          0x20000df4       0x5c c:/isis/application/toolchain/bin/../lib/gcc/arm-none-eabi/4.7.4\libgcc.a(_arm_fixdfsi.o)
                0x20000df4                __aeabi_d2iz
                0x20000df4                __fixdfsi
 .text          0x20000e50       0x54 c:/isis/application/toolchain/bin/../lib/gcc/arm-none-eabi/4.7.4\libgcc.a(_arm_fixunsdfsi.o)
                0x20000e50                __aeabi_d2uiz
                0x20000e50                __fixunsdfsi
 .text          0x20000ea4       0xa0 c:/isis/application/toolchain/bin/../lib/gcc/arm-none-eabi/4.7.4\libgcc.a(_arm_truncdfsf2.o)
                0x20000ea4                __truncdfsf2
                0x20000ea4                __aeabi_d2f
 .text          0x20000f44      0x2ac c:/isis/application/toolchain/bin/../lib/gcc/arm-none-eabi/4.7.4\libgcc.a(_arm_addsubsf3.o)
                0x20000f44                __aeabi_frsub
                0x20000f4c                __subsf3
                0x20000f4c                __aeabi_fsub
                0x20000f50                __aeabi_fadd
                0x20000f50                __addsf3
                0x2000110c                __aeabi_ui2f
                0x2000110c                __floatunsisf
                0x20001114                __aeabi_i2f
                0x20001114                __floatsisf
                0x20001134                __aeabi_ul2f
                0x20001134                __floatundisf
                0x20001144                __aeabi_l2f
                0x20001144                __floatdisf
 .text          0x200011f0      0x2f8 c:/isis/application/toolchain/bin/../lib/gcc/arm-none-eabi/4.7.4\libgcc.a(_arm_muldivsf3.o)
                0x200011f0                __mulsf3
                0x200011f0                __aeabi_fmul
                0x20001388                __aeabi_fdiv
                0x20001388                __divsf3
 .text          0x200014e8      0x114 c:/isis/application/toolchain/bin/../lib/gcc/arm-none-eabi/4.7.4\libgcc.a(_arm_cmpsf2.o)
                0x200014e8                __gesf2
                0x200014e8                __gtsf2
                0x200014f0                __lesf2
                0x200014f0                __ltsf2
                0x200014f8                __nesf2
                0x200014f8                __eqsf2
                0x200014f8                __cmpsf2
                0x2000155c                __aeabi_cfrcmple
                0x2000156c                __aeabi_cfcmpeq
                0x2000156c                __aeabi_cfcmple
                0x20001584                __aeabi_fcmpeq
                0x2000159c                __aeabi_fcmplt
                0x200015b4                __aeabi_fcmple
                0x200015cc                __aeabi_fcmpge
                0x200015e4                __aeabi_fcmpgt
 .text          0x200015fc       0x54 c:/isis/application/toolchain/bin/../lib/gcc/arm-none-eabi/4.7.4\libgcc.a(_arm_fixunssfsi.o)
                0x200015fc                __fixunssfsi
                0x200015fc                __aeabi_f2uiz
 *(.text*)
 .text.__cvt    0x20001650      0x138 c:/isis/application/toolchain/bin/../lib/gcc/arm-none-eabi/4.7.4/../../../../arm-none-eabi/lib\libc_s.a(lib_a-vfprintf_float.o)
                0x20001650                __cvt
 .text.__exponent
                0x20001788       0xa8 c:/isis/application/toolchain/bin/../lib/gcc/arm-none-eabi/4.7.4/../../../../arm-none-eabi/lib\libc_s.a(lib_a-vfprintf_float.o)
                0x20001788                __exponent
 .text._printf_float
                0x20001830      0x7dc c:/isis/application/toolchain/bin/../lib/gcc/arm-none-eabi/4.7.4/../../../../arm-none-eabi/lib\libc_s.a(lib_a-vfprintf_float.o)
                0x20001830                _printf_float
 .text._printf_common
                0x2000200c      0x174 c:/isis/application/toolchain/bin/../lib/gcc/arm-none-eabi/4.7.4/../../../../arm-none-eabi/lib\libc_s.a(lib_a-vfprintf_i.o)
                0x2000200c                _printf_common
 .text._printf_i
                0x20002180      0x3c4 c:/isis/application/toolchain/bin/../lib/gcc/arm-none-eabi/4.7.4/../../../../arm-none-eabi/lib\libc_s.a(lib_a-vfprintf_i.o)
                0x20002180                _printf_i
 .text._scanf_float
                0x20002544      0x5f4 c:/isis/application/toolchain/bin/../lib/gcc/arm-none-eabi/4.7.4/../../../../arm-none-eabi/lib\libc_s.a(lib_a-vfscanf_float.o)
                0x20002544                _scanf_float
 .text.quorem   0x20002b38      0x1ac c:/isis/application/toolchain/bin/../lib/gcc/arm-none-eabi/4.7.4/../../../../arm-none-eabi/lib\libc_s.a(lib_a-dtoa.o)
 .text._dtoa_r  0x20002ce4     0x1268 c:/isis/application/toolchain/bin/../lib/gcc/arm-none-eabi/4.7.4/../../../../arm-none-eabi/lib\libc_s.a(lib_a-dtoa.o)
                0x20002ce4                _dtoa_r
 .text._localeconv_r
                0x20003f4c        0xc c:/isis/application/toolchain/bin/../lib/gcc/arm-none-eabi/4.7.4/../../../../arm-none-eabi/lib\libc_s.a(lib_a-locale.o)
                0x20003f4c                _localeconv_r
 .text.malloc   0x20003f58       0x20 c:/isis/application/toolchain/bin/../lib/gcc/arm-none-eabi/4.7.4/../../../../arm-none-eabi/lib\libc_s.a(lib_a-malloc.o)
                0x20003f58                malloc
 .text.free     0x20003f78       0x20 c:/isis/application/toolchain/bin/../lib/gcc/arm-none-eabi/4.7.4/../../../../arm-none-eabi/lib\libc_s.a(lib_a-malloc.o)
                0x20003f78                free
 .text._malloc_r
                0x20003f98       0xfc c:/isis/application/toolchain/bin/../lib/gcc/arm-none-eabi/4.7.4/../../../../arm-none-eabi/lib\libc_s.a(lib_a-mallocr.o)
                0x20003f98                _malloc_r
 .text.memcpy   0x20004094       0x20 c:/isis/application/toolchain/bin/../lib/gcc/arm-none-eabi/4.7.4/../../../../arm-none-eabi/lib\libc_s.a(lib_a-memcpy.o)
                0x20004094                memcpy
 .text._Balloc  0x200040b4       0xcc c:/isis/application/toolchain/bin/../lib/gcc/arm-none-eabi/4.7.4/../../../../arm-none-eabi/lib\libc_s.a(lib_a-mprec.o)
                0x200040b4                _Balloc
 .text._Bfree   0x20004180       0x5c c:/isis/application/toolchain/bin/../lib/gcc/arm-none-eabi/4.7.4/../../../../arm-none-eabi/lib\libc_s.a(lib_a-mprec.o)
                0x20004180                _Bfree
 .text.__multadd
                0x200041dc       0xbc c:/isis/application/toolchain/bin/../lib/gcc/arm-none-eabi/4.7.4/../../../../arm-none-eabi/lib\libc_s.a(lib_a-mprec.o)
                0x200041dc                __multadd
 .text.__s2b    0x20004298       0xd8 c:/isis/application/toolchain/bin/../lib/gcc/arm-none-eabi/4.7.4/../../../../arm-none-eabi/lib\libc_s.a(lib_a-mprec.o)
                0x20004298                __s2b
 .text.__hi0bits
                0x20004370       0x58 c:/isis/application/toolchain/bin/../lib/gcc/arm-none-eabi/4.7.4/../../../../arm-none-eabi/lib\libc_s.a(lib_a-mprec.o)
                0x20004370                __hi0bits
 .text.__lo0bits
                0x200043c8       0x94 c:/isis/application/toolchain/bin/../lib/gcc/arm-none-eabi/4.7.4/../../../../arm-none-eabi/lib\libc_s.a(lib_a-mprec.o)
                0x200043c8                __lo0bits
 .text.__i2b    0x2000445c       0x24 c:/isis/application/toolchain/bin/../lib/gcc/arm-none-eabi/4.7.4/../../../../arm-none-eabi/lib\libc_s.a(lib_a-mprec.o)
                0x2000445c                __i2b
 .text.__multiply
                0x20004480      0x1ac c:/isis/application/toolchain/bin/../lib/gcc/arm-none-eabi/4.7.4/../../../../arm-none-eabi/lib\libc_s.a(lib_a-mprec.o)
                0x20004480                __multiply
 .text.__pow5mult
                0x2000462c      0x10c c:/isis/application/toolchain/bin/../lib/gcc/arm-none-eabi/4.7.4/../../../../arm-none-eabi/lib\libc_s.a(lib_a-mprec.o)
                0x2000462c                __pow5mult
 .text.__lshift
                0x20004738       0xf0 c:/isis/application/toolchain/bin/../lib/gcc/arm-none-eabi/4.7.4/../../../../arm-none-eabi/lib\libc_s.a(lib_a-mprec.o)
                0x20004738                __lshift
 .text.__mcmp   0x20004828       0x60 c:/isis/application/toolchain/bin/../lib/gcc/arm-none-eabi/4.7.4/../../../../arm-none-eabi/lib\libc_s.a(lib_a-mprec.o)
                0x20004828                __mcmp
 .text.__mdiff  0x20004888      0x128 c:/isis/application/toolchain/bin/../lib/gcc/arm-none-eabi/4.7.4/../../../../arm-none-eabi/lib\libc_s.a(lib_a-mprec.o)
                0x20004888                __mdiff
 .text.__ulp    0x200049b0       0x5c c:/isis/application/toolchain/bin/../lib/gcc/arm-none-eabi/4.7.4/../../../../arm-none-eabi/lib\libc_s.a(lib_a-mprec.o)
                0x200049b0                __ulp
 .text.__b2d    0x20004a0c       0xc8 c:/isis/application/toolchain/bin/../lib/gcc/arm-none-eabi/4.7.4/../../../../arm-none-eabi/lib\libc_s.a(lib_a-mprec.o)
                0x20004a0c                __b2d
 .text.__d2b    0x20004ad4       0xfc c:/isis/application/toolchain/bin/../lib/gcc/arm-none-eabi/4.7.4/../../../../arm-none-eabi/lib\libc_s.a(lib_a-mprec.o)
                0x20004ad4                __d2b
 .text.__ratio  0x20004bd0       0x70 c:/isis/application/toolchain/bin/../lib/gcc/arm-none-eabi/4.7.4/../../../../arm-none-eabi/lib\libc_s.a(lib_a-mprec.o)
                0x20004bd0                __ratio
 .text.__copybits
                0x20004c40       0x4c c:/isis/application/toolchain/bin/../lib/gcc/arm-none-eabi/4.7.4/../../../../arm-none-eabi/lib\libc_s.a(lib_a-mprec.o)
                0x20004c40                __copybits
 .text.__any_on
                0x20004c8c       0x7c c:/isis/application/toolchain/bin/../lib/gcc/arm-none-eabi/4.7.4/../../../../arm-none-eabi/lib\libc_s.a(lib_a-mprec.o)
                0x20004c8c                __any_on
 .text.__fpclassifyd
                0x20004d08       0x6c c:/isis/application/toolchain/bin/../lib/gcc/arm-none-eabi/4.7.4/../../../../arm-none-eabi/lib\libc_s.a(lib_a-s_fpclassify.o)
                0x20004d08                __fpclassifyd
 .text._sbrk_r  0x20004d74       0x3c c:/isis/application/toolchain/bin/../lib/gcc/arm-none-eabi/4.7.4/../../../../arm-none-eabi/lib\libc_s.a(lib_a-sbrkr.o)
                0x20004d74                _sbrk_r
 .text.nanf     0x20004db0        0xc c:/isis/application/toolchain/bin/../lib/gcc/arm-none-eabi/4.7.4/../../../../arm-none-eabi/lib\libc_s.a(lib_a-sf_nan.o)
                0x20004db0                nanf
 .text.sprintf  0x20004dbc       0x6c c:/isis/application/toolchain/bin/../lib/gcc/arm-none-eabi/4.7.4/../../../../arm-none-eabi/lib\libc_s.a(lib_a-sprintf.o)
                0x20004dbc                siprintf
                0x20004dbc                sprintf
 .text.strcmp   0x20004e28       0x1c c:/isis/application/toolchain/bin/../lib/gcc/arm-none-eabi/4.7.4/../../../../arm-none-eabi/lib\libc_s.a(lib_a-strcmp.o)
                0x20004e28                strcmp
 .text.strlen   0x20004e44       0x1c c:/isis/application/toolchain/bin/../lib/gcc/arm-none-eabi/4.7.4/../../../../arm-none-eabi/lib\libc_s.a(lib_a-strlen.o)
                0x20004e44                strlen
 .text.match    0x20004e60       0x54 c:/isis/application/toolchain/bin/../lib/gcc/arm-none-eabi/4.7.4/../../../../arm-none-eabi/lib\libc_s.a(lib_a-strtod.o)
 .text._strtod_r
                0x20004eb4     0x1168 c:/isis/application/toolchain/bin/../lib/gcc/arm-none-eabi/4.7.4/../../../../arm-none-eabi/lib\libc_s.a(lib_a-strtod.o)
                0x20004eb4                _strtod_r
 .text._strtol_r
                0x2000601c      0x1b8 c:/isis/application/toolchain/bin/../lib/gcc/arm-none-eabi/4.7.4/../../../../arm-none-eabi/lib\libc_s.a(lib_a-strtol.o)
                0x2000601c                _strtol_r
 .text.__ssputc_r
                0x200061d4      0x10c c:/isis/application/toolchain/bin/../lib/gcc/arm-none-eabi/4.7.4/../../../../arm-none-eabi/lib\libc_s.a(lib_a-svfprintf.o)
                0x200061d4                __ssputc_r
 .text._svfprintf_r
                0x200062e0      0x328 c:/isis/application/toolchain/bin/../lib/gcc/arm-none-eabi/4.7.4/../../../../arm-none-eabi/lib\libc_s.a(lib_a-svfprintf.o)
                0x200062e0                _svfiprintf_r
                0x200062e0                _svfprintf_r
 .text._calloc_r
                0x20006608       0x2c c:/isis/application/toolchain/bin/../lib/gcc/arm-none-eabi/4.7.4/../../../../arm-none-eabi/lib\libc_s.a(lib_a-callocr.o)
                0x20006608                _calloc_r
 .text._free_r  0x20006634      0x108 c:/isis/application/toolchain/bin/../lib/gcc/arm-none-eabi/4.7.4/../../../../arm-none-eabi/lib\libc_s.a(lib_a-freer.o)
                0x20006634                _free_r
 .text.rshift   0x2000673c       0xb0 c:/isis/application/toolchain/bin/../lib/gcc/arm-none-eabi/4.7.4/../../../../arm-none-eabi/lib\libc_s.a(lib_a-gdtoa-gethex.o)
 .text.htinit.constprop.0
                0x200067ec       0x34 c:/isis/application/toolchain/bin/../lib/gcc/arm-none-eabi/4.7.4/../../../../arm-none-eabi/lib\libc_s.a(lib_a-gdtoa-gethex.o)
 .text.__hexdig_init
                0x20006820       0x38 c:/isis/application/toolchain/bin/../lib/gcc/arm-none-eabi/4.7.4/../../../../arm-none-eabi/lib\libc_s.a(lib_a-gdtoa-gethex.o)
                0x20006820                __hexdig_init
 .text.__gethex
                0x20006858      0x6cc c:/isis/application/toolchain/bin/../lib/gcc/arm-none-eabi/4.7.4/../../../../arm-none-eabi/lib\libc_s.a(lib_a-gdtoa-gethex.o)
                0x20006858                __gethex
 .text.L_shift  0x20006f24       0x38 c:/isis/application/toolchain/bin/../lib/gcc/arm-none-eabi/4.7.4/../../../../arm-none-eabi/lib\libc_s.a(lib_a-gdtoa-hexnan.o)
 .text.__hexnan
                0x20006f5c      0x1d8 c:/isis/application/toolchain/bin/../lib/gcc/arm-none-eabi/4.7.4/../../../../arm-none-eabi/lib\libc_s.a(lib_a-gdtoa-hexnan.o)
                0x20006f5c                __hexnan
 .text.memchr   0x20007134       0x34 c:/isis/application/toolchain/bin/../lib/gcc/arm-none-eabi/4.7.4/../../../../arm-none-eabi/lib\libc_s.a(lib_a-memchr.o)
                0x20007134                memchr
 .text.memset   0x20007168       0x1c c:/isis/application/toolchain/bin/../lib/gcc/arm-none-eabi/4.7.4/../../../../arm-none-eabi/lib\libc_s.a(lib_a-memset.o)
                0x20007168                memset
 .text._realloc_r
                0x20007184       0x80 c:/isis/application/toolchain/bin/../lib/gcc/arm-none-eabi/4.7.4/../../../../arm-none-eabi/lib\libc_s.a(lib_a-reallocr.o)
                0x20007184                _realloc_r
 .text.strncmp  0x20007204       0x64 c:/isis/application/toolchain/bin/../lib/gcc/arm-none-eabi/4.7.4/../../../../arm-none-eabi/lib\libc_s.a(lib_a-strncmp.o)
                0x20007204                strncmp
 .text._malloc_usable_size_r
                0x20007268       0x1c c:/isis/application/toolchain/bin/../lib/gcc/arm-none-eabi/4.7.4/../../../../arm-none-eabi/lib\libc_s.a(lib_a-msizer.o)
                0x20007268                _malloc_usable_size_r
 .text.cmd_mute
                0x20007284       0xc4 ./src/sub-systemCode/Main/CMD/COMM_CMD.o
                0x20007284                cmd_mute
 .text.cmd_unmute
                0x20007348       0x4c ./src/sub-systemCode/Main/CMD/COMM_CMD.o
                0x20007348                cmd_unmute
 .text.cmd_active_trans
                0x20007394       0xc0 ./src/sub-systemCode/Main/CMD/COMM_CMD.o
                0x20007394                cmd_active_trans
 .text.cmd_shut_trans
                0x20007454       0x38 ./src/sub-systemCode/Main/CMD/COMM_CMD.o
                0x20007454                cmd_shut_trans
 .text.cmd_change_trans_rssi
                0x2000748c      0x100 ./src/sub-systemCode/Main/CMD/COMM_CMD.o
                0x2000748c                cmd_change_trans_rssi
 .text.cmd_aprs_dump
                0x2000758c       0x50 ./src/sub-systemCode/Main/CMD/COMM_CMD.o
                0x2000758c                cmd_aprs_dump
 .text.cmd_stop_dump
                0x200075dc       0x38 ./src/sub-systemCode/Main/CMD/COMM_CMD.o
                0x200075dc                cmd_stop_dump
 .text.cmd_time_frequency
                0x20007614       0xc0 ./src/sub-systemCode/Main/CMD/COMM_CMD.o
                0x20007614                cmd_time_frequency
 .text.cmd_change_def_bit_rate
                0x200076d4      0x158 ./src/sub-systemCode/Main/CMD/COMM_CMD.o
                0x200076d4                cmd_change_def_bit_rate
 .text.cmd_upload_volt_logic
                0x2000782c      0x334 ./src/sub-systemCode/Main/CMD/EPS_CMD.o
                0x2000782c                cmd_upload_volt_logic
 .text.cmd_upload_volt_COMM
                0x20007b60      0x1c8 ./src/sub-systemCode/Main/CMD/EPS_CMD.o
                0x20007b60                cmd_upload_volt_COMM
 .text.cmd_heater_temp
                0x20007d28       0xc0 ./src/sub-systemCode/Main/CMD/EPS_CMD.o
                0x20007d28                cmd_heater_temp
 .text.cmd_SHUT_CAM
                0x20007de8       0x6c ./src/sub-systemCode/Main/CMD/EPS_CMD.o
                0x20007de8                cmd_SHUT_CAM
 .text.cmd_SHUT_ADCS
                0x20007e54       0x6c ./src/sub-systemCode/Main/CMD/EPS_CMD.o
                0x20007e54                cmd_SHUT_ADCS
 .text.cmd_allow_CAM
                0x20007ec0       0x6c ./src/sub-systemCode/Main/CMD/EPS_CMD.o
                0x20007ec0                cmd_allow_CAM
 .text.cmd_allow_ADCS
                0x20007f2c       0x6c ./src/sub-systemCode/Main/CMD/EPS_CMD.o
                0x20007f2c                cmd_allow_ADCS
 .text.cmd_update_alpha
                0x20007f98       0xfc ./src/sub-systemCode/Main/CMD/EPS_CMD.o
                0x20007f98                cmd_update_alpha
 .text.cmd_generic_I2C
                0x20008094       0xb4 ./src/sub-systemCode/Main/CMD/General_CMD.o
                0x20008094                cmd_generic_I2C
 .text.cmd_dump
                0x20008148       0xf0 ./src/sub-systemCode/Main/CMD/General_CMD.o
                0x20008148                cmd_dump
 .text.cmd_delete_TM
                0x20008238      0x230 ./src/sub-systemCode/Main/CMD/General_CMD.o
                0x20008238                cmd_delete_TM
 .text.cmd_reset_file
                0x20008468      0x118 ./src/sub-systemCode/Main/CMD/General_CMD.o
                0x20008468                cmd_reset_file
 .text.cmd_dummy_func
                0x20008580       0x40 ./src/sub-systemCode/Main/CMD/General_CMD.o
                0x20008580                cmd_dummy_func
 .text.cmd_soft_reset_cmponent
                0x200085c0       0xac ./src/sub-systemCode/Main/CMD/General_CMD.o
                0x200085c0                cmd_soft_reset_cmponent
 .text.cmd_hard_reset_cmponent
                0x2000866c       0xac ./src/sub-systemCode/Main/CMD/General_CMD.o
                0x2000866c                cmd_hard_reset_cmponent
 .text.cmd_reset_satellite
                0x20008718       0x78 ./src/sub-systemCode/Main/CMD/General_CMD.o
                0x20008718                cmd_reset_satellite
 .text.cmd_gracefull_reset_satellite
                0x20008790       0x78 ./src/sub-systemCode/Main/CMD/General_CMD.o
                0x20008790                cmd_gracefull_reset_satellite
 .text.cmd_upload_time
                0x20008808       0xb0 ./src/sub-systemCode/Main/CMD/General_CMD.o
                0x20008808                cmd_upload_time
 .text.cmd_ARM_DIARM
                0x200088b8       0xd4 ./src/sub-systemCode/Main/CMD/General_CMD.o
                0x200088b8                cmd_ARM_DIARM
 .text.cmd_get_onlineTM
                0x2000898c       0xb8 ./src/sub-systemCode/Main/CMD/General_CMD.o
                0x2000898c                cmd_get_onlineTM
 .text.cmd_reset_off_line
                0x20008a44       0x68 ./src/sub-systemCode/Main/CMD/General_CMD.o
                0x20008a44                cmd_reset_off_line
 .text.cmd_add_item_off_line
                0x20008aac       0xf0 ./src/sub-systemCode/Main/CMD/General_CMD.o
                0x20008aac                cmd_add_item_off_line
 .text.cmd_get_off_line_setting
                0x20008b9c      0x108 ./src/sub-systemCode/Main/CMD/General_CMD.o
                0x20008b9c                cmd_get_off_line_setting
 .text.cmd_reset_delayed_command_list
                0x20008ca4       0x3c ./src/sub-systemCode/Main/CMD/SW_CMD.o
                0x20008ca4                cmd_reset_delayed_command_list
 .text.cmd_reset_APRS_list
                0x20008ce0       0x3c ./src/sub-systemCode/Main/CMD/SW_CMD.o
                0x20008ce0                cmd_reset_APRS_list
 .text.cmd_reset_FRAM
                0x20008d1c       0xe8 ./src/sub-systemCode/Main/CMD/SW_CMD.o
                0x20008d1c                cmd_reset_FRAM
 .text.ARM_ants
                0x20008e04       0xb8 ./src/sub-systemCode/Main/Ants.o
                0x20008e04                ARM_ants
 .text.DISARM_ants
                0x20008ebc       0xb8 ./src/sub-systemCode/Main/Ants.o
                0x20008ebc                DISARM_ants
 .text.round_vol
                0x20008f74      0x124 ./src/sub-systemCode/Main/EPS.o
                0x20008f74                round_vol
 .text.get_shut_ADCS
                0x20009098       0x48 ./src/sub-systemCode/Main/EPS.o
                0x20009098                get_shut_ADCS
 .text.shut_ADCS
                0x200090e0       0x44 ./src/sub-systemCode/Main/EPS.o
                0x200090e0                shut_ADCS
 .text.get_shut_CAM
                0x20009124       0x48 ./src/sub-systemCode/Main/EPS.o
                0x20009124                get_shut_CAM
 .text.shut_CAM
                0x2000916c       0x44 ./src/sub-systemCode/Main/EPS.o
                0x2000916c                shut_CAM
 .text.update_powerLines
                0x200091b0       0xec ./src/sub-systemCode/Main/EPS.o
                0x200091b0                update_powerLines
 .text.init_enterMode
                0x2000929c       0x88 ./src/sub-systemCode/Main/EPS.o
                0x2000929c                init_enterMode
 .text.EPS_Init
                0x20009324      0x1c8 ./src/sub-systemCode/Main/EPS.o
                0x20009324                EPS_Init
 .text.reset_FRAM_EPS
                0x200094ec       0xe0 ./src/sub-systemCode/Main/EPS.o
                0x200094ec                reset_FRAM_EPS
 .text.reset_EPS_voltages
                0x200095cc       0xbc ./src/sub-systemCode/Main/EPS.o
                0x200095cc                reset_EPS_voltages
 .text.battery_downward
                0x20009688      0x114 ./src/sub-systemCode/Main/EPS.o
                0x20009688                battery_downward
 .text.battery_upward
                0x2000979c      0x120 ./src/sub-systemCode/Main/EPS.o
                0x2000979c                battery_upward
 .text.EPS_Conditioning
                0x200098bc      0x230 ./src/sub-systemCode/Main/EPS.o
                0x200098bc                EPS_Conditioning
 .text.overRide_ADCS
                0x20009aec       0x50 ./src/sub-systemCode/Main/EPS.o
                0x20009aec                overRide_ADCS
 .text.overRide_Camera
                0x20009b3c       0x38 ./src/sub-systemCode/Main/EPS.o
                0x20009b3c                overRide_Camera
 .text.EnterFullMode
                0x20009b74       0xfc ./src/sub-systemCode/Main/EPS.o
                0x20009b74                EnterFullMode
 .text.EnterCruiseMode
                0x20009c70       0xec ./src/sub-systemCode/Main/EPS.o
                0x20009c70                EnterCruiseMode
 .text.EnterSafeMode
                0x20009d5c       0xec ./src/sub-systemCode/Main/EPS.o
                0x20009d5c                EnterSafeMode
 .text.EnterCriticalMode
                0x20009e48       0xd8 ./src/sub-systemCode/Main/EPS.o
                0x20009e48                EnterCriticalMode
 .text.check_EPSTableCorrection
                0x20009f20      0x120 ./src/sub-systemCode/Main/EPS.o
                0x20009f20                check_EPSTableCorrection
 .text.save_ACK
                0x2000a040       0xa0 ./src/sub-systemCode/Main/HouseKeeping.o
                0x2000a040                save_ACK
 .text.set_GP_EPS
                0x2000a0e0      0x10c ./src/sub-systemCode/Main/HouseKeeping.o
                0x2000a0e0                set_GP_EPS
 .text.set_GP_COMM
                0x2000a1ec       0x88 ./src/sub-systemCode/Main/HouseKeeping.o
                0x2000a1ec                set_GP_COMM
 .text.SP_HK_collect
                0x2000a274      0x17c ./src/sub-systemCode/Main/HouseKeeping.o
                0x2000a274                SP_HK_collect
 .text.EPS_HK_collect
                0x2000a3f0      0x4d8 ./src/sub-systemCode/Main/HouseKeeping.o
                0x2000a3f0                EPS_HK_collect
 .text.CAM_HK_collect
                0x2000a8c8      0x91c ./src/sub-systemCode/Main/HouseKeeping.o
                0x2000a8c8                CAM_HK_collect
 .text.COMM_HK_collect
                0x2000b1e4      0x20c ./src/sub-systemCode/Main/HouseKeeping.o
                0x2000b1e4                COMM_HK_collect
 .text.FS_HK_collect
                0x2000b3f0      0x198 ./src/sub-systemCode/Main/HouseKeeping.o
                0x2000b3f0                FS_HK_collect
 .text.HK_find_fileName
                0x2000b588       0xcc ./src/sub-systemCode/Main/HouseKeeping.o
                0x2000b588                HK_find_fileName
 .text.HK_findElementSize
                0x2000b654       0x78 ./src/sub-systemCode/Main/HouseKeeping.o
                0x2000b654                HK_findElementSize
 .text.build_HK_spl_packet
                0x2000b6cc      0x14c ./src/sub-systemCode/Main/HouseKeeping.o
                0x2000b6cc                build_HK_spl_packet
 .text.test_menu
                0x2000b818       0xd8 ./src/sub-systemCode/Main/Main_Init.o
                0x2000b818                test_menu
 .text.numberOfRestarts
                0x2000b8f0       0x94 ./src/sub-systemCode/Main/Main_Init.o
                0x2000b8f0                numberOfRestarts
 .text.StartFRAM
                0x2000b984       0x38 ./src/sub-systemCode/Main/Main_Init.o
                0x2000b984                StartFRAM
 .text.StartI2C
                0x2000b9bc       0x44 ./src/sub-systemCode/Main/Main_Init.o
                0x2000b9bc                StartI2C
 .text.StartSPI
                0x2000ba00       0x40 ./src/sub-systemCode/Main/Main_Init.o
                0x2000ba00                StartSPI
 .text.StartTIME
                0x2000ba40      0x118 ./src/sub-systemCode/Main/Main_Init.o
                0x2000ba40                StartTIME
 .text.first_activation
                0x2000bb58       0x7c ./src/sub-systemCode/Main/Main_Init.o
                0x2000bb58                first_activation
 .text.InitSubsystems
                0x2000bbd4       0x60 ./src/sub-systemCode/Main/Main_Init.o
                0x2000bbd4                InitSubsystems
 .text.SubSystemTaskStart
                0x2000bc34       0x9c ./src/sub-systemCode/Main/Main_Init.o
                0x2000bc34                SubSystemTaskStart
 .text.save_ACK_s
                0x2000bcd0       0x5c ./src/sub-systemCode/Main/commands.o
                0x2000bcd0                save_ACK_s
 .text.copy_command
                0x2000bd2c       0x80 ./src/sub-systemCode/Main/commands.o
                0x2000bd2c                copy_command
 .text.reset_command
                0x2000bdac       0x28 ./src/sub-systemCode/Main/commands.o
                0x2000bdac                reset_command
 .text.init_command
                0x2000bdd4       0xd4 ./src/sub-systemCode/Main/commands.o
                0x2000bdd4                init_command
 .text.add_command
                0x2000bea8      0x138 ./src/sub-systemCode/Main/commands.o
                0x2000bea8                add_command
 .text.get_command
                0x2000bfe0      0x1cc ./src/sub-systemCode/Main/commands.o
                0x2000bfe0                get_command
 .text.act_upon_command
                0x2000c1ac      0x200 ./src/sub-systemCode/Main/commands.o
                0x2000c1ac                act_upon_command
 .text.cmd_error
                0x2000c3ac       0x38 ./src/sub-systemCode/Main/commands.o
                0x2000c3ac                cmd_error
 .text.AUC_COMM
                0x2000c3e4      0x25c ./src/sub-systemCode/Main/commands.o
                0x2000c3e4                AUC_COMM
 .text.AUC_general
                0x2000c640      0x474 ./src/sub-systemCode/Main/commands.o
                0x2000c640                AUC_general
 .text.AUC_payload
                0x2000cab4      0x110 ./src/sub-systemCode/Main/commands.o
                0x2000cab4                AUC_payload
 .text.AUC_EPS  0x2000cbc4      0x28c ./src/sub-systemCode/Main/commands.o
                0x2000cbc4                AUC_EPS
 .text.AUC_ADCS
                0x2000ce50       0x5c ./src/sub-systemCode/Main/commands.o
                0x2000ce50                AUC_ADCS
 .text.AUC_SW   0x2000ceac       0xe4 ./src/sub-systemCode/Main/commands.o
                0x2000ceac                AUC_SW
 .text.AUC_onlineTM
                0x2000cf90      0x1ac ./src/sub-systemCode/Main/commands.o
                0x2000cf90                AUC_onlineTM
 .text.AUC_special_operation
                0x2000d13c       0x8c ./src/sub-systemCode/Main/commands.o
                0x2000d13c                AUC_special_operation
 .text.check_int
                0x2000d1c8       0x3c ./src/sub-systemCode/Global/Global.o
                0x2000d1c8                check_int
 .text.check_portBASE_TYPE
                0x2000d204       0x3c ./src/sub-systemCode/Global/Global.o
                0x2000d204                check_portBASE_TYPE
 .text.soft_reset_subsystem
                0x2000d240       0xd8 ./src/sub-systemCode/Global/Global.o
                0x2000d240                soft_reset_subsystem
 .text.hard_reset_subsystem
                0x2000d318      0x104 ./src/sub-systemCode/Global/Global.o
                0x2000d318                hard_reset_subsystem
 .text.BigEnE_raw_to_uInt
                0x2000d41c       0x94 ./src/sub-systemCode/Global/Global.o
                0x2000d41c                BigEnE_raw_to_uInt
 .text.BigEnE_raw_to_uShort
                0x2000d4b0       0x50 ./src/sub-systemCode/Global/Global.o
                0x2000d4b0                BigEnE_raw_to_uShort
 .text.BigEnE_uInt_to_raw
                0x2000d500       0x78 ./src/sub-systemCode/Global/Global.o
                0x2000d500                BigEnE_uInt_to_raw
 .text.reset_FRAM_MAIN
                0x2000d578      0x19c ./src/sub-systemCode/Global/Global.o
                0x2000d578                reset_FRAM_MAIN
 .text.terminateTask
                0x2000d714       0x18 ./src/sub-systemCode/Global/Global.o
                0x2000d714                terminateTask
 .text.init_GP  0x2000d72c      0x300 ./src/sub-systemCode/Global/GlobalParam.o
                0x2000d72c                init_GP
 .text.get_system_state
                0x2000da2c      0x268 ./src/sub-systemCode/Global/GlobalParam.o
                0x2000da2c                get_system_state
 .text.set_system_state
                0x2000dc94      0x298 ./src/sub-systemCode/Global/GlobalParam.o
                0x2000dc94                set_system_state
 .text.get_current_global_param
                0x2000df2c      0x5c8 ./src/sub-systemCode/Global/GlobalParam.o
                0x2000df2c                get_current_global_param
 .text.set_Vbatt
                0x2000e4f4       0x8c ./src/sub-systemCode/Global/GlobalParam.o
                0x2000e4f4                set_Vbatt
 .text.get_Vbatt
                0x2000e580       0x8c ./src/sub-systemCode/Global/GlobalParam.o
                0x2000e580                get_Vbatt
 .text.set_curBat
                0x2000e60c       0x8c ./src/sub-systemCode/Global/GlobalParam.o
                0x2000e60c                set_curBat
 .text.set_cur3V3
                0x2000e698       0x8c ./src/sub-systemCode/Global/GlobalParam.o
                0x2000e698                set_cur3V3
 .text.set_cur5V
                0x2000e724       0x8c ./src/sub-systemCode/Global/GlobalParam.o
                0x2000e724                set_cur5V
 .text.set_tempComm_LO
                0x2000e7b0       0x8c ./src/sub-systemCode/Global/GlobalParam.o
                0x2000e7b0                set_tempComm_LO
 .text.set_tempComm_PA
                0x2000e83c       0x8c ./src/sub-systemCode/Global/GlobalParam.o
                0x2000e83c                set_tempComm_PA
 .text.set_tempEPS
                0x2000e8c8       0xc8 ./src/sub-systemCode/Global/GlobalParam.o
                0x2000e8c8                set_tempEPS
 .text.set_tempBatt
                0x2000e990       0xc8 ./src/sub-systemCode/Global/GlobalParam.o
                0x2000e990                set_tempBatt
 .text.set_RxDoppler
                0x2000ea58       0x8c ./src/sub-systemCode/Global/GlobalParam.o
                0x2000ea58                set_RxDoppler
 .text.set_RxRSSI
                0x2000eae4       0x8c ./src/sub-systemCode/Global/GlobalParam.o
                0x2000eae4                set_RxRSSI
 .text.set_TxRefl
                0x2000eb70       0x8c ./src/sub-systemCode/Global/GlobalParam.o
                0x2000eb70                set_TxRefl
 .text.set_TxForw
                0x2000ebfc       0x8c ./src/sub-systemCode/Global/GlobalParam.o
                0x2000ebfc                set_TxForw
 .text.get_ST   0x2000ec88       0x8c ./src/sub-systemCode/Global/GlobalParam.o
                0x2000ec88                get_ST
 .text.set_numOfAPRS
                0x2000ed14       0x8c ./src/sub-systemCode/Global/GlobalParam.o
                0x2000ed14                set_numOfAPRS
 .text.set_numOfDelayedCommand
                0x2000eda0       0x8c ./src/sub-systemCode/Global/GlobalParam.o
                0x2000eda0                set_numOfDelayedCommand
 .text.set_numOfResets
                0x2000ee2c       0xac ./src/sub-systemCode/Global/GlobalParam.o
                0x2000ee2c                set_numOfResets
 .text.set_ground_conn
                0x2000eed8       0xa0 ./src/sub-systemCode/Global/GlobalParam.o
                0x2000eed8                set_ground_conn
 .text.get_ground_conn
                0x2000ef78       0xa0 ./src/sub-systemCode/Global/GlobalParam.o
                0x2000ef78                get_ground_conn
 .text.IsisAntS_getStatusData_sideA
                0x2000f018       0x3c ./src/sub-systemCode/Global/OnlineTM.o
                0x2000f018                IsisAntS_getStatusData_sideA
 .text.IsisAntS_getAlltelemetry_sideA
                0x2000f054       0x3c ./src/sub-systemCode/Global/OnlineTM.o
                0x2000f054                IsisAntS_getAlltelemetry_sideA
 .text.IsisAntS_getTemperature_sideA
                0x2000f090       0x3c ./src/sub-systemCode/Global/OnlineTM.o
                0x2000f090                IsisAntS_getTemperature_sideA
 .text.IsisAntS_getStatusData_sideB
                0x2000f0cc       0x3c ./src/sub-systemCode/Global/OnlineTM.o
                0x2000f0cc                IsisAntS_getStatusData_sideB
 .text.IsisAntS_getAlltelemetry_sideB
                0x2000f108       0x3c ./src/sub-systemCode/Global/OnlineTM.o
                0x2000f108                IsisAntS_getAlltelemetry_sideB
 .text.IsisAntS_getTemperature_sideB
                0x2000f144       0x3c ./src/sub-systemCode/Global/OnlineTM.o
                0x2000f144                IsisAntS_getTemperature_sideB
 .text.HK_collect_EPS
                0x2000f180       0x30 ./src/sub-systemCode/Global/OnlineTM.o
                0x2000f180                HK_collect_EPS
 .text.HK_collect_COMM
                0x2000f1b0       0x30 ./src/sub-systemCode/Global/OnlineTM.o
                0x2000f1b0                HK_collect_COMM
 .text.HK_collect_CAM
                0x2000f1e0       0x30 ./src/sub-systemCode/Global/OnlineTM.o
                0x2000f1e0                HK_collect_CAM
 .text.HK_collect_SP
                0x2000f210       0x30 ./src/sub-systemCode/Global/OnlineTM.o
                0x2000f210                HK_collect_SP
 .text.HK_collect_FS
                0x2000f240       0x30 ./src/sub-systemCode/Global/OnlineTM.o
                0x2000f240                HK_collect_FS
 .text.save_offlineSetting_FRAM
                0x2000f270      0x1e8 ./src/sub-systemCode/Global/OnlineTM.o
                0x2000f270                save_offlineSetting_FRAM
 .text.get_offlineSetting_FRAM
                0x2000f458       0x58 ./src/sub-systemCode/Global/OnlineTM.o
                0x2000f458                get_offlineSetting_FRAM
 .text.set_offlineSetting_FRAM
                0x2000f4b0      0x1ac ./src/sub-systemCode/Global/OnlineTM.o
                0x2000f4b0                set_offlineSetting_FRAM
 .text.get_offlineSettingPacket
                0x2000f65c       0xc4 ./src/sub-systemCode/Global/OnlineTM.o
                0x2000f65c                get_offlineSettingPacket
 .text.get_item_by_index
                0x2000f720       0xd8 ./src/sub-systemCode/Global/OnlineTM.o
                0x2000f720                get_item_by_index
 .text.init_onlineParam
                0x2000f7f8     0x2d9c ./src/sub-systemCode/Global/OnlineTM.o
                0x2000f7f8                init_onlineParam
 .text.reset_offline_TM_list
                0x20012594       0xa4 ./src/sub-systemCode/Global/OnlineTM.o
                0x20012594                reset_offline_TM_list
 .text.get_online_packet
                0x20012638      0x25c ./src/sub-systemCode/Global/OnlineTM.o
                0x20012638                get_online_packet
 .text.save_onlineTM_param
                0x20012894      0x1a4 ./src/sub-systemCode/Global/OnlineTM.o
                0x20012894                save_onlineTM_param
 .text.add_onlineTM_param_to_save_list
                0x20012a38      0x214 ./src/sub-systemCode/Global/OnlineTM.o
                0x20012a38                add_onlineTM_param_to_save_list
 .text.delete_onlineTM_param_from_offline
                0x20012c4c      0x100 ./src/sub-systemCode/Global/OnlineTM.o
                0x20012c4c                delete_onlineTM_param_from_offline
 .text.save_onlineTM_logic
                0x20012d4c      0x188 ./src/sub-systemCode/Global/OnlineTM.o
                0x20012d4c                save_onlineTM_logic
 .text.save_onlineTM_task
                0x20012ed4       0x54 ./src/sub-systemCode/Global/OnlineTM.o
                0x20012ed4                save_onlineTM_task
 .text.delete_allTMFilesFromSD
                0x20012f28       0xf8 ./src/sub-systemCode/Global/TLM_management.o
                0x20012f28                delete_allTMFilesFromSD
 .text.getNumOfFilesInFS
                0x20013020       0x44 ./src/sub-systemCode/Global/TLM_management.o
 .text.setNumOfFilesInFS
                0x20013064       0x50 ./src/sub-systemCode/Global/TLM_management.o
 .text.f_managed_enterFS
                0x200130b4       0xb0 ./src/sub-systemCode/Global/TLM_management.o
                0x200130b4                f_managed_enterFS
 .text.f_managed_releaseFS
                0x20013164       0x58 ./src/sub-systemCode/Global/TLM_management.o
                0x20013164                f_managed_releaseFS
 .text.f_managed_open
                0x200131bc      0x10c ./src/sub-systemCode/Global/TLM_management.o
                0x200131bc                f_managed_open
 .text.f_managed_close
                0x200132c8       0x7c ./src/sub-systemCode/Global/TLM_management.o
                0x200132c8                f_managed_close
 .text.createSemahores_FS
                0x20013344       0x7c ./src/sub-systemCode/Global/TLM_management.o
                0x20013344                createSemahores_FS
 .text.InitializeFS
                0x200133c0      0x1a8 ./src/sub-systemCode/Global/TLM_management.o
                0x200133c0                InitializeFS
 .text.c_fileCreate
                0x20013568       0xf4 ./src/sub-systemCode/Global/TLM_management.o
                0x20013568                c_fileCreate
 .text.writewithEpochtime
                0x2001365c       0xa4 ./src/sub-systemCode/Global/TLM_management.o
 .text.get_C_FILE_struct
                0x20013700      0x104 ./src/sub-systemCode/Global/TLM_management.o
 .text.getFileIndex
                0x20013804       0x4c ./src/sub-systemCode/Global/TLM_management.o
 .text.get_file_name_by_index
                0x20013850       0x54 ./src/sub-systemCode/Global/TLM_management.o
                0x20013850                get_file_name_by_index
 .text.c_fileReset
                0x200138a4       0xbc ./src/sub-systemCode/Global/TLM_management.o
                0x200138a4                c_fileReset
 .text.c_fileWrite
                0x20013960      0x140 ./src/sub-systemCode/Global/TLM_management.o
                0x20013960                c_fileWrite
 .text.deleteElementsFromFile
                0x20013aa0      0x184 ./src/sub-systemCode/Global/TLM_management.o
 .text.c_fileDeleteElements
                0x20013c24      0x168 ./src/sub-systemCode/Global/TLM_management.o
                0x20013c24                c_fileDeleteElements
 .text.c_fileRead
                0x20013d8c      0x2b4 ./src/sub-systemCode/Global/TLM_management.o
                0x20013d8c                c_fileRead
 .text.reset_APRS_list
                0x20014040       0xa4 ./src/sub-systemCode/COMM/APRS.o
                0x20014040                reset_APRS_list
 .text.send_APRS_Dump
                0x200140e4      0x1c0 ./src/sub-systemCode/COMM/APRS.o
                0x200140e4                send_APRS_Dump
 .text.get_APRS_list
                0x200142a4       0x88 ./src/sub-systemCode/COMM/APRS.o
                0x200142a4                get_APRS_list
 .text.find_CMD_in_list
                0x2001432c       0x7c ./src/sub-systemCode/COMM/DelayedCommand_list.o
                0x2001432c                find_CMD_in_list
 .text.find_empty_in_list
                0x200143a8       0x74 ./src/sub-systemCode/COMM/DelayedCommand_list.o
                0x200143a8                find_empty_in_list
 .text.check_delayCommandTime
                0x2001441c       0x8c ./src/sub-systemCode/COMM/DelayedCommand_list.o
                0x2001441c                check_delayCommandTime
 .text.execute_delayedCommand
                0x200144a8       0x64 ./src/sub-systemCode/COMM/DelayedCommand_list.o
                0x200144a8                execute_delayedCommand
 .text.check_delaycommand
                0x2001450c      0x17c ./src/sub-systemCode/COMM/DelayedCommand_list.o
                0x2001450c                check_delaycommand
 .text.reset_delayCommand
                0x20014688       0x8c ./src/sub-systemCode/COMM/DelayedCommand_list.o
                0x20014688                reset_delayCommand
 .text.add_delayCommand
                0x20014714      0x1a4 ./src/sub-systemCode/COMM/DelayedCommand_list.o
                0x20014714                add_delayCommand
 .text.get_delayCommand_list
                0x200148b8       0x80 ./src/sub-systemCode/COMM/DelayedCommand_list.o
                0x200148b8                get_delayCommand_list
 .text.EmptyOldestCommand
                0x20014938       0xfc ./src/sub-systemCode/COMM/DelayedCommand_list.o
                0x20014938                EmptyOldestCommand
 .text.decode_TCpacket
                0x20014a34      0x16c ./src/sub-systemCode/COMM/GSC.o
                0x20014a34                decode_TCpacket
 .text.encode_TCpacket
                0x20014ba0      0x114 ./src/sub-systemCode/COMM/GSC.o
                0x20014ba0                encode_TCpacket
 .text.encode_TMpacket
                0x20014cb4      0x104 ./src/sub-systemCode/COMM/GSC.o
                0x20014cb4                encode_TMpacket
 .text.build_raw_ACK
                0x20014db8       0xbc ./src/sub-systemCode/COMM/GSC.o
                0x20014db8                build_raw_ACK
 .text.build_data_field_ACK
                0x20014e74       0x74 ./src/sub-systemCode/COMM/GSC.o
                0x20014e74                build_data_field_ACK
 .text.update_FRAM_bitRate
                0x20014ee8       0xd0 ./src/sub-systemCode/COMM/TRXVU.o
                0x20014ee8                update_FRAM_bitRate
 .text.toggle_idle_state
                0x20014fb8       0x94 ./src/sub-systemCode/COMM/TRXVU.o
                0x20014fb8                toggle_idle_state
 .text.TRXVU_init_hardWare
                0x2001504c       0x98 ./src/sub-systemCode/COMM/TRXVU.o
                0x2001504c                TRXVU_init_hardWare
 .text.TRXVU_init_softWare
                0x200150e4      0x100 ./src/sub-systemCode/COMM/TRXVU.o
                0x200150e4                TRXVU_init_softWare
 .text.init_trxvu
                0x200151e4       0x14 ./src/sub-systemCode/COMM/TRXVU.o
                0x200151e4                init_trxvu
 .text.TRXVU_task
                0x200151f8       0x9c ./src/sub-systemCode/COMM/TRXVU.o
                0x200151f8                TRXVU_task
 .text.dump_logic
                0x20015294      0x324 ./src/sub-systemCode/COMM/TRXVU.o
                0x20015294                dump_logic
 .text.Dump_task
                0x200155b8      0x17c ./src/sub-systemCode/COMM/TRXVU.o
                0x200155b8                Dump_task
 .text.transponder_logic
                0x20015734       0xbc ./src/sub-systemCode/COMM/TRXVU.o
                0x20015734                transponder_logic
 .text.Transponder_task
                0x200157f0      0x238 ./src/sub-systemCode/COMM/TRXVU.o
                0x200157f0                Transponder_task
 .text.lookForRequestToDelete_transponder
                0x20015a28       0xc0 ./src/sub-systemCode/COMM/TRXVU.o
                0x20015a28                lookForRequestToDelete_transponder
 .text.lookForRequestToDelete_dump
                0x20015ae8       0x78 ./src/sub-systemCode/COMM/TRXVU.o
                0x20015ae8                lookForRequestToDelete_dump
 .text.sendRequestToStop_dump
                0x20015b60       0x8c ./src/sub-systemCode/COMM/TRXVU.o
                0x20015b60                sendRequestToStop_dump
 .text.sendRequestToStop_transponder
                0x20015bec       0x8c ./src/sub-systemCode/COMM/TRXVU.o
                0x20015bec                sendRequestToStop_transponder
 .text.Rx_logic
                0x20015c78      0x184 ./src/sub-systemCode/COMM/TRXVU.o
                0x20015c78                Rx_logic
 .text.pass_above_Ground
                0x20015dfc      0x104 ./src/sub-systemCode/COMM/TRXVU.o
                0x20015dfc                pass_above_Ground
 .text.trxvu_logic
                0x20015f00       0x1c ./src/sub-systemCode/COMM/TRXVU.o
                0x20015f00                trxvu_logic
 .text.Beacon_task
                0x20015f1c      0x170 ./src/sub-systemCode/COMM/TRXVU.o
                0x20015f1c                Beacon_task
 .text.buildAndSend_beacon
                0x2001608c      0x604 ./src/sub-systemCode/COMM/TRXVU.o
                0x2001608c                buildAndSend_beacon
 .text.reset_FRAM_TRXVU
                0x20016690      0x160 ./src/sub-systemCode/COMM/TRXVU.o
                0x20016690                reset_FRAM_TRXVU
 .text.TRX_sendFrame
                0x200167f0      0x1c0 ./src/sub-systemCode/COMM/TRXVU.o
                0x200167f0                TRX_sendFrame
 .text.TRX_getFrameData
                0x200169b0      0x10c ./src/sub-systemCode/COMM/TRXVU.o
                0x200169b0                TRX_getFrameData
 .text.mute_Tx  0x20016abc       0x20 ./src/sub-systemCode/COMM/TRXVU.o
                0x20016abc                mute_Tx
 .text.unmute_Tx
                0x20016adc       0x58 ./src/sub-systemCode/COMM/TRXVU.o
                0x20016adc                unmute_Tx
 .text.check_time_off_mute
                0x20016b34       0x88 ./src/sub-systemCode/COMM/TRXVU.o
                0x20016b34                check_time_off_mute
 .text.set_mute_time
                0x20016bbc       0xb4 ./src/sub-systemCode/COMM/TRXVU.o
                0x20016bbc                set_mute_time
 .text.change_TRXVU_state
                0x20016c70       0xe0 ./src/sub-systemCode/COMM/TRXVU.o
                0x20016c70                change_TRXVU_state
 .text.change_trans_RSSI
                0x20016d50       0x60 ./src/sub-systemCode/COMM/TRXVU.o
                0x20016d50                change_trans_RSSI
 .text.init_adcs
                0x20016db0      0x104 ./src/sub-systemCode/ADCS/ADCS.o
                0x20016db0                init_adcs
 .text.telemtryStart
                0x20016eb4      0x16c ./src/sub-systemCode/ADCS/Stage_Table.o
                0x20016eb4                telemtryStart
 .text.powerStart
                0x20017020       0x5c ./src/sub-systemCode/ADCS/Stage_Table.o
                0x20017020                powerStart
 .text.createTable
                0x2001707c       0xb4 ./src/sub-systemCode/ADCS/Stage_Table.o
                0x2001707c                createTable
 .text.buildControlMode
                0x20017130       0x60 ./src/sub-systemCode/ADCS/Stage_Table.o
                0x20017130                buildControlMode
 .text.Check_Table
                0x20017190      0x178 ./src/sub-systemCode/ADCS/Stage_Table.o
                0x20017190                Check_Table
 .text.updateTable
                0x20017308      0x1f0 ./src/sub-systemCode/ADCS/Stage_Table.o
                0x20017308                updateTable
 .text.translateCommandFULL
                0x200174f8       0x78 ./src/sub-systemCode/ADCS/Stage_Table.o
                0x200174f8                translateCommandFULL
 .text.getTableTo
                0x20017570       0x64 ./src/sub-systemCode/ADCS/Stage_Table.o
                0x20017570                getTableTo
 .text.save_time
                0x200175d4       0x9c ./src/main.o
                0x200175d4                save_time
 .text.Command_logic
                0x20017670       0x6c ./src/main.o
                0x20017670                Command_logic
 .text.taskMain
                0x200176dc       0x74 ./src/main.o
                0x200176dc                taskMain
 .text.main     0x20017750       0xbc ./src/main.o
                0x20017750                main
 .text.GomEpsInitialize
                0x2001780c      0x148 C:/HOOPOE3/satellite-subsystems/demo/..//satellite-subsystems/lib\libSatelliteSubsystemsD.a(GomEPS.o)
                0x2001780c                GomEpsInitialize
 .text.makeEPStransfer
                0x20017954       0x3c C:/HOOPOE3/satellite-subsystems/demo/..//satellite-subsystems/lib\libSatelliteSubsystemsD.a(GomEPS.o)
 .text.GomEpsSoftReset
                0x20017990       0xc4 C:/HOOPOE3/satellite-subsystems/demo/..//satellite-subsystems/lib\libSatelliteSubsystemsD.a(GomEPS.o)
                0x20017990                GomEpsSoftReset
 .text.GomEpsHardReset
                0x20017a54       0xa8 C:/HOOPOE3/satellite-subsystems/demo/..//satellite-subsystems/lib\libSatelliteSubsystemsD.a(GomEPS.o)
                0x20017a54                GomEpsHardReset
 .text.GomEpsGetHkData_param
                0x20017afc      0x29c C:/HOOPOE3/satellite-subsystems/demo/..//satellite-subsystems/lib\libSatelliteSubsystemsD.a(GomEPS.o)
                0x20017afc                GomEpsGetHkData_param
 .text.GomEpsGetHkData_general
                0x20017d98      0x45c C:/HOOPOE3/satellite-subsystems/demo/..//satellite-subsystems/lib\libSatelliteSubsystemsD.a(GomEPS.o)
                0x20017d98                GomEpsGetHkData_general
 .text.GomEpsGetHkData_vi
                0x200181f4      0x188 C:/HOOPOE3/satellite-subsystems/demo/..//satellite-subsystems/lib\libSatelliteSubsystemsD.a(GomEPS.o)
                0x200181f4                GomEpsGetHkData_vi
 .text.GomEpsGetHkData_out
                0x2001837c      0x21c C:/HOOPOE3/satellite-subsystems/demo/..//satellite-subsystems/lib\libSatelliteSubsystemsD.a(GomEPS.o)
                0x2001837c                GomEpsGetHkData_out
 .text.GomEpsGetHkData_wdt
                0x20018598      0x2b4 C:/HOOPOE3/satellite-subsystems/demo/..//satellite-subsystems/lib\libSatelliteSubsystemsD.a(GomEPS.o)
                0x20018598                GomEpsGetHkData_wdt
 .text.GomEpsGetHkData_basic
                0x2001884c      0x22c C:/HOOPOE3/satellite-subsystems/demo/..//satellite-subsystems/lib\libSatelliteSubsystemsD.a(GomEPS.o)
                0x2001884c                GomEpsGetHkData_basic
 .text.GomEpsSetOutput
                0x20018a78       0xbc C:/HOOPOE3/satellite-subsystems/demo/..//satellite-subsystems/lib\libSatelliteSubsystemsD.a(GomEPS.o)
                0x20018a78                GomEpsSetOutput
 .text.GomEpsConfigGet
                0x20018b34      0x16c C:/HOOPOE3/satellite-subsystems/demo/..//satellite-subsystems/lib\libSatelliteSubsystemsD.a(GomEPS.o)
                0x20018b34                GomEpsConfigGet
 .text.GomEpsConfigSet
                0x20018ca0      0x184 C:/HOOPOE3/satellite-subsystems/demo/..//satellite-subsystems/lib\libSatelliteSubsystemsD.a(GomEPS.o)
                0x20018ca0                GomEpsConfigSet
 .text.GomEpsConfig2Get
                0x20018e24      0x16c C:/HOOPOE3/satellite-subsystems/demo/..//satellite-subsystems/lib\libSatelliteSubsystemsD.a(GomEPS.o)
                0x20018e24                GomEpsConfig2Get
 .text.makeAntStransfer
                0x20018f90       0x4c C:/HOOPOE3/satellite-subsystems/demo/..//satellite-subsystems/lib\libSatelliteSubsystemsD.a(IsisAntS.o)
 .text.checkInputsValid
                0x20018fdc       0x7c C:/HOOPOE3/satellite-subsystems/demo/..//satellite-subsystems/lib\libSatelliteSubsystemsD.a(IsisAntS.o)
 .text.IsisAntS_setArmStatus
                0x20019058      0x104 C:/HOOPOE3/satellite-subsystems/demo/..//satellite-subsystems/lib\libSatelliteSubsystemsD.a(IsisAntS.o)
                0x20019058                IsisAntS_setArmStatus
 .text.IsisAntS_getStatusData
                0x2001915c      0x120 C:/HOOPOE3/satellite-subsystems/demo/..//satellite-subsystems/lib\libSatelliteSubsystemsD.a(IsisAntS.o)
                0x2001915c                IsisAntS_getStatusData
 .text.IsisAntS_getTemperature
                0x2001927c      0x120 C:/HOOPOE3/satellite-subsystems/demo/..//satellite-subsystems/lib\libSatelliteSubsystemsD.a(IsisAntS.o)
                0x2001927c                IsisAntS_getTemperature
 .text.IsisAntS_getAlltelemetry
                0x2001939c      0x120 C:/HOOPOE3/satellite-subsystems/demo/..//satellite-subsystems/lib\libSatelliteSubsystemsD.a(IsisAntS.o)
                0x2001939c                IsisAntS_getAlltelemetry
 .text.IsisAntS_reset
                0x200194bc      0x104 C:/HOOPOE3/satellite-subsystems/demo/..//satellite-subsystems/lib\libSatelliteSubsystemsD.a(IsisAntS.o)
                0x200194bc                IsisAntS_reset
 .text.IsisSolarPanelv2_initialize
                0x200195c0       0xb4 C:/HOOPOE3/satellite-subsystems/demo/..//satellite-subsystems/lib\libSatelliteSubsystemsD.a(IsisSolarPanelv2.o)
                0x200195c0                IsisSolarPanelv2_initialize
 .text.IsisSolarPanelv2_getTemperature
                0x20019674       0xc8 C:/HOOPOE3/satellite-subsystems/demo/..//satellite-subsystems/lib\libSatelliteSubsystemsD.a(IsisSolarPanelv2.o)
                0x20019674                IsisSolarPanelv2_getTemperature
 .text.IsisSolarPanelv2_sleep
                0x2001973c       0xbc C:/HOOPOE3/satellite-subsystems/demo/..//satellite-subsystems/lib\libSatelliteSubsystemsD.a(IsisSolarPanelv2.o)
                0x2001973c                IsisSolarPanelv2_sleep
 .text.IsisSolarPanelv2_wakeup
                0x200197f8       0x80 C:/HOOPOE3/satellite-subsystems/demo/..//satellite-subsystems/lib\libSatelliteSubsystemsD.a(IsisSolarPanelv2.o)
                0x200197f8                IsisSolarPanelv2_wakeup
 .text._Reset   0x20019878       0x20 C:/HOOPOE3/satellite-subsystems/demo/..//satellite-subsystems/lib\libSatelliteSubsystemsD.a(IsisSolarPanelv2.o)
 .text._WaitForStartup
                0x20019898       0x90 C:/HOOPOE3/satellite-subsystems/demo/..//satellite-subsystems/lib\libSatelliteSubsystemsD.a(IsisSolarPanelv2.o)
 .text._AssignAllChannels
                0x20019928       0x90 C:/HOOPOE3/satellite-subsystems/demo/..//satellite-subsystems/lib\libSatelliteSubsystemsD.a(IsisSolarPanelv2.o)
 .text._AssignThisChannel
                0x200199b8       0xe8 C:/HOOPOE3/satellite-subsystems/demo/..//satellite-subsystems/lib\libSatelliteSubsystemsD.a(IsisSolarPanelv2.o)
 .text._InitiateConversion
                0x20019aa0       0xac C:/HOOPOE3/satellite-subsystems/demo/..//satellite-subsystems/lib\libSatelliteSubsystemsD.a(IsisSolarPanelv2.o)
 .text._WaitForConversionComplete
                0x20019b4c      0x100 C:/HOOPOE3/satellite-subsystems/demo/..//satellite-subsystems/lib\libSatelliteSubsystemsD.a(IsisSolarPanelv2.o)
 .text._ReadResult
                0x20019c4c      0x158 C:/HOOPOE3/satellite-subsystems/demo/..//satellite-subsystems/lib\libSatelliteSubsystemsD.a(IsisSolarPanelv2.o)
 .text._ExtractByte
                0x20019da4       0x38 C:/HOOPOE3/satellite-subsystems/demo/..//satellite-subsystems/lib\libSatelliteSubsystemsD.a(IsisSolarPanelv2.o)
 .text._ExtendSign
                0x20019ddc       0x6c C:/HOOPOE3/satellite-subsystems/demo/..//satellite-subsystems/lib\libSatelliteSubsystemsD.a(IsisSolarPanelv2.o)
 .text._PinsInit
                0x20019e48       0x50 C:/HOOPOE3/satellite-subsystems/demo/..//satellite-subsystems/lib\libSatelliteSubsystemsD.a(IsisSolarPanelv2.o)
 .text._SpiWriteRead
                0x20019e98       0x70 C:/HOOPOE3/satellite-subsystems/demo/..//satellite-subsystems/lib\libSatelliteSubsystemsD.a(IsisSolarPanelv2.o)
 .text.IsisTrxvu_initialize
                0x20019f08      0x2f4 C:/HOOPOE3/satellite-subsystems/demo/..//satellite-subsystems/lib\libSatelliteSubsystemsD.a(IsisTRXVU.o)
                0x20019f08                IsisTrxvu_initialize
 .text.makeTRXVUtransfer
                0x2001a1fc       0x44 C:/HOOPOE3/satellite-subsystems/demo/..//satellite-subsystems/lib\libSatelliteSubsystemsD.a(IsisTRXVU.o)
 .text.IsisTrxvu_componentSoftReset
                0x2001a240       0x6c C:/HOOPOE3/satellite-subsystems/demo/..//satellite-subsystems/lib\libSatelliteSubsystemsD.a(IsisTRXVU.o)
                0x2001a240                IsisTrxvu_componentSoftReset
 .text.IsisTrxvu_componentHardReset
                0x2001a2ac       0xc8 C:/HOOPOE3/satellite-subsystems/demo/..//satellite-subsystems/lib\libSatelliteSubsystemsD.a(IsisTRXVU.o)
                0x2001a2ac                IsisTrxvu_componentHardReset
 .text.IsisTrxvu_softReset
                0x2001a374       0x74 C:/HOOPOE3/satellite-subsystems/demo/..//satellite-subsystems/lib\libSatelliteSubsystemsD.a(IsisTRXVU.o)
                0x2001a374                IsisTrxvu_softReset
 .text.IsisTrxvu_hardReset
                0x2001a3e8       0x74 C:/HOOPOE3/satellite-subsystems/demo/..//satellite-subsystems/lib\libSatelliteSubsystemsD.a(IsisTRXVU.o)
                0x2001a3e8                IsisTrxvu_hardReset
 .text.IsisTrxvu_tcSendAX25DefClSign
                0x2001a45c       0xec C:/HOOPOE3/satellite-subsystems/demo/..//satellite-subsystems/lib\libSatelliteSubsystemsD.a(IsisTRXVU.o)
                0x2001a45c                IsisTrxvu_tcSendAX25DefClSign
 .text.IsisTrxvu_tcSetIdlestate
                0x2001a548       0xa4 C:/HOOPOE3/satellite-subsystems/demo/..//satellite-subsystems/lib\libSatelliteSubsystemsD.a(IsisTRXVU.o)
                0x2001a548                IsisTrxvu_tcSetIdlestate
 .text.IsisTrxvu_tcSetAx25Bitrate
                0x2001a5ec       0xc4 C:/HOOPOE3/satellite-subsystems/demo/..//satellite-subsystems/lib\libSatelliteSubsystemsD.a(IsisTRXVU.o)
                0x2001a5ec                IsisTrxvu_tcSetAx25Bitrate
 .text.IsisTrxvu_tcGetTelemetryAll
                0x2001a6b0       0xd0 C:/HOOPOE3/satellite-subsystems/demo/..//satellite-subsystems/lib\libSatelliteSubsystemsD.a(IsisTRXVU.o)
                0x2001a6b0                IsisTrxvu_tcGetTelemetryAll
 .text.IsisTrxvu_tcGetTelemetryAll_revC
                0x2001a780       0xd0 C:/HOOPOE3/satellite-subsystems/demo/..//satellite-subsystems/lib\libSatelliteSubsystemsD.a(IsisTRXVU.o)
                0x2001a780                IsisTrxvu_tcGetTelemetryAll_revC
 .text.IsisTrxvu_rcGetFrameCount
                0x2001a850       0xa0 C:/HOOPOE3/satellite-subsystems/demo/..//satellite-subsystems/lib\libSatelliteSubsystemsD.a(IsisTRXVU.o)
                0x2001a850                IsisTrxvu_rcGetFrameCount
 .text.IsisTrxvu_rcGetCommandFrame
                0x2001a8f0      0x2d8 C:/HOOPOE3/satellite-subsystems/demo/..//satellite-subsystems/lib\libSatelliteSubsystemsD.a(IsisTRXVU.o)
                0x2001a8f0                IsisTrxvu_rcGetCommandFrame
 .text.IsisTrxvu_rcGetTelemetryAll
                0x2001abc8       0xd0 C:/HOOPOE3/satellite-subsystems/demo/..//satellite-subsystems/lib\libSatelliteSubsystemsD.a(IsisTRXVU.o)
                0x2001abc8                IsisTrxvu_rcGetTelemetryAll
 .text.IsisTrxvu_rcGetTelemetryAll_revC
                0x2001ac98       0xec C:/HOOPOE3/satellite-subsystems/demo/..//satellite-subsystems/lib\libSatelliteSubsystemsD.a(IsisTRXVU.o)
                0x2001ac98                IsisTrxvu_rcGetTelemetryAll_revC
 .text.cspaceADCS_initialize
                0x2001ad84      0x18c C:/HOOPOE3/satellite-subsystems/demo/..//satellite-subsystems/lib\libSatelliteSubsystemsD.a(cspaceADCS.o)
                0x2001ad84                cspaceADCS_initialize
 .text.make_cspaceADCStransfer
                0x2001af10      0x1b4 C:/HOOPOE3/satellite-subsystems/demo/..//satellite-subsystems/lib\libSatelliteSubsystemsD.a(cspaceADCS.o)
 .text.cspaceADCS_componentReset
                0x2001b0c4       0xbc C:/HOOPOE3/satellite-subsystems/demo/..//satellite-subsystems/lib\libSatelliteSubsystemsD.a(cspaceADCS.o)
                0x2001b0c4                cspaceADCS_componentReset
 .text.cspaceADCS_setRunMode
                0x2001b180       0xbc C:/HOOPOE3/satellite-subsystems/demo/..//satellite-subsystems/lib\libSatelliteSubsystemsD.a(cspaceADCS.o)
                0x2001b180                cspaceADCS_setRunMode
 .text.cspaceADCS_setPwrCtrlDevice
                0x2001b23c       0xd0 C:/HOOPOE3/satellite-subsystems/demo/..//satellite-subsystems/lib\libSatelliteSubsystemsD.a(cspaceADCS.o)
                0x2001b23c                cspaceADCS_setPwrCtrlDevice
 .text.cspaceADCS_setAttCtrlMode
                0x2001b30c       0xd0 C:/HOOPOE3/satellite-subsystems/demo/..//satellite-subsystems/lib\libSatelliteSubsystemsD.a(cspaceADCS.o)
                0x2001b30c                cspaceADCS_setAttCtrlMode
 .text.cspaceADCS_setAttEstMode
                0x2001b3dc       0xbc C:/HOOPOE3/satellite-subsystems/demo/..//satellite-subsystems/lib\libSatelliteSubsystemsD.a(cspaceADCS.o)
                0x2001b3dc                cspaceADCS_setAttEstMode
 .text.cspaceADCS_getCurrentState
                0x2001b498       0xc4 C:/HOOPOE3/satellite-subsystems/demo/..//satellite-subsystems/lib\libSatelliteSubsystemsD.a(cspaceADCS.o)
                0x2001b498                cspaceADCS_getCurrentState
 .text.cspaceADCS_getPowTempMeasTLM
                0x2001b55c       0xc4 C:/HOOPOE3/satellite-subsystems/demo/..//satellite-subsystems/lib\libSatelliteSubsystemsD.a(cspaceADCS.o)
                0x2001b55c                cspaceADCS_getPowTempMeasTLM
 .text.cspaceADCS_getPwrCtrlDevice
                0x2001b620       0xc4 C:/HOOPOE3/satellite-subsystems/demo/..//satellite-subsystems/lib\libSatelliteSubsystemsD.a(cspaceADCS.o)
                0x2001b620                cspaceADCS_getPwrCtrlDevice
 .text.GECKO_GetReg
                0x2001b6e4      0x110 C:/HOOPOE3/satellite-subsystems/demo/..//satellite-subsystems/lib\libSatelliteSubsystemsD.a(gecko_driver.o)
                0x2001b6e4                GECKO_GetReg
 .text.GECKO_GetVoltageInput5V
                0x2001b7f4       0xf4 C:/HOOPOE3/satellite-subsystems/demo/..//satellite-subsystems/lib\libSatelliteSubsystemsD.a(gecko_driver.o)
                0x2001b7f4                GECKO_GetVoltageInput5V
 .text.GECKO_GetCurrentInput5V
                0x2001b8e8      0x130 C:/HOOPOE3/satellite-subsystems/demo/..//satellite-subsystems/lib\libSatelliteSubsystemsD.a(gecko_driver.o)
                0x2001b8e8                GECKO_GetCurrentInput5V
 .text.GECKO_GetVoltageFPGA1V
                0x2001ba18       0xd4 C:/HOOPOE3/satellite-subsystems/demo/..//satellite-subsystems/lib\libSatelliteSubsystemsD.a(gecko_driver.o)
                0x2001ba18                GECKO_GetVoltageFPGA1V
 .text.GECKO_GetCurrentFPGA1V
                0x2001baec      0x130 C:/HOOPOE3/satellite-subsystems/demo/..//satellite-subsystems/lib\libSatelliteSubsystemsD.a(gecko_driver.o)
                0x2001baec                GECKO_GetCurrentFPGA1V
 .text.GECKO_GetVoltageFPGA1V8
                0x2001bc1c       0xd4 C:/HOOPOE3/satellite-subsystems/demo/..//satellite-subsystems/lib\libSatelliteSubsystemsD.a(gecko_driver.o)
                0x2001bc1c                GECKO_GetVoltageFPGA1V8
 .text.GECKO_GetCurrentFPGA1V8
                0x2001bcf0      0x130 C:/HOOPOE3/satellite-subsystems/demo/..//satellite-subsystems/lib\libSatelliteSubsystemsD.a(gecko_driver.o)
                0x2001bcf0                GECKO_GetCurrentFPGA1V8
 .text.GECKO_GetVoltageFPGA2V5
                0x2001be20       0xe8 C:/HOOPOE3/satellite-subsystems/demo/..//satellite-subsystems/lib\libSatelliteSubsystemsD.a(gecko_driver.o)
                0x2001be20                GECKO_GetVoltageFPGA2V5
 .text.GECKO_GetCurrentFPGA2V5
                0x2001bf08      0x130 C:/HOOPOE3/satellite-subsystems/demo/..//satellite-subsystems/lib\libSatelliteSubsystemsD.a(gecko_driver.o)
                0x2001bf08                GECKO_GetCurrentFPGA2V5
 .text.GECKO_GetVoltageFPGA3V3
                0x2001c038       0xe8 C:/HOOPOE3/satellite-subsystems/demo/..//satellite-subsystems/lib\libSatelliteSubsystemsD.a(gecko_driver.o)
                0x2001c038                GECKO_GetVoltageFPGA3V3
 .text.GECKO_GetCurrentFPGA3V3
                0x2001c120      0x130 C:/HOOPOE3/satellite-subsystems/demo/..//satellite-subsystems/lib\libSatelliteSubsystemsD.a(gecko_driver.o)
                0x2001c120                GECKO_GetCurrentFPGA3V3
 .text.GECKO_GetVoltageFlash1V8
                0x2001c250       0xd4 C:/HOOPOE3/satellite-subsystems/demo/..//satellite-subsystems/lib\libSatelliteSubsystemsD.a(gecko_driver.o)
                0x2001c250                GECKO_GetVoltageFlash1V8
 .text.GECKO_GetCurrentFlash1V8
                0x2001c324      0x130 C:/HOOPOE3/satellite-subsystems/demo/..//satellite-subsystems/lib\libSatelliteSubsystemsD.a(gecko_driver.o)
                0x2001c324                GECKO_GetCurrentFlash1V8
 .text.GECKO_GetVoltageFlash3V3
                0x2001c454       0xe8 C:/HOOPOE3/satellite-subsystems/demo/..//satellite-subsystems/lib\libSatelliteSubsystemsD.a(gecko_driver.o)
                0x2001c454                GECKO_GetVoltageFlash3V3
 .text.GECKO_GetCurrentFlash3V3
                0x2001c53c      0x130 C:/HOOPOE3/satellite-subsystems/demo/..//satellite-subsystems/lib\libSatelliteSubsystemsD.a(gecko_driver.o)
                0x2001c53c                GECKO_GetCurrentFlash3V3
 .text.GECKO_GetVoltageSNSR1V8
                0x2001c66c       0xe8 C:/HOOPOE3/satellite-subsystems/demo/..//satellite-subsystems/lib\libSatelliteSubsystemsD.a(gecko_driver.o)
                0x2001c66c                GECKO_GetVoltageSNSR1V8
 .text.GECKO_GetCurrentSNSR1V8
                0x2001c754      0x130 C:/HOOPOE3/satellite-subsystems/demo/..//satellite-subsystems/lib\libSatelliteSubsystemsD.a(gecko_driver.o)
                0x2001c754                GECKO_GetCurrentSNSR1V8
 .text.GECKO_GetVoltageSNSRVDDPIX
                0x2001c884       0xe8 C:/HOOPOE3/satellite-subsystems/demo/..//satellite-subsystems/lib\libSatelliteSubsystemsD.a(gecko_driver.o)
                0x2001c884                GECKO_GetVoltageSNSRVDDPIX
 .text.GECKO_GetCurrentSNSRVDDPIX
                0x2001c96c      0x130 C:/HOOPOE3/satellite-subsystems/demo/..//satellite-subsystems/lib\libSatelliteSubsystemsD.a(gecko_driver.o)
                0x2001c96c                GECKO_GetCurrentSNSRVDDPIX
 .text.GECKO_GetVoltageSNSR3V3
                0x2001ca9c       0xe8 C:/HOOPOE3/satellite-subsystems/demo/..//satellite-subsystems/lib\libSatelliteSubsystemsD.a(gecko_driver.o)
                0x2001ca9c                GECKO_GetVoltageSNSR3V3
 .text.GECKO_GetCurrentSNSR3V3
                0x2001cb84      0x130 C:/HOOPOE3/satellite-subsystems/demo/..//satellite-subsystems/lib\libSatelliteSubsystemsD.a(gecko_driver.o)
                0x2001cb84                GECKO_GetCurrentSNSR3V3
 .text.GECKO_GetVoltageFlashVTT09
                0x2001ccb4       0xd4 C:/HOOPOE3/satellite-subsystems/demo/..//satellite-subsystems/lib\libSatelliteSubsystemsD.a(gecko_driver.o)
                0x2001ccb4                GECKO_GetVoltageFlashVTT09
 .text.GECKO_GetTempSMU3AB
                0x2001cd88      0x35c C:/HOOPOE3/satellite-subsystems/demo/..//satellite-subsystems/lib\libSatelliteSubsystemsD.a(gecko_driver.o)
                0x2001cd88                GECKO_GetTempSMU3AB
 .text.GECKO_GetTempSMU3BC
                0x2001d0e4      0x360 C:/HOOPOE3/satellite-subsystems/demo/..//satellite-subsystems/lib\libSatelliteSubsystemsD.a(gecko_driver.o)
                0x2001d0e4                GECKO_GetTempSMU3BC
 .text.GECKO_GetTempREGU6
                0x2001d444      0x35c C:/HOOPOE3/satellite-subsystems/demo/..//satellite-subsystems/lib\libSatelliteSubsystemsD.a(gecko_driver.o)
                0x2001d444                GECKO_GetTempREGU6
 .text.GECKO_GetTempREGU8
                0x2001d7a0      0x360 C:/HOOPOE3/satellite-subsystems/demo/..//satellite-subsystems/lib\libSatelliteSubsystemsD.a(gecko_driver.o)
                0x2001d7a0                GECKO_GetTempREGU8
 .text.GECKO_GetTempFlash
                0x2001db00      0x360 C:/HOOPOE3/satellite-subsystems/demo/..//satellite-subsystems/lib\libSatelliteSubsystemsD.a(gecko_driver.o)
                0x2001db00                GECKO_GetTempFlash
 .text._SpiWriteRead
                0x2001de60       0x70 C:/HOOPOE3/satellite-subsystems/demo/..//satellite-subsystems/lib\libSatelliteSubsystemsD.a(gecko_driver.o)
 .text.makeTRXCommonTransfer
                0x2001ded0       0x34 C:/HOOPOE3/satellite-subsystems/demo/..//satellite-subsystems/lib\libSatelliteSubsystemsD.a(IsisTRXCommon.o)
 .text.IsisTrxCommon_componentReset
                0x2001df04       0x68 C:/HOOPOE3/satellite-subsystems/demo/..//satellite-subsystems/lib\libSatelliteSubsystemsD.a(IsisTRXCommon.o)
                0x2001df04                IsisTrxCommon_componentReset
 .text.IsisTrxCommon_TxSendAX25DefClSign
                0x2001df6c       0xf4 C:/HOOPOE3/satellite-subsystems/demo/..//satellite-subsystems/lib\libSatelliteSubsystemsD.a(IsisTRXCommon.o)
                0x2001df6c                IsisTrxCommon_TxSendAX25DefClSign
 .text.IsisTrxCommon_TxSetIdlestate
                0x2001e060       0x78 C:/HOOPOE3/satellite-subsystems/demo/..//satellite-subsystems/lib\libSatelliteSubsystemsD.a(IsisTRXCommon.o)
                0x2001e060                IsisTrxCommon_TxSetIdlestate
 .text.IsisTrxCommon_TxSetAx25Bitrate
                0x2001e0d8       0x78 C:/HOOPOE3/satellite-subsystems/demo/..//satellite-subsystems/lib\libSatelliteSubsystemsD.a(IsisTRXCommon.o)
                0x2001e0d8                IsisTrxCommon_TxSetAx25Bitrate
 .text.IsisTrxCommon_RxGetFrameCount
                0x2001e150       0x8c C:/HOOPOE3/satellite-subsystems/demo/..//satellite-subsystems/lib\libSatelliteSubsystemsD.a(IsisTRXCommon.o)
                0x2001e150                IsisTrxCommon_RxGetFrameCount
 .text.IsisTrxCommon_RxGetTelemetryAll_revC
                0x2001e1dc       0x8c C:/HOOPOE3/satellite-subsystems/demo/..//satellite-subsystems/lib\libSatelliteSubsystemsD.a(IsisTRXCommon.o)
                0x2001e1dc                IsisTrxCommon_RxGetTelemetryAll_revC
 .text.log      0x2001e268      0x17c c:/isis/application/toolchain/bin/../lib/gcc/arm-none-eabi/4.7.4/../../../../arm-none-eabi/lib\libm.a(lib_a-w_log.o)
                0x2001e268                log
 *fill*         0x2001e3e4        0x4 00
 .text.__ieee754_log
                0x2001e3e8      0x5c0 c:/isis/application/toolchain/bin/../lib/gcc/arm-none-eabi/4.7.4/../../../../arm-none-eabi/lib\libm.a(lib_a-e_log.o)
                0x2001e3e8                __ieee754_log
 .text.matherr  0x2001e9a8        0x8 c:/isis/application/toolchain/bin/../lib/gcc/arm-none-eabi/4.7.4/../../../../arm-none-eabi/lib\libm.a(lib_a-s_matherr.o)
                0x2001e9a8                matherr
 .text.nan      0x2001e9b0       0x10 c:/isis/application/toolchain/bin/../lib/gcc/arm-none-eabi/4.7.4/../../../../arm-none-eabi/lib\libm.a(lib_a-s_nan.o)
                0x2001e9b0                nan
 .text.fn_init  0x2001e9c0      0x2e0 C:/HOOPOE3/satellite-subsystems/demo/../..//hal/hcc/lib\libHCCD.a(fat_common.o)
                0x2001e9c0                fn_init
 .text._f_get16bitl
                0x2001eca0       0x4c C:/HOOPOE3/satellite-subsystems/demo/../..//hal/hcc/lib\libHCCD.a(fat_common.o)
                0x2001eca0                _f_get16bitl
 .text._f_set16bitl
                0x2001ecec       0x54 C:/HOOPOE3/satellite-subsystems/demo/../..//hal/hcc/lib\libHCCD.a(fat_common.o)
                0x2001ecec                _f_set16bitl
 .text._f_get32bitl
                0x2001ed40       0x68 C:/HOOPOE3/satellite-subsystems/demo/../..//hal/hcc/lib\libHCCD.a(fat_common.o)
                0x2001ed40                _f_get32bitl
 .text._f_set32bitl
                0x2001eda8       0x78 C:/HOOPOE3/satellite-subsystems/demo/../..//hal/hcc/lib\libHCCD.a(fat_common.o)
                0x2001eda8                _f_set32bitl
 .text._get8bit
                0x2001ee20       0xa0 C:/HOOPOE3/satellite-subsystems/demo/../..//hal/hcc/lib\libHCCD.a(fat_common.o)
 .text._get16bitl
                0x2001eec0       0x40 C:/HOOPOE3/satellite-subsystems/demo/../..//hal/hcc/lib\libHCCD.a(fat_common.o)
 .text._get32bitl
                0x2001ef00       0x3c C:/HOOPOE3/satellite-subsystems/demo/../..//hal/hcc/lib\libHCCD.a(fat_common.o)
 .text._f_setcardremoved
                0x2001ef3c       0x94 C:/HOOPOE3/satellite-subsystems/demo/../..//hal/hcc/lib\libHCCD.a(fat_common.o)
 .text._f_checkstatus
                0x2001efd0      0x104 C:/HOOPOE3/satellite-subsystems/demo/../..//hal/hcc/lib\libHCCD.a(fat_common.o)
                0x2001efd0                _f_checkstatus
 .text._f_drvgetphy
                0x2001f0d4      0x114 C:/HOOPOE3/satellite-subsystems/demo/../..//hal/hcc/lib\libHCCD.a(fat_common.o)
 .text._f_drvwritesector
                0x2001f1e8       0xdc C:/HOOPOE3/satellite-subsystems/demo/../..//hal/hcc/lib\libHCCD.a(fat_common.o)
 .text._f_drvreadsector
                0x2001f2c4       0xa8 C:/HOOPOE3/satellite-subsystems/demo/../..//hal/hcc/lib\libHCCD.a(fat_common.o)
 .text._f_writesector
                0x2001f36c      0x23c C:/HOOPOE3/satellite-subsystems/demo/../..//hal/hcc/lib\libHCCD.a(fat_common.o)
                0x2001f36c                _f_writesector
 .text._f_readsector
                0x2001f5a8      0x1dc C:/HOOPOE3/satellite-subsystems/demo/../..//hal/hcc/lib\libHCCD.a(fat_common.o)
                0x2001f5a8                _f_readsector
 .text._f_getmaxcluster
                0x2001f784       0x94 C:/HOOPOE3/satellite-subsystems/demo/../..//hal/hcc/lib\libHCCD.a(fat_common.o)
                0x2001f784                _f_getmaxcluster
 .text._getsectorfromcluster
                0x2001f818       0x68 C:/HOOPOE3/satellite-subsystems/demo/../..//hal/hcc/lib\libHCCD.a(fat_common.o)
 .text._f_buildsectors
                0x2001f880      0x268 C:/HOOPOE3/satellite-subsystems/demo/../..//hal/hcc/lib\libHCCD.a(fat_common.o)
 .text._f_getbootrecord
                0x2001fae8      0x5e4 C:/HOOPOE3/satellite-subsystems/demo/../..//hal/hcc/lib\libHCCD.a(fat_common.o)
 .text._f_readbootrecord
                0x200200cc      0x4f8 C:/HOOPOE3/satellite-subsystems/demo/../..//hal/hcc/lib\libHCCD.a(fat_common.o)
 .text._f_flushcffiles
                0x200205c4      0x17c C:/HOOPOE3/satellite-subsystems/demo/../..//hal/hcc/lib\libHCCD.a(fat_common.o)
                0x200205c4                _f_flushcffiles
 .text._f_fatcache_flush
                0x20020740      0x270 C:/HOOPOE3/satellite-subsystems/demo/../..//hal/hcc/lib\libHCCD.a(fat_common.o)
                0x20020740                _f_fatcache_flush
 .text._f_writefatsector
                0x200209b0      0x100 C:/HOOPOE3/satellite-subsystems/demo/../..//hal/hcc/lib\libHCCD.a(fat_common.o)
                0x200209b0                _f_writefatsector
 .text._f_getfatsector
                0x20020ab0      0x3bc C:/HOOPOE3/satellite-subsystems/demo/../..//hal/hcc/lib\libHCCD.a(fat_common.o)
 .text._f_setclustervalue
                0x20020e6c      0x490 C:/HOOPOE3/satellite-subsystems/demo/../..//hal/hcc/lib\libHCCD.a(fat_common.o)
                0x20020e6c                _f_setclustervalue
 .text._f_getclustervalue
                0x200212fc      0x388 C:/HOOPOE3/satellite-subsystems/demo/../..//hal/hcc/lib\libHCCD.a(fat_common.o)
                0x200212fc                _f_getclustervalue
 .text._f_close_drive_files
                0x20021684       0xac C:/HOOPOE3/satellite-subsystems/demo/../..//hal/hcc/lib\libHCCD.a(fat_common.o)
 .text._f_inc_mount_count
                0x20021730       0xa4 C:/HOOPOE3/satellite-subsystems/demo/../..//hal/hcc/lib\libHCCD.a(fat_common.o)
 .text._f_getvolume
                0x200217d4      0x2f8 C:/HOOPOE3/satellite-subsystems/demo/../..//hal/hcc/lib\libHCCD.a(fat_common.o)
                0x200217d4                _f_getvolume
 .text.fn_createdriver
                0x20021acc      0x118 C:/HOOPOE3/satellite-subsystems/demo/../..//hal/hcc/lib\libHCCD.a(fat_common.o)
                0x20021acc                fn_createdriver
 .text.fn_initvolume
                0x20021be4      0x12c C:/HOOPOE3/satellite-subsystems/demo/../..//hal/hcc/lib\libHCCD.a(fat_common.o)
                0x20021be4                fn_initvolume
 .text.fn_initvolumepartition_sub
                0x20021d10       0xe0 C:/HOOPOE3/satellite-subsystems/demo/../..//hal/hcc/lib\libHCCD.a(fat_common.o)
 .text.fn_initvolumepartition
                0x20021df0       0xac C:/HOOPOE3/satellite-subsystems/demo/../..//hal/hcc/lib\libHCCD.a(fat_common.o)
                0x20021df0                fn_initvolumepartition
 .text._f_clustertopos
                0x20021e9c       0xf8 C:/HOOPOE3/satellite-subsystems/demo/../..//hal/hcc/lib\libHCCD.a(fat_common.o)
                0x20021e9c                _f_clustertopos
 .text._f_getcurrsector
                0x20021f94      0x6c8 C:/HOOPOE3/satellite-subsystems/demo/../..//hal/hcc/lib\libHCCD.a(fat_common.o)
                0x20021f94                _f_getcurrsector
 .text._f_getdecluster
                0x2002265c       0x90 C:/HOOPOE3/satellite-subsystems/demo/../..//hal/hcc/lib\libHCCD.a(fat_common.o)
                0x2002265c                _f_getdecluster
 .text._f_setdecluster
                0x200226ec       0x8c C:/HOOPOE3/satellite-subsystems/demo/../..//hal/hcc/lib\libHCCD.a(fat_common.o)
                0x200226ec                _f_setdecluster
 .text.fn_getdrive
                0x20022778       0x30 C:/HOOPOE3/satellite-subsystems/demo/../..//hal/hcc/lib\libHCCD.a(fat_common.o)
                0x20022778                fn_getdrive
 .text._f_getcurrenttimedate
                0x200227a8      0x138 C:/HOOPOE3/satellite-subsystems/demo/../..//hal/hcc/lib\libHCCD.a(fat_common.o)
                0x200227a8                _f_getcurrenttimedate
 .text._f_initentry
                0x200228e0       0xa0 C:/HOOPOE3/satellite-subsystems/demo/../..//hal/hcc/lib\libHCCD.a(fat_common.o)
                0x200228e0                _f_initentry
 .text._f_alloccluster
                0x20022980      0x344 C:/HOOPOE3/satellite-subsystems/demo/../..//hal/hcc/lib\libHCCD.a(fat_common.o)
                0x20022980                _f_alloccluster
 .text._f_dobadblock
                0x20022cc4      0x2cc C:/HOOPOE3/satellite-subsystems/demo/../..//hal/hcc/lib\libHCCD.a(fat_common.o)
                0x20022cc4                _f_dobadblock
 .text._f_checklocked
                0x20022f90       0xe4 C:/HOOPOE3/satellite-subsystems/demo/../..//hal/hcc/lib\libHCCD.a(fat_common.o)
                0x20022f90                _f_checklocked
 .text._f_checkappendlocked
                0x20023074      0x110 C:/HOOPOE3/satellite-subsystems/demo/../..//hal/hcc/lib\libHCCD.a(fat_common.o)
                0x20023074                _f_checkappendlocked
 .text._f_setsyncafile
                0x20023184      0x114 C:/HOOPOE3/satellite-subsystems/demo/../..//hal/hcc/lib\libHCCD.a(fat_common.o)
                0x20023184                _f_setsyncafile
 .text._f_syncfiles
                0x20023298      0x128 C:/HOOPOE3/satellite-subsystems/demo/../..//hal/hcc/lib\libHCCD.a(fat_common.o)
                0x20023298                _f_syncfiles
 .text._f_syncfilescontent
                0x200233c0      0x15c C:/HOOPOE3/satellite-subsystems/demo/../..//hal/hcc/lib\libHCCD.a(fat_common.o)
 .text.fn_getfreespace
                0x2002351c      0x4c0 C:/HOOPOE3/satellite-subsystems/demo/../..//hal/hcc/lib\libHCCD.a(fat_common.o)
                0x2002351c                fn_getfreespace
 .text._f_emptywritecache
                0x200239dc      0x4a4 C:/HOOPOE3/satellite-subsystems/demo/../..//hal/hcc/lib\libHCCD.a(fat_common.o)
 .text._f_allocnextcluster
                0x20023e80      0x54c C:/HOOPOE3/satellite-subsystems/demo/../..//hal/hcc/lib\libHCCD.a(fat_common.o)
 .text._f_emptywritebuffer
                0x200243cc      0x20c C:/HOOPOE3/satellite-subsystems/demo/../..//hal/hcc/lib\libHCCD.a(fat_common.o)
 .text._f_writezeros
                0x200245d8       0xf0 C:/HOOPOE3/satellite-subsystems/demo/../..//hal/hcc/lib\libHCCD.a(fat_common.o)
                0x200245d8                _f_writezeros
 .text._f_extend_file
                0x200246c8      0x570 C:/HOOPOE3/satellite-subsystems/demo/../..//hal/hcc/lib\libHCCD.a(fat_common.o)
 .text._f_fseek
                0x20024c38      0x9bc C:/HOOPOE3/satellite-subsystems/demo/../..//hal/hcc/lib\libHCCD.a(fat_common.o)
                0x20024c38                _f_fseek
 .text._f_removechain
                0x200255f4      0x104 C:/HOOPOE3/satellite-subsystems/demo/../..//hal/hcc/lib\libHCCD.a(fat_common.o)
                0x200255f4                _f_removechain
 .text._f_updatefileentry
                0x200256f8      0x1cc C:/HOOPOE3/satellite-subsystems/demo/../..//hal/hcc/lib\libHCCD.a(fat_common.o)
 .text._f_checkreadlocked
                0x200258c4      0x1bc C:/HOOPOE3/satellite-subsystems/demo/../..//hal/hcc/lib\libHCCD.a(fat_common.o)
                0x200258c4                _f_checkreadlocked
 .text._f_check_handle
                0x20025a80       0x98 C:/HOOPOE3/satellite-subsystems/demo/../..//hal/hcc/lib\libHCCD.a(fat_common.o)
                0x20025a80                _f_check_handle
 .text._f_removesyncafile
                0x20025b18      0x1ec C:/HOOPOE3/satellite-subsystems/demo/../..//hal/hcc/lib\libHCCD.a(fat_common.o)
 .text.fn_close
                0x20025d04      0x3f8 C:/HOOPOE3/satellite-subsystems/demo/../..//hal/hcc/lib\libHCCD.a(fat_common.o)
                0x20025d04                fn_close
 .text.fn_flush
                0x200260fc      0x374 C:/HOOPOE3/satellite-subsystems/demo/../..//hal/hcc/lib\libHCCD.a(fat_common.o)
                0x200260fc                fn_flush
 .text.fn_read  0x20026470      0x690 C:/HOOPOE3/satellite-subsystems/demo/../..//hal/hcc/lib\libHCCD.a(fat_common.o)
                0x20026470                fn_read
 .text._f_abortwrite
                0x20026b00      0x100 C:/HOOPOE3/satellite-subsystems/demo/../..//hal/hcc/lib\libHCCD.a(fat_common.o)
 .text._f_checkwritecluster
                0x20026c00       0xe4 C:/HOOPOE3/satellite-subsystems/demo/../..//hal/hcc/lib\libHCCD.a(fat_common.o)
 .text.fn_write
                0x20026ce4      0x8a8 C:/HOOPOE3/satellite-subsystems/demo/../..//hal/hcc/lib\libHCCD.a(fat_common.o)
                0x20026ce4                fn_write
 .text.fn_seek  0x2002758c      0x270 C:/HOOPOE3/satellite-subsystems/demo/../..//hal/hcc/lib\libHCCD.a(fat_common.o)
                0x2002758c                fn_seek
 .text.f_enterFS
                0x200277fc      0x1c0 C:/HOOPOE3/satellite-subsystems/demo/../..//hal/hcc/lib\libHCCD.a(fat_common.o)
                0x200277fc                f_enterFS
 .text.f_releaseFS
                0x200279bc       0xb0 C:/HOOPOE3/satellite-subsystems/demo/../..//hal/hcc/lib\libHCCD.a(fat_common.o)
                0x200279bc                f_releaseFS
 .text.fnGetTask
                0x20027a6c       0xfc C:/HOOPOE3/satellite-subsystems/demo/../..//hal/hcc/lib\libHCCD.a(fat_common.o)
                0x20027a6c                fnGetTask
 .text._f_mutex_get
                0x20027b68       0x98 C:/HOOPOE3/satellite-subsystems/demo/../..//hal/hcc/lib\libHCCD.a(fat_common.o)
                0x20027b68                _f_mutex_get
 .text._f_mutex_put
                0x20027c00       0x54 C:/HOOPOE3/satellite-subsystems/demo/../..//hal/hcc/lib\libHCCD.a(fat_common.o)
                0x20027c00                _f_mutex_put
 .text._fn_initseekdivisor
                0x20027c54      0x158 C:/HOOPOE3/satellite-subsystems/demo/../..//hal/hcc/lib\libHCCD.a(fat_common.o)
                0x20027c54                _fn_initseekdivisor
 .text._fn_updateseekpos
                0x20027dac       0xc4 C:/HOOPOE3/satellite-subsystems/demo/../..//hal/hcc/lib\libHCCD.a(fat_common.o)
 .text._f_findopensize
                0x20027e70       0x2c C:/HOOPOE3/satellite-subsystems/demo/../..//hal/hcc/lib\libHCCD.a(fat_common.o)
                0x20027e70                _f_findopensize
 .text.fn_setlasterror
                0x20027e9c       0x34 C:/HOOPOE3/satellite-subsystems/demo/../..//hal/hcc/lib\libHCCD.a(fat_common.o)
                0x20027e9c                fn_setlasterror
 .text.fn_setlasterror_noret
                0x20027ed0       0x2c C:/HOOPOE3/satellite-subsystems/demo/../..//hal/hcc/lib\libHCCD.a(fat_common.o)
                0x20027ed0                fn_setlasterror_noret
 .text.fm_initvolume
                0x20027efc       0x70 C:/HOOPOE3/satellite-subsystems/demo/../..//hal/hcc/lib\libHCCD.a(fat_m.o)
                0x20027efc                fm_initvolume
 .text.fm_getdrive
                0x20027f6c       0x70 C:/HOOPOE3/satellite-subsystems/demo/../..//hal/hcc/lib\libHCCD.a(fat_m.o)
                0x20027f6c                fm_getdrive
 .text.fm_getfreespace
                0x20027fdc       0x68 C:/HOOPOE3/satellite-subsystems/demo/../..//hal/hcc/lib\libHCCD.a(fat_m.o)
                0x20027fdc                fm_getfreespace
 .text.fm_findfirst
                0x20028044       0x68 C:/HOOPOE3/satellite-subsystems/demo/../..//hal/hcc/lib\libHCCD.a(fat_m.o)
                0x20028044                fm_findfirst
 .text.fm_findnext
                0x200280ac       0x60 C:/HOOPOE3/satellite-subsystems/demo/../..//hal/hcc/lib\libHCCD.a(fat_m.o)
                0x200280ac                fm_findnext
 .text.fm_rename
                0x2002810c       0x68 C:/HOOPOE3/satellite-subsystems/demo/../..//hal/hcc/lib\libHCCD.a(fat_m.o)
                0x2002810c                fm_rename
 .text.fm_filelength
                0x20028174       0x60 C:/HOOPOE3/satellite-subsystems/demo/../..//hal/hcc/lib\libHCCD.a(fat_m.o)
                0x20028174                fm_filelength
 .text.fm_close
                0x200281d4       0x60 C:/HOOPOE3/satellite-subsystems/demo/../..//hal/hcc/lib\libHCCD.a(fat_m.o)
                0x200281d4                fm_close
 .text.fm_flush
                0x20028234       0x60 C:/HOOPOE3/satellite-subsystems/demo/../..//hal/hcc/lib\libHCCD.a(fat_m.o)
                0x20028234                fm_flush
 .text.fm_open  0x20028294       0x68 C:/HOOPOE3/satellite-subsystems/demo/../..//hal/hcc/lib\libHCCD.a(fat_m.o)
                0x20028294                fm_open
 .text.fm_read  0x200282fc       0x7c C:/HOOPOE3/satellite-subsystems/demo/../..//hal/hcc/lib\libHCCD.a(fat_m.o)
                0x200282fc                fm_read
 .text.fm_write
                0x20028378       0x7c C:/HOOPOE3/satellite-subsystems/demo/../..//hal/hcc/lib\libHCCD.a(fat_m.o)