Archive member included because of file (symbol)

c:/isis/application/toolchain/bin/../lib/gcc/arm-none-eabi/4.7.4/../../../../arm-none-eabi/lib\libc_s.a(lib_a-vfprintf_float.o)
                              (_printf_float)
c:/isis/application/toolchain/bin/../lib/gcc/arm-none-eabi/4.7.4/../../../../arm-none-eabi/lib\libc_s.a(lib_a-vfprintf_i.o)
                              c:/isis/application/toolchain/bin/../lib/gcc/arm-none-eabi/4.7.4/../../../../arm-none-eabi/lib\libc_s.a(lib_a-vfprintf_float.o) (_printf_common)
c:/isis/application/toolchain/bin/../lib/gcc/arm-none-eabi/4.7.4/../../../../arm-none-eabi/lib\libc_s.a(lib_a-vfscanf_float.o)
                              (_scanf_float)
c:/isis/application/toolchain/bin/../lib/gcc/arm-none-eabi/4.7.4/../../../../arm-none-eabi/lib\libc_s.a(lib_a-dtoa.o)
                              c:/isis/application/toolchain/bin/../lib/gcc/arm-none-eabi/4.7.4/../../../../arm-none-eabi/lib\libc_s.a(lib_a-vfprintf_float.o) (_dtoa_r)
c:/isis/application/toolchain/bin/../lib/gcc/arm-none-eabi/4.7.4/../../../../arm-none-eabi/lib\libc_s.a(lib_a-locale.o)
                              c:/isis/application/toolchain/bin/../lib/gcc/arm-none-eabi/4.7.4/../../../../arm-none-eabi/lib\libc_s.a(lib_a-vfprintf_float.o) (_localeconv_r)
c:/isis/application/toolchain/bin/../lib/gcc/arm-none-eabi/4.7.4/../../../../arm-none-eabi/lib\libc_s.a(lib_a-malloc.o)
                              c:/isis/application/toolchain/bin/../lib/gcc/arm-none-eabi/4.7.4/../../../../arm-none-eabi/lib\libc_s.a(lib_a-dtoa.o) (malloc)
c:/isis/application/toolchain/bin/../lib/gcc/arm-none-eabi/4.7.4/../../../../arm-none-eabi/lib\libc_s.a(lib_a-mallocr.o)
                              c:/isis/application/toolchain/bin/../lib/gcc/arm-none-eabi/4.7.4/../../../../arm-none-eabi/lib\libc_s.a(lib_a-malloc.o) (_malloc_r)
c:/isis/application/toolchain/bin/../lib/gcc/arm-none-eabi/4.7.4/../../../../arm-none-eabi/lib\libc_s.a(lib_a-memcpy.o)
                              c:/isis/application/toolchain/bin/../lib/gcc/arm-none-eabi/4.7.4/../../../../arm-none-eabi/lib\libc_s.a(lib_a-dtoa.o) (memcpy)
c:/isis/application/toolchain/bin/../lib/gcc/arm-none-eabi/4.7.4/../../../../arm-none-eabi/lib\libc_s.a(lib_a-mprec.o)
                              c:/isis/application/toolchain/bin/../lib/gcc/arm-none-eabi/4.7.4/../../../../arm-none-eabi/lib\libc_s.a(lib_a-dtoa.o) (_Balloc)
c:/isis/application/toolchain/bin/../lib/gcc/arm-none-eabi/4.7.4/../../../../arm-none-eabi/lib\libc_s.a(lib_a-s_fpclassify.o)
                              c:/isis/application/toolchain/bin/../lib/gcc/arm-none-eabi/4.7.4/../../../../arm-none-eabi/lib\libc_s.a(lib_a-vfprintf_float.o) (__fpclassifyd)
c:/isis/application/toolchain/bin/../lib/gcc/arm-none-eabi/4.7.4/../../../../arm-none-eabi/lib\libc_s.a(lib_a-sbrkr.o)
                              c:/isis/application/toolchain/bin/../lib/gcc/arm-none-eabi/4.7.4/../../../../arm-none-eabi/lib\libc_s.a(lib_a-mallocr.o) (_sbrk_r)
c:/isis/application/toolchain/bin/../lib/gcc/arm-none-eabi/4.7.4/../../../../arm-none-eabi/lib\libc_s.a(lib_a-sf_nan.o)
                              c:/isis/application/toolchain/bin/../lib/gcc/arm-none-eabi/4.7.4/../../../../arm-none-eabi/lib\libc_s.a(lib_a-vfscanf_float.o) (nanf)
c:/isis/application/toolchain/bin/../lib/gcc/arm-none-eabi/4.7.4/../../../../arm-none-eabi/lib\libc_s.a(lib_a-sprintf.o)
                              c:/isis/application/toolchain/bin/../lib/gcc/arm-none-eabi/4.7.4/../../../../arm-none-eabi/lib\libc_s.a(lib_a-vfscanf_float.o) (sprintf)
c:/isis/application/toolchain/bin/../lib/gcc/arm-none-eabi/4.7.4/../../../../arm-none-eabi/lib\libc_s.a(lib_a-strcmp.o)
                              c:/isis/application/toolchain/bin/../lib/gcc/arm-none-eabi/4.7.4/../../../../arm-none-eabi/lib\libc_s.a(lib_a-locale.o) (strcmp)
c:/isis/application/toolchain/bin/../lib/gcc/arm-none-eabi/4.7.4/../../../../arm-none-eabi/lib\libc_s.a(lib_a-strlen.o)
                              c:/isis/application/toolchain/bin/../lib/gcc/arm-none-eabi/4.7.4/../../../../arm-none-eabi/lib\libc_s.a(lib_a-vfprintf_float.o) (strlen)
c:/isis/application/toolchain/bin/../lib/gcc/arm-none-eabi/4.7.4/../../../../arm-none-eabi/lib\libc_s.a(lib_a-strtod.o)
                              c:/isis/application/toolchain/bin/../lib/gcc/arm-none-eabi/4.7.4/../../../../arm-none-eabi/lib\libc_s.a(lib_a-vfscanf_float.o) (_strtod_r)
c:/isis/application/toolchain/bin/../lib/gcc/arm-none-eabi/4.7.4/../../../../arm-none-eabi/lib\libc_s.a(lib_a-strtol.o)
                              c:/isis/application/toolchain/bin/../lib/gcc/arm-none-eabi/4.7.4/../../../../arm-none-eabi/lib\libc_s.a(lib_a-vfscanf_float.o) (_strtol_r)
c:/isis/application/toolchain/bin/../lib/gcc/arm-none-eabi/4.7.4/../../../../arm-none-eabi/lib\libc_s.a(lib_a-svfprintf.o)
                              c:/isis/application/toolchain/bin/../lib/gcc/arm-none-eabi/4.7.4/../../../../arm-none-eabi/lib\libc_s.a(lib_a-sprintf.o) (_svfprintf_r)
[...]
Memory Configuration

Name             Origin             Length             Attributes
sram0            0x00200000         0x00004000         w !xr
sram1            0x00300000         0x00004000         w !xr
sdram            0x20000000         0x02000000         w !xr
*default*        0x00000000         0xffffffff

Linker script and memory map

LOAD c:/isis/application/toolchain/bin/../lib/gcc/arm-none-eabi/4.7.4/../../../../arm-none-eabi/lib\libc_s.a
LOAD ./src/sub-systemCode/payload/Request Management/Dump/Butchering.o
LOAD ./src/sub-systemCode/payload/Request Management/Dump/imageDump.o
LOAD ./src/sub-systemCode/payload/Request Management/CameraManeger.o
LOAD ./src/sub-systemCode/payload/Request Management/DB_RequestHandling.o
LOAD ./src/sub-systemCode/payload/Misc/Boolean_bit.o
LOAD ./src/sub-systemCode/payload/Misc/FileSystem.o
LOAD ./src/sub-systemCode/payload/Drivers/GeckoCameraDriver.o
LOAD ./src/sub-systemCode/payload/DataBase/DataBase.o
LOAD ./src/sub-systemCode/payload/Compression/jpeg/bmp/rawToBMP.o
LOAD ./src/sub-systemCode/payload/Compression/jpeg/DCT.o
LOAD ./src/sub-systemCode/payload/Compression/jpeg/ImgCompressor.o
LOAD ./src/sub-systemCode/payload/Compression/jpeg/color_conv.o
LOAD ./src/sub-systemCode/payload/Compression/jpeg/jpeg.o
LOAD ./src/sub-systemCode/payload/Compression/jpeg/jpeg_encoder.o
LOAD ./src/sub-systemCode/payload/Compression/jpeg/jpeg_memory_alloc.o
LOAD ./src/sub-systemCode/payload/Compression/jpeg/jpeg_params.o
LOAD ./src/sub-systemCode/payload/Compression/jpeg/output_stream.o
LOAD ./src/sub-systemCode/payload/Compression/ImageConversion.o
LOAD ./src/sub-systemCode/Main/CMD/COMM_CMD.o
LOAD ./src/sub-systemCode/Main/CMD/EPS_CMD.o
LOAD ./src/sub-systemCode/Main/CMD/General_CMD.o
LOAD ./src/sub-systemCode/Main/CMD/SW_CMD.o
LOAD ./src/sub-systemCode/Main/CMD/payload_CMD.o
LOAD ./src/sub-systemCode/Main/Ants.o
LOAD ./src/sub-systemCode/Main/EPS.o
LOAD ./src/sub-systemCode/Main/HouseKeeping.o
LOAD ./src/sub-systemCode/Main/Main_Init.o
LOAD ./src/sub-systemCode/Main/commands.o
LOAD ./src/sub-systemCode/Global/Global.o
LOAD ./src/sub-systemCode/Global/GlobalParam.o
LOAD ./src/sub-systemCode/Global/OnlineTM.o
LOAD ./src/sub-systemCode/Global/TLM_management.o
LOAD ./src/sub-systemCode/COMM/APRS.o
LOAD ./src/sub-systemCode/COMM/DelayedCommand_list.o
LOAD ./src/sub-systemCode/COMM/GSC.o
LOAD ./src/sub-systemCode/COMM/TRXVU.o
LOAD ./src/sub-systemCode/ADCS/ADCS.o
LOAD ./src/sub-systemCode/ADCS/Stage_Table.o
LOAD ./src/main.o
LOAD C:/ISIS/workspace/HOOPOE3/satellite-subsystems/demo/..//satellite-subsystems/lib\libSatelliteSubsystemsD.a
LOAD c:/isis/application/toolchain/bin/../lib/gcc/arm-none-eabi/4.7.4/../../../../arm-none-eabi/lib\libm.a
LOAD C:/ISIS/workspace/HOOPOE3/satellite-subsystems/demo/../..//hal/hcc/lib\libHCCD.a
LOAD C:/ISIS/workspace/HOOPOE3/satellite-subsystems/demo/../..//hal/hal/lib\libHALD.a
LOAD C:/ISIS/workspace/HOOPOE3/satellite-subsystems/demo/../..//hal/freertos/lib\libFreeRTOSD.a
LOAD C:/ISIS/workspace/HOOPOE3/satellite-subsystems/demo/../..//hal/at91/lib\libAt91D.a
START GROUP
LOAD c:/isis/application/toolchain/bin/../lib/gcc/arm-none-eabi/4.7.4\libgcc.a
LOAD c:/isis/application/toolchain/bin/../lib/gcc/arm-none-eabi/4.7.4/../../../../arm-none-eabi/lib\libc_s.a
END GROUP

.fixed          0x20000000    0x4cd80
                0x20000000                . = ALIGN (0x4)
                0x20000000                _sfixed = .
 *(.startup)
 .startup       0x20000000      0x134 C:/ISIS/workspace/HOOPOE3/satellite-subsystems/demo/../..//hal/at91/lib\libAt91D.a(board_cstartup.o)
                0x20000000                entry
 *(.text)
 .text          0x20000134       0x64 C:/ISIS/workspace/HOOPOE3/satellite-subsystems/demo/../..//hal/at91/lib\libAt91D.a(cp15_asm.o)
                0x20000134                _readControlRegister
                0x20000140                _writeControlRegister
                0x20000148                _waitForInterrupt
                0x20000154                _writeTTB
                0x2000015c                _writeDomain
                0x20000164                _writeITLBLockdown
                0x2000016c                _prefetchICacheLine
                0x20000174                _flushDCache
                0x20000180                _flushWriteBuffer
                0x2000018c                _invalidateIDTLBs
 .text          0x20000198      0x114 c:/isis/application/toolchain/bin/../lib/gcc/arm-none-eabi/4.7.4\libgcc.a(_udivsi3.o)
                0x20000198                __aeabi_uidiv
                0x20000198                __udivsi3
                0x2000028c                __aeabi_uidivmod
 .text          0x200002ac      0x148 c:/isis/application/toolchain/bin/../lib/gcc/arm-none-eabi/4.7.4\libgcc.a(_divsi3.o)
                0x200002ac                __divsi3
                0x200002ac                __aeabi_idiv
                0x200003d4                __aeabi_idivmod
 .text          0x200003f4        0x4 c:/isis/application/toolchain/bin/../lib/gcc/arm-none-eabi/4.7.4\libgcc.a(_dvmd_tls.o)
                0x200003f4                __aeabi_idiv0
                0x200003f4                __aeabi_ldiv0
 .text          0x200003f8      0x41c c:/isis/application/toolchain/bin/../lib/gcc/arm-none-eabi/4.7.4\libgcc.a(_arm_addsubdf3.o)
                0x200003f8                __aeabi_drsub
                0x20000400                __aeabi_dsub
                0x20000400                __subdf3
                0x20000404                __aeabi_dadd
                0x20000404                __adddf3
                0x20000714                __floatunsidf
                0x20000714                __aeabi_ui2d
                0x20000738                __floatsidf
                0x20000738                __aeabi_i2d
                0x20000760                __aeabi_f2d
                0x20000760                __extendsfdf2
                0x200007a0                __floatundidf
                0x200007a0                __aeabi_ul2d
                0x200007b4                __floatdidf
                0x200007b4                __aeabi_l2d
 .text          0x20000814      0x49c c:/isis/application/toolchain/bin/../lib/gcc/arm-none-eabi/4.7.4\libgcc.a(_arm_muldivdf3.o)
                0x20000814                __aeabi_dmul
                0x20000814                __muldf3
                0x20000aa4                __divdf3
                0x20000aa4                __aeabi_ddiv
 .text          0x20000cb0      0x144 c:/isis/application/toolchain/bin/../lib/gcc/arm-none-eabi/4.7.4\libgcc.a(_arm_cmpdf2.o)
                0x20000cb0                __gtdf2
                0x20000cb0                __gedf2
                0x20000cb8                __ltdf2
                0x20000cb8                __ledf2
                0x20000cc0                __nedf2
                0x20000cc0                __eqdf2
                0x20000cc0                __cmpdf2
                0x20000d48                __aeabi_cdrcmple
                0x20000d64                __aeabi_cdcmpeq
                0x20000d64                __aeabi_cdcmple
                0x20000d7c                __aeabi_dcmpeq
                0x20000d94                __aeabi_dcmplt
                0x20000dac                __aeabi_dcmple
                0x20000dc4                __aeabi_dcmpge
                0x20000ddc                __aeabi_dcmpgt
 .text          0x20000df4       0x5c c:/isis/application/toolchain/bin/../lib/gcc/arm-none-eabi/4.7.4\libgcc.a(_arm_fixdfsi.o)
                0x20000df4                __aeabi_d2iz
                0x20000df4                __fixdfsi
 .text          0x20000e50       0x54 c:/isis/application/toolchain/bin/../lib/gcc/arm-none-eabi/4.7.4\libgcc.a(_arm_fixunsdfsi.o)
                0x20000e50                __aeabi_d2uiz
                0x20000e50                __fixunsdfsi
 .text          0x20000ea4       0xa0 c:/isis/application/toolchain/bin/../lib/gcc/arm-none-eabi/4.7.4\libgcc.a(_arm_truncdfsf2.o)
                0x20000ea4                __truncdfsf2
                0x20000ea4                __aeabi_d2f
 .text          0x20000f44      0x2ac c:/isis/application/toolchain/bin/../lib/gcc/arm-none-eabi/4.7.4\libgcc.a(_arm_addsubsf3.o)
                0x20000f44                __aeabi_frsub
                0x20000f4c                __subsf3
                0x20000f4c                __aeabi_fsub
                0x20000f50                __aeabi_fadd
                0x20000f50                __addsf3
                0x2000110c                __aeabi_ui2f
                0x2000110c                __floatunsisf
                0x20001114                __aeabi_i2f
                0x20001114                __floatsisf
                0x20001134                __aeabi_ul2f
                0x20001134                __floatundisf
                0x20001144                __aeabi_l2f
                0x20001144                __floatdisf
 .text          0x200011f0      0x2f8 c:/isis/application/toolchain/bin/../lib/gcc/arm-none-eabi/4.7.4\libgcc.a(_arm_muldivsf3.o)
                0x200011f0                __mulsf3
                0x200011f0                __aeabi_fmul
                0x20001388                __aeabi_fdiv
                0x20001388                __divsf3
 .text          0x200014e8       0x5c c:/isis/application/toolchain/bin/../lib/gcc/arm-none-eabi/4.7.4\libgcc.a(_arm_fixsfsi.o)
                0x200014e8                __aeabi_f2iz
                0x200014e8                __fixsfsi
 .text          0x20001544       0x54 c:/isis/application/toolchain/bin/../lib/gcc/arm-none-eabi/4.7.4\libgcc.a(_arm_fixunssfsi.o)
                0x20001544                __fixunssfsi
                0x20001544                __aeabi_f2uiz
 *(.text*)
 .text.__cvt    0x20001598      0x138 c:/isis/application/toolchain/bin/../lib/gcc/arm-none-eabi/4.7.4/../../../../arm-none-eabi/lib\libc_s.a(lib_a-vfprintf_float.o)
                0x20001598                __cvt
 .text.__exponent
                0x200016d0       0xa8 c:/isis/application/toolchain/bin/../lib/gcc/arm-none-eabi/4.7.4/../../../../arm-none-eabi/lib\libc_s.a(lib_a-vfprintf_float.o)
                0x200016d0                __exponent
 .text._printf_float
                0x20001778      0x7dc c:/isis/application/toolchain/bin/../lib/gcc/arm-none-eabi/4.7.4/../../../../arm-none-eabi/lib\libc_s.a(lib_a-vfprintf_float.o)
                0x20001778                _printf_float
 .text._printf_common
                0x20001f54      0x174 c:/isis/application/toolchain/bin/../lib/gcc/arm-none-eabi/4.7.4/../../../../arm-none-eabi/lib\libc_s.a(lib_a-vfprintf_i.o)
                0x20001f54                _printf_common
 .text._printf_i
                0x200020c8      0x3c4 c:/isis/application/toolchain/bin/../lib/gcc/arm-none-eabi/4.7.4/../../../../arm-none-eabi/lib\libc_s.a(lib_a-vfprintf_i.o)
                0x200020c8                _printf_i
 .text._scanf_float
                0x2000248c      0x5f4 c:/isis/application/toolchain/bin/../lib/gcc/arm-none-eabi/4.7.4/../../../../arm-none-eabi/lib\libc_s.a(lib_a-vfscanf_float.o)
                0x2000248c                _scanf_float
 .text.quorem   0x20002a80      0x1ac c:/isis/application/toolchain/bin/../lib/gcc/arm-none-eabi/4.7.4/../../../../arm-none-eabi/lib\libc_s.a(lib_a-dtoa.o)
 .text._dtoa_r  0x20002c2c     0x1268 c:/isis/application/toolchain/bin/../lib/gcc/arm-none-eabi/4.7.4/../../../../arm-none-eabi/lib\libc_s.a(lib_a-dtoa.o)
                0x20002c2c                _dtoa_r
 .text._localeconv_r
                0x20003e94        0xc c:/isis/application/toolchain/bin/../lib/gcc/arm-none-eabi/4.7.4/../../../../arm-none-eabi/lib\libc_s.a(lib_a-locale.o)
                0x20003e94                _localeconv_r
 .text.malloc   0x20003ea0       0x20 c:/isis/application/toolchain/bin/../lib/gcc/arm-none-eabi/4.7.4/../../../../arm-none-eabi/lib\libc_s.a(lib_a-malloc.o)
                0x20003ea0                malloc
 .text.free     0x20003ec0       0x20 c:/isis/application/toolchain/bin/../lib/gcc/arm-none-eabi/4.7.4/../../../../arm-none-eabi/lib\libc_s.a(lib_a-malloc.o)
                0x20003ec0                free
 .text._malloc_r
                0x20003ee0       0xfc c:/isis/application/toolchain/bin/../lib/gcc/arm-none-eabi/4.7.4/../../../../arm-none-eabi/lib\libc_s.a(lib_a-mallocr.o)
                0x20003ee0                _malloc_r
 .text.memcpy   0x20003fdc       0x20 c:/isis/application/toolchain/bin/../lib/gcc/arm-none-eabi/4.7.4/../../../../arm-none-eabi/lib\libc_s.a(lib_a-memcpy.o)
                0x20003fdc                memcpy
 .text._Balloc  0x20003ffc       0xcc c:/isis/application/toolchain/bin/../lib/gcc/arm-none-eabi/4.7.4/../../../../arm-none-eabi/lib\libc_s.a(lib_a-mprec.o)
                0x20003ffc                _Balloc
 .text._Bfree   0x200040c8       0x5c c:/isis/application/toolchain/bin/../lib/gcc/arm-none-eabi/4.7.4/../../../../arm-none-eabi/lib\libc_s.a(lib_a-mprec.o)
                0x200040c8                _Bfree
 .text.__multadd
                0x20004124       0xbc c:/isis/application/toolchain/bin/../lib/gcc/arm-none-eabi/4.7.4/../../../../arm-none-eabi/lib\libc_s.a(lib_a-mprec.o)
                0x20004124                __multadd
 .text.__s2b    0x200041e0       0xd8 c:/isis/application/toolchain/bin/../lib/gcc/arm-none-eabi/4.7.4/../../../../arm-none-eabi/lib\libc_s.a(lib_a-mprec.o)
                0x200041e0                __s2b
 .text.__hi0bits
                0x200042b8       0x58 c:/isis/application/toolchain/bin/../lib/gcc/arm-none-eabi/4.7.4/../../../../arm-none-eabi/lib\libc_s.a(lib_a-mprec.o)
                0x200042b8                __hi0bits
 .text.__lo0bits
                0x20004310       0x94 c:/isis/application/toolchain/bin/../lib/gcc/arm-none-eabi/4.7.4/../../../../arm-none-eabi/lib\libc_s.a(lib_a-mprec.o)
                0x20004310                __lo0bits
 .text.__i2b    0x200043a4       0x24 c:/isis/application/toolchain/bin/../lib/gcc/arm-none-eabi/4.7.4/../../../../arm-none-eabi/lib\libc_s.a(lib_a-mprec.o)
                0x200043a4                __i2b
 .text.__multiply
                0x200043c8      0x1ac c:/isis/application/toolchain/bin/../lib/gcc/arm-none-eabi/4.7.4/../../../../arm-none-eabi/lib\libc_s.a(lib_a-mprec.o)
                0x200043c8                __multiply
 .text.__pow5mult
                0x20004574      0x10c c:/isis/application/toolchain/bin/../lib/gcc/arm-none-eabi/4.7.4/../../../../arm-none-eabi/lib\libc_s.a(lib_a-mprec.o)
                0x20004574                __pow5mult
 .text.__lshift
                0x20004680       0xf0 c:/isis/application/toolchain/bin/../lib/gcc/arm-none-eabi/4.7.4/../../../../arm-none-eabi/lib\libc_s.a(lib_a-mprec.o)
                0x20004680                __lshift
 .text.__mcmp   0x20004770       0x60 c:/isis/application/toolchain/bin/../lib/gcc/arm-none-eabi/4.7.4/../../../../arm-none-eabi/lib\libc_s.a(lib_a-mprec.o)
                0x20004770                __mcmp
 .text.__mdiff  0x200047d0      0x128 c:/isis/application/toolchain/bin/../lib/gcc/arm-none-eabi/4.7.4/../../../../arm-none-eabi/lib\libc_s.a(lib_a-mprec.o)
                0x200047d0                __mdiff
 .text.__ulp    0x200048f8       0x5c c:/isis/application/toolchain/bin/../lib/gcc/arm-none-eabi/4.7.4/../../../../arm-none-eabi/lib\libc_s.a(lib_a-mprec.o)
                0x200048f8                __ulp
 .text.__b2d    0x20004954       0xc8 c:/isis/application/toolchain/bin/../lib/gcc/arm-none-eabi/4.7.4/../../../../arm-none-eabi/lib\libc_s.a(lib_a-mprec.o)
                0x20004954                __b2d
 .text.__d2b    0x20004a1c       0xfc c:/isis/application/toolchain/bin/../lib/gcc/arm-none-eabi/4.7.4/../../../../arm-none-eabi/lib\libc_s.a(lib_a-mprec.o)
                0x20004a1c                __d2b
 .text.__ratio  0x20004b18       0x70 c:/isis/application/toolchain/bin/../lib/gcc/arm-none-eabi/4.7.4/../../../../arm-none-eabi/lib\libc_s.a(lib_a-mprec.o)
                0x20004b18                __ratio
 .text.__copybits
                0x20004b88       0x4c c:/isis/application/toolchain/bin/../lib/gcc/arm-none-eabi/4.7.4/../../../../arm-none-eabi/lib\libc_s.a(lib_a-mprec.o)
                0x20004b88                __copybits
 .text.__any_on
                0x20004bd4       0x7c c:/isis/application/toolchain/bin/../lib/gcc/arm-none-eabi/4.7.4/../../../../arm-none-eabi/lib\libc_s.a(lib_a-mprec.o)
                0x20004bd4                __any_on
 .text.__fpclassifyd
                0x20004c50       0x6c c:/isis/application/toolchain/bin/../lib/gcc/arm-none-eabi/4.7.4/../../../../arm-none-eabi/lib\libc_s.a(lib_a-s_fpclassify.o)
                0x20004c50                __fpclassifyd
 .text._sbrk_r  0x20004cbc       0x3c c:/isis/application/toolchain/bin/../lib/gcc/arm-none-eabi/4.7.4/../../../../arm-none-eabi/lib\libc_s.a(lib_a-sbrkr.o)
                0x20004cbc                _sbrk_r
 .text.nanf     0x20004cf8        0xc c:/isis/application/toolchain/bin/../lib/gcc/arm-none-eabi/4.7.4/../../../../arm-none-eabi/lib\libc_s.a(lib_a-sf_nan.o)
                0x20004cf8                nanf
 .text.sprintf  0x20004d04       0x6c c:/isis/application/toolchain/bin/../lib/gcc/arm-none-eabi/4.7.4/../../../../arm-none-eabi/lib\libc_s.a(lib_a-sprintf.o)
                0x20004d04                siprintf
                0x20004d04                sprintf
 .text.strcmp   0x20004d70       0x1c c:/isis/application/toolchain/bin/../lib/gcc/arm-none-eabi/4.7.4/../../../../arm-none-eabi/lib\libc_s.a(lib_a-strcmp.o)
                0x20004d70                strcmp
 .text.strlen   0x20004d8c       0x1c c:/isis/application/toolchain/bin/../lib/gcc/arm-none-eabi/4.7.4/../../../../arm-none-eabi/lib\libc_s.a(lib_a-strlen.o)
                0x20004d8c                strlen
 .text.match    0x20004da8       0x54 c:/isis/application/toolchain/bin/../lib/gcc/arm-none-eabi/4.7.4/../../../../arm-none-eabi/lib\libc_s.a(lib_a-strtod.o)
 .text._strtod_r
                0x20004dfc     0x1168 c:/isis/application/toolchain/bin/../lib/gcc/arm-none-eabi/4.7.4/../../../../arm-none-eabi/lib\libc_s.a(lib_a-strtod.o)
                0x20004dfc                _strtod_r
 .text._strtol_r
                0x20005f64      0x1b8 c:/isis/application/toolchain/bin/../lib/gcc/arm-none-eabi/4.7.4/../../../../arm-none-eabi/lib\libc_s.a(lib_a-strtol.o)
                0x20005f64                _strtol_r
 .text.__ssputc_r
                0x2000611c      0x10c c:/isis/application/toolchain/bin/../lib/gcc/arm-none-eabi/4.7.4/../../../../arm-none-eabi/lib\libc_s.a(lib_a-svfprintf.o)
                0x2000611c                __ssputc_r
 .text._svfprintf_r
                0x20006228      0x328 c:/isis/application/toolchain/bin/../lib/gcc/arm-none-eabi/4.7.4/../../../../arm-none-eabi/lib\libc_s.a(lib_a-svfprintf.o)
                0x20006228                _svfiprintf_r
                0x20006228                _svfprintf_r
 .text._calloc_r
                0x20006550       0x2c c:/isis/application/toolchain/bin/../lib/gcc/arm-none-eabi/4.7.4/../../../../arm-none-eabi/lib\libc_s.a(lib_a-callocr.o)
                0x20006550                _calloc_r
 .text._free_r  0x2000657c      0x108 c:/isis/application/toolchain/bin/../lib/gcc/arm-none-eabi/4.7.4/../../../../arm-none-eabi/lib\libc_s.a(lib_a-freer.o)
                0x2000657c                _free_r
 .text.rshift   0x20006684       0xb0 c:/isis/application/toolchain/bin/../lib/gcc/arm-none-eabi/4.7.4/../../../../arm-none-eabi/lib\libc_s.a(lib_a-gdtoa-gethex.o)
 .text.htinit.constprop.0
                0x20006734       0x34 c:/isis/application/toolchain/bin/../lib/gcc/arm-none-eabi/4.7.4/../../../../arm-none-eabi/lib\libc_s.a(lib_a-gdtoa-gethex.o)
 .text.__hexdig_init
                0x20006768       0x38 c:/isis/application/toolchain/bin/../lib/gcc/arm-none-eabi/4.7.4/../../../../arm-none-eabi/lib\libc_s.a(lib_a-gdtoa-gethex.o)
                0x20006768                __hexdig_init
 .text.__gethex
                0x200067a0      0x6cc c:/isis/application/toolchain/bin/../lib/gcc/arm-none-eabi/4.7.4/../../../../arm-none-eabi/lib\libc_s.a(lib_a-gdtoa-gethex.o)
                0x200067a0                __gethex
 .text.L_shift  0x20006e6c       0x38 c:/isis/application/toolchain/bin/../lib/gcc/arm-none-eabi/4.7.4/../../../../arm-none-eabi/lib\libc_s.a(lib_a-gdtoa-hexnan.o)
 .text.__hexnan
                0x20006ea4      0x1d8 c:/isis/application/toolchain/bin/../lib/gcc/arm-none-eabi/4.7.4/../../../../arm-none-eabi/lib\libc_s.a(lib_a-gdtoa-hexnan.o)
                0x20006ea4                __hexnan
 .text.memchr   0x2000707c       0x34 c:/isis/application/toolchain/bin/../lib/gcc/arm-none-eabi/4.7.4/../../../../arm-none-eabi/lib\libc_s.a(lib_a-memchr.o)
                0x2000707c                memchr
 .text.memset   0x200070b0       0x1c c:/isis/application/toolchain/bin/../lib/gcc/arm-none-eabi/4.7.4/../../../../arm-none-eabi/lib\libc_s.a(lib_a-memset.o)
                0x200070b0                memset
 .text._realloc_r
                0x200070cc       0x80 c:/isis/application/toolchain/bin/../lib/gcc/arm-none-eabi/4.7.4/../../../../arm-none-eabi/lib\libc_s.a(lib_a-reallocr.o)
                0x200070cc                _realloc_r
 .text.strncmp  0x2000714c       0x64 c:/isis/application/toolchain/bin/../lib/gcc/arm-none-eabi/4.7.4/../../../../arm-none-eabi/lib\libc_s.a(lib_a-strncmp.o)
                0x2000714c                strncmp
 .text._malloc_usable_size_r
                0x200071b0       0x1c c:/isis/application/toolchain/bin/../lib/gcc/arm-none-eabi/4.7.4/../../../../arm-none-eabi/lib\libc_s.a(lib_a-msizer.o)
                0x200071b0                _malloc_usable_size_r
 .text.GetChunkFromImage
                0x200071cc      0x2e0 ./src/sub-systemCode/payload/Request Management/Dump/Butchering.o
                0x200071cc                GetChunkFromImage
 .text.SimpleButcher
                0x200074ac       0xf4 ./src/sub-systemCode/payload/Request Management/Dump/Butchering.o
                0x200074ac                SimpleButcher
 .text.setChunkDimensions_inFRAM
                0x200075a0       0xac ./src/sub-systemCode/payload/Request Management/Dump/imageDump.o
                0x200075a0                setChunkDimensions_inFRAM
 .text.readChunkDimentionsFromFRAM
                0x2000764c       0x80 ./src/sub-systemCode/payload/Request Management/Dump/imageDump.o
                0x2000764c                readChunkDimentionsFromFRAM
 .text.find_subType_ofImage
                0x200076cc       0xe0 ./src/sub-systemCode/payload/Request Management/Dump/imageDump.o
                0x200076cc                find_subType_ofImage
 .text.buildAndSend_chunck
                0x200077ac      0x314 ./src/sub-systemCode/payload/Request Management/Dump/imageDump.o
                0x200077ac                buildAndSend_chunck
 .text.bitField_imageDump
                0x20007ac0      0x28c ./src/sub-systemCode/payload/Request Management/Dump/imageDump.o
                0x20007ac0                bitField_imageDump
 .text.thumbnail_Dump
                0x20007d4c      0x358 ./src/sub-systemCode/payload/Request Management/Dump/imageDump.o
                0x20007d4c                thumbnail_Dump
 .text.imageDataBase_Dump
                0x200080a4      0x130 ./src/sub-systemCode/payload/Request Management/Dump/imageDump.o
                0x200080a4                imageDataBase_Dump
 .text.chunkField_imageDump
                0x200081d4      0x27c ./src/sub-systemCode/payload/Request Management/Dump/imageDump.o
                0x200081d4                chunkField_imageDump
 .text.imageDump_task
                0x20008450      0x3f8 ./src/sub-systemCode/payload/Request Management/Dump/imageDump.o
                0x20008450                imageDump_task
 .text.CameraManagerTaskMain
                0x20008848       0xbc ./src/sub-systemCode/payload/Request Management/CameraManeger.o
                0x20008848                CameraManagerTaskMain
 .text.initCamera
                0x20008904       0x98 ./src/sub-systemCode/payload/Request Management/CameraManeger.o
                0x20008904                initCamera
 .text.KickStartCamera
                0x2000899c       0xb4 ./src/sub-systemCode/payload/Request Management/CameraManeger.o
                0x2000899c                KickStartCamera
 .text.addRequestToQueue
                0x20008a50       0xa8 ./src/sub-systemCode/payload/Request Management/CameraManeger.o
                0x20008a50                addRequestToQueue
 .text.removeRequestFromQueue
                0x20008af8       0x7c ./src/sub-systemCode/payload/Request Management/CameraManeger.o
                0x20008af8                removeRequestFromQueue
 .text.Take_pictures_with_time_in_between
                0x20008b74       0xa4 ./src/sub-systemCode/payload/Request Management/CameraManeger.o
                0x20008b74                Take_pictures_with_time_in_between
 .text.Gecko_TroubleShooter
                0x20008c18       0xdc ./src/sub-systemCode/payload/Request Management/CameraManeger.o
                0x20008c18                Gecko_TroubleShooter
 .text.startDumpTask
                0x20008cf4       0x70 ./src/sub-systemCode/payload/Request Management/CameraManeger.o
                0x20008cf4                startDumpTask
 .text.act_upon_request
                0x20008d64      0x318 ./src/sub-systemCode/payload/Request Management/CameraManeger.o
                0x20008d64                act_upon_request
 .text.TakePicture
                0x2000907c       0x4c ./src/sub-systemCode/payload/Request Management/DB_RequestHandling.o
                0x2000907c                TakePicture
 .text.TakeSpecialPicture
                0x200090c8      0x10c ./src/sub-systemCode/payload/Request Management/DB_RequestHandling.o
                0x200090c8                TakeSpecialPicture
 .text.DeletePictureFile
                0x200091d4       0x88 ./src/sub-systemCode/payload/Request Management/DB_RequestHandling.o
                0x200091d4                DeletePictureFile
 .text.DeletePicture
                0x2000925c       0x68 ./src/sub-systemCode/payload/Request Management/DB_RequestHandling.o
                0x2000925c                DeletePicture
 .text.TransferPicture
                0x200092c4       0x54 ./src/sub-systemCode/payload/Request Management/DB_RequestHandling.o
                0x200092c4                TransferPicture
 .text.CreateThumbnail
                0x20009318       0x90 ./src/sub-systemCode/payload/Request Management/DB_RequestHandling.o
                0x20009318                CreateThumbnail
 .text.CreateJPG
                0x200093a8       0x7c ./src/sub-systemCode/payload/Request Management/DB_RequestHandling.o
                0x200093a8                CreateJPG
 .text.UpdatePhotographyValues
                0x20009424       0xb4 ./src/sub-systemCode/payload/Request Management/DB_RequestHandling.o
                0x20009424                UpdatePhotographyValues
 .text.setChunkDimensions
                0x200094d8       0x64 ./src/sub-systemCode/payload/Request Management/DB_RequestHandling.o
                0x200094d8                setChunkDimensions
 .text.convert2char
                0x2000953c      0x14c ./src/sub-systemCode/payload/Misc/Boolean_bit.o
                0x2000953c                convert2char
 .text.convert2byte
                0x20009688      0x1c8 ./src/sub-systemCode/payload/Misc/Boolean_bit.o
                0x20009688                convert2byte
 .text.bits2byte
                0x20009850      0x17c ./src/sub-systemCode/payload/Misc/Boolean_bit.o
                0x20009850                bits2byte
 .text.byte2bits
                0x200099cc      0x17c ./src/sub-systemCode/payload/Misc/Boolean_bit.o
                0x200099cc                byte2bits
 .text.char2bits
                0x20009b48       0x44 ./src/sub-systemCode/payload/Misc/Boolean_bit.o
                0x20009b48                char2bits
 .text.bits2char
                0x20009b8c       0x3c ./src/sub-systemCode/payload/Misc/Boolean_bit.o
                0x20009b8c                bits2char
 .text.keepTryingTo_enterFS
                0x20009bc8       0x24 ./src/sub-systemCode/payload/Misc/FileSystem.o
                0x20009bc8                keepTryingTo_enterFS
 .text.releaseFS
                0x20009bec       0x18 ./src/sub-systemCode/payload/Misc/FileSystem.o
                0x20009bec                releaseFS
 .text.OpenFile
                0x20009c04       0x64 ./src/sub-systemCode/payload/Misc/FileSystem.o
                0x20009c04                OpenFile
 .text.CloseFile
                0x20009c68       0x4c ./src/sub-systemCode/payload/Misc/FileSystem.o
                0x20009c68                CloseFile
 .text.DeleteFile
                0x20009cb4       0x60 ./src/sub-systemCode/payload/Misc/FileSystem.o
                0x20009cb4                DeleteFile
 .text.ReadFromFile
                0x20009d14       0x7c ./src/sub-systemCode/payload/Misc/FileSystem.o
                0x20009d14                ReadFromFile
 .text.WriteToFile
                0x20009d90       0xb4 ./src/sub-systemCode/payload/Misc/FileSystem.o
                0x20009d90                WriteToFile
 .text.Initialized_GPIO
                0x20009e44       0x14 ./src/sub-systemCode/payload/Drivers/GeckoCameraDriver.o
                0x20009e44                Initialized_GPIO
 .text.TurnOnGecko
                0x20009e58       0x1c ./src/sub-systemCode/payload/Drivers/GeckoCameraDriver.o
                0x20009e58                TurnOnGecko
 .text.TurnOffGecko
                0x20009e74       0x1c ./src/sub-systemCode/payload/Drivers/GeckoCameraDriver.o
                0x20009e74                TurnOffGecko
 .text.initGecko
                0x20009e90       0x18 ./src/sub-systemCode/payload/Drivers/GeckoCameraDriver.o
                0x20009e90                initGecko
 .text.GECKO_TakeImage
                0x20009ea8       0x38 ./src/sub-systemCode/payload/Drivers/GeckoCameraDriver.o
                0x20009ea8                GECKO_TakeImage
 .text.GECKO_ReadImage
                0x20009ee0       0xd8 ./src/sub-systemCode/payload/Drivers/GeckoCameraDriver.o
                0x20009ee0                GECKO_ReadImage
 .text.GECKO_EraseBlock
                0x20009fb8       0x24 ./src/sub-systemCode/payload/Drivers/GeckoCameraDriver.o
                0x20009fb8                GECKO_EraseBlock
 .text.getFileName
                0x20009fdc      0x1a0 ./src/sub-systemCode/payload/DataBase/DataBase.o
 .text.zeroImageDataBase
                0x2000a17c       0x84 ./src/sub-systemCode/payload/DataBase/DataBase.o
                0x2000a17c                zeroImageDataBase
 .text.updateGeneralDataBaseParameters
                0x2000a200       0x5c ./src/sub-systemCode/payload/DataBase/DataBase.o
                0x2000a200                updateGeneralDataBaseParameters
 .text.SearchDataBase_byID
                0x2000a25c      0x220 ./src/sub-systemCode/payload/DataBase/DataBase.o
                0x2000a25c                SearchDataBase_byID
 .text.checkForFileType
                0x2000a47c       0x68 ./src/sub-systemCode/payload/DataBase/DataBase.o
                0x2000a47c                checkForFileType
 .text.updateFileTypes
                0x2000a4e4       0xbc ./src/sub-systemCode/payload/DataBase/DataBase.o
                0x2000a4e4                updateFileTypes
 .text.GetImageFactor
                0x2000a5a0       0x58 ./src/sub-systemCode/payload/DataBase/DataBase.o
                0x2000a5a0                GetImageFactor
 .text.readImageFromBuffer
                0x2000a5f8      0x12c ./src/sub-systemCode/payload/DataBase/DataBase.o
                0x2000a5f8                readImageFromBuffer
 .text.saveImageToBuffer
                0x2000a724      0x12c ./src/sub-systemCode/payload/DataBase/DataBase.o
                0x2000a724                saveImageToBuffer
 .text.getDataBaseStart
                0x2000a850       0x20 ./src/sub-systemCode/payload/DataBase/DataBase.o
                0x2000a850                getDataBaseStart
 .text.setDataBaseValues
                0x2000a870      0x1d8 ./src/sub-systemCode/payload/DataBase/DataBase.o
                0x2000a870                setDataBaseValues
 .text.initImageDataBase
                0x2000aa48      0x1b0 ./src/sub-systemCode/payload/DataBase/DataBase.o
                0x2000aa48                initImageDataBase
 .text.resetImageDataBase
                0x2000abf8       0x98 ./src/sub-systemCode/payload/DataBase/DataBase.o
                0x2000abf8                resetImageDataBase
 .text.setCameraPhotographyValues
                0x2000ac90      0x10c ./src/sub-systemCode/payload/DataBase/DataBase.o
                0x2000ac90                setCameraPhotographyValues
 .text.transferImageToSD_withoutSearch
                0x2000ad9c      0x14c ./src/sub-systemCode/payload/DataBase/DataBase.o
                0x2000ad9c                transferImageToSD_withoutSearch
 .text.transferImageToSD
                0x2000aee8       0xb4 ./src/sub-systemCode/payload/DataBase/DataBase.o
                0x2000aee8                transferImageToSD
 .text.DeleteImageFromOBC_withoutSearch
                0x2000af9c       0xe0 ./src/sub-systemCode/payload/DataBase/DataBase.o
                0x2000af9c                DeleteImageFromOBC_withoutSearch
 .text.DeleteImageFromOBC
                0x2000b07c       0xb4 ./src/sub-systemCode/payload/DataBase/DataBase.o
                0x2000b07c                DeleteImageFromOBC
 .text.DeleteImageFromPayload
                0x2000b130      0x24c ./src/sub-systemCode/payload/DataBase/DataBase.o
                0x2000b130                DeleteImageFromPayload
 .text.clearImageDataBase
                0x2000b37c      0x114 ./src/sub-systemCode/payload/DataBase/DataBase.o
                0x2000b37c                clearImageDataBase
 .text.writeNewImageMetaDataToFRAM
                0x2000b490      0x234 ./src/sub-systemCode/payload/DataBase/DataBase.o
                0x2000b490                writeNewImageMetaDataToFRAM
 .text.takePicture
                0x2000b6c4      0x31c ./src/sub-systemCode/payload/DataBase/DataBase.o
                0x2000b6c4                takePicture
 .text.takePicture_withSpecialParameters
                0x2000b9e0       0xbc ./src/sub-systemCode/payload/DataBase/DataBase.o
                0x2000b9e0                takePicture_withSpecialParameters
 .text.GetImageFileName
                0x2000ba9c       0xc0 ./src/sub-systemCode/payload/DataBase/DataBase.o
                0x2000ba9c                GetImageFileName
 .text.getImageDataBaseBuffer
                0x2000bb5c      0x3fc ./src/sub-systemCode/payload/DataBase/DataBase.o
                0x2000bb5c                getImageDataBaseBuffer
 .text.get_ID_list_withDefaltThumbnail
                0x2000bf58      0x180 ./src/sub-systemCode/payload/DataBase/DataBase.o
                0x2000bf58                get_ID_list_withDefaltThumbnail
 .text.TransformRawToBMP
                0x2000c0d8      0x1a8 ./src/sub-systemCode/payload/Compression/jpeg/bmp/rawToBMP.o
                0x2000c0d8                TransformRawToBMP
 .text.interpolate
                0x2000c280      0x8d0 ./src/sub-systemCode/payload/Compression/jpeg/bmp/rawToBMP.o
                0x2000c280                interpolate
 .text.getInputAt
                0x2000cb50      0x308 ./src/sub-systemCode/payload/Compression/jpeg/bmp/rawToBMP.o
                0x2000cb50                getInputAt
 .text.f_writeF_FILEHeader
                0x2000ce58      0x2f0 ./src/sub-systemCode/payload/Compression/jpeg/bmp/rawToBMP.o
                0x2000ce58                f_writeF_FILEHeader
 .text.f_writeOutputRow
                0x2000d148       0xbc ./src/sub-systemCode/payload/Compression/jpeg/bmp/rawToBMP.o
                0x2000d148                f_writeOutputRow
 .text.dct      0x2000d204      0x9c4 ./src/sub-systemCode/payload/Compression/jpeg/DCT.o
                0x2000d204                dct
 .text.JPEG_compressor
                0x2000dbc8      0x108 ./src/sub-systemCode/payload/Compression/jpeg/ImgCompressor.o
                0x2000dbc8                JPEG_compressor
 .text.Create_BMP_File
                0x2000dcd0       0xfc ./src/sub-systemCode/payload/Compression/jpeg/ImgCompressor.o
                0x2000dcd0                Create_BMP_File
 .text.CompressImage
                0x2000ddcc      0x1b4 ./src/sub-systemCode/payload/Compression/jpeg/ImgCompressor.o
                0x2000ddcc                CompressImage
 .text.clamp    0x2000df80       0x60 ./src/sub-systemCode/payload/Compression/jpeg/color_conv.o
                0x2000df80                clamp
 .text.RGB_to_YCC
                0x2000dfe0      0x1a8 ./src/sub-systemCode/payload/Compression/jpeg/color_conv.o
                0x2000dfe0                RGB_to_YCC
 .text.RGB_to_Y
                0x2000e188       0xc4 ./src/sub-systemCode/payload/Compression/jpeg/color_conv.o
                0x2000e188                RGB_to_Y
 .text.Y_to_YCC
                0x2000e24c       0x88 ./src/sub-systemCode/payload/Compression/jpeg/color_conv.o
                0x2000e24c                Y_to_YCC
 .text.compress_image_to_jpeg_file
                0x2000e2d4      0x18c ./src/sub-systemCode/payload/Compression/jpeg/jpeg.o
                0x2000e2d4                compress_image_to_jpeg_file
 .text.emit_marker
                0x2000e460       0xc8 ./src/sub-systemCode/payload/Compression/jpeg/jpeg_encoder.o
                0x2000e460                emit_marker
 .text.emit_byte
                0x2000e528       0x6c ./src/sub-systemCode/payload/Compression/jpeg/jpeg_encoder.o
                0x2000e528                emit_byte
 .text.emit_word
                0x2000e594       0xd0 ./src/sub-systemCode/payload/Compression/jpeg/jpeg_encoder.o
                0x2000e594                emit_word
 .text.emit_jfif_app0
                0x2000e664       0xc0 ./src/sub-systemCode/payload/Compression/jpeg/jpeg_encoder.o
                0x2000e664                emit_jfif_app0
 .text.emit_dqt
                0x2000e724       0xd8 ./src/sub-systemCode/payload/Compression/jpeg/jpeg_encoder.o
                0x2000e724                emit_dqt
 .text.emit_sof
                0x2000e7fc      0x14c ./src/sub-systemCode/payload/Compression/jpeg/jpeg_encoder.o
                0x2000e7fc                emit_sof
 .text.emit_dht
                0x2000e948      0x138 ./src/sub-systemCode/payload/Compression/jpeg/jpeg_encoder.o
                0x2000e948                emit_dht
 .text.emit_dhts
                0x2000ea80       0xd8 ./src/sub-systemCode/payload/Compression/jpeg/jpeg_encoder.o
                0x2000ea80                emit_dhts
 .text.emit_sos
                0x2000eb58       0xec ./src/sub-systemCode/payload/Compression/jpeg/jpeg_encoder.o
                0x2000eb58                emit_sos
 .text.emit_markers
                0x2000ec44       0x4c ./src/sub-systemCode/payload/Compression/jpeg/jpeg_encoder.o
                0x2000ec44                emit_markers
 .text.compute_huffman_table
                0x2000ec90      0x334 ./src/sub-systemCode/payload/Compression/jpeg/jpeg_encoder.o
                0x2000ec90                compute_huffman_table
 .text.compute_quant_table
                0x2000efc4      0x11c ./src/sub-systemCode/payload/Compression/jpeg/jpeg_encoder.o
                0x2000efc4                compute_quant_table
 .text.first_pass_init
                0x2000f0e0       0x54 ./src/sub-systemCode/payload/Compression/jpeg/jpeg_encoder.o
                0x2000f0e0                first_pass_init
 .text.second_pass_init
                0x2000f134      0x110 ./src/sub-systemCode/payload/Compression/jpeg/jpeg_encoder.o
                0x2000f134                second_pass_init
 .text.jpg_open
                0x2000f244      0x7b4 ./src/sub-systemCode/payload/Compression/jpeg/jpeg_encoder.o
                0x2000f244                jpg_open
 .text.load_block_8_8_grey
                0x2000f9f8      0x164 ./src/sub-systemCode/payload/Compression/jpeg/jpeg_encoder.o
                0x2000f9f8                load_block_8_8_grey
 .text.load_block_8_8
                0x2000fb5c      0x198 ./src/sub-systemCode/payload/Compression/jpeg/jpeg_encoder.o
                0x2000fb5c                load_block_8_8
 .text.load_block_16_8
                0x2000fcf4      0x3cc ./src/sub-systemCode/payload/Compression/jpeg/jpeg_encoder.o
                0x2000fcf4                load_block_16_8
 .text.load_block_16_8_8
                0x200100c0      0x2a8 ./src/sub-systemCode/payload/Compression/jpeg/jpeg_encoder.o
                0x200100c0                load_block_16_8_8
 .text.load_coefficients
                0x20010368      0x1c8 ./src/sub-systemCode/payload/Compression/jpeg/jpeg_encoder.o
                0x20010368                load_coefficients
 .text.flush_output_buffer
                0x20010530       0xa0 ./src/sub-systemCode/payload/Compression/jpeg/jpeg_encoder.o
                0x20010530                flush_output_buffer
 .text.put_bits
                0x200105d0      0x170 ./src/sub-systemCode/payload/Compression/jpeg/jpeg_encoder.o
                0x200105d0                put_bits
 .text.code_coefficients_pass_two
                0x20010740      0x338 ./src/sub-systemCode/payload/Compression/jpeg/jpeg_encoder.o
                0x20010740                code_coefficients_pass_two
 .text.code_block
                0x20010a78       0x44 ./src/sub-systemCode/payload/Compression/jpeg/jpeg_encoder.o
                0x20010a78                code_block
 .text.process_mcu_row
                0x20010abc      0x328 ./src/sub-systemCode/payload/Compression/jpeg/jpeg_encoder.o
                0x20010abc                process_mcu_row
 .text.terminate_pass_two
                0x20010de4       0x44 ./src/sub-systemCode/payload/Compression/jpeg/jpeg_encoder.o
                0x20010de4                terminate_pass_two
 .text.process_end_of_image
                0x20010e28       0xc0 ./src/sub-systemCode/payload/Compression/jpeg/jpeg_encoder.o
                0x20010e28                process_end_of_image
 .text.load_mcu
                0x20010ee8      0x29c ./src/sub-systemCode/payload/Compression/jpeg/jpeg_encoder.o
                0x20010ee8                load_mcu
 .text.clear    0x20011184      0x1e0 ./src/sub-systemCode/payload/Compression/jpeg/jpeg_encoder.o
                0x20011184                clear
 .text.init     0x20011364       0xe4 ./src/sub-systemCode/payload/Compression/jpeg/jpeg_encoder.o
                0x20011364                init
 .text.deinit   0x20011448      0x160 ./src/sub-systemCode/payload/Compression/jpeg/jpeg_encoder.o
                0x20011448                deinit
 .text.process_scanline
                0x200115a8       0x6c ./src/sub-systemCode/payload/Compression/jpeg/jpeg_encoder.o
                0x200115a8                process_scanline
 .text.jpge_malloc
                0x20011614       0x28 ./src/sub-systemCode/payload/Compression/jpeg/jpeg_memory_alloc.o
                0x20011614                jpge_malloc
 .text.jpge_cmalloc
                0x2001163c       0x48 ./src/sub-systemCode/payload/Compression/jpeg/jpeg_memory_alloc.o
                0x2001163c                jpge_cmalloc
 .text.jpge_free
                0x20011684       0x24 ./src/sub-systemCode/payload/Compression/jpeg/jpeg_memory_alloc.o
                0x20011684                jpge_free
 .text.check    0x200116a8       0x78 ./src/sub-systemCode/payload/Compression/jpeg/jpeg_params.o
                0x200116a8                check
 .text.open_jpeg_file
                0x20011720       0xfc ./src/sub-systemCode/payload/Compression/jpeg/output_stream.o
                0x20011720                open_jpeg_file
 .text.close_jpeg_file
                0x2001181c      0x118 ./src/sub-systemCode/payload/Compression/jpeg/output_stream.o
                0x2001181c                close_jpeg_file
 .text.put_buf  0x20011934      0x258 ./src/sub-systemCode/payload/Compression/jpeg/output_stream.o
                0x20011934                put_buf
 .text.GetBinnedPixel
                0x20011b8c       0xe8 ./src/sub-systemCode/payload/Compression/ImageConversion.o
 .text.BinImage
                0x20011c74      0x2c8 ./src/sub-systemCode/payload/Compression/ImageConversion.o
                0x20011c74                BinImage
 .text.ImageSkipping
                0x20011f3c      0x2ac ./src/sub-systemCode/payload/Compression/ImageConversion.o
                0x20011f3c                ImageSkipping
 .text.CreateImageThumbnail_withoutSearch
                0x200121e8      0x14c ./src/sub-systemCode/payload/Compression/ImageConversion.o
                0x200121e8                CreateImageThumbnail_withoutSearch
 .text.CreateImageThumbnail
                0x20012334       0x94 ./src/sub-systemCode/payload/Compression/ImageConversion.o
                0x20012334                CreateImageThumbnail
 .text.compressImage
                0x200123c8      0x12c ./src/sub-systemCode/payload/Compression/ImageConversion.o
                0x200123c8                compressImage
 .text.cmd_mute
                0x200124f4       0xc4 ./src/sub-systemCode/Main/CMD/COMM_CMD.o
                0x200124f4                cmd_mute
 .text.cmd_unmute
                0x200125b8       0x50 ./src/sub-systemCode/Main/CMD/COMM_CMD.o
                0x200125b8                cmd_unmute
 .text.cmd_active_trans
                0x20012608       0xc0 ./src/sub-systemCode/Main/CMD/COMM_CMD.o
                0x20012608                cmd_active_trans
 .text.cmd_shut_trans
                0x200126c8       0x38 ./src/sub-systemCode/Main/CMD/COMM_CMD.o
                0x200126c8                cmd_shut_trans
 .text.cmd_change_trans_rssi
                0x20012700      0x100 ./src/sub-systemCode/Main/CMD/COMM_CMD.o
                0x20012700                cmd_change_trans_rssi
 .text.cmd_aprs_dump
                0x20012800       0x50 ./src/sub-systemCode/Main/CMD/COMM_CMD.o
                0x20012800                cmd_aprs_dump
 .text.cmd_stop_dump
                0x20012850       0x38 ./src/sub-systemCode/Main/CMD/COMM_CMD.o
                0x20012850                cmd_stop_dump
 .text.cmd_time_frequency
                0x20012888       0xc0 ./src/sub-systemCode/Main/CMD/COMM_CMD.o
                0x20012888                cmd_time_frequency
 .text.cmd_change_def_bit_rate
                0x20012948      0x158 ./src/sub-systemCode/Main/CMD/COMM_CMD.o
                0x20012948                cmd_change_def_bit_rate
 .text.cmd_upload_volt_logic
                0x20012aa0      0x3d0 ./src/sub-systemCode/Main/CMD/EPS_CMD.o
                0x20012aa0                cmd_upload_volt_logic
 .text.cmd_upload_volt_COMM
                0x20012e70      0x1c8 ./src/sub-systemCode/Main/CMD/EPS_CMD.o
                0x20012e70                cmd_upload_volt_COMM
 .text.cmd_heater_temp
                0x20013038       0xc0 ./src/sub-systemCode/Main/CMD/EPS_CMD.o
                0x20013038                cmd_heater_temp
 .text.cmd_SHUT_CAM
                0x200130f8       0x6c ./src/sub-systemCode/Main/CMD/EPS_CMD.o
                0x200130f8                cmd_SHUT_CAM
 .text.cmd_SHUT_ADCS
                0x20013164       0x6c ./src/sub-systemCode/Main/CMD/EPS_CMD.o
                0x20013164                cmd_SHUT_ADCS
 .text.cmd_allow_CAM
                0x200131d0       0x6c ./src/sub-systemCode/Main/CMD/EPS_CMD.o
                0x200131d0                cmd_allow_CAM
 .text.cmd_allow_ADCS
                0x2001323c       0x6c ./src/sub-systemCode/Main/CMD/EPS_CMD.o
                0x2001323c                cmd_allow_ADCS
 .text.cmd_generic_I2C
                0x200132a8       0xb4 ./src/sub-systemCode/Main/CMD/General_CMD.o
                0x200132a8                cmd_generic_I2C
 .text.cmd_dump
                0x2001335c       0xf0 ./src/sub-systemCode/Main/CMD/General_CMD.o
                0x2001335c                cmd_dump
 .text.cmd_delete_TM
                0x2001344c      0x1dc ./src/sub-systemCode/Main/CMD/General_CMD.o
                0x2001344c                cmd_delete_TM
 .text.cmd_reset_file
                0x20013628      0x110 ./src/sub-systemCode/Main/CMD/General_CMD.o
                0x20013628                cmd_reset_file
 .text.cmd_dummy_func
                0x20013738       0x40 ./src/sub-systemCode/Main/CMD/General_CMD.o
                0x20013738                cmd_dummy_func
 .text.cmd_soft_reset_cmponent
                0x20013778       0xb0 ./src/sub-systemCode/Main/CMD/General_CMD.o
                0x20013778                cmd_soft_reset_cmponent
 .text.cmd_hard_reset_cmponent
                0x20013828       0xb0 ./src/sub-systemCode/Main/CMD/General_CMD.o
                0x20013828                cmd_hard_reset_cmponent
 .text.cmd_reset_satellite
                0x200138d8       0x78 ./src/sub-systemCode/Main/CMD/General_CMD.o
                0x200138d8                cmd_reset_satellite
 .text.cmd_gracefull_reset_satellite
                0x20013950       0x78 ./src/sub-systemCode/Main/CMD/General_CMD.o
                0x20013950                cmd_gracefull_reset_satellite
 .text.cmd_upload_time
                0x200139c8       0xb0 ./src/sub-systemCode/Main/CMD/General_CMD.o
                0x200139c8                cmd_upload_time
 .text.cmd_ARM_DIARM
                0x20013a78       0xd4 ./src/sub-systemCode/Main/CMD/General_CMD.o
                0x20013a78                cmd_ARM_DIARM
 .text.cmd_get_onlineTM
                0x20013b4c       0xb8 ./src/sub-systemCode/Main/CMD/General_CMD.o
                0x20013b4c                cmd_get_onlineTM
 .text.cmd_reset_off_line
                0x20013c04       0x68 ./src/sub-systemCode/Main/CMD/General_CMD.o
                0x20013c04                cmd_reset_off_line
 .text.cmd_add_item_off_line
                0x20013c6c       0xf0 ./src/sub-systemCode/Main/CMD/General_CMD.o
                0x20013c6c                cmd_add_item_off_line
 .text.cmd_reset_delayed_command_list
                0x20013d5c       0x3c ./src/sub-systemCode/Main/CMD/SW_CMD.o
                0x20013d5c                cmd_reset_delayed_command_list
 .text.cmd_reset_APRS_list
                0x20013d98       0x3c ./src/sub-systemCode/Main/CMD/SW_CMD.o
                0x20013d98                cmd_reset_APRS_list
 .text.cmd_reset_FRAM
                0x20013dd4       0xe8 ./src/sub-systemCode/Main/CMD/SW_CMD.o
                0x20013dd4                cmd_reset_FRAM
 .text.ARM_ants
                0x20013ebc       0xb8 ./src/sub-systemCode/Main/Ants.o
                0x20013ebc                ARM_ants
 .text.DISARM_ants
                0x20013f74       0xb8 ./src/sub-systemCode/Main/Ants.o
                0x20013f74                DISARM_ants
 .text.round_vol
                0x2001402c      0x124 ./src/sub-systemCode/Main/EPS.o
                0x2001402c                round_vol
 .text.get_shut_ADCS
                0x20014150       0x48 ./src/sub-systemCode/Main/EPS.o
                0x20014150                get_shut_ADCS
 .text.shut_ADCS
                0x20014198       0x44 ./src/sub-systemCode/Main/EPS.o
                0x20014198                shut_ADCS
 .text.get_shut_CAM
                0x200141dc       0x48 ./src/sub-systemCode/Main/EPS.o
                0x200141dc                get_shut_CAM
 .text.shut_CAM
                0x20014224       0x44 ./src/sub-systemCode/Main/EPS.o
                0x20014224                shut_CAM
 .text.update_powerLines
                0x20014268       0xec ./src/sub-systemCode/Main/EPS.o
                0x20014268                update_powerLines
 .text.init_enterMode
                0x20014354       0x88 ./src/sub-systemCode/Main/EPS.o
                0x20014354                init_enterMode
 .text.EPS_Init
                0x200143dc      0x1c8 ./src/sub-systemCode/Main/EPS.o
                0x200143dc                EPS_Init
 .text.reset_FRAM_EPS
                0x200145a4       0xa4 ./src/sub-systemCode/Main/EPS.o
                0x200145a4                reset_FRAM_EPS
 .text.reset_EPS_voltages
                0x20014648       0xbc ./src/sub-systemCode/Main/EPS.o
                0x20014648                reset_EPS_voltages
 .text.EPS_Conditioning
                0x20014704      0x158 ./src/sub-systemCode/Main/EPS.o
                0x20014704                EPS_Conditioning
 .text.overRide_ADCS
                0x2001485c       0x50 ./src/sub-systemCode/Main/EPS.o
                0x2001485c                overRide_ADCS
 .text.overRide_Camera
                0x200148ac       0x38 ./src/sub-systemCode/Main/EPS.o
                0x200148ac                overRide_Camera
 .text.EnterFullMode
                0x200148e4       0xfc ./src/sub-systemCode/Main/EPS.o
                0x200148e4                EnterFullMode
 .text.EnterCruiseMode
                0x200149e0       0xec ./src/sub-systemCode/Main/EPS.o
                0x200149e0                EnterCruiseMode
 .text.EnterSafeMode
                0x20014acc       0xec ./src/sub-systemCode/Main/EPS.o
                0x20014acc                EnterSafeMode
 .text.EnterCriticalMode
                0x20014bb8       0xd8 ./src/sub-systemCode/Main/EPS.o
                0x20014bb8                EnterCriticalMode
 .text.find_fileName
                0x20014c90      0x5e4 ./src/sub-systemCode/Main/HouseKeeping.o
                0x20014c90                find_fileName
 .text.size_of_element
                0x20015274      0x108 ./src/sub-systemCode/Main/HouseKeeping.o
                0x20015274                size_of_element
 .text.save_ACK
                0x2001537c       0xc0 ./src/sub-systemCode/Main/HouseKeeping.o
                0x2001537c                save_ACK
 .text.set_GP_EPS
                0x2001543c      0x10c ./src/sub-systemCode/Main/HouseKeeping.o
                0x2001543c                set_GP_EPS
 .text.set_GP_COMM
                0x20015548       0x88 ./src/sub-systemCode/Main/HouseKeeping.o
                0x20015548                set_GP_COMM
 .text.SP_HK_collect
                0x200155d0      0x17c ./src/sub-systemCode/Main/HouseKeeping.o
                0x200155d0                SP_HK_collect
 .text.EPS_HK_collect
                0x2001574c      0x4d8 ./src/sub-systemCode/Main/HouseKeeping.o
                0x2001574c                EPS_HK_collect
 .text.CAM_HK_collect
                0x20015c24      0x91c ./src/sub-systemCode/Main/HouseKeeping.o
                0x20015c24                CAM_HK_collect
 .text.COMM_HK_collect
                0x20016540      0x154 ./src/sub-systemCode/Main/HouseKeeping.o
                0x20016540                COMM_HK_collect
 .text.COMM_create_file
                0x20016694       0x74 ./src/sub-systemCode/Main/HouseKeeping.o
                0x20016694                COMM_create_file
 .text.ACK_create_file
                0x20016708       0x74 ./src/sub-systemCode/Main/HouseKeeping.o
                0x20016708                ACK_create_file
 .text.EPS_create_file
                0x2001677c       0x74 ./src/sub-systemCode/Main/HouseKeeping.o
                0x2001677c                EPS_create_file
 .text.CAM_create_file
                0x200167f0       0x54 ./src/sub-systemCode/Main/HouseKeeping.o
                0x200167f0                CAM_create_file
 .text.SP_create_file
                0x20016844       0x54 ./src/sub-systemCode/Main/HouseKeeping.o
                0x20016844                SP_create_file
 .text.create_files
                0x20016898       0x48 ./src/sub-systemCode/Main/HouseKeeping.o
                0x20016898                create_files
 .text.save_SP_HK
                0x200168e0       0x70 ./src/sub-systemCode/Main/HouseKeeping.o
                0x200168e0                save_SP_HK
 .text.save_EPS_HK
                0x20016950       0x70 ./src/sub-systemCode/Main/HouseKeeping.o
                0x20016950                save_EPS_HK
 .text.save_CAM_HK
                0x200169c0       0x84 ./src/sub-systemCode/Main/HouseKeeping.o
                0x200169c0                save_CAM_HK
 .text.save_COMM_HK
                0x20016a44       0x70 ./src/sub-systemCode/Main/HouseKeeping.o
                0x20016a44                save_COMM_HK
 .text.EPS_HK_raw_BigEnE
                0x20016ab4      0x194 ./src/sub-systemCode/Main/HouseKeeping.o
                0x20016ab4                EPS_HK_raw_BigEnE
 .text.CAM_HK_raw_BigEnE
                0x20016c48      0x194 ./src/sub-systemCode/Main/HouseKeeping.o
                0x20016c48                CAM_HK_raw_BigEnE
 .text.COMM_HK_raw_BigEnE
                0x20016ddc      0x194 ./src/sub-systemCode/Main/HouseKeeping.o
                0x20016ddc                COMM_HK_raw_BigEnE
 .text.ADCS_HK_raw_BigEnE
                0x20016f70      0x194 ./src/sub-systemCode/Main/HouseKeeping.o
                0x20016f70                ADCS_HK_raw_BigEnE
 .text.ADCS_SC_raw_BigEnE
                0x20017104      0x188 ./src/sub-systemCode/Main/HouseKeeping.o
                0x20017104                ADCS_SC_raw_BigEnE
 .text.build_HK_spl_packet
                0x2001728c      0xa2c ./src/sub-systemCode/Main/HouseKeeping.o
                0x2001728c                build_HK_spl_packet
 .text.HouseKeeping_highRate_Task
                0x20017cb8       0x78 ./src/sub-systemCode/Main/HouseKeeping.o
                0x20017cb8                HouseKeeping_highRate_Task
 .text.HouseKeeping_lowRate_Task
                0x20017d30       0x74 ./src/sub-systemCode/Main/HouseKeeping.o
                0x20017d30                HouseKeeping_lowRate_Task
 .text.reset_FIRST_activation
                0x20017da4       0x34 ./src/sub-systemCode/Main/Main_Init.o
                0x20017da4                reset_FIRST_activation
 .text.test_menu
                0x20017dd8       0xb4 ./src/sub-systemCode/Main/Main_Init.o
                0x20017dd8                test_menu
 .text.numberOfRestarts
                0x20017e8c       0x94 ./src/sub-systemCode/Main/Main_Init.o
                0x20017e8c                numberOfRestarts
 .text.StartFRAM
                0x20017f20       0x38 ./src/sub-systemCode/Main/Main_Init.o
                0x20017f20                StartFRAM
 .text.StartI2C
                0x20017f58       0x44 ./src/sub-systemCode/Main/Main_Init.o
                0x20017f58                StartI2C
 .text.StartSPI
                0x20017f9c       0x40 ./src/sub-systemCode/Main/Main_Init.o
                0x20017f9c                StartSPI
 .text.StartTIME
                0x20017fdc      0x118 ./src/sub-systemCode/Main/Main_Init.o
                0x20017fdc                StartTIME
 .text.first_activation
                0x200180f4       0x78 ./src/sub-systemCode/Main/Main_Init.o
                0x200180f4                first_activation
 .text.resetSD  0x2001816c       0xc4 ./src/sub-systemCode/Main/Main_Init.o
                0x2001816c                resetSD
 .text.InitSubsystems
                0x20018230       0x84 ./src/sub-systemCode/Main/Main_Init.o
                0x20018230                InitSubsystems
 .text.SubSystemTaskStart
                0x200182b4       0xec ./src/sub-systemCode/Main/Main_Init.o
                0x200182b4                SubSystemTaskStart
 .text.copy_command
                0x200183a0       0x80 ./src/sub-systemCode/Main/commands.o
                0x200183a0                copy_command
 .text.reset_command
                0x20018420       0x28 ./src/sub-systemCode/Main/commands.o
                0x20018420                reset_command
 .text.init_command
                0x20018448       0xd4 ./src/sub-systemCode/Main/commands.o
                0x20018448                init_command
 .text.add_command
                0x2001851c      0x138 ./src/sub-systemCode/Main/commands.o
                0x2001851c                add_command
 .text.get_command
                0x20018654      0x1cc ./src/sub-systemCode/Main/commands.o
                0x20018654                get_command
 .text.act_upon_command
                0x20018820      0x240 ./src/sub-systemCode/Main/commands.o
                0x20018820                act_upon_command
 .text.cmd_error
                0x20018a60       0x38 ./src/sub-systemCode/Main/commands.o
                0x20018a60                cmd_error
 .text.AUC_COMM
                0x20018a98      0x25c ./src/sub-systemCode/Main/commands.o
                0x20018a98                AUC_COMM
 .text.AUC_general
                0x20018cf4      0x17c ./src/sub-systemCode/Main/commands.o
                0x20018cf4                AUC_general
 .text.AUC_payload
                0x20018e70      0x214 ./src/sub-systemCode/Main/commands.o
                0x20018e70                AUC_payload
 .text.AUC_EPS  0x20019084      0x248 ./src/sub-systemCode/Main/commands.o
                0x20019084                AUC_EPS
 .text.AUC_ADCS
                0x200192cc       0x5c ./src/sub-systemCode/Main/commands.o
                0x200192cc                AUC_ADCS
 .text.AUC_GS   0x20019328      0x1fc ./src/sub-systemCode/Main/commands.o
                0x20019328                AUC_GS
 .text.AUC_SW   0x20019524       0xe4 ./src/sub-systemCode/Main/commands.o
                0x20019524                AUC_SW
 .text.AUC_onlineTM
                0x20019608      0x16c ./src/sub-systemCode/Main/commands.o
                0x20019608                AUC_onlineTM
 .text.AUC_special_operation
                0x20019774       0x8c ./src/sub-systemCode/Main/commands.o
                0x20019774                AUC_special_operation
 .text.check_int
                0x20019800       0x3c ./src/sub-systemCode/Global/Global.o
                0x20019800                check_int
 .text.check_portBASE_TYPE
                0x2001983c       0x3c ./src/sub-systemCode/Global/Global.o
                0x2001983c                check_portBASE_TYPE
 .text.soft_reset_subsystem
                0x20019878       0xd8 ./src/sub-systemCode/Global/Global.o
                0x20019878                soft_reset_subsystem
 .text.hard_reset_subsystem
                0x20019950       0xfc ./src/sub-systemCode/Global/Global.o
                0x20019950                hard_reset_subsystem
 .text.BigEnE_raw_to_uInt
                0x20019a4c       0x94 ./src/sub-systemCode/Global/Global.o
                0x20019a4c                BigEnE_raw_to_uInt
 .text.BigEnE_raw_to_uShort
                0x20019ae0       0x50 ./src/sub-systemCode/Global/Global.o
                0x20019ae0                BigEnE_raw_to_uShort
 .text.BigEnE_uInt_to_raw
                0x20019b30       0x78 ./src/sub-systemCode/Global/Global.o
                0x20019b30                BigEnE_uInt_to_raw
 .text.reset_FRAM_MAIN
                0x20019ba8      0x19c ./src/sub-systemCode/Global/Global.o
                0x20019ba8                reset_FRAM_MAIN
 .text.getBitValueByIndex
                0x20019d44       0xd0 ./src/sub-systemCode/Global/Global.o
                0x20019d44                getBitValueByIndex
 .text.init_GP  0x20019e14      0x300 ./src/sub-systemCode/Global/GlobalParam.o
                0x20019e14                init_GP
 .text.get_system_state
                0x2001a114      0x268 ./src/sub-systemCode/Global/GlobalParam.o
                0x2001a114                get_system_state
 .text.set_system_state
                0x2001a37c      0x298 ./src/sub-systemCode/Global/GlobalParam.o
                0x2001a37c                set_system_state
 .text.get_current_global_param
                0x2001a614      0x5c8 ./src/sub-systemCode/Global/GlobalParam.o
                0x2001a614                get_current_global_param
 .text.set_Vbatt
                0x2001abdc       0x8c ./src/sub-systemCode/Global/GlobalParam.o
                0x2001abdc                set_Vbatt
 .text.get_Vbatt
                0x2001ac68       0x8c ./src/sub-systemCode/Global/GlobalParam.o
                0x2001ac68                get_Vbatt
 .text.set_curBat
                0x2001acf4       0x8c ./src/sub-systemCode/Global/GlobalParam.o
                0x2001acf4                set_curBat
 .text.set_cur3V3
                0x2001ad80       0x8c ./src/sub-systemCode/Global/GlobalParam.o
                0x2001ad80                set_cur3V3
 .text.set_cur5V
                0x2001ae0c       0x8c ./src/sub-systemCode/Global/GlobalParam.o
                0x2001ae0c                set_cur5V
 .text.set_tempComm_LO
                0x2001ae98       0x8c ./src/sub-systemCode/Global/GlobalParam.o
                0x2001ae98                set_tempComm_LO
 .text.set_tempComm_PA
                0x2001af24       0x8c ./src/sub-systemCode/Global/GlobalParam.o
                0x2001af24                set_tempComm_PA
 .text.set_tempEPS
                0x2001afb0       0xc8 ./src/sub-systemCode/Global/GlobalParam.o
                0x2001afb0                set_tempEPS
 .text.set_tempBatt
                0x2001b078       0xc8 ./src/sub-systemCode/Global/GlobalParam.o
                0x2001b078                set_tempBatt
 .text.set_RxDoppler
                0x2001b140       0x8c ./src/sub-systemCode/Global/GlobalParam.o
                0x2001b140                set_RxDoppler
 .text.set_RxRSSI
                0x2001b1cc       0x8c ./src/sub-systemCode/Global/GlobalParam.o
                0x2001b1cc                set_RxRSSI
 .text.set_TxRefl
                0x2001b258       0x8c ./src/sub-systemCode/Global/GlobalParam.o
                0x2001b258                set_TxRefl
 .text.set_TxForw
                0x2001b2e4       0x8c ./src/sub-systemCode/Global/GlobalParam.o
                0x2001b2e4                set_TxForw
 .text.get_ST   0x2001b370       0x8c ./src/sub-systemCode/Global/GlobalParam.o
                0x2001b370                get_ST
 .text.get_Attitude
                0x2001b3fc      0x128 ./src/sub-systemCode/Global/GlobalParam.o
                0x2001b3fc                get_Attitude
 .text.set_numOfAPRS
                0x2001b524       0x8c ./src/sub-systemCode/Global/GlobalParam.o
                0x2001b524                set_numOfAPRS
 .text.set_numOfResets
                0x2001b5b0       0xac ./src/sub-systemCode/Global/GlobalParam.o
                0x2001b5b0                set_numOfResets
 .text.set_ground_conn
                0x2001b65c       0xa0 ./src/sub-systemCode/Global/GlobalParam.o
                0x2001b65c                set_ground_conn
 .text.get_ground_conn
                0x2001b6fc       0xa0 ./src/sub-systemCode/Global/GlobalParam.o
                0x2001b6fc                get_ground_conn
 .text.IsisAntS_getStatusData_sideA
                0x2001b79c       0x3c ./src/sub-systemCode/Global/OnlineTM.o
                0x2001b79c                IsisAntS_getStatusData_sideA
 .text.IsisAntS_getAlltelemetry_sideA
                0x2001b7d8       0x3c ./src/sub-systemCode/Global/OnlineTM.o
                0x2001b7d8                IsisAntS_getAlltelemetry_sideA
 .text.IsisAntS_getTemperature_sideA
                0x2001b814       0x3c ./src/sub-systemCode/Global/OnlineTM.o
                0x2001b814                IsisAntS_getTemperature_sideA
 .text.IsisAntS_getStatusData_sideB
                0x2001b850       0x3c ./src/sub-systemCode/Global/OnlineTM.o
                0x2001b850                IsisAntS_getStatusData_sideB
 .text.IsisAntS_getAlltelemetry_sideB
                0x2001b88c       0x3c ./src/sub-systemCode/Global/OnlineTM.o
                0x2001b88c                IsisAntS_getAlltelemetry_sideB
 .text.IsisAntS_getTemperature_sideB
                0x2001b8c8       0x3c ./src/sub-systemCode/Global/OnlineTM.o
                0x2001b8c8                IsisAntS_getTemperature_sideB
 .text.get_item_by_index
                0x2001b904       0xd8 ./src/sub-systemCode/Global/OnlineTM.o
                0x2001b904                get_item_by_index
 .text.init_onlineParam
                0x2001b9dc      0xc80 ./src/sub-systemCode/Global/OnlineTM.o
                0x2001b9dc                init_onlineParam
 .text.reset_offline_TM_list
                0x2001c65c       0x50 ./src/sub-systemCode/Global/OnlineTM.o
                0x2001c65c                reset_offline_TM_list
 .text.get_online_packet
                0x2001c6ac      0x254 ./src/sub-systemCode/Global/OnlineTM.o
                0x2001c6ac                get_online_packet
 .text.add_onlineTM_param_to_save_list
                0x2001c900      0x214 ./src/sub-systemCode/Global/OnlineTM.o
                0x2001c900                add_onlineTM_param_to_save_list
 .text.delete_allTMFilesFromSD
                0x2001cb14       0xf8 ./src/sub-systemCode/Global/TLM_management.o
                0x2001cb14                delete_allTMFilesFromSD
 .text.getNumOfFilesInFS
                0x2001cc0c       0x44 ./src/sub-systemCode/Global/TLM_management.o
 .text.setNumOfFilesInFS
                0x2001cc50       0x50 ./src/sub-systemCode/Global/TLM_management.o
 .text.f_managed_enterFS
                0x2001cca0       0x24 ./src/sub-systemCode/Global/TLM_management.o
                0x2001cca0                f_managed_enterFS
 .text.f_managed_releaseFS
                0x2001ccc4       0x18 ./src/sub-systemCode/Global/TLM_management.o
                0x2001ccc4                f_managed_releaseFS
 .text.f_managed_open
                0x2001ccdc       0x3c ./src/sub-systemCode/Global/TLM_management.o
                0x2001ccdc                f_managed_open
 .text.f_managed_close
                0x2001cd18       0x2c ./src/sub-systemCode/Global/TLM_management.o
                0x2001cd18                f_managed_close
 .text.InitializeFS
                0x2001cd44      0x188 ./src/sub-systemCode/Global/TLM_management.o
                0x2001cd44                InitializeFS
 .text.c_fileCreate
                0x2001cecc       0xf4 ./src/sub-systemCode/Global/TLM_management.o
                0x2001cecc                c_fileCreate
 .text.writewithEpochtime
                0x2001cfc0       0x9c ./src/sub-systemCode/Global/TLM_management.o
 .text.get_C_FILE_struct
                0x2001d05c      0x104 ./src/sub-systemCode/Global/TLM_management.o
 .text.getFileIndex
                0x2001d160       0x4c ./src/sub-systemCode/Global/TLM_management.o
 .text.get_file_name_by_index
                0x2001d1ac       0x54 ./src/sub-systemCode/Global/TLM_management.o
                0x2001d1ac                get_file_name_by_index
 .text.c_fileReset
                0x2001d200       0xbc ./src/sub-systemCode/Global/TLM_management.o
                0x2001d200                c_fileReset
 .text.c_fileWrite
                0x2001d2bc      0x138 ./src/sub-systemCode/Global/TLM_management.o
                0x2001d2bc                c_fileWrite
 .text.c_fileRead
                0x2001d3f4      0x2bc ./src/sub-systemCode/Global/TLM_management.o
                0x2001d3f4                c_fileRead
 .text.reset_APRS_list
                0x2001d6b0       0xa4 ./src/sub-systemCode/COMM/APRS.o
                0x2001d6b0                reset_APRS_list
 .text.send_APRS_Dump
                0x2001d754      0x1c0 ./src/sub-systemCode/COMM/APRS.o
                0x2001d754                send_APRS_Dump
 .text.check_APRS
                0x2001d914      0x1a4 ./src/sub-systemCode/COMM/APRS.o
                0x2001d914                check_APRS
 .text.get_APRS_list
                0x2001dab8       0x88 ./src/sub-systemCode/COMM/APRS.o
                0x2001dab8                get_APRS_list
 .text.find_CMD_in_list
                0x2001db40       0x7c ./src/sub-systemCode/COMM/DelayedCommand_list.o
                0x2001db40                find_CMD_in_list
 .text.find_empty_in_list
                0x2001dbbc       0x74 ./src/sub-systemCode/COMM/DelayedCommand_list.o
                0x2001dbbc                find_empty_in_list
 .text.check_delayCommandTime
                0x2001dc30       0x8c ./src/sub-systemCode/COMM/DelayedCommand_list.o
                0x2001dc30                check_delayCommandTime
 .text.execute_delayedCommand
                0x2001dcbc       0x64 ./src/sub-systemCode/COMM/DelayedCommand_list.o
                0x2001dcbc                execute_delayedCommand
 .text.check_delaycommand
                0x2001dd20      0x170 ./src/sub-systemCode/COMM/DelayedCommand_list.o
                0x2001dd20                check_delaycommand
 .text.reset_delayCommand
                0x2001de90       0x8c ./src/sub-systemCode/COMM/DelayedCommand_list.o
                0x2001de90                reset_delayCommand
 .text.add_delayCommand
                0x2001df1c      0x1a4 ./src/sub-systemCode/COMM/DelayedCommand_list.o
                0x2001df1c                add_delayCommand
 .text.get_delayCommand_list
                0x2001e0c0       0x80 ./src/sub-systemCode/COMM/DelayedCommand_list.o
                0x2001e0c0                get_delayCommand_list
 .text.EmptyOldestCommand
                0x2001e140       0xfc ./src/sub-systemCode/COMM/DelayedCommand_list.o
                0x2001e140                EmptyOldestCommand
 .text.decode_TCpacket
                0x2001e23c      0x16c ./src/sub-systemCode/COMM/GSC.o
                0x2001e23c                decode_TCpacket
 .text.encode_TCpacket
                0x2001e3a8      0x114 ./src/sub-systemCode/COMM/GSC.o
                0x2001e3a8                encode_TCpacket
 .text.encode_TMpacket
                0x2001e4bc      0x104 ./src/sub-systemCode/COMM/GSC.o
                0x2001e4bc                encode_TMpacket
 .text.build_raw_ACK
                0x2001e5c0       0xbc ./src/sub-systemCode/COMM/GSC.o
                0x2001e5c0                build_raw_ACK
 .text.build_data_field_ACK
                0x2001e67c       0x74 ./src/sub-systemCode/COMM/GSC.o
                0x2001e67c                build_data_field_ACK
 .text.toggle_idle_state
                0x2001e6f0       0x64 ./src/sub-systemCode/COMM/TRXVU.o
                0x2001e6f0                toggle_idle_state
 .text.TRXVU_init_hardWare
                0x2001e754       0x98 ./src/sub-systemCode/COMM/TRXVU.o
                0x2001e754                TRXVU_init_hardWare
 .text.TRXVU_init_softWare
                0x2001e7ec      0x1a4 ./src/sub-systemCode/COMM/TRXVU.o
                0x2001e7ec                TRXVU_init_softWare
 .text.init_trxvu
                0x2001e990       0x14 ./src/sub-systemCode/COMM/TRXVU.o
                0x2001e990                init_trxvu
 .text.TRXVU_task
                0x2001e9a4       0x9c ./src/sub-systemCode/COMM/TRXVU.o
                0x2001e9a4                TRXVU_task
 .text.dump_logic
                0x2001ea40      0x324 ./src/sub-systemCode/COMM/TRXVU.o
                0x2001ea40                dump_logic
 .text.Dump_task
                0x2001ed64      0x16c ./src/sub-systemCode/COMM/TRXVU.o
                0x2001ed64                Dump_task
 .text.transponder_logic
                0x2001eed0       0xbc ./src/sub-systemCode/COMM/TRXVU.o
                0x2001eed0                transponder_logic
 .text.Transponder_task
                0x2001ef8c      0x1f4 ./src/sub-systemCode/COMM/TRXVU.o
                0x2001ef8c                Transponder_task
 .text.lookForRequestToDelete_transponder
                0x2001f180       0xac ./src/sub-systemCode/COMM/TRXVU.o
                0x2001f180                lookForRequestToDelete_transponder
 .text.lookForRequestToDelete_dump
                0x2001f22c       0x7c ./src/sub-systemCode/COMM/TRXVU.o
                0x2001f22c                lookForRequestToDelete_dump
 .text.sendRequestToStop_dump
                0x2001f2a8       0x8c ./src/sub-systemCode/COMM/TRXVU.o
                0x2001f2a8                sendRequestToStop_dump
 .text.sendRequestToStop_transponder
                0x2001f334       0x98 ./src/sub-systemCode/COMM/TRXVU.o
                0x2001f334                sendRequestToStop_transponder
 .text.Rx_logic
                0x2001f3cc      0x184 ./src/sub-systemCode/COMM/TRXVU.o
                0x2001f3cc                Rx_logic
 .text.pass_above_Ground
                0x2001f550      0x104 ./src/sub-systemCode/COMM/TRXVU.o
                0x2001f550                pass_above_Ground
 .text.trxvu_logic
                0x2001f654       0x1c ./src/sub-systemCode/COMM/TRXVU.o
                0x2001f654                trxvu_logic
 .text.Beacon_task
                0x2001f670      0x170 ./src/sub-systemCode/COMM/TRXVU.o
                0x2001f670                Beacon_task
 .text.buildAndSend_beacon
                0x2001f7e0      0x604 ./src/sub-systemCode/COMM/TRXVU.o
                0x2001f7e0                buildAndSend_beacon
 .text.reset_FRAM_TRXVU
                0x2001fde4      0x160 ./src/sub-systemCode/COMM/TRXVU.o
                0x2001fde4                reset_FRAM_TRXVU
 .text.TRX_sendFrame
                0x2001ff44      0x1c0 ./src/sub-systemCode/COMM/TRXVU.o
                0x2001ff44                TRX_sendFrame
 .text.TRX_getFrameData
                0x20020104      0x128 ./src/sub-systemCode/COMM/TRXVU.o
                0x20020104                TRX_getFrameData
 .text.mute_Tx  0x2002022c       0x20 ./src/sub-systemCode/COMM/TRXVU.o
                0x2002022c                mute_Tx
 .text.unmute_Tx
                0x2002024c       0x60 ./src/sub-systemCode/COMM/TRXVU.o
                0x2002024c                unmute_Tx
 .text.check_time_off_mute
                0x200202ac       0x88 ./src/sub-systemCode/COMM/TRXVU.o
                0x200202ac                check_time_off_mute
 .text.set_mute_time
                0x20020334       0xb4 ./src/sub-systemCode/COMM/TRXVU.o
                0x20020334                set_mute_time
 .text.change_TRXVU_state
                0x200203e8       0xd0 ./src/sub-systemCode/COMM/TRXVU.o
                0x200203e8                change_TRXVU_state
 .text.change_trans_RSSI
                0x200204b8       0x60 ./src/sub-systemCode/COMM/TRXVU.o
                0x200204b8                change_trans_RSSI
 .text.init_adcs
                0x20020518      0x104 ./src/sub-systemCode/ADCS/ADCS.o
                0x20020518                init_adcs
 .text.telemtryStart
                0x2002061c      0x16c ./src/sub-systemCode/ADCS/Stage_Table.o
                0x2002061c                telemtryStart
 .text.powerStart
                0x20020788       0x5c ./src/sub-systemCode/ADCS/Stage_Table.o
                0x20020788                powerStart
 .text.createTable
                0x200207e4       0xb4 ./src/sub-systemCode/ADCS/Stage_Table.o
                0x200207e4                createTable
 .text.buildControlMode
                0x20020898       0x60 ./src/sub-systemCode/ADCS/Stage_Table.o
                0x20020898                buildControlMode
 .text.Check_Table
                0x200208f8      0x178 ./src/sub-systemCode/ADCS/Stage_Table.o
                0x200208f8                Check_Table
 .text.updateTable
                0x20020a70      0x1f0 ./src/sub-systemCode/ADCS/Stage_Table.o
                0x20020a70                updateTable
 .text.translateCommandFULL
                0x20020c60       0x78 ./src/sub-systemCode/ADCS/Stage_Table.o
                0x20020c60                translateCommandFULL
 .text.getTableTo
                0x20020cd8       0x64 ./src/sub-systemCode/ADCS/Stage_Table.o
                0x20020cd8                getTableTo
 .text.save_time
                0x20020d3c       0x9c ./src/main.o
                0x20020d3c                save_time
 .text.Command_logic
                0x20020dd8       0x6c ./src/main.o
                0x20020dd8                Command_logic
 .text.taskMain
                0x20020e44       0x74 ./src/main.o
                0x20020e44                taskMain
 .text.main     0x20020eb8       0xbc ./src/main.o
                0x20020eb8                main
 .text.GomEpsInitialize
                0x20020f74      0x148 C:/ISIS/workspace/HOOPOE3/satellite-subsystems/demo/..//satellite-subsystems/lib\libSatelliteSubsystemsD.a(GomEPS.o)
                0x20020f74                GomEpsInitialize
 .text.makeEPStransfer
                0x200210bc       0x3c C:/ISIS/workspace/HOOPOE3/satellite-subsystems/demo/..//satellite-subsystems/lib\libSatelliteSubsystemsD.a(GomEPS.o)
 .text.GomEpsSoftReset
                0x200210f8       0xc4 C:/ISIS/workspace/HOOPOE3/satellite-subsystems/demo/..//satellite-subsystems/lib\libSatelliteSubsystemsD.a(GomEPS.o)
                0x200210f8                GomEpsSoftReset
 .text.GomEpsHardReset
                0x200211bc       0xa8 C:/ISIS/workspace/HOOPOE3/satellite-subsystems/demo/..//satellite-subsystems/lib\libSatelliteSubsystemsD.a(GomEPS.o)
                0x200211bc                GomEpsHardReset
 .text.GomEpsGetHkData_param
                0x20021264      0x29c C:/ISIS/workspace/HOOPOE3/satellite-subsystems/demo/..//satellite-subsystems/lib\libSatelliteSubsystemsD.a(GomEPS.o)
                0x20021264                GomEpsGetHkData_param
 .text.GomEpsGetHkData_general
                0x20021500      0x45c C:/ISIS/workspace/HOOPOE3/satellite-subsystems/demo/..//satellite-subsystems/lib\libSatelliteSubsystemsD.a(GomEPS.o)
                0x20021500                GomEpsGetHkData_general
 .text.GomEpsGetHkData_vi
                0x2002195c      0x188 C:/ISIS/workspace/HOOPOE3/satellite-subsystems/demo/..//satellite-subsystems/lib\libSatelliteSubsystemsD.a(GomEPS.o)
                0x2002195c                GomEpsGetHkData_vi
 .text.GomEpsGetHkData_out
                0x20021ae4      0x21c C:/ISIS/workspace/HOOPOE3/satellite-subsystems/demo/..//satellite-subsystems/lib\libSatelliteSubsystemsD.a(GomEPS.o)
                0x20021ae4                GomEpsGetHkData_out
 .text.GomEpsGetHkData_wdt
                0x20021d00      0x2b4 C:/ISIS/workspace/HOOPOE3/satellite-subsystems/demo/..//satellite-subsystems/lib\libSatelliteSubsystemsD.a(GomEPS.o)
                0x20021d00                GomEpsGetHkData_wdt
 .text.GomEpsGetHkData_basic
                0x20021fb4      0x22c C:/ISIS/workspace/HOOPOE3/satellite-subsystems/demo/..//satellite-subsystems/lib\libSatelliteSubsystemsD.a(GomEPS.o)
                0x20021fb4                GomEpsGetHkData_basic
 .text.GomEpsSetOutput
                0x200221e0       0xbc C:/ISIS/workspace/HOOPOE3/satellite-subsystems/demo/..//satellite-subsystems/lib\libSatelliteSubsystemsD.a(GomEPS.o)
                0x200221e0                GomEpsSetOutput
 .text.GomEpsResetWDT
                0x2002229c       0xc4 C:/ISIS/workspace/HOOPOE3/satellite-subsystems/demo/..//satellite-subsystems/lib\libSatelliteSubsystemsD.a(GomEPS.o)
                0x2002229c                GomEpsResetWDT
 .text.GomEpsConfigGet
                0x20022360      0x16c C:/ISIS/workspace/HOOPOE3/satellite-subsystems/demo/..//satellite-subsystems/lib\libSatelliteSubsystemsD.a(GomEPS.o)
                0x20022360                GomEpsConfigGet
 .text.GomEpsConfigSet
                0x200224cc      0x184 C:/ISIS/workspace/HOOPOE3/satellite-subsystems/demo/..//satellite-subsystems/lib\libSatelliteSubsystemsD.a(GomEPS.o)
                0x200224cc                GomEpsConfigSet
 .text.GomEpsConfig2Get
                0x20022650      0x16c C:/ISIS/workspace/HOOPOE3/satellite-subsystems/demo/..//satellite-subsystems/lib\libSatelliteSubsystemsD.a(GomEPS.o)
                0x20022650                GomEpsConfig2Get
 .text.makeAntStransfer
                0x200227bc       0x4c C:/ISIS/workspace/HOOPOE3/satellite-subsystems/demo/..//satellite-subsystems/lib\libSatelliteSubsystemsD.a(IsisAntS.o)
 .text.checkInputsValid
                0x20022808       0x7c C:/ISIS/workspace/HOOPOE3/satellite-subsystems/demo/..//satellite-subsystems/lib\libSatelliteSubsystemsD.a(IsisAntS.o)
 .text.IsisAntS_setArmStatus
                0x20022884      0x104 C:/ISIS/workspace/HOOPOE3/satellite-subsystems/demo/..//satellite-subsystems/lib\libSatelliteSubsystemsD.a(IsisAntS.o)
                0x20022884                IsisAntS_setArmStatus
 .text.IsisAntS_getStatusData
                0x20022988      0x120 C:/ISIS/workspace/HOOPOE3/satellite-subsystems/demo/..//satellite-subsystems/lib\libSatelliteSubsystemsD.a(IsisAntS.o)
                0x20022988                IsisAntS_getStatusData
 .text.IsisAntS_getTemperature
                0x20022aa8      0x120 C:/ISIS/workspace/HOOPOE3/satellite-subsystems/demo/..//satellite-subsystems/lib\libSatelliteSubsystemsD.a(IsisAntS.o)
                0x20022aa8                IsisAntS_getTemperature
 .text.IsisAntS_getAlltelemetry
                0x20022bc8      0x120 C:/ISIS/workspace/HOOPOE3/satellite-subsystems/demo/..//satellite-subsystems/lib\libSatelliteSubsystemsD.a(IsisAntS.o)
                0x20022bc8                IsisAntS_getAlltelemetry
 .text.IsisAntS_reset
                0x20022ce8      0x104 C:/ISIS/workspace/HOOPOE3/satellite-subsystems/demo/..//satellite-subsystems/lib\libSatelliteSubsystemsD.a(IsisAntS.o)
                0x20022ce8                IsisAntS_reset
 .text.IsisSolarPanelv2_initialize
                0x20022dec       0xb4 C:/ISIS/workspace/HOOPOE3/satellite-subsystems/demo/..//satellite-subsystems/lib\libSatelliteSubsystemsD.a(IsisSolarPanelv2.o)
                0x20022dec                IsisSolarPanelv2_initialize
 .text.IsisSolarPanelv2_getTemperature
                0x20022ea0       0xc8 C:/ISIS/workspace/HOOPOE3/satellite-subsystems/demo/..//satellite-subsystems/lib\libSatelliteSubsystemsD.a(IsisSolarPanelv2.o)
                0x20022ea0                IsisSolarPanelv2_getTemperature
 .text.IsisSolarPanelv2_sleep
                0x20022f68       0xbc C:/ISIS/workspace/HOOPOE3/satellite-subsystems/demo/..//satellite-subsystems/lib\libSatelliteSubsystemsD.a(IsisSolarPanelv2.o)
                0x20022f68                IsisSolarPanelv2_sleep
 .text.IsisSolarPanelv2_wakeup
                0x20023024       0x80 C:/ISIS/workspace/HOOPOE3/satellite-subsystems/demo/..//satellite-subsystems/lib\libSatelliteSubsystemsD.a(IsisSolarPanelv2.o)
                0x20023024                IsisSolarPanelv2_wakeup
 .text._Reset   0x200230a4       0x20 C:/ISIS/workspace/HOOPOE3/satellite-subsystems/demo/..//satellite-subsystems/lib\libSatelliteSubsystemsD.a(IsisSolarPanelv2.o)
 .text._WaitForStartup
                0x200230c4       0x90 C:/ISIS/workspace/HOOPOE3/satellite-subsystems/demo/..//satellite-subsystems/lib\libSatelliteSubsystemsD.a(IsisSolarPanelv2.o)
 .text._AssignAllChannels
                0x20023154       0x90 C:/ISIS/workspace/HOOPOE3/satellite-subsystems/demo/..//satellite-subsystems/lib\libSatelliteSubsystemsD.a(IsisSolarPanelv2.o)
 .text._AssignThisChannel
                0x200231e4       0xe8 C:/ISIS/workspace/HOOPOE3/satellite-subsystems/demo/..//satellite-subsystems/lib\libSatelliteSubsystemsD.a(IsisSolarPanelv2.o)
 .text._InitiateConversion
                0x200232cc       0xac C:/ISIS/workspace/HOOPOE3/satellite-subsystems/demo/..//satellite-subsystems/lib\libSatelliteSubsystemsD.a(IsisSolarPanelv2.o)
 .text._WaitForConversionComplete
                0x20023378      0x100 C:/ISIS/workspace/HOOPOE3/satellite-subsystems/demo/..//satellite-subsystems/lib\libSatelliteSubsystemsD.a(IsisSolarPanelv2.o)
 .text._ReadResult
                0x20023478      0x158 C:/ISIS/workspace/HOOPOE3/satellite-subsystems/demo/..//satellite-subsystems/lib\libSatelliteSubsystemsD.a(IsisSolarPanelv2.o)
 .text._ExtractByte
                0x200235d0       0x38 C:/ISIS/workspace/HOOPOE3/satellite-subsystems/demo/..//satellite-subsystems/lib\libSatelliteSubsystemsD.a(IsisSolarPanelv2.o)
 .text._ExtendSign
                0x20023608       0x6c C:/ISIS/workspace/HOOPOE3/satellite-subsystems/demo/..//satellite-subsystems/lib\libSatelliteSubsystemsD.a(IsisSolarPanelv2.o)
 .text._PinsInit
                0x20023674       0x50 C:/ISIS/workspace/HOOPOE3/satellite-subsystems/demo/..//satellite-subsystems/lib\libSatelliteSubsystemsD.a(IsisSolarPanelv2.o)
 .text._SpiWriteRead
                0x200236c4       0x70 C:/ISIS/workspace/HOOPOE3/satellite-subsystems/demo/..//satellite-subsystems/lib\libSatelliteSubsystemsD.a(IsisSolarPanelv2.o)
 .text.IsisTrxvu_initialize
                0x20023734      0x2f4 C:/ISIS/workspace/HOOPOE3/satellite-subsystems/demo/..//satellite-subsystems/lib\libSatelliteSubsystemsD.a(IsisTRXVU.o)
                0x20023734                IsisTrxvu_initialize
 .text.makeTRXVUtransfer
                0x20023a28       0x44 C:/ISIS/workspace/HOOPOE3/satellite-subsystems/demo/..//satellite-subsystems/lib\libSatelliteSubsystemsD.a(IsisTRXVU.o)
 .text.IsisTrxvu_componentSoftReset
                0x20023a6c       0x6c C:/ISIS/workspace/HOOPOE3/satellite-subsystems/demo/..//satellite-subsystems/lib\libSatelliteSubsystemsD.a(IsisTRXVU.o)
                0x20023a6c                IsisTrxvu_componentSoftReset
 .text.IsisTrxvu_componentHardReset
                0x20023ad8       0xc8 C:/ISIS/workspace/HOOPOE3/satellite-subsystems/demo/..//satellite-subsystems/lib\libSatelliteSubsystemsD.a(IsisTRXVU.o)
                0x20023ad8                IsisTrxvu_componentHardReset
 .text.IsisTrxvu_softReset
                0x20023ba0       0x74 C:/ISIS/workspace/HOOPOE3/satellite-subsystems/demo/..//satellite-subsystems/lib\libSatelliteSubsystemsD.a(IsisTRXVU.o)
                0x20023ba0                IsisTrxvu_softReset
 .text.IsisTrxvu_hardReset
                0x20023c14       0x74 C:/ISIS/workspace/HOOPOE3/satellite-subsystems/demo/..//satellite-subsystems/lib\libSatelliteSubsystemsD.a(IsisTRXVU.o)
                0x20023c14                IsisTrxvu_hardReset
 .text.IsisTrxvu_tcSendAX25DefClSign
                0x20023c88       0xec C:/ISIS/workspace/HOOPOE3/satellite-subsystems/demo/..//satellite-subsystems/lib\libSatelliteSubsystemsD.a(IsisTRXVU.o)
                0x20023c88                IsisTrxvu_tcSendAX25DefClSign
 .text.IsisTrxvu_tcSetIdlestate
                0x20023d74       0xa4 C:/ISIS/workspace/HOOPOE3/satellite-subsystems/demo/..//satellite-subsystems/lib\libSatelliteSubsystemsD.a(IsisTRXVU.o)
                0x20023d74                IsisTrxvu_tcSetIdlestate
 .text.IsisTrxvu_tcSetAx25Bitrate
                0x20023e18       0xc4 C:/ISIS/workspace/HOOPOE3/satellite-subsystems/demo/..//satellite-subsystems/lib\libSatelliteSubsystemsD.a(IsisTRXVU.o)
                0x20023e18                IsisTrxvu_tcSetAx25Bitrate
 .text.IsisTrxvu_tcGetTelemetryAll
                0x20023edc       0xd0 C:/ISIS/workspace/HOOPOE3/satellite-subsystems/demo/..//satellite-subsystems/lib\libSatelliteSubsystemsD.a(IsisTRXVU.o)
                0x20023edc                IsisTrxvu_tcGetTelemetryAll
 .text.IsisTrxvu_tcGetTelemetryAll_revC
                0x20023fac       0xd0 C:/ISIS/workspace/HOOPOE3/satellite-subsystems/demo/..//satellite-subsystems/lib\libSatelliteSubsystemsD.a(IsisTRXVU.o)
                0x20023fac                IsisTrxvu_tcGetTelemetryAll_revC
 .text.IsisTrxvu_rcGetFrameCount
                0x2002407c       0xa0 C:/ISIS/workspace/HOOPOE3/satellite-subsystems/demo/..//satellite-subsystems/lib\libSatelliteSubsystemsD.a(IsisTRXVU.o)
                0x2002407c                IsisTrxvu_rcGetFrameCount
 .text.IsisTrxvu_rcGetCommandFrame
                0x2002411c      0x2d8 C:/ISIS/workspace/HOOPOE3/satellite-subsystems/demo/..//satellite-subsystems/lib\libSatelliteSubsystemsD.a(IsisTRXVU.o)
                0x2002411c                IsisTrxvu_rcGetCommandFrame
 .text.IsisTrxvu_rcGetTelemetryAll
                0x200243f4       0xd0 C:/ISIS/workspace/HOOPOE3/satellite-subsystems/demo/..//satellite-subsystems/lib\libSatelliteSubsystemsD.a(IsisTRXVU.o)
                0x200243f4                IsisTrxvu_rcGetTelemetryAll
 .text.IsisTrxvu_rcGetTelemetryAll_revC
                0x200244c4       0xec C:/ISIS/workspace/HOOPOE3/satellite-subsystems/demo/..//satellite-subsystems/lib\libSatelliteSubsystemsD.a(IsisTRXVU.o)
                0x200244c4                IsisTrxvu_rcGetTelemetryAll_revC
 .text.cspaceADCS_initialize
                0x200245b0      0x18c C:/ISIS/workspace/HOOPOE3/satellite-subsystems/demo/..//satellite-subsystems/lib\libSatelliteSubsystemsD.a(cspaceADCS.o)
                0x200245b0                cspaceADCS_initialize
 .text.make_cspaceADCStransfer
                0x2002473c      0x1b4 C:/ISIS/workspace/HOOPOE3/satellite-subsystems/demo/..//satellite-subsystems/lib\libSatelliteSubsystemsD.a(cspaceADCS.o)
 .text.cspaceADCS_componentReset
                0x200248f0       0xbc C:/ISIS/workspace/HOOPOE3/satellite-subsystems/demo/..//satellite-subsystems/lib\libSatelliteSubsystemsD.a(cspaceADCS.o)
                0x200248f0                cspaceADCS_componentReset
 .text.cspaceADCS_setRunMode
                0x200249ac       0xbc C:/ISIS/workspace/HOOPOE3/satellite-subsystems/demo/..//satellite-subsystems/lib\libSatelliteSubsystemsD.a(cspaceADCS.o)
                0x200249ac                cspaceADCS_setRunMode
 .text.cspaceADCS_setPwrCtrlDevice
                0x20024a68       0xd0 C:/ISIS/workspace/HOOPOE3/satellite-subsystems/demo/..//satellite-subsystems/lib\libSatelliteSubsystemsD.a(cspaceADCS.o)
                0x20024a68                cspaceADCS_setPwrCtrlDevice
 .text.cspaceADCS_setAttCtrlMode
                0x20024b38       0xd0 C:/ISIS/workspace/HOOPOE3/satellite-subsystems/demo/..//satellite-subsystems/lib\libSatelliteSubsystemsD.a(cspaceADCS.o)
                0x20024b38                cspaceADCS_setAttCtrlMode
 .text.cspaceADCS_setAttEstMode
                0x20024c08       0xbc C:/ISIS/workspace/HOOPOE3/satellite-subsystems/demo/..//satellite-subsystems/lib\libSatelliteSubsystemsD.a(cspaceADCS.o)
                0x20024c08                cspaceADCS_setAttEstMode
 .text.cspaceADCS_getCurrentState
                0x20024cc4       0xc4 C:/ISIS/workspace/HOOPOE3/satellite-subsystems/demo/..//satellite-subsystems/lib\libSatelliteSubsystemsD.a(cspaceADCS.o)
                0x20024cc4                cspaceADCS_getCurrentState
 .text.cspaceADCS_getPwrCtrlDevice
                0x20024d88       0xc4 C:/ISIS/workspace/HOOPOE3/satellite-subsystems/demo/..//satellite-subsystems/lib\libSatelliteSubsystemsD.a(cspaceADCS.o)
                0x20024d88                cspaceADCS_getPwrCtrlDevice
 .text.GECKO_GetReg
                0x20024e4c      0x110 C:/ISIS/workspace/HOOPOE3/satellite-subsystems/demo/..//satellite-subsystems/lib\libSatelliteSubsystemsD.a(gecko_driver.o)
                0x20024e4c                GECKO_GetReg
 .text.GECKO_GetVoltageInput5V
                0x20024f5c       0xf4 C:/ISIS/workspace/HOOPOE3/satellite-subsystems/demo/..//satellite-subsystems/lib\libSatelliteSubsystemsD.a(gecko_driver.o)
                0x20024f5c                GECKO_GetVoltageInput5V
 .text.GECKO_GetCurrentInput5V