Archive member included because of file (symbol)

c:/isis/application/toolchain/bin/../lib/gcc/arm-none-eabi/4.7.4/../../../../arm-none-eabi/lib\libc_s.a(lib_a-vfprintf_float.o)
                              (_printf_float)
c:/isis/application/toolchain/bin/../lib/gcc/arm-none-eabi/4.7.4/../../../../arm-none-eabi/lib\libc_s.a(lib_a-vfprintf_i.o)
                              c:/isis/application/toolchain/bin/../lib/gcc/arm-none-eabi/4.7.4/../../../../arm-none-eabi/lib\libc_s.a(lib_a-vfprintf_float.o) (_printf_common)
c:/isis/application/toolchain/bin/../lib/gcc/arm-none-eabi/4.7.4/../../../../arm-none-eabi/lib\libc_s.a(lib_a-vfscanf_float.o)
                              (_scanf_float)
c:/isis/application/toolchain/bin/../lib/gcc/arm-none-eabi/4.7.4/../../../../arm-none-eabi/lib\libc_s.a(lib_a-dtoa.o)
                              c:/isis/application/toolchain/bin/../lib/gcc/arm-none-eabi/4.7.4/../../../../arm-none-eabi/lib\libc_s.a(lib_a-vfprintf_float.o) (_dtoa_r)
c:/isis/application/toolchain/bin/../lib/gcc/arm-none-eabi/4.7.4/../../../../arm-none-eabi/lib\libc_s.a(lib_a-locale.o)
                              c:/isis/application/toolchain/bin/../lib/gcc/arm-none-eabi/4.7.4/../../../../arm-none-eabi/lib\libc_s.a(lib_a-vfprintf_float.o) (_localeconv_r)
c:/isis/application/toolchain/bin/../lib/gcc/arm-none-eabi/4.7.4/../../../../arm-none-eabi/lib\libc_s.a(lib_a-malloc.o)
                              c:/isis/application/toolchain/bin/../lib/gcc/arm-none-eabi/4.7.4/../../../../arm-none-eabi/lib\libc_s.a(lib_a-dtoa.o) (malloc)
c:/isis/application/toolchain/bin/../lib/gcc/arm-none-eabi/4.7.4/../../../../arm-none-eabi/lib\libc_s.a(lib_a-mallocr.o)
                              c:/isis/application/toolchain/bin/../lib/gcc/arm-none-eabi/4.7.4/../../../../arm-none-eabi/lib\libc_s.a(lib_a-malloc.o) (_malloc_r)
c:/isis/application/toolchain/bin/../lib/gcc/arm-none-eabi/4.7.4/../../../../arm-none-eabi/lib\libc_s.a(lib_a-memcpy.o)
                              c:/isis/application/toolchain/bin/../lib/gcc/arm-none-eabi/4.7.4/../../../../arm-none-eabi/lib\libc_s.a(lib_a-dtoa.o) (memcpy)
c:/isis/application/toolchain/bin/../lib/gcc/arm-none-eabi/4.7.4/../../../../arm-none-eabi/lib\libc_s.a(lib_a-mprec.o)
                              c:/isis/application/toolchain/bin/../lib/gcc/arm-none-eabi/4.7.4/../../../../arm-none-eabi/lib\libc_s.a(lib_a-dtoa.o) (_Balloc)
c:/isis/application/toolchain/bin/../lib/gcc/arm-none-eabi/4.7.4/../../../../arm-none-eabi/lib\libc_s.a(lib_a-s_fpclassify.o)
                              c:/isis/application/toolchain/bin/../lib/gcc/arm-none-eabi/4.7.4/../../../../arm-none-eabi/lib\libc_s.a(lib_a-vfprintf_float.o) (__fpclassifyd)
c:/isis/application/toolchain/bin/../lib/gcc/arm-none-eabi/4.7.4/../../../../arm-none-eabi/lib\libc_s.a(lib_a-sbrkr.o)
                              c:/isis/application/toolchain/bin/../lib/gcc/arm-none-eabi/4.7.4/../../../../arm-none-eabi/lib\libc_s.a(lib_a-mallocr.o) (_sbrk_r)
c:/isis/application/toolchain/bin/../lib/gcc/arm-none-eabi/4.7.4/../../../../arm-none-eabi/lib\libc_s.a(lib_a-sf_nan.o)
                              c:/isis/application/toolchain/bin/../lib/gcc/arm-none-eabi/4.7.4/../../../../arm-none-eabi/lib\libc_s.a(lib_a-vfscanf_float.o) (nanf)
c:/isis/application/toolchain/bin/../lib/gcc/arm-none-eabi/4.7.4/../../../../arm-none-eabi/lib\libc_s.a(lib_a-sprintf.o)
                              c:/isis/application/toolchain/bin/../lib/gcc/arm-none-eabi/4.7.4/../../../../arm-none-eabi/lib\libc_s.a(lib_a-vfscanf_float.o) (sprintf)
c:/isis/application/toolchain/bin/../lib/gcc/arm-none-eabi/4.7.4/../../../../arm-none-eabi/lib\libc_s.a(lib_a-strcmp.o)
                              c:/isis/application/toolchain/bin/../lib/gcc/arm-none-eabi/4.7.4/../../../../arm-none-eabi/lib\libc_s.a(lib_a-locale.o) (strcmp)
c:/isis/application/toolchain/bin/../lib/gcc/arm-none-eabi/4.7.4/../../../../arm-none-eabi/lib\libc_s.a(lib_a-strlen.o)
                              c:/isis/application/toolchain/bin/../lib/gcc/arm-none-eabi/4.7.4/../../../../arm-none-eabi/lib\libc_s.a(lib_a-vfprintf_float.o) (strlen)
c:/isis/application/toolchain/bin/../lib/gcc/arm-none-eabi/4.7.4/../../../../arm-none-eabi/lib\libc_s.a(lib_a-strtod.o)
                              c:/isis/application/toolchain/bin/../lib/gcc/arm-none-eabi/4.7.4/../../../../arm-none-eabi/lib\libc_s.a(lib_a-vfscanf_float.o) (_strtod_r)
c:/isis/application/toolchain/bin/../lib/gcc/arm-none-eabi/4.7.4/../../../../arm-none-eabi/lib\libc_s.a(lib_a-strtol.o)
                              c:/isis/application/toolchain/bin/../lib/gcc/arm-none-eabi/4.7.4/../../../../arm-none-eabi/lib\libc_s.a(lib_a-vfscanf_float.o) (_strtol_r)
c:/isis/application/toolchain/bin/../lib/gcc/arm-none-eabi/4.7.4/../../../../arm-none-eabi/lib\libc_s.a(lib_a-svfprintf.o)
                              c:/isis/application/toolchain/bin/../lib/gcc/arm-none-eabi/4.7.4/../../../../arm-none-eabi/lib\libc_s.a(lib_a-sprintf.o) (_svfprintf_r)
[...]
Memory Configuration

Name             Origin             Length             Attributes
sram0            0x00200000         0x00004000         w !xr
sram1            0x00300000         0x00004000         w !xr
sdram            0x20000000         0x02000000         w !xr
*default*        0x00000000         0xffffffff

Linker script and memory map

LOAD c:/isis/application/toolchain/bin/../lib/gcc/arm-none-eabi/4.7.4/../../../../arm-none-eabi/lib\libc_s.a
LOAD ./src/sub-systemCode/Main/CMD/COMM_CMD.o
LOAD ./src/sub-systemCode/Main/CMD/EPS_CMD.o
LOAD ./src/sub-systemCode/Main/CMD/General_CMD.o
LOAD ./src/sub-systemCode/Main/CMD/SW_CMD.o
LOAD ./src/sub-systemCode/Main/CMD/payload_CMD.o
LOAD ./src/sub-systemCode/Main/Ants.o
LOAD ./src/sub-systemCode/Main/EPS.o
LOAD ./src/sub-systemCode/Main/HouseKeeping.o
LOAD ./src/sub-systemCode/Main/Main_Init.o
LOAD ./src/sub-systemCode/Main/commands.o
LOAD ./src/sub-systemCode/Global/Global.o
LOAD ./src/sub-systemCode/Global/GlobalParam.o
LOAD ./src/sub-systemCode/Global/OnlineTM.o
LOAD ./src/sub-systemCode/Global/TLM_management.o
LOAD ./src/sub-systemCode/COMM/APRS.o
LOAD ./src/sub-systemCode/COMM/DelayedCommand_list.o
LOAD ./src/sub-systemCode/COMM/GSC.o
LOAD ./src/sub-systemCode/COMM/TRXVU.o
LOAD ./src/sub-systemCode/ADCS/ADCS.o
LOAD ./src/sub-systemCode/ADCS/Stage_Table.o
LOAD ./src/main.o
LOAD C:/Hoopoe3/satellite-subsystems/demo/..//satellite-subsystems/lib\libSatelliteSubsystemsD.a
LOAD c:/isis/application/toolchain/bin/../lib/gcc/arm-none-eabi/4.7.4/../../../../arm-none-eabi/lib\libm.a
LOAD C:/Hoopoe3/satellite-subsystems/demo/../..//hal/hcc/lib\libHCCD.a
LOAD C:/Hoopoe3/satellite-subsystems/demo/../..//hal/hal/lib\libHALD.a
LOAD C:/Hoopoe3/satellite-subsystems/demo/../..//hal/freertos/lib\libFreeRTOSD.a
LOAD C:/Hoopoe3/satellite-subsystems/demo/../..//hal/at91/lib\libAt91D.a
START GROUP
LOAD c:/isis/application/toolchain/bin/../lib/gcc/arm-none-eabi/4.7.4\libgcc.a
LOAD c:/isis/application/toolchain/bin/../lib/gcc/arm-none-eabi/4.7.4/../../../../arm-none-eabi/lib\libc_s.a
END GROUP

.fixed          0x20000000    0x3fca0
                0x20000000                . = ALIGN (0x4)
                0x20000000                _sfixed = .
 *(.startup)
 .startup       0x20000000      0x134 C:/Hoopoe3/satellite-subsystems/demo/../..//hal/at91/lib\libAt91D.a(board_cstartup.o)
                0x20000000                entry
 *(.text)
 .text          0x20000134       0x64 C:/Hoopoe3/satellite-subsystems/demo/../..//hal/at91/lib\libAt91D.a(cp15_asm.o)
                0x20000134                _readControlRegister
                0x20000140                _writeControlRegister
                0x20000148                _waitForInterrupt
                0x20000154                _writeTTB
                0x2000015c                _writeDomain
                0x20000164                _writeITLBLockdown
                0x2000016c                _prefetchICacheLine
                0x20000174                _flushDCache
                0x20000180                _flushWriteBuffer
                0x2000018c                _invalidateIDTLBs
 .text          0x20000198      0x114 c:/isis/application/toolchain/bin/../lib/gcc/arm-none-eabi/4.7.4\libgcc.a(_udivsi3.o)
                0x20000198                __aeabi_uidiv
                0x20000198                __udivsi3
                0x2000028c                __aeabi_uidivmod
 .text          0x200002ac      0x148 c:/isis/application/toolchain/bin/../lib/gcc/arm-none-eabi/4.7.4\libgcc.a(_divsi3.o)
                0x200002ac                __divsi3
                0x200002ac                __aeabi_idiv
                0x200003d4                __aeabi_idivmod
 .text          0x200003f4        0x4 c:/isis/application/toolchain/bin/../lib/gcc/arm-none-eabi/4.7.4\libgcc.a(_dvmd_tls.o)
                0x200003f4                __aeabi_idiv0
                0x200003f4                __aeabi_ldiv0
 .text          0x200003f8      0x41c c:/isis/application/toolchain/bin/../lib/gcc/arm-none-eabi/4.7.4\libgcc.a(_arm_addsubdf3.o)
                0x200003f8                __aeabi_drsub
                0x20000400                __aeabi_dsub
                0x20000400                __subdf3
                0x20000404                __aeabi_dadd
                0x20000404                __adddf3
                0x20000714                __floatunsidf
                0x20000714                __aeabi_ui2d
                0x20000738                __floatsidf
                0x20000738                __aeabi_i2d
                0x20000760                __aeabi_f2d
                0x20000760                __extendsfdf2
                0x200007a0                __floatundidf
                0x200007a0                __aeabi_ul2d
                0x200007b4                __floatdidf
                0x200007b4                __aeabi_l2d
 .text          0x20000814      0x49c c:/isis/application/toolchain/bin/../lib/gcc/arm-none-eabi/4.7.4\libgcc.a(_arm_muldivdf3.o)
                0x20000814                __aeabi_dmul
                0x20000814                __muldf3
                0x20000aa4                __divdf3
                0x20000aa4                __aeabi_ddiv
 .text          0x20000cb0      0x144 c:/isis/application/toolchain/bin/../lib/gcc/arm-none-eabi/4.7.4\libgcc.a(_arm_cmpdf2.o)
                0x20000cb0                __gtdf2
                0x20000cb0                __gedf2
                0x20000cb8                __ltdf2
                0x20000cb8                __ledf2
                0x20000cc0                __nedf2
                0x20000cc0                __eqdf2
                0x20000cc0                __cmpdf2
                0x20000d48                __aeabi_cdrcmple
                0x20000d64                __aeabi_cdcmpeq
                0x20000d64                __aeabi_cdcmple
                0x20000d7c                __aeabi_dcmpeq
                0x20000d94                __aeabi_dcmplt
                0x20000dac                __aeabi_dcmple
                0x20000dc4                __aeabi_dcmpge
                0x20000ddc                __aeabi_dcmpgt
 .text          0x20000df4       0x5c c:/isis/application/toolchain/bin/../lib/gcc/arm-none-eabi/4.7.4\libgcc.a(_arm_fixdfsi.o)
                0x20000df4                __aeabi_d2iz
                0x20000df4                __fixdfsi
 .text          0x20000e50       0x54 c:/isis/application/toolchain/bin/../lib/gcc/arm-none-eabi/4.7.4\libgcc.a(_arm_fixunsdfsi.o)
                0x20000e50                __aeabi_d2uiz
                0x20000e50                __fixunsdfsi
 .text          0x20000ea4       0xa0 c:/isis/application/toolchain/bin/../lib/gcc/arm-none-eabi/4.7.4\libgcc.a(_arm_truncdfsf2.o)
                0x20000ea4                __truncdfsf2
                0x20000ea4                __aeabi_d2f
 .text          0x20000f44      0x2ac c:/isis/application/toolchain/bin/../lib/gcc/arm-none-eabi/4.7.4\libgcc.a(_arm_addsubsf3.o)
                0x20000f44                __aeabi_frsub
                0x20000f4c                __subsf3
                0x20000f4c                __aeabi_fsub
                0x20000f50                __aeabi_fadd
                0x20000f50                __addsf3
                0x2000110c                __aeabi_ui2f
                0x2000110c                __floatunsisf
                0x20001114                __aeabi_i2f
                0x20001114                __floatsisf
                0x20001134                __aeabi_ul2f
                0x20001134                __floatundisf
                0x20001144                __aeabi_l2f
                0x20001144                __floatdisf
 .text          0x200011f0      0x2f8 c:/isis/application/toolchain/bin/../lib/gcc/arm-none-eabi/4.7.4\libgcc.a(_arm_muldivsf3.o)
                0x200011f0                __mulsf3
                0x200011f0                __aeabi_fmul
                0x20001388                __aeabi_fdiv
                0x20001388                __divsf3
 .text          0x200014e8       0x54 c:/isis/application/toolchain/bin/../lib/gcc/arm-none-eabi/4.7.4\libgcc.a(_arm_fixunssfsi.o)
                0x200014e8                __fixunssfsi
                0x200014e8                __aeabi_f2uiz
 *(.text*)
 .text.__cvt    0x2000153c      0x138 c:/isis/application/toolchain/bin/../lib/gcc/arm-none-eabi/4.7.4/../../../../arm-none-eabi/lib\libc_s.a(lib_a-vfprintf_float.o)
                0x2000153c                __cvt
 .text.__exponent
                0x20001674       0xa8 c:/isis/application/toolchain/bin/../lib/gcc/arm-none-eabi/4.7.4/../../../../arm-none-eabi/lib\libc_s.a(lib_a-vfprintf_float.o)
                0x20001674                __exponent
 .text._printf_float
                0x2000171c      0x7dc c:/isis/application/toolchain/bin/../lib/gcc/arm-none-eabi/4.7.4/../../../../arm-none-eabi/lib\libc_s.a(lib_a-vfprintf_float.o)
                0x2000171c                _printf_float
 .text._printf_common
                0x20001ef8      0x174 c:/isis/application/toolchain/bin/../lib/gcc/arm-none-eabi/4.7.4/../../../../arm-none-eabi/lib\libc_s.a(lib_a-vfprintf_i.o)
                0x20001ef8                _printf_common
 .text._printf_i
                0x2000206c      0x3c4 c:/isis/application/toolchain/bin/../lib/gcc/arm-none-eabi/4.7.4/../../../../arm-none-eabi/lib\libc_s.a(lib_a-vfprintf_i.o)
                0x2000206c                _printf_i
 .text._scanf_float
                0x20002430      0x5f4 c:/isis/application/toolchain/bin/../lib/gcc/arm-none-eabi/4.7.4/../../../../arm-none-eabi/lib\libc_s.a(lib_a-vfscanf_float.o)
                0x20002430                _scanf_float
 .text.quorem   0x20002a24      0x1ac c:/isis/application/toolchain/bin/../lib/gcc/arm-none-eabi/4.7.4/../../../../arm-none-eabi/lib\libc_s.a(lib_a-dtoa.o)
 .text._dtoa_r  0x20002bd0     0x1268 c:/isis/application/toolchain/bin/../lib/gcc/arm-none-eabi/4.7.4/../../../../arm-none-eabi/lib\libc_s.a(lib_a-dtoa.o)
                0x20002bd0                _dtoa_r
 .text._localeconv_r
                0x20003e38        0xc c:/isis/application/toolchain/bin/../lib/gcc/arm-none-eabi/4.7.4/../../../../arm-none-eabi/lib\libc_s.a(lib_a-locale.o)
                0x20003e38                _localeconv_r
 .text.malloc   0x20003e44       0x20 c:/isis/application/toolchain/bin/../lib/gcc/arm-none-eabi/4.7.4/../../../../arm-none-eabi/lib\libc_s.a(lib_a-malloc.o)
                0x20003e44                malloc
 .text.free     0x20003e64       0x20 c:/isis/application/toolchain/bin/../lib/gcc/arm-none-eabi/4.7.4/../../../../arm-none-eabi/lib\libc_s.a(lib_a-malloc.o)
                0x20003e64                free
 .text._malloc_r
                0x20003e84       0xfc c:/isis/application/toolchain/bin/../lib/gcc/arm-none-eabi/4.7.4/../../../../arm-none-eabi/lib\libc_s.a(lib_a-mallocr.o)
                0x20003e84                _malloc_r
 .text.memcpy   0x20003f80       0x20 c:/isis/application/toolchain/bin/../lib/gcc/arm-none-eabi/4.7.4/../../../../arm-none-eabi/lib\libc_s.a(lib_a-memcpy.o)
                0x20003f80                memcpy
 .text._Balloc  0x20003fa0       0xcc c:/isis/application/toolchain/bin/../lib/gcc/arm-none-eabi/4.7.4/../../../../arm-none-eabi/lib\libc_s.a(lib_a-mprec.o)
                0x20003fa0                _Balloc
 .text._Bfree   0x2000406c       0x5c c:/isis/application/toolchain/bin/../lib/gcc/arm-none-eabi/4.7.4/../../../../arm-none-eabi/lib\libc_s.a(lib_a-mprec.o)
                0x2000406c                _Bfree
 .text.__multadd
                0x200040c8       0xbc c:/isis/application/toolchain/bin/../lib/gcc/arm-none-eabi/4.7.4/../../../../arm-none-eabi/lib\libc_s.a(lib_a-mprec.o)
                0x200040c8                __multadd
 .text.__s2b    0x20004184       0xd8 c:/isis/application/toolchain/bin/../lib/gcc/arm-none-eabi/4.7.4/../../../../arm-none-eabi/lib\libc_s.a(lib_a-mprec.o)
                0x20004184                __s2b
 .text.__hi0bits
                0x2000425c       0x58 c:/isis/application/toolchain/bin/../lib/gcc/arm-none-eabi/4.7.4/../../../../arm-none-eabi/lib\libc_s.a(lib_a-mprec.o)
                0x2000425c                __hi0bits
 .text.__lo0bits
                0x200042b4       0x94 c:/isis/application/toolchain/bin/../lib/gcc/arm-none-eabi/4.7.4/../../../../arm-none-eabi/lib\libc_s.a(lib_a-mprec.o)
                0x200042b4                __lo0bits
 .text.__i2b    0x20004348       0x24 c:/isis/application/toolchain/bin/../lib/gcc/arm-none-eabi/4.7.4/../../../../arm-none-eabi/lib\libc_s.a(lib_a-mprec.o)
                0x20004348                __i2b
 .text.__multiply
                0x2000436c      0x1ac c:/isis/application/toolchain/bin/../lib/gcc/arm-none-eabi/4.7.4/../../../../arm-none-eabi/lib\libc_s.a(lib_a-mprec.o)
                0x2000436c                __multiply
 .text.__pow5mult
                0x20004518      0x10c c:/isis/application/toolchain/bin/../lib/gcc/arm-none-eabi/4.7.4/../../../../arm-none-eabi/lib\libc_s.a(lib_a-mprec.o)
                0x20004518                __pow5mult
 .text.__lshift
                0x20004624       0xf0 c:/isis/application/toolchain/bin/../lib/gcc/arm-none-eabi/4.7.4/../../../../arm-none-eabi/lib\libc_s.a(lib_a-mprec.o)
                0x20004624                __lshift
 .text.__mcmp   0x20004714       0x60 c:/isis/application/toolchain/bin/../lib/gcc/arm-none-eabi/4.7.4/../../../../arm-none-eabi/lib\libc_s.a(lib_a-mprec.o)
                0x20004714                __mcmp
 .text.__mdiff  0x20004774      0x128 c:/isis/application/toolchain/bin/../lib/gcc/arm-none-eabi/4.7.4/../../../../arm-none-eabi/lib\libc_s.a(lib_a-mprec.o)
                0x20004774                __mdiff
 .text.__ulp    0x2000489c       0x5c c:/isis/application/toolchain/bin/../lib/gcc/arm-none-eabi/4.7.4/../../../../arm-none-eabi/lib\libc_s.a(lib_a-mprec.o)
                0x2000489c                __ulp
 .text.__b2d    0x200048f8       0xc8 c:/isis/application/toolchain/bin/../lib/gcc/arm-none-eabi/4.7.4/../../../../arm-none-eabi/lib\libc_s.a(lib_a-mprec.o)
                0x200048f8                __b2d
 .text.__d2b    0x200049c0       0xfc c:/isis/application/toolchain/bin/../lib/gcc/arm-none-eabi/4.7.4/../../../../arm-none-eabi/lib\libc_s.a(lib_a-mprec.o)
                0x200049c0                __d2b
 .text.__ratio  0x20004abc       0x70 c:/isis/application/toolchain/bin/../lib/gcc/arm-none-eabi/4.7.4/../../../../arm-none-eabi/lib\libc_s.a(lib_a-mprec.o)
                0x20004abc                __ratio
 .text.__copybits
                0x20004b2c       0x4c c:/isis/application/toolchain/bin/../lib/gcc/arm-none-eabi/4.7.4/../../../../arm-none-eabi/lib\libc_s.a(lib_a-mprec.o)
                0x20004b2c                __copybits
 .text.__any_on
                0x20004b78       0x7c c:/isis/application/toolchain/bin/../lib/gcc/arm-none-eabi/4.7.4/../../../../arm-none-eabi/lib\libc_s.a(lib_a-mprec.o)
                0x20004b78                __any_on
 .text.__fpclassifyd
                0x20004bf4       0x6c c:/isis/application/toolchain/bin/../lib/gcc/arm-none-eabi/4.7.4/../../../../arm-none-eabi/lib\libc_s.a(lib_a-s_fpclassify.o)
                0x20004bf4                __fpclassifyd
 .text._sbrk_r  0x20004c60       0x3c c:/isis/application/toolchain/bin/../lib/gcc/arm-none-eabi/4.7.4/../../../../arm-none-eabi/lib\libc_s.a(lib_a-sbrkr.o)
                0x20004c60                _sbrk_r
 .text.nanf     0x20004c9c        0xc c:/isis/application/toolchain/bin/../lib/gcc/arm-none-eabi/4.7.4/../../../../arm-none-eabi/lib\libc_s.a(lib_a-sf_nan.o)
                0x20004c9c                nanf
 .text.sprintf  0x20004ca8       0x6c c:/isis/application/toolchain/bin/../lib/gcc/arm-none-eabi/4.7.4/../../../../arm-none-eabi/lib\libc_s.a(lib_a-sprintf.o)
                0x20004ca8                siprintf
                0x20004ca8                sprintf
 .text.strcmp   0x20004d14       0x1c c:/isis/application/toolchain/bin/../lib/gcc/arm-none-eabi/4.7.4/../../../../arm-none-eabi/lib\libc_s.a(lib_a-strcmp.o)
                0x20004d14                strcmp
 .text.strlen   0x20004d30       0x1c c:/isis/application/toolchain/bin/../lib/gcc/arm-none-eabi/4.7.4/../../../../arm-none-eabi/lib\libc_s.a(lib_a-strlen.o)
                0x20004d30                strlen
 .text.match    0x20004d4c       0x54 c:/isis/application/toolchain/bin/../lib/gcc/arm-none-eabi/4.7.4/../../../../arm-none-eabi/lib\libc_s.a(lib_a-strtod.o)
 .text._strtod_r
                0x20004da0     0x1168 c:/isis/application/toolchain/bin/../lib/gcc/arm-none-eabi/4.7.4/../../../../arm-none-eabi/lib\libc_s.a(lib_a-strtod.o)
                0x20004da0                _strtod_r
 .text._strtol_r
                0x20005f08      0x1b8 c:/isis/application/toolchain/bin/../lib/gcc/arm-none-eabi/4.7.4/../../../../arm-none-eabi/lib\libc_s.a(lib_a-strtol.o)
                0x20005f08                _strtol_r
 .text.__ssputc_r
                0x200060c0      0x10c c:/isis/application/toolchain/bin/../lib/gcc/arm-none-eabi/4.7.4/../../../../arm-none-eabi/lib\libc_s.a(lib_a-svfprintf.o)
                0x200060c0                __ssputc_r
 .text._svfprintf_r
                0x200061cc      0x328 c:/isis/application/toolchain/bin/../lib/gcc/arm-none-eabi/4.7.4/../../../../arm-none-eabi/lib\libc_s.a(lib_a-svfprintf.o)
                0x200061cc                _svfiprintf_r
                0x200061cc                _svfprintf_r
 .text._calloc_r
                0x200064f4       0x2c c:/isis/application/toolchain/bin/../lib/gcc/arm-none-eabi/4.7.4/../../../../arm-none-eabi/lib\libc_s.a(lib_a-callocr.o)
                0x200064f4                _calloc_r
 .text._free_r  0x20006520      0x108 c:/isis/application/toolchain/bin/../lib/gcc/arm-none-eabi/4.7.4/../../../../arm-none-eabi/lib\libc_s.a(lib_a-freer.o)
                0x20006520                _free_r
 .text.rshift   0x20006628       0xb0 c:/isis/application/toolchain/bin/../lib/gcc/arm-none-eabi/4.7.4/../../../../arm-none-eabi/lib\libc_s.a(lib_a-gdtoa-gethex.o)
 .text.htinit.constprop.0
                0x200066d8       0x34 c:/isis/application/toolchain/bin/../lib/gcc/arm-none-eabi/4.7.4/../../../../arm-none-eabi/lib\libc_s.a(lib_a-gdtoa-gethex.o)
 .text.__hexdig_init
                0x2000670c       0x38 c:/isis/application/toolchain/bin/../lib/gcc/arm-none-eabi/4.7.4/../../../../arm-none-eabi/lib\libc_s.a(lib_a-gdtoa-gethex.o)
                0x2000670c                __hexdig_init
 .text.__gethex
                0x20006744      0x6cc c:/isis/application/toolchain/bin/../lib/gcc/arm-none-eabi/4.7.4/../../../../arm-none-eabi/lib\libc_s.a(lib_a-gdtoa-gethex.o)
                0x20006744                __gethex
 .text.L_shift  0x20006e10       0x38 c:/isis/application/toolchain/bin/../lib/gcc/arm-none-eabi/4.7.4/../../../../arm-none-eabi/lib\libc_s.a(lib_a-gdtoa-hexnan.o)
 .text.__hexnan
                0x20006e48      0x1d8 c:/isis/application/toolchain/bin/../lib/gcc/arm-none-eabi/4.7.4/../../../../arm-none-eabi/lib\libc_s.a(lib_a-gdtoa-hexnan.o)
                0x20006e48                __hexnan
 .text.memchr   0x20007020       0x34 c:/isis/application/toolchain/bin/../lib/gcc/arm-none-eabi/4.7.4/../../../../arm-none-eabi/lib\libc_s.a(lib_a-memchr.o)
                0x20007020                memchr
 .text.memset   0x20007054       0x1c c:/isis/application/toolchain/bin/../lib/gcc/arm-none-eabi/4.7.4/../../../../arm-none-eabi/lib\libc_s.a(lib_a-memset.o)
                0x20007054                memset
 .text._realloc_r
                0x20007070       0x80 c:/isis/application/toolchain/bin/../lib/gcc/arm-none-eabi/4.7.4/../../../../arm-none-eabi/lib\libc_s.a(lib_a-reallocr.o)
                0x20007070                _realloc_r
 .text.strncmp  0x200070f0       0x64 c:/isis/application/toolchain/bin/../lib/gcc/arm-none-eabi/4.7.4/../../../../arm-none-eabi/lib\libc_s.a(lib_a-strncmp.o)
                0x200070f0                strncmp
 .text._malloc_usable_size_r
                0x20007154       0x1c c:/isis/application/toolchain/bin/../lib/gcc/arm-none-eabi/4.7.4/../../../../arm-none-eabi/lib\libc_s.a(lib_a-msizer.o)
                0x20007154                _malloc_usable_size_r
 .text.cmd_error
                0x20007170       0x38 ./src/sub-systemCode/Main/CMD/COMM_CMD.o
                0x20007170                cmd_error
 .text.cmd_mute
                0x200071a8       0xc4 ./src/sub-systemCode/Main/CMD/COMM_CMD.o
                0x200071a8                cmd_mute
 .text.cmd_unmute
                0x2000726c       0x4c ./src/sub-systemCode/Main/CMD/COMM_CMD.o
                0x2000726c                cmd_unmute
 .text.cmd_active_trans
                0x200072b8       0xc0 ./src/sub-systemCode/Main/CMD/COMM_CMD.o
                0x200072b8                cmd_active_trans
 .text.cmd_shut_trans
                0x20007378       0x38 ./src/sub-systemCode/Main/CMD/COMM_CMD.o
                0x20007378                cmd_shut_trans
 .text.cmd_change_trans_rssi
                0x200073b0       0xb8 ./src/sub-systemCode/Main/CMD/COMM_CMD.o
                0x200073b0                cmd_change_trans_rssi
 .text.cmd_aprs_dump
                0x20007468       0x50 ./src/sub-systemCode/Main/CMD/COMM_CMD.o
                0x20007468                cmd_aprs_dump
 .text.cmd_stop_dump
                0x200074b8       0x38 ./src/sub-systemCode/Main/CMD/COMM_CMD.o
                0x200074b8                cmd_stop_dump
 .text.cmd_time_frequency
                0x200074f0       0xc0 ./src/sub-systemCode/Main/CMD/COMM_CMD.o
                0x200074f0                cmd_time_frequency
 .text.cmd_upload_volt_logic
                0x200075b0      0x3d0 ./src/sub-systemCode/Main/CMD/EPS_CMD.o
                0x200075b0                cmd_upload_volt_logic
 .text.cmd_upload_volt_COMM
                0x20007980      0x1c8 ./src/sub-systemCode/Main/CMD/EPS_CMD.o
                0x20007980                cmd_upload_volt_COMM
 .text.cmd_heater_temp
                0x20007b48       0xc0 ./src/sub-systemCode/Main/CMD/EPS_CMD.o
                0x20007b48                cmd_heater_temp
 .text.cmd_SHUT_CAM
                0x20007c08       0x6c ./src/sub-systemCode/Main/CMD/EPS_CMD.o
                0x20007c08                cmd_SHUT_CAM
 .text.cmd_SHUT_ADCS
                0x20007c74       0x6c ./src/sub-systemCode/Main/CMD/EPS_CMD.o
                0x20007c74                cmd_SHUT_ADCS
 .text.cmd_allow_CAM
                0x20007ce0       0x6c ./src/sub-systemCode/Main/CMD/EPS_CMD.o
                0x20007ce0                cmd_allow_CAM
 .text.cmd_allow_ADCS
                0x20007d4c       0x6c ./src/sub-systemCode/Main/CMD/EPS_CMD.o
                0x20007d4c                cmd_allow_ADCS
 .text.cmd_generic_I2C
                0x20007db8       0xb4 ./src/sub-systemCode/Main/CMD/General_CMD.o
                0x20007db8                cmd_generic_I2C
 .text.cmd_dump
                0x20007e6c       0xf0 ./src/sub-systemCode/Main/CMD/General_CMD.o
                0x20007e6c                cmd_dump
 .text.cmd_delete_TM
                0x20007f5c      0x218 ./src/sub-systemCode/Main/CMD/General_CMD.o
                0x20007f5c                cmd_delete_TM
 .text.cmd_reset_file
                0x20008174      0x118 ./src/sub-systemCode/Main/CMD/General_CMD.o
                0x20008174                cmd_reset_file
 .text.cmd_dummy_func
                0x2000828c       0x40 ./src/sub-systemCode/Main/CMD/General_CMD.o
                0x2000828c                cmd_dummy_func
 .text.cmd_reset_TLM_SD
                0x200082cc       0x38 ./src/sub-systemCode/Main/CMD/General_CMD.o
                0x200082cc                cmd_reset_TLM_SD
 .text.cmd_soft_reset_cmponent
                0x20008304       0xb0 ./src/sub-systemCode/Main/CMD/General_CMD.o
                0x20008304                cmd_soft_reset_cmponent
 .text.cmd_hard_reset_cmponent
                0x200083b4       0xb0 ./src/sub-systemCode/Main/CMD/General_CMD.o
                0x200083b4                cmd_hard_reset_cmponent
 .text.cmd_reset_satellite
                0x20008464       0x78 ./src/sub-systemCode/Main/CMD/General_CMD.o
                0x20008464                cmd_reset_satellite
 .text.cmd_gracefull_reset_satellite
                0x200084dc       0x78 ./src/sub-systemCode/Main/CMD/General_CMD.o
                0x200084dc                cmd_gracefull_reset_satellite
 .text.cmd_upload_time
                0x20008554       0xb0 ./src/sub-systemCode/Main/CMD/General_CMD.o
                0x20008554                cmd_upload_time
 .text.cmd_ARM_DIARM
                0x20008604       0xd4 ./src/sub-systemCode/Main/CMD/General_CMD.o
                0x20008604                cmd_ARM_DIARM
 .text.cmd_get_onlineTM
                0x200086d8       0xb8 ./src/sub-systemCode/Main/CMD/General_CMD.o
                0x200086d8                cmd_get_onlineTM
 .text.cmd_reset_off_line
                0x20008790       0x68 ./src/sub-systemCode/Main/CMD/General_CMD.o
                0x20008790                cmd_reset_off_line
 .text.cmd_add_item_off_line
                0x200087f8       0xf0 ./src/sub-systemCode/Main/CMD/General_CMD.o
                0x200087f8                cmd_add_item_off_line
 .text.cmd_reset_delayed_command_list
                0x200088e8       0x3c ./src/sub-systemCode/Main/CMD/SW_CMD.o
                0x200088e8                cmd_reset_delayed_command_list
 .text.cmd_reset_APRS_list
                0x20008924       0x3c ./src/sub-systemCode/Main/CMD/SW_CMD.o
                0x20008924                cmd_reset_APRS_list
 .text.cmd_reset_FRAM
                0x20008960       0xe8 ./src/sub-systemCode/Main/CMD/SW_CMD.o
                0x20008960                cmd_reset_FRAM
 .text.ARM_ants
                0x20008a48       0xb8 ./src/sub-systemCode/Main/Ants.o
                0x20008a48                ARM_ants
 .text.DISARM_ants
                0x20008b00       0xb8 ./src/sub-systemCode/Main/Ants.o
                0x20008b00                DISARM_ants
 .text.round_vol
                0x20008bb8      0x124 ./src/sub-systemCode/Main/EPS.o
                0x20008bb8                round_vol
 .text.get_shut_ADCS
                0x20008cdc       0x48 ./src/sub-systemCode/Main/EPS.o
                0x20008cdc                get_shut_ADCS
 .text.shut_ADCS
                0x20008d24       0x44 ./src/sub-systemCode/Main/EPS.o
                0x20008d24                shut_ADCS
 .text.get_shut_CAM
                0x20008d68       0x48 ./src/sub-systemCode/Main/EPS.o
                0x20008d68                get_shut_CAM
 .text.shut_CAM
                0x20008db0       0x44 ./src/sub-systemCode/Main/EPS.o
                0x20008db0                shut_CAM
 .text.update_powerLines
                0x20008df4       0xec ./src/sub-systemCode/Main/EPS.o
                0x20008df4                update_powerLines
 .text.init_enterMode
                0x20008ee0       0x88 ./src/sub-systemCode/Main/EPS.o
                0x20008ee0                init_enterMode
 .text.EPS_Init
                0x20008f68      0x1c8 ./src/sub-systemCode/Main/EPS.o
                0x20008f68                EPS_Init
 .text.reset_FRAM_EPS
                0x20009130       0xa4 ./src/sub-systemCode/Main/EPS.o
                0x20009130                reset_FRAM_EPS
 .text.reset_EPS_voltages
                0x200091d4       0xbc ./src/sub-systemCode/Main/EPS.o
                0x200091d4                reset_EPS_voltages
 .text.battery_downward
                0x20009290      0x114 ./src/sub-systemCode/Main/EPS.o
                0x20009290                battery_downward
 .text.battery_upward
                0x200093a4      0x120 ./src/sub-systemCode/Main/EPS.o
                0x200093a4                battery_upward
 .text.EPS_Conditioning
                0x200094c4      0x1a4 ./src/sub-systemCode/Main/EPS.o
                0x200094c4                EPS_Conditioning
 .text.overRide_ADCS
                0x20009668       0x50 ./src/sub-systemCode/Main/EPS.o
                0x20009668                overRide_ADCS
 .text.overRide_Camera
                0x200096b8       0x38 ./src/sub-systemCode/Main/EPS.o
                0x200096b8                overRide_Camera
 .text.EnterFullMode
                0x200096f0       0xfc ./src/sub-systemCode/Main/EPS.o
                0x200096f0                EnterFullMode
 .text.EnterCruiseMode
                0x200097ec       0xec ./src/sub-systemCode/Main/EPS.o
                0x200097ec                EnterCruiseMode
 .text.EnterSafeMode
                0x200098d8       0xec ./src/sub-systemCode/Main/EPS.o
                0x200098d8                EnterSafeMode
 .text.EnterCriticalMode
                0x200099c4       0xd8 ./src/sub-systemCode/Main/EPS.o
                0x200099c4                EnterCriticalMode
 .text.find_fileName
                0x20009a9c      0x59c ./src/sub-systemCode/Main/HouseKeeping.o
                0x20009a9c                find_fileName
 .text.size_of_element
                0x2000a038       0xd4 ./src/sub-systemCode/Main/HouseKeeping.o
                0x2000a038                size_of_element
 .text.save_ACK
                0x2000a10c       0xa0 ./src/sub-systemCode/Main/HouseKeeping.o
                0x2000a10c                save_ACK
 .text.set_GP_EPS
                0x2000a1ac      0x10c ./src/sub-systemCode/Main/HouseKeeping.o
                0x2000a1ac                set_GP_EPS
 .text.set_GP_COMM
                0x2000a2b8       0x88 ./src/sub-systemCode/Main/HouseKeeping.o
                0x2000a2b8                set_GP_COMM
 .text.SP_HK_collect
                0x2000a340      0x17c ./src/sub-systemCode/Main/HouseKeeping.o
                0x2000a340                SP_HK_collect
 .text.EPS_HK_collect
                0x2000a4bc      0x4d8 ./src/sub-systemCode/Main/HouseKeeping.o
                0x2000a4bc                EPS_HK_collect
 .text.CAM_HK_collect
                0x2000a994      0x91c ./src/sub-systemCode/Main/HouseKeeping.o
                0x2000a994                CAM_HK_collect
 .text.COMM_HK_collect
                0x2000b2b0      0x154 ./src/sub-systemCode/Main/HouseKeeping.o
                0x2000b2b0                COMM_HK_collect
 .text.COMM_create_file
                0x2000b404       0x74 ./src/sub-systemCode/Main/HouseKeeping.o
                0x2000b404                COMM_create_file
 .text.ACK_create_file
                0x2000b478       0x74 ./src/sub-systemCode/Main/HouseKeeping.o
                0x2000b478                ACK_create_file
 .text.EPS_create_file
                0x2000b4ec       0x74 ./src/sub-systemCode/Main/HouseKeeping.o
                0x2000b4ec                EPS_create_file
 .text.CAM_create_file
                0x2000b560       0x54 ./src/sub-systemCode/Main/HouseKeeping.o
                0x2000b560                CAM_create_file
 .text.SP_create_file
                0x2000b5b4       0x54 ./src/sub-systemCode/Main/HouseKeeping.o
                0x2000b5b4                SP_create_file
 .text.create_files
                0x2000b608       0x48 ./src/sub-systemCode/Main/HouseKeeping.o
                0x2000b608                create_files
 .text.save_SP_HK
                0x2000b650       0x70 ./src/sub-systemCode/Main/HouseKeeping.o
                0x2000b650                save_SP_HK
 .text.save_EPS_HK
                0x2000b6c0       0x70 ./src/sub-systemCode/Main/HouseKeeping.o
                0x2000b6c0                save_EPS_HK
 .text.save_CAM_HK
                0x2000b730       0x84 ./src/sub-systemCode/Main/HouseKeeping.o
                0x2000b730                save_CAM_HK
 .text.save_COMM_HK
                0x2000b7b4       0x70 ./src/sub-systemCode/Main/HouseKeeping.o
                0x2000b7b4                save_COMM_HK
 .text.EPS_HK_raw_BigEnE
                0x2000b824      0x194 ./src/sub-systemCode/Main/HouseKeeping.o
                0x2000b824                EPS_HK_raw_BigEnE
 .text.CAM_HK_raw_BigEnE
                0x2000b9b8      0x194 ./src/sub-systemCode/Main/HouseKeeping.o
                0x2000b9b8                CAM_HK_raw_BigEnE
 .text.COMM_HK_raw_BigEnE
                0x2000bb4c      0x194 ./src/sub-systemCode/Main/HouseKeeping.o
                0x2000bb4c                COMM_HK_raw_BigEnE
 .text.ADCS_HK_raw_BigEnE
                0x2000bce0      0x194 ./src/sub-systemCode/Main/HouseKeeping.o
                0x2000bce0                ADCS_HK_raw_BigEnE
 .text.ADCS_SC_raw_BigEnE
                0x2000be74      0x188 ./src/sub-systemCode/Main/HouseKeeping.o
                0x2000be74                ADCS_SC_raw_BigEnE
 .text.build_HK_spl_packet
                0x2000bffc      0x990 ./src/sub-systemCode/Main/HouseKeeping.o
                0x2000bffc                build_HK_spl_packet
 .text.HouseKeeping_highRate_Task
                0x2000c98c       0x60 ./src/sub-systemCode/Main/HouseKeeping.o
                0x2000c98c                HouseKeeping_highRate_Task
 .text.HouseKeeping_lowRate_Task
                0x2000c9ec       0x5c ./src/sub-systemCode/Main/HouseKeeping.o
                0x2000c9ec                HouseKeeping_lowRate_Task
 .text.test_menu
                0x2000ca48       0xd8 ./src/sub-systemCode/Main/Main_Init.o
                0x2000ca48                test_menu
 .text.numberOfRestarts
                0x2000cb20       0x94 ./src/sub-systemCode/Main/Main_Init.o
                0x2000cb20                numberOfRestarts
 .text.StartFRAM
                0x2000cbb4       0x38 ./src/sub-systemCode/Main/Main_Init.o
                0x2000cbb4                StartFRAM
 .text.StartI2C
                0x2000cbec       0x44 ./src/sub-systemCode/Main/Main_Init.o
                0x2000cbec                StartI2C
 .text.StartSPI
                0x2000cc30       0x40 ./src/sub-systemCode/Main/Main_Init.o
                0x2000cc30                StartSPI
 .text.StartTIME
                0x2000cc70      0x118 ./src/sub-systemCode/Main/Main_Init.o
                0x2000cc70                StartTIME
 .text.first_activation
                0x2000cd88       0x78 ./src/sub-systemCode/Main/Main_Init.o
                0x2000cd88                first_activation
 .text.InitSubsystems
                0x2000ce00       0x68 ./src/sub-systemCode/Main/Main_Init.o
                0x2000ce00                InitSubsystems
 .text.SubSystemTaskStart
                0x2000ce68      0x11c ./src/sub-systemCode/Main/Main_Init.o
                0x2000ce68                SubSystemTaskStart
 .text.copy_command
                0x2000cf84       0x80 ./src/sub-systemCode/Main/commands.o
                0x2000cf84                copy_command
 .text.reset_command
                0x2000d004       0x28 ./src/sub-systemCode/Main/commands.o
                0x2000d004                reset_command
 .text.init_command
                0x2000d02c       0xd4 ./src/sub-systemCode/Main/commands.o
                0x2000d02c                init_command
 .text.add_command
                0x2000d100      0x138 ./src/sub-systemCode/Main/commands.o
                0x2000d100                add_command
 .text.get_command
                0x2000d238      0x1cc ./src/sub-systemCode/Main/commands.o
                0x2000d238                get_command
 .text.act_upon_command
                0x2000d404      0x240 ./src/sub-systemCode/Main/commands.o
                0x2000d404                act_upon_command
 .text.AUC_COMM
                0x2000d644      0x200 ./src/sub-systemCode/Main/commands.o
                0x2000d644                AUC_COMM
 .text.AUC_general
                0x2000d844      0x17c ./src/sub-systemCode/Main/commands.o
                0x2000d844                AUC_general
 .text.AUC_payload
                0x2000d9c0      0x110 ./src/sub-systemCode/Main/commands.o
                0x2000d9c0                AUC_payload
 .text.AUC_EPS  0x2000dad0      0x248 ./src/sub-systemCode/Main/commands.o
                0x2000dad0                AUC_EPS
 .text.AUC_ADCS
                0x2000dd18       0x5c ./src/sub-systemCode/Main/commands.o
                0x2000dd18                AUC_ADCS
 .text.AUC_GS   0x2000dd74      0x20c ./src/sub-systemCode/Main/commands.o
                0x2000dd74                AUC_GS
 .text.AUC_SW   0x2000df80       0xe4 ./src/sub-systemCode/Main/commands.o
                0x2000df80                AUC_SW
 .text.AUC_onlineTM
                0x2000e064      0x16c ./src/sub-systemCode/Main/commands.o
                0x2000e064                AUC_onlineTM
 .text.AUC_special_operation
                0x2000e1d0       0x8c ./src/sub-systemCode/Main/commands.o
                0x2000e1d0                AUC_special_operation
 .text.check_int
                0x2000e25c       0x3c ./src/sub-systemCode/Global/Global.o
                0x2000e25c                check_int
 .text.check_portBASE_TYPE
                0x2000e298       0x3c ./src/sub-systemCode/Global/Global.o
                0x2000e298                check_portBASE_TYPE
 .text.soft_reset_subsystem
                0x2000e2d4       0xd8 ./src/sub-systemCode/Global/Global.o
                0x2000e2d4                soft_reset_subsystem
 .text.hard_reset_subsystem
                0x2000e3ac       0xfc ./src/sub-systemCode/Global/Global.o
                0x2000e3ac                hard_reset_subsystem
 .text.BigEnE_raw_to_uInt
                0x2000e4a8       0x94 ./src/sub-systemCode/Global/Global.o
                0x2000e4a8                BigEnE_raw_to_uInt
 .text.BigEnE_raw_to_uShort
                0x2000e53c       0x50 ./src/sub-systemCode/Global/Global.o
                0x2000e53c                BigEnE_raw_to_uShort
 .text.BigEnE_uInt_to_raw
                0x2000e58c       0x78 ./src/sub-systemCode/Global/Global.o
                0x2000e58c                BigEnE_uInt_to_raw
 .text.reset_FRAM_MAIN
                0x2000e604      0x19c ./src/sub-systemCode/Global/Global.o
                0x2000e604                reset_FRAM_MAIN
 .text.init_GP  0x2000e7a0      0x300 ./src/sub-systemCode/Global/GlobalParam.o
                0x2000e7a0                init_GP
 .text.get_system_state
                0x2000eaa0      0x268 ./src/sub-systemCode/Global/GlobalParam.o
                0x2000eaa0                get_system_state
 .text.set_system_state
                0x2000ed08      0x298 ./src/sub-systemCode/Global/GlobalParam.o
                0x2000ed08                set_system_state
 .text.get_current_global_param
                0x2000efa0      0x5c8 ./src/sub-systemCode/Global/GlobalParam.o
                0x2000efa0                get_current_global_param
 .text.set_Vbatt
                0x2000f568       0x8c ./src/sub-systemCode/Global/GlobalParam.o
                0x2000f568                set_Vbatt
 .text.get_Vbatt
                0x2000f5f4       0x8c ./src/sub-systemCode/Global/GlobalParam.o
                0x2000f5f4                get_Vbatt
 .text.set_curBat
                0x2000f680       0x8c ./src/sub-systemCode/Global/GlobalParam.o
                0x2000f680                set_curBat
 .text.set_cur3V3
                0x2000f70c       0x8c ./src/sub-systemCode/Global/GlobalParam.o
                0x2000f70c                set_cur3V3
 .text.set_cur5V
                0x2000f798       0x8c ./src/sub-systemCode/Global/GlobalParam.o
                0x2000f798                set_cur5V
 .text.set_tempComm_LO
                0x2000f824       0x8c ./src/sub-systemCode/Global/GlobalParam.o
                0x2000f824                set_tempComm_LO
 .text.set_tempComm_PA
                0x2000f8b0       0x8c ./src/sub-systemCode/Global/GlobalParam.o
                0x2000f8b0                set_tempComm_PA
 .text.set_tempEPS
                0x2000f93c       0xc8 ./src/sub-systemCode/Global/GlobalParam.o
                0x2000f93c                set_tempEPS
 .text.set_tempBatt
                0x2000fa04       0xc8 ./src/sub-systemCode/Global/GlobalParam.o
                0x2000fa04                set_tempBatt
 .text.set_RxDoppler
                0x2000facc       0x8c ./src/sub-systemCode/Global/GlobalParam.o
                0x2000facc                set_RxDoppler
 .text.set_RxRSSI
                0x2000fb58       0x8c ./src/sub-systemCode/Global/GlobalParam.o
                0x2000fb58                set_RxRSSI
 .text.set_TxRefl
                0x2000fbe4       0x8c ./src/sub-systemCode/Global/GlobalParam.o
                0x2000fbe4                set_TxRefl
 .text.set_TxForw
                0x2000fc70       0x8c ./src/sub-systemCode/Global/GlobalParam.o
                0x2000fc70                set_TxForw
 .text.get_ST   0x2000fcfc       0x8c ./src/sub-systemCode/Global/GlobalParam.o
                0x2000fcfc                get_ST
 .text.set_numOfAPRS
                0x2000fd88       0x8c ./src/sub-systemCode/Global/GlobalParam.o
                0x2000fd88                set_numOfAPRS
 .text.set_numOfDelayedCommand
                0x2000fe14       0x8c ./src/sub-systemCode/Global/GlobalParam.o
                0x2000fe14                set_numOfDelayedCommand
 .text.set_numOfResets
                0x2000fea0       0xac ./src/sub-systemCode/Global/GlobalParam.o
                0x2000fea0                set_numOfResets
 .text.set_ground_conn
                0x2000ff4c       0xa0 ./src/sub-systemCode/Global/GlobalParam.o
                0x2000ff4c                set_ground_conn
 .text.get_ground_conn
                0x2000ffec       0xa0 ./src/sub-systemCode/Global/GlobalParam.o
                0x2000ffec                get_ground_conn
 .text.IsisAntS_getStatusData_sideA
                0x2001008c       0x3c ./src/sub-systemCode/Global/OnlineTM.o
                0x2001008c                IsisAntS_getStatusData_sideA
 .text.IsisAntS_getAlltelemetry_sideA
                0x200100c8       0x3c ./src/sub-systemCode/Global/OnlineTM.o
                0x200100c8                IsisAntS_getAlltelemetry_sideA
 .text.IsisAntS_getTemperature_sideA
                0x20010104       0x3c ./src/sub-systemCode/Global/OnlineTM.o
                0x20010104                IsisAntS_getTemperature_sideA
 .text.IsisAntS_getStatusData_sideB
                0x20010140       0x3c ./src/sub-systemCode/Global/OnlineTM.o
                0x20010140                IsisAntS_getStatusData_sideB
 .text.IsisAntS_getAlltelemetry_sideB
                0x2001017c       0x3c ./src/sub-systemCode/Global/OnlineTM.o
                0x2001017c                IsisAntS_getAlltelemetry_sideB
 .text.IsisAntS_getTemperature_sideB
                0x200101b8       0x3c ./src/sub-systemCode/Global/OnlineTM.o
                0x200101b8                IsisAntS_getTemperature_sideB
 .text.init_onlineParam
                0x200101f4      0xc80 ./src/sub-systemCode/Global/OnlineTM.o
                0x200101f4                init_onlineParam
 .text.reset_offline_TM_list
                0x20010e74       0x50 ./src/sub-systemCode/Global/OnlineTM.o
                0x20010e74                reset_offline_TM_list
 .text.get_online_packet
                0x20010ec4      0x254 ./src/sub-systemCode/Global/OnlineTM.o
                0x20010ec4                get_online_packet
 .text.save_onlineTM_param
                0x20011118      0x1d8 ./src/sub-systemCode/Global/OnlineTM.o
                0x20011118                save_onlineTM_param
 .text.add_onlineTM_param_to_save_list
                0x200112f0      0x214 ./src/sub-systemCode/Global/OnlineTM.o
                0x200112f0                add_onlineTM_param_to_save_list
 .text.save_onlineTM_logic
                0x20011504      0x180 ./src/sub-systemCode/Global/OnlineTM.o
                0x20011504                save_onlineTM_logic
 .text.save_onlineTM_task
                0x20011684       0x38 ./src/sub-systemCode/Global/OnlineTM.o
                0x20011684                save_onlineTM_task
 .text.delete_allTMFilesFromSD
                0x200116bc       0xf8 ./src/sub-systemCode/Global/TLM_management.o
                0x200116bc                delete_allTMFilesFromSD
 .text.getNumOfFilesInFS
                0x200117b4       0x44 ./src/sub-systemCode/Global/TLM_management.o
 .text.setNumOfFilesInFS
                0x200117f8       0x50 ./src/sub-systemCode/Global/TLM_management.o
 .text.InitializeFS
                0x20011848      0x174 ./src/sub-systemCode/Global/TLM_management.o
                0x20011848                InitializeFS
 .text.c_fileCreate
                0x200119bc       0xf4 ./src/sub-systemCode/Global/TLM_management.o
                0x200119bc                c_fileCreate
 .text.writewithEpochtime
                0x20011ab0       0x9c ./src/sub-systemCode/Global/TLM_management.o
 .text.get_C_FILE_struct
                0x20011b4c      0x104 ./src/sub-systemCode/Global/TLM_management.o
 .text.getFileIndex
                0x20011c50       0x4c ./src/sub-systemCode/Global/TLM_management.o
 .text.get_file_name_by_index
                0x20011c9c       0x54 ./src/sub-systemCode/Global/TLM_management.o
                0x20011c9c                get_file_name_by_index
 .text.c_fileReset
                0x20011cf0       0xbc ./src/sub-systemCode/Global/TLM_management.o
                0x20011cf0                c_fileReset
 .text.c_fileWrite
                0x20011dac      0x11c ./src/sub-systemCode/Global/TLM_management.o
                0x20011dac                c_fileWrite
 .text.deleteElementsFromFile
                0x20011ec8      0x11c ./src/sub-systemCode/Global/TLM_management.o
 .text.c_fileDeleteElements
                0x20011fe4      0x168 ./src/sub-systemCode/Global/TLM_management.o
                0x20011fe4                c_fileDeleteElements
 .text.c_fileRead
                0x2001214c      0x28c ./src/sub-systemCode/Global/TLM_management.o
                0x2001214c                c_fileRead
 .text.reset_APRS_list
                0x200123d8       0xa4 ./src/sub-systemCode/COMM/APRS.o
                0x200123d8                reset_APRS_list
 .text.send_APRS_Dump
                0x2001247c      0x1c4 ./src/sub-systemCode/COMM/APRS.o
                0x2001247c                send_APRS_Dump
 .text.check_APRS
                0x20012640      0x1a4 ./src/sub-systemCode/COMM/APRS.o
                0x20012640                check_APRS
 .text.get_APRS_list
                0x200127e4       0x88 ./src/sub-systemCode/COMM/APRS.o
                0x200127e4                get_APRS_list
 .text.find_CMD_in_list
                0x2001286c       0x7c ./src/sub-systemCode/COMM/DelayedCommand_list.o
                0x2001286c                find_CMD_in_list
 .text.find_empty_in_list
                0x200128e8       0x74 ./src/sub-systemCode/COMM/DelayedCommand_list.o
                0x200128e8                find_empty_in_list
 .text.check_delayCommandTime
                0x2001295c       0x8c ./src/sub-systemCode/COMM/DelayedCommand_list.o
                0x2001295c                check_delayCommandTime
 .text.execute_delayedCommand
                0x200129e8       0x64 ./src/sub-systemCode/COMM/DelayedCommand_list.o
                0x200129e8                execute_delayedCommand
 .text.check_delaycommand
                0x20012a4c      0x17c ./src/sub-systemCode/COMM/DelayedCommand_list.o
                0x20012a4c                check_delaycommand
 .text.reset_delayCommand
                0x20012bc8       0x8c ./src/sub-systemCode/COMM/DelayedCommand_list.o
                0x20012bc8                reset_delayCommand
 .text.add_delayCommand
                0x20012c54      0x1a4 ./src/sub-systemCode/COMM/DelayedCommand_list.o
                0x20012c54                add_delayCommand
 .text.get_delayCommand_list
                0x20012df8       0x80 ./src/sub-systemCode/COMM/DelayedCommand_list.o
                0x20012df8                get_delayCommand_list
 .text.EmptyOldestCommand
                0x20012e78       0xfc ./src/sub-systemCode/COMM/DelayedCommand_list.o
                0x20012e78                EmptyOldestCommand
 .text.decode_TCpacket
                0x20012f74      0x16c ./src/sub-systemCode/COMM/GSC.o
                0x20012f74                decode_TCpacket
 .text.encode_TCpacket
                0x200130e0      0x114 ./src/sub-systemCode/COMM/GSC.o
                0x200130e0                encode_TCpacket
 .text.encode_TMpacket
                0x200131f4      0x104 ./src/sub-systemCode/COMM/GSC.o
                0x200131f4                encode_TMpacket
 .text.build_raw_ACK
                0x200132f8       0xbc ./src/sub-systemCode/COMM/GSC.o
                0x200132f8                build_raw_ACK
 .text.build_data_field_ACK
                0x200133b4       0x74 ./src/sub-systemCode/COMM/GSC.o
                0x200133b4                build_data_field_ACK
 .text.init_trxvu
                0x20013428      0x134 ./src/sub-systemCode/COMM/TRXVU.o
                0x20013428                init_trxvu
 .text.TRXVU_task
                0x2001355c      0x18c ./src/sub-systemCode/COMM/TRXVU.o
                0x2001355c                TRXVU_task
 .text.dump_logic
                0x200136e8      0x2ec ./src/sub-systemCode/COMM/TRXVU.o
                0x200136e8                dump_logic
 .text.Dump_task
                0x200139d4      0x16c ./src/sub-systemCode/COMM/TRXVU.o
                0x200139d4                Dump_task
 .text.transponder_logic
                0x20013b40       0xbc ./src/sub-systemCode/COMM/TRXVU.o
                0x20013b40                transponder_logic
 .text.Transponder_task
                0x20013bfc      0x1e0 ./src/sub-systemCode/COMM/TRXVU.o
                0x20013bfc                Transponder_task
 .text.lookForRequestToDelete_transponder
                0x20013ddc       0xac ./src/sub-systemCode/COMM/TRXVU.o
                0x20013ddc                lookForRequestToDelete_transponder
 .text.lookForRequestToDelete_dump
                0x20013e88       0x7c ./src/sub-systemCode/COMM/TRXVU.o
                0x20013e88                lookForRequestToDelete_dump
 .text.sendRequestToStop_dump
                0x20013f04       0x8c ./src/sub-systemCode/COMM/TRXVU.o
                0x20013f04                sendRequestToStop_dump
 .text.sendRequestToStop_transponder
                0x20013f90       0x98 ./src/sub-systemCode/COMM/TRXVU.o
                0x20013f90                sendRequestToStop_transponder
 .text.Rx_logic
                0x20014028      0x188 ./src/sub-systemCode/COMM/TRXVU.o
                0x20014028                Rx_logic
 .text.pass_above_Ground
                0x200141b0      0x104 ./src/sub-systemCode/COMM/TRXVU.o
                0x200141b0                pass_above_Ground
 .text.trxvu_logic
                0x200142b4       0x1c ./src/sub-systemCode/COMM/TRXVU.o
                0x200142b4                trxvu_logic
 .text.Beacon_task
                0x200142d0      0x1d8 ./src/sub-systemCode/COMM/TRXVU.o
                0x200142d0                Beacon_task
 .text.buildAndSend_beacon
                0x200144a8      0x614 ./src/sub-systemCode/COMM/TRXVU.o
                0x200144a8                buildAndSend_beacon
 .text.reset_FRAM_TRXVU
                0x20014abc       0xc0 ./src/sub-systemCode/COMM/TRXVU.o
                0x20014abc                reset_FRAM_TRXVU
 .text.TRX_sendFrame
                0x20014b7c      0x23c ./src/sub-systemCode/COMM/TRXVU.o
                0x20014b7c                TRX_sendFrame
 .text.TRX_getFrameData
                0x20014db8      0x128 ./src/sub-systemCode/COMM/TRXVU.o
                0x20014db8                TRX_getFrameData
 .text.mute_Tx  0x20014ee0       0x20 ./src/sub-systemCode/COMM/TRXVU.o
                0x20014ee0                mute_Tx
 .text.unmute_Tx
                0x20014f00       0x54 ./src/sub-systemCode/COMM/TRXVU.o
                0x20014f00                unmute_Tx
 .text.check_time_off_mute
                0x20014f54       0x74 ./src/sub-systemCode/COMM/TRXVU.o
                0x20014f54                check_time_off_mute
 .text.set_mute_time
                0x20014fc8       0xb4 ./src/sub-systemCode/COMM/TRXVU.o
                0x20014fc8                set_mute_time
 .text.change_TRXVU_state
                0x2001507c       0x98 ./src/sub-systemCode/COMM/TRXVU.o
                0x2001507c                change_TRXVU_state
 .text.change_trans_RSSI
                0x20015114       0x60 ./src/sub-systemCode/COMM/TRXVU.o
                0x20015114                change_trans_RSSI
 .text.init_adcs
                0x20015174      0x104 ./src/sub-systemCode/ADCS/ADCS.o
                0x20015174                init_adcs
 .text.telemtryStart
                0x20015278      0x16c ./src/sub-systemCode/ADCS/Stage_Table.o
                0x20015278                telemtryStart
 .text.powerStart
                0x200153e4       0x5c ./src/sub-systemCode/ADCS/Stage_Table.o
                0x200153e4                powerStart
 .text.createTable
                0x20015440       0xb4 ./src/sub-systemCode/ADCS/Stage_Table.o
                0x20015440                createTable
 .text.buildControlMode
                0x200154f4       0x60 ./src/sub-systemCode/ADCS/Stage_Table.o
                0x200154f4                buildControlMode
 .text.Check_Table
                0x20015554      0x178 ./src/sub-systemCode/ADCS/Stage_Table.o
                0x20015554                Check_Table
 .text.updateTable
                0x200156cc      0x1f0 ./src/sub-systemCode/ADCS/Stage_Table.o
                0x200156cc                updateTable
 .text.translateCommandFULL
                0x200158bc       0x78 ./src/sub-systemCode/ADCS/Stage_Table.o
                0x200158bc                translateCommandFULL
 .text.getTableTo
                0x20015934       0x64 ./src/sub-systemCode/ADCS/Stage_Table.o
                0x20015934                getTableTo
 .text.save_time
                0x20015998       0x9c ./src/main.o
                0x20015998                save_time
 .text.Command_logic
                0x20015a34       0x6c ./src/main.o
                0x20015a34                Command_logic
 .text.taskMain
                0x20015aa0       0x74 ./src/main.o
                0x20015aa0                taskMain
 .text.main     0x20015b14       0xbc ./src/main.o
                0x20015b14                main
 .text.GomEpsInitialize
                0x20015bd0      0x148 C:/Hoopoe3/satellite-subsystems/demo/..//satellite-subsystems/lib\libSatelliteSubsystemsD.a(GomEPS.o)
                0x20015bd0                GomEpsInitialize
 .text.makeEPStransfer
                0x20015d18       0x3c C:/Hoopoe3/satellite-subsystems/demo/..//satellite-subsystems/lib\libSatelliteSubsystemsD.a(GomEPS.o)
 .text.GomEpsSoftReset
                0x20015d54       0xc4 C:/Hoopoe3/satellite-subsystems/demo/..//satellite-subsystems/lib\libSatelliteSubsystemsD.a(GomEPS.o)
                0x20015d54                GomEpsSoftReset
 .text.GomEpsHardReset
                0x20015e18       0xa8 C:/Hoopoe3/satellite-subsystems/demo/..//satellite-subsystems/lib\libSatelliteSubsystemsD.a(GomEPS.o)
                0x20015e18                GomEpsHardReset
 .text.GomEpsGetHkData_param
                0x20015ec0      0x29c C:/Hoopoe3/satellite-subsystems/demo/..//satellite-subsystems/lib\libSatelliteSubsystemsD.a(GomEPS.o)
                0x20015ec0                GomEpsGetHkData_param
 .text.GomEpsGetHkData_general
                0x2001615c      0x45c C:/Hoopoe3/satellite-subsystems/demo/..//satellite-subsystems/lib\libSatelliteSubsystemsD.a(GomEPS.o)
                0x2001615c                GomEpsGetHkData_general
 .text.GomEpsGetHkData_vi
                0x200165b8      0x188 C:/Hoopoe3/satellite-subsystems/demo/..//satellite-subsystems/lib\libSatelliteSubsystemsD.a(GomEPS.o)
                0x200165b8                GomEpsGetHkData_vi
 .text.GomEpsGetHkData_out
                0x20016740      0x21c C:/Hoopoe3/satellite-subsystems/demo/..//satellite-subsystems/lib\libSatelliteSubsystemsD.a(GomEPS.o)
                0x20016740                GomEpsGetHkData_out
 .text.GomEpsGetHkData_wdt
                0x2001695c      0x2b4 C:/Hoopoe3/satellite-subsystems/demo/..//satellite-subsystems/lib\libSatelliteSubsystemsD.a(GomEPS.o)
                0x2001695c                GomEpsGetHkData_wdt
 .text.GomEpsGetHkData_basic
                0x20016c10      0x22c C:/Hoopoe3/satellite-subsystems/demo/..//satellite-subsystems/lib\libSatelliteSubsystemsD.a(GomEPS.o)
                0x20016c10                GomEpsGetHkData_basic
 .text.GomEpsSetOutput
                0x20016e3c       0xbc C:/Hoopoe3/satellite-subsystems/demo/..//satellite-subsystems/lib\libSatelliteSubsystemsD.a(GomEPS.o)
                0x20016e3c                GomEpsSetOutput
 .text.GomEpsConfigGet
                0x20016ef8      0x16c C:/Hoopoe3/satellite-subsystems/demo/..//satellite-subsystems/lib\libSatelliteSubsystemsD.a(GomEPS.o)
                0x20016ef8                GomEpsConfigGet
 .text.GomEpsConfigSet
                0x20017064      0x184 C:/Hoopoe3/satellite-subsystems/demo/..//satellite-subsystems/lib\libSatelliteSubsystemsD.a(GomEPS.o)
                0x20017064                GomEpsConfigSet
 .text.GomEpsConfig2Get
                0x200171e8      0x16c C:/Hoopoe3/satellite-subsystems/demo/..//satellite-subsystems/lib\libSatelliteSubsystemsD.a(GomEPS.o)
                0x200171e8                GomEpsConfig2Get
 .text.makeAntStransfer
                0x20017354       0x4c C:/Hoopoe3/satellite-subsystems/demo/..//satellite-subsystems/lib\libSatelliteSubsystemsD.a(IsisAntS.o)
 .text.checkInputsValid
                0x200173a0       0x7c C:/Hoopoe3/satellite-subsystems/demo/..//satellite-subsystems/lib\libSatelliteSubsystemsD.a(IsisAntS.o)
 .text.IsisAntS_setArmStatus
                0x2001741c      0x104 C:/Hoopoe3/satellite-subsystems/demo/..//satellite-subsystems/lib\libSatelliteSubsystemsD.a(IsisAntS.o)
                0x2001741c                IsisAntS_setArmStatus
 .text.IsisAntS_getStatusData
                0x20017520      0x120 C:/Hoopoe3/satellite-subsystems/demo/..//satellite-subsystems/lib\libSatelliteSubsystemsD.a(IsisAntS.o)
                0x20017520                IsisAntS_getStatusData
 .text.IsisAntS_getTemperature
                0x20017640      0x120 C:/Hoopoe3/satellite-subsystems/demo/..//satellite-subsystems/lib\libSatelliteSubsystemsD.a(IsisAntS.o)
                0x20017640                IsisAntS_getTemperature
 .text.IsisAntS_getAlltelemetry
                0x20017760      0x120 C:/Hoopoe3/satellite-subsystems/demo/..//satellite-subsystems/lib\libSatelliteSubsystemsD.a(IsisAntS.o)
                0x20017760                IsisAntS_getAlltelemetry
 .text.IsisAntS_reset
                0x20017880      0x104 C:/Hoopoe3/satellite-subsystems/demo/..//satellite-subsystems/lib\libSatelliteSubsystemsD.a(IsisAntS.o)
                0x20017880                IsisAntS_reset
 .text.IsisSolarPanelv2_initialize
                0x20017984       0xb4 C:/Hoopoe3/satellite-subsystems/demo/..//satellite-subsystems/lib\libSatelliteSubsystemsD.a(IsisSolarPanelv2.o)
                0x20017984                IsisSolarPanelv2_initialize
 .text.IsisSolarPanelv2_getTemperature
                0x20017a38       0xc8 C:/Hoopoe3/satellite-subsystems/demo/..//satellite-subsystems/lib\libSatelliteSubsystemsD.a(IsisSolarPanelv2.o)
                0x20017a38                IsisSolarPanelv2_getTemperature
 .text.IsisSolarPanelv2_sleep
                0x20017b00       0xbc C:/Hoopoe3/satellite-subsystems/demo/..//satellite-subsystems/lib\libSatelliteSubsystemsD.a(IsisSolarPanelv2.o)
                0x20017b00                IsisSolarPanelv2_sleep
 .text.IsisSolarPanelv2_wakeup
                0x20017bbc       0x80 C:/Hoopoe3/satellite-subsystems/demo/..//satellite-subsystems/lib\libSatelliteSubsystemsD.a(IsisSolarPanelv2.o)
                0x20017bbc                IsisSolarPanelv2_wakeup
 .text._Reset   0x20017c3c       0x20 C:/Hoopoe3/satellite-subsystems/demo/..//satellite-subsystems/lib\libSatelliteSubsystemsD.a(IsisSolarPanelv2.o)
 .text._WaitForStartup
                0x20017c5c       0x90 C:/Hoopoe3/satellite-subsystems/demo/..//satellite-subsystems/lib\libSatelliteSubsystemsD.a(IsisSolarPanelv2.o)
 .text._AssignAllChannels
                0x20017cec       0x90 C:/Hoopoe3/satellite-subsystems/demo/..//satellite-subsystems/lib\libSatelliteSubsystemsD.a(IsisSolarPanelv2.o)
 .text._AssignThisChannel
                0x20017d7c       0xe8 C:/Hoopoe3/satellite-subsystems/demo/..//satellite-subsystems/lib\libSatelliteSubsystemsD.a(IsisSolarPanelv2.o)
 .text._InitiateConversion
                0x20017e64       0xac C:/Hoopoe3/satellite-subsystems/demo/..//satellite-subsystems/lib\libSatelliteSubsystemsD.a(IsisSolarPanelv2.o)
 .text._WaitForConversionComplete
                0x20017f10      0x100 C:/Hoopoe3/satellite-subsystems/demo/..//satellite-subsystems/lib\libSatelliteSubsystemsD.a(IsisSolarPanelv2.o)
 .text._ReadResult
                0x20018010      0x158 C:/Hoopoe3/satellite-subsystems/demo/..//satellite-subsystems/lib\libSatelliteSubsystemsD.a(IsisSolarPanelv2.o)
 .text._ExtractByte
                0x20018168       0x38 C:/Hoopoe3/satellite-subsystems/demo/..//satellite-subsystems/lib\libSatelliteSubsystemsD.a(IsisSolarPanelv2.o)
 .text._ExtendSign
                0x200181a0       0x6c C:/Hoopoe3/satellite-subsystems/demo/..//satellite-subsystems/lib\libSatelliteSubsystemsD.a(IsisSolarPanelv2.o)
 .text._PinsInit
                0x2001820c       0x50 C:/Hoopoe3/satellite-subsystems/demo/..//satellite-subsystems/lib\libSatelliteSubsystemsD.a(IsisSolarPanelv2.o)
 .text._SpiWriteRead
                0x2001825c       0x70 C:/Hoopoe3/satellite-subsystems/demo/..//satellite-subsystems/lib\libSatelliteSubsystemsD.a(IsisSolarPanelv2.o)
 .text.IsisTrxvu_initialize
                0x200182cc      0x2f4 C:/Hoopoe3/satellite-subsystems/demo/..//satellite-subsystems/lib\libSatelliteSubsystemsD.a(IsisTRXVU.o)
                0x200182cc                IsisTrxvu_initialize
 .text.makeTRXVUtransfer
                0x200185c0       0x44 C:/Hoopoe3/satellite-subsystems/demo/..//satellite-subsystems/lib\libSatelliteSubsystemsD.a(IsisTRXVU.o)
 .text.IsisTrxvu_componentSoftReset
                0x20018604       0x6c C:/Hoopoe3/satellite-subsystems/demo/..//satellite-subsystems/lib\libSatelliteSubsystemsD.a(IsisTRXVU.o)
                0x20018604                IsisTrxvu_componentSoftReset
 .text.IsisTrxvu_componentHardReset
                0x20018670       0xc8 C:/Hoopoe3/satellite-subsystems/demo/..//satellite-subsystems/lib\libSatelliteSubsystemsD.a(IsisTRXVU.o)
                0x20018670                IsisTrxvu_componentHardReset
 .text.IsisTrxvu_softReset
                0x20018738       0x74 C:/Hoopoe3/satellite-subsystems/demo/..//satellite-subsystems/lib\libSatelliteSubsystemsD.a(IsisTRXVU.o)
                0x20018738                IsisTrxvu_softReset
 .text.IsisTrxvu_hardReset
                0x200187ac       0x74 C:/Hoopoe3/satellite-subsystems/demo/..//satellite-subsystems/lib\libSatelliteSubsystemsD.a(IsisTRXVU.o)
                0x200187ac                IsisTrxvu_hardReset
 .text.IsisTrxvu_tcSendAX25DefClSign
                0x20018820       0xec C:/Hoopoe3/satellite-subsystems/demo/..//satellite-subsystems/lib\libSatelliteSubsystemsD.a(IsisTRXVU.o)
                0x20018820                IsisTrxvu_tcSendAX25DefClSign
 .text.IsisTrxvu_tcSetIdlestate
                0x2001890c       0xa4 C:/Hoopoe3/satellite-subsystems/demo/..//satellite-subsystems/lib\libSatelliteSubsystemsD.a(IsisTRXVU.o)
                0x2001890c                IsisTrxvu_tcSetIdlestate
 .text.IsisTrxvu_tcSetAx25Bitrate
                0x200189b0       0xc4 C:/Hoopoe3/satellite-subsystems/demo/..//satellite-subsystems/lib\libSatelliteSubsystemsD.a(IsisTRXVU.o)
                0x200189b0                IsisTrxvu_tcSetAx25Bitrate
 .text.IsisTrxvu_tcGetTelemetryAll
                0x20018a74       0xd0 C:/Hoopoe3/satellite-subsystems/demo/..//satellite-subsystems/lib\libSatelliteSubsystemsD.a(IsisTRXVU.o)
                0x20018a74                IsisTrxvu_tcGetTelemetryAll
 .text.IsisTrxvu_tcGetTelemetryAll_revC
                0x20018b44       0xd0 C:/Hoopoe3/satellite-subsystems/demo/..//satellite-subsystems/lib\libSatelliteSubsystemsD.a(IsisTRXVU.o)
                0x20018b44                IsisTrxvu_tcGetTelemetryAll_revC
 .text.IsisTrxvu_rcGetFrameCount
                0x20018c14       0xa0 C:/Hoopoe3/satellite-subsystems/demo/..//satellite-subsystems/lib\libSatelliteSubsystemsD.a(IsisTRXVU.o)
                0x20018c14                IsisTrxvu_rcGetFrameCount
 .text.IsisTrxvu_rcGetCommandFrame
                0x20018cb4      0x2d8 C:/Hoopoe3/satellite-subsystems/demo/..//satellite-subsystems/lib\libSatelliteSubsystemsD.a(IsisTRXVU.o)
                0x20018cb4                IsisTrxvu_rcGetCommandFrame
 .text.IsisTrxvu_rcGetTelemetryAll
                0x20018f8c       0xd0 C:/Hoopoe3/satellite-subsystems/demo/..//satellite-subsystems/lib\libSatelliteSubsystemsD.a(IsisTRXVU.o)
                0x20018f8c                IsisTrxvu_rcGetTelemetryAll
 .text.IsisTrxvu_rcGetTelemetryAll_revC
                0x2001905c       0xec C:/Hoopoe3/satellite-subsystems/demo/..//satellite-subsystems/lib\libSatelliteSubsystemsD.a(IsisTRXVU.o)
                0x2001905c                IsisTrxvu_rcGetTelemetryAll_revC
 .text.cspaceADCS_initialize
                0x20019148      0x18c C:/Hoopoe3/satellite-subsystems/demo/..//satellite-subsystems/lib\libSatelliteSubsystemsD.a(cspaceADCS.o)
                0x20019148                cspaceADCS_initialize
 .text.make_cspaceADCStransfer
                0x200192d4      0x1b4 C:/Hoopoe3/satellite-subsystems/demo/..//satellite-subsystems/lib\libSatelliteSubsystemsD.a(cspaceADCS.o)
 .text.cspaceADCS_componentReset
                0x20019488       0xbc C:/Hoopoe3/satellite-subsystems/demo/..//satellite-subsystems/lib\libSatelliteSubsystemsD.a(cspaceADCS.o)
                0x20019488                cspaceADCS_componentReset
 .text.cspaceADCS_setRunMode
                0x20019544       0xbc C:/Hoopoe3/satellite-subsystems/demo/..//satellite-subsystems/lib\libSatelliteSubsystemsD.a(cspaceADCS.o)
                0x20019544                cspaceADCS_setRunMode
 .text.cspaceADCS_setPwrCtrlDevice
                0x20019600       0xd0 C:/Hoopoe3/satellite-subsystems/demo/..//satellite-subsystems/lib\libSatelliteSubsystemsD.a(cspaceADCS.o)
                0x20019600                cspaceADCS_setPwrCtrlDevice
 .text.cspaceADCS_setAttCtrlMode
                0x200196d0       0xd0 C:/Hoopoe3/satellite-subsystems/demo/..//satellite-subsystems/lib\libSatelliteSubsystemsD.a(cspaceADCS.o)
                0x200196d0                cspaceADCS_setAttCtrlMode
 .text.cspaceADCS_setAttEstMode
                0x200197a0       0xbc C:/Hoopoe3/satellite-subsystems/demo/..//satellite-subsystems/lib\libSatelliteSubsystemsD.a(cspaceADCS.o)
                0x200197a0                cspaceADCS_setAttEstMode
 .text.cspaceADCS_getCurrentState
                0x2001985c       0xc4 C:/Hoopoe3/satellite-subsystems/demo/..//satellite-subsystems/lib\libSatelliteSubsystemsD.a(cspaceADCS.o)
                0x2001985c                cspaceADCS_getCurrentState
 .text.cspaceADCS_getPwrCtrlDevice
                0x20019920       0xc4 C:/Hoopoe3/satellite-subsystems/demo/..//satellite-subsystems/lib\libSatelliteSubsystemsD.a(cspaceADCS.o)
                0x20019920                cspaceADCS_getPwrCtrlDevice
 .text.GECKO_GetReg
                0x200199e4      0x110 C:/Hoopoe3/satellite-subsystems/demo/..//satellite-subsystems/lib\libSatelliteSubsystemsD.a(gecko_driver.o)
                0x200199e4                GECKO_GetReg
 .text.GECKO_GetVoltageInput5V
                0x20019af4       0xf4 C:/Hoopoe3/satellite-subsystems/demo/..//satellite-subsystems/lib\libSatelliteSubsystemsD.a(gecko_driver.o)
                0x20019af4                GECKO_GetVoltageInput5V
 .text.GECKO_GetCurrentInput5V
                0x20019be8      0x130 C:/Hoopoe3/satellite-subsystems/demo/..//satellite-subsystems/lib\libSatelliteSubsystemsD.a(gecko_driver.o)
                0x20019be8                GECKO_GetCurrentInput5V
 .text.GECKO_GetVoltageFPGA1V
                0x20019d18       0xd4 C:/Hoopoe3/satellite-subsystems/demo/..//satellite-subsystems/lib\libSatelliteSubsystemsD.a(gecko_driver.o)
                0x20019d18                GECKO_GetVoltageFPGA1V
 .text.GECKO_GetCurrentFPGA1V
                0x20019dec      0x130 C:/Hoopoe3/satellite-subsystems/demo/..//satellite-subsystems/lib\libSatelliteSubsystemsD.a(gecko_driver.o)
                0x20019dec                GECKO_GetCurrentFPGA1V
 .text.GECKO_GetVoltageFPGA1V8
                0x20019f1c       0xd4 C:/Hoopoe3/satellite-subsystems/demo/..//satellite-subsystems/lib\libSatelliteSubsystemsD.a(gecko_driver.o)
                0x20019f1c                GECKO_GetVoltageFPGA1V8
 .text.GECKO_GetCurrentFPGA1V8
                0x20019ff0      0x130 C:/Hoopoe3/satellite-subsystems/demo/..//satellite-subsystems/lib\libSatelliteSubsystemsD.a(gecko_driver.o)
                0x20019ff0                GECKO_GetCurrentFPGA1V8
 .text.GECKO_GetVoltageFPGA2V5
                0x2001a120       0xe8 C:/Hoopoe3/satellite-subsystems/demo/..//satellite-subsystems/lib\libSatelliteSubsystemsD.a(gecko_driver.o)
                0x2001a120                GECKO_GetVoltageFPGA2V5
 .text.GECKO_GetCurrentFPGA2V5
                0x2001a208      0x130 C:/Hoopoe3/satellite-subsystems/demo/..//satellite-subsystems/lib\libSatelliteSubsystemsD.a(gecko_driver.o)
                0x2001a208                GECKO_GetCurrentFPGA2V5
 .text.GECKO_GetVoltageFPGA3V3
                0x2001a338       0xe8 C:/Hoopoe3/satellite-subsystems/demo/..//satellite-subsystems/lib\libSatelliteSubsystemsD.a(gecko_driver.o)
                0x2001a338                GECKO_GetVoltageFPGA3V3
 .text.GECKO_GetCurrentFPGA3V3
                0x2001a420      0x130 C:/Hoopoe3/satellite-subsystems/demo/..//satellite-subsystems/lib\libSatelliteSubsystemsD.a(gecko_driver.o)
                0x2001a420                GECKO_GetCurrentFPGA3V3
 .text.GECKO_GetVoltageFlash1V8
                0x2001a550       0xd4 C:/Hoopoe3/satellite-subsystems/demo/..//satellite-subsystems/lib\libSatelliteSubsystemsD.a(gecko_driver.o)
                0x2001a550                GECKO_GetVoltageFlash1V8
 .text.GECKO_GetCurrentFlash1V8
                0x2001a624      0x130 C:/Hoopoe3/satellite-subsystems/demo/..//satellite-subsystems/lib\libSatelliteSubsystemsD.a(gecko_driver.o)
                0x2001a624                GECKO_GetCurrentFlash1V8
 .text.GECKO_GetVoltageFlash3V3
                0x2001a754       0xe8 C:/Hoopoe3/satellite-subsystems/demo/..//satellite-subsystems/lib\libSatelliteSubsystemsD.a(gecko_driver.o)
                0x2001a754                GECKO_GetVoltageFlash3V3
 .text.GECKO_GetCurrentFlash3V3
                0x2001a83c      0x130 C:/Hoopoe3/satellite-subsystems/demo/..//satellite-subsystems/lib\libSatelliteSubsystemsD.a(gecko_driver.o)
                0x2001a83c                GECKO_GetCurrentFlash3V3
 .text.GECKO_GetVoltageSNSR1V8
                0x2001a96c       0xe8 C:/Hoopoe3/satellite-subsystems/demo/..//satellite-subsystems/lib\libSatelliteSubsystemsD.a(gecko_driver.o)
                0x2001a96c                GECKO_GetVoltageSNSR1V8
 .text.GECKO_GetCurrentSNSR1V8
                0x2001aa54      0x130 C:/Hoopoe3/satellite-subsystems/demo/..//satellite-subsystems/lib\libSatelliteSubsystemsD.a(gecko_driver.o)
                0x2001aa54                GECKO_GetCurrentSNSR1V8
 .text.GECKO_GetVoltageSNSRVDDPIX
                0x2001ab84       0xe8 C:/Hoopoe3/satellite-subsystems/demo/..//satellite-subsystems/lib\libSatelliteSubsystemsD.a(gecko_driver.o)
                0x2001ab84                GECKO_GetVoltageSNSRVDDPIX
 .text.GECKO_GetCurrentSNSRVDDPIX
                0x2001ac6c      0x130 C:/Hoopoe3/satellite-subsystems/demo/..//satellite-subsystems/lib\libSatelliteSubsystemsD.a(gecko_driver.o)
                0x2001ac6c                GECKO_GetCurrentSNSRVDDPIX
 .text.GECKO_GetVoltageSNSR3V3
                0x2001ad9c       0xe8 C:/Hoopoe3/satellite-subsystems/demo/..//satellite-subsystems/lib\libSatelliteSubsystemsD.a(gecko_driver.o)
                0x2001ad9c                GECKO_GetVoltageSNSR3V3
 .text.GECKO_GetCurrentSNSR3V3
                0x2001ae84      0x130 C:/Hoopoe3/satellite-subsystems/demo/..//satellite-subsystems/lib\libSatelliteSubsystemsD.a(gecko_driver.o)
                0x2001ae84                GECKO_GetCurrentSNSR3V3
 .text.GECKO_GetVoltageFlashVTT09
                0x2001afb4       0xd4 C:/Hoopoe3/satellite-subsystems/demo/..//satellite-subsystems/lib\libSatelliteSubsystemsD.a(gecko_driver.o)
                0x2001afb4                GECKO_GetVoltageFlashVTT09
 .text.GECKO_GetTempSMU3AB
                0x2001b088      0x35c C:/Hoopoe3/satellite-subsystems/demo/..//satellite-subsystems/lib\libSatelliteSubsystemsD.a(gecko_driver.o)
                0x2001b088                GECKO_GetTempSMU3AB
 .text.GECKO_GetTempSMU3BC
                0x2001b3e4      0x360 C:/Hoopoe3/satellite-subsystems/demo/..//satellite-subsystems/lib\libSatelliteSubsystemsD.a(gecko_driver.o)
                0x2001b3e4                GECKO_GetTempSMU3BC
 .text.GECKO_GetTempREGU6
                0x2001b744      0x35c C:/Hoopoe3/satellite-subsystems/demo/..//satellite-subsystems/lib\libSatelliteSubsystemsD.a(gecko_driver.o)
                0x2001b744                GECKO_GetTempREGU6
 .text.GECKO_GetTempREGU8
                0x2001baa0      0x360 C:/Hoopoe3/satellite-subsystems/demo/..//satellite-subsystems/lib\libSatelliteSubsystemsD.a(gecko_driver.o)
                0x2001baa0                GECKO_GetTempREGU8
 .text.GECKO_GetTempFlash
                0x2001be00      0x360 C:/Hoopoe3/satellite-subsystems/demo/..//satellite-subsystems/lib\libSatelliteSubsystemsD.a(gecko_driver.o)
                0x2001be00                GECKO_GetTempFlash
 .text._SpiWriteRead
                0x2001c160       0x70 C:/Hoopoe3/satellite-subsystems/demo/..//satellite-subsystems/lib\libSatelliteSubsystemsD.a(gecko_driver.o)
 .text.makeTRXCommonTransfer
                0x2001c1d0       0x34 C:/Hoopoe3/satellite-subsystems/demo/..//satellite-subsystems/lib\libSatelliteSubsystemsD.a(IsisTRXCommon.o)
 .text.IsisTrxCommon_componentReset
                0x2001c204       0x68 C:/Hoopoe3/satellite-subsystems/demo/..//satellite-subsystems/lib\libSatelliteSubsystemsD.a(IsisTRXCommon.o)
                0x2001c204                IsisTrxCommon_componentReset
 .text.IsisTrxCommon_TxSendAX25DefClSign
                0x2001c26c       0xf4 C:/Hoopoe3/satellite-subsystems/demo/..//satellite-subsystems/lib\libSatelliteSubsystemsD.a(IsisTRXCommon.o)
                0x2001c26c                IsisTrxCommon_TxSendAX25DefClSign
 .text.IsisTrxCommon_TxSetIdlestate
                0x2001c360       0x78 C:/Hoopoe3/satellite-subsystems/demo/..//satellite-subsystems/lib\libSatelliteSubsystemsD.a(IsisTRXCommon.o)
                0x2001c360                IsisTrxCommon_TxSetIdlestate
 .text.IsisTrxCommon_TxSetAx25Bitrate
                0x2001c3d8       0x78 C:/Hoopoe3/satellite-subsystems/demo/..//satellite-subsystems/lib\libSatelliteSubsystemsD.a(IsisTRXCommon.o)
                0x2001c3d8                IsisTrxCommon_TxSetAx25Bitrate
 .text.IsisTrxCommon_RxGetFrameCount
                0x2001c450       0x8c C:/Hoopoe3/satellite-subsystems/demo/..//satellite-subsystems/lib\libSatelliteSubsystemsD.a(IsisTRXCommon.o)
                0x2001c450                IsisTrxCommon_RxGetFrameCount
 .text.IsisTrxCommon_RxGetTelemetryAll_revC
                0x2001c4dc       0x8c C:/Hoopoe3/satellite-subsystems/demo/..//satellite-subsystems/lib\libSatelliteSubsystemsD.a(IsisTRXCommon.o)
                0x2001c4dc                IsisTrxCommon_RxGetTelemetryAll_revC
 .text.log      0x2001c568      0x17c c:/isis/application/toolchain/bin/../lib/gcc/arm-none-eabi/4.7.4/../../../../arm-none-eabi/lib\libm.a(lib_a-w_log.o)
                0x2001c568                log
 *fill*         0x2001c6e4        0x4 00
 .text.__ieee754_log
                0x2001c6e8      0x5c0 c:/isis/application/toolchain/bin/../lib/gcc/arm-none-eabi/4.7.4/../../../../arm-none-eabi/lib\libm.a(lib_a-e_log.o)
                0x2001c6e8                __ieee754_log
 .text.matherr  0x2001cca8        0x8 c:/isis/application/toolchain/bin/../lib/gcc/arm-none-eabi/4.7.4/../../../../arm-none-eabi/lib\libm.a(lib_a-s_matherr.o)
                0x2001cca8                matherr
 .text.nan      0x2001ccb0       0x10 c:/isis/application/toolchain/bin/../lib/gcc/arm-none-eabi/4.7.4/../../../../arm-none-eabi/lib\libm.a(lib_a-s_nan.o)
                0x2001ccb0                nan
 .text.fn_init  0x2001ccc0      0x2e0 C:/Hoopoe3/satellite-subsystems/demo/../..//hal/hcc/lib\libHCCD.a(fat_common.o)
                0x2001ccc0                fn_init
 .text._f_get16bitl
                0x2001cfa0       0x4c C:/Hoopoe3/satellite-subsystems/demo/../..//hal/hcc/lib\libHCCD.a(fat_common.o)
                0x2001cfa0                _f_get16bitl
 .text._f_set16bitl
                0x2001cfec       0x54 C:/Hoopoe3/satellite-subsystems/demo/../..//hal/hcc/lib\libHCCD.a(fat_common.o)
                0x2001cfec                _f_set16bitl
 .text._f_get32bitl
                0x2001d040       0x68 C:/Hoopoe3/satellite-subsystems/demo/../..//hal/hcc/lib\libHCCD.a(fat_common.o)
                0x2001d040                _f_get32bitl
 .text._f_set32bitl
                0x2001d0a8       0x78 C:/Hoopoe3/satellite-subsystems/demo/../..//hal/hcc/lib\libHCCD.a(fat_common.o)
                0x2001d0a8                _f_set32bitl
 .text._get8bit
                0x2001d120       0xa0 C:/Hoopoe3/satellite-subsystems/demo/../..//hal/hcc/lib\libHCCD.a(fat_common.o)
 .text._get16bitl
                0x2001d1c0       0x40 C:/Hoopoe3/satellite-subsystems/demo/../..//hal/hcc/lib\libHCCD.a(fat_common.o)
 .text._get32bitl
                0x2001d200       0x3c C:/Hoopoe3/satellite-subsystems/demo/../..//hal/hcc/lib\libHCCD.a(fat_common.o)
 .text._f_setcardremoved
                0x2001d23c       0x94 C:/Hoopoe3/satellite-subsystems/demo/../..//hal/hcc/lib\libHCCD.a(fat_common.o)
 .text._f_checkstatus
                0x2001d2d0      0x104 C:/Hoopoe3/satellite-subsystems/demo/../..//hal/hcc/lib\libHCCD.a(fat_common.o)
                0x2001d2d0                _f_checkstatus
 .text._f_drvgetphy
                0x2001d3d4      0x114 C:/Hoopoe3/satellite-subsystems/demo/../..//hal/hcc/lib\libHCCD.a(fat_common.o)
 .text._f_drvwritesector
                0x2001d4e8       0xdc C:/Hoopoe3/satellite-subsystems/demo/../..//hal/hcc/lib\libHCCD.a(fat_common.o)
 .text._f_drvreadsector
                0x2001d5c4       0xa8 C:/Hoopoe3/satellite-subsystems/demo/../..//hal/hcc/lib\libHCCD.a(fat_common.o)
 .text._f_writesector
                0x2001d66c      0x23c C:/Hoopoe3/satellite-subsystems/demo/../..//hal/hcc/lib\libHCCD.a(fat_common.o)
                0x2001d66c                _f_writesector
 .text._f_readsector
                0x2001d8a8      0x1dc C:/Hoopoe3/satellite-subsystems/demo/../..//hal/hcc/lib\libHCCD.a(fat_common.o)
                0x2001d8a8                _f_readsector
 .text._f_getmaxcluster
                0x2001da84       0x94 C:/Hoopoe3/satellite-subsystems/demo/../..//hal/hcc/lib\libHCCD.a(fat_common.o)
                0x2001da84                _f_getmaxcluster
 .text._getsectorfromcluster
                0x2001db18       0x68 C:/Hoopoe3/satellite-subsystems/demo/../..//hal/hcc/lib\libHCCD.a(fat_common.o)
 .text._f_buildsectors
                0x2001db80      0x268 C:/Hoopoe3/satellite-subsystems/demo/../..//hal/hcc/lib\libHCCD.a(fat_common.o)
 .text._f_getbootrecord
                0x2001dde8      0x5e4 C:/Hoopoe3/satellite-subsystems/demo/../..//hal/hcc/lib\libHCCD.a(fat_common.o)
 .text._f_readbootrecord
                0x2001e3cc      0x4f8 C:/Hoopoe3/satellite-subsystems/demo/../..//hal/hcc/lib\libHCCD.a(fat_common.o)
 .text._f_flushcffiles
                0x2001e8c4      0x17c C:/Hoopoe3/satellite-subsystems/demo/../..//hal/hcc/lib\libHCCD.a(fat_common.o)
                0x2001e8c4                _f_flushcffiles
 .text._f_fatcache_flush
                0x2001ea40      0x270 C:/Hoopoe3/satellite-subsystems/demo/../..//hal/hcc/lib\libHCCD.a(fat_common.o)
                0x2001ea40                _f_fatcache_flush
 .text._f_writefatsector
                0x2001ecb0      0x100 C:/Hoopoe3/satellite-subsystems/demo/../..//hal/hcc/lib\libHCCD.a(fat_common.o)
                0x2001ecb0                _f_writefatsector
 .text._f_getfatsector
                0x2001edb0      0x3bc C:/Hoopoe3/satellite-subsystems/demo/../..//hal/hcc/lib\libHCCD.a(fat_common.o)
 .text._f_setclustervalue
                0x2001f16c      0x490 C:/Hoopoe3/satellite-subsystems/demo/../..//hal/hcc/lib\libHCCD.a(fat_common.o)
                0x2001f16c                _f_setclustervalue
 .text._f_getclustervalue
                0x2001f5fc      0x388 C:/Hoopoe3/satellite-subsystems/demo/../..//hal/hcc/lib\libHCCD.a(fat_common.o)
                0x2001f5fc                _f_getclustervalue
 .text._f_close_drive_files
                0x2001f984       0xac C:/Hoopoe3/satellite-subsystems/demo/../..//hal/hcc/lib\libHCCD.a(fat_common.o)
 .text._f_inc_mount_count
                0x2001fa30       0xa4 C:/Hoopoe3/satellite-subsystems/demo/../..//hal/hcc/lib\libHCCD.a(fat_common.o)
 .text._f_getvolume
                0x2001fad4      0x2f8 C:/Hoopoe3/satellite-subsystems/demo/../..//hal/hcc/lib\libHCCD.a(fat_common.o)
                0x2001fad4                _f_getvolume
 .text.fn_createdriver
                0x2001fdcc      0x118 C:/Hoopoe3/satellite-subsystems/demo/../..//hal/hcc/lib\libHCCD.a(fat_common.o)
                0x2001fdcc                fn_createdriver
 .text.fn_initvolume
                0x2001fee4      0x12c C:/Hoopoe3/satellite-subsystems/demo/../..//hal/hcc/lib\libHCCD.a(fat_common.o)
                0x2001fee4                fn_initvolume
 .text.fn_initvolumepartition_sub
                0x20020010       0xe0 C:/Hoopoe3/satellite-subsystems/demo/../..//hal/hcc/lib\libHCCD.a(fat_common.o)
 .text.fn_initvolumepartition
                0x200200f0       0xac C:/Hoopoe3/satellite-subsystems/demo/../..//hal/hcc/lib\libHCCD.a(fat_common.o)
                0x200200f0                fn_initvolumepartition
 .text._f_clustertopos
                0x2002019c       0xf8 C:/Hoopoe3/satellite-subsystems/demo/../..//hal/hcc/lib\libHCCD.a(fat_common.o)
                0x2002019c                _f_clustertopos
 .text._f_getcurrsector
                0x20020294      0x6c8 C:/Hoopoe3/satellite-subsystems/demo/../..//hal/hcc/lib\libHCCD.a(fat_common.o)
                0x20020294                _f_getcurrsector
 .text._f_getdecluster
                0x2002095c       0x90 C:/Hoopoe3/satellite-subsystems/demo/../..//hal/hcc/lib\libHCCD.a(fat_common.o)
                0x2002095c                _f_getdecluster
 .text._f_setdecluster
                0x200209ec       0x8c C:/Hoopoe3/satellite-subsystems/demo/../..//hal/hcc/lib\libHCCD.a(fat_common.o)
                0x200209ec                _f_setdecluster
 .text.fn_getdrive
                0x20020a78       0x30 C:/Hoopoe3/satellite-subsystems/demo/../..//hal/hcc/lib\libHCCD.a(fat_common.o)
                0x20020a78                fn_getdrive
 .text._f_getcurrenttimedate
                0x20020aa8      0x138 C:/Hoopoe3/satellite-subsystems/demo/../..//hal/hcc/lib\libHCCD.a(fat_common.o)
                0x20020aa8                _f_getcurrenttimedate
 .text._f_initentry
                0x20020be0       0xa0 C:/Hoopoe3/satellite-subsystems/demo/../..//hal/hcc/lib\libHCCD.a(fat_common.o)
                0x20020be0                _f_initentry
 .text._f_alloccluster
                0x20020c80      0x344 C:/Hoopoe3/satellite-subsystems/demo/../..//hal/hcc/lib\libHCCD.a(fat_common.o)
                0x20020c80                _f_alloccluster
 .text._f_dobadblock
                0x20020fc4      0x2cc C:/Hoopoe3/satellite-subsystems/demo/../..//hal/hcc/lib\libHCCD.a(fat_common.o)
                0x20020fc4                _f_dobadblock
 .text._f_checklocked
                0x20021290       0xe4 C:/Hoopoe3/satellite-subsystems/demo/../..//hal/hcc/lib\libHCCD.a(fat_common.o)
                0x20021290                _f_checklocked
 .text._f_checkappendlocked
                0x20021374      0x110 C:/Hoopoe3/satellite-subsystems/demo/../..//hal/hcc/lib\libHCCD.a(fat_common.o)
                0x20021374                _f_checkappendlocked
 .text._f_setsyncafile
                0x20021484      0x114 C:/Hoopoe3/satellite-subsystems/demo/../..//hal/hcc/lib\libHCCD.a(fat_common.o)
                0x20021484                _f_setsyncafile
 .text._f_syncfiles
                0x20021598      0x128 C:/Hoopoe3/satellite-subsystems/demo/../..//hal/hcc/lib\libHCCD.a(fat_common.o)
                0x20021598                _f_syncfiles
 .text._f_syncfilescontent
                0x200216c0      0x15c C:/Hoopoe3/satellite-subsystems/demo/../..//hal/hcc/lib\libHCCD.a(fat_common.o)
 .text.fn_getfreespace
                0x2002181c      0x4c0 C:/Hoopoe3/satellite-subsystems/demo/../..//hal/hcc/lib\libHCCD.a(fat_common.o)
                0x2002181c                fn_getfreespace
 .text._f_emptywritecache
                0x20021cdc      0x4a4 C:/Hoopoe3/satellite-subsystems/demo/../..//hal/hcc/lib\libHCCD.a(fat_common.o)
 .text._f_allocnextcluster
                0x20022180      0x54c C:/Hoopoe3/satellite-subsystems/demo/../..//hal/hcc/lib\libHCCD.a(fat_common.o)
 .text._f_emptywritebuffer
                0x200226cc      0x20c C:/Hoopoe3/satellite-subsystems/demo/../..//hal/hcc/lib\libHCCD.a(fat_common.o)
 .text._f_writezeros
                0x200228d8       0xf0 C:/Hoopoe3/satellite-subsystems/demo/../..//hal/hcc/lib\libHCCD.a(fat_common.o)
                0x200228d8                _f_writezeros
 .text._f_extend_file
                0x200229c8      0x570 C:/Hoopoe3/satellite-subsystems/demo/../..//hal/hcc/lib\libHCCD.a(fat_common.o)
 .text._f_fseek
                0x20022f38      0x9bc C:/Hoopoe3/satellite-subsystems/demo/../..//hal/hcc/lib\libHCCD.a(fat_common.o)
                0x20022f38                _f_fseek
 .text._f_removechain
                0x200238f4      0x104 C:/Hoopoe3/satellite-subsystems/demo/../..//hal/hcc/lib\libHCCD.a(fat_common.o)
                0x200238f4                _f_removechain
 .text._f_updatefileentry
                0x200239f8      0x1cc C:/Hoopoe3/satellite-subsystems/demo/../..//hal/hcc/lib\libHCCD.a(fat_common.o)
 .text._f_checkreadlocked
                0x20023bc4      0x1bc C:/Hoopoe3/satellite-subsystems/demo/../..//hal/hcc/lib\libHCCD.a(fat_common.o)
                0x20023bc4                _f_checkreadlocked
 .text._f_check_handle
                0x20023d80       0x98 C:/Hoopoe3/satellite-subsystems/demo/../..//hal/hcc/lib\libHCCD.a(fat_common.o)
                0x20023d80                _f_check_handle
 .text._f_removesyncafile
                0x20023e18      0x1ec C:/Hoopoe3/satellite-subsystems/demo/../..//hal/hcc/lib\libHCCD.a(fat_common.o)
 .text.fn_close
                0x20024004      0x3f8 C:/Hoopoe3/satellite-subsystems/demo/../..//hal/hcc/lib\libHCCD.a(fat_common.o)
                0x20024004                fn_close
 .text.fn_flush
                0x200243fc      0x374 C:/Hoopoe3/satellite-subsystems/demo/../..//hal/hcc/lib\libHCCD.a(fat_common.o)
                0x200243fc                fn_flush
 .text.fn_read  0x20024770      0x690 C:/Hoopoe3/satellite-subsystems/demo/../..//hal/hcc/lib\libHCCD.a(fat_common.o)
                0x20024770                fn_read
 .text._f_abortwrite
                0x20024e00      0x100 C:/Hoopoe3/satellite-subsystems/demo/../..//hal/hcc/lib\libHCCD.a(fat_common.o)
 .text._f_checkwritecluster
                0x20024f00       0xe4 C:/Hoopoe3/satellite-subsystems/demo/../..//hal/hcc/lib\libHCCD.a(fat_common.o)
 .text.fn_write
                0x20024fe4      0x8a8 C:/Hoopoe3/satellite-subsystems/demo/../..//hal/hcc/lib\libHCCD.a(fat_common.o)
                0x20024fe4                fn_write
 .text.fn_seek  0x2002588c      0x270 C:/Hoopoe3/satellite-subsystems/demo/../..//hal/hcc/lib\libHCCD.a(fat_common.o)
                0x2002588c                fn_seek
 .text.f_enterFS
                0x20025afc      0x1c0 C:/Hoopoe3/satellite-subsystems/demo/../..//hal/hcc/lib\libHCCD.a(fat_common.o)
                0x20025afc                f_enterFS
 .text.f_releaseFS
                0x20025cbc       0xb0 C:/Hoopoe3/satellite-subsystems/demo/../..//hal/hcc/lib\libHCCD.a(fat_common.o)
                0x20025cbc                f_releaseFS
 .text.fnGetTask
                0x20025d6c       0xfc C:/Hoopoe3/satellite-subsystems/demo/../..//hal/hcc/lib\libHCCD.a(fat_common.o)
                0x20025d6c                fnGetTask
 .text._f_mutex_get
                0x20025e68       0x98 C:/Hoopoe3/satellite-subsystems/demo/../..//hal/hcc/lib\libHCCD.a(fat_common.o)
                0x20025e68                _f_mutex_get
 .text._f_mutex_put
                0x20025f00       0x54 C:/Hoopoe3/satellite-subsystems/demo/../..//hal/hcc/lib\libHCCD.a(fat_common.o)
                0x20025f00                _f_mutex_put
 .text._fn_initseekdivisor
                0x20025f54      0x158 C:/Hoopoe3/satellite-subsystems/demo/../..//hal/hcc/lib\libHCCD.a(fat_common.o)
                0x20025f54                _fn_initseekdivisor
 .text._fn_updateseekpos
                0x200260ac       0xc4 C:/Hoopoe3/satellite-subsystems/demo/../..//hal/hcc/lib\libHCCD.a(fat_common.o)
 .text._f_findopensize
                0x20026170       0x2c C:/Hoopoe3/satellite-subsystems/demo/../..//hal/hcc/lib\libHCCD.a(fat_common.o)
                0x20026170                _f_findopensize
 .text.fn_setlasterror
                0x2002619c       0x34 C:/Hoopoe3/satellite-subsystems/demo/../..//hal/hcc/lib\libHCCD.a(fat_common.o)
                0x2002619c                fn_setlasterror
 .text.fn_setlasterror_noret
                0x200261d0       0x2c C:/Hoopoe3/satellite-subsystems/demo/../..//hal/hcc/lib\libHCCD.a(fat_common.o)
                0x200261d0                fn_setlasterror_noret
 .text.fm_initvolume
                0x200261fc       0x70 C:/Hoopoe3/satellite-subsystems/demo/../..//hal/hcc/lib\libHCCD.a(fat_m.o)
                0x200261fc                fm_initvolume
 .text.fm_getdrive
                0x2002626c       0x70 C:/Hoopoe3/satellite-subsystems/demo/../..//hal/hcc/lib\libHCCD.a(fat_m.o)
                0x2002626c                fm_getdrive
 .text.fm_getfreespace
                0x200262dc       0x68 C:/Hoopoe3/satellite-subsystems/demo/../..//hal/hcc/lib\libHCCD.a(fat_m.o)
                0x200262dc                fm_getfreespace
 .text.fm_findfirst
                0x20026344       0x68 C:/Hoopoe3/satellite-subsystems/demo/../..//hal/hcc/lib\libHCCD.a(fat_m.o)
                0x20026344                fm_findfirst
 .text.fm_findnext
                0x200263ac       0x60 C:/Hoopoe3/satellite-subsystems/demo/../..//hal/hcc/lib\libHCCD.a(fat_m.o)
                0x200263ac                fm_findnext
 .text.fm_rename
                0x2002640c       0x68 C:/Hoopoe3/satellite-subsystems/demo/../..//hal/hcc/lib\libHCCD.a(fat_m.o)
                0x2002640c                fm_rename
 .text.fm_filelength
                0x20026474       0x60 C:/Hoopoe3/satellite-subsystems/demo/../..//hal/hcc/lib\libHCCD.a(fat_m.o)
                0x20026474                fm_filelength
 .text.fm_close
                0x200264d4       0x60 C:/Hoopoe3/satellite-subsystems/demo/../..//hal/hcc/lib\libHCCD.a(fat_m.o)
                0x200264d4                fm_close
 .text.fm_flush
                0x20026534       0x60 C:/Hoopoe3/satellite-subsystems/demo/../..//hal/hcc/lib\libHCCD.a(fat_m.o)
                0x20026534                fm_flush
 .text.fm_open  0x20026594       0x68 C:/Hoopoe3/satellite-subsystems/demo/../..//hal/hcc/lib\libHCCD.a(fat_m.o)
                0x20026594                fm_open
 .text.fm_read  0x200265fc       0x7c C:/Hoopoe3/satellite-subsystems/demo/../..//hal/hcc/lib\libHCCD.a(fat_m.o)
                0x200265fc                fm_read
 .text.fm_write
                0x20026678       0x7c C:/Hoopoe3/satellite-subsystems/demo/../..//hal/hcc/lib\libHCCD.a(fat_m.o)
                0x20026678                fm_write
 .text.fm_seek  0x200266f4       0x70 C:/Hoopoe3/satellite-subsystems/demo/../..//hal/hcc/lib\libHCCD.a(fat_m.o)
                0x200266f4                fm_seek
 .text.fm_delete
                0x20026764       0x64 C:/Hoopoe3/satellite-subsystems/demo/../..//hal/hcc/lib\libHCCD.a(fat_m.o)
                0x20026764                fm_delete
 .text._s_checkzeroclusteratend
                0x200267c8       0xf8 C:/Hoopoe3/satellite-subsystems/demo/../..//hal/hcc/lib\libHCCD.a(safefat.o)
 .text._s_clearclustercontent
                0x200268c0      0x108 C:/Hoopoe3/satellite-subsystems/demo/../..//hal/hcc/lib\libHCCD.a(safefat.o)
 .text._s_clearclustercontentdir
                0x200269c8      0x19c C:/Hoopoe3/satellite-subsystems/demo/../..//hal/hcc/lib\libHCCD.a(safefat.o)
 .text._s_writedirsector
                0x20026b64       0xd0 C:/Hoopoe3/satellite-subsystems/demo/../..//hal/hcc/lib\libHCCD.a(safefat.o)
 .text._s_getdirsector
                0x20026c34      0x100 C:/Hoopoe3/satellite-subsystems/demo/../..//hal/hcc/lib\libHCCD.a(safefat.o)
 .text._s_addentry
                0x20026d34      0x394 C:/Hoopoe3/satellite-subsystems/demo/../..//hal/hcc/lib\libHCCD.a(safefat.o)
 .text._s_findfile
                0x200270c8      0x33c C:/Hoopoe3/satellite-subsystems/demo/../..//hal/hcc/lib\libHCCD.a(safefat.o)
 .text._s_findsubdir
                0x20027404      0x248 C:/Hoopoe3/satellite-subsystems/demo/../..//hal/hcc/lib\libHCCD.a(safefat.o)
 .text._s_createfile
                0x2002764c      0x190 C:/Hoopoe3/satellite-subsystems/demo/../..//hal/hcc/lib\libHCCD.a(safefat.o)
 .text._s_findsaffile
                0x200277dc      0x1b8 C:/Hoopoe3/satellite-subsystems/demo/../..//hal/hcc/lib\libHCCD.a(safefat.o)
 .text._s_open  0x20027994       0xe4 C:/Hoopoe3/satellite-subsystems/demo/../..//hal/hcc/lib\libHCCD.a(safefat.o)
 .text._s_open_saf
                0x20027a78       0xe8 C:/Hoopoe3/satellite-subsystems/demo/../..//hal/hcc/lib\libHCCD.a(safefat.o)
 .text._s_flush
                0x20027b60       0x84 C:/Hoopoe3/satellite-subsystems/demo/../..//hal/hcc/lib\libHCCD.a(safefat.o)
 .text._s_allocnextcluster
                0x20027be4      0x13c C:/Hoopoe3/satellite-subsystems/demo/../..//hal/hcc/lib\libHCCD.a(safefat.o)
 .text._s_getnextsector
                0x20027d20       0xdc C:/Hoopoe3/satellite-subsystems/demo/../..//hal/hcc/lib\libHCCD.a(safefat.o)