Archive member included because of file (symbol)

c:/isis/application/toolchain/bin/../lib/gcc/arm-none-eabi/4.7.4/../../../../arm-none-eabi/lib\libc_s.a(lib_a-vfprintf_float.o)
                              (_printf_float)
c:/isis/application/toolchain/bin/../lib/gcc/arm-none-eabi/4.7.4/../../../../arm-none-eabi/lib\libc_s.a(lib_a-vfprintf_i.o)
                              c:/isis/application/toolchain/bin/../lib/gcc/arm-none-eabi/4.7.4/../../../../arm-none-eabi/lib\libc_s.a(lib_a-vfprintf_float.o) (_printf_common)
c:/isis/application/toolchain/bin/../lib/gcc/arm-none-eabi/4.7.4/../../../../arm-none-eabi/lib\libc_s.a(lib_a-vfscanf_float.o)
                              (_scanf_float)
c:/isis/application/toolchain/bin/../lib/gcc/arm-none-eabi/4.7.4/../../../../arm-none-eabi/lib\libc_s.a(lib_a-dtoa.o)
                              c:/isis/application/toolchain/bin/../lib/gcc/arm-none-eabi/4.7.4/../../../../arm-none-eabi/lib\libc_s.a(lib_a-vfprintf_float.o) (_dtoa_r)
c:/isis/application/toolchain/bin/../lib/gcc/arm-none-eabi/4.7.4/../../../../arm-none-eabi/lib\libc_s.a(lib_a-locale.o)
                              c:/isis/application/toolchain/bin/../lib/gcc/arm-none-eabi/4.7.4/../../../../arm-none-eabi/lib\libc_s.a(lib_a-vfprintf_float.o) (_localeconv_r)
c:/isis/application/toolchain/bin/../lib/gcc/arm-none-eabi/4.7.4/../../../../arm-none-eabi/lib\libc_s.a(lib_a-malloc.o)
                              c:/isis/application/toolchain/bin/../lib/gcc/arm-none-eabi/4.7.4/../../../../arm-none-eabi/lib\libc_s.a(lib_a-dtoa.o) (malloc)
c:/isis/application/toolchain/bin/../lib/gcc/arm-none-eabi/4.7.4/../../../../arm-none-eabi/lib\libc_s.a(lib_a-mallocr.o)
                              c:/isis/application/toolchain/bin/../lib/gcc/arm-none-eabi/4.7.4/../../../../arm-none-eabi/lib\libc_s.a(lib_a-malloc.o) (_malloc_r)
c:/isis/application/toolchain/bin/../lib/gcc/arm-none-eabi/4.7.4/../../../../arm-none-eabi/lib\libc_s.a(lib_a-memcpy.o)
                              c:/isis/application/toolchain/bin/../lib/gcc/arm-none-eabi/4.7.4/../../../../arm-none-eabi/lib\libc_s.a(lib_a-dtoa.o) (memcpy)
c:/isis/application/toolchain/bin/../lib/gcc/arm-none-eabi/4.7.4/../../../../arm-none-eabi/lib\libc_s.a(lib_a-mprec.o)
                              c:/isis/application/toolchain/bin/../lib/gcc/arm-none-eabi/4.7.4/../../../../arm-none-eabi/lib\libc_s.a(lib_a-dtoa.o) (_Balloc)
c:/isis/application/toolchain/bin/../lib/gcc/arm-none-eabi/4.7.4/../../../../arm-none-eabi/lib\libc_s.a(lib_a-s_fpclassify.o)
                              c:/isis/application/toolchain/bin/../lib/gcc/arm-none-eabi/4.7.4/../../../../arm-none-eabi/lib\libc_s.a(lib_a-vfprintf_float.o) (__fpclassifyd)
c:/isis/application/toolchain/bin/../lib/gcc/arm-none-eabi/4.7.4/../../../../arm-none-eabi/lib\libc_s.a(lib_a-sbrkr.o)
                              c:/isis/application/toolchain/bin/../lib/gcc/arm-none-eabi/4.7.4/../../../../arm-none-eabi/lib\libc_s.a(lib_a-mallocr.o) (_sbrk_r)
c:/isis/application/toolchain/bin/../lib/gcc/arm-none-eabi/4.7.4/../../../../arm-none-eabi/lib\libc_s.a(lib_a-sf_nan.o)
                              c:/isis/application/toolchain/bin/../lib/gcc/arm-none-eabi/4.7.4/../../../../arm-none-eabi/lib\libc_s.a(lib_a-vfscanf_float.o) (nanf)
c:/isis/application/toolchain/bin/../lib/gcc/arm-none-eabi/4.7.4/../../../../arm-none-eabi/lib\libc_s.a(lib_a-sprintf.o)
                              c:/isis/application/toolchain/bin/../lib/gcc/arm-none-eabi/4.7.4/../../../../arm-none-eabi/lib\libc_s.a(lib_a-vfscanf_float.o) (sprintf)
c:/isis/application/toolchain/bin/../lib/gcc/arm-none-eabi/4.7.4/../../../../arm-none-eabi/lib\libc_s.a(lib_a-strcmp.o)
                              c:/isis/application/toolchain/bin/../lib/gcc/arm-none-eabi/4.7.4/../../../../arm-none-eabi/lib\libc_s.a(lib_a-locale.o) (strcmp)
c:/isis/application/toolchain/bin/../lib/gcc/arm-none-eabi/4.7.4/../../../../arm-none-eabi/lib\libc_s.a(lib_a-strlen.o)
                              c:/isis/application/toolchain/bin/../lib/gcc/arm-none-eabi/4.7.4/../../../../arm-none-eabi/lib\libc_s.a(lib_a-vfprintf_float.o) (strlen)
c:/isis/application/toolchain/bin/../lib/gcc/arm-none-eabi/4.7.4/../../../../arm-none-eabi/lib\libc_s.a(lib_a-strtod.o)
                              c:/isis/application/toolchain/bin/../lib/gcc/arm-none-eabi/4.7.4/../../../../arm-none-eabi/lib\libc_s.a(lib_a-vfscanf_float.o) (_strtod_r)
c:/isis/application/toolchain/bin/../lib/gcc/arm-none-eabi/4.7.4/../../../../arm-none-eabi/lib\libc_s.a(lib_a-strtol.o)
                              c:/isis/application/toolchain/bin/../lib/gcc/arm-none-eabi/4.7.4/../../../../arm-none-eabi/lib\libc_s.a(lib_a-vfscanf_float.o) (_strtol_r)
c:/isis/application/toolchain/bin/../lib/gcc/arm-none-eabi/4.7.4/../../../../arm-none-eabi/lib\libc_s.a(lib_a-svfprintf.o)
                              c:/isis/application/toolchain/bin/../lib/gcc/arm-none-eabi/4.7.4/../../../../arm-none-eabi/lib\libc_s.a(lib_a-sprintf.o) (_svfprintf_r)
[...]
Memory Configuration

Name             Origin             Length             Attributes
sram0            0x00200000         0x00004000         w !xr
sram1            0x00300000         0x00004000         w !xr
sdram            0x20000000         0x02000000         w !xr
*default*        0x00000000         0xffffffff

Linker script and memory map

LOAD c:/isis/application/toolchain/bin/../lib/gcc/arm-none-eabi/4.7.4/../../../../arm-none-eabi/lib\libc_s.a
LOAD ./src/sub-systemCode/payload/Request Management/Dump/Butchering.o
LOAD ./src/sub-systemCode/payload/Request Management/Dump/imageDump.o
LOAD ./src/sub-systemCode/payload/Request Management/AutomaticImageHandler.o
LOAD ./src/sub-systemCode/payload/Request Management/CameraManeger.o
LOAD ./src/sub-systemCode/payload/Request Management/DB_RequestHandling.o
LOAD ./src/sub-systemCode/payload/Misc/Boolean_bit.o
LOAD ./src/sub-systemCode/payload/Misc/FileSystem.o
LOAD ./src/sub-systemCode/payload/Drivers/GeckoCameraDriver.o
LOAD ./src/sub-systemCode/payload/DataBase/DataBase.o
LOAD ./src/sub-systemCode/payload/Compression/jpeg/bmp/rawToBMP.o
LOAD ./src/sub-systemCode/payload/Compression/jpeg/DCT.o
LOAD ./src/sub-systemCode/payload/Compression/jpeg/ImgCompressor.o
LOAD ./src/sub-systemCode/payload/Compression/jpeg/color_conv.o
LOAD ./src/sub-systemCode/payload/Compression/jpeg/jpeg.o
LOAD ./src/sub-systemCode/payload/Compression/jpeg/jpeg_encoder.o
LOAD ./src/sub-systemCode/payload/Compression/jpeg/jpeg_memory_alloc.o
LOAD ./src/sub-systemCode/payload/Compression/jpeg/jpeg_params.o
LOAD ./src/sub-systemCode/payload/Compression/jpeg/output_stream.o
LOAD ./src/sub-systemCode/payload/Compression/ImageConversion.o
LOAD ./src/sub-systemCode/Main/CMD/ADCS_CMD.o
LOAD ./src/sub-systemCode/Main/CMD/COMM_CMD.o
LOAD ./src/sub-systemCode/Main/CMD/EPS_CMD.o
LOAD ./src/sub-systemCode/Main/CMD/General_CMD.o
LOAD ./src/sub-systemCode/Main/CMD/SW_CMD.o
LOAD ./src/sub-systemCode/Main/CMD/payload_CMD.o
LOAD ./src/sub-systemCode/Main/Ants.o
LOAD ./src/sub-systemCode/Main/EPS.o
LOAD ./src/sub-systemCode/Main/HouseKeeping.o
LOAD ./src/sub-systemCode/Main/Main_Init.o
LOAD ./src/sub-systemCode/Main/commands.o
LOAD ./src/sub-systemCode/Global/GenericTaskSave.o
LOAD ./src/sub-systemCode/Global/Global.o
LOAD ./src/sub-systemCode/Global/GlobalParam.o
LOAD ./src/sub-systemCode/Global/OnlineTM.o
LOAD ./src/sub-systemCode/Global/TLM_management.o
LOAD ./src/sub-systemCode/Global/freertosExtended.o
LOAD ./src/sub-systemCode/Global/logger.o
LOAD ./src/sub-systemCode/CUF/CUF.o
LOAD ./src/sub-systemCode/CUF/uploadCodeTelemetry.o
LOAD ./src/sub-systemCode/COMM/APRS.o
LOAD ./src/sub-systemCode/COMM/DelayedCommand_list.o
LOAD ./src/sub-systemCode/COMM/GSC.o
LOAD ./src/sub-systemCode/COMM/TRXVU.o
LOAD ./src/sub-systemCode/ADCS/AdcsCommands.o
LOAD ./src/sub-systemCode/ADCS/AdcsGetDataAndTlm.o
LOAD ./src/sub-systemCode/ADCS/AdcsMain.o
LOAD ./src/sub-systemCode/ADCS/AdcsTroubleShooting.o
LOAD ./src/sub-systemCode/ADCS/StateMachine.o
LOAD ./src/main.o
LOAD C:/HOOPOE3/satellite-subsystems/demo/..//satellite-subsystems/lib\libSatelliteSubsystemsD.a
LOAD c:/isis/application/toolchain/bin/../lib/gcc/arm-none-eabi/4.7.4/../../../../arm-none-eabi/lib\libm.a
LOAD C:/HOOPOE3/satellite-subsystems/demo/../..//hal/hcc/lib\libHCCD.a
LOAD C:/HOOPOE3/satellite-subsystems/demo/../..//hal/hal/lib\libHALD.a
LOAD C:/HOOPOE3/satellite-subsystems/demo/../..//hal/freertos/lib\libFreeRTOSD.a
LOAD C:/HOOPOE3/satellite-subsystems/demo/../..//hal/at91/lib\libAt91D.a
START GROUP
LOAD c:/isis/application/toolchain/bin/../lib/gcc/arm-none-eabi/4.7.4\libgcc.a
LOAD c:/isis/application/toolchain/bin/../lib/gcc/arm-none-eabi/4.7.4/../../../../arm-none-eabi/lib\libc_s.a
END GROUP

.fixed          0x20000000    0x60814
                0x20000000                . = ALIGN (0x4)
                0x20000000                _sfixed = .
 *(.startup)
 .startup       0x20000000      0x134 C:/HOOPOE3/satellite-subsystems/demo/../..//hal/at91/lib\libAt91D.a(board_cstartup.o)
                0x20000000                entry
 *(.text)
 .text          0x20000134       0x64 C:/HOOPOE3/satellite-subsystems/demo/../..//hal/at91/lib\libAt91D.a(cp15_asm.o)
                0x20000134                _readControlRegister
                0x20000140                _writeControlRegister
                0x20000148                _waitForInterrupt
                0x20000154                _writeTTB
                0x2000015c                _writeDomain
                0x20000164                _writeITLBLockdown
                0x2000016c                _prefetchICacheLine
                0x20000174                _flushDCache
                0x20000180                _flushWriteBuffer
                0x2000018c                _invalidateIDTLBs
 .text          0x20000198      0x114 c:/isis/application/toolchain/bin/../lib/gcc/arm-none-eabi/4.7.4\libgcc.a(_udivsi3.o)
                0x20000198                __aeabi_uidiv
                0x20000198                __udivsi3
                0x2000028c                __aeabi_uidivmod
 .text          0x200002ac      0x148 c:/isis/application/toolchain/bin/../lib/gcc/arm-none-eabi/4.7.4\libgcc.a(_divsi3.o)
                0x200002ac                __divsi3
                0x200002ac                __aeabi_idiv
                0x200003d4                __aeabi_idivmod
 .text          0x200003f4        0x4 c:/isis/application/toolchain/bin/../lib/gcc/arm-none-eabi/4.7.4\libgcc.a(_dvmd_tls.o)
                0x200003f4                __aeabi_idiv0
                0x200003f4                __aeabi_ldiv0
 .text          0x200003f8      0x41c c:/isis/application/toolchain/bin/../lib/gcc/arm-none-eabi/4.7.4\libgcc.a(_arm_addsubdf3.o)
                0x200003f8                __aeabi_drsub
                0x20000400                __aeabi_dsub
                0x20000400                __subdf3
                0x20000404                __aeabi_dadd
                0x20000404                __adddf3
                0x20000714                __floatunsidf
                0x20000714                __aeabi_ui2d
                0x20000738                __floatsidf
                0x20000738                __aeabi_i2d
                0x20000760                __aeabi_f2d
                0x20000760                __extendsfdf2
                0x200007a0                __floatundidf
                0x200007a0                __aeabi_ul2d
                0x200007b4                __floatdidf
                0x200007b4                __aeabi_l2d
 .text          0x20000814      0x49c c:/isis/application/toolchain/bin/../lib/gcc/arm-none-eabi/4.7.4\libgcc.a(_arm_muldivdf3.o)
                0x20000814                __aeabi_dmul
                0x20000814                __muldf3
                0x20000aa4                __divdf3
                0x20000aa4                __aeabi_ddiv
 .text          0x20000cb0      0x144 c:/isis/application/toolchain/bin/../lib/gcc/arm-none-eabi/4.7.4\libgcc.a(_arm_cmpdf2.o)
                0x20000cb0                __gtdf2
                0x20000cb0                __gedf2
                0x20000cb8                __ltdf2
                0x20000cb8                __ledf2
                0x20000cc0                __nedf2
                0x20000cc0                __eqdf2
                0x20000cc0                __cmpdf2
                0x20000d48                __aeabi_cdrcmple
                0x20000d64                __aeabi_cdcmpeq
                0x20000d64                __aeabi_cdcmple
                0x20000d7c                __aeabi_dcmpeq
                0x20000d94                __aeabi_dcmplt
                0x20000dac                __aeabi_dcmple
                0x20000dc4                __aeabi_dcmpge
                0x20000ddc                __aeabi_dcmpgt
 .text          0x20000df4       0x5c c:/isis/application/toolchain/bin/../lib/gcc/arm-none-eabi/4.7.4\libgcc.a(_arm_fixdfsi.o)
                0x20000df4                __aeabi_d2iz
                0x20000df4                __fixdfsi
 .text          0x20000e50       0x54 c:/isis/application/toolchain/bin/../lib/gcc/arm-none-eabi/4.7.4\libgcc.a(_arm_fixunsdfsi.o)
                0x20000e50                __aeabi_d2uiz
                0x20000e50                __fixunsdfsi
 .text          0x20000ea4       0xa0 c:/isis/application/toolchain/bin/../lib/gcc/arm-none-eabi/4.7.4\libgcc.a(_arm_truncdfsf2.o)
                0x20000ea4                __truncdfsf2
                0x20000ea4                __aeabi_d2f
 .text          0x20000f44      0x2ac c:/isis/application/toolchain/bin/../lib/gcc/arm-none-eabi/4.7.4\libgcc.a(_arm_addsubsf3.o)
                0x20000f44                __aeabi_frsub
                0x20000f4c                __subsf3
                0x20000f4c                __aeabi_fsub
                0x20000f50                __aeabi_fadd
                0x20000f50                __addsf3
                0x2000110c                __aeabi_ui2f
                0x2000110c                __floatunsisf
                0x20001114                __aeabi_i2f
                0x20001114                __floatsisf
                0x20001134                __aeabi_ul2f
                0x20001134                __floatundisf
                0x20001144                __aeabi_l2f
                0x20001144                __floatdisf
 .text          0x200011f0      0x2f8 c:/isis/application/toolchain/bin/../lib/gcc/arm-none-eabi/4.7.4\libgcc.a(_arm_muldivsf3.o)
                0x200011f0                __mulsf3
                0x200011f0                __aeabi_fmul
                0x20001388                __aeabi_fdiv
                0x20001388                __divsf3
 .text          0x200014e8      0x114 c:/isis/application/toolchain/bin/../lib/gcc/arm-none-eabi/4.7.4\libgcc.a(_arm_cmpsf2.o)
                0x200014e8                __gesf2
                0x200014e8                __gtsf2
                0x200014f0                __lesf2
                0x200014f0                __ltsf2
                0x200014f8                __nesf2
                0x200014f8                __eqsf2
                0x200014f8                __cmpsf2
                0x2000155c                __aeabi_cfrcmple
                0x2000156c                __aeabi_cfcmpeq
                0x2000156c                __aeabi_cfcmple
                0x20001584                __aeabi_fcmpeq
                0x2000159c                __aeabi_fcmplt
                0x200015b4                __aeabi_fcmple
                0x200015cc                __aeabi_fcmpge
                0x200015e4                __aeabi_fcmpgt
 .text          0x200015fc       0x54 c:/isis/application/toolchain/bin/../lib/gcc/arm-none-eabi/4.7.4\libgcc.a(_arm_fixunssfsi.o)
                0x200015fc                __fixunssfsi
                0x200015fc                __aeabi_f2uiz
 *(.text*)
 .text.__cvt    0x20001650      0x138 c:/isis/application/toolchain/bin/../lib/gcc/arm-none-eabi/4.7.4/../../../../arm-none-eabi/lib\libc_s.a(lib_a-vfprintf_float.o)
                0x20001650                __cvt
 .text.__exponent
                0x20001788       0xa8 c:/isis/application/toolchain/bin/../lib/gcc/arm-none-eabi/4.7.4/../../../../arm-none-eabi/lib\libc_s.a(lib_a-vfprintf_float.o)
                0x20001788                __exponent
 .text._printf_float
                0x20001830      0x7dc c:/isis/application/toolchain/bin/../lib/gcc/arm-none-eabi/4.7.4/../../../../arm-none-eabi/lib\libc_s.a(lib_a-vfprintf_float.o)
                0x20001830                _printf_float
 .text._printf_common
                0x2000200c      0x174 c:/isis/application/toolchain/bin/../lib/gcc/arm-none-eabi/4.7.4/../../../../arm-none-eabi/lib\libc_s.a(lib_a-vfprintf_i.o)
                0x2000200c                _printf_common
 .text._printf_i
                0x20002180      0x3c4 c:/isis/application/toolchain/bin/../lib/gcc/arm-none-eabi/4.7.4/../../../../arm-none-eabi/lib\libc_s.a(lib_a-vfprintf_i.o)
                0x20002180                _printf_i
 .text._scanf_float
                0x20002544      0x5f4 c:/isis/application/toolchain/bin/../lib/gcc/arm-none-eabi/4.7.4/../../../../arm-none-eabi/lib\libc_s.a(lib_a-vfscanf_float.o)
                0x20002544                _scanf_float
 .text.quorem   0x20002b38      0x1ac c:/isis/application/toolchain/bin/../lib/gcc/arm-none-eabi/4.7.4/../../../../arm-none-eabi/lib\libc_s.a(lib_a-dtoa.o)
 .text._dtoa_r  0x20002ce4     0x1268 c:/isis/application/toolchain/bin/../lib/gcc/arm-none-eabi/4.7.4/../../../../arm-none-eabi/lib\libc_s.a(lib_a-dtoa.o)
                0x20002ce4                _dtoa_r
 .text._localeconv_r
                0x20003f4c        0xc c:/isis/application/toolchain/bin/../lib/gcc/arm-none-eabi/4.7.4/../../../../arm-none-eabi/lib\libc_s.a(lib_a-locale.o)
                0x20003f4c                _localeconv_r
 .text.malloc   0x20003f58       0x20 c:/isis/application/toolchain/bin/../lib/gcc/arm-none-eabi/4.7.4/../../../../arm-none-eabi/lib\libc_s.a(lib_a-malloc.o)
                0x20003f58                malloc
 .text.free     0x20003f78       0x20 c:/isis/application/toolchain/bin/../lib/gcc/arm-none-eabi/4.7.4/../../../../arm-none-eabi/lib\libc_s.a(lib_a-malloc.o)
                0x20003f78                free
 .text._malloc_r
                0x20003f98       0xfc c:/isis/application/toolchain/bin/../lib/gcc/arm-none-eabi/4.7.4/../../../../arm-none-eabi/lib\libc_s.a(lib_a-mallocr.o)
                0x20003f98                _malloc_r
 .text.memcpy   0x20004094       0x20 c:/isis/application/toolchain/bin/../lib/gcc/arm-none-eabi/4.7.4/../../../../arm-none-eabi/lib\libc_s.a(lib_a-memcpy.o)
                0x20004094                memcpy
 .text._Balloc  0x200040b4       0xcc c:/isis/application/toolchain/bin/../lib/gcc/arm-none-eabi/4.7.4/../../../../arm-none-eabi/lib\libc_s.a(lib_a-mprec.o)
                0x200040b4                _Balloc
 .text._Bfree   0x20004180       0x5c c:/isis/application/toolchain/bin/../lib/gcc/arm-none-eabi/4.7.4/../../../../arm-none-eabi/lib\libc_s.a(lib_a-mprec.o)
                0x20004180                _Bfree
 .text.__multadd
                0x200041dc       0xbc c:/isis/application/toolchain/bin/../lib/gcc/arm-none-eabi/4.7.4/../../../../arm-none-eabi/lib\libc_s.a(lib_a-mprec.o)
                0x200041dc                __multadd
 .text.__s2b    0x20004298       0xd8 c:/isis/application/toolchain/bin/../lib/gcc/arm-none-eabi/4.7.4/../../../../arm-none-eabi/lib\libc_s.a(lib_a-mprec.o)
                0x20004298                __s2b
 .text.__hi0bits
                0x20004370       0x58 c:/isis/application/toolchain/bin/../lib/gcc/arm-none-eabi/4.7.4/../../../../arm-none-eabi/lib\libc_s.a(lib_a-mprec.o)
                0x20004370                __hi0bits
 .text.__lo0bits
                0x200043c8       0x94 c:/isis/application/toolchain/bin/../lib/gcc/arm-none-eabi/4.7.4/../../../../arm-none-eabi/lib\libc_s.a(lib_a-mprec.o)
                0x200043c8                __lo0bits
 .text.__i2b    0x2000445c       0x24 c:/isis/application/toolchain/bin/../lib/gcc/arm-none-eabi/4.7.4/../../../../arm-none-eabi/lib\libc_s.a(lib_a-mprec.o)
                0x2000445c                __i2b
 .text.__multiply
                0x20004480      0x1ac c:/isis/application/toolchain/bin/../lib/gcc/arm-none-eabi/4.7.4/../../../../arm-none-eabi/lib\libc_s.a(lib_a-mprec.o)
                0x20004480                __multiply
 .text.__pow5mult
                0x2000462c      0x10c c:/isis/application/toolchain/bin/../lib/gcc/arm-none-eabi/4.7.4/../../../../arm-none-eabi/lib\libc_s.a(lib_a-mprec.o)
                0x2000462c                __pow5mult
 .text.__lshift
                0x20004738       0xf0 c:/isis/application/toolchain/bin/../lib/gcc/arm-none-eabi/4.7.4/../../../../arm-none-eabi/lib\libc_s.a(lib_a-mprec.o)
                0x20004738                __lshift
 .text.__mcmp   0x20004828       0x60 c:/isis/application/toolchain/bin/../lib/gcc/arm-none-eabi/4.7.4/../../../../arm-none-eabi/lib\libc_s.a(lib_a-mprec.o)
                0x20004828                __mcmp
 .text.__mdiff  0x20004888      0x128 c:/isis/application/toolchain/bin/../lib/gcc/arm-none-eabi/4.7.4/../../../../arm-none-eabi/lib\libc_s.a(lib_a-mprec.o)
                0x20004888                __mdiff
 .text.__ulp    0x200049b0       0x5c c:/isis/application/toolchain/bin/../lib/gcc/arm-none-eabi/4.7.4/../../../../arm-none-eabi/lib\libc_s.a(lib_a-mprec.o)
                0x200049b0                __ulp
 .text.__b2d    0x20004a0c       0xc8 c:/isis/application/toolchain/bin/../lib/gcc/arm-none-eabi/4.7.4/../../../../arm-none-eabi/lib\libc_s.a(lib_a-mprec.o)
                0x20004a0c                __b2d
 .text.__d2b    0x20004ad4       0xfc c:/isis/application/toolchain/bin/../lib/gcc/arm-none-eabi/4.7.4/../../../../arm-none-eabi/lib\libc_s.a(lib_a-mprec.o)
                0x20004ad4                __d2b
 .text.__ratio  0x20004bd0       0x70 c:/isis/application/toolchain/bin/../lib/gcc/arm-none-eabi/4.7.4/../../../../arm-none-eabi/lib\libc_s.a(lib_a-mprec.o)
                0x20004bd0                __ratio
 .text.__copybits
                0x20004c40       0x4c c:/isis/application/toolchain/bin/../lib/gcc/arm-none-eabi/4.7.4/../../../../arm-none-eabi/lib\libc_s.a(lib_a-mprec.o)
                0x20004c40                __copybits
 .text.__any_on
                0x20004c8c       0x7c c:/isis/application/toolchain/bin/../lib/gcc/arm-none-eabi/4.7.4/../../../../arm-none-eabi/lib\libc_s.a(lib_a-mprec.o)
                0x20004c8c                __any_on
 .text.__fpclassifyd
                0x20004d08       0x6c c:/isis/application/toolchain/bin/../lib/gcc/arm-none-eabi/4.7.4/../../../../arm-none-eabi/lib\libc_s.a(lib_a-s_fpclassify.o)
                0x20004d08                __fpclassifyd
 .text._sbrk_r  0x20004d74       0x3c c:/isis/application/toolchain/bin/../lib/gcc/arm-none-eabi/4.7.4/../../../../arm-none-eabi/lib\libc_s.a(lib_a-sbrkr.o)
                0x20004d74                _sbrk_r
 .text.nanf     0x20004db0        0xc c:/isis/application/toolchain/bin/../lib/gcc/arm-none-eabi/4.7.4/../../../../arm-none-eabi/lib\libc_s.a(lib_a-sf_nan.o)
                0x20004db0                nanf
 .text.sprintf  0x20004dbc       0x6c c:/isis/application/toolchain/bin/../lib/gcc/arm-none-eabi/4.7.4/../../../../arm-none-eabi/lib\libc_s.a(lib_a-sprintf.o)
                0x20004dbc                siprintf
                0x20004dbc                sprintf
 .text.strcmp   0x20004e28       0x1c c:/isis/application/toolchain/bin/../lib/gcc/arm-none-eabi/4.7.4/../../../../arm-none-eabi/lib\libc_s.a(lib_a-strcmp.o)
                0x20004e28                strcmp
 .text.strlen   0x20004e44       0x1c c:/isis/application/toolchain/bin/../lib/gcc/arm-none-eabi/4.7.4/../../../../arm-none-eabi/lib\libc_s.a(lib_a-strlen.o)
                0x20004e44                strlen
 .text.match    0x20004e60       0x54 c:/isis/application/toolchain/bin/../lib/gcc/arm-none-eabi/4.7.4/../../../../arm-none-eabi/lib\libc_s.a(lib_a-strtod.o)
 .text._strtod_r
                0x20004eb4     0x1168 c:/isis/application/toolchain/bin/../lib/gcc/arm-none-eabi/4.7.4/../../../../arm-none-eabi/lib\libc_s.a(lib_a-strtod.o)
                0x20004eb4                _strtod_r
 .text._strtol_r
                0x2000601c      0x1b8 c:/isis/application/toolchain/bin/../lib/gcc/arm-none-eabi/4.7.4/../../../../arm-none-eabi/lib\libc_s.a(lib_a-strtol.o)
                0x2000601c                _strtol_r
 .text.__ssputc_r
                0x200061d4      0x10c c:/isis/application/toolchain/bin/../lib/gcc/arm-none-eabi/4.7.4/../../../../arm-none-eabi/lib\libc_s.a(lib_a-svfprintf.o)
                0x200061d4                __ssputc_r
 .text._svfprintf_r
                0x200062e0      0x328 c:/isis/application/toolchain/bin/../lib/gcc/arm-none-eabi/4.7.4/../../../../arm-none-eabi/lib\libc_s.a(lib_a-svfprintf.o)
                0x200062e0                _svfiprintf_r
                0x200062e0                _svfprintf_r
 .text._calloc_r
                0x20006608       0x2c c:/isis/application/toolchain/bin/../lib/gcc/arm-none-eabi/4.7.4/../../../../arm-none-eabi/lib\libc_s.a(lib_a-callocr.o)
                0x20006608                _calloc_r
 .text._free_r  0x20006634      0x108 c:/isis/application/toolchain/bin/../lib/gcc/arm-none-eabi/4.7.4/../../../../arm-none-eabi/lib\libc_s.a(lib_a-freer.o)
                0x20006634                _free_r
 .text.rshift   0x2000673c       0xb0 c:/isis/application/toolchain/bin/../lib/gcc/arm-none-eabi/4.7.4/../../../../arm-none-eabi/lib\libc_s.a(lib_a-gdtoa-gethex.o)
 .text.htinit.constprop.0
                0x200067ec       0x34 c:/isis/application/toolchain/bin/../lib/gcc/arm-none-eabi/4.7.4/../../../../arm-none-eabi/lib\libc_s.a(lib_a-gdtoa-gethex.o)
 .text.__hexdig_init
                0x20006820       0x38 c:/isis/application/toolchain/bin/../lib/gcc/arm-none-eabi/4.7.4/../../../../arm-none-eabi/lib\libc_s.a(lib_a-gdtoa-gethex.o)
                0x20006820                __hexdig_init
 .text.__gethex
                0x20006858      0x6cc c:/isis/application/toolchain/bin/../lib/gcc/arm-none-eabi/4.7.4/../../../../arm-none-eabi/lib\libc_s.a(lib_a-gdtoa-gethex.o)
                0x20006858                __gethex
 .text.L_shift  0x20006f24       0x38 c:/isis/application/toolchain/bin/../lib/gcc/arm-none-eabi/4.7.4/../../../../arm-none-eabi/lib\libc_s.a(lib_a-gdtoa-hexnan.o)
 .text.__hexnan
                0x20006f5c      0x1d8 c:/isis/application/toolchain/bin/../lib/gcc/arm-none-eabi/4.7.4/../../../../arm-none-eabi/lib\libc_s.a(lib_a-gdtoa-hexnan.o)
                0x20006f5c                __hexnan
 .text.memchr   0x20007134       0x34 c:/isis/application/toolchain/bin/../lib/gcc/arm-none-eabi/4.7.4/../../../../arm-none-eabi/lib\libc_s.a(lib_a-memchr.o)
                0x20007134                memchr
 .text.memset   0x20007168       0x1c c:/isis/application/toolchain/bin/../lib/gcc/arm-none-eabi/4.7.4/../../../../arm-none-eabi/lib\libc_s.a(lib_a-memset.o)
                0x20007168                memset
 .text._realloc_r
                0x20007184       0x80 c:/isis/application/toolchain/bin/../lib/gcc/arm-none-eabi/4.7.4/../../../../arm-none-eabi/lib\libc_s.a(lib_a-reallocr.o)
                0x20007184                _realloc_r
 .text.strncmp  0x20007204       0x64 c:/isis/application/toolchain/bin/../lib/gcc/arm-none-eabi/4.7.4/../../../../arm-none-eabi/lib\libc_s.a(lib_a-strncmp.o)
                0x20007204                strncmp
 .text._malloc_usable_size_r
                0x20007268       0x1c c:/isis/application/toolchain/bin/../lib/gcc/arm-none-eabi/4.7.4/../../../../arm-none-eabi/lib\libc_s.a(lib_a-msizer.o)
                0x20007268                _malloc_usable_size_r
 .text.GetChunkFromImage
                0x20007284      0x2d0 ./src/sub-systemCode/payload/Request Management/Dump/Butchering.o
                0x20007284                GetChunkFromImage
 .text.SimpleButcher
                0x20007554       0xd8 ./src/sub-systemCode/payload/Request Management/Dump/Butchering.o
                0x20007554                SimpleButcher
 .text.readChunkDimentionsFromFRAM
                0x2000762c       0x80 ./src/sub-systemCode/payload/Request Management/Dump/imageDump.o
                0x2000762c                readChunkDimentionsFromFRAM
 .text.setChunkDimensions_inFRAM
                0x200076ac      0x10c ./src/sub-systemCode/payload/Request Management/Dump/imageDump.o
                0x200076ac                setChunkDimensions_inFRAM
 .text.getLastImageChunkIndex
                0x200077b8      0x1bc ./src/sub-systemCode/payload/Request Management/Dump/imageDump.o
                0x200077b8                getLastImageChunkIndex
 .text.find_subType_ofImage
                0x20007974       0xe0 ./src/sub-systemCode/payload/Request Management/Dump/imageDump.o
                0x20007974                find_subType_ofImage
 .text.buildAndSend_chunck
                0x20007a54      0x320 ./src/sub-systemCode/payload/Request Management/Dump/imageDump.o
                0x20007a54                buildAndSend_chunck
 .text.chunkField_imageDump
                0x20007d74      0x258 ./src/sub-systemCode/payload/Request Management/Dump/imageDump.o
                0x20007d74                chunkField_imageDump
 .text.bitField_imageDump
                0x20007fcc      0x23c ./src/sub-systemCode/payload/Request Management/Dump/imageDump.o
                0x20007fcc                bitField_imageDump
 .text.fileTypeDump
                0x20008208      0x174 ./src/sub-systemCode/payload/Request Management/Dump/imageDump.o
                0x20008208                fileTypeDump
 .text.imageDataBase_Dump
                0x2000837c      0x118 ./src/sub-systemCode/payload/Request Management/Dump/imageDump.o
                0x2000837c                imageDataBase_Dump
 .text.exitImageDumpTask
                0x20008494       0x28 ./src/sub-systemCode/payload/Request Management/Dump/imageDump.o
 .text.imageDump_task
                0x200084bc      0x41c ./src/sub-systemCode/payload/Request Management/Dump/imageDump.o
                0x200084bc                imageDump_task
 .text.KickStartImageDumpTask
                0x200088d8       0x60 ./src/sub-systemCode/payload/Request Management/Dump/imageDump.o
                0x200088d8                KickStartImageDumpTask
 .text.SendGeckoRegisters
                0x20008938      0x194 ./src/sub-systemCode/payload/Request Management/Dump/imageDump.o
                0x20008938                SendGeckoRegisters
 .text.create_xAutomaticImageHandlingTaskSuspensionFlag
                0x20008acc       0x58 ./src/sub-systemCode/payload/Request Management/AutomaticImageHandler.o
                0x20008acc                create_xAutomaticImageHandlingTaskSuspensionFlag
 .text.get_automatic_image_handling_task_suspension_flag
                0x20008b24       0x68 ./src/sub-systemCode/payload/Request Management/AutomaticImageHandler.o
                0x20008b24                get_automatic_image_handling_task_suspension_flag
 .text.set_automatic_image_handling_task_suspension_flag
                0x20008b8c       0x5c ./src/sub-systemCode/payload/Request Management/AutomaticImageHandler.o
                0x20008b8c                set_automatic_image_handling_task_suspension_flag
 .text.create_xAutomaticImageHandlingReadyForLongTermStop
                0x20008be8       0x58 ./src/sub-systemCode/payload/Request Management/AutomaticImageHandler.o
                0x20008be8                create_xAutomaticImageHandlingReadyForLongTermStop
 .text.get_automatic_image_handling_ready_for_long_term_stop
                0x20008c40       0x68 ./src/sub-systemCode/payload/Request Management/AutomaticImageHandler.o
                0x20008c40                get_automatic_image_handling_ready_for_long_term_stop
 .text.set_automatic_image_handling_ready_for_long_term_stop
                0x20008ca8       0x5c ./src/sub-systemCode/payload/Request Management/AutomaticImageHandler.o
                0x20008ca8                set_automatic_image_handling_ready_for_long_term_stop
 .text.create_xAutomaticImageHandling_taskHandle
                0x20008d04       0x68 ./src/sub-systemCode/payload/Request Management/AutomaticImageHandler.o
                0x20008d04                create_xAutomaticImageHandling_taskHandle
 .text.suspendAutomaticImageHandlingTask
                0x20008d6c       0x6c ./src/sub-systemCode/payload/Request Management/AutomaticImageHandler.o
                0x20008d6c                suspendAutomaticImageHandlingTask
 .text.resumeAutomaticImageHandlingTask
                0x20008dd8       0x64 ./src/sub-systemCode/payload/Request Management/AutomaticImageHandler.o
                0x20008dd8                resumeAutomaticImageHandlingTask
 .text.checkIfInAutomaticImageHandlingTask
                0x20008e3c       0x9c ./src/sub-systemCode/payload/Request Management/AutomaticImageHandler.o
                0x20008e3c                checkIfInAutomaticImageHandlingTask
 .text.resumeAction
                0x20008ed8       0x34 ./src/sub-systemCode/payload/Request Management/AutomaticImageHandler.o
                0x20008ed8                resumeAction
 .text.stopAction
                0x20008f0c       0x48 ./src/sub-systemCode/payload/Request Management/AutomaticImageHandler.o
                0x20008f0c                stopAction
 .text.AutomaticImageHandlerTaskMain
                0x20008f54       0xf0 ./src/sub-systemCode/payload/Request Management/AutomaticImageHandler.o
                0x20008f54                AutomaticImageHandlerTaskMain
 .text.initAutomaticImageHandlerTask
                0x20009044       0x1c ./src/sub-systemCode/payload/Request Management/AutomaticImageHandler.o
                0x20009044                initAutomaticImageHandlerTask
 .text.KickStartAutomaticImageHandlerTask
                0x20009060       0x90 ./src/sub-systemCode/payload/Request Management/AutomaticImageHandler.o
                0x20009060                KickStartAutomaticImageHandlerTask
 .text.CameraManagerTaskMain
                0x200090f0      0x104 ./src/sub-systemCode/payload/Request Management/CameraManeger.o
                0x200090f0                CameraManagerTaskMain
 .text.setGeckoParametersInFRAM
                0x200091f4       0x3c ./src/sub-systemCode/payload/Request Management/CameraManeger.o
                0x200091f4                setGeckoParametersInFRAM
 .text.getGeckoParametersFromFRAM
                0x20009230       0x3c ./src/sub-systemCode/payload/Request Management/CameraManeger.o
                0x20009230                getGeckoParametersFromFRAM
 .text.createFolders
                0x2000926c      0x2cc ./src/sub-systemCode/payload/Request Management/CameraManeger.o
                0x2000926c                createFolders
 .text.initCamera
                0x20009538       0xe4 ./src/sub-systemCode/payload/Request Management/CameraManeger.o
                0x20009538                initCamera
 .text.inner_init
                0x2000961c       0x40 ./src/sub-systemCode/payload/Request Management/CameraManeger.o
 .text.KickStartCamera
                0x2000965c       0xa4 ./src/sub-systemCode/payload/Request Management/CameraManeger.o
                0x2000965c                KickStartCamera
 .text.addRequestToQueue
                0x20009700       0xa8 ./src/sub-systemCode/payload/Request Management/CameraManeger.o
                0x20009700                addRequestToQueue
 .text.removeRequestFromQueue
                0x200097a8       0x7c ./src/sub-systemCode/payload/Request Management/CameraManeger.o
                0x200097a8                removeRequestFromQueue
 .text.resetQueue
                0x20009824       0x2c ./src/sub-systemCode/payload/Request Management/CameraManeger.o
                0x20009824                resetQueue
 .text.Take_pictures_with_time_in_between
                0x20009850      0x12c ./src/sub-systemCode/payload/Request Management/CameraManeger.o
                0x20009850                Take_pictures_with_time_in_between
 .text.act_upon_request
                0x2000997c      0x5c4 ./src/sub-systemCode/payload/Request Management/CameraManeger.o
                0x2000997c                act_upon_request
 .text.TakePicture
                0x20009f40       0x4c ./src/sub-systemCode/payload/Request Management/DB_RequestHandling.o
                0x20009f40                TakePicture
 .text.TakeSpecialPicture
                0x20009f8c      0x130 ./src/sub-systemCode/payload/Request Management/DB_RequestHandling.o
                0x20009f8c                TakeSpecialPicture
 .text.DeletePictureFile
                0x2000a0bc       0x88 ./src/sub-systemCode/payload/Request Management/DB_RequestHandling.o
                0x2000a0bc                DeletePictureFile
 .text.DeletePicture
                0x2000a144       0x6c ./src/sub-systemCode/payload/Request Management/DB_RequestHandling.o
                0x2000a144                DeletePicture
 .text.TransferPicture
                0x2000a1b0       0x54 ./src/sub-systemCode/payload/Request Management/DB_RequestHandling.o
                0x2000a1b0                TransferPicture
 .text.CreateThumbnail
                0x2000a204       0x80 ./src/sub-systemCode/payload/Request Management/DB_RequestHandling.o
                0x2000a204                CreateThumbnail
 .text.CreateJPG
                0x2000a284       0x7c ./src/sub-systemCode/payload/Request Management/DB_RequestHandling.o
                0x2000a284                CreateJPG
 .text.UpdatePhotographyValues
                0x2000a300       0xd8 ./src/sub-systemCode/payload/Request Management/DB_RequestHandling.o
                0x2000a300                UpdatePhotographyValues
 .text.setChunkDimensions
                0x2000a3d8       0x74 ./src/sub-systemCode/payload/Request Management/DB_RequestHandling.o
                0x2000a3d8                setChunkDimensions
 .text.GeckoSetRegister
                0x2000a44c       0x6c ./src/sub-systemCode/payload/Request Management/DB_RequestHandling.o
                0x2000a44c                GeckoSetRegister
 .text.convert2char
                0x2000a4b8      0x14c ./src/sub-systemCode/payload/Misc/Boolean_bit.o
                0x2000a4b8                convert2char
 .text.convert2byte
                0x2000a604      0x1c8 ./src/sub-systemCode/payload/Misc/Boolean_bit.o
                0x2000a604                convert2byte
 .text.bits2byte
                0x2000a7cc      0x17c ./src/sub-systemCode/payload/Misc/Boolean_bit.o
                0x2000a7cc                bits2byte
 .text.byte2bits
                0x2000a948      0x17c ./src/sub-systemCode/payload/Misc/Boolean_bit.o
                0x2000a948                byte2bits
 .text.char2bits
                0x2000aac4       0x44 ./src/sub-systemCode/payload/Misc/Boolean_bit.o
                0x2000aac4                char2bits
 .text.bits2char
                0x2000ab08       0x3c ./src/sub-systemCode/payload/Misc/Boolean_bit.o
                0x2000ab08                bits2char
 .text.ReadFromFile
                0x2000ab44       0x6c ./src/sub-systemCode/payload/Misc/FileSystem.o
                0x2000ab44                ReadFromFile
 .text.WriteToFile
                0x2000abb0       0x74 ./src/sub-systemCode/payload/Misc/FileSystem.o
                0x2000abb0                WriteToFile
 .text.gecko_power_mux_init
                0x2000ac24       0xb4 ./src/sub-systemCode/payload/Drivers/GeckoCameraDriver.o
                0x2000ac24                gecko_power_mux_init
 .text.gecko_power_mux_deinit
                0x2000acd8       0x94 ./src/sub-systemCode/payload/Drivers/GeckoCameraDriver.o
                0x2000acd8                gecko_power_mux_deinit
 .text.gecko_power_mux_get
                0x2000ad6c       0xe4 ./src/sub-systemCode/payload/Drivers/GeckoCameraDriver.o
                0x2000ad6c                gecko_power_mux_get
 .text.gecko_get_current_3v3
                0x2000ae50       0x44 ./src/sub-systemCode/payload/Drivers/GeckoCameraDriver.o
                0x2000ae50                gecko_get_current_3v3
 .text.gecko_get_voltage_3v3
                0x2000ae94       0x44 ./src/sub-systemCode/payload/Drivers/GeckoCameraDriver.o
                0x2000ae94                gecko_get_voltage_3v3
 .text.gecko_get_current_5v
                0x2000aed8       0x44 ./src/sub-systemCode/payload/Drivers/GeckoCameraDriver.o
                0x2000aed8                gecko_get_current_5v
 .text.gecko_get_voltage_5v
                0x2000af1c       0x4c ./src/sub-systemCode/payload/Drivers/GeckoCameraDriver.o
                0x2000af1c                gecko_get_voltage_5v
 .text.Initialized_GPIO
                0x2000af68       0x54 ./src/sub-systemCode/payload/Drivers/GeckoCameraDriver.o
                0x2000af68                Initialized_GPIO
 .text.De_Initialized_GPIO
                0x2000afbc       0x3c ./src/sub-systemCode/payload/Drivers/GeckoCameraDriver.o
                0x2000afbc                De_Initialized_GPIO
 .text.TurnOnGecko_gpio
                0x2000aff8      0x1a4 ./src/sub-systemCode/payload/Drivers/GeckoCameraDriver.o
                0x2000aff8                TurnOnGecko_gpio
 .text.TurnOffGecko_gpio
                0x2000b19c       0xcc ./src/sub-systemCode/payload/Drivers/GeckoCameraDriver.o
                0x2000b19c                TurnOffGecko_gpio
 .text.create_xGeckoStateSemaphore
                0x2000b268       0x58 ./src/sub-systemCode/payload/Drivers/GeckoCameraDriver.o
                0x2000b268                create_xGeckoStateSemaphore
 .text.set_gecko_state
                0x2000b2c0       0x7c ./src/sub-systemCode/payload/Drivers/GeckoCameraDriver.o
                0x2000b2c0                set_gecko_state
 .text.TurnOnGecko
                0x2000b33c       0x1c ./src/sub-systemCode/payload/Drivers/GeckoCameraDriver.o
                0x2000b33c                TurnOnGecko
 .text.TurnOffGecko
                0x2000b358       0x1c ./src/sub-systemCode/payload/Drivers/GeckoCameraDriver.o
                0x2000b358                TurnOffGecko
 .text.getPIOs  0x2000b374      0x138 ./src/sub-systemCode/payload/Drivers/GeckoCameraDriver.o
                0x2000b374                getPIOs
 .text.initGecko
                0x2000b4ac       0x3c ./src/sub-systemCode/payload/Drivers/GeckoCameraDriver.o
                0x2000b4ac                initGecko
 .text.GECKO_TakeImage
                0x2000b4e8      0x30c ./src/sub-systemCode/payload/Drivers/GeckoCameraDriver.o
                0x2000b4e8                GECKO_TakeImage
 .text.GECKO_ReadImage
                0x2000b7f4      0x298 ./src/sub-systemCode/payload/Drivers/GeckoCameraDriver.o
                0x2000b7f4                GECKO_ReadImage
 .text.GECKO_EraseBlock
                0x2000ba8c       0xdc ./src/sub-systemCode/payload/Drivers/GeckoCameraDriver.o
                0x2000ba8c                GECKO_EraseBlock
 .text.GECKO_GetRegister
                0x2000bb68       0x68 ./src/sub-systemCode/payload/Drivers/GeckoCameraDriver.o
                0x2000bb68                GECKO_GetRegister
 .text.GECKO_SetRegister
                0x2000bbd0       0x68 ./src/sub-systemCode/payload/Drivers/GeckoCameraDriver.o
                0x2000bbd0                GECKO_SetRegister
 .text.getFileName
                0x2000bc38      0x1f8 ./src/sub-systemCode/payload/DataBase/DataBase.o
 .text.zeroImageDataBase
                0x2000be30       0x90 ./src/sub-systemCode/payload/DataBase/DataBase.o
                0x2000be30                zeroImageDataBase
 .text.updateGeneralDataBaseParameters
                0x2000bec0       0x5c ./src/sub-systemCode/payload/DataBase/DataBase.o
                0x2000bec0                updateGeneralDataBaseParameters
 .text.SearchDataBase_byID
                0x2000bf1c      0x234 ./src/sub-systemCode/payload/DataBase/DataBase.o
                0x2000bf1c                SearchDataBase_byID
 .text.SearchDataBase_byMark
                0x2000c150       0xb8 ./src/sub-systemCode/payload/DataBase/DataBase.o
                0x2000c150                SearchDataBase_byMark
 .text.SearchDataBase_forLatestMarkedImage
                0x2000c208       0x38 ./src/sub-systemCode/payload/DataBase/DataBase.o
                0x2000c208                SearchDataBase_forLatestMarkedImage
 .text.SearchDataBase_byTimeRange
                0x2000c240      0x148 ./src/sub-systemCode/payload/DataBase/DataBase.o
                0x2000c240                SearchDataBase_byTimeRange
 .text.SearchDataBase_forImageFileType_byTimeRange
                0x2000c388      0x118 ./src/sub-systemCode/payload/DataBase/DataBase.o
                0x2000c388                SearchDataBase_forImageFileType_byTimeRange
 .text.checkForFileType
                0x2000c4a0       0x74 ./src/sub-systemCode/payload/DataBase/DataBase.o
                0x2000c4a0                checkForFileType
 .text.updateFileTypes
                0x2000c514       0xbc ./src/sub-systemCode/payload/DataBase/DataBase.o
                0x2000c514                updateFileTypes
 .text.GetImageFactor
                0x2000c5d0       0x58 ./src/sub-systemCode/payload/DataBase/DataBase.o
                0x2000c5d0                GetImageFactor
 .text.readImageFromBuffer
                0x2000c628      0x12c ./src/sub-systemCode/payload/DataBase/DataBase.o
                0x2000c628                readImageFromBuffer
 .text.saveImageToBuffer
                0x2000c754      0x12c ./src/sub-systemCode/payload/DataBase/DataBase.o
                0x2000c754                saveImageToBuffer
 .text.getLatestID
                0x2000c880       0x48 ./src/sub-systemCode/payload/DataBase/DataBase.o
                0x2000c880                getLatestID
 .text.getDataBaseStart
                0x2000c8c8       0x20 ./src/sub-systemCode/payload/DataBase/DataBase.o
                0x2000c8c8                getDataBaseStart
 .text.getDataBaseEnd
                0x2000c8e8       0x20 ./src/sub-systemCode/payload/DataBase/DataBase.o
                0x2000c8e8                getDataBaseEnd
 .text.setDataBaseValues
                0x2000c908      0x208 ./src/sub-systemCode/payload/DataBase/DataBase.o
                0x2000c908                setDataBaseValues
 .text.initImageDataBase
                0x2000cb10      0x20c ./src/sub-systemCode/payload/DataBase/DataBase.o
                0x2000cb10                initImageDataBase
 .text.resetImageDataBase
                0x2000cd1c       0x98 ./src/sub-systemCode/payload/DataBase/DataBase.o
                0x2000cd1c                resetImageDataBase
 .text.setCameraPhotographyValues
                0x2000cdb4      0x130 ./src/sub-systemCode/payload/DataBase/DataBase.o
                0x2000cdb4                setCameraPhotographyValues
 .text.transferImageToSD_withoutSearch
                0x2000cee4      0x170 ./src/sub-systemCode/payload/DataBase/DataBase.o
                0x2000cee4                transferImageToSD_withoutSearch
 .text.transferImageToSD
                0x2000d054       0xbc ./src/sub-systemCode/payload/DataBase/DataBase.o
                0x2000d054                transferImageToSD
 .text.DeleteImageFromOBC_withoutSearch
                0x2000d110       0xe0 ./src/sub-systemCode/payload/DataBase/DataBase.o
                0x2000d110                DeleteImageFromOBC_withoutSearch
 .text.DeleteImageFromOBC
                0x2000d1f0       0xbc ./src/sub-systemCode/payload/DataBase/DataBase.o
                0x2000d1f0                DeleteImageFromOBC
 .text.DeleteImageFromPayload
                0x2000d2ac      0x278 ./src/sub-systemCode/payload/DataBase/DataBase.o
                0x2000d2ac                DeleteImageFromPayload
 .text.clearImageDataBase
                0x2000d524      0x174 ./src/sub-systemCode/payload/DataBase/DataBase.o
                0x2000d524                clearImageDataBase
 .text.handleMarkedPictures
                0x2000d698      0x278 ./src/sub-systemCode/payload/DataBase/DataBase.o
                0x2000d698                handleMarkedPictures
 .text.writeNewImageMetaDataToFRAM
                0x2000d910      0x234 ./src/sub-systemCode/payload/DataBase/DataBase.o
                0x2000d910                writeNewImageMetaDataToFRAM
 .text.takePicture
                0x2000db44      0x4d4 ./src/sub-systemCode/payload/DataBase/DataBase.o
                0x2000db44                takePicture
 .text.takePicture_withSpecialParameters
                0x2000e018       0xc4 ./src/sub-systemCode/payload/DataBase/DataBase.o
                0x2000e018                takePicture_withSpecialParameters
 .text.GetImageFileName_withSpecialParameters
                0x2000e0dc       0x9c ./src/sub-systemCode/payload/DataBase/DataBase.o
                0x2000e0dc                GetImageFileName_withSpecialParameters
 .text.GetImageFileName
                0x2000e178       0x9c ./src/sub-systemCode/payload/DataBase/DataBase.o
                0x2000e178                GetImageFileName
 .text.getImageDataBaseBuffer
                0x2000e214      0x240 ./src/sub-systemCode/payload/DataBase/DataBase.o
                0x2000e214                getImageDataBaseBuffer
 .text.setAutoThumbnailCreation
                0x2000e454       0x30 ./src/sub-systemCode/payload/DataBase/DataBase.o
                0x2000e454                setAutoThumbnailCreation
 .text.Gecko_TroubleShooter
                0x2000e484       0xe4 ./src/sub-systemCode/payload/DataBase/DataBase.o
                0x2000e484                Gecko_TroubleShooter
 .text.TransformRawToBMP
                0x2000e568      0x1b8 ./src/sub-systemCode/payload/Compression/jpeg/bmp/rawToBMP.o
                0x2000e568                TransformRawToBMP
 .text.interpolate
                0x2000e720      0x8d0 ./src/sub-systemCode/payload/Compression/jpeg/bmp/rawToBMP.o
                0x2000e720                interpolate
 .text.getInputAt
                0x2000eff0      0x288 ./src/sub-systemCode/payload/Compression/jpeg/bmp/rawToBMP.o
                0x2000eff0                getInputAt
 .text.f_writeF_FILEHeader
                0x2000f278      0x2d8 ./src/sub-systemCode/payload/Compression/jpeg/bmp/rawToBMP.o
                0x2000f278                f_writeF_FILEHeader
 .text.f_writeOutputRow
                0x2000f550       0xa4 ./src/sub-systemCode/payload/Compression/jpeg/bmp/rawToBMP.o
                0x2000f550                f_writeOutputRow
 .text.dct      0x2000f5f4      0x9c4 ./src/sub-systemCode/payload/Compression/jpeg/DCT.o
                0x2000f5f4                dct
 .text.JPEG_compressor
                0x2000ffb8       0xfc ./src/sub-systemCode/payload/Compression/jpeg/ImgCompressor.o
                0x2000ffb8                JPEG_compressor
 .text.Create_BMP_File
                0x200100b4       0xf4 ./src/sub-systemCode/payload/Compression/jpeg/ImgCompressor.o
                0x200100b4                Create_BMP_File
 .text.CompressImage
                0x200101a8      0x1cc ./src/sub-systemCode/payload/Compression/jpeg/ImgCompressor.o
                0x200101a8                CompressImage
 .text.clamp    0x20010374       0x60 ./src/sub-systemCode/payload/Compression/jpeg/color_conv.o
                0x20010374                clamp
 .text.RGB_to_YCC
                0x200103d4      0x1a8 ./src/sub-systemCode/payload/Compression/jpeg/color_conv.o
                0x200103d4                RGB_to_YCC
 .text.RGB_to_Y
                0x2001057c       0xc4 ./src/sub-systemCode/payload/Compression/jpeg/color_conv.o
                0x2001057c                RGB_to_Y
 .text.Y_to_YCC
                0x20010640       0x88 ./src/sub-systemCode/payload/Compression/jpeg/color_conv.o
                0x20010640                Y_to_YCC
 .text.compress_image_to_jpeg_file
                0x200106c8      0x1ac ./src/sub-systemCode/payload/Compression/jpeg/jpeg.o
                0x200106c8                compress_image_to_jpeg_file
 .text.emit_marker
                0x20010874       0xc8 ./src/sub-systemCode/payload/Compression/jpeg/jpeg_encoder.o
                0x20010874                emit_marker
 .text.emit_byte
                0x2001093c       0x6c ./src/sub-systemCode/payload/Compression/jpeg/jpeg_encoder.o
                0x2001093c                emit_byte
 .text.emit_word
                0x200109a8       0xd0 ./src/sub-systemCode/payload/Compression/jpeg/jpeg_encoder.o
                0x200109a8                emit_word
 .text.emit_jfif_app0
                0x20010a78       0xc0 ./src/sub-systemCode/payload/Compression/jpeg/jpeg_encoder.o
                0x20010a78                emit_jfif_app0
 .text.emit_dqt
                0x20010b38       0xd8 ./src/sub-systemCode/payload/Compression/jpeg/jpeg_encoder.o
                0x20010b38                emit_dqt
 .text.emit_sof
                0x20010c10      0x14c ./src/sub-systemCode/payload/Compression/jpeg/jpeg_encoder.o
                0x20010c10                emit_sof
 .text.emit_dht
                0x20010d5c      0x138 ./src/sub-systemCode/payload/Compression/jpeg/jpeg_encoder.o
                0x20010d5c                emit_dht
 .text.emit_dhts
                0x20010e94       0xd8 ./src/sub-systemCode/payload/Compression/jpeg/jpeg_encoder.o
                0x20010e94                emit_dhts
 .text.emit_sos
                0x20010f6c       0xec ./src/sub-systemCode/payload/Compression/jpeg/jpeg_encoder.o
                0x20010f6c                emit_sos
 .text.emit_markers
                0x20011058       0x4c ./src/sub-systemCode/payload/Compression/jpeg/jpeg_encoder.o
                0x20011058                emit_markers
 .text.compute_huffman_table
                0x200110a4      0x334 ./src/sub-systemCode/payload/Compression/jpeg/jpeg_encoder.o
                0x200110a4                compute_huffman_table
 .text.compute_quant_table
                0x200113d8      0x11c ./src/sub-systemCode/payload/Compression/jpeg/jpeg_encoder.o
                0x200113d8                compute_quant_table
 .text.first_pass_init
                0x200114f4       0x54 ./src/sub-systemCode/payload/Compression/jpeg/jpeg_encoder.o
                0x200114f4                first_pass_init
 .text.second_pass_init
                0x20011548      0x110 ./src/sub-systemCode/payload/Compression/jpeg/jpeg_encoder.o
                0x20011548                second_pass_init
 .text.jpg_open
                0x20011658      0x7b4 ./src/sub-systemCode/payload/Compression/jpeg/jpeg_encoder.o
                0x20011658                jpg_open
 .text.load_block_8_8_grey
                0x20011e0c      0x164 ./src/sub-systemCode/payload/Compression/jpeg/jpeg_encoder.o
                0x20011e0c                load_block_8_8_grey
 .text.load_block_8_8
                0x20011f70      0x198 ./src/sub-systemCode/payload/Compression/jpeg/jpeg_encoder.o
                0x20011f70                load_block_8_8
 .text.load_block_16_8
                0x20012108      0x3cc ./src/sub-systemCode/payload/Compression/jpeg/jpeg_encoder.o
                0x20012108                load_block_16_8
 .text.load_block_16_8_8
                0x200124d4      0x2a8 ./src/sub-systemCode/payload/Compression/jpeg/jpeg_encoder.o
                0x200124d4                load_block_16_8_8
 .text.load_coefficients
                0x2001277c      0x1c8 ./src/sub-systemCode/payload/Compression/jpeg/jpeg_encoder.o
                0x2001277c                load_coefficients
 .text.flush_output_buffer
                0x20012944       0xa0 ./src/sub-systemCode/payload/Compression/jpeg/jpeg_encoder.o
                0x20012944                flush_output_buffer
 .text.put_bits
                0x200129e4      0x170 ./src/sub-systemCode/payload/Compression/jpeg/jpeg_encoder.o
                0x200129e4                put_bits
 .text.code_coefficients_pass_two
                0x20012b54      0x338 ./src/sub-systemCode/payload/Compression/jpeg/jpeg_encoder.o
                0x20012b54                code_coefficients_pass_two
 .text.code_block
                0x20012e8c       0x44 ./src/sub-systemCode/payload/Compression/jpeg/jpeg_encoder.o
                0x20012e8c                code_block
 .text.process_mcu_row
                0x20012ed0      0x328 ./src/sub-systemCode/payload/Compression/jpeg/jpeg_encoder.o
                0x20012ed0                process_mcu_row
 .text.terminate_pass_two
                0x200131f8       0x44 ./src/sub-systemCode/payload/Compression/jpeg/jpeg_encoder.o
                0x200131f8                terminate_pass_two
 .text.process_end_of_image
                0x2001323c       0xc0 ./src/sub-systemCode/payload/Compression/jpeg/jpeg_encoder.o
                0x2001323c                process_end_of_image
 .text.load_mcu
                0x200132fc      0x29c ./src/sub-systemCode/payload/Compression/jpeg/jpeg_encoder.o
                0x200132fc                load_mcu
 .text.clear    0x20013598      0x1e0 ./src/sub-systemCode/payload/Compression/jpeg/jpeg_encoder.o
                0x20013598                clear
 .text.init     0x20013778       0xe4 ./src/sub-systemCode/payload/Compression/jpeg/jpeg_encoder.o
                0x20013778                init
 .text.deinit   0x2001385c      0x160 ./src/sub-systemCode/payload/Compression/jpeg/jpeg_encoder.o
                0x2001385c                deinit
 .text.process_scanline
                0x200139bc       0x6c ./src/sub-systemCode/payload/Compression/jpeg/jpeg_encoder.o
                0x200139bc                process_scanline
 .text.jpge_malloc
                0x20013a28       0x28 ./src/sub-systemCode/payload/Compression/jpeg/jpeg_memory_alloc.o
                0x20013a28                jpge_malloc
 .text.jpge_cmalloc
                0x20013a50       0x48 ./src/sub-systemCode/payload/Compression/jpeg/jpeg_memory_alloc.o
                0x20013a50                jpge_cmalloc
 .text.jpge_free
                0x20013a98       0x24 ./src/sub-systemCode/payload/Compression/jpeg/jpeg_memory_alloc.o
                0x20013a98                jpge_free
 .text.check    0x20013abc       0x78 ./src/sub-systemCode/payload/Compression/jpeg/jpeg_params.o
                0x20013abc                check
 .text.open_jpeg_file
                0x20013b34       0xfc ./src/sub-systemCode/payload/Compression/jpeg/output_stream.o
                0x20013b34                open_jpeg_file
 .text.close_jpeg_file
                0x20013c30      0x118 ./src/sub-systemCode/payload/Compression/jpeg/output_stream.o
                0x20013c30                close_jpeg_file
 .text.put_buf  0x20013d48      0x258 ./src/sub-systemCode/payload/Compression/jpeg/output_stream.o
                0x20013d48                put_buf
 .text.GetBayerPixel
                0x20013fa0       0xe8 ./src/sub-systemCode/payload/Compression/ImageConversion.o
 .text.BinImage
                0x20014088      0x2c8 ./src/sub-systemCode/payload/Compression/ImageConversion.o
                0x20014088                BinImage
 .text.ImageSkipping
                0x20014350      0x2ac ./src/sub-systemCode/payload/Compression/ImageConversion.o
                0x20014350                ImageSkipping
 .text.CreateImageThumbnail_withoutSearch
                0x200145fc      0x14c ./src/sub-systemCode/payload/Compression/ImageConversion.o
                0x200145fc                CreateImageThumbnail_withoutSearch
 .text.CreateImageThumbnail
                0x20014748       0x9c ./src/sub-systemCode/payload/Compression/ImageConversion.o
                0x20014748                CreateImageThumbnail
 .text.compressImage
                0x200147e4      0x168 ./src/sub-systemCode/payload/Compression/ImageConversion.o
                0x200147e4                compressImage
 .text.AdcsCmdQueueInit
                0x2001494c       0x4c ./src/sub-systemCode/Main/CMD/ADCS_CMD.o
                0x2001494c                AdcsCmdQueueInit
 .text.AdcsCmdQueueGet
                0x20014998       0x8c ./src/sub-systemCode/Main/CMD/ADCS_CMD.o
                0x20014998                AdcsCmdQueueGet
 .text.AdcsCmdQueueAdd
                0x20014a24       0x74 ./src/sub-systemCode/Main/CMD/ADCS_CMD.o
                0x20014a24                AdcsCmdQueueAdd
 .text.AdcsCmdQueueIsEmpty
                0x20014a98       0x3c ./src/sub-systemCode/Main/CMD/ADCS_CMD.o
                0x20014a98                AdcsCmdQueueIsEmpty
 .text.getAdcsQueueWaitPointer
                0x20014ad4       0x20 ./src/sub-systemCode/Main/CMD/ADCS_CMD.o
                0x20014ad4                getAdcsQueueWaitPointer
 .text.cmd_mute
                0x20014af4       0xf4 ./src/sub-systemCode/Main/CMD/COMM_CMD.o
                0x20014af4                cmd_mute
 .text.cmd_unmute
                0x20014be8       0x90 ./src/sub-systemCode/Main/CMD/COMM_CMD.o
                0x20014be8                cmd_unmute
 .text.cmd_active_trans
                0x20014c78       0xc0 ./src/sub-systemCode/Main/CMD/COMM_CMD.o
                0x20014c78                cmd_active_trans
 .text.cmd_shut_trans
                0x20014d38       0x8c ./src/sub-systemCode/Main/CMD/COMM_CMD.o
                0x20014d38                cmd_shut_trans
 .text.cmd_change_trans_rssi
                0x20014dc4      0x140 ./src/sub-systemCode/Main/CMD/COMM_CMD.o
                0x20014dc4                cmd_change_trans_rssi
 .text.cmd_aprs_dump
                0x20014f04       0x38 ./src/sub-systemCode/Main/CMD/COMM_CMD.o
                0x20014f04                cmd_aprs_dump
 .text.cmd_stop_dump
                0x20014f3c       0x8c ./src/sub-systemCode/Main/CMD/COMM_CMD.o
                0x20014f3c                cmd_stop_dump
 .text.cmd_time_frequency
                0x20014fc8       0xf8 ./src/sub-systemCode/Main/CMD/COMM_CMD.o
                0x20014fc8                cmd_time_frequency
 .text.cmd_change_def_bit_rate
                0x200150c0      0x1a8 ./src/sub-systemCode/Main/CMD/COMM_CMD.o
                0x200150c0                cmd_change_def_bit_rate
 .text.cmd_upload_volt_logic
                0x20015268      0x370 ./src/sub-systemCode/Main/CMD/EPS_CMD.o
                0x20015268                cmd_upload_volt_logic
 .text.cmd_upload_volt_COMM
                0x200155d8      0x1d4 ./src/sub-systemCode/Main/CMD/EPS_CMD.o
                0x200155d8                cmd_upload_volt_COMM
 .text.cmd_heater_temp
                0x200157ac       0xe4 ./src/sub-systemCode/Main/CMD/EPS_CMD.o
                0x200157ac                cmd_heater_temp
 .text.cmd_SHUT_CAM
                0x20015890       0x78 ./src/sub-systemCode/Main/CMD/EPS_CMD.o
                0x20015890                cmd_SHUT_CAM
 .text.cmd_SHUT_ADCS
                0x20015908       0x78 ./src/sub-systemCode/Main/CMD/EPS_CMD.o
                0x20015908                cmd_SHUT_ADCS
 .text.cmd_allow_CAM
                0x20015980       0x78 ./src/sub-systemCode/Main/CMD/EPS_CMD.o
                0x20015980                cmd_allow_CAM
 .text.cmd_allow_ADCS
                0x200159f8       0x78 ./src/sub-systemCode/Main/CMD/EPS_CMD.o
                0x200159f8                cmd_allow_ADCS
 .text.cmd_update_alpha
                0x20015a70      0x120 ./src/sub-systemCode/Main/CMD/EPS_CMD.o
                0x20015a70                cmd_update_alpha
 .text.cmd_generic_I2C
                0x20015b90       0xe4 ./src/sub-systemCode/Main/CMD/General_CMD.o
                0x20015b90                cmd_generic_I2C
 .text.cmd_dump
                0x20015c74       0xfc ./src/sub-systemCode/Main/CMD/General_CMD.o
                0x20015c74                cmd_dump
 .text.cmd_delete_TM
                0x20015d70      0x24c ./src/sub-systemCode/Main/CMD/General_CMD.o
                0x20015d70                cmd_delete_TM
 .text.cmd_reset_file
                0x20015fbc      0x130 ./src/sub-systemCode/Main/CMD/General_CMD.o
                0x20015fbc                cmd_reset_file
 .text.cmd_format_SD
                0x200160ec       0x7c ./src/sub-systemCode/Main/CMD/General_CMD.o
                0x200160ec                cmd_format_SD
 .text.cmd_dummy_func
                0x20016168       0x38 ./src/sub-systemCode/Main/CMD/General_CMD.o
                0x20016168                cmd_dummy_func
 .text.cmd_reset_TLM_SD
                0x200161a0       0x54 ./src/sub-systemCode/Main/CMD/General_CMD.o
                0x200161a0                cmd_reset_TLM_SD
 .text.cmd_stop_TM
                0x200161f4       0x7c ./src/sub-systemCode/Main/CMD/General_CMD.o
                0x200161f4                cmd_stop_TM
 .text.cmd_resume_TM
                0x20016270       0x7c ./src/sub-systemCode/Main/CMD/General_CMD.o
                0x20016270                cmd_resume_TM
 .text.cmd_soft_reset_cmponent
                0x200162ec       0xd0 ./src/sub-systemCode/Main/CMD/General_CMD.o
                0x200162ec                cmd_soft_reset_cmponent
 .text.cmd_hard_reset_cmponent
                0x200163bc       0xd0 ./src/sub-systemCode/Main/CMD/General_CMD.o
                0x200163bc                cmd_hard_reset_cmponent
 .text.cmd_reset_satellite
                0x2001648c       0x90 ./src/sub-systemCode/Main/CMD/General_CMD.o
                0x2001648c                cmd_reset_satellite
 .text.cmd_gracefull_reset_satellite
                0x2001651c       0x90 ./src/sub-systemCode/Main/CMD/General_CMD.o
                0x2001651c                cmd_gracefull_reset_satellite
 .text.cmd_upload_time
                0x200165ac       0xc4 ./src/sub-systemCode/Main/CMD/General_CMD.o
                0x200165ac                cmd_upload_time
 .text.cmd_ARM_DIARM
                0x20016670      0x104 ./src/sub-systemCode/Main/CMD/General_CMD.o
                0x20016670                cmd_ARM_DIARM
 .text.cmd_deploy_ants
                0x20016774       0x3c ./src/sub-systemCode/Main/CMD/General_CMD.o
                0x20016774                cmd_deploy_ants
 .text.cmd_get_onlineTM
                0x200167b0      0x220 ./src/sub-systemCode/Main/CMD/General_CMD.o
                0x200167b0                cmd_get_onlineTM
 .text.cmd_reset_off_line
                0x200169d0       0x74 ./src/sub-systemCode/Main/CMD/General_CMD.o
                0x200169d0                cmd_reset_off_line
 .text.cmd_add_item_off_line
                0x20016a44      0x124 ./src/sub-systemCode/Main/CMD/General_CMD.o
                0x20016a44                cmd_add_item_off_line
 .text.cmd_delete_item_off_line
                0x20016b68       0xb0 ./src/sub-systemCode/Main/CMD/General_CMD.o
                0x20016b68                cmd_delete_item_off_line
 .text.cmd_get_off_line_setting
                0x20016c18      0x1cc ./src/sub-systemCode/Main/CMD/General_CMD.o
                0x20016c18                cmd_get_off_line_setting
 .text.cmd_reset_delayed_command_list
                0x20016de4       0x3c ./src/sub-systemCode/Main/CMD/SW_CMD.o
                0x20016de4                cmd_reset_delayed_command_list
 .text.cmd_reset_APRS_list
                0x20016e20       0x3c ./src/sub-systemCode/Main/CMD/SW_CMD.o
                0x20016e20                cmd_reset_APRS_list
 .text.cmd_reset_FRAM
                0x20016e5c      0x100 ./src/sub-systemCode/Main/CMD/SW_CMD.o
                0x20016e5c                cmd_reset_FRAM
 .text.cmd_FRAM_read
                0x20016f5c      0x270 ./src/sub-systemCode/Main/CMD/SW_CMD.o
                0x20016f5c                cmd_FRAM_read
 .text.cmd_FRAM_write
                0x200171cc      0x114 ./src/sub-systemCode/Main/CMD/SW_CMD.o
                0x200171cc                cmd_FRAM_write
 .text.ARM_ants
                0x200172e0       0xb8 ./src/sub-systemCode/Main/Ants.o
                0x200172e0                ARM_ants
 .text.DISARM_ants
                0x20017398       0xf0 ./src/sub-systemCode/Main/Ants.o
                0x20017398                DISARM_ants
 .text.reset_deployStatusFRAM
                0x20017488       0xdc ./src/sub-systemCode/Main/Ants.o
                0x20017488                reset_deployStatusFRAM
 .text.reset_FRAM_ants
                0x20017564       0xc4 ./src/sub-systemCode/Main/Ants.o
                0x20017564                reset_FRAM_ants
 .text.update_stopDeploy_FRAM
                0x20017628       0x64 ./src/sub-systemCode/Main/Ants.o
                0x20017628                update_stopDeploy_FRAM
 .text.round_vol
                0x2001768c      0x124 ./src/sub-systemCode/Main/EPS.o
                0x2001768c                round_vol
 .text.get_shut_ADCS
                0x200177b0       0x64 ./src/sub-systemCode/Main/EPS.o
                0x200177b0                get_shut_ADCS
 .text.shut_ADCS
                0x20017814       0x60 ./src/sub-systemCode/Main/EPS.o
                0x20017814                shut_ADCS
 .text.get_shut_CAM
                0x20017874       0x64 ./src/sub-systemCode/Main/EPS.o
                0x20017874                get_shut_CAM
 .text.shut_CAM
                0x200178d8       0x60 ./src/sub-systemCode/Main/EPS.o
                0x200178d8                shut_CAM
 .text.update_powerLines
                0x20017938      0x124 ./src/sub-systemCode/Main/EPS.o
                0x20017938                update_powerLines
 .text.updateCam_powerLines
                0x20017a5c       0x3c ./src/sub-systemCode/Main/EPS.o
                0x20017a5c                updateCam_powerLines
 .text.get_EPS_mode_t
                0x20017a98       0x24 ./src/sub-systemCode/Main/EPS.o
                0x20017a98                get_EPS_mode_t
 .text.init_enterMode
                0x20017abc       0x88 ./src/sub-systemCode/Main/EPS.o
                0x20017abc                init_enterMode
 .text.EPS_Init
                0x20017b44      0x190 ./src/sub-systemCode/Main/EPS.o
                0x20017b44                EPS_Init
 .text.reset_FRAM_EPS
                0x20017cd4      0x150 ./src/sub-systemCode/Main/EPS.o
                0x20017cd4                reset_FRAM_EPS
 .text.reset_EPS_voltages
                0x20017e24      0x110 ./src/sub-systemCode/Main/EPS.o
                0x20017e24                reset_EPS_voltages
 .text.writeState_log
                0x20017f34       0xd4 ./src/sub-systemCode/Main/EPS.o
                0x20017f34                writeState_log
 .text.battery_downward
                0x20018008       0xcc ./src/sub-systemCode/Main/EPS.o
 .text.battery_upward
                0x200180d4       0xd8 ./src/sub-systemCode/Main/EPS.o
 .text.sanityCheck_EPS
                0x200181ac      0x1b4 ./src/sub-systemCode/Main/EPS.o
 .text.overRide_ADCS
                0x20018360       0x50 ./src/sub-systemCode/Main/EPS.o
                0x20018360                overRide_ADCS
 .text.overRide_Camera
                0x200183b0       0x38 ./src/sub-systemCode/Main/EPS.o
                0x200183b0                overRide_Camera
 .text.EPS_Conditioning
                0x200183e8      0x340 ./src/sub-systemCode/Main/EPS.o
                0x200183e8                EPS_Conditioning
 .text.EnterFullMode
                0x20018728       0xf0 ./src/sub-systemCode/Main/EPS.o
                0x20018728                EnterFullMode
 .text.EnterCruiseMode
                0x20018818       0xe0 ./src/sub-systemCode/Main/EPS.o
                0x20018818                EnterCruiseMode
 .text.EnterSafeMode
                0x200188f8       0xe0 ./src/sub-systemCode/Main/EPS.o
                0x200188f8                EnterSafeMode
 .text.EnterCriticalMode
                0x200189d8       0xcc ./src/sub-systemCode/Main/EPS.o
                0x200189d8                EnterCriticalMode
 .text.get_FRAMVoltageTable
                0x20018aa4       0xa4 ./src/sub-systemCode/Main/EPS.o
 .text.check_EPSTableCorrection
                0x20018b48      0x120 ./src/sub-systemCode/Main/EPS.o
                0x20018b48                check_EPSTableCorrection
 .text.save_ACK
                0x20018c68       0xc8 ./src/sub-systemCode/Main/HouseKeeping.o
                0x20018c68                save_ACK
 .text.set_GP_EPS
                0x20018d30      0x10c ./src/sub-systemCode/Main/HouseKeeping.o
                0x20018d30                set_GP_EPS
 .text.set_GP_COMM
                0x20018e3c       0x88 ./src/sub-systemCode/Main/HouseKeeping.o
                0x20018e3c                set_GP_COMM
 .text.SP_HK_collect
                0x20018ec4      0x22c ./src/sub-systemCode/Main/HouseKeeping.o
                0x20018ec4                SP_HK_collect
 .text.EPS_HK_collect
                0x200190f0      0x528 ./src/sub-systemCode/Main/HouseKeeping.o
                0x200190f0                EPS_HK_collect
 .text.CAM_HK_collect
                0x20019618      0xa00 ./src/sub-systemCode/Main/HouseKeeping.o
                0x20019618                CAM_HK_collect
 .text.COMM_HK_collect
                0x2001a018      0x244 ./src/sub-systemCode/Main/HouseKeeping.o
                0x2001a018                COMM_HK_collect
 .text.HK_find_ADCSTM_fileName
                0x2001a25c      0x44c ./src/sub-systemCode/Main/HouseKeeping.o
                0x2001a25c                HK_find_ADCSTM_fileName
 .text.HK_find_fileName
                0x2001a6a8      0x174 ./src/sub-systemCode/Main/HouseKeeping.o
                0x2001a6a8                HK_find_fileName
 .text.HK_find_ADCSTM_ElementSize
                0x2001a81c      0x1b8 ./src/sub-systemCode/Main/HouseKeeping.o
                0x2001a81c                HK_find_ADCSTM_ElementSize
 .text.HK_findElementSize
                0x2001a9d4       0xd4 ./src/sub-systemCode/Main/HouseKeeping.o
                0x2001a9d4                HK_findElementSize
 .text.build_HK_spl_packet
                0x2001aaa8      0x27c ./src/sub-systemCode/Main/HouseKeeping.o
                0x2001aaa8                build_HK_spl_packet
 .text.numberOfRestarts
                0x2001ad24       0x94 ./src/sub-systemCode/Main/Main_Init.o
                0x2001ad24                numberOfRestarts
 .text.StartFRAM
                0x2001adb8       0x38 ./src/sub-systemCode/Main/Main_Init.o
                0x2001adb8                StartFRAM
 .text.StartI2C
                0x2001adf0       0x44 ./src/sub-systemCode/Main/Main_Init.o
                0x2001adf0                StartI2C
 .text.StartSPI
                0x2001ae34       0x40 ./src/sub-systemCode/Main/Main_Init.o
                0x2001ae34                StartSPI
 .text.StartTIME
                0x2001ae74      0x120 ./src/sub-systemCode/Main/Main_Init.o
                0x2001ae74                StartTIME
 .text.first_activation
                0x2001af94       0x7c ./src/sub-systemCode/Main/Main_Init.o
                0x2001af94                first_activation
 .text.InitSubsystems
                0x2001b010       0x68 ./src/sub-systemCode/Main/Main_Init.o
                0x2001b010                InitSubsystems
 .text.SubSystemTaskStart
                0x2001b078      0x13c ./src/sub-systemCode/Main/Main_Init.o
                0x2001b078                SubSystemTaskStart
 .text.copy_command
                0x2001b1b4       0x80 ./src/sub-systemCode/Main/commands.o
                0x2001b1b4                copy_command
 .text.reset_command
                0x2001b234       0x28 ./src/sub-systemCode/Main/commands.o
                0x2001b234                reset_command
 .text.init_command
                0x2001b25c       0xf4 ./src/sub-systemCode/Main/commands.o
                0x2001b25c                init_command
 .text.add_command
                0x2001b350      0x12c ./src/sub-systemCode/Main/commands.o
                0x2001b350                add_command
 .text.get_command
                0x2001b47c      0x1c0 ./src/sub-systemCode/Main/commands.o
                0x2001b47c                get_command
 .text.act_upon_command
                0x2001b63c      0x1cc ./src/sub-systemCode/Main/commands.o
                0x2001b63c                act_upon_command
 .text.cmd_error
                0x2001b808       0x38 ./src/sub-systemCode/Main/commands.o
                0x2001b808                cmd_error
 .text.AUC_COMM
                0x2001b840      0x25c ./src/sub-systemCode/Main/commands.o
                0x2001b840                AUC_COMM
 .text.AUC_general
                0x2001ba9c      0x3c8 ./src/sub-systemCode/Main/commands.o
                0x2001ba9c                AUC_general
 .text.AUC_payload
                0x2001be64      0x278 ./src/sub-systemCode/Main/commands.o
                0x2001be64                AUC_payload
 .text.AUC_EPS  0x2001c0dc      0x28c ./src/sub-systemCode/Main/commands.o
                0x2001c0dc                AUC_EPS
 .text.AUC_SW   0x2001c368      0x1cc ./src/sub-systemCode/Main/commands.o
                0x2001c368                AUC_SW
 .text.AUC_onlineTM
                0x2001c534      0x1f0 ./src/sub-systemCode/Main/commands.o
                0x2001c534                AUC_onlineTM
 .text.AUC_CUF  0x2001c724      0x160 ./src/sub-systemCode/Main/commands.o
                0x2001c724                AUC_CUF
 .text.init_GenericSaveQueue
                0x2001c884       0x3c ./src/sub-systemCode/Global/GenericTaskSave.o
                0x2001c884                init_GenericSaveQueue
 .text.add_GenericElement_queue
                0x2001c8c0       0x80 ./src/sub-systemCode/Global/GenericTaskSave.o
                0x2001c8c0                add_GenericElement_queue
 .text.GenericSave_Task
                0x2001c940      0x128 ./src/sub-systemCode/Global/GenericTaskSave.o
                0x2001c940                GenericSave_Task
 .text.check_int
                0x2001ca68       0x20 ./src/sub-systemCode/Global/Global.o
                0x2001ca68                check_int
 .text.check_portBASE_TYPE
                0x2001ca88       0x20 ./src/sub-systemCode/Global/Global.o
                0x2001ca88                check_portBASE_TYPE
 .text.soft_reset_subsystem
                0x2001caa8       0xf0 ./src/sub-systemCode/Global/Global.o
                0x2001caa8                soft_reset_subsystem
 .text.hard_reset_subsystem
                0x2001cb98      0x134 ./src/sub-systemCode/Global/Global.o
                0x2001cb98                hard_reset_subsystem
 .text.BigEnE_raw_to_uInt
                0x2001cccc       0x94 ./src/sub-systemCode/Global/Global.o
                0x2001cccc                BigEnE_raw_to_uInt
 .text.BigEnE_raw_to_uShort
                0x2001cd60       0x50 ./src/sub-systemCode/Global/Global.o
                0x2001cd60                BigEnE_raw_to_uShort
 .text.BigEnE_uInt_to_raw
                0x2001cdb0       0x78 ./src/sub-systemCode/Global/Global.o
                0x2001cdb0                BigEnE_uInt_to_raw
 .text.reset_FRAM_MAIN
                0x2001ce28      0x1cc ./src/sub-systemCode/Global/Global.o
                0x2001ce28                reset_FRAM_MAIN
 .text.getBitValueByIndex
                0x2001cff4       0xd0 ./src/sub-systemCode/Global/Global.o
                0x2001cff4                getBitValueByIndex
 .text.FRAM_write_exte
                0x2001d0c4       0x98 ./src/sub-systemCode/Global/Global.o
                0x2001d0c4                FRAM_write_exte
 .text.FRAM_read_exte
                0x2001d15c       0x98 ./src/sub-systemCode/Global/Global.o
                0x2001d15c                FRAM_read_exte
 .text.FRAM_writeAndVerify_exte
                0x2001d1f4       0x98 ./src/sub-systemCode/Global/Global.o
                0x2001d1f4                FRAM_writeAndVerify_exte
 .text.init_GP  0x2001d28c      0x368 ./src/sub-systemCode/Global/GlobalParam.o
                0x2001d28c                init_GP
 .text.get_system_state
                0x2001d5f4      0x268 ./src/sub-systemCode/Global/GlobalParam.o
                0x2001d5f4                get_system_state
 .text.set_system_state
                0x2001d85c      0x298 ./src/sub-systemCode/Global/GlobalParam.o
                0x2001d85c                set_system_state
 .text.get_systems_state_param
                0x2001daf4       0x8c ./src/sub-systemCode/Global/GlobalParam.o
                0x2001daf4                get_systems_state_param
 .text.get_current_global_param
                0x2001db80      0x55c ./src/sub-systemCode/Global/GlobalParam.o
                0x2001db80                get_current_global_param
 .text.set_Vbatt
                0x2001e0dc       0x8c ./src/sub-systemCode/Global/GlobalParam.o
                0x2001e0dc                set_Vbatt
 .text.get_Vbatt
                0x2001e168       0x8c ./src/sub-systemCode/Global/GlobalParam.o
                0x2001e168                get_Vbatt
 .text.set_curBat
                0x2001e1f4       0x8c ./src/sub-systemCode/Global/GlobalParam.o
                0x2001e1f4                set_curBat
 .text.set_cur3V3
                0x2001e280       0x8c ./src/sub-systemCode/Global/GlobalParam.o
                0x2001e280                set_cur3V3
 .text.set_cur5V
                0x2001e30c       0x8c ./src/sub-systemCode/Global/GlobalParam.o
                0x2001e30c                set_cur5V
 .text.set_tempComm_LO
                0x2001e398       0x8c ./src/sub-systemCode/Global/GlobalParam.o
                0x2001e398                set_tempComm_LO
 .text.set_tempComm_PA
                0x2001e424       0x8c ./src/sub-systemCode/Global/GlobalParam.o
                0x2001e424                set_tempComm_PA
 .text.set_tempEPS
                0x2001e4b0       0xc8 ./src/sub-systemCode/Global/GlobalParam.o
                0x2001e4b0                set_tempEPS
 .text.set_tempBatt
                0x2001e578       0xc8 ./src/sub-systemCode/Global/GlobalParam.o
                0x2001e578                set_tempBatt
 .text.set_RxDoppler
                0x2001e640       0x8c ./src/sub-systemCode/Global/GlobalParam.o
                0x2001e640                set_RxDoppler
 .text.set_RxRSSI
                0x2001e6cc       0x8c ./src/sub-systemCode/Global/GlobalParam.o
                0x2001e6cc                set_RxRSSI
 .text.set_TxRefl
                0x2001e758       0x8c ./src/sub-systemCode/Global/GlobalParam.o
                0x2001e758                set_TxRefl
 .text.set_TxForw
                0x2001e7e4       0x8c ./src/sub-systemCode/Global/GlobalParam.o
                0x2001e7e4                set_TxForw
 .text.set_FS_failFlag
                0x2001e870       0x8c ./src/sub-systemCode/Global/GlobalParam.o
                0x2001e870                set_FS_failFlag
 .text.set_EPSState
                0x2001e8fc       0x8c ./src/sub-systemCode/Global/GlobalParam.o
                0x2001e8fc                set_EPSState
 .text.set_numOfDelayedCommand
                0x2001e988       0x8c ./src/sub-systemCode/Global/GlobalParam.o
                0x2001e988                set_numOfDelayedCommand
 .text.set_numOfResets
                0x2001ea14       0xac ./src/sub-systemCode/Global/GlobalParam.o
                0x2001ea14                set_numOfResets
 .text.set_ground_conn
                0x2001eac0       0xa0 ./src/sub-systemCode/Global/GlobalParam.o
                0x2001eac0                set_ground_conn
 .text.get_ground_conn
                0x2001eb60       0xa0 ./src/sub-systemCode/Global/GlobalParam.o
                0x2001eb60                get_ground_conn
 .text.IsisAntS_getStatusData_sideA
                0x2001ec00       0x3c ./src/sub-systemCode/Global/OnlineTM.o
                0x2001ec00                IsisAntS_getStatusData_sideA
 .text.IsisAntS_getAlltelemetry_sideA
                0x2001ec3c       0x3c ./src/sub-systemCode/Global/OnlineTM.o
                0x2001ec3c                IsisAntS_getAlltelemetry_sideA
 .text.IsisAntS_getTemperature_sideA
                0x2001ec78       0x3c ./src/sub-systemCode/Global/OnlineTM.o
                0x2001ec78                IsisAntS_getTemperature_sideA
 .text.IsisAntS_getStatusData_sideB
                0x2001ecb4       0x3c ./src/sub-systemCode/Global/OnlineTM.o
                0x2001ecb4                IsisAntS_getStatusData_sideB
 .text.IsisAntS_getAlltelemetry_sideB
                0x2001ecf0       0x3c ./src/sub-systemCode/Global/OnlineTM.o
                0x2001ecf0                IsisAntS_getAlltelemetry_sideB
 .text.IsisAntS_getTemperature_sideB
                0x2001ed2c       0x3c ./src/sub-systemCode/Global/OnlineTM.o
                0x2001ed2c                IsisAntS_getTemperature_sideB
 .text.HK_collect_EPS
                0x2001ed68       0x30 ./src/sub-systemCode/Global/OnlineTM.o
                0x2001ed68                HK_collect_EPS
 .text.HK_collect_COMM
                0x2001ed98       0x30 ./src/sub-systemCode/Global/OnlineTM.o
                0x2001ed98                HK_collect_COMM
 .text.HK_collect_CAM
                0x2001edc8       0x30 ./src/sub-systemCode/Global/OnlineTM.o
                0x2001edc8                HK_collect_CAM
 .text.HK_collect_SP
                0x2001edf8       0x30 ./src/sub-systemCode/Global/OnlineTM.o
                0x2001edf8                HK_collect_SP
 .text.HK_collect_FS_A
                0x2001ee28       0x9c ./src/sub-systemCode/Global/OnlineTM.o
                0x2001ee28                HK_collect_FS_A
 .text.HK_collect_FS_B
                0x2001eec4       0x9c ./src/sub-systemCode/Global/OnlineTM.o
                0x2001eec4                HK_collect_FS_B
 .text.save_offlineSetting_FRAM
                0x2001ef60      0x26c ./src/sub-systemCode/Global/OnlineTM.o
                0x2001ef60                save_offlineSetting_FRAM
 .text.get_offlineSetting_FRAM
                0x2001f1cc       0x58 ./src/sub-systemCode/Global/OnlineTM.o
                0x2001f1cc                get_offlineSetting_FRAM
 .text.update_offlineSetting_FRAM
                0x2001f224      0x360 ./src/sub-systemCode/Global/OnlineTM.o
                0x2001f224                update_offlineSetting_FRAM
 .text.get_offlineSettingPacket
                0x2001f584       0xc4 ./src/sub-systemCode/Global/OnlineTM.o
                0x2001f584                get_offlineSettingPacket
 .text.get_item_by_index
                0x2001f648       0xdc ./src/sub-systemCode/Global/OnlineTM.o
                0x2001f648                get_item_by_index
 .text.get_pointer_item_by_index
                0x2001f724       0x48 ./src/sub-systemCode/Global/OnlineTM.o
                0x2001f724                get_pointer_item_by_index
 .text.init_onlineParam
                0x2001f76c     0x2f54 ./src/sub-systemCode/Global/OnlineTM.o
                0x2001f76c                init_onlineParam
 .text.reset_offline_TM_list
                0x200226c0      0x184 ./src/sub-systemCode/Global/OnlineTM.o
                0x200226c0                reset_offline_TM_list
 .text.get_online_packet
                0x20022844      0x25c ./src/sub-systemCode/Global/OnlineTM.o
                0x20022844                get_online_packet
 .text.save_onlineTM_param
                0x20022aa0      0x1b4 ./src/sub-systemCode/Global/OnlineTM.o
                0x20022aa0                save_onlineTM_param
 .text.add_onlineTM_param_to_save_list
                0x20022c54      0x3e4 ./src/sub-systemCode/Global/OnlineTM.o
                0x20022c54                add_onlineTM_param_to_save_list
 .text.delete_onlineTM_param_from_offline
                0x20023038      0x1a8 ./src/sub-systemCode/Global/OnlineTM.o
                0x20023038                delete_onlineTM_param_from_offline
 .text.save_onlineTM_logic
                0x200231e0      0x2c0 ./src/sub-systemCode/Global/OnlineTM.o
                0x200231e0                save_onlineTM_logic
 .text.updateSD_state
                0x200234a0       0xc0 ./src/sub-systemCode/Global/OnlineTM.o
                0x200234a0                updateSD_state
 .text.sleepRTC_second
                0x20023560       0x64 ./src/sub-systemCode/Global/OnlineTM.o
 .text.save_onlineTM_task
                0x200235c4       0xe8 ./src/sub-systemCode/Global/OnlineTM.o
                0x200235c4                save_onlineTM_task
 .text.reset_FRAM_FS
                0x200236ac       0x4c ./src/sub-systemCode/Global/TLM_management.o
                0x200236ac                reset_FRAM_FS
 .text.sd_format
                0x200236f8       0x28 ./src/sub-systemCode/Global/TLM_management.o
                0x200236f8                sd_format
 .text.deleteDir
                0x20023720       0x2c ./src/sub-systemCode/Global/TLM_management.o
                0x20023720                deleteDir
 .text.getNumOfFilesInFS
                0x2002374c       0x44 ./src/sub-systemCode/Global/TLM_management.o
 .text.setNumOfFilesInFS
                0x20023790       0x50 ./src/sub-systemCode/Global/TLM_management.o
 .text.f_managed_enterFS
                0x200237e0       0x18 ./src/sub-systemCode/Global/TLM_management.o
                0x200237e0                f_managed_enterFS
 .text.f_managed_releaseFS
                0x200237f8       0x18 ./src/sub-systemCode/Global/TLM_management.o
                0x200237f8                f_managed_releaseFS
 .text.f_managed_open
                0x20023810      0x100 ./src/sub-systemCode/Global/TLM_management.o
                0x20023810                f_managed_open
 .text.f_managed_close
                0x20023910       0x84 ./src/sub-systemCode/Global/TLM_management.o
                0x20023910                f_managed_close
 .text.createSemahores_FS
                0x20023994       0x48 ./src/sub-systemCode/Global/TLM_management.o
                0x20023994                createSemahores_FS
 .text.InitializeFS
                0x200239dc      0x138 ./src/sub-systemCode/Global/TLM_management.o
                0x200239dc                InitializeFS
 .text.c_fileCreate
                0x20023b14      0x110 ./src/sub-systemCode/Global/TLM_management.o
                0x20023b14                c_fileCreate
 .text.writewithEpochtime
                0x20023c24       0x90 ./src/sub-systemCode/Global/TLM_management.o
 .text.get_C_FILE_struct
                0x20023cb4       0xe4 ./src/sub-systemCode/Global/TLM_management.o
 .text.getFileIndex
                0x20023d98       0x58 ./src/sub-systemCode/Global/TLM_management.o
 .text.get_file_name_by_index
                0x20023df0       0x44 ./src/sub-systemCode/Global/TLM_management.o
                0x20023df0                get_file_name_by_index
 .text.c_fileReset
                0x20023e34       0xe0 ./src/sub-systemCode/Global/TLM_management.o
                0x20023e34                c_fileReset
 .text.c_fileWrite
                0x20023f14      0x154 ./src/sub-systemCode/Global/TLM_management.o
                0x20023f14                c_fileWrite
 .text.deleteElementsFromFile
                0x20024068      0x1a0 ./src/sub-systemCode/Global/TLM_management.o
 .text.c_fileDeleteElements
                0x20024208      0x158 ./src/sub-systemCode/Global/TLM_management.o
                0x20024208                c_fileDeleteElements
 .text.c_fileRead
                0x20024360      0x300 ./src/sub-systemCode/Global/TLM_management.o
                0x20024360                c_fileRead
 .text.DeInitializeFS
                0x20024660       0x30 ./src/sub-systemCode/Global/TLM_management.o
                0x20024660                DeInitializeFS
 .text.xSemaphoreGive_extended
                0x20024690       0x48 ./src/sub-systemCode/Global/freertosExtended.o
                0x20024690                xSemaphoreGive_extended
 .text.xSemaphoreTake_extended
                0x200246d8       0x54 ./src/sub-systemCode/Global/freertosExtended.o
                0x200246d8                xSemaphoreTake_extended
 .text.WriteLog
                0x2002472c       0xa8 ./src/sub-systemCode/Global/logger.o
 .text.WriteErrorLog
                0x200247d4       0x64 ./src/sub-systemCode/Global/logger.o
                0x200247d4                WriteErrorLog
 .text.WritePayloadLog
                0x20024838       0x50 ./src/sub-systemCode/Global/logger.o
                0x20024838                WritePayloadLog
 .text.WriteEpsLog
                0x20024888       0x4c ./src/sub-systemCode/Global/logger.o
                0x20024888                WriteEpsLog
 .text.WriteTransponderLog
                0x200248d4       0x50 ./src/sub-systemCode/Global/logger.o
                0x200248d4                WriteTransponderLog
 .text.WriteAdcsLog
                0x20024924       0x50 ./src/sub-systemCode/Global/logger.o
                0x20024924                WriteAdcsLog
 .text.WriteCUFLog
                0x20024974       0x50 ./src/sub-systemCode/Global/logger.o
                0x20024974                WriteCUFLog
 .text.castCharPointerToInt
                0x200249c4       0x84 ./src/sub-systemCode/CUF/CUF.o
                0x200249c4                castCharPointerToInt
 .text.castCharArrayToIntArray
                0x20024a48       0xa4 ./src/sub-systemCode/CUF/CUF.o
                0x20024a48                castCharArrayToIntArray
 .text.SavePerminantCUF
                0x20024aec      0x1b0 ./src/sub-systemCode/CUF/CUF.o
                0x20024aec                SavePerminantCUF
 .text.CUFSwitch
                0x20024c9c       0x30 ./src/sub-systemCode/CUF/CUF.o
                0x20024c9c                CUFSwitch
 .text.GenerateSSH
                0x20024ccc       0xb8 ./src/sub-systemCode/CUF/CUF.o
                0x20024ccc                GenerateSSH
 .text.getExtendedName
                0x20024d84       0xc4 ./src/sub-systemCode/CUF/CUF.o
                0x20024d84                getExtendedName
 .text.AuthenticateCUF
                0x20024e48       0x84 ./src/sub-systemCode/CUF/CUF.o
                0x20024e48                AuthenticateCUF
 .text.UpdatePerminantCUF
                0x20024ecc       0x94 ./src/sub-systemCode/CUF/CUF.o
                0x20024ecc                UpdatePerminantCUF
 .text.RemoveCUF
                0x20024f60      0x1c0 ./src/sub-systemCode/CUF/CUF.o
                0x20024f60                RemoveCUF
 .text.ExecuteCUF
                0x20025120       0xd4 ./src/sub-systemCode/CUF/CUF.o
                0x20025120                ExecuteCUF
 .text.IntegrateCUF
                0x200251f4      0x170 ./src/sub-systemCode/CUF/CUF.o
                0x200251f4                IntegrateCUF
 .text.AddToCUFTempArray
                0x20025364       0xa0 ./src/sub-systemCode/CUF/CUF.o
                0x20025364                AddToCUFTempArray
 .text.GetFromCUFTempArray
                0x20025404       0xe0 ./src/sub-systemCode/CUF/CUF.o
                0x20025404                GetFromCUFTempArray
 .text.DisableCUF
                0x200254e4       0xb0 ./src/sub-systemCode/CUF/CUF.o
                0x200254e4                DisableCUF
 .text.EnableCUF
                0x20025594       0xb0 ./src/sub-systemCode/CUF/CUF.o
                0x20025594                EnableCUF
 .text.initializeUpload
                0x20025644       0x94 ./src/sub-systemCode/CUF/uploadCodeTelemetry.o
                0x20025644                initializeUpload
 .text.removeFiles
                0x200256d8      0x16c ./src/sub-systemCode/CUF/uploadCodeTelemetry.o
                0x200256d8                removeFiles
 .text.loadBackup
                0x20025844      0x144 ./src/sub-systemCode/CUF/uploadCodeTelemetry.o
                0x20025844                loadBackup
 .text.addToArray
                0x20025988       0xcc ./src/sub-systemCode/CUF/uploadCodeTelemetry.o
                0x20025988                addToArray
 .text.headerHandle
                0x20025a54       0xb8 ./src/sub-systemCode/CUF/uploadCodeTelemetry.o
                0x20025a54                headerHandle
 .text.startCUFintegration
                0x20025b0c      0x134 ./src/sub-systemCode/CUF/uploadCodeTelemetry.o
                0x20025b0c                startCUFintegration
 .text.saveBackup
                0x20025c40       0xfc ./src/sub-systemCode/CUF/uploadCodeTelemetry.o
                0x20025c40                saveBackup
 .text.saveAck  0x20025d3c       0x1c ./src/sub-systemCode/CUF/uploadCodeTelemetry.o
                0x20025d3c                saveAck
 .text.reset_APRS_list
                0x20025d58       0x20 ./src/sub-systemCode/COMM/APRS.o
                0x20025d58                reset_APRS_list
 .text.get_APRS_list
                0x20025d78       0x18 ./src/sub-systemCode/COMM/APRS.o
                0x20025d78                get_APRS_list
 .text.find_CMD_in_list
                0x20025d90       0x7c ./src/sub-systemCode/COMM/DelayedCommand_list.o
                0x20025d90                find_CMD_in_list
 .text.find_empty_in_list
                0x20025e0c       0x74 ./src/sub-systemCode/COMM/DelayedCommand_list.o
                0x20025e0c                find_empty_in_list
 .text.check_delayCommandTime
                0x20025e80       0xa8 ./src/sub-systemCode/COMM/DelayedCommand_list.o
                0x20025e80                check_delayCommandTime
 .text.execute_delayedCommand
                0x20025f28       0x64 ./src/sub-systemCode/COMM/DelayedCommand_list.o
                0x20025f28                execute_delayedCommand
 .text.check_delaycommand
                0x20025f8c      0x198 ./src/sub-systemCode/COMM/DelayedCommand_list.o
                0x20025f8c                check_delaycommand
 .text.reset_delayCommand
                0x20026124       0xc4 ./src/sub-systemCode/COMM/DelayedCommand_list.o
                0x20026124                reset_delayCommand
 .text.add_delayCommand
                0x200261e8      0x1ec ./src/sub-systemCode/COMM/DelayedCommand_list.o
                0x200261e8                add_delayCommand
 .text.get_delayCommand_list
                0x200263d4       0xb8 ./src/sub-systemCode/COMM/DelayedCommand_list.o
                0x200263d4                get_delayCommand_list
 .text.EmptyOldestCommand
                0x2002648c       0xfc ./src/sub-systemCode/COMM/DelayedCommand_list.o
                0x2002648c                EmptyOldestCommand
 .text.decode_TCpacket
                0x20026588      0x16c ./src/sub-systemCode/COMM/GSC.o
                0x20026588                decode_TCpacket
 .text.encode_TCpacket
                0x200266f4      0x114 ./src/sub-systemCode/COMM/GSC.o
                0x200266f4                encode_TCpacket
 .text.encode_TMpacket
                0x20026808      0x104 ./src/sub-systemCode/COMM/GSC.o
                0x20026808                encode_TMpacket
 .text.build_raw_ACK
                0x2002690c       0xbc ./src/sub-systemCode/COMM/GSC.o
                0x2002690c                build_raw_ACK
 .text.build_data_field_ACK
                0x200269c8       0x74 ./src/sub-systemCode/COMM/GSC.o
                0x200269c8                build_data_field_ACK
 .text.update_FRAM_bitRate
                0x20026a3c       0xf4 ./src/sub-systemCode/COMM/TRXVU.o
                0x20026a3c                update_FRAM_bitRate
 .text.idle_state_
                0x20026b30       0x78 ./src/sub-systemCode/COMM/TRXVU.o
                0x20026b30                idle_state_
 .text.toggle_idle_state
                0x20026ba8       0x64 ./src/sub-systemCode/COMM/TRXVU.o
                0x20026ba8                toggle_idle_state
 .text.TRXVU_init_hardWare
                0x20026c0c       0xc8 ./src/sub-systemCode/COMM/TRXVU.o
                0x20026c0c                TRXVU_init_hardWare
 .text.TRXVU_init_softWare
                0x20026cd4      0x124 ./src/sub-systemCode/COMM/TRXVU.o
                0x20026cd4                TRXVU_init_softWare
 .text.init_trxvu
                0x20026df8       0x14 ./src/sub-systemCode/COMM/TRXVU.o
                0x20026df8                init_trxvu
 .text.TRXVU_task