Archive member included because of file (symbol)

c:/isis/application/toolchain/bin/../lib/gcc/arm-none-eabi/4.7.4/../../../../arm-none-eabi/lib\libc_s.a(lib_a-vfprintf_float.o)
                              (_printf_float)
c:/isis/application/toolchain/bin/../lib/gcc/arm-none-eabi/4.7.4/../../../../arm-none-eabi/lib\libc_s.a(lib_a-vfprintf_i.o)
                              c:/isis/application/toolchain/bin/../lib/gcc/arm-none-eabi/4.7.4/../../../../arm-none-eabi/lib\libc_s.a(lib_a-vfprintf_float.o) (_printf_common)
c:/isis/application/toolchain/bin/../lib/gcc/arm-none-eabi/4.7.4/../../../../arm-none-eabi/lib\libc_s.a(lib_a-vfscanf_float.o)
                              (_scanf_float)
c:/isis/application/toolchain/bin/../lib/gcc/arm-none-eabi/4.7.4/../../../../arm-none-eabi/lib\libc_s.a(lib_a-dtoa.o)
                              c:/isis/application/toolchain/bin/../lib/gcc/arm-none-eabi/4.7.4/../../../../arm-none-eabi/lib\libc_s.a(lib_a-vfprintf_float.o) (_dtoa_r)
c:/isis/application/toolchain/bin/../lib/gcc/arm-none-eabi/4.7.4/../../../../arm-none-eabi/lib\libc_s.a(lib_a-locale.o)
                              c:/isis/application/toolchain/bin/../lib/gcc/arm-none-eabi/4.7.4/../../../../arm-none-eabi/lib\libc_s.a(lib_a-vfprintf_float.o) (_localeconv_r)
c:/isis/application/toolchain/bin/../lib/gcc/arm-none-eabi/4.7.4/../../../../arm-none-eabi/lib\libc_s.a(lib_a-malloc.o)
                              c:/isis/application/toolchain/bin/../lib/gcc/arm-none-eabi/4.7.4/../../../../arm-none-eabi/lib\libc_s.a(lib_a-dtoa.o) (malloc)
c:/isis/application/toolchain/bin/../lib/gcc/arm-none-eabi/4.7.4/../../../../arm-none-eabi/lib\libc_s.a(lib_a-mallocr.o)
                              c:/isis/application/toolchain/bin/../lib/gcc/arm-none-eabi/4.7.4/../../../../arm-none-eabi/lib\libc_s.a(lib_a-malloc.o) (_malloc_r)
c:/isis/application/toolchain/bin/../lib/gcc/arm-none-eabi/4.7.4/../../../../arm-none-eabi/lib\libc_s.a(lib_a-memcpy.o)
                              c:/isis/application/toolchain/bin/../lib/gcc/arm-none-eabi/4.7.4/../../../../arm-none-eabi/lib\libc_s.a(lib_a-dtoa.o) (memcpy)
c:/isis/application/toolchain/bin/../lib/gcc/arm-none-eabi/4.7.4/../../../../arm-none-eabi/lib\libc_s.a(lib_a-mprec.o)
                              c:/isis/application/toolchain/bin/../lib/gcc/arm-none-eabi/4.7.4/../../../../arm-none-eabi/lib\libc_s.a(lib_a-dtoa.o) (_Balloc)
c:/isis/application/toolchain/bin/../lib/gcc/arm-none-eabi/4.7.4/../../../../arm-none-eabi/lib\libc_s.a(lib_a-s_fpclassify.o)
                              c:/isis/application/toolchain/bin/../lib/gcc/arm-none-eabi/4.7.4/../../../../arm-none-eabi/lib\libc_s.a(lib_a-vfprintf_float.o) (__fpclassifyd)
c:/isis/application/toolchain/bin/../lib/gcc/arm-none-eabi/4.7.4/../../../../arm-none-eabi/lib\libc_s.a(lib_a-sbrkr.o)
                              c:/isis/application/toolchain/bin/../lib/gcc/arm-none-eabi/4.7.4/../../../../arm-none-eabi/lib\libc_s.a(lib_a-mallocr.o) (_sbrk_r)
c:/isis/application/toolchain/bin/../lib/gcc/arm-none-eabi/4.7.4/../../../../arm-none-eabi/lib\libc_s.a(lib_a-sf_nan.o)
                              c:/isis/application/toolchain/bin/../lib/gcc/arm-none-eabi/4.7.4/../../../../arm-none-eabi/lib\libc_s.a(lib_a-vfscanf_float.o) (nanf)
c:/isis/application/toolchain/bin/../lib/gcc/arm-none-eabi/4.7.4/../../../../arm-none-eabi/lib\libc_s.a(lib_a-sprintf.o)
                              c:/isis/application/toolchain/bin/../lib/gcc/arm-none-eabi/4.7.4/../../../../arm-none-eabi/lib\libc_s.a(lib_a-vfscanf_float.o) (sprintf)
c:/isis/application/toolchain/bin/../lib/gcc/arm-none-eabi/4.7.4/../../../../arm-none-eabi/lib\libc_s.a(lib_a-strcmp.o)
                              c:/isis/application/toolchain/bin/../lib/gcc/arm-none-eabi/4.7.4/../../../../arm-none-eabi/lib\libc_s.a(lib_a-locale.o) (strcmp)
c:/isis/application/toolchain/bin/../lib/gcc/arm-none-eabi/4.7.4/../../../../arm-none-eabi/lib\libc_s.a(lib_a-strlen.o)
                              c:/isis/application/toolchain/bin/../lib/gcc/arm-none-eabi/4.7.4/../../../../arm-none-eabi/lib\libc_s.a(lib_a-vfprintf_float.o) (strlen)
c:/isis/application/toolchain/bin/../lib/gcc/arm-none-eabi/4.7.4/../../../../arm-none-eabi/lib\libc_s.a(lib_a-strtod.o)
                              c:/isis/application/toolchain/bin/../lib/gcc/arm-none-eabi/4.7.4/../../../../arm-none-eabi/lib\libc_s.a(lib_a-vfscanf_float.o) (_strtod_r)
c:/isis/application/toolchain/bin/../lib/gcc/arm-none-eabi/4.7.4/../../../../arm-none-eabi/lib\libc_s.a(lib_a-strtol.o)
                              c:/isis/application/toolchain/bin/../lib/gcc/arm-none-eabi/4.7.4/../../../../arm-none-eabi/lib\libc_s.a(lib_a-vfscanf_float.o) (_strtol_r)
c:/isis/application/toolchain/bin/../lib/gcc/arm-none-eabi/4.7.4/../../../../arm-none-eabi/lib\libc_s.a(lib_a-svfprintf.o)
                              c:/isis/application/toolchain/bin/../lib/gcc/arm-none-eabi/4.7.4/../../../../arm-none-eabi/lib\libc_s.a(lib_a-sprintf.o) (_svfprintf_r)
[...]
Memory Configuration

Name             Origin             Length             Attributes
sram0            0x00200000         0x00004000         w !xr
sram1            0x00300000         0x00004000         w !xr
sdram            0x20000000         0x02000000         w !xr
*default*        0x00000000         0xffffffff

Linker script and memory map

LOAD c:/isis/application/toolchain/bin/../lib/gcc/arm-none-eabi/4.7.4/../../../../arm-none-eabi/lib\libc_s.a
LOAD ./src/sub-systemCode/Main/CMD/ADCS_CMD.o
LOAD ./src/sub-systemCode/Main/CMD/COMM_CMD.o
LOAD ./src/sub-systemCode/Main/CMD/EPS_CMD.o
LOAD ./src/sub-systemCode/Main/CMD/General_CMD.o
LOAD ./src/sub-systemCode/Main/CMD/SW_CMD.o
LOAD ./src/sub-systemCode/Main/CMD/payload_CMD.o
LOAD ./src/sub-systemCode/Main/CMD/test_CMD.o
LOAD ./src/sub-systemCode/Main/Ants.o
LOAD ./src/sub-systemCode/Main/EPS.o
LOAD ./src/sub-systemCode/Main/HouseKeeping.o
LOAD ./src/sub-systemCode/Main/Main_Init.o
LOAD ./src/sub-systemCode/Main/commands.o
LOAD ./src/sub-systemCode/Global/Global.o
LOAD ./src/sub-systemCode/Global/GlobalParam.o
LOAD ./src/sub-systemCode/Global/TLM_management.o
LOAD ./src/sub-systemCode/COMM/APRS.o
LOAD ./src/sub-systemCode/COMM/DelayedCommand_list.o
LOAD ./src/sub-systemCode/COMM/GSC.o
LOAD ./src/sub-systemCode/COMM/TRXVU.o
LOAD ./src/sub-systemCode/ADCS/AdcsCommands.o
LOAD ./src/sub-systemCode/ADCS/AdcsGetDataAndTlm.o
LOAD ./src/sub-systemCode/ADCS/AdcsMain.o
LOAD ./src/sub-systemCode/ADCS/AdcsTest.o
LOAD ./src/sub-systemCode/ADCS/AdcsTroubleShooting.o
LOAD ./src/sub-systemCode/ADCS/StateMachine.o
LOAD ./src/main.o
LOAD C:/HOOPOE3/satellite-subsystems/demo/..//satellite-subsystems/lib\libSatelliteSubsystemsD.a
LOAD c:/isis/application/toolchain/bin/../lib/gcc/arm-none-eabi/4.7.4/../../../../arm-none-eabi/lib\libm.a
LOAD C:/HOOPOE3/satellite-subsystems/demo/../..//hal/hcc/lib\libHCCD.a
LOAD C:/HOOPOE3/satellite-subsystems/demo/../..//hal/hal/lib\libHALD.a
LOAD C:/HOOPOE3/satellite-subsystems/demo/../..//hal/freertos/lib\libFreeRTOSD.a
LOAD C:/HOOPOE3/satellite-subsystems/demo/../..//hal/at91/lib\libAt91D.a
START GROUP
LOAD c:/isis/application/toolchain/bin/../lib/gcc/arm-none-eabi/4.7.4\libgcc.a
LOAD c:/isis/application/toolchain/bin/../lib/gcc/arm-none-eabi/4.7.4/../../../../arm-none-eabi/lib\libc_s.a
END GROUP

.fixed          0x20000000    0x34608
                0x20000000                . = ALIGN (0x4)
                0x20000000                _sfixed = .
 *(.startup)
 .startup       0x20000000      0x134 C:/HOOPOE3/satellite-subsystems/demo/../..//hal/at91/lib\libAt91D.a(board_cstartup.o)
                0x20000000                entry
 *(.text)
 .text          0x20000134       0x64 C:/HOOPOE3/satellite-subsystems/demo/../..//hal/at91/lib\libAt91D.a(cp15_asm.o)
                0x20000134                _readControlRegister
                0x20000140                _writeControlRegister
                0x20000148                _waitForInterrupt
                0x20000154                _writeTTB
                0x2000015c                _writeDomain
                0x20000164                _writeITLBLockdown
                0x2000016c                _prefetchICacheLine
                0x20000174                _flushDCache
                0x20000180                _flushWriteBuffer
                0x2000018c                _invalidateIDTLBs
 .text          0x20000198      0x114 c:/isis/application/toolchain/bin/../lib/gcc/arm-none-eabi/4.7.4\libgcc.a(_udivsi3.o)
                0x20000198                __aeabi_uidiv
                0x20000198                __udivsi3
                0x2000028c                __aeabi_uidivmod
 .text          0x200002ac      0x148 c:/isis/application/toolchain/bin/../lib/gcc/arm-none-eabi/4.7.4\libgcc.a(_divsi3.o)
                0x200002ac                __divsi3
                0x200002ac                __aeabi_idiv
                0x200003d4                __aeabi_idivmod
 .text          0x200003f4        0x4 c:/isis/application/toolchain/bin/../lib/gcc/arm-none-eabi/4.7.4\libgcc.a(_dvmd_tls.o)
                0x200003f4                __aeabi_idiv0
                0x200003f4                __aeabi_ldiv0
 .text          0x200003f8      0x41c c:/isis/application/toolchain/bin/../lib/gcc/arm-none-eabi/4.7.4\libgcc.a(_arm_addsubdf3.o)
                0x200003f8                __aeabi_drsub
                0x20000400                __aeabi_dsub
                0x20000400                __subdf3
                0x20000404                __aeabi_dadd
                0x20000404                __adddf3
                0x20000714                __floatunsidf
                0x20000714                __aeabi_ui2d
                0x20000738                __floatsidf
                0x20000738                __aeabi_i2d
                0x20000760                __aeabi_f2d
                0x20000760                __extendsfdf2
                0x200007a0                __floatundidf
                0x200007a0                __aeabi_ul2d
                0x200007b4                __floatdidf
                0x200007b4                __aeabi_l2d
 .text          0x20000814      0x49c c:/isis/application/toolchain/bin/../lib/gcc/arm-none-eabi/4.7.4\libgcc.a(_arm_muldivdf3.o)
                0x20000814                __aeabi_dmul
                0x20000814                __muldf3
                0x20000aa4                __divdf3
                0x20000aa4                __aeabi_ddiv
 .text          0x20000cb0      0x144 c:/isis/application/toolchain/bin/../lib/gcc/arm-none-eabi/4.7.4\libgcc.a(_arm_cmpdf2.o)
                0x20000cb0                __gtdf2
                0x20000cb0                __gedf2
                0x20000cb8                __ltdf2
                0x20000cb8                __ledf2
                0x20000cc0                __nedf2
                0x20000cc0                __eqdf2
                0x20000cc0                __cmpdf2
                0x20000d48                __aeabi_cdrcmple
                0x20000d64                __aeabi_cdcmpeq
                0x20000d64                __aeabi_cdcmple
                0x20000d7c                __aeabi_dcmpeq
                0x20000d94                __aeabi_dcmplt
                0x20000dac                __aeabi_dcmple
                0x20000dc4                __aeabi_dcmpge
                0x20000ddc                __aeabi_dcmpgt
 .text          0x20000df4       0x5c c:/isis/application/toolchain/bin/../lib/gcc/arm-none-eabi/4.7.4\libgcc.a(_arm_fixdfsi.o)
                0x20000df4                __aeabi_d2iz
                0x20000df4                __fixdfsi
 .text          0x20000e50       0x54 c:/isis/application/toolchain/bin/../lib/gcc/arm-none-eabi/4.7.4\libgcc.a(_arm_fixunsdfsi.o)
                0x20000e50                __aeabi_d2uiz
                0x20000e50                __fixunsdfsi
 .text          0x20000ea4       0xa0 c:/isis/application/toolchain/bin/../lib/gcc/arm-none-eabi/4.7.4\libgcc.a(_arm_truncdfsf2.o)
                0x20000ea4                __truncdfsf2
                0x20000ea4                __aeabi_d2f
 *(.text*)
 .text.__cvt    0x20000f44      0x138 c:/isis/application/toolchain/bin/../lib/gcc/arm-none-eabi/4.7.4/../../../../arm-none-eabi/lib\libc_s.a(lib_a-vfprintf_float.o)
                0x20000f44                __cvt
 .text.__exponent
                0x2000107c       0xa8 c:/isis/application/toolchain/bin/../lib/gcc/arm-none-eabi/4.7.4/../../../../arm-none-eabi/lib\libc_s.a(lib_a-vfprintf_float.o)
                0x2000107c                __exponent
 .text._printf_float
                0x20001124      0x7dc c:/isis/application/toolchain/bin/../lib/gcc/arm-none-eabi/4.7.4/../../../../arm-none-eabi/lib\libc_s.a(lib_a-vfprintf_float.o)
                0x20001124                _printf_float
 .text._printf_common
                0x20001900      0x174 c:/isis/application/toolchain/bin/../lib/gcc/arm-none-eabi/4.7.4/../../../../arm-none-eabi/lib\libc_s.a(lib_a-vfprintf_i.o)
                0x20001900                _printf_common
 .text._printf_i
                0x20001a74      0x3c4 c:/isis/application/toolchain/bin/../lib/gcc/arm-none-eabi/4.7.4/../../../../arm-none-eabi/lib\libc_s.a(lib_a-vfprintf_i.o)
                0x20001a74                _printf_i
 .text._scanf_float
                0x20001e38      0x5f4 c:/isis/application/toolchain/bin/../lib/gcc/arm-none-eabi/4.7.4/../../../../arm-none-eabi/lib\libc_s.a(lib_a-vfscanf_float.o)
                0x20001e38                _scanf_float
 .text.quorem   0x2000242c      0x1ac c:/isis/application/toolchain/bin/../lib/gcc/arm-none-eabi/4.7.4/../../../../arm-none-eabi/lib\libc_s.a(lib_a-dtoa.o)
 .text._dtoa_r  0x200025d8     0x1268 c:/isis/application/toolchain/bin/../lib/gcc/arm-none-eabi/4.7.4/../../../../arm-none-eabi/lib\libc_s.a(lib_a-dtoa.o)
                0x200025d8                _dtoa_r
 .text._localeconv_r
                0x20003840        0xc c:/isis/application/toolchain/bin/../lib/gcc/arm-none-eabi/4.7.4/../../../../arm-none-eabi/lib\libc_s.a(lib_a-locale.o)
                0x20003840                _localeconv_r
 .text.malloc   0x2000384c       0x20 c:/isis/application/toolchain/bin/../lib/gcc/arm-none-eabi/4.7.4/../../../../arm-none-eabi/lib\libc_s.a(lib_a-malloc.o)
                0x2000384c                malloc
 .text.free     0x2000386c       0x20 c:/isis/application/toolchain/bin/../lib/gcc/arm-none-eabi/4.7.4/../../../../arm-none-eabi/lib\libc_s.a(lib_a-malloc.o)
                0x2000386c                free
 .text._malloc_r
                0x2000388c       0xfc c:/isis/application/toolchain/bin/../lib/gcc/arm-none-eabi/4.7.4/../../../../arm-none-eabi/lib\libc_s.a(lib_a-mallocr.o)
                0x2000388c                _malloc_r
 .text.memcpy   0x20003988       0x20 c:/isis/application/toolchain/bin/../lib/gcc/arm-none-eabi/4.7.4/../../../../arm-none-eabi/lib\libc_s.a(lib_a-memcpy.o)
                0x20003988                memcpy
 .text._Balloc  0x200039a8       0xcc c:/isis/application/toolchain/bin/../lib/gcc/arm-none-eabi/4.7.4/../../../../arm-none-eabi/lib\libc_s.a(lib_a-mprec.o)
                0x200039a8                _Balloc
 .text._Bfree   0x20003a74       0x5c c:/isis/application/toolchain/bin/../lib/gcc/arm-none-eabi/4.7.4/../../../../arm-none-eabi/lib\libc_s.a(lib_a-mprec.o)
                0x20003a74                _Bfree
 .text.__multadd
                0x20003ad0       0xbc c:/isis/application/toolchain/bin/../lib/gcc/arm-none-eabi/4.7.4/../../../../arm-none-eabi/lib\libc_s.a(lib_a-mprec.o)
                0x20003ad0                __multadd
 .text.__s2b    0x20003b8c       0xd8 c:/isis/application/toolchain/bin/../lib/gcc/arm-none-eabi/4.7.4/../../../../arm-none-eabi/lib\libc_s.a(lib_a-mprec.o)
                0x20003b8c                __s2b
 .text.__hi0bits
                0x20003c64       0x58 c:/isis/application/toolchain/bin/../lib/gcc/arm-none-eabi/4.7.4/../../../../arm-none-eabi/lib\libc_s.a(lib_a-mprec.o)
                0x20003c64                __hi0bits
 .text.__lo0bits
                0x20003cbc       0x94 c:/isis/application/toolchain/bin/../lib/gcc/arm-none-eabi/4.7.4/../../../../arm-none-eabi/lib\libc_s.a(lib_a-mprec.o)
                0x20003cbc                __lo0bits
 .text.__i2b    0x20003d50       0x24 c:/isis/application/toolchain/bin/../lib/gcc/arm-none-eabi/4.7.4/../../../../arm-none-eabi/lib\libc_s.a(lib_a-mprec.o)
                0x20003d50                __i2b
 .text.__multiply
                0x20003d74      0x1ac c:/isis/application/toolchain/bin/../lib/gcc/arm-none-eabi/4.7.4/../../../../arm-none-eabi/lib\libc_s.a(lib_a-mprec.o)
                0x20003d74                __multiply
 .text.__pow5mult
                0x20003f20      0x10c c:/isis/application/toolchain/bin/../lib/gcc/arm-none-eabi/4.7.4/../../../../arm-none-eabi/lib\libc_s.a(lib_a-mprec.o)
                0x20003f20                __pow5mult
 .text.__lshift
                0x2000402c       0xf0 c:/isis/application/toolchain/bin/../lib/gcc/arm-none-eabi/4.7.4/../../../../arm-none-eabi/lib\libc_s.a(lib_a-mprec.o)
                0x2000402c                __lshift
 .text.__mcmp   0x2000411c       0x60 c:/isis/application/toolchain/bin/../lib/gcc/arm-none-eabi/4.7.4/../../../../arm-none-eabi/lib\libc_s.a(lib_a-mprec.o)
                0x2000411c                __mcmp
 .text.__mdiff  0x2000417c      0x128 c:/isis/application/toolchain/bin/../lib/gcc/arm-none-eabi/4.7.4/../../../../arm-none-eabi/lib\libc_s.a(lib_a-mprec.o)
                0x2000417c                __mdiff
 .text.__ulp    0x200042a4       0x5c c:/isis/application/toolchain/bin/../lib/gcc/arm-none-eabi/4.7.4/../../../../arm-none-eabi/lib\libc_s.a(lib_a-mprec.o)
                0x200042a4                __ulp
 .text.__b2d    0x20004300       0xc8 c:/isis/application/toolchain/bin/../lib/gcc/arm-none-eabi/4.7.4/../../../../arm-none-eabi/lib\libc_s.a(lib_a-mprec.o)
                0x20004300                __b2d
 .text.__d2b    0x200043c8       0xfc c:/isis/application/toolchain/bin/../lib/gcc/arm-none-eabi/4.7.4/../../../../arm-none-eabi/lib\libc_s.a(lib_a-mprec.o)
                0x200043c8                __d2b
 .text.__ratio  0x200044c4       0x70 c:/isis/application/toolchain/bin/../lib/gcc/arm-none-eabi/4.7.4/../../../../arm-none-eabi/lib\libc_s.a(lib_a-mprec.o)
                0x200044c4                __ratio
 .text.__copybits
                0x20004534       0x4c c:/isis/application/toolchain/bin/../lib/gcc/arm-none-eabi/4.7.4/../../../../arm-none-eabi/lib\libc_s.a(lib_a-mprec.o)
                0x20004534                __copybits
 .text.__any_on
                0x20004580       0x7c c:/isis/application/toolchain/bin/../lib/gcc/arm-none-eabi/4.7.4/../../../../arm-none-eabi/lib\libc_s.a(lib_a-mprec.o)
                0x20004580                __any_on
 .text.__fpclassifyd
                0x200045fc       0x6c c:/isis/application/toolchain/bin/../lib/gcc/arm-none-eabi/4.7.4/../../../../arm-none-eabi/lib\libc_s.a(lib_a-s_fpclassify.o)
                0x200045fc                __fpclassifyd
 .text._sbrk_r  0x20004668       0x3c c:/isis/application/toolchain/bin/../lib/gcc/arm-none-eabi/4.7.4/../../../../arm-none-eabi/lib\libc_s.a(lib_a-sbrkr.o)
                0x20004668                _sbrk_r
 .text.nanf     0x200046a4        0xc c:/isis/application/toolchain/bin/../lib/gcc/arm-none-eabi/4.7.4/../../../../arm-none-eabi/lib\libc_s.a(lib_a-sf_nan.o)
                0x200046a4                nanf
 .text.sprintf  0x200046b0       0x6c c:/isis/application/toolchain/bin/../lib/gcc/arm-none-eabi/4.7.4/../../../../arm-none-eabi/lib\libc_s.a(lib_a-sprintf.o)
                0x200046b0                siprintf
                0x200046b0                sprintf
 .text.strcmp   0x2000471c       0x1c c:/isis/application/toolchain/bin/../lib/gcc/arm-none-eabi/4.7.4/../../../../arm-none-eabi/lib\libc_s.a(lib_a-strcmp.o)
                0x2000471c                strcmp
 .text.strlen   0x20004738       0x1c c:/isis/application/toolchain/bin/../lib/gcc/arm-none-eabi/4.7.4/../../../../arm-none-eabi/lib\libc_s.a(lib_a-strlen.o)
                0x20004738                strlen
 .text.match    0x20004754       0x54 c:/isis/application/toolchain/bin/../lib/gcc/arm-none-eabi/4.7.4/../../../../arm-none-eabi/lib\libc_s.a(lib_a-strtod.o)
 .text._strtod_r
                0x200047a8     0x1168 c:/isis/application/toolchain/bin/../lib/gcc/arm-none-eabi/4.7.4/../../../../arm-none-eabi/lib\libc_s.a(lib_a-strtod.o)
                0x200047a8                _strtod_r
 .text._strtol_r
                0x20005910      0x1b8 c:/isis/application/toolchain/bin/../lib/gcc/arm-none-eabi/4.7.4/../../../../arm-none-eabi/lib\libc_s.a(lib_a-strtol.o)
                0x20005910                _strtol_r
 .text.__ssputc_r
                0x20005ac8      0x10c c:/isis/application/toolchain/bin/../lib/gcc/arm-none-eabi/4.7.4/../../../../arm-none-eabi/lib\libc_s.a(lib_a-svfprintf.o)
                0x20005ac8                __ssputc_r
 .text._svfprintf_r
                0x20005bd4      0x328 c:/isis/application/toolchain/bin/../lib/gcc/arm-none-eabi/4.7.4/../../../../arm-none-eabi/lib\libc_s.a(lib_a-svfprintf.o)
                0x20005bd4                _svfiprintf_r
                0x20005bd4                _svfprintf_r
 .text._calloc_r
                0x20005efc       0x2c c:/isis/application/toolchain/bin/../lib/gcc/arm-none-eabi/4.7.4/../../../../arm-none-eabi/lib\libc_s.a(lib_a-callocr.o)
                0x20005efc                _calloc_r
 .text._free_r  0x20005f28      0x108 c:/isis/application/toolchain/bin/../lib/gcc/arm-none-eabi/4.7.4/../../../../arm-none-eabi/lib\libc_s.a(lib_a-freer.o)
                0x20005f28                _free_r
 .text.rshift   0x20006030       0xb0 c:/isis/application/toolchain/bin/../lib/gcc/arm-none-eabi/4.7.4/../../../../arm-none-eabi/lib\libc_s.a(lib_a-gdtoa-gethex.o)
 .text.htinit.constprop.0
                0x200060e0       0x34 c:/isis/application/toolchain/bin/../lib/gcc/arm-none-eabi/4.7.4/../../../../arm-none-eabi/lib\libc_s.a(lib_a-gdtoa-gethex.o)
 .text.__hexdig_init
                0x20006114       0x38 c:/isis/application/toolchain/bin/../lib/gcc/arm-none-eabi/4.7.4/../../../../arm-none-eabi/lib\libc_s.a(lib_a-gdtoa-gethex.o)
                0x20006114                __hexdig_init
 .text.__gethex
                0x2000614c      0x6cc c:/isis/application/toolchain/bin/../lib/gcc/arm-none-eabi/4.7.4/../../../../arm-none-eabi/lib\libc_s.a(lib_a-gdtoa-gethex.o)
                0x2000614c                __gethex
 .text.L_shift  0x20006818       0x38 c:/isis/application/toolchain/bin/../lib/gcc/arm-none-eabi/4.7.4/../../../../arm-none-eabi/lib\libc_s.a(lib_a-gdtoa-hexnan.o)
 .text.__hexnan
                0x20006850      0x1d8 c:/isis/application/toolchain/bin/../lib/gcc/arm-none-eabi/4.7.4/../../../../arm-none-eabi/lib\libc_s.a(lib_a-gdtoa-hexnan.o)
                0x20006850                __hexnan
 .text.memchr   0x20006a28       0x34 c:/isis/application/toolchain/bin/../lib/gcc/arm-none-eabi/4.7.4/../../../../arm-none-eabi/lib\libc_s.a(lib_a-memchr.o)
                0x20006a28                memchr
 .text.memset   0x20006a5c       0x1c c:/isis/application/toolchain/bin/../lib/gcc/arm-none-eabi/4.7.4/../../../../arm-none-eabi/lib\libc_s.a(lib_a-memset.o)
                0x20006a5c                memset
 .text._realloc_r
                0x20006a78       0x80 c:/isis/application/toolchain/bin/../lib/gcc/arm-none-eabi/4.7.4/../../../../arm-none-eabi/lib\libc_s.a(lib_a-reallocr.o)
                0x20006a78                _realloc_r
 .text.strncmp  0x20006af8       0x64 c:/isis/application/toolchain/bin/../lib/gcc/arm-none-eabi/4.7.4/../../../../arm-none-eabi/lib\libc_s.a(lib_a-strncmp.o)
                0x20006af8                strncmp
 .text._malloc_usable_size_r
                0x20006b5c       0x1c c:/isis/application/toolchain/bin/../lib/gcc/arm-none-eabi/4.7.4/../../../../arm-none-eabi/lib\libc_s.a(lib_a-msizer.o)
                0x20006b5c                _malloc_usable_size_r
 .text.AdcsCmdQueueInit
                0x20006b78       0x4c ./src/sub-systemCode/Main/CMD/ADCS_CMD.o
                0x20006b78                AdcsCmdQueueInit
 .text.AdcsCmdQueueGet
                0x20006bc4       0x8c ./src/sub-systemCode/Main/CMD/ADCS_CMD.o
                0x20006bc4                AdcsCmdQueueGet
 .text.AdcsCmdQueueAdd
                0x20006c50       0x74 ./src/sub-systemCode/Main/CMD/ADCS_CMD.o
                0x20006c50                AdcsCmdQueueAdd
 .text.AdcsCmdQueueIsEmpty
                0x20006cc4       0x3c ./src/sub-systemCode/Main/CMD/ADCS_CMD.o
                0x20006cc4                AdcsCmdQueueIsEmpty
 .text.getAdcsQueueWaitPointer
                0x20006d00       0x20 ./src/sub-systemCode/Main/CMD/ADCS_CMD.o
                0x20006d00                getAdcsQueueWaitPointer
 .text.convert_vol
                0x20006d20      0x12c ./src/sub-systemCode/Main/EPS.o
                0x20006d20                convert_vol
 .text.get_shut_ADCS
                0x20006e4c       0x48 ./src/sub-systemCode/Main/EPS.o
                0x20006e4c                get_shut_ADCS
 .text.get_shut_CAM
                0x20006e94       0x48 ./src/sub-systemCode/Main/EPS.o
                0x20006e94                get_shut_CAM
 .text.EPS_Init
                0x20006edc      0x1a0 ./src/sub-systemCode/Main/EPS.o
                0x20006edc                EPS_Init
 .text.reset_FRAM_EPS
                0x2000707c       0xa4 ./src/sub-systemCode/Main/EPS.o
                0x2000707c                reset_FRAM_EPS
 .text.reset_EPS_voltages
                0x20007120       0xbc ./src/sub-systemCode/Main/EPS.o
                0x20007120                reset_EPS_voltages
 .text.overRide_ADCS
                0x200071dc       0x50 ./src/sub-systemCode/Main/EPS.o
                0x200071dc                overRide_ADCS
 .text.overRide_Camera
                0x2000722c       0x38 ./src/sub-systemCode/Main/EPS.o
                0x2000722c                overRide_Camera
 .text.EnterFullMode
                0x20007264       0xec ./src/sub-systemCode/Main/EPS.o
                0x20007264                EnterFullMode
 .text.EnterCruiseMode
                0x20007350       0xdc ./src/sub-systemCode/Main/EPS.o
                0x20007350                EnterCruiseMode
 .text.EnterSafeMode
                0x2000742c       0xdc ./src/sub-systemCode/Main/EPS.o
                0x2000742c                EnterSafeMode
 .text.EnterCriticalMode
                0x20007508       0xc8 ./src/sub-systemCode/Main/EPS.o
                0x20007508                EnterCriticalMode
 .text.COMM_create_file
                0x200075d0       0x74 ./src/sub-systemCode/Main/HouseKeeping.o
                0x200075d0                COMM_create_file
 .text.ACK_create_file
                0x20007644       0x74 ./src/sub-systemCode/Main/HouseKeeping.o
                0x20007644                ACK_create_file
 .text.EPS_create_file
                0x200076b8       0x74 ./src/sub-systemCode/Main/HouseKeeping.o
                0x200076b8                EPS_create_file
 .text.CAM_create_file
                0x2000772c       0x54 ./src/sub-systemCode/Main/HouseKeeping.o
                0x2000772c                CAM_create_file
 .text.SP_create_file
                0x20007780       0x54 ./src/sub-systemCode/Main/HouseKeeping.o
                0x20007780                SP_create_file
 .text.create_files
                0x200077d4       0x48 ./src/sub-systemCode/Main/HouseKeeping.o
                0x200077d4                create_files
 .text.test_menu
                0x2000781c       0xd8 ./src/sub-systemCode/Main/Main_Init.o
                0x2000781c                test_menu
 .text.numberOfRestarts
                0x200078f4       0x94 ./src/sub-systemCode/Main/Main_Init.o
                0x200078f4                numberOfRestarts
 .text.StartFRAM
                0x20007988       0x38 ./src/sub-systemCode/Main/Main_Init.o
                0x20007988                StartFRAM
 .text.StartI2C
                0x200079c0       0x44 ./src/sub-systemCode/Main/Main_Init.o
                0x200079c0                StartI2C
 .text.StartSPI
                0x20007a04       0x40 ./src/sub-systemCode/Main/Main_Init.o
                0x20007a04                StartSPI
 .text.StartTIME
                0x20007a44      0x118 ./src/sub-systemCode/Main/Main_Init.o
                0x20007a44                StartTIME
 .text.first_activation
                0x20007b5c       0x78 ./src/sub-systemCode/Main/Main_Init.o
                0x20007b5c                first_activation
 .text.InitSubsystems
                0x20007bd4       0x58 ./src/sub-systemCode/Main/Main_Init.o
                0x20007bd4                InitSubsystems
 .text.no_reset_task
                0x20007c2c       0xe4 ./src/sub-systemCode/Main/Main_Init.o
                0x20007c2c                no_reset_task
 .text.SubSystemTaskStart
                0x20007d10       0xd8 ./src/sub-systemCode/Main/Main_Init.o
                0x20007d10                SubSystemTaskStart
 .text.check_int
                0x20007de8       0x3c ./src/sub-systemCode/Global/Global.o
                0x20007de8                check_int
 .text.check_portBASE_TYPE
                0x20007e24       0x3c ./src/sub-systemCode/Global/Global.o
                0x20007e24                check_portBASE_TYPE
 .text.BigEnE_uInt_to_raw
                0x20007e60       0x78 ./src/sub-systemCode/Global/Global.o
                0x20007e60                BigEnE_uInt_to_raw
 .text.reset_FRAM_MAIN
                0x20007ed8      0x19c ./src/sub-systemCode/Global/Global.o
                0x20007ed8                reset_FRAM_MAIN
 .text.init_GP  0x20008074      0x324 ./src/sub-systemCode/Global/GlobalParam.o
                0x20008074                init_GP
 .text.get_system_state
                0x20008398      0x268 ./src/sub-systemCode/Global/GlobalParam.o
                0x20008398                get_system_state
 .text.set_system_state
                0x20008600      0x298 ./src/sub-systemCode/Global/GlobalParam.o
                0x20008600                set_system_state
 .text.set_Vbatt_previous
                0x20008898       0xe8 ./src/sub-systemCode/Global/GlobalParam.o
                0x20008898                set_Vbatt_previous
 .text.set_Vbatt
                0x20008980       0xb8 ./src/sub-systemCode/Global/GlobalParam.o
                0x20008980                set_Vbatt
 .text.set_numOfAPRS
                0x20008a38       0x8c ./src/sub-systemCode/Global/GlobalParam.o
                0x20008a38                set_numOfAPRS
 .text.set_numOfResets
                0x20008ac4       0xac ./src/sub-systemCode/Global/GlobalParam.o
                0x20008ac4                set_numOfResets
 .text.delete_allTMFilesFromSD
                0x20008b70       0xf8 ./src/sub-systemCode/Global/TLM_management.o
                0x20008b70                delete_allTMFilesFromSD
 .text.getNumOfFilesInFS
                0x20008c68       0x44 ./src/sub-systemCode/Global/TLM_management.o
 .text.setNumOfFilesInFS
                0x20008cac       0x50 ./src/sub-systemCode/Global/TLM_management.o
 .text.f_managed_enterFS
                0x20008cfc       0xb0 ./src/sub-systemCode/Global/TLM_management.o
                0x20008cfc                f_managed_enterFS
 .text.f_managed_open
                0x20008dac      0x10c ./src/sub-systemCode/Global/TLM_management.o
                0x20008dac                f_managed_open
 .text.f_managed_close
                0x20008eb8       0x7c ./src/sub-systemCode/Global/TLM_management.o
                0x20008eb8                f_managed_close
 .text.createSemahores_FS
                0x20008f34       0x7c ./src/sub-systemCode/Global/TLM_management.o
                0x20008f34                createSemahores_FS
 .text.InitializeFS
                0x20008fb0      0x1a8 ./src/sub-systemCode/Global/TLM_management.o
                0x20008fb0                InitializeFS
 .text.c_fileCreate
                0x20009158       0xf4 ./src/sub-systemCode/Global/TLM_management.o
                0x20009158                c_fileCreate
 .text.writewithEpochtime
                0x2000924c       0xa4 ./src/sub-systemCode/Global/TLM_management.o
 .text.get_C_FILE_struct
                0x200092f0      0x104 ./src/sub-systemCode/Global/TLM_management.o
 .text.getFileIndex
                0x200093f4       0x4c ./src/sub-systemCode/Global/TLM_management.o
 .text.get_file_name_by_index
                0x20009440       0x54 ./src/sub-systemCode/Global/TLM_management.o
                0x20009440                get_file_name_by_index
 .text.c_fileReset
                0x20009494       0xbc ./src/sub-systemCode/Global/TLM_management.o
                0x20009494                c_fileReset
 .text.c_fileWrite
                0x20009550      0x140 ./src/sub-systemCode/Global/TLM_management.o
                0x20009550                c_fileWrite
 .text.reset_APRS_list
                0x20009690       0xa4 ./src/sub-systemCode/COMM/APRS.o
                0x20009690                reset_APRS_list
 .text.reset_delayCommand
                0x20009734       0x8c ./src/sub-systemCode/COMM/DelayedCommand_list.o
                0x20009734                reset_delayCommand
 .text.encode_TMpacket
                0x200097c0      0x104 ./src/sub-systemCode/COMM/GSC.o
                0x200097c0                encode_TMpacket
 .text.reset_FRAM_TRXVU
                0x200098c4       0xc0 ./src/sub-systemCode/COMM/TRXVU.o
                0x200098c4                reset_FRAM_TRXVU
 .text.TRX_sendFrame
                0x20009984       0x98 ./src/sub-systemCode/COMM/TRXVU.o
                0x20009984                TRX_sendFrame
 .text.AdcsReadI2cAck
                0x20009a1c       0xf4 ./src/sub-systemCode/ADCS/AdcsCommands.o
                0x20009a1c                AdcsReadI2cAck
 .text.AdcsGenericI2cCmd
                0x20009b10      0x124 ./src/sub-systemCode/ADCS/AdcsCommands.o
                0x20009b10                AdcsGenericI2cCmd
 .text.SendAdcsTlm
                0x20009c34      0x150 ./src/sub-systemCode/ADCS/AdcsCommands.o
                0x20009c34                SendAdcsTlm
 .text.AdcsExecuteCommand
                0x20009d84     0x194c ./src/sub-systemCode/ADCS/AdcsCommands.o
                0x20009d84                AdcsExecuteCommand
 .text.UpdateTlmToSaveVector
                0x2000b6d0       0xcc ./src/sub-systemCode/ADCS/AdcsGetDataAndTlm.o
                0x2000b6d0                UpdateTlmToSaveVector
 .text.GatherTlmAndData
                0x2000b79c       0xe4 ./src/sub-systemCode/ADCS/AdcsGetDataAndTlm.o
                0x2000b79c                GatherTlmAndData
 .text.SaveElementTlmAtIndex
                0x2000b880      0x43c ./src/sub-systemCode/ADCS/AdcsGetDataAndTlm.o
                0x2000b880                SaveElementTlmAtIndex
 .text.RestoreDefaultTlmElement
                0x2000bcbc      0xa3c ./src/sub-systemCode/ADCS/AdcsGetDataAndTlm.o
                0x2000bcbc                RestoreDefaultTlmElement
 .text.GetTlmElementAtIndex
                0x2000c6f8       0x80 ./src/sub-systemCode/ADCS/AdcsGetDataAndTlm.o
                0x2000c6f8                GetTlmElementAtIndex
 .text.UpdateTlmElementAtIndex
                0x2000c778      0x150 ./src/sub-systemCode/ADCS/AdcsGetDataAndTlm.o
                0x2000c778                UpdateTlmElementAtIndex
 .text.InitTlmElements
                0x2000c8c8      0xa50 ./src/sub-systemCode/ADCS/AdcsGetDataAndTlm.o
                0x2000c8c8                InitTlmElements
 .text.CreateTlmElementFiles
                0x2000d318      0x178 ./src/sub-systemCode/ADCS/AdcsGetDataAndTlm.o
                0x2000d318                CreateTlmElementFiles
 .text.AdcsInit
                0x2000d490      0x120 ./src/sub-systemCode/ADCS/AdcsMain.o
                0x2000d490                AdcsInit
 .text.AdcsTask
                0x2000d5b0      0x120 ./src/sub-systemCode/ADCS/AdcsMain.o
                0x2000d5b0                AdcsTask
 .text.TestUpdateTlmToSaveVector
                0x2000d6d0      0x1c4 ./src/sub-systemCode/ADCS/AdcsTest.o
                0x2000d6d0                TestUpdateTlmToSaveVector
 .text.TestGatherTlmAndData
                0x2000d894       0x44 ./src/sub-systemCode/ADCS/AdcsTest.o
                0x2000d894                TestGatherTlmAndData
 .text.TestUpdateTlmElemdntAtIndex
                0x2000d8d8       0x48 ./src/sub-systemCode/ADCS/AdcsTest.o
                0x2000d8d8                TestUpdateTlmElemdntAtIndex
 .text.TestAdcsTLM
                0x2000d920       0x68 ./src/sub-systemCode/ADCS/AdcsTest.o
                0x2000d920                TestAdcsTLM
 .text.BuildTests
                0x2000d988      0xbe8 ./src/sub-systemCode/ADCS/AdcsTest.o
                0x2000d988                BuildTests
 .text.AdcsTestTask
                0x2000e570      0x3a0 ./src/sub-systemCode/ADCS/AdcsTest.o
                0x2000e570                AdcsTestTask
 .text.TestStartAdcs
                0x2000e910      0x180 ./src/sub-systemCode/ADCS/AdcsTest.o
                0x2000e910                TestStartAdcs
 .text.TaskMamagTest
                0x2000ea90       0x1c ./src/sub-systemCode/ADCS/AdcsTest.o
                0x2000ea90                TaskMamagTest
 .text.AdcsTroubleShooting
                0x2000eaac       0xc4 ./src/sub-systemCode/ADCS/AdcsTroubleShooting.o
                0x2000eaac                AdcsTroubleShooting
 .text.UpdateAdcsStateMachine
                0x2000eb70       0x1c ./src/sub-systemCode/ADCS/StateMachine.o
                0x2000eb70                UpdateAdcsStateMachine
 .text.taskMain
                0x2000eb8c       0x5c ./src/main.o
                0x2000eb8c                taskMain
 .text.main     0x2000ebe8       0xc0 ./src/main.o
                0x2000ebe8                main
 .text.GomEpsInitialize
                0x2000eca8      0x148 C:/HOOPOE3/satellite-subsystems/demo/..//satellite-subsystems/lib\libSatelliteSubsystemsD.a(GomEPS.o)
                0x2000eca8                GomEpsInitialize
 .text.makeEPStransfer
                0x2000edf0       0x3c C:/HOOPOE3/satellite-subsystems/demo/..//satellite-subsystems/lib\libSatelliteSubsystemsD.a(GomEPS.o)
 .text.GomEpsGetHkData_general
                0x2000ee2c      0x45c C:/HOOPOE3/satellite-subsystems/demo/..//satellite-subsystems/lib\libSatelliteSubsystemsD.a(GomEPS.o)
                0x2000ee2c                GomEpsGetHkData_general
 .text.GomEpsGetHkData_basic
                0x2000f288      0x22c C:/HOOPOE3/satellite-subsystems/demo/..//satellite-subsystems/lib\libSatelliteSubsystemsD.a(GomEPS.o)
                0x2000f288                GomEpsGetHkData_basic
 .text.GomEpsSetOutput
                0x2000f4b4       0xbc C:/HOOPOE3/satellite-subsystems/demo/..//satellite-subsystems/lib\libSatelliteSubsystemsD.a(GomEPS.o)
                0x2000f4b4                GomEpsSetOutput
 .text.IsisSolarPanelv2_initialize
                0x2000f570       0xb4 C:/HOOPOE3/satellite-subsystems/demo/..//satellite-subsystems/lib\libSatelliteSubsystemsD.a(IsisSolarPanelv2.o)
                0x2000f570                IsisSolarPanelv2_initialize
 .text.IsisSolarPanelv2_sleep
                0x2000f624       0xbc C:/HOOPOE3/satellite-subsystems/demo/..//satellite-subsystems/lib\libSatelliteSubsystemsD.a(IsisSolarPanelv2.o)
                0x2000f624                IsisSolarPanelv2_sleep
 .text._Reset   0x2000f6e0       0x20 C:/HOOPOE3/satellite-subsystems/demo/..//satellite-subsystems/lib\libSatelliteSubsystemsD.a(IsisSolarPanelv2.o)
 .text._WaitForStartup
                0x2000f700       0x90 C:/HOOPOE3/satellite-subsystems/demo/..//satellite-subsystems/lib\libSatelliteSubsystemsD.a(IsisSolarPanelv2.o)
 .text._AssignAllChannels
                0x2000f790       0x90 C:/HOOPOE3/satellite-subsystems/demo/..//satellite-subsystems/lib\libSatelliteSubsystemsD.a(IsisSolarPanelv2.o)
 .text._AssignThisChannel
                0x2000f820       0xe8 C:/HOOPOE3/satellite-subsystems/demo/..//satellite-subsystems/lib\libSatelliteSubsystemsD.a(IsisSolarPanelv2.o)
 .text._ExtractByte
                0x2000f908       0x38 C:/HOOPOE3/satellite-subsystems/demo/..//satellite-subsystems/lib\libSatelliteSubsystemsD.a(IsisSolarPanelv2.o)
 .text._PinsInit
                0x2000f940       0x50 C:/HOOPOE3/satellite-subsystems/demo/..//satellite-subsystems/lib\libSatelliteSubsystemsD.a(IsisSolarPanelv2.o)
 .text._SpiWriteRead
                0x2000f990       0x70 C:/HOOPOE3/satellite-subsystems/demo/..//satellite-subsystems/lib\libSatelliteSubsystemsD.a(IsisSolarPanelv2.o)
 .text.cspaceADCS_initialize
                0x2000fa00      0x18c C:/HOOPOE3/satellite-subsystems/demo/..//satellite-subsystems/lib\libSatelliteSubsystemsD.a(cspaceADCS.o)
                0x2000fa00                cspaceADCS_initialize
 .text.make_cspaceADCStransfer
                0x2000fb8c      0x1b4 C:/HOOPOE3/satellite-subsystems/demo/..//satellite-subsystems/lib\libSatelliteSubsystemsD.a(cspaceADCS.o)
 .text.cspaceADCS_componentReset
                0x2000fd40       0xbc C:/HOOPOE3/satellite-subsystems/demo/..//satellite-subsystems/lib\libSatelliteSubsystemsD.a(cspaceADCS.o)
                0x2000fd40                cspaceADCS_componentReset
 .text.cspaceADCS_setCurrentTime
                0x2000fdfc       0xd0 C:/HOOPOE3/satellite-subsystems/demo/..//satellite-subsystems/lib\libSatelliteSubsystemsD.a(cspaceADCS.o)
                0x2000fdfc                cspaceADCS_setCurrentTime
 .text.cspaceADCS_cacheStateADCS
                0x2000fecc       0xd0 C:/HOOPOE3/satellite-subsystems/demo/..//satellite-subsystems/lib\libSatelliteSubsystemsD.a(cspaceADCS.o)
                0x2000fecc                cspaceADCS_cacheStateADCS
 .text.cspaceADCS_setRunMode
                0x2000ff9c       0xbc C:/HOOPOE3/satellite-subsystems/demo/..//satellite-subsystems/lib\libSatelliteSubsystemsD.a(cspaceADCS.o)
                0x2000ff9c                cspaceADCS_setRunMode
 .text.cspaceADCS_setPwrCtrlDevice
                0x20010058       0xd0 C:/HOOPOE3/satellite-subsystems/demo/..//satellite-subsystems/lib\libSatelliteSubsystemsD.a(cspaceADCS.o)
                0x20010058                cspaceADCS_setPwrCtrlDevice
 .text.cspaceADCS_clearErrors
                0x20010128       0xb8 C:/HOOPOE3/satellite-subsystems/demo/..//satellite-subsystems/lib\libSatelliteSubsystemsD.a(cspaceADCS.o)
                0x20010128                cspaceADCS_clearErrors
 .text.cspaceADCS_setAttCtrlMode
                0x200101e0       0xd0 C:/HOOPOE3/satellite-subsystems/demo/..//satellite-subsystems/lib\libSatelliteSubsystemsD.a(cspaceADCS.o)
                0x200101e0                cspaceADCS_setAttCtrlMode
 .text.cspaceADCS_setAttEstMode
                0x200102b0       0xbc C:/HOOPOE3/satellite-subsystems/demo/..//satellite-subsystems/lib\libSatelliteSubsystemsD.a(cspaceADCS.o)
                0x200102b0                cspaceADCS_setAttEstMode
 .text.cspaceADCS_setMagOutput
                0x2001036c       0xd0 C:/HOOPOE3/satellite-subsystems/demo/..//satellite-subsystems/lib\libSatelliteSubsystemsD.a(cspaceADCS.o)
                0x2001036c                cspaceADCS_setMagOutput
 .text.cspaceADCS_setWheelSpeed
                0x2001043c       0xd0 C:/HOOPOE3/satellite-subsystems/demo/..//satellite-subsystems/lib\libSatelliteSubsystemsD.a(cspaceADCS.o)
                0x2001043c                cspaceADCS_setWheelSpeed
 .text.cspaceADCS_setMagMountConfig
                0x2001050c       0xd0 C:/HOOPOE3/satellite-subsystems/demo/..//satellite-subsystems/lib\libSatelliteSubsystemsD.a(cspaceADCS.o)
                0x2001050c                cspaceADCS_setMagMountConfig
 .text.cspaceADCS_setMagOffsetScalingConfig
                0x200105dc       0xd0 C:/HOOPOE3/satellite-subsystems/demo/..//satellite-subsystems/lib\libSatelliteSubsystemsD.a(cspaceADCS.o)
                0x200105dc                cspaceADCS_setMagOffsetScalingConfig
 .text.cspaceADCS_setMagSensConfig
                0x200106ac       0xd0 C:/HOOPOE3/satellite-subsystems/demo/..//satellite-subsystems/lib\libSatelliteSubsystemsD.a(cspaceADCS.o)
                0x200106ac                cspaceADCS_setMagSensConfig
 .text.cspaceADCS_setRateSensorConfig
                0x2001077c       0xd0 C:/HOOPOE3/satellite-subsystems/demo/..//satellite-subsystems/lib\libSatelliteSubsystemsD.a(cspaceADCS.o)
                0x2001077c                cspaceADCS_setRateSensorConfig
 .text.cspaceADCS_setStarTrackerConfig
                0x2001084c       0xd0 C:/HOOPOE3/satellite-subsystems/demo/..//satellite-subsystems/lib\libSatelliteSubsystemsD.a(cspaceADCS.o)
                0x2001084c                cspaceADCS_setStarTrackerConfig
 .text.cspaceADCS_setEstimationParam1
                0x2001091c       0xd0 C:/HOOPOE3/satellite-subsystems/demo/..//satellite-subsystems/lib\libSatelliteSubsystemsD.a(cspaceADCS.o)
                0x2001091c                cspaceADCS_setEstimationParam1
 .text.cspaceADCS_setEstimationParam2
                0x200109ec       0xd0 C:/HOOPOE3/satellite-subsystems/demo/..//satellite-subsystems/lib\libSatelliteSubsystemsD.a(cspaceADCS.o)
                0x200109ec                cspaceADCS_setEstimationParam2
 .text.cspaceADCS_setSGP4OrbitParameters
                0x20010abc       0xcc C:/HOOPOE3/satellite-subsystems/demo/..//satellite-subsystems/lib\libSatelliteSubsystemsD.a(cspaceADCS.o)
                0x20010abc                cspaceADCS_setSGP4OrbitParameters
 .text.cspaceADCS_setMagnetometerMode
                0x20010b88       0xb8 C:/HOOPOE3/satellite-subsystems/demo/..//satellite-subsystems/lib\libSatelliteSubsystemsD.a(cspaceADCS.o)
                0x20010b88                cspaceADCS_setMagnetometerMode
 .text.cspaceADCS_saveConfig
                0x20010c40       0xac C:/HOOPOE3/satellite-subsystems/demo/..//satellite-subsystems/lib\libSatelliteSubsystemsD.a(cspaceADCS.o)
                0x20010c40                cspaceADCS_saveConfig
 .text.cspaceADCS_saveOrbitParam
                0x20010cec       0xac C:/HOOPOE3/satellite-subsystems/demo/..//satellite-subsystems/lib\libSatelliteSubsystemsD.a(cspaceADCS.o)
                0x20010cec                cspaceADCS_saveOrbitParam
 .text.cspaceADCS_saveImage
                0x20010d98       0xd8 C:/HOOPOE3/satellite-subsystems/demo/..//satellite-subsystems/lib\libSatelliteSubsystemsD.a(cspaceADCS.o)
                0x20010d98                cspaceADCS_saveImage
 .text.cspaceADCS_BLSetBootIndex
                0x20010e70      0x124 C:/HOOPOE3/satellite-subsystems/demo/..//satellite-subsystems/lib\libSatelliteSubsystemsD.a(cspaceADCS.o)
                0x20010e70                cspaceADCS_BLSetBootIndex
 .text.cspaceADCS_BLRunSelectedProgram
                0x20010f94      0x114 C:/HOOPOE3/satellite-subsystems/demo/..//satellite-subsystems/lib\libSatelliteSubsystemsD.a(cspaceADCS.o)
                0x20010f94                cspaceADCS_BLRunSelectedProgram
 .text.cspaceADCS_getGeneralInfo
                0x200110a8       0xc4 C:/HOOPOE3/satellite-subsystems/demo/..//satellite-subsystems/lib\libSatelliteSubsystemsD.a(cspaceADCS.o)
                0x200110a8                cspaceADCS_getGeneralInfo
 .text.cspaceADCS_getBootProgramInfo
                0x2001116c       0xc4 C:/HOOPOE3/satellite-subsystems/demo/..//satellite-subsystems/lib\libSatelliteSubsystemsD.a(cspaceADCS.o)
                0x2001116c                cspaceADCS_getBootProgramInfo
 .text.cspaceADCS_getSRAMLatchupCounters
                0x20011230       0xc4 C:/HOOPOE3/satellite-subsystems/demo/..//satellite-subsystems/lib\libSatelliteSubsystemsD.a(cspaceADCS.o)
                0x20011230                cspaceADCS_getSRAMLatchupCounters
 .text.cspaceADCS_getEDACCounters
                0x200112f4       0xc4 C:/HOOPOE3/satellite-subsystems/demo/..//satellite-subsystems/lib\libSatelliteSubsystemsD.a(cspaceADCS.o)
                0x200112f4                cspaceADCS_getEDACCounters
 .text.cspaceADCS_getCurrentTime
                0x200113b8       0xc4 C:/HOOPOE3/satellite-subsystems/demo/..//satellite-subsystems/lib\libSatelliteSubsystemsD.a(cspaceADCS.o)
                0x200113b8                cspaceADCS_getCurrentTime
 .text.cspaceADCS_getCommStatus
                0x2001147c       0xc4 C:/HOOPOE3/satellite-subsystems/demo/..//satellite-subsystems/lib\libSatelliteSubsystemsD.a(cspaceADCS.o)
                0x2001147c                cspaceADCS_getCommStatus
 .text.cspaceADCS_getCurrentState
                0x20011540       0xc4 C:/HOOPOE3/satellite-subsystems/demo/..//satellite-subsystems/lib\libSatelliteSubsystemsD.a(cspaceADCS.o)
                0x20011540                cspaceADCS_getCurrentState
 .text.cspaceADCS_getMagneticFieldVec
                0x20011604       0xc4 C:/HOOPOE3/satellite-subsystems/demo/..//satellite-subsystems/lib\libSatelliteSubsystemsD.a(cspaceADCS.o)
                0x20011604                cspaceADCS_getMagneticFieldVec
 .text.cspaceADCS_getCoarseSunVec
                0x200116c8       0xc4 C:/HOOPOE3/satellite-subsystems/demo/..//satellite-subsystems/lib\libSatelliteSubsystemsD.a(cspaceADCS.o)
                0x200116c8                cspaceADCS_getCoarseSunVec
 .text.cspaceADCS_getFineSunVec
                0x2001178c       0xc4 C:/HOOPOE3/satellite-subsystems/demo/..//satellite-subsystems/lib\libSatelliteSubsystemsD.a(cspaceADCS.o)
                0x2001178c                cspaceADCS_getFineSunVec
 .text.cspaceADCS_getNadirVector
                0x20011850       0xc4 C:/HOOPOE3/satellite-subsystems/demo/..//satellite-subsystems/lib\libSatelliteSubsystemsD.a(cspaceADCS.o)
                0x20011850                cspaceADCS_getNadirVector
 .text.cspaceADCS_getSensorRates
                0x20011914       0xc4 C:/HOOPOE3/satellite-subsystems/demo/..//satellite-subsystems/lib\libSatelliteSubsystemsD.a(cspaceADCS.o)
                0x20011914                cspaceADCS_getSensorRates
 .text.cspaceADCS_getWheelSpeed
                0x200119d8       0xc4 C:/HOOPOE3/satellite-subsystems/demo/..//satellite-subsystems/lib\libSatelliteSubsystemsD.a(cspaceADCS.o)
                0x200119d8                cspaceADCS_getWheelSpeed
 .text.cspaceADCS_getMagnetorquerCmd
                0x20011a9c       0xc4 C:/HOOPOE3/satellite-subsystems/demo/..//satellite-subsystems/lib\libSatelliteSubsystemsD.a(cspaceADCS.o)
                0x20011a9c                cspaceADCS_getMagnetorquerCmd
 .text.cspaceADCS_getWheelSpeedCmd
                0x20011b60       0xc4 C:/HOOPOE3/satellite-subsystems/demo/..//satellite-subsystems/lib\libSatelliteSubsystemsD.a(cspaceADCS.o)
                0x20011b60                cspaceADCS_getWheelSpeedCmd
 .text.cspaceADCS_getRawCss1_6Measurements
                0x20011c24       0xc4 C:/HOOPOE3/satellite-subsystems/demo/..//satellite-subsystems/lib\libSatelliteSubsystemsD.a(cspaceADCS.o)
                0x20011c24                cspaceADCS_getRawCss1_6Measurements
 .text.cspaceADCS_getRawCss7_10Measurements
                0x20011ce8       0xc4 C:/HOOPOE3/satellite-subsystems/demo/..//satellite-subsystems/lib\libSatelliteSubsystemsD.a(cspaceADCS.o)
                0x20011ce8                cspaceADCS_getRawCss7_10Measurements
 .text.cspaceADCS_getRawMagnetometerMeas
                0x20011dac       0xc4 C:/HOOPOE3/satellite-subsystems/demo/..//satellite-subsystems/lib\libSatelliteSubsystemsD.a(cspaceADCS.o)
                0x20011dac                cspaceADCS_getRawMagnetometerMeas
 .text.cspaceADCS_getCSenseCurrentMeasurements
                0x20011e70       0xc4 C:/HOOPOE3/satellite-subsystems/demo/..//satellite-subsystems/lib\libSatelliteSubsystemsD.a(cspaceADCS.o)
                0x20011e70                cspaceADCS_getCSenseCurrentMeasurements
 .text.cspaceADCS_getCControlCurrentMeasurements
                0x20011f34       0xc4 C:/HOOPOE3/satellite-subsystems/demo/..//satellite-subsystems/lib\libSatelliteSubsystemsD.a(cspaceADCS.o)
                0x20011f34                cspaceADCS_getCControlCurrentMeasurements
 .text.cspaceADCS_getWheelCurrentsTlm
                0x20011ff8       0xc4 C:/HOOPOE3/satellite-subsystems/demo/..//satellite-subsystems/lib\libSatelliteSubsystemsD.a(cspaceADCS.o)
                0x20011ff8                cspaceADCS_getWheelCurrentsTlm
 .text.cspaceADCS_getADCSTemperatureTlm
                0x200120bc       0xc4 C:/HOOPOE3/satellite-subsystems/demo/..//satellite-subsystems/lib\libSatelliteSubsystemsD.a(cspaceADCS.o)
                0x200120bc                cspaceADCS_getADCSTemperatureTlm
 .text.cspaceADCS_getRateSensorTempTlm
                0x20012180       0xc4 C:/HOOPOE3/satellite-subsystems/demo/..//satellite-subsystems/lib\libSatelliteSubsystemsD.a(cspaceADCS.o)
                0x20012180                cspaceADCS_getRateSensorTempTlm
 .text.cspaceADCS_getRawGpsStatus
                0x20012244       0xc4 C:/HOOPOE3/satellite-subsystems/demo/..//satellite-subsystems/lib\libSatelliteSubsystemsD.a(cspaceADCS.o)
                0x20012244                cspaceADCS_getRawGpsStatus
 .text.cspaceADCS_getRawGpsTime
                0x20012308       0xc4 C:/HOOPOE3/satellite-subsystems/demo/..//satellite-subsystems/lib\libSatelliteSubsystemsD.a(cspaceADCS.o)
                0x20012308                cspaceADCS_getRawGpsTime
 .text.cspaceADCS_getRawGpsX
                0x200123cc       0xc4 C:/HOOPOE3/satellite-subsystems/demo/..//satellite-subsystems/lib\libSatelliteSubsystemsD.a(cspaceADCS.o)
                0x200123cc                cspaceADCS_getRawGpsX
 .text.cspaceADCS_getRawGpsY
                0x20012490       0xc4 C:/HOOPOE3/satellite-subsystems/demo/..//satellite-subsystems/lib\libSatelliteSubsystemsD.a(cspaceADCS.o)
                0x20012490                cspaceADCS_getRawGpsY
 .text.cspaceADCS_getRawGpsZ
                0x20012554       0xc4 C:/HOOPOE3/satellite-subsystems/demo/..//satellite-subsystems/lib\libSatelliteSubsystemsD.a(cspaceADCS.o)
                0x20012554                cspaceADCS_getRawGpsZ
 .text.cspaceADCS_getStateTlm
                0x20012618       0xc4 C:/HOOPOE3/satellite-subsystems/demo/..//satellite-subsystems/lib\libSatelliteSubsystemsD.a(cspaceADCS.o)
                0x20012618                cspaceADCS_getStateTlm
 .text.cspaceADCS_getADCSMeasurements
                0x200126dc       0xc4 C:/HOOPOE3/satellite-subsystems/demo/..//satellite-subsystems/lib\libSatelliteSubsystemsD.a(cspaceADCS.o)
                0x200126dc                cspaceADCS_getADCSMeasurements
 .text.cspaceADCS_getActuatorsCmds
                0x200127a0       0xc4 C:/HOOPOE3/satellite-subsystems/demo/..//satellite-subsystems/lib\libSatelliteSubsystemsD.a(cspaceADCS.o)
                0x200127a0                cspaceADCS_getActuatorsCmds
 .text.cspaceADCS_getEstimationMetadata
                0x20012864       0xc4 C:/HOOPOE3/satellite-subsystems/demo/..//satellite-subsystems/lib\libSatelliteSubsystemsD.a(cspaceADCS.o)
                0x20012864                cspaceADCS_getEstimationMetadata
 .text.cspaceADCS_getStartrackerTLM
                0x20012928       0xc4 C:/HOOPOE3/satellite-subsystems/demo/..//satellite-subsystems/lib\libSatelliteSubsystemsD.a(cspaceADCS.o)
                0x20012928                cspaceADCS_getStartrackerTLM
 .text.cspaceADCS_getRawSensorMeasurements
                0x200129ec       0xc4 C:/HOOPOE3/satellite-subsystems/demo/..//satellite-subsystems/lib\libSatelliteSubsystemsD.a(cspaceADCS.o)
                0x200129ec                cspaceADCS_getRawSensorMeasurements
 .text.cspaceADCS_getPowTempMeasTLM
                0x20012ab0       0xc4 C:/HOOPOE3/satellite-subsystems/demo/..//satellite-subsystems/lib\libSatelliteSubsystemsD.a(cspaceADCS.o)
                0x20012ab0                cspaceADCS_getPowTempMeasTLM
 .text.cspaceADCS_getADCSExcTimes
                0x20012b74       0xc4 C:/HOOPOE3/satellite-subsystems/demo/..//satellite-subsystems/lib\libSatelliteSubsystemsD.a(cspaceADCS.o)
                0x20012b74                cspaceADCS_getADCSExcTimes
 .text.cspaceADCS_getPwrCtrlDevice
                0x20012c38       0xc4 C:/HOOPOE3/satellite-subsystems/demo/..//satellite-subsystems/lib\libSatelliteSubsystemsD.a(cspaceADCS.o)
                0x20012c38                cspaceADCS_getPwrCtrlDevice
 .text.cspaceADCS_getMiscCurrentMeas
                0x20012cfc       0xc4 C:/HOOPOE3/satellite-subsystems/demo/..//satellite-subsystems/lib\libSatelliteSubsystemsD.a(cspaceADCS.o)
                0x20012cfc                cspaceADCS_getMiscCurrentMeas
 .text.cspaceADCS_getCommandedAttitudeAngles
                0x20012dc0       0xc4 C:/HOOPOE3/satellite-subsystems/demo/..//satellite-subsystems/lib\libSatelliteSubsystemsD.a(cspaceADCS.o)
                0x20012dc0                cspaceADCS_getCommandedAttitudeAngles
 .text.cspaceADCS_getADCSRawGPSMeas
                0x20012e84       0xc4 C:/HOOPOE3/satellite-subsystems/demo/..//satellite-subsystems/lib\libSatelliteSubsystemsD.a(cspaceADCS.o)
                0x20012e84                cspaceADCS_getADCSRawGPSMeas
 .text.cspaceADCS_getADCRawRedMag
                0x20012f48       0xc4 C:/HOOPOE3/satellite-subsystems/demo/..//satellite-subsystems/lib\libSatelliteSubsystemsD.a(cspaceADCS.o)
                0x20012f48                cspaceADCS_getADCRawRedMag
 .text.cspaceADCS_getACPExecutionState
                0x2001300c       0xc4 C:/HOOPOE3/satellite-subsystems/demo/..//satellite-subsystems/lib\libSatelliteSubsystemsD.a(cspaceADCS.o)
                0x2001300c                cspaceADCS_getACPExecutionState
 .text.cspaceADCS_getADCSConfiguration
                0x200130d0       0xc4 C:/HOOPOE3/satellite-subsystems/demo/..//satellite-subsystems/lib\libSatelliteSubsystemsD.a(cspaceADCS.o)
                0x200130d0                cspaceADCS_getADCSConfiguration
 .text.cspaceADCS_getSGP4OrbitParameters
                0x20013194       0xc4 C:/HOOPOE3/satellite-subsystems/demo/..//satellite-subsystems/lib\libSatelliteSubsystemsD.a(cspaceADCS.o)
                0x20013194                cspaceADCS_getSGP4OrbitParameters
 .text.fn_init  0x20013258      0x2e0 C:/HOOPOE3/satellite-subsystems/demo/../..//hal/hcc/lib\libHCCD.a(fat_common.o)
                0x20013258                fn_init
 .text._f_get16bitl
                0x20013538       0x4c C:/HOOPOE3/satellite-subsystems/demo/../..//hal/hcc/lib\libHCCD.a(fat_common.o)
                0x20013538                _f_get16bitl
 .text._f_set16bitl
                0x20013584       0x54 C:/HOOPOE3/satellite-subsystems/demo/../..//hal/hcc/lib\libHCCD.a(fat_common.o)
                0x20013584                _f_set16bitl
 .text._f_get32bitl
                0x200135d8       0x68 C:/HOOPOE3/satellite-subsystems/demo/../..//hal/hcc/lib\libHCCD.a(fat_common.o)
                0x200135d8                _f_get32bitl
 .text._f_set32bitl
                0x20013640       0x78 C:/HOOPOE3/satellite-subsystems/demo/../..//hal/hcc/lib\libHCCD.a(fat_common.o)
                0x20013640                _f_set32bitl
 .text._get8bit
                0x200136b8       0xa0 C:/HOOPOE3/satellite-subsystems/demo/../..//hal/hcc/lib\libHCCD.a(fat_common.o)
 .text._get16bitl
                0x20013758       0x40 C:/HOOPOE3/satellite-subsystems/demo/../..//hal/hcc/lib\libHCCD.a(fat_common.o)
 .text._get32bitl
                0x20013798       0x3c C:/HOOPOE3/satellite-subsystems/demo/../..//hal/hcc/lib\libHCCD.a(fat_common.o)
 .text._f_setcardremoved
                0x200137d4       0x94 C:/HOOPOE3/satellite-subsystems/demo/../..//hal/hcc/lib\libHCCD.a(fat_common.o)
 .text._f_checkstatus
                0x20013868      0x104 C:/HOOPOE3/satellite-subsystems/demo/../..//hal/hcc/lib\libHCCD.a(fat_common.o)
                0x20013868                _f_checkstatus
 .text._f_drvgetphy
                0x2001396c      0x114 C:/HOOPOE3/satellite-subsystems/demo/../..//hal/hcc/lib\libHCCD.a(fat_common.o)
 .text._f_drvwritesector
                0x20013a80       0xdc C:/HOOPOE3/satellite-subsystems/demo/../..//hal/hcc/lib\libHCCD.a(fat_common.o)
 .text._f_drvreadsector
                0x20013b5c       0xa8 C:/HOOPOE3/satellite-subsystems/demo/../..//hal/hcc/lib\libHCCD.a(fat_common.o)
 .text._f_writesector
                0x20013c04      0x23c C:/HOOPOE3/satellite-subsystems/demo/../..//hal/hcc/lib\libHCCD.a(fat_common.o)
                0x20013c04                _f_writesector
 .text._f_readsector
                0x20013e40      0x1dc C:/HOOPOE3/satellite-subsystems/demo/../..//hal/hcc/lib\libHCCD.a(fat_common.o)
                0x20013e40                _f_readsector
 .text._f_getmaxcluster
                0x2001401c       0x94 C:/HOOPOE3/satellite-subsystems/demo/../..//hal/hcc/lib\libHCCD.a(fat_common.o)
                0x2001401c                _f_getmaxcluster
 .text._getsectorfromcluster
                0x200140b0       0x68 C:/HOOPOE3/satellite-subsystems/demo/../..//hal/hcc/lib\libHCCD.a(fat_common.o)
 .text._f_buildsectors
                0x20014118      0x268 C:/HOOPOE3/satellite-subsystems/demo/../..//hal/hcc/lib\libHCCD.a(fat_common.o)
 .text._f_getbootrecord
                0x20014380      0x5e4 C:/HOOPOE3/satellite-subsystems/demo/../..//hal/hcc/lib\libHCCD.a(fat_common.o)
 .text._f_readbootrecord
                0x20014964      0x4f8 C:/HOOPOE3/satellite-subsystems/demo/../..//hal/hcc/lib\libHCCD.a(fat_common.o)
 .text._f_flushcffiles
                0x20014e5c      0x17c C:/HOOPOE3/satellite-subsystems/demo/../..//hal/hcc/lib\libHCCD.a(fat_common.o)
                0x20014e5c                _f_flushcffiles
 .text._f_fatcache_flush
                0x20014fd8      0x270 C:/HOOPOE3/satellite-subsystems/demo/../..//hal/hcc/lib\libHCCD.a(fat_common.o)
                0x20014fd8                _f_fatcache_flush
 .text._f_writefatsector
                0x20015248      0x100 C:/HOOPOE3/satellite-subsystems/demo/../..//hal/hcc/lib\libHCCD.a(fat_common.o)
                0x20015248                _f_writefatsector
 .text._f_getfatsector
                0x20015348      0x3bc C:/HOOPOE3/satellite-subsystems/demo/../..//hal/hcc/lib\libHCCD.a(fat_common.o)
 .text._f_setclustervalue
                0x20015704      0x490 C:/HOOPOE3/satellite-subsystems/demo/../..//hal/hcc/lib\libHCCD.a(fat_common.o)
                0x20015704                _f_setclustervalue
 .text._f_getclustervalue
                0x20015b94      0x388 C:/HOOPOE3/satellite-subsystems/demo/../..//hal/hcc/lib\libHCCD.a(fat_common.o)
                0x20015b94                _f_getclustervalue
 .text._f_close_drive_files
                0x20015f1c       0xac C:/HOOPOE3/satellite-subsystems/demo/../..//hal/hcc/lib\libHCCD.a(fat_common.o)
 .text._f_inc_mount_count
                0x20015fc8       0xa4 C:/HOOPOE3/satellite-subsystems/demo/../..//hal/hcc/lib\libHCCD.a(fat_common.o)
 .text._f_getvolume
                0x2001606c      0x2f8 C:/HOOPOE3/satellite-subsystems/demo/../..//hal/hcc/lib\libHCCD.a(fat_common.o)
                0x2001606c                _f_getvolume
 .text.fn_createdriver
                0x20016364      0x118 C:/HOOPOE3/satellite-subsystems/demo/../..//hal/hcc/lib\libHCCD.a(fat_common.o)
                0x20016364                fn_createdriver
 .text.fn_initvolume
                0x2001647c      0x12c C:/HOOPOE3/satellite-subsystems/demo/../..//hal/hcc/lib\libHCCD.a(fat_common.o)
                0x2001647c                fn_initvolume
 .text.fn_initvolumepartition_sub
                0x200165a8       0xe0 C:/HOOPOE3/satellite-subsystems/demo/../..//hal/hcc/lib\libHCCD.a(fat_common.o)
 .text.fn_initvolumepartition
                0x20016688       0xac C:/HOOPOE3/satellite-subsystems/demo/../..//hal/hcc/lib\libHCCD.a(fat_common.o)
                0x20016688                fn_initvolumepartition
 .text._f_clustertopos
                0x20016734       0xf8 C:/HOOPOE3/satellite-subsystems/demo/../..//hal/hcc/lib\libHCCD.a(fat_common.o)
                0x20016734                _f_clustertopos
 .text._f_getcurrsector
                0x2001682c      0x6c8 C:/HOOPOE3/satellite-subsystems/demo/../..//hal/hcc/lib\libHCCD.a(fat_common.o)
                0x2001682c                _f_getcurrsector
 .text._f_getdecluster
                0x20016ef4       0x90 C:/HOOPOE3/satellite-subsystems/demo/../..//hal/hcc/lib\libHCCD.a(fat_common.o)
                0x20016ef4                _f_getdecluster
 .text._f_setdecluster
                0x20016f84       0x8c C:/HOOPOE3/satellite-subsystems/demo/../..//hal/hcc/lib\libHCCD.a(fat_common.o)
                0x20016f84                _f_setdecluster
 .text.fn_getdrive
                0x20017010       0x30 C:/HOOPOE3/satellite-subsystems/demo/../..//hal/hcc/lib\libHCCD.a(fat_common.o)
                0x20017010                fn_getdrive
 .text._f_getcurrenttimedate
                0x20017040      0x138 C:/HOOPOE3/satellite-subsystems/demo/../..//hal/hcc/lib\libHCCD.a(fat_common.o)
                0x20017040                _f_getcurrenttimedate
 .text._f_initentry
                0x20017178       0xa0 C:/HOOPOE3/satellite-subsystems/demo/../..//hal/hcc/lib\libHCCD.a(fat_common.o)
                0x20017178                _f_initentry
 .text._f_alloccluster
                0x20017218      0x344 C:/HOOPOE3/satellite-subsystems/demo/../..//hal/hcc/lib\libHCCD.a(fat_common.o)
                0x20017218                _f_alloccluster
 .text._f_dobadblock
                0x2001755c      0x2cc C:/HOOPOE3/satellite-subsystems/demo/../..//hal/hcc/lib\libHCCD.a(fat_common.o)
                0x2001755c                _f_dobadblock
 .text._f_checklocked
                0x20017828       0xe4 C:/HOOPOE3/satellite-subsystems/demo/../..//hal/hcc/lib\libHCCD.a(fat_common.o)
                0x20017828                _f_checklocked
 .text._f_checkappendlocked
                0x2001790c      0x110 C:/HOOPOE3/satellite-subsystems/demo/../..//hal/hcc/lib\libHCCD.a(fat_common.o)
                0x2001790c                _f_checkappendlocked
 .text._f_setsyncafile
                0x20017a1c      0x114 C:/HOOPOE3/satellite-subsystems/demo/../..//hal/hcc/lib\libHCCD.a(fat_common.o)
                0x20017a1c                _f_setsyncafile
 .text._f_syncfiles
                0x20017b30      0x128 C:/HOOPOE3/satellite-subsystems/demo/../..//hal/hcc/lib\libHCCD.a(fat_common.o)
                0x20017b30                _f_syncfiles
 .text._f_syncfilescontent
                0x20017c58      0x15c C:/HOOPOE3/satellite-subsystems/demo/../..//hal/hcc/lib\libHCCD.a(fat_common.o)
 .text.fn_getfreespace
                0x20017db4      0x4c0 C:/HOOPOE3/satellite-subsystems/demo/../..//hal/hcc/lib\libHCCD.a(fat_common.o)
                0x20017db4                fn_getfreespace
 .text._f_emptywritecache
                0x20018274      0x4a4 C:/HOOPOE3/satellite-subsystems/demo/../..//hal/hcc/lib\libHCCD.a(fat_common.o)
 .text._f_allocnextcluster
                0x20018718      0x54c C:/HOOPOE3/satellite-subsystems/demo/../..//hal/hcc/lib\libHCCD.a(fat_common.o)
 .text._f_emptywritebuffer
                0x20018c64      0x20c C:/HOOPOE3/satellite-subsystems/demo/../..//hal/hcc/lib\libHCCD.a(fat_common.o)
 .text._f_writezeros
                0x20018e70       0xf0 C:/HOOPOE3/satellite-subsystems/demo/../..//hal/hcc/lib\libHCCD.a(fat_common.o)
                0x20018e70                _f_writezeros
 .text._f_extend_file
                0x20018f60      0x570 C:/HOOPOE3/satellite-subsystems/demo/../..//hal/hcc/lib\libHCCD.a(fat_common.o)
 .text._f_fseek
                0x200194d0      0x9bc C:/HOOPOE3/satellite-subsystems/demo/../..//hal/hcc/lib\libHCCD.a(fat_common.o)
                0x200194d0                _f_fseek
 .text._f_removechain
                0x20019e8c      0x104 C:/HOOPOE3/satellite-subsystems/demo/../..//hal/hcc/lib\libHCCD.a(fat_common.o)
                0x20019e8c                _f_removechain
 .text._f_updatefileentry
                0x20019f90      0x1cc C:/HOOPOE3/satellite-subsystems/demo/../..//hal/hcc/lib\libHCCD.a(fat_common.o)
 .text._f_checkreadlocked
                0x2001a15c      0x1bc C:/HOOPOE3/satellite-subsystems/demo/../..//hal/hcc/lib\libHCCD.a(fat_common.o)
                0x2001a15c                _f_checkreadlocked
 .text._f_check_handle
                0x2001a318       0x98 C:/HOOPOE3/satellite-subsystems/demo/../..//hal/hcc/lib\libHCCD.a(fat_common.o)
                0x2001a318                _f_check_handle
 .text._f_removesyncafile
                0x2001a3b0      0x1ec C:/HOOPOE3/satellite-subsystems/demo/../..//hal/hcc/lib\libHCCD.a(fat_common.o)
 .text.fn_close
                0x2001a59c      0x3f8 C:/HOOPOE3/satellite-subsystems/demo/../..//hal/hcc/lib\libHCCD.a(fat_common.o)
                0x2001a59c                fn_close
 .text.fn_flush
                0x2001a994      0x374 C:/HOOPOE3/satellite-subsystems/demo/../..//hal/hcc/lib\libHCCD.a(fat_common.o)
                0x2001a994                fn_flush
 .text._f_abortwrite
                0x2001ad08      0x100 C:/HOOPOE3/satellite-subsystems/demo/../..//hal/hcc/lib\libHCCD.a(fat_common.o)
 .text._f_checkwritecluster
                0x2001ae08       0xe4 C:/HOOPOE3/satellite-subsystems/demo/../..//hal/hcc/lib\libHCCD.a(fat_common.o)
 .text.fn_write
                0x2001aeec      0x8a8 C:/HOOPOE3/satellite-subsystems/demo/../..//hal/hcc/lib\libHCCD.a(fat_common.o)
                0x2001aeec                fn_write
 .text.f_enterFS
                0x2001b794      0x1c0 C:/HOOPOE3/satellite-subsystems/demo/../..//hal/hcc/lib\libHCCD.a(fat_common.o)
                0x2001b794                f_enterFS
 .text.fnGetTask
                0x2001b954       0xfc C:/HOOPOE3/satellite-subsystems/demo/../..//hal/hcc/lib\libHCCD.a(fat_common.o)
                0x2001b954                fnGetTask
 .text._f_mutex_get
                0x2001ba50       0x98 C:/HOOPOE3/satellite-subsystems/demo/../..//hal/hcc/lib\libHCCD.a(fat_common.o)
                0x2001ba50                _f_mutex_get
 .text._f_mutex_put
                0x2001bae8       0x54 C:/HOOPOE3/satellite-subsystems/demo/../..//hal/hcc/lib\libHCCD.a(fat_common.o)
                0x2001bae8                _f_mutex_put
 .text._fn_initseekdivisor
                0x2001bb3c      0x158 C:/HOOPOE3/satellite-subsystems/demo/../..//hal/hcc/lib\libHCCD.a(fat_common.o)
                0x2001bb3c                _fn_initseekdivisor
 .text._fn_updateseekpos
                0x2001bc94       0xc4 C:/HOOPOE3/satellite-subsystems/demo/../..//hal/hcc/lib\libHCCD.a(fat_common.o)
 .text._f_findopensize
                0x2001bd58       0x2c C:/HOOPOE3/satellite-subsystems/demo/../..//hal/hcc/lib\libHCCD.a(fat_common.o)
                0x2001bd58                _f_findopensize
 .text.fn_setlasterror
                0x2001bd84       0x34 C:/HOOPOE3/satellite-subsystems/demo/../..//hal/hcc/lib\libHCCD.a(fat_common.o)
                0x2001bd84                fn_setlasterror
 .text.fn_setlasterror_noret
                0x2001bdb8       0x2c C:/HOOPOE3/satellite-subsystems/demo/../..//hal/hcc/lib\libHCCD.a(fat_common.o)
                0x2001bdb8                fn_setlasterror_noret
 .text.fm_initvolume
                0x2001bde4       0x70 C:/HOOPOE3/satellite-subsystems/demo/../..//hal/hcc/lib\libHCCD.a(fat_m.o)
                0x2001bde4                fm_initvolume
 .text.fm_getdrive
                0x2001be54       0x70 C:/HOOPOE3/satellite-subsystems/demo/../..//hal/hcc/lib\libHCCD.a(fat_m.o)
                0x2001be54                fm_getdrive
 .text.fm_getfreespace
                0x2001bec4       0x68 C:/HOOPOE3/satellite-subsystems/demo/../..//hal/hcc/lib\libHCCD.a(fat_m.o)
                0x2001bec4                fm_getfreespace
 .text.fm_findfirst
                0x2001bf2c       0x68 C:/HOOPOE3/satellite-subsystems/demo/../..//hal/hcc/lib\libHCCD.a(fat_m.o)
                0x2001bf2c                fm_findfirst
 .text.fm_findnext
                0x2001bf94       0x60 C:/HOOPOE3/satellite-subsystems/demo/../..//hal/hcc/lib\libHCCD.a(fat_m.o)
                0x2001bf94                fm_findnext
 .text.fm_close
                0x2001bff4       0x60 C:/HOOPOE3/satellite-subsystems/demo/../..//hal/hcc/lib\libHCCD.a(fat_m.o)
                0x2001bff4                fm_close
 .text.fm_flush
                0x2001c054       0x60 C:/HOOPOE3/satellite-subsystems/demo/../..//hal/hcc/lib\libHCCD.a(fat_m.o)
                0x2001c054                fm_flush
 .text.fm_open  0x2001c0b4       0x68 C:/HOOPOE3/satellite-subsystems/demo/../..//hal/hcc/lib\libHCCD.a(fat_m.o)
                0x2001c0b4                fm_open
 .text.fm_write
                0x2001c11c       0x7c C:/HOOPOE3/satellite-subsystems/demo/../..//hal/hcc/lib\libHCCD.a(fat_m.o)
                0x2001c11c                fm_write
 .text.fm_delete
                0x2001c198       0x64 C:/HOOPOE3/satellite-subsystems/demo/../..//hal/hcc/lib\libHCCD.a(fat_m.o)
                0x2001c198                fm_delete
 .text.fm_getlasterror
                0x2001c1fc       0x40 C:/HOOPOE3/satellite-subsystems/demo/../..//hal/hcc/lib\libHCCD.a(fat_m.o)
                0x2001c1fc                fm_getlasterror
 .text._s_checkzeroclusteratend
                0x2001c23c       0xf8 C:/HOOPOE3/satellite-subsystems/demo/../..//hal/hcc/lib\libHCCD.a(safefat.o)
 .text._s_clearclustercontent
                0x2001c334      0x108 C:/HOOPOE3/satellite-subsystems/demo/../..//hal/hcc/lib\libHCCD.a(safefat.o)
 .text._s_clearclustercontentdir
                0x2001c43c      0x19c C:/HOOPOE3/satellite-subsystems/demo/../..//hal/hcc/lib\libHCCD.a(safefat.o)
 .text._s_writedirsector
                0x2001c5d8       0xd0 C:/HOOPOE3/satellite-subsystems/demo/../..//hal/hcc/lib\libHCCD.a(safefat.o)
 .text._s_getdirsector
                0x2001c6a8      0x100 C:/HOOPOE3/satellite-subsystems/demo/../..//hal/hcc/lib\libHCCD.a(safefat.o)
 .text._s_addentry
                0x2001c7a8      0x394 C:/HOOPOE3/satellite-subsystems/demo/../..//hal/hcc/lib\libHCCD.a(safefat.o)
 .text._s_findfile
                0x2001cb3c      0x33c C:/HOOPOE3/satellite-subsystems/demo/../..//hal/hcc/lib\libHCCD.a(safefat.o)
 .text._s_findsubdir
                0x2001ce78      0x248 C:/HOOPOE3/satellite-subsystems/demo/../..//hal/hcc/lib\libHCCD.a(safefat.o)
 .text._s_createfile
                0x2001d0c0      0x190 C:/HOOPOE3/satellite-subsystems/demo/../..//hal/hcc/lib\libHCCD.a(safefat.o)
 .text._s_findsaffile
                0x2001d250      0x1b8 C:/HOOPOE3/satellite-subsystems/demo/../..//hal/hcc/lib\libHCCD.a(safefat.o)
 .text._s_open  0x2001d408       0xe4 C:/HOOPOE3/satellite-subsystems/demo/../..//hal/hcc/lib\libHCCD.a(safefat.o)
 .text._s_open_saf
                0x2001d4ec       0xe8 C:/HOOPOE3/satellite-subsystems/demo/../..//hal/hcc/lib\libHCCD.a(safefat.o)
 .text._s_flush
                0x2001d5d4       0x84 C:/HOOPOE3/satellite-subsystems/demo/../..//hal/hcc/lib\libHCCD.a(safefat.o)
 .text._s_allocnextcluster
                0x2001d658      0x13c C:/HOOPOE3/satellite-subsystems/demo/../..//hal/hcc/lib\libHCCD.a(safefat.o)
 .text._s_getnextsector
                0x2001d794       0xdc C:/HOOPOE3/satellite-subsystems/demo/../..//hal/hcc/lib\libHCCD.a(safefat.o)
 .text._s_seek  0x2001d870      0x1e8 C:/HOOPOE3/satellite-subsystems/demo/../..//hal/hcc/lib\libHCCD.a(safefat.o)
 .text._s_read  0x2001da58      0x228 C:/HOOPOE3/satellite-subsystems/demo/../..//hal/hcc/lib\libHCCD.a(safefat.o)
 .text._s_write
                0x2001dc80      0x384 C:/HOOPOE3/satellite-subsystems/demo/../..//hal/hcc/lib\libHCCD.a(safefat.o)
 .text._s_restoreclusters
                0x2001e004      0x270 C:/HOOPOE3/satellite-subsystems/demo/../..//hal/hcc/lib\libHCCD.a(safefat.o)
                0x2001e004                _s_restoreclusters
 .text._s_findrestore
                0x2001e274      0x18c C:/HOOPOE3/satellite-subsystems/demo/../..//hal/hcc/lib\libHCCD.a(safefat.o)
 .text._s_cmd_writede
                0x2001e400       0xd8 C:/HOOPOE3/satellite-subsystems/demo/../..//hal/hcc/lib\libHCCD.a(safefat.o)
 .text._s_cmd_setcluster
                0x2001e4d8       0x88 C:/HOOPOE3/satellite-subsystems/demo/../..//hal/hcc/lib\libHCCD.a(safefat.o)
 .text._s_cmd_deletechain
                0x2001e560      0x100 C:/HOOPOE3/satellite-subsystems/demo/../..//hal/hcc/lib\libHCCD.a(safefat.o)
 .text._s_cmd_validatecfn
                0x2001e660      0x308 C:/HOOPOE3/satellite-subsystems/demo/../..//hal/hcc/lib\libHCCD.a(safefat.o)
 .text._s_cmd_seteof
                0x2001e968      0x3c4 C:/HOOPOE3/satellite-subsystems/demo/../..//hal/hcc/lib\libHCCD.a(safefat.o)
 .text.safe_docommands
                0x2001ed2c      0x56c C:/HOOPOE3/satellite-subsystems/demo/../..//hal/hcc/lib\libHCCD.a(safefat.o)
                0x2001ed2c                safe_docommands
 .text.safe_entercommand
                0x2001f298       0x68 C:/HOOPOE3/satellite-subsystems/demo/../..//hal/hcc/lib\libHCCD.a(safefat.o)
                0x2001f298                safe_entercommand
 .text.safe_ready
                0x2001f300       0xf4 C:/HOOPOE3/satellite-subsystems/demo/../..//hal/hcc/lib\libHCCD.a(safefat.o)
                0x2001f300                safe_ready
 .text.safe_copycfn
                0x2001f3f4       0xb8 C:/HOOPOE3/satellite-subsystems/demo/../..//hal/hcc/lib\libHCCD.a(safefat.o)
                0x2001f3f4                safe_copycfn
 .text.safe_cfremove
                0x2001f4ac       0xb8 C:/HOOPOE3/satellite-subsystems/demo/../..//hal/hcc/lib\libHCCD.a(safefat.o)
                0x2001f4ac                safe_cfremove
 .text.safe_writede
                0x2001f564      0x104 C:/HOOPOE3/satellite-subsystems/demo/../..//hal/hcc/lib\libHCCD.a(safefat.o)
                0x2001f564                safe_writede
 .text.safe_setcluster
                0x2001f668       0xcc C:/HOOPOE3/satellite-subsystems/demo/../..//hal/hcc/lib\libHCCD.a(safefat.o)
                0x2001f668                safe_setcluster
 .text.safe_deletechain
                0x2001f734      0x1c8 C:/HOOPOE3/satellite-subsystems/demo/../..//hal/hcc/lib\libHCCD.a(safefat.o)
                0x2001f734                safe_deletechain
 .text.safe_cfclose
                0x2001f8fc      0x104 C:/HOOPOE3/satellite-subsystems/demo/../..//hal/hcc/lib\libHCCD.a(safefat.o)
                0x2001f8fc                safe_cfclose
 .text.safe_cfflush
                0x2001fa00      0x124 C:/HOOPOE3/satellite-subsystems/demo/../..//hal/hcc/lib\libHCCD.a(safefat.o)
                0x2001fa00                safe_cfflush
 .text.safe_reset
                0x2001fb24       0x78 C:/HOOPOE3/satellite-subsystems/demo/../..//hal/hcc/lib\libHCCD.a(safefat.o)
                0x2001fb24                safe_reset
 .text.safe_loadcommands
                0x2001fb9c       0x78 C:/HOOPOE3/satellite-subsystems/demo/../..//hal/hcc/lib\libHCCD.a(safefat.o)
                0x2001fb9c                safe_loadcommands
 .text.safe_poweron
                0x2001fc14      0x1fc C:/HOOPOE3/satellite-subsystems/demo/../..//hal/hcc/lib\libHCCD.a(safefat.o)
                0x2001fc14                safe_poweron
 .text.cf_getname
                0x2001fe10       0xc0 C:/HOOPOE3/satellite-subsystems/demo/../..//hal/hcc/lib\libHCCD.a(safefat.o)
 .text.cf_copyclusterchain
                0x2001fed0      0x138 C:/HOOPOE3/satellite-subsystems/demo/../..//hal/hcc/lib\libHCCD.a(safefat.o)
 .text.cf_seektozero
                0x20020008       0x94 C:/HOOPOE3/satellite-subsystems/demo/../..//hal/hcc/lib\libHCCD.a(safefat.o)
                0x20020008                cf_seektozero
 .text.cf_create
                0x2002009c      0x3a8 C:/HOOPOE3/satellite-subsystems/demo/../..//hal/hcc/lib\libHCCD.a(safefat.o)
                0x2002009c                cf_create
 .text.cf_copyclustercontent
                0x20020444      0x128 C:/HOOPOE3/satellite-subsystems/demo/../..//hal/hcc/lib\libHCCD.a(safefat.o)
                0x20020444                cf_copyclustercontent
 .text.cf_copycfn
                0x2002056c      0x4bc C:/HOOPOE3/satellite-subsystems/demo/../..//hal/hcc/lib\libHCCD.a(safefat.o)
                0x2002056c                cf_copycfn
 .text.cf_remove
                0x20020a28      0x344 C:/HOOPOE3/satellite-subsystems/demo/../..//hal/hcc/lib\libHCCD.a(safefat.o)
                0x20020a28                cf_remove
 .text.cf_setclusternew
                0x20020d6c       0xf0 C:/HOOPOE3/satellite-subsystems/demo/../..//hal/hcc/lib\libHCCD.a(safefat.o)
                0x20020d6c                cf_setclusternew
 .text.cf_flush
                0x20020e5c       0x58 C:/HOOPOE3/satellite-subsystems/demo/../..//hal/hcc/lib\libHCCD.a(safefat.o)
                0x20020e5c                cf_flush
 .text.cf_getcluster
                0x20020eb4      0x1b4 C:/HOOPOE3/satellite-subsystems/demo/../..//hal/hcc/lib\libHCCD.a(safefat.o)
                0x20020eb4                cf_getcluster
 .text.cf_setnextcluster
                0x20021068      0x194 C:/HOOPOE3/satellite-subsystems/demo/../..//hal/hcc/lib\libHCCD.a(safefat.o)
                0x20021068                cf_setnextcluster
 .text.cf_getpositions
                0x200211fc       0xbc C:/HOOPOE3/satellite-subsystems/demo/../..//hal/hcc/lib\libHCCD.a(safefat.o)
                0x200211fc                cf_getpositions
 .text.cf_setpositions
                0x200212b8       0xb0 C:/HOOPOE3/satellite-subsystems/demo/../..//hal/hcc/lib\libHCCD.a(safefat.o)
                0x200212b8                cf_setpositions
 .text.cf_opensyncafile
                0x20021368      0x150 C:/HOOPOE3/satellite-subsystems/demo/../..//hal/hcc/lib\libHCCD.a(safefat.o)
                0x20021368                cf_opensyncafile
 .text.cf_reloadcfo
                0x200214b8       0xd8 C:/HOOPOE3/satellite-subsystems/demo/../..//hal/hcc/lib\libHCCD.a(safefat.o)
                0x200214b8                cf_reloadcfo
 .text.mcipdc_cmd
                0x20021590      0x22c C:/HOOPOE3/satellite-subsystems/demo/../..//hal/hcc/lib\libHCCD.a(atmel_mcipdc.o)
 .text.mcipdc_stop
                0x200217bc       0xfc C:/HOOPOE3/satellite-subsystems/demo/../..//hal/hcc/lib\libHCCD.a(atmel_mcipdc.o)
                0x200217bc                mcipdc_stop
 .text.mcipdc_read
                0x200218b8      0x27c C:/HOOPOE3/satellite-subsystems/demo/../..//hal/hcc/lib\libHCCD.a(atmel_mcipdc.o)
 .text.mcipdc_write
                0x20021b34      0x298 C:/HOOPOE3/satellite-subsystems/demo/../..//hal/hcc/lib\libHCCD.a(atmel_mcipdc.o)
 .text.mcipdc_readsector
                0x20021dcc       0x9c C:/HOOPOE3/satellite-subsystems/demo/../..//hal/hcc/lib\libHCCD.a(atmel_mcipdc.o)
                0x20021dcc                mcipdc_readsector
 .text.mcipdc_readmultiplesector
                0x20021e68      0x124 C:/HOOPOE3/satellite-subsystems/demo/../..//hal/hcc/lib\libHCCD.a(atmel_mcipdc.o)
                0x20021e68                mcipdc_readmultiplesector
 .text.mcipdc_writesector
                0x20021f8c       0x90 C:/HOOPOE3/satellite-subsystems/demo/../..//hal/hcc/lib\libHCCD.a(atmel_mcipdc.o)
                0x20021f8c                mcipdc_writesector
 .text.mcipdc_writemultiplesector
                0x2002201c      0x120 C:/HOOPOE3/satellite-subsystems/demo/../..//hal/hcc/lib\libHCCD.a(atmel_mcipdc.o)
                0x2002201c                mcipdc_writemultiplesector
 .text.mcipdc_set_speed
                0x2002213c       0xb0 C:/HOOPOE3/satellite-subsystems/demo/../..//hal/hcc/lib\libHCCD.a(atmel_mcipdc.o)
 .text.mcipdc_get_speed
                0x200221ec       0x48 C:/HOOPOE3/satellite-subsystems/demo/../..//hal/hcc/lib\libHCCD.a(atmel_mcipdc.o)
 .text._get_csd_bits
                0x20022234      0x14c C:/HOOPOE3/satellite-subsystems/demo/../..//hal/hcc/lib\libHCCD.a(atmel_mcipdc.o)
 .text.mcipdc_initcard
                0x20022380      0x8f4 C:/HOOPOE3/satellite-subsystems/demo/../..//hal/hcc/lib\libHCCD.a(atmel_mcipdc.o)
 .text.mcipdc_getstatus
                0x20022c74       0xe8 C:/HOOPOE3/satellite-subsystems/demo/../..//hal/hcc/lib\libHCCD.a(atmel_mcipdc.o)
 .text.mcipdc_getphy
                0x20022d5c       0x90 C:/HOOPOE3/satellite-subsystems/demo/../..//hal/hcc/lib\libHCCD.a(atmel_mcipdc.o)
 .text.mcipdc_release
                0x20022dec       0x50 C:/HOOPOE3/satellite-subsystems/demo/../..//hal/hcc/lib\libHCCD.a(atmel_mcipdc.o)
 .text.atmel_mcipdc_initfunc
                0x20022e3c      0x160 C:/HOOPOE3/satellite-subsystems/demo/../..//hal/hcc/lib\libHCCD.a(atmel_mcipdc.o)
                0x20022e3c                atmel_mcipdc_initfunc
 .text.oal_mutex_create
                0x20022f9c       0x54 C:/HOOPOE3/satellite-subsystems/demo/../..//hal/hcc/lib\libHCCD.a(oalp_mutex.o)
                0x20022f9c                oal_mutex_create
 .text.oal_mutex_delete
                0x20022ff0       0x30 C:/HOOPOE3/satellite-subsystems/demo/../..//hal/hcc/lib\libHCCD.a(oalp_mutex.o)
                0x20022ff0                oal_mutex_delete
 .text.oal_mutex_get
                0x20023020       0x58 C:/HOOPOE3/satellite-subsystems/demo/../..//hal/hcc/lib\libHCCD.a(oalp_mutex.o)
                0x20023020                oal_mutex_get
 .text.oal_mutex_put
                0x20023078       0x58 C:/HOOPOE3/satellite-subsystems/demo/../..//hal/hcc/lib\libHCCD.a(oalp_mutex.o)
                0x20023078                oal_mutex_put
 .text.oal_task_get_id
                0x200230d0       0x18 C:/HOOPOE3/satellite-subsystems/demo/../..//hal/hcc/lib\libHCCD.a(oalp_task.o)
                0x200230d0                oal_task_get_id
 .text.mcipdc_hw_init
                0x200230e8       0xe8 C:/HOOPOE3/satellite-subsystems/demo/../..//hal/hcc/lib\libHCCD.a(atmel_mcipdc_hw.o)
                0x200230e8                mcipdc_hw_init
 .text.mcipdc_hw_delete
                0x200231d0       0x78 C:/HOOPOE3/satellite-subsystems/demo/../..//hal/hcc/lib\libHCCD.a(atmel_mcipdc_hw.o)
                0x200231d0                mcipdc_hw_delete
 .text.mcipdc_hw_card_plugged
                0x20023248       0x1c C:/HOOPOE3/satellite-subsystems/demo/../..//hal/hcc/lib\libHCCD.a(atmel_mcipdc_hw.o)
                0x20023248                mcipdc_hw_card_plugged
 .text.mcipdc_hw_card_writeprotect
                0x20023264       0x1c C:/HOOPOE3/satellite-subsystems/demo/../..//hal/hcc/lib\libHCCD.a(atmel_mcipdc_hw.o)
                0x20023264                mcipdc_hw_card_writeprotect
 .text.psp_getcurrenttimedate
                0x20023280       0x8c C:/HOOPOE3/satellite-subsystems/demo/../..//hal/hcc/lib\libHCCD.a(psp_rtc.o)
                0x20023280                psp_getcurrenttimedate
 .text._hcc_get_buf_dsc
                0x2002330c       0x8c C:/HOOPOE3/satellite-subsystems/demo/../..//hal/hcc/lib\libHCCD.a(hcc_mem.o)
 .text._hcc_check_free_pages
                0x20023398      0x18c C:/HOOPOE3/satellite-subsystems/demo/../..//hal/hcc/lib\libHCCD.a(hcc_mem.o)
 .text._hcc_mark_pages
                0x20023524      0x158 C:/HOOPOE3/satellite-subsystems/demo/../..//hal/hcc/lib\libHCCD.a(hcc_mem.o)
 .text._hcc_clear_lock_dsc
                0x2002367c       0x80 C:/HOOPOE3/satellite-subsystems/demo/../..//hal/hcc/lib\libHCCD.a(hcc_mem.o)
 .text._hcc_lock_access
                0x200236fc      0x128 C:/HOOPOE3/satellite-subsystems/demo/../..//hal/hcc/lib\libHCCD.a(hcc_mem.o)
 .text._hcc_unlock_access
                0x20023824       0x30 C:/HOOPOE3/satellite-subsystems/demo/../..//hal/hcc/lib\libHCCD.a(hcc_mem.o)
 .text.hcc_mem_alloc
                0x20023854      0x454 C:/HOOPOE3/satellite-subsystems/demo/../..//hal/hcc/lib\libHCCD.a(hcc_mem.o)
                0x20023854                hcc_mem_alloc
 .text.hcc_mem_free
                0x20023ca8      0x178 C:/HOOPOE3/satellite-subsystems/demo/../..//hal/hcc/lib\libHCCD.a(hcc_mem.o)
                0x20023ca8                hcc_mem_free
 .text.hcc_mem_add
                0x20023e20      0x3b0 C:/HOOPOE3/satellite-subsystems/demo/../..//hal/hcc/lib\libHCCD.a(hcc_mem.o)
                0x20023e20                hcc_mem_add
 .text.hcc_mem_init
                0x200241d0      0x164 C:/HOOPOE3/satellite-subsystems/demo/../..//hal/hcc/lib\libHCCD.a(hcc_mem.o)
                0x200241d0                hcc_mem_init
 .text._f_invalidatedir
                0x20024334       0x28 C:/HOOPOE3/satellite-subsystems/demo/../..//hal/hcc/lib\libHCCD.a(fat.o)
                0x20024334                _f_invalidatedir
 .text._f_getdirsector
                0x2002435c       0x88 C:/HOOPOE3/satellite-subsystems/demo/../..//hal/hcc/lib\libHCCD.a(fat.o)
                0x2002435c                _f_getdirsector
 .text._f_writedirsector
                0x200243e4       0x74 C:/HOOPOE3/satellite-subsystems/demo/../..//hal/hcc/lib\libHCCD.a(fat.o)
                0x200243e4                _f_writedirsector
 .text._f_checknameinv
                0x20024458      0x180 C:/HOOPOE3/satellite-subsystems/demo/../..//hal/hcc/lib\libHCCD.a(fat.o)
 .text._f_checkname
                0x200245d8       0x7c C:/HOOPOE3/satellite-subsystems/demo/../..//hal/hcc/lib\libHCCD.a(fat.o)
 .text._f_checknamewc
                0x20024654       0xf8 C:/HOOPOE3/satellite-subsystems/demo/../..//hal/hcc/lib\libHCCD.a(fat.o)
 .text._f_setnameext
                0x2002474c      0x300 C:/HOOPOE3/satellite-subsystems/demo/../..//hal/hcc/lib\libHCCD.a(fat.o)
 .text._f_setfsname
                0x20024a4c      0x584 C:/HOOPOE3/satellite-subsystems/demo/../..//hal/hcc/lib\libHCCD.a(fat.o)
 .text._f_findfile
                0x20024fd0      0x30c C:/HOOPOE3/satellite-subsystems/demo/../..//hal/hcc/lib\libHCCD.a(fat.o)
 .text._f_cmp_wname
                0x200252dc      0x274 C:/HOOPOE3/satellite-subsystems/demo/../..//hal/hcc/lib\libHCCD.a(fat.o)
 .text._f_to_string
                0x20025550      0x130 C:/HOOPOE3/satellite-subsystems/demo/../..//hal/hcc/lib\libHCCD.a(fat.o)
 .text._f_findfilewc
                0x20025680      0x278 C:/HOOPOE3/satellite-subsystems/demo/../..//hal/hcc/lib\libHCCD.a(fat.o)
 .text._f_getfilename
                0x200258f8      0x20c C:/HOOPOE3/satellite-subsystems/demo/../..//hal/hcc/lib\libHCCD.a(fat.o)
 .text._f_findpath
                0x20025b04      0x35c C:/HOOPOE3/satellite-subsystems/demo/../..//hal/hcc/lib\libHCCD.a(fat.o)
 .text.fn_getdcwd
                0x20025e60      0x1e0 C:/HOOPOE3/satellite-subsystems/demo/../..//hal/hcc/lib\libHCCD.a(fat.o)
                0x20025e60                fn_getdcwd
 .text.fn_findfirst
                0x20026040      0x13c C:/HOOPOE3/satellite-subsystems/demo/../..//hal/hcc/lib\libHCCD.a(fat.o)
                0x20026040                fn_findfirst
 .text.fn_findnext
                0x2002617c      0x360 C:/HOOPOE3/satellite-subsystems/demo/../..//hal/hcc/lib\libHCCD.a(fat.o)
                0x2002617c                fn_findnext
 .text._f_lock_resfile
                0x200264dc       0x6c C:/HOOPOE3/satellite-subsystems/demo/../..//hal/hcc/lib\libHCCD.a(fat.o)
 .text._f_unlock_resfile
                0x20026548       0x40 C:/HOOPOE3/satellite-subsystems/demo/../..//hal/hcc/lib\libHCCD.a(fat.o)
 .text._f_getintfile
                0x20026588      0x124 C:/HOOPOE3/satellite-subsystems/demo/../..//hal/hcc/lib\libHCCD.a(fat.o)
 .text._f_addentry
                0x200266ac      0x540 C:/HOOPOE3/satellite-subsystems/demo/../..//hal/hcc/lib\libHCCD.a(fat.o)
 .text.fn_open_sub
                0x20026bec     0x1698 C:/HOOPOE3/satellite-subsystems/demo/../..//hal/hcc/lib\libHCCD.a(fat.o)
 .text.fn_open  0x20028284       0x44 C:/HOOPOE3/satellite-subsystems/demo/../..//hal/hcc/lib\libHCCD.a(fat.o)
                0x20028284                fn_open
 .text.fn_delete
                0x200282c8      0x490 C:/HOOPOE3/satellite-subsystems/demo/../..//hal/hcc/lib\libHCCD.a(fat.o)
                0x200282c8                fn_delete
 .text.hcc_mem_buf_alloc
                0x20028758       0xe4 C:/HOOPOE3/satellite-subsystems/demo/../..//hal/hcc/lib\libHCCD.a(psp_hcc_mem.o)
                0x20028758                hcc_mem_buf_alloc
 .text.validateTransferParameters
                0x2002883c      0x10c C:/HOOPOE3/satellite-subsystems/demo/../..//hal/hal/lib\libHALD.a(I2C.o)
 .text.I2C_queueTransfer
                0x20028948       0xe8 C:/HOOPOE3/satellite-subsystems/demo/../..//hal/hal/lib\libHALD.a(I2C.o)
                0x20028948                I2C_queueTransfer
 .text.I2C_internalCallback
                0x20028a30       0x64 C:/HOOPOE3/satellite-subsystems/demo/../..//hal/hal/lib\libHALD.a(I2C.o)
 .text.I2C_doBlockingTransfer
                0x20028a94      0x160 C:/HOOPOE3/satellite-subsystems/demo/../..//hal/hal/lib\libHALD.a(I2C.o)
 .text.I2C_write
                0x20028bf4      0x110 C:/HOOPOE3/satellite-subsystems/demo/../..//hal/hal/lib\libHALD.a(I2C.o)
                0x20028bf4                I2C_write
 .text.I2C_read
                0x20028d04      0x110 C:/HOOPOE3/satellite-subsystems/demo/../..//hal/hal/lib\libHALD.a(I2C.o)
                0x20028d04                I2C_read
 .text.I2C_writeRead
                0x20028e14      0x180 C:/HOOPOE3/satellite-subsystems/demo/../..//hal/hal/lib\libHALD.a(I2C.o)
                0x20028e14                I2C_writeRead
 .text.I2C_start
                0x20028f94      0x2e8 C:/HOOPOE3/satellite-subsystems/demo/../..//hal/hal/lib\libHALD.a(I2C.o)
                0x20028f94                I2C_start
 .text.I2C_stop
                0x2002927c      0x184 C:/HOOPOE3/satellite-subsystems/demo/../..//hal/hal/lib\libHALD.a(I2C.o)
                0x2002927c                I2C_stop
 .text.I2C_setTransferTimeout
                0x20029400       0x48 C:/HOOPOE3/satellite-subsystems/demo/../..//hal/hal/lib\libHALD.a(I2C.o)
                0x20029400                I2C_setTransferTimeout
 .text.clearPDCtransfers
                0x20029448       0xdc C:/HOOPOE3/satellite-subsystems/demo/../..//hal/hal/lib\libHALD.a(SPI.o)
 .text.SPI_start
                0x20029524      0x4c0 C:/HOOPOE3/satellite-subsystems/demo/../..//hal/hal/lib\libHALD.a(SPI.o)
                0x20029524                SPI_start
 .text.SPI_stop
                0x200299e4      0x22c C:/HOOPOE3/satellite-subsystems/demo/../..//hal/hal/lib\libHALD.a(SPI.o)
                0x200299e4                SPI_stop
 .text.SPI_queueTransfer
                0x20029c10      0x190 C:/HOOPOE3/satellite-subsystems/demo/../..//hal/hal/lib\libHALD.a(SPI.o)
                0x20029c10                SPI_queueTransfer
 .text.SPI_internalCallback
                0x20029da0       0x64 C:/HOOPOE3/satellite-subsystems/demo/../..//hal/hal/lib\libHALD.a(SPI.o)
 .text.SPI_writeRead
                0x20029e04      0x188 C:/HOOPOE3/satellite-subsystems/demo/../..//hal/hal/lib\libHALD.a(SPI.o)
                0x20029e04                SPI_writeRead
 .text.waitForTransfer
                0x20029f8c       0x68 C:/HOOPOE3/satellite-subsystems/demo/../..//hal/hal/lib\libHALD.a(SPI.o)
 .text.SPI_getDriverState
                0x20029ff4       0x58 C:/HOOPOE3/satellite-subsystems/demo/../..//hal/hal/lib\libHALD.a(SPI.o)
                0x20029ff4                SPI_getDriverState
 .text.FRAM_start
                0x2002a04c       0xf4 C:/HOOPOE3/satellite-subsystems/demo/../..//hal/hal/lib\libHALD.a(FRAM.o)
                0x2002a04c                FRAM_start
 .text.FRAM_dummyCallback
                0x2002a140       0x24 C:/HOOPOE3/satellite-subsystems/demo/../..//hal/hal/lib\libHALD.a(FRAM.o)
                0x2002a140                FRAM_dummyCallback
 .text.FRAM_unlockingCallback
                0x2002a164       0x78 C:/HOOPOE3/satellite-subsystems/demo/../..//hal/hal/lib\libHALD.a(FRAM.o)
                0x2002a164                FRAM_unlockingCallback
 .text.doBlockingTransfer
                0x2002a1dc       0x88 C:/HOOPOE3/satellite-subsystems/demo/../..//hal/hal/lib\libHALD.a(FRAM.o)
 .text.FRAM_writePacket
                0x2002a264      0x148 C:/HOOPOE3/satellite-subsystems/demo/../..//hal/hal/lib\libHALD.a(FRAM.o)
 .text.FRAM_write
                0x2002a3ac      0x1c8 C:/HOOPOE3/satellite-subsystems/demo/../..//hal/hal/lib\libHALD.a(FRAM.o)
                0x2002a3ac                FRAM_write
 .text.FRAM_readPacket
                0x2002a574      0x114 C:/HOOPOE3/satellite-subsystems/demo/../..//hal/hal/lib\libHALD.a(FRAM.o)
 .text.FRAM_read
                0x2002a688      0x1d4 C:/HOOPOE3/satellite-subsystems/demo/../..//hal/hal/lib\libHALD.a(FRAM.o)
                0x2002a688                FRAM_read
 .text.Time_start
                0x2002a85c      0x150 C:/HOOPOE3/satellite-subsystems/demo/../..//hal/hal/lib\libHALD.a(Time.o)
                0x2002a85c                Time_start
 .text.taskTimeSync
                0x2002a9ac       0x38 C:/HOOPOE3/satellite-subsystems/demo/../..//hal/hal/lib\libHALD.a(Time.o)
 .text.Time_set
                0x2002a9e4      0x278 C:/HOOPOE3/satellite-subsystems/demo/../..//hal/hal/lib\libHALD.a(Time.o)
                0x2002a9e4                Time_set
 .text.Time_isLeapYear
                0x2002ac5c       0x98 C:/HOOPOE3/satellite-subsystems/demo/../..//hal/hal/lib\libHALD.a(Time.o)
                0x2002ac5c                Time_isLeapYear
 .text.Time_get
                0x2002acf4      0x410 C:/HOOPOE3/satellite-subsystems/demo/../..//hal/hal/lib\libHALD.a(Time.o)
                0x2002acf4                Time_get
 .text.Time_getUnixEpoch
                0x2002b104       0xf4 C:/HOOPOE3/satellite-subsystems/demo/../..//hal/hal/lib\libHALD.a(Time.o)
                0x2002b104                Time_getUnixEpoch
 .text.secondsOfYearToTime
                0x2002b1f8      0x328 C:/HOOPOE3/satellite-subsystems/demo/../..//hal/hal/lib\libHALD.a(Time.o)
 .text.Time_setUnixEpoch
                0x2002b520      0x100 C:/HOOPOE3/satellite-subsystems/demo/../..//hal/hal/lib\libHALD.a(Time.o)
                0x2002b520                Time_setUnixEpoch
 .text.Time_sync
                0x2002b620      0x2b8 C:/HOOPOE3/satellite-subsystems/demo/../..//hal/hal/lib\libHALD.a(Time.o)
                0x2002b620                Time_sync
 .text.Time_syncIfNeeded
                0x2002b8d8       0x70 C:/HOOPOE3/satellite-subsystems/demo/../..//hal/hal/lib\libHALD.a(Time.o)
                0x2002b8d8                Time_syncIfNeeded
 .text.Time_setSyncInterval
                0x2002b948       0x38 C:/HOOPOE3/satellite-subsystems/demo/../..//hal/hal/lib\libHALD.a(Time.o)
                0x2002b948                Time_setSyncInterval
 .text.WDT_start
                0x2002b980       0x48 C:/HOOPOE3/satellite-subsystems/demo/../..//hal/hal/lib\libHALD.a(WatchDogTimerNoOS.o)
                0x2002b980                WDT_start
 .text.WDT_startWatchdogKickTask
                0x2002b9c8       0xb4 C:/HOOPOE3/satellite-subsystems/demo/../..//hal/hal/lib\libHALD.a(WatchDogTimerOS.o)
                0x2002b9c8                WDT_startWatchdogKickTask
 .text.WDT_forceKickEveryNms
                0x2002ba7c       0x50 C:/HOOPOE3/satellite-subsystems/demo/../..//hal/hal/lib\libHALD.a(WatchDogTimerOS.o)
                0x2002ba7c                WDT_forceKickEveryNms
 .text.UTIL_DbguGetInteger
                0x2002bacc      0x124 C:/HOOPOE3/satellite-subsystems/demo/../..//hal/hal/lib\libHALD.a(util.o)
                0x2002bacc                UTIL_DbguGetInteger
 .text.UTIL_DbguGetIntegerMinMax
                0x2002bbf0       0xa4 C:/HOOPOE3/satellite-subsystems/demo/../..//hal/hal/lib\libHALD.a(util.o)
                0x2002bbf0                UTIL_DbguGetIntegerMinMax
 .text.LED_glow
                0x2002bc94       0x58 C:/HOOPOE3/satellite-subsystems/demo/../..//hal/hal/lib\libHALD.a(LED.o)
                0x2002bc94                LED_glow
 .text.LED_dark
                0x2002bcec       0x58 C:/HOOPOE3/satellite-subsystems/demo/../..//hal/hal/lib\libHALD.a(LED.o)
                0x2002bcec                LED_dark
 .text.LED_toggle