Archive member included because of file (symbol)

c:/isis/application/toolchain/bin/../lib/gcc/arm-none-eabi/4.7.4/../../../../arm-none-eabi/lib\libc_s.a(lib_a-vfprintf_float.o)
                              (_printf_float)
c:/isis/application/toolchain/bin/../lib/gcc/arm-none-eabi/4.7.4/../../../../arm-none-eabi/lib\libc_s.a(lib_a-vfprintf_i.o)
                              c:/isis/application/toolchain/bin/../lib/gcc/arm-none-eabi/4.7.4/../../../../arm-none-eabi/lib\libc_s.a(lib_a-vfprintf_float.o) (_printf_common)
c:/isis/application/toolchain/bin/../lib/gcc/arm-none-eabi/4.7.4/../../../../arm-none-eabi/lib\libc_s.a(lib_a-vfscanf_float.o)
                              (_scanf_float)
c:/isis/application/toolchain/bin/../lib/gcc/arm-none-eabi/4.7.4/../../../../arm-none-eabi/lib\libc_s.a(lib_a-dtoa.o)
                              c:/isis/application/toolchain/bin/../lib/gcc/arm-none-eabi/4.7.4/../../../../arm-none-eabi/lib\libc_s.a(lib_a-vfprintf_float.o) (_dtoa_r)
c:/isis/application/toolchain/bin/../lib/gcc/arm-none-eabi/4.7.4/../../../../arm-none-eabi/lib\libc_s.a(lib_a-locale.o)
                              c:/isis/application/toolchain/bin/../lib/gcc/arm-none-eabi/4.7.4/../../../../arm-none-eabi/lib\libc_s.a(lib_a-vfprintf_float.o) (_localeconv_r)
c:/isis/application/toolchain/bin/../lib/gcc/arm-none-eabi/4.7.4/../../../../arm-none-eabi/lib\libc_s.a(lib_a-malloc.o)
                              c:/isis/application/toolchain/bin/../lib/gcc/arm-none-eabi/4.7.4/../../../../arm-none-eabi/lib\libc_s.a(lib_a-dtoa.o) (malloc)
c:/isis/application/toolchain/bin/../lib/gcc/arm-none-eabi/4.7.4/../../../../arm-none-eabi/lib\libc_s.a(lib_a-mallocr.o)
                              c:/isis/application/toolchain/bin/../lib/gcc/arm-none-eabi/4.7.4/../../../../arm-none-eabi/lib\libc_s.a(lib_a-malloc.o) (_malloc_r)
c:/isis/application/toolchain/bin/../lib/gcc/arm-none-eabi/4.7.4/../../../../arm-none-eabi/lib\libc_s.a(lib_a-memcpy.o)
                              c:/isis/application/toolchain/bin/../lib/gcc/arm-none-eabi/4.7.4/../../../../arm-none-eabi/lib\libc_s.a(lib_a-dtoa.o) (memcpy)
c:/isis/application/toolchain/bin/../lib/gcc/arm-none-eabi/4.7.4/../../../../arm-none-eabi/lib\libc_s.a(lib_a-mprec.o)
                              c:/isis/application/toolchain/bin/../lib/gcc/arm-none-eabi/4.7.4/../../../../arm-none-eabi/lib\libc_s.a(lib_a-dtoa.o) (_Balloc)
c:/isis/application/toolchain/bin/../lib/gcc/arm-none-eabi/4.7.4/../../../../arm-none-eabi/lib\libc_s.a(lib_a-s_fpclassify.o)
                              c:/isis/application/toolchain/bin/../lib/gcc/arm-none-eabi/4.7.4/../../../../arm-none-eabi/lib\libc_s.a(lib_a-vfprintf_float.o) (__fpclassifyd)
c:/isis/application/toolchain/bin/../lib/gcc/arm-none-eabi/4.7.4/../../../../arm-none-eabi/lib\libc_s.a(lib_a-sbrkr.o)
                              c:/isis/application/toolchain/bin/../lib/gcc/arm-none-eabi/4.7.4/../../../../arm-none-eabi/lib\libc_s.a(lib_a-mallocr.o) (_sbrk_r)
c:/isis/application/toolchain/bin/../lib/gcc/arm-none-eabi/4.7.4/../../../../arm-none-eabi/lib\libc_s.a(lib_a-sf_nan.o)
                              c:/isis/application/toolchain/bin/../lib/gcc/arm-none-eabi/4.7.4/../../../../arm-none-eabi/lib\libc_s.a(lib_a-vfscanf_float.o) (nanf)
c:/isis/application/toolchain/bin/../lib/gcc/arm-none-eabi/4.7.4/../../../../arm-none-eabi/lib\libc_s.a(lib_a-sprintf.o)
                              c:/isis/application/toolchain/bin/../lib/gcc/arm-none-eabi/4.7.4/../../../../arm-none-eabi/lib\libc_s.a(lib_a-vfscanf_float.o) (sprintf)
c:/isis/application/toolchain/bin/../lib/gcc/arm-none-eabi/4.7.4/../../../../arm-none-eabi/lib\libc_s.a(lib_a-strcmp.o)
                              c:/isis/application/toolchain/bin/../lib/gcc/arm-none-eabi/4.7.4/../../../../arm-none-eabi/lib\libc_s.a(lib_a-locale.o) (strcmp)
c:/isis/application/toolchain/bin/../lib/gcc/arm-none-eabi/4.7.4/../../../../arm-none-eabi/lib\libc_s.a(lib_a-strlen.o)
                              c:/isis/application/toolchain/bin/../lib/gcc/arm-none-eabi/4.7.4/../../../../arm-none-eabi/lib\libc_s.a(lib_a-vfprintf_float.o) (strlen)
c:/isis/application/toolchain/bin/../lib/gcc/arm-none-eabi/4.7.4/../../../../arm-none-eabi/lib\libc_s.a(lib_a-strtod.o)
                              c:/isis/application/toolchain/bin/../lib/gcc/arm-none-eabi/4.7.4/../../../../arm-none-eabi/lib\libc_s.a(lib_a-vfscanf_float.o) (_strtod_r)
c:/isis/application/toolchain/bin/../lib/gcc/arm-none-eabi/4.7.4/../../../../arm-none-eabi/lib\libc_s.a(lib_a-strtol.o)
                              c:/isis/application/toolchain/bin/../lib/gcc/arm-none-eabi/4.7.4/../../../../arm-none-eabi/lib\libc_s.a(lib_a-vfscanf_float.o) (_strtol_r)
c:/isis/application/toolchain/bin/../lib/gcc/arm-none-eabi/4.7.4/../../../../arm-none-eabi/lib\libc_s.a(lib_a-svfprintf.o)
                              c:/isis/application/toolchain/bin/../lib/gcc/arm-none-eabi/4.7.4/../../../../arm-none-eabi/lib\libc_s.a(lib_a-sprintf.o) (_svfprintf_r)
[...]
Memory Configuration

Name             Origin             Length             Attributes
sram0            0x00200000         0x00004000         w !xr
sram1            0x00300000         0x00004000         w !xr
sdram            0x20000000         0x02000000         w !xr
*default*        0x00000000         0xffffffff

Linker script and memory map

LOAD c:/isis/application/toolchain/bin/../lib/gcc/arm-none-eabi/4.7.4/../../../../arm-none-eabi/lib\libc_s.a
LOAD ./src/sub-systemCode/payload/Request Management/Dump/Butchering.o
LOAD ./src/sub-systemCode/payload/Request Management/Dump/imageDump.o
LOAD ./src/sub-systemCode/payload/Request Management/CameraManeger.o
LOAD ./src/sub-systemCode/payload/Request Management/DB_RequestHandling.o
LOAD ./src/sub-systemCode/payload/Misc/Boolean_bit.o
LOAD ./src/sub-systemCode/payload/Misc/FileSystem.o
LOAD ./src/sub-systemCode/payload/Drivers/GeckoCameraDriver.o
LOAD ./src/sub-systemCode/payload/DataBase/DataBase.o
LOAD ./src/sub-systemCode/payload/Compression/jpeg/bmp/rawToBMP.o
LOAD ./src/sub-systemCode/payload/Compression/jpeg/DCT.o
LOAD ./src/sub-systemCode/payload/Compression/jpeg/ImgCompressor.o
LOAD ./src/sub-systemCode/payload/Compression/jpeg/color_conv.o
LOAD ./src/sub-systemCode/payload/Compression/jpeg/jpeg.o
LOAD ./src/sub-systemCode/payload/Compression/jpeg/jpeg_encoder.o
LOAD ./src/sub-systemCode/payload/Compression/jpeg/jpeg_memory_alloc.o
LOAD ./src/sub-systemCode/payload/Compression/jpeg/jpeg_params.o
LOAD ./src/sub-systemCode/payload/Compression/jpeg/output_stream.o
LOAD ./src/sub-systemCode/payload/Compression/ImageConversion.o
LOAD ./src/sub-systemCode/Main/CMD/COMM_CMD.o
LOAD ./src/sub-systemCode/Main/CMD/EPS_CMD.o
LOAD ./src/sub-systemCode/Main/CMD/General_CMD.o
LOAD ./src/sub-systemCode/Main/CMD/SW_CMD.o
LOAD ./src/sub-systemCode/Main/CMD/payload_CMD.o
LOAD ./src/sub-systemCode/Main/Ants.o
LOAD ./src/sub-systemCode/Main/EPS.o
LOAD ./src/sub-systemCode/Main/HouseKeeping.o
LOAD ./src/sub-systemCode/Main/Main_Init.o
LOAD ./src/sub-systemCode/Main/commands.o
LOAD ./src/sub-systemCode/Global/Global.o
LOAD ./src/sub-systemCode/Global/GlobalParam.o
LOAD ./src/sub-systemCode/Global/OnlineTM.o
LOAD ./src/sub-systemCode/Global/TLM_management.o
LOAD ./src/sub-systemCode/Global/freertosExtended.o
LOAD ./src/sub-systemCode/Global/logger.o
LOAD ./src/sub-systemCode/COMM/APRS.o
LOAD ./src/sub-systemCode/COMM/DelayedCommand_list.o
LOAD ./src/sub-systemCode/COMM/GSC.o
LOAD ./src/sub-systemCode/COMM/TRXVU.o
LOAD ./src/sub-systemCode/ADCS/ADCS.o
LOAD ./src/sub-systemCode/ADCS/Stage_Table.o
LOAD ./src/main.o
LOAD C:/HOOPOE3/satellite-subsystems/demo/..//satellite-subsystems/lib\libSatelliteSubsystemsD.a
LOAD c:/isis/application/toolchain/bin/../lib/gcc/arm-none-eabi/4.7.4/../../../../arm-none-eabi/lib\libm.a
LOAD C:/HOOPOE3/satellite-subsystems/demo/../..//hal/hcc/lib\libHCCD.a
LOAD C:/HOOPOE3/satellite-subsystems/demo/../..//hal/hal/lib\libHALD.a
LOAD C:/HOOPOE3/satellite-subsystems/demo/../..//hal/freertos/lib\libFreeRTOSD.a
LOAD C:/HOOPOE3/satellite-subsystems/demo/../..//hal/at91/lib\libAt91D.a
START GROUP
LOAD c:/isis/application/toolchain/bin/../lib/gcc/arm-none-eabi/4.7.4\libgcc.a
LOAD c:/isis/application/toolchain/bin/../lib/gcc/arm-none-eabi/4.7.4/../../../../arm-none-eabi/lib\libc_s.a
END GROUP

.fixed          0x20000000    0x51c30
                0x20000000                . = ALIGN (0x4)
                0x20000000                _sfixed = .
 *(.startup)
 .startup       0x20000000      0x134 C:/HOOPOE3/satellite-subsystems/demo/../..//hal/at91/lib\libAt91D.a(board_cstartup.o)
                0x20000000                entry
 *(.text)
 .text          0x20000134       0x64 C:/HOOPOE3/satellite-subsystems/demo/../..//hal/at91/lib\libAt91D.a(cp15_asm.o)
                0x20000134                _readControlRegister
                0x20000140                _writeControlRegister
                0x20000148                _waitForInterrupt
                0x20000154                _writeTTB
                0x2000015c                _writeDomain
                0x20000164                _writeITLBLockdown
                0x2000016c                _prefetchICacheLine
                0x20000174                _flushDCache
                0x20000180                _flushWriteBuffer
                0x2000018c                _invalidateIDTLBs
 .text          0x20000198      0x114 c:/isis/application/toolchain/bin/../lib/gcc/arm-none-eabi/4.7.4\libgcc.a(_udivsi3.o)
                0x20000198                __aeabi_uidiv
                0x20000198                __udivsi3
                0x2000028c                __aeabi_uidivmod
 .text          0x200002ac      0x148 c:/isis/application/toolchain/bin/../lib/gcc/arm-none-eabi/4.7.4\libgcc.a(_divsi3.o)
                0x200002ac                __divsi3
                0x200002ac                __aeabi_idiv
                0x200003d4                __aeabi_idivmod
 .text          0x200003f4        0x4 c:/isis/application/toolchain/bin/../lib/gcc/arm-none-eabi/4.7.4\libgcc.a(_dvmd_tls.o)
                0x200003f4                __aeabi_idiv0
                0x200003f4                __aeabi_ldiv0
 .text          0x200003f8      0x41c c:/isis/application/toolchain/bin/../lib/gcc/arm-none-eabi/4.7.4\libgcc.a(_arm_addsubdf3.o)
                0x200003f8                __aeabi_drsub
                0x20000400                __aeabi_dsub
                0x20000400                __subdf3
                0x20000404                __aeabi_dadd
                0x20000404                __adddf3
                0x20000714                __floatunsidf
                0x20000714                __aeabi_ui2d
                0x20000738                __floatsidf
                0x20000738                __aeabi_i2d
                0x20000760                __aeabi_f2d
                0x20000760                __extendsfdf2
                0x200007a0                __floatundidf
                0x200007a0                __aeabi_ul2d
                0x200007b4                __floatdidf
                0x200007b4                __aeabi_l2d
 .text          0x20000814      0x49c c:/isis/application/toolchain/bin/../lib/gcc/arm-none-eabi/4.7.4\libgcc.a(_arm_muldivdf3.o)
                0x20000814                __aeabi_dmul
                0x20000814                __muldf3
                0x20000aa4                __divdf3
                0x20000aa4                __aeabi_ddiv
 .text          0x20000cb0      0x144 c:/isis/application/toolchain/bin/../lib/gcc/arm-none-eabi/4.7.4\libgcc.a(_arm_cmpdf2.o)
                0x20000cb0                __gtdf2
                0x20000cb0                __gedf2
                0x20000cb8                __ltdf2
                0x20000cb8                __ledf2
                0x20000cc0                __nedf2
                0x20000cc0                __eqdf2
                0x20000cc0                __cmpdf2
                0x20000d48                __aeabi_cdrcmple
                0x20000d64                __aeabi_cdcmpeq
                0x20000d64                __aeabi_cdcmple
                0x20000d7c                __aeabi_dcmpeq
                0x20000d94                __aeabi_dcmplt
                0x20000dac                __aeabi_dcmple
                0x20000dc4                __aeabi_dcmpge
                0x20000ddc                __aeabi_dcmpgt
 .text          0x20000df4       0x5c c:/isis/application/toolchain/bin/../lib/gcc/arm-none-eabi/4.7.4\libgcc.a(_arm_fixdfsi.o)
                0x20000df4                __aeabi_d2iz
                0x20000df4                __fixdfsi
 .text          0x20000e50       0x54 c:/isis/application/toolchain/bin/../lib/gcc/arm-none-eabi/4.7.4\libgcc.a(_arm_fixunsdfsi.o)
                0x20000e50                __aeabi_d2uiz
                0x20000e50                __fixunsdfsi
 .text          0x20000ea4       0xa0 c:/isis/application/toolchain/bin/../lib/gcc/arm-none-eabi/4.7.4\libgcc.a(_arm_truncdfsf2.o)
                0x20000ea4                __truncdfsf2
                0x20000ea4                __aeabi_d2f
 .text          0x20000f44      0x2ac c:/isis/application/toolchain/bin/../lib/gcc/arm-none-eabi/4.7.4\libgcc.a(_arm_addsubsf3.o)
                0x20000f44                __aeabi_frsub
                0x20000f4c                __subsf3
                0x20000f4c                __aeabi_fsub
                0x20000f50                __aeabi_fadd
                0x20000f50                __addsf3
                0x2000110c                __aeabi_ui2f
                0x2000110c                __floatunsisf
                0x20001114                __aeabi_i2f
                0x20001114                __floatsisf
                0x20001134                __aeabi_ul2f
                0x20001134                __floatundisf
                0x20001144                __aeabi_l2f
                0x20001144                __floatdisf
 .text          0x200011f0      0x2f8 c:/isis/application/toolchain/bin/../lib/gcc/arm-none-eabi/4.7.4\libgcc.a(_arm_muldivsf3.o)
                0x200011f0                __mulsf3
                0x200011f0                __aeabi_fmul
                0x20001388                __aeabi_fdiv
                0x20001388                __divsf3
 .text          0x200014e8      0x114 c:/isis/application/toolchain/bin/../lib/gcc/arm-none-eabi/4.7.4\libgcc.a(_arm_cmpsf2.o)
                0x200014e8                __gesf2
                0x200014e8                __gtsf2
                0x200014f0                __lesf2
                0x200014f0                __ltsf2
                0x200014f8                __nesf2
                0x200014f8                __eqsf2
                0x200014f8                __cmpsf2
                0x2000155c                __aeabi_cfrcmple
                0x2000156c                __aeabi_cfcmpeq
                0x2000156c                __aeabi_cfcmple
                0x20001584                __aeabi_fcmpeq
                0x2000159c                __aeabi_fcmplt
                0x200015b4                __aeabi_fcmple
                0x200015cc                __aeabi_fcmpge
                0x200015e4                __aeabi_fcmpgt
 .text          0x200015fc       0x5c c:/isis/application/toolchain/bin/../lib/gcc/arm-none-eabi/4.7.4\libgcc.a(_arm_fixsfsi.o)
                0x200015fc                __aeabi_f2iz
                0x200015fc                __fixsfsi
 .text          0x20001658       0x54 c:/isis/application/toolchain/bin/../lib/gcc/arm-none-eabi/4.7.4\libgcc.a(_arm_fixunssfsi.o)
                0x20001658                __fixunssfsi
                0x20001658                __aeabi_f2uiz
 *(.text*)
 .text.__cvt    0x200016ac      0x138 c:/isis/application/toolchain/bin/../lib/gcc/arm-none-eabi/4.7.4/../../../../arm-none-eabi/lib\libc_s.a(lib_a-vfprintf_float.o)
                0x200016ac                __cvt
 .text.__exponent
                0x200017e4       0xa8 c:/isis/application/toolchain/bin/../lib/gcc/arm-none-eabi/4.7.4/../../../../arm-none-eabi/lib\libc_s.a(lib_a-vfprintf_float.o)
                0x200017e4                __exponent
 .text._printf_float
                0x2000188c      0x7dc c:/isis/application/toolchain/bin/../lib/gcc/arm-none-eabi/4.7.4/../../../../arm-none-eabi/lib\libc_s.a(lib_a-vfprintf_float.o)
                0x2000188c                _printf_float
 .text._printf_common
                0x20002068      0x174 c:/isis/application/toolchain/bin/../lib/gcc/arm-none-eabi/4.7.4/../../../../arm-none-eabi/lib\libc_s.a(lib_a-vfprintf_i.o)
                0x20002068                _printf_common
 .text._printf_i
                0x200021dc      0x3c4 c:/isis/application/toolchain/bin/../lib/gcc/arm-none-eabi/4.7.4/../../../../arm-none-eabi/lib\libc_s.a(lib_a-vfprintf_i.o)
                0x200021dc                _printf_i
 .text._scanf_float
                0x200025a0      0x5f4 c:/isis/application/toolchain/bin/../lib/gcc/arm-none-eabi/4.7.4/../../../../arm-none-eabi/lib\libc_s.a(lib_a-vfscanf_float.o)
                0x200025a0                _scanf_float
 .text.quorem   0x20002b94      0x1ac c:/isis/application/toolchain/bin/../lib/gcc/arm-none-eabi/4.7.4/../../../../arm-none-eabi/lib\libc_s.a(lib_a-dtoa.o)
 .text._dtoa_r  0x20002d40     0x1268 c:/isis/application/toolchain/bin/../lib/gcc/arm-none-eabi/4.7.4/../../../../arm-none-eabi/lib\libc_s.a(lib_a-dtoa.o)
                0x20002d40                _dtoa_r
 .text._localeconv_r
                0x20003fa8        0xc c:/isis/application/toolchain/bin/../lib/gcc/arm-none-eabi/4.7.4/../../../../arm-none-eabi/lib\libc_s.a(lib_a-locale.o)
                0x20003fa8                _localeconv_r
 .text.malloc   0x20003fb4       0x20 c:/isis/application/toolchain/bin/../lib/gcc/arm-none-eabi/4.7.4/../../../../arm-none-eabi/lib\libc_s.a(lib_a-malloc.o)
                0x20003fb4                malloc
 .text.free     0x20003fd4       0x20 c:/isis/application/toolchain/bin/../lib/gcc/arm-none-eabi/4.7.4/../../../../arm-none-eabi/lib\libc_s.a(lib_a-malloc.o)
                0x20003fd4                free
 .text._malloc_r
                0x20003ff4       0xfc c:/isis/application/toolchain/bin/../lib/gcc/arm-none-eabi/4.7.4/../../../../arm-none-eabi/lib\libc_s.a(lib_a-mallocr.o)
                0x20003ff4                _malloc_r
 .text.memcpy   0x200040f0       0x20 c:/isis/application/toolchain/bin/../lib/gcc/arm-none-eabi/4.7.4/../../../../arm-none-eabi/lib\libc_s.a(lib_a-memcpy.o)
                0x200040f0                memcpy
 .text._Balloc  0x20004110       0xcc c:/isis/application/toolchain/bin/../lib/gcc/arm-none-eabi/4.7.4/../../../../arm-none-eabi/lib\libc_s.a(lib_a-mprec.o)
                0x20004110                _Balloc
 .text._Bfree   0x200041dc       0x5c c:/isis/application/toolchain/bin/../lib/gcc/arm-none-eabi/4.7.4/../../../../arm-none-eabi/lib\libc_s.a(lib_a-mprec.o)
                0x200041dc                _Bfree
 .text.__multadd
                0x20004238       0xbc c:/isis/application/toolchain/bin/../lib/gcc/arm-none-eabi/4.7.4/../../../../arm-none-eabi/lib\libc_s.a(lib_a-mprec.o)
                0x20004238                __multadd
 .text.__s2b    0x200042f4       0xd8 c:/isis/application/toolchain/bin/../lib/gcc/arm-none-eabi/4.7.4/../../../../arm-none-eabi/lib\libc_s.a(lib_a-mprec.o)
                0x200042f4                __s2b
 .text.__hi0bits
                0x200043cc       0x58 c:/isis/application/toolchain/bin/../lib/gcc/arm-none-eabi/4.7.4/../../../../arm-none-eabi/lib\libc_s.a(lib_a-mprec.o)
                0x200043cc                __hi0bits
 .text.__lo0bits
                0x20004424       0x94 c:/isis/application/toolchain/bin/../lib/gcc/arm-none-eabi/4.7.4/../../../../arm-none-eabi/lib\libc_s.a(lib_a-mprec.o)
                0x20004424                __lo0bits
 .text.__i2b    0x200044b8       0x24 c:/isis/application/toolchain/bin/../lib/gcc/arm-none-eabi/4.7.4/../../../../arm-none-eabi/lib\libc_s.a(lib_a-mprec.o)
                0x200044b8                __i2b
 .text.__multiply
                0x200044dc      0x1ac c:/isis/application/toolchain/bin/../lib/gcc/arm-none-eabi/4.7.4/../../../../arm-none-eabi/lib\libc_s.a(lib_a-mprec.o)
                0x200044dc                __multiply
 .text.__pow5mult
                0x20004688      0x10c c:/isis/application/toolchain/bin/../lib/gcc/arm-none-eabi/4.7.4/../../../../arm-none-eabi/lib\libc_s.a(lib_a-mprec.o)
                0x20004688                __pow5mult
 .text.__lshift
                0x20004794       0xf0 c:/isis/application/toolchain/bin/../lib/gcc/arm-none-eabi/4.7.4/../../../../arm-none-eabi/lib\libc_s.a(lib_a-mprec.o)
                0x20004794                __lshift
 .text.__mcmp   0x20004884       0x60 c:/isis/application/toolchain/bin/../lib/gcc/arm-none-eabi/4.7.4/../../../../arm-none-eabi/lib\libc_s.a(lib_a-mprec.o)
                0x20004884                __mcmp
 .text.__mdiff  0x200048e4      0x128 c:/isis/application/toolchain/bin/../lib/gcc/arm-none-eabi/4.7.4/../../../../arm-none-eabi/lib\libc_s.a(lib_a-mprec.o)
                0x200048e4                __mdiff
 .text.__ulp    0x20004a0c       0x5c c:/isis/application/toolchain/bin/../lib/gcc/arm-none-eabi/4.7.4/../../../../arm-none-eabi/lib\libc_s.a(lib_a-mprec.o)
                0x20004a0c                __ulp
 .text.__b2d    0x20004a68       0xc8 c:/isis/application/toolchain/bin/../lib/gcc/arm-none-eabi/4.7.4/../../../../arm-none-eabi/lib\libc_s.a(lib_a-mprec.o)
                0x20004a68                __b2d
 .text.__d2b    0x20004b30       0xfc c:/isis/application/toolchain/bin/../lib/gcc/arm-none-eabi/4.7.4/../../../../arm-none-eabi/lib\libc_s.a(lib_a-mprec.o)
                0x20004b30                __d2b
 .text.__ratio  0x20004c2c       0x70 c:/isis/application/toolchain/bin/../lib/gcc/arm-none-eabi/4.7.4/../../../../arm-none-eabi/lib\libc_s.a(lib_a-mprec.o)
                0x20004c2c                __ratio
 .text.__copybits
                0x20004c9c       0x4c c:/isis/application/toolchain/bin/../lib/gcc/arm-none-eabi/4.7.4/../../../../arm-none-eabi/lib\libc_s.a(lib_a-mprec.o)
                0x20004c9c                __copybits
 .text.__any_on
                0x20004ce8       0x7c c:/isis/application/toolchain/bin/../lib/gcc/arm-none-eabi/4.7.4/../../../../arm-none-eabi/lib\libc_s.a(lib_a-mprec.o)
                0x20004ce8                __any_on
 .text.__fpclassifyd
                0x20004d64       0x6c c:/isis/application/toolchain/bin/../lib/gcc/arm-none-eabi/4.7.4/../../../../arm-none-eabi/lib\libc_s.a(lib_a-s_fpclassify.o)
                0x20004d64                __fpclassifyd
 .text._sbrk_r  0x20004dd0       0x3c c:/isis/application/toolchain/bin/../lib/gcc/arm-none-eabi/4.7.4/../../../../arm-none-eabi/lib\libc_s.a(lib_a-sbrkr.o)
                0x20004dd0                _sbrk_r
 .text.nanf     0x20004e0c        0xc c:/isis/application/toolchain/bin/../lib/gcc/arm-none-eabi/4.7.4/../../../../arm-none-eabi/lib\libc_s.a(lib_a-sf_nan.o)
                0x20004e0c                nanf
 .text.sprintf  0x20004e18       0x6c c:/isis/application/toolchain/bin/../lib/gcc/arm-none-eabi/4.7.4/../../../../arm-none-eabi/lib\libc_s.a(lib_a-sprintf.o)
                0x20004e18                siprintf
                0x20004e18                sprintf
 .text.strcmp   0x20004e84       0x1c c:/isis/application/toolchain/bin/../lib/gcc/arm-none-eabi/4.7.4/../../../../arm-none-eabi/lib\libc_s.a(lib_a-strcmp.o)
                0x20004e84                strcmp
 .text.strlen   0x20004ea0       0x1c c:/isis/application/toolchain/bin/../lib/gcc/arm-none-eabi/4.7.4/../../../../arm-none-eabi/lib\libc_s.a(lib_a-strlen.o)
                0x20004ea0                strlen
 .text.match    0x20004ebc       0x54 c:/isis/application/toolchain/bin/../lib/gcc/arm-none-eabi/4.7.4/../../../../arm-none-eabi/lib\libc_s.a(lib_a-strtod.o)
 .text._strtod_r
                0x20004f10     0x1168 c:/isis/application/toolchain/bin/../lib/gcc/arm-none-eabi/4.7.4/../../../../arm-none-eabi/lib\libc_s.a(lib_a-strtod.o)
                0x20004f10                _strtod_r
 .text._strtol_r
                0x20006078      0x1b8 c:/isis/application/toolchain/bin/../lib/gcc/arm-none-eabi/4.7.4/../../../../arm-none-eabi/lib\libc_s.a(lib_a-strtol.o)
                0x20006078                _strtol_r
 .text.__ssputc_r
                0x20006230      0x10c c:/isis/application/toolchain/bin/../lib/gcc/arm-none-eabi/4.7.4/../../../../arm-none-eabi/lib\libc_s.a(lib_a-svfprintf.o)
                0x20006230                __ssputc_r
 .text._svfprintf_r
                0x2000633c      0x328 c:/isis/application/toolchain/bin/../lib/gcc/arm-none-eabi/4.7.4/../../../../arm-none-eabi/lib\libc_s.a(lib_a-svfprintf.o)
                0x2000633c                _svfiprintf_r
                0x2000633c                _svfprintf_r
 .text._calloc_r
                0x20006664       0x2c c:/isis/application/toolchain/bin/../lib/gcc/arm-none-eabi/4.7.4/../../../../arm-none-eabi/lib\libc_s.a(lib_a-callocr.o)
                0x20006664                _calloc_r
 .text._free_r  0x20006690      0x108 c:/isis/application/toolchain/bin/../lib/gcc/arm-none-eabi/4.7.4/../../../../arm-none-eabi/lib\libc_s.a(lib_a-freer.o)
                0x20006690                _free_r
 .text.rshift   0x20006798       0xb0 c:/isis/application/toolchain/bin/../lib/gcc/arm-none-eabi/4.7.4/../../../../arm-none-eabi/lib\libc_s.a(lib_a-gdtoa-gethex.o)
 .text.htinit.constprop.0
                0x20006848       0x34 c:/isis/application/toolchain/bin/../lib/gcc/arm-none-eabi/4.7.4/../../../../arm-none-eabi/lib\libc_s.a(lib_a-gdtoa-gethex.o)
 .text.__hexdig_init
                0x2000687c       0x38 c:/isis/application/toolchain/bin/../lib/gcc/arm-none-eabi/4.7.4/../../../../arm-none-eabi/lib\libc_s.a(lib_a-gdtoa-gethex.o)
                0x2000687c                __hexdig_init
 .text.__gethex
                0x200068b4      0x6cc c:/isis/application/toolchain/bin/../lib/gcc/arm-none-eabi/4.7.4/../../../../arm-none-eabi/lib\libc_s.a(lib_a-gdtoa-gethex.o)
                0x200068b4                __gethex
 .text.L_shift  0x20006f80       0x38 c:/isis/application/toolchain/bin/../lib/gcc/arm-none-eabi/4.7.4/../../../../arm-none-eabi/lib\libc_s.a(lib_a-gdtoa-hexnan.o)
 .text.__hexnan
                0x20006fb8      0x1d8 c:/isis/application/toolchain/bin/../lib/gcc/arm-none-eabi/4.7.4/../../../../arm-none-eabi/lib\libc_s.a(lib_a-gdtoa-hexnan.o)
                0x20006fb8                __hexnan
 .text.memchr   0x20007190       0x34 c:/isis/application/toolchain/bin/../lib/gcc/arm-none-eabi/4.7.4/../../../../arm-none-eabi/lib\libc_s.a(lib_a-memchr.o)
                0x20007190                memchr
 .text.memset   0x200071c4       0x1c c:/isis/application/toolchain/bin/../lib/gcc/arm-none-eabi/4.7.4/../../../../arm-none-eabi/lib\libc_s.a(lib_a-memset.o)
                0x200071c4                memset
 .text._realloc_r
                0x200071e0       0x80 c:/isis/application/toolchain/bin/../lib/gcc/arm-none-eabi/4.7.4/../../../../arm-none-eabi/lib\libc_s.a(lib_a-reallocr.o)
                0x200071e0                _realloc_r
 .text.strncmp  0x20007260       0x64 c:/isis/application/toolchain/bin/../lib/gcc/arm-none-eabi/4.7.4/../../../../arm-none-eabi/lib\libc_s.a(lib_a-strncmp.o)
                0x20007260                strncmp
 .text._malloc_usable_size_r
                0x200072c4       0x1c c:/isis/application/toolchain/bin/../lib/gcc/arm-none-eabi/4.7.4/../../../../arm-none-eabi/lib\libc_s.a(lib_a-msizer.o)
                0x200072c4                _malloc_usable_size_r
 .text.GetChunkFromImage
                0x200072e0      0x2e0 ./src/sub-systemCode/payload/Request Management/Dump/Butchering.o
                0x200072e0                GetChunkFromImage
 .text.SimpleButcher
                0x200075c0       0xf4 ./src/sub-systemCode/payload/Request Management/Dump/Butchering.o
                0x200075c0                SimpleButcher
 .text.readChunkDimentionsFromFRAM
                0x200076b4       0x80 ./src/sub-systemCode/payload/Request Management/Dump/imageDump.o
                0x200076b4                readChunkDimentionsFromFRAM
 .text.setChunkDimensions_inFRAM
                0x20007734      0x10c ./src/sub-systemCode/payload/Request Management/Dump/imageDump.o
                0x20007734                setChunkDimensions_inFRAM
 .text.find_subType_ofImage
                0x20007840       0xe0 ./src/sub-systemCode/payload/Request Management/Dump/imageDump.o
                0x20007840                find_subType_ofImage
 .text.buildAndSend_chunck
                0x20007920      0x320 ./src/sub-systemCode/payload/Request Management/Dump/imageDump.o
                0x20007920                buildAndSend_chunck
 .text.bitField_imageDump
                0x20007c40      0x2a4 ./src/sub-systemCode/payload/Request Management/Dump/imageDump.o
                0x20007c40                bitField_imageDump
 .text.imageDataBase_Dump
                0x20007ee4      0x104 ./src/sub-systemCode/payload/Request Management/Dump/imageDump.o
                0x20007ee4                imageDataBase_Dump
 .text.chunkField_imageDump
                0x20007fe8      0x244 ./src/sub-systemCode/payload/Request Management/Dump/imageDump.o
                0x20007fe8                chunkField_imageDump
 .text.imageDump_task
                0x2000822c      0x3f8 ./src/sub-systemCode/payload/Request Management/Dump/imageDump.o
                0x2000822c                imageDump_task
 .text.CameraManagerTaskMain
                0x20008624       0xe0 ./src/sub-systemCode/payload/Request Management/CameraManeger.o
                0x20008624                CameraManagerTaskMain
 .text.initCamera
                0x20008704       0xa4 ./src/sub-systemCode/payload/Request Management/CameraManeger.o
                0x20008704                initCamera
 .text.KickStartCamera
                0x200087a8       0xb4 ./src/sub-systemCode/payload/Request Management/CameraManeger.o
                0x200087a8                KickStartCamera
 .text.addRequestToQueue
                0x2000885c       0xa8 ./src/sub-systemCode/payload/Request Management/CameraManeger.o
                0x2000885c                addRequestToQueue
 .text.removeRequestFromQueue
                0x20008904       0x7c ./src/sub-systemCode/payload/Request Management/CameraManeger.o
                0x20008904                removeRequestFromQueue
 .text.Take_pictures_with_time_in_between
                0x20008980       0xb8 ./src/sub-systemCode/payload/Request Management/CameraManeger.o
                0x20008980                Take_pictures_with_time_in_between
 .text.Gecko_TroubleShooter
                0x20008a38       0xdc ./src/sub-systemCode/payload/Request Management/CameraManeger.o
                0x20008a38                Gecko_TroubleShooter
 .text.startDumpTask
                0x20008b14       0x70 ./src/sub-systemCode/payload/Request Management/CameraManeger.o
                0x20008b14                startDumpTask
 .text.act_upon_request
                0x20008b84      0x380 ./src/sub-systemCode/payload/Request Management/CameraManeger.o
                0x20008b84                act_upon_request
 .text.TakePicture
                0x20008f04       0x4c ./src/sub-systemCode/payload/Request Management/DB_RequestHandling.o
                0x20008f04                TakePicture
 .text.TakeSpecialPicture
                0x20008f50      0x104 ./src/sub-systemCode/payload/Request Management/DB_RequestHandling.o
                0x20008f50                TakeSpecialPicture
 .text.DeletePictureFile
                0x20009054       0x88 ./src/sub-systemCode/payload/Request Management/DB_RequestHandling.o
                0x20009054                DeletePictureFile
 .text.DeletePicture
                0x200090dc       0x6c ./src/sub-systemCode/payload/Request Management/DB_RequestHandling.o
                0x200090dc                DeletePicture
 .text.TransferPicture
                0x20009148       0x54 ./src/sub-systemCode/payload/Request Management/DB_RequestHandling.o
                0x20009148                TransferPicture
 .text.CreateThumbnail
                0x2000919c       0x80 ./src/sub-systemCode/payload/Request Management/DB_RequestHandling.o
                0x2000919c                CreateThumbnail
 .text.CreateJPG
                0x2000921c       0x7c ./src/sub-systemCode/payload/Request Management/DB_RequestHandling.o
                0x2000921c                CreateJPG
 .text.UpdatePhotographyValues
                0x20009298       0xb4 ./src/sub-systemCode/payload/Request Management/DB_RequestHandling.o
                0x20009298                UpdatePhotographyValues
 .text.setChunkDimensions
                0x2000934c       0x64 ./src/sub-systemCode/payload/Request Management/DB_RequestHandling.o
                0x2000934c                setChunkDimensions
 .text.convert2char
                0x200093b0      0x14c ./src/sub-systemCode/payload/Misc/Boolean_bit.o
                0x200093b0                convert2char
 .text.convert2byte
                0x200094fc      0x1c8 ./src/sub-systemCode/payload/Misc/Boolean_bit.o
                0x200094fc                convert2byte
 .text.bits2byte
                0x200096c4      0x17c ./src/sub-systemCode/payload/Misc/Boolean_bit.o
                0x200096c4                bits2byte
 .text.byte2bits
                0x20009840      0x17c ./src/sub-systemCode/payload/Misc/Boolean_bit.o
                0x20009840                byte2bits
 .text.char2bits
                0x200099bc       0x44 ./src/sub-systemCode/payload/Misc/Boolean_bit.o
                0x200099bc                char2bits
 .text.bits2char
                0x20009a00       0x3c ./src/sub-systemCode/payload/Misc/Boolean_bit.o
                0x20009a00                bits2char
 .text.keepTryingTo_enterFS
                0x20009a3c       0x38 ./src/sub-systemCode/payload/Misc/FileSystem.o
                0x20009a3c                keepTryingTo_enterFS
 .text.releaseFS
                0x20009a74       0x3c ./src/sub-systemCode/payload/Misc/FileSystem.o
                0x20009a74                releaseFS
 .text.OpenFile
                0x20009ab0       0x3c ./src/sub-systemCode/payload/Misc/FileSystem.o
                0x20009ab0                OpenFile
 .text.CloseFile
                0x20009aec       0x44 ./src/sub-systemCode/payload/Misc/FileSystem.o
                0x20009aec                CloseFile
 .text.DeleteFile
                0x20009b30       0x4c ./src/sub-systemCode/payload/Misc/FileSystem.o
                0x20009b30                DeleteFile
 .text.ReadFromFile
                0x20009b7c       0x6c ./src/sub-systemCode/payload/Misc/FileSystem.o
                0x20009b7c                ReadFromFile
 .text.WriteToFile
                0x20009be8       0x74 ./src/sub-systemCode/payload/Misc/FileSystem.o
                0x20009be8                WriteToFile
 .text.Initialized_GPIO
                0x20009c5c       0x54 ./src/sub-systemCode/payload/Drivers/GeckoCameraDriver.o
                0x20009c5c                Initialized_GPIO
 .text.TurnOnGecko
                0x20009cb0      0x140 ./src/sub-systemCode/payload/Drivers/GeckoCameraDriver.o
                0x20009cb0                TurnOnGecko
 .text.TurnOffGecko
                0x20009df0       0xd8 ./src/sub-systemCode/payload/Drivers/GeckoCameraDriver.o
                0x20009df0                TurnOffGecko
 .text.initGecko
                0x20009ec8       0x3c ./src/sub-systemCode/payload/Drivers/GeckoCameraDriver.o
                0x20009ec8                initGecko
 .text.GECKO_TakeImage
                0x20009f04      0x2f4 ./src/sub-systemCode/payload/Drivers/GeckoCameraDriver.o
                0x20009f04                GECKO_TakeImage
 .text.GECKO_ReadImage
                0x2000a1f8      0x234 ./src/sub-systemCode/payload/Drivers/GeckoCameraDriver.o
                0x2000a1f8                GECKO_ReadImage
 .text.GECKO_EraseBlock
                0x2000a42c       0xf0 ./src/sub-systemCode/payload/Drivers/GeckoCameraDriver.o
                0x2000a42c                GECKO_EraseBlock
 .text.getFileName
                0x2000a51c      0x1a0 ./src/sub-systemCode/payload/DataBase/DataBase.o
 .text.zeroImageDataBase
                0x2000a6bc       0xfc ./src/sub-systemCode/payload/DataBase/DataBase.o
                0x2000a6bc                zeroImageDataBase
 .text.updateGeneralDataBaseParameters
                0x2000a7b8       0x5c ./src/sub-systemCode/payload/DataBase/DataBase.o
                0x2000a7b8                updateGeneralDataBaseParameters
 .text.SearchDataBase_byID
                0x2000a814      0x220 ./src/sub-systemCode/payload/DataBase/DataBase.o
                0x2000a814                SearchDataBase_byID
 .text.SearchDataBase_byMark
                0x2000aa34       0xa4 ./src/sub-systemCode/payload/DataBase/DataBase.o
                0x2000aa34                SearchDataBase_byMark
 .text.checkForFileType
                0x2000aad8       0x68 ./src/sub-systemCode/payload/DataBase/DataBase.o
                0x2000aad8                checkForFileType
 .text.updateFileTypes
                0x2000ab40       0xbc ./src/sub-systemCode/payload/DataBase/DataBase.o
                0x2000ab40                updateFileTypes
 .text.GetImageFactor
                0x2000abfc       0x58 ./src/sub-systemCode/payload/DataBase/DataBase.o
                0x2000abfc                GetImageFactor
 .text.readImageFromBuffer
                0x2000ac54      0x12c ./src/sub-systemCode/payload/DataBase/DataBase.o
                0x2000ac54                readImageFromBuffer
 .text.saveImageToBuffer
                0x2000ad80      0x12c ./src/sub-systemCode/payload/DataBase/DataBase.o
                0x2000ad80                saveImageToBuffer
 .text.getLatestID
                0x2000aeac       0x48 ./src/sub-systemCode/payload/DataBase/DataBase.o
                0x2000aeac                getLatestID
 .text.getDataBaseStart
                0x2000aef4       0x20 ./src/sub-systemCode/payload/DataBase/DataBase.o
                0x2000aef4                getDataBaseStart
 .text.setDataBaseValues
                0x2000af14      0x1d8 ./src/sub-systemCode/payload/DataBase/DataBase.o
                0x2000af14                setDataBaseValues
 .text.initImageDataBase
                0x2000b0ec      0x1b0 ./src/sub-systemCode/payload/DataBase/DataBase.o
                0x2000b0ec                initImageDataBase
 .text.resetImageDataBase
                0x2000b29c       0x98 ./src/sub-systemCode/payload/DataBase/DataBase.o
                0x2000b29c                resetImageDataBase
 .text.setCameraPhotographyValues
                0x2000b334      0x10c ./src/sub-systemCode/payload/DataBase/DataBase.o
                0x2000b334                setCameraPhotographyValues
 .text.transferImageToSD_withoutSearch
                0x2000b440      0x15c ./src/sub-systemCode/payload/DataBase/DataBase.o
                0x2000b440                transferImageToSD_withoutSearch
 .text.transferImageToSD
                0x2000b59c       0xb4 ./src/sub-systemCode/payload/DataBase/DataBase.o
                0x2000b59c                transferImageToSD
 .text.DeleteImageFromOBC_withoutSearch
                0x2000b650       0xe0 ./src/sub-systemCode/payload/DataBase/DataBase.o
                0x2000b650                DeleteImageFromOBC_withoutSearch
 .text.DeleteImageFromOBC
                0x2000b730       0xb4 ./src/sub-systemCode/payload/DataBase/DataBase.o
                0x2000b730                DeleteImageFromOBC
 .text.DeleteImageFromPayload
                0x2000b7e4      0x25c ./src/sub-systemCode/payload/DataBase/DataBase.o
                0x2000b7e4                DeleteImageFromPayload
 .text.clearImageDataBase
                0x2000ba40      0x114 ./src/sub-systemCode/payload/DataBase/DataBase.o
                0x2000ba40                clearImageDataBase
 .text.handleMarkedPictures
                0x2000bb54      0x1dc ./src/sub-systemCode/payload/DataBase/DataBase.o
                0x2000bb54                handleMarkedPictures
 .text.writeNewImageMetaDataToFRAM
                0x2000bd30      0x234 ./src/sub-systemCode/payload/DataBase/DataBase.o
                0x2000bd30                writeNewImageMetaDataToFRAM
 .text.takePicture
                0x2000bf64      0x370 ./src/sub-systemCode/payload/DataBase/DataBase.o
                0x2000bf64                takePicture
 .text.takePicture_withSpecialParameters
                0x2000c2d4       0xbc ./src/sub-systemCode/payload/DataBase/DataBase.o
                0x2000c2d4                takePicture_withSpecialParameters
 .text.GetImageFileName
                0x2000c390       0xc0 ./src/sub-systemCode/payload/DataBase/DataBase.o
                0x2000c390                GetImageFileName
 .text.getDataBaseSize
                0x2000c450       0x20 ./src/sub-systemCode/payload/DataBase/DataBase.o
                0x2000c450                getDataBaseSize
 .text.getImageDataBaseBuffer
                0x2000c470      0x240 ./src/sub-systemCode/payload/DataBase/DataBase.o
                0x2000c470                getImageDataBaseBuffer
 .text.TransformRawToBMP
                0x2000c6b0      0x1e0 ./src/sub-systemCode/payload/Compression/jpeg/bmp/rawToBMP.o
                0x2000c6b0                TransformRawToBMP
 .text.interpolate
                0x2000c890      0x8d0 ./src/sub-systemCode/payload/Compression/jpeg/bmp/rawToBMP.o
                0x2000c890                interpolate
 .text.getInputAt
                0x2000d160      0x308 ./src/sub-systemCode/payload/Compression/jpeg/bmp/rawToBMP.o
                0x2000d160                getInputAt
 .text.f_writeF_FILEHeader
                0x2000d468      0x2f0 ./src/sub-systemCode/payload/Compression/jpeg/bmp/rawToBMP.o
                0x2000d468                f_writeF_FILEHeader
 .text.f_writeOutputRow
                0x2000d758       0xbc ./src/sub-systemCode/payload/Compression/jpeg/bmp/rawToBMP.o
                0x2000d758                f_writeOutputRow
 .text.dct      0x2000d814      0x9c4 ./src/sub-systemCode/payload/Compression/jpeg/DCT.o
                0x2000d814                dct
 .text.JPEG_compressor
                0x2000e1d8       0xfc ./src/sub-systemCode/payload/Compression/jpeg/ImgCompressor.o
                0x2000e1d8                JPEG_compressor
 .text.Create_BMP_File
                0x2000e2d4       0xf4 ./src/sub-systemCode/payload/Compression/jpeg/ImgCompressor.o
                0x2000e2d4                Create_BMP_File
 .text.CompressImage
                0x2000e3c8      0x1ec ./src/sub-systemCode/payload/Compression/jpeg/ImgCompressor.o
                0x2000e3c8                CompressImage
 .text.clamp    0x2000e5b4       0x60 ./src/sub-systemCode/payload/Compression/jpeg/color_conv.o
                0x2000e5b4                clamp
 .text.RGB_to_YCC
                0x2000e614      0x1a8 ./src/sub-systemCode/payload/Compression/jpeg/color_conv.o
                0x2000e614                RGB_to_YCC
 .text.RGB_to_Y
                0x2000e7bc       0xc4 ./src/sub-systemCode/payload/Compression/jpeg/color_conv.o
                0x2000e7bc                RGB_to_Y
 .text.Y_to_YCC
                0x2000e880       0x88 ./src/sub-systemCode/payload/Compression/jpeg/color_conv.o
                0x2000e880                Y_to_YCC
 .text.compress_image_to_jpeg_file
                0x2000e908      0x1ac ./src/sub-systemCode/payload/Compression/jpeg/jpeg.o
                0x2000e908                compress_image_to_jpeg_file
 .text.emit_marker
                0x2000eab4       0xc8 ./src/sub-systemCode/payload/Compression/jpeg/jpeg_encoder.o
                0x2000eab4                emit_marker
 .text.emit_byte
                0x2000eb7c       0x6c ./src/sub-systemCode/payload/Compression/jpeg/jpeg_encoder.o
                0x2000eb7c                emit_byte
 .text.emit_word
                0x2000ebe8       0xd0 ./src/sub-systemCode/payload/Compression/jpeg/jpeg_encoder.o
                0x2000ebe8                emit_word
 .text.emit_jfif_app0
                0x2000ecb8       0xc0 ./src/sub-systemCode/payload/Compression/jpeg/jpeg_encoder.o
                0x2000ecb8                emit_jfif_app0
 .text.emit_dqt
                0x2000ed78       0xd8 ./src/sub-systemCode/payload/Compression/jpeg/jpeg_encoder.o
                0x2000ed78                emit_dqt
 .text.emit_sof
                0x2000ee50      0x14c ./src/sub-systemCode/payload/Compression/jpeg/jpeg_encoder.o
                0x2000ee50                emit_sof
 .text.emit_dht
                0x2000ef9c      0x138 ./src/sub-systemCode/payload/Compression/jpeg/jpeg_encoder.o
                0x2000ef9c                emit_dht
 .text.emit_dhts
                0x2000f0d4       0xd8 ./src/sub-systemCode/payload/Compression/jpeg/jpeg_encoder.o
                0x2000f0d4                emit_dhts
 .text.emit_sos
                0x2000f1ac       0xec ./src/sub-systemCode/payload/Compression/jpeg/jpeg_encoder.o
                0x2000f1ac                emit_sos
 .text.emit_markers
                0x2000f298       0x4c ./src/sub-systemCode/payload/Compression/jpeg/jpeg_encoder.o
                0x2000f298                emit_markers
 .text.compute_huffman_table
                0x2000f2e4      0x334 ./src/sub-systemCode/payload/Compression/jpeg/jpeg_encoder.o
                0x2000f2e4                compute_huffman_table
 .text.compute_quant_table
                0x2000f618      0x11c ./src/sub-systemCode/payload/Compression/jpeg/jpeg_encoder.o
                0x2000f618                compute_quant_table
 .text.first_pass_init
                0x2000f734       0x54 ./src/sub-systemCode/payload/Compression/jpeg/jpeg_encoder.o
                0x2000f734                first_pass_init
 .text.second_pass_init
                0x2000f788      0x110 ./src/sub-systemCode/payload/Compression/jpeg/jpeg_encoder.o
                0x2000f788                second_pass_init
 .text.jpg_open
                0x2000f898      0x7b4 ./src/sub-systemCode/payload/Compression/jpeg/jpeg_encoder.o
                0x2000f898                jpg_open
 .text.load_block_8_8_grey
                0x2001004c      0x164 ./src/sub-systemCode/payload/Compression/jpeg/jpeg_encoder.o
                0x2001004c                load_block_8_8_grey
 .text.load_block_8_8
                0x200101b0      0x198 ./src/sub-systemCode/payload/Compression/jpeg/jpeg_encoder.o
                0x200101b0                load_block_8_8
 .text.load_block_16_8
                0x20010348      0x3cc ./src/sub-systemCode/payload/Compression/jpeg/jpeg_encoder.o
                0x20010348                load_block_16_8
 .text.load_block_16_8_8
                0x20010714      0x2a8 ./src/sub-systemCode/payload/Compression/jpeg/jpeg_encoder.o
                0x20010714                load_block_16_8_8
 .text.load_coefficients
                0x200109bc      0x1c8 ./src/sub-systemCode/payload/Compression/jpeg/jpeg_encoder.o
                0x200109bc                load_coefficients
 .text.flush_output_buffer
                0x20010b84       0xa0 ./src/sub-systemCode/payload/Compression/jpeg/jpeg_encoder.o
                0x20010b84                flush_output_buffer
 .text.put_bits
                0x20010c24      0x170 ./src/sub-systemCode/payload/Compression/jpeg/jpeg_encoder.o
                0x20010c24                put_bits
 .text.code_coefficients_pass_two
                0x20010d94      0x338 ./src/sub-systemCode/payload/Compression/jpeg/jpeg_encoder.o
                0x20010d94                code_coefficients_pass_two
 .text.code_block
                0x200110cc       0x44 ./src/sub-systemCode/payload/Compression/jpeg/jpeg_encoder.o
                0x200110cc                code_block
 .text.process_mcu_row
                0x20011110      0x328 ./src/sub-systemCode/payload/Compression/jpeg/jpeg_encoder.o
                0x20011110                process_mcu_row
 .text.terminate_pass_two
                0x20011438       0x44 ./src/sub-systemCode/payload/Compression/jpeg/jpeg_encoder.o
                0x20011438                terminate_pass_two
 .text.process_end_of_image
                0x2001147c       0xc0 ./src/sub-systemCode/payload/Compression/jpeg/jpeg_encoder.o
                0x2001147c                process_end_of_image
 .text.load_mcu
                0x2001153c      0x29c ./src/sub-systemCode/payload/Compression/jpeg/jpeg_encoder.o
                0x2001153c                load_mcu
 .text.clear    0x200117d8      0x1e0 ./src/sub-systemCode/payload/Compression/jpeg/jpeg_encoder.o
                0x200117d8                clear
 .text.init     0x200119b8       0xe4 ./src/sub-systemCode/payload/Compression/jpeg/jpeg_encoder.o
                0x200119b8                init
 .text.deinit   0x20011a9c      0x160 ./src/sub-systemCode/payload/Compression/jpeg/jpeg_encoder.o
                0x20011a9c                deinit
 .text.process_scanline
                0x20011bfc       0x6c ./src/sub-systemCode/payload/Compression/jpeg/jpeg_encoder.o
                0x20011bfc                process_scanline
 .text.jpge_malloc
                0x20011c68       0x28 ./src/sub-systemCode/payload/Compression/jpeg/jpeg_memory_alloc.o
                0x20011c68                jpge_malloc
 .text.jpge_cmalloc
                0x20011c90       0x48 ./src/sub-systemCode/payload/Compression/jpeg/jpeg_memory_alloc.o
                0x20011c90                jpge_cmalloc
 .text.jpge_free
                0x20011cd8       0x24 ./src/sub-systemCode/payload/Compression/jpeg/jpeg_memory_alloc.o
                0x20011cd8                jpge_free
 .text.check    0x20011cfc       0x78 ./src/sub-systemCode/payload/Compression/jpeg/jpeg_params.o
                0x20011cfc                check
 .text.open_jpeg_file
                0x20011d74       0xfc ./src/sub-systemCode/payload/Compression/jpeg/output_stream.o
                0x20011d74                open_jpeg_file
 .text.close_jpeg_file
                0x20011e70      0x118 ./src/sub-systemCode/payload/Compression/jpeg/output_stream.o
                0x20011e70                close_jpeg_file
 .text.put_buf  0x20011f88      0x258 ./src/sub-systemCode/payload/Compression/jpeg/output_stream.o
                0x20011f88                put_buf
 .text.GetBayerPixel
                0x200121e0       0xe8 ./src/sub-systemCode/payload/Compression/ImageConversion.o
 .text.BinImage
                0x200122c8      0x2c8 ./src/sub-systemCode/payload/Compression/ImageConversion.o
                0x200122c8                BinImage
 .text.ImageSkipping
                0x20012590      0x2ac ./src/sub-systemCode/payload/Compression/ImageConversion.o
                0x20012590                ImageSkipping
 .text.CreateImageThumbnail_withoutSearch
                0x2001283c      0x14c ./src/sub-systemCode/payload/Compression/ImageConversion.o
                0x2001283c                CreateImageThumbnail_withoutSearch
 .text.CreateImageThumbnail
                0x20012988       0x94 ./src/sub-systemCode/payload/Compression/ImageConversion.o
                0x20012988                CreateImageThumbnail
 .text.compressImage
                0x20012a1c      0x17c ./src/sub-systemCode/payload/Compression/ImageConversion.o
                0x20012a1c                compressImage
 .text.cmd_mute
                0x20012b98       0xc4 ./src/sub-systemCode/Main/CMD/COMM_CMD.o
                0x20012b98                cmd_mute
 .text.cmd_unmute
                0x20012c5c       0x4c ./src/sub-systemCode/Main/CMD/COMM_CMD.o
                0x20012c5c                cmd_unmute
 .text.cmd_active_trans
                0x20012ca8       0xc0 ./src/sub-systemCode/Main/CMD/COMM_CMD.o
                0x20012ca8                cmd_active_trans
 .text.cmd_shut_trans
                0x20012d68       0x38 ./src/sub-systemCode/Main/CMD/COMM_CMD.o
                0x20012d68                cmd_shut_trans
 .text.cmd_change_trans_rssi
                0x20012da0      0x100 ./src/sub-systemCode/Main/CMD/COMM_CMD.o
                0x20012da0                cmd_change_trans_rssi
 .text.cmd_aprs_dump
                0x20012ea0       0x50 ./src/sub-systemCode/Main/CMD/COMM_CMD.o
                0x20012ea0                cmd_aprs_dump
 .text.cmd_stop_dump
                0x20012ef0       0x38 ./src/sub-systemCode/Main/CMD/COMM_CMD.o
                0x20012ef0                cmd_stop_dump
 .text.cmd_time_frequency
                0x20012f28       0xc0 ./src/sub-systemCode/Main/CMD/COMM_CMD.o
                0x20012f28                cmd_time_frequency
 .text.cmd_change_def_bit_rate
                0x20012fe8      0x158 ./src/sub-systemCode/Main/CMD/COMM_CMD.o
                0x20012fe8                cmd_change_def_bit_rate
 .text.cmd_upload_volt_logic
                0x20013140      0x334 ./src/sub-systemCode/Main/CMD/EPS_CMD.o
                0x20013140                cmd_upload_volt_logic
 .text.cmd_upload_volt_COMM
                0x20013474      0x1c8 ./src/sub-systemCode/Main/CMD/EPS_CMD.o
                0x20013474                cmd_upload_volt_COMM
 .text.cmd_heater_temp
                0x2001363c       0xc0 ./src/sub-systemCode/Main/CMD/EPS_CMD.o
                0x2001363c                cmd_heater_temp
 .text.cmd_SHUT_CAM
                0x200136fc       0x6c ./src/sub-systemCode/Main/CMD/EPS_CMD.o
                0x200136fc                cmd_SHUT_CAM
 .text.cmd_SHUT_ADCS
                0x20013768       0x6c ./src/sub-systemCode/Main/CMD/EPS_CMD.o
                0x20013768                cmd_SHUT_ADCS
 .text.cmd_allow_CAM
                0x200137d4       0x6c ./src/sub-systemCode/Main/CMD/EPS_CMD.o
                0x200137d4                cmd_allow_CAM
 .text.cmd_allow_ADCS
                0x20013840       0x6c ./src/sub-systemCode/Main/CMD/EPS_CMD.o
                0x20013840                cmd_allow_ADCS
 .text.cmd_update_alpha
                0x200138ac       0xfc ./src/sub-systemCode/Main/CMD/EPS_CMD.o
                0x200138ac                cmd_update_alpha
 .text.cmd_generic_I2C
                0x200139a8       0xb4 ./src/sub-systemCode/Main/CMD/General_CMD.o
                0x200139a8                cmd_generic_I2C
 .text.cmd_dump
                0x20013a5c       0xf0 ./src/sub-systemCode/Main/CMD/General_CMD.o
                0x20013a5c                cmd_dump
 .text.cmd_delete_TM
                0x20013b4c      0x230 ./src/sub-systemCode/Main/CMD/General_CMD.o
                0x20013b4c                cmd_delete_TM
 .text.cmd_reset_file
                0x20013d7c      0x118 ./src/sub-systemCode/Main/CMD/General_CMD.o
                0x20013d7c                cmd_reset_file
 .text.cmd_dummy_func
                0x20013e94       0x40 ./src/sub-systemCode/Main/CMD/General_CMD.o
                0x20013e94                cmd_dummy_func
 .text.cmd_reset_TLM_SD
                0x20013ed4       0x4c ./src/sub-systemCode/Main/CMD/General_CMD.o
                0x20013ed4                cmd_reset_TLM_SD
 .text.cmd_soft_reset_cmponent
                0x20013f20       0xac ./src/sub-systemCode/Main/CMD/General_CMD.o
                0x20013f20                cmd_soft_reset_cmponent
 .text.cmd_hard_reset_cmponent
                0x20013fcc       0xac ./src/sub-systemCode/Main/CMD/General_CMD.o
                0x20013fcc                cmd_hard_reset_cmponent
 .text.cmd_reset_satellite
                0x20014078       0x78 ./src/sub-systemCode/Main/CMD/General_CMD.o
                0x20014078                cmd_reset_satellite
 .text.cmd_gracefull_reset_satellite
                0x200140f0       0x78 ./src/sub-systemCode/Main/CMD/General_CMD.o
                0x200140f0                cmd_gracefull_reset_satellite
 .text.cmd_upload_time
                0x20014168       0xb0 ./src/sub-systemCode/Main/CMD/General_CMD.o
                0x20014168                cmd_upload_time
 .text.cmd_ARM_DIARM
                0x20014218       0xd4 ./src/sub-systemCode/Main/CMD/General_CMD.o
                0x20014218                cmd_ARM_DIARM
 .text.cmd_get_onlineTM
                0x200142ec      0x148 ./src/sub-systemCode/Main/CMD/General_CMD.o
                0x200142ec                cmd_get_onlineTM
 .text.cmd_reset_off_line
                0x20014434       0x68 ./src/sub-systemCode/Main/CMD/General_CMD.o
                0x20014434                cmd_reset_off_line
 .text.cmd_add_item_off_line
                0x2001449c       0xf4 ./src/sub-systemCode/Main/CMD/General_CMD.o
                0x2001449c                cmd_add_item_off_line
 .text.cmd_delete_item_off_line
                0x20014590       0x98 ./src/sub-systemCode/Main/CMD/General_CMD.o
                0x20014590                cmd_delete_item_off_line
 .text.cmd_get_off_line_setting
                0x20014628      0x108 ./src/sub-systemCode/Main/CMD/General_CMD.o
                0x20014628                cmd_get_off_line_setting
 .text.cmd_reset_delayed_command_list
                0x20014730       0x3c ./src/sub-systemCode/Main/CMD/SW_CMD.o
                0x20014730                cmd_reset_delayed_command_list
 .text.cmd_reset_APRS_list
                0x2001476c       0x3c ./src/sub-systemCode/Main/CMD/SW_CMD.o
                0x2001476c                cmd_reset_APRS_list
 .text.cmd_reset_FRAM
                0x200147a8       0xe8 ./src/sub-systemCode/Main/CMD/SW_CMD.o
                0x200147a8                cmd_reset_FRAM
 .text.ARM_ants
                0x20014890       0xb8 ./src/sub-systemCode/Main/Ants.o
                0x20014890                ARM_ants
 .text.DISARM_ants
                0x20014948       0xb8 ./src/sub-systemCode/Main/Ants.o
                0x20014948                DISARM_ants
 .text.round_vol
                0x20014a00      0x124 ./src/sub-systemCode/Main/EPS.o
                0x20014a00                round_vol
 .text.get_shut_ADCS
                0x20014b24       0x48 ./src/sub-systemCode/Main/EPS.o
                0x20014b24                get_shut_ADCS
 .text.shut_ADCS
                0x20014b6c       0x44 ./src/sub-systemCode/Main/EPS.o
                0x20014b6c                shut_ADCS
 .text.get_shut_CAM
                0x20014bb0       0x48 ./src/sub-systemCode/Main/EPS.o
                0x20014bb0                get_shut_CAM
 .text.shut_CAM
                0x20014bf8       0x44 ./src/sub-systemCode/Main/EPS.o
                0x20014bf8                shut_CAM
 .text.update_powerLines
                0x20014c3c       0xec ./src/sub-systemCode/Main/EPS.o
                0x20014c3c                update_powerLines
 .text.get_EPS_mode_t
                0x20014d28       0x24 ./src/sub-systemCode/Main/EPS.o
                0x20014d28                get_EPS_mode_t
 .text.init_enterMode
                0x20014d4c       0x88 ./src/sub-systemCode/Main/EPS.o
                0x20014d4c                init_enterMode
 .text.EPS_Init
                0x20014dd4      0x1c8 ./src/sub-systemCode/Main/EPS.o
                0x20014dd4                EPS_Init
 .text.reset_FRAM_EPS
                0x20014f9c       0xe0 ./src/sub-systemCode/Main/EPS.o
                0x20014f9c                reset_FRAM_EPS
 .text.reset_EPS_voltages
                0x2001507c       0xbc ./src/sub-systemCode/Main/EPS.o
                0x2001507c                reset_EPS_voltages
 .text.battery_downward
                0x20015138      0x114 ./src/sub-systemCode/Main/EPS.o
                0x20015138                battery_downward
 .text.battery_upward
                0x2001524c      0x120 ./src/sub-systemCode/Main/EPS.o
                0x2001524c                battery_upward
 .text.EPS_Conditioning
                0x2001536c      0x230 ./src/sub-systemCode/Main/EPS.o
                0x2001536c                EPS_Conditioning
 .text.overRide_ADCS
                0x2001559c       0x50 ./src/sub-systemCode/Main/EPS.o
                0x2001559c                overRide_ADCS
 .text.overRide_Camera
                0x200155ec       0x38 ./src/sub-systemCode/Main/EPS.o
                0x200155ec                overRide_Camera
 .text.EnterFullMode
                0x20015624       0xfc ./src/sub-systemCode/Main/EPS.o
                0x20015624                EnterFullMode
 .text.EnterCruiseMode
                0x20015720       0xec ./src/sub-systemCode/Main/EPS.o
                0x20015720                EnterCruiseMode
 .text.EnterSafeMode
                0x2001580c       0xec ./src/sub-systemCode/Main/EPS.o
                0x2001580c                EnterSafeMode
 .text.EnterCriticalMode
                0x200158f8       0xd8 ./src/sub-systemCode/Main/EPS.o
                0x200158f8                EnterCriticalMode
 .text.check_EPSTableCorrection
                0x200159d0      0x120 ./src/sub-systemCode/Main/EPS.o
                0x200159d0                check_EPSTableCorrection
 .text.save_ACK
                0x20015af0      0x11c ./src/sub-systemCode/Main/HouseKeeping.o
                0x20015af0                save_ACK
 .text.set_GP_EPS
                0x20015c0c      0x10c ./src/sub-systemCode/Main/HouseKeeping.o
                0x20015c0c                set_GP_EPS
 .text.set_GP_COMM
                0x20015d18       0x88 ./src/sub-systemCode/Main/HouseKeeping.o
                0x20015d18                set_GP_COMM
 .text.SP_HK_collect
                0x20015da0      0x17c ./src/sub-systemCode/Main/HouseKeeping.o
                0x20015da0                SP_HK_collect
 .text.EPS_HK_collect
                0x20015f1c      0x4f8 ./src/sub-systemCode/Main/HouseKeeping.o
                0x20015f1c                EPS_HK_collect
 .text.CAM_HK_collect
                0x20016414      0x91c ./src/sub-systemCode/Main/HouseKeeping.o
                0x20016414                CAM_HK_collect
 .text.COMM_HK_collect
                0x20016d30      0x20c ./src/sub-systemCode/Main/HouseKeeping.o
                0x20016d30                COMM_HK_collect
 .text.FS_HK_collect
                0x20016f3c      0x18c ./src/sub-systemCode/Main/HouseKeeping.o
                0x20016f3c                FS_HK_collect
 .text.HK_find_fileName
                0x200170c8       0xd0 ./src/sub-systemCode/Main/HouseKeeping.o
                0x200170c8                HK_find_fileName
 .text.HK_findElementSize
                0x20017198       0x7c ./src/sub-systemCode/Main/HouseKeeping.o
                0x20017198                HK_findElementSize
 .text.build_HK_spl_packet
                0x20017214      0x150 ./src/sub-systemCode/Main/HouseKeeping.o
                0x20017214                build_HK_spl_packet
 .text.reset_FIRST_activation
                0x20017364       0x34 ./src/sub-systemCode/Main/Main_Init.o
                0x20017364                reset_FIRST_activation
 .text.test_menu
                0x20017398       0xb4 ./src/sub-systemCode/Main/Main_Init.o
                0x20017398                test_menu
 .text.numberOfRestarts
                0x2001744c       0x94 ./src/sub-systemCode/Main/Main_Init.o
                0x2001744c                numberOfRestarts
 .text.StartFRAM
                0x200174e0       0x38 ./src/sub-systemCode/Main/Main_Init.o
                0x200174e0                StartFRAM
 .text.StartI2C
                0x20017518       0x44 ./src/sub-systemCode/Main/Main_Init.o
                0x20017518                StartI2C
 .text.StartSPI
                0x2001755c       0x40 ./src/sub-systemCode/Main/Main_Init.o
                0x2001755c                StartSPI
 .text.StartTIME
                0x2001759c      0x118 ./src/sub-systemCode/Main/Main_Init.o
                0x2001759c                StartTIME
 .text.first_activation
                0x200176b4       0x7c ./src/sub-systemCode/Main/Main_Init.o
                0x200176b4                first_activation
 .text.InitSubsystems
                0x20017730       0x68 ./src/sub-systemCode/Main/Main_Init.o
                0x20017730                InitSubsystems
 .text.SubSystemTaskStart
                0x20017798       0xa8 ./src/sub-systemCode/Main/Main_Init.o
                0x20017798                SubSystemTaskStart
 .text.save_ACK_s
                0x20017840       0x5c ./src/sub-systemCode/Main/commands.o
                0x20017840                save_ACK_s
 .text.copy_command
                0x2001789c       0x80 ./src/sub-systemCode/Main/commands.o
                0x2001789c                copy_command
 .text.reset_command
                0x2001791c       0x28 ./src/sub-systemCode/Main/commands.o
                0x2001791c                reset_command
 .text.init_command
                0x20017944       0xd4 ./src/sub-systemCode/Main/commands.o
                0x20017944                init_command
 .text.add_command
                0x20017a18      0x118 ./src/sub-systemCode/Main/commands.o
                0x20017a18                add_command
 .text.get_command
                0x20017b30      0x1ac ./src/sub-systemCode/Main/commands.o
                0x20017b30                get_command
 .text.act_upon_command
                0x20017cdc      0x200 ./src/sub-systemCode/Main/commands.o
                0x20017cdc                act_upon_command
 .text.cmd_error
                0x20017edc       0x38 ./src/sub-systemCode/Main/commands.o
                0x20017edc                cmd_error
 .text.AUC_COMM
                0x20017f14      0x25c ./src/sub-systemCode/Main/commands.o
                0x20017f14                AUC_COMM
 .text.AUC_general
                0x20018170      0x48c ./src/sub-systemCode/Main/commands.o
                0x20018170                AUC_general
 .text.AUC_payload
                0x200185fc      0x204 ./src/sub-systemCode/Main/commands.o
                0x200185fc                AUC_payload
 .text.AUC_EPS  0x20018800      0x28c ./src/sub-systemCode/Main/commands.o
                0x20018800                AUC_EPS
 .text.AUC_ADCS
                0x20018a8c       0x5c ./src/sub-systemCode/Main/commands.o
                0x20018a8c                AUC_ADCS
 .text.AUC_SW   0x20018ae8       0xe4 ./src/sub-systemCode/Main/commands.o
                0x20018ae8                AUC_SW
 .text.AUC_onlineTM
                0x20018bcc      0x1ac ./src/sub-systemCode/Main/commands.o
                0x20018bcc                AUC_onlineTM
 .text.AUC_special_operation
                0x20018d78       0x8c ./src/sub-systemCode/Main/commands.o
                0x20018d78                AUC_special_operation
 .text.check_int
                0x20018e04       0x3c ./src/sub-systemCode/Global/Global.o
                0x20018e04                check_int
 .text.check_portBASE_TYPE
                0x20018e40       0x3c ./src/sub-systemCode/Global/Global.o
                0x20018e40                check_portBASE_TYPE
 .text.soft_reset_subsystem
                0x20018e7c       0xd8 ./src/sub-systemCode/Global/Global.o
                0x20018e7c                soft_reset_subsystem
 .text.hard_reset_subsystem
                0x20018f54      0x104 ./src/sub-systemCode/Global/Global.o
                0x20018f54                hard_reset_subsystem
 .text.BigEnE_raw_to_uInt
                0x20019058       0x94 ./src/sub-systemCode/Global/Global.o
                0x20019058                BigEnE_raw_to_uInt
 .text.BigEnE_raw_to_uShort
                0x200190ec       0x50 ./src/sub-systemCode/Global/Global.o
                0x200190ec                BigEnE_raw_to_uShort
 .text.BigEnE_uInt_to_raw
                0x2001913c       0x78 ./src/sub-systemCode/Global/Global.o
                0x2001913c                BigEnE_uInt_to_raw
 .text.reset_FRAM_MAIN
                0x200191b4      0x19c ./src/sub-systemCode/Global/Global.o
                0x200191b4                reset_FRAM_MAIN
 .text.getBitValueByIndex
                0x20019350       0xd0 ./src/sub-systemCode/Global/Global.o
                0x20019350                getBitValueByIndex
 .text.terminateTask
                0x20019420       0x18 ./src/sub-systemCode/Global/Global.o
                0x20019420                terminateTask
 .text.init_GP  0x20019438      0x300 ./src/sub-systemCode/Global/GlobalParam.o
                0x20019438                init_GP
 .text.get_system_state
                0x20019738      0x254 ./src/sub-systemCode/Global/GlobalParam.o
                0x20019738                get_system_state
 .text.set_system_state
                0x2001998c      0x284 ./src/sub-systemCode/Global/GlobalParam.o
                0x2001998c                set_system_state
 .text.get_systems_state_param
                0x20019c10       0x78 ./src/sub-systemCode/Global/GlobalParam.o
                0x20019c10                get_systems_state_param
 .text.get_current_global_param
                0x20019c88      0x5b4 ./src/sub-systemCode/Global/GlobalParam.o
                0x20019c88                get_current_global_param
 .text.set_Vbatt
                0x2001a23c       0x78 ./src/sub-systemCode/Global/GlobalParam.o
                0x2001a23c                set_Vbatt
 .text.get_Vbatt
                0x2001a2b4       0x78 ./src/sub-systemCode/Global/GlobalParam.o
                0x2001a2b4                get_Vbatt
 .text.set_curBat
                0x2001a32c       0x78 ./src/sub-systemCode/Global/GlobalParam.o
                0x2001a32c                set_curBat
 .text.set_cur3V3
                0x2001a3a4       0x78 ./src/sub-systemCode/Global/GlobalParam.o
                0x2001a3a4                set_cur3V3
 .text.set_cur5V
                0x2001a41c       0x78 ./src/sub-systemCode/Global/GlobalParam.o
                0x2001a41c                set_cur5V
 .text.set_tempComm_LO
                0x2001a494       0x78 ./src/sub-systemCode/Global/GlobalParam.o
                0x2001a494                set_tempComm_LO
 .text.set_tempComm_PA
                0x2001a50c       0x78 ./src/sub-systemCode/Global/GlobalParam.o
                0x2001a50c                set_tempComm_PA
 .text.set_tempEPS
                0x2001a584       0xb4 ./src/sub-systemCode/Global/GlobalParam.o
                0x2001a584                set_tempEPS
 .text.set_tempBatt
                0x2001a638       0xb4 ./src/sub-systemCode/Global/GlobalParam.o
                0x2001a638                set_tempBatt
 .text.set_RxDoppler
                0x2001a6ec       0x78 ./src/sub-systemCode/Global/GlobalParam.o
                0x2001a6ec                set_RxDoppler
 .text.set_RxRSSI
                0x2001a764       0x78 ./src/sub-systemCode/Global/GlobalParam.o
                0x2001a764                set_RxRSSI
 .text.set_TxRefl
                0x2001a7dc       0x78 ./src/sub-systemCode/Global/GlobalParam.o
                0x2001a7dc                set_TxRefl
 .text.set_TxForw
                0x2001a854       0x78 ./src/sub-systemCode/Global/GlobalParam.o
                0x2001a854                set_TxForw
 .text.get_ST   0x2001a8cc       0x78 ./src/sub-systemCode/Global/GlobalParam.o
                0x2001a8cc                get_ST
 .text.get_Attitude
                0x2001a944      0x114 ./src/sub-systemCode/Global/GlobalParam.o
                0x2001a944                get_Attitude
 .text.set_numOfAPRS
                0x2001aa58       0x78 ./src/sub-systemCode/Global/GlobalParam.o
                0x2001aa58                set_numOfAPRS
 .text.set_numOfDelayedCommand
                0x2001aad0       0x78 ./src/sub-systemCode/Global/GlobalParam.o
                0x2001aad0                set_numOfDelayedCommand
 .text.set_numOfResets
                0x2001ab48       0x98 ./src/sub-systemCode/Global/GlobalParam.o
                0x2001ab48                set_numOfResets
 .text.set_ground_conn
                0x2001abe0       0x8c ./src/sub-systemCode/Global/GlobalParam.o
                0x2001abe0                set_ground_conn
 .text.get_ground_conn
                0x2001ac6c       0x8c ./src/sub-systemCode/Global/GlobalParam.o
                0x2001ac6c                get_ground_conn
 .text.IsisAntS_getStatusData_sideA
                0x2001acf8       0x3c ./src/sub-systemCode/Global/OnlineTM.o
                0x2001acf8                IsisAntS_getStatusData_sideA
 .text.IsisAntS_getAlltelemetry_sideA
                0x2001ad34       0x3c ./src/sub-systemCode/Global/OnlineTM.o
                0x2001ad34                IsisAntS_getAlltelemetry_sideA
 .text.IsisAntS_getTemperature_sideA
                0x2001ad70       0x3c ./src/sub-systemCode/Global/OnlineTM.o
                0x2001ad70                IsisAntS_getTemperature_sideA
 .text.IsisAntS_getStatusData_sideB
                0x2001adac       0x3c ./src/sub-systemCode/Global/OnlineTM.o
                0x2001adac                IsisAntS_getStatusData_sideB
 .text.IsisAntS_getAlltelemetry_sideB
                0x2001ade8       0x3c ./src/sub-systemCode/Global/OnlineTM.o
                0x2001ade8                IsisAntS_getAlltelemetry_sideB
 .text.IsisAntS_getTemperature_sideB
                0x2001ae24       0x3c ./src/sub-systemCode/Global/OnlineTM.o
                0x2001ae24                IsisAntS_getTemperature_sideB
 .text.HK_collect_EPS
                0x2001ae60       0x30 ./src/sub-systemCode/Global/OnlineTM.o
                0x2001ae60                HK_collect_EPS
 .text.HK_collect_COMM
                0x2001ae90       0x30 ./src/sub-systemCode/Global/OnlineTM.o
                0x2001ae90                HK_collect_COMM
 .text.HK_collect_CAM
                0x2001aec0       0x30 ./src/sub-systemCode/Global/OnlineTM.o
                0x2001aec0                HK_collect_CAM
 .text.HK_collect_SP
                0x2001aef0       0x30 ./src/sub-systemCode/Global/OnlineTM.o
                0x2001aef0                HK_collect_SP
 .text.HK_collect_FS_A
                0x2001af20       0x34 ./src/sub-systemCode/Global/OnlineTM.o
                0x2001af20                HK_collect_FS_A
 .text.HK_collect_FS_B
                0x2001af54       0x34 ./src/sub-systemCode/Global/OnlineTM.o
                0x2001af54                HK_collect_FS_B
 .text.save_offlineSetting_FRAM
                0x2001af88      0x26c ./src/sub-systemCode/Global/OnlineTM.o
                0x2001af88                save_offlineSetting_FRAM
 .text.get_offlineSetting_FRAM
                0x2001b1f4       0x58 ./src/sub-systemCode/Global/OnlineTM.o
                0x2001b1f4                get_offlineSetting_FRAM
 .text.update_offlineSetting_FRAM
                0x2001b24c      0x360 ./src/sub-systemCode/Global/OnlineTM.o
                0x2001b24c                update_offlineSetting_FRAM
 .text.get_offlineSettingPacket
                0x2001b5ac       0xc4 ./src/sub-systemCode/Global/OnlineTM.o
                0x2001b5ac                get_offlineSettingPacket
 .text.get_item_by_index
                0x2001b670       0xdc ./src/sub-systemCode/Global/OnlineTM.o
                0x2001b670                get_item_by_index
 .text.get_pointer_item_by_index
                0x2001b74c       0x48 ./src/sub-systemCode/Global/OnlineTM.o
                0x2001b74c                get_pointer_item_by_index
 .text.init_onlineParam
                0x2001b794     0x2f10 ./src/sub-systemCode/Global/OnlineTM.o
                0x2001b794                init_onlineParam
 .text.reset_offline_TM_list
                0x2001e6a4      0x190 ./src/sub-systemCode/Global/OnlineTM.o
                0x2001e6a4                reset_offline_TM_list
 .text.get_online_packet
                0x2001e834      0x25c ./src/sub-systemCode/Global/OnlineTM.o
                0x2001e834                get_online_packet
 .text.save_onlineTM_param
                0x2001ea90      0x1b4 ./src/sub-systemCode/Global/OnlineTM.o
                0x2001ea90                save_onlineTM_param
 .text.add_onlineTM_param_to_save_list
                0x2001ec44      0x3d8 ./src/sub-systemCode/Global/OnlineTM.o
                0x2001ec44                add_onlineTM_param_to_save_list
 .text.delete_onlineTM_param_from_offline
                0x2001f01c      0x1a8 ./src/sub-systemCode/Global/OnlineTM.o
                0x2001f01c                delete_onlineTM_param_from_offline
 .text.save_onlineTM_logic
                0x2001f1c4      0x2a8 ./src/sub-systemCode/Global/OnlineTM.o
                0x2001f1c4                save_onlineTM_logic
 .text.save_onlineTM_task
                0x2001f46c       0xdc ./src/sub-systemCode/Global/OnlineTM.o
                0x2001f46c                save_onlineTM_task
 .text.delete_allTMFilesFromSD
                0x2001f548      0x14c ./src/sub-systemCode/Global/TLM_management.o
                0x2001f548                delete_allTMFilesFromSD
 .text.getNumOfFilesInFS
                0x2001f694       0x44 ./src/sub-systemCode/Global/TLM_management.o
 .text.setNumOfFilesInFS
                0x2001f6d8       0x50 ./src/sub-systemCode/Global/TLM_management.o
 .text.f_managed_enterFS
                0x2001f728       0xa8 ./src/sub-systemCode/Global/TLM_management.o
                0x2001f728                f_managed_enterFS
 .text.f_managed_releaseFS
                0x2001f7d0       0x58 ./src/sub-systemCode/Global/TLM_management.o
                0x2001f7d0                f_managed_releaseFS
 .text.f_managed_open
                0x2001f828       0xe8 ./src/sub-systemCode/Global/TLM_management.o
                0x2001f828                f_managed_open
 .text.f_managed_close
                0x2001f910       0x8c ./src/sub-systemCode/Global/TLM_management.o
                0x2001f910                f_managed_close
 .text.createSemahores_FS
                0x2001f99c       0x7c ./src/sub-systemCode/Global/TLM_management.o
                0x2001f99c                createSemahores_FS
 .text.InitializeFS
                0x2001fa18      0x1a8 ./src/sub-systemCode/Global/TLM_management.o
                0x2001fa18                InitializeFS
 .text.c_fileCreate
                0x2001fbc0       0xf4 ./src/sub-systemCode/Global/TLM_management.o
                0x2001fbc0                c_fileCreate
 .text.writewithEpochtime
                0x2001fcb4       0x94 ./src/sub-systemCode/Global/TLM_management.o
 .text.get_C_FILE_struct
                0x2001fd48      0x104 ./src/sub-systemCode/Global/TLM_management.o
 .text.getFileIndex
                0x2001fe4c       0x64 ./src/sub-systemCode/Global/TLM_management.o
 .text.get_file_name_by_index
                0x2001feb0       0x54 ./src/sub-systemCode/Global/TLM_management.o
                0x2001feb0                get_file_name_by_index
 .text.c_fileReset
                0x2001ff04      0x140 ./src/sub-systemCode/Global/TLM_management.o
                0x2001ff04                c_fileReset
 .text.c_fileWrite
                0x20020044      0x168 ./src/sub-systemCode/Global/TLM_management.o
                0x20020044                c_fileWrite
 .text.deleteElementsFromFile
                0x200201ac      0x188 ./src/sub-systemCode/Global/TLM_management.o
 .text.c_fileDeleteElements
                0x20020334      0x168 ./src/sub-systemCode/Global/TLM_management.o
                0x20020334                c_fileDeleteElements
 .text.c_fileRead
                0x2002049c      0x2c8 ./src/sub-systemCode/Global/TLM_management.o
                0x2002049c                c_fileRead
 .text.xSemaphoreGive_extended
                0x20020764       0x48 ./src/sub-systemCode/Global/freertosExtended.o
                0x20020764                xSemaphoreGive_extended
 .text.xSemaphoreTake_extended
                0x200207ac       0x54 ./src/sub-systemCode/Global/freertosExtended.o
                0x200207ac                xSemaphoreTake_extended
 .text.WriteLog
                0x20020800       0x94 ./src/sub-systemCode/Global/logger.o
                0x20020800                WriteLog
 .text.WritePayloadLog
                0x20020894       0x54 ./src/sub-systemCode/Global/logger.o
                0x20020894                WritePayloadLog
 .text.reset_APRS_list
                0x200208e8       0xa4 ./src/sub-systemCode/COMM/APRS.o
                0x200208e8                reset_APRS_list
 .text.send_APRS_Dump
                0x2002098c      0x1c0 ./src/sub-systemCode/COMM/APRS.o
                0x2002098c                send_APRS_Dump
 .text.get_APRS_list
                0x20020b4c       0x88 ./src/sub-systemCode/COMM/APRS.o
                0x20020b4c                get_APRS_list
 .text.find_CMD_in_list
                0x20020bd4       0x7c ./src/sub-systemCode/COMM/DelayedCommand_list.o
                0x20020bd4                find_CMD_in_list
 .text.find_empty_in_list
                0x20020c50       0x74 ./src/sub-systemCode/COMM/DelayedCommand_list.o
                0x20020c50                find_empty_in_list
 .text.check_delayCommandTime
                0x20020cc4       0x8c ./src/sub-systemCode/COMM/DelayedCommand_list.o
                0x20020cc4                check_delayCommandTime
 .text.execute_delayedCommand
                0x20020d50       0x64 ./src/sub-systemCode/COMM/DelayedCommand_list.o
                0x20020d50                execute_delayedCommand
 .text.check_delaycommand
                0x20020db4      0x17c ./src/sub-systemCode/COMM/DelayedCommand_list.o
                0x20020db4                check_delaycommand
 .text.reset_delayCommand
                0x20020f30       0x8c ./src/sub-systemCode/COMM/DelayedCommand_list.o
                0x20020f30                reset_delayCommand
 .text.add_delayCommand
                0x20020fbc      0x1a4 ./src/sub-systemCode/COMM/DelayedCommand_list.o
                0x20020fbc                add_delayCommand
 .text.get_delayCommand_list
                0x20021160       0x80 ./src/sub-systemCode/COMM/DelayedCommand_list.o
                0x20021160                get_delayCommand_list
 .text.EmptyOldestCommand
                0x200211e0       0xfc ./src/sub-systemCode/COMM/DelayedCommand_list.o
                0x200211e0                EmptyOldestCommand
 .text.decode_TCpacket
                0x200212dc      0x16c ./src/sub-systemCode/COMM/GSC.o
                0x200212dc                decode_TCpacket
 .text.encode_TCpacket
                0x20021448      0x114 ./src/sub-systemCode/COMM/GSC.o
                0x20021448                encode_TCpacket
 .text.encode_TMpacket
                0x2002155c      0x104 ./src/sub-systemCode/COMM/GSC.o
                0x2002155c                encode_TMpacket
 .text.build_raw_ACK
                0x20021660       0xbc ./src/sub-systemCode/COMM/GSC.o
                0x20021660                build_raw_ACK
 .text.build_data_field_ACK
                0x2002171c       0x74 ./src/sub-systemCode/COMM/GSC.o
                0x2002171c                build_data_field_ACK
 .text.update_FRAM_bitRate
                0x20021790       0xd0 ./src/sub-systemCode/COMM/TRXVU.o
                0x20021790                update_FRAM_bitRate
 .text.toggle_idle_state
                0x20021860       0x94 ./src/sub-systemCode/COMM/TRXVU.o
                0x20021860                toggle_idle_state
 .text.TRXVU_init_hardWare
                0x200218f4       0xac ./src/sub-systemCode/COMM/TRXVU.o
                0x200218f4                TRXVU_init_hardWare
 .text.TRXVU_init_softWare
                0x200219a0      0x100 ./src/sub-systemCode/COMM/TRXVU.o
                0x200219a0                TRXVU_init_softWare
 .text.init_trxvu
                0x20021aa0       0x14 ./src/sub-systemCode/COMM/TRXVU.o
                0x20021aa0                init_trxvu
 .text.TRXVU_task
                0x20021ab4       0x9c ./src/sub-systemCode/COMM/TRXVU.o
                0x20021ab4                TRXVU_task
 .text.dump_logic
                0x20021b50      0x34c ./src/sub-systemCode/COMM/TRXVU.o
                0x20021b50                dump_logic
 .text.Dump_task
                0x20021e9c      0x17c ./src/sub-systemCode/COMM/TRXVU.o
                0x20021e9c                Dump_task
 .text.transponder_logic
                0x20022018       0xbc ./src/sub-systemCode/COMM/TRXVU.o
                0x20022018                transponder_logic
 .text.Transponder_task
                0x200220d4      0x224 ./src/sub-systemCode/COMM/TRXVU.o
                0x200220d4                Transponder_task
 .text.lookForRequestToDelete_transponder
                0x200222f8       0xb4 ./src/sub-systemCode/COMM/TRXVU.o
                0x200222f8                lookForRequestToDelete_transponder
 .text.lookForRequestToDelete_dump
                0x200223ac       0x78 ./src/sub-systemCode/COMM/TRXVU.o
                0x200223ac                lookForRequestToDelete_dump
 .text.sendRequestToStop_dump
                0x20022424       0x8c ./src/sub-systemCode/COMM/TRXVU.o
                0x20022424                sendRequestToStop_dump
 .text.sendRequestToStop_transponder
                0x200224b0       0x8c ./src/sub-systemCode/COMM/TRXVU.o
                0x200224b0                sendRequestToStop_transponder
 .text.Rx_logic
                0x2002253c      0x18c ./src/sub-systemCode/COMM/TRXVU.o
                0x2002253c                Rx_logic
 .text.pass_above_Ground
                0x200226c8      0x104 ./src/sub-systemCode/COMM/TRXVU.o
                0x200226c8                pass_above_Ground
 .text.trxvu_logic
                0x200227cc       0x1c ./src/sub-systemCode/COMM/TRXVU.o
                0x200227cc                trxvu_logic
 .text.Beacon_task
                0x200227e8      0x170 ./src/sub-systemCode/COMM/TRXVU.o
                0x200227e8                Beacon_task
 .text.buildAndSend_beacon
                0x20022958      0x604 ./src/sub-systemCode/COMM/TRXVU.o
                0x20022958                buildAndSend_beacon
 .text.reset_FRAM_TRXVU
                0x20022f5c      0x160 ./src/sub-systemCode/COMM/TRXVU.o
                0x20022f5c                reset_FRAM_TRXVU
 .text.TRX_sendFrame
                0x200230bc      0x1ac ./src/sub-systemCode/COMM/TRXVU.o
                0x200230bc                TRX_sendFrame
 .text.TRX_getFrameData
                0x20023268      0x10c ./src/sub-systemCode/COMM/TRXVU.o
                0x20023268                TRX_getFrameData
 .text.mute_Tx  0x20023374       0x20 ./src/sub-systemCode/COMM/TRXVU.o
                0x20023374                mute_Tx
 .text.unmute_Tx
                0x20023394       0x58 ./src/sub-systemCode/COMM/TRXVU.o
                0x20023394                unmute_Tx
 .text.check_time_off_mute
                0x200233ec       0x88 ./src/sub-systemCode/COMM/TRXVU.o
                0x200233ec                check_time_off_mute
 .text.set_mute_time
                0x20023474       0xb4 ./src/sub-systemCode/COMM/TRXVU.o
                0x20023474                set_mute_time
 .text.change_TRXVU_state
                0x20023528       0xe0 ./src/sub-systemCode/COMM/TRXVU.o
                0x20023528                change_TRXVU_state
 .text.change_trans_RSSI
                0x20023608       0x60 ./src/sub-systemCode/COMM/TRXVU.o
                0x20023608                change_trans_RSSI
 .text.init_adcs
                0x20023668      0x104 ./src/sub-systemCode/ADCS/ADCS.o
                0x20023668                init_adcs
 .text.telemtryStart
                0x2002376c      0x16c ./src/sub-systemCode/ADCS/Stage_Table.o
                0x2002376c                telemtryStart
 .text.powerStart
                0x200238d8       0x5c ./src/sub-systemCode/ADCS/Stage_Table.o
                0x200238d8                powerStart
 .text.createTable
                0x20023934       0xb4 ./src/sub-systemCode/ADCS/Stage_Table.o
                0x20023934                createTable
 .text.buildControlMode
                0x200239e8       0x60 ./src/sub-systemCode/ADCS/Stage_Table.o
                0x200239e8                buildControlMode
 .text.Check_Table
                0x20023a48      0x178 ./src/sub-systemCode/ADCS/Stage_Table.o
                0x20023a48                Check_Table
 .text.updateTable
                0x20023bc0      0x1f0 ./src/sub-systemCode/ADCS/Stage_Table.o
                0x20023bc0                updateTable
 .text.translateCommandFULL
                0x20023db0       0x78 ./src/sub-systemCode/ADCS/Stage_Table.o
                0x20023db0                translateCommandFULL
 .text.getTableTo
                0x20023e28       0x64 ./src/sub-systemCode/ADCS/Stage_Table.o
                0x20023e28                getTableTo
 .text.save_time
                0x20023e8c       0x9c ./src/main.o
                0x20023e8c                save_time
 .text.Command_logic
                0x20023f28       0x6c ./src/main.o
                0x20023f28                Command_logic
 .text.taskMain
                0x20023f94       0x74 ./src/main.o
                0x20023f94                taskMain
 .text.main     0x20024008       0xbc ./src/main.o
                0x20024008                main
 .text.GomEpsInitialize
                0x200240c4      0x148 C:/HOOPOE3/satellite-subsystems/demo/..//satellite-subsystems/lib\libSatelliteSubsystemsD.a(GomEPS.o)
                0x200240c4                GomEpsInitialize
 .text.makeEPStransfer
                0x2002420c       0x3c C:/HOOPOE3/satellite-subsystems/demo/..//satellite-subsystems/lib\libSatelliteSubsystemsD.a(GomEPS.o)
 .text.GomEpsPing
                0x20024248       0xf8 C:/HOOPOE3/satellite-subsystems/demo/..//satellite-subsystems/lib\libSatelliteSubsystemsD.a(GomEPS.o)
                0x20024248                GomEpsPing
 .text.GomEpsSoftReset
                0x20024340       0xc4 C:/HOOPOE3/satellite-subsystems/demo/..//satellite-subsystems/lib\libSatelliteSubsystemsD.a(GomEPS.o)
                0x20024340                GomEpsSoftReset
 .text.GomEpsHardReset
                0x20024404       0xa8 C:/HOOPOE3/satellite-subsystems/demo/..//satellite-subsystems/lib\libSatelliteSubsystemsD.a(GomEPS.o)
                0x20024404                GomEpsHardReset
 .text.GomEpsGetHkData_param
                0x200244ac      0x29c C:/HOOPOE3/satellite-subsystems/demo/..//satellite-subsystems/lib\libSatelliteSubsystemsD.a(GomEPS.o)
                0x200244ac                GomEpsGetHkData_param
 .text.GomEpsGetHkData_general
                0x20024748      0x45c C:/HOOPOE3/satellite-subsystems/demo/..//satellite-subsystems/lib\libSatelliteSubsystemsD.a(GomEPS.o)
                0x20024748                GomEpsGetHkData_general
 .text.GomEpsGetHkData_vi
                0x20024ba4      0x188 C:/HOOPOE3/satellite-subsystems/demo/..//satellite-subsystems/lib\libSatelliteSubsystemsD.a(GomEPS.o)
                0x20024ba4                GomEpsGetHkData_vi
 .text.GomEpsGetHkData_out
                0x20024d2c      0x21c C:/HOOPOE3/satellite-subsystems/demo/..//satellite-subsystems/lib\libSatelliteSubsystemsD.a(GomEPS.o)
                0x20024d2c                GomEpsGetHkData_out
 .text.GomEpsGetHkData_wdt
                0x20024f48      0x2b4 C:/HOOPOE3/satellite-subsystems/demo/..//satellite-subsystems/lib\libSatelliteSubsystemsD.a(GomEPS.o)
                0x20024f48                GomEpsGetHkData_wdt
 .text.GomEpsGetHkData_basic
                0x200251fc      0x22c C:/HOOPOE3/satellite-subsystems/demo/..//satellite-subsystems/lib\libSatelliteSubsystemsD.a(GomEPS.o)
                0x200251fc                GomEpsGetHkData_basic
 .text.GomEpsSetOutput
                0x20025428       0xbc C:/HOOPOE3/satellite-subsystems/demo/..//satellite-subsystems/lib\libSatelliteSubsystemsD.a(GomEPS.o)
                0x20025428                GomEpsSetOutput
 .text.GomEpsResetWDT
                0x200254e4       0xc4 C:/HOOPOE3/satellite-subsystems/demo/..//satellite-subsystems/lib\libSatelliteSubsystemsD.a(GomEPS.o)
                0x200254e4                GomEpsResetWDT
 .text.GomEpsConfigGet
                0x200255a8      0x16c C:/HOOPOE3/satellite-subsystems/demo/..//satellite-subsystems/lib\libSatelliteSubsystemsD.a(GomEPS.o)
                0x200255a8                GomEpsConfigGet
 .text.GomEpsConfigSet
                0x20025714      0x184 C:/HOOPOE3/satellite-subsystems/demo/..//satellite-subsystems/lib\libSatelliteSubsystemsD.a(GomEPS.o)
                0x20025714                GomEpsConfigSet
 .text.GomEpsConfig2Get
                0x20025898      0x16c C:/HOOPOE3/satellite-subsystems/demo/..//satellite-subsystems/lib\libSatelliteSubsystemsD.a(GomEPS.o)
                0x20025898                GomEpsConfig2Get
 .text.makeAntStransfer
                0x20025a04       0x4c C:/HOOPOE3/satellite-subsystems/demo/..//satellite-subsystems/lib\libSatelliteSubsystemsD.a(IsisAntS.o)
 .text.checkInputsValid
                0x20025a50       0x7c C:/HOOPOE3/satellite-subsystems/demo/..//satellite-subsystems/lib\libSatelliteSubsystemsD.a(IsisAntS.o)
 .text.IsisAntS_setArmStatus
                0x20025acc      0x104 C:/HOOPOE3/satellite-subsystems/demo/..//satellite-subsystems/lib\libSatelliteSubsystemsD.a(IsisAntS.o)
                0x20025acc                IsisAntS_setArmStatus
 .text.IsisAntS_getStatusData
                0x20025bd0      0x120 C:/HOOPOE3/satellite-subsystems/demo/..//satellite-subsystems/lib\libSatelliteSubsystemsD.a(IsisAntS.o)
                0x20025bd0                IsisAntS_getStatusData
 .text.IsisAntS_getTemperature
                0x20025cf0      0x120 C:/HOOPOE3/satellite-subsystems/demo/..//satellite-subsystems/lib\libSatelliteSubsystemsD.a(IsisAntS.o)
                0x20025cf0                IsisAntS_getTemperature
 .text.IsisAntS_getAlltelemetry
                0x20025e10      0x120 C:/HOOPOE3/satellite-subsystems/demo/..//satellite-subsystems/lib\libSatelliteSubsystemsD.a(IsisAntS.o)
                0x20025e10                IsisAntS_getAlltelemetry
 .text.IsisAntS_reset
                0x20025f30      0x104 C:/HOOPOE3/satellite-subsystems/demo/..//satellite-subsystems/lib\libSatelliteSubsystemsD.a(IsisAntS.o)
                0x20025f30                IsisAntS_reset
 .text.IsisSolarPanelv2_initialize
                0x20026034       0xb4 C:/HOOPOE3/satellite-subsystems/demo/..//satellite-subsystems/lib\libSatelliteSubsystemsD.a(IsisSolarPanelv2.o)
                0x20026034                IsisSolarPanelv2_initialize
 .text.IsisSolarPanelv2_getTemperature
                0x200260e8       0xc8 C:/HOOPOE3/satellite-subsystems/demo/..//satellite-subsystems/lib\libSatelliteSubsystemsD.a(IsisSolarPanelv2.o)
                0x200260e8                IsisSolarPanelv2_getTemperature
 .text.IsisSolarPanelv2_sleep
                0x200261b0       0xbc C:/HOOPOE3/satellite-subsystems/demo/..//satellite-subsystems/lib\libSatelliteSubsystemsD.a(IsisSolarPanelv2.o)
                0x200261b0                IsisSolarPanelv2_sleep
 .text.IsisSolarPanelv2_wakeup
                0x2002626c       0x80 C:/HOOPOE3/satellite-subsystems/demo/..//satellite-subsystems/lib\libSatelliteSubsystemsD.a(IsisSolarPanelv2.o)
                0x2002626c                IsisSolarPanelv2_wakeup
 .text._Reset   0x200262ec       0x20 C:/HOOPOE3/satellite-subsystems/demo/..//satellite-subsystems/lib\libSatelliteSubsystemsD.a(IsisSolarPanelv2.o)
 .text._WaitForStartup
                0x2002630c       0x90 C:/HOOPOE3/satellite-subsystems/demo/..//satellite-subsystems/lib\libSatelliteSubsystemsD.a(IsisSolarPanelv2.o)
 .text._AssignAllChannels
                0x2002639c       0x90 C:/HOOPOE3/satellite-subsystems/demo/..//satellite-subsystems/lib\libSatelliteSubsystemsD.a(IsisSolarPanelv2.o)
 .text._AssignThisChannel
                0x2002642c       0xe8 C:/HOOPOE3/satellite-subsystems/demo/..//satellite-subsystems/lib\libSatelliteSubsystemsD.a(IsisSolarPanelv2.o)
 .text._InitiateConversion
                0x20026514       0xac C:/HOOPOE3/satellite-subsystems/demo/..//satellite-subsystems/lib\libSatelliteSubsystemsD.a(IsisSolarPanelv2.o)
 .text._WaitForConversionComplete
                0x200265c0      0x100 C:/HOOPOE3/satellite-subsystems/demo/..//satellite-subsystems/lib\libSatelliteSubsystemsD.a(IsisSolarPanelv2.o)
 .text._ReadResult
                0x200266c0      0x158 C:/HOOPOE3/satellite-subsystems/demo/..//satellite-subsystems/lib\libSatelliteSubsystemsD.a(IsisSolarPanelv2.o)
 .text._ExtractByte
                0x20026818       0x38 C:/HOOPOE3/satellite-subsystems/demo/..//satellite-subsystems/lib\libSatelliteSubsystemsD.a(IsisSolarPanelv2.o)
 .text._ExtendSign
                0x20026850       0x6c C:/HOOPOE3/satellite-subsystems/demo/..//satellite-subsystems/lib\libSatelliteSubsystemsD.a(IsisSolarPanelv2.o)
 .text._PinsInit
                0x200268bc       0x50 C:/HOOPOE3/satellite-subsystems/demo/..//satellite-subsystems/lib\libSatelliteSubsystemsD.a(IsisSolarPanelv2.o)
 .text._SpiWriteRead
                0x2002690c       0x70 C:/HOOPOE3/satellite-subsystems/demo/..//satellite-subsystems/lib\libSatelliteSubsystemsD.a(IsisSolarPanelv2.o)
 .text.IsisTrxvu_initialize
                0x2002697c      0x2f4 C:/HOOPOE3/satellite-subsystems/demo/..//satellite-subsystems/lib\libSatelliteSubsystemsD.a(IsisTRXVU.o)
                0x2002697c                IsisTrxvu_initialize
 .text.makeTRXVUtransfer
                0x20026c70       0x44 C:/HOOPOE3/satellite-subsystems/demo/..//satellite-subsystems/lib\libSatelliteSubsystemsD.a(IsisTRXVU.o)
 .text.IsisTrxvu_componentSoftReset
                0x20026cb4       0x6c C:/HOOPOE3/satellite-subsystems/demo/..//satellite-subsystems/lib\libSatelliteSubsystemsD.a(IsisTRXVU.o)
                0x20026cb4                IsisTrxvu_componentSoftReset
 .text.IsisTrxvu_componentHardReset
                0x20026d20       0xc8 C:/HOOPOE3/satellite-subsystems/demo/..//satellite-subsystems/lib\libSatelliteSubsystemsD.a(IsisTRXVU.o)
                0x20026d20                IsisTrxvu_componentHardReset
 .text.IsisTrxvu_softReset
                0x20026de8       0x74 C:/HOOPOE3/satellite-subsystems/demo/..//satellite-subsystems/lib\libSatelliteSubsystemsD.a(IsisTRXVU.o)
                0x20026de8                IsisTrxvu_softReset
 .text.IsisTrxvu_hardReset
                0x20026e5c       0x74 C:/HOOPOE3/satellite-subsystems/demo/..//satellite-subsystems/lib\libSatelliteSubsystemsD.a(IsisTRXVU.o)
                0x20026e5c                IsisTrxvu_hardReset
 .text.IsisTrxvu_tcSendAX25DefClSign
                0x20026ed0       0xec C:/HOOPOE3/satellite-subsystems/demo/..//satellite-subsystems/lib\libSatelliteSubsystemsD.a(IsisTRXVU.o)
                0x20026ed0                IsisTrxvu_tcSendAX25DefClSign
 .text.IsisTrxvu_tcSetIdlestate
                0x20026fbc       0xa4 C:/HOOPOE3/satellite-subsystems/demo/..//satellite-subsystems/lib\libSatelliteSubsystemsD.a(IsisTRXVU.o)
                0x20026fbc                IsisTrxvu_tcSetIdlestate
 .text.IsisTrxvu_tcSetAx25Bitrate
                0x20027060       0xc4 C:/HOOPOE3/satellite-subsystems/demo/..//satellite-subsystems/lib\libSatelliteSubsystemsD.a(IsisTRXVU.o)
                0x20027060                IsisTrxvu_tcSetAx25Bitrate
 .text.IsisTrxvu_tcGetTelemetryAll
                0x20027124       0xd0 C:/HOOPOE3/satellite-subsystems/demo/..//satellite-subsystems/lib\libSatelliteSubsystemsD.a(IsisTRXVU.o)
                0x20027124                IsisTrxvu_tcGetTelemetryAll
 .text.IsisTrxvu_tcGetTelemetryAll_revC
                0x200271f4       0xd0 C:/HOOPOE3/satellite-subsystems/demo/..//satellite-subsystems/lib\libSatelliteSubsystemsD.a(IsisTRXVU.o)
                0x200271f4                IsisTrxvu_tcGetTelemetryAll_revC
 .text.IsisTrxvu_rcGetFrameCount
                0x200272c4       0xa0 C:/HOOPOE3/satellite-subsystems/demo/..//satellite-subsystems/lib\libSatelliteSubsystemsD.a(IsisTRXVU.o)
                0x200272c4                IsisTrxvu_rcGetFrameCount
 .text.IsisTrxvu_rcGetCommandFrame