Archive member included because of file (symbol)

c:/isis/application/toolchain/bin/../lib/gcc/arm-none-eabi/4.7.4/../../../../arm-none-eabi/lib\libc_s.a(lib_a-vfprintf_float.o)
                              (_printf_float)
c:/isis/application/toolchain/bin/../lib/gcc/arm-none-eabi/4.7.4/../../../../arm-none-eabi/lib\libc_s.a(lib_a-vfprintf_i.o)
                              c:/isis/application/toolchain/bin/../lib/gcc/arm-none-eabi/4.7.4/../../../../arm-none-eabi/lib\libc_s.a(lib_a-vfprintf_float.o) (_printf_common)
c:/isis/application/toolchain/bin/../lib/gcc/arm-none-eabi/4.7.4/../../../../arm-none-eabi/lib\libc_s.a(lib_a-vfscanf_float.o)
                              (_scanf_float)
c:/isis/application/toolchain/bin/../lib/gcc/arm-none-eabi/4.7.4/../../../../arm-none-eabi/lib\libc_s.a(lib_a-dtoa.o)
                              c:/isis/application/toolchain/bin/../lib/gcc/arm-none-eabi/4.7.4/../../../../arm-none-eabi/lib\libc_s.a(lib_a-vfprintf_float.o) (_dtoa_r)
c:/isis/application/toolchain/bin/../lib/gcc/arm-none-eabi/4.7.4/../../../../arm-none-eabi/lib\libc_s.a(lib_a-locale.o)
                              c:/isis/application/toolchain/bin/../lib/gcc/arm-none-eabi/4.7.4/../../../../arm-none-eabi/lib\libc_s.a(lib_a-vfprintf_float.o) (_localeconv_r)
c:/isis/application/toolchain/bin/../lib/gcc/arm-none-eabi/4.7.4/../../../../arm-none-eabi/lib\libc_s.a(lib_a-malloc.o)
                              c:/isis/application/toolchain/bin/../lib/gcc/arm-none-eabi/4.7.4/../../../../arm-none-eabi/lib\libc_s.a(lib_a-dtoa.o) (malloc)
c:/isis/application/toolchain/bin/../lib/gcc/arm-none-eabi/4.7.4/../../../../arm-none-eabi/lib\libc_s.a(lib_a-mallocr.o)
                              c:/isis/application/toolchain/bin/../lib/gcc/arm-none-eabi/4.7.4/../../../../arm-none-eabi/lib\libc_s.a(lib_a-malloc.o) (_malloc_r)
c:/isis/application/toolchain/bin/../lib/gcc/arm-none-eabi/4.7.4/../../../../arm-none-eabi/lib\libc_s.a(lib_a-memcpy.o)
                              c:/isis/application/toolchain/bin/../lib/gcc/arm-none-eabi/4.7.4/../../../../arm-none-eabi/lib\libc_s.a(lib_a-dtoa.o) (memcpy)
c:/isis/application/toolchain/bin/../lib/gcc/arm-none-eabi/4.7.4/../../../../arm-none-eabi/lib\libc_s.a(lib_a-mprec.o)
                              c:/isis/application/toolchain/bin/../lib/gcc/arm-none-eabi/4.7.4/../../../../arm-none-eabi/lib\libc_s.a(lib_a-dtoa.o) (_Balloc)
c:/isis/application/toolchain/bin/../lib/gcc/arm-none-eabi/4.7.4/../../../../arm-none-eabi/lib\libc_s.a(lib_a-s_fpclassify.o)
                              c:/isis/application/toolchain/bin/../lib/gcc/arm-none-eabi/4.7.4/../../../../arm-none-eabi/lib\libc_s.a(lib_a-vfprintf_float.o) (__fpclassifyd)
c:/isis/application/toolchain/bin/../lib/gcc/arm-none-eabi/4.7.4/../../../../arm-none-eabi/lib\libc_s.a(lib_a-sbrkr.o)
                              c:/isis/application/toolchain/bin/../lib/gcc/arm-none-eabi/4.7.4/../../../../arm-none-eabi/lib\libc_s.a(lib_a-mallocr.o) (_sbrk_r)
c:/isis/application/toolchain/bin/../lib/gcc/arm-none-eabi/4.7.4/../../../../arm-none-eabi/lib\libc_s.a(lib_a-sf_nan.o)
                              c:/isis/application/toolchain/bin/../lib/gcc/arm-none-eabi/4.7.4/../../../../arm-none-eabi/lib\libc_s.a(lib_a-vfscanf_float.o) (nanf)
c:/isis/application/toolchain/bin/../lib/gcc/arm-none-eabi/4.7.4/../../../../arm-none-eabi/lib\libc_s.a(lib_a-sprintf.o)
                              c:/isis/application/toolchain/bin/../lib/gcc/arm-none-eabi/4.7.4/../../../../arm-none-eabi/lib\libc_s.a(lib_a-vfscanf_float.o) (sprintf)
c:/isis/application/toolchain/bin/../lib/gcc/arm-none-eabi/4.7.4/../../../../arm-none-eabi/lib\libc_s.a(lib_a-strcmp.o)
                              c:/isis/application/toolchain/bin/../lib/gcc/arm-none-eabi/4.7.4/../../../../arm-none-eabi/lib\libc_s.a(lib_a-locale.o) (strcmp)
c:/isis/application/toolchain/bin/../lib/gcc/arm-none-eabi/4.7.4/../../../../arm-none-eabi/lib\libc_s.a(lib_a-strlen.o)
                              c:/isis/application/toolchain/bin/../lib/gcc/arm-none-eabi/4.7.4/../../../../arm-none-eabi/lib\libc_s.a(lib_a-vfprintf_float.o) (strlen)
c:/isis/application/toolchain/bin/../lib/gcc/arm-none-eabi/4.7.4/../../../../arm-none-eabi/lib\libc_s.a(lib_a-strtod.o)
                              c:/isis/application/toolchain/bin/../lib/gcc/arm-none-eabi/4.7.4/../../../../arm-none-eabi/lib\libc_s.a(lib_a-vfscanf_float.o) (_strtod_r)
c:/isis/application/toolchain/bin/../lib/gcc/arm-none-eabi/4.7.4/../../../../arm-none-eabi/lib\libc_s.a(lib_a-strtol.o)
                              c:/isis/application/toolchain/bin/../lib/gcc/arm-none-eabi/4.7.4/../../../../arm-none-eabi/lib\libc_s.a(lib_a-vfscanf_float.o) (_strtol_r)
c:/isis/application/toolchain/bin/../lib/gcc/arm-none-eabi/4.7.4/../../../../arm-none-eabi/lib\libc_s.a(lib_a-svfprintf.o)
                              c:/isis/application/toolchain/bin/../lib/gcc/arm-none-eabi/4.7.4/../../../../arm-none-eabi/lib\libc_s.a(lib_a-sprintf.o) (_svfprintf_r)
[...]
Memory Configuration

Name             Origin             Length             Attributes
sram0            0x00200000         0x00004000         w !xr
sram1            0x00300000         0x00004000         w !xr
sdram            0x20000000         0x02000000         w !xr
*default*        0x00000000         0xffffffff

Linker script and memory map

LOAD c:/isis/application/toolchain/bin/../lib/gcc/arm-none-eabi/4.7.4/../../../../arm-none-eabi/lib\libc_s.a
LOAD ./src/sub-systemCode/payload/Request Management/Dump/Butchering.o
LOAD ./src/sub-systemCode/payload/Request Management/Dump/imageDump.o
LOAD ./src/sub-systemCode/payload/Request Management/CameraManeger.o
LOAD ./src/sub-systemCode/payload/Request Management/DB_RequestHandling.o
LOAD ./src/sub-systemCode/payload/Misc/Boolean_bit.o
LOAD ./src/sub-systemCode/payload/Misc/FileSystem.o
LOAD ./src/sub-systemCode/payload/Drivers/GeckoCameraDriver.o
LOAD ./src/sub-systemCode/payload/DataBase/DataBase.o
LOAD ./src/sub-systemCode/payload/Compression/jpeg/bmp/rawToBMP.o
LOAD ./src/sub-systemCode/payload/Compression/jpeg/DCT.o
LOAD ./src/sub-systemCode/payload/Compression/jpeg/ImgCompressor.o
LOAD ./src/sub-systemCode/payload/Compression/jpeg/color_conv.o
LOAD ./src/sub-systemCode/payload/Compression/jpeg/jpeg.o
LOAD ./src/sub-systemCode/payload/Compression/jpeg/jpeg_encoder.o
LOAD ./src/sub-systemCode/payload/Compression/jpeg/jpeg_memory_alloc.o
LOAD ./src/sub-systemCode/payload/Compression/jpeg/jpeg_params.o
LOAD ./src/sub-systemCode/payload/Compression/jpeg/output_stream.o
LOAD ./src/sub-systemCode/payload/Compression/ImageConversion.o
LOAD ./src/sub-systemCode/Main/CMD/ADCS_CMD.o
LOAD ./src/sub-systemCode/Main/CMD/COMM_CMD.o
LOAD ./src/sub-systemCode/Main/CMD/EPS_CMD.o
LOAD ./src/sub-systemCode/Main/CMD/General_CMD.o
LOAD ./src/sub-systemCode/Main/CMD/SW_CMD.o
LOAD ./src/sub-systemCode/Main/CMD/payload_CMD.o
LOAD ./src/sub-systemCode/Main/Ants.o
LOAD ./src/sub-systemCode/Main/EPS.o
LOAD ./src/sub-systemCode/Main/HouseKeeping.o
LOAD ./src/sub-systemCode/Main/Main_Init.o
LOAD ./src/sub-systemCode/Main/commands.o
LOAD ./src/sub-systemCode/Global/Global.o
LOAD ./src/sub-systemCode/Global/GlobalParam.o
LOAD ./src/sub-systemCode/Global/OnlineTM.o
LOAD ./src/sub-systemCode/Global/TLM_management.o
LOAD ./src/sub-systemCode/Global/freertosExtended.o
LOAD ./src/sub-systemCode/Global/logger.o
LOAD ./src/sub-systemCode/COMM/APRS.o
LOAD ./src/sub-systemCode/COMM/DelayedCommand_list.o
LOAD ./src/sub-systemCode/COMM/GSC.o
LOAD ./src/sub-systemCode/COMM/TRXVU.o
LOAD ./src/sub-systemCode/ADCS/AdcsCommands.o
LOAD ./src/sub-systemCode/ADCS/AdcsGetDataAndTlm.o
LOAD ./src/sub-systemCode/ADCS/AdcsMain.o
LOAD ./src/sub-systemCode/ADCS/AdcsTest.o
LOAD ./src/sub-systemCode/ADCS/AdcsTroubleShooting.o
LOAD ./src/sub-systemCode/ADCS/StateMachine.o
LOAD ./src/main.o
LOAD C:/HOOPOE3/satellite-subsystems/demo/..//satellite-subsystems/lib\libSatelliteSubsystemsD.a
LOAD c:/isis/application/toolchain/bin/../lib/gcc/arm-none-eabi/4.7.4/../../../../arm-none-eabi/lib\libm.a
LOAD C:/HOOPOE3/satellite-subsystems/demo/../..//hal/hcc/lib\libHCCD.a
LOAD C:/HOOPOE3/satellite-subsystems/demo/../..//hal/hal/lib\libHALD.a
LOAD C:/HOOPOE3/satellite-subsystems/demo/../..//hal/freertos/lib\libFreeRTOSD.a
LOAD C:/HOOPOE3/satellite-subsystems/demo/../..//hal/at91/lib\libAt91D.a
START GROUP
LOAD c:/isis/application/toolchain/bin/../lib/gcc/arm-none-eabi/4.7.4\libgcc.a
LOAD c:/isis/application/toolchain/bin/../lib/gcc/arm-none-eabi/4.7.4/../../../../arm-none-eabi/lib\libc_s.a
END GROUP

.fixed          0x20000000    0x58ef0
                0x20000000                . = ALIGN (0x4)
                0x20000000                _sfixed = .
 *(.startup)
 .startup       0x20000000      0x134 C:/HOOPOE3/satellite-subsystems/demo/../..//hal/at91/lib\libAt91D.a(board_cstartup.o)
                0x20000000                entry
 *(.text)
 .text          0x20000134       0x64 C:/HOOPOE3/satellite-subsystems/demo/../..//hal/at91/lib\libAt91D.a(cp15_asm.o)
                0x20000134                _readControlRegister
                0x20000140                _writeControlRegister
                0x20000148                _waitForInterrupt
                0x20000154                _writeTTB
                0x2000015c                _writeDomain
                0x20000164                _writeITLBLockdown
                0x2000016c                _prefetchICacheLine
                0x20000174                _flushDCache
                0x20000180                _flushWriteBuffer
                0x2000018c                _invalidateIDTLBs
 .text          0x20000198      0x114 c:/isis/application/toolchain/bin/../lib/gcc/arm-none-eabi/4.7.4\libgcc.a(_udivsi3.o)
                0x20000198                __aeabi_uidiv
                0x20000198                __udivsi3
                0x2000028c                __aeabi_uidivmod
 .text          0x200002ac      0x148 c:/isis/application/toolchain/bin/../lib/gcc/arm-none-eabi/4.7.4\libgcc.a(_divsi3.o)
                0x200002ac                __divsi3
                0x200002ac                __aeabi_idiv
                0x200003d4                __aeabi_idivmod
 .text          0x200003f4        0x4 c:/isis/application/toolchain/bin/../lib/gcc/arm-none-eabi/4.7.4\libgcc.a(_dvmd_tls.o)
                0x200003f4                __aeabi_idiv0
                0x200003f4                __aeabi_ldiv0
 .text          0x200003f8      0x41c c:/isis/application/toolchain/bin/../lib/gcc/arm-none-eabi/4.7.4\libgcc.a(_arm_addsubdf3.o)
                0x200003f8                __aeabi_drsub
                0x20000400                __aeabi_dsub
                0x20000400                __subdf3
                0x20000404                __aeabi_dadd
                0x20000404                __adddf3
                0x20000714                __floatunsidf
                0x20000714                __aeabi_ui2d
                0x20000738                __floatsidf
                0x20000738                __aeabi_i2d
                0x20000760                __aeabi_f2d
                0x20000760                __extendsfdf2
                0x200007a0                __floatundidf
                0x200007a0                __aeabi_ul2d
                0x200007b4                __floatdidf
                0x200007b4                __aeabi_l2d
 .text          0x20000814      0x49c c:/isis/application/toolchain/bin/../lib/gcc/arm-none-eabi/4.7.4\libgcc.a(_arm_muldivdf3.o)
                0x20000814                __aeabi_dmul
                0x20000814                __muldf3
                0x20000aa4                __divdf3
                0x20000aa4                __aeabi_ddiv
 .text          0x20000cb0      0x144 c:/isis/application/toolchain/bin/../lib/gcc/arm-none-eabi/4.7.4\libgcc.a(_arm_cmpdf2.o)
                0x20000cb0                __gtdf2
                0x20000cb0                __gedf2
                0x20000cb8                __ltdf2
                0x20000cb8                __ledf2
                0x20000cc0                __nedf2
                0x20000cc0                __eqdf2
                0x20000cc0                __cmpdf2
                0x20000d48                __aeabi_cdrcmple
                0x20000d64                __aeabi_cdcmpeq
                0x20000d64                __aeabi_cdcmple
                0x20000d7c                __aeabi_dcmpeq
                0x20000d94                __aeabi_dcmplt
                0x20000dac                __aeabi_dcmple
                0x20000dc4                __aeabi_dcmpge
                0x20000ddc                __aeabi_dcmpgt
 .text          0x20000df4       0x5c c:/isis/application/toolchain/bin/../lib/gcc/arm-none-eabi/4.7.4\libgcc.a(_arm_fixdfsi.o)
                0x20000df4                __aeabi_d2iz
                0x20000df4                __fixdfsi
 .text          0x20000e50       0x54 c:/isis/application/toolchain/bin/../lib/gcc/arm-none-eabi/4.7.4\libgcc.a(_arm_fixunsdfsi.o)
                0x20000e50                __aeabi_d2uiz
                0x20000e50                __fixunsdfsi
 .text          0x20000ea4       0xa0 c:/isis/application/toolchain/bin/../lib/gcc/arm-none-eabi/4.7.4\libgcc.a(_arm_truncdfsf2.o)
                0x20000ea4                __truncdfsf2
                0x20000ea4                __aeabi_d2f
 .text          0x20000f44      0x2ac c:/isis/application/toolchain/bin/../lib/gcc/arm-none-eabi/4.7.4\libgcc.a(_arm_addsubsf3.o)
                0x20000f44                __aeabi_frsub
                0x20000f4c                __subsf3
                0x20000f4c                __aeabi_fsub
                0x20000f50                __aeabi_fadd
                0x20000f50                __addsf3
                0x2000110c                __aeabi_ui2f
                0x2000110c                __floatunsisf
                0x20001114                __aeabi_i2f
                0x20001114                __floatsisf
                0x20001134                __aeabi_ul2f
                0x20001134                __floatundisf
                0x20001144                __aeabi_l2f
                0x20001144                __floatdisf
 .text          0x200011f0      0x2f8 c:/isis/application/toolchain/bin/../lib/gcc/arm-none-eabi/4.7.4\libgcc.a(_arm_muldivsf3.o)
                0x200011f0                __mulsf3
                0x200011f0                __aeabi_fmul
                0x20001388                __aeabi_fdiv
                0x20001388                __divsf3
 .text          0x200014e8      0x114 c:/isis/application/toolchain/bin/../lib/gcc/arm-none-eabi/4.7.4\libgcc.a(_arm_cmpsf2.o)
                0x200014e8                __gesf2
                0x200014e8                __gtsf2
                0x200014f0                __lesf2
                0x200014f0                __ltsf2
                0x200014f8                __nesf2
                0x200014f8                __eqsf2
                0x200014f8                __cmpsf2
                0x2000155c                __aeabi_cfrcmple
                0x2000156c                __aeabi_cfcmpeq
                0x2000156c                __aeabi_cfcmple
                0x20001584                __aeabi_fcmpeq
                0x2000159c                __aeabi_fcmplt
                0x200015b4                __aeabi_fcmple
                0x200015cc                __aeabi_fcmpge
                0x200015e4                __aeabi_fcmpgt
 .text          0x200015fc       0x5c c:/isis/application/toolchain/bin/../lib/gcc/arm-none-eabi/4.7.4\libgcc.a(_arm_fixsfsi.o)
                0x200015fc                __aeabi_f2iz
                0x200015fc                __fixsfsi
 .text          0x20001658       0x54 c:/isis/application/toolchain/bin/../lib/gcc/arm-none-eabi/4.7.4\libgcc.a(_arm_fixunssfsi.o)
                0x20001658                __fixunssfsi
                0x20001658                __aeabi_f2uiz
 *(.text*)
 .text.__cvt    0x200016ac      0x138 c:/isis/application/toolchain/bin/../lib/gcc/arm-none-eabi/4.7.4/../../../../arm-none-eabi/lib\libc_s.a(lib_a-vfprintf_float.o)
                0x200016ac                __cvt
 .text.__exponent
                0x200017e4       0xa8 c:/isis/application/toolchain/bin/../lib/gcc/arm-none-eabi/4.7.4/../../../../arm-none-eabi/lib\libc_s.a(lib_a-vfprintf_float.o)
                0x200017e4                __exponent
 .text._printf_float
                0x2000188c      0x7dc c:/isis/application/toolchain/bin/../lib/gcc/arm-none-eabi/4.7.4/../../../../arm-none-eabi/lib\libc_s.a(lib_a-vfprintf_float.o)
                0x2000188c                _printf_float
 .text._printf_common
                0x20002068      0x174 c:/isis/application/toolchain/bin/../lib/gcc/arm-none-eabi/4.7.4/../../../../arm-none-eabi/lib\libc_s.a(lib_a-vfprintf_i.o)
                0x20002068                _printf_common
 .text._printf_i
                0x200021dc      0x3c4 c:/isis/application/toolchain/bin/../lib/gcc/arm-none-eabi/4.7.4/../../../../arm-none-eabi/lib\libc_s.a(lib_a-vfprintf_i.o)
                0x200021dc                _printf_i
 .text._scanf_float
                0x200025a0      0x5f4 c:/isis/application/toolchain/bin/../lib/gcc/arm-none-eabi/4.7.4/../../../../arm-none-eabi/lib\libc_s.a(lib_a-vfscanf_float.o)
                0x200025a0                _scanf_float
 .text.quorem   0x20002b94      0x1ac c:/isis/application/toolchain/bin/../lib/gcc/arm-none-eabi/4.7.4/../../../../arm-none-eabi/lib\libc_s.a(lib_a-dtoa.o)
 .text._dtoa_r  0x20002d40     0x1268 c:/isis/application/toolchain/bin/../lib/gcc/arm-none-eabi/4.7.4/../../../../arm-none-eabi/lib\libc_s.a(lib_a-dtoa.o)
                0x20002d40                _dtoa_r
 .text._localeconv_r
                0x20003fa8        0xc c:/isis/application/toolchain/bin/../lib/gcc/arm-none-eabi/4.7.4/../../../../arm-none-eabi/lib\libc_s.a(lib_a-locale.o)
                0x20003fa8                _localeconv_r
 .text.malloc   0x20003fb4       0x20 c:/isis/application/toolchain/bin/../lib/gcc/arm-none-eabi/4.7.4/../../../../arm-none-eabi/lib\libc_s.a(lib_a-malloc.o)
                0x20003fb4                malloc
 .text.free     0x20003fd4       0x20 c:/isis/application/toolchain/bin/../lib/gcc/arm-none-eabi/4.7.4/../../../../arm-none-eabi/lib\libc_s.a(lib_a-malloc.o)
                0x20003fd4                free
 .text._malloc_r
                0x20003ff4       0xfc c:/isis/application/toolchain/bin/../lib/gcc/arm-none-eabi/4.7.4/../../../../arm-none-eabi/lib\libc_s.a(lib_a-mallocr.o)
                0x20003ff4                _malloc_r
 .text.memcpy   0x200040f0       0x20 c:/isis/application/toolchain/bin/../lib/gcc/arm-none-eabi/4.7.4/../../../../arm-none-eabi/lib\libc_s.a(lib_a-memcpy.o)
                0x200040f0                memcpy
 .text._Balloc  0x20004110       0xcc c:/isis/application/toolchain/bin/../lib/gcc/arm-none-eabi/4.7.4/../../../../arm-none-eabi/lib\libc_s.a(lib_a-mprec.o)
                0x20004110                _Balloc
 .text._Bfree   0x200041dc       0x5c c:/isis/application/toolchain/bin/../lib/gcc/arm-none-eabi/4.7.4/../../../../arm-none-eabi/lib\libc_s.a(lib_a-mprec.o)
                0x200041dc                _Bfree
 .text.__multadd
                0x20004238       0xbc c:/isis/application/toolchain/bin/../lib/gcc/arm-none-eabi/4.7.4/../../../../arm-none-eabi/lib\libc_s.a(lib_a-mprec.o)
                0x20004238                __multadd
 .text.__s2b    0x200042f4       0xd8 c:/isis/application/toolchain/bin/../lib/gcc/arm-none-eabi/4.7.4/../../../../arm-none-eabi/lib\libc_s.a(lib_a-mprec.o)
                0x200042f4                __s2b
 .text.__hi0bits
                0x200043cc       0x58 c:/isis/application/toolchain/bin/../lib/gcc/arm-none-eabi/4.7.4/../../../../arm-none-eabi/lib\libc_s.a(lib_a-mprec.o)
                0x200043cc                __hi0bits
 .text.__lo0bits
                0x20004424       0x94 c:/isis/application/toolchain/bin/../lib/gcc/arm-none-eabi/4.7.4/../../../../arm-none-eabi/lib\libc_s.a(lib_a-mprec.o)
                0x20004424                __lo0bits
 .text.__i2b    0x200044b8       0x24 c:/isis/application/toolchain/bin/../lib/gcc/arm-none-eabi/4.7.4/../../../../arm-none-eabi/lib\libc_s.a(lib_a-mprec.o)
                0x200044b8                __i2b
 .text.__multiply
                0x200044dc      0x1ac c:/isis/application/toolchain/bin/../lib/gcc/arm-none-eabi/4.7.4/../../../../arm-none-eabi/lib\libc_s.a(lib_a-mprec.o)
                0x200044dc                __multiply
 .text.__pow5mult
                0x20004688      0x10c c:/isis/application/toolchain/bin/../lib/gcc/arm-none-eabi/4.7.4/../../../../arm-none-eabi/lib\libc_s.a(lib_a-mprec.o)
                0x20004688                __pow5mult
 .text.__lshift
                0x20004794       0xf0 c:/isis/application/toolchain/bin/../lib/gcc/arm-none-eabi/4.7.4/../../../../arm-none-eabi/lib\libc_s.a(lib_a-mprec.o)
                0x20004794                __lshift
 .text.__mcmp   0x20004884       0x60 c:/isis/application/toolchain/bin/../lib/gcc/arm-none-eabi/4.7.4/../../../../arm-none-eabi/lib\libc_s.a(lib_a-mprec.o)
                0x20004884                __mcmp
 .text.__mdiff  0x200048e4      0x128 c:/isis/application/toolchain/bin/../lib/gcc/arm-none-eabi/4.7.4/../../../../arm-none-eabi/lib\libc_s.a(lib_a-mprec.o)
                0x200048e4                __mdiff
 .text.__ulp    0x20004a0c       0x5c c:/isis/application/toolchain/bin/../lib/gcc/arm-none-eabi/4.7.4/../../../../arm-none-eabi/lib\libc_s.a(lib_a-mprec.o)
                0x20004a0c                __ulp
 .text.__b2d    0x20004a68       0xc8 c:/isis/application/toolchain/bin/../lib/gcc/arm-none-eabi/4.7.4/../../../../arm-none-eabi/lib\libc_s.a(lib_a-mprec.o)
                0x20004a68                __b2d
 .text.__d2b    0x20004b30       0xfc c:/isis/application/toolchain/bin/../lib/gcc/arm-none-eabi/4.7.4/../../../../arm-none-eabi/lib\libc_s.a(lib_a-mprec.o)
                0x20004b30                __d2b
 .text.__ratio  0x20004c2c       0x70 c:/isis/application/toolchain/bin/../lib/gcc/arm-none-eabi/4.7.4/../../../../arm-none-eabi/lib\libc_s.a(lib_a-mprec.o)
                0x20004c2c                __ratio
 .text.__copybits
                0x20004c9c       0x4c c:/isis/application/toolchain/bin/../lib/gcc/arm-none-eabi/4.7.4/../../../../arm-none-eabi/lib\libc_s.a(lib_a-mprec.o)
                0x20004c9c                __copybits
 .text.__any_on
                0x20004ce8       0x7c c:/isis/application/toolchain/bin/../lib/gcc/arm-none-eabi/4.7.4/../../../../arm-none-eabi/lib\libc_s.a(lib_a-mprec.o)
                0x20004ce8                __any_on
 .text.__fpclassifyd
                0x20004d64       0x6c c:/isis/application/toolchain/bin/../lib/gcc/arm-none-eabi/4.7.4/../../../../arm-none-eabi/lib\libc_s.a(lib_a-s_fpclassify.o)
                0x20004d64                __fpclassifyd
 .text._sbrk_r  0x20004dd0       0x3c c:/isis/application/toolchain/bin/../lib/gcc/arm-none-eabi/4.7.4/../../../../arm-none-eabi/lib\libc_s.a(lib_a-sbrkr.o)
                0x20004dd0                _sbrk_r
 .text.nanf     0x20004e0c        0xc c:/isis/application/toolchain/bin/../lib/gcc/arm-none-eabi/4.7.4/../../../../arm-none-eabi/lib\libc_s.a(lib_a-sf_nan.o)
                0x20004e0c                nanf
 .text.sprintf  0x20004e18       0x6c c:/isis/application/toolchain/bin/../lib/gcc/arm-none-eabi/4.7.4/../../../../arm-none-eabi/lib\libc_s.a(lib_a-sprintf.o)
                0x20004e18                siprintf
                0x20004e18                sprintf
 .text.strcmp   0x20004e84       0x1c c:/isis/application/toolchain/bin/../lib/gcc/arm-none-eabi/4.7.4/../../../../arm-none-eabi/lib\libc_s.a(lib_a-strcmp.o)
                0x20004e84                strcmp
 .text.strlen   0x20004ea0       0x1c c:/isis/application/toolchain/bin/../lib/gcc/arm-none-eabi/4.7.4/../../../../arm-none-eabi/lib\libc_s.a(lib_a-strlen.o)
                0x20004ea0                strlen
 .text.match    0x20004ebc       0x54 c:/isis/application/toolchain/bin/../lib/gcc/arm-none-eabi/4.7.4/../../../../arm-none-eabi/lib\libc_s.a(lib_a-strtod.o)
 .text._strtod_r
                0x20004f10     0x1168 c:/isis/application/toolchain/bin/../lib/gcc/arm-none-eabi/4.7.4/../../../../arm-none-eabi/lib\libc_s.a(lib_a-strtod.o)
                0x20004f10                _strtod_r
 .text._strtol_r
                0x20006078      0x1b8 c:/isis/application/toolchain/bin/../lib/gcc/arm-none-eabi/4.7.4/../../../../arm-none-eabi/lib\libc_s.a(lib_a-strtol.o)
                0x20006078                _strtol_r
 .text.__ssputc_r
                0x20006230      0x10c c:/isis/application/toolchain/bin/../lib/gcc/arm-none-eabi/4.7.4/../../../../arm-none-eabi/lib\libc_s.a(lib_a-svfprintf.o)
                0x20006230                __ssputc_r
 .text._svfprintf_r
                0x2000633c      0x328 c:/isis/application/toolchain/bin/../lib/gcc/arm-none-eabi/4.7.4/../../../../arm-none-eabi/lib\libc_s.a(lib_a-svfprintf.o)
                0x2000633c                _svfiprintf_r
                0x2000633c                _svfprintf_r
 .text._calloc_r
                0x20006664       0x2c c:/isis/application/toolchain/bin/../lib/gcc/arm-none-eabi/4.7.4/../../../../arm-none-eabi/lib\libc_s.a(lib_a-callocr.o)
                0x20006664                _calloc_r
 .text._free_r  0x20006690      0x108 c:/isis/application/toolchain/bin/../lib/gcc/arm-none-eabi/4.7.4/../../../../arm-none-eabi/lib\libc_s.a(lib_a-freer.o)
                0x20006690                _free_r
 .text.rshift   0x20006798       0xb0 c:/isis/application/toolchain/bin/../lib/gcc/arm-none-eabi/4.7.4/../../../../arm-none-eabi/lib\libc_s.a(lib_a-gdtoa-gethex.o)
 .text.htinit.constprop.0
                0x20006848       0x34 c:/isis/application/toolchain/bin/../lib/gcc/arm-none-eabi/4.7.4/../../../../arm-none-eabi/lib\libc_s.a(lib_a-gdtoa-gethex.o)
 .text.__hexdig_init
                0x2000687c       0x38 c:/isis/application/toolchain/bin/../lib/gcc/arm-none-eabi/4.7.4/../../../../arm-none-eabi/lib\libc_s.a(lib_a-gdtoa-gethex.o)
                0x2000687c                __hexdig_init
 .text.__gethex
                0x200068b4      0x6cc c:/isis/application/toolchain/bin/../lib/gcc/arm-none-eabi/4.7.4/../../../../arm-none-eabi/lib\libc_s.a(lib_a-gdtoa-gethex.o)
                0x200068b4                __gethex
 .text.L_shift  0x20006f80       0x38 c:/isis/application/toolchain/bin/../lib/gcc/arm-none-eabi/4.7.4/../../../../arm-none-eabi/lib\libc_s.a(lib_a-gdtoa-hexnan.o)
 .text.__hexnan
                0x20006fb8      0x1d8 c:/isis/application/toolchain/bin/../lib/gcc/arm-none-eabi/4.7.4/../../../../arm-none-eabi/lib\libc_s.a(lib_a-gdtoa-hexnan.o)
                0x20006fb8                __hexnan
 .text.memchr   0x20007190       0x34 c:/isis/application/toolchain/bin/../lib/gcc/arm-none-eabi/4.7.4/../../../../arm-none-eabi/lib\libc_s.a(lib_a-memchr.o)
                0x20007190                memchr
 .text.memset   0x200071c4       0x1c c:/isis/application/toolchain/bin/../lib/gcc/arm-none-eabi/4.7.4/../../../../arm-none-eabi/lib\libc_s.a(lib_a-memset.o)
                0x200071c4                memset
 .text._realloc_r
                0x200071e0       0x80 c:/isis/application/toolchain/bin/../lib/gcc/arm-none-eabi/4.7.4/../../../../arm-none-eabi/lib\libc_s.a(lib_a-reallocr.o)
                0x200071e0                _realloc_r
 .text.strncmp  0x20007260       0x64 c:/isis/application/toolchain/bin/../lib/gcc/arm-none-eabi/4.7.4/../../../../arm-none-eabi/lib\libc_s.a(lib_a-strncmp.o)
                0x20007260                strncmp
 .text._malloc_usable_size_r
                0x200072c4       0x1c c:/isis/application/toolchain/bin/../lib/gcc/arm-none-eabi/4.7.4/../../../../arm-none-eabi/lib\libc_s.a(lib_a-msizer.o)
                0x200072c4                _malloc_usable_size_r
 .text.GetChunkFromImage
                0x200072e0      0x308 ./src/sub-systemCode/payload/Request Management/Dump/Butchering.o
                0x200072e0                GetChunkFromImage
 .text.SimpleButcher
                0x200075e8       0xf4 ./src/sub-systemCode/payload/Request Management/Dump/Butchering.o
                0x200075e8                SimpleButcher
 .text.readChunkDimentionsFromFRAM
                0x200076dc       0x80 ./src/sub-systemCode/payload/Request Management/Dump/imageDump.o
                0x200076dc                readChunkDimentionsFromFRAM
 .text.setChunkDimensions_inFRAM
                0x2000775c      0x10c ./src/sub-systemCode/payload/Request Management/Dump/imageDump.o
                0x2000775c                setChunkDimensions_inFRAM
 .text.find_subType_ofImage
                0x20007868       0xe0 ./src/sub-systemCode/payload/Request Management/Dump/imageDump.o
                0x20007868                find_subType_ofImage
 .text.buildAndSend_chunck
                0x20007948      0x320 ./src/sub-systemCode/payload/Request Management/Dump/imageDump.o
                0x20007948                buildAndSend_chunck
 .text.bitField_imageDump
                0x20007c68      0x2b8 ./src/sub-systemCode/payload/Request Management/Dump/imageDump.o
                0x20007c68                bitField_imageDump
 .text.imageDataBase_Dump
                0x20007f20      0x104 ./src/sub-systemCode/payload/Request Management/Dump/imageDump.o
                0x20007f20                imageDataBase_Dump
 .text.chunkField_imageDump
                0x20008024      0x258 ./src/sub-systemCode/payload/Request Management/Dump/imageDump.o
                0x20008024                chunkField_imageDump
 .text.imageDump_task
                0x2000827c      0x400 ./src/sub-systemCode/payload/Request Management/Dump/imageDump.o
                0x2000827c                imageDump_task
 .text.CameraManagerTaskMain
                0x2000867c      0x120 ./src/sub-systemCode/payload/Request Management/CameraManeger.o
                0x2000867c                CameraManagerTaskMain
 .text.initCamera
                0x2000879c       0xa4 ./src/sub-systemCode/payload/Request Management/CameraManeger.o
                0x2000879c                initCamera
 .text.KickStartCamera
                0x20008840       0xb4 ./src/sub-systemCode/payload/Request Management/CameraManeger.o
                0x20008840                KickStartCamera
 .text.addRequestToQueue
                0x200088f4       0xa8 ./src/sub-systemCode/payload/Request Management/CameraManeger.o
                0x200088f4                addRequestToQueue
 .text.removeRequestFromQueue
                0x2000899c       0x7c ./src/sub-systemCode/payload/Request Management/CameraManeger.o
                0x2000899c                removeRequestFromQueue
 .text.Take_pictures_with_time_in_between
                0x20008a18       0xe8 ./src/sub-systemCode/payload/Request Management/CameraManeger.o
                0x20008a18                Take_pictures_with_time_in_between
 .text.Gecko_TroubleShooter
                0x20008b00       0xdc ./src/sub-systemCode/payload/Request Management/CameraManeger.o
                0x20008b00                Gecko_TroubleShooter
 .text.startDumpTask
                0x20008bdc       0x70 ./src/sub-systemCode/payload/Request Management/CameraManeger.o
                0x20008bdc                startDumpTask
 .text.act_upon_request
                0x20008c4c      0x434 ./src/sub-systemCode/payload/Request Management/CameraManeger.o
                0x20008c4c                act_upon_request
 .text.TakePicture
                0x20009080       0x4c ./src/sub-systemCode/payload/Request Management/DB_RequestHandling.o
                0x20009080                TakePicture
 .text.TakeSpecialPicture
                0x200090cc      0x104 ./src/sub-systemCode/payload/Request Management/DB_RequestHandling.o
                0x200090cc                TakeSpecialPicture
 .text.DeletePictureFile
                0x200091d0       0x88 ./src/sub-systemCode/payload/Request Management/DB_RequestHandling.o
                0x200091d0                DeletePictureFile
 .text.DeletePicture
                0x20009258       0x6c ./src/sub-systemCode/payload/Request Management/DB_RequestHandling.o
                0x20009258                DeletePicture
 .text.TransferPicture
                0x200092c4       0x54 ./src/sub-systemCode/payload/Request Management/DB_RequestHandling.o
                0x200092c4                TransferPicture
 .text.CreateThumbnail
                0x20009318       0x80 ./src/sub-systemCode/payload/Request Management/DB_RequestHandling.o
                0x20009318                CreateThumbnail
 .text.CreateJPG
                0x20009398       0x7c ./src/sub-systemCode/payload/Request Management/DB_RequestHandling.o
                0x20009398                CreateJPG
 .text.UpdatePhotographyValues
                0x20009414       0xb4 ./src/sub-systemCode/payload/Request Management/DB_RequestHandling.o
                0x20009414                UpdatePhotographyValues
 .text.setChunkDimensions
                0x200094c8       0x64 ./src/sub-systemCode/payload/Request Management/DB_RequestHandling.o
                0x200094c8                setChunkDimensions
 .text.convert2char
                0x2000952c      0x14c ./src/sub-systemCode/payload/Misc/Boolean_bit.o
                0x2000952c                convert2char
 .text.convert2byte
                0x20009678      0x1c8 ./src/sub-systemCode/payload/Misc/Boolean_bit.o
                0x20009678                convert2byte
 .text.bits2byte
                0x20009840      0x17c ./src/sub-systemCode/payload/Misc/Boolean_bit.o
                0x20009840                bits2byte
 .text.byte2bits
                0x200099bc      0x17c ./src/sub-systemCode/payload/Misc/Boolean_bit.o
                0x200099bc                byte2bits
 .text.char2bits
                0x20009b38       0x44 ./src/sub-systemCode/payload/Misc/Boolean_bit.o
                0x20009b38                char2bits
 .text.bits2char
                0x20009b7c       0x3c ./src/sub-systemCode/payload/Misc/Boolean_bit.o
                0x20009b7c                bits2char
 .text.ReadFromFile
                0x20009bb8       0x6c ./src/sub-systemCode/payload/Misc/FileSystem.o
                0x20009bb8                ReadFromFile
 .text.WriteToFile
                0x20009c24       0x74 ./src/sub-systemCode/payload/Misc/FileSystem.o
                0x20009c24                WriteToFile
 .text.Initialized_GPIO
                0x20009c98       0x54 ./src/sub-systemCode/payload/Drivers/GeckoCameraDriver.o
                0x20009c98                Initialized_GPIO
 .text.TurnOnGecko
                0x20009cec      0x140 ./src/sub-systemCode/payload/Drivers/GeckoCameraDriver.o
                0x20009cec                TurnOnGecko
 .text.TurnOffGecko
                0x20009e2c       0xd8 ./src/sub-systemCode/payload/Drivers/GeckoCameraDriver.o
                0x20009e2c                TurnOffGecko
 .text.initGecko
                0x20009f04       0x3c ./src/sub-systemCode/payload/Drivers/GeckoCameraDriver.o
                0x20009f04                initGecko
 .text.GECKO_TakeImage
                0x20009f40      0x2f4 ./src/sub-systemCode/payload/Drivers/GeckoCameraDriver.o
                0x20009f40                GECKO_TakeImage
 .text.GECKO_ReadImage
                0x2000a234      0x234 ./src/sub-systemCode/payload/Drivers/GeckoCameraDriver.o
                0x2000a234                GECKO_ReadImage
 .text.GECKO_EraseBlock
                0x2000a468       0xf0 ./src/sub-systemCode/payload/Drivers/GeckoCameraDriver.o
                0x2000a468                GECKO_EraseBlock
 .text.getFileName
                0x2000a558      0x1a0 ./src/sub-systemCode/payload/DataBase/DataBase.o
 .text.zeroImageDataBase
                0x2000a6f8       0xfc ./src/sub-systemCode/payload/DataBase/DataBase.o
                0x2000a6f8                zeroImageDataBase
 .text.updateGeneralDataBaseParameters
                0x2000a7f4       0x5c ./src/sub-systemCode/payload/DataBase/DataBase.o
                0x2000a7f4                updateGeneralDataBaseParameters
 .text.SearchDataBase_byID
                0x2000a850      0x220 ./src/sub-systemCode/payload/DataBase/DataBase.o
                0x2000a850                SearchDataBase_byID
 .text.SearchDataBase_byMark
                0x2000aa70       0xa4 ./src/sub-systemCode/payload/DataBase/DataBase.o
                0x2000aa70                SearchDataBase_byMark
 .text.checkForFileType
                0x2000ab14       0x68 ./src/sub-systemCode/payload/DataBase/DataBase.o
                0x2000ab14                checkForFileType
 .text.updateFileTypes
                0x2000ab7c       0xbc ./src/sub-systemCode/payload/DataBase/DataBase.o
                0x2000ab7c                updateFileTypes
 .text.GetImageFactor
                0x2000ac38       0x58 ./src/sub-systemCode/payload/DataBase/DataBase.o
                0x2000ac38                GetImageFactor
 .text.readImageFromBuffer
                0x2000ac90      0x12c ./src/sub-systemCode/payload/DataBase/DataBase.o
                0x2000ac90                readImageFromBuffer
 .text.saveImageToBuffer
                0x2000adbc      0x12c ./src/sub-systemCode/payload/DataBase/DataBase.o
                0x2000adbc                saveImageToBuffer
 .text.getLatestID
                0x2000aee8       0x48 ./src/sub-systemCode/payload/DataBase/DataBase.o
                0x2000aee8                getLatestID
 .text.getDataBaseStart
                0x2000af30       0x20 ./src/sub-systemCode/payload/DataBase/DataBase.o
                0x2000af30                getDataBaseStart
 .text.setDataBaseValues
                0x2000af50      0x1d8 ./src/sub-systemCode/payload/DataBase/DataBase.o
                0x2000af50                setDataBaseValues
 .text.initImageDataBase
                0x2000b128      0x1b0 ./src/sub-systemCode/payload/DataBase/DataBase.o
                0x2000b128                initImageDataBase
 .text.resetImageDataBase
                0x2000b2d8       0x98 ./src/sub-systemCode/payload/DataBase/DataBase.o
                0x2000b2d8                resetImageDataBase
 .text.setCameraPhotographyValues
                0x2000b370      0x10c ./src/sub-systemCode/payload/DataBase/DataBase.o
                0x2000b370                setCameraPhotographyValues
 .text.transferImageToSD_withoutSearch
                0x2000b47c      0x15c ./src/sub-systemCode/payload/DataBase/DataBase.o
                0x2000b47c                transferImageToSD_withoutSearch
 .text.transferImageToSD
                0x2000b5d8       0xb4 ./src/sub-systemCode/payload/DataBase/DataBase.o
                0x2000b5d8                transferImageToSD
 .text.DeleteImageFromOBC_withoutSearch
                0x2000b68c       0xe0 ./src/sub-systemCode/payload/DataBase/DataBase.o
                0x2000b68c                DeleteImageFromOBC_withoutSearch
 .text.DeleteImageFromOBC
                0x2000b76c       0xb4 ./src/sub-systemCode/payload/DataBase/DataBase.o
                0x2000b76c                DeleteImageFromOBC
 .text.DeleteImageFromPayload
                0x2000b820      0x25c ./src/sub-systemCode/payload/DataBase/DataBase.o
                0x2000b820                DeleteImageFromPayload
 .text.clearImageDataBase
                0x2000ba7c      0x114 ./src/sub-systemCode/payload/DataBase/DataBase.o
                0x2000ba7c                clearImageDataBase
 .text.handleMarkedPictures
                0x2000bb90      0x1dc ./src/sub-systemCode/payload/DataBase/DataBase.o
                0x2000bb90                handleMarkedPictures
 .text.writeNewImageMetaDataToFRAM
                0x2000bd6c      0x234 ./src/sub-systemCode/payload/DataBase/DataBase.o
                0x2000bd6c                writeNewImageMetaDataToFRAM
 .text.takePicture
                0x2000bfa0      0x378 ./src/sub-systemCode/payload/DataBase/DataBase.o
                0x2000bfa0                takePicture
 .text.takePicture_withSpecialParameters
                0x2000c318       0xbc ./src/sub-systemCode/payload/DataBase/DataBase.o
                0x2000c318                takePicture_withSpecialParameters
 .text.GetImageFileName
                0x2000c3d4       0xc0 ./src/sub-systemCode/payload/DataBase/DataBase.o
                0x2000c3d4                GetImageFileName
 .text.getDataBaseSize
                0x2000c494       0x20 ./src/sub-systemCode/payload/DataBase/DataBase.o
                0x2000c494                getDataBaseSize
 .text.getImageDataBaseBuffer
                0x2000c4b4      0x240 ./src/sub-systemCode/payload/DataBase/DataBase.o
                0x2000c4b4                getImageDataBaseBuffer
 .text.TransformRawToBMP
                0x2000c6f4      0x1e0 ./src/sub-systemCode/payload/Compression/jpeg/bmp/rawToBMP.o
                0x2000c6f4                TransformRawToBMP
 .text.interpolate
                0x2000c8d4      0x8d0 ./src/sub-systemCode/payload/Compression/jpeg/bmp/rawToBMP.o
                0x2000c8d4                interpolate
 .text.getInputAt
                0x2000d1a4      0x308 ./src/sub-systemCode/payload/Compression/jpeg/bmp/rawToBMP.o
                0x2000d1a4                getInputAt
 .text.f_writeF_FILEHeader
                0x2000d4ac      0x2f0 ./src/sub-systemCode/payload/Compression/jpeg/bmp/rawToBMP.o
                0x2000d4ac                f_writeF_FILEHeader
 .text.f_writeOutputRow
                0x2000d79c       0xbc ./src/sub-systemCode/payload/Compression/jpeg/bmp/rawToBMP.o
                0x2000d79c                f_writeOutputRow
 .text.dct      0x2000d858      0x9c4 ./src/sub-systemCode/payload/Compression/jpeg/DCT.o
                0x2000d858                dct
 .text.JPEG_compressor
                0x2000e21c       0xfc ./src/sub-systemCode/payload/Compression/jpeg/ImgCompressor.o
                0x2000e21c                JPEG_compressor
 .text.Create_BMP_File
                0x2000e318       0xf4 ./src/sub-systemCode/payload/Compression/jpeg/ImgCompressor.o
                0x2000e318                Create_BMP_File
 .text.CompressImage
                0x2000e40c      0x1cc ./src/sub-systemCode/payload/Compression/jpeg/ImgCompressor.o
                0x2000e40c                CompressImage
 .text.clamp    0x2000e5d8       0x60 ./src/sub-systemCode/payload/Compression/jpeg/color_conv.o
                0x2000e5d8                clamp
 .text.RGB_to_YCC
                0x2000e638      0x1a8 ./src/sub-systemCode/payload/Compression/jpeg/color_conv.o
                0x2000e638                RGB_to_YCC
 .text.RGB_to_Y
                0x2000e7e0       0xc4 ./src/sub-systemCode/payload/Compression/jpeg/color_conv.o
                0x2000e7e0                RGB_to_Y
 .text.Y_to_YCC
                0x2000e8a4       0x88 ./src/sub-systemCode/payload/Compression/jpeg/color_conv.o
                0x2000e8a4                Y_to_YCC
 .text.compress_image_to_jpeg_file
                0x2000e92c      0x1ac ./src/sub-systemCode/payload/Compression/jpeg/jpeg.o
                0x2000e92c                compress_image_to_jpeg_file
 .text.emit_marker
                0x2000ead8       0xc8 ./src/sub-systemCode/payload/Compression/jpeg/jpeg_encoder.o
                0x2000ead8                emit_marker
 .text.emit_byte
                0x2000eba0       0x6c ./src/sub-systemCode/payload/Compression/jpeg/jpeg_encoder.o
                0x2000eba0                emit_byte
 .text.emit_word
                0x2000ec0c       0xd0 ./src/sub-systemCode/payload/Compression/jpeg/jpeg_encoder.o
                0x2000ec0c                emit_word
 .text.emit_jfif_app0
                0x2000ecdc       0xc0 ./src/sub-systemCode/payload/Compression/jpeg/jpeg_encoder.o
                0x2000ecdc                emit_jfif_app0
 .text.emit_dqt
                0x2000ed9c       0xd8 ./src/sub-systemCode/payload/Compression/jpeg/jpeg_encoder.o
                0x2000ed9c                emit_dqt
 .text.emit_sof
                0x2000ee74      0x14c ./src/sub-systemCode/payload/Compression/jpeg/jpeg_encoder.o
                0x2000ee74                emit_sof
 .text.emit_dht
                0x2000efc0      0x138 ./src/sub-systemCode/payload/Compression/jpeg/jpeg_encoder.o
                0x2000efc0                emit_dht
 .text.emit_dhts
                0x2000f0f8       0xd8 ./src/sub-systemCode/payload/Compression/jpeg/jpeg_encoder.o
                0x2000f0f8                emit_dhts
 .text.emit_sos
                0x2000f1d0       0xec ./src/sub-systemCode/payload/Compression/jpeg/jpeg_encoder.o
                0x2000f1d0                emit_sos
 .text.emit_markers
                0x2000f2bc       0x4c ./src/sub-systemCode/payload/Compression/jpeg/jpeg_encoder.o
                0x2000f2bc                emit_markers
 .text.compute_huffman_table
                0x2000f308      0x334 ./src/sub-systemCode/payload/Compression/jpeg/jpeg_encoder.o
                0x2000f308                compute_huffman_table
 .text.compute_quant_table
                0x2000f63c      0x11c ./src/sub-systemCode/payload/Compression/jpeg/jpeg_encoder.o
                0x2000f63c                compute_quant_table
 .text.first_pass_init
                0x2000f758       0x54 ./src/sub-systemCode/payload/Compression/jpeg/jpeg_encoder.o
                0x2000f758                first_pass_init
 .text.second_pass_init
                0x2000f7ac      0x110 ./src/sub-systemCode/payload/Compression/jpeg/jpeg_encoder.o
                0x2000f7ac                second_pass_init
 .text.jpg_open
                0x2000f8bc      0x7b4 ./src/sub-systemCode/payload/Compression/jpeg/jpeg_encoder.o
                0x2000f8bc                jpg_open
 .text.load_block_8_8_grey
                0x20010070      0x164 ./src/sub-systemCode/payload/Compression/jpeg/jpeg_encoder.o
                0x20010070                load_block_8_8_grey
 .text.load_block_8_8
                0x200101d4      0x198 ./src/sub-systemCode/payload/Compression/jpeg/jpeg_encoder.o
                0x200101d4                load_block_8_8
 .text.load_block_16_8
                0x2001036c      0x3cc ./src/sub-systemCode/payload/Compression/jpeg/jpeg_encoder.o
                0x2001036c                load_block_16_8
 .text.load_block_16_8_8
                0x20010738      0x2a8 ./src/sub-systemCode/payload/Compression/jpeg/jpeg_encoder.o
                0x20010738                load_block_16_8_8
 .text.load_coefficients
                0x200109e0      0x1c8 ./src/sub-systemCode/payload/Compression/jpeg/jpeg_encoder.o
                0x200109e0                load_coefficients
 .text.flush_output_buffer
                0x20010ba8       0xa0 ./src/sub-systemCode/payload/Compression/jpeg/jpeg_encoder.o
                0x20010ba8                flush_output_buffer
 .text.put_bits
                0x20010c48      0x170 ./src/sub-systemCode/payload/Compression/jpeg/jpeg_encoder.o
                0x20010c48                put_bits
 .text.code_coefficients_pass_two
                0x20010db8      0x338 ./src/sub-systemCode/payload/Compression/jpeg/jpeg_encoder.o
                0x20010db8                code_coefficients_pass_two
 .text.code_block
                0x200110f0       0x44 ./src/sub-systemCode/payload/Compression/jpeg/jpeg_encoder.o
                0x200110f0                code_block
 .text.process_mcu_row
                0x20011134      0x328 ./src/sub-systemCode/payload/Compression/jpeg/jpeg_encoder.o
                0x20011134                process_mcu_row
 .text.terminate_pass_two
                0x2001145c       0x44 ./src/sub-systemCode/payload/Compression/jpeg/jpeg_encoder.o
                0x2001145c                terminate_pass_two
 .text.process_end_of_image
                0x200114a0       0xc0 ./src/sub-systemCode/payload/Compression/jpeg/jpeg_encoder.o
                0x200114a0                process_end_of_image
 .text.load_mcu
                0x20011560      0x29c ./src/sub-systemCode/payload/Compression/jpeg/jpeg_encoder.o
                0x20011560                load_mcu
 .text.clear    0x200117fc      0x1e0 ./src/sub-systemCode/payload/Compression/jpeg/jpeg_encoder.o
                0x200117fc                clear
 .text.init     0x200119dc       0xe4 ./src/sub-systemCode/payload/Compression/jpeg/jpeg_encoder.o
                0x200119dc                init
 .text.deinit   0x20011ac0      0x160 ./src/sub-systemCode/payload/Compression/jpeg/jpeg_encoder.o
                0x20011ac0                deinit
 .text.process_scanline
                0x20011c20       0x6c ./src/sub-systemCode/payload/Compression/jpeg/jpeg_encoder.o
                0x20011c20                process_scanline
 .text.jpge_malloc
                0x20011c8c       0x28 ./src/sub-systemCode/payload/Compression/jpeg/jpeg_memory_alloc.o
                0x20011c8c                jpge_malloc
 .text.jpge_cmalloc
                0x20011cb4       0x48 ./src/sub-systemCode/payload/Compression/jpeg/jpeg_memory_alloc.o
                0x20011cb4                jpge_cmalloc
 .text.jpge_free
                0x20011cfc       0x24 ./src/sub-systemCode/payload/Compression/jpeg/jpeg_memory_alloc.o
                0x20011cfc                jpge_free
 .text.check    0x20011d20       0x78 ./src/sub-systemCode/payload/Compression/jpeg/jpeg_params.o
                0x20011d20                check
 .text.open_jpeg_file
                0x20011d98       0xfc ./src/sub-systemCode/payload/Compression/jpeg/output_stream.o
                0x20011d98                open_jpeg_file
 .text.close_jpeg_file
                0x20011e94      0x118 ./src/sub-systemCode/payload/Compression/jpeg/output_stream.o
                0x20011e94                close_jpeg_file
 .text.put_buf  0x20011fac      0x258 ./src/sub-systemCode/payload/Compression/jpeg/output_stream.o
                0x20011fac                put_buf
 .text.GetBayerPixel
                0x20012204       0xe8 ./src/sub-systemCode/payload/Compression/ImageConversion.o
 .text.BinImage
                0x200122ec      0x2c8 ./src/sub-systemCode/payload/Compression/ImageConversion.o
                0x200122ec                BinImage
 .text.ImageSkipping
                0x200125b4      0x2ac ./src/sub-systemCode/payload/Compression/ImageConversion.o
                0x200125b4                ImageSkipping
 .text.CreateImageThumbnail_withoutSearch
                0x20012860      0x14c ./src/sub-systemCode/payload/Compression/ImageConversion.o
                0x20012860                CreateImageThumbnail_withoutSearch
 .text.CreateImageThumbnail
                0x200129ac       0x94 ./src/sub-systemCode/payload/Compression/ImageConversion.o
                0x200129ac                CreateImageThumbnail
 .text.compressImage
                0x20012a40      0x17c ./src/sub-systemCode/payload/Compression/ImageConversion.o
                0x20012a40                compressImage
 .text.AdcsCmdQueueInit
                0x20012bbc       0x4c ./src/sub-systemCode/Main/CMD/ADCS_CMD.o
                0x20012bbc                AdcsCmdQueueInit
 .text.AdcsCmdQueueGet
                0x20012c08       0x8c ./src/sub-systemCode/Main/CMD/ADCS_CMD.o
                0x20012c08                AdcsCmdQueueGet
 .text.AdcsCmdQueueAdd
                0x20012c94       0x74 ./src/sub-systemCode/Main/CMD/ADCS_CMD.o
                0x20012c94                AdcsCmdQueueAdd
 .text.AdcsCmdQueueIsEmpty
                0x20012d08       0x3c ./src/sub-systemCode/Main/CMD/ADCS_CMD.o
                0x20012d08                AdcsCmdQueueIsEmpty
 .text.getAdcsQueueWaitPointer
                0x20012d44       0x20 ./src/sub-systemCode/Main/CMD/ADCS_CMD.o
                0x20012d44                getAdcsQueueWaitPointer
 .text.cmd_mute
                0x20012d64       0xc4 ./src/sub-systemCode/Main/CMD/COMM_CMD.o
                0x20012d64                cmd_mute
 .text.cmd_unmute
                0x20012e28       0x4c ./src/sub-systemCode/Main/CMD/COMM_CMD.o
                0x20012e28                cmd_unmute
 .text.cmd_active_trans
                0x20012e74       0xc0 ./src/sub-systemCode/Main/CMD/COMM_CMD.o
                0x20012e74                cmd_active_trans
 .text.cmd_shut_trans
                0x20012f34       0x38 ./src/sub-systemCode/Main/CMD/COMM_CMD.o
                0x20012f34                cmd_shut_trans
 .text.cmd_change_trans_rssi
                0x20012f6c      0x100 ./src/sub-systemCode/Main/CMD/COMM_CMD.o
                0x20012f6c                cmd_change_trans_rssi
 .text.cmd_aprs_dump
                0x2001306c       0x50 ./src/sub-systemCode/Main/CMD/COMM_CMD.o
                0x2001306c                cmd_aprs_dump
 .text.cmd_stop_dump
                0x200130bc       0x38 ./src/sub-systemCode/Main/CMD/COMM_CMD.o
                0x200130bc                cmd_stop_dump
 .text.cmd_time_frequency
                0x200130f4       0xc0 ./src/sub-systemCode/Main/CMD/COMM_CMD.o
                0x200130f4                cmd_time_frequency
 .text.cmd_change_def_bit_rate
                0x200131b4      0x158 ./src/sub-systemCode/Main/CMD/COMM_CMD.o
                0x200131b4                cmd_change_def_bit_rate
 .text.cmd_upload_volt_logic
                0x2001330c      0x334 ./src/sub-systemCode/Main/CMD/EPS_CMD.o
                0x2001330c                cmd_upload_volt_logic
 .text.cmd_upload_volt_COMM
                0x20013640      0x1c8 ./src/sub-systemCode/Main/CMD/EPS_CMD.o
                0x20013640                cmd_upload_volt_COMM
 .text.cmd_heater_temp
                0x20013808       0xc0 ./src/sub-systemCode/Main/CMD/EPS_CMD.o
                0x20013808                cmd_heater_temp
 .text.cmd_SHUT_CAM
                0x200138c8       0x6c ./src/sub-systemCode/Main/CMD/EPS_CMD.o
                0x200138c8                cmd_SHUT_CAM
 .text.cmd_SHUT_ADCS
                0x20013934       0x6c ./src/sub-systemCode/Main/CMD/EPS_CMD.o
                0x20013934                cmd_SHUT_ADCS
 .text.cmd_allow_CAM
                0x200139a0       0x6c ./src/sub-systemCode/Main/CMD/EPS_CMD.o
                0x200139a0                cmd_allow_CAM
 .text.cmd_allow_ADCS
                0x20013a0c       0x6c ./src/sub-systemCode/Main/CMD/EPS_CMD.o
                0x20013a0c                cmd_allow_ADCS
 .text.cmd_update_alpha
                0x20013a78       0xfc ./src/sub-systemCode/Main/CMD/EPS_CMD.o
                0x20013a78                cmd_update_alpha
 .text.cmd_generic_I2C
                0x20013b74       0xb4 ./src/sub-systemCode/Main/CMD/General_CMD.o
                0x20013b74                cmd_generic_I2C
 .text.cmd_dump
                0x20013c28       0xf0 ./src/sub-systemCode/Main/CMD/General_CMD.o
                0x20013c28                cmd_dump
 .text.cmd_delete_TM
                0x20013d18      0x230 ./src/sub-systemCode/Main/CMD/General_CMD.o
                0x20013d18                cmd_delete_TM
 .text.cmd_reset_file
                0x20013f48      0x118 ./src/sub-systemCode/Main/CMD/General_CMD.o
                0x20013f48                cmd_reset_file
 .text.cmd_dummy_func
                0x20014060       0x40 ./src/sub-systemCode/Main/CMD/General_CMD.o
                0x20014060                cmd_dummy_func
 .text.cmd_reset_TLM_SD
                0x200140a0       0x4c ./src/sub-systemCode/Main/CMD/General_CMD.o
                0x200140a0                cmd_reset_TLM_SD
 .text.cmd_soft_reset_cmponent
                0x200140ec       0xac ./src/sub-systemCode/Main/CMD/General_CMD.o
                0x200140ec                cmd_soft_reset_cmponent
 .text.cmd_hard_reset_cmponent
                0x20014198       0xac ./src/sub-systemCode/Main/CMD/General_CMD.o
                0x20014198                cmd_hard_reset_cmponent
 .text.cmd_reset_satellite
                0x20014244       0x78 ./src/sub-systemCode/Main/CMD/General_CMD.o
                0x20014244                cmd_reset_satellite
 .text.cmd_gracefull_reset_satellite
                0x200142bc       0x78 ./src/sub-systemCode/Main/CMD/General_CMD.o
                0x200142bc                cmd_gracefull_reset_satellite
 .text.cmd_upload_time
                0x20014334       0xb0 ./src/sub-systemCode/Main/CMD/General_CMD.o
                0x20014334                cmd_upload_time
 .text.cmd_ARM_DIARM
                0x200143e4       0xd4 ./src/sub-systemCode/Main/CMD/General_CMD.o
                0x200143e4                cmd_ARM_DIARM
 .text.cmd_get_onlineTM
                0x200144b8      0x148 ./src/sub-systemCode/Main/CMD/General_CMD.o
                0x200144b8                cmd_get_onlineTM
 .text.cmd_reset_off_line
                0x20014600       0x68 ./src/sub-systemCode/Main/CMD/General_CMD.o
                0x20014600                cmd_reset_off_line
 .text.cmd_add_item_off_line
                0x20014668       0xf4 ./src/sub-systemCode/Main/CMD/General_CMD.o
                0x20014668                cmd_add_item_off_line
 .text.cmd_delete_item_off_line
                0x2001475c       0x98 ./src/sub-systemCode/Main/CMD/General_CMD.o
                0x2001475c                cmd_delete_item_off_line
 .text.cmd_get_off_line_setting
                0x200147f4      0x108 ./src/sub-systemCode/Main/CMD/General_CMD.o
                0x200147f4                cmd_get_off_line_setting
 .text.cmd_reset_delayed_command_list
                0x200148fc       0x3c ./src/sub-systemCode/Main/CMD/SW_CMD.o
                0x200148fc                cmd_reset_delayed_command_list
 .text.cmd_reset_APRS_list
                0x20014938       0x3c ./src/sub-systemCode/Main/CMD/SW_CMD.o
                0x20014938                cmd_reset_APRS_list
 .text.cmd_reset_FRAM
                0x20014974       0xf4 ./src/sub-systemCode/Main/CMD/SW_CMD.o
                0x20014974                cmd_reset_FRAM
 .text.init_Ants
                0x20014a68       0x74 ./src/sub-systemCode/Main/Ants.o
                0x20014a68                init_Ants
 .text.ARM_ants
                0x20014adc       0xb8 ./src/sub-systemCode/Main/Ants.o
                0x20014adc                ARM_ants
 .text.DISARM_ants
                0x20014b94       0xb8 ./src/sub-systemCode/Main/Ants.o
                0x20014b94                DISARM_ants
 .text.checkDeployAttempt
                0x20014c4c      0x128 ./src/sub-systemCode/Main/Ants.o
                0x20014c4c                checkDeployAttempt
 .text.reset_deployStatusFRAM
                0x20014d74       0xc0 ./src/sub-systemCode/Main/Ants.o
                0x20014d74                reset_deployStatusFRAM
 .text.reset_FRAM_ants
                0x20014e34       0x88 ./src/sub-systemCode/Main/Ants.o
                0x20014e34                reset_FRAM_ants
 .text.DeployIfNeeded
                0x20014ebc      0x134 ./src/sub-systemCode/Main/Ants.o
                0x20014ebc                DeployIfNeeded
 .text.update_stopDeploy_FRAM
                0x20014ff0       0x48 ./src/sub-systemCode/Main/Ants.o
                0x20014ff0                update_stopDeploy_FRAM
 .text.round_vol
                0x20015038      0x124 ./src/sub-systemCode/Main/EPS.o
                0x20015038                round_vol
 .text.get_shut_ADCS
                0x2001515c       0x48 ./src/sub-systemCode/Main/EPS.o
                0x2001515c                get_shut_ADCS
 .text.shut_ADCS
                0x200151a4       0x44 ./src/sub-systemCode/Main/EPS.o
                0x200151a4                shut_ADCS
 .text.get_shut_CAM
                0x200151e8       0x48 ./src/sub-systemCode/Main/EPS.o
                0x200151e8                get_shut_CAM
 .text.shut_CAM
                0x20015230       0x44 ./src/sub-systemCode/Main/EPS.o
                0x20015230                shut_CAM
 .text.update_powerLines
                0x20015274       0xec ./src/sub-systemCode/Main/EPS.o
                0x20015274                update_powerLines
 .text.get_EPS_mode_t
                0x20015360       0x24 ./src/sub-systemCode/Main/EPS.o
                0x20015360                get_EPS_mode_t
 .text.init_enterMode
                0x20015384       0x88 ./src/sub-systemCode/Main/EPS.o
                0x20015384                init_enterMode
 .text.EPS_Init
                0x2001540c      0x1c8 ./src/sub-systemCode/Main/EPS.o
                0x2001540c                EPS_Init
 .text.reset_FRAM_EPS
                0x200155d4       0xe0 ./src/sub-systemCode/Main/EPS.o
                0x200155d4                reset_FRAM_EPS
 .text.reset_EPS_voltages
                0x200156b4       0xbc ./src/sub-systemCode/Main/EPS.o
                0x200156b4                reset_EPS_voltages
 .text.writeState_log
                0x20015770       0xb4 ./src/sub-systemCode/Main/EPS.o
                0x20015770                writeState_log
 .text.battery_downward
                0x20015824      0x120 ./src/sub-systemCode/Main/EPS.o
                0x20015824                battery_downward
 .text.battery_upward
                0x20015944      0x12c ./src/sub-systemCode/Main/EPS.o
                0x20015944                battery_upward
 .text.overRide_ADCS
                0x20015a70       0x50 ./src/sub-systemCode/Main/EPS.o
                0x20015a70                overRide_ADCS
 .text.overRide_Camera
                0x20015ac0       0x38 ./src/sub-systemCode/Main/EPS.o
                0x20015ac0                overRide_Camera
 .text.EPS_Conditioning
                0x20015af8      0x258 ./src/sub-systemCode/Main/EPS.o
                0x20015af8                EPS_Conditioning
 .text.EnterFullMode
                0x20015d50       0xf0 ./src/sub-systemCode/Main/EPS.o
                0x20015d50                EnterFullMode
 .text.EnterCruiseMode
                0x20015e40       0xe0 ./src/sub-systemCode/Main/EPS.o
                0x20015e40                EnterCruiseMode
 .text.EnterSafeMode
                0x20015f20       0xe0 ./src/sub-systemCode/Main/EPS.o
                0x20015f20                EnterSafeMode
 .text.EnterCriticalMode
                0x20016000       0xcc ./src/sub-systemCode/Main/EPS.o
                0x20016000                EnterCriticalMode
 .text.check_EPSTableCorrection
                0x200160cc      0x120 ./src/sub-systemCode/Main/EPS.o
                0x200160cc                check_EPSTableCorrection
 .text.save_ACK
                0x200161ec      0x11c ./src/sub-systemCode/Main/HouseKeeping.o
                0x200161ec                save_ACK
 .text.set_GP_EPS
                0x20016308      0x10c ./src/sub-systemCode/Main/HouseKeeping.o
                0x20016308                set_GP_EPS
 .text.set_GP_COMM
                0x20016414       0x88 ./src/sub-systemCode/Main/HouseKeeping.o
                0x20016414                set_GP_COMM
 .text.SP_HK_collect
                0x2001649c      0x198 ./src/sub-systemCode/Main/HouseKeeping.o
                0x2001649c                SP_HK_collect
 .text.EPS_HK_collect
                0x20016634      0x50c ./src/sub-systemCode/Main/HouseKeeping.o
                0x20016634                EPS_HK_collect
 .text.CAM_HK_collect
                0x20016b40      0x91c ./src/sub-systemCode/Main/HouseKeeping.o
                0x20016b40                CAM_HK_collect
 .text.COMM_HK_collect
                0x2001745c      0x260 ./src/sub-systemCode/Main/HouseKeeping.o
                0x2001745c                COMM_HK_collect
 .text.FS_HK_collect
                0x200176bc      0x18c ./src/sub-systemCode/Main/HouseKeeping.o
                0x200176bc                FS_HK_collect
 .text.HK_find_ADCSTM_fileName
                0x20017848      0x3a4 ./src/sub-systemCode/Main/HouseKeeping.o
                0x20017848                HK_find_ADCSTM_fileName
 .text.HK_find_fileName
                0x20017bec      0x174 ./src/sub-systemCode/Main/HouseKeeping.o
                0x20017bec                HK_find_fileName
 .text.HK_find_ADCSTM_ElementSize
                0x20017d60      0x110 ./src/sub-systemCode/Main/HouseKeeping.o
                0x20017d60                HK_find_ADCSTM_ElementSize
 .text.HK_findElementSize
                0x20017e70       0xd4 ./src/sub-systemCode/Main/HouseKeeping.o
                0x20017e70                HK_findElementSize
 .text.build_HK_spl_packet
                0x20017f44      0x200 ./src/sub-systemCode/Main/HouseKeeping.o
                0x20017f44                build_HK_spl_packet
 .text.numberOfRestarts
                0x20018144       0x94 ./src/sub-systemCode/Main/Main_Init.o
                0x20018144                numberOfRestarts
 .text.StartFRAM
                0x200181d8       0x38 ./src/sub-systemCode/Main/Main_Init.o
                0x200181d8                StartFRAM
 .text.StartI2C
                0x20018210       0x44 ./src/sub-systemCode/Main/Main_Init.o
                0x20018210                StartI2C
 .text.StartSPI
                0x20018254       0x40 ./src/sub-systemCode/Main/Main_Init.o
                0x20018254                StartSPI
 .text.StartTIME
                0x20018294      0x120 ./src/sub-systemCode/Main/Main_Init.o
                0x20018294                StartTIME
 .text.first_activation
                0x200183b4       0x7c ./src/sub-systemCode/Main/Main_Init.o
                0x200183b4                first_activation
 .text.InitSubsystems
                0x20018430       0x68 ./src/sub-systemCode/Main/Main_Init.o
                0x20018430                InitSubsystems
 .text.SubSystemTaskStart
                0x20018498       0xec ./src/sub-systemCode/Main/Main_Init.o
                0x20018498                SubSystemTaskStart
 .text.save_ACK_s
                0x20018584       0x5c ./src/sub-systemCode/Main/commands.o
                0x20018584                save_ACK_s
 .text.copy_command
                0x200185e0       0x80 ./src/sub-systemCode/Main/commands.o
                0x200185e0                copy_command
 .text.reset_command
                0x20018660       0x28 ./src/sub-systemCode/Main/commands.o
                0x20018660                reset_command
 .text.init_command
                0x20018688       0xd4 ./src/sub-systemCode/Main/commands.o
                0x20018688                init_command
 .text.add_command
                0x2001875c      0x118 ./src/sub-systemCode/Main/commands.o
                0x2001875c                add_command
 .text.get_command
                0x20018874      0x1ac ./src/sub-systemCode/Main/commands.o
                0x20018874                get_command
 .text.act_upon_command
                0x20018a20      0x1e4 ./src/sub-systemCode/Main/commands.o
                0x20018a20                act_upon_command
 .text.cmd_error
                0x20018c04       0x38 ./src/sub-systemCode/Main/commands.o
                0x20018c04                cmd_error
 .text.AUC_COMM
                0x20018c3c      0x25c ./src/sub-systemCode/Main/commands.o
                0x20018c3c                AUC_COMM
 .text.AUC_general
                0x20018e98      0x48c ./src/sub-systemCode/Main/commands.o
                0x20018e98                AUC_general
 .text.AUC_payload
                0x20019324      0x1e8 ./src/sub-systemCode/Main/commands.o
                0x20019324                AUC_payload
 .text.AUC_EPS  0x2001950c      0x28c ./src/sub-systemCode/Main/commands.o
                0x2001950c                AUC_EPS
 .text.AUC_SW   0x20019798       0xe4 ./src/sub-systemCode/Main/commands.o
                0x20019798                AUC_SW
 .text.AUC_onlineTM
                0x2001987c      0x1ac ./src/sub-systemCode/Main/commands.o
                0x2001987c                AUC_onlineTM
 .text.AUC_special_operation
                0x20019a28       0x8c ./src/sub-systemCode/Main/commands.o
                0x20019a28                AUC_special_operation
 .text.check_int
                0x20019ab4       0x20 ./src/sub-systemCode/Global/Global.o
                0x20019ab4                check_int
 .text.check_portBASE_TYPE
                0x20019ad4       0x20 ./src/sub-systemCode/Global/Global.o
                0x20019ad4                check_portBASE_TYPE
 .text.soft_reset_subsystem
                0x20019af4       0xd8 ./src/sub-systemCode/Global/Global.o
                0x20019af4                soft_reset_subsystem
 .text.hard_reset_subsystem
                0x20019bcc      0x104 ./src/sub-systemCode/Global/Global.o
                0x20019bcc                hard_reset_subsystem
 .text.BigEnE_raw_to_uInt
                0x20019cd0       0x94 ./src/sub-systemCode/Global/Global.o
                0x20019cd0                BigEnE_raw_to_uInt
 .text.BigEnE_raw_to_uShort
                0x20019d64       0x50 ./src/sub-systemCode/Global/Global.o
                0x20019d64                BigEnE_raw_to_uShort
 .text.BigEnE_uInt_to_raw
                0x20019db4       0x78 ./src/sub-systemCode/Global/Global.o
                0x20019db4                BigEnE_uInt_to_raw
 .text.reset_FRAM_MAIN
                0x20019e2c      0x140 ./src/sub-systemCode/Global/Global.o
                0x20019e2c                reset_FRAM_MAIN
 .text.getBitValueByIndex
                0x20019f6c       0xd0 ./src/sub-systemCode/Global/Global.o
                0x20019f6c                getBitValueByIndex
 .text.terminateTask
                0x2001a03c       0x18 ./src/sub-systemCode/Global/Global.o
                0x2001a03c                terminateTask
 .text.init_GP  0x2001a054      0x2e0 ./src/sub-systemCode/Global/GlobalParam.o
                0x2001a054                init_GP
 .text.get_system_state
                0x2001a334      0x254 ./src/sub-systemCode/Global/GlobalParam.o
                0x2001a334                get_system_state
 .text.set_system_state
                0x2001a588      0x284 ./src/sub-systemCode/Global/GlobalParam.o
                0x2001a588                set_system_state
 .text.get_systems_state_param
                0x2001a80c       0x78 ./src/sub-systemCode/Global/GlobalParam.o
                0x2001a80c                get_systems_state_param
 .text.get_current_global_param
                0x2001a884      0x548 ./src/sub-systemCode/Global/GlobalParam.o
                0x2001a884                get_current_global_param
 .text.set_Vbatt
                0x2001adcc       0x78 ./src/sub-systemCode/Global/GlobalParam.o
                0x2001adcc                set_Vbatt
 .text.get_Vbatt
                0x2001ae44       0x78 ./src/sub-systemCode/Global/GlobalParam.o
                0x2001ae44                get_Vbatt
 .text.set_curBat
                0x2001aebc       0x78 ./src/sub-systemCode/Global/GlobalParam.o
                0x2001aebc                set_curBat
 .text.set_cur3V3
                0x2001af34       0x78 ./src/sub-systemCode/Global/GlobalParam.o
                0x2001af34                set_cur3V3
 .text.set_cur5V
                0x2001afac       0x78 ./src/sub-systemCode/Global/GlobalParam.o
                0x2001afac                set_cur5V
 .text.set_tempComm_LO
                0x2001b024       0x78 ./src/sub-systemCode/Global/GlobalParam.o
                0x2001b024                set_tempComm_LO
 .text.set_tempComm_PA
                0x2001b09c       0x78 ./src/sub-systemCode/Global/GlobalParam.o
                0x2001b09c                set_tempComm_PA
 .text.set_tempEPS
                0x2001b114       0xb4 ./src/sub-systemCode/Global/GlobalParam.o
                0x2001b114                set_tempEPS
 .text.set_tempBatt
                0x2001b1c8       0xb4 ./src/sub-systemCode/Global/GlobalParam.o
                0x2001b1c8                set_tempBatt
 .text.set_RxDoppler
                0x2001b27c       0x78 ./src/sub-systemCode/Global/GlobalParam.o
                0x2001b27c                set_RxDoppler
 .text.set_RxRSSI
                0x2001b2f4       0x78 ./src/sub-systemCode/Global/GlobalParam.o
                0x2001b2f4                set_RxRSSI
 .text.set_TxRefl
                0x2001b36c       0x78 ./src/sub-systemCode/Global/GlobalParam.o
                0x2001b36c                set_TxRefl
 .text.set_TxForw
                0x2001b3e4       0x78 ./src/sub-systemCode/Global/GlobalParam.o
                0x2001b3e4                set_TxForw
 .text.get_Attitude
                0x2001b45c      0x10c ./src/sub-systemCode/Global/GlobalParam.o
                0x2001b45c                get_Attitude
 .text.set_numOfAPRS
                0x2001b568       0x78 ./src/sub-systemCode/Global/GlobalParam.o
                0x2001b568                set_numOfAPRS
 .text.set_numOfDelayedCommand
                0x2001b5e0       0x78 ./src/sub-systemCode/Global/GlobalParam.o
                0x2001b5e0                set_numOfDelayedCommand
 .text.set_numOfResets
                0x2001b658       0x98 ./src/sub-systemCode/Global/GlobalParam.o
                0x2001b658                set_numOfResets
 .text.set_ground_conn
                0x2001b6f0       0x8c ./src/sub-systemCode/Global/GlobalParam.o
                0x2001b6f0                set_ground_conn
 .text.get_ground_conn
                0x2001b77c       0x8c ./src/sub-systemCode/Global/GlobalParam.o
                0x2001b77c                get_ground_conn
 .text.IsisAntS_getStatusData_sideA
                0x2001b808       0x3c ./src/sub-systemCode/Global/OnlineTM.o
                0x2001b808                IsisAntS_getStatusData_sideA
 .text.IsisAntS_getAlltelemetry_sideA
                0x2001b844       0x3c ./src/sub-systemCode/Global/OnlineTM.o
                0x2001b844                IsisAntS_getAlltelemetry_sideA
 .text.IsisAntS_getTemperature_sideA
                0x2001b880       0x3c ./src/sub-systemCode/Global/OnlineTM.o
                0x2001b880                IsisAntS_getTemperature_sideA
 .text.IsisAntS_getStatusData_sideB
                0x2001b8bc       0x3c ./src/sub-systemCode/Global/OnlineTM.o
                0x2001b8bc                IsisAntS_getStatusData_sideB
 .text.IsisAntS_getAlltelemetry_sideB
                0x2001b8f8       0x3c ./src/sub-systemCode/Global/OnlineTM.o
                0x2001b8f8                IsisAntS_getAlltelemetry_sideB
 .text.IsisAntS_getTemperature_sideB
                0x2001b934       0x3c ./src/sub-systemCode/Global/OnlineTM.o
                0x2001b934                IsisAntS_getTemperature_sideB
 .text.HK_collect_EPS
                0x2001b970       0x30 ./src/sub-systemCode/Global/OnlineTM.o
                0x2001b970                HK_collect_EPS
 .text.HK_collect_COMM
                0x2001b9a0       0x30 ./src/sub-systemCode/Global/OnlineTM.o
                0x2001b9a0                HK_collect_COMM
 .text.HK_collect_CAM
                0x2001b9d0       0x30 ./src/sub-systemCode/Global/OnlineTM.o
                0x2001b9d0                HK_collect_CAM
 .text.HK_collect_SP
                0x2001ba00       0x30 ./src/sub-systemCode/Global/OnlineTM.o
                0x2001ba00                HK_collect_SP
 .text.HK_collect_FS_A
                0x2001ba30       0x34 ./src/sub-systemCode/Global/OnlineTM.o
                0x2001ba30                HK_collect_FS_A
 .text.HK_collect_FS_B
                0x2001ba64       0x34 ./src/sub-systemCode/Global/OnlineTM.o
                0x2001ba64                HK_collect_FS_B
 .text.save_offlineSetting_FRAM
                0x2001ba98      0x26c ./src/sub-systemCode/Global/OnlineTM.o
                0x2001ba98                save_offlineSetting_FRAM
 .text.get_offlineSetting_FRAM
                0x2001bd04       0x58 ./src/sub-systemCode/Global/OnlineTM.o
                0x2001bd04                get_offlineSetting_FRAM
 .text.update_offlineSetting_FRAM
                0x2001bd5c      0x360 ./src/sub-systemCode/Global/OnlineTM.o
                0x2001bd5c                update_offlineSetting_FRAM
 .text.get_offlineSettingPacket
                0x2001c0bc       0xc4 ./src/sub-systemCode/Global/OnlineTM.o
                0x2001c0bc                get_offlineSettingPacket
 .text.get_item_by_index
                0x2001c180       0xdc ./src/sub-systemCode/Global/OnlineTM.o
                0x2001c180                get_item_by_index
 .text.get_pointer_item_by_index
                0x2001c25c       0x48 ./src/sub-systemCode/Global/OnlineTM.o
                0x2001c25c                get_pointer_item_by_index
 .text.init_onlineParam
                0x2001c2a4     0x2f08 ./src/sub-systemCode/Global/OnlineTM.o
                0x2001c2a4                init_onlineParam
 .text.reset_offline_TM_list
                0x2001f1ac      0x184 ./src/sub-systemCode/Global/OnlineTM.o
                0x2001f1ac                reset_offline_TM_list
 .text.get_online_packet
                0x2001f330      0x294 ./src/sub-systemCode/Global/OnlineTM.o
                0x2001f330                get_online_packet
 .text.save_onlineTM_param
                0x2001f5c4      0x1b4 ./src/sub-systemCode/Global/OnlineTM.o
                0x2001f5c4                save_onlineTM_param
 .text.add_onlineTM_param_to_save_list
                0x2001f778      0x3e4 ./src/sub-systemCode/Global/OnlineTM.o
                0x2001f778                add_onlineTM_param_to_save_list
 .text.delete_onlineTM_param_from_offline
                0x2001fb5c      0x1a8 ./src/sub-systemCode/Global/OnlineTM.o
                0x2001fb5c                delete_onlineTM_param_from_offline
 .text.save_onlineTM_logic
                0x2001fd04      0x2a8 ./src/sub-systemCode/Global/OnlineTM.o
                0x2001fd04                save_onlineTM_logic
 .text.save_onlineTM_task
                0x2001ffac       0xd8 ./src/sub-systemCode/Global/OnlineTM.o
                0x2001ffac                save_onlineTM_task
 .text.delete_allTMFilesFromSD
                0x20020084      0x14c ./src/sub-systemCode/Global/TLM_management.o
                0x20020084                delete_allTMFilesFromSD
 .text.getNumOfFilesInFS
                0x200201d0       0x44 ./src/sub-systemCode/Global/TLM_management.o
 .text.setNumOfFilesInFS
                0x20020214       0x50 ./src/sub-systemCode/Global/TLM_management.o
 .text.f_managed_enterFS
                0x20020264       0x9c ./src/sub-systemCode/Global/TLM_management.o
                0x20020264                f_managed_enterFS
 .text.f_managed_releaseFS
                0x20020300       0x4c ./src/sub-systemCode/Global/TLM_management.o
                0x20020300                f_managed_releaseFS
 .text.f_managed_open
                0x2002034c       0xf0 ./src/sub-systemCode/Global/TLM_management.o
                0x2002034c                f_managed_open
 .text.f_managed_close
                0x2002043c       0x80 ./src/sub-systemCode/Global/TLM_management.o
                0x2002043c                f_managed_close
 .text.createSemahores_FS
                0x200204bc       0x7c ./src/sub-systemCode/Global/TLM_management.o
                0x200204bc                createSemahores_FS
 .text.InitializeFS
                0x20020538      0x1a8 ./src/sub-systemCode/Global/TLM_management.o
                0x20020538                InitializeFS
 .text.c_fileCreate
                0x200206e0       0xf4 ./src/sub-systemCode/Global/TLM_management.o
                0x200206e0                c_fileCreate
 .text.writewithEpochtime
                0x200207d4       0x94 ./src/sub-systemCode/Global/TLM_management.o
 .text.get_C_FILE_struct
                0x20020868      0x104 ./src/sub-systemCode/Global/TLM_management.o
 .text.getFileIndex
                0x2002096c       0x64 ./src/sub-systemCode/Global/TLM_management.o
 .text.get_file_name_by_index
                0x200209d0       0x54 ./src/sub-systemCode/Global/TLM_management.o
                0x200209d0                get_file_name_by_index
 .text.c_fileReset
                0x20020a24      0x140 ./src/sub-systemCode/Global/TLM_management.o
                0x20020a24                c_fileReset
 .text.c_fileWrite
                0x20020b64      0x168 ./src/sub-systemCode/Global/TLM_management.o
                0x20020b64                c_fileWrite
 .text.deleteElementsFromFile
                0x20020ccc      0x188 ./src/sub-systemCode/Global/TLM_management.o
 .text.c_fileDeleteElements
                0x20020e54      0x168 ./src/sub-systemCode/Global/TLM_management.o
                0x20020e54                c_fileDeleteElements
 .text.c_fileRead
                0x20020fbc      0x2c8 ./src/sub-systemCode/Global/TLM_management.o
                0x20020fbc                c_fileRead
 .text.xSemaphoreGive_extended
                0x20021284       0x48 ./src/sub-systemCode/Global/freertosExtended.o
                0x20021284                xSemaphoreGive_extended
 .text.xSemaphoreTake_extended
                0x200212cc       0x54 ./src/sub-systemCode/Global/freertosExtended.o
                0x200212cc                xSemaphoreTake_extended
 .text.WriteLog
                0x20021320       0x94 ./src/sub-systemCode/Global/logger.o
 .text.WritePayloadLog
                0x200213b4       0x50 ./src/sub-systemCode/Global/logger.o
                0x200213b4                WritePayloadLog
 .text.WriteEpsLog
                0x20021404       0x4c ./src/sub-systemCode/Global/logger.o
                0x20021404                WriteEpsLog
 .text.WriteTransponderLog
                0x20021450       0x4c ./src/sub-systemCode/Global/logger.o
                0x20021450                WriteTransponderLog
 .text.reset_APRS_list
                0x2002149c       0xa4 ./src/sub-systemCode/COMM/APRS.o
                0x2002149c                reset_APRS_list
 .text.send_APRS_Dump
                0x20021540      0x1c0 ./src/sub-systemCode/COMM/APRS.o
                0x20021540                send_APRS_Dump
 .text.get_APRS_list
                0x20021700       0x88 ./src/sub-systemCode/COMM/APRS.o
                0x20021700                get_APRS_list
 .text.find_CMD_in_list
                0x20021788       0x7c ./src/sub-systemCode/COMM/DelayedCommand_list.o
                0x20021788                find_CMD_in_list
 .text.find_empty_in_list
                0x20021804       0x74 ./src/sub-systemCode/COMM/DelayedCommand_list.o
                0x20021804                find_empty_in_list
 .text.check_delayCommandTime
                0x20021878       0x8c ./src/sub-systemCode/COMM/DelayedCommand_list.o
                0x20021878                check_delayCommandTime
 .text.execute_delayedCommand
                0x20021904       0x8c ./src/sub-systemCode/COMM/DelayedCommand_list.o
                0x20021904                execute_delayedCommand
 .text.check_delaycommand
                0x20021990      0x17c ./src/sub-systemCode/COMM/DelayedCommand_list.o
                0x20021990                check_delaycommand
 .text.reset_delayCommand
                0x20021b0c       0x8c ./src/sub-systemCode/COMM/DelayedCommand_list.o
                0x20021b0c                reset_delayCommand
 .text.add_delayCommand
                0x20021b98      0x1cc ./src/sub-systemCode/COMM/DelayedCommand_list.o
                0x20021b98                add_delayCommand
 .text.get_delayCommand_list
                0x20021d64       0x80 ./src/sub-systemCode/COMM/DelayedCommand_list.o
                0x20021d64                get_delayCommand_list
 .text.EmptyOldestCommand
                0x20021de4      0x108 ./src/sub-systemCode/COMM/DelayedCommand_list.o
                0x20021de4                EmptyOldestCommand
 .text.decode_TCpacket
                0x20021eec      0x16c ./src/sub-systemCode/COMM/GSC.o
                0x20021eec                decode_TCpacket
 .text.encode_TCpacket
                0x20022058      0x114 ./src/sub-systemCode/COMM/GSC.o
                0x20022058                encode_TCpacket
 .text.encode_TMpacket
                0x2002216c      0x104 ./src/sub-systemCode/COMM/GSC.o
                0x2002216c                encode_TMpacket
 .text.build_raw_ACK
                0x20022270       0xbc ./src/sub-systemCode/COMM/GSC.o
                0x20022270                build_raw_ACK
 .text.build_data_field_ACK
                0x2002232c       0x74 ./src/sub-systemCode/COMM/GSC.o
                0x2002232c                build_data_field_ACK
 .text.update_FRAM_bitRate
                0x200223a0       0xd0 ./src/sub-systemCode/COMM/TRXVU.o
                0x200223a0                update_FRAM_bitRate
 .text.toggle_idle_state
                0x20022470       0x94 ./src/sub-systemCode/COMM/TRXVU.o
                0x20022470                toggle_idle_state
 .text.TRXVU_init_hardWare
                0x20022504       0xac ./src/sub-systemCode/COMM/TRXVU.o
                0x20022504                TRXVU_init_hardWare
 .text.TRXVU_init_softWare
                0x200225b0      0x100 ./src/sub-systemCode/COMM/TRXVU.o
                0x200225b0                TRXVU_init_softWare
 .text.init_trxvu
                0x200226b0       0x14 ./src/sub-systemCode/COMM/TRXVU.o
                0x200226b0                init_trxvu
 .text.TRXVU_task
                0x200226c4       0x9c ./src/sub-systemCode/COMM/TRXVU.o
                0x200226c4                TRXVU_task
 .text.dump_logic
                0x20022760      0x35c ./src/sub-systemCode/COMM/TRXVU.o
                0x20022760                dump_logic
 .text.Dump_task
                0x20022abc      0x17c ./src/sub-systemCode/COMM/TRXVU.o
                0x20022abc                Dump_task
 .text.transponder_logic
                0x20022c38       0xf8 ./src/sub-systemCode/COMM/TRXVU.o
                0x20022c38                transponder_logic
 .text.Transponder_task
                0x20022d30      0x224 ./src/sub-systemCode/COMM/TRXVU.o
                0x20022d30                Transponder_task
 .text.lookForRequestToDelete_transponder
                0x20022f54       0xc0 ./src/sub-systemCode/COMM/TRXVU.o
                0x20022f54                lookForRequestToDelete_transponder
 .text.lookForRequestToDelete_dump
                0x20023014       0x80 ./src/sub-systemCode/COMM/TRXVU.o
                0x20023014                lookForRequestToDelete_dump
 .text.sendRequestToStop_dump
                0x20023094       0x8c ./src/sub-systemCode/COMM/TRXVU.o
                0x20023094                sendRequestToStop_dump
 .text.sendRequestToStop_transponder
                0x20023120       0x8c ./src/sub-systemCode/COMM/TRXVU.o
                0x20023120                sendRequestToStop_transponder
 .text.Rx_logic
                0x200231ac      0x190 ./src/sub-systemCode/COMM/TRXVU.o
                0x200231ac                Rx_logic
 .text.pass_above_Ground
                0x2002333c      0x104 ./src/sub-systemCode/COMM/TRXVU.o
                0x2002333c                pass_above_Ground
 .text.check_TRXVUState
                0x20023440       0xf0 ./src/sub-systemCode/COMM/TRXVU.o
                0x20023440                check_TRXVUState
 .text.trxvu_logic
                0x20023530       0x20 ./src/sub-systemCode/COMM/TRXVU.o
                0x20023530                trxvu_logic
 .text.Beacon_task
                0x20023550      0x17c ./src/sub-systemCode/COMM/TRXVU.o
                0x20023550                Beacon_task
 .text.buildAndSend_beacon
                0x200236cc      0x5a0 ./src/sub-systemCode/COMM/TRXVU.o
                0x200236cc                buildAndSend_beacon
 .text.reset_FRAM_TRXVU
                0x20023c6c      0x160 ./src/sub-systemCode/COMM/TRXVU.o
                0x20023c6c                reset_FRAM_TRXVU
 .text.TRX_sendFrame
                0x20023dcc      0x1ac ./src/sub-systemCode/COMM/TRXVU.o
                0x20023dcc                TRX_sendFrame
 .text.TRX_getFrameData
                0x20023f78      0x10c ./src/sub-systemCode/COMM/TRXVU.o
                0x20023f78                TRX_getFrameData
 .text.mute_Tx  0x20024084       0x20 ./src/sub-systemCode/COMM/TRXVU.o
                0x20024084                mute_Tx
 .text.unmute_Tx
                0x200240a4       0x58 ./src/sub-systemCode/COMM/TRXVU.o
                0x200240a4                unmute_Tx
 .text.check_time_off_mute
                0x200240fc       0x88 ./src/sub-systemCode/COMM/TRXVU.o
                0x200240fc                check_time_off_mute
 .text.set_mute_time
                0x20024184       0xb4 ./src/sub-systemCode/COMM/TRXVU.o
                0x20024184                set_mute_time
 .text.change_TRXVU_state
                0x20024238       0xe0 ./src/sub-systemCode/COMM/TRXVU.o
                0x20024238                change_TRXVU_state
 .text.change_trans_RSSI
                0x20024318       0x60 ./src/sub-systemCode/COMM/TRXVU.o
                0x20024318                change_trans_RSSI
 .text.AdcsReadI2cAck
                0x20024378       0xfc ./src/sub-systemCode/ADCS/AdcsCommands.o
                0x20024378                AdcsReadI2cAck
 .text.AdcsGenericI2cCmd
                0x20024474      0x198 ./src/sub-systemCode/ADCS/AdcsCommands.o
                0x20024474                AdcsGenericI2cCmd
 .text.SendAdcsTlm
                0x2002460c      0x14c ./src/sub-systemCode/ADCS/AdcsCommands.o
                0x2002460c                SendAdcsTlm
 .text.AdcsExecuteCommand
                0x20024758     0x1e14 ./src/sub-systemCode/ADCS/AdcsCommands.o
                0x20024758                AdcsExecuteCommand
 .text.cspaceADCS_getEstimatedAngles
                0x2002656c       0x98 ./src/sub-systemCode/ADCS/AdcsGetDataAndTlm.o
                0x2002656c                cspaceADCS_getEstimatedAngles
 .text.cspaceADCS_getEstimatedAnglesRates
                0x20026604       0x98 ./src/sub-systemCode/ADCS/AdcsGetDataAndTlm.o
                0x20026604                cspaceADCS_getEstimatedAnglesRates
 .text.cspaceADCS_getSatellitePosition
                0x2002669c       0x98 ./src/sub-systemCode/ADCS/AdcsGetDataAndTlm.o
                0x2002669c                cspaceADCS_getSatellitePosition
 .text.InitTlmElements
                0x20026734      0x238 ./src/sub-systemCode/ADCS/AdcsGetDataAndTlm.o
                0x20026734                InitTlmElements
 .text.CreateTlmElementFiles
                0x2002696c      0x178 ./src/sub-systemCode/ADCS/AdcsGetDataAndTlm.o
                0x2002696c                CreateTlmElementFiles
 .text.SaveElementTlmAtIndex
                0x20026ae4      0x4ec ./src/sub-systemCode/ADCS/AdcsGetDataAndTlm.o
                0x20026ae4                SaveElementTlmAtIndex
 .text.UpdateTlmElementAtIndex
                0x20026fd0      0x150 ./src/sub-systemCode/ADCS/AdcsGetDataAndTlm.o
                0x20026fd0                UpdateTlmElementAtIndex
 .text.UpdateTlmToSaveVector
                0x20027120       0xc8 ./src/sub-systemCode/ADCS/AdcsGetDataAndTlm.o
                0x20027120                UpdateTlmToSaveVector
 .text.UpdateTlmPeriodVector
                0x200271e8      0x120 ./src/sub-systemCode/ADCS/AdcsGetDataAndTlm.o
                0x200271e8                UpdateTlmPeriodVector
 .text.AdcsGetTlmOverrideFlag
                0x20027308       0x5c ./src/sub-systemCode/ADCS/AdcsGetDataAndTlm.o
                0x20027308                AdcsGetTlmOverrideFlag
 .text.AdcsSetTlmOverrideFlag
                0x20027364       0x9c ./src/sub-systemCode/ADCS/AdcsGetDataAndTlm.o
                0x20027364                AdcsSetTlmOverrideFlag
 .text.RestoreDefaultTlmElement
                0x20027400      0x1ec ./src/sub-systemCode/ADCS/AdcsGetDataAndTlm.o
                0x20027400                RestoreDefaultTlmElement
 .text.GetTlmElementAtIndex
                0x200275ec       0x80 ./src/sub-systemCode/ADCS/AdcsGetDataAndTlm.o
                0x200275ec                GetTlmElementAtIndex
 .text.GatherTlmAndData
                0x2002766c       0xec ./src/sub-systemCode/ADCS/AdcsGetDataAndTlm.o
                0x2002766c                GatherTlmAndData
 .text.UpdateAdcsFramParameters
                0x20027758      0x124 ./src/sub-systemCode/ADCS/AdcsMain.o
                0x20027758                UpdateAdcsFramParameters
 .text.AdcsInit
                0x2002787c      0x168 ./src/sub-systemCode/ADCS/AdcsMain.o
                0x2002787c                AdcsInit
 .text.AdcsTask
                0x200279e4      0x110 ./src/sub-systemCode/ADCS/AdcsMain.o
                0x200279e4                AdcsTask
 .text.AdcsTroubleShooting
                0x20027af4       0x88 ./src/sub-systemCode/ADCS/AdcsTroubleShooting.o
                0x20027af4                AdcsTroubleShooting
 .text.UpdateAdcsStateMachine
                0x20027b7c       0x1c ./src/sub-systemCode/ADCS/StateMachine.o
                0x20027b7c                UpdateAdcsStateMachine
 .text.save_time
                0x20027b98       0x9c ./src/main.o
                0x20027b98                save_time
 .text.Command_logic
                0x20027c34       0x6c ./src/main.o
                0x20027c34                Command_logic
 .text.taskMain
                0x20027ca0       0x78 ./src/main.o
                0x20027ca0                taskMain
 .text.main     0x20027d18       0xc4 ./src/main.o
                0x20027d18                main
 .text.GomEpsInitialize
                0x20027ddc      0x148 C:/HOOPOE3/satellite-subsystems/demo/..//satellite-subsystems/lib\libSatelliteSubsystemsD.a(GomEPS.o)
                0x20027ddc                GomEpsInitialize
 .text.makeEPStransfer
                0x20027f24       0x3c C:/HOOPOE3/satellite-subsystems/demo/..//satellite-subsystems/lib\libSatelliteSubsystemsD.a(GomEPS.o)
 .text.GomEpsPing
                0x20027f60       0xf8 C:/HOOPOE3/satellite-subsystems/demo/..//satellite-subsystems/lib\libSatelliteSubsystemsD.a(GomEPS.o)
                0x20027f60                GomEpsPing
 .text.GomEpsSoftReset
                0x20028058       0xc4 C:/HOOPOE3/satellite-subsystems/demo/..//satellite-subsystems/lib\libSatelliteSubsystemsD.a(GomEPS.o)
                0x20028058                GomEpsSoftReset
 .text.GomEpsHardReset
                0x2002811c       0xa8 C:/HOOPOE3/satellite-subsystems/demo/..//satellite-subsystems/lib\libSatelliteSubsystemsD.a(GomEPS.o)
                0x2002811c                GomEpsHardReset
 .text.GomEpsGetHkData_param
                0x200281c4      0x29c C:/HOOPOE3/satellite-subsystems/demo/..//satellite-subsystems/lib\libSatelliteSubsystemsD.a(GomEPS.o)
                0x200281c4                GomEpsGetHkData_param
 .text.GomEpsGetHkData_general
                0x20028460      0x45c C:/HOOPOE3/satellite-subsystems/demo/..//satellite-subsystems/lib\libSatelliteSubsystemsD.a(GomEPS.o)
                0x20028460                GomEpsGetHkData_general
 .text.GomEpsGetHkData_vi
                0x200288bc      0x188 C:/HOOPOE3/satellite-subsystems/demo/..//satellite-subsystems/lib\libSatelliteSubsystemsD.a(GomEPS.o)
                0x200288bc                GomEpsGetHkData_vi
 .text.GomEpsGetHkData_out
                0x20028a44      0x21c C:/HOOPOE3/satellite-subsystems/demo/..//satellite-subsystems/lib\libSatelliteSubsystemsD.a(GomEPS.o)
                0x20028a44                GomEpsGetHkData_out
 .text.GomEpsGetHkData_wdt
                0x20028c60      0x2b4 C:/HOOPOE3/satellite-subsystems/demo/..//satellite-subsystems/lib\libSatelliteSubsystemsD.a(GomEPS.o)
                0x20028c60                GomEpsGetHkData_wdt
 .text.GomEpsGetHkData_basic
                0x20028f14      0x22c C:/HOOPOE3/satellite-subsystems/demo/..//satellite-subsystems/lib\libSatelliteSubsystemsD.a(GomEPS.o)
                0x20028f14                GomEpsGetHkData_basic
 .text.GomEpsSetOutput
                0x20029140       0xbc C:/HOOPOE3/satellite-subsystems/demo/..//satellite-subsystems/lib\libSatelliteSubsystemsD.a(GomEPS.o)
                0x20029140                GomEpsSetOutput
 .text.GomEpsResetWDT
                0x200291fc       0xc4 C:/HOOPOE3/satellite-subsystems/demo/..//satellite-subsystems/lib\libSatelliteSubsystemsD.a(GomEPS.o)
                0x200291fc                GomEpsResetWDT
 .text.GomEpsConfigGet
                0x200292c0      0x16c C:/HOOPOE3/satellite-subsystems/demo/..//satellite-subsystems/lib\libSatelliteSubsystemsD.a(GomEPS.o)
                0x200292c0                GomEpsConfigGet
 .text.GomEpsConfigSet
                0x2002942c      0x184 C:/HOOPOE3/satellite-subsystems/demo/..//satellite-subsystems/lib\libSatelliteSubsystemsD.a(GomEPS.o)
                0x2002942c                GomEpsConfigSet
 .text.GomEpsConfig2Get
                0x200295b0      0x16c C:/HOOPOE3/satellite-subsystems/demo/..//satellite-subsystems/lib\libSatelliteSubsystemsD.a(GomEPS.o)
                0x200295b0                GomEpsConfig2Get
 .text.makeAntStransfer
                0x2002971c       0x4c C:/HOOPOE3/satellite-subsystems/demo/..//satellite-subsystems/lib\libSatelliteSubsystemsD.a(IsisAntS.o)
 .text.checkInputsValid
                0x20029768       0x7c C:/HOOPOE3/satellite-subsystems/demo/..//satellite-subsystems/lib\libSatelliteSubsystemsD.a(IsisAntS.o)
 .text.IsisAntS_initialize
                0x200297e4      0x26c C:/HOOPOE3/satellite-subsystems/demo/..//satellite-subsystems/lib\libSatelliteSubsystemsD.a(IsisAntS.o)
                0x200297e4                IsisAntS_initialize
 .text.IsisAntS_setArmStatus
                0x20029a50      0x104 C:/HOOPOE3/satellite-subsystems/demo/..//satellite-subsystems/lib\libSatelliteSubsystemsD.a(IsisAntS.o)
                0x20029a50                IsisAntS_setArmStatus
 .text.IsisAntS_getStatusData
                0x20029b54      0x120 C:/HOOPOE3/satellite-subsystems/demo/..//satellite-subsystems/lib\libSatelliteSubsystemsD.a(IsisAntS.o)
                0x20029b54                IsisAntS_getStatusData
 .text.IsisAntS_getTemperature
                0x20029c74      0x120 C:/HOOPOE3/satellite-subsystems/demo/..//satellite-subsystems/lib\libSatelliteSubsystemsD.a(IsisAntS.o)
                0x20029c74                IsisAntS_getTemperature
 .text.IsisAntS_getAlltelemetry
                0x20029d94      0x120 C:/HOOPOE3/satellite-subsystems/demo/..//satellite-subsystems/lib\libSatelliteSubsystemsD.a(IsisAntS.o)
                0x20029d94                IsisAntS_getAlltelemetry
 .text.IsisAntS_reset
                0x20029eb4      0x104 C:/HOOPOE3/satellite-subsystems/demo/..//satellite-subsystems/lib\libSatelliteSubsystemsD.a(IsisAntS.o)
                0x20029eb4                IsisAntS_reset
 .text.IsisSolarPanelv2_initialize
                0x20029fb8       0xb4 C:/HOOPOE3/satellite-subsystems/demo/..//satellite-subsystems/lib\libSatelliteSubsystemsD.a(IsisSolarPanelv2.o)
                0x20029fb8                IsisSolarPanelv2_initialize
 .text.IsisSolarPanelv2_getTemperature
                0x2002a06c       0xc8 C:/HOOPOE3/satellite-subsystems/demo/..//satellite-subsystems/lib\libSatelliteSubsystemsD.a(IsisSolarPanelv2.o)
                0x2002a06c                IsisSolarPanelv2_getTemperature
 .text.IsisSolarPanelv2_sleep
                0x2002a134       0xbc C:/HOOPOE3/satellite-subsystems/demo/..//satellite-subsystems/lib\libSatelliteSubsystemsD.a(IsisSolarPanelv2.o)
                0x2002a134                IsisSolarPanelv2_sleep
 .text.IsisSolarPanelv2_wakeup
                0x2002a1f0       0x80 C:/HOOPOE3/satellite-subsystems/demo/..//satellite-subsystems/lib\libSatelliteSubsystemsD.a(IsisSolarPanelv2.o)
                0x2002a1f0                IsisSolarPanelv2_wakeup
 .text._Reset   0x2002a270       0x20 C:/HOOPOE3/satellite-subsystems/demo/..//satellite-subsystems/lib\libSatelliteSubsystemsD.a(IsisSolarPanelv2.o)
 .text._WaitForStartup
                0x2002a290       0x90 C:/HOOPOE3/satellite-subsystems/demo/..//satellite-subsystems/lib\libSatelliteSubsystemsD.a(IsisSolarPanelv2.o)
 .text._AssignAllChannels
                0x2002a320       0x90 C:/HOOPOE3/satellite-subsystems/demo/..//satellite-subsystems/lib\libSatelliteSubsystemsD.a(IsisSolarPanelv2.o)