Archive member included because of file (symbol)

c:/isis/application/toolchain/bin/../lib/gcc/arm-none-eabi/4.7.4/../../../../arm-none-eabi/lib\libc_s.a(lib_a-vfprintf_float.o)
                              (_printf_float)
c:/isis/application/toolchain/bin/../lib/gcc/arm-none-eabi/4.7.4/../../../../arm-none-eabi/lib\libc_s.a(lib_a-vfprintf_i.o)
                              c:/isis/application/toolchain/bin/../lib/gcc/arm-none-eabi/4.7.4/../../../../arm-none-eabi/lib\libc_s.a(lib_a-vfprintf_float.o) (_printf_common)
c:/isis/application/toolchain/bin/../lib/gcc/arm-none-eabi/4.7.4/../../../../arm-none-eabi/lib\libc_s.a(lib_a-vfscanf_float.o)
                              (_scanf_float)
c:/isis/application/toolchain/bin/../lib/gcc/arm-none-eabi/4.7.4/../../../../arm-none-eabi/lib\libc_s.a(lib_a-dtoa.o)
                              c:/isis/application/toolchain/bin/../lib/gcc/arm-none-eabi/4.7.4/../../../../arm-none-eabi/lib\libc_s.a(lib_a-vfprintf_float.o) (_dtoa_r)
c:/isis/application/toolchain/bin/../lib/gcc/arm-none-eabi/4.7.4/../../../../arm-none-eabi/lib\libc_s.a(lib_a-locale.o)
                              c:/isis/application/toolchain/bin/../lib/gcc/arm-none-eabi/4.7.4/../../../../arm-none-eabi/lib\libc_s.a(lib_a-vfprintf_float.o) (_localeconv_r)
c:/isis/application/toolchain/bin/../lib/gcc/arm-none-eabi/4.7.4/../../../../arm-none-eabi/lib\libc_s.a(lib_a-malloc.o)
                              c:/isis/application/toolchain/bin/../lib/gcc/arm-none-eabi/4.7.4/../../../../arm-none-eabi/lib\libc_s.a(lib_a-dtoa.o) (malloc)
c:/isis/application/toolchain/bin/../lib/gcc/arm-none-eabi/4.7.4/../../../../arm-none-eabi/lib\libc_s.a(lib_a-mallocr.o)
                              c:/isis/application/toolchain/bin/../lib/gcc/arm-none-eabi/4.7.4/../../../../arm-none-eabi/lib\libc_s.a(lib_a-malloc.o) (_malloc_r)
c:/isis/application/toolchain/bin/../lib/gcc/arm-none-eabi/4.7.4/../../../../arm-none-eabi/lib\libc_s.a(lib_a-memcpy.o)
                              c:/isis/application/toolchain/bin/../lib/gcc/arm-none-eabi/4.7.4/../../../../arm-none-eabi/lib\libc_s.a(lib_a-dtoa.o) (memcpy)
c:/isis/application/toolchain/bin/../lib/gcc/arm-none-eabi/4.7.4/../../../../arm-none-eabi/lib\libc_s.a(lib_a-mprec.o)
                              c:/isis/application/toolchain/bin/../lib/gcc/arm-none-eabi/4.7.4/../../../../arm-none-eabi/lib\libc_s.a(lib_a-dtoa.o) (_Balloc)
c:/isis/application/toolchain/bin/../lib/gcc/arm-none-eabi/4.7.4/../../../../arm-none-eabi/lib\libc_s.a(lib_a-s_fpclassify.o)
                              c:/isis/application/toolchain/bin/../lib/gcc/arm-none-eabi/4.7.4/../../../../arm-none-eabi/lib\libc_s.a(lib_a-vfprintf_float.o) (__fpclassifyd)
c:/isis/application/toolchain/bin/../lib/gcc/arm-none-eabi/4.7.4/../../../../arm-none-eabi/lib\libc_s.a(lib_a-sbrkr.o)
                              c:/isis/application/toolchain/bin/../lib/gcc/arm-none-eabi/4.7.4/../../../../arm-none-eabi/lib\libc_s.a(lib_a-mallocr.o) (_sbrk_r)
c:/isis/application/toolchain/bin/../lib/gcc/arm-none-eabi/4.7.4/../../../../arm-none-eabi/lib\libc_s.a(lib_a-sf_nan.o)
                              c:/isis/application/toolchain/bin/../lib/gcc/arm-none-eabi/4.7.4/../../../../arm-none-eabi/lib\libc_s.a(lib_a-vfscanf_float.o) (nanf)
c:/isis/application/toolchain/bin/../lib/gcc/arm-none-eabi/4.7.4/../../../../arm-none-eabi/lib\libc_s.a(lib_a-sprintf.o)
                              c:/isis/application/toolchain/bin/../lib/gcc/arm-none-eabi/4.7.4/../../../../arm-none-eabi/lib\libc_s.a(lib_a-vfscanf_float.o) (sprintf)
c:/isis/application/toolchain/bin/../lib/gcc/arm-none-eabi/4.7.4/../../../../arm-none-eabi/lib\libc_s.a(lib_a-strcmp.o)
                              c:/isis/application/toolchain/bin/../lib/gcc/arm-none-eabi/4.7.4/../../../../arm-none-eabi/lib\libc_s.a(lib_a-locale.o) (strcmp)
c:/isis/application/toolchain/bin/../lib/gcc/arm-none-eabi/4.7.4/../../../../arm-none-eabi/lib\libc_s.a(lib_a-strlen.o)
                              c:/isis/application/toolchain/bin/../lib/gcc/arm-none-eabi/4.7.4/../../../../arm-none-eabi/lib\libc_s.a(lib_a-vfprintf_float.o) (strlen)
c:/isis/application/toolchain/bin/../lib/gcc/arm-none-eabi/4.7.4/../../../../arm-none-eabi/lib\libc_s.a(lib_a-strtod.o)
                              c:/isis/application/toolchain/bin/../lib/gcc/arm-none-eabi/4.7.4/../../../../arm-none-eabi/lib\libc_s.a(lib_a-vfscanf_float.o) (_strtod_r)
c:/isis/application/toolchain/bin/../lib/gcc/arm-none-eabi/4.7.4/../../../../arm-none-eabi/lib\libc_s.a(lib_a-strtol.o)
                              c:/isis/application/toolchain/bin/../lib/gcc/arm-none-eabi/4.7.4/../../../../arm-none-eabi/lib\libc_s.a(lib_a-vfscanf_float.o) (_strtol_r)
c:/isis/application/toolchain/bin/../lib/gcc/arm-none-eabi/4.7.4/../../../../arm-none-eabi/lib\libc_s.a(lib_a-svfprintf.o)
                              c:/isis/application/toolchain/bin/../lib/gcc/arm-none-eabi/4.7.4/../../../../arm-none-eabi/lib\libc_s.a(lib_a-sprintf.o) (_svfprintf_r)
[...]
Memory Configuration

Name             Origin             Length             Attributes
sram0            0x00200000         0x00004000         w !xr
sram1            0x00300000         0x00004000         w !xr
sdram            0x20000000         0x02000000         w !xr
*default*        0x00000000         0xffffffff

Linker script and memory map

LOAD c:/isis/application/toolchain/bin/../lib/gcc/arm-none-eabi/4.7.4/../../../../arm-none-eabi/lib\libc_s.a
LOAD ./src/sub-systemCode/payload/Request Management/Dump/Butchering.o
LOAD ./src/sub-systemCode/payload/Request Management/Dump/imageDump.o
LOAD ./src/sub-systemCode/payload/Request Management/CameraManeger.o
LOAD ./src/sub-systemCode/payload/Request Management/DB_RequestHandling.o
LOAD ./src/sub-systemCode/payload/Misc/Boolean_bit.o
LOAD ./src/sub-systemCode/payload/Misc/FileSystem.o
LOAD ./src/sub-systemCode/payload/Drivers/GeckoCameraDriver.o
LOAD ./src/sub-systemCode/payload/DataBase/DataBase.o
LOAD ./src/sub-systemCode/payload/Compression/jpeg/bmp/rawToBMP.o
LOAD ./src/sub-systemCode/payload/Compression/jpeg/DCT.o
LOAD ./src/sub-systemCode/payload/Compression/jpeg/ImgCompressor.o
LOAD ./src/sub-systemCode/payload/Compression/jpeg/color_conv.o
LOAD ./src/sub-systemCode/payload/Compression/jpeg/jpeg.o
LOAD ./src/sub-systemCode/payload/Compression/jpeg/jpeg_encoder.o
LOAD ./src/sub-systemCode/payload/Compression/jpeg/jpeg_memory_alloc.o
LOAD ./src/sub-systemCode/payload/Compression/jpeg/jpeg_params.o
LOAD ./src/sub-systemCode/payload/Compression/jpeg/output_stream.o
LOAD ./src/sub-systemCode/payload/Compression/ImageConversion.o
LOAD ./src/sub-systemCode/Main/CMD/ADCS_CMD.o
LOAD ./src/sub-systemCode/Main/CMD/COMM_CMD.o
LOAD ./src/sub-systemCode/Main/CMD/EPS_CMD.o
LOAD ./src/sub-systemCode/Main/CMD/General_CMD.o
LOAD ./src/sub-systemCode/Main/CMD/SW_CMD.o
LOAD ./src/sub-systemCode/Main/CMD/payload_CMD.o
LOAD ./src/sub-systemCode/Main/Ants.o
LOAD ./src/sub-systemCode/Main/EPS.o
LOAD ./src/sub-systemCode/Main/HouseKeeping.o
LOAD ./src/sub-systemCode/Main/Main_Init.o
LOAD ./src/sub-systemCode/Main/commands.o
LOAD ./src/sub-systemCode/Global/Global.o
LOAD ./src/sub-systemCode/Global/GlobalParam.o
LOAD ./src/sub-systemCode/Global/OnlineTM.o
LOAD ./src/sub-systemCode/Global/TLM_management.o
LOAD ./src/sub-systemCode/Global/freertosExtended.o
LOAD ./src/sub-systemCode/Global/logger.o
LOAD ./src/sub-systemCode/COMM/APRS.o
LOAD ./src/sub-systemCode/COMM/DelayedCommand_list.o
LOAD ./src/sub-systemCode/COMM/GSC.o
LOAD ./src/sub-systemCode/COMM/TRXVU.o
LOAD ./src/sub-systemCode/ADCS/AdcsCommands.o
LOAD ./src/sub-systemCode/ADCS/AdcsGetDataAndTlm.o
LOAD ./src/sub-systemCode/ADCS/AdcsMain.o
LOAD ./src/sub-systemCode/ADCS/AdcsTest.o
LOAD ./src/sub-systemCode/ADCS/AdcsTroubleShooting.o
LOAD ./src/sub-systemCode/ADCS/StateMachine.o
LOAD ./src/main.o
LOAD C:/ISIS/workspace/HOOPOE3/satellite-subsystems/demo/..//satellite-subsystems/lib\libSatelliteSubsystemsD.a
LOAD c:/isis/application/toolchain/bin/../lib/gcc/arm-none-eabi/4.7.4/../../../../arm-none-eabi/lib\libm.a
LOAD C:/ISIS/workspace/HOOPOE3/satellite-subsystems/demo/../..//hal/hcc/lib\libHCCD.a
LOAD C:/ISIS/workspace/HOOPOE3/satellite-subsystems/demo/../..//hal/hal/lib\libHALD.a
LOAD C:/ISIS/workspace/HOOPOE3/satellite-subsystems/demo/../..//hal/freertos/lib\libFreeRTOSD.a
LOAD C:/ISIS/workspace/HOOPOE3/satellite-subsystems/demo/../..//hal/at91/lib\libAt91D.a
START GROUP
LOAD c:/isis/application/toolchain/bin/../lib/gcc/arm-none-eabi/4.7.4\libgcc.a
LOAD c:/isis/application/toolchain/bin/../lib/gcc/arm-none-eabi/4.7.4/../../../../arm-none-eabi/lib\libc_s.a
END GROUP

.fixed          0x20000000    0x598a0
                0x20000000                . = ALIGN (0x4)
                0x20000000                _sfixed = .
 *(.startup)
 .startup       0x20000000      0x134 C:/ISIS/workspace/HOOPOE3/satellite-subsystems/demo/../..//hal/at91/lib\libAt91D.a(board_cstartup.o)
                0x20000000                entry
 *(.text)
 .text          0x20000134       0x64 C:/ISIS/workspace/HOOPOE3/satellite-subsystems/demo/../..//hal/at91/lib\libAt91D.a(cp15_asm.o)
                0x20000134                _readControlRegister
                0x20000140                _writeControlRegister
                0x20000148                _waitForInterrupt
                0x20000154                _writeTTB
                0x2000015c                _writeDomain
                0x20000164                _writeITLBLockdown
                0x2000016c                _prefetchICacheLine
                0x20000174                _flushDCache
                0x20000180                _flushWriteBuffer
                0x2000018c                _invalidateIDTLBs
 .text          0x20000198      0x114 c:/isis/application/toolchain/bin/../lib/gcc/arm-none-eabi/4.7.4\libgcc.a(_udivsi3.o)
                0x20000198                __aeabi_uidiv
                0x20000198                __udivsi3
                0x2000028c                __aeabi_uidivmod
 .text          0x200002ac      0x148 c:/isis/application/toolchain/bin/../lib/gcc/arm-none-eabi/4.7.4\libgcc.a(_divsi3.o)
                0x200002ac                __divsi3
                0x200002ac                __aeabi_idiv
                0x200003d4                __aeabi_idivmod
 .text          0x200003f4        0x4 c:/isis/application/toolchain/bin/../lib/gcc/arm-none-eabi/4.7.4\libgcc.a(_dvmd_tls.o)
                0x200003f4                __aeabi_idiv0
                0x200003f4                __aeabi_ldiv0
 .text          0x200003f8      0x41c c:/isis/application/toolchain/bin/../lib/gcc/arm-none-eabi/4.7.4\libgcc.a(_arm_addsubdf3.o)
                0x200003f8                __aeabi_drsub
                0x20000400                __aeabi_dsub
                0x20000400                __subdf3
                0x20000404                __aeabi_dadd
                0x20000404                __adddf3
                0x20000714                __floatunsidf
                0x20000714                __aeabi_ui2d
                0x20000738                __floatsidf
                0x20000738                __aeabi_i2d
                0x20000760                __aeabi_f2d
                0x20000760                __extendsfdf2
                0x200007a0                __floatundidf
                0x200007a0                __aeabi_ul2d
                0x200007b4                __floatdidf
                0x200007b4                __aeabi_l2d
 .text          0x20000814      0x49c c:/isis/application/toolchain/bin/../lib/gcc/arm-none-eabi/4.7.4\libgcc.a(_arm_muldivdf3.o)
                0x20000814                __aeabi_dmul
                0x20000814                __muldf3
                0x20000aa4                __divdf3
                0x20000aa4                __aeabi_ddiv
 .text          0x20000cb0      0x144 c:/isis/application/toolchain/bin/../lib/gcc/arm-none-eabi/4.7.4\libgcc.a(_arm_cmpdf2.o)
                0x20000cb0                __gtdf2
                0x20000cb0                __gedf2
                0x20000cb8                __ltdf2
                0x20000cb8                __ledf2
                0x20000cc0                __nedf2
                0x20000cc0                __eqdf2
                0x20000cc0                __cmpdf2
                0x20000d48                __aeabi_cdrcmple
                0x20000d64                __aeabi_cdcmpeq
                0x20000d64                __aeabi_cdcmple
                0x20000d7c                __aeabi_dcmpeq
                0x20000d94                __aeabi_dcmplt
                0x20000dac                __aeabi_dcmple
                0x20000dc4                __aeabi_dcmpge
                0x20000ddc                __aeabi_dcmpgt
 .text          0x20000df4       0x5c c:/isis/application/toolchain/bin/../lib/gcc/arm-none-eabi/4.7.4\libgcc.a(_arm_fixdfsi.o)
                0x20000df4                __aeabi_d2iz
                0x20000df4                __fixdfsi
 .text          0x20000e50       0x54 c:/isis/application/toolchain/bin/../lib/gcc/arm-none-eabi/4.7.4\libgcc.a(_arm_fixunsdfsi.o)
                0x20000e50                __aeabi_d2uiz
                0x20000e50                __fixunsdfsi
 .text          0x20000ea4       0xa0 c:/isis/application/toolchain/bin/../lib/gcc/arm-none-eabi/4.7.4\libgcc.a(_arm_truncdfsf2.o)
                0x20000ea4                __truncdfsf2
                0x20000ea4                __aeabi_d2f
 .text          0x20000f44      0x2ac c:/isis/application/toolchain/bin/../lib/gcc/arm-none-eabi/4.7.4\libgcc.a(_arm_addsubsf3.o)
                0x20000f44                __aeabi_frsub
                0x20000f4c                __subsf3
                0x20000f4c                __aeabi_fsub
                0x20000f50                __aeabi_fadd
                0x20000f50                __addsf3
                0x2000110c                __aeabi_ui2f
                0x2000110c                __floatunsisf
                0x20001114                __aeabi_i2f
                0x20001114                __floatsisf
                0x20001134                __aeabi_ul2f
                0x20001134                __floatundisf
                0x20001144                __aeabi_l2f
                0x20001144                __floatdisf
 .text          0x200011f0      0x2f8 c:/isis/application/toolchain/bin/../lib/gcc/arm-none-eabi/4.7.4\libgcc.a(_arm_muldivsf3.o)
                0x200011f0                __mulsf3
                0x200011f0                __aeabi_fmul
                0x20001388                __aeabi_fdiv
                0x20001388                __divsf3
 .text          0x200014e8      0x114 c:/isis/application/toolchain/bin/../lib/gcc/arm-none-eabi/4.7.4\libgcc.a(_arm_cmpsf2.o)
                0x200014e8                __gesf2
                0x200014e8                __gtsf2
                0x200014f0                __lesf2
                0x200014f0                __ltsf2
                0x200014f8                __nesf2
                0x200014f8                __eqsf2
                0x200014f8                __cmpsf2
                0x2000155c                __aeabi_cfrcmple
                0x2000156c                __aeabi_cfcmpeq
                0x2000156c                __aeabi_cfcmple
                0x20001584                __aeabi_fcmpeq
                0x2000159c                __aeabi_fcmplt
                0x200015b4                __aeabi_fcmple
                0x200015cc                __aeabi_fcmpge
                0x200015e4                __aeabi_fcmpgt
 .text          0x200015fc       0x5c c:/isis/application/toolchain/bin/../lib/gcc/arm-none-eabi/4.7.4\libgcc.a(_arm_fixsfsi.o)
                0x200015fc                __aeabi_f2iz
                0x200015fc                __fixsfsi
 .text          0x20001658       0x54 c:/isis/application/toolchain/bin/../lib/gcc/arm-none-eabi/4.7.4\libgcc.a(_arm_fixunssfsi.o)
                0x20001658                __fixunssfsi
                0x20001658                __aeabi_f2uiz
 *(.text*)
 .text.__cvt    0x200016ac      0x138 c:/isis/application/toolchain/bin/../lib/gcc/arm-none-eabi/4.7.4/../../../../arm-none-eabi/lib\libc_s.a(lib_a-vfprintf_float.o)
                0x200016ac                __cvt
 .text.__exponent
                0x200017e4       0xa8 c:/isis/application/toolchain/bin/../lib/gcc/arm-none-eabi/4.7.4/../../../../arm-none-eabi/lib\libc_s.a(lib_a-vfprintf_float.o)
                0x200017e4                __exponent
 .text._printf_float
                0x2000188c      0x7dc c:/isis/application/toolchain/bin/../lib/gcc/arm-none-eabi/4.7.4/../../../../arm-none-eabi/lib\libc_s.a(lib_a-vfprintf_float.o)
                0x2000188c                _printf_float
 .text._printf_common
                0x20002068      0x174 c:/isis/application/toolchain/bin/../lib/gcc/arm-none-eabi/4.7.4/../../../../arm-none-eabi/lib\libc_s.a(lib_a-vfprintf_i.o)
                0x20002068                _printf_common
 .text._printf_i
                0x200021dc      0x3c4 c:/isis/application/toolchain/bin/../lib/gcc/arm-none-eabi/4.7.4/../../../../arm-none-eabi/lib\libc_s.a(lib_a-vfprintf_i.o)
                0x200021dc                _printf_i
 .text._scanf_float
                0x200025a0      0x5f4 c:/isis/application/toolchain/bin/../lib/gcc/arm-none-eabi/4.7.4/../../../../arm-none-eabi/lib\libc_s.a(lib_a-vfscanf_float.o)
                0x200025a0                _scanf_float
 .text.quorem   0x20002b94      0x1ac c:/isis/application/toolchain/bin/../lib/gcc/arm-none-eabi/4.7.4/../../../../arm-none-eabi/lib\libc_s.a(lib_a-dtoa.o)
 .text._dtoa_r  0x20002d40     0x1268 c:/isis/application/toolchain/bin/../lib/gcc/arm-none-eabi/4.7.4/../../../../arm-none-eabi/lib\libc_s.a(lib_a-dtoa.o)
                0x20002d40                _dtoa_r
 .text._localeconv_r
                0x20003fa8        0xc c:/isis/application/toolchain/bin/../lib/gcc/arm-none-eabi/4.7.4/../../../../arm-none-eabi/lib\libc_s.a(lib_a-locale.o)
                0x20003fa8                _localeconv_r
 .text.malloc   0x20003fb4       0x20 c:/isis/application/toolchain/bin/../lib/gcc/arm-none-eabi/4.7.4/../../../../arm-none-eabi/lib\libc_s.a(lib_a-malloc.o)
                0x20003fb4                malloc
 .text.free     0x20003fd4       0x20 c:/isis/application/toolchain/bin/../lib/gcc/arm-none-eabi/4.7.4/../../../../arm-none-eabi/lib\libc_s.a(lib_a-malloc.o)
                0x20003fd4                free
 .text._malloc_r
                0x20003ff4       0xfc c:/isis/application/toolchain/bin/../lib/gcc/arm-none-eabi/4.7.4/../../../../arm-none-eabi/lib\libc_s.a(lib_a-mallocr.o)
                0x20003ff4                _malloc_r
 .text.memcpy   0x200040f0       0x20 c:/isis/application/toolchain/bin/../lib/gcc/arm-none-eabi/4.7.4/../../../../arm-none-eabi/lib\libc_s.a(lib_a-memcpy.o)
                0x200040f0                memcpy
 .text._Balloc  0x20004110       0xcc c:/isis/application/toolchain/bin/../lib/gcc/arm-none-eabi/4.7.4/../../../../arm-none-eabi/lib\libc_s.a(lib_a-mprec.o)
                0x20004110                _Balloc
 .text._Bfree   0x200041dc       0x5c c:/isis/application/toolchain/bin/../lib/gcc/arm-none-eabi/4.7.4/../../../../arm-none-eabi/lib\libc_s.a(lib_a-mprec.o)
                0x200041dc                _Bfree
 .text.__multadd
                0x20004238       0xbc c:/isis/application/toolchain/bin/../lib/gcc/arm-none-eabi/4.7.4/../../../../arm-none-eabi/lib\libc_s.a(lib_a-mprec.o)
                0x20004238                __multadd
 .text.__s2b    0x200042f4       0xd8 c:/isis/application/toolchain/bin/../lib/gcc/arm-none-eabi/4.7.4/../../../../arm-none-eabi/lib\libc_s.a(lib_a-mprec.o)
                0x200042f4                __s2b
 .text.__hi0bits
                0x200043cc       0x58 c:/isis/application/toolchain/bin/../lib/gcc/arm-none-eabi/4.7.4/../../../../arm-none-eabi/lib\libc_s.a(lib_a-mprec.o)
                0x200043cc                __hi0bits
 .text.__lo0bits
                0x20004424       0x94 c:/isis/application/toolchain/bin/../lib/gcc/arm-none-eabi/4.7.4/../../../../arm-none-eabi/lib\libc_s.a(lib_a-mprec.o)
                0x20004424                __lo0bits
 .text.__i2b    0x200044b8       0x24 c:/isis/application/toolchain/bin/../lib/gcc/arm-none-eabi/4.7.4/../../../../arm-none-eabi/lib\libc_s.a(lib_a-mprec.o)
                0x200044b8                __i2b
 .text.__multiply
                0x200044dc      0x1ac c:/isis/application/toolchain/bin/../lib/gcc/arm-none-eabi/4.7.4/../../../../arm-none-eabi/lib\libc_s.a(lib_a-mprec.o)
                0x200044dc                __multiply
 .text.__pow5mult
                0x20004688      0x10c c:/isis/application/toolchain/bin/../lib/gcc/arm-none-eabi/4.7.4/../../../../arm-none-eabi/lib\libc_s.a(lib_a-mprec.o)
                0x20004688                __pow5mult
 .text.__lshift
                0x20004794       0xf0 c:/isis/application/toolchain/bin/../lib/gcc/arm-none-eabi/4.7.4/../../../../arm-none-eabi/lib\libc_s.a(lib_a-mprec.o)
                0x20004794                __lshift
 .text.__mcmp   0x20004884       0x60 c:/isis/application/toolchain/bin/../lib/gcc/arm-none-eabi/4.7.4/../../../../arm-none-eabi/lib\libc_s.a(lib_a-mprec.o)
                0x20004884                __mcmp
 .text.__mdiff  0x200048e4      0x128 c:/isis/application/toolchain/bin/../lib/gcc/arm-none-eabi/4.7.4/../../../../arm-none-eabi/lib\libc_s.a(lib_a-mprec.o)
                0x200048e4                __mdiff
 .text.__ulp    0x20004a0c       0x5c c:/isis/application/toolchain/bin/../lib/gcc/arm-none-eabi/4.7.4/../../../../arm-none-eabi/lib\libc_s.a(lib_a-mprec.o)
                0x20004a0c                __ulp
 .text.__b2d    0x20004a68       0xc8 c:/isis/application/toolchain/bin/../lib/gcc/arm-none-eabi/4.7.4/../../../../arm-none-eabi/lib\libc_s.a(lib_a-mprec.o)
                0x20004a68                __b2d
 .text.__d2b    0x20004b30       0xfc c:/isis/application/toolchain/bin/../lib/gcc/arm-none-eabi/4.7.4/../../../../arm-none-eabi/lib\libc_s.a(lib_a-mprec.o)
                0x20004b30                __d2b
 .text.__ratio  0x20004c2c       0x70 c:/isis/application/toolchain/bin/../lib/gcc/arm-none-eabi/4.7.4/../../../../arm-none-eabi/lib\libc_s.a(lib_a-mprec.o)
                0x20004c2c                __ratio
 .text.__copybits
                0x20004c9c       0x4c c:/isis/application/toolchain/bin/../lib/gcc/arm-none-eabi/4.7.4/../../../../arm-none-eabi/lib\libc_s.a(lib_a-mprec.o)
                0x20004c9c                __copybits
 .text.__any_on
                0x20004ce8       0x7c c:/isis/application/toolchain/bin/../lib/gcc/arm-none-eabi/4.7.4/../../../../arm-none-eabi/lib\libc_s.a(lib_a-mprec.o)
                0x20004ce8                __any_on
 .text.__fpclassifyd
                0x20004d64       0x6c c:/isis/application/toolchain/bin/../lib/gcc/arm-none-eabi/4.7.4/../../../../arm-none-eabi/lib\libc_s.a(lib_a-s_fpclassify.o)
                0x20004d64                __fpclassifyd
 .text._sbrk_r  0x20004dd0       0x3c c:/isis/application/toolchain/bin/../lib/gcc/arm-none-eabi/4.7.4/../../../../arm-none-eabi/lib\libc_s.a(lib_a-sbrkr.o)
                0x20004dd0                _sbrk_r
 .text.nanf     0x20004e0c        0xc c:/isis/application/toolchain/bin/../lib/gcc/arm-none-eabi/4.7.4/../../../../arm-none-eabi/lib\libc_s.a(lib_a-sf_nan.o)
                0x20004e0c                nanf
 .text.sprintf  0x20004e18       0x6c c:/isis/application/toolchain/bin/../lib/gcc/arm-none-eabi/4.7.4/../../../../arm-none-eabi/lib\libc_s.a(lib_a-sprintf.o)
                0x20004e18                siprintf
                0x20004e18                sprintf
 .text.strcmp   0x20004e84       0x1c c:/isis/application/toolchain/bin/../lib/gcc/arm-none-eabi/4.7.4/../../../../arm-none-eabi/lib\libc_s.a(lib_a-strcmp.o)
                0x20004e84                strcmp
 .text.strlen   0x20004ea0       0x1c c:/isis/application/toolchain/bin/../lib/gcc/arm-none-eabi/4.7.4/../../../../arm-none-eabi/lib\libc_s.a(lib_a-strlen.o)
                0x20004ea0                strlen
 .text.match    0x20004ebc       0x54 c:/isis/application/toolchain/bin/../lib/gcc/arm-none-eabi/4.7.4/../../../../arm-none-eabi/lib\libc_s.a(lib_a-strtod.o)
 .text._strtod_r
                0x20004f10     0x1168 c:/isis/application/toolchain/bin/../lib/gcc/arm-none-eabi/4.7.4/../../../../arm-none-eabi/lib\libc_s.a(lib_a-strtod.o)
                0x20004f10                _strtod_r
 .text._strtol_r
                0x20006078      0x1b8 c:/isis/application/toolchain/bin/../lib/gcc/arm-none-eabi/4.7.4/../../../../arm-none-eabi/lib\libc_s.a(lib_a-strtol.o)
                0x20006078                _strtol_r
 .text.__ssputc_r
                0x20006230      0x10c c:/isis/application/toolchain/bin/../lib/gcc/arm-none-eabi/4.7.4/../../../../arm-none-eabi/lib\libc_s.a(lib_a-svfprintf.o)
                0x20006230                __ssputc_r
 .text._svfprintf_r
                0x2000633c      0x328 c:/isis/application/toolchain/bin/../lib/gcc/arm-none-eabi/4.7.4/../../../../arm-none-eabi/lib\libc_s.a(lib_a-svfprintf.o)
                0x2000633c                _svfiprintf_r
                0x2000633c                _svfprintf_r
 .text._calloc_r
                0x20006664       0x2c c:/isis/application/toolchain/bin/../lib/gcc/arm-none-eabi/4.7.4/../../../../arm-none-eabi/lib\libc_s.a(lib_a-callocr.o)
                0x20006664                _calloc_r
 .text._free_r  0x20006690      0x108 c:/isis/application/toolchain/bin/../lib/gcc/arm-none-eabi/4.7.4/../../../../arm-none-eabi/lib\libc_s.a(lib_a-freer.o)
                0x20006690                _free_r
 .text.rshift   0x20006798       0xb0 c:/isis/application/toolchain/bin/../lib/gcc/arm-none-eabi/4.7.4/../../../../arm-none-eabi/lib\libc_s.a(lib_a-gdtoa-gethex.o)
 .text.htinit.constprop.0
                0x20006848       0x34 c:/isis/application/toolchain/bin/../lib/gcc/arm-none-eabi/4.7.4/../../../../arm-none-eabi/lib\libc_s.a(lib_a-gdtoa-gethex.o)
 .text.__hexdig_init
                0x2000687c       0x38 c:/isis/application/toolchain/bin/../lib/gcc/arm-none-eabi/4.7.4/../../../../arm-none-eabi/lib\libc_s.a(lib_a-gdtoa-gethex.o)
                0x2000687c                __hexdig_init
 .text.__gethex
                0x200068b4      0x6cc c:/isis/application/toolchain/bin/../lib/gcc/arm-none-eabi/4.7.4/../../../../arm-none-eabi/lib\libc_s.a(lib_a-gdtoa-gethex.o)
                0x200068b4                __gethex
 .text.L_shift  0x20006f80       0x38 c:/isis/application/toolchain/bin/../lib/gcc/arm-none-eabi/4.7.4/../../../../arm-none-eabi/lib\libc_s.a(lib_a-gdtoa-hexnan.o)
 .text.__hexnan
                0x20006fb8      0x1d8 c:/isis/application/toolchain/bin/../lib/gcc/arm-none-eabi/4.7.4/../../../../arm-none-eabi/lib\libc_s.a(lib_a-gdtoa-hexnan.o)
                0x20006fb8                __hexnan
 .text.memchr   0x20007190       0x34 c:/isis/application/toolchain/bin/../lib/gcc/arm-none-eabi/4.7.4/../../../../arm-none-eabi/lib\libc_s.a(lib_a-memchr.o)
                0x20007190                memchr
 .text.memset   0x200071c4       0x1c c:/isis/application/toolchain/bin/../lib/gcc/arm-none-eabi/4.7.4/../../../../arm-none-eabi/lib\libc_s.a(lib_a-memset.o)
                0x200071c4                memset
 .text._realloc_r
                0x200071e0       0x80 c:/isis/application/toolchain/bin/../lib/gcc/arm-none-eabi/4.7.4/../../../../arm-none-eabi/lib\libc_s.a(lib_a-reallocr.o)
                0x200071e0                _realloc_r
 .text.strncmp  0x20007260       0x64 c:/isis/application/toolchain/bin/../lib/gcc/arm-none-eabi/4.7.4/../../../../arm-none-eabi/lib\libc_s.a(lib_a-strncmp.o)
                0x20007260                strncmp
 .text._malloc_usable_size_r
                0x200072c4       0x1c c:/isis/application/toolchain/bin/../lib/gcc/arm-none-eabi/4.7.4/../../../../arm-none-eabi/lib\libc_s.a(lib_a-msizer.o)
                0x200072c4                _malloc_usable_size_r
 .text.GetChunkFromImage
                0x200072e0      0x308 ./src/sub-systemCode/payload/Request Management/Dump/Butchering.o
                0x200072e0                GetChunkFromImage
 .text.SimpleButcher
                0x200075e8       0xf4 ./src/sub-systemCode/payload/Request Management/Dump/Butchering.o
                0x200075e8                SimpleButcher
 .text.readChunkDimentionsFromFRAM
                0x200076dc       0x80 ./src/sub-systemCode/payload/Request Management/Dump/imageDump.o
                0x200076dc                readChunkDimentionsFromFRAM
 .text.setChunkDimensions_inFRAM
                0x2000775c      0x10c ./src/sub-systemCode/payload/Request Management/Dump/imageDump.o
                0x2000775c                setChunkDimensions_inFRAM
 .text.find_subType_ofImage
                0x20007868       0xe0 ./src/sub-systemCode/payload/Request Management/Dump/imageDump.o
                0x20007868                find_subType_ofImage
 .text.buildAndSend_chunck
                0x20007948      0x320 ./src/sub-systemCode/payload/Request Management/Dump/imageDump.o
                0x20007948                buildAndSend_chunck
 .text.bitField_imageDump
                0x20007c68      0x2b8 ./src/sub-systemCode/payload/Request Management/Dump/imageDump.o
                0x20007c68                bitField_imageDump
 .text.imageDataBase_Dump
                0x20007f20      0x104 ./src/sub-systemCode/payload/Request Management/Dump/imageDump.o
                0x20007f20                imageDataBase_Dump
 .text.chunkField_imageDump
                0x20008024      0x258 ./src/sub-systemCode/payload/Request Management/Dump/imageDump.o
                0x20008024                chunkField_imageDump
 .text.imageDump_task
                0x2000827c      0x400 ./src/sub-systemCode/payload/Request Management/Dump/imageDump.o
                0x2000827c                imageDump_task
 .text.CameraManagerTaskMain
                0x2000867c      0x120 ./src/sub-systemCode/payload/Request Management/CameraManeger.o
                0x2000867c                CameraManagerTaskMain
 .text.initCamera
                0x2000879c       0xa4 ./src/sub-systemCode/payload/Request Management/CameraManeger.o
                0x2000879c                initCamera
 .text.KickStartCamera
                0x20008840       0xb4 ./src/sub-systemCode/payload/Request Management/CameraManeger.o
                0x20008840                KickStartCamera
 .text.addRequestToQueue
                0x200088f4       0xa8 ./src/sub-systemCode/payload/Request Management/CameraManeger.o
                0x200088f4                addRequestToQueue
 .text.removeRequestFromQueue
                0x2000899c       0x7c ./src/sub-systemCode/payload/Request Management/CameraManeger.o
                0x2000899c                removeRequestFromQueue
 .text.Take_pictures_with_time_in_between
                0x20008a18       0xe8 ./src/sub-systemCode/payload/Request Management/CameraManeger.o
                0x20008a18                Take_pictures_with_time_in_between
 .text.Gecko_TroubleShooter
                0x20008b00       0xdc ./src/sub-systemCode/payload/Request Management/CameraManeger.o
                0x20008b00                Gecko_TroubleShooter
 .text.startDumpTask
                0x20008bdc       0x70 ./src/sub-systemCode/payload/Request Management/CameraManeger.o
                0x20008bdc                startDumpTask
 .text.act_upon_request
                0x20008c4c      0x4d4 ./src/sub-systemCode/payload/Request Management/CameraManeger.o
                0x20008c4c                act_upon_request
 .text.TakePicture
                0x20009120       0x4c ./src/sub-systemCode/payload/Request Management/DB_RequestHandling.o
                0x20009120                TakePicture
 .text.TakeSpecialPicture
                0x2000916c      0x104 ./src/sub-systemCode/payload/Request Management/DB_RequestHandling.o
                0x2000916c                TakeSpecialPicture
 .text.DeletePictureFile
                0x20009270       0x88 ./src/sub-systemCode/payload/Request Management/DB_RequestHandling.o
                0x20009270                DeletePictureFile
 .text.DeletePicture
                0x200092f8       0x6c ./src/sub-systemCode/payload/Request Management/DB_RequestHandling.o
                0x200092f8                DeletePicture
 .text.TransferPicture
                0x20009364       0x54 ./src/sub-systemCode/payload/Request Management/DB_RequestHandling.o
                0x20009364                TransferPicture
 .text.CreateThumbnail
                0x200093b8       0x80 ./src/sub-systemCode/payload/Request Management/DB_RequestHandling.o
                0x200093b8                CreateThumbnail
 .text.CreateJPG
                0x20009438       0x7c ./src/sub-systemCode/payload/Request Management/DB_RequestHandling.o
                0x20009438                CreateJPG
 .text.UpdatePhotographyValues
                0x200094b4       0xb4 ./src/sub-systemCode/payload/Request Management/DB_RequestHandling.o
                0x200094b4                UpdatePhotographyValues
 .text.setChunkDimensions
                0x20009568       0x64 ./src/sub-systemCode/payload/Request Management/DB_RequestHandling.o
                0x20009568                setChunkDimensions
 .text.convert2char
                0x200095cc      0x14c ./src/sub-systemCode/payload/Misc/Boolean_bit.o
                0x200095cc                convert2char
 .text.convert2byte
                0x20009718      0x1c8 ./src/sub-systemCode/payload/Misc/Boolean_bit.o
                0x20009718                convert2byte
 .text.bits2byte
                0x200098e0      0x17c ./src/sub-systemCode/payload/Misc/Boolean_bit.o
                0x200098e0                bits2byte
 .text.byte2bits
                0x20009a5c      0x17c ./src/sub-systemCode/payload/Misc/Boolean_bit.o
                0x20009a5c                byte2bits
 .text.char2bits
                0x20009bd8       0x44 ./src/sub-systemCode/payload/Misc/Boolean_bit.o
                0x20009bd8                char2bits
 .text.bits2char
                0x20009c1c       0x3c ./src/sub-systemCode/payload/Misc/Boolean_bit.o
                0x20009c1c                bits2char
 .text.ReadFromFile
                0x20009c58       0x6c ./src/sub-systemCode/payload/Misc/FileSystem.o
                0x20009c58                ReadFromFile
 .text.WriteToFile
                0x20009cc4       0x74 ./src/sub-systemCode/payload/Misc/FileSystem.o
                0x20009cc4                WriteToFile
 .text.Initialized_GPIO
                0x20009d38       0x54 ./src/sub-systemCode/payload/Drivers/GeckoCameraDriver.o
                0x20009d38                Initialized_GPIO
 .text.TurnOnGecko
                0x20009d8c      0x140 ./src/sub-systemCode/payload/Drivers/GeckoCameraDriver.o
                0x20009d8c                TurnOnGecko
 .text.TurnOffGecko
                0x20009ecc       0xd8 ./src/sub-systemCode/payload/Drivers/GeckoCameraDriver.o
                0x20009ecc                TurnOffGecko
 .text.initGecko
                0x20009fa4       0x3c ./src/sub-systemCode/payload/Drivers/GeckoCameraDriver.o
                0x20009fa4                initGecko
 .text.GECKO_TakeImage
                0x20009fe0      0x2f4 ./src/sub-systemCode/payload/Drivers/GeckoCameraDriver.o
                0x20009fe0                GECKO_TakeImage
 .text.GECKO_ReadImage
                0x2000a2d4      0x234 ./src/sub-systemCode/payload/Drivers/GeckoCameraDriver.o
                0x2000a2d4                GECKO_ReadImage
 .text.GECKO_EraseBlock
                0x2000a508       0xf0 ./src/sub-systemCode/payload/Drivers/GeckoCameraDriver.o
                0x2000a508                GECKO_EraseBlock
 .text.getFileName
                0x2000a5f8      0x1a0 ./src/sub-systemCode/payload/DataBase/DataBase.o
 .text.zeroImageDataBase
                0x2000a798       0xfc ./src/sub-systemCode/payload/DataBase/DataBase.o
                0x2000a798                zeroImageDataBase
 .text.updateGeneralDataBaseParameters
                0x2000a894       0x5c ./src/sub-systemCode/payload/DataBase/DataBase.o
                0x2000a894                updateGeneralDataBaseParameters
 .text.SearchDataBase_byID
                0x2000a8f0      0x220 ./src/sub-systemCode/payload/DataBase/DataBase.o
                0x2000a8f0                SearchDataBase_byID
 .text.SearchDataBase_byMark
                0x2000ab10       0xa4 ./src/sub-systemCode/payload/DataBase/DataBase.o
                0x2000ab10                SearchDataBase_byMark
 .text.checkForFileType
                0x2000abb4       0x68 ./src/sub-systemCode/payload/DataBase/DataBase.o
                0x2000abb4                checkForFileType
 .text.updateFileTypes
                0x2000ac1c       0xbc ./src/sub-systemCode/payload/DataBase/DataBase.o
                0x2000ac1c                updateFileTypes
 .text.GetImageFactor
                0x2000acd8       0x58 ./src/sub-systemCode/payload/DataBase/DataBase.o
                0x2000acd8                GetImageFactor
 .text.readImageFromBuffer
                0x2000ad30      0x12c ./src/sub-systemCode/payload/DataBase/DataBase.o
                0x2000ad30                readImageFromBuffer
 .text.saveImageToBuffer
                0x2000ae5c      0x12c ./src/sub-systemCode/payload/DataBase/DataBase.o
                0x2000ae5c                saveImageToBuffer
 .text.getLatestID
                0x2000af88       0x48 ./src/sub-systemCode/payload/DataBase/DataBase.o
                0x2000af88                getLatestID
 .text.getDataBaseStart
                0x2000afd0       0x20 ./src/sub-systemCode/payload/DataBase/DataBase.o
                0x2000afd0                getDataBaseStart
 .text.setDataBaseValues
                0x2000aff0      0x1d8 ./src/sub-systemCode/payload/DataBase/DataBase.o
                0x2000aff0                setDataBaseValues
 .text.initImageDataBase
                0x2000b1c8      0x1b0 ./src/sub-systemCode/payload/DataBase/DataBase.o
                0x2000b1c8                initImageDataBase
 .text.resetImageDataBase
                0x2000b378       0x98 ./src/sub-systemCode/payload/DataBase/DataBase.o
                0x2000b378                resetImageDataBase
 .text.setCameraPhotographyValues
                0x2000b410      0x10c ./src/sub-systemCode/payload/DataBase/DataBase.o
                0x2000b410                setCameraPhotographyValues
 .text.transferImageToSD_withoutSearch
                0x2000b51c      0x15c ./src/sub-systemCode/payload/DataBase/DataBase.o
                0x2000b51c                transferImageToSD_withoutSearch
 .text.transferImageToSD
                0x2000b678       0xb4 ./src/sub-systemCode/payload/DataBase/DataBase.o
                0x2000b678                transferImageToSD
 .text.DeleteImageFromOBC_withoutSearch
                0x2000b72c       0xe0 ./src/sub-systemCode/payload/DataBase/DataBase.o
                0x2000b72c                DeleteImageFromOBC_withoutSearch
 .text.DeleteImageFromOBC
                0x2000b80c       0xb4 ./src/sub-systemCode/payload/DataBase/DataBase.o
                0x2000b80c                DeleteImageFromOBC
 .text.DeleteImageFromPayload
                0x2000b8c0      0x25c ./src/sub-systemCode/payload/DataBase/DataBase.o
                0x2000b8c0                DeleteImageFromPayload
 .text.clearImageDataBase
                0x2000bb1c      0x114 ./src/sub-systemCode/payload/DataBase/DataBase.o
                0x2000bb1c                clearImageDataBase
 .text.handleMarkedPictures
                0x2000bc30      0x1dc ./src/sub-systemCode/payload/DataBase/DataBase.o
                0x2000bc30                handleMarkedPictures
 .text.writeNewImageMetaDataToFRAM
                0x2000be0c      0x234 ./src/sub-systemCode/payload/DataBase/DataBase.o
                0x2000be0c                writeNewImageMetaDataToFRAM
 .text.takePicture
                0x2000c040      0x378 ./src/sub-systemCode/payload/DataBase/DataBase.o
                0x2000c040                takePicture
 .text.takePicture_withSpecialParameters
                0x2000c3b8       0xbc ./src/sub-systemCode/payload/DataBase/DataBase.o
                0x2000c3b8                takePicture_withSpecialParameters
 .text.GetImageFileName
                0x2000c474       0xc0 ./src/sub-systemCode/payload/DataBase/DataBase.o
                0x2000c474                GetImageFileName
 .text.getDataBaseSize
                0x2000c534       0x20 ./src/sub-systemCode/payload/DataBase/DataBase.o
                0x2000c534                getDataBaseSize
 .text.getImageDataBaseBuffer
                0x2000c554      0x240 ./src/sub-systemCode/payload/DataBase/DataBase.o
                0x2000c554                getImageDataBaseBuffer
 .text.TransformRawToBMP
                0x2000c794      0x1e0 ./src/sub-systemCode/payload/Compression/jpeg/bmp/rawToBMP.o
                0x2000c794                TransformRawToBMP
 .text.interpolate
                0x2000c974      0x8d0 ./src/sub-systemCode/payload/Compression/jpeg/bmp/rawToBMP.o
                0x2000c974                interpolate
 .text.getInputAt
                0x2000d244      0x308 ./src/sub-systemCode/payload/Compression/jpeg/bmp/rawToBMP.o
                0x2000d244                getInputAt
 .text.f_writeF_FILEHeader
                0x2000d54c      0x2f0 ./src/sub-systemCode/payload/Compression/jpeg/bmp/rawToBMP.o
                0x2000d54c                f_writeF_FILEHeader
 .text.f_writeOutputRow
                0x2000d83c       0xbc ./src/sub-systemCode/payload/Compression/jpeg/bmp/rawToBMP.o
                0x2000d83c                f_writeOutputRow
 .text.dct      0x2000d8f8      0x9c4 ./src/sub-systemCode/payload/Compression/jpeg/DCT.o
                0x2000d8f8                dct
 .text.JPEG_compressor
                0x2000e2bc       0xfc ./src/sub-systemCode/payload/Compression/jpeg/ImgCompressor.o
                0x2000e2bc                JPEG_compressor
 .text.Create_BMP_File
                0x2000e3b8       0xf4 ./src/sub-systemCode/payload/Compression/jpeg/ImgCompressor.o
                0x2000e3b8                Create_BMP_File
 .text.CompressImage
                0x2000e4ac      0x1cc ./src/sub-systemCode/payload/Compression/jpeg/ImgCompressor.o
                0x2000e4ac                CompressImage
 .text.clamp    0x2000e678       0x60 ./src/sub-systemCode/payload/Compression/jpeg/color_conv.o
                0x2000e678                clamp
 .text.RGB_to_YCC
                0x2000e6d8      0x1a8 ./src/sub-systemCode/payload/Compression/jpeg/color_conv.o
                0x2000e6d8                RGB_to_YCC
 .text.RGB_to_Y
                0x2000e880       0xc4 ./src/sub-systemCode/payload/Compression/jpeg/color_conv.o
                0x2000e880                RGB_to_Y
 .text.Y_to_YCC
                0x2000e944       0x88 ./src/sub-systemCode/payload/Compression/jpeg/color_conv.o
                0x2000e944                Y_to_YCC
 .text.compress_image_to_jpeg_file
                0x2000e9cc      0x1ac ./src/sub-systemCode/payload/Compression/jpeg/jpeg.o
                0x2000e9cc                compress_image_to_jpeg_file
 .text.emit_marker
                0x2000eb78       0xc8 ./src/sub-systemCode/payload/Compression/jpeg/jpeg_encoder.o
                0x2000eb78                emit_marker
 .text.emit_byte
                0x2000ec40       0x6c ./src/sub-systemCode/payload/Compression/jpeg/jpeg_encoder.o
                0x2000ec40                emit_byte
 .text.emit_word
                0x2000ecac       0xd0 ./src/sub-systemCode/payload/Compression/jpeg/jpeg_encoder.o
                0x2000ecac                emit_word
 .text.emit_jfif_app0
                0x2000ed7c       0xc0 ./src/sub-systemCode/payload/Compression/jpeg/jpeg_encoder.o
                0x2000ed7c                emit_jfif_app0
 .text.emit_dqt
                0x2000ee3c       0xd8 ./src/sub-systemCode/payload/Compression/jpeg/jpeg_encoder.o
                0x2000ee3c                emit_dqt
 .text.emit_sof
                0x2000ef14      0x14c ./src/sub-systemCode/payload/Compression/jpeg/jpeg_encoder.o
                0x2000ef14                emit_sof
 .text.emit_dht
                0x2000f060      0x138 ./src/sub-systemCode/payload/Compression/jpeg/jpeg_encoder.o
                0x2000f060                emit_dht
 .text.emit_dhts
                0x2000f198       0xd8 ./src/sub-systemCode/payload/Compression/jpeg/jpeg_encoder.o
                0x2000f198                emit_dhts
 .text.emit_sos
                0x2000f270       0xec ./src/sub-systemCode/payload/Compression/jpeg/jpeg_encoder.o
                0x2000f270                emit_sos
 .text.emit_markers
                0x2000f35c       0x4c ./src/sub-systemCode/payload/Compression/jpeg/jpeg_encoder.o
                0x2000f35c                emit_markers
 .text.compute_huffman_table
                0x2000f3a8      0x334 ./src/sub-systemCode/payload/Compression/jpeg/jpeg_encoder.o
                0x2000f3a8                compute_huffman_table
 .text.compute_quant_table
                0x2000f6dc      0x11c ./src/sub-systemCode/payload/Compression/jpeg/jpeg_encoder.o
                0x2000f6dc                compute_quant_table
 .text.first_pass_init
                0x2000f7f8       0x54 ./src/sub-systemCode/payload/Compression/jpeg/jpeg_encoder.o
                0x2000f7f8                first_pass_init
 .text.second_pass_init
                0x2000f84c      0x110 ./src/sub-systemCode/payload/Compression/jpeg/jpeg_encoder.o
                0x2000f84c                second_pass_init
 .text.jpg_open
                0x2000f95c      0x7b4 ./src/sub-systemCode/payload/Compression/jpeg/jpeg_encoder.o
                0x2000f95c                jpg_open
 .text.load_block_8_8_grey
                0x20010110      0x164 ./src/sub-systemCode/payload/Compression/jpeg/jpeg_encoder.o
                0x20010110                load_block_8_8_grey
 .text.load_block_8_8
                0x20010274      0x198 ./src/sub-systemCode/payload/Compression/jpeg/jpeg_encoder.o
                0x20010274                load_block_8_8
 .text.load_block_16_8
                0x2001040c      0x3cc ./src/sub-systemCode/payload/Compression/jpeg/jpeg_encoder.o
                0x2001040c                load_block_16_8
 .text.load_block_16_8_8
                0x200107d8      0x2a8 ./src/sub-systemCode/payload/Compression/jpeg/jpeg_encoder.o
                0x200107d8                load_block_16_8_8
 .text.load_coefficients
                0x20010a80      0x1c8 ./src/sub-systemCode/payload/Compression/jpeg/jpeg_encoder.o
                0x20010a80                load_coefficients
 .text.flush_output_buffer
                0x20010c48       0xa0 ./src/sub-systemCode/payload/Compression/jpeg/jpeg_encoder.o
                0x20010c48                flush_output_buffer
 .text.put_bits
                0x20010ce8      0x170 ./src/sub-systemCode/payload/Compression/jpeg/jpeg_encoder.o
                0x20010ce8                put_bits
 .text.code_coefficients_pass_two
                0x20010e58      0x338 ./src/sub-systemCode/payload/Compression/jpeg/jpeg_encoder.o
                0x20010e58                code_coefficients_pass_two
 .text.code_block
                0x20011190       0x44 ./src/sub-systemCode/payload/Compression/jpeg/jpeg_encoder.o
                0x20011190                code_block
 .text.process_mcu_row
                0x200111d4      0x328 ./src/sub-systemCode/payload/Compression/jpeg/jpeg_encoder.o
                0x200111d4                process_mcu_row
 .text.terminate_pass_two
                0x200114fc       0x44 ./src/sub-systemCode/payload/Compression/jpeg/jpeg_encoder.o
                0x200114fc                terminate_pass_two
 .text.process_end_of_image
                0x20011540       0xc0 ./src/sub-systemCode/payload/Compression/jpeg/jpeg_encoder.o
                0x20011540                process_end_of_image
 .text.load_mcu
                0x20011600      0x29c ./src/sub-systemCode/payload/Compression/jpeg/jpeg_encoder.o
                0x20011600                load_mcu
 .text.clear    0x2001189c      0x1e0 ./src/sub-systemCode/payload/Compression/jpeg/jpeg_encoder.o
                0x2001189c                clear
 .text.init     0x20011a7c       0xe4 ./src/sub-systemCode/payload/Compression/jpeg/jpeg_encoder.o
                0x20011a7c                init
 .text.deinit   0x20011b60      0x160 ./src/sub-systemCode/payload/Compression/jpeg/jpeg_encoder.o
                0x20011b60                deinit
 .text.process_scanline
                0x20011cc0       0x6c ./src/sub-systemCode/payload/Compression/jpeg/jpeg_encoder.o
                0x20011cc0                process_scanline
 .text.jpge_malloc
                0x20011d2c       0x28 ./src/sub-systemCode/payload/Compression/jpeg/jpeg_memory_alloc.o
                0x20011d2c                jpge_malloc
 .text.jpge_cmalloc
                0x20011d54       0x48 ./src/sub-systemCode/payload/Compression/jpeg/jpeg_memory_alloc.o
                0x20011d54                jpge_cmalloc
 .text.jpge_free
                0x20011d9c       0x24 ./src/sub-systemCode/payload/Compression/jpeg/jpeg_memory_alloc.o
                0x20011d9c                jpge_free
 .text.check    0x20011dc0       0x78 ./src/sub-systemCode/payload/Compression/jpeg/jpeg_params.o
                0x20011dc0                check
 .text.open_jpeg_file
                0x20011e38       0xfc ./src/sub-systemCode/payload/Compression/jpeg/output_stream.o
                0x20011e38                open_jpeg_file
 .text.close_jpeg_file
                0x20011f34      0x118 ./src/sub-systemCode/payload/Compression/jpeg/output_stream.o
                0x20011f34                close_jpeg_file
 .text.put_buf  0x2001204c      0x258 ./src/sub-systemCode/payload/Compression/jpeg/output_stream.o
                0x2001204c                put_buf
 .text.GetBayerPixel
                0x200122a4       0xe8 ./src/sub-systemCode/payload/Compression/ImageConversion.o
 .text.BinImage
                0x2001238c      0x2c8 ./src/sub-systemCode/payload/Compression/ImageConversion.o
                0x2001238c                BinImage
 .text.ImageSkipping
                0x20012654      0x2ac ./src/sub-systemCode/payload/Compression/ImageConversion.o
                0x20012654                ImageSkipping
 .text.CreateImageThumbnail_withoutSearch
                0x20012900      0x14c ./src/sub-systemCode/payload/Compression/ImageConversion.o
                0x20012900                CreateImageThumbnail_withoutSearch
 .text.CreateImageThumbnail
                0x20012a4c       0x94 ./src/sub-systemCode/payload/Compression/ImageConversion.o
                0x20012a4c                CreateImageThumbnail
 .text.compressImage
                0x20012ae0      0x17c ./src/sub-systemCode/payload/Compression/ImageConversion.o
                0x20012ae0                compressImage
 .text.AdcsCmdQueueInit
                0x20012c5c       0x4c ./src/sub-systemCode/Main/CMD/ADCS_CMD.o
                0x20012c5c                AdcsCmdQueueInit
 .text.AdcsCmdQueueGet
                0x20012ca8       0x8c ./src/sub-systemCode/Main/CMD/ADCS_CMD.o
                0x20012ca8                AdcsCmdQueueGet
 .text.AdcsCmdQueueAdd
                0x20012d34       0x74 ./src/sub-systemCode/Main/CMD/ADCS_CMD.o
                0x20012d34                AdcsCmdQueueAdd
 .text.AdcsCmdQueueIsEmpty
                0x20012da8       0x3c ./src/sub-systemCode/Main/CMD/ADCS_CMD.o
                0x20012da8                AdcsCmdQueueIsEmpty
 .text.getAdcsQueueWaitPointer
                0x20012de4       0x20 ./src/sub-systemCode/Main/CMD/ADCS_CMD.o
                0x20012de4                getAdcsQueueWaitPointer
 .text.cmd_mute
                0x20012e04       0xc4 ./src/sub-systemCode/Main/CMD/COMM_CMD.o
                0x20012e04                cmd_mute
 .text.cmd_unmute
                0x20012ec8       0x4c ./src/sub-systemCode/Main/CMD/COMM_CMD.o
                0x20012ec8                cmd_unmute
 .text.cmd_active_trans
                0x20012f14       0xc0 ./src/sub-systemCode/Main/CMD/COMM_CMD.o
                0x20012f14                cmd_active_trans
 .text.cmd_shut_trans
                0x20012fd4       0x38 ./src/sub-systemCode/Main/CMD/COMM_CMD.o
                0x20012fd4                cmd_shut_trans
 .text.cmd_change_trans_rssi
                0x2001300c      0x100 ./src/sub-systemCode/Main/CMD/COMM_CMD.o
                0x2001300c                cmd_change_trans_rssi
 .text.cmd_aprs_dump
                0x2001310c       0x50 ./src/sub-systemCode/Main/CMD/COMM_CMD.o
                0x2001310c                cmd_aprs_dump
 .text.cmd_stop_dump
                0x2001315c       0x38 ./src/sub-systemCode/Main/CMD/COMM_CMD.o
                0x2001315c                cmd_stop_dump
 .text.cmd_time_frequency
                0x20013194       0xc0 ./src/sub-systemCode/Main/CMD/COMM_CMD.o
                0x20013194                cmd_time_frequency
 .text.cmd_change_def_bit_rate
                0x20013254      0x158 ./src/sub-systemCode/Main/CMD/COMM_CMD.o
                0x20013254                cmd_change_def_bit_rate
 .text.cmd_upload_volt_logic
                0x200133ac      0x334 ./src/sub-systemCode/Main/CMD/EPS_CMD.o
                0x200133ac                cmd_upload_volt_logic
 .text.cmd_upload_volt_COMM
                0x200136e0      0x1c8 ./src/sub-systemCode/Main/CMD/EPS_CMD.o
                0x200136e0                cmd_upload_volt_COMM
 .text.cmd_heater_temp
                0x200138a8       0xc0 ./src/sub-systemCode/Main/CMD/EPS_CMD.o
                0x200138a8                cmd_heater_temp
 .text.cmd_SHUT_CAM
                0x20013968       0x6c ./src/sub-systemCode/Main/CMD/EPS_CMD.o
                0x20013968                cmd_SHUT_CAM
 .text.cmd_SHUT_ADCS
                0x200139d4       0x6c ./src/sub-systemCode/Main/CMD/EPS_CMD.o
                0x200139d4                cmd_SHUT_ADCS
 .text.cmd_allow_CAM
                0x20013a40       0x6c ./src/sub-systemCode/Main/CMD/EPS_CMD.o
                0x20013a40                cmd_allow_CAM
 .text.cmd_allow_ADCS
                0x20013aac       0x6c ./src/sub-systemCode/Main/CMD/EPS_CMD.o
                0x20013aac                cmd_allow_ADCS
 .text.cmd_update_alpha
                0x20013b18       0xfc ./src/sub-systemCode/Main/CMD/EPS_CMD.o
                0x20013b18                cmd_update_alpha
 .text.cmd_generic_I2C
                0x20013c14       0xb4 ./src/sub-systemCode/Main/CMD/General_CMD.o
                0x20013c14                cmd_generic_I2C
 .text.cmd_dump
                0x20013cc8       0xf0 ./src/sub-systemCode/Main/CMD/General_CMD.o
                0x20013cc8                cmd_dump
 .text.cmd_delete_TM
                0x20013db8      0x230 ./src/sub-systemCode/Main/CMD/General_CMD.o
                0x20013db8                cmd_delete_TM
 .text.cmd_reset_file
                0x20013fe8      0x118 ./src/sub-systemCode/Main/CMD/General_CMD.o
                0x20013fe8                cmd_reset_file
 .text.cmd_dummy_func
                0x20014100       0x40 ./src/sub-systemCode/Main/CMD/General_CMD.o
                0x20014100                cmd_dummy_func
 .text.cmd_reset_TLM_SD
                0x20014140       0x4c ./src/sub-systemCode/Main/CMD/General_CMD.o
                0x20014140                cmd_reset_TLM_SD
 .text.cmd_soft_reset_cmponent
                0x2001418c       0xac ./src/sub-systemCode/Main/CMD/General_CMD.o
                0x2001418c                cmd_soft_reset_cmponent
 .text.cmd_hard_reset_cmponent
                0x20014238       0xac ./src/sub-systemCode/Main/CMD/General_CMD.o
                0x20014238                cmd_hard_reset_cmponent
 .text.cmd_reset_satellite
                0x200142e4       0x78 ./src/sub-systemCode/Main/CMD/General_CMD.o
                0x200142e4                cmd_reset_satellite
 .text.cmd_gracefull_reset_satellite
                0x2001435c       0x78 ./src/sub-systemCode/Main/CMD/General_CMD.o
                0x2001435c                cmd_gracefull_reset_satellite
 .text.cmd_upload_time
                0x200143d4       0xb0 ./src/sub-systemCode/Main/CMD/General_CMD.o
                0x200143d4                cmd_upload_time
 .text.cmd_ARM_DIARM
                0x20014484       0xd4 ./src/sub-systemCode/Main/CMD/General_CMD.o
                0x20014484                cmd_ARM_DIARM
 .text.cmd_get_onlineTM
                0x20014558      0x148 ./src/sub-systemCode/Main/CMD/General_CMD.o
                0x20014558                cmd_get_onlineTM
 .text.cmd_reset_off_line
                0x200146a0       0x68 ./src/sub-systemCode/Main/CMD/General_CMD.o
                0x200146a0                cmd_reset_off_line
 .text.cmd_add_item_off_line
                0x20014708       0xf4 ./src/sub-systemCode/Main/CMD/General_CMD.o
                0x20014708                cmd_add_item_off_line
 .text.cmd_delete_item_off_line
                0x200147fc       0x98 ./src/sub-systemCode/Main/CMD/General_CMD.o
                0x200147fc                cmd_delete_item_off_line
 .text.cmd_get_off_line_setting
                0x20014894      0x108 ./src/sub-systemCode/Main/CMD/General_CMD.o
                0x20014894                cmd_get_off_line_setting
 .text.cmd_reset_delayed_command_list
                0x2001499c       0x3c ./src/sub-systemCode/Main/CMD/SW_CMD.o
                0x2001499c                cmd_reset_delayed_command_list
 .text.cmd_reset_APRS_list
                0x200149d8       0x3c ./src/sub-systemCode/Main/CMD/SW_CMD.o
                0x200149d8                cmd_reset_APRS_list
 .text.cmd_reset_FRAM
                0x20014a14       0xf4 ./src/sub-systemCode/Main/CMD/SW_CMD.o
                0x20014a14                cmd_reset_FRAM
 .text.init_Ants
                0x20014b08       0x74 ./src/sub-systemCode/Main/Ants.o
                0x20014b08                init_Ants
 .text.ARM_ants
                0x20014b7c       0xb8 ./src/sub-systemCode/Main/Ants.o
                0x20014b7c                ARM_ants
 .text.DISARM_ants
                0x20014c34       0xb8 ./src/sub-systemCode/Main/Ants.o
                0x20014c34                DISARM_ants
 .text.checkDeployAttempt
                0x20014cec      0x128 ./src/sub-systemCode/Main/Ants.o
                0x20014cec                checkDeployAttempt
 .text.reset_deployStatusFRAM
                0x20014e14       0xc0 ./src/sub-systemCode/Main/Ants.o
                0x20014e14                reset_deployStatusFRAM
 .text.reset_FRAM_ants
                0x20014ed4       0x88 ./src/sub-systemCode/Main/Ants.o
                0x20014ed4                reset_FRAM_ants
 .text.DeployIfNeeded
                0x20014f5c      0x134 ./src/sub-systemCode/Main/Ants.o
                0x20014f5c                DeployIfNeeded
 .text.update_stopDeploy_FRAM
                0x20015090       0x48 ./src/sub-systemCode/Main/Ants.o
                0x20015090                update_stopDeploy_FRAM
 .text.round_vol
                0x200150d8      0x124 ./src/sub-systemCode/Main/EPS.o
                0x200150d8                round_vol
 .text.get_shut_ADCS
                0x200151fc       0x48 ./src/sub-systemCode/Main/EPS.o
                0x200151fc                get_shut_ADCS
 .text.shut_ADCS
                0x20015244       0x44 ./src/sub-systemCode/Main/EPS.o
                0x20015244                shut_ADCS
 .text.get_shut_CAM
                0x20015288       0x48 ./src/sub-systemCode/Main/EPS.o
                0x20015288                get_shut_CAM
 .text.shut_CAM
                0x200152d0       0x44 ./src/sub-systemCode/Main/EPS.o
                0x200152d0                shut_CAM
 .text.update_powerLines
                0x20015314       0xec ./src/sub-systemCode/Main/EPS.o
                0x20015314                update_powerLines
 .text.get_EPS_mode_t
                0x20015400       0x24 ./src/sub-systemCode/Main/EPS.o
                0x20015400                get_EPS_mode_t
 .text.init_enterMode
                0x20015424       0x88 ./src/sub-systemCode/Main/EPS.o
                0x20015424                init_enterMode
 .text.EPS_Init
                0x200154ac      0x1c8 ./src/sub-systemCode/Main/EPS.o
                0x200154ac                EPS_Init
 .text.reset_FRAM_EPS
                0x20015674       0xe0 ./src/sub-systemCode/Main/EPS.o
                0x20015674                reset_FRAM_EPS
 .text.reset_EPS_voltages
                0x20015754       0xbc ./src/sub-systemCode/Main/EPS.o
                0x20015754                reset_EPS_voltages
 .text.writeState_log
                0x20015810       0xb4 ./src/sub-systemCode/Main/EPS.o
                0x20015810                writeState_log
 .text.battery_downward
                0x200158c4      0x120 ./src/sub-systemCode/Main/EPS.o
                0x200158c4                battery_downward
 .text.battery_upward
                0x200159e4      0x12c ./src/sub-systemCode/Main/EPS.o
                0x200159e4                battery_upward
 .text.overRide_ADCS
                0x20015b10       0x50 ./src/sub-systemCode/Main/EPS.o
                0x20015b10                overRide_ADCS
 .text.overRide_Camera
                0x20015b60       0x38 ./src/sub-systemCode/Main/EPS.o
                0x20015b60                overRide_Camera
 .text.EPS_Conditioning
                0x20015b98      0x258 ./src/sub-systemCode/Main/EPS.o
                0x20015b98                EPS_Conditioning
 .text.EnterFullMode
                0x20015df0       0xf0 ./src/sub-systemCode/Main/EPS.o
                0x20015df0                EnterFullMode
 .text.EnterCruiseMode
                0x20015ee0       0xe0 ./src/sub-systemCode/Main/EPS.o
                0x20015ee0                EnterCruiseMode
 .text.EnterSafeMode
                0x20015fc0       0xe0 ./src/sub-systemCode/Main/EPS.o
                0x20015fc0                EnterSafeMode
 .text.EnterCriticalMode
                0x200160a0       0xcc ./src/sub-systemCode/Main/EPS.o
                0x200160a0                EnterCriticalMode
 .text.check_EPSTableCorrection
                0x2001616c      0x120 ./src/sub-systemCode/Main/EPS.o
                0x2001616c                check_EPSTableCorrection
 .text.save_ACK
                0x2001628c      0x11c ./src/sub-systemCode/Main/HouseKeeping.o
                0x2001628c                save_ACK
 .text.set_GP_EPS
                0x200163a8      0x10c ./src/sub-systemCode/Main/HouseKeeping.o
                0x200163a8                set_GP_EPS
 .text.set_GP_COMM
                0x200164b4       0x88 ./src/sub-systemCode/Main/HouseKeeping.o
                0x200164b4                set_GP_COMM
 .text.SP_HK_collect
                0x2001653c      0x198 ./src/sub-systemCode/Main/HouseKeeping.o
                0x2001653c                SP_HK_collect
 .text.EPS_HK_collect
                0x200166d4      0x50c ./src/sub-systemCode/Main/HouseKeeping.o
                0x200166d4                EPS_HK_collect
 .text.CAM_HK_collect
                0x20016be0      0x91c ./src/sub-systemCode/Main/HouseKeeping.o
                0x20016be0                CAM_HK_collect
 .text.COMM_HK_collect
                0x200174fc      0x260 ./src/sub-systemCode/Main/HouseKeeping.o
                0x200174fc                COMM_HK_collect
 .text.FS_HK_collect
                0x2001775c      0x18c ./src/sub-systemCode/Main/HouseKeeping.o
                0x2001775c                FS_HK_collect
 .text.HK_find_ADCSTM_fileName
                0x200178e8      0x3a4 ./src/sub-systemCode/Main/HouseKeeping.o
                0x200178e8                HK_find_ADCSTM_fileName
 .text.HK_find_fileName
                0x20017c8c      0x174 ./src/sub-systemCode/Main/HouseKeeping.o
                0x20017c8c                HK_find_fileName
 .text.HK_find_ADCSTM_ElementSize
                0x20017e00      0x110 ./src/sub-systemCode/Main/HouseKeeping.o
                0x20017e00                HK_find_ADCSTM_ElementSize
 .text.HK_findElementSize
                0x20017f10       0xd4 ./src/sub-systemCode/Main/HouseKeeping.o
                0x20017f10                HK_findElementSize
 .text.build_HK_spl_packet
                0x20017fe4      0x200 ./src/sub-systemCode/Main/HouseKeeping.o
                0x20017fe4                build_HK_spl_packet
 .text.numberOfRestarts
                0x200181e4       0x94 ./src/sub-systemCode/Main/Main_Init.o
                0x200181e4                numberOfRestarts
 .text.StartFRAM
                0x20018278       0x38 ./src/sub-systemCode/Main/Main_Init.o
                0x20018278                StartFRAM
 .text.StartI2C
                0x200182b0       0x44 ./src/sub-systemCode/Main/Main_Init.o
                0x200182b0                StartI2C
 .text.StartSPI
                0x200182f4       0x40 ./src/sub-systemCode/Main/Main_Init.o
                0x200182f4                StartSPI
 .text.StartTIME
                0x20018334      0x120 ./src/sub-systemCode/Main/Main_Init.o
                0x20018334                StartTIME
 .text.first_activation
                0x20018454       0x7c ./src/sub-systemCode/Main/Main_Init.o
                0x20018454                first_activation
 .text.InitSubsystems
                0x200184d0       0x68 ./src/sub-systemCode/Main/Main_Init.o
                0x200184d0                InitSubsystems
 .text.SubSystemTaskStart
                0x20018538       0xec ./src/sub-systemCode/Main/Main_Init.o
                0x20018538                SubSystemTaskStart
 .text.save_ACK_s
                0x20018624       0x5c ./src/sub-systemCode/Main/commands.o
                0x20018624                save_ACK_s
 .text.copy_command
                0x20018680       0x80 ./src/sub-systemCode/Main/commands.o
                0x20018680                copy_command
 .text.reset_command
                0x20018700       0x28 ./src/sub-systemCode/Main/commands.o
                0x20018700                reset_command
 .text.init_command
                0x20018728       0xd4 ./src/sub-systemCode/Main/commands.o
                0x20018728                init_command
 .text.add_command
                0x200187fc      0x118 ./src/sub-systemCode/Main/commands.o
                0x200187fc                add_command
 .text.get_command
                0x20018914      0x1ac ./src/sub-systemCode/Main/commands.o
                0x20018914                get_command
 .text.act_upon_command
                0x20018ac0      0x1e4 ./src/sub-systemCode/Main/commands.o
                0x20018ac0                act_upon_command
 .text.cmd_error
                0x20018ca4       0x38 ./src/sub-systemCode/Main/commands.o
                0x20018ca4                cmd_error
 .text.AUC_COMM
                0x20018cdc      0x25c ./src/sub-systemCode/Main/commands.o
                0x20018cdc                AUC_COMM
 .text.AUC_general
                0x20018f38      0x48c ./src/sub-systemCode/Main/commands.o
                0x20018f38                AUC_general
 .text.AUC_payload
                0x200193c4      0x1e8 ./src/sub-systemCode/Main/commands.o
                0x200193c4                AUC_payload
 .text.AUC_EPS  0x200195ac      0x28c ./src/sub-systemCode/Main/commands.o
                0x200195ac                AUC_EPS
 .text.AUC_SW   0x20019838       0xe4 ./src/sub-systemCode/Main/commands.o
                0x20019838                AUC_SW
 .text.AUC_onlineTM
                0x2001991c      0x1ac ./src/sub-systemCode/Main/commands.o
                0x2001991c                AUC_onlineTM
 .text.AUC_special_operation
                0x20019ac8       0x8c ./src/sub-systemCode/Main/commands.o
                0x20019ac8                AUC_special_operation
 .text.check_int
                0x20019b54       0x20 ./src/sub-systemCode/Global/Global.o
                0x20019b54                check_int
 .text.check_portBASE_TYPE
                0x20019b74       0x20 ./src/sub-systemCode/Global/Global.o
                0x20019b74                check_portBASE_TYPE
 .text.soft_reset_subsystem
                0x20019b94       0xd8 ./src/sub-systemCode/Global/Global.o
                0x20019b94                soft_reset_subsystem
 .text.hard_reset_subsystem
                0x20019c6c      0x104 ./src/sub-systemCode/Global/Global.o
                0x20019c6c                hard_reset_subsystem
 .text.BigEnE_raw_to_uInt
                0x20019d70       0x94 ./src/sub-systemCode/Global/Global.o
                0x20019d70                BigEnE_raw_to_uInt
 .text.BigEnE_raw_to_uShort
                0x20019e04       0x50 ./src/sub-systemCode/Global/Global.o
                0x20019e04                BigEnE_raw_to_uShort
 .text.BigEnE_uInt_to_raw
                0x20019e54       0x78 ./src/sub-systemCode/Global/Global.o
                0x20019e54                BigEnE_uInt_to_raw
 .text.reset_FRAM_MAIN
                0x20019ecc      0x140 ./src/sub-systemCode/Global/Global.o
                0x20019ecc                reset_FRAM_MAIN
 .text.getBitValueByIndex
                0x2001a00c       0xd0 ./src/sub-systemCode/Global/Global.o
                0x2001a00c                getBitValueByIndex
 .text.terminateTask
                0x2001a0dc       0x18 ./src/sub-systemCode/Global/Global.o
                0x2001a0dc                terminateTask
 .text.init_GP  0x2001a0f4      0x2e0 ./src/sub-systemCode/Global/GlobalParam.o
                0x2001a0f4                init_GP
 .text.get_system_state
                0x2001a3d4      0x254 ./src/sub-systemCode/Global/GlobalParam.o
                0x2001a3d4                get_system_state
 .text.set_system_state
                0x2001a628      0x284 ./src/sub-systemCode/Global/GlobalParam.o
                0x2001a628                set_system_state
 .text.get_systems_state_param
                0x2001a8ac       0x78 ./src/sub-systemCode/Global/GlobalParam.o
                0x2001a8ac                get_systems_state_param
 .text.get_current_global_param
                0x2001a924      0x548 ./src/sub-systemCode/Global/GlobalParam.o
                0x2001a924                get_current_global_param
 .text.set_Vbatt
                0x2001ae6c       0x78 ./src/sub-systemCode/Global/GlobalParam.o
                0x2001ae6c                set_Vbatt
 .text.get_Vbatt
                0x2001aee4       0x78 ./src/sub-systemCode/Global/GlobalParam.o
                0x2001aee4                get_Vbatt
 .text.set_curBat
                0x2001af5c       0x78 ./src/sub-systemCode/Global/GlobalParam.o
                0x2001af5c                set_curBat
 .text.set_cur3V3
                0x2001afd4       0x78 ./src/sub-systemCode/Global/GlobalParam.o
                0x2001afd4                set_cur3V3
 .text.set_cur5V
                0x2001b04c       0x78 ./src/sub-systemCode/Global/GlobalParam.o
                0x2001b04c                set_cur5V
 .text.set_tempComm_LO
                0x2001b0c4       0x78 ./src/sub-systemCode/Global/GlobalParam.o
                0x2001b0c4                set_tempComm_LO
 .text.set_tempComm_PA
                0x2001b13c       0x78 ./src/sub-systemCode/Global/GlobalParam.o
                0x2001b13c                set_tempComm_PA
 .text.set_tempEPS
                0x2001b1b4       0xb4 ./src/sub-systemCode/Global/GlobalParam.o
                0x2001b1b4                set_tempEPS
 .text.set_tempBatt
                0x2001b268       0xb4 ./src/sub-systemCode/Global/GlobalParam.o
                0x2001b268                set_tempBatt
 .text.set_RxDoppler
                0x2001b31c       0x78 ./src/sub-systemCode/Global/GlobalParam.o
                0x2001b31c                set_RxDoppler
 .text.set_RxRSSI
                0x2001b394       0x78 ./src/sub-systemCode/Global/GlobalParam.o
                0x2001b394                set_RxRSSI
 .text.set_TxRefl
                0x2001b40c       0x78 ./src/sub-systemCode/Global/GlobalParam.o
                0x2001b40c                set_TxRefl
 .text.set_TxForw
                0x2001b484       0x78 ./src/sub-systemCode/Global/GlobalParam.o
                0x2001b484                set_TxForw
 .text.get_Attitude
                0x2001b4fc      0x10c ./src/sub-systemCode/Global/GlobalParam.o
                0x2001b4fc                get_Attitude
 .text.set_numOfAPRS
                0x2001b608       0x78 ./src/sub-systemCode/Global/GlobalParam.o
                0x2001b608                set_numOfAPRS
 .text.set_numOfDelayedCommand
                0x2001b680       0x78 ./src/sub-systemCode/Global/GlobalParam.o
                0x2001b680                set_numOfDelayedCommand
 .text.set_numOfResets
                0x2001b6f8       0x98 ./src/sub-systemCode/Global/GlobalParam.o
                0x2001b6f8                set_numOfResets
 .text.set_ground_conn
                0x2001b790       0x8c ./src/sub-systemCode/Global/GlobalParam.o
                0x2001b790                set_ground_conn
 .text.get_ground_conn
                0x2001b81c       0x8c ./src/sub-systemCode/Global/GlobalParam.o
                0x2001b81c                get_ground_conn
 .text.IsisAntS_getStatusData_sideA
                0x2001b8a8       0x3c ./src/sub-systemCode/Global/OnlineTM.o
                0x2001b8a8                IsisAntS_getStatusData_sideA
 .text.IsisAntS_getAlltelemetry_sideA
                0x2001b8e4       0x3c ./src/sub-systemCode/Global/OnlineTM.o
                0x2001b8e4                IsisAntS_getAlltelemetry_sideA
 .text.IsisAntS_getTemperature_sideA
                0x2001b920       0x3c ./src/sub-systemCode/Global/OnlineTM.o
                0x2001b920                IsisAntS_getTemperature_sideA
 .text.IsisAntS_getStatusData_sideB
                0x2001b95c       0x3c ./src/sub-systemCode/Global/OnlineTM.o
                0x2001b95c                IsisAntS_getStatusData_sideB
 .text.IsisAntS_getAlltelemetry_sideB
                0x2001b998       0x3c ./src/sub-systemCode/Global/OnlineTM.o
                0x2001b998                IsisAntS_getAlltelemetry_sideB
 .text.IsisAntS_getTemperature_sideB
                0x2001b9d4       0x3c ./src/sub-systemCode/Global/OnlineTM.o
                0x2001b9d4                IsisAntS_getTemperature_sideB
 .text.HK_collect_EPS
                0x2001ba10       0x30 ./src/sub-systemCode/Global/OnlineTM.o
                0x2001ba10                HK_collect_EPS
 .text.HK_collect_COMM
                0x2001ba40       0x30 ./src/sub-systemCode/Global/OnlineTM.o
                0x2001ba40                HK_collect_COMM
 .text.HK_collect_CAM
                0x2001ba70       0x30 ./src/sub-systemCode/Global/OnlineTM.o
                0x2001ba70                HK_collect_CAM
 .text.HK_collect_SP
                0x2001baa0       0x30 ./src/sub-systemCode/Global/OnlineTM.o
                0x2001baa0                HK_collect_SP
 .text.HK_collect_FS_A
                0x2001bad0       0x34 ./src/sub-systemCode/Global/OnlineTM.o
                0x2001bad0                HK_collect_FS_A
 .text.HK_collect_FS_B
                0x2001bb04       0x34 ./src/sub-systemCode/Global/OnlineTM.o
                0x2001bb04                HK_collect_FS_B
 .text.save_offlineSetting_FRAM
                0x2001bb38      0x26c ./src/sub-systemCode/Global/OnlineTM.o
                0x2001bb38                save_offlineSetting_FRAM
 .text.get_offlineSetting_FRAM
                0x2001bda4       0x58 ./src/sub-systemCode/Global/OnlineTM.o
                0x2001bda4                get_offlineSetting_FRAM
 .text.update_offlineSetting_FRAM
                0x2001bdfc      0x360 ./src/sub-systemCode/Global/OnlineTM.o
                0x2001bdfc                update_offlineSetting_FRAM
 .text.get_offlineSettingPacket
                0x2001c15c       0xc4 ./src/sub-systemCode/Global/OnlineTM.o
                0x2001c15c                get_offlineSettingPacket
 .text.get_item_by_index
                0x2001c220       0xdc ./src/sub-systemCode/Global/OnlineTM.o
                0x2001c220                get_item_by_index
 .text.get_pointer_item_by_index
                0x2001c2fc       0x48 ./src/sub-systemCode/Global/OnlineTM.o
                0x2001c2fc                get_pointer_item_by_index
 .text.init_onlineParam
                0x2001c344     0x2f08 ./src/sub-systemCode/Global/OnlineTM.o
                0x2001c344                init_onlineParam
 .text.reset_offline_TM_list
                0x2001f24c      0x184 ./src/sub-systemCode/Global/OnlineTM.o
                0x2001f24c                reset_offline_TM_list
 .text.get_online_packet
                0x2001f3d0      0x294 ./src/sub-systemCode/Global/OnlineTM.o
                0x2001f3d0                get_online_packet
 .text.save_onlineTM_param
                0x2001f664      0x1b4 ./src/sub-systemCode/Global/OnlineTM.o
                0x2001f664                save_onlineTM_param
 .text.add_onlineTM_param_to_save_list
                0x2001f818      0x3e4 ./src/sub-systemCode/Global/OnlineTM.o
                0x2001f818                add_onlineTM_param_to_save_list
 .text.delete_onlineTM_param_from_offline
                0x2001fbfc      0x1a8 ./src/sub-systemCode/Global/OnlineTM.o
                0x2001fbfc                delete_onlineTM_param_from_offline
 .text.save_onlineTM_logic
                0x2001fda4      0x2bc ./src/sub-systemCode/Global/OnlineTM.o
                0x2001fda4                save_onlineTM_logic
 .text.save_onlineTM_task
                0x20020060       0xd8 ./src/sub-systemCode/Global/OnlineTM.o
                0x20020060                save_onlineTM_task
 .text.delete_allTMFilesFromSD
                0x20020138      0x14c ./src/sub-systemCode/Global/TLM_management.o
                0x20020138                delete_allTMFilesFromSD
 .text.getNumOfFilesInFS
                0x20020284       0x44 ./src/sub-systemCode/Global/TLM_management.o
 .text.setNumOfFilesInFS
                0x200202c8       0x50 ./src/sub-systemCode/Global/TLM_management.o
 .text.f_managed_enterFS
                0x20020318       0x9c ./src/sub-systemCode/Global/TLM_management.o
                0x20020318                f_managed_enterFS
 .text.f_managed_releaseFS
                0x200203b4       0x4c ./src/sub-systemCode/Global/TLM_management.o
                0x200203b4                f_managed_releaseFS
 .text.f_managed_open
                0x20020400       0xf0 ./src/sub-systemCode/Global/TLM_management.o
                0x20020400                f_managed_open
 .text.f_managed_close
                0x200204f0       0x80 ./src/sub-systemCode/Global/TLM_management.o
                0x200204f0                f_managed_close
 .text.createSemahores_FS
                0x20020570       0x7c ./src/sub-systemCode/Global/TLM_management.o
                0x20020570                createSemahores_FS
 .text.InitializeFS
                0x200205ec      0x1bc ./src/sub-systemCode/Global/TLM_management.o
                0x200205ec                InitializeFS
 .text.c_fileCreate
                0x200207a8       0xf4 ./src/sub-systemCode/Global/TLM_management.o
                0x200207a8                c_fileCreate
 .text.writewithEpochtime
                0x2002089c       0x94 ./src/sub-systemCode/Global/TLM_management.o
 .text.get_C_FILE_struct
                0x20020930      0x104 ./src/sub-systemCode/Global/TLM_management.o
 .text.getFileIndex
                0x20020a34       0x64 ./src/sub-systemCode/Global/TLM_management.o
 .text.get_file_name_by_index
                0x20020a98       0x54 ./src/sub-systemCode/Global/TLM_management.o
                0x20020a98                get_file_name_by_index
 .text.c_fileReset
                0x20020aec      0x140 ./src/sub-systemCode/Global/TLM_management.o
                0x20020aec                c_fileReset
 .text.c_fileWrite
                0x20020c2c      0x168 ./src/sub-systemCode/Global/TLM_management.o
                0x20020c2c                c_fileWrite
 .text.deleteElementsFromFile
                0x20020d94      0x188 ./src/sub-systemCode/Global/TLM_management.o
 .text.c_fileDeleteElements
                0x20020f1c      0x168 ./src/sub-systemCode/Global/TLM_management.o
                0x20020f1c                c_fileDeleteElements
 .text.c_fileRead
                0x20021084      0x2f0 ./src/sub-systemCode/Global/TLM_management.o
                0x20021084                c_fileRead
 .text.DeInitializeFS
                0x20021374       0xe0 ./src/sub-systemCode/Global/TLM_management.o
                0x20021374                DeInitializeFS
 .text.xSemaphoreGive_extended
                0x20021454       0x48 ./src/sub-systemCode/Global/freertosExtended.o
                0x20021454                xSemaphoreGive_extended
 .text.xSemaphoreTake_extended
                0x2002149c       0x54 ./src/sub-systemCode/Global/freertosExtended.o
                0x2002149c                xSemaphoreTake_extended
 .text.WriteLog
                0x200214f0       0x94 ./src/sub-systemCode/Global/logger.o
 .text.WriteErrorLog
                0x20021584       0x64 ./src/sub-systemCode/Global/logger.o
                0x20021584                WriteErrorLog
 .text.WritePayloadLog
                0x200215e8       0x50 ./src/sub-systemCode/Global/logger.o
                0x200215e8                WritePayloadLog
 .text.WriteEpsLog
                0x20021638       0x4c ./src/sub-systemCode/Global/logger.o
                0x20021638                WriteEpsLog
 .text.WriteTransponderLog
                0x20021684       0x50 ./src/sub-systemCode/Global/logger.o
                0x20021684                WriteTransponderLog
 .text.reset_APRS_list
                0x200216d4       0xa4 ./src/sub-systemCode/COMM/APRS.o
                0x200216d4                reset_APRS_list
 .text.send_APRS_Dump
                0x20021778      0x1c0 ./src/sub-systemCode/COMM/APRS.o
                0x20021778                send_APRS_Dump
 .text.get_APRS_list
                0x20021938       0x88 ./src/sub-systemCode/COMM/APRS.o
                0x20021938                get_APRS_list
 .text.find_CMD_in_list
                0x200219c0       0x7c ./src/sub-systemCode/COMM/DelayedCommand_list.o
                0x200219c0                find_CMD_in_list
 .text.find_empty_in_list
                0x20021a3c       0x74 ./src/sub-systemCode/COMM/DelayedCommand_list.o
                0x20021a3c                find_empty_in_list
 .text.check_delayCommandTime
                0x20021ab0       0x8c ./src/sub-systemCode/COMM/DelayedCommand_list.o
                0x20021ab0                check_delayCommandTime
 .text.execute_delayedCommand
                0x20021b3c       0x8c ./src/sub-systemCode/COMM/DelayedCommand_list.o
                0x20021b3c                execute_delayedCommand
 .text.check_delaycommand
                0x20021bc8      0x17c ./src/sub-systemCode/COMM/DelayedCommand_list.o
                0x20021bc8                check_delaycommand
 .text.reset_delayCommand
                0x20021d44       0x8c ./src/sub-systemCode/COMM/DelayedCommand_list.o
                0x20021d44                reset_delayCommand
 .text.add_delayCommand
                0x20021dd0      0x1cc ./src/sub-systemCode/COMM/DelayedCommand_list.o
                0x20021dd0                add_delayCommand
 .text.get_delayCommand_list
                0x20021f9c       0x80 ./src/sub-systemCode/COMM/DelayedCommand_list.o
                0x20021f9c                get_delayCommand_list
 .text.EmptyOldestCommand
                0x2002201c      0x108 ./src/sub-systemCode/COMM/DelayedCommand_list.o
                0x2002201c                EmptyOldestCommand
 .text.decode_TCpacket
                0x20022124      0x16c ./src/sub-systemCode/COMM/GSC.o
                0x20022124                decode_TCpacket
 .text.encode_TCpacket
                0x20022290      0x114 ./src/sub-systemCode/COMM/GSC.o
                0x20022290                encode_TCpacket
 .text.encode_TMpacket
                0x200223a4      0x104 ./src/sub-systemCode/COMM/GSC.o
                0x200223a4                encode_TMpacket
 .text.build_raw_ACK
                0x200224a8       0xbc ./src/sub-systemCode/COMM/GSC.o
                0x200224a8                build_raw_ACK
 .text.build_data_field_ACK
                0x20022564       0x74 ./src/sub-systemCode/COMM/GSC.o
                0x20022564                build_data_field_ACK
 .text.update_FRAM_bitRate
                0x200225d8       0xd0 ./src/sub-systemCode/COMM/TRXVU.o
                0x200225d8                update_FRAM_bitRate
 .text.toggle_idle_state
                0x200226a8       0x94 ./src/sub-systemCode/COMM/TRXVU.o
                0x200226a8                toggle_idle_state
 .text.TRXVU_init_hardWare
                0x2002273c       0xac ./src/sub-systemCode/COMM/TRXVU.o
                0x2002273c                TRXVU_init_hardWare
 .text.TRXVU_init_softWare
                0x200227e8      0x100 ./src/sub-systemCode/COMM/TRXVU.o
                0x200227e8                TRXVU_init_softWare
 .text.init_trxvu
                0x200228e8       0x14 ./src/sub-systemCode/COMM/TRXVU.o
                0x200228e8                init_trxvu
 .text.TRXVU_task
                0x200228fc       0x9c ./src/sub-systemCode/COMM/TRXVU.o
                0x200228fc                TRXVU_task
 .text.dump_logic
                0x20022998      0x390 ./src/sub-systemCode/COMM/TRXVU.o
                0x20022998                dump_logic
 .text.Dump_task
                0x20022d28      0x17c ./src/sub-systemCode/COMM/TRXVU.o
                0x20022d28                Dump_task
 .text.transponder_logic
                0x20022ea4       0xf8 ./src/sub-systemCode/COMM/TRXVU.o
                0x20022ea4                transponder_logic
 .text.Transponder_task
                0x20022f9c      0x224 ./src/sub-systemCode/COMM/TRXVU.o
                0x20022f9c                Transponder_task
 .text.lookForRequestToDelete_transponder
                0x200231c0       0xc0 ./src/sub-systemCode/COMM/TRXVU.o
                0x200231c0                lookForRequestToDelete_transponder
 .text.lookForRequestToDelete_dump
                0x20023280       0x80 ./src/sub-systemCode/COMM/TRXVU.o
                0x20023280                lookForRequestToDelete_dump
 .text.sendRequestToStop_dump
                0x20023300       0x8c ./src/sub-systemCode/COMM/TRXVU.o
                0x20023300                sendRequestToStop_dump
 .text.sendRequestToStop_transponder
                0x2002338c       0x8c ./src/sub-systemCode/COMM/TRXVU.o
                0x2002338c                sendRequestToStop_transponder
 .text.Rx_logic
                0x20023418      0x190 ./src/sub-systemCode/COMM/TRXVU.o
                0x20023418                Rx_logic
 .text.pass_above_Ground
                0x200235a8      0x104 ./src/sub-systemCode/COMM/TRXVU.o
                0x200235a8                pass_above_Ground
 .text.check_TRXVUState
                0x200236ac       0xf0 ./src/sub-systemCode/COMM/TRXVU.o
                0x200236ac                check_TRXVUState
 .text.trxvu_logic
                0x2002379c       0x20 ./src/sub-systemCode/COMM/TRXVU.o
                0x2002379c                trxvu_logic
 .text.Beacon_task
                0x200237bc      0x17c ./src/sub-systemCode/COMM/TRXVU.o
                0x200237bc                Beacon_task
 .text.buildAndSend_beacon
                0x20023938      0x5a0 ./src/sub-systemCode/COMM/TRXVU.o
                0x20023938                buildAndSend_beacon
 .text.reset_FRAM_TRXVU
                0x20023ed8      0x160 ./src/sub-systemCode/COMM/TRXVU.o
                0x20023ed8                reset_FRAM_TRXVU
 .text.TRX_sendFrame
                0x20024038      0x1ac ./src/sub-systemCode/COMM/TRXVU.o
                0x20024038                TRX_sendFrame
 .text.TRX_getFrameData
                0x200241e4      0x10c ./src/sub-systemCode/COMM/TRXVU.o
                0x200241e4                TRX_getFrameData
 .text.mute_Tx  0x200242f0       0x20 ./src/sub-systemCode/COMM/TRXVU.o
                0x200242f0                mute_Tx
 .text.unmute_Tx
                0x20024310       0x58 ./src/sub-systemCode/COMM/TRXVU.o
                0x20024310                unmute_Tx
 .text.check_time_off_mute
                0x20024368       0x88 ./src/sub-systemCode/COMM/TRXVU.o
                0x20024368                check_time_off_mute
 .text.set_mute_time
                0x200243f0       0xb4 ./src/sub-systemCode/COMM/TRXVU.o
                0x200243f0                set_mute_time
 .text.change_TRXVU_state
                0x200244a4       0xe0 ./src/sub-systemCode/COMM/TRXVU.o
                0x200244a4                change_TRXVU_state
 .text.change_trans_RSSI
                0x20024584       0x60 ./src/sub-systemCode/COMM/TRXVU.o
                0x20024584                change_trans_RSSI
 .text.AdcsReadI2cAck
                0x200245e4       0xfc ./src/sub-systemCode/ADCS/AdcsCommands.o
                0x200245e4                AdcsReadI2cAck
 .text.AdcsGenericI2cCmd
                0x200246e0      0x198 ./src/sub-systemCode/ADCS/AdcsCommands.o
                0x200246e0                AdcsGenericI2cCmd
 .text.SendAdcsTlm
                0x20024878      0x14c ./src/sub-systemCode/ADCS/AdcsCommands.o
                0x20024878                SendAdcsTlm
 .text.AdcsExecuteCommand
                0x200249c4     0x1e2c ./src/sub-systemCode/ADCS/AdcsCommands.o
                0x200249c4                AdcsExecuteCommand
 .text.cspaceADCS_getEstimatedAngles
                0x200267f0       0x98 ./src/sub-systemCode/ADCS/AdcsGetDataAndTlm.o
                0x200267f0                cspaceADCS_getEstimatedAngles
 .text.cspaceADCS_getEstimatedAnglesRates
                0x20026888       0x98 ./src/sub-systemCode/ADCS/AdcsGetDataAndTlm.o
                0x20026888                cspaceADCS_getEstimatedAnglesRates
 .text.cspaceADCS_getSatellitePosition
                0x20026920       0x98 ./src/sub-systemCode/ADCS/AdcsGetDataAndTlm.o
                0x20026920                cspaceADCS_getSatellitePosition
 .text.InitTlmElements
                0x200269b8      0x238 ./src/sub-systemCode/ADCS/AdcsGetDataAndTlm.o
                0x200269b8                InitTlmElements
 .text.CreateTlmElementFiles
                0x20026bf0      0x178 ./src/sub-systemCode/ADCS/AdcsGetDataAndTlm.o
                0x20026bf0                CreateTlmElementFiles
 .text.SaveElementTlmAtIndex
                0x20026d68      0x4ec ./src/sub-systemCode/ADCS/AdcsGetDataAndTlm.o
                0x20026d68                SaveElementTlmAtIndex
 .text.UpdateTlmElementAtIndex
                0x20027254      0x150 ./src/sub-systemCode/ADCS/AdcsGetDataAndTlm.o
                0x20027254                UpdateTlmElementAtIndex
 .text.UpdateTlmToSaveVector
                0x200273a4       0xc8 ./src/sub-systemCode/ADCS/AdcsGetDataAndTlm.o
                0x200273a4                UpdateTlmToSaveVector
 .text.UpdateTlmPeriodVector
                0x2002746c      0x120 ./src/sub-systemCode/ADCS/AdcsGetDataAndTlm.o
                0x2002746c                UpdateTlmPeriodVector
 .text.AdcsGetTlmOverrideFlag
                0x2002758c       0x5c ./src/sub-systemCode/ADCS/AdcsGetDataAndTlm.o
                0x2002758c                AdcsGetTlmOverrideFlag
 .text.AdcsSetTlmOverrideFlag
                0x200275e8       0x9c ./src/sub-systemCode/ADCS/AdcsGetDataAndTlm.o
                0x200275e8                AdcsSetTlmOverrideFlag
 .text.RestoreDefaultTlmElement
                0x20027684      0x1ec ./src/sub-systemCode/ADCS/AdcsGetDataAndTlm.o
                0x20027684                RestoreDefaultTlmElement
 .text.GetTlmElementAtIndex
                0x20027870       0x80 ./src/sub-systemCode/ADCS/AdcsGetDataAndTlm.o
                0x20027870                GetTlmElementAtIndex
 .text.GatherTlmAndData
                0x200278f0       0xec ./src/sub-systemCode/ADCS/AdcsGetDataAndTlm.o
                0x200278f0                GatherTlmAndData
 .text.UpdateAdcsFramParameters
                0x200279dc      0x124 ./src/sub-systemCode/ADCS/AdcsMain.o
                0x200279dc                UpdateAdcsFramParameters
 .text.AdcsInit
                0x20027b00      0x168 ./src/sub-systemCode/ADCS/AdcsMain.o
                0x20027b00                AdcsInit
 .text.AdcsTask
                0x20027c68      0x110 ./src/sub-systemCode/ADCS/AdcsMain.o
                0x20027c68                AdcsTask
 .text.AdcsTroubleShooting
                0x20027d78       0x88 ./src/sub-systemCode/ADCS/AdcsTroubleShooting.o
                0x20027d78                AdcsTroubleShooting
 .text.UpdateAdcsStateMachine
                0x20027e00       0x1c ./src/sub-systemCode/ADCS/StateMachine.o
                0x20027e00                UpdateAdcsStateMachine
 .text.save_time
                0x20027e1c       0x9c ./src/main.o
                0x20027e1c                save_time
 .text.Command_logic
                0x20027eb8       0x6c ./src/main.o
                0x20027eb8                Command_logic
 .text.taskMain
                0x20027f24       0x6c ./src/main.o
                0x20027f24                taskMain
 .text.main     0x20027f90       0xc4 ./src/main.o
                0x20027f90                main
 .text.GomEpsInitialize
                0x20028054      0x148 C:/ISIS/workspace/HOOPOE3/satellite-subsystems/demo/..//satellite-subsystems/lib\libSatelliteSubsystemsD.a(GomEPS.o)
                0x20028054                GomEpsInitialize
 .text.makeEPStransfer
                0x2002819c       0x3c C:/ISIS/workspace/HOOPOE3/satellite-subsystems/demo/..//satellite-subsystems/lib\libSatelliteSubsystemsD.a(GomEPS.o)
 .text.GomEpsPing
                0x200281d8       0xf8 C:/ISIS/workspace/HOOPOE3/satellite-subsystems/demo/..//satellite-subsystems/lib\libSatelliteSubsystemsD.a(GomEPS.o)
                0x200281d8                GomEpsPing
 .text.GomEpsSoftReset
                0x200282d0       0xc4 C:/ISIS/workspace/HOOPOE3/satellite-subsystems/demo/..//satellite-subsystems/lib\libSatelliteSubsystemsD.a(GomEPS.o)
                0x200282d0                GomEpsSoftReset
 .text.GomEpsHardReset
                0x20028394       0xa8 C:/ISIS/workspace/HOOPOE3/satellite-subsystems/demo/..//satellite-subsystems/lib\libSatelliteSubsystemsD.a(GomEPS.o)
                0x20028394                GomEpsHardReset
 .text.GomEpsGetHkData_param
                0x2002843c      0x29c C:/ISIS/workspace/HOOPOE3/satellite-subsystems/demo/..//satellite-subsystems/lib\libSatelliteSubsystemsD.a(GomEPS.o)
                0x2002843c                GomEpsGetHkData_param
 .text.GomEpsGetHkData_general
                0x200286d8      0x45c C:/ISIS/workspace/HOOPOE3/satellite-subsystems/demo/..//satellite-subsystems/lib\libSatelliteSubsystemsD.a(GomEPS.o)
                0x200286d8                GomEpsGetHkData_general
 .text.GomEpsGetHkData_vi
                0x20028b34      0x188 C:/ISIS/workspace/HOOPOE3/satellite-subsystems/demo/..//satellite-subsystems/lib\libSatelliteSubsystemsD.a(GomEPS.o)
                0x20028b34                GomEpsGetHkData_vi
 .text.GomEpsGetHkData_out
                0x20028cbc      0x21c C:/ISIS/workspace/HOOPOE3/satellite-subsystems/demo/..//satellite-subsystems/lib\libSatelliteSubsystemsD.a(GomEPS.o)
                0x20028cbc                GomEpsGetHkData_out
 .text.GomEpsGetHkData_wdt
                0x20028ed8      0x2b4 C:/ISIS/workspace/HOOPOE3/satellite-subsystems/demo/..//satellite-subsystems/lib\libSatelliteSubsystemsD.a(GomEPS.o)
                0x20028ed8                GomEpsGetHkData_wdt
 .text.GomEpsGetHkData_basic
                0x2002918c      0x22c C:/ISIS/workspace/HOOPOE3/satellite-subsystems/demo/..//satellite-subsystems/lib\libSatelliteSubsystemsD.a(GomEPS.o)
                0x2002918c                GomEpsGetHkData_basic
 .text.GomEpsSetOutput
                0x200293b8       0xbc C:/ISIS/workspace/HOOPOE3/satellite-subsystems/demo/..//satellite-subsystems/lib\libSatelliteSubsystemsD.a(GomEPS.o)
                0x200293b8                GomEpsSetOutput
 .text.GomEpsResetWDT
                0x20029474       0xc4 C:/ISIS/workspace/HOOPOE3/satellite-subsystems/demo/..//satellite-subsystems/lib\libSatelliteSubsystemsD.a(GomEPS.o)
                0x20029474                GomEpsResetWDT
 .text.GomEpsConfigGet
                0x20029538      0x16c C:/ISIS/workspace/HOOPOE3/satellite-subsystems/demo/..//satellite-subsystems/lib\libSatelliteSubsystemsD.a(GomEPS.o)
                0x20029538                GomEpsConfigGet
 .text.GomEpsConfigSet
                0x200296a4      0x184 C:/ISIS/workspace/HOOPOE3/satellite-subsystems/demo/..//satellite-subsystems/lib\libSatelliteSubsystemsD.a(GomEPS.o)
                0x200296a4                GomEpsConfigSet
 .text.GomEpsConfig2Get
                0x20029828      0x16c C:/ISIS/workspace/HOOPOE3/satellite-subsystems/demo/..//satellite-subsystems/lib\libSatelliteSubsystemsD.a(GomEPS.o)
                0x20029828                GomEpsConfig2Get
 .text.makeAntStransfer
                0x20029994       0x4c C:/ISIS/workspace/HOOPOE3/satellite-subsystems/demo/..//satellite-subsystems/lib\libSatelliteSubsystemsD.a(IsisAntS.o)
 .text.checkInputsValid
                0x200299e0       0x7c C:/ISIS/workspace/HOOPOE3/satellite-subsystems/demo/..//satellite-subsystems/lib\libSatelliteSubsystemsD.a(IsisAntS.o)
 .text.IsisAntS_initialize
                0x20029a5c      0x26c C:/ISIS/workspace/HOOPOE3/satellite-subsystems/demo/..//satellite-subsystems/lib\libSatelliteSubsystemsD.a(IsisAntS.o)
                0x20029a5c                IsisAntS_initialize
 .text.IsisAntS_setArmStatus
                0x20029cc8      0x104 C:/ISIS/workspace/HOOPOE3/satellite-subsystems/demo/..//satellite-subsystems/lib\libSatelliteSubsystemsD.a(IsisAntS.o)
                0x20029cc8                IsisAntS_setArmStatus
 .text.IsisAntS_getStatusData
                0x20029dcc      0x120 C:/ISIS/workspace/HOOPOE3/satellite-subsystems/demo/..//satellite-subsystems/lib\libSatelliteSubsystemsD.a(IsisAntS.o)
                0x20029dcc                IsisAntS_getStatusData
 .text.IsisAntS_getTemperature
                0x20029eec      0x120 C:/ISIS/workspace/HOOPOE3/satellite-subsystems/demo/..//satellite-subsystems/lib\libSatelliteSubsystemsD.a(IsisAntS.o)
                0x20029eec                IsisAntS_getTemperature
 .text.IsisAntS_getAlltelemetry
                0x2002a00c      0x120 C:/ISIS/workspace/HOOPOE3/satellite-subsystems/demo/..//satellite-subsystems/lib\libSatelliteSubsystemsD.a(IsisAntS.o)
                0x2002a00c                IsisAntS_getAlltelemetry
 .text.IsisAntS_reset
                0x2002a12c      0x104 C:/ISIS/workspace/HOOPOE3/satellite-subsystems/demo/..//satellite-subsystems/lib\libSatelliteSubsystemsD.a(IsisAntS.o)
                0x2002a12c                IsisAntS_reset
 .text.IsisSolarPanelv2_initialize
                0x2002a230       0xb4 C:/ISIS/workspace/HOOPOE3/satellite-subsystems/demo/..//satellite-subsystems/lib\libSatelliteSubsystemsD.a(IsisSolarPanelv2.o)
                0x2002a230                IsisSolarPanelv2_initialize
 .text.IsisSolarPanelv2_getTemperature
                0x2002a2e4       0xc8 C:/ISIS/workspace/HOOPOE3/satellite-subsystems/demo/..//satellite-subsystems/lib\libSatelliteSubsystemsD.a(IsisSolarPanelv2.o)
                0x2002a2e4                IsisSolarPanelv2_getTemperature
 .text.IsisSolarPanelv2_sleep
                0x2002a3ac       0xbc C:/ISIS/workspace/HOOPOE3/satellite-subsystems/demo/..//satellite-subsystems/lib\libSatelliteSubsystemsD.a(IsisSolarPanelv2.o)