Archive member included because of file (symbol)

c:/isis/application/toolchain/bin/../lib/gcc/arm-none-eabi/4.7.4/../../../../arm-none-eabi/lib\libc_s.a(lib_a-vfprintf_float.o)
                              (_printf_float)
c:/isis/application/toolchain/bin/../lib/gcc/arm-none-eabi/4.7.4/../../../../arm-none-eabi/lib\libc_s.a(lib_a-vfprintf_i.o)
                              c:/isis/application/toolchain/bin/../lib/gcc/arm-none-eabi/4.7.4/../../../../arm-none-eabi/lib\libc_s.a(lib_a-vfprintf_float.o) (_printf_common)
c:/isis/application/toolchain/bin/../lib/gcc/arm-none-eabi/4.7.4/../../../../arm-none-eabi/lib\libc_s.a(lib_a-vfscanf_float.o)
                              (_scanf_float)
c:/isis/application/toolchain/bin/../lib/gcc/arm-none-eabi/4.7.4/../../../../arm-none-eabi/lib\libc_s.a(lib_a-dtoa.o)
                              c:/isis/application/toolchain/bin/../lib/gcc/arm-none-eabi/4.7.4/../../../../arm-none-eabi/lib\libc_s.a(lib_a-vfprintf_float.o) (_dtoa_r)
c:/isis/application/toolchain/bin/../lib/gcc/arm-none-eabi/4.7.4/../../../../arm-none-eabi/lib\libc_s.a(lib_a-locale.o)
                              c:/isis/application/toolchain/bin/../lib/gcc/arm-none-eabi/4.7.4/../../../../arm-none-eabi/lib\libc_s.a(lib_a-vfprintf_float.o) (_localeconv_r)
c:/isis/application/toolchain/bin/../lib/gcc/arm-none-eabi/4.7.4/../../../../arm-none-eabi/lib\libc_s.a(lib_a-malloc.o)
                              c:/isis/application/toolchain/bin/../lib/gcc/arm-none-eabi/4.7.4/../../../../arm-none-eabi/lib\libc_s.a(lib_a-dtoa.o) (malloc)
c:/isis/application/toolchain/bin/../lib/gcc/arm-none-eabi/4.7.4/../../../../arm-none-eabi/lib\libc_s.a(lib_a-mallocr.o)
                              c:/isis/application/toolchain/bin/../lib/gcc/arm-none-eabi/4.7.4/../../../../arm-none-eabi/lib\libc_s.a(lib_a-malloc.o) (_malloc_r)
c:/isis/application/toolchain/bin/../lib/gcc/arm-none-eabi/4.7.4/../../../../arm-none-eabi/lib\libc_s.a(lib_a-memcpy.o)
                              c:/isis/application/toolchain/bin/../lib/gcc/arm-none-eabi/4.7.4/../../../../arm-none-eabi/lib\libc_s.a(lib_a-dtoa.o) (memcpy)
c:/isis/application/toolchain/bin/../lib/gcc/arm-none-eabi/4.7.4/../../../../arm-none-eabi/lib\libc_s.a(lib_a-mprec.o)
                              c:/isis/application/toolchain/bin/../lib/gcc/arm-none-eabi/4.7.4/../../../../arm-none-eabi/lib\libc_s.a(lib_a-dtoa.o) (_Balloc)
c:/isis/application/toolchain/bin/../lib/gcc/arm-none-eabi/4.7.4/../../../../arm-none-eabi/lib\libc_s.a(lib_a-s_fpclassify.o)
                              c:/isis/application/toolchain/bin/../lib/gcc/arm-none-eabi/4.7.4/../../../../arm-none-eabi/lib\libc_s.a(lib_a-vfprintf_float.o) (__fpclassifyd)
c:/isis/application/toolchain/bin/../lib/gcc/arm-none-eabi/4.7.4/../../../../arm-none-eabi/lib\libc_s.a(lib_a-sbrkr.o)
                              c:/isis/application/toolchain/bin/../lib/gcc/arm-none-eabi/4.7.4/../../../../arm-none-eabi/lib\libc_s.a(lib_a-mallocr.o) (_sbrk_r)
c:/isis/application/toolchain/bin/../lib/gcc/arm-none-eabi/4.7.4/../../../../arm-none-eabi/lib\libc_s.a(lib_a-sf_nan.o)
                              c:/isis/application/toolchain/bin/../lib/gcc/arm-none-eabi/4.7.4/../../../../arm-none-eabi/lib\libc_s.a(lib_a-vfscanf_float.o) (nanf)
c:/isis/application/toolchain/bin/../lib/gcc/arm-none-eabi/4.7.4/../../../../arm-none-eabi/lib\libc_s.a(lib_a-sprintf.o)
                              c:/isis/application/toolchain/bin/../lib/gcc/arm-none-eabi/4.7.4/../../../../arm-none-eabi/lib\libc_s.a(lib_a-vfscanf_float.o) (sprintf)
c:/isis/application/toolchain/bin/../lib/gcc/arm-none-eabi/4.7.4/../../../../arm-none-eabi/lib\libc_s.a(lib_a-strcmp.o)
                              c:/isis/application/toolchain/bin/../lib/gcc/arm-none-eabi/4.7.4/../../../../arm-none-eabi/lib\libc_s.a(lib_a-locale.o) (strcmp)
c:/isis/application/toolchain/bin/../lib/gcc/arm-none-eabi/4.7.4/../../../../arm-none-eabi/lib\libc_s.a(lib_a-strlen.o)
                              c:/isis/application/toolchain/bin/../lib/gcc/arm-none-eabi/4.7.4/../../../../arm-none-eabi/lib\libc_s.a(lib_a-vfprintf_float.o) (strlen)
c:/isis/application/toolchain/bin/../lib/gcc/arm-none-eabi/4.7.4/../../../../arm-none-eabi/lib\libc_s.a(lib_a-strtod.o)
                              c:/isis/application/toolchain/bin/../lib/gcc/arm-none-eabi/4.7.4/../../../../arm-none-eabi/lib\libc_s.a(lib_a-vfscanf_float.o) (_strtod_r)
c:/isis/application/toolchain/bin/../lib/gcc/arm-none-eabi/4.7.4/../../../../arm-none-eabi/lib\libc_s.a(lib_a-strtol.o)
                              c:/isis/application/toolchain/bin/../lib/gcc/arm-none-eabi/4.7.4/../../../../arm-none-eabi/lib\libc_s.a(lib_a-vfscanf_float.o) (_strtol_r)
c:/isis/application/toolchain/bin/../lib/gcc/arm-none-eabi/4.7.4/../../../../arm-none-eabi/lib\libc_s.a(lib_a-svfprintf.o)
                              c:/isis/application/toolchain/bin/../lib/gcc/arm-none-eabi/4.7.4/../../../../arm-none-eabi/lib\libc_s.a(lib_a-sprintf.o) (_svfprintf_r)
[...]
Memory Configuration

Name             Origin             Length             Attributes
sram0            0x00200000         0x00004000         w !xr
sram1            0x00300000         0x00004000         w !xr
sdram            0x20000000         0x02000000         w !xr
*default*        0x00000000         0xffffffff

Linker script and memory map

LOAD c:/isis/application/toolchain/bin/../lib/gcc/arm-none-eabi/4.7.4/../../../../arm-none-eabi/lib\libc_s.a
LOAD ./src/sub-systemCode/Main/CMD/COMM_CMD.o
LOAD ./src/sub-systemCode/Main/CMD/EPS_CMD.o
LOAD ./src/sub-systemCode/Main/CMD/General_CMD.o
LOAD ./src/sub-systemCode/Main/CMD/SW_CMD.o
LOAD ./src/sub-systemCode/Main/CMD/payload_CMD.o
LOAD ./src/sub-systemCode/Main/CMD/test_CMD.o
LOAD ./src/sub-systemCode/Main/Ants.o
LOAD ./src/sub-systemCode/Main/EPS.o
LOAD ./src/sub-systemCode/Main/HouseKeeping.o
LOAD ./src/sub-systemCode/Main/Main_Init.o
LOAD ./src/sub-systemCode/Main/commands.o
LOAD ./src/sub-systemCode/Global/Global.o
LOAD ./src/sub-systemCode/Global/GlobalParam.o
LOAD ./src/sub-systemCode/Global/TM_managment.o
LOAD ./src/sub-systemCode/COMM/APRS.o
LOAD ./src/sub-systemCode/COMM/DelayedCommand_list.o
LOAD ./src/sub-systemCode/COMM/GSC.o
LOAD ./src/sub-systemCode/COMM/TRXVU.o
LOAD ./src/sub-systemCode/ADCS/ADCS.o
LOAD ./src/sub-systemCode/ADCS/Stage_Table.o
LOAD ./src/main.o
LOAD C:/Hoopoe3/satellite-subsystems/demo/..//satellite-subsystems/lib\libSatelliteSubsystemsD.a
LOAD c:/isis/application/toolchain/bin/../lib/gcc/arm-none-eabi/4.7.4/../../../../arm-none-eabi/lib\libm.a
LOAD C:/Hoopoe3/satellite-subsystems/demo/../..//hal/hcc/lib\libHCCD.a
LOAD C:/Hoopoe3/satellite-subsystems/demo/../..//hal/hal/lib\libHALD.a
LOAD C:/Hoopoe3/satellite-subsystems/demo/../..//hal/freertos/lib\libFreeRTOSD.a
LOAD C:/Hoopoe3/satellite-subsystems/demo/../..//hal/at91/lib\libAt91D.a
START GROUP
LOAD c:/isis/application/toolchain/bin/../lib/gcc/arm-none-eabi/4.7.4\libgcc.a
LOAD c:/isis/application/toolchain/bin/../lib/gcc/arm-none-eabi/4.7.4/../../../../arm-none-eabi/lib\libc_s.a
END GROUP

.fixed          0x20000000    0x3c1e4
                0x20000000                . = ALIGN (0x4)
                0x20000000                _sfixed = .
 *(.startup)
 .startup       0x20000000      0x134 C:/Hoopoe3/satellite-subsystems/demo/../..//hal/at91/lib\libAt91D.a(board_cstartup.o)
                0x20000000                entry
 *(.text)
 .text          0x20000134       0x64 C:/Hoopoe3/satellite-subsystems/demo/../..//hal/at91/lib\libAt91D.a(cp15_asm.o)
                0x20000134                _readControlRegister
                0x20000140                _writeControlRegister
                0x20000148                _waitForInterrupt
                0x20000154                _writeTTB
                0x2000015c                _writeDomain
                0x20000164                _writeITLBLockdown
                0x2000016c                _prefetchICacheLine
                0x20000174                _flushDCache
                0x20000180                _flushWriteBuffer
                0x2000018c                _invalidateIDTLBs
 .text          0x20000198      0x114 c:/isis/application/toolchain/bin/../lib/gcc/arm-none-eabi/4.7.4\libgcc.a(_udivsi3.o)
                0x20000198                __aeabi_uidiv
                0x20000198                __udivsi3
                0x2000028c                __aeabi_uidivmod
 .text          0x200002ac      0x148 c:/isis/application/toolchain/bin/../lib/gcc/arm-none-eabi/4.7.4\libgcc.a(_divsi3.o)
                0x200002ac                __divsi3
                0x200002ac                __aeabi_idiv
                0x200003d4                __aeabi_idivmod
 .text          0x200003f4        0x4 c:/isis/application/toolchain/bin/../lib/gcc/arm-none-eabi/4.7.4\libgcc.a(_dvmd_tls.o)
                0x200003f4                __aeabi_idiv0
                0x200003f4                __aeabi_ldiv0
 .text          0x200003f8      0x41c c:/isis/application/toolchain/bin/../lib/gcc/arm-none-eabi/4.7.4\libgcc.a(_arm_addsubdf3.o)
                0x200003f8                __aeabi_drsub
                0x20000400                __aeabi_dsub
                0x20000400                __subdf3
                0x20000404                __aeabi_dadd
                0x20000404                __adddf3
                0x20000714                __floatunsidf
                0x20000714                __aeabi_ui2d
                0x20000738                __floatsidf
                0x20000738                __aeabi_i2d
                0x20000760                __aeabi_f2d
                0x20000760                __extendsfdf2
                0x200007a0                __floatundidf
                0x200007a0                __aeabi_ul2d
                0x200007b4                __floatdidf
                0x200007b4                __aeabi_l2d
 .text          0x20000814      0x49c c:/isis/application/toolchain/bin/../lib/gcc/arm-none-eabi/4.7.4\libgcc.a(_arm_muldivdf3.o)
                0x20000814                __aeabi_dmul
                0x20000814                __muldf3
                0x20000aa4                __divdf3
                0x20000aa4                __aeabi_ddiv
 .text          0x20000cb0      0x144 c:/isis/application/toolchain/bin/../lib/gcc/arm-none-eabi/4.7.4\libgcc.a(_arm_cmpdf2.o)
                0x20000cb0                __gtdf2
                0x20000cb0                __gedf2
                0x20000cb8                __ltdf2
                0x20000cb8                __ledf2
                0x20000cc0                __nedf2
                0x20000cc0                __eqdf2
                0x20000cc0                __cmpdf2
                0x20000d48                __aeabi_cdrcmple
                0x20000d64                __aeabi_cdcmpeq
                0x20000d64                __aeabi_cdcmple
                0x20000d7c                __aeabi_dcmpeq
                0x20000d94                __aeabi_dcmplt
                0x20000dac                __aeabi_dcmple
                0x20000dc4                __aeabi_dcmpge
                0x20000ddc                __aeabi_dcmpgt
 .text          0x20000df4       0x5c c:/isis/application/toolchain/bin/../lib/gcc/arm-none-eabi/4.7.4\libgcc.a(_arm_fixdfsi.o)
                0x20000df4                __aeabi_d2iz
                0x20000df4                __fixdfsi
 .text          0x20000e50       0x54 c:/isis/application/toolchain/bin/../lib/gcc/arm-none-eabi/4.7.4\libgcc.a(_arm_fixunsdfsi.o)
                0x20000e50                __aeabi_d2uiz
                0x20000e50                __fixunsdfsi
 .text          0x20000ea4       0xa0 c:/isis/application/toolchain/bin/../lib/gcc/arm-none-eabi/4.7.4\libgcc.a(_arm_truncdfsf2.o)
                0x20000ea4                __truncdfsf2
                0x20000ea4                __aeabi_d2f
 .text          0x20000f44      0x2ac c:/isis/application/toolchain/bin/../lib/gcc/arm-none-eabi/4.7.4\libgcc.a(_arm_addsubsf3.o)
                0x20000f44                __aeabi_frsub
                0x20000f4c                __subsf3
                0x20000f4c                __aeabi_fsub
                0x20000f50                __aeabi_fadd
                0x20000f50                __addsf3
                0x2000110c                __aeabi_ui2f
                0x2000110c                __floatunsisf
                0x20001114                __aeabi_i2f
                0x20001114                __floatsisf
                0x20001134                __aeabi_ul2f
                0x20001134                __floatundisf
                0x20001144                __aeabi_l2f
                0x20001144                __floatdisf
 .text          0x200011f0      0x2f8 c:/isis/application/toolchain/bin/../lib/gcc/arm-none-eabi/4.7.4\libgcc.a(_arm_muldivsf3.o)
                0x200011f0                __mulsf3
                0x200011f0                __aeabi_fmul
                0x20001388                __aeabi_fdiv
                0x20001388                __divsf3
 .text          0x200014e8       0x5c c:/isis/application/toolchain/bin/../lib/gcc/arm-none-eabi/4.7.4\libgcc.a(_arm_fixsfsi.o)
                0x200014e8                __aeabi_f2iz
                0x200014e8                __fixsfsi
 .text          0x20001544       0x54 c:/isis/application/toolchain/bin/../lib/gcc/arm-none-eabi/4.7.4\libgcc.a(_arm_fixunssfsi.o)
                0x20001544                __fixunssfsi
                0x20001544                __aeabi_f2uiz
 *(.text*)
 .text.__cvt    0x20001598      0x138 c:/isis/application/toolchain/bin/../lib/gcc/arm-none-eabi/4.7.4/../../../../arm-none-eabi/lib\libc_s.a(lib_a-vfprintf_float.o)
                0x20001598                __cvt
 .text.__exponent
                0x200016d0       0xa8 c:/isis/application/toolchain/bin/../lib/gcc/arm-none-eabi/4.7.4/../../../../arm-none-eabi/lib\libc_s.a(lib_a-vfprintf_float.o)
                0x200016d0                __exponent
 .text._printf_float
                0x20001778      0x7dc c:/isis/application/toolchain/bin/../lib/gcc/arm-none-eabi/4.7.4/../../../../arm-none-eabi/lib\libc_s.a(lib_a-vfprintf_float.o)
                0x20001778                _printf_float
 .text._printf_common
                0x20001f54      0x174 c:/isis/application/toolchain/bin/../lib/gcc/arm-none-eabi/4.7.4/../../../../arm-none-eabi/lib\libc_s.a(lib_a-vfprintf_i.o)
                0x20001f54                _printf_common
 .text._printf_i
                0x200020c8      0x3c4 c:/isis/application/toolchain/bin/../lib/gcc/arm-none-eabi/4.7.4/../../../../arm-none-eabi/lib\libc_s.a(lib_a-vfprintf_i.o)
                0x200020c8                _printf_i
 .text._scanf_float
                0x2000248c      0x5f4 c:/isis/application/toolchain/bin/../lib/gcc/arm-none-eabi/4.7.4/../../../../arm-none-eabi/lib\libc_s.a(lib_a-vfscanf_float.o)
                0x2000248c                _scanf_float
 .text.quorem   0x20002a80      0x1ac c:/isis/application/toolchain/bin/../lib/gcc/arm-none-eabi/4.7.4/../../../../arm-none-eabi/lib\libc_s.a(lib_a-dtoa.o)
 .text._dtoa_r  0x20002c2c     0x1268 c:/isis/application/toolchain/bin/../lib/gcc/arm-none-eabi/4.7.4/../../../../arm-none-eabi/lib\libc_s.a(lib_a-dtoa.o)
                0x20002c2c                _dtoa_r
 .text._localeconv_r
                0x20003e94        0xc c:/isis/application/toolchain/bin/../lib/gcc/arm-none-eabi/4.7.4/../../../../arm-none-eabi/lib\libc_s.a(lib_a-locale.o)
                0x20003e94                _localeconv_r
 .text.malloc   0x20003ea0       0x20 c:/isis/application/toolchain/bin/../lib/gcc/arm-none-eabi/4.7.4/../../../../arm-none-eabi/lib\libc_s.a(lib_a-malloc.o)
                0x20003ea0                malloc
 .text.free     0x20003ec0       0x20 c:/isis/application/toolchain/bin/../lib/gcc/arm-none-eabi/4.7.4/../../../../arm-none-eabi/lib\libc_s.a(lib_a-malloc.o)
                0x20003ec0                free
 .text._malloc_r
                0x20003ee0       0xfc c:/isis/application/toolchain/bin/../lib/gcc/arm-none-eabi/4.7.4/../../../../arm-none-eabi/lib\libc_s.a(lib_a-mallocr.o)
                0x20003ee0                _malloc_r
 .text.memcpy   0x20003fdc       0x20 c:/isis/application/toolchain/bin/../lib/gcc/arm-none-eabi/4.7.4/../../../../arm-none-eabi/lib\libc_s.a(lib_a-memcpy.o)
                0x20003fdc                memcpy
 .text._Balloc  0x20003ffc       0xcc c:/isis/application/toolchain/bin/../lib/gcc/arm-none-eabi/4.7.4/../../../../arm-none-eabi/lib\libc_s.a(lib_a-mprec.o)
                0x20003ffc                _Balloc
 .text._Bfree   0x200040c8       0x5c c:/isis/application/toolchain/bin/../lib/gcc/arm-none-eabi/4.7.4/../../../../arm-none-eabi/lib\libc_s.a(lib_a-mprec.o)
                0x200040c8                _Bfree
 .text.__multadd
                0x20004124       0xbc c:/isis/application/toolchain/bin/../lib/gcc/arm-none-eabi/4.7.4/../../../../arm-none-eabi/lib\libc_s.a(lib_a-mprec.o)
                0x20004124                __multadd
 .text.__s2b    0x200041e0       0xd8 c:/isis/application/toolchain/bin/../lib/gcc/arm-none-eabi/4.7.4/../../../../arm-none-eabi/lib\libc_s.a(lib_a-mprec.o)
                0x200041e0                __s2b
 .text.__hi0bits
                0x200042b8       0x58 c:/isis/application/toolchain/bin/../lib/gcc/arm-none-eabi/4.7.4/../../../../arm-none-eabi/lib\libc_s.a(lib_a-mprec.o)
                0x200042b8                __hi0bits
 .text.__lo0bits
                0x20004310       0x94 c:/isis/application/toolchain/bin/../lib/gcc/arm-none-eabi/4.7.4/../../../../arm-none-eabi/lib\libc_s.a(lib_a-mprec.o)
                0x20004310                __lo0bits
 .text.__i2b    0x200043a4       0x24 c:/isis/application/toolchain/bin/../lib/gcc/arm-none-eabi/4.7.4/../../../../arm-none-eabi/lib\libc_s.a(lib_a-mprec.o)
                0x200043a4                __i2b
 .text.__multiply
                0x200043c8      0x1ac c:/isis/application/toolchain/bin/../lib/gcc/arm-none-eabi/4.7.4/../../../../arm-none-eabi/lib\libc_s.a(lib_a-mprec.o)
                0x200043c8                __multiply
 .text.__pow5mult
                0x20004574      0x10c c:/isis/application/toolchain/bin/../lib/gcc/arm-none-eabi/4.7.4/../../../../arm-none-eabi/lib\libc_s.a(lib_a-mprec.o)
                0x20004574                __pow5mult
 .text.__lshift
                0x20004680       0xf0 c:/isis/application/toolchain/bin/../lib/gcc/arm-none-eabi/4.7.4/../../../../arm-none-eabi/lib\libc_s.a(lib_a-mprec.o)
                0x20004680                __lshift
 .text.__mcmp   0x20004770       0x60 c:/isis/application/toolchain/bin/../lib/gcc/arm-none-eabi/4.7.4/../../../../arm-none-eabi/lib\libc_s.a(lib_a-mprec.o)
                0x20004770                __mcmp
 .text.__mdiff  0x200047d0      0x128 c:/isis/application/toolchain/bin/../lib/gcc/arm-none-eabi/4.7.4/../../../../arm-none-eabi/lib\libc_s.a(lib_a-mprec.o)
                0x200047d0                __mdiff
 .text.__ulp    0x200048f8       0x5c c:/isis/application/toolchain/bin/../lib/gcc/arm-none-eabi/4.7.4/../../../../arm-none-eabi/lib\libc_s.a(lib_a-mprec.o)
                0x200048f8                __ulp
 .text.__b2d    0x20004954       0xc8 c:/isis/application/toolchain/bin/../lib/gcc/arm-none-eabi/4.7.4/../../../../arm-none-eabi/lib\libc_s.a(lib_a-mprec.o)
                0x20004954                __b2d
 .text.__d2b    0x20004a1c       0xfc c:/isis/application/toolchain/bin/../lib/gcc/arm-none-eabi/4.7.4/../../../../arm-none-eabi/lib\libc_s.a(lib_a-mprec.o)
                0x20004a1c                __d2b
 .text.__ratio  0x20004b18       0x70 c:/isis/application/toolchain/bin/../lib/gcc/arm-none-eabi/4.7.4/../../../../arm-none-eabi/lib\libc_s.a(lib_a-mprec.o)
                0x20004b18                __ratio
 .text.__copybits
                0x20004b88       0x4c c:/isis/application/toolchain/bin/../lib/gcc/arm-none-eabi/4.7.4/../../../../arm-none-eabi/lib\libc_s.a(lib_a-mprec.o)
                0x20004b88                __copybits
 .text.__any_on
                0x20004bd4       0x7c c:/isis/application/toolchain/bin/../lib/gcc/arm-none-eabi/4.7.4/../../../../arm-none-eabi/lib\libc_s.a(lib_a-mprec.o)
                0x20004bd4                __any_on
 .text.__fpclassifyd
                0x20004c50       0x6c c:/isis/application/toolchain/bin/../lib/gcc/arm-none-eabi/4.7.4/../../../../arm-none-eabi/lib\libc_s.a(lib_a-s_fpclassify.o)
                0x20004c50                __fpclassifyd
 .text._sbrk_r  0x20004cbc       0x3c c:/isis/application/toolchain/bin/../lib/gcc/arm-none-eabi/4.7.4/../../../../arm-none-eabi/lib\libc_s.a(lib_a-sbrkr.o)
                0x20004cbc                _sbrk_r
 .text.nanf     0x20004cf8        0xc c:/isis/application/toolchain/bin/../lib/gcc/arm-none-eabi/4.7.4/../../../../arm-none-eabi/lib\libc_s.a(lib_a-sf_nan.o)
                0x20004cf8                nanf
 .text.sprintf  0x20004d04       0x6c c:/isis/application/toolchain/bin/../lib/gcc/arm-none-eabi/4.7.4/../../../../arm-none-eabi/lib\libc_s.a(lib_a-sprintf.o)
                0x20004d04                siprintf
                0x20004d04                sprintf
 .text.strcmp   0x20004d70       0x1c c:/isis/application/toolchain/bin/../lib/gcc/arm-none-eabi/4.7.4/../../../../arm-none-eabi/lib\libc_s.a(lib_a-strcmp.o)
                0x20004d70                strcmp
 .text.strlen   0x20004d8c       0x1c c:/isis/application/toolchain/bin/../lib/gcc/arm-none-eabi/4.7.4/../../../../arm-none-eabi/lib\libc_s.a(lib_a-strlen.o)
                0x20004d8c                strlen
 .text.match    0x20004da8       0x54 c:/isis/application/toolchain/bin/../lib/gcc/arm-none-eabi/4.7.4/../../../../arm-none-eabi/lib\libc_s.a(lib_a-strtod.o)
 .text._strtod_r
                0x20004dfc     0x1168 c:/isis/application/toolchain/bin/../lib/gcc/arm-none-eabi/4.7.4/../../../../arm-none-eabi/lib\libc_s.a(lib_a-strtod.o)
                0x20004dfc                _strtod_r
 .text._strtol_r
                0x20005f64      0x1b8 c:/isis/application/toolchain/bin/../lib/gcc/arm-none-eabi/4.7.4/../../../../arm-none-eabi/lib\libc_s.a(lib_a-strtol.o)
                0x20005f64                _strtol_r
 .text.__ssputc_r
                0x2000611c      0x10c c:/isis/application/toolchain/bin/../lib/gcc/arm-none-eabi/4.7.4/../../../../arm-none-eabi/lib\libc_s.a(lib_a-svfprintf.o)
                0x2000611c                __ssputc_r
 .text._svfprintf_r
                0x20006228      0x328 c:/isis/application/toolchain/bin/../lib/gcc/arm-none-eabi/4.7.4/../../../../arm-none-eabi/lib\libc_s.a(lib_a-svfprintf.o)
                0x20006228                _svfiprintf_r
                0x20006228                _svfprintf_r
 .text._calloc_r
                0x20006550       0x2c c:/isis/application/toolchain/bin/../lib/gcc/arm-none-eabi/4.7.4/../../../../arm-none-eabi/lib\libc_s.a(lib_a-callocr.o)
                0x20006550                _calloc_r
 .text._free_r  0x2000657c      0x108 c:/isis/application/toolchain/bin/../lib/gcc/arm-none-eabi/4.7.4/../../../../arm-none-eabi/lib\libc_s.a(lib_a-freer.o)
                0x2000657c                _free_r
 .text.rshift   0x20006684       0xb0 c:/isis/application/toolchain/bin/../lib/gcc/arm-none-eabi/4.7.4/../../../../arm-none-eabi/lib\libc_s.a(lib_a-gdtoa-gethex.o)
 .text.htinit.constprop.0
                0x20006734       0x34 c:/isis/application/toolchain/bin/../lib/gcc/arm-none-eabi/4.7.4/../../../../arm-none-eabi/lib\libc_s.a(lib_a-gdtoa-gethex.o)
 .text.__hexdig_init
                0x20006768       0x38 c:/isis/application/toolchain/bin/../lib/gcc/arm-none-eabi/4.7.4/../../../../arm-none-eabi/lib\libc_s.a(lib_a-gdtoa-gethex.o)
                0x20006768                __hexdig_init
 .text.__gethex
                0x200067a0      0x6cc c:/isis/application/toolchain/bin/../lib/gcc/arm-none-eabi/4.7.4/../../../../arm-none-eabi/lib\libc_s.a(lib_a-gdtoa-gethex.o)
                0x200067a0                __gethex
 .text.L_shift  0x20006e6c       0x38 c:/isis/application/toolchain/bin/../lib/gcc/arm-none-eabi/4.7.4/../../../../arm-none-eabi/lib\libc_s.a(lib_a-gdtoa-hexnan.o)
 .text.__hexnan
                0x20006ea4      0x1d8 c:/isis/application/toolchain/bin/../lib/gcc/arm-none-eabi/4.7.4/../../../../arm-none-eabi/lib\libc_s.a(lib_a-gdtoa-hexnan.o)
                0x20006ea4                __hexnan
 .text.memchr   0x2000707c       0x34 c:/isis/application/toolchain/bin/../lib/gcc/arm-none-eabi/4.7.4/../../../../arm-none-eabi/lib\libc_s.a(lib_a-memchr.o)
                0x2000707c                memchr
 .text.memset   0x200070b0       0x1c c:/isis/application/toolchain/bin/../lib/gcc/arm-none-eabi/4.7.4/../../../../arm-none-eabi/lib\libc_s.a(lib_a-memset.o)
                0x200070b0                memset
 .text._realloc_r
                0x200070cc       0x80 c:/isis/application/toolchain/bin/../lib/gcc/arm-none-eabi/4.7.4/../../../../arm-none-eabi/lib\libc_s.a(lib_a-reallocr.o)
                0x200070cc                _realloc_r
 .text.strncmp  0x2000714c       0x64 c:/isis/application/toolchain/bin/../lib/gcc/arm-none-eabi/4.7.4/../../../../arm-none-eabi/lib\libc_s.a(lib_a-strncmp.o)
                0x2000714c                strncmp
 .text._malloc_usable_size_r
                0x200071b0       0x1c c:/isis/application/toolchain/bin/../lib/gcc/arm-none-eabi/4.7.4/../../../../arm-none-eabi/lib\libc_s.a(lib_a-msizer.o)
                0x200071b0                _malloc_usable_size_r
 .text.cmd_error
                0x200071cc       0x38 ./src/sub-systemCode/Main/CMD/COMM_CMD.o
                0x200071cc                cmd_error
 .text.cmd_mute
                0x20007204       0xc4 ./src/sub-systemCode/Main/CMD/COMM_CMD.o
                0x20007204                cmd_mute
 .text.cmd_unmute
                0x200072c8       0x4c ./src/sub-systemCode/Main/CMD/COMM_CMD.o
                0x200072c8                cmd_unmute
 .text.cmd_active_trans
                0x20007314       0xc0 ./src/sub-systemCode/Main/CMD/COMM_CMD.o
                0x20007314                cmd_active_trans
 .text.cmd_shut_trans
                0x200073d4       0x38 ./src/sub-systemCode/Main/CMD/COMM_CMD.o
                0x200073d4                cmd_shut_trans
 .text.cmd_change_trans_rssi
                0x2000740c       0xb8 ./src/sub-systemCode/Main/CMD/COMM_CMD.o
                0x2000740c                cmd_change_trans_rssi
 .text.cmd_aprs_dump
                0x200074c4       0x50 ./src/sub-systemCode/Main/CMD/COMM_CMD.o
                0x200074c4                cmd_aprs_dump
 .text.cmd_stop_dump
                0x20007514       0x38 ./src/sub-systemCode/Main/CMD/COMM_CMD.o
                0x20007514                cmd_stop_dump
 .text.cmd_time_frequency
                0x2000754c       0xc0 ./src/sub-systemCode/Main/CMD/COMM_CMD.o
                0x2000754c                cmd_time_frequency
 .text.cmd_upload_volt_logic
                0x2000760c      0x3d0 ./src/sub-systemCode/Main/CMD/EPS_CMD.o
                0x2000760c                cmd_upload_volt_logic
 .text.cmd_upload_volt_COMM
                0x200079dc      0x1c8 ./src/sub-systemCode/Main/CMD/EPS_CMD.o
                0x200079dc                cmd_upload_volt_COMM
 .text.cmd_heater_temp
                0x20007ba4       0xc0 ./src/sub-systemCode/Main/CMD/EPS_CMD.o
                0x20007ba4                cmd_heater_temp
 .text.cmd_SHUT_CAM
                0x20007c64       0x6c ./src/sub-systemCode/Main/CMD/EPS_CMD.o
                0x20007c64                cmd_SHUT_CAM
 .text.cmd_SHUT_ADCS
                0x20007cd0       0x6c ./src/sub-systemCode/Main/CMD/EPS_CMD.o
                0x20007cd0                cmd_SHUT_ADCS
 .text.cmd_allow_CAM
                0x20007d3c       0x6c ./src/sub-systemCode/Main/CMD/EPS_CMD.o
                0x20007d3c                cmd_allow_CAM
 .text.cmd_allow_ADCS
                0x20007da8       0x6c ./src/sub-systemCode/Main/CMD/EPS_CMD.o
                0x20007da8                cmd_allow_ADCS
 .text.cmd_generic_I2C
                0x20007e14       0xb4 ./src/sub-systemCode/Main/CMD/General_CMD.o
                0x20007e14                cmd_generic_I2C
 .text.cmd_dump
                0x20007ec8       0xf0 ./src/sub-systemCode/Main/CMD/General_CMD.o
                0x20007ec8                cmd_dump
 .text.cmd_delete_TM
                0x20007fb8      0x1dc ./src/sub-systemCode/Main/CMD/General_CMD.o
                0x20007fb8                cmd_delete_TM
 .text.cmd_reset_file
                0x20008194      0x110 ./src/sub-systemCode/Main/CMD/General_CMD.o
                0x20008194                cmd_reset_file
 .text.cmd_dummy_func
                0x200082a4       0x40 ./src/sub-systemCode/Main/CMD/General_CMD.o
                0x200082a4                cmd_dummy_func
 .text.cmd_soft_reset_cmponent
                0x200082e4       0xb0 ./src/sub-systemCode/Main/CMD/General_CMD.o
                0x200082e4                cmd_soft_reset_cmponent
 .text.cmd_hard_reset_cmponent
                0x20008394       0xb0 ./src/sub-systemCode/Main/CMD/General_CMD.o
                0x20008394                cmd_hard_reset_cmponent
 .text.cmd_reset_satellite
                0x20008444       0x78 ./src/sub-systemCode/Main/CMD/General_CMD.o
                0x20008444                cmd_reset_satellite
 .text.cmd_gracefull_reset_satellite
                0x200084bc       0x78 ./src/sub-systemCode/Main/CMD/General_CMD.o
                0x200084bc                cmd_gracefull_reset_satellite
 .text.cmd_upload_time
                0x20008534       0xb0 ./src/sub-systemCode/Main/CMD/General_CMD.o
                0x20008534                cmd_upload_time
 .text.cmd_ARM_DIARM
                0x200085e4       0xd4 ./src/sub-systemCode/Main/CMD/General_CMD.o
                0x200085e4                cmd_ARM_DIARM
 .text.cmd_reset_delayed_command_list
                0x200086b8       0x3c ./src/sub-systemCode/Main/CMD/SW_CMD.o
                0x200086b8                cmd_reset_delayed_command_list
 .text.cmd_reset_APRS_list
                0x200086f4       0x3c ./src/sub-systemCode/Main/CMD/SW_CMD.o
                0x200086f4                cmd_reset_APRS_list
 .text.cmd_reset_FRAM
                0x20008730       0xe8 ./src/sub-systemCode/Main/CMD/SW_CMD.o
                0x20008730                cmd_reset_FRAM
 .text.ARM_ants
                0x20008818       0xb8 ./src/sub-systemCode/Main/Ants.o
                0x20008818                ARM_ants
 .text.DISARM_ants
                0x200088d0       0xb8 ./src/sub-systemCode/Main/Ants.o
                0x200088d0                DISARM_ants
 .text.convert_vol
                0x20008988      0x12c ./src/sub-systemCode/Main/EPS.o
                0x20008988                convert_vol
 .text.get_shut_ADCS
                0x20008ab4       0x48 ./src/sub-systemCode/Main/EPS.o
                0x20008ab4                get_shut_ADCS
 .text.shut_ADCS
                0x20008afc       0x44 ./src/sub-systemCode/Main/EPS.o
                0x20008afc                shut_ADCS
 .text.get_shut_CAM
                0x20008b40       0x48 ./src/sub-systemCode/Main/EPS.o
                0x20008b40                get_shut_CAM
 .text.shut_CAM
                0x20008b88       0x44 ./src/sub-systemCode/Main/EPS.o
                0x20008b88                shut_CAM
 .text.EPS_Init
                0x20008bcc      0x1a0 ./src/sub-systemCode/Main/EPS.o
                0x20008bcc                EPS_Init
 .text.reset_FRAM_EPS
                0x20008d6c       0xa4 ./src/sub-systemCode/Main/EPS.o
                0x20008d6c                reset_FRAM_EPS
 .text.reset_EPS_voltages
                0x20008e10       0xbc ./src/sub-systemCode/Main/EPS.o
                0x20008e10                reset_EPS_voltages
 .text.EPS_Conditioning
                0x20008ecc      0x2ac ./src/sub-systemCode/Main/EPS.o
                0x20008ecc                EPS_Conditioning
 .text.overRide_ADCS
                0x20009178       0x50 ./src/sub-systemCode/Main/EPS.o
                0x20009178                overRide_ADCS
 .text.overRide_Camera
                0x200091c8       0x38 ./src/sub-systemCode/Main/EPS.o
                0x200091c8                overRide_Camera
 .text.EnterFullMode
                0x20009200       0xec ./src/sub-systemCode/Main/EPS.o
                0x20009200                EnterFullMode
 .text.EnterCruiseMode
                0x200092ec       0xdc ./src/sub-systemCode/Main/EPS.o
                0x200092ec                EnterCruiseMode
 .text.EnterSafeMode
                0x200093c8       0xdc ./src/sub-systemCode/Main/EPS.o
                0x200093c8                EnterSafeMode
 .text.EnterCriticalMode
                0x200094a4       0xc8 ./src/sub-systemCode/Main/EPS.o
                0x200094a4                EnterCriticalMode
 .text.convert_raw_voltage
                0x2000956c       0xd8 ./src/sub-systemCode/Main/EPS.o
                0x2000956c                convert_raw_voltage
 .text.find_fileName
                0x20009644      0x55c ./src/sub-systemCode/Main/HouseKeeping.o
                0x20009644                find_fileName
 .text.size_of_element
                0x20009ba0       0xc0 ./src/sub-systemCode/Main/HouseKeeping.o
                0x20009ba0                size_of_element
 .text.save_ACK
                0x20009c60       0xa0 ./src/sub-systemCode/Main/HouseKeeping.o
                0x20009c60                save_ACK
 .text.set_GP_EPS
                0x20009d00      0x124 ./src/sub-systemCode/Main/HouseKeeping.o
                0x20009d00                set_GP_EPS
 .text.set_GP_COMM
                0x20009e24      0x160 ./src/sub-systemCode/Main/HouseKeeping.o
                0x20009e24                set_GP_COMM
 .text.SP_HK_collect
                0x20009f84      0x19c ./src/sub-systemCode/Main/HouseKeeping.o
                0x20009f84                SP_HK_collect
 .text.EPS_HK_collect
                0x2000a120      0x4d8 ./src/sub-systemCode/Main/HouseKeeping.o
                0x2000a120                EPS_HK_collect
 .text.CAM_HK_collect
                0x2000a5f8      0x91c ./src/sub-systemCode/Main/HouseKeeping.o
                0x2000a5f8                CAM_HK_collect
 .text.COMM_HK_collect
                0x2000af14      0x154 ./src/sub-systemCode/Main/HouseKeeping.o
                0x2000af14                COMM_HK_collect
 .text.COMM_create_file
                0x2000b068       0x74 ./src/sub-systemCode/Main/HouseKeeping.o
                0x2000b068                COMM_create_file
 .text.ACK_create_file
                0x2000b0dc       0x74 ./src/sub-systemCode/Main/HouseKeeping.o
                0x2000b0dc                ACK_create_file
 .text.EPS_create_file
                0x2000b150       0x74 ./src/sub-systemCode/Main/HouseKeeping.o
                0x2000b150                EPS_create_file
 .text.CAM_create_file
                0x2000b1c4       0x54 ./src/sub-systemCode/Main/HouseKeeping.o
                0x2000b1c4                CAM_create_file
 .text.SP_create_file
                0x2000b218       0x54 ./src/sub-systemCode/Main/HouseKeeping.o
                0x2000b218                SP_create_file
 .text.create_files
                0x2000b26c       0x48 ./src/sub-systemCode/Main/HouseKeeping.o
                0x2000b26c                create_files
 .text.save_SP_HK
                0x2000b2b4       0x70 ./src/sub-systemCode/Main/HouseKeeping.o
                0x2000b2b4                save_SP_HK
 .text.save_EPS_HK
                0x2000b324       0x70 ./src/sub-systemCode/Main/HouseKeeping.o
                0x2000b324                save_EPS_HK
 .text.save_CAM_HK
                0x2000b394       0x70 ./src/sub-systemCode/Main/HouseKeeping.o
                0x2000b394                save_CAM_HK
 .text.save_COMM_HK
                0x2000b404       0x70 ./src/sub-systemCode/Main/HouseKeeping.o
                0x2000b404                save_COMM_HK
 .text.EPS_HK_raw_BigEnE
                0x2000b474      0x194 ./src/sub-systemCode/Main/HouseKeeping.o
                0x2000b474                EPS_HK_raw_BigEnE
 .text.CAM_HK_raw_BigEnE
                0x2000b608      0x194 ./src/sub-systemCode/Main/HouseKeeping.o
                0x2000b608                CAM_HK_raw_BigEnE
 .text.COMM_HK_raw_BigEnE
                0x2000b79c      0x194 ./src/sub-systemCode/Main/HouseKeeping.o
                0x2000b79c                COMM_HK_raw_BigEnE
 .text.ADCS_HK_raw_BigEnE
                0x2000b930      0x194 ./src/sub-systemCode/Main/HouseKeeping.o
                0x2000b930                ADCS_HK_raw_BigEnE
 .text.ADCS_SC_raw_BigEnE
                0x2000bac4      0x188 ./src/sub-systemCode/Main/HouseKeeping.o
                0x2000bac4                ADCS_SC_raw_BigEnE
 .text.build_HK_spl_packet
                0x2000bc4c      0x970 ./src/sub-systemCode/Main/HouseKeeping.o
                0x2000bc4c                build_HK_spl_packet
 .text.HouseKeeping_highRate_Task
                0x2000c5bc       0x78 ./src/sub-systemCode/Main/HouseKeeping.o
                0x2000c5bc                HouseKeeping_highRate_Task
 .text.HouseKeeping_lowRate_Task
                0x2000c634       0x74 ./src/sub-systemCode/Main/HouseKeeping.o
                0x2000c634                HouseKeeping_lowRate_Task
 .text.test_menu
                0x2000c6a8       0xd8 ./src/sub-systemCode/Main/Main_Init.o
                0x2000c6a8                test_menu
 .text.numberOfRestarts
                0x2000c780       0x94 ./src/sub-systemCode/Main/Main_Init.o
                0x2000c780                numberOfRestarts
 .text.StartFRAM
                0x2000c814       0x38 ./src/sub-systemCode/Main/Main_Init.o
                0x2000c814                StartFRAM
 .text.StartI2C
                0x2000c84c       0x44 ./src/sub-systemCode/Main/Main_Init.o
                0x2000c84c                StartI2C
 .text.StartSPI
                0x2000c890       0x40 ./src/sub-systemCode/Main/Main_Init.o
                0x2000c890                StartSPI
 .text.StartTIME
                0x2000c8d0      0x118 ./src/sub-systemCode/Main/Main_Init.o
                0x2000c8d0                StartTIME
 .text.first_activation
                0x2000c9e8       0x78 ./src/sub-systemCode/Main/Main_Init.o
                0x2000c9e8                first_activation
 .text.resetSD  0x2000ca60       0xc4 ./src/sub-systemCode/Main/Main_Init.o
                0x2000ca60                resetSD
 .text.InitSubsystems
                0x2000cb24       0x78 ./src/sub-systemCode/Main/Main_Init.o
                0x2000cb24                InitSubsystems
 .text.SubSystemTaskStart
                0x2000cb9c       0xe8 ./src/sub-systemCode/Main/Main_Init.o
                0x2000cb9c                SubSystemTaskStart
 .text.copy_command
                0x2000cc84       0x80 ./src/sub-systemCode/Main/commands.o
                0x2000cc84                copy_command
 .text.reset_command
                0x2000cd04       0x28 ./src/sub-systemCode/Main/commands.o
                0x2000cd04                reset_command
 .text.init_command
                0x2000cd2c       0xd4 ./src/sub-systemCode/Main/commands.o
                0x2000cd2c                init_command
 .text.add_command
                0x2000ce00      0x138 ./src/sub-systemCode/Main/commands.o
                0x2000ce00                add_command
 .text.get_command
                0x2000cf38      0x1cc ./src/sub-systemCode/Main/commands.o
                0x2000cf38                get_command
 .text.act_upon_command
                0x2000d104      0x200 ./src/sub-systemCode/Main/commands.o
                0x2000d104                act_upon_command
 .text.AUC_COMM
                0x2000d304      0x200 ./src/sub-systemCode/Main/commands.o
                0x2000d304                AUC_COMM
 .text.AUC_general
                0x2000d504      0x17c ./src/sub-systemCode/Main/commands.o
                0x2000d504                AUC_general
 .text.AUC_payload
                0x2000d680      0x110 ./src/sub-systemCode/Main/commands.o
                0x2000d680                AUC_payload
 .text.AUC_EPS  0x2000d790      0x248 ./src/sub-systemCode/Main/commands.o
                0x2000d790                AUC_EPS
 .text.AUC_ADCS
                0x2000d9d8       0x5c ./src/sub-systemCode/Main/commands.o
                0x2000d9d8                AUC_ADCS
 .text.AUC_GS   0x2000da34      0x1fc ./src/sub-systemCode/Main/commands.o
                0x2000da34                AUC_GS
 .text.AUC_SW   0x2000dc30       0xe4 ./src/sub-systemCode/Main/commands.o
                0x2000dc30                AUC_SW
 .text.AUC_special_operation
                0x2000dd14       0x8c ./src/sub-systemCode/Main/commands.o
                0x2000dd14                AUC_special_operation
 .text.check_int
                0x2000dda0       0x3c ./src/sub-systemCode/Global/Global.o
                0x2000dda0                check_int
 .text.check_portBASE_TYPE
                0x2000dddc       0x3c ./src/sub-systemCode/Global/Global.o
                0x2000dddc                check_portBASE_TYPE
 .text.soft_reset_subsystem
                0x2000de18       0xd8 ./src/sub-systemCode/Global/Global.o
                0x2000de18                soft_reset_subsystem
 .text.hard_reset_subsystem
                0x2000def0       0xfc ./src/sub-systemCode/Global/Global.o
                0x2000def0                hard_reset_subsystem
 .text.BigEnE_raw_to_uInt
                0x2000dfec       0x94 ./src/sub-systemCode/Global/Global.o
                0x2000dfec                BigEnE_raw_to_uInt
 .text.BigEnE_raw_to_uShort
                0x2000e080       0x50 ./src/sub-systemCode/Global/Global.o
                0x2000e080                BigEnE_raw_to_uShort
 .text.BigEnE_uInt_to_raw
                0x2000e0d0       0x78 ./src/sub-systemCode/Global/Global.o
                0x2000e0d0                BigEnE_uInt_to_raw
 .text.reset_FRAM_MAIN
                0x2000e148      0x19c ./src/sub-systemCode/Global/Global.o
                0x2000e148                reset_FRAM_MAIN
 .text.init_GP  0x2000e2e4      0x35c ./src/sub-systemCode/Global/GlobalParam.o
                0x2000e2e4                init_GP
 .text.get_system_state
                0x2000e640      0x268 ./src/sub-systemCode/Global/GlobalParam.o
                0x2000e640                get_system_state
 .text.set_system_state
                0x2000e8a8      0x298 ./src/sub-systemCode/Global/GlobalParam.o
                0x2000e8a8                set_system_state
 .text.get_current_global_param
                0x2000eb40      0x670 ./src/sub-systemCode/Global/GlobalParam.o
                0x2000eb40                get_current_global_param
 .text.set_Vbatt_previous
                0x2000f1b0       0xe8 ./src/sub-systemCode/Global/GlobalParam.o
                0x2000f1b0                set_Vbatt_previous
 .text.get_Vbatt_previous
                0x2000f298       0xc8 ./src/sub-systemCode/Global/GlobalParam.o
                0x2000f298                get_Vbatt_previous
 .text.set_Vbatt
                0x2000f360       0xb8 ./src/sub-systemCode/Global/GlobalParam.o
                0x2000f360                set_Vbatt
 .text.get_Vbatt
                0x2000f418       0x8c ./src/sub-systemCode/Global/GlobalParam.o
                0x2000f418                get_Vbatt
 .text.set_curBat
                0x2000f4a4       0x8c ./src/sub-systemCode/Global/GlobalParam.o
                0x2000f4a4                set_curBat
 .text.set_cur3V3
                0x2000f530       0x8c ./src/sub-systemCode/Global/GlobalParam.o
                0x2000f530                set_cur3V3
 .text.set_cur5V
                0x2000f5bc       0x8c ./src/sub-systemCode/Global/GlobalParam.o
                0x2000f5bc                set_cur5V
 .text.set_tempComm_LO
                0x2000f648       0xac ./src/sub-systemCode/Global/GlobalParam.o
                0x2000f648                set_tempComm_LO
 .text.set_tempComm_PA
                0x2000f6f4       0xac ./src/sub-systemCode/Global/GlobalParam.o
                0x2000f6f4                set_tempComm_PA
 .text.set_tempEPS
                0x2000f7a0       0xe8 ./src/sub-systemCode/Global/GlobalParam.o
                0x2000f7a0                set_tempEPS
 .text.set_tempBatt
                0x2000f888       0xe8 ./src/sub-systemCode/Global/GlobalParam.o
                0x2000f888                set_tempBatt
 .text.set_RxDoppler
                0x2000f970       0x8c ./src/sub-systemCode/Global/GlobalParam.o
                0x2000f970                set_RxDoppler
 .text.set_RxRSSI
                0x2000f9fc       0x8c ./src/sub-systemCode/Global/GlobalParam.o
                0x2000f9fc                set_RxRSSI
 .text.set_TxRefl
                0x2000fa88       0x8c ./src/sub-systemCode/Global/GlobalParam.o
                0x2000fa88                set_TxRefl
 .text.set_TxForw
                0x2000fb14       0x8c ./src/sub-systemCode/Global/GlobalParam.o
                0x2000fb14                set_TxForw
 .text.get_ST   0x2000fba0       0x98 ./src/sub-systemCode/Global/GlobalParam.o
                0x2000fba0                get_ST
 .text.set_numOfAPRS
                0x2000fc38       0x8c ./src/sub-systemCode/Global/GlobalParam.o
                0x2000fc38                set_numOfAPRS
 .text.set_numOfResets
                0x2000fcc4       0xac ./src/sub-systemCode/Global/GlobalParam.o
                0x2000fcc4                set_numOfResets
 .text.set_ground_conn
                0x2000fd70       0x88 ./src/sub-systemCode/Global/GlobalParam.o
                0x2000fd70                set_ground_conn
 .text.get_ground_conn
                0x2000fdf8       0x94 ./src/sub-systemCode/Global/GlobalParam.o
                0x2000fdf8                get_ground_conn
 .text.getNumOfFilesInFS
                0x2000fe8c       0x44 ./src/sub-systemCode/Global/TM_managment.o
 .text.setNumOfFilesInFS
                0x2000fed0       0x50 ./src/sub-systemCode/Global/TM_managment.o
 .text.InitializeFS
                0x2000ff20      0x170 ./src/sub-systemCode/Global/TM_managment.o
                0x2000ff20                InitializeFS
 .text.c_fileCreate
                0x20010090       0xf4 ./src/sub-systemCode/Global/TM_managment.o
                0x20010090                c_fileCreate
 .text.writewithEpochtime
                0x20010184       0xb0 ./src/sub-systemCode/Global/TM_managment.o
 .text.get_C_FILE_struct
                0x20010234      0x104 ./src/sub-systemCode/Global/TM_managment.o
 .text.getFileIndex
                0x20010338       0x4c ./src/sub-systemCode/Global/TM_managment.o
 .text.get_file_name_by_index
                0x20010384       0x54 ./src/sub-systemCode/Global/TM_managment.o
                0x20010384                get_file_name_by_index
 .text.c_fileReset
                0x200103d8       0xbc ./src/sub-systemCode/Global/TM_managment.o
                0x200103d8                c_fileReset
 .text.c_fileWrite
                0x20010494      0x100 ./src/sub-systemCode/Global/TM_managment.o
                0x20010494                c_fileWrite
 .text.c_fileRead
                0x20010594      0x270 ./src/sub-systemCode/Global/TM_managment.o
                0x20010594                c_fileRead
 .text.reset_APRS_list
                0x20010804       0xa4 ./src/sub-systemCode/COMM/APRS.o
                0x20010804                reset_APRS_list
 .text.send_APRS_Dump
                0x200108a8      0x1c4 ./src/sub-systemCode/COMM/APRS.o
                0x200108a8                send_APRS_Dump
 .text.check_APRS
                0x20010a6c      0x1a4 ./src/sub-systemCode/COMM/APRS.o
                0x20010a6c                check_APRS
 .text.get_APRS_list
                0x20010c10       0x88 ./src/sub-systemCode/COMM/APRS.o
                0x20010c10                get_APRS_list
 .text.find_CMD_in_list
                0x20010c98       0x7c ./src/sub-systemCode/COMM/DelayedCommand_list.o
                0x20010c98                find_CMD_in_list
 .text.find_empty_in_list
                0x20010d14       0x74 ./src/sub-systemCode/COMM/DelayedCommand_list.o
                0x20010d14                find_empty_in_list
 .text.check_delayCommandTime
                0x20010d88       0x8c ./src/sub-systemCode/COMM/DelayedCommand_list.o
                0x20010d88                check_delayCommandTime
 .text.execute_delayedCommand
                0x20010e14       0x64 ./src/sub-systemCode/COMM/DelayedCommand_list.o
                0x20010e14                execute_delayedCommand
 .text.check_delaycommand
                0x20010e78      0x170 ./src/sub-systemCode/COMM/DelayedCommand_list.o
                0x20010e78                check_delaycommand
 .text.reset_delayCommand
                0x20010fe8       0x8c ./src/sub-systemCode/COMM/DelayedCommand_list.o
                0x20010fe8                reset_delayCommand
 .text.add_delayCommand
                0x20011074      0x1a4 ./src/sub-systemCode/COMM/DelayedCommand_list.o
                0x20011074                add_delayCommand
 .text.get_delayCommand_list
                0x20011218       0x80 ./src/sub-systemCode/COMM/DelayedCommand_list.o
                0x20011218                get_delayCommand_list
 .text.EmptyOldestCommand
                0x20011298       0xfc ./src/sub-systemCode/COMM/DelayedCommand_list.o
                0x20011298                EmptyOldestCommand
 .text.decode_TCpacket
                0x20011394      0x16c ./src/sub-systemCode/COMM/GSC.o
                0x20011394                decode_TCpacket
 .text.encode_TCpacket
                0x20011500      0x114 ./src/sub-systemCode/COMM/GSC.o
                0x20011500                encode_TCpacket
 .text.encode_TMpacket
                0x20011614      0x104 ./src/sub-systemCode/COMM/GSC.o
                0x20011614                encode_TMpacket
 .text.build_raw_ACK
                0x20011718       0xbc ./src/sub-systemCode/COMM/GSC.o
                0x20011718                build_raw_ACK
 .text.build_data_field_ACK
                0x200117d4       0x74 ./src/sub-systemCode/COMM/GSC.o
                0x200117d4                build_data_field_ACK
 .text.init_trxvu
                0x20011848      0x118 ./src/sub-systemCode/COMM/TRXVU.o
                0x20011848                init_trxvu
 .text.TRXVU_task
                0x20011960      0x18c ./src/sub-systemCode/COMM/TRXVU.o
                0x20011960                TRXVU_task
 .text.dump_logic
                0x20011aec      0x2dc ./src/sub-systemCode/COMM/TRXVU.o
                0x20011aec                dump_logic
 .text.Dump_task
                0x20011dc8      0x184 ./src/sub-systemCode/COMM/TRXVU.o
                0x20011dc8                Dump_task
 .text.transponder_logic
                0x20011f4c       0xbc ./src/sub-systemCode/COMM/TRXVU.o
                0x20011f4c                transponder_logic
 .text.Transponder_task
                0x20012008      0x1e0 ./src/sub-systemCode/COMM/TRXVU.o
                0x20012008                Transponder_task
 .text.lookForRequestToDelete_transponder
                0x200121e8       0xac ./src/sub-systemCode/COMM/TRXVU.o
                0x200121e8                lookForRequestToDelete_transponder
 .text.lookForRequestToDelete_dump
                0x20012294       0x7c ./src/sub-systemCode/COMM/TRXVU.o
                0x20012294                lookForRequestToDelete_dump
 .text.sendRequestToStop_dump
                0x20012310       0x8c ./src/sub-systemCode/COMM/TRXVU.o
                0x20012310                sendRequestToStop_dump
 .text.sendRequestToStop_transponder
                0x2001239c       0x98 ./src/sub-systemCode/COMM/TRXVU.o
                0x2001239c                sendRequestToStop_transponder
 .text.Rx_logic
                0x20012434      0x188 ./src/sub-systemCode/COMM/TRXVU.o
                0x20012434                Rx_logic
 .text.pass_above_Ground
                0x200125bc      0x104 ./src/sub-systemCode/COMM/TRXVU.o
                0x200125bc                pass_above_Ground
 .text.trxvu_logic
                0x200126c0       0x1c ./src/sub-systemCode/COMM/TRXVU.o
                0x200126c0                trxvu_logic
 .text.Beacon_task
                0x200126dc      0x1d8 ./src/sub-systemCode/COMM/TRXVU.o
                0x200126dc                Beacon_task
 .text.buildAndSend_beacon
                0x200128b4      0x614 ./src/sub-systemCode/COMM/TRXVU.o
                0x200128b4                buildAndSend_beacon
 .text.reset_FRAM_TRXVU
                0x20012ec8       0xc0 ./src/sub-systemCode/COMM/TRXVU.o
                0x20012ec8                reset_FRAM_TRXVU
 .text.TRX_sendFrame
                0x20012f88      0x24c ./src/sub-systemCode/COMM/TRXVU.o
                0x20012f88                TRX_sendFrame
 .text.TRX_getFrameData
                0x200131d4      0x128 ./src/sub-systemCode/COMM/TRXVU.o
                0x200131d4                TRX_getFrameData
 .text.mute_Tx  0x200132fc       0x20 ./src/sub-systemCode/COMM/TRXVU.o
                0x200132fc                mute_Tx
 .text.unmute_Tx
                0x2001331c       0x54 ./src/sub-systemCode/COMM/TRXVU.o
                0x2001331c                unmute_Tx
 .text.check_time_off_mute
                0x20013370       0x74 ./src/sub-systemCode/COMM/TRXVU.o
                0x20013370                check_time_off_mute
 .text.set_mute_time
                0x200133e4       0xb4 ./src/sub-systemCode/COMM/TRXVU.o
                0x200133e4                set_mute_time
 .text.change_TRXVU_state
                0x20013498       0x98 ./src/sub-systemCode/COMM/TRXVU.o
                0x20013498                change_TRXVU_state
 .text.change_trans_RSSI
                0x20013530       0x60 ./src/sub-systemCode/COMM/TRXVU.o
                0x20013530                change_trans_RSSI
 .text.init_adcs
                0x20013590      0x104 ./src/sub-systemCode/ADCS/ADCS.o
                0x20013590                init_adcs
 .text.telemtryStart
                0x20013694      0x16c ./src/sub-systemCode/ADCS/Stage_Table.o
                0x20013694                telemtryStart
 .text.powerStart
                0x20013800       0x5c ./src/sub-systemCode/ADCS/Stage_Table.o
                0x20013800                powerStart
 .text.createTable
                0x2001385c       0xb4 ./src/sub-systemCode/ADCS/Stage_Table.o
                0x2001385c                createTable
 .text.buildControlMode
                0x20013910       0x60 ./src/sub-systemCode/ADCS/Stage_Table.o
                0x20013910                buildControlMode
 .text.Check_Table
                0x20013970      0x178 ./src/sub-systemCode/ADCS/Stage_Table.o
                0x20013970                Check_Table
 .text.updateTable
                0x20013ae8      0x1f0 ./src/sub-systemCode/ADCS/Stage_Table.o
                0x20013ae8                updateTable
 .text.translateCommandFULL
                0x20013cd8       0x78 ./src/sub-systemCode/ADCS/Stage_Table.o
                0x20013cd8                translateCommandFULL
 .text.getTableTo
                0x20013d50       0x64 ./src/sub-systemCode/ADCS/Stage_Table.o
                0x20013d50                getTableTo
 .text.save_time
                0x20013db4       0x9c ./src/main.o
                0x20013db4                save_time
 .text.Command_logic
                0x20013e50       0x6c ./src/main.o
                0x20013e50                Command_logic
 .text.taskMain
                0x20013ebc       0x74 ./src/main.o
                0x20013ebc                taskMain
 .text.main     0x20013f30       0xb8 ./src/main.o
                0x20013f30                main
 .text.GomEpsInitialize
                0x20013fe8      0x148 C:/Hoopoe3/satellite-subsystems/demo/..//satellite-subsystems/lib\libSatelliteSubsystemsD.a(GomEPS.o)
                0x20013fe8                GomEpsInitialize
 .text.makeEPStransfer
                0x20014130       0x3c C:/Hoopoe3/satellite-subsystems/demo/..//satellite-subsystems/lib\libSatelliteSubsystemsD.a(GomEPS.o)
 .text.GomEpsSoftReset
                0x2001416c       0xc4 C:/Hoopoe3/satellite-subsystems/demo/..//satellite-subsystems/lib\libSatelliteSubsystemsD.a(GomEPS.o)
                0x2001416c                GomEpsSoftReset
 .text.GomEpsHardReset
                0x20014230       0xa8 C:/Hoopoe3/satellite-subsystems/demo/..//satellite-subsystems/lib\libSatelliteSubsystemsD.a(GomEPS.o)
                0x20014230                GomEpsHardReset
 .text.GomEpsGetHkData_general
                0x200142d8      0x45c C:/Hoopoe3/satellite-subsystems/demo/..//satellite-subsystems/lib\libSatelliteSubsystemsD.a(GomEPS.o)
                0x200142d8                GomEpsGetHkData_general
 .text.GomEpsGetHkData_basic
                0x20014734      0x22c C:/Hoopoe3/satellite-subsystems/demo/..//satellite-subsystems/lib\libSatelliteSubsystemsD.a(GomEPS.o)
                0x20014734                GomEpsGetHkData_basic
 .text.GomEpsSetOutput
                0x20014960       0xbc C:/Hoopoe3/satellite-subsystems/demo/..//satellite-subsystems/lib\libSatelliteSubsystemsD.a(GomEPS.o)
                0x20014960                GomEpsSetOutput
 .text.GomEpsConfigSet
                0x20014a1c      0x184 C:/Hoopoe3/satellite-subsystems/demo/..//satellite-subsystems/lib\libSatelliteSubsystemsD.a(GomEPS.o)
                0x20014a1c                GomEpsConfigSet
 .text.makeAntStransfer
                0x20014ba0       0x4c C:/Hoopoe3/satellite-subsystems/demo/..//satellite-subsystems/lib\libSatelliteSubsystemsD.a(IsisAntS.o)
 .text.checkInputsValid
                0x20014bec       0x7c C:/Hoopoe3/satellite-subsystems/demo/..//satellite-subsystems/lib\libSatelliteSubsystemsD.a(IsisAntS.o)
 .text.IsisAntS_setArmStatus
                0x20014c68      0x104 C:/Hoopoe3/satellite-subsystems/demo/..//satellite-subsystems/lib\libSatelliteSubsystemsD.a(IsisAntS.o)
                0x20014c68                IsisAntS_setArmStatus
 .text.IsisAntS_reset
                0x20014d6c      0x104 C:/Hoopoe3/satellite-subsystems/demo/..//satellite-subsystems/lib\libSatelliteSubsystemsD.a(IsisAntS.o)
                0x20014d6c                IsisAntS_reset
 .text.IsisSolarPanelv2_initialize
                0x20014e70       0xb4 C:/Hoopoe3/satellite-subsystems/demo/..//satellite-subsystems/lib\libSatelliteSubsystemsD.a(IsisSolarPanelv2.o)
                0x20014e70                IsisSolarPanelv2_initialize
 .text.IsisSolarPanelv2_getTemperature
                0x20014f24       0xc8 C:/Hoopoe3/satellite-subsystems/demo/..//satellite-subsystems/lib\libSatelliteSubsystemsD.a(IsisSolarPanelv2.o)
                0x20014f24                IsisSolarPanelv2_getTemperature
 .text.IsisSolarPanelv2_sleep
                0x20014fec       0xbc C:/Hoopoe3/satellite-subsystems/demo/..//satellite-subsystems/lib\libSatelliteSubsystemsD.a(IsisSolarPanelv2.o)
                0x20014fec                IsisSolarPanelv2_sleep
 .text.IsisSolarPanelv2_wakeup
                0x200150a8       0x80 C:/Hoopoe3/satellite-subsystems/demo/..//satellite-subsystems/lib\libSatelliteSubsystemsD.a(IsisSolarPanelv2.o)
                0x200150a8                IsisSolarPanelv2_wakeup
 .text._Reset   0x20015128       0x20 C:/Hoopoe3/satellite-subsystems/demo/..//satellite-subsystems/lib\libSatelliteSubsystemsD.a(IsisSolarPanelv2.o)
 .text._WaitForStartup
                0x20015148       0x90 C:/Hoopoe3/satellite-subsystems/demo/..//satellite-subsystems/lib\libSatelliteSubsystemsD.a(IsisSolarPanelv2.o)
 .text._AssignAllChannels
                0x200151d8       0x90 C:/Hoopoe3/satellite-subsystems/demo/..//satellite-subsystems/lib\libSatelliteSubsystemsD.a(IsisSolarPanelv2.o)
 .text._AssignThisChannel
                0x20015268       0xe8 C:/Hoopoe3/satellite-subsystems/demo/..//satellite-subsystems/lib\libSatelliteSubsystemsD.a(IsisSolarPanelv2.o)
 .text._InitiateConversion
                0x20015350       0xac C:/Hoopoe3/satellite-subsystems/demo/..//satellite-subsystems/lib\libSatelliteSubsystemsD.a(IsisSolarPanelv2.o)
 .text._WaitForConversionComplete
                0x200153fc      0x100 C:/Hoopoe3/satellite-subsystems/demo/..//satellite-subsystems/lib\libSatelliteSubsystemsD.a(IsisSolarPanelv2.o)
 .text._ReadResult
                0x200154fc      0x158 C:/Hoopoe3/satellite-subsystems/demo/..//satellite-subsystems/lib\libSatelliteSubsystemsD.a(IsisSolarPanelv2.o)
 .text._ExtractByte
                0x20015654       0x38 C:/Hoopoe3/satellite-subsystems/demo/..//satellite-subsystems/lib\libSatelliteSubsystemsD.a(IsisSolarPanelv2.o)
 .text._ExtendSign
                0x2001568c       0x6c C:/Hoopoe3/satellite-subsystems/demo/..//satellite-subsystems/lib\libSatelliteSubsystemsD.a(IsisSolarPanelv2.o)
 .text._PinsInit
                0x200156f8       0x50 C:/Hoopoe3/satellite-subsystems/demo/..//satellite-subsystems/lib\libSatelliteSubsystemsD.a(IsisSolarPanelv2.o)
 .text._SpiWriteRead
                0x20015748       0x70 C:/Hoopoe3/satellite-subsystems/demo/..//satellite-subsystems/lib\libSatelliteSubsystemsD.a(IsisSolarPanelv2.o)
 .text.IsisTrxvu_initialize
                0x200157b8      0x2f4 C:/Hoopoe3/satellite-subsystems/demo/..//satellite-subsystems/lib\libSatelliteSubsystemsD.a(IsisTRXVU.o)
                0x200157b8                IsisTrxvu_initialize
 .text.makeTRXVUtransfer
                0x20015aac       0x44 C:/Hoopoe3/satellite-subsystems/demo/..//satellite-subsystems/lib\libSatelliteSubsystemsD.a(IsisTRXVU.o)
 .text.IsisTrxvu_componentSoftReset
                0x20015af0       0x6c C:/Hoopoe3/satellite-subsystems/demo/..//satellite-subsystems/lib\libSatelliteSubsystemsD.a(IsisTRXVU.o)
                0x20015af0                IsisTrxvu_componentSoftReset
 .text.IsisTrxvu_componentHardReset
                0x20015b5c       0xc8 C:/Hoopoe3/satellite-subsystems/demo/..//satellite-subsystems/lib\libSatelliteSubsystemsD.a(IsisTRXVU.o)
                0x20015b5c                IsisTrxvu_componentHardReset
 .text.IsisTrxvu_softReset
                0x20015c24       0x74 C:/Hoopoe3/satellite-subsystems/demo/..//satellite-subsystems/lib\libSatelliteSubsystemsD.a(IsisTRXVU.o)
                0x20015c24                IsisTrxvu_softReset
 .text.IsisTrxvu_hardReset
                0x20015c98       0x74 C:/Hoopoe3/satellite-subsystems/demo/..//satellite-subsystems/lib\libSatelliteSubsystemsD.a(IsisTRXVU.o)
                0x20015c98                IsisTrxvu_hardReset
 .text.IsisTrxvu_tcSendAX25DefClSign
                0x20015d0c       0xec C:/Hoopoe3/satellite-subsystems/demo/..//satellite-subsystems/lib\libSatelliteSubsystemsD.a(IsisTRXVU.o)
                0x20015d0c                IsisTrxvu_tcSendAX25DefClSign
 .text.IsisTrxvu_tcSetIdlestate
                0x20015df8       0xa4 C:/Hoopoe3/satellite-subsystems/demo/..//satellite-subsystems/lib\libSatelliteSubsystemsD.a(IsisTRXVU.o)
                0x20015df8                IsisTrxvu_tcSetIdlestate
 .text.IsisTrxvu_tcSetAx25Bitrate
                0x20015e9c       0xc4 C:/Hoopoe3/satellite-subsystems/demo/..//satellite-subsystems/lib\libSatelliteSubsystemsD.a(IsisTRXVU.o)
                0x20015e9c                IsisTrxvu_tcSetAx25Bitrate
 .text.IsisTrxvu_tcGetTelemetryAll_revC
                0x20015f60       0xd0 C:/Hoopoe3/satellite-subsystems/demo/..//satellite-subsystems/lib\libSatelliteSubsystemsD.a(IsisTRXVU.o)
                0x20015f60                IsisTrxvu_tcGetTelemetryAll_revC
 .text.IsisTrxvu_rcGetFrameCount
                0x20016030       0xa0 C:/Hoopoe3/satellite-subsystems/demo/..//satellite-subsystems/lib\libSatelliteSubsystemsD.a(IsisTRXVU.o)
                0x20016030                IsisTrxvu_rcGetFrameCount
 .text.IsisTrxvu_rcGetCommandFrame
                0x200160d0      0x2d8 C:/Hoopoe3/satellite-subsystems/demo/..//satellite-subsystems/lib\libSatelliteSubsystemsD.a(IsisTRXVU.o)
                0x200160d0                IsisTrxvu_rcGetCommandFrame
 .text.IsisTrxvu_rcGetTelemetryAll_revC
                0x200163a8       0xec C:/Hoopoe3/satellite-subsystems/demo/..//satellite-subsystems/lib\libSatelliteSubsystemsD.a(IsisTRXVU.o)
                0x200163a8                IsisTrxvu_rcGetTelemetryAll_revC
 .text.cspaceADCS_initialize
                0x20016494      0x18c C:/Hoopoe3/satellite-subsystems/demo/..//satellite-subsystems/lib\libSatelliteSubsystemsD.a(cspaceADCS.o)
                0x20016494                cspaceADCS_initialize
 .text.make_cspaceADCStransfer
                0x20016620      0x1b4 C:/Hoopoe3/satellite-subsystems/demo/..//satellite-subsystems/lib\libSatelliteSubsystemsD.a(cspaceADCS.o)
 .text.cspaceADCS_componentReset
                0x200167d4       0xbc C:/Hoopoe3/satellite-subsystems/demo/..//satellite-subsystems/lib\libSatelliteSubsystemsD.a(cspaceADCS.o)
                0x200167d4                cspaceADCS_componentReset
 .text.cspaceADCS_setRunMode
                0x20016890       0xbc C:/Hoopoe3/satellite-subsystems/demo/..//satellite-subsystems/lib\libSatelliteSubsystemsD.a(cspaceADCS.o)
                0x20016890                cspaceADCS_setRunMode
 .text.cspaceADCS_setPwrCtrlDevice
                0x2001694c       0xd0 C:/Hoopoe3/satellite-subsystems/demo/..//satellite-subsystems/lib\libSatelliteSubsystemsD.a(cspaceADCS.o)
                0x2001694c                cspaceADCS_setPwrCtrlDevice
 .text.cspaceADCS_setAttCtrlMode
                0x20016a1c       0xd0 C:/Hoopoe3/satellite-subsystems/demo/..//satellite-subsystems/lib\libSatelliteSubsystemsD.a(cspaceADCS.o)
                0x20016a1c                cspaceADCS_setAttCtrlMode
 .text.cspaceADCS_setAttEstMode
                0x20016aec       0xbc C:/Hoopoe3/satellite-subsystems/demo/..//satellite-subsystems/lib\libSatelliteSubsystemsD.a(cspaceADCS.o)
                0x20016aec                cspaceADCS_setAttEstMode
 .text.cspaceADCS_getCurrentState
                0x20016ba8       0xc4 C:/Hoopoe3/satellite-subsystems/demo/..//satellite-subsystems/lib\libSatelliteSubsystemsD.a(cspaceADCS.o)
                0x20016ba8                cspaceADCS_getCurrentState
 .text.cspaceADCS_getPwrCtrlDevice
                0x20016c6c       0xc4 C:/Hoopoe3/satellite-subsystems/demo/..//satellite-subsystems/lib\libSatelliteSubsystemsD.a(cspaceADCS.o)
                0x20016c6c                cspaceADCS_getPwrCtrlDevice
 .text.GECKO_GetReg
                0x20016d30      0x110 C:/Hoopoe3/satellite-subsystems/demo/..//satellite-subsystems/lib\libSatelliteSubsystemsD.a(gecko_driver.o)
                0x20016d30                GECKO_GetReg
 .text.GECKO_GetVoltageInput5V
                0x20016e40       0xf4 C:/Hoopoe3/satellite-subsystems/demo/..//satellite-subsystems/lib\libSatelliteSubsystemsD.a(gecko_driver.o)
                0x20016e40                GECKO_GetVoltageInput5V
 .text.GECKO_GetCurrentInput5V
                0x20016f34      0x130 C:/Hoopoe3/satellite-subsystems/demo/..//satellite-subsystems/lib\libSatelliteSubsystemsD.a(gecko_driver.o)
                0x20016f34                GECKO_GetCurrentInput5V
 .text.GECKO_GetVoltageFPGA1V
                0x20017064       0xd4 C:/Hoopoe3/satellite-subsystems/demo/..//satellite-subsystems/lib\libSatelliteSubsystemsD.a(gecko_driver.o)
                0x20017064                GECKO_GetVoltageFPGA1V
 .text.GECKO_GetCurrentFPGA1V
                0x20017138      0x130 C:/Hoopoe3/satellite-subsystems/demo/..//satellite-subsystems/lib\libSatelliteSubsystemsD.a(gecko_driver.o)
                0x20017138                GECKO_GetCurrentFPGA1V
 .text.GECKO_GetVoltageFPGA1V8
                0x20017268       0xd4 C:/Hoopoe3/satellite-subsystems/demo/..//satellite-subsystems/lib\libSatelliteSubsystemsD.a(gecko_driver.o)
                0x20017268                GECKO_GetVoltageFPGA1V8
 .text.GECKO_GetCurrentFPGA1V8
                0x2001733c      0x130 C:/Hoopoe3/satellite-subsystems/demo/..//satellite-subsystems/lib\libSatelliteSubsystemsD.a(gecko_driver.o)
                0x2001733c                GECKO_GetCurrentFPGA1V8
 .text.GECKO_GetVoltageFPGA2V5
                0x2001746c       0xe8 C:/Hoopoe3/satellite-subsystems/demo/..//satellite-subsystems/lib\libSatelliteSubsystemsD.a(gecko_driver.o)
                0x2001746c                GECKO_GetVoltageFPGA2V5
 .text.GECKO_GetCurrentFPGA2V5
                0x20017554      0x130 C:/Hoopoe3/satellite-subsystems/demo/..//satellite-subsystems/lib\libSatelliteSubsystemsD.a(gecko_driver.o)
                0x20017554                GECKO_GetCurrentFPGA2V5
 .text.GECKO_GetVoltageFPGA3V3
                0x20017684       0xe8 C:/Hoopoe3/satellite-subsystems/demo/..//satellite-subsystems/lib\libSatelliteSubsystemsD.a(gecko_driver.o)
                0x20017684                GECKO_GetVoltageFPGA3V3
 .text.GECKO_GetCurrentFPGA3V3
                0x2001776c      0x130 C:/Hoopoe3/satellite-subsystems/demo/..//satellite-subsystems/lib\libSatelliteSubsystemsD.a(gecko_driver.o)
                0x2001776c                GECKO_GetCurrentFPGA3V3
 .text.GECKO_GetVoltageFlash1V8
                0x2001789c       0xd4 C:/Hoopoe3/satellite-subsystems/demo/..//satellite-subsystems/lib\libSatelliteSubsystemsD.a(gecko_driver.o)
                0x2001789c                GECKO_GetVoltageFlash1V8
 .text.GECKO_GetCurrentFlash1V8
                0x20017970      0x130 C:/Hoopoe3/satellite-subsystems/demo/..//satellite-subsystems/lib\libSatelliteSubsystemsD.a(gecko_driver.o)
                0x20017970                GECKO_GetCurrentFlash1V8
 .text.GECKO_GetVoltageFlash3V3
                0x20017aa0       0xe8 C:/Hoopoe3/satellite-subsystems/demo/..//satellite-subsystems/lib\libSatelliteSubsystemsD.a(gecko_driver.o)
                0x20017aa0                GECKO_GetVoltageFlash3V3
 .text.GECKO_GetCurrentFlash3V3
                0x20017b88      0x130 C:/Hoopoe3/satellite-subsystems/demo/..//satellite-subsystems/lib\libSatelliteSubsystemsD.a(gecko_driver.o)
                0x20017b88                GECKO_GetCurrentFlash3V3
 .text.GECKO_GetVoltageSNSR1V8
                0x20017cb8       0xe8 C:/Hoopoe3/satellite-subsystems/demo/..//satellite-subsystems/lib\libSatelliteSubsystemsD.a(gecko_driver.o)
                0x20017cb8                GECKO_GetVoltageSNSR1V8
 .text.GECKO_GetCurrentSNSR1V8
                0x20017da0      0x130 C:/Hoopoe3/satellite-subsystems/demo/..//satellite-subsystems/lib\libSatelliteSubsystemsD.a(gecko_driver.o)
                0x20017da0                GECKO_GetCurrentSNSR1V8
 .text.GECKO_GetVoltageSNSRVDDPIX
                0x20017ed0       0xe8 C:/Hoopoe3/satellite-subsystems/demo/..//satellite-subsystems/lib\libSatelliteSubsystemsD.a(gecko_driver.o)
                0x20017ed0                GECKO_GetVoltageSNSRVDDPIX
 .text.GECKO_GetCurrentSNSRVDDPIX
                0x20017fb8      0x130 C:/Hoopoe3/satellite-subsystems/demo/..//satellite-subsystems/lib\libSatelliteSubsystemsD.a(gecko_driver.o)
                0x20017fb8                GECKO_GetCurrentSNSRVDDPIX
 .text.GECKO_GetVoltageSNSR3V3
                0x200180e8       0xe8 C:/Hoopoe3/satellite-subsystems/demo/..//satellite-subsystems/lib\libSatelliteSubsystemsD.a(gecko_driver.o)
                0x200180e8                GECKO_GetVoltageSNSR3V3
 .text.GECKO_GetCurrentSNSR3V3
                0x200181d0      0x130 C:/Hoopoe3/satellite-subsystems/demo/..//satellite-subsystems/lib\libSatelliteSubsystemsD.a(gecko_driver.o)
                0x200181d0                GECKO_GetCurrentSNSR3V3
 .text.GECKO_GetVoltageFlashVTT09
                0x20018300       0xd4 C:/Hoopoe3/satellite-subsystems/demo/..//satellite-subsystems/lib\libSatelliteSubsystemsD.a(gecko_driver.o)
                0x20018300                GECKO_GetVoltageFlashVTT09
 .text.GECKO_GetTempSMU3AB
                0x200183d4      0x35c C:/Hoopoe3/satellite-subsystems/demo/..//satellite-subsystems/lib\libSatelliteSubsystemsD.a(gecko_driver.o)
                0x200183d4                GECKO_GetTempSMU3AB
 .text.GECKO_GetTempSMU3BC
                0x20018730      0x360 C:/Hoopoe3/satellite-subsystems/demo/..//satellite-subsystems/lib\libSatelliteSubsystemsD.a(gecko_driver.o)
                0x20018730                GECKO_GetTempSMU3BC
 .text.GECKO_GetTempREGU6
                0x20018a90      0x35c C:/Hoopoe3/satellite-subsystems/demo/..//satellite-subsystems/lib\libSatelliteSubsystemsD.a(gecko_driver.o)
                0x20018a90                GECKO_GetTempREGU6
 .text.GECKO_GetTempREGU8
                0x20018dec      0x360 C:/Hoopoe3/satellite-subsystems/demo/..//satellite-subsystems/lib\libSatelliteSubsystemsD.a(gecko_driver.o)
                0x20018dec                GECKO_GetTempREGU8
 .text.GECKO_GetTempFlash
                0x2001914c      0x360 C:/Hoopoe3/satellite-subsystems/demo/..//satellite-subsystems/lib\libSatelliteSubsystemsD.a(gecko_driver.o)
                0x2001914c                GECKO_GetTempFlash
 .text._SpiWriteRead
                0x200194ac       0x70 C:/Hoopoe3/satellite-subsystems/demo/..//satellite-subsystems/lib\libSatelliteSubsystemsD.a(gecko_driver.o)
 .text.makeTRXCommonTransfer
                0x2001951c       0x34 C:/Hoopoe3/satellite-subsystems/demo/..//satellite-subsystems/lib\libSatelliteSubsystemsD.a(IsisTRXCommon.o)
 .text.IsisTrxCommon_componentReset
                0x20019550       0x68 C:/Hoopoe3/satellite-subsystems/demo/..//satellite-subsystems/lib\libSatelliteSubsystemsD.a(IsisTRXCommon.o)
                0x20019550                IsisTrxCommon_componentReset
 .text.IsisTrxCommon_TxSendAX25DefClSign
                0x200195b8       0xf4 C:/Hoopoe3/satellite-subsystems/demo/..//satellite-subsystems/lib\libSatelliteSubsystemsD.a(IsisTRXCommon.o)
                0x200195b8                IsisTrxCommon_TxSendAX25DefClSign
 .text.IsisTrxCommon_TxSetIdlestate
                0x200196ac       0x78 C:/Hoopoe3/satellite-subsystems/demo/..//satellite-subsystems/lib\libSatelliteSubsystemsD.a(IsisTRXCommon.o)
                0x200196ac                IsisTrxCommon_TxSetIdlestate
 .text.IsisTrxCommon_TxSetAx25Bitrate
                0x20019724       0x78 C:/Hoopoe3/satellite-subsystems/demo/..//satellite-subsystems/lib\libSatelliteSubsystemsD.a(IsisTRXCommon.o)
                0x20019724                IsisTrxCommon_TxSetAx25Bitrate
 .text.IsisTrxCommon_RxGetFrameCount
                0x2001979c       0x8c C:/Hoopoe3/satellite-subsystems/demo/..//satellite-subsystems/lib\libSatelliteSubsystemsD.a(IsisTRXCommon.o)
                0x2001979c                IsisTrxCommon_RxGetFrameCount
 .text.IsisTrxCommon_RxGetTelemetryAll_revC
                0x20019828       0x8c C:/Hoopoe3/satellite-subsystems/demo/..//satellite-subsystems/lib\libSatelliteSubsystemsD.a(IsisTRXCommon.o)
                0x20019828                IsisTrxCommon_RxGetTelemetryAll_revC
 .text.log      0x200198b4      0x17c c:/isis/application/toolchain/bin/../lib/gcc/arm-none-eabi/4.7.4/../../../../arm-none-eabi/lib\libm.a(lib_a-w_log.o)
                0x200198b4                log
 .text.__ieee754_log
                0x20019a30      0x5c0 c:/isis/application/toolchain/bin/../lib/gcc/arm-none-eabi/4.7.4/../../../../arm-none-eabi/lib\libm.a(lib_a-e_log.o)
                0x20019a30                __ieee754_log
 .text.matherr  0x20019ff0        0x8 c:/isis/application/toolchain/bin/../lib/gcc/arm-none-eabi/4.7.4/../../../../arm-none-eabi/lib\libm.a(lib_a-s_matherr.o)
                0x20019ff0                matherr
 .text.nan      0x20019ff8       0x10 c:/isis/application/toolchain/bin/../lib/gcc/arm-none-eabi/4.7.4/../../../../arm-none-eabi/lib\libm.a(lib_a-s_nan.o)
                0x20019ff8                nan
 .text.fn_init  0x2001a008      0x2e0 C:/Hoopoe3/satellite-subsystems/demo/../..//hal/hcc/lib\libHCCD.a(fat_common.o)
                0x2001a008                fn_init
 .text._f_get16bitl
                0x2001a2e8       0x4c C:/Hoopoe3/satellite-subsystems/demo/../..//hal/hcc/lib\libHCCD.a(fat_common.o)
                0x2001a2e8                _f_get16bitl
 .text._f_set16bitl
                0x2001a334       0x54 C:/Hoopoe3/satellite-subsystems/demo/../..//hal/hcc/lib\libHCCD.a(fat_common.o)
                0x2001a334                _f_set16bitl
 .text._f_get32bitl
                0x2001a388       0x68 C:/Hoopoe3/satellite-subsystems/demo/../..//hal/hcc/lib\libHCCD.a(fat_common.o)
                0x2001a388                _f_get32bitl
 .text._f_set32bitl
                0x2001a3f0       0x78 C:/Hoopoe3/satellite-subsystems/demo/../..//hal/hcc/lib\libHCCD.a(fat_common.o)
                0x2001a3f0                _f_set32bitl
 .text._get8bit
                0x2001a468       0xa0 C:/Hoopoe3/satellite-subsystems/demo/../..//hal/hcc/lib\libHCCD.a(fat_common.o)
 .text._get16bitl
                0x2001a508       0x40 C:/Hoopoe3/satellite-subsystems/demo/../..//hal/hcc/lib\libHCCD.a(fat_common.o)
 .text._get32bitl
                0x2001a548       0x3c C:/Hoopoe3/satellite-subsystems/demo/../..//hal/hcc/lib\libHCCD.a(fat_common.o)
 .text._f_setcardremoved
                0x2001a584       0x94 C:/Hoopoe3/satellite-subsystems/demo/../..//hal/hcc/lib\libHCCD.a(fat_common.o)
 .text._f_checkstatus
                0x2001a618      0x104 C:/Hoopoe3/satellite-subsystems/demo/../..//hal/hcc/lib\libHCCD.a(fat_common.o)
                0x2001a618                _f_checkstatus
 .text._f_drvgetphy
                0x2001a71c      0x114 C:/Hoopoe3/satellite-subsystems/demo/../..//hal/hcc/lib\libHCCD.a(fat_common.o)
 .text._f_drvwritesector
                0x2001a830       0xdc C:/Hoopoe3/satellite-subsystems/demo/../..//hal/hcc/lib\libHCCD.a(fat_common.o)
 .text._f_drvreadsector
                0x2001a90c       0xa8 C:/Hoopoe3/satellite-subsystems/demo/../..//hal/hcc/lib\libHCCD.a(fat_common.o)
 .text._f_writesector
                0x2001a9b4      0x23c C:/Hoopoe3/satellite-subsystems/demo/../..//hal/hcc/lib\libHCCD.a(fat_common.o)
                0x2001a9b4                _f_writesector
 .text._f_readsector
                0x2001abf0      0x1dc C:/Hoopoe3/satellite-subsystems/demo/../..//hal/hcc/lib\libHCCD.a(fat_common.o)
                0x2001abf0                _f_readsector
 .text._f_getmaxcluster
                0x2001adcc       0x94 C:/Hoopoe3/satellite-subsystems/demo/../..//hal/hcc/lib\libHCCD.a(fat_common.o)
                0x2001adcc                _f_getmaxcluster
 .text._getsectorfromcluster
                0x2001ae60       0x68 C:/Hoopoe3/satellite-subsystems/demo/../..//hal/hcc/lib\libHCCD.a(fat_common.o)
 .text._f_buildsectors
                0x2001aec8      0x268 C:/Hoopoe3/satellite-subsystems/demo/../..//hal/hcc/lib\libHCCD.a(fat_common.o)
 .text._f_getbootrecord
                0x2001b130      0x5e4 C:/Hoopoe3/satellite-subsystems/demo/../..//hal/hcc/lib\libHCCD.a(fat_common.o)
 .text._f_readbootrecord
                0x2001b714      0x4f8 C:/Hoopoe3/satellite-subsystems/demo/../..//hal/hcc/lib\libHCCD.a(fat_common.o)
 .text._f_flushcffiles
                0x2001bc0c      0x17c C:/Hoopoe3/satellite-subsystems/demo/../..//hal/hcc/lib\libHCCD.a(fat_common.o)
                0x2001bc0c                _f_flushcffiles
 .text._f_fatcache_flush
                0x2001bd88      0x270 C:/Hoopoe3/satellite-subsystems/demo/../..//hal/hcc/lib\libHCCD.a(fat_common.o)
                0x2001bd88                _f_fatcache_flush
 .text._f_writefatsector
                0x2001bff8      0x100 C:/Hoopoe3/satellite-subsystems/demo/../..//hal/hcc/lib\libHCCD.a(fat_common.o)
                0x2001bff8                _f_writefatsector
 .text._f_getfatsector
                0x2001c0f8      0x3bc C:/Hoopoe3/satellite-subsystems/demo/../..//hal/hcc/lib\libHCCD.a(fat_common.o)
 .text._f_setclustervalue
                0x2001c4b4      0x490 C:/Hoopoe3/satellite-subsystems/demo/../..//hal/hcc/lib\libHCCD.a(fat_common.o)
                0x2001c4b4                _f_setclustervalue
 .text._f_getclustervalue
                0x2001c944      0x388 C:/Hoopoe3/satellite-subsystems/demo/../..//hal/hcc/lib\libHCCD.a(fat_common.o)
                0x2001c944                _f_getclustervalue
 .text._f_close_drive_files
                0x2001cccc       0xac C:/Hoopoe3/satellite-subsystems/demo/../..//hal/hcc/lib\libHCCD.a(fat_common.o)
 .text._f_inc_mount_count
                0x2001cd78       0xa4 C:/Hoopoe3/satellite-subsystems/demo/../..//hal/hcc/lib\libHCCD.a(fat_common.o)
 .text._f_getvolume
                0x2001ce1c      0x2f8 C:/Hoopoe3/satellite-subsystems/demo/../..//hal/hcc/lib\libHCCD.a(fat_common.o)
                0x2001ce1c                _f_getvolume
 .text.fn_createdriver
                0x2001d114      0x118 C:/Hoopoe3/satellite-subsystems/demo/../..//hal/hcc/lib\libHCCD.a(fat_common.o)
                0x2001d114                fn_createdriver
 .text.fn_initvolume
                0x2001d22c      0x12c C:/Hoopoe3/satellite-subsystems/demo/../..//hal/hcc/lib\libHCCD.a(fat_common.o)
                0x2001d22c                fn_initvolume
 .text.fn_initvolumepartition_sub
                0x2001d358       0xe0 C:/Hoopoe3/satellite-subsystems/demo/../..//hal/hcc/lib\libHCCD.a(fat_common.o)
 .text.fn_initvolumepartition
                0x2001d438       0xac C:/Hoopoe3/satellite-subsystems/demo/../..//hal/hcc/lib\libHCCD.a(fat_common.o)
                0x2001d438                fn_initvolumepartition
 .text._f_clustertopos
                0x2001d4e4       0xf8 C:/Hoopoe3/satellite-subsystems/demo/../..//hal/hcc/lib\libHCCD.a(fat_common.o)
                0x2001d4e4                _f_clustertopos
 .text._f_getcurrsector
                0x2001d5dc      0x6c8 C:/Hoopoe3/satellite-subsystems/demo/../..//hal/hcc/lib\libHCCD.a(fat_common.o)
                0x2001d5dc                _f_getcurrsector
 .text._f_getdecluster
                0x2001dca4       0x90 C:/Hoopoe3/satellite-subsystems/demo/../..//hal/hcc/lib\libHCCD.a(fat_common.o)
                0x2001dca4                _f_getdecluster
 .text._f_setdecluster
                0x2001dd34       0x8c C:/Hoopoe3/satellite-subsystems/demo/../..//hal/hcc/lib\libHCCD.a(fat_common.o)
                0x2001dd34                _f_setdecluster
 .text.fn_getdrive
                0x2001ddc0       0x30 C:/Hoopoe3/satellite-subsystems/demo/../..//hal/hcc/lib\libHCCD.a(fat_common.o)
                0x2001ddc0                fn_getdrive
 .text._f_getcurrenttimedate
                0x2001ddf0      0x138 C:/Hoopoe3/satellite-subsystems/demo/../..//hal/hcc/lib\libHCCD.a(fat_common.o)
                0x2001ddf0                _f_getcurrenttimedate
 .text._f_initentry
                0x2001df28       0xa0 C:/Hoopoe3/satellite-subsystems/demo/../..//hal/hcc/lib\libHCCD.a(fat_common.o)
                0x2001df28                _f_initentry
 .text._f_alloccluster
                0x2001dfc8      0x344 C:/Hoopoe3/satellite-subsystems/demo/../..//hal/hcc/lib\libHCCD.a(fat_common.o)
                0x2001dfc8                _f_alloccluster
 .text._f_dobadblock
                0x2001e30c      0x2cc C:/Hoopoe3/satellite-subsystems/demo/../..//hal/hcc/lib\libHCCD.a(fat_common.o)
                0x2001e30c                _f_dobadblock
 .text._f_checklocked
                0x2001e5d8       0xe4 C:/Hoopoe3/satellite-subsystems/demo/../..//hal/hcc/lib\libHCCD.a(fat_common.o)
                0x2001e5d8                _f_checklocked
 .text._f_checkappendlocked
                0x2001e6bc      0x110 C:/Hoopoe3/satellite-subsystems/demo/../..//hal/hcc/lib\libHCCD.a(fat_common.o)
                0x2001e6bc                _f_checkappendlocked
 .text._f_setsyncafile
                0x2001e7cc      0x114 C:/Hoopoe3/satellite-subsystems/demo/../..//hal/hcc/lib\libHCCD.a(fat_common.o)
                0x2001e7cc                _f_setsyncafile
 .text._f_syncfiles
                0x2001e8e0      0x128 C:/Hoopoe3/satellite-subsystems/demo/../..//hal/hcc/lib\libHCCD.a(fat_common.o)
                0x2001e8e0                _f_syncfiles
 .text._f_syncfilescontent
                0x2001ea08      0x15c C:/Hoopoe3/satellite-subsystems/demo/../..//hal/hcc/lib\libHCCD.a(fat_common.o)
 .text.fn_getfreespace
                0x2001eb64      0x4c0 C:/Hoopoe3/satellite-subsystems/demo/../..//hal/hcc/lib\libHCCD.a(fat_common.o)
                0x2001eb64                fn_getfreespace
 .text._f_emptywritecache
                0x2001f024      0x4a4 C:/Hoopoe3/satellite-subsystems/demo/../..//hal/hcc/lib\libHCCD.a(fat_common.o)
 .text._f_allocnextcluster
                0x2001f4c8      0x54c C:/Hoopoe3/satellite-subsystems/demo/../..//hal/hcc/lib\libHCCD.a(fat_common.o)
 .text._f_emptywritebuffer
                0x2001fa14      0x20c C:/Hoopoe3/satellite-subsystems/demo/../..//hal/hcc/lib\libHCCD.a(fat_common.o)
 .text._f_writezeros
                0x2001fc20       0xf0 C:/Hoopoe3/satellite-subsystems/demo/../..//hal/hcc/lib\libHCCD.a(fat_common.o)
                0x2001fc20                _f_writezeros
 .text._f_extend_file
                0x2001fd10      0x570 C:/Hoopoe3/satellite-subsystems/demo/../..//hal/hcc/lib\libHCCD.a(fat_common.o)
 .text._f_fseek
                0x20020280      0x9bc C:/Hoopoe3/satellite-subsystems/demo/../..//hal/hcc/lib\libHCCD.a(fat_common.o)
                0x20020280                _f_fseek
 .text._f_removechain
                0x20020c3c      0x104 C:/Hoopoe3/satellite-subsystems/demo/../..//hal/hcc/lib\libHCCD.a(fat_common.o)
                0x20020c3c                _f_removechain
 .text._f_updatefileentry
                0x20020d40      0x1cc C:/Hoopoe3/satellite-subsystems/demo/../..//hal/hcc/lib\libHCCD.a(fat_common.o)
 .text._f_checkreadlocked
                0x20020f0c      0x1bc C:/Hoopoe3/satellite-subsystems/demo/../..//hal/hcc/lib\libHCCD.a(fat_common.o)
                0x20020f0c                _f_checkreadlocked
 .text._f_check_handle
                0x200210c8       0x98 C:/Hoopoe3/satellite-subsystems/demo/../..//hal/hcc/lib\libHCCD.a(fat_common.o)
                0x200210c8                _f_check_handle
 .text._f_removesyncafile
                0x20021160      0x1ec C:/Hoopoe3/satellite-subsystems/demo/../..//hal/hcc/lib\libHCCD.a(fat_common.o)
 .text.fn_close
                0x2002134c      0x3f8 C:/Hoopoe3/satellite-subsystems/demo/../..//hal/hcc/lib\libHCCD.a(fat_common.o)
                0x2002134c                fn_close
 .text.fn_flush
                0x20021744      0x374 C:/Hoopoe3/satellite-subsystems/demo/../..//hal/hcc/lib\libHCCD.a(fat_common.o)
                0x20021744                fn_flush
 .text.fn_read  0x20021ab8      0x690 C:/Hoopoe3/satellite-subsystems/demo/../..//hal/hcc/lib\libHCCD.a(fat_common.o)
                0x20021ab8                fn_read
 .text._f_abortwrite
                0x20022148      0x100 C:/Hoopoe3/satellite-subsystems/demo/../..//hal/hcc/lib\libHCCD.a(fat_common.o)
 .text._f_checkwritecluster
                0x20022248       0xe4 C:/Hoopoe3/satellite-subsystems/demo/../..//hal/hcc/lib\libHCCD.a(fat_common.o)
 .text.fn_write
                0x2002232c      0x8a8 C:/Hoopoe3/satellite-subsystems/demo/../..//hal/hcc/lib\libHCCD.a(fat_common.o)
                0x2002232c                fn_write
 .text.fn_seek  0x20022bd4      0x270 C:/Hoopoe3/satellite-subsystems/demo/../..//hal/hcc/lib\libHCCD.a(fat_common.o)
                0x20022bd4                fn_seek
 .text.f_enterFS
                0x20022e44      0x1c0 C:/Hoopoe3/satellite-subsystems/demo/../..//hal/hcc/lib\libHCCD.a(fat_common.o)
                0x20022e44                f_enterFS
 .text.fnGetTask
                0x20023004       0xfc C:/Hoopoe3/satellite-subsystems/demo/../..//hal/hcc/lib\libHCCD.a(fat_common.o)
                0x20023004                fnGetTask
 .text._f_mutex_get
                0x20023100       0x98 C:/Hoopoe3/satellite-subsystems/demo/../..//hal/hcc/lib\libHCCD.a(fat_common.o)
                0x20023100                _f_mutex_get
 .text._f_mutex_put
                0x20023198       0x54 C:/Hoopoe3/satellite-subsystems/demo/../..//hal/hcc/lib\libHCCD.a(fat_common.o)
                0x20023198                _f_mutex_put
 .text._fn_initseekdivisor
                0x200231ec      0x158 C:/Hoopoe3/satellite-subsystems/demo/../..//hal/hcc/lib\libHCCD.a(fat_common.o)
                0x200231ec                _fn_initseekdivisor
 .text._fn_updateseekpos
                0x20023344       0xc4 C:/Hoopoe3/satellite-subsystems/demo/../..//hal/hcc/lib\libHCCD.a(fat_common.o)
 .text._f_findopensize
                0x20023408       0x2c C:/Hoopoe3/satellite-subsystems/demo/../..//hal/hcc/lib\libHCCD.a(fat_common.o)
                0x20023408                _f_findopensize
 .text.fn_setlasterror
                0x20023434       0x34 C:/Hoopoe3/satellite-subsystems/demo/../..//hal/hcc/lib\libHCCD.a(fat_common.o)
                0x20023434                fn_setlasterror
 .text.fn_setlasterror_noret
                0x20023468       0x2c C:/Hoopoe3/satellite-subsystems/demo/../..//hal/hcc/lib\libHCCD.a(fat_common.o)
                0x20023468                fn_setlasterror_noret
 .text.fm_initvolume
                0x20023494       0x70 C:/Hoopoe3/satellite-subsystems/demo/../..//hal/hcc/lib\libHCCD.a(fat_m.o)
                0x20023494                fm_initvolume
 .text.fm_getdrive
                0x20023504       0x70 C:/Hoopoe3/satellite-subsystems/demo/../..//hal/hcc/lib\libHCCD.a(fat_m.o)
                0x20023504                fm_getdrive
 .text.fm_getfreespace
                0x20023574       0x68 C:/Hoopoe3/satellite-subsystems/demo/../..//hal/hcc/lib\libHCCD.a(fat_m.o)
                0x20023574                fm_getfreespace
 .text.fm_findfirst
                0x200235dc       0x68 C:/Hoopoe3/satellite-subsystems/demo/../..//hal/hcc/lib\libHCCD.a(fat_m.o)
                0x200235dc                fm_findfirst
 .text.fm_findnext
                0x20023644       0x60 C:/Hoopoe3/satellite-subsystems/demo/../..//hal/hcc/lib\libHCCD.a(fat_m.o)
                0x20023644                fm_findnext
 .text.fm_filelength
                0x200236a4       0x60 C:/Hoopoe3/satellite-subsystems/demo/../..//hal/hcc/lib\libHCCD.a(fat_m.o)
                0x200236a4                fm_filelength
 .text.fm_close
                0x20023704       0x60 C:/Hoopoe3/satellite-subsystems/demo/../..//hal/hcc/lib\libHCCD.a(fat_m.o)
                0x20023704                fm_close
 .text.fm_flush
                0x20023764       0x60 C:/Hoopoe3/satellite-subsystems/demo/../..//hal/hcc/lib\libHCCD.a(fat_m.o)
                0x20023764                fm_flush
 .text.fm_open  0x200237c4       0x68 C:/Hoopoe3/satellite-subsystems/demo/../..//hal/hcc/lib\libHCCD.a(fat_m.o)
                0x200237c4                fm_open
 .text.fm_read  0x2002382c       0x7c C:/Hoopoe3/satellite-subsystems/demo/../..//hal/hcc/lib\libHCCD.a(fat_m.o)
                0x2002382c                fm_read
 .text.fm_write
                0x200238a8       0x7c C:/Hoopoe3/satellite-subsystems/demo/../..//hal/hcc/lib\libHCCD.a(fat_m.o)
                0x200238a8                fm_write
 .text.fm_seek  0x20023924       0x70 C:/Hoopoe3/satellite-subsystems/demo/../..//hal/hcc/lib\libHCCD.a(fat_m.o)
                0x20023924                fm_seek
 .text.fm_delete
                0x20023994       0x64 C:/Hoopoe3/satellite-subsystems/demo/../..//hal/hcc/lib\libHCCD.a(fat_m.o)
                0x20023994                fm_delete
 .text._s_checkzeroclusteratend
                0x200239f8       0xf8 C:/Hoopoe3/satellite-subsystems/demo/../..//hal/hcc/lib\libHCCD.a(safefat.o)
 .text._s_clearclustercontent
                0x20023af0      0x108 C:/Hoopoe3/satellite-subsystems/demo/../..//hal/hcc/lib\libHCCD.a(safefat.o)
 .text._s_clearclustercontentdir
                0x20023bf8      0x19c C:/Hoopoe3/satellite-subsystems/demo/../..//hal/hcc/lib\libHCCD.a(safefat.o)
 .text._s_writedirsector
                0x20023d94       0xd0 C:/Hoopoe3/satellite-subsystems/demo/../..//hal/hcc/lib\libHCCD.a(safefat.o)
 .text._s_getdirsector
                0x20023e64      0x100 C:/Hoopoe3/satellite-subsystems/demo/../..//hal/hcc/lib\libHCCD.a(safefat.o)
 .text._s_addentry
                0x20023f64      0x394 C:/Hoopoe3/satellite-subsystems/demo/../..//hal/hcc/lib\libHCCD.a(safefat.o)
 .text._s_findfile
                0x200242f8      0x33c C:/Hoopoe3/satellite-subsystems/demo/../..//hal/hcc/lib\libHCCD.a(safefat.o)
 .text._s_findsubdir
                0x20024634      0x248 C:/Hoopoe3/satellite-subsystems/demo/../..//hal/hcc/lib\libHCCD.a(safefat.o)
 .text._s_createfile
                0x2002487c      0x190 C:/Hoopoe3/satellite-subsystems/demo/../..//hal/hcc/lib\libHCCD.a(safefat.o)
 .text._s_findsaffile
                0x20024a0c      0x1b8 C:/Hoopoe3/satellite-subsystems/demo/../..//hal/hcc/lib\libHCCD.a(safefat.o)
 .text._s_open  0x20024bc4       0xe4 C:/Hoopoe3/satellite-subsystems/demo/../..//hal/hcc/lib\libHCCD.a(safefat.o)
 .text._s_open_saf
                0x20024ca8       0xe8 C:/Hoopoe3/satellite-subsystems/demo/../..//hal/hcc/lib\libHCCD.a(safefat.o)
 .text._s_flush
                0x20024d90       0x84 C:/Hoopoe3/satellite-subsystems/demo/../..//hal/hcc/lib\libHCCD.a(safefat.o)
 .text._s_allocnextcluster
                0x20024e14      0x13c C:/Hoopoe3/satellite-subsystems/demo/../..//hal/hcc/lib\libHCCD.a(safefat.o)
 .text._s_getnextsector
                0x20024f50       0xdc C:/Hoopoe3/satellite-subsystems/demo/../..//hal/hcc/lib\libHCCD.a(safefat.o)
 .text._s_seek  0x2002502c      0x1e8 C:/Hoopoe3/satellite-subsystems/demo/../..//hal/hcc/lib\libHCCD.a(safefat.o)
 .text._s_read  0x20025214      0x228 C:/Hoopoe3/satellite-subsystems/demo/../..//hal/hcc/lib\libHCCD.a(safefat.o)
 .text._s_write
                0x2002543c      0x384 C:/Hoopoe3/satellite-subsystems/demo/../..//hal/hcc/lib\libHCCD.a(safefat.o)
 .text._s_restoreclusters
                0x200257c0      0x270 C:/Hoopoe3/satellite-subsystems/demo/../..//hal/hcc/lib\libHCCD.a(safefat.o)
                0x200257c0                _s_restoreclusters
 .text._s_findrestore
                0x20025a30      0x18c C:/Hoopoe3/satellite-subsystems/demo/../..//hal/hcc/lib\libHCCD.a(safefat.o)
 .text._s_cmd_writede
                0x20025bbc       0xd8 C:/Hoopoe3/satellite-subsystems/demo/../..//hal/hcc/lib\libHCCD.a(safefat.o)
 .text._s_cmd_setcluster
                0x20025c94       0x88 C:/Hoopoe3/satellite-subsystems/demo/../..//hal/hcc/lib\libHCCD.a(safefat.o)
 .text._s_cmd_deletechain
                0x20025d1c      0x100 C:/Hoopoe3/satellite-subsystems/demo/../..//hal/hcc/lib\libHCCD.a(safefat.o)
 .text._s_cmd_validatecfn
                0x20025e1c      0x308 C:/Hoopoe3/satellite-subsystems/demo/../..//hal/hcc/lib\libHCCD.a(safefat.o)
 .text._s_cmd_seteof
                0x20026124      0x3c4 C:/Hoopoe3/satellite-subsystems/demo/../..//hal/hcc/lib\libHCCD.a(safefat.o)
 .text.safe_docommands
                0x200264e8      0x56c C:/Hoopoe3/satellite-subsystems/demo/../..//hal/hcc/lib\libHCCD.a(safefat.o)
                0x200264e8                safe_docommands
 .text.safe_entercommand
                0x20026a54       0x68 C:/Hoopoe3/satellite-subsystems/demo/../..//hal/hcc/lib\libHCCD.a(safefat.o)
                0x20026a54                safe_entercommand
 .text.safe_ready
                0x20026abc       0xf4 C:/Hoopoe3/satellite-subsystems/demo/../..//hal/hcc/lib\libHCCD.a(safefat.o)
                0x20026abc                safe_ready
 .text.safe_copycfn
                0x20026bb0       0xb8 C:/Hoopoe3/satellite-subsystems/demo/../..//hal/hcc/lib\libHCCD.a(safefat.o)
                0x20026bb0                safe_copycfn
 .text.safe_cfremove
                0x20026c68       0xb8 C:/Hoopoe3/satellite-subsystems/demo/../..//hal/hcc/lib\libHCCD.a(safefat.o)
                0x20026c68                safe_cfremove
 .text.safe_writede
                0x20026d20      0x104 C:/Hoopoe3/satellite-subsystems/demo/../..//hal/hcc/lib\libHCCD.a(safefat.o)
                0x20026d20                safe_writede
 .text.safe_setcluster
                0x20026e24       0xcc C:/Hoopoe3/satellite-subsystems/demo/../..//hal/hcc/lib\libHCCD.a(safefat.o)
                0x20026e24                safe_setcluster
 .text.safe_deletechain
                0x20026ef0      0x1c8 C:/Hoopoe3/satellite-subsystems/demo/../..//hal/hcc/lib\libHCCD.a(safefat.o)
                0x20026ef0                safe_deletechain
 .text.safe_cfclose
                0x200270b8      0x104 C:/Hoopoe3/satellite-subsystems/demo/../..//hal/hcc/lib\libHCCD.a(safefat.o)
                0x200270b8                safe_cfclose
 .text.safe_cfflush
                0x200271bc      0x124 C:/Hoopoe3/satellite-subsystems/demo/../..//hal/hcc/lib\libHCCD.a(safefat.o)
                0x200271bc                safe_cfflush
 .text.safe_reset
                0x200272e0       0x78 C:/Hoopoe3/satellite-subsystems/demo/../..//hal/hcc/lib\libHCCD.a(safefat.o)
                0x200272e0                safe_reset
 .text.safe_loadcommands
                0x20027358       0x78 C:/Hoopoe3/satellite-subsystems/demo/../..//hal/hcc/lib\libHCCD.a(safefat.o)
                0x20027358                safe_loadcommands
 .text.safe_poweron
                0x200273d0      0x1fc C:/Hoopoe3/satellite-subsystems/demo/../..//hal/hcc/lib\libHCCD.a(safefat.o)
                0x200273d0                safe_poweron
 .text.cf_getname
                0x200275cc       0xc0 C:/Hoopoe3/satellite-subsystems/demo/../..//hal/hcc/lib\libHCCD.a(safefat.o)
 .text.cf_copyclusterchain
                0x2002768c      0x138 C:/Hoopoe3/satellite-subsystems/demo/../..//hal/hcc/lib\libHCCD.a(safefat.o)
 .text.cf_seektozero
                0x200277c4       0x94 C:/Hoopoe3/satellite-subsystems/demo/../..//hal/hcc/lib\libHCCD.a(safefat.o)
                0x200277c4                cf_seektozero
 .text.cf_create
                0x20027858      0x3a8 C:/Hoopoe3/satellite-subsystems/demo/../..//hal/hcc/lib\libHCCD.a(safefat.o)
                0x20027858                cf_create
 .text.cf_copyclustercontent
                0x20027c00      0x128 C:/Hoopoe3/satellite-subsystems/demo/../..//hal/hcc/lib\libHCCD.a(safefat.o)
                0x20027c00                cf_copyclustercontent
 .text.cf_copycfn
                0x20027d28      0x4bc C:/Hoopoe3/satellite-subsystems/demo/../..//hal/hcc/lib\libHCCD.a(safefat.o)
                0x20027d28                cf_copycfn
 .text.cf_remove
                0x200281e4      0x344 C:/Hoopoe3/satellite-subsystems/demo/../..//hal/hcc/lib\libHCCD.a(safefat.o)
                0x200281e4                cf_remove
 .text.cf_setclusternew
                0x20028528       0xf0 C:/Hoopoe3/satellite-subsystems/demo/../..//hal/hcc/lib\libHCCD.a(safefat.o)
                0x20028528                cf_setclusternew
 .text.cf_flush
                0x20028618       0x58 C:/Hoopoe3/satellite-subsystems/demo/../..//hal/hcc/lib\libHCCD.a(safefat.o)
                0x20028618                cf_flush
 .text.cf_getcluster
                0x20028670      0x1b4 C:/Hoopoe3/satellite-subsystems/demo/../..//hal/hcc/lib\libHCCD.a(safefat.o)
                0x20028670                cf_getcluster
 .text.cf_setnextcluster
                0x20028824      0x194 C:/Hoopoe3/satellite-subsystems/demo/../..//hal/hcc/lib\libHCCD.a(safefat.o)
                0x20028824                cf_setnextcluster
 .text.cf_getpositions
                0x200289b8       0xbc C:/Hoopoe3/satellite-subsystems/demo/../..//hal/hcc/lib\libHCCD.a(safefat.o)
                0x200289b8                cf_getpositions
 .text.cf_setpositions
                0x20028a74       0xb0 C:/Hoopoe3/satellite-subsystems/demo/../..//hal/hcc/lib\libHCCD.a(safefat.o)
                0x20028a74                cf_setpositions
 .text.cf_opensyncafile
                0x20028b24      0x150 C:/Hoopoe3/satellite-subsystems/demo/../..//hal/hcc/lib\libHCCD.a(safefat.o)
                0x20028b24                cf_opensyncafile
 .text.cf_reloadcfo