Archive member included because of file (symbol)

c:/isis/application/toolchain/bin/../lib/gcc/arm-none-eabi/4.7.4/../../../../arm-none-eabi/lib\libc_s.a(lib_a-vfprintf_float.o)
                              (_printf_float)
c:/isis/application/toolchain/bin/../lib/gcc/arm-none-eabi/4.7.4/../../../../arm-none-eabi/lib\libc_s.a(lib_a-vfprintf_i.o)
                              c:/isis/application/toolchain/bin/../lib/gcc/arm-none-eabi/4.7.4/../../../../arm-none-eabi/lib\libc_s.a(lib_a-vfprintf_float.o) (_printf_common)
c:/isis/application/toolchain/bin/../lib/gcc/arm-none-eabi/4.7.4/../../../../arm-none-eabi/lib\libc_s.a(lib_a-vfscanf_float.o)
                              (_scanf_float)
c:/isis/application/toolchain/bin/../lib/gcc/arm-none-eabi/4.7.4/../../../../arm-none-eabi/lib\libc_s.a(lib_a-dtoa.o)
                              c:/isis/application/toolchain/bin/../lib/gcc/arm-none-eabi/4.7.4/../../../../arm-none-eabi/lib\libc_s.a(lib_a-vfprintf_float.o) (_dtoa_r)
c:/isis/application/toolchain/bin/../lib/gcc/arm-none-eabi/4.7.4/../../../../arm-none-eabi/lib\libc_s.a(lib_a-locale.o)
                              c:/isis/application/toolchain/bin/../lib/gcc/arm-none-eabi/4.7.4/../../../../arm-none-eabi/lib\libc_s.a(lib_a-vfprintf_float.o) (_localeconv_r)
c:/isis/application/toolchain/bin/../lib/gcc/arm-none-eabi/4.7.4/../../../../arm-none-eabi/lib\libc_s.a(lib_a-malloc.o)
                              c:/isis/application/toolchain/bin/../lib/gcc/arm-none-eabi/4.7.4/../../../../arm-none-eabi/lib\libc_s.a(lib_a-dtoa.o) (malloc)
c:/isis/application/toolchain/bin/../lib/gcc/arm-none-eabi/4.7.4/../../../../arm-none-eabi/lib\libc_s.a(lib_a-mallocr.o)
                              c:/isis/application/toolchain/bin/../lib/gcc/arm-none-eabi/4.7.4/../../../../arm-none-eabi/lib\libc_s.a(lib_a-malloc.o) (_malloc_r)
c:/isis/application/toolchain/bin/../lib/gcc/arm-none-eabi/4.7.4/../../../../arm-none-eabi/lib\libc_s.a(lib_a-memcpy.o)
                              c:/isis/application/toolchain/bin/../lib/gcc/arm-none-eabi/4.7.4/../../../../arm-none-eabi/lib\libc_s.a(lib_a-dtoa.o) (memcpy)
c:/isis/application/toolchain/bin/../lib/gcc/arm-none-eabi/4.7.4/../../../../arm-none-eabi/lib\libc_s.a(lib_a-mprec.o)
                              c:/isis/application/toolchain/bin/../lib/gcc/arm-none-eabi/4.7.4/../../../../arm-none-eabi/lib\libc_s.a(lib_a-dtoa.o) (_Balloc)
c:/isis/application/toolchain/bin/../lib/gcc/arm-none-eabi/4.7.4/../../../../arm-none-eabi/lib\libc_s.a(lib_a-s_fpclassify.o)
                              c:/isis/application/toolchain/bin/../lib/gcc/arm-none-eabi/4.7.4/../../../../arm-none-eabi/lib\libc_s.a(lib_a-vfprintf_float.o) (__fpclassifyd)
c:/isis/application/toolchain/bin/../lib/gcc/arm-none-eabi/4.7.4/../../../../arm-none-eabi/lib\libc_s.a(lib_a-sbrkr.o)
                              c:/isis/application/toolchain/bin/../lib/gcc/arm-none-eabi/4.7.4/../../../../arm-none-eabi/lib\libc_s.a(lib_a-mallocr.o) (_sbrk_r)
c:/isis/application/toolchain/bin/../lib/gcc/arm-none-eabi/4.7.4/../../../../arm-none-eabi/lib\libc_s.a(lib_a-sf_nan.o)
                              c:/isis/application/toolchain/bin/../lib/gcc/arm-none-eabi/4.7.4/../../../../arm-none-eabi/lib\libc_s.a(lib_a-vfscanf_float.o) (nanf)
c:/isis/application/toolchain/bin/../lib/gcc/arm-none-eabi/4.7.4/../../../../arm-none-eabi/lib\libc_s.a(lib_a-sprintf.o)
                              c:/isis/application/toolchain/bin/../lib/gcc/arm-none-eabi/4.7.4/../../../../arm-none-eabi/lib\libc_s.a(lib_a-vfscanf_float.o) (sprintf)
c:/isis/application/toolchain/bin/../lib/gcc/arm-none-eabi/4.7.4/../../../../arm-none-eabi/lib\libc_s.a(lib_a-strcmp.o)
                              c:/isis/application/toolchain/bin/../lib/gcc/arm-none-eabi/4.7.4/../../../../arm-none-eabi/lib\libc_s.a(lib_a-locale.o) (strcmp)
c:/isis/application/toolchain/bin/../lib/gcc/arm-none-eabi/4.7.4/../../../../arm-none-eabi/lib\libc_s.a(lib_a-strlen.o)
                              c:/isis/application/toolchain/bin/../lib/gcc/arm-none-eabi/4.7.4/../../../../arm-none-eabi/lib\libc_s.a(lib_a-vfprintf_float.o) (strlen)
c:/isis/application/toolchain/bin/../lib/gcc/arm-none-eabi/4.7.4/../../../../arm-none-eabi/lib\libc_s.a(lib_a-strtod.o)
                              c:/isis/application/toolchain/bin/../lib/gcc/arm-none-eabi/4.7.4/../../../../arm-none-eabi/lib\libc_s.a(lib_a-vfscanf_float.o) (_strtod_r)
c:/isis/application/toolchain/bin/../lib/gcc/arm-none-eabi/4.7.4/../../../../arm-none-eabi/lib\libc_s.a(lib_a-strtol.o)
                              c:/isis/application/toolchain/bin/../lib/gcc/arm-none-eabi/4.7.4/../../../../arm-none-eabi/lib\libc_s.a(lib_a-vfscanf_float.o) (_strtol_r)
c:/isis/application/toolchain/bin/../lib/gcc/arm-none-eabi/4.7.4/../../../../arm-none-eabi/lib\libc_s.a(lib_a-svfprintf.o)
                              c:/isis/application/toolchain/bin/../lib/gcc/arm-none-eabi/4.7.4/../../../../arm-none-eabi/lib\libc_s.a(lib_a-sprintf.o) (_svfprintf_r)
[...]
Memory Configuration

Name             Origin             Length             Attributes
sram0            0x00200000         0x00004000         w !xr
sram1            0x00300000         0x00004000         w !xr
sdram            0x20000000         0x02000000         w !xr
*default*        0x00000000         0xffffffff

Linker script and memory map

LOAD c:/isis/application/toolchain/bin/../lib/gcc/arm-none-eabi/4.7.4/../../../../arm-none-eabi/lib\libc_s.a
LOAD ./src/sub-systemCode/Main/CMD/COMM_CMD.o
LOAD ./src/sub-systemCode/Main/CMD/EPS_CMD.o
LOAD ./src/sub-systemCode/Main/CMD/General_CMD.o
LOAD ./src/sub-systemCode/Main/CMD/SW_CMD.o
LOAD ./src/sub-systemCode/Main/CMD/payload_CMD.o
LOAD ./src/sub-systemCode/Main/CMD/test_CMD.o
LOAD ./src/sub-systemCode/Main/Ants.o
LOAD ./src/sub-systemCode/Main/EPS.o
LOAD ./src/sub-systemCode/Main/HouseKeeping.o
LOAD ./src/sub-systemCode/Main/Main_Init.o
LOAD ./src/sub-systemCode/Main/commands.o
LOAD ./src/sub-systemCode/Global/Global.o
LOAD ./src/sub-systemCode/Global/GlobalParam.o
LOAD ./src/sub-systemCode/Global/TM_managment.o
LOAD ./src/sub-systemCode/CUF/CUF.o
LOAD ./src/sub-systemCode/CUF/uploadCodeTelemetry.o
LOAD ./src/sub-systemCode/COMM/APRS.o
LOAD ./src/sub-systemCode/COMM/DelayedCommand_list.o
LOAD ./src/sub-systemCode/COMM/GSC.o
LOAD ./src/sub-systemCode/COMM/TRXVU.o
LOAD ./src/sub-systemCode/ADCS/ADCS.o
LOAD ./src/sub-systemCode/ADCS/Stage_Table.o
LOAD ./src/main.o
LOAD C:/HOOPOE3/satellite-subsystems/demo/..//satellite-subsystems/lib\libSatelliteSubsystemsD.a
LOAD c:/isis/application/toolchain/bin/../lib/gcc/arm-none-eabi/4.7.4/../../../../arm-none-eabi/lib\libm.a
LOAD C:/HOOPOE3/satellite-subsystems/demo/../..//hal/hcc/lib\libHCCD.a
LOAD C:/HOOPOE3/satellite-subsystems/demo/../..//hal/hal/lib\libHALD.a
LOAD C:/HOOPOE3/satellite-subsystems/demo/../..//hal/freertos/lib\libFreeRTOSD.a
LOAD C:/HOOPOE3/satellite-subsystems/demo/../..//hal/at91/lib\libAt91D.a
START GROUP
LOAD c:/isis/application/toolchain/bin/../lib/gcc/arm-none-eabi/4.7.4\libgcc.a
LOAD c:/isis/application/toolchain/bin/../lib/gcc/arm-none-eabi/4.7.4/../../../../arm-none-eabi/lib\libc_s.a
END GROUP

.fixed          0x20000000    0x3d90c
                0x20000000                . = ALIGN (0x4)
                0x20000000                _sfixed = .
 *(.startup)
 .startup       0x20000000      0x134 C:/HOOPOE3/satellite-subsystems/demo/../..//hal/at91/lib\libAt91D.a(board_cstartup.o)
                0x20000000                entry
 *(.text)
 .text          0x20000134       0x64 C:/HOOPOE3/satellite-subsystems/demo/../..//hal/at91/lib\libAt91D.a(cp15_asm.o)
                0x20000134                _readControlRegister
                0x20000140                _writeControlRegister
                0x20000148                _waitForInterrupt
                0x20000154                _writeTTB
                0x2000015c                _writeDomain
                0x20000164                _writeITLBLockdown
                0x2000016c                _prefetchICacheLine
                0x20000174                _flushDCache
                0x20000180                _flushWriteBuffer
                0x2000018c                _invalidateIDTLBs
 .text          0x20000198      0x114 c:/isis/application/toolchain/bin/../lib/gcc/arm-none-eabi/4.7.4\libgcc.a(_udivsi3.o)
                0x20000198                __aeabi_uidiv
                0x20000198                __udivsi3
                0x2000028c                __aeabi_uidivmod
 .text          0x200002ac      0x148 c:/isis/application/toolchain/bin/../lib/gcc/arm-none-eabi/4.7.4\libgcc.a(_divsi3.o)
                0x200002ac                __divsi3
                0x200002ac                __aeabi_idiv
                0x200003d4                __aeabi_idivmod
 .text          0x200003f4        0x4 c:/isis/application/toolchain/bin/../lib/gcc/arm-none-eabi/4.7.4\libgcc.a(_dvmd_tls.o)
                0x200003f4                __aeabi_idiv0
                0x200003f4                __aeabi_ldiv0
 .text          0x200003f8      0x41c c:/isis/application/toolchain/bin/../lib/gcc/arm-none-eabi/4.7.4\libgcc.a(_arm_addsubdf3.o)
                0x200003f8                __aeabi_drsub
                0x20000400                __aeabi_dsub
                0x20000400                __subdf3
                0x20000404                __aeabi_dadd
                0x20000404                __adddf3
                0x20000714                __floatunsidf
                0x20000714                __aeabi_ui2d
                0x20000738                __floatsidf
                0x20000738                __aeabi_i2d
                0x20000760                __aeabi_f2d
                0x20000760                __extendsfdf2
                0x200007a0                __floatundidf
                0x200007a0                __aeabi_ul2d
                0x200007b4                __floatdidf
                0x200007b4                __aeabi_l2d
 .text          0x20000814      0x49c c:/isis/application/toolchain/bin/../lib/gcc/arm-none-eabi/4.7.4\libgcc.a(_arm_muldivdf3.o)
                0x20000814                __aeabi_dmul
                0x20000814                __muldf3
                0x20000aa4                __divdf3
                0x20000aa4                __aeabi_ddiv
 .text          0x20000cb0      0x144 c:/isis/application/toolchain/bin/../lib/gcc/arm-none-eabi/4.7.4\libgcc.a(_arm_cmpdf2.o)
                0x20000cb0                __gtdf2
                0x20000cb0                __gedf2
                0x20000cb8                __ltdf2
                0x20000cb8                __ledf2
                0x20000cc0                __nedf2
                0x20000cc0                __eqdf2
                0x20000cc0                __cmpdf2
                0x20000d48                __aeabi_cdrcmple
                0x20000d64                __aeabi_cdcmpeq
                0x20000d64                __aeabi_cdcmple
                0x20000d7c                __aeabi_dcmpeq
                0x20000d94                __aeabi_dcmplt
                0x20000dac                __aeabi_dcmple
                0x20000dc4                __aeabi_dcmpge
                0x20000ddc                __aeabi_dcmpgt
 .text          0x20000df4       0x5c c:/isis/application/toolchain/bin/../lib/gcc/arm-none-eabi/4.7.4\libgcc.a(_arm_fixdfsi.o)
                0x20000df4                __aeabi_d2iz
                0x20000df4                __fixdfsi
 .text          0x20000e50       0x54 c:/isis/application/toolchain/bin/../lib/gcc/arm-none-eabi/4.7.4\libgcc.a(_arm_fixunsdfsi.o)
                0x20000e50                __aeabi_d2uiz
                0x20000e50                __fixunsdfsi
 .text          0x20000ea4       0xa0 c:/isis/application/toolchain/bin/../lib/gcc/arm-none-eabi/4.7.4\libgcc.a(_arm_truncdfsf2.o)
                0x20000ea4                __truncdfsf2
                0x20000ea4                __aeabi_d2f
 .text          0x20000f44      0x2ac c:/isis/application/toolchain/bin/../lib/gcc/arm-none-eabi/4.7.4\libgcc.a(_arm_addsubsf3.o)
                0x20000f44                __aeabi_frsub
                0x20000f4c                __subsf3
                0x20000f4c                __aeabi_fsub
                0x20000f50                __aeabi_fadd
                0x20000f50                __addsf3
                0x2000110c                __aeabi_ui2f
                0x2000110c                __floatunsisf
                0x20001114                __aeabi_i2f
                0x20001114                __floatsisf
                0x20001134                __aeabi_ul2f
                0x20001134                __floatundisf
                0x20001144                __aeabi_l2f
                0x20001144                __floatdisf
 .text          0x200011f0      0x2f8 c:/isis/application/toolchain/bin/../lib/gcc/arm-none-eabi/4.7.4\libgcc.a(_arm_muldivsf3.o)
                0x200011f0                __mulsf3
                0x200011f0                __aeabi_fmul
                0x20001388                __aeabi_fdiv
                0x20001388                __divsf3
 .text          0x200014e8       0x54 c:/isis/application/toolchain/bin/../lib/gcc/arm-none-eabi/4.7.4\libgcc.a(_arm_fixunssfsi.o)
                0x200014e8                __fixunssfsi
                0x200014e8                __aeabi_f2uiz
 *(.text*)
 .text.__cvt    0x2000153c      0x138 c:/isis/application/toolchain/bin/../lib/gcc/arm-none-eabi/4.7.4/../../../../arm-none-eabi/lib\libc_s.a(lib_a-vfprintf_float.o)
                0x2000153c                __cvt
 .text.__exponent
                0x20001674       0xa8 c:/isis/application/toolchain/bin/../lib/gcc/arm-none-eabi/4.7.4/../../../../arm-none-eabi/lib\libc_s.a(lib_a-vfprintf_float.o)
                0x20001674                __exponent
 .text._printf_float
                0x2000171c      0x7dc c:/isis/application/toolchain/bin/../lib/gcc/arm-none-eabi/4.7.4/../../../../arm-none-eabi/lib\libc_s.a(lib_a-vfprintf_float.o)
                0x2000171c                _printf_float
 .text._printf_common
                0x20001ef8      0x174 c:/isis/application/toolchain/bin/../lib/gcc/arm-none-eabi/4.7.4/../../../../arm-none-eabi/lib\libc_s.a(lib_a-vfprintf_i.o)
                0x20001ef8                _printf_common
 .text._printf_i
                0x2000206c      0x3c4 c:/isis/application/toolchain/bin/../lib/gcc/arm-none-eabi/4.7.4/../../../../arm-none-eabi/lib\libc_s.a(lib_a-vfprintf_i.o)
                0x2000206c                _printf_i
 .text._scanf_float
                0x20002430      0x5f4 c:/isis/application/toolchain/bin/../lib/gcc/arm-none-eabi/4.7.4/../../../../arm-none-eabi/lib\libc_s.a(lib_a-vfscanf_float.o)
                0x20002430                _scanf_float
 .text.quorem   0x20002a24      0x1ac c:/isis/application/toolchain/bin/../lib/gcc/arm-none-eabi/4.7.4/../../../../arm-none-eabi/lib\libc_s.a(lib_a-dtoa.o)
 .text._dtoa_r  0x20002bd0     0x1268 c:/isis/application/toolchain/bin/../lib/gcc/arm-none-eabi/4.7.4/../../../../arm-none-eabi/lib\libc_s.a(lib_a-dtoa.o)
                0x20002bd0                _dtoa_r
 .text._localeconv_r
                0x20003e38        0xc c:/isis/application/toolchain/bin/../lib/gcc/arm-none-eabi/4.7.4/../../../../arm-none-eabi/lib\libc_s.a(lib_a-locale.o)
                0x20003e38                _localeconv_r
 .text.malloc   0x20003e44       0x20 c:/isis/application/toolchain/bin/../lib/gcc/arm-none-eabi/4.7.4/../../../../arm-none-eabi/lib\libc_s.a(lib_a-malloc.o)
                0x20003e44                malloc
 .text.free     0x20003e64       0x20 c:/isis/application/toolchain/bin/../lib/gcc/arm-none-eabi/4.7.4/../../../../arm-none-eabi/lib\libc_s.a(lib_a-malloc.o)
                0x20003e64                free
 .text._malloc_r
                0x20003e84       0xfc c:/isis/application/toolchain/bin/../lib/gcc/arm-none-eabi/4.7.4/../../../../arm-none-eabi/lib\libc_s.a(lib_a-mallocr.o)
                0x20003e84                _malloc_r
 .text.memcpy   0x20003f80       0x20 c:/isis/application/toolchain/bin/../lib/gcc/arm-none-eabi/4.7.4/../../../../arm-none-eabi/lib\libc_s.a(lib_a-memcpy.o)
                0x20003f80                memcpy
 .text._Balloc  0x20003fa0       0xcc c:/isis/application/toolchain/bin/../lib/gcc/arm-none-eabi/4.7.4/../../../../arm-none-eabi/lib\libc_s.a(lib_a-mprec.o)
                0x20003fa0                _Balloc
 .text._Bfree   0x2000406c       0x5c c:/isis/application/toolchain/bin/../lib/gcc/arm-none-eabi/4.7.4/../../../../arm-none-eabi/lib\libc_s.a(lib_a-mprec.o)
                0x2000406c                _Bfree
 .text.__multadd
                0x200040c8       0xbc c:/isis/application/toolchain/bin/../lib/gcc/arm-none-eabi/4.7.4/../../../../arm-none-eabi/lib\libc_s.a(lib_a-mprec.o)
                0x200040c8                __multadd
 .text.__s2b    0x20004184       0xd8 c:/isis/application/toolchain/bin/../lib/gcc/arm-none-eabi/4.7.4/../../../../arm-none-eabi/lib\libc_s.a(lib_a-mprec.o)
                0x20004184                __s2b
 .text.__hi0bits
                0x2000425c       0x58 c:/isis/application/toolchain/bin/../lib/gcc/arm-none-eabi/4.7.4/../../../../arm-none-eabi/lib\libc_s.a(lib_a-mprec.o)
                0x2000425c                __hi0bits
 .text.__lo0bits
                0x200042b4       0x94 c:/isis/application/toolchain/bin/../lib/gcc/arm-none-eabi/4.7.4/../../../../arm-none-eabi/lib\libc_s.a(lib_a-mprec.o)
                0x200042b4                __lo0bits
 .text.__i2b    0x20004348       0x24 c:/isis/application/toolchain/bin/../lib/gcc/arm-none-eabi/4.7.4/../../../../arm-none-eabi/lib\libc_s.a(lib_a-mprec.o)
                0x20004348                __i2b
 .text.__multiply
                0x2000436c      0x1ac c:/isis/application/toolchain/bin/../lib/gcc/arm-none-eabi/4.7.4/../../../../arm-none-eabi/lib\libc_s.a(lib_a-mprec.o)
                0x2000436c                __multiply
 .text.__pow5mult
                0x20004518      0x10c c:/isis/application/toolchain/bin/../lib/gcc/arm-none-eabi/4.7.4/../../../../arm-none-eabi/lib\libc_s.a(lib_a-mprec.o)
                0x20004518                __pow5mult
 .text.__lshift
                0x20004624       0xf0 c:/isis/application/toolchain/bin/../lib/gcc/arm-none-eabi/4.7.4/../../../../arm-none-eabi/lib\libc_s.a(lib_a-mprec.o)
                0x20004624                __lshift
 .text.__mcmp   0x20004714       0x60 c:/isis/application/toolchain/bin/../lib/gcc/arm-none-eabi/4.7.4/../../../../arm-none-eabi/lib\libc_s.a(lib_a-mprec.o)
                0x20004714                __mcmp
 .text.__mdiff  0x20004774      0x128 c:/isis/application/toolchain/bin/../lib/gcc/arm-none-eabi/4.7.4/../../../../arm-none-eabi/lib\libc_s.a(lib_a-mprec.o)
                0x20004774                __mdiff
 .text.__ulp    0x2000489c       0x5c c:/isis/application/toolchain/bin/../lib/gcc/arm-none-eabi/4.7.4/../../../../arm-none-eabi/lib\libc_s.a(lib_a-mprec.o)
                0x2000489c                __ulp
 .text.__b2d    0x200048f8       0xc8 c:/isis/application/toolchain/bin/../lib/gcc/arm-none-eabi/4.7.4/../../../../arm-none-eabi/lib\libc_s.a(lib_a-mprec.o)
                0x200048f8                __b2d
 .text.__d2b    0x200049c0       0xfc c:/isis/application/toolchain/bin/../lib/gcc/arm-none-eabi/4.7.4/../../../../arm-none-eabi/lib\libc_s.a(lib_a-mprec.o)
                0x200049c0                __d2b
 .text.__ratio  0x20004abc       0x70 c:/isis/application/toolchain/bin/../lib/gcc/arm-none-eabi/4.7.4/../../../../arm-none-eabi/lib\libc_s.a(lib_a-mprec.o)
                0x20004abc                __ratio
 .text.__copybits
                0x20004b2c       0x4c c:/isis/application/toolchain/bin/../lib/gcc/arm-none-eabi/4.7.4/../../../../arm-none-eabi/lib\libc_s.a(lib_a-mprec.o)
                0x20004b2c                __copybits
 .text.__any_on
                0x20004b78       0x7c c:/isis/application/toolchain/bin/../lib/gcc/arm-none-eabi/4.7.4/../../../../arm-none-eabi/lib\libc_s.a(lib_a-mprec.o)
                0x20004b78                __any_on
 .text.__fpclassifyd
                0x20004bf4       0x6c c:/isis/application/toolchain/bin/../lib/gcc/arm-none-eabi/4.7.4/../../../../arm-none-eabi/lib\libc_s.a(lib_a-s_fpclassify.o)
                0x20004bf4                __fpclassifyd
 .text._sbrk_r  0x20004c60       0x3c c:/isis/application/toolchain/bin/../lib/gcc/arm-none-eabi/4.7.4/../../../../arm-none-eabi/lib\libc_s.a(lib_a-sbrkr.o)
                0x20004c60                _sbrk_r
 .text.nanf     0x20004c9c        0xc c:/isis/application/toolchain/bin/../lib/gcc/arm-none-eabi/4.7.4/../../../../arm-none-eabi/lib\libc_s.a(lib_a-sf_nan.o)
                0x20004c9c                nanf
 .text.sprintf  0x20004ca8       0x6c c:/isis/application/toolchain/bin/../lib/gcc/arm-none-eabi/4.7.4/../../../../arm-none-eabi/lib\libc_s.a(lib_a-sprintf.o)
                0x20004ca8                siprintf
                0x20004ca8                sprintf
 .text.strcmp   0x20004d14       0x1c c:/isis/application/toolchain/bin/../lib/gcc/arm-none-eabi/4.7.4/../../../../arm-none-eabi/lib\libc_s.a(lib_a-strcmp.o)
                0x20004d14                strcmp
 .text.strlen   0x20004d30       0x1c c:/isis/application/toolchain/bin/../lib/gcc/arm-none-eabi/4.7.4/../../../../arm-none-eabi/lib\libc_s.a(lib_a-strlen.o)
                0x20004d30                strlen
 .text.match    0x20004d4c       0x54 c:/isis/application/toolchain/bin/../lib/gcc/arm-none-eabi/4.7.4/../../../../arm-none-eabi/lib\libc_s.a(lib_a-strtod.o)
 .text._strtod_r
                0x20004da0     0x1168 c:/isis/application/toolchain/bin/../lib/gcc/arm-none-eabi/4.7.4/../../../../arm-none-eabi/lib\libc_s.a(lib_a-strtod.o)
                0x20004da0                _strtod_r
 .text._strtol_r
                0x20005f08      0x1b8 c:/isis/application/toolchain/bin/../lib/gcc/arm-none-eabi/4.7.4/../../../../arm-none-eabi/lib\libc_s.a(lib_a-strtol.o)
                0x20005f08                _strtol_r
 .text.__ssputc_r
                0x200060c0      0x10c c:/isis/application/toolchain/bin/../lib/gcc/arm-none-eabi/4.7.4/../../../../arm-none-eabi/lib\libc_s.a(lib_a-svfprintf.o)
                0x200060c0                __ssputc_r
 .text._svfprintf_r
                0x200061cc      0x328 c:/isis/application/toolchain/bin/../lib/gcc/arm-none-eabi/4.7.4/../../../../arm-none-eabi/lib\libc_s.a(lib_a-svfprintf.o)
                0x200061cc                _svfiprintf_r
                0x200061cc                _svfprintf_r
 .text._calloc_r
                0x200064f4       0x2c c:/isis/application/toolchain/bin/../lib/gcc/arm-none-eabi/4.7.4/../../../../arm-none-eabi/lib\libc_s.a(lib_a-callocr.o)
                0x200064f4                _calloc_r
 .text._free_r  0x20006520      0x108 c:/isis/application/toolchain/bin/../lib/gcc/arm-none-eabi/4.7.4/../../../../arm-none-eabi/lib\libc_s.a(lib_a-freer.o)
                0x20006520                _free_r
 .text.rshift   0x20006628       0xb0 c:/isis/application/toolchain/bin/../lib/gcc/arm-none-eabi/4.7.4/../../../../arm-none-eabi/lib\libc_s.a(lib_a-gdtoa-gethex.o)
 .text.htinit.constprop.0
                0x200066d8       0x34 c:/isis/application/toolchain/bin/../lib/gcc/arm-none-eabi/4.7.4/../../../../arm-none-eabi/lib\libc_s.a(lib_a-gdtoa-gethex.o)
 .text.__hexdig_init
                0x2000670c       0x38 c:/isis/application/toolchain/bin/../lib/gcc/arm-none-eabi/4.7.4/../../../../arm-none-eabi/lib\libc_s.a(lib_a-gdtoa-gethex.o)
                0x2000670c                __hexdig_init
 .text.__gethex
                0x20006744      0x6cc c:/isis/application/toolchain/bin/../lib/gcc/arm-none-eabi/4.7.4/../../../../arm-none-eabi/lib\libc_s.a(lib_a-gdtoa-gethex.o)
                0x20006744                __gethex
 .text.L_shift  0x20006e10       0x38 c:/isis/application/toolchain/bin/../lib/gcc/arm-none-eabi/4.7.4/../../../../arm-none-eabi/lib\libc_s.a(lib_a-gdtoa-hexnan.o)
 .text.__hexnan
                0x20006e48      0x1d8 c:/isis/application/toolchain/bin/../lib/gcc/arm-none-eabi/4.7.4/../../../../arm-none-eabi/lib\libc_s.a(lib_a-gdtoa-hexnan.o)
                0x20006e48                __hexnan
 .text.memchr   0x20007020       0x34 c:/isis/application/toolchain/bin/../lib/gcc/arm-none-eabi/4.7.4/../../../../arm-none-eabi/lib\libc_s.a(lib_a-memchr.o)
                0x20007020                memchr
 .text.memset   0x20007054       0x1c c:/isis/application/toolchain/bin/../lib/gcc/arm-none-eabi/4.7.4/../../../../arm-none-eabi/lib\libc_s.a(lib_a-memset.o)
                0x20007054                memset
 .text._realloc_r
                0x20007070       0x80 c:/isis/application/toolchain/bin/../lib/gcc/arm-none-eabi/4.7.4/../../../../arm-none-eabi/lib\libc_s.a(lib_a-reallocr.o)
                0x20007070                _realloc_r
 .text.strncmp  0x200070f0       0x64 c:/isis/application/toolchain/bin/../lib/gcc/arm-none-eabi/4.7.4/../../../../arm-none-eabi/lib\libc_s.a(lib_a-strncmp.o)
                0x200070f0                strncmp
 .text._malloc_usable_size_r
                0x20007154       0x1c c:/isis/application/toolchain/bin/../lib/gcc/arm-none-eabi/4.7.4/../../../../arm-none-eabi/lib\libc_s.a(lib_a-msizer.o)
                0x20007154                _malloc_usable_size_r
 .text.cmd_error
                0x20007170       0x38 ./src/sub-systemCode/Main/CMD/COMM_CMD.o
                0x20007170                cmd_error
 .text.cmd_mute
                0x200071a8       0xc4 ./src/sub-systemCode/Main/CMD/COMM_CMD.o
                0x200071a8                cmd_mute
 .text.cmd_unmute
                0x2000726c       0x4c ./src/sub-systemCode/Main/CMD/COMM_CMD.o
                0x2000726c                cmd_unmute
 .text.cmd_active_trans
                0x200072b8       0xc0 ./src/sub-systemCode/Main/CMD/COMM_CMD.o
                0x200072b8                cmd_active_trans
 .text.cmd_shut_trans
                0x20007378       0x38 ./src/sub-systemCode/Main/CMD/COMM_CMD.o
                0x20007378                cmd_shut_trans
 .text.cmd_change_trans_rssi
                0x200073b0       0xb8 ./src/sub-systemCode/Main/CMD/COMM_CMD.o
                0x200073b0                cmd_change_trans_rssi
 .text.cmd_aprs_dump
                0x20007468       0x50 ./src/sub-systemCode/Main/CMD/COMM_CMD.o
                0x20007468                cmd_aprs_dump
 .text.cmd_stop_dump
                0x200074b8       0x38 ./src/sub-systemCode/Main/CMD/COMM_CMD.o
                0x200074b8                cmd_stop_dump
 .text.cmd_time_frequency
                0x200074f0       0xc0 ./src/sub-systemCode/Main/CMD/COMM_CMD.o
                0x200074f0                cmd_time_frequency
 .text.cmd_upload_volt_logic
                0x200075b0      0x3d0 ./src/sub-systemCode/Main/CMD/EPS_CMD.o
                0x200075b0                cmd_upload_volt_logic
 .text.cmd_upload_volt_COMM
                0x20007980      0x1c8 ./src/sub-systemCode/Main/CMD/EPS_CMD.o
                0x20007980                cmd_upload_volt_COMM
 .text.cmd_heater_temp
                0x20007b48       0xc0 ./src/sub-systemCode/Main/CMD/EPS_CMD.o
                0x20007b48                cmd_heater_temp
 .text.cmd_SHUT_CAM
                0x20007c08       0x6c ./src/sub-systemCode/Main/CMD/EPS_CMD.o
                0x20007c08                cmd_SHUT_CAM
 .text.cmd_SHUT_ADCS
                0x20007c74       0x6c ./src/sub-systemCode/Main/CMD/EPS_CMD.o
                0x20007c74                cmd_SHUT_ADCS
 .text.cmd_allow_CAM
                0x20007ce0       0x6c ./src/sub-systemCode/Main/CMD/EPS_CMD.o
                0x20007ce0                cmd_allow_CAM
 .text.cmd_allow_ADCS
                0x20007d4c       0x6c ./src/sub-systemCode/Main/CMD/EPS_CMD.o
                0x20007d4c                cmd_allow_ADCS
 .text.cmd_generic_I2C
                0x20007db8       0xb4 ./src/sub-systemCode/Main/CMD/General_CMD.o
                0x20007db8                cmd_generic_I2C
 .text.cmd_dump
                0x20007e6c       0xf0 ./src/sub-systemCode/Main/CMD/General_CMD.o
                0x20007e6c                cmd_dump
 .text.cmd_delete_TM
                0x20007f5c      0x1dc ./src/sub-systemCode/Main/CMD/General_CMD.o
                0x20007f5c                cmd_delete_TM
 .text.cmd_reset_file
                0x20008138      0x110 ./src/sub-systemCode/Main/CMD/General_CMD.o
                0x20008138                cmd_reset_file
 .text.cmd_dummy_func
                0x20008248       0x40 ./src/sub-systemCode/Main/CMD/General_CMD.o
                0x20008248                cmd_dummy_func
 .text.cmd_soft_reset_cmponent
                0x20008288       0xb0 ./src/sub-systemCode/Main/CMD/General_CMD.o
                0x20008288                cmd_soft_reset_cmponent
 .text.cmd_hard_reset_cmponent
                0x20008338       0xb0 ./src/sub-systemCode/Main/CMD/General_CMD.o
                0x20008338                cmd_hard_reset_cmponent
 .text.cmd_reset_satellite
                0x200083e8       0x78 ./src/sub-systemCode/Main/CMD/General_CMD.o
                0x200083e8                cmd_reset_satellite
 .text.cmd_gracefull_reset_satellite
                0x20008460       0x78 ./src/sub-systemCode/Main/CMD/General_CMD.o
                0x20008460                cmd_gracefull_reset_satellite
 .text.cmd_upload_time
                0x200084d8       0xb0 ./src/sub-systemCode/Main/CMD/General_CMD.o
                0x200084d8                cmd_upload_time
 .text.cmd_ARM_DIARM
                0x20008588       0xd4 ./src/sub-systemCode/Main/CMD/General_CMD.o
                0x20008588                cmd_ARM_DIARM
 .text.cmd_deploy_ants
                0x2000865c       0x70 ./src/sub-systemCode/Main/CMD/General_CMD.o
                0x2000865c                cmd_deploy_ants
 .text.cmd_reset_delayed_command_list
                0x200086cc       0x3c ./src/sub-systemCode/Main/CMD/SW_CMD.o
                0x200086cc                cmd_reset_delayed_command_list
 .text.cmd_reset_APRS_list
                0x20008708       0x3c ./src/sub-systemCode/Main/CMD/SW_CMD.o
                0x20008708                cmd_reset_APRS_list
 .text.cmd_reset_FRAM
                0x20008744       0xe8 ./src/sub-systemCode/Main/CMD/SW_CMD.o
                0x20008744                cmd_reset_FRAM
 .text.ARM_ants
                0x2000882c       0xb8 ./src/sub-systemCode/Main/Ants.o
                0x2000882c                ARM_ants
 .text.DISARM_ants
                0x200088e4       0xb8 ./src/sub-systemCode/Main/Ants.o
                0x200088e4                DISARM_ants
 .text.convert_vol
                0x2000899c      0x12c ./src/sub-systemCode/Main/EPS.o
                0x2000899c                convert_vol
 .text.get_shut_ADCS
                0x20008ac8       0x48 ./src/sub-systemCode/Main/EPS.o
                0x20008ac8                get_shut_ADCS
 .text.shut_ADCS
                0x20008b10       0x44 ./src/sub-systemCode/Main/EPS.o
                0x20008b10                shut_ADCS
 .text.get_shut_CAM
                0x20008b54       0x48 ./src/sub-systemCode/Main/EPS.o
                0x20008b54                get_shut_CAM
 .text.shut_CAM
                0x20008b9c       0x44 ./src/sub-systemCode/Main/EPS.o
                0x20008b9c                shut_CAM
 .text.EPS_Init
                0x20008be0      0x1a0 ./src/sub-systemCode/Main/EPS.o
                0x20008be0                EPS_Init
 .text.reset_FRAM_EPS
                0x20008d80       0xa4 ./src/sub-systemCode/Main/EPS.o
                0x20008d80                reset_FRAM_EPS
 .text.reset_EPS_voltages
                0x20008e24       0xbc ./src/sub-systemCode/Main/EPS.o
                0x20008e24                reset_EPS_voltages
 .text.EPS_Conditioning
                0x20008ee0      0x2b4 ./src/sub-systemCode/Main/EPS.o
                0x20008ee0                EPS_Conditioning
 .text.overRide_ADCS
                0x20009194       0x50 ./src/sub-systemCode/Main/EPS.o
                0x20009194                overRide_ADCS
 .text.overRide_Camera
                0x200091e4       0x38 ./src/sub-systemCode/Main/EPS.o
                0x200091e4                overRide_Camera
 .text.EnterFullMode
                0x2000921c       0xec ./src/sub-systemCode/Main/EPS.o
                0x2000921c                EnterFullMode
 .text.EnterCruiseMode
                0x20009308       0xdc ./src/sub-systemCode/Main/EPS.o
                0x20009308                EnterCruiseMode
 .text.EnterSafeMode
                0x200093e4       0xdc ./src/sub-systemCode/Main/EPS.o
                0x200093e4                EnterSafeMode
 .text.EnterCriticalMode
                0x200094c0       0xc8 ./src/sub-systemCode/Main/EPS.o
                0x200094c0                EnterCriticalMode
 .text.convert_raw_voltage
                0x20009588       0xd8 ./src/sub-systemCode/Main/EPS.o
                0x20009588                convert_raw_voltage
 .text.find_fileName
                0x20009660      0x588 ./src/sub-systemCode/Main/HouseKeeping.o
                0x20009660                find_fileName
 .text.size_of_element
                0x20009be8       0xd4 ./src/sub-systemCode/Main/HouseKeeping.o
                0x20009be8                size_of_element
 .text.save_ACK
                0x20009cbc       0x88 ./src/sub-systemCode/Main/HouseKeeping.o
                0x20009cbc                save_ACK
 .text.set_GP_EPS
                0x20009d44      0x10c ./src/sub-systemCode/Main/HouseKeeping.o
                0x20009d44                set_GP_EPS
 .text.set_GP_COMM
                0x20009e50       0x88 ./src/sub-systemCode/Main/HouseKeeping.o
                0x20009e50                set_GP_COMM
 .text.SP_HK_collect
                0x20009ed8      0x17c ./src/sub-systemCode/Main/HouseKeeping.o
                0x20009ed8                SP_HK_collect
 .text.EPS_HK_collect
                0x2000a054      0x4d8 ./src/sub-systemCode/Main/HouseKeeping.o
                0x2000a054                EPS_HK_collect
 .text.CAM_HK_collect
                0x2000a52c      0x91c ./src/sub-systemCode/Main/HouseKeeping.o
                0x2000a52c                CAM_HK_collect
 .text.COMM_HK_collect
                0x2000ae48      0x154 ./src/sub-systemCode/Main/HouseKeeping.o
                0x2000ae48                COMM_HK_collect
 .text.COMM_create_file
                0x2000af9c       0x74 ./src/sub-systemCode/Main/HouseKeeping.o
                0x2000af9c                COMM_create_file
 .text.ACK_create_file
                0x2000b010       0x74 ./src/sub-systemCode/Main/HouseKeeping.o
                0x2000b010                ACK_create_file
 .text.EPS_create_file
                0x2000b084       0x74 ./src/sub-systemCode/Main/HouseKeeping.o
                0x2000b084                EPS_create_file
 .text.CAM_create_file
                0x2000b0f8       0x54 ./src/sub-systemCode/Main/HouseKeeping.o
                0x2000b0f8                CAM_create_file
 .text.SP_create_file
                0x2000b14c       0x54 ./src/sub-systemCode/Main/HouseKeeping.o
                0x2000b14c                SP_create_file
 .text.create_files
                0x2000b1a0       0x48 ./src/sub-systemCode/Main/HouseKeeping.o
                0x2000b1a0                create_files
 .text.save_SP_HK
                0x2000b1e8       0x70 ./src/sub-systemCode/Main/HouseKeeping.o
                0x2000b1e8                save_SP_HK
 .text.save_EPS_HK
                0x2000b258       0x70 ./src/sub-systemCode/Main/HouseKeeping.o
                0x2000b258                save_EPS_HK
 .text.save_CAM_HK
                0x2000b2c8       0x70 ./src/sub-systemCode/Main/HouseKeeping.o
                0x2000b2c8                save_CAM_HK
 .text.save_COMM_HK
                0x2000b338       0x70 ./src/sub-systemCode/Main/HouseKeeping.o
                0x2000b338                save_COMM_HK
 .text.EPS_HK_raw_BigEnE
                0x2000b3a8      0x194 ./src/sub-systemCode/Main/HouseKeeping.o
                0x2000b3a8                EPS_HK_raw_BigEnE
 .text.CAM_HK_raw_BigEnE
                0x2000b53c      0x194 ./src/sub-systemCode/Main/HouseKeeping.o
                0x2000b53c                CAM_HK_raw_BigEnE
 .text.COMM_HK_raw_BigEnE
                0x2000b6d0      0x194 ./src/sub-systemCode/Main/HouseKeeping.o
                0x2000b6d0                COMM_HK_raw_BigEnE
 .text.ADCS_HK_raw_BigEnE
                0x2000b864      0x194 ./src/sub-systemCode/Main/HouseKeeping.o
                0x2000b864                ADCS_HK_raw_BigEnE
 .text.ADCS_SC_raw_BigEnE
                0x2000b9f8      0x188 ./src/sub-systemCode/Main/HouseKeeping.o
                0x2000b9f8                ADCS_SC_raw_BigEnE
 .text.build_HK_spl_packet
                0x2000bb80      0x970 ./src/sub-systemCode/Main/HouseKeeping.o
                0x2000bb80                build_HK_spl_packet
 .text.HouseKeeping_highRate_Task
                0x2000c4f0       0x60 ./src/sub-systemCode/Main/HouseKeeping.o
                0x2000c4f0                HouseKeeping_highRate_Task
 .text.HouseKeeping_lowRate_Task
                0x2000c550       0x5c ./src/sub-systemCode/Main/HouseKeeping.o
                0x2000c550                HouseKeeping_lowRate_Task
 .text.numberOfRestarts
                0x2000c5ac       0x94 ./src/sub-systemCode/Main/Main_Init.o
                0x2000c5ac                numberOfRestarts
 .text.StartFRAM
                0x2000c640       0x38 ./src/sub-systemCode/Main/Main_Init.o
                0x2000c640                StartFRAM
 .text.StartI2C
                0x2000c678       0x44 ./src/sub-systemCode/Main/Main_Init.o
                0x2000c678                StartI2C
 .text.StartSPI
                0x2000c6bc       0x40 ./src/sub-systemCode/Main/Main_Init.o
                0x2000c6bc                StartSPI
 .text.StartTIME
                0x2000c6fc      0x118 ./src/sub-systemCode/Main/Main_Init.o
                0x2000c6fc                StartTIME
 .text.first_activation
                0x2000c814       0x78 ./src/sub-systemCode/Main/Main_Init.o
                0x2000c814                first_activation
 .text.InitSubsystems
                0x2000c88c       0x60 ./src/sub-systemCode/Main/Main_Init.o
                0x2000c88c                InitSubsystems
 .text.SubSystemTaskStart
                0x2000c8ec       0xe8 ./src/sub-systemCode/Main/Main_Init.o
                0x2000c8ec                SubSystemTaskStart
 .text.copy_command
                0x2000c9d4       0x80 ./src/sub-systemCode/Main/commands.o
                0x2000c9d4                copy_command
 .text.reset_command
                0x2000ca54       0x28 ./src/sub-systemCode/Main/commands.o
                0x2000ca54                reset_command
 .text.init_command
                0x2000ca7c       0xd4 ./src/sub-systemCode/Main/commands.o
                0x2000ca7c                init_command
 .text.add_command
                0x2000cb50      0x138 ./src/sub-systemCode/Main/commands.o
                0x2000cb50                add_command
 .text.get_command
                0x2000cc88      0x1cc ./src/sub-systemCode/Main/commands.o
                0x2000cc88                get_command
 .text.act_upon_command
                0x2000ce54      0x200 ./src/sub-systemCode/Main/commands.o
                0x2000ce54                act_upon_command
 .text.AUC_COMM
                0x2000d054      0x200 ./src/sub-systemCode/Main/commands.o
                0x2000d054                AUC_COMM
 .text.AUC_general
                0x2000d254      0x17c ./src/sub-systemCode/Main/commands.o
                0x2000d254                AUC_general
 .text.AUC_payload
                0x2000d3d0      0x110 ./src/sub-systemCode/Main/commands.o
                0x2000d3d0                AUC_payload
 .text.AUC_EPS  0x2000d4e0      0x248 ./src/sub-systemCode/Main/commands.o
                0x2000d4e0                AUC_EPS
 .text.AUC_ADCS
                0x2000d728       0x5c ./src/sub-systemCode/Main/commands.o
                0x2000d728                AUC_ADCS
 .text.AUC_GS   0x2000d784      0x230 ./src/sub-systemCode/Main/commands.o
                0x2000d784                AUC_GS
 .text.AUC_SW   0x2000d9b4      0x24c ./src/sub-systemCode/Main/commands.o
                0x2000d9b4                AUC_SW
 .text.AUC_special_operation
                0x2000dc00       0x8c ./src/sub-systemCode/Main/commands.o
                0x2000dc00                AUC_special_operation
 .text.check_int
                0x2000dc8c       0x3c ./src/sub-systemCode/Global/Global.o
                0x2000dc8c                check_int
 .text.check_portBASE_TYPE
                0x2000dcc8       0x3c ./src/sub-systemCode/Global/Global.o
                0x2000dcc8                check_portBASE_TYPE
 .text.soft_reset_subsystem
                0x2000dd04       0xd8 ./src/sub-systemCode/Global/Global.o
                0x2000dd04                soft_reset_subsystem
 .text.hard_reset_subsystem
                0x2000dddc       0xfc ./src/sub-systemCode/Global/Global.o
                0x2000dddc                hard_reset_subsystem
 .text.BigEnE_raw_to_uInt
                0x2000ded8       0x94 ./src/sub-systemCode/Global/Global.o
                0x2000ded8                BigEnE_raw_to_uInt
 .text.BigEnE_raw_to_uShort
                0x2000df6c       0x50 ./src/sub-systemCode/Global/Global.o
                0x2000df6c                BigEnE_raw_to_uShort
 .text.BigEnE_uInt_to_raw
                0x2000dfbc       0x78 ./src/sub-systemCode/Global/Global.o
                0x2000dfbc                BigEnE_uInt_to_raw
 .text.reset_FRAM_MAIN
                0x2000e034      0x19c ./src/sub-systemCode/Global/Global.o
                0x2000e034                reset_FRAM_MAIN
 .text.init_GP  0x2000e1d0      0x35c ./src/sub-systemCode/Global/GlobalParam.o
                0x2000e1d0                init_GP
 .text.get_system_state
                0x2000e52c      0x268 ./src/sub-systemCode/Global/GlobalParam.o
                0x2000e52c                get_system_state
 .text.set_system_state
                0x2000e794      0x298 ./src/sub-systemCode/Global/GlobalParam.o
                0x2000e794                set_system_state
 .text.get_current_global_param
                0x2000ea2c      0x670 ./src/sub-systemCode/Global/GlobalParam.o
                0x2000ea2c                get_current_global_param
 .text.set_Vbatt_previous
                0x2000f09c       0xe8 ./src/sub-systemCode/Global/GlobalParam.o
                0x2000f09c                set_Vbatt_previous
 .text.get_Vbatt_previous
                0x2000f184       0xc8 ./src/sub-systemCode/Global/GlobalParam.o
                0x2000f184                get_Vbatt_previous
 .text.set_Vbatt
                0x2000f24c       0xb8 ./src/sub-systemCode/Global/GlobalParam.o
                0x2000f24c                set_Vbatt
 .text.get_Vbatt
                0x2000f304       0x8c ./src/sub-systemCode/Global/GlobalParam.o
                0x2000f304                get_Vbatt
 .text.set_curBat
                0x2000f390       0x8c ./src/sub-systemCode/Global/GlobalParam.o
                0x2000f390                set_curBat
 .text.set_cur3V3
                0x2000f41c       0x8c ./src/sub-systemCode/Global/GlobalParam.o
                0x2000f41c                set_cur3V3
 .text.set_cur5V
                0x2000f4a8       0x8c ./src/sub-systemCode/Global/GlobalParam.o
                0x2000f4a8                set_cur5V
 .text.set_tempComm_LO
                0x2000f534       0x8c ./src/sub-systemCode/Global/GlobalParam.o
                0x2000f534                set_tempComm_LO
 .text.set_tempComm_PA
                0x2000f5c0       0x8c ./src/sub-systemCode/Global/GlobalParam.o
                0x2000f5c0                set_tempComm_PA
 .text.set_tempEPS
                0x2000f64c       0xc8 ./src/sub-systemCode/Global/GlobalParam.o
                0x2000f64c                set_tempEPS
 .text.set_tempBatt
                0x2000f714       0xc8 ./src/sub-systemCode/Global/GlobalParam.o
                0x2000f714                set_tempBatt
 .text.set_RxDoppler
                0x2000f7dc       0x8c ./src/sub-systemCode/Global/GlobalParam.o
                0x2000f7dc                set_RxDoppler
 .text.set_RxRSSI
                0x2000f868       0x8c ./src/sub-systemCode/Global/GlobalParam.o
                0x2000f868                set_RxRSSI
 .text.set_TxRefl
                0x2000f8f4       0x8c ./src/sub-systemCode/Global/GlobalParam.o
                0x2000f8f4                set_TxRefl
 .text.set_TxForw
                0x2000f980       0x8c ./src/sub-systemCode/Global/GlobalParam.o
                0x2000f980                set_TxForw
 .text.get_ST   0x2000fa0c       0x98 ./src/sub-systemCode/Global/GlobalParam.o
                0x2000fa0c                get_ST
 .text.set_numOfAPRS
                0x2000faa4       0x8c ./src/sub-systemCode/Global/GlobalParam.o
                0x2000faa4                set_numOfAPRS
 .text.set_numOfDelayedCommand
                0x2000fb30       0x8c ./src/sub-systemCode/Global/GlobalParam.o
                0x2000fb30                set_numOfDelayedCommand
 .text.set_numOfResets
                0x2000fbbc       0xac ./src/sub-systemCode/Global/GlobalParam.o
                0x2000fbbc                set_numOfResets
 .text.set_ground_conn
                0x2000fc68       0x88 ./src/sub-systemCode/Global/GlobalParam.o
                0x2000fc68                set_ground_conn
 .text.get_ground_conn
                0x2000fcf0       0x94 ./src/sub-systemCode/Global/GlobalParam.o
                0x2000fcf0                get_ground_conn
 .text.delete_allTMFilesFromSD
                0x2000fd84       0xf8 ./src/sub-systemCode/Global/TM_managment.o
                0x2000fd84                delete_allTMFilesFromSD
 .text.getNumOfFilesInFS
                0x2000fe7c       0x44 ./src/sub-systemCode/Global/TM_managment.o
 .text.setNumOfFilesInFS
                0x2000fec0       0x50 ./src/sub-systemCode/Global/TM_managment.o
 .text.InitializeFS
                0x2000ff10      0x174 ./src/sub-systemCode/Global/TM_managment.o
                0x2000ff10                InitializeFS
 .text.c_fileCreate
                0x20010084       0xf4 ./src/sub-systemCode/Global/TM_managment.o
                0x20010084                c_fileCreate
 .text.writewithEpochtime
                0x20010178       0x9c ./src/sub-systemCode/Global/TM_managment.o
 .text.get_C_FILE_struct
                0x20010214      0x104 ./src/sub-systemCode/Global/TM_managment.o
 .text.getFileIndex
                0x20010318       0x4c ./src/sub-systemCode/Global/TM_managment.o
 .text.get_file_name_by_index
                0x20010364       0x54 ./src/sub-systemCode/Global/TM_managment.o
                0x20010364                get_file_name_by_index
 .text.c_fileReset
                0x200103b8       0xbc ./src/sub-systemCode/Global/TM_managment.o
                0x200103b8                c_fileReset
 .text.c_fileWrite
                0x20010474      0x11c ./src/sub-systemCode/Global/TM_managment.o
                0x20010474                c_fileWrite
 .text.c_fileRead
                0x20010590      0x28c ./src/sub-systemCode/Global/TM_managment.o
                0x20010590                c_fileRead
 .text.castCharPointerToInt
                0x2001081c       0x84 ./src/sub-systemCode/CUF/CUF.o
                0x2001081c                castCharPointerToInt
 .text.castCharArrayToIntArray
                0x200108a0       0xa4 ./src/sub-systemCode/CUF/CUF.o
                0x200108a0                castCharArrayToIntArray
 .text.SavePerminantCUF
                0x20010944      0x1b4 ./src/sub-systemCode/CUF/CUF.o
                0x20010944                SavePerminantCUF
 .text.InitCUF  0x20010af8       0xdc ./src/sub-systemCode/CUF/CUF.o
                0x20010af8                InitCUF
 .text.CUFSwitch
                0x20010bd4       0x30 ./src/sub-systemCode/CUF/CUF.o
                0x20010bd4                CUFSwitch
 .text.GenerateSSH
                0x20010c04       0x8c ./src/sub-systemCode/CUF/CUF.o
                0x20010c04                GenerateSSH
 .text.AuthenticateCUF
                0x20010c90       0x64 ./src/sub-systemCode/CUF/CUF.o
                0x20010c90                AuthenticateCUF
 .text.UpdatePerminantCUF
                0x20010cf4       0x84 ./src/sub-systemCode/CUF/CUF.o
                0x20010cf4                UpdatePerminantCUF
 .text.RemoveCUF
                0x20010d78      0x1ac ./src/sub-systemCode/CUF/CUF.o
                0x20010d78                RemoveCUF
 .text.CreateCUF
                0x20010f24      0x114 ./src/sub-systemCode/CUF/CUF.o
                0x20010f24                CreateCUF
 .text.ExecuteCUF
                0x20011038      0x1e8 ./src/sub-systemCode/CUF/CUF.o
                0x20011038                ExecuteCUF
 .text.IntegrateCUF
                0x20011220      0x1a4 ./src/sub-systemCode/CUF/CUF.o
                0x20011220                IntegrateCUF
 .text.AddToCUFTempArray
                0x200113c4       0xa0 ./src/sub-systemCode/CUF/CUF.o
                0x200113c4                AddToCUFTempArray
 .text.GetFromCUFTempArray
                0x20011464       0x88 ./src/sub-systemCode/CUF/CUF.o
                0x20011464                GetFromCUFTempArray
 .text.DisableCUF
                0x200114ec       0x84 ./src/sub-systemCode/CUF/CUF.o
                0x200114ec                DisableCUF
 .text.EnableCUF
                0x20011570       0x84 ./src/sub-systemCode/CUF/CUF.o
                0x20011570                EnableCUF
 .text.initializeUpload
                0x200115f4       0x9c ./src/sub-systemCode/CUF/uploadCodeTelemetry.o
                0x200115f4                initializeUpload
 .text.removeFiles
                0x20011690       0xc0 ./src/sub-systemCode/CUF/uploadCodeTelemetry.o
                0x20011690                removeFiles
 .text.loadBackup
                0x20011750      0x128 ./src/sub-systemCode/CUF/uploadCodeTelemetry.o
                0x20011750                loadBackup
 .text.addToArray
                0x20011878       0xc8 ./src/sub-systemCode/CUF/uploadCodeTelemetry.o
                0x20011878                addToArray
 .text.headerHandle
                0x20011940       0xa8 ./src/sub-systemCode/CUF/uploadCodeTelemetry.o
                0x20011940                headerHandle
 .text.startCUFintegration
                0x200119e8      0x1e4 ./src/sub-systemCode/CUF/uploadCodeTelemetry.o
                0x200119e8                startCUFintegration
 .text.saveBackup
                0x20011bcc       0xf8 ./src/sub-systemCode/CUF/uploadCodeTelemetry.o
                0x20011bcc                saveBackup
 .text.saveAck  0x20011cc4       0x28 ./src/sub-systemCode/CUF/uploadCodeTelemetry.o
                0x20011cc4                saveAck
 .text.reset_APRS_list
                0x20011cec       0xa4 ./src/sub-systemCode/COMM/APRS.o
                0x20011cec                reset_APRS_list
 .text.send_APRS_Dump
                0x20011d90      0x1c4 ./src/sub-systemCode/COMM/APRS.o
                0x20011d90                send_APRS_Dump
 .text.check_APRS
                0x20011f54      0x1a4 ./src/sub-systemCode/COMM/APRS.o
                0x20011f54                check_APRS
 .text.get_APRS_list
                0x200120f8       0x88 ./src/sub-systemCode/COMM/APRS.o
                0x200120f8                get_APRS_list
 .text.find_CMD_in_list
                0x20012180       0x7c ./src/sub-systemCode/COMM/DelayedCommand_list.o
                0x20012180                find_CMD_in_list
 .text.find_empty_in_list
                0x200121fc       0x74 ./src/sub-systemCode/COMM/DelayedCommand_list.o
                0x200121fc                find_empty_in_list
 .text.check_delayCommandTime
                0x20012270       0x8c ./src/sub-systemCode/COMM/DelayedCommand_list.o
                0x20012270                check_delayCommandTime
 .text.execute_delayedCommand
                0x200122fc       0x64 ./src/sub-systemCode/COMM/DelayedCommand_list.o
                0x200122fc                execute_delayedCommand
 .text.check_delaycommand
                0x20012360      0x17c ./src/sub-systemCode/COMM/DelayedCommand_list.o
                0x20012360                check_delaycommand
 .text.reset_delayCommand
                0x200124dc       0x8c ./src/sub-systemCode/COMM/DelayedCommand_list.o
                0x200124dc                reset_delayCommand
 .text.add_delayCommand
                0x20012568      0x1a4 ./src/sub-systemCode/COMM/DelayedCommand_list.o
                0x20012568                add_delayCommand
 .text.get_delayCommand_list
                0x2001270c       0x80 ./src/sub-systemCode/COMM/DelayedCommand_list.o
                0x2001270c                get_delayCommand_list
 .text.EmptyOldestCommand
                0x2001278c       0xfc ./src/sub-systemCode/COMM/DelayedCommand_list.o
                0x2001278c                EmptyOldestCommand
 .text.decode_TCpacket
                0x20012888      0x16c ./src/sub-systemCode/COMM/GSC.o
                0x20012888                decode_TCpacket
 .text.encode_TCpacket
                0x200129f4      0x114 ./src/sub-systemCode/COMM/GSC.o
                0x200129f4                encode_TCpacket
 .text.encode_TMpacket
                0x20012b08      0x104 ./src/sub-systemCode/COMM/GSC.o
                0x20012b08                encode_TMpacket
 .text.build_raw_ACK
                0x20012c0c       0xbc ./src/sub-systemCode/COMM/GSC.o
                0x20012c0c                build_raw_ACK
 .text.build_data_field_ACK
                0x20012cc8       0x74 ./src/sub-systemCode/COMM/GSC.o
                0x20012cc8                build_data_field_ACK
 .text.init_trxvu
                0x20012d3c      0x134 ./src/sub-systemCode/COMM/TRXVU.o
                0x20012d3c                init_trxvu
 .text.TRXVU_task
                0x20012e70      0x18c ./src/sub-systemCode/COMM/TRXVU.o
                0x20012e70                TRXVU_task
 .text.dump_logic
                0x20012ffc      0x2ec ./src/sub-systemCode/COMM/TRXVU.o
                0x20012ffc                dump_logic
 .text.Dump_task
                0x200132e8      0x16c ./src/sub-systemCode/COMM/TRXVU.o
                0x200132e8                Dump_task
 .text.transponder_logic
                0x20013454       0xbc ./src/sub-systemCode/COMM/TRXVU.o
                0x20013454                transponder_logic
 .text.Transponder_task
                0x20013510      0x1e0 ./src/sub-systemCode/COMM/TRXVU.o
                0x20013510                Transponder_task
 .text.lookForRequestToDelete_transponder
                0x200136f0       0xac ./src/sub-systemCode/COMM/TRXVU.o
                0x200136f0                lookForRequestToDelete_transponder
 .text.lookForRequestToDelete_dump
                0x2001379c       0x7c ./src/sub-systemCode/COMM/TRXVU.o
                0x2001379c                lookForRequestToDelete_dump
 .text.sendRequestToStop_dump
                0x20013818       0x8c ./src/sub-systemCode/COMM/TRXVU.o
                0x20013818                sendRequestToStop_dump
 .text.sendRequestToStop_transponder
                0x200138a4       0x98 ./src/sub-systemCode/COMM/TRXVU.o
                0x200138a4                sendRequestToStop_transponder
 .text.Rx_logic
                0x2001393c      0x178 ./src/sub-systemCode/COMM/TRXVU.o
                0x2001393c                Rx_logic
 .text.pass_above_Ground
                0x20013ab4      0x104 ./src/sub-systemCode/COMM/TRXVU.o
                0x20013ab4                pass_above_Ground
 .text.trxvu_logic
                0x20013bb8       0x1c ./src/sub-systemCode/COMM/TRXVU.o
                0x20013bb8                trxvu_logic
 .text.Beacon_task
                0x20013bd4      0x1a4 ./src/sub-systemCode/COMM/TRXVU.o
                0x20013bd4                Beacon_task
 .text.buildAndSend_beacon
                0x20013d78      0x614 ./src/sub-systemCode/COMM/TRXVU.o
                0x20013d78                buildAndSend_beacon
 .text.reset_FRAM_TRXVU
                0x2001438c       0xc0 ./src/sub-systemCode/COMM/TRXVU.o
                0x2001438c                reset_FRAM_TRXVU
 .text.TRX_sendFrame
                0x2001444c      0x23c ./src/sub-systemCode/COMM/TRXVU.o
                0x2001444c                TRX_sendFrame
 .text.TRX_getFrameData
                0x20014688      0x128 ./src/sub-systemCode/COMM/TRXVU.o
                0x20014688                TRX_getFrameData
 .text.mute_Tx  0x200147b0       0x20 ./src/sub-systemCode/COMM/TRXVU.o
                0x200147b0                mute_Tx
 .text.unmute_Tx
                0x200147d0       0x54 ./src/sub-systemCode/COMM/TRXVU.o
                0x200147d0                unmute_Tx
 .text.check_time_off_mute
                0x20014824       0x74 ./src/sub-systemCode/COMM/TRXVU.o
                0x20014824                check_time_off_mute
 .text.set_mute_time
                0x20014898       0xb4 ./src/sub-systemCode/COMM/TRXVU.o
                0x20014898                set_mute_time
 .text.change_TRXVU_state
                0x2001494c       0x98 ./src/sub-systemCode/COMM/TRXVU.o
                0x2001494c                change_TRXVU_state
 .text.change_trans_RSSI
                0x200149e4       0x60 ./src/sub-systemCode/COMM/TRXVU.o
                0x200149e4                change_trans_RSSI
 .text.init_adcs
                0x20014a44      0x104 ./src/sub-systemCode/ADCS/ADCS.o
                0x20014a44                init_adcs
 .text.telemtryStart
                0x20014b48      0x16c ./src/sub-systemCode/ADCS/Stage_Table.o
                0x20014b48                telemtryStart
 .text.powerStart
                0x20014cb4       0x5c ./src/sub-systemCode/ADCS/Stage_Table.o
                0x20014cb4                powerStart
 .text.createTable
                0x20014d10       0xb4 ./src/sub-systemCode/ADCS/Stage_Table.o
                0x20014d10                createTable
 .text.buildControlMode
                0x20014dc4       0x60 ./src/sub-systemCode/ADCS/Stage_Table.o
                0x20014dc4                buildControlMode
 .text.Check_Table
                0x20014e24      0x178 ./src/sub-systemCode/ADCS/Stage_Table.o
                0x20014e24                Check_Table
 .text.updateTable
                0x20014f9c      0x1f0 ./src/sub-systemCode/ADCS/Stage_Table.o
                0x20014f9c                updateTable
 .text.translateCommandFULL
                0x2001518c       0x78 ./src/sub-systemCode/ADCS/Stage_Table.o
                0x2001518c                translateCommandFULL
 .text.getTableTo
                0x20015204       0x64 ./src/sub-systemCode/ADCS/Stage_Table.o
                0x20015204                getTableTo
 .text.save_time
                0x20015268       0x9c ./src/main.o
                0x20015268                save_time
 .text.Command_logic
                0x20015304       0x6c ./src/main.o
                0x20015304                Command_logic
 .text.taskMain
                0x20015370       0x74 ./src/main.o
                0x20015370                taskMain
 .text.main     0x200153e4       0xb8 ./src/main.o
                0x200153e4                main
 .text.GomEpsInitialize
                0x2001549c      0x148 C:/HOOPOE3/satellite-subsystems/demo/..//satellite-subsystems/lib\libSatelliteSubsystemsD.a(GomEPS.o)
                0x2001549c                GomEpsInitialize
 .text.makeEPStransfer
                0x200155e4       0x3c C:/HOOPOE3/satellite-subsystems/demo/..//satellite-subsystems/lib\libSatelliteSubsystemsD.a(GomEPS.o)
 .text.GomEpsSoftReset
                0x20015620       0xc4 C:/HOOPOE3/satellite-subsystems/demo/..//satellite-subsystems/lib\libSatelliteSubsystemsD.a(GomEPS.o)
                0x20015620                GomEpsSoftReset
 .text.GomEpsHardReset
                0x200156e4       0xa8 C:/HOOPOE3/satellite-subsystems/demo/..//satellite-subsystems/lib\libSatelliteSubsystemsD.a(GomEPS.o)
                0x200156e4                GomEpsHardReset
 .text.GomEpsGetHkData_general
                0x2001578c      0x45c C:/HOOPOE3/satellite-subsystems/demo/..//satellite-subsystems/lib\libSatelliteSubsystemsD.a(GomEPS.o)
                0x2001578c                GomEpsGetHkData_general
 .text.GomEpsGetHkData_basic
                0x20015be8      0x22c C:/HOOPOE3/satellite-subsystems/demo/..//satellite-subsystems/lib\libSatelliteSubsystemsD.a(GomEPS.o)
                0x20015be8                GomEpsGetHkData_basic
 .text.GomEpsSetOutput
                0x20015e14       0xbc C:/HOOPOE3/satellite-subsystems/demo/..//satellite-subsystems/lib\libSatelliteSubsystemsD.a(GomEPS.o)
                0x20015e14                GomEpsSetOutput
 .text.GomEpsConfigSet
                0x20015ed0      0x184 C:/HOOPOE3/satellite-subsystems/demo/..//satellite-subsystems/lib\libSatelliteSubsystemsD.a(GomEPS.o)
                0x20015ed0                GomEpsConfigSet
 .text.makeAntStransfer
                0x20016054       0x4c C:/HOOPOE3/satellite-subsystems/demo/..//satellite-subsystems/lib\libSatelliteSubsystemsD.a(IsisAntS.o)
 .text.checkInputsValid
                0x200160a0       0x7c C:/HOOPOE3/satellite-subsystems/demo/..//satellite-subsystems/lib\libSatelliteSubsystemsD.a(IsisAntS.o)
 .text.IsisAntS_setArmStatus
                0x2001611c      0x104 C:/HOOPOE3/satellite-subsystems/demo/..//satellite-subsystems/lib\libSatelliteSubsystemsD.a(IsisAntS.o)
                0x2001611c                IsisAntS_setArmStatus
 .text.IsisAntS_reset
                0x20016220      0x104 C:/HOOPOE3/satellite-subsystems/demo/..//satellite-subsystems/lib\libSatelliteSubsystemsD.a(IsisAntS.o)
                0x20016220                IsisAntS_reset
 .text.IsisSolarPanelv2_initialize
                0x20016324       0xb4 C:/HOOPOE3/satellite-subsystems/demo/..//satellite-subsystems/lib\libSatelliteSubsystemsD.a(IsisSolarPanelv2.o)
                0x20016324                IsisSolarPanelv2_initialize
 .text.IsisSolarPanelv2_getTemperature
                0x200163d8       0xc8 C:/HOOPOE3/satellite-subsystems/demo/..//satellite-subsystems/lib\libSatelliteSubsystemsD.a(IsisSolarPanelv2.o)
                0x200163d8                IsisSolarPanelv2_getTemperature
 .text.IsisSolarPanelv2_sleep
                0x200164a0       0xbc C:/HOOPOE3/satellite-subsystems/demo/..//satellite-subsystems/lib\libSatelliteSubsystemsD.a(IsisSolarPanelv2.o)
                0x200164a0                IsisSolarPanelv2_sleep
 .text.IsisSolarPanelv2_wakeup
                0x2001655c       0x80 C:/HOOPOE3/satellite-subsystems/demo/..//satellite-subsystems/lib\libSatelliteSubsystemsD.a(IsisSolarPanelv2.o)
                0x2001655c                IsisSolarPanelv2_wakeup
 .text._Reset   0x200165dc       0x20 C:/HOOPOE3/satellite-subsystems/demo/..//satellite-subsystems/lib\libSatelliteSubsystemsD.a(IsisSolarPanelv2.o)
 .text._WaitForStartup
                0x200165fc       0x90 C:/HOOPOE3/satellite-subsystems/demo/..//satellite-subsystems/lib\libSatelliteSubsystemsD.a(IsisSolarPanelv2.o)
 .text._AssignAllChannels
                0x2001668c       0x90 C:/HOOPOE3/satellite-subsystems/demo/..//satellite-subsystems/lib\libSatelliteSubsystemsD.a(IsisSolarPanelv2.o)
 .text._AssignThisChannel
                0x2001671c       0xe8 C:/HOOPOE3/satellite-subsystems/demo/..//satellite-subsystems/lib\libSatelliteSubsystemsD.a(IsisSolarPanelv2.o)
 .text._InitiateConversion
                0x20016804       0xac C:/HOOPOE3/satellite-subsystems/demo/..//satellite-subsystems/lib\libSatelliteSubsystemsD.a(IsisSolarPanelv2.o)
 .text._WaitForConversionComplete
                0x200168b0      0x100 C:/HOOPOE3/satellite-subsystems/demo/..//satellite-subsystems/lib\libSatelliteSubsystemsD.a(IsisSolarPanelv2.o)
 .text._ReadResult
                0x200169b0      0x158 C:/HOOPOE3/satellite-subsystems/demo/..//satellite-subsystems/lib\libSatelliteSubsystemsD.a(IsisSolarPanelv2.o)
 .text._ExtractByte
                0x20016b08       0x38 C:/HOOPOE3/satellite-subsystems/demo/..//satellite-subsystems/lib\libSatelliteSubsystemsD.a(IsisSolarPanelv2.o)
 .text._ExtendSign
                0x20016b40       0x6c C:/HOOPOE3/satellite-subsystems/demo/..//satellite-subsystems/lib\libSatelliteSubsystemsD.a(IsisSolarPanelv2.o)
 .text._PinsInit
                0x20016bac       0x50 C:/HOOPOE3/satellite-subsystems/demo/..//satellite-subsystems/lib\libSatelliteSubsystemsD.a(IsisSolarPanelv2.o)
 .text._SpiWriteRead
                0x20016bfc       0x70 C:/HOOPOE3/satellite-subsystems/demo/..//satellite-subsystems/lib\libSatelliteSubsystemsD.a(IsisSolarPanelv2.o)
 .text.IsisTrxvu_initialize
                0x20016c6c      0x2f4 C:/HOOPOE3/satellite-subsystems/demo/..//satellite-subsystems/lib\libSatelliteSubsystemsD.a(IsisTRXVU.o)
                0x20016c6c                IsisTrxvu_initialize
 .text.makeTRXVUtransfer
                0x20016f60       0x44 C:/HOOPOE3/satellite-subsystems/demo/..//satellite-subsystems/lib\libSatelliteSubsystemsD.a(IsisTRXVU.o)
 .text.IsisTrxvu_componentSoftReset
                0x20016fa4       0x6c C:/HOOPOE3/satellite-subsystems/demo/..//satellite-subsystems/lib\libSatelliteSubsystemsD.a(IsisTRXVU.o)
                0x20016fa4                IsisTrxvu_componentSoftReset
 .text.IsisTrxvu_componentHardReset
                0x20017010       0xc8 C:/HOOPOE3/satellite-subsystems/demo/..//satellite-subsystems/lib\libSatelliteSubsystemsD.a(IsisTRXVU.o)
                0x20017010                IsisTrxvu_componentHardReset
 .text.IsisTrxvu_softReset
                0x200170d8       0x74 C:/HOOPOE3/satellite-subsystems/demo/..//satellite-subsystems/lib\libSatelliteSubsystemsD.a(IsisTRXVU.o)
                0x200170d8                IsisTrxvu_softReset
 .text.IsisTrxvu_hardReset
                0x2001714c       0x74 C:/HOOPOE3/satellite-subsystems/demo/..//satellite-subsystems/lib\libSatelliteSubsystemsD.a(IsisTRXVU.o)
                0x2001714c                IsisTrxvu_hardReset
 .text.IsisTrxvu_tcSendAX25DefClSign
                0x200171c0       0xec C:/HOOPOE3/satellite-subsystems/demo/..//satellite-subsystems/lib\libSatelliteSubsystemsD.a(IsisTRXVU.o)
                0x200171c0                IsisTrxvu_tcSendAX25DefClSign
 .text.IsisTrxvu_tcSetIdlestate
                0x200172ac       0xa4 C:/HOOPOE3/satellite-subsystems/demo/..//satellite-subsystems/lib\libSatelliteSubsystemsD.a(IsisTRXVU.o)
                0x200172ac                IsisTrxvu_tcSetIdlestate
 .text.IsisTrxvu_tcSetAx25Bitrate
                0x20017350       0xc4 C:/HOOPOE3/satellite-subsystems/demo/..//satellite-subsystems/lib\libSatelliteSubsystemsD.a(IsisTRXVU.o)
                0x20017350                IsisTrxvu_tcSetAx25Bitrate
 .text.IsisTrxvu_tcGetTelemetryAll_revC
                0x20017414       0xd0 C:/HOOPOE3/satellite-subsystems/demo/..//satellite-subsystems/lib\libSatelliteSubsystemsD.a(IsisTRXVU.o)
                0x20017414                IsisTrxvu_tcGetTelemetryAll_revC
 .text.IsisTrxvu_rcGetFrameCount
                0x200174e4       0xa0 C:/HOOPOE3/satellite-subsystems/demo/..//satellite-subsystems/lib\libSatelliteSubsystemsD.a(IsisTRXVU.o)
                0x200174e4                IsisTrxvu_rcGetFrameCount
 .text.IsisTrxvu_rcGetCommandFrame
                0x20017584      0x2d8 C:/HOOPOE3/satellite-subsystems/demo/..//satellite-subsystems/lib\libSatelliteSubsystemsD.a(IsisTRXVU.o)
                0x20017584                IsisTrxvu_rcGetCommandFrame
 .text.IsisTrxvu_rcGetTelemetryAll_revC
                0x2001785c       0xec C:/HOOPOE3/satellite-subsystems/demo/..//satellite-subsystems/lib\libSatelliteSubsystemsD.a(IsisTRXVU.o)
                0x2001785c                IsisTrxvu_rcGetTelemetryAll_revC
 .text.cspaceADCS_initialize
                0x20017948      0x18c C:/HOOPOE3/satellite-subsystems/demo/..//satellite-subsystems/lib\libSatelliteSubsystemsD.a(cspaceADCS.o)
                0x20017948                cspaceADCS_initialize
 .text.make_cspaceADCStransfer
                0x20017ad4      0x1b4 C:/HOOPOE3/satellite-subsystems/demo/..//satellite-subsystems/lib\libSatelliteSubsystemsD.a(cspaceADCS.o)
 .text.cspaceADCS_componentReset
                0x20017c88       0xbc C:/HOOPOE3/satellite-subsystems/demo/..//satellite-subsystems/lib\libSatelliteSubsystemsD.a(cspaceADCS.o)
                0x20017c88                cspaceADCS_componentReset
 .text.cspaceADCS_setRunMode
                0x20017d44       0xbc C:/HOOPOE3/satellite-subsystems/demo/..//satellite-subsystems/lib\libSatelliteSubsystemsD.a(cspaceADCS.o)
                0x20017d44                cspaceADCS_setRunMode
 .text.cspaceADCS_setPwrCtrlDevice
                0x20017e00       0xd0 C:/HOOPOE3/satellite-subsystems/demo/..//satellite-subsystems/lib\libSatelliteSubsystemsD.a(cspaceADCS.o)
                0x20017e00                cspaceADCS_setPwrCtrlDevice
 .text.cspaceADCS_setAttCtrlMode
                0x20017ed0       0xd0 C:/HOOPOE3/satellite-subsystems/demo/..//satellite-subsystems/lib\libSatelliteSubsystemsD.a(cspaceADCS.o)
                0x20017ed0                cspaceADCS_setAttCtrlMode
 .text.cspaceADCS_setAttEstMode
                0x20017fa0       0xbc C:/HOOPOE3/satellite-subsystems/demo/..//satellite-subsystems/lib\libSatelliteSubsystemsD.a(cspaceADCS.o)
                0x20017fa0                cspaceADCS_setAttEstMode
 .text.cspaceADCS_getCurrentState
                0x2001805c       0xc4 C:/HOOPOE3/satellite-subsystems/demo/..//satellite-subsystems/lib\libSatelliteSubsystemsD.a(cspaceADCS.o)
                0x2001805c                cspaceADCS_getCurrentState
 .text.cspaceADCS_getPwrCtrlDevice
                0x20018120       0xc4 C:/HOOPOE3/satellite-subsystems/demo/..//satellite-subsystems/lib\libSatelliteSubsystemsD.a(cspaceADCS.o)
                0x20018120                cspaceADCS_getPwrCtrlDevice
 .text.GECKO_GetReg
                0x200181e4      0x110 C:/HOOPOE3/satellite-subsystems/demo/..//satellite-subsystems/lib\libSatelliteSubsystemsD.a(gecko_driver.o)
                0x200181e4                GECKO_GetReg
 .text.GECKO_GetVoltageInput5V
                0x200182f4       0xf4 C:/HOOPOE3/satellite-subsystems/demo/..//satellite-subsystems/lib\libSatelliteSubsystemsD.a(gecko_driver.o)
                0x200182f4                GECKO_GetVoltageInput5V
 .text.GECKO_GetCurrentInput5V
                0x200183e8      0x130 C:/HOOPOE3/satellite-subsystems/demo/..//satellite-subsystems/lib\libSatelliteSubsystemsD.a(gecko_driver.o)
                0x200183e8                GECKO_GetCurrentInput5V
 .text.GECKO_GetVoltageFPGA1V
                0x20018518       0xd4 C:/HOOPOE3/satellite-subsystems/demo/..//satellite-subsystems/lib\libSatelliteSubsystemsD.a(gecko_driver.o)
                0x20018518                GECKO_GetVoltageFPGA1V
 .text.GECKO_GetCurrentFPGA1V
                0x200185ec      0x130 C:/HOOPOE3/satellite-subsystems/demo/..//satellite-subsystems/lib\libSatelliteSubsystemsD.a(gecko_driver.o)
                0x200185ec                GECKO_GetCurrentFPGA1V
 .text.GECKO_GetVoltageFPGA1V8
                0x2001871c       0xd4 C:/HOOPOE3/satellite-subsystems/demo/..//satellite-subsystems/lib\libSatelliteSubsystemsD.a(gecko_driver.o)
                0x2001871c                GECKO_GetVoltageFPGA1V8
 .text.GECKO_GetCurrentFPGA1V8
                0x200187f0      0x130 C:/HOOPOE3/satellite-subsystems/demo/..//satellite-subsystems/lib\libSatelliteSubsystemsD.a(gecko_driver.o)
                0x200187f0                GECKO_GetCurrentFPGA1V8
 .text.GECKO_GetVoltageFPGA2V5
                0x20018920       0xe8 C:/HOOPOE3/satellite-subsystems/demo/..//satellite-subsystems/lib\libSatelliteSubsystemsD.a(gecko_driver.o)
                0x20018920                GECKO_GetVoltageFPGA2V5
 .text.GECKO_GetCurrentFPGA2V5
                0x20018a08      0x130 C:/HOOPOE3/satellite-subsystems/demo/..//satellite-subsystems/lib\libSatelliteSubsystemsD.a(gecko_driver.o)
                0x20018a08                GECKO_GetCurrentFPGA2V5
 .text.GECKO_GetVoltageFPGA3V3
                0x20018b38       0xe8 C:/HOOPOE3/satellite-subsystems/demo/..//satellite-subsystems/lib\libSatelliteSubsystemsD.a(gecko_driver.o)
                0x20018b38                GECKO_GetVoltageFPGA3V3
 .text.GECKO_GetCurrentFPGA3V3
                0x20018c20      0x130 C:/HOOPOE3/satellite-subsystems/demo/..//satellite-subsystems/lib\libSatelliteSubsystemsD.a(gecko_driver.o)
                0x20018c20                GECKO_GetCurrentFPGA3V3
 .text.GECKO_GetVoltageFlash1V8
                0x20018d50       0xd4 C:/HOOPOE3/satellite-subsystems/demo/..//satellite-subsystems/lib\libSatelliteSubsystemsD.a(gecko_driver.o)
                0x20018d50                GECKO_GetVoltageFlash1V8
 .text.GECKO_GetCurrentFlash1V8
                0x20018e24      0x130 C:/HOOPOE3/satellite-subsystems/demo/..//satellite-subsystems/lib\libSatelliteSubsystemsD.a(gecko_driver.o)
                0x20018e24                GECKO_GetCurrentFlash1V8
 .text.GECKO_GetVoltageFlash3V3
                0x20018f54       0xe8 C:/HOOPOE3/satellite-subsystems/demo/..//satellite-subsystems/lib\libSatelliteSubsystemsD.a(gecko_driver.o)
                0x20018f54                GECKO_GetVoltageFlash3V3
 .text.GECKO_GetCurrentFlash3V3
                0x2001903c      0x130 C:/HOOPOE3/satellite-subsystems/demo/..//satellite-subsystems/lib\libSatelliteSubsystemsD.a(gecko_driver.o)
                0x2001903c                GECKO_GetCurrentFlash3V3
 .text.GECKO_GetVoltageSNSR1V8
                0x2001916c       0xe8 C:/HOOPOE3/satellite-subsystems/demo/..//satellite-subsystems/lib\libSatelliteSubsystemsD.a(gecko_driver.o)
                0x2001916c                GECKO_GetVoltageSNSR1V8
 .text.GECKO_GetCurrentSNSR1V8
                0x20019254      0x130 C:/HOOPOE3/satellite-subsystems/demo/..//satellite-subsystems/lib\libSatelliteSubsystemsD.a(gecko_driver.o)
                0x20019254                GECKO_GetCurrentSNSR1V8
 .text.GECKO_GetVoltageSNSRVDDPIX
                0x20019384       0xe8 C:/HOOPOE3/satellite-subsystems/demo/..//satellite-subsystems/lib\libSatelliteSubsystemsD.a(gecko_driver.o)
                0x20019384                GECKO_GetVoltageSNSRVDDPIX
 .text.GECKO_GetCurrentSNSRVDDPIX
                0x2001946c      0x130 C:/HOOPOE3/satellite-subsystems/demo/..//satellite-subsystems/lib\libSatelliteSubsystemsD.a(gecko_driver.o)
                0x2001946c                GECKO_GetCurrentSNSRVDDPIX
 .text.GECKO_GetVoltageSNSR3V3
                0x2001959c       0xe8 C:/HOOPOE3/satellite-subsystems/demo/..//satellite-subsystems/lib\libSatelliteSubsystemsD.a(gecko_driver.o)
                0x2001959c                GECKO_GetVoltageSNSR3V3
 .text.GECKO_GetCurrentSNSR3V3
                0x20019684      0x130 C:/HOOPOE3/satellite-subsystems/demo/..//satellite-subsystems/lib\libSatelliteSubsystemsD.a(gecko_driver.o)
                0x20019684                GECKO_GetCurrentSNSR3V3
 .text.GECKO_GetVoltageFlashVTT09
                0x200197b4       0xd4 C:/HOOPOE3/satellite-subsystems/demo/..//satellite-subsystems/lib\libSatelliteSubsystemsD.a(gecko_driver.o)
                0x200197b4                GECKO_GetVoltageFlashVTT09
 .text.GECKO_GetTempSMU3AB
                0x20019888      0x35c C:/HOOPOE3/satellite-subsystems/demo/..//satellite-subsystems/lib\libSatelliteSubsystemsD.a(gecko_driver.o)
                0x20019888                GECKO_GetTempSMU3AB
 .text.GECKO_GetTempSMU3BC
                0x20019be4      0x360 C:/HOOPOE3/satellite-subsystems/demo/..//satellite-subsystems/lib\libSatelliteSubsystemsD.a(gecko_driver.o)
                0x20019be4                GECKO_GetTempSMU3BC
 .text.GECKO_GetTempREGU6
                0x20019f44      0x35c C:/HOOPOE3/satellite-subsystems/demo/..//satellite-subsystems/lib\libSatelliteSubsystemsD.a(gecko_driver.o)
                0x20019f44                GECKO_GetTempREGU6
 .text.GECKO_GetTempREGU8
                0x2001a2a0      0x360 C:/HOOPOE3/satellite-subsystems/demo/..//satellite-subsystems/lib\libSatelliteSubsystemsD.a(gecko_driver.o)
                0x2001a2a0                GECKO_GetTempREGU8
 .text.GECKO_GetTempFlash
                0x2001a600      0x360 C:/HOOPOE3/satellite-subsystems/demo/..//satellite-subsystems/lib\libSatelliteSubsystemsD.a(gecko_driver.o)
                0x2001a600                GECKO_GetTempFlash
 .text._SpiWriteRead
                0x2001a960       0x70 C:/HOOPOE3/satellite-subsystems/demo/..//satellite-subsystems/lib\libSatelliteSubsystemsD.a(gecko_driver.o)
 .text.makeTRXCommonTransfer
                0x2001a9d0       0x34 C:/HOOPOE3/satellite-subsystems/demo/..//satellite-subsystems/lib\libSatelliteSubsystemsD.a(IsisTRXCommon.o)
 .text.IsisTrxCommon_componentReset
                0x2001aa04       0x68 C:/HOOPOE3/satellite-subsystems/demo/..//satellite-subsystems/lib\libSatelliteSubsystemsD.a(IsisTRXCommon.o)
                0x2001aa04                IsisTrxCommon_componentReset
 .text.IsisTrxCommon_TxSendAX25DefClSign
                0x2001aa6c       0xf4 C:/HOOPOE3/satellite-subsystems/demo/..//satellite-subsystems/lib\libSatelliteSubsystemsD.a(IsisTRXCommon.o)
                0x2001aa6c                IsisTrxCommon_TxSendAX25DefClSign
 .text.IsisTrxCommon_TxSetIdlestate
                0x2001ab60       0x78 C:/HOOPOE3/satellite-subsystems/demo/..//satellite-subsystems/lib\libSatelliteSubsystemsD.a(IsisTRXCommon.o)
                0x2001ab60                IsisTrxCommon_TxSetIdlestate
 .text.IsisTrxCommon_TxSetAx25Bitrate
                0x2001abd8       0x78 C:/HOOPOE3/satellite-subsystems/demo/..//satellite-subsystems/lib\libSatelliteSubsystemsD.a(IsisTRXCommon.o)
                0x2001abd8                IsisTrxCommon_TxSetAx25Bitrate
 .text.IsisTrxCommon_RxGetFrameCount
                0x2001ac50       0x8c C:/HOOPOE3/satellite-subsystems/demo/..//satellite-subsystems/lib\libSatelliteSubsystemsD.a(IsisTRXCommon.o)
                0x2001ac50                IsisTrxCommon_RxGetFrameCount
 .text.IsisTrxCommon_RxGetTelemetryAll_revC
                0x2001acdc       0x8c C:/HOOPOE3/satellite-subsystems/demo/..//satellite-subsystems/lib\libSatelliteSubsystemsD.a(IsisTRXCommon.o)
                0x2001acdc                IsisTrxCommon_RxGetTelemetryAll_revC
 .text.log      0x2001ad68      0x17c c:/isis/application/toolchain/bin/../lib/gcc/arm-none-eabi/4.7.4/../../../../arm-none-eabi/lib\libm.a(lib_a-w_log.o)
                0x2001ad68                log
 *fill*         0x2001aee4        0x4 00
 .text.__ieee754_log
                0x2001aee8      0x5c0 c:/isis/application/toolchain/bin/../lib/gcc/arm-none-eabi/4.7.4/../../../../arm-none-eabi/lib\libm.a(lib_a-e_log.o)
                0x2001aee8                __ieee754_log
 .text.matherr  0x2001b4a8        0x8 c:/isis/application/toolchain/bin/../lib/gcc/arm-none-eabi/4.7.4/../../../../arm-none-eabi/lib\libm.a(lib_a-s_matherr.o)
                0x2001b4a8                matherr
 .text.nan      0x2001b4b0       0x10 c:/isis/application/toolchain/bin/../lib/gcc/arm-none-eabi/4.7.4/../../../../arm-none-eabi/lib\libm.a(lib_a-s_nan.o)
                0x2001b4b0                nan
 .text.fn_init  0x2001b4c0      0x2e0 C:/HOOPOE3/satellite-subsystems/demo/../..//hal/hcc/lib\libHCCD.a(fat_common.o)
                0x2001b4c0                fn_init
 .text._f_get16bitl
                0x2001b7a0       0x4c C:/HOOPOE3/satellite-subsystems/demo/../..//hal/hcc/lib\libHCCD.a(fat_common.o)
                0x2001b7a0                _f_get16bitl
 .text._f_set16bitl
                0x2001b7ec       0x54 C:/HOOPOE3/satellite-subsystems/demo/../..//hal/hcc/lib\libHCCD.a(fat_common.o)
                0x2001b7ec                _f_set16bitl
 .text._f_get32bitl
                0x2001b840       0x68 C:/HOOPOE3/satellite-subsystems/demo/../..//hal/hcc/lib\libHCCD.a(fat_common.o)
                0x2001b840                _f_get32bitl
 .text._f_set32bitl
                0x2001b8a8       0x78 C:/HOOPOE3/satellite-subsystems/demo/../..//hal/hcc/lib\libHCCD.a(fat_common.o)
                0x2001b8a8                _f_set32bitl
 .text._get8bit
                0x2001b920       0xa0 C:/HOOPOE3/satellite-subsystems/demo/../..//hal/hcc/lib\libHCCD.a(fat_common.o)
 .text._get16bitl
                0x2001b9c0       0x40 C:/HOOPOE3/satellite-subsystems/demo/../..//hal/hcc/lib\libHCCD.a(fat_common.o)
 .text._get32bitl
                0x2001ba00       0x3c C:/HOOPOE3/satellite-subsystems/demo/../..//hal/hcc/lib\libHCCD.a(fat_common.o)
 .text._f_setcardremoved
                0x2001ba3c       0x94 C:/HOOPOE3/satellite-subsystems/demo/../..//hal/hcc/lib\libHCCD.a(fat_common.o)
 .text._f_checkstatus
                0x2001bad0      0x104 C:/HOOPOE3/satellite-subsystems/demo/../..//hal/hcc/lib\libHCCD.a(fat_common.o)
                0x2001bad0                _f_checkstatus
 .text._f_drvgetphy
                0x2001bbd4      0x114 C:/HOOPOE3/satellite-subsystems/demo/../..//hal/hcc/lib\libHCCD.a(fat_common.o)
 .text._f_drvwritesector
                0x2001bce8       0xdc C:/HOOPOE3/satellite-subsystems/demo/../..//hal/hcc/lib\libHCCD.a(fat_common.o)
 .text._f_drvreadsector
                0x2001bdc4       0xa8 C:/HOOPOE3/satellite-subsystems/demo/../..//hal/hcc/lib\libHCCD.a(fat_common.o)
 .text._f_writesector
                0x2001be6c      0x23c C:/HOOPOE3/satellite-subsystems/demo/../..//hal/hcc/lib\libHCCD.a(fat_common.o)
                0x2001be6c                _f_writesector
 .text._f_readsector
                0x2001c0a8      0x1dc C:/HOOPOE3/satellite-subsystems/demo/../..//hal/hcc/lib\libHCCD.a(fat_common.o)
                0x2001c0a8                _f_readsector
 .text._f_getmaxcluster
                0x2001c284       0x94 C:/HOOPOE3/satellite-subsystems/demo/../..//hal/hcc/lib\libHCCD.a(fat_common.o)
                0x2001c284                _f_getmaxcluster
 .text._getsectorfromcluster
                0x2001c318       0x68 C:/HOOPOE3/satellite-subsystems/demo/../..//hal/hcc/lib\libHCCD.a(fat_common.o)
 .text._f_buildsectors
                0x2001c380      0x268 C:/HOOPOE3/satellite-subsystems/demo/../..//hal/hcc/lib\libHCCD.a(fat_common.o)
 .text._f_getbootrecord
                0x2001c5e8      0x5e4 C:/HOOPOE3/satellite-subsystems/demo/../..//hal/hcc/lib\libHCCD.a(fat_common.o)
 .text._f_readbootrecord
                0x2001cbcc      0x4f8 C:/HOOPOE3/satellite-subsystems/demo/../..//hal/hcc/lib\libHCCD.a(fat_common.o)
 .text._f_flushcffiles
                0x2001d0c4      0x17c C:/HOOPOE3/satellite-subsystems/demo/../..//hal/hcc/lib\libHCCD.a(fat_common.o)
                0x2001d0c4                _f_flushcffiles
 .text._f_fatcache_flush
                0x2001d240      0x270 C:/HOOPOE3/satellite-subsystems/demo/../..//hal/hcc/lib\libHCCD.a(fat_common.o)
                0x2001d240                _f_fatcache_flush
 .text._f_writefatsector
                0x2001d4b0      0x100 C:/HOOPOE3/satellite-subsystems/demo/../..//hal/hcc/lib\libHCCD.a(fat_common.o)
                0x2001d4b0                _f_writefatsector
 .text._f_getfatsector
                0x2001d5b0      0x3bc C:/HOOPOE3/satellite-subsystems/demo/../..//hal/hcc/lib\libHCCD.a(fat_common.o)
 .text._f_setclustervalue
                0x2001d96c      0x490 C:/HOOPOE3/satellite-subsystems/demo/../..//hal/hcc/lib\libHCCD.a(fat_common.o)
                0x2001d96c                _f_setclustervalue
 .text._f_getclustervalue
                0x2001ddfc      0x388 C:/HOOPOE3/satellite-subsystems/demo/../..//hal/hcc/lib\libHCCD.a(fat_common.o)
                0x2001ddfc                _f_getclustervalue
 .text._f_close_drive_files
                0x2001e184       0xac C:/HOOPOE3/satellite-subsystems/demo/../..//hal/hcc/lib\libHCCD.a(fat_common.o)
 .text._f_inc_mount_count
                0x2001e230       0xa4 C:/HOOPOE3/satellite-subsystems/demo/../..//hal/hcc/lib\libHCCD.a(fat_common.o)
 .text._f_getvolume
                0x2001e2d4      0x2f8 C:/HOOPOE3/satellite-subsystems/demo/../..//hal/hcc/lib\libHCCD.a(fat_common.o)
                0x2001e2d4                _f_getvolume
 .text.fn_createdriver
                0x2001e5cc      0x118 C:/HOOPOE3/satellite-subsystems/demo/../..//hal/hcc/lib\libHCCD.a(fat_common.o)
                0x2001e5cc                fn_createdriver
 .text.fn_initvolume
                0x2001e6e4      0x12c C:/HOOPOE3/satellite-subsystems/demo/../..//hal/hcc/lib\libHCCD.a(fat_common.o)
                0x2001e6e4                fn_initvolume
 .text.fn_initvolumepartition_sub
                0x2001e810       0xe0 C:/HOOPOE3/satellite-subsystems/demo/../..//hal/hcc/lib\libHCCD.a(fat_common.o)
 .text.fn_initvolumepartition
                0x2001e8f0       0xac C:/HOOPOE3/satellite-subsystems/demo/../..//hal/hcc/lib\libHCCD.a(fat_common.o)
                0x2001e8f0                fn_initvolumepartition
 .text._f_clustertopos
                0x2001e99c       0xf8 C:/HOOPOE3/satellite-subsystems/demo/../..//hal/hcc/lib\libHCCD.a(fat_common.o)
                0x2001e99c                _f_clustertopos
 .text._f_getcurrsector
                0x2001ea94      0x6c8 C:/HOOPOE3/satellite-subsystems/demo/../..//hal/hcc/lib\libHCCD.a(fat_common.o)
                0x2001ea94                _f_getcurrsector
 .text._f_getdecluster
                0x2001f15c       0x90 C:/HOOPOE3/satellite-subsystems/demo/../..//hal/hcc/lib\libHCCD.a(fat_common.o)
                0x2001f15c                _f_getdecluster
 .text._f_setdecluster
                0x2001f1ec       0x8c C:/HOOPOE3/satellite-subsystems/demo/../..//hal/hcc/lib\libHCCD.a(fat_common.o)
                0x2001f1ec                _f_setdecluster
 .text.fn_getdrive
                0x2001f278       0x30 C:/HOOPOE3/satellite-subsystems/demo/../..//hal/hcc/lib\libHCCD.a(fat_common.o)
                0x2001f278                fn_getdrive
 .text._f_getcurrenttimedate
                0x2001f2a8      0x138 C:/HOOPOE3/satellite-subsystems/demo/../..//hal/hcc/lib\libHCCD.a(fat_common.o)
                0x2001f2a8                _f_getcurrenttimedate
 .text._f_initentry
                0x2001f3e0       0xa0 C:/HOOPOE3/satellite-subsystems/demo/../..//hal/hcc/lib\libHCCD.a(fat_common.o)
                0x2001f3e0                _f_initentry
 .text._f_alloccluster
                0x2001f480      0x344 C:/HOOPOE3/satellite-subsystems/demo/../..//hal/hcc/lib\libHCCD.a(fat_common.o)
                0x2001f480                _f_alloccluster
 .text._f_dobadblock
                0x2001f7c4      0x2cc C:/HOOPOE3/satellite-subsystems/demo/../..//hal/hcc/lib\libHCCD.a(fat_common.o)
                0x2001f7c4                _f_dobadblock
 .text._f_checklocked
                0x2001fa90       0xe4 C:/HOOPOE3/satellite-subsystems/demo/../..//hal/hcc/lib\libHCCD.a(fat_common.o)
                0x2001fa90                _f_checklocked
 .text._f_checkappendlocked
                0x2001fb74      0x110 C:/HOOPOE3/satellite-subsystems/demo/../..//hal/hcc/lib\libHCCD.a(fat_common.o)
                0x2001fb74                _f_checkappendlocked
 .text._f_setsyncafile
                0x2001fc84      0x114 C:/HOOPOE3/satellite-subsystems/demo/../..//hal/hcc/lib\libHCCD.a(fat_common.o)
                0x2001fc84                _f_setsyncafile
 .text._f_syncfiles
                0x2001fd98      0x128 C:/HOOPOE3/satellite-subsystems/demo/../..//hal/hcc/lib\libHCCD.a(fat_common.o)
                0x2001fd98                _f_syncfiles
 .text._f_syncfilescontent
                0x2001fec0      0x15c C:/HOOPOE3/satellite-subsystems/demo/../..//hal/hcc/lib\libHCCD.a(fat_common.o)
 .text.fn_getfreespace
                0x2002001c      0x4c0 C:/HOOPOE3/satellite-subsystems/demo/../..//hal/hcc/lib\libHCCD.a(fat_common.o)
                0x2002001c                fn_getfreespace
 .text._f_emptywritecache
                0x200204dc      0x4a4 C:/HOOPOE3/satellite-subsystems/demo/../..//hal/hcc/lib\libHCCD.a(fat_common.o)
 .text._f_allocnextcluster
                0x20020980      0x54c C:/HOOPOE3/satellite-subsystems/demo/../..//hal/hcc/lib\libHCCD.a(fat_common.o)
 .text._f_emptywritebuffer
                0x20020ecc      0x20c C:/HOOPOE3/satellite-subsystems/demo/../..//hal/hcc/lib\libHCCD.a(fat_common.o)
 .text._f_writezeros
                0x200210d8       0xf0 C:/HOOPOE3/satellite-subsystems/demo/../..//hal/hcc/lib\libHCCD.a(fat_common.o)
                0x200210d8                _f_writezeros
 .text._f_extend_file
                0x200211c8      0x570 C:/HOOPOE3/satellite-subsystems/demo/../..//hal/hcc/lib\libHCCD.a(fat_common.o)
 .text._f_fseek
                0x20021738      0x9bc C:/HOOPOE3/satellite-subsystems/demo/../..//hal/hcc/lib\libHCCD.a(fat_common.o)
                0x20021738                _f_fseek
 .text._f_removechain
                0x200220f4      0x104 C:/HOOPOE3/satellite-subsystems/demo/../..//hal/hcc/lib\libHCCD.a(fat_common.o)
                0x200220f4                _f_removechain
 .text._f_updatefileentry
                0x200221f8      0x1cc C:/HOOPOE3/satellite-subsystems/demo/../..//hal/hcc/lib\libHCCD.a(fat_common.o)
 .text._f_checkreadlocked
                0x200223c4      0x1bc C:/HOOPOE3/satellite-subsystems/demo/../..//hal/hcc/lib\libHCCD.a(fat_common.o)
                0x200223c4                _f_checkreadlocked
 .text._f_check_handle
                0x20022580       0x98 C:/HOOPOE3/satellite-subsystems/demo/../..//hal/hcc/lib\libHCCD.a(fat_common.o)
                0x20022580                _f_check_handle
 .text._f_removesyncafile
                0x20022618      0x1ec C:/HOOPOE3/satellite-subsystems/demo/../..//hal/hcc/lib\libHCCD.a(fat_common.o)
 .text.fn_close
                0x20022804      0x3f8 C:/HOOPOE3/satellite-subsystems/demo/../..//hal/hcc/lib\libHCCD.a(fat_common.o)
                0x20022804                fn_close
 .text.fn_flush
                0x20022bfc      0x374 C:/HOOPOE3/satellite-subsystems/demo/../..//hal/hcc/lib\libHCCD.a(fat_common.o)
                0x20022bfc                fn_flush
 .text.fn_read  0x20022f70      0x690 C:/HOOPOE3/satellite-subsystems/demo/../..//hal/hcc/lib\libHCCD.a(fat_common.o)
                0x20022f70                fn_read
 .text._f_abortwrite
                0x20023600      0x100 C:/HOOPOE3/satellite-subsystems/demo/../..//hal/hcc/lib\libHCCD.a(fat_common.o)
 .text._f_checkwritecluster
                0x20023700       0xe4 C:/HOOPOE3/satellite-subsystems/demo/../..//hal/hcc/lib\libHCCD.a(fat_common.o)
 .text.fn_write
                0x200237e4      0x8a8 C:/HOOPOE3/satellite-subsystems/demo/../..//hal/hcc/lib\libHCCD.a(fat_common.o)
                0x200237e4                fn_write
 .text.fn_seek  0x2002408c      0x270 C:/HOOPOE3/satellite-subsystems/demo/../..//hal/hcc/lib\libHCCD.a(fat_common.o)
                0x2002408c                fn_seek
 .text.f_enterFS
                0x200242fc      0x1c0 C:/HOOPOE3/satellite-subsystems/demo/../..//hal/hcc/lib\libHCCD.a(fat_common.o)
                0x200242fc                f_enterFS
 .text.f_releaseFS
                0x200244bc       0xb0 C:/HOOPOE3/satellite-subsystems/demo/../..//hal/hcc/lib\libHCCD.a(fat_common.o)
                0x200244bc                f_releaseFS
 .text.fnGetTask
                0x2002456c       0xfc C:/HOOPOE3/satellite-subsystems/demo/../..//hal/hcc/lib\libHCCD.a(fat_common.o)
                0x2002456c                fnGetTask
 .text._f_mutex_get
                0x20024668       0x98 C:/HOOPOE3/satellite-subsystems/demo/../..//hal/hcc/lib\libHCCD.a(fat_common.o)
                0x20024668                _f_mutex_get
 .text._f_mutex_put
                0x20024700       0x54 C:/HOOPOE3/satellite-subsystems/demo/../..//hal/hcc/lib\libHCCD.a(fat_common.o)
                0x20024700                _f_mutex_put
 .text._fn_initseekdivisor
                0x20024754      0x158 C:/HOOPOE3/satellite-subsystems/demo/../..//hal/hcc/lib\libHCCD.a(fat_common.o)
                0x20024754                _fn_initseekdivisor
 .text._fn_updateseekpos
                0x200248ac       0xc4 C:/HOOPOE3/satellite-subsystems/demo/../..//hal/hcc/lib\libHCCD.a(fat_common.o)
 .text._f_findopensize
                0x20024970       0x2c C:/HOOPOE3/satellite-subsystems/demo/../..//hal/hcc/lib\libHCCD.a(fat_common.o)
                0x20024970                _f_findopensize
 .text.fn_setlasterror
                0x2002499c       0x34 C:/HOOPOE3/satellite-subsystems/demo/../..//hal/hcc/lib\libHCCD.a(fat_common.o)
                0x2002499c                fn_setlasterror
 .text.fn_setlasterror_noret
                0x200249d0       0x2c C:/HOOPOE3/satellite-subsystems/demo/../..//hal/hcc/lib\libHCCD.a(fat_common.o)
                0x200249d0                fn_setlasterror_noret
 .text.fm_initvolume
                0x200249fc       0x70 C:/HOOPOE3/satellite-subsystems/demo/../..//hal/hcc/lib\libHCCD.a(fat_m.o)
                0x200249fc                fm_initvolume
 .text.fm_getdrive
                0x20024a6c       0x70 C:/HOOPOE3/satellite-subsystems/demo/../..//hal/hcc/lib\libHCCD.a(fat_m.o)
                0x20024a6c                fm_getdrive
 .text.fm_getfreespace
                0x20024adc       0x68 C:/HOOPOE3/satellite-subsystems/demo/../..//hal/hcc/lib\libHCCD.a(fat_m.o)
                0x20024adc                fm_getfreespace
 .text.fm_findfirst
                0x20024b44       0x68 C:/HOOPOE3/satellite-subsystems/demo/../..//hal/hcc/lib\libHCCD.a(fat_m.o)
                0x20024b44                fm_findfirst
 .text.fm_findnext
                0x20024bac       0x60 C:/HOOPOE3/satellite-subsystems/demo/../..//hal/hcc/lib\libHCCD.a(fat_m.o)
                0x20024bac                fm_findnext
 .text.fm_filelength
                0x20024c0c       0x60 C:/HOOPOE3/satellite-subsystems/demo/../..//hal/hcc/lib\libHCCD.a(fat_m.o)
                0x20024c0c                fm_filelength
 .text.fm_close
                0x20024c6c       0x60 C:/HOOPOE3/satellite-subsystems/demo/../..//hal/hcc/lib\libHCCD.a(fat_m.o)
                0x20024c6c                fm_close
 .text.fm_flush
                0x20024ccc       0x60 C:/HOOPOE3/satellite-subsystems/demo/../..//hal/hcc/lib\libHCCD.a(fat_m.o)
                0x20024ccc                fm_flush
 .text.fm_open  0x20024d2c       0x68 C:/HOOPOE3/satellite-subsystems/demo/../..//hal/hcc/lib\libHCCD.a(fat_m.o)
                0x20024d2c                fm_open
 .text.fm_read  0x20024d94       0x7c C:/HOOPOE3/satellite-subsystems/demo/../..//hal/hcc/lib\libHCCD.a(fat_m.o)
                0x20024d94                fm_read
 .text.fm_write
                0x20024e10       0x7c C:/HOOPOE3/satellite-subsystems/demo/../..//hal/hcc/lib\libHCCD.a(fat_m.o)
                0x20024e10                fm_write
 .text.fm_seek  0x20024e8c       0x70 C:/HOOPOE3/satellite-subsystems/demo/../..//hal/hcc/lib\libHCCD.a(fat_m.o)
                0x20024e8c                fm_seek
 .text.fm_delete
                0x20024efc       0x64 C:/HOOPOE3/satellite-subsystems/demo/../..//hal/hcc/lib\libHCCD.a(fat_m.o)
                0x20024efc                fm_delete
 .text.fm_getlasterror
                0x20024f60       0x40 C:/HOOPOE3/satellite-subsystems/demo/../..//hal/hcc/lib\libHCCD.a(fat_m.o)
                0x20024f60                fm_getlasterror
 .text._s_checkzeroclusteratend
                0x20024fa0       0xf8 C:/HOOPOE3/satellite-subsystems/demo/../..//hal/hcc/lib\libHCCD.a(safefat.o)
 .text._s_clearclustercontent
                0x20025098      0x108 C:/HOOPOE3/satellite-subsystems/demo/../..//hal/hcc/lib\libHCCD.a(safefat.o)
 .text._s_clearclustercontentdir
                0x200251a0      0x19c C:/HOOPOE3/satellite-subsystems/demo/../..//hal/hcc/lib\libHCCD.a(safefat.o)
 .text._s_writedirsector
                0x2002533c       0xd0 C:/HOOPOE3/satellite-subsystems/demo/../..//hal/hcc/lib\libHCCD.a(safefat.o)
 .text._s_getdirsector
                0x2002540c      0x100 C:/HOOPOE3/satellite-subsystems/demo/../..//hal/hcc/lib\libHCCD.a(safefat.o)
 .text._s_addentry
                0x2002550c      0x394 C:/HOOPOE3/satellite-subsystems/demo/../..//hal/hcc/lib\libHCCD.a(safefat.o)
 .text._s_findfile
                0x200258a0      0x33c C:/HOOPOE3/satellite-subsystems/demo/../..//hal/hcc/lib\libHCCD.a(safefat.o)
 .text._s_findsubdir
                0x20025bdc      0x248 C:/HOOPOE3/satellite-subsystems/demo/../..//hal/hcc/lib\libHCCD.a(safefat.o)
 .text._s_createfile
                0x20025e24      0x190 C:/HOOPOE3/satellite-subsystems/demo/../..//hal/hcc/lib\libHCCD.a(safefat.o)
 .text._s_findsaffile
                0x20025fb4      0x1b8 C:/HOOPOE3/satellite-subsystems/demo/../..//hal/hcc/lib\libHCCD.a(safefat.o)
 .text._s_open  0x2002616c       0xe4 C:/HOOPOE3/satellite-subsystems/demo/../..//hal/hcc/lib\libHCCD.a(safefat.o)
 .text._s_open_saf
                0x20026250       0xe8 C:/HOOPOE3/satellite-subsystems/demo/../..//hal/hcc/lib\libHCCD.a(safefat.o)
 .text._s_flush
                0x20026338       0x84 C:/HOOPOE3/satellite-subsystems/demo/../..//hal/hcc/lib\libHCCD.a(safefat.o)
 .text._s_allocnextcluster
                0x200263bc      0x13c C:/HOOPOE3/satellite-subsystems/demo/../..//hal/hcc/lib\libHCCD.a(safefat.o)
 .text._s_getnextsector
                0x200264f8       0xdc C:/HOOPOE3/satellite-subsystems/demo/../..//hal/hcc/lib\libHCCD.a(safefat.o)
 .text._s_seek  0x200265d4      0x1e8 C:/HOOPOE3/satellite-subsystems/demo/../..//hal/hcc/lib\libHCCD.a(safefat.o)
 .text._s_read  0x200267bc      0x228 C:/HOOPOE3/satellite-subsystems/demo/../..//hal/hcc/lib\libHCCD.a(safefat.o)
 .text._s_write
                0x200269e4      0x384 C:/HOOPOE3/satellite-subsystems/demo/../..//hal/hcc/lib\libHCCD.a(safefat.o)
 .text._s_restoreclusters
                0x20026d68      0x270 C:/HOOPOE3/satellite-subsystems/demo/../..//hal/hcc/lib\libHCCD.a(safefat.o)
                0x20026d68                _s_restoreclusters
 .text._s_findrestore
                0x20026fd8      0x18c C:/HOOPOE3/satellite-subsystems/demo/../..//hal/hcc/lib\libHCCD.a(safefat.o)
 .text._s_cmd_writede
                0x20027164       0xd8 C:/HOOPOE3/satellite-subsystems/demo/../..//hal/hcc/lib\libHCCD.a(safefat.o)
 .text._s_cmd_setcluster
                0x2002723c       0x88 C:/HOOPOE3/satellite-subsystems/demo/../..//hal/hcc/lib\libHCCD.a(safefat.o)
 .text._s_cmd_deletechain
                0x200272c4      0x100 C:/HOOPOE3/satellite-subsystems/demo/../..//hal/hcc/lib\libHCCD.a(safefat.o)
 .text._s_cmd_validatecfn
                0x200273c4      0x308 C:/HOOPOE3/satellite-subsystems/demo/../..//hal/hcc/lib\libHCCD.a(safefat.o)
 .text._s_cmd_seteof
                0x200276cc      0x3c4 C:/HOOPOE3/satellite-subsystems/demo/../..//hal/hcc/lib\libHCCD.a(safefat.o)
 .text.safe_docommands
                0x20027a90      0x56c C:/HOOPOE3/satellite-subsystems/demo/../..//hal/hcc/lib\libHCCD.a(safefat.o)
                0x20027a90                safe_docommands
 .text.safe_entercommand
                0x20027ffc       0x68 C:/HOOPOE3/satellite-subsystems/demo/../..//hal/hcc/lib\libHCCD.a(safefat.o)
                0x20027ffc                safe_entercommand
 .text.safe_ready
                0x20028064       0xf4 C:/HOOPOE3/satellite-subsystems/demo/../..//hal/hcc/lib\libHCCD.a(safefat.o)
                0x20028064                safe_ready
 .text.safe_copycfn
                0x20028158       0xb8 C:/HOOPOE3/satellite-subsystems/demo/../..//hal/hcc/lib\libHCCD.a(safefat.o)
                0x20028158                safe_copycfn
 .text.safe_cfremove
                0x20028210       0xb8 C:/HOOPOE3/satellite-subsystems/demo/../..//hal/hcc/lib\libHCCD.a(safefat.o)
                0x20028210                safe_cfremove
 .text.safe_writede