Archive member included because of file (symbol)

c:/isis/application/toolchain/bin/../lib/gcc/arm-none-eabi/4.7.4/../../../../arm-none-eabi/lib\libc_s.a(lib_a-vfprintf_float.o)
                              (_printf_float)
c:/isis/application/toolchain/bin/../lib/gcc/arm-none-eabi/4.7.4/../../../../arm-none-eabi/lib\libc_s.a(lib_a-vfprintf_i.o)
                              c:/isis/application/toolchain/bin/../lib/gcc/arm-none-eabi/4.7.4/../../../../arm-none-eabi/lib\libc_s.a(lib_a-vfprintf_float.o) (_printf_common)
c:/isis/application/toolchain/bin/../lib/gcc/arm-none-eabi/4.7.4/../../../../arm-none-eabi/lib\libc_s.a(lib_a-vfscanf_float.o)
                              (_scanf_float)
c:/isis/application/toolchain/bin/../lib/gcc/arm-none-eabi/4.7.4/../../../../arm-none-eabi/lib\libc_s.a(lib_a-dtoa.o)
                              c:/isis/application/toolchain/bin/../lib/gcc/arm-none-eabi/4.7.4/../../../../arm-none-eabi/lib\libc_s.a(lib_a-vfprintf_float.o) (_dtoa_r)
c:/isis/application/toolchain/bin/../lib/gcc/arm-none-eabi/4.7.4/../../../../arm-none-eabi/lib\libc_s.a(lib_a-locale.o)
                              c:/isis/application/toolchain/bin/../lib/gcc/arm-none-eabi/4.7.4/../../../../arm-none-eabi/lib\libc_s.a(lib_a-vfprintf_float.o) (_localeconv_r)
c:/isis/application/toolchain/bin/../lib/gcc/arm-none-eabi/4.7.4/../../../../arm-none-eabi/lib\libc_s.a(lib_a-malloc.o)
                              c:/isis/application/toolchain/bin/../lib/gcc/arm-none-eabi/4.7.4/../../../../arm-none-eabi/lib\libc_s.a(lib_a-dtoa.o) (malloc)
c:/isis/application/toolchain/bin/../lib/gcc/arm-none-eabi/4.7.4/../../../../arm-none-eabi/lib\libc_s.a(lib_a-mallocr.o)
                              c:/isis/application/toolchain/bin/../lib/gcc/arm-none-eabi/4.7.4/../../../../arm-none-eabi/lib\libc_s.a(lib_a-malloc.o) (_malloc_r)
c:/isis/application/toolchain/bin/../lib/gcc/arm-none-eabi/4.7.4/../../../../arm-none-eabi/lib\libc_s.a(lib_a-memcpy.o)
                              c:/isis/application/toolchain/bin/../lib/gcc/arm-none-eabi/4.7.4/../../../../arm-none-eabi/lib\libc_s.a(lib_a-dtoa.o) (memcpy)
c:/isis/application/toolchain/bin/../lib/gcc/arm-none-eabi/4.7.4/../../../../arm-none-eabi/lib\libc_s.a(lib_a-mprec.o)
                              c:/isis/application/toolchain/bin/../lib/gcc/arm-none-eabi/4.7.4/../../../../arm-none-eabi/lib\libc_s.a(lib_a-dtoa.o) (_Balloc)
c:/isis/application/toolchain/bin/../lib/gcc/arm-none-eabi/4.7.4/../../../../arm-none-eabi/lib\libc_s.a(lib_a-s_fpclassify.o)
                              c:/isis/application/toolchain/bin/../lib/gcc/arm-none-eabi/4.7.4/../../../../arm-none-eabi/lib\libc_s.a(lib_a-vfprintf_float.o) (__fpclassifyd)
c:/isis/application/toolchain/bin/../lib/gcc/arm-none-eabi/4.7.4/../../../../arm-none-eabi/lib\libc_s.a(lib_a-sbrkr.o)
                              c:/isis/application/toolchain/bin/../lib/gcc/arm-none-eabi/4.7.4/../../../../arm-none-eabi/lib\libc_s.a(lib_a-mallocr.o) (_sbrk_r)
c:/isis/application/toolchain/bin/../lib/gcc/arm-none-eabi/4.7.4/../../../../arm-none-eabi/lib\libc_s.a(lib_a-sf_nan.o)
                              c:/isis/application/toolchain/bin/../lib/gcc/arm-none-eabi/4.7.4/../../../../arm-none-eabi/lib\libc_s.a(lib_a-vfscanf_float.o) (nanf)
c:/isis/application/toolchain/bin/../lib/gcc/arm-none-eabi/4.7.4/../../../../arm-none-eabi/lib\libc_s.a(lib_a-sprintf.o)
                              c:/isis/application/toolchain/bin/../lib/gcc/arm-none-eabi/4.7.4/../../../../arm-none-eabi/lib\libc_s.a(lib_a-vfscanf_float.o) (sprintf)
c:/isis/application/toolchain/bin/../lib/gcc/arm-none-eabi/4.7.4/../../../../arm-none-eabi/lib\libc_s.a(lib_a-strcmp.o)
                              c:/isis/application/toolchain/bin/../lib/gcc/arm-none-eabi/4.7.4/../../../../arm-none-eabi/lib\libc_s.a(lib_a-locale.o) (strcmp)
c:/isis/application/toolchain/bin/../lib/gcc/arm-none-eabi/4.7.4/../../../../arm-none-eabi/lib\libc_s.a(lib_a-strlen.o)
                              c:/isis/application/toolchain/bin/../lib/gcc/arm-none-eabi/4.7.4/../../../../arm-none-eabi/lib\libc_s.a(lib_a-vfprintf_float.o) (strlen)
c:/isis/application/toolchain/bin/../lib/gcc/arm-none-eabi/4.7.4/../../../../arm-none-eabi/lib\libc_s.a(lib_a-strtod.o)
                              c:/isis/application/toolchain/bin/../lib/gcc/arm-none-eabi/4.7.4/../../../../arm-none-eabi/lib\libc_s.a(lib_a-vfscanf_float.o) (_strtod_r)
c:/isis/application/toolchain/bin/../lib/gcc/arm-none-eabi/4.7.4/../../../../arm-none-eabi/lib\libc_s.a(lib_a-strtol.o)
                              c:/isis/application/toolchain/bin/../lib/gcc/arm-none-eabi/4.7.4/../../../../arm-none-eabi/lib\libc_s.a(lib_a-vfscanf_float.o) (_strtol_r)
c:/isis/application/toolchain/bin/../lib/gcc/arm-none-eabi/4.7.4/../../../../arm-none-eabi/lib\libc_s.a(lib_a-svfprintf.o)
                              c:/isis/application/toolchain/bin/../lib/gcc/arm-none-eabi/4.7.4/../../../../arm-none-eabi/lib\libc_s.a(lib_a-sprintf.o) (_svfprintf_r)
[...]
Memory Configuration

Name             Origin             Length             Attributes
sram0            0x00200000         0x00004000         w !xr
sram1            0x00300000         0x00004000         w !xr
sdram            0x20000000         0x02000000         w !xr
*default*        0x00000000         0xffffffff

Linker script and memory map

LOAD c:/isis/application/toolchain/bin/../lib/gcc/arm-none-eabi/4.7.4/../../../../arm-none-eabi/lib\libc_s.a
LOAD ./src/sub-systemCode/Main/CMD/COMM_CMD.o
LOAD ./src/sub-systemCode/Main/CMD/EPS_CMD.o
LOAD ./src/sub-systemCode/Main/CMD/General_CMD.o
LOAD ./src/sub-systemCode/Main/CMD/SW_CMD.o
LOAD ./src/sub-systemCode/Main/CMD/payload_CMD.o
LOAD ./src/sub-systemCode/Main/Ants.o
LOAD ./src/sub-systemCode/Main/EPS.o
LOAD ./src/sub-systemCode/Main/HouseKeeping.o
LOAD ./src/sub-systemCode/Main/Main_Init.o
LOAD ./src/sub-systemCode/Main/commands.o
LOAD ./src/sub-systemCode/Global/Global.o
LOAD ./src/sub-systemCode/Global/GlobalParam.o
LOAD ./src/sub-systemCode/Global/OnlineTM.o
LOAD ./src/sub-systemCode/Global/TLM_management.o
LOAD ./src/sub-systemCode/COMM/APRS.o
LOAD ./src/sub-systemCode/COMM/DelayedCommand_list.o
LOAD ./src/sub-systemCode/COMM/GSC.o
LOAD ./src/sub-systemCode/COMM/TRXVU.o
LOAD ./src/sub-systemCode/ADCS/ADCS.o
LOAD ./src/sub-systemCode/ADCS/Stage_Table.o
LOAD ./src/main.o
LOAD C:/HOOPOE3/satellite-subsystems/demo/..//satellite-subsystems/lib\libSatelliteSubsystemsD.a
LOAD c:/isis/application/toolchain/bin/../lib/gcc/arm-none-eabi/4.7.4/../../../../arm-none-eabi/lib\libm.a
LOAD C:/HOOPOE3/satellite-subsystems/demo/../..//hal/hcc/lib\libHCCD.a
LOAD C:/HOOPOE3/satellite-subsystems/demo/../..//hal/hal/lib\libHALD.a
LOAD C:/HOOPOE3/satellite-subsystems/demo/../..//hal/freertos/lib\libFreeRTOSD.a
LOAD C:/HOOPOE3/satellite-subsystems/demo/../..//hal/at91/lib\libAt91D.a
START GROUP
LOAD c:/isis/application/toolchain/bin/../lib/gcc/arm-none-eabi/4.7.4\libgcc.a
LOAD c:/isis/application/toolchain/bin/../lib/gcc/arm-none-eabi/4.7.4/../../../../arm-none-eabi/lib\libc_s.a
END GROUP

.fixed          0x20000000    0x40c50
                0x20000000                . = ALIGN (0x4)
                0x20000000                _sfixed = .
 *(.startup)
 .startup       0x20000000      0x134 C:/HOOPOE3/satellite-subsystems/demo/../..//hal/at91/lib\libAt91D.a(board_cstartup.o)
                0x20000000                entry
 *(.text)
 .text          0x20000134       0x64 C:/HOOPOE3/satellite-subsystems/demo/../..//hal/at91/lib\libAt91D.a(cp15_asm.o)
                0x20000134                _readControlRegister
                0x20000140                _writeControlRegister
                0x20000148                _waitForInterrupt
                0x20000154                _writeTTB
                0x2000015c                _writeDomain
                0x20000164                _writeITLBLockdown
                0x2000016c                _prefetchICacheLine
                0x20000174                _flushDCache
                0x20000180                _flushWriteBuffer
                0x2000018c                _invalidateIDTLBs
 .text          0x20000198      0x114 c:/isis/application/toolchain/bin/../lib/gcc/arm-none-eabi/4.7.4\libgcc.a(_udivsi3.o)
                0x20000198                __aeabi_uidiv
                0x20000198                __udivsi3
                0x2000028c                __aeabi_uidivmod
 .text          0x200002ac      0x148 c:/isis/application/toolchain/bin/../lib/gcc/arm-none-eabi/4.7.4\libgcc.a(_divsi3.o)
                0x200002ac                __divsi3
                0x200002ac                __aeabi_idiv
                0x200003d4                __aeabi_idivmod
 .text          0x200003f4        0x4 c:/isis/application/toolchain/bin/../lib/gcc/arm-none-eabi/4.7.4\libgcc.a(_dvmd_tls.o)
                0x200003f4                __aeabi_idiv0
                0x200003f4                __aeabi_ldiv0
 .text          0x200003f8      0x41c c:/isis/application/toolchain/bin/../lib/gcc/arm-none-eabi/4.7.4\libgcc.a(_arm_addsubdf3.o)
                0x200003f8                __aeabi_drsub
                0x20000400                __aeabi_dsub
                0x20000400                __subdf3
                0x20000404                __aeabi_dadd
                0x20000404                __adddf3
                0x20000714                __floatunsidf
                0x20000714                __aeabi_ui2d
                0x20000738                __floatsidf
                0x20000738                __aeabi_i2d
                0x20000760                __aeabi_f2d
                0x20000760                __extendsfdf2
                0x200007a0                __floatundidf
                0x200007a0                __aeabi_ul2d
                0x200007b4                __floatdidf
                0x200007b4                __aeabi_l2d
 .text          0x20000814      0x49c c:/isis/application/toolchain/bin/../lib/gcc/arm-none-eabi/4.7.4\libgcc.a(_arm_muldivdf3.o)
                0x20000814                __aeabi_dmul
                0x20000814                __muldf3
                0x20000aa4                __divdf3
                0x20000aa4                __aeabi_ddiv
 .text          0x20000cb0      0x144 c:/isis/application/toolchain/bin/../lib/gcc/arm-none-eabi/4.7.4\libgcc.a(_arm_cmpdf2.o)
                0x20000cb0                __gtdf2
                0x20000cb0                __gedf2
                0x20000cb8                __ltdf2
                0x20000cb8                __ledf2
                0x20000cc0                __nedf2
                0x20000cc0                __eqdf2
                0x20000cc0                __cmpdf2
                0x20000d48                __aeabi_cdrcmple
                0x20000d64                __aeabi_cdcmpeq
                0x20000d64                __aeabi_cdcmple
                0x20000d7c                __aeabi_dcmpeq
                0x20000d94                __aeabi_dcmplt
                0x20000dac                __aeabi_dcmple
                0x20000dc4                __aeabi_dcmpge
                0x20000ddc                __aeabi_dcmpgt
 .text          0x20000df4       0x5c c:/isis/application/toolchain/bin/../lib/gcc/arm-none-eabi/4.7.4\libgcc.a(_arm_fixdfsi.o)
                0x20000df4                __aeabi_d2iz
                0x20000df4                __fixdfsi
 .text          0x20000e50       0x54 c:/isis/application/toolchain/bin/../lib/gcc/arm-none-eabi/4.7.4\libgcc.a(_arm_fixunsdfsi.o)
                0x20000e50                __aeabi_d2uiz
                0x20000e50                __fixunsdfsi
 .text          0x20000ea4       0xa0 c:/isis/application/toolchain/bin/../lib/gcc/arm-none-eabi/4.7.4\libgcc.a(_arm_truncdfsf2.o)
                0x20000ea4                __truncdfsf2
                0x20000ea4                __aeabi_d2f
 .text          0x20000f44      0x2ac c:/isis/application/toolchain/bin/../lib/gcc/arm-none-eabi/4.7.4\libgcc.a(_arm_addsubsf3.o)
                0x20000f44                __aeabi_frsub
                0x20000f4c                __subsf3
                0x20000f4c                __aeabi_fsub
                0x20000f50                __aeabi_fadd
                0x20000f50                __addsf3
                0x2000110c                __aeabi_ui2f
                0x2000110c                __floatunsisf
                0x20001114                __aeabi_i2f
                0x20001114                __floatsisf
                0x20001134                __aeabi_ul2f
                0x20001134                __floatundisf
                0x20001144                __aeabi_l2f
                0x20001144                __floatdisf
 .text          0x200011f0      0x2f8 c:/isis/application/toolchain/bin/../lib/gcc/arm-none-eabi/4.7.4\libgcc.a(_arm_muldivsf3.o)
                0x200011f0                __mulsf3
                0x200011f0                __aeabi_fmul
                0x20001388                __aeabi_fdiv
                0x20001388                __divsf3
 .text          0x200014e8       0x54 c:/isis/application/toolchain/bin/../lib/gcc/arm-none-eabi/4.7.4\libgcc.a(_arm_fixunssfsi.o)
                0x200014e8                __fixunssfsi
                0x200014e8                __aeabi_f2uiz
 *(.text*)
 .text.__cvt    0x2000153c      0x138 c:/isis/application/toolchain/bin/../lib/gcc/arm-none-eabi/4.7.4/../../../../arm-none-eabi/lib\libc_s.a(lib_a-vfprintf_float.o)
                0x2000153c                __cvt
 .text.__exponent
                0x20001674       0xa8 c:/isis/application/toolchain/bin/../lib/gcc/arm-none-eabi/4.7.4/../../../../arm-none-eabi/lib\libc_s.a(lib_a-vfprintf_float.o)
                0x20001674                __exponent
 .text._printf_float
                0x2000171c      0x7dc c:/isis/application/toolchain/bin/../lib/gcc/arm-none-eabi/4.7.4/../../../../arm-none-eabi/lib\libc_s.a(lib_a-vfprintf_float.o)
                0x2000171c                _printf_float
 .text._printf_common
                0x20001ef8      0x174 c:/isis/application/toolchain/bin/../lib/gcc/arm-none-eabi/4.7.4/../../../../arm-none-eabi/lib\libc_s.a(lib_a-vfprintf_i.o)
                0x20001ef8                _printf_common
 .text._printf_i
                0x2000206c      0x3c4 c:/isis/application/toolchain/bin/../lib/gcc/arm-none-eabi/4.7.4/../../../../arm-none-eabi/lib\libc_s.a(lib_a-vfprintf_i.o)
                0x2000206c                _printf_i
 .text._scanf_float
                0x20002430      0x5f4 c:/isis/application/toolchain/bin/../lib/gcc/arm-none-eabi/4.7.4/../../../../arm-none-eabi/lib\libc_s.a(lib_a-vfscanf_float.o)
                0x20002430                _scanf_float
 .text.quorem   0x20002a24      0x1ac c:/isis/application/toolchain/bin/../lib/gcc/arm-none-eabi/4.7.4/../../../../arm-none-eabi/lib\libc_s.a(lib_a-dtoa.o)
 .text._dtoa_r  0x20002bd0     0x1268 c:/isis/application/toolchain/bin/../lib/gcc/arm-none-eabi/4.7.4/../../../../arm-none-eabi/lib\libc_s.a(lib_a-dtoa.o)
                0x20002bd0                _dtoa_r
 .text._localeconv_r
                0x20003e38        0xc c:/isis/application/toolchain/bin/../lib/gcc/arm-none-eabi/4.7.4/../../../../arm-none-eabi/lib\libc_s.a(lib_a-locale.o)
                0x20003e38                _localeconv_r
 .text.malloc   0x20003e44       0x20 c:/isis/application/toolchain/bin/../lib/gcc/arm-none-eabi/4.7.4/../../../../arm-none-eabi/lib\libc_s.a(lib_a-malloc.o)
                0x20003e44                malloc
 .text.free     0x20003e64       0x20 c:/isis/application/toolchain/bin/../lib/gcc/arm-none-eabi/4.7.4/../../../../arm-none-eabi/lib\libc_s.a(lib_a-malloc.o)
                0x20003e64                free
 .text._malloc_r
                0x20003e84       0xfc c:/isis/application/toolchain/bin/../lib/gcc/arm-none-eabi/4.7.4/../../../../arm-none-eabi/lib\libc_s.a(lib_a-mallocr.o)
                0x20003e84                _malloc_r
 .text.memcpy   0x20003f80       0x20 c:/isis/application/toolchain/bin/../lib/gcc/arm-none-eabi/4.7.4/../../../../arm-none-eabi/lib\libc_s.a(lib_a-memcpy.o)
                0x20003f80                memcpy
 .text._Balloc  0x20003fa0       0xcc c:/isis/application/toolchain/bin/../lib/gcc/arm-none-eabi/4.7.4/../../../../arm-none-eabi/lib\libc_s.a(lib_a-mprec.o)
                0x20003fa0                _Balloc
 .text._Bfree   0x2000406c       0x5c c:/isis/application/toolchain/bin/../lib/gcc/arm-none-eabi/4.7.4/../../../../arm-none-eabi/lib\libc_s.a(lib_a-mprec.o)
                0x2000406c                _Bfree
 .text.__multadd
                0x200040c8       0xbc c:/isis/application/toolchain/bin/../lib/gcc/arm-none-eabi/4.7.4/../../../../arm-none-eabi/lib\libc_s.a(lib_a-mprec.o)
                0x200040c8                __multadd
 .text.__s2b    0x20004184       0xd8 c:/isis/application/toolchain/bin/../lib/gcc/arm-none-eabi/4.7.4/../../../../arm-none-eabi/lib\libc_s.a(lib_a-mprec.o)
                0x20004184                __s2b
 .text.__hi0bits
                0x2000425c       0x58 c:/isis/application/toolchain/bin/../lib/gcc/arm-none-eabi/4.7.4/../../../../arm-none-eabi/lib\libc_s.a(lib_a-mprec.o)
                0x2000425c                __hi0bits
 .text.__lo0bits
                0x200042b4       0x94 c:/isis/application/toolchain/bin/../lib/gcc/arm-none-eabi/4.7.4/../../../../arm-none-eabi/lib\libc_s.a(lib_a-mprec.o)
                0x200042b4                __lo0bits
 .text.__i2b    0x20004348       0x24 c:/isis/application/toolchain/bin/../lib/gcc/arm-none-eabi/4.7.4/../../../../arm-none-eabi/lib\libc_s.a(lib_a-mprec.o)
                0x20004348                __i2b
 .text.__multiply
                0x2000436c      0x1ac c:/isis/application/toolchain/bin/../lib/gcc/arm-none-eabi/4.7.4/../../../../arm-none-eabi/lib\libc_s.a(lib_a-mprec.o)
                0x2000436c                __multiply
 .text.__pow5mult
                0x20004518      0x10c c:/isis/application/toolchain/bin/../lib/gcc/arm-none-eabi/4.7.4/../../../../arm-none-eabi/lib\libc_s.a(lib_a-mprec.o)
                0x20004518                __pow5mult
 .text.__lshift
                0x20004624       0xf0 c:/isis/application/toolchain/bin/../lib/gcc/arm-none-eabi/4.7.4/../../../../arm-none-eabi/lib\libc_s.a(lib_a-mprec.o)
                0x20004624                __lshift
 .text.__mcmp   0x20004714       0x60 c:/isis/application/toolchain/bin/../lib/gcc/arm-none-eabi/4.7.4/../../../../arm-none-eabi/lib\libc_s.a(lib_a-mprec.o)
                0x20004714                __mcmp
 .text.__mdiff  0x20004774      0x128 c:/isis/application/toolchain/bin/../lib/gcc/arm-none-eabi/4.7.4/../../../../arm-none-eabi/lib\libc_s.a(lib_a-mprec.o)
                0x20004774                __mdiff
 .text.__ulp    0x2000489c       0x5c c:/isis/application/toolchain/bin/../lib/gcc/arm-none-eabi/4.7.4/../../../../arm-none-eabi/lib\libc_s.a(lib_a-mprec.o)
                0x2000489c                __ulp
 .text.__b2d    0x200048f8       0xc8 c:/isis/application/toolchain/bin/../lib/gcc/arm-none-eabi/4.7.4/../../../../arm-none-eabi/lib\libc_s.a(lib_a-mprec.o)
                0x200048f8                __b2d
 .text.__d2b    0x200049c0       0xfc c:/isis/application/toolchain/bin/../lib/gcc/arm-none-eabi/4.7.4/../../../../arm-none-eabi/lib\libc_s.a(lib_a-mprec.o)
                0x200049c0                __d2b
 .text.__ratio  0x20004abc       0x70 c:/isis/application/toolchain/bin/../lib/gcc/arm-none-eabi/4.7.4/../../../../arm-none-eabi/lib\libc_s.a(lib_a-mprec.o)
                0x20004abc                __ratio
 .text.__copybits
                0x20004b2c       0x4c c:/isis/application/toolchain/bin/../lib/gcc/arm-none-eabi/4.7.4/../../../../arm-none-eabi/lib\libc_s.a(lib_a-mprec.o)
                0x20004b2c                __copybits
 .text.__any_on
                0x20004b78       0x7c c:/isis/application/toolchain/bin/../lib/gcc/arm-none-eabi/4.7.4/../../../../arm-none-eabi/lib\libc_s.a(lib_a-mprec.o)
                0x20004b78                __any_on
 .text.__fpclassifyd
                0x20004bf4       0x6c c:/isis/application/toolchain/bin/../lib/gcc/arm-none-eabi/4.7.4/../../../../arm-none-eabi/lib\libc_s.a(lib_a-s_fpclassify.o)
                0x20004bf4                __fpclassifyd
 .text._sbrk_r  0x20004c60       0x3c c:/isis/application/toolchain/bin/../lib/gcc/arm-none-eabi/4.7.4/../../../../arm-none-eabi/lib\libc_s.a(lib_a-sbrkr.o)
                0x20004c60                _sbrk_r
 .text.nanf     0x20004c9c        0xc c:/isis/application/toolchain/bin/../lib/gcc/arm-none-eabi/4.7.4/../../../../arm-none-eabi/lib\libc_s.a(lib_a-sf_nan.o)
                0x20004c9c                nanf
 .text.sprintf  0x20004ca8       0x6c c:/isis/application/toolchain/bin/../lib/gcc/arm-none-eabi/4.7.4/../../../../arm-none-eabi/lib\libc_s.a(lib_a-sprintf.o)
                0x20004ca8                siprintf
                0x20004ca8                sprintf
 .text.strcmp   0x20004d14       0x1c c:/isis/application/toolchain/bin/../lib/gcc/arm-none-eabi/4.7.4/../../../../arm-none-eabi/lib\libc_s.a(lib_a-strcmp.o)
                0x20004d14                strcmp
 .text.strlen   0x20004d30       0x1c c:/isis/application/toolchain/bin/../lib/gcc/arm-none-eabi/4.7.4/../../../../arm-none-eabi/lib\libc_s.a(lib_a-strlen.o)
                0x20004d30                strlen
 .text.match    0x20004d4c       0x54 c:/isis/application/toolchain/bin/../lib/gcc/arm-none-eabi/4.7.4/../../../../arm-none-eabi/lib\libc_s.a(lib_a-strtod.o)
 .text._strtod_r
                0x20004da0     0x1168 c:/isis/application/toolchain/bin/../lib/gcc/arm-none-eabi/4.7.4/../../../../arm-none-eabi/lib\libc_s.a(lib_a-strtod.o)
                0x20004da0                _strtod_r
 .text._strtol_r
                0x20005f08      0x1b8 c:/isis/application/toolchain/bin/../lib/gcc/arm-none-eabi/4.7.4/../../../../arm-none-eabi/lib\libc_s.a(lib_a-strtol.o)
                0x20005f08                _strtol_r
 .text.__ssputc_r
                0x200060c0      0x10c c:/isis/application/toolchain/bin/../lib/gcc/arm-none-eabi/4.7.4/../../../../arm-none-eabi/lib\libc_s.a(lib_a-svfprintf.o)
                0x200060c0                __ssputc_r
 .text._svfprintf_r
                0x200061cc      0x328 c:/isis/application/toolchain/bin/../lib/gcc/arm-none-eabi/4.7.4/../../../../arm-none-eabi/lib\libc_s.a(lib_a-svfprintf.o)
                0x200061cc                _svfiprintf_r
                0x200061cc                _svfprintf_r
 .text._calloc_r
                0x200064f4       0x2c c:/isis/application/toolchain/bin/../lib/gcc/arm-none-eabi/4.7.4/../../../../arm-none-eabi/lib\libc_s.a(lib_a-callocr.o)
                0x200064f4                _calloc_r
 .text._free_r  0x20006520      0x108 c:/isis/application/toolchain/bin/../lib/gcc/arm-none-eabi/4.7.4/../../../../arm-none-eabi/lib\libc_s.a(lib_a-freer.o)
                0x20006520                _free_r
 .text.rshift   0x20006628       0xb0 c:/isis/application/toolchain/bin/../lib/gcc/arm-none-eabi/4.7.4/../../../../arm-none-eabi/lib\libc_s.a(lib_a-gdtoa-gethex.o)
 .text.htinit.constprop.0
                0x200066d8       0x34 c:/isis/application/toolchain/bin/../lib/gcc/arm-none-eabi/4.7.4/../../../../arm-none-eabi/lib\libc_s.a(lib_a-gdtoa-gethex.o)
 .text.__hexdig_init
                0x2000670c       0x38 c:/isis/application/toolchain/bin/../lib/gcc/arm-none-eabi/4.7.4/../../../../arm-none-eabi/lib\libc_s.a(lib_a-gdtoa-gethex.o)
                0x2000670c                __hexdig_init
 .text.__gethex
                0x20006744      0x6cc c:/isis/application/toolchain/bin/../lib/gcc/arm-none-eabi/4.7.4/../../../../arm-none-eabi/lib\libc_s.a(lib_a-gdtoa-gethex.o)
                0x20006744                __gethex
 .text.L_shift  0x20006e10       0x38 c:/isis/application/toolchain/bin/../lib/gcc/arm-none-eabi/4.7.4/../../../../arm-none-eabi/lib\libc_s.a(lib_a-gdtoa-hexnan.o)
 .text.__hexnan
                0x20006e48      0x1d8 c:/isis/application/toolchain/bin/../lib/gcc/arm-none-eabi/4.7.4/../../../../arm-none-eabi/lib\libc_s.a(lib_a-gdtoa-hexnan.o)
                0x20006e48                __hexnan
 .text.memchr   0x20007020       0x34 c:/isis/application/toolchain/bin/../lib/gcc/arm-none-eabi/4.7.4/../../../../arm-none-eabi/lib\libc_s.a(lib_a-memchr.o)
                0x20007020                memchr
 .text.memset   0x20007054       0x1c c:/isis/application/toolchain/bin/../lib/gcc/arm-none-eabi/4.7.4/../../../../arm-none-eabi/lib\libc_s.a(lib_a-memset.o)
                0x20007054                memset
 .text._realloc_r
                0x20007070       0x80 c:/isis/application/toolchain/bin/../lib/gcc/arm-none-eabi/4.7.4/../../../../arm-none-eabi/lib\libc_s.a(lib_a-reallocr.o)
                0x20007070                _realloc_r
 .text.strncmp  0x200070f0       0x64 c:/isis/application/toolchain/bin/../lib/gcc/arm-none-eabi/4.7.4/../../../../arm-none-eabi/lib\libc_s.a(lib_a-strncmp.o)
                0x200070f0                strncmp
 .text._malloc_usable_size_r
                0x20007154       0x1c c:/isis/application/toolchain/bin/../lib/gcc/arm-none-eabi/4.7.4/../../../../arm-none-eabi/lib\libc_s.a(lib_a-msizer.o)
                0x20007154                _malloc_usable_size_r
 .text.cmd_mute
                0x20007170       0xc4 ./src/sub-systemCode/Main/CMD/COMM_CMD.o
                0x20007170                cmd_mute
 .text.cmd_unmute
                0x20007234       0x4c ./src/sub-systemCode/Main/CMD/COMM_CMD.o
                0x20007234                cmd_unmute
 .text.cmd_active_trans
                0x20007280       0xc0 ./src/sub-systemCode/Main/CMD/COMM_CMD.o
                0x20007280                cmd_active_trans
 .text.cmd_shut_trans
                0x20007340       0x38 ./src/sub-systemCode/Main/CMD/COMM_CMD.o
                0x20007340                cmd_shut_trans
 .text.cmd_change_trans_rssi
                0x20007378      0x100 ./src/sub-systemCode/Main/CMD/COMM_CMD.o
                0x20007378                cmd_change_trans_rssi
 .text.cmd_aprs_dump
                0x20007478       0x50 ./src/sub-systemCode/Main/CMD/COMM_CMD.o
                0x20007478                cmd_aprs_dump
 .text.cmd_stop_dump
                0x200074c8       0x38 ./src/sub-systemCode/Main/CMD/COMM_CMD.o
                0x200074c8                cmd_stop_dump
 .text.cmd_time_frequency
                0x20007500       0xc0 ./src/sub-systemCode/Main/CMD/COMM_CMD.o
                0x20007500                cmd_time_frequency
 .text.cmd_change_def_bit_rate
                0x200075c0      0x158 ./src/sub-systemCode/Main/CMD/COMM_CMD.o
                0x200075c0                cmd_change_def_bit_rate
 .text.cmd_upload_volt_logic
                0x20007718      0x334 ./src/sub-systemCode/Main/CMD/EPS_CMD.o
                0x20007718                cmd_upload_volt_logic
 .text.cmd_upload_volt_COMM
                0x20007a4c      0x1c8 ./src/sub-systemCode/Main/CMD/EPS_CMD.o
                0x20007a4c                cmd_upload_volt_COMM
 .text.cmd_heater_temp
                0x20007c14       0xc0 ./src/sub-systemCode/Main/CMD/EPS_CMD.o
                0x20007c14                cmd_heater_temp
 .text.cmd_SHUT_CAM
                0x20007cd4       0x6c ./src/sub-systemCode/Main/CMD/EPS_CMD.o
                0x20007cd4                cmd_SHUT_CAM
 .text.cmd_SHUT_ADCS
                0x20007d40       0x6c ./src/sub-systemCode/Main/CMD/EPS_CMD.o
                0x20007d40                cmd_SHUT_ADCS
 .text.cmd_allow_CAM
                0x20007dac       0x6c ./src/sub-systemCode/Main/CMD/EPS_CMD.o
                0x20007dac                cmd_allow_CAM
 .text.cmd_allow_ADCS
                0x20007e18       0x6c ./src/sub-systemCode/Main/CMD/EPS_CMD.o
                0x20007e18                cmd_allow_ADCS
 .text.cmd_update_alpha
                0x20007e84      0x120 ./src/sub-systemCode/Main/CMD/EPS_CMD.o
                0x20007e84                cmd_update_alpha
 .text.cmd_generic_I2C
                0x20007fa4       0xb4 ./src/sub-systemCode/Main/CMD/General_CMD.o
                0x20007fa4                cmd_generic_I2C
 .text.cmd_dump
                0x20008058       0xf0 ./src/sub-systemCode/Main/CMD/General_CMD.o
                0x20008058                cmd_dump
 .text.cmd_delete_TM
                0x20008148      0x22c ./src/sub-systemCode/Main/CMD/General_CMD.o
                0x20008148                cmd_delete_TM
 .text.cmd_reset_file
                0x20008374      0x118 ./src/sub-systemCode/Main/CMD/General_CMD.o
                0x20008374                cmd_reset_file
 .text.cmd_dummy_func
                0x2000848c       0x40 ./src/sub-systemCode/Main/CMD/General_CMD.o
                0x2000848c                cmd_dummy_func
 .text.cmd_soft_reset_cmponent
                0x200084cc       0xac ./src/sub-systemCode/Main/CMD/General_CMD.o
                0x200084cc                cmd_soft_reset_cmponent
 .text.cmd_hard_reset_cmponent
                0x20008578       0xac ./src/sub-systemCode/Main/CMD/General_CMD.o
                0x20008578                cmd_hard_reset_cmponent
 .text.cmd_reset_satellite
                0x20008624       0x78 ./src/sub-systemCode/Main/CMD/General_CMD.o
                0x20008624                cmd_reset_satellite
 .text.cmd_gracefull_reset_satellite
                0x2000869c       0x78 ./src/sub-systemCode/Main/CMD/General_CMD.o
                0x2000869c                cmd_gracefull_reset_satellite
 .text.cmd_upload_time
                0x20008714       0xb0 ./src/sub-systemCode/Main/CMD/General_CMD.o
                0x20008714                cmd_upload_time
 .text.cmd_ARM_DIARM
                0x200087c4       0xd4 ./src/sub-systemCode/Main/CMD/General_CMD.o
                0x200087c4                cmd_ARM_DIARM
 .text.cmd_get_onlineTM
                0x20008898       0xb8 ./src/sub-systemCode/Main/CMD/General_CMD.o
                0x20008898                cmd_get_onlineTM
 .text.cmd_reset_off_line
                0x20008950       0x68 ./src/sub-systemCode/Main/CMD/General_CMD.o
                0x20008950                cmd_reset_off_line
 .text.cmd_add_item_off_line
                0x200089b8       0xf0 ./src/sub-systemCode/Main/CMD/General_CMD.o
                0x200089b8                cmd_add_item_off_line
 .text.cmd_reset_delayed_command_list
                0x20008aa8       0x3c ./src/sub-systemCode/Main/CMD/SW_CMD.o
                0x20008aa8                cmd_reset_delayed_command_list
 .text.cmd_reset_APRS_list
                0x20008ae4       0x3c ./src/sub-systemCode/Main/CMD/SW_CMD.o
                0x20008ae4                cmd_reset_APRS_list
 .text.cmd_reset_FRAM
                0x20008b20       0xe8 ./src/sub-systemCode/Main/CMD/SW_CMD.o
                0x20008b20                cmd_reset_FRAM
 .text.ARM_ants
                0x20008c08       0xb8 ./src/sub-systemCode/Main/Ants.o
                0x20008c08                ARM_ants
 .text.DISARM_ants
                0x20008cc0       0xb8 ./src/sub-systemCode/Main/Ants.o
                0x20008cc0                DISARM_ants
 .text.round_vol
                0x20008d78      0x124 ./src/sub-systemCode/Main/EPS.o
                0x20008d78                round_vol
 .text.get_shut_ADCS
                0x20008e9c       0x48 ./src/sub-systemCode/Main/EPS.o
                0x20008e9c                get_shut_ADCS
 .text.shut_ADCS
                0x20008ee4       0x44 ./src/sub-systemCode/Main/EPS.o
                0x20008ee4                shut_ADCS
 .text.get_shut_CAM
                0x20008f28       0x48 ./src/sub-systemCode/Main/EPS.o
                0x20008f28                get_shut_CAM
 .text.shut_CAM
                0x20008f70       0x44 ./src/sub-systemCode/Main/EPS.o
                0x20008f70                shut_CAM
 .text.update_powerLines
                0x20008fb4       0xec ./src/sub-systemCode/Main/EPS.o
                0x20008fb4                update_powerLines
 .text.init_enterMode
                0x200090a0       0x88 ./src/sub-systemCode/Main/EPS.o
                0x200090a0                init_enterMode
 .text.EPS_Init
                0x20009128      0x1c8 ./src/sub-systemCode/Main/EPS.o
                0x20009128                EPS_Init
 .text.reset_FRAM_EPS
                0x200092f0       0xe8 ./src/sub-systemCode/Main/EPS.o
                0x200092f0                reset_FRAM_EPS
 .text.reset_EPS_voltages
                0x200093d8       0xbc ./src/sub-systemCode/Main/EPS.o
                0x200093d8                reset_EPS_voltages
 .text.battery_downward
                0x20009494      0x114 ./src/sub-systemCode/Main/EPS.o
                0x20009494                battery_downward
 .text.battery_upward
                0x200095a8      0x120 ./src/sub-systemCode/Main/EPS.o
                0x200095a8                battery_upward
 .text.EPS_Conditioning
                0x200096c8      0x290 ./src/sub-systemCode/Main/EPS.o
                0x200096c8                EPS_Conditioning
 .text.overRide_ADCS
                0x20009958       0x50 ./src/sub-systemCode/Main/EPS.o
                0x20009958                overRide_ADCS
 .text.overRide_Camera
                0x200099a8       0x38 ./src/sub-systemCode/Main/EPS.o
                0x200099a8                overRide_Camera
 .text.EnterFullMode
                0x200099e0       0xfc ./src/sub-systemCode/Main/EPS.o
                0x200099e0                EnterFullMode
 .text.EnterCruiseMode
                0x20009adc       0xec ./src/sub-systemCode/Main/EPS.o
                0x20009adc                EnterCruiseMode
 .text.EnterSafeMode
                0x20009bc8       0xec ./src/sub-systemCode/Main/EPS.o
                0x20009bc8                EnterSafeMode
 .text.EnterCriticalMode
                0x20009cb4       0xd8 ./src/sub-systemCode/Main/EPS.o
                0x20009cb4                EnterCriticalMode
 .text.check_EPSTableCorrection
                0x20009d8c      0x150 ./src/sub-systemCode/Main/EPS.o
                0x20009d8c                check_EPSTableCorrection
 .text.find_fileName
                0x20009edc      0x5e4 ./src/sub-systemCode/Main/HouseKeeping.o
                0x20009edc                find_fileName
 .text.size_of_element
                0x2000a4c0      0x108 ./src/sub-systemCode/Main/HouseKeeping.o
                0x2000a4c0                size_of_element
 .text.save_ACK
                0x2000a5c8       0xb4 ./src/sub-systemCode/Main/HouseKeeping.o
                0x2000a5c8                save_ACK
 .text.set_GP_EPS
                0x2000a67c      0x10c ./src/sub-systemCode/Main/HouseKeeping.o
                0x2000a67c                set_GP_EPS
 .text.set_GP_COMM
                0x2000a788       0x88 ./src/sub-systemCode/Main/HouseKeeping.o
                0x2000a788                set_GP_COMM
 .text.SP_HK_collect
                0x2000a810      0x17c ./src/sub-systemCode/Main/HouseKeeping.o
                0x2000a810                SP_HK_collect
 .text.EPS_HK_collect
                0x2000a98c      0x4d8 ./src/sub-systemCode/Main/HouseKeeping.o
                0x2000a98c                EPS_HK_collect
 .text.CAM_HK_collect
                0x2000ae64      0x91c ./src/sub-systemCode/Main/HouseKeeping.o
                0x2000ae64                CAM_HK_collect
 .text.COMM_HK_collect
                0x2000b780      0x154 ./src/sub-systemCode/Main/HouseKeeping.o
                0x2000b780                COMM_HK_collect
 .text.COMM_create_file
                0x2000b8d4       0x74 ./src/sub-systemCode/Main/HouseKeeping.o
                0x2000b8d4                COMM_create_file
 .text.ACK_create_file
                0x2000b948       0x74 ./src/sub-systemCode/Main/HouseKeeping.o
                0x2000b948                ACK_create_file
 .text.EPS_create_file
                0x2000b9bc       0x74 ./src/sub-systemCode/Main/HouseKeeping.o
                0x2000b9bc                EPS_create_file
 .text.CAM_create_file
                0x2000ba30       0x54 ./src/sub-systemCode/Main/HouseKeeping.o
                0x2000ba30                CAM_create_file
 .text.SP_create_file
                0x2000ba84       0x54 ./src/sub-systemCode/Main/HouseKeeping.o
                0x2000ba84                SP_create_file
 .text.create_files
                0x2000bad8       0x48 ./src/sub-systemCode/Main/HouseKeeping.o
                0x2000bad8                create_files
 .text.save_SP_HK
                0x2000bb20       0x70 ./src/sub-systemCode/Main/HouseKeeping.o
                0x2000bb20                save_SP_HK
 .text.save_EPS_HK
                0x2000bb90       0x70 ./src/sub-systemCode/Main/HouseKeeping.o
                0x2000bb90                save_EPS_HK
 .text.save_CAM_HK
                0x2000bc00       0x84 ./src/sub-systemCode/Main/HouseKeeping.o
                0x2000bc00                save_CAM_HK
 .text.save_COMM_HK
                0x2000bc84       0x70 ./src/sub-systemCode/Main/HouseKeeping.o
                0x2000bc84                save_COMM_HK
 .text.EPS_HK_raw_BigEnE
                0x2000bcf4      0x194 ./src/sub-systemCode/Main/HouseKeeping.o
                0x2000bcf4                EPS_HK_raw_BigEnE
 .text.CAM_HK_raw_BigEnE
                0x2000be88      0x194 ./src/sub-systemCode/Main/HouseKeeping.o
                0x2000be88                CAM_HK_raw_BigEnE
 .text.COMM_HK_raw_BigEnE
                0x2000c01c      0x194 ./src/sub-systemCode/Main/HouseKeeping.o
                0x2000c01c                COMM_HK_raw_BigEnE
 .text.ADCS_HK_raw_BigEnE
                0x2000c1b0      0x194 ./src/sub-systemCode/Main/HouseKeeping.o
                0x2000c1b0                ADCS_HK_raw_BigEnE
 .text.ADCS_SC_raw_BigEnE
                0x2000c344      0x188 ./src/sub-systemCode/Main/HouseKeeping.o
                0x2000c344                ADCS_SC_raw_BigEnE
 .text.build_HK_spl_packet
                0x2000c4cc      0xa2c ./src/sub-systemCode/Main/HouseKeeping.o
                0x2000c4cc                build_HK_spl_packet
 .text.HouseKeeping_highRate_Task
                0x2000cef8       0x84 ./src/sub-systemCode/Main/HouseKeeping.o
                0x2000cef8                HouseKeeping_highRate_Task
 .text.HouseKeeping_lowRate_Task
                0x2000cf7c       0x80 ./src/sub-systemCode/Main/HouseKeeping.o
                0x2000cf7c                HouseKeeping_lowRate_Task
 .text.test_menu
                0x2000cffc       0xd8 ./src/sub-systemCode/Main/Main_Init.o
                0x2000cffc                test_menu
 .text.numberOfRestarts
                0x2000d0d4       0x94 ./src/sub-systemCode/Main/Main_Init.o
                0x2000d0d4                numberOfRestarts
 .text.StartFRAM
                0x2000d168       0x38 ./src/sub-systemCode/Main/Main_Init.o
                0x2000d168                StartFRAM
 .text.StartI2C
                0x2000d1a0       0x44 ./src/sub-systemCode/Main/Main_Init.o
                0x2000d1a0                StartI2C
 .text.StartSPI
                0x2000d1e4       0x40 ./src/sub-systemCode/Main/Main_Init.o
                0x2000d1e4                StartSPI
 .text.StartTIME
                0x2000d224      0x118 ./src/sub-systemCode/Main/Main_Init.o
                0x2000d224                StartTIME
 .text.first_activation
                0x2000d33c       0x78 ./src/sub-systemCode/Main/Main_Init.o
                0x2000d33c                first_activation
 .text.InitSubsystems
                0x2000d3b4       0x68 ./src/sub-systemCode/Main/Main_Init.o
                0x2000d3b4                InitSubsystems
 .text.SubSystemTaskStart
                0x2000d41c      0x11c ./src/sub-systemCode/Main/Main_Init.o
                0x2000d41c                SubSystemTaskStart
 .text.copy_command
                0x2000d538       0x80 ./src/sub-systemCode/Main/commands.o
                0x2000d538                copy_command
 .text.reset_command
                0x2000d5b8       0x28 ./src/sub-systemCode/Main/commands.o
                0x2000d5b8                reset_command
 .text.init_command
                0x2000d5e0       0xd4 ./src/sub-systemCode/Main/commands.o
                0x2000d5e0                init_command
 .text.add_command
                0x2000d6b4      0x138 ./src/sub-systemCode/Main/commands.o
                0x2000d6b4                add_command
 .text.get_command
                0x2000d7ec      0x1cc ./src/sub-systemCode/Main/commands.o
                0x2000d7ec                get_command
 .text.act_upon_command
                0x2000d9b8      0x200 ./src/sub-systemCode/Main/commands.o
                0x2000d9b8                act_upon_command
 .text.cmd_error
                0x2000dbb8       0x38 ./src/sub-systemCode/Main/commands.o
                0x2000dbb8                cmd_error
 .text.AUC_COMM
                0x2000dbf0      0x25c ./src/sub-systemCode/Main/commands.o
                0x2000dbf0                AUC_COMM
 .text.AUC_general
                0x2000de4c      0x474 ./src/sub-systemCode/Main/commands.o
                0x2000de4c                AUC_general
 .text.AUC_payload
                0x2000e2c0      0x110 ./src/sub-systemCode/Main/commands.o
                0x2000e2c0                AUC_payload
 .text.AUC_EPS  0x2000e3d0      0x28c ./src/sub-systemCode/Main/commands.o
                0x2000e3d0                AUC_EPS
 .text.AUC_ADCS
                0x2000e65c       0x5c ./src/sub-systemCode/Main/commands.o
                0x2000e65c                AUC_ADCS
 .text.AUC_SW   0x2000e6b8       0xe4 ./src/sub-systemCode/Main/commands.o
                0x2000e6b8                AUC_SW
 .text.AUC_onlineTM
                0x2000e79c      0x16c ./src/sub-systemCode/Main/commands.o
                0x2000e79c                AUC_onlineTM
 .text.AUC_special_operation
                0x2000e908       0x8c ./src/sub-systemCode/Main/commands.o
                0x2000e908                AUC_special_operation
 .text.check_int
                0x2000e994       0x3c ./src/sub-systemCode/Global/Global.o
                0x2000e994                check_int
 .text.check_portBASE_TYPE
                0x2000e9d0       0x3c ./src/sub-systemCode/Global/Global.o
                0x2000e9d0                check_portBASE_TYPE
 .text.soft_reset_subsystem
                0x2000ea0c       0xd8 ./src/sub-systemCode/Global/Global.o
                0x2000ea0c                soft_reset_subsystem
 .text.hard_reset_subsystem
                0x2000eae4      0x104 ./src/sub-systemCode/Global/Global.o
                0x2000eae4                hard_reset_subsystem
 .text.BigEnE_raw_to_uInt
                0x2000ebe8       0x94 ./src/sub-systemCode/Global/Global.o
                0x2000ebe8                BigEnE_raw_to_uInt
 .text.BigEnE_raw_to_uShort
                0x2000ec7c       0x50 ./src/sub-systemCode/Global/Global.o
                0x2000ec7c                BigEnE_raw_to_uShort
 .text.BigEnE_uInt_to_raw
                0x2000eccc       0x78 ./src/sub-systemCode/Global/Global.o
                0x2000eccc                BigEnE_uInt_to_raw
 .text.reset_FRAM_MAIN
                0x2000ed44      0x19c ./src/sub-systemCode/Global/Global.o
                0x2000ed44                reset_FRAM_MAIN
 .text.init_GP  0x2000eee0      0x300 ./src/sub-systemCode/Global/GlobalParam.o
                0x2000eee0                init_GP
 .text.get_system_state
                0x2000f1e0      0x268 ./src/sub-systemCode/Global/GlobalParam.o
                0x2000f1e0                get_system_state
 .text.set_system_state
                0x2000f448      0x298 ./src/sub-systemCode/Global/GlobalParam.o
                0x2000f448                set_system_state
 .text.get_current_global_param
                0x2000f6e0      0x5c8 ./src/sub-systemCode/Global/GlobalParam.o
                0x2000f6e0                get_current_global_param
 .text.set_Vbatt
                0x2000fca8       0x8c ./src/sub-systemCode/Global/GlobalParam.o
                0x2000fca8                set_Vbatt
 .text.get_Vbatt
                0x2000fd34       0x8c ./src/sub-systemCode/Global/GlobalParam.o
                0x2000fd34                get_Vbatt
 .text.set_curBat
                0x2000fdc0       0x8c ./src/sub-systemCode/Global/GlobalParam.o
                0x2000fdc0                set_curBat
 .text.set_cur3V3
                0x2000fe4c       0x8c ./src/sub-systemCode/Global/GlobalParam.o
                0x2000fe4c                set_cur3V3
 .text.set_cur5V
                0x2000fed8       0x8c ./src/sub-systemCode/Global/GlobalParam.o
                0x2000fed8                set_cur5V
 .text.set_tempComm_LO
                0x2000ff64       0x8c ./src/sub-systemCode/Global/GlobalParam.o
                0x2000ff64                set_tempComm_LO
 .text.set_tempComm_PA
                0x2000fff0       0x8c ./src/sub-systemCode/Global/GlobalParam.o
                0x2000fff0                set_tempComm_PA
 .text.set_tempEPS
                0x2001007c       0xc8 ./src/sub-systemCode/Global/GlobalParam.o
                0x2001007c                set_tempEPS
 .text.set_tempBatt
                0x20010144       0xc8 ./src/sub-systemCode/Global/GlobalParam.o
                0x20010144                set_tempBatt
 .text.set_RxDoppler
                0x2001020c       0x8c ./src/sub-systemCode/Global/GlobalParam.o
                0x2001020c                set_RxDoppler
 .text.set_RxRSSI
                0x20010298       0x8c ./src/sub-systemCode/Global/GlobalParam.o
                0x20010298                set_RxRSSI
 .text.set_TxRefl
                0x20010324       0x8c ./src/sub-systemCode/Global/GlobalParam.o
                0x20010324                set_TxRefl
 .text.set_TxForw
                0x200103b0       0x8c ./src/sub-systemCode/Global/GlobalParam.o
                0x200103b0                set_TxForw
 .text.get_ST   0x2001043c       0x8c ./src/sub-systemCode/Global/GlobalParam.o
                0x2001043c                get_ST
 .text.set_numOfAPRS
                0x200104c8       0x8c ./src/sub-systemCode/Global/GlobalParam.o
                0x200104c8                set_numOfAPRS
 .text.set_numOfDelayedCommand
                0x20010554       0x8c ./src/sub-systemCode/Global/GlobalParam.o
                0x20010554                set_numOfDelayedCommand
 .text.set_numOfResets
                0x200105e0       0xac ./src/sub-systemCode/Global/GlobalParam.o
                0x200105e0                set_numOfResets
 .text.set_ground_conn
                0x2001068c       0xa0 ./src/sub-systemCode/Global/GlobalParam.o
                0x2001068c                set_ground_conn
 .text.get_ground_conn
                0x2001072c       0xa0 ./src/sub-systemCode/Global/GlobalParam.o
                0x2001072c                get_ground_conn
 .text.IsisAntS_getStatusData_sideA
                0x200107cc       0x3c ./src/sub-systemCode/Global/OnlineTM.o
                0x200107cc                IsisAntS_getStatusData_sideA
 .text.IsisAntS_getAlltelemetry_sideA
                0x20010808       0x3c ./src/sub-systemCode/Global/OnlineTM.o
                0x20010808                IsisAntS_getAlltelemetry_sideA
 .text.IsisAntS_getTemperature_sideA
                0x20010844       0x3c ./src/sub-systemCode/Global/OnlineTM.o
                0x20010844                IsisAntS_getTemperature_sideA
 .text.IsisAntS_getStatusData_sideB
                0x20010880       0x3c ./src/sub-systemCode/Global/OnlineTM.o
                0x20010880                IsisAntS_getStatusData_sideB
 .text.IsisAntS_getAlltelemetry_sideB
                0x200108bc       0x3c ./src/sub-systemCode/Global/OnlineTM.o
                0x200108bc                IsisAntS_getAlltelemetry_sideB
 .text.IsisAntS_getTemperature_sideB
                0x200108f8       0x3c ./src/sub-systemCode/Global/OnlineTM.o
                0x200108f8                IsisAntS_getTemperature_sideB
 .text.get_item_by_index
                0x20010934       0xd8 ./src/sub-systemCode/Global/OnlineTM.o
                0x20010934                get_item_by_index
 .text.init_onlineParam
                0x20010a0c      0xc80 ./src/sub-systemCode/Global/OnlineTM.o
                0x20010a0c                init_onlineParam
 .text.reset_offline_TM_list
                0x2001168c       0x50 ./src/sub-systemCode/Global/OnlineTM.o
                0x2001168c                reset_offline_TM_list
 .text.get_online_packet
                0x200116dc      0x254 ./src/sub-systemCode/Global/OnlineTM.o
                0x200116dc                get_online_packet
 .text.save_onlineTM_param
                0x20011930      0x1f8 ./src/sub-systemCode/Global/OnlineTM.o
                0x20011930                save_onlineTM_param
 .text.add_onlineTM_param_to_save_list
                0x20011b28      0x214 ./src/sub-systemCode/Global/OnlineTM.o
                0x20011b28                add_onlineTM_param_to_save_list
 .text.save_onlineTM_logic
                0x20011d3c      0x180 ./src/sub-systemCode/Global/OnlineTM.o
                0x20011d3c                save_onlineTM_logic
 .text.save_onlineTM_task
                0x20011ebc       0x38 ./src/sub-systemCode/Global/OnlineTM.o
                0x20011ebc                save_onlineTM_task
 .text.delete_allTMFilesFromSD
                0x20011ef4       0xf8 ./src/sub-systemCode/Global/TLM_management.o
                0x20011ef4                delete_allTMFilesFromSD
 .text.getNumOfFilesInFS
                0x20011fec       0x44 ./src/sub-systemCode/Global/TLM_management.o
 .text.setNumOfFilesInFS
                0x20012030       0x50 ./src/sub-systemCode/Global/TLM_management.o
 .text.f_managed_enterFS
                0x20012080       0x9c ./src/sub-systemCode/Global/TLM_management.o
                0x20012080                f_managed_enterFS
 .text.f_managed_releaseFS
                0x2001211c       0x4c ./src/sub-systemCode/Global/TLM_management.o
                0x2001211c                f_managed_releaseFS
 .text.f_managed_open
                0x20012168       0xb4 ./src/sub-systemCode/Global/TLM_management.o
                0x20012168                f_managed_open
 .text.f_managed_close
                0x2001221c       0x74 ./src/sub-systemCode/Global/TLM_management.o
                0x2001221c                f_managed_close
 .text.createSemahores_FS
                0x20012290       0x7c ./src/sub-systemCode/Global/TLM_management.o
                0x20012290                createSemahores_FS
 .text.InitializeFS
                0x2001230c      0x1a8 ./src/sub-systemCode/Global/TLM_management.o
                0x2001230c                InitializeFS
 .text.c_fileCreate
                0x200124b4       0xf4 ./src/sub-systemCode/Global/TLM_management.o
                0x200124b4                c_fileCreate
 .text.writewithEpochtime
                0x200125a8       0x9c ./src/sub-systemCode/Global/TLM_management.o
 .text.get_C_FILE_struct
                0x20012644      0x104 ./src/sub-systemCode/Global/TLM_management.o
 .text.getFileIndex
                0x20012748       0x4c ./src/sub-systemCode/Global/TLM_management.o
 .text.get_file_name_by_index
                0x20012794       0x54 ./src/sub-systemCode/Global/TLM_management.o
                0x20012794                get_file_name_by_index
 .text.c_fileReset
                0x200127e8       0xbc ./src/sub-systemCode/Global/TLM_management.o
                0x200127e8                c_fileReset
 .text.c_fileWrite
                0x200128a4      0x138 ./src/sub-systemCode/Global/TLM_management.o
                0x200128a4                c_fileWrite
 .text.deleteElementsFromFile
                0x200129dc      0x184 ./src/sub-systemCode/Global/TLM_management.o
 .text.c_fileDeleteElements
                0x20012b60      0x168 ./src/sub-systemCode/Global/TLM_management.o
                0x20012b60                c_fileDeleteElements
 .text.c_fileRead
                0x20012cc8      0x2bc ./src/sub-systemCode/Global/TLM_management.o
                0x20012cc8                c_fileRead
 .text.reset_APRS_list
                0x20012f84       0xa4 ./src/sub-systemCode/COMM/APRS.o
                0x20012f84                reset_APRS_list
 .text.send_APRS_Dump
                0x20013028      0x1c0 ./src/sub-systemCode/COMM/APRS.o
                0x20013028                send_APRS_Dump
 .text.check_APRS
                0x200131e8      0x1a4 ./src/sub-systemCode/COMM/APRS.o
                0x200131e8                check_APRS
 .text.get_APRS_list
                0x2001338c       0x88 ./src/sub-systemCode/COMM/APRS.o
                0x2001338c                get_APRS_list
 .text.find_CMD_in_list
                0x20013414       0x7c ./src/sub-systemCode/COMM/DelayedCommand_list.o
                0x20013414                find_CMD_in_list
 .text.find_empty_in_list
                0x20013490       0x74 ./src/sub-systemCode/COMM/DelayedCommand_list.o
                0x20013490                find_empty_in_list
 .text.check_delayCommandTime
                0x20013504       0x8c ./src/sub-systemCode/COMM/DelayedCommand_list.o
                0x20013504                check_delayCommandTime
 .text.execute_delayedCommand
                0x20013590       0x64 ./src/sub-systemCode/COMM/DelayedCommand_list.o
                0x20013590                execute_delayedCommand
 .text.check_delaycommand
                0x200135f4      0x17c ./src/sub-systemCode/COMM/DelayedCommand_list.o
                0x200135f4                check_delaycommand
 .text.reset_delayCommand
                0x20013770       0x8c ./src/sub-systemCode/COMM/DelayedCommand_list.o
                0x20013770                reset_delayCommand
 .text.add_delayCommand
                0x200137fc      0x1a4 ./src/sub-systemCode/COMM/DelayedCommand_list.o
                0x200137fc                add_delayCommand
 .text.get_delayCommand_list
                0x200139a0       0x80 ./src/sub-systemCode/COMM/DelayedCommand_list.o
                0x200139a0                get_delayCommand_list
 .text.EmptyOldestCommand
                0x20013a20       0xfc ./src/sub-systemCode/COMM/DelayedCommand_list.o
                0x20013a20                EmptyOldestCommand
 .text.decode_TCpacket
                0x20013b1c      0x16c ./src/sub-systemCode/COMM/GSC.o
                0x20013b1c                decode_TCpacket
 .text.encode_TCpacket
                0x20013c88      0x114 ./src/sub-systemCode/COMM/GSC.o
                0x20013c88                encode_TCpacket
 .text.encode_TMpacket
                0x20013d9c      0x104 ./src/sub-systemCode/COMM/GSC.o
                0x20013d9c                encode_TMpacket
 .text.build_raw_ACK
                0x20013ea0       0xbc ./src/sub-systemCode/COMM/GSC.o
                0x20013ea0                build_raw_ACK
 .text.build_data_field_ACK
                0x20013f5c       0x74 ./src/sub-systemCode/COMM/GSC.o
                0x20013f5c                build_data_field_ACK
 .text.update_FRAM_bitRate
                0x20013fd0       0xb4 ./src/sub-systemCode/COMM/TRXVU.o
                0x20013fd0                update_FRAM_bitRate
 .text.toggle_idle_state
                0x20014084       0x64 ./src/sub-systemCode/COMM/TRXVU.o
                0x20014084                toggle_idle_state
 .text.TRXVU_init_hardWare
                0x200140e8       0x98 ./src/sub-systemCode/COMM/TRXVU.o
                0x200140e8                TRXVU_init_hardWare
 .text.TRXVU_init_softWare
                0x20014180      0x100 ./src/sub-systemCode/COMM/TRXVU.o
                0x20014180                TRXVU_init_softWare
 .text.init_trxvu
                0x20014280       0x14 ./src/sub-systemCode/COMM/TRXVU.o
                0x20014280                init_trxvu
 .text.TRXVU_task
                0x20014294       0x9c ./src/sub-systemCode/COMM/TRXVU.o
                0x20014294                TRXVU_task
 .text.dump_logic
                0x20014330      0x324 ./src/sub-systemCode/COMM/TRXVU.o
                0x20014330                dump_logic
 .text.Dump_task
                0x20014654      0x1c0 ./src/sub-systemCode/COMM/TRXVU.o
                0x20014654                Dump_task
 .text.transponder_logic
                0x20014814       0xbc ./src/sub-systemCode/COMM/TRXVU.o
                0x20014814                transponder_logic
 .text.Transponder_task
                0x200148d0      0x1f4 ./src/sub-systemCode/COMM/TRXVU.o
                0x200148d0                Transponder_task
 .text.lookForRequestToDelete_transponder
                0x20014ac4       0xac ./src/sub-systemCode/COMM/TRXVU.o
                0x20014ac4                lookForRequestToDelete_transponder
 .text.lookForRequestToDelete_dump
                0x20014b70       0x7c ./src/sub-systemCode/COMM/TRXVU.o
                0x20014b70                lookForRequestToDelete_dump
 .text.sendRequestToStop_dump
                0x20014bec       0x8c ./src/sub-systemCode/COMM/TRXVU.o
                0x20014bec                sendRequestToStop_dump
 .text.sendRequestToStop_transponder
                0x20014c78       0x98 ./src/sub-systemCode/COMM/TRXVU.o
                0x20014c78                sendRequestToStop_transponder
 .text.Rx_logic
                0x20014d10      0x184 ./src/sub-systemCode/COMM/TRXVU.o
                0x20014d10                Rx_logic
 .text.pass_above_Ground
                0x20014e94      0x104 ./src/sub-systemCode/COMM/TRXVU.o
                0x20014e94                pass_above_Ground
 .text.trxvu_logic
                0x20014f98       0x1c ./src/sub-systemCode/COMM/TRXVU.o
                0x20014f98                trxvu_logic
 .text.Beacon_task
                0x20014fb4      0x170 ./src/sub-systemCode/COMM/TRXVU.o
                0x20014fb4                Beacon_task
 .text.buildAndSend_beacon
                0x20015124      0x604 ./src/sub-systemCode/COMM/TRXVU.o
                0x20015124                buildAndSend_beacon
 .text.reset_FRAM_TRXVU
                0x20015728      0x160 ./src/sub-systemCode/COMM/TRXVU.o
                0x20015728                reset_FRAM_TRXVU
 .text.TRX_sendFrame
                0x20015888      0x1c0 ./src/sub-systemCode/COMM/TRXVU.o
                0x20015888                TRX_sendFrame
 .text.TRX_getFrameData
                0x20015a48      0x128 ./src/sub-systemCode/COMM/TRXVU.o
                0x20015a48                TRX_getFrameData
 .text.mute_Tx  0x20015b70       0x20 ./src/sub-systemCode/COMM/TRXVU.o
                0x20015b70                mute_Tx
 .text.unmute_Tx
                0x20015b90       0x60 ./src/sub-systemCode/COMM/TRXVU.o
                0x20015b90                unmute_Tx
 .text.check_time_off_mute
                0x20015bf0       0x88 ./src/sub-systemCode/COMM/TRXVU.o
                0x20015bf0                check_time_off_mute
 .text.set_mute_time
                0x20015c78       0xb4 ./src/sub-systemCode/COMM/TRXVU.o
                0x20015c78                set_mute_time
 .text.change_TRXVU_state
                0x20015d2c       0xd4 ./src/sub-systemCode/COMM/TRXVU.o
                0x20015d2c                change_TRXVU_state
 .text.change_trans_RSSI
                0x20015e00       0x60 ./src/sub-systemCode/COMM/TRXVU.o
                0x20015e00                change_trans_RSSI
 .text.init_adcs
                0x20015e60      0x104 ./src/sub-systemCode/ADCS/ADCS.o
                0x20015e60                init_adcs
 .text.telemtryStart
                0x20015f64      0x16c ./src/sub-systemCode/ADCS/Stage_Table.o
                0x20015f64                telemtryStart
 .text.powerStart
                0x200160d0       0x5c ./src/sub-systemCode/ADCS/Stage_Table.o
                0x200160d0                powerStart
 .text.createTable
                0x2001612c       0xb4 ./src/sub-systemCode/ADCS/Stage_Table.o
                0x2001612c                createTable
 .text.buildControlMode
                0x200161e0       0x60 ./src/sub-systemCode/ADCS/Stage_Table.o
                0x200161e0                buildControlMode
 .text.Check_Table
                0x20016240      0x178 ./src/sub-systemCode/ADCS/Stage_Table.o
                0x20016240                Check_Table
 .text.updateTable
                0x200163b8      0x1f0 ./src/sub-systemCode/ADCS/Stage_Table.o
                0x200163b8                updateTable
 .text.translateCommandFULL
                0x200165a8       0x78 ./src/sub-systemCode/ADCS/Stage_Table.o
                0x200165a8                translateCommandFULL
 .text.getTableTo
                0x20016620       0x64 ./src/sub-systemCode/ADCS/Stage_Table.o
                0x20016620                getTableTo
 .text.save_time
                0x20016684       0x9c ./src/main.o
                0x20016684                save_time
 .text.Command_logic
                0x20016720       0x6c ./src/main.o
                0x20016720                Command_logic
 .text.taskMain
                0x2001678c       0x74 ./src/main.o
                0x2001678c                taskMain
 .text.main     0x20016800       0xbc ./src/main.o
                0x20016800                main
 .text.GomEpsInitialize
                0x200168bc      0x148 C:/HOOPOE3/satellite-subsystems/demo/..//satellite-subsystems/lib\libSatelliteSubsystemsD.a(GomEPS.o)
                0x200168bc                GomEpsInitialize
 .text.makeEPStransfer
                0x20016a04       0x3c C:/HOOPOE3/satellite-subsystems/demo/..//satellite-subsystems/lib\libSatelliteSubsystemsD.a(GomEPS.o)
 .text.GomEpsSoftReset
                0x20016a40       0xc4 C:/HOOPOE3/satellite-subsystems/demo/..//satellite-subsystems/lib\libSatelliteSubsystemsD.a(GomEPS.o)
                0x20016a40                GomEpsSoftReset
 .text.GomEpsHardReset
                0x20016b04       0xa8 C:/HOOPOE3/satellite-subsystems/demo/..//satellite-subsystems/lib\libSatelliteSubsystemsD.a(GomEPS.o)
                0x20016b04                GomEpsHardReset
 .text.GomEpsGetHkData_param
                0x20016bac      0x29c C:/HOOPOE3/satellite-subsystems/demo/..//satellite-subsystems/lib\libSatelliteSubsystemsD.a(GomEPS.o)
                0x20016bac                GomEpsGetHkData_param
 .text.GomEpsGetHkData_general
                0x20016e48      0x45c C:/HOOPOE3/satellite-subsystems/demo/..//satellite-subsystems/lib\libSatelliteSubsystemsD.a(GomEPS.o)
                0x20016e48                GomEpsGetHkData_general
 .text.GomEpsGetHkData_vi
                0x200172a4      0x188 C:/HOOPOE3/satellite-subsystems/demo/..//satellite-subsystems/lib\libSatelliteSubsystemsD.a(GomEPS.o)
                0x200172a4                GomEpsGetHkData_vi
 .text.GomEpsGetHkData_out
                0x2001742c      0x21c C:/HOOPOE3/satellite-subsystems/demo/..//satellite-subsystems/lib\libSatelliteSubsystemsD.a(GomEPS.o)
                0x2001742c                GomEpsGetHkData_out
 .text.GomEpsGetHkData_wdt
                0x20017648      0x2b4 C:/HOOPOE3/satellite-subsystems/demo/..//satellite-subsystems/lib\libSatelliteSubsystemsD.a(GomEPS.o)
                0x20017648                GomEpsGetHkData_wdt
 .text.GomEpsGetHkData_basic
                0x200178fc      0x22c C:/HOOPOE3/satellite-subsystems/demo/..//satellite-subsystems/lib\libSatelliteSubsystemsD.a(GomEPS.o)
                0x200178fc                GomEpsGetHkData_basic
 .text.GomEpsSetOutput
                0x20017b28       0xbc C:/HOOPOE3/satellite-subsystems/demo/..//satellite-subsystems/lib\libSatelliteSubsystemsD.a(GomEPS.o)
                0x20017b28                GomEpsSetOutput
 .text.GomEpsConfigGet
                0x20017be4      0x16c C:/HOOPOE3/satellite-subsystems/demo/..//satellite-subsystems/lib\libSatelliteSubsystemsD.a(GomEPS.o)
                0x20017be4                GomEpsConfigGet
 .text.GomEpsConfigSet
                0x20017d50      0x184 C:/HOOPOE3/satellite-subsystems/demo/..//satellite-subsystems/lib\libSatelliteSubsystemsD.a(GomEPS.o)
                0x20017d50                GomEpsConfigSet
 .text.GomEpsConfig2Get
                0x20017ed4      0x16c C:/HOOPOE3/satellite-subsystems/demo/..//satellite-subsystems/lib\libSatelliteSubsystemsD.a(GomEPS.o)
                0x20017ed4                GomEpsConfig2Get
 .text.makeAntStransfer
                0x20018040       0x4c C:/HOOPOE3/satellite-subsystems/demo/..//satellite-subsystems/lib\libSatelliteSubsystemsD.a(IsisAntS.o)
 .text.checkInputsValid
                0x2001808c       0x7c C:/HOOPOE3/satellite-subsystems/demo/..//satellite-subsystems/lib\libSatelliteSubsystemsD.a(IsisAntS.o)
 .text.IsisAntS_setArmStatus
                0x20018108      0x104 C:/HOOPOE3/satellite-subsystems/demo/..//satellite-subsystems/lib\libSatelliteSubsystemsD.a(IsisAntS.o)
                0x20018108                IsisAntS_setArmStatus
 .text.IsisAntS_getStatusData
                0x2001820c      0x120 C:/HOOPOE3/satellite-subsystems/demo/..//satellite-subsystems/lib\libSatelliteSubsystemsD.a(IsisAntS.o)
                0x2001820c                IsisAntS_getStatusData
 .text.IsisAntS_getTemperature
                0x2001832c      0x120 C:/HOOPOE3/satellite-subsystems/demo/..//satellite-subsystems/lib\libSatelliteSubsystemsD.a(IsisAntS.o)
                0x2001832c                IsisAntS_getTemperature
 .text.IsisAntS_getAlltelemetry
                0x2001844c      0x120 C:/HOOPOE3/satellite-subsystems/demo/..//satellite-subsystems/lib\libSatelliteSubsystemsD.a(IsisAntS.o)
                0x2001844c                IsisAntS_getAlltelemetry
 .text.IsisAntS_reset
                0x2001856c      0x104 C:/HOOPOE3/satellite-subsystems/demo/..//satellite-subsystems/lib\libSatelliteSubsystemsD.a(IsisAntS.o)
                0x2001856c                IsisAntS_reset
 .text.IsisSolarPanelv2_initialize
                0x20018670       0xb4 C:/HOOPOE3/satellite-subsystems/demo/..//satellite-subsystems/lib\libSatelliteSubsystemsD.a(IsisSolarPanelv2.o)
                0x20018670                IsisSolarPanelv2_initialize
 .text.IsisSolarPanelv2_getTemperature
                0x20018724       0xc8 C:/HOOPOE3/satellite-subsystems/demo/..//satellite-subsystems/lib\libSatelliteSubsystemsD.a(IsisSolarPanelv2.o)
                0x20018724                IsisSolarPanelv2_getTemperature
 .text.IsisSolarPanelv2_sleep
                0x200187ec       0xbc C:/HOOPOE3/satellite-subsystems/demo/..//satellite-subsystems/lib\libSatelliteSubsystemsD.a(IsisSolarPanelv2.o)
                0x200187ec                IsisSolarPanelv2_sleep
 .text.IsisSolarPanelv2_wakeup
                0x200188a8       0x80 C:/HOOPOE3/satellite-subsystems/demo/..//satellite-subsystems/lib\libSatelliteSubsystemsD.a(IsisSolarPanelv2.o)
                0x200188a8                IsisSolarPanelv2_wakeup
 .text._Reset   0x20018928       0x20 C:/HOOPOE3/satellite-subsystems/demo/..//satellite-subsystems/lib\libSatelliteSubsystemsD.a(IsisSolarPanelv2.o)
 .text._WaitForStartup
                0x20018948       0x90 C:/HOOPOE3/satellite-subsystems/demo/..//satellite-subsystems/lib\libSatelliteSubsystemsD.a(IsisSolarPanelv2.o)
 .text._AssignAllChannels
                0x200189d8       0x90 C:/HOOPOE3/satellite-subsystems/demo/..//satellite-subsystems/lib\libSatelliteSubsystemsD.a(IsisSolarPanelv2.o)
 .text._AssignThisChannel
                0x20018a68       0xe8 C:/HOOPOE3/satellite-subsystems/demo/..//satellite-subsystems/lib\libSatelliteSubsystemsD.a(IsisSolarPanelv2.o)
 .text._InitiateConversion
                0x20018b50       0xac C:/HOOPOE3/satellite-subsystems/demo/..//satellite-subsystems/lib\libSatelliteSubsystemsD.a(IsisSolarPanelv2.o)
 .text._WaitForConversionComplete
                0x20018bfc      0x100 C:/HOOPOE3/satellite-subsystems/demo/..//satellite-subsystems/lib\libSatelliteSubsystemsD.a(IsisSolarPanelv2.o)
 .text._ReadResult
                0x20018cfc      0x158 C:/HOOPOE3/satellite-subsystems/demo/..//satellite-subsystems/lib\libSatelliteSubsystemsD.a(IsisSolarPanelv2.o)
 .text._ExtractByte
                0x20018e54       0x38 C:/HOOPOE3/satellite-subsystems/demo/..//satellite-subsystems/lib\libSatelliteSubsystemsD.a(IsisSolarPanelv2.o)
 .text._ExtendSign
                0x20018e8c       0x6c C:/HOOPOE3/satellite-subsystems/demo/..//satellite-subsystems/lib\libSatelliteSubsystemsD.a(IsisSolarPanelv2.o)
 .text._PinsInit
                0x20018ef8       0x50 C:/HOOPOE3/satellite-subsystems/demo/..//satellite-subsystems/lib\libSatelliteSubsystemsD.a(IsisSolarPanelv2.o)
 .text._SpiWriteRead
                0x20018f48       0x70 C:/HOOPOE3/satellite-subsystems/demo/..//satellite-subsystems/lib\libSatelliteSubsystemsD.a(IsisSolarPanelv2.o)
 .text.IsisTrxvu_initialize
                0x20018fb8      0x2f4 C:/HOOPOE3/satellite-subsystems/demo/..//satellite-subsystems/lib\libSatelliteSubsystemsD.a(IsisTRXVU.o)
                0x20018fb8                IsisTrxvu_initialize
 .text.makeTRXVUtransfer
                0x200192ac       0x44 C:/HOOPOE3/satellite-subsystems/demo/..//satellite-subsystems/lib\libSatelliteSubsystemsD.a(IsisTRXVU.o)
 .text.IsisTrxvu_componentSoftReset
                0x200192f0       0x6c C:/HOOPOE3/satellite-subsystems/demo/..//satellite-subsystems/lib\libSatelliteSubsystemsD.a(IsisTRXVU.o)
                0x200192f0                IsisTrxvu_componentSoftReset
 .text.IsisTrxvu_componentHardReset
                0x2001935c       0xc8 C:/HOOPOE3/satellite-subsystems/demo/..//satellite-subsystems/lib\libSatelliteSubsystemsD.a(IsisTRXVU.o)
                0x2001935c                IsisTrxvu_componentHardReset
 .text.IsisTrxvu_softReset
                0x20019424       0x74 C:/HOOPOE3/satellite-subsystems/demo/..//satellite-subsystems/lib\libSatelliteSubsystemsD.a(IsisTRXVU.o)
                0x20019424                IsisTrxvu_softReset
 .text.IsisTrxvu_hardReset
                0x20019498       0x74 C:/HOOPOE3/satellite-subsystems/demo/..//satellite-subsystems/lib\libSatelliteSubsystemsD.a(IsisTRXVU.o)
                0x20019498                IsisTrxvu_hardReset
 .text.IsisTrxvu_tcSendAX25DefClSign
                0x2001950c       0xec C:/HOOPOE3/satellite-subsystems/demo/..//satellite-subsystems/lib\libSatelliteSubsystemsD.a(IsisTRXVU.o)
                0x2001950c                IsisTrxvu_tcSendAX25DefClSign
 .text.IsisTrxvu_tcSetIdlestate
                0x200195f8       0xa4 C:/HOOPOE3/satellite-subsystems/demo/..//satellite-subsystems/lib\libSatelliteSubsystemsD.a(IsisTRXVU.o)
                0x200195f8                IsisTrxvu_tcSetIdlestate
 .text.IsisTrxvu_tcSetAx25Bitrate
                0x2001969c       0xc4 C:/HOOPOE3/satellite-subsystems/demo/..//satellite-subsystems/lib\libSatelliteSubsystemsD.a(IsisTRXVU.o)
                0x2001969c                IsisTrxvu_tcSetAx25Bitrate
 .text.IsisTrxvu_tcGetTelemetryAll
                0x20019760       0xd0 C:/HOOPOE3/satellite-subsystems/demo/..//satellite-subsystems/lib\libSatelliteSubsystemsD.a(IsisTRXVU.o)
                0x20019760                IsisTrxvu_tcGetTelemetryAll
 .text.IsisTrxvu_tcGetTelemetryAll_revC
                0x20019830       0xd0 C:/HOOPOE3/satellite-subsystems/demo/..//satellite-subsystems/lib\libSatelliteSubsystemsD.a(IsisTRXVU.o)
                0x20019830                IsisTrxvu_tcGetTelemetryAll_revC
 .text.IsisTrxvu_rcGetFrameCount
                0x20019900       0xa0 C:/HOOPOE3/satellite-subsystems/demo/..//satellite-subsystems/lib\libSatelliteSubsystemsD.a(IsisTRXVU.o)
                0x20019900                IsisTrxvu_rcGetFrameCount
 .text.IsisTrxvu_rcGetCommandFrame
                0x200199a0      0x2d8 C:/HOOPOE3/satellite-subsystems/demo/..//satellite-subsystems/lib\libSatelliteSubsystemsD.a(IsisTRXVU.o)
                0x200199a0                IsisTrxvu_rcGetCommandFrame
 .text.IsisTrxvu_rcGetTelemetryAll
                0x20019c78       0xd0 C:/HOOPOE3/satellite-subsystems/demo/..//satellite-subsystems/lib\libSatelliteSubsystemsD.a(IsisTRXVU.o)
                0x20019c78                IsisTrxvu_rcGetTelemetryAll
 .text.IsisTrxvu_rcGetTelemetryAll_revC
                0x20019d48       0xec C:/HOOPOE3/satellite-subsystems/demo/..//satellite-subsystems/lib\libSatelliteSubsystemsD.a(IsisTRXVU.o)
                0x20019d48                IsisTrxvu_rcGetTelemetryAll_revC
 .text.cspaceADCS_initialize
                0x20019e34      0x18c C:/HOOPOE3/satellite-subsystems/demo/..//satellite-subsystems/lib\libSatelliteSubsystemsD.a(cspaceADCS.o)
                0x20019e34                cspaceADCS_initialize
 .text.make_cspaceADCStransfer
                0x20019fc0      0x1b4 C:/HOOPOE3/satellite-subsystems/demo/..//satellite-subsystems/lib\libSatelliteSubsystemsD.a(cspaceADCS.o)
 .text.cspaceADCS_componentReset
                0x2001a174       0xbc C:/HOOPOE3/satellite-subsystems/demo/..//satellite-subsystems/lib\libSatelliteSubsystemsD.a(cspaceADCS.o)
                0x2001a174                cspaceADCS_componentReset
 .text.cspaceADCS_setRunMode
                0x2001a230       0xbc C:/HOOPOE3/satellite-subsystems/demo/..//satellite-subsystems/lib\libSatelliteSubsystemsD.a(cspaceADCS.o)
                0x2001a230                cspaceADCS_setRunMode
 .text.cspaceADCS_setPwrCtrlDevice
                0x2001a2ec       0xd0 C:/HOOPOE3/satellite-subsystems/demo/..//satellite-subsystems/lib\libSatelliteSubsystemsD.a(cspaceADCS.o)
                0x2001a2ec                cspaceADCS_setPwrCtrlDevice
 .text.cspaceADCS_setAttCtrlMode
                0x2001a3bc       0xd0 C:/HOOPOE3/satellite-subsystems/demo/..//satellite-subsystems/lib\libSatelliteSubsystemsD.a(cspaceADCS.o)
                0x2001a3bc                cspaceADCS_setAttCtrlMode
 .text.cspaceADCS_setAttEstMode
                0x2001a48c       0xbc C:/HOOPOE3/satellite-subsystems/demo/..//satellite-subsystems/lib\libSatelliteSubsystemsD.a(cspaceADCS.o)
                0x2001a48c                cspaceADCS_setAttEstMode
 .text.cspaceADCS_getCurrentState
                0x2001a548       0xc4 C:/HOOPOE3/satellite-subsystems/demo/..//satellite-subsystems/lib\libSatelliteSubsystemsD.a(cspaceADCS.o)
                0x2001a548                cspaceADCS_getCurrentState
 .text.cspaceADCS_getPwrCtrlDevice
                0x2001a60c       0xc4 C:/HOOPOE3/satellite-subsystems/demo/..//satellite-subsystems/lib\libSatelliteSubsystemsD.a(cspaceADCS.o)
                0x2001a60c                cspaceADCS_getPwrCtrlDevice
 .text.GECKO_GetReg
                0x2001a6d0      0x110 C:/HOOPOE3/satellite-subsystems/demo/..//satellite-subsystems/lib\libSatelliteSubsystemsD.a(gecko_driver.o)
                0x2001a6d0                GECKO_GetReg
 .text.GECKO_GetVoltageInput5V
                0x2001a7e0       0xf4 C:/HOOPOE3/satellite-subsystems/demo/..//satellite-subsystems/lib\libSatelliteSubsystemsD.a(gecko_driver.o)
                0x2001a7e0                GECKO_GetVoltageInput5V
 .text.GECKO_GetCurrentInput5V
                0x2001a8d4      0x130 C:/HOOPOE3/satellite-subsystems/demo/..//satellite-subsystems/lib\libSatelliteSubsystemsD.a(gecko_driver.o)
                0x2001a8d4                GECKO_GetCurrentInput5V
 .text.GECKO_GetVoltageFPGA1V
                0x2001aa04       0xd4 C:/HOOPOE3/satellite-subsystems/demo/..//satellite-subsystems/lib\libSatelliteSubsystemsD.a(gecko_driver.o)
                0x2001aa04                GECKO_GetVoltageFPGA1V
 .text.GECKO_GetCurrentFPGA1V
                0x2001aad8      0x130 C:/HOOPOE3/satellite-subsystems/demo/..//satellite-subsystems/lib\libSatelliteSubsystemsD.a(gecko_driver.o)
                0x2001aad8                GECKO_GetCurrentFPGA1V
 .text.GECKO_GetVoltageFPGA1V8
                0x2001ac08       0xd4 C:/HOOPOE3/satellite-subsystems/demo/..//satellite-subsystems/lib\libSatelliteSubsystemsD.a(gecko_driver.o)
                0x2001ac08                GECKO_GetVoltageFPGA1V8
 .text.GECKO_GetCurrentFPGA1V8
                0x2001acdc      0x130 C:/HOOPOE3/satellite-subsystems/demo/..//satellite-subsystems/lib\libSatelliteSubsystemsD.a(gecko_driver.o)
                0x2001acdc                GECKO_GetCurrentFPGA1V8
 .text.GECKO_GetVoltageFPGA2V5
                0x2001ae0c       0xe8 C:/HOOPOE3/satellite-subsystems/demo/..//satellite-subsystems/lib\libSatelliteSubsystemsD.a(gecko_driver.o)
                0x2001ae0c                GECKO_GetVoltageFPGA2V5
 .text.GECKO_GetCurrentFPGA2V5
                0x2001aef4      0x130 C:/HOOPOE3/satellite-subsystems/demo/..//satellite-subsystems/lib\libSatelliteSubsystemsD.a(gecko_driver.o)
                0x2001aef4                GECKO_GetCurrentFPGA2V5
 .text.GECKO_GetVoltageFPGA3V3
                0x2001b024       0xe8 C:/HOOPOE3/satellite-subsystems/demo/..//satellite-subsystems/lib\libSatelliteSubsystemsD.a(gecko_driver.o)
                0x2001b024                GECKO_GetVoltageFPGA3V3
 .text.GECKO_GetCurrentFPGA3V3
                0x2001b10c      0x130 C:/HOOPOE3/satellite-subsystems/demo/..//satellite-subsystems/lib\libSatelliteSubsystemsD.a(gecko_driver.o)
                0x2001b10c                GECKO_GetCurrentFPGA3V3
 .text.GECKO_GetVoltageFlash1V8
                0x2001b23c       0xd4 C:/HOOPOE3/satellite-subsystems/demo/..//satellite-subsystems/lib\libSatelliteSubsystemsD.a(gecko_driver.o)
                0x2001b23c                GECKO_GetVoltageFlash1V8
 .text.GECKO_GetCurrentFlash1V8
                0x2001b310      0x130 C:/HOOPOE3/satellite-subsystems/demo/..//satellite-subsystems/lib\libSatelliteSubsystemsD.a(gecko_driver.o)
                0x2001b310                GECKO_GetCurrentFlash1V8
 .text.GECKO_GetVoltageFlash3V3
                0x2001b440       0xe8 C:/HOOPOE3/satellite-subsystems/demo/..//satellite-subsystems/lib\libSatelliteSubsystemsD.a(gecko_driver.o)
                0x2001b440                GECKO_GetVoltageFlash3V3
 .text.GECKO_GetCurrentFlash3V3
                0x2001b528      0x130 C:/HOOPOE3/satellite-subsystems/demo/..//satellite-subsystems/lib\libSatelliteSubsystemsD.a(gecko_driver.o)
                0x2001b528                GECKO_GetCurrentFlash3V3
 .text.GECKO_GetVoltageSNSR1V8
                0x2001b658       0xe8 C:/HOOPOE3/satellite-subsystems/demo/..//satellite-subsystems/lib\libSatelliteSubsystemsD.a(gecko_driver.o)
                0x2001b658                GECKO_GetVoltageSNSR1V8
 .text.GECKO_GetCurrentSNSR1V8
                0x2001b740      0x130 C:/HOOPOE3/satellite-subsystems/demo/..//satellite-subsystems/lib\libSatelliteSubsystemsD.a(gecko_driver.o)
                0x2001b740                GECKO_GetCurrentSNSR1V8
 .text.GECKO_GetVoltageSNSRVDDPIX
                0x2001b870       0xe8 C:/HOOPOE3/satellite-subsystems/demo/..//satellite-subsystems/lib\libSatelliteSubsystemsD.a(gecko_driver.o)
                0x2001b870                GECKO_GetVoltageSNSRVDDPIX
 .text.GECKO_GetCurrentSNSRVDDPIX
                0x2001b958      0x130 C:/HOOPOE3/satellite-subsystems/demo/..//satellite-subsystems/lib\libSatelliteSubsystemsD.a(gecko_driver.o)
                0x2001b958                GECKO_GetCurrentSNSRVDDPIX
 .text.GECKO_GetVoltageSNSR3V3
                0x2001ba88       0xe8 C:/HOOPOE3/satellite-subsystems/demo/..//satellite-subsystems/lib\libSatelliteSubsystemsD.a(gecko_driver.o)
                0x2001ba88                GECKO_GetVoltageSNSR3V3
 .text.GECKO_GetCurrentSNSR3V3
                0x2001bb70      0x130 C:/HOOPOE3/satellite-subsystems/demo/..//satellite-subsystems/lib\libSatelliteSubsystemsD.a(gecko_driver.o)
                0x2001bb70                GECKO_GetCurrentSNSR3V3
 .text.GECKO_GetVoltageFlashVTT09
                0x2001bca0       0xd4 C:/HOOPOE3/satellite-subsystems/demo/..//satellite-subsystems/lib\libSatelliteSubsystemsD.a(gecko_driver.o)
                0x2001bca0                GECKO_GetVoltageFlashVTT09
 .text.GECKO_GetTempSMU3AB
                0x2001bd74      0x35c C:/HOOPOE3/satellite-subsystems/demo/..//satellite-subsystems/lib\libSatelliteSubsystemsD.a(gecko_driver.o)
                0x2001bd74                GECKO_GetTempSMU3AB
 .text.GECKO_GetTempSMU3BC
                0x2001c0d0      0x360 C:/HOOPOE3/satellite-subsystems/demo/..//satellite-subsystems/lib\libSatelliteSubsystemsD.a(gecko_driver.o)
                0x2001c0d0                GECKO_GetTempSMU3BC
 .text.GECKO_GetTempREGU6
                0x2001c430      0x35c C:/HOOPOE3/satellite-subsystems/demo/..//satellite-subsystems/lib\libSatelliteSubsystemsD.a(gecko_driver.o)
                0x2001c430                GECKO_GetTempREGU6
 .text.GECKO_GetTempREGU8
                0x2001c78c      0x360 C:/HOOPOE3/satellite-subsystems/demo/..//satellite-subsystems/lib\libSatelliteSubsystemsD.a(gecko_driver.o)
                0x2001c78c                GECKO_GetTempREGU8
 .text.GECKO_GetTempFlash
                0x2001caec      0x360 C:/HOOPOE3/satellite-subsystems/demo/..//satellite-subsystems/lib\libSatelliteSubsystemsD.a(gecko_driver.o)
                0x2001caec                GECKO_GetTempFlash
 .text._SpiWriteRead
                0x2001ce4c       0x70 C:/HOOPOE3/satellite-subsystems/demo/..//satellite-subsystems/lib\libSatelliteSubsystemsD.a(gecko_driver.o)
 .text.makeTRXCommonTransfer
                0x2001cebc       0x34 C:/HOOPOE3/satellite-subsystems/demo/..//satellite-subsystems/lib\libSatelliteSubsystemsD.a(IsisTRXCommon.o)
 .text.IsisTrxCommon_componentReset
                0x2001cef0       0x68 C:/HOOPOE3/satellite-subsystems/demo/..//satellite-subsystems/lib\libSatelliteSubsystemsD.a(IsisTRXCommon.o)
                0x2001cef0                IsisTrxCommon_componentReset
 .text.IsisTrxCommon_TxSendAX25DefClSign
                0x2001cf58       0xf4 C:/HOOPOE3/satellite-subsystems/demo/..//satellite-subsystems/lib\libSatelliteSubsystemsD.a(IsisTRXCommon.o)
                0x2001cf58                IsisTrxCommon_TxSendAX25DefClSign
 .text.IsisTrxCommon_TxSetIdlestate
                0x2001d04c       0x78 C:/HOOPOE3/satellite-subsystems/demo/..//satellite-subsystems/lib\libSatelliteSubsystemsD.a(IsisTRXCommon.o)
                0x2001d04c                IsisTrxCommon_TxSetIdlestate
 .text.IsisTrxCommon_TxSetAx25Bitrate
                0x2001d0c4       0x78 C:/HOOPOE3/satellite-subsystems/demo/..//satellite-subsystems/lib\libSatelliteSubsystemsD.a(IsisTRXCommon.o)
                0x2001d0c4                IsisTrxCommon_TxSetAx25Bitrate
 .text.IsisTrxCommon_RxGetFrameCount
                0x2001d13c       0x8c C:/HOOPOE3/satellite-subsystems/demo/..//satellite-subsystems/lib\libSatelliteSubsystemsD.a(IsisTRXCommon.o)
                0x2001d13c                IsisTrxCommon_RxGetFrameCount
 .text.IsisTrxCommon_RxGetTelemetryAll_revC
                0x2001d1c8       0x8c C:/HOOPOE3/satellite-subsystems/demo/..//satellite-subsystems/lib\libSatelliteSubsystemsD.a(IsisTRXCommon.o)
                0x2001d1c8                IsisTrxCommon_RxGetTelemetryAll_revC
 .text.log      0x2001d254      0x17c c:/isis/application/toolchain/bin/../lib/gcc/arm-none-eabi/4.7.4/../../../../arm-none-eabi/lib\libm.a(lib_a-w_log.o)
                0x2001d254                log
 .text.__ieee754_log
                0x2001d3d0      0x5c0 c:/isis/application/toolchain/bin/../lib/gcc/arm-none-eabi/4.7.4/../../../../arm-none-eabi/lib\libm.a(lib_a-e_log.o)
                0x2001d3d0                __ieee754_log
 .text.matherr  0x2001d990        0x8 c:/isis/application/toolchain/bin/../lib/gcc/arm-none-eabi/4.7.4/../../../../arm-none-eabi/lib\libm.a(lib_a-s_matherr.o)
                0x2001d990                matherr
 .text.nan      0x2001d998       0x10 c:/isis/application/toolchain/bin/../lib/gcc/arm-none-eabi/4.7.4/../../../../arm-none-eabi/lib\libm.a(lib_a-s_nan.o)
                0x2001d998                nan
 .text.fn_init  0x2001d9a8      0x2e0 C:/HOOPOE3/satellite-subsystems/demo/../..//hal/hcc/lib\libHCCD.a(fat_common.o)
                0x2001d9a8                fn_init
 .text._f_get16bitl
                0x2001dc88       0x4c C:/HOOPOE3/satellite-subsystems/demo/../..//hal/hcc/lib\libHCCD.a(fat_common.o)
                0x2001dc88                _f_get16bitl
 .text._f_set16bitl
                0x2001dcd4       0x54 C:/HOOPOE3/satellite-subsystems/demo/../..//hal/hcc/lib\libHCCD.a(fat_common.o)
                0x2001dcd4                _f_set16bitl
 .text._f_get32bitl
                0x2001dd28       0x68 C:/HOOPOE3/satellite-subsystems/demo/../..//hal/hcc/lib\libHCCD.a(fat_common.o)
                0x2001dd28                _f_get32bitl
 .text._f_set32bitl
                0x2001dd90       0x78 C:/HOOPOE3/satellite-subsystems/demo/../..//hal/hcc/lib\libHCCD.a(fat_common.o)
                0x2001dd90                _f_set32bitl
 .text._get8bit
                0x2001de08       0xa0 C:/HOOPOE3/satellite-subsystems/demo/../..//hal/hcc/lib\libHCCD.a(fat_common.o)
 .text._get16bitl
                0x2001dea8       0x40 C:/HOOPOE3/satellite-subsystems/demo/../..//hal/hcc/lib\libHCCD.a(fat_common.o)
 .text._get32bitl
                0x2001dee8       0x3c C:/HOOPOE3/satellite-subsystems/demo/../..//hal/hcc/lib\libHCCD.a(fat_common.o)
 .text._f_setcardremoved
                0x2001df24       0x94 C:/HOOPOE3/satellite-subsystems/demo/../..//hal/hcc/lib\libHCCD.a(fat_common.o)
 .text._f_checkstatus
                0x2001dfb8      0x104 C:/HOOPOE3/satellite-subsystems/demo/../..//hal/hcc/lib\libHCCD.a(fat_common.o)
                0x2001dfb8                _f_checkstatus
 .text._f_drvgetphy
                0x2001e0bc      0x114 C:/HOOPOE3/satellite-subsystems/demo/../..//hal/hcc/lib\libHCCD.a(fat_common.o)
 .text._f_drvwritesector
                0x2001e1d0       0xdc C:/HOOPOE3/satellite-subsystems/demo/../..//hal/hcc/lib\libHCCD.a(fat_common.o)
 .text._f_drvreadsector
                0x2001e2ac       0xa8 C:/HOOPOE3/satellite-subsystems/demo/../..//hal/hcc/lib\libHCCD.a(fat_common.o)
 .text._f_writesector
                0x2001e354      0x23c C:/HOOPOE3/satellite-subsystems/demo/../..//hal/hcc/lib\libHCCD.a(fat_common.o)
                0x2001e354                _f_writesector
 .text._f_readsector
                0x2001e590      0x1dc C:/HOOPOE3/satellite-subsystems/demo/../..//hal/hcc/lib\libHCCD.a(fat_common.o)
                0x2001e590                _f_readsector
 .text._f_getmaxcluster
                0x2001e76c       0x94 C:/HOOPOE3/satellite-subsystems/demo/../..//hal/hcc/lib\libHCCD.a(fat_common.o)
                0x2001e76c                _f_getmaxcluster
 .text._getsectorfromcluster
                0x2001e800       0x68 C:/HOOPOE3/satellite-subsystems/demo/../..//hal/hcc/lib\libHCCD.a(fat_common.o)
 .text._f_buildsectors
                0x2001e868      0x268 C:/HOOPOE3/satellite-subsystems/demo/../..//hal/hcc/lib\libHCCD.a(fat_common.o)
 .text._f_getbootrecord
                0x2001ead0      0x5e4 C:/HOOPOE3/satellite-subsystems/demo/../..//hal/hcc/lib\libHCCD.a(fat_common.o)
 .text._f_readbootrecord
                0x2001f0b4      0x4f8 C:/HOOPOE3/satellite-subsystems/demo/../..//hal/hcc/lib\libHCCD.a(fat_common.o)
 .text._f_flushcffiles
                0x2001f5ac      0x17c C:/HOOPOE3/satellite-subsystems/demo/../..//hal/hcc/lib\libHCCD.a(fat_common.o)
                0x2001f5ac                _f_flushcffiles
 .text._f_fatcache_flush
                0x2001f728      0x270 C:/HOOPOE3/satellite-subsystems/demo/../..//hal/hcc/lib\libHCCD.a(fat_common.o)
                0x2001f728                _f_fatcache_flush
 .text._f_writefatsector
                0x2001f998      0x100 C:/HOOPOE3/satellite-subsystems/demo/../..//hal/hcc/lib\libHCCD.a(fat_common.o)
                0x2001f998                _f_writefatsector
 .text._f_getfatsector
                0x2001fa98      0x3bc C:/HOOPOE3/satellite-subsystems/demo/../..//hal/hcc/lib\libHCCD.a(fat_common.o)
 .text._f_setclustervalue
                0x2001fe54      0x490 C:/HOOPOE3/satellite-subsystems/demo/../..//hal/hcc/lib\libHCCD.a(fat_common.o)
                0x2001fe54                _f_setclustervalue
 .text._f_getclustervalue
                0x200202e4      0x388 C:/HOOPOE3/satellite-subsystems/demo/../..//hal/hcc/lib\libHCCD.a(fat_common.o)
                0x200202e4                _f_getclustervalue
 .text._f_close_drive_files
                0x2002066c       0xac C:/HOOPOE3/satellite-subsystems/demo/../..//hal/hcc/lib\libHCCD.a(fat_common.o)
 .text._f_inc_mount_count
                0x20020718       0xa4 C:/HOOPOE3/satellite-subsystems/demo/../..//hal/hcc/lib\libHCCD.a(fat_common.o)
 .text._f_getvolume
                0x200207bc      0x2f8 C:/HOOPOE3/satellite-subsystems/demo/../..//hal/hcc/lib\libHCCD.a(fat_common.o)
                0x200207bc                _f_getvolume
 .text.fn_createdriver
                0x20020ab4      0x118 C:/HOOPOE3/satellite-subsystems/demo/../..//hal/hcc/lib\libHCCD.a(fat_common.o)
                0x20020ab4                fn_createdriver
 .text.fn_initvolume
                0x20020bcc      0x12c C:/HOOPOE3/satellite-subsystems/demo/../..//hal/hcc/lib\libHCCD.a(fat_common.o)
                0x20020bcc                fn_initvolume
 .text.fn_initvolumepartition_sub
                0x20020cf8       0xe0 C:/HOOPOE3/satellite-subsystems/demo/../..//hal/hcc/lib\libHCCD.a(fat_common.o)
 .text.fn_initvolumepartition
                0x20020dd8       0xac C:/HOOPOE3/satellite-subsystems/demo/../..//hal/hcc/lib\libHCCD.a(fat_common.o)
                0x20020dd8                fn_initvolumepartition
 .text._f_clustertopos
                0x20020e84       0xf8 C:/HOOPOE3/satellite-subsystems/demo/../..//hal/hcc/lib\libHCCD.a(fat_common.o)
                0x20020e84                _f_clustertopos
 .text._f_getcurrsector
                0x20020f7c      0x6c8 C:/HOOPOE3/satellite-subsystems/demo/../..//hal/hcc/lib\libHCCD.a(fat_common.o)
                0x20020f7c                _f_getcurrsector
 .text._f_getdecluster
                0x20021644       0x90 C:/HOOPOE3/satellite-subsystems/demo/../..//hal/hcc/lib\libHCCD.a(fat_common.o)
                0x20021644                _f_getdecluster
 .text._f_setdecluster
                0x200216d4       0x8c C:/HOOPOE3/satellite-subsystems/demo/../..//hal/hcc/lib\libHCCD.a(fat_common.o)
                0x200216d4                _f_setdecluster
 .text.fn_getdrive
                0x20021760       0x30 C:/HOOPOE3/satellite-subsystems/demo/../..//hal/hcc/lib\libHCCD.a(fat_common.o)
                0x20021760                fn_getdrive
 .text._f_getcurrenttimedate
                0x20021790      0x138 C:/HOOPOE3/satellite-subsystems/demo/../..//hal/hcc/lib\libHCCD.a(fat_common.o)
                0x20021790                _f_getcurrenttimedate
 .text._f_initentry
                0x200218c8       0xa0 C:/HOOPOE3/satellite-subsystems/demo/../..//hal/hcc/lib\libHCCD.a(fat_common.o)
                0x200218c8                _f_initentry
 .text._f_alloccluster
                0x20021968      0x344 C:/HOOPOE3/satellite-subsystems/demo/../..//hal/hcc/lib\libHCCD.a(fat_common.o)
                0x20021968                _f_alloccluster
 .text._f_dobadblock
                0x20021cac      0x2cc C:/HOOPOE3/satellite-subsystems/demo/../..//hal/hcc/lib\libHCCD.a(fat_common.o)
                0x20021cac                _f_dobadblock
 .text._f_checklocked
                0x20021f78       0xe4 C:/HOOPOE3/satellite-subsystems/demo/../..//hal/hcc/lib\libHCCD.a(fat_common.o)
                0x20021f78                _f_checklocked
 .text._f_checkappendlocked
                0x2002205c      0x110 C:/HOOPOE3/satellite-subsystems/demo/../..//hal/hcc/lib\libHCCD.a(fat_common.o)
                0x2002205c                _f_checkappendlocked
 .text._f_setsyncafile
                0x2002216c      0x114 C:/HOOPOE3/satellite-subsystems/demo/../..//hal/hcc/lib\libHCCD.a(fat_common.o)
                0x2002216c                _f_setsyncafile
 .text._f_syncfiles
                0x20022280      0x128 C:/HOOPOE3/satellite-subsystems/demo/../..//hal/hcc/lib\libHCCD.a(fat_common.o)
                0x20022280                _f_syncfiles
 .text._f_syncfilescontent
                0x200223a8      0x15c C:/HOOPOE3/satellite-subsystems/demo/../..//hal/hcc/lib\libHCCD.a(fat_common.o)
 .text.fn_getfreespace
                0x20022504      0x4c0 C:/HOOPOE3/satellite-subsystems/demo/../..//hal/hcc/lib\libHCCD.a(fat_common.o)
                0x20022504                fn_getfreespace
 .text._f_emptywritecache
                0x200229c4      0x4a4 C:/HOOPOE3/satellite-subsystems/demo/../..//hal/hcc/lib\libHCCD.a(fat_common.o)
 .text._f_allocnextcluster
                0x20022e68      0x54c C:/HOOPOE3/satellite-subsystems/demo/../..//hal/hcc/lib\libHCCD.a(fat_common.o)
 .text._f_emptywritebuffer
                0x200233b4      0x20c C:/HOOPOE3/satellite-subsystems/demo/../..//hal/hcc/lib\libHCCD.a(fat_common.o)
 .text._f_writezeros
                0x200235c0       0xf0 C:/HOOPOE3/satellite-subsystems/demo/../..//hal/hcc/lib\libHCCD.a(fat_common.o)
                0x200235c0                _f_writezeros
 .text._f_extend_file
                0x200236b0      0x570 C:/HOOPOE3/satellite-subsystems/demo/../..//hal/hcc/lib\libHCCD.a(fat_common.o)
 .text._f_fseek
                0x20023c20      0x9bc C:/HOOPOE3/satellite-subsystems/demo/../..//hal/hcc/lib\libHCCD.a(fat_common.o)
                0x20023c20                _f_fseek
 .text._f_removechain
                0x200245dc      0x104 C:/HOOPOE3/satellite-subsystems/demo/../..//hal/hcc/lib\libHCCD.a(fat_common.o)
                0x200245dc                _f_removechain
 .text._f_updatefileentry
                0x200246e0      0x1cc C:/HOOPOE3/satellite-subsystems/demo/../..//hal/hcc/lib\libHCCD.a(fat_common.o)
 .text._f_checkreadlocked
                0x200248ac      0x1bc C:/HOOPOE3/satellite-subsystems/demo/../..//hal/hcc/lib\libHCCD.a(fat_common.o)
                0x200248ac                _f_checkreadlocked
 .text._f_check_handle
                0x20024a68       0x98 C:/HOOPOE3/satellite-subsystems/demo/../..//hal/hcc/lib\libHCCD.a(fat_common.o)
                0x20024a68                _f_check_handle
 .text._f_removesyncafile
                0x20024b00      0x1ec C:/HOOPOE3/satellite-subsystems/demo/../..//hal/hcc/lib\libHCCD.a(fat_common.o)
 .text.fn_close
                0x20024cec      0x3f8 C:/HOOPOE3/satellite-subsystems/demo/../..//hal/hcc/lib\libHCCD.a(fat_common.o)
                0x20024cec                fn_close
 .text.fn_flush
                0x200250e4      0x374 C:/HOOPOE3/satellite-subsystems/demo/../..//hal/hcc/lib\libHCCD.a(fat_common.o)
                0x200250e4                fn_flush
 .text.fn_read  0x20025458      0x690 C:/HOOPOE3/satellite-subsystems/demo/../..//hal/hcc/lib\libHCCD.a(fat_common.o)
                0x20025458                fn_read
 .text._f_abortwrite
                0x20025ae8      0x100 C:/HOOPOE3/satellite-subsystems/demo/../..//hal/hcc/lib\libHCCD.a(fat_common.o)
 .text._f_checkwritecluster
                0x20025be8       0xe4 C:/HOOPOE3/satellite-subsystems/demo/../..//hal/hcc/lib\libHCCD.a(fat_common.o)
 .text.fn_write
                0x20025ccc      0x8a8 C:/HOOPOE3/satellite-subsystems/demo/../..//hal/hcc/lib\libHCCD.a(fat_common.o)
                0x20025ccc                fn_write
 .text.fn_seek  0x20026574      0x270 C:/HOOPOE3/satellite-subsystems/demo/../..//hal/hcc/lib\libHCCD.a(fat_common.o)
                0x20026574                fn_seek
 .text.f_enterFS
                0x200267e4      0x1c0 C:/HOOPOE3/satellite-subsystems/demo/../..//hal/hcc/lib\libHCCD.a(fat_common.o)
                0x200267e4                f_enterFS
 .text.f_releaseFS
                0x200269a4       0xb0 C:/HOOPOE3/satellite-subsystems/demo/../..//hal/hcc/lib\libHCCD.a(fat_common.o)
                0x200269a4                f_releaseFS
 .text.fnGetTask
                0x20026a54       0xfc C:/HOOPOE3/satellite-subsystems/demo/../..//hal/hcc/lib\libHCCD.a(fat_common.o)
                0x20026a54                fnGetTask
 .text._f_mutex_get
                0x20026b50       0x98 C:/HOOPOE3/satellite-subsystems/demo/../..//hal/hcc/lib\libHCCD.a(fat_common.o)
                0x20026b50                _f_mutex_get
 .text._f_mutex_put
                0x20026be8       0x54 C:/HOOPOE3/satellite-subsystems/demo/../..//hal/hcc/lib\libHCCD.a(fat_common.o)
                0x20026be8                _f_mutex_put
 .text._fn_initseekdivisor
                0x20026c3c      0x158 C:/HOOPOE3/satellite-subsystems/demo/../..//hal/hcc/lib\libHCCD.a(fat_common.o)
                0x20026c3c                _fn_initseekdivisor
 .text._fn_updateseekpos
                0x20026d94       0xc4 C:/HOOPOE3/satellite-subsystems/demo/../..//hal/hcc/lib\libHCCD.a(fat_common.o)
 .text._f_findopensize
                0x20026e58       0x2c C:/HOOPOE3/satellite-subsystems/demo/../..//hal/hcc/lib\libHCCD.a(fat_common.o)
                0x20026e58                _f_findopensize
 .text.fn_setlasterror
                0x20026e84       0x34 C:/HOOPOE3/satellite-subsystems/demo/../..//hal/hcc/lib\libHCCD.a(fat_common.o)
                0x20026e84                fn_setlasterror
 .text.fn_setlasterror_noret
                0x20026eb8       0x2c C:/HOOPOE3/satellite-subsystems/demo/../..//hal/hcc/lib\libHCCD.a(fat_common.o)
                0x20026eb8                fn_setlasterror_noret
 .text.fm_initvolume
                0x20026ee4       0x70 C:/HOOPOE3/satellite-subsystems/demo/../..//hal/hcc/lib\libHCCD.a(fat_m.o)
                0x20026ee4                fm_initvolume
 .text.fm_getdrive
                0x20026f54       0x70 C:/HOOPOE3/satellite-subsystems/demo/../..//hal/hcc/lib\libHCCD.a(fat_m.o)
                0x20026f54                fm_getdrive
 .text.fm_getfreespace
                0x20026fc4       0x68 C:/HOOPOE3/satellite-subsystems/demo/../..//hal/hcc/lib\libHCCD.a(fat_m.o)
                0x20026fc4                fm_getfreespace
 .text.fm_findfirst
                0x2002702c       0x68 C:/HOOPOE3/satellite-subsystems/demo/../..//hal/hcc/lib\libHCCD.a(fat_m.o)
                0x2002702c                fm_findfirst
 .text.fm_findnext
                0x20027094       0x60 C:/HOOPOE3/satellite-subsystems/demo/../..//hal/hcc/lib\libHCCD.a(fat_m.o)
                0x20027094                fm_findnext
 .text.fm_rename
                0x200270f4       0x68 C:/HOOPOE3/satellite-subsystems/demo/../..//hal/hcc/lib\libHCCD.a(fat_m.o)
                0x200270f4                fm_rename
 .text.fm_filelength
                0x2002715c       0x60 C:/HOOPOE3/satellite-subsystems/demo/../..//hal/hcc/lib\libHCCD.a(fat_m.o)
                0x2002715c                fm_filelength
 .text.fm_close
                0x200271bc       0x60 C:/HOOPOE3/satellite-subsystems/demo/../..//hal/hcc/lib\libHCCD.a(fat_m.o)
                0x200271bc                fm_close
 .text.fm_flush
                0x2002721c       0x60 C:/HOOPOE3/satellite-subsystems/demo/../..//hal/hcc/lib\libHCCD.a(fat_m.o)
                0x2002721c                fm_flush
 .text.fm_open  0x2002727c       0x68 C:/HOOPOE3/satellite-subsystems/demo/../..//hal/hcc/lib\libHCCD.a(fat_m.o)
                0x2002727c                fm_open
 .text.fm_read  0x200272e4       0x7c C:/HOOPOE3/satellite-subsystems/demo/../..//hal/hcc/lib\libHCCD.a(fat_m.o)
                0x200272e4                fm_read
 .text.fm_write
                0x20027360       0x7c C:/HOOPOE3/satellite-subsystems/demo/../..//hal/hcc/lib\libHCCD.a(fat_m.o)
                0x20027360                fm_write
 .text.fm_seek  0x200273dc       0x70 C:/HOOPOE3/satellite-subsystems/demo/../..//hal/hcc/lib\libHCCD.a(fat_m.o)
                0x200273dc                fm_seek
 .text.fm_delete
                0x2002744c       0x64 C:/HOOPOE3/satellite-subsystems/demo/../..//hal/hcc/lib\libHCCD.a(fat_m.o)
                0x2002744c                fm_delete
 .text.fm_getlasterror
                0x200274b0       0x40 C:/HOOPOE3/satellite-subsystems/demo/../..//hal/hcc/lib\libHCCD.a(fat_m.o)
                0x200274b0                fm_getlasterror
 .text._s_checkzeroclusteratend