Archive member included because of file (symbol)

c:/isis/application/toolchain/bin/../lib/gcc/arm-none-eabi/4.7.4/../../../../arm-none-eabi/lib\libc_s.a(lib_a-vfprintf_float.o)
                              (_printf_float)
c:/isis/application/toolchain/bin/../lib/gcc/arm-none-eabi/4.7.4/../../../../arm-none-eabi/lib\libc_s.a(lib_a-vfprintf_i.o)
                              c:/isis/application/toolchain/bin/../lib/gcc/arm-none-eabi/4.7.4/../../../../arm-none-eabi/lib\libc_s.a(lib_a-vfprintf_float.o) (_printf_common)
c:/isis/application/toolchain/bin/../lib/gcc/arm-none-eabi/4.7.4/../../../../arm-none-eabi/lib\libc_s.a(lib_a-vfscanf_float.o)
                              (_scanf_float)
c:/isis/application/toolchain/bin/../lib/gcc/arm-none-eabi/4.7.4/../../../../arm-none-eabi/lib\libc_s.a(lib_a-dtoa.o)
                              c:/isis/application/toolchain/bin/../lib/gcc/arm-none-eabi/4.7.4/../../../../arm-none-eabi/lib\libc_s.a(lib_a-vfprintf_float.o) (_dtoa_r)
c:/isis/application/toolchain/bin/../lib/gcc/arm-none-eabi/4.7.4/../../../../arm-none-eabi/lib\libc_s.a(lib_a-locale.o)
                              c:/isis/application/toolchain/bin/../lib/gcc/arm-none-eabi/4.7.4/../../../../arm-none-eabi/lib\libc_s.a(lib_a-vfprintf_float.o) (_localeconv_r)
c:/isis/application/toolchain/bin/../lib/gcc/arm-none-eabi/4.7.4/../../../../arm-none-eabi/lib\libc_s.a(lib_a-malloc.o)
                              c:/isis/application/toolchain/bin/../lib/gcc/arm-none-eabi/4.7.4/../../../../arm-none-eabi/lib\libc_s.a(lib_a-dtoa.o) (malloc)
c:/isis/application/toolchain/bin/../lib/gcc/arm-none-eabi/4.7.4/../../../../arm-none-eabi/lib\libc_s.a(lib_a-mallocr.o)
                              c:/isis/application/toolchain/bin/../lib/gcc/arm-none-eabi/4.7.4/../../../../arm-none-eabi/lib\libc_s.a(lib_a-malloc.o) (_malloc_r)
c:/isis/application/toolchain/bin/../lib/gcc/arm-none-eabi/4.7.4/../../../../arm-none-eabi/lib\libc_s.a(lib_a-memcpy.o)
                              c:/isis/application/toolchain/bin/../lib/gcc/arm-none-eabi/4.7.4/../../../../arm-none-eabi/lib\libc_s.a(lib_a-dtoa.o) (memcpy)
c:/isis/application/toolchain/bin/../lib/gcc/arm-none-eabi/4.7.4/../../../../arm-none-eabi/lib\libc_s.a(lib_a-mprec.o)
                              c:/isis/application/toolchain/bin/../lib/gcc/arm-none-eabi/4.7.4/../../../../arm-none-eabi/lib\libc_s.a(lib_a-dtoa.o) (_Balloc)
c:/isis/application/toolchain/bin/../lib/gcc/arm-none-eabi/4.7.4/../../../../arm-none-eabi/lib\libc_s.a(lib_a-s_fpclassify.o)
                              c:/isis/application/toolchain/bin/../lib/gcc/arm-none-eabi/4.7.4/../../../../arm-none-eabi/lib\libc_s.a(lib_a-vfprintf_float.o) (__fpclassifyd)
c:/isis/application/toolchain/bin/../lib/gcc/arm-none-eabi/4.7.4/../../../../arm-none-eabi/lib\libc_s.a(lib_a-sbrkr.o)
                              c:/isis/application/toolchain/bin/../lib/gcc/arm-none-eabi/4.7.4/../../../../arm-none-eabi/lib\libc_s.a(lib_a-mallocr.o) (_sbrk_r)
c:/isis/application/toolchain/bin/../lib/gcc/arm-none-eabi/4.7.4/../../../../arm-none-eabi/lib\libc_s.a(lib_a-sf_nan.o)
                              c:/isis/application/toolchain/bin/../lib/gcc/arm-none-eabi/4.7.4/../../../../arm-none-eabi/lib\libc_s.a(lib_a-vfscanf_float.o) (nanf)
c:/isis/application/toolchain/bin/../lib/gcc/arm-none-eabi/4.7.4/../../../../arm-none-eabi/lib\libc_s.a(lib_a-sprintf.o)
                              c:/isis/application/toolchain/bin/../lib/gcc/arm-none-eabi/4.7.4/../../../../arm-none-eabi/lib\libc_s.a(lib_a-vfscanf_float.o) (sprintf)
c:/isis/application/toolchain/bin/../lib/gcc/arm-none-eabi/4.7.4/../../../../arm-none-eabi/lib\libc_s.a(lib_a-strcmp.o)
                              c:/isis/application/toolchain/bin/../lib/gcc/arm-none-eabi/4.7.4/../../../../arm-none-eabi/lib\libc_s.a(lib_a-locale.o) (strcmp)
c:/isis/application/toolchain/bin/../lib/gcc/arm-none-eabi/4.7.4/../../../../arm-none-eabi/lib\libc_s.a(lib_a-strlen.o)
                              c:/isis/application/toolchain/bin/../lib/gcc/arm-none-eabi/4.7.4/../../../../arm-none-eabi/lib\libc_s.a(lib_a-vfprintf_float.o) (strlen)
c:/isis/application/toolchain/bin/../lib/gcc/arm-none-eabi/4.7.4/../../../../arm-none-eabi/lib\libc_s.a(lib_a-strtod.o)
                              c:/isis/application/toolchain/bin/../lib/gcc/arm-none-eabi/4.7.4/../../../../arm-none-eabi/lib\libc_s.a(lib_a-vfscanf_float.o) (_strtod_r)
c:/isis/application/toolchain/bin/../lib/gcc/arm-none-eabi/4.7.4/../../../../arm-none-eabi/lib\libc_s.a(lib_a-strtol.o)
                              c:/isis/application/toolchain/bin/../lib/gcc/arm-none-eabi/4.7.4/../../../../arm-none-eabi/lib\libc_s.a(lib_a-vfscanf_float.o) (_strtol_r)
c:/isis/application/toolchain/bin/../lib/gcc/arm-none-eabi/4.7.4/../../../../arm-none-eabi/lib\libc_s.a(lib_a-svfprintf.o)
                              c:/isis/application/toolchain/bin/../lib/gcc/arm-none-eabi/4.7.4/../../../../arm-none-eabi/lib\libc_s.a(lib_a-sprintf.o) (_svfprintf_r)
[...]
Memory Configuration

Name             Origin             Length             Attributes
sram0            0x00200000         0x00004000         w !xr
sram1            0x00300000         0x00004000         w !xr
sdram            0x20000000         0x02000000         w !xr
*default*        0x00000000         0xffffffff

Linker script and memory map

LOAD c:/isis/application/toolchain/bin/../lib/gcc/arm-none-eabi/4.7.4/../../../../arm-none-eabi/lib\libc_s.a
LOAD ./src/sub-systemCode/Main/CMD/COMM_CMD.o
LOAD ./src/sub-systemCode/Main/CMD/EPS_CMD.o
LOAD ./src/sub-systemCode/Main/CMD/General_CMD.o
LOAD ./src/sub-systemCode/Main/CMD/SW_CMD.o
LOAD ./src/sub-systemCode/Main/CMD/payload_CMD.o
LOAD ./src/sub-systemCode/Main/CMD/test_CMD.o
LOAD ./src/sub-systemCode/Main/Ants.o
LOAD ./src/sub-systemCode/Main/EPS.o
LOAD ./src/sub-systemCode/Main/HouseKeeping.o
LOAD ./src/sub-systemCode/Main/Main_Init.o
LOAD ./src/sub-systemCode/Main/commands.o
LOAD ./src/sub-systemCode/Global/Global.o
LOAD ./src/sub-systemCode/Global/GlobalParam.o
LOAD ./src/sub-systemCode/Global/TM_managment.o
LOAD ./src/sub-systemCode/COMM/APRS.o
LOAD ./src/sub-systemCode/COMM/DelayedCommand_list.o
LOAD ./src/sub-systemCode/COMM/GSC.o
LOAD ./src/sub-systemCode/COMM/TRXVU.o
LOAD ./src/sub-systemCode/ADCS/ADCS.o
LOAD ./src/sub-systemCode/ADCS/Stage_Table.o
LOAD ./src/main.o
LOAD C:/Hoopoe3/satellite-subsystems/demo/..//satellite-subsystems/lib\libSatelliteSubsystemsD.a
LOAD c:/isis/application/toolchain/bin/../lib/gcc/arm-none-eabi/4.7.4/../../../../arm-none-eabi/lib\libm.a
LOAD C:/Hoopoe3/satellite-subsystems/demo/../..//hal/hcc/lib\libHCCD.a
LOAD C:/Hoopoe3/satellite-subsystems/demo/../..//hal/hal/lib\libHALD.a
LOAD C:/Hoopoe3/satellite-subsystems/demo/../..//hal/freertos/lib\libFreeRTOSD.a
LOAD C:/Hoopoe3/satellite-subsystems/demo/../..//hal/at91/lib\libAt91D.a
START GROUP
LOAD c:/isis/application/toolchain/bin/../lib/gcc/arm-none-eabi/4.7.4\libgcc.a
LOAD c:/isis/application/toolchain/bin/../lib/gcc/arm-none-eabi/4.7.4/../../../../arm-none-eabi/lib\libc_s.a
END GROUP

.fixed          0x20000000    0x3c384
                0x20000000                . = ALIGN (0x4)
                0x20000000                _sfixed = .
 *(.startup)
 .startup       0x20000000      0x134 C:/Hoopoe3/satellite-subsystems/demo/../..//hal/at91/lib\libAt91D.a(board_cstartup.o)
                0x20000000                entry
 *(.text)
 .text          0x20000134       0x64 C:/Hoopoe3/satellite-subsystems/demo/../..//hal/at91/lib\libAt91D.a(cp15_asm.o)
                0x20000134                _readControlRegister
                0x20000140                _writeControlRegister
                0x20000148                _waitForInterrupt
                0x20000154                _writeTTB
                0x2000015c                _writeDomain
                0x20000164                _writeITLBLockdown
                0x2000016c                _prefetchICacheLine
                0x20000174                _flushDCache
                0x20000180                _flushWriteBuffer
                0x2000018c                _invalidateIDTLBs
 .text          0x20000198      0x114 c:/isis/application/toolchain/bin/../lib/gcc/arm-none-eabi/4.7.4\libgcc.a(_udivsi3.o)
                0x20000198                __aeabi_uidiv
                0x20000198                __udivsi3
                0x2000028c                __aeabi_uidivmod
 .text          0x200002ac      0x148 c:/isis/application/toolchain/bin/../lib/gcc/arm-none-eabi/4.7.4\libgcc.a(_divsi3.o)
                0x200002ac                __divsi3
                0x200002ac                __aeabi_idiv
                0x200003d4                __aeabi_idivmod
 .text          0x200003f4        0x4 c:/isis/application/toolchain/bin/../lib/gcc/arm-none-eabi/4.7.4\libgcc.a(_dvmd_tls.o)
                0x200003f4                __aeabi_idiv0
                0x200003f4                __aeabi_ldiv0
 .text          0x200003f8      0x41c c:/isis/application/toolchain/bin/../lib/gcc/arm-none-eabi/4.7.4\libgcc.a(_arm_addsubdf3.o)
                0x200003f8                __aeabi_drsub
                0x20000400                __aeabi_dsub
                0x20000400                __subdf3
                0x20000404                __aeabi_dadd
                0x20000404                __adddf3
                0x20000714                __floatunsidf
                0x20000714                __aeabi_ui2d
                0x20000738                __floatsidf
                0x20000738                __aeabi_i2d
                0x20000760                __aeabi_f2d
                0x20000760                __extendsfdf2
                0x200007a0                __floatundidf
                0x200007a0                __aeabi_ul2d
                0x200007b4                __floatdidf
                0x200007b4                __aeabi_l2d
 .text          0x20000814      0x49c c:/isis/application/toolchain/bin/../lib/gcc/arm-none-eabi/4.7.4\libgcc.a(_arm_muldivdf3.o)
                0x20000814                __aeabi_dmul
                0x20000814                __muldf3
                0x20000aa4                __divdf3
                0x20000aa4                __aeabi_ddiv
 .text          0x20000cb0      0x144 c:/isis/application/toolchain/bin/../lib/gcc/arm-none-eabi/4.7.4\libgcc.a(_arm_cmpdf2.o)
                0x20000cb0                __gtdf2
                0x20000cb0                __gedf2
                0x20000cb8                __ltdf2
                0x20000cb8                __ledf2
                0x20000cc0                __nedf2
                0x20000cc0                __eqdf2
                0x20000cc0                __cmpdf2
                0x20000d48                __aeabi_cdrcmple
                0x20000d64                __aeabi_cdcmpeq
                0x20000d64                __aeabi_cdcmple
                0x20000d7c                __aeabi_dcmpeq
                0x20000d94                __aeabi_dcmplt
                0x20000dac                __aeabi_dcmple
                0x20000dc4                __aeabi_dcmpge
                0x20000ddc                __aeabi_dcmpgt
 .text          0x20000df4       0x5c c:/isis/application/toolchain/bin/../lib/gcc/arm-none-eabi/4.7.4\libgcc.a(_arm_fixdfsi.o)
                0x20000df4                __aeabi_d2iz
                0x20000df4                __fixdfsi
 .text          0x20000e50       0x54 c:/isis/application/toolchain/bin/../lib/gcc/arm-none-eabi/4.7.4\libgcc.a(_arm_fixunsdfsi.o)
                0x20000e50                __aeabi_d2uiz
                0x20000e50                __fixunsdfsi
 .text          0x20000ea4       0xa0 c:/isis/application/toolchain/bin/../lib/gcc/arm-none-eabi/4.7.4\libgcc.a(_arm_truncdfsf2.o)
                0x20000ea4                __truncdfsf2
                0x20000ea4                __aeabi_d2f
 .text          0x20000f44      0x2ac c:/isis/application/toolchain/bin/../lib/gcc/arm-none-eabi/4.7.4\libgcc.a(_arm_addsubsf3.o)
                0x20000f44                __aeabi_frsub
                0x20000f4c                __subsf3
                0x20000f4c                __aeabi_fsub
                0x20000f50                __aeabi_fadd
                0x20000f50                __addsf3
                0x2000110c                __aeabi_ui2f
                0x2000110c                __floatunsisf
                0x20001114                __aeabi_i2f
                0x20001114                __floatsisf
                0x20001134                __aeabi_ul2f
                0x20001134                __floatundisf
                0x20001144                __aeabi_l2f
                0x20001144                __floatdisf
 .text          0x200011f0      0x2f8 c:/isis/application/toolchain/bin/../lib/gcc/arm-none-eabi/4.7.4\libgcc.a(_arm_muldivsf3.o)
                0x200011f0                __mulsf3
                0x200011f0                __aeabi_fmul
                0x20001388                __aeabi_fdiv
                0x20001388                __divsf3
 .text          0x200014e8       0x54 c:/isis/application/toolchain/bin/../lib/gcc/arm-none-eabi/4.7.4\libgcc.a(_arm_fixunssfsi.o)
                0x200014e8                __fixunssfsi
                0x200014e8                __aeabi_f2uiz
 *(.text*)
 .text.__cvt    0x2000153c      0x138 c:/isis/application/toolchain/bin/../lib/gcc/arm-none-eabi/4.7.4/../../../../arm-none-eabi/lib\libc_s.a(lib_a-vfprintf_float.o)
                0x2000153c                __cvt
 .text.__exponent
                0x20001674       0xa8 c:/isis/application/toolchain/bin/../lib/gcc/arm-none-eabi/4.7.4/../../../../arm-none-eabi/lib\libc_s.a(lib_a-vfprintf_float.o)
                0x20001674                __exponent
 .text._printf_float
                0x2000171c      0x7dc c:/isis/application/toolchain/bin/../lib/gcc/arm-none-eabi/4.7.4/../../../../arm-none-eabi/lib\libc_s.a(lib_a-vfprintf_float.o)
                0x2000171c                _printf_float
 .text._printf_common
                0x20001ef8      0x174 c:/isis/application/toolchain/bin/../lib/gcc/arm-none-eabi/4.7.4/../../../../arm-none-eabi/lib\libc_s.a(lib_a-vfprintf_i.o)
                0x20001ef8                _printf_common
 .text._printf_i
                0x2000206c      0x3c4 c:/isis/application/toolchain/bin/../lib/gcc/arm-none-eabi/4.7.4/../../../../arm-none-eabi/lib\libc_s.a(lib_a-vfprintf_i.o)
                0x2000206c                _printf_i
 .text._scanf_float
                0x20002430      0x5f4 c:/isis/application/toolchain/bin/../lib/gcc/arm-none-eabi/4.7.4/../../../../arm-none-eabi/lib\libc_s.a(lib_a-vfscanf_float.o)
                0x20002430                _scanf_float
 .text.quorem   0x20002a24      0x1ac c:/isis/application/toolchain/bin/../lib/gcc/arm-none-eabi/4.7.4/../../../../arm-none-eabi/lib\libc_s.a(lib_a-dtoa.o)
 .text._dtoa_r  0x20002bd0     0x1268 c:/isis/application/toolchain/bin/../lib/gcc/arm-none-eabi/4.7.4/../../../../arm-none-eabi/lib\libc_s.a(lib_a-dtoa.o)
                0x20002bd0                _dtoa_r
 .text._localeconv_r
                0x20003e38        0xc c:/isis/application/toolchain/bin/../lib/gcc/arm-none-eabi/4.7.4/../../../../arm-none-eabi/lib\libc_s.a(lib_a-locale.o)
                0x20003e38                _localeconv_r
 .text.malloc   0x20003e44       0x20 c:/isis/application/toolchain/bin/../lib/gcc/arm-none-eabi/4.7.4/../../../../arm-none-eabi/lib\libc_s.a(lib_a-malloc.o)
                0x20003e44                malloc
 .text.free     0x20003e64       0x20 c:/isis/application/toolchain/bin/../lib/gcc/arm-none-eabi/4.7.4/../../../../arm-none-eabi/lib\libc_s.a(lib_a-malloc.o)
                0x20003e64                free
 .text._malloc_r
                0x20003e84       0xfc c:/isis/application/toolchain/bin/../lib/gcc/arm-none-eabi/4.7.4/../../../../arm-none-eabi/lib\libc_s.a(lib_a-mallocr.o)
                0x20003e84                _malloc_r
 .text.memcpy   0x20003f80       0x20 c:/isis/application/toolchain/bin/../lib/gcc/arm-none-eabi/4.7.4/../../../../arm-none-eabi/lib\libc_s.a(lib_a-memcpy.o)
                0x20003f80                memcpy
 .text._Balloc  0x20003fa0       0xcc c:/isis/application/toolchain/bin/../lib/gcc/arm-none-eabi/4.7.4/../../../../arm-none-eabi/lib\libc_s.a(lib_a-mprec.o)
                0x20003fa0                _Balloc
 .text._Bfree   0x2000406c       0x5c c:/isis/application/toolchain/bin/../lib/gcc/arm-none-eabi/4.7.4/../../../../arm-none-eabi/lib\libc_s.a(lib_a-mprec.o)
                0x2000406c                _Bfree
 .text.__multadd
                0x200040c8       0xbc c:/isis/application/toolchain/bin/../lib/gcc/arm-none-eabi/4.7.4/../../../../arm-none-eabi/lib\libc_s.a(lib_a-mprec.o)
                0x200040c8                __multadd
 .text.__s2b    0x20004184       0xd8 c:/isis/application/toolchain/bin/../lib/gcc/arm-none-eabi/4.7.4/../../../../arm-none-eabi/lib\libc_s.a(lib_a-mprec.o)
                0x20004184                __s2b
 .text.__hi0bits
                0x2000425c       0x58 c:/isis/application/toolchain/bin/../lib/gcc/arm-none-eabi/4.7.4/../../../../arm-none-eabi/lib\libc_s.a(lib_a-mprec.o)
                0x2000425c                __hi0bits
 .text.__lo0bits
                0x200042b4       0x94 c:/isis/application/toolchain/bin/../lib/gcc/arm-none-eabi/4.7.4/../../../../arm-none-eabi/lib\libc_s.a(lib_a-mprec.o)
                0x200042b4                __lo0bits
 .text.__i2b    0x20004348       0x24 c:/isis/application/toolchain/bin/../lib/gcc/arm-none-eabi/4.7.4/../../../../arm-none-eabi/lib\libc_s.a(lib_a-mprec.o)
                0x20004348                __i2b
 .text.__multiply
                0x2000436c      0x1ac c:/isis/application/toolchain/bin/../lib/gcc/arm-none-eabi/4.7.4/../../../../arm-none-eabi/lib\libc_s.a(lib_a-mprec.o)
                0x2000436c                __multiply
 .text.__pow5mult
                0x20004518      0x10c c:/isis/application/toolchain/bin/../lib/gcc/arm-none-eabi/4.7.4/../../../../arm-none-eabi/lib\libc_s.a(lib_a-mprec.o)
                0x20004518                __pow5mult
 .text.__lshift
                0x20004624       0xf0 c:/isis/application/toolchain/bin/../lib/gcc/arm-none-eabi/4.7.4/../../../../arm-none-eabi/lib\libc_s.a(lib_a-mprec.o)
                0x20004624                __lshift
 .text.__mcmp   0x20004714       0x60 c:/isis/application/toolchain/bin/../lib/gcc/arm-none-eabi/4.7.4/../../../../arm-none-eabi/lib\libc_s.a(lib_a-mprec.o)
                0x20004714                __mcmp
 .text.__mdiff  0x20004774      0x128 c:/isis/application/toolchain/bin/../lib/gcc/arm-none-eabi/4.7.4/../../../../arm-none-eabi/lib\libc_s.a(lib_a-mprec.o)
                0x20004774                __mdiff
 .text.__ulp    0x2000489c       0x5c c:/isis/application/toolchain/bin/../lib/gcc/arm-none-eabi/4.7.4/../../../../arm-none-eabi/lib\libc_s.a(lib_a-mprec.o)
                0x2000489c                __ulp
 .text.__b2d    0x200048f8       0xc8 c:/isis/application/toolchain/bin/../lib/gcc/arm-none-eabi/4.7.4/../../../../arm-none-eabi/lib\libc_s.a(lib_a-mprec.o)
                0x200048f8                __b2d
 .text.__d2b    0x200049c0       0xfc c:/isis/application/toolchain/bin/../lib/gcc/arm-none-eabi/4.7.4/../../../../arm-none-eabi/lib\libc_s.a(lib_a-mprec.o)
                0x200049c0                __d2b
 .text.__ratio  0x20004abc       0x70 c:/isis/application/toolchain/bin/../lib/gcc/arm-none-eabi/4.7.4/../../../../arm-none-eabi/lib\libc_s.a(lib_a-mprec.o)
                0x20004abc                __ratio
 .text.__copybits
                0x20004b2c       0x4c c:/isis/application/toolchain/bin/../lib/gcc/arm-none-eabi/4.7.4/../../../../arm-none-eabi/lib\libc_s.a(lib_a-mprec.o)
                0x20004b2c                __copybits
 .text.__any_on
                0x20004b78       0x7c c:/isis/application/toolchain/bin/../lib/gcc/arm-none-eabi/4.7.4/../../../../arm-none-eabi/lib\libc_s.a(lib_a-mprec.o)
                0x20004b78                __any_on
 .text.__fpclassifyd
                0x20004bf4       0x6c c:/isis/application/toolchain/bin/../lib/gcc/arm-none-eabi/4.7.4/../../../../arm-none-eabi/lib\libc_s.a(lib_a-s_fpclassify.o)
                0x20004bf4                __fpclassifyd
 .text._sbrk_r  0x20004c60       0x3c c:/isis/application/toolchain/bin/../lib/gcc/arm-none-eabi/4.7.4/../../../../arm-none-eabi/lib\libc_s.a(lib_a-sbrkr.o)
                0x20004c60                _sbrk_r
 .text.nanf     0x20004c9c        0xc c:/isis/application/toolchain/bin/../lib/gcc/arm-none-eabi/4.7.4/../../../../arm-none-eabi/lib\libc_s.a(lib_a-sf_nan.o)
                0x20004c9c                nanf
 .text.sprintf  0x20004ca8       0x6c c:/isis/application/toolchain/bin/../lib/gcc/arm-none-eabi/4.7.4/../../../../arm-none-eabi/lib\libc_s.a(lib_a-sprintf.o)
                0x20004ca8                siprintf
                0x20004ca8                sprintf
 .text.strcmp   0x20004d14       0x1c c:/isis/application/toolchain/bin/../lib/gcc/arm-none-eabi/4.7.4/../../../../arm-none-eabi/lib\libc_s.a(lib_a-strcmp.o)
                0x20004d14                strcmp
 .text.strlen   0x20004d30       0x1c c:/isis/application/toolchain/bin/../lib/gcc/arm-none-eabi/4.7.4/../../../../arm-none-eabi/lib\libc_s.a(lib_a-strlen.o)
                0x20004d30                strlen
 .text.match    0x20004d4c       0x54 c:/isis/application/toolchain/bin/../lib/gcc/arm-none-eabi/4.7.4/../../../../arm-none-eabi/lib\libc_s.a(lib_a-strtod.o)
 .text._strtod_r
                0x20004da0     0x1168 c:/isis/application/toolchain/bin/../lib/gcc/arm-none-eabi/4.7.4/../../../../arm-none-eabi/lib\libc_s.a(lib_a-strtod.o)
                0x20004da0                _strtod_r
 .text._strtol_r
                0x20005f08      0x1b8 c:/isis/application/toolchain/bin/../lib/gcc/arm-none-eabi/4.7.4/../../../../arm-none-eabi/lib\libc_s.a(lib_a-strtol.o)
                0x20005f08                _strtol_r
 .text.__ssputc_r
                0x200060c0      0x10c c:/isis/application/toolchain/bin/../lib/gcc/arm-none-eabi/4.7.4/../../../../arm-none-eabi/lib\libc_s.a(lib_a-svfprintf.o)
                0x200060c0                __ssputc_r
 .text._svfprintf_r
                0x200061cc      0x328 c:/isis/application/toolchain/bin/../lib/gcc/arm-none-eabi/4.7.4/../../../../arm-none-eabi/lib\libc_s.a(lib_a-svfprintf.o)
                0x200061cc                _svfiprintf_r
                0x200061cc                _svfprintf_r
 .text._calloc_r
                0x200064f4       0x2c c:/isis/application/toolchain/bin/../lib/gcc/arm-none-eabi/4.7.4/../../../../arm-none-eabi/lib\libc_s.a(lib_a-callocr.o)
                0x200064f4                _calloc_r
 .text._free_r  0x20006520      0x108 c:/isis/application/toolchain/bin/../lib/gcc/arm-none-eabi/4.7.4/../../../../arm-none-eabi/lib\libc_s.a(lib_a-freer.o)
                0x20006520                _free_r
 .text.rshift   0x20006628       0xb0 c:/isis/application/toolchain/bin/../lib/gcc/arm-none-eabi/4.7.4/../../../../arm-none-eabi/lib\libc_s.a(lib_a-gdtoa-gethex.o)
 .text.htinit.constprop.0
                0x200066d8       0x34 c:/isis/application/toolchain/bin/../lib/gcc/arm-none-eabi/4.7.4/../../../../arm-none-eabi/lib\libc_s.a(lib_a-gdtoa-gethex.o)
 .text.__hexdig_init
                0x2000670c       0x38 c:/isis/application/toolchain/bin/../lib/gcc/arm-none-eabi/4.7.4/../../../../arm-none-eabi/lib\libc_s.a(lib_a-gdtoa-gethex.o)
                0x2000670c                __hexdig_init
 .text.__gethex
                0x20006744      0x6cc c:/isis/application/toolchain/bin/../lib/gcc/arm-none-eabi/4.7.4/../../../../arm-none-eabi/lib\libc_s.a(lib_a-gdtoa-gethex.o)
                0x20006744                __gethex
 .text.L_shift  0x20006e10       0x38 c:/isis/application/toolchain/bin/../lib/gcc/arm-none-eabi/4.7.4/../../../../arm-none-eabi/lib\libc_s.a(lib_a-gdtoa-hexnan.o)
 .text.__hexnan
                0x20006e48      0x1d8 c:/isis/application/toolchain/bin/../lib/gcc/arm-none-eabi/4.7.4/../../../../arm-none-eabi/lib\libc_s.a(lib_a-gdtoa-hexnan.o)
                0x20006e48                __hexnan
 .text.memchr   0x20007020       0x34 c:/isis/application/toolchain/bin/../lib/gcc/arm-none-eabi/4.7.4/../../../../arm-none-eabi/lib\libc_s.a(lib_a-memchr.o)
                0x20007020                memchr
 .text.memset   0x20007054       0x1c c:/isis/application/toolchain/bin/../lib/gcc/arm-none-eabi/4.7.4/../../../../arm-none-eabi/lib\libc_s.a(lib_a-memset.o)
                0x20007054                memset
 .text._realloc_r
                0x20007070       0x80 c:/isis/application/toolchain/bin/../lib/gcc/arm-none-eabi/4.7.4/../../../../arm-none-eabi/lib\libc_s.a(lib_a-reallocr.o)
                0x20007070                _realloc_r
 .text.strncmp  0x200070f0       0x64 c:/isis/application/toolchain/bin/../lib/gcc/arm-none-eabi/4.7.4/../../../../arm-none-eabi/lib\libc_s.a(lib_a-strncmp.o)
                0x200070f0                strncmp
 .text._malloc_usable_size_r
                0x20007154       0x1c c:/isis/application/toolchain/bin/../lib/gcc/arm-none-eabi/4.7.4/../../../../arm-none-eabi/lib\libc_s.a(lib_a-msizer.o)
                0x20007154                _malloc_usable_size_r
 .text.cmd_error
                0x20007170       0x38 ./src/sub-systemCode/Main/CMD/COMM_CMD.o
                0x20007170                cmd_error
 .text.cmd_mute
                0x200071a8       0xc4 ./src/sub-systemCode/Main/CMD/COMM_CMD.o
                0x200071a8                cmd_mute
 .text.cmd_unmute
                0x2000726c       0x4c ./src/sub-systemCode/Main/CMD/COMM_CMD.o
                0x2000726c                cmd_unmute
 .text.cmd_active_trans
                0x200072b8       0xc0 ./src/sub-systemCode/Main/CMD/COMM_CMD.o
                0x200072b8                cmd_active_trans
 .text.cmd_shut_trans
                0x20007378       0x38 ./src/sub-systemCode/Main/CMD/COMM_CMD.o
                0x20007378                cmd_shut_trans
 .text.cmd_change_trans_rssi
                0x200073b0       0xb8 ./src/sub-systemCode/Main/CMD/COMM_CMD.o
                0x200073b0                cmd_change_trans_rssi
 .text.cmd_aprs_dump
                0x20007468       0x50 ./src/sub-systemCode/Main/CMD/COMM_CMD.o
                0x20007468                cmd_aprs_dump
 .text.cmd_stop_dump
                0x200074b8       0x38 ./src/sub-systemCode/Main/CMD/COMM_CMD.o
                0x200074b8                cmd_stop_dump
 .text.cmd_time_frequency
                0x200074f0       0xc0 ./src/sub-systemCode/Main/CMD/COMM_CMD.o
                0x200074f0                cmd_time_frequency
 .text.cmd_upload_volt_logic
                0x200075b0      0x3d0 ./src/sub-systemCode/Main/CMD/EPS_CMD.o
                0x200075b0                cmd_upload_volt_logic
 .text.cmd_upload_volt_COMM
                0x20007980      0x1c8 ./src/sub-systemCode/Main/CMD/EPS_CMD.o
                0x20007980                cmd_upload_volt_COMM
 .text.cmd_heater_temp
                0x20007b48       0xc0 ./src/sub-systemCode/Main/CMD/EPS_CMD.o
                0x20007b48                cmd_heater_temp
 .text.cmd_SHUT_CAM
                0x20007c08       0x6c ./src/sub-systemCode/Main/CMD/EPS_CMD.o
                0x20007c08                cmd_SHUT_CAM
 .text.cmd_SHUT_ADCS
                0x20007c74       0x6c ./src/sub-systemCode/Main/CMD/EPS_CMD.o
                0x20007c74                cmd_SHUT_ADCS
 .text.cmd_allow_CAM
                0x20007ce0       0x6c ./src/sub-systemCode/Main/CMD/EPS_CMD.o
                0x20007ce0                cmd_allow_CAM
 .text.cmd_allow_ADCS
                0x20007d4c       0x6c ./src/sub-systemCode/Main/CMD/EPS_CMD.o
                0x20007d4c                cmd_allow_ADCS
 .text.cmd_generic_I2C
                0x20007db8       0xb4 ./src/sub-systemCode/Main/CMD/General_CMD.o
                0x20007db8                cmd_generic_I2C
 .text.cmd_dump
                0x20007e6c       0xf0 ./src/sub-systemCode/Main/CMD/General_CMD.o
                0x20007e6c                cmd_dump
 .text.cmd_delete_TM
                0x20007f5c      0x1dc ./src/sub-systemCode/Main/CMD/General_CMD.o
                0x20007f5c                cmd_delete_TM
 .text.cmd_reset_file
                0x20008138      0x110 ./src/sub-systemCode/Main/CMD/General_CMD.o
                0x20008138                cmd_reset_file
 .text.cmd_dummy_func
                0x20008248       0x40 ./src/sub-systemCode/Main/CMD/General_CMD.o
                0x20008248                cmd_dummy_func
 .text.cmd_soft_reset_cmponent
                0x20008288       0xb0 ./src/sub-systemCode/Main/CMD/General_CMD.o
                0x20008288                cmd_soft_reset_cmponent
 .text.cmd_hard_reset_cmponent
                0x20008338       0xb0 ./src/sub-systemCode/Main/CMD/General_CMD.o
                0x20008338                cmd_hard_reset_cmponent
 .text.cmd_reset_satellite
                0x200083e8       0x78 ./src/sub-systemCode/Main/CMD/General_CMD.o
                0x200083e8                cmd_reset_satellite
 .text.cmd_gracefull_reset_satellite
                0x20008460       0x78 ./src/sub-systemCode/Main/CMD/General_CMD.o
                0x20008460                cmd_gracefull_reset_satellite
 .text.cmd_upload_time
                0x200084d8       0xb0 ./src/sub-systemCode/Main/CMD/General_CMD.o
                0x200084d8                cmd_upload_time
 .text.cmd_ARM_DIARM
                0x20008588       0xd4 ./src/sub-systemCode/Main/CMD/General_CMD.o
                0x20008588                cmd_ARM_DIARM
 .text.cmd_reset_delayed_command_list
                0x2000865c       0x3c ./src/sub-systemCode/Main/CMD/SW_CMD.o
                0x2000865c                cmd_reset_delayed_command_list
 .text.cmd_reset_APRS_list
                0x20008698       0x3c ./src/sub-systemCode/Main/CMD/SW_CMD.o
                0x20008698                cmd_reset_APRS_list
 .text.cmd_reset_FRAM
                0x200086d4       0xe8 ./src/sub-systemCode/Main/CMD/SW_CMD.o
                0x200086d4                cmd_reset_FRAM
 .text.ARM_ants
                0x200087bc       0xb8 ./src/sub-systemCode/Main/Ants.o
                0x200087bc                ARM_ants
 .text.DISARM_ants
                0x20008874       0xb8 ./src/sub-systemCode/Main/Ants.o
                0x20008874                DISARM_ants
 .text.convert_vol
                0x2000892c      0x124 ./src/sub-systemCode/Main/EPS.o
                0x2000892c                convert_vol
 .text.get_shut_ADCS
                0x20008a50       0x48 ./src/sub-systemCode/Main/EPS.o
                0x20008a50                get_shut_ADCS
 .text.shut_ADCS
                0x20008a98       0x44 ./src/sub-systemCode/Main/EPS.o
                0x20008a98                shut_ADCS
 .text.get_shut_CAM
                0x20008adc       0x48 ./src/sub-systemCode/Main/EPS.o
                0x20008adc                get_shut_CAM
 .text.shut_CAM
                0x20008b24       0x44 ./src/sub-systemCode/Main/EPS.o
                0x20008b24                shut_CAM
 .text.update_powerLines
                0x20008b68       0xec ./src/sub-systemCode/Main/EPS.o
                0x20008b68                update_powerLines
 .text.init_enterMode
                0x20008c54       0x88 ./src/sub-systemCode/Main/EPS.o
                0x20008c54                init_enterMode
 .text.EPS_Init
                0x20008cdc      0x1f0 ./src/sub-systemCode/Main/EPS.o
                0x20008cdc                EPS_Init
 .text.reset_FRAM_EPS
                0x20008ecc       0xa4 ./src/sub-systemCode/Main/EPS.o
                0x20008ecc                reset_FRAM_EPS
 .text.reset_EPS_voltages
                0x20008f70       0xbc ./src/sub-systemCode/Main/EPS.o
                0x20008f70                reset_EPS_voltages
 .text.battery_downward
                0x2000902c       0xfc ./src/sub-systemCode/Main/EPS.o
                0x2000902c                battery_downward
 .text.battery_upward
                0x20009128      0x164 ./src/sub-systemCode/Main/EPS.o
                0x20009128                battery_upward
 .text.EPS_Conditioning
                0x2000928c      0x124 ./src/sub-systemCode/Main/EPS.o
                0x2000928c                EPS_Conditioning
 .text.overRide_ADCS
                0x200093b0       0x50 ./src/sub-systemCode/Main/EPS.o
                0x200093b0                overRide_ADCS
 .text.overRide_Camera
                0x20009400       0x38 ./src/sub-systemCode/Main/EPS.o
                0x20009400                overRide_Camera
 .text.EnterFullMode
                0x20009438       0xfc ./src/sub-systemCode/Main/EPS.o
                0x20009438                EnterFullMode
 .text.EnterCruiseMode
                0x20009534       0xec ./src/sub-systemCode/Main/EPS.o
                0x20009534                EnterCruiseMode
 .text.EnterSafeMode
                0x20009620       0xec ./src/sub-systemCode/Main/EPS.o
                0x20009620                EnterSafeMode
 .text.EnterCriticalMode
                0x2000970c       0xd8 ./src/sub-systemCode/Main/EPS.o
                0x2000970c                EnterCriticalMode
 .text.find_fileName
                0x200097e4      0x588 ./src/sub-systemCode/Main/HouseKeeping.o
                0x200097e4                find_fileName
 .text.size_of_element
                0x20009d6c       0xd4 ./src/sub-systemCode/Main/HouseKeeping.o
                0x20009d6c                size_of_element
 .text.save_ACK
                0x20009e40       0xa0 ./src/sub-systemCode/Main/HouseKeeping.o
                0x20009e40                save_ACK
 .text.set_GP_EPS
                0x20009ee0      0x10c ./src/sub-systemCode/Main/HouseKeeping.o
                0x20009ee0                set_GP_EPS
 .text.set_GP_COMM
                0x20009fec       0x88 ./src/sub-systemCode/Main/HouseKeeping.o
                0x20009fec                set_GP_COMM
 .text.SP_HK_collect
                0x2000a074      0x17c ./src/sub-systemCode/Main/HouseKeeping.o
                0x2000a074                SP_HK_collect
 .text.EPS_HK_collect
                0x2000a1f0      0x4d8 ./src/sub-systemCode/Main/HouseKeeping.o
                0x2000a1f0                EPS_HK_collect
 .text.CAM_HK_collect
                0x2000a6c8      0x91c ./src/sub-systemCode/Main/HouseKeeping.o
                0x2000a6c8                CAM_HK_collect
 .text.COMM_HK_collect
                0x2000afe4      0x154 ./src/sub-systemCode/Main/HouseKeeping.o
                0x2000afe4                COMM_HK_collect
 .text.COMM_create_file
                0x2000b138       0x74 ./src/sub-systemCode/Main/HouseKeeping.o
                0x2000b138                COMM_create_file
 .text.ACK_create_file
                0x2000b1ac       0x74 ./src/sub-systemCode/Main/HouseKeeping.o
                0x2000b1ac                ACK_create_file
 .text.EPS_create_file
                0x2000b220       0x74 ./src/sub-systemCode/Main/HouseKeeping.o
                0x2000b220                EPS_create_file
 .text.CAM_create_file
                0x2000b294       0x54 ./src/sub-systemCode/Main/HouseKeeping.o
                0x2000b294                CAM_create_file
 .text.SP_create_file
                0x2000b2e8       0x54 ./src/sub-systemCode/Main/HouseKeeping.o
                0x2000b2e8                SP_create_file
 .text.create_files
                0x2000b33c       0x48 ./src/sub-systemCode/Main/HouseKeeping.o
                0x2000b33c                create_files
 .text.save_SP_HK
                0x2000b384       0x70 ./src/sub-systemCode/Main/HouseKeeping.o
                0x2000b384                save_SP_HK
 .text.save_EPS_HK
                0x2000b3f4       0x70 ./src/sub-systemCode/Main/HouseKeeping.o
                0x2000b3f4                save_EPS_HK
 .text.save_CAM_HK
                0x2000b464       0x70 ./src/sub-systemCode/Main/HouseKeeping.o
                0x2000b464                save_CAM_HK
 .text.save_COMM_HK
                0x2000b4d4       0x70 ./src/sub-systemCode/Main/HouseKeeping.o
                0x2000b4d4                save_COMM_HK
 .text.EPS_HK_raw_BigEnE
                0x2000b544      0x194 ./src/sub-systemCode/Main/HouseKeeping.o
                0x2000b544                EPS_HK_raw_BigEnE
 .text.CAM_HK_raw_BigEnE
                0x2000b6d8      0x194 ./src/sub-systemCode/Main/HouseKeeping.o
                0x2000b6d8                CAM_HK_raw_BigEnE
 .text.COMM_HK_raw_BigEnE
                0x2000b86c      0x194 ./src/sub-systemCode/Main/HouseKeeping.o
                0x2000b86c                COMM_HK_raw_BigEnE
 .text.ADCS_HK_raw_BigEnE
                0x2000ba00      0x194 ./src/sub-systemCode/Main/HouseKeeping.o
                0x2000ba00                ADCS_HK_raw_BigEnE
 .text.ADCS_SC_raw_BigEnE
                0x2000bb94      0x188 ./src/sub-systemCode/Main/HouseKeeping.o
                0x2000bb94                ADCS_SC_raw_BigEnE
 .text.build_HK_spl_packet
                0x2000bd1c      0x970 ./src/sub-systemCode/Main/HouseKeeping.o
                0x2000bd1c                build_HK_spl_packet
 .text.HouseKeeping_highRate_Task
                0x2000c68c       0x60 ./src/sub-systemCode/Main/HouseKeeping.o
                0x2000c68c                HouseKeeping_highRate_Task
 .text.HouseKeeping_lowRate_Task
                0x2000c6ec       0x5c ./src/sub-systemCode/Main/HouseKeeping.o
                0x2000c6ec                HouseKeeping_lowRate_Task
 .text.test_menu
                0x2000c748       0xd8 ./src/sub-systemCode/Main/Main_Init.o
                0x2000c748                test_menu
 .text.numberOfRestarts
                0x2000c820       0x94 ./src/sub-systemCode/Main/Main_Init.o
                0x2000c820                numberOfRestarts
 .text.StartFRAM
                0x2000c8b4       0x38 ./src/sub-systemCode/Main/Main_Init.o
                0x2000c8b4                StartFRAM
 .text.StartI2C
                0x2000c8ec       0x44 ./src/sub-systemCode/Main/Main_Init.o
                0x2000c8ec                StartI2C
 .text.StartSPI
                0x2000c930       0x40 ./src/sub-systemCode/Main/Main_Init.o
                0x2000c930                StartSPI
 .text.StartTIME
                0x2000c970      0x118 ./src/sub-systemCode/Main/Main_Init.o
                0x2000c970                StartTIME
 .text.first_activation
                0x2000ca88       0x78 ./src/sub-systemCode/Main/Main_Init.o
                0x2000ca88                first_activation
 .text.InitSubsystems
                0x2000cb00       0x64 ./src/sub-systemCode/Main/Main_Init.o
                0x2000cb00                InitSubsystems
 .text.SubSystemTaskStart
                0x2000cb64       0xe8 ./src/sub-systemCode/Main/Main_Init.o
                0x2000cb64                SubSystemTaskStart
 .text.copy_command
                0x2000cc4c       0x80 ./src/sub-systemCode/Main/commands.o
                0x2000cc4c                copy_command
 .text.reset_command
                0x2000cccc       0x28 ./src/sub-systemCode/Main/commands.o
                0x2000cccc                reset_command
 .text.init_command
                0x2000ccf4       0xd4 ./src/sub-systemCode/Main/commands.o
                0x2000ccf4                init_command
 .text.add_command
                0x2000cdc8      0x138 ./src/sub-systemCode/Main/commands.o
                0x2000cdc8                add_command
 .text.get_command
                0x2000cf00      0x1cc ./src/sub-systemCode/Main/commands.o
                0x2000cf00                get_command
 .text.act_upon_command
                0x2000d0cc      0x200 ./src/sub-systemCode/Main/commands.o
                0x2000d0cc                act_upon_command
 .text.AUC_COMM
                0x2000d2cc      0x200 ./src/sub-systemCode/Main/commands.o
                0x2000d2cc                AUC_COMM
 .text.AUC_general
                0x2000d4cc      0x17c ./src/sub-systemCode/Main/commands.o
                0x2000d4cc                AUC_general
 .text.AUC_payload
                0x2000d648      0x110 ./src/sub-systemCode/Main/commands.o
                0x2000d648                AUC_payload
 .text.AUC_EPS  0x2000d758      0x248 ./src/sub-systemCode/Main/commands.o
                0x2000d758                AUC_EPS
 .text.AUC_ADCS
                0x2000d9a0       0x5c ./src/sub-systemCode/Main/commands.o
                0x2000d9a0                AUC_ADCS
 .text.AUC_GS   0x2000d9fc      0x1fc ./src/sub-systemCode/Main/commands.o
                0x2000d9fc                AUC_GS
 .text.AUC_SW   0x2000dbf8       0xe4 ./src/sub-systemCode/Main/commands.o
                0x2000dbf8                AUC_SW
 .text.AUC_special_operation
                0x2000dcdc       0x8c ./src/sub-systemCode/Main/commands.o
                0x2000dcdc                AUC_special_operation
 .text.check_int
                0x2000dd68       0x3c ./src/sub-systemCode/Global/Global.o
                0x2000dd68                check_int
 .text.check_portBASE_TYPE
                0x2000dda4       0x3c ./src/sub-systemCode/Global/Global.o
                0x2000dda4                check_portBASE_TYPE
 .text.soft_reset_subsystem
                0x2000dde0       0xd8 ./src/sub-systemCode/Global/Global.o
                0x2000dde0                soft_reset_subsystem
 .text.hard_reset_subsystem
                0x2000deb8       0xfc ./src/sub-systemCode/Global/Global.o
                0x2000deb8                hard_reset_subsystem
 .text.BigEnE_raw_to_uInt
                0x2000dfb4       0x94 ./src/sub-systemCode/Global/Global.o
                0x2000dfb4                BigEnE_raw_to_uInt
 .text.BigEnE_raw_to_uShort
                0x2000e048       0x50 ./src/sub-systemCode/Global/Global.o
                0x2000e048                BigEnE_raw_to_uShort
 .text.BigEnE_uInt_to_raw
                0x2000e098       0x78 ./src/sub-systemCode/Global/Global.o
                0x2000e098                BigEnE_uInt_to_raw
 .text.reset_FRAM_MAIN
                0x2000e110      0x19c ./src/sub-systemCode/Global/Global.o
                0x2000e110                reset_FRAM_MAIN
 .text.init_GP  0x2000e2ac      0x35c ./src/sub-systemCode/Global/GlobalParam.o
                0x2000e2ac                init_GP
 .text.get_system_state
                0x2000e608      0x268 ./src/sub-systemCode/Global/GlobalParam.o
                0x2000e608                get_system_state
 .text.set_system_state
                0x2000e870      0x298 ./src/sub-systemCode/Global/GlobalParam.o
                0x2000e870                set_system_state
 .text.get_current_global_param
                0x2000eb08      0x670 ./src/sub-systemCode/Global/GlobalParam.o
                0x2000eb08                get_current_global_param
 .text.set_Vbatt_previous
                0x2000f178       0xe8 ./src/sub-systemCode/Global/GlobalParam.o
                0x2000f178                set_Vbatt_previous
 .text.get_Vbatt_previous
                0x2000f260       0xc8 ./src/sub-systemCode/Global/GlobalParam.o
                0x2000f260                get_Vbatt_previous
 .text.set_Vbatt
                0x2000f328       0xb8 ./src/sub-systemCode/Global/GlobalParam.o
                0x2000f328                set_Vbatt
 .text.get_Vbatt
                0x2000f3e0       0x8c ./src/sub-systemCode/Global/GlobalParam.o
                0x2000f3e0                get_Vbatt
 .text.set_curBat
                0x2000f46c       0x8c ./src/sub-systemCode/Global/GlobalParam.o
                0x2000f46c                set_curBat
 .text.set_cur3V3
                0x2000f4f8       0x8c ./src/sub-systemCode/Global/GlobalParam.o
                0x2000f4f8                set_cur3V3
 .text.set_cur5V
                0x2000f584       0x8c ./src/sub-systemCode/Global/GlobalParam.o
                0x2000f584                set_cur5V
 .text.set_tempComm_LO
                0x2000f610       0x8c ./src/sub-systemCode/Global/GlobalParam.o
                0x2000f610                set_tempComm_LO
 .text.set_tempComm_PA
                0x2000f69c       0x8c ./src/sub-systemCode/Global/GlobalParam.o
                0x2000f69c                set_tempComm_PA
 .text.set_tempEPS
                0x2000f728       0xc8 ./src/sub-systemCode/Global/GlobalParam.o
                0x2000f728                set_tempEPS
 .text.set_tempBatt
                0x2000f7f0       0xc8 ./src/sub-systemCode/Global/GlobalParam.o
                0x2000f7f0                set_tempBatt
 .text.set_RxDoppler
                0x2000f8b8       0x8c ./src/sub-systemCode/Global/GlobalParam.o
                0x2000f8b8                set_RxDoppler
 .text.set_RxRSSI
                0x2000f944       0x8c ./src/sub-systemCode/Global/GlobalParam.o
                0x2000f944                set_RxRSSI
 .text.set_TxRefl
                0x2000f9d0       0x8c ./src/sub-systemCode/Global/GlobalParam.o
                0x2000f9d0                set_TxRefl
 .text.set_TxForw
                0x2000fa5c       0x8c ./src/sub-systemCode/Global/GlobalParam.o
                0x2000fa5c                set_TxForw
 .text.get_ST   0x2000fae8       0x98 ./src/sub-systemCode/Global/GlobalParam.o
                0x2000fae8                get_ST
 .text.set_numOfAPRS
                0x2000fb80       0x8c ./src/sub-systemCode/Global/GlobalParam.o
                0x2000fb80                set_numOfAPRS
 .text.set_numOfDelayedCommand
                0x2000fc0c       0x8c ./src/sub-systemCode/Global/GlobalParam.o
                0x2000fc0c                set_numOfDelayedCommand
 .text.set_numOfResets
                0x2000fc98       0xac ./src/sub-systemCode/Global/GlobalParam.o
                0x2000fc98                set_numOfResets
 .text.set_ground_conn
                0x2000fd44       0x88 ./src/sub-systemCode/Global/GlobalParam.o
                0x2000fd44                set_ground_conn
 .text.get_ground_conn
                0x2000fdcc       0x94 ./src/sub-systemCode/Global/GlobalParam.o
                0x2000fdcc                get_ground_conn
 .text.delete_allTMFilesFromSD
                0x2000fe60       0xf8 ./src/sub-systemCode/Global/TM_managment.o
                0x2000fe60                delete_allTMFilesFromSD
 .text.getNumOfFilesInFS
                0x2000ff58       0x44 ./src/sub-systemCode/Global/TM_managment.o
 .text.setNumOfFilesInFS
                0x2000ff9c       0x50 ./src/sub-systemCode/Global/TM_managment.o
 .text.InitializeFS
                0x2000ffec      0x174 ./src/sub-systemCode/Global/TM_managment.o
                0x2000ffec                InitializeFS
 .text.c_fileCreate
                0x20010160       0xf4 ./src/sub-systemCode/Global/TM_managment.o
                0x20010160                c_fileCreate
 .text.writewithEpochtime
                0x20010254       0xb0 ./src/sub-systemCode/Global/TM_managment.o
 .text.get_C_FILE_struct
                0x20010304      0x104 ./src/sub-systemCode/Global/TM_managment.o
 .text.getFileIndex
                0x20010408       0x4c ./src/sub-systemCode/Global/TM_managment.o
 .text.get_file_name_by_index
                0x20010454       0x54 ./src/sub-systemCode/Global/TM_managment.o
                0x20010454                get_file_name_by_index
 .text.c_fileReset
                0x200104a8       0xbc ./src/sub-systemCode/Global/TM_managment.o
                0x200104a8                c_fileReset
 .text.c_fileWrite
                0x20010564      0x11c ./src/sub-systemCode/Global/TM_managment.o
                0x20010564                c_fileWrite
 .text.c_fileRead
                0x20010680      0x28c ./src/sub-systemCode/Global/TM_managment.o
                0x20010680                c_fileRead
 .text.reset_APRS_list
                0x2001090c       0xa4 ./src/sub-systemCode/COMM/APRS.o
                0x2001090c                reset_APRS_list
 .text.send_APRS_Dump
                0x200109b0      0x1c4 ./src/sub-systemCode/COMM/APRS.o
                0x200109b0                send_APRS_Dump
 .text.check_APRS
                0x20010b74      0x1a4 ./src/sub-systemCode/COMM/APRS.o
                0x20010b74                check_APRS
 .text.get_APRS_list
                0x20010d18       0x88 ./src/sub-systemCode/COMM/APRS.o
                0x20010d18                get_APRS_list
 .text.find_CMD_in_list
                0x20010da0       0x7c ./src/sub-systemCode/COMM/DelayedCommand_list.o
                0x20010da0                find_CMD_in_list
 .text.find_empty_in_list
                0x20010e1c       0x74 ./src/sub-systemCode/COMM/DelayedCommand_list.o
                0x20010e1c                find_empty_in_list
 .text.check_delayCommandTime
                0x20010e90       0x8c ./src/sub-systemCode/COMM/DelayedCommand_list.o
                0x20010e90                check_delayCommandTime
 .text.execute_delayedCommand
                0x20010f1c       0x64 ./src/sub-systemCode/COMM/DelayedCommand_list.o
                0x20010f1c                execute_delayedCommand
 .text.check_delaycommand
                0x20010f80      0x17c ./src/sub-systemCode/COMM/DelayedCommand_list.o
                0x20010f80                check_delaycommand
 .text.reset_delayCommand
                0x200110fc       0x8c ./src/sub-systemCode/COMM/DelayedCommand_list.o
                0x200110fc                reset_delayCommand
 .text.add_delayCommand
                0x20011188      0x1a4 ./src/sub-systemCode/COMM/DelayedCommand_list.o
                0x20011188                add_delayCommand
 .text.get_delayCommand_list
                0x2001132c       0x80 ./src/sub-systemCode/COMM/DelayedCommand_list.o
                0x2001132c                get_delayCommand_list
 .text.EmptyOldestCommand
                0x200113ac       0xfc ./src/sub-systemCode/COMM/DelayedCommand_list.o
                0x200113ac                EmptyOldestCommand
 .text.decode_TCpacket
                0x200114a8      0x16c ./src/sub-systemCode/COMM/GSC.o
                0x200114a8                decode_TCpacket
 .text.encode_TCpacket
                0x20011614      0x114 ./src/sub-systemCode/COMM/GSC.o
                0x20011614                encode_TCpacket
 .text.encode_TMpacket
                0x20011728      0x104 ./src/sub-systemCode/COMM/GSC.o
                0x20011728                encode_TMpacket
 .text.build_raw_ACK
                0x2001182c       0xbc ./src/sub-systemCode/COMM/GSC.o
                0x2001182c                build_raw_ACK
 .text.build_data_field_ACK
                0x200118e8       0x74 ./src/sub-systemCode/COMM/GSC.o
                0x200118e8                build_data_field_ACK
 .text.init_trxvu
                0x2001195c      0x118 ./src/sub-systemCode/COMM/TRXVU.o
                0x2001195c                init_trxvu
 .text.TRXVU_task
                0x20011a74      0x18c ./src/sub-systemCode/COMM/TRXVU.o
                0x20011a74                TRXVU_task
 .text.dump_logic
                0x20011c00      0x2ec ./src/sub-systemCode/COMM/TRXVU.o
                0x20011c00                dump_logic
 .text.Dump_task
                0x20011eec      0x16c ./src/sub-systemCode/COMM/TRXVU.o
                0x20011eec                Dump_task
 .text.transponder_logic
                0x20012058       0xbc ./src/sub-systemCode/COMM/TRXVU.o
                0x20012058                transponder_logic
 .text.Transponder_task
                0x20012114      0x1e0 ./src/sub-systemCode/COMM/TRXVU.o
                0x20012114                Transponder_task
 .text.lookForRequestToDelete_transponder
                0x200122f4       0xac ./src/sub-systemCode/COMM/TRXVU.o
                0x200122f4                lookForRequestToDelete_transponder
 .text.lookForRequestToDelete_dump
                0x200123a0       0x7c ./src/sub-systemCode/COMM/TRXVU.o
                0x200123a0                lookForRequestToDelete_dump
 .text.sendRequestToStop_dump
                0x2001241c       0x8c ./src/sub-systemCode/COMM/TRXVU.o
                0x2001241c                sendRequestToStop_dump
 .text.sendRequestToStop_transponder
                0x200124a8       0x98 ./src/sub-systemCode/COMM/TRXVU.o
                0x200124a8                sendRequestToStop_transponder
 .text.Rx_logic
                0x20012540      0x188 ./src/sub-systemCode/COMM/TRXVU.o
                0x20012540                Rx_logic
 .text.pass_above_Ground
                0x200126c8      0x104 ./src/sub-systemCode/COMM/TRXVU.o
                0x200126c8                pass_above_Ground
 .text.trxvu_logic
                0x200127cc       0x1c ./src/sub-systemCode/COMM/TRXVU.o
                0x200127cc                trxvu_logic
 .text.Beacon_task
                0x200127e8      0x1d8 ./src/sub-systemCode/COMM/TRXVU.o
                0x200127e8                Beacon_task
 .text.buildAndSend_beacon
                0x200129c0      0x614 ./src/sub-systemCode/COMM/TRXVU.o
                0x200129c0                buildAndSend_beacon
 .text.reset_FRAM_TRXVU
                0x20012fd4       0xc0 ./src/sub-systemCode/COMM/TRXVU.o
                0x20012fd4                reset_FRAM_TRXVU
 .text.TRX_sendFrame
                0x20013094      0x250 ./src/sub-systemCode/COMM/TRXVU.o
                0x20013094                TRX_sendFrame
 .text.TRX_getFrameData
                0x200132e4      0x128 ./src/sub-systemCode/COMM/TRXVU.o
                0x200132e4                TRX_getFrameData
 .text.mute_Tx  0x2001340c       0x20 ./src/sub-systemCode/COMM/TRXVU.o
                0x2001340c                mute_Tx
 .text.unmute_Tx
                0x2001342c       0x54 ./src/sub-systemCode/COMM/TRXVU.o
                0x2001342c                unmute_Tx
 .text.check_time_off_mute
                0x20013480       0x74 ./src/sub-systemCode/COMM/TRXVU.o
                0x20013480                check_time_off_mute
 .text.set_mute_time
                0x200134f4       0xb4 ./src/sub-systemCode/COMM/TRXVU.o
                0x200134f4                set_mute_time
 .text.change_TRXVU_state
                0x200135a8       0x98 ./src/sub-systemCode/COMM/TRXVU.o
                0x200135a8                change_TRXVU_state
 .text.change_trans_RSSI
                0x20013640       0x60 ./src/sub-systemCode/COMM/TRXVU.o
                0x20013640                change_trans_RSSI
 .text.init_adcs
                0x200136a0      0x104 ./src/sub-systemCode/ADCS/ADCS.o
                0x200136a0                init_adcs
 .text.telemtryStart
                0x200137a4      0x16c ./src/sub-systemCode/ADCS/Stage_Table.o
                0x200137a4                telemtryStart
 .text.powerStart
                0x20013910       0x5c ./src/sub-systemCode/ADCS/Stage_Table.o
                0x20013910                powerStart
 .text.createTable
                0x2001396c       0xb4 ./src/sub-systemCode/ADCS/Stage_Table.o
                0x2001396c                createTable
 .text.buildControlMode
                0x20013a20       0x60 ./src/sub-systemCode/ADCS/Stage_Table.o
                0x20013a20                buildControlMode
 .text.Check_Table
                0x20013a80      0x178 ./src/sub-systemCode/ADCS/Stage_Table.o
                0x20013a80                Check_Table
 .text.updateTable
                0x20013bf8      0x1f0 ./src/sub-systemCode/ADCS/Stage_Table.o
                0x20013bf8                updateTable
 .text.translateCommandFULL
                0x20013de8       0x78 ./src/sub-systemCode/ADCS/Stage_Table.o
                0x20013de8                translateCommandFULL
 .text.getTableTo
                0x20013e60       0x64 ./src/sub-systemCode/ADCS/Stage_Table.o
                0x20013e60                getTableTo
 .text.save_time
                0x20013ec4       0x9c ./src/main.o
                0x20013ec4                save_time
 .text.Command_logic
                0x20013f60       0x6c ./src/main.o
                0x20013f60                Command_logic
 .text.taskMain
                0x20013fcc       0x74 ./src/main.o
                0x20013fcc                taskMain
 .text.main     0x20014040       0xb8 ./src/main.o
                0x20014040                main
 .text.GomEpsInitialize
                0x200140f8      0x148 C:/Hoopoe3/satellite-subsystems/demo/..//satellite-subsystems/lib\libSatelliteSubsystemsD.a(GomEPS.o)
                0x200140f8                GomEpsInitialize
 .text.makeEPStransfer
                0x20014240       0x3c C:/Hoopoe3/satellite-subsystems/demo/..//satellite-subsystems/lib\libSatelliteSubsystemsD.a(GomEPS.o)
 .text.GomEpsSoftReset
                0x2001427c       0xc4 C:/Hoopoe3/satellite-subsystems/demo/..//satellite-subsystems/lib\libSatelliteSubsystemsD.a(GomEPS.o)
                0x2001427c                GomEpsSoftReset
 .text.GomEpsHardReset
                0x20014340       0xa8 C:/Hoopoe3/satellite-subsystems/demo/..//satellite-subsystems/lib\libSatelliteSubsystemsD.a(GomEPS.o)
                0x20014340                GomEpsHardReset
 .text.GomEpsGetHkData_general
                0x200143e8      0x45c C:/Hoopoe3/satellite-subsystems/demo/..//satellite-subsystems/lib\libSatelliteSubsystemsD.a(GomEPS.o)
                0x200143e8                GomEpsGetHkData_general
 .text.GomEpsGetHkData_basic
                0x20014844      0x22c C:/Hoopoe3/satellite-subsystems/demo/..//satellite-subsystems/lib\libSatelliteSubsystemsD.a(GomEPS.o)
                0x20014844                GomEpsGetHkData_basic
 .text.GomEpsSetOutput
                0x20014a70       0xbc C:/Hoopoe3/satellite-subsystems/demo/..//satellite-subsystems/lib\libSatelliteSubsystemsD.a(GomEPS.o)
                0x20014a70                GomEpsSetOutput
 .text.GomEpsConfigSet
                0x20014b2c      0x184 C:/Hoopoe3/satellite-subsystems/demo/..//satellite-subsystems/lib\libSatelliteSubsystemsD.a(GomEPS.o)
                0x20014b2c                GomEpsConfigSet
 .text.makeAntStransfer
                0x20014cb0       0x4c C:/Hoopoe3/satellite-subsystems/demo/..//satellite-subsystems/lib\libSatelliteSubsystemsD.a(IsisAntS.o)
 .text.checkInputsValid
                0x20014cfc       0x7c C:/Hoopoe3/satellite-subsystems/demo/..//satellite-subsystems/lib\libSatelliteSubsystemsD.a(IsisAntS.o)
 .text.IsisAntS_setArmStatus
                0x20014d78      0x104 C:/Hoopoe3/satellite-subsystems/demo/..//satellite-subsystems/lib\libSatelliteSubsystemsD.a(IsisAntS.o)
                0x20014d78                IsisAntS_setArmStatus
 .text.IsisAntS_reset
                0x20014e7c      0x104 C:/Hoopoe3/satellite-subsystems/demo/..//satellite-subsystems/lib\libSatelliteSubsystemsD.a(IsisAntS.o)
                0x20014e7c                IsisAntS_reset
 .text.IsisSolarPanelv2_initialize
                0x20014f80       0xb4 C:/Hoopoe3/satellite-subsystems/demo/..//satellite-subsystems/lib\libSatelliteSubsystemsD.a(IsisSolarPanelv2.o)
                0x20014f80                IsisSolarPanelv2_initialize
 .text.IsisSolarPanelv2_getTemperature
                0x20015034       0xc8 C:/Hoopoe3/satellite-subsystems/demo/..//satellite-subsystems/lib\libSatelliteSubsystemsD.a(IsisSolarPanelv2.o)
                0x20015034                IsisSolarPanelv2_getTemperature
 .text.IsisSolarPanelv2_sleep
                0x200150fc       0xbc C:/Hoopoe3/satellite-subsystems/demo/..//satellite-subsystems/lib\libSatelliteSubsystemsD.a(IsisSolarPanelv2.o)
                0x200150fc                IsisSolarPanelv2_sleep
 .text.IsisSolarPanelv2_wakeup
                0x200151b8       0x80 C:/Hoopoe3/satellite-subsystems/demo/..//satellite-subsystems/lib\libSatelliteSubsystemsD.a(IsisSolarPanelv2.o)
                0x200151b8                IsisSolarPanelv2_wakeup
 .text._Reset   0x20015238       0x20 C:/Hoopoe3/satellite-subsystems/demo/..//satellite-subsystems/lib\libSatelliteSubsystemsD.a(IsisSolarPanelv2.o)
 .text._WaitForStartup
                0x20015258       0x90 C:/Hoopoe3/satellite-subsystems/demo/..//satellite-subsystems/lib\libSatelliteSubsystemsD.a(IsisSolarPanelv2.o)
 .text._AssignAllChannels
                0x200152e8       0x90 C:/Hoopoe3/satellite-subsystems/demo/..//satellite-subsystems/lib\libSatelliteSubsystemsD.a(IsisSolarPanelv2.o)
 .text._AssignThisChannel
                0x20015378       0xe8 C:/Hoopoe3/satellite-subsystems/demo/..//satellite-subsystems/lib\libSatelliteSubsystemsD.a(IsisSolarPanelv2.o)
 .text._InitiateConversion
                0x20015460       0xac C:/Hoopoe3/satellite-subsystems/demo/..//satellite-subsystems/lib\libSatelliteSubsystemsD.a(IsisSolarPanelv2.o)
 .text._WaitForConversionComplete
                0x2001550c      0x100 C:/Hoopoe3/satellite-subsystems/demo/..//satellite-subsystems/lib\libSatelliteSubsystemsD.a(IsisSolarPanelv2.o)
 .text._ReadResult
                0x2001560c      0x158 C:/Hoopoe3/satellite-subsystems/demo/..//satellite-subsystems/lib\libSatelliteSubsystemsD.a(IsisSolarPanelv2.o)
 .text._ExtractByte
                0x20015764       0x38 C:/Hoopoe3/satellite-subsystems/demo/..//satellite-subsystems/lib\libSatelliteSubsystemsD.a(IsisSolarPanelv2.o)
 .text._ExtendSign
                0x2001579c       0x6c C:/Hoopoe3/satellite-subsystems/demo/..//satellite-subsystems/lib\libSatelliteSubsystemsD.a(IsisSolarPanelv2.o)
 .text._PinsInit
                0x20015808       0x50 C:/Hoopoe3/satellite-subsystems/demo/..//satellite-subsystems/lib\libSatelliteSubsystemsD.a(IsisSolarPanelv2.o)
 .text._SpiWriteRead
                0x20015858       0x70 C:/Hoopoe3/satellite-subsystems/demo/..//satellite-subsystems/lib\libSatelliteSubsystemsD.a(IsisSolarPanelv2.o)
 .text.IsisTrxvu_initialize
                0x200158c8      0x2f4 C:/Hoopoe3/satellite-subsystems/demo/..//satellite-subsystems/lib\libSatelliteSubsystemsD.a(IsisTRXVU.o)
                0x200158c8                IsisTrxvu_initialize
 .text.makeTRXVUtransfer
                0x20015bbc       0x44 C:/Hoopoe3/satellite-subsystems/demo/..//satellite-subsystems/lib\libSatelliteSubsystemsD.a(IsisTRXVU.o)
 .text.IsisTrxvu_componentSoftReset
                0x20015c00       0x6c C:/Hoopoe3/satellite-subsystems/demo/..//satellite-subsystems/lib\libSatelliteSubsystemsD.a(IsisTRXVU.o)
                0x20015c00                IsisTrxvu_componentSoftReset
 .text.IsisTrxvu_componentHardReset
                0x20015c6c       0xc8 C:/Hoopoe3/satellite-subsystems/demo/..//satellite-subsystems/lib\libSatelliteSubsystemsD.a(IsisTRXVU.o)
                0x20015c6c                IsisTrxvu_componentHardReset
 .text.IsisTrxvu_softReset
                0x20015d34       0x74 C:/Hoopoe3/satellite-subsystems/demo/..//satellite-subsystems/lib\libSatelliteSubsystemsD.a(IsisTRXVU.o)
                0x20015d34                IsisTrxvu_softReset
 .text.IsisTrxvu_hardReset
                0x20015da8       0x74 C:/Hoopoe3/satellite-subsystems/demo/..//satellite-subsystems/lib\libSatelliteSubsystemsD.a(IsisTRXVU.o)
                0x20015da8                IsisTrxvu_hardReset
 .text.IsisTrxvu_tcSendAX25DefClSign
                0x20015e1c       0xec C:/Hoopoe3/satellite-subsystems/demo/..//satellite-subsystems/lib\libSatelliteSubsystemsD.a(IsisTRXVU.o)
                0x20015e1c                IsisTrxvu_tcSendAX25DefClSign
 .text.IsisTrxvu_tcSetIdlestate
                0x20015f08       0xa4 C:/Hoopoe3/satellite-subsystems/demo/..//satellite-subsystems/lib\libSatelliteSubsystemsD.a(IsisTRXVU.o)
                0x20015f08                IsisTrxvu_tcSetIdlestate
 .text.IsisTrxvu_tcSetAx25Bitrate
                0x20015fac       0xc4 C:/Hoopoe3/satellite-subsystems/demo/..//satellite-subsystems/lib\libSatelliteSubsystemsD.a(IsisTRXVU.o)
                0x20015fac                IsisTrxvu_tcSetAx25Bitrate
 .text.IsisTrxvu_tcGetTelemetryAll_revC
                0x20016070       0xd0 C:/Hoopoe3/satellite-subsystems/demo/..//satellite-subsystems/lib\libSatelliteSubsystemsD.a(IsisTRXVU.o)
                0x20016070                IsisTrxvu_tcGetTelemetryAll_revC
 .text.IsisTrxvu_rcGetFrameCount
                0x20016140       0xa0 C:/Hoopoe3/satellite-subsystems/demo/..//satellite-subsystems/lib\libSatelliteSubsystemsD.a(IsisTRXVU.o)
                0x20016140                IsisTrxvu_rcGetFrameCount
 .text.IsisTrxvu_rcGetCommandFrame
                0x200161e0      0x2d8 C:/Hoopoe3/satellite-subsystems/demo/..//satellite-subsystems/lib\libSatelliteSubsystemsD.a(IsisTRXVU.o)
                0x200161e0                IsisTrxvu_rcGetCommandFrame
 .text.IsisTrxvu_rcGetTelemetryAll_revC
                0x200164b8       0xec C:/Hoopoe3/satellite-subsystems/demo/..//satellite-subsystems/lib\libSatelliteSubsystemsD.a(IsisTRXVU.o)
                0x200164b8                IsisTrxvu_rcGetTelemetryAll_revC
 .text.cspaceADCS_initialize
                0x200165a4      0x18c C:/Hoopoe3/satellite-subsystems/demo/..//satellite-subsystems/lib\libSatelliteSubsystemsD.a(cspaceADCS.o)
                0x200165a4                cspaceADCS_initialize
 .text.make_cspaceADCStransfer
                0x20016730      0x1b4 C:/Hoopoe3/satellite-subsystems/demo/..//satellite-subsystems/lib\libSatelliteSubsystemsD.a(cspaceADCS.o)
 .text.cspaceADCS_componentReset
                0x200168e4       0xbc C:/Hoopoe3/satellite-subsystems/demo/..//satellite-subsystems/lib\libSatelliteSubsystemsD.a(cspaceADCS.o)
                0x200168e4                cspaceADCS_componentReset
 .text.cspaceADCS_setRunMode
                0x200169a0       0xbc C:/Hoopoe3/satellite-subsystems/demo/..//satellite-subsystems/lib\libSatelliteSubsystemsD.a(cspaceADCS.o)
                0x200169a0                cspaceADCS_setRunMode
 .text.cspaceADCS_setPwrCtrlDevice
                0x20016a5c       0xd0 C:/Hoopoe3/satellite-subsystems/demo/..//satellite-subsystems/lib\libSatelliteSubsystemsD.a(cspaceADCS.o)
                0x20016a5c                cspaceADCS_setPwrCtrlDevice
 .text.cspaceADCS_setAttCtrlMode
                0x20016b2c       0xd0 C:/Hoopoe3/satellite-subsystems/demo/..//satellite-subsystems/lib\libSatelliteSubsystemsD.a(cspaceADCS.o)
                0x20016b2c                cspaceADCS_setAttCtrlMode
 .text.cspaceADCS_setAttEstMode
                0x20016bfc       0xbc C:/Hoopoe3/satellite-subsystems/demo/..//satellite-subsystems/lib\libSatelliteSubsystemsD.a(cspaceADCS.o)
                0x20016bfc                cspaceADCS_setAttEstMode
 .text.cspaceADCS_getCurrentState
                0x20016cb8       0xc4 C:/Hoopoe3/satellite-subsystems/demo/..//satellite-subsystems/lib\libSatelliteSubsystemsD.a(cspaceADCS.o)
                0x20016cb8                cspaceADCS_getCurrentState
 .text.cspaceADCS_getPwrCtrlDevice
                0x20016d7c       0xc4 C:/Hoopoe3/satellite-subsystems/demo/..//satellite-subsystems/lib\libSatelliteSubsystemsD.a(cspaceADCS.o)
                0x20016d7c                cspaceADCS_getPwrCtrlDevice
 .text.GECKO_GetReg
                0x20016e40      0x110 C:/Hoopoe3/satellite-subsystems/demo/..//satellite-subsystems/lib\libSatelliteSubsystemsD.a(gecko_driver.o)
                0x20016e40                GECKO_GetReg
 .text.GECKO_GetVoltageInput5V
                0x20016f50       0xf4 C:/Hoopoe3/satellite-subsystems/demo/..//satellite-subsystems/lib\libSatelliteSubsystemsD.a(gecko_driver.o)
                0x20016f50                GECKO_GetVoltageInput5V
 .text.GECKO_GetCurrentInput5V
                0x20017044      0x130 C:/Hoopoe3/satellite-subsystems/demo/..//satellite-subsystems/lib\libSatelliteSubsystemsD.a(gecko_driver.o)
                0x20017044                GECKO_GetCurrentInput5V
 .text.GECKO_GetVoltageFPGA1V
                0x20017174       0xd4 C:/Hoopoe3/satellite-subsystems/demo/..//satellite-subsystems/lib\libSatelliteSubsystemsD.a(gecko_driver.o)
                0x20017174                GECKO_GetVoltageFPGA1V
 .text.GECKO_GetCurrentFPGA1V
                0x20017248      0x130 C:/Hoopoe3/satellite-subsystems/demo/..//satellite-subsystems/lib\libSatelliteSubsystemsD.a(gecko_driver.o)
                0x20017248                GECKO_GetCurrentFPGA1V
 .text.GECKO_GetVoltageFPGA1V8
                0x20017378       0xd4 C:/Hoopoe3/satellite-subsystems/demo/..//satellite-subsystems/lib\libSatelliteSubsystemsD.a(gecko_driver.o)
                0x20017378                GECKO_GetVoltageFPGA1V8
 .text.GECKO_GetCurrentFPGA1V8
                0x2001744c      0x130 C:/Hoopoe3/satellite-subsystems/demo/..//satellite-subsystems/lib\libSatelliteSubsystemsD.a(gecko_driver.o)
                0x2001744c                GECKO_GetCurrentFPGA1V8
 .text.GECKO_GetVoltageFPGA2V5
                0x2001757c       0xe8 C:/Hoopoe3/satellite-subsystems/demo/..//satellite-subsystems/lib\libSatelliteSubsystemsD.a(gecko_driver.o)
                0x2001757c                GECKO_GetVoltageFPGA2V5
 .text.GECKO_GetCurrentFPGA2V5
                0x20017664      0x130 C:/Hoopoe3/satellite-subsystems/demo/..//satellite-subsystems/lib\libSatelliteSubsystemsD.a(gecko_driver.o)
                0x20017664                GECKO_GetCurrentFPGA2V5
 .text.GECKO_GetVoltageFPGA3V3
                0x20017794       0xe8 C:/Hoopoe3/satellite-subsystems/demo/..//satellite-subsystems/lib\libSatelliteSubsystemsD.a(gecko_driver.o)
                0x20017794                GECKO_GetVoltageFPGA3V3
 .text.GECKO_GetCurrentFPGA3V3
                0x2001787c      0x130 C:/Hoopoe3/satellite-subsystems/demo/..//satellite-subsystems/lib\libSatelliteSubsystemsD.a(gecko_driver.o)
                0x2001787c                GECKO_GetCurrentFPGA3V3
 .text.GECKO_GetVoltageFlash1V8
                0x200179ac       0xd4 C:/Hoopoe3/satellite-subsystems/demo/..//satellite-subsystems/lib\libSatelliteSubsystemsD.a(gecko_driver.o)
                0x200179ac                GECKO_GetVoltageFlash1V8
 .text.GECKO_GetCurrentFlash1V8
                0x20017a80      0x130 C:/Hoopoe3/satellite-subsystems/demo/..//satellite-subsystems/lib\libSatelliteSubsystemsD.a(gecko_driver.o)
                0x20017a80                GECKO_GetCurrentFlash1V8
 .text.GECKO_GetVoltageFlash3V3
                0x20017bb0       0xe8 C:/Hoopoe3/satellite-subsystems/demo/..//satellite-subsystems/lib\libSatelliteSubsystemsD.a(gecko_driver.o)
                0x20017bb0                GECKO_GetVoltageFlash3V3
 .text.GECKO_GetCurrentFlash3V3
                0x20017c98      0x130 C:/Hoopoe3/satellite-subsystems/demo/..//satellite-subsystems/lib\libSatelliteSubsystemsD.a(gecko_driver.o)
                0x20017c98                GECKO_GetCurrentFlash3V3
 .text.GECKO_GetVoltageSNSR1V8
                0x20017dc8       0xe8 C:/Hoopoe3/satellite-subsystems/demo/..//satellite-subsystems/lib\libSatelliteSubsystemsD.a(gecko_driver.o)
                0x20017dc8                GECKO_GetVoltageSNSR1V8
 .text.GECKO_GetCurrentSNSR1V8
                0x20017eb0      0x130 C:/Hoopoe3/satellite-subsystems/demo/..//satellite-subsystems/lib\libSatelliteSubsystemsD.a(gecko_driver.o)
                0x20017eb0                GECKO_GetCurrentSNSR1V8
 .text.GECKO_GetVoltageSNSRVDDPIX
                0x20017fe0       0xe8 C:/Hoopoe3/satellite-subsystems/demo/..//satellite-subsystems/lib\libSatelliteSubsystemsD.a(gecko_driver.o)
                0x20017fe0                GECKO_GetVoltageSNSRVDDPIX
 .text.GECKO_GetCurrentSNSRVDDPIX
                0x200180c8      0x130 C:/Hoopoe3/satellite-subsystems/demo/..//satellite-subsystems/lib\libSatelliteSubsystemsD.a(gecko_driver.o)
                0x200180c8                GECKO_GetCurrentSNSRVDDPIX
 .text.GECKO_GetVoltageSNSR3V3
                0x200181f8       0xe8 C:/Hoopoe3/satellite-subsystems/demo/..//satellite-subsystems/lib\libSatelliteSubsystemsD.a(gecko_driver.o)
                0x200181f8                GECKO_GetVoltageSNSR3V3
 .text.GECKO_GetCurrentSNSR3V3
                0x200182e0      0x130 C:/Hoopoe3/satellite-subsystems/demo/..//satellite-subsystems/lib\libSatelliteSubsystemsD.a(gecko_driver.o)
                0x200182e0                GECKO_GetCurrentSNSR3V3
 .text.GECKO_GetVoltageFlashVTT09
                0x20018410       0xd4 C:/Hoopoe3/satellite-subsystems/demo/..//satellite-subsystems/lib\libSatelliteSubsystemsD.a(gecko_driver.o)
                0x20018410                GECKO_GetVoltageFlashVTT09
 .text.GECKO_GetTempSMU3AB
                0x200184e4      0x35c C:/Hoopoe3/satellite-subsystems/demo/..//satellite-subsystems/lib\libSatelliteSubsystemsD.a(gecko_driver.o)
                0x200184e4                GECKO_GetTempSMU3AB
 .text.GECKO_GetTempSMU3BC
                0x20018840      0x360 C:/Hoopoe3/satellite-subsystems/demo/..//satellite-subsystems/lib\libSatelliteSubsystemsD.a(gecko_driver.o)
                0x20018840                GECKO_GetTempSMU3BC
 .text.GECKO_GetTempREGU6
                0x20018ba0      0x35c C:/Hoopoe3/satellite-subsystems/demo/..//satellite-subsystems/lib\libSatelliteSubsystemsD.a(gecko_driver.o)
                0x20018ba0                GECKO_GetTempREGU6
 .text.GECKO_GetTempREGU8
                0x20018efc      0x360 C:/Hoopoe3/satellite-subsystems/demo/..//satellite-subsystems/lib\libSatelliteSubsystemsD.a(gecko_driver.o)
                0x20018efc                GECKO_GetTempREGU8
 .text.GECKO_GetTempFlash
                0x2001925c      0x360 C:/Hoopoe3/satellite-subsystems/demo/..//satellite-subsystems/lib\libSatelliteSubsystemsD.a(gecko_driver.o)
                0x2001925c                GECKO_GetTempFlash
 .text._SpiWriteRead
                0x200195bc       0x70 C:/Hoopoe3/satellite-subsystems/demo/..//satellite-subsystems/lib\libSatelliteSubsystemsD.a(gecko_driver.o)
 .text.makeTRXCommonTransfer
                0x2001962c       0x34 C:/Hoopoe3/satellite-subsystems/demo/..//satellite-subsystems/lib\libSatelliteSubsystemsD.a(IsisTRXCommon.o)
 .text.IsisTrxCommon_componentReset
                0x20019660       0x68 C:/Hoopoe3/satellite-subsystems/demo/..//satellite-subsystems/lib\libSatelliteSubsystemsD.a(IsisTRXCommon.o)
                0x20019660                IsisTrxCommon_componentReset
 .text.IsisTrxCommon_TxSendAX25DefClSign
                0x200196c8       0xf4 C:/Hoopoe3/satellite-subsystems/demo/..//satellite-subsystems/lib\libSatelliteSubsystemsD.a(IsisTRXCommon.o)
                0x200196c8                IsisTrxCommon_TxSendAX25DefClSign
 .text.IsisTrxCommon_TxSetIdlestate
                0x200197bc       0x78 C:/Hoopoe3/satellite-subsystems/demo/..//satellite-subsystems/lib\libSatelliteSubsystemsD.a(IsisTRXCommon.o)
                0x200197bc                IsisTrxCommon_TxSetIdlestate
 .text.IsisTrxCommon_TxSetAx25Bitrate
                0x20019834       0x78 C:/Hoopoe3/satellite-subsystems/demo/..//satellite-subsystems/lib\libSatelliteSubsystemsD.a(IsisTRXCommon.o)
                0x20019834                IsisTrxCommon_TxSetAx25Bitrate
 .text.IsisTrxCommon_RxGetFrameCount
                0x200198ac       0x8c C:/Hoopoe3/satellite-subsystems/demo/..//satellite-subsystems/lib\libSatelliteSubsystemsD.a(IsisTRXCommon.o)
                0x200198ac                IsisTrxCommon_RxGetFrameCount
 .text.IsisTrxCommon_RxGetTelemetryAll_revC
                0x20019938       0x8c C:/Hoopoe3/satellite-subsystems/demo/..//satellite-subsystems/lib\libSatelliteSubsystemsD.a(IsisTRXCommon.o)
                0x20019938                IsisTrxCommon_RxGetTelemetryAll_revC
 .text.log      0x200199c4      0x17c c:/isis/application/toolchain/bin/../lib/gcc/arm-none-eabi/4.7.4/../../../../arm-none-eabi/lib\libm.a(lib_a-w_log.o)
                0x200199c4                log
 .text.__ieee754_log
                0x20019b40      0x5c0 c:/isis/application/toolchain/bin/../lib/gcc/arm-none-eabi/4.7.4/../../../../arm-none-eabi/lib\libm.a(lib_a-e_log.o)
                0x20019b40                __ieee754_log
 .text.matherr  0x2001a100        0x8 c:/isis/application/toolchain/bin/../lib/gcc/arm-none-eabi/4.7.4/../../../../arm-none-eabi/lib\libm.a(lib_a-s_matherr.o)
                0x2001a100                matherr
 .text.nan      0x2001a108       0x10 c:/isis/application/toolchain/bin/../lib/gcc/arm-none-eabi/4.7.4/../../../../arm-none-eabi/lib\libm.a(lib_a-s_nan.o)
                0x2001a108                nan
 .text.fn_init  0x2001a118      0x2e0 C:/Hoopoe3/satellite-subsystems/demo/../..//hal/hcc/lib\libHCCD.a(fat_common.o)
                0x2001a118                fn_init
 .text._f_get16bitl
                0x2001a3f8       0x4c C:/Hoopoe3/satellite-subsystems/demo/../..//hal/hcc/lib\libHCCD.a(fat_common.o)
                0x2001a3f8                _f_get16bitl
 .text._f_set16bitl
                0x2001a444       0x54 C:/Hoopoe3/satellite-subsystems/demo/../..//hal/hcc/lib\libHCCD.a(fat_common.o)
                0x2001a444                _f_set16bitl
 .text._f_get32bitl
                0x2001a498       0x68 C:/Hoopoe3/satellite-subsystems/demo/../..//hal/hcc/lib\libHCCD.a(fat_common.o)
                0x2001a498                _f_get32bitl
 .text._f_set32bitl
                0x2001a500       0x78 C:/Hoopoe3/satellite-subsystems/demo/../..//hal/hcc/lib\libHCCD.a(fat_common.o)
                0x2001a500                _f_set32bitl
 .text._get8bit
                0x2001a578       0xa0 C:/Hoopoe3/satellite-subsystems/demo/../..//hal/hcc/lib\libHCCD.a(fat_common.o)
 .text._get16bitl
                0x2001a618       0x40 C:/Hoopoe3/satellite-subsystems/demo/../..//hal/hcc/lib\libHCCD.a(fat_common.o)
 .text._get32bitl
                0x2001a658       0x3c C:/Hoopoe3/satellite-subsystems/demo/../..//hal/hcc/lib\libHCCD.a(fat_common.o)
 .text._f_setcardremoved
                0x2001a694       0x94 C:/Hoopoe3/satellite-subsystems/demo/../..//hal/hcc/lib\libHCCD.a(fat_common.o)
 .text._f_checkstatus
                0x2001a728      0x104 C:/Hoopoe3/satellite-subsystems/demo/../..//hal/hcc/lib\libHCCD.a(fat_common.o)
                0x2001a728                _f_checkstatus
 .text._f_drvgetphy
                0x2001a82c      0x114 C:/Hoopoe3/satellite-subsystems/demo/../..//hal/hcc/lib\libHCCD.a(fat_common.o)
 .text._f_drvwritesector
                0x2001a940       0xdc C:/Hoopoe3/satellite-subsystems/demo/../..//hal/hcc/lib\libHCCD.a(fat_common.o)
 .text._f_drvreadsector
                0x2001aa1c       0xa8 C:/Hoopoe3/satellite-subsystems/demo/../..//hal/hcc/lib\libHCCD.a(fat_common.o)
 .text._f_writesector
                0x2001aac4      0x23c C:/Hoopoe3/satellite-subsystems/demo/../..//hal/hcc/lib\libHCCD.a(fat_common.o)
                0x2001aac4                _f_writesector
 .text._f_readsector
                0x2001ad00      0x1dc C:/Hoopoe3/satellite-subsystems/demo/../..//hal/hcc/lib\libHCCD.a(fat_common.o)
                0x2001ad00                _f_readsector
 .text._f_getmaxcluster
                0x2001aedc       0x94 C:/Hoopoe3/satellite-subsystems/demo/../..//hal/hcc/lib\libHCCD.a(fat_common.o)
                0x2001aedc                _f_getmaxcluster
 .text._getsectorfromcluster
                0x2001af70       0x68 C:/Hoopoe3/satellite-subsystems/demo/../..//hal/hcc/lib\libHCCD.a(fat_common.o)
 .text._f_buildsectors
                0x2001afd8      0x268 C:/Hoopoe3/satellite-subsystems/demo/../..//hal/hcc/lib\libHCCD.a(fat_common.o)
 .text._f_getbootrecord
                0x2001b240      0x5e4 C:/Hoopoe3/satellite-subsystems/demo/../..//hal/hcc/lib\libHCCD.a(fat_common.o)
 .text._f_readbootrecord
                0x2001b824      0x4f8 C:/Hoopoe3/satellite-subsystems/demo/../..//hal/hcc/lib\libHCCD.a(fat_common.o)
 .text._f_flushcffiles
                0x2001bd1c      0x17c C:/Hoopoe3/satellite-subsystems/demo/../..//hal/hcc/lib\libHCCD.a(fat_common.o)
                0x2001bd1c                _f_flushcffiles
 .text._f_fatcache_flush
                0x2001be98      0x270 C:/Hoopoe3/satellite-subsystems/demo/../..//hal/hcc/lib\libHCCD.a(fat_common.o)
                0x2001be98                _f_fatcache_flush
 .text._f_writefatsector
                0x2001c108      0x100 C:/Hoopoe3/satellite-subsystems/demo/../..//hal/hcc/lib\libHCCD.a(fat_common.o)
                0x2001c108                _f_writefatsector
 .text._f_getfatsector
                0x2001c208      0x3bc C:/Hoopoe3/satellite-subsystems/demo/../..//hal/hcc/lib\libHCCD.a(fat_common.o)
 .text._f_setclustervalue
                0x2001c5c4      0x490 C:/Hoopoe3/satellite-subsystems/demo/../..//hal/hcc/lib\libHCCD.a(fat_common.o)
                0x2001c5c4                _f_setclustervalue
 .text._f_getclustervalue
                0x2001ca54      0x388 C:/Hoopoe3/satellite-subsystems/demo/../..//hal/hcc/lib\libHCCD.a(fat_common.o)
                0x2001ca54                _f_getclustervalue
 .text._f_close_drive_files
                0x2001cddc       0xac C:/Hoopoe3/satellite-subsystems/demo/../..//hal/hcc/lib\libHCCD.a(fat_common.o)
 .text._f_inc_mount_count
                0x2001ce88       0xa4 C:/Hoopoe3/satellite-subsystems/demo/../..//hal/hcc/lib\libHCCD.a(fat_common.o)
 .text._f_getvolume
                0x2001cf2c      0x2f8 C:/Hoopoe3/satellite-subsystems/demo/../..//hal/hcc/lib\libHCCD.a(fat_common.o)
                0x2001cf2c                _f_getvolume
 .text.fn_createdriver
                0x2001d224      0x118 C:/Hoopoe3/satellite-subsystems/demo/../..//hal/hcc/lib\libHCCD.a(fat_common.o)
                0x2001d224                fn_createdriver
 .text.fn_initvolume
                0x2001d33c      0x12c C:/Hoopoe3/satellite-subsystems/demo/../..//hal/hcc/lib\libHCCD.a(fat_common.o)
                0x2001d33c                fn_initvolume
 .text.fn_initvolumepartition_sub
                0x2001d468       0xe0 C:/Hoopoe3/satellite-subsystems/demo/../..//hal/hcc/lib\libHCCD.a(fat_common.o)
 .text.fn_initvolumepartition
                0x2001d548       0xac C:/Hoopoe3/satellite-subsystems/demo/../..//hal/hcc/lib\libHCCD.a(fat_common.o)
                0x2001d548                fn_initvolumepartition
 .text._f_clustertopos
                0x2001d5f4       0xf8 C:/Hoopoe3/satellite-subsystems/demo/../..//hal/hcc/lib\libHCCD.a(fat_common.o)
                0x2001d5f4                _f_clustertopos
 .text._f_getcurrsector
                0x2001d6ec      0x6c8 C:/Hoopoe3/satellite-subsystems/demo/../..//hal/hcc/lib\libHCCD.a(fat_common.o)
                0x2001d6ec                _f_getcurrsector
 .text._f_getdecluster
                0x2001ddb4       0x90 C:/Hoopoe3/satellite-subsystems/demo/../..//hal/hcc/lib\libHCCD.a(fat_common.o)
                0x2001ddb4                _f_getdecluster
 .text._f_setdecluster
                0x2001de44       0x8c C:/Hoopoe3/satellite-subsystems/demo/../..//hal/hcc/lib\libHCCD.a(fat_common.o)
                0x2001de44                _f_setdecluster
 .text.fn_getdrive
                0x2001ded0       0x30 C:/Hoopoe3/satellite-subsystems/demo/../..//hal/hcc/lib\libHCCD.a(fat_common.o)
                0x2001ded0                fn_getdrive
 .text._f_getcurrenttimedate
                0x2001df00      0x138 C:/Hoopoe3/satellite-subsystems/demo/../..//hal/hcc/lib\libHCCD.a(fat_common.o)
                0x2001df00                _f_getcurrenttimedate
 .text._f_initentry
                0x2001e038       0xa0 C:/Hoopoe3/satellite-subsystems/demo/../..//hal/hcc/lib\libHCCD.a(fat_common.o)
                0x2001e038                _f_initentry
 .text._f_alloccluster
                0x2001e0d8      0x344 C:/Hoopoe3/satellite-subsystems/demo/../..//hal/hcc/lib\libHCCD.a(fat_common.o)
                0x2001e0d8                _f_alloccluster
 .text._f_dobadblock
                0x2001e41c      0x2cc C:/Hoopoe3/satellite-subsystems/demo/../..//hal/hcc/lib\libHCCD.a(fat_common.o)
                0x2001e41c                _f_dobadblock
 .text._f_checklocked
                0x2001e6e8       0xe4 C:/Hoopoe3/satellite-subsystems/demo/../..//hal/hcc/lib\libHCCD.a(fat_common.o)
                0x2001e6e8                _f_checklocked
 .text._f_checkappendlocked
                0x2001e7cc      0x110 C:/Hoopoe3/satellite-subsystems/demo/../..//hal/hcc/lib\libHCCD.a(fat_common.o)
                0x2001e7cc                _f_checkappendlocked
 .text._f_setsyncafile
                0x2001e8dc      0x114 C:/Hoopoe3/satellite-subsystems/demo/../..//hal/hcc/lib\libHCCD.a(fat_common.o)
                0x2001e8dc                _f_setsyncafile
 .text._f_syncfiles
                0x2001e9f0      0x128 C:/Hoopoe3/satellite-subsystems/demo/../..//hal/hcc/lib\libHCCD.a(fat_common.o)
                0x2001e9f0                _f_syncfiles
 .text._f_syncfilescontent
                0x2001eb18      0x15c C:/Hoopoe3/satellite-subsystems/demo/../..//hal/hcc/lib\libHCCD.a(fat_common.o)
 .text.fn_getfreespace
                0x2001ec74      0x4c0 C:/Hoopoe3/satellite-subsystems/demo/../..//hal/hcc/lib\libHCCD.a(fat_common.o)
                0x2001ec74                fn_getfreespace
 .text._f_emptywritecache
                0x2001f134      0x4a4 C:/Hoopoe3/satellite-subsystems/demo/../..//hal/hcc/lib\libHCCD.a(fat_common.o)
 .text._f_allocnextcluster
                0x2001f5d8      0x54c C:/Hoopoe3/satellite-subsystems/demo/../..//hal/hcc/lib\libHCCD.a(fat_common.o)
 .text._f_emptywritebuffer
                0x2001fb24      0x20c C:/Hoopoe3/satellite-subsystems/demo/../..//hal/hcc/lib\libHCCD.a(fat_common.o)
 .text._f_writezeros
                0x2001fd30       0xf0 C:/Hoopoe3/satellite-subsystems/demo/../..//hal/hcc/lib\libHCCD.a(fat_common.o)
                0x2001fd30                _f_writezeros
 .text._f_extend_file
                0x2001fe20      0x570 C:/Hoopoe3/satellite-subsystems/demo/../..//hal/hcc/lib\libHCCD.a(fat_common.o)
 .text._f_fseek
                0x20020390      0x9bc C:/Hoopoe3/satellite-subsystems/demo/../..//hal/hcc/lib\libHCCD.a(fat_common.o)
                0x20020390                _f_fseek
 .text._f_removechain
                0x20020d4c      0x104 C:/Hoopoe3/satellite-subsystems/demo/../..//hal/hcc/lib\libHCCD.a(fat_common.o)
                0x20020d4c                _f_removechain
 .text._f_updatefileentry
                0x20020e50      0x1cc C:/Hoopoe3/satellite-subsystems/demo/../..//hal/hcc/lib\libHCCD.a(fat_common.o)
 .text._f_checkreadlocked
                0x2002101c      0x1bc C:/Hoopoe3/satellite-subsystems/demo/../..//hal/hcc/lib\libHCCD.a(fat_common.o)
                0x2002101c                _f_checkreadlocked
 .text._f_check_handle
                0x200211d8       0x98 C:/Hoopoe3/satellite-subsystems/demo/../..//hal/hcc/lib\libHCCD.a(fat_common.o)
                0x200211d8                _f_check_handle
 .text._f_removesyncafile
                0x20021270      0x1ec C:/Hoopoe3/satellite-subsystems/demo/../..//hal/hcc/lib\libHCCD.a(fat_common.o)
 .text.fn_close
                0x2002145c      0x3f8 C:/Hoopoe3/satellite-subsystems/demo/../..//hal/hcc/lib\libHCCD.a(fat_common.o)
                0x2002145c                fn_close
 .text.fn_flush
                0x20021854      0x374 C:/Hoopoe3/satellite-subsystems/demo/../..//hal/hcc/lib\libHCCD.a(fat_common.o)
                0x20021854                fn_flush
 .text.fn_read  0x20021bc8      0x690 C:/Hoopoe3/satellite-subsystems/demo/../..//hal/hcc/lib\libHCCD.a(fat_common.o)
                0x20021bc8                fn_read
 .text._f_abortwrite
                0x20022258      0x100 C:/Hoopoe3/satellite-subsystems/demo/../..//hal/hcc/lib\libHCCD.a(fat_common.o)
 .text._f_checkwritecluster
                0x20022358       0xe4 C:/Hoopoe3/satellite-subsystems/demo/../..//hal/hcc/lib\libHCCD.a(fat_common.o)
 .text.fn_write
                0x2002243c      0x8a8 C:/Hoopoe3/satellite-subsystems/demo/../..//hal/hcc/lib\libHCCD.a(fat_common.o)
                0x2002243c                fn_write
 .text.fn_seek  0x20022ce4      0x270 C:/Hoopoe3/satellite-subsystems/demo/../..//hal/hcc/lib\libHCCD.a(fat_common.o)
                0x20022ce4                fn_seek
 .text.f_enterFS
                0x20022f54      0x1c0 C:/Hoopoe3/satellite-subsystems/demo/../..//hal/hcc/lib\libHCCD.a(fat_common.o)
                0x20022f54                f_enterFS
 .text.f_releaseFS
                0x20023114       0xb0 C:/Hoopoe3/satellite-subsystems/demo/../..//hal/hcc/lib\libHCCD.a(fat_common.o)
                0x20023114                f_releaseFS
 .text.fnGetTask
                0x200231c4       0xfc C:/Hoopoe3/satellite-subsystems/demo/../..//hal/hcc/lib\libHCCD.a(fat_common.o)
                0x200231c4                fnGetTask
 .text._f_mutex_get
                0x200232c0       0x98 C:/Hoopoe3/satellite-subsystems/demo/../..//hal/hcc/lib\libHCCD.a(fat_common.o)
                0x200232c0                _f_mutex_get
 .text._f_mutex_put
                0x20023358       0x54 C:/Hoopoe3/satellite-subsystems/demo/../..//hal/hcc/lib\libHCCD.a(fat_common.o)
                0x20023358                _f_mutex_put
 .text._fn_initseekdivisor
                0x200233ac      0x158 C:/Hoopoe3/satellite-subsystems/demo/../..//hal/hcc/lib\libHCCD.a(fat_common.o)
                0x200233ac                _fn_initseekdivisor
 .text._fn_updateseekpos
                0x20023504       0xc4 C:/Hoopoe3/satellite-subsystems/demo/../..//hal/hcc/lib\libHCCD.a(fat_common.o)
 .text._f_findopensize
                0x200235c8       0x2c C:/Hoopoe3/satellite-subsystems/demo/../..//hal/hcc/lib\libHCCD.a(fat_common.o)
                0x200235c8                _f_findopensize
 .text.fn_setlasterror
                0x200235f4       0x34 C:/Hoopoe3/satellite-subsystems/demo/../..//hal/hcc/lib\libHCCD.a(fat_common.o)
                0x200235f4                fn_setlasterror
 .text.fn_setlasterror_noret
                0x20023628       0x2c C:/Hoopoe3/satellite-subsystems/demo/../..//hal/hcc/lib\libHCCD.a(fat_common.o)
                0x20023628                fn_setlasterror_noret
 .text.fm_initvolume
                0x20023654       0x70 C:/Hoopoe3/satellite-subsystems/demo/../..//hal/hcc/lib\libHCCD.a(fat_m.o)
                0x20023654                fm_initvolume
 .text.fm_getdrive
                0x200236c4       0x70 C:/Hoopoe3/satellite-subsystems/demo/../..//hal/hcc/lib\libHCCD.a(fat_m.o)
                0x200236c4                fm_getdrive
 .text.fm_getfreespace
                0x20023734       0x68 C:/Hoopoe3/satellite-subsystems/demo/../..//hal/hcc/lib\libHCCD.a(fat_m.o)
                0x20023734                fm_getfreespace
 .text.fm_findfirst
                0x2002379c       0x68 C:/Hoopoe3/satellite-subsystems/demo/../..//hal/hcc/lib\libHCCD.a(fat_m.o)
                0x2002379c                fm_findfirst
 .text.fm_findnext
                0x20023804       0x60 C:/Hoopoe3/satellite-subsystems/demo/../..//hal/hcc/lib\libHCCD.a(fat_m.o)
                0x20023804                fm_findnext
 .text.fm_filelength
                0x20023864       0x60 C:/Hoopoe3/satellite-subsystems/demo/../..//hal/hcc/lib\libHCCD.a(fat_m.o)
                0x20023864                fm_filelength
 .text.fm_close
                0x200238c4       0x60 C:/Hoopoe3/satellite-subsystems/demo/../..//hal/hcc/lib\libHCCD.a(fat_m.o)
                0x200238c4                fm_close
 .text.fm_flush
                0x20023924       0x60 C:/Hoopoe3/satellite-subsystems/demo/../..//hal/hcc/lib\libHCCD.a(fat_m.o)
                0x20023924                fm_flush
 .text.fm_open  0x20023984       0x68 C:/Hoopoe3/satellite-subsystems/demo/../..//hal/hcc/lib\libHCCD.a(fat_m.o)
                0x20023984                fm_open
 .text.fm_read  0x200239ec       0x7c C:/Hoopoe3/satellite-subsystems/demo/../..//hal/hcc/lib\libHCCD.a(fat_m.o)
                0x200239ec                fm_read
 .text.fm_write
                0x20023a68       0x7c C:/Hoopoe3/satellite-subsystems/demo/../..//hal/hcc/lib\libHCCD.a(fat_m.o)
                0x20023a68                fm_write
 .text.fm_seek  0x20023ae4       0x70 C:/Hoopoe3/satellite-subsystems/demo/../..//hal/hcc/lib\libHCCD.a(fat_m.o)
                0x20023ae4                fm_seek
 .text.fm_delete
                0x20023b54       0x64 C:/Hoopoe3/satellite-subsystems/demo/../..//hal/hcc/lib\libHCCD.a(fat_m.o)
                0x20023b54                fm_delete
 .text._s_checkzeroclusteratend
                0x20023bb8       0xf8 C:/Hoopoe3/satellite-subsystems/demo/../..//hal/hcc/lib\libHCCD.a(safefat.o)
 .text._s_clearclustercontent
                0x20023cb0      0x108 C:/Hoopoe3/satellite-subsystems/demo/../..//hal/hcc/lib\libHCCD.a(safefat.o)
 .text._s_clearclustercontentdir
                0x20023db8      0x19c C:/Hoopoe3/satellite-subsystems/demo/../..//hal/hcc/lib\libHCCD.a(safefat.o)
 .text._s_writedirsector
                0x20023f54       0xd0 C:/Hoopoe3/satellite-subsystems/demo/../..//hal/hcc/lib\libHCCD.a(safefat.o)
 .text._s_getdirsector
                0x20024024      0x100 C:/Hoopoe3/satellite-subsystems/demo/../..//hal/hcc/lib\libHCCD.a(safefat.o)
 .text._s_addentry
                0x20024124      0x394 C:/Hoopoe3/satellite-subsystems/demo/../..//hal/hcc/lib\libHCCD.a(safefat.o)
 .text._s_findfile
                0x200244b8      0x33c C:/Hoopoe3/satellite-subsystems/demo/../..//hal/hcc/lib\libHCCD.a(safefat.o)
 .text._s_findsubdir
                0x200247f4      0x248 C:/Hoopoe3/satellite-subsystems/demo/../..//hal/hcc/lib\libHCCD.a(safefat.o)
 .text._s_createfile
                0x20024a3c      0x190 C:/Hoopoe3/satellite-subsystems/demo/../..//hal/hcc/lib\libHCCD.a(safefat.o)
 .text._s_findsaffile
                0x20024bcc      0x1b8 C:/Hoopoe3/satellite-subsystems/demo/../..//hal/hcc/lib\libHCCD.a(safefat.o)
 .text._s_open  0x20024d84       0xe4 C:/Hoopoe3/satellite-subsystems/demo/../..//hal/hcc/lib\libHCCD.a(safefat.o)
 .text._s_open_saf
                0x20024e68       0xe8 C:/Hoopoe3/satellite-subsystems/demo/../..//hal/hcc/lib\libHCCD.a(safefat.o)
 .text._s_flush
                0x20024f50       0x84 C:/Hoopoe3/satellite-subsystems/demo/../..//hal/hcc/lib\libHCCD.a(safefat.o)
 .text._s_allocnextcluster
                0x20024fd4      0x13c C:/Hoopoe3/satellite-subsystems/demo/../..//hal/hcc/lib\libHCCD.a(safefat.o)
 .text._s_getnextsector
                0x20025110       0xdc C:/Hoopoe3/satellite-subsystems/demo/../..//hal/hcc/lib\libHCCD.a(safefat.o)
 .text._s_seek  0x200251ec      0x1e8 C:/Hoopoe3/satellite-subsystems/demo/../..//hal/hcc/lib\libHCCD.a(safefat.o)
 .text._s_read  0x200253d4      0x228 C:/Hoopoe3/satellite-subsystems/demo/../..//hal/hcc/lib\libHCCD.a(safefat.o)
 .text._s_write
                0x200255fc      0x384 C:/Hoopoe3/satellite-subsystems/demo/../..//hal/hcc/lib\libHCCD.a(safefat.o)
 .text._s_restoreclusters
                0x20025980      0x270 C:/Hoopoe3/satellite-subsystems/demo/../..//hal/hcc/lib\libHCCD.a(safefat.o)
                0x20025980                _s_restoreclusters
 .text._s_findrestore
                0x20025bf0      0x18c C:/Hoopoe3/satellite-subsystems/demo/../..//hal/hcc/lib\libHCCD.a(safefat.o)
 .text._s_cmd_writede
                0x20025d7c       0xd8 C:/Hoopoe3/satellite-subsystems/demo/../..//hal/hcc/lib\libHCCD.a(safefat.o)
 .text._s_cmd_setcluster
                0x20025e54       0x88 C:/Hoopoe3/satellite-subsystems/demo/../..//hal/hcc/lib\libHCCD.a(safefat.o)
 .text._s_cmd_deletechain
                0x20025edc      0x100 C:/Hoopoe3/satellite-subsystems/demo/../..//hal/hcc/lib\libHCCD.a(safefat.o)
 .text._s_cmd_validatecfn
                0x20025fdc      0x308 C:/Hoopoe3/satellite-subsystems/demo/../..//hal/hcc/lib\libHCCD.a(safefat.o)
 .text._s_cmd_seteof
                0x200262e4      0x3c4 C:/Hoopoe3/satellite-subsystems/demo/../..//hal/hcc/lib\libHCCD.a(safefat.o)
 .text.safe_docommands
                0x200266a8      0x56c C:/Hoopoe3/satellite-subsystems/demo/../..//hal/hcc/lib\libHCCD.a(safefat.o)
                0x200266a8                safe_docommands
 .text.safe_entercommand
                0x20026c14       0x68 C:/Hoopoe3/satellite-subsystems/demo/../..//hal/hcc/lib\libHCCD.a(safefat.o)
                0x20026c14                safe_entercommand
 .text.safe_ready
                0x20026c7c       0xf4 C:/Hoopoe3/satellite-subsystems/demo/../..//hal/hcc/lib\libHCCD.a(safefat.o)
                0x20026c7c                safe_ready
 .text.safe_copycfn
                0x20026d70       0xb8 C:/Hoopoe3/satellite-subsystems/demo/../..//hal/hcc/lib\libHCCD.a(safefat.o)
                0x20026d70                safe_copycfn
 .text.safe_cfremove
                0x20026e28       0xb8 C:/Hoopoe3/satellite-subsystems/demo/../..//hal/hcc/lib\libHCCD.a(safefat.o)
                0x20026e28                safe_cfremove
 .text.safe_writede
                0x20026ee0      0x104 C:/Hoopoe3/satellite-subsystems/demo/../..//hal/hcc/lib\libHCCD.a(safefat.o)
                0x20026ee0                safe_writede
 .text.safe_setcluster
                0x20026fe4       0xcc C:/Hoopoe3/satellite-subsystems/demo/../..//hal/hcc/lib\libHCCD.a(safefat.o)
                0x20026fe4                safe_setcluster
 .text.safe_deletechain
                0x200270b0      0x1c8 C:/Hoopoe3/satellite-subsystems/demo/../..//hal/hcc/lib\libHCCD.a(safefat.o)
                0x200270b0                safe_deletechain
 .text.safe_cfclose
                0x20027278      0x104 C:/Hoopoe3/satellite-subsystems/demo/../..//hal/hcc/lib\libHCCD.a(safefat.o)
                0x20027278                safe_cfclose
 .text.safe_cfflush
                0x2002737c      0x124 C:/Hoopoe3/satellite-subsystems/demo/../..//hal/hcc/lib\libHCCD.a(safefat.o)
                0x2002737c                safe_cfflush
 .text.safe_reset
                0x200274a0       0x78 C:/Hoopoe3/satellite-subsystems/demo/../..//hal/hcc/lib\libHCCD.a(safefat.o)
                0x200274a0                safe_reset
 .text.safe_loadcommands
                0x20027518       0x78 C:/Hoopoe3/satellite-subsystems/demo/../..//hal/hcc/lib\libHCCD.a(safefat.o)
                0x20027518                safe_loadcommands
 .text.safe_poweron
                0x20027590      0x1fc C:/Hoopoe3/satellite-subsystems/demo/../..//hal/hcc/lib\libHCCD.a(safefat.o)
                0x20027590                safe_poweron
 .text.cf_getname
                0x2002778c       0xc0 C:/Hoopoe3/satellite-subsystems/demo/../..//hal/hcc/lib\libHCCD.a(safefat.o)
 .text.cf_copyclusterchain
                0x2002784c      0x138 C:/Hoopoe3/satellite-subsystems/demo/../..//hal/hcc/lib\libHCCD.a(safefat.o)
 .text.cf_seektozero
                0x20027984       0x94 C:/Hoopoe3/satellite-subsystems/demo/../..//hal/hcc/lib\libHCCD.a(safefat.o)
                0x20027984                cf_seektozero
 .text.cf_create
                0x20027a18      0x3a8 C:/Hoopoe3/satellite-subsystems/demo/../..//hal/hcc/lib\libHCCD.a(safefat.o)
                0x20027a18                cf_create
 .text.cf_copyclustercontent
                0x20027dc0      0x128 C:/Hoopoe3/satellite-subsystems/demo/../..//hal/hcc/lib\libHCCD.a(safefat.o)
                0x20027dc0                cf_copyclustercontent
 .text.cf_copycfn
                0x20027ee8      0x4bc C:/Hoopoe3/satellite-subsystems/demo/../..//hal/hcc/lib\libHCCD.a(safefat.o)
                0x20027ee8                cf_copycfn
 .text.cf_remove
                0x200283a4      0x344 C:/Hoopoe3/satellite-subsystems/demo/../..//hal/hcc/lib\libHCCD.a(safefat.o)
                0x200283a4                cf_remove
 .text.cf_setclusternew
                0x200286e8       0xf0 C:/Hoopoe3/satellite-subsystems/demo/../..//hal/hcc/lib\libHCCD.a(safefat.o)
                0x200286e8                cf_setclusternew
 .text.cf_flush
                0x200287d8       0x58 C:/Hoopoe3/satellite-subsystems/demo/../..//hal/hcc/lib\libHCCD.a(safefat.o)
                0x200287d8                cf_flush
 .text.cf_getcluster
                0x20028830      0x1b4 C:/Hoopoe3/satellite-subsystems/demo/../..//hal/hcc/lib\libHCCD.a(safefat.o)
                0x20028830                cf_getcluster
 .text.cf_setnextcluster
                0x200289e4      0x194 C:/Hoopoe3/satellite-subsystems/demo/../..//hal/hcc/lib\libHCCD.a(safefat.o)
                0x200289e4                cf_setnextcluster
 .text.cf_getpositions