Archive member included because of file (symbol)

c:/isis/application/toolchain/bin/../lib/gcc/arm-none-eabi/4.7.4/../../../../arm-none-eabi/lib\libc_s.a(lib_a-vfprintf_float.o)
                              (_printf_float)
c:/isis/application/toolchain/bin/../lib/gcc/arm-none-eabi/4.7.4/../../../../arm-none-eabi/lib\libc_s.a(lib_a-vfprintf_i.o)
                              c:/isis/application/toolchain/bin/../lib/gcc/arm-none-eabi/4.7.4/../../../../arm-none-eabi/lib\libc_s.a(lib_a-vfprintf_float.o) (_printf_common)
c:/isis/application/toolchain/bin/../lib/gcc/arm-none-eabi/4.7.4/../../../../arm-none-eabi/lib\libc_s.a(lib_a-vfscanf_float.o)
                              (_scanf_float)
c:/isis/application/toolchain/bin/../lib/gcc/arm-none-eabi/4.7.4/../../../../arm-none-eabi/lib\libc_s.a(lib_a-dtoa.o)
                              c:/isis/application/toolchain/bin/../lib/gcc/arm-none-eabi/4.7.4/../../../../arm-none-eabi/lib\libc_s.a(lib_a-vfprintf_float.o) (_dtoa_r)
c:/isis/application/toolchain/bin/../lib/gcc/arm-none-eabi/4.7.4/../../../../arm-none-eabi/lib\libc_s.a(lib_a-locale.o)
                              c:/isis/application/toolchain/bin/../lib/gcc/arm-none-eabi/4.7.4/../../../../arm-none-eabi/lib\libc_s.a(lib_a-vfprintf_float.o) (_localeconv_r)
c:/isis/application/toolchain/bin/../lib/gcc/arm-none-eabi/4.7.4/../../../../arm-none-eabi/lib\libc_s.a(lib_a-malloc.o)
                              c:/isis/application/toolchain/bin/../lib/gcc/arm-none-eabi/4.7.4/../../../../arm-none-eabi/lib\libc_s.a(lib_a-dtoa.o) (malloc)
c:/isis/application/toolchain/bin/../lib/gcc/arm-none-eabi/4.7.4/../../../../arm-none-eabi/lib\libc_s.a(lib_a-mallocr.o)
                              c:/isis/application/toolchain/bin/../lib/gcc/arm-none-eabi/4.7.4/../../../../arm-none-eabi/lib\libc_s.a(lib_a-malloc.o) (_malloc_r)
c:/isis/application/toolchain/bin/../lib/gcc/arm-none-eabi/4.7.4/../../../../arm-none-eabi/lib\libc_s.a(lib_a-memcpy.o)
                              c:/isis/application/toolchain/bin/../lib/gcc/arm-none-eabi/4.7.4/../../../../arm-none-eabi/lib\libc_s.a(lib_a-dtoa.o) (memcpy)
c:/isis/application/toolchain/bin/../lib/gcc/arm-none-eabi/4.7.4/../../../../arm-none-eabi/lib\libc_s.a(lib_a-mprec.o)
                              c:/isis/application/toolchain/bin/../lib/gcc/arm-none-eabi/4.7.4/../../../../arm-none-eabi/lib\libc_s.a(lib_a-dtoa.o) (_Balloc)
c:/isis/application/toolchain/bin/../lib/gcc/arm-none-eabi/4.7.4/../../../../arm-none-eabi/lib\libc_s.a(lib_a-s_fpclassify.o)
                              c:/isis/application/toolchain/bin/../lib/gcc/arm-none-eabi/4.7.4/../../../../arm-none-eabi/lib\libc_s.a(lib_a-vfprintf_float.o) (__fpclassifyd)
c:/isis/application/toolchain/bin/../lib/gcc/arm-none-eabi/4.7.4/../../../../arm-none-eabi/lib\libc_s.a(lib_a-sbrkr.o)
                              c:/isis/application/toolchain/bin/../lib/gcc/arm-none-eabi/4.7.4/../../../../arm-none-eabi/lib\libc_s.a(lib_a-mallocr.o) (_sbrk_r)
c:/isis/application/toolchain/bin/../lib/gcc/arm-none-eabi/4.7.4/../../../../arm-none-eabi/lib\libc_s.a(lib_a-sf_nan.o)
                              c:/isis/application/toolchain/bin/../lib/gcc/arm-none-eabi/4.7.4/../../../../arm-none-eabi/lib\libc_s.a(lib_a-vfscanf_float.o) (nanf)
c:/isis/application/toolchain/bin/../lib/gcc/arm-none-eabi/4.7.4/../../../../arm-none-eabi/lib\libc_s.a(lib_a-sprintf.o)
                              c:/isis/application/toolchain/bin/../lib/gcc/arm-none-eabi/4.7.4/../../../../arm-none-eabi/lib\libc_s.a(lib_a-vfscanf_float.o) (sprintf)
c:/isis/application/toolchain/bin/../lib/gcc/arm-none-eabi/4.7.4/../../../../arm-none-eabi/lib\libc_s.a(lib_a-strcmp.o)
                              c:/isis/application/toolchain/bin/../lib/gcc/arm-none-eabi/4.7.4/../../../../arm-none-eabi/lib\libc_s.a(lib_a-locale.o) (strcmp)
c:/isis/application/toolchain/bin/../lib/gcc/arm-none-eabi/4.7.4/../../../../arm-none-eabi/lib\libc_s.a(lib_a-strlen.o)
                              c:/isis/application/toolchain/bin/../lib/gcc/arm-none-eabi/4.7.4/../../../../arm-none-eabi/lib\libc_s.a(lib_a-vfprintf_float.o) (strlen)
c:/isis/application/toolchain/bin/../lib/gcc/arm-none-eabi/4.7.4/../../../../arm-none-eabi/lib\libc_s.a(lib_a-strtod.o)
                              c:/isis/application/toolchain/bin/../lib/gcc/arm-none-eabi/4.7.4/../../../../arm-none-eabi/lib\libc_s.a(lib_a-vfscanf_float.o) (_strtod_r)
c:/isis/application/toolchain/bin/../lib/gcc/arm-none-eabi/4.7.4/../../../../arm-none-eabi/lib\libc_s.a(lib_a-strtol.o)
                              c:/isis/application/toolchain/bin/../lib/gcc/arm-none-eabi/4.7.4/../../../../arm-none-eabi/lib\libc_s.a(lib_a-vfscanf_float.o) (_strtol_r)
c:/isis/application/toolchain/bin/../lib/gcc/arm-none-eabi/4.7.4/../../../../arm-none-eabi/lib\libc_s.a(lib_a-svfprintf.o)
                              c:/isis/application/toolchain/bin/../lib/gcc/arm-none-eabi/4.7.4/../../../../arm-none-eabi/lib\libc_s.a(lib_a-sprintf.o) (_svfprintf_r)
[...]
Memory Configuration

Name             Origin             Length             Attributes
sram0            0x00200000         0x00004000         w !xr
sram1            0x00300000         0x00004000         w !xr
sdram            0x20000000         0x02000000         w !xr
*default*        0x00000000         0xffffffff

Linker script and memory map

LOAD c:/isis/application/toolchain/bin/../lib/gcc/arm-none-eabi/4.7.4/../../../../arm-none-eabi/lib\libc_s.a
LOAD ./src/sub-systemCode/payload/Request Management/Dump/Butchering.o
LOAD ./src/sub-systemCode/payload/Request Management/Dump/imageDump.o
LOAD ./src/sub-systemCode/payload/Request Management/AutomaticImageHandler.o
LOAD ./src/sub-systemCode/payload/Request Management/CameraManeger.o
LOAD ./src/sub-systemCode/payload/Request Management/DB_RequestHandling.o
LOAD ./src/sub-systemCode/payload/Misc/Boolean_bit.o
LOAD ./src/sub-systemCode/payload/Misc/FileSystem.o
LOAD ./src/sub-systemCode/payload/Drivers/GeckoCameraDriver.o
LOAD ./src/sub-systemCode/payload/DataBase/DataBase.o
LOAD ./src/sub-systemCode/payload/Compression/jpeg/bmp/rawToBMP.o
LOAD ./src/sub-systemCode/payload/Compression/jpeg/DCT.o
LOAD ./src/sub-systemCode/payload/Compression/jpeg/ImgCompressor.o
LOAD ./src/sub-systemCode/payload/Compression/jpeg/color_conv.o
LOAD ./src/sub-systemCode/payload/Compression/jpeg/jpeg.o
LOAD ./src/sub-systemCode/payload/Compression/jpeg/jpeg_encoder.o
LOAD ./src/sub-systemCode/payload/Compression/jpeg/jpeg_memory_alloc.o
LOAD ./src/sub-systemCode/payload/Compression/jpeg/jpeg_params.o
LOAD ./src/sub-systemCode/payload/Compression/jpeg/output_stream.o
LOAD ./src/sub-systemCode/payload/Compression/ImageConversion.o
LOAD ./src/sub-systemCode/Main/CMD/ADCS_CMD.o
LOAD ./src/sub-systemCode/Main/CMD/COMM_CMD.o
LOAD ./src/sub-systemCode/Main/CMD/EPS_CMD.o
LOAD ./src/sub-systemCode/Main/CMD/General_CMD.o
LOAD ./src/sub-systemCode/Main/CMD/SW_CMD.o
LOAD ./src/sub-systemCode/Main/CMD/payload_CMD.o
LOAD ./src/sub-systemCode/Main/Ants.o
LOAD ./src/sub-systemCode/Main/EPS.o
LOAD ./src/sub-systemCode/Main/HouseKeeping.o
LOAD ./src/sub-systemCode/Main/Main_Init.o
LOAD ./src/sub-systemCode/Main/commands.o
LOAD ./src/sub-systemCode/Global/GenericTaskSave.o
LOAD ./src/sub-systemCode/Global/Global.o
LOAD ./src/sub-systemCode/Global/GlobalParam.o
LOAD ./src/sub-systemCode/Global/OnlineTM.o
LOAD ./src/sub-systemCode/Global/TLM_management.o
LOAD ./src/sub-systemCode/Global/freertosExtended.o
LOAD ./src/sub-systemCode/Global/logger.o
LOAD ./src/sub-systemCode/CUF/CUF.o
LOAD ./src/sub-systemCode/CUF/uploadCodeTelemetry.o
LOAD ./src/sub-systemCode/COMM/APRS.o
LOAD ./src/sub-systemCode/COMM/DelayedCommand_list.o
LOAD ./src/sub-systemCode/COMM/GSC.o
LOAD ./src/sub-systemCode/COMM/TRXVU.o
LOAD ./src/sub-systemCode/ADCS/AdcsCommands.o
LOAD ./src/sub-systemCode/ADCS/AdcsGetDataAndTlm.o
LOAD ./src/sub-systemCode/ADCS/AdcsMain.o
LOAD ./src/sub-systemCode/ADCS/AdcsTroubleShooting.o
LOAD ./src/sub-systemCode/ADCS/StateMachine.o
LOAD ./src/main.o
LOAD C:/HOOPOE3/satellite-subsystems/demo/..//satellite-subsystems/lib\libSatelliteSubsystemsD.a
LOAD c:/isis/application/toolchain/bin/../lib/gcc/arm-none-eabi/4.7.4/../../../../arm-none-eabi/lib\libm.a
LOAD C:/HOOPOE3/satellite-subsystems/demo/../..//hal/hcc/lib\libHCCD.a
LOAD C:/HOOPOE3/satellite-subsystems/demo/../..//hal/hal/lib\libHALD.a
LOAD C:/HOOPOE3/satellite-subsystems/demo/../..//hal/freertos/lib\libFreeRTOSD.a
LOAD C:/HOOPOE3/satellite-subsystems/demo/../..//hal/at91/lib\libAt91D.a
START GROUP
LOAD c:/isis/application/toolchain/bin/../lib/gcc/arm-none-eabi/4.7.4\libgcc.a
LOAD c:/isis/application/toolchain/bin/../lib/gcc/arm-none-eabi/4.7.4/../../../../arm-none-eabi/lib\libc_s.a
END GROUP

.fixed          0x20000000    0x7e594
                0x20000000                . = ALIGN (0x4)
                0x20000000                _sfixed = .
 *(.startup)
 .startup       0x20000000      0x134 C:/HOOPOE3/satellite-subsystems/demo/../..//hal/at91/lib\libAt91D.a(board_cstartup.o)
                0x20000000                entry
 *(.text)
 .text          0x20000134       0x64 C:/HOOPOE3/satellite-subsystems/demo/../..//hal/at91/lib\libAt91D.a(cp15_asm.o)
                0x20000134                _readControlRegister
                0x20000140                _writeControlRegister
                0x20000148                _waitForInterrupt
                0x20000154                _writeTTB
                0x2000015c                _writeDomain
                0x20000164                _writeITLBLockdown
                0x2000016c                _prefetchICacheLine
                0x20000174                _flushDCache
                0x20000180                _flushWriteBuffer
                0x2000018c                _invalidateIDTLBs
 .text          0x20000198      0x114 c:/isis/application/toolchain/bin/../lib/gcc/arm-none-eabi/4.7.4\libgcc.a(_udivsi3.o)
                0x20000198                __aeabi_uidiv
                0x20000198                __udivsi3
                0x2000028c                __aeabi_uidivmod
 .text          0x200002ac      0x148 c:/isis/application/toolchain/bin/../lib/gcc/arm-none-eabi/4.7.4\libgcc.a(_divsi3.o)
                0x200002ac                __divsi3
                0x200002ac                __aeabi_idiv
                0x200003d4                __aeabi_idivmod
 .text          0x200003f4        0x4 c:/isis/application/toolchain/bin/../lib/gcc/arm-none-eabi/4.7.4\libgcc.a(_dvmd_tls.o)
                0x200003f4                __aeabi_idiv0
                0x200003f4                __aeabi_ldiv0
 .text          0x200003f8      0x41c c:/isis/application/toolchain/bin/../lib/gcc/arm-none-eabi/4.7.4\libgcc.a(_arm_addsubdf3.o)
                0x200003f8                __aeabi_drsub
                0x20000400                __aeabi_dsub
                0x20000400                __subdf3
                0x20000404                __aeabi_dadd
                0x20000404                __adddf3
                0x20000714                __floatunsidf
                0x20000714                __aeabi_ui2d
                0x20000738                __floatsidf
                0x20000738                __aeabi_i2d
                0x20000760                __aeabi_f2d
                0x20000760                __extendsfdf2
                0x200007a0                __floatundidf
                0x200007a0                __aeabi_ul2d
                0x200007b4                __floatdidf
                0x200007b4                __aeabi_l2d
 .text          0x20000814      0x49c c:/isis/application/toolchain/bin/../lib/gcc/arm-none-eabi/4.7.4\libgcc.a(_arm_muldivdf3.o)
                0x20000814                __aeabi_dmul
                0x20000814                __muldf3
                0x20000aa4                __divdf3
                0x20000aa4                __aeabi_ddiv
 .text          0x20000cb0      0x144 c:/isis/application/toolchain/bin/../lib/gcc/arm-none-eabi/4.7.4\libgcc.a(_arm_cmpdf2.o)
                0x20000cb0                __gtdf2
                0x20000cb0                __gedf2
                0x20000cb8                __ltdf2
                0x20000cb8                __ledf2
                0x20000cc0                __nedf2
                0x20000cc0                __eqdf2
                0x20000cc0                __cmpdf2
                0x20000d48                __aeabi_cdrcmple
                0x20000d64                __aeabi_cdcmpeq
                0x20000d64                __aeabi_cdcmple
                0x20000d7c                __aeabi_dcmpeq
                0x20000d94                __aeabi_dcmplt
                0x20000dac                __aeabi_dcmple
                0x20000dc4                __aeabi_dcmpge
                0x20000ddc                __aeabi_dcmpgt
 .text          0x20000df4       0x5c c:/isis/application/toolchain/bin/../lib/gcc/arm-none-eabi/4.7.4\libgcc.a(_arm_fixdfsi.o)
                0x20000df4                __aeabi_d2iz
                0x20000df4                __fixdfsi
 .text          0x20000e50       0x54 c:/isis/application/toolchain/bin/../lib/gcc/arm-none-eabi/4.7.4\libgcc.a(_arm_fixunsdfsi.o)
                0x20000e50                __aeabi_d2uiz
                0x20000e50                __fixunsdfsi
 .text          0x20000ea4       0xa0 c:/isis/application/toolchain/bin/../lib/gcc/arm-none-eabi/4.7.4\libgcc.a(_arm_truncdfsf2.o)
                0x20000ea4                __truncdfsf2
                0x20000ea4                __aeabi_d2f
 .text          0x20000f44      0x2ac c:/isis/application/toolchain/bin/../lib/gcc/arm-none-eabi/4.7.4\libgcc.a(_arm_addsubsf3.o)
                0x20000f44                __aeabi_frsub
                0x20000f4c                __subsf3
                0x20000f4c                __aeabi_fsub
                0x20000f50                __aeabi_fadd
                0x20000f50                __addsf3
                0x2000110c                __aeabi_ui2f
                0x2000110c                __floatunsisf
                0x20001114                __aeabi_i2f
                0x20001114                __floatsisf
                0x20001134                __aeabi_ul2f
                0x20001134                __floatundisf
                0x20001144                __aeabi_l2f
                0x20001144                __floatdisf
 .text          0x200011f0      0x2f8 c:/isis/application/toolchain/bin/../lib/gcc/arm-none-eabi/4.7.4\libgcc.a(_arm_muldivsf3.o)
                0x200011f0                __mulsf3
                0x200011f0                __aeabi_fmul
                0x20001388                __aeabi_fdiv
                0x20001388                __divsf3
 .text          0x200014e8      0x114 c:/isis/application/toolchain/bin/../lib/gcc/arm-none-eabi/4.7.4\libgcc.a(_arm_cmpsf2.o)
                0x200014e8                __gesf2
                0x200014e8                __gtsf2
                0x200014f0                __lesf2
                0x200014f0                __ltsf2
                0x200014f8                __nesf2
                0x200014f8                __eqsf2
                0x200014f8                __cmpsf2
                0x2000155c                __aeabi_cfrcmple
                0x2000156c                __aeabi_cfcmpeq
                0x2000156c                __aeabi_cfcmple
                0x20001584                __aeabi_fcmpeq
                0x2000159c                __aeabi_fcmplt
                0x200015b4                __aeabi_fcmple
                0x200015cc                __aeabi_fcmpge
                0x200015e4                __aeabi_fcmpgt
 .text          0x200015fc       0x5c c:/isis/application/toolchain/bin/../lib/gcc/arm-none-eabi/4.7.4\libgcc.a(_arm_fixsfsi.o)
                0x200015fc                __aeabi_f2iz
                0x200015fc                __fixsfsi
 .text          0x20001658       0x54 c:/isis/application/toolchain/bin/../lib/gcc/arm-none-eabi/4.7.4\libgcc.a(_arm_fixunssfsi.o)
                0x20001658                __fixunssfsi
                0x20001658                __aeabi_f2uiz
 *(.text*)
 .text.__cvt    0x200016ac      0x138 c:/isis/application/toolchain/bin/../lib/gcc/arm-none-eabi/4.7.4/../../../../arm-none-eabi/lib\libc_s.a(lib_a-vfprintf_float.o)
                0x200016ac                __cvt
 .text.__exponent
                0x200017e4       0xa8 c:/isis/application/toolchain/bin/../lib/gcc/arm-none-eabi/4.7.4/../../../../arm-none-eabi/lib\libc_s.a(lib_a-vfprintf_float.o)
                0x200017e4                __exponent
 .text._printf_float
                0x2000188c      0x7dc c:/isis/application/toolchain/bin/../lib/gcc/arm-none-eabi/4.7.4/../../../../arm-none-eabi/lib\libc_s.a(lib_a-vfprintf_float.o)
                0x2000188c                _printf_float
 .text._printf_common
                0x20002068      0x174 c:/isis/application/toolchain/bin/../lib/gcc/arm-none-eabi/4.7.4/../../../../arm-none-eabi/lib\libc_s.a(lib_a-vfprintf_i.o)
                0x20002068                _printf_common
 .text._printf_i
                0x200021dc      0x3c4 c:/isis/application/toolchain/bin/../lib/gcc/arm-none-eabi/4.7.4/../../../../arm-none-eabi/lib\libc_s.a(lib_a-vfprintf_i.o)
                0x200021dc                _printf_i
 .text._scanf_float
                0x200025a0      0x5f4 c:/isis/application/toolchain/bin/../lib/gcc/arm-none-eabi/4.7.4/../../../../arm-none-eabi/lib\libc_s.a(lib_a-vfscanf_float.o)
                0x200025a0                _scanf_float
 .text.quorem   0x20002b94      0x1ac c:/isis/application/toolchain/bin/../lib/gcc/arm-none-eabi/4.7.4/../../../../arm-none-eabi/lib\libc_s.a(lib_a-dtoa.o)
 .text._dtoa_r  0x20002d40     0x1268 c:/isis/application/toolchain/bin/../lib/gcc/arm-none-eabi/4.7.4/../../../../arm-none-eabi/lib\libc_s.a(lib_a-dtoa.o)
                0x20002d40                _dtoa_r
 .text._localeconv_r
                0x20003fa8        0xc c:/isis/application/toolchain/bin/../lib/gcc/arm-none-eabi/4.7.4/../../../../arm-none-eabi/lib\libc_s.a(lib_a-locale.o)
                0x20003fa8                _localeconv_r
 .text.malloc   0x20003fb4       0x20 c:/isis/application/toolchain/bin/../lib/gcc/arm-none-eabi/4.7.4/../../../../arm-none-eabi/lib\libc_s.a(lib_a-malloc.o)
                0x20003fb4                malloc
 .text.free     0x20003fd4       0x20 c:/isis/application/toolchain/bin/../lib/gcc/arm-none-eabi/4.7.4/../../../../arm-none-eabi/lib\libc_s.a(lib_a-malloc.o)
                0x20003fd4                free
 .text._malloc_r
                0x20003ff4       0xfc c:/isis/application/toolchain/bin/../lib/gcc/arm-none-eabi/4.7.4/../../../../arm-none-eabi/lib\libc_s.a(lib_a-mallocr.o)
                0x20003ff4                _malloc_r
 .text.memcpy   0x200040f0       0x20 c:/isis/application/toolchain/bin/../lib/gcc/arm-none-eabi/4.7.4/../../../../arm-none-eabi/lib\libc_s.a(lib_a-memcpy.o)
                0x200040f0                memcpy
 .text._Balloc  0x20004110       0xcc c:/isis/application/toolchain/bin/../lib/gcc/arm-none-eabi/4.7.4/../../../../arm-none-eabi/lib\libc_s.a(lib_a-mprec.o)
                0x20004110                _Balloc
 .text._Bfree   0x200041dc       0x5c c:/isis/application/toolchain/bin/../lib/gcc/arm-none-eabi/4.7.4/../../../../arm-none-eabi/lib\libc_s.a(lib_a-mprec.o)
                0x200041dc                _Bfree
 .text.__multadd
                0x20004238       0xbc c:/isis/application/toolchain/bin/../lib/gcc/arm-none-eabi/4.7.4/../../../../arm-none-eabi/lib\libc_s.a(lib_a-mprec.o)
                0x20004238                __multadd
 .text.__s2b    0x200042f4       0xd8 c:/isis/application/toolchain/bin/../lib/gcc/arm-none-eabi/4.7.4/../../../../arm-none-eabi/lib\libc_s.a(lib_a-mprec.o)
                0x200042f4                __s2b
 .text.__hi0bits
                0x200043cc       0x58 c:/isis/application/toolchain/bin/../lib/gcc/arm-none-eabi/4.7.4/../../../../arm-none-eabi/lib\libc_s.a(lib_a-mprec.o)
                0x200043cc                __hi0bits
 .text.__lo0bits
                0x20004424       0x94 c:/isis/application/toolchain/bin/../lib/gcc/arm-none-eabi/4.7.4/../../../../arm-none-eabi/lib\libc_s.a(lib_a-mprec.o)
                0x20004424                __lo0bits
 .text.__i2b    0x200044b8       0x24 c:/isis/application/toolchain/bin/../lib/gcc/arm-none-eabi/4.7.4/../../../../arm-none-eabi/lib\libc_s.a(lib_a-mprec.o)
                0x200044b8                __i2b
 .text.__multiply
                0x200044dc      0x1ac c:/isis/application/toolchain/bin/../lib/gcc/arm-none-eabi/4.7.4/../../../../arm-none-eabi/lib\libc_s.a(lib_a-mprec.o)
                0x200044dc                __multiply
 .text.__pow5mult
                0x20004688      0x10c c:/isis/application/toolchain/bin/../lib/gcc/arm-none-eabi/4.7.4/../../../../arm-none-eabi/lib\libc_s.a(lib_a-mprec.o)
                0x20004688                __pow5mult
 .text.__lshift
                0x20004794       0xf0 c:/isis/application/toolchain/bin/../lib/gcc/arm-none-eabi/4.7.4/../../../../arm-none-eabi/lib\libc_s.a(lib_a-mprec.o)
                0x20004794                __lshift
 .text.__mcmp   0x20004884       0x60 c:/isis/application/toolchain/bin/../lib/gcc/arm-none-eabi/4.7.4/../../../../arm-none-eabi/lib\libc_s.a(lib_a-mprec.o)
                0x20004884                __mcmp
 .text.__mdiff  0x200048e4      0x128 c:/isis/application/toolchain/bin/../lib/gcc/arm-none-eabi/4.7.4/../../../../arm-none-eabi/lib\libc_s.a(lib_a-mprec.o)
                0x200048e4                __mdiff
 .text.__ulp    0x20004a0c       0x5c c:/isis/application/toolchain/bin/../lib/gcc/arm-none-eabi/4.7.4/../../../../arm-none-eabi/lib\libc_s.a(lib_a-mprec.o)
                0x20004a0c                __ulp
 .text.__b2d    0x20004a68       0xc8 c:/isis/application/toolchain/bin/../lib/gcc/arm-none-eabi/4.7.4/../../../../arm-none-eabi/lib\libc_s.a(lib_a-mprec.o)
                0x20004a68                __b2d
 .text.__d2b    0x20004b30       0xfc c:/isis/application/toolchain/bin/../lib/gcc/arm-none-eabi/4.7.4/../../../../arm-none-eabi/lib\libc_s.a(lib_a-mprec.o)
                0x20004b30                __d2b
 .text.__ratio  0x20004c2c       0x70 c:/isis/application/toolchain/bin/../lib/gcc/arm-none-eabi/4.7.4/../../../../arm-none-eabi/lib\libc_s.a(lib_a-mprec.o)
                0x20004c2c                __ratio
 .text.__copybits
                0x20004c9c       0x4c c:/isis/application/toolchain/bin/../lib/gcc/arm-none-eabi/4.7.4/../../../../arm-none-eabi/lib\libc_s.a(lib_a-mprec.o)
                0x20004c9c                __copybits
 .text.__any_on
                0x20004ce8       0x7c c:/isis/application/toolchain/bin/../lib/gcc/arm-none-eabi/4.7.4/../../../../arm-none-eabi/lib\libc_s.a(lib_a-mprec.o)
                0x20004ce8                __any_on
 .text.__fpclassifyd
                0x20004d64       0x6c c:/isis/application/toolchain/bin/../lib/gcc/arm-none-eabi/4.7.4/../../../../arm-none-eabi/lib\libc_s.a(lib_a-s_fpclassify.o)
                0x20004d64                __fpclassifyd
 .text._sbrk_r  0x20004dd0       0x3c c:/isis/application/toolchain/bin/../lib/gcc/arm-none-eabi/4.7.4/../../../../arm-none-eabi/lib\libc_s.a(lib_a-sbrkr.o)
                0x20004dd0                _sbrk_r
 .text.nanf     0x20004e0c        0xc c:/isis/application/toolchain/bin/../lib/gcc/arm-none-eabi/4.7.4/../../../../arm-none-eabi/lib\libc_s.a(lib_a-sf_nan.o)
                0x20004e0c                nanf
 .text.sprintf  0x20004e18       0x6c c:/isis/application/toolchain/bin/../lib/gcc/arm-none-eabi/4.7.4/../../../../arm-none-eabi/lib\libc_s.a(lib_a-sprintf.o)
                0x20004e18                siprintf
                0x20004e18                sprintf
 .text.strcmp   0x20004e84       0x1c c:/isis/application/toolchain/bin/../lib/gcc/arm-none-eabi/4.7.4/../../../../arm-none-eabi/lib\libc_s.a(lib_a-strcmp.o)
                0x20004e84                strcmp
 .text.strlen   0x20004ea0       0x1c c:/isis/application/toolchain/bin/../lib/gcc/arm-none-eabi/4.7.4/../../../../arm-none-eabi/lib\libc_s.a(lib_a-strlen.o)
                0x20004ea0                strlen
 .text.match    0x20004ebc       0x54 c:/isis/application/toolchain/bin/../lib/gcc/arm-none-eabi/4.7.4/../../../../arm-none-eabi/lib\libc_s.a(lib_a-strtod.o)
 .text._strtod_r
                0x20004f10     0x1168 c:/isis/application/toolchain/bin/../lib/gcc/arm-none-eabi/4.7.4/../../../../arm-none-eabi/lib\libc_s.a(lib_a-strtod.o)
                0x20004f10                _strtod_r
 .text._strtol_r
                0x20006078      0x1b8 c:/isis/application/toolchain/bin/../lib/gcc/arm-none-eabi/4.7.4/../../../../arm-none-eabi/lib\libc_s.a(lib_a-strtol.o)
                0x20006078                _strtol_r
 .text.__ssputc_r
                0x20006230      0x10c c:/isis/application/toolchain/bin/../lib/gcc/arm-none-eabi/4.7.4/../../../../arm-none-eabi/lib\libc_s.a(lib_a-svfprintf.o)
                0x20006230                __ssputc_r
 .text._svfprintf_r
                0x2000633c      0x328 c:/isis/application/toolchain/bin/../lib/gcc/arm-none-eabi/4.7.4/../../../../arm-none-eabi/lib\libc_s.a(lib_a-svfprintf.o)
                0x2000633c                _svfiprintf_r
                0x2000633c                _svfprintf_r
 .text._calloc_r
                0x20006664       0x2c c:/isis/application/toolchain/bin/../lib/gcc/arm-none-eabi/4.7.4/../../../../arm-none-eabi/lib\libc_s.a(lib_a-callocr.o)
                0x20006664                _calloc_r
 .text._free_r  0x20006690      0x108 c:/isis/application/toolchain/bin/../lib/gcc/arm-none-eabi/4.7.4/../../../../arm-none-eabi/lib\libc_s.a(lib_a-freer.o)
                0x20006690                _free_r
 .text.rshift   0x20006798       0xb0 c:/isis/application/toolchain/bin/../lib/gcc/arm-none-eabi/4.7.4/../../../../arm-none-eabi/lib\libc_s.a(lib_a-gdtoa-gethex.o)
 .text.htinit.constprop.0
                0x20006848       0x34 c:/isis/application/toolchain/bin/../lib/gcc/arm-none-eabi/4.7.4/../../../../arm-none-eabi/lib\libc_s.a(lib_a-gdtoa-gethex.o)
 .text.__hexdig_init
                0x2000687c       0x38 c:/isis/application/toolchain/bin/../lib/gcc/arm-none-eabi/4.7.4/../../../../arm-none-eabi/lib\libc_s.a(lib_a-gdtoa-gethex.o)
                0x2000687c                __hexdig_init
 .text.__gethex
                0x200068b4      0x6cc c:/isis/application/toolchain/bin/../lib/gcc/arm-none-eabi/4.7.4/../../../../arm-none-eabi/lib\libc_s.a(lib_a-gdtoa-gethex.o)
                0x200068b4                __gethex
 .text.L_shift  0x20006f80       0x38 c:/isis/application/toolchain/bin/../lib/gcc/arm-none-eabi/4.7.4/../../../../arm-none-eabi/lib\libc_s.a(lib_a-gdtoa-hexnan.o)
 .text.__hexnan
                0x20006fb8      0x1d8 c:/isis/application/toolchain/bin/../lib/gcc/arm-none-eabi/4.7.4/../../../../arm-none-eabi/lib\libc_s.a(lib_a-gdtoa-hexnan.o)
                0x20006fb8                __hexnan
 .text.memchr   0x20007190       0x34 c:/isis/application/toolchain/bin/../lib/gcc/arm-none-eabi/4.7.4/../../../../arm-none-eabi/lib\libc_s.a(lib_a-memchr.o)
                0x20007190                memchr
 .text.memset   0x200071c4       0x1c c:/isis/application/toolchain/bin/../lib/gcc/arm-none-eabi/4.7.4/../../../../arm-none-eabi/lib\libc_s.a(lib_a-memset.o)
                0x200071c4                memset
 .text._realloc_r
                0x200071e0       0x80 c:/isis/application/toolchain/bin/../lib/gcc/arm-none-eabi/4.7.4/../../../../arm-none-eabi/lib\libc_s.a(lib_a-reallocr.o)
                0x200071e0                _realloc_r
 .text.strncmp  0x20007260       0x64 c:/isis/application/toolchain/bin/../lib/gcc/arm-none-eabi/4.7.4/../../../../arm-none-eabi/lib\libc_s.a(lib_a-strncmp.o)
                0x20007260                strncmp
 .text._malloc_usable_size_r
                0x200072c4       0x1c c:/isis/application/toolchain/bin/../lib/gcc/arm-none-eabi/4.7.4/../../../../arm-none-eabi/lib\libc_s.a(lib_a-msizer.o)
                0x200072c4                _malloc_usable_size_r
 .text.GetChunkFromImage
                0x200072e0      0x2d0 ./src/sub-systemCode/payload/Request Management/Dump/Butchering.o
                0x200072e0                GetChunkFromImage
 .text.SimpleButcher
                0x200075b0       0xd8 ./src/sub-systemCode/payload/Request Management/Dump/Butchering.o
                0x200075b0                SimpleButcher
 .text.readChunkDimentionsFromFRAM
                0x20007688       0x80 ./src/sub-systemCode/payload/Request Management/Dump/imageDump.o
                0x20007688                readChunkDimentionsFromFRAM
 .text.setChunkDimensions_inFRAM
                0x20007708      0x10c ./src/sub-systemCode/payload/Request Management/Dump/imageDump.o
                0x20007708                setChunkDimensions_inFRAM
 .text.getLastImageChunkIndex
                0x20007814      0x1bc ./src/sub-systemCode/payload/Request Management/Dump/imageDump.o
                0x20007814                getLastImageChunkIndex
 .text.find_subType_ofImage
                0x200079d0       0xe0 ./src/sub-systemCode/payload/Request Management/Dump/imageDump.o
                0x200079d0                find_subType_ofImage
 .text.buildAndSend_chunck
                0x20007ab0      0x320 ./src/sub-systemCode/payload/Request Management/Dump/imageDump.o
                0x20007ab0                buildAndSend_chunck
 .text.chunkField_imageDump
                0x20007dd0      0x258 ./src/sub-systemCode/payload/Request Management/Dump/imageDump.o
                0x20007dd0                chunkField_imageDump
 .text.bitField_imageDump
                0x20008028      0x23c ./src/sub-systemCode/payload/Request Management/Dump/imageDump.o
                0x20008028                bitField_imageDump
 .text.fileTypeDump
                0x20008264      0x174 ./src/sub-systemCode/payload/Request Management/Dump/imageDump.o
                0x20008264                fileTypeDump
 .text.imageDataBase_Dump
                0x200083d8      0x118 ./src/sub-systemCode/payload/Request Management/Dump/imageDump.o
                0x200083d8                imageDataBase_Dump
 .text.exitImageDumpTask
                0x200084f0       0x18 ./src/sub-systemCode/payload/Request Management/Dump/imageDump.o
 .text.imageDump_task
                0x20008508      0x41c ./src/sub-systemCode/payload/Request Management/Dump/imageDump.o
                0x20008508                imageDump_task
 .text.KickStartImageDumpTask
                0x20008924       0x60 ./src/sub-systemCode/payload/Request Management/Dump/imageDump.o
                0x20008924                KickStartImageDumpTask
 .text.SendGeckoRegisters
                0x20008984      0x194 ./src/sub-systemCode/payload/Request Management/Dump/imageDump.o
                0x20008984                SendGeckoRegisters
 .text.create_xAutomaticImageHandlingTaskSuspensionFlag
                0x20008b18       0x58 ./src/sub-systemCode/payload/Request Management/AutomaticImageHandler.o
                0x20008b18                create_xAutomaticImageHandlingTaskSuspensionFlag
 .text.get_automatic_image_handling_task_suspension_flag
                0x20008b70       0x68 ./src/sub-systemCode/payload/Request Management/AutomaticImageHandler.o
                0x20008b70                get_automatic_image_handling_task_suspension_flag
 .text.set_automatic_image_handling_task_suspension_flag
                0x20008bd8       0x5c ./src/sub-systemCode/payload/Request Management/AutomaticImageHandler.o
                0x20008bd8                set_automatic_image_handling_task_suspension_flag
 .text.create_xAutomaticImageHandlingReadyForLongTermStop
                0x20008c34       0x58 ./src/sub-systemCode/payload/Request Management/AutomaticImageHandler.o
                0x20008c34                create_xAutomaticImageHandlingReadyForLongTermStop
 .text.get_automatic_image_handling_ready_for_long_term_stop
                0x20008c8c       0x68 ./src/sub-systemCode/payload/Request Management/AutomaticImageHandler.o
                0x20008c8c                get_automatic_image_handling_ready_for_long_term_stop
 .text.set_automatic_image_handling_ready_for_long_term_stop
                0x20008cf4       0x5c ./src/sub-systemCode/payload/Request Management/AutomaticImageHandler.o
                0x20008cf4                set_automatic_image_handling_ready_for_long_term_stop
 .text.create_xAutomaticImageHandling_taskHandle
                0x20008d50       0x68 ./src/sub-systemCode/payload/Request Management/AutomaticImageHandler.o
                0x20008d50                create_xAutomaticImageHandling_taskHandle
 .text.suspendAutomaticImageHandlingTask
                0x20008db8       0x6c ./src/sub-systemCode/payload/Request Management/AutomaticImageHandler.o
                0x20008db8                suspendAutomaticImageHandlingTask
 .text.resumeAutomaticImageHandlingTask
                0x20008e24       0x64 ./src/sub-systemCode/payload/Request Management/AutomaticImageHandler.o
                0x20008e24                resumeAutomaticImageHandlingTask
 .text.checkIfInAutomaticImageHandlingTask
                0x20008e88       0x9c ./src/sub-systemCode/payload/Request Management/AutomaticImageHandler.o
                0x20008e88                checkIfInAutomaticImageHandlingTask
 .text.resumeAction
                0x20008f24       0x34 ./src/sub-systemCode/payload/Request Management/AutomaticImageHandler.o
                0x20008f24                resumeAction
 .text.stopAction
                0x20008f58       0x48 ./src/sub-systemCode/payload/Request Management/AutomaticImageHandler.o
                0x20008f58                stopAction
 .text.AutomaticImageHandlerTaskMain
                0x20008fa0       0xf4 ./src/sub-systemCode/payload/Request Management/AutomaticImageHandler.o
                0x20008fa0                AutomaticImageHandlerTaskMain
 .text.initAutomaticImageHandlerTask
                0x20009094       0x1c ./src/sub-systemCode/payload/Request Management/AutomaticImageHandler.o
                0x20009094                initAutomaticImageHandlerTask
 .text.KickStartAutomaticImageHandlerTask
                0x200090b0       0x90 ./src/sub-systemCode/payload/Request Management/AutomaticImageHandler.o
                0x200090b0                KickStartAutomaticImageHandlerTask
 .text.CameraManagerTaskMain
                0x20009140      0x148 ./src/sub-systemCode/payload/Request Management/CameraManeger.o
                0x20009140                CameraManagerTaskMain
 .text.setGeckoParametersInFRAM
                0x20009288       0x3c ./src/sub-systemCode/payload/Request Management/CameraManeger.o
                0x20009288                setGeckoParametersInFRAM
 .text.getGeckoParametersFromFRAM
                0x200092c4       0x3c ./src/sub-systemCode/payload/Request Management/CameraManeger.o
                0x200092c4                getGeckoParametersFromFRAM
 .text.createFolders
                0x20009300      0x2cc ./src/sub-systemCode/payload/Request Management/CameraManeger.o
                0x20009300                createFolders
 .text.initCamera
                0x200095cc      0x180 ./src/sub-systemCode/payload/Request Management/CameraManeger.o
                0x200095cc                initCamera
 .text.inner_init
                0x2000974c       0x40 ./src/sub-systemCode/payload/Request Management/CameraManeger.o
 .text.KickStartCamera
                0x2000978c       0xa4 ./src/sub-systemCode/payload/Request Management/CameraManeger.o
                0x2000978c                KickStartCamera
 .text.addRequestToQueue
                0x20009830       0xa8 ./src/sub-systemCode/payload/Request Management/CameraManeger.o
                0x20009830                addRequestToQueue
 .text.removeRequestFromQueue
                0x200098d8       0x7c ./src/sub-systemCode/payload/Request Management/CameraManeger.o
                0x200098d8                removeRequestFromQueue
 .text.resetQueue
                0x20009954       0x2c ./src/sub-systemCode/payload/Request Management/CameraManeger.o
                0x20009954                resetQueue
 .text.Take_pictures_with_time_in_between
                0x20009980      0x134 ./src/sub-systemCode/payload/Request Management/CameraManeger.o
                0x20009980                Take_pictures_with_time_in_between
 .text.act_upon_request
                0x20009ab4      0x5cc ./src/sub-systemCode/payload/Request Management/CameraManeger.o
                0x20009ab4                act_upon_request
 .text.send_request_to_reset_database
                0x2000a080       0x84 ./src/sub-systemCode/payload/Request Management/CameraManeger.o
                0x2000a080                send_request_to_reset_database
 .text.TakePicture
                0x2000a104       0x4c ./src/sub-systemCode/payload/Request Management/DB_RequestHandling.o
                0x2000a104                TakePicture
 .text.TakeSpecialPicture
                0x2000a150      0x130 ./src/sub-systemCode/payload/Request Management/DB_RequestHandling.o
                0x2000a150                TakeSpecialPicture
 .text.DeletePictureFile
                0x2000a280       0x88 ./src/sub-systemCode/payload/Request Management/DB_RequestHandling.o
                0x2000a280                DeletePictureFile
 .text.DeletePicture
                0x2000a308       0x6c ./src/sub-systemCode/payload/Request Management/DB_RequestHandling.o
                0x2000a308                DeletePicture
 .text.TransferPicture
                0x2000a374       0x54 ./src/sub-systemCode/payload/Request Management/DB_RequestHandling.o
                0x2000a374                TransferPicture
 .text.CreateThumbnail
                0x2000a3c8       0x80 ./src/sub-systemCode/payload/Request Management/DB_RequestHandling.o
                0x2000a3c8                CreateThumbnail
 .text.CreateJPG
                0x2000a448       0x7c ./src/sub-systemCode/payload/Request Management/DB_RequestHandling.o
                0x2000a448                CreateJPG
 .text.UpdatePhotographyValues
                0x2000a4c4       0xd8 ./src/sub-systemCode/payload/Request Management/DB_RequestHandling.o
                0x2000a4c4                UpdatePhotographyValues
 .text.setChunkDimensions
                0x2000a59c       0x74 ./src/sub-systemCode/payload/Request Management/DB_RequestHandling.o
                0x2000a59c                setChunkDimensions
 .text.GeckoSetRegister
                0x2000a610       0x6c ./src/sub-systemCode/payload/Request Management/DB_RequestHandling.o
                0x2000a610                GeckoSetRegister
 .text.convert2char
                0x2000a67c      0x14c ./src/sub-systemCode/payload/Misc/Boolean_bit.o
                0x2000a67c                convert2char
 .text.convert2byte
                0x2000a7c8      0x1c8 ./src/sub-systemCode/payload/Misc/Boolean_bit.o
                0x2000a7c8                convert2byte
 .text.bits2byte
                0x2000a990      0x17c ./src/sub-systemCode/payload/Misc/Boolean_bit.o
                0x2000a990                bits2byte
 .text.byte2bits
                0x2000ab0c      0x17c ./src/sub-systemCode/payload/Misc/Boolean_bit.o
                0x2000ab0c                byte2bits
 .text.char2bits
                0x2000ac88       0x44 ./src/sub-systemCode/payload/Misc/Boolean_bit.o
                0x2000ac88                char2bits
 .text.bits2char
                0x2000accc       0x3c ./src/sub-systemCode/payload/Misc/Boolean_bit.o
                0x2000accc                bits2char
 .text.ReadFromFile
                0x2000ad08       0x6c ./src/sub-systemCode/payload/Misc/FileSystem.o
                0x2000ad08                ReadFromFile
 .text.WriteToFile
                0x2000ad74       0x74 ./src/sub-systemCode/payload/Misc/FileSystem.o
                0x2000ad74                WriteToFile
 .text.gecko_power_mux_init
                0x2000ade8       0xb4 ./src/sub-systemCode/payload/Drivers/GeckoCameraDriver.o
                0x2000ade8                gecko_power_mux_init
 .text.gecko_power_mux_deinit
                0x2000ae9c       0x94 ./src/sub-systemCode/payload/Drivers/GeckoCameraDriver.o
                0x2000ae9c                gecko_power_mux_deinit
 .text.gecko_power_mux_get
                0x2000af30       0xe4 ./src/sub-systemCode/payload/Drivers/GeckoCameraDriver.o
                0x2000af30                gecko_power_mux_get
 .text.gecko_get_current_3v3
                0x2000b014       0x44 ./src/sub-systemCode/payload/Drivers/GeckoCameraDriver.o
                0x2000b014                gecko_get_current_3v3
 .text.gecko_get_voltage_3v3
                0x2000b058       0x44 ./src/sub-systemCode/payload/Drivers/GeckoCameraDriver.o
                0x2000b058                gecko_get_voltage_3v3
 .text.gecko_get_current_5v
                0x2000b09c       0x44 ./src/sub-systemCode/payload/Drivers/GeckoCameraDriver.o
                0x2000b09c                gecko_get_current_5v
 .text.gecko_get_voltage_5v
                0x2000b0e0       0x4c ./src/sub-systemCode/payload/Drivers/GeckoCameraDriver.o
                0x2000b0e0                gecko_get_voltage_5v
 .text.Initialized_GPIO
                0x2000b12c       0x54 ./src/sub-systemCode/payload/Drivers/GeckoCameraDriver.o
                0x2000b12c                Initialized_GPIO
 .text.De_Initialized_GPIO
                0x2000b180       0x3c ./src/sub-systemCode/payload/Drivers/GeckoCameraDriver.o
                0x2000b180                De_Initialized_GPIO
 .text.TurnOnGecko_gpio
                0x2000b1bc      0x150 ./src/sub-systemCode/payload/Drivers/GeckoCameraDriver.o
                0x2000b1bc                TurnOnGecko_gpio
 .text.TurnOffGecko_gpio
                0x2000b30c       0xc0 ./src/sub-systemCode/payload/Drivers/GeckoCameraDriver.o
                0x2000b30c                TurnOffGecko_gpio
 .text.create_xGeckoStateSemaphore
                0x2000b3cc       0x58 ./src/sub-systemCode/payload/Drivers/GeckoCameraDriver.o
                0x2000b3cc                create_xGeckoStateSemaphore
 .text.set_gecko_state
                0x2000b424       0x7c ./src/sub-systemCode/payload/Drivers/GeckoCameraDriver.o
                0x2000b424                set_gecko_state
 .text.TurnOnGecko
                0x2000b4a0       0x1c ./src/sub-systemCode/payload/Drivers/GeckoCameraDriver.o
                0x2000b4a0                TurnOnGecko
 .text.TurnOffGecko
                0x2000b4bc       0x1c ./src/sub-systemCode/payload/Drivers/GeckoCameraDriver.o
                0x2000b4bc                TurnOffGecko
 .text.getPIOs  0x2000b4d8      0x138 ./src/sub-systemCode/payload/Drivers/GeckoCameraDriver.o
                0x2000b4d8                getPIOs
 .text.initGecko
                0x2000b610       0x3c ./src/sub-systemCode/payload/Drivers/GeckoCameraDriver.o
                0x2000b610                initGecko
 .text.GECKO_Reset
                0x2000b64c       0x14 ./src/sub-systemCode/payload/Drivers/GeckoCameraDriver.o
                0x2000b64c                GECKO_Reset
 .text.GECKO_TakeImage
                0x2000b660      0x2c4 ./src/sub-systemCode/payload/Drivers/GeckoCameraDriver.o
                0x2000b660                GECKO_TakeImage
 .text.GECKO_ReadImage
                0x2000b924      0x26c ./src/sub-systemCode/payload/Drivers/GeckoCameraDriver.o
                0x2000b924                GECKO_ReadImage
 .text.GECKO_EraseBlock
                0x2000bb90       0xdc ./src/sub-systemCode/payload/Drivers/GeckoCameraDriver.o
                0x2000bb90                GECKO_EraseBlock
 .text.GECKO_GetRegister
                0x2000bc6c       0x68 ./src/sub-systemCode/payload/Drivers/GeckoCameraDriver.o
                0x2000bc6c                GECKO_GetRegister
 .text.GECKO_SetRegister
                0x2000bcd4       0x68 ./src/sub-systemCode/payload/Drivers/GeckoCameraDriver.o
                0x2000bcd4                GECKO_SetRegister
 .text.getFileName
                0x2000bd3c      0x1f8 ./src/sub-systemCode/payload/DataBase/DataBase.o
 .text.zeroImageDataBase
                0x2000bf34       0x90 ./src/sub-systemCode/payload/DataBase/DataBase.o
                0x2000bf34                zeroImageDataBase
 .text.updateGeneralDataBaseParameters
                0x2000bfc4       0x5c ./src/sub-systemCode/payload/DataBase/DataBase.o
                0x2000bfc4                updateGeneralDataBaseParameters
 .text.SearchDataBase_byID
                0x2000c020       0xe8 ./src/sub-systemCode/payload/DataBase/DataBase.o
                0x2000c020                SearchDataBase_byID
 .text.SearchDataBase_byMark
                0x2000c108       0xb8 ./src/sub-systemCode/payload/DataBase/DataBase.o
                0x2000c108                SearchDataBase_byMark
 .text.SearchDataBase_forLatestMarkedImage
                0x2000c1c0       0x38 ./src/sub-systemCode/payload/DataBase/DataBase.o
                0x2000c1c0                SearchDataBase_forLatestMarkedImage
 .text.SearchDataBase_byTimeRange
                0x2000c1f8      0x148 ./src/sub-systemCode/payload/DataBase/DataBase.o
                0x2000c1f8                SearchDataBase_byTimeRange
 .text.SearchDataBase_forImageFileType_byTimeRange
                0x2000c340      0x118 ./src/sub-systemCode/payload/DataBase/DataBase.o
                0x2000c340                SearchDataBase_forImageFileType_byTimeRange
 .text.checkForFileType
                0x2000c458       0x74 ./src/sub-systemCode/payload/DataBase/DataBase.o
                0x2000c458                checkForFileType
 .text.updateFileTypes
                0x2000c4cc       0xdc ./src/sub-systemCode/payload/DataBase/DataBase.o
                0x2000c4cc                updateFileTypes
 .text.GetImageFactor
                0x2000c5a8       0x58 ./src/sub-systemCode/payload/DataBase/DataBase.o
                0x2000c5a8                GetImageFactor
 .text.readImageFromBuffer
                0x2000c600      0x12c ./src/sub-systemCode/payload/DataBase/DataBase.o
                0x2000c600                readImageFromBuffer
 .text.saveImageToBuffer
                0x2000c72c      0x12c ./src/sub-systemCode/payload/DataBase/DataBase.o
                0x2000c72c                saveImageToBuffer
 .text.getLatestID
                0x2000c858       0x48 ./src/sub-systemCode/payload/DataBase/DataBase.o
                0x2000c858                getLatestID
 .text.getNumberOfFrames
                0x2000c8a0       0x4c ./src/sub-systemCode/payload/DataBase/DataBase.o
                0x2000c8a0                getNumberOfFrames
 .text.getDataBaseStart
                0x2000c8ec       0x20 ./src/sub-systemCode/payload/DataBase/DataBase.o
                0x2000c8ec                getDataBaseStart
 .text.getDataBaseEnd
                0x2000c90c       0x20 ./src/sub-systemCode/payload/DataBase/DataBase.o
                0x2000c90c                getDataBaseEnd
 .text.setDataBaseValues
                0x2000c92c       0xd0 ./src/sub-systemCode/payload/DataBase/DataBase.o
                0x2000c92c                setDataBaseValues
 .text.initImageDataBase
                0x2000c9fc       0xd4 ./src/sub-systemCode/payload/DataBase/DataBase.o
                0x2000c9fc                initImageDataBase
 .text.resetImageDataBase
                0x2000cad0       0x98 ./src/sub-systemCode/payload/DataBase/DataBase.o
                0x2000cad0                resetImageDataBase
 .text.setCameraPhotographyValues
                0x2000cb68      0x130 ./src/sub-systemCode/payload/DataBase/DataBase.o
                0x2000cb68                setCameraPhotographyValues
 .text.transferImageToSD_withoutSearch
                0x2000cc98      0x180 ./src/sub-systemCode/payload/DataBase/DataBase.o
                0x2000cc98                transferImageToSD_withoutSearch
 .text.transferImageToSD
                0x2000ce18       0xbc ./src/sub-systemCode/payload/DataBase/DataBase.o
                0x2000ce18                transferImageToSD
 .text.DeleteImageFromOBC_withoutSearch
                0x2000ced4      0x100 ./src/sub-systemCode/payload/DataBase/DataBase.o
                0x2000ced4                DeleteImageFromOBC_withoutSearch
 .text.DeleteImageFromOBC
                0x2000cfd4       0xbc ./src/sub-systemCode/payload/DataBase/DataBase.o
                0x2000cfd4                DeleteImageFromOBC
 .text.DeleteImageFromPayload
                0x2000d090      0x2bc ./src/sub-systemCode/payload/DataBase/DataBase.o
                0x2000d090                DeleteImageFromPayload
 .text.clearImageDataBase
                0x2000d34c      0x190 ./src/sub-systemCode/payload/DataBase/DataBase.o
                0x2000d34c                clearImageDataBase
 .text.handleMarkedPictures
                0x2000d4dc      0x2e8 ./src/sub-systemCode/payload/DataBase/DataBase.o
                0x2000d4dc                handleMarkedPictures
 .text.writeNewImageMetaDataToFRAM
                0x2000d7c4      0x234 ./src/sub-systemCode/payload/DataBase/DataBase.o
                0x2000d7c4                writeNewImageMetaDataToFRAM
 .text.takePicture
                0x2000d9f8      0x4f0 ./src/sub-systemCode/payload/DataBase/DataBase.o
                0x2000d9f8                takePicture
 .text.takePicture_withSpecialParameters
                0x2000dee8       0xf4 ./src/sub-systemCode/payload/DataBase/DataBase.o
                0x2000dee8                takePicture_withSpecialParameters
 .text.GetImageFileName_withSpecialParameters
                0x2000dfdc       0x9c ./src/sub-systemCode/payload/DataBase/DataBase.o
                0x2000dfdc                GetImageFileName_withSpecialParameters
 .text.GetImageFileName
                0x2000e078       0x9c ./src/sub-systemCode/payload/DataBase/DataBase.o
                0x2000e078                GetImageFileName
 .text.getDataBaseSize
                0x2000e114       0x20 ./src/sub-systemCode/payload/DataBase/DataBase.o
                0x2000e114                getDataBaseSize
 .text.getImageDataBaseBuffer
                0x2000e134      0x144 ./src/sub-systemCode/payload/DataBase/DataBase.o
                0x2000e134                getImageDataBaseBuffer
 .text.setAutoThumbnailCreation
                0x2000e278       0x30 ./src/sub-systemCode/payload/DataBase/DataBase.o
                0x2000e278                setAutoThumbnailCreation
 .text.Gecko_TroubleShooter
                0x2000e2a8       0xe4 ./src/sub-systemCode/payload/DataBase/DataBase.o
                0x2000e2a8                Gecko_TroubleShooter
 .text.TransformRawToBMP
                0x2000e38c      0x1b8 ./src/sub-systemCode/payload/Compression/jpeg/bmp/rawToBMP.o
                0x2000e38c                TransformRawToBMP
 .text.interpolate
                0x2000e544      0x8d0 ./src/sub-systemCode/payload/Compression/jpeg/bmp/rawToBMP.o
                0x2000e544                interpolate
 .text.getInputAt
                0x2000ee14      0x288 ./src/sub-systemCode/payload/Compression/jpeg/bmp/rawToBMP.o
                0x2000ee14                getInputAt
 .text.f_writeF_FILEHeader
                0x2000f09c      0x2d8 ./src/sub-systemCode/payload/Compression/jpeg/bmp/rawToBMP.o
                0x2000f09c                f_writeF_FILEHeader
 .text.f_writeOutputRow
                0x2000f374       0xa4 ./src/sub-systemCode/payload/Compression/jpeg/bmp/rawToBMP.o
                0x2000f374                f_writeOutputRow
 .text.dct      0x2000f418      0x9c4 ./src/sub-systemCode/payload/Compression/jpeg/DCT.o
                0x2000f418                dct
 .text.JPEG_compressor
                0x2000fddc       0xac ./src/sub-systemCode/payload/Compression/jpeg/ImgCompressor.o
                0x2000fddc                JPEG_compressor
 .text.Create_BMP_File
                0x2000fe88       0xf4 ./src/sub-systemCode/payload/Compression/jpeg/ImgCompressor.o
                0x2000fe88                Create_BMP_File
 .text.CompressImage
                0x2000ff7c      0x1b4 ./src/sub-systemCode/payload/Compression/jpeg/ImgCompressor.o
                0x2000ff7c                CompressImage
 .text.clamp    0x20010130       0x60 ./src/sub-systemCode/payload/Compression/jpeg/color_conv.o
                0x20010130                clamp
 .text.RGB_to_YCC
                0x20010190      0x1a8 ./src/sub-systemCode/payload/Compression/jpeg/color_conv.o
                0x20010190                RGB_to_YCC
 .text.RGB_to_Y
                0x20010338       0xc4 ./src/sub-systemCode/payload/Compression/jpeg/color_conv.o
                0x20010338                RGB_to_Y
 .text.Y_to_YCC
                0x200103fc       0x88 ./src/sub-systemCode/payload/Compression/jpeg/color_conv.o
                0x200103fc                Y_to_YCC
 .text.compress_image_to_jpeg_file
                0x20010484      0x1ac ./src/sub-systemCode/payload/Compression/jpeg/jpeg.o
                0x20010484                compress_image_to_jpeg_file
 .text.compress_image_to_jpeg_file_in_memory
                0x20010630      0x1fc ./src/sub-systemCode/payload/Compression/jpeg/jpeg.o
                0x20010630                compress_image_to_jpeg_file_in_memory
 .text.emit_marker
                0x2001082c       0xc8 ./src/sub-systemCode/payload/Compression/jpeg/jpeg_encoder.o
                0x2001082c                emit_marker
 .text.emit_byte
                0x200108f4       0x6c ./src/sub-systemCode/payload/Compression/jpeg/jpeg_encoder.o
                0x200108f4                emit_byte
 .text.emit_word
                0x20010960       0xd0 ./src/sub-systemCode/payload/Compression/jpeg/jpeg_encoder.o
                0x20010960                emit_word
 .text.emit_jfif_app0
                0x20010a30       0xc0 ./src/sub-systemCode/payload/Compression/jpeg/jpeg_encoder.o
                0x20010a30                emit_jfif_app0
 .text.emit_dqt
                0x20010af0       0xd8 ./src/sub-systemCode/payload/Compression/jpeg/jpeg_encoder.o
                0x20010af0                emit_dqt
 .text.emit_sof
                0x20010bc8      0x14c ./src/sub-systemCode/payload/Compression/jpeg/jpeg_encoder.o
                0x20010bc8                emit_sof
 .text.emit_dht
                0x20010d14      0x138 ./src/sub-systemCode/payload/Compression/jpeg/jpeg_encoder.o
                0x20010d14                emit_dht
 .text.emit_dhts
                0x20010e4c       0xd8 ./src/sub-systemCode/payload/Compression/jpeg/jpeg_encoder.o
                0x20010e4c                emit_dhts
 .text.emit_sos
                0x20010f24       0xec ./src/sub-systemCode/payload/Compression/jpeg/jpeg_encoder.o
                0x20010f24                emit_sos
 .text.emit_markers
                0x20011010       0x4c ./src/sub-systemCode/payload/Compression/jpeg/jpeg_encoder.o
                0x20011010                emit_markers
 .text.compute_huffman_table
                0x2001105c      0x334 ./src/sub-systemCode/payload/Compression/jpeg/jpeg_encoder.o
                0x2001105c                compute_huffman_table
 .text.compute_quant_table
                0x20011390      0x11c ./src/sub-systemCode/payload/Compression/jpeg/jpeg_encoder.o
                0x20011390                compute_quant_table
 .text.first_pass_init
                0x200114ac       0x54 ./src/sub-systemCode/payload/Compression/jpeg/jpeg_encoder.o
                0x200114ac                first_pass_init
 .text.second_pass_init
                0x20011500      0x110 ./src/sub-systemCode/payload/Compression/jpeg/jpeg_encoder.o
                0x20011500                second_pass_init
 .text.jpg_open
                0x20011610      0x7b4 ./src/sub-systemCode/payload/Compression/jpeg/jpeg_encoder.o
                0x20011610                jpg_open
 .text.load_block_8_8_grey
                0x20011dc4      0x164 ./src/sub-systemCode/payload/Compression/jpeg/jpeg_encoder.o
                0x20011dc4                load_block_8_8_grey
 .text.load_block_8_8
                0x20011f28      0x198 ./src/sub-systemCode/payload/Compression/jpeg/jpeg_encoder.o
                0x20011f28                load_block_8_8
 .text.load_block_16_8
                0x200120c0      0x3cc ./src/sub-systemCode/payload/Compression/jpeg/jpeg_encoder.o
                0x200120c0                load_block_16_8
 .text.load_block_16_8_8
                0x2001248c      0x2a8 ./src/sub-systemCode/payload/Compression/jpeg/jpeg_encoder.o
                0x2001248c                load_block_16_8_8
 .text.load_coefficients
                0x20012734      0x1c8 ./src/sub-systemCode/payload/Compression/jpeg/jpeg_encoder.o
                0x20012734                load_coefficients
 .text.flush_output_buffer
                0x200128fc       0xa0 ./src/sub-systemCode/payload/Compression/jpeg/jpeg_encoder.o
                0x200128fc                flush_output_buffer
 .text.put_bits
                0x2001299c      0x170 ./src/sub-systemCode/payload/Compression/jpeg/jpeg_encoder.o
                0x2001299c                put_bits
 .text.code_coefficients_pass_two
                0x20012b0c      0x338 ./src/sub-systemCode/payload/Compression/jpeg/jpeg_encoder.o
                0x20012b0c                code_coefficients_pass_two
 .text.code_block
                0x20012e44       0x44 ./src/sub-systemCode/payload/Compression/jpeg/jpeg_encoder.o
                0x20012e44                code_block
 .text.process_mcu_row
                0x20012e88      0x328 ./src/sub-systemCode/payload/Compression/jpeg/jpeg_encoder.o
                0x20012e88                process_mcu_row
 .text.terminate_pass_two
                0x200131b0       0x44 ./src/sub-systemCode/payload/Compression/jpeg/jpeg_encoder.o
                0x200131b0                terminate_pass_two
 .text.process_end_of_image
                0x200131f4       0xc0 ./src/sub-systemCode/payload/Compression/jpeg/jpeg_encoder.o
                0x200131f4                process_end_of_image
 .text.load_mcu
                0x200132b4      0x29c ./src/sub-systemCode/payload/Compression/jpeg/jpeg_encoder.o
                0x200132b4                load_mcu
 .text.clear    0x20013550      0x1e0 ./src/sub-systemCode/payload/Compression/jpeg/jpeg_encoder.o
                0x20013550                clear
 .text.init     0x20013730       0xe4 ./src/sub-systemCode/payload/Compression/jpeg/jpeg_encoder.o
                0x20013730                init
 .text.deinit   0x20013814      0x160 ./src/sub-systemCode/payload/Compression/jpeg/jpeg_encoder.o
                0x20013814                deinit
 .text.process_scanline
                0x20013974       0x6c ./src/sub-systemCode/payload/Compression/jpeg/jpeg_encoder.o
                0x20013974                process_scanline
 .text.jpge_malloc
                0x200139e0       0x28 ./src/sub-systemCode/payload/Compression/jpeg/jpeg_memory_alloc.o
                0x200139e0                jpge_malloc
 .text.jpge_cmalloc
                0x20013a08       0x48 ./src/sub-systemCode/payload/Compression/jpeg/jpeg_memory_alloc.o
                0x20013a08                jpge_cmalloc
 .text.jpge_free
                0x20013a50       0x24 ./src/sub-systemCode/payload/Compression/jpeg/jpeg_memory_alloc.o
                0x20013a50                jpge_free
 .text.check    0x20013a74       0x78 ./src/sub-systemCode/payload/Compression/jpeg/jpeg_params.o
                0x20013a74                check
 .text.open_jpeg_file
                0x20013aec       0xfc ./src/sub-systemCode/payload/Compression/jpeg/output_stream.o
                0x20013aec                open_jpeg_file
 .text.close_jpeg_file
                0x20013be8      0x118 ./src/sub-systemCode/payload/Compression/jpeg/output_stream.o
                0x20013be8                close_jpeg_file
 .text.init_jpeg_mem
                0x20013d00       0x7c ./src/sub-systemCode/payload/Compression/jpeg/output_stream.o
                0x20013d00                init_jpeg_mem
 .text.close_jpeg_mem
                0x20013d7c       0x60 ./src/sub-systemCode/payload/Compression/jpeg/output_stream.o
                0x20013d7c                close_jpeg_mem
 .text.put_buf  0x20013ddc      0x258 ./src/sub-systemCode/payload/Compression/jpeg/output_stream.o
                0x20013ddc                put_buf
 .text.get_size
                0x20014034       0x7c ./src/sub-systemCode/payload/Compression/jpeg/output_stream.o
                0x20014034                get_size
 .text.GetBayerPixel
                0x200140b0       0xe8 ./src/sub-systemCode/payload/Compression/ImageConversion.o
 .text.BinImage
                0x20014198      0x2c8 ./src/sub-systemCode/payload/Compression/ImageConversion.o
                0x20014198                BinImage
 .text.ImageSkipping
                0x20014460      0x2ac ./src/sub-systemCode/payload/Compression/ImageConversion.o
                0x20014460                ImageSkipping
 .text.CreateImageThumbnail_withoutSearch
                0x2001470c      0x158 ./src/sub-systemCode/payload/Compression/ImageConversion.o
                0x2001470c                CreateImageThumbnail_withoutSearch
 .text.CreateImageThumbnail
                0x20014864       0x9c ./src/sub-systemCode/payload/Compression/ImageConversion.o
                0x20014864                CreateImageThumbnail
 .text.compressImage
                0x20014900      0x184 ./src/sub-systemCode/payload/Compression/ImageConversion.o
                0x20014900                compressImage
 .text.AdcsCmdQueueInit
                0x20014a84       0x4c ./src/sub-systemCode/Main/CMD/ADCS_CMD.o
                0x20014a84                AdcsCmdQueueInit
 .text.AdcsCmdQueueGet
                0x20014ad0       0x8c ./src/sub-systemCode/Main/CMD/ADCS_CMD.o
                0x20014ad0                AdcsCmdQueueGet
 .text.AdcsCmdQueueAdd
                0x20014b5c       0x74 ./src/sub-systemCode/Main/CMD/ADCS_CMD.o
                0x20014b5c                AdcsCmdQueueAdd
 .text.AdcsCmdQueueIsEmpty
                0x20014bd0       0x3c ./src/sub-systemCode/Main/CMD/ADCS_CMD.o
                0x20014bd0                AdcsCmdQueueIsEmpty
 .text.getAdcsQueueWaitPointer
                0x20014c0c       0x20 ./src/sub-systemCode/Main/CMD/ADCS_CMD.o
                0x20014c0c                getAdcsQueueWaitPointer
 .text.cmd_mute
                0x20014c2c       0xf4 ./src/sub-systemCode/Main/CMD/COMM_CMD.o
                0x20014c2c                cmd_mute
 .text.cmd_unmute
                0x20014d20       0x90 ./src/sub-systemCode/Main/CMD/COMM_CMD.o
                0x20014d20                cmd_unmute
 .text.cmd_active_trans
                0x20014db0       0xc0 ./src/sub-systemCode/Main/CMD/COMM_CMD.o
                0x20014db0                cmd_active_trans
 .text.cmd_shut_trans
                0x20014e70       0x8c ./src/sub-systemCode/Main/CMD/COMM_CMD.o
                0x20014e70                cmd_shut_trans
 .text.cmd_change_trans_rssi
                0x20014efc      0x140 ./src/sub-systemCode/Main/CMD/COMM_CMD.o
                0x20014efc                cmd_change_trans_rssi
 .text.cmd_aprs_dump
                0x2001503c       0x38 ./src/sub-systemCode/Main/CMD/COMM_CMD.o
                0x2001503c                cmd_aprs_dump
 .text.cmd_stop_dump
                0x20015074       0x8c ./src/sub-systemCode/Main/CMD/COMM_CMD.o
                0x20015074                cmd_stop_dump
 .text.cmd_time_frequency
                0x20015100       0xf8 ./src/sub-systemCode/Main/CMD/COMM_CMD.o
                0x20015100                cmd_time_frequency
 .text.cmd_change_def_bit_rate
                0x200151f8      0x1a8 ./src/sub-systemCode/Main/CMD/COMM_CMD.o
                0x200151f8                cmd_change_def_bit_rate
 .text.cmd_upload_volt_logic
                0x200153a0      0x370 ./src/sub-systemCode/Main/CMD/EPS_CMD.o
                0x200153a0                cmd_upload_volt_logic
 .text.cmd_upload_volt_COMM
                0x20015710      0x240 ./src/sub-systemCode/Main/CMD/EPS_CMD.o
                0x20015710                cmd_upload_volt_COMM
 .text.cmd_heater_temp
                0x20015950       0xe4 ./src/sub-systemCode/Main/CMD/EPS_CMD.o
                0x20015950                cmd_heater_temp
 .text.cmd_SHUT_CAM
                0x20015a34       0x78 ./src/sub-systemCode/Main/CMD/EPS_CMD.o
                0x20015a34                cmd_SHUT_CAM
 .text.cmd_SHUT_ADCS
                0x20015aac       0x78 ./src/sub-systemCode/Main/CMD/EPS_CMD.o
                0x20015aac                cmd_SHUT_ADCS
 .text.cmd_allow_CAM
                0x20015b24       0x78 ./src/sub-systemCode/Main/CMD/EPS_CMD.o
                0x20015b24                cmd_allow_CAM
 .text.cmd_allow_ADCS
                0x20015b9c       0x78 ./src/sub-systemCode/Main/CMD/EPS_CMD.o
                0x20015b9c                cmd_allow_ADCS
 .text.cmd_update_alpha
                0x20015c14      0x120 ./src/sub-systemCode/Main/CMD/EPS_CMD.o
                0x20015c14                cmd_update_alpha
 .text.cmd_resetGWT
                0x20015d34       0xa4 ./src/sub-systemCode/Main/CMD/EPS_CMD.o
                0x20015d34                cmd_resetGWT
 .text.cmd_generic_I2C
                0x20015dd8       0xe4 ./src/sub-systemCode/Main/CMD/General_CMD.o
                0x20015dd8                cmd_generic_I2C
 .text.cmd_dump
                0x20015ebc       0xfc ./src/sub-systemCode/Main/CMD/General_CMD.o
                0x20015ebc                cmd_dump
 .text.cmd_delete_TM
                0x20015fb8      0x24c ./src/sub-systemCode/Main/CMD/General_CMD.o
                0x20015fb8                cmd_delete_TM
 .text.cmd_reset_file
                0x20016204      0x130 ./src/sub-systemCode/Main/CMD/General_CMD.o
                0x20016204                cmd_reset_file
 .text.cmd_format_SD
                0x20016334       0xb8 ./src/sub-systemCode/Main/CMD/General_CMD.o
                0x20016334                cmd_format_SD
 .text.cmd_dummy_func
                0x200163ec       0x38 ./src/sub-systemCode/Main/CMD/General_CMD.o
                0x200163ec                cmd_dummy_func
 .text.cmd_reset_TLM_SD
                0x20016424       0x54 ./src/sub-systemCode/Main/CMD/General_CMD.o
                0x20016424                cmd_reset_TLM_SD
 .text.cmd_stop_TM
                0x20016478       0x7c ./src/sub-systemCode/Main/CMD/General_CMD.o
                0x20016478                cmd_stop_TM
 .text.cmd_resume_TM
                0x200164f4       0x7c ./src/sub-systemCode/Main/CMD/General_CMD.o
                0x200164f4                cmd_resume_TM
 .text.cmd_soft_reset_cmponent
                0x20016570       0xd0 ./src/sub-systemCode/Main/CMD/General_CMD.o
                0x20016570                cmd_soft_reset_cmponent
 .text.cmd_hard_reset_cmponent
                0x20016640       0xd0 ./src/sub-systemCode/Main/CMD/General_CMD.o
                0x20016640                cmd_hard_reset_cmponent
 .text.cmd_reset_satellite
                0x20016710       0x90 ./src/sub-systemCode/Main/CMD/General_CMD.o
                0x20016710                cmd_reset_satellite
 .text.cmd_gracefull_reset_satellite
                0x200167a0       0x90 ./src/sub-systemCode/Main/CMD/General_CMD.o
                0x200167a0                cmd_gracefull_reset_satellite
 .text.cmd_upload_time
                0x20016830       0xc4 ./src/sub-systemCode/Main/CMD/General_CMD.o
                0x20016830                cmd_upload_time
 .text.cmd_ARM_DIARM
                0x200168f4      0x104 ./src/sub-systemCode/Main/CMD/General_CMD.o
                0x200168f4                cmd_ARM_DIARM
 .text.cmd_deploy_ants
                0x200169f8       0xcc ./src/sub-systemCode/Main/CMD/General_CMD.o
                0x200169f8                cmd_deploy_ants
 .text.cmd_get_onlineTM
                0x20016ac4      0x220 ./src/sub-systemCode/Main/CMD/General_CMD.o
                0x20016ac4                cmd_get_onlineTM
 .text.cmd_reset_off_line
                0x20016ce4       0x74 ./src/sub-systemCode/Main/CMD/General_CMD.o
                0x20016ce4                cmd_reset_off_line
 .text.cmd_add_item_off_line
                0x20016d58      0x124 ./src/sub-systemCode/Main/CMD/General_CMD.o
                0x20016d58                cmd_add_item_off_line
 .text.cmd_delete_item_off_line
                0x20016e7c       0xb0 ./src/sub-systemCode/Main/CMD/General_CMD.o
                0x20016e7c                cmd_delete_item_off_line
 .text.cmd_get_off_line_setting
                0x20016f2c      0x1cc ./src/sub-systemCode/Main/CMD/General_CMD.o
                0x20016f2c                cmd_get_off_line_setting
 .text.cmd_reset_delayed_command_list
                0x200170f8       0x38 ./src/sub-systemCode/Main/CMD/SW_CMD.o
                0x200170f8                cmd_reset_delayed_command_list
 .text.cmd_reset_APRS_list
                0x20017130       0x3c ./src/sub-systemCode/Main/CMD/SW_CMD.o
                0x20017130                cmd_reset_APRS_list
 .text.cmd_reset_FRAM
                0x2001716c      0x108 ./src/sub-systemCode/Main/CMD/SW_CMD.o
                0x2001716c                cmd_reset_FRAM
 .text.cmd_FRAM_read
                0x20017274      0x270 ./src/sub-systemCode/Main/CMD/SW_CMD.o
                0x20017274                cmd_FRAM_read
 .text.cmd_FRAM_write
                0x200174e4      0x114 ./src/sub-systemCode/Main/CMD/SW_CMD.o
                0x200174e4                cmd_FRAM_write
 .text.init_Ants
                0x200175f8       0x90 ./src/sub-systemCode/Main/Ants.o
                0x200175f8                init_Ants
 .text.ARM_ants
                0x20017688       0xb8 ./src/sub-systemCode/Main/Ants.o
                0x20017688                ARM_ants
 .text.DISARM_ants
                0x20017740       0xf0 ./src/sub-systemCode/Main/Ants.o
                0x20017740                DISARM_ants
 .text.deploye_ants
                0x20017830       0x90 ./src/sub-systemCode/Main/Ants.o
                0x20017830                deploye_ants
 .text.checkDeployAttempt
                0x200178c0      0x180 ./src/sub-systemCode/Main/Ants.o
                0x200178c0                checkDeployAttempt
 .text.reset_deployStatusFRAM
                0x20017a40       0xdc ./src/sub-systemCode/Main/Ants.o
                0x20017a40                reset_deployStatusFRAM
 .text.reset_FRAM_ants
                0x20017b1c       0xc4 ./src/sub-systemCode/Main/Ants.o
                0x20017b1c                reset_FRAM_ants
 .text.DeployIfNeeded
                0x20017be0      0x188 ./src/sub-systemCode/Main/Ants.o
                0x20017be0                DeployIfNeeded
 .text.update_stopDeploy_FRAM
                0x20017d68       0x64 ./src/sub-systemCode/Main/Ants.o
                0x20017d68                update_stopDeploy_FRAM
 .text.round_vol
                0x20017dcc      0x124 ./src/sub-systemCode/Main/EPS.o
                0x20017dcc                round_vol
 .text.get_shut_ADCS
                0x20017ef0       0x64 ./src/sub-systemCode/Main/EPS.o
                0x20017ef0                get_shut_ADCS
 .text.shut_ADCS
                0x20017f54       0x60 ./src/sub-systemCode/Main/EPS.o
                0x20017f54                shut_ADCS
 .text.get_shut_CAM
                0x20017fb4       0x64 ./src/sub-systemCode/Main/EPS.o
                0x20017fb4                get_shut_CAM
 .text.shut_CAM
                0x20018018       0x60 ./src/sub-systemCode/Main/EPS.o
                0x20018018                shut_CAM
 .text.update_powerLines
                0x20018078      0x124 ./src/sub-systemCode/Main/EPS.o
                0x20018078                update_powerLines
 .text.updateCam_powerLines
                0x2001819c       0x3c ./src/sub-systemCode/Main/EPS.o
                0x2001819c                updateCam_powerLines
 .text.get_EPS_mode_t
                0x200181d8       0x24 ./src/sub-systemCode/Main/EPS.o
                0x200181d8                get_EPS_mode_t
 .text.init_enterMode
                0x200181fc       0x88 ./src/sub-systemCode/Main/EPS.o
                0x200181fc                init_enterMode
 .text.EPS_Init
                0x20018284      0x190 ./src/sub-systemCode/Main/EPS.o
                0x20018284                EPS_Init
 .text.reset_FRAM_EPS
                0x20018414      0x150 ./src/sub-systemCode/Main/EPS.o
                0x20018414                reset_FRAM_EPS
 .text.reset_EPS_voltages
                0x20018564      0x110 ./src/sub-systemCode/Main/EPS.o
                0x20018564                reset_EPS_voltages
 .text.writeState_log
                0x20018674       0xa4 ./src/sub-systemCode/Main/EPS.o
                0x20018674                writeState_log
 .text.battery_downward
                0x20018718       0xcc ./src/sub-systemCode/Main/EPS.o
 .text.battery_upward
                0x200187e4       0xd8 ./src/sub-systemCode/Main/EPS.o
 .text.sanityCheck_EPS
                0x200188bc      0x1b4 ./src/sub-systemCode/Main/EPS.o
 .text.overRide_ADCS
                0x20018a70       0x50 ./src/sub-systemCode/Main/EPS.o
                0x20018a70                overRide_ADCS
 .text.overRide_Camera
                0x20018ac0       0x38 ./src/sub-systemCode/Main/EPS.o
                0x20018ac0                overRide_Camera
 .text.EPS_Conditioning
                0x20018af8      0x340 ./src/sub-systemCode/Main/EPS.o
                0x20018af8                EPS_Conditioning
 .text.EnterFullMode
                0x20018e38       0xf0 ./src/sub-systemCode/Main/EPS.o
                0x20018e38                EnterFullMode
 .text.EnterCruiseMode
                0x20018f28       0xe0 ./src/sub-systemCode/Main/EPS.o
                0x20018f28                EnterCruiseMode
 .text.EnterSafeMode
                0x20019008       0xe0 ./src/sub-systemCode/Main/EPS.o
                0x20019008                EnterSafeMode
 .text.EnterCriticalMode
                0x200190e8       0xcc ./src/sub-systemCode/Main/EPS.o
                0x200190e8                EnterCriticalMode
 .text.get_FRAMVoltageTable
                0x200191b4       0xb0 ./src/sub-systemCode/Main/EPS.o
 .text.WriteCurrentTelemetry
                0x20019264      0x104 ./src/sub-systemCode/Main/EPS.o
                0x20019264                WriteCurrentTelemetry
 .text.convert_raw_voltage
                0x20019368       0xd8 ./src/sub-systemCode/Main/EPS.o
                0x20019368                convert_raw_voltage
 .text.check_EPSTableCorrection
                0x20019440      0x120 ./src/sub-systemCode/Main/EPS.o
                0x20019440                check_EPSTableCorrection
 .text.save_ACK
                0x20019560       0xc8 ./src/sub-systemCode/Main/HouseKeeping.o
                0x20019560                save_ACK
 .text.set_GP_EPS
                0x20019628      0x10c ./src/sub-systemCode/Main/HouseKeeping.o
                0x20019628                set_GP_EPS
 .text.set_GP_COMM
                0x20019734       0x88 ./src/sub-systemCode/Main/HouseKeeping.o
                0x20019734                set_GP_COMM
 .text.SP_HK_collect
                0x200197bc      0x22c ./src/sub-systemCode/Main/HouseKeeping.o
                0x200197bc                SP_HK_collect
 .text.EPS_HK_collect
                0x200199e8      0x528 ./src/sub-systemCode/Main/HouseKeeping.o
                0x200199e8                EPS_HK_collect
 .text.CAM_HK_collect
                0x20019f10      0xa00 ./src/sub-systemCode/Main/HouseKeeping.o
                0x20019f10                CAM_HK_collect
 .text.COMM_HK_collect
                0x2001a910      0x2d0 ./src/sub-systemCode/Main/HouseKeeping.o
                0x2001a910                COMM_HK_collect
 .text.FS_HK_collect
                0x2001abe0      0x19c ./src/sub-systemCode/Main/HouseKeeping.o
                0x2001abe0                FS_HK_collect
 .text.HK_find_ADCSTM_fileName
                0x2001ad7c      0x44c ./src/sub-systemCode/Main/HouseKeeping.o
                0x2001ad7c                HK_find_ADCSTM_fileName
 .text.HK_find_fileName
                0x2001b1c8      0x174 ./src/sub-systemCode/Main/HouseKeeping.o
                0x2001b1c8                HK_find_fileName
 .text.HK_find_ADCSTM_ElementSize
                0x2001b33c      0x1b8 ./src/sub-systemCode/Main/HouseKeeping.o
                0x2001b33c                HK_find_ADCSTM_ElementSize
 .text.HK_findElementSize
                0x2001b4f4       0xd4 ./src/sub-systemCode/Main/HouseKeeping.o
                0x2001b4f4                HK_findElementSize
 .text.build_HK_spl_packet
                0x2001b5c8      0x27c ./src/sub-systemCode/Main/HouseKeeping.o
                0x2001b5c8                build_HK_spl_packet
 .text.numberOfRestarts
                0x2001b844       0x94 ./src/sub-systemCode/Main/Main_Init.o
                0x2001b844                numberOfRestarts
 .text.StartFRAM
                0x2001b8d8       0x1c ./src/sub-systemCode/Main/Main_Init.o
                0x2001b8d8                StartFRAM
 .text.StartI2C
                0x2001b8f4       0x28 ./src/sub-systemCode/Main/Main_Init.o
                0x2001b8f4                StartI2C
 .text.StartSPI
                0x2001b91c       0x24 ./src/sub-systemCode/Main/Main_Init.o
                0x2001b91c                StartSPI
 .text.StartTIME
                0x2001b940      0x104 ./src/sub-systemCode/Main/Main_Init.o
                0x2001b940                StartTIME
 .text.first_activation
                0x2001ba44       0x24 ./src/sub-systemCode/Main/Main_Init.o
                0x2001ba44                first_activation
 .text.InitSubsystems
                0x2001ba68       0x78 ./src/sub-systemCode/Main/Main_Init.o
                0x2001ba68                InitSubsystems
 .text.SubSystemTaskStart
                0x2001bae0      0x13c ./src/sub-systemCode/Main/Main_Init.o
                0x2001bae0                SubSystemTaskStart
 .text.copy_command
                0x2001bc1c       0x80 ./src/sub-systemCode/Main/commands.o
                0x2001bc1c                copy_command
 .text.reset_command
                0x2001bc9c       0x28 ./src/sub-systemCode/Main/commands.o
                0x2001bc9c                reset_command
 .text.init_command
                0x2001bcc4       0xf4 ./src/sub-systemCode/Main/commands.o
                0x2001bcc4                init_command
 .text.add_command
                0x2001bdb8      0x12c ./src/sub-systemCode/Main/commands.o
                0x2001bdb8                add_command
 .text.get_command
                0x2001bee4      0x1c0 ./src/sub-systemCode/Main/commands.o
                0x2001bee4                get_command
 .text.act_upon_command
                0x2001c0a4      0x1cc ./src/sub-systemCode/Main/commands.o
                0x2001c0a4                act_upon_command
 .text.cmd_error
                0x2001c270       0x38 ./src/sub-systemCode/Main/commands.o
                0x2001c270                cmd_error
 .text.AUC_COMM
                0x2001c2a8      0x25c ./src/sub-systemCode/Main/commands.o
                0x2001c2a8                AUC_COMM
 .text.AUC_general
                0x2001c504      0x3ec ./src/sub-systemCode/Main/commands.o
                0x2001c504                AUC_general
 .text.AUC_payload
                0x2001c8f0      0x25c ./src/sub-systemCode/Main/commands.o
                0x2001c8f0                AUC_payload
 .text.AUC_EPS  0x2001cb4c      0x2dc ./src/sub-systemCode/Main/commands.o
                0x2001cb4c                AUC_EPS
 .text.AUC_SW   0x2001ce28      0x1cc ./src/sub-systemCode/Main/commands.o
                0x2001ce28                AUC_SW
 .text.AUC_onlineTM
                0x2001cff4      0x1f0 ./src/sub-systemCode/Main/commands.o
                0x2001cff4                AUC_onlineTM
 .text.AUC_CUF  0x2001d1e4      0x160 ./src/sub-systemCode/Main/commands.o
                0x2001d1e4                AUC_CUF
 .text.init_GenericSaveQueue
                0x2001d344       0x3c ./src/sub-systemCode/Global/GenericTaskSave.o
                0x2001d344                init_GenericSaveQueue
 .text.add_GenericElement_queue
                0x2001d380       0x80 ./src/sub-systemCode/Global/GenericTaskSave.o
                0x2001d380                add_GenericElement_queue
 .text.GenericSave_Task
                0x2001d400      0x128 ./src/sub-systemCode/Global/GenericTaskSave.o
                0x2001d400                GenericSave_Task
 .text.check_int
                0x2001d528       0x20 ./src/sub-systemCode/Global/Global.o
                0x2001d528                check_int
 .text.check_portBASE_TYPE
                0x2001d548       0x20 ./src/sub-systemCode/Global/Global.o
                0x2001d548                check_portBASE_TYPE
 .text.print_array
                0x2001d568       0x20 ./src/sub-systemCode/Global/Global.o
                0x2001d568                print_array
 .text.switch_endian
                0x2001d588       0xc4 ./src/sub-systemCode/Global/Global.o
                0x2001d588                switch_endian
 .text.double_little_endian
                0x2001d64c       0x98 ./src/sub-systemCode/Global/Global.o
                0x2001d64c                double_little_endian
 .text.soft_reset_subsystem
                0x2001d6e4       0xfc ./src/sub-systemCode/Global/Global.o
                0x2001d6e4                soft_reset_subsystem
 .text.hard_reset_subsystem
                0x2001d7e0      0x144 ./src/sub-systemCode/Global/Global.o
                0x2001d7e0                hard_reset_subsystem
 .text.BigEnE_raw_to_uInt
                0x2001d924       0x94 ./src/sub-systemCode/Global/Global.o
                0x2001d924                BigEnE_raw_to_uInt
 .text.BigEnE_raw_to_uShort
                0x2001d9b8       0x50 ./src/sub-systemCode/Global/Global.o
                0x2001d9b8                BigEnE_raw_to_uShort
 .text.BigEnE_uInt_to_raw
                0x2001da08       0x78 ./src/sub-systemCode/Global/Global.o
                0x2001da08                BigEnE_uInt_to_raw
 .text.BigEnE_raw_value
                0x2001da80       0xb8 ./src/sub-systemCode/Global/Global.o
                0x2001da80                BigEnE_raw_value
 .text.fram_byte_fix
                0x2001db38      0x16c ./src/sub-systemCode/Global/Global.o
                0x2001db38                fram_byte_fix
 .text.comapre_string
                0x2001dca4       0x84 ./src/sub-systemCode/Global/Global.o
                0x2001dca4                comapre_string
 .text.reset_FRAM_MAIN
                0x2001dd28      0x1cc ./src/sub-systemCode/Global/Global.o
                0x2001dd28                reset_FRAM_MAIN
 .text.getBitValueByIndex
                0x2001def4       0xd0 ./src/sub-systemCode/Global/Global.o
                0x2001def4                getBitValueByIndex
 .text.FRAM_write_exte
                0x2001dfc4       0x84 ./src/sub-systemCode/Global/Global.o
                0x2001dfc4                FRAM_write_exte
 .text.FRAM_read_exte
                0x2001e048       0x84 ./src/sub-systemCode/Global/Global.o
                0x2001e048                FRAM_read_exte
 .text.FRAM_writeAndVerify_exte
                0x2001e0cc       0x84 ./src/sub-systemCode/Global/Global.o
                0x2001e0cc                FRAM_writeAndVerify_exte
 .text.init_GP  0x2001e150      0x364 ./src/sub-systemCode/Global/GlobalParam.o
                0x2001e150                init_GP
 .text.get_system_state
                0x2001e4b4      0x268 ./src/sub-systemCode/Global/GlobalParam.o
                0x2001e4b4                get_system_state
 .text.set_system_state
                0x2001e71c      0x298 ./src/sub-systemCode/Global/GlobalParam.o
                0x2001e71c                set_system_state
 .text.get_systems_state_param
                0x2001e9b4       0x8c ./src/sub-systemCode/Global/GlobalParam.o
                0x2001e9b4                get_systems_state_param
 .text.get_current_global_param
                0x2001ea40      0x55c ./src/sub-systemCode/Global/GlobalParam.o
                0x2001ea40                get_current_global_param
 .text.set_Vbatt
                0x2001ef9c       0x8c ./src/sub-systemCode/Global/GlobalParam.o
                0x2001ef9c                set_Vbatt
 .text.get_Vbatt
                0x2001f028       0x8c ./src/sub-systemCode/Global/GlobalParam.o
                0x2001f028                get_Vbatt
 .text.get_curBat
                0x2001f0b4       0x94 ./src/sub-systemCode/Global/GlobalParam.o
                0x2001f0b4                get_curBat
 .text.set_curBat
                0x2001f148       0x8c ./src/sub-systemCode/Global/GlobalParam.o
                0x2001f148                set_curBat
 .text.get_cur3V3
                0x2001f1d4       0x94 ./src/sub-systemCode/Global/GlobalParam.o
                0x2001f1d4                get_cur3V3
 .text.set_cur3V3
                0x2001f268       0x8c ./src/sub-systemCode/Global/GlobalParam.o
                0x2001f268                set_cur3V3
 .text.get_cur5V
                0x2001f2f4       0x94 ./src/sub-systemCode/Global/GlobalParam.o
                0x2001f2f4                get_cur5V
 .text.set_cur5V
                0x2001f388       0x8c ./src/sub-systemCode/Global/GlobalParam.o
                0x2001f388                set_cur5V
 .text.get_tempComm_LO
                0x2001f414      0x108 ./src/sub-systemCode/Global/GlobalParam.o
                0x2001f414                get_tempComm_LO
 .text.set_tempComm_LO
                0x2001f51c       0x8c ./src/sub-systemCode/Global/GlobalParam.o
                0x2001f51c                set_tempComm_LO
 .text.get_tempComm_PA
                0x2001f5a8      0x108 ./src/sub-systemCode/Global/GlobalParam.o
                0x2001f5a8                get_tempComm_PA
 .text.set_tempComm_PA
                0x2001f6b0       0x8c ./src/sub-systemCode/Global/GlobalParam.o
                0x2001f6b0                set_tempComm_PA
 .text.get_tempEPS
                0x2001f73c       0xe8 ./src/sub-systemCode/Global/GlobalParam.o
                0x2001f73c                get_tempEPS
 .text.set_tempEPS
                0x2001f824       0xc8 ./src/sub-systemCode/Global/GlobalParam.o
                0x2001f824                set_tempEPS
 .text.get_tempBatt
                0x2001f8ec       0xe8 ./src/sub-systemCode/Global/GlobalParam.o
                0x2001f8ec                get_tempBatt
 .text.set_tempBatt
                0x2001f9d4       0xc8 ./src/sub-systemCode/Global/GlobalParam.o
                0x2001f9d4                set_tempBatt
 .text.get_RxDoppler
                0x2001fa9c       0x94 ./src/sub-systemCode/Global/GlobalParam.o
                0x2001fa9c                get_RxDoppler
 .text.set_RxDoppler
                0x2001fb30       0x8c ./src/sub-systemCode/Global/GlobalParam.o
                0x2001fb30                set_RxDoppler
 .text.get_RxRSSI
                0x2001fbbc       0x94 ./src/sub-systemCode/Global/GlobalParam.o
                0x2001fbbc                get_RxRSSI
 .text.set_RxRSSI
                0x2001fc50       0x8c ./src/sub-systemCode/Global/GlobalParam.o
                0x2001fc50                set_RxRSSI
 .text.get_TxRefl
                0x2001fcdc       0x94 ./src/sub-systemCode/Global/GlobalParam.o
                0x2001fcdc                get_TxRefl
 .text.set_TxRefl
                0x2001fd70       0x8c ./src/sub-systemCode/Global/GlobalParam.o
                0x2001fd70                set_TxRefl
 .text.get_TxForw
                0x2001fdfc       0x94 ./src/sub-systemCode/Global/GlobalParam.o
                0x2001fdfc                get_TxForw
 .text.set_TxForw
                0x2001fe90       0x8c ./src/sub-systemCode/Global/GlobalParam.o
                0x2001fe90                set_TxForw
 .text.get_Attitude
                0x2001ff1c      0x120 ./src/sub-systemCode/Global/GlobalParam.o
                0x2001ff1c                get_Attitude
 .text.set_Attitude
                0x2002003c       0xe0 ./src/sub-systemCode/Global/GlobalParam.o
                0x2002003c                set_Attitude
 .text.get_FS_failFlag
                0x2002011c       0x94 ./src/sub-systemCode/Global/GlobalParam.o
                0x2002011c                get_FS_failFlag
 .text.set_FS_failFlag
                0x200201b0       0x8c ./src/sub-systemCode/Global/GlobalParam.o
                0x200201b0                set_FS_failFlag
 .text.get_EPSState
                0x2002023c       0x94 ./src/sub-systemCode/Global/GlobalParam.o
                0x2002023c                get_EPSState
 .text.set_EPSState
                0x200202d0       0x8c ./src/sub-systemCode/Global/GlobalParam.o
                0x200202d0                set_EPSState
 .text.get_numOfDelayedCommand
                0x2002035c       0x94 ./src/sub-systemCode/Global/GlobalParam.o
                0x2002035c                get_numOfDelayedCommand
 .text.set_numOfDelayedCommand
                0x200203f0       0x8c ./src/sub-systemCode/Global/GlobalParam.o
                0x200203f0                set_numOfDelayedCommand
 .text.set_numOfResets
                0x2002047c       0xac ./src/sub-systemCode/Global/GlobalParam.o
                0x2002047c                set_numOfResets
 .text.get_numOfResets
                0x20020528       0xa4 ./src/sub-systemCode/Global/GlobalParam.o
                0x20020528                get_numOfResets
 .text.set_lastReset
                0x200205cc       0xac ./src/sub-systemCode/Global/GlobalParam.o
                0x200205cc                set_lastReset
 .text.get_lastReset
                0x20020678       0xa4 ./src/sub-systemCode/Global/GlobalParam.o
                0x20020678                get_lastReset
 .text.set_ground_conn
                0x2002071c       0xa0 ./src/sub-systemCode/Global/GlobalParam.o
                0x2002071c                set_ground_conn
 .text.get_ground_conn
                0x200207bc       0xa0 ./src/sub-systemCode/Global/GlobalParam.o
                0x200207bc                get_ground_conn
 .text.IsisAntS_getStatusData_sideA
                0x2002085c       0x3c ./src/sub-systemCode/Global/OnlineTM.o
                0x2002085c                IsisAntS_getStatusData_sideA
 .text.IsisAntS_getAlltelemetry_sideA
                0x20020898       0x3c ./src/sub-systemCode/Global/OnlineTM.o
                0x20020898                IsisAntS_getAlltelemetry_sideA
 .text.IsisAntS_getTemperature_sideA
                0x200208d4       0x3c ./src/sub-systemCode/Global/OnlineTM.o
                0x200208d4                IsisAntS_getTemperature_sideA
 .text.IsisAntS_getStatusData_sideB
                0x20020910       0x3c ./src/sub-systemCode/Global/OnlineTM.o
                0x20020910                IsisAntS_getStatusData_sideB
 .text.IsisAntS_getAlltelemetry_sideB
                0x2002094c       0x3c ./src/sub-systemCode/Global/OnlineTM.o
                0x2002094c                IsisAntS_getAlltelemetry_sideB
 .text.IsisAntS_getTemperature_sideB
                0x20020988       0x3c ./src/sub-systemCode/Global/OnlineTM.o
                0x20020988                IsisAntS_getTemperature_sideB
 .text.HK_collect_EPS
                0x200209c4       0x30 ./src/sub-systemCode/Global/OnlineTM.o
                0x200209c4                HK_collect_EPS
 .text.HK_collect_COMM
                0x200209f4       0x30 ./src/sub-systemCode/Global/OnlineTM.o
                0x200209f4                HK_collect_COMM
 .text.HK_collect_CAM
                0x20020a24       0x30 ./src/sub-systemCode/Global/OnlineTM.o
                0x20020a24                HK_collect_CAM
 .text.HK_collect_SP
                0x20020a54       0x30 ./src/sub-systemCode/Global/OnlineTM.o
                0x20020a54                HK_collect_SP
 .text.HK_collect_FS_A
                0x20020a84       0x9c ./src/sub-systemCode/Global/OnlineTM.o
                0x20020a84                HK_collect_FS_A
 .text.HK_collect_FS_B
                0x20020b20       0x9c ./src/sub-systemCode/Global/OnlineTM.o
                0x20020b20                HK_collect_FS_B
 .text.save_offlineSetting_FRAM
                0x20020bbc      0x26c ./src/sub-systemCode/Global/OnlineTM.o
                0x20020bbc                save_offlineSetting_FRAM
 .text.get_offlineSetting_FRAM
                0x20020e28       0x58 ./src/sub-systemCode/Global/OnlineTM.o
                0x20020e28                get_offlineSetting_FRAM
 .text.update_offlineSetting_FRAM
                0x20020e80      0x360 ./src/sub-systemCode/Global/OnlineTM.o
                0x20020e80                update_offlineSetting_FRAM
 .text.get_offlineSettingPacket
                0x200211e0       0xc4 ./src/sub-systemCode/Global/OnlineTM.o
                0x200211e0                get_offlineSettingPacket
 .text.get_item_by_index
                0x200212a4       0xdc ./src/sub-systemCode/Global/OnlineTM.o
                0x200212a4                get_item_by_index
 .text.get_pointer_item_by_index
                0x20021380       0x48 ./src/sub-systemCode/Global/OnlineTM.o
                0x20021380                get_pointer_item_by_index
 .text.init_onlineParam
                0x200213c8     0x2f54 ./src/sub-systemCode/Global/OnlineTM.o
                0x200213c8                init_onlineParam
 .text.reset_offline_TM_list
                0x2002431c      0x184 ./src/sub-systemCode/Global/OnlineTM.o
                0x2002431c                reset_offline_TM_list
 .text.get_online_packet
                0x200244a0      0x25c ./src/sub-systemCode/Global/OnlineTM.o
                0x200244a0                get_online_packet
 .text.save_onlineTM_param
                0x200246fc      0x1b4 ./src/sub-systemCode/Global/OnlineTM.o
                0x200246fc                save_onlineTM_param
 .text.add_onlineTM_param_to_save_list
                0x200248b0      0x3e4 ./src/sub-systemCode/Global/OnlineTM.o
                0x200248b0                add_onlineTM_param_to_save_list
 .text.delete_onlineTM_param_from_offline
                0x20024c94      0x1a8 ./src/sub-systemCode/Global/OnlineTM.o
                0x20024c94                delete_onlineTM_param_from_offline
 .text.save_onlineTM_logic
                0x20024e3c      0x2c0 ./src/sub-systemCode/Global/OnlineTM.o
                0x20024e3c                save_onlineTM_logic
 .text.updateSD_state
                0x200250fc       0xc0 ./src/sub-systemCode/Global/OnlineTM.o
                0x200250fc                updateSD_state
 .text.sleepRTC_second
                0x200251bc       0x64 ./src/sub-systemCode/Global/OnlineTM.o
 .text.save_onlineTM_task
                0x20025220       0xe8 ./src/sub-systemCode/Global/OnlineTM.o
                0x20025220                save_onlineTM_task
 .text.getSdIndex
                0x20025308       0x44 ./src/sub-systemCode/Global/TLM_management.o
 .text.reset_FRAM_FS
                0x2002534c       0x4c ./src/sub-systemCode/Global/TLM_management.o
                0x2002534c                reset_FRAM_FS
 .text.TLMfile  0x20025398       0x64 ./src/sub-systemCode/Global/TLM_management.o
                0x20025398                TLMfile
 .text.sd_format
                0x200253fc       0x28 ./src/sub-systemCode/Global/TLM_management.o
                0x200253fc                sd_format
 .text.deleteDir
                0x20025424       0xfc ./src/sub-systemCode/Global/TLM_management.o
                0x20025424                deleteDir
 .text.getNumOfFilesInFS
                0x20025520       0x44 ./src/sub-systemCode/Global/TLM_management.o
 .text.setNumOfFilesInFS
                0x20025564       0x48 ./src/sub-systemCode/Global/TLM_management.o
 .text.f_managed_enterFS
                0x200255ac       0x18 ./src/sub-systemCode/Global/TLM_management.o
                0x200255ac                f_managed_enterFS
 .text.f_managed_releaseFS
                0x200255c4       0x18 ./src/sub-systemCode/Global/TLM_management.o
                0x200255c4                f_managed_releaseFS
 .text.f_managed_open
                0x200255dc      0x110 ./src/sub-systemCode/Global/TLM_management.o
                0x200255dc                f_managed_open
 .text.f_managed_close
                0x200256ec       0x84 ./src/sub-systemCode/Global/TLM_management.o
                0x200256ec                f_managed_close
 .text.createSemahores_FS
                0x20025770       0x48 ./src/sub-systemCode/Global/TLM_management.o
                0x20025770                createSemahores_FS
 .text.InitializeFS
                0x200257b8      0x17c ./src/sub-systemCode/Global/TLM_management.o
                0x200257b8                InitializeFS
 .text.c_fileCreate
                0x20025934      0x110 ./src/sub-systemCode/Global/TLM_management.o
                0x20025934                c_fileCreate
 .text.writewithEpochtime
                0x20025a44       0x90 ./src/sub-systemCode/Global/TLM_management.o
 .text.get_C_FILE_struct
                0x20025ad4       0xe4 ./src/sub-systemCode/Global/TLM_management.o
 .text.getFileIndex
                0x20025bb8       0x84 ./src/sub-systemCode/Global/TLM_management.o
 .text.get_file_name_by_index
                0x20025c3c       0x44 ./src/sub-systemCode/Global/TLM_management.o
                0x20025c3c                get_file_name_by_index
 .text.c_fileReset
                0x20025c80       0xd0 ./src/sub-systemCode/Global/TLM_management.o
                0x20025c80                c_fileReset
 .text.c_fileWrite
                0x20025d50      0x154 ./src/sub-systemCode/Global/TLM_management.o
                0x20025d50                c_fileWrite
 .text.deleteElementsFromFile
                0x20025ea4      0x1a0 ./src/sub-systemCode/Global/TLM_management.o
 .text.c_fileDeleteElements
                0x20026044      0x158 ./src/sub-systemCode/Global/TLM_management.o
                0x20026044                c_fileDeleteElements
 .text.c_fileRead
                0x2002619c      0x3a8 ./src/sub-systemCode/Global/TLM_management.o
                0x2002619c                c_fileRead
 .text.DeInitializeFS
                0x20026544       0x30 ./src/sub-systemCode/Global/TLM_management.o
                0x20026544                DeInitializeFS
 .text.xSemaphoreGive_extended
                0x20026574       0x48 ./src/sub-systemCode/Global/freertosExtended.o
                0x20026574                xSemaphoreGive_extended
 .text.xSemaphoreTake_extended
                0x200265bc       0x54 ./src/sub-systemCode/Global/freertosExtended.o
                0x200265bc                xSemaphoreTake_extended
 .text.WriteLog
                0x20026610       0xa8 ./src/sub-systemCode/Global/logger.o
 .text.WriteErrorLog
                0x200266b8       0x64 ./src/sub-systemCode/Global/logger.o
                0x200266b8                WriteErrorLog
 .text.WriteResetLog
                0x2002671c       0x54 ./src/sub-systemCode/Global/logger.o
                0x2002671c                WriteResetLog
 .text.WritePayloadLog
                0x20026770       0x50 ./src/sub-systemCode/Global/logger.o
                0x20026770                WritePayloadLog
 .text.WriteEpsLog
                0x200267c0       0x4c ./src/sub-systemCode/Global/logger.o
                0x200267c0                WriteEpsLog
 .text.WriteTransponderLog
                0x2002680c       0x50 ./src/sub-systemCode/Global/logger.o
                0x2002680c                WriteTransponderLog
 .text.WriteAdcsLog
                0x2002685c       0x50 ./src/sub-systemCode/Global/logger.o
                0x2002685c                WriteAdcsLog
 .text.WriteCUFLog