Archive member included because of file (symbol)

c:/isis/application/toolchain/bin/../lib/gcc/arm-none-eabi/4.7.4/../../../../arm-none-eabi/lib\libc_s.a(lib_a-vfprintf_float.o)
                              (_printf_float)
c:/isis/application/toolchain/bin/../lib/gcc/arm-none-eabi/4.7.4/../../../../arm-none-eabi/lib\libc_s.a(lib_a-vfprintf_i.o)
                              c:/isis/application/toolchain/bin/../lib/gcc/arm-none-eabi/4.7.4/../../../../arm-none-eabi/lib\libc_s.a(lib_a-vfprintf_float.o) (_printf_common)
c:/isis/application/toolchain/bin/../lib/gcc/arm-none-eabi/4.7.4/../../../../arm-none-eabi/lib\libc_s.a(lib_a-vfscanf_float.o)
                              (_scanf_float)
c:/isis/application/toolchain/bin/../lib/gcc/arm-none-eabi/4.7.4/../../../../arm-none-eabi/lib\libc_s.a(lib_a-dtoa.o)
                              c:/isis/application/toolchain/bin/../lib/gcc/arm-none-eabi/4.7.4/../../../../arm-none-eabi/lib\libc_s.a(lib_a-vfprintf_float.o) (_dtoa_r)
c:/isis/application/toolchain/bin/../lib/gcc/arm-none-eabi/4.7.4/../../../../arm-none-eabi/lib\libc_s.a(lib_a-locale.o)
                              c:/isis/application/toolchain/bin/../lib/gcc/arm-none-eabi/4.7.4/../../../../arm-none-eabi/lib\libc_s.a(lib_a-vfprintf_float.o) (_localeconv_r)
c:/isis/application/toolchain/bin/../lib/gcc/arm-none-eabi/4.7.4/../../../../arm-none-eabi/lib\libc_s.a(lib_a-malloc.o)
                              c:/isis/application/toolchain/bin/../lib/gcc/arm-none-eabi/4.7.4/../../../../arm-none-eabi/lib\libc_s.a(lib_a-dtoa.o) (malloc)
c:/isis/application/toolchain/bin/../lib/gcc/arm-none-eabi/4.7.4/../../../../arm-none-eabi/lib\libc_s.a(lib_a-mallocr.o)
                              c:/isis/application/toolchain/bin/../lib/gcc/arm-none-eabi/4.7.4/../../../../arm-none-eabi/lib\libc_s.a(lib_a-malloc.o) (_malloc_r)
c:/isis/application/toolchain/bin/../lib/gcc/arm-none-eabi/4.7.4/../../../../arm-none-eabi/lib\libc_s.a(lib_a-memcpy.o)
                              c:/isis/application/toolchain/bin/../lib/gcc/arm-none-eabi/4.7.4/../../../../arm-none-eabi/lib\libc_s.a(lib_a-dtoa.o) (memcpy)
c:/isis/application/toolchain/bin/../lib/gcc/arm-none-eabi/4.7.4/../../../../arm-none-eabi/lib\libc_s.a(lib_a-mprec.o)
                              c:/isis/application/toolchain/bin/../lib/gcc/arm-none-eabi/4.7.4/../../../../arm-none-eabi/lib\libc_s.a(lib_a-dtoa.o) (_Balloc)
c:/isis/application/toolchain/bin/../lib/gcc/arm-none-eabi/4.7.4/../../../../arm-none-eabi/lib\libc_s.a(lib_a-s_fpclassify.o)
                              c:/isis/application/toolchain/bin/../lib/gcc/arm-none-eabi/4.7.4/../../../../arm-none-eabi/lib\libc_s.a(lib_a-vfprintf_float.o) (__fpclassifyd)
c:/isis/application/toolchain/bin/../lib/gcc/arm-none-eabi/4.7.4/../../../../arm-none-eabi/lib\libc_s.a(lib_a-sbrkr.o)
                              c:/isis/application/toolchain/bin/../lib/gcc/arm-none-eabi/4.7.4/../../../../arm-none-eabi/lib\libc_s.a(lib_a-mallocr.o) (_sbrk_r)
c:/isis/application/toolchain/bin/../lib/gcc/arm-none-eabi/4.7.4/../../../../arm-none-eabi/lib\libc_s.a(lib_a-sf_nan.o)
                              c:/isis/application/toolchain/bin/../lib/gcc/arm-none-eabi/4.7.4/../../../../arm-none-eabi/lib\libc_s.a(lib_a-vfscanf_float.o) (nanf)
c:/isis/application/toolchain/bin/../lib/gcc/arm-none-eabi/4.7.4/../../../../arm-none-eabi/lib\libc_s.a(lib_a-sprintf.o)
                              c:/isis/application/toolchain/bin/../lib/gcc/arm-none-eabi/4.7.4/../../../../arm-none-eabi/lib\libc_s.a(lib_a-vfscanf_float.o) (sprintf)
c:/isis/application/toolchain/bin/../lib/gcc/arm-none-eabi/4.7.4/../../../../arm-none-eabi/lib\libc_s.a(lib_a-strcmp.o)
                              c:/isis/application/toolchain/bin/../lib/gcc/arm-none-eabi/4.7.4/../../../../arm-none-eabi/lib\libc_s.a(lib_a-locale.o) (strcmp)
c:/isis/application/toolchain/bin/../lib/gcc/arm-none-eabi/4.7.4/../../../../arm-none-eabi/lib\libc_s.a(lib_a-strlen.o)
                              c:/isis/application/toolchain/bin/../lib/gcc/arm-none-eabi/4.7.4/../../../../arm-none-eabi/lib\libc_s.a(lib_a-vfprintf_float.o) (strlen)
c:/isis/application/toolchain/bin/../lib/gcc/arm-none-eabi/4.7.4/../../../../arm-none-eabi/lib\libc_s.a(lib_a-strtod.o)
                              c:/isis/application/toolchain/bin/../lib/gcc/arm-none-eabi/4.7.4/../../../../arm-none-eabi/lib\libc_s.a(lib_a-vfscanf_float.o) (_strtod_r)
c:/isis/application/toolchain/bin/../lib/gcc/arm-none-eabi/4.7.4/../../../../arm-none-eabi/lib\libc_s.a(lib_a-strtol.o)
                              c:/isis/application/toolchain/bin/../lib/gcc/arm-none-eabi/4.7.4/../../../../arm-none-eabi/lib\libc_s.a(lib_a-vfscanf_float.o) (_strtol_r)
c:/isis/application/toolchain/bin/../lib/gcc/arm-none-eabi/4.7.4/../../../../arm-none-eabi/lib\libc_s.a(lib_a-svfprintf.o)
                              c:/isis/application/toolchain/bin/../lib/gcc/arm-none-eabi/4.7.4/../../../../arm-none-eabi/lib\libc_s.a(lib_a-sprintf.o) (_svfprintf_r)
[...]
Memory Configuration

Name             Origin             Length             Attributes
sram0            0x00200000         0x00004000         w !xr
sram1            0x00300000         0x00004000         w !xr
sdram            0x20000000         0x02000000         w !xr
*default*        0x00000000         0xffffffff

Linker script and memory map

LOAD c:/isis/application/toolchain/bin/../lib/gcc/arm-none-eabi/4.7.4/../../../../arm-none-eabi/lib\libc_s.a
LOAD ./src/sub-systemCode/Main/CMD/COMM_CMD.o
LOAD ./src/sub-systemCode/Main/CMD/EPS_CMD.o
LOAD ./src/sub-systemCode/Main/CMD/General_CMD.o
LOAD ./src/sub-systemCode/Main/CMD/SW_CMD.o
LOAD ./src/sub-systemCode/Main/CMD/payload_CMD.o
LOAD ./src/sub-systemCode/Main/Ants.o
LOAD ./src/sub-systemCode/Main/EPS.o
LOAD ./src/sub-systemCode/Main/HouseKeeping.o
LOAD ./src/sub-systemCode/Main/Main_Init.o
LOAD ./src/sub-systemCode/Main/commands.o
LOAD ./src/sub-systemCode/Global/Global.o
LOAD ./src/sub-systemCode/Global/GlobalParam.o
LOAD ./src/sub-systemCode/Global/OnlineTM.o
LOAD ./src/sub-systemCode/Global/TLM_management.o
LOAD ./src/sub-systemCode/COMM/APRS.o
LOAD ./src/sub-systemCode/COMM/DelayedCommand_list.o
LOAD ./src/sub-systemCode/COMM/GSC.o
LOAD ./src/sub-systemCode/COMM/TRXVU.o
LOAD ./src/sub-systemCode/ADCS/ADCS.o
LOAD ./src/sub-systemCode/ADCS/Stage_Table.o
LOAD ./src/main.o
LOAD C:/HOOPOE3/satellite-subsystems/demo/..//satellite-subsystems/lib\libSatelliteSubsystemsD.a
LOAD c:/isis/application/toolchain/bin/../lib/gcc/arm-none-eabi/4.7.4/../../../../arm-none-eabi/lib\libm.a
LOAD C:/HOOPOE3/satellite-subsystems/demo/../..//hal/hcc/lib\libHCCD.a
LOAD C:/HOOPOE3/satellite-subsystems/demo/../..//hal/hal/lib\libHALD.a
LOAD C:/HOOPOE3/satellite-subsystems/demo/../..//hal/freertos/lib\libFreeRTOSD.a
LOAD C:/HOOPOE3/satellite-subsystems/demo/../..//hal/at91/lib\libAt91D.a
START GROUP
LOAD c:/isis/application/toolchain/bin/../lib/gcc/arm-none-eabi/4.7.4\libgcc.a
LOAD c:/isis/application/toolchain/bin/../lib/gcc/arm-none-eabi/4.7.4/../../../../arm-none-eabi/lib\libc_s.a
END GROUP

.fixed          0x20000000    0x40f38
                0x20000000                . = ALIGN (0x4)
                0x20000000                _sfixed = .
 *(.startup)
 .startup       0x20000000      0x134 C:/HOOPOE3/satellite-subsystems/demo/../..//hal/at91/lib\libAt91D.a(board_cstartup.o)
                0x20000000                entry
 *(.text)
 .text          0x20000134       0x64 C:/HOOPOE3/satellite-subsystems/demo/../..//hal/at91/lib\libAt91D.a(cp15_asm.o)
                0x20000134                _readControlRegister
                0x20000140                _writeControlRegister
                0x20000148                _waitForInterrupt
                0x20000154                _writeTTB
                0x2000015c                _writeDomain
                0x20000164                _writeITLBLockdown
                0x2000016c                _prefetchICacheLine
                0x20000174                _flushDCache
                0x20000180                _flushWriteBuffer
                0x2000018c                _invalidateIDTLBs
 .text          0x20000198      0x114 c:/isis/application/toolchain/bin/../lib/gcc/arm-none-eabi/4.7.4\libgcc.a(_udivsi3.o)
                0x20000198                __aeabi_uidiv
                0x20000198                __udivsi3
                0x2000028c                __aeabi_uidivmod
 .text          0x200002ac      0x148 c:/isis/application/toolchain/bin/../lib/gcc/arm-none-eabi/4.7.4\libgcc.a(_divsi3.o)
                0x200002ac                __divsi3
                0x200002ac                __aeabi_idiv
                0x200003d4                __aeabi_idivmod
 .text          0x200003f4        0x4 c:/isis/application/toolchain/bin/../lib/gcc/arm-none-eabi/4.7.4\libgcc.a(_dvmd_tls.o)
                0x200003f4                __aeabi_idiv0
                0x200003f4                __aeabi_ldiv0
 .text          0x200003f8      0x41c c:/isis/application/toolchain/bin/../lib/gcc/arm-none-eabi/4.7.4\libgcc.a(_arm_addsubdf3.o)
                0x200003f8                __aeabi_drsub
                0x20000400                __aeabi_dsub
                0x20000400                __subdf3
                0x20000404                __aeabi_dadd
                0x20000404                __adddf3
                0x20000714                __floatunsidf
                0x20000714                __aeabi_ui2d
                0x20000738                __floatsidf
                0x20000738                __aeabi_i2d
                0x20000760                __aeabi_f2d
                0x20000760                __extendsfdf2
                0x200007a0                __floatundidf
                0x200007a0                __aeabi_ul2d
                0x200007b4                __floatdidf
                0x200007b4                __aeabi_l2d
 .text          0x20000814      0x49c c:/isis/application/toolchain/bin/../lib/gcc/arm-none-eabi/4.7.4\libgcc.a(_arm_muldivdf3.o)
                0x20000814                __aeabi_dmul
                0x20000814                __muldf3
                0x20000aa4                __divdf3
                0x20000aa4                __aeabi_ddiv
 .text          0x20000cb0      0x144 c:/isis/application/toolchain/bin/../lib/gcc/arm-none-eabi/4.7.4\libgcc.a(_arm_cmpdf2.o)
                0x20000cb0                __gtdf2
                0x20000cb0                __gedf2
                0x20000cb8                __ltdf2
                0x20000cb8                __ledf2
                0x20000cc0                __nedf2
                0x20000cc0                __eqdf2
                0x20000cc0                __cmpdf2
                0x20000d48                __aeabi_cdrcmple
                0x20000d64                __aeabi_cdcmpeq
                0x20000d64                __aeabi_cdcmple
                0x20000d7c                __aeabi_dcmpeq
                0x20000d94                __aeabi_dcmplt
                0x20000dac                __aeabi_dcmple
                0x20000dc4                __aeabi_dcmpge
                0x20000ddc                __aeabi_dcmpgt
 .text          0x20000df4       0x5c c:/isis/application/toolchain/bin/../lib/gcc/arm-none-eabi/4.7.4\libgcc.a(_arm_fixdfsi.o)
                0x20000df4                __aeabi_d2iz
                0x20000df4                __fixdfsi
 .text          0x20000e50       0x54 c:/isis/application/toolchain/bin/../lib/gcc/arm-none-eabi/4.7.4\libgcc.a(_arm_fixunsdfsi.o)
                0x20000e50                __aeabi_d2uiz
                0x20000e50                __fixunsdfsi
 .text          0x20000ea4       0xa0 c:/isis/application/toolchain/bin/../lib/gcc/arm-none-eabi/4.7.4\libgcc.a(_arm_truncdfsf2.o)
                0x20000ea4                __truncdfsf2
                0x20000ea4                __aeabi_d2f
 .text          0x20000f44      0x2ac c:/isis/application/toolchain/bin/../lib/gcc/arm-none-eabi/4.7.4\libgcc.a(_arm_addsubsf3.o)
                0x20000f44                __aeabi_frsub
                0x20000f4c                __subsf3
                0x20000f4c                __aeabi_fsub
                0x20000f50                __aeabi_fadd
                0x20000f50                __addsf3
                0x2000110c                __aeabi_ui2f
                0x2000110c                __floatunsisf
                0x20001114                __aeabi_i2f
                0x20001114                __floatsisf
                0x20001134                __aeabi_ul2f
                0x20001134                __floatundisf
                0x20001144                __aeabi_l2f
                0x20001144                __floatdisf
 .text          0x200011f0      0x2f8 c:/isis/application/toolchain/bin/../lib/gcc/arm-none-eabi/4.7.4\libgcc.a(_arm_muldivsf3.o)
                0x200011f0                __mulsf3
                0x200011f0                __aeabi_fmul
                0x20001388                __aeabi_fdiv
                0x20001388                __divsf3
 .text          0x200014e8      0x114 c:/isis/application/toolchain/bin/../lib/gcc/arm-none-eabi/4.7.4\libgcc.a(_arm_cmpsf2.o)
                0x200014e8                __gesf2
                0x200014e8                __gtsf2
                0x200014f0                __lesf2
                0x200014f0                __ltsf2
                0x200014f8                __nesf2
                0x200014f8                __eqsf2
                0x200014f8                __cmpsf2
                0x2000155c                __aeabi_cfrcmple
                0x2000156c                __aeabi_cfcmpeq
                0x2000156c                __aeabi_cfcmple
                0x20001584                __aeabi_fcmpeq
                0x2000159c                __aeabi_fcmplt
                0x200015b4                __aeabi_fcmple
                0x200015cc                __aeabi_fcmpge
                0x200015e4                __aeabi_fcmpgt
 .text          0x200015fc       0x54 c:/isis/application/toolchain/bin/../lib/gcc/arm-none-eabi/4.7.4\libgcc.a(_arm_fixunssfsi.o)
                0x200015fc                __fixunssfsi
                0x200015fc                __aeabi_f2uiz
 *(.text*)
 .text.__cvt    0x20001650      0x138 c:/isis/application/toolchain/bin/../lib/gcc/arm-none-eabi/4.7.4/../../../../arm-none-eabi/lib\libc_s.a(lib_a-vfprintf_float.o)
                0x20001650                __cvt
 .text.__exponent
                0x20001788       0xa8 c:/isis/application/toolchain/bin/../lib/gcc/arm-none-eabi/4.7.4/../../../../arm-none-eabi/lib\libc_s.a(lib_a-vfprintf_float.o)
                0x20001788                __exponent
 .text._printf_float
                0x20001830      0x7dc c:/isis/application/toolchain/bin/../lib/gcc/arm-none-eabi/4.7.4/../../../../arm-none-eabi/lib\libc_s.a(lib_a-vfprintf_float.o)
                0x20001830                _printf_float
 .text._printf_common
                0x2000200c      0x174 c:/isis/application/toolchain/bin/../lib/gcc/arm-none-eabi/4.7.4/../../../../arm-none-eabi/lib\libc_s.a(lib_a-vfprintf_i.o)
                0x2000200c                _printf_common
 .text._printf_i
                0x20002180      0x3c4 c:/isis/application/toolchain/bin/../lib/gcc/arm-none-eabi/4.7.4/../../../../arm-none-eabi/lib\libc_s.a(lib_a-vfprintf_i.o)
                0x20002180                _printf_i
 .text._scanf_float
                0x20002544      0x5f4 c:/isis/application/toolchain/bin/../lib/gcc/arm-none-eabi/4.7.4/../../../../arm-none-eabi/lib\libc_s.a(lib_a-vfscanf_float.o)
                0x20002544                _scanf_float
 .text.quorem   0x20002b38      0x1ac c:/isis/application/toolchain/bin/../lib/gcc/arm-none-eabi/4.7.4/../../../../arm-none-eabi/lib\libc_s.a(lib_a-dtoa.o)
 .text._dtoa_r  0x20002ce4     0x1268 c:/isis/application/toolchain/bin/../lib/gcc/arm-none-eabi/4.7.4/../../../../arm-none-eabi/lib\libc_s.a(lib_a-dtoa.o)
                0x20002ce4                _dtoa_r
 .text._localeconv_r
                0x20003f4c        0xc c:/isis/application/toolchain/bin/../lib/gcc/arm-none-eabi/4.7.4/../../../../arm-none-eabi/lib\libc_s.a(lib_a-locale.o)
                0x20003f4c                _localeconv_r
 .text.malloc   0x20003f58       0x20 c:/isis/application/toolchain/bin/../lib/gcc/arm-none-eabi/4.7.4/../../../../arm-none-eabi/lib\libc_s.a(lib_a-malloc.o)
                0x20003f58                malloc
 .text.free     0x20003f78       0x20 c:/isis/application/toolchain/bin/../lib/gcc/arm-none-eabi/4.7.4/../../../../arm-none-eabi/lib\libc_s.a(lib_a-malloc.o)
                0x20003f78                free
 .text._malloc_r
                0x20003f98       0xfc c:/isis/application/toolchain/bin/../lib/gcc/arm-none-eabi/4.7.4/../../../../arm-none-eabi/lib\libc_s.a(lib_a-mallocr.o)
                0x20003f98                _malloc_r
 .text.memcpy   0x20004094       0x20 c:/isis/application/toolchain/bin/../lib/gcc/arm-none-eabi/4.7.4/../../../../arm-none-eabi/lib\libc_s.a(lib_a-memcpy.o)
                0x20004094                memcpy
 .text._Balloc  0x200040b4       0xcc c:/isis/application/toolchain/bin/../lib/gcc/arm-none-eabi/4.7.4/../../../../arm-none-eabi/lib\libc_s.a(lib_a-mprec.o)
                0x200040b4                _Balloc
 .text._Bfree   0x20004180       0x5c c:/isis/application/toolchain/bin/../lib/gcc/arm-none-eabi/4.7.4/../../../../arm-none-eabi/lib\libc_s.a(lib_a-mprec.o)
                0x20004180                _Bfree
 .text.__multadd
                0x200041dc       0xbc c:/isis/application/toolchain/bin/../lib/gcc/arm-none-eabi/4.7.4/../../../../arm-none-eabi/lib\libc_s.a(lib_a-mprec.o)
                0x200041dc                __multadd
 .text.__s2b    0x20004298       0xd8 c:/isis/application/toolchain/bin/../lib/gcc/arm-none-eabi/4.7.4/../../../../arm-none-eabi/lib\libc_s.a(lib_a-mprec.o)
                0x20004298                __s2b
 .text.__hi0bits
                0x20004370       0x58 c:/isis/application/toolchain/bin/../lib/gcc/arm-none-eabi/4.7.4/../../../../arm-none-eabi/lib\libc_s.a(lib_a-mprec.o)
                0x20004370                __hi0bits
 .text.__lo0bits
                0x200043c8       0x94 c:/isis/application/toolchain/bin/../lib/gcc/arm-none-eabi/4.7.4/../../../../arm-none-eabi/lib\libc_s.a(lib_a-mprec.o)
                0x200043c8                __lo0bits
 .text.__i2b    0x2000445c       0x24 c:/isis/application/toolchain/bin/../lib/gcc/arm-none-eabi/4.7.4/../../../../arm-none-eabi/lib\libc_s.a(lib_a-mprec.o)
                0x2000445c                __i2b
 .text.__multiply
                0x20004480      0x1ac c:/isis/application/toolchain/bin/../lib/gcc/arm-none-eabi/4.7.4/../../../../arm-none-eabi/lib\libc_s.a(lib_a-mprec.o)
                0x20004480                __multiply
 .text.__pow5mult
                0x2000462c      0x10c c:/isis/application/toolchain/bin/../lib/gcc/arm-none-eabi/4.7.4/../../../../arm-none-eabi/lib\libc_s.a(lib_a-mprec.o)
                0x2000462c                __pow5mult
 .text.__lshift
                0x20004738       0xf0 c:/isis/application/toolchain/bin/../lib/gcc/arm-none-eabi/4.7.4/../../../../arm-none-eabi/lib\libc_s.a(lib_a-mprec.o)
                0x20004738                __lshift
 .text.__mcmp   0x20004828       0x60 c:/isis/application/toolchain/bin/../lib/gcc/arm-none-eabi/4.7.4/../../../../arm-none-eabi/lib\libc_s.a(lib_a-mprec.o)
                0x20004828                __mcmp
 .text.__mdiff  0x20004888      0x128 c:/isis/application/toolchain/bin/../lib/gcc/arm-none-eabi/4.7.4/../../../../arm-none-eabi/lib\libc_s.a(lib_a-mprec.o)
                0x20004888                __mdiff
 .text.__ulp    0x200049b0       0x5c c:/isis/application/toolchain/bin/../lib/gcc/arm-none-eabi/4.7.4/../../../../arm-none-eabi/lib\libc_s.a(lib_a-mprec.o)
                0x200049b0                __ulp
 .text.__b2d    0x20004a0c       0xc8 c:/isis/application/toolchain/bin/../lib/gcc/arm-none-eabi/4.7.4/../../../../arm-none-eabi/lib\libc_s.a(lib_a-mprec.o)
                0x20004a0c                __b2d
 .text.__d2b    0x20004ad4       0xfc c:/isis/application/toolchain/bin/../lib/gcc/arm-none-eabi/4.7.4/../../../../arm-none-eabi/lib\libc_s.a(lib_a-mprec.o)
                0x20004ad4                __d2b
 .text.__ratio  0x20004bd0       0x70 c:/isis/application/toolchain/bin/../lib/gcc/arm-none-eabi/4.7.4/../../../../arm-none-eabi/lib\libc_s.a(lib_a-mprec.o)
                0x20004bd0                __ratio
 .text.__copybits
                0x20004c40       0x4c c:/isis/application/toolchain/bin/../lib/gcc/arm-none-eabi/4.7.4/../../../../arm-none-eabi/lib\libc_s.a(lib_a-mprec.o)
                0x20004c40                __copybits
 .text.__any_on
                0x20004c8c       0x7c c:/isis/application/toolchain/bin/../lib/gcc/arm-none-eabi/4.7.4/../../../../arm-none-eabi/lib\libc_s.a(lib_a-mprec.o)
                0x20004c8c                __any_on
 .text.__fpclassifyd
                0x20004d08       0x6c c:/isis/application/toolchain/bin/../lib/gcc/arm-none-eabi/4.7.4/../../../../arm-none-eabi/lib\libc_s.a(lib_a-s_fpclassify.o)
                0x20004d08                __fpclassifyd
 .text._sbrk_r  0x20004d74       0x3c c:/isis/application/toolchain/bin/../lib/gcc/arm-none-eabi/4.7.4/../../../../arm-none-eabi/lib\libc_s.a(lib_a-sbrkr.o)
                0x20004d74                _sbrk_r
 .text.nanf     0x20004db0        0xc c:/isis/application/toolchain/bin/../lib/gcc/arm-none-eabi/4.7.4/../../../../arm-none-eabi/lib\libc_s.a(lib_a-sf_nan.o)
                0x20004db0                nanf
 .text.sprintf  0x20004dbc       0x6c c:/isis/application/toolchain/bin/../lib/gcc/arm-none-eabi/4.7.4/../../../../arm-none-eabi/lib\libc_s.a(lib_a-sprintf.o)
                0x20004dbc                siprintf
                0x20004dbc                sprintf
 .text.strcmp   0x20004e28       0x1c c:/isis/application/toolchain/bin/../lib/gcc/arm-none-eabi/4.7.4/../../../../arm-none-eabi/lib\libc_s.a(lib_a-strcmp.o)
                0x20004e28                strcmp
 .text.strlen   0x20004e44       0x1c c:/isis/application/toolchain/bin/../lib/gcc/arm-none-eabi/4.7.4/../../../../arm-none-eabi/lib\libc_s.a(lib_a-strlen.o)
                0x20004e44                strlen
 .text.match    0x20004e60       0x54 c:/isis/application/toolchain/bin/../lib/gcc/arm-none-eabi/4.7.4/../../../../arm-none-eabi/lib\libc_s.a(lib_a-strtod.o)
 .text._strtod_r
                0x20004eb4     0x1168 c:/isis/application/toolchain/bin/../lib/gcc/arm-none-eabi/4.7.4/../../../../arm-none-eabi/lib\libc_s.a(lib_a-strtod.o)
                0x20004eb4                _strtod_r
 .text._strtol_r
                0x2000601c      0x1b8 c:/isis/application/toolchain/bin/../lib/gcc/arm-none-eabi/4.7.4/../../../../arm-none-eabi/lib\libc_s.a(lib_a-strtol.o)
                0x2000601c                _strtol_r
 .text.__ssputc_r
                0x200061d4      0x10c c:/isis/application/toolchain/bin/../lib/gcc/arm-none-eabi/4.7.4/../../../../arm-none-eabi/lib\libc_s.a(lib_a-svfprintf.o)
                0x200061d4                __ssputc_r
 .text._svfprintf_r
                0x200062e0      0x328 c:/isis/application/toolchain/bin/../lib/gcc/arm-none-eabi/4.7.4/../../../../arm-none-eabi/lib\libc_s.a(lib_a-svfprintf.o)
                0x200062e0                _svfiprintf_r
                0x200062e0                _svfprintf_r
 .text._calloc_r
                0x20006608       0x2c c:/isis/application/toolchain/bin/../lib/gcc/arm-none-eabi/4.7.4/../../../../arm-none-eabi/lib\libc_s.a(lib_a-callocr.o)
                0x20006608                _calloc_r
 .text._free_r  0x20006634      0x108 c:/isis/application/toolchain/bin/../lib/gcc/arm-none-eabi/4.7.4/../../../../arm-none-eabi/lib\libc_s.a(lib_a-freer.o)
                0x20006634                _free_r
 .text.rshift   0x2000673c       0xb0 c:/isis/application/toolchain/bin/../lib/gcc/arm-none-eabi/4.7.4/../../../../arm-none-eabi/lib\libc_s.a(lib_a-gdtoa-gethex.o)
 .text.htinit.constprop.0
                0x200067ec       0x34 c:/isis/application/toolchain/bin/../lib/gcc/arm-none-eabi/4.7.4/../../../../arm-none-eabi/lib\libc_s.a(lib_a-gdtoa-gethex.o)
 .text.__hexdig_init
                0x20006820       0x38 c:/isis/application/toolchain/bin/../lib/gcc/arm-none-eabi/4.7.4/../../../../arm-none-eabi/lib\libc_s.a(lib_a-gdtoa-gethex.o)
                0x20006820                __hexdig_init
 .text.__gethex
                0x20006858      0x6cc c:/isis/application/toolchain/bin/../lib/gcc/arm-none-eabi/4.7.4/../../../../arm-none-eabi/lib\libc_s.a(lib_a-gdtoa-gethex.o)
                0x20006858                __gethex
 .text.L_shift  0x20006f24       0x38 c:/isis/application/toolchain/bin/../lib/gcc/arm-none-eabi/4.7.4/../../../../arm-none-eabi/lib\libc_s.a(lib_a-gdtoa-hexnan.o)
 .text.__hexnan
                0x20006f5c      0x1d8 c:/isis/application/toolchain/bin/../lib/gcc/arm-none-eabi/4.7.4/../../../../arm-none-eabi/lib\libc_s.a(lib_a-gdtoa-hexnan.o)
                0x20006f5c                __hexnan
 .text.memchr   0x20007134       0x34 c:/isis/application/toolchain/bin/../lib/gcc/arm-none-eabi/4.7.4/../../../../arm-none-eabi/lib\libc_s.a(lib_a-memchr.o)
                0x20007134                memchr
 .text.memset   0x20007168       0x1c c:/isis/application/toolchain/bin/../lib/gcc/arm-none-eabi/4.7.4/../../../../arm-none-eabi/lib\libc_s.a(lib_a-memset.o)
                0x20007168                memset
 .text._realloc_r
                0x20007184       0x80 c:/isis/application/toolchain/bin/../lib/gcc/arm-none-eabi/4.7.4/../../../../arm-none-eabi/lib\libc_s.a(lib_a-reallocr.o)
                0x20007184                _realloc_r
 .text.strncmp  0x20007204       0x64 c:/isis/application/toolchain/bin/../lib/gcc/arm-none-eabi/4.7.4/../../../../arm-none-eabi/lib\libc_s.a(lib_a-strncmp.o)
                0x20007204                strncmp
 .text._malloc_usable_size_r
                0x20007268       0x1c c:/isis/application/toolchain/bin/../lib/gcc/arm-none-eabi/4.7.4/../../../../arm-none-eabi/lib\libc_s.a(lib_a-msizer.o)
                0x20007268                _malloc_usable_size_r
 .text.cmd_mute
                0x20007284       0xc4 ./src/sub-systemCode/Main/CMD/COMM_CMD.o
                0x20007284                cmd_mute
 .text.cmd_unmute
                0x20007348       0x4c ./src/sub-systemCode/Main/CMD/COMM_CMD.o
                0x20007348                cmd_unmute
 .text.cmd_active_trans
                0x20007394       0xc0 ./src/sub-systemCode/Main/CMD/COMM_CMD.o
                0x20007394                cmd_active_trans
 .text.cmd_shut_trans
                0x20007454       0x38 ./src/sub-systemCode/Main/CMD/COMM_CMD.o
                0x20007454                cmd_shut_trans
 .text.cmd_change_trans_rssi
                0x2000748c      0x100 ./src/sub-systemCode/Main/CMD/COMM_CMD.o
                0x2000748c                cmd_change_trans_rssi
 .text.cmd_aprs_dump
                0x2000758c       0x50 ./src/sub-systemCode/Main/CMD/COMM_CMD.o
                0x2000758c                cmd_aprs_dump
 .text.cmd_stop_dump
                0x200075dc       0x38 ./src/sub-systemCode/Main/CMD/COMM_CMD.o
                0x200075dc                cmd_stop_dump
 .text.cmd_time_frequency
                0x20007614       0xc0 ./src/sub-systemCode/Main/CMD/COMM_CMD.o
                0x20007614                cmd_time_frequency
 .text.cmd_change_def_bit_rate
                0x200076d4      0x158 ./src/sub-systemCode/Main/CMD/COMM_CMD.o
                0x200076d4                cmd_change_def_bit_rate
 .text.cmd_upload_volt_logic
                0x2000782c      0x334 ./src/sub-systemCode/Main/CMD/EPS_CMD.o
                0x2000782c                cmd_upload_volt_logic
 .text.cmd_upload_volt_COMM
                0x20007b60      0x1c8 ./src/sub-systemCode/Main/CMD/EPS_CMD.o
                0x20007b60                cmd_upload_volt_COMM
 .text.cmd_heater_temp
                0x20007d28       0xc0 ./src/sub-systemCode/Main/CMD/EPS_CMD.o
                0x20007d28                cmd_heater_temp
 .text.cmd_SHUT_CAM
                0x20007de8       0x6c ./src/sub-systemCode/Main/CMD/EPS_CMD.o
                0x20007de8                cmd_SHUT_CAM
 .text.cmd_SHUT_ADCS
                0x20007e54       0x6c ./src/sub-systemCode/Main/CMD/EPS_CMD.o
                0x20007e54                cmd_SHUT_ADCS
 .text.cmd_allow_CAM
                0x20007ec0       0x6c ./src/sub-systemCode/Main/CMD/EPS_CMD.o
                0x20007ec0                cmd_allow_CAM
 .text.cmd_allow_ADCS
                0x20007f2c       0x6c ./src/sub-systemCode/Main/CMD/EPS_CMD.o
                0x20007f2c                cmd_allow_ADCS
 .text.cmd_update_alpha
                0x20007f98       0xfc ./src/sub-systemCode/Main/CMD/EPS_CMD.o
                0x20007f98                cmd_update_alpha
 .text.cmd_generic_I2C
                0x20008094       0xb4 ./src/sub-systemCode/Main/CMD/General_CMD.o
                0x20008094                cmd_generic_I2C
 .text.cmd_dump
                0x20008148       0xf0 ./src/sub-systemCode/Main/CMD/General_CMD.o
                0x20008148                cmd_dump
 .text.cmd_delete_TM
                0x20008238      0x230 ./src/sub-systemCode/Main/CMD/General_CMD.o
                0x20008238                cmd_delete_TM
 .text.cmd_reset_file
                0x20008468      0x118 ./src/sub-systemCode/Main/CMD/General_CMD.o
                0x20008468                cmd_reset_file
 .text.cmd_dummy_func
                0x20008580       0x40 ./src/sub-systemCode/Main/CMD/General_CMD.o
                0x20008580                cmd_dummy_func
 .text.cmd_soft_reset_cmponent
                0x200085c0       0xac ./src/sub-systemCode/Main/CMD/General_CMD.o
                0x200085c0                cmd_soft_reset_cmponent
 .text.cmd_hard_reset_cmponent
                0x2000866c       0xac ./src/sub-systemCode/Main/CMD/General_CMD.o
                0x2000866c                cmd_hard_reset_cmponent
 .text.cmd_reset_satellite
                0x20008718       0x78 ./src/sub-systemCode/Main/CMD/General_CMD.o
                0x20008718                cmd_reset_satellite
 .text.cmd_gracefull_reset_satellite
                0x20008790       0x78 ./src/sub-systemCode/Main/CMD/General_CMD.o
                0x20008790                cmd_gracefull_reset_satellite
 .text.cmd_upload_time
                0x20008808       0xb0 ./src/sub-systemCode/Main/CMD/General_CMD.o
                0x20008808                cmd_upload_time
 .text.cmd_ARM_DIARM
                0x200088b8       0xd4 ./src/sub-systemCode/Main/CMD/General_CMD.o
                0x200088b8                cmd_ARM_DIARM
 .text.cmd_get_onlineTM
                0x2000898c       0xb8 ./src/sub-systemCode/Main/CMD/General_CMD.o
                0x2000898c                cmd_get_onlineTM
 .text.cmd_reset_off_line
                0x20008a44       0x68 ./src/sub-systemCode/Main/CMD/General_CMD.o
                0x20008a44                cmd_reset_off_line
 .text.cmd_add_item_off_line
                0x20008aac       0xf0 ./src/sub-systemCode/Main/CMD/General_CMD.o
                0x20008aac                cmd_add_item_off_line
 .text.cmd_reset_delayed_command_list
                0x20008b9c       0x3c ./src/sub-systemCode/Main/CMD/SW_CMD.o
                0x20008b9c                cmd_reset_delayed_command_list
 .text.cmd_reset_APRS_list
                0x20008bd8       0x3c ./src/sub-systemCode/Main/CMD/SW_CMD.o
                0x20008bd8                cmd_reset_APRS_list
 .text.cmd_reset_FRAM
                0x20008c14       0xe8 ./src/sub-systemCode/Main/CMD/SW_CMD.o
                0x20008c14                cmd_reset_FRAM
 .text.ARM_ants
                0x20008cfc       0xb8 ./src/sub-systemCode/Main/Ants.o
                0x20008cfc                ARM_ants
 .text.DISARM_ants
                0x20008db4       0xb8 ./src/sub-systemCode/Main/Ants.o
                0x20008db4                DISARM_ants
 .text.round_vol
                0x20008e6c      0x124 ./src/sub-systemCode/Main/EPS.o
                0x20008e6c                round_vol
 .text.get_shut_ADCS
                0x20008f90       0x48 ./src/sub-systemCode/Main/EPS.o
                0x20008f90                get_shut_ADCS
 .text.shut_ADCS
                0x20008fd8       0x44 ./src/sub-systemCode/Main/EPS.o
                0x20008fd8                shut_ADCS
 .text.get_shut_CAM
                0x2000901c       0x48 ./src/sub-systemCode/Main/EPS.o
                0x2000901c                get_shut_CAM
 .text.shut_CAM
                0x20009064       0x44 ./src/sub-systemCode/Main/EPS.o
                0x20009064                shut_CAM
 .text.update_powerLines
                0x200090a8       0xec ./src/sub-systemCode/Main/EPS.o
                0x200090a8                update_powerLines
 .text.init_enterMode
                0x20009194       0x88 ./src/sub-systemCode/Main/EPS.o
                0x20009194                init_enterMode
 .text.EPS_Init
                0x2000921c      0x1c8 ./src/sub-systemCode/Main/EPS.o
                0x2000921c                EPS_Init
 .text.reset_FRAM_EPS
                0x200093e4       0xe0 ./src/sub-systemCode/Main/EPS.o
                0x200093e4                reset_FRAM_EPS
 .text.reset_EPS_voltages
                0x200094c4       0xbc ./src/sub-systemCode/Main/EPS.o
                0x200094c4                reset_EPS_voltages
 .text.battery_downward
                0x20009580      0x114 ./src/sub-systemCode/Main/EPS.o
                0x20009580                battery_downward
 .text.battery_upward
                0x20009694      0x120 ./src/sub-systemCode/Main/EPS.o
                0x20009694                battery_upward
 .text.EPS_Conditioning
                0x200097b4      0x230 ./src/sub-systemCode/Main/EPS.o
                0x200097b4                EPS_Conditioning
 .text.overRide_ADCS
                0x200099e4       0x50 ./src/sub-systemCode/Main/EPS.o
                0x200099e4                overRide_ADCS
 .text.overRide_Camera
                0x20009a34       0x38 ./src/sub-systemCode/Main/EPS.o
                0x20009a34                overRide_Camera
 .text.EnterFullMode
                0x20009a6c       0xfc ./src/sub-systemCode/Main/EPS.o
                0x20009a6c                EnterFullMode
 .text.EnterCruiseMode
                0x20009b68       0xec ./src/sub-systemCode/Main/EPS.o
                0x20009b68                EnterCruiseMode
 .text.EnterSafeMode
                0x20009c54       0xec ./src/sub-systemCode/Main/EPS.o
                0x20009c54                EnterSafeMode
 .text.EnterCriticalMode
                0x20009d40       0xd8 ./src/sub-systemCode/Main/EPS.o
                0x20009d40                EnterCriticalMode
 .text.check_EPSTableCorrection
                0x20009e18      0x120 ./src/sub-systemCode/Main/EPS.o
                0x20009e18                check_EPSTableCorrection
 .text.find_fileName
                0x20009f38      0x5e4 ./src/sub-systemCode/Main/HouseKeeping.o
                0x20009f38                find_fileName
 .text.size_of_element
                0x2000a51c      0x108 ./src/sub-systemCode/Main/HouseKeeping.o
                0x2000a51c                size_of_element
 .text.save_ACK
                0x2000a624       0xa0 ./src/sub-systemCode/Main/HouseKeeping.o
                0x2000a624                save_ACK
 .text.set_GP_EPS
                0x2000a6c4      0x10c ./src/sub-systemCode/Main/HouseKeeping.o
                0x2000a6c4                set_GP_EPS
 .text.set_GP_COMM
                0x2000a7d0       0x88 ./src/sub-systemCode/Main/HouseKeeping.o
                0x2000a7d0                set_GP_COMM
 .text.SP_HK_collect
                0x2000a858      0x17c ./src/sub-systemCode/Main/HouseKeeping.o
                0x2000a858                SP_HK_collect
 .text.EPS_HK_collect
                0x2000a9d4      0x4d8 ./src/sub-systemCode/Main/HouseKeeping.o
                0x2000a9d4                EPS_HK_collect
 .text.CAM_HK_collect
                0x2000aeac      0x91c ./src/sub-systemCode/Main/HouseKeeping.o
                0x2000aeac                CAM_HK_collect
 .text.COMM_HK_collect
                0x2000b7c8      0x20c ./src/sub-systemCode/Main/HouseKeeping.o
                0x2000b7c8                COMM_HK_collect
 .text.COMM_create_file
                0x2000b9d4       0x74 ./src/sub-systemCode/Main/HouseKeeping.o
                0x2000b9d4                COMM_create_file
 .text.ACK_create_file
                0x2000ba48       0x74 ./src/sub-systemCode/Main/HouseKeeping.o
                0x2000ba48                ACK_create_file
 .text.EPS_create_file
                0x2000babc       0x74 ./src/sub-systemCode/Main/HouseKeeping.o
                0x2000babc                EPS_create_file
 .text.CAM_create_file
                0x2000bb30       0x54 ./src/sub-systemCode/Main/HouseKeeping.o
                0x2000bb30                CAM_create_file
 .text.SP_create_file
                0x2000bb84       0x54 ./src/sub-systemCode/Main/HouseKeeping.o
                0x2000bb84                SP_create_file
 .text.create_files
                0x2000bbd8       0x48 ./src/sub-systemCode/Main/HouseKeeping.o
                0x2000bbd8                create_files
 .text.save_SP_HK
                0x2000bc20       0x70 ./src/sub-systemCode/Main/HouseKeeping.o
                0x2000bc20                save_SP_HK
 .text.save_EPS_HK
                0x2000bc90       0x70 ./src/sub-systemCode/Main/HouseKeeping.o
                0x2000bc90                save_EPS_HK
 .text.save_CAM_HK
                0x2000bd00       0x84 ./src/sub-systemCode/Main/HouseKeeping.o
                0x2000bd00                save_CAM_HK
 .text.save_COMM_HK
                0x2000bd84       0x70 ./src/sub-systemCode/Main/HouseKeeping.o
                0x2000bd84                save_COMM_HK
 .text.EPS_HK_raw_BigEnE
                0x2000bdf4      0x194 ./src/sub-systemCode/Main/HouseKeeping.o
                0x2000bdf4                EPS_HK_raw_BigEnE
 .text.CAM_HK_raw_BigEnE
                0x2000bf88      0x194 ./src/sub-systemCode/Main/HouseKeeping.o
                0x2000bf88                CAM_HK_raw_BigEnE
 .text.COMM_HK_raw_BigEnE
                0x2000c11c      0x19c ./src/sub-systemCode/Main/HouseKeeping.o
                0x2000c11c                COMM_HK_raw_BigEnE
 .text.ADCS_HK_raw_BigEnE
                0x2000c2b8      0x194 ./src/sub-systemCode/Main/HouseKeeping.o
                0x2000c2b8                ADCS_HK_raw_BigEnE
 .text.SP_HK_raw_BiEnE
                0x2000c44c      0x194 ./src/sub-systemCode/Main/HouseKeeping.o
                0x2000c44c                SP_HK_raw_BiEnE
 .text.ADCS_SC_raw_BigEnE
                0x2000c5e0      0x188 ./src/sub-systemCode/Main/HouseKeeping.o
                0x2000c5e0                ADCS_SC_raw_BigEnE
 .text.build_HK_spl_packet
                0x2000c768      0xa2c ./src/sub-systemCode/Main/HouseKeeping.o
                0x2000c768                build_HK_spl_packet
 .text.HouseKeeping_highRate_Task
                0x2000d194       0x88 ./src/sub-systemCode/Main/HouseKeeping.o
                0x2000d194                HouseKeeping_highRate_Task
 .text.HouseKeeping_lowRate_Task
                0x2000d21c       0x84 ./src/sub-systemCode/Main/HouseKeeping.o
                0x2000d21c                HouseKeeping_lowRate_Task
 .text.test_menu
                0x2000d2a0       0xd8 ./src/sub-systemCode/Main/Main_Init.o
                0x2000d2a0                test_menu
 .text.numberOfRestarts
                0x2000d378       0x94 ./src/sub-systemCode/Main/Main_Init.o
                0x2000d378                numberOfRestarts
 .text.StartFRAM
                0x2000d40c       0x38 ./src/sub-systemCode/Main/Main_Init.o
                0x2000d40c                StartFRAM
 .text.StartI2C
                0x2000d444       0x44 ./src/sub-systemCode/Main/Main_Init.o
                0x2000d444                StartI2C
 .text.StartSPI
                0x2000d488       0x40 ./src/sub-systemCode/Main/Main_Init.o
                0x2000d488                StartSPI
 .text.StartTIME
                0x2000d4c8      0x118 ./src/sub-systemCode/Main/Main_Init.o
                0x2000d4c8                StartTIME
 .text.first_activation
                0x2000d5e0       0x78 ./src/sub-systemCode/Main/Main_Init.o
                0x2000d5e0                first_activation
 .text.InitSubsystems
                0x2000d658       0x68 ./src/sub-systemCode/Main/Main_Init.o
                0x2000d658                InitSubsystems
 .text.SubSystemTaskStart
                0x2000d6c0      0x11c ./src/sub-systemCode/Main/Main_Init.o
                0x2000d6c0                SubSystemTaskStart
 .text.save_ACK_s
                0x2000d7dc       0x5c ./src/sub-systemCode/Main/commands.o
                0x2000d7dc                save_ACK_s
 .text.copy_command
                0x2000d838       0x80 ./src/sub-systemCode/Main/commands.o
                0x2000d838                copy_command
 .text.reset_command
                0x2000d8b8       0x28 ./src/sub-systemCode/Main/commands.o
                0x2000d8b8                reset_command
 .text.init_command
                0x2000d8e0       0xd4 ./src/sub-systemCode/Main/commands.o
                0x2000d8e0                init_command
 .text.add_command
                0x2000d9b4      0x138 ./src/sub-systemCode/Main/commands.o
                0x2000d9b4                add_command
 .text.get_command
                0x2000daec      0x1cc ./src/sub-systemCode/Main/commands.o
                0x2000daec                get_command
 .text.act_upon_command
                0x2000dcb8      0x200 ./src/sub-systemCode/Main/commands.o
                0x2000dcb8                act_upon_command
 .text.cmd_error
                0x2000deb8       0x38 ./src/sub-systemCode/Main/commands.o
                0x2000deb8                cmd_error
 .text.AUC_COMM
                0x2000def0      0x25c ./src/sub-systemCode/Main/commands.o
                0x2000def0                AUC_COMM
 .text.AUC_general
                0x2000e14c      0x474 ./src/sub-systemCode/Main/commands.o
                0x2000e14c                AUC_general
 .text.AUC_payload
                0x2000e5c0      0x110 ./src/sub-systemCode/Main/commands.o
                0x2000e5c0                AUC_payload
 .text.AUC_EPS  0x2000e6d0      0x28c ./src/sub-systemCode/Main/commands.o
                0x2000e6d0                AUC_EPS
 .text.AUC_ADCS
                0x2000e95c       0x5c ./src/sub-systemCode/Main/commands.o
                0x2000e95c                AUC_ADCS
 .text.AUC_SW   0x2000e9b8       0xe4 ./src/sub-systemCode/Main/commands.o
                0x2000e9b8                AUC_SW
 .text.AUC_onlineTM
                0x2000ea9c      0x16c ./src/sub-systemCode/Main/commands.o
                0x2000ea9c                AUC_onlineTM
 .text.AUC_special_operation
                0x2000ec08       0x8c ./src/sub-systemCode/Main/commands.o
                0x2000ec08                AUC_special_operation
 .text.check_int
                0x2000ec94       0x3c ./src/sub-systemCode/Global/Global.o
                0x2000ec94                check_int
 .text.check_portBASE_TYPE
                0x2000ecd0       0x3c ./src/sub-systemCode/Global/Global.o
                0x2000ecd0                check_portBASE_TYPE
 .text.soft_reset_subsystem
                0x2000ed0c       0xd8 ./src/sub-systemCode/Global/Global.o
                0x2000ed0c                soft_reset_subsystem
 .text.hard_reset_subsystem
                0x2000ede4      0x104 ./src/sub-systemCode/Global/Global.o
                0x2000ede4                hard_reset_subsystem
 .text.BigEnE_raw_to_uInt
                0x2000eee8       0x94 ./src/sub-systemCode/Global/Global.o
                0x2000eee8                BigEnE_raw_to_uInt
 .text.BigEnE_raw_to_uShort
                0x2000ef7c       0x50 ./src/sub-systemCode/Global/Global.o
                0x2000ef7c                BigEnE_raw_to_uShort
 .text.BigEnE_uInt_to_raw
                0x2000efcc       0x78 ./src/sub-systemCode/Global/Global.o
                0x2000efcc                BigEnE_uInt_to_raw
 .text.reset_FRAM_MAIN
                0x2000f044      0x19c ./src/sub-systemCode/Global/Global.o
                0x2000f044                reset_FRAM_MAIN
 .text.terminateTask
                0x2000f1e0       0x18 ./src/sub-systemCode/Global/Global.o
                0x2000f1e0                terminateTask
 .text.init_GP  0x2000f1f8      0x300 ./src/sub-systemCode/Global/GlobalParam.o
                0x2000f1f8                init_GP
 .text.get_system_state
                0x2000f4f8      0x268 ./src/sub-systemCode/Global/GlobalParam.o
                0x2000f4f8                get_system_state
 .text.set_system_state
                0x2000f760      0x298 ./src/sub-systemCode/Global/GlobalParam.o
                0x2000f760                set_system_state
 .text.get_current_global_param
                0x2000f9f8      0x5c8 ./src/sub-systemCode/Global/GlobalParam.o
                0x2000f9f8                get_current_global_param
 .text.set_Vbatt
                0x2000ffc0       0x8c ./src/sub-systemCode/Global/GlobalParam.o
                0x2000ffc0                set_Vbatt
 .text.get_Vbatt
                0x2001004c       0x8c ./src/sub-systemCode/Global/GlobalParam.o
                0x2001004c                get_Vbatt
 .text.set_curBat
                0x200100d8       0x8c ./src/sub-systemCode/Global/GlobalParam.o
                0x200100d8                set_curBat
 .text.set_cur3V3
                0x20010164       0x8c ./src/sub-systemCode/Global/GlobalParam.o
                0x20010164                set_cur3V3
 .text.set_cur5V
                0x200101f0       0x8c ./src/sub-systemCode/Global/GlobalParam.o
                0x200101f0                set_cur5V
 .text.set_tempComm_LO
                0x2001027c       0x8c ./src/sub-systemCode/Global/GlobalParam.o
                0x2001027c                set_tempComm_LO
 .text.set_tempComm_PA
                0x20010308       0x8c ./src/sub-systemCode/Global/GlobalParam.o
                0x20010308                set_tempComm_PA
 .text.set_tempEPS
                0x20010394       0xc8 ./src/sub-systemCode/Global/GlobalParam.o
                0x20010394                set_tempEPS
 .text.set_tempBatt
                0x2001045c       0xc8 ./src/sub-systemCode/Global/GlobalParam.o
                0x2001045c                set_tempBatt
 .text.set_RxDoppler
                0x20010524       0x8c ./src/sub-systemCode/Global/GlobalParam.o
                0x20010524                set_RxDoppler
 .text.set_RxRSSI
                0x200105b0       0x8c ./src/sub-systemCode/Global/GlobalParam.o
                0x200105b0                set_RxRSSI
 .text.set_TxRefl
                0x2001063c       0x8c ./src/sub-systemCode/Global/GlobalParam.o
                0x2001063c                set_TxRefl
 .text.set_TxForw
                0x200106c8       0x8c ./src/sub-systemCode/Global/GlobalParam.o
                0x200106c8                set_TxForw
 .text.get_ST   0x20010754       0x8c ./src/sub-systemCode/Global/GlobalParam.o
                0x20010754                get_ST
 .text.set_numOfAPRS
                0x200107e0       0x8c ./src/sub-systemCode/Global/GlobalParam.o
                0x200107e0                set_numOfAPRS
 .text.set_numOfDelayedCommand
                0x2001086c       0x8c ./src/sub-systemCode/Global/GlobalParam.o
                0x2001086c                set_numOfDelayedCommand
 .text.set_numOfResets
                0x200108f8       0xac ./src/sub-systemCode/Global/GlobalParam.o
                0x200108f8                set_numOfResets
 .text.set_ground_conn
                0x200109a4       0xa0 ./src/sub-systemCode/Global/GlobalParam.o
                0x200109a4                set_ground_conn
 .text.get_ground_conn
                0x20010a44       0xa0 ./src/sub-systemCode/Global/GlobalParam.o
                0x20010a44                get_ground_conn
 .text.IsisAntS_getStatusData_sideA
                0x20010ae4       0x3c ./src/sub-systemCode/Global/OnlineTM.o
                0x20010ae4                IsisAntS_getStatusData_sideA
 .text.IsisAntS_getAlltelemetry_sideA
                0x20010b20       0x3c ./src/sub-systemCode/Global/OnlineTM.o
                0x20010b20                IsisAntS_getAlltelemetry_sideA
 .text.IsisAntS_getTemperature_sideA
                0x20010b5c       0x3c ./src/sub-systemCode/Global/OnlineTM.o
                0x20010b5c                IsisAntS_getTemperature_sideA
 .text.IsisAntS_getStatusData_sideB
                0x20010b98       0x3c ./src/sub-systemCode/Global/OnlineTM.o
                0x20010b98                IsisAntS_getStatusData_sideB
 .text.IsisAntS_getAlltelemetry_sideB
                0x20010bd4       0x3c ./src/sub-systemCode/Global/OnlineTM.o
                0x20010bd4                IsisAntS_getAlltelemetry_sideB
 .text.IsisAntS_getTemperature_sideB
                0x20010c10       0x3c ./src/sub-systemCode/Global/OnlineTM.o
                0x20010c10                IsisAntS_getTemperature_sideB
 .text.get_item_by_index
                0x20010c4c       0xd8 ./src/sub-systemCode/Global/OnlineTM.o
                0x20010c4c                get_item_by_index
 .text.init_onlineParam
                0x20010d24      0xc80 ./src/sub-systemCode/Global/OnlineTM.o
                0x20010d24                init_onlineParam
 .text.reset_offline_TM_list
                0x200119a4       0x50 ./src/sub-systemCode/Global/OnlineTM.o
                0x200119a4                reset_offline_TM_list
 .text.get_online_packet
                0x200119f4      0x254 ./src/sub-systemCode/Global/OnlineTM.o
                0x200119f4                get_online_packet
 .text.save_onlineTM_param
                0x20011c48      0x1a4 ./src/sub-systemCode/Global/OnlineTM.o
                0x20011c48                save_onlineTM_param
 .text.add_onlineTM_param_to_save_list
                0x20011dec      0x214 ./src/sub-systemCode/Global/OnlineTM.o
                0x20011dec                add_onlineTM_param_to_save_list
 .text.save_onlineTM_logic
                0x20012000      0x180 ./src/sub-systemCode/Global/OnlineTM.o
                0x20012000                save_onlineTM_logic
 .text.save_onlineTM_task
                0x20012180       0x54 ./src/sub-systemCode/Global/OnlineTM.o
                0x20012180                save_onlineTM_task
 .text.delete_allTMFilesFromSD
                0x200121d4       0xf8 ./src/sub-systemCode/Global/TLM_management.o
                0x200121d4                delete_allTMFilesFromSD
 .text.getNumOfFilesInFS
                0x200122cc       0x44 ./src/sub-systemCode/Global/TLM_management.o
 .text.setNumOfFilesInFS
                0x20012310       0x50 ./src/sub-systemCode/Global/TLM_management.o
 .text.f_managed_enterFS
                0x20012360       0xb0 ./src/sub-systemCode/Global/TLM_management.o
                0x20012360                f_managed_enterFS
 .text.f_managed_releaseFS
                0x20012410       0x58 ./src/sub-systemCode/Global/TLM_management.o
                0x20012410                f_managed_releaseFS
 .text.f_managed_open
                0x20012468      0x10c ./src/sub-systemCode/Global/TLM_management.o
                0x20012468                f_managed_open
 .text.f_managed_close
                0x20012574       0x7c ./src/sub-systemCode/Global/TLM_management.o
                0x20012574                f_managed_close
 .text.createSemahores_FS
                0x200125f0       0x7c ./src/sub-systemCode/Global/TLM_management.o
                0x200125f0                createSemahores_FS
 .text.InitializeFS
                0x2001266c      0x1a8 ./src/sub-systemCode/Global/TLM_management.o
                0x2001266c                InitializeFS
 .text.c_fileCreate
                0x20012814       0xf4 ./src/sub-systemCode/Global/TLM_management.o
                0x20012814                c_fileCreate
 .text.writewithEpochtime
                0x20012908       0xa4 ./src/sub-systemCode/Global/TLM_management.o
 .text.get_C_FILE_struct
                0x200129ac      0x104 ./src/sub-systemCode/Global/TLM_management.o
 .text.getFileIndex
                0x20012ab0       0x4c ./src/sub-systemCode/Global/TLM_management.o
 .text.get_file_name_by_index
                0x20012afc       0x54 ./src/sub-systemCode/Global/TLM_management.o
                0x20012afc                get_file_name_by_index
 .text.c_fileReset
                0x20012b50       0xbc ./src/sub-systemCode/Global/TLM_management.o
                0x20012b50                c_fileReset
 .text.c_fileWrite
                0x20012c0c      0x140 ./src/sub-systemCode/Global/TLM_management.o
                0x20012c0c                c_fileWrite
 .text.deleteElementsFromFile
                0x20012d4c      0x194 ./src/sub-systemCode/Global/TLM_management.o
 .text.c_fileDeleteElements
                0x20012ee0      0x168 ./src/sub-systemCode/Global/TLM_management.o
                0x20012ee0                c_fileDeleteElements
 .text.c_fileRead
                0x20013048      0x2c8 ./src/sub-systemCode/Global/TLM_management.o
                0x20013048                c_fileRead
 .text.reset_APRS_list
                0x20013310       0xa4 ./src/sub-systemCode/COMM/APRS.o
                0x20013310                reset_APRS_list
 .text.send_APRS_Dump
                0x200133b4      0x1c0 ./src/sub-systemCode/COMM/APRS.o
                0x200133b4                send_APRS_Dump
 .text.get_APRS_list
                0x20013574       0x88 ./src/sub-systemCode/COMM/APRS.o
                0x20013574                get_APRS_list
 .text.find_CMD_in_list
                0x200135fc       0x7c ./src/sub-systemCode/COMM/DelayedCommand_list.o
                0x200135fc                find_CMD_in_list
 .text.find_empty_in_list
                0x20013678       0x74 ./src/sub-systemCode/COMM/DelayedCommand_list.o
                0x20013678                find_empty_in_list
 .text.check_delayCommandTime
                0x200136ec       0x8c ./src/sub-systemCode/COMM/DelayedCommand_list.o
                0x200136ec                check_delayCommandTime
 .text.execute_delayedCommand
                0x20013778       0x64 ./src/sub-systemCode/COMM/DelayedCommand_list.o
                0x20013778                execute_delayedCommand
 .text.check_delaycommand
                0x200137dc      0x17c ./src/sub-systemCode/COMM/DelayedCommand_list.o
                0x200137dc                check_delaycommand
 .text.reset_delayCommand
                0x20013958       0x8c ./src/sub-systemCode/COMM/DelayedCommand_list.o
                0x20013958                reset_delayCommand
 .text.add_delayCommand
                0x200139e4      0x1a4 ./src/sub-systemCode/COMM/DelayedCommand_list.o
                0x200139e4                add_delayCommand
 .text.get_delayCommand_list
                0x20013b88       0x80 ./src/sub-systemCode/COMM/DelayedCommand_list.o
                0x20013b88                get_delayCommand_list
 .text.EmptyOldestCommand
                0x20013c08       0xfc ./src/sub-systemCode/COMM/DelayedCommand_list.o
                0x20013c08                EmptyOldestCommand
 .text.decode_TCpacket
                0x20013d04      0x16c ./src/sub-systemCode/COMM/GSC.o
                0x20013d04                decode_TCpacket
 .text.encode_TCpacket
                0x20013e70      0x114 ./src/sub-systemCode/COMM/GSC.o
                0x20013e70                encode_TCpacket
 .text.encode_TMpacket
                0x20013f84      0x104 ./src/sub-systemCode/COMM/GSC.o
                0x20013f84                encode_TMpacket
 .text.build_raw_ACK
                0x20014088       0xbc ./src/sub-systemCode/COMM/GSC.o
                0x20014088                build_raw_ACK
 .text.build_data_field_ACK
                0x20014144       0x74 ./src/sub-systemCode/COMM/GSC.o
                0x20014144                build_data_field_ACK
 .text.update_FRAM_bitRate
                0x200141b8       0xd0 ./src/sub-systemCode/COMM/TRXVU.o
                0x200141b8                update_FRAM_bitRate
 .text.toggle_idle_state
                0x20014288       0x94 ./src/sub-systemCode/COMM/TRXVU.o
                0x20014288                toggle_idle_state
 .text.TRXVU_init_hardWare
                0x2001431c       0x98 ./src/sub-systemCode/COMM/TRXVU.o
                0x2001431c                TRXVU_init_hardWare
 .text.TRXVU_init_softWare
                0x200143b4      0x100 ./src/sub-systemCode/COMM/TRXVU.o
                0x200143b4                TRXVU_init_softWare
 .text.init_trxvu
                0x200144b4       0x14 ./src/sub-systemCode/COMM/TRXVU.o
                0x200144b4                init_trxvu
 .text.TRXVU_task
                0x200144c8       0x9c ./src/sub-systemCode/COMM/TRXVU.o
                0x200144c8                TRXVU_task
 .text.dump_logic
                0x20014564      0x324 ./src/sub-systemCode/COMM/TRXVU.o
                0x20014564                dump_logic
 .text.Dump_task
                0x20014888      0x17c ./src/sub-systemCode/COMM/TRXVU.o
                0x20014888                Dump_task
 .text.transponder_logic
                0x20014a04       0xbc ./src/sub-systemCode/COMM/TRXVU.o
                0x20014a04                transponder_logic
 .text.Transponder_task
                0x20014ac0      0x238 ./src/sub-systemCode/COMM/TRXVU.o
                0x20014ac0                Transponder_task
 .text.lookForRequestToDelete_transponder
                0x20014cf8       0xc0 ./src/sub-systemCode/COMM/TRXVU.o
                0x20014cf8                lookForRequestToDelete_transponder
 .text.lookForRequestToDelete_dump
                0x20014db8       0x78 ./src/sub-systemCode/COMM/TRXVU.o
                0x20014db8                lookForRequestToDelete_dump
 .text.sendRequestToStop_dump
                0x20014e30       0x8c ./src/sub-systemCode/COMM/TRXVU.o
                0x20014e30                sendRequestToStop_dump
 .text.sendRequestToStop_transponder
                0x20014ebc       0x8c ./src/sub-systemCode/COMM/TRXVU.o
                0x20014ebc                sendRequestToStop_transponder
 .text.Rx_logic
                0x20014f48      0x184 ./src/sub-systemCode/COMM/TRXVU.o
                0x20014f48                Rx_logic
 .text.pass_above_Ground
                0x200150cc      0x104 ./src/sub-systemCode/COMM/TRXVU.o
                0x200150cc                pass_above_Ground
 .text.trxvu_logic
                0x200151d0       0x1c ./src/sub-systemCode/COMM/TRXVU.o
                0x200151d0                trxvu_logic
 .text.Beacon_task
                0x200151ec      0x170 ./src/sub-systemCode/COMM/TRXVU.o
                0x200151ec                Beacon_task
 .text.buildAndSend_beacon
                0x2001535c      0x604 ./src/sub-systemCode/COMM/TRXVU.o
                0x2001535c                buildAndSend_beacon
 .text.reset_FRAM_TRXVU
                0x20015960      0x160 ./src/sub-systemCode/COMM/TRXVU.o
                0x20015960                reset_FRAM_TRXVU
 .text.TRX_sendFrame
                0x20015ac0      0x1c0 ./src/sub-systemCode/COMM/TRXVU.o
                0x20015ac0                TRX_sendFrame
 .text.TRX_getFrameData
                0x20015c80      0x10c ./src/sub-systemCode/COMM/TRXVU.o
                0x20015c80                TRX_getFrameData
 .text.mute_Tx  0x20015d8c       0x20 ./src/sub-systemCode/COMM/TRXVU.o
                0x20015d8c                mute_Tx
 .text.unmute_Tx
                0x20015dac       0x58 ./src/sub-systemCode/COMM/TRXVU.o
                0x20015dac                unmute_Tx
 .text.check_time_off_mute
                0x20015e04       0x88 ./src/sub-systemCode/COMM/TRXVU.o
                0x20015e04                check_time_off_mute
 .text.set_mute_time
                0x20015e8c       0xb4 ./src/sub-systemCode/COMM/TRXVU.o
                0x20015e8c                set_mute_time
 .text.change_TRXVU_state
                0x20015f40       0xe0 ./src/sub-systemCode/COMM/TRXVU.o
                0x20015f40                change_TRXVU_state
 .text.change_trans_RSSI
                0x20016020       0x60 ./src/sub-systemCode/COMM/TRXVU.o
                0x20016020                change_trans_RSSI
 .text.init_adcs
                0x20016080      0x104 ./src/sub-systemCode/ADCS/ADCS.o
                0x20016080                init_adcs
 .text.telemtryStart
                0x20016184      0x16c ./src/sub-systemCode/ADCS/Stage_Table.o
                0x20016184                telemtryStart
 .text.powerStart
                0x200162f0       0x5c ./src/sub-systemCode/ADCS/Stage_Table.o
                0x200162f0                powerStart
 .text.createTable
                0x2001634c       0xb4 ./src/sub-systemCode/ADCS/Stage_Table.o
                0x2001634c                createTable
 .text.buildControlMode
                0x20016400       0x60 ./src/sub-systemCode/ADCS/Stage_Table.o
                0x20016400                buildControlMode
 .text.Check_Table
                0x20016460      0x178 ./src/sub-systemCode/ADCS/Stage_Table.o
                0x20016460                Check_Table
 .text.updateTable
                0x200165d8      0x1f0 ./src/sub-systemCode/ADCS/Stage_Table.o
                0x200165d8                updateTable
 .text.translateCommandFULL
                0x200167c8       0x78 ./src/sub-systemCode/ADCS/Stage_Table.o
                0x200167c8                translateCommandFULL
 .text.getTableTo
                0x20016840       0x64 ./src/sub-systemCode/ADCS/Stage_Table.o
                0x20016840                getTableTo
 .text.save_time
                0x200168a4       0x9c ./src/main.o
                0x200168a4                save_time
 .text.Command_logic
                0x20016940       0x6c ./src/main.o
                0x20016940                Command_logic
 .text.taskMain
                0x200169ac       0x74 ./src/main.o
                0x200169ac                taskMain
 .text.main     0x20016a20       0xbc ./src/main.o
                0x20016a20                main
 .text.GomEpsInitialize
                0x20016adc      0x148 C:/HOOPOE3/satellite-subsystems/demo/..//satellite-subsystems/lib\libSatelliteSubsystemsD.a(GomEPS.o)
                0x20016adc                GomEpsInitialize
 .text.makeEPStransfer
                0x20016c24       0x3c C:/HOOPOE3/satellite-subsystems/demo/..//satellite-subsystems/lib\libSatelliteSubsystemsD.a(GomEPS.o)
 .text.GomEpsSoftReset
                0x20016c60       0xc4 C:/HOOPOE3/satellite-subsystems/demo/..//satellite-subsystems/lib\libSatelliteSubsystemsD.a(GomEPS.o)
                0x20016c60                GomEpsSoftReset
 .text.GomEpsHardReset
                0x20016d24       0xa8 C:/HOOPOE3/satellite-subsystems/demo/..//satellite-subsystems/lib\libSatelliteSubsystemsD.a(GomEPS.o)
                0x20016d24                GomEpsHardReset
 .text.GomEpsGetHkData_param
                0x20016dcc      0x29c C:/HOOPOE3/satellite-subsystems/demo/..//satellite-subsystems/lib\libSatelliteSubsystemsD.a(GomEPS.o)
                0x20016dcc                GomEpsGetHkData_param
 .text.GomEpsGetHkData_general
                0x20017068      0x45c C:/HOOPOE3/satellite-subsystems/demo/..//satellite-subsystems/lib\libSatelliteSubsystemsD.a(GomEPS.o)
                0x20017068                GomEpsGetHkData_general
 .text.GomEpsGetHkData_vi
                0x200174c4      0x188 C:/HOOPOE3/satellite-subsystems/demo/..//satellite-subsystems/lib\libSatelliteSubsystemsD.a(GomEPS.o)
                0x200174c4                GomEpsGetHkData_vi
 .text.GomEpsGetHkData_out
                0x2001764c      0x21c C:/HOOPOE3/satellite-subsystems/demo/..//satellite-subsystems/lib\libSatelliteSubsystemsD.a(GomEPS.o)
                0x2001764c                GomEpsGetHkData_out
 .text.GomEpsGetHkData_wdt
                0x20017868      0x2b4 C:/HOOPOE3/satellite-subsystems/demo/..//satellite-subsystems/lib\libSatelliteSubsystemsD.a(GomEPS.o)
                0x20017868                GomEpsGetHkData_wdt
 .text.GomEpsGetHkData_basic
                0x20017b1c      0x22c C:/HOOPOE3/satellite-subsystems/demo/..//satellite-subsystems/lib\libSatelliteSubsystemsD.a(GomEPS.o)
                0x20017b1c                GomEpsGetHkData_basic
 .text.GomEpsSetOutput
                0x20017d48       0xbc C:/HOOPOE3/satellite-subsystems/demo/..//satellite-subsystems/lib\libSatelliteSubsystemsD.a(GomEPS.o)
                0x20017d48                GomEpsSetOutput
 .text.GomEpsConfigGet
                0x20017e04      0x16c C:/HOOPOE3/satellite-subsystems/demo/..//satellite-subsystems/lib\libSatelliteSubsystemsD.a(GomEPS.o)
                0x20017e04                GomEpsConfigGet
 .text.GomEpsConfigSet
                0x20017f70      0x184 C:/HOOPOE3/satellite-subsystems/demo/..//satellite-subsystems/lib\libSatelliteSubsystemsD.a(GomEPS.o)
                0x20017f70                GomEpsConfigSet
 .text.GomEpsConfig2Get
                0x200180f4      0x16c C:/HOOPOE3/satellite-subsystems/demo/..//satellite-subsystems/lib\libSatelliteSubsystemsD.a(GomEPS.o)
                0x200180f4                GomEpsConfig2Get
 .text.makeAntStransfer
                0x20018260       0x4c C:/HOOPOE3/satellite-subsystems/demo/..//satellite-subsystems/lib\libSatelliteSubsystemsD.a(IsisAntS.o)
 .text.checkInputsValid
                0x200182ac       0x7c C:/HOOPOE3/satellite-subsystems/demo/..//satellite-subsystems/lib\libSatelliteSubsystemsD.a(IsisAntS.o)
 .text.IsisAntS_setArmStatus
                0x20018328      0x104 C:/HOOPOE3/satellite-subsystems/demo/..//satellite-subsystems/lib\libSatelliteSubsystemsD.a(IsisAntS.o)
                0x20018328                IsisAntS_setArmStatus
 .text.IsisAntS_getStatusData
                0x2001842c      0x120 C:/HOOPOE3/satellite-subsystems/demo/..//satellite-subsystems/lib\libSatelliteSubsystemsD.a(IsisAntS.o)
                0x2001842c                IsisAntS_getStatusData
 .text.IsisAntS_getTemperature
                0x2001854c      0x120 C:/HOOPOE3/satellite-subsystems/demo/..//satellite-subsystems/lib\libSatelliteSubsystemsD.a(IsisAntS.o)
                0x2001854c                IsisAntS_getTemperature
 .text.IsisAntS_getAlltelemetry
                0x2001866c      0x120 C:/HOOPOE3/satellite-subsystems/demo/..//satellite-subsystems/lib\libSatelliteSubsystemsD.a(IsisAntS.o)
                0x2001866c                IsisAntS_getAlltelemetry
 .text.IsisAntS_reset
                0x2001878c      0x104 C:/HOOPOE3/satellite-subsystems/demo/..//satellite-subsystems/lib\libSatelliteSubsystemsD.a(IsisAntS.o)
                0x2001878c                IsisAntS_reset
 .text.IsisSolarPanelv2_initialize
                0x20018890       0xb4 C:/HOOPOE3/satellite-subsystems/demo/..//satellite-subsystems/lib\libSatelliteSubsystemsD.a(IsisSolarPanelv2.o)
                0x20018890                IsisSolarPanelv2_initialize
 .text.IsisSolarPanelv2_getTemperature
                0x20018944       0xc8 C:/HOOPOE3/satellite-subsystems/demo/..//satellite-subsystems/lib\libSatelliteSubsystemsD.a(IsisSolarPanelv2.o)
                0x20018944                IsisSolarPanelv2_getTemperature
 .text.IsisSolarPanelv2_sleep
                0x20018a0c       0xbc C:/HOOPOE3/satellite-subsystems/demo/..//satellite-subsystems/lib\libSatelliteSubsystemsD.a(IsisSolarPanelv2.o)
                0x20018a0c                IsisSolarPanelv2_sleep
 .text.IsisSolarPanelv2_wakeup
                0x20018ac8       0x80 C:/HOOPOE3/satellite-subsystems/demo/..//satellite-subsystems/lib\libSatelliteSubsystemsD.a(IsisSolarPanelv2.o)
                0x20018ac8                IsisSolarPanelv2_wakeup
 .text._Reset   0x20018b48       0x20 C:/HOOPOE3/satellite-subsystems/demo/..//satellite-subsystems/lib\libSatelliteSubsystemsD.a(IsisSolarPanelv2.o)
 .text._WaitForStartup
                0x20018b68       0x90 C:/HOOPOE3/satellite-subsystems/demo/..//satellite-subsystems/lib\libSatelliteSubsystemsD.a(IsisSolarPanelv2.o)
 .text._AssignAllChannels
                0x20018bf8       0x90 C:/HOOPOE3/satellite-subsystems/demo/..//satellite-subsystems/lib\libSatelliteSubsystemsD.a(IsisSolarPanelv2.o)
 .text._AssignThisChannel
                0x20018c88       0xe8 C:/HOOPOE3/satellite-subsystems/demo/..//satellite-subsystems/lib\libSatelliteSubsystemsD.a(IsisSolarPanelv2.o)
 .text._InitiateConversion
                0x20018d70       0xac C:/HOOPOE3/satellite-subsystems/demo/..//satellite-subsystems/lib\libSatelliteSubsystemsD.a(IsisSolarPanelv2.o)
 .text._WaitForConversionComplete
                0x20018e1c      0x100 C:/HOOPOE3/satellite-subsystems/demo/..//satellite-subsystems/lib\libSatelliteSubsystemsD.a(IsisSolarPanelv2.o)
 .text._ReadResult
                0x20018f1c      0x158 C:/HOOPOE3/satellite-subsystems/demo/..//satellite-subsystems/lib\libSatelliteSubsystemsD.a(IsisSolarPanelv2.o)
 .text._ExtractByte
                0x20019074       0x38 C:/HOOPOE3/satellite-subsystems/demo/..//satellite-subsystems/lib\libSatelliteSubsystemsD.a(IsisSolarPanelv2.o)
 .text._ExtendSign
                0x200190ac       0x6c C:/HOOPOE3/satellite-subsystems/demo/..//satellite-subsystems/lib\libSatelliteSubsystemsD.a(IsisSolarPanelv2.o)
 .text._PinsInit
                0x20019118       0x50 C:/HOOPOE3/satellite-subsystems/demo/..//satellite-subsystems/lib\libSatelliteSubsystemsD.a(IsisSolarPanelv2.o)
 .text._SpiWriteRead
                0x20019168       0x70 C:/HOOPOE3/satellite-subsystems/demo/..//satellite-subsystems/lib\libSatelliteSubsystemsD.a(IsisSolarPanelv2.o)
 .text.IsisTrxvu_initialize
                0x200191d8      0x2f4 C:/HOOPOE3/satellite-subsystems/demo/..//satellite-subsystems/lib\libSatelliteSubsystemsD.a(IsisTRXVU.o)
                0x200191d8                IsisTrxvu_initialize
 .text.makeTRXVUtransfer
                0x200194cc       0x44 C:/HOOPOE3/satellite-subsystems/demo/..//satellite-subsystems/lib\libSatelliteSubsystemsD.a(IsisTRXVU.o)
 .text.IsisTrxvu_componentSoftReset
                0x20019510       0x6c C:/HOOPOE3/satellite-subsystems/demo/..//satellite-subsystems/lib\libSatelliteSubsystemsD.a(IsisTRXVU.o)
                0x20019510                IsisTrxvu_componentSoftReset
 .text.IsisTrxvu_componentHardReset
                0x2001957c       0xc8 C:/HOOPOE3/satellite-subsystems/demo/..//satellite-subsystems/lib\libSatelliteSubsystemsD.a(IsisTRXVU.o)
                0x2001957c                IsisTrxvu_componentHardReset
 .text.IsisTrxvu_softReset
                0x20019644       0x74 C:/HOOPOE3/satellite-subsystems/demo/..//satellite-subsystems/lib\libSatelliteSubsystemsD.a(IsisTRXVU.o)
                0x20019644                IsisTrxvu_softReset
 .text.IsisTrxvu_hardReset
                0x200196b8       0x74 C:/HOOPOE3/satellite-subsystems/demo/..//satellite-subsystems/lib\libSatelliteSubsystemsD.a(IsisTRXVU.o)
                0x200196b8                IsisTrxvu_hardReset
 .text.IsisTrxvu_tcSendAX25DefClSign
                0x2001972c       0xec C:/HOOPOE3/satellite-subsystems/demo/..//satellite-subsystems/lib\libSatelliteSubsystemsD.a(IsisTRXVU.o)
                0x2001972c                IsisTrxvu_tcSendAX25DefClSign
 .text.IsisTrxvu_tcSetIdlestate
                0x20019818       0xa4 C:/HOOPOE3/satellite-subsystems/demo/..//satellite-subsystems/lib\libSatelliteSubsystemsD.a(IsisTRXVU.o)
                0x20019818                IsisTrxvu_tcSetIdlestate
 .text.IsisTrxvu_tcSetAx25Bitrate
                0x200198bc       0xc4 C:/HOOPOE3/satellite-subsystems/demo/..//satellite-subsystems/lib\libSatelliteSubsystemsD.a(IsisTRXVU.o)
                0x200198bc                IsisTrxvu_tcSetAx25Bitrate
 .text.IsisTrxvu_tcGetTelemetryAll
                0x20019980       0xd0 C:/HOOPOE3/satellite-subsystems/demo/..//satellite-subsystems/lib\libSatelliteSubsystemsD.a(IsisTRXVU.o)
                0x20019980                IsisTrxvu_tcGetTelemetryAll
 .text.IsisTrxvu_tcGetTelemetryAll_revC
                0x20019a50       0xd0 C:/HOOPOE3/satellite-subsystems/demo/..//satellite-subsystems/lib\libSatelliteSubsystemsD.a(IsisTRXVU.o)
                0x20019a50                IsisTrxvu_tcGetTelemetryAll_revC
 .text.IsisTrxvu_rcGetFrameCount
                0x20019b20       0xa0 C:/HOOPOE3/satellite-subsystems/demo/..//satellite-subsystems/lib\libSatelliteSubsystemsD.a(IsisTRXVU.o)
                0x20019b20                IsisTrxvu_rcGetFrameCount
 .text.IsisTrxvu_rcGetCommandFrame
                0x20019bc0      0x2d8 C:/HOOPOE3/satellite-subsystems/demo/..//satellite-subsystems/lib\libSatelliteSubsystemsD.a(IsisTRXVU.o)
                0x20019bc0                IsisTrxvu_rcGetCommandFrame
 .text.IsisTrxvu_rcGetTelemetryAll
                0x20019e98       0xd0 C:/HOOPOE3/satellite-subsystems/demo/..//satellite-subsystems/lib\libSatelliteSubsystemsD.a(IsisTRXVU.o)
                0x20019e98                IsisTrxvu_rcGetTelemetryAll
 .text.IsisTrxvu_rcGetTelemetryAll_revC
                0x20019f68       0xec C:/HOOPOE3/satellite-subsystems/demo/..//satellite-subsystems/lib\libSatelliteSubsystemsD.a(IsisTRXVU.o)
                0x20019f68                IsisTrxvu_rcGetTelemetryAll_revC
 .text.cspaceADCS_initialize
                0x2001a054      0x18c C:/HOOPOE3/satellite-subsystems/demo/..//satellite-subsystems/lib\libSatelliteSubsystemsD.a(cspaceADCS.o)
                0x2001a054                cspaceADCS_initialize
 .text.make_cspaceADCStransfer
                0x2001a1e0      0x1b4 C:/HOOPOE3/satellite-subsystems/demo/..//satellite-subsystems/lib\libSatelliteSubsystemsD.a(cspaceADCS.o)
 .text.cspaceADCS_componentReset
                0x2001a394       0xbc C:/HOOPOE3/satellite-subsystems/demo/..//satellite-subsystems/lib\libSatelliteSubsystemsD.a(cspaceADCS.o)
                0x2001a394                cspaceADCS_componentReset
 .text.cspaceADCS_setRunMode
                0x2001a450       0xbc C:/HOOPOE3/satellite-subsystems/demo/..//satellite-subsystems/lib\libSatelliteSubsystemsD.a(cspaceADCS.o)
                0x2001a450                cspaceADCS_setRunMode
 .text.cspaceADCS_setPwrCtrlDevice
                0x2001a50c       0xd0 C:/HOOPOE3/satellite-subsystems/demo/..//satellite-subsystems/lib\libSatelliteSubsystemsD.a(cspaceADCS.o)
                0x2001a50c                cspaceADCS_setPwrCtrlDevice
 .text.cspaceADCS_setAttCtrlMode
                0x2001a5dc       0xd0 C:/HOOPOE3/satellite-subsystems/demo/..//satellite-subsystems/lib\libSatelliteSubsystemsD.a(cspaceADCS.o)
                0x2001a5dc                cspaceADCS_setAttCtrlMode
 .text.cspaceADCS_setAttEstMode
                0x2001a6ac       0xbc C:/HOOPOE3/satellite-subsystems/demo/..//satellite-subsystems/lib\libSatelliteSubsystemsD.a(cspaceADCS.o)
                0x2001a6ac                cspaceADCS_setAttEstMode
 .text.cspaceADCS_getCurrentState
                0x2001a768       0xc4 C:/HOOPOE3/satellite-subsystems/demo/..//satellite-subsystems/lib\libSatelliteSubsystemsD.a(cspaceADCS.o)
                0x2001a768                cspaceADCS_getCurrentState
 .text.cspaceADCS_getPwrCtrlDevice
                0x2001a82c       0xc4 C:/HOOPOE3/satellite-subsystems/demo/..//satellite-subsystems/lib\libSatelliteSubsystemsD.a(cspaceADCS.o)
                0x2001a82c                cspaceADCS_getPwrCtrlDevice
 .text.GECKO_GetReg
                0x2001a8f0      0x110 C:/HOOPOE3/satellite-subsystems/demo/..//satellite-subsystems/lib\libSatelliteSubsystemsD.a(gecko_driver.o)
                0x2001a8f0                GECKO_GetReg
 .text.GECKO_GetVoltageInput5V
                0x2001aa00       0xf4 C:/HOOPOE3/satellite-subsystems/demo/..//satellite-subsystems/lib\libSatelliteSubsystemsD.a(gecko_driver.o)
                0x2001aa00                GECKO_GetVoltageInput5V
 .text.GECKO_GetCurrentInput5V
                0x2001aaf4      0x130 C:/HOOPOE3/satellite-subsystems/demo/..//satellite-subsystems/lib\libSatelliteSubsystemsD.a(gecko_driver.o)
                0x2001aaf4                GECKO_GetCurrentInput5V
 .text.GECKO_GetVoltageFPGA1V
                0x2001ac24       0xd4 C:/HOOPOE3/satellite-subsystems/demo/..//satellite-subsystems/lib\libSatelliteSubsystemsD.a(gecko_driver.o)
                0x2001ac24                GECKO_GetVoltageFPGA1V
 .text.GECKO_GetCurrentFPGA1V
                0x2001acf8      0x130 C:/HOOPOE3/satellite-subsystems/demo/..//satellite-subsystems/lib\libSatelliteSubsystemsD.a(gecko_driver.o)
                0x2001acf8                GECKO_GetCurrentFPGA1V
 .text.GECKO_GetVoltageFPGA1V8
                0x2001ae28       0xd4 C:/HOOPOE3/satellite-subsystems/demo/..//satellite-subsystems/lib\libSatelliteSubsystemsD.a(gecko_driver.o)
                0x2001ae28                GECKO_GetVoltageFPGA1V8
 .text.GECKO_GetCurrentFPGA1V8
                0x2001aefc      0x130 C:/HOOPOE3/satellite-subsystems/demo/..//satellite-subsystems/lib\libSatelliteSubsystemsD.a(gecko_driver.o)
                0x2001aefc                GECKO_GetCurrentFPGA1V8
 .text.GECKO_GetVoltageFPGA2V5
                0x2001b02c       0xe8 C:/HOOPOE3/satellite-subsystems/demo/..//satellite-subsystems/lib\libSatelliteSubsystemsD.a(gecko_driver.o)
                0x2001b02c                GECKO_GetVoltageFPGA2V5
 .text.GECKO_GetCurrentFPGA2V5
                0x2001b114      0x130 C:/HOOPOE3/satellite-subsystems/demo/..//satellite-subsystems/lib\libSatelliteSubsystemsD.a(gecko_driver.o)
                0x2001b114                GECKO_GetCurrentFPGA2V5
 .text.GECKO_GetVoltageFPGA3V3
                0x2001b244       0xe8 C:/HOOPOE3/satellite-subsystems/demo/..//satellite-subsystems/lib\libSatelliteSubsystemsD.a(gecko_driver.o)
                0x2001b244                GECKO_GetVoltageFPGA3V3
 .text.GECKO_GetCurrentFPGA3V3
                0x2001b32c      0x130 C:/HOOPOE3/satellite-subsystems/demo/..//satellite-subsystems/lib\libSatelliteSubsystemsD.a(gecko_driver.o)
                0x2001b32c                GECKO_GetCurrentFPGA3V3
 .text.GECKO_GetVoltageFlash1V8
                0x2001b45c       0xd4 C:/HOOPOE3/satellite-subsystems/demo/..//satellite-subsystems/lib\libSatelliteSubsystemsD.a(gecko_driver.o)
                0x2001b45c                GECKO_GetVoltageFlash1V8
 .text.GECKO_GetCurrentFlash1V8
                0x2001b530      0x130 C:/HOOPOE3/satellite-subsystems/demo/..//satellite-subsystems/lib\libSatelliteSubsystemsD.a(gecko_driver.o)
                0x2001b530                GECKO_GetCurrentFlash1V8
 .text.GECKO_GetVoltageFlash3V3
                0x2001b660       0xe8 C:/HOOPOE3/satellite-subsystems/demo/..//satellite-subsystems/lib\libSatelliteSubsystemsD.a(gecko_driver.o)
                0x2001b660                GECKO_GetVoltageFlash3V3
 .text.GECKO_GetCurrentFlash3V3
                0x2001b748      0x130 C:/HOOPOE3/satellite-subsystems/demo/..//satellite-subsystems/lib\libSatelliteSubsystemsD.a(gecko_driver.o)
                0x2001b748                GECKO_GetCurrentFlash3V3
 .text.GECKO_GetVoltageSNSR1V8
                0x2001b878       0xe8 C:/HOOPOE3/satellite-subsystems/demo/..//satellite-subsystems/lib\libSatelliteSubsystemsD.a(gecko_driver.o)
                0x2001b878                GECKO_GetVoltageSNSR1V8
 .text.GECKO_GetCurrentSNSR1V8
                0x2001b960      0x130 C:/HOOPOE3/satellite-subsystems/demo/..//satellite-subsystems/lib\libSatelliteSubsystemsD.a(gecko_driver.o)
                0x2001b960                GECKO_GetCurrentSNSR1V8
 .text.GECKO_GetVoltageSNSRVDDPIX
                0x2001ba90       0xe8 C:/HOOPOE3/satellite-subsystems/demo/..//satellite-subsystems/lib\libSatelliteSubsystemsD.a(gecko_driver.o)
                0x2001ba90                GECKO_GetVoltageSNSRVDDPIX
 .text.GECKO_GetCurrentSNSRVDDPIX
                0x2001bb78      0x130 C:/HOOPOE3/satellite-subsystems/demo/..//satellite-subsystems/lib\libSatelliteSubsystemsD.a(gecko_driver.o)
                0x2001bb78                GECKO_GetCurrentSNSRVDDPIX
 .text.GECKO_GetVoltageSNSR3V3
                0x2001bca8       0xe8 C:/HOOPOE3/satellite-subsystems/demo/..//satellite-subsystems/lib\libSatelliteSubsystemsD.a(gecko_driver.o)
                0x2001bca8                GECKO_GetVoltageSNSR3V3
 .text.GECKO_GetCurrentSNSR3V3
                0x2001bd90      0x130 C:/HOOPOE3/satellite-subsystems/demo/..//satellite-subsystems/lib\libSatelliteSubsystemsD.a(gecko_driver.o)
                0x2001bd90                GECKO_GetCurrentSNSR3V3
 .text.GECKO_GetVoltageFlashVTT09
                0x2001bec0       0xd4 C:/HOOPOE3/satellite-subsystems/demo/..//satellite-subsystems/lib\libSatelliteSubsystemsD.a(gecko_driver.o)
                0x2001bec0                GECKO_GetVoltageFlashVTT09
 .text.GECKO_GetTempSMU3AB
                0x2001bf94      0x35c C:/HOOPOE3/satellite-subsystems/demo/..//satellite-subsystems/lib\libSatelliteSubsystemsD.a(gecko_driver.o)
                0x2001bf94                GECKO_GetTempSMU3AB
 .text.GECKO_GetTempSMU3BC
                0x2001c2f0      0x360 C:/HOOPOE3/satellite-subsystems/demo/..//satellite-subsystems/lib\libSatelliteSubsystemsD.a(gecko_driver.o)
                0x2001c2f0                GECKO_GetTempSMU3BC
 .text.GECKO_GetTempREGU6
                0x2001c650      0x35c C:/HOOPOE3/satellite-subsystems/demo/..//satellite-subsystems/lib\libSatelliteSubsystemsD.a(gecko_driver.o)
                0x2001c650                GECKO_GetTempREGU6
 .text.GECKO_GetTempREGU8
                0x2001c9ac      0x360 C:/HOOPOE3/satellite-subsystems/demo/..//satellite-subsystems/lib\libSatelliteSubsystemsD.a(gecko_driver.o)
                0x2001c9ac                GECKO_GetTempREGU8
 .text.GECKO_GetTempFlash
                0x2001cd0c      0x360 C:/HOOPOE3/satellite-subsystems/demo/..//satellite-subsystems/lib\libSatelliteSubsystemsD.a(gecko_driver.o)
                0x2001cd0c                GECKO_GetTempFlash
 .text._SpiWriteRead
                0x2001d06c       0x70 C:/HOOPOE3/satellite-subsystems/demo/..//satellite-subsystems/lib\libSatelliteSubsystemsD.a(gecko_driver.o)
 .text.makeTRXCommonTransfer
                0x2001d0dc       0x34 C:/HOOPOE3/satellite-subsystems/demo/..//satellite-subsystems/lib\libSatelliteSubsystemsD.a(IsisTRXCommon.o)
 .text.IsisTrxCommon_componentReset
                0x2001d110       0x68 C:/HOOPOE3/satellite-subsystems/demo/..//satellite-subsystems/lib\libSatelliteSubsystemsD.a(IsisTRXCommon.o)
                0x2001d110                IsisTrxCommon_componentReset
 .text.IsisTrxCommon_TxSendAX25DefClSign
                0x2001d178       0xf4 C:/HOOPOE3/satellite-subsystems/demo/..//satellite-subsystems/lib\libSatelliteSubsystemsD.a(IsisTRXCommon.o)
                0x2001d178                IsisTrxCommon_TxSendAX25DefClSign
 .text.IsisTrxCommon_TxSetIdlestate
                0x2001d26c       0x78 C:/HOOPOE3/satellite-subsystems/demo/..//satellite-subsystems/lib\libSatelliteSubsystemsD.a(IsisTRXCommon.o)
                0x2001d26c                IsisTrxCommon_TxSetIdlestate
 .text.IsisTrxCommon_TxSetAx25Bitrate
                0x2001d2e4       0x78 C:/HOOPOE3/satellite-subsystems/demo/..//satellite-subsystems/lib\libSatelliteSubsystemsD.a(IsisTRXCommon.o)
                0x2001d2e4                IsisTrxCommon_TxSetAx25Bitrate
 .text.IsisTrxCommon_RxGetFrameCount
                0x2001d35c       0x8c C:/HOOPOE3/satellite-subsystems/demo/..//satellite-subsystems/lib\libSatelliteSubsystemsD.a(IsisTRXCommon.o)
                0x2001d35c                IsisTrxCommon_RxGetFrameCount
 .text.IsisTrxCommon_RxGetTelemetryAll_revC
                0x2001d3e8       0x8c C:/HOOPOE3/satellite-subsystems/demo/..//satellite-subsystems/lib\libSatelliteSubsystemsD.a(IsisTRXCommon.o)
                0x2001d3e8                IsisTrxCommon_RxGetTelemetryAll_revC
 .text.log      0x2001d474      0x17c c:/isis/application/toolchain/bin/../lib/gcc/arm-none-eabi/4.7.4/../../../../arm-none-eabi/lib\libm.a(lib_a-w_log.o)
                0x2001d474                log
 .text.__ieee754_log
                0x2001d5f0      0x5c0 c:/isis/application/toolchain/bin/../lib/gcc/arm-none-eabi/4.7.4/../../../../arm-none-eabi/lib\libm.a(lib_a-e_log.o)
                0x2001d5f0                __ieee754_log
 .text.matherr  0x2001dbb0        0x8 c:/isis/application/toolchain/bin/../lib/gcc/arm-none-eabi/4.7.4/../../../../arm-none-eabi/lib\libm.a(lib_a-s_matherr.o)
                0x2001dbb0                matherr
 .text.nan      0x2001dbb8       0x10 c:/isis/application/toolchain/bin/../lib/gcc/arm-none-eabi/4.7.4/../../../../arm-none-eabi/lib\libm.a(lib_a-s_nan.o)
                0x2001dbb8                nan
 .text.fn_init  0x2001dbc8      0x2e0 C:/HOOPOE3/satellite-subsystems/demo/../..//hal/hcc/lib\libHCCD.a(fat_common.o)
                0x2001dbc8                fn_init
 .text._f_get16bitl
                0x2001dea8       0x4c C:/HOOPOE3/satellite-subsystems/demo/../..//hal/hcc/lib\libHCCD.a(fat_common.o)
                0x2001dea8                _f_get16bitl
 .text._f_set16bitl
                0x2001def4       0x54 C:/HOOPOE3/satellite-subsystems/demo/../..//hal/hcc/lib\libHCCD.a(fat_common.o)
                0x2001def4                _f_set16bitl
 .text._f_get32bitl
                0x2001df48       0x68 C:/HOOPOE3/satellite-subsystems/demo/../..//hal/hcc/lib\libHCCD.a(fat_common.o)
                0x2001df48                _f_get32bitl
 .text._f_set32bitl
                0x2001dfb0       0x78 C:/HOOPOE3/satellite-subsystems/demo/../..//hal/hcc/lib\libHCCD.a(fat_common.o)
                0x2001dfb0                _f_set32bitl
 .text._get8bit
                0x2001e028       0xa0 C:/HOOPOE3/satellite-subsystems/demo/../..//hal/hcc/lib\libHCCD.a(fat_common.o)
 .text._get16bitl
                0x2001e0c8       0x40 C:/HOOPOE3/satellite-subsystems/demo/../..//hal/hcc/lib\libHCCD.a(fat_common.o)
 .text._get32bitl
                0x2001e108       0x3c C:/HOOPOE3/satellite-subsystems/demo/../..//hal/hcc/lib\libHCCD.a(fat_common.o)
 .text._f_setcardremoved
                0x2001e144       0x94 C:/HOOPOE3/satellite-subsystems/demo/../..//hal/hcc/lib\libHCCD.a(fat_common.o)
 .text._f_checkstatus
                0x2001e1d8      0x104 C:/HOOPOE3/satellite-subsystems/demo/../..//hal/hcc/lib\libHCCD.a(fat_common.o)
                0x2001e1d8                _f_checkstatus
 .text._f_drvgetphy
                0x2001e2dc      0x114 C:/HOOPOE3/satellite-subsystems/demo/../..//hal/hcc/lib\libHCCD.a(fat_common.o)
 .text._f_drvwritesector
                0x2001e3f0       0xdc C:/HOOPOE3/satellite-subsystems/demo/../..//hal/hcc/lib\libHCCD.a(fat_common.o)
 .text._f_drvreadsector
                0x2001e4cc       0xa8 C:/HOOPOE3/satellite-subsystems/demo/../..//hal/hcc/lib\libHCCD.a(fat_common.o)
 .text._f_writesector
                0x2001e574      0x23c C:/HOOPOE3/satellite-subsystems/demo/../..//hal/hcc/lib\libHCCD.a(fat_common.o)
                0x2001e574                _f_writesector
 .text._f_readsector
                0x2001e7b0      0x1dc C:/HOOPOE3/satellite-subsystems/demo/../..//hal/hcc/lib\libHCCD.a(fat_common.o)
                0x2001e7b0                _f_readsector
 .text._f_getmaxcluster
                0x2001e98c       0x94 C:/HOOPOE3/satellite-subsystems/demo/../..//hal/hcc/lib\libHCCD.a(fat_common.o)
                0x2001e98c                _f_getmaxcluster
 .text._getsectorfromcluster
                0x2001ea20       0x68 C:/HOOPOE3/satellite-subsystems/demo/../..//hal/hcc/lib\libHCCD.a(fat_common.o)
 .text._f_buildsectors
                0x2001ea88      0x268 C:/HOOPOE3/satellite-subsystems/demo/../..//hal/hcc/lib\libHCCD.a(fat_common.o)
 .text._f_getbootrecord
                0x2001ecf0      0x5e4 C:/HOOPOE3/satellite-subsystems/demo/../..//hal/hcc/lib\libHCCD.a(fat_common.o)
 .text._f_readbootrecord
                0x2001f2d4      0x4f8 C:/HOOPOE3/satellite-subsystems/demo/../..//hal/hcc/lib\libHCCD.a(fat_common.o)
 .text._f_flushcffiles
                0x2001f7cc      0x17c C:/HOOPOE3/satellite-subsystems/demo/../..//hal/hcc/lib\libHCCD.a(fat_common.o)
                0x2001f7cc                _f_flushcffiles
 .text._f_fatcache_flush
                0x2001f948      0x270 C:/HOOPOE3/satellite-subsystems/demo/../..//hal/hcc/lib\libHCCD.a(fat_common.o)
                0x2001f948                _f_fatcache_flush
 .text._f_writefatsector
                0x2001fbb8      0x100 C:/HOOPOE3/satellite-subsystems/demo/../..//hal/hcc/lib\libHCCD.a(fat_common.o)
                0x2001fbb8                _f_writefatsector
 .text._f_getfatsector
                0x2001fcb8      0x3bc C:/HOOPOE3/satellite-subsystems/demo/../..//hal/hcc/lib\libHCCD.a(fat_common.o)
 .text._f_setclustervalue
                0x20020074      0x490 C:/HOOPOE3/satellite-subsystems/demo/../..//hal/hcc/lib\libHCCD.a(fat_common.o)
                0x20020074                _f_setclustervalue
 .text._f_getclustervalue
                0x20020504      0x388 C:/HOOPOE3/satellite-subsystems/demo/../..//hal/hcc/lib\libHCCD.a(fat_common.o)
                0x20020504                _f_getclustervalue
 .text._f_close_drive_files
                0x2002088c       0xac C:/HOOPOE3/satellite-subsystems/demo/../..//hal/hcc/lib\libHCCD.a(fat_common.o)
 .text._f_inc_mount_count
                0x20020938       0xa4 C:/HOOPOE3/satellite-subsystems/demo/../..//hal/hcc/lib\libHCCD.a(fat_common.o)
 .text._f_getvolume
                0x200209dc      0x2f8 C:/HOOPOE3/satellite-subsystems/demo/../..//hal/hcc/lib\libHCCD.a(fat_common.o)
                0x200209dc                _f_getvolume
 .text.fn_createdriver
                0x20020cd4      0x118 C:/HOOPOE3/satellite-subsystems/demo/../..//hal/hcc/lib\libHCCD.a(fat_common.o)
                0x20020cd4                fn_createdriver
 .text.fn_initvolume
                0x20020dec      0x12c C:/HOOPOE3/satellite-subsystems/demo/../..//hal/hcc/lib\libHCCD.a(fat_common.o)
                0x20020dec                fn_initvolume
 .text.fn_initvolumepartition_sub
                0x20020f18       0xe0 C:/HOOPOE3/satellite-subsystems/demo/../..//hal/hcc/lib\libHCCD.a(fat_common.o)
 .text.fn_initvolumepartition
                0x20020ff8       0xac C:/HOOPOE3/satellite-subsystems/demo/../..//hal/hcc/lib\libHCCD.a(fat_common.o)
                0x20020ff8                fn_initvolumepartition
 .text._f_clustertopos
                0x200210a4       0xf8 C:/HOOPOE3/satellite-subsystems/demo/../..//hal/hcc/lib\libHCCD.a(fat_common.o)
                0x200210a4                _f_clustertopos
 .text._f_getcurrsector
                0x2002119c      0x6c8 C:/HOOPOE3/satellite-subsystems/demo/../..//hal/hcc/lib\libHCCD.a(fat_common.o)
                0x2002119c                _f_getcurrsector
 .text._f_getdecluster
                0x20021864       0x90 C:/HOOPOE3/satellite-subsystems/demo/../..//hal/hcc/lib\libHCCD.a(fat_common.o)
                0x20021864                _f_getdecluster
 .text._f_setdecluster
                0x200218f4       0x8c C:/HOOPOE3/satellite-subsystems/demo/../..//hal/hcc/lib\libHCCD.a(fat_common.o)
                0x200218f4                _f_setdecluster
 .text.fn_getdrive
                0x20021980       0x30 C:/HOOPOE3/satellite-subsystems/demo/../..//hal/hcc/lib\libHCCD.a(fat_common.o)
                0x20021980                fn_getdrive
 .text._f_getcurrenttimedate
                0x200219b0      0x138 C:/HOOPOE3/satellite-subsystems/demo/../..//hal/hcc/lib\libHCCD.a(fat_common.o)
                0x200219b0                _f_getcurrenttimedate
 .text._f_initentry
                0x20021ae8       0xa0 C:/HOOPOE3/satellite-subsystems/demo/../..//hal/hcc/lib\libHCCD.a(fat_common.o)
                0x20021ae8                _f_initentry
 .text._f_alloccluster
                0x20021b88      0x344 C:/HOOPOE3/satellite-subsystems/demo/../..//hal/hcc/lib\libHCCD.a(fat_common.o)
                0x20021b88                _f_alloccluster
 .text._f_dobadblock
                0x20021ecc      0x2cc C:/HOOPOE3/satellite-subsystems/demo/../..//hal/hcc/lib\libHCCD.a(fat_common.o)
                0x20021ecc                _f_dobadblock
 .text._f_checklocked
                0x20022198       0xe4 C:/HOOPOE3/satellite-subsystems/demo/../..//hal/hcc/lib\libHCCD.a(fat_common.o)
                0x20022198                _f_checklocked
 .text._f_checkappendlocked
                0x2002227c      0x110 C:/HOOPOE3/satellite-subsystems/demo/../..//hal/hcc/lib\libHCCD.a(fat_common.o)
                0x2002227c                _f_checkappendlocked
 .text._f_setsyncafile
                0x2002238c      0x114 C:/HOOPOE3/satellite-subsystems/demo/../..//hal/hcc/lib\libHCCD.a(fat_common.o)
                0x2002238c                _f_setsyncafile
 .text._f_syncfiles
                0x200224a0      0x128 C:/HOOPOE3/satellite-subsystems/demo/../..//hal/hcc/lib\libHCCD.a(fat_common.o)
                0x200224a0                _f_syncfiles
 .text._f_syncfilescontent
                0x200225c8      0x15c C:/HOOPOE3/satellite-subsystems/demo/../..//hal/hcc/lib\libHCCD.a(fat_common.o)
 .text.fn_getfreespace
                0x20022724      0x4c0 C:/HOOPOE3/satellite-subsystems/demo/../..//hal/hcc/lib\libHCCD.a(fat_common.o)
                0x20022724                fn_getfreespace
 .text._f_emptywritecache
                0x20022be4      0x4a4 C:/HOOPOE3/satellite-subsystems/demo/../..//hal/hcc/lib\libHCCD.a(fat_common.o)
 .text._f_allocnextcluster
                0x20023088      0x54c C:/HOOPOE3/satellite-subsystems/demo/../..//hal/hcc/lib\libHCCD.a(fat_common.o)
 .text._f_emptywritebuffer
                0x200235d4      0x20c C:/HOOPOE3/satellite-subsystems/demo/../..//hal/hcc/lib\libHCCD.a(fat_common.o)
 .text._f_writezeros
                0x200237e0       0xf0 C:/HOOPOE3/satellite-subsystems/demo/../..//hal/hcc/lib\libHCCD.a(fat_common.o)
                0x200237e0                _f_writezeros
 .text._f_extend_file
                0x200238d0      0x570 C:/HOOPOE3/satellite-subsystems/demo/../..//hal/hcc/lib\libHCCD.a(fat_common.o)
 .text._f_fseek
                0x20023e40      0x9bc C:/HOOPOE3/satellite-subsystems/demo/../..//hal/hcc/lib\libHCCD.a(fat_common.o)
                0x20023e40                _f_fseek
 .text._f_removechain
                0x200247fc      0x104 C:/HOOPOE3/satellite-subsystems/demo/../..//hal/hcc/lib\libHCCD.a(fat_common.o)
                0x200247fc                _f_removechain
 .text._f_updatefileentry
                0x20024900      0x1cc C:/HOOPOE3/satellite-subsystems/demo/../..//hal/hcc/lib\libHCCD.a(fat_common.o)
 .text._f_checkreadlocked
                0x20024acc      0x1bc C:/HOOPOE3/satellite-subsystems/demo/../..//hal/hcc/lib\libHCCD.a(fat_common.o)
                0x20024acc                _f_checkreadlocked
 .text._f_check_handle
                0x20024c88       0x98 C:/HOOPOE3/satellite-subsystems/demo/../..//hal/hcc/lib\libHCCD.a(fat_common.o)
                0x20024c88                _f_check_handle
 .text._f_removesyncafile
                0x20024d20      0x1ec C:/HOOPOE3/satellite-subsystems/demo/../..//hal/hcc/lib\libHCCD.a(fat_common.o)
 .text.fn_close
                0x20024f0c      0x3f8 C:/HOOPOE3/satellite-subsystems/demo/../..//hal/hcc/lib\libHCCD.a(fat_common.o)
                0x20024f0c                fn_close
 .text.fn_flush
                0x20025304      0x374 C:/HOOPOE3/satellite-subsystems/demo/../..//hal/hcc/lib\libHCCD.a(fat_common.o)
                0x20025304                fn_flush
 .text.fn_read  0x20025678      0x690 C:/HOOPOE3/satellite-subsystems/demo/../..//hal/hcc/lib\libHCCD.a(fat_common.o)
                0x20025678                fn_read
 .text._f_abortwrite
                0x20025d08      0x100 C:/HOOPOE3/satellite-subsystems/demo/../..//hal/hcc/lib\libHCCD.a(fat_common.o)
 .text._f_checkwritecluster
                0x20025e08       0xe4 C:/HOOPOE3/satellite-subsystems/demo/../..//hal/hcc/lib\libHCCD.a(fat_common.o)
 .text.fn_write
                0x20025eec      0x8a8 C:/HOOPOE3/satellite-subsystems/demo/../..//hal/hcc/lib\libHCCD.a(fat_common.o)
                0x20025eec                fn_write
 .text.fn_seek  0x20026794      0x270 C:/HOOPOE3/satellite-subsystems/demo/../..//hal/hcc/lib\libHCCD.a(fat_common.o)
                0x20026794                fn_seek
 .text.f_enterFS
                0x20026a04      0x1c0 C:/HOOPOE3/satellite-subsystems/demo/../..//hal/hcc/lib\libHCCD.a(fat_common.o)
                0x20026a04                f_enterFS
 .text.f_releaseFS
                0x20026bc4       0xb0 C:/HOOPOE3/satellite-subsystems/demo/../..//hal/hcc/lib\libHCCD.a(fat_common.o)
                0x20026bc4                f_releaseFS
 .text.fnGetTask
                0x20026c74       0xfc C:/HOOPOE3/satellite-subsystems/demo/../..//hal/hcc/lib\libHCCD.a(fat_common.o)
                0x20026c74                fnGetTask
 .text._f_mutex_get
                0x20026d70       0x98 C:/HOOPOE3/satellite-subsystems/demo/../..//hal/hcc/lib\libHCCD.a(fat_common.o)
                0x20026d70                _f_mutex_get
 .text._f_mutex_put
                0x20026e08       0x54 C:/HOOPOE3/satellite-subsystems/demo/../..//hal/hcc/lib\libHCCD.a(fat_common.o)
                0x20026e08                _f_mutex_put
 .text._fn_initseekdivisor
                0x20026e5c      0x158 C:/HOOPOE3/satellite-subsystems/demo/../..//hal/hcc/lib\libHCCD.a(fat_common.o)
                0x20026e5c                _fn_initseekdivisor
 .text._fn_updateseekpos
                0x20026fb4       0xc4 C:/HOOPOE3/satellite-subsystems/demo/../..//hal/hcc/lib\libHCCD.a(fat_common.o)
 .text._f_findopensize
                0x20027078       0x2c C:/HOOPOE3/satellite-subsystems/demo/../..//hal/hcc/lib\libHCCD.a(fat_common.o)
                0x20027078                _f_findopensize
 .text.fn_setlasterror
                0x200270a4       0x34 C:/HOOPOE3/satellite-subsystems/demo/../..//hal/hcc/lib\libHCCD.a(fat_common.o)
                0x200270a4                fn_setlasterror
 .text.fn_setlasterror_noret
                0x200270d8       0x2c C:/HOOPOE3/satellite-subsystems/demo/../..//hal/hcc/lib\libHCCD.a(fat_common.o)
                0x200270d8                fn_setlasterror_noret
 .text.fm_initvolume
                0x20027104       0x70 C:/HOOPOE3/satellite-subsystems/demo/../..//hal/hcc/lib\libHCCD.a(fat_m.o)
                0x20027104                fm_initvolume
 .text.fm_getdrive
                0x20027174       0x70 C:/HOOPOE3/satellite-subsystems/demo/../..//hal/hcc/lib\libHCCD.a(fat_m.o)
                0x20027174                fm_getdrive
 .text.fm_getfreespace
                0x200271e4       0x68 C:/HOOPOE3/satellite-subsystems/demo/../..//hal/hcc/lib\libHCCD.a(fat_m.o)
                0x200271e4                fm_getfreespace
 .text.fm_findfirst
                0x2002724c       0x68 C:/HOOPOE3/satellite-subsystems/demo/../..//hal/hcc/lib\libHCCD.a(fat_m.o)
                0x2002724c                fm_findfirst
 .text.fm_findnext
                0x200272b4       0x60 C:/HOOPOE3/satellite-subsystems/demo/../..//hal/hcc/lib\libHCCD.a(fat_m.o)
                0x200272b4                fm_findnext
 .text.fm_rename
                0x20027314       0x68 C:/HOOPOE3/satellite-subsystems/demo/../..//hal/hcc/lib\libHCCD.a(fat_m.o)
                0x20027314                fm_rename
 .text.fm_filelength
                0x2002737c       0x60 C:/HOOPOE3/satellite-subsystems/demo/../..//hal/hcc/lib\libHCCD.a(fat_m.o)
                0x2002737c                fm_filelength
 .text.fm_close
                0x200273dc       0x60 C:/HOOPOE3/satellite-subsystems/demo/../..//hal/hcc/lib\libHCCD.a(fat_m.o)
                0x200273dc                fm_close
 .text.fm_flush