Archive member included because of file (symbol)

c:/isis/application/toolchain/bin/../lib/gcc/arm-none-eabi/4.7.4/../../../../arm-none-eabi/lib\libc_s.a(lib_a-vfprintf_float.o)
                              (_printf_float)
c:/isis/application/toolchain/bin/../lib/gcc/arm-none-eabi/4.7.4/../../../../arm-none-eabi/lib\libc_s.a(lib_a-vfprintf_i.o)
                              c:/isis/application/toolchain/bin/../lib/gcc/arm-none-eabi/4.7.4/../../../../arm-none-eabi/lib\libc_s.a(lib_a-vfprintf_float.o) (_printf_common)
c:/isis/application/toolchain/bin/../lib/gcc/arm-none-eabi/4.7.4/../../../../arm-none-eabi/lib\libc_s.a(lib_a-vfscanf_float.o)
                              (_scanf_float)
c:/isis/application/toolchain/bin/../lib/gcc/arm-none-eabi/4.7.4/../../../../arm-none-eabi/lib\libc_s.a(lib_a-dtoa.o)
                              c:/isis/application/toolchain/bin/../lib/gcc/arm-none-eabi/4.7.4/../../../../arm-none-eabi/lib\libc_s.a(lib_a-vfprintf_float.o) (_dtoa_r)
c:/isis/application/toolchain/bin/../lib/gcc/arm-none-eabi/4.7.4/../../../../arm-none-eabi/lib\libc_s.a(lib_a-locale.o)
                              c:/isis/application/toolchain/bin/../lib/gcc/arm-none-eabi/4.7.4/../../../../arm-none-eabi/lib\libc_s.a(lib_a-vfprintf_float.o) (_localeconv_r)
c:/isis/application/toolchain/bin/../lib/gcc/arm-none-eabi/4.7.4/../../../../arm-none-eabi/lib\libc_s.a(lib_a-malloc.o)
                              c:/isis/application/toolchain/bin/../lib/gcc/arm-none-eabi/4.7.4/../../../../arm-none-eabi/lib\libc_s.a(lib_a-dtoa.o) (malloc)
c:/isis/application/toolchain/bin/../lib/gcc/arm-none-eabi/4.7.4/../../../../arm-none-eabi/lib\libc_s.a(lib_a-mallocr.o)
                              c:/isis/application/toolchain/bin/../lib/gcc/arm-none-eabi/4.7.4/../../../../arm-none-eabi/lib\libc_s.a(lib_a-malloc.o) (_malloc_r)
c:/isis/application/toolchain/bin/../lib/gcc/arm-none-eabi/4.7.4/../../../../arm-none-eabi/lib\libc_s.a(lib_a-memcpy.o)
                              c:/isis/application/toolchain/bin/../lib/gcc/arm-none-eabi/4.7.4/../../../../arm-none-eabi/lib\libc_s.a(lib_a-dtoa.o) (memcpy)
c:/isis/application/toolchain/bin/../lib/gcc/arm-none-eabi/4.7.4/../../../../arm-none-eabi/lib\libc_s.a(lib_a-mprec.o)
                              c:/isis/application/toolchain/bin/../lib/gcc/arm-none-eabi/4.7.4/../../../../arm-none-eabi/lib\libc_s.a(lib_a-dtoa.o) (_Balloc)
c:/isis/application/toolchain/bin/../lib/gcc/arm-none-eabi/4.7.4/../../../../arm-none-eabi/lib\libc_s.a(lib_a-s_fpclassify.o)
                              c:/isis/application/toolchain/bin/../lib/gcc/arm-none-eabi/4.7.4/../../../../arm-none-eabi/lib\libc_s.a(lib_a-vfprintf_float.o) (__fpclassifyd)
c:/isis/application/toolchain/bin/../lib/gcc/arm-none-eabi/4.7.4/../../../../arm-none-eabi/lib\libc_s.a(lib_a-sbrkr.o)
                              c:/isis/application/toolchain/bin/../lib/gcc/arm-none-eabi/4.7.4/../../../../arm-none-eabi/lib\libc_s.a(lib_a-mallocr.o) (_sbrk_r)
c:/isis/application/toolchain/bin/../lib/gcc/arm-none-eabi/4.7.4/../../../../arm-none-eabi/lib\libc_s.a(lib_a-sf_nan.o)
                              c:/isis/application/toolchain/bin/../lib/gcc/arm-none-eabi/4.7.4/../../../../arm-none-eabi/lib\libc_s.a(lib_a-vfscanf_float.o) (nanf)
c:/isis/application/toolchain/bin/../lib/gcc/arm-none-eabi/4.7.4/../../../../arm-none-eabi/lib\libc_s.a(lib_a-sprintf.o)
                              c:/isis/application/toolchain/bin/../lib/gcc/arm-none-eabi/4.7.4/../../../../arm-none-eabi/lib\libc_s.a(lib_a-vfscanf_float.o) (sprintf)
c:/isis/application/toolchain/bin/../lib/gcc/arm-none-eabi/4.7.4/../../../../arm-none-eabi/lib\libc_s.a(lib_a-strcmp.o)
                              c:/isis/application/toolchain/bin/../lib/gcc/arm-none-eabi/4.7.4/../../../../arm-none-eabi/lib\libc_s.a(lib_a-locale.o) (strcmp)
c:/isis/application/toolchain/bin/../lib/gcc/arm-none-eabi/4.7.4/../../../../arm-none-eabi/lib\libc_s.a(lib_a-strlen.o)
                              c:/isis/application/toolchain/bin/../lib/gcc/arm-none-eabi/4.7.4/../../../../arm-none-eabi/lib\libc_s.a(lib_a-vfprintf_float.o) (strlen)
c:/isis/application/toolchain/bin/../lib/gcc/arm-none-eabi/4.7.4/../../../../arm-none-eabi/lib\libc_s.a(lib_a-strtod.o)
                              c:/isis/application/toolchain/bin/../lib/gcc/arm-none-eabi/4.7.4/../../../../arm-none-eabi/lib\libc_s.a(lib_a-vfscanf_float.o) (_strtod_r)
c:/isis/application/toolchain/bin/../lib/gcc/arm-none-eabi/4.7.4/../../../../arm-none-eabi/lib\libc_s.a(lib_a-strtol.o)
                              c:/isis/application/toolchain/bin/../lib/gcc/arm-none-eabi/4.7.4/../../../../arm-none-eabi/lib\libc_s.a(lib_a-vfscanf_float.o) (_strtol_r)
c:/isis/application/toolchain/bin/../lib/gcc/arm-none-eabi/4.7.4/../../../../arm-none-eabi/lib\libc_s.a(lib_a-svfprintf.o)
                              c:/isis/application/toolchain/bin/../lib/gcc/arm-none-eabi/4.7.4/../../../../arm-none-eabi/lib\libc_s.a(lib_a-sprintf.o) (_svfprintf_r)
[...]
Memory Configuration

Name             Origin             Length             Attributes
sram0            0x00200000         0x00004000         w !xr
sram1            0x00300000         0x00004000         w !xr
sdram            0x20000000         0x02000000         w !xr
*default*        0x00000000         0xffffffff

Linker script and memory map

LOAD c:/isis/application/toolchain/bin/../lib/gcc/arm-none-eabi/4.7.4/../../../../arm-none-eabi/lib\libc_s.a
LOAD ./src/sub-systemCode/Main/CMD/COMM_CMD.o
LOAD ./src/sub-systemCode/Main/CMD/EPS_CMD.o
LOAD ./src/sub-systemCode/Main/CMD/General_CMD.o
LOAD ./src/sub-systemCode/Main/CMD/SW_CMD.o
LOAD ./src/sub-systemCode/Main/CMD/payload_CMD.o
LOAD ./src/sub-systemCode/Main/Ants.o
LOAD ./src/sub-systemCode/Main/EPS.o
LOAD ./src/sub-systemCode/Main/HouseKeeping.o
LOAD ./src/sub-systemCode/Main/Main_Init.o
LOAD ./src/sub-systemCode/Main/commands.o
LOAD ./src/sub-systemCode/Global/Global.o
LOAD ./src/sub-systemCode/Global/GlobalParam.o
LOAD ./src/sub-systemCode/Global/OnlineTM.o
LOAD ./src/sub-systemCode/Global/TLM_management.o
LOAD ./src/sub-systemCode/COMM/APRS.o
LOAD ./src/sub-systemCode/COMM/DelayedCommand_list.o
LOAD ./src/sub-systemCode/COMM/GSC.o
LOAD ./src/sub-systemCode/COMM/TRXVU.o
LOAD ./src/sub-systemCode/ADCS/ADCS.o
LOAD ./src/sub-systemCode/ADCS/Stage_Table.o
LOAD ./src/main.o
LOAD C:/HOOPOE3/satellite-subsystems/demo/..//satellite-subsystems/lib\libSatelliteSubsystemsD.a
LOAD c:/isis/application/toolchain/bin/../lib/gcc/arm-none-eabi/4.7.4/../../../../arm-none-eabi/lib\libm.a
LOAD C:/HOOPOE3/satellite-subsystems/demo/../..//hal/hcc/lib\libHCCD.a
LOAD C:/HOOPOE3/satellite-subsystems/demo/../..//hal/hal/lib\libHALD.a
LOAD C:/HOOPOE3/satellite-subsystems/demo/../..//hal/freertos/lib\libFreeRTOSD.a
LOAD C:/HOOPOE3/satellite-subsystems/demo/../..//hal/at91/lib\libAt91D.a
START GROUP
LOAD c:/isis/application/toolchain/bin/../lib/gcc/arm-none-eabi/4.7.4\libgcc.a
LOAD c:/isis/application/toolchain/bin/../lib/gcc/arm-none-eabi/4.7.4/../../../../arm-none-eabi/lib\libc_s.a
END GROUP

.fixed          0x20000000    0x40f90
                0x20000000                . = ALIGN (0x4)
                0x20000000                _sfixed = .
 *(.startup)
 .startup       0x20000000      0x134 C:/HOOPOE3/satellite-subsystems/demo/../..//hal/at91/lib\libAt91D.a(board_cstartup.o)
                0x20000000                entry
 *(.text)
 .text          0x20000134       0x64 C:/HOOPOE3/satellite-subsystems/demo/../..//hal/at91/lib\libAt91D.a(cp15_asm.o)
                0x20000134                _readControlRegister
                0x20000140                _writeControlRegister
                0x20000148                _waitForInterrupt
                0x20000154                _writeTTB
                0x2000015c                _writeDomain
                0x20000164                _writeITLBLockdown
                0x2000016c                _prefetchICacheLine
                0x20000174                _flushDCache
                0x20000180                _flushWriteBuffer
                0x2000018c                _invalidateIDTLBs
 .text          0x20000198      0x114 c:/isis/application/toolchain/bin/../lib/gcc/arm-none-eabi/4.7.4\libgcc.a(_udivsi3.o)
                0x20000198                __aeabi_uidiv
                0x20000198                __udivsi3
                0x2000028c                __aeabi_uidivmod
 .text          0x200002ac      0x148 c:/isis/application/toolchain/bin/../lib/gcc/arm-none-eabi/4.7.4\libgcc.a(_divsi3.o)
                0x200002ac                __divsi3
                0x200002ac                __aeabi_idiv
                0x200003d4                __aeabi_idivmod
 .text          0x200003f4        0x4 c:/isis/application/toolchain/bin/../lib/gcc/arm-none-eabi/4.7.4\libgcc.a(_dvmd_tls.o)
                0x200003f4                __aeabi_idiv0
                0x200003f4                __aeabi_ldiv0
 .text          0x200003f8      0x41c c:/isis/application/toolchain/bin/../lib/gcc/arm-none-eabi/4.7.4\libgcc.a(_arm_addsubdf3.o)
                0x200003f8                __aeabi_drsub
                0x20000400                __aeabi_dsub
                0x20000400                __subdf3
                0x20000404                __aeabi_dadd
                0x20000404                __adddf3
                0x20000714                __floatunsidf
                0x20000714                __aeabi_ui2d
                0x20000738                __floatsidf
                0x20000738                __aeabi_i2d
                0x20000760                __aeabi_f2d
                0x20000760                __extendsfdf2
                0x200007a0                __floatundidf
                0x200007a0                __aeabi_ul2d
                0x200007b4                __floatdidf
                0x200007b4                __aeabi_l2d
 .text          0x20000814      0x49c c:/isis/application/toolchain/bin/../lib/gcc/arm-none-eabi/4.7.4\libgcc.a(_arm_muldivdf3.o)
                0x20000814                __aeabi_dmul
                0x20000814                __muldf3
                0x20000aa4                __divdf3
                0x20000aa4                __aeabi_ddiv
 .text          0x20000cb0      0x144 c:/isis/application/toolchain/bin/../lib/gcc/arm-none-eabi/4.7.4\libgcc.a(_arm_cmpdf2.o)
                0x20000cb0                __gtdf2
                0x20000cb0                __gedf2
                0x20000cb8                __ltdf2
                0x20000cb8                __ledf2
                0x20000cc0                __nedf2
                0x20000cc0                __eqdf2
                0x20000cc0                __cmpdf2
                0x20000d48                __aeabi_cdrcmple
                0x20000d64                __aeabi_cdcmpeq
                0x20000d64                __aeabi_cdcmple
                0x20000d7c                __aeabi_dcmpeq
                0x20000d94                __aeabi_dcmplt
                0x20000dac                __aeabi_dcmple
                0x20000dc4                __aeabi_dcmpge
                0x20000ddc                __aeabi_dcmpgt
 .text          0x20000df4       0x5c c:/isis/application/toolchain/bin/../lib/gcc/arm-none-eabi/4.7.4\libgcc.a(_arm_fixdfsi.o)
                0x20000df4                __aeabi_d2iz
                0x20000df4                __fixdfsi
 .text          0x20000e50       0x54 c:/isis/application/toolchain/bin/../lib/gcc/arm-none-eabi/4.7.4\libgcc.a(_arm_fixunsdfsi.o)
                0x20000e50                __aeabi_d2uiz
                0x20000e50                __fixunsdfsi
 .text          0x20000ea4       0xa0 c:/isis/application/toolchain/bin/../lib/gcc/arm-none-eabi/4.7.4\libgcc.a(_arm_truncdfsf2.o)
                0x20000ea4                __truncdfsf2
                0x20000ea4                __aeabi_d2f
 .text          0x20000f44      0x2ac c:/isis/application/toolchain/bin/../lib/gcc/arm-none-eabi/4.7.4\libgcc.a(_arm_addsubsf3.o)
                0x20000f44                __aeabi_frsub
                0x20000f4c                __subsf3
                0x20000f4c                __aeabi_fsub
                0x20000f50                __aeabi_fadd
                0x20000f50                __addsf3
                0x2000110c                __aeabi_ui2f
                0x2000110c                __floatunsisf
                0x20001114                __aeabi_i2f
                0x20001114                __floatsisf
                0x20001134                __aeabi_ul2f
                0x20001134                __floatundisf
                0x20001144                __aeabi_l2f
                0x20001144                __floatdisf
 .text          0x200011f0      0x2f8 c:/isis/application/toolchain/bin/../lib/gcc/arm-none-eabi/4.7.4\libgcc.a(_arm_muldivsf3.o)
                0x200011f0                __mulsf3
                0x200011f0                __aeabi_fmul
                0x20001388                __aeabi_fdiv
                0x20001388                __divsf3
 .text          0x200014e8      0x114 c:/isis/application/toolchain/bin/../lib/gcc/arm-none-eabi/4.7.4\libgcc.a(_arm_cmpsf2.o)
                0x200014e8                __gesf2
                0x200014e8                __gtsf2
                0x200014f0                __lesf2
                0x200014f0                __ltsf2
                0x200014f8                __nesf2
                0x200014f8                __eqsf2
                0x200014f8                __cmpsf2
                0x2000155c                __aeabi_cfrcmple
                0x2000156c                __aeabi_cfcmpeq
                0x2000156c                __aeabi_cfcmple
                0x20001584                __aeabi_fcmpeq
                0x2000159c                __aeabi_fcmplt
                0x200015b4                __aeabi_fcmple
                0x200015cc                __aeabi_fcmpge
                0x200015e4                __aeabi_fcmpgt
 .text          0x200015fc       0x54 c:/isis/application/toolchain/bin/../lib/gcc/arm-none-eabi/4.7.4\libgcc.a(_arm_fixunssfsi.o)
                0x200015fc                __fixunssfsi
                0x200015fc                __aeabi_f2uiz
 *(.text*)
 .text.__cvt    0x20001650      0x138 c:/isis/application/toolchain/bin/../lib/gcc/arm-none-eabi/4.7.4/../../../../arm-none-eabi/lib\libc_s.a(lib_a-vfprintf_float.o)
                0x20001650                __cvt
 .text.__exponent
                0x20001788       0xa8 c:/isis/application/toolchain/bin/../lib/gcc/arm-none-eabi/4.7.4/../../../../arm-none-eabi/lib\libc_s.a(lib_a-vfprintf_float.o)
                0x20001788                __exponent
 .text._printf_float
                0x20001830      0x7dc c:/isis/application/toolchain/bin/../lib/gcc/arm-none-eabi/4.7.4/../../../../arm-none-eabi/lib\libc_s.a(lib_a-vfprintf_float.o)
                0x20001830                _printf_float
 .text._printf_common
                0x2000200c      0x174 c:/isis/application/toolchain/bin/../lib/gcc/arm-none-eabi/4.7.4/../../../../arm-none-eabi/lib\libc_s.a(lib_a-vfprintf_i.o)
                0x2000200c                _printf_common
 .text._printf_i
                0x20002180      0x3c4 c:/isis/application/toolchain/bin/../lib/gcc/arm-none-eabi/4.7.4/../../../../arm-none-eabi/lib\libc_s.a(lib_a-vfprintf_i.o)
                0x20002180                _printf_i
 .text._scanf_float
                0x20002544      0x5f4 c:/isis/application/toolchain/bin/../lib/gcc/arm-none-eabi/4.7.4/../../../../arm-none-eabi/lib\libc_s.a(lib_a-vfscanf_float.o)
                0x20002544                _scanf_float
 .text.quorem   0x20002b38      0x1ac c:/isis/application/toolchain/bin/../lib/gcc/arm-none-eabi/4.7.4/../../../../arm-none-eabi/lib\libc_s.a(lib_a-dtoa.o)
 .text._dtoa_r  0x20002ce4     0x1268 c:/isis/application/toolchain/bin/../lib/gcc/arm-none-eabi/4.7.4/../../../../arm-none-eabi/lib\libc_s.a(lib_a-dtoa.o)
                0x20002ce4                _dtoa_r
 .text._localeconv_r
                0x20003f4c        0xc c:/isis/application/toolchain/bin/../lib/gcc/arm-none-eabi/4.7.4/../../../../arm-none-eabi/lib\libc_s.a(lib_a-locale.o)
                0x20003f4c                _localeconv_r
 .text.malloc   0x20003f58       0x20 c:/isis/application/toolchain/bin/../lib/gcc/arm-none-eabi/4.7.4/../../../../arm-none-eabi/lib\libc_s.a(lib_a-malloc.o)
                0x20003f58                malloc
 .text.free     0x20003f78       0x20 c:/isis/application/toolchain/bin/../lib/gcc/arm-none-eabi/4.7.4/../../../../arm-none-eabi/lib\libc_s.a(lib_a-malloc.o)
                0x20003f78                free
 .text._malloc_r
                0x20003f98       0xfc c:/isis/application/toolchain/bin/../lib/gcc/arm-none-eabi/4.7.4/../../../../arm-none-eabi/lib\libc_s.a(lib_a-mallocr.o)
                0x20003f98                _malloc_r
 .text.memcpy   0x20004094       0x20 c:/isis/application/toolchain/bin/../lib/gcc/arm-none-eabi/4.7.4/../../../../arm-none-eabi/lib\libc_s.a(lib_a-memcpy.o)
                0x20004094                memcpy
 .text._Balloc  0x200040b4       0xcc c:/isis/application/toolchain/bin/../lib/gcc/arm-none-eabi/4.7.4/../../../../arm-none-eabi/lib\libc_s.a(lib_a-mprec.o)
                0x200040b4                _Balloc
 .text._Bfree   0x20004180       0x5c c:/isis/application/toolchain/bin/../lib/gcc/arm-none-eabi/4.7.4/../../../../arm-none-eabi/lib\libc_s.a(lib_a-mprec.o)
                0x20004180                _Bfree
 .text.__multadd
                0x200041dc       0xbc c:/isis/application/toolchain/bin/../lib/gcc/arm-none-eabi/4.7.4/../../../../arm-none-eabi/lib\libc_s.a(lib_a-mprec.o)
                0x200041dc                __multadd
 .text.__s2b    0x20004298       0xd8 c:/isis/application/toolchain/bin/../lib/gcc/arm-none-eabi/4.7.4/../../../../arm-none-eabi/lib\libc_s.a(lib_a-mprec.o)
                0x20004298                __s2b
 .text.__hi0bits
                0x20004370       0x58 c:/isis/application/toolchain/bin/../lib/gcc/arm-none-eabi/4.7.4/../../../../arm-none-eabi/lib\libc_s.a(lib_a-mprec.o)
                0x20004370                __hi0bits
 .text.__lo0bits
                0x200043c8       0x94 c:/isis/application/toolchain/bin/../lib/gcc/arm-none-eabi/4.7.4/../../../../arm-none-eabi/lib\libc_s.a(lib_a-mprec.o)
                0x200043c8                __lo0bits
 .text.__i2b    0x2000445c       0x24 c:/isis/application/toolchain/bin/../lib/gcc/arm-none-eabi/4.7.4/../../../../arm-none-eabi/lib\libc_s.a(lib_a-mprec.o)
                0x2000445c                __i2b
 .text.__multiply
                0x20004480      0x1ac c:/isis/application/toolchain/bin/../lib/gcc/arm-none-eabi/4.7.4/../../../../arm-none-eabi/lib\libc_s.a(lib_a-mprec.o)
                0x20004480                __multiply
 .text.__pow5mult
                0x2000462c      0x10c c:/isis/application/toolchain/bin/../lib/gcc/arm-none-eabi/4.7.4/../../../../arm-none-eabi/lib\libc_s.a(lib_a-mprec.o)
                0x2000462c                __pow5mult
 .text.__lshift
                0x20004738       0xf0 c:/isis/application/toolchain/bin/../lib/gcc/arm-none-eabi/4.7.4/../../../../arm-none-eabi/lib\libc_s.a(lib_a-mprec.o)
                0x20004738                __lshift
 .text.__mcmp   0x20004828       0x60 c:/isis/application/toolchain/bin/../lib/gcc/arm-none-eabi/4.7.4/../../../../arm-none-eabi/lib\libc_s.a(lib_a-mprec.o)
                0x20004828                __mcmp
 .text.__mdiff  0x20004888      0x128 c:/isis/application/toolchain/bin/../lib/gcc/arm-none-eabi/4.7.4/../../../../arm-none-eabi/lib\libc_s.a(lib_a-mprec.o)
                0x20004888                __mdiff
 .text.__ulp    0x200049b0       0x5c c:/isis/application/toolchain/bin/../lib/gcc/arm-none-eabi/4.7.4/../../../../arm-none-eabi/lib\libc_s.a(lib_a-mprec.o)
                0x200049b0                __ulp
 .text.__b2d    0x20004a0c       0xc8 c:/isis/application/toolchain/bin/../lib/gcc/arm-none-eabi/4.7.4/../../../../arm-none-eabi/lib\libc_s.a(lib_a-mprec.o)
                0x20004a0c                __b2d
 .text.__d2b    0x20004ad4       0xfc c:/isis/application/toolchain/bin/../lib/gcc/arm-none-eabi/4.7.4/../../../../arm-none-eabi/lib\libc_s.a(lib_a-mprec.o)
                0x20004ad4                __d2b
 .text.__ratio  0x20004bd0       0x70 c:/isis/application/toolchain/bin/../lib/gcc/arm-none-eabi/4.7.4/../../../../arm-none-eabi/lib\libc_s.a(lib_a-mprec.o)
                0x20004bd0                __ratio
 .text.__copybits
                0x20004c40       0x4c c:/isis/application/toolchain/bin/../lib/gcc/arm-none-eabi/4.7.4/../../../../arm-none-eabi/lib\libc_s.a(lib_a-mprec.o)
                0x20004c40                __copybits
 .text.__any_on
                0x20004c8c       0x7c c:/isis/application/toolchain/bin/../lib/gcc/arm-none-eabi/4.7.4/../../../../arm-none-eabi/lib\libc_s.a(lib_a-mprec.o)
                0x20004c8c                __any_on
 .text.__fpclassifyd
                0x20004d08       0x6c c:/isis/application/toolchain/bin/../lib/gcc/arm-none-eabi/4.7.4/../../../../arm-none-eabi/lib\libc_s.a(lib_a-s_fpclassify.o)
                0x20004d08                __fpclassifyd
 .text._sbrk_r  0x20004d74       0x3c c:/isis/application/toolchain/bin/../lib/gcc/arm-none-eabi/4.7.4/../../../../arm-none-eabi/lib\libc_s.a(lib_a-sbrkr.o)
                0x20004d74                _sbrk_r
 .text.nanf     0x20004db0        0xc c:/isis/application/toolchain/bin/../lib/gcc/arm-none-eabi/4.7.4/../../../../arm-none-eabi/lib\libc_s.a(lib_a-sf_nan.o)
                0x20004db0                nanf
 .text.sprintf  0x20004dbc       0x6c c:/isis/application/toolchain/bin/../lib/gcc/arm-none-eabi/4.7.4/../../../../arm-none-eabi/lib\libc_s.a(lib_a-sprintf.o)
                0x20004dbc                siprintf
                0x20004dbc                sprintf
 .text.strcmp   0x20004e28       0x1c c:/isis/application/toolchain/bin/../lib/gcc/arm-none-eabi/4.7.4/../../../../arm-none-eabi/lib\libc_s.a(lib_a-strcmp.o)
                0x20004e28                strcmp
 .text.strlen   0x20004e44       0x1c c:/isis/application/toolchain/bin/../lib/gcc/arm-none-eabi/4.7.4/../../../../arm-none-eabi/lib\libc_s.a(lib_a-strlen.o)
                0x20004e44                strlen
 .text.match    0x20004e60       0x54 c:/isis/application/toolchain/bin/../lib/gcc/arm-none-eabi/4.7.4/../../../../arm-none-eabi/lib\libc_s.a(lib_a-strtod.o)
 .text._strtod_r
                0x20004eb4     0x1168 c:/isis/application/toolchain/bin/../lib/gcc/arm-none-eabi/4.7.4/../../../../arm-none-eabi/lib\libc_s.a(lib_a-strtod.o)
                0x20004eb4                _strtod_r
 .text._strtol_r
                0x2000601c      0x1b8 c:/isis/application/toolchain/bin/../lib/gcc/arm-none-eabi/4.7.4/../../../../arm-none-eabi/lib\libc_s.a(lib_a-strtol.o)
                0x2000601c                _strtol_r
 .text.__ssputc_r
                0x200061d4      0x10c c:/isis/application/toolchain/bin/../lib/gcc/arm-none-eabi/4.7.4/../../../../arm-none-eabi/lib\libc_s.a(lib_a-svfprintf.o)
                0x200061d4                __ssputc_r
 .text._svfprintf_r
                0x200062e0      0x328 c:/isis/application/toolchain/bin/../lib/gcc/arm-none-eabi/4.7.4/../../../../arm-none-eabi/lib\libc_s.a(lib_a-svfprintf.o)
                0x200062e0                _svfiprintf_r
                0x200062e0                _svfprintf_r
 .text._calloc_r
                0x20006608       0x2c c:/isis/application/toolchain/bin/../lib/gcc/arm-none-eabi/4.7.4/../../../../arm-none-eabi/lib\libc_s.a(lib_a-callocr.o)
                0x20006608                _calloc_r
 .text._free_r  0x20006634      0x108 c:/isis/application/toolchain/bin/../lib/gcc/arm-none-eabi/4.7.4/../../../../arm-none-eabi/lib\libc_s.a(lib_a-freer.o)
                0x20006634                _free_r
 .text.rshift   0x2000673c       0xb0 c:/isis/application/toolchain/bin/../lib/gcc/arm-none-eabi/4.7.4/../../../../arm-none-eabi/lib\libc_s.a(lib_a-gdtoa-gethex.o)
 .text.htinit.constprop.0
                0x200067ec       0x34 c:/isis/application/toolchain/bin/../lib/gcc/arm-none-eabi/4.7.4/../../../../arm-none-eabi/lib\libc_s.a(lib_a-gdtoa-gethex.o)
 .text.__hexdig_init
                0x20006820       0x38 c:/isis/application/toolchain/bin/../lib/gcc/arm-none-eabi/4.7.4/../../../../arm-none-eabi/lib\libc_s.a(lib_a-gdtoa-gethex.o)
                0x20006820                __hexdig_init
 .text.__gethex
                0x20006858      0x6cc c:/isis/application/toolchain/bin/../lib/gcc/arm-none-eabi/4.7.4/../../../../arm-none-eabi/lib\libc_s.a(lib_a-gdtoa-gethex.o)
                0x20006858                __gethex
 .text.L_shift  0x20006f24       0x38 c:/isis/application/toolchain/bin/../lib/gcc/arm-none-eabi/4.7.4/../../../../arm-none-eabi/lib\libc_s.a(lib_a-gdtoa-hexnan.o)
 .text.__hexnan
                0x20006f5c      0x1d8 c:/isis/application/toolchain/bin/../lib/gcc/arm-none-eabi/4.7.4/../../../../arm-none-eabi/lib\libc_s.a(lib_a-gdtoa-hexnan.o)
                0x20006f5c                __hexnan
 .text.memchr   0x20007134       0x34 c:/isis/application/toolchain/bin/../lib/gcc/arm-none-eabi/4.7.4/../../../../arm-none-eabi/lib\libc_s.a(lib_a-memchr.o)
                0x20007134                memchr
 .text.memset   0x20007168       0x1c c:/isis/application/toolchain/bin/../lib/gcc/arm-none-eabi/4.7.4/../../../../arm-none-eabi/lib\libc_s.a(lib_a-memset.o)
                0x20007168                memset
 .text._realloc_r
                0x20007184       0x80 c:/isis/application/toolchain/bin/../lib/gcc/arm-none-eabi/4.7.4/../../../../arm-none-eabi/lib\libc_s.a(lib_a-reallocr.o)
                0x20007184                _realloc_r
 .text.strncmp  0x20007204       0x64 c:/isis/application/toolchain/bin/../lib/gcc/arm-none-eabi/4.7.4/../../../../arm-none-eabi/lib\libc_s.a(lib_a-strncmp.o)
                0x20007204                strncmp
 .text._malloc_usable_size_r
                0x20007268       0x1c c:/isis/application/toolchain/bin/../lib/gcc/arm-none-eabi/4.7.4/../../../../arm-none-eabi/lib\libc_s.a(lib_a-msizer.o)
                0x20007268                _malloc_usable_size_r
 .text.cmd_mute
                0x20007284       0xc4 ./src/sub-systemCode/Main/CMD/COMM_CMD.o
                0x20007284                cmd_mute
 .text.cmd_unmute
                0x20007348       0x4c ./src/sub-systemCode/Main/CMD/COMM_CMD.o
                0x20007348                cmd_unmute
 .text.cmd_active_trans
                0x20007394       0xc0 ./src/sub-systemCode/Main/CMD/COMM_CMD.o
                0x20007394                cmd_active_trans
 .text.cmd_shut_trans
                0x20007454       0x38 ./src/sub-systemCode/Main/CMD/COMM_CMD.o
                0x20007454                cmd_shut_trans
 .text.cmd_change_trans_rssi
                0x2000748c      0x100 ./src/sub-systemCode/Main/CMD/COMM_CMD.o
                0x2000748c                cmd_change_trans_rssi
 .text.cmd_aprs_dump
                0x2000758c       0x50 ./src/sub-systemCode/Main/CMD/COMM_CMD.o
                0x2000758c                cmd_aprs_dump
 .text.cmd_stop_dump
                0x200075dc       0x38 ./src/sub-systemCode/Main/CMD/COMM_CMD.o
                0x200075dc                cmd_stop_dump
 .text.cmd_time_frequency
                0x20007614       0xc0 ./src/sub-systemCode/Main/CMD/COMM_CMD.o
                0x20007614                cmd_time_frequency
 .text.cmd_change_def_bit_rate
                0x200076d4      0x158 ./src/sub-systemCode/Main/CMD/COMM_CMD.o
                0x200076d4                cmd_change_def_bit_rate
 .text.cmd_upload_volt_logic
                0x2000782c      0x334 ./src/sub-systemCode/Main/CMD/EPS_CMD.o
                0x2000782c                cmd_upload_volt_logic
 .text.cmd_upload_volt_COMM
                0x20007b60      0x1c8 ./src/sub-systemCode/Main/CMD/EPS_CMD.o
                0x20007b60                cmd_upload_volt_COMM
 .text.cmd_heater_temp
                0x20007d28       0xc0 ./src/sub-systemCode/Main/CMD/EPS_CMD.o
                0x20007d28                cmd_heater_temp
 .text.cmd_SHUT_CAM
                0x20007de8       0x6c ./src/sub-systemCode/Main/CMD/EPS_CMD.o
                0x20007de8                cmd_SHUT_CAM
 .text.cmd_SHUT_ADCS
                0x20007e54       0x6c ./src/sub-systemCode/Main/CMD/EPS_CMD.o
                0x20007e54                cmd_SHUT_ADCS
 .text.cmd_allow_CAM
                0x20007ec0       0x6c ./src/sub-systemCode/Main/CMD/EPS_CMD.o
                0x20007ec0                cmd_allow_CAM
 .text.cmd_allow_ADCS
                0x20007f2c       0x6c ./src/sub-systemCode/Main/CMD/EPS_CMD.o
                0x20007f2c                cmd_allow_ADCS
 .text.cmd_update_alpha
                0x20007f98       0xfc ./src/sub-systemCode/Main/CMD/EPS_CMD.o
                0x20007f98                cmd_update_alpha
 .text.cmd_generic_I2C
                0x20008094       0xb4 ./src/sub-systemCode/Main/CMD/General_CMD.o
                0x20008094                cmd_generic_I2C
 .text.cmd_dump
                0x20008148       0xf0 ./src/sub-systemCode/Main/CMD/General_CMD.o
                0x20008148                cmd_dump
 .text.cmd_delete_TM
                0x20008238      0x234 ./src/sub-systemCode/Main/CMD/General_CMD.o
                0x20008238                cmd_delete_TM
 .text.cmd_reset_file
                0x2000846c      0x118 ./src/sub-systemCode/Main/CMD/General_CMD.o
                0x2000846c                cmd_reset_file
 .text.cmd_dummy_func
                0x20008584       0x40 ./src/sub-systemCode/Main/CMD/General_CMD.o
                0x20008584                cmd_dummy_func
 .text.cmd_soft_reset_cmponent
                0x200085c4       0xac ./src/sub-systemCode/Main/CMD/General_CMD.o
                0x200085c4                cmd_soft_reset_cmponent
 .text.cmd_hard_reset_cmponent
                0x20008670       0xac ./src/sub-systemCode/Main/CMD/General_CMD.o
                0x20008670                cmd_hard_reset_cmponent
 .text.cmd_reset_satellite
                0x2000871c       0x78 ./src/sub-systemCode/Main/CMD/General_CMD.o
                0x2000871c                cmd_reset_satellite
 .text.cmd_gracefull_reset_satellite
                0x20008794       0x78 ./src/sub-systemCode/Main/CMD/General_CMD.o
                0x20008794                cmd_gracefull_reset_satellite
 .text.cmd_upload_time
                0x2000880c       0xb0 ./src/sub-systemCode/Main/CMD/General_CMD.o
                0x2000880c                cmd_upload_time
 .text.cmd_ARM_DIARM
                0x200088bc       0xd4 ./src/sub-systemCode/Main/CMD/General_CMD.o
                0x200088bc                cmd_ARM_DIARM
 .text.cmd_get_onlineTM
                0x20008990       0xb8 ./src/sub-systemCode/Main/CMD/General_CMD.o
                0x20008990                cmd_get_onlineTM
 .text.cmd_reset_off_line
                0x20008a48       0x68 ./src/sub-systemCode/Main/CMD/General_CMD.o
                0x20008a48                cmd_reset_off_line
 .text.cmd_add_item_off_line
                0x20008ab0       0xf0 ./src/sub-systemCode/Main/CMD/General_CMD.o
                0x20008ab0                cmd_add_item_off_line
 .text.cmd_reset_delayed_command_list
                0x20008ba0       0x3c ./src/sub-systemCode/Main/CMD/SW_CMD.o
                0x20008ba0                cmd_reset_delayed_command_list
 .text.cmd_reset_APRS_list
                0x20008bdc       0x3c ./src/sub-systemCode/Main/CMD/SW_CMD.o
                0x20008bdc                cmd_reset_APRS_list
 .text.cmd_reset_FRAM
                0x20008c18       0xe8 ./src/sub-systemCode/Main/CMD/SW_CMD.o
                0x20008c18                cmd_reset_FRAM
 .text.ARM_ants
                0x20008d00       0xb8 ./src/sub-systemCode/Main/Ants.o
                0x20008d00                ARM_ants
 .text.DISARM_ants
                0x20008db8       0xb8 ./src/sub-systemCode/Main/Ants.o
                0x20008db8                DISARM_ants
 .text.round_vol
                0x20008e70      0x124 ./src/sub-systemCode/Main/EPS.o
                0x20008e70                round_vol
 .text.get_shut_ADCS
                0x20008f94       0x48 ./src/sub-systemCode/Main/EPS.o
                0x20008f94                get_shut_ADCS
 .text.shut_ADCS
                0x20008fdc       0x44 ./src/sub-systemCode/Main/EPS.o
                0x20008fdc                shut_ADCS
 .text.get_shut_CAM
                0x20009020       0x48 ./src/sub-systemCode/Main/EPS.o
                0x20009020                get_shut_CAM
 .text.shut_CAM
                0x20009068       0x44 ./src/sub-systemCode/Main/EPS.o
                0x20009068                shut_CAM
 .text.update_powerLines
                0x200090ac       0xec ./src/sub-systemCode/Main/EPS.o
                0x200090ac                update_powerLines
 .text.init_enterMode
                0x20009198       0x88 ./src/sub-systemCode/Main/EPS.o
                0x20009198                init_enterMode
 .text.EPS_Init
                0x20009220      0x1c8 ./src/sub-systemCode/Main/EPS.o
                0x20009220                EPS_Init
 .text.reset_FRAM_EPS
                0x200093e8       0xe0 ./src/sub-systemCode/Main/EPS.o
                0x200093e8                reset_FRAM_EPS
 .text.reset_EPS_voltages
                0x200094c8       0xbc ./src/sub-systemCode/Main/EPS.o
                0x200094c8                reset_EPS_voltages
 .text.battery_downward
                0x20009584      0x114 ./src/sub-systemCode/Main/EPS.o
                0x20009584                battery_downward
 .text.battery_upward
                0x20009698      0x120 ./src/sub-systemCode/Main/EPS.o
                0x20009698                battery_upward
 .text.EPS_Conditioning
                0x200097b8      0x24c ./src/sub-systemCode/Main/EPS.o
                0x200097b8                EPS_Conditioning
 .text.overRide_ADCS
                0x20009a04       0x50 ./src/sub-systemCode/Main/EPS.o
                0x20009a04                overRide_ADCS
 .text.overRide_Camera
                0x20009a54       0x38 ./src/sub-systemCode/Main/EPS.o
                0x20009a54                overRide_Camera
 .text.EnterFullMode
                0x20009a8c       0xfc ./src/sub-systemCode/Main/EPS.o
                0x20009a8c                EnterFullMode
 .text.EnterCruiseMode
                0x20009b88       0xec ./src/sub-systemCode/Main/EPS.o
                0x20009b88                EnterCruiseMode
 .text.EnterSafeMode
                0x20009c74       0xec ./src/sub-systemCode/Main/EPS.o
                0x20009c74                EnterSafeMode
 .text.EnterCriticalMode
                0x20009d60       0xd8 ./src/sub-systemCode/Main/EPS.o
                0x20009d60                EnterCriticalMode
 .text.check_EPSTableCorrection
                0x20009e38      0x120 ./src/sub-systemCode/Main/EPS.o
                0x20009e38                check_EPSTableCorrection
 .text.find_fileName
                0x20009f58      0x5e4 ./src/sub-systemCode/Main/HouseKeeping.o
                0x20009f58                find_fileName
 .text.size_of_element
                0x2000a53c      0x108 ./src/sub-systemCode/Main/HouseKeeping.o
                0x2000a53c                size_of_element
 .text.save_ACK
                0x2000a644       0xa0 ./src/sub-systemCode/Main/HouseKeeping.o
                0x2000a644                save_ACK
 .text.set_GP_EPS
                0x2000a6e4      0x10c ./src/sub-systemCode/Main/HouseKeeping.o
                0x2000a6e4                set_GP_EPS
 .text.set_GP_COMM
                0x2000a7f0       0x88 ./src/sub-systemCode/Main/HouseKeeping.o
                0x2000a7f0                set_GP_COMM
 .text.SP_HK_collect
                0x2000a878      0x17c ./src/sub-systemCode/Main/HouseKeeping.o
                0x2000a878                SP_HK_collect
 .text.EPS_HK_collect
                0x2000a9f4      0x4d8 ./src/sub-systemCode/Main/HouseKeeping.o
                0x2000a9f4                EPS_HK_collect
 .text.CAM_HK_collect
                0x2000aecc      0x91c ./src/sub-systemCode/Main/HouseKeeping.o
                0x2000aecc                CAM_HK_collect
 .text.COMM_HK_collect
                0x2000b7e8      0x154 ./src/sub-systemCode/Main/HouseKeeping.o
                0x2000b7e8                COMM_HK_collect
 .text.COMM_create_file
                0x2000b93c       0x74 ./src/sub-systemCode/Main/HouseKeeping.o
                0x2000b93c                COMM_create_file
 .text.ACK_create_file
                0x2000b9b0       0x74 ./src/sub-systemCode/Main/HouseKeeping.o
                0x2000b9b0                ACK_create_file
 .text.EPS_create_file
                0x2000ba24       0x74 ./src/sub-systemCode/Main/HouseKeeping.o
                0x2000ba24                EPS_create_file
 .text.CAM_create_file
                0x2000ba98       0x54 ./src/sub-systemCode/Main/HouseKeeping.o
                0x2000ba98                CAM_create_file
 .text.SP_create_file
                0x2000baec       0x54 ./src/sub-systemCode/Main/HouseKeeping.o
                0x2000baec                SP_create_file
 .text.create_files
                0x2000bb40       0x48 ./src/sub-systemCode/Main/HouseKeeping.o
                0x2000bb40                create_files
 .text.save_SP_HK
                0x2000bb88       0x70 ./src/sub-systemCode/Main/HouseKeeping.o
                0x2000bb88                save_SP_HK
 .text.save_EPS_HK
                0x2000bbf8       0x70 ./src/sub-systemCode/Main/HouseKeeping.o
                0x2000bbf8                save_EPS_HK
 .text.save_CAM_HK
                0x2000bc68       0x84 ./src/sub-systemCode/Main/HouseKeeping.o
                0x2000bc68                save_CAM_HK
 .text.save_COMM_HK
                0x2000bcec       0x70 ./src/sub-systemCode/Main/HouseKeeping.o
                0x2000bcec                save_COMM_HK
 .text.EPS_HK_raw_BigEnE
                0x2000bd5c      0x194 ./src/sub-systemCode/Main/HouseKeeping.o
                0x2000bd5c                EPS_HK_raw_BigEnE
 .text.CAM_HK_raw_BigEnE
                0x2000bef0      0x194 ./src/sub-systemCode/Main/HouseKeeping.o
                0x2000bef0                CAM_HK_raw_BigEnE
 .text.COMM_HK_raw_BigEnE
                0x2000c084      0x194 ./src/sub-systemCode/Main/HouseKeeping.o
                0x2000c084                COMM_HK_raw_BigEnE
 .text.ADCS_HK_raw_BigEnE
                0x2000c218      0x194 ./src/sub-systemCode/Main/HouseKeeping.o
                0x2000c218                ADCS_HK_raw_BigEnE
 .text.SP_HK_raw_BiEnE
                0x2000c3ac      0x194 ./src/sub-systemCode/Main/HouseKeeping.o
                0x2000c3ac                SP_HK_raw_BiEnE
 .text.ADCS_SC_raw_BigEnE
                0x2000c540      0x188 ./src/sub-systemCode/Main/HouseKeeping.o
                0x2000c540                ADCS_SC_raw_BigEnE
 .text.build_HK_spl_packet
                0x2000c6c8      0xa2c ./src/sub-systemCode/Main/HouseKeeping.o
                0x2000c6c8                build_HK_spl_packet
 .text.HouseKeeping_highRate_Task
                0x2000d0f4       0x88 ./src/sub-systemCode/Main/HouseKeeping.o
                0x2000d0f4                HouseKeeping_highRate_Task
 .text.HouseKeeping_lowRate_Task
                0x2000d17c       0x84 ./src/sub-systemCode/Main/HouseKeeping.o
                0x2000d17c                HouseKeeping_lowRate_Task
 .text.test_menu
                0x2000d200       0xd8 ./src/sub-systemCode/Main/Main_Init.o
                0x2000d200                test_menu
 .text.numberOfRestarts
                0x2000d2d8       0x94 ./src/sub-systemCode/Main/Main_Init.o
                0x2000d2d8                numberOfRestarts
 .text.StartFRAM
                0x2000d36c       0x38 ./src/sub-systemCode/Main/Main_Init.o
                0x2000d36c                StartFRAM
 .text.StartI2C
                0x2000d3a4       0x44 ./src/sub-systemCode/Main/Main_Init.o
                0x2000d3a4                StartI2C
 .text.StartSPI
                0x2000d3e8       0x40 ./src/sub-systemCode/Main/Main_Init.o
                0x2000d3e8                StartSPI
 .text.StartTIME
                0x2000d428      0x118 ./src/sub-systemCode/Main/Main_Init.o
                0x2000d428                StartTIME
 .text.first_activation
                0x2000d540       0x78 ./src/sub-systemCode/Main/Main_Init.o
                0x2000d540                first_activation
 .text.InitSubsystems
                0x2000d5b8       0x68 ./src/sub-systemCode/Main/Main_Init.o
                0x2000d5b8                InitSubsystems
 .text.SubSystemTaskStart
                0x2000d620      0x11c ./src/sub-systemCode/Main/Main_Init.o
                0x2000d620                SubSystemTaskStart
 .text.save_ACK_s
                0x2000d73c       0x5c ./src/sub-systemCode/Main/commands.o
                0x2000d73c                save_ACK_s
 .text.copy_command
                0x2000d798       0x80 ./src/sub-systemCode/Main/commands.o
                0x2000d798                copy_command
 .text.reset_command
                0x2000d818       0x28 ./src/sub-systemCode/Main/commands.o
                0x2000d818                reset_command
 .text.init_command
                0x2000d840       0xd4 ./src/sub-systemCode/Main/commands.o
                0x2000d840                init_command
 .text.add_command
                0x2000d914      0x138 ./src/sub-systemCode/Main/commands.o
                0x2000d914                add_command
 .text.get_command
                0x2000da4c      0x1cc ./src/sub-systemCode/Main/commands.o
                0x2000da4c                get_command
 .text.act_upon_command
                0x2000dc18      0x200 ./src/sub-systemCode/Main/commands.o
                0x2000dc18                act_upon_command
 .text.cmd_error
                0x2000de18       0x38 ./src/sub-systemCode/Main/commands.o
                0x2000de18                cmd_error
 .text.AUC_COMM
                0x2000de50      0x25c ./src/sub-systemCode/Main/commands.o
                0x2000de50                AUC_COMM
 .text.AUC_general
                0x2000e0ac      0x474 ./src/sub-systemCode/Main/commands.o
                0x2000e0ac                AUC_general
 .text.AUC_payload
                0x2000e520      0x110 ./src/sub-systemCode/Main/commands.o
                0x2000e520                AUC_payload
 .text.AUC_EPS  0x2000e630      0x28c ./src/sub-systemCode/Main/commands.o
                0x2000e630                AUC_EPS
 .text.AUC_ADCS
                0x2000e8bc       0x5c ./src/sub-systemCode/Main/commands.o
                0x2000e8bc                AUC_ADCS
 .text.AUC_SW   0x2000e918       0xe4 ./src/sub-systemCode/Main/commands.o
                0x2000e918                AUC_SW
 .text.AUC_onlineTM
                0x2000e9fc      0x16c ./src/sub-systemCode/Main/commands.o
                0x2000e9fc                AUC_onlineTM
 .text.AUC_special_operation
                0x2000eb68       0x8c ./src/sub-systemCode/Main/commands.o
                0x2000eb68                AUC_special_operation
 .text.check_int
                0x2000ebf4       0x3c ./src/sub-systemCode/Global/Global.o
                0x2000ebf4                check_int
 .text.check_portBASE_TYPE
                0x2000ec30       0x3c ./src/sub-systemCode/Global/Global.o
                0x2000ec30                check_portBASE_TYPE
 .text.soft_reset_subsystem
                0x2000ec6c       0xd8 ./src/sub-systemCode/Global/Global.o
                0x2000ec6c                soft_reset_subsystem
 .text.hard_reset_subsystem
                0x2000ed44      0x104 ./src/sub-systemCode/Global/Global.o
                0x2000ed44                hard_reset_subsystem
 .text.BigEnE_raw_to_uInt
                0x2000ee48       0x94 ./src/sub-systemCode/Global/Global.o
                0x2000ee48                BigEnE_raw_to_uInt
 .text.BigEnE_raw_to_uShort
                0x2000eedc       0x50 ./src/sub-systemCode/Global/Global.o
                0x2000eedc                BigEnE_raw_to_uShort
 .text.BigEnE_uInt_to_raw
                0x2000ef2c       0x78 ./src/sub-systemCode/Global/Global.o
                0x2000ef2c                BigEnE_uInt_to_raw
 .text.reset_FRAM_MAIN
                0x2000efa4      0x19c ./src/sub-systemCode/Global/Global.o
                0x2000efa4                reset_FRAM_MAIN
 .text.terminateTask
                0x2000f140       0x18 ./src/sub-systemCode/Global/Global.o
                0x2000f140                terminateTask
 .text.init_GP  0x2000f158      0x300 ./src/sub-systemCode/Global/GlobalParam.o
                0x2000f158                init_GP
 .text.get_system_state
                0x2000f458      0x268 ./src/sub-systemCode/Global/GlobalParam.o
                0x2000f458                get_system_state
 .text.set_system_state
                0x2000f6c0      0x298 ./src/sub-systemCode/Global/GlobalParam.o
                0x2000f6c0                set_system_state
 .text.get_current_global_param
                0x2000f958      0x5c8 ./src/sub-systemCode/Global/GlobalParam.o
                0x2000f958                get_current_global_param
 .text.set_Vbatt
                0x2000ff20       0x8c ./src/sub-systemCode/Global/GlobalParam.o
                0x2000ff20                set_Vbatt
 .text.get_Vbatt
                0x2000ffac       0x8c ./src/sub-systemCode/Global/GlobalParam.o
                0x2000ffac                get_Vbatt
 .text.set_curBat
                0x20010038       0x8c ./src/sub-systemCode/Global/GlobalParam.o
                0x20010038                set_curBat
 .text.set_cur3V3
                0x200100c4       0x8c ./src/sub-systemCode/Global/GlobalParam.o
                0x200100c4                set_cur3V3
 .text.set_cur5V
                0x20010150       0x8c ./src/sub-systemCode/Global/GlobalParam.o
                0x20010150                set_cur5V
 .text.set_tempComm_LO
                0x200101dc       0x8c ./src/sub-systemCode/Global/GlobalParam.o
                0x200101dc                set_tempComm_LO
 .text.set_tempComm_PA
                0x20010268       0x8c ./src/sub-systemCode/Global/GlobalParam.o
                0x20010268                set_tempComm_PA
 .text.set_tempEPS
                0x200102f4       0xc8 ./src/sub-systemCode/Global/GlobalParam.o
                0x200102f4                set_tempEPS
 .text.set_tempBatt
                0x200103bc       0xc8 ./src/sub-systemCode/Global/GlobalParam.o
                0x200103bc                set_tempBatt
 .text.set_RxDoppler
                0x20010484       0x8c ./src/sub-systemCode/Global/GlobalParam.o
                0x20010484                set_RxDoppler
 .text.set_RxRSSI
                0x20010510       0x8c ./src/sub-systemCode/Global/GlobalParam.o
                0x20010510                set_RxRSSI
 .text.set_TxRefl
                0x2001059c       0x8c ./src/sub-systemCode/Global/GlobalParam.o
                0x2001059c                set_TxRefl
 .text.set_TxForw
                0x20010628       0x8c ./src/sub-systemCode/Global/GlobalParam.o
                0x20010628                set_TxForw
 .text.get_ST   0x200106b4       0x8c ./src/sub-systemCode/Global/GlobalParam.o
                0x200106b4                get_ST
 .text.set_numOfAPRS
                0x20010740       0x8c ./src/sub-systemCode/Global/GlobalParam.o
                0x20010740                set_numOfAPRS
 .text.set_numOfDelayedCommand
                0x200107cc       0x8c ./src/sub-systemCode/Global/GlobalParam.o
                0x200107cc                set_numOfDelayedCommand
 .text.set_numOfResets
                0x20010858       0xac ./src/sub-systemCode/Global/GlobalParam.o
                0x20010858                set_numOfResets
 .text.set_ground_conn
                0x20010904       0xa0 ./src/sub-systemCode/Global/GlobalParam.o
                0x20010904                set_ground_conn
 .text.get_ground_conn
                0x200109a4       0xa0 ./src/sub-systemCode/Global/GlobalParam.o
                0x200109a4                get_ground_conn
 .text.IsisAntS_getStatusData_sideA
                0x20010a44       0x3c ./src/sub-systemCode/Global/OnlineTM.o
                0x20010a44                IsisAntS_getStatusData_sideA
 .text.IsisAntS_getAlltelemetry_sideA
                0x20010a80       0x3c ./src/sub-systemCode/Global/OnlineTM.o
                0x20010a80                IsisAntS_getAlltelemetry_sideA
 .text.IsisAntS_getTemperature_sideA
                0x20010abc       0x3c ./src/sub-systemCode/Global/OnlineTM.o
                0x20010abc                IsisAntS_getTemperature_sideA
 .text.IsisAntS_getStatusData_sideB
                0x20010af8       0x3c ./src/sub-systemCode/Global/OnlineTM.o
                0x20010af8                IsisAntS_getStatusData_sideB
 .text.IsisAntS_getAlltelemetry_sideB
                0x20010b34       0x3c ./src/sub-systemCode/Global/OnlineTM.o
                0x20010b34                IsisAntS_getAlltelemetry_sideB
 .text.IsisAntS_getTemperature_sideB
                0x20010b70       0x3c ./src/sub-systemCode/Global/OnlineTM.o
                0x20010b70                IsisAntS_getTemperature_sideB
 .text.get_item_by_index
                0x20010bac       0xd8 ./src/sub-systemCode/Global/OnlineTM.o
                0x20010bac                get_item_by_index
 .text.init_onlineParam
                0x20010c84      0xc80 ./src/sub-systemCode/Global/OnlineTM.o
                0x20010c84                init_onlineParam
 .text.reset_offline_TM_list
                0x20011904       0x50 ./src/sub-systemCode/Global/OnlineTM.o
                0x20011904                reset_offline_TM_list
 .text.get_online_packet
                0x20011954      0x254 ./src/sub-systemCode/Global/OnlineTM.o
                0x20011954                get_online_packet
 .text.save_onlineTM_param
                0x20011ba8      0x1a4 ./src/sub-systemCode/Global/OnlineTM.o
                0x20011ba8                save_onlineTM_param
 .text.add_onlineTM_param_to_save_list
                0x20011d4c      0x214 ./src/sub-systemCode/Global/OnlineTM.o
                0x20011d4c                add_onlineTM_param_to_save_list
 .text.save_onlineTM_logic
                0x20011f60      0x180 ./src/sub-systemCode/Global/OnlineTM.o
                0x20011f60                save_onlineTM_logic
 .text.save_onlineTM_task
                0x200120e0       0x54 ./src/sub-systemCode/Global/OnlineTM.o
                0x200120e0                save_onlineTM_task
 .text.delete_allTMFilesFromSD
                0x20012134       0xf8 ./src/sub-systemCode/Global/TLM_management.o
                0x20012134                delete_allTMFilesFromSD
 .text.getNumOfFilesInFS
                0x2001222c       0x44 ./src/sub-systemCode/Global/TLM_management.o
 .text.setNumOfFilesInFS
                0x20012270       0x50 ./src/sub-systemCode/Global/TLM_management.o
 .text.f_managed_enterFS
                0x200122c0       0xb0 ./src/sub-systemCode/Global/TLM_management.o
                0x200122c0                f_managed_enterFS
 .text.f_managed_releaseFS
                0x20012370       0x58 ./src/sub-systemCode/Global/TLM_management.o
                0x20012370                f_managed_releaseFS
 .text.f_managed_open
                0x200123c8      0x10c ./src/sub-systemCode/Global/TLM_management.o
                0x200123c8                f_managed_open
 .text.f_managed_close
                0x200124d4       0x7c ./src/sub-systemCode/Global/TLM_management.o
                0x200124d4                f_managed_close
 .text.createSemahores_FS
                0x20012550       0x7c ./src/sub-systemCode/Global/TLM_management.o
                0x20012550                createSemahores_FS
 .text.InitializeFS
                0x200125cc      0x1a8 ./src/sub-systemCode/Global/TLM_management.o
                0x200125cc                InitializeFS
 .text.c_fileCreate
                0x20012774       0xf4 ./src/sub-systemCode/Global/TLM_management.o
                0x20012774                c_fileCreate
 .text.writewithEpochtime
                0x20012868       0xa4 ./src/sub-systemCode/Global/TLM_management.o
 .text.get_C_FILE_struct
                0x2001290c      0x104 ./src/sub-systemCode/Global/TLM_management.o
 .text.getFileIndex
                0x20012a10       0x4c ./src/sub-systemCode/Global/TLM_management.o
 .text.get_file_name_by_index
                0x20012a5c       0x54 ./src/sub-systemCode/Global/TLM_management.o
                0x20012a5c                get_file_name_by_index
 .text.c_fileReset
                0x20012ab0       0xbc ./src/sub-systemCode/Global/TLM_management.o
                0x20012ab0                c_fileReset
 .text.c_fileWrite
                0x20012b6c      0x140 ./src/sub-systemCode/Global/TLM_management.o
                0x20012b6c                c_fileWrite
 .text.deleteElementsFromFile
                0x20012cac      0x194 ./src/sub-systemCode/Global/TLM_management.o
 .text.c_fileDeleteElements
                0x20012e40      0x168 ./src/sub-systemCode/Global/TLM_management.o
                0x20012e40                c_fileDeleteElements
 .text.c_fileRead
                0x20012fa8      0x2c8 ./src/sub-systemCode/Global/TLM_management.o
                0x20012fa8                c_fileRead
 .text.reset_APRS_list
                0x20013270       0xa4 ./src/sub-systemCode/COMM/APRS.o
                0x20013270                reset_APRS_list
 .text.send_APRS_Dump
                0x20013314      0x1c0 ./src/sub-systemCode/COMM/APRS.o
                0x20013314                send_APRS_Dump
 .text.get_APRS_list
                0x200134d4       0x88 ./src/sub-systemCode/COMM/APRS.o
                0x200134d4                get_APRS_list
 .text.find_CMD_in_list
                0x2001355c       0x7c ./src/sub-systemCode/COMM/DelayedCommand_list.o
                0x2001355c                find_CMD_in_list
 .text.find_empty_in_list
                0x200135d8       0x74 ./src/sub-systemCode/COMM/DelayedCommand_list.o
                0x200135d8                find_empty_in_list
 .text.check_delayCommandTime
                0x2001364c       0x8c ./src/sub-systemCode/COMM/DelayedCommand_list.o
                0x2001364c                check_delayCommandTime
 .text.execute_delayedCommand
                0x200136d8       0x64 ./src/sub-systemCode/COMM/DelayedCommand_list.o
                0x200136d8                execute_delayedCommand
 .text.check_delaycommand
                0x2001373c      0x17c ./src/sub-systemCode/COMM/DelayedCommand_list.o
                0x2001373c                check_delaycommand
 .text.reset_delayCommand
                0x200138b8       0x8c ./src/sub-systemCode/COMM/DelayedCommand_list.o
                0x200138b8                reset_delayCommand
 .text.add_delayCommand
                0x20013944      0x1a4 ./src/sub-systemCode/COMM/DelayedCommand_list.o
                0x20013944                add_delayCommand
 .text.get_delayCommand_list
                0x20013ae8       0x80 ./src/sub-systemCode/COMM/DelayedCommand_list.o
                0x20013ae8                get_delayCommand_list
 .text.EmptyOldestCommand
                0x20013b68       0xfc ./src/sub-systemCode/COMM/DelayedCommand_list.o
                0x20013b68                EmptyOldestCommand
 .text.decode_TCpacket
                0x20013c64      0x16c ./src/sub-systemCode/COMM/GSC.o
                0x20013c64                decode_TCpacket
 .text.encode_TCpacket
                0x20013dd0      0x114 ./src/sub-systemCode/COMM/GSC.o
                0x20013dd0                encode_TCpacket
 .text.encode_TMpacket
                0x20013ee4      0x104 ./src/sub-systemCode/COMM/GSC.o
                0x20013ee4                encode_TMpacket
 .text.build_raw_ACK
                0x20013fe8       0xbc ./src/sub-systemCode/COMM/GSC.o
                0x20013fe8                build_raw_ACK
 .text.build_data_field_ACK
                0x200140a4       0x74 ./src/sub-systemCode/COMM/GSC.o
                0x200140a4                build_data_field_ACK
 .text.update_FRAM_bitRate
                0x20014118       0xd0 ./src/sub-systemCode/COMM/TRXVU.o
                0x20014118                update_FRAM_bitRate
 .text.toggle_idle_state
                0x200141e8       0x94 ./src/sub-systemCode/COMM/TRXVU.o
                0x200141e8                toggle_idle_state
 .text.TRXVU_init_hardWare
                0x2001427c       0x98 ./src/sub-systemCode/COMM/TRXVU.o
                0x2001427c                TRXVU_init_hardWare
 .text.TRXVU_init_softWare
                0x20014314      0x100 ./src/sub-systemCode/COMM/TRXVU.o
                0x20014314                TRXVU_init_softWare
 .text.init_trxvu
                0x20014414       0x14 ./src/sub-systemCode/COMM/TRXVU.o
                0x20014414                init_trxvu
 .text.TRXVU_task
                0x20014428       0x9c ./src/sub-systemCode/COMM/TRXVU.o
                0x20014428                TRXVU_task
 .text.dump_logic
                0x200144c4      0x324 ./src/sub-systemCode/COMM/TRXVU.o
                0x200144c4                dump_logic
 .text.Dump_task
                0x200147e8      0x17c ./src/sub-systemCode/COMM/TRXVU.o
                0x200147e8                Dump_task
 .text.transponder_logic
                0x20014964       0xbc ./src/sub-systemCode/COMM/TRXVU.o
                0x20014964                transponder_logic
 .text.Transponder_task
                0x20014a20      0x238 ./src/sub-systemCode/COMM/TRXVU.o
                0x20014a20                Transponder_task
 .text.lookForRequestToDelete_transponder
                0x20014c58       0xc0 ./src/sub-systemCode/COMM/TRXVU.o
                0x20014c58                lookForRequestToDelete_transponder
 .text.lookForRequestToDelete_dump
                0x20014d18       0x78 ./src/sub-systemCode/COMM/TRXVU.o
                0x20014d18                lookForRequestToDelete_dump
 .text.sendRequestToStop_dump
                0x20014d90       0x8c ./src/sub-systemCode/COMM/TRXVU.o
                0x20014d90                sendRequestToStop_dump
 .text.sendRequestToStop_transponder
                0x20014e1c       0x98 ./src/sub-systemCode/COMM/TRXVU.o
                0x20014e1c                sendRequestToStop_transponder
 .text.Rx_logic
                0x20014eb4      0x184 ./src/sub-systemCode/COMM/TRXVU.o
                0x20014eb4                Rx_logic
 .text.pass_above_Ground
                0x20015038      0x104 ./src/sub-systemCode/COMM/TRXVU.o
                0x20015038                pass_above_Ground
 .text.trxvu_logic
                0x2001513c       0x1c ./src/sub-systemCode/COMM/TRXVU.o
                0x2001513c                trxvu_logic
 .text.Beacon_task
                0x20015158      0x170 ./src/sub-systemCode/COMM/TRXVU.o
                0x20015158                Beacon_task
 .text.buildAndSend_beacon
                0x200152c8      0x604 ./src/sub-systemCode/COMM/TRXVU.o
                0x200152c8                buildAndSend_beacon
 .text.reset_FRAM_TRXVU
                0x200158cc      0x160 ./src/sub-systemCode/COMM/TRXVU.o
                0x200158cc                reset_FRAM_TRXVU
 .text.TRX_sendFrame
                0x20015a2c      0x1c0 ./src/sub-systemCode/COMM/TRXVU.o
                0x20015a2c                TRX_sendFrame
 .text.TRX_getFrameData
                0x20015bec      0x10c ./src/sub-systemCode/COMM/TRXVU.o
                0x20015bec                TRX_getFrameData
 .text.mute_Tx  0x20015cf8       0x20 ./src/sub-systemCode/COMM/TRXVU.o
                0x20015cf8                mute_Tx
 .text.unmute_Tx
                0x20015d18       0x58 ./src/sub-systemCode/COMM/TRXVU.o
                0x20015d18                unmute_Tx
 .text.check_time_off_mute
                0x20015d70       0x88 ./src/sub-systemCode/COMM/TRXVU.o
                0x20015d70                check_time_off_mute
 .text.set_mute_time
                0x20015df8       0xb4 ./src/sub-systemCode/COMM/TRXVU.o
                0x20015df8                set_mute_time
 .text.change_TRXVU_state
                0x20015eac       0xe0 ./src/sub-systemCode/COMM/TRXVU.o
                0x20015eac                change_TRXVU_state
 .text.change_trans_RSSI
                0x20015f8c       0x60 ./src/sub-systemCode/COMM/TRXVU.o
                0x20015f8c                change_trans_RSSI
 .text.init_adcs
                0x20015fec      0x104 ./src/sub-systemCode/ADCS/ADCS.o
                0x20015fec                init_adcs
 .text.telemtryStart
                0x200160f0      0x16c ./src/sub-systemCode/ADCS/Stage_Table.o
                0x200160f0                telemtryStart
 .text.powerStart
                0x2001625c       0x5c ./src/sub-systemCode/ADCS/Stage_Table.o
                0x2001625c                powerStart
 .text.createTable
                0x200162b8       0xb4 ./src/sub-systemCode/ADCS/Stage_Table.o
                0x200162b8                createTable
 .text.buildControlMode
                0x2001636c       0x60 ./src/sub-systemCode/ADCS/Stage_Table.o
                0x2001636c                buildControlMode
 .text.Check_Table
                0x200163cc      0x178 ./src/sub-systemCode/ADCS/Stage_Table.o
                0x200163cc                Check_Table
 .text.updateTable
                0x20016544      0x1f0 ./src/sub-systemCode/ADCS/Stage_Table.o
                0x20016544                updateTable
 .text.translateCommandFULL
                0x20016734       0x78 ./src/sub-systemCode/ADCS/Stage_Table.o
                0x20016734                translateCommandFULL
 .text.getTableTo
                0x200167ac       0x64 ./src/sub-systemCode/ADCS/Stage_Table.o
                0x200167ac                getTableTo
 .text.save_time
                0x20016810       0x9c ./src/main.o
                0x20016810                save_time
 .text.Command_logic
                0x200168ac       0x6c ./src/main.o
                0x200168ac                Command_logic
 .text.taskMain
                0x20016918       0x74 ./src/main.o
                0x20016918                taskMain
 .text.main     0x2001698c       0xbc ./src/main.o
                0x2001698c                main
 .text.GomEpsInitialize
                0x20016a48      0x148 C:/HOOPOE3/satellite-subsystems/demo/..//satellite-subsystems/lib\libSatelliteSubsystemsD.a(GomEPS.o)
                0x20016a48                GomEpsInitialize
 .text.makeEPStransfer
                0x20016b90       0x3c C:/HOOPOE3/satellite-subsystems/demo/..//satellite-subsystems/lib\libSatelliteSubsystemsD.a(GomEPS.o)
 .text.GomEpsSoftReset
                0x20016bcc       0xc4 C:/HOOPOE3/satellite-subsystems/demo/..//satellite-subsystems/lib\libSatelliteSubsystemsD.a(GomEPS.o)
                0x20016bcc                GomEpsSoftReset
 .text.GomEpsHardReset
                0x20016c90       0xa8 C:/HOOPOE3/satellite-subsystems/demo/..//satellite-subsystems/lib\libSatelliteSubsystemsD.a(GomEPS.o)
                0x20016c90                GomEpsHardReset
 .text.GomEpsGetHkData_param
                0x20016d38      0x29c C:/HOOPOE3/satellite-subsystems/demo/..//satellite-subsystems/lib\libSatelliteSubsystemsD.a(GomEPS.o)
                0x20016d38                GomEpsGetHkData_param
 .text.GomEpsGetHkData_general
                0x20016fd4      0x45c C:/HOOPOE3/satellite-subsystems/demo/..//satellite-subsystems/lib\libSatelliteSubsystemsD.a(GomEPS.o)
                0x20016fd4                GomEpsGetHkData_general
 .text.GomEpsGetHkData_vi
                0x20017430      0x188 C:/HOOPOE3/satellite-subsystems/demo/..//satellite-subsystems/lib\libSatelliteSubsystemsD.a(GomEPS.o)
                0x20017430                GomEpsGetHkData_vi
 .text.GomEpsGetHkData_out
                0x200175b8      0x21c C:/HOOPOE3/satellite-subsystems/demo/..//satellite-subsystems/lib\libSatelliteSubsystemsD.a(GomEPS.o)
                0x200175b8                GomEpsGetHkData_out
 .text.GomEpsGetHkData_wdt
                0x200177d4      0x2b4 C:/HOOPOE3/satellite-subsystems/demo/..//satellite-subsystems/lib\libSatelliteSubsystemsD.a(GomEPS.o)
                0x200177d4                GomEpsGetHkData_wdt
 .text.GomEpsGetHkData_basic
                0x20017a88      0x22c C:/HOOPOE3/satellite-subsystems/demo/..//satellite-subsystems/lib\libSatelliteSubsystemsD.a(GomEPS.o)
                0x20017a88                GomEpsGetHkData_basic
 .text.GomEpsSetOutput
                0x20017cb4       0xbc C:/HOOPOE3/satellite-subsystems/demo/..//satellite-subsystems/lib\libSatelliteSubsystemsD.a(GomEPS.o)
                0x20017cb4                GomEpsSetOutput
 .text.GomEpsConfigGet
                0x20017d70      0x16c C:/HOOPOE3/satellite-subsystems/demo/..//satellite-subsystems/lib\libSatelliteSubsystemsD.a(GomEPS.o)
                0x20017d70                GomEpsConfigGet
 .text.GomEpsConfigSet
                0x20017edc      0x184 C:/HOOPOE3/satellite-subsystems/demo/..//satellite-subsystems/lib\libSatelliteSubsystemsD.a(GomEPS.o)
                0x20017edc                GomEpsConfigSet
 .text.GomEpsConfig2Get
                0x20018060      0x16c C:/HOOPOE3/satellite-subsystems/demo/..//satellite-subsystems/lib\libSatelliteSubsystemsD.a(GomEPS.o)
                0x20018060                GomEpsConfig2Get
 .text.makeAntStransfer
                0x200181cc       0x4c C:/HOOPOE3/satellite-subsystems/demo/..//satellite-subsystems/lib\libSatelliteSubsystemsD.a(IsisAntS.o)
 .text.checkInputsValid
                0x20018218       0x7c C:/HOOPOE3/satellite-subsystems/demo/..//satellite-subsystems/lib\libSatelliteSubsystemsD.a(IsisAntS.o)
 .text.IsisAntS_setArmStatus
                0x20018294      0x104 C:/HOOPOE3/satellite-subsystems/demo/..//satellite-subsystems/lib\libSatelliteSubsystemsD.a(IsisAntS.o)
                0x20018294                IsisAntS_setArmStatus
 .text.IsisAntS_getStatusData
                0x20018398      0x120 C:/HOOPOE3/satellite-subsystems/demo/..//satellite-subsystems/lib\libSatelliteSubsystemsD.a(IsisAntS.o)
                0x20018398                IsisAntS_getStatusData
 .text.IsisAntS_getTemperature
                0x200184b8      0x120 C:/HOOPOE3/satellite-subsystems/demo/..//satellite-subsystems/lib\libSatelliteSubsystemsD.a(IsisAntS.o)
                0x200184b8                IsisAntS_getTemperature
 .text.IsisAntS_getAlltelemetry
                0x200185d8      0x120 C:/HOOPOE3/satellite-subsystems/demo/..//satellite-subsystems/lib\libSatelliteSubsystemsD.a(IsisAntS.o)
                0x200185d8                IsisAntS_getAlltelemetry
 .text.IsisAntS_reset
                0x200186f8      0x104 C:/HOOPOE3/satellite-subsystems/demo/..//satellite-subsystems/lib\libSatelliteSubsystemsD.a(IsisAntS.o)
                0x200186f8                IsisAntS_reset
 .text.IsisSolarPanelv2_initialize
                0x200187fc       0xb4 C:/HOOPOE3/satellite-subsystems/demo/..//satellite-subsystems/lib\libSatelliteSubsystemsD.a(IsisSolarPanelv2.o)
                0x200187fc                IsisSolarPanelv2_initialize
 .text.IsisSolarPanelv2_getTemperature
                0x200188b0       0xc8 C:/HOOPOE3/satellite-subsystems/demo/..//satellite-subsystems/lib\libSatelliteSubsystemsD.a(IsisSolarPanelv2.o)
                0x200188b0                IsisSolarPanelv2_getTemperature
 .text.IsisSolarPanelv2_sleep
                0x20018978       0xbc C:/HOOPOE3/satellite-subsystems/demo/..//satellite-subsystems/lib\libSatelliteSubsystemsD.a(IsisSolarPanelv2.o)
                0x20018978                IsisSolarPanelv2_sleep
 .text.IsisSolarPanelv2_wakeup
                0x20018a34       0x80 C:/HOOPOE3/satellite-subsystems/demo/..//satellite-subsystems/lib\libSatelliteSubsystemsD.a(IsisSolarPanelv2.o)
                0x20018a34                IsisSolarPanelv2_wakeup
 .text._Reset   0x20018ab4       0x20 C:/HOOPOE3/satellite-subsystems/demo/..//satellite-subsystems/lib\libSatelliteSubsystemsD.a(IsisSolarPanelv2.o)
 .text._WaitForStartup
                0x20018ad4       0x90 C:/HOOPOE3/satellite-subsystems/demo/..//satellite-subsystems/lib\libSatelliteSubsystemsD.a(IsisSolarPanelv2.o)
 .text._AssignAllChannels
                0x20018b64       0x90 C:/HOOPOE3/satellite-subsystems/demo/..//satellite-subsystems/lib\libSatelliteSubsystemsD.a(IsisSolarPanelv2.o)
 .text._AssignThisChannel
                0x20018bf4       0xe8 C:/HOOPOE3/satellite-subsystems/demo/..//satellite-subsystems/lib\libSatelliteSubsystemsD.a(IsisSolarPanelv2.o)
 .text._InitiateConversion
                0x20018cdc       0xac C:/HOOPOE3/satellite-subsystems/demo/..//satellite-subsystems/lib\libSatelliteSubsystemsD.a(IsisSolarPanelv2.o)
 .text._WaitForConversionComplete
                0x20018d88      0x100 C:/HOOPOE3/satellite-subsystems/demo/..//satellite-subsystems/lib\libSatelliteSubsystemsD.a(IsisSolarPanelv2.o)
 .text._ReadResult
                0x20018e88      0x158 C:/HOOPOE3/satellite-subsystems/demo/..//satellite-subsystems/lib\libSatelliteSubsystemsD.a(IsisSolarPanelv2.o)
 .text._ExtractByte
                0x20018fe0       0x38 C:/HOOPOE3/satellite-subsystems/demo/..//satellite-subsystems/lib\libSatelliteSubsystemsD.a(IsisSolarPanelv2.o)
 .text._ExtendSign
                0x20019018       0x6c C:/HOOPOE3/satellite-subsystems/demo/..//satellite-subsystems/lib\libSatelliteSubsystemsD.a(IsisSolarPanelv2.o)
 .text._PinsInit
                0x20019084       0x50 C:/HOOPOE3/satellite-subsystems/demo/..//satellite-subsystems/lib\libSatelliteSubsystemsD.a(IsisSolarPanelv2.o)
 .text._SpiWriteRead
                0x200190d4       0x70 C:/HOOPOE3/satellite-subsystems/demo/..//satellite-subsystems/lib\libSatelliteSubsystemsD.a(IsisSolarPanelv2.o)
 .text.IsisTrxvu_initialize
                0x20019144      0x2f4 C:/HOOPOE3/satellite-subsystems/demo/..//satellite-subsystems/lib\libSatelliteSubsystemsD.a(IsisTRXVU.o)
                0x20019144                IsisTrxvu_initialize
 .text.makeTRXVUtransfer
                0x20019438       0x44 C:/HOOPOE3/satellite-subsystems/demo/..//satellite-subsystems/lib\libSatelliteSubsystemsD.a(IsisTRXVU.o)
 .text.IsisTrxvu_componentSoftReset
                0x2001947c       0x6c C:/HOOPOE3/satellite-subsystems/demo/..//satellite-subsystems/lib\libSatelliteSubsystemsD.a(IsisTRXVU.o)
                0x2001947c                IsisTrxvu_componentSoftReset
 .text.IsisTrxvu_componentHardReset
                0x200194e8       0xc8 C:/HOOPOE3/satellite-subsystems/demo/..//satellite-subsystems/lib\libSatelliteSubsystemsD.a(IsisTRXVU.o)
                0x200194e8                IsisTrxvu_componentHardReset
 .text.IsisTrxvu_softReset
                0x200195b0       0x74 C:/HOOPOE3/satellite-subsystems/demo/..//satellite-subsystems/lib\libSatelliteSubsystemsD.a(IsisTRXVU.o)
                0x200195b0                IsisTrxvu_softReset
 .text.IsisTrxvu_hardReset
                0x20019624       0x74 C:/HOOPOE3/satellite-subsystems/demo/..//satellite-subsystems/lib\libSatelliteSubsystemsD.a(IsisTRXVU.o)
                0x20019624                IsisTrxvu_hardReset
 .text.IsisTrxvu_tcSendAX25DefClSign
                0x20019698       0xec C:/HOOPOE3/satellite-subsystems/demo/..//satellite-subsystems/lib\libSatelliteSubsystemsD.a(IsisTRXVU.o)
                0x20019698                IsisTrxvu_tcSendAX25DefClSign
 .text.IsisTrxvu_tcSetIdlestate
                0x20019784       0xa4 C:/HOOPOE3/satellite-subsystems/demo/..//satellite-subsystems/lib\libSatelliteSubsystemsD.a(IsisTRXVU.o)
                0x20019784                IsisTrxvu_tcSetIdlestate
 .text.IsisTrxvu_tcSetAx25Bitrate
                0x20019828       0xc4 C:/HOOPOE3/satellite-subsystems/demo/..//satellite-subsystems/lib\libSatelliteSubsystemsD.a(IsisTRXVU.o)
                0x20019828                IsisTrxvu_tcSetAx25Bitrate
 .text.IsisTrxvu_tcGetTelemetryAll
                0x200198ec       0xd0 C:/HOOPOE3/satellite-subsystems/demo/..//satellite-subsystems/lib\libSatelliteSubsystemsD.a(IsisTRXVU.o)
                0x200198ec                IsisTrxvu_tcGetTelemetryAll
 .text.IsisTrxvu_tcGetTelemetryAll_revC
                0x200199bc       0xd0 C:/HOOPOE3/satellite-subsystems/demo/..//satellite-subsystems/lib\libSatelliteSubsystemsD.a(IsisTRXVU.o)
                0x200199bc                IsisTrxvu_tcGetTelemetryAll_revC
 .text.IsisTrxvu_rcGetFrameCount
                0x20019a8c       0xa0 C:/HOOPOE3/satellite-subsystems/demo/..//satellite-subsystems/lib\libSatelliteSubsystemsD.a(IsisTRXVU.o)
                0x20019a8c                IsisTrxvu_rcGetFrameCount
 .text.IsisTrxvu_rcGetCommandFrame
                0x20019b2c      0x2d8 C:/HOOPOE3/satellite-subsystems/demo/..//satellite-subsystems/lib\libSatelliteSubsystemsD.a(IsisTRXVU.o)
                0x20019b2c                IsisTrxvu_rcGetCommandFrame
 .text.IsisTrxvu_rcGetTelemetryAll
                0x20019e04       0xd0 C:/HOOPOE3/satellite-subsystems/demo/..//satellite-subsystems/lib\libSatelliteSubsystemsD.a(IsisTRXVU.o)
                0x20019e04                IsisTrxvu_rcGetTelemetryAll
 .text.IsisTrxvu_rcGetTelemetryAll_revC
                0x20019ed4       0xec C:/HOOPOE3/satellite-subsystems/demo/..//satellite-subsystems/lib\libSatelliteSubsystemsD.a(IsisTRXVU.o)
                0x20019ed4                IsisTrxvu_rcGetTelemetryAll_revC
 .text.cspaceADCS_initialize
                0x20019fc0      0x18c C:/HOOPOE3/satellite-subsystems/demo/..//satellite-subsystems/lib\libSatelliteSubsystemsD.a(cspaceADCS.o)
                0x20019fc0                cspaceADCS_initialize
 .text.make_cspaceADCStransfer
                0x2001a14c      0x1b4 C:/HOOPOE3/satellite-subsystems/demo/..//satellite-subsystems/lib\libSatelliteSubsystemsD.a(cspaceADCS.o)
 .text.cspaceADCS_componentReset
                0x2001a300       0xbc C:/HOOPOE3/satellite-subsystems/demo/..//satellite-subsystems/lib\libSatelliteSubsystemsD.a(cspaceADCS.o)
                0x2001a300                cspaceADCS_componentReset
 .text.cspaceADCS_setRunMode
                0x2001a3bc       0xbc C:/HOOPOE3/satellite-subsystems/demo/..//satellite-subsystems/lib\libSatelliteSubsystemsD.a(cspaceADCS.o)
                0x2001a3bc                cspaceADCS_setRunMode
 .text.cspaceADCS_setPwrCtrlDevice
                0x2001a478       0xd0 C:/HOOPOE3/satellite-subsystems/demo/..//satellite-subsystems/lib\libSatelliteSubsystemsD.a(cspaceADCS.o)
                0x2001a478                cspaceADCS_setPwrCtrlDevice
 .text.cspaceADCS_setAttCtrlMode
                0x2001a548       0xd0 C:/HOOPOE3/satellite-subsystems/demo/..//satellite-subsystems/lib\libSatelliteSubsystemsD.a(cspaceADCS.o)
                0x2001a548                cspaceADCS_setAttCtrlMode
 .text.cspaceADCS_setAttEstMode
                0x2001a618       0xbc C:/HOOPOE3/satellite-subsystems/demo/..//satellite-subsystems/lib\libSatelliteSubsystemsD.a(cspaceADCS.o)
                0x2001a618                cspaceADCS_setAttEstMode
 .text.cspaceADCS_getCurrentState
                0x2001a6d4       0xc4 C:/HOOPOE3/satellite-subsystems/demo/..//satellite-subsystems/lib\libSatelliteSubsystemsD.a(cspaceADCS.o)
                0x2001a6d4                cspaceADCS_getCurrentState
 .text.cspaceADCS_getPwrCtrlDevice
                0x2001a798       0xc4 C:/HOOPOE3/satellite-subsystems/demo/..//satellite-subsystems/lib\libSatelliteSubsystemsD.a(cspaceADCS.o)
                0x2001a798                cspaceADCS_getPwrCtrlDevice
 .text.GECKO_GetReg
                0x2001a85c      0x110 C:/HOOPOE3/satellite-subsystems/demo/..//satellite-subsystems/lib\libSatelliteSubsystemsD.a(gecko_driver.o)
                0x2001a85c                GECKO_GetReg
 .text.GECKO_GetVoltageInput5V
                0x2001a96c       0xf4 C:/HOOPOE3/satellite-subsystems/demo/..//satellite-subsystems/lib\libSatelliteSubsystemsD.a(gecko_driver.o)
                0x2001a96c                GECKO_GetVoltageInput5V
 .text.GECKO_GetCurrentInput5V
                0x2001aa60      0x130 C:/HOOPOE3/satellite-subsystems/demo/..//satellite-subsystems/lib\libSatelliteSubsystemsD.a(gecko_driver.o)
                0x2001aa60                GECKO_GetCurrentInput5V
 .text.GECKO_GetVoltageFPGA1V
                0x2001ab90       0xd4 C:/HOOPOE3/satellite-subsystems/demo/..//satellite-subsystems/lib\libSatelliteSubsystemsD.a(gecko_driver.o)
                0x2001ab90                GECKO_GetVoltageFPGA1V
 .text.GECKO_GetCurrentFPGA1V
                0x2001ac64      0x130 C:/HOOPOE3/satellite-subsystems/demo/..//satellite-subsystems/lib\libSatelliteSubsystemsD.a(gecko_driver.o)
                0x2001ac64                GECKO_GetCurrentFPGA1V
 .text.GECKO_GetVoltageFPGA1V8
                0x2001ad94       0xd4 C:/HOOPOE3/satellite-subsystems/demo/..//satellite-subsystems/lib\libSatelliteSubsystemsD.a(gecko_driver.o)
                0x2001ad94                GECKO_GetVoltageFPGA1V8
 .text.GECKO_GetCurrentFPGA1V8
                0x2001ae68      0x130 C:/HOOPOE3/satellite-subsystems/demo/..//satellite-subsystems/lib\libSatelliteSubsystemsD.a(gecko_driver.o)
                0x2001ae68                GECKO_GetCurrentFPGA1V8
 .text.GECKO_GetVoltageFPGA2V5
                0x2001af98       0xe8 C:/HOOPOE3/satellite-subsystems/demo/..//satellite-subsystems/lib\libSatelliteSubsystemsD.a(gecko_driver.o)
                0x2001af98                GECKO_GetVoltageFPGA2V5
 .text.GECKO_GetCurrentFPGA2V5
                0x2001b080      0x130 C:/HOOPOE3/satellite-subsystems/demo/..//satellite-subsystems/lib\libSatelliteSubsystemsD.a(gecko_driver.o)
                0x2001b080                GECKO_GetCurrentFPGA2V5
 .text.GECKO_GetVoltageFPGA3V3
                0x2001b1b0       0xe8 C:/HOOPOE3/satellite-subsystems/demo/..//satellite-subsystems/lib\libSatelliteSubsystemsD.a(gecko_driver.o)
                0x2001b1b0                GECKO_GetVoltageFPGA3V3
 .text.GECKO_GetCurrentFPGA3V3
                0x2001b298      0x130 C:/HOOPOE3/satellite-subsystems/demo/..//satellite-subsystems/lib\libSatelliteSubsystemsD.a(gecko_driver.o)
                0x2001b298                GECKO_GetCurrentFPGA3V3
 .text.GECKO_GetVoltageFlash1V8
                0x2001b3c8       0xd4 C:/HOOPOE3/satellite-subsystems/demo/..//satellite-subsystems/lib\libSatelliteSubsystemsD.a(gecko_driver.o)
                0x2001b3c8                GECKO_GetVoltageFlash1V8
 .text.GECKO_GetCurrentFlash1V8
                0x2001b49c      0x130 C:/HOOPOE3/satellite-subsystems/demo/..//satellite-subsystems/lib\libSatelliteSubsystemsD.a(gecko_driver.o)
                0x2001b49c                GECKO_GetCurrentFlash1V8
 .text.GECKO_GetVoltageFlash3V3
                0x2001b5cc       0xe8 C:/HOOPOE3/satellite-subsystems/demo/..//satellite-subsystems/lib\libSatelliteSubsystemsD.a(gecko_driver.o)
                0x2001b5cc                GECKO_GetVoltageFlash3V3
 .text.GECKO_GetCurrentFlash3V3
                0x2001b6b4      0x130 C:/HOOPOE3/satellite-subsystems/demo/..//satellite-subsystems/lib\libSatelliteSubsystemsD.a(gecko_driver.o)
                0x2001b6b4                GECKO_GetCurrentFlash3V3
 .text.GECKO_GetVoltageSNSR1V8
                0x2001b7e4       0xe8 C:/HOOPOE3/satellite-subsystems/demo/..//satellite-subsystems/lib\libSatelliteSubsystemsD.a(gecko_driver.o)
                0x2001b7e4                GECKO_GetVoltageSNSR1V8
 .text.GECKO_GetCurrentSNSR1V8
                0x2001b8cc      0x130 C:/HOOPOE3/satellite-subsystems/demo/..//satellite-subsystems/lib\libSatelliteSubsystemsD.a(gecko_driver.o)
                0x2001b8cc                GECKO_GetCurrentSNSR1V8
 .text.GECKO_GetVoltageSNSRVDDPIX
                0x2001b9fc       0xe8 C:/HOOPOE3/satellite-subsystems/demo/..//satellite-subsystems/lib\libSatelliteSubsystemsD.a(gecko_driver.o)
                0x2001b9fc                GECKO_GetVoltageSNSRVDDPIX
 .text.GECKO_GetCurrentSNSRVDDPIX
                0x2001bae4      0x130 C:/HOOPOE3/satellite-subsystems/demo/..//satellite-subsystems/lib\libSatelliteSubsystemsD.a(gecko_driver.o)
                0x2001bae4                GECKO_GetCurrentSNSRVDDPIX
 .text.GECKO_GetVoltageSNSR3V3
                0x2001bc14       0xe8 C:/HOOPOE3/satellite-subsystems/demo/..//satellite-subsystems/lib\libSatelliteSubsystemsD.a(gecko_driver.o)
                0x2001bc14                GECKO_GetVoltageSNSR3V3
 .text.GECKO_GetCurrentSNSR3V3
                0x2001bcfc      0x130 C:/HOOPOE3/satellite-subsystems/demo/..//satellite-subsystems/lib\libSatelliteSubsystemsD.a(gecko_driver.o)
                0x2001bcfc                GECKO_GetCurrentSNSR3V3
 .text.GECKO_GetVoltageFlashVTT09
                0x2001be2c       0xd4 C:/HOOPOE3/satellite-subsystems/demo/..//satellite-subsystems/lib\libSatelliteSubsystemsD.a(gecko_driver.o)
                0x2001be2c                GECKO_GetVoltageFlashVTT09
 .text.GECKO_GetTempSMU3AB
                0x2001bf00      0x35c C:/HOOPOE3/satellite-subsystems/demo/..//satellite-subsystems/lib\libSatelliteSubsystemsD.a(gecko_driver.o)
                0x2001bf00                GECKO_GetTempSMU3AB
 .text.GECKO_GetTempSMU3BC
                0x2001c25c      0x360 C:/HOOPOE3/satellite-subsystems/demo/..//satellite-subsystems/lib\libSatelliteSubsystemsD.a(gecko_driver.o)
                0x2001c25c                GECKO_GetTempSMU3BC
 .text.GECKO_GetTempREGU6
                0x2001c5bc      0x35c C:/HOOPOE3/satellite-subsystems/demo/..//satellite-subsystems/lib\libSatelliteSubsystemsD.a(gecko_driver.o)
                0x2001c5bc                GECKO_GetTempREGU6
 .text.GECKO_GetTempREGU8
                0x2001c918      0x360 C:/HOOPOE3/satellite-subsystems/demo/..//satellite-subsystems/lib\libSatelliteSubsystemsD.a(gecko_driver.o)
                0x2001c918                GECKO_GetTempREGU8
 .text.GECKO_GetTempFlash
                0x2001cc78      0x360 C:/HOOPOE3/satellite-subsystems/demo/..//satellite-subsystems/lib\libSatelliteSubsystemsD.a(gecko_driver.o)
                0x2001cc78                GECKO_GetTempFlash
 .text._SpiWriteRead
                0x2001cfd8       0x70 C:/HOOPOE3/satellite-subsystems/demo/..//satellite-subsystems/lib\libSatelliteSubsystemsD.a(gecko_driver.o)
 .text.makeTRXCommonTransfer
                0x2001d048       0x34 C:/HOOPOE3/satellite-subsystems/demo/..//satellite-subsystems/lib\libSatelliteSubsystemsD.a(IsisTRXCommon.o)
 .text.IsisTrxCommon_componentReset
                0x2001d07c       0x68 C:/HOOPOE3/satellite-subsystems/demo/..//satellite-subsystems/lib\libSatelliteSubsystemsD.a(IsisTRXCommon.o)
                0x2001d07c                IsisTrxCommon_componentReset
 .text.IsisTrxCommon_TxSendAX25DefClSign
                0x2001d0e4       0xf4 C:/HOOPOE3/satellite-subsystems/demo/..//satellite-subsystems/lib\libSatelliteSubsystemsD.a(IsisTRXCommon.o)
                0x2001d0e4                IsisTrxCommon_TxSendAX25DefClSign
 .text.IsisTrxCommon_TxSetIdlestate
                0x2001d1d8       0x78 C:/HOOPOE3/satellite-subsystems/demo/..//satellite-subsystems/lib\libSatelliteSubsystemsD.a(IsisTRXCommon.o)
                0x2001d1d8                IsisTrxCommon_TxSetIdlestate
 .text.IsisTrxCommon_TxSetAx25Bitrate
                0x2001d250       0x78 C:/HOOPOE3/satellite-subsystems/demo/..//satellite-subsystems/lib\libSatelliteSubsystemsD.a(IsisTRXCommon.o)
                0x2001d250                IsisTrxCommon_TxSetAx25Bitrate
 .text.IsisTrxCommon_RxGetFrameCount
                0x2001d2c8       0x8c C:/HOOPOE3/satellite-subsystems/demo/..//satellite-subsystems/lib\libSatelliteSubsystemsD.a(IsisTRXCommon.o)
                0x2001d2c8                IsisTrxCommon_RxGetFrameCount
 .text.IsisTrxCommon_RxGetTelemetryAll_revC
                0x2001d354       0x8c C:/HOOPOE3/satellite-subsystems/demo/..//satellite-subsystems/lib\libSatelliteSubsystemsD.a(IsisTRXCommon.o)
                0x2001d354                IsisTrxCommon_RxGetTelemetryAll_revC
 .text.log      0x2001d3e0      0x17c c:/isis/application/toolchain/bin/../lib/gcc/arm-none-eabi/4.7.4/../../../../arm-none-eabi/lib\libm.a(lib_a-w_log.o)
                0x2001d3e0                log
 *fill*         0x2001d55c        0x4 00
 .text.__ieee754_log
                0x2001d560      0x5c0 c:/isis/application/toolchain/bin/../lib/gcc/arm-none-eabi/4.7.4/../../../../arm-none-eabi/lib\libm.a(lib_a-e_log.o)
                0x2001d560                __ieee754_log
 .text.matherr  0x2001db20        0x8 c:/isis/application/toolchain/bin/../lib/gcc/arm-none-eabi/4.7.4/../../../../arm-none-eabi/lib\libm.a(lib_a-s_matherr.o)
                0x2001db20                matherr
 .text.nan      0x2001db28       0x10 c:/isis/application/toolchain/bin/../lib/gcc/arm-none-eabi/4.7.4/../../../../arm-none-eabi/lib\libm.a(lib_a-s_nan.o)
                0x2001db28                nan
 .text.fn_init  0x2001db38      0x2e0 C:/HOOPOE3/satellite-subsystems/demo/../..//hal/hcc/lib\libHCCD.a(fat_common.o)
                0x2001db38                fn_init
 .text._f_get16bitl
                0x2001de18       0x4c C:/HOOPOE3/satellite-subsystems/demo/../..//hal/hcc/lib\libHCCD.a(fat_common.o)
                0x2001de18                _f_get16bitl
 .text._f_set16bitl
                0x2001de64       0x54 C:/HOOPOE3/satellite-subsystems/demo/../..//hal/hcc/lib\libHCCD.a(fat_common.o)
                0x2001de64                _f_set16bitl
 .text._f_get32bitl
                0x2001deb8       0x68 C:/HOOPOE3/satellite-subsystems/demo/../..//hal/hcc/lib\libHCCD.a(fat_common.o)
                0x2001deb8                _f_get32bitl
 .text._f_set32bitl
                0x2001df20       0x78 C:/HOOPOE3/satellite-subsystems/demo/../..//hal/hcc/lib\libHCCD.a(fat_common.o)
                0x2001df20                _f_set32bitl
 .text._get8bit
                0x2001df98       0xa0 C:/HOOPOE3/satellite-subsystems/demo/../..//hal/hcc/lib\libHCCD.a(fat_common.o)
 .text._get16bitl
                0x2001e038       0x40 C:/HOOPOE3/satellite-subsystems/demo/../..//hal/hcc/lib\libHCCD.a(fat_common.o)
 .text._get32bitl
                0x2001e078       0x3c C:/HOOPOE3/satellite-subsystems/demo/../..//hal/hcc/lib\libHCCD.a(fat_common.o)
 .text._f_setcardremoved
                0x2001e0b4       0x94 C:/HOOPOE3/satellite-subsystems/demo/../..//hal/hcc/lib\libHCCD.a(fat_common.o)
 .text._f_checkstatus
                0x2001e148      0x104 C:/HOOPOE3/satellite-subsystems/demo/../..//hal/hcc/lib\libHCCD.a(fat_common.o)
                0x2001e148                _f_checkstatus
 .text._f_drvgetphy
                0x2001e24c      0x114 C:/HOOPOE3/satellite-subsystems/demo/../..//hal/hcc/lib\libHCCD.a(fat_common.o)
 .text._f_drvwritesector
                0x2001e360       0xdc C:/HOOPOE3/satellite-subsystems/demo/../..//hal/hcc/lib\libHCCD.a(fat_common.o)
 .text._f_drvreadsector
                0x2001e43c       0xa8 C:/HOOPOE3/satellite-subsystems/demo/../..//hal/hcc/lib\libHCCD.a(fat_common.o)
 .text._f_writesector
                0x2001e4e4      0x23c C:/HOOPOE3/satellite-subsystems/demo/../..//hal/hcc/lib\libHCCD.a(fat_common.o)
                0x2001e4e4                _f_writesector
 .text._f_readsector
                0x2001e720      0x1dc C:/HOOPOE3/satellite-subsystems/demo/../..//hal/hcc/lib\libHCCD.a(fat_common.o)
                0x2001e720                _f_readsector
 .text._f_getmaxcluster
                0x2001e8fc       0x94 C:/HOOPOE3/satellite-subsystems/demo/../..//hal/hcc/lib\libHCCD.a(fat_common.o)
                0x2001e8fc                _f_getmaxcluster
 .text._getsectorfromcluster
                0x2001e990       0x68 C:/HOOPOE3/satellite-subsystems/demo/../..//hal/hcc/lib\libHCCD.a(fat_common.o)
 .text._f_buildsectors
                0x2001e9f8      0x268 C:/HOOPOE3/satellite-subsystems/demo/../..//hal/hcc/lib\libHCCD.a(fat_common.o)
 .text._f_getbootrecord
                0x2001ec60      0x5e4 C:/HOOPOE3/satellite-subsystems/demo/../..//hal/hcc/lib\libHCCD.a(fat_common.o)
 .text._f_readbootrecord
                0x2001f244      0x4f8 C:/HOOPOE3/satellite-subsystems/demo/../..//hal/hcc/lib\libHCCD.a(fat_common.o)
 .text._f_flushcffiles
                0x2001f73c      0x17c C:/HOOPOE3/satellite-subsystems/demo/../..//hal/hcc/lib\libHCCD.a(fat_common.o)
                0x2001f73c                _f_flushcffiles
 .text._f_fatcache_flush
                0x2001f8b8      0x270 C:/HOOPOE3/satellite-subsystems/demo/../..//hal/hcc/lib\libHCCD.a(fat_common.o)
                0x2001f8b8                _f_fatcache_flush
 .text._f_writefatsector
                0x2001fb28      0x100 C:/HOOPOE3/satellite-subsystems/demo/../..//hal/hcc/lib\libHCCD.a(fat_common.o)
                0x2001fb28                _f_writefatsector
 .text._f_getfatsector
                0x2001fc28      0x3bc C:/HOOPOE3/satellite-subsystems/demo/../..//hal/hcc/lib\libHCCD.a(fat_common.o)
 .text._f_setclustervalue
                0x2001ffe4      0x490 C:/HOOPOE3/satellite-subsystems/demo/../..//hal/hcc/lib\libHCCD.a(fat_common.o)
                0x2001ffe4                _f_setclustervalue
 .text._f_getclustervalue
                0x20020474      0x388 C:/HOOPOE3/satellite-subsystems/demo/../..//hal/hcc/lib\libHCCD.a(fat_common.o)
                0x20020474                _f_getclustervalue
 .text._f_close_drive_files
                0x200207fc       0xac C:/HOOPOE3/satellite-subsystems/demo/../..//hal/hcc/lib\libHCCD.a(fat_common.o)
 .text._f_inc_mount_count
                0x200208a8       0xa4 C:/HOOPOE3/satellite-subsystems/demo/../..//hal/hcc/lib\libHCCD.a(fat_common.o)
 .text._f_getvolume
                0x2002094c      0x2f8 C:/HOOPOE3/satellite-subsystems/demo/../..//hal/hcc/lib\libHCCD.a(fat_common.o)
                0x2002094c                _f_getvolume
 .text.fn_createdriver
                0x20020c44      0x118 C:/HOOPOE3/satellite-subsystems/demo/../..//hal/hcc/lib\libHCCD.a(fat_common.o)
                0x20020c44                fn_createdriver
 .text.fn_initvolume
                0x20020d5c      0x12c C:/HOOPOE3/satellite-subsystems/demo/../..//hal/hcc/lib\libHCCD.a(fat_common.o)
                0x20020d5c                fn_initvolume
 .text.fn_initvolumepartition_sub
                0x20020e88       0xe0 C:/HOOPOE3/satellite-subsystems/demo/../..//hal/hcc/lib\libHCCD.a(fat_common.o)
 .text.fn_initvolumepartition
                0x20020f68       0xac C:/HOOPOE3/satellite-subsystems/demo/../..//hal/hcc/lib\libHCCD.a(fat_common.o)
                0x20020f68                fn_initvolumepartition
 .text._f_clustertopos
                0x20021014       0xf8 C:/HOOPOE3/satellite-subsystems/demo/../..//hal/hcc/lib\libHCCD.a(fat_common.o)
                0x20021014                _f_clustertopos
 .text._f_getcurrsector
                0x2002110c      0x6c8 C:/HOOPOE3/satellite-subsystems/demo/../..//hal/hcc/lib\libHCCD.a(fat_common.o)
                0x2002110c                _f_getcurrsector
 .text._f_getdecluster
                0x200217d4       0x90 C:/HOOPOE3/satellite-subsystems/demo/../..//hal/hcc/lib\libHCCD.a(fat_common.o)
                0x200217d4                _f_getdecluster
 .text._f_setdecluster
                0x20021864       0x8c C:/HOOPOE3/satellite-subsystems/demo/../..//hal/hcc/lib\libHCCD.a(fat_common.o)
                0x20021864                _f_setdecluster
 .text.fn_getdrive
                0x200218f0       0x30 C:/HOOPOE3/satellite-subsystems/demo/../..//hal/hcc/lib\libHCCD.a(fat_common.o)
                0x200218f0                fn_getdrive
 .text._f_getcurrenttimedate
                0x20021920      0x138 C:/HOOPOE3/satellite-subsystems/demo/../..//hal/hcc/lib\libHCCD.a(fat_common.o)
                0x20021920                _f_getcurrenttimedate
 .text._f_initentry
                0x20021a58       0xa0 C:/HOOPOE3/satellite-subsystems/demo/../..//hal/hcc/lib\libHCCD.a(fat_common.o)
                0x20021a58                _f_initentry
 .text._f_alloccluster
                0x20021af8      0x344 C:/HOOPOE3/satellite-subsystems/demo/../..//hal/hcc/lib\libHCCD.a(fat_common.o)
                0x20021af8                _f_alloccluster
 .text._f_dobadblock
                0x20021e3c      0x2cc C:/HOOPOE3/satellite-subsystems/demo/../..//hal/hcc/lib\libHCCD.a(fat_common.o)
                0x20021e3c                _f_dobadblock
 .text._f_checklocked
                0x20022108       0xe4 C:/HOOPOE3/satellite-subsystems/demo/../..//hal/hcc/lib\libHCCD.a(fat_common.o)
                0x20022108                _f_checklocked
 .text._f_checkappendlocked
                0x200221ec      0x110 C:/HOOPOE3/satellite-subsystems/demo/../..//hal/hcc/lib\libHCCD.a(fat_common.o)
                0x200221ec                _f_checkappendlocked
 .text._f_setsyncafile
                0x200222fc      0x114 C:/HOOPOE3/satellite-subsystems/demo/../..//hal/hcc/lib\libHCCD.a(fat_common.o)
                0x200222fc                _f_setsyncafile
 .text._f_syncfiles
                0x20022410      0x128 C:/HOOPOE3/satellite-subsystems/demo/../..//hal/hcc/lib\libHCCD.a(fat_common.o)
                0x20022410                _f_syncfiles
 .text._f_syncfilescontent
                0x20022538      0x15c C:/HOOPOE3/satellite-subsystems/demo/../..//hal/hcc/lib\libHCCD.a(fat_common.o)
 .text.fn_getfreespace
                0x20022694      0x4c0 C:/HOOPOE3/satellite-subsystems/demo/../..//hal/hcc/lib\libHCCD.a(fat_common.o)
                0x20022694                fn_getfreespace
 .text._f_emptywritecache
                0x20022b54      0x4a4 C:/HOOPOE3/satellite-subsystems/demo/../..//hal/hcc/lib\libHCCD.a(fat_common.o)
 .text._f_allocnextcluster
                0x20022ff8      0x54c C:/HOOPOE3/satellite-subsystems/demo/../..//hal/hcc/lib\libHCCD.a(fat_common.o)
 .text._f_emptywritebuffer
                0x20023544      0x20c C:/HOOPOE3/satellite-subsystems/demo/../..//hal/hcc/lib\libHCCD.a(fat_common.o)
 .text._f_writezeros
                0x20023750       0xf0 C:/HOOPOE3/satellite-subsystems/demo/../..//hal/hcc/lib\libHCCD.a(fat_common.o)
                0x20023750                _f_writezeros
 .text._f_extend_file
                0x20023840      0x570 C:/HOOPOE3/satellite-subsystems/demo/../..//hal/hcc/lib\libHCCD.a(fat_common.o)
 .text._f_fseek
                0x20023db0      0x9bc C:/HOOPOE3/satellite-subsystems/demo/../..//hal/hcc/lib\libHCCD.a(fat_common.o)
                0x20023db0                _f_fseek
 .text._f_removechain
                0x2002476c      0x104 C:/HOOPOE3/satellite-subsystems/demo/../..//hal/hcc/lib\libHCCD.a(fat_common.o)
                0x2002476c                _f_removechain
 .text._f_updatefileentry
                0x20024870      0x1cc C:/HOOPOE3/satellite-subsystems/demo/../..//hal/hcc/lib\libHCCD.a(fat_common.o)
 .text._f_checkreadlocked
                0x20024a3c      0x1bc C:/HOOPOE3/satellite-subsystems/demo/../..//hal/hcc/lib\libHCCD.a(fat_common.o)
                0x20024a3c                _f_checkreadlocked
 .text._f_check_handle
                0x20024bf8       0x98 C:/HOOPOE3/satellite-subsystems/demo/../..//hal/hcc/lib\libHCCD.a(fat_common.o)
                0x20024bf8                _f_check_handle
 .text._f_removesyncafile
                0x20024c90      0x1ec C:/HOOPOE3/satellite-subsystems/demo/../..//hal/hcc/lib\libHCCD.a(fat_common.o)
 .text.fn_close
                0x20024e7c      0x3f8 C:/HOOPOE3/satellite-subsystems/demo/../..//hal/hcc/lib\libHCCD.a(fat_common.o)
                0x20024e7c                fn_close
 .text.fn_flush
                0x20025274      0x374 C:/HOOPOE3/satellite-subsystems/demo/../..//hal/hcc/lib\libHCCD.a(fat_common.o)
                0x20025274                fn_flush
 .text.fn_read  0x200255e8      0x690 C:/HOOPOE3/satellite-subsystems/demo/../..//hal/hcc/lib\libHCCD.a(fat_common.o)
                0x200255e8                fn_read
 .text._f_abortwrite
                0x20025c78      0x100 C:/HOOPOE3/satellite-subsystems/demo/../..//hal/hcc/lib\libHCCD.a(fat_common.o)
 .text._f_checkwritecluster
                0x20025d78       0xe4 C:/HOOPOE3/satellite-subsystems/demo/../..//hal/hcc/lib\libHCCD.a(fat_common.o)
 .text.fn_write
                0x20025e5c      0x8a8 C:/HOOPOE3/satellite-subsystems/demo/../..//hal/hcc/lib\libHCCD.a(fat_common.o)
                0x20025e5c                fn_write
 .text.fn_seek  0x20026704      0x270 C:/HOOPOE3/satellite-subsystems/demo/../..//hal/hcc/lib\libHCCD.a(fat_common.o)
                0x20026704                fn_seek
 .text.f_enterFS
                0x20026974      0x1c0 C:/HOOPOE3/satellite-subsystems/demo/../..//hal/hcc/lib\libHCCD.a(fat_common.o)
                0x20026974                f_enterFS
 .text.f_releaseFS
                0x20026b34       0xb0 C:/HOOPOE3/satellite-subsystems/demo/../..//hal/hcc/lib\libHCCD.a(fat_common.o)
                0x20026b34                f_releaseFS
 .text.fnGetTask
                0x20026be4       0xfc C:/HOOPOE3/satellite-subsystems/demo/../..//hal/hcc/lib\libHCCD.a(fat_common.o)
                0x20026be4                fnGetTask
 .text._f_mutex_get
                0x20026ce0       0x98 C:/HOOPOE3/satellite-subsystems/demo/../..//hal/hcc/lib\libHCCD.a(fat_common.o)
                0x20026ce0                _f_mutex_get
 .text._f_mutex_put
                0x20026d78       0x54 C:/HOOPOE3/satellite-subsystems/demo/../..//hal/hcc/lib\libHCCD.a(fat_common.o)
                0x20026d78                _f_mutex_put
 .text._fn_initseekdivisor
                0x20026dcc      0x158 C:/HOOPOE3/satellite-subsystems/demo/../..//hal/hcc/lib\libHCCD.a(fat_common.o)
                0x20026dcc                _fn_initseekdivisor
 .text._fn_updateseekpos
                0x20026f24       0xc4 C:/HOOPOE3/satellite-subsystems/demo/../..//hal/hcc/lib\libHCCD.a(fat_common.o)
 .text._f_findopensize
                0x20026fe8       0x2c C:/HOOPOE3/satellite-subsystems/demo/../..//hal/hcc/lib\libHCCD.a(fat_common.o)
                0x20026fe8                _f_findopensize
 .text.fn_setlasterror
                0x20027014       0x34 C:/HOOPOE3/satellite-subsystems/demo/../..//hal/hcc/lib\libHCCD.a(fat_common.o)
                0x20027014                fn_setlasterror
 .text.fn_setlasterror_noret
                0x20027048       0x2c C:/HOOPOE3/satellite-subsystems/demo/../..//hal/hcc/lib\libHCCD.a(fat_common.o)
                0x20027048                fn_setlasterror_noret
 .text.fm_initvolume
                0x20027074       0x70 C:/HOOPOE3/satellite-subsystems/demo/../..//hal/hcc/lib\libHCCD.a(fat_m.o)
                0x20027074                fm_initvolume
 .text.fm_getdrive
                0x200270e4       0x70 C:/HOOPOE3/satellite-subsystems/demo/../..//hal/hcc/lib\libHCCD.a(fat_m.o)
                0x200270e4                fm_getdrive
 .text.fm_getfreespace
                0x20027154       0x68 C:/HOOPOE3/satellite-subsystems/demo/../..//hal/hcc/lib\libHCCD.a(fat_m.o)
                0x20027154                fm_getfreespace
 .text.fm_findfirst
                0x200271bc       0x68 C:/HOOPOE3/satellite-subsystems/demo/../..//hal/hcc/lib\libHCCD.a(fat_m.o)
                0x200271bc                fm_findfirst
 .text.fm_findnext
                0x20027224       0x60 C:/HOOPOE3/satellite-subsystems/demo/../..//hal/hcc/lib\libHCCD.a(fat_m.o)
                0x20027224                fm_findnext
 .text.fm_rename
                0x20027284       0x68 C:/HOOPOE3/satellite-subsystems/demo/../..//hal/hcc/lib\libHCCD.a(fat_m.o)
                0x20027284                fm_rename
 .text.fm_filelength
                0x200272ec       0x60 C:/HOOPOE3/satellite-subsystems/demo/../..//hal/hcc/lib\libHCCD.a(fat_m.o)
                0x200272ec                fm_filelength
 .text.fm_close
                0x2002734c       0x60 C:/HOOPOE3/satellite-subsystems/demo/../..//hal/hcc/lib\libHCCD.a(fat_m.o)
                0x2002734c                fm_close
 .text.fm_flush