Archive member included because of file (symbol)

c:/isis/application/toolchain/bin/../lib/gcc/arm-none-eabi/4.7.4/../../../../arm-none-eabi/lib\libc_s.a(lib_a-vfprintf_float.o)
                              (_printf_float)
c:/isis/application/toolchain/bin/../lib/gcc/arm-none-eabi/4.7.4/../../../../arm-none-eabi/lib\libc_s.a(lib_a-vfprintf_i.o)
                              c:/isis/application/toolchain/bin/../lib/gcc/arm-none-eabi/4.7.4/../../../../arm-none-eabi/lib\libc_s.a(lib_a-vfprintf_float.o) (_printf_common)
c:/isis/application/toolchain/bin/../lib/gcc/arm-none-eabi/4.7.4/../../../../arm-none-eabi/lib\libc_s.a(lib_a-vfscanf_float.o)
                              (_scanf_float)
c:/isis/application/toolchain/bin/../lib/gcc/arm-none-eabi/4.7.4/../../../../arm-none-eabi/lib\libc_s.a(lib_a-dtoa.o)
                              c:/isis/application/toolchain/bin/../lib/gcc/arm-none-eabi/4.7.4/../../../../arm-none-eabi/lib\libc_s.a(lib_a-vfprintf_float.o) (_dtoa_r)
c:/isis/application/toolchain/bin/../lib/gcc/arm-none-eabi/4.7.4/../../../../arm-none-eabi/lib\libc_s.a(lib_a-locale.o)
                              c:/isis/application/toolchain/bin/../lib/gcc/arm-none-eabi/4.7.4/../../../../arm-none-eabi/lib\libc_s.a(lib_a-vfprintf_float.o) (_localeconv_r)
c:/isis/application/toolchain/bin/../lib/gcc/arm-none-eabi/4.7.4/../../../../arm-none-eabi/lib\libc_s.a(lib_a-malloc.o)
                              c:/isis/application/toolchain/bin/../lib/gcc/arm-none-eabi/4.7.4/../../../../arm-none-eabi/lib\libc_s.a(lib_a-dtoa.o) (malloc)
c:/isis/application/toolchain/bin/../lib/gcc/arm-none-eabi/4.7.4/../../../../arm-none-eabi/lib\libc_s.a(lib_a-mallocr.o)
                              c:/isis/application/toolchain/bin/../lib/gcc/arm-none-eabi/4.7.4/../../../../arm-none-eabi/lib\libc_s.a(lib_a-malloc.o) (_malloc_r)
c:/isis/application/toolchain/bin/../lib/gcc/arm-none-eabi/4.7.4/../../../../arm-none-eabi/lib\libc_s.a(lib_a-memcpy.o)
                              c:/isis/application/toolchain/bin/../lib/gcc/arm-none-eabi/4.7.4/../../../../arm-none-eabi/lib\libc_s.a(lib_a-dtoa.o) (memcpy)
c:/isis/application/toolchain/bin/../lib/gcc/arm-none-eabi/4.7.4/../../../../arm-none-eabi/lib\libc_s.a(lib_a-mprec.o)
                              c:/isis/application/toolchain/bin/../lib/gcc/arm-none-eabi/4.7.4/../../../../arm-none-eabi/lib\libc_s.a(lib_a-dtoa.o) (_Balloc)
c:/isis/application/toolchain/bin/../lib/gcc/arm-none-eabi/4.7.4/../../../../arm-none-eabi/lib\libc_s.a(lib_a-s_fpclassify.o)
                              c:/isis/application/toolchain/bin/../lib/gcc/arm-none-eabi/4.7.4/../../../../arm-none-eabi/lib\libc_s.a(lib_a-vfprintf_float.o) (__fpclassifyd)
c:/isis/application/toolchain/bin/../lib/gcc/arm-none-eabi/4.7.4/../../../../arm-none-eabi/lib\libc_s.a(lib_a-sbrkr.o)
                              c:/isis/application/toolchain/bin/../lib/gcc/arm-none-eabi/4.7.4/../../../../arm-none-eabi/lib\libc_s.a(lib_a-mallocr.o) (_sbrk_r)
c:/isis/application/toolchain/bin/../lib/gcc/arm-none-eabi/4.7.4/../../../../arm-none-eabi/lib\libc_s.a(lib_a-sf_nan.o)
                              c:/isis/application/toolchain/bin/../lib/gcc/arm-none-eabi/4.7.4/../../../../arm-none-eabi/lib\libc_s.a(lib_a-vfscanf_float.o) (nanf)
c:/isis/application/toolchain/bin/../lib/gcc/arm-none-eabi/4.7.4/../../../../arm-none-eabi/lib\libc_s.a(lib_a-sprintf.o)
                              c:/isis/application/toolchain/bin/../lib/gcc/arm-none-eabi/4.7.4/../../../../arm-none-eabi/lib\libc_s.a(lib_a-vfscanf_float.o) (sprintf)
c:/isis/application/toolchain/bin/../lib/gcc/arm-none-eabi/4.7.4/../../../../arm-none-eabi/lib\libc_s.a(lib_a-strcmp.o)
                              c:/isis/application/toolchain/bin/../lib/gcc/arm-none-eabi/4.7.4/../../../../arm-none-eabi/lib\libc_s.a(lib_a-locale.o) (strcmp)
c:/isis/application/toolchain/bin/../lib/gcc/arm-none-eabi/4.7.4/../../../../arm-none-eabi/lib\libc_s.a(lib_a-strlen.o)
                              c:/isis/application/toolchain/bin/../lib/gcc/arm-none-eabi/4.7.4/../../../../arm-none-eabi/lib\libc_s.a(lib_a-vfprintf_float.o) (strlen)
c:/isis/application/toolchain/bin/../lib/gcc/arm-none-eabi/4.7.4/../../../../arm-none-eabi/lib\libc_s.a(lib_a-strtod.o)
                              c:/isis/application/toolchain/bin/../lib/gcc/arm-none-eabi/4.7.4/../../../../arm-none-eabi/lib\libc_s.a(lib_a-vfscanf_float.o) (_strtod_r)
c:/isis/application/toolchain/bin/../lib/gcc/arm-none-eabi/4.7.4/../../../../arm-none-eabi/lib\libc_s.a(lib_a-strtol.o)
                              c:/isis/application/toolchain/bin/../lib/gcc/arm-none-eabi/4.7.4/../../../../arm-none-eabi/lib\libc_s.a(lib_a-vfscanf_float.o) (_strtol_r)
c:/isis/application/toolchain/bin/../lib/gcc/arm-none-eabi/4.7.4/../../../../arm-none-eabi/lib\libc_s.a(lib_a-svfprintf.o)
                              c:/isis/application/toolchain/bin/../lib/gcc/arm-none-eabi/4.7.4/../../../../arm-none-eabi/lib\libc_s.a(lib_a-sprintf.o) (_svfprintf_r)
[...]
Memory Configuration

Name             Origin             Length             Attributes
sram0            0x00200000         0x00004000         w !xr
sram1            0x00300000         0x00004000         w !xr
sdram            0x20000000         0x02000000         w !xr
*default*        0x00000000         0xffffffff

Linker script and memory map

LOAD c:/isis/application/toolchain/bin/../lib/gcc/arm-none-eabi/4.7.4/../../../../arm-none-eabi/lib\libc_s.a
LOAD ./src/sub-systemCode/payload/Request Management/Dump/Butchering.o
LOAD ./src/sub-systemCode/payload/Request Management/Dump/imageDump.o
LOAD ./src/sub-systemCode/payload/Request Management/CameraManeger.o
LOAD ./src/sub-systemCode/payload/Request Management/DB_RequestHandling.o
LOAD ./src/sub-systemCode/payload/Misc/Boolean_bit.o
LOAD ./src/sub-systemCode/payload/Misc/FileSystem.o
LOAD ./src/sub-systemCode/payload/Drivers/GeckoCameraDriver.o
LOAD ./src/sub-systemCode/payload/DataBase/DataBase.o
LOAD ./src/sub-systemCode/payload/Compression/jpeg/bmp/rawToBMP.o
LOAD ./src/sub-systemCode/payload/Compression/jpeg/DCT.o
LOAD ./src/sub-systemCode/payload/Compression/jpeg/ImgCompressor.o
LOAD ./src/sub-systemCode/payload/Compression/jpeg/color_conv.o
LOAD ./src/sub-systemCode/payload/Compression/jpeg/jpeg.o
LOAD ./src/sub-systemCode/payload/Compression/jpeg/jpeg_encoder.o
LOAD ./src/sub-systemCode/payload/Compression/jpeg/jpeg_memory_alloc.o
LOAD ./src/sub-systemCode/payload/Compression/jpeg/jpeg_params.o
LOAD ./src/sub-systemCode/payload/Compression/jpeg/output_stream.o
LOAD ./src/sub-systemCode/payload/Compression/ImageConversion.o
LOAD ./src/sub-systemCode/Main/CMD/ADCS_CMD.o
LOAD ./src/sub-systemCode/Main/CMD/COMM_CMD.o
LOAD ./src/sub-systemCode/Main/CMD/EPS_CMD.o
LOAD ./src/sub-systemCode/Main/CMD/General_CMD.o
LOAD ./src/sub-systemCode/Main/CMD/SW_CMD.o
LOAD ./src/sub-systemCode/Main/CMD/payload_CMD.o
LOAD ./src/sub-systemCode/Main/Ants.o
LOAD ./src/sub-systemCode/Main/EPS.o
LOAD ./src/sub-systemCode/Main/HouseKeeping.o
LOAD ./src/sub-systemCode/Main/Main_Init.o
LOAD ./src/sub-systemCode/Main/commands.o
LOAD ./src/sub-systemCode/Global/Global.o
LOAD ./src/sub-systemCode/Global/GlobalParam.o
LOAD ./src/sub-systemCode/Global/OnlineTM.o
LOAD ./src/sub-systemCode/Global/TLM_management.o
LOAD ./src/sub-systemCode/Global/freertosExtended.o
LOAD ./src/sub-systemCode/Global/logger.o
LOAD ./src/sub-systemCode/COMM/APRS.o
LOAD ./src/sub-systemCode/COMM/DelayedCommand_list.o
LOAD ./src/sub-systemCode/COMM/GSC.o
LOAD ./src/sub-systemCode/COMM/TRXVU.o
LOAD ./src/sub-systemCode/ADCS/AdcsCommands.o
LOAD ./src/sub-systemCode/ADCS/AdcsGetDataAndTlm.o
LOAD ./src/sub-systemCode/ADCS/AdcsMain.o
LOAD ./src/sub-systemCode/ADCS/AdcsTest.o
LOAD ./src/sub-systemCode/ADCS/AdcsTroubleShooting.o
LOAD ./src/sub-systemCode/ADCS/StateMachine.o
LOAD ./src/main.o
LOAD C:/ISIS/workspace/HOOPOE3/satellite-subsystems/demo/..//satellite-subsystems/lib\libSatelliteSubsystemsD.a
LOAD c:/isis/application/toolchain/bin/../lib/gcc/arm-none-eabi/4.7.4/../../../../arm-none-eabi/lib\libm.a
LOAD C:/ISIS/workspace/HOOPOE3/satellite-subsystems/demo/../..//hal/hcc/lib\libHCCD.a
LOAD C:/ISIS/workspace/HOOPOE3/satellite-subsystems/demo/../..//hal/hal/lib\libHALD.a
LOAD C:/ISIS/workspace/HOOPOE3/satellite-subsystems/demo/../..//hal/freertos/lib\libFreeRTOSD.a
LOAD C:/ISIS/workspace/HOOPOE3/satellite-subsystems/demo/../..//hal/at91/lib\libAt91D.a
START GROUP
LOAD c:/isis/application/toolchain/bin/../lib/gcc/arm-none-eabi/4.7.4\libgcc.a
LOAD c:/isis/application/toolchain/bin/../lib/gcc/arm-none-eabi/4.7.4/../../../../arm-none-eabi/lib\libc_s.a
END GROUP

.fixed          0x20000000    0x59998
                0x20000000                . = ALIGN (0x4)
                0x20000000                _sfixed = .
 *(.startup)
 .startup       0x20000000      0x134 C:/ISIS/workspace/HOOPOE3/satellite-subsystems/demo/../..//hal/at91/lib\libAt91D.a(board_cstartup.o)
                0x20000000                entry
 *(.text)
 .text          0x20000134       0x64 C:/ISIS/workspace/HOOPOE3/satellite-subsystems/demo/../..//hal/at91/lib\libAt91D.a(cp15_asm.o)
                0x20000134                _readControlRegister
                0x20000140                _writeControlRegister
                0x20000148                _waitForInterrupt
                0x20000154                _writeTTB
                0x2000015c                _writeDomain
                0x20000164                _writeITLBLockdown
                0x2000016c                _prefetchICacheLine
                0x20000174                _flushDCache
                0x20000180                _flushWriteBuffer
                0x2000018c                _invalidateIDTLBs
 .text          0x20000198      0x114 c:/isis/application/toolchain/bin/../lib/gcc/arm-none-eabi/4.7.4\libgcc.a(_udivsi3.o)
                0x20000198                __aeabi_uidiv
                0x20000198                __udivsi3
                0x2000028c                __aeabi_uidivmod
 .text          0x200002ac      0x148 c:/isis/application/toolchain/bin/../lib/gcc/arm-none-eabi/4.7.4\libgcc.a(_divsi3.o)
                0x200002ac                __divsi3
                0x200002ac                __aeabi_idiv
                0x200003d4                __aeabi_idivmod
 .text          0x200003f4        0x4 c:/isis/application/toolchain/bin/../lib/gcc/arm-none-eabi/4.7.4\libgcc.a(_dvmd_tls.o)
                0x200003f4                __aeabi_idiv0
                0x200003f4                __aeabi_ldiv0
 .text          0x200003f8      0x41c c:/isis/application/toolchain/bin/../lib/gcc/arm-none-eabi/4.7.4\libgcc.a(_arm_addsubdf3.o)
                0x200003f8                __aeabi_drsub
                0x20000400                __aeabi_dsub
                0x20000400                __subdf3
                0x20000404                __aeabi_dadd
                0x20000404                __adddf3
                0x20000714                __floatunsidf
                0x20000714                __aeabi_ui2d
                0x20000738                __floatsidf
                0x20000738                __aeabi_i2d
                0x20000760                __aeabi_f2d
                0x20000760                __extendsfdf2
                0x200007a0                __floatundidf
                0x200007a0                __aeabi_ul2d
                0x200007b4                __floatdidf
                0x200007b4                __aeabi_l2d
 .text          0x20000814      0x49c c:/isis/application/toolchain/bin/../lib/gcc/arm-none-eabi/4.7.4\libgcc.a(_arm_muldivdf3.o)
                0x20000814                __aeabi_dmul
                0x20000814                __muldf3
                0x20000aa4                __divdf3
                0x20000aa4                __aeabi_ddiv
 .text          0x20000cb0      0x144 c:/isis/application/toolchain/bin/../lib/gcc/arm-none-eabi/4.7.4\libgcc.a(_arm_cmpdf2.o)
                0x20000cb0                __gtdf2
                0x20000cb0                __gedf2
                0x20000cb8                __ltdf2
                0x20000cb8                __ledf2
                0x20000cc0                __nedf2
                0x20000cc0                __eqdf2
                0x20000cc0                __cmpdf2
                0x20000d48                __aeabi_cdrcmple
                0x20000d64                __aeabi_cdcmpeq
                0x20000d64                __aeabi_cdcmple
                0x20000d7c                __aeabi_dcmpeq
                0x20000d94                __aeabi_dcmplt
                0x20000dac                __aeabi_dcmple
                0x20000dc4                __aeabi_dcmpge
                0x20000ddc                __aeabi_dcmpgt
 .text          0x20000df4       0x5c c:/isis/application/toolchain/bin/../lib/gcc/arm-none-eabi/4.7.4\libgcc.a(_arm_fixdfsi.o)
                0x20000df4                __aeabi_d2iz
                0x20000df4                __fixdfsi
 .text          0x20000e50       0x54 c:/isis/application/toolchain/bin/../lib/gcc/arm-none-eabi/4.7.4\libgcc.a(_arm_fixunsdfsi.o)
                0x20000e50                __aeabi_d2uiz
                0x20000e50                __fixunsdfsi
 .text          0x20000ea4       0xa0 c:/isis/application/toolchain/bin/../lib/gcc/arm-none-eabi/4.7.4\libgcc.a(_arm_truncdfsf2.o)
                0x20000ea4                __truncdfsf2
                0x20000ea4                __aeabi_d2f
 .text          0x20000f44      0x2ac c:/isis/application/toolchain/bin/../lib/gcc/arm-none-eabi/4.7.4\libgcc.a(_arm_addsubsf3.o)
                0x20000f44                __aeabi_frsub
                0x20000f4c                __subsf3
                0x20000f4c                __aeabi_fsub
                0x20000f50                __aeabi_fadd
                0x20000f50                __addsf3
                0x2000110c                __aeabi_ui2f
                0x2000110c                __floatunsisf
                0x20001114                __aeabi_i2f
                0x20001114                __floatsisf
                0x20001134                __aeabi_ul2f
                0x20001134                __floatundisf
                0x20001144                __aeabi_l2f
                0x20001144                __floatdisf
 .text          0x200011f0      0x2f8 c:/isis/application/toolchain/bin/../lib/gcc/arm-none-eabi/4.7.4\libgcc.a(_arm_muldivsf3.o)
                0x200011f0                __mulsf3
                0x200011f0                __aeabi_fmul
                0x20001388                __aeabi_fdiv
                0x20001388                __divsf3
 .text          0x200014e8      0x114 c:/isis/application/toolchain/bin/../lib/gcc/arm-none-eabi/4.7.4\libgcc.a(_arm_cmpsf2.o)
                0x200014e8                __gesf2
                0x200014e8                __gtsf2
                0x200014f0                __lesf2
                0x200014f0                __ltsf2
                0x200014f8                __nesf2
                0x200014f8                __eqsf2
                0x200014f8                __cmpsf2
                0x2000155c                __aeabi_cfrcmple
                0x2000156c                __aeabi_cfcmpeq
                0x2000156c                __aeabi_cfcmple
                0x20001584                __aeabi_fcmpeq
                0x2000159c                __aeabi_fcmplt
                0x200015b4                __aeabi_fcmple
                0x200015cc                __aeabi_fcmpge
                0x200015e4                __aeabi_fcmpgt
 .text          0x200015fc       0x54 c:/isis/application/toolchain/bin/../lib/gcc/arm-none-eabi/4.7.4\libgcc.a(_arm_fixunssfsi.o)
                0x200015fc                __fixunssfsi
                0x200015fc                __aeabi_f2uiz
 *(.text*)
 .text.__cvt    0x20001650      0x138 c:/isis/application/toolchain/bin/../lib/gcc/arm-none-eabi/4.7.4/../../../../arm-none-eabi/lib\libc_s.a(lib_a-vfprintf_float.o)
                0x20001650                __cvt
 .text.__exponent
                0x20001788       0xa8 c:/isis/application/toolchain/bin/../lib/gcc/arm-none-eabi/4.7.4/../../../../arm-none-eabi/lib\libc_s.a(lib_a-vfprintf_float.o)
                0x20001788                __exponent
 .text._printf_float
                0x20001830      0x7dc c:/isis/application/toolchain/bin/../lib/gcc/arm-none-eabi/4.7.4/../../../../arm-none-eabi/lib\libc_s.a(lib_a-vfprintf_float.o)
                0x20001830                _printf_float
 .text._printf_common
                0x2000200c      0x174 c:/isis/application/toolchain/bin/../lib/gcc/arm-none-eabi/4.7.4/../../../../arm-none-eabi/lib\libc_s.a(lib_a-vfprintf_i.o)
                0x2000200c                _printf_common
 .text._printf_i
                0x20002180      0x3c4 c:/isis/application/toolchain/bin/../lib/gcc/arm-none-eabi/4.7.4/../../../../arm-none-eabi/lib\libc_s.a(lib_a-vfprintf_i.o)
                0x20002180                _printf_i
 .text._scanf_float
                0x20002544      0x5f4 c:/isis/application/toolchain/bin/../lib/gcc/arm-none-eabi/4.7.4/../../../../arm-none-eabi/lib\libc_s.a(lib_a-vfscanf_float.o)
                0x20002544                _scanf_float
 .text.quorem   0x20002b38      0x1ac c:/isis/application/toolchain/bin/../lib/gcc/arm-none-eabi/4.7.4/../../../../arm-none-eabi/lib\libc_s.a(lib_a-dtoa.o)
 .text._dtoa_r  0x20002ce4     0x1268 c:/isis/application/toolchain/bin/../lib/gcc/arm-none-eabi/4.7.4/../../../../arm-none-eabi/lib\libc_s.a(lib_a-dtoa.o)
                0x20002ce4                _dtoa_r
 .text._localeconv_r
                0x20003f4c        0xc c:/isis/application/toolchain/bin/../lib/gcc/arm-none-eabi/4.7.4/../../../../arm-none-eabi/lib\libc_s.a(lib_a-locale.o)
                0x20003f4c                _localeconv_r
 .text.malloc   0x20003f58       0x20 c:/isis/application/toolchain/bin/../lib/gcc/arm-none-eabi/4.7.4/../../../../arm-none-eabi/lib\libc_s.a(lib_a-malloc.o)
                0x20003f58                malloc
 .text.free     0x20003f78       0x20 c:/isis/application/toolchain/bin/../lib/gcc/arm-none-eabi/4.7.4/../../../../arm-none-eabi/lib\libc_s.a(lib_a-malloc.o)
                0x20003f78                free
 .text._malloc_r
                0x20003f98       0xfc c:/isis/application/toolchain/bin/../lib/gcc/arm-none-eabi/4.7.4/../../../../arm-none-eabi/lib\libc_s.a(lib_a-mallocr.o)
                0x20003f98                _malloc_r
 .text.memcpy   0x20004094       0x20 c:/isis/application/toolchain/bin/../lib/gcc/arm-none-eabi/4.7.4/../../../../arm-none-eabi/lib\libc_s.a(lib_a-memcpy.o)
                0x20004094                memcpy
 .text._Balloc  0x200040b4       0xcc c:/isis/application/toolchain/bin/../lib/gcc/arm-none-eabi/4.7.4/../../../../arm-none-eabi/lib\libc_s.a(lib_a-mprec.o)
                0x200040b4                _Balloc
 .text._Bfree   0x20004180       0x5c c:/isis/application/toolchain/bin/../lib/gcc/arm-none-eabi/4.7.4/../../../../arm-none-eabi/lib\libc_s.a(lib_a-mprec.o)
                0x20004180                _Bfree
 .text.__multadd
                0x200041dc       0xbc c:/isis/application/toolchain/bin/../lib/gcc/arm-none-eabi/4.7.4/../../../../arm-none-eabi/lib\libc_s.a(lib_a-mprec.o)
                0x200041dc                __multadd
 .text.__s2b    0x20004298       0xd8 c:/isis/application/toolchain/bin/../lib/gcc/arm-none-eabi/4.7.4/../../../../arm-none-eabi/lib\libc_s.a(lib_a-mprec.o)
                0x20004298                __s2b
 .text.__hi0bits
                0x20004370       0x58 c:/isis/application/toolchain/bin/../lib/gcc/arm-none-eabi/4.7.4/../../../../arm-none-eabi/lib\libc_s.a(lib_a-mprec.o)
                0x20004370                __hi0bits
 .text.__lo0bits
                0x200043c8       0x94 c:/isis/application/toolchain/bin/../lib/gcc/arm-none-eabi/4.7.4/../../../../arm-none-eabi/lib\libc_s.a(lib_a-mprec.o)
                0x200043c8                __lo0bits
 .text.__i2b    0x2000445c       0x24 c:/isis/application/toolchain/bin/../lib/gcc/arm-none-eabi/4.7.4/../../../../arm-none-eabi/lib\libc_s.a(lib_a-mprec.o)
                0x2000445c                __i2b
 .text.__multiply
                0x20004480      0x1ac c:/isis/application/toolchain/bin/../lib/gcc/arm-none-eabi/4.7.4/../../../../arm-none-eabi/lib\libc_s.a(lib_a-mprec.o)
                0x20004480                __multiply
 .text.__pow5mult
                0x2000462c      0x10c c:/isis/application/toolchain/bin/../lib/gcc/arm-none-eabi/4.7.4/../../../../arm-none-eabi/lib\libc_s.a(lib_a-mprec.o)
                0x2000462c                __pow5mult
 .text.__lshift
                0x20004738       0xf0 c:/isis/application/toolchain/bin/../lib/gcc/arm-none-eabi/4.7.4/../../../../arm-none-eabi/lib\libc_s.a(lib_a-mprec.o)
                0x20004738                __lshift
 .text.__mcmp   0x20004828       0x60 c:/isis/application/toolchain/bin/../lib/gcc/arm-none-eabi/4.7.4/../../../../arm-none-eabi/lib\libc_s.a(lib_a-mprec.o)
                0x20004828                __mcmp
 .text.__mdiff  0x20004888      0x128 c:/isis/application/toolchain/bin/../lib/gcc/arm-none-eabi/4.7.4/../../../../arm-none-eabi/lib\libc_s.a(lib_a-mprec.o)
                0x20004888                __mdiff
 .text.__ulp    0x200049b0       0x5c c:/isis/application/toolchain/bin/../lib/gcc/arm-none-eabi/4.7.4/../../../../arm-none-eabi/lib\libc_s.a(lib_a-mprec.o)
                0x200049b0                __ulp
 .text.__b2d    0x20004a0c       0xc8 c:/isis/application/toolchain/bin/../lib/gcc/arm-none-eabi/4.7.4/../../../../arm-none-eabi/lib\libc_s.a(lib_a-mprec.o)
                0x20004a0c                __b2d
 .text.__d2b    0x20004ad4       0xfc c:/isis/application/toolchain/bin/../lib/gcc/arm-none-eabi/4.7.4/../../../../arm-none-eabi/lib\libc_s.a(lib_a-mprec.o)
                0x20004ad4                __d2b
 .text.__ratio  0x20004bd0       0x70 c:/isis/application/toolchain/bin/../lib/gcc/arm-none-eabi/4.7.4/../../../../arm-none-eabi/lib\libc_s.a(lib_a-mprec.o)
                0x20004bd0                __ratio
 .text.__copybits
                0x20004c40       0x4c c:/isis/application/toolchain/bin/../lib/gcc/arm-none-eabi/4.7.4/../../../../arm-none-eabi/lib\libc_s.a(lib_a-mprec.o)
                0x20004c40                __copybits
 .text.__any_on
                0x20004c8c       0x7c c:/isis/application/toolchain/bin/../lib/gcc/arm-none-eabi/4.7.4/../../../../arm-none-eabi/lib\libc_s.a(lib_a-mprec.o)
                0x20004c8c                __any_on
 .text.__fpclassifyd
                0x20004d08       0x6c c:/isis/application/toolchain/bin/../lib/gcc/arm-none-eabi/4.7.4/../../../../arm-none-eabi/lib\libc_s.a(lib_a-s_fpclassify.o)
                0x20004d08                __fpclassifyd
 .text._sbrk_r  0x20004d74       0x3c c:/isis/application/toolchain/bin/../lib/gcc/arm-none-eabi/4.7.4/../../../../arm-none-eabi/lib\libc_s.a(lib_a-sbrkr.o)
                0x20004d74                _sbrk_r
 .text.nanf     0x20004db0        0xc c:/isis/application/toolchain/bin/../lib/gcc/arm-none-eabi/4.7.4/../../../../arm-none-eabi/lib\libc_s.a(lib_a-sf_nan.o)
                0x20004db0                nanf
 .text.sprintf  0x20004dbc       0x6c c:/isis/application/toolchain/bin/../lib/gcc/arm-none-eabi/4.7.4/../../../../arm-none-eabi/lib\libc_s.a(lib_a-sprintf.o)
                0x20004dbc                siprintf
                0x20004dbc                sprintf
 .text.strcmp   0x20004e28       0x1c c:/isis/application/toolchain/bin/../lib/gcc/arm-none-eabi/4.7.4/../../../../arm-none-eabi/lib\libc_s.a(lib_a-strcmp.o)
                0x20004e28                strcmp
 .text.strlen   0x20004e44       0x1c c:/isis/application/toolchain/bin/../lib/gcc/arm-none-eabi/4.7.4/../../../../arm-none-eabi/lib\libc_s.a(lib_a-strlen.o)
                0x20004e44                strlen
 .text.match    0x20004e60       0x54 c:/isis/application/toolchain/bin/../lib/gcc/arm-none-eabi/4.7.4/../../../../arm-none-eabi/lib\libc_s.a(lib_a-strtod.o)
 .text._strtod_r
                0x20004eb4     0x1168 c:/isis/application/toolchain/bin/../lib/gcc/arm-none-eabi/4.7.4/../../../../arm-none-eabi/lib\libc_s.a(lib_a-strtod.o)
                0x20004eb4                _strtod_r
 .text._strtol_r
                0x2000601c      0x1b8 c:/isis/application/toolchain/bin/../lib/gcc/arm-none-eabi/4.7.4/../../../../arm-none-eabi/lib\libc_s.a(lib_a-strtol.o)
                0x2000601c                _strtol_r
 .text.__ssputc_r
                0x200061d4      0x10c c:/isis/application/toolchain/bin/../lib/gcc/arm-none-eabi/4.7.4/../../../../arm-none-eabi/lib\libc_s.a(lib_a-svfprintf.o)
                0x200061d4                __ssputc_r
 .text._svfprintf_r
                0x200062e0      0x328 c:/isis/application/toolchain/bin/../lib/gcc/arm-none-eabi/4.7.4/../../../../arm-none-eabi/lib\libc_s.a(lib_a-svfprintf.o)
                0x200062e0                _svfiprintf_r
                0x200062e0                _svfprintf_r
 .text._calloc_r
                0x20006608       0x2c c:/isis/application/toolchain/bin/../lib/gcc/arm-none-eabi/4.7.4/../../../../arm-none-eabi/lib\libc_s.a(lib_a-callocr.o)
                0x20006608                _calloc_r
 .text._free_r  0x20006634      0x108 c:/isis/application/toolchain/bin/../lib/gcc/arm-none-eabi/4.7.4/../../../../arm-none-eabi/lib\libc_s.a(lib_a-freer.o)
                0x20006634                _free_r
 .text.rshift   0x2000673c       0xb0 c:/isis/application/toolchain/bin/../lib/gcc/arm-none-eabi/4.7.4/../../../../arm-none-eabi/lib\libc_s.a(lib_a-gdtoa-gethex.o)
 .text.htinit.constprop.0
                0x200067ec       0x34 c:/isis/application/toolchain/bin/../lib/gcc/arm-none-eabi/4.7.4/../../../../arm-none-eabi/lib\libc_s.a(lib_a-gdtoa-gethex.o)
 .text.__hexdig_init
                0x20006820       0x38 c:/isis/application/toolchain/bin/../lib/gcc/arm-none-eabi/4.7.4/../../../../arm-none-eabi/lib\libc_s.a(lib_a-gdtoa-gethex.o)
                0x20006820                __hexdig_init
 .text.__gethex
                0x20006858      0x6cc c:/isis/application/toolchain/bin/../lib/gcc/arm-none-eabi/4.7.4/../../../../arm-none-eabi/lib\libc_s.a(lib_a-gdtoa-gethex.o)
                0x20006858                __gethex
 .text.L_shift  0x20006f24       0x38 c:/isis/application/toolchain/bin/../lib/gcc/arm-none-eabi/4.7.4/../../../../arm-none-eabi/lib\libc_s.a(lib_a-gdtoa-hexnan.o)
 .text.__hexnan
                0x20006f5c      0x1d8 c:/isis/application/toolchain/bin/../lib/gcc/arm-none-eabi/4.7.4/../../../../arm-none-eabi/lib\libc_s.a(lib_a-gdtoa-hexnan.o)
                0x20006f5c                __hexnan
 .text.memchr   0x20007134       0x34 c:/isis/application/toolchain/bin/../lib/gcc/arm-none-eabi/4.7.4/../../../../arm-none-eabi/lib\libc_s.a(lib_a-memchr.o)
                0x20007134                memchr
 .text.memset   0x20007168       0x1c c:/isis/application/toolchain/bin/../lib/gcc/arm-none-eabi/4.7.4/../../../../arm-none-eabi/lib\libc_s.a(lib_a-memset.o)
                0x20007168                memset
 .text._realloc_r
                0x20007184       0x80 c:/isis/application/toolchain/bin/../lib/gcc/arm-none-eabi/4.7.4/../../../../arm-none-eabi/lib\libc_s.a(lib_a-reallocr.o)
                0x20007184                _realloc_r
 .text.strncmp  0x20007204       0x64 c:/isis/application/toolchain/bin/../lib/gcc/arm-none-eabi/4.7.4/../../../../arm-none-eabi/lib\libc_s.a(lib_a-strncmp.o)
                0x20007204                strncmp
 .text._malloc_usable_size_r
                0x20007268       0x1c c:/isis/application/toolchain/bin/../lib/gcc/arm-none-eabi/4.7.4/../../../../arm-none-eabi/lib\libc_s.a(lib_a-msizer.o)
                0x20007268                _malloc_usable_size_r
 .text.GetChunkFromImage
                0x20007284      0x2d0 ./src/sub-systemCode/payload/Request Management/Dump/Butchering.o
                0x20007284                GetChunkFromImage
 .text.SimpleButcher
                0x20007554       0xd8 ./src/sub-systemCode/payload/Request Management/Dump/Butchering.o
                0x20007554                SimpleButcher
 .text.readChunkDimentionsFromFRAM
                0x2000762c       0x80 ./src/sub-systemCode/payload/Request Management/Dump/imageDump.o
                0x2000762c                readChunkDimentionsFromFRAM
 .text.setChunkDimensions_inFRAM
                0x200076ac      0x10c ./src/sub-systemCode/payload/Request Management/Dump/imageDump.o
                0x200076ac                setChunkDimensions_inFRAM
 .text.find_subType_ofImage
                0x200077b8       0xe0 ./src/sub-systemCode/payload/Request Management/Dump/imageDump.o
                0x200077b8                find_subType_ofImage
 .text.buildAndSend_chunck
                0x20007898      0x320 ./src/sub-systemCode/payload/Request Management/Dump/imageDump.o
                0x20007898                buildAndSend_chunck
 .text.bitField_imageDump
                0x20007bb8      0x23c ./src/sub-systemCode/payload/Request Management/Dump/imageDump.o
                0x20007bb8                bitField_imageDump
 .text.imageDataBase_Dump
                0x20007df4      0x118 ./src/sub-systemCode/payload/Request Management/Dump/imageDump.o
                0x20007df4                imageDataBase_Dump
 .text.chunkField_imageDump
                0x20007f0c      0x258 ./src/sub-systemCode/payload/Request Management/Dump/imageDump.o
                0x20007f0c                chunkField_imageDump
 .text.imageDump_task
                0x20008164      0x414 ./src/sub-systemCode/payload/Request Management/Dump/imageDump.o
                0x20008164                imageDump_task
 .text.CameraManagerTaskMain
                0x20008578      0x120 ./src/sub-systemCode/payload/Request Management/CameraManeger.o
                0x20008578                CameraManagerTaskMain
 .text.initCamera
                0x20008698       0xa4 ./src/sub-systemCode/payload/Request Management/CameraManeger.o
                0x20008698                initCamera
 .text.KickStartCamera
                0x2000873c       0xb4 ./src/sub-systemCode/payload/Request Management/CameraManeger.o
                0x2000873c                KickStartCamera
 .text.addRequestToQueue
                0x200087f0       0xa8 ./src/sub-systemCode/payload/Request Management/CameraManeger.o
                0x200087f0                addRequestToQueue
 .text.removeRequestFromQueue
                0x20008898       0x7c ./src/sub-systemCode/payload/Request Management/CameraManeger.o
                0x20008898                removeRequestFromQueue
 .text.Take_pictures_with_time_in_between
                0x20008914       0xe8 ./src/sub-systemCode/payload/Request Management/CameraManeger.o
                0x20008914                Take_pictures_with_time_in_between
 .text.Gecko_TroubleShooter
                0x200089fc       0xdc ./src/sub-systemCode/payload/Request Management/CameraManeger.o
                0x200089fc                Gecko_TroubleShooter
 .text.startDumpTask
                0x20008ad8       0x70 ./src/sub-systemCode/payload/Request Management/CameraManeger.o
                0x20008ad8                startDumpTask
 .text.act_upon_request
                0x20008b48      0x4d4 ./src/sub-systemCode/payload/Request Management/CameraManeger.o
                0x20008b48                act_upon_request
 .text.TakePicture
                0x2000901c       0x4c ./src/sub-systemCode/payload/Request Management/DB_RequestHandling.o
                0x2000901c                TakePicture
 .text.TakeSpecialPicture
                0x20009068      0x130 ./src/sub-systemCode/payload/Request Management/DB_RequestHandling.o
                0x20009068                TakeSpecialPicture
 .text.DeletePictureFile
                0x20009198       0x88 ./src/sub-systemCode/payload/Request Management/DB_RequestHandling.o
                0x20009198                DeletePictureFile
 .text.DeletePicture
                0x20009220       0x6c ./src/sub-systemCode/payload/Request Management/DB_RequestHandling.o
                0x20009220                DeletePicture
 .text.TransferPicture
                0x2000928c       0x54 ./src/sub-systemCode/payload/Request Management/DB_RequestHandling.o
                0x2000928c                TransferPicture
 .text.CreateThumbnail
                0x200092e0       0x80 ./src/sub-systemCode/payload/Request Management/DB_RequestHandling.o
                0x200092e0                CreateThumbnail
 .text.CreateJPG
                0x20009360       0x7c ./src/sub-systemCode/payload/Request Management/DB_RequestHandling.o
                0x20009360                CreateJPG
 .text.UpdatePhotographyValues
                0x200093dc       0xd8 ./src/sub-systemCode/payload/Request Management/DB_RequestHandling.o
                0x200093dc                UpdatePhotographyValues
 .text.setChunkDimensions
                0x200094b4       0x64 ./src/sub-systemCode/payload/Request Management/DB_RequestHandling.o
                0x200094b4                setChunkDimensions
 .text.convert2char
                0x20009518      0x14c ./src/sub-systemCode/payload/Misc/Boolean_bit.o
                0x20009518                convert2char
 .text.convert2byte
                0x20009664      0x1c8 ./src/sub-systemCode/payload/Misc/Boolean_bit.o
                0x20009664                convert2byte
 .text.bits2byte
                0x2000982c      0x17c ./src/sub-systemCode/payload/Misc/Boolean_bit.o
                0x2000982c                bits2byte
 .text.byte2bits
                0x200099a8      0x17c ./src/sub-systemCode/payload/Misc/Boolean_bit.o
                0x200099a8                byte2bits
 .text.char2bits
                0x20009b24       0x44 ./src/sub-systemCode/payload/Misc/Boolean_bit.o
                0x20009b24                char2bits
 .text.bits2char
                0x20009b68       0x3c ./src/sub-systemCode/payload/Misc/Boolean_bit.o
                0x20009b68                bits2char
 .text.ReadFromFile
                0x20009ba4       0x6c ./src/sub-systemCode/payload/Misc/FileSystem.o
                0x20009ba4                ReadFromFile
 .text.WriteToFile
                0x20009c10       0x74 ./src/sub-systemCode/payload/Misc/FileSystem.o
                0x20009c10                WriteToFile
 .text.Initialized_GPIO
                0x20009c84       0x54 ./src/sub-systemCode/payload/Drivers/GeckoCameraDriver.o
                0x20009c84                Initialized_GPIO
 .text.TurnOnGecko
                0x20009cd8      0x140 ./src/sub-systemCode/payload/Drivers/GeckoCameraDriver.o
                0x20009cd8                TurnOnGecko
 .text.TurnOffGecko
                0x20009e18       0xd8 ./src/sub-systemCode/payload/Drivers/GeckoCameraDriver.o
                0x20009e18                TurnOffGecko
 .text.initGecko
                0x20009ef0       0x3c ./src/sub-systemCode/payload/Drivers/GeckoCameraDriver.o
                0x20009ef0                initGecko
 .text.GECKO_TakeImage
                0x20009f2c      0x2f4 ./src/sub-systemCode/payload/Drivers/GeckoCameraDriver.o
                0x20009f2c                GECKO_TakeImage
 .text.GECKO_ReadImage
                0x2000a220      0x234 ./src/sub-systemCode/payload/Drivers/GeckoCameraDriver.o
                0x2000a220                GECKO_ReadImage
 .text.GECKO_EraseBlock
                0x2000a454       0xf0 ./src/sub-systemCode/payload/Drivers/GeckoCameraDriver.o
                0x2000a454                GECKO_EraseBlock
 .text.getFileName
                0x2000a544      0x1a0 ./src/sub-systemCode/payload/DataBase/DataBase.o
 .text.zeroImageDataBase
                0x2000a6e4       0xfc ./src/sub-systemCode/payload/DataBase/DataBase.o
                0x2000a6e4                zeroImageDataBase
 .text.updateGeneralDataBaseParameters
                0x2000a7e0       0x5c ./src/sub-systemCode/payload/DataBase/DataBase.o
                0x2000a7e0                updateGeneralDataBaseParameters
 .text.SearchDataBase_byID
                0x2000a83c      0x220 ./src/sub-systemCode/payload/DataBase/DataBase.o
                0x2000a83c                SearchDataBase_byID
 .text.SearchDataBase_byMark
                0x2000aa5c       0xa4 ./src/sub-systemCode/payload/DataBase/DataBase.o
                0x2000aa5c                SearchDataBase_byMark
 .text.checkForFileType
                0x2000ab00       0x74 ./src/sub-systemCode/payload/DataBase/DataBase.o
                0x2000ab00                checkForFileType
 .text.updateFileTypes
                0x2000ab74       0xbc ./src/sub-systemCode/payload/DataBase/DataBase.o
                0x2000ab74                updateFileTypes
 .text.GetImageFactor
                0x2000ac30       0x58 ./src/sub-systemCode/payload/DataBase/DataBase.o
                0x2000ac30                GetImageFactor
 .text.readImageFromBuffer
                0x2000ac88      0x12c ./src/sub-systemCode/payload/DataBase/DataBase.o
                0x2000ac88                readImageFromBuffer
 .text.saveImageToBuffer
                0x2000adb4      0x12c ./src/sub-systemCode/payload/DataBase/DataBase.o
                0x2000adb4                saveImageToBuffer
 .text.getLatestID
                0x2000aee0       0x48 ./src/sub-systemCode/payload/DataBase/DataBase.o
                0x2000aee0                getLatestID
 .text.getDataBaseStart
                0x2000af28       0x20 ./src/sub-systemCode/payload/DataBase/DataBase.o
                0x2000af28                getDataBaseStart
 .text.setDataBaseValues
                0x2000af48      0x208 ./src/sub-systemCode/payload/DataBase/DataBase.o
                0x2000af48                setDataBaseValues
 .text.initImageDataBase
                0x2000b150      0x20c ./src/sub-systemCode/payload/DataBase/DataBase.o
                0x2000b150                initImageDataBase
 .text.resetImageDataBase
                0x2000b35c       0x98 ./src/sub-systemCode/payload/DataBase/DataBase.o
                0x2000b35c                resetImageDataBase
 .text.setCameraPhotographyValues
                0x2000b3f4      0x130 ./src/sub-systemCode/payload/DataBase/DataBase.o
                0x2000b3f4                setCameraPhotographyValues
 .text.transferImageToSD_withoutSearch
                0x2000b524      0x17c ./src/sub-systemCode/payload/DataBase/DataBase.o
                0x2000b524                transferImageToSD_withoutSearch
 .text.transferImageToSD
                0x2000b6a0       0xac ./src/sub-systemCode/payload/DataBase/DataBase.o
                0x2000b6a0                transferImageToSD
 .text.DeleteImageFromOBC_withoutSearch
                0x2000b74c       0xf0 ./src/sub-systemCode/payload/DataBase/DataBase.o
                0x2000b74c                DeleteImageFromOBC_withoutSearch
 .text.DeleteImageFromOBC
                0x2000b83c       0xb8 ./src/sub-systemCode/payload/DataBase/DataBase.o
                0x2000b83c                DeleteImageFromOBC
 .text.DeleteImageFromPayload
                0x2000b8f4      0x270 ./src/sub-systemCode/payload/DataBase/DataBase.o
                0x2000b8f4                DeleteImageFromPayload
 .text.clearImageDataBase
                0x2000bb64      0x128 ./src/sub-systemCode/payload/DataBase/DataBase.o
                0x2000bb64                clearImageDataBase
 .text.handleMarkedPictures
                0x2000bc8c      0x1dc ./src/sub-systemCode/payload/DataBase/DataBase.o
                0x2000bc8c                handleMarkedPictures
 .text.writeNewImageMetaDataToFRAM
                0x2000be68      0x258 ./src/sub-systemCode/payload/DataBase/DataBase.o
                0x2000be68                writeNewImageMetaDataToFRAM
 .text.takePicture
                0x2000c0c0      0x3ac ./src/sub-systemCode/payload/DataBase/DataBase.o
                0x2000c0c0                takePicture
 .text.takePicture_withSpecialParameters
                0x2000c46c       0xbc ./src/sub-systemCode/payload/DataBase/DataBase.o
                0x2000c46c                takePicture_withSpecialParameters
 .text.GetImageFileName
                0x2000c528       0xd0 ./src/sub-systemCode/payload/DataBase/DataBase.o
                0x2000c528                GetImageFileName
 .text.getDataBaseSize
                0x2000c5f8       0x20 ./src/sub-systemCode/payload/DataBase/DataBase.o
                0x2000c5f8                getDataBaseSize
 .text.getImageDataBaseBuffer
                0x2000c618      0x240 ./src/sub-systemCode/payload/DataBase/DataBase.o
                0x2000c618                getImageDataBaseBuffer
 .text.TransformRawToBMP
                0x2000c858      0x1e0 ./src/sub-systemCode/payload/Compression/jpeg/bmp/rawToBMP.o
                0x2000c858                TransformRawToBMP
 .text.interpolate
                0x2000ca38      0x8d0 ./src/sub-systemCode/payload/Compression/jpeg/bmp/rawToBMP.o
                0x2000ca38                interpolate
 .text.getInputAt
                0x2000d308      0x308 ./src/sub-systemCode/payload/Compression/jpeg/bmp/rawToBMP.o
                0x2000d308                getInputAt
 .text.f_writeF_FILEHeader
                0x2000d610      0x2f0 ./src/sub-systemCode/payload/Compression/jpeg/bmp/rawToBMP.o
                0x2000d610                f_writeF_FILEHeader
 .text.f_writeOutputRow
                0x2000d900       0xbc ./src/sub-systemCode/payload/Compression/jpeg/bmp/rawToBMP.o
                0x2000d900                f_writeOutputRow
 .text.dct      0x2000d9bc      0x9c4 ./src/sub-systemCode/payload/Compression/jpeg/DCT.o
                0x2000d9bc                dct
 .text.JPEG_compressor
                0x2000e380       0xfc ./src/sub-systemCode/payload/Compression/jpeg/ImgCompressor.o
                0x2000e380                JPEG_compressor
 .text.Create_BMP_File
                0x2000e47c       0xf4 ./src/sub-systemCode/payload/Compression/jpeg/ImgCompressor.o
                0x2000e47c                Create_BMP_File
 .text.CompressImage
                0x2000e570      0x1cc ./src/sub-systemCode/payload/Compression/jpeg/ImgCompressor.o
                0x2000e570                CompressImage
 .text.clamp    0x2000e73c       0x60 ./src/sub-systemCode/payload/Compression/jpeg/color_conv.o
                0x2000e73c                clamp
 .text.RGB_to_YCC
                0x2000e79c      0x1a8 ./src/sub-systemCode/payload/Compression/jpeg/color_conv.o
                0x2000e79c                RGB_to_YCC
 .text.RGB_to_Y
                0x2000e944       0xc4 ./src/sub-systemCode/payload/Compression/jpeg/color_conv.o
                0x2000e944                RGB_to_Y
 .text.Y_to_YCC
                0x2000ea08       0x88 ./src/sub-systemCode/payload/Compression/jpeg/color_conv.o
                0x2000ea08                Y_to_YCC
 .text.compress_image_to_jpeg_file
                0x2000ea90      0x1ac ./src/sub-systemCode/payload/Compression/jpeg/jpeg.o
                0x2000ea90                compress_image_to_jpeg_file
 .text.emit_marker
                0x2000ec3c       0xc8 ./src/sub-systemCode/payload/Compression/jpeg/jpeg_encoder.o
                0x2000ec3c                emit_marker
 .text.emit_byte
                0x2000ed04       0x6c ./src/sub-systemCode/payload/Compression/jpeg/jpeg_encoder.o
                0x2000ed04                emit_byte
 .text.emit_word
                0x2000ed70       0xd0 ./src/sub-systemCode/payload/Compression/jpeg/jpeg_encoder.o
                0x2000ed70                emit_word
 .text.emit_jfif_app0
                0x2000ee40       0xc0 ./src/sub-systemCode/payload/Compression/jpeg/jpeg_encoder.o
                0x2000ee40                emit_jfif_app0
 .text.emit_dqt
                0x2000ef00       0xd8 ./src/sub-systemCode/payload/Compression/jpeg/jpeg_encoder.o
                0x2000ef00                emit_dqt
 .text.emit_sof
                0x2000efd8      0x14c ./src/sub-systemCode/payload/Compression/jpeg/jpeg_encoder.o
                0x2000efd8                emit_sof
 .text.emit_dht
                0x2000f124      0x138 ./src/sub-systemCode/payload/Compression/jpeg/jpeg_encoder.o
                0x2000f124                emit_dht
 .text.emit_dhts
                0x2000f25c       0xd8 ./src/sub-systemCode/payload/Compression/jpeg/jpeg_encoder.o
                0x2000f25c                emit_dhts
 .text.emit_sos
                0x2000f334       0xec ./src/sub-systemCode/payload/Compression/jpeg/jpeg_encoder.o
                0x2000f334                emit_sos
 .text.emit_markers
                0x2000f420       0x4c ./src/sub-systemCode/payload/Compression/jpeg/jpeg_encoder.o
                0x2000f420                emit_markers
 .text.compute_huffman_table
                0x2000f46c      0x334 ./src/sub-systemCode/payload/Compression/jpeg/jpeg_encoder.o
                0x2000f46c                compute_huffman_table
 .text.compute_quant_table
                0x2000f7a0      0x11c ./src/sub-systemCode/payload/Compression/jpeg/jpeg_encoder.o
                0x2000f7a0                compute_quant_table
 .text.first_pass_init
                0x2000f8bc       0x54 ./src/sub-systemCode/payload/Compression/jpeg/jpeg_encoder.o
                0x2000f8bc                first_pass_init
 .text.second_pass_init
                0x2000f910      0x110 ./src/sub-systemCode/payload/Compression/jpeg/jpeg_encoder.o
                0x2000f910                second_pass_init
 .text.jpg_open
                0x2000fa20      0x7b4 ./src/sub-systemCode/payload/Compression/jpeg/jpeg_encoder.o
                0x2000fa20                jpg_open
 .text.load_block_8_8_grey
                0x200101d4      0x164 ./src/sub-systemCode/payload/Compression/jpeg/jpeg_encoder.o
                0x200101d4                load_block_8_8_grey
 .text.load_block_8_8
                0x20010338      0x198 ./src/sub-systemCode/payload/Compression/jpeg/jpeg_encoder.o
                0x20010338                load_block_8_8
 .text.load_block_16_8
                0x200104d0      0x3cc ./src/sub-systemCode/payload/Compression/jpeg/jpeg_encoder.o
                0x200104d0                load_block_16_8
 .text.load_block_16_8_8
                0x2001089c      0x2a8 ./src/sub-systemCode/payload/Compression/jpeg/jpeg_encoder.o
                0x2001089c                load_block_16_8_8
 .text.load_coefficients
                0x20010b44      0x1c8 ./src/sub-systemCode/payload/Compression/jpeg/jpeg_encoder.o
                0x20010b44                load_coefficients
 .text.flush_output_buffer
                0x20010d0c       0xa0 ./src/sub-systemCode/payload/Compression/jpeg/jpeg_encoder.o
                0x20010d0c                flush_output_buffer
 .text.put_bits
                0x20010dac      0x170 ./src/sub-systemCode/payload/Compression/jpeg/jpeg_encoder.o
                0x20010dac                put_bits
 .text.code_coefficients_pass_two
                0x20010f1c      0x338 ./src/sub-systemCode/payload/Compression/jpeg/jpeg_encoder.o
                0x20010f1c                code_coefficients_pass_two
 .text.code_block
                0x20011254       0x44 ./src/sub-systemCode/payload/Compression/jpeg/jpeg_encoder.o
                0x20011254                code_block
 .text.process_mcu_row
                0x20011298      0x328 ./src/sub-systemCode/payload/Compression/jpeg/jpeg_encoder.o
                0x20011298                process_mcu_row
 .text.terminate_pass_two
                0x200115c0       0x44 ./src/sub-systemCode/payload/Compression/jpeg/jpeg_encoder.o
                0x200115c0                terminate_pass_two
 .text.process_end_of_image
                0x20011604       0xc0 ./src/sub-systemCode/payload/Compression/jpeg/jpeg_encoder.o
                0x20011604                process_end_of_image
 .text.load_mcu
                0x200116c4      0x29c ./src/sub-systemCode/payload/Compression/jpeg/jpeg_encoder.o
                0x200116c4                load_mcu
 .text.clear    0x20011960      0x1e0 ./src/sub-systemCode/payload/Compression/jpeg/jpeg_encoder.o
                0x20011960                clear
 .text.init     0x20011b40       0xe4 ./src/sub-systemCode/payload/Compression/jpeg/jpeg_encoder.o
                0x20011b40                init
 .text.deinit   0x20011c24      0x160 ./src/sub-systemCode/payload/Compression/jpeg/jpeg_encoder.o
                0x20011c24                deinit
 .text.process_scanline
                0x20011d84       0x6c ./src/sub-systemCode/payload/Compression/jpeg/jpeg_encoder.o
                0x20011d84                process_scanline
 .text.jpge_malloc
                0x20011df0       0x28 ./src/sub-systemCode/payload/Compression/jpeg/jpeg_memory_alloc.o
                0x20011df0                jpge_malloc
 .text.jpge_cmalloc
                0x20011e18       0x48 ./src/sub-systemCode/payload/Compression/jpeg/jpeg_memory_alloc.o
                0x20011e18                jpge_cmalloc
 .text.jpge_free
                0x20011e60       0x24 ./src/sub-systemCode/payload/Compression/jpeg/jpeg_memory_alloc.o
                0x20011e60                jpge_free
 .text.check    0x20011e84       0x78 ./src/sub-systemCode/payload/Compression/jpeg/jpeg_params.o
                0x20011e84                check
 .text.open_jpeg_file
                0x20011efc       0xfc ./src/sub-systemCode/payload/Compression/jpeg/output_stream.o
                0x20011efc                open_jpeg_file
 .text.close_jpeg_file
                0x20011ff8      0x118 ./src/sub-systemCode/payload/Compression/jpeg/output_stream.o
                0x20011ff8                close_jpeg_file
 .text.put_buf  0x20012110      0x258 ./src/sub-systemCode/payload/Compression/jpeg/output_stream.o
                0x20012110                put_buf
 .text.GetBayerPixel
                0x20012368       0xe8 ./src/sub-systemCode/payload/Compression/ImageConversion.o
 .text.BinImage
                0x20012450      0x2c8 ./src/sub-systemCode/payload/Compression/ImageConversion.o
                0x20012450                BinImage
 .text.ImageSkipping
                0x20012718      0x2ac ./src/sub-systemCode/payload/Compression/ImageConversion.o
                0x20012718                ImageSkipping
 .text.CreateImageThumbnail_withoutSearch
                0x200129c4      0x14c ./src/sub-systemCode/payload/Compression/ImageConversion.o
                0x200129c4                CreateImageThumbnail_withoutSearch
 .text.CreateImageThumbnail
                0x20012b10       0x98 ./src/sub-systemCode/payload/Compression/ImageConversion.o
                0x20012b10                CreateImageThumbnail
 .text.compressImage
                0x20012ba8      0x17c ./src/sub-systemCode/payload/Compression/ImageConversion.o
                0x20012ba8                compressImage
 .text.AdcsCmdQueueInit
                0x20012d24       0x4c ./src/sub-systemCode/Main/CMD/ADCS_CMD.o
                0x20012d24                AdcsCmdQueueInit
 .text.AdcsCmdQueueGet
                0x20012d70       0x8c ./src/sub-systemCode/Main/CMD/ADCS_CMD.o
                0x20012d70                AdcsCmdQueueGet
 .text.AdcsCmdQueueAdd
                0x20012dfc       0x74 ./src/sub-systemCode/Main/CMD/ADCS_CMD.o
                0x20012dfc                AdcsCmdQueueAdd
 .text.AdcsCmdQueueIsEmpty
                0x20012e70       0x3c ./src/sub-systemCode/Main/CMD/ADCS_CMD.o
                0x20012e70                AdcsCmdQueueIsEmpty
 .text.getAdcsQueueWaitPointer
                0x20012eac       0x20 ./src/sub-systemCode/Main/CMD/ADCS_CMD.o
                0x20012eac                getAdcsQueueWaitPointer
 .text.cmd_mute
                0x20012ecc       0xc4 ./src/sub-systemCode/Main/CMD/COMM_CMD.o
                0x20012ecc                cmd_mute
 .text.cmd_unmute
                0x20012f90       0x4c ./src/sub-systemCode/Main/CMD/COMM_CMD.o
                0x20012f90                cmd_unmute
 .text.cmd_active_trans
                0x20012fdc       0xc0 ./src/sub-systemCode/Main/CMD/COMM_CMD.o
                0x20012fdc                cmd_active_trans
 .text.cmd_shut_trans
                0x2001309c       0x38 ./src/sub-systemCode/Main/CMD/COMM_CMD.o
                0x2001309c                cmd_shut_trans
 .text.cmd_change_trans_rssi
                0x200130d4      0x100 ./src/sub-systemCode/Main/CMD/COMM_CMD.o
                0x200130d4                cmd_change_trans_rssi
 .text.cmd_aprs_dump
                0x200131d4       0x50 ./src/sub-systemCode/Main/CMD/COMM_CMD.o
                0x200131d4                cmd_aprs_dump
 .text.cmd_stop_dump
                0x20013224       0x38 ./src/sub-systemCode/Main/CMD/COMM_CMD.o
                0x20013224                cmd_stop_dump
 .text.cmd_time_frequency
                0x2001325c       0xc0 ./src/sub-systemCode/Main/CMD/COMM_CMD.o
                0x2001325c                cmd_time_frequency
 .text.cmd_change_def_bit_rate
                0x2001331c      0x158 ./src/sub-systemCode/Main/CMD/COMM_CMD.o
                0x2001331c                cmd_change_def_bit_rate
 .text.cmd_upload_volt_logic
                0x20013474      0x334 ./src/sub-systemCode/Main/CMD/EPS_CMD.o
                0x20013474                cmd_upload_volt_logic
 .text.cmd_upload_volt_COMM
                0x200137a8      0x1c8 ./src/sub-systemCode/Main/CMD/EPS_CMD.o
                0x200137a8                cmd_upload_volt_COMM
 .text.cmd_heater_temp
                0x20013970       0xc0 ./src/sub-systemCode/Main/CMD/EPS_CMD.o
                0x20013970                cmd_heater_temp
 .text.cmd_SHUT_CAM
                0x20013a30       0x6c ./src/sub-systemCode/Main/CMD/EPS_CMD.o
                0x20013a30                cmd_SHUT_CAM
 .text.cmd_SHUT_ADCS
                0x20013a9c       0x6c ./src/sub-systemCode/Main/CMD/EPS_CMD.o
                0x20013a9c                cmd_SHUT_ADCS
 .text.cmd_allow_CAM
                0x20013b08       0x6c ./src/sub-systemCode/Main/CMD/EPS_CMD.o
                0x20013b08                cmd_allow_CAM
 .text.cmd_allow_ADCS
                0x20013b74       0x6c ./src/sub-systemCode/Main/CMD/EPS_CMD.o
                0x20013b74                cmd_allow_ADCS
 .text.cmd_update_alpha
                0x20013be0       0xfc ./src/sub-systemCode/Main/CMD/EPS_CMD.o
                0x20013be0                cmd_update_alpha
 .text.cmd_generic_I2C
                0x20013cdc       0xb4 ./src/sub-systemCode/Main/CMD/General_CMD.o
                0x20013cdc                cmd_generic_I2C
 .text.cmd_dump
                0x20013d90       0xf0 ./src/sub-systemCode/Main/CMD/General_CMD.o
                0x20013d90                cmd_dump
 .text.cmd_delete_TM
                0x20013e80      0x230 ./src/sub-systemCode/Main/CMD/General_CMD.o
                0x20013e80                cmd_delete_TM
 .text.cmd_reset_file
                0x200140b0      0x118 ./src/sub-systemCode/Main/CMD/General_CMD.o
                0x200140b0                cmd_reset_file
 .text.cmd_dummy_func
                0x200141c8       0x40 ./src/sub-systemCode/Main/CMD/General_CMD.o
                0x200141c8                cmd_dummy_func
 .text.cmd_reset_TLM_SD
                0x20014208       0x4c ./src/sub-systemCode/Main/CMD/General_CMD.o
                0x20014208                cmd_reset_TLM_SD
 .text.cmd_soft_reset_cmponent
                0x20014254       0xac ./src/sub-systemCode/Main/CMD/General_CMD.o
                0x20014254                cmd_soft_reset_cmponent
 .text.cmd_hard_reset_cmponent
                0x20014300       0xac ./src/sub-systemCode/Main/CMD/General_CMD.o
                0x20014300                cmd_hard_reset_cmponent
 .text.cmd_reset_satellite
                0x200143ac       0x78 ./src/sub-systemCode/Main/CMD/General_CMD.o
                0x200143ac                cmd_reset_satellite
 .text.cmd_gracefull_reset_satellite
                0x20014424       0x78 ./src/sub-systemCode/Main/CMD/General_CMD.o
                0x20014424                cmd_gracefull_reset_satellite
 .text.cmd_upload_time
                0x2001449c       0xb0 ./src/sub-systemCode/Main/CMD/General_CMD.o
                0x2001449c                cmd_upload_time
 .text.cmd_ARM_DIARM
                0x2001454c       0xd4 ./src/sub-systemCode/Main/CMD/General_CMD.o
                0x2001454c                cmd_ARM_DIARM
 .text.cmd_get_onlineTM
                0x20014620      0x148 ./src/sub-systemCode/Main/CMD/General_CMD.o
                0x20014620                cmd_get_onlineTM
 .text.cmd_reset_off_line
                0x20014768       0x68 ./src/sub-systemCode/Main/CMD/General_CMD.o
                0x20014768                cmd_reset_off_line
 .text.cmd_add_item_off_line
                0x200147d0       0xf4 ./src/sub-systemCode/Main/CMD/General_CMD.o
                0x200147d0                cmd_add_item_off_line
 .text.cmd_delete_item_off_line
                0x200148c4       0x98 ./src/sub-systemCode/Main/CMD/General_CMD.o
                0x200148c4                cmd_delete_item_off_line
 .text.cmd_get_off_line_setting
                0x2001495c      0x108 ./src/sub-systemCode/Main/CMD/General_CMD.o
                0x2001495c                cmd_get_off_line_setting
 .text.cmd_reset_delayed_command_list
                0x20014a64       0x3c ./src/sub-systemCode/Main/CMD/SW_CMD.o
                0x20014a64                cmd_reset_delayed_command_list
 .text.cmd_reset_APRS_list
                0x20014aa0       0x3c ./src/sub-systemCode/Main/CMD/SW_CMD.o
                0x20014aa0                cmd_reset_APRS_list
 .text.cmd_reset_FRAM
                0x20014adc       0xf4 ./src/sub-systemCode/Main/CMD/SW_CMD.o
                0x20014adc                cmd_reset_FRAM
 .text.init_Ants
                0x20014bd0       0x74 ./src/sub-systemCode/Main/Ants.o
                0x20014bd0                init_Ants
 .text.ARM_ants
                0x20014c44       0xb8 ./src/sub-systemCode/Main/Ants.o
                0x20014c44                ARM_ants
 .text.DISARM_ants
                0x20014cfc       0xb8 ./src/sub-systemCode/Main/Ants.o
                0x20014cfc                DISARM_ants
 .text.checkDeployAttempt
                0x20014db4      0x128 ./src/sub-systemCode/Main/Ants.o
                0x20014db4                checkDeployAttempt
 .text.reset_deployStatusFRAM
                0x20014edc       0xc0 ./src/sub-systemCode/Main/Ants.o
                0x20014edc                reset_deployStatusFRAM
 .text.reset_FRAM_ants
                0x20014f9c       0x88 ./src/sub-systemCode/Main/Ants.o
                0x20014f9c                reset_FRAM_ants
 .text.DeployIfNeeded
                0x20015024      0x134 ./src/sub-systemCode/Main/Ants.o
                0x20015024                DeployIfNeeded
 .text.update_stopDeploy_FRAM
                0x20015158       0x48 ./src/sub-systemCode/Main/Ants.o
                0x20015158                update_stopDeploy_FRAM
 .text.round_vol
                0x200151a0      0x124 ./src/sub-systemCode/Main/EPS.o
                0x200151a0                round_vol
 .text.get_shut_ADCS
                0x200152c4       0x48 ./src/sub-systemCode/Main/EPS.o
                0x200152c4                get_shut_ADCS
 .text.shut_ADCS
                0x2001530c       0x44 ./src/sub-systemCode/Main/EPS.o
                0x2001530c                shut_ADCS
 .text.get_shut_CAM
                0x20015350       0x48 ./src/sub-systemCode/Main/EPS.o
                0x20015350                get_shut_CAM
 .text.shut_CAM
                0x20015398       0x44 ./src/sub-systemCode/Main/EPS.o
                0x20015398                shut_CAM
 .text.update_powerLines
                0x200153dc       0xec ./src/sub-systemCode/Main/EPS.o
                0x200153dc                update_powerLines
 .text.get_EPS_mode_t
                0x200154c8       0x24 ./src/sub-systemCode/Main/EPS.o
                0x200154c8                get_EPS_mode_t
 .text.init_enterMode
                0x200154ec       0x88 ./src/sub-systemCode/Main/EPS.o
                0x200154ec                init_enterMode
 .text.EPS_Init
                0x20015574      0x1c8 ./src/sub-systemCode/Main/EPS.o
                0x20015574                EPS_Init
 .text.reset_FRAM_EPS
                0x2001573c       0xe0 ./src/sub-systemCode/Main/EPS.o
                0x2001573c                reset_FRAM_EPS
 .text.reset_EPS_voltages
                0x2001581c       0xbc ./src/sub-systemCode/Main/EPS.o
                0x2001581c                reset_EPS_voltages
 .text.writeState_log
                0x200158d8       0xb4 ./src/sub-systemCode/Main/EPS.o
                0x200158d8                writeState_log
 .text.battery_downward
                0x2001598c      0x120 ./src/sub-systemCode/Main/EPS.o
                0x2001598c                battery_downward
 .text.battery_upward
                0x20015aac      0x12c ./src/sub-systemCode/Main/EPS.o
                0x20015aac                battery_upward
 .text.overRide_ADCS
                0x20015bd8       0x50 ./src/sub-systemCode/Main/EPS.o
                0x20015bd8                overRide_ADCS
 .text.overRide_Camera
                0x20015c28       0x38 ./src/sub-systemCode/Main/EPS.o
                0x20015c28                overRide_Camera
 .text.EPS_Conditioning
                0x20015c60      0x258 ./src/sub-systemCode/Main/EPS.o
                0x20015c60                EPS_Conditioning
 .text.EnterFullMode
                0x20015eb8       0xf0 ./src/sub-systemCode/Main/EPS.o
                0x20015eb8                EnterFullMode
 .text.EnterCruiseMode
                0x20015fa8       0xe0 ./src/sub-systemCode/Main/EPS.o
                0x20015fa8                EnterCruiseMode
 .text.EnterSafeMode
                0x20016088       0xe0 ./src/sub-systemCode/Main/EPS.o
                0x20016088                EnterSafeMode
 .text.EnterCriticalMode
                0x20016168       0xcc ./src/sub-systemCode/Main/EPS.o
                0x20016168                EnterCriticalMode
 .text.check_EPSTableCorrection
                0x20016234      0x120 ./src/sub-systemCode/Main/EPS.o
                0x20016234                check_EPSTableCorrection
 .text.save_ACK
                0x20016354      0x11c ./src/sub-systemCode/Main/HouseKeeping.o
                0x20016354                save_ACK
 .text.set_GP_EPS
                0x20016470      0x10c ./src/sub-systemCode/Main/HouseKeeping.o
                0x20016470                set_GP_EPS
 .text.set_GP_COMM
                0x2001657c       0x88 ./src/sub-systemCode/Main/HouseKeeping.o
                0x2001657c                set_GP_COMM
 .text.SP_HK_collect
                0x20016604      0x198 ./src/sub-systemCode/Main/HouseKeeping.o
                0x20016604                SP_HK_collect
 .text.EPS_HK_collect
                0x2001679c      0x50c ./src/sub-systemCode/Main/HouseKeeping.o
                0x2001679c                EPS_HK_collect
 .text.CAM_HK_collect
                0x20016ca8      0x91c ./src/sub-systemCode/Main/HouseKeeping.o
                0x20016ca8                CAM_HK_collect
 .text.COMM_HK_collect
                0x200175c4      0x260 ./src/sub-systemCode/Main/HouseKeeping.o
                0x200175c4                COMM_HK_collect
 .text.FS_HK_collect
                0x20017824      0x18c ./src/sub-systemCode/Main/HouseKeeping.o
                0x20017824                FS_HK_collect
 .text.HK_find_ADCSTM_fileName
                0x200179b0      0x3a4 ./src/sub-systemCode/Main/HouseKeeping.o
                0x200179b0                HK_find_ADCSTM_fileName
 .text.HK_find_fileName
                0x20017d54      0x174 ./src/sub-systemCode/Main/HouseKeeping.o
                0x20017d54                HK_find_fileName
 .text.HK_find_ADCSTM_ElementSize
                0x20017ec8      0x110 ./src/sub-systemCode/Main/HouseKeeping.o
                0x20017ec8                HK_find_ADCSTM_ElementSize
 .text.HK_findElementSize
                0x20017fd8       0xd4 ./src/sub-systemCode/Main/HouseKeeping.o
                0x20017fd8                HK_findElementSize
 .text.build_HK_spl_packet
                0x200180ac      0x200 ./src/sub-systemCode/Main/HouseKeeping.o
                0x200180ac                build_HK_spl_packet
 .text.numberOfRestarts
                0x200182ac       0x94 ./src/sub-systemCode/Main/Main_Init.o
                0x200182ac                numberOfRestarts
 .text.StartFRAM
                0x20018340       0x38 ./src/sub-systemCode/Main/Main_Init.o
                0x20018340                StartFRAM
 .text.StartI2C
                0x20018378       0x44 ./src/sub-systemCode/Main/Main_Init.o
                0x20018378                StartI2C
 .text.StartSPI
                0x200183bc       0x40 ./src/sub-systemCode/Main/Main_Init.o
                0x200183bc                StartSPI
 .text.StartTIME
                0x200183fc      0x120 ./src/sub-systemCode/Main/Main_Init.o
                0x200183fc                StartTIME
 .text.first_activation
                0x2001851c       0x7c ./src/sub-systemCode/Main/Main_Init.o
                0x2001851c                first_activation
 .text.InitSubsystems
                0x20018598       0x68 ./src/sub-systemCode/Main/Main_Init.o
                0x20018598                InitSubsystems
 .text.SubSystemTaskStart
                0x20018600       0xec ./src/sub-systemCode/Main/Main_Init.o
                0x20018600                SubSystemTaskStart
 .text.save_ACK_s
                0x200186ec       0x5c ./src/sub-systemCode/Main/commands.o
                0x200186ec                save_ACK_s
 .text.copy_command
                0x20018748       0x80 ./src/sub-systemCode/Main/commands.o
                0x20018748                copy_command
 .text.reset_command
                0x200187c8       0x28 ./src/sub-systemCode/Main/commands.o
                0x200187c8                reset_command
 .text.init_command
                0x200187f0       0xd4 ./src/sub-systemCode/Main/commands.o
                0x200187f0                init_command
 .text.add_command
                0x200188c4      0x118 ./src/sub-systemCode/Main/commands.o
                0x200188c4                add_command
 .text.get_command
                0x200189dc      0x1ac ./src/sub-systemCode/Main/commands.o
                0x200189dc                get_command
 .text.act_upon_command
                0x20018b88      0x1e4 ./src/sub-systemCode/Main/commands.o
                0x20018b88                act_upon_command
 .text.cmd_error
                0x20018d6c       0x38 ./src/sub-systemCode/Main/commands.o
                0x20018d6c                cmd_error
 .text.AUC_COMM
                0x20018da4      0x25c ./src/sub-systemCode/Main/commands.o
                0x20018da4                AUC_COMM
 .text.AUC_general
                0x20019000      0x48c ./src/sub-systemCode/Main/commands.o
                0x20019000                AUC_general
 .text.AUC_payload
                0x2001948c      0x1e8 ./src/sub-systemCode/Main/commands.o
                0x2001948c                AUC_payload
 .text.AUC_EPS  0x20019674      0x28c ./src/sub-systemCode/Main/commands.o
                0x20019674                AUC_EPS
 .text.AUC_SW   0x20019900       0xe4 ./src/sub-systemCode/Main/commands.o
                0x20019900                AUC_SW
 .text.AUC_onlineTM
                0x200199e4      0x1ac ./src/sub-systemCode/Main/commands.o
                0x200199e4                AUC_onlineTM
 .text.AUC_special_operation
                0x20019b90       0x8c ./src/sub-systemCode/Main/commands.o
                0x20019b90                AUC_special_operation
 .text.check_int
                0x20019c1c       0x20 ./src/sub-systemCode/Global/Global.o
                0x20019c1c                check_int
 .text.check_portBASE_TYPE
                0x20019c3c       0x20 ./src/sub-systemCode/Global/Global.o
                0x20019c3c                check_portBASE_TYPE
 .text.soft_reset_subsystem
                0x20019c5c       0xd8 ./src/sub-systemCode/Global/Global.o
                0x20019c5c                soft_reset_subsystem
 .text.hard_reset_subsystem
                0x20019d34      0x104 ./src/sub-systemCode/Global/Global.o
                0x20019d34                hard_reset_subsystem
 .text.BigEnE_raw_to_uInt
                0x20019e38       0x94 ./src/sub-systemCode/Global/Global.o
                0x20019e38                BigEnE_raw_to_uInt
 .text.BigEnE_raw_to_uShort
                0x20019ecc       0x50 ./src/sub-systemCode/Global/Global.o
                0x20019ecc                BigEnE_raw_to_uShort
 .text.BigEnE_uInt_to_raw
                0x20019f1c       0x78 ./src/sub-systemCode/Global/Global.o
                0x20019f1c                BigEnE_uInt_to_raw
 .text.reset_FRAM_MAIN
                0x20019f94      0x140 ./src/sub-systemCode/Global/Global.o
                0x20019f94                reset_FRAM_MAIN
 .text.getBitValueByIndex
                0x2001a0d4       0xd0 ./src/sub-systemCode/Global/Global.o
                0x2001a0d4                getBitValueByIndex
 .text.terminateTask
                0x2001a1a4       0x18 ./src/sub-systemCode/Global/Global.o
                0x2001a1a4                terminateTask
 .text.init_GP  0x2001a1bc      0x2e0 ./src/sub-systemCode/Global/GlobalParam.o
                0x2001a1bc                init_GP
 .text.get_system_state
                0x2001a49c      0x254 ./src/sub-systemCode/Global/GlobalParam.o
                0x2001a49c                get_system_state
 .text.set_system_state
                0x2001a6f0      0x284 ./src/sub-systemCode/Global/GlobalParam.o
                0x2001a6f0                set_system_state
 .text.get_systems_state_param
                0x2001a974       0x78 ./src/sub-systemCode/Global/GlobalParam.o
                0x2001a974                get_systems_state_param
 .text.get_current_global_param
                0x2001a9ec      0x548 ./src/sub-systemCode/Global/GlobalParam.o
                0x2001a9ec                get_current_global_param
 .text.set_Vbatt
                0x2001af34       0x78 ./src/sub-systemCode/Global/GlobalParam.o
                0x2001af34                set_Vbatt
 .text.get_Vbatt
                0x2001afac       0x78 ./src/sub-systemCode/Global/GlobalParam.o
                0x2001afac                get_Vbatt
 .text.set_curBat
                0x2001b024       0x78 ./src/sub-systemCode/Global/GlobalParam.o
                0x2001b024                set_curBat
 .text.set_cur3V3
                0x2001b09c       0x78 ./src/sub-systemCode/Global/GlobalParam.o
                0x2001b09c                set_cur3V3
 .text.set_cur5V
                0x2001b114       0x78 ./src/sub-systemCode/Global/GlobalParam.o
                0x2001b114                set_cur5V
 .text.set_tempComm_LO
                0x2001b18c       0x78 ./src/sub-systemCode/Global/GlobalParam.o
                0x2001b18c                set_tempComm_LO
 .text.set_tempComm_PA
                0x2001b204       0x78 ./src/sub-systemCode/Global/GlobalParam.o
                0x2001b204                set_tempComm_PA
 .text.set_tempEPS
                0x2001b27c       0xb4 ./src/sub-systemCode/Global/GlobalParam.o
                0x2001b27c                set_tempEPS
 .text.set_tempBatt
                0x2001b330       0xb4 ./src/sub-systemCode/Global/GlobalParam.o
                0x2001b330                set_tempBatt
 .text.set_RxDoppler
                0x2001b3e4       0x78 ./src/sub-systemCode/Global/GlobalParam.o
                0x2001b3e4                set_RxDoppler
 .text.set_RxRSSI
                0x2001b45c       0x78 ./src/sub-systemCode/Global/GlobalParam.o
                0x2001b45c                set_RxRSSI
 .text.set_TxRefl
                0x2001b4d4       0x78 ./src/sub-systemCode/Global/GlobalParam.o
                0x2001b4d4                set_TxRefl
 .text.set_TxForw
                0x2001b54c       0x78 ./src/sub-systemCode/Global/GlobalParam.o
                0x2001b54c                set_TxForw
 .text.set_numOfAPRS
                0x2001b5c4       0x78 ./src/sub-systemCode/Global/GlobalParam.o
                0x2001b5c4                set_numOfAPRS
 .text.set_numOfDelayedCommand
                0x2001b63c       0x78 ./src/sub-systemCode/Global/GlobalParam.o
                0x2001b63c                set_numOfDelayedCommand
 .text.set_numOfResets
                0x2001b6b4       0x98 ./src/sub-systemCode/Global/GlobalParam.o
                0x2001b6b4                set_numOfResets
 .text.set_ground_conn
                0x2001b74c       0x8c ./src/sub-systemCode/Global/GlobalParam.o
                0x2001b74c                set_ground_conn
 .text.get_ground_conn
                0x2001b7d8       0x8c ./src/sub-systemCode/Global/GlobalParam.o
                0x2001b7d8                get_ground_conn
 .text.IsisAntS_getStatusData_sideA
                0x2001b864       0x3c ./src/sub-systemCode/Global/OnlineTM.o
                0x2001b864                IsisAntS_getStatusData_sideA
 .text.IsisAntS_getAlltelemetry_sideA
                0x2001b8a0       0x3c ./src/sub-systemCode/Global/OnlineTM.o
                0x2001b8a0                IsisAntS_getAlltelemetry_sideA
 .text.IsisAntS_getTemperature_sideA
                0x2001b8dc       0x3c ./src/sub-systemCode/Global/OnlineTM.o
                0x2001b8dc                IsisAntS_getTemperature_sideA
 .text.IsisAntS_getStatusData_sideB
                0x2001b918       0x3c ./src/sub-systemCode/Global/OnlineTM.o
                0x2001b918                IsisAntS_getStatusData_sideB
 .text.IsisAntS_getAlltelemetry_sideB
                0x2001b954       0x3c ./src/sub-systemCode/Global/OnlineTM.o
                0x2001b954                IsisAntS_getAlltelemetry_sideB
 .text.IsisAntS_getTemperature_sideB
                0x2001b990       0x3c ./src/sub-systemCode/Global/OnlineTM.o
                0x2001b990                IsisAntS_getTemperature_sideB
 .text.HK_collect_EPS
                0x2001b9cc       0x30 ./src/sub-systemCode/Global/OnlineTM.o
                0x2001b9cc                HK_collect_EPS
 .text.HK_collect_COMM
                0x2001b9fc       0x30 ./src/sub-systemCode/Global/OnlineTM.o
                0x2001b9fc                HK_collect_COMM
 .text.HK_collect_CAM
                0x2001ba2c       0x30 ./src/sub-systemCode/Global/OnlineTM.o
                0x2001ba2c                HK_collect_CAM
 .text.HK_collect_SP
                0x2001ba5c       0x30 ./src/sub-systemCode/Global/OnlineTM.o
                0x2001ba5c                HK_collect_SP
 .text.HK_collect_FS_A
                0x2001ba8c       0x34 ./src/sub-systemCode/Global/OnlineTM.o
                0x2001ba8c                HK_collect_FS_A
 .text.HK_collect_FS_B
                0x2001bac0       0x34 ./src/sub-systemCode/Global/OnlineTM.o
                0x2001bac0                HK_collect_FS_B
 .text.save_offlineSetting_FRAM
                0x2001baf4      0x26c ./src/sub-systemCode/Global/OnlineTM.o
                0x2001baf4                save_offlineSetting_FRAM
 .text.get_offlineSetting_FRAM
                0x2001bd60       0x58 ./src/sub-systemCode/Global/OnlineTM.o
                0x2001bd60                get_offlineSetting_FRAM
 .text.update_offlineSetting_FRAM
                0x2001bdb8      0x360 ./src/sub-systemCode/Global/OnlineTM.o
                0x2001bdb8                update_offlineSetting_FRAM
 .text.get_offlineSettingPacket
                0x2001c118       0xc4 ./src/sub-systemCode/Global/OnlineTM.o
                0x2001c118                get_offlineSettingPacket
 .text.get_item_by_index
                0x2001c1dc       0xdc ./src/sub-systemCode/Global/OnlineTM.o
                0x2001c1dc                get_item_by_index
 .text.get_pointer_item_by_index
                0x2001c2b8       0x48 ./src/sub-systemCode/Global/OnlineTM.o
                0x2001c2b8                get_pointer_item_by_index
 .text.init_onlineParam
                0x2001c300     0x2f08 ./src/sub-systemCode/Global/OnlineTM.o
                0x2001c300                init_onlineParam
 .text.reset_offline_TM_list
                0x2001f208      0x184 ./src/sub-systemCode/Global/OnlineTM.o
                0x2001f208                reset_offline_TM_list
 .text.get_online_packet
                0x2001f38c      0x294 ./src/sub-systemCode/Global/OnlineTM.o
                0x2001f38c                get_online_packet
 .text.save_onlineTM_param
                0x2001f620      0x1b4 ./src/sub-systemCode/Global/OnlineTM.o
                0x2001f620                save_onlineTM_param
 .text.add_onlineTM_param_to_save_list
                0x2001f7d4      0x3e4 ./src/sub-systemCode/Global/OnlineTM.o
                0x2001f7d4                add_onlineTM_param_to_save_list
 .text.delete_onlineTM_param_from_offline
                0x2001fbb8      0x1a8 ./src/sub-systemCode/Global/OnlineTM.o
                0x2001fbb8                delete_onlineTM_param_from_offline
 .text.save_onlineTM_logic
                0x2001fd60      0x2bc ./src/sub-systemCode/Global/OnlineTM.o
                0x2001fd60                save_onlineTM_logic
 .text.save_onlineTM_task
                0x2002001c       0xd8 ./src/sub-systemCode/Global/OnlineTM.o
                0x2002001c                save_onlineTM_task
 .text.delete_allTMFilesFromSD
                0x200200f4      0x14c ./src/sub-systemCode/Global/TLM_management.o
                0x200200f4                delete_allTMFilesFromSD
 .text.getNumOfFilesInFS
                0x20020240       0x44 ./src/sub-systemCode/Global/TLM_management.o
 .text.setNumOfFilesInFS
                0x20020284       0x50 ./src/sub-systemCode/Global/TLM_management.o
 .text.f_managed_enterFS
                0x200202d4       0x9c ./src/sub-systemCode/Global/TLM_management.o
                0x200202d4                f_managed_enterFS
 .text.f_managed_releaseFS
                0x20020370       0x4c ./src/sub-systemCode/Global/TLM_management.o
                0x20020370                f_managed_releaseFS
 .text.f_managed_open
                0x200203bc       0xf0 ./src/sub-systemCode/Global/TLM_management.o
                0x200203bc                f_managed_open
 .text.f_managed_close
                0x200204ac       0x80 ./src/sub-systemCode/Global/TLM_management.o
                0x200204ac                f_managed_close
 .text.createSemahores_FS
                0x2002052c       0x7c ./src/sub-systemCode/Global/TLM_management.o
                0x2002052c                createSemahores_FS
 .text.InitializeFS
                0x200205a8      0x1bc ./src/sub-systemCode/Global/TLM_management.o
                0x200205a8                InitializeFS
 .text.c_fileCreate
                0x20020764       0xf4 ./src/sub-systemCode/Global/TLM_management.o
                0x20020764                c_fileCreate
 .text.writewithEpochtime
                0x20020858       0x94 ./src/sub-systemCode/Global/TLM_management.o
 .text.get_C_FILE_struct
                0x200208ec      0x104 ./src/sub-systemCode/Global/TLM_management.o
 .text.getFileIndex
                0x200209f0       0x64 ./src/sub-systemCode/Global/TLM_management.o
 .text.get_file_name_by_index
                0x20020a54       0x54 ./src/sub-systemCode/Global/TLM_management.o
                0x20020a54                get_file_name_by_index
 .text.c_fileReset
                0x20020aa8      0x140 ./src/sub-systemCode/Global/TLM_management.o
                0x20020aa8                c_fileReset
 .text.c_fileWrite
                0x20020be8      0x168 ./src/sub-systemCode/Global/TLM_management.o
                0x20020be8                c_fileWrite
 .text.deleteElementsFromFile
                0x20020d50      0x188 ./src/sub-systemCode/Global/TLM_management.o
 .text.c_fileDeleteElements
                0x20020ed8      0x168 ./src/sub-systemCode/Global/TLM_management.o
                0x20020ed8                c_fileDeleteElements
 .text.c_fileRead
                0x20021040      0x2f0 ./src/sub-systemCode/Global/TLM_management.o
                0x20021040                c_fileRead
 .text.DeInitializeFS
                0x20021330       0xe0 ./src/sub-systemCode/Global/TLM_management.o
                0x20021330                DeInitializeFS
 .text.xSemaphoreGive_extended
                0x20021410       0x48 ./src/sub-systemCode/Global/freertosExtended.o
                0x20021410                xSemaphoreGive_extended
 .text.xSemaphoreTake_extended
                0x20021458       0x54 ./src/sub-systemCode/Global/freertosExtended.o
                0x20021458                xSemaphoreTake_extended
 .text.WriteLog
                0x200214ac       0x94 ./src/sub-systemCode/Global/logger.o
 .text.WriteErrorLog
                0x20021540       0x64 ./src/sub-systemCode/Global/logger.o
                0x20021540                WriteErrorLog
 .text.WritePayloadLog
                0x200215a4       0x50 ./src/sub-systemCode/Global/logger.o
                0x200215a4                WritePayloadLog
 .text.WriteEpsLog
                0x200215f4       0x4c ./src/sub-systemCode/Global/logger.o
                0x200215f4                WriteEpsLog
 .text.WriteTransponderLog
                0x20021640       0x50 ./src/sub-systemCode/Global/logger.o
                0x20021640                WriteTransponderLog
 .text.reset_APRS_list
                0x20021690       0xa4 ./src/sub-systemCode/COMM/APRS.o
                0x20021690                reset_APRS_list
 .text.send_APRS_Dump
                0x20021734      0x1c0 ./src/sub-systemCode/COMM/APRS.o
                0x20021734                send_APRS_Dump
 .text.get_APRS_list
                0x200218f4       0x88 ./src/sub-systemCode/COMM/APRS.o
                0x200218f4                get_APRS_list
 .text.find_CMD_in_list
                0x2002197c       0x7c ./src/sub-systemCode/COMM/DelayedCommand_list.o
                0x2002197c                find_CMD_in_list
 .text.find_empty_in_list
                0x200219f8       0x74 ./src/sub-systemCode/COMM/DelayedCommand_list.o
                0x200219f8                find_empty_in_list
 .text.check_delayCommandTime
                0x20021a6c       0x8c ./src/sub-systemCode/COMM/DelayedCommand_list.o
                0x20021a6c                check_delayCommandTime
 .text.execute_delayedCommand
                0x20021af8       0x8c ./src/sub-systemCode/COMM/DelayedCommand_list.o
                0x20021af8                execute_delayedCommand
 .text.check_delaycommand
                0x20021b84      0x17c ./src/sub-systemCode/COMM/DelayedCommand_list.o
                0x20021b84                check_delaycommand
 .text.reset_delayCommand
                0x20021d00       0x8c ./src/sub-systemCode/COMM/DelayedCommand_list.o
                0x20021d00                reset_delayCommand
 .text.add_delayCommand
                0x20021d8c      0x1cc ./src/sub-systemCode/COMM/DelayedCommand_list.o
                0x20021d8c                add_delayCommand
 .text.get_delayCommand_list
                0x20021f58       0x80 ./src/sub-systemCode/COMM/DelayedCommand_list.o
                0x20021f58                get_delayCommand_list
 .text.EmptyOldestCommand
                0x20021fd8      0x108 ./src/sub-systemCode/COMM/DelayedCommand_list.o
                0x20021fd8                EmptyOldestCommand
 .text.decode_TCpacket
                0x200220e0      0x16c ./src/sub-systemCode/COMM/GSC.o
                0x200220e0                decode_TCpacket
 .text.encode_TCpacket
                0x2002224c      0x114 ./src/sub-systemCode/COMM/GSC.o
                0x2002224c                encode_TCpacket
 .text.encode_TMpacket
                0x20022360      0x104 ./src/sub-systemCode/COMM/GSC.o
                0x20022360                encode_TMpacket
 .text.build_raw_ACK
                0x20022464       0xbc ./src/sub-systemCode/COMM/GSC.o
                0x20022464                build_raw_ACK
 .text.build_data_field_ACK
                0x20022520       0x74 ./src/sub-systemCode/COMM/GSC.o
                0x20022520                build_data_field_ACK
 .text.update_FRAM_bitRate
                0x20022594       0xd0 ./src/sub-systemCode/COMM/TRXVU.o
                0x20022594                update_FRAM_bitRate
 .text.toggle_idle_state
                0x20022664       0x94 ./src/sub-systemCode/COMM/TRXVU.o
                0x20022664                toggle_idle_state
 .text.TRXVU_init_hardWare
                0x200226f8       0xac ./src/sub-systemCode/COMM/TRXVU.o
                0x200226f8                TRXVU_init_hardWare
 .text.TRXVU_init_softWare
                0x200227a4      0x100 ./src/sub-systemCode/COMM/TRXVU.o
                0x200227a4                TRXVU_init_softWare
 .text.init_trxvu
                0x200228a4       0x14 ./src/sub-systemCode/COMM/TRXVU.o
                0x200228a4                init_trxvu
 .text.TRXVU_task
                0x200228b8       0x9c ./src/sub-systemCode/COMM/TRXVU.o
                0x200228b8                TRXVU_task
 .text.dump_logic
                0x20022954      0x390 ./src/sub-systemCode/COMM/TRXVU.o
                0x20022954                dump_logic
 .text.Dump_task
                0x20022ce4      0x17c ./src/sub-systemCode/COMM/TRXVU.o
                0x20022ce4                Dump_task
 .text.transponder_logic
                0x20022e60       0xf8 ./src/sub-systemCode/COMM/TRXVU.o
                0x20022e60                transponder_logic
 .text.Transponder_task
                0x20022f58      0x224 ./src/sub-systemCode/COMM/TRXVU.o
                0x20022f58                Transponder_task
 .text.lookForRequestToDelete_transponder
                0x2002317c       0xc0 ./src/sub-systemCode/COMM/TRXVU.o
                0x2002317c                lookForRequestToDelete_transponder
 .text.lookForRequestToDelete_dump
                0x2002323c       0x80 ./src/sub-systemCode/COMM/TRXVU.o
                0x2002323c                lookForRequestToDelete_dump
 .text.sendRequestToStop_dump
                0x200232bc       0x8c ./src/sub-systemCode/COMM/TRXVU.o
                0x200232bc                sendRequestToStop_dump
 .text.sendRequestToStop_transponder
                0x20023348       0x8c ./src/sub-systemCode/COMM/TRXVU.o
                0x20023348                sendRequestToStop_transponder
 .text.Rx_logic
                0x200233d4      0x190 ./src/sub-systemCode/COMM/TRXVU.o
                0x200233d4                Rx_logic
 .text.pass_above_Ground
                0x20023564      0x104 ./src/sub-systemCode/COMM/TRXVU.o
                0x20023564                pass_above_Ground
 .text.check_TRXVUState
                0x20023668       0xf0 ./src/sub-systemCode/COMM/TRXVU.o
                0x20023668                check_TRXVUState
 .text.trxvu_logic
                0x20023758       0x20 ./src/sub-systemCode/COMM/TRXVU.o
                0x20023758                trxvu_logic
 .text.Beacon_task
                0x20023778      0x17c ./src/sub-systemCode/COMM/TRXVU.o
                0x20023778                Beacon_task
 .text.buildAndSend_beacon
                0x200238f4      0x5a0 ./src/sub-systemCode/COMM/TRXVU.o
                0x200238f4                buildAndSend_beacon
 .text.reset_FRAM_TRXVU
                0x20023e94      0x160 ./src/sub-systemCode/COMM/TRXVU.o
                0x20023e94                reset_FRAM_TRXVU
 .text.TRX_sendFrame
                0x20023ff4      0x1ac ./src/sub-systemCode/COMM/TRXVU.o
                0x20023ff4                TRX_sendFrame
 .text.TRX_getFrameData
                0x200241a0      0x10c ./src/sub-systemCode/COMM/TRXVU.o
                0x200241a0                TRX_getFrameData
 .text.mute_Tx  0x200242ac       0x20 ./src/sub-systemCode/COMM/TRXVU.o
                0x200242ac                mute_Tx
 .text.unmute_Tx
                0x200242cc       0x58 ./src/sub-systemCode/COMM/TRXVU.o
                0x200242cc                unmute_Tx
 .text.check_time_off_mute
                0x20024324       0x88 ./src/sub-systemCode/COMM/TRXVU.o
                0x20024324                check_time_off_mute
 .text.set_mute_time
                0x200243ac       0xb4 ./src/sub-systemCode/COMM/TRXVU.o
                0x200243ac                set_mute_time
 .text.change_TRXVU_state
                0x20024460       0xe0 ./src/sub-systemCode/COMM/TRXVU.o
                0x20024460                change_TRXVU_state
 .text.change_trans_RSSI
                0x20024540       0x60 ./src/sub-systemCode/COMM/TRXVU.o
                0x20024540                change_trans_RSSI
 .text.AdcsReadI2cAck
                0x200245a0       0xfc ./src/sub-systemCode/ADCS/AdcsCommands.o
                0x200245a0                AdcsReadI2cAck
 .text.AdcsGenericI2cCmd
                0x2002469c      0x198 ./src/sub-systemCode/ADCS/AdcsCommands.o
                0x2002469c                AdcsGenericI2cCmd
 .text.SendAdcsTlm
                0x20024834      0x14c ./src/sub-systemCode/ADCS/AdcsCommands.o
                0x20024834                SendAdcsTlm
 .text.AdcsExecuteCommand
                0x20024980     0x1e2c ./src/sub-systemCode/ADCS/AdcsCommands.o
                0x20024980                AdcsExecuteCommand
 .text.cspaceADCS_getEstimatedAngles
                0x200267ac       0x98 ./src/sub-systemCode/ADCS/AdcsGetDataAndTlm.o
                0x200267ac                cspaceADCS_getEstimatedAngles
 .text.cspaceADCS_getEstimatedAnglesRates
                0x20026844       0x98 ./src/sub-systemCode/ADCS/AdcsGetDataAndTlm.o
                0x20026844                cspaceADCS_getEstimatedAnglesRates
 .text.cspaceADCS_getSatellitePosition
                0x200268dc       0x98 ./src/sub-systemCode/ADCS/AdcsGetDataAndTlm.o
                0x200268dc                cspaceADCS_getSatellitePosition
 .text.InitTlmElements
                0x20026974      0x238 ./src/sub-systemCode/ADCS/AdcsGetDataAndTlm.o
                0x20026974                InitTlmElements
 .text.CreateTlmElementFiles
                0x20026bac      0x178 ./src/sub-systemCode/ADCS/AdcsGetDataAndTlm.o
                0x20026bac                CreateTlmElementFiles
 .text.SaveElementTlmAtIndex
                0x20026d24      0x4ec ./src/sub-systemCode/ADCS/AdcsGetDataAndTlm.o
                0x20026d24                SaveElementTlmAtIndex
 .text.AdcsGetMeasAngSpeed
                0x20027210       0x54 ./src/sub-systemCode/ADCS/AdcsGetDataAndTlm.o
                0x20027210                AdcsGetMeasAngSpeed
 .text.UpdateTlmElementAtIndex
                0x20027264      0x150 ./src/sub-systemCode/ADCS/AdcsGetDataAndTlm.o
                0x20027264                UpdateTlmElementAtIndex
 .text.UpdateTlmToSaveVector
                0x200273b4       0xc8 ./src/sub-systemCode/ADCS/AdcsGetDataAndTlm.o
                0x200273b4                UpdateTlmToSaveVector
 .text.UpdateTlmPeriodVector
                0x2002747c      0x120 ./src/sub-systemCode/ADCS/AdcsGetDataAndTlm.o
                0x2002747c                UpdateTlmPeriodVector
 .text.AdcsGetTlmOverrideFlag
                0x2002759c       0x5c ./src/sub-systemCode/ADCS/AdcsGetDataAndTlm.o
                0x2002759c                AdcsGetTlmOverrideFlag
 .text.AdcsSetTlmOverrideFlag
                0x200275f8       0x9c ./src/sub-systemCode/ADCS/AdcsGetDataAndTlm.o
                0x200275f8                AdcsSetTlmOverrideFlag
 .text.RestoreDefaultTlmElement
                0x20027694      0x1ec ./src/sub-systemCode/ADCS/AdcsGetDataAndTlm.o
                0x20027694                RestoreDefaultTlmElement
 .text.GetTlmElementAtIndex
                0x20027880       0x80 ./src/sub-systemCode/ADCS/AdcsGetDataAndTlm.o
                0x20027880                GetTlmElementAtIndex
 .text.GatherTlmAndData
                0x20027900       0xec ./src/sub-systemCode/ADCS/AdcsGetDataAndTlm.o
                0x20027900                GatherTlmAndData
 .text.AdcsGetCssVector
                0x200279ec       0xc0 ./src/sub-systemCode/ADCS/AdcsGetDataAndTlm.o
                0x200279ec                AdcsGetCssVector
 .text.UpdateAdcsFramParameters
                0x20027aac      0x124 ./src/sub-systemCode/ADCS/AdcsMain.o
                0x20027aac                UpdateAdcsFramParameters
 .text.AdcsInit
                0x20027bd0      0x168 ./src/sub-systemCode/ADCS/AdcsMain.o
                0x20027bd0                AdcsInit
 .text.AdcsTask
                0x20027d38      0x110 ./src/sub-systemCode/ADCS/AdcsMain.o
                0x20027d38                AdcsTask
 .text.AdcsTroubleShooting
                0x20027e48       0x88 ./src/sub-systemCode/ADCS/AdcsTroubleShooting.o
                0x20027e48                AdcsTroubleShooting
 .text.UpdateAdcsStateMachine
                0x20027ed0       0x1c ./src/sub-systemCode/ADCS/StateMachine.o
                0x20027ed0                UpdateAdcsStateMachine
 .text.save_time
                0x20027eec       0x9c ./src/main.o
                0x20027eec                save_time
 .text.Command_logic
                0x20027f88       0x6c ./src/main.o
                0x20027f88                Command_logic
 .text.taskMain
                0x20027ff4       0x6c ./src/main.o
                0x20027ff4                taskMain
 .text.main     0x20028060       0xc4 ./src/main.o
                0x20028060                main
 .text.GomEpsInitialize
                0x20028124      0x148 C:/ISIS/workspace/HOOPOE3/satellite-subsystems/demo/..//satellite-subsystems/lib\libSatelliteSubsystemsD.a(GomEPS.o)
                0x20028124                GomEpsInitialize
 .text.makeEPStransfer
                0x2002826c       0x3c C:/ISIS/workspace/HOOPOE3/satellite-subsystems/demo/..//satellite-subsystems/lib\libSatelliteSubsystemsD.a(GomEPS.o)
 .text.GomEpsPing
                0x200282a8       0xf8 C:/ISIS/workspace/HOOPOE3/satellite-subsystems/demo/..//satellite-subsystems/lib\libSatelliteSubsystemsD.a(GomEPS.o)
                0x200282a8                GomEpsPing
 .text.GomEpsSoftReset
                0x200283a0       0xc4 C:/ISIS/workspace/HOOPOE3/satellite-subsystems/demo/..//satellite-subsystems/lib\libSatelliteSubsystemsD.a(GomEPS.o)
                0x200283a0                GomEpsSoftReset
 .text.GomEpsHardReset
                0x20028464       0xa8 C:/ISIS/workspace/HOOPOE3/satellite-subsystems/demo/..//satellite-subsystems/lib\libSatelliteSubsystemsD.a(GomEPS.o)
                0x20028464                GomEpsHardReset
 .text.GomEpsGetHkData_param
                0x2002850c      0x29c C:/ISIS/workspace/HOOPOE3/satellite-subsystems/demo/..//satellite-subsystems/lib\libSatelliteSubsystemsD.a(GomEPS.o)
                0x2002850c                GomEpsGetHkData_param
 .text.GomEpsGetHkData_general
                0x200287a8      0x45c C:/ISIS/workspace/HOOPOE3/satellite-subsystems/demo/..//satellite-subsystems/lib\libSatelliteSubsystemsD.a(GomEPS.o)
                0x200287a8                GomEpsGetHkData_general
 .text.GomEpsGetHkData_vi
                0x20028c04      0x188 C:/ISIS/workspace/HOOPOE3/satellite-subsystems/demo/..//satellite-subsystems/lib\libSatelliteSubsystemsD.a(GomEPS.o)
                0x20028c04                GomEpsGetHkData_vi
 .text.GomEpsGetHkData_out
                0x20028d8c      0x21c C:/ISIS/workspace/HOOPOE3/satellite-subsystems/demo/..//satellite-subsystems/lib\libSatelliteSubsystemsD.a(GomEPS.o)
                0x20028d8c                GomEpsGetHkData_out
 .text.GomEpsGetHkData_wdt
                0x20028fa8      0x2b4 C:/ISIS/workspace/HOOPOE3/satellite-subsystems/demo/..//satellite-subsystems/lib\libSatelliteSubsystemsD.a(GomEPS.o)
                0x20028fa8                GomEpsGetHkData_wdt
 .text.GomEpsGetHkData_basic
                0x2002925c      0x22c C:/ISIS/workspace/HOOPOE3/satellite-subsystems/demo/..//satellite-subsystems/lib\libSatelliteSubsystemsD.a(GomEPS.o)
                0x2002925c                GomEpsGetHkData_basic
 .text.GomEpsSetOutput
                0x20029488       0xbc C:/ISIS/workspace/HOOPOE3/satellite-subsystems/demo/..//satellite-subsystems/lib\libSatelliteSubsystemsD.a(GomEPS.o)
                0x20029488                GomEpsSetOutput
 .text.GomEpsResetWDT
                0x20029544       0xc4 C:/ISIS/workspace/HOOPOE3/satellite-subsystems/demo/..//satellite-subsystems/lib\libSatelliteSubsystemsD.a(GomEPS.o)
                0x20029544                GomEpsResetWDT
 .text.GomEpsConfigGet
                0x20029608      0x16c C:/ISIS/workspace/HOOPOE3/satellite-subsystems/demo/..//satellite-subsystems/lib\libSatelliteSubsystemsD.a(GomEPS.o)
                0x20029608                GomEpsConfigGet
 .text.GomEpsConfigSet
                0x20029774      0x184 C:/ISIS/workspace/HOOPOE3/satellite-subsystems/demo/..//satellite-subsystems/lib\libSatelliteSubsystemsD.a(GomEPS.o)
                0x20029774                GomEpsConfigSet
 .text.GomEpsConfig2Get
                0x200298f8      0x16c C:/ISIS/workspace/HOOPOE3/satellite-subsystems/demo/..//satellite-subsystems/lib\libSatelliteSubsystemsD.a(GomEPS.o)
                0x200298f8                GomEpsConfig2Get
 .text.makeAntStransfer
                0x20029a64       0x4c C:/ISIS/workspace/HOOPOE3/satellite-subsystems/demo/..//satellite-subsystems/lib\libSatelliteSubsystemsD.a(IsisAntS.o)
 .text.checkInputsValid
                0x20029ab0       0x7c C:/ISIS/workspace/HOOPOE3/satellite-subsystems/demo/..//satellite-subsystems/lib\libSatelliteSubsystemsD.a(IsisAntS.o)
 .text.IsisAntS_initialize
                0x20029b2c      0x26c C:/ISIS/workspace/HOOPOE3/satellite-subsystems/demo/..//satellite-subsystems/lib\libSatelliteSubsystemsD.a(IsisAntS.o)
                0x20029b2c                IsisAntS_initialize
 .text.IsisAntS_setArmStatus
                0x20029d98      0x104 C:/ISIS/workspace/HOOPOE3/satellite-subsystems/demo/..//satellite-subsystems/lib\libSatelliteSubsystemsD.a(IsisAntS.o)
                0x20029d98                IsisAntS_setArmStatus
 .text.IsisAntS_getStatusData
                0x20029e9c      0x120 C:/ISIS/workspace/HOOPOE3/satellite-subsystems/demo/..//satellite-subsystems/lib\libSatelliteSubsystemsD.a(IsisAntS.o)
                0x20029e9c                IsisAntS_getStatusData
 .text.IsisAntS_getTemperature
                0x20029fbc      0x120 C:/ISIS/workspace/HOOPOE3/satellite-subsystems/demo/..//satellite-subsystems/lib\libSatelliteSubsystemsD.a(IsisAntS.o)
                0x20029fbc                IsisAntS_getTemperature
 .text.IsisAntS_getAlltelemetry
                0x2002a0dc      0x120 C:/ISIS/workspace/HOOPOE3/satellite-subsystems/demo/..//satellite-subsystems/lib\libSatelliteSubsystemsD.a(IsisAntS.o)
                0x2002a0dc                IsisAntS_getAlltelemetry
 .text.IsisAntS_reset
                0x2002a1fc      0x104 C:/ISIS/workspace/HOOPOE3/satellite-subsystems/demo/..//satellite-subsystems/lib\libSatelliteSubsystemsD.a(IsisAntS.o)
                0x2002a1fc                IsisAntS_reset
 .text.IsisSolarPanelv2_initialize
                0x2002a300       0xb4 C:/ISIS/workspace/HOOPOE3/satellite-subsystems/demo/..//satellite-subsystems/lib\libSatelliteSubsystemsD.a(IsisSolarPanelv2.o)
                0x2002a300                IsisSolarPanelv2_initialize
 .text.IsisSolarPanelv2_getTemperature
                0x2002a3b4       0xc8 C:/ISIS/workspace/HOOPOE3/satellite-subsystems/demo/..//satellite-subsystems/lib\libSatelliteSubsystemsD.a(IsisSolarPanelv2.o)
                0x2002a3b4                IsisSolarPanelv2_getTemperature
 .text.IsisSolarPanelv2_sleep
                0x2002a47c       0xbc C:/ISIS/workspace/HOOPOE3/satellite-subsystems/demo/..//satellite-subsystems/lib\libSatelliteSubsystemsD.a(IsisSolarPanelv2.o)