Archive member included because of file (symbol)

c:/isis/application/toolchain/bin/../lib/gcc/arm-none-eabi/4.7.4/../../../../arm-none-eabi/lib\libc_s.a(lib_a-vfprintf_float.o)
                              (_printf_float)
c:/isis/application/toolchain/bin/../lib/gcc/arm-none-eabi/4.7.4/../../../../arm-none-eabi/lib\libc_s.a(lib_a-vfprintf_i.o)
                              c:/isis/application/toolchain/bin/../lib/gcc/arm-none-eabi/4.7.4/../../../../arm-none-eabi/lib\libc_s.a(lib_a-vfprintf_float.o) (_printf_common)
c:/isis/application/toolchain/bin/../lib/gcc/arm-none-eabi/4.7.4/../../../../arm-none-eabi/lib\libc_s.a(lib_a-vfscanf_float.o)
                              (_scanf_float)
c:/isis/application/toolchain/bin/../lib/gcc/arm-none-eabi/4.7.4/../../../../arm-none-eabi/lib\libc_s.a(lib_a-dtoa.o)
                              c:/isis/application/toolchain/bin/../lib/gcc/arm-none-eabi/4.7.4/../../../../arm-none-eabi/lib\libc_s.a(lib_a-vfprintf_float.o) (_dtoa_r)
c:/isis/application/toolchain/bin/../lib/gcc/arm-none-eabi/4.7.4/../../../../arm-none-eabi/lib\libc_s.a(lib_a-locale.o)
                              c:/isis/application/toolchain/bin/../lib/gcc/arm-none-eabi/4.7.4/../../../../arm-none-eabi/lib\libc_s.a(lib_a-vfprintf_float.o) (_localeconv_r)
c:/isis/application/toolchain/bin/../lib/gcc/arm-none-eabi/4.7.4/../../../../arm-none-eabi/lib\libc_s.a(lib_a-malloc.o)
                              c:/isis/application/toolchain/bin/../lib/gcc/arm-none-eabi/4.7.4/../../../../arm-none-eabi/lib\libc_s.a(lib_a-dtoa.o) (malloc)
c:/isis/application/toolchain/bin/../lib/gcc/arm-none-eabi/4.7.4/../../../../arm-none-eabi/lib\libc_s.a(lib_a-mallocr.o)
                              c:/isis/application/toolchain/bin/../lib/gcc/arm-none-eabi/4.7.4/../../../../arm-none-eabi/lib\libc_s.a(lib_a-malloc.o) (_malloc_r)
c:/isis/application/toolchain/bin/../lib/gcc/arm-none-eabi/4.7.4/../../../../arm-none-eabi/lib\libc_s.a(lib_a-memcpy.o)
                              c:/isis/application/toolchain/bin/../lib/gcc/arm-none-eabi/4.7.4/../../../../arm-none-eabi/lib\libc_s.a(lib_a-dtoa.o) (memcpy)
c:/isis/application/toolchain/bin/../lib/gcc/arm-none-eabi/4.7.4/../../../../arm-none-eabi/lib\libc_s.a(lib_a-mprec.o)
                              c:/isis/application/toolchain/bin/../lib/gcc/arm-none-eabi/4.7.4/../../../../arm-none-eabi/lib\libc_s.a(lib_a-dtoa.o) (_Balloc)
c:/isis/application/toolchain/bin/../lib/gcc/arm-none-eabi/4.7.4/../../../../arm-none-eabi/lib\libc_s.a(lib_a-s_fpclassify.o)
                              c:/isis/application/toolchain/bin/../lib/gcc/arm-none-eabi/4.7.4/../../../../arm-none-eabi/lib\libc_s.a(lib_a-vfprintf_float.o) (__fpclassifyd)
c:/isis/application/toolchain/bin/../lib/gcc/arm-none-eabi/4.7.4/../../../../arm-none-eabi/lib\libc_s.a(lib_a-sbrkr.o)
                              c:/isis/application/toolchain/bin/../lib/gcc/arm-none-eabi/4.7.4/../../../../arm-none-eabi/lib\libc_s.a(lib_a-mallocr.o) (_sbrk_r)
c:/isis/application/toolchain/bin/../lib/gcc/arm-none-eabi/4.7.4/../../../../arm-none-eabi/lib\libc_s.a(lib_a-sf_nan.o)
                              c:/isis/application/toolchain/bin/../lib/gcc/arm-none-eabi/4.7.4/../../../../arm-none-eabi/lib\libc_s.a(lib_a-vfscanf_float.o) (nanf)
c:/isis/application/toolchain/bin/../lib/gcc/arm-none-eabi/4.7.4/../../../../arm-none-eabi/lib\libc_s.a(lib_a-sprintf.o)
                              c:/isis/application/toolchain/bin/../lib/gcc/arm-none-eabi/4.7.4/../../../../arm-none-eabi/lib\libc_s.a(lib_a-vfscanf_float.o) (sprintf)
c:/isis/application/toolchain/bin/../lib/gcc/arm-none-eabi/4.7.4/../../../../arm-none-eabi/lib\libc_s.a(lib_a-strcmp.o)
                              c:/isis/application/toolchain/bin/../lib/gcc/arm-none-eabi/4.7.4/../../../../arm-none-eabi/lib\libc_s.a(lib_a-locale.o) (strcmp)
c:/isis/application/toolchain/bin/../lib/gcc/arm-none-eabi/4.7.4/../../../../arm-none-eabi/lib\libc_s.a(lib_a-strlen.o)
                              c:/isis/application/toolchain/bin/../lib/gcc/arm-none-eabi/4.7.4/../../../../arm-none-eabi/lib\libc_s.a(lib_a-vfprintf_float.o) (strlen)
c:/isis/application/toolchain/bin/../lib/gcc/arm-none-eabi/4.7.4/../../../../arm-none-eabi/lib\libc_s.a(lib_a-strtod.o)
                              c:/isis/application/toolchain/bin/../lib/gcc/arm-none-eabi/4.7.4/../../../../arm-none-eabi/lib\libc_s.a(lib_a-vfscanf_float.o) (_strtod_r)
c:/isis/application/toolchain/bin/../lib/gcc/arm-none-eabi/4.7.4/../../../../arm-none-eabi/lib\libc_s.a(lib_a-strtol.o)
                              c:/isis/application/toolchain/bin/../lib/gcc/arm-none-eabi/4.7.4/../../../../arm-none-eabi/lib\libc_s.a(lib_a-vfscanf_float.o) (_strtol_r)
c:/isis/application/toolchain/bin/../lib/gcc/arm-none-eabi/4.7.4/../../../../arm-none-eabi/lib\libc_s.a(lib_a-svfprintf.o)
                              c:/isis/application/toolchain/bin/../lib/gcc/arm-none-eabi/4.7.4/../../../../arm-none-eabi/lib\libc_s.a(lib_a-sprintf.o) (_svfprintf_r)
[...]
Memory Configuration

Name             Origin             Length             Attributes
sram0            0x00200000         0x00004000         w !xr
sram1            0x00300000         0x00004000         w !xr
sdram            0x20000000         0x02000000         w !xr
*default*        0x00000000         0xffffffff

Linker script and memory map

LOAD c:/isis/application/toolchain/bin/../lib/gcc/arm-none-eabi/4.7.4/../../../../arm-none-eabi/lib\libc_s.a
LOAD ./src/sub-systemCode/payload/Request Management/Dump/Butchering.o
LOAD ./src/sub-systemCode/payload/Request Management/Dump/imageDump.o
LOAD ./src/sub-systemCode/payload/Request Management/CameraManeger.o
LOAD ./src/sub-systemCode/payload/Request Management/DB_RequestHandling.o
LOAD ./src/sub-systemCode/payload/Misc/Boolean_bit.o
LOAD ./src/sub-systemCode/payload/Misc/FileSystem.o
LOAD ./src/sub-systemCode/payload/Drivers/GeckoCameraDriver.o
LOAD ./src/sub-systemCode/payload/DataBase/DataBase.o
LOAD ./src/sub-systemCode/payload/Compression/jpeg/bmp/rawToBMP.o
LOAD ./src/sub-systemCode/payload/Compression/jpeg/DCT.o
LOAD ./src/sub-systemCode/payload/Compression/jpeg/ImgCompressor.o
LOAD ./src/sub-systemCode/payload/Compression/jpeg/color_conv.o
LOAD ./src/sub-systemCode/payload/Compression/jpeg/jpeg.o
LOAD ./src/sub-systemCode/payload/Compression/jpeg/jpeg_encoder.o
LOAD ./src/sub-systemCode/payload/Compression/jpeg/jpeg_memory_alloc.o
LOAD ./src/sub-systemCode/payload/Compression/jpeg/jpeg_params.o
LOAD ./src/sub-systemCode/payload/Compression/jpeg/output_stream.o
LOAD ./src/sub-systemCode/payload/Compression/ImageConversion.o
LOAD ./src/sub-systemCode/Main/CMD/ADCS_CMD.o
LOAD ./src/sub-systemCode/Main/CMD/COMM_CMD.o
LOAD ./src/sub-systemCode/Main/CMD/EPS_CMD.o
LOAD ./src/sub-systemCode/Main/CMD/General_CMD.o
LOAD ./src/sub-systemCode/Main/CMD/SW_CMD.o
LOAD ./src/sub-systemCode/Main/CMD/payload_CMD.o
LOAD ./src/sub-systemCode/Main/Ants.o
LOAD ./src/sub-systemCode/Main/EPS.o
LOAD ./src/sub-systemCode/Main/HouseKeeping.o
LOAD ./src/sub-systemCode/Main/Main_Init.o
LOAD ./src/sub-systemCode/Main/commands.o
LOAD ./src/sub-systemCode/Global/Global.o
LOAD ./src/sub-systemCode/Global/GlobalParam.o
LOAD ./src/sub-systemCode/Global/OnlineTM.o
LOAD ./src/sub-systemCode/Global/TLM_management.o
LOAD ./src/sub-systemCode/Global/freertosExtended.o
LOAD ./src/sub-systemCode/Global/logger.o
LOAD ./src/sub-systemCode/COMM/APRS.o
LOAD ./src/sub-systemCode/COMM/DelayedCommand_list.o
LOAD ./src/sub-systemCode/COMM/GSC.o
LOAD ./src/sub-systemCode/COMM/TRXVU.o
LOAD ./src/sub-systemCode/ADCS/AdcsCommands.o
LOAD ./src/sub-systemCode/ADCS/AdcsGetDataAndTlm.o
LOAD ./src/sub-systemCode/ADCS/AdcsMain.o
LOAD ./src/sub-systemCode/ADCS/AdcsTest.o
LOAD ./src/sub-systemCode/ADCS/AdcsTroubleShooting.o
LOAD ./src/sub-systemCode/ADCS/StateMachine.o
LOAD ./src/main.o
LOAD C:/HOOPOE3/satellite-subsystems/demo/..//satellite-subsystems/lib\libSatelliteSubsystemsD.a
LOAD c:/isis/application/toolchain/bin/../lib/gcc/arm-none-eabi/4.7.4/../../../../arm-none-eabi/lib\libm.a
LOAD C:/HOOPOE3/satellite-subsystems/demo/../..//hal/hcc/lib\libHCCD.a
LOAD C:/HOOPOE3/satellite-subsystems/demo/../..//hal/hal/lib\libHALD.a
LOAD C:/HOOPOE3/satellite-subsystems/demo/../..//hal/freertos/lib\libFreeRTOSD.a
LOAD C:/HOOPOE3/satellite-subsystems/demo/../..//hal/at91/lib\libAt91D.a
START GROUP
LOAD c:/isis/application/toolchain/bin/../lib/gcc/arm-none-eabi/4.7.4\libgcc.a
LOAD c:/isis/application/toolchain/bin/../lib/gcc/arm-none-eabi/4.7.4/../../../../arm-none-eabi/lib\libc_s.a
END GROUP

.fixed          0x20000000    0x58928
                0x20000000                . = ALIGN (0x4)
                0x20000000                _sfixed = .
 *(.startup)
 .startup       0x20000000      0x134 C:/HOOPOE3/satellite-subsystems/demo/../..//hal/at91/lib\libAt91D.a(board_cstartup.o)
                0x20000000                entry
 *(.text)
 .text          0x20000134       0x64 C:/HOOPOE3/satellite-subsystems/demo/../..//hal/at91/lib\libAt91D.a(cp15_asm.o)
                0x20000134                _readControlRegister
                0x20000140                _writeControlRegister
                0x20000148                _waitForInterrupt
                0x20000154                _writeTTB
                0x2000015c                _writeDomain
                0x20000164                _writeITLBLockdown
                0x2000016c                _prefetchICacheLine
                0x20000174                _flushDCache
                0x20000180                _flushWriteBuffer
                0x2000018c                _invalidateIDTLBs
 .text          0x20000198      0x114 c:/isis/application/toolchain/bin/../lib/gcc/arm-none-eabi/4.7.4\libgcc.a(_udivsi3.o)
                0x20000198                __aeabi_uidiv
                0x20000198                __udivsi3
                0x2000028c                __aeabi_uidivmod
 .text          0x200002ac      0x148 c:/isis/application/toolchain/bin/../lib/gcc/arm-none-eabi/4.7.4\libgcc.a(_divsi3.o)
                0x200002ac                __divsi3
                0x200002ac                __aeabi_idiv
                0x200003d4                __aeabi_idivmod
 .text          0x200003f4        0x4 c:/isis/application/toolchain/bin/../lib/gcc/arm-none-eabi/4.7.4\libgcc.a(_dvmd_tls.o)
                0x200003f4                __aeabi_idiv0
                0x200003f4                __aeabi_ldiv0
 .text          0x200003f8      0x41c c:/isis/application/toolchain/bin/../lib/gcc/arm-none-eabi/4.7.4\libgcc.a(_arm_addsubdf3.o)
                0x200003f8                __aeabi_drsub
                0x20000400                __aeabi_dsub
                0x20000400                __subdf3
                0x20000404                __aeabi_dadd
                0x20000404                __adddf3
                0x20000714                __floatunsidf
                0x20000714                __aeabi_ui2d
                0x20000738                __floatsidf
                0x20000738                __aeabi_i2d
                0x20000760                __aeabi_f2d
                0x20000760                __extendsfdf2
                0x200007a0                __floatundidf
                0x200007a0                __aeabi_ul2d
                0x200007b4                __floatdidf
                0x200007b4                __aeabi_l2d
 .text          0x20000814      0x49c c:/isis/application/toolchain/bin/../lib/gcc/arm-none-eabi/4.7.4\libgcc.a(_arm_muldivdf3.o)
                0x20000814                __aeabi_dmul
                0x20000814                __muldf3
                0x20000aa4                __divdf3
                0x20000aa4                __aeabi_ddiv
 .text          0x20000cb0      0x144 c:/isis/application/toolchain/bin/../lib/gcc/arm-none-eabi/4.7.4\libgcc.a(_arm_cmpdf2.o)
                0x20000cb0                __gtdf2
                0x20000cb0                __gedf2
                0x20000cb8                __ltdf2
                0x20000cb8                __ledf2
                0x20000cc0                __nedf2
                0x20000cc0                __eqdf2
                0x20000cc0                __cmpdf2
                0x20000d48                __aeabi_cdrcmple
                0x20000d64                __aeabi_cdcmpeq
                0x20000d64                __aeabi_cdcmple
                0x20000d7c                __aeabi_dcmpeq
                0x20000d94                __aeabi_dcmplt
                0x20000dac                __aeabi_dcmple
                0x20000dc4                __aeabi_dcmpge
                0x20000ddc                __aeabi_dcmpgt
 .text          0x20000df4       0x5c c:/isis/application/toolchain/bin/../lib/gcc/arm-none-eabi/4.7.4\libgcc.a(_arm_fixdfsi.o)
                0x20000df4                __aeabi_d2iz
                0x20000df4                __fixdfsi
 .text          0x20000e50       0x54 c:/isis/application/toolchain/bin/../lib/gcc/arm-none-eabi/4.7.4\libgcc.a(_arm_fixunsdfsi.o)
                0x20000e50                __aeabi_d2uiz
                0x20000e50                __fixunsdfsi
 .text          0x20000ea4       0xa0 c:/isis/application/toolchain/bin/../lib/gcc/arm-none-eabi/4.7.4\libgcc.a(_arm_truncdfsf2.o)
                0x20000ea4                __truncdfsf2
                0x20000ea4                __aeabi_d2f
 .text          0x20000f44      0x2ac c:/isis/application/toolchain/bin/../lib/gcc/arm-none-eabi/4.7.4\libgcc.a(_arm_addsubsf3.o)
                0x20000f44                __aeabi_frsub
                0x20000f4c                __subsf3
                0x20000f4c                __aeabi_fsub
                0x20000f50                __aeabi_fadd
                0x20000f50                __addsf3
                0x2000110c                __aeabi_ui2f
                0x2000110c                __floatunsisf
                0x20001114                __aeabi_i2f
                0x20001114                __floatsisf
                0x20001134                __aeabi_ul2f
                0x20001134                __floatundisf
                0x20001144                __aeabi_l2f
                0x20001144                __floatdisf
 .text          0x200011f0      0x2f8 c:/isis/application/toolchain/bin/../lib/gcc/arm-none-eabi/4.7.4\libgcc.a(_arm_muldivsf3.o)
                0x200011f0                __mulsf3
                0x200011f0                __aeabi_fmul
                0x20001388                __aeabi_fdiv
                0x20001388                __divsf3
 .text          0x200014e8      0x114 c:/isis/application/toolchain/bin/../lib/gcc/arm-none-eabi/4.7.4\libgcc.a(_arm_cmpsf2.o)
                0x200014e8                __gesf2
                0x200014e8                __gtsf2
                0x200014f0                __lesf2
                0x200014f0                __ltsf2
                0x200014f8                __nesf2
                0x200014f8                __eqsf2
                0x200014f8                __cmpsf2
                0x2000155c                __aeabi_cfrcmple
                0x2000156c                __aeabi_cfcmpeq
                0x2000156c                __aeabi_cfcmple
                0x20001584                __aeabi_fcmpeq
                0x2000159c                __aeabi_fcmplt
                0x200015b4                __aeabi_fcmple
                0x200015cc                __aeabi_fcmpge
                0x200015e4                __aeabi_fcmpgt
 .text          0x200015fc       0x5c c:/isis/application/toolchain/bin/../lib/gcc/arm-none-eabi/4.7.4\libgcc.a(_arm_fixsfsi.o)
                0x200015fc                __aeabi_f2iz
                0x200015fc                __fixsfsi
 .text          0x20001658       0x54 c:/isis/application/toolchain/bin/../lib/gcc/arm-none-eabi/4.7.4\libgcc.a(_arm_fixunssfsi.o)
                0x20001658                __fixunssfsi
                0x20001658                __aeabi_f2uiz
 *(.text*)
 .text.__cvt    0x200016ac      0x138 c:/isis/application/toolchain/bin/../lib/gcc/arm-none-eabi/4.7.4/../../../../arm-none-eabi/lib\libc_s.a(lib_a-vfprintf_float.o)
                0x200016ac                __cvt
 .text.__exponent
                0x200017e4       0xa8 c:/isis/application/toolchain/bin/../lib/gcc/arm-none-eabi/4.7.4/../../../../arm-none-eabi/lib\libc_s.a(lib_a-vfprintf_float.o)
                0x200017e4                __exponent
 .text._printf_float
                0x2000188c      0x7dc c:/isis/application/toolchain/bin/../lib/gcc/arm-none-eabi/4.7.4/../../../../arm-none-eabi/lib\libc_s.a(lib_a-vfprintf_float.o)
                0x2000188c                _printf_float
 .text._printf_common
                0x20002068      0x174 c:/isis/application/toolchain/bin/../lib/gcc/arm-none-eabi/4.7.4/../../../../arm-none-eabi/lib\libc_s.a(lib_a-vfprintf_i.o)
                0x20002068                _printf_common
 .text._printf_i
                0x200021dc      0x3c4 c:/isis/application/toolchain/bin/../lib/gcc/arm-none-eabi/4.7.4/../../../../arm-none-eabi/lib\libc_s.a(lib_a-vfprintf_i.o)
                0x200021dc                _printf_i
 .text._scanf_float
                0x200025a0      0x5f4 c:/isis/application/toolchain/bin/../lib/gcc/arm-none-eabi/4.7.4/../../../../arm-none-eabi/lib\libc_s.a(lib_a-vfscanf_float.o)
                0x200025a0                _scanf_float
 .text.quorem   0x20002b94      0x1ac c:/isis/application/toolchain/bin/../lib/gcc/arm-none-eabi/4.7.4/../../../../arm-none-eabi/lib\libc_s.a(lib_a-dtoa.o)
 .text._dtoa_r  0x20002d40     0x1268 c:/isis/application/toolchain/bin/../lib/gcc/arm-none-eabi/4.7.4/../../../../arm-none-eabi/lib\libc_s.a(lib_a-dtoa.o)
                0x20002d40                _dtoa_r
 .text._localeconv_r
                0x20003fa8        0xc c:/isis/application/toolchain/bin/../lib/gcc/arm-none-eabi/4.7.4/../../../../arm-none-eabi/lib\libc_s.a(lib_a-locale.o)
                0x20003fa8                _localeconv_r
 .text.malloc   0x20003fb4       0x20 c:/isis/application/toolchain/bin/../lib/gcc/arm-none-eabi/4.7.4/../../../../arm-none-eabi/lib\libc_s.a(lib_a-malloc.o)
                0x20003fb4                malloc
 .text.free     0x20003fd4       0x20 c:/isis/application/toolchain/bin/../lib/gcc/arm-none-eabi/4.7.4/../../../../arm-none-eabi/lib\libc_s.a(lib_a-malloc.o)
                0x20003fd4                free
 .text._malloc_r
                0x20003ff4       0xfc c:/isis/application/toolchain/bin/../lib/gcc/arm-none-eabi/4.7.4/../../../../arm-none-eabi/lib\libc_s.a(lib_a-mallocr.o)
                0x20003ff4                _malloc_r
 .text.memcpy   0x200040f0       0x20 c:/isis/application/toolchain/bin/../lib/gcc/arm-none-eabi/4.7.4/../../../../arm-none-eabi/lib\libc_s.a(lib_a-memcpy.o)
                0x200040f0                memcpy
 .text._Balloc  0x20004110       0xcc c:/isis/application/toolchain/bin/../lib/gcc/arm-none-eabi/4.7.4/../../../../arm-none-eabi/lib\libc_s.a(lib_a-mprec.o)
                0x20004110                _Balloc
 .text._Bfree   0x200041dc       0x5c c:/isis/application/toolchain/bin/../lib/gcc/arm-none-eabi/4.7.4/../../../../arm-none-eabi/lib\libc_s.a(lib_a-mprec.o)
                0x200041dc                _Bfree
 .text.__multadd
                0x20004238       0xbc c:/isis/application/toolchain/bin/../lib/gcc/arm-none-eabi/4.7.4/../../../../arm-none-eabi/lib\libc_s.a(lib_a-mprec.o)
                0x20004238                __multadd
 .text.__s2b    0x200042f4       0xd8 c:/isis/application/toolchain/bin/../lib/gcc/arm-none-eabi/4.7.4/../../../../arm-none-eabi/lib\libc_s.a(lib_a-mprec.o)
                0x200042f4                __s2b
 .text.__hi0bits
                0x200043cc       0x58 c:/isis/application/toolchain/bin/../lib/gcc/arm-none-eabi/4.7.4/../../../../arm-none-eabi/lib\libc_s.a(lib_a-mprec.o)
                0x200043cc                __hi0bits
 .text.__lo0bits
                0x20004424       0x94 c:/isis/application/toolchain/bin/../lib/gcc/arm-none-eabi/4.7.4/../../../../arm-none-eabi/lib\libc_s.a(lib_a-mprec.o)
                0x20004424                __lo0bits
 .text.__i2b    0x200044b8       0x24 c:/isis/application/toolchain/bin/../lib/gcc/arm-none-eabi/4.7.4/../../../../arm-none-eabi/lib\libc_s.a(lib_a-mprec.o)
                0x200044b8                __i2b
 .text.__multiply
                0x200044dc      0x1ac c:/isis/application/toolchain/bin/../lib/gcc/arm-none-eabi/4.7.4/../../../../arm-none-eabi/lib\libc_s.a(lib_a-mprec.o)
                0x200044dc                __multiply
 .text.__pow5mult
                0x20004688      0x10c c:/isis/application/toolchain/bin/../lib/gcc/arm-none-eabi/4.7.4/../../../../arm-none-eabi/lib\libc_s.a(lib_a-mprec.o)
                0x20004688                __pow5mult
 .text.__lshift
                0x20004794       0xf0 c:/isis/application/toolchain/bin/../lib/gcc/arm-none-eabi/4.7.4/../../../../arm-none-eabi/lib\libc_s.a(lib_a-mprec.o)
                0x20004794                __lshift
 .text.__mcmp   0x20004884       0x60 c:/isis/application/toolchain/bin/../lib/gcc/arm-none-eabi/4.7.4/../../../../arm-none-eabi/lib\libc_s.a(lib_a-mprec.o)
                0x20004884                __mcmp
 .text.__mdiff  0x200048e4      0x128 c:/isis/application/toolchain/bin/../lib/gcc/arm-none-eabi/4.7.4/../../../../arm-none-eabi/lib\libc_s.a(lib_a-mprec.o)
                0x200048e4                __mdiff
 .text.__ulp    0x20004a0c       0x5c c:/isis/application/toolchain/bin/../lib/gcc/arm-none-eabi/4.7.4/../../../../arm-none-eabi/lib\libc_s.a(lib_a-mprec.o)
                0x20004a0c                __ulp
 .text.__b2d    0x20004a68       0xc8 c:/isis/application/toolchain/bin/../lib/gcc/arm-none-eabi/4.7.4/../../../../arm-none-eabi/lib\libc_s.a(lib_a-mprec.o)
                0x20004a68                __b2d
 .text.__d2b    0x20004b30       0xfc c:/isis/application/toolchain/bin/../lib/gcc/arm-none-eabi/4.7.4/../../../../arm-none-eabi/lib\libc_s.a(lib_a-mprec.o)
                0x20004b30                __d2b
 .text.__ratio  0x20004c2c       0x70 c:/isis/application/toolchain/bin/../lib/gcc/arm-none-eabi/4.7.4/../../../../arm-none-eabi/lib\libc_s.a(lib_a-mprec.o)
                0x20004c2c                __ratio
 .text.__copybits
                0x20004c9c       0x4c c:/isis/application/toolchain/bin/../lib/gcc/arm-none-eabi/4.7.4/../../../../arm-none-eabi/lib\libc_s.a(lib_a-mprec.o)
                0x20004c9c                __copybits
 .text.__any_on
                0x20004ce8       0x7c c:/isis/application/toolchain/bin/../lib/gcc/arm-none-eabi/4.7.4/../../../../arm-none-eabi/lib\libc_s.a(lib_a-mprec.o)
                0x20004ce8                __any_on
 .text.__fpclassifyd
                0x20004d64       0x6c c:/isis/application/toolchain/bin/../lib/gcc/arm-none-eabi/4.7.4/../../../../arm-none-eabi/lib\libc_s.a(lib_a-s_fpclassify.o)
                0x20004d64                __fpclassifyd
 .text._sbrk_r  0x20004dd0       0x3c c:/isis/application/toolchain/bin/../lib/gcc/arm-none-eabi/4.7.4/../../../../arm-none-eabi/lib\libc_s.a(lib_a-sbrkr.o)
                0x20004dd0                _sbrk_r
 .text.nanf     0x20004e0c        0xc c:/isis/application/toolchain/bin/../lib/gcc/arm-none-eabi/4.7.4/../../../../arm-none-eabi/lib\libc_s.a(lib_a-sf_nan.o)
                0x20004e0c                nanf
 .text.sprintf  0x20004e18       0x6c c:/isis/application/toolchain/bin/../lib/gcc/arm-none-eabi/4.7.4/../../../../arm-none-eabi/lib\libc_s.a(lib_a-sprintf.o)
                0x20004e18                siprintf
                0x20004e18                sprintf
 .text.strcmp   0x20004e84       0x1c c:/isis/application/toolchain/bin/../lib/gcc/arm-none-eabi/4.7.4/../../../../arm-none-eabi/lib\libc_s.a(lib_a-strcmp.o)
                0x20004e84                strcmp
 .text.strlen   0x20004ea0       0x1c c:/isis/application/toolchain/bin/../lib/gcc/arm-none-eabi/4.7.4/../../../../arm-none-eabi/lib\libc_s.a(lib_a-strlen.o)
                0x20004ea0                strlen
 .text.match    0x20004ebc       0x54 c:/isis/application/toolchain/bin/../lib/gcc/arm-none-eabi/4.7.4/../../../../arm-none-eabi/lib\libc_s.a(lib_a-strtod.o)
 .text._strtod_r
                0x20004f10     0x1168 c:/isis/application/toolchain/bin/../lib/gcc/arm-none-eabi/4.7.4/../../../../arm-none-eabi/lib\libc_s.a(lib_a-strtod.o)
                0x20004f10                _strtod_r
 .text._strtol_r
                0x20006078      0x1b8 c:/isis/application/toolchain/bin/../lib/gcc/arm-none-eabi/4.7.4/../../../../arm-none-eabi/lib\libc_s.a(lib_a-strtol.o)
                0x20006078                _strtol_r
 .text.__ssputc_r
                0x20006230      0x10c c:/isis/application/toolchain/bin/../lib/gcc/arm-none-eabi/4.7.4/../../../../arm-none-eabi/lib\libc_s.a(lib_a-svfprintf.o)
                0x20006230                __ssputc_r
 .text._svfprintf_r
                0x2000633c      0x328 c:/isis/application/toolchain/bin/../lib/gcc/arm-none-eabi/4.7.4/../../../../arm-none-eabi/lib\libc_s.a(lib_a-svfprintf.o)
                0x2000633c                _svfiprintf_r
                0x2000633c                _svfprintf_r
 .text._calloc_r
                0x20006664       0x2c c:/isis/application/toolchain/bin/../lib/gcc/arm-none-eabi/4.7.4/../../../../arm-none-eabi/lib\libc_s.a(lib_a-callocr.o)
                0x20006664                _calloc_r
 .text._free_r  0x20006690      0x108 c:/isis/application/toolchain/bin/../lib/gcc/arm-none-eabi/4.7.4/../../../../arm-none-eabi/lib\libc_s.a(lib_a-freer.o)
                0x20006690                _free_r
 .text.rshift   0x20006798       0xb0 c:/isis/application/toolchain/bin/../lib/gcc/arm-none-eabi/4.7.4/../../../../arm-none-eabi/lib\libc_s.a(lib_a-gdtoa-gethex.o)
 .text.htinit.constprop.0
                0x20006848       0x34 c:/isis/application/toolchain/bin/../lib/gcc/arm-none-eabi/4.7.4/../../../../arm-none-eabi/lib\libc_s.a(lib_a-gdtoa-gethex.o)
 .text.__hexdig_init
                0x2000687c       0x38 c:/isis/application/toolchain/bin/../lib/gcc/arm-none-eabi/4.7.4/../../../../arm-none-eabi/lib\libc_s.a(lib_a-gdtoa-gethex.o)
                0x2000687c                __hexdig_init
 .text.__gethex
                0x200068b4      0x6cc c:/isis/application/toolchain/bin/../lib/gcc/arm-none-eabi/4.7.4/../../../../arm-none-eabi/lib\libc_s.a(lib_a-gdtoa-gethex.o)
                0x200068b4                __gethex
 .text.L_shift  0x20006f80       0x38 c:/isis/application/toolchain/bin/../lib/gcc/arm-none-eabi/4.7.4/../../../../arm-none-eabi/lib\libc_s.a(lib_a-gdtoa-hexnan.o)
 .text.__hexnan
                0x20006fb8      0x1d8 c:/isis/application/toolchain/bin/../lib/gcc/arm-none-eabi/4.7.4/../../../../arm-none-eabi/lib\libc_s.a(lib_a-gdtoa-hexnan.o)
                0x20006fb8                __hexnan
 .text.memchr   0x20007190       0x34 c:/isis/application/toolchain/bin/../lib/gcc/arm-none-eabi/4.7.4/../../../../arm-none-eabi/lib\libc_s.a(lib_a-memchr.o)
                0x20007190                memchr
 .text.memset   0x200071c4       0x1c c:/isis/application/toolchain/bin/../lib/gcc/arm-none-eabi/4.7.4/../../../../arm-none-eabi/lib\libc_s.a(lib_a-memset.o)
                0x200071c4                memset
 .text._realloc_r
                0x200071e0       0x80 c:/isis/application/toolchain/bin/../lib/gcc/arm-none-eabi/4.7.4/../../../../arm-none-eabi/lib\libc_s.a(lib_a-reallocr.o)
                0x200071e0                _realloc_r
 .text.strncmp  0x20007260       0x64 c:/isis/application/toolchain/bin/../lib/gcc/arm-none-eabi/4.7.4/../../../../arm-none-eabi/lib\libc_s.a(lib_a-strncmp.o)
                0x20007260                strncmp
 .text._malloc_usable_size_r
                0x200072c4       0x1c c:/isis/application/toolchain/bin/../lib/gcc/arm-none-eabi/4.7.4/../../../../arm-none-eabi/lib\libc_s.a(lib_a-msizer.o)
                0x200072c4                _malloc_usable_size_r
 .text.GetChunkFromImage
                0x200072e0      0x2e0 ./src/sub-systemCode/payload/Request Management/Dump/Butchering.o
                0x200072e0                GetChunkFromImage
 .text.SimpleButcher
                0x200075c0       0xf4 ./src/sub-systemCode/payload/Request Management/Dump/Butchering.o
                0x200075c0                SimpleButcher
 .text.readChunkDimentionsFromFRAM
                0x200076b4       0x80 ./src/sub-systemCode/payload/Request Management/Dump/imageDump.o
                0x200076b4                readChunkDimentionsFromFRAM
 .text.setChunkDimensions_inFRAM
                0x20007734      0x10c ./src/sub-systemCode/payload/Request Management/Dump/imageDump.o
                0x20007734                setChunkDimensions_inFRAM
 .text.find_subType_ofImage
                0x20007840       0xe0 ./src/sub-systemCode/payload/Request Management/Dump/imageDump.o
                0x20007840                find_subType_ofImage
 .text.buildAndSend_chunck
                0x20007920      0x320 ./src/sub-systemCode/payload/Request Management/Dump/imageDump.o
                0x20007920                buildAndSend_chunck
 .text.bitField_imageDump
                0x20007c40      0x2b8 ./src/sub-systemCode/payload/Request Management/Dump/imageDump.o
                0x20007c40                bitField_imageDump
 .text.imageDataBase_Dump
                0x20007ef8      0x104 ./src/sub-systemCode/payload/Request Management/Dump/imageDump.o
                0x20007ef8                imageDataBase_Dump
 .text.chunkField_imageDump
                0x20007ffc      0x258 ./src/sub-systemCode/payload/Request Management/Dump/imageDump.o
                0x20007ffc                chunkField_imageDump
 .text.imageDump_task
                0x20008254      0x400 ./src/sub-systemCode/payload/Request Management/Dump/imageDump.o
                0x20008254                imageDump_task
 .text.CameraManagerTaskMain
                0x20008654      0x120 ./src/sub-systemCode/payload/Request Management/CameraManeger.o
                0x20008654                CameraManagerTaskMain
 .text.initCamera
                0x20008774       0xa4 ./src/sub-systemCode/payload/Request Management/CameraManeger.o
                0x20008774                initCamera
 .text.KickStartCamera
                0x20008818       0xb4 ./src/sub-systemCode/payload/Request Management/CameraManeger.o
                0x20008818                KickStartCamera
 .text.addRequestToQueue
                0x200088cc       0xa8 ./src/sub-systemCode/payload/Request Management/CameraManeger.o
                0x200088cc                addRequestToQueue
 .text.removeRequestFromQueue
                0x20008974       0x7c ./src/sub-systemCode/payload/Request Management/CameraManeger.o
                0x20008974                removeRequestFromQueue
 .text.Take_pictures_with_time_in_between
                0x200089f0       0xb8 ./src/sub-systemCode/payload/Request Management/CameraManeger.o
                0x200089f0                Take_pictures_with_time_in_between
 .text.Gecko_TroubleShooter
                0x20008aa8       0xdc ./src/sub-systemCode/payload/Request Management/CameraManeger.o
                0x20008aa8                Gecko_TroubleShooter
 .text.startDumpTask
                0x20008b84       0x70 ./src/sub-systemCode/payload/Request Management/CameraManeger.o
                0x20008b84                startDumpTask
 .text.act_upon_request
                0x20008bf4      0x3e8 ./src/sub-systemCode/payload/Request Management/CameraManeger.o
                0x20008bf4                act_upon_request
 .text.TakePicture
                0x20008fdc       0x4c ./src/sub-systemCode/payload/Request Management/DB_RequestHandling.o
                0x20008fdc                TakePicture
 .text.TakeSpecialPicture
                0x20009028      0x104 ./src/sub-systemCode/payload/Request Management/DB_RequestHandling.o
                0x20009028                TakeSpecialPicture
 .text.DeletePictureFile
                0x2000912c       0x88 ./src/sub-systemCode/payload/Request Management/DB_RequestHandling.o
                0x2000912c                DeletePictureFile
 .text.DeletePicture
                0x200091b4       0x6c ./src/sub-systemCode/payload/Request Management/DB_RequestHandling.o
                0x200091b4                DeletePicture
 .text.TransferPicture
                0x20009220       0x54 ./src/sub-systemCode/payload/Request Management/DB_RequestHandling.o
                0x20009220                TransferPicture
 .text.CreateThumbnail
                0x20009274       0x80 ./src/sub-systemCode/payload/Request Management/DB_RequestHandling.o
                0x20009274                CreateThumbnail
 .text.CreateJPG
                0x200092f4       0x7c ./src/sub-systemCode/payload/Request Management/DB_RequestHandling.o
                0x200092f4                CreateJPG
 .text.UpdatePhotographyValues
                0x20009370       0xb4 ./src/sub-systemCode/payload/Request Management/DB_RequestHandling.o
                0x20009370                UpdatePhotographyValues
 .text.setChunkDimensions
                0x20009424       0x64 ./src/sub-systemCode/payload/Request Management/DB_RequestHandling.o
                0x20009424                setChunkDimensions
 .text.convert2char
                0x20009488      0x14c ./src/sub-systemCode/payload/Misc/Boolean_bit.o
                0x20009488                convert2char
 .text.convert2byte
                0x200095d4      0x1c8 ./src/sub-systemCode/payload/Misc/Boolean_bit.o
                0x200095d4                convert2byte
 .text.bits2byte
                0x2000979c      0x17c ./src/sub-systemCode/payload/Misc/Boolean_bit.o
                0x2000979c                bits2byte
 .text.byte2bits
                0x20009918      0x17c ./src/sub-systemCode/payload/Misc/Boolean_bit.o
                0x20009918                byte2bits
 .text.char2bits
                0x20009a94       0x44 ./src/sub-systemCode/payload/Misc/Boolean_bit.o
                0x20009a94                char2bits
 .text.bits2char
                0x20009ad8       0x3c ./src/sub-systemCode/payload/Misc/Boolean_bit.o
                0x20009ad8                bits2char
 .text.ReadFromFile
                0x20009b14       0x6c ./src/sub-systemCode/payload/Misc/FileSystem.o
                0x20009b14                ReadFromFile
 .text.WriteToFile
                0x20009b80       0x74 ./src/sub-systemCode/payload/Misc/FileSystem.o
                0x20009b80                WriteToFile
 .text.Initialized_GPIO
                0x20009bf4       0x54 ./src/sub-systemCode/payload/Drivers/GeckoCameraDriver.o
                0x20009bf4                Initialized_GPIO
 .text.TurnOnGecko
                0x20009c48      0x140 ./src/sub-systemCode/payload/Drivers/GeckoCameraDriver.o
                0x20009c48                TurnOnGecko
 .text.TurnOffGecko
                0x20009d88       0xd8 ./src/sub-systemCode/payload/Drivers/GeckoCameraDriver.o
                0x20009d88                TurnOffGecko
 .text.initGecko
                0x20009e60       0x3c ./src/sub-systemCode/payload/Drivers/GeckoCameraDriver.o
                0x20009e60                initGecko
 .text.GECKO_TakeImage
                0x20009e9c      0x2f4 ./src/sub-systemCode/payload/Drivers/GeckoCameraDriver.o
                0x20009e9c                GECKO_TakeImage
 .text.GECKO_ReadImage
                0x2000a190      0x234 ./src/sub-systemCode/payload/Drivers/GeckoCameraDriver.o
                0x2000a190                GECKO_ReadImage
 .text.GECKO_EraseBlock
                0x2000a3c4       0xf0 ./src/sub-systemCode/payload/Drivers/GeckoCameraDriver.o
                0x2000a3c4                GECKO_EraseBlock
 .text.getFileName
                0x2000a4b4      0x1a0 ./src/sub-systemCode/payload/DataBase/DataBase.o
 .text.zeroImageDataBase
                0x2000a654       0xfc ./src/sub-systemCode/payload/DataBase/DataBase.o
                0x2000a654                zeroImageDataBase
 .text.updateGeneralDataBaseParameters
                0x2000a750       0x5c ./src/sub-systemCode/payload/DataBase/DataBase.o
                0x2000a750                updateGeneralDataBaseParameters
 .text.SearchDataBase_byID
                0x2000a7ac      0x220 ./src/sub-systemCode/payload/DataBase/DataBase.o
                0x2000a7ac                SearchDataBase_byID
 .text.SearchDataBase_byMark
                0x2000a9cc       0xa4 ./src/sub-systemCode/payload/DataBase/DataBase.o
                0x2000a9cc                SearchDataBase_byMark
 .text.checkForFileType
                0x2000aa70       0x68 ./src/sub-systemCode/payload/DataBase/DataBase.o
                0x2000aa70                checkForFileType
 .text.updateFileTypes
                0x2000aad8       0xbc ./src/sub-systemCode/payload/DataBase/DataBase.o
                0x2000aad8                updateFileTypes
 .text.GetImageFactor
                0x2000ab94       0x58 ./src/sub-systemCode/payload/DataBase/DataBase.o
                0x2000ab94                GetImageFactor
 .text.readImageFromBuffer
                0x2000abec      0x12c ./src/sub-systemCode/payload/DataBase/DataBase.o
                0x2000abec                readImageFromBuffer
 .text.saveImageToBuffer
                0x2000ad18      0x12c ./src/sub-systemCode/payload/DataBase/DataBase.o
                0x2000ad18                saveImageToBuffer
 .text.getLatestID
                0x2000ae44       0x48 ./src/sub-systemCode/payload/DataBase/DataBase.o
                0x2000ae44                getLatestID
 .text.getDataBaseStart
                0x2000ae8c       0x20 ./src/sub-systemCode/payload/DataBase/DataBase.o
                0x2000ae8c                getDataBaseStart
 .text.setDataBaseValues
                0x2000aeac      0x1d8 ./src/sub-systemCode/payload/DataBase/DataBase.o
                0x2000aeac                setDataBaseValues
 .text.initImageDataBase
                0x2000b084      0x1b0 ./src/sub-systemCode/payload/DataBase/DataBase.o
                0x2000b084                initImageDataBase
 .text.resetImageDataBase
                0x2000b234       0x98 ./src/sub-systemCode/payload/DataBase/DataBase.o
                0x2000b234                resetImageDataBase
 .text.setCameraPhotographyValues
                0x2000b2cc      0x10c ./src/sub-systemCode/payload/DataBase/DataBase.o
                0x2000b2cc                setCameraPhotographyValues
 .text.transferImageToSD_withoutSearch
                0x2000b3d8      0x15c ./src/sub-systemCode/payload/DataBase/DataBase.o
                0x2000b3d8                transferImageToSD_withoutSearch
 .text.transferImageToSD
                0x2000b534       0xb4 ./src/sub-systemCode/payload/DataBase/DataBase.o
                0x2000b534                transferImageToSD
 .text.DeleteImageFromOBC_withoutSearch
                0x2000b5e8       0xe0 ./src/sub-systemCode/payload/DataBase/DataBase.o
                0x2000b5e8                DeleteImageFromOBC_withoutSearch
 .text.DeleteImageFromOBC
                0x2000b6c8       0xb4 ./src/sub-systemCode/payload/DataBase/DataBase.o
                0x2000b6c8                DeleteImageFromOBC
 .text.DeleteImageFromPayload
                0x2000b77c      0x25c ./src/sub-systemCode/payload/DataBase/DataBase.o
                0x2000b77c                DeleteImageFromPayload
 .text.clearImageDataBase
                0x2000b9d8      0x114 ./src/sub-systemCode/payload/DataBase/DataBase.o
                0x2000b9d8                clearImageDataBase
 .text.handleMarkedPictures
                0x2000baec      0x1dc ./src/sub-systemCode/payload/DataBase/DataBase.o
                0x2000baec                handleMarkedPictures
 .text.writeNewImageMetaDataToFRAM
                0x2000bcc8      0x234 ./src/sub-systemCode/payload/DataBase/DataBase.o
                0x2000bcc8                writeNewImageMetaDataToFRAM
 .text.takePicture
                0x2000befc      0x378 ./src/sub-systemCode/payload/DataBase/DataBase.o
                0x2000befc                takePicture
 .text.takePicture_withSpecialParameters
                0x2000c274       0xbc ./src/sub-systemCode/payload/DataBase/DataBase.o
                0x2000c274                takePicture_withSpecialParameters
 .text.GetImageFileName
                0x2000c330       0xc0 ./src/sub-systemCode/payload/DataBase/DataBase.o
                0x2000c330                GetImageFileName
 .text.getDataBaseSize
                0x2000c3f0       0x20 ./src/sub-systemCode/payload/DataBase/DataBase.o
                0x2000c3f0                getDataBaseSize
 .text.getImageDataBaseBuffer
                0x2000c410      0x240 ./src/sub-systemCode/payload/DataBase/DataBase.o
                0x2000c410                getImageDataBaseBuffer
 .text.TransformRawToBMP
                0x2000c650      0x1e0 ./src/sub-systemCode/payload/Compression/jpeg/bmp/rawToBMP.o
                0x2000c650                TransformRawToBMP
 .text.interpolate
                0x2000c830      0x8d0 ./src/sub-systemCode/payload/Compression/jpeg/bmp/rawToBMP.o
                0x2000c830                interpolate
 .text.getInputAt
                0x2000d100      0x308 ./src/sub-systemCode/payload/Compression/jpeg/bmp/rawToBMP.o
                0x2000d100                getInputAt
 .text.f_writeF_FILEHeader
                0x2000d408      0x2f0 ./src/sub-systemCode/payload/Compression/jpeg/bmp/rawToBMP.o
                0x2000d408                f_writeF_FILEHeader
 .text.f_writeOutputRow
                0x2000d6f8       0xbc ./src/sub-systemCode/payload/Compression/jpeg/bmp/rawToBMP.o
                0x2000d6f8                f_writeOutputRow
 .text.dct      0x2000d7b4      0x9c4 ./src/sub-systemCode/payload/Compression/jpeg/DCT.o
                0x2000d7b4                dct
 .text.JPEG_compressor
                0x2000e178       0xfc ./src/sub-systemCode/payload/Compression/jpeg/ImgCompressor.o
                0x2000e178                JPEG_compressor
 .text.Create_BMP_File
                0x2000e274       0xf4 ./src/sub-systemCode/payload/Compression/jpeg/ImgCompressor.o
                0x2000e274                Create_BMP_File
 .text.CompressImage
                0x2000e368      0x1cc ./src/sub-systemCode/payload/Compression/jpeg/ImgCompressor.o
                0x2000e368                CompressImage
 .text.clamp    0x2000e534       0x60 ./src/sub-systemCode/payload/Compression/jpeg/color_conv.o
                0x2000e534                clamp
 .text.RGB_to_YCC
                0x2000e594      0x1a8 ./src/sub-systemCode/payload/Compression/jpeg/color_conv.o
                0x2000e594                RGB_to_YCC
 .text.RGB_to_Y
                0x2000e73c       0xc4 ./src/sub-systemCode/payload/Compression/jpeg/color_conv.o
                0x2000e73c                RGB_to_Y
 .text.Y_to_YCC
                0x2000e800       0x88 ./src/sub-systemCode/payload/Compression/jpeg/color_conv.o
                0x2000e800                Y_to_YCC
 .text.compress_image_to_jpeg_file
                0x2000e888      0x1ac ./src/sub-systemCode/payload/Compression/jpeg/jpeg.o
                0x2000e888                compress_image_to_jpeg_file
 .text.emit_marker
                0x2000ea34       0xc8 ./src/sub-systemCode/payload/Compression/jpeg/jpeg_encoder.o
                0x2000ea34                emit_marker
 .text.emit_byte
                0x2000eafc       0x6c ./src/sub-systemCode/payload/Compression/jpeg/jpeg_encoder.o
                0x2000eafc                emit_byte
 .text.emit_word
                0x2000eb68       0xd0 ./src/sub-systemCode/payload/Compression/jpeg/jpeg_encoder.o
                0x2000eb68                emit_word
 .text.emit_jfif_app0
                0x2000ec38       0xc0 ./src/sub-systemCode/payload/Compression/jpeg/jpeg_encoder.o
                0x2000ec38                emit_jfif_app0
 .text.emit_dqt
                0x2000ecf8       0xd8 ./src/sub-systemCode/payload/Compression/jpeg/jpeg_encoder.o
                0x2000ecf8                emit_dqt
 .text.emit_sof
                0x2000edd0      0x14c ./src/sub-systemCode/payload/Compression/jpeg/jpeg_encoder.o
                0x2000edd0                emit_sof
 .text.emit_dht
                0x2000ef1c      0x138 ./src/sub-systemCode/payload/Compression/jpeg/jpeg_encoder.o
                0x2000ef1c                emit_dht
 .text.emit_dhts
                0x2000f054       0xd8 ./src/sub-systemCode/payload/Compression/jpeg/jpeg_encoder.o
                0x2000f054                emit_dhts
 .text.emit_sos
                0x2000f12c       0xec ./src/sub-systemCode/payload/Compression/jpeg/jpeg_encoder.o
                0x2000f12c                emit_sos
 .text.emit_markers
                0x2000f218       0x4c ./src/sub-systemCode/payload/Compression/jpeg/jpeg_encoder.o
                0x2000f218                emit_markers
 .text.compute_huffman_table
                0x2000f264      0x334 ./src/sub-systemCode/payload/Compression/jpeg/jpeg_encoder.o
                0x2000f264                compute_huffman_table
 .text.compute_quant_table
                0x2000f598      0x11c ./src/sub-systemCode/payload/Compression/jpeg/jpeg_encoder.o
                0x2000f598                compute_quant_table
 .text.first_pass_init
                0x2000f6b4       0x54 ./src/sub-systemCode/payload/Compression/jpeg/jpeg_encoder.o
                0x2000f6b4                first_pass_init
 .text.second_pass_init
                0x2000f708      0x110 ./src/sub-systemCode/payload/Compression/jpeg/jpeg_encoder.o
                0x2000f708                second_pass_init
 .text.jpg_open
                0x2000f818      0x7b4 ./src/sub-systemCode/payload/Compression/jpeg/jpeg_encoder.o
                0x2000f818                jpg_open
 .text.load_block_8_8_grey
                0x2000ffcc      0x164 ./src/sub-systemCode/payload/Compression/jpeg/jpeg_encoder.o
                0x2000ffcc                load_block_8_8_grey
 .text.load_block_8_8
                0x20010130      0x198 ./src/sub-systemCode/payload/Compression/jpeg/jpeg_encoder.o
                0x20010130                load_block_8_8
 .text.load_block_16_8
                0x200102c8      0x3cc ./src/sub-systemCode/payload/Compression/jpeg/jpeg_encoder.o
                0x200102c8                load_block_16_8
 .text.load_block_16_8_8
                0x20010694      0x2a8 ./src/sub-systemCode/payload/Compression/jpeg/jpeg_encoder.o
                0x20010694                load_block_16_8_8
 .text.load_coefficients
                0x2001093c      0x1c8 ./src/sub-systemCode/payload/Compression/jpeg/jpeg_encoder.o
                0x2001093c                load_coefficients
 .text.flush_output_buffer
                0x20010b04       0xa0 ./src/sub-systemCode/payload/Compression/jpeg/jpeg_encoder.o
                0x20010b04                flush_output_buffer
 .text.put_bits
                0x20010ba4      0x170 ./src/sub-systemCode/payload/Compression/jpeg/jpeg_encoder.o
                0x20010ba4                put_bits
 .text.code_coefficients_pass_two
                0x20010d14      0x338 ./src/sub-systemCode/payload/Compression/jpeg/jpeg_encoder.o
                0x20010d14                code_coefficients_pass_two
 .text.code_block
                0x2001104c       0x44 ./src/sub-systemCode/payload/Compression/jpeg/jpeg_encoder.o
                0x2001104c                code_block
 .text.process_mcu_row
                0x20011090      0x328 ./src/sub-systemCode/payload/Compression/jpeg/jpeg_encoder.o
                0x20011090                process_mcu_row
 .text.terminate_pass_two
                0x200113b8       0x44 ./src/sub-systemCode/payload/Compression/jpeg/jpeg_encoder.o
                0x200113b8                terminate_pass_two
 .text.process_end_of_image
                0x200113fc       0xc0 ./src/sub-systemCode/payload/Compression/jpeg/jpeg_encoder.o
                0x200113fc                process_end_of_image
 .text.load_mcu
                0x200114bc      0x29c ./src/sub-systemCode/payload/Compression/jpeg/jpeg_encoder.o
                0x200114bc                load_mcu
 .text.clear    0x20011758      0x1e0 ./src/sub-systemCode/payload/Compression/jpeg/jpeg_encoder.o
                0x20011758                clear
 .text.init     0x20011938       0xe4 ./src/sub-systemCode/payload/Compression/jpeg/jpeg_encoder.o
                0x20011938                init
 .text.deinit   0x20011a1c      0x160 ./src/sub-systemCode/payload/Compression/jpeg/jpeg_encoder.o
                0x20011a1c                deinit
 .text.process_scanline
                0x20011b7c       0x6c ./src/sub-systemCode/payload/Compression/jpeg/jpeg_encoder.o
                0x20011b7c                process_scanline
 .text.jpge_malloc
                0x20011be8       0x28 ./src/sub-systemCode/payload/Compression/jpeg/jpeg_memory_alloc.o
                0x20011be8                jpge_malloc
 .text.jpge_cmalloc
                0x20011c10       0x48 ./src/sub-systemCode/payload/Compression/jpeg/jpeg_memory_alloc.o
                0x20011c10                jpge_cmalloc
 .text.jpge_free
                0x20011c58       0x24 ./src/sub-systemCode/payload/Compression/jpeg/jpeg_memory_alloc.o
                0x20011c58                jpge_free
 .text.check    0x20011c7c       0x78 ./src/sub-systemCode/payload/Compression/jpeg/jpeg_params.o
                0x20011c7c                check
 .text.open_jpeg_file
                0x20011cf4       0xfc ./src/sub-systemCode/payload/Compression/jpeg/output_stream.o
                0x20011cf4                open_jpeg_file
 .text.close_jpeg_file
                0x20011df0      0x118 ./src/sub-systemCode/payload/Compression/jpeg/output_stream.o
                0x20011df0                close_jpeg_file
 .text.put_buf  0x20011f08      0x258 ./src/sub-systemCode/payload/Compression/jpeg/output_stream.o
                0x20011f08                put_buf
 .text.GetBayerPixel
                0x20012160       0xe8 ./src/sub-systemCode/payload/Compression/ImageConversion.o
 .text.BinImage
                0x20012248      0x2c8 ./src/sub-systemCode/payload/Compression/ImageConversion.o
                0x20012248                BinImage
 .text.ImageSkipping
                0x20012510      0x2ac ./src/sub-systemCode/payload/Compression/ImageConversion.o
                0x20012510                ImageSkipping
 .text.CreateImageThumbnail_withoutSearch
                0x200127bc      0x14c ./src/sub-systemCode/payload/Compression/ImageConversion.o
                0x200127bc                CreateImageThumbnail_withoutSearch
 .text.CreateImageThumbnail
                0x20012908       0x94 ./src/sub-systemCode/payload/Compression/ImageConversion.o
                0x20012908                CreateImageThumbnail
 .text.compressImage
                0x2001299c      0x17c ./src/sub-systemCode/payload/Compression/ImageConversion.o
                0x2001299c                compressImage
 .text.AdcsCmdQueueInit
                0x20012b18       0x4c ./src/sub-systemCode/Main/CMD/ADCS_CMD.o
                0x20012b18                AdcsCmdQueueInit
 .text.AdcsCmdQueueGet
                0x20012b64       0x8c ./src/sub-systemCode/Main/CMD/ADCS_CMD.o
                0x20012b64                AdcsCmdQueueGet
 .text.AdcsCmdQueueAdd
                0x20012bf0       0x74 ./src/sub-systemCode/Main/CMD/ADCS_CMD.o
                0x20012bf0                AdcsCmdQueueAdd
 .text.AdcsCmdQueueIsEmpty
                0x20012c64       0x3c ./src/sub-systemCode/Main/CMD/ADCS_CMD.o
                0x20012c64                AdcsCmdQueueIsEmpty
 .text.getAdcsQueueWaitPointer
                0x20012ca0       0x20 ./src/sub-systemCode/Main/CMD/ADCS_CMD.o
                0x20012ca0                getAdcsQueueWaitPointer
 .text.cmd_mute
                0x20012cc0       0xc4 ./src/sub-systemCode/Main/CMD/COMM_CMD.o
                0x20012cc0                cmd_mute
 .text.cmd_unmute
                0x20012d84       0x4c ./src/sub-systemCode/Main/CMD/COMM_CMD.o
                0x20012d84                cmd_unmute
 .text.cmd_active_trans
                0x20012dd0       0xc0 ./src/sub-systemCode/Main/CMD/COMM_CMD.o
                0x20012dd0                cmd_active_trans
 .text.cmd_shut_trans
                0x20012e90       0x38 ./src/sub-systemCode/Main/CMD/COMM_CMD.o
                0x20012e90                cmd_shut_trans
 .text.cmd_change_trans_rssi
                0x20012ec8      0x100 ./src/sub-systemCode/Main/CMD/COMM_CMD.o
                0x20012ec8                cmd_change_trans_rssi
 .text.cmd_aprs_dump
                0x20012fc8       0x50 ./src/sub-systemCode/Main/CMD/COMM_CMD.o
                0x20012fc8                cmd_aprs_dump
 .text.cmd_stop_dump
                0x20013018       0x38 ./src/sub-systemCode/Main/CMD/COMM_CMD.o
                0x20013018                cmd_stop_dump
 .text.cmd_time_frequency
                0x20013050       0xc0 ./src/sub-systemCode/Main/CMD/COMM_CMD.o
                0x20013050                cmd_time_frequency
 .text.cmd_change_def_bit_rate
                0x20013110      0x158 ./src/sub-systemCode/Main/CMD/COMM_CMD.o
                0x20013110                cmd_change_def_bit_rate
 .text.cmd_upload_volt_logic
                0x20013268      0x334 ./src/sub-systemCode/Main/CMD/EPS_CMD.o
                0x20013268                cmd_upload_volt_logic
 .text.cmd_upload_volt_COMM
                0x2001359c      0x1c8 ./src/sub-systemCode/Main/CMD/EPS_CMD.o
                0x2001359c                cmd_upload_volt_COMM
 .text.cmd_heater_temp
                0x20013764       0xc0 ./src/sub-systemCode/Main/CMD/EPS_CMD.o
                0x20013764                cmd_heater_temp
 .text.cmd_SHUT_CAM
                0x20013824       0x6c ./src/sub-systemCode/Main/CMD/EPS_CMD.o
                0x20013824                cmd_SHUT_CAM
 .text.cmd_SHUT_ADCS
                0x20013890       0x6c ./src/sub-systemCode/Main/CMD/EPS_CMD.o
                0x20013890                cmd_SHUT_ADCS
 .text.cmd_allow_CAM
                0x200138fc       0x6c ./src/sub-systemCode/Main/CMD/EPS_CMD.o
                0x200138fc                cmd_allow_CAM
 .text.cmd_allow_ADCS
                0x20013968       0x6c ./src/sub-systemCode/Main/CMD/EPS_CMD.o
                0x20013968                cmd_allow_ADCS
 .text.cmd_update_alpha
                0x200139d4       0xfc ./src/sub-systemCode/Main/CMD/EPS_CMD.o
                0x200139d4                cmd_update_alpha
 .text.cmd_generic_I2C
                0x20013ad0       0xb4 ./src/sub-systemCode/Main/CMD/General_CMD.o
                0x20013ad0                cmd_generic_I2C
 .text.cmd_dump
                0x20013b84       0xf0 ./src/sub-systemCode/Main/CMD/General_CMD.o
                0x20013b84                cmd_dump
 .text.cmd_delete_TM
                0x20013c74      0x230 ./src/sub-systemCode/Main/CMD/General_CMD.o
                0x20013c74                cmd_delete_TM
 .text.cmd_reset_file
                0x20013ea4      0x118 ./src/sub-systemCode/Main/CMD/General_CMD.o
                0x20013ea4                cmd_reset_file
 .text.cmd_dummy_func
                0x20013fbc       0x40 ./src/sub-systemCode/Main/CMD/General_CMD.o
                0x20013fbc                cmd_dummy_func
 .text.cmd_reset_TLM_SD
                0x20013ffc       0x4c ./src/sub-systemCode/Main/CMD/General_CMD.o
                0x20013ffc                cmd_reset_TLM_SD
 .text.cmd_soft_reset_cmponent
                0x20014048       0xac ./src/sub-systemCode/Main/CMD/General_CMD.o
                0x20014048                cmd_soft_reset_cmponent
 .text.cmd_hard_reset_cmponent
                0x200140f4       0xac ./src/sub-systemCode/Main/CMD/General_CMD.o
                0x200140f4                cmd_hard_reset_cmponent
 .text.cmd_reset_satellite
                0x200141a0       0x78 ./src/sub-systemCode/Main/CMD/General_CMD.o
                0x200141a0                cmd_reset_satellite
 .text.cmd_gracefull_reset_satellite
                0x20014218       0x78 ./src/sub-systemCode/Main/CMD/General_CMD.o
                0x20014218                cmd_gracefull_reset_satellite
 .text.cmd_upload_time
                0x20014290       0xb0 ./src/sub-systemCode/Main/CMD/General_CMD.o
                0x20014290                cmd_upload_time
 .text.cmd_ARM_DIARM
                0x20014340       0xd4 ./src/sub-systemCode/Main/CMD/General_CMD.o
                0x20014340                cmd_ARM_DIARM
 .text.cmd_get_onlineTM
                0x20014414      0x148 ./src/sub-systemCode/Main/CMD/General_CMD.o
                0x20014414                cmd_get_onlineTM
 .text.cmd_reset_off_line
                0x2001455c       0x68 ./src/sub-systemCode/Main/CMD/General_CMD.o
                0x2001455c                cmd_reset_off_line
 .text.cmd_add_item_off_line
                0x200145c4       0xf4 ./src/sub-systemCode/Main/CMD/General_CMD.o
                0x200145c4                cmd_add_item_off_line
 .text.cmd_delete_item_off_line
                0x200146b8       0x98 ./src/sub-systemCode/Main/CMD/General_CMD.o
                0x200146b8                cmd_delete_item_off_line
 .text.cmd_get_off_line_setting
                0x20014750      0x108 ./src/sub-systemCode/Main/CMD/General_CMD.o
                0x20014750                cmd_get_off_line_setting
 .text.cmd_reset_delayed_command_list
                0x20014858       0x3c ./src/sub-systemCode/Main/CMD/SW_CMD.o
                0x20014858                cmd_reset_delayed_command_list
 .text.cmd_reset_APRS_list
                0x20014894       0x3c ./src/sub-systemCode/Main/CMD/SW_CMD.o
                0x20014894                cmd_reset_APRS_list
 .text.cmd_reset_FRAM
                0x200148d0       0xf4 ./src/sub-systemCode/Main/CMD/SW_CMD.o
                0x200148d0                cmd_reset_FRAM
 .text.ARM_ants
                0x200149c4       0xb8 ./src/sub-systemCode/Main/Ants.o
                0x200149c4                ARM_ants
 .text.DISARM_ants
                0x20014a7c       0xb8 ./src/sub-systemCode/Main/Ants.o
                0x20014a7c                DISARM_ants
 .text.reset_deployStatusFRAM
                0x20014b34       0xc0 ./src/sub-systemCode/Main/Ants.o
                0x20014b34                reset_deployStatusFRAM
 .text.reset_FRAM_ants
                0x20014bf4       0x94 ./src/sub-systemCode/Main/Ants.o
                0x20014bf4                reset_FRAM_ants
 .text.update_stopDeploy_FRAM
                0x20014c88       0x48 ./src/sub-systemCode/Main/Ants.o
                0x20014c88                update_stopDeploy_FRAM
 .text.round_vol
                0x20014cd0      0x124 ./src/sub-systemCode/Main/EPS.o
                0x20014cd0                round_vol
 .text.get_shut_ADCS
                0x20014df4       0x48 ./src/sub-systemCode/Main/EPS.o
                0x20014df4                get_shut_ADCS
 .text.shut_ADCS
                0x20014e3c       0x44 ./src/sub-systemCode/Main/EPS.o
                0x20014e3c                shut_ADCS
 .text.get_shut_CAM
                0x20014e80       0x48 ./src/sub-systemCode/Main/EPS.o
                0x20014e80                get_shut_CAM
 .text.shut_CAM
                0x20014ec8       0x44 ./src/sub-systemCode/Main/EPS.o
                0x20014ec8                shut_CAM
 .text.update_powerLines
                0x20014f0c       0xec ./src/sub-systemCode/Main/EPS.o
                0x20014f0c                update_powerLines
 .text.get_EPS_mode_t
                0x20014ff8       0x24 ./src/sub-systemCode/Main/EPS.o
                0x20014ff8                get_EPS_mode_t
 .text.init_enterMode
                0x2001501c       0x88 ./src/sub-systemCode/Main/EPS.o
                0x2001501c                init_enterMode
 .text.EPS_Init
                0x200150a4      0x1dc ./src/sub-systemCode/Main/EPS.o
                0x200150a4                EPS_Init
 .text.reset_FRAM_EPS
                0x20015280       0xe0 ./src/sub-systemCode/Main/EPS.o
                0x20015280                reset_FRAM_EPS
 .text.reset_EPS_voltages
                0x20015360       0xbc ./src/sub-systemCode/Main/EPS.o
                0x20015360                reset_EPS_voltages
 .text.battery_downward
                0x2001541c      0x114 ./src/sub-systemCode/Main/EPS.o
                0x2001541c                battery_downward
 .text.battery_upward
                0x20015530      0x120 ./src/sub-systemCode/Main/EPS.o
                0x20015530                battery_upward
 .text.EPS_Conditioning
                0x20015650      0x244 ./src/sub-systemCode/Main/EPS.o
                0x20015650                EPS_Conditioning
 .text.overRide_ADCS
                0x20015894       0x50 ./src/sub-systemCode/Main/EPS.o
                0x20015894                overRide_ADCS
 .text.overRide_Camera
                0x200158e4       0x38 ./src/sub-systemCode/Main/EPS.o
                0x200158e4                overRide_Camera
 .text.writeState_log
                0x2001591c       0x84 ./src/sub-systemCode/Main/EPS.o
                0x2001591c                writeState_log
 .text.EnterFullMode
                0x200159a0      0x10c ./src/sub-systemCode/Main/EPS.o
                0x200159a0                EnterFullMode
 .text.EnterCruiseMode
                0x20015aac       0xfc ./src/sub-systemCode/Main/EPS.o
                0x20015aac                EnterCruiseMode
 .text.EnterSafeMode
                0x20015ba8       0xfc ./src/sub-systemCode/Main/EPS.o
                0x20015ba8                EnterSafeMode
 .text.EnterCriticalMode
                0x20015ca4       0xe8 ./src/sub-systemCode/Main/EPS.o
                0x20015ca4                EnterCriticalMode
 .text.check_EPSTableCorrection
                0x20015d8c      0x120 ./src/sub-systemCode/Main/EPS.o
                0x20015d8c                check_EPSTableCorrection
 .text.save_ACK
                0x20015eac      0x11c ./src/sub-systemCode/Main/HouseKeeping.o
                0x20015eac                save_ACK
 .text.set_GP_EPS
                0x20015fc8      0x10c ./src/sub-systemCode/Main/HouseKeeping.o
                0x20015fc8                set_GP_EPS
 .text.set_GP_COMM
                0x200160d4       0x88 ./src/sub-systemCode/Main/HouseKeeping.o
                0x200160d4                set_GP_COMM
 .text.SP_HK_collect
                0x2001615c      0x198 ./src/sub-systemCode/Main/HouseKeeping.o
                0x2001615c                SP_HK_collect
 .text.EPS_HK_collect
                0x200162f4      0x50c ./src/sub-systemCode/Main/HouseKeeping.o
                0x200162f4                EPS_HK_collect
 .text.CAM_HK_collect
                0x20016800      0x91c ./src/sub-systemCode/Main/HouseKeeping.o
                0x20016800                CAM_HK_collect
 .text.COMM_HK_collect
                0x2001711c      0x20c ./src/sub-systemCode/Main/HouseKeeping.o
                0x2001711c                COMM_HK_collect
 .text.FS_HK_collect
                0x20017328      0x18c ./src/sub-systemCode/Main/HouseKeeping.o
                0x20017328                FS_HK_collect
 .text.HK_find_ADCSTM_fileName
                0x200174b4      0x284 ./src/sub-systemCode/Main/HouseKeeping.o
                0x200174b4                HK_find_ADCSTM_fileName
 .text.HK_find_fileName
                0x20017738      0x174 ./src/sub-systemCode/Main/HouseKeeping.o
                0x20017738                HK_find_fileName
 .text.HK_find_ADCSTM_ElementSize
                0x200178ac       0xc8 ./src/sub-systemCode/Main/HouseKeeping.o
                0x200178ac                HK_find_ADCSTM_ElementSize
 .text.HK_findElementSize
                0x20017974       0xd4 ./src/sub-systemCode/Main/HouseKeeping.o
                0x20017974                HK_findElementSize
 .text.build_HK_spl_packet
                0x20017a48      0x150 ./src/sub-systemCode/Main/HouseKeeping.o
                0x20017a48                build_HK_spl_packet
 .text.reset_FIRST_activation
                0x20017b98       0x34 ./src/sub-systemCode/Main/Main_Init.o
                0x20017b98                reset_FIRST_activation
 .text.test_menu
                0x20017bcc       0xb4 ./src/sub-systemCode/Main/Main_Init.o
                0x20017bcc                test_menu
 .text.numberOfRestarts
                0x20017c80       0x94 ./src/sub-systemCode/Main/Main_Init.o
                0x20017c80                numberOfRestarts
 .text.StartFRAM
                0x20017d14       0x38 ./src/sub-systemCode/Main/Main_Init.o
                0x20017d14                StartFRAM
 .text.StartI2C
                0x20017d4c       0x44 ./src/sub-systemCode/Main/Main_Init.o
                0x20017d4c                StartI2C
 .text.StartSPI
                0x20017d90       0x40 ./src/sub-systemCode/Main/Main_Init.o
                0x20017d90                StartSPI
 .text.StartTIME
                0x20017dd0      0x120 ./src/sub-systemCode/Main/Main_Init.o
                0x20017dd0                StartTIME
 .text.first_activation
                0x20017ef0       0x7c ./src/sub-systemCode/Main/Main_Init.o
                0x20017ef0                first_activation
 .text.InitSubsystems
                0x20017f6c       0x64 ./src/sub-systemCode/Main/Main_Init.o
                0x20017f6c                InitSubsystems
 .text.SubSystemTaskStart
                0x20017fd0       0xec ./src/sub-systemCode/Main/Main_Init.o
                0x20017fd0                SubSystemTaskStart
 .text.save_ACK_s
                0x200180bc       0x5c ./src/sub-systemCode/Main/commands.o
                0x200180bc                save_ACK_s
 .text.copy_command
                0x20018118       0x80 ./src/sub-systemCode/Main/commands.o
                0x20018118                copy_command
 .text.reset_command
                0x20018198       0x28 ./src/sub-systemCode/Main/commands.o
                0x20018198                reset_command
 .text.init_command
                0x200181c0       0xd4 ./src/sub-systemCode/Main/commands.o
                0x200181c0                init_command
 .text.add_command
                0x20018294      0x118 ./src/sub-systemCode/Main/commands.o
                0x20018294                add_command
 .text.get_command
                0x200183ac      0x1ac ./src/sub-systemCode/Main/commands.o
                0x200183ac                get_command
 .text.act_upon_command
                0x20018558      0x1e4 ./src/sub-systemCode/Main/commands.o
                0x20018558                act_upon_command
 .text.cmd_error
                0x2001873c       0x38 ./src/sub-systemCode/Main/commands.o
                0x2001873c                cmd_error
 .text.AUC_COMM
                0x20018774      0x25c ./src/sub-systemCode/Main/commands.o
                0x20018774                AUC_COMM
 .text.AUC_general
                0x200189d0      0x48c ./src/sub-systemCode/Main/commands.o
                0x200189d0                AUC_general
 .text.AUC_payload
                0x20018e5c      0x1e8 ./src/sub-systemCode/Main/commands.o
                0x20018e5c                AUC_payload
 .text.AUC_EPS  0x20019044      0x28c ./src/sub-systemCode/Main/commands.o
                0x20019044                AUC_EPS
 .text.AUC_SW   0x200192d0       0xe4 ./src/sub-systemCode/Main/commands.o
                0x200192d0                AUC_SW
 .text.AUC_onlineTM
                0x200193b4      0x1ac ./src/sub-systemCode/Main/commands.o
                0x200193b4                AUC_onlineTM
 .text.AUC_special_operation
                0x20019560       0x8c ./src/sub-systemCode/Main/commands.o
                0x20019560                AUC_special_operation
 .text.check_int
                0x200195ec       0x3c ./src/sub-systemCode/Global/Global.o
                0x200195ec                check_int
 .text.check_portBASE_TYPE
                0x20019628       0x3c ./src/sub-systemCode/Global/Global.o
                0x20019628                check_portBASE_TYPE
 .text.soft_reset_subsystem
                0x20019664       0xd8 ./src/sub-systemCode/Global/Global.o
                0x20019664                soft_reset_subsystem
 .text.hard_reset_subsystem
                0x2001973c      0x104 ./src/sub-systemCode/Global/Global.o
                0x2001973c                hard_reset_subsystem
 .text.BigEnE_raw_to_uInt
                0x20019840       0x94 ./src/sub-systemCode/Global/Global.o
                0x20019840                BigEnE_raw_to_uInt
 .text.BigEnE_raw_to_uShort
                0x200198d4       0x50 ./src/sub-systemCode/Global/Global.o
                0x200198d4                BigEnE_raw_to_uShort
 .text.BigEnE_uInt_to_raw
                0x20019924       0x78 ./src/sub-systemCode/Global/Global.o
                0x20019924                BigEnE_uInt_to_raw
 .text.reset_FRAM_MAIN
                0x2001999c      0x140 ./src/sub-systemCode/Global/Global.o
                0x2001999c                reset_FRAM_MAIN
 .text.getBitValueByIndex
                0x20019adc       0xd0 ./src/sub-systemCode/Global/Global.o
                0x20019adc                getBitValueByIndex
 .text.terminateTask
                0x20019bac       0x18 ./src/sub-systemCode/Global/Global.o
                0x20019bac                terminateTask
 .text.init_GP  0x20019bc4      0x2e0 ./src/sub-systemCode/Global/GlobalParam.o
                0x20019bc4                init_GP
 .text.get_system_state
                0x20019ea4      0x254 ./src/sub-systemCode/Global/GlobalParam.o
                0x20019ea4                get_system_state
 .text.set_system_state
                0x2001a0f8      0x284 ./src/sub-systemCode/Global/GlobalParam.o
                0x2001a0f8                set_system_state
 .text.get_systems_state_param
                0x2001a37c       0x78 ./src/sub-systemCode/Global/GlobalParam.o
                0x2001a37c                get_systems_state_param
 .text.get_current_global_param
                0x2001a3f4      0x548 ./src/sub-systemCode/Global/GlobalParam.o
                0x2001a3f4                get_current_global_param
 .text.set_Vbatt
                0x2001a93c       0x78 ./src/sub-systemCode/Global/GlobalParam.o
                0x2001a93c                set_Vbatt
 .text.get_Vbatt
                0x2001a9b4       0x78 ./src/sub-systemCode/Global/GlobalParam.o
                0x2001a9b4                get_Vbatt
 .text.set_curBat
                0x2001aa2c       0x78 ./src/sub-systemCode/Global/GlobalParam.o
                0x2001aa2c                set_curBat
 .text.set_cur3V3
                0x2001aaa4       0x78 ./src/sub-systemCode/Global/GlobalParam.o
                0x2001aaa4                set_cur3V3
 .text.set_cur5V
                0x2001ab1c       0x78 ./src/sub-systemCode/Global/GlobalParam.o
                0x2001ab1c                set_cur5V
 .text.set_tempComm_LO
                0x2001ab94       0x78 ./src/sub-systemCode/Global/GlobalParam.o
                0x2001ab94                set_tempComm_LO
 .text.set_tempComm_PA
                0x2001ac0c       0x78 ./src/sub-systemCode/Global/GlobalParam.o
                0x2001ac0c                set_tempComm_PA
 .text.set_tempEPS
                0x2001ac84       0xb4 ./src/sub-systemCode/Global/GlobalParam.o
                0x2001ac84                set_tempEPS
 .text.set_tempBatt
                0x2001ad38       0xb4 ./src/sub-systemCode/Global/GlobalParam.o
                0x2001ad38                set_tempBatt
 .text.set_RxDoppler
                0x2001adec       0x78 ./src/sub-systemCode/Global/GlobalParam.o
                0x2001adec                set_RxDoppler
 .text.set_RxRSSI
                0x2001ae64       0x78 ./src/sub-systemCode/Global/GlobalParam.o
                0x2001ae64                set_RxRSSI
 .text.set_TxRefl
                0x2001aedc       0x78 ./src/sub-systemCode/Global/GlobalParam.o
                0x2001aedc                set_TxRefl
 .text.set_TxForw
                0x2001af54       0x78 ./src/sub-systemCode/Global/GlobalParam.o
                0x2001af54                set_TxForw
 .text.get_Attitude
                0x2001afcc      0x10c ./src/sub-systemCode/Global/GlobalParam.o
                0x2001afcc                get_Attitude
 .text.set_numOfAPRS
                0x2001b0d8       0x78 ./src/sub-systemCode/Global/GlobalParam.o
                0x2001b0d8                set_numOfAPRS
 .text.set_numOfDelayedCommand
                0x2001b150       0x78 ./src/sub-systemCode/Global/GlobalParam.o
                0x2001b150                set_numOfDelayedCommand
 .text.set_numOfResets
                0x2001b1c8       0x98 ./src/sub-systemCode/Global/GlobalParam.o
                0x2001b1c8                set_numOfResets
 .text.set_ground_conn
                0x2001b260       0x8c ./src/sub-systemCode/Global/GlobalParam.o
                0x2001b260                set_ground_conn
 .text.get_ground_conn
                0x2001b2ec       0x8c ./src/sub-systemCode/Global/GlobalParam.o
                0x2001b2ec                get_ground_conn
 .text.IsisAntS_getStatusData_sideA
                0x2001b378       0x3c ./src/sub-systemCode/Global/OnlineTM.o
                0x2001b378                IsisAntS_getStatusData_sideA
 .text.IsisAntS_getAlltelemetry_sideA
                0x2001b3b4       0x3c ./src/sub-systemCode/Global/OnlineTM.o
                0x2001b3b4                IsisAntS_getAlltelemetry_sideA
 .text.IsisAntS_getTemperature_sideA
                0x2001b3f0       0x3c ./src/sub-systemCode/Global/OnlineTM.o
                0x2001b3f0                IsisAntS_getTemperature_sideA
 .text.IsisAntS_getStatusData_sideB
                0x2001b42c       0x3c ./src/sub-systemCode/Global/OnlineTM.o
                0x2001b42c                IsisAntS_getStatusData_sideB
 .text.IsisAntS_getAlltelemetry_sideB
                0x2001b468       0x3c ./src/sub-systemCode/Global/OnlineTM.o
                0x2001b468                IsisAntS_getAlltelemetry_sideB
 .text.IsisAntS_getTemperature_sideB
                0x2001b4a4       0x3c ./src/sub-systemCode/Global/OnlineTM.o
                0x2001b4a4                IsisAntS_getTemperature_sideB
 .text.HK_collect_EPS
                0x2001b4e0       0x30 ./src/sub-systemCode/Global/OnlineTM.o
                0x2001b4e0                HK_collect_EPS
 .text.HK_collect_COMM
                0x2001b510       0x30 ./src/sub-systemCode/Global/OnlineTM.o
                0x2001b510                HK_collect_COMM
 .text.HK_collect_CAM
                0x2001b540       0x30 ./src/sub-systemCode/Global/OnlineTM.o
                0x2001b540                HK_collect_CAM
 .text.HK_collect_SP
                0x2001b570       0x30 ./src/sub-systemCode/Global/OnlineTM.o
                0x2001b570                HK_collect_SP
 .text.HK_collect_FS_A
                0x2001b5a0       0x34 ./src/sub-systemCode/Global/OnlineTM.o
                0x2001b5a0                HK_collect_FS_A
 .text.HK_collect_FS_B
                0x2001b5d4       0x34 ./src/sub-systemCode/Global/OnlineTM.o
                0x2001b5d4                HK_collect_FS_B
 .text.save_offlineSetting_FRAM
                0x2001b608      0x26c ./src/sub-systemCode/Global/OnlineTM.o
                0x2001b608                save_offlineSetting_FRAM
 .text.get_offlineSetting_FRAM
                0x2001b874       0x58 ./src/sub-systemCode/Global/OnlineTM.o
                0x2001b874                get_offlineSetting_FRAM
 .text.update_offlineSetting_FRAM
                0x2001b8cc      0x360 ./src/sub-systemCode/Global/OnlineTM.o
                0x2001b8cc                update_offlineSetting_FRAM
 .text.get_offlineSettingPacket
                0x2001bc2c       0xc4 ./src/sub-systemCode/Global/OnlineTM.o
                0x2001bc2c                get_offlineSettingPacket
 .text.get_item_by_index
                0x2001bcf0       0xdc ./src/sub-systemCode/Global/OnlineTM.o
                0x2001bcf0                get_item_by_index
 .text.get_pointer_item_by_index
                0x2001bdcc       0x48 ./src/sub-systemCode/Global/OnlineTM.o
                0x2001bdcc                get_pointer_item_by_index
 .text.init_onlineParam
                0x2001be14     0x2f10 ./src/sub-systemCode/Global/OnlineTM.o
                0x2001be14                init_onlineParam
 .text.reset_offline_TM_list
                0x2001ed24      0x194 ./src/sub-systemCode/Global/OnlineTM.o
                0x2001ed24                reset_offline_TM_list
 .text.get_online_packet
                0x2001eeb8      0x294 ./src/sub-systemCode/Global/OnlineTM.o
                0x2001eeb8                get_online_packet
 .text.save_onlineTM_param
                0x2001f14c      0x1b4 ./src/sub-systemCode/Global/OnlineTM.o
                0x2001f14c                save_onlineTM_param
 .text.add_onlineTM_param_to_save_list
                0x2001f300      0x3d8 ./src/sub-systemCode/Global/OnlineTM.o
                0x2001f300                add_onlineTM_param_to_save_list
 .text.delete_onlineTM_param_from_offline
                0x2001f6d8      0x1a8 ./src/sub-systemCode/Global/OnlineTM.o
                0x2001f6d8                delete_onlineTM_param_from_offline
 .text.save_onlineTM_logic
                0x2001f880      0x2bc ./src/sub-systemCode/Global/OnlineTM.o
                0x2001f880                save_onlineTM_logic
 .text.save_onlineTM_task
                0x2001fb3c       0xd8 ./src/sub-systemCode/Global/OnlineTM.o
                0x2001fb3c                save_onlineTM_task
 .text.delete_allTMFilesFromSD
                0x2001fc14      0x14c ./src/sub-systemCode/Global/TLM_management.o
                0x2001fc14                delete_allTMFilesFromSD
 .text.getNumOfFilesInFS
                0x2001fd60       0x44 ./src/sub-systemCode/Global/TLM_management.o
 .text.setNumOfFilesInFS
                0x2001fda4       0x50 ./src/sub-systemCode/Global/TLM_management.o
 .text.f_managed_enterFS
                0x2001fdf4       0x9c ./src/sub-systemCode/Global/TLM_management.o
                0x2001fdf4                f_managed_enterFS
 .text.f_managed_releaseFS
                0x2001fe90       0x4c ./src/sub-systemCode/Global/TLM_management.o
                0x2001fe90                f_managed_releaseFS
 .text.f_managed_open
                0x2001fedc       0xf0 ./src/sub-systemCode/Global/TLM_management.o
                0x2001fedc                f_managed_open
 .text.f_managed_close
                0x2001ffcc       0x80 ./src/sub-systemCode/Global/TLM_management.o
                0x2001ffcc                f_managed_close
 .text.createSemahores_FS
                0x2002004c       0x7c ./src/sub-systemCode/Global/TLM_management.o
                0x2002004c                createSemahores_FS
 .text.InitializeFS
                0x200200c8      0x1a8 ./src/sub-systemCode/Global/TLM_management.o
                0x200200c8                InitializeFS
 .text.c_fileCreate
                0x20020270       0xf4 ./src/sub-systemCode/Global/TLM_management.o
                0x20020270                c_fileCreate
 .text.writewithEpochtime
                0x20020364       0x94 ./src/sub-systemCode/Global/TLM_management.o
 .text.get_C_FILE_struct
                0x200203f8      0x104 ./src/sub-systemCode/Global/TLM_management.o
 .text.getFileIndex
                0x200204fc       0x64 ./src/sub-systemCode/Global/TLM_management.o
 .text.get_file_name_by_index
                0x20020560       0x54 ./src/sub-systemCode/Global/TLM_management.o
                0x20020560                get_file_name_by_index
 .text.c_fileReset
                0x200205b4      0x140 ./src/sub-systemCode/Global/TLM_management.o
                0x200205b4                c_fileReset
 .text.c_fileWrite
                0x200206f4      0x168 ./src/sub-systemCode/Global/TLM_management.o
                0x200206f4                c_fileWrite
 .text.deleteElementsFromFile
                0x2002085c      0x188 ./src/sub-systemCode/Global/TLM_management.o
 .text.c_fileDeleteElements
                0x200209e4      0x168 ./src/sub-systemCode/Global/TLM_management.o
                0x200209e4                c_fileDeleteElements
 .text.c_fileRead
                0x20020b4c      0x2c8 ./src/sub-systemCode/Global/TLM_management.o
                0x20020b4c                c_fileRead
 .text.xSemaphoreGive_extended
                0x20020e14       0x48 ./src/sub-systemCode/Global/freertosExtended.o
                0x20020e14                xSemaphoreGive_extended
 .text.xSemaphoreTake_extended
                0x20020e5c       0x54 ./src/sub-systemCode/Global/freertosExtended.o
                0x20020e5c                xSemaphoreTake_extended
 .text.WriteLog
                0x20020eb0       0x94 ./src/sub-systemCode/Global/logger.o
 .text.WritePayloadLog
                0x20020f44       0x50 ./src/sub-systemCode/Global/logger.o
                0x20020f44                WritePayloadLog
 .text.WriteEpsLog
                0x20020f94       0x4c ./src/sub-systemCode/Global/logger.o
                0x20020f94                WriteEpsLog
 .text.WriteTransponderLog
                0x20020fe0       0x4c ./src/sub-systemCode/Global/logger.o
                0x20020fe0                WriteTransponderLog
 .text.reset_APRS_list
                0x2002102c       0xa4 ./src/sub-systemCode/COMM/APRS.o
                0x2002102c                reset_APRS_list
 .text.send_APRS_Dump
                0x200210d0      0x1c0 ./src/sub-systemCode/COMM/APRS.o
                0x200210d0                send_APRS_Dump
 .text.get_APRS_list
                0x20021290       0x88 ./src/sub-systemCode/COMM/APRS.o
                0x20021290                get_APRS_list
 .text.find_CMD_in_list
                0x20021318       0x7c ./src/sub-systemCode/COMM/DelayedCommand_list.o
                0x20021318                find_CMD_in_list
 .text.find_empty_in_list
                0x20021394       0x74 ./src/sub-systemCode/COMM/DelayedCommand_list.o
                0x20021394                find_empty_in_list
 .text.check_delayCommandTime
                0x20021408       0x8c ./src/sub-systemCode/COMM/DelayedCommand_list.o
                0x20021408                check_delayCommandTime
 .text.execute_delayedCommand
                0x20021494       0x8c ./src/sub-systemCode/COMM/DelayedCommand_list.o
                0x20021494                execute_delayedCommand
 .text.check_delaycommand
                0x20021520      0x17c ./src/sub-systemCode/COMM/DelayedCommand_list.o
                0x20021520                check_delaycommand
 .text.reset_delayCommand
                0x2002169c       0x8c ./src/sub-systemCode/COMM/DelayedCommand_list.o
                0x2002169c                reset_delayCommand
 .text.add_delayCommand
                0x20021728      0x1cc ./src/sub-systemCode/COMM/DelayedCommand_list.o
                0x20021728                add_delayCommand
 .text.get_delayCommand_list
                0x200218f4       0x80 ./src/sub-systemCode/COMM/DelayedCommand_list.o
                0x200218f4                get_delayCommand_list
 .text.EmptyOldestCommand
                0x20021974      0x108 ./src/sub-systemCode/COMM/DelayedCommand_list.o
                0x20021974                EmptyOldestCommand
 .text.decode_TCpacket
                0x20021a7c      0x16c ./src/sub-systemCode/COMM/GSC.o
                0x20021a7c                decode_TCpacket
 .text.encode_TCpacket
                0x20021be8      0x114 ./src/sub-systemCode/COMM/GSC.o
                0x20021be8                encode_TCpacket
 .text.encode_TMpacket
                0x20021cfc      0x104 ./src/sub-systemCode/COMM/GSC.o
                0x20021cfc                encode_TMpacket
 .text.build_raw_ACK
                0x20021e00       0xbc ./src/sub-systemCode/COMM/GSC.o
                0x20021e00                build_raw_ACK
 .text.build_data_field_ACK
                0x20021ebc       0x74 ./src/sub-systemCode/COMM/GSC.o
                0x20021ebc                build_data_field_ACK
 .text.update_FRAM_bitRate
                0x20021f30       0xd0 ./src/sub-systemCode/COMM/TRXVU.o
                0x20021f30                update_FRAM_bitRate
 .text.toggle_idle_state
                0x20022000       0x94 ./src/sub-systemCode/COMM/TRXVU.o
                0x20022000                toggle_idle_state
 .text.TRXVU_init_hardWare
                0x20022094       0xac ./src/sub-systemCode/COMM/TRXVU.o
                0x20022094                TRXVU_init_hardWare
 .text.TRXVU_init_softWare
                0x20022140      0x100 ./src/sub-systemCode/COMM/TRXVU.o
                0x20022140                TRXVU_init_softWare
 .text.init_trxvu
                0x20022240       0x14 ./src/sub-systemCode/COMM/TRXVU.o
                0x20022240                init_trxvu
 .text.TRXVU_task
                0x20022254       0x9c ./src/sub-systemCode/COMM/TRXVU.o
                0x20022254                TRXVU_task
 .text.dump_logic
                0x200222f0      0x364 ./src/sub-systemCode/COMM/TRXVU.o
                0x200222f0                dump_logic
 .text.Dump_task
                0x20022654      0x17c ./src/sub-systemCode/COMM/TRXVU.o
                0x20022654                Dump_task
 .text.transponder_logic
                0x200227d0       0xf8 ./src/sub-systemCode/COMM/TRXVU.o
                0x200227d0                transponder_logic
 .text.Transponder_task
                0x200228c8      0x224 ./src/sub-systemCode/COMM/TRXVU.o
                0x200228c8                Transponder_task
 .text.lookForRequestToDelete_transponder
                0x20022aec       0xc0 ./src/sub-systemCode/COMM/TRXVU.o
                0x20022aec                lookForRequestToDelete_transponder
 .text.lookForRequestToDelete_dump
                0x20022bac       0x78 ./src/sub-systemCode/COMM/TRXVU.o
                0x20022bac                lookForRequestToDelete_dump
 .text.sendRequestToStop_dump
                0x20022c24       0x8c ./src/sub-systemCode/COMM/TRXVU.o
                0x20022c24                sendRequestToStop_dump
 .text.sendRequestToStop_transponder
                0x20022cb0       0x8c ./src/sub-systemCode/COMM/TRXVU.o
                0x20022cb0                sendRequestToStop_transponder
 .text.Rx_logic
                0x20022d3c      0x190 ./src/sub-systemCode/COMM/TRXVU.o
                0x20022d3c                Rx_logic
 .text.pass_above_Ground
                0x20022ecc      0x104 ./src/sub-systemCode/COMM/TRXVU.o
                0x20022ecc                pass_above_Ground
 .text.check_TRXVUState
                0x20022fd0       0xf0 ./src/sub-systemCode/COMM/TRXVU.o
                0x20022fd0                check_TRXVUState
 .text.trxvu_logic
                0x200230c0       0x20 ./src/sub-systemCode/COMM/TRXVU.o
                0x200230c0                trxvu_logic
 .text.Beacon_task
                0x200230e0      0x17c ./src/sub-systemCode/COMM/TRXVU.o
                0x200230e0                Beacon_task
 .text.buildAndSend_beacon
                0x2002325c      0x5a0 ./src/sub-systemCode/COMM/TRXVU.o
                0x2002325c                buildAndSend_beacon
 .text.reset_FRAM_TRXVU
                0x200237fc      0x160 ./src/sub-systemCode/COMM/TRXVU.o
                0x200237fc                reset_FRAM_TRXVU
 .text.TRX_sendFrame
                0x2002395c      0x1ac ./src/sub-systemCode/COMM/TRXVU.o
                0x2002395c                TRX_sendFrame
 .text.TRX_getFrameData
                0x20023b08      0x10c ./src/sub-systemCode/COMM/TRXVU.o
                0x20023b08                TRX_getFrameData
 .text.mute_Tx  0x20023c14       0x20 ./src/sub-systemCode/COMM/TRXVU.o
                0x20023c14                mute_Tx
 .text.unmute_Tx
                0x20023c34       0x58 ./src/sub-systemCode/COMM/TRXVU.o
                0x20023c34                unmute_Tx
 .text.check_time_off_mute
                0x20023c8c       0x88 ./src/sub-systemCode/COMM/TRXVU.o
                0x20023c8c                check_time_off_mute
 .text.set_mute_time
                0x20023d14       0xb4 ./src/sub-systemCode/COMM/TRXVU.o
                0x20023d14                set_mute_time
 .text.change_TRXVU_state
                0x20023dc8       0xe0 ./src/sub-systemCode/COMM/TRXVU.o
                0x20023dc8                change_TRXVU_state
 .text.change_trans_RSSI
                0x20023ea8       0x60 ./src/sub-systemCode/COMM/TRXVU.o
                0x20023ea8                change_trans_RSSI
 .text.AdcsReadI2cAck
                0x20023f08       0xfc ./src/sub-systemCode/ADCS/AdcsCommands.o
                0x20023f08                AdcsReadI2cAck
 .text.AdcsGenericI2cCmd
                0x20024004      0x198 ./src/sub-systemCode/ADCS/AdcsCommands.o
                0x20024004                AdcsGenericI2cCmd
 .text.SendAdcsTlm
                0x2002419c      0x14c ./src/sub-systemCode/ADCS/AdcsCommands.o
                0x2002419c                SendAdcsTlm
 .text.AdcsExecuteCommand
                0x200242e8     0x1fbc ./src/sub-systemCode/ADCS/AdcsCommands.o
                0x200242e8                AdcsExecuteCommand
 .text.InitTlmElements
                0x200262a4      0x204 ./src/sub-systemCode/ADCS/AdcsGetDataAndTlm.o
                0x200262a4                InitTlmElements
 .text.CreateTlmElementFiles
                0x200264a8      0x178 ./src/sub-systemCode/ADCS/AdcsGetDataAndTlm.o
                0x200264a8                CreateTlmElementFiles
 .text.SaveElementTlmAtIndex
                0x20026620      0x4ec ./src/sub-systemCode/ADCS/AdcsGetDataAndTlm.o
                0x20026620                SaveElementTlmAtIndex
 .text.UpdateTlmElementAtIndex
                0x20026b0c      0x150 ./src/sub-systemCode/ADCS/AdcsGetDataAndTlm.o
                0x20026b0c                UpdateTlmElementAtIndex
 .text.AdcsGetTlmOverrideFlag
                0x20026c5c       0x5c ./src/sub-systemCode/ADCS/AdcsGetDataAndTlm.o
                0x20026c5c                AdcsGetTlmOverrideFlag
 .text.AdcsSetTlmOverrideFlag
                0x20026cb8       0x9c ./src/sub-systemCode/ADCS/AdcsGetDataAndTlm.o
                0x20026cb8                AdcsSetTlmOverrideFlag
 .text.RestoreDefaultTlmElement
                0x20026d54      0x1d0 ./src/sub-systemCode/ADCS/AdcsGetDataAndTlm.o
                0x20026d54                RestoreDefaultTlmElement
 .text.GetTlmElementAtIndex
                0x20026f24       0x80 ./src/sub-systemCode/ADCS/AdcsGetDataAndTlm.o
                0x20026f24                GetTlmElementAtIndex
 .text.GatherTlmAndData
                0x20026fa4      0x100 ./src/sub-systemCode/ADCS/AdcsGetDataAndTlm.o
                0x20026fa4                GatherTlmAndData
 .text.UpdateAdcsFramParameters
                0x200270a4      0x124 ./src/sub-systemCode/ADCS/AdcsMain.o
                0x200270a4                UpdateAdcsFramParameters
 .text.AdcsInit
                0x200271c8      0x194 ./src/sub-systemCode/ADCS/AdcsMain.o
                0x200271c8                AdcsInit
 .text.AdcsTask
                0x2002735c      0x10c ./src/sub-systemCode/ADCS/AdcsMain.o
                0x2002735c                AdcsTask
 .text.AdcsTroubleShooting
                0x20027468       0x88 ./src/sub-systemCode/ADCS/AdcsTroubleShooting.o
                0x20027468                AdcsTroubleShooting
 .text.UpdateAdcsStateMachine
                0x200274f0       0x1c ./src/sub-systemCode/ADCS/StateMachine.o
                0x200274f0                UpdateAdcsStateMachine
 .text.save_time
                0x2002750c       0x9c ./src/main.o
                0x2002750c                save_time
 .text.Command_logic
                0x200275a8       0x6c ./src/main.o
                0x200275a8                Command_logic
 .text.taskMain
                0x20027614       0x74 ./src/main.o
                0x20027614                taskMain
 .text.main     0x20027688       0xc4 ./src/main.o
                0x20027688                main
 .text.GomEpsInitialize
                0x2002774c      0x148 C:/HOOPOE3/satellite-subsystems/demo/..//satellite-subsystems/lib\libSatelliteSubsystemsD.a(GomEPS.o)
                0x2002774c                GomEpsInitialize
 .text.makeEPStransfer
                0x20027894       0x3c C:/HOOPOE3/satellite-subsystems/demo/..//satellite-subsystems/lib\libSatelliteSubsystemsD.a(GomEPS.o)
 .text.GomEpsPing
                0x200278d0       0xf8 C:/HOOPOE3/satellite-subsystems/demo/..//satellite-subsystems/lib\libSatelliteSubsystemsD.a(GomEPS.o)
                0x200278d0                GomEpsPing
 .text.GomEpsSoftReset
                0x200279c8       0xc4 C:/HOOPOE3/satellite-subsystems/demo/..//satellite-subsystems/lib\libSatelliteSubsystemsD.a(GomEPS.o)
                0x200279c8                GomEpsSoftReset
 .text.GomEpsHardReset
                0x20027a8c       0xa8 C:/HOOPOE3/satellite-subsystems/demo/..//satellite-subsystems/lib\libSatelliteSubsystemsD.a(GomEPS.o)
                0x20027a8c                GomEpsHardReset
 .text.GomEpsGetHkData_param
                0x20027b34      0x29c C:/HOOPOE3/satellite-subsystems/demo/..//satellite-subsystems/lib\libSatelliteSubsystemsD.a(GomEPS.o)
                0x20027b34                GomEpsGetHkData_param
 .text.GomEpsGetHkData_general
                0x20027dd0      0x45c C:/HOOPOE3/satellite-subsystems/demo/..//satellite-subsystems/lib\libSatelliteSubsystemsD.a(GomEPS.o)
                0x20027dd0                GomEpsGetHkData_general
 .text.GomEpsGetHkData_vi
                0x2002822c      0x188 C:/HOOPOE3/satellite-subsystems/demo/..//satellite-subsystems/lib\libSatelliteSubsystemsD.a(GomEPS.o)
                0x2002822c                GomEpsGetHkData_vi
 .text.GomEpsGetHkData_out
                0x200283b4      0x21c C:/HOOPOE3/satellite-subsystems/demo/..//satellite-subsystems/lib\libSatelliteSubsystemsD.a(GomEPS.o)
                0x200283b4                GomEpsGetHkData_out
 .text.GomEpsGetHkData_wdt
                0x200285d0      0x2b4 C:/HOOPOE3/satellite-subsystems/demo/..//satellite-subsystems/lib\libSatelliteSubsystemsD.a(GomEPS.o)
                0x200285d0                GomEpsGetHkData_wdt
 .text.GomEpsGetHkData_basic
                0x20028884      0x22c C:/HOOPOE3/satellite-subsystems/demo/..//satellite-subsystems/lib\libSatelliteSubsystemsD.a(GomEPS.o)
                0x20028884                GomEpsGetHkData_basic
 .text.GomEpsSetOutput
                0x20028ab0       0xbc C:/HOOPOE3/satellite-subsystems/demo/..//satellite-subsystems/lib\libSatelliteSubsystemsD.a(GomEPS.o)
                0x20028ab0                GomEpsSetOutput
 .text.GomEpsResetWDT
                0x20028b6c       0xc4 C:/HOOPOE3/satellite-subsystems/demo/..//satellite-subsystems/lib\libSatelliteSubsystemsD.a(GomEPS.o)
                0x20028b6c                GomEpsResetWDT
 .text.GomEpsConfigGet
                0x20028c30      0x16c C:/HOOPOE3/satellite-subsystems/demo/..//satellite-subsystems/lib\libSatelliteSubsystemsD.a(GomEPS.o)
                0x20028c30                GomEpsConfigGet
 .text.GomEpsConfigSet
                0x20028d9c      0x184 C:/HOOPOE3/satellite-subsystems/demo/..//satellite-subsystems/lib\libSatelliteSubsystemsD.a(GomEPS.o)
                0x20028d9c                GomEpsConfigSet
 .text.GomEpsConfig2Get
                0x20028f20      0x16c C:/HOOPOE3/satellite-subsystems/demo/..//satellite-subsystems/lib\libSatelliteSubsystemsD.a(GomEPS.o)
                0x20028f20                GomEpsConfig2Get
 .text.makeAntStransfer
                0x2002908c       0x4c C:/HOOPOE3/satellite-subsystems/demo/..//satellite-subsystems/lib\libSatelliteSubsystemsD.a(IsisAntS.o)
 .text.checkInputsValid
                0x200290d8       0x7c C:/HOOPOE3/satellite-subsystems/demo/..//satellite-subsystems/lib\libSatelliteSubsystemsD.a(IsisAntS.o)
 .text.IsisAntS_setArmStatus
                0x20029154      0x104 C:/HOOPOE3/satellite-subsystems/demo/..//satellite-subsystems/lib\libSatelliteSubsystemsD.a(IsisAntS.o)
                0x20029154                IsisAntS_setArmStatus
 .text.IsisAntS_getStatusData
                0x20029258      0x120 C:/HOOPOE3/satellite-subsystems/demo/..//satellite-subsystems/lib\libSatelliteSubsystemsD.a(IsisAntS.o)
                0x20029258                IsisAntS_getStatusData
 .text.IsisAntS_getTemperature
                0x20029378      0x120 C:/HOOPOE3/satellite-subsystems/demo/..//satellite-subsystems/lib\libSatelliteSubsystemsD.a(IsisAntS.o)
                0x20029378                IsisAntS_getTemperature
 .text.IsisAntS_getAlltelemetry
                0x20029498      0x120 C:/HOOPOE3/satellite-subsystems/demo/..//satellite-subsystems/lib\libSatelliteSubsystemsD.a(IsisAntS.o)
                0x20029498                IsisAntS_getAlltelemetry
 .text.IsisAntS_reset
                0x200295b8      0x104 C:/HOOPOE3/satellite-subsystems/demo/..//satellite-subsystems/lib\libSatelliteSubsystemsD.a(IsisAntS.o)
                0x200295b8                IsisAntS_reset
 .text.IsisSolarPanelv2_initialize
                0x200296bc       0xb4 C:/HOOPOE3/satellite-subsystems/demo/..//satellite-subsystems/lib\libSatelliteSubsystemsD.a(IsisSolarPanelv2.o)
                0x200296bc                IsisSolarPanelv2_initialize
 .text.IsisSolarPanelv2_getTemperature
                0x20029770       0xc8 C:/HOOPOE3/satellite-subsystems/demo/..//satellite-subsystems/lib\libSatelliteSubsystemsD.a(IsisSolarPanelv2.o)
                0x20029770                IsisSolarPanelv2_getTemperature
 .text.IsisSolarPanelv2_sleep
                0x20029838       0xbc C:/HOOPOE3/satellite-subsystems/demo/..//satellite-subsystems/lib\libSatelliteSubsystemsD.a(IsisSolarPanelv2.o)
                0x20029838                IsisSolarPanelv2_sleep
 .text.IsisSolarPanelv2_wakeup
                0x200298f4       0x80 C:/HOOPOE3/satellite-subsystems/demo/..//satellite-subsystems/lib\libSatelliteSubsystemsD.a(IsisSolarPanelv2.o)
                0x200298f4                IsisSolarPanelv2_wakeup
 .text._Reset   0x20029974       0x20 C:/HOOPOE3/satellite-subsystems/demo/..//satellite-subsystems/lib\libSatelliteSubsystemsD.a(IsisSolarPanelv2.o)
 .text._WaitForStartup
                0x20029994       0x90 C:/HOOPOE3/satellite-subsystems/demo/..//satellite-subsystems/lib\libSatelliteSubsystemsD.a(IsisSolarPanelv2.o)
 .text._AssignAllChannels
                0x20029a24       0x90 C:/HOOPOE3/satellite-subsystems/demo/..//satellite-subsystems/lib\libSatelliteSubsystemsD.a(IsisSolarPanelv2.o)
 .text._AssignThisChannel
                0x20029ab4       0xe8 C:/HOOPOE3/satellite-subsystems/demo/..//satellite-subsystems/lib\libSatelliteSubsystemsD.a(IsisSolarPanelv2.o)
 .text._InitiateConversion
                0x20029b9c       0xac C:/HOOPOE3/satellite-subsystems/demo/..//satellite-subsystems/lib\libSatelliteSubsystemsD.a(IsisSolarPanelv2.o)
 .text._WaitForConversionComplete
                0x20029c48      0x100 C:/HOOPOE3/satellite-subsystems/demo/..//satellite-subsystems/lib\libSatelliteSubsystemsD.a(IsisSolarPanelv2.o)
 .text._ReadResult
                0x20029d48      0x158 C:/HOOPOE3/satellite-subsystems/demo/..//satellite-subsystems/lib\libSatelliteSubsystemsD.a(IsisSolarPanelv2.o)
 .text._ExtractByte
                0x20029ea0       0x38 C:/HOOPOE3/satellite-subsystems/demo/..//satellite-subsystems/lib\libSatelliteSubsystemsD.a(IsisSolarPanelv2.o)
 .text._ExtendSign
                0x20029ed8       0x6c C:/HOOPOE3/satellite-subsystems/demo/..//satellite-subsystems/lib\libSatelliteSubsystemsD.a(IsisSolarPanelv2.o)
 .text._PinsInit
                0x20029f44       0x50 C:/HOOPOE3/satellite-subsystems/demo/..//satellite-subsystems/lib\libSatelliteSubsystemsD.a(IsisSolarPanelv2.o)
 .text._SpiWriteRead