Archive member included because of file (symbol)

c:/isis/application/toolchain/bin/../lib/gcc/arm-none-eabi/4.7.4/../../../../arm-none-eabi/lib\libc_s.a(lib_a-vfprintf_float.o)
                              (_printf_float)
c:/isis/application/toolchain/bin/../lib/gcc/arm-none-eabi/4.7.4/../../../../arm-none-eabi/lib\libc_s.a(lib_a-vfprintf_i.o)
                              c:/isis/application/toolchain/bin/../lib/gcc/arm-none-eabi/4.7.4/../../../../arm-none-eabi/lib\libc_s.a(lib_a-vfprintf_float.o) (_printf_common)
c:/isis/application/toolchain/bin/../lib/gcc/arm-none-eabi/4.7.4/../../../../arm-none-eabi/lib\libc_s.a(lib_a-vfscanf_float.o)
                              (_scanf_float)
c:/isis/application/toolchain/bin/../lib/gcc/arm-none-eabi/4.7.4/../../../../arm-none-eabi/lib\libc_s.a(lib_a-dtoa.o)
                              c:/isis/application/toolchain/bin/../lib/gcc/arm-none-eabi/4.7.4/../../../../arm-none-eabi/lib\libc_s.a(lib_a-vfprintf_float.o) (_dtoa_r)
c:/isis/application/toolchain/bin/../lib/gcc/arm-none-eabi/4.7.4/../../../../arm-none-eabi/lib\libc_s.a(lib_a-locale.o)
                              c:/isis/application/toolchain/bin/../lib/gcc/arm-none-eabi/4.7.4/../../../../arm-none-eabi/lib\libc_s.a(lib_a-vfprintf_float.o) (_localeconv_r)
c:/isis/application/toolchain/bin/../lib/gcc/arm-none-eabi/4.7.4/../../../../arm-none-eabi/lib\libc_s.a(lib_a-malloc.o)
                              c:/isis/application/toolchain/bin/../lib/gcc/arm-none-eabi/4.7.4/../../../../arm-none-eabi/lib\libc_s.a(lib_a-dtoa.o) (malloc)
c:/isis/application/toolchain/bin/../lib/gcc/arm-none-eabi/4.7.4/../../../../arm-none-eabi/lib\libc_s.a(lib_a-mallocr.o)
                              c:/isis/application/toolchain/bin/../lib/gcc/arm-none-eabi/4.7.4/../../../../arm-none-eabi/lib\libc_s.a(lib_a-malloc.o) (_malloc_r)
c:/isis/application/toolchain/bin/../lib/gcc/arm-none-eabi/4.7.4/../../../../arm-none-eabi/lib\libc_s.a(lib_a-memcpy.o)
                              c:/isis/application/toolchain/bin/../lib/gcc/arm-none-eabi/4.7.4/../../../../arm-none-eabi/lib\libc_s.a(lib_a-dtoa.o) (memcpy)
c:/isis/application/toolchain/bin/../lib/gcc/arm-none-eabi/4.7.4/../../../../arm-none-eabi/lib\libc_s.a(lib_a-mprec.o)
                              c:/isis/application/toolchain/bin/../lib/gcc/arm-none-eabi/4.7.4/../../../../arm-none-eabi/lib\libc_s.a(lib_a-dtoa.o) (_Balloc)
c:/isis/application/toolchain/bin/../lib/gcc/arm-none-eabi/4.7.4/../../../../arm-none-eabi/lib\libc_s.a(lib_a-s_fpclassify.o)
                              c:/isis/application/toolchain/bin/../lib/gcc/arm-none-eabi/4.7.4/../../../../arm-none-eabi/lib\libc_s.a(lib_a-vfprintf_float.o) (__fpclassifyd)
c:/isis/application/toolchain/bin/../lib/gcc/arm-none-eabi/4.7.4/../../../../arm-none-eabi/lib\libc_s.a(lib_a-sbrkr.o)
                              c:/isis/application/toolchain/bin/../lib/gcc/arm-none-eabi/4.7.4/../../../../arm-none-eabi/lib\libc_s.a(lib_a-mallocr.o) (_sbrk_r)
c:/isis/application/toolchain/bin/../lib/gcc/arm-none-eabi/4.7.4/../../../../arm-none-eabi/lib\libc_s.a(lib_a-sf_nan.o)
                              c:/isis/application/toolchain/bin/../lib/gcc/arm-none-eabi/4.7.4/../../../../arm-none-eabi/lib\libc_s.a(lib_a-vfscanf_float.o) (nanf)
c:/isis/application/toolchain/bin/../lib/gcc/arm-none-eabi/4.7.4/../../../../arm-none-eabi/lib\libc_s.a(lib_a-sprintf.o)
                              c:/isis/application/toolchain/bin/../lib/gcc/arm-none-eabi/4.7.4/../../../../arm-none-eabi/lib\libc_s.a(lib_a-vfscanf_float.o) (sprintf)
c:/isis/application/toolchain/bin/../lib/gcc/arm-none-eabi/4.7.4/../../../../arm-none-eabi/lib\libc_s.a(lib_a-strcmp.o)
                              c:/isis/application/toolchain/bin/../lib/gcc/arm-none-eabi/4.7.4/../../../../arm-none-eabi/lib\libc_s.a(lib_a-locale.o) (strcmp)
c:/isis/application/toolchain/bin/../lib/gcc/arm-none-eabi/4.7.4/../../../../arm-none-eabi/lib\libc_s.a(lib_a-strlen.o)
                              c:/isis/application/toolchain/bin/../lib/gcc/arm-none-eabi/4.7.4/../../../../arm-none-eabi/lib\libc_s.a(lib_a-vfprintf_float.o) (strlen)
c:/isis/application/toolchain/bin/../lib/gcc/arm-none-eabi/4.7.4/../../../../arm-none-eabi/lib\libc_s.a(lib_a-strtod.o)
                              c:/isis/application/toolchain/bin/../lib/gcc/arm-none-eabi/4.7.4/../../../../arm-none-eabi/lib\libc_s.a(lib_a-vfscanf_float.o) (_strtod_r)
c:/isis/application/toolchain/bin/../lib/gcc/arm-none-eabi/4.7.4/../../../../arm-none-eabi/lib\libc_s.a(lib_a-strtol.o)
                              c:/isis/application/toolchain/bin/../lib/gcc/arm-none-eabi/4.7.4/../../../../arm-none-eabi/lib\libc_s.a(lib_a-vfscanf_float.o) (_strtol_r)
c:/isis/application/toolchain/bin/../lib/gcc/arm-none-eabi/4.7.4/../../../../arm-none-eabi/lib\libc_s.a(lib_a-svfprintf.o)
                              c:/isis/application/toolchain/bin/../lib/gcc/arm-none-eabi/4.7.4/../../../../arm-none-eabi/lib\libc_s.a(lib_a-sprintf.o) (_svfprintf_r)
[...]
Memory Configuration

Name             Origin             Length             Attributes
sram0            0x00200000         0x00004000         w !xr
sram1            0x00300000         0x00004000         w !xr
sdram            0x20000000         0x02000000         w !xr
*default*        0x00000000         0xffffffff

Linker script and memory map

LOAD c:/isis/application/toolchain/bin/../lib/gcc/arm-none-eabi/4.7.4/../../../../arm-none-eabi/lib\libc_s.a
LOAD ./src/sub-systemCode/payload/Request Management/Dump/Butchering.o
LOAD ./src/sub-systemCode/payload/Request Management/Dump/imageDump.o
LOAD ./src/sub-systemCode/payload/Request Management/AutomaticImageHandler.o
LOAD ./src/sub-systemCode/payload/Request Management/CameraManeger.o
LOAD ./src/sub-systemCode/payload/Request Management/DB_RequestHandling.o
LOAD ./src/sub-systemCode/payload/Misc/Boolean_bit.o
LOAD ./src/sub-systemCode/payload/Misc/FileSystem.o
LOAD ./src/sub-systemCode/payload/Drivers/GeckoCameraDriver.o
LOAD ./src/sub-systemCode/payload/DataBase/DataBase.o
LOAD ./src/sub-systemCode/payload/Compression/jpeg/bmp/rawToBMP.o
LOAD ./src/sub-systemCode/payload/Compression/jpeg/DCT.o
LOAD ./src/sub-systemCode/payload/Compression/jpeg/ImgCompressor.o
LOAD ./src/sub-systemCode/payload/Compression/jpeg/color_conv.o
LOAD ./src/sub-systemCode/payload/Compression/jpeg/jpeg.o
LOAD ./src/sub-systemCode/payload/Compression/jpeg/jpeg_encoder.o
LOAD ./src/sub-systemCode/payload/Compression/jpeg/jpeg_memory_alloc.o
LOAD ./src/sub-systemCode/payload/Compression/jpeg/jpeg_params.o
LOAD ./src/sub-systemCode/payload/Compression/jpeg/output_stream.o
LOAD ./src/sub-systemCode/payload/Compression/ImageConversion.o
LOAD ./src/sub-systemCode/Main/CMD/ADCS_CMD.o
LOAD ./src/sub-systemCode/Main/CMD/COMM_CMD.o
LOAD ./src/sub-systemCode/Main/CMD/EPS_CMD.o
LOAD ./src/sub-systemCode/Main/CMD/General_CMD.o
LOAD ./src/sub-systemCode/Main/CMD/SW_CMD.o
LOAD ./src/sub-systemCode/Main/CMD/payload_CMD.o
LOAD ./src/sub-systemCode/Main/Ants.o
LOAD ./src/sub-systemCode/Main/EPS.o
LOAD ./src/sub-systemCode/Main/HouseKeeping.o
LOAD ./src/sub-systemCode/Main/Main_Init.o
LOAD ./src/sub-systemCode/Main/commands.o
LOAD ./src/sub-systemCode/Global/GenericTaskSave.o
LOAD ./src/sub-systemCode/Global/Global.o
LOAD ./src/sub-systemCode/Global/GlobalParam.o
LOAD ./src/sub-systemCode/Global/OnlineTM.o
LOAD ./src/sub-systemCode/Global/TLM_management.o
LOAD ./src/sub-systemCode/Global/freertosExtended.o
LOAD ./src/sub-systemCode/Global/logger.o
LOAD ./src/sub-systemCode/CUF/CUF.o
LOAD ./src/sub-systemCode/CUF/uploadCodeTelemetry.o
LOAD ./src/sub-systemCode/COMM/APRS.o
LOAD ./src/sub-systemCode/COMM/DelayedCommand_list.o
LOAD ./src/sub-systemCode/COMM/GSC.o
LOAD ./src/sub-systemCode/COMM/TRXVU.o
LOAD ./src/sub-systemCode/ADCS/AdcsCommands.o
LOAD ./src/sub-systemCode/ADCS/AdcsGetDataAndTlm.o
LOAD ./src/sub-systemCode/ADCS/AdcsMain.o
LOAD ./src/sub-systemCode/ADCS/AdcsTroubleShooting.o
LOAD ./src/sub-systemCode/ADCS/StateMachine.o
LOAD ./src/main.o
LOAD C:/HOOPOE3/satellite-subsystems/demo/..//satellite-subsystems/lib\libSatelliteSubsystemsD.a
LOAD c:/isis/application/toolchain/bin/../lib/gcc/arm-none-eabi/4.7.4/../../../../arm-none-eabi/lib\libm.a
LOAD C:/HOOPOE3/satellite-subsystems/demo/../..//hal/hcc/lib\libHCCD.a
LOAD C:/HOOPOE3/satellite-subsystems/demo/../..//hal/hal/lib\libHALD.a
LOAD C:/HOOPOE3/satellite-subsystems/demo/../..//hal/freertos/lib\libFreeRTOSD.a
LOAD C:/HOOPOE3/satellite-subsystems/demo/../..//hal/at91/lib\libAt91D.a
START GROUP
LOAD c:/isis/application/toolchain/bin/../lib/gcc/arm-none-eabi/4.7.4\libgcc.a
LOAD c:/isis/application/toolchain/bin/../lib/gcc/arm-none-eabi/4.7.4/../../../../arm-none-eabi/lib\libc_s.a
END GROUP

.fixed          0x20000000    0x5e614
                0x20000000                . = ALIGN (0x4)
                0x20000000                _sfixed = .
 *(.startup)
 .startup       0x20000000      0x134 C:/HOOPOE3/satellite-subsystems/demo/../..//hal/at91/lib\libAt91D.a(board_cstartup.o)
                0x20000000                entry
 *(.text)
 .text          0x20000134       0x64 C:/HOOPOE3/satellite-subsystems/demo/../..//hal/at91/lib\libAt91D.a(cp15_asm.o)
                0x20000134                _readControlRegister
                0x20000140                _writeControlRegister
                0x20000148                _waitForInterrupt
                0x20000154                _writeTTB
                0x2000015c                _writeDomain
                0x20000164                _writeITLBLockdown
                0x2000016c                _prefetchICacheLine
                0x20000174                _flushDCache
                0x20000180                _flushWriteBuffer
                0x2000018c                _invalidateIDTLBs
 .text          0x20000198      0x114 c:/isis/application/toolchain/bin/../lib/gcc/arm-none-eabi/4.7.4\libgcc.a(_udivsi3.o)
                0x20000198                __aeabi_uidiv
                0x20000198                __udivsi3
                0x2000028c                __aeabi_uidivmod
 .text          0x200002ac      0x148 c:/isis/application/toolchain/bin/../lib/gcc/arm-none-eabi/4.7.4\libgcc.a(_divsi3.o)
                0x200002ac                __divsi3
                0x200002ac                __aeabi_idiv
                0x200003d4                __aeabi_idivmod
 .text          0x200003f4        0x4 c:/isis/application/toolchain/bin/../lib/gcc/arm-none-eabi/4.7.4\libgcc.a(_dvmd_tls.o)
                0x200003f4                __aeabi_idiv0
                0x200003f4                __aeabi_ldiv0
 .text          0x200003f8      0x41c c:/isis/application/toolchain/bin/../lib/gcc/arm-none-eabi/4.7.4\libgcc.a(_arm_addsubdf3.o)
                0x200003f8                __aeabi_drsub
                0x20000400                __aeabi_dsub
                0x20000400                __subdf3
                0x20000404                __aeabi_dadd
                0x20000404                __adddf3
                0x20000714                __floatunsidf
                0x20000714                __aeabi_ui2d
                0x20000738                __floatsidf
                0x20000738                __aeabi_i2d
                0x20000760                __aeabi_f2d
                0x20000760                __extendsfdf2
                0x200007a0                __floatundidf
                0x200007a0                __aeabi_ul2d
                0x200007b4                __floatdidf
                0x200007b4                __aeabi_l2d
 .text          0x20000814      0x49c c:/isis/application/toolchain/bin/../lib/gcc/arm-none-eabi/4.7.4\libgcc.a(_arm_muldivdf3.o)
                0x20000814                __aeabi_dmul
                0x20000814                __muldf3
                0x20000aa4                __divdf3
                0x20000aa4                __aeabi_ddiv
 .text          0x20000cb0      0x144 c:/isis/application/toolchain/bin/../lib/gcc/arm-none-eabi/4.7.4\libgcc.a(_arm_cmpdf2.o)
                0x20000cb0                __gtdf2
                0x20000cb0                __gedf2
                0x20000cb8                __ltdf2
                0x20000cb8                __ledf2
                0x20000cc0                __nedf2
                0x20000cc0                __eqdf2
                0x20000cc0                __cmpdf2
                0x20000d48                __aeabi_cdrcmple
                0x20000d64                __aeabi_cdcmpeq
                0x20000d64                __aeabi_cdcmple
                0x20000d7c                __aeabi_dcmpeq
                0x20000d94                __aeabi_dcmplt
                0x20000dac                __aeabi_dcmple
                0x20000dc4                __aeabi_dcmpge
                0x20000ddc                __aeabi_dcmpgt
 .text          0x20000df4       0x5c c:/isis/application/toolchain/bin/../lib/gcc/arm-none-eabi/4.7.4\libgcc.a(_arm_fixdfsi.o)
                0x20000df4                __aeabi_d2iz
                0x20000df4                __fixdfsi
 .text          0x20000e50       0x54 c:/isis/application/toolchain/bin/../lib/gcc/arm-none-eabi/4.7.4\libgcc.a(_arm_fixunsdfsi.o)
                0x20000e50                __aeabi_d2uiz
                0x20000e50                __fixunsdfsi
 .text          0x20000ea4       0xa0 c:/isis/application/toolchain/bin/../lib/gcc/arm-none-eabi/4.7.4\libgcc.a(_arm_truncdfsf2.o)
                0x20000ea4                __truncdfsf2
                0x20000ea4                __aeabi_d2f
 .text          0x20000f44      0x2ac c:/isis/application/toolchain/bin/../lib/gcc/arm-none-eabi/4.7.4\libgcc.a(_arm_addsubsf3.o)
                0x20000f44                __aeabi_frsub
                0x20000f4c                __subsf3
                0x20000f4c                __aeabi_fsub
                0x20000f50                __aeabi_fadd
                0x20000f50                __addsf3
                0x2000110c                __aeabi_ui2f
                0x2000110c                __floatunsisf
                0x20001114                __aeabi_i2f
                0x20001114                __floatsisf
                0x20001134                __aeabi_ul2f
                0x20001134                __floatundisf
                0x20001144                __aeabi_l2f
                0x20001144                __floatdisf
 .text          0x200011f0      0x2f8 c:/isis/application/toolchain/bin/../lib/gcc/arm-none-eabi/4.7.4\libgcc.a(_arm_muldivsf3.o)
                0x200011f0                __mulsf3
                0x200011f0                __aeabi_fmul
                0x20001388                __aeabi_fdiv
                0x20001388                __divsf3
 .text          0x200014e8      0x114 c:/isis/application/toolchain/bin/../lib/gcc/arm-none-eabi/4.7.4\libgcc.a(_arm_cmpsf2.o)
                0x200014e8                __gesf2
                0x200014e8                __gtsf2
                0x200014f0                __lesf2
                0x200014f0                __ltsf2
                0x200014f8                __nesf2
                0x200014f8                __eqsf2
                0x200014f8                __cmpsf2
                0x2000155c                __aeabi_cfrcmple
                0x2000156c                __aeabi_cfcmpeq
                0x2000156c                __aeabi_cfcmple
                0x20001584                __aeabi_fcmpeq
                0x2000159c                __aeabi_fcmplt
                0x200015b4                __aeabi_fcmple
                0x200015cc                __aeabi_fcmpge
                0x200015e4                __aeabi_fcmpgt
 .text          0x200015fc       0x54 c:/isis/application/toolchain/bin/../lib/gcc/arm-none-eabi/4.7.4\libgcc.a(_arm_fixunssfsi.o)
                0x200015fc                __fixunssfsi
                0x200015fc                __aeabi_f2uiz
 *(.text*)
 .text.__cvt    0x20001650      0x138 c:/isis/application/toolchain/bin/../lib/gcc/arm-none-eabi/4.7.4/../../../../arm-none-eabi/lib\libc_s.a(lib_a-vfprintf_float.o)
                0x20001650                __cvt
 .text.__exponent
                0x20001788       0xa8 c:/isis/application/toolchain/bin/../lib/gcc/arm-none-eabi/4.7.4/../../../../arm-none-eabi/lib\libc_s.a(lib_a-vfprintf_float.o)
                0x20001788                __exponent
 .text._printf_float
                0x20001830      0x7dc c:/isis/application/toolchain/bin/../lib/gcc/arm-none-eabi/4.7.4/../../../../arm-none-eabi/lib\libc_s.a(lib_a-vfprintf_float.o)
                0x20001830                _printf_float
 .text._printf_common
                0x2000200c      0x174 c:/isis/application/toolchain/bin/../lib/gcc/arm-none-eabi/4.7.4/../../../../arm-none-eabi/lib\libc_s.a(lib_a-vfprintf_i.o)
                0x2000200c                _printf_common
 .text._printf_i
                0x20002180      0x3c4 c:/isis/application/toolchain/bin/../lib/gcc/arm-none-eabi/4.7.4/../../../../arm-none-eabi/lib\libc_s.a(lib_a-vfprintf_i.o)
                0x20002180                _printf_i
 .text._scanf_float
                0x20002544      0x5f4 c:/isis/application/toolchain/bin/../lib/gcc/arm-none-eabi/4.7.4/../../../../arm-none-eabi/lib\libc_s.a(lib_a-vfscanf_float.o)
                0x20002544                _scanf_float
 .text.quorem   0x20002b38      0x1ac c:/isis/application/toolchain/bin/../lib/gcc/arm-none-eabi/4.7.4/../../../../arm-none-eabi/lib\libc_s.a(lib_a-dtoa.o)
 .text._dtoa_r  0x20002ce4     0x1268 c:/isis/application/toolchain/bin/../lib/gcc/arm-none-eabi/4.7.4/../../../../arm-none-eabi/lib\libc_s.a(lib_a-dtoa.o)
                0x20002ce4                _dtoa_r
 .text._localeconv_r
                0x20003f4c        0xc c:/isis/application/toolchain/bin/../lib/gcc/arm-none-eabi/4.7.4/../../../../arm-none-eabi/lib\libc_s.a(lib_a-locale.o)
                0x20003f4c                _localeconv_r
 .text.malloc   0x20003f58       0x20 c:/isis/application/toolchain/bin/../lib/gcc/arm-none-eabi/4.7.4/../../../../arm-none-eabi/lib\libc_s.a(lib_a-malloc.o)
                0x20003f58                malloc
 .text.free     0x20003f78       0x20 c:/isis/application/toolchain/bin/../lib/gcc/arm-none-eabi/4.7.4/../../../../arm-none-eabi/lib\libc_s.a(lib_a-malloc.o)
                0x20003f78                free
 .text._malloc_r
                0x20003f98       0xfc c:/isis/application/toolchain/bin/../lib/gcc/arm-none-eabi/4.7.4/../../../../arm-none-eabi/lib\libc_s.a(lib_a-mallocr.o)
                0x20003f98                _malloc_r
 .text.memcpy   0x20004094       0x20 c:/isis/application/toolchain/bin/../lib/gcc/arm-none-eabi/4.7.4/../../../../arm-none-eabi/lib\libc_s.a(lib_a-memcpy.o)
                0x20004094                memcpy
 .text._Balloc  0x200040b4       0xcc c:/isis/application/toolchain/bin/../lib/gcc/arm-none-eabi/4.7.4/../../../../arm-none-eabi/lib\libc_s.a(lib_a-mprec.o)
                0x200040b4                _Balloc
 .text._Bfree   0x20004180       0x5c c:/isis/application/toolchain/bin/../lib/gcc/arm-none-eabi/4.7.4/../../../../arm-none-eabi/lib\libc_s.a(lib_a-mprec.o)
                0x20004180                _Bfree
 .text.__multadd
                0x200041dc       0xbc c:/isis/application/toolchain/bin/../lib/gcc/arm-none-eabi/4.7.4/../../../../arm-none-eabi/lib\libc_s.a(lib_a-mprec.o)
                0x200041dc                __multadd
 .text.__s2b    0x20004298       0xd8 c:/isis/application/toolchain/bin/../lib/gcc/arm-none-eabi/4.7.4/../../../../arm-none-eabi/lib\libc_s.a(lib_a-mprec.o)
                0x20004298                __s2b
 .text.__hi0bits
                0x20004370       0x58 c:/isis/application/toolchain/bin/../lib/gcc/arm-none-eabi/4.7.4/../../../../arm-none-eabi/lib\libc_s.a(lib_a-mprec.o)
                0x20004370                __hi0bits
 .text.__lo0bits
                0x200043c8       0x94 c:/isis/application/toolchain/bin/../lib/gcc/arm-none-eabi/4.7.4/../../../../arm-none-eabi/lib\libc_s.a(lib_a-mprec.o)
                0x200043c8                __lo0bits
 .text.__i2b    0x2000445c       0x24 c:/isis/application/toolchain/bin/../lib/gcc/arm-none-eabi/4.7.4/../../../../arm-none-eabi/lib\libc_s.a(lib_a-mprec.o)
                0x2000445c                __i2b
 .text.__multiply
                0x20004480      0x1ac c:/isis/application/toolchain/bin/../lib/gcc/arm-none-eabi/4.7.4/../../../../arm-none-eabi/lib\libc_s.a(lib_a-mprec.o)
                0x20004480                __multiply
 .text.__pow5mult
                0x2000462c      0x10c c:/isis/application/toolchain/bin/../lib/gcc/arm-none-eabi/4.7.4/../../../../arm-none-eabi/lib\libc_s.a(lib_a-mprec.o)
                0x2000462c                __pow5mult
 .text.__lshift
                0x20004738       0xf0 c:/isis/application/toolchain/bin/../lib/gcc/arm-none-eabi/4.7.4/../../../../arm-none-eabi/lib\libc_s.a(lib_a-mprec.o)
                0x20004738                __lshift
 .text.__mcmp   0x20004828       0x60 c:/isis/application/toolchain/bin/../lib/gcc/arm-none-eabi/4.7.4/../../../../arm-none-eabi/lib\libc_s.a(lib_a-mprec.o)
                0x20004828                __mcmp
 .text.__mdiff  0x20004888      0x128 c:/isis/application/toolchain/bin/../lib/gcc/arm-none-eabi/4.7.4/../../../../arm-none-eabi/lib\libc_s.a(lib_a-mprec.o)
                0x20004888                __mdiff
 .text.__ulp    0x200049b0       0x5c c:/isis/application/toolchain/bin/../lib/gcc/arm-none-eabi/4.7.4/../../../../arm-none-eabi/lib\libc_s.a(lib_a-mprec.o)
                0x200049b0                __ulp
 .text.__b2d    0x20004a0c       0xc8 c:/isis/application/toolchain/bin/../lib/gcc/arm-none-eabi/4.7.4/../../../../arm-none-eabi/lib\libc_s.a(lib_a-mprec.o)
                0x20004a0c                __b2d
 .text.__d2b    0x20004ad4       0xfc c:/isis/application/toolchain/bin/../lib/gcc/arm-none-eabi/4.7.4/../../../../arm-none-eabi/lib\libc_s.a(lib_a-mprec.o)
                0x20004ad4                __d2b
 .text.__ratio  0x20004bd0       0x70 c:/isis/application/toolchain/bin/../lib/gcc/arm-none-eabi/4.7.4/../../../../arm-none-eabi/lib\libc_s.a(lib_a-mprec.o)
                0x20004bd0                __ratio
 .text.__copybits
                0x20004c40       0x4c c:/isis/application/toolchain/bin/../lib/gcc/arm-none-eabi/4.7.4/../../../../arm-none-eabi/lib\libc_s.a(lib_a-mprec.o)
                0x20004c40                __copybits
 .text.__any_on
                0x20004c8c       0x7c c:/isis/application/toolchain/bin/../lib/gcc/arm-none-eabi/4.7.4/../../../../arm-none-eabi/lib\libc_s.a(lib_a-mprec.o)
                0x20004c8c                __any_on
 .text.__fpclassifyd
                0x20004d08       0x6c c:/isis/application/toolchain/bin/../lib/gcc/arm-none-eabi/4.7.4/../../../../arm-none-eabi/lib\libc_s.a(lib_a-s_fpclassify.o)
                0x20004d08                __fpclassifyd
 .text._sbrk_r  0x20004d74       0x3c c:/isis/application/toolchain/bin/../lib/gcc/arm-none-eabi/4.7.4/../../../../arm-none-eabi/lib\libc_s.a(lib_a-sbrkr.o)
                0x20004d74                _sbrk_r
 .text.nanf     0x20004db0        0xc c:/isis/application/toolchain/bin/../lib/gcc/arm-none-eabi/4.7.4/../../../../arm-none-eabi/lib\libc_s.a(lib_a-sf_nan.o)
                0x20004db0                nanf
 .text.sprintf  0x20004dbc       0x6c c:/isis/application/toolchain/bin/../lib/gcc/arm-none-eabi/4.7.4/../../../../arm-none-eabi/lib\libc_s.a(lib_a-sprintf.o)
                0x20004dbc                siprintf
                0x20004dbc                sprintf
 .text.strcmp   0x20004e28       0x1c c:/isis/application/toolchain/bin/../lib/gcc/arm-none-eabi/4.7.4/../../../../arm-none-eabi/lib\libc_s.a(lib_a-strcmp.o)
                0x20004e28                strcmp
 .text.strlen   0x20004e44       0x1c c:/isis/application/toolchain/bin/../lib/gcc/arm-none-eabi/4.7.4/../../../../arm-none-eabi/lib\libc_s.a(lib_a-strlen.o)
                0x20004e44                strlen
 .text.match    0x20004e60       0x54 c:/isis/application/toolchain/bin/../lib/gcc/arm-none-eabi/4.7.4/../../../../arm-none-eabi/lib\libc_s.a(lib_a-strtod.o)
 .text._strtod_r
                0x20004eb4     0x1168 c:/isis/application/toolchain/bin/../lib/gcc/arm-none-eabi/4.7.4/../../../../arm-none-eabi/lib\libc_s.a(lib_a-strtod.o)
                0x20004eb4                _strtod_r
 .text._strtol_r
                0x2000601c      0x1b8 c:/isis/application/toolchain/bin/../lib/gcc/arm-none-eabi/4.7.4/../../../../arm-none-eabi/lib\libc_s.a(lib_a-strtol.o)
                0x2000601c                _strtol_r
 .text.__ssputc_r
                0x200061d4      0x10c c:/isis/application/toolchain/bin/../lib/gcc/arm-none-eabi/4.7.4/../../../../arm-none-eabi/lib\libc_s.a(lib_a-svfprintf.o)
                0x200061d4                __ssputc_r
 .text._svfprintf_r
                0x200062e0      0x328 c:/isis/application/toolchain/bin/../lib/gcc/arm-none-eabi/4.7.4/../../../../arm-none-eabi/lib\libc_s.a(lib_a-svfprintf.o)
                0x200062e0                _svfiprintf_r
                0x200062e0                _svfprintf_r
 .text._calloc_r
                0x20006608       0x2c c:/isis/application/toolchain/bin/../lib/gcc/arm-none-eabi/4.7.4/../../../../arm-none-eabi/lib\libc_s.a(lib_a-callocr.o)
                0x20006608                _calloc_r
 .text._free_r  0x20006634      0x108 c:/isis/application/toolchain/bin/../lib/gcc/arm-none-eabi/4.7.4/../../../../arm-none-eabi/lib\libc_s.a(lib_a-freer.o)
                0x20006634                _free_r
 .text.rshift   0x2000673c       0xb0 c:/isis/application/toolchain/bin/../lib/gcc/arm-none-eabi/4.7.4/../../../../arm-none-eabi/lib\libc_s.a(lib_a-gdtoa-gethex.o)
 .text.htinit.constprop.0
                0x200067ec       0x34 c:/isis/application/toolchain/bin/../lib/gcc/arm-none-eabi/4.7.4/../../../../arm-none-eabi/lib\libc_s.a(lib_a-gdtoa-gethex.o)
 .text.__hexdig_init
                0x20006820       0x38 c:/isis/application/toolchain/bin/../lib/gcc/arm-none-eabi/4.7.4/../../../../arm-none-eabi/lib\libc_s.a(lib_a-gdtoa-gethex.o)
                0x20006820                __hexdig_init
 .text.__gethex
                0x20006858      0x6cc c:/isis/application/toolchain/bin/../lib/gcc/arm-none-eabi/4.7.4/../../../../arm-none-eabi/lib\libc_s.a(lib_a-gdtoa-gethex.o)
                0x20006858                __gethex
 .text.L_shift  0x20006f24       0x38 c:/isis/application/toolchain/bin/../lib/gcc/arm-none-eabi/4.7.4/../../../../arm-none-eabi/lib\libc_s.a(lib_a-gdtoa-hexnan.o)
 .text.__hexnan
                0x20006f5c      0x1d8 c:/isis/application/toolchain/bin/../lib/gcc/arm-none-eabi/4.7.4/../../../../arm-none-eabi/lib\libc_s.a(lib_a-gdtoa-hexnan.o)
                0x20006f5c                __hexnan
 .text.memchr   0x20007134       0x34 c:/isis/application/toolchain/bin/../lib/gcc/arm-none-eabi/4.7.4/../../../../arm-none-eabi/lib\libc_s.a(lib_a-memchr.o)
                0x20007134                memchr
 .text.memset   0x20007168       0x1c c:/isis/application/toolchain/bin/../lib/gcc/arm-none-eabi/4.7.4/../../../../arm-none-eabi/lib\libc_s.a(lib_a-memset.o)
                0x20007168                memset
 .text._realloc_r
                0x20007184       0x80 c:/isis/application/toolchain/bin/../lib/gcc/arm-none-eabi/4.7.4/../../../../arm-none-eabi/lib\libc_s.a(lib_a-reallocr.o)
                0x20007184                _realloc_r
 .text.strncmp  0x20007204       0x64 c:/isis/application/toolchain/bin/../lib/gcc/arm-none-eabi/4.7.4/../../../../arm-none-eabi/lib\libc_s.a(lib_a-strncmp.o)
                0x20007204                strncmp
 .text._malloc_usable_size_r
                0x20007268       0x1c c:/isis/application/toolchain/bin/../lib/gcc/arm-none-eabi/4.7.4/../../../../arm-none-eabi/lib\libc_s.a(lib_a-msizer.o)
                0x20007268                _malloc_usable_size_r
 .text.GetChunkFromImage
                0x20007284      0x2d0 ./src/sub-systemCode/payload/Request Management/Dump/Butchering.o
                0x20007284                GetChunkFromImage
 .text.SimpleButcher
                0x20007554       0xd8 ./src/sub-systemCode/payload/Request Management/Dump/Butchering.o
                0x20007554                SimpleButcher
 .text.readChunkDimentionsFromFRAM
                0x2000762c       0x80 ./src/sub-systemCode/payload/Request Management/Dump/imageDump.o
                0x2000762c                readChunkDimentionsFromFRAM
 .text.setChunkDimensions_inFRAM
                0x200076ac      0x10c ./src/sub-systemCode/payload/Request Management/Dump/imageDump.o
                0x200076ac                setChunkDimensions_inFRAM
 .text.getLastImageChunkIndex
                0x200077b8      0x1bc ./src/sub-systemCode/payload/Request Management/Dump/imageDump.o
                0x200077b8                getLastImageChunkIndex
 .text.find_subType_ofImage
                0x20007974       0xe0 ./src/sub-systemCode/payload/Request Management/Dump/imageDump.o
                0x20007974                find_subType_ofImage
 .text.buildAndSend_chunck
                0x20007a54      0x320 ./src/sub-systemCode/payload/Request Management/Dump/imageDump.o
                0x20007a54                buildAndSend_chunck
 .text.chunkField_imageDump
                0x20007d74      0x258 ./src/sub-systemCode/payload/Request Management/Dump/imageDump.o
                0x20007d74                chunkField_imageDump
 .text.bitField_imageDump
                0x20007fcc      0x23c ./src/sub-systemCode/payload/Request Management/Dump/imageDump.o
                0x20007fcc                bitField_imageDump
 .text.fileTypeDump
                0x20008208      0x170 ./src/sub-systemCode/payload/Request Management/Dump/imageDump.o
                0x20008208                fileTypeDump
 .text.imageDataBase_Dump
                0x20008378      0x118 ./src/sub-systemCode/payload/Request Management/Dump/imageDump.o
                0x20008378                imageDataBase_Dump
 .text.imageDump_task
                0x20008490      0x48c ./src/sub-systemCode/payload/Request Management/Dump/imageDump.o
                0x20008490                imageDump_task
 .text.KickStartImageDumpTask
                0x2000891c       0x5c ./src/sub-systemCode/payload/Request Management/Dump/imageDump.o
                0x2000891c                KickStartImageDumpTask
 .text.AutomaticImageHandlerTaskMain
                0x20008978      0x12c ./src/sub-systemCode/payload/Request Management/AutomaticImageHandler.o
                0x20008978                AutomaticImageHandlerTaskMain
 .text.KickStartAutomaticImageHandlerTask
                0x20008aa4       0x70 ./src/sub-systemCode/payload/Request Management/AutomaticImageHandler.o
                0x20008aa4                KickStartAutomaticImageHandlerTask
 .text.stopAction
                0x20008b14       0xc4 ./src/sub-systemCode/payload/Request Management/AutomaticImageHandler.o
                0x20008b14                stopAction
 .text.resumeAction
                0x20008bd8       0x68 ./src/sub-systemCode/payload/Request Management/AutomaticImageHandler.o
                0x20008bd8                resumeAction
 .text.handleErrors
                0x20008c40       0x50 ./src/sub-systemCode/payload/Request Management/AutomaticImageHandler.o
                0x20008c40                handleErrors
 .text.CameraManagerTaskMain
                0x20008c90       0xc8 ./src/sub-systemCode/payload/Request Management/CameraManeger.o
                0x20008c90                CameraManagerTaskMain
 .text.createFolders
                0x20008d58      0x22c ./src/sub-systemCode/payload/Request Management/CameraManeger.o
                0x20008d58                createFolders
 .text.initCamera
                0x20008f84       0xc0 ./src/sub-systemCode/payload/Request Management/CameraManeger.o
                0x20008f84                initCamera
 .text.KickStartCamera
                0x20009044       0xe4 ./src/sub-systemCode/payload/Request Management/CameraManeger.o
                0x20009044                KickStartCamera
 .text.addRequestToQueue
                0x20009128       0xa8 ./src/sub-systemCode/payload/Request Management/CameraManeger.o
                0x20009128                addRequestToQueue
 .text.removeRequestFromQueue
                0x200091d0       0x7c ./src/sub-systemCode/payload/Request Management/CameraManeger.o
                0x200091d0                removeRequestFromQueue
 .text.Take_pictures_with_time_in_between
                0x2000924c      0x114 ./src/sub-systemCode/payload/Request Management/CameraManeger.o
                0x2000924c                Take_pictures_with_time_in_between
 .text.act_upon_request
                0x20009360      0x518 ./src/sub-systemCode/payload/Request Management/CameraManeger.o
                0x20009360                act_upon_request
 .text.TakePicture
                0x20009878       0x4c ./src/sub-systemCode/payload/Request Management/DB_RequestHandling.o
                0x20009878                TakePicture
 .text.TakeSpecialPicture
                0x200098c4      0x130 ./src/sub-systemCode/payload/Request Management/DB_RequestHandling.o
                0x200098c4                TakeSpecialPicture
 .text.DeletePictureFile
                0x200099f4       0x88 ./src/sub-systemCode/payload/Request Management/DB_RequestHandling.o
                0x200099f4                DeletePictureFile
 .text.DeletePicture
                0x20009a7c       0x6c ./src/sub-systemCode/payload/Request Management/DB_RequestHandling.o
                0x20009a7c                DeletePicture
 .text.TransferPicture
                0x20009ae8       0x54 ./src/sub-systemCode/payload/Request Management/DB_RequestHandling.o
                0x20009ae8                TransferPicture
 .text.CreateThumbnail
                0x20009b3c       0x80 ./src/sub-systemCode/payload/Request Management/DB_RequestHandling.o
                0x20009b3c                CreateThumbnail
 .text.CreateJPG
                0x20009bbc       0x7c ./src/sub-systemCode/payload/Request Management/DB_RequestHandling.o
                0x20009bbc                CreateJPG
 .text.UpdatePhotographyValues
                0x20009c38       0xd8 ./src/sub-systemCode/payload/Request Management/DB_RequestHandling.o
                0x20009c38                UpdatePhotographyValues
 .text.setChunkDimensions
                0x20009d10       0x64 ./src/sub-systemCode/payload/Request Management/DB_RequestHandling.o
                0x20009d10                setChunkDimensions
 .text.convert2char
                0x20009d74      0x14c ./src/sub-systemCode/payload/Misc/Boolean_bit.o
                0x20009d74                convert2char
 .text.convert2byte
                0x20009ec0      0x1c8 ./src/sub-systemCode/payload/Misc/Boolean_bit.o
                0x20009ec0                convert2byte
 .text.bits2byte
                0x2000a088      0x17c ./src/sub-systemCode/payload/Misc/Boolean_bit.o
                0x2000a088                bits2byte
 .text.byte2bits
                0x2000a204      0x17c ./src/sub-systemCode/payload/Misc/Boolean_bit.o
                0x2000a204                byte2bits
 .text.char2bits
                0x2000a380       0x44 ./src/sub-systemCode/payload/Misc/Boolean_bit.o
                0x2000a380                char2bits
 .text.bits2char
                0x2000a3c4       0x3c ./src/sub-systemCode/payload/Misc/Boolean_bit.o
                0x2000a3c4                bits2char
 .text.ReadFromFile
                0x2000a400       0x6c ./src/sub-systemCode/payload/Misc/FileSystem.o
                0x2000a400                ReadFromFile
 .text.WriteToFile
                0x2000a46c       0x74 ./src/sub-systemCode/payload/Misc/FileSystem.o
                0x2000a46c                WriteToFile
 .text.Initialized_GPIO
                0x2000a4e0       0x54 ./src/sub-systemCode/payload/Drivers/GeckoCameraDriver.o
                0x2000a4e0                Initialized_GPIO
 .text.TurnOnGecko
                0x2000a534      0x134 ./src/sub-systemCode/payload/Drivers/GeckoCameraDriver.o
                0x2000a534                TurnOnGecko
 .text.TurnOffGecko
                0x2000a668       0xcc ./src/sub-systemCode/payload/Drivers/GeckoCameraDriver.o
                0x2000a668                TurnOffGecko
 .text.initGecko
                0x2000a734       0x3c ./src/sub-systemCode/payload/Drivers/GeckoCameraDriver.o
                0x2000a734                initGecko
 .text.GECKO_TakeImage
                0x2000a770      0x2c4 ./src/sub-systemCode/payload/Drivers/GeckoCameraDriver.o
                0x2000a770                GECKO_TakeImage
 .text.readStopFlag
                0x2000aa34       0x48 ./src/sub-systemCode/payload/Drivers/GeckoCameraDriver.o
                0x2000aa34                readStopFlag
 .text.setStopFlag
                0x2000aa7c       0x50 ./src/sub-systemCode/payload/Drivers/GeckoCameraDriver.o
                0x2000aa7c                setStopFlag
 .text.GECKO_ReadImage
                0x2000aacc      0x1e4 ./src/sub-systemCode/payload/Drivers/GeckoCameraDriver.o
                0x2000aacc                GECKO_ReadImage
 .text.GECKO_EraseBlock
                0x2000acb0       0xdc ./src/sub-systemCode/payload/Drivers/GeckoCameraDriver.o
                0x2000acb0                GECKO_EraseBlock
 .text.getFileName
                0x2000ad8c      0x1f8 ./src/sub-systemCode/payload/DataBase/DataBase.o
 .text.zeroImageDataBase
                0x2000af84       0xfc ./src/sub-systemCode/payload/DataBase/DataBase.o
                0x2000af84                zeroImageDataBase
 .text.updateGeneralDataBaseParameters
                0x2000b080       0x5c ./src/sub-systemCode/payload/DataBase/DataBase.o
                0x2000b080                updateGeneralDataBaseParameters
 .text.SearchDataBase_byID
                0x2000b0dc       0xe8 ./src/sub-systemCode/payload/DataBase/DataBase.o
                0x2000b0dc                SearchDataBase_byID
 .text.SearchDataBase_byMark
                0x2000b1c4       0xb8 ./src/sub-systemCode/payload/DataBase/DataBase.o
                0x2000b1c4                SearchDataBase_byMark
 .text.SearchDataBase_forLatestMarkedImage
                0x2000b27c       0x38 ./src/sub-systemCode/payload/DataBase/DataBase.o
                0x2000b27c                SearchDataBase_forLatestMarkedImage
 .text.SearchDataBase_byTimeRange
                0x2000b2b4      0x148 ./src/sub-systemCode/payload/DataBase/DataBase.o
                0x2000b2b4                SearchDataBase_byTimeRange
 .text.SearchDataBase_forImageFileType_byTimeRange
                0x2000b3fc      0x11c ./src/sub-systemCode/payload/DataBase/DataBase.o
                0x2000b3fc                SearchDataBase_forImageFileType_byTimeRange
 .text.checkForFileType
                0x2000b518       0x74 ./src/sub-systemCode/payload/DataBase/DataBase.o
                0x2000b518                checkForFileType
 .text.updateFileTypes
                0x2000b58c       0xbc ./src/sub-systemCode/payload/DataBase/DataBase.o
                0x2000b58c                updateFileTypes
 .text.GetImageFactor
                0x2000b648       0x58 ./src/sub-systemCode/payload/DataBase/DataBase.o
                0x2000b648                GetImageFactor
 .text.readImageFromBuffer
                0x2000b6a0      0x12c ./src/sub-systemCode/payload/DataBase/DataBase.o
                0x2000b6a0                readImageFromBuffer
 .text.saveImageToBuffer
                0x2000b7cc      0x12c ./src/sub-systemCode/payload/DataBase/DataBase.o
                0x2000b7cc                saveImageToBuffer
 .text.getLatestID
                0x2000b8f8       0x48 ./src/sub-systemCode/payload/DataBase/DataBase.o
                0x2000b8f8                getLatestID
 .text.getDataBaseStart
                0x2000b940       0x20 ./src/sub-systemCode/payload/DataBase/DataBase.o
                0x2000b940                getDataBaseStart
 .text.getDataBaseEnd
                0x2000b960       0x20 ./src/sub-systemCode/payload/DataBase/DataBase.o
                0x2000b960                getDataBaseEnd
 .text.setDataBaseValues
                0x2000b980       0xd0 ./src/sub-systemCode/payload/DataBase/DataBase.o
                0x2000b980                setDataBaseValues
 .text.initImageDataBase
                0x2000ba50       0xd4 ./src/sub-systemCode/payload/DataBase/DataBase.o
                0x2000ba50                initImageDataBase
 .text.resetImageDataBase
                0x2000bb24       0x98 ./src/sub-systemCode/payload/DataBase/DataBase.o
                0x2000bb24                resetImageDataBase
 .text.setCameraPhotographyValues
                0x2000bbbc      0x130 ./src/sub-systemCode/payload/DataBase/DataBase.o
                0x2000bbbc                setCameraPhotographyValues
 .text.transferImageToSD_withoutSearch
                0x2000bcec      0x16c ./src/sub-systemCode/payload/DataBase/DataBase.o
                0x2000bcec                transferImageToSD_withoutSearch
 .text.transferImageToSD
                0x2000be58       0xac ./src/sub-systemCode/payload/DataBase/DataBase.o
                0x2000be58                transferImageToSD
 .text.DeleteImageFromOBC_withoutSearch
                0x2000bf04       0xf0 ./src/sub-systemCode/payload/DataBase/DataBase.o
                0x2000bf04                DeleteImageFromOBC_withoutSearch
 .text.DeleteImageFromOBC
                0x2000bff4       0xb8 ./src/sub-systemCode/payload/DataBase/DataBase.o
                0x2000bff4                DeleteImageFromOBC
 .text.DeleteImageFromPayload
                0x2000c0ac      0x260 ./src/sub-systemCode/payload/DataBase/DataBase.o
                0x2000c0ac                DeleteImageFromPayload
 .text.clearImageDataBase
                0x2000c30c      0x134 ./src/sub-systemCode/payload/DataBase/DataBase.o
                0x2000c30c                clearImageDataBase
 .text.handleMarkedPictures
                0x2000c440      0x21c ./src/sub-systemCode/payload/DataBase/DataBase.o
                0x2000c440                handleMarkedPictures
 .text.writeNewImageMetaDataToFRAM
                0x2000c65c      0x21c ./src/sub-systemCode/payload/DataBase/DataBase.o
                0x2000c65c                writeNewImageMetaDataToFRAM
 .text.takePicture
                0x2000c878      0x344 ./src/sub-systemCode/payload/DataBase/DataBase.o
                0x2000c878                takePicture
 .text.takePicture_withSpecialParameters
                0x2000cbbc       0xc4 ./src/sub-systemCode/payload/DataBase/DataBase.o
                0x2000cbbc                takePicture_withSpecialParameters
 .text.GetImageFileName_withSpecialParameters
                0x2000cc80       0x98 ./src/sub-systemCode/payload/DataBase/DataBase.o
                0x2000cc80                GetImageFileName_withSpecialParameters
 .text.GetImageFileName
                0x2000cd18       0x98 ./src/sub-systemCode/payload/DataBase/DataBase.o
                0x2000cd18                GetImageFileName
 .text.getDataBaseSize
                0x2000cdb0       0x20 ./src/sub-systemCode/payload/DataBase/DataBase.o
                0x2000cdb0                getDataBaseSize
 .text.getImageDataBaseBuffer
                0x2000cdd0      0x144 ./src/sub-systemCode/payload/DataBase/DataBase.o
                0x2000cdd0                getImageDataBaseBuffer
 .text.setAutoThumbnailCreation
                0x2000cf14       0x30 ./src/sub-systemCode/payload/DataBase/DataBase.o
                0x2000cf14                setAutoThumbnailCreation
 .text.Gecko_TroubleShooter
                0x2000cf44       0xd8 ./src/sub-systemCode/payload/DataBase/DataBase.o
                0x2000cf44                Gecko_TroubleShooter
 .text.TransformRawToBMP
                0x2000d01c      0x1b8 ./src/sub-systemCode/payload/Compression/jpeg/bmp/rawToBMP.o
                0x2000d01c                TransformRawToBMP
 .text.interpolate
                0x2000d1d4      0x8d0 ./src/sub-systemCode/payload/Compression/jpeg/bmp/rawToBMP.o
                0x2000d1d4                interpolate
 .text.getInputAt
                0x2000daa4      0x288 ./src/sub-systemCode/payload/Compression/jpeg/bmp/rawToBMP.o
                0x2000daa4                getInputAt
 .text.f_writeF_FILEHeader
                0x2000dd2c      0x2d8 ./src/sub-systemCode/payload/Compression/jpeg/bmp/rawToBMP.o
                0x2000dd2c                f_writeF_FILEHeader
 .text.f_writeOutputRow
                0x2000e004       0xa4 ./src/sub-systemCode/payload/Compression/jpeg/bmp/rawToBMP.o
                0x2000e004                f_writeOutputRow
 .text.dct      0x2000e0a8      0x9c4 ./src/sub-systemCode/payload/Compression/jpeg/DCT.o
                0x2000e0a8                dct
 .text.JPEG_compressor
                0x2000ea6c       0xbc ./src/sub-systemCode/payload/Compression/jpeg/ImgCompressor.o
                0x2000ea6c                JPEG_compressor
 .text.Create_BMP_File
                0x2000eb28       0xf4 ./src/sub-systemCode/payload/Compression/jpeg/ImgCompressor.o
                0x2000eb28                Create_BMP_File
 .text.CompressImage
                0x2000ec1c      0x1b4 ./src/sub-systemCode/payload/Compression/jpeg/ImgCompressor.o
                0x2000ec1c                CompressImage
 .text.clamp    0x2000edd0       0x60 ./src/sub-systemCode/payload/Compression/jpeg/color_conv.o
                0x2000edd0                clamp
 .text.RGB_to_YCC
                0x2000ee30      0x1a8 ./src/sub-systemCode/payload/Compression/jpeg/color_conv.o
                0x2000ee30                RGB_to_YCC
 .text.RGB_to_Y
                0x2000efd8       0xc4 ./src/sub-systemCode/payload/Compression/jpeg/color_conv.o
                0x2000efd8                RGB_to_Y
 .text.Y_to_YCC
                0x2000f09c       0x88 ./src/sub-systemCode/payload/Compression/jpeg/color_conv.o
                0x2000f09c                Y_to_YCC
 .text.compress_image_to_jpeg_file
                0x2000f124      0x1ac ./src/sub-systemCode/payload/Compression/jpeg/jpeg.o
                0x2000f124                compress_image_to_jpeg_file
 .text.emit_marker
                0x2000f2d0       0xc8 ./src/sub-systemCode/payload/Compression/jpeg/jpeg_encoder.o
                0x2000f2d0                emit_marker
 .text.emit_byte
                0x2000f398       0x6c ./src/sub-systemCode/payload/Compression/jpeg/jpeg_encoder.o
                0x2000f398                emit_byte
 .text.emit_word
                0x2000f404       0xd0 ./src/sub-systemCode/payload/Compression/jpeg/jpeg_encoder.o
                0x2000f404                emit_word
 .text.emit_jfif_app0
                0x2000f4d4       0xc0 ./src/sub-systemCode/payload/Compression/jpeg/jpeg_encoder.o
                0x2000f4d4                emit_jfif_app0
 .text.emit_dqt
                0x2000f594       0xd8 ./src/sub-systemCode/payload/Compression/jpeg/jpeg_encoder.o
                0x2000f594                emit_dqt
 .text.emit_sof
                0x2000f66c      0x14c ./src/sub-systemCode/payload/Compression/jpeg/jpeg_encoder.o
                0x2000f66c                emit_sof
 .text.emit_dht
                0x2000f7b8      0x138 ./src/sub-systemCode/payload/Compression/jpeg/jpeg_encoder.o
                0x2000f7b8                emit_dht
 .text.emit_dhts
                0x2000f8f0       0xd8 ./src/sub-systemCode/payload/Compression/jpeg/jpeg_encoder.o
                0x2000f8f0                emit_dhts
 .text.emit_sos
                0x2000f9c8       0xec ./src/sub-systemCode/payload/Compression/jpeg/jpeg_encoder.o
                0x2000f9c8                emit_sos
 .text.emit_markers
                0x2000fab4       0x4c ./src/sub-systemCode/payload/Compression/jpeg/jpeg_encoder.o
                0x2000fab4                emit_markers
 .text.compute_huffman_table
                0x2000fb00      0x334 ./src/sub-systemCode/payload/Compression/jpeg/jpeg_encoder.o
                0x2000fb00                compute_huffman_table
 .text.compute_quant_table
                0x2000fe34      0x11c ./src/sub-systemCode/payload/Compression/jpeg/jpeg_encoder.o
                0x2000fe34                compute_quant_table
 .text.first_pass_init
                0x2000ff50       0x54 ./src/sub-systemCode/payload/Compression/jpeg/jpeg_encoder.o
                0x2000ff50                first_pass_init
 .text.second_pass_init
                0x2000ffa4      0x110 ./src/sub-systemCode/payload/Compression/jpeg/jpeg_encoder.o
                0x2000ffa4                second_pass_init
 .text.jpg_open
                0x200100b4      0x7b4 ./src/sub-systemCode/payload/Compression/jpeg/jpeg_encoder.o
                0x200100b4                jpg_open
 .text.load_block_8_8_grey
                0x20010868      0x164 ./src/sub-systemCode/payload/Compression/jpeg/jpeg_encoder.o
                0x20010868                load_block_8_8_grey
 .text.load_block_8_8
                0x200109cc      0x198 ./src/sub-systemCode/payload/Compression/jpeg/jpeg_encoder.o
                0x200109cc                load_block_8_8
 .text.load_block_16_8
                0x20010b64      0x3cc ./src/sub-systemCode/payload/Compression/jpeg/jpeg_encoder.o
                0x20010b64                load_block_16_8
 .text.load_block_16_8_8
                0x20010f30      0x2a8 ./src/sub-systemCode/payload/Compression/jpeg/jpeg_encoder.o
                0x20010f30                load_block_16_8_8
 .text.load_coefficients
                0x200111d8      0x1c8 ./src/sub-systemCode/payload/Compression/jpeg/jpeg_encoder.o
                0x200111d8                load_coefficients
 .text.flush_output_buffer
                0x200113a0       0xa0 ./src/sub-systemCode/payload/Compression/jpeg/jpeg_encoder.o
                0x200113a0                flush_output_buffer
 .text.put_bits
                0x20011440      0x170 ./src/sub-systemCode/payload/Compression/jpeg/jpeg_encoder.o
                0x20011440                put_bits
 .text.code_coefficients_pass_two
                0x200115b0      0x338 ./src/sub-systemCode/payload/Compression/jpeg/jpeg_encoder.o
                0x200115b0                code_coefficients_pass_two
 .text.code_block
                0x200118e8       0x44 ./src/sub-systemCode/payload/Compression/jpeg/jpeg_encoder.o
                0x200118e8                code_block
 .text.process_mcu_row
                0x2001192c      0x328 ./src/sub-systemCode/payload/Compression/jpeg/jpeg_encoder.o
                0x2001192c                process_mcu_row
 .text.terminate_pass_two
                0x20011c54       0x44 ./src/sub-systemCode/payload/Compression/jpeg/jpeg_encoder.o
                0x20011c54                terminate_pass_two
 .text.process_end_of_image
                0x20011c98       0xc0 ./src/sub-systemCode/payload/Compression/jpeg/jpeg_encoder.o
                0x20011c98                process_end_of_image
 .text.load_mcu
                0x20011d58      0x29c ./src/sub-systemCode/payload/Compression/jpeg/jpeg_encoder.o
                0x20011d58                load_mcu
 .text.clear    0x20011ff4      0x1e0 ./src/sub-systemCode/payload/Compression/jpeg/jpeg_encoder.o
                0x20011ff4                clear
 .text.init     0x200121d4       0xe4 ./src/sub-systemCode/payload/Compression/jpeg/jpeg_encoder.o
                0x200121d4                init
 .text.deinit   0x200122b8      0x160 ./src/sub-systemCode/payload/Compression/jpeg/jpeg_encoder.o
                0x200122b8                deinit
 .text.process_scanline
                0x20012418       0x6c ./src/sub-systemCode/payload/Compression/jpeg/jpeg_encoder.o
                0x20012418                process_scanline
 .text.jpge_malloc
                0x20012484       0x28 ./src/sub-systemCode/payload/Compression/jpeg/jpeg_memory_alloc.o
                0x20012484                jpge_malloc
 .text.jpge_cmalloc
                0x200124ac       0x48 ./src/sub-systemCode/payload/Compression/jpeg/jpeg_memory_alloc.o
                0x200124ac                jpge_cmalloc
 .text.jpge_free
                0x200124f4       0x24 ./src/sub-systemCode/payload/Compression/jpeg/jpeg_memory_alloc.o
                0x200124f4                jpge_free
 .text.check    0x20012518       0x78 ./src/sub-systemCode/payload/Compression/jpeg/jpeg_params.o
                0x20012518                check
 .text.open_jpeg_file
                0x20012590       0xfc ./src/sub-systemCode/payload/Compression/jpeg/output_stream.o
                0x20012590                open_jpeg_file
 .text.close_jpeg_file
                0x2001268c      0x118 ./src/sub-systemCode/payload/Compression/jpeg/output_stream.o
                0x2001268c                close_jpeg_file
 .text.put_buf  0x200127a4      0x258 ./src/sub-systemCode/payload/Compression/jpeg/output_stream.o
                0x200127a4                put_buf
 .text.GetBayerPixel
                0x200129fc       0xe8 ./src/sub-systemCode/payload/Compression/ImageConversion.o
 .text.BinImage
                0x20012ae4      0x2c8 ./src/sub-systemCode/payload/Compression/ImageConversion.o
                0x20012ae4                BinImage
 .text.ImageSkipping
                0x20012dac      0x2ac ./src/sub-systemCode/payload/Compression/ImageConversion.o
                0x20012dac                ImageSkipping
 .text.CreateImageThumbnail_withoutSearch
                0x20013058      0x14c ./src/sub-systemCode/payload/Compression/ImageConversion.o
                0x20013058                CreateImageThumbnail_withoutSearch
 .text.CreateImageThumbnail
                0x200131a4       0x98 ./src/sub-systemCode/payload/Compression/ImageConversion.o
                0x200131a4                CreateImageThumbnail
 .text.compressImage
                0x2001323c      0x16c ./src/sub-systemCode/payload/Compression/ImageConversion.o
                0x2001323c                compressImage
 .text.AdcsCmdQueueInit
                0x200133a8       0x4c ./src/sub-systemCode/Main/CMD/ADCS_CMD.o
                0x200133a8                AdcsCmdQueueInit
 .text.AdcsCmdQueueGet
                0x200133f4       0x8c ./src/sub-systemCode/Main/CMD/ADCS_CMD.o
                0x200133f4                AdcsCmdQueueGet
 .text.AdcsCmdQueueAdd
                0x20013480       0x74 ./src/sub-systemCode/Main/CMD/ADCS_CMD.o
                0x20013480                AdcsCmdQueueAdd
 .text.AdcsCmdQueueIsEmpty
                0x200134f4       0x3c ./src/sub-systemCode/Main/CMD/ADCS_CMD.o
                0x200134f4                AdcsCmdQueueIsEmpty
 .text.getAdcsQueueWaitPointer
                0x20013530       0x20 ./src/sub-systemCode/Main/CMD/ADCS_CMD.o
                0x20013530                getAdcsQueueWaitPointer
 .text.cmd_mute
                0x20013550       0xf4 ./src/sub-systemCode/Main/CMD/COMM_CMD.o
                0x20013550                cmd_mute
 .text.cmd_unmute
                0x20013644       0x90 ./src/sub-systemCode/Main/CMD/COMM_CMD.o
                0x20013644                cmd_unmute
 .text.cmd_active_trans
                0x200136d4       0xc0 ./src/sub-systemCode/Main/CMD/COMM_CMD.o
                0x200136d4                cmd_active_trans
 .text.cmd_shut_trans
                0x20013794       0x8c ./src/sub-systemCode/Main/CMD/COMM_CMD.o
                0x20013794                cmd_shut_trans
 .text.cmd_change_trans_rssi
                0x20013820      0x140 ./src/sub-systemCode/Main/CMD/COMM_CMD.o
                0x20013820                cmd_change_trans_rssi
 .text.cmd_aprs_dump
                0x20013960       0x38 ./src/sub-systemCode/Main/CMD/COMM_CMD.o
                0x20013960                cmd_aprs_dump
 .text.cmd_stop_dump
                0x20013998       0x8c ./src/sub-systemCode/Main/CMD/COMM_CMD.o
                0x20013998                cmd_stop_dump
 .text.cmd_time_frequency
                0x20013a24       0xf8 ./src/sub-systemCode/Main/CMD/COMM_CMD.o
                0x20013a24                cmd_time_frequency
 .text.cmd_change_def_bit_rate
                0x20013b1c      0x1a8 ./src/sub-systemCode/Main/CMD/COMM_CMD.o
                0x20013b1c                cmd_change_def_bit_rate
 .text.cmd_upload_volt_logic
                0x20013cc4      0x370 ./src/sub-systemCode/Main/CMD/EPS_CMD.o
                0x20013cc4                cmd_upload_volt_logic
 .text.cmd_upload_volt_COMM
                0x20014034      0x1d4 ./src/sub-systemCode/Main/CMD/EPS_CMD.o
                0x20014034                cmd_upload_volt_COMM
 .text.cmd_heater_temp
                0x20014208       0xe4 ./src/sub-systemCode/Main/CMD/EPS_CMD.o
                0x20014208                cmd_heater_temp
 .text.cmd_SHUT_CAM
                0x200142ec       0x78 ./src/sub-systemCode/Main/CMD/EPS_CMD.o
                0x200142ec                cmd_SHUT_CAM
 .text.cmd_SHUT_ADCS
                0x20014364       0x78 ./src/sub-systemCode/Main/CMD/EPS_CMD.o
                0x20014364                cmd_SHUT_ADCS
 .text.cmd_allow_CAM
                0x200143dc       0x78 ./src/sub-systemCode/Main/CMD/EPS_CMD.o
                0x200143dc                cmd_allow_CAM
 .text.cmd_allow_ADCS
                0x20014454       0x78 ./src/sub-systemCode/Main/CMD/EPS_CMD.o
                0x20014454                cmd_allow_ADCS
 .text.cmd_update_alpha
                0x200144cc      0x120 ./src/sub-systemCode/Main/CMD/EPS_CMD.o
                0x200144cc                cmd_update_alpha
 .text.cmd_generic_I2C
                0x200145ec       0xe4 ./src/sub-systemCode/Main/CMD/General_CMD.o
                0x200145ec                cmd_generic_I2C
 .text.cmd_dump
                0x200146d0       0xf0 ./src/sub-systemCode/Main/CMD/General_CMD.o
                0x200146d0                cmd_dump
 .text.cmd_delete_TM
                0x200147c0      0x24c ./src/sub-systemCode/Main/CMD/General_CMD.o
                0x200147c0                cmd_delete_TM
 .text.cmd_reset_file
                0x20014a0c      0x130 ./src/sub-systemCode/Main/CMD/General_CMD.o
                0x20014a0c                cmd_reset_file
 .text.cmd_format_SD
                0x20014b3c       0x7c ./src/sub-systemCode/Main/CMD/General_CMD.o
                0x20014b3c                cmd_format_SD
 .text.cmd_dummy_func
                0x20014bb8       0x38 ./src/sub-systemCode/Main/CMD/General_CMD.o
                0x20014bb8                cmd_dummy_func
 .text.cmd_reset_TLM_SD
                0x20014bf0       0x54 ./src/sub-systemCode/Main/CMD/General_CMD.o
                0x20014bf0                cmd_reset_TLM_SD
 .text.cmd_stop_TM
                0x20014c44       0x7c ./src/sub-systemCode/Main/CMD/General_CMD.o
                0x20014c44                cmd_stop_TM
 .text.cmd_resume_TM
                0x20014cc0       0x7c ./src/sub-systemCode/Main/CMD/General_CMD.o
                0x20014cc0                cmd_resume_TM
 .text.cmd_soft_reset_cmponent
                0x20014d3c       0xd0 ./src/sub-systemCode/Main/CMD/General_CMD.o
                0x20014d3c                cmd_soft_reset_cmponent
 .text.cmd_hard_reset_cmponent
                0x20014e0c       0xd0 ./src/sub-systemCode/Main/CMD/General_CMD.o
                0x20014e0c                cmd_hard_reset_cmponent
 .text.cmd_reset_satellite
                0x20014edc       0x90 ./src/sub-systemCode/Main/CMD/General_CMD.o
                0x20014edc                cmd_reset_satellite
 .text.cmd_gracefull_reset_satellite
                0x20014f6c       0x90 ./src/sub-systemCode/Main/CMD/General_CMD.o
                0x20014f6c                cmd_gracefull_reset_satellite
 .text.cmd_upload_time
                0x20014ffc       0xc4 ./src/sub-systemCode/Main/CMD/General_CMD.o
                0x20014ffc                cmd_upload_time
 .text.cmd_ARM_DIARM
                0x200150c0      0x104 ./src/sub-systemCode/Main/CMD/General_CMD.o
                0x200150c0                cmd_ARM_DIARM
 .text.cmd_get_onlineTM
                0x200151c4      0x220 ./src/sub-systemCode/Main/CMD/General_CMD.o
                0x200151c4                cmd_get_onlineTM
 .text.cmd_reset_off_line
                0x200153e4       0x74 ./src/sub-systemCode/Main/CMD/General_CMD.o
                0x200153e4                cmd_reset_off_line
 .text.cmd_add_item_off_line
                0x20015458      0x124 ./src/sub-systemCode/Main/CMD/General_CMD.o
                0x20015458                cmd_add_item_off_line
 .text.cmd_delete_item_off_line
                0x2001557c       0xb0 ./src/sub-systemCode/Main/CMD/General_CMD.o
                0x2001557c                cmd_delete_item_off_line
 .text.cmd_get_off_line_setting
                0x2001562c      0x1cc ./src/sub-systemCode/Main/CMD/General_CMD.o
                0x2001562c                cmd_get_off_line_setting
 .text.cmd_reset_delayed_command_list
                0x200157f8       0x3c ./src/sub-systemCode/Main/CMD/SW_CMD.o
                0x200157f8                cmd_reset_delayed_command_list
 .text.cmd_reset_APRS_list
                0x20015834       0x3c ./src/sub-systemCode/Main/CMD/SW_CMD.o
                0x20015834                cmd_reset_APRS_list
 .text.cmd_reset_FRAM
                0x20015870      0x100 ./src/sub-systemCode/Main/CMD/SW_CMD.o
                0x20015870                cmd_reset_FRAM
 .text.cmd_FRAM_read
                0x20015970      0x270 ./src/sub-systemCode/Main/CMD/SW_CMD.o
                0x20015970                cmd_FRAM_read
 .text.cmd_FRAM_write
                0x20015be0      0x114 ./src/sub-systemCode/Main/CMD/SW_CMD.o
                0x20015be0                cmd_FRAM_write
 .text.init_Ants
                0x20015cf4       0x90 ./src/sub-systemCode/Main/Ants.o
                0x20015cf4                init_Ants
 .text.ARM_ants
                0x20015d84       0xb8 ./src/sub-systemCode/Main/Ants.o
                0x20015d84                ARM_ants
 .text.DISARM_ants
                0x20015e3c       0xf0 ./src/sub-systemCode/Main/Ants.o
                0x20015e3c                DISARM_ants
 .text.deploye_ants
                0x20015f2c       0x90 ./src/sub-systemCode/Main/Ants.o
                0x20015f2c                deploye_ants
 .text.checkDeployAttempt
                0x20015fbc      0x180 ./src/sub-systemCode/Main/Ants.o
                0x20015fbc                checkDeployAttempt
 .text.reset_deployStatusFRAM
                0x2001613c       0xdc ./src/sub-systemCode/Main/Ants.o
                0x2001613c                reset_deployStatusFRAM
 .text.reset_FRAM_ants
                0x20016218       0xc4 ./src/sub-systemCode/Main/Ants.o
                0x20016218                reset_FRAM_ants
 .text.DeployIfNeeded
                0x200162dc      0x188 ./src/sub-systemCode/Main/Ants.o
                0x200162dc                DeployIfNeeded
 .text.update_stopDeploy_FRAM
                0x20016464       0x64 ./src/sub-systemCode/Main/Ants.o
                0x20016464                update_stopDeploy_FRAM
 .text.round_vol
                0x200164c8      0x124 ./src/sub-systemCode/Main/EPS.o
                0x200164c8                round_vol
 .text.get_shut_ADCS
                0x200165ec       0x64 ./src/sub-systemCode/Main/EPS.o
                0x200165ec                get_shut_ADCS
 .text.shut_ADCS
                0x20016650       0x60 ./src/sub-systemCode/Main/EPS.o
                0x20016650                shut_ADCS
 .text.get_shut_CAM
                0x200166b0       0x64 ./src/sub-systemCode/Main/EPS.o
                0x200166b0                get_shut_CAM
 .text.shut_CAM
                0x20016714       0x60 ./src/sub-systemCode/Main/EPS.o
                0x20016714                shut_CAM
 .text.update_powerLines
                0x20016774      0x124 ./src/sub-systemCode/Main/EPS.o
                0x20016774                update_powerLines
 .text.get_EPS_mode_t
                0x20016898       0x24 ./src/sub-systemCode/Main/EPS.o
                0x20016898                get_EPS_mode_t
 .text.init_enterMode
                0x200168bc       0x88 ./src/sub-systemCode/Main/EPS.o
                0x200168bc                init_enterMode
 .text.EPS_Init
                0x20016944      0x1ac ./src/sub-systemCode/Main/EPS.o
                0x20016944                EPS_Init
 .text.reset_FRAM_EPS
                0x20016af0      0x150 ./src/sub-systemCode/Main/EPS.o
                0x20016af0                reset_FRAM_EPS
 .text.reset_EPS_voltages
                0x20016c40      0x110 ./src/sub-systemCode/Main/EPS.o
                0x20016c40                reset_EPS_voltages
 .text.writeState_log
                0x20016d50       0x94 ./src/sub-systemCode/Main/EPS.o
                0x20016d50                writeState_log
 .text.battery_downward
                0x20016de4      0x144 ./src/sub-systemCode/Main/EPS.o
                0x20016de4                battery_downward
 .text.battery_upward
                0x20016f28      0x150 ./src/sub-systemCode/Main/EPS.o
                0x20016f28                battery_upward
 .text.sanityCheck_EPS
                0x20017078      0x178 ./src/sub-systemCode/Main/EPS.o
                0x20017078                sanityCheck_EPS
 .text.overRide_ADCS
                0x200171f0       0x50 ./src/sub-systemCode/Main/EPS.o
                0x200171f0                overRide_ADCS
 .text.overRide_Camera
                0x20017240       0x38 ./src/sub-systemCode/Main/EPS.o
                0x20017240                overRide_Camera
 .text.EPS_Conditioning
                0x20017278      0x2e4 ./src/sub-systemCode/Main/EPS.o
                0x20017278                EPS_Conditioning
 .text.EnterFullMode
                0x2001755c       0xf0 ./src/sub-systemCode/Main/EPS.o
                0x2001755c                EnterFullMode
 .text.EnterCruiseMode
                0x2001764c       0xe0 ./src/sub-systemCode/Main/EPS.o
                0x2001764c                EnterCruiseMode
 .text.EnterSafeMode
                0x2001772c       0xe0 ./src/sub-systemCode/Main/EPS.o
                0x2001772c                EnterSafeMode
 .text.EnterCriticalMode
                0x2001780c       0xcc ./src/sub-systemCode/Main/EPS.o
                0x2001780c                EnterCriticalMode
 .text.check_EPSTableCorrection
                0x200178d8      0x120 ./src/sub-systemCode/Main/EPS.o
                0x200178d8                check_EPSTableCorrection
 .text.save_ACK
                0x200179f8       0xc8 ./src/sub-systemCode/Main/HouseKeeping.o
                0x200179f8                save_ACK
 .text.set_GP_EPS
                0x20017ac0      0x10c ./src/sub-systemCode/Main/HouseKeeping.o
                0x20017ac0                set_GP_EPS
 .text.set_GP_COMM
                0x20017bcc       0x88 ./src/sub-systemCode/Main/HouseKeeping.o
                0x20017bcc                set_GP_COMM
 .text.SP_HK_collect
                0x20017c54      0x22c ./src/sub-systemCode/Main/HouseKeeping.o
                0x20017c54                SP_HK_collect
 .text.EPS_HK_collect
                0x20017e80      0x528 ./src/sub-systemCode/Main/HouseKeeping.o
                0x20017e80                EPS_HK_collect
 .text.CAM_HK_collect
                0x200183a8      0x920 ./src/sub-systemCode/Main/HouseKeeping.o
                0x200183a8                CAM_HK_collect
 .text.COMM_HK_collect
                0x20018cc8      0x2d0 ./src/sub-systemCode/Main/HouseKeeping.o
                0x20018cc8                COMM_HK_collect
 .text.HK_find_ADCSTM_fileName
                0x20018f98      0x44c ./src/sub-systemCode/Main/HouseKeeping.o
                0x20018f98                HK_find_ADCSTM_fileName
 .text.HK_find_fileName
                0x200193e4      0x174 ./src/sub-systemCode/Main/HouseKeeping.o
                0x200193e4                HK_find_fileName
 .text.HK_find_ADCSTM_ElementSize
                0x20019558      0x1b8 ./src/sub-systemCode/Main/HouseKeeping.o
                0x20019558                HK_find_ADCSTM_ElementSize
 .text.HK_findElementSize
                0x20019710       0xd4 ./src/sub-systemCode/Main/HouseKeeping.o
                0x20019710                HK_findElementSize
 .text.build_HK_spl_packet
                0x200197e4      0x27c ./src/sub-systemCode/Main/HouseKeeping.o
                0x200197e4                build_HK_spl_packet
 .text.numberOfRestarts
                0x20019a60       0x94 ./src/sub-systemCode/Main/Main_Init.o
                0x20019a60                numberOfRestarts
 .text.StartFRAM
                0x20019af4       0x1c ./src/sub-systemCode/Main/Main_Init.o
                0x20019af4                StartFRAM
 .text.StartI2C
                0x20019b10       0x28 ./src/sub-systemCode/Main/Main_Init.o
                0x20019b10                StartI2C
 .text.StartSPI
                0x20019b38       0x24 ./src/sub-systemCode/Main/Main_Init.o
                0x20019b38                StartSPI
 .text.StartTIME
                0x20019b5c      0x104 ./src/sub-systemCode/Main/Main_Init.o
                0x20019b5c                StartTIME
 .text.first_activation
                0x20019c60       0x7c ./src/sub-systemCode/Main/Main_Init.o
                0x20019c60                first_activation
 .text.InitSubsystems
                0x20019cdc       0x74 ./src/sub-systemCode/Main/Main_Init.o
                0x20019cdc                InitSubsystems
 .text.SubSystemTaskStart
                0x20019d50      0x13c ./src/sub-systemCode/Main/Main_Init.o
                0x20019d50                SubSystemTaskStart
 .text.copy_command
                0x20019e8c       0x80 ./src/sub-systemCode/Main/commands.o
                0x20019e8c                copy_command
 .text.reset_command
                0x20019f0c       0x28 ./src/sub-systemCode/Main/commands.o
                0x20019f0c                reset_command
 .text.init_command
                0x20019f34       0xf4 ./src/sub-systemCode/Main/commands.o
                0x20019f34                init_command
 .text.add_command
                0x2001a028      0x12c ./src/sub-systemCode/Main/commands.o
                0x2001a028                add_command
 .text.get_command
                0x2001a154      0x1c0 ./src/sub-systemCode/Main/commands.o
                0x2001a154                get_command
 .text.act_upon_command
                0x2001a314      0x1cc ./src/sub-systemCode/Main/commands.o
                0x2001a314                act_upon_command
 .text.cmd_error
                0x2001a4e0       0x38 ./src/sub-systemCode/Main/commands.o
                0x2001a4e0                cmd_error
 .text.AUC_COMM
                0x2001a518      0x25c ./src/sub-systemCode/Main/commands.o
                0x2001a518                AUC_COMM
 .text.AUC_general
                0x2001a774      0x390 ./src/sub-systemCode/Main/commands.o
                0x2001a774                AUC_general
 .text.AUC_payload
                0x2001ab04      0x248 ./src/sub-systemCode/Main/commands.o
                0x2001ab04                AUC_payload
 .text.AUC_EPS  0x2001ad4c      0x28c ./src/sub-systemCode/Main/commands.o
                0x2001ad4c                AUC_EPS
 .text.AUC_SW   0x2001afd8      0x1cc ./src/sub-systemCode/Main/commands.o
                0x2001afd8                AUC_SW
 .text.AUC_onlineTM
                0x2001b1a4      0x1f0 ./src/sub-systemCode/Main/commands.o
                0x2001b1a4                AUC_onlineTM
 .text.AUC_CUF  0x2001b394      0x168 ./src/sub-systemCode/Main/commands.o
                0x2001b394                AUC_CUF
 .text.init_GenericSaveQueue
                0x2001b4fc       0x3c ./src/sub-systemCode/Global/GenericTaskSave.o
                0x2001b4fc                init_GenericSaveQueue
 .text.add_GenericElement_queue
                0x2001b538       0x80 ./src/sub-systemCode/Global/GenericTaskSave.o
                0x2001b538                add_GenericElement_queue
 .text.GenericSave_Task
                0x2001b5b8      0x128 ./src/sub-systemCode/Global/GenericTaskSave.o
                0x2001b5b8                GenericSave_Task
 .text.check_int
                0x2001b6e0       0x20 ./src/sub-systemCode/Global/Global.o
                0x2001b6e0                check_int
 .text.check_portBASE_TYPE
                0x2001b700       0x20 ./src/sub-systemCode/Global/Global.o
                0x2001b700                check_portBASE_TYPE
 .text.soft_reset_subsystem
                0x2001b720       0xf0 ./src/sub-systemCode/Global/Global.o
                0x2001b720                soft_reset_subsystem
 .text.hard_reset_subsystem
                0x2001b810      0x134 ./src/sub-systemCode/Global/Global.o
                0x2001b810                hard_reset_subsystem
 .text.BigEnE_raw_to_uInt
                0x2001b944       0x94 ./src/sub-systemCode/Global/Global.o
                0x2001b944                BigEnE_raw_to_uInt
 .text.BigEnE_raw_to_uShort
                0x2001b9d8       0x50 ./src/sub-systemCode/Global/Global.o
                0x2001b9d8                BigEnE_raw_to_uShort
 .text.BigEnE_uInt_to_raw
                0x2001ba28       0x78 ./src/sub-systemCode/Global/Global.o
                0x2001ba28                BigEnE_uInt_to_raw
 .text.reset_FRAM_MAIN
                0x2001baa0      0x1cc ./src/sub-systemCode/Global/Global.o
                0x2001baa0                reset_FRAM_MAIN
 .text.getBitValueByIndex
                0x2001bc6c       0xd0 ./src/sub-systemCode/Global/Global.o
                0x2001bc6c                getBitValueByIndex
 .text.FRAM_write_exte
                0x2001bd3c       0x84 ./src/sub-systemCode/Global/Global.o
                0x2001bd3c                FRAM_write_exte
 .text.FRAM_read_exte
                0x2001bdc0       0x84 ./src/sub-systemCode/Global/Global.o
                0x2001bdc0                FRAM_read_exte
 .text.FRAM_writeAndVerify_exte
                0x2001be44       0x84 ./src/sub-systemCode/Global/Global.o
                0x2001be44                FRAM_writeAndVerify_exte
 .text.init_GP  0x2001bec8      0x368 ./src/sub-systemCode/Global/GlobalParam.o
                0x2001bec8                init_GP
 .text.get_system_state
                0x2001c230      0x268 ./src/sub-systemCode/Global/GlobalParam.o
                0x2001c230                get_system_state
 .text.set_system_state
                0x2001c498      0x298 ./src/sub-systemCode/Global/GlobalParam.o
                0x2001c498                set_system_state
 .text.get_systems_state_param
                0x2001c730       0x8c ./src/sub-systemCode/Global/GlobalParam.o
                0x2001c730                get_systems_state_param
 .text.get_current_global_param
                0x2001c7bc      0x55c ./src/sub-systemCode/Global/GlobalParam.o
                0x2001c7bc                get_current_global_param
 .text.set_Vbatt
                0x2001cd18       0x8c ./src/sub-systemCode/Global/GlobalParam.o
                0x2001cd18                set_Vbatt
 .text.get_Vbatt
                0x2001cda4       0x8c ./src/sub-systemCode/Global/GlobalParam.o
                0x2001cda4                get_Vbatt
 .text.set_curBat
                0x2001ce30       0x8c ./src/sub-systemCode/Global/GlobalParam.o
                0x2001ce30                set_curBat
 .text.set_cur3V3
                0x2001cebc       0x8c ./src/sub-systemCode/Global/GlobalParam.o
                0x2001cebc                set_cur3V3
 .text.set_cur5V
                0x2001cf48       0x8c ./src/sub-systemCode/Global/GlobalParam.o
                0x2001cf48                set_cur5V
 .text.set_tempComm_LO
                0x2001cfd4       0x8c ./src/sub-systemCode/Global/GlobalParam.o
                0x2001cfd4                set_tempComm_LO
 .text.set_tempComm_PA
                0x2001d060       0x8c ./src/sub-systemCode/Global/GlobalParam.o
                0x2001d060                set_tempComm_PA
 .text.set_tempEPS
                0x2001d0ec       0xc8 ./src/sub-systemCode/Global/GlobalParam.o
                0x2001d0ec                set_tempEPS
 .text.set_tempBatt
                0x2001d1b4       0xc8 ./src/sub-systemCode/Global/GlobalParam.o
                0x2001d1b4                set_tempBatt
 .text.set_RxDoppler
                0x2001d27c       0x8c ./src/sub-systemCode/Global/GlobalParam.o
                0x2001d27c                set_RxDoppler
 .text.set_RxRSSI
                0x2001d308       0x8c ./src/sub-systemCode/Global/GlobalParam.o
                0x2001d308                set_RxRSSI
 .text.set_TxRefl
                0x2001d394       0x8c ./src/sub-systemCode/Global/GlobalParam.o
                0x2001d394                set_TxRefl
 .text.set_TxForw
                0x2001d420       0x8c ./src/sub-systemCode/Global/GlobalParam.o
                0x2001d420                set_TxForw
 .text.set_FS_failFlag
                0x2001d4ac       0x8c ./src/sub-systemCode/Global/GlobalParam.o
                0x2001d4ac                set_FS_failFlag
 .text.set_EPSState
                0x2001d538       0x8c ./src/sub-systemCode/Global/GlobalParam.o
                0x2001d538                set_EPSState
 .text.set_numOfDelayedCommand
                0x2001d5c4       0x8c ./src/sub-systemCode/Global/GlobalParam.o
                0x2001d5c4                set_numOfDelayedCommand
 .text.set_numOfResets
                0x2001d650       0xac ./src/sub-systemCode/Global/GlobalParam.o
                0x2001d650                set_numOfResets
 .text.set_ground_conn
                0x2001d6fc       0xa0 ./src/sub-systemCode/Global/GlobalParam.o
                0x2001d6fc                set_ground_conn
 .text.get_ground_conn
                0x2001d79c       0xa0 ./src/sub-systemCode/Global/GlobalParam.o
                0x2001d79c                get_ground_conn
 .text.IsisAntS_getStatusData_sideA
                0x2001d83c       0x3c ./src/sub-systemCode/Global/OnlineTM.o
                0x2001d83c                IsisAntS_getStatusData_sideA
 .text.IsisAntS_getAlltelemetry_sideA
                0x2001d878       0x3c ./src/sub-systemCode/Global/OnlineTM.o
                0x2001d878                IsisAntS_getAlltelemetry_sideA
 .text.IsisAntS_getTemperature_sideA
                0x2001d8b4       0x3c ./src/sub-systemCode/Global/OnlineTM.o
                0x2001d8b4                IsisAntS_getTemperature_sideA
 .text.IsisAntS_getStatusData_sideB
                0x2001d8f0       0x3c ./src/sub-systemCode/Global/OnlineTM.o
                0x2001d8f0                IsisAntS_getStatusData_sideB
 .text.IsisAntS_getAlltelemetry_sideB
                0x2001d92c       0x3c ./src/sub-systemCode/Global/OnlineTM.o
                0x2001d92c                IsisAntS_getAlltelemetry_sideB
 .text.IsisAntS_getTemperature_sideB
                0x2001d968       0x3c ./src/sub-systemCode/Global/OnlineTM.o
                0x2001d968                IsisAntS_getTemperature_sideB
 .text.HK_collect_EPS
                0x2001d9a4       0x30 ./src/sub-systemCode/Global/OnlineTM.o
                0x2001d9a4                HK_collect_EPS
 .text.HK_collect_COMM
                0x2001d9d4       0x30 ./src/sub-systemCode/Global/OnlineTM.o
                0x2001d9d4                HK_collect_COMM
 .text.HK_collect_CAM
                0x2001da04       0x30 ./src/sub-systemCode/Global/OnlineTM.o
                0x2001da04                HK_collect_CAM
 .text.HK_collect_SP
                0x2001da34       0x30 ./src/sub-systemCode/Global/OnlineTM.o
                0x2001da34                HK_collect_SP
 .text.HK_collect_FS_A
                0x2001da64       0x9c ./src/sub-systemCode/Global/OnlineTM.o
                0x2001da64                HK_collect_FS_A
 .text.HK_collect_FS_B
                0x2001db00       0x9c ./src/sub-systemCode/Global/OnlineTM.o
                0x2001db00                HK_collect_FS_B
 .text.save_offlineSetting_FRAM
                0x2001db9c      0x26c ./src/sub-systemCode/Global/OnlineTM.o
                0x2001db9c                save_offlineSetting_FRAM
 .text.get_offlineSetting_FRAM
                0x2001de08       0x58 ./src/sub-systemCode/Global/OnlineTM.o
                0x2001de08                get_offlineSetting_FRAM
 .text.update_offlineSetting_FRAM
                0x2001de60      0x360 ./src/sub-systemCode/Global/OnlineTM.o
                0x2001de60                update_offlineSetting_FRAM
 .text.get_offlineSettingPacket
                0x2001e1c0       0xc4 ./src/sub-systemCode/Global/OnlineTM.o
                0x2001e1c0                get_offlineSettingPacket
 .text.get_item_by_index
                0x2001e284       0xdc ./src/sub-systemCode/Global/OnlineTM.o
                0x2001e284                get_item_by_index
 .text.get_pointer_item_by_index
                0x2001e360       0x48 ./src/sub-systemCode/Global/OnlineTM.o
                0x2001e360                get_pointer_item_by_index
 .text.init_onlineParam
                0x2001e3a8     0x2f54 ./src/sub-systemCode/Global/OnlineTM.o
                0x2001e3a8                init_onlineParam
 .text.reset_offline_TM_list
                0x200212fc      0x184 ./src/sub-systemCode/Global/OnlineTM.o
                0x200212fc                reset_offline_TM_list
 .text.get_online_packet
                0x20021480      0x25c ./src/sub-systemCode/Global/OnlineTM.o
                0x20021480                get_online_packet
 .text.save_onlineTM_param
                0x200216dc      0x1b4 ./src/sub-systemCode/Global/OnlineTM.o
                0x200216dc                save_onlineTM_param
 .text.add_onlineTM_param_to_save_list
                0x20021890      0x3e4 ./src/sub-systemCode/Global/OnlineTM.o
                0x20021890                add_onlineTM_param_to_save_list
 .text.delete_onlineTM_param_from_offline
                0x20021c74      0x1a8 ./src/sub-systemCode/Global/OnlineTM.o
                0x20021c74                delete_onlineTM_param_from_offline
 .text.save_onlineTM_logic
                0x20021e1c      0x2c0 ./src/sub-systemCode/Global/OnlineTM.o
                0x20021e1c                save_onlineTM_logic
 .text.updateSD_state
                0x200220dc       0xc0 ./src/sub-systemCode/Global/OnlineTM.o
                0x200220dc                updateSD_state
 .text.sleepRTC_second
                0x2002219c       0x64 ./src/sub-systemCode/Global/OnlineTM.o
 .text.save_onlineTM_task
                0x20022200       0xe8 ./src/sub-systemCode/Global/OnlineTM.o
                0x20022200                save_onlineTM_task
 .text.reset_FRAM_FS
                0x200222e8       0x4c ./src/sub-systemCode/Global/TLM_management.o
                0x200222e8                reset_FRAM_FS
 .text.sd_format
                0x20022334       0x28 ./src/sub-systemCode/Global/TLM_management.o
                0x20022334                sd_format
 .text.deleteDir
                0x2002235c       0x2c ./src/sub-systemCode/Global/TLM_management.o
                0x2002235c                deleteDir
 .text.getNumOfFilesInFS
                0x20022388       0x44 ./src/sub-systemCode/Global/TLM_management.o
 .text.setNumOfFilesInFS
                0x200223cc       0x50 ./src/sub-systemCode/Global/TLM_management.o
 .text.f_managed_enterFS
                0x2002241c       0x18 ./src/sub-systemCode/Global/TLM_management.o
                0x2002241c                f_managed_enterFS
 .text.f_managed_releaseFS
                0x20022434       0x18 ./src/sub-systemCode/Global/TLM_management.o
                0x20022434                f_managed_releaseFS
 .text.f_managed_open
                0x2002244c      0x100 ./src/sub-systemCode/Global/TLM_management.o
                0x2002244c                f_managed_open
 .text.f_managed_close
                0x2002254c       0x84 ./src/sub-systemCode/Global/TLM_management.o
                0x2002254c                f_managed_close
 .text.createSemahores_FS
                0x200225d0       0x48 ./src/sub-systemCode/Global/TLM_management.o
                0x200225d0                createSemahores_FS
 .text.InitializeFS
                0x20022618      0x138 ./src/sub-systemCode/Global/TLM_management.o
                0x20022618                InitializeFS
 .text.c_fileCreate
                0x20022750      0x110 ./src/sub-systemCode/Global/TLM_management.o
                0x20022750                c_fileCreate
 .text.writewithEpochtime
                0x20022860       0x90 ./src/sub-systemCode/Global/TLM_management.o
 .text.get_C_FILE_struct
                0x200228f0       0xe4 ./src/sub-systemCode/Global/TLM_management.o
 .text.getFileIndex
                0x200229d4       0x58 ./src/sub-systemCode/Global/TLM_management.o
 .text.get_file_name_by_index
                0x20022a2c       0x44 ./src/sub-systemCode/Global/TLM_management.o
                0x20022a2c                get_file_name_by_index
 .text.c_fileReset
                0x20022a70       0xe0 ./src/sub-systemCode/Global/TLM_management.o
                0x20022a70                c_fileReset
 .text.c_fileWrite
                0x20022b50      0x154 ./src/sub-systemCode/Global/TLM_management.o
                0x20022b50                c_fileWrite
 .text.deleteElementsFromFile
                0x20022ca4      0x1a0 ./src/sub-systemCode/Global/TLM_management.o
 .text.c_fileDeleteElements
                0x20022e44      0x158 ./src/sub-systemCode/Global/TLM_management.o
                0x20022e44                c_fileDeleteElements
 .text.c_fileRead
                0x20022f9c      0x300 ./src/sub-systemCode/Global/TLM_management.o
                0x20022f9c                c_fileRead
 .text.DeInitializeFS
                0x2002329c       0x30 ./src/sub-systemCode/Global/TLM_management.o
                0x2002329c                DeInitializeFS
 .text.xSemaphoreGive_extended
                0x200232cc       0x48 ./src/sub-systemCode/Global/freertosExtended.o
                0x200232cc                xSemaphoreGive_extended
 .text.xSemaphoreTake_extended
                0x20023314       0x54 ./src/sub-systemCode/Global/freertosExtended.o
                0x20023314                xSemaphoreTake_extended
 .text.WriteLog
                0x20023368       0xa8 ./src/sub-systemCode/Global/logger.o
 .text.WriteErrorLog
                0x20023410       0x64 ./src/sub-systemCode/Global/logger.o
                0x20023410                WriteErrorLog
 .text.WriteResetLog
                0x20023474       0x54 ./src/sub-systemCode/Global/logger.o
                0x20023474                WriteResetLog
 .text.WritePayloadLog
                0x200234c8       0x50 ./src/sub-systemCode/Global/logger.o
                0x200234c8                WritePayloadLog
 .text.WriteEpsLog
                0x20023518       0x4c ./src/sub-systemCode/Global/logger.o
                0x20023518                WriteEpsLog
 .text.WriteTransponderLog
                0x20023564       0x50 ./src/sub-systemCode/Global/logger.o
                0x20023564                WriteTransponderLog
 .text.WriteCUFLog
                0x200235b4       0x50 ./src/sub-systemCode/Global/logger.o
                0x200235b4                WriteCUFLog
 .text.castCharPointerToInt
                0x20023604       0x84 ./src/sub-systemCode/CUF/CUF.o
                0x20023604                castCharPointerToInt
 .text.castCharArrayToIntArray
                0x20023688       0xa4 ./src/sub-systemCode/CUF/CUF.o
                0x20023688                castCharArrayToIntArray
 .text.SavePerminantCUF
                0x2002372c      0x1b0 ./src/sub-systemCode/CUF/CUF.o
                0x2002372c                SavePerminantCUF
 .text.LoadPerminantCUF
                0x200238dc      0x1ac ./src/sub-systemCode/CUF/CUF.o
                0x200238dc                LoadPerminantCUF
 .text.CheckResetThreashold
                0x20023a88      0x160 ./src/sub-systemCode/CUF/CUF.o
                0x20023a88                CheckResetThreashold
 .text.CUFManageRestart
                0x20023be8      0x1d0 ./src/sub-systemCode/CUF/CUF.o
                0x20023be8                CUFManageRestart
 .text.InitCUF  0x20023db8      0x13c ./src/sub-systemCode/CUF/CUF.o
                0x20023db8                InitCUF
 .text.CUFSwitch
                0x20023ef4       0x30 ./src/sub-systemCode/CUF/CUF.o
                0x20023ef4                CUFSwitch
 .text.GenerateSSH
                0x20023f24       0xb8 ./src/sub-systemCode/CUF/CUF.o
                0x20023f24                GenerateSSH
 .text.getExtendedName
                0x20023fdc       0xc4 ./src/sub-systemCode/CUF/CUF.o
                0x20023fdc                getExtendedName
 .text.AuthenticateCUF
                0x200240a0       0x84 ./src/sub-systemCode/CUF/CUF.o
                0x200240a0                AuthenticateCUF
 .text.UpdatePerminantCUF
                0x20024124       0x94 ./src/sub-systemCode/CUF/CUF.o
                0x20024124                UpdatePerminantCUF
 .text.RemoveCUF
                0x200241b8      0x1c0 ./src/sub-systemCode/CUF/CUF.o
                0x200241b8                RemoveCUF
 .text.ExecuteCUF
                0x20024378       0xd4 ./src/sub-systemCode/CUF/CUF.o
                0x20024378                ExecuteCUF
 .text.IntegrateCUF
                0x2002444c      0x170 ./src/sub-systemCode/CUF/CUF.o
                0x2002444c                IntegrateCUF
 .text.AddToCUFTempArray
                0x200245bc       0xa0 ./src/sub-systemCode/CUF/CUF.o
                0x200245bc                AddToCUFTempArray
 .text.GetFromCUFTempArray
                0x2002465c       0xe0 ./src/sub-systemCode/CUF/CUF.o
                0x2002465c                GetFromCUFTempArray
 .text.DisableCUF
                0x2002473c       0xb0 ./src/sub-systemCode/CUF/CUF.o
                0x2002473c                DisableCUF
 .text.EnableCUF
                0x200247ec       0xb0 ./src/sub-systemCode/CUF/CUF.o
                0x200247ec                EnableCUF
 .text.initializeUpload
                0x2002489c       0x94 ./src/sub-systemCode/CUF/uploadCodeTelemetry.o
                0x2002489c                initializeUpload
 .text.removeFiles
                0x20024930      0x16c ./src/sub-systemCode/CUF/uploadCodeTelemetry.o
                0x20024930                removeFiles
 .text.loadBackup
                0x20024a9c      0x144 ./src/sub-systemCode/CUF/uploadCodeTelemetry.o
                0x20024a9c                loadBackup
 .text.addToArray
                0x20024be0       0xcc ./src/sub-systemCode/CUF/uploadCodeTelemetry.o
                0x20024be0                addToArray
 .text.headerHandle
                0x20024cac       0xb8 ./src/sub-systemCode/CUF/uploadCodeTelemetry.o
                0x20024cac                headerHandle
 .text.startCUFintegration
                0x20024d64      0x134 ./src/sub-systemCode/CUF/uploadCodeTelemetry.o
                0x20024d64                startCUFintegration
 .text.saveBackup
                0x20024e98       0xfc ./src/sub-systemCode/CUF/uploadCodeTelemetry.o
                0x20024e98                saveBackup
 .text.saveAck  0x20024f94       0x1c ./src/sub-systemCode/CUF/uploadCodeTelemetry.o
                0x20024f94                saveAck
 .text.reset_APRS_list
                0x20024fb0       0x20 ./src/sub-systemCode/COMM/APRS.o
                0x20024fb0                reset_APRS_list
 .text.get_APRS_list
                0x20024fd0       0x18 ./src/sub-systemCode/COMM/APRS.o
                0x20024fd0                get_APRS_list
 .text.find_CMD_in_list
                0x20024fe8       0x7c ./src/sub-systemCode/COMM/DelayedCommand_list.o
                0x20024fe8                find_CMD_in_list
 .text.find_empty_in_list
                0x20025064       0x74 ./src/sub-systemCode/COMM/DelayedCommand_list.o
                0x20025064                find_empty_in_list
 .text.check_delayCommandTime
                0x200250d8       0xa8 ./src/sub-systemCode/COMM/DelayedCommand_list.o
                0x200250d8                check_delayCommandTime
 .text.execute_delayedCommand
                0x20025180       0x64 ./src/sub-systemCode/COMM/DelayedCommand_list.o
                0x20025180                execute_delayedCommand
 .text.check_delaycommand
                0x200251e4      0x198 ./src/sub-systemCode/COMM/DelayedCommand_list.o
                0x200251e4                check_delaycommand
 .text.reset_delayCommand
                0x2002537c       0xc4 ./src/sub-systemCode/COMM/DelayedCommand_list.o
                0x2002537c                reset_delayCommand
 .text.add_delayCommand
                0x20025440      0x1ec ./src/sub-systemCode/COMM/DelayedCommand_list.o
                0x20025440                add_delayCommand
 .text.get_delayCommand_list
                0x2002562c       0xb8 ./src/sub-systemCode/COMM/DelayedCommand_list.o
                0x2002562c                get_delayCommand_list
 .text.EmptyOldestCommand
                0x200256e4       0xfc ./src/sub-systemCode/COMM/DelayedCommand_list.o
                0x200256e4                EmptyOldestCommand
 .text.decode_TCpacket
                0x200257e0      0x16c ./src/sub-systemCode/COMM/GSC.o
                0x200257e0                decode_TCpacket
 .text.encode_TCpacket
                0x2002594c      0x114 ./src/sub-systemCode/COMM/GSC.o
                0x2002594c                encode_TCpacket
 .text.encode_TMpacket
                0x20025a60      0x104 ./src/sub-systemCode/COMM/GSC.o
                0x20025a60                encode_TMpacket
 .text.build_raw_ACK
                0x20025b64       0xbc ./src/sub-systemCode/COMM/GSC.o
                0x20025b64                build_raw_ACK
 .text.build_data_field_ACK
                0x20025c20       0x74 ./src/sub-systemCode/COMM/GSC.o
                0x20025c20                build_data_field_ACK
 .text.update_FRAM_bitRate
                0x20025c94       0xf4 ./src/sub-systemCode/COMM/TRXVU.o
                0x20025c94                update_FRAM_bitRate
 .text.idle_state_
                0x20025d88       0x78 ./src/sub-systemCode/COMM/TRXVU.o
                0x20025d88                idle_state_
 .text.toggle_idle_state
                0x20025e00       0x64 ./src/sub-systemCode/COMM/TRXVU.o
                0x20025e00                toggle_idle_state
 .text.TRXVU_init_hardWare
                0x20025e64       0xc8 ./src/sub-systemCode/COMM/TRXVU.o
                0x20025e64                TRXVU_init_hardWare
 .text.TRXVU_init_softWare
                0x20025f2c      0x124 ./src/sub-systemCode/COMM/TRXVU.o
                0x20025f2c                TRXVU_init_softWare
 .text.init_trxvu
                0x20026050       0x14 ./src/sub-systemCode/COMM/TRXVU.o
                0x20026050                init_trxvu
 .text.TRXVU_task
                0x20026064       0xb8 ./src/sub-systemCode/COMM/TRXVU.o
                0x20026064                TRXVU_task
 .text.dump_logic
                0x2002611c      0x37c ./src/sub-systemCode/COMM/TRXVU.o
                0x2002611c                dump_logic
 .text.Dump_task
                0x20026498      0x1a4 ./src/sub-systemCode/COMM/TRXVU.o
                0x20026498                Dump_task
 .text.transponder_logic
                0x2002663c      0x120 ./src/sub-systemCode/COMM/TRXVU.o
                0x2002663c                transponder_logic
 .text.Transponder_task
                0x2002675c      0x1b0 ./src/sub-systemCode/COMM/TRXVU.o
                0x2002675c                Transponder_task
 .text.lookForRequestToDelete_transponder
                0x2002690c       0x8c ./src/sub-systemCode/COMM/TRXVU.o
                0x2002690c                lookForRequestToDelete_transponder
 .text.lookForRequestToDelete_dump
                0x20026998       0x88 ./src/sub-systemCode/COMM/TRXVU.o
                0x20026998                lookForRequestToDelete_dump
 .text.sendRequestToStop_dump
                0x20026a20       0x8c ./src/sub-systemCode/COMM/TRXVU.o
                0x20026a20                sendRequestToStop_dump
 .text.sendRequestToStop_transponder
                0x20026aac       0x8c ./src/sub-systemCode/COMM/TRXVU.o
                0x20026aac                sendRequestToStop_transponder
 .text.Rx_logic
                0x20026b38      0x1d4 ./src/sub-systemCode/COMM/TRXVU.o
                0x20026b38                Rx_logic
 .text.pass_above_Ground
                0x20026d0c      0x15c ./src/sub-systemCode/COMM/TRXVU.o
                0x20026d0c                pass_above_Ground
 .text.check_TRXVUState
                0x20026e68      0x188 ./src/sub-systemCode/COMM/TRXVU.o
                0x20026e68                check_TRXVUState
 .text.trxvu_logic
                0x20026ff0       0x20 ./src/sub-systemCode/COMM/TRXVU.o
                0x20026ff0                trxvu_logic
 .text.Beacon_task
                0x20027010      0x174 ./src/sub-systemCode/COMM/TRXVU.o
                0x20027010                Beacon_task
 .text.buildAndSend_beacon
                0x20027184      0x5c0 ./src/sub-systemCode/COMM/TRXVU.o
                0x20027184                buildAndSend_beacon
 .text.reset_FRAM_TRXVU
                0x20027744      0x208 ./src/sub-systemCode/COMM/TRXVU.o
                0x20027744                reset_FRAM_TRXVU
 .text.TRX_sendFrame
                0x2002794c      0x1bc ./src/sub-systemCode/COMM/TRXVU.o
                0x2002794c                TRX_sendFrame
 .text.TRX_getFrameData
                0x20027b08      0x144 ./src/sub-systemCode/COMM/TRXVU.o
                0x20027b08                TRX_getFrameData
 .text.mute_Tx  0x20027c4c       0x64 ./src/sub-systemCode/COMM/TRXVU.o
                0x20027c4c                mute_Tx
 .text.unmute_Tx
                0x20027cb0       0x58 ./src/sub-systemCode/COMM/TRXVU.o
                0x20027cb0                unmute_Tx
 .text.check_time_off_mute
                0x20027d08       0xc0 ./src/sub-systemCode/COMM/TRXVU.o
                0x20027d08                check_time_off_mute
 .text.set_mute_time
                0x20027dc8      0x100 ./src/sub-systemCode/COMM/TRXVU.o
                0x20027dc8                set_mute_time
 .text.change_TRXVU_state
                0x20027ec8      0x100 ./src/sub-systemCode/COMM/TRXVU.o
                0x20027ec8                change_TRXVU_state
 .text.change_trans_RSSI
                0x20027fc8       0x7c ./src/sub-systemCode/COMM/TRXVU.o
                0x20027fc8                change_trans_RSSI
 .text.AdcsReadI2cAck
                0x20028044       0xfc ./src/sub-systemCode/ADCS/AdcsCommands.o
                0x20028044                AdcsReadI2cAck
 .text.AdcsGenericI2cCmd
                0x20028140      0x198 ./src/sub-systemCode/ADCS/AdcsCommands.o
                0x20028140                AdcsGenericI2cCmd
 .text.SendAdcsTlm
                0x200282d8      0x14c ./src/sub-systemCode/ADCS/AdcsCommands.o
                0x200282d8                SendAdcsTlm
 .text.AdcsExecuteCommand
                0x20028424     0x1b1c ./src/sub-systemCode/ADCS/AdcsCommands.o
                0x20028424                AdcsExecuteCommand
 .text.cspaceADCS_getEstimatedAngles
                0x20029f40       0x98 ./src/sub-systemCode/ADCS/AdcsGetDataAndTlm.o
                0x20029f40                cspaceADCS_getEstimatedAngles
 .text.cspaceADCS_getEstimatedAnglesRates
                0x20029fd8       0x98 ./src/sub-systemCode/ADCS/AdcsGetDataAndTlm.o
                0x20029fd8                cspaceADCS_getEstimatedAnglesRates
 .text.cspaceADCS_getSatellitePosition
                0x2002a070       0x98 ./src/sub-systemCode/ADCS/AdcsGetDataAndTlm.o
                0x2002a070                cspaceADCS_getSatellitePosition
 .text.InitTlmElements
                0x2002a108      0x234 ./src/sub-systemCode/ADCS/AdcsGetDataAndTlm.o