Archive member included because of file (symbol)

c:/isis/application/toolchain/bin/../lib/gcc/arm-none-eabi/4.7.4/../../../../arm-none-eabi/lib\libc_s.a(lib_a-vfprintf_float.o)
                              (_printf_float)
c:/isis/application/toolchain/bin/../lib/gcc/arm-none-eabi/4.7.4/../../../../arm-none-eabi/lib\libc_s.a(lib_a-vfprintf_i.o)
                              c:/isis/application/toolchain/bin/../lib/gcc/arm-none-eabi/4.7.4/../../../../arm-none-eabi/lib\libc_s.a(lib_a-vfprintf_float.o) (_printf_common)
c:/isis/application/toolchain/bin/../lib/gcc/arm-none-eabi/4.7.4/../../../../arm-none-eabi/lib\libc_s.a(lib_a-vfscanf_float.o)
                              (_scanf_float)
c:/isis/application/toolchain/bin/../lib/gcc/arm-none-eabi/4.7.4/../../../../arm-none-eabi/lib\libc_s.a(lib_a-dtoa.o)
                              c:/isis/application/toolchain/bin/../lib/gcc/arm-none-eabi/4.7.4/../../../../arm-none-eabi/lib\libc_s.a(lib_a-vfprintf_float.o) (_dtoa_r)
c:/isis/application/toolchain/bin/../lib/gcc/arm-none-eabi/4.7.4/../../../../arm-none-eabi/lib\libc_s.a(lib_a-locale.o)
                              c:/isis/application/toolchain/bin/../lib/gcc/arm-none-eabi/4.7.4/../../../../arm-none-eabi/lib\libc_s.a(lib_a-vfprintf_float.o) (_localeconv_r)
c:/isis/application/toolchain/bin/../lib/gcc/arm-none-eabi/4.7.4/../../../../arm-none-eabi/lib\libc_s.a(lib_a-malloc.o)
                              c:/isis/application/toolchain/bin/../lib/gcc/arm-none-eabi/4.7.4/../../../../arm-none-eabi/lib\libc_s.a(lib_a-dtoa.o) (malloc)
c:/isis/application/toolchain/bin/../lib/gcc/arm-none-eabi/4.7.4/../../../../arm-none-eabi/lib\libc_s.a(lib_a-mallocr.o)
                              c:/isis/application/toolchain/bin/../lib/gcc/arm-none-eabi/4.7.4/../../../../arm-none-eabi/lib\libc_s.a(lib_a-malloc.o) (_malloc_r)
c:/isis/application/toolchain/bin/../lib/gcc/arm-none-eabi/4.7.4/../../../../arm-none-eabi/lib\libc_s.a(lib_a-memcpy.o)
                              c:/isis/application/toolchain/bin/../lib/gcc/arm-none-eabi/4.7.4/../../../../arm-none-eabi/lib\libc_s.a(lib_a-dtoa.o) (memcpy)
c:/isis/application/toolchain/bin/../lib/gcc/arm-none-eabi/4.7.4/../../../../arm-none-eabi/lib\libc_s.a(lib_a-mprec.o)
                              c:/isis/application/toolchain/bin/../lib/gcc/arm-none-eabi/4.7.4/../../../../arm-none-eabi/lib\libc_s.a(lib_a-dtoa.o) (_Balloc)
c:/isis/application/toolchain/bin/../lib/gcc/arm-none-eabi/4.7.4/../../../../arm-none-eabi/lib\libc_s.a(lib_a-s_fpclassify.o)
                              c:/isis/application/toolchain/bin/../lib/gcc/arm-none-eabi/4.7.4/../../../../arm-none-eabi/lib\libc_s.a(lib_a-vfprintf_float.o) (__fpclassifyd)
c:/isis/application/toolchain/bin/../lib/gcc/arm-none-eabi/4.7.4/../../../../arm-none-eabi/lib\libc_s.a(lib_a-sbrkr.o)
                              c:/isis/application/toolchain/bin/../lib/gcc/arm-none-eabi/4.7.4/../../../../arm-none-eabi/lib\libc_s.a(lib_a-mallocr.o) (_sbrk_r)
c:/isis/application/toolchain/bin/../lib/gcc/arm-none-eabi/4.7.4/../../../../arm-none-eabi/lib\libc_s.a(lib_a-sf_nan.o)
                              c:/isis/application/toolchain/bin/../lib/gcc/arm-none-eabi/4.7.4/../../../../arm-none-eabi/lib\libc_s.a(lib_a-vfscanf_float.o) (nanf)
c:/isis/application/toolchain/bin/../lib/gcc/arm-none-eabi/4.7.4/../../../../arm-none-eabi/lib\libc_s.a(lib_a-sprintf.o)
                              c:/isis/application/toolchain/bin/../lib/gcc/arm-none-eabi/4.7.4/../../../../arm-none-eabi/lib\libc_s.a(lib_a-vfscanf_float.o) (sprintf)
c:/isis/application/toolchain/bin/../lib/gcc/arm-none-eabi/4.7.4/../../../../arm-none-eabi/lib\libc_s.a(lib_a-strcmp.o)
                              c:/isis/application/toolchain/bin/../lib/gcc/arm-none-eabi/4.7.4/../../../../arm-none-eabi/lib\libc_s.a(lib_a-locale.o) (strcmp)
c:/isis/application/toolchain/bin/../lib/gcc/arm-none-eabi/4.7.4/../../../../arm-none-eabi/lib\libc_s.a(lib_a-strlen.o)
                              c:/isis/application/toolchain/bin/../lib/gcc/arm-none-eabi/4.7.4/../../../../arm-none-eabi/lib\libc_s.a(lib_a-vfprintf_float.o) (strlen)
c:/isis/application/toolchain/bin/../lib/gcc/arm-none-eabi/4.7.4/../../../../arm-none-eabi/lib\libc_s.a(lib_a-strtod.o)
                              c:/isis/application/toolchain/bin/../lib/gcc/arm-none-eabi/4.7.4/../../../../arm-none-eabi/lib\libc_s.a(lib_a-vfscanf_float.o) (_strtod_r)
c:/isis/application/toolchain/bin/../lib/gcc/arm-none-eabi/4.7.4/../../../../arm-none-eabi/lib\libc_s.a(lib_a-strtol.o)
                              c:/isis/application/toolchain/bin/../lib/gcc/arm-none-eabi/4.7.4/../../../../arm-none-eabi/lib\libc_s.a(lib_a-vfscanf_float.o) (_strtol_r)
c:/isis/application/toolchain/bin/../lib/gcc/arm-none-eabi/4.7.4/../../../../arm-none-eabi/lib\libc_s.a(lib_a-svfprintf.o)
                              c:/isis/application/toolchain/bin/../lib/gcc/arm-none-eabi/4.7.4/../../../../arm-none-eabi/lib\libc_s.a(lib_a-sprintf.o) (_svfprintf_r)
[...]
Memory Configuration

Name             Origin             Length             Attributes
sram0            0x00200000         0x00004000         w !xr
sram1            0x00300000         0x00004000         w !xr
sdram            0x20000000         0x02000000         w !xr
*default*        0x00000000         0xffffffff

Linker script and memory map

LOAD c:/isis/application/toolchain/bin/../lib/gcc/arm-none-eabi/4.7.4/../../../../arm-none-eabi/lib\libc_s.a
LOAD ./src/sub-systemCode/Main/CMD/ADCS_CMD.o
LOAD ./src/sub-systemCode/Main/CMD/COMM_CMD.o
LOAD ./src/sub-systemCode/Main/CMD/EPS_CMD.o
LOAD ./src/sub-systemCode/Main/CMD/General_CMD.o
LOAD ./src/sub-systemCode/Main/CMD/SW_CMD.o
LOAD ./src/sub-systemCode/Main/CMD/payload_CMD.o
LOAD ./src/sub-systemCode/Main/CMD/test_CMD.o
LOAD ./src/sub-systemCode/Main/Ants.o
LOAD ./src/sub-systemCode/Main/EPS.o
LOAD ./src/sub-systemCode/Main/HouseKeeping.o
LOAD ./src/sub-systemCode/Main/Main_Init.o
LOAD ./src/sub-systemCode/Main/commands.o
LOAD ./src/sub-systemCode/Global/Global.o
LOAD ./src/sub-systemCode/Global/GlobalParam.o
LOAD ./src/sub-systemCode/Global/TLM_management.o
LOAD ./src/sub-systemCode/COMM/APRS.o
LOAD ./src/sub-systemCode/COMM/DelayedCommand_list.o
LOAD ./src/sub-systemCode/COMM/GSC.o
LOAD ./src/sub-systemCode/COMM/TRXVU.o
LOAD ./src/sub-systemCode/ADCS/AdcsCommands.o
LOAD ./src/sub-systemCode/ADCS/AdcsGetDataAndTlm.o
LOAD ./src/sub-systemCode/ADCS/AdcsMain.o
LOAD ./src/sub-systemCode/ADCS/AdcsTest.o
LOAD ./src/sub-systemCode/ADCS/AdcsTroubleShooting.o
LOAD ./src/sub-systemCode/ADCS/StateMachine.o
LOAD ./src/main.o
LOAD C:/Users/97250/Documents/GitHub/online/HOOPOE3/satellite-subsystems/demo/..//satellite-subsystems/lib\libSatelliteSubsystemsD.a
LOAD c:/isis/application/toolchain/bin/../lib/gcc/arm-none-eabi/4.7.4/../../../../arm-none-eabi/lib\libm.a
LOAD C:/Users/97250/Documents/GitHub/online/HOOPOE3/satellite-subsystems/demo/../..//hal/hcc/lib\libHCCD.a
LOAD C:/Users/97250/Documents/GitHub/online/HOOPOE3/satellite-subsystems/demo/../..//hal/hal/lib\libHALD.a
LOAD C:/Users/97250/Documents/GitHub/online/HOOPOE3/satellite-subsystems/demo/../..//hal/freertos/lib\libFreeRTOSD.a
LOAD C:/Users/97250/Documents/GitHub/online/HOOPOE3/satellite-subsystems/demo/../..//hal/at91/lib\libAt91D.a
START GROUP
LOAD c:/isis/application/toolchain/bin/../lib/gcc/arm-none-eabi/4.7.4\libgcc.a
LOAD c:/isis/application/toolchain/bin/../lib/gcc/arm-none-eabi/4.7.4/../../../../arm-none-eabi/lib\libc_s.a
END GROUP

.fixed          0x20000000    0x32c18
                0x20000000                . = ALIGN (0x4)
                0x20000000                _sfixed = .
 *(.startup)
 .startup       0x20000000      0x134 C:/Users/97250/Documents/GitHub/online/HOOPOE3/satellite-subsystems/demo/../..//hal/at91/lib\libAt91D.a(board_cstartup.o)
                0x20000000                entry
 *(.text)
 .text          0x20000134       0x64 C:/Users/97250/Documents/GitHub/online/HOOPOE3/satellite-subsystems/demo/../..//hal/at91/lib\libAt91D.a(cp15_asm.o)
                0x20000134                _readControlRegister
                0x20000140                _writeControlRegister
                0x20000148                _waitForInterrupt
                0x20000154                _writeTTB
                0x2000015c                _writeDomain
                0x20000164                _writeITLBLockdown
                0x2000016c                _prefetchICacheLine
                0x20000174                _flushDCache
                0x20000180                _flushWriteBuffer
                0x2000018c                _invalidateIDTLBs
 .text          0x20000198      0x114 c:/isis/application/toolchain/bin/../lib/gcc/arm-none-eabi/4.7.4\libgcc.a(_udivsi3.o)
                0x20000198                __aeabi_uidiv
                0x20000198                __udivsi3
                0x2000028c                __aeabi_uidivmod
 .text          0x200002ac      0x148 c:/isis/application/toolchain/bin/../lib/gcc/arm-none-eabi/4.7.4\libgcc.a(_divsi3.o)
                0x200002ac                __divsi3
                0x200002ac                __aeabi_idiv
                0x200003d4                __aeabi_idivmod
 .text          0x200003f4        0x4 c:/isis/application/toolchain/bin/../lib/gcc/arm-none-eabi/4.7.4\libgcc.a(_dvmd_tls.o)
                0x200003f4                __aeabi_idiv0
                0x200003f4                __aeabi_ldiv0
 .text          0x200003f8      0x41c c:/isis/application/toolchain/bin/../lib/gcc/arm-none-eabi/4.7.4\libgcc.a(_arm_addsubdf3.o)
                0x200003f8                __aeabi_drsub
                0x20000400                __aeabi_dsub
                0x20000400                __subdf3
                0x20000404                __aeabi_dadd
                0x20000404                __adddf3
                0x20000714                __floatunsidf
                0x20000714                __aeabi_ui2d
                0x20000738                __floatsidf
                0x20000738                __aeabi_i2d
                0x20000760                __aeabi_f2d
                0x20000760                __extendsfdf2
                0x200007a0                __floatundidf
                0x200007a0                __aeabi_ul2d
                0x200007b4                __floatdidf
                0x200007b4                __aeabi_l2d
 .text          0x20000814      0x49c c:/isis/application/toolchain/bin/../lib/gcc/arm-none-eabi/4.7.4\libgcc.a(_arm_muldivdf3.o)
                0x20000814                __aeabi_dmul
                0x20000814                __muldf3
                0x20000aa4                __divdf3
                0x20000aa4                __aeabi_ddiv
 .text          0x20000cb0      0x144 c:/isis/application/toolchain/bin/../lib/gcc/arm-none-eabi/4.7.4\libgcc.a(_arm_cmpdf2.o)
                0x20000cb0                __gtdf2
                0x20000cb0                __gedf2
                0x20000cb8                __ltdf2
                0x20000cb8                __ledf2
                0x20000cc0                __nedf2
                0x20000cc0                __eqdf2
                0x20000cc0                __cmpdf2
                0x20000d48                __aeabi_cdrcmple
                0x20000d64                __aeabi_cdcmpeq
                0x20000d64                __aeabi_cdcmple
                0x20000d7c                __aeabi_dcmpeq
                0x20000d94                __aeabi_dcmplt
                0x20000dac                __aeabi_dcmple
                0x20000dc4                __aeabi_dcmpge
                0x20000ddc                __aeabi_dcmpgt
 .text          0x20000df4       0x5c c:/isis/application/toolchain/bin/../lib/gcc/arm-none-eabi/4.7.4\libgcc.a(_arm_fixdfsi.o)
                0x20000df4                __aeabi_d2iz
                0x20000df4                __fixdfsi
 .text          0x20000e50       0x54 c:/isis/application/toolchain/bin/../lib/gcc/arm-none-eabi/4.7.4\libgcc.a(_arm_fixunsdfsi.o)
                0x20000e50                __aeabi_d2uiz
                0x20000e50                __fixunsdfsi
 .text          0x20000ea4       0xa0 c:/isis/application/toolchain/bin/../lib/gcc/arm-none-eabi/4.7.4\libgcc.a(_arm_truncdfsf2.o)
                0x20000ea4                __truncdfsf2
                0x20000ea4                __aeabi_d2f
 *(.text*)
 .text.__cvt    0x20000f44      0x138 c:/isis/application/toolchain/bin/../lib/gcc/arm-none-eabi/4.7.4/../../../../arm-none-eabi/lib\libc_s.a(lib_a-vfprintf_float.o)
                0x20000f44                __cvt
 .text.__exponent
                0x2000107c       0xa8 c:/isis/application/toolchain/bin/../lib/gcc/arm-none-eabi/4.7.4/../../../../arm-none-eabi/lib\libc_s.a(lib_a-vfprintf_float.o)
                0x2000107c                __exponent
 .text._printf_float
                0x20001124      0x7dc c:/isis/application/toolchain/bin/../lib/gcc/arm-none-eabi/4.7.4/../../../../arm-none-eabi/lib\libc_s.a(lib_a-vfprintf_float.o)
                0x20001124                _printf_float
 .text._printf_common
                0x20001900      0x174 c:/isis/application/toolchain/bin/../lib/gcc/arm-none-eabi/4.7.4/../../../../arm-none-eabi/lib\libc_s.a(lib_a-vfprintf_i.o)
                0x20001900                _printf_common
 .text._printf_i
                0x20001a74      0x3c4 c:/isis/application/toolchain/bin/../lib/gcc/arm-none-eabi/4.7.4/../../../../arm-none-eabi/lib\libc_s.a(lib_a-vfprintf_i.o)
                0x20001a74                _printf_i
 .text._scanf_float
                0x20001e38      0x5f4 c:/isis/application/toolchain/bin/../lib/gcc/arm-none-eabi/4.7.4/../../../../arm-none-eabi/lib\libc_s.a(lib_a-vfscanf_float.o)
                0x20001e38                _scanf_float
 .text.quorem   0x2000242c      0x1ac c:/isis/application/toolchain/bin/../lib/gcc/arm-none-eabi/4.7.4/../../../../arm-none-eabi/lib\libc_s.a(lib_a-dtoa.o)
 .text._dtoa_r  0x200025d8     0x1268 c:/isis/application/toolchain/bin/../lib/gcc/arm-none-eabi/4.7.4/../../../../arm-none-eabi/lib\libc_s.a(lib_a-dtoa.o)
                0x200025d8                _dtoa_r
 .text._localeconv_r
                0x20003840        0xc c:/isis/application/toolchain/bin/../lib/gcc/arm-none-eabi/4.7.4/../../../../arm-none-eabi/lib\libc_s.a(lib_a-locale.o)
                0x20003840                _localeconv_r
 .text.malloc   0x2000384c       0x20 c:/isis/application/toolchain/bin/../lib/gcc/arm-none-eabi/4.7.4/../../../../arm-none-eabi/lib\libc_s.a(lib_a-malloc.o)
                0x2000384c                malloc
 .text.free     0x2000386c       0x20 c:/isis/application/toolchain/bin/../lib/gcc/arm-none-eabi/4.7.4/../../../../arm-none-eabi/lib\libc_s.a(lib_a-malloc.o)
                0x2000386c                free
 .text._malloc_r
                0x2000388c       0xfc c:/isis/application/toolchain/bin/../lib/gcc/arm-none-eabi/4.7.4/../../../../arm-none-eabi/lib\libc_s.a(lib_a-mallocr.o)
                0x2000388c                _malloc_r
 .text.memcpy   0x20003988       0x20 c:/isis/application/toolchain/bin/../lib/gcc/arm-none-eabi/4.7.4/../../../../arm-none-eabi/lib\libc_s.a(lib_a-memcpy.o)
                0x20003988                memcpy
 .text._Balloc  0x200039a8       0xcc c:/isis/application/toolchain/bin/../lib/gcc/arm-none-eabi/4.7.4/../../../../arm-none-eabi/lib\libc_s.a(lib_a-mprec.o)
                0x200039a8                _Balloc
 .text._Bfree   0x20003a74       0x5c c:/isis/application/toolchain/bin/../lib/gcc/arm-none-eabi/4.7.4/../../../../arm-none-eabi/lib\libc_s.a(lib_a-mprec.o)
                0x20003a74                _Bfree
 .text.__multadd
                0x20003ad0       0xbc c:/isis/application/toolchain/bin/../lib/gcc/arm-none-eabi/4.7.4/../../../../arm-none-eabi/lib\libc_s.a(lib_a-mprec.o)
                0x20003ad0                __multadd
 .text.__s2b    0x20003b8c       0xd8 c:/isis/application/toolchain/bin/../lib/gcc/arm-none-eabi/4.7.4/../../../../arm-none-eabi/lib\libc_s.a(lib_a-mprec.o)
                0x20003b8c                __s2b
 .text.__hi0bits
                0x20003c64       0x58 c:/isis/application/toolchain/bin/../lib/gcc/arm-none-eabi/4.7.4/../../../../arm-none-eabi/lib\libc_s.a(lib_a-mprec.o)
                0x20003c64                __hi0bits
 .text.__lo0bits
                0x20003cbc       0x94 c:/isis/application/toolchain/bin/../lib/gcc/arm-none-eabi/4.7.4/../../../../arm-none-eabi/lib\libc_s.a(lib_a-mprec.o)
                0x20003cbc                __lo0bits
 .text.__i2b    0x20003d50       0x24 c:/isis/application/toolchain/bin/../lib/gcc/arm-none-eabi/4.7.4/../../../../arm-none-eabi/lib\libc_s.a(lib_a-mprec.o)
                0x20003d50                __i2b
 .text.__multiply
                0x20003d74      0x1ac c:/isis/application/toolchain/bin/../lib/gcc/arm-none-eabi/4.7.4/../../../../arm-none-eabi/lib\libc_s.a(lib_a-mprec.o)
                0x20003d74                __multiply
 .text.__pow5mult
                0x20003f20      0x10c c:/isis/application/toolchain/bin/../lib/gcc/arm-none-eabi/4.7.4/../../../../arm-none-eabi/lib\libc_s.a(lib_a-mprec.o)
                0x20003f20                __pow5mult
 .text.__lshift
                0x2000402c       0xf0 c:/isis/application/toolchain/bin/../lib/gcc/arm-none-eabi/4.7.4/../../../../arm-none-eabi/lib\libc_s.a(lib_a-mprec.o)
                0x2000402c                __lshift
 .text.__mcmp   0x2000411c       0x60 c:/isis/application/toolchain/bin/../lib/gcc/arm-none-eabi/4.7.4/../../../../arm-none-eabi/lib\libc_s.a(lib_a-mprec.o)
                0x2000411c                __mcmp
 .text.__mdiff  0x2000417c      0x128 c:/isis/application/toolchain/bin/../lib/gcc/arm-none-eabi/4.7.4/../../../../arm-none-eabi/lib\libc_s.a(lib_a-mprec.o)
                0x2000417c                __mdiff
 .text.__ulp    0x200042a4       0x5c c:/isis/application/toolchain/bin/../lib/gcc/arm-none-eabi/4.7.4/../../../../arm-none-eabi/lib\libc_s.a(lib_a-mprec.o)
                0x200042a4                __ulp
 .text.__b2d    0x20004300       0xc8 c:/isis/application/toolchain/bin/../lib/gcc/arm-none-eabi/4.7.4/../../../../arm-none-eabi/lib\libc_s.a(lib_a-mprec.o)
                0x20004300                __b2d
 .text.__d2b    0x200043c8       0xfc c:/isis/application/toolchain/bin/../lib/gcc/arm-none-eabi/4.7.4/../../../../arm-none-eabi/lib\libc_s.a(lib_a-mprec.o)
                0x200043c8                __d2b
 .text.__ratio  0x200044c4       0x70 c:/isis/application/toolchain/bin/../lib/gcc/arm-none-eabi/4.7.4/../../../../arm-none-eabi/lib\libc_s.a(lib_a-mprec.o)
                0x200044c4                __ratio
 .text.__copybits
                0x20004534       0x4c c:/isis/application/toolchain/bin/../lib/gcc/arm-none-eabi/4.7.4/../../../../arm-none-eabi/lib\libc_s.a(lib_a-mprec.o)
                0x20004534                __copybits
 .text.__any_on
                0x20004580       0x7c c:/isis/application/toolchain/bin/../lib/gcc/arm-none-eabi/4.7.4/../../../../arm-none-eabi/lib\libc_s.a(lib_a-mprec.o)
                0x20004580                __any_on
 .text.__fpclassifyd
                0x200045fc       0x6c c:/isis/application/toolchain/bin/../lib/gcc/arm-none-eabi/4.7.4/../../../../arm-none-eabi/lib\libc_s.a(lib_a-s_fpclassify.o)
                0x200045fc                __fpclassifyd
 .text._sbrk_r  0x20004668       0x3c c:/isis/application/toolchain/bin/../lib/gcc/arm-none-eabi/4.7.4/../../../../arm-none-eabi/lib\libc_s.a(lib_a-sbrkr.o)
                0x20004668                _sbrk_r
 .text.nanf     0x200046a4        0xc c:/isis/application/toolchain/bin/../lib/gcc/arm-none-eabi/4.7.4/../../../../arm-none-eabi/lib\libc_s.a(lib_a-sf_nan.o)
                0x200046a4                nanf
 .text.sprintf  0x200046b0       0x6c c:/isis/application/toolchain/bin/../lib/gcc/arm-none-eabi/4.7.4/../../../../arm-none-eabi/lib\libc_s.a(lib_a-sprintf.o)
                0x200046b0                siprintf
                0x200046b0                sprintf
 .text.strcmp   0x2000471c       0x1c c:/isis/application/toolchain/bin/../lib/gcc/arm-none-eabi/4.7.4/../../../../arm-none-eabi/lib\libc_s.a(lib_a-strcmp.o)
                0x2000471c                strcmp
 .text.strlen   0x20004738       0x1c c:/isis/application/toolchain/bin/../lib/gcc/arm-none-eabi/4.7.4/../../../../arm-none-eabi/lib\libc_s.a(lib_a-strlen.o)
                0x20004738                strlen
 .text.match    0x20004754       0x54 c:/isis/application/toolchain/bin/../lib/gcc/arm-none-eabi/4.7.4/../../../../arm-none-eabi/lib\libc_s.a(lib_a-strtod.o)
 .text._strtod_r
                0x200047a8     0x1168 c:/isis/application/toolchain/bin/../lib/gcc/arm-none-eabi/4.7.4/../../../../arm-none-eabi/lib\libc_s.a(lib_a-strtod.o)
                0x200047a8                _strtod_r
 .text._strtol_r
                0x20005910      0x1b8 c:/isis/application/toolchain/bin/../lib/gcc/arm-none-eabi/4.7.4/../../../../arm-none-eabi/lib\libc_s.a(lib_a-strtol.o)
                0x20005910                _strtol_r
 .text.__ssputc_r
                0x20005ac8      0x10c c:/isis/application/toolchain/bin/../lib/gcc/arm-none-eabi/4.7.4/../../../../arm-none-eabi/lib\libc_s.a(lib_a-svfprintf.o)
                0x20005ac8                __ssputc_r
 .text._svfprintf_r
                0x20005bd4      0x328 c:/isis/application/toolchain/bin/../lib/gcc/arm-none-eabi/4.7.4/../../../../arm-none-eabi/lib\libc_s.a(lib_a-svfprintf.o)
                0x20005bd4                _svfiprintf_r
                0x20005bd4                _svfprintf_r
 .text._calloc_r
                0x20005efc       0x2c c:/isis/application/toolchain/bin/../lib/gcc/arm-none-eabi/4.7.4/../../../../arm-none-eabi/lib\libc_s.a(lib_a-callocr.o)
                0x20005efc                _calloc_r
 .text._free_r  0x20005f28      0x108 c:/isis/application/toolchain/bin/../lib/gcc/arm-none-eabi/4.7.4/../../../../arm-none-eabi/lib\libc_s.a(lib_a-freer.o)
                0x20005f28                _free_r
 .text.rshift   0x20006030       0xb0 c:/isis/application/toolchain/bin/../lib/gcc/arm-none-eabi/4.7.4/../../../../arm-none-eabi/lib\libc_s.a(lib_a-gdtoa-gethex.o)
 .text.htinit.constprop.0
                0x200060e0       0x34 c:/isis/application/toolchain/bin/../lib/gcc/arm-none-eabi/4.7.4/../../../../arm-none-eabi/lib\libc_s.a(lib_a-gdtoa-gethex.o)
 .text.__hexdig_init
                0x20006114       0x38 c:/isis/application/toolchain/bin/../lib/gcc/arm-none-eabi/4.7.4/../../../../arm-none-eabi/lib\libc_s.a(lib_a-gdtoa-gethex.o)
                0x20006114                __hexdig_init
 .text.__gethex
                0x2000614c      0x6cc c:/isis/application/toolchain/bin/../lib/gcc/arm-none-eabi/4.7.4/../../../../arm-none-eabi/lib\libc_s.a(lib_a-gdtoa-gethex.o)
                0x2000614c                __gethex
 .text.L_shift  0x20006818       0x38 c:/isis/application/toolchain/bin/../lib/gcc/arm-none-eabi/4.7.4/../../../../arm-none-eabi/lib\libc_s.a(lib_a-gdtoa-hexnan.o)
 .text.__hexnan
                0x20006850      0x1d8 c:/isis/application/toolchain/bin/../lib/gcc/arm-none-eabi/4.7.4/../../../../arm-none-eabi/lib\libc_s.a(lib_a-gdtoa-hexnan.o)
                0x20006850                __hexnan
 .text.memchr   0x20006a28       0x34 c:/isis/application/toolchain/bin/../lib/gcc/arm-none-eabi/4.7.4/../../../../arm-none-eabi/lib\libc_s.a(lib_a-memchr.o)
                0x20006a28                memchr
 .text.memset   0x20006a5c       0x1c c:/isis/application/toolchain/bin/../lib/gcc/arm-none-eabi/4.7.4/../../../../arm-none-eabi/lib\libc_s.a(lib_a-memset.o)
                0x20006a5c                memset
 .text._realloc_r
                0x20006a78       0x80 c:/isis/application/toolchain/bin/../lib/gcc/arm-none-eabi/4.7.4/../../../../arm-none-eabi/lib\libc_s.a(lib_a-reallocr.o)
                0x20006a78                _realloc_r
 .text.strncmp  0x20006af8       0x64 c:/isis/application/toolchain/bin/../lib/gcc/arm-none-eabi/4.7.4/../../../../arm-none-eabi/lib\libc_s.a(lib_a-strncmp.o)
                0x20006af8                strncmp
 .text._malloc_usable_size_r
                0x20006b5c       0x1c c:/isis/application/toolchain/bin/../lib/gcc/arm-none-eabi/4.7.4/../../../../arm-none-eabi/lib\libc_s.a(lib_a-msizer.o)
                0x20006b5c                _malloc_usable_size_r
 .text.AdcsCmdQueueInit
                0x20006b78       0x4c ./src/sub-systemCode/Main/CMD/ADCS_CMD.o
                0x20006b78                AdcsCmdQueueInit
 .text.AdcsCmdQueueGet
                0x20006bc4       0x8c ./src/sub-systemCode/Main/CMD/ADCS_CMD.o
                0x20006bc4                AdcsCmdQueueGet
 .text.AdcsCmdQueueAdd
                0x20006c50       0x74 ./src/sub-systemCode/Main/CMD/ADCS_CMD.o
                0x20006c50                AdcsCmdQueueAdd
 .text.AdcsCmdQueueIsEmpty
                0x20006cc4       0x3c ./src/sub-systemCode/Main/CMD/ADCS_CMD.o
                0x20006cc4                AdcsCmdQueueIsEmpty
 .text.getAdcsQueueWaitPointer
                0x20006d00       0x20 ./src/sub-systemCode/Main/CMD/ADCS_CMD.o
                0x20006d00                getAdcsQueueWaitPointer
 .text.convert_vol
                0x20006d20      0x12c ./src/sub-systemCode/Main/EPS.o
                0x20006d20                convert_vol
 .text.get_shut_ADCS
                0x20006e4c       0x48 ./src/sub-systemCode/Main/EPS.o
                0x20006e4c                get_shut_ADCS
 .text.get_shut_CAM
                0x20006e94       0x48 ./src/sub-systemCode/Main/EPS.o
                0x20006e94                get_shut_CAM
 .text.EPS_Init
                0x20006edc      0x1a0 ./src/sub-systemCode/Main/EPS.o
                0x20006edc                EPS_Init
 .text.reset_FRAM_EPS
                0x2000707c       0xa4 ./src/sub-systemCode/Main/EPS.o
                0x2000707c                reset_FRAM_EPS
 .text.reset_EPS_voltages
                0x20007120       0xbc ./src/sub-systemCode/Main/EPS.o
                0x20007120                reset_EPS_voltages
 .text.overRide_ADCS
                0x200071dc       0x50 ./src/sub-systemCode/Main/EPS.o
                0x200071dc                overRide_ADCS
 .text.overRide_Camera
                0x2000722c       0x38 ./src/sub-systemCode/Main/EPS.o
                0x2000722c                overRide_Camera
 .text.EnterFullMode
                0x20007264       0xec ./src/sub-systemCode/Main/EPS.o
                0x20007264                EnterFullMode
 .text.EnterCruiseMode
                0x20007350       0xdc ./src/sub-systemCode/Main/EPS.o
                0x20007350                EnterCruiseMode
 .text.EnterSafeMode
                0x2000742c       0xdc ./src/sub-systemCode/Main/EPS.o
                0x2000742c                EnterSafeMode
 .text.EnterCriticalMode
                0x20007508       0xc8 ./src/sub-systemCode/Main/EPS.o
                0x20007508                EnterCriticalMode
 .text.COMM_create_file
                0x200075d0       0x74 ./src/sub-systemCode/Main/HouseKeeping.o
                0x200075d0                COMM_create_file
 .text.ACK_create_file
                0x20007644       0x74 ./src/sub-systemCode/Main/HouseKeeping.o
                0x20007644                ACK_create_file
 .text.EPS_create_file
                0x200076b8       0x74 ./src/sub-systemCode/Main/HouseKeeping.o
                0x200076b8                EPS_create_file
 .text.CAM_create_file
                0x2000772c       0x54 ./src/sub-systemCode/Main/HouseKeeping.o
                0x2000772c                CAM_create_file
 .text.SP_create_file
                0x20007780       0x54 ./src/sub-systemCode/Main/HouseKeeping.o
                0x20007780                SP_create_file
 .text.create_files
                0x200077d4       0x48 ./src/sub-systemCode/Main/HouseKeeping.o
                0x200077d4                create_files
 .text.test_menu
                0x2000781c       0xd8 ./src/sub-systemCode/Main/Main_Init.o
                0x2000781c                test_menu
 .text.numberOfRestarts
                0x200078f4       0x94 ./src/sub-systemCode/Main/Main_Init.o
                0x200078f4                numberOfRestarts
 .text.StartFRAM
                0x20007988       0x38 ./src/sub-systemCode/Main/Main_Init.o
                0x20007988                StartFRAM
 .text.StartI2C
                0x200079c0       0x44 ./src/sub-systemCode/Main/Main_Init.o
                0x200079c0                StartI2C
 .text.StartSPI
                0x20007a04       0x40 ./src/sub-systemCode/Main/Main_Init.o
                0x20007a04                StartSPI
 .text.StartTIME
                0x20007a44      0x118 ./src/sub-systemCode/Main/Main_Init.o
                0x20007a44                StartTIME
 .text.first_activation
                0x20007b5c       0x78 ./src/sub-systemCode/Main/Main_Init.o
                0x20007b5c                first_activation
 .text.InitSubsystems
                0x20007bd4       0x58 ./src/sub-systemCode/Main/Main_Init.o
                0x20007bd4                InitSubsystems
 .text.no_reset_task
                0x20007c2c      0x104 ./src/sub-systemCode/Main/Main_Init.o
                0x20007c2c                no_reset_task
 .text.SubSystemTaskStart
                0x20007d30       0xd8 ./src/sub-systemCode/Main/Main_Init.o
                0x20007d30                SubSystemTaskStart
 .text.check_int
                0x20007e08       0x3c ./src/sub-systemCode/Global/Global.o
                0x20007e08                check_int
 .text.check_portBASE_TYPE
                0x20007e44       0x3c ./src/sub-systemCode/Global/Global.o
                0x20007e44                check_portBASE_TYPE
 .text.BigEnE_uInt_to_raw
                0x20007e80       0x78 ./src/sub-systemCode/Global/Global.o
                0x20007e80                BigEnE_uInt_to_raw
 .text.reset_FRAM_MAIN
                0x20007ef8      0x19c ./src/sub-systemCode/Global/Global.o
                0x20007ef8                reset_FRAM_MAIN
 .text.init_GP  0x20008094      0x324 ./src/sub-systemCode/Global/GlobalParam.o
                0x20008094                init_GP
 .text.get_system_state
                0x200083b8      0x268 ./src/sub-systemCode/Global/GlobalParam.o
                0x200083b8                get_system_state
 .text.set_system_state
                0x20008620      0x298 ./src/sub-systemCode/Global/GlobalParam.o
                0x20008620                set_system_state
 .text.set_Vbatt_previous
                0x200088b8       0xe8 ./src/sub-systemCode/Global/GlobalParam.o
                0x200088b8                set_Vbatt_previous
 .text.set_Vbatt
                0x200089a0       0xb8 ./src/sub-systemCode/Global/GlobalParam.o
                0x200089a0                set_Vbatt
 .text.set_numOfAPRS
                0x20008a58       0x8c ./src/sub-systemCode/Global/GlobalParam.o
                0x20008a58                set_numOfAPRS
 .text.set_numOfResets
                0x20008ae4       0xac ./src/sub-systemCode/Global/GlobalParam.o
                0x20008ae4                set_numOfResets
 .text.delete_allTMFilesFromSD
                0x20008b90       0xf8 ./src/sub-systemCode/Global/TLM_management.o
                0x20008b90                delete_allTMFilesFromSD
 .text.getNumOfFilesInFS
                0x20008c88       0x44 ./src/sub-systemCode/Global/TLM_management.o
 .text.setNumOfFilesInFS
                0x20008ccc       0x50 ./src/sub-systemCode/Global/TLM_management.o
 .text.f_managed_enterFS
                0x20008d1c       0xb0 ./src/sub-systemCode/Global/TLM_management.o
                0x20008d1c                f_managed_enterFS
 .text.f_managed_releaseFS
                0x20008dcc       0x58 ./src/sub-systemCode/Global/TLM_management.o
                0x20008dcc                f_managed_releaseFS
 .text.f_managed_open
                0x20008e24      0x10c ./src/sub-systemCode/Global/TLM_management.o
                0x20008e24                f_managed_open
 .text.f_managed_close
                0x20008f30       0x7c ./src/sub-systemCode/Global/TLM_management.o
                0x20008f30                f_managed_close
 .text.createSemahores_FS
                0x20008fac       0x7c ./src/sub-systemCode/Global/TLM_management.o
                0x20008fac                createSemahores_FS
 .text.InitializeFS
                0x20009028      0x1a8 ./src/sub-systemCode/Global/TLM_management.o
                0x20009028                InitializeFS
 .text.c_fileCreate
                0x200091d0       0xf4 ./src/sub-systemCode/Global/TLM_management.o
                0x200091d0                c_fileCreate
 .text.writewithEpochtime
                0x200092c4       0xa4 ./src/sub-systemCode/Global/TLM_management.o
 .text.get_C_FILE_struct
                0x20009368      0x104 ./src/sub-systemCode/Global/TLM_management.o
 .text.getFileIndex
                0x2000946c       0x4c ./src/sub-systemCode/Global/TLM_management.o
 .text.get_file_name_by_index
                0x200094b8       0x54 ./src/sub-systemCode/Global/TLM_management.o
                0x200094b8                get_file_name_by_index
 .text.c_fileReset
                0x2000950c       0xbc ./src/sub-systemCode/Global/TLM_management.o
                0x2000950c                c_fileReset
 .text.c_fileWrite
                0x200095c8      0x140 ./src/sub-systemCode/Global/TLM_management.o
                0x200095c8                c_fileWrite
 .text.reset_APRS_list
                0x20009708       0xa4 ./src/sub-systemCode/COMM/APRS.o
                0x20009708                reset_APRS_list
 .text.reset_delayCommand
                0x200097ac       0x8c ./src/sub-systemCode/COMM/DelayedCommand_list.o
                0x200097ac                reset_delayCommand
 .text.encode_TMpacket
                0x20009838      0x104 ./src/sub-systemCode/COMM/GSC.o
                0x20009838                encode_TMpacket
 .text.reset_FRAM_TRXVU
                0x2000993c       0xc0 ./src/sub-systemCode/COMM/TRXVU.o
                0x2000993c                reset_FRAM_TRXVU
 .text.TRX_sendFrame
                0x200099fc       0x98 ./src/sub-systemCode/COMM/TRXVU.o
                0x200099fc                TRX_sendFrame
 .text.AdcsReadI2cAck
                0x20009a94       0xf4 ./src/sub-systemCode/ADCS/AdcsCommands.o
                0x20009a94                AdcsReadI2cAck
 .text.AdcsGenericI2cCmd
                0x20009b88      0x15c ./src/sub-systemCode/ADCS/AdcsCommands.o
                0x20009b88                AdcsGenericI2cCmd
 .text.SendAdcsTlm
                0x20009ce4      0x150 ./src/sub-systemCode/ADCS/AdcsCommands.o
                0x20009ce4                SendAdcsTlm
 .text.AdcsExecuteCommand
                0x20009e34     0x1b8c ./src/sub-systemCode/ADCS/AdcsCommands.o
                0x20009e34                AdcsExecuteCommand
 .text.InitTlmElements
                0x2000b9c0      0x1d8 ./src/sub-systemCode/ADCS/AdcsGetDataAndTlm.o
                0x2000b9c0                InitTlmElements
 .text.CreateTlmElementFiles
                0x2000bb98      0x178 ./src/sub-systemCode/ADCS/AdcsGetDataAndTlm.o
                0x2000bb98                CreateTlmElementFiles
 .text.SaveElementTlmAtIndex
                0x2000bd10      0x4d8 ./src/sub-systemCode/ADCS/AdcsGetDataAndTlm.o
                0x2000bd10                SaveElementTlmAtIndex
 .text.UpdateTlmElementAtIndex
                0x2000c1e8      0x150 ./src/sub-systemCode/ADCS/AdcsGetDataAndTlm.o
                0x2000c1e8                UpdateTlmElementAtIndex
 .text.AdcsSelectWhichTlmToSave
                0x2000c338       0xf8 ./src/sub-systemCode/ADCS/AdcsGetDataAndTlm.o
                0x2000c338                AdcsSelectWhichTlmToSave
 .text.AdcsGetSelectTlmSaveVector
                0x2000c430       0x8c ./src/sub-systemCode/ADCS/AdcsGetDataAndTlm.o
                0x2000c430                AdcsGetSelectTlmSaveVector
 .text.RestoreDefaultTlmElement
                0x2000c4bc      0x1d0 ./src/sub-systemCode/ADCS/AdcsGetDataAndTlm.o
                0x2000c4bc                RestoreDefaultTlmElement
 .text.GetTlmElementAtIndex
                0x2000c68c       0x80 ./src/sub-systemCode/ADCS/AdcsGetDataAndTlm.o
                0x2000c68c                GetTlmElementAtIndex
 .text.GatherTlmAndData
                0x2000c70c      0x100 ./src/sub-systemCode/ADCS/AdcsGetDataAndTlm.o
                0x2000c70c                GatherTlmAndData
 .text.AdcsInit
                0x2000c80c      0x10c ./src/sub-systemCode/ADCS/AdcsMain.o
                0x2000c80c                AdcsInit
 .text.AdcsTask
                0x2000c918      0x124 ./src/sub-systemCode/ADCS/AdcsMain.o
                0x2000c918                AdcsTask
 .text.TestTaskAdcsNew
                0x2000ca3c      0x10c ./src/sub-systemCode/ADCS/AdcsTest.o
                0x2000ca3c                TestTaskAdcsNew
 .text.AdcsTroubleShooting
                0x2000cb48       0x28 ./src/sub-systemCode/ADCS/AdcsTroubleShooting.o
                0x2000cb48                AdcsTroubleShooting
 .text.UpdateAdcsStateMachine
                0x2000cb70       0x1c ./src/sub-systemCode/ADCS/StateMachine.o
                0x2000cb70                UpdateAdcsStateMachine
 .text.taskMain
                0x2000cb8c       0x48 ./src/main.o
                0x2000cb8c                taskMain
 .text.main     0x2000cbd4       0xc0 ./src/main.o
                0x2000cbd4                main
 .text.GomEpsInitialize
                0x2000cc94      0x148 C:/Users/97250/Documents/GitHub/online/HOOPOE3/satellite-subsystems/demo/..//satellite-subsystems/lib\libSatelliteSubsystemsD.a(GomEPS.o)
                0x2000cc94                GomEpsInitialize
 .text.makeEPStransfer
                0x2000cddc       0x3c C:/Users/97250/Documents/GitHub/online/HOOPOE3/satellite-subsystems/demo/..//satellite-subsystems/lib\libSatelliteSubsystemsD.a(GomEPS.o)
 .text.GomEpsGetHkData_general
                0x2000ce18      0x45c C:/Users/97250/Documents/GitHub/online/HOOPOE3/satellite-subsystems/demo/..//satellite-subsystems/lib\libSatelliteSubsystemsD.a(GomEPS.o)
                0x2000ce18                GomEpsGetHkData_general
 .text.GomEpsGetHkData_basic
                0x2000d274      0x22c C:/Users/97250/Documents/GitHub/online/HOOPOE3/satellite-subsystems/demo/..//satellite-subsystems/lib\libSatelliteSubsystemsD.a(GomEPS.o)
                0x2000d274                GomEpsGetHkData_basic
 .text.GomEpsSetOutput
                0x2000d4a0       0xbc C:/Users/97250/Documents/GitHub/online/HOOPOE3/satellite-subsystems/demo/..//satellite-subsystems/lib\libSatelliteSubsystemsD.a(GomEPS.o)
                0x2000d4a0                GomEpsSetOutput
 .text.IsisSolarPanelv2_initialize
                0x2000d55c       0xb4 C:/Users/97250/Documents/GitHub/online/HOOPOE3/satellite-subsystems/demo/..//satellite-subsystems/lib\libSatelliteSubsystemsD.a(IsisSolarPanelv2.o)
                0x2000d55c                IsisSolarPanelv2_initialize
 .text.IsisSolarPanelv2_sleep
                0x2000d610       0xbc C:/Users/97250/Documents/GitHub/online/HOOPOE3/satellite-subsystems/demo/..//satellite-subsystems/lib\libSatelliteSubsystemsD.a(IsisSolarPanelv2.o)
                0x2000d610                IsisSolarPanelv2_sleep
 .text._Reset   0x2000d6cc       0x20 C:/Users/97250/Documents/GitHub/online/HOOPOE3/satellite-subsystems/demo/..//satellite-subsystems/lib\libSatelliteSubsystemsD.a(IsisSolarPanelv2.o)
 .text._WaitForStartup
                0x2000d6ec       0x90 C:/Users/97250/Documents/GitHub/online/HOOPOE3/satellite-subsystems/demo/..//satellite-subsystems/lib\libSatelliteSubsystemsD.a(IsisSolarPanelv2.o)
 .text._AssignAllChannels
                0x2000d77c       0x90 C:/Users/97250/Documents/GitHub/online/HOOPOE3/satellite-subsystems/demo/..//satellite-subsystems/lib\libSatelliteSubsystemsD.a(IsisSolarPanelv2.o)
 .text._AssignThisChannel
                0x2000d80c       0xe8 C:/Users/97250/Documents/GitHub/online/HOOPOE3/satellite-subsystems/demo/..//satellite-subsystems/lib\libSatelliteSubsystemsD.a(IsisSolarPanelv2.o)
 .text._ExtractByte
                0x2000d8f4       0x38 C:/Users/97250/Documents/GitHub/online/HOOPOE3/satellite-subsystems/demo/..//satellite-subsystems/lib\libSatelliteSubsystemsD.a(IsisSolarPanelv2.o)
 .text._PinsInit
                0x2000d92c       0x50 C:/Users/97250/Documents/GitHub/online/HOOPOE3/satellite-subsystems/demo/..//satellite-subsystems/lib\libSatelliteSubsystemsD.a(IsisSolarPanelv2.o)
 .text._SpiWriteRead
                0x2000d97c       0x70 C:/Users/97250/Documents/GitHub/online/HOOPOE3/satellite-subsystems/demo/..//satellite-subsystems/lib\libSatelliteSubsystemsD.a(IsisSolarPanelv2.o)
 .text.cspaceADCS_initialize
                0x2000d9ec      0x18c C:/Users/97250/Documents/GitHub/online/HOOPOE3/satellite-subsystems/demo/..//satellite-subsystems/lib\libSatelliteSubsystemsD.a(cspaceADCS.o)
                0x2000d9ec                cspaceADCS_initialize
 .text.make_cspaceADCStransfer
                0x2000db78      0x1b4 C:/Users/97250/Documents/GitHub/online/HOOPOE3/satellite-subsystems/demo/..//satellite-subsystems/lib\libSatelliteSubsystemsD.a(cspaceADCS.o)
 .text.cspaceADCS_componentReset
                0x2000dd2c       0xbc C:/Users/97250/Documents/GitHub/online/HOOPOE3/satellite-subsystems/demo/..//satellite-subsystems/lib\libSatelliteSubsystemsD.a(cspaceADCS.o)
                0x2000dd2c                cspaceADCS_componentReset
 .text.cspaceADCS_setCurrentTime
                0x2000dde8       0xd0 C:/Users/97250/Documents/GitHub/online/HOOPOE3/satellite-subsystems/demo/..//satellite-subsystems/lib\libSatelliteSubsystemsD.a(cspaceADCS.o)
                0x2000dde8                cspaceADCS_setCurrentTime
 .text.cspaceADCS_cacheStateADCS
                0x2000deb8       0xd0 C:/Users/97250/Documents/GitHub/online/HOOPOE3/satellite-subsystems/demo/..//satellite-subsystems/lib\libSatelliteSubsystemsD.a(cspaceADCS.o)
                0x2000deb8                cspaceADCS_cacheStateADCS
 .text.cspaceADCS_setRunMode
                0x2000df88       0xbc C:/Users/97250/Documents/GitHub/online/HOOPOE3/satellite-subsystems/demo/..//satellite-subsystems/lib\libSatelliteSubsystemsD.a(cspaceADCS.o)
                0x2000df88                cspaceADCS_setRunMode
 .text.cspaceADCS_setPwrCtrlDevice
                0x2000e044       0xd0 C:/Users/97250/Documents/GitHub/online/HOOPOE3/satellite-subsystems/demo/..//satellite-subsystems/lib\libSatelliteSubsystemsD.a(cspaceADCS.o)
                0x2000e044                cspaceADCS_setPwrCtrlDevice
 .text.cspaceADCS_clearErrors
                0x2000e114       0xb8 C:/Users/97250/Documents/GitHub/online/HOOPOE3/satellite-subsystems/demo/..//satellite-subsystems/lib\libSatelliteSubsystemsD.a(cspaceADCS.o)
                0x2000e114                cspaceADCS_clearErrors
 .text.cspaceADCS_setAttCtrlMode
                0x2000e1cc       0xd0 C:/Users/97250/Documents/GitHub/online/HOOPOE3/satellite-subsystems/demo/..//satellite-subsystems/lib\libSatelliteSubsystemsD.a(cspaceADCS.o)
                0x2000e1cc                cspaceADCS_setAttCtrlMode
 .text.cspaceADCS_setAttEstMode
                0x2000e29c       0xbc C:/Users/97250/Documents/GitHub/online/HOOPOE3/satellite-subsystems/demo/..//satellite-subsystems/lib\libSatelliteSubsystemsD.a(cspaceADCS.o)
                0x2000e29c                cspaceADCS_setAttEstMode
 .text.cspaceADCS_setMagOutput
                0x2000e358       0xd0 C:/Users/97250/Documents/GitHub/online/HOOPOE3/satellite-subsystems/demo/..//satellite-subsystems/lib\libSatelliteSubsystemsD.a(cspaceADCS.o)
                0x2000e358                cspaceADCS_setMagOutput
 .text.cspaceADCS_setWheelSpeed
                0x2000e428       0xd0 C:/Users/97250/Documents/GitHub/online/HOOPOE3/satellite-subsystems/demo/..//satellite-subsystems/lib\libSatelliteSubsystemsD.a(cspaceADCS.o)
                0x2000e428                cspaceADCS_setWheelSpeed
 .text.cspaceADCS_setMagMountConfig
                0x2000e4f8       0xd0 C:/Users/97250/Documents/GitHub/online/HOOPOE3/satellite-subsystems/demo/..//satellite-subsystems/lib\libSatelliteSubsystemsD.a(cspaceADCS.o)
                0x2000e4f8                cspaceADCS_setMagMountConfig
 .text.cspaceADCS_setMagOffsetScalingConfig
                0x2000e5c8       0xd0 C:/Users/97250/Documents/GitHub/online/HOOPOE3/satellite-subsystems/demo/..//satellite-subsystems/lib\libSatelliteSubsystemsD.a(cspaceADCS.o)
                0x2000e5c8                cspaceADCS_setMagOffsetScalingConfig
 .text.cspaceADCS_setMagSensConfig
                0x2000e698       0xd0 C:/Users/97250/Documents/GitHub/online/HOOPOE3/satellite-subsystems/demo/..//satellite-subsystems/lib\libSatelliteSubsystemsD.a(cspaceADCS.o)
                0x2000e698                cspaceADCS_setMagSensConfig
 .text.cspaceADCS_setRateSensorConfig
                0x2000e768       0xd0 C:/Users/97250/Documents/GitHub/online/HOOPOE3/satellite-subsystems/demo/..//satellite-subsystems/lib\libSatelliteSubsystemsD.a(cspaceADCS.o)
                0x2000e768                cspaceADCS_setRateSensorConfig
 .text.cspaceADCS_setStarTrackerConfig
                0x2000e838       0xd0 C:/Users/97250/Documents/GitHub/online/HOOPOE3/satellite-subsystems/demo/..//satellite-subsystems/lib\libSatelliteSubsystemsD.a(cspaceADCS.o)
                0x2000e838                cspaceADCS_setStarTrackerConfig
 .text.cspaceADCS_setEstimationParam1
                0x2000e908       0xd0 C:/Users/97250/Documents/GitHub/online/HOOPOE3/satellite-subsystems/demo/..//satellite-subsystems/lib\libSatelliteSubsystemsD.a(cspaceADCS.o)
                0x2000e908                cspaceADCS_setEstimationParam1
 .text.cspaceADCS_setEstimationParam2
                0x2000e9d8       0xd0 C:/Users/97250/Documents/GitHub/online/HOOPOE3/satellite-subsystems/demo/..//satellite-subsystems/lib\libSatelliteSubsystemsD.a(cspaceADCS.o)
                0x2000e9d8                cspaceADCS_setEstimationParam2
 .text.cspaceADCS_setSGP4OrbitParameters
                0x2000eaa8       0xcc C:/Users/97250/Documents/GitHub/online/HOOPOE3/satellite-subsystems/demo/..//satellite-subsystems/lib\libSatelliteSubsystemsD.a(cspaceADCS.o)
                0x2000eaa8                cspaceADCS_setSGP4OrbitParameters
 .text.cspaceADCS_setMagnetometerMode
                0x2000eb74       0xb8 C:/Users/97250/Documents/GitHub/online/HOOPOE3/satellite-subsystems/demo/..//satellite-subsystems/lib\libSatelliteSubsystemsD.a(cspaceADCS.o)
                0x2000eb74                cspaceADCS_setMagnetometerMode
 .text.cspaceADCS_saveConfig
                0x2000ec2c       0xac C:/Users/97250/Documents/GitHub/online/HOOPOE3/satellite-subsystems/demo/..//satellite-subsystems/lib\libSatelliteSubsystemsD.a(cspaceADCS.o)
                0x2000ec2c                cspaceADCS_saveConfig
 .text.cspaceADCS_saveOrbitParam
                0x2000ecd8       0xac C:/Users/97250/Documents/GitHub/online/HOOPOE3/satellite-subsystems/demo/..//satellite-subsystems/lib\libSatelliteSubsystemsD.a(cspaceADCS.o)
                0x2000ecd8                cspaceADCS_saveOrbitParam
 .text.cspaceADCS_saveImage
                0x2000ed84       0xd8 C:/Users/97250/Documents/GitHub/online/HOOPOE3/satellite-subsystems/demo/..//satellite-subsystems/lib\libSatelliteSubsystemsD.a(cspaceADCS.o)
                0x2000ed84                cspaceADCS_saveImage
 .text.cspaceADCS_BLSetBootIndex
                0x2000ee5c      0x124 C:/Users/97250/Documents/GitHub/online/HOOPOE3/satellite-subsystems/demo/..//satellite-subsystems/lib\libSatelliteSubsystemsD.a(cspaceADCS.o)
                0x2000ee5c                cspaceADCS_BLSetBootIndex
 .text.cspaceADCS_BLRunSelectedProgram
                0x2000ef80      0x114 C:/Users/97250/Documents/GitHub/online/HOOPOE3/satellite-subsystems/demo/..//satellite-subsystems/lib\libSatelliteSubsystemsD.a(cspaceADCS.o)
                0x2000ef80                cspaceADCS_BLRunSelectedProgram
 .text.cspaceADCS_getGeneralInfo
                0x2000f094       0xc4 C:/Users/97250/Documents/GitHub/online/HOOPOE3/satellite-subsystems/demo/..//satellite-subsystems/lib\libSatelliteSubsystemsD.a(cspaceADCS.o)
                0x2000f094                cspaceADCS_getGeneralInfo
 .text.cspaceADCS_getBootProgramInfo
                0x2000f158       0xc4 C:/Users/97250/Documents/GitHub/online/HOOPOE3/satellite-subsystems/demo/..//satellite-subsystems/lib\libSatelliteSubsystemsD.a(cspaceADCS.o)
                0x2000f158                cspaceADCS_getBootProgramInfo
 .text.cspaceADCS_getSRAMLatchupCounters
                0x2000f21c       0xc4 C:/Users/97250/Documents/GitHub/online/HOOPOE3/satellite-subsystems/demo/..//satellite-subsystems/lib\libSatelliteSubsystemsD.a(cspaceADCS.o)
                0x2000f21c                cspaceADCS_getSRAMLatchupCounters
 .text.cspaceADCS_getEDACCounters
                0x2000f2e0       0xc4 C:/Users/97250/Documents/GitHub/online/HOOPOE3/satellite-subsystems/demo/..//satellite-subsystems/lib\libSatelliteSubsystemsD.a(cspaceADCS.o)
                0x2000f2e0                cspaceADCS_getEDACCounters
 .text.cspaceADCS_getCurrentTime
                0x2000f3a4       0xc4 C:/Users/97250/Documents/GitHub/online/HOOPOE3/satellite-subsystems/demo/..//satellite-subsystems/lib\libSatelliteSubsystemsD.a(cspaceADCS.o)
                0x2000f3a4                cspaceADCS_getCurrentTime
 .text.cspaceADCS_getCommStatus
                0x2000f468       0xc4 C:/Users/97250/Documents/GitHub/online/HOOPOE3/satellite-subsystems/demo/..//satellite-subsystems/lib\libSatelliteSubsystemsD.a(cspaceADCS.o)
                0x2000f468                cspaceADCS_getCommStatus
 .text.cspaceADCS_getCurrentState
                0x2000f52c       0xc4 C:/Users/97250/Documents/GitHub/online/HOOPOE3/satellite-subsystems/demo/..//satellite-subsystems/lib\libSatelliteSubsystemsD.a(cspaceADCS.o)
                0x2000f52c                cspaceADCS_getCurrentState
 .text.cspaceADCS_getMagneticFieldVec
                0x2000f5f0       0xc4 C:/Users/97250/Documents/GitHub/online/HOOPOE3/satellite-subsystems/demo/..//satellite-subsystems/lib\libSatelliteSubsystemsD.a(cspaceADCS.o)
                0x2000f5f0                cspaceADCS_getMagneticFieldVec
 .text.cspaceADCS_getCoarseSunVec
                0x2000f6b4       0xc4 C:/Users/97250/Documents/GitHub/online/HOOPOE3/satellite-subsystems/demo/..//satellite-subsystems/lib\libSatelliteSubsystemsD.a(cspaceADCS.o)
                0x2000f6b4                cspaceADCS_getCoarseSunVec
 .text.cspaceADCS_getFineSunVec
                0x2000f778       0xc4 C:/Users/97250/Documents/GitHub/online/HOOPOE3/satellite-subsystems/demo/..//satellite-subsystems/lib\libSatelliteSubsystemsD.a(cspaceADCS.o)
                0x2000f778                cspaceADCS_getFineSunVec
 .text.cspaceADCS_getNadirVector
                0x2000f83c       0xc4 C:/Users/97250/Documents/GitHub/online/HOOPOE3/satellite-subsystems/demo/..//satellite-subsystems/lib\libSatelliteSubsystemsD.a(cspaceADCS.o)
                0x2000f83c                cspaceADCS_getNadirVector
 .text.cspaceADCS_getSensorRates
                0x2000f900       0xc4 C:/Users/97250/Documents/GitHub/online/HOOPOE3/satellite-subsystems/demo/..//satellite-subsystems/lib\libSatelliteSubsystemsD.a(cspaceADCS.o)
                0x2000f900                cspaceADCS_getSensorRates
 .text.cspaceADCS_getWheelSpeed
                0x2000f9c4       0xc4 C:/Users/97250/Documents/GitHub/online/HOOPOE3/satellite-subsystems/demo/..//satellite-subsystems/lib\libSatelliteSubsystemsD.a(cspaceADCS.o)
                0x2000f9c4                cspaceADCS_getWheelSpeed
 .text.cspaceADCS_getMagnetorquerCmd
                0x2000fa88       0xc4 C:/Users/97250/Documents/GitHub/online/HOOPOE3/satellite-subsystems/demo/..//satellite-subsystems/lib\libSatelliteSubsystemsD.a(cspaceADCS.o)
                0x2000fa88                cspaceADCS_getMagnetorquerCmd
 .text.cspaceADCS_getWheelSpeedCmd
                0x2000fb4c       0xc4 C:/Users/97250/Documents/GitHub/online/HOOPOE3/satellite-subsystems/demo/..//satellite-subsystems/lib\libSatelliteSubsystemsD.a(cspaceADCS.o)
                0x2000fb4c                cspaceADCS_getWheelSpeedCmd
 .text.cspaceADCS_getRawCss1_6Measurements
                0x2000fc10       0xc4 C:/Users/97250/Documents/GitHub/online/HOOPOE3/satellite-subsystems/demo/..//satellite-subsystems/lib\libSatelliteSubsystemsD.a(cspaceADCS.o)
                0x2000fc10                cspaceADCS_getRawCss1_6Measurements
 .text.cspaceADCS_getRawCss7_10Measurements
                0x2000fcd4       0xc4 C:/Users/97250/Documents/GitHub/online/HOOPOE3/satellite-subsystems/demo/..//satellite-subsystems/lib\libSatelliteSubsystemsD.a(cspaceADCS.o)
                0x2000fcd4                cspaceADCS_getRawCss7_10Measurements
 .text.cspaceADCS_getRawMagnetometerMeas
                0x2000fd98       0xc4 C:/Users/97250/Documents/GitHub/online/HOOPOE3/satellite-subsystems/demo/..//satellite-subsystems/lib\libSatelliteSubsystemsD.a(cspaceADCS.o)
                0x2000fd98                cspaceADCS_getRawMagnetometerMeas
 .text.cspaceADCS_getCSenseCurrentMeasurements
                0x2000fe5c       0xc4 C:/Users/97250/Documents/GitHub/online/HOOPOE3/satellite-subsystems/demo/..//satellite-subsystems/lib\libSatelliteSubsystemsD.a(cspaceADCS.o)
                0x2000fe5c                cspaceADCS_getCSenseCurrentMeasurements
 .text.cspaceADCS_getCControlCurrentMeasurements
                0x2000ff20       0xc4 C:/Users/97250/Documents/GitHub/online/HOOPOE3/satellite-subsystems/demo/..//satellite-subsystems/lib\libSatelliteSubsystemsD.a(cspaceADCS.o)
                0x2000ff20                cspaceADCS_getCControlCurrentMeasurements
 .text.cspaceADCS_getWheelCurrentsTlm
                0x2000ffe4       0xc4 C:/Users/97250/Documents/GitHub/online/HOOPOE3/satellite-subsystems/demo/..//satellite-subsystems/lib\libSatelliteSubsystemsD.a(cspaceADCS.o)
                0x2000ffe4                cspaceADCS_getWheelCurrentsTlm
 .text.cspaceADCS_getADCSTemperatureTlm
                0x200100a8       0xc4 C:/Users/97250/Documents/GitHub/online/HOOPOE3/satellite-subsystems/demo/..//satellite-subsystems/lib\libSatelliteSubsystemsD.a(cspaceADCS.o)
                0x200100a8                cspaceADCS_getADCSTemperatureTlm
 .text.cspaceADCS_getRateSensorTempTlm
                0x2001016c       0xc4 C:/Users/97250/Documents/GitHub/online/HOOPOE3/satellite-subsystems/demo/..//satellite-subsystems/lib\libSatelliteSubsystemsD.a(cspaceADCS.o)
                0x2001016c                cspaceADCS_getRateSensorTempTlm
 .text.cspaceADCS_getRawGpsStatus
                0x20010230       0xc4 C:/Users/97250/Documents/GitHub/online/HOOPOE3/satellite-subsystems/demo/..//satellite-subsystems/lib\libSatelliteSubsystemsD.a(cspaceADCS.o)
                0x20010230                cspaceADCS_getRawGpsStatus
 .text.cspaceADCS_getRawGpsTime
                0x200102f4       0xc4 C:/Users/97250/Documents/GitHub/online/HOOPOE3/satellite-subsystems/demo/..//satellite-subsystems/lib\libSatelliteSubsystemsD.a(cspaceADCS.o)
                0x200102f4                cspaceADCS_getRawGpsTime
 .text.cspaceADCS_getRawGpsX
                0x200103b8       0xc4 C:/Users/97250/Documents/GitHub/online/HOOPOE3/satellite-subsystems/demo/..//satellite-subsystems/lib\libSatelliteSubsystemsD.a(cspaceADCS.o)
                0x200103b8                cspaceADCS_getRawGpsX
 .text.cspaceADCS_getRawGpsY
                0x2001047c       0xc4 C:/Users/97250/Documents/GitHub/online/HOOPOE3/satellite-subsystems/demo/..//satellite-subsystems/lib\libSatelliteSubsystemsD.a(cspaceADCS.o)
                0x2001047c                cspaceADCS_getRawGpsY
 .text.cspaceADCS_getRawGpsZ
                0x20010540       0xc4 C:/Users/97250/Documents/GitHub/online/HOOPOE3/satellite-subsystems/demo/..//satellite-subsystems/lib\libSatelliteSubsystemsD.a(cspaceADCS.o)
                0x20010540                cspaceADCS_getRawGpsZ
 .text.cspaceADCS_getStateTlm
                0x20010604       0xc4 C:/Users/97250/Documents/GitHub/online/HOOPOE3/satellite-subsystems/demo/..//satellite-subsystems/lib\libSatelliteSubsystemsD.a(cspaceADCS.o)
                0x20010604                cspaceADCS_getStateTlm
 .text.cspaceADCS_getADCSMeasurements
                0x200106c8       0xc4 C:/Users/97250/Documents/GitHub/online/HOOPOE3/satellite-subsystems/demo/..//satellite-subsystems/lib\libSatelliteSubsystemsD.a(cspaceADCS.o)
                0x200106c8                cspaceADCS_getADCSMeasurements
 .text.cspaceADCS_getActuatorsCmds
                0x2001078c       0xc4 C:/Users/97250/Documents/GitHub/online/HOOPOE3/satellite-subsystems/demo/..//satellite-subsystems/lib\libSatelliteSubsystemsD.a(cspaceADCS.o)
                0x2001078c                cspaceADCS_getActuatorsCmds
 .text.cspaceADCS_getEstimationMetadata
                0x20010850       0xc4 C:/Users/97250/Documents/GitHub/online/HOOPOE3/satellite-subsystems/demo/..//satellite-subsystems/lib\libSatelliteSubsystemsD.a(cspaceADCS.o)
                0x20010850                cspaceADCS_getEstimationMetadata
 .text.cspaceADCS_getStartrackerTLM
                0x20010914       0xc4 C:/Users/97250/Documents/GitHub/online/HOOPOE3/satellite-subsystems/demo/..//satellite-subsystems/lib\libSatelliteSubsystemsD.a(cspaceADCS.o)
                0x20010914                cspaceADCS_getStartrackerTLM
 .text.cspaceADCS_getRawSensorMeasurements
                0x200109d8       0xc4 C:/Users/97250/Documents/GitHub/online/HOOPOE3/satellite-subsystems/demo/..//satellite-subsystems/lib\libSatelliteSubsystemsD.a(cspaceADCS.o)
                0x200109d8                cspaceADCS_getRawSensorMeasurements
 .text.cspaceADCS_getPowTempMeasTLM
                0x20010a9c       0xc4 C:/Users/97250/Documents/GitHub/online/HOOPOE3/satellite-subsystems/demo/..//satellite-subsystems/lib\libSatelliteSubsystemsD.a(cspaceADCS.o)
                0x20010a9c                cspaceADCS_getPowTempMeasTLM
 .text.cspaceADCS_getADCSExcTimes
                0x20010b60       0xc4 C:/Users/97250/Documents/GitHub/online/HOOPOE3/satellite-subsystems/demo/..//satellite-subsystems/lib\libSatelliteSubsystemsD.a(cspaceADCS.o)
                0x20010b60                cspaceADCS_getADCSExcTimes
 .text.cspaceADCS_getPwrCtrlDevice
                0x20010c24       0xc4 C:/Users/97250/Documents/GitHub/online/HOOPOE3/satellite-subsystems/demo/..//satellite-subsystems/lib\libSatelliteSubsystemsD.a(cspaceADCS.o)
                0x20010c24                cspaceADCS_getPwrCtrlDevice
 .text.cspaceADCS_getMiscCurrentMeas
                0x20010ce8       0xc4 C:/Users/97250/Documents/GitHub/online/HOOPOE3/satellite-subsystems/demo/..//satellite-subsystems/lib\libSatelliteSubsystemsD.a(cspaceADCS.o)
                0x20010ce8                cspaceADCS_getMiscCurrentMeas
 .text.cspaceADCS_getCommandedAttitudeAngles
                0x20010dac       0xc4 C:/Users/97250/Documents/GitHub/online/HOOPOE3/satellite-subsystems/demo/..//satellite-subsystems/lib\libSatelliteSubsystemsD.a(cspaceADCS.o)
                0x20010dac                cspaceADCS_getCommandedAttitudeAngles
 .text.cspaceADCS_getADCSRawGPSMeas
                0x20010e70       0xc4 C:/Users/97250/Documents/GitHub/online/HOOPOE3/satellite-subsystems/demo/..//satellite-subsystems/lib\libSatelliteSubsystemsD.a(cspaceADCS.o)
                0x20010e70                cspaceADCS_getADCSRawGPSMeas
 .text.cspaceADCS_getADCRawRedMag
                0x20010f34       0xc4 C:/Users/97250/Documents/GitHub/online/HOOPOE3/satellite-subsystems/demo/..//satellite-subsystems/lib\libSatelliteSubsystemsD.a(cspaceADCS.o)
                0x20010f34                cspaceADCS_getADCRawRedMag
 .text.cspaceADCS_getACPExecutionState
                0x20010ff8       0xc4 C:/Users/97250/Documents/GitHub/online/HOOPOE3/satellite-subsystems/demo/..//satellite-subsystems/lib\libSatelliteSubsystemsD.a(cspaceADCS.o)
                0x20010ff8                cspaceADCS_getACPExecutionState
 .text.cspaceADCS_getADCSConfiguration
                0x200110bc       0xc4 C:/Users/97250/Documents/GitHub/online/HOOPOE3/satellite-subsystems/demo/..//satellite-subsystems/lib\libSatelliteSubsystemsD.a(cspaceADCS.o)
                0x200110bc                cspaceADCS_getADCSConfiguration
 .text.cspaceADCS_getSGP4OrbitParameters
                0x20011180       0xc4 C:/Users/97250/Documents/GitHub/online/HOOPOE3/satellite-subsystems/demo/..//satellite-subsystems/lib\libSatelliteSubsystemsD.a(cspaceADCS.o)
                0x20011180                cspaceADCS_getSGP4OrbitParameters
 .text.fn_init  0x20011244      0x2e0 C:/Users/97250/Documents/GitHub/online/HOOPOE3/satellite-subsystems/demo/../..//hal/hcc/lib\libHCCD.a(fat_common.o)
                0x20011244                fn_init
 .text._f_get16bitl
                0x20011524       0x4c C:/Users/97250/Documents/GitHub/online/HOOPOE3/satellite-subsystems/demo/../..//hal/hcc/lib\libHCCD.a(fat_common.o)
                0x20011524                _f_get16bitl
 .text._f_set16bitl
                0x20011570       0x54 C:/Users/97250/Documents/GitHub/online/HOOPOE3/satellite-subsystems/demo/../..//hal/hcc/lib\libHCCD.a(fat_common.o)
                0x20011570                _f_set16bitl
 .text._f_get32bitl
                0x200115c4       0x68 C:/Users/97250/Documents/GitHub/online/HOOPOE3/satellite-subsystems/demo/../..//hal/hcc/lib\libHCCD.a(fat_common.o)
                0x200115c4                _f_get32bitl
 .text._f_set32bitl
                0x2001162c       0x78 C:/Users/97250/Documents/GitHub/online/HOOPOE3/satellite-subsystems/demo/../..//hal/hcc/lib\libHCCD.a(fat_common.o)
                0x2001162c                _f_set32bitl
 .text._get8bit
                0x200116a4       0xa0 C:/Users/97250/Documents/GitHub/online/HOOPOE3/satellite-subsystems/demo/../..//hal/hcc/lib\libHCCD.a(fat_common.o)
 .text._get16bitl
                0x20011744       0x40 C:/Users/97250/Documents/GitHub/online/HOOPOE3/satellite-subsystems/demo/../..//hal/hcc/lib\libHCCD.a(fat_common.o)
 .text._get32bitl
                0x20011784       0x3c C:/Users/97250/Documents/GitHub/online/HOOPOE3/satellite-subsystems/demo/../..//hal/hcc/lib\libHCCD.a(fat_common.o)
 .text._f_setcardremoved
                0x200117c0       0x94 C:/Users/97250/Documents/GitHub/online/HOOPOE3/satellite-subsystems/demo/../..//hal/hcc/lib\libHCCD.a(fat_common.o)
 .text._f_checkstatus
                0x20011854      0x104 C:/Users/97250/Documents/GitHub/online/HOOPOE3/satellite-subsystems/demo/../..//hal/hcc/lib\libHCCD.a(fat_common.o)
                0x20011854                _f_checkstatus
 .text._f_drvgetphy
                0x20011958      0x114 C:/Users/97250/Documents/GitHub/online/HOOPOE3/satellite-subsystems/demo/../..//hal/hcc/lib\libHCCD.a(fat_common.o)
 .text._f_drvwritesector
                0x20011a6c       0xdc C:/Users/97250/Documents/GitHub/online/HOOPOE3/satellite-subsystems/demo/../..//hal/hcc/lib\libHCCD.a(fat_common.o)
 .text._f_drvreadsector
                0x20011b48       0xa8 C:/Users/97250/Documents/GitHub/online/HOOPOE3/satellite-subsystems/demo/../..//hal/hcc/lib\libHCCD.a(fat_common.o)
 .text._f_writesector
                0x20011bf0      0x23c C:/Users/97250/Documents/GitHub/online/HOOPOE3/satellite-subsystems/demo/../..//hal/hcc/lib\libHCCD.a(fat_common.o)
                0x20011bf0                _f_writesector
 .text._f_readsector
                0x20011e2c      0x1dc C:/Users/97250/Documents/GitHub/online/HOOPOE3/satellite-subsystems/demo/../..//hal/hcc/lib\libHCCD.a(fat_common.o)
                0x20011e2c                _f_readsector
 .text._f_getmaxcluster
                0x20012008       0x94 C:/Users/97250/Documents/GitHub/online/HOOPOE3/satellite-subsystems/demo/../..//hal/hcc/lib\libHCCD.a(fat_common.o)
                0x20012008                _f_getmaxcluster
 .text._getsectorfromcluster
                0x2001209c       0x68 C:/Users/97250/Documents/GitHub/online/HOOPOE3/satellite-subsystems/demo/../..//hal/hcc/lib\libHCCD.a(fat_common.o)
 .text._f_buildsectors
                0x20012104      0x268 C:/Users/97250/Documents/GitHub/online/HOOPOE3/satellite-subsystems/demo/../..//hal/hcc/lib\libHCCD.a(fat_common.o)
 .text._f_getbootrecord
                0x2001236c      0x5e4 C:/Users/97250/Documents/GitHub/online/HOOPOE3/satellite-subsystems/demo/../..//hal/hcc/lib\libHCCD.a(fat_common.o)
 .text._f_readbootrecord
                0x20012950      0x4f8 C:/Users/97250/Documents/GitHub/online/HOOPOE3/satellite-subsystems/demo/../..//hal/hcc/lib\libHCCD.a(fat_common.o)
 .text._f_flushcffiles
                0x20012e48      0x17c C:/Users/97250/Documents/GitHub/online/HOOPOE3/satellite-subsystems/demo/../..//hal/hcc/lib\libHCCD.a(fat_common.o)
                0x20012e48                _f_flushcffiles
 .text._f_fatcache_flush
                0x20012fc4      0x270 C:/Users/97250/Documents/GitHub/online/HOOPOE3/satellite-subsystems/demo/../..//hal/hcc/lib\libHCCD.a(fat_common.o)
                0x20012fc4                _f_fatcache_flush
 .text._f_writefatsector
                0x20013234      0x100 C:/Users/97250/Documents/GitHub/online/HOOPOE3/satellite-subsystems/demo/../..//hal/hcc/lib\libHCCD.a(fat_common.o)
                0x20013234                _f_writefatsector
 .text._f_getfatsector
                0x20013334      0x3bc C:/Users/97250/Documents/GitHub/online/HOOPOE3/satellite-subsystems/demo/../..//hal/hcc/lib\libHCCD.a(fat_common.o)
 .text._f_setclustervalue
                0x200136f0      0x490 C:/Users/97250/Documents/GitHub/online/HOOPOE3/satellite-subsystems/demo/../..//hal/hcc/lib\libHCCD.a(fat_common.o)
                0x200136f0                _f_setclustervalue
 .text._f_getclustervalue
                0x20013b80      0x388 C:/Users/97250/Documents/GitHub/online/HOOPOE3/satellite-subsystems/demo/../..//hal/hcc/lib\libHCCD.a(fat_common.o)
                0x20013b80                _f_getclustervalue
 .text._f_close_drive_files
                0x20013f08       0xac C:/Users/97250/Documents/GitHub/online/HOOPOE3/satellite-subsystems/demo/../..//hal/hcc/lib\libHCCD.a(fat_common.o)
 .text._f_inc_mount_count
                0x20013fb4       0xa4 C:/Users/97250/Documents/GitHub/online/HOOPOE3/satellite-subsystems/demo/../..//hal/hcc/lib\libHCCD.a(fat_common.o)
 .text._f_getvolume
                0x20014058      0x2f8 C:/Users/97250/Documents/GitHub/online/HOOPOE3/satellite-subsystems/demo/../..//hal/hcc/lib\libHCCD.a(fat_common.o)
                0x20014058                _f_getvolume
 .text.fn_createdriver
                0x20014350      0x118 C:/Users/97250/Documents/GitHub/online/HOOPOE3/satellite-subsystems/demo/../..//hal/hcc/lib\libHCCD.a(fat_common.o)
                0x20014350                fn_createdriver
 .text.fn_initvolume
                0x20014468      0x12c C:/Users/97250/Documents/GitHub/online/HOOPOE3/satellite-subsystems/demo/../..//hal/hcc/lib\libHCCD.a(fat_common.o)
                0x20014468                fn_initvolume
 .text.fn_initvolumepartition_sub
                0x20014594       0xe0 C:/Users/97250/Documents/GitHub/online/HOOPOE3/satellite-subsystems/demo/../..//hal/hcc/lib\libHCCD.a(fat_common.o)
 .text.fn_initvolumepartition
                0x20014674       0xac C:/Users/97250/Documents/GitHub/online/HOOPOE3/satellite-subsystems/demo/../..//hal/hcc/lib\libHCCD.a(fat_common.o)
                0x20014674                fn_initvolumepartition
 .text._f_clustertopos
                0x20014720       0xf8 C:/Users/97250/Documents/GitHub/online/HOOPOE3/satellite-subsystems/demo/../..//hal/hcc/lib\libHCCD.a(fat_common.o)
                0x20014720                _f_clustertopos
 .text._f_getcurrsector
                0x20014818      0x6c8 C:/Users/97250/Documents/GitHub/online/HOOPOE3/satellite-subsystems/demo/../..//hal/hcc/lib\libHCCD.a(fat_common.o)
                0x20014818                _f_getcurrsector
 .text._f_getdecluster
                0x20014ee0       0x90 C:/Users/97250/Documents/GitHub/online/HOOPOE3/satellite-subsystems/demo/../..//hal/hcc/lib\libHCCD.a(fat_common.o)
                0x20014ee0                _f_getdecluster
 .text._f_setdecluster
                0x20014f70       0x8c C:/Users/97250/Documents/GitHub/online/HOOPOE3/satellite-subsystems/demo/../..//hal/hcc/lib\libHCCD.a(fat_common.o)
                0x20014f70                _f_setdecluster
 .text.fn_getdrive
                0x20014ffc       0x30 C:/Users/97250/Documents/GitHub/online/HOOPOE3/satellite-subsystems/demo/../..//hal/hcc/lib\libHCCD.a(fat_common.o)
                0x20014ffc                fn_getdrive
 .text._f_getcurrenttimedate
                0x2001502c      0x138 C:/Users/97250/Documents/GitHub/online/HOOPOE3/satellite-subsystems/demo/../..//hal/hcc/lib\libHCCD.a(fat_common.o)
                0x2001502c                _f_getcurrenttimedate
 .text._f_initentry
                0x20015164       0xa0 C:/Users/97250/Documents/GitHub/online/HOOPOE3/satellite-subsystems/demo/../..//hal/hcc/lib\libHCCD.a(fat_common.o)
                0x20015164                _f_initentry
 .text._f_alloccluster
                0x20015204      0x344 C:/Users/97250/Documents/GitHub/online/HOOPOE3/satellite-subsystems/demo/../..//hal/hcc/lib\libHCCD.a(fat_common.o)
                0x20015204                _f_alloccluster
 .text._f_dobadblock
                0x20015548      0x2cc C:/Users/97250/Documents/GitHub/online/HOOPOE3/satellite-subsystems/demo/../..//hal/hcc/lib\libHCCD.a(fat_common.o)
                0x20015548                _f_dobadblock
 .text._f_checklocked
                0x20015814       0xe4 C:/Users/97250/Documents/GitHub/online/HOOPOE3/satellite-subsystems/demo/../..//hal/hcc/lib\libHCCD.a(fat_common.o)
                0x20015814                _f_checklocked
 .text._f_checkappendlocked
                0x200158f8      0x110 C:/Users/97250/Documents/GitHub/online/HOOPOE3/satellite-subsystems/demo/../..//hal/hcc/lib\libHCCD.a(fat_common.o)
                0x200158f8                _f_checkappendlocked
 .text._f_setsyncafile
                0x20015a08      0x114 C:/Users/97250/Documents/GitHub/online/HOOPOE3/satellite-subsystems/demo/../..//hal/hcc/lib\libHCCD.a(fat_common.o)
                0x20015a08                _f_setsyncafile
 .text._f_syncfiles
                0x20015b1c      0x128 C:/Users/97250/Documents/GitHub/online/HOOPOE3/satellite-subsystems/demo/../..//hal/hcc/lib\libHCCD.a(fat_common.o)
                0x20015b1c                _f_syncfiles
 .text._f_syncfilescontent
                0x20015c44      0x15c C:/Users/97250/Documents/GitHub/online/HOOPOE3/satellite-subsystems/demo/../..//hal/hcc/lib\libHCCD.a(fat_common.o)
 .text.fn_getfreespace
                0x20015da0      0x4c0 C:/Users/97250/Documents/GitHub/online/HOOPOE3/satellite-subsystems/demo/../..//hal/hcc/lib\libHCCD.a(fat_common.o)
                0x20015da0                fn_getfreespace
 .text._f_emptywritecache
                0x20016260      0x4a4 C:/Users/97250/Documents/GitHub/online/HOOPOE3/satellite-subsystems/demo/../..//hal/hcc/lib\libHCCD.a(fat_common.o)
 .text._f_allocnextcluster
                0x20016704      0x54c C:/Users/97250/Documents/GitHub/online/HOOPOE3/satellite-subsystems/demo/../..//hal/hcc/lib\libHCCD.a(fat_common.o)
 .text._f_emptywritebuffer
                0x20016c50      0x20c C:/Users/97250/Documents/GitHub/online/HOOPOE3/satellite-subsystems/demo/../..//hal/hcc/lib\libHCCD.a(fat_common.o)
 .text._f_writezeros
                0x20016e5c       0xf0 C:/Users/97250/Documents/GitHub/online/HOOPOE3/satellite-subsystems/demo/../..//hal/hcc/lib\libHCCD.a(fat_common.o)
                0x20016e5c                _f_writezeros
 .text._f_extend_file
                0x20016f4c      0x570 C:/Users/97250/Documents/GitHub/online/HOOPOE3/satellite-subsystems/demo/../..//hal/hcc/lib\libHCCD.a(fat_common.o)
 .text._f_fseek
                0x200174bc      0x9bc C:/Users/97250/Documents/GitHub/online/HOOPOE3/satellite-subsystems/demo/../..//hal/hcc/lib\libHCCD.a(fat_common.o)
                0x200174bc                _f_fseek
 .text._f_removechain
                0x20017e78      0x104 C:/Users/97250/Documents/GitHub/online/HOOPOE3/satellite-subsystems/demo/../..//hal/hcc/lib\libHCCD.a(fat_common.o)
                0x20017e78                _f_removechain
 .text._f_updatefileentry
                0x20017f7c      0x1cc C:/Users/97250/Documents/GitHub/online/HOOPOE3/satellite-subsystems/demo/../..//hal/hcc/lib\libHCCD.a(fat_common.o)
 .text._f_checkreadlocked
                0x20018148      0x1bc C:/Users/97250/Documents/GitHub/online/HOOPOE3/satellite-subsystems/demo/../..//hal/hcc/lib\libHCCD.a(fat_common.o)
                0x20018148                _f_checkreadlocked
 .text._f_check_handle
                0x20018304       0x98 C:/Users/97250/Documents/GitHub/online/HOOPOE3/satellite-subsystems/demo/../..//hal/hcc/lib\libHCCD.a(fat_common.o)
                0x20018304                _f_check_handle
 .text._f_removesyncafile
                0x2001839c      0x1ec C:/Users/97250/Documents/GitHub/online/HOOPOE3/satellite-subsystems/demo/../..//hal/hcc/lib\libHCCD.a(fat_common.o)
 .text.fn_close
                0x20018588      0x3f8 C:/Users/97250/Documents/GitHub/online/HOOPOE3/satellite-subsystems/demo/../..//hal/hcc/lib\libHCCD.a(fat_common.o)
                0x20018588                fn_close
 .text.fn_flush
                0x20018980      0x374 C:/Users/97250/Documents/GitHub/online/HOOPOE3/satellite-subsystems/demo/../..//hal/hcc/lib\libHCCD.a(fat_common.o)
                0x20018980                fn_flush
 .text._f_abortwrite
                0x20018cf4      0x100 C:/Users/97250/Documents/GitHub/online/HOOPOE3/satellite-subsystems/demo/../..//hal/hcc/lib\libHCCD.a(fat_common.o)
 .text._f_checkwritecluster
                0x20018df4       0xe4 C:/Users/97250/Documents/GitHub/online/HOOPOE3/satellite-subsystems/demo/../..//hal/hcc/lib\libHCCD.a(fat_common.o)
 .text.fn_write
                0x20018ed8      0x8a8 C:/Users/97250/Documents/GitHub/online/HOOPOE3/satellite-subsystems/demo/../..//hal/hcc/lib\libHCCD.a(fat_common.o)
                0x20018ed8                fn_write
 .text.f_enterFS
                0x20019780      0x1c0 C:/Users/97250/Documents/GitHub/online/HOOPOE3/satellite-subsystems/demo/../..//hal/hcc/lib\libHCCD.a(fat_common.o)
                0x20019780                f_enterFS
 .text.f_releaseFS
                0x20019940       0xb0 C:/Users/97250/Documents/GitHub/online/HOOPOE3/satellite-subsystems/demo/../..//hal/hcc/lib\libHCCD.a(fat_common.o)
                0x20019940                f_releaseFS
 .text.fnGetTask
                0x200199f0       0xfc C:/Users/97250/Documents/GitHub/online/HOOPOE3/satellite-subsystems/demo/../..//hal/hcc/lib\libHCCD.a(fat_common.o)
                0x200199f0                fnGetTask
 .text._f_mutex_get
                0x20019aec       0x98 C:/Users/97250/Documents/GitHub/online/HOOPOE3/satellite-subsystems/demo/../..//hal/hcc/lib\libHCCD.a(fat_common.o)
                0x20019aec                _f_mutex_get
 .text._f_mutex_put
                0x20019b84       0x54 C:/Users/97250/Documents/GitHub/online/HOOPOE3/satellite-subsystems/demo/../..//hal/hcc/lib\libHCCD.a(fat_common.o)
                0x20019b84                _f_mutex_put
 .text._fn_initseekdivisor
                0x20019bd8      0x158 C:/Users/97250/Documents/GitHub/online/HOOPOE3/satellite-subsystems/demo/../..//hal/hcc/lib\libHCCD.a(fat_common.o)
                0x20019bd8                _fn_initseekdivisor
 .text._fn_updateseekpos
                0x20019d30       0xc4 C:/Users/97250/Documents/GitHub/online/HOOPOE3/satellite-subsystems/demo/../..//hal/hcc/lib\libHCCD.a(fat_common.o)
 .text._f_findopensize
                0x20019df4       0x2c C:/Users/97250/Documents/GitHub/online/HOOPOE3/satellite-subsystems/demo/../..//hal/hcc/lib\libHCCD.a(fat_common.o)
                0x20019df4                _f_findopensize
 .text.fn_setlasterror
                0x20019e20       0x34 C:/Users/97250/Documents/GitHub/online/HOOPOE3/satellite-subsystems/demo/../..//hal/hcc/lib\libHCCD.a(fat_common.o)
                0x20019e20                fn_setlasterror
 .text.fn_setlasterror_noret
                0x20019e54       0x2c C:/Users/97250/Documents/GitHub/online/HOOPOE3/satellite-subsystems/demo/../..//hal/hcc/lib\libHCCD.a(fat_common.o)
                0x20019e54                fn_setlasterror_noret
 .text.fm_initvolume
                0x20019e80       0x70 C:/Users/97250/Documents/GitHub/online/HOOPOE3/satellite-subsystems/demo/../..//hal/hcc/lib\libHCCD.a(fat_m.o)
                0x20019e80                fm_initvolume
 .text.fm_getdrive
                0x20019ef0       0x70 C:/Users/97250/Documents/GitHub/online/HOOPOE3/satellite-subsystems/demo/../..//hal/hcc/lib\libHCCD.a(fat_m.o)
                0x20019ef0                fm_getdrive
 .text.fm_getfreespace
                0x20019f60       0x68 C:/Users/97250/Documents/GitHub/online/HOOPOE3/satellite-subsystems/demo/../..//hal/hcc/lib\libHCCD.a(fat_m.o)
                0x20019f60                fm_getfreespace
 .text.fm_findfirst
                0x20019fc8       0x68 C:/Users/97250/Documents/GitHub/online/HOOPOE3/satellite-subsystems/demo/../..//hal/hcc/lib\libHCCD.a(fat_m.o)
                0x20019fc8                fm_findfirst
 .text.fm_findnext
                0x2001a030       0x60 C:/Users/97250/Documents/GitHub/online/HOOPOE3/satellite-subsystems/demo/../..//hal/hcc/lib\libHCCD.a(fat_m.o)
                0x2001a030                fm_findnext
 .text.fm_close
                0x2001a090       0x60 C:/Users/97250/Documents/GitHub/online/HOOPOE3/satellite-subsystems/demo/../..//hal/hcc/lib\libHCCD.a(fat_m.o)
                0x2001a090                fm_close
 .text.fm_flush
                0x2001a0f0       0x60 C:/Users/97250/Documents/GitHub/online/HOOPOE3/satellite-subsystems/demo/../..//hal/hcc/lib\libHCCD.a(fat_m.o)
                0x2001a0f0                fm_flush
 .text.fm_open  0x2001a150       0x68 C:/Users/97250/Documents/GitHub/online/HOOPOE3/satellite-subsystems/demo/../..//hal/hcc/lib\libHCCD.a(fat_m.o)
                0x2001a150                fm_open
 .text.fm_write
                0x2001a1b8       0x7c C:/Users/97250/Documents/GitHub/online/HOOPOE3/satellite-subsystems/demo/../..//hal/hcc/lib\libHCCD.a(fat_m.o)
                0x2001a1b8                fm_write
 .text.fm_delete
                0x2001a234       0x64 C:/Users/97250/Documents/GitHub/online/HOOPOE3/satellite-subsystems/demo/../..//hal/hcc/lib\libHCCD.a(fat_m.o)
                0x2001a234                fm_delete
 .text.fm_getlasterror
                0x2001a298       0x40 C:/Users/97250/Documents/GitHub/online/HOOPOE3/satellite-subsystems/demo/../..//hal/hcc/lib\libHCCD.a(fat_m.o)
                0x2001a298                fm_getlasterror
 .text._s_checkzeroclusteratend
                0x2001a2d8       0xf8 C:/Users/97250/Documents/GitHub/online/HOOPOE3/satellite-subsystems/demo/../..//hal/hcc/lib\libHCCD.a(safefat.o)
 .text._s_clearclustercontent
                0x2001a3d0      0x108 C:/Users/97250/Documents/GitHub/online/HOOPOE3/satellite-subsystems/demo/../..//hal/hcc/lib\libHCCD.a(safefat.o)
 .text._s_clearclustercontentdir
                0x2001a4d8      0x19c C:/Users/97250/Documents/GitHub/online/HOOPOE3/satellite-subsystems/demo/../..//hal/hcc/lib\libHCCD.a(safefat.o)
 .text._s_writedirsector
                0x2001a674       0xd0 C:/Users/97250/Documents/GitHub/online/HOOPOE3/satellite-subsystems/demo/../..//hal/hcc/lib\libHCCD.a(safefat.o)
 .text._s_getdirsector
                0x2001a744      0x100 C:/Users/97250/Documents/GitHub/online/HOOPOE3/satellite-subsystems/demo/../..//hal/hcc/lib\libHCCD.a(safefat.o)
 .text._s_addentry
                0x2001a844      0x394 C:/Users/97250/Documents/GitHub/online/HOOPOE3/satellite-subsystems/demo/../..//hal/hcc/lib\libHCCD.a(safefat.o)
 .text._s_findfile
                0x2001abd8      0x33c C:/Users/97250/Documents/GitHub/online/HOOPOE3/satellite-subsystems/demo/../..//hal/hcc/lib\libHCCD.a(safefat.o)
 .text._s_findsubdir
                0x2001af14      0x248 C:/Users/97250/Documents/GitHub/online/HOOPOE3/satellite-subsystems/demo/../..//hal/hcc/lib\libHCCD.a(safefat.o)
 .text._s_createfile
                0x2001b15c      0x190 C:/Users/97250/Documents/GitHub/online/HOOPOE3/satellite-subsystems/demo/../..//hal/hcc/lib\libHCCD.a(safefat.o)
 .text._s_findsaffile
                0x2001b2ec      0x1b8 C:/Users/97250/Documents/GitHub/online/HOOPOE3/satellite-subsystems/demo/../..//hal/hcc/lib\libHCCD.a(safefat.o)
 .text._s_open  0x2001b4a4       0xe4 C:/Users/97250/Documents/GitHub/online/HOOPOE3/satellite-subsystems/demo/../..//hal/hcc/lib\libHCCD.a(safefat.o)
 .text._s_open_saf
                0x2001b588       0xe8 C:/Users/97250/Documents/GitHub/online/HOOPOE3/satellite-subsystems/demo/../..//hal/hcc/lib\libHCCD.a(safefat.o)
 .text._s_flush
                0x2001b670       0x84 C:/Users/97250/Documents/GitHub/online/HOOPOE3/satellite-subsystems/demo/../..//hal/hcc/lib\libHCCD.a(safefat.o)
 .text._s_allocnextcluster
                0x2001b6f4      0x13c C:/Users/97250/Documents/GitHub/online/HOOPOE3/satellite-subsystems/demo/../..//hal/hcc/lib\libHCCD.a(safefat.o)
 .text._s_getnextsector
                0x2001b830       0xdc C:/Users/97250/Documents/GitHub/online/HOOPOE3/satellite-subsystems/demo/../..//hal/hcc/lib\libHCCD.a(safefat.o)
 .text._s_seek  0x2001b90c      0x1e8 C:/Users/97250/Documents/GitHub/online/HOOPOE3/satellite-subsystems/demo/../..//hal/hcc/lib\libHCCD.a(safefat.o)
 .text._s_read  0x2001baf4      0x228 C:/Users/97250/Documents/GitHub/online/HOOPOE3/satellite-subsystems/demo/../..//hal/hcc/lib\libHCCD.a(safefat.o)
 .text._s_write
                0x2001bd1c      0x384 C:/Users/97250/Documents/GitHub/online/HOOPOE3/satellite-subsystems/demo/../..//hal/hcc/lib\libHCCD.a(safefat.o)
 .text._s_restoreclusters
                0x2001c0a0      0x270 C:/Users/97250/Documents/GitHub/online/HOOPOE3/satellite-subsystems/demo/../..//hal/hcc/lib\libHCCD.a(safefat.o)
                0x2001c0a0                _s_restoreclusters
 .text._s_findrestore
                0x2001c310      0x18c C:/Users/97250/Documents/GitHub/online/HOOPOE3/satellite-subsystems/demo/../..//hal/hcc/lib\libHCCD.a(safefat.o)
 .text._s_cmd_writede
                0x2001c49c       0xd8 C:/Users/97250/Documents/GitHub/online/HOOPOE3/satellite-subsystems/demo/../..//hal/hcc/lib\libHCCD.a(safefat.o)
 .text._s_cmd_setcluster
                0x2001c574       0x88 C:/Users/97250/Documents/GitHub/online/HOOPOE3/satellite-subsystems/demo/../..//hal/hcc/lib\libHCCD.a(safefat.o)
 .text._s_cmd_deletechain
                0x2001c5fc      0x100 C:/Users/97250/Documents/GitHub/online/HOOPOE3/satellite-subsystems/demo/../..//hal/hcc/lib\libHCCD.a(safefat.o)
 .text._s_cmd_validatecfn
                0x2001c6fc      0x308 C:/Users/97250/Documents/GitHub/online/HOOPOE3/satellite-subsystems/demo/../..//hal/hcc/lib\libHCCD.a(safefat.o)
 .text._s_cmd_seteof
                0x2001ca04      0x3c4 C:/Users/97250/Documents/GitHub/online/HOOPOE3/satellite-subsystems/demo/../..//hal/hcc/lib\libHCCD.a(safefat.o)
 .text.safe_docommands
                0x2001cdc8      0x56c C:/Users/97250/Documents/GitHub/online/HOOPOE3/satellite-subsystems/demo/../..//hal/hcc/lib\libHCCD.a(safefat.o)
                0x2001cdc8                safe_docommands
 .text.safe_entercommand
                0x2001d334       0x68 C:/Users/97250/Documents/GitHub/online/HOOPOE3/satellite-subsystems/demo/../..//hal/hcc/lib\libHCCD.a(safefat.o)
                0x2001d334                safe_entercommand
 .text.safe_ready
                0x2001d39c       0xf4 C:/Users/97250/Documents/GitHub/online/HOOPOE3/satellite-subsystems/demo/../..//hal/hcc/lib\libHCCD.a(safefat.o)
                0x2001d39c                safe_ready
 .text.safe_copycfn
                0x2001d490       0xb8 C:/Users/97250/Documents/GitHub/online/HOOPOE3/satellite-subsystems/demo/../..//hal/hcc/lib\libHCCD.a(safefat.o)
                0x2001d490                safe_copycfn
 .text.safe_cfremove
                0x2001d548       0xb8 C:/Users/97250/Documents/GitHub/online/HOOPOE3/satellite-subsystems/demo/../..//hal/hcc/lib\libHCCD.a(safefat.o)
                0x2001d548                safe_cfremove
 .text.safe_writede
                0x2001d600      0x104 C:/Users/97250/Documents/GitHub/online/HOOPOE3/satellite-subsystems/demo/../..//hal/hcc/lib\libHCCD.a(safefat.o)
                0x2001d600                safe_writede
 .text.safe_setcluster
                0x2001d704       0xcc C:/Users/97250/Documents/GitHub/online/HOOPOE3/satellite-subsystems/demo/../..//hal/hcc/lib\libHCCD.a(safefat.o)
                0x2001d704                safe_setcluster
 .text.safe_deletechain
                0x2001d7d0      0x1c8 C:/Users/97250/Documents/GitHub/online/HOOPOE3/satellite-subsystems/demo/../..//hal/hcc/lib\libHCCD.a(safefat.o)
                0x2001d7d0                safe_deletechain
 .text.safe_cfclose
                0x2001d998      0x104 C:/Users/97250/Documents/GitHub/online/HOOPOE3/satellite-subsystems/demo/../..//hal/hcc/lib\libHCCD.a(safefat.o)
                0x2001d998                safe_cfclose
 .text.safe_cfflush
                0x2001da9c      0x124 C:/Users/97250/Documents/GitHub/online/HOOPOE3/satellite-subsystems/demo/../..//hal/hcc/lib\libHCCD.a(safefat.o)
                0x2001da9c                safe_cfflush
 .text.safe_reset
                0x2001dbc0       0x78 C:/Users/97250/Documents/GitHub/online/HOOPOE3/satellite-subsystems/demo/../..//hal/hcc/lib\libHCCD.a(safefat.o)
                0x2001dbc0                safe_reset
 .text.safe_loadcommands
                0x2001dc38       0x78 C:/Users/97250/Documents/GitHub/online/HOOPOE3/satellite-subsystems/demo/../..//hal/hcc/lib\libHCCD.a(safefat.o)
                0x2001dc38                safe_loadcommands
 .text.safe_poweron
                0x2001dcb0      0x1fc C:/Users/97250/Documents/GitHub/online/HOOPOE3/satellite-subsystems/demo/../..//hal/hcc/lib\libHCCD.a(safefat.o)
                0x2001dcb0                safe_poweron
 .text.cf_getname
                0x2001deac       0xc0 C:/Users/97250/Documents/GitHub/online/HOOPOE3/satellite-subsystems/demo/../..//hal/hcc/lib\libHCCD.a(safefat.o)
 .text.cf_copyclusterchain
                0x2001df6c      0x138 C:/Users/97250/Documents/GitHub/online/HOOPOE3/satellite-subsystems/demo/../..//hal/hcc/lib\libHCCD.a(safefat.o)
 .text.cf_seektozero
                0x2001e0a4       0x94 C:/Users/97250/Documents/GitHub/online/HOOPOE3/satellite-subsystems/demo/../..//hal/hcc/lib\libHCCD.a(safefat.o)
                0x2001e0a4                cf_seektozero
 .text.cf_create
                0x2001e138      0x3a8 C:/Users/97250/Documents/GitHub/online/HOOPOE3/satellite-subsystems/demo/../..//hal/hcc/lib\libHCCD.a(safefat.o)
                0x2001e138                cf_create
 .text.cf_copyclustercontent
                0x2001e4e0      0x128 C:/Users/97250/Documents/GitHub/online/HOOPOE3/satellite-subsystems/demo/../..//hal/hcc/lib\libHCCD.a(safefat.o)
                0x2001e4e0                cf_copyclustercontent
 .text.cf_copycfn
                0x2001e608      0x4bc C:/Users/97250/Documents/GitHub/online/HOOPOE3/satellite-subsystems/demo/../..//hal/hcc/lib\libHCCD.a(safefat.o)
                0x2001e608                cf_copycfn
 .text.cf_remove
                0x2001eac4      0x344 C:/Users/97250/Documents/GitHub/online/HOOPOE3/satellite-subsystems/demo/../..//hal/hcc/lib\libHCCD.a(safefat.o)
                0x2001eac4                cf_remove
 .text.cf_setclusternew
                0x2001ee08       0xf0 C:/Users/97250/Documents/GitHub/online/HOOPOE3/satellite-subsystems/demo/../..//hal/hcc/lib\libHCCD.a(safefat.o)
                0x2001ee08                cf_setclusternew
 .text.cf_flush
                0x2001eef8       0x58 C:/Users/97250/Documents/GitHub/online/HOOPOE3/satellite-subsystems/demo/../..//hal/hcc/lib\libHCCD.a(safefat.o)
                0x2001eef8                cf_flush
 .text.cf_getcluster
                0x2001ef50      0x1b4 C:/Users/97250/Documents/GitHub/online/HOOPOE3/satellite-subsystems/demo/../..//hal/hcc/lib\libHCCD.a(safefat.o)
                0x2001ef50                cf_getcluster
 .text.cf_setnextcluster
                0x2001f104      0x194 C:/Users/97250/Documents/GitHub/online/HOOPOE3/satellite-subsystems/demo/../..//hal/hcc/lib\libHCCD.a(safefat.o)
                0x2001f104                cf_setnextcluster
 .text.cf_getpositions
                0x2001f298       0xbc C:/Users/97250/Documents/GitHub/online/HOOPOE3/satellite-subsystems/demo/../..//hal/hcc/lib\libHCCD.a(safefat.o)
                0x2001f298                cf_getpositions
 .text.cf_setpositions
                0x2001f354       0xb0 C:/Users/97250/Documents/GitHub/online/HOOPOE3/satellite-subsystems/demo/../..//hal/hcc/lib\libHCCD.a(safefat.o)
                0x2001f354                cf_setpositions
 .text.cf_opensyncafile
                0x2001f404      0x150 C:/Users/97250/Documents/GitHub/online/HOOPOE3/satellite-subsystems/demo/../..//hal/hcc/lib\libHCCD.a(safefat.o)
                0x2001f404                cf_opensyncafile
 .text.cf_reloadcfo
                0x2001f554       0xd8 C:/Users/97250/Documents/GitHub/online/HOOPOE3/satellite-subsystems/demo/../..//hal/hcc/lib\libHCCD.a(safefat.o)
                0x2001f554                cf_reloadcfo
 .text.mcipdc_cmd
                0x2001f62c      0x22c C:/Users/97250/Documents/GitHub/online/HOOPOE3/satellite-subsystems/demo/../..//hal/hcc/lib\libHCCD.a(atmel_mcipdc.o)
 .text.mcipdc_stop
                0x2001f858       0xfc C:/Users/97250/Documents/GitHub/online/HOOPOE3/satellite-subsystems/demo/../..//hal/hcc/lib\libHCCD.a(atmel_mcipdc.o)
                0x2001f858                mcipdc_stop
 .text.mcipdc_read
                0x2001f954      0x27c C:/Users/97250/Documents/GitHub/online/HOOPOE3/satellite-subsystems/demo/../..//hal/hcc/lib\libHCCD.a(atmel_mcipdc.o)
 .text.mcipdc_write
                0x2001fbd0      0x298 C:/Users/97250/Documents/GitHub/online/HOOPOE3/satellite-subsystems/demo/../..//hal/hcc/lib\libHCCD.a(atmel_mcipdc.o)
 .text.mcipdc_readsector
                0x2001fe68       0x9c C:/Users/97250/Documents/GitHub/online/HOOPOE3/satellite-subsystems/demo/../..//hal/hcc/lib\libHCCD.a(atmel_mcipdc.o)
                0x2001fe68                mcipdc_readsector
 .text.mcipdc_readmultiplesector
                0x2001ff04      0x124 C:/Users/97250/Documents/GitHub/online/HOOPOE3/satellite-subsystems/demo/../..//hal/hcc/lib\libHCCD.a(atmel_mcipdc.o)
                0x2001ff04                mcipdc_readmultiplesector
 .text.mcipdc_writesector
                0x20020028       0x90 C:/Users/97250/Documents/GitHub/online/HOOPOE3/satellite-subsystems/demo/../..//hal/hcc/lib\libHCCD.a(atmel_mcipdc.o)
                0x20020028                mcipdc_writesector
 .text.mcipdc_writemultiplesector
                0x200200b8      0x120 C:/Users/97250/Documents/GitHub/online/HOOPOE3/satellite-subsystems/demo/../..//hal/hcc/lib\libHCCD.a(atmel_mcipdc.o)
                0x200200b8                mcipdc_writemultiplesector
 .text.mcipdc_set_speed
                0x200201d8       0xb0 C:/Users/97250/Documents/GitHub/online/HOOPOE3/satellite-subsystems/demo/../..//hal/hcc/lib\libHCCD.a(atmel_mcipdc.o)
 .text.mcipdc_get_speed
                0x20020288       0x48 C:/Users/97250/Documents/GitHub/online/HOOPOE3/satellite-subsystems/demo/../..//hal/hcc/lib\libHCCD.a(atmel_mcipdc.o)
 .text._get_csd_bits
                0x200202d0      0x14c C:/Users/97250/Documents/GitHub/online/HOOPOE3/satellite-subsystems/demo/../..//hal/hcc/lib\libHCCD.a(atmel_mcipdc.o)
 .text.mcipdc_initcard
                0x2002041c      0x8f4 C:/Users/97250/Documents/GitHub/online/HOOPOE3/satellite-subsystems/demo/../..//hal/hcc/lib\libHCCD.a(atmel_mcipdc.o)
 .text.mcipdc_getstatus
                0x20020d10       0xe8 C:/Users/97250/Documents/GitHub/online/HOOPOE3/satellite-subsystems/demo/../..//hal/hcc/lib\libHCCD.a(atmel_mcipdc.o)
 .text.mcipdc_getphy
                0x20020df8       0x90 C:/Users/97250/Documents/GitHub/online/HOOPOE3/satellite-subsystems/demo/../..//hal/hcc/lib\libHCCD.a(atmel_mcipdc.o)
 .text.mcipdc_release
                0x20020e88       0x50 C:/Users/97250/Documents/GitHub/online/HOOPOE3/satellite-subsystems/demo/../..//hal/hcc/lib\libHCCD.a(atmel_mcipdc.o)
 .text.atmel_mcipdc_initfunc
                0x20020ed8      0x160 C:/Users/97250/Documents/GitHub/online/HOOPOE3/satellite-subsystems/demo/../..//hal/hcc/lib\libHCCD.a(atmel_mcipdc.o)
                0x20020ed8                atmel_mcipdc_initfunc
 .text.oal_mutex_create
                0x20021038       0x54 C:/Users/97250/Documents/GitHub/online/HOOPOE3/satellite-subsystems/demo/../..//hal/hcc/lib\libHCCD.a(oalp_mutex.o)
                0x20021038                oal_mutex_create
 .text.oal_mutex_delete
                0x2002108c       0x30 C:/Users/97250/Documents/GitHub/online/HOOPOE3/satellite-subsystems/demo/../..//hal/hcc/lib\libHCCD.a(oalp_mutex.o)
                0x2002108c                oal_mutex_delete
 .text.oal_mutex_get
                0x200210bc       0x58 C:/Users/97250/Documents/GitHub/online/HOOPOE3/satellite-subsystems/demo/../..//hal/hcc/lib\libHCCD.a(oalp_mutex.o)
                0x200210bc                oal_mutex_get
 .text.oal_mutex_put
                0x20021114       0x58 C:/Users/97250/Documents/GitHub/online/HOOPOE3/satellite-subsystems/demo/../..//hal/hcc/lib\libHCCD.a(oalp_mutex.o)
                0x20021114                oal_mutex_put
 .text.oal_task_get_id
                0x2002116c       0x18 C:/Users/97250/Documents/GitHub/online/HOOPOE3/satellite-subsystems/demo/../..//hal/hcc/lib\libHCCD.a(oalp_task.o)
                0x2002116c                oal_task_get_id
 .text.mcipdc_hw_init
                0x20021184       0xe8 C:/Users/97250/Documents/GitHub/online/HOOPOE3/satellite-subsystems/demo/../..//hal/hcc/lib\libHCCD.a(atmel_mcipdc_hw.o)
                0x20021184                mcipdc_hw_init
 .text.mcipdc_hw_delete
                0x2002126c       0x78 C:/Users/97250/Documents/GitHub/online/HOOPOE3/satellite-subsystems/demo/../..//hal/hcc/lib\libHCCD.a(atmel_mcipdc_hw.o)
                0x2002126c                mcipdc_hw_delete
 .text.mcipdc_hw_card_plugged
                0x200212e4       0x1c C:/Users/97250/Documents/GitHub/online/HOOPOE3/satellite-subsystems/demo/../..//hal/hcc/lib\libHCCD.a(atmel_mcipdc_hw.o)
                0x200212e4                mcipdc_hw_card_plugged
 .text.mcipdc_hw_card_writeprotect
                0x20021300       0x1c C:/Users/97250/Documents/GitHub/online/HOOPOE3/satellite-subsystems/demo/../..//hal/hcc/lib\libHCCD.a(atmel_mcipdc_hw.o)
                0x20021300                mcipdc_hw_card_writeprotect
 .text.psp_getcurrenttimedate
                0x2002131c       0x8c C:/Users/97250/Documents/GitHub/online/HOOPOE3/satellite-subsystems/demo/../..//hal/hcc/lib\libHCCD.a(psp_rtc.o)
                0x2002131c                psp_getcurrenttimedate
 .text._hcc_get_buf_dsc
                0x200213a8       0x8c C:/Users/97250/Documents/GitHub/online/HOOPOE3/satellite-subsystems/demo/../..//hal/hcc/lib\libHCCD.a(hcc_mem.o)
 .text._hcc_check_free_pages
                0x20021434      0x18c C:/Users/97250/Documents/GitHub/online/HOOPOE3/satellite-subsystems/demo/../..//hal/hcc/lib\libHCCD.a(hcc_mem.o)
 .text._hcc_mark_pages
                0x200215c0      0x158 C:/Users/97250/Documents/GitHub/online/HOOPOE3/satellite-subsystems/demo/../..//hal/hcc/lib\libHCCD.a(hcc_mem.o)
 .text._hcc_clear_lock_dsc
                0x20021718       0x80 C:/Users/97250/Documents/GitHub/online/HOOPOE3/satellite-subsystems/demo/../..//hal/hcc/lib\libHCCD.a(hcc_mem.o)
 .text._hcc_lock_access
                0x20021798      0x128 C:/Users/97250/Documents/GitHub/online/HOOPOE3/satellite-subsystems/demo/../..//hal/hcc/lib\libHCCD.a(hcc_mem.o)
 .text._hcc_unlock_access
                0x200218c0       0x30 C:/Users/97250/Documents/GitHub/online/HOOPOE3/satellite-subsystems/demo/../..//hal/hcc/lib\libHCCD.a(hcc_mem.o)
 .text.hcc_mem_alloc
                0x200218f0      0x454 C:/Users/97250/Documents/GitHub/online/HOOPOE3/satellite-subsystems/demo/../..//hal/hcc/lib\libHCCD.a(hcc_mem.o)
                0x200218f0                hcc_mem_alloc
 .text.hcc_mem_free
                0x20021d44      0x178 C:/Users/97250/Documents/GitHub/online/HOOPOE3/satellite-subsystems/demo/../..//hal/hcc/lib\libHCCD.a(hcc_mem.o)
                0x20021d44                hcc_mem_free
 .text.hcc_mem_add
                0x20021ebc      0x3b0 C:/Users/97250/Documents/GitHub/online/HOOPOE3/satellite-subsystems/demo/../..//hal/hcc/lib\libHCCD.a(hcc_mem.o)
                0x20021ebc                hcc_mem_add
 .text.hcc_mem_init
                0x2002226c      0x164 C:/Users/97250/Documents/GitHub/online/HOOPOE3/satellite-subsystems/demo/../..//hal/hcc/lib\libHCCD.a(hcc_mem.o)
                0x2002226c                hcc_mem_init
 .text._f_invalidatedir
                0x200223d0       0x28 C:/Users/97250/Documents/GitHub/online/HOOPOE3/satellite-subsystems/demo/../..//hal/hcc/lib\libHCCD.a(fat.o)
                0x200223d0                _f_invalidatedir
 .text._f_getdirsector
                0x200223f8       0x88 C:/Users/97250/Documents/GitHub/online/HOOPOE3/satellite-subsystems/demo/../..//hal/hcc/lib\libHCCD.a(fat.o)
                0x200223f8                _f_getdirsector
 .text._f_writedirsector
                0x20022480       0x74 C:/Users/97250/Documents/GitHub/online/HOOPOE3/satellite-subsystems/demo/../..//hal/hcc/lib\libHCCD.a(fat.o)
                0x20022480                _f_writedirsector
 .text._f_checknameinv
                0x200224f4      0x180 C:/Users/97250/Documents/GitHub/online/HOOPOE3/satellite-subsystems/demo/../..//hal/hcc/lib\libHCCD.a(fat.o)
 .text._f_checkname
                0x20022674       0x7c C:/Users/97250/Documents/GitHub/online/HOOPOE3/satellite-subsystems/demo/../..//hal/hcc/lib\libHCCD.a(fat.o)
 .text._f_checknamewc
                0x200226f0       0xf8 C:/Users/97250/Documents/GitHub/online/HOOPOE3/satellite-subsystems/demo/../..//hal/hcc/lib\libHCCD.a(fat.o)
 .text._f_setnameext
                0x200227e8      0x300 C:/Users/97250/Documents/GitHub/online/HOOPOE3/satellite-subsystems/demo/../..//hal/hcc/lib\libHCCD.a(fat.o)
 .text._f_setfsname
                0x20022ae8      0x584 C:/Users/97250/Documents/GitHub/online/HOOPOE3/satellite-subsystems/demo/../..//hal/hcc/lib\libHCCD.a(fat.o)
 .text._f_findfile
                0x2002306c      0x30c C:/Users/97250/Documents/GitHub/online/HOOPOE3/satellite-subsystems/demo/../..//hal/hcc/lib\libHCCD.a(fat.o)
 .text._f_cmp_wname
                0x20023378      0x274 C:/Users/97250/Documents/GitHub/online/HOOPOE3/satellite-subsystems/demo/../..//hal/hcc/lib\libHCCD.a(fat.o)
 .text._f_to_string
                0x200235ec      0x130 C:/Users/97250/Documents/GitHub/online/HOOPOE3/satellite-subsystems/demo/../..//hal/hcc/lib\libHCCD.a(fat.o)
 .text._f_findfilewc
                0x2002371c      0x278 C:/Users/97250/Documents/GitHub/online/HOOPOE3/satellite-subsystems/demo/../..//hal/hcc/lib\libHCCD.a(fat.o)
 .text._f_getfilename
                0x20023994      0x20c C:/Users/97250/Documents/GitHub/online/HOOPOE3/satellite-subsystems/demo/../..//hal/hcc/lib\libHCCD.a(fat.o)
 .text._f_findpath
                0x20023ba0      0x35c C:/Users/97250/Documents/GitHub/online/HOOPOE3/satellite-subsystems/demo/../..//hal/hcc/lib\libHCCD.a(fat.o)
 .text.fn_getdcwd
                0x20023efc      0x1e0 C:/Users/97250/Documents/GitHub/online/HOOPOE3/satellite-subsystems/demo/../..//hal/hcc/lib\libHCCD.a(fat.o)