Archive member included because of file (symbol)

c:/isis/application/toolchain/bin/../lib/gcc/arm-none-eabi/4.7.4/../../../../arm-none-eabi/lib\libc_s.a(lib_a-vfprintf_float.o)
                              (_printf_float)
c:/isis/application/toolchain/bin/../lib/gcc/arm-none-eabi/4.7.4/../../../../arm-none-eabi/lib\libc_s.a(lib_a-vfprintf_i.o)
                              c:/isis/application/toolchain/bin/../lib/gcc/arm-none-eabi/4.7.4/../../../../arm-none-eabi/lib\libc_s.a(lib_a-vfprintf_float.o) (_printf_common)
c:/isis/application/toolchain/bin/../lib/gcc/arm-none-eabi/4.7.4/../../../../arm-none-eabi/lib\libc_s.a(lib_a-vfscanf_float.o)
                              (_scanf_float)
c:/isis/application/toolchain/bin/../lib/gcc/arm-none-eabi/4.7.4/../../../../arm-none-eabi/lib\libc_s.a(lib_a-dtoa.o)
                              c:/isis/application/toolchain/bin/../lib/gcc/arm-none-eabi/4.7.4/../../../../arm-none-eabi/lib\libc_s.a(lib_a-vfprintf_float.o) (_dtoa_r)
c:/isis/application/toolchain/bin/../lib/gcc/arm-none-eabi/4.7.4/../../../../arm-none-eabi/lib\libc_s.a(lib_a-locale.o)
                              c:/isis/application/toolchain/bin/../lib/gcc/arm-none-eabi/4.7.4/../../../../arm-none-eabi/lib\libc_s.a(lib_a-vfprintf_float.o) (_localeconv_r)
c:/isis/application/toolchain/bin/../lib/gcc/arm-none-eabi/4.7.4/../../../../arm-none-eabi/lib\libc_s.a(lib_a-malloc.o)
                              c:/isis/application/toolchain/bin/../lib/gcc/arm-none-eabi/4.7.4/../../../../arm-none-eabi/lib\libc_s.a(lib_a-dtoa.o) (malloc)
c:/isis/application/toolchain/bin/../lib/gcc/arm-none-eabi/4.7.4/../../../../arm-none-eabi/lib\libc_s.a(lib_a-mallocr.o)
                              c:/isis/application/toolchain/bin/../lib/gcc/arm-none-eabi/4.7.4/../../../../arm-none-eabi/lib\libc_s.a(lib_a-malloc.o) (_malloc_r)
c:/isis/application/toolchain/bin/../lib/gcc/arm-none-eabi/4.7.4/../../../../arm-none-eabi/lib\libc_s.a(lib_a-memcpy.o)
                              c:/isis/application/toolchain/bin/../lib/gcc/arm-none-eabi/4.7.4/../../../../arm-none-eabi/lib\libc_s.a(lib_a-dtoa.o) (memcpy)
c:/isis/application/toolchain/bin/../lib/gcc/arm-none-eabi/4.7.4/../../../../arm-none-eabi/lib\libc_s.a(lib_a-mprec.o)
                              c:/isis/application/toolchain/bin/../lib/gcc/arm-none-eabi/4.7.4/../../../../arm-none-eabi/lib\libc_s.a(lib_a-dtoa.o) (_Balloc)
c:/isis/application/toolchain/bin/../lib/gcc/arm-none-eabi/4.7.4/../../../../arm-none-eabi/lib\libc_s.a(lib_a-s_fpclassify.o)
                              c:/isis/application/toolchain/bin/../lib/gcc/arm-none-eabi/4.7.4/../../../../arm-none-eabi/lib\libc_s.a(lib_a-vfprintf_float.o) (__fpclassifyd)
c:/isis/application/toolchain/bin/../lib/gcc/arm-none-eabi/4.7.4/../../../../arm-none-eabi/lib\libc_s.a(lib_a-sbrkr.o)
                              c:/isis/application/toolchain/bin/../lib/gcc/arm-none-eabi/4.7.4/../../../../arm-none-eabi/lib\libc_s.a(lib_a-mallocr.o) (_sbrk_r)
c:/isis/application/toolchain/bin/../lib/gcc/arm-none-eabi/4.7.4/../../../../arm-none-eabi/lib\libc_s.a(lib_a-sf_nan.o)
                              c:/isis/application/toolchain/bin/../lib/gcc/arm-none-eabi/4.7.4/../../../../arm-none-eabi/lib\libc_s.a(lib_a-vfscanf_float.o) (nanf)
c:/isis/application/toolchain/bin/../lib/gcc/arm-none-eabi/4.7.4/../../../../arm-none-eabi/lib\libc_s.a(lib_a-sprintf.o)
                              c:/isis/application/toolchain/bin/../lib/gcc/arm-none-eabi/4.7.4/../../../../arm-none-eabi/lib\libc_s.a(lib_a-vfscanf_float.o) (sprintf)
c:/isis/application/toolchain/bin/../lib/gcc/arm-none-eabi/4.7.4/../../../../arm-none-eabi/lib\libc_s.a(lib_a-strcmp.o)
                              c:/isis/application/toolchain/bin/../lib/gcc/arm-none-eabi/4.7.4/../../../../arm-none-eabi/lib\libc_s.a(lib_a-locale.o) (strcmp)
c:/isis/application/toolchain/bin/../lib/gcc/arm-none-eabi/4.7.4/../../../../arm-none-eabi/lib\libc_s.a(lib_a-strlen.o)
                              c:/isis/application/toolchain/bin/../lib/gcc/arm-none-eabi/4.7.4/../../../../arm-none-eabi/lib\libc_s.a(lib_a-vfprintf_float.o) (strlen)
c:/isis/application/toolchain/bin/../lib/gcc/arm-none-eabi/4.7.4/../../../../arm-none-eabi/lib\libc_s.a(lib_a-strtod.o)
                              c:/isis/application/toolchain/bin/../lib/gcc/arm-none-eabi/4.7.4/../../../../arm-none-eabi/lib\libc_s.a(lib_a-vfscanf_float.o) (_strtod_r)
c:/isis/application/toolchain/bin/../lib/gcc/arm-none-eabi/4.7.4/../../../../arm-none-eabi/lib\libc_s.a(lib_a-strtol.o)
                              c:/isis/application/toolchain/bin/../lib/gcc/arm-none-eabi/4.7.4/../../../../arm-none-eabi/lib\libc_s.a(lib_a-vfscanf_float.o) (_strtol_r)
c:/isis/application/toolchain/bin/../lib/gcc/arm-none-eabi/4.7.4/../../../../arm-none-eabi/lib\libc_s.a(lib_a-svfprintf.o)
                              c:/isis/application/toolchain/bin/../lib/gcc/arm-none-eabi/4.7.4/../../../../arm-none-eabi/lib\libc_s.a(lib_a-sprintf.o) (_svfprintf_r)
[...]
Memory Configuration

Name             Origin             Length             Attributes
sram0            0x00200000         0x00004000         w !xr
sram1            0x00300000         0x00004000         w !xr
sdram            0x20000000         0x02000000         w !xr
*default*        0x00000000         0xffffffff

Linker script and memory map

LOAD c:/isis/application/toolchain/bin/../lib/gcc/arm-none-eabi/4.7.4/../../../../arm-none-eabi/lib\libc_s.a
LOAD ./src/sub-systemCode/payload/Request Management/Dump/Butchering.o
LOAD ./src/sub-systemCode/payload/Request Management/Dump/imageDump.o
LOAD ./src/sub-systemCode/payload/Request Management/AutomaticImageHandler.o
LOAD ./src/sub-systemCode/payload/Request Management/CameraManeger.o
LOAD ./src/sub-systemCode/payload/Request Management/DB_RequestHandling.o
LOAD ./src/sub-systemCode/payload/Misc/Boolean_bit.o
LOAD ./src/sub-systemCode/payload/Misc/FileSystem.o
LOAD ./src/sub-systemCode/payload/Drivers/GeckoCameraDriver.o
LOAD ./src/sub-systemCode/payload/DataBase/DataBase.o
LOAD ./src/sub-systemCode/payload/Compression/jpeg/bmp/rawToBMP.o
LOAD ./src/sub-systemCode/payload/Compression/jpeg/DCT.o
LOAD ./src/sub-systemCode/payload/Compression/jpeg/ImgCompressor.o
LOAD ./src/sub-systemCode/payload/Compression/jpeg/color_conv.o
LOAD ./src/sub-systemCode/payload/Compression/jpeg/jpeg.o
LOAD ./src/sub-systemCode/payload/Compression/jpeg/jpeg_encoder.o
LOAD ./src/sub-systemCode/payload/Compression/jpeg/jpeg_memory_alloc.o
LOAD ./src/sub-systemCode/payload/Compression/jpeg/jpeg_params.o
LOAD ./src/sub-systemCode/payload/Compression/jpeg/output_stream.o
LOAD ./src/sub-systemCode/payload/Compression/ImageConversion.o
LOAD ./src/sub-systemCode/Main/CMD/ADCS_CMD.o
LOAD ./src/sub-systemCode/Main/CMD/COMM_CMD.o
LOAD ./src/sub-systemCode/Main/CMD/EPS_CMD.o
LOAD ./src/sub-systemCode/Main/CMD/General_CMD.o
LOAD ./src/sub-systemCode/Main/CMD/SW_CMD.o
LOAD ./src/sub-systemCode/Main/CMD/payload_CMD.o
LOAD ./src/sub-systemCode/Main/Ants.o
LOAD ./src/sub-systemCode/Main/EPS.o
LOAD ./src/sub-systemCode/Main/HouseKeeping.o
LOAD ./src/sub-systemCode/Main/Main_Init.o
LOAD ./src/sub-systemCode/Main/commands.o
LOAD ./src/sub-systemCode/Global/FileDump.o
LOAD ./src/sub-systemCode/Global/GenericTaskSave.o
LOAD ./src/sub-systemCode/Global/Global.o
LOAD ./src/sub-systemCode/Global/GlobalParam.o
LOAD ./src/sub-systemCode/Global/OnlineTM.o
LOAD ./src/sub-systemCode/Global/TLM_management.o
LOAD ./src/sub-systemCode/Global/freertosExtended.o
LOAD ./src/sub-systemCode/Global/logger.o
LOAD ./src/sub-systemCode/CUF/CUF.o
LOAD ./src/sub-systemCode/CUF/uploadCodeTelemetry.o
LOAD ./src/sub-systemCode/COMM/APRS.o
LOAD ./src/sub-systemCode/COMM/DelayedCommand_list.o
LOAD ./src/sub-systemCode/COMM/GSC.o
LOAD ./src/sub-systemCode/COMM/TRXVU.o
LOAD ./src/sub-systemCode/ADCS/AdcsCommands.o
LOAD ./src/sub-systemCode/ADCS/AdcsGetDataAndTlm.o
LOAD ./src/sub-systemCode/ADCS/AdcsMain.o
LOAD ./src/sub-systemCode/ADCS/AdcsTroubleShooting.o
LOAD ./src/sub-systemCode/ADCS/StateMachine.o
LOAD ./src/main.o
LOAD C:/HOOPOE3/satellite-subsystems/demo/..//satellite-subsystems/lib\libSatelliteSubsystemsD.a
LOAD c:/isis/application/toolchain/bin/../lib/gcc/arm-none-eabi/4.7.4/../../../../arm-none-eabi/lib\libm.a
LOAD C:/HOOPOE3/satellite-subsystems/demo/../..//hal/hcc/lib\libHCCD.a
LOAD C:/HOOPOE3/satellite-subsystems/demo/../..//hal/hal/lib\libHALD.a
LOAD C:/HOOPOE3/satellite-subsystems/demo/../..//hal/freertos/lib\libFreeRTOSD.a
LOAD C:/HOOPOE3/satellite-subsystems/demo/../..//hal/at91/lib\libAt91D.a
START GROUP
LOAD c:/isis/application/toolchain/bin/../lib/gcc/arm-none-eabi/4.7.4\libgcc.a
LOAD c:/isis/application/toolchain/bin/../lib/gcc/arm-none-eabi/4.7.4/../../../../arm-none-eabi/lib\libc_s.a
END GROUP

.fixed          0x20000000    0x60b04
                0x20000000                . = ALIGN (0x4)
                0x20000000                _sfixed = .
 *(.startup)
 .startup       0x20000000      0x134 C:/HOOPOE3/satellite-subsystems/demo/../..//hal/at91/lib\libAt91D.a(board_cstartup.o)
                0x20000000                entry
 *(.text)
 .text          0x20000134       0x64 C:/HOOPOE3/satellite-subsystems/demo/../..//hal/at91/lib\libAt91D.a(cp15_asm.o)
                0x20000134                _readControlRegister
                0x20000140                _writeControlRegister
                0x20000148                _waitForInterrupt
                0x20000154                _writeTTB
                0x2000015c                _writeDomain
                0x20000164                _writeITLBLockdown
                0x2000016c                _prefetchICacheLine
                0x20000174                _flushDCache
                0x20000180                _flushWriteBuffer
                0x2000018c                _invalidateIDTLBs
 .text          0x20000198      0x114 c:/isis/application/toolchain/bin/../lib/gcc/arm-none-eabi/4.7.4\libgcc.a(_udivsi3.o)
                0x20000198                __aeabi_uidiv
                0x20000198                __udivsi3
                0x2000028c                __aeabi_uidivmod
 .text          0x200002ac      0x148 c:/isis/application/toolchain/bin/../lib/gcc/arm-none-eabi/4.7.4\libgcc.a(_divsi3.o)
                0x200002ac                __divsi3
                0x200002ac                __aeabi_idiv
                0x200003d4                __aeabi_idivmod
 .text          0x200003f4        0x4 c:/isis/application/toolchain/bin/../lib/gcc/arm-none-eabi/4.7.4\libgcc.a(_dvmd_tls.o)
                0x200003f4                __aeabi_idiv0
                0x200003f4                __aeabi_ldiv0
 .text          0x200003f8      0x41c c:/isis/application/toolchain/bin/../lib/gcc/arm-none-eabi/4.7.4\libgcc.a(_arm_addsubdf3.o)
                0x200003f8                __aeabi_drsub
                0x20000400                __aeabi_dsub
                0x20000400                __subdf3
                0x20000404                __aeabi_dadd
                0x20000404                __adddf3
                0x20000714                __floatunsidf
                0x20000714                __aeabi_ui2d
                0x20000738                __floatsidf
                0x20000738                __aeabi_i2d
                0x20000760                __aeabi_f2d
                0x20000760                __extendsfdf2
                0x200007a0                __floatundidf
                0x200007a0                __aeabi_ul2d
                0x200007b4                __floatdidf
                0x200007b4                __aeabi_l2d
 .text          0x20000814      0x49c c:/isis/application/toolchain/bin/../lib/gcc/arm-none-eabi/4.7.4\libgcc.a(_arm_muldivdf3.o)
                0x20000814                __aeabi_dmul
                0x20000814                __muldf3
                0x20000aa4                __divdf3
                0x20000aa4                __aeabi_ddiv
 .text          0x20000cb0      0x144 c:/isis/application/toolchain/bin/../lib/gcc/arm-none-eabi/4.7.4\libgcc.a(_arm_cmpdf2.o)
                0x20000cb0                __gtdf2
                0x20000cb0                __gedf2
                0x20000cb8                __ltdf2
                0x20000cb8                __ledf2
                0x20000cc0                __nedf2
                0x20000cc0                __eqdf2
                0x20000cc0                __cmpdf2
                0x20000d48                __aeabi_cdrcmple
                0x20000d64                __aeabi_cdcmpeq
                0x20000d64                __aeabi_cdcmple
                0x20000d7c                __aeabi_dcmpeq
                0x20000d94                __aeabi_dcmplt
                0x20000dac                __aeabi_dcmple
                0x20000dc4                __aeabi_dcmpge
                0x20000ddc                __aeabi_dcmpgt
 .text          0x20000df4       0x5c c:/isis/application/toolchain/bin/../lib/gcc/arm-none-eabi/4.7.4\libgcc.a(_arm_fixdfsi.o)
                0x20000df4                __aeabi_d2iz
                0x20000df4                __fixdfsi
 .text          0x20000e50       0x54 c:/isis/application/toolchain/bin/../lib/gcc/arm-none-eabi/4.7.4\libgcc.a(_arm_fixunsdfsi.o)
                0x20000e50                __aeabi_d2uiz
                0x20000e50                __fixunsdfsi
 .text          0x20000ea4       0xa0 c:/isis/application/toolchain/bin/../lib/gcc/arm-none-eabi/4.7.4\libgcc.a(_arm_truncdfsf2.o)
                0x20000ea4                __truncdfsf2
                0x20000ea4                __aeabi_d2f
 .text          0x20000f44      0x2ac c:/isis/application/toolchain/bin/../lib/gcc/arm-none-eabi/4.7.4\libgcc.a(_arm_addsubsf3.o)
                0x20000f44                __aeabi_frsub
                0x20000f4c                __subsf3
                0x20000f4c                __aeabi_fsub
                0x20000f50                __aeabi_fadd
                0x20000f50                __addsf3
                0x2000110c                __aeabi_ui2f
                0x2000110c                __floatunsisf
                0x20001114                __aeabi_i2f
                0x20001114                __floatsisf
                0x20001134                __aeabi_ul2f
                0x20001134                __floatundisf
                0x20001144                __aeabi_l2f
                0x20001144                __floatdisf
 .text          0x200011f0      0x2f8 c:/isis/application/toolchain/bin/../lib/gcc/arm-none-eabi/4.7.4\libgcc.a(_arm_muldivsf3.o)
                0x200011f0                __mulsf3
                0x200011f0                __aeabi_fmul
                0x20001388                __aeabi_fdiv
                0x20001388                __divsf3
 .text          0x200014e8      0x114 c:/isis/application/toolchain/bin/../lib/gcc/arm-none-eabi/4.7.4\libgcc.a(_arm_cmpsf2.o)
                0x200014e8                __gesf2
                0x200014e8                __gtsf2
                0x200014f0                __lesf2
                0x200014f0                __ltsf2
                0x200014f8                __nesf2
                0x200014f8                __eqsf2
                0x200014f8                __cmpsf2
                0x2000155c                __aeabi_cfrcmple
                0x2000156c                __aeabi_cfcmpeq
                0x2000156c                __aeabi_cfcmple
                0x20001584                __aeabi_fcmpeq
                0x2000159c                __aeabi_fcmplt
                0x200015b4                __aeabi_fcmple
                0x200015cc                __aeabi_fcmpge
                0x200015e4                __aeabi_fcmpgt
 .text          0x200015fc       0x54 c:/isis/application/toolchain/bin/../lib/gcc/arm-none-eabi/4.7.4\libgcc.a(_arm_fixunssfsi.o)
                0x200015fc                __fixunssfsi
                0x200015fc                __aeabi_f2uiz
 *(.text*)
 .text.__cvt    0x20001650      0x138 c:/isis/application/toolchain/bin/../lib/gcc/arm-none-eabi/4.7.4/../../../../arm-none-eabi/lib\libc_s.a(lib_a-vfprintf_float.o)
                0x20001650                __cvt
 .text.__exponent
                0x20001788       0xa8 c:/isis/application/toolchain/bin/../lib/gcc/arm-none-eabi/4.7.4/../../../../arm-none-eabi/lib\libc_s.a(lib_a-vfprintf_float.o)
                0x20001788                __exponent
 .text._printf_float
                0x20001830      0x7dc c:/isis/application/toolchain/bin/../lib/gcc/arm-none-eabi/4.7.4/../../../../arm-none-eabi/lib\libc_s.a(lib_a-vfprintf_float.o)
                0x20001830                _printf_float
 .text._printf_common
                0x2000200c      0x174 c:/isis/application/toolchain/bin/../lib/gcc/arm-none-eabi/4.7.4/../../../../arm-none-eabi/lib\libc_s.a(lib_a-vfprintf_i.o)
                0x2000200c                _printf_common
 .text._printf_i
                0x20002180      0x3c4 c:/isis/application/toolchain/bin/../lib/gcc/arm-none-eabi/4.7.4/../../../../arm-none-eabi/lib\libc_s.a(lib_a-vfprintf_i.o)
                0x20002180                _printf_i
 .text._scanf_float
                0x20002544      0x5f4 c:/isis/application/toolchain/bin/../lib/gcc/arm-none-eabi/4.7.4/../../../../arm-none-eabi/lib\libc_s.a(lib_a-vfscanf_float.o)
                0x20002544                _scanf_float
 .text.quorem   0x20002b38      0x1ac c:/isis/application/toolchain/bin/../lib/gcc/arm-none-eabi/4.7.4/../../../../arm-none-eabi/lib\libc_s.a(lib_a-dtoa.o)
 .text._dtoa_r  0x20002ce4     0x1268 c:/isis/application/toolchain/bin/../lib/gcc/arm-none-eabi/4.7.4/../../../../arm-none-eabi/lib\libc_s.a(lib_a-dtoa.o)
                0x20002ce4                _dtoa_r
 .text._localeconv_r
                0x20003f4c        0xc c:/isis/application/toolchain/bin/../lib/gcc/arm-none-eabi/4.7.4/../../../../arm-none-eabi/lib\libc_s.a(lib_a-locale.o)
                0x20003f4c                _localeconv_r
 .text.malloc   0x20003f58       0x20 c:/isis/application/toolchain/bin/../lib/gcc/arm-none-eabi/4.7.4/../../../../arm-none-eabi/lib\libc_s.a(lib_a-malloc.o)
                0x20003f58                malloc
 .text.free     0x20003f78       0x20 c:/isis/application/toolchain/bin/../lib/gcc/arm-none-eabi/4.7.4/../../../../arm-none-eabi/lib\libc_s.a(lib_a-malloc.o)
                0x20003f78                free
 .text._malloc_r
                0x20003f98       0xfc c:/isis/application/toolchain/bin/../lib/gcc/arm-none-eabi/4.7.4/../../../../arm-none-eabi/lib\libc_s.a(lib_a-mallocr.o)
                0x20003f98                _malloc_r
 .text.memcpy   0x20004094       0x20 c:/isis/application/toolchain/bin/../lib/gcc/arm-none-eabi/4.7.4/../../../../arm-none-eabi/lib\libc_s.a(lib_a-memcpy.o)
                0x20004094                memcpy
 .text._Balloc  0x200040b4       0xcc c:/isis/application/toolchain/bin/../lib/gcc/arm-none-eabi/4.7.4/../../../../arm-none-eabi/lib\libc_s.a(lib_a-mprec.o)
                0x200040b4                _Balloc
 .text._Bfree   0x20004180       0x5c c:/isis/application/toolchain/bin/../lib/gcc/arm-none-eabi/4.7.4/../../../../arm-none-eabi/lib\libc_s.a(lib_a-mprec.o)
                0x20004180                _Bfree
 .text.__multadd
                0x200041dc       0xbc c:/isis/application/toolchain/bin/../lib/gcc/arm-none-eabi/4.7.4/../../../../arm-none-eabi/lib\libc_s.a(lib_a-mprec.o)
                0x200041dc                __multadd
 .text.__s2b    0x20004298       0xd8 c:/isis/application/toolchain/bin/../lib/gcc/arm-none-eabi/4.7.4/../../../../arm-none-eabi/lib\libc_s.a(lib_a-mprec.o)
                0x20004298                __s2b
 .text.__hi0bits
                0x20004370       0x58 c:/isis/application/toolchain/bin/../lib/gcc/arm-none-eabi/4.7.4/../../../../arm-none-eabi/lib\libc_s.a(lib_a-mprec.o)
                0x20004370                __hi0bits
 .text.__lo0bits
                0x200043c8       0x94 c:/isis/application/toolchain/bin/../lib/gcc/arm-none-eabi/4.7.4/../../../../arm-none-eabi/lib\libc_s.a(lib_a-mprec.o)
                0x200043c8                __lo0bits
 .text.__i2b    0x2000445c       0x24 c:/isis/application/toolchain/bin/../lib/gcc/arm-none-eabi/4.7.4/../../../../arm-none-eabi/lib\libc_s.a(lib_a-mprec.o)
                0x2000445c                __i2b
 .text.__multiply
                0x20004480      0x1ac c:/isis/application/toolchain/bin/../lib/gcc/arm-none-eabi/4.7.4/../../../../arm-none-eabi/lib\libc_s.a(lib_a-mprec.o)
                0x20004480                __multiply
 .text.__pow5mult
                0x2000462c      0x10c c:/isis/application/toolchain/bin/../lib/gcc/arm-none-eabi/4.7.4/../../../../arm-none-eabi/lib\libc_s.a(lib_a-mprec.o)
                0x2000462c                __pow5mult
 .text.__lshift
                0x20004738       0xf0 c:/isis/application/toolchain/bin/../lib/gcc/arm-none-eabi/4.7.4/../../../../arm-none-eabi/lib\libc_s.a(lib_a-mprec.o)
                0x20004738                __lshift
 .text.__mcmp   0x20004828       0x60 c:/isis/application/toolchain/bin/../lib/gcc/arm-none-eabi/4.7.4/../../../../arm-none-eabi/lib\libc_s.a(lib_a-mprec.o)
                0x20004828                __mcmp
 .text.__mdiff  0x20004888      0x128 c:/isis/application/toolchain/bin/../lib/gcc/arm-none-eabi/4.7.4/../../../../arm-none-eabi/lib\libc_s.a(lib_a-mprec.o)
                0x20004888                __mdiff
 .text.__ulp    0x200049b0       0x5c c:/isis/application/toolchain/bin/../lib/gcc/arm-none-eabi/4.7.4/../../../../arm-none-eabi/lib\libc_s.a(lib_a-mprec.o)
                0x200049b0                __ulp
 .text.__b2d    0x20004a0c       0xc8 c:/isis/application/toolchain/bin/../lib/gcc/arm-none-eabi/4.7.4/../../../../arm-none-eabi/lib\libc_s.a(lib_a-mprec.o)
                0x20004a0c                __b2d
 .text.__d2b    0x20004ad4       0xfc c:/isis/application/toolchain/bin/../lib/gcc/arm-none-eabi/4.7.4/../../../../arm-none-eabi/lib\libc_s.a(lib_a-mprec.o)
                0x20004ad4                __d2b
 .text.__ratio  0x20004bd0       0x70 c:/isis/application/toolchain/bin/../lib/gcc/arm-none-eabi/4.7.4/../../../../arm-none-eabi/lib\libc_s.a(lib_a-mprec.o)
                0x20004bd0                __ratio
 .text.__copybits
                0x20004c40       0x4c c:/isis/application/toolchain/bin/../lib/gcc/arm-none-eabi/4.7.4/../../../../arm-none-eabi/lib\libc_s.a(lib_a-mprec.o)
                0x20004c40                __copybits
 .text.__any_on
                0x20004c8c       0x7c c:/isis/application/toolchain/bin/../lib/gcc/arm-none-eabi/4.7.4/../../../../arm-none-eabi/lib\libc_s.a(lib_a-mprec.o)
                0x20004c8c                __any_on
 .text.__fpclassifyd
                0x20004d08       0x6c c:/isis/application/toolchain/bin/../lib/gcc/arm-none-eabi/4.7.4/../../../../arm-none-eabi/lib\libc_s.a(lib_a-s_fpclassify.o)
                0x20004d08                __fpclassifyd
 .text._sbrk_r  0x20004d74       0x3c c:/isis/application/toolchain/bin/../lib/gcc/arm-none-eabi/4.7.4/../../../../arm-none-eabi/lib\libc_s.a(lib_a-sbrkr.o)
                0x20004d74                _sbrk_r
 .text.nanf     0x20004db0        0xc c:/isis/application/toolchain/bin/../lib/gcc/arm-none-eabi/4.7.4/../../../../arm-none-eabi/lib\libc_s.a(lib_a-sf_nan.o)
                0x20004db0                nanf
 .text.sprintf  0x20004dbc       0x6c c:/isis/application/toolchain/bin/../lib/gcc/arm-none-eabi/4.7.4/../../../../arm-none-eabi/lib\libc_s.a(lib_a-sprintf.o)
                0x20004dbc                siprintf
                0x20004dbc                sprintf
 .text.strcmp   0x20004e28       0x1c c:/isis/application/toolchain/bin/../lib/gcc/arm-none-eabi/4.7.4/../../../../arm-none-eabi/lib\libc_s.a(lib_a-strcmp.o)
                0x20004e28                strcmp
 .text.strlen   0x20004e44       0x1c c:/isis/application/toolchain/bin/../lib/gcc/arm-none-eabi/4.7.4/../../../../arm-none-eabi/lib\libc_s.a(lib_a-strlen.o)
                0x20004e44                strlen
 .text.match    0x20004e60       0x54 c:/isis/application/toolchain/bin/../lib/gcc/arm-none-eabi/4.7.4/../../../../arm-none-eabi/lib\libc_s.a(lib_a-strtod.o)
 .text._strtod_r
                0x20004eb4     0x1168 c:/isis/application/toolchain/bin/../lib/gcc/arm-none-eabi/4.7.4/../../../../arm-none-eabi/lib\libc_s.a(lib_a-strtod.o)
                0x20004eb4                _strtod_r
 .text._strtol_r
                0x2000601c      0x1b8 c:/isis/application/toolchain/bin/../lib/gcc/arm-none-eabi/4.7.4/../../../../arm-none-eabi/lib\libc_s.a(lib_a-strtol.o)
                0x2000601c                _strtol_r
 .text.__ssputc_r
                0x200061d4      0x10c c:/isis/application/toolchain/bin/../lib/gcc/arm-none-eabi/4.7.4/../../../../arm-none-eabi/lib\libc_s.a(lib_a-svfprintf.o)
                0x200061d4                __ssputc_r
 .text._svfprintf_r
                0x200062e0      0x328 c:/isis/application/toolchain/bin/../lib/gcc/arm-none-eabi/4.7.4/../../../../arm-none-eabi/lib\libc_s.a(lib_a-svfprintf.o)
                0x200062e0                _svfiprintf_r
                0x200062e0                _svfprintf_r
 .text._calloc_r
                0x20006608       0x2c c:/isis/application/toolchain/bin/../lib/gcc/arm-none-eabi/4.7.4/../../../../arm-none-eabi/lib\libc_s.a(lib_a-callocr.o)
                0x20006608                _calloc_r
 .text._free_r  0x20006634      0x108 c:/isis/application/toolchain/bin/../lib/gcc/arm-none-eabi/4.7.4/../../../../arm-none-eabi/lib\libc_s.a(lib_a-freer.o)
                0x20006634                _free_r
 .text.rshift   0x2000673c       0xb0 c:/isis/application/toolchain/bin/../lib/gcc/arm-none-eabi/4.7.4/../../../../arm-none-eabi/lib\libc_s.a(lib_a-gdtoa-gethex.o)
 .text.htinit.constprop.0
                0x200067ec       0x34 c:/isis/application/toolchain/bin/../lib/gcc/arm-none-eabi/4.7.4/../../../../arm-none-eabi/lib\libc_s.a(lib_a-gdtoa-gethex.o)
 .text.__hexdig_init
                0x20006820       0x38 c:/isis/application/toolchain/bin/../lib/gcc/arm-none-eabi/4.7.4/../../../../arm-none-eabi/lib\libc_s.a(lib_a-gdtoa-gethex.o)
                0x20006820                __hexdig_init
 .text.__gethex
                0x20006858      0x6cc c:/isis/application/toolchain/bin/../lib/gcc/arm-none-eabi/4.7.4/../../../../arm-none-eabi/lib\libc_s.a(lib_a-gdtoa-gethex.o)
                0x20006858                __gethex
 .text.L_shift  0x20006f24       0x38 c:/isis/application/toolchain/bin/../lib/gcc/arm-none-eabi/4.7.4/../../../../arm-none-eabi/lib\libc_s.a(lib_a-gdtoa-hexnan.o)
 .text.__hexnan
                0x20006f5c      0x1d8 c:/isis/application/toolchain/bin/../lib/gcc/arm-none-eabi/4.7.4/../../../../arm-none-eabi/lib\libc_s.a(lib_a-gdtoa-hexnan.o)
                0x20006f5c                __hexnan
 .text.memchr   0x20007134       0x34 c:/isis/application/toolchain/bin/../lib/gcc/arm-none-eabi/4.7.4/../../../../arm-none-eabi/lib\libc_s.a(lib_a-memchr.o)
                0x20007134                memchr
 .text.memset   0x20007168       0x1c c:/isis/application/toolchain/bin/../lib/gcc/arm-none-eabi/4.7.4/../../../../arm-none-eabi/lib\libc_s.a(lib_a-memset.o)
                0x20007168                memset
 .text._realloc_r
                0x20007184       0x80 c:/isis/application/toolchain/bin/../lib/gcc/arm-none-eabi/4.7.4/../../../../arm-none-eabi/lib\libc_s.a(lib_a-reallocr.o)
                0x20007184                _realloc_r
 .text.strncmp  0x20007204       0x64 c:/isis/application/toolchain/bin/../lib/gcc/arm-none-eabi/4.7.4/../../../../arm-none-eabi/lib\libc_s.a(lib_a-strncmp.o)
                0x20007204                strncmp
 .text._malloc_usable_size_r
                0x20007268       0x1c c:/isis/application/toolchain/bin/../lib/gcc/arm-none-eabi/4.7.4/../../../../arm-none-eabi/lib\libc_s.a(lib_a-msizer.o)
                0x20007268                _malloc_usable_size_r
 .text.GetChunkFromImage
                0x20007284      0x2d0 ./src/sub-systemCode/payload/Request Management/Dump/Butchering.o
                0x20007284                GetChunkFromImage
 .text.SimpleButcher
                0x20007554       0xd8 ./src/sub-systemCode/payload/Request Management/Dump/Butchering.o
                0x20007554                SimpleButcher
 .text.readChunkDimentionsFromFRAM
                0x2000762c       0x80 ./src/sub-systemCode/payload/Request Management/Dump/imageDump.o
                0x2000762c                readChunkDimentionsFromFRAM
 .text.setChunkDimensions_inFRAM
                0x200076ac      0x10c ./src/sub-systemCode/payload/Request Management/Dump/imageDump.o
                0x200076ac                setChunkDimensions_inFRAM
 .text.getLastImageChunkIndex
                0x200077b8      0x1bc ./src/sub-systemCode/payload/Request Management/Dump/imageDump.o
                0x200077b8                getLastImageChunkIndex
 .text.find_subType_ofImage
                0x20007974       0xe0 ./src/sub-systemCode/payload/Request Management/Dump/imageDump.o
                0x20007974                find_subType_ofImage
 .text.buildAndSend_chunck
                0x20007a54      0x320 ./src/sub-systemCode/payload/Request Management/Dump/imageDump.o
                0x20007a54                buildAndSend_chunck
 .text.chunkField_imageDump
                0x20007d74      0x258 ./src/sub-systemCode/payload/Request Management/Dump/imageDump.o
                0x20007d74                chunkField_imageDump
 .text.bitField_imageDump
                0x20007fcc      0x23c ./src/sub-systemCode/payload/Request Management/Dump/imageDump.o
                0x20007fcc                bitField_imageDump
 .text.fileTypeDump
                0x20008208      0x174 ./src/sub-systemCode/payload/Request Management/Dump/imageDump.o
                0x20008208                fileTypeDump
 .text.imageDataBase_Dump
                0x2000837c      0x118 ./src/sub-systemCode/payload/Request Management/Dump/imageDump.o
                0x2000837c                imageDataBase_Dump
 .text.imageDump_task
                0x20008494      0x4f4 ./src/sub-systemCode/payload/Request Management/Dump/imageDump.o
                0x20008494                imageDump_task
 .text.KickStartImageDumpTask
                0x20008988       0x5c ./src/sub-systemCode/payload/Request Management/Dump/imageDump.o
                0x20008988                KickStartImageDumpTask
 .text.create_xAIHS
                0x200089e4       0x58 ./src/sub-systemCode/payload/Request Management/AutomaticImageHandler.o
                0x200089e4                create_xAIHS
 .text.get_automatic_image_handling_state
                0x20008a3c       0x68 ./src/sub-systemCode/payload/Request Management/AutomaticImageHandler.o
                0x20008a3c                get_automatic_image_handling_state
 .text.set_get_automatic_image_handling_state
                0x20008aa4       0x5c ./src/sub-systemCode/payload/Request Management/AutomaticImageHandler.o
                0x20008aa4                set_get_automatic_image_handling_state
 .text.resumeAction
                0x20008b00       0x1c ./src/sub-systemCode/payload/Request Management/AutomaticImageHandler.o
                0x20008b00                resumeAction
 .text.stopAction
                0x20008b1c       0x1c ./src/sub-systemCode/payload/Request Management/AutomaticImageHandler.o
                0x20008b1c                stopAction
 .text.AutomaticImageHandlerTaskMain
                0x20008b38       0xec ./src/sub-systemCode/payload/Request Management/AutomaticImageHandler.o
                0x20008b38                AutomaticImageHandlerTaskMain
 .text.KickStartAutomaticImageHandlerTask
                0x20008c24       0x58 ./src/sub-systemCode/payload/Request Management/AutomaticImageHandler.o
                0x20008c24                KickStartAutomaticImageHandlerTask
 .text.handleErrors
                0x20008c7c       0x50 ./src/sub-systemCode/payload/Request Management/AutomaticImageHandler.o
                0x20008c7c                handleErrors
 .text.CameraManagerTaskMain
                0x20008ccc       0xc8 ./src/sub-systemCode/payload/Request Management/CameraManeger.o
                0x20008ccc                CameraManagerTaskMain
 .text.createFolders
                0x20008d94      0x2cc ./src/sub-systemCode/payload/Request Management/CameraManeger.o
                0x20008d94                createFolders
 .text.initCamera
                0x20009060       0xc0 ./src/sub-systemCode/payload/Request Management/CameraManeger.o
                0x20009060                initCamera
 .text.KickStartCamera
                0x20009120       0xd8 ./src/sub-systemCode/payload/Request Management/CameraManeger.o
                0x20009120                KickStartCamera
 .text.addRequestToQueue
                0x200091f8       0xa8 ./src/sub-systemCode/payload/Request Management/CameraManeger.o
                0x200091f8                addRequestToQueue
 .text.removeRequestFromQueue
                0x200092a0       0x7c ./src/sub-systemCode/payload/Request Management/CameraManeger.o
                0x200092a0                removeRequestFromQueue
 .text.Take_pictures_with_time_in_between
                0x2000931c      0x114 ./src/sub-systemCode/payload/Request Management/CameraManeger.o
                0x2000931c                Take_pictures_with_time_in_between
 .text.act_upon_request
                0x20009430      0x4f4 ./src/sub-systemCode/payload/Request Management/CameraManeger.o
                0x20009430                act_upon_request
 .text.TakePicture
                0x20009924       0x4c ./src/sub-systemCode/payload/Request Management/DB_RequestHandling.o
                0x20009924                TakePicture
 .text.TakeSpecialPicture
                0x20009970      0x130 ./src/sub-systemCode/payload/Request Management/DB_RequestHandling.o
                0x20009970                TakeSpecialPicture
 .text.DeletePictureFile
                0x20009aa0       0x88 ./src/sub-systemCode/payload/Request Management/DB_RequestHandling.o
                0x20009aa0                DeletePictureFile
 .text.DeletePicture
                0x20009b28       0x6c ./src/sub-systemCode/payload/Request Management/DB_RequestHandling.o
                0x20009b28                DeletePicture
 .text.TransferPicture
                0x20009b94       0x54 ./src/sub-systemCode/payload/Request Management/DB_RequestHandling.o
                0x20009b94                TransferPicture
 .text.CreateThumbnail
                0x20009be8       0x80 ./src/sub-systemCode/payload/Request Management/DB_RequestHandling.o
                0x20009be8                CreateThumbnail
 .text.CreateJPG
                0x20009c68       0x7c ./src/sub-systemCode/payload/Request Management/DB_RequestHandling.o
                0x20009c68                CreateJPG
 .text.UpdatePhotographyValues
                0x20009ce4       0xd8 ./src/sub-systemCode/payload/Request Management/DB_RequestHandling.o
                0x20009ce4                UpdatePhotographyValues
 .text.setChunkDimensions
                0x20009dbc       0x64 ./src/sub-systemCode/payload/Request Management/DB_RequestHandling.o
                0x20009dbc                setChunkDimensions
 .text.convert2char
                0x20009e20      0x14c ./src/sub-systemCode/payload/Misc/Boolean_bit.o
                0x20009e20                convert2char
 .text.convert2byte
                0x20009f6c      0x1c8 ./src/sub-systemCode/payload/Misc/Boolean_bit.o
                0x20009f6c                convert2byte
 .text.bits2byte
                0x2000a134      0x17c ./src/sub-systemCode/payload/Misc/Boolean_bit.o
                0x2000a134                bits2byte
 .text.byte2bits
                0x2000a2b0      0x17c ./src/sub-systemCode/payload/Misc/Boolean_bit.o
                0x2000a2b0                byte2bits
 .text.char2bits
                0x2000a42c       0x44 ./src/sub-systemCode/payload/Misc/Boolean_bit.o
                0x2000a42c                char2bits
 .text.bits2char
                0x2000a470       0x3c ./src/sub-systemCode/payload/Misc/Boolean_bit.o
                0x2000a470                bits2char
 .text.ReadFromFile
                0x2000a4ac       0x6c ./src/sub-systemCode/payload/Misc/FileSystem.o
                0x2000a4ac                ReadFromFile
 .text.WriteToFile
                0x2000a518       0x74 ./src/sub-systemCode/payload/Misc/FileSystem.o
                0x2000a518                WriteToFile
 .text.Initialized_GPIO
                0x2000a58c       0x54 ./src/sub-systemCode/payload/Drivers/GeckoCameraDriver.o
                0x2000a58c                Initialized_GPIO
 .text.De_Initialized_GPIO
                0x2000a5e0       0x3c ./src/sub-systemCode/payload/Drivers/GeckoCameraDriver.o
                0x2000a5e0                De_Initialized_GPIO
 .text.gecko_power_mux_init
                0x2000a61c       0xb4 ./src/sub-systemCode/payload/Drivers/GeckoCameraDriver.o
                0x2000a61c                gecko_power_mux_init
 .text.gecko_power_mux_deinit
                0x2000a6d0       0x94 ./src/sub-systemCode/payload/Drivers/GeckoCameraDriver.o
                0x2000a6d0                gecko_power_mux_deinit
 .text.gecko_power_mux_get
                0x2000a764      0x138 ./src/sub-systemCode/payload/Drivers/GeckoCameraDriver.o
                0x2000a764                gecko_power_mux_get
 .text.gecko_get_current_3v3
                0x2000a89c       0x44 ./src/sub-systemCode/payload/Drivers/GeckoCameraDriver.o
                0x2000a89c                gecko_get_current_3v3
 .text.gecko_get_voltage_3v3
                0x2000a8e0       0x44 ./src/sub-systemCode/payload/Drivers/GeckoCameraDriver.o
                0x2000a8e0                gecko_get_voltage_3v3
 .text.gecko_get_current_5v
                0x2000a924       0x44 ./src/sub-systemCode/payload/Drivers/GeckoCameraDriver.o
                0x2000a924                gecko_get_current_5v
 .text.gecko_get_voltage_5v
                0x2000a968       0x4c ./src/sub-systemCode/payload/Drivers/GeckoCameraDriver.o
                0x2000a968                gecko_get_voltage_5v
 .text.TurnOnGecko
                0x2000a9b4      0x1a4 ./src/sub-systemCode/payload/Drivers/GeckoCameraDriver.o
                0x2000a9b4                TurnOnGecko
 .text.TurnOffGecko
                0x2000ab58       0xcc ./src/sub-systemCode/payload/Drivers/GeckoCameraDriver.o
                0x2000ab58                TurnOffGecko
 .text.initGecko
                0x2000ac24       0x3c ./src/sub-systemCode/payload/Drivers/GeckoCameraDriver.o
                0x2000ac24                initGecko
 .text.GECKO_TakeImage
                0x2000ac60      0x2f4 ./src/sub-systemCode/payload/Drivers/GeckoCameraDriver.o
                0x2000ac60                GECKO_TakeImage
 .text.GECKO_ReadImage
                0x2000af54      0x214 ./src/sub-systemCode/payload/Drivers/GeckoCameraDriver.o
                0x2000af54                GECKO_ReadImage
 .text.GECKO_EraseBlock
                0x2000b168       0xf0 ./src/sub-systemCode/payload/Drivers/GeckoCameraDriver.o
                0x2000b168                GECKO_EraseBlock
 .text.getFileName
                0x2000b258      0x1f8 ./src/sub-systemCode/payload/DataBase/DataBase.o
 .text.zeroImageDataBase
                0x2000b450       0x90 ./src/sub-systemCode/payload/DataBase/DataBase.o
                0x2000b450                zeroImageDataBase
 .text.updateGeneralDataBaseParameters
                0x2000b4e0       0x5c ./src/sub-systemCode/payload/DataBase/DataBase.o
                0x2000b4e0                updateGeneralDataBaseParameters
 .text.SearchDataBase_byID
                0x2000b53c      0x234 ./src/sub-systemCode/payload/DataBase/DataBase.o
                0x2000b53c                SearchDataBase_byID
 .text.SearchDataBase_byMark
                0x2000b770       0xb8 ./src/sub-systemCode/payload/DataBase/DataBase.o
                0x2000b770                SearchDataBase_byMark
 .text.SearchDataBase_forLatestMarkedImage
                0x2000b828       0x38 ./src/sub-systemCode/payload/DataBase/DataBase.o
                0x2000b828                SearchDataBase_forLatestMarkedImage
 .text.SearchDataBase_byTimeRange
                0x2000b860      0x148 ./src/sub-systemCode/payload/DataBase/DataBase.o
                0x2000b860                SearchDataBase_byTimeRange
 .text.SearchDataBase_forImageFileType_byTimeRange
                0x2000b9a8      0x120 ./src/sub-systemCode/payload/DataBase/DataBase.o
                0x2000b9a8                SearchDataBase_forImageFileType_byTimeRange
 .text.checkForFileType
                0x2000bac8       0x74 ./src/sub-systemCode/payload/DataBase/DataBase.o
                0x2000bac8                checkForFileType
 .text.updateFileTypes
                0x2000bb3c       0xbc ./src/sub-systemCode/payload/DataBase/DataBase.o
                0x2000bb3c                updateFileTypes
 .text.GetImageFactor
                0x2000bbf8       0x58 ./src/sub-systemCode/payload/DataBase/DataBase.o
                0x2000bbf8                GetImageFactor
 .text.readImageFromBuffer
                0x2000bc50      0x12c ./src/sub-systemCode/payload/DataBase/DataBase.o
                0x2000bc50                readImageFromBuffer
 .text.saveImageToBuffer
                0x2000bd7c      0x12c ./src/sub-systemCode/payload/DataBase/DataBase.o
                0x2000bd7c                saveImageToBuffer
 .text.getLatestID
                0x2000bea8       0x48 ./src/sub-systemCode/payload/DataBase/DataBase.o
                0x2000bea8                getLatestID
 .text.getDataBaseStart
                0x2000bef0       0x20 ./src/sub-systemCode/payload/DataBase/DataBase.o
                0x2000bef0                getDataBaseStart
 .text.getDataBaseEnd
                0x2000bf10       0x20 ./src/sub-systemCode/payload/DataBase/DataBase.o
                0x2000bf10                getDataBaseEnd
 .text.setDataBaseValues
                0x2000bf30      0x208 ./src/sub-systemCode/payload/DataBase/DataBase.o
                0x2000bf30                setDataBaseValues
 .text.initImageDataBase
                0x2000c138      0x20c ./src/sub-systemCode/payload/DataBase/DataBase.o
                0x2000c138                initImageDataBase
 .text.resetImageDataBase
                0x2000c344       0x98 ./src/sub-systemCode/payload/DataBase/DataBase.o
                0x2000c344                resetImageDataBase
 .text.setCameraPhotographyValues
                0x2000c3dc      0x130 ./src/sub-systemCode/payload/DataBase/DataBase.o
                0x2000c3dc                setCameraPhotographyValues
 .text.transferImageToSD_withoutSearch
                0x2000c50c      0x184 ./src/sub-systemCode/payload/DataBase/DataBase.o
                0x2000c50c                transferImageToSD_withoutSearch
 .text.transferImageToSD
                0x2000c690       0xbc ./src/sub-systemCode/payload/DataBase/DataBase.o
                0x2000c690                transferImageToSD
 .text.DeleteImageFromOBC_withoutSearch
                0x2000c74c       0xf4 ./src/sub-systemCode/payload/DataBase/DataBase.o
                0x2000c74c                DeleteImageFromOBC_withoutSearch
 .text.DeleteImageFromOBC
                0x2000c840       0xbc ./src/sub-systemCode/payload/DataBase/DataBase.o
                0x2000c840                DeleteImageFromOBC
 .text.DeleteImageFromPayload
                0x2000c8fc      0x278 ./src/sub-systemCode/payload/DataBase/DataBase.o
                0x2000c8fc                DeleteImageFromPayload
 .text.clearImageDataBase
                0x2000cb74      0x13c ./src/sub-systemCode/payload/DataBase/DataBase.o
                0x2000cb74                clearImageDataBase
 .text.handleMarkedPictures
                0x2000ccb0      0x248 ./src/sub-systemCode/payload/DataBase/DataBase.o
                0x2000ccb0                handleMarkedPictures
 .text.writeNewImageMetaDataToFRAM
                0x2000cef8      0x234 ./src/sub-systemCode/payload/DataBase/DataBase.o
                0x2000cef8                writeNewImageMetaDataToFRAM
 .text.takePicture
                0x2000d12c      0x4d4 ./src/sub-systemCode/payload/DataBase/DataBase.o
                0x2000d12c                takePicture
 .text.takePicture_withSpecialParameters
                0x2000d600       0xc4 ./src/sub-systemCode/payload/DataBase/DataBase.o
                0x2000d600                takePicture_withSpecialParameters
 .text.GetImageFileName_withSpecialParameters
                0x2000d6c4       0x9c ./src/sub-systemCode/payload/DataBase/DataBase.o
                0x2000d6c4                GetImageFileName_withSpecialParameters
 .text.GetImageFileName
                0x2000d760       0x9c ./src/sub-systemCode/payload/DataBase/DataBase.o
                0x2000d760                GetImageFileName
 .text.getDataBaseSize
                0x2000d7fc       0x20 ./src/sub-systemCode/payload/DataBase/DataBase.o
                0x2000d7fc                getDataBaseSize
 .text.getImageDataBaseBuffer
                0x2000d81c      0x240 ./src/sub-systemCode/payload/DataBase/DataBase.o
                0x2000d81c                getImageDataBaseBuffer
 .text.setAutoThumbnailCreation
                0x2000da5c       0x30 ./src/sub-systemCode/payload/DataBase/DataBase.o
                0x2000da5c                setAutoThumbnailCreation
 .text.Gecko_TroubleShooter
                0x2000da8c       0xd8 ./src/sub-systemCode/payload/DataBase/DataBase.o
                0x2000da8c                Gecko_TroubleShooter
 .text.TransformRawToBMP
                0x2000db64      0x1e0 ./src/sub-systemCode/payload/Compression/jpeg/bmp/rawToBMP.o
                0x2000db64                TransformRawToBMP
 .text.interpolate
                0x2000dd44      0x8d0 ./src/sub-systemCode/payload/Compression/jpeg/bmp/rawToBMP.o
                0x2000dd44                interpolate
 .text.getInputAt
                0x2000e614      0x308 ./src/sub-systemCode/payload/Compression/jpeg/bmp/rawToBMP.o
                0x2000e614                getInputAt
 .text.f_writeF_FILEHeader
                0x2000e91c      0x2f0 ./src/sub-systemCode/payload/Compression/jpeg/bmp/rawToBMP.o
                0x2000e91c                f_writeF_FILEHeader
 .text.f_writeOutputRow
                0x2000ec0c       0xbc ./src/sub-systemCode/payload/Compression/jpeg/bmp/rawToBMP.o
                0x2000ec0c                f_writeOutputRow
 .text.dct      0x2000ecc8      0x9c4 ./src/sub-systemCode/payload/Compression/jpeg/DCT.o
                0x2000ecc8                dct
 .text.JPEG_compressor
                0x2000f68c       0xfc ./src/sub-systemCode/payload/Compression/jpeg/ImgCompressor.o
                0x2000f68c                JPEG_compressor
 .text.Create_BMP_File
                0x2000f788       0xf4 ./src/sub-systemCode/payload/Compression/jpeg/ImgCompressor.o
                0x2000f788                Create_BMP_File
 .text.CompressImage
                0x2000f87c      0x1cc ./src/sub-systemCode/payload/Compression/jpeg/ImgCompressor.o
                0x2000f87c                CompressImage
 .text.clamp    0x2000fa48       0x60 ./src/sub-systemCode/payload/Compression/jpeg/color_conv.o
                0x2000fa48                clamp
 .text.RGB_to_YCC
                0x2000faa8      0x1a8 ./src/sub-systemCode/payload/Compression/jpeg/color_conv.o
                0x2000faa8                RGB_to_YCC
 .text.RGB_to_Y
                0x2000fc50       0xc4 ./src/sub-systemCode/payload/Compression/jpeg/color_conv.o
                0x2000fc50                RGB_to_Y
 .text.Y_to_YCC
                0x2000fd14       0x88 ./src/sub-systemCode/payload/Compression/jpeg/color_conv.o
                0x2000fd14                Y_to_YCC
 .text.compress_image_to_jpeg_file
                0x2000fd9c      0x1ac ./src/sub-systemCode/payload/Compression/jpeg/jpeg.o
                0x2000fd9c                compress_image_to_jpeg_file
 .text.emit_marker
                0x2000ff48       0xc8 ./src/sub-systemCode/payload/Compression/jpeg/jpeg_encoder.o
                0x2000ff48                emit_marker
 .text.emit_byte
                0x20010010       0x6c ./src/sub-systemCode/payload/Compression/jpeg/jpeg_encoder.o
                0x20010010                emit_byte
 .text.emit_word
                0x2001007c       0xd0 ./src/sub-systemCode/payload/Compression/jpeg/jpeg_encoder.o
                0x2001007c                emit_word
 .text.emit_jfif_app0
                0x2001014c       0xc0 ./src/sub-systemCode/payload/Compression/jpeg/jpeg_encoder.o
                0x2001014c                emit_jfif_app0
 .text.emit_dqt
                0x2001020c       0xd8 ./src/sub-systemCode/payload/Compression/jpeg/jpeg_encoder.o
                0x2001020c                emit_dqt
 .text.emit_sof
                0x200102e4      0x14c ./src/sub-systemCode/payload/Compression/jpeg/jpeg_encoder.o
                0x200102e4                emit_sof
 .text.emit_dht
                0x20010430      0x138 ./src/sub-systemCode/payload/Compression/jpeg/jpeg_encoder.o
                0x20010430                emit_dht
 .text.emit_dhts
                0x20010568       0xd8 ./src/sub-systemCode/payload/Compression/jpeg/jpeg_encoder.o
                0x20010568                emit_dhts
 .text.emit_sos
                0x20010640       0xec ./src/sub-systemCode/payload/Compression/jpeg/jpeg_encoder.o
                0x20010640                emit_sos
 .text.emit_markers
                0x2001072c       0x4c ./src/sub-systemCode/payload/Compression/jpeg/jpeg_encoder.o
                0x2001072c                emit_markers
 .text.compute_huffman_table
                0x20010778      0x334 ./src/sub-systemCode/payload/Compression/jpeg/jpeg_encoder.o
                0x20010778                compute_huffman_table
 .text.compute_quant_table
                0x20010aac      0x11c ./src/sub-systemCode/payload/Compression/jpeg/jpeg_encoder.o
                0x20010aac                compute_quant_table
 .text.first_pass_init
                0x20010bc8       0x54 ./src/sub-systemCode/payload/Compression/jpeg/jpeg_encoder.o
                0x20010bc8                first_pass_init
 .text.second_pass_init
                0x20010c1c      0x110 ./src/sub-systemCode/payload/Compression/jpeg/jpeg_encoder.o
                0x20010c1c                second_pass_init
 .text.jpg_open
                0x20010d2c      0x7b4 ./src/sub-systemCode/payload/Compression/jpeg/jpeg_encoder.o
                0x20010d2c                jpg_open
 .text.load_block_8_8_grey
                0x200114e0      0x164 ./src/sub-systemCode/payload/Compression/jpeg/jpeg_encoder.o
                0x200114e0                load_block_8_8_grey
 .text.load_block_8_8
                0x20011644      0x198 ./src/sub-systemCode/payload/Compression/jpeg/jpeg_encoder.o
                0x20011644                load_block_8_8
 .text.load_block_16_8
                0x200117dc      0x3cc ./src/sub-systemCode/payload/Compression/jpeg/jpeg_encoder.o
                0x200117dc                load_block_16_8
 .text.load_block_16_8_8
                0x20011ba8      0x2a8 ./src/sub-systemCode/payload/Compression/jpeg/jpeg_encoder.o
                0x20011ba8                load_block_16_8_8
 .text.load_coefficients
                0x20011e50      0x1c8 ./src/sub-systemCode/payload/Compression/jpeg/jpeg_encoder.o
                0x20011e50                load_coefficients
 .text.flush_output_buffer
                0x20012018       0xa0 ./src/sub-systemCode/payload/Compression/jpeg/jpeg_encoder.o
                0x20012018                flush_output_buffer
 .text.put_bits
                0x200120b8      0x170 ./src/sub-systemCode/payload/Compression/jpeg/jpeg_encoder.o
                0x200120b8                put_bits
 .text.code_coefficients_pass_two
                0x20012228      0x338 ./src/sub-systemCode/payload/Compression/jpeg/jpeg_encoder.o
                0x20012228                code_coefficients_pass_two
 .text.code_block
                0x20012560       0x44 ./src/sub-systemCode/payload/Compression/jpeg/jpeg_encoder.o
                0x20012560                code_block
 .text.process_mcu_row
                0x200125a4      0x328 ./src/sub-systemCode/payload/Compression/jpeg/jpeg_encoder.o
                0x200125a4                process_mcu_row
 .text.terminate_pass_two
                0x200128cc       0x44 ./src/sub-systemCode/payload/Compression/jpeg/jpeg_encoder.o
                0x200128cc                terminate_pass_two
 .text.process_end_of_image
                0x20012910       0xc0 ./src/sub-systemCode/payload/Compression/jpeg/jpeg_encoder.o
                0x20012910                process_end_of_image
 .text.load_mcu
                0x200129d0      0x29c ./src/sub-systemCode/payload/Compression/jpeg/jpeg_encoder.o
                0x200129d0                load_mcu
 .text.clear    0x20012c6c      0x1e0 ./src/sub-systemCode/payload/Compression/jpeg/jpeg_encoder.o
                0x20012c6c                clear
 .text.init     0x20012e4c       0xe4 ./src/sub-systemCode/payload/Compression/jpeg/jpeg_encoder.o
                0x20012e4c                init
 .text.deinit   0x20012f30      0x160 ./src/sub-systemCode/payload/Compression/jpeg/jpeg_encoder.o
                0x20012f30                deinit
 .text.process_scanline
                0x20013090       0x6c ./src/sub-systemCode/payload/Compression/jpeg/jpeg_encoder.o
                0x20013090                process_scanline
 .text.jpge_malloc
                0x200130fc       0x28 ./src/sub-systemCode/payload/Compression/jpeg/jpeg_memory_alloc.o
                0x200130fc                jpge_malloc
 .text.jpge_cmalloc
                0x20013124       0x48 ./src/sub-systemCode/payload/Compression/jpeg/jpeg_memory_alloc.o
                0x20013124                jpge_cmalloc
 .text.jpge_free
                0x2001316c       0x24 ./src/sub-systemCode/payload/Compression/jpeg/jpeg_memory_alloc.o
                0x2001316c                jpge_free
 .text.check    0x20013190       0x78 ./src/sub-systemCode/payload/Compression/jpeg/jpeg_params.o
                0x20013190                check
 .text.open_jpeg_file
                0x20013208       0xfc ./src/sub-systemCode/payload/Compression/jpeg/output_stream.o
                0x20013208                open_jpeg_file
 .text.close_jpeg_file
                0x20013304      0x118 ./src/sub-systemCode/payload/Compression/jpeg/output_stream.o
                0x20013304                close_jpeg_file
 .text.put_buf  0x2001341c      0x258 ./src/sub-systemCode/payload/Compression/jpeg/output_stream.o
                0x2001341c                put_buf
 .text.GetBayerPixel
                0x20013674       0xe8 ./src/sub-systemCode/payload/Compression/ImageConversion.o
 .text.BinImage
                0x2001375c      0x2c8 ./src/sub-systemCode/payload/Compression/ImageConversion.o
                0x2001375c                BinImage
 .text.ImageSkipping
                0x20013a24      0x2ac ./src/sub-systemCode/payload/Compression/ImageConversion.o
                0x20013a24                ImageSkipping
 .text.CreateImageThumbnail_withoutSearch
                0x20013cd0      0x14c ./src/sub-systemCode/payload/Compression/ImageConversion.o
                0x20013cd0                CreateImageThumbnail_withoutSearch
 .text.CreateImageThumbnail
                0x20013e1c       0x9c ./src/sub-systemCode/payload/Compression/ImageConversion.o
                0x20013e1c                CreateImageThumbnail
 .text.compressImage
                0x20013eb8      0x17c ./src/sub-systemCode/payload/Compression/ImageConversion.o
                0x20013eb8                compressImage
 .text.AdcsCmdQueueInit
                0x20014034       0x4c ./src/sub-systemCode/Main/CMD/ADCS_CMD.o
                0x20014034                AdcsCmdQueueInit
 .text.AdcsCmdQueueGet
                0x20014080       0x8c ./src/sub-systemCode/Main/CMD/ADCS_CMD.o
                0x20014080                AdcsCmdQueueGet
 .text.AdcsCmdQueueAdd
                0x2001410c       0x74 ./src/sub-systemCode/Main/CMD/ADCS_CMD.o
                0x2001410c                AdcsCmdQueueAdd
 .text.AdcsCmdQueueIsEmpty
                0x20014180       0x3c ./src/sub-systemCode/Main/CMD/ADCS_CMD.o
                0x20014180                AdcsCmdQueueIsEmpty
 .text.getAdcsQueueWaitPointer
                0x200141bc       0x20 ./src/sub-systemCode/Main/CMD/ADCS_CMD.o
                0x200141bc                getAdcsQueueWaitPointer
 .text.cmd_mute
                0x200141dc       0xf4 ./src/sub-systemCode/Main/CMD/COMM_CMD.o
                0x200141dc                cmd_mute
 .text.cmd_unmute
                0x200142d0       0x90 ./src/sub-systemCode/Main/CMD/COMM_CMD.o
                0x200142d0                cmd_unmute
 .text.cmd_active_trans
                0x20014360       0xc0 ./src/sub-systemCode/Main/CMD/COMM_CMD.o
                0x20014360                cmd_active_trans
 .text.cmd_shut_trans
                0x20014420       0x8c ./src/sub-systemCode/Main/CMD/COMM_CMD.o
                0x20014420                cmd_shut_trans
 .text.cmd_change_trans_rssi
                0x200144ac      0x140 ./src/sub-systemCode/Main/CMD/COMM_CMD.o
                0x200144ac                cmd_change_trans_rssi
 .text.cmd_aprs_dump
                0x200145ec       0x38 ./src/sub-systemCode/Main/CMD/COMM_CMD.o
                0x200145ec                cmd_aprs_dump
 .text.cmd_stop_dump
                0x20014624       0x8c ./src/sub-systemCode/Main/CMD/COMM_CMD.o
                0x20014624                cmd_stop_dump
 .text.cmd_time_frequency
                0x200146b0       0xf8 ./src/sub-systemCode/Main/CMD/COMM_CMD.o
                0x200146b0                cmd_time_frequency
 .text.cmd_change_def_bit_rate
                0x200147a8      0x1a8 ./src/sub-systemCode/Main/CMD/COMM_CMD.o
                0x200147a8                cmd_change_def_bit_rate
 .text.cmd_upload_volt_logic
                0x20014950      0x370 ./src/sub-systemCode/Main/CMD/EPS_CMD.o
                0x20014950                cmd_upload_volt_logic
 .text.cmd_upload_volt_COMM
                0x20014cc0      0x1d4 ./src/sub-systemCode/Main/CMD/EPS_CMD.o
                0x20014cc0                cmd_upload_volt_COMM
 .text.cmd_heater_temp
                0x20014e94       0xe4 ./src/sub-systemCode/Main/CMD/EPS_CMD.o
                0x20014e94                cmd_heater_temp
 .text.cmd_SHUT_CAM
                0x20014f78       0x78 ./src/sub-systemCode/Main/CMD/EPS_CMD.o
                0x20014f78                cmd_SHUT_CAM
 .text.cmd_SHUT_ADCS
                0x20014ff0       0x78 ./src/sub-systemCode/Main/CMD/EPS_CMD.o
                0x20014ff0                cmd_SHUT_ADCS
 .text.cmd_allow_CAM
                0x20015068       0x78 ./src/sub-systemCode/Main/CMD/EPS_CMD.o
                0x20015068                cmd_allow_CAM
 .text.cmd_allow_ADCS
                0x200150e0       0x78 ./src/sub-systemCode/Main/CMD/EPS_CMD.o
                0x200150e0                cmd_allow_ADCS
 .text.cmd_update_alpha
                0x20015158      0x120 ./src/sub-systemCode/Main/CMD/EPS_CMD.o
                0x20015158                cmd_update_alpha
 .text.cmd_generic_I2C
                0x20015278       0xe4 ./src/sub-systemCode/Main/CMD/General_CMD.o
                0x20015278                cmd_generic_I2C
 .text.cmd_dump
                0x2001535c       0xf0 ./src/sub-systemCode/Main/CMD/General_CMD.o
                0x2001535c                cmd_dump
 .text.cmd_delete_TM
                0x2001544c      0x24c ./src/sub-systemCode/Main/CMD/General_CMD.o
                0x2001544c                cmd_delete_TM
 .text.cmd_reset_file
                0x20015698      0x130 ./src/sub-systemCode/Main/CMD/General_CMD.o
                0x20015698                cmd_reset_file
 .text.cmd_format_SD
                0x200157c8       0x7c ./src/sub-systemCode/Main/CMD/General_CMD.o
                0x200157c8                cmd_format_SD
 .text.cmd_dummy_func
                0x20015844       0x40 ./src/sub-systemCode/Main/CMD/General_CMD.o
                0x20015844                cmd_dummy_func
 .text.cmd_reset_TLM_SD
                0x20015884       0x54 ./src/sub-systemCode/Main/CMD/General_CMD.o
                0x20015884                cmd_reset_TLM_SD
 .text.cmd_stop_TM
                0x200158d8       0x7c ./src/sub-systemCode/Main/CMD/General_CMD.o
                0x200158d8                cmd_stop_TM
 .text.cmd_resume_TM
                0x20015954       0x7c ./src/sub-systemCode/Main/CMD/General_CMD.o
                0x20015954                cmd_resume_TM
 .text.cmd_soft_reset_cmponent
                0x200159d0       0xd0 ./src/sub-systemCode/Main/CMD/General_CMD.o
                0x200159d0                cmd_soft_reset_cmponent
 .text.cmd_hard_reset_cmponent
                0x20015aa0       0xd0 ./src/sub-systemCode/Main/CMD/General_CMD.o
                0x20015aa0                cmd_hard_reset_cmponent
 .text.cmd_reset_satellite
                0x20015b70       0x90 ./src/sub-systemCode/Main/CMD/General_CMD.o
                0x20015b70                cmd_reset_satellite
 .text.cmd_gracefull_reset_satellite
                0x20015c00       0x90 ./src/sub-systemCode/Main/CMD/General_CMD.o
                0x20015c00                cmd_gracefull_reset_satellite
 .text.cmd_upload_time
                0x20015c90       0xdc ./src/sub-systemCode/Main/CMD/General_CMD.o
                0x20015c90                cmd_upload_time
 .text.cmd_ARM_DIARM
                0x20015d6c      0x104 ./src/sub-systemCode/Main/CMD/General_CMD.o
                0x20015d6c                cmd_ARM_DIARM
 .text.cmd_get_onlineTM
                0x20015e70      0x220 ./src/sub-systemCode/Main/CMD/General_CMD.o
                0x20015e70                cmd_get_onlineTM
 .text.cmd_reset_off_line
                0x20016090       0x74 ./src/sub-systemCode/Main/CMD/General_CMD.o
                0x20016090                cmd_reset_off_line
 .text.cmd_add_item_off_line
                0x20016104      0x124 ./src/sub-systemCode/Main/CMD/General_CMD.o
                0x20016104                cmd_add_item_off_line
 .text.cmd_delete_item_off_line
                0x20016228       0xb0 ./src/sub-systemCode/Main/CMD/General_CMD.o
                0x20016228                cmd_delete_item_off_line
 .text.cmd_get_off_line_setting
                0x200162d8      0x1cc ./src/sub-systemCode/Main/CMD/General_CMD.o
                0x200162d8                cmd_get_off_line_setting
 .text.cmd_reset_delayed_command_list
                0x200164a4       0x3c ./src/sub-systemCode/Main/CMD/SW_CMD.o
                0x200164a4                cmd_reset_delayed_command_list
 .text.cmd_reset_APRS_list
                0x200164e0       0x3c ./src/sub-systemCode/Main/CMD/SW_CMD.o
                0x200164e0                cmd_reset_APRS_list
 .text.cmd_reset_FRAM
                0x2001651c      0x100 ./src/sub-systemCode/Main/CMD/SW_CMD.o
                0x2001651c                cmd_reset_FRAM
 .text.cmd_FRAM_read
                0x2001661c      0x270 ./src/sub-systemCode/Main/CMD/SW_CMD.o
                0x2001661c                cmd_FRAM_read
 .text.cmd_FRAM_write
                0x2001688c      0x114 ./src/sub-systemCode/Main/CMD/SW_CMD.o
                0x2001688c                cmd_FRAM_write
 .text.ARM_ants
                0x200169a0       0xb8 ./src/sub-systemCode/Main/Ants.o
                0x200169a0                ARM_ants
 .text.DISARM_ants
                0x20016a58       0xf0 ./src/sub-systemCode/Main/Ants.o
                0x20016a58                DISARM_ants
 .text.reset_deployStatusFRAM
                0x20016b48       0xdc ./src/sub-systemCode/Main/Ants.o
                0x20016b48                reset_deployStatusFRAM
 .text.reset_FRAM_ants
                0x20016c24       0xc4 ./src/sub-systemCode/Main/Ants.o
                0x20016c24                reset_FRAM_ants
 .text.update_stopDeploy_FRAM
                0x20016ce8       0x64 ./src/sub-systemCode/Main/Ants.o
                0x20016ce8                update_stopDeploy_FRAM
 .text.round_vol
                0x20016d4c      0x124 ./src/sub-systemCode/Main/EPS.o
                0x20016d4c                round_vol
 .text.get_shut_ADCS
                0x20016e70       0x64 ./src/sub-systemCode/Main/EPS.o
                0x20016e70                get_shut_ADCS
 .text.shut_ADCS
                0x20016ed4       0x60 ./src/sub-systemCode/Main/EPS.o
                0x20016ed4                shut_ADCS
 .text.get_shut_CAM
                0x20016f34       0x64 ./src/sub-systemCode/Main/EPS.o
                0x20016f34                get_shut_CAM
 .text.shut_CAM
                0x20016f98       0x60 ./src/sub-systemCode/Main/EPS.o
                0x20016f98                shut_CAM
 .text.update_powerLines
                0x20016ff8      0x124 ./src/sub-systemCode/Main/EPS.o
                0x20016ff8                update_powerLines
 .text.get_EPS_mode_t
                0x2001711c       0x24 ./src/sub-systemCode/Main/EPS.o
                0x2001711c                get_EPS_mode_t
 .text.init_enterMode
                0x20017140       0x88 ./src/sub-systemCode/Main/EPS.o
                0x20017140                init_enterMode
 .text.EPS_Init
                0x200171c8      0x1ac ./src/sub-systemCode/Main/EPS.o
                0x200171c8                EPS_Init
 .text.reset_FRAM_EPS
                0x20017374      0x150 ./src/sub-systemCode/Main/EPS.o
                0x20017374                reset_FRAM_EPS
 .text.reset_EPS_voltages
                0x200174c4      0x110 ./src/sub-systemCode/Main/EPS.o
                0x200174c4                reset_EPS_voltages
 .text.writeState_log
                0x200175d4       0xd4 ./src/sub-systemCode/Main/EPS.o
                0x200175d4                writeState_log
 .text.battery_downward
                0x200176a8      0x160 ./src/sub-systemCode/Main/EPS.o
                0x200176a8                battery_downward
 .text.battery_upward
                0x20017808      0x16c ./src/sub-systemCode/Main/EPS.o
                0x20017808                battery_upward
 .text.sanityCheck_EPS
                0x20017974      0x184 ./src/sub-systemCode/Main/EPS.o
                0x20017974                sanityCheck_EPS
 .text.overRide_ADCS
                0x20017af8       0x50 ./src/sub-systemCode/Main/EPS.o
                0x20017af8                overRide_ADCS
 .text.overRide_Camera
                0x20017b48       0x38 ./src/sub-systemCode/Main/EPS.o
                0x20017b48                overRide_Camera
 .text.EPS_Conditioning
                0x20017b80      0x2e4 ./src/sub-systemCode/Main/EPS.o
                0x20017b80                EPS_Conditioning
 .text.EnterFullMode
                0x20017e64       0xf0 ./src/sub-systemCode/Main/EPS.o
                0x20017e64                EnterFullMode
 .text.EnterCruiseMode
                0x20017f54       0xe0 ./src/sub-systemCode/Main/EPS.o
                0x20017f54                EnterCruiseMode
 .text.EnterSafeMode
                0x20018034       0xe0 ./src/sub-systemCode/Main/EPS.o
                0x20018034                EnterSafeMode
 .text.EnterCriticalMode
                0x20018114       0xcc ./src/sub-systemCode/Main/EPS.o
                0x20018114                EnterCriticalMode
 .text.check_EPSTableCorrection
                0x200181e0      0x120 ./src/sub-systemCode/Main/EPS.o
                0x200181e0                check_EPSTableCorrection
 .text.save_ACK
                0x20018300       0xc8 ./src/sub-systemCode/Main/HouseKeeping.o
                0x20018300                save_ACK
 .text.set_GP_EPS
                0x200183c8      0x10c ./src/sub-systemCode/Main/HouseKeeping.o
                0x200183c8                set_GP_EPS
 .text.set_GP_COMM
                0x200184d4       0x88 ./src/sub-systemCode/Main/HouseKeeping.o
                0x200184d4                set_GP_COMM
 .text.SP_HK_collect
                0x2001855c      0x22c ./src/sub-systemCode/Main/HouseKeeping.o
                0x2001855c                SP_HK_collect
 .text.EPS_HK_collect
                0x20018788      0x528 ./src/sub-systemCode/Main/HouseKeeping.o
                0x20018788                EPS_HK_collect
 .text.CAM_HK_collect
                0x20018cb0      0xa00 ./src/sub-systemCode/Main/HouseKeeping.o
                0x20018cb0                CAM_HK_collect
 .text.COMM_HK_collect
                0x200196b0      0x244 ./src/sub-systemCode/Main/HouseKeeping.o
                0x200196b0                COMM_HK_collect
 .text.HK_find_ADCSTM_fileName
                0x200198f4      0x44c ./src/sub-systemCode/Main/HouseKeeping.o
                0x200198f4                HK_find_ADCSTM_fileName
 .text.HK_find_fileName
                0x20019d40      0x174 ./src/sub-systemCode/Main/HouseKeeping.o
                0x20019d40                HK_find_fileName
 .text.HK_find_ADCSTM_ElementSize
                0x20019eb4      0x1b8 ./src/sub-systemCode/Main/HouseKeeping.o
                0x20019eb4                HK_find_ADCSTM_ElementSize
 .text.HK_findElementSize
                0x2001a06c       0xd4 ./src/sub-systemCode/Main/HouseKeeping.o
                0x2001a06c                HK_findElementSize
 .text.build_HK_spl_packet
                0x2001a140      0x27c ./src/sub-systemCode/Main/HouseKeeping.o
                0x2001a140                build_HK_spl_packet
 .text.numberOfRestarts
                0x2001a3bc       0x94 ./src/sub-systemCode/Main/Main_Init.o
                0x2001a3bc                numberOfRestarts
 .text.StartFRAM
                0x2001a450       0x38 ./src/sub-systemCode/Main/Main_Init.o
                0x2001a450                StartFRAM
 .text.StartI2C
                0x2001a488       0x44 ./src/sub-systemCode/Main/Main_Init.o
                0x2001a488                StartI2C
 .text.StartSPI
                0x2001a4cc       0x40 ./src/sub-systemCode/Main/Main_Init.o
                0x2001a4cc                StartSPI
 .text.StartTIME
                0x2001a50c      0x120 ./src/sub-systemCode/Main/Main_Init.o
                0x2001a50c                StartTIME
 .text.first_activation
                0x2001a62c       0x7c ./src/sub-systemCode/Main/Main_Init.o
                0x2001a62c                first_activation
 .text.InitSubsystems
                0x2001a6a8       0x68 ./src/sub-systemCode/Main/Main_Init.o
                0x2001a6a8                InitSubsystems
 .text.SubSystemTaskStart
                0x2001a710      0x13c ./src/sub-systemCode/Main/Main_Init.o
                0x2001a710                SubSystemTaskStart
 .text.copy_command
                0x2001a84c       0x80 ./src/sub-systemCode/Main/commands.o
                0x2001a84c                copy_command
 .text.reset_command
                0x2001a8cc       0x28 ./src/sub-systemCode/Main/commands.o
                0x2001a8cc                reset_command
 .text.init_command
                0x2001a8f4       0xf4 ./src/sub-systemCode/Main/commands.o
                0x2001a8f4                init_command
 .text.add_command
                0x2001a9e8      0x12c ./src/sub-systemCode/Main/commands.o
                0x2001a9e8                add_command
 .text.get_command
                0x2001ab14      0x1c0 ./src/sub-systemCode/Main/commands.o
                0x2001ab14                get_command
 .text.act_upon_command
                0x2001acd4      0x1e4 ./src/sub-systemCode/Main/commands.o
                0x2001acd4                act_upon_command
 .text.cmd_error
                0x2001aeb8       0x38 ./src/sub-systemCode/Main/commands.o
                0x2001aeb8                cmd_error
 .text.AUC_COMM
                0x2001aef0      0x25c ./src/sub-systemCode/Main/commands.o
                0x2001aef0                AUC_COMM
 .text.AUC_general
                0x2001b14c      0x3d0 ./src/sub-systemCode/Main/commands.o
                0x2001b14c                AUC_general
 .text.AUC_payload
                0x2001b51c      0x248 ./src/sub-systemCode/Main/commands.o
                0x2001b51c                AUC_payload
 .text.AUC_EPS  0x2001b764      0x28c ./src/sub-systemCode/Main/commands.o
                0x2001b764                AUC_EPS
 .text.AUC_SW   0x2001b9f0      0x1cc ./src/sub-systemCode/Main/commands.o
                0x2001b9f0                AUC_SW
 .text.AUC_onlineTM
                0x2001bbbc      0x1f0 ./src/sub-systemCode/Main/commands.o
                0x2001bbbc                AUC_onlineTM
 .text.AUC_CUF  0x2001bdac      0x168 ./src/sub-systemCode/Main/commands.o
                0x2001bdac                AUC_CUF
 .text.DownloadFile_Dump
                0x2001bf14      0x4c0 ./src/sub-systemCode/Global/FileDump.o
                0x2001bf14                DownloadFile_Dump
 .text.DownloadFile
                0x2001c3d4       0x6c ./src/sub-systemCode/Global/FileDump.o
                0x2001c3d4                DownloadFile
 .text.init_GenericSaveQueue
                0x2001c440       0x3c ./src/sub-systemCode/Global/GenericTaskSave.o
                0x2001c440                init_GenericSaveQueue
 .text.add_GenericElement_queue
                0x2001c47c       0x80 ./src/sub-systemCode/Global/GenericTaskSave.o
                0x2001c47c                add_GenericElement_queue
 .text.GenericSave_Task
                0x2001c4fc      0x128 ./src/sub-systemCode/Global/GenericTaskSave.o
                0x2001c4fc                GenericSave_Task
 .text.check_int
                0x2001c624       0x20 ./src/sub-systemCode/Global/Global.o
                0x2001c624                check_int
 .text.check_portBASE_TYPE
                0x2001c644       0x20 ./src/sub-systemCode/Global/Global.o
                0x2001c644                check_portBASE_TYPE
 .text.soft_reset_subsystem
                0x2001c664       0xf0 ./src/sub-systemCode/Global/Global.o
                0x2001c664                soft_reset_subsystem
 .text.hard_reset_subsystem
                0x2001c754      0x134 ./src/sub-systemCode/Global/Global.o
                0x2001c754                hard_reset_subsystem
 .text.BigEnE_raw_to_uInt
                0x2001c888       0x94 ./src/sub-systemCode/Global/Global.o
                0x2001c888                BigEnE_raw_to_uInt
 .text.BigEnE_raw_to_uShort
                0x2001c91c       0x50 ./src/sub-systemCode/Global/Global.o
                0x2001c91c                BigEnE_raw_to_uShort
 .text.BigEnE_uInt_to_raw
                0x2001c96c       0x78 ./src/sub-systemCode/Global/Global.o
                0x2001c96c                BigEnE_uInt_to_raw
 .text.reset_FRAM_MAIN
                0x2001c9e4      0x1cc ./src/sub-systemCode/Global/Global.o
                0x2001c9e4                reset_FRAM_MAIN
 .text.getBitValueByIndex
                0x2001cbb0       0xd0 ./src/sub-systemCode/Global/Global.o
                0x2001cbb0                getBitValueByIndex
 .text.FRAM_write_exte
                0x2001cc80       0x84 ./src/sub-systemCode/Global/Global.o
                0x2001cc80                FRAM_write_exte
 .text.FRAM_read_exte
                0x2001cd04       0x84 ./src/sub-systemCode/Global/Global.o
                0x2001cd04                FRAM_read_exte
 .text.FRAM_writeAndVerify_exte
                0x2001cd88       0x84 ./src/sub-systemCode/Global/Global.o
                0x2001cd88                FRAM_writeAndVerify_exte
 .text.init_GP  0x2001ce0c      0x368 ./src/sub-systemCode/Global/GlobalParam.o
                0x2001ce0c                init_GP
 .text.get_system_state
                0x2001d174      0x268 ./src/sub-systemCode/Global/GlobalParam.o
                0x2001d174                get_system_state
 .text.set_system_state
                0x2001d3dc      0x298 ./src/sub-systemCode/Global/GlobalParam.o
                0x2001d3dc                set_system_state
 .text.get_systems_state_param
                0x2001d674       0x8c ./src/sub-systemCode/Global/GlobalParam.o
                0x2001d674                get_systems_state_param
 .text.get_current_global_param
                0x2001d700      0x55c ./src/sub-systemCode/Global/GlobalParam.o
                0x2001d700                get_current_global_param
 .text.set_Vbatt
                0x2001dc5c       0x8c ./src/sub-systemCode/Global/GlobalParam.o
                0x2001dc5c                set_Vbatt
 .text.get_Vbatt
                0x2001dce8       0x8c ./src/sub-systemCode/Global/GlobalParam.o
                0x2001dce8                get_Vbatt
 .text.set_curBat
                0x2001dd74       0x8c ./src/sub-systemCode/Global/GlobalParam.o
                0x2001dd74                set_curBat
 .text.set_cur3V3
                0x2001de00       0x8c ./src/sub-systemCode/Global/GlobalParam.o
                0x2001de00                set_cur3V3
 .text.set_cur5V
                0x2001de8c       0x8c ./src/sub-systemCode/Global/GlobalParam.o
                0x2001de8c                set_cur5V
 .text.set_tempComm_LO
                0x2001df18       0x8c ./src/sub-systemCode/Global/GlobalParam.o
                0x2001df18                set_tempComm_LO
 .text.set_tempComm_PA
                0x2001dfa4       0x8c ./src/sub-systemCode/Global/GlobalParam.o
                0x2001dfa4                set_tempComm_PA
 .text.set_tempEPS
                0x2001e030       0xc8 ./src/sub-systemCode/Global/GlobalParam.o
                0x2001e030                set_tempEPS
 .text.set_tempBatt
                0x2001e0f8       0xc8 ./src/sub-systemCode/Global/GlobalParam.o
                0x2001e0f8                set_tempBatt
 .text.set_RxDoppler
                0x2001e1c0       0x8c ./src/sub-systemCode/Global/GlobalParam.o
                0x2001e1c0                set_RxDoppler
 .text.set_RxRSSI
                0x2001e24c       0x8c ./src/sub-systemCode/Global/GlobalParam.o
                0x2001e24c                set_RxRSSI
 .text.set_TxRefl
                0x2001e2d8       0x8c ./src/sub-systemCode/Global/GlobalParam.o
                0x2001e2d8                set_TxRefl
 .text.set_TxForw
                0x2001e364       0x8c ./src/sub-systemCode/Global/GlobalParam.o
                0x2001e364                set_TxForw
 .text.set_FS_failFlag
                0x2001e3f0       0x8c ./src/sub-systemCode/Global/GlobalParam.o
                0x2001e3f0                set_FS_failFlag
 .text.set_EPSState
                0x2001e47c       0x8c ./src/sub-systemCode/Global/GlobalParam.o
                0x2001e47c                set_EPSState
 .text.set_numOfDelayedCommand
                0x2001e508       0x8c ./src/sub-systemCode/Global/GlobalParam.o
                0x2001e508                set_numOfDelayedCommand
 .text.set_numOfResets
                0x2001e594       0xac ./src/sub-systemCode/Global/GlobalParam.o
                0x2001e594                set_numOfResets
 .text.set_ground_conn
                0x2001e640       0xa0 ./src/sub-systemCode/Global/GlobalParam.o
                0x2001e640                set_ground_conn
 .text.get_ground_conn
                0x2001e6e0       0xa0 ./src/sub-systemCode/Global/GlobalParam.o
                0x2001e6e0                get_ground_conn
 .text.IsisAntS_getStatusData_sideA
                0x2001e780       0x3c ./src/sub-systemCode/Global/OnlineTM.o
                0x2001e780                IsisAntS_getStatusData_sideA
 .text.IsisAntS_getAlltelemetry_sideA
                0x2001e7bc       0x3c ./src/sub-systemCode/Global/OnlineTM.o
                0x2001e7bc                IsisAntS_getAlltelemetry_sideA
 .text.IsisAntS_getTemperature_sideA
                0x2001e7f8       0x3c ./src/sub-systemCode/Global/OnlineTM.o
                0x2001e7f8                IsisAntS_getTemperature_sideA
 .text.IsisAntS_getStatusData_sideB
                0x2001e834       0x3c ./src/sub-systemCode/Global/OnlineTM.o
                0x2001e834                IsisAntS_getStatusData_sideB
 .text.IsisAntS_getAlltelemetry_sideB
                0x2001e870       0x3c ./src/sub-systemCode/Global/OnlineTM.o
                0x2001e870                IsisAntS_getAlltelemetry_sideB
 .text.IsisAntS_getTemperature_sideB
                0x2001e8ac       0x3c ./src/sub-systemCode/Global/OnlineTM.o
                0x2001e8ac                IsisAntS_getTemperature_sideB
 .text.HK_collect_EPS
                0x2001e8e8       0x30 ./src/sub-systemCode/Global/OnlineTM.o
                0x2001e8e8                HK_collect_EPS
 .text.HK_collect_COMM
                0x2001e918       0x30 ./src/sub-systemCode/Global/OnlineTM.o
                0x2001e918                HK_collect_COMM
 .text.HK_collect_CAM
                0x2001e948       0x30 ./src/sub-systemCode/Global/OnlineTM.o
                0x2001e948                HK_collect_CAM
 .text.HK_collect_SP
                0x2001e978       0x30 ./src/sub-systemCode/Global/OnlineTM.o
                0x2001e978                HK_collect_SP
 .text.HK_collect_FS_A
                0x2001e9a8       0x9c ./src/sub-systemCode/Global/OnlineTM.o
                0x2001e9a8                HK_collect_FS_A
 .text.HK_collect_FS_B
                0x2001ea44       0x9c ./src/sub-systemCode/Global/OnlineTM.o
                0x2001ea44                HK_collect_FS_B
 .text.save_offlineSetting_FRAM
                0x2001eae0      0x26c ./src/sub-systemCode/Global/OnlineTM.o
                0x2001eae0                save_offlineSetting_FRAM
 .text.get_offlineSetting_FRAM
                0x2001ed4c       0x58 ./src/sub-systemCode/Global/OnlineTM.o
                0x2001ed4c                get_offlineSetting_FRAM
 .text.update_offlineSetting_FRAM
                0x2001eda4      0x360 ./src/sub-systemCode/Global/OnlineTM.o
                0x2001eda4                update_offlineSetting_FRAM
 .text.get_offlineSettingPacket
                0x2001f104       0xc4 ./src/sub-systemCode/Global/OnlineTM.o
                0x2001f104                get_offlineSettingPacket
 .text.get_item_by_index
                0x2001f1c8       0xdc ./src/sub-systemCode/Global/OnlineTM.o
                0x2001f1c8                get_item_by_index
 .text.get_pointer_item_by_index
                0x2001f2a4       0x48 ./src/sub-systemCode/Global/OnlineTM.o
                0x2001f2a4                get_pointer_item_by_index
 .text.init_onlineParam
                0x2001f2ec     0x2f54 ./src/sub-systemCode/Global/OnlineTM.o
                0x2001f2ec                init_onlineParam
 .text.reset_offline_TM_list
                0x20022240      0x184 ./src/sub-systemCode/Global/OnlineTM.o
                0x20022240                reset_offline_TM_list
 .text.get_online_packet
                0x200223c4      0x25c ./src/sub-systemCode/Global/OnlineTM.o
                0x200223c4                get_online_packet
 .text.save_onlineTM_param
                0x20022620      0x1b4 ./src/sub-systemCode/Global/OnlineTM.o
                0x20022620                save_onlineTM_param
 .text.add_onlineTM_param_to_save_list
                0x200227d4      0x3e4 ./src/sub-systemCode/Global/OnlineTM.o
                0x200227d4                add_onlineTM_param_to_save_list
 .text.delete_onlineTM_param_from_offline
                0x20022bb8      0x1a8 ./src/sub-systemCode/Global/OnlineTM.o
                0x20022bb8                delete_onlineTM_param_from_offline
 .text.save_onlineTM_logic
                0x20022d60      0x2c0 ./src/sub-systemCode/Global/OnlineTM.o
                0x20022d60                save_onlineTM_logic
 .text.updateSD_state
                0x20023020       0xc0 ./src/sub-systemCode/Global/OnlineTM.o
                0x20023020                updateSD_state
 .text.sleepRTC_second
                0x200230e0       0x64 ./src/sub-systemCode/Global/OnlineTM.o
 .text.save_onlineTM_task
                0x20023144       0xe8 ./src/sub-systemCode/Global/OnlineTM.o
                0x20023144                save_onlineTM_task
 .text.reset_FRAM_FS
                0x2002322c       0x4c ./src/sub-systemCode/Global/TLM_management.o
                0x2002322c                reset_FRAM_FS
 .text.sd_format
                0x20023278       0x44 ./src/sub-systemCode/Global/TLM_management.o
                0x20023278                sd_format
 .text.deleteDir
                0x200232bc       0x48 ./src/sub-systemCode/Global/TLM_management.o
                0x200232bc                deleteDir
 .text.getNumOfFilesInFS
                0x20023304       0x44 ./src/sub-systemCode/Global/TLM_management.o
 .text.setNumOfFilesInFS
                0x20023348       0x50 ./src/sub-systemCode/Global/TLM_management.o
 .text.f_managed_enterFS
                0x20023398       0x18 ./src/sub-systemCode/Global/TLM_management.o
                0x20023398                f_managed_enterFS
 .text.f_managed_releaseFS
                0x200233b0       0x18 ./src/sub-systemCode/Global/TLM_management.o
                0x200233b0                f_managed_releaseFS
 .text.f_managed_open
                0x200233c8      0x120 ./src/sub-systemCode/Global/TLM_management.o
                0x200233c8                f_managed_open
 .text.f_managed_close
                0x200234e8       0x94 ./src/sub-systemCode/Global/TLM_management.o
                0x200234e8                f_managed_close
 .text.createSemahores_FS
                0x2002357c       0x48 ./src/sub-systemCode/Global/TLM_management.o
                0x2002357c                createSemahores_FS
 .text.InitializeFS
                0x200235c4      0x194 ./src/sub-systemCode/Global/TLM_management.o
                0x200235c4                InitializeFS
 .text.c_fileCreate
                0x20023758      0x11c ./src/sub-systemCode/Global/TLM_management.o
                0x20023758                c_fileCreate
 .text.writewithEpochtime
                0x20023874       0xa8 ./src/sub-systemCode/Global/TLM_management.o
 .text.get_C_FILE_struct
                0x2002391c      0x104 ./src/sub-systemCode/Global/TLM_management.o
 .text.getFileIndex
                0x20023a20       0x64 ./src/sub-systemCode/Global/TLM_management.o
 .text.get_file_name_by_index
                0x20023a84       0x54 ./src/sub-systemCode/Global/TLM_management.o
                0x20023a84                get_file_name_by_index
 .text.c_fileReset
                0x20023ad8       0xf0 ./src/sub-systemCode/Global/TLM_management.o
                0x20023ad8                c_fileReset
 .text.c_fileWrite
                0x20023bc8      0x174 ./src/sub-systemCode/Global/TLM_management.o
                0x20023bc8                c_fileWrite
 .text.deleteElementsFromFile
                0x20023d3c      0x1a0 ./src/sub-systemCode/Global/TLM_management.o
 .text.c_fileDeleteElements
                0x20023edc      0x168 ./src/sub-systemCode/Global/TLM_management.o
                0x20023edc                c_fileDeleteElements
 .text.c_fileRead
                0x20024044      0x310 ./src/sub-systemCode/Global/TLM_management.o
                0x20024044                c_fileRead
 .text.DeInitializeFS
                0x20024354       0xdc ./src/sub-systemCode/Global/TLM_management.o
                0x20024354                DeInitializeFS
 .text.xSemaphoreGive_extended
                0x20024430       0x48 ./src/sub-systemCode/Global/freertosExtended.o
                0x20024430                xSemaphoreGive_extended
 .text.xSemaphoreTake_extended
                0x20024478       0x54 ./src/sub-systemCode/Global/freertosExtended.o
                0x20024478                xSemaphoreTake_extended
 .text.WriteLog
                0x200244cc       0xa8 ./src/sub-systemCode/Global/logger.o
 .text.WriteErrorLog
                0x20024574       0x64 ./src/sub-systemCode/Global/logger.o
                0x20024574                WriteErrorLog
 .text.WritePayloadLog
                0x200245d8       0x50 ./src/sub-systemCode/Global/logger.o
                0x200245d8                WritePayloadLog
 .text.WriteEpsLog
                0x20024628       0x4c ./src/sub-systemCode/Global/logger.o
                0x20024628                WriteEpsLog
 .text.WriteTransponderLog
                0x20024674       0x50 ./src/sub-systemCode/Global/logger.o
                0x20024674                WriteTransponderLog
 .text.WriteAdcsLog
                0x200246c4       0x50 ./src/sub-systemCode/Global/logger.o
                0x200246c4                WriteAdcsLog
 .text.WriteCUFLog
                0x20024714       0x50 ./src/sub-systemCode/Global/logger.o
                0x20024714                WriteCUFLog
 .text.castCharPointerToInt
                0x20024764       0x84 ./src/sub-systemCode/CUF/CUF.o
                0x20024764                castCharPointerToInt
 .text.castCharArrayToIntArray
                0x200247e8       0xa4 ./src/sub-systemCode/CUF/CUF.o
                0x200247e8                castCharArrayToIntArray
 .text.SavePerminantCUF
                0x2002488c      0x1b0 ./src/sub-systemCode/CUF/CUF.o
                0x2002488c                SavePerminantCUF
 .text.CUFSwitch
                0x20024a3c       0x30 ./src/sub-systemCode/CUF/CUF.o
                0x20024a3c                CUFSwitch
 .text.GenerateSSH
                0x20024a6c       0xb8 ./src/sub-systemCode/CUF/CUF.o
                0x20024a6c                GenerateSSH
 .text.getExtendedName
                0x20024b24       0xc4 ./src/sub-systemCode/CUF/CUF.o
                0x20024b24                getExtendedName
 .text.AuthenticateCUF
                0x20024be8       0x84 ./src/sub-systemCode/CUF/CUF.o
                0x20024be8                AuthenticateCUF
 .text.UpdatePerminantCUF
                0x20024c6c       0x94 ./src/sub-systemCode/CUF/CUF.o
                0x20024c6c                UpdatePerminantCUF
 .text.RemoveCUF
                0x20024d00      0x1c0 ./src/sub-systemCode/CUF/CUF.o
                0x20024d00                RemoveCUF
 .text.ExecuteCUF
                0x20024ec0       0xe4 ./src/sub-systemCode/CUF/CUF.o
                0x20024ec0                ExecuteCUF
 .text.IntegrateCUF
                0x20024fa4      0x1ac ./src/sub-systemCode/CUF/CUF.o
                0x20024fa4                IntegrateCUF
 .text.AddToCUFTempArray
                0x20025150       0xa0 ./src/sub-systemCode/CUF/CUF.o
                0x20025150                AddToCUFTempArray
 .text.GetFromCUFTempArray
                0x200251f0       0xe0 ./src/sub-systemCode/CUF/CUF.o
                0x200251f0                GetFromCUFTempArray
 .text.DisableCUF
                0x200252d0       0xb0 ./src/sub-systemCode/CUF/CUF.o
                0x200252d0                DisableCUF
 .text.EnableCUF
                0x20025380       0xb0 ./src/sub-systemCode/CUF/CUF.o
                0x20025380                EnableCUF
 .text.initializeUpload
                0x20025430       0x94 ./src/sub-systemCode/CUF/uploadCodeTelemetry.o
                0x20025430                initializeUpload
 .text.removeFiles
                0x200254c4      0x16c ./src/sub-systemCode/CUF/uploadCodeTelemetry.o
                0x200254c4                removeFiles
 .text.loadBackup
                0x20025630      0x144 ./src/sub-systemCode/CUF/uploadCodeTelemetry.o
                0x20025630                loadBackup
 .text.addToArray
                0x20025774       0xcc ./src/sub-systemCode/CUF/uploadCodeTelemetry.o
                0x20025774                addToArray
 .text.headerHandle
                0x20025840       0xb8 ./src/sub-systemCode/CUF/uploadCodeTelemetry.o
                0x20025840                headerHandle
 .text.startCUFintegration
                0x200258f8      0x1e0 ./src/sub-systemCode/CUF/uploadCodeTelemetry.o
                0x200258f8                startCUFintegration
 .text.saveBackup
                0x20025ad8      0x118 ./src/sub-systemCode/CUF/uploadCodeTelemetry.o
                0x20025ad8                saveBackup
 .text.saveAck  0x20025bf0       0x28 ./src/sub-systemCode/CUF/uploadCodeTelemetry.o
                0x20025bf0                saveAck
 .text.reset_APRS_list
                0x20025c18       0x20 ./src/sub-systemCode/COMM/APRS.o
                0x20025c18                reset_APRS_list
 .text.get_APRS_list
                0x20025c38       0x18 ./src/sub-systemCode/COMM/APRS.o
                0x20025c38                get_APRS_list
 .text.find_CMD_in_list
                0x20025c50       0x7c ./src/sub-systemCode/COMM/DelayedCommand_list.o
                0x20025c50                find_CMD_in_list
 .text.find_empty_in_list
                0x20025ccc       0x74 ./src/sub-systemCode/COMM/DelayedCommand_list.o
                0x20025ccc                find_empty_in_list
 .text.check_delayCommandTime
                0x20025d40       0xa8 ./src/sub-systemCode/COMM/DelayedCommand_list.o
                0x20025d40                check_delayCommandTime
 .text.execute_delayedCommand
                0x20025de8       0x64 ./src/sub-systemCode/COMM/DelayedCommand_list.o
                0x20025de8                execute_delayedCommand
 .text.check_delaycommand
                0x20025e4c      0x198 ./src/sub-systemCode/COMM/DelayedCommand_list.o
                0x20025e4c                check_delaycommand
 .text.reset_delayCommand
                0x20025fe4       0xc4 ./src/sub-systemCode/COMM/DelayedCommand_list.o
                0x20025fe4                reset_delayCommand
 .text.add_delayCommand
                0x200260a8      0x1ec ./src/sub-systemCode/COMM/DelayedCommand_list.o
                0x200260a8                add_delayCommand
 .text.get_delayCommand_list
                0x20026294       0xb8 ./src/sub-systemCode/COMM/DelayedCommand_list.o
                0x20026294                get_delayCommand_list
 .text.EmptyOldestCommand
                0x2002634c       0xfc ./src/sub-systemCode/COMM/DelayedCommand_list.o
                0x2002634c                EmptyOldestCommand
 .text.decode_TCpacket
                0x20026448      0x16c ./src/sub-systemCode/COMM/GSC.o
                0x20026448                decode_TCpacket
 .text.encode_TCpacket
                0x200265b4      0x114 ./src/sub-systemCode/COMM/GSC.o
                0x200265b4                encode_TCpacket
 .text.encode_TMpacket
                0x200266c8      0x104 ./src/sub-systemCode/COMM/GSC.o
                0x200266c8                encode_TMpacket
 .text.build_raw_ACK
                0x200267cc       0xbc ./src/sub-systemCode/COMM/GSC.o
                0x200267cc                build_raw_ACK
 .text.build_data_field_ACK
                0x20026888       0x74 ./src/sub-systemCode/COMM/GSC.o
                0x20026888                build_data_field_ACK
 .text.update_FRAM_bitRate
                0x200268fc       0xf4 ./src/sub-systemCode/COMM/TRXVU.o
                0x200268fc                update_FRAM_bitRate
 .text.idle_state_
                0x200269f0       0x78 ./src/sub-systemCode/COMM/TRXVU.o
                0x200269f0                idle_state_
 .text.toggle_idle_state
                0x20026a68       0x64 ./src/sub-systemCode/COMM/TRXVU.o
                0x20026a68                toggle_idle_state
 .text.TRXVU_init_hardWare
                0x20026acc       0xc8 ./src/sub-systemCode/COMM/TRXVU.o
                0x20026acc                TRXVU_init_hardWare
 .text.TRXVU_init_softWare
                0x20026b94      0x124 ./src/sub-systemCode/COMM/TRXVU.o
                0x20026b94                TRXVU_init_softWare
 .text.init_trxvu
                0x20026cb8       0x14 ./src/sub-systemCode/COMM/TRXVU.o
                0x20026cb8                init_trxvu
 .text.TRXVU_task
                0x20026ccc       0xb8 ./src/sub-systemCode/COMM/TRXVU.o
                0x20026ccc                TRXVU_task
 .text.dump_logic
                0x20026d84      0x37c ./src/sub-systemCode/COMM/TRXVU.o
                0x20026d84                dump_logic
 .text.Dump_task
                0x20027100      0x1a4 ./src/sub-systemCode/COMM/TRXVU.o
                0x20027100                Dump_task
 .text.transponder_logic
                0x200272a4      0x120 ./src/sub-systemCode/COMM/TRXVU.o
                0x200272a4                transponder_logic
 .text.Transponder_task
                0x200273c4      0x1b0 ./src/sub-systemCode/COMM/TRXVU.o
                0x200273c4                Transponder_task
 .text.lookForRequestToDelete_transponder
                0x20027574       0x8c ./src/sub-systemCode/COMM/TRXVU.o
                0x20027574                lookForRequestToDelete_transponder
 .text.lookForRequestToDelete_dump
                0x20027600       0x88 ./src/sub-systemCode/COMM/TRXVU.o
                0x20027600                lookForRequestToDelete_dump
 .text.sendRequestToStop_dump
                0x20027688       0x8c ./src/sub-systemCode/COMM/TRXVU.o
                0x20027688                sendRequestToStop_dump
 .text.sendRequestToStop_transponder
                0x20027714       0x8c ./src/sub-systemCode/COMM/TRXVU.o
                0x20027714                sendRequestToStop_transponder
 .text.Rx_logic
                0x200277a0      0x1d4 ./src/sub-systemCode/COMM/TRXVU.o
                0x200277a0                Rx_logic
 .text.pass_above_Ground
                0x20027974      0x15c ./src/sub-systemCode/COMM/TRXVU.o
                0x20027974                pass_above_Ground
 .text.check_TRXVUState
                0x20027ad0      0x188 ./src/sub-systemCode/COMM/TRXVU.o
                0x20027ad0                check_TRXVUState
 .text.trxvu_logic
                0x20027c58       0x20 ./src/sub-systemCode/COMM/TRXVU.o
                0x20027c58                trxvu_logic
 .text.Beacon_task
                0x20027c78      0x174 ./src/sub-systemCode/COMM/TRXVU.o
                0x20027c78                Beacon_task
 .text.buildAndSend_beacon
                0x20027dec      0x5c0 ./src/sub-systemCode/COMM/TRXVU.o
                0x20027dec                buildAndSend_beacon
 .text.reset_FRAM_TRXVU
                0x200283ac      0x208 ./src/sub-systemCode/COMM/TRXVU.o
                0x200283ac                reset_FRAM_TRXVU
 .text.TRX_sendFrame
                0x200285b4      0x1bc ./src/sub-systemCode/COMM/TRXVU.o
                0x200285b4                TRX_sendFrame
 .text.TRX_getFrameData
                0x20028770      0x144 ./src/sub-systemCode/COMM/TRXVU.o
                0x20028770                TRX_getFrameData
 .text.mute_Tx  0x200288b4       0x64 ./src/sub-systemCode/COMM/TRXVU.o
                0x200288b4                mute_Tx
 .text.unmute_Tx
                0x20028918       0x58 ./src/sub-systemCode/COMM/TRXVU.o
                0x20028918                unmute_Tx
 .text.check_time_off_mute
                0x20028970       0xc0 ./src/sub-systemCode/COMM/TRXVU.o
                0x20028970                check_time_off_mute
 .text.set_mute_time
                0x20028a30      0x100 ./src/sub-systemCode/COMM/TRXVU.o
                0x20028a30                set_mute_time
 .text.change_TRXVU_state
                0x20028b30      0x100 ./src/sub-systemCode/COMM/TRXVU.o
                0x20028b30                change_TRXVU_state
 .text.change_trans_RSSI
                0x20028c30       0x7c ./src/sub-systemCode/COMM/TRXVU.o
                0x20028c30                change_trans_RSSI
 .text.AdcsReadI2cAck
                0x20028cac       0xfc ./src/sub-systemCode/ADCS/AdcsCommands.o
                0x20028cac                AdcsReadI2cAck
 .text.AdcsGenericI2cCmd
                0x20028da8      0x1bc ./src/sub-systemCode/ADCS/AdcsCommands.o
                0x20028da8                AdcsGenericI2cCmd
 .text.SendAdcsTlm