Archive member included because of file (symbol)

c:/isis/application/toolchain/bin/../lib/gcc/arm-none-eabi/4.7.4/../../../../arm-none-eabi/lib\libc_s.a(lib_a-vfprintf_float.o)
                              (_printf_float)
c:/isis/application/toolchain/bin/../lib/gcc/arm-none-eabi/4.7.4/../../../../arm-none-eabi/lib\libc_s.a(lib_a-vfprintf_i.o)
                              c:/isis/application/toolchain/bin/../lib/gcc/arm-none-eabi/4.7.4/../../../../arm-none-eabi/lib\libc_s.a(lib_a-vfprintf_float.o) (_printf_common)
c:/isis/application/toolchain/bin/../lib/gcc/arm-none-eabi/4.7.4/../../../../arm-none-eabi/lib\libc_s.a(lib_a-vfscanf_float.o)
                              (_scanf_float)
c:/isis/application/toolchain/bin/../lib/gcc/arm-none-eabi/4.7.4/../../../../arm-none-eabi/lib\libc_s.a(lib_a-dtoa.o)
                              c:/isis/application/toolchain/bin/../lib/gcc/arm-none-eabi/4.7.4/../../../../arm-none-eabi/lib\libc_s.a(lib_a-vfprintf_float.o) (_dtoa_r)
c:/isis/application/toolchain/bin/../lib/gcc/arm-none-eabi/4.7.4/../../../../arm-none-eabi/lib\libc_s.a(lib_a-locale.o)
                              c:/isis/application/toolchain/bin/../lib/gcc/arm-none-eabi/4.7.4/../../../../arm-none-eabi/lib\libc_s.a(lib_a-vfprintf_float.o) (_localeconv_r)
c:/isis/application/toolchain/bin/../lib/gcc/arm-none-eabi/4.7.4/../../../../arm-none-eabi/lib\libc_s.a(lib_a-malloc.o)
                              c:/isis/application/toolchain/bin/../lib/gcc/arm-none-eabi/4.7.4/../../../../arm-none-eabi/lib\libc_s.a(lib_a-dtoa.o) (malloc)
c:/isis/application/toolchain/bin/../lib/gcc/arm-none-eabi/4.7.4/../../../../arm-none-eabi/lib\libc_s.a(lib_a-mallocr.o)
                              c:/isis/application/toolchain/bin/../lib/gcc/arm-none-eabi/4.7.4/../../../../arm-none-eabi/lib\libc_s.a(lib_a-malloc.o) (_malloc_r)
c:/isis/application/toolchain/bin/../lib/gcc/arm-none-eabi/4.7.4/../../../../arm-none-eabi/lib\libc_s.a(lib_a-memcpy.o)
                              c:/isis/application/toolchain/bin/../lib/gcc/arm-none-eabi/4.7.4/../../../../arm-none-eabi/lib\libc_s.a(lib_a-dtoa.o) (memcpy)
c:/isis/application/toolchain/bin/../lib/gcc/arm-none-eabi/4.7.4/../../../../arm-none-eabi/lib\libc_s.a(lib_a-mprec.o)
                              c:/isis/application/toolchain/bin/../lib/gcc/arm-none-eabi/4.7.4/../../../../arm-none-eabi/lib\libc_s.a(lib_a-dtoa.o) (_Balloc)
c:/isis/application/toolchain/bin/../lib/gcc/arm-none-eabi/4.7.4/../../../../arm-none-eabi/lib\libc_s.a(lib_a-s_fpclassify.o)
                              c:/isis/application/toolchain/bin/../lib/gcc/arm-none-eabi/4.7.4/../../../../arm-none-eabi/lib\libc_s.a(lib_a-vfprintf_float.o) (__fpclassifyd)
c:/isis/application/toolchain/bin/../lib/gcc/arm-none-eabi/4.7.4/../../../../arm-none-eabi/lib\libc_s.a(lib_a-sbrkr.o)
                              c:/isis/application/toolchain/bin/../lib/gcc/arm-none-eabi/4.7.4/../../../../arm-none-eabi/lib\libc_s.a(lib_a-mallocr.o) (_sbrk_r)
c:/isis/application/toolchain/bin/../lib/gcc/arm-none-eabi/4.7.4/../../../../arm-none-eabi/lib\libc_s.a(lib_a-sf_nan.o)
                              c:/isis/application/toolchain/bin/../lib/gcc/arm-none-eabi/4.7.4/../../../../arm-none-eabi/lib\libc_s.a(lib_a-vfscanf_float.o) (nanf)
c:/isis/application/toolchain/bin/../lib/gcc/arm-none-eabi/4.7.4/../../../../arm-none-eabi/lib\libc_s.a(lib_a-sprintf.o)
                              c:/isis/application/toolchain/bin/../lib/gcc/arm-none-eabi/4.7.4/../../../../arm-none-eabi/lib\libc_s.a(lib_a-vfscanf_float.o) (sprintf)
c:/isis/application/toolchain/bin/../lib/gcc/arm-none-eabi/4.7.4/../../../../arm-none-eabi/lib\libc_s.a(lib_a-strcmp.o)
                              c:/isis/application/toolchain/bin/../lib/gcc/arm-none-eabi/4.7.4/../../../../arm-none-eabi/lib\libc_s.a(lib_a-locale.o) (strcmp)
c:/isis/application/toolchain/bin/../lib/gcc/arm-none-eabi/4.7.4/../../../../arm-none-eabi/lib\libc_s.a(lib_a-strlen.o)
                              c:/isis/application/toolchain/bin/../lib/gcc/arm-none-eabi/4.7.4/../../../../arm-none-eabi/lib\libc_s.a(lib_a-vfprintf_float.o) (strlen)
c:/isis/application/toolchain/bin/../lib/gcc/arm-none-eabi/4.7.4/../../../../arm-none-eabi/lib\libc_s.a(lib_a-strtod.o)
                              c:/isis/application/toolchain/bin/../lib/gcc/arm-none-eabi/4.7.4/../../../../arm-none-eabi/lib\libc_s.a(lib_a-vfscanf_float.o) (_strtod_r)
c:/isis/application/toolchain/bin/../lib/gcc/arm-none-eabi/4.7.4/../../../../arm-none-eabi/lib\libc_s.a(lib_a-strtol.o)
                              c:/isis/application/toolchain/bin/../lib/gcc/arm-none-eabi/4.7.4/../../../../arm-none-eabi/lib\libc_s.a(lib_a-vfscanf_float.o) (_strtol_r)
c:/isis/application/toolchain/bin/../lib/gcc/arm-none-eabi/4.7.4/../../../../arm-none-eabi/lib\libc_s.a(lib_a-svfprintf.o)
                              c:/isis/application/toolchain/bin/../lib/gcc/arm-none-eabi/4.7.4/../../../../arm-none-eabi/lib\libc_s.a(lib_a-sprintf.o) (_svfprintf_r)
[...]
Memory Configuration

Name             Origin             Length             Attributes
sram0            0x00200000         0x00004000         w !xr
sram1            0x00300000         0x00004000         w !xr
sdram            0x20000000         0x02000000         w !xr
*default*        0x00000000         0xffffffff

Linker script and memory map

LOAD c:/isis/application/toolchain/bin/../lib/gcc/arm-none-eabi/4.7.4/../../../../arm-none-eabi/lib\libc_s.a
LOAD ./src/sub-systemCode/Main/CMD/COMM_CMD.o
LOAD ./src/sub-systemCode/Main/CMD/EPS_CMD.o
LOAD ./src/sub-systemCode/Main/CMD/General_CMD.o
LOAD ./src/sub-systemCode/Main/CMD/SW_CMD.o
LOAD ./src/sub-systemCode/Main/CMD/payload_CMD.o
LOAD ./src/sub-systemCode/Main/Ants.o
LOAD ./src/sub-systemCode/Main/EPS.o
LOAD ./src/sub-systemCode/Main/HouseKeeping.o
LOAD ./src/sub-systemCode/Main/Main_Init.o
LOAD ./src/sub-systemCode/Main/commands.o
LOAD ./src/sub-systemCode/Global/Global.o
LOAD ./src/sub-systemCode/Global/GlobalParam.o
LOAD ./src/sub-systemCode/Global/OnlineTM.o
LOAD ./src/sub-systemCode/Global/TM_managment.o
LOAD ./src/sub-systemCode/COMM/APRS.o
LOAD ./src/sub-systemCode/COMM/DelayedCommand_list.o
LOAD ./src/sub-systemCode/COMM/GSC.o
LOAD ./src/sub-systemCode/COMM/TRXVU.o
LOAD ./src/sub-systemCode/ADCS/ADCS.o
LOAD ./src/sub-systemCode/ADCS/Stage_Table.o
LOAD ./src/main.o
LOAD C:/Hoopoe3/satellite-subsystems/demo/..//satellite-subsystems/lib\libSatelliteSubsystemsD.a
LOAD c:/isis/application/toolchain/bin/../lib/gcc/arm-none-eabi/4.7.4/../../../../arm-none-eabi/lib\libm.a
LOAD C:/Hoopoe3/satellite-subsystems/demo/../..//hal/hcc/lib\libHCCD.a
LOAD C:/Hoopoe3/satellite-subsystems/demo/../..//hal/hal/lib\libHALD.a
LOAD C:/Hoopoe3/satellite-subsystems/demo/../..//hal/freertos/lib\libFreeRTOSD.a
LOAD C:/Hoopoe3/satellite-subsystems/demo/../..//hal/at91/lib\libAt91D.a
START GROUP
LOAD c:/isis/application/toolchain/bin/../lib/gcc/arm-none-eabi/4.7.4\libgcc.a
LOAD c:/isis/application/toolchain/bin/../lib/gcc/arm-none-eabi/4.7.4/../../../../arm-none-eabi/lib\libc_s.a
END GROUP

.fixed          0x20000000    0x3f060
                0x20000000                . = ALIGN (0x4)
                0x20000000                _sfixed = .
 *(.startup)
 .startup       0x20000000      0x134 C:/Hoopoe3/satellite-subsystems/demo/../..//hal/at91/lib\libAt91D.a(board_cstartup.o)
                0x20000000                entry
 *(.text)
 .text          0x20000134       0x64 C:/Hoopoe3/satellite-subsystems/demo/../..//hal/at91/lib\libAt91D.a(cp15_asm.o)
                0x20000134                _readControlRegister
                0x20000140                _writeControlRegister
                0x20000148                _waitForInterrupt
                0x20000154                _writeTTB
                0x2000015c                _writeDomain
                0x20000164                _writeITLBLockdown
                0x2000016c                _prefetchICacheLine
                0x20000174                _flushDCache
                0x20000180                _flushWriteBuffer
                0x2000018c                _invalidateIDTLBs
 .text          0x20000198      0x114 c:/isis/application/toolchain/bin/../lib/gcc/arm-none-eabi/4.7.4\libgcc.a(_udivsi3.o)
                0x20000198                __aeabi_uidiv
                0x20000198                __udivsi3
                0x2000028c                __aeabi_uidivmod
 .text          0x200002ac      0x148 c:/isis/application/toolchain/bin/../lib/gcc/arm-none-eabi/4.7.4\libgcc.a(_divsi3.o)
                0x200002ac                __divsi3
                0x200002ac                __aeabi_idiv
                0x200003d4                __aeabi_idivmod
 .text          0x200003f4        0x4 c:/isis/application/toolchain/bin/../lib/gcc/arm-none-eabi/4.7.4\libgcc.a(_dvmd_tls.o)
                0x200003f4                __aeabi_idiv0
                0x200003f4                __aeabi_ldiv0
 .text          0x200003f8      0x41c c:/isis/application/toolchain/bin/../lib/gcc/arm-none-eabi/4.7.4\libgcc.a(_arm_addsubdf3.o)
                0x200003f8                __aeabi_drsub
                0x20000400                __aeabi_dsub
                0x20000400                __subdf3
                0x20000404                __aeabi_dadd
                0x20000404                __adddf3
                0x20000714                __floatunsidf
                0x20000714                __aeabi_ui2d
                0x20000738                __floatsidf
                0x20000738                __aeabi_i2d
                0x20000760                __aeabi_f2d
                0x20000760                __extendsfdf2
                0x200007a0                __floatundidf
                0x200007a0                __aeabi_ul2d
                0x200007b4                __floatdidf
                0x200007b4                __aeabi_l2d
 .text          0x20000814      0x49c c:/isis/application/toolchain/bin/../lib/gcc/arm-none-eabi/4.7.4\libgcc.a(_arm_muldivdf3.o)
                0x20000814                __aeabi_dmul
                0x20000814                __muldf3
                0x20000aa4                __divdf3
                0x20000aa4                __aeabi_ddiv
 .text          0x20000cb0      0x144 c:/isis/application/toolchain/bin/../lib/gcc/arm-none-eabi/4.7.4\libgcc.a(_arm_cmpdf2.o)
                0x20000cb0                __gtdf2
                0x20000cb0                __gedf2
                0x20000cb8                __ltdf2
                0x20000cb8                __ledf2
                0x20000cc0                __nedf2
                0x20000cc0                __eqdf2
                0x20000cc0                __cmpdf2
                0x20000d48                __aeabi_cdrcmple
                0x20000d64                __aeabi_cdcmpeq
                0x20000d64                __aeabi_cdcmple
                0x20000d7c                __aeabi_dcmpeq
                0x20000d94                __aeabi_dcmplt
                0x20000dac                __aeabi_dcmple
                0x20000dc4                __aeabi_dcmpge
                0x20000ddc                __aeabi_dcmpgt
 .text          0x20000df4       0x5c c:/isis/application/toolchain/bin/../lib/gcc/arm-none-eabi/4.7.4\libgcc.a(_arm_fixdfsi.o)
                0x20000df4                __aeabi_d2iz
                0x20000df4                __fixdfsi
 .text          0x20000e50       0x54 c:/isis/application/toolchain/bin/../lib/gcc/arm-none-eabi/4.7.4\libgcc.a(_arm_fixunsdfsi.o)
                0x20000e50                __aeabi_d2uiz
                0x20000e50                __fixunsdfsi
 .text          0x20000ea4       0xa0 c:/isis/application/toolchain/bin/../lib/gcc/arm-none-eabi/4.7.4\libgcc.a(_arm_truncdfsf2.o)
                0x20000ea4                __truncdfsf2
                0x20000ea4                __aeabi_d2f
 .text          0x20000f44      0x2ac c:/isis/application/toolchain/bin/../lib/gcc/arm-none-eabi/4.7.4\libgcc.a(_arm_addsubsf3.o)
                0x20000f44                __aeabi_frsub
                0x20000f4c                __subsf3
                0x20000f4c                __aeabi_fsub
                0x20000f50                __aeabi_fadd
                0x20000f50                __addsf3
                0x2000110c                __aeabi_ui2f
                0x2000110c                __floatunsisf
                0x20001114                __aeabi_i2f
                0x20001114                __floatsisf
                0x20001134                __aeabi_ul2f
                0x20001134                __floatundisf
                0x20001144                __aeabi_l2f
                0x20001144                __floatdisf
 .text          0x200011f0      0x2f8 c:/isis/application/toolchain/bin/../lib/gcc/arm-none-eabi/4.7.4\libgcc.a(_arm_muldivsf3.o)
                0x200011f0                __mulsf3
                0x200011f0                __aeabi_fmul
                0x20001388                __aeabi_fdiv
                0x20001388                __divsf3
 .text          0x200014e8       0x54 c:/isis/application/toolchain/bin/../lib/gcc/arm-none-eabi/4.7.4\libgcc.a(_arm_fixunssfsi.o)
                0x200014e8                __fixunssfsi
                0x200014e8                __aeabi_f2uiz
 *(.text*)
 .text.__cvt    0x2000153c      0x138 c:/isis/application/toolchain/bin/../lib/gcc/arm-none-eabi/4.7.4/../../../../arm-none-eabi/lib\libc_s.a(lib_a-vfprintf_float.o)
                0x2000153c                __cvt
 .text.__exponent
                0x20001674       0xa8 c:/isis/application/toolchain/bin/../lib/gcc/arm-none-eabi/4.7.4/../../../../arm-none-eabi/lib\libc_s.a(lib_a-vfprintf_float.o)
                0x20001674                __exponent
 .text._printf_float
                0x2000171c      0x7dc c:/isis/application/toolchain/bin/../lib/gcc/arm-none-eabi/4.7.4/../../../../arm-none-eabi/lib\libc_s.a(lib_a-vfprintf_float.o)
                0x2000171c                _printf_float
 .text._printf_common
                0x20001ef8      0x174 c:/isis/application/toolchain/bin/../lib/gcc/arm-none-eabi/4.7.4/../../../../arm-none-eabi/lib\libc_s.a(lib_a-vfprintf_i.o)
                0x20001ef8                _printf_common
 .text._printf_i
                0x2000206c      0x3c4 c:/isis/application/toolchain/bin/../lib/gcc/arm-none-eabi/4.7.4/../../../../arm-none-eabi/lib\libc_s.a(lib_a-vfprintf_i.o)
                0x2000206c                _printf_i
 .text._scanf_float
                0x20002430      0x5f4 c:/isis/application/toolchain/bin/../lib/gcc/arm-none-eabi/4.7.4/../../../../arm-none-eabi/lib\libc_s.a(lib_a-vfscanf_float.o)
                0x20002430                _scanf_float
 .text.quorem   0x20002a24      0x1ac c:/isis/application/toolchain/bin/../lib/gcc/arm-none-eabi/4.7.4/../../../../arm-none-eabi/lib\libc_s.a(lib_a-dtoa.o)
 .text._dtoa_r  0x20002bd0     0x1268 c:/isis/application/toolchain/bin/../lib/gcc/arm-none-eabi/4.7.4/../../../../arm-none-eabi/lib\libc_s.a(lib_a-dtoa.o)
                0x20002bd0                _dtoa_r
 .text._localeconv_r
                0x20003e38        0xc c:/isis/application/toolchain/bin/../lib/gcc/arm-none-eabi/4.7.4/../../../../arm-none-eabi/lib\libc_s.a(lib_a-locale.o)
                0x20003e38                _localeconv_r
 .text.malloc   0x20003e44       0x20 c:/isis/application/toolchain/bin/../lib/gcc/arm-none-eabi/4.7.4/../../../../arm-none-eabi/lib\libc_s.a(lib_a-malloc.o)
                0x20003e44                malloc
 .text.free     0x20003e64       0x20 c:/isis/application/toolchain/bin/../lib/gcc/arm-none-eabi/4.7.4/../../../../arm-none-eabi/lib\libc_s.a(lib_a-malloc.o)
                0x20003e64                free
 .text._malloc_r
                0x20003e84       0xfc c:/isis/application/toolchain/bin/../lib/gcc/arm-none-eabi/4.7.4/../../../../arm-none-eabi/lib\libc_s.a(lib_a-mallocr.o)
                0x20003e84                _malloc_r
 .text.memcpy   0x20003f80       0x20 c:/isis/application/toolchain/bin/../lib/gcc/arm-none-eabi/4.7.4/../../../../arm-none-eabi/lib\libc_s.a(lib_a-memcpy.o)
                0x20003f80                memcpy
 .text._Balloc  0x20003fa0       0xcc c:/isis/application/toolchain/bin/../lib/gcc/arm-none-eabi/4.7.4/../../../../arm-none-eabi/lib\libc_s.a(lib_a-mprec.o)
                0x20003fa0                _Balloc
 .text._Bfree   0x2000406c       0x5c c:/isis/application/toolchain/bin/../lib/gcc/arm-none-eabi/4.7.4/../../../../arm-none-eabi/lib\libc_s.a(lib_a-mprec.o)
                0x2000406c                _Bfree
 .text.__multadd
                0x200040c8       0xbc c:/isis/application/toolchain/bin/../lib/gcc/arm-none-eabi/4.7.4/../../../../arm-none-eabi/lib\libc_s.a(lib_a-mprec.o)
                0x200040c8                __multadd
 .text.__s2b    0x20004184       0xd8 c:/isis/application/toolchain/bin/../lib/gcc/arm-none-eabi/4.7.4/../../../../arm-none-eabi/lib\libc_s.a(lib_a-mprec.o)
                0x20004184                __s2b
 .text.__hi0bits
                0x2000425c       0x58 c:/isis/application/toolchain/bin/../lib/gcc/arm-none-eabi/4.7.4/../../../../arm-none-eabi/lib\libc_s.a(lib_a-mprec.o)
                0x2000425c                __hi0bits
 .text.__lo0bits
                0x200042b4       0x94 c:/isis/application/toolchain/bin/../lib/gcc/arm-none-eabi/4.7.4/../../../../arm-none-eabi/lib\libc_s.a(lib_a-mprec.o)
                0x200042b4                __lo0bits
 .text.__i2b    0x20004348       0x24 c:/isis/application/toolchain/bin/../lib/gcc/arm-none-eabi/4.7.4/../../../../arm-none-eabi/lib\libc_s.a(lib_a-mprec.o)
                0x20004348                __i2b
 .text.__multiply
                0x2000436c      0x1ac c:/isis/application/toolchain/bin/../lib/gcc/arm-none-eabi/4.7.4/../../../../arm-none-eabi/lib\libc_s.a(lib_a-mprec.o)
                0x2000436c                __multiply
 .text.__pow5mult
                0x20004518      0x10c c:/isis/application/toolchain/bin/../lib/gcc/arm-none-eabi/4.7.4/../../../../arm-none-eabi/lib\libc_s.a(lib_a-mprec.o)
                0x20004518                __pow5mult
 .text.__lshift
                0x20004624       0xf0 c:/isis/application/toolchain/bin/../lib/gcc/arm-none-eabi/4.7.4/../../../../arm-none-eabi/lib\libc_s.a(lib_a-mprec.o)
                0x20004624                __lshift
 .text.__mcmp   0x20004714       0x60 c:/isis/application/toolchain/bin/../lib/gcc/arm-none-eabi/4.7.4/../../../../arm-none-eabi/lib\libc_s.a(lib_a-mprec.o)
                0x20004714                __mcmp
 .text.__mdiff  0x20004774      0x128 c:/isis/application/toolchain/bin/../lib/gcc/arm-none-eabi/4.7.4/../../../../arm-none-eabi/lib\libc_s.a(lib_a-mprec.o)
                0x20004774                __mdiff
 .text.__ulp    0x2000489c       0x5c c:/isis/application/toolchain/bin/../lib/gcc/arm-none-eabi/4.7.4/../../../../arm-none-eabi/lib\libc_s.a(lib_a-mprec.o)
                0x2000489c                __ulp
 .text.__b2d    0x200048f8       0xc8 c:/isis/application/toolchain/bin/../lib/gcc/arm-none-eabi/4.7.4/../../../../arm-none-eabi/lib\libc_s.a(lib_a-mprec.o)
                0x200048f8                __b2d
 .text.__d2b    0x200049c0       0xfc c:/isis/application/toolchain/bin/../lib/gcc/arm-none-eabi/4.7.4/../../../../arm-none-eabi/lib\libc_s.a(lib_a-mprec.o)
                0x200049c0                __d2b
 .text.__ratio  0x20004abc       0x70 c:/isis/application/toolchain/bin/../lib/gcc/arm-none-eabi/4.7.4/../../../../arm-none-eabi/lib\libc_s.a(lib_a-mprec.o)
                0x20004abc                __ratio
 .text.__copybits
                0x20004b2c       0x4c c:/isis/application/toolchain/bin/../lib/gcc/arm-none-eabi/4.7.4/../../../../arm-none-eabi/lib\libc_s.a(lib_a-mprec.o)
                0x20004b2c                __copybits
 .text.__any_on
                0x20004b78       0x7c c:/isis/application/toolchain/bin/../lib/gcc/arm-none-eabi/4.7.4/../../../../arm-none-eabi/lib\libc_s.a(lib_a-mprec.o)
                0x20004b78                __any_on
 .text.__fpclassifyd
                0x20004bf4       0x6c c:/isis/application/toolchain/bin/../lib/gcc/arm-none-eabi/4.7.4/../../../../arm-none-eabi/lib\libc_s.a(lib_a-s_fpclassify.o)
                0x20004bf4                __fpclassifyd
 .text._sbrk_r  0x20004c60       0x3c c:/isis/application/toolchain/bin/../lib/gcc/arm-none-eabi/4.7.4/../../../../arm-none-eabi/lib\libc_s.a(lib_a-sbrkr.o)
                0x20004c60                _sbrk_r
 .text.nanf     0x20004c9c        0xc c:/isis/application/toolchain/bin/../lib/gcc/arm-none-eabi/4.7.4/../../../../arm-none-eabi/lib\libc_s.a(lib_a-sf_nan.o)
                0x20004c9c                nanf
 .text.sprintf  0x20004ca8       0x6c c:/isis/application/toolchain/bin/../lib/gcc/arm-none-eabi/4.7.4/../../../../arm-none-eabi/lib\libc_s.a(lib_a-sprintf.o)
                0x20004ca8                siprintf
                0x20004ca8                sprintf
 .text.strcmp   0x20004d14       0x1c c:/isis/application/toolchain/bin/../lib/gcc/arm-none-eabi/4.7.4/../../../../arm-none-eabi/lib\libc_s.a(lib_a-strcmp.o)
                0x20004d14                strcmp
 .text.strlen   0x20004d30       0x1c c:/isis/application/toolchain/bin/../lib/gcc/arm-none-eabi/4.7.4/../../../../arm-none-eabi/lib\libc_s.a(lib_a-strlen.o)
                0x20004d30                strlen
 .text.match    0x20004d4c       0x54 c:/isis/application/toolchain/bin/../lib/gcc/arm-none-eabi/4.7.4/../../../../arm-none-eabi/lib\libc_s.a(lib_a-strtod.o)
 .text._strtod_r
                0x20004da0     0x1168 c:/isis/application/toolchain/bin/../lib/gcc/arm-none-eabi/4.7.4/../../../../arm-none-eabi/lib\libc_s.a(lib_a-strtod.o)
                0x20004da0                _strtod_r
 .text._strtol_r
                0x20005f08      0x1b8 c:/isis/application/toolchain/bin/../lib/gcc/arm-none-eabi/4.7.4/../../../../arm-none-eabi/lib\libc_s.a(lib_a-strtol.o)
                0x20005f08                _strtol_r
 .text.__ssputc_r
                0x200060c0      0x10c c:/isis/application/toolchain/bin/../lib/gcc/arm-none-eabi/4.7.4/../../../../arm-none-eabi/lib\libc_s.a(lib_a-svfprintf.o)
                0x200060c0                __ssputc_r
 .text._svfprintf_r
                0x200061cc      0x328 c:/isis/application/toolchain/bin/../lib/gcc/arm-none-eabi/4.7.4/../../../../arm-none-eabi/lib\libc_s.a(lib_a-svfprintf.o)
                0x200061cc                _svfiprintf_r
                0x200061cc                _svfprintf_r
 .text._calloc_r
                0x200064f4       0x2c c:/isis/application/toolchain/bin/../lib/gcc/arm-none-eabi/4.7.4/../../../../arm-none-eabi/lib\libc_s.a(lib_a-callocr.o)
                0x200064f4                _calloc_r
 .text._free_r  0x20006520      0x108 c:/isis/application/toolchain/bin/../lib/gcc/arm-none-eabi/4.7.4/../../../../arm-none-eabi/lib\libc_s.a(lib_a-freer.o)
                0x20006520                _free_r
 .text.rshift   0x20006628       0xb0 c:/isis/application/toolchain/bin/../lib/gcc/arm-none-eabi/4.7.4/../../../../arm-none-eabi/lib\libc_s.a(lib_a-gdtoa-gethex.o)
 .text.htinit.constprop.0
                0x200066d8       0x34 c:/isis/application/toolchain/bin/../lib/gcc/arm-none-eabi/4.7.4/../../../../arm-none-eabi/lib\libc_s.a(lib_a-gdtoa-gethex.o)
 .text.__hexdig_init
                0x2000670c       0x38 c:/isis/application/toolchain/bin/../lib/gcc/arm-none-eabi/4.7.4/../../../../arm-none-eabi/lib\libc_s.a(lib_a-gdtoa-gethex.o)
                0x2000670c                __hexdig_init
 .text.__gethex
                0x20006744      0x6cc c:/isis/application/toolchain/bin/../lib/gcc/arm-none-eabi/4.7.4/../../../../arm-none-eabi/lib\libc_s.a(lib_a-gdtoa-gethex.o)
                0x20006744                __gethex
 .text.L_shift  0x20006e10       0x38 c:/isis/application/toolchain/bin/../lib/gcc/arm-none-eabi/4.7.4/../../../../arm-none-eabi/lib\libc_s.a(lib_a-gdtoa-hexnan.o)
 .text.__hexnan
                0x20006e48      0x1d8 c:/isis/application/toolchain/bin/../lib/gcc/arm-none-eabi/4.7.4/../../../../arm-none-eabi/lib\libc_s.a(lib_a-gdtoa-hexnan.o)
                0x20006e48                __hexnan
 .text.memchr   0x20007020       0x34 c:/isis/application/toolchain/bin/../lib/gcc/arm-none-eabi/4.7.4/../../../../arm-none-eabi/lib\libc_s.a(lib_a-memchr.o)
                0x20007020                memchr
 .text.memset   0x20007054       0x1c c:/isis/application/toolchain/bin/../lib/gcc/arm-none-eabi/4.7.4/../../../../arm-none-eabi/lib\libc_s.a(lib_a-memset.o)
                0x20007054                memset
 .text._realloc_r
                0x20007070       0x80 c:/isis/application/toolchain/bin/../lib/gcc/arm-none-eabi/4.7.4/../../../../arm-none-eabi/lib\libc_s.a(lib_a-reallocr.o)
                0x20007070                _realloc_r
 .text.strncmp  0x200070f0       0x64 c:/isis/application/toolchain/bin/../lib/gcc/arm-none-eabi/4.7.4/../../../../arm-none-eabi/lib\libc_s.a(lib_a-strncmp.o)
                0x200070f0                strncmp
 .text._malloc_usable_size_r
                0x20007154       0x1c c:/isis/application/toolchain/bin/../lib/gcc/arm-none-eabi/4.7.4/../../../../arm-none-eabi/lib\libc_s.a(lib_a-msizer.o)
                0x20007154                _malloc_usable_size_r
 .text.cmd_mute
                0x20007170       0xc4 ./src/sub-systemCode/Main/CMD/COMM_CMD.o
                0x20007170                cmd_mute
 .text.cmd_unmute
                0x20007234       0x4c ./src/sub-systemCode/Main/CMD/COMM_CMD.o
                0x20007234                cmd_unmute
 .text.cmd_active_trans
                0x20007280       0xc0 ./src/sub-systemCode/Main/CMD/COMM_CMD.o
                0x20007280                cmd_active_trans
 .text.cmd_shut_trans
                0x20007340       0x38 ./src/sub-systemCode/Main/CMD/COMM_CMD.o
                0x20007340                cmd_shut_trans
 .text.cmd_change_trans_rssi
                0x20007378       0xb8 ./src/sub-systemCode/Main/CMD/COMM_CMD.o
                0x20007378                cmd_change_trans_rssi
 .text.cmd_aprs_dump
                0x20007430       0x50 ./src/sub-systemCode/Main/CMD/COMM_CMD.o
                0x20007430                cmd_aprs_dump
 .text.cmd_stop_dump
                0x20007480       0x38 ./src/sub-systemCode/Main/CMD/COMM_CMD.o
                0x20007480                cmd_stop_dump
 .text.cmd_time_frequency
                0x200074b8       0xc0 ./src/sub-systemCode/Main/CMD/COMM_CMD.o
                0x200074b8                cmd_time_frequency
 .text.cmd_change_def_bit_rate
                0x20007578      0x158 ./src/sub-systemCode/Main/CMD/COMM_CMD.o
                0x20007578                cmd_change_def_bit_rate
 .text.cmd_upload_volt_logic
                0x200076d0      0x3d0 ./src/sub-systemCode/Main/CMD/EPS_CMD.o
                0x200076d0                cmd_upload_volt_logic
 .text.cmd_upload_volt_COMM
                0x20007aa0      0x1c8 ./src/sub-systemCode/Main/CMD/EPS_CMD.o
                0x20007aa0                cmd_upload_volt_COMM
 .text.cmd_heater_temp
                0x20007c68       0xc0 ./src/sub-systemCode/Main/CMD/EPS_CMD.o
                0x20007c68                cmd_heater_temp
 .text.cmd_SHUT_CAM
                0x20007d28       0x6c ./src/sub-systemCode/Main/CMD/EPS_CMD.o
                0x20007d28                cmd_SHUT_CAM
 .text.cmd_SHUT_ADCS
                0x20007d94       0x6c ./src/sub-systemCode/Main/CMD/EPS_CMD.o
                0x20007d94                cmd_SHUT_ADCS
 .text.cmd_allow_CAM
                0x20007e00       0x6c ./src/sub-systemCode/Main/CMD/EPS_CMD.o
                0x20007e00                cmd_allow_CAM
 .text.cmd_allow_ADCS
                0x20007e6c       0x6c ./src/sub-systemCode/Main/CMD/EPS_CMD.o
                0x20007e6c                cmd_allow_ADCS
 .text.cmd_generic_I2C
                0x20007ed8       0xb4 ./src/sub-systemCode/Main/CMD/General_CMD.o
                0x20007ed8                cmd_generic_I2C
 .text.cmd_dump
                0x20007f8c       0xf0 ./src/sub-systemCode/Main/CMD/General_CMD.o
                0x20007f8c                cmd_dump
 .text.cmd_delete_TM
                0x2000807c      0x1dc ./src/sub-systemCode/Main/CMD/General_CMD.o
                0x2000807c                cmd_delete_TM
 .text.cmd_reset_file
                0x20008258      0x110 ./src/sub-systemCode/Main/CMD/General_CMD.o
                0x20008258                cmd_reset_file
 .text.cmd_dummy_func
                0x20008368       0x40 ./src/sub-systemCode/Main/CMD/General_CMD.o
                0x20008368                cmd_dummy_func
 .text.cmd_soft_reset_cmponent
                0x200083a8       0xb0 ./src/sub-systemCode/Main/CMD/General_CMD.o
                0x200083a8                cmd_soft_reset_cmponent
 .text.cmd_hard_reset_cmponent
                0x20008458       0xb0 ./src/sub-systemCode/Main/CMD/General_CMD.o
                0x20008458                cmd_hard_reset_cmponent
 .text.cmd_reset_satellite
                0x20008508       0x78 ./src/sub-systemCode/Main/CMD/General_CMD.o
                0x20008508                cmd_reset_satellite
 .text.cmd_gracefull_reset_satellite
                0x20008580       0x78 ./src/sub-systemCode/Main/CMD/General_CMD.o
                0x20008580                cmd_gracefull_reset_satellite
 .text.cmd_upload_time
                0x200085f8       0xb0 ./src/sub-systemCode/Main/CMD/General_CMD.o
                0x200085f8                cmd_upload_time
 .text.cmd_ARM_DIARM
                0x200086a8       0xd4 ./src/sub-systemCode/Main/CMD/General_CMD.o
                0x200086a8                cmd_ARM_DIARM
 .text.cmd_get_onlineTM
                0x2000877c       0xb8 ./src/sub-systemCode/Main/CMD/General_CMD.o
                0x2000877c                cmd_get_onlineTM
 .text.cmd_reset_off_line
                0x20008834       0x68 ./src/sub-systemCode/Main/CMD/General_CMD.o
                0x20008834                cmd_reset_off_line
 .text.cmd_add_item_off_line
                0x2000889c       0xf0 ./src/sub-systemCode/Main/CMD/General_CMD.o
                0x2000889c                cmd_add_item_off_line
 .text.cmd_reset_delayed_command_list
                0x2000898c       0x3c ./src/sub-systemCode/Main/CMD/SW_CMD.o
                0x2000898c                cmd_reset_delayed_command_list
 .text.cmd_reset_APRS_list
                0x200089c8       0x3c ./src/sub-systemCode/Main/CMD/SW_CMD.o
                0x200089c8                cmd_reset_APRS_list
 .text.cmd_reset_FRAM
                0x20008a04       0xe8 ./src/sub-systemCode/Main/CMD/SW_CMD.o
                0x20008a04                cmd_reset_FRAM
 .text.ARM_ants
                0x20008aec       0xb8 ./src/sub-systemCode/Main/Ants.o
                0x20008aec                ARM_ants
 .text.DISARM_ants
                0x20008ba4       0xb8 ./src/sub-systemCode/Main/Ants.o
                0x20008ba4                DISARM_ants
 .text.round_vol
                0x20008c5c      0x124 ./src/sub-systemCode/Main/EPS.o
                0x20008c5c                round_vol
 .text.get_shut_ADCS
                0x20008d80       0x48 ./src/sub-systemCode/Main/EPS.o
                0x20008d80                get_shut_ADCS
 .text.shut_ADCS
                0x20008dc8       0x44 ./src/sub-systemCode/Main/EPS.o
                0x20008dc8                shut_ADCS
 .text.get_shut_CAM
                0x20008e0c       0x48 ./src/sub-systemCode/Main/EPS.o
                0x20008e0c                get_shut_CAM
 .text.shut_CAM
                0x20008e54       0x44 ./src/sub-systemCode/Main/EPS.o
                0x20008e54                shut_CAM
 .text.update_powerLines
                0x20008e98       0xec ./src/sub-systemCode/Main/EPS.o
                0x20008e98                update_powerLines
 .text.init_enterMode
                0x20008f84       0x88 ./src/sub-systemCode/Main/EPS.o
                0x20008f84                init_enterMode
 .text.EPS_Init
                0x2000900c      0x1c8 ./src/sub-systemCode/Main/EPS.o
                0x2000900c                EPS_Init
 .text.reset_FRAM_EPS
                0x200091d4       0xa4 ./src/sub-systemCode/Main/EPS.o
                0x200091d4                reset_FRAM_EPS
 .text.reset_EPS_voltages
                0x20009278       0xbc ./src/sub-systemCode/Main/EPS.o
                0x20009278                reset_EPS_voltages
 .text.battery_downward
                0x20009334      0x114 ./src/sub-systemCode/Main/EPS.o
                0x20009334                battery_downward
 .text.battery_upward
                0x20009448      0x120 ./src/sub-systemCode/Main/EPS.o
                0x20009448                battery_upward
 .text.EPS_Conditioning
                0x20009568      0x1a4 ./src/sub-systemCode/Main/EPS.o
                0x20009568                EPS_Conditioning
 .text.overRide_ADCS
                0x2000970c       0x50 ./src/sub-systemCode/Main/EPS.o
                0x2000970c                overRide_ADCS
 .text.overRide_Camera
                0x2000975c       0x38 ./src/sub-systemCode/Main/EPS.o
                0x2000975c                overRide_Camera
 .text.EnterFullMode
                0x20009794       0xfc ./src/sub-systemCode/Main/EPS.o
                0x20009794                EnterFullMode
 .text.EnterCruiseMode
                0x20009890       0xec ./src/sub-systemCode/Main/EPS.o
                0x20009890                EnterCruiseMode
 .text.EnterSafeMode
                0x2000997c       0xec ./src/sub-systemCode/Main/EPS.o
                0x2000997c                EnterSafeMode
 .text.EnterCriticalMode
                0x20009a68       0xd8 ./src/sub-systemCode/Main/EPS.o
                0x20009a68                EnterCriticalMode
 .text.find_fileName
                0x20009b40      0x5e4 ./src/sub-systemCode/Main/HouseKeeping.o
                0x20009b40                find_fileName
 .text.size_of_element
                0x2000a124      0x108 ./src/sub-systemCode/Main/HouseKeeping.o
                0x2000a124                size_of_element
 .text.save_ACK
                0x2000a22c       0xa0 ./src/sub-systemCode/Main/HouseKeeping.o
                0x2000a22c                save_ACK
 .text.set_GP_EPS
                0x2000a2cc      0x10c ./src/sub-systemCode/Main/HouseKeeping.o
                0x2000a2cc                set_GP_EPS
 .text.set_GP_COMM
                0x2000a3d8       0x88 ./src/sub-systemCode/Main/HouseKeeping.o
                0x2000a3d8                set_GP_COMM
 .text.SP_HK_collect
                0x2000a460      0x17c ./src/sub-systemCode/Main/HouseKeeping.o
                0x2000a460                SP_HK_collect
 .text.EPS_HK_collect
                0x2000a5dc      0x4d8 ./src/sub-systemCode/Main/HouseKeeping.o
                0x2000a5dc                EPS_HK_collect
 .text.CAM_HK_collect
                0x2000aab4      0x91c ./src/sub-systemCode/Main/HouseKeeping.o
                0x2000aab4                CAM_HK_collect
 .text.COMM_HK_collect
                0x2000b3d0      0x154 ./src/sub-systemCode/Main/HouseKeeping.o
                0x2000b3d0                COMM_HK_collect
 .text.COMM_create_file
                0x2000b524       0x74 ./src/sub-systemCode/Main/HouseKeeping.o
                0x2000b524                COMM_create_file
 .text.ACK_create_file
                0x2000b598       0x74 ./src/sub-systemCode/Main/HouseKeeping.o
                0x2000b598                ACK_create_file
 .text.EPS_create_file
                0x2000b60c       0x74 ./src/sub-systemCode/Main/HouseKeeping.o
                0x2000b60c                EPS_create_file
 .text.CAM_create_file
                0x2000b680       0x54 ./src/sub-systemCode/Main/HouseKeeping.o
                0x2000b680                CAM_create_file
 .text.SP_create_file
                0x2000b6d4       0x54 ./src/sub-systemCode/Main/HouseKeeping.o
                0x2000b6d4                SP_create_file
 .text.create_files
                0x2000b728       0x48 ./src/sub-systemCode/Main/HouseKeeping.o
                0x2000b728                create_files
 .text.save_SP_HK
                0x2000b770       0x70 ./src/sub-systemCode/Main/HouseKeeping.o
                0x2000b770                save_SP_HK
 .text.save_EPS_HK
                0x2000b7e0       0x70 ./src/sub-systemCode/Main/HouseKeeping.o
                0x2000b7e0                save_EPS_HK
 .text.save_CAM_HK
                0x2000b850       0x84 ./src/sub-systemCode/Main/HouseKeeping.o
                0x2000b850                save_CAM_HK
 .text.save_COMM_HK
                0x2000b8d4       0x70 ./src/sub-systemCode/Main/HouseKeeping.o
                0x2000b8d4                save_COMM_HK
 .text.EPS_HK_raw_BigEnE
                0x2000b944      0x194 ./src/sub-systemCode/Main/HouseKeeping.o
                0x2000b944                EPS_HK_raw_BigEnE
 .text.CAM_HK_raw_BigEnE
                0x2000bad8      0x194 ./src/sub-systemCode/Main/HouseKeeping.o
                0x2000bad8                CAM_HK_raw_BigEnE
 .text.COMM_HK_raw_BigEnE
                0x2000bc6c      0x194 ./src/sub-systemCode/Main/HouseKeeping.o
                0x2000bc6c                COMM_HK_raw_BigEnE
 .text.ADCS_HK_raw_BigEnE
                0x2000be00      0x194 ./src/sub-systemCode/Main/HouseKeeping.o
                0x2000be00                ADCS_HK_raw_BigEnE
 .text.ADCS_SC_raw_BigEnE
                0x2000bf94      0x188 ./src/sub-systemCode/Main/HouseKeeping.o
                0x2000bf94                ADCS_SC_raw_BigEnE
 .text.build_HK_spl_packet
                0x2000c11c      0xa2c ./src/sub-systemCode/Main/HouseKeeping.o
                0x2000c11c                build_HK_spl_packet
 .text.HouseKeeping_highRate_Task
                0x2000cb48       0x60 ./src/sub-systemCode/Main/HouseKeeping.o
                0x2000cb48                HouseKeeping_highRate_Task
 .text.HouseKeeping_lowRate_Task
                0x2000cba8       0x5c ./src/sub-systemCode/Main/HouseKeeping.o
                0x2000cba8                HouseKeeping_lowRate_Task
 .text.test_menu
                0x2000cc04       0xd8 ./src/sub-systemCode/Main/Main_Init.o
                0x2000cc04                test_menu
 .text.numberOfRestarts
                0x2000ccdc       0x94 ./src/sub-systemCode/Main/Main_Init.o
                0x2000ccdc                numberOfRestarts
 .text.StartFRAM
                0x2000cd70       0x38 ./src/sub-systemCode/Main/Main_Init.o
                0x2000cd70                StartFRAM
 .text.StartI2C
                0x2000cda8       0x44 ./src/sub-systemCode/Main/Main_Init.o
                0x2000cda8                StartI2C
 .text.StartSPI
                0x2000cdec       0x40 ./src/sub-systemCode/Main/Main_Init.o
                0x2000cdec                StartSPI
 .text.StartTIME
                0x2000ce2c      0x118 ./src/sub-systemCode/Main/Main_Init.o
                0x2000ce2c                StartTIME
 .text.first_activation
                0x2000cf44       0x78 ./src/sub-systemCode/Main/Main_Init.o
                0x2000cf44                first_activation
 .text.InitSubsystems
                0x2000cfbc       0x68 ./src/sub-systemCode/Main/Main_Init.o
                0x2000cfbc                InitSubsystems
 .text.SubSystemTaskStart
                0x2000d024      0x11c ./src/sub-systemCode/Main/Main_Init.o
                0x2000d024                SubSystemTaskStart
 .text.copy_command
                0x2000d140       0x80 ./src/sub-systemCode/Main/commands.o
                0x2000d140                copy_command
 .text.reset_command
                0x2000d1c0       0x28 ./src/sub-systemCode/Main/commands.o
                0x2000d1c0                reset_command
 .text.init_command
                0x2000d1e8       0xd4 ./src/sub-systemCode/Main/commands.o
                0x2000d1e8                init_command
 .text.add_command
                0x2000d2bc      0x138 ./src/sub-systemCode/Main/commands.o
                0x2000d2bc                add_command
 .text.get_command
                0x2000d3f4      0x1cc ./src/sub-systemCode/Main/commands.o
                0x2000d3f4                get_command
 .text.act_upon_command
                0x2000d5c0      0x240 ./src/sub-systemCode/Main/commands.o
                0x2000d5c0                act_upon_command
 .text.cmd_error
                0x2000d800       0x38 ./src/sub-systemCode/Main/commands.o
                0x2000d800                cmd_error
 .text.AUC_COMM
                0x2000d838      0x25c ./src/sub-systemCode/Main/commands.o
                0x2000d838                AUC_COMM
 .text.AUC_general
                0x2000da94      0x17c ./src/sub-systemCode/Main/commands.o
                0x2000da94                AUC_general
 .text.AUC_payload
                0x2000dc10      0x110 ./src/sub-systemCode/Main/commands.o
                0x2000dc10                AUC_payload
 .text.AUC_EPS  0x2000dd20      0x248 ./src/sub-systemCode/Main/commands.o
                0x2000dd20                AUC_EPS
 .text.AUC_ADCS
                0x2000df68       0x5c ./src/sub-systemCode/Main/commands.o
                0x2000df68                AUC_ADCS
 .text.AUC_GS   0x2000dfc4      0x1fc ./src/sub-systemCode/Main/commands.o
                0x2000dfc4                AUC_GS
 .text.AUC_SW   0x2000e1c0       0xe4 ./src/sub-systemCode/Main/commands.o
                0x2000e1c0                AUC_SW
 .text.AUC_onlineTM
                0x2000e2a4      0x16c ./src/sub-systemCode/Main/commands.o
                0x2000e2a4                AUC_onlineTM
 .text.AUC_special_operation
                0x2000e410       0x8c ./src/sub-systemCode/Main/commands.o
                0x2000e410                AUC_special_operation
 .text.check_int
                0x2000e49c       0x3c ./src/sub-systemCode/Global/Global.o
                0x2000e49c                check_int
 .text.check_portBASE_TYPE
                0x2000e4d8       0x3c ./src/sub-systemCode/Global/Global.o
                0x2000e4d8                check_portBASE_TYPE
 .text.soft_reset_subsystem
                0x2000e514       0xd8 ./src/sub-systemCode/Global/Global.o
                0x2000e514                soft_reset_subsystem
 .text.hard_reset_subsystem
                0x2000e5ec       0xfc ./src/sub-systemCode/Global/Global.o
                0x2000e5ec                hard_reset_subsystem
 .text.BigEnE_raw_to_uInt
                0x2000e6e8       0x94 ./src/sub-systemCode/Global/Global.o
                0x2000e6e8                BigEnE_raw_to_uInt
 .text.BigEnE_raw_to_uShort
                0x2000e77c       0x50 ./src/sub-systemCode/Global/Global.o
                0x2000e77c                BigEnE_raw_to_uShort
 .text.BigEnE_uInt_to_raw
                0x2000e7cc       0x78 ./src/sub-systemCode/Global/Global.o
                0x2000e7cc                BigEnE_uInt_to_raw
 .text.reset_FRAM_MAIN
                0x2000e844      0x19c ./src/sub-systemCode/Global/Global.o
                0x2000e844                reset_FRAM_MAIN
 .text.init_GP  0x2000e9e0      0x300 ./src/sub-systemCode/Global/GlobalParam.o
                0x2000e9e0                init_GP
 .text.get_system_state
                0x2000ece0      0x268 ./src/sub-systemCode/Global/GlobalParam.o
                0x2000ece0                get_system_state
 .text.set_system_state
                0x2000ef48      0x298 ./src/sub-systemCode/Global/GlobalParam.o
                0x2000ef48                set_system_state
 .text.get_current_global_param
                0x2000f1e0      0x5c8 ./src/sub-systemCode/Global/GlobalParam.o
                0x2000f1e0                get_current_global_param
 .text.set_Vbatt
                0x2000f7a8       0x8c ./src/sub-systemCode/Global/GlobalParam.o
                0x2000f7a8                set_Vbatt
 .text.get_Vbatt
                0x2000f834       0x8c ./src/sub-systemCode/Global/GlobalParam.o
                0x2000f834                get_Vbatt
 .text.set_curBat
                0x2000f8c0       0x8c ./src/sub-systemCode/Global/GlobalParam.o
                0x2000f8c0                set_curBat
 .text.set_cur3V3
                0x2000f94c       0x8c ./src/sub-systemCode/Global/GlobalParam.o
                0x2000f94c                set_cur3V3
 .text.set_cur5V
                0x2000f9d8       0x8c ./src/sub-systemCode/Global/GlobalParam.o
                0x2000f9d8                set_cur5V
 .text.set_tempComm_LO
                0x2000fa64       0x8c ./src/sub-systemCode/Global/GlobalParam.o
                0x2000fa64                set_tempComm_LO
 .text.set_tempComm_PA
                0x2000faf0       0x8c ./src/sub-systemCode/Global/GlobalParam.o
                0x2000faf0                set_tempComm_PA
 .text.set_tempEPS
                0x2000fb7c       0xc8 ./src/sub-systemCode/Global/GlobalParam.o
                0x2000fb7c                set_tempEPS
 .text.set_tempBatt
                0x2000fc44       0xc8 ./src/sub-systemCode/Global/GlobalParam.o
                0x2000fc44                set_tempBatt
 .text.set_RxDoppler
                0x2000fd0c       0x8c ./src/sub-systemCode/Global/GlobalParam.o
                0x2000fd0c                set_RxDoppler
 .text.set_RxRSSI
                0x2000fd98       0x8c ./src/sub-systemCode/Global/GlobalParam.o
                0x2000fd98                set_RxRSSI
 .text.set_TxRefl
                0x2000fe24       0x8c ./src/sub-systemCode/Global/GlobalParam.o
                0x2000fe24                set_TxRefl
 .text.set_TxForw
                0x2000feb0       0x8c ./src/sub-systemCode/Global/GlobalParam.o
                0x2000feb0                set_TxForw
 .text.get_ST   0x2000ff3c       0x8c ./src/sub-systemCode/Global/GlobalParam.o
                0x2000ff3c                get_ST
 .text.set_numOfAPRS
                0x2000ffc8       0x8c ./src/sub-systemCode/Global/GlobalParam.o
                0x2000ffc8                set_numOfAPRS
 .text.set_numOfDelayedCommand
                0x20010054       0x8c ./src/sub-systemCode/Global/GlobalParam.o
                0x20010054                set_numOfDelayedCommand
 .text.set_numOfResets
                0x200100e0       0xac ./src/sub-systemCode/Global/GlobalParam.o
                0x200100e0                set_numOfResets
 .text.set_ground_conn
                0x2001018c       0xa0 ./src/sub-systemCode/Global/GlobalParam.o
                0x2001018c                set_ground_conn
 .text.get_ground_conn
                0x2001022c       0xa0 ./src/sub-systemCode/Global/GlobalParam.o
                0x2001022c                get_ground_conn
 .text.IsisAntS_getStatusData_sideA
                0x200102cc       0x3c ./src/sub-systemCode/Global/OnlineTM.o
                0x200102cc                IsisAntS_getStatusData_sideA
 .text.IsisAntS_getAlltelemetry_sideA
                0x20010308       0x3c ./src/sub-systemCode/Global/OnlineTM.o
                0x20010308                IsisAntS_getAlltelemetry_sideA
 .text.IsisAntS_getTemperature_sideA
                0x20010344       0x3c ./src/sub-systemCode/Global/OnlineTM.o
                0x20010344                IsisAntS_getTemperature_sideA
 .text.IsisAntS_getStatusData_sideB
                0x20010380       0x3c ./src/sub-systemCode/Global/OnlineTM.o
                0x20010380                IsisAntS_getStatusData_sideB
 .text.IsisAntS_getAlltelemetry_sideB
                0x200103bc       0x3c ./src/sub-systemCode/Global/OnlineTM.o
                0x200103bc                IsisAntS_getAlltelemetry_sideB
 .text.IsisAntS_getTemperature_sideB
                0x200103f8       0x3c ./src/sub-systemCode/Global/OnlineTM.o
                0x200103f8                IsisAntS_getTemperature_sideB
 .text.get_item_by_index
                0x20010434       0xd8 ./src/sub-systemCode/Global/OnlineTM.o
                0x20010434                get_item_by_index
 .text.init_onlineParam
                0x2001050c      0xc80 ./src/sub-systemCode/Global/OnlineTM.o
                0x2001050c                init_onlineParam
 .text.reset_offline_TM_list
                0x2001118c       0x50 ./src/sub-systemCode/Global/OnlineTM.o
                0x2001118c                reset_offline_TM_list
 .text.get_online_packet
                0x200111dc      0x254 ./src/sub-systemCode/Global/OnlineTM.o
                0x200111dc                get_online_packet
 .text.save_onlineTM_param
                0x20011430      0x1d8 ./src/sub-systemCode/Global/OnlineTM.o
                0x20011430                save_onlineTM_param
 .text.add_onlineTM_param_to_save_list
                0x20011608      0x214 ./src/sub-systemCode/Global/OnlineTM.o
                0x20011608                add_onlineTM_param_to_save_list
 .text.save_onlineTM_logic
                0x2001181c      0x180 ./src/sub-systemCode/Global/OnlineTM.o
                0x2001181c                save_onlineTM_logic
 .text.save_onlineTM_task
                0x2001199c       0x38 ./src/sub-systemCode/Global/OnlineTM.o
                0x2001199c                save_onlineTM_task
 .text.delete_allTMFilesFromSD
                0x200119d4       0xf8 ./src/sub-systemCode/Global/TM_managment.o
                0x200119d4                delete_allTMFilesFromSD
 .text.getNumOfFilesInFS
                0x20011acc       0x44 ./src/sub-systemCode/Global/TM_managment.o
 .text.setNumOfFilesInFS
                0x20011b10       0x50 ./src/sub-systemCode/Global/TM_managment.o
 .text.InitializeFS
                0x20011b60      0x174 ./src/sub-systemCode/Global/TM_managment.o
                0x20011b60                InitializeFS
 .text.c_fileCreate
                0x20011cd4       0xf4 ./src/sub-systemCode/Global/TM_managment.o
                0x20011cd4                c_fileCreate
 .text.writewithEpochtime
                0x20011dc8       0x9c ./src/sub-systemCode/Global/TM_managment.o
 .text.get_C_FILE_struct
                0x20011e64      0x104 ./src/sub-systemCode/Global/TM_managment.o
 .text.getFileIndex
                0x20011f68       0x4c ./src/sub-systemCode/Global/TM_managment.o
 .text.get_file_name_by_index
                0x20011fb4       0x54 ./src/sub-systemCode/Global/TM_managment.o
                0x20011fb4                get_file_name_by_index
 .text.c_fileReset
                0x20012008       0xbc ./src/sub-systemCode/Global/TM_managment.o
                0x20012008                c_fileReset
 .text.c_fileWrite
                0x200120c4      0x11c ./src/sub-systemCode/Global/TM_managment.o
                0x200120c4                c_fileWrite
 .text.c_fileRead
                0x200121e0      0x28c ./src/sub-systemCode/Global/TM_managment.o
                0x200121e0                c_fileRead
 .text.reset_APRS_list
                0x2001246c       0xa4 ./src/sub-systemCode/COMM/APRS.o
                0x2001246c                reset_APRS_list
 .text.send_APRS_Dump
                0x20012510      0x1c0 ./src/sub-systemCode/COMM/APRS.o
                0x20012510                send_APRS_Dump
 .text.check_APRS
                0x200126d0      0x1a4 ./src/sub-systemCode/COMM/APRS.o
                0x200126d0                check_APRS
 .text.get_APRS_list
                0x20012874       0x88 ./src/sub-systemCode/COMM/APRS.o
                0x20012874                get_APRS_list
 .text.find_CMD_in_list
                0x200128fc       0x7c ./src/sub-systemCode/COMM/DelayedCommand_list.o
                0x200128fc                find_CMD_in_list
 .text.find_empty_in_list
                0x20012978       0x74 ./src/sub-systemCode/COMM/DelayedCommand_list.o
                0x20012978                find_empty_in_list
 .text.check_delayCommandTime
                0x200129ec       0x8c ./src/sub-systemCode/COMM/DelayedCommand_list.o
                0x200129ec                check_delayCommandTime
 .text.execute_delayedCommand
                0x20012a78       0x64 ./src/sub-systemCode/COMM/DelayedCommand_list.o
                0x20012a78                execute_delayedCommand
 .text.check_delaycommand
                0x20012adc      0x17c ./src/sub-systemCode/COMM/DelayedCommand_list.o
                0x20012adc                check_delaycommand
 .text.reset_delayCommand
                0x20012c58       0x8c ./src/sub-systemCode/COMM/DelayedCommand_list.o
                0x20012c58                reset_delayCommand
 .text.add_delayCommand
                0x20012ce4      0x1a4 ./src/sub-systemCode/COMM/DelayedCommand_list.o
                0x20012ce4                add_delayCommand
 .text.get_delayCommand_list
                0x20012e88       0x80 ./src/sub-systemCode/COMM/DelayedCommand_list.o
                0x20012e88                get_delayCommand_list
 .text.EmptyOldestCommand
                0x20012f08       0xfc ./src/sub-systemCode/COMM/DelayedCommand_list.o
                0x20012f08                EmptyOldestCommand
 .text.decode_TCpacket
                0x20013004      0x16c ./src/sub-systemCode/COMM/GSC.o
                0x20013004                decode_TCpacket
 .text.encode_TCpacket
                0x20013170      0x114 ./src/sub-systemCode/COMM/GSC.o
                0x20013170                encode_TCpacket
 .text.encode_TMpacket
                0x20013284      0x104 ./src/sub-systemCode/COMM/GSC.o
                0x20013284                encode_TMpacket
 .text.build_raw_ACK
                0x20013388       0xbc ./src/sub-systemCode/COMM/GSC.o
                0x20013388                build_raw_ACK
 .text.build_data_field_ACK
                0x20013444       0x74 ./src/sub-systemCode/COMM/GSC.o
                0x20013444                build_data_field_ACK
 .text.toggle_idle_state
                0x200134b8       0x64 ./src/sub-systemCode/COMM/TRXVU.o
                0x200134b8                toggle_idle_state
 .text.TRXVU_init_hardWare
                0x2001351c       0x98 ./src/sub-systemCode/COMM/TRXVU.o
                0x2001351c                TRXVU_init_hardWare
 .text.TRXVU_init_softWare
                0x200135b4      0x194 ./src/sub-systemCode/COMM/TRXVU.o
                0x200135b4                TRXVU_init_softWare
 .text.init_trxvu
                0x20013748       0x14 ./src/sub-systemCode/COMM/TRXVU.o
                0x20013748                init_trxvu
 .text.TRXVU_task
                0x2001375c       0x9c ./src/sub-systemCode/COMM/TRXVU.o
                0x2001375c                TRXVU_task
 .text.dump_logic
                0x200137f8      0x324 ./src/sub-systemCode/COMM/TRXVU.o
                0x200137f8                dump_logic
 .text.Dump_task
                0x20013b1c      0x16c ./src/sub-systemCode/COMM/TRXVU.o
                0x20013b1c                Dump_task
 .text.transponder_logic
                0x20013c88       0xbc ./src/sub-systemCode/COMM/TRXVU.o
                0x20013c88                transponder_logic
 .text.Transponder_task
                0x20013d44      0x1f4 ./src/sub-systemCode/COMM/TRXVU.o
                0x20013d44                Transponder_task
 .text.lookForRequestToDelete_transponder
                0x20013f38       0xac ./src/sub-systemCode/COMM/TRXVU.o
                0x20013f38                lookForRequestToDelete_transponder
 .text.lookForRequestToDelete_dump
                0x20013fe4       0x7c ./src/sub-systemCode/COMM/TRXVU.o
                0x20013fe4                lookForRequestToDelete_dump
 .text.sendRequestToStop_dump
                0x20014060       0x8c ./src/sub-systemCode/COMM/TRXVU.o
                0x20014060                sendRequestToStop_dump
 .text.sendRequestToStop_transponder
                0x200140ec       0x98 ./src/sub-systemCode/COMM/TRXVU.o
                0x200140ec                sendRequestToStop_transponder
 .text.Rx_logic
                0x20014184      0x184 ./src/sub-systemCode/COMM/TRXVU.o
                0x20014184                Rx_logic
 .text.pass_above_Ground
                0x20014308      0x104 ./src/sub-systemCode/COMM/TRXVU.o
                0x20014308                pass_above_Ground
 .text.trxvu_logic
                0x2001440c       0x1c ./src/sub-systemCode/COMM/TRXVU.o
                0x2001440c                trxvu_logic
 .text.Beacon_task
                0x20014428      0x170 ./src/sub-systemCode/COMM/TRXVU.o
                0x20014428                Beacon_task
 .text.buildAndSend_beacon
                0x20014598      0x604 ./src/sub-systemCode/COMM/TRXVU.o
                0x20014598                buildAndSend_beacon
 .text.reset_FRAM_TRXVU
                0x20014b9c       0xc0 ./src/sub-systemCode/COMM/TRXVU.o
                0x20014b9c                reset_FRAM_TRXVU
 .text.TRX_sendFrame
                0x20014c5c      0x1c0 ./src/sub-systemCode/COMM/TRXVU.o
                0x20014c5c                TRX_sendFrame
 .text.TRX_getFrameData
                0x20014e1c      0x128 ./src/sub-systemCode/COMM/TRXVU.o
                0x20014e1c                TRX_getFrameData
 .text.mute_Tx  0x20014f44       0x20 ./src/sub-systemCode/COMM/TRXVU.o
                0x20014f44                mute_Tx
 .text.unmute_Tx
                0x20014f64       0x60 ./src/sub-systemCode/COMM/TRXVU.o
                0x20014f64                unmute_Tx
 .text.check_time_off_mute
                0x20014fc4       0x88 ./src/sub-systemCode/COMM/TRXVU.o
                0x20014fc4                check_time_off_mute
 .text.set_mute_time
                0x2001504c       0xb4 ./src/sub-systemCode/COMM/TRXVU.o
                0x2001504c                set_mute_time
 .text.change_TRXVU_state
                0x20015100       0x98 ./src/sub-systemCode/COMM/TRXVU.o
                0x20015100                change_TRXVU_state
 .text.change_trans_RSSI
                0x20015198       0x60 ./src/sub-systemCode/COMM/TRXVU.o
                0x20015198                change_trans_RSSI
 .text.init_adcs
                0x200151f8      0x104 ./src/sub-systemCode/ADCS/ADCS.o
                0x200151f8                init_adcs
 .text.telemtryStart
                0x200152fc      0x16c ./src/sub-systemCode/ADCS/Stage_Table.o
                0x200152fc                telemtryStart
 .text.powerStart
                0x20015468       0x5c ./src/sub-systemCode/ADCS/Stage_Table.o
                0x20015468                powerStart
 .text.createTable
                0x200154c4       0xb4 ./src/sub-systemCode/ADCS/Stage_Table.o
                0x200154c4                createTable
 .text.buildControlMode
                0x20015578       0x60 ./src/sub-systemCode/ADCS/Stage_Table.o
                0x20015578                buildControlMode
 .text.Check_Table
                0x200155d8      0x178 ./src/sub-systemCode/ADCS/Stage_Table.o
                0x200155d8                Check_Table
 .text.updateTable
                0x20015750      0x1f0 ./src/sub-systemCode/ADCS/Stage_Table.o
                0x20015750                updateTable
 .text.translateCommandFULL
                0x20015940       0x78 ./src/sub-systemCode/ADCS/Stage_Table.o
                0x20015940                translateCommandFULL
 .text.getTableTo
                0x200159b8       0x64 ./src/sub-systemCode/ADCS/Stage_Table.o
                0x200159b8                getTableTo
 .text.save_time
                0x20015a1c       0x9c ./src/main.o
                0x20015a1c                save_time
 .text.Command_logic
                0x20015ab8       0x6c ./src/main.o
                0x20015ab8                Command_logic
 .text.taskMain
                0x20015b24       0x74 ./src/main.o
                0x20015b24                taskMain
 .text.main     0x20015b98       0xbc ./src/main.o
                0x20015b98                main
 .text.GomEpsInitialize
                0x20015c54      0x148 C:/Hoopoe3/satellite-subsystems/demo/..//satellite-subsystems/lib\libSatelliteSubsystemsD.a(GomEPS.o)
                0x20015c54                GomEpsInitialize
 .text.makeEPStransfer
                0x20015d9c       0x3c C:/Hoopoe3/satellite-subsystems/demo/..//satellite-subsystems/lib\libSatelliteSubsystemsD.a(GomEPS.o)
 .text.GomEpsSoftReset
                0x20015dd8       0xc4 C:/Hoopoe3/satellite-subsystems/demo/..//satellite-subsystems/lib\libSatelliteSubsystemsD.a(GomEPS.o)
                0x20015dd8                GomEpsSoftReset
 .text.GomEpsHardReset
                0x20015e9c       0xa8 C:/Hoopoe3/satellite-subsystems/demo/..//satellite-subsystems/lib\libSatelliteSubsystemsD.a(GomEPS.o)
                0x20015e9c                GomEpsHardReset
 .text.GomEpsGetHkData_param
                0x20015f44      0x29c C:/Hoopoe3/satellite-subsystems/demo/..//satellite-subsystems/lib\libSatelliteSubsystemsD.a(GomEPS.o)
                0x20015f44                GomEpsGetHkData_param
 .text.GomEpsGetHkData_general
                0x200161e0      0x45c C:/Hoopoe3/satellite-subsystems/demo/..//satellite-subsystems/lib\libSatelliteSubsystemsD.a(GomEPS.o)
                0x200161e0                GomEpsGetHkData_general
 .text.GomEpsGetHkData_vi
                0x2001663c      0x188 C:/Hoopoe3/satellite-subsystems/demo/..//satellite-subsystems/lib\libSatelliteSubsystemsD.a(GomEPS.o)
                0x2001663c                GomEpsGetHkData_vi
 .text.GomEpsGetHkData_out
                0x200167c4      0x21c C:/Hoopoe3/satellite-subsystems/demo/..//satellite-subsystems/lib\libSatelliteSubsystemsD.a(GomEPS.o)
                0x200167c4                GomEpsGetHkData_out
 .text.GomEpsGetHkData_wdt
                0x200169e0      0x2b4 C:/Hoopoe3/satellite-subsystems/demo/..//satellite-subsystems/lib\libSatelliteSubsystemsD.a(GomEPS.o)
                0x200169e0                GomEpsGetHkData_wdt
 .text.GomEpsGetHkData_basic
                0x20016c94      0x22c C:/Hoopoe3/satellite-subsystems/demo/..//satellite-subsystems/lib\libSatelliteSubsystemsD.a(GomEPS.o)
                0x20016c94                GomEpsGetHkData_basic
 .text.GomEpsSetOutput
                0x20016ec0       0xbc C:/Hoopoe3/satellite-subsystems/demo/..//satellite-subsystems/lib\libSatelliteSubsystemsD.a(GomEPS.o)
                0x20016ec0                GomEpsSetOutput
 .text.GomEpsConfigGet
                0x20016f7c      0x16c C:/Hoopoe3/satellite-subsystems/demo/..//satellite-subsystems/lib\libSatelliteSubsystemsD.a(GomEPS.o)
                0x20016f7c                GomEpsConfigGet
 .text.GomEpsConfigSet
                0x200170e8      0x184 C:/Hoopoe3/satellite-subsystems/demo/..//satellite-subsystems/lib\libSatelliteSubsystemsD.a(GomEPS.o)
                0x200170e8                GomEpsConfigSet
 .text.GomEpsConfig2Get
                0x2001726c      0x16c C:/Hoopoe3/satellite-subsystems/demo/..//satellite-subsystems/lib\libSatelliteSubsystemsD.a(GomEPS.o)
                0x2001726c                GomEpsConfig2Get
 .text.makeAntStransfer
                0x200173d8       0x4c C:/Hoopoe3/satellite-subsystems/demo/..//satellite-subsystems/lib\libSatelliteSubsystemsD.a(IsisAntS.o)
 .text.checkInputsValid
                0x20017424       0x7c C:/Hoopoe3/satellite-subsystems/demo/..//satellite-subsystems/lib\libSatelliteSubsystemsD.a(IsisAntS.o)
 .text.IsisAntS_setArmStatus
                0x200174a0      0x104 C:/Hoopoe3/satellite-subsystems/demo/..//satellite-subsystems/lib\libSatelliteSubsystemsD.a(IsisAntS.o)
                0x200174a0                IsisAntS_setArmStatus
 .text.IsisAntS_getStatusData
                0x200175a4      0x120 C:/Hoopoe3/satellite-subsystems/demo/..//satellite-subsystems/lib\libSatelliteSubsystemsD.a(IsisAntS.o)
                0x200175a4                IsisAntS_getStatusData
 .text.IsisAntS_getTemperature
                0x200176c4      0x120 C:/Hoopoe3/satellite-subsystems/demo/..//satellite-subsystems/lib\libSatelliteSubsystemsD.a(IsisAntS.o)
                0x200176c4                IsisAntS_getTemperature
 .text.IsisAntS_getAlltelemetry
                0x200177e4      0x120 C:/Hoopoe3/satellite-subsystems/demo/..//satellite-subsystems/lib\libSatelliteSubsystemsD.a(IsisAntS.o)
                0x200177e4                IsisAntS_getAlltelemetry
 .text.IsisAntS_reset
                0x20017904      0x104 C:/Hoopoe3/satellite-subsystems/demo/..//satellite-subsystems/lib\libSatelliteSubsystemsD.a(IsisAntS.o)
                0x20017904                IsisAntS_reset
 .text.IsisSolarPanelv2_initialize
                0x20017a08       0xb4 C:/Hoopoe3/satellite-subsystems/demo/..//satellite-subsystems/lib\libSatelliteSubsystemsD.a(IsisSolarPanelv2.o)
                0x20017a08                IsisSolarPanelv2_initialize
 .text.IsisSolarPanelv2_getTemperature
                0x20017abc       0xc8 C:/Hoopoe3/satellite-subsystems/demo/..//satellite-subsystems/lib\libSatelliteSubsystemsD.a(IsisSolarPanelv2.o)
                0x20017abc                IsisSolarPanelv2_getTemperature
 .text.IsisSolarPanelv2_sleep
                0x20017b84       0xbc C:/Hoopoe3/satellite-subsystems/demo/..//satellite-subsystems/lib\libSatelliteSubsystemsD.a(IsisSolarPanelv2.o)
                0x20017b84                IsisSolarPanelv2_sleep
 .text.IsisSolarPanelv2_wakeup
                0x20017c40       0x80 C:/Hoopoe3/satellite-subsystems/demo/..//satellite-subsystems/lib\libSatelliteSubsystemsD.a(IsisSolarPanelv2.o)
                0x20017c40                IsisSolarPanelv2_wakeup
 .text._Reset   0x20017cc0       0x20 C:/Hoopoe3/satellite-subsystems/demo/..//satellite-subsystems/lib\libSatelliteSubsystemsD.a(IsisSolarPanelv2.o)
 .text._WaitForStartup
                0x20017ce0       0x90 C:/Hoopoe3/satellite-subsystems/demo/..//satellite-subsystems/lib\libSatelliteSubsystemsD.a(IsisSolarPanelv2.o)
 .text._AssignAllChannels
                0x20017d70       0x90 C:/Hoopoe3/satellite-subsystems/demo/..//satellite-subsystems/lib\libSatelliteSubsystemsD.a(IsisSolarPanelv2.o)
 .text._AssignThisChannel
                0x20017e00       0xe8 C:/Hoopoe3/satellite-subsystems/demo/..//satellite-subsystems/lib\libSatelliteSubsystemsD.a(IsisSolarPanelv2.o)
 .text._InitiateConversion
                0x20017ee8       0xac C:/Hoopoe3/satellite-subsystems/demo/..//satellite-subsystems/lib\libSatelliteSubsystemsD.a(IsisSolarPanelv2.o)
 .text._WaitForConversionComplete
                0x20017f94      0x100 C:/Hoopoe3/satellite-subsystems/demo/..//satellite-subsystems/lib\libSatelliteSubsystemsD.a(IsisSolarPanelv2.o)
 .text._ReadResult
                0x20018094      0x158 C:/Hoopoe3/satellite-subsystems/demo/..//satellite-subsystems/lib\libSatelliteSubsystemsD.a(IsisSolarPanelv2.o)
 .text._ExtractByte
                0x200181ec       0x38 C:/Hoopoe3/satellite-subsystems/demo/..//satellite-subsystems/lib\libSatelliteSubsystemsD.a(IsisSolarPanelv2.o)
 .text._ExtendSign
                0x20018224       0x6c C:/Hoopoe3/satellite-subsystems/demo/..//satellite-subsystems/lib\libSatelliteSubsystemsD.a(IsisSolarPanelv2.o)
 .text._PinsInit
                0x20018290       0x50 C:/Hoopoe3/satellite-subsystems/demo/..//satellite-subsystems/lib\libSatelliteSubsystemsD.a(IsisSolarPanelv2.o)
 .text._SpiWriteRead
                0x200182e0       0x70 C:/Hoopoe3/satellite-subsystems/demo/..//satellite-subsystems/lib\libSatelliteSubsystemsD.a(IsisSolarPanelv2.o)
 .text.IsisTrxvu_initialize
                0x20018350      0x2f4 C:/Hoopoe3/satellite-subsystems/demo/..//satellite-subsystems/lib\libSatelliteSubsystemsD.a(IsisTRXVU.o)
                0x20018350                IsisTrxvu_initialize
 .text.makeTRXVUtransfer
                0x20018644       0x44 C:/Hoopoe3/satellite-subsystems/demo/..//satellite-subsystems/lib\libSatelliteSubsystemsD.a(IsisTRXVU.o)
 .text.IsisTrxvu_componentSoftReset
                0x20018688       0x6c C:/Hoopoe3/satellite-subsystems/demo/..//satellite-subsystems/lib\libSatelliteSubsystemsD.a(IsisTRXVU.o)
                0x20018688                IsisTrxvu_componentSoftReset
 .text.IsisTrxvu_componentHardReset
                0x200186f4       0xc8 C:/Hoopoe3/satellite-subsystems/demo/..//satellite-subsystems/lib\libSatelliteSubsystemsD.a(IsisTRXVU.o)
                0x200186f4                IsisTrxvu_componentHardReset
 .text.IsisTrxvu_softReset
                0x200187bc       0x74 C:/Hoopoe3/satellite-subsystems/demo/..//satellite-subsystems/lib\libSatelliteSubsystemsD.a(IsisTRXVU.o)
                0x200187bc                IsisTrxvu_softReset
 .text.IsisTrxvu_hardReset
                0x20018830       0x74 C:/Hoopoe3/satellite-subsystems/demo/..//satellite-subsystems/lib\libSatelliteSubsystemsD.a(IsisTRXVU.o)
                0x20018830                IsisTrxvu_hardReset
 .text.IsisTrxvu_tcSendAX25DefClSign
                0x200188a4       0xec C:/Hoopoe3/satellite-subsystems/demo/..//satellite-subsystems/lib\libSatelliteSubsystemsD.a(IsisTRXVU.o)
                0x200188a4                IsisTrxvu_tcSendAX25DefClSign
 .text.IsisTrxvu_tcSetIdlestate
                0x20018990       0xa4 C:/Hoopoe3/satellite-subsystems/demo/..//satellite-subsystems/lib\libSatelliteSubsystemsD.a(IsisTRXVU.o)
                0x20018990                IsisTrxvu_tcSetIdlestate
 .text.IsisTrxvu_tcSetAx25Bitrate
                0x20018a34       0xc4 C:/Hoopoe3/satellite-subsystems/demo/..//satellite-subsystems/lib\libSatelliteSubsystemsD.a(IsisTRXVU.o)
                0x20018a34                IsisTrxvu_tcSetAx25Bitrate
 .text.IsisTrxvu_tcGetTelemetryAll
                0x20018af8       0xd0 C:/Hoopoe3/satellite-subsystems/demo/..//satellite-subsystems/lib\libSatelliteSubsystemsD.a(IsisTRXVU.o)
                0x20018af8                IsisTrxvu_tcGetTelemetryAll
 .text.IsisTrxvu_tcGetTelemetryAll_revC
                0x20018bc8       0xd0 C:/Hoopoe3/satellite-subsystems/demo/..//satellite-subsystems/lib\libSatelliteSubsystemsD.a(IsisTRXVU.o)
                0x20018bc8                IsisTrxvu_tcGetTelemetryAll_revC
 .text.IsisTrxvu_rcGetFrameCount
                0x20018c98       0xa0 C:/Hoopoe3/satellite-subsystems/demo/..//satellite-subsystems/lib\libSatelliteSubsystemsD.a(IsisTRXVU.o)
                0x20018c98                IsisTrxvu_rcGetFrameCount
 .text.IsisTrxvu_rcGetCommandFrame
                0x20018d38      0x2d8 C:/Hoopoe3/satellite-subsystems/demo/..//satellite-subsystems/lib\libSatelliteSubsystemsD.a(IsisTRXVU.o)
                0x20018d38                IsisTrxvu_rcGetCommandFrame
 .text.IsisTrxvu_rcGetTelemetryAll
                0x20019010       0xd0 C:/Hoopoe3/satellite-subsystems/demo/..//satellite-subsystems/lib\libSatelliteSubsystemsD.a(IsisTRXVU.o)
                0x20019010                IsisTrxvu_rcGetTelemetryAll
 .text.IsisTrxvu_rcGetTelemetryAll_revC
                0x200190e0       0xec C:/Hoopoe3/satellite-subsystems/demo/..//satellite-subsystems/lib\libSatelliteSubsystemsD.a(IsisTRXVU.o)
                0x200190e0                IsisTrxvu_rcGetTelemetryAll_revC
 .text.cspaceADCS_initialize
                0x200191cc      0x18c C:/Hoopoe3/satellite-subsystems/demo/..//satellite-subsystems/lib\libSatelliteSubsystemsD.a(cspaceADCS.o)
                0x200191cc                cspaceADCS_initialize
 .text.make_cspaceADCStransfer
                0x20019358      0x1b4 C:/Hoopoe3/satellite-subsystems/demo/..//satellite-subsystems/lib\libSatelliteSubsystemsD.a(cspaceADCS.o)
 .text.cspaceADCS_componentReset
                0x2001950c       0xbc C:/Hoopoe3/satellite-subsystems/demo/..//satellite-subsystems/lib\libSatelliteSubsystemsD.a(cspaceADCS.o)
                0x2001950c                cspaceADCS_componentReset
 .text.cspaceADCS_setRunMode
                0x200195c8       0xbc C:/Hoopoe3/satellite-subsystems/demo/..//satellite-subsystems/lib\libSatelliteSubsystemsD.a(cspaceADCS.o)
                0x200195c8                cspaceADCS_setRunMode
 .text.cspaceADCS_setPwrCtrlDevice
                0x20019684       0xd0 C:/Hoopoe3/satellite-subsystems/demo/..//satellite-subsystems/lib\libSatelliteSubsystemsD.a(cspaceADCS.o)
                0x20019684                cspaceADCS_setPwrCtrlDevice
 .text.cspaceADCS_setAttCtrlMode
                0x20019754       0xd0 C:/Hoopoe3/satellite-subsystems/demo/..//satellite-subsystems/lib\libSatelliteSubsystemsD.a(cspaceADCS.o)
                0x20019754                cspaceADCS_setAttCtrlMode
 .text.cspaceADCS_setAttEstMode
                0x20019824       0xbc C:/Hoopoe3/satellite-subsystems/demo/..//satellite-subsystems/lib\libSatelliteSubsystemsD.a(cspaceADCS.o)
                0x20019824                cspaceADCS_setAttEstMode
 .text.cspaceADCS_getCurrentState
                0x200198e0       0xc4 C:/Hoopoe3/satellite-subsystems/demo/..//satellite-subsystems/lib\libSatelliteSubsystemsD.a(cspaceADCS.o)
                0x200198e0                cspaceADCS_getCurrentState
 .text.cspaceADCS_getPwrCtrlDevice
                0x200199a4       0xc4 C:/Hoopoe3/satellite-subsystems/demo/..//satellite-subsystems/lib\libSatelliteSubsystemsD.a(cspaceADCS.o)
                0x200199a4                cspaceADCS_getPwrCtrlDevice
 .text.GECKO_GetReg
                0x20019a68      0x110 C:/Hoopoe3/satellite-subsystems/demo/..//satellite-subsystems/lib\libSatelliteSubsystemsD.a(gecko_driver.o)
                0x20019a68                GECKO_GetReg
 .text.GECKO_GetVoltageInput5V
                0x20019b78       0xf4 C:/Hoopoe3/satellite-subsystems/demo/..//satellite-subsystems/lib\libSatelliteSubsystemsD.a(gecko_driver.o)
                0x20019b78                GECKO_GetVoltageInput5V
 .text.GECKO_GetCurrentInput5V
                0x20019c6c      0x130 C:/Hoopoe3/satellite-subsystems/demo/..//satellite-subsystems/lib\libSatelliteSubsystemsD.a(gecko_driver.o)
                0x20019c6c                GECKO_GetCurrentInput5V
 .text.GECKO_GetVoltageFPGA1V
                0x20019d9c       0xd4 C:/Hoopoe3/satellite-subsystems/demo/..//satellite-subsystems/lib\libSatelliteSubsystemsD.a(gecko_driver.o)
                0x20019d9c                GECKO_GetVoltageFPGA1V
 .text.GECKO_GetCurrentFPGA1V
                0x20019e70      0x130 C:/Hoopoe3/satellite-subsystems/demo/..//satellite-subsystems/lib\libSatelliteSubsystemsD.a(gecko_driver.o)
                0x20019e70                GECKO_GetCurrentFPGA1V
 .text.GECKO_GetVoltageFPGA1V8
                0x20019fa0       0xd4 C:/Hoopoe3/satellite-subsystems/demo/..//satellite-subsystems/lib\libSatelliteSubsystemsD.a(gecko_driver.o)
                0x20019fa0                GECKO_GetVoltageFPGA1V8
 .text.GECKO_GetCurrentFPGA1V8
                0x2001a074      0x130 C:/Hoopoe3/satellite-subsystems/demo/..//satellite-subsystems/lib\libSatelliteSubsystemsD.a(gecko_driver.o)
                0x2001a074                GECKO_GetCurrentFPGA1V8
 .text.GECKO_GetVoltageFPGA2V5
                0x2001a1a4       0xe8 C:/Hoopoe3/satellite-subsystems/demo/..//satellite-subsystems/lib\libSatelliteSubsystemsD.a(gecko_driver.o)
                0x2001a1a4                GECKO_GetVoltageFPGA2V5
 .text.GECKO_GetCurrentFPGA2V5
                0x2001a28c      0x130 C:/Hoopoe3/satellite-subsystems/demo/..//satellite-subsystems/lib\libSatelliteSubsystemsD.a(gecko_driver.o)
                0x2001a28c                GECKO_GetCurrentFPGA2V5
 .text.GECKO_GetVoltageFPGA3V3
                0x2001a3bc       0xe8 C:/Hoopoe3/satellite-subsystems/demo/..//satellite-subsystems/lib\libSatelliteSubsystemsD.a(gecko_driver.o)
                0x2001a3bc                GECKO_GetVoltageFPGA3V3
 .text.GECKO_GetCurrentFPGA3V3
                0x2001a4a4      0x130 C:/Hoopoe3/satellite-subsystems/demo/..//satellite-subsystems/lib\libSatelliteSubsystemsD.a(gecko_driver.o)
                0x2001a4a4                GECKO_GetCurrentFPGA3V3
 .text.GECKO_GetVoltageFlash1V8
                0x2001a5d4       0xd4 C:/Hoopoe3/satellite-subsystems/demo/..//satellite-subsystems/lib\libSatelliteSubsystemsD.a(gecko_driver.o)
                0x2001a5d4                GECKO_GetVoltageFlash1V8
 .text.GECKO_GetCurrentFlash1V8
                0x2001a6a8      0x130 C:/Hoopoe3/satellite-subsystems/demo/..//satellite-subsystems/lib\libSatelliteSubsystemsD.a(gecko_driver.o)
                0x2001a6a8                GECKO_GetCurrentFlash1V8
 .text.GECKO_GetVoltageFlash3V3
                0x2001a7d8       0xe8 C:/Hoopoe3/satellite-subsystems/demo/..//satellite-subsystems/lib\libSatelliteSubsystemsD.a(gecko_driver.o)
                0x2001a7d8                GECKO_GetVoltageFlash3V3
 .text.GECKO_GetCurrentFlash3V3
                0x2001a8c0      0x130 C:/Hoopoe3/satellite-subsystems/demo/..//satellite-subsystems/lib\libSatelliteSubsystemsD.a(gecko_driver.o)
                0x2001a8c0                GECKO_GetCurrentFlash3V3
 .text.GECKO_GetVoltageSNSR1V8
                0x2001a9f0       0xe8 C:/Hoopoe3/satellite-subsystems/demo/..//satellite-subsystems/lib\libSatelliteSubsystemsD.a(gecko_driver.o)
                0x2001a9f0                GECKO_GetVoltageSNSR1V8
 .text.GECKO_GetCurrentSNSR1V8
                0x2001aad8      0x130 C:/Hoopoe3/satellite-subsystems/demo/..//satellite-subsystems/lib\libSatelliteSubsystemsD.a(gecko_driver.o)
                0x2001aad8                GECKO_GetCurrentSNSR1V8
 .text.GECKO_GetVoltageSNSRVDDPIX
                0x2001ac08       0xe8 C:/Hoopoe3/satellite-subsystems/demo/..//satellite-subsystems/lib\libSatelliteSubsystemsD.a(gecko_driver.o)
                0x2001ac08                GECKO_GetVoltageSNSRVDDPIX
 .text.GECKO_GetCurrentSNSRVDDPIX
                0x2001acf0      0x130 C:/Hoopoe3/satellite-subsystems/demo/..//satellite-subsystems/lib\libSatelliteSubsystemsD.a(gecko_driver.o)
                0x2001acf0                GECKO_GetCurrentSNSRVDDPIX
 .text.GECKO_GetVoltageSNSR3V3
                0x2001ae20       0xe8 C:/Hoopoe3/satellite-subsystems/demo/..//satellite-subsystems/lib\libSatelliteSubsystemsD.a(gecko_driver.o)
                0x2001ae20                GECKO_GetVoltageSNSR3V3
 .text.GECKO_GetCurrentSNSR3V3
                0x2001af08      0x130 C:/Hoopoe3/satellite-subsystems/demo/..//satellite-subsystems/lib\libSatelliteSubsystemsD.a(gecko_driver.o)
                0x2001af08                GECKO_GetCurrentSNSR3V3
 .text.GECKO_GetVoltageFlashVTT09
                0x2001b038       0xd4 C:/Hoopoe3/satellite-subsystems/demo/..//satellite-subsystems/lib\libSatelliteSubsystemsD.a(gecko_driver.o)
                0x2001b038                GECKO_GetVoltageFlashVTT09
 .text.GECKO_GetTempSMU3AB
                0x2001b10c      0x35c C:/Hoopoe3/satellite-subsystems/demo/..//satellite-subsystems/lib\libSatelliteSubsystemsD.a(gecko_driver.o)
                0x2001b10c                GECKO_GetTempSMU3AB
 .text.GECKO_GetTempSMU3BC
                0x2001b468      0x360 C:/Hoopoe3/satellite-subsystems/demo/..//satellite-subsystems/lib\libSatelliteSubsystemsD.a(gecko_driver.o)
                0x2001b468                GECKO_GetTempSMU3BC
 .text.GECKO_GetTempREGU6
                0x2001b7c8      0x35c C:/Hoopoe3/satellite-subsystems/demo/..//satellite-subsystems/lib\libSatelliteSubsystemsD.a(gecko_driver.o)
                0x2001b7c8                GECKO_GetTempREGU6
 .text.GECKO_GetTempREGU8
                0x2001bb24      0x360 C:/Hoopoe3/satellite-subsystems/demo/..//satellite-subsystems/lib\libSatelliteSubsystemsD.a(gecko_driver.o)
                0x2001bb24                GECKO_GetTempREGU8
 .text.GECKO_GetTempFlash
                0x2001be84      0x360 C:/Hoopoe3/satellite-subsystems/demo/..//satellite-subsystems/lib\libSatelliteSubsystemsD.a(gecko_driver.o)
                0x2001be84                GECKO_GetTempFlash
 .text._SpiWriteRead
                0x2001c1e4       0x70 C:/Hoopoe3/satellite-subsystems/demo/..//satellite-subsystems/lib\libSatelliteSubsystemsD.a(gecko_driver.o)
 .text.makeTRXCommonTransfer
                0x2001c254       0x34 C:/Hoopoe3/satellite-subsystems/demo/..//satellite-subsystems/lib\libSatelliteSubsystemsD.a(IsisTRXCommon.o)
 .text.IsisTrxCommon_componentReset
                0x2001c288       0x68 C:/Hoopoe3/satellite-subsystems/demo/..//satellite-subsystems/lib\libSatelliteSubsystemsD.a(IsisTRXCommon.o)
                0x2001c288                IsisTrxCommon_componentReset
 .text.IsisTrxCommon_TxSendAX25DefClSign
                0x2001c2f0       0xf4 C:/Hoopoe3/satellite-subsystems/demo/..//satellite-subsystems/lib\libSatelliteSubsystemsD.a(IsisTRXCommon.o)
                0x2001c2f0                IsisTrxCommon_TxSendAX25DefClSign
 .text.IsisTrxCommon_TxSetIdlestate
                0x2001c3e4       0x78 C:/Hoopoe3/satellite-subsystems/demo/..//satellite-subsystems/lib\libSatelliteSubsystemsD.a(IsisTRXCommon.o)
                0x2001c3e4                IsisTrxCommon_TxSetIdlestate
 .text.IsisTrxCommon_TxSetAx25Bitrate
                0x2001c45c       0x78 C:/Hoopoe3/satellite-subsystems/demo/..//satellite-subsystems/lib\libSatelliteSubsystemsD.a(IsisTRXCommon.o)
                0x2001c45c                IsisTrxCommon_TxSetAx25Bitrate
 .text.IsisTrxCommon_RxGetFrameCount
                0x2001c4d4       0x8c C:/Hoopoe3/satellite-subsystems/demo/..//satellite-subsystems/lib\libSatelliteSubsystemsD.a(IsisTRXCommon.o)
                0x2001c4d4                IsisTrxCommon_RxGetFrameCount
 .text.IsisTrxCommon_RxGetTelemetryAll_revC
                0x2001c560       0x8c C:/Hoopoe3/satellite-subsystems/demo/..//satellite-subsystems/lib\libSatelliteSubsystemsD.a(IsisTRXCommon.o)
                0x2001c560                IsisTrxCommon_RxGetTelemetryAll_revC
 .text.log      0x2001c5ec      0x17c c:/isis/application/toolchain/bin/../lib/gcc/arm-none-eabi/4.7.4/../../../../arm-none-eabi/lib\libm.a(lib_a-w_log.o)
                0x2001c5ec                log
 .text.__ieee754_log
                0x2001c768      0x5c0 c:/isis/application/toolchain/bin/../lib/gcc/arm-none-eabi/4.7.4/../../../../arm-none-eabi/lib\libm.a(lib_a-e_log.o)
                0x2001c768                __ieee754_log
 .text.matherr  0x2001cd28        0x8 c:/isis/application/toolchain/bin/../lib/gcc/arm-none-eabi/4.7.4/../../../../arm-none-eabi/lib\libm.a(lib_a-s_matherr.o)
                0x2001cd28                matherr
 .text.nan      0x2001cd30       0x10 c:/isis/application/toolchain/bin/../lib/gcc/arm-none-eabi/4.7.4/../../../../arm-none-eabi/lib\libm.a(lib_a-s_nan.o)
                0x2001cd30                nan
 .text.fn_init  0x2001cd40      0x2e0 C:/Hoopoe3/satellite-subsystems/demo/../..//hal/hcc/lib\libHCCD.a(fat_common.o)
                0x2001cd40                fn_init
 .text._f_get16bitl
                0x2001d020       0x4c C:/Hoopoe3/satellite-subsystems/demo/../..//hal/hcc/lib\libHCCD.a(fat_common.o)
                0x2001d020                _f_get16bitl
 .text._f_set16bitl
                0x2001d06c       0x54 C:/Hoopoe3/satellite-subsystems/demo/../..//hal/hcc/lib\libHCCD.a(fat_common.o)
                0x2001d06c                _f_set16bitl
 .text._f_get32bitl
                0x2001d0c0       0x68 C:/Hoopoe3/satellite-subsystems/demo/../..//hal/hcc/lib\libHCCD.a(fat_common.o)
                0x2001d0c0                _f_get32bitl
 .text._f_set32bitl
                0x2001d128       0x78 C:/Hoopoe3/satellite-subsystems/demo/../..//hal/hcc/lib\libHCCD.a(fat_common.o)
                0x2001d128                _f_set32bitl
 .text._get8bit
                0x2001d1a0       0xa0 C:/Hoopoe3/satellite-subsystems/demo/../..//hal/hcc/lib\libHCCD.a(fat_common.o)
 .text._get16bitl
                0x2001d240       0x40 C:/Hoopoe3/satellite-subsystems/demo/../..//hal/hcc/lib\libHCCD.a(fat_common.o)
 .text._get32bitl
                0x2001d280       0x3c C:/Hoopoe3/satellite-subsystems/demo/../..//hal/hcc/lib\libHCCD.a(fat_common.o)
 .text._f_setcardremoved
                0x2001d2bc       0x94 C:/Hoopoe3/satellite-subsystems/demo/../..//hal/hcc/lib\libHCCD.a(fat_common.o)
 .text._f_checkstatus
                0x2001d350      0x104 C:/Hoopoe3/satellite-subsystems/demo/../..//hal/hcc/lib\libHCCD.a(fat_common.o)
                0x2001d350                _f_checkstatus
 .text._f_drvgetphy
                0x2001d454      0x114 C:/Hoopoe3/satellite-subsystems/demo/../..//hal/hcc/lib\libHCCD.a(fat_common.o)
 .text._f_drvwritesector
                0x2001d568       0xdc C:/Hoopoe3/satellite-subsystems/demo/../..//hal/hcc/lib\libHCCD.a(fat_common.o)
 .text._f_drvreadsector
                0x2001d644       0xa8 C:/Hoopoe3/satellite-subsystems/demo/../..//hal/hcc/lib\libHCCD.a(fat_common.o)
 .text._f_writesector
                0x2001d6ec      0x23c C:/Hoopoe3/satellite-subsystems/demo/../..//hal/hcc/lib\libHCCD.a(fat_common.o)
                0x2001d6ec                _f_writesector
 .text._f_readsector
                0x2001d928      0x1dc C:/Hoopoe3/satellite-subsystems/demo/../..//hal/hcc/lib\libHCCD.a(fat_common.o)
                0x2001d928                _f_readsector
 .text._f_getmaxcluster
                0x2001db04       0x94 C:/Hoopoe3/satellite-subsystems/demo/../..//hal/hcc/lib\libHCCD.a(fat_common.o)
                0x2001db04                _f_getmaxcluster
 .text._getsectorfromcluster
                0x2001db98       0x68 C:/Hoopoe3/satellite-subsystems/demo/../..//hal/hcc/lib\libHCCD.a(fat_common.o)
 .text._f_buildsectors
                0x2001dc00      0x268 C:/Hoopoe3/satellite-subsystems/demo/../..//hal/hcc/lib\libHCCD.a(fat_common.o)
 .text._f_getbootrecord
                0x2001de68      0x5e4 C:/Hoopoe3/satellite-subsystems/demo/../..//hal/hcc/lib\libHCCD.a(fat_common.o)
 .text._f_readbootrecord
                0x2001e44c      0x4f8 C:/Hoopoe3/satellite-subsystems/demo/../..//hal/hcc/lib\libHCCD.a(fat_common.o)
 .text._f_flushcffiles
                0x2001e944      0x17c C:/Hoopoe3/satellite-subsystems/demo/../..//hal/hcc/lib\libHCCD.a(fat_common.o)
                0x2001e944                _f_flushcffiles
 .text._f_fatcache_flush
                0x2001eac0      0x270 C:/Hoopoe3/satellite-subsystems/demo/../..//hal/hcc/lib\libHCCD.a(fat_common.o)
                0x2001eac0                _f_fatcache_flush
 .text._f_writefatsector
                0x2001ed30      0x100 C:/Hoopoe3/satellite-subsystems/demo/../..//hal/hcc/lib\libHCCD.a(fat_common.o)
                0x2001ed30                _f_writefatsector
 .text._f_getfatsector
                0x2001ee30      0x3bc C:/Hoopoe3/satellite-subsystems/demo/../..//hal/hcc/lib\libHCCD.a(fat_common.o)
 .text._f_setclustervalue
                0x2001f1ec      0x490 C:/Hoopoe3/satellite-subsystems/demo/../..//hal/hcc/lib\libHCCD.a(fat_common.o)
                0x2001f1ec                _f_setclustervalue
 .text._f_getclustervalue
                0x2001f67c      0x388 C:/Hoopoe3/satellite-subsystems/demo/../..//hal/hcc/lib\libHCCD.a(fat_common.o)
                0x2001f67c                _f_getclustervalue
 .text._f_close_drive_files
                0x2001fa04       0xac C:/Hoopoe3/satellite-subsystems/demo/../..//hal/hcc/lib\libHCCD.a(fat_common.o)
 .text._f_inc_mount_count
                0x2001fab0       0xa4 C:/Hoopoe3/satellite-subsystems/demo/../..//hal/hcc/lib\libHCCD.a(fat_common.o)
 .text._f_getvolume
                0x2001fb54      0x2f8 C:/Hoopoe3/satellite-subsystems/demo/../..//hal/hcc/lib\libHCCD.a(fat_common.o)
                0x2001fb54                _f_getvolume
 .text.fn_createdriver
                0x2001fe4c      0x118 C:/Hoopoe3/satellite-subsystems/demo/../..//hal/hcc/lib\libHCCD.a(fat_common.o)
                0x2001fe4c                fn_createdriver
 .text.fn_initvolume
                0x2001ff64      0x12c C:/Hoopoe3/satellite-subsystems/demo/../..//hal/hcc/lib\libHCCD.a(fat_common.o)
                0x2001ff64                fn_initvolume
 .text.fn_initvolumepartition_sub
                0x20020090       0xe0 C:/Hoopoe3/satellite-subsystems/demo/../..//hal/hcc/lib\libHCCD.a(fat_common.o)
 .text.fn_initvolumepartition
                0x20020170       0xac C:/Hoopoe3/satellite-subsystems/demo/../..//hal/hcc/lib\libHCCD.a(fat_common.o)
                0x20020170                fn_initvolumepartition
 .text._f_clustertopos
                0x2002021c       0xf8 C:/Hoopoe3/satellite-subsystems/demo/../..//hal/hcc/lib\libHCCD.a(fat_common.o)
                0x2002021c                _f_clustertopos
 .text._f_getcurrsector
                0x20020314      0x6c8 C:/Hoopoe3/satellite-subsystems/demo/../..//hal/hcc/lib\libHCCD.a(fat_common.o)
                0x20020314                _f_getcurrsector
 .text._f_getdecluster
                0x200209dc       0x90 C:/Hoopoe3/satellite-subsystems/demo/../..//hal/hcc/lib\libHCCD.a(fat_common.o)
                0x200209dc                _f_getdecluster
 .text._f_setdecluster
                0x20020a6c       0x8c C:/Hoopoe3/satellite-subsystems/demo/../..//hal/hcc/lib\libHCCD.a(fat_common.o)
                0x20020a6c                _f_setdecluster
 .text.fn_getdrive
                0x20020af8       0x30 C:/Hoopoe3/satellite-subsystems/demo/../..//hal/hcc/lib\libHCCD.a(fat_common.o)
                0x20020af8                fn_getdrive
 .text._f_getcurrenttimedate
                0x20020b28      0x138 C:/Hoopoe3/satellite-subsystems/demo/../..//hal/hcc/lib\libHCCD.a(fat_common.o)
                0x20020b28                _f_getcurrenttimedate
 .text._f_initentry
                0x20020c60       0xa0 C:/Hoopoe3/satellite-subsystems/demo/../..//hal/hcc/lib\libHCCD.a(fat_common.o)
                0x20020c60                _f_initentry
 .text._f_alloccluster
                0x20020d00      0x344 C:/Hoopoe3/satellite-subsystems/demo/../..//hal/hcc/lib\libHCCD.a(fat_common.o)
                0x20020d00                _f_alloccluster
 .text._f_dobadblock
                0x20021044      0x2cc C:/Hoopoe3/satellite-subsystems/demo/../..//hal/hcc/lib\libHCCD.a(fat_common.o)
                0x20021044                _f_dobadblock
 .text._f_checklocked
                0x20021310       0xe4 C:/Hoopoe3/satellite-subsystems/demo/../..//hal/hcc/lib\libHCCD.a(fat_common.o)
                0x20021310                _f_checklocked
 .text._f_checkappendlocked
                0x200213f4      0x110 C:/Hoopoe3/satellite-subsystems/demo/../..//hal/hcc/lib\libHCCD.a(fat_common.o)
                0x200213f4                _f_checkappendlocked
 .text._f_setsyncafile
                0x20021504      0x114 C:/Hoopoe3/satellite-subsystems/demo/../..//hal/hcc/lib\libHCCD.a(fat_common.o)
                0x20021504                _f_setsyncafile
 .text._f_syncfiles
                0x20021618      0x128 C:/Hoopoe3/satellite-subsystems/demo/../..//hal/hcc/lib\libHCCD.a(fat_common.o)
                0x20021618                _f_syncfiles
 .text._f_syncfilescontent
                0x20021740      0x15c C:/Hoopoe3/satellite-subsystems/demo/../..//hal/hcc/lib\libHCCD.a(fat_common.o)
 .text.fn_getfreespace
                0x2002189c      0x4c0 C:/Hoopoe3/satellite-subsystems/demo/../..//hal/hcc/lib\libHCCD.a(fat_common.o)
                0x2002189c                fn_getfreespace
 .text._f_emptywritecache
                0x20021d5c      0x4a4 C:/Hoopoe3/satellite-subsystems/demo/../..//hal/hcc/lib\libHCCD.a(fat_common.o)
 .text._f_allocnextcluster
                0x20022200      0x54c C:/Hoopoe3/satellite-subsystems/demo/../..//hal/hcc/lib\libHCCD.a(fat_common.o)
 .text._f_emptywritebuffer
                0x2002274c      0x20c C:/Hoopoe3/satellite-subsystems/demo/../..//hal/hcc/lib\libHCCD.a(fat_common.o)
 .text._f_writezeros
                0x20022958       0xf0 C:/Hoopoe3/satellite-subsystems/demo/../..//hal/hcc/lib\libHCCD.a(fat_common.o)
                0x20022958                _f_writezeros
 .text._f_extend_file
                0x20022a48      0x570 C:/Hoopoe3/satellite-subsystems/demo/../..//hal/hcc/lib\libHCCD.a(fat_common.o)
 .text._f_fseek
                0x20022fb8      0x9bc C:/Hoopoe3/satellite-subsystems/demo/../..//hal/hcc/lib\libHCCD.a(fat_common.o)
                0x20022fb8                _f_fseek
 .text._f_removechain
                0x20023974      0x104 C:/Hoopoe3/satellite-subsystems/demo/../..//hal/hcc/lib\libHCCD.a(fat_common.o)
                0x20023974                _f_removechain
 .text._f_updatefileentry
                0x20023a78      0x1cc C:/Hoopoe3/satellite-subsystems/demo/../..//hal/hcc/lib\libHCCD.a(fat_common.o)
 .text._f_checkreadlocked
                0x20023c44      0x1bc C:/Hoopoe3/satellite-subsystems/demo/../..//hal/hcc/lib\libHCCD.a(fat_common.o)
                0x20023c44                _f_checkreadlocked
 .text._f_check_handle
                0x20023e00       0x98 C:/Hoopoe3/satellite-subsystems/demo/../..//hal/hcc/lib\libHCCD.a(fat_common.o)
                0x20023e00                _f_check_handle
 .text._f_removesyncafile
                0x20023e98      0x1ec C:/Hoopoe3/satellite-subsystems/demo/../..//hal/hcc/lib\libHCCD.a(fat_common.o)
 .text.fn_close
                0x20024084      0x3f8 C:/Hoopoe3/satellite-subsystems/demo/../..//hal/hcc/lib\libHCCD.a(fat_common.o)
                0x20024084                fn_close
 .text.fn_flush
                0x2002447c      0x374 C:/Hoopoe3/satellite-subsystems/demo/../..//hal/hcc/lib\libHCCD.a(fat_common.o)
                0x2002447c                fn_flush
 .text.fn_read  0x200247f0      0x690 C:/Hoopoe3/satellite-subsystems/demo/../..//hal/hcc/lib\libHCCD.a(fat_common.o)
                0x200247f0                fn_read
 .text._f_abortwrite
                0x20024e80      0x100 C:/Hoopoe3/satellite-subsystems/demo/../..//hal/hcc/lib\libHCCD.a(fat_common.o)
 .text._f_checkwritecluster
                0x20024f80       0xe4 C:/Hoopoe3/satellite-subsystems/demo/../..//hal/hcc/lib\libHCCD.a(fat_common.o)
 .text.fn_write
                0x20025064      0x8a8 C:/Hoopoe3/satellite-subsystems/demo/../..//hal/hcc/lib\libHCCD.a(fat_common.o)
                0x20025064                fn_write
 .text.fn_seek  0x2002590c      0x270 C:/Hoopoe3/satellite-subsystems/demo/../..//hal/hcc/lib\libHCCD.a(fat_common.o)
                0x2002590c                fn_seek
 .text.f_enterFS
                0x20025b7c      0x1c0 C:/Hoopoe3/satellite-subsystems/demo/../..//hal/hcc/lib\libHCCD.a(fat_common.o)
                0x20025b7c                f_enterFS
 .text.f_releaseFS
                0x20025d3c       0xb0 C:/Hoopoe3/satellite-subsystems/demo/../..//hal/hcc/lib\libHCCD.a(fat_common.o)
                0x20025d3c                f_releaseFS
 .text.fnGetTask
                0x20025dec       0xfc C:/Hoopoe3/satellite-subsystems/demo/../..//hal/hcc/lib\libHCCD.a(fat_common.o)
                0x20025dec                fnGetTask
 .text._f_mutex_get
                0x20025ee8       0x98 C:/Hoopoe3/satellite-subsystems/demo/../..//hal/hcc/lib\libHCCD.a(fat_common.o)
                0x20025ee8                _f_mutex_get
 .text._f_mutex_put
                0x20025f80       0x54 C:/Hoopoe3/satellite-subsystems/demo/../..//hal/hcc/lib\libHCCD.a(fat_common.o)
                0x20025f80                _f_mutex_put
 .text._fn_initseekdivisor
                0x20025fd4      0x158 C:/Hoopoe3/satellite-subsystems/demo/../..//hal/hcc/lib\libHCCD.a(fat_common.o)
                0x20025fd4                _fn_initseekdivisor
 .text._fn_updateseekpos
                0x2002612c       0xc4 C:/Hoopoe3/satellite-subsystems/demo/../..//hal/hcc/lib\libHCCD.a(fat_common.o)
 .text._f_findopensize
                0x200261f0       0x2c C:/Hoopoe3/satellite-subsystems/demo/../..//hal/hcc/lib\libHCCD.a(fat_common.o)
                0x200261f0                _f_findopensize
 .text.fn_setlasterror
                0x2002621c       0x34 C:/Hoopoe3/satellite-subsystems/demo/../..//hal/hcc/lib\libHCCD.a(fat_common.o)
                0x2002621c                fn_setlasterror
 .text.fn_setlasterror_noret
                0x20026250       0x2c C:/Hoopoe3/satellite-subsystems/demo/../..//hal/hcc/lib\libHCCD.a(fat_common.o)
                0x20026250                fn_setlasterror_noret
 .text.fm_initvolume
                0x2002627c       0x70 C:/Hoopoe3/satellite-subsystems/demo/../..//hal/hcc/lib\libHCCD.a(fat_m.o)
                0x2002627c                fm_initvolume
 .text.fm_getdrive
                0x200262ec       0x70 C:/Hoopoe3/satellite-subsystems/demo/../..//hal/hcc/lib\libHCCD.a(fat_m.o)
                0x200262ec                fm_getdrive
 .text.fm_getfreespace
                0x2002635c       0x68 C:/Hoopoe3/satellite-subsystems/demo/../..//hal/hcc/lib\libHCCD.a(fat_m.o)
                0x2002635c                fm_getfreespace
 .text.fm_findfirst
                0x200263c4       0x68 C:/Hoopoe3/satellite-subsystems/demo/../..//hal/hcc/lib\libHCCD.a(fat_m.o)
                0x200263c4                fm_findfirst
 .text.fm_findnext
                0x2002642c       0x60 C:/Hoopoe3/satellite-subsystems/demo/../..//hal/hcc/lib\libHCCD.a(fat_m.o)
                0x2002642c                fm_findnext
 .text.fm_filelength
                0x2002648c       0x60 C:/Hoopoe3/satellite-subsystems/demo/../..//hal/hcc/lib\libHCCD.a(fat_m.o)
                0x2002648c                fm_filelength
 .text.fm_close
                0x200264ec       0x60 C:/Hoopoe3/satellite-subsystems/demo/../..//hal/hcc/lib\libHCCD.a(fat_m.o)
                0x200264ec                fm_close
 .text.fm_flush
                0x2002654c       0x60 C:/Hoopoe3/satellite-subsystems/demo/../..//hal/hcc/lib\libHCCD.a(fat_m.o)
                0x2002654c                fm_flush
 .text.fm_open  0x200265ac       0x68 C:/Hoopoe3/satellite-subsystems/demo/../..//hal/hcc/lib\libHCCD.a(fat_m.o)
                0x200265ac                fm_open
 .text.fm_read  0x20026614       0x7c C:/Hoopoe3/satellite-subsystems/demo/../..//hal/hcc/lib\libHCCD.a(fat_m.o)
                0x20026614                fm_read
 .text.fm_write
                0x20026690       0x7c C:/Hoopoe3/satellite-subsystems/demo/../..//hal/hcc/lib\libHCCD.a(fat_m.o)
                0x20026690                fm_write
 .text.fm_seek  0x2002670c       0x70 C:/Hoopoe3/satellite-subsystems/demo/../..//hal/hcc/lib\libHCCD.a(fat_m.o)
                0x2002670c                fm_seek
 .text.fm_delete
                0x2002677c       0x64 C:/Hoopoe3/satellite-subsystems/demo/../..//hal/hcc/lib\libHCCD.a(fat_m.o)
                0x2002677c                fm_delete
 .text._s_checkzeroclusteratend
                0x200267e0       0xf8 C:/Hoopoe3/satellite-subsystems/demo/../..//hal/hcc/lib\libHCCD.a(safefat.o)
 .text._s_clearclustercontent
                0x200268d8      0x108 C:/Hoopoe3/satellite-subsystems/demo/../..//hal/hcc/lib\libHCCD.a(safefat.o)
 .text._s_clearclustercontentdir
                0x200269e0      0x19c C:/Hoopoe3/satellite-subsystems/demo/../..//hal/hcc/lib\libHCCD.a(safefat.o)
 .text._s_writedirsector
                0x20026b7c       0xd0 C:/Hoopoe3/satellite-subsystems/demo/../..//hal/hcc/lib\libHCCD.a(safefat.o)
 .text._s_getdirsector
                0x20026c4c      0x100 C:/Hoopoe3/satellite-subsystems/demo/../..//hal/hcc/lib\libHCCD.a(safefat.o)
 .text._s_addentry
                0x20026d4c      0x394 C:/Hoopoe3/satellite-subsystems/demo/../..//hal/hcc/lib\libHCCD.a(safefat.o)
 .text._s_findfile
                0x200270e0      0x33c C:/Hoopoe3/satellite-subsystems/demo/../..//hal/hcc/lib\libHCCD.a(safefat.o)
 .text._s_findsubdir
                0x2002741c      0x248 C:/Hoopoe3/satellite-subsystems/demo/../..//hal/hcc/lib\libHCCD.a(safefat.o)
 .text._s_createfile
                0x20027664      0x190 C:/Hoopoe3/satellite-subsystems/demo/../..//hal/hcc/lib\libHCCD.a(safefat.o)
 .text._s_findsaffile
                0x200277f4      0x1b8 C:/Hoopoe3/satellite-subsystems/demo/../..//hal/hcc/lib\libHCCD.a(safefat.o)
 .text._s_open  0x200279ac       0xe4 C:/Hoopoe3/satellite-subsystems/demo/../..//hal/hcc/lib\libHCCD.a(safefat.o)
 .text._s_open_saf
                0x20027a90       0xe8 C:/Hoopoe3/satellite-subsystems/demo/../..//hal/hcc/lib\libHCCD.a(safefat.o)
 .text._s_flush
                0x20027b78       0x84 C:/Hoopoe3/satellite-subsystems/demo/../..//hal/hcc/lib\libHCCD.a(safefat.o)
 .text._s_allocnextcluster
                0x20027bfc      0x13c C:/Hoopoe3/satellite-subsystems/demo/../..//hal/hcc/lib\libHCCD.a(safefat.o)
 .text._s_getnextsector