Archive member included because of file (symbol)

c:/isis/application/toolchain/bin/../lib/gcc/arm-none-eabi/4.7.4/../../../../arm-none-eabi/lib\libc_s.a(lib_a-vfprintf_float.o)
                              (_printf_float)
c:/isis/application/toolchain/bin/../lib/gcc/arm-none-eabi/4.7.4/../../../../arm-none-eabi/lib\libc_s.a(lib_a-vfprintf_i.o)
                              c:/isis/application/toolchain/bin/../lib/gcc/arm-none-eabi/4.7.4/../../../../arm-none-eabi/lib\libc_s.a(lib_a-vfprintf_float.o) (_printf_common)
c:/isis/application/toolchain/bin/../lib/gcc/arm-none-eabi/4.7.4/../../../../arm-none-eabi/lib\libc_s.a(lib_a-vfscanf_float.o)
                              (_scanf_float)
c:/isis/application/toolchain/bin/../lib/gcc/arm-none-eabi/4.7.4/../../../../arm-none-eabi/lib\libc_s.a(lib_a-dtoa.o)
                              c:/isis/application/toolchain/bin/../lib/gcc/arm-none-eabi/4.7.4/../../../../arm-none-eabi/lib\libc_s.a(lib_a-vfprintf_float.o) (_dtoa_r)
c:/isis/application/toolchain/bin/../lib/gcc/arm-none-eabi/4.7.4/../../../../arm-none-eabi/lib\libc_s.a(lib_a-locale.o)
                              c:/isis/application/toolchain/bin/../lib/gcc/arm-none-eabi/4.7.4/../../../../arm-none-eabi/lib\libc_s.a(lib_a-vfprintf_float.o) (_localeconv_r)
c:/isis/application/toolchain/bin/../lib/gcc/arm-none-eabi/4.7.4/../../../../arm-none-eabi/lib\libc_s.a(lib_a-malloc.o)
                              c:/isis/application/toolchain/bin/../lib/gcc/arm-none-eabi/4.7.4/../../../../arm-none-eabi/lib\libc_s.a(lib_a-dtoa.o) (malloc)
c:/isis/application/toolchain/bin/../lib/gcc/arm-none-eabi/4.7.4/../../../../arm-none-eabi/lib\libc_s.a(lib_a-mallocr.o)
                              c:/isis/application/toolchain/bin/../lib/gcc/arm-none-eabi/4.7.4/../../../../arm-none-eabi/lib\libc_s.a(lib_a-malloc.o) (_malloc_r)
c:/isis/application/toolchain/bin/../lib/gcc/arm-none-eabi/4.7.4/../../../../arm-none-eabi/lib\libc_s.a(lib_a-memcpy.o)
                              c:/isis/application/toolchain/bin/../lib/gcc/arm-none-eabi/4.7.4/../../../../arm-none-eabi/lib\libc_s.a(lib_a-dtoa.o) (memcpy)
c:/isis/application/toolchain/bin/../lib/gcc/arm-none-eabi/4.7.4/../../../../arm-none-eabi/lib\libc_s.a(lib_a-mprec.o)
                              c:/isis/application/toolchain/bin/../lib/gcc/arm-none-eabi/4.7.4/../../../../arm-none-eabi/lib\libc_s.a(lib_a-dtoa.o) (_Balloc)
c:/isis/application/toolchain/bin/../lib/gcc/arm-none-eabi/4.7.4/../../../../arm-none-eabi/lib\libc_s.a(lib_a-s_fpclassify.o)
                              c:/isis/application/toolchain/bin/../lib/gcc/arm-none-eabi/4.7.4/../../../../arm-none-eabi/lib\libc_s.a(lib_a-vfprintf_float.o) (__fpclassifyd)
c:/isis/application/toolchain/bin/../lib/gcc/arm-none-eabi/4.7.4/../../../../arm-none-eabi/lib\libc_s.a(lib_a-sbrkr.o)
                              c:/isis/application/toolchain/bin/../lib/gcc/arm-none-eabi/4.7.4/../../../../arm-none-eabi/lib\libc_s.a(lib_a-mallocr.o) (_sbrk_r)
c:/isis/application/toolchain/bin/../lib/gcc/arm-none-eabi/4.7.4/../../../../arm-none-eabi/lib\libc_s.a(lib_a-sf_nan.o)
                              c:/isis/application/toolchain/bin/../lib/gcc/arm-none-eabi/4.7.4/../../../../arm-none-eabi/lib\libc_s.a(lib_a-vfscanf_float.o) (nanf)
c:/isis/application/toolchain/bin/../lib/gcc/arm-none-eabi/4.7.4/../../../../arm-none-eabi/lib\libc_s.a(lib_a-sprintf.o)
                              c:/isis/application/toolchain/bin/../lib/gcc/arm-none-eabi/4.7.4/../../../../arm-none-eabi/lib\libc_s.a(lib_a-vfscanf_float.o) (sprintf)
c:/isis/application/toolchain/bin/../lib/gcc/arm-none-eabi/4.7.4/../../../../arm-none-eabi/lib\libc_s.a(lib_a-strcmp.o)
                              c:/isis/application/toolchain/bin/../lib/gcc/arm-none-eabi/4.7.4/../../../../arm-none-eabi/lib\libc_s.a(lib_a-locale.o) (strcmp)
c:/isis/application/toolchain/bin/../lib/gcc/arm-none-eabi/4.7.4/../../../../arm-none-eabi/lib\libc_s.a(lib_a-strlen.o)
                              c:/isis/application/toolchain/bin/../lib/gcc/arm-none-eabi/4.7.4/../../../../arm-none-eabi/lib\libc_s.a(lib_a-vfprintf_float.o) (strlen)
c:/isis/application/toolchain/bin/../lib/gcc/arm-none-eabi/4.7.4/../../../../arm-none-eabi/lib\libc_s.a(lib_a-strtod.o)
                              c:/isis/application/toolchain/bin/../lib/gcc/arm-none-eabi/4.7.4/../../../../arm-none-eabi/lib\libc_s.a(lib_a-vfscanf_float.o) (_strtod_r)
c:/isis/application/toolchain/bin/../lib/gcc/arm-none-eabi/4.7.4/../../../../arm-none-eabi/lib\libc_s.a(lib_a-strtol.o)
                              c:/isis/application/toolchain/bin/../lib/gcc/arm-none-eabi/4.7.4/../../../../arm-none-eabi/lib\libc_s.a(lib_a-vfscanf_float.o) (_strtol_r)
c:/isis/application/toolchain/bin/../lib/gcc/arm-none-eabi/4.7.4/../../../../arm-none-eabi/lib\libc_s.a(lib_a-svfprintf.o)
                              c:/isis/application/toolchain/bin/../lib/gcc/arm-none-eabi/4.7.4/../../../../arm-none-eabi/lib\libc_s.a(lib_a-sprintf.o) (_svfprintf_r)
[...]
Memory Configuration

Name             Origin             Length             Attributes
sram0            0x00200000         0x00004000         w !xr
sram1            0x00300000         0x00004000         w !xr
sdram            0x20000000         0x02000000         w !xr
*default*        0x00000000         0xffffffff

Linker script and memory map

LOAD c:/isis/application/toolchain/bin/../lib/gcc/arm-none-eabi/4.7.4/../../../../arm-none-eabi/lib\libc_s.a
LOAD ./src/sub-systemCode/Main/CMD/COMM_CMD.o
LOAD ./src/sub-systemCode/Main/CMD/EPS_CMD.o
LOAD ./src/sub-systemCode/Main/CMD/General_CMD.o
LOAD ./src/sub-systemCode/Main/CMD/SW_CMD.o
LOAD ./src/sub-systemCode/Main/CMD/payload_CMD.o
LOAD ./src/sub-systemCode/Main/Ants.o
LOAD ./src/sub-systemCode/Main/EPS.o
LOAD ./src/sub-systemCode/Main/HouseKeeping.o
LOAD ./src/sub-systemCode/Main/Main_Init.o
LOAD ./src/sub-systemCode/Main/commands.o
LOAD ./src/sub-systemCode/Global/Global.o
LOAD ./src/sub-systemCode/Global/GlobalParam.o
LOAD ./src/sub-systemCode/Global/OnlineTM.o
LOAD ./src/sub-systemCode/Global/TLM_management.o
LOAD ./src/sub-systemCode/COMM/APRS.o
LOAD ./src/sub-systemCode/COMM/DelayedCommand_list.o
LOAD ./src/sub-systemCode/COMM/GSC.o
LOAD ./src/sub-systemCode/COMM/TRXVU.o
LOAD ./src/sub-systemCode/ADCS/ADCS.o
LOAD ./src/sub-systemCode/ADCS/Stage_Table.o
LOAD ./src/main.o
LOAD C:/HOOPOE3/satellite-subsystems/demo/..//satellite-subsystems/lib\libSatelliteSubsystemsD.a
LOAD c:/isis/application/toolchain/bin/../lib/gcc/arm-none-eabi/4.7.4/../../../../arm-none-eabi/lib\libm.a
LOAD C:/HOOPOE3/satellite-subsystems/demo/../..//hal/hcc/lib\libHCCD.a
LOAD C:/HOOPOE3/satellite-subsystems/demo/../..//hal/hal/lib\libHALD.a
LOAD C:/HOOPOE3/satellite-subsystems/demo/../..//hal/freertos/lib\libFreeRTOSD.a
LOAD C:/HOOPOE3/satellite-subsystems/demo/../..//hal/at91/lib\libAt91D.a
START GROUP
LOAD c:/isis/application/toolchain/bin/../lib/gcc/arm-none-eabi/4.7.4\libgcc.a
LOAD c:/isis/application/toolchain/bin/../lib/gcc/arm-none-eabi/4.7.4/../../../../arm-none-eabi/lib\libc_s.a
END GROUP

.fixed          0x20000000    0x42250
                0x20000000                . = ALIGN (0x4)
                0x20000000                _sfixed = .
 *(.startup)
 .startup       0x20000000      0x134 C:/HOOPOE3/satellite-subsystems/demo/../..//hal/at91/lib\libAt91D.a(board_cstartup.o)
                0x20000000                entry
 *(.text)
 .text          0x20000134       0x64 C:/HOOPOE3/satellite-subsystems/demo/../..//hal/at91/lib\libAt91D.a(cp15_asm.o)
                0x20000134                _readControlRegister
                0x20000140                _writeControlRegister
                0x20000148                _waitForInterrupt
                0x20000154                _writeTTB
                0x2000015c                _writeDomain
                0x20000164                _writeITLBLockdown
                0x2000016c                _prefetchICacheLine
                0x20000174                _flushDCache
                0x20000180                _flushWriteBuffer
                0x2000018c                _invalidateIDTLBs
 .text          0x20000198      0x114 c:/isis/application/toolchain/bin/../lib/gcc/arm-none-eabi/4.7.4\libgcc.a(_udivsi3.o)
                0x20000198                __aeabi_uidiv
                0x20000198                __udivsi3
                0x2000028c                __aeabi_uidivmod
 .text          0x200002ac      0x148 c:/isis/application/toolchain/bin/../lib/gcc/arm-none-eabi/4.7.4\libgcc.a(_divsi3.o)
                0x200002ac                __divsi3
                0x200002ac                __aeabi_idiv
                0x200003d4                __aeabi_idivmod
 .text          0x200003f4        0x4 c:/isis/application/toolchain/bin/../lib/gcc/arm-none-eabi/4.7.4\libgcc.a(_dvmd_tls.o)
                0x200003f4                __aeabi_idiv0
                0x200003f4                __aeabi_ldiv0
 .text          0x200003f8      0x41c c:/isis/application/toolchain/bin/../lib/gcc/arm-none-eabi/4.7.4\libgcc.a(_arm_addsubdf3.o)
                0x200003f8                __aeabi_drsub
                0x20000400                __aeabi_dsub
                0x20000400                __subdf3
                0x20000404                __aeabi_dadd
                0x20000404                __adddf3
                0x20000714                __floatunsidf
                0x20000714                __aeabi_ui2d
                0x20000738                __floatsidf
                0x20000738                __aeabi_i2d
                0x20000760                __aeabi_f2d
                0x20000760                __extendsfdf2
                0x200007a0                __floatundidf
                0x200007a0                __aeabi_ul2d
                0x200007b4                __floatdidf
                0x200007b4                __aeabi_l2d
 .text          0x20000814      0x49c c:/isis/application/toolchain/bin/../lib/gcc/arm-none-eabi/4.7.4\libgcc.a(_arm_muldivdf3.o)
                0x20000814                __aeabi_dmul
                0x20000814                __muldf3
                0x20000aa4                __divdf3
                0x20000aa4                __aeabi_ddiv
 .text          0x20000cb0      0x144 c:/isis/application/toolchain/bin/../lib/gcc/arm-none-eabi/4.7.4\libgcc.a(_arm_cmpdf2.o)
                0x20000cb0                __gtdf2
                0x20000cb0                __gedf2
                0x20000cb8                __ltdf2
                0x20000cb8                __ledf2
                0x20000cc0                __nedf2
                0x20000cc0                __eqdf2
                0x20000cc0                __cmpdf2
                0x20000d48                __aeabi_cdrcmple
                0x20000d64                __aeabi_cdcmpeq
                0x20000d64                __aeabi_cdcmple
                0x20000d7c                __aeabi_dcmpeq
                0x20000d94                __aeabi_dcmplt
                0x20000dac                __aeabi_dcmple
                0x20000dc4                __aeabi_dcmpge
                0x20000ddc                __aeabi_dcmpgt
 .text          0x20000df4       0x5c c:/isis/application/toolchain/bin/../lib/gcc/arm-none-eabi/4.7.4\libgcc.a(_arm_fixdfsi.o)
                0x20000df4                __aeabi_d2iz
                0x20000df4                __fixdfsi
 .text          0x20000e50       0x54 c:/isis/application/toolchain/bin/../lib/gcc/arm-none-eabi/4.7.4\libgcc.a(_arm_fixunsdfsi.o)
                0x20000e50                __aeabi_d2uiz
                0x20000e50                __fixunsdfsi
 .text          0x20000ea4       0xa0 c:/isis/application/toolchain/bin/../lib/gcc/arm-none-eabi/4.7.4\libgcc.a(_arm_truncdfsf2.o)
                0x20000ea4                __truncdfsf2
                0x20000ea4                __aeabi_d2f
 .text          0x20000f44      0x2ac c:/isis/application/toolchain/bin/../lib/gcc/arm-none-eabi/4.7.4\libgcc.a(_arm_addsubsf3.o)
                0x20000f44                __aeabi_frsub
                0x20000f4c                __subsf3
                0x20000f4c                __aeabi_fsub
                0x20000f50                __aeabi_fadd
                0x20000f50                __addsf3
                0x2000110c                __aeabi_ui2f
                0x2000110c                __floatunsisf
                0x20001114                __aeabi_i2f
                0x20001114                __floatsisf
                0x20001134                __aeabi_ul2f
                0x20001134                __floatundisf
                0x20001144                __aeabi_l2f
                0x20001144                __floatdisf
 .text          0x200011f0      0x2f8 c:/isis/application/toolchain/bin/../lib/gcc/arm-none-eabi/4.7.4\libgcc.a(_arm_muldivsf3.o)
                0x200011f0                __mulsf3
                0x200011f0                __aeabi_fmul
                0x20001388                __aeabi_fdiv
                0x20001388                __divsf3
 .text          0x200014e8      0x114 c:/isis/application/toolchain/bin/../lib/gcc/arm-none-eabi/4.7.4\libgcc.a(_arm_cmpsf2.o)
                0x200014e8                __gesf2
                0x200014e8                __gtsf2
                0x200014f0                __lesf2
                0x200014f0                __ltsf2
                0x200014f8                __nesf2
                0x200014f8                __eqsf2
                0x200014f8                __cmpsf2
                0x2000155c                __aeabi_cfrcmple
                0x2000156c                __aeabi_cfcmpeq
                0x2000156c                __aeabi_cfcmple
                0x20001584                __aeabi_fcmpeq
                0x2000159c                __aeabi_fcmplt
                0x200015b4                __aeabi_fcmple
                0x200015cc                __aeabi_fcmpge
                0x200015e4                __aeabi_fcmpgt
 .text          0x200015fc       0x54 c:/isis/application/toolchain/bin/../lib/gcc/arm-none-eabi/4.7.4\libgcc.a(_arm_fixunssfsi.o)
                0x200015fc                __fixunssfsi
                0x200015fc                __aeabi_f2uiz
 *(.text*)
 .text.__cvt    0x20001650      0x138 c:/isis/application/toolchain/bin/../lib/gcc/arm-none-eabi/4.7.4/../../../../arm-none-eabi/lib\libc_s.a(lib_a-vfprintf_float.o)
                0x20001650                __cvt
 .text.__exponent
                0x20001788       0xa8 c:/isis/application/toolchain/bin/../lib/gcc/arm-none-eabi/4.7.4/../../../../arm-none-eabi/lib\libc_s.a(lib_a-vfprintf_float.o)
                0x20001788                __exponent
 .text._printf_float
                0x20001830      0x7dc c:/isis/application/toolchain/bin/../lib/gcc/arm-none-eabi/4.7.4/../../../../arm-none-eabi/lib\libc_s.a(lib_a-vfprintf_float.o)
                0x20001830                _printf_float
 .text._printf_common
                0x2000200c      0x174 c:/isis/application/toolchain/bin/../lib/gcc/arm-none-eabi/4.7.4/../../../../arm-none-eabi/lib\libc_s.a(lib_a-vfprintf_i.o)
                0x2000200c                _printf_common
 .text._printf_i
                0x20002180      0x3c4 c:/isis/application/toolchain/bin/../lib/gcc/arm-none-eabi/4.7.4/../../../../arm-none-eabi/lib\libc_s.a(lib_a-vfprintf_i.o)
                0x20002180                _printf_i
 .text._scanf_float
                0x20002544      0x5f4 c:/isis/application/toolchain/bin/../lib/gcc/arm-none-eabi/4.7.4/../../../../arm-none-eabi/lib\libc_s.a(lib_a-vfscanf_float.o)
                0x20002544                _scanf_float
 .text.quorem   0x20002b38      0x1ac c:/isis/application/toolchain/bin/../lib/gcc/arm-none-eabi/4.7.4/../../../../arm-none-eabi/lib\libc_s.a(lib_a-dtoa.o)
 .text._dtoa_r  0x20002ce4     0x1268 c:/isis/application/toolchain/bin/../lib/gcc/arm-none-eabi/4.7.4/../../../../arm-none-eabi/lib\libc_s.a(lib_a-dtoa.o)
                0x20002ce4                _dtoa_r
 .text._localeconv_r
                0x20003f4c        0xc c:/isis/application/toolchain/bin/../lib/gcc/arm-none-eabi/4.7.4/../../../../arm-none-eabi/lib\libc_s.a(lib_a-locale.o)
                0x20003f4c                _localeconv_r
 .text.malloc   0x20003f58       0x20 c:/isis/application/toolchain/bin/../lib/gcc/arm-none-eabi/4.7.4/../../../../arm-none-eabi/lib\libc_s.a(lib_a-malloc.o)
                0x20003f58                malloc
 .text.free     0x20003f78       0x20 c:/isis/application/toolchain/bin/../lib/gcc/arm-none-eabi/4.7.4/../../../../arm-none-eabi/lib\libc_s.a(lib_a-malloc.o)
                0x20003f78                free
 .text._malloc_r
                0x20003f98       0xfc c:/isis/application/toolchain/bin/../lib/gcc/arm-none-eabi/4.7.4/../../../../arm-none-eabi/lib\libc_s.a(lib_a-mallocr.o)
                0x20003f98                _malloc_r
 .text.memcpy   0x20004094       0x20 c:/isis/application/toolchain/bin/../lib/gcc/arm-none-eabi/4.7.4/../../../../arm-none-eabi/lib\libc_s.a(lib_a-memcpy.o)
                0x20004094                memcpy
 .text._Balloc  0x200040b4       0xcc c:/isis/application/toolchain/bin/../lib/gcc/arm-none-eabi/4.7.4/../../../../arm-none-eabi/lib\libc_s.a(lib_a-mprec.o)
                0x200040b4                _Balloc
 .text._Bfree   0x20004180       0x5c c:/isis/application/toolchain/bin/../lib/gcc/arm-none-eabi/4.7.4/../../../../arm-none-eabi/lib\libc_s.a(lib_a-mprec.o)
                0x20004180                _Bfree
 .text.__multadd
                0x200041dc       0xbc c:/isis/application/toolchain/bin/../lib/gcc/arm-none-eabi/4.7.4/../../../../arm-none-eabi/lib\libc_s.a(lib_a-mprec.o)
                0x200041dc                __multadd
 .text.__s2b    0x20004298       0xd8 c:/isis/application/toolchain/bin/../lib/gcc/arm-none-eabi/4.7.4/../../../../arm-none-eabi/lib\libc_s.a(lib_a-mprec.o)
                0x20004298                __s2b
 .text.__hi0bits
                0x20004370       0x58 c:/isis/application/toolchain/bin/../lib/gcc/arm-none-eabi/4.7.4/../../../../arm-none-eabi/lib\libc_s.a(lib_a-mprec.o)
                0x20004370                __hi0bits
 .text.__lo0bits
                0x200043c8       0x94 c:/isis/application/toolchain/bin/../lib/gcc/arm-none-eabi/4.7.4/../../../../arm-none-eabi/lib\libc_s.a(lib_a-mprec.o)
                0x200043c8                __lo0bits
 .text.__i2b    0x2000445c       0x24 c:/isis/application/toolchain/bin/../lib/gcc/arm-none-eabi/4.7.4/../../../../arm-none-eabi/lib\libc_s.a(lib_a-mprec.o)
                0x2000445c                __i2b
 .text.__multiply
                0x20004480      0x1ac c:/isis/application/toolchain/bin/../lib/gcc/arm-none-eabi/4.7.4/../../../../arm-none-eabi/lib\libc_s.a(lib_a-mprec.o)
                0x20004480                __multiply
 .text.__pow5mult
                0x2000462c      0x10c c:/isis/application/toolchain/bin/../lib/gcc/arm-none-eabi/4.7.4/../../../../arm-none-eabi/lib\libc_s.a(lib_a-mprec.o)
                0x2000462c                __pow5mult
 .text.__lshift
                0x20004738       0xf0 c:/isis/application/toolchain/bin/../lib/gcc/arm-none-eabi/4.7.4/../../../../arm-none-eabi/lib\libc_s.a(lib_a-mprec.o)
                0x20004738                __lshift
 .text.__mcmp   0x20004828       0x60 c:/isis/application/toolchain/bin/../lib/gcc/arm-none-eabi/4.7.4/../../../../arm-none-eabi/lib\libc_s.a(lib_a-mprec.o)
                0x20004828                __mcmp
 .text.__mdiff  0x20004888      0x128 c:/isis/application/toolchain/bin/../lib/gcc/arm-none-eabi/4.7.4/../../../../arm-none-eabi/lib\libc_s.a(lib_a-mprec.o)
                0x20004888                __mdiff
 .text.__ulp    0x200049b0       0x5c c:/isis/application/toolchain/bin/../lib/gcc/arm-none-eabi/4.7.4/../../../../arm-none-eabi/lib\libc_s.a(lib_a-mprec.o)
                0x200049b0                __ulp
 .text.__b2d    0x20004a0c       0xc8 c:/isis/application/toolchain/bin/../lib/gcc/arm-none-eabi/4.7.4/../../../../arm-none-eabi/lib\libc_s.a(lib_a-mprec.o)
                0x20004a0c                __b2d
 .text.__d2b    0x20004ad4       0xfc c:/isis/application/toolchain/bin/../lib/gcc/arm-none-eabi/4.7.4/../../../../arm-none-eabi/lib\libc_s.a(lib_a-mprec.o)
                0x20004ad4                __d2b
 .text.__ratio  0x20004bd0       0x70 c:/isis/application/toolchain/bin/../lib/gcc/arm-none-eabi/4.7.4/../../../../arm-none-eabi/lib\libc_s.a(lib_a-mprec.o)
                0x20004bd0                __ratio
 .text.__copybits
                0x20004c40       0x4c c:/isis/application/toolchain/bin/../lib/gcc/arm-none-eabi/4.7.4/../../../../arm-none-eabi/lib\libc_s.a(lib_a-mprec.o)
                0x20004c40                __copybits
 .text.__any_on
                0x20004c8c       0x7c c:/isis/application/toolchain/bin/../lib/gcc/arm-none-eabi/4.7.4/../../../../arm-none-eabi/lib\libc_s.a(lib_a-mprec.o)
                0x20004c8c                __any_on
 .text.__fpclassifyd
                0x20004d08       0x6c c:/isis/application/toolchain/bin/../lib/gcc/arm-none-eabi/4.7.4/../../../../arm-none-eabi/lib\libc_s.a(lib_a-s_fpclassify.o)
                0x20004d08                __fpclassifyd
 .text._sbrk_r  0x20004d74       0x3c c:/isis/application/toolchain/bin/../lib/gcc/arm-none-eabi/4.7.4/../../../../arm-none-eabi/lib\libc_s.a(lib_a-sbrkr.o)
                0x20004d74                _sbrk_r
 .text.nanf     0x20004db0        0xc c:/isis/application/toolchain/bin/../lib/gcc/arm-none-eabi/4.7.4/../../../../arm-none-eabi/lib\libc_s.a(lib_a-sf_nan.o)
                0x20004db0                nanf
 .text.sprintf  0x20004dbc       0x6c c:/isis/application/toolchain/bin/../lib/gcc/arm-none-eabi/4.7.4/../../../../arm-none-eabi/lib\libc_s.a(lib_a-sprintf.o)
                0x20004dbc                siprintf
                0x20004dbc                sprintf
 .text.strcmp   0x20004e28       0x1c c:/isis/application/toolchain/bin/../lib/gcc/arm-none-eabi/4.7.4/../../../../arm-none-eabi/lib\libc_s.a(lib_a-strcmp.o)
                0x20004e28                strcmp
 .text.strlen   0x20004e44       0x1c c:/isis/application/toolchain/bin/../lib/gcc/arm-none-eabi/4.7.4/../../../../arm-none-eabi/lib\libc_s.a(lib_a-strlen.o)
                0x20004e44                strlen
 .text.match    0x20004e60       0x54 c:/isis/application/toolchain/bin/../lib/gcc/arm-none-eabi/4.7.4/../../../../arm-none-eabi/lib\libc_s.a(lib_a-strtod.o)
 .text._strtod_r
                0x20004eb4     0x1168 c:/isis/application/toolchain/bin/../lib/gcc/arm-none-eabi/4.7.4/../../../../arm-none-eabi/lib\libc_s.a(lib_a-strtod.o)
                0x20004eb4                _strtod_r
 .text._strtol_r
                0x2000601c      0x1b8 c:/isis/application/toolchain/bin/../lib/gcc/arm-none-eabi/4.7.4/../../../../arm-none-eabi/lib\libc_s.a(lib_a-strtol.o)
                0x2000601c                _strtol_r
 .text.__ssputc_r
                0x200061d4      0x10c c:/isis/application/toolchain/bin/../lib/gcc/arm-none-eabi/4.7.4/../../../../arm-none-eabi/lib\libc_s.a(lib_a-svfprintf.o)
                0x200061d4                __ssputc_r
 .text._svfprintf_r
                0x200062e0      0x328 c:/isis/application/toolchain/bin/../lib/gcc/arm-none-eabi/4.7.4/../../../../arm-none-eabi/lib\libc_s.a(lib_a-svfprintf.o)
                0x200062e0                _svfiprintf_r
                0x200062e0                _svfprintf_r
 .text._calloc_r
                0x20006608       0x2c c:/isis/application/toolchain/bin/../lib/gcc/arm-none-eabi/4.7.4/../../../../arm-none-eabi/lib\libc_s.a(lib_a-callocr.o)
                0x20006608                _calloc_r
 .text._free_r  0x20006634      0x108 c:/isis/application/toolchain/bin/../lib/gcc/arm-none-eabi/4.7.4/../../../../arm-none-eabi/lib\libc_s.a(lib_a-freer.o)
                0x20006634                _free_r
 .text.rshift   0x2000673c       0xb0 c:/isis/application/toolchain/bin/../lib/gcc/arm-none-eabi/4.7.4/../../../../arm-none-eabi/lib\libc_s.a(lib_a-gdtoa-gethex.o)
 .text.htinit.constprop.0
                0x200067ec       0x34 c:/isis/application/toolchain/bin/../lib/gcc/arm-none-eabi/4.7.4/../../../../arm-none-eabi/lib\libc_s.a(lib_a-gdtoa-gethex.o)
 .text.__hexdig_init
                0x20006820       0x38 c:/isis/application/toolchain/bin/../lib/gcc/arm-none-eabi/4.7.4/../../../../arm-none-eabi/lib\libc_s.a(lib_a-gdtoa-gethex.o)
                0x20006820                __hexdig_init
 .text.__gethex
                0x20006858      0x6cc c:/isis/application/toolchain/bin/../lib/gcc/arm-none-eabi/4.7.4/../../../../arm-none-eabi/lib\libc_s.a(lib_a-gdtoa-gethex.o)
                0x20006858                __gethex
 .text.L_shift  0x20006f24       0x38 c:/isis/application/toolchain/bin/../lib/gcc/arm-none-eabi/4.7.4/../../../../arm-none-eabi/lib\libc_s.a(lib_a-gdtoa-hexnan.o)
 .text.__hexnan
                0x20006f5c      0x1d8 c:/isis/application/toolchain/bin/../lib/gcc/arm-none-eabi/4.7.4/../../../../arm-none-eabi/lib\libc_s.a(lib_a-gdtoa-hexnan.o)
                0x20006f5c                __hexnan
 .text.memchr   0x20007134       0x34 c:/isis/application/toolchain/bin/../lib/gcc/arm-none-eabi/4.7.4/../../../../arm-none-eabi/lib\libc_s.a(lib_a-memchr.o)
                0x20007134                memchr
 .text.memset   0x20007168       0x1c c:/isis/application/toolchain/bin/../lib/gcc/arm-none-eabi/4.7.4/../../../../arm-none-eabi/lib\libc_s.a(lib_a-memset.o)
                0x20007168                memset
 .text._realloc_r
                0x20007184       0x80 c:/isis/application/toolchain/bin/../lib/gcc/arm-none-eabi/4.7.4/../../../../arm-none-eabi/lib\libc_s.a(lib_a-reallocr.o)
                0x20007184                _realloc_r
 .text.strncmp  0x20007204       0x64 c:/isis/application/toolchain/bin/../lib/gcc/arm-none-eabi/4.7.4/../../../../arm-none-eabi/lib\libc_s.a(lib_a-strncmp.o)
                0x20007204                strncmp
 .text._malloc_usable_size_r
                0x20007268       0x1c c:/isis/application/toolchain/bin/../lib/gcc/arm-none-eabi/4.7.4/../../../../arm-none-eabi/lib\libc_s.a(lib_a-msizer.o)
                0x20007268                _malloc_usable_size_r
 .text.cmd_mute
                0x20007284       0xc4 ./src/sub-systemCode/Main/CMD/COMM_CMD.o
                0x20007284                cmd_mute
 .text.cmd_unmute
                0x20007348       0x4c ./src/sub-systemCode/Main/CMD/COMM_CMD.o
                0x20007348                cmd_unmute
 .text.cmd_active_trans
                0x20007394       0xc0 ./src/sub-systemCode/Main/CMD/COMM_CMD.o
                0x20007394                cmd_active_trans
 .text.cmd_shut_trans
                0x20007454       0x38 ./src/sub-systemCode/Main/CMD/COMM_CMD.o
                0x20007454                cmd_shut_trans
 .text.cmd_change_trans_rssi
                0x2000748c      0x100 ./src/sub-systemCode/Main/CMD/COMM_CMD.o
                0x2000748c                cmd_change_trans_rssi
 .text.cmd_aprs_dump
                0x2000758c       0x50 ./src/sub-systemCode/Main/CMD/COMM_CMD.o
                0x2000758c                cmd_aprs_dump
 .text.cmd_stop_dump
                0x200075dc       0x38 ./src/sub-systemCode/Main/CMD/COMM_CMD.o
                0x200075dc                cmd_stop_dump
 .text.cmd_time_frequency
                0x20007614       0xc0 ./src/sub-systemCode/Main/CMD/COMM_CMD.o
                0x20007614                cmd_time_frequency
 .text.cmd_change_def_bit_rate
                0x200076d4      0x158 ./src/sub-systemCode/Main/CMD/COMM_CMD.o
                0x200076d4                cmd_change_def_bit_rate
 .text.cmd_upload_volt_logic
                0x2000782c      0x334 ./src/sub-systemCode/Main/CMD/EPS_CMD.o
                0x2000782c                cmd_upload_volt_logic
 .text.cmd_upload_volt_COMM
                0x20007b60      0x1c8 ./src/sub-systemCode/Main/CMD/EPS_CMD.o
                0x20007b60                cmd_upload_volt_COMM
 .text.cmd_heater_temp
                0x20007d28       0xc0 ./src/sub-systemCode/Main/CMD/EPS_CMD.o
                0x20007d28                cmd_heater_temp
 .text.cmd_SHUT_CAM
                0x20007de8       0x6c ./src/sub-systemCode/Main/CMD/EPS_CMD.o
                0x20007de8                cmd_SHUT_CAM
 .text.cmd_SHUT_ADCS
                0x20007e54       0x6c ./src/sub-systemCode/Main/CMD/EPS_CMD.o
                0x20007e54                cmd_SHUT_ADCS
 .text.cmd_allow_CAM
                0x20007ec0       0x6c ./src/sub-systemCode/Main/CMD/EPS_CMD.o
                0x20007ec0                cmd_allow_CAM
 .text.cmd_allow_ADCS
                0x20007f2c       0x6c ./src/sub-systemCode/Main/CMD/EPS_CMD.o
                0x20007f2c                cmd_allow_ADCS
 .text.cmd_update_alpha
                0x20007f98       0xfc ./src/sub-systemCode/Main/CMD/EPS_CMD.o
                0x20007f98                cmd_update_alpha
 .text.cmd_generic_I2C
                0x20008094       0xb4 ./src/sub-systemCode/Main/CMD/General_CMD.o
                0x20008094                cmd_generic_I2C
 .text.cmd_dump
                0x20008148       0xf0 ./src/sub-systemCode/Main/CMD/General_CMD.o
                0x20008148                cmd_dump
 .text.cmd_delete_TM
                0x20008238      0x230 ./src/sub-systemCode/Main/CMD/General_CMD.o
                0x20008238                cmd_delete_TM
 .text.cmd_reset_file
                0x20008468      0x118 ./src/sub-systemCode/Main/CMD/General_CMD.o
                0x20008468                cmd_reset_file
 .text.cmd_dummy_func
                0x20008580       0x40 ./src/sub-systemCode/Main/CMD/General_CMD.o
                0x20008580                cmd_dummy_func
 .text.cmd_soft_reset_cmponent
                0x200085c0       0xac ./src/sub-systemCode/Main/CMD/General_CMD.o
                0x200085c0                cmd_soft_reset_cmponent
 .text.cmd_hard_reset_cmponent
                0x2000866c       0xac ./src/sub-systemCode/Main/CMD/General_CMD.o
                0x2000866c                cmd_hard_reset_cmponent
 .text.cmd_reset_satellite
                0x20008718       0x78 ./src/sub-systemCode/Main/CMD/General_CMD.o
                0x20008718                cmd_reset_satellite
 .text.cmd_gracefull_reset_satellite
                0x20008790       0x78 ./src/sub-systemCode/Main/CMD/General_CMD.o
                0x20008790                cmd_gracefull_reset_satellite
 .text.cmd_upload_time
                0x20008808       0xb0 ./src/sub-systemCode/Main/CMD/General_CMD.o
                0x20008808                cmd_upload_time
 .text.cmd_ARM_DIARM
                0x200088b8       0xd4 ./src/sub-systemCode/Main/CMD/General_CMD.o
                0x200088b8                cmd_ARM_DIARM
 .text.cmd_get_onlineTM
                0x2000898c       0xb8 ./src/sub-systemCode/Main/CMD/General_CMD.o
                0x2000898c                cmd_get_onlineTM
 .text.cmd_reset_off_line
                0x20008a44       0x68 ./src/sub-systemCode/Main/CMD/General_CMD.o
                0x20008a44                cmd_reset_off_line
 .text.cmd_add_item_off_line
                0x20008aac       0xf4 ./src/sub-systemCode/Main/CMD/General_CMD.o
                0x20008aac                cmd_add_item_off_line
 .text.cmd_get_off_line_setting
                0x20008ba0      0x108 ./src/sub-systemCode/Main/CMD/General_CMD.o
                0x20008ba0                cmd_get_off_line_setting
 .text.cmd_reset_delayed_command_list
                0x20008ca8       0x3c ./src/sub-systemCode/Main/CMD/SW_CMD.o
                0x20008ca8                cmd_reset_delayed_command_list
 .text.cmd_reset_APRS_list
                0x20008ce4       0x3c ./src/sub-systemCode/Main/CMD/SW_CMD.o
                0x20008ce4                cmd_reset_APRS_list
 .text.cmd_reset_FRAM
                0x20008d20       0xe8 ./src/sub-systemCode/Main/CMD/SW_CMD.o
                0x20008d20                cmd_reset_FRAM
 .text.ARM_ants
                0x20008e08       0xb8 ./src/sub-systemCode/Main/Ants.o
                0x20008e08                ARM_ants
 .text.DISARM_ants
                0x20008ec0       0xb8 ./src/sub-systemCode/Main/Ants.o
                0x20008ec0                DISARM_ants
 .text.round_vol
                0x20008f78      0x124 ./src/sub-systemCode/Main/EPS.o
                0x20008f78                round_vol
 .text.get_shut_ADCS
                0x2000909c       0x48 ./src/sub-systemCode/Main/EPS.o
                0x2000909c                get_shut_ADCS
 .text.shut_ADCS
                0x200090e4       0x44 ./src/sub-systemCode/Main/EPS.o
                0x200090e4                shut_ADCS
 .text.get_shut_CAM
                0x20009128       0x48 ./src/sub-systemCode/Main/EPS.o
                0x20009128                get_shut_CAM
 .text.shut_CAM
                0x20009170       0x44 ./src/sub-systemCode/Main/EPS.o
                0x20009170                shut_CAM
 .text.update_powerLines
                0x200091b4       0xec ./src/sub-systemCode/Main/EPS.o
                0x200091b4                update_powerLines
 .text.init_enterMode
                0x200092a0       0x88 ./src/sub-systemCode/Main/EPS.o
                0x200092a0                init_enterMode
 .text.EPS_Init
                0x20009328      0x1c8 ./src/sub-systemCode/Main/EPS.o
                0x20009328                EPS_Init
 .text.reset_FRAM_EPS
                0x200094f0       0xe0 ./src/sub-systemCode/Main/EPS.o
                0x200094f0                reset_FRAM_EPS
 .text.reset_EPS_voltages
                0x200095d0       0xbc ./src/sub-systemCode/Main/EPS.o
                0x200095d0                reset_EPS_voltages
 .text.battery_downward
                0x2000968c      0x114 ./src/sub-systemCode/Main/EPS.o
                0x2000968c                battery_downward
 .text.battery_upward
                0x200097a0      0x120 ./src/sub-systemCode/Main/EPS.o
                0x200097a0                battery_upward
 .text.EPS_Conditioning
                0x200098c0      0x230 ./src/sub-systemCode/Main/EPS.o
                0x200098c0                EPS_Conditioning
 .text.overRide_ADCS
                0x20009af0       0x50 ./src/sub-systemCode/Main/EPS.o
                0x20009af0                overRide_ADCS
 .text.overRide_Camera
                0x20009b40       0x38 ./src/sub-systemCode/Main/EPS.o
                0x20009b40                overRide_Camera
 .text.EnterFullMode
                0x20009b78       0xfc ./src/sub-systemCode/Main/EPS.o
                0x20009b78                EnterFullMode
 .text.EnterCruiseMode
                0x20009c74       0xec ./src/sub-systemCode/Main/EPS.o
                0x20009c74                EnterCruiseMode
 .text.EnterSafeMode
                0x20009d60       0xec ./src/sub-systemCode/Main/EPS.o
                0x20009d60                EnterSafeMode
 .text.EnterCriticalMode
                0x20009e4c       0xd8 ./src/sub-systemCode/Main/EPS.o
                0x20009e4c                EnterCriticalMode
 .text.check_EPSTableCorrection
                0x20009f24      0x120 ./src/sub-systemCode/Main/EPS.o
                0x20009f24                check_EPSTableCorrection
 .text.save_ACK
                0x2000a044       0xa0 ./src/sub-systemCode/Main/HouseKeeping.o
                0x2000a044                save_ACK
 .text.set_GP_EPS
                0x2000a0e4      0x10c ./src/sub-systemCode/Main/HouseKeeping.o
                0x2000a0e4                set_GP_EPS
 .text.set_GP_COMM
                0x2000a1f0       0x88 ./src/sub-systemCode/Main/HouseKeeping.o
                0x2000a1f0                set_GP_COMM
 .text.SP_HK_collect
                0x2000a278      0x17c ./src/sub-systemCode/Main/HouseKeeping.o
                0x2000a278                SP_HK_collect
 .text.EPS_HK_collect
                0x2000a3f4      0x4d8 ./src/sub-systemCode/Main/HouseKeeping.o
                0x2000a3f4                EPS_HK_collect
 .text.CAM_HK_collect
                0x2000a8cc      0x91c ./src/sub-systemCode/Main/HouseKeeping.o
                0x2000a8cc                CAM_HK_collect
 .text.COMM_HK_collect
                0x2000b1e8      0x20c ./src/sub-systemCode/Main/HouseKeeping.o
                0x2000b1e8                COMM_HK_collect
 .text.FS_HK_collect
                0x2000b3f4      0x194 ./src/sub-systemCode/Main/HouseKeeping.o
                0x2000b3f4                FS_HK_collect
 .text.HK_find_fileName
                0x2000b588       0xd0 ./src/sub-systemCode/Main/HouseKeeping.o
                0x2000b588                HK_find_fileName
 .text.HK_findElementSize
                0x2000b658       0x7c ./src/sub-systemCode/Main/HouseKeeping.o
                0x2000b658                HK_findElementSize
 .text.build_HK_spl_packet
                0x2000b6d4      0x150 ./src/sub-systemCode/Main/HouseKeeping.o
                0x2000b6d4                build_HK_spl_packet
 .text.test_menu
                0x2000b824       0xd8 ./src/sub-systemCode/Main/Main_Init.o
                0x2000b824                test_menu
 .text.numberOfRestarts
                0x2000b8fc       0x94 ./src/sub-systemCode/Main/Main_Init.o
                0x2000b8fc                numberOfRestarts
 .text.StartFRAM
                0x2000b990       0x38 ./src/sub-systemCode/Main/Main_Init.o
                0x2000b990                StartFRAM
 .text.StartI2C
                0x2000b9c8       0x44 ./src/sub-systemCode/Main/Main_Init.o
                0x2000b9c8                StartI2C
 .text.StartSPI
                0x2000ba0c       0x40 ./src/sub-systemCode/Main/Main_Init.o
                0x2000ba0c                StartSPI
 .text.StartTIME
                0x2000ba4c      0x118 ./src/sub-systemCode/Main/Main_Init.o
                0x2000ba4c                StartTIME
 .text.first_activation
                0x2000bb64       0x7c ./src/sub-systemCode/Main/Main_Init.o
                0x2000bb64                first_activation
 .text.InitSubsystems
                0x2000bbe0       0x60 ./src/sub-systemCode/Main/Main_Init.o
                0x2000bbe0                InitSubsystems
 .text.SubSystemTaskStart
                0x2000bc40       0x9c ./src/sub-systemCode/Main/Main_Init.o
                0x2000bc40                SubSystemTaskStart
 .text.save_ACK_s
                0x2000bcdc       0x5c ./src/sub-systemCode/Main/commands.o
                0x2000bcdc                save_ACK_s
 .text.copy_command
                0x2000bd38       0x80 ./src/sub-systemCode/Main/commands.o
                0x2000bd38                copy_command
 .text.reset_command
                0x2000bdb8       0x28 ./src/sub-systemCode/Main/commands.o
                0x2000bdb8                reset_command
 .text.init_command
                0x2000bde0       0xd4 ./src/sub-systemCode/Main/commands.o
                0x2000bde0                init_command
 .text.add_command
                0x2000beb4      0x138 ./src/sub-systemCode/Main/commands.o
                0x2000beb4                add_command
 .text.get_command
                0x2000bfec      0x1cc ./src/sub-systemCode/Main/commands.o
                0x2000bfec                get_command
 .text.act_upon_command
                0x2000c1b8      0x200 ./src/sub-systemCode/Main/commands.o
                0x2000c1b8                act_upon_command
 .text.cmd_error
                0x2000c3b8       0x38 ./src/sub-systemCode/Main/commands.o
                0x2000c3b8                cmd_error
 .text.AUC_COMM
                0x2000c3f0      0x25c ./src/sub-systemCode/Main/commands.o
                0x2000c3f0                AUC_COMM
 .text.AUC_general
                0x2000c64c      0x474 ./src/sub-systemCode/Main/commands.o
                0x2000c64c                AUC_general
 .text.AUC_payload
                0x2000cac0      0x110 ./src/sub-systemCode/Main/commands.o
                0x2000cac0                AUC_payload
 .text.AUC_EPS  0x2000cbd0      0x28c ./src/sub-systemCode/Main/commands.o
                0x2000cbd0                AUC_EPS
 .text.AUC_ADCS
                0x2000ce5c       0x5c ./src/sub-systemCode/Main/commands.o
                0x2000ce5c                AUC_ADCS
 .text.AUC_SW   0x2000ceb8       0xe4 ./src/sub-systemCode/Main/commands.o
                0x2000ceb8                AUC_SW
 .text.AUC_onlineTM
                0x2000cf9c      0x1ac ./src/sub-systemCode/Main/commands.o
                0x2000cf9c                AUC_onlineTM
 .text.AUC_special_operation
                0x2000d148       0x8c ./src/sub-systemCode/Main/commands.o
                0x2000d148                AUC_special_operation
 .text.check_int
                0x2000d1d4       0x3c ./src/sub-systemCode/Global/Global.o
                0x2000d1d4                check_int
 .text.check_portBASE_TYPE
                0x2000d210       0x3c ./src/sub-systemCode/Global/Global.o
                0x2000d210                check_portBASE_TYPE
 .text.soft_reset_subsystem
                0x2000d24c       0xd8 ./src/sub-systemCode/Global/Global.o
                0x2000d24c                soft_reset_subsystem
 .text.hard_reset_subsystem
                0x2000d324      0x104 ./src/sub-systemCode/Global/Global.o
                0x2000d324                hard_reset_subsystem
 .text.BigEnE_raw_to_uInt
                0x2000d428       0x94 ./src/sub-systemCode/Global/Global.o
                0x2000d428                BigEnE_raw_to_uInt
 .text.BigEnE_raw_to_uShort
                0x2000d4bc       0x50 ./src/sub-systemCode/Global/Global.o
                0x2000d4bc                BigEnE_raw_to_uShort
 .text.BigEnE_uInt_to_raw
                0x2000d50c       0x78 ./src/sub-systemCode/Global/Global.o
                0x2000d50c                BigEnE_uInt_to_raw
 .text.reset_FRAM_MAIN
                0x2000d584      0x19c ./src/sub-systemCode/Global/Global.o
                0x2000d584                reset_FRAM_MAIN
 .text.terminateTask
                0x2000d720       0x18 ./src/sub-systemCode/Global/Global.o
                0x2000d720                terminateTask
 .text.init_GP  0x2000d738      0x300 ./src/sub-systemCode/Global/GlobalParam.o
                0x2000d738                init_GP
 .text.get_system_state
                0x2000da38      0x268 ./src/sub-systemCode/Global/GlobalParam.o
                0x2000da38                get_system_state
 .text.set_system_state
                0x2000dca0      0x298 ./src/sub-systemCode/Global/GlobalParam.o
                0x2000dca0                set_system_state
 .text.get_current_global_param
                0x2000df38      0x5c8 ./src/sub-systemCode/Global/GlobalParam.o
                0x2000df38                get_current_global_param
 .text.set_Vbatt
                0x2000e500       0x8c ./src/sub-systemCode/Global/GlobalParam.o
                0x2000e500                set_Vbatt
 .text.get_Vbatt
                0x2000e58c       0x8c ./src/sub-systemCode/Global/GlobalParam.o
                0x2000e58c                get_Vbatt
 .text.set_curBat
                0x2000e618       0x8c ./src/sub-systemCode/Global/GlobalParam.o
                0x2000e618                set_curBat
 .text.set_cur3V3
                0x2000e6a4       0x8c ./src/sub-systemCode/Global/GlobalParam.o
                0x2000e6a4                set_cur3V3
 .text.set_cur5V
                0x2000e730       0x8c ./src/sub-systemCode/Global/GlobalParam.o
                0x2000e730                set_cur5V
 .text.set_tempComm_LO
                0x2000e7bc       0x8c ./src/sub-systemCode/Global/GlobalParam.o
                0x2000e7bc                set_tempComm_LO
 .text.set_tempComm_PA
                0x2000e848       0x8c ./src/sub-systemCode/Global/GlobalParam.o
                0x2000e848                set_tempComm_PA
 .text.set_tempEPS
                0x2000e8d4       0xc8 ./src/sub-systemCode/Global/GlobalParam.o
                0x2000e8d4                set_tempEPS
 .text.set_tempBatt
                0x2000e99c       0xc8 ./src/sub-systemCode/Global/GlobalParam.o
                0x2000e99c                set_tempBatt
 .text.set_RxDoppler
                0x2000ea64       0x8c ./src/sub-systemCode/Global/GlobalParam.o
                0x2000ea64                set_RxDoppler
 .text.set_RxRSSI
                0x2000eaf0       0x8c ./src/sub-systemCode/Global/GlobalParam.o
                0x2000eaf0                set_RxRSSI
 .text.set_TxRefl
                0x2000eb7c       0x8c ./src/sub-systemCode/Global/GlobalParam.o
                0x2000eb7c                set_TxRefl
 .text.set_TxForw
                0x2000ec08       0x8c ./src/sub-systemCode/Global/GlobalParam.o
                0x2000ec08                set_TxForw
 .text.get_ST   0x2000ec94       0x8c ./src/sub-systemCode/Global/GlobalParam.o
                0x2000ec94                get_ST
 .text.set_numOfAPRS
                0x2000ed20       0x8c ./src/sub-systemCode/Global/GlobalParam.o
                0x2000ed20                set_numOfAPRS
 .text.set_numOfDelayedCommand
                0x2000edac       0x8c ./src/sub-systemCode/Global/GlobalParam.o
                0x2000edac                set_numOfDelayedCommand
 .text.set_numOfResets
                0x2000ee38       0xac ./src/sub-systemCode/Global/GlobalParam.o
                0x2000ee38                set_numOfResets
 .text.set_ground_conn
                0x2000eee4       0xa0 ./src/sub-systemCode/Global/GlobalParam.o
                0x2000eee4                set_ground_conn
 .text.get_ground_conn
                0x2000ef84       0xa0 ./src/sub-systemCode/Global/GlobalParam.o
                0x2000ef84                get_ground_conn
 .text.IsisAntS_getStatusData_sideA
                0x2000f024       0x3c ./src/sub-systemCode/Global/OnlineTM.o
                0x2000f024                IsisAntS_getStatusData_sideA
 .text.IsisAntS_getAlltelemetry_sideA
                0x2000f060       0x3c ./src/sub-systemCode/Global/OnlineTM.o
                0x2000f060                IsisAntS_getAlltelemetry_sideA
 .text.IsisAntS_getTemperature_sideA
                0x2000f09c       0x3c ./src/sub-systemCode/Global/OnlineTM.o
                0x2000f09c                IsisAntS_getTemperature_sideA
 .text.IsisAntS_getStatusData_sideB
                0x2000f0d8       0x3c ./src/sub-systemCode/Global/OnlineTM.o
                0x2000f0d8                IsisAntS_getStatusData_sideB
 .text.IsisAntS_getAlltelemetry_sideB
                0x2000f114       0x3c ./src/sub-systemCode/Global/OnlineTM.o
                0x2000f114                IsisAntS_getAlltelemetry_sideB
 .text.IsisAntS_getTemperature_sideB
                0x2000f150       0x3c ./src/sub-systemCode/Global/OnlineTM.o
                0x2000f150                IsisAntS_getTemperature_sideB
 .text.HK_collect_EPS
                0x2000f18c       0x30 ./src/sub-systemCode/Global/OnlineTM.o
                0x2000f18c                HK_collect_EPS
 .text.HK_collect_COMM
                0x2000f1bc       0x30 ./src/sub-systemCode/Global/OnlineTM.o
                0x2000f1bc                HK_collect_COMM
 .text.HK_collect_CAM
                0x2000f1ec       0x30 ./src/sub-systemCode/Global/OnlineTM.o
                0x2000f1ec                HK_collect_CAM
 .text.HK_collect_SP
                0x2000f21c       0x30 ./src/sub-systemCode/Global/OnlineTM.o
                0x2000f21c                HK_collect_SP
 .text.HK_collect_FS_A
                0x2000f24c       0x34 ./src/sub-systemCode/Global/OnlineTM.o
                0x2000f24c                HK_collect_FS_A
 .text.HK_collect_FS_B
                0x2000f280       0x34 ./src/sub-systemCode/Global/OnlineTM.o
                0x2000f280                HK_collect_FS_B
 .text.save_offlineSetting_FRAM
                0x2000f2b4      0x26c ./src/sub-systemCode/Global/OnlineTM.o
                0x2000f2b4                save_offlineSetting_FRAM
 .text.get_offlineSetting_FRAM
                0x2000f520       0x58 ./src/sub-systemCode/Global/OnlineTM.o
                0x2000f520                get_offlineSetting_FRAM
 .text.update_offlineSetting_FRAM
                0x2000f578      0x360 ./src/sub-systemCode/Global/OnlineTM.o
                0x2000f578                update_offlineSetting_FRAM
 .text.get_offlineSettingPacket
                0x2000f8d8       0xc4 ./src/sub-systemCode/Global/OnlineTM.o
                0x2000f8d8                get_offlineSettingPacket
 .text.get_item_by_index
                0x2000f99c       0xdc ./src/sub-systemCode/Global/OnlineTM.o
                0x2000f99c                get_item_by_index
 .text.get_pointer_item_by_index
                0x2000fa78       0x48 ./src/sub-systemCode/Global/OnlineTM.o
                0x2000fa78                get_pointer_item_by_index
 .text.init_onlineParam
                0x2000fac0     0x2f10 ./src/sub-systemCode/Global/OnlineTM.o
                0x2000fac0                init_onlineParam
 .text.reset_offline_TM_list
                0x200129d0       0xd4 ./src/sub-systemCode/Global/OnlineTM.o
                0x200129d0                reset_offline_TM_list
 .text.get_online_packet
                0x20012aa4      0x25c ./src/sub-systemCode/Global/OnlineTM.o
                0x20012aa4                get_online_packet
 .text.save_onlineTM_param
                0x20012d00      0x1b4 ./src/sub-systemCode/Global/OnlineTM.o
                0x20012d00                save_onlineTM_param
 .text.add_onlineTM_param_to_save_list
                0x20012eb4      0x360 ./src/sub-systemCode/Global/OnlineTM.o
                0x20012eb4                add_onlineTM_param_to_save_list
 .text.delete_onlineTM_param_from_offline
                0x20013214      0x1a8 ./src/sub-systemCode/Global/OnlineTM.o
                0x20013214                delete_onlineTM_param_from_offline
 .text.save_onlineTM_logic
                0x200133bc      0x2a8 ./src/sub-systemCode/Global/OnlineTM.o
                0x200133bc                save_onlineTM_logic
 .text.save_onlineTM_task
                0x20013664       0xdc ./src/sub-systemCode/Global/OnlineTM.o
                0x20013664                save_onlineTM_task
 .text.delete_allTMFilesFromSD
                0x20013740       0xf8 ./src/sub-systemCode/Global/TLM_management.o
                0x20013740                delete_allTMFilesFromSD
 .text.getNumOfFilesInFS
                0x20013838       0x44 ./src/sub-systemCode/Global/TLM_management.o
 .text.setNumOfFilesInFS
                0x2001387c       0x50 ./src/sub-systemCode/Global/TLM_management.o
 .text.f_managed_enterFS
                0x200138cc       0xb0 ./src/sub-systemCode/Global/TLM_management.o
                0x200138cc                f_managed_enterFS
 .text.f_managed_releaseFS
                0x2001397c       0x58 ./src/sub-systemCode/Global/TLM_management.o
                0x2001397c                f_managed_releaseFS
 .text.f_managed_open
                0x200139d4      0x10c ./src/sub-systemCode/Global/TLM_management.o
                0x200139d4                f_managed_open
 .text.f_managed_close
                0x20013ae0       0x7c ./src/sub-systemCode/Global/TLM_management.o
                0x20013ae0                f_managed_close
 .text.createSemahores_FS
                0x20013b5c       0x7c ./src/sub-systemCode/Global/TLM_management.o
                0x20013b5c                createSemahores_FS
 .text.InitializeFS
                0x20013bd8      0x1a8 ./src/sub-systemCode/Global/TLM_management.o
                0x20013bd8                InitializeFS
 .text.c_fileCreate
                0x20013d80       0xf4 ./src/sub-systemCode/Global/TLM_management.o
                0x20013d80                c_fileCreate
 .text.writewithEpochtime
                0x20013e74       0xa4 ./src/sub-systemCode/Global/TLM_management.o
 .text.get_C_FILE_struct
                0x20013f18      0x104 ./src/sub-systemCode/Global/TLM_management.o
 .text.getFileIndex
                0x2001401c       0x4c ./src/sub-systemCode/Global/TLM_management.o
 .text.get_file_name_by_index
                0x20014068       0x54 ./src/sub-systemCode/Global/TLM_management.o
                0x20014068                get_file_name_by_index
 .text.c_fileReset
                0x200140bc       0xbc ./src/sub-systemCode/Global/TLM_management.o
                0x200140bc                c_fileReset
 .text.c_fileWrite
                0x20014178      0x140 ./src/sub-systemCode/Global/TLM_management.o
                0x20014178                c_fileWrite
 .text.deleteElementsFromFile
                0x200142b8      0x184 ./src/sub-systemCode/Global/TLM_management.o
 .text.c_fileDeleteElements
                0x2001443c      0x168 ./src/sub-systemCode/Global/TLM_management.o
                0x2001443c                c_fileDeleteElements
 .text.c_fileRead
                0x200145a4      0x2b4 ./src/sub-systemCode/Global/TLM_management.o
                0x200145a4                c_fileRead
 .text.reset_APRS_list
                0x20014858       0xa4 ./src/sub-systemCode/COMM/APRS.o
                0x20014858                reset_APRS_list
 .text.send_APRS_Dump
                0x200148fc      0x1c0 ./src/sub-systemCode/COMM/APRS.o
                0x200148fc                send_APRS_Dump
 .text.get_APRS_list
                0x20014abc       0x88 ./src/sub-systemCode/COMM/APRS.o
                0x20014abc                get_APRS_list
 .text.find_CMD_in_list
                0x20014b44       0x7c ./src/sub-systemCode/COMM/DelayedCommand_list.o
                0x20014b44                find_CMD_in_list
 .text.find_empty_in_list
                0x20014bc0       0x74 ./src/sub-systemCode/COMM/DelayedCommand_list.o
                0x20014bc0                find_empty_in_list
 .text.check_delayCommandTime
                0x20014c34       0x8c ./src/sub-systemCode/COMM/DelayedCommand_list.o
                0x20014c34                check_delayCommandTime
 .text.execute_delayedCommand
                0x20014cc0       0x64 ./src/sub-systemCode/COMM/DelayedCommand_list.o
                0x20014cc0                execute_delayedCommand
 .text.check_delaycommand
                0x20014d24      0x17c ./src/sub-systemCode/COMM/DelayedCommand_list.o
                0x20014d24                check_delaycommand
 .text.reset_delayCommand
                0x20014ea0       0x8c ./src/sub-systemCode/COMM/DelayedCommand_list.o
                0x20014ea0                reset_delayCommand
 .text.add_delayCommand
                0x20014f2c      0x1a4 ./src/sub-systemCode/COMM/DelayedCommand_list.o
                0x20014f2c                add_delayCommand
 .text.get_delayCommand_list
                0x200150d0       0x80 ./src/sub-systemCode/COMM/DelayedCommand_list.o
                0x200150d0                get_delayCommand_list
 .text.EmptyOldestCommand
                0x20015150       0xfc ./src/sub-systemCode/COMM/DelayedCommand_list.o
                0x20015150                EmptyOldestCommand
 .text.decode_TCpacket
                0x2001524c      0x16c ./src/sub-systemCode/COMM/GSC.o
                0x2001524c                decode_TCpacket
 .text.encode_TCpacket
                0x200153b8      0x114 ./src/sub-systemCode/COMM/GSC.o
                0x200153b8                encode_TCpacket
 .text.encode_TMpacket
                0x200154cc      0x104 ./src/sub-systemCode/COMM/GSC.o
                0x200154cc                encode_TMpacket
 .text.build_raw_ACK
                0x200155d0       0xbc ./src/sub-systemCode/COMM/GSC.o
                0x200155d0                build_raw_ACK
 .text.build_data_field_ACK
                0x2001568c       0x74 ./src/sub-systemCode/COMM/GSC.o
                0x2001568c                build_data_field_ACK
 .text.update_FRAM_bitRate
                0x20015700       0xd0 ./src/sub-systemCode/COMM/TRXVU.o
                0x20015700                update_FRAM_bitRate
 .text.toggle_idle_state
                0x200157d0       0x94 ./src/sub-systemCode/COMM/TRXVU.o
                0x200157d0                toggle_idle_state
 .text.TRXVU_init_hardWare
                0x20015864       0xac ./src/sub-systemCode/COMM/TRXVU.o
                0x20015864                TRXVU_init_hardWare
 .text.TRXVU_init_softWare
                0x20015910      0x100 ./src/sub-systemCode/COMM/TRXVU.o
                0x20015910                TRXVU_init_softWare
 .text.init_trxvu
                0x20015a10       0x14 ./src/sub-systemCode/COMM/TRXVU.o
                0x20015a10                init_trxvu
 .text.TRXVU_task
                0x20015a24       0x9c ./src/sub-systemCode/COMM/TRXVU.o
                0x20015a24                TRXVU_task
 .text.dump_logic
                0x20015ac0      0x33c ./src/sub-systemCode/COMM/TRXVU.o
                0x20015ac0                dump_logic
 .text.Dump_task
                0x20015dfc      0x17c ./src/sub-systemCode/COMM/TRXVU.o
                0x20015dfc                Dump_task
 .text.transponder_logic
                0x20015f78       0xbc ./src/sub-systemCode/COMM/TRXVU.o
                0x20015f78                transponder_logic
 .text.Transponder_task
                0x20016034      0x238 ./src/sub-systemCode/COMM/TRXVU.o
                0x20016034                Transponder_task
 .text.lookForRequestToDelete_transponder
                0x2001626c       0xc0 ./src/sub-systemCode/COMM/TRXVU.o
                0x2001626c                lookForRequestToDelete_transponder
 .text.lookForRequestToDelete_dump
                0x2001632c       0x78 ./src/sub-systemCode/COMM/TRXVU.o
                0x2001632c                lookForRequestToDelete_dump
 .text.sendRequestToStop_dump
                0x200163a4       0x8c ./src/sub-systemCode/COMM/TRXVU.o
                0x200163a4                sendRequestToStop_dump
 .text.sendRequestToStop_transponder
                0x20016430       0x8c ./src/sub-systemCode/COMM/TRXVU.o
                0x20016430                sendRequestToStop_transponder
 .text.Rx_logic
                0x200164bc      0x184 ./src/sub-systemCode/COMM/TRXVU.o
                0x200164bc                Rx_logic
 .text.pass_above_Ground
                0x20016640      0x104 ./src/sub-systemCode/COMM/TRXVU.o
                0x20016640                pass_above_Ground
 .text.trxvu_logic
                0x20016744       0x1c ./src/sub-systemCode/COMM/TRXVU.o
                0x20016744                trxvu_logic
 .text.Beacon_task
                0x20016760      0x170 ./src/sub-systemCode/COMM/TRXVU.o
                0x20016760                Beacon_task
 .text.buildAndSend_beacon
                0x200168d0      0x604 ./src/sub-systemCode/COMM/TRXVU.o
                0x200168d0                buildAndSend_beacon
 .text.reset_FRAM_TRXVU
                0x20016ed4      0x160 ./src/sub-systemCode/COMM/TRXVU.o
                0x20016ed4                reset_FRAM_TRXVU
 .text.TRX_sendFrame
                0x20017034      0x1c0 ./src/sub-systemCode/COMM/TRXVU.o
                0x20017034                TRX_sendFrame
 .text.TRX_getFrameData
                0x200171f4      0x10c ./src/sub-systemCode/COMM/TRXVU.o
                0x200171f4                TRX_getFrameData
 .text.mute_Tx  0x20017300       0x20 ./src/sub-systemCode/COMM/TRXVU.o
                0x20017300                mute_Tx
 .text.unmute_Tx
                0x20017320       0x58 ./src/sub-systemCode/COMM/TRXVU.o
                0x20017320                unmute_Tx
 .text.check_time_off_mute
                0x20017378       0x88 ./src/sub-systemCode/COMM/TRXVU.o
                0x20017378                check_time_off_mute
 .text.set_mute_time
                0x20017400       0xb4 ./src/sub-systemCode/COMM/TRXVU.o
                0x20017400                set_mute_time
 .text.change_TRXVU_state
                0x200174b4       0xe0 ./src/sub-systemCode/COMM/TRXVU.o
                0x200174b4                change_TRXVU_state
 .text.change_trans_RSSI
                0x20017594       0x60 ./src/sub-systemCode/COMM/TRXVU.o
                0x20017594                change_trans_RSSI
 .text.init_adcs
                0x200175f4      0x104 ./src/sub-systemCode/ADCS/ADCS.o
                0x200175f4                init_adcs
 .text.telemtryStart
                0x200176f8      0x16c ./src/sub-systemCode/ADCS/Stage_Table.o
                0x200176f8                telemtryStart
 .text.powerStart
                0x20017864       0x5c ./src/sub-systemCode/ADCS/Stage_Table.o
                0x20017864                powerStart
 .text.createTable
                0x200178c0       0xb4 ./src/sub-systemCode/ADCS/Stage_Table.o
                0x200178c0                createTable
 .text.buildControlMode
                0x20017974       0x60 ./src/sub-systemCode/ADCS/Stage_Table.o
                0x20017974                buildControlMode
 .text.Check_Table
                0x200179d4      0x178 ./src/sub-systemCode/ADCS/Stage_Table.o
                0x200179d4                Check_Table
 .text.updateTable
                0x20017b4c      0x1f0 ./src/sub-systemCode/ADCS/Stage_Table.o
                0x20017b4c                updateTable
 .text.translateCommandFULL
                0x20017d3c       0x78 ./src/sub-systemCode/ADCS/Stage_Table.o
                0x20017d3c                translateCommandFULL
 .text.getTableTo
                0x20017db4       0x64 ./src/sub-systemCode/ADCS/Stage_Table.o
                0x20017db4                getTableTo
 .text.save_time
                0x20017e18       0x9c ./src/main.o
                0x20017e18                save_time
 .text.Command_logic
                0x20017eb4       0x6c ./src/main.o
                0x20017eb4                Command_logic
 .text.taskMain
                0x20017f20       0x74 ./src/main.o
                0x20017f20                taskMain
 .text.main     0x20017f94       0xbc ./src/main.o
                0x20017f94                main
 .text.GomEpsInitialize
                0x20018050      0x148 C:/HOOPOE3/satellite-subsystems/demo/..//satellite-subsystems/lib\libSatelliteSubsystemsD.a(GomEPS.o)
                0x20018050                GomEpsInitialize
 .text.makeEPStransfer
                0x20018198       0x3c C:/HOOPOE3/satellite-subsystems/demo/..//satellite-subsystems/lib\libSatelliteSubsystemsD.a(GomEPS.o)
 .text.GomEpsSoftReset
                0x200181d4       0xc4 C:/HOOPOE3/satellite-subsystems/demo/..//satellite-subsystems/lib\libSatelliteSubsystemsD.a(GomEPS.o)
                0x200181d4                GomEpsSoftReset
 .text.GomEpsHardReset
                0x20018298       0xa8 C:/HOOPOE3/satellite-subsystems/demo/..//satellite-subsystems/lib\libSatelliteSubsystemsD.a(GomEPS.o)
                0x20018298                GomEpsHardReset
 .text.GomEpsGetHkData_param
                0x20018340      0x29c C:/HOOPOE3/satellite-subsystems/demo/..//satellite-subsystems/lib\libSatelliteSubsystemsD.a(GomEPS.o)
                0x20018340                GomEpsGetHkData_param
 .text.GomEpsGetHkData_general
                0x200185dc      0x45c C:/HOOPOE3/satellite-subsystems/demo/..//satellite-subsystems/lib\libSatelliteSubsystemsD.a(GomEPS.o)
                0x200185dc                GomEpsGetHkData_general
 .text.GomEpsGetHkData_vi
                0x20018a38      0x188 C:/HOOPOE3/satellite-subsystems/demo/..//satellite-subsystems/lib\libSatelliteSubsystemsD.a(GomEPS.o)
                0x20018a38                GomEpsGetHkData_vi
 .text.GomEpsGetHkData_out
                0x20018bc0      0x21c C:/HOOPOE3/satellite-subsystems/demo/..//satellite-subsystems/lib\libSatelliteSubsystemsD.a(GomEPS.o)
                0x20018bc0                GomEpsGetHkData_out
 .text.GomEpsGetHkData_wdt
                0x20018ddc      0x2b4 C:/HOOPOE3/satellite-subsystems/demo/..//satellite-subsystems/lib\libSatelliteSubsystemsD.a(GomEPS.o)
                0x20018ddc                GomEpsGetHkData_wdt
 .text.GomEpsGetHkData_basic
                0x20019090      0x22c C:/HOOPOE3/satellite-subsystems/demo/..//satellite-subsystems/lib\libSatelliteSubsystemsD.a(GomEPS.o)
                0x20019090                GomEpsGetHkData_basic
 .text.GomEpsSetOutput
                0x200192bc       0xbc C:/HOOPOE3/satellite-subsystems/demo/..//satellite-subsystems/lib\libSatelliteSubsystemsD.a(GomEPS.o)
                0x200192bc                GomEpsSetOutput
 .text.GomEpsConfigGet
                0x20019378      0x16c C:/HOOPOE3/satellite-subsystems/demo/..//satellite-subsystems/lib\libSatelliteSubsystemsD.a(GomEPS.o)
                0x20019378                GomEpsConfigGet
 .text.GomEpsConfigSet
                0x200194e4      0x184 C:/HOOPOE3/satellite-subsystems/demo/..//satellite-subsystems/lib\libSatelliteSubsystemsD.a(GomEPS.o)
                0x200194e4                GomEpsConfigSet
 .text.GomEpsConfig2Get
                0x20019668      0x16c C:/HOOPOE3/satellite-subsystems/demo/..//satellite-subsystems/lib\libSatelliteSubsystemsD.a(GomEPS.o)
                0x20019668                GomEpsConfig2Get
 .text.makeAntStransfer
                0x200197d4       0x4c C:/HOOPOE3/satellite-subsystems/demo/..//satellite-subsystems/lib\libSatelliteSubsystemsD.a(IsisAntS.o)
 .text.checkInputsValid
                0x20019820       0x7c C:/HOOPOE3/satellite-subsystems/demo/..//satellite-subsystems/lib\libSatelliteSubsystemsD.a(IsisAntS.o)
 .text.IsisAntS_setArmStatus
                0x2001989c      0x104 C:/HOOPOE3/satellite-subsystems/demo/..//satellite-subsystems/lib\libSatelliteSubsystemsD.a(IsisAntS.o)
                0x2001989c                IsisAntS_setArmStatus
 .text.IsisAntS_getStatusData
                0x200199a0      0x120 C:/HOOPOE3/satellite-subsystems/demo/..//satellite-subsystems/lib\libSatelliteSubsystemsD.a(IsisAntS.o)
                0x200199a0                IsisAntS_getStatusData
 .text.IsisAntS_getTemperature
                0x20019ac0      0x120 C:/HOOPOE3/satellite-subsystems/demo/..//satellite-subsystems/lib\libSatelliteSubsystemsD.a(IsisAntS.o)
                0x20019ac0                IsisAntS_getTemperature
 .text.IsisAntS_getAlltelemetry
                0x20019be0      0x120 C:/HOOPOE3/satellite-subsystems/demo/..//satellite-subsystems/lib\libSatelliteSubsystemsD.a(IsisAntS.o)
                0x20019be0                IsisAntS_getAlltelemetry
 .text.IsisAntS_reset
                0x20019d00      0x104 C:/HOOPOE3/satellite-subsystems/demo/..//satellite-subsystems/lib\libSatelliteSubsystemsD.a(IsisAntS.o)
                0x20019d00                IsisAntS_reset
 .text.IsisSolarPanelv2_initialize
                0x20019e04       0xb4 C:/HOOPOE3/satellite-subsystems/demo/..//satellite-subsystems/lib\libSatelliteSubsystemsD.a(IsisSolarPanelv2.o)
                0x20019e04                IsisSolarPanelv2_initialize
 .text.IsisSolarPanelv2_getTemperature
                0x20019eb8       0xc8 C:/HOOPOE3/satellite-subsystems/demo/..//satellite-subsystems/lib\libSatelliteSubsystemsD.a(IsisSolarPanelv2.o)
                0x20019eb8                IsisSolarPanelv2_getTemperature
 .text.IsisSolarPanelv2_sleep
                0x20019f80       0xbc C:/HOOPOE3/satellite-subsystems/demo/..//satellite-subsystems/lib\libSatelliteSubsystemsD.a(IsisSolarPanelv2.o)
                0x20019f80                IsisSolarPanelv2_sleep
 .text.IsisSolarPanelv2_wakeup
                0x2001a03c       0x80 C:/HOOPOE3/satellite-subsystems/demo/..//satellite-subsystems/lib\libSatelliteSubsystemsD.a(IsisSolarPanelv2.o)
                0x2001a03c                IsisSolarPanelv2_wakeup
 .text._Reset   0x2001a0bc       0x20 C:/HOOPOE3/satellite-subsystems/demo/..//satellite-subsystems/lib\libSatelliteSubsystemsD.a(IsisSolarPanelv2.o)
 .text._WaitForStartup
                0x2001a0dc       0x90 C:/HOOPOE3/satellite-subsystems/demo/..//satellite-subsystems/lib\libSatelliteSubsystemsD.a(IsisSolarPanelv2.o)
 .text._AssignAllChannels
                0x2001a16c       0x90 C:/HOOPOE3/satellite-subsystems/demo/..//satellite-subsystems/lib\libSatelliteSubsystemsD.a(IsisSolarPanelv2.o)
 .text._AssignThisChannel
                0x2001a1fc       0xe8 C:/HOOPOE3/satellite-subsystems/demo/..//satellite-subsystems/lib\libSatelliteSubsystemsD.a(IsisSolarPanelv2.o)
 .text._InitiateConversion
                0x2001a2e4       0xac C:/HOOPOE3/satellite-subsystems/demo/..//satellite-subsystems/lib\libSatelliteSubsystemsD.a(IsisSolarPanelv2.o)
 .text._WaitForConversionComplete
                0x2001a390      0x100 C:/HOOPOE3/satellite-subsystems/demo/..//satellite-subsystems/lib\libSatelliteSubsystemsD.a(IsisSolarPanelv2.o)
 .text._ReadResult
                0x2001a490      0x158 C:/HOOPOE3/satellite-subsystems/demo/..//satellite-subsystems/lib\libSatelliteSubsystemsD.a(IsisSolarPanelv2.o)
 .text._ExtractByte
                0x2001a5e8       0x38 C:/HOOPOE3/satellite-subsystems/demo/..//satellite-subsystems/lib\libSatelliteSubsystemsD.a(IsisSolarPanelv2.o)
 .text._ExtendSign
                0x2001a620       0x6c C:/HOOPOE3/satellite-subsystems/demo/..//satellite-subsystems/lib\libSatelliteSubsystemsD.a(IsisSolarPanelv2.o)
 .text._PinsInit
                0x2001a68c       0x50 C:/HOOPOE3/satellite-subsystems/demo/..//satellite-subsystems/lib\libSatelliteSubsystemsD.a(IsisSolarPanelv2.o)
 .text._SpiWriteRead
                0x2001a6dc       0x70 C:/HOOPOE3/satellite-subsystems/demo/..//satellite-subsystems/lib\libSatelliteSubsystemsD.a(IsisSolarPanelv2.o)
 .text.IsisTrxvu_initialize
                0x2001a74c      0x2f4 C:/HOOPOE3/satellite-subsystems/demo/..//satellite-subsystems/lib\libSatelliteSubsystemsD.a(IsisTRXVU.o)
                0x2001a74c                IsisTrxvu_initialize
 .text.makeTRXVUtransfer
                0x2001aa40       0x44 C:/HOOPOE3/satellite-subsystems/demo/..//satellite-subsystems/lib\libSatelliteSubsystemsD.a(IsisTRXVU.o)
 .text.IsisTrxvu_componentSoftReset
                0x2001aa84       0x6c C:/HOOPOE3/satellite-subsystems/demo/..//satellite-subsystems/lib\libSatelliteSubsystemsD.a(IsisTRXVU.o)
                0x2001aa84                IsisTrxvu_componentSoftReset
 .text.IsisTrxvu_componentHardReset
                0x2001aaf0       0xc8 C:/HOOPOE3/satellite-subsystems/demo/..//satellite-subsystems/lib\libSatelliteSubsystemsD.a(IsisTRXVU.o)
                0x2001aaf0                IsisTrxvu_componentHardReset
 .text.IsisTrxvu_softReset
                0x2001abb8       0x74 C:/HOOPOE3/satellite-subsystems/demo/..//satellite-subsystems/lib\libSatelliteSubsystemsD.a(IsisTRXVU.o)
                0x2001abb8                IsisTrxvu_softReset
 .text.IsisTrxvu_hardReset
                0x2001ac2c       0x74 C:/HOOPOE3/satellite-subsystems/demo/..//satellite-subsystems/lib\libSatelliteSubsystemsD.a(IsisTRXVU.o)
                0x2001ac2c                IsisTrxvu_hardReset
 .text.IsisTrxvu_tcSendAX25DefClSign
                0x2001aca0       0xec C:/HOOPOE3/satellite-subsystems/demo/..//satellite-subsystems/lib\libSatelliteSubsystemsD.a(IsisTRXVU.o)
                0x2001aca0                IsisTrxvu_tcSendAX25DefClSign
 .text.IsisTrxvu_tcSetIdlestate
                0x2001ad8c       0xa4 C:/HOOPOE3/satellite-subsystems/demo/..//satellite-subsystems/lib\libSatelliteSubsystemsD.a(IsisTRXVU.o)
                0x2001ad8c                IsisTrxvu_tcSetIdlestate
 .text.IsisTrxvu_tcSetAx25Bitrate
                0x2001ae30       0xc4 C:/HOOPOE3/satellite-subsystems/demo/..//satellite-subsystems/lib\libSatelliteSubsystemsD.a(IsisTRXVU.o)
                0x2001ae30                IsisTrxvu_tcSetAx25Bitrate
 .text.IsisTrxvu_tcGetTelemetryAll
                0x2001aef4       0xd0 C:/HOOPOE3/satellite-subsystems/demo/..//satellite-subsystems/lib\libSatelliteSubsystemsD.a(IsisTRXVU.o)
                0x2001aef4                IsisTrxvu_tcGetTelemetryAll
 .text.IsisTrxvu_tcGetTelemetryAll_revC
                0x2001afc4       0xd0 C:/HOOPOE3/satellite-subsystems/demo/..//satellite-subsystems/lib\libSatelliteSubsystemsD.a(IsisTRXVU.o)
                0x2001afc4                IsisTrxvu_tcGetTelemetryAll_revC
 .text.IsisTrxvu_rcGetFrameCount
                0x2001b094       0xa0 C:/HOOPOE3/satellite-subsystems/demo/..//satellite-subsystems/lib\libSatelliteSubsystemsD.a(IsisTRXVU.o)
                0x2001b094                IsisTrxvu_rcGetFrameCount
 .text.IsisTrxvu_rcGetCommandFrame
                0x2001b134      0x2d8 C:/HOOPOE3/satellite-subsystems/demo/..//satellite-subsystems/lib\libSatelliteSubsystemsD.a(IsisTRXVU.o)
                0x2001b134                IsisTrxvu_rcGetCommandFrame
 .text.IsisTrxvu_rcGetTelemetryAll
                0x2001b40c       0xd0 C:/HOOPOE3/satellite-subsystems/demo/..//satellite-subsystems/lib\libSatelliteSubsystemsD.a(IsisTRXVU.o)
                0x2001b40c                IsisTrxvu_rcGetTelemetryAll
 .text.IsisTrxvu_rcGetTelemetryAll_revC
                0x2001b4dc       0xec C:/HOOPOE3/satellite-subsystems/demo/..//satellite-subsystems/lib\libSatelliteSubsystemsD.a(IsisTRXVU.o)
                0x2001b4dc                IsisTrxvu_rcGetTelemetryAll_revC
 .text.cspaceADCS_initialize
                0x2001b5c8      0x18c C:/HOOPOE3/satellite-subsystems/demo/..//satellite-subsystems/lib\libSatelliteSubsystemsD.a(cspaceADCS.o)
                0x2001b5c8                cspaceADCS_initialize
 .text.make_cspaceADCStransfer
                0x2001b754      0x1b4 C:/HOOPOE3/satellite-subsystems/demo/..//satellite-subsystems/lib\libSatelliteSubsystemsD.a(cspaceADCS.o)
 .text.cspaceADCS_componentReset
                0x2001b908       0xbc C:/HOOPOE3/satellite-subsystems/demo/..//satellite-subsystems/lib\libSatelliteSubsystemsD.a(cspaceADCS.o)
                0x2001b908                cspaceADCS_componentReset
 .text.cspaceADCS_setRunMode
                0x2001b9c4       0xbc C:/HOOPOE3/satellite-subsystems/demo/..//satellite-subsystems/lib\libSatelliteSubsystemsD.a(cspaceADCS.o)
                0x2001b9c4                cspaceADCS_setRunMode
 .text.cspaceADCS_setPwrCtrlDevice
                0x2001ba80       0xd0 C:/HOOPOE3/satellite-subsystems/demo/..//satellite-subsystems/lib\libSatelliteSubsystemsD.a(cspaceADCS.o)
                0x2001ba80                cspaceADCS_setPwrCtrlDevice
 .text.cspaceADCS_setAttCtrlMode
                0x2001bb50       0xd0 C:/HOOPOE3/satellite-subsystems/demo/..//satellite-subsystems/lib\libSatelliteSubsystemsD.a(cspaceADCS.o)
                0x2001bb50                cspaceADCS_setAttCtrlMode
 .text.cspaceADCS_setAttEstMode
                0x2001bc20       0xbc C:/HOOPOE3/satellite-subsystems/demo/..//satellite-subsystems/lib\libSatelliteSubsystemsD.a(cspaceADCS.o)
                0x2001bc20                cspaceADCS_setAttEstMode
 .text.cspaceADCS_getCurrentState
                0x2001bcdc       0xc4 C:/HOOPOE3/satellite-subsystems/demo/..//satellite-subsystems/lib\libSatelliteSubsystemsD.a(cspaceADCS.o)
                0x2001bcdc                cspaceADCS_getCurrentState
 .text.cspaceADCS_getPowTempMeasTLM
                0x2001bda0       0xc4 C:/HOOPOE3/satellite-subsystems/demo/..//satellite-subsystems/lib\libSatelliteSubsystemsD.a(cspaceADCS.o)
                0x2001bda0                cspaceADCS_getPowTempMeasTLM
 .text.cspaceADCS_getPwrCtrlDevice
                0x2001be64       0xc4 C:/HOOPOE3/satellite-subsystems/demo/..//satellite-subsystems/lib\libSatelliteSubsystemsD.a(cspaceADCS.o)
                0x2001be64                cspaceADCS_getPwrCtrlDevice
 .text.GECKO_GetReg
                0x2001bf28      0x110 C:/HOOPOE3/satellite-subsystems/demo/..//satellite-subsystems/lib\libSatelliteSubsystemsD.a(gecko_driver.o)
                0x2001bf28                GECKO_GetReg
 .text.GECKO_GetVoltageInput5V
                0x2001c038       0xf4 C:/HOOPOE3/satellite-subsystems/demo/..//satellite-subsystems/lib\libSatelliteSubsystemsD.a(gecko_driver.o)
                0x2001c038                GECKO_GetVoltageInput5V
 .text.GECKO_GetCurrentInput5V
                0x2001c12c      0x130 C:/HOOPOE3/satellite-subsystems/demo/..//satellite-subsystems/lib\libSatelliteSubsystemsD.a(gecko_driver.o)
                0x2001c12c                GECKO_GetCurrentInput5V
 .text.GECKO_GetVoltageFPGA1V
                0x2001c25c       0xd4 C:/HOOPOE3/satellite-subsystems/demo/..//satellite-subsystems/lib\libSatelliteSubsystemsD.a(gecko_driver.o)
                0x2001c25c                GECKO_GetVoltageFPGA1V
 .text.GECKO_GetCurrentFPGA1V
                0x2001c330      0x130 C:/HOOPOE3/satellite-subsystems/demo/..//satellite-subsystems/lib\libSatelliteSubsystemsD.a(gecko_driver.o)
                0x2001c330                GECKO_GetCurrentFPGA1V
 .text.GECKO_GetVoltageFPGA1V8
                0x2001c460       0xd4 C:/HOOPOE3/satellite-subsystems/demo/..//satellite-subsystems/lib\libSatelliteSubsystemsD.a(gecko_driver.o)
                0x2001c460                GECKO_GetVoltageFPGA1V8
 .text.GECKO_GetCurrentFPGA1V8
                0x2001c534      0x130 C:/HOOPOE3/satellite-subsystems/demo/..//satellite-subsystems/lib\libSatelliteSubsystemsD.a(gecko_driver.o)
                0x2001c534                GECKO_GetCurrentFPGA1V8
 .text.GECKO_GetVoltageFPGA2V5
                0x2001c664       0xe8 C:/HOOPOE3/satellite-subsystems/demo/..//satellite-subsystems/lib\libSatelliteSubsystemsD.a(gecko_driver.o)
                0x2001c664                GECKO_GetVoltageFPGA2V5
 .text.GECKO_GetCurrentFPGA2V5
                0x2001c74c      0x130 C:/HOOPOE3/satellite-subsystems/demo/..//satellite-subsystems/lib\libSatelliteSubsystemsD.a(gecko_driver.o)
                0x2001c74c                GECKO_GetCurrentFPGA2V5
 .text.GECKO_GetVoltageFPGA3V3
                0x2001c87c       0xe8 C:/HOOPOE3/satellite-subsystems/demo/..//satellite-subsystems/lib\libSatelliteSubsystemsD.a(gecko_driver.o)
                0x2001c87c                GECKO_GetVoltageFPGA3V3
 .text.GECKO_GetCurrentFPGA3V3
                0x2001c964      0x130 C:/HOOPOE3/satellite-subsystems/demo/..//satellite-subsystems/lib\libSatelliteSubsystemsD.a(gecko_driver.o)
                0x2001c964                GECKO_GetCurrentFPGA3V3
 .text.GECKO_GetVoltageFlash1V8
                0x2001ca94       0xd4 C:/HOOPOE3/satellite-subsystems/demo/..//satellite-subsystems/lib\libSatelliteSubsystemsD.a(gecko_driver.o)
                0x2001ca94                GECKO_GetVoltageFlash1V8
 .text.GECKO_GetCurrentFlash1V8
                0x2001cb68      0x130 C:/HOOPOE3/satellite-subsystems/demo/..//satellite-subsystems/lib\libSatelliteSubsystemsD.a(gecko_driver.o)
                0x2001cb68                GECKO_GetCurrentFlash1V8
 .text.GECKO_GetVoltageFlash3V3
                0x2001cc98       0xe8 C:/HOOPOE3/satellite-subsystems/demo/..//satellite-subsystems/lib\libSatelliteSubsystemsD.a(gecko_driver.o)
                0x2001cc98                GECKO_GetVoltageFlash3V3
 .text.GECKO_GetCurrentFlash3V3
                0x2001cd80      0x130 C:/HOOPOE3/satellite-subsystems/demo/..//satellite-subsystems/lib\libSatelliteSubsystemsD.a(gecko_driver.o)
                0x2001cd80                GECKO_GetCurrentFlash3V3
 .text.GECKO_GetVoltageSNSR1V8
                0x2001ceb0       0xe8 C:/HOOPOE3/satellite-subsystems/demo/..//satellite-subsystems/lib\libSatelliteSubsystemsD.a(gecko_driver.o)
                0x2001ceb0                GECKO_GetVoltageSNSR1V8
 .text.GECKO_GetCurrentSNSR1V8
                0x2001cf98      0x130 C:/HOOPOE3/satellite-subsystems/demo/..//satellite-subsystems/lib\libSatelliteSubsystemsD.a(gecko_driver.o)
                0x2001cf98                GECKO_GetCurrentSNSR1V8
 .text.GECKO_GetVoltageSNSRVDDPIX
                0x2001d0c8       0xe8 C:/HOOPOE3/satellite-subsystems/demo/..//satellite-subsystems/lib\libSatelliteSubsystemsD.a(gecko_driver.o)
                0x2001d0c8                GECKO_GetVoltageSNSRVDDPIX
 .text.GECKO_GetCurrentSNSRVDDPIX
                0x2001d1b0      0x130 C:/HOOPOE3/satellite-subsystems/demo/..//satellite-subsystems/lib\libSatelliteSubsystemsD.a(gecko_driver.o)
                0x2001d1b0                GECKO_GetCurrentSNSRVDDPIX
 .text.GECKO_GetVoltageSNSR3V3
                0x2001d2e0       0xe8 C:/HOOPOE3/satellite-subsystems/demo/..//satellite-subsystems/lib\libSatelliteSubsystemsD.a(gecko_driver.o)
                0x2001d2e0                GECKO_GetVoltageSNSR3V3
 .text.GECKO_GetCurrentSNSR3V3
                0x2001d3c8      0x130 C:/HOOPOE3/satellite-subsystems/demo/..//satellite-subsystems/lib\libSatelliteSubsystemsD.a(gecko_driver.o)
                0x2001d3c8                GECKO_GetCurrentSNSR3V3
 .text.GECKO_GetVoltageFlashVTT09
                0x2001d4f8       0xd4 C:/HOOPOE3/satellite-subsystems/demo/..//satellite-subsystems/lib\libSatelliteSubsystemsD.a(gecko_driver.o)
                0x2001d4f8                GECKO_GetVoltageFlashVTT09
 .text.GECKO_GetTempSMU3AB
                0x2001d5cc      0x35c C:/HOOPOE3/satellite-subsystems/demo/..//satellite-subsystems/lib\libSatelliteSubsystemsD.a(gecko_driver.o)
                0x2001d5cc                GECKO_GetTempSMU3AB
 .text.GECKO_GetTempSMU3BC
                0x2001d928      0x360 C:/HOOPOE3/satellite-subsystems/demo/..//satellite-subsystems/lib\libSatelliteSubsystemsD.a(gecko_driver.o)
                0x2001d928                GECKO_GetTempSMU3BC
 .text.GECKO_GetTempREGU6
                0x2001dc88      0x35c C:/HOOPOE3/satellite-subsystems/demo/..//satellite-subsystems/lib\libSatelliteSubsystemsD.a(gecko_driver.o)
                0x2001dc88                GECKO_GetTempREGU6
 .text.GECKO_GetTempREGU8
                0x2001dfe4      0x360 C:/HOOPOE3/satellite-subsystems/demo/..//satellite-subsystems/lib\libSatelliteSubsystemsD.a(gecko_driver.o)
                0x2001dfe4                GECKO_GetTempREGU8
 .text.GECKO_GetTempFlash
                0x2001e344      0x360 C:/HOOPOE3/satellite-subsystems/demo/..//satellite-subsystems/lib\libSatelliteSubsystemsD.a(gecko_driver.o)
                0x2001e344                GECKO_GetTempFlash
 .text._SpiWriteRead
                0x2001e6a4       0x70 C:/HOOPOE3/satellite-subsystems/demo/..//satellite-subsystems/lib\libSatelliteSubsystemsD.a(gecko_driver.o)
 .text.makeTRXCommonTransfer
                0x2001e714       0x34 C:/HOOPOE3/satellite-subsystems/demo/..//satellite-subsystems/lib\libSatelliteSubsystemsD.a(IsisTRXCommon.o)
 .text.IsisTrxCommon_componentReset
                0x2001e748       0x68 C:/HOOPOE3/satellite-subsystems/demo/..//satellite-subsystems/lib\libSatelliteSubsystemsD.a(IsisTRXCommon.o)
                0x2001e748                IsisTrxCommon_componentReset
 .text.IsisTrxCommon_TxSendAX25DefClSign
                0x2001e7b0       0xf4 C:/HOOPOE3/satellite-subsystems/demo/..//satellite-subsystems/lib\libSatelliteSubsystemsD.a(IsisTRXCommon.o)
                0x2001e7b0                IsisTrxCommon_TxSendAX25DefClSign
 .text.IsisTrxCommon_TxSetIdlestate
                0x2001e8a4       0x78 C:/HOOPOE3/satellite-subsystems/demo/..//satellite-subsystems/lib\libSatelliteSubsystemsD.a(IsisTRXCommon.o)
                0x2001e8a4                IsisTrxCommon_TxSetIdlestate
 .text.IsisTrxCommon_TxSetAx25Bitrate
                0x2001e91c       0x78 C:/HOOPOE3/satellite-subsystems/demo/..//satellite-subsystems/lib\libSatelliteSubsystemsD.a(IsisTRXCommon.o)
                0x2001e91c                IsisTrxCommon_TxSetAx25Bitrate
 .text.IsisTrxCommon_RxGetFrameCount
                0x2001e994       0x8c C:/HOOPOE3/satellite-subsystems/demo/..//satellite-subsystems/lib\libSatelliteSubsystemsD.a(IsisTRXCommon.o)
                0x2001e994                IsisTrxCommon_RxGetFrameCount
 .text.IsisTrxCommon_RxGetTelemetryAll_revC
                0x2001ea20       0x8c C:/HOOPOE3/satellite-subsystems/demo/..//satellite-subsystems/lib\libSatelliteSubsystemsD.a(IsisTRXCommon.o)
                0x2001ea20                IsisTrxCommon_RxGetTelemetryAll_revC
 .text.log      0x2001eaac      0x17c c:/isis/application/toolchain/bin/../lib/gcc/arm-none-eabi/4.7.4/../../../../arm-none-eabi/lib\libm.a(lib_a-w_log.o)
                0x2001eaac                log
 .text.__ieee754_log
                0x2001ec28      0x5c0 c:/isis/application/toolchain/bin/../lib/gcc/arm-none-eabi/4.7.4/../../../../arm-none-eabi/lib\libm.a(lib_a-e_log.o)
                0x2001ec28                __ieee754_log
 .text.matherr  0x2001f1e8        0x8 c:/isis/application/toolchain/bin/../lib/gcc/arm-none-eabi/4.7.4/../../../../arm-none-eabi/lib\libm.a(lib_a-s_matherr.o)
                0x2001f1e8                matherr
 .text.nan      0x2001f1f0       0x10 c:/isis/application/toolchain/bin/../lib/gcc/arm-none-eabi/4.7.4/../../../../arm-none-eabi/lib\libm.a(lib_a-s_nan.o)
                0x2001f1f0                nan
 .text.fn_init  0x2001f200      0x2e0 C:/HOOPOE3/satellite-subsystems/demo/../..//hal/hcc/lib\libHCCD.a(fat_common.o)
                0x2001f200                fn_init
 .text._f_get16bitl
                0x2001f4e0       0x4c C:/HOOPOE3/satellite-subsystems/demo/../..//hal/hcc/lib\libHCCD.a(fat_common.o)
                0x2001f4e0                _f_get16bitl
 .text._f_set16bitl
                0x2001f52c       0x54 C:/HOOPOE3/satellite-subsystems/demo/../..//hal/hcc/lib\libHCCD.a(fat_common.o)
                0x2001f52c                _f_set16bitl
 .text._f_get32bitl
                0x2001f580       0x68 C:/HOOPOE3/satellite-subsystems/demo/../..//hal/hcc/lib\libHCCD.a(fat_common.o)
                0x2001f580                _f_get32bitl
 .text._f_set32bitl
                0x2001f5e8       0x78 C:/HOOPOE3/satellite-subsystems/demo/../..//hal/hcc/lib\libHCCD.a(fat_common.o)
                0x2001f5e8                _f_set32bitl
 .text._get8bit
                0x2001f660       0xa0 C:/HOOPOE3/satellite-subsystems/demo/../..//hal/hcc/lib\libHCCD.a(fat_common.o)
 .text._get16bitl
                0x2001f700       0x40 C:/HOOPOE3/satellite-subsystems/demo/../..//hal/hcc/lib\libHCCD.a(fat_common.o)
 .text._get32bitl
                0x2001f740       0x3c C:/HOOPOE3/satellite-subsystems/demo/../..//hal/hcc/lib\libHCCD.a(fat_common.o)
 .text._f_setcardremoved
                0x2001f77c       0x94 C:/HOOPOE3/satellite-subsystems/demo/../..//hal/hcc/lib\libHCCD.a(fat_common.o)
 .text._f_checkstatus
                0x2001f810      0x104 C:/HOOPOE3/satellite-subsystems/demo/../..//hal/hcc/lib\libHCCD.a(fat_common.o)
                0x2001f810                _f_checkstatus
 .text._f_drvgetphy
                0x2001f914      0x114 C:/HOOPOE3/satellite-subsystems/demo/../..//hal/hcc/lib\libHCCD.a(fat_common.o)
 .text._f_drvwritesector
                0x2001fa28       0xdc C:/HOOPOE3/satellite-subsystems/demo/../..//hal/hcc/lib\libHCCD.a(fat_common.o)
 .text._f_drvreadsector
                0x2001fb04       0xa8 C:/HOOPOE3/satellite-subsystems/demo/../..//hal/hcc/lib\libHCCD.a(fat_common.o)
 .text._f_writesector
                0x2001fbac      0x23c C:/HOOPOE3/satellite-subsystems/demo/../..//hal/hcc/lib\libHCCD.a(fat_common.o)
                0x2001fbac                _f_writesector
 .text._f_readsector
                0x2001fde8      0x1dc C:/HOOPOE3/satellite-subsystems/demo/../..//hal/hcc/lib\libHCCD.a(fat_common.o)
                0x2001fde8                _f_readsector
 .text._f_getmaxcluster
                0x2001ffc4       0x94 C:/HOOPOE3/satellite-subsystems/demo/../..//hal/hcc/lib\libHCCD.a(fat_common.o)
                0x2001ffc4                _f_getmaxcluster
 .text._getsectorfromcluster
                0x20020058       0x68 C:/HOOPOE3/satellite-subsystems/demo/../..//hal/hcc/lib\libHCCD.a(fat_common.o)
 .text._f_buildsectors
                0x200200c0      0x268 C:/HOOPOE3/satellite-subsystems/demo/../..//hal/hcc/lib\libHCCD.a(fat_common.o)
 .text._f_getbootrecord
                0x20020328      0x5e4 C:/HOOPOE3/satellite-subsystems/demo/../..//hal/hcc/lib\libHCCD.a(fat_common.o)
 .text._f_readbootrecord
                0x2002090c      0x4f8 C:/HOOPOE3/satellite-subsystems/demo/../..//hal/hcc/lib\libHCCD.a(fat_common.o)
 .text._f_flushcffiles
                0x20020e04      0x17c C:/HOOPOE3/satellite-subsystems/demo/../..//hal/hcc/lib\libHCCD.a(fat_common.o)
                0x20020e04                _f_flushcffiles
 .text._f_fatcache_flush
                0x20020f80      0x270 C:/HOOPOE3/satellite-subsystems/demo/../..//hal/hcc/lib\libHCCD.a(fat_common.o)
                0x20020f80                _f_fatcache_flush
 .text._f_writefatsector
                0x200211f0      0x100 C:/HOOPOE3/satellite-subsystems/demo/../..//hal/hcc/lib\libHCCD.a(fat_common.o)
                0x200211f0                _f_writefatsector
 .text._f_getfatsector
                0x200212f0      0x3bc C:/HOOPOE3/satellite-subsystems/demo/../..//hal/hcc/lib\libHCCD.a(fat_common.o)
 .text._f_setclustervalue
                0x200216ac      0x490 C:/HOOPOE3/satellite-subsystems/demo/../..//hal/hcc/lib\libHCCD.a(fat_common.o)
                0x200216ac                _f_setclustervalue
 .text._f_getclustervalue
                0x20021b3c      0x388 C:/HOOPOE3/satellite-subsystems/demo/../..//hal/hcc/lib\libHCCD.a(fat_common.o)
                0x20021b3c                _f_getclustervalue
 .text._f_close_drive_files
                0x20021ec4       0xac C:/HOOPOE3/satellite-subsystems/demo/../..//hal/hcc/lib\libHCCD.a(fat_common.o)
 .text._f_inc_mount_count
                0x20021f70       0xa4 C:/HOOPOE3/satellite-subsystems/demo/../..//hal/hcc/lib\libHCCD.a(fat_common.o)
 .text._f_getvolume
                0x20022014      0x2f8 C:/HOOPOE3/satellite-subsystems/demo/../..//hal/hcc/lib\libHCCD.a(fat_common.o)
                0x20022014                _f_getvolume
 .text.fn_createdriver
                0x2002230c      0x118 C:/HOOPOE3/satellite-subsystems/demo/../..//hal/hcc/lib\libHCCD.a(fat_common.o)
                0x2002230c                fn_createdriver
 .text.fn_initvolume
                0x20022424      0x12c C:/HOOPOE3/satellite-subsystems/demo/../..//hal/hcc/lib\libHCCD.a(fat_common.o)
                0x20022424                fn_initvolume
 .text.fn_initvolumepartition_sub
                0x20022550       0xe0 C:/HOOPOE3/satellite-subsystems/demo/../..//hal/hcc/lib\libHCCD.a(fat_common.o)
 .text.fn_initvolumepartition
                0x20022630       0xac C:/HOOPOE3/satellite-subsystems/demo/../..//hal/hcc/lib\libHCCD.a(fat_common.o)
                0x20022630                fn_initvolumepartition
 .text._f_clustertopos
                0x200226dc       0xf8 C:/HOOPOE3/satellite-subsystems/demo/../..//hal/hcc/lib\libHCCD.a(fat_common.o)
                0x200226dc                _f_clustertopos
 .text._f_getcurrsector
                0x200227d4      0x6c8 C:/HOOPOE3/satellite-subsystems/demo/../..//hal/hcc/lib\libHCCD.a(fat_common.o)
                0x200227d4                _f_getcurrsector
 .text._f_getdecluster
                0x20022e9c       0x90 C:/HOOPOE3/satellite-subsystems/demo/../..//hal/hcc/lib\libHCCD.a(fat_common.o)
                0x20022e9c                _f_getdecluster
 .text._f_setdecluster
                0x20022f2c       0x8c C:/HOOPOE3/satellite-subsystems/demo/../..//hal/hcc/lib\libHCCD.a(fat_common.o)
                0x20022f2c                _f_setdecluster
 .text.fn_getdrive
                0x20022fb8       0x30 C:/HOOPOE3/satellite-subsystems/demo/../..//hal/hcc/lib\libHCCD.a(fat_common.o)
                0x20022fb8                fn_getdrive
 .text._f_getcurrenttimedate
                0x20022fe8      0x138 C:/HOOPOE3/satellite-subsystems/demo/../..//hal/hcc/lib\libHCCD.a(fat_common.o)
                0x20022fe8                _f_getcurrenttimedate
 .text._f_initentry
                0x20023120       0xa0 C:/HOOPOE3/satellite-subsystems/demo/../..//hal/hcc/lib\libHCCD.a(fat_common.o)
                0x20023120                _f_initentry
 .text._f_alloccluster
                0x200231c0      0x344 C:/HOOPOE3/satellite-subsystems/demo/../..//hal/hcc/lib\libHCCD.a(fat_common.o)
                0x200231c0                _f_alloccluster
 .text._f_dobadblock
                0x20023504      0x2cc C:/HOOPOE3/satellite-subsystems/demo/../..//hal/hcc/lib\libHCCD.a(fat_common.o)
                0x20023504                _f_dobadblock
 .text._f_checklocked
                0x200237d0       0xe4 C:/HOOPOE3/satellite-subsystems/demo/../..//hal/hcc/lib\libHCCD.a(fat_common.o)
                0x200237d0                _f_checklocked
 .text._f_checkappendlocked
                0x200238b4      0x110 C:/HOOPOE3/satellite-subsystems/demo/../..//hal/hcc/lib\libHCCD.a(fat_common.o)
                0x200238b4                _f_checkappendlocked
 .text._f_setsyncafile
                0x200239c4      0x114 C:/HOOPOE3/satellite-subsystems/demo/../..//hal/hcc/lib\libHCCD.a(fat_common.o)
                0x200239c4                _f_setsyncafile
 .text._f_syncfiles
                0x20023ad8      0x128 C:/HOOPOE3/satellite-subsystems/demo/../..//hal/hcc/lib\libHCCD.a(fat_common.o)
                0x20023ad8                _f_syncfiles
 .text._f_syncfilescontent
                0x20023c00      0x15c C:/HOOPOE3/satellite-subsystems/demo/../..//hal/hcc/lib\libHCCD.a(fat_common.o)
 .text.fn_getfreespace
                0x20023d5c      0x4c0 C:/HOOPOE3/satellite-subsystems/demo/../..//hal/hcc/lib\libHCCD.a(fat_common.o)
                0x20023d5c                fn_getfreespace
 .text._f_emptywritecache
                0x2002421c      0x4a4 C:/HOOPOE3/satellite-subsystems/demo/../..//hal/hcc/lib\libHCCD.a(fat_common.o)
 .text._f_allocnextcluster
                0x200246c0      0x54c C:/HOOPOE3/satellite-subsystems/demo/../..//hal/hcc/lib\libHCCD.a(fat_common.o)
 .text._f_emptywritebuffer
                0x20024c0c      0x20c C:/HOOPOE3/satellite-subsystems/demo/../..//hal/hcc/lib\libHCCD.a(fat_common.o)
 .text._f_writezeros
                0x20024e18       0xf0 C:/HOOPOE3/satellite-subsystems/demo/../..//hal/hcc/lib\libHCCD.a(fat_common.o)
                0x20024e18                _f_writezeros
 .text._f_extend_file
                0x20024f08      0x570 C:/HOOPOE3/satellite-subsystems/demo/../..//hal/hcc/lib\libHCCD.a(fat_common.o)
 .text._f_fseek
                0x20025478      0x9bc C:/HOOPOE3/satellite-subsystems/demo/../..//hal/hcc/lib\libHCCD.a(fat_common.o)
                0x20025478                _f_fseek
 .text._f_removechain
                0x20025e34      0x104 C:/HOOPOE3/satellite-subsystems/demo/../..//hal/hcc/lib\libHCCD.a(fat_common.o)
                0x20025e34                _f_removechain
 .text._f_updatefileentry
                0x20025f38      0x1cc C:/HOOPOE3/satellite-subsystems/demo/../..//hal/hcc/lib\libHCCD.a(fat_common.o)
 .text._f_checkreadlocked
                0x20026104      0x1bc C:/HOOPOE3/satellite-subsystems/demo/../..//hal/hcc/lib\libHCCD.a(fat_common.o)
                0x20026104                _f_checkreadlocked
 .text._f_check_handle
                0x200262c0       0x98 C:/HOOPOE3/satellite-subsystems/demo/../..//hal/hcc/lib\libHCCD.a(fat_common.o)
                0x200262c0                _f_check_handle
 .text._f_removesyncafile
                0x20026358      0x1ec C:/HOOPOE3/satellite-subsystems/demo/../..//hal/hcc/lib\libHCCD.a(fat_common.o)
 .text.fn_close
                0x20026544      0x3f8 C:/HOOPOE3/satellite-subsystems/demo/../..//hal/hcc/lib\libHCCD.a(fat_common.o)
                0x20026544                fn_close
 .text.fn_flush
                0x2002693c      0x374 C:/HOOPOE3/satellite-subsystems/demo/../..//hal/hcc/lib\libHCCD.a(fat_common.o)
                0x2002693c                fn_flush
 .text.fn_read  0x20026cb0      0x690 C:/HOOPOE3/satellite-subsystems/demo/../..//hal/hcc/lib\libHCCD.a(fat_common.o)
                0x20026cb0                fn_read
 .text._f_abortwrite
                0x20027340      0x100 C:/HOOPOE3/satellite-subsystems/demo/../..//hal/hcc/lib\libHCCD.a(fat_common.o)
 .text._f_checkwritecluster
                0x20027440       0xe4 C:/HOOPOE3/satellite-subsystems/demo/../..//hal/hcc/lib\libHCCD.a(fat_common.o)
 .text.fn_write
                0x20027524      0x8a8 C:/HOOPOE3/satellite-subsystems/demo/../..//hal/hcc/lib\libHCCD.a(fat_common.o)
                0x20027524                fn_write
 .text.fn_seek  0x20027dcc      0x270 C:/HOOPOE3/satellite-subsystems/demo/../..//hal/hcc/lib\libHCCD.a(fat_common.o)
                0x20027dcc                fn_seek
 .text.f_enterFS
                0x2002803c      0x1c0 C:/HOOPOE3/satellite-subsystems/demo/../..//hal/hcc/lib\libHCCD.a(fat_common.o)
                0x2002803c                f_enterFS
 .text.f_releaseFS
                0x200281fc       0xb0 C:/HOOPOE3/satellite-subsystems/demo/../..//hal/hcc/lib\libHCCD.a(fat_common.o)
                0x200281fc                f_releaseFS
 .text.fnGetTask
                0x200282ac       0xfc C:/HOOPOE3/satellite-subsystems/demo/../..//hal/hcc/lib\libHCCD.a(fat_common.o)
                0x200282ac                fnGetTask
 .text._f_mutex_get
                0x200283a8       0x98 C:/HOOPOE3/satellite-subsystems/demo/../..//hal/hcc/lib\libHCCD.a(fat_common.o)
                0x200283a8                _f_mutex_get
 .text._f_mutex_put
                0x20028440       0x54 C:/HOOPOE3/satellite-subsystems/demo/../..//hal/hcc/lib\libHCCD.a(fat_common.o)
                0x20028440                _f_mutex_put
 .text._fn_initseekdivisor
                0x20028494      0x158 C:/HOOPOE3/satellite-subsystems/demo/../..//hal/hcc/lib\libHCCD.a(fat_common.o)
                0x20028494                _fn_initseekdivisor
 .text._fn_updateseekpos
                0x200285ec       0xc4 C:/HOOPOE3/satellite-subsystems/demo/../..//hal/hcc/lib\libHCCD.a(fat_common.o)
 .text._f_findopensize
                0x200286b0       0x2c C:/HOOPOE3/satellite-subsystems/demo/../..//hal/hcc/lib\libHCCD.a(fat_common.o)
                0x200286b0                _f_findopensize
 .text.fn_setlasterror
                0x200286dc       0x34 C:/HOOPOE3/satellite-subsystems/demo/../..//hal/hcc/lib\libHCCD.a(fat_common.o)
                0x200286dc                fn_setlasterror
 .text.fn_setlasterror_noret
                0x20028710       0x2c C:/HOOPOE3/satellite-subsystems/demo/../..//hal/hcc/lib\libHCCD.a(fat_common.o)
                0x20028710                fn_setlasterror_noret
 .text.fm_initvolume
                0x2002873c       0x70 C:/HOOPOE3/satellite-subsystems/demo/../..//hal/hcc/lib\libHCCD.a(fat_m.o)
                0x2002873c                fm_initvolume
 .text.fm_getdrive
                0x200287ac       0x70 C:/HOOPOE3/satellite-subsystems/demo/../..//hal/hcc/lib\libHCCD.a(fat_m.o)
                0x200287ac                fm_getdrive
 .text.fm_getfreespace
                0x2002881c       0x68 C:/HOOPOE3/satellite-subsystems/demo/../..//hal/hcc/lib\libHCCD.a(fat_m.o)
                0x2002881c                fm_getfreespace
 .text.fm_findfirst
                0x20028884       0x68 C:/HOOPOE3/satellite-subsystems/demo/../..//hal/hcc/lib\libHCCD.a(fat_m.o)
                0x20028884                fm_findfirst
 .text.fm_findnext
                0x200288ec       0x60 C:/HOOPOE3/satellite-subsystems/demo/../..//hal/hcc/lib\libHCCD.a(fat_m.o)
                0x200288ec                fm_findnext
 .text.fm_rename
                0x2002894c       0x68 C:/HOOPOE3/satellite-subsystems/demo/../..//hal/hcc/lib\libHCCD.a(fat_m.o)
                0x2002894c                fm_rename
 .text.fm_filelength
                0x200289b4       0x60 C:/HOOPOE3/satellite-subsystems/demo/../..//hal/hcc/lib\libHCCD.a(fat_m.o)
                0x200289b4                fm_filelength
 .text.fm_close
                0x20028a14       0x60 C:/HOOPOE3/satellite-subsystems/demo/../..//hal/hcc/lib\libHCCD.a(fat_m.o)
                0x20028a14                fm_close
 .text.fm_flush
                0x20028a74       0x60 C:/HOOPOE3/satellite-subsystems/demo/../..//hal/hcc/lib\libHCCD.a(fat_m.o)
                0x20028a74                fm_flush
 .text.fm_open  0x20028ad4       0x68 C:/HOOPOE3/satellite-subsystems/demo/../..//hal/hcc/lib\libHCCD.a(fat_m.o)
                0x20028ad4                fm_open