Archive member included because of file (symbol)

c:/isis/application/toolchain/bin/../lib/gcc/arm-none-eabi/4.7.4/../../../../arm-none-eabi/lib\libc_s.a(lib_a-vfprintf_float.o)
                              (_printf_float)
c:/isis/application/toolchain/bin/../lib/gcc/arm-none-eabi/4.7.4/../../../../arm-none-eabi/lib\libc_s.a(lib_a-vfprintf_i.o)
                              c:/isis/application/toolchain/bin/../lib/gcc/arm-none-eabi/4.7.4/../../../../arm-none-eabi/lib\libc_s.a(lib_a-vfprintf_float.o) (_printf_common)
c:/isis/application/toolchain/bin/../lib/gcc/arm-none-eabi/4.7.4/../../../../arm-none-eabi/lib\libc_s.a(lib_a-vfscanf_float.o)
                              (_scanf_float)
c:/isis/application/toolchain/bin/../lib/gcc/arm-none-eabi/4.7.4/../../../../arm-none-eabi/lib\libc_s.a(lib_a-dtoa.o)
                              c:/isis/application/toolchain/bin/../lib/gcc/arm-none-eabi/4.7.4/../../../../arm-none-eabi/lib\libc_s.a(lib_a-vfprintf_float.o) (_dtoa_r)
c:/isis/application/toolchain/bin/../lib/gcc/arm-none-eabi/4.7.4/../../../../arm-none-eabi/lib\libc_s.a(lib_a-locale.o)
                              c:/isis/application/toolchain/bin/../lib/gcc/arm-none-eabi/4.7.4/../../../../arm-none-eabi/lib\libc_s.a(lib_a-vfprintf_float.o) (_localeconv_r)
c:/isis/application/toolchain/bin/../lib/gcc/arm-none-eabi/4.7.4/../../../../arm-none-eabi/lib\libc_s.a(lib_a-malloc.o)
                              c:/isis/application/toolchain/bin/../lib/gcc/arm-none-eabi/4.7.4/../../../../arm-none-eabi/lib\libc_s.a(lib_a-dtoa.o) (malloc)
c:/isis/application/toolchain/bin/../lib/gcc/arm-none-eabi/4.7.4/../../../../arm-none-eabi/lib\libc_s.a(lib_a-mallocr.o)
                              c:/isis/application/toolchain/bin/../lib/gcc/arm-none-eabi/4.7.4/../../../../arm-none-eabi/lib\libc_s.a(lib_a-malloc.o) (_malloc_r)
c:/isis/application/toolchain/bin/../lib/gcc/arm-none-eabi/4.7.4/../../../../arm-none-eabi/lib\libc_s.a(lib_a-memcpy.o)
                              c:/isis/application/toolchain/bin/../lib/gcc/arm-none-eabi/4.7.4/../../../../arm-none-eabi/lib\libc_s.a(lib_a-dtoa.o) (memcpy)
c:/isis/application/toolchain/bin/../lib/gcc/arm-none-eabi/4.7.4/../../../../arm-none-eabi/lib\libc_s.a(lib_a-mprec.o)
                              c:/isis/application/toolchain/bin/../lib/gcc/arm-none-eabi/4.7.4/../../../../arm-none-eabi/lib\libc_s.a(lib_a-dtoa.o) (_Balloc)
c:/isis/application/toolchain/bin/../lib/gcc/arm-none-eabi/4.7.4/../../../../arm-none-eabi/lib\libc_s.a(lib_a-s_fpclassify.o)
                              c:/isis/application/toolchain/bin/../lib/gcc/arm-none-eabi/4.7.4/../../../../arm-none-eabi/lib\libc_s.a(lib_a-vfprintf_float.o) (__fpclassifyd)
c:/isis/application/toolchain/bin/../lib/gcc/arm-none-eabi/4.7.4/../../../../arm-none-eabi/lib\libc_s.a(lib_a-sbrkr.o)
                              c:/isis/application/toolchain/bin/../lib/gcc/arm-none-eabi/4.7.4/../../../../arm-none-eabi/lib\libc_s.a(lib_a-mallocr.o) (_sbrk_r)
c:/isis/application/toolchain/bin/../lib/gcc/arm-none-eabi/4.7.4/../../../../arm-none-eabi/lib\libc_s.a(lib_a-sf_nan.o)
                              c:/isis/application/toolchain/bin/../lib/gcc/arm-none-eabi/4.7.4/../../../../arm-none-eabi/lib\libc_s.a(lib_a-vfscanf_float.o) (nanf)
c:/isis/application/toolchain/bin/../lib/gcc/arm-none-eabi/4.7.4/../../../../arm-none-eabi/lib\libc_s.a(lib_a-sprintf.o)
                              c:/isis/application/toolchain/bin/../lib/gcc/arm-none-eabi/4.7.4/../../../../arm-none-eabi/lib\libc_s.a(lib_a-vfscanf_float.o) (sprintf)
c:/isis/application/toolchain/bin/../lib/gcc/arm-none-eabi/4.7.4/../../../../arm-none-eabi/lib\libc_s.a(lib_a-strcmp.o)
                              c:/isis/application/toolchain/bin/../lib/gcc/arm-none-eabi/4.7.4/../../../../arm-none-eabi/lib\libc_s.a(lib_a-locale.o) (strcmp)
c:/isis/application/toolchain/bin/../lib/gcc/arm-none-eabi/4.7.4/../../../../arm-none-eabi/lib\libc_s.a(lib_a-strlen.o)
                              c:/isis/application/toolchain/bin/../lib/gcc/arm-none-eabi/4.7.4/../../../../arm-none-eabi/lib\libc_s.a(lib_a-vfprintf_float.o) (strlen)
c:/isis/application/toolchain/bin/../lib/gcc/arm-none-eabi/4.7.4/../../../../arm-none-eabi/lib\libc_s.a(lib_a-strtod.o)
                              c:/isis/application/toolchain/bin/../lib/gcc/arm-none-eabi/4.7.4/../../../../arm-none-eabi/lib\libc_s.a(lib_a-vfscanf_float.o) (_strtod_r)
c:/isis/application/toolchain/bin/../lib/gcc/arm-none-eabi/4.7.4/../../../../arm-none-eabi/lib\libc_s.a(lib_a-strtol.o)
                              c:/isis/application/toolchain/bin/../lib/gcc/arm-none-eabi/4.7.4/../../../../arm-none-eabi/lib\libc_s.a(lib_a-vfscanf_float.o) (_strtol_r)
c:/isis/application/toolchain/bin/../lib/gcc/arm-none-eabi/4.7.4/../../../../arm-none-eabi/lib\libc_s.a(lib_a-svfprintf.o)
                              c:/isis/application/toolchain/bin/../lib/gcc/arm-none-eabi/4.7.4/../../../../arm-none-eabi/lib\libc_s.a(lib_a-sprintf.o) (_svfprintf_r)
[...]
Memory Configuration

Name             Origin             Length             Attributes
sram0            0x00200000         0x00004000         w !xr
sram1            0x00300000         0x00004000         w !xr
sdram            0x20000000         0x02000000         w !xr
*default*        0x00000000         0xffffffff

Linker script and memory map

LOAD c:/isis/application/toolchain/bin/../lib/gcc/arm-none-eabi/4.7.4/../../../../arm-none-eabi/lib\libc_s.a
LOAD ./src/sub-systemCode/payload/Request Management/Dump/Butchering.o
LOAD ./src/sub-systemCode/payload/Request Management/Dump/imageDump.o
LOAD ./src/sub-systemCode/payload/Request Management/CameraManeger.o
LOAD ./src/sub-systemCode/payload/Request Management/DB_RequestHandling.o
LOAD ./src/sub-systemCode/payload/Misc/Boolean_bit.o
LOAD ./src/sub-systemCode/payload/Misc/FileSystem.o
LOAD ./src/sub-systemCode/payload/Drivers/GeckoCameraDriver.o
LOAD ./src/sub-systemCode/payload/DataBase/DataBase.o
LOAD ./src/sub-systemCode/payload/Compression/jpeg/bmp/rawToBMP.o
LOAD ./src/sub-systemCode/payload/Compression/jpeg/DCT.o
LOAD ./src/sub-systemCode/payload/Compression/jpeg/ImgCompressor.o
LOAD ./src/sub-systemCode/payload/Compression/jpeg/color_conv.o
LOAD ./src/sub-systemCode/payload/Compression/jpeg/jpeg.o
LOAD ./src/sub-systemCode/payload/Compression/jpeg/jpeg_encoder.o
LOAD ./src/sub-systemCode/payload/Compression/jpeg/jpeg_memory_alloc.o
LOAD ./src/sub-systemCode/payload/Compression/jpeg/jpeg_params.o
LOAD ./src/sub-systemCode/payload/Compression/jpeg/output_stream.o
LOAD ./src/sub-systemCode/payload/Compression/ImageConversion.o
LOAD ./src/sub-systemCode/Main/CMD/ADCS_CMD.o
LOAD ./src/sub-systemCode/Main/CMD/COMM_CMD.o
LOAD ./src/sub-systemCode/Main/CMD/EPS_CMD.o
LOAD ./src/sub-systemCode/Main/CMD/General_CMD.o
LOAD ./src/sub-systemCode/Main/CMD/SW_CMD.o
LOAD ./src/sub-systemCode/Main/CMD/payload_CMD.o
LOAD ./src/sub-systemCode/Main/Ants.o
LOAD ./src/sub-systemCode/Main/EPS.o
LOAD ./src/sub-systemCode/Main/HouseKeeping.o
LOAD ./src/sub-systemCode/Main/Main_Init.o
LOAD ./src/sub-systemCode/Main/commands.o
LOAD ./src/sub-systemCode/Global/Global.o
LOAD ./src/sub-systemCode/Global/GlobalParam.o
LOAD ./src/sub-systemCode/Global/OnlineTM.o
LOAD ./src/sub-systemCode/Global/TLM_management.o
LOAD ./src/sub-systemCode/Global/freertosExtended.o
LOAD ./src/sub-systemCode/Global/logger.o
LOAD ./src/sub-systemCode/COMM/APRS.o
LOAD ./src/sub-systemCode/COMM/DelayedCommand_list.o
LOAD ./src/sub-systemCode/COMM/GSC.o
LOAD ./src/sub-systemCode/COMM/TRXVU.o
LOAD ./src/sub-systemCode/ADCS/AdcsCommands.o
LOAD ./src/sub-systemCode/ADCS/AdcsGetDataAndTlm.o
LOAD ./src/sub-systemCode/ADCS/AdcsMain.o
LOAD ./src/sub-systemCode/ADCS/AdcsTest.o
LOAD ./src/sub-systemCode/ADCS/AdcsTroubleShooting.o
LOAD ./src/sub-systemCode/ADCS/StateMachine.o
LOAD ./src/main.o
LOAD C:/ISIS/workspace/HOOPOE3/satellite-subsystems/demo/..//satellite-subsystems/lib\libSatelliteSubsystemsD.a
LOAD c:/isis/application/toolchain/bin/../lib/gcc/arm-none-eabi/4.7.4/../../../../arm-none-eabi/lib\libm.a
LOAD C:/ISIS/workspace/HOOPOE3/satellite-subsystems/demo/../..//hal/hcc/lib\libHCCD.a
LOAD C:/ISIS/workspace/HOOPOE3/satellite-subsystems/demo/../..//hal/hal/lib\libHALD.a
LOAD C:/ISIS/workspace/HOOPOE3/satellite-subsystems/demo/../..//hal/freertos/lib\libFreeRTOSD.a
LOAD C:/ISIS/workspace/HOOPOE3/satellite-subsystems/demo/../..//hal/at91/lib\libAt91D.a
START GROUP
LOAD c:/isis/application/toolchain/bin/../lib/gcc/arm-none-eabi/4.7.4\libgcc.a
LOAD c:/isis/application/toolchain/bin/../lib/gcc/arm-none-eabi/4.7.4/../../../../arm-none-eabi/lib\libc_s.a
END GROUP

.fixed          0x20000000    0x597f8
                0x20000000                . = ALIGN (0x4)
                0x20000000                _sfixed = .
 *(.startup)
 .startup       0x20000000      0x134 C:/ISIS/workspace/HOOPOE3/satellite-subsystems/demo/../..//hal/at91/lib\libAt91D.a(board_cstartup.o)
                0x20000000                entry
 *(.text)
 .text          0x20000134       0x64 C:/ISIS/workspace/HOOPOE3/satellite-subsystems/demo/../..//hal/at91/lib\libAt91D.a(cp15_asm.o)
                0x20000134                _readControlRegister
                0x20000140                _writeControlRegister
                0x20000148                _waitForInterrupt
                0x20000154                _writeTTB
                0x2000015c                _writeDomain
                0x20000164                _writeITLBLockdown
                0x2000016c                _prefetchICacheLine
                0x20000174                _flushDCache
                0x20000180                _flushWriteBuffer
                0x2000018c                _invalidateIDTLBs
 .text          0x20000198      0x114 c:/isis/application/toolchain/bin/../lib/gcc/arm-none-eabi/4.7.4\libgcc.a(_udivsi3.o)
                0x20000198                __aeabi_uidiv
                0x20000198                __udivsi3
                0x2000028c                __aeabi_uidivmod
 .text          0x200002ac      0x148 c:/isis/application/toolchain/bin/../lib/gcc/arm-none-eabi/4.7.4\libgcc.a(_divsi3.o)
                0x200002ac                __divsi3
                0x200002ac                __aeabi_idiv
                0x200003d4                __aeabi_idivmod
 .text          0x200003f4        0x4 c:/isis/application/toolchain/bin/../lib/gcc/arm-none-eabi/4.7.4\libgcc.a(_dvmd_tls.o)
                0x200003f4                __aeabi_idiv0
                0x200003f4                __aeabi_ldiv0
 .text          0x200003f8      0x41c c:/isis/application/toolchain/bin/../lib/gcc/arm-none-eabi/4.7.4\libgcc.a(_arm_addsubdf3.o)
                0x200003f8                __aeabi_drsub
                0x20000400                __aeabi_dsub
                0x20000400                __subdf3
                0x20000404                __aeabi_dadd
                0x20000404                __adddf3
                0x20000714                __floatunsidf
                0x20000714                __aeabi_ui2d
                0x20000738                __floatsidf
                0x20000738                __aeabi_i2d
                0x20000760                __aeabi_f2d
                0x20000760                __extendsfdf2
                0x200007a0                __floatundidf
                0x200007a0                __aeabi_ul2d
                0x200007b4                __floatdidf
                0x200007b4                __aeabi_l2d
 .text          0x20000814      0x49c c:/isis/application/toolchain/bin/../lib/gcc/arm-none-eabi/4.7.4\libgcc.a(_arm_muldivdf3.o)
                0x20000814                __aeabi_dmul
                0x20000814                __muldf3
                0x20000aa4                __divdf3
                0x20000aa4                __aeabi_ddiv
 .text          0x20000cb0      0x144 c:/isis/application/toolchain/bin/../lib/gcc/arm-none-eabi/4.7.4\libgcc.a(_arm_cmpdf2.o)
                0x20000cb0                __gtdf2
                0x20000cb0                __gedf2
                0x20000cb8                __ltdf2
                0x20000cb8                __ledf2
                0x20000cc0                __nedf2
                0x20000cc0                __eqdf2
                0x20000cc0                __cmpdf2
                0x20000d48                __aeabi_cdrcmple
                0x20000d64                __aeabi_cdcmpeq
                0x20000d64                __aeabi_cdcmple
                0x20000d7c                __aeabi_dcmpeq
                0x20000d94                __aeabi_dcmplt
                0x20000dac                __aeabi_dcmple
                0x20000dc4                __aeabi_dcmpge
                0x20000ddc                __aeabi_dcmpgt
 .text          0x20000df4       0x5c c:/isis/application/toolchain/bin/../lib/gcc/arm-none-eabi/4.7.4\libgcc.a(_arm_fixdfsi.o)
                0x20000df4                __aeabi_d2iz
                0x20000df4                __fixdfsi
 .text          0x20000e50       0x54 c:/isis/application/toolchain/bin/../lib/gcc/arm-none-eabi/4.7.4\libgcc.a(_arm_fixunsdfsi.o)
                0x20000e50                __aeabi_d2uiz
                0x20000e50                __fixunsdfsi
 .text          0x20000ea4       0xa0 c:/isis/application/toolchain/bin/../lib/gcc/arm-none-eabi/4.7.4\libgcc.a(_arm_truncdfsf2.o)
                0x20000ea4                __truncdfsf2
                0x20000ea4                __aeabi_d2f
 .text          0x20000f44      0x2ac c:/isis/application/toolchain/bin/../lib/gcc/arm-none-eabi/4.7.4\libgcc.a(_arm_addsubsf3.o)
                0x20000f44                __aeabi_frsub
                0x20000f4c                __subsf3
                0x20000f4c                __aeabi_fsub
                0x20000f50                __aeabi_fadd
                0x20000f50                __addsf3
                0x2000110c                __aeabi_ui2f
                0x2000110c                __floatunsisf
                0x20001114                __aeabi_i2f
                0x20001114                __floatsisf
                0x20001134                __aeabi_ul2f
                0x20001134                __floatundisf
                0x20001144                __aeabi_l2f
                0x20001144                __floatdisf
 .text          0x200011f0      0x2f8 c:/isis/application/toolchain/bin/../lib/gcc/arm-none-eabi/4.7.4\libgcc.a(_arm_muldivsf3.o)
                0x200011f0                __mulsf3
                0x200011f0                __aeabi_fmul
                0x20001388                __aeabi_fdiv
                0x20001388                __divsf3
 .text          0x200014e8      0x114 c:/isis/application/toolchain/bin/../lib/gcc/arm-none-eabi/4.7.4\libgcc.a(_arm_cmpsf2.o)
                0x200014e8                __gesf2
                0x200014e8                __gtsf2
                0x200014f0                __lesf2
                0x200014f0                __ltsf2
                0x200014f8                __nesf2
                0x200014f8                __eqsf2
                0x200014f8                __cmpsf2
                0x2000155c                __aeabi_cfrcmple
                0x2000156c                __aeabi_cfcmpeq
                0x2000156c                __aeabi_cfcmple
                0x20001584                __aeabi_fcmpeq
                0x2000159c                __aeabi_fcmplt
                0x200015b4                __aeabi_fcmple
                0x200015cc                __aeabi_fcmpge
                0x200015e4                __aeabi_fcmpgt
 .text          0x200015fc       0x5c c:/isis/application/toolchain/bin/../lib/gcc/arm-none-eabi/4.7.4\libgcc.a(_arm_fixsfsi.o)
                0x200015fc                __aeabi_f2iz
                0x200015fc                __fixsfsi
 .text          0x20001658       0x54 c:/isis/application/toolchain/bin/../lib/gcc/arm-none-eabi/4.7.4\libgcc.a(_arm_fixunssfsi.o)
                0x20001658                __fixunssfsi
                0x20001658                __aeabi_f2uiz
 *(.text*)
 .text.__cvt    0x200016ac      0x138 c:/isis/application/toolchain/bin/../lib/gcc/arm-none-eabi/4.7.4/../../../../arm-none-eabi/lib\libc_s.a(lib_a-vfprintf_float.o)
                0x200016ac                __cvt
 .text.__exponent
                0x200017e4       0xa8 c:/isis/application/toolchain/bin/../lib/gcc/arm-none-eabi/4.7.4/../../../../arm-none-eabi/lib\libc_s.a(lib_a-vfprintf_float.o)
                0x200017e4                __exponent
 .text._printf_float
                0x2000188c      0x7dc c:/isis/application/toolchain/bin/../lib/gcc/arm-none-eabi/4.7.4/../../../../arm-none-eabi/lib\libc_s.a(lib_a-vfprintf_float.o)
                0x2000188c                _printf_float
 .text._printf_common
                0x20002068      0x174 c:/isis/application/toolchain/bin/../lib/gcc/arm-none-eabi/4.7.4/../../../../arm-none-eabi/lib\libc_s.a(lib_a-vfprintf_i.o)
                0x20002068                _printf_common
 .text._printf_i
                0x200021dc      0x3c4 c:/isis/application/toolchain/bin/../lib/gcc/arm-none-eabi/4.7.4/../../../../arm-none-eabi/lib\libc_s.a(lib_a-vfprintf_i.o)
                0x200021dc                _printf_i
 .text._scanf_float
                0x200025a0      0x5f4 c:/isis/application/toolchain/bin/../lib/gcc/arm-none-eabi/4.7.4/../../../../arm-none-eabi/lib\libc_s.a(lib_a-vfscanf_float.o)
                0x200025a0                _scanf_float
 .text.quorem   0x20002b94      0x1ac c:/isis/application/toolchain/bin/../lib/gcc/arm-none-eabi/4.7.4/../../../../arm-none-eabi/lib\libc_s.a(lib_a-dtoa.o)
 .text._dtoa_r  0x20002d40     0x1268 c:/isis/application/toolchain/bin/../lib/gcc/arm-none-eabi/4.7.4/../../../../arm-none-eabi/lib\libc_s.a(lib_a-dtoa.o)
                0x20002d40                _dtoa_r
 .text._localeconv_r
                0x20003fa8        0xc c:/isis/application/toolchain/bin/../lib/gcc/arm-none-eabi/4.7.4/../../../../arm-none-eabi/lib\libc_s.a(lib_a-locale.o)
                0x20003fa8                _localeconv_r
 .text.malloc   0x20003fb4       0x20 c:/isis/application/toolchain/bin/../lib/gcc/arm-none-eabi/4.7.4/../../../../arm-none-eabi/lib\libc_s.a(lib_a-malloc.o)
                0x20003fb4                malloc
 .text.free     0x20003fd4       0x20 c:/isis/application/toolchain/bin/../lib/gcc/arm-none-eabi/4.7.4/../../../../arm-none-eabi/lib\libc_s.a(lib_a-malloc.o)
                0x20003fd4                free
 .text._malloc_r
                0x20003ff4       0xfc c:/isis/application/toolchain/bin/../lib/gcc/arm-none-eabi/4.7.4/../../../../arm-none-eabi/lib\libc_s.a(lib_a-mallocr.o)
                0x20003ff4                _malloc_r
 .text.memcpy   0x200040f0       0x20 c:/isis/application/toolchain/bin/../lib/gcc/arm-none-eabi/4.7.4/../../../../arm-none-eabi/lib\libc_s.a(lib_a-memcpy.o)
                0x200040f0                memcpy
 .text._Balloc  0x20004110       0xcc c:/isis/application/toolchain/bin/../lib/gcc/arm-none-eabi/4.7.4/../../../../arm-none-eabi/lib\libc_s.a(lib_a-mprec.o)
                0x20004110                _Balloc
 .text._Bfree   0x200041dc       0x5c c:/isis/application/toolchain/bin/../lib/gcc/arm-none-eabi/4.7.4/../../../../arm-none-eabi/lib\libc_s.a(lib_a-mprec.o)
                0x200041dc                _Bfree
 .text.__multadd
                0x20004238       0xbc c:/isis/application/toolchain/bin/../lib/gcc/arm-none-eabi/4.7.4/../../../../arm-none-eabi/lib\libc_s.a(lib_a-mprec.o)
                0x20004238                __multadd
 .text.__s2b    0x200042f4       0xd8 c:/isis/application/toolchain/bin/../lib/gcc/arm-none-eabi/4.7.4/../../../../arm-none-eabi/lib\libc_s.a(lib_a-mprec.o)
                0x200042f4                __s2b
 .text.__hi0bits
                0x200043cc       0x58 c:/isis/application/toolchain/bin/../lib/gcc/arm-none-eabi/4.7.4/../../../../arm-none-eabi/lib\libc_s.a(lib_a-mprec.o)
                0x200043cc                __hi0bits
 .text.__lo0bits
                0x20004424       0x94 c:/isis/application/toolchain/bin/../lib/gcc/arm-none-eabi/4.7.4/../../../../arm-none-eabi/lib\libc_s.a(lib_a-mprec.o)
                0x20004424                __lo0bits
 .text.__i2b    0x200044b8       0x24 c:/isis/application/toolchain/bin/../lib/gcc/arm-none-eabi/4.7.4/../../../../arm-none-eabi/lib\libc_s.a(lib_a-mprec.o)
                0x200044b8                __i2b
 .text.__multiply
                0x200044dc      0x1ac c:/isis/application/toolchain/bin/../lib/gcc/arm-none-eabi/4.7.4/../../../../arm-none-eabi/lib\libc_s.a(lib_a-mprec.o)
                0x200044dc                __multiply
 .text.__pow5mult
                0x20004688      0x10c c:/isis/application/toolchain/bin/../lib/gcc/arm-none-eabi/4.7.4/../../../../arm-none-eabi/lib\libc_s.a(lib_a-mprec.o)
                0x20004688                __pow5mult
 .text.__lshift
                0x20004794       0xf0 c:/isis/application/toolchain/bin/../lib/gcc/arm-none-eabi/4.7.4/../../../../arm-none-eabi/lib\libc_s.a(lib_a-mprec.o)
                0x20004794                __lshift
 .text.__mcmp   0x20004884       0x60 c:/isis/application/toolchain/bin/../lib/gcc/arm-none-eabi/4.7.4/../../../../arm-none-eabi/lib\libc_s.a(lib_a-mprec.o)
                0x20004884                __mcmp
 .text.__mdiff  0x200048e4      0x128 c:/isis/application/toolchain/bin/../lib/gcc/arm-none-eabi/4.7.4/../../../../arm-none-eabi/lib\libc_s.a(lib_a-mprec.o)
                0x200048e4                __mdiff
 .text.__ulp    0x20004a0c       0x5c c:/isis/application/toolchain/bin/../lib/gcc/arm-none-eabi/4.7.4/../../../../arm-none-eabi/lib\libc_s.a(lib_a-mprec.o)
                0x20004a0c                __ulp
 .text.__b2d    0x20004a68       0xc8 c:/isis/application/toolchain/bin/../lib/gcc/arm-none-eabi/4.7.4/../../../../arm-none-eabi/lib\libc_s.a(lib_a-mprec.o)
                0x20004a68                __b2d
 .text.__d2b    0x20004b30       0xfc c:/isis/application/toolchain/bin/../lib/gcc/arm-none-eabi/4.7.4/../../../../arm-none-eabi/lib\libc_s.a(lib_a-mprec.o)
                0x20004b30                __d2b
 .text.__ratio  0x20004c2c       0x70 c:/isis/application/toolchain/bin/../lib/gcc/arm-none-eabi/4.7.4/../../../../arm-none-eabi/lib\libc_s.a(lib_a-mprec.o)
                0x20004c2c                __ratio
 .text.__copybits
                0x20004c9c       0x4c c:/isis/application/toolchain/bin/../lib/gcc/arm-none-eabi/4.7.4/../../../../arm-none-eabi/lib\libc_s.a(lib_a-mprec.o)
                0x20004c9c                __copybits
 .text.__any_on
                0x20004ce8       0x7c c:/isis/application/toolchain/bin/../lib/gcc/arm-none-eabi/4.7.4/../../../../arm-none-eabi/lib\libc_s.a(lib_a-mprec.o)
                0x20004ce8                __any_on
 .text.__fpclassifyd
                0x20004d64       0x6c c:/isis/application/toolchain/bin/../lib/gcc/arm-none-eabi/4.7.4/../../../../arm-none-eabi/lib\libc_s.a(lib_a-s_fpclassify.o)
                0x20004d64                __fpclassifyd
 .text._sbrk_r  0x20004dd0       0x3c c:/isis/application/toolchain/bin/../lib/gcc/arm-none-eabi/4.7.4/../../../../arm-none-eabi/lib\libc_s.a(lib_a-sbrkr.o)
                0x20004dd0                _sbrk_r
 .text.nanf     0x20004e0c        0xc c:/isis/application/toolchain/bin/../lib/gcc/arm-none-eabi/4.7.4/../../../../arm-none-eabi/lib\libc_s.a(lib_a-sf_nan.o)
                0x20004e0c                nanf
 .text.sprintf  0x20004e18       0x6c c:/isis/application/toolchain/bin/../lib/gcc/arm-none-eabi/4.7.4/../../../../arm-none-eabi/lib\libc_s.a(lib_a-sprintf.o)
                0x20004e18                siprintf
                0x20004e18                sprintf
 .text.strcmp   0x20004e84       0x1c c:/isis/application/toolchain/bin/../lib/gcc/arm-none-eabi/4.7.4/../../../../arm-none-eabi/lib\libc_s.a(lib_a-strcmp.o)
                0x20004e84                strcmp
 .text.strlen   0x20004ea0       0x1c c:/isis/application/toolchain/bin/../lib/gcc/arm-none-eabi/4.7.4/../../../../arm-none-eabi/lib\libc_s.a(lib_a-strlen.o)
                0x20004ea0                strlen
 .text.match    0x20004ebc       0x54 c:/isis/application/toolchain/bin/../lib/gcc/arm-none-eabi/4.7.4/../../../../arm-none-eabi/lib\libc_s.a(lib_a-strtod.o)
 .text._strtod_r
                0x20004f10     0x1168 c:/isis/application/toolchain/bin/../lib/gcc/arm-none-eabi/4.7.4/../../../../arm-none-eabi/lib\libc_s.a(lib_a-strtod.o)
                0x20004f10                _strtod_r
 .text._strtol_r
                0x20006078      0x1b8 c:/isis/application/toolchain/bin/../lib/gcc/arm-none-eabi/4.7.4/../../../../arm-none-eabi/lib\libc_s.a(lib_a-strtol.o)
                0x20006078                _strtol_r
 .text.__ssputc_r
                0x20006230      0x10c c:/isis/application/toolchain/bin/../lib/gcc/arm-none-eabi/4.7.4/../../../../arm-none-eabi/lib\libc_s.a(lib_a-svfprintf.o)
                0x20006230                __ssputc_r
 .text._svfprintf_r
                0x2000633c      0x328 c:/isis/application/toolchain/bin/../lib/gcc/arm-none-eabi/4.7.4/../../../../arm-none-eabi/lib\libc_s.a(lib_a-svfprintf.o)
                0x2000633c                _svfiprintf_r
                0x2000633c                _svfprintf_r
 .text._calloc_r
                0x20006664       0x2c c:/isis/application/toolchain/bin/../lib/gcc/arm-none-eabi/4.7.4/../../../../arm-none-eabi/lib\libc_s.a(lib_a-callocr.o)
                0x20006664                _calloc_r
 .text._free_r  0x20006690      0x108 c:/isis/application/toolchain/bin/../lib/gcc/arm-none-eabi/4.7.4/../../../../arm-none-eabi/lib\libc_s.a(lib_a-freer.o)
                0x20006690                _free_r
 .text.rshift   0x20006798       0xb0 c:/isis/application/toolchain/bin/../lib/gcc/arm-none-eabi/4.7.4/../../../../arm-none-eabi/lib\libc_s.a(lib_a-gdtoa-gethex.o)
 .text.htinit.constprop.0
                0x20006848       0x34 c:/isis/application/toolchain/bin/../lib/gcc/arm-none-eabi/4.7.4/../../../../arm-none-eabi/lib\libc_s.a(lib_a-gdtoa-gethex.o)
 .text.__hexdig_init
                0x2000687c       0x38 c:/isis/application/toolchain/bin/../lib/gcc/arm-none-eabi/4.7.4/../../../../arm-none-eabi/lib\libc_s.a(lib_a-gdtoa-gethex.o)
                0x2000687c                __hexdig_init
 .text.__gethex
                0x200068b4      0x6cc c:/isis/application/toolchain/bin/../lib/gcc/arm-none-eabi/4.7.4/../../../../arm-none-eabi/lib\libc_s.a(lib_a-gdtoa-gethex.o)
                0x200068b4                __gethex
 .text.L_shift  0x20006f80       0x38 c:/isis/application/toolchain/bin/../lib/gcc/arm-none-eabi/4.7.4/../../../../arm-none-eabi/lib\libc_s.a(lib_a-gdtoa-hexnan.o)
 .text.__hexnan
                0x20006fb8      0x1d8 c:/isis/application/toolchain/bin/../lib/gcc/arm-none-eabi/4.7.4/../../../../arm-none-eabi/lib\libc_s.a(lib_a-gdtoa-hexnan.o)
                0x20006fb8                __hexnan
 .text.memchr   0x20007190       0x34 c:/isis/application/toolchain/bin/../lib/gcc/arm-none-eabi/4.7.4/../../../../arm-none-eabi/lib\libc_s.a(lib_a-memchr.o)
                0x20007190                memchr
 .text.memset   0x200071c4       0x1c c:/isis/application/toolchain/bin/../lib/gcc/arm-none-eabi/4.7.4/../../../../arm-none-eabi/lib\libc_s.a(lib_a-memset.o)
                0x200071c4                memset
 .text._realloc_r
                0x200071e0       0x80 c:/isis/application/toolchain/bin/../lib/gcc/arm-none-eabi/4.7.4/../../../../arm-none-eabi/lib\libc_s.a(lib_a-reallocr.o)
                0x200071e0                _realloc_r
 .text.strncmp  0x20007260       0x64 c:/isis/application/toolchain/bin/../lib/gcc/arm-none-eabi/4.7.4/../../../../arm-none-eabi/lib\libc_s.a(lib_a-strncmp.o)
                0x20007260                strncmp
 .text._malloc_usable_size_r
                0x200072c4       0x1c c:/isis/application/toolchain/bin/../lib/gcc/arm-none-eabi/4.7.4/../../../../arm-none-eabi/lib\libc_s.a(lib_a-msizer.o)
                0x200072c4                _malloc_usable_size_r
 .text.GetChunkFromImage
                0x200072e0      0x2d0 ./src/sub-systemCode/payload/Request Management/Dump/Butchering.o
                0x200072e0                GetChunkFromImage
 .text.SimpleButcher
                0x200075b0       0xd8 ./src/sub-systemCode/payload/Request Management/Dump/Butchering.o
                0x200075b0                SimpleButcher
 .text.readChunkDimentionsFromFRAM
                0x20007688       0x80 ./src/sub-systemCode/payload/Request Management/Dump/imageDump.o
                0x20007688                readChunkDimentionsFromFRAM
 .text.setChunkDimensions_inFRAM
                0x20007708      0x10c ./src/sub-systemCode/payload/Request Management/Dump/imageDump.o
                0x20007708                setChunkDimensions_inFRAM
 .text.find_subType_ofImage
                0x20007814       0xe0 ./src/sub-systemCode/payload/Request Management/Dump/imageDump.o
                0x20007814                find_subType_ofImage
 .text.buildAndSend_chunck
                0x200078f4      0x320 ./src/sub-systemCode/payload/Request Management/Dump/imageDump.o
                0x200078f4                buildAndSend_chunck
 .text.bitField_imageDump
                0x20007c14      0x23c ./src/sub-systemCode/payload/Request Management/Dump/imageDump.o
                0x20007c14                bitField_imageDump
 .text.imageDataBase_Dump
                0x20007e50      0x118 ./src/sub-systemCode/payload/Request Management/Dump/imageDump.o
                0x20007e50                imageDataBase_Dump
 .text.chunkField_imageDump
                0x20007f68      0x258 ./src/sub-systemCode/payload/Request Management/Dump/imageDump.o
                0x20007f68                chunkField_imageDump
 .text.imageDump_task
                0x200081c0      0x414 ./src/sub-systemCode/payload/Request Management/Dump/imageDump.o
                0x200081c0                imageDump_task
 .text.CameraManagerTaskMain
                0x200085d4      0x120 ./src/sub-systemCode/payload/Request Management/CameraManeger.o
                0x200085d4                CameraManagerTaskMain
 .text.initCamera
                0x200086f4       0xa4 ./src/sub-systemCode/payload/Request Management/CameraManeger.o
                0x200086f4                initCamera
 .text.KickStartCamera
                0x20008798       0xb4 ./src/sub-systemCode/payload/Request Management/CameraManeger.o
                0x20008798                KickStartCamera
 .text.addRequestToQueue
                0x2000884c       0xa8 ./src/sub-systemCode/payload/Request Management/CameraManeger.o
                0x2000884c                addRequestToQueue
 .text.removeRequestFromQueue
                0x200088f4       0x7c ./src/sub-systemCode/payload/Request Management/CameraManeger.o
                0x200088f4                removeRequestFromQueue
 .text.Take_pictures_with_time_in_between
                0x20008970       0xe8 ./src/sub-systemCode/payload/Request Management/CameraManeger.o
                0x20008970                Take_pictures_with_time_in_between
 .text.Gecko_TroubleShooter
                0x20008a58       0xdc ./src/sub-systemCode/payload/Request Management/CameraManeger.o
                0x20008a58                Gecko_TroubleShooter
 .text.startDumpTask
                0x20008b34       0x70 ./src/sub-systemCode/payload/Request Management/CameraManeger.o
                0x20008b34                startDumpTask
 .text.act_upon_request
                0x20008ba4      0x4d4 ./src/sub-systemCode/payload/Request Management/CameraManeger.o
                0x20008ba4                act_upon_request
 .text.TakePicture
                0x20009078       0x4c ./src/sub-systemCode/payload/Request Management/DB_RequestHandling.o
                0x20009078                TakePicture
 .text.TakeSpecialPicture
                0x200090c4      0x104 ./src/sub-systemCode/payload/Request Management/DB_RequestHandling.o
                0x200090c4                TakeSpecialPicture
 .text.DeletePictureFile
                0x200091c8       0x88 ./src/sub-systemCode/payload/Request Management/DB_RequestHandling.o
                0x200091c8                DeletePictureFile
 .text.DeletePicture
                0x20009250       0x6c ./src/sub-systemCode/payload/Request Management/DB_RequestHandling.o
                0x20009250                DeletePicture
 .text.TransferPicture
                0x200092bc       0x54 ./src/sub-systemCode/payload/Request Management/DB_RequestHandling.o
                0x200092bc                TransferPicture
 .text.CreateThumbnail
                0x20009310       0x80 ./src/sub-systemCode/payload/Request Management/DB_RequestHandling.o
                0x20009310                CreateThumbnail
 .text.CreateJPG
                0x20009390       0x7c ./src/sub-systemCode/payload/Request Management/DB_RequestHandling.o
                0x20009390                CreateJPG
 .text.UpdatePhotographyValues
                0x2000940c       0xb4 ./src/sub-systemCode/payload/Request Management/DB_RequestHandling.o
                0x2000940c                UpdatePhotographyValues
 .text.setChunkDimensions
                0x200094c0       0x64 ./src/sub-systemCode/payload/Request Management/DB_RequestHandling.o
                0x200094c0                setChunkDimensions
 .text.convert2char
                0x20009524      0x14c ./src/sub-systemCode/payload/Misc/Boolean_bit.o
                0x20009524                convert2char
 .text.convert2byte
                0x20009670      0x1c8 ./src/sub-systemCode/payload/Misc/Boolean_bit.o
                0x20009670                convert2byte
 .text.bits2byte
                0x20009838      0x17c ./src/sub-systemCode/payload/Misc/Boolean_bit.o
                0x20009838                bits2byte
 .text.byte2bits
                0x200099b4      0x17c ./src/sub-systemCode/payload/Misc/Boolean_bit.o
                0x200099b4                byte2bits
 .text.char2bits
                0x20009b30       0x44 ./src/sub-systemCode/payload/Misc/Boolean_bit.o
                0x20009b30                char2bits
 .text.bits2char
                0x20009b74       0x3c ./src/sub-systemCode/payload/Misc/Boolean_bit.o
                0x20009b74                bits2char
 .text.ReadFromFile
                0x20009bb0       0x6c ./src/sub-systemCode/payload/Misc/FileSystem.o
                0x20009bb0                ReadFromFile
 .text.WriteToFile
                0x20009c1c       0x74 ./src/sub-systemCode/payload/Misc/FileSystem.o
                0x20009c1c                WriteToFile
 .text.Initialized_GPIO
                0x20009c90       0x54 ./src/sub-systemCode/payload/Drivers/GeckoCameraDriver.o
                0x20009c90                Initialized_GPIO
 .text.TurnOnGecko
                0x20009ce4      0x140 ./src/sub-systemCode/payload/Drivers/GeckoCameraDriver.o
                0x20009ce4                TurnOnGecko
 .text.TurnOffGecko
                0x20009e24       0xd8 ./src/sub-systemCode/payload/Drivers/GeckoCameraDriver.o
                0x20009e24                TurnOffGecko
 .text.initGecko
                0x20009efc       0x3c ./src/sub-systemCode/payload/Drivers/GeckoCameraDriver.o
                0x20009efc                initGecko
 .text.GECKO_TakeImage
                0x20009f38      0x2f4 ./src/sub-systemCode/payload/Drivers/GeckoCameraDriver.o
                0x20009f38                GECKO_TakeImage
 .text.GECKO_ReadImage
                0x2000a22c      0x234 ./src/sub-systemCode/payload/Drivers/GeckoCameraDriver.o
                0x2000a22c                GECKO_ReadImage
 .text.GECKO_EraseBlock
                0x2000a460       0xf0 ./src/sub-systemCode/payload/Drivers/GeckoCameraDriver.o
                0x2000a460                GECKO_EraseBlock
 .text.getFileName
                0x2000a550      0x1a0 ./src/sub-systemCode/payload/DataBase/DataBase.o
 .text.zeroImageDataBase
                0x2000a6f0       0xfc ./src/sub-systemCode/payload/DataBase/DataBase.o
                0x2000a6f0                zeroImageDataBase
 .text.updateGeneralDataBaseParameters
                0x2000a7ec       0x5c ./src/sub-systemCode/payload/DataBase/DataBase.o
                0x2000a7ec                updateGeneralDataBaseParameters
 .text.SearchDataBase_byID
                0x2000a848      0x220 ./src/sub-systemCode/payload/DataBase/DataBase.o
                0x2000a848                SearchDataBase_byID
 .text.SearchDataBase_byMark
                0x2000aa68       0xa4 ./src/sub-systemCode/payload/DataBase/DataBase.o
                0x2000aa68                SearchDataBase_byMark
 .text.checkForFileType
                0x2000ab0c       0x68 ./src/sub-systemCode/payload/DataBase/DataBase.o
                0x2000ab0c                checkForFileType
 .text.updateFileTypes
                0x2000ab74       0xbc ./src/sub-systemCode/payload/DataBase/DataBase.o
                0x2000ab74                updateFileTypes
 .text.GetImageFactor
                0x2000ac30       0x58 ./src/sub-systemCode/payload/DataBase/DataBase.o
                0x2000ac30                GetImageFactor
 .text.readImageFromBuffer
                0x2000ac88      0x12c ./src/sub-systemCode/payload/DataBase/DataBase.o
                0x2000ac88                readImageFromBuffer
 .text.saveImageToBuffer
                0x2000adb4      0x12c ./src/sub-systemCode/payload/DataBase/DataBase.o
                0x2000adb4                saveImageToBuffer
 .text.getLatestID
                0x2000aee0       0x48 ./src/sub-systemCode/payload/DataBase/DataBase.o
                0x2000aee0                getLatestID
 .text.getDataBaseStart
                0x2000af28       0x20 ./src/sub-systemCode/payload/DataBase/DataBase.o
                0x2000af28                getDataBaseStart
 .text.setDataBaseValues
                0x2000af48      0x1d8 ./src/sub-systemCode/payload/DataBase/DataBase.o
                0x2000af48                setDataBaseValues
 .text.initImageDataBase
                0x2000b120      0x1b0 ./src/sub-systemCode/payload/DataBase/DataBase.o
                0x2000b120                initImageDataBase
 .text.resetImageDataBase
                0x2000b2d0       0x98 ./src/sub-systemCode/payload/DataBase/DataBase.o
                0x2000b2d0                resetImageDataBase
 .text.setCameraPhotographyValues
                0x2000b368      0x10c ./src/sub-systemCode/payload/DataBase/DataBase.o
                0x2000b368                setCameraPhotographyValues
 .text.transferImageToSD_withoutSearch
                0x2000b474      0x15c ./src/sub-systemCode/payload/DataBase/DataBase.o
                0x2000b474                transferImageToSD_withoutSearch
 .text.transferImageToSD
                0x2000b5d0       0xb4 ./src/sub-systemCode/payload/DataBase/DataBase.o
                0x2000b5d0                transferImageToSD
 .text.DeleteImageFromOBC_withoutSearch
                0x2000b684       0xe0 ./src/sub-systemCode/payload/DataBase/DataBase.o
                0x2000b684                DeleteImageFromOBC_withoutSearch
 .text.DeleteImageFromOBC
                0x2000b764       0xb4 ./src/sub-systemCode/payload/DataBase/DataBase.o
                0x2000b764                DeleteImageFromOBC
 .text.DeleteImageFromPayload
                0x2000b818      0x25c ./src/sub-systemCode/payload/DataBase/DataBase.o
                0x2000b818                DeleteImageFromPayload
 .text.clearImageDataBase
                0x2000ba74      0x114 ./src/sub-systemCode/payload/DataBase/DataBase.o
                0x2000ba74                clearImageDataBase
 .text.handleMarkedPictures
                0x2000bb88      0x1dc ./src/sub-systemCode/payload/DataBase/DataBase.o
                0x2000bb88                handleMarkedPictures
 .text.writeNewImageMetaDataToFRAM
                0x2000bd64      0x234 ./src/sub-systemCode/payload/DataBase/DataBase.o
                0x2000bd64                writeNewImageMetaDataToFRAM
 .text.takePicture
                0x2000bf98      0x378 ./src/sub-systemCode/payload/DataBase/DataBase.o
                0x2000bf98                takePicture
 .text.takePicture_withSpecialParameters
                0x2000c310       0xbc ./src/sub-systemCode/payload/DataBase/DataBase.o
                0x2000c310                takePicture_withSpecialParameters
 .text.GetImageFileName
                0x2000c3cc       0xc0 ./src/sub-systemCode/payload/DataBase/DataBase.o
                0x2000c3cc                GetImageFileName
 .text.getDataBaseSize
                0x2000c48c       0x20 ./src/sub-systemCode/payload/DataBase/DataBase.o
                0x2000c48c                getDataBaseSize
 .text.getImageDataBaseBuffer
                0x2000c4ac      0x240 ./src/sub-systemCode/payload/DataBase/DataBase.o
                0x2000c4ac                getImageDataBaseBuffer
 .text.TransformRawToBMP
                0x2000c6ec      0x1e0 ./src/sub-systemCode/payload/Compression/jpeg/bmp/rawToBMP.o
                0x2000c6ec                TransformRawToBMP
 .text.interpolate
                0x2000c8cc      0x8d0 ./src/sub-systemCode/payload/Compression/jpeg/bmp/rawToBMP.o
                0x2000c8cc                interpolate
 .text.getInputAt
                0x2000d19c      0x308 ./src/sub-systemCode/payload/Compression/jpeg/bmp/rawToBMP.o
                0x2000d19c                getInputAt
 .text.f_writeF_FILEHeader
                0x2000d4a4      0x2f0 ./src/sub-systemCode/payload/Compression/jpeg/bmp/rawToBMP.o
                0x2000d4a4                f_writeF_FILEHeader
 .text.f_writeOutputRow
                0x2000d794       0xbc ./src/sub-systemCode/payload/Compression/jpeg/bmp/rawToBMP.o
                0x2000d794                f_writeOutputRow
 .text.dct      0x2000d850      0x9c4 ./src/sub-systemCode/payload/Compression/jpeg/DCT.o
                0x2000d850                dct
 .text.JPEG_compressor
                0x2000e214       0xfc ./src/sub-systemCode/payload/Compression/jpeg/ImgCompressor.o
                0x2000e214                JPEG_compressor
 .text.Create_BMP_File
                0x2000e310       0xf4 ./src/sub-systemCode/payload/Compression/jpeg/ImgCompressor.o
                0x2000e310                Create_BMP_File
 .text.CompressImage
                0x2000e404      0x1cc ./src/sub-systemCode/payload/Compression/jpeg/ImgCompressor.o
                0x2000e404                CompressImage
 .text.clamp    0x2000e5d0       0x60 ./src/sub-systemCode/payload/Compression/jpeg/color_conv.o
                0x2000e5d0                clamp
 .text.RGB_to_YCC
                0x2000e630      0x1a8 ./src/sub-systemCode/payload/Compression/jpeg/color_conv.o
                0x2000e630                RGB_to_YCC
 .text.RGB_to_Y
                0x2000e7d8       0xc4 ./src/sub-systemCode/payload/Compression/jpeg/color_conv.o
                0x2000e7d8                RGB_to_Y
 .text.Y_to_YCC
                0x2000e89c       0x88 ./src/sub-systemCode/payload/Compression/jpeg/color_conv.o
                0x2000e89c                Y_to_YCC
 .text.compress_image_to_jpeg_file
                0x2000e924      0x1ac ./src/sub-systemCode/payload/Compression/jpeg/jpeg.o
                0x2000e924                compress_image_to_jpeg_file
 .text.emit_marker
                0x2000ead0       0xc8 ./src/sub-systemCode/payload/Compression/jpeg/jpeg_encoder.o
                0x2000ead0                emit_marker
 .text.emit_byte
                0x2000eb98       0x6c ./src/sub-systemCode/payload/Compression/jpeg/jpeg_encoder.o
                0x2000eb98                emit_byte
 .text.emit_word
                0x2000ec04       0xd0 ./src/sub-systemCode/payload/Compression/jpeg/jpeg_encoder.o
                0x2000ec04                emit_word
 .text.emit_jfif_app0
                0x2000ecd4       0xc0 ./src/sub-systemCode/payload/Compression/jpeg/jpeg_encoder.o
                0x2000ecd4                emit_jfif_app0
 .text.emit_dqt
                0x2000ed94       0xd8 ./src/sub-systemCode/payload/Compression/jpeg/jpeg_encoder.o
                0x2000ed94                emit_dqt
 .text.emit_sof
                0x2000ee6c      0x14c ./src/sub-systemCode/payload/Compression/jpeg/jpeg_encoder.o
                0x2000ee6c                emit_sof
 .text.emit_dht
                0x2000efb8      0x138 ./src/sub-systemCode/payload/Compression/jpeg/jpeg_encoder.o
                0x2000efb8                emit_dht
 .text.emit_dhts
                0x2000f0f0       0xd8 ./src/sub-systemCode/payload/Compression/jpeg/jpeg_encoder.o
                0x2000f0f0                emit_dhts
 .text.emit_sos
                0x2000f1c8       0xec ./src/sub-systemCode/payload/Compression/jpeg/jpeg_encoder.o
                0x2000f1c8                emit_sos
 .text.emit_markers
                0x2000f2b4       0x4c ./src/sub-systemCode/payload/Compression/jpeg/jpeg_encoder.o
                0x2000f2b4                emit_markers
 .text.compute_huffman_table
                0x2000f300      0x334 ./src/sub-systemCode/payload/Compression/jpeg/jpeg_encoder.o
                0x2000f300                compute_huffman_table
 .text.compute_quant_table
                0x2000f634      0x11c ./src/sub-systemCode/payload/Compression/jpeg/jpeg_encoder.o
                0x2000f634                compute_quant_table
 .text.first_pass_init
                0x2000f750       0x54 ./src/sub-systemCode/payload/Compression/jpeg/jpeg_encoder.o
                0x2000f750                first_pass_init
 .text.second_pass_init
                0x2000f7a4      0x110 ./src/sub-systemCode/payload/Compression/jpeg/jpeg_encoder.o
                0x2000f7a4                second_pass_init
 .text.jpg_open
                0x2000f8b4      0x7b4 ./src/sub-systemCode/payload/Compression/jpeg/jpeg_encoder.o
                0x2000f8b4                jpg_open
 .text.load_block_8_8_grey
                0x20010068      0x164 ./src/sub-systemCode/payload/Compression/jpeg/jpeg_encoder.o
                0x20010068                load_block_8_8_grey
 .text.load_block_8_8
                0x200101cc      0x198 ./src/sub-systemCode/payload/Compression/jpeg/jpeg_encoder.o
                0x200101cc                load_block_8_8
 .text.load_block_16_8
                0x20010364      0x3cc ./src/sub-systemCode/payload/Compression/jpeg/jpeg_encoder.o
                0x20010364                load_block_16_8
 .text.load_block_16_8_8
                0x20010730      0x2a8 ./src/sub-systemCode/payload/Compression/jpeg/jpeg_encoder.o
                0x20010730                load_block_16_8_8
 .text.load_coefficients
                0x200109d8      0x1c8 ./src/sub-systemCode/payload/Compression/jpeg/jpeg_encoder.o
                0x200109d8                load_coefficients
 .text.flush_output_buffer
                0x20010ba0       0xa0 ./src/sub-systemCode/payload/Compression/jpeg/jpeg_encoder.o
                0x20010ba0                flush_output_buffer
 .text.put_bits
                0x20010c40      0x170 ./src/sub-systemCode/payload/Compression/jpeg/jpeg_encoder.o
                0x20010c40                put_bits
 .text.code_coefficients_pass_two
                0x20010db0      0x338 ./src/sub-systemCode/payload/Compression/jpeg/jpeg_encoder.o
                0x20010db0                code_coefficients_pass_two
 .text.code_block
                0x200110e8       0x44 ./src/sub-systemCode/payload/Compression/jpeg/jpeg_encoder.o
                0x200110e8                code_block
 .text.process_mcu_row
                0x2001112c      0x328 ./src/sub-systemCode/payload/Compression/jpeg/jpeg_encoder.o
                0x2001112c                process_mcu_row
 .text.terminate_pass_two
                0x20011454       0x44 ./src/sub-systemCode/payload/Compression/jpeg/jpeg_encoder.o
                0x20011454                terminate_pass_two
 .text.process_end_of_image
                0x20011498       0xc0 ./src/sub-systemCode/payload/Compression/jpeg/jpeg_encoder.o
                0x20011498                process_end_of_image
 .text.load_mcu
                0x20011558      0x29c ./src/sub-systemCode/payload/Compression/jpeg/jpeg_encoder.o
                0x20011558                load_mcu
 .text.clear    0x200117f4      0x1e0 ./src/sub-systemCode/payload/Compression/jpeg/jpeg_encoder.o
                0x200117f4                clear
 .text.init     0x200119d4       0xe4 ./src/sub-systemCode/payload/Compression/jpeg/jpeg_encoder.o
                0x200119d4                init
 .text.deinit   0x20011ab8      0x160 ./src/sub-systemCode/payload/Compression/jpeg/jpeg_encoder.o
                0x20011ab8                deinit
 .text.process_scanline
                0x20011c18       0x6c ./src/sub-systemCode/payload/Compression/jpeg/jpeg_encoder.o
                0x20011c18                process_scanline
 .text.jpge_malloc
                0x20011c84       0x28 ./src/sub-systemCode/payload/Compression/jpeg/jpeg_memory_alloc.o
                0x20011c84                jpge_malloc
 .text.jpge_cmalloc
                0x20011cac       0x48 ./src/sub-systemCode/payload/Compression/jpeg/jpeg_memory_alloc.o
                0x20011cac                jpge_cmalloc
 .text.jpge_free
                0x20011cf4       0x24 ./src/sub-systemCode/payload/Compression/jpeg/jpeg_memory_alloc.o
                0x20011cf4                jpge_free
 .text.check    0x20011d18       0x78 ./src/sub-systemCode/payload/Compression/jpeg/jpeg_params.o
                0x20011d18                check
 .text.open_jpeg_file
                0x20011d90       0xfc ./src/sub-systemCode/payload/Compression/jpeg/output_stream.o
                0x20011d90                open_jpeg_file
 .text.close_jpeg_file
                0x20011e8c      0x118 ./src/sub-systemCode/payload/Compression/jpeg/output_stream.o
                0x20011e8c                close_jpeg_file
 .text.put_buf  0x20011fa4      0x258 ./src/sub-systemCode/payload/Compression/jpeg/output_stream.o
                0x20011fa4                put_buf
 .text.GetBayerPixel
                0x200121fc       0xe8 ./src/sub-systemCode/payload/Compression/ImageConversion.o
 .text.BinImage
                0x200122e4      0x2c8 ./src/sub-systemCode/payload/Compression/ImageConversion.o
                0x200122e4                BinImage
 .text.ImageSkipping
                0x200125ac      0x2ac ./src/sub-systemCode/payload/Compression/ImageConversion.o
                0x200125ac                ImageSkipping
 .text.CreateImageThumbnail_withoutSearch
                0x20012858      0x14c ./src/sub-systemCode/payload/Compression/ImageConversion.o
                0x20012858                CreateImageThumbnail_withoutSearch
 .text.CreateImageThumbnail
                0x200129a4       0x94 ./src/sub-systemCode/payload/Compression/ImageConversion.o
                0x200129a4                CreateImageThumbnail
 .text.compressImage
                0x20012a38      0x17c ./src/sub-systemCode/payload/Compression/ImageConversion.o
                0x20012a38                compressImage
 .text.AdcsCmdQueueInit
                0x20012bb4       0x4c ./src/sub-systemCode/Main/CMD/ADCS_CMD.o
                0x20012bb4                AdcsCmdQueueInit
 .text.AdcsCmdQueueGet
                0x20012c00       0x8c ./src/sub-systemCode/Main/CMD/ADCS_CMD.o
                0x20012c00                AdcsCmdQueueGet
 .text.AdcsCmdQueueAdd
                0x20012c8c       0x74 ./src/sub-systemCode/Main/CMD/ADCS_CMD.o
                0x20012c8c                AdcsCmdQueueAdd
 .text.AdcsCmdQueueIsEmpty
                0x20012d00       0x3c ./src/sub-systemCode/Main/CMD/ADCS_CMD.o
                0x20012d00                AdcsCmdQueueIsEmpty
 .text.getAdcsQueueWaitPointer
                0x20012d3c       0x20 ./src/sub-systemCode/Main/CMD/ADCS_CMD.o
                0x20012d3c                getAdcsQueueWaitPointer
 .text.cmd_mute
                0x20012d5c       0xc4 ./src/sub-systemCode/Main/CMD/COMM_CMD.o
                0x20012d5c                cmd_mute
 .text.cmd_unmute
                0x20012e20       0x4c ./src/sub-systemCode/Main/CMD/COMM_CMD.o
                0x20012e20                cmd_unmute
 .text.cmd_active_trans
                0x20012e6c       0xc0 ./src/sub-systemCode/Main/CMD/COMM_CMD.o
                0x20012e6c                cmd_active_trans
 .text.cmd_shut_trans
                0x20012f2c       0x38 ./src/sub-systemCode/Main/CMD/COMM_CMD.o
                0x20012f2c                cmd_shut_trans
 .text.cmd_change_trans_rssi
                0x20012f64      0x100 ./src/sub-systemCode/Main/CMD/COMM_CMD.o
                0x20012f64                cmd_change_trans_rssi
 .text.cmd_aprs_dump
                0x20013064       0x50 ./src/sub-systemCode/Main/CMD/COMM_CMD.o
                0x20013064                cmd_aprs_dump
 .text.cmd_stop_dump
                0x200130b4       0x38 ./src/sub-systemCode/Main/CMD/COMM_CMD.o
                0x200130b4                cmd_stop_dump
 .text.cmd_time_frequency
                0x200130ec       0xc0 ./src/sub-systemCode/Main/CMD/COMM_CMD.o
                0x200130ec                cmd_time_frequency
 .text.cmd_change_def_bit_rate
                0x200131ac      0x158 ./src/sub-systemCode/Main/CMD/COMM_CMD.o
                0x200131ac                cmd_change_def_bit_rate
 .text.cmd_upload_volt_logic
                0x20013304      0x334 ./src/sub-systemCode/Main/CMD/EPS_CMD.o
                0x20013304                cmd_upload_volt_logic
 .text.cmd_upload_volt_COMM
                0x20013638      0x1c8 ./src/sub-systemCode/Main/CMD/EPS_CMD.o
                0x20013638                cmd_upload_volt_COMM
 .text.cmd_heater_temp
                0x20013800       0xc0 ./src/sub-systemCode/Main/CMD/EPS_CMD.o
                0x20013800                cmd_heater_temp
 .text.cmd_SHUT_CAM
                0x200138c0       0x6c ./src/sub-systemCode/Main/CMD/EPS_CMD.o
                0x200138c0                cmd_SHUT_CAM
 .text.cmd_SHUT_ADCS
                0x2001392c       0x6c ./src/sub-systemCode/Main/CMD/EPS_CMD.o
                0x2001392c                cmd_SHUT_ADCS
 .text.cmd_allow_CAM
                0x20013998       0x6c ./src/sub-systemCode/Main/CMD/EPS_CMD.o
                0x20013998                cmd_allow_CAM
 .text.cmd_allow_ADCS
                0x20013a04       0x6c ./src/sub-systemCode/Main/CMD/EPS_CMD.o
                0x20013a04                cmd_allow_ADCS
 .text.cmd_update_alpha
                0x20013a70       0xfc ./src/sub-systemCode/Main/CMD/EPS_CMD.o
                0x20013a70                cmd_update_alpha
 .text.cmd_generic_I2C
                0x20013b6c       0xb4 ./src/sub-systemCode/Main/CMD/General_CMD.o
                0x20013b6c                cmd_generic_I2C
 .text.cmd_dump
                0x20013c20       0xf0 ./src/sub-systemCode/Main/CMD/General_CMD.o
                0x20013c20                cmd_dump
 .text.cmd_delete_TM
                0x20013d10      0x230 ./src/sub-systemCode/Main/CMD/General_CMD.o
                0x20013d10                cmd_delete_TM
 .text.cmd_reset_file
                0x20013f40      0x118 ./src/sub-systemCode/Main/CMD/General_CMD.o
                0x20013f40                cmd_reset_file
 .text.cmd_dummy_func
                0x20014058       0x40 ./src/sub-systemCode/Main/CMD/General_CMD.o
                0x20014058                cmd_dummy_func
 .text.cmd_reset_TLM_SD
                0x20014098       0x4c ./src/sub-systemCode/Main/CMD/General_CMD.o
                0x20014098                cmd_reset_TLM_SD
 .text.cmd_soft_reset_cmponent
                0x200140e4       0xac ./src/sub-systemCode/Main/CMD/General_CMD.o
                0x200140e4                cmd_soft_reset_cmponent
 .text.cmd_hard_reset_cmponent
                0x20014190       0xac ./src/sub-systemCode/Main/CMD/General_CMD.o
                0x20014190                cmd_hard_reset_cmponent
 .text.cmd_reset_satellite
                0x2001423c       0x78 ./src/sub-systemCode/Main/CMD/General_CMD.o
                0x2001423c                cmd_reset_satellite
 .text.cmd_gracefull_reset_satellite
                0x200142b4       0x78 ./src/sub-systemCode/Main/CMD/General_CMD.o
                0x200142b4                cmd_gracefull_reset_satellite
 .text.cmd_upload_time
                0x2001432c       0xb0 ./src/sub-systemCode/Main/CMD/General_CMD.o
                0x2001432c                cmd_upload_time
 .text.cmd_ARM_DIARM
                0x200143dc       0xd4 ./src/sub-systemCode/Main/CMD/General_CMD.o
                0x200143dc                cmd_ARM_DIARM
 .text.cmd_get_onlineTM
                0x200144b0      0x148 ./src/sub-systemCode/Main/CMD/General_CMD.o
                0x200144b0                cmd_get_onlineTM
 .text.cmd_reset_off_line
                0x200145f8       0x68 ./src/sub-systemCode/Main/CMD/General_CMD.o
                0x200145f8                cmd_reset_off_line
 .text.cmd_add_item_off_line
                0x20014660       0xf4 ./src/sub-systemCode/Main/CMD/General_CMD.o
                0x20014660                cmd_add_item_off_line
 .text.cmd_delete_item_off_line
                0x20014754       0x98 ./src/sub-systemCode/Main/CMD/General_CMD.o
                0x20014754                cmd_delete_item_off_line
 .text.cmd_get_off_line_setting
                0x200147ec      0x108 ./src/sub-systemCode/Main/CMD/General_CMD.o
                0x200147ec                cmd_get_off_line_setting
 .text.cmd_reset_delayed_command_list
                0x200148f4       0x3c ./src/sub-systemCode/Main/CMD/SW_CMD.o
                0x200148f4                cmd_reset_delayed_command_list
 .text.cmd_reset_APRS_list
                0x20014930       0x3c ./src/sub-systemCode/Main/CMD/SW_CMD.o
                0x20014930                cmd_reset_APRS_list
 .text.cmd_reset_FRAM
                0x2001496c       0xf4 ./src/sub-systemCode/Main/CMD/SW_CMD.o
                0x2001496c                cmd_reset_FRAM
 .text.init_Ants
                0x20014a60       0x74 ./src/sub-systemCode/Main/Ants.o
                0x20014a60                init_Ants
 .text.ARM_ants
                0x20014ad4       0xb8 ./src/sub-systemCode/Main/Ants.o
                0x20014ad4                ARM_ants
 .text.DISARM_ants
                0x20014b8c       0xb8 ./src/sub-systemCode/Main/Ants.o
                0x20014b8c                DISARM_ants
 .text.checkDeployAttempt
                0x20014c44      0x128 ./src/sub-systemCode/Main/Ants.o
                0x20014c44                checkDeployAttempt
 .text.reset_deployStatusFRAM
                0x20014d6c       0xc0 ./src/sub-systemCode/Main/Ants.o
                0x20014d6c                reset_deployStatusFRAM
 .text.reset_FRAM_ants
                0x20014e2c       0x88 ./src/sub-systemCode/Main/Ants.o
                0x20014e2c                reset_FRAM_ants
 .text.DeployIfNeeded
                0x20014eb4      0x134 ./src/sub-systemCode/Main/Ants.o
                0x20014eb4                DeployIfNeeded
 .text.update_stopDeploy_FRAM
                0x20014fe8       0x48 ./src/sub-systemCode/Main/Ants.o
                0x20014fe8                update_stopDeploy_FRAM
 .text.round_vol
                0x20015030      0x124 ./src/sub-systemCode/Main/EPS.o
                0x20015030                round_vol
 .text.get_shut_ADCS
                0x20015154       0x48 ./src/sub-systemCode/Main/EPS.o
                0x20015154                get_shut_ADCS
 .text.shut_ADCS
                0x2001519c       0x44 ./src/sub-systemCode/Main/EPS.o
                0x2001519c                shut_ADCS
 .text.get_shut_CAM
                0x200151e0       0x48 ./src/sub-systemCode/Main/EPS.o
                0x200151e0                get_shut_CAM
 .text.shut_CAM
                0x20015228       0x44 ./src/sub-systemCode/Main/EPS.o
                0x20015228                shut_CAM
 .text.update_powerLines
                0x2001526c       0xec ./src/sub-systemCode/Main/EPS.o
                0x2001526c                update_powerLines
 .text.get_EPS_mode_t
                0x20015358       0x24 ./src/sub-systemCode/Main/EPS.o
                0x20015358                get_EPS_mode_t
 .text.init_enterMode
                0x2001537c       0x88 ./src/sub-systemCode/Main/EPS.o
                0x2001537c                init_enterMode
 .text.EPS_Init
                0x20015404      0x1c8 ./src/sub-systemCode/Main/EPS.o
                0x20015404                EPS_Init
 .text.reset_FRAM_EPS
                0x200155cc       0xe0 ./src/sub-systemCode/Main/EPS.o
                0x200155cc                reset_FRAM_EPS
 .text.reset_EPS_voltages
                0x200156ac       0xbc ./src/sub-systemCode/Main/EPS.o
                0x200156ac                reset_EPS_voltages
 .text.writeState_log
                0x20015768       0xb4 ./src/sub-systemCode/Main/EPS.o
                0x20015768                writeState_log
 .text.battery_downward
                0x2001581c      0x120 ./src/sub-systemCode/Main/EPS.o
                0x2001581c                battery_downward
 .text.battery_upward
                0x2001593c      0x12c ./src/sub-systemCode/Main/EPS.o
                0x2001593c                battery_upward
 .text.overRide_ADCS
                0x20015a68       0x50 ./src/sub-systemCode/Main/EPS.o
                0x20015a68                overRide_ADCS
 .text.overRide_Camera
                0x20015ab8       0x38 ./src/sub-systemCode/Main/EPS.o
                0x20015ab8                overRide_Camera
 .text.EPS_Conditioning
                0x20015af0      0x258 ./src/sub-systemCode/Main/EPS.o
                0x20015af0                EPS_Conditioning
 .text.EnterFullMode
                0x20015d48       0xf0 ./src/sub-systemCode/Main/EPS.o
                0x20015d48                EnterFullMode
 .text.EnterCruiseMode
                0x20015e38       0xe0 ./src/sub-systemCode/Main/EPS.o
                0x20015e38                EnterCruiseMode
 .text.EnterSafeMode
                0x20015f18       0xe0 ./src/sub-systemCode/Main/EPS.o
                0x20015f18                EnterSafeMode
 .text.EnterCriticalMode
                0x20015ff8       0xcc ./src/sub-systemCode/Main/EPS.o
                0x20015ff8                EnterCriticalMode
 .text.check_EPSTableCorrection
                0x200160c4      0x120 ./src/sub-systemCode/Main/EPS.o
                0x200160c4                check_EPSTableCorrection
 .text.save_ACK
                0x200161e4      0x11c ./src/sub-systemCode/Main/HouseKeeping.o
                0x200161e4                save_ACK
 .text.set_GP_EPS
                0x20016300      0x10c ./src/sub-systemCode/Main/HouseKeeping.o
                0x20016300                set_GP_EPS
 .text.set_GP_COMM
                0x2001640c       0x88 ./src/sub-systemCode/Main/HouseKeeping.o
                0x2001640c                set_GP_COMM
 .text.SP_HK_collect
                0x20016494      0x198 ./src/sub-systemCode/Main/HouseKeeping.o
                0x20016494                SP_HK_collect
 .text.EPS_HK_collect
                0x2001662c      0x50c ./src/sub-systemCode/Main/HouseKeeping.o
                0x2001662c                EPS_HK_collect
 .text.CAM_HK_collect
                0x20016b38      0x91c ./src/sub-systemCode/Main/HouseKeeping.o
                0x20016b38                CAM_HK_collect
 .text.COMM_HK_collect
                0x20017454      0x260 ./src/sub-systemCode/Main/HouseKeeping.o
                0x20017454                COMM_HK_collect
 .text.FS_HK_collect
                0x200176b4      0x18c ./src/sub-systemCode/Main/HouseKeeping.o
                0x200176b4                FS_HK_collect
 .text.HK_find_ADCSTM_fileName
                0x20017840      0x3a4 ./src/sub-systemCode/Main/HouseKeeping.o
                0x20017840                HK_find_ADCSTM_fileName
 .text.HK_find_fileName
                0x20017be4      0x174 ./src/sub-systemCode/Main/HouseKeeping.o
                0x20017be4                HK_find_fileName
 .text.HK_find_ADCSTM_ElementSize
                0x20017d58      0x110 ./src/sub-systemCode/Main/HouseKeeping.o
                0x20017d58                HK_find_ADCSTM_ElementSize
 .text.HK_findElementSize
                0x20017e68       0xd4 ./src/sub-systemCode/Main/HouseKeeping.o
                0x20017e68                HK_findElementSize
 .text.build_HK_spl_packet
                0x20017f3c      0x200 ./src/sub-systemCode/Main/HouseKeeping.o
                0x20017f3c                build_HK_spl_packet
 .text.numberOfRestarts
                0x2001813c       0x94 ./src/sub-systemCode/Main/Main_Init.o
                0x2001813c                numberOfRestarts
 .text.StartFRAM
                0x200181d0       0x38 ./src/sub-systemCode/Main/Main_Init.o
                0x200181d0                StartFRAM
 .text.StartI2C
                0x20018208       0x44 ./src/sub-systemCode/Main/Main_Init.o
                0x20018208                StartI2C
 .text.StartSPI
                0x2001824c       0x40 ./src/sub-systemCode/Main/Main_Init.o
                0x2001824c                StartSPI
 .text.StartTIME
                0x2001828c      0x120 ./src/sub-systemCode/Main/Main_Init.o
                0x2001828c                StartTIME
 .text.first_activation
                0x200183ac       0x7c ./src/sub-systemCode/Main/Main_Init.o
                0x200183ac                first_activation
 .text.InitSubsystems
                0x20018428       0x68 ./src/sub-systemCode/Main/Main_Init.o
                0x20018428                InitSubsystems
 .text.SubSystemTaskStart
                0x20018490       0xec ./src/sub-systemCode/Main/Main_Init.o
                0x20018490                SubSystemTaskStart
 .text.save_ACK_s
                0x2001857c       0x5c ./src/sub-systemCode/Main/commands.o
                0x2001857c                save_ACK_s
 .text.copy_command
                0x200185d8       0x80 ./src/sub-systemCode/Main/commands.o
                0x200185d8                copy_command
 .text.reset_command
                0x20018658       0x28 ./src/sub-systemCode/Main/commands.o
                0x20018658                reset_command
 .text.init_command
                0x20018680       0xd4 ./src/sub-systemCode/Main/commands.o
                0x20018680                init_command
 .text.add_command
                0x20018754      0x118 ./src/sub-systemCode/Main/commands.o
                0x20018754                add_command
 .text.get_command
                0x2001886c      0x1ac ./src/sub-systemCode/Main/commands.o
                0x2001886c                get_command
 .text.act_upon_command
                0x20018a18      0x1e4 ./src/sub-systemCode/Main/commands.o
                0x20018a18                act_upon_command
 .text.cmd_error
                0x20018bfc       0x38 ./src/sub-systemCode/Main/commands.o
                0x20018bfc                cmd_error
 .text.AUC_COMM
                0x20018c34      0x25c ./src/sub-systemCode/Main/commands.o
                0x20018c34                AUC_COMM
 .text.AUC_general
                0x20018e90      0x48c ./src/sub-systemCode/Main/commands.o
                0x20018e90                AUC_general
 .text.AUC_payload
                0x2001931c      0x1e8 ./src/sub-systemCode/Main/commands.o
                0x2001931c                AUC_payload
 .text.AUC_EPS  0x20019504      0x28c ./src/sub-systemCode/Main/commands.o
                0x20019504                AUC_EPS
 .text.AUC_SW   0x20019790       0xe4 ./src/sub-systemCode/Main/commands.o
                0x20019790                AUC_SW
 .text.AUC_onlineTM
                0x20019874      0x1ac ./src/sub-systemCode/Main/commands.o
                0x20019874                AUC_onlineTM
 .text.AUC_special_operation
                0x20019a20       0x8c ./src/sub-systemCode/Main/commands.o
                0x20019a20                AUC_special_operation
 .text.check_int
                0x20019aac       0x20 ./src/sub-systemCode/Global/Global.o
                0x20019aac                check_int
 .text.check_portBASE_TYPE
                0x20019acc       0x20 ./src/sub-systemCode/Global/Global.o
                0x20019acc                check_portBASE_TYPE
 .text.soft_reset_subsystem
                0x20019aec       0xd8 ./src/sub-systemCode/Global/Global.o
                0x20019aec                soft_reset_subsystem
 .text.hard_reset_subsystem
                0x20019bc4      0x104 ./src/sub-systemCode/Global/Global.o
                0x20019bc4                hard_reset_subsystem
 .text.BigEnE_raw_to_uInt
                0x20019cc8       0x94 ./src/sub-systemCode/Global/Global.o
                0x20019cc8                BigEnE_raw_to_uInt
 .text.BigEnE_raw_to_uShort
                0x20019d5c       0x50 ./src/sub-systemCode/Global/Global.o
                0x20019d5c                BigEnE_raw_to_uShort
 .text.BigEnE_uInt_to_raw
                0x20019dac       0x78 ./src/sub-systemCode/Global/Global.o
                0x20019dac                BigEnE_uInt_to_raw
 .text.reset_FRAM_MAIN
                0x20019e24      0x140 ./src/sub-systemCode/Global/Global.o
                0x20019e24                reset_FRAM_MAIN
 .text.getBitValueByIndex
                0x20019f64       0xd0 ./src/sub-systemCode/Global/Global.o
                0x20019f64                getBitValueByIndex
 .text.terminateTask
                0x2001a034       0x18 ./src/sub-systemCode/Global/Global.o
                0x2001a034                terminateTask
 .text.init_GP  0x2001a04c      0x2e0 ./src/sub-systemCode/Global/GlobalParam.o
                0x2001a04c                init_GP
 .text.get_system_state
                0x2001a32c      0x254 ./src/sub-systemCode/Global/GlobalParam.o
                0x2001a32c                get_system_state
 .text.set_system_state
                0x2001a580      0x284 ./src/sub-systemCode/Global/GlobalParam.o
                0x2001a580                set_system_state
 .text.get_systems_state_param
                0x2001a804       0x78 ./src/sub-systemCode/Global/GlobalParam.o
                0x2001a804                get_systems_state_param
 .text.get_current_global_param
                0x2001a87c      0x548 ./src/sub-systemCode/Global/GlobalParam.o
                0x2001a87c                get_current_global_param
 .text.set_Vbatt
                0x2001adc4       0x78 ./src/sub-systemCode/Global/GlobalParam.o
                0x2001adc4                set_Vbatt
 .text.get_Vbatt
                0x2001ae3c       0x78 ./src/sub-systemCode/Global/GlobalParam.o
                0x2001ae3c                get_Vbatt
 .text.set_curBat
                0x2001aeb4       0x78 ./src/sub-systemCode/Global/GlobalParam.o
                0x2001aeb4                set_curBat
 .text.set_cur3V3
                0x2001af2c       0x78 ./src/sub-systemCode/Global/GlobalParam.o
                0x2001af2c                set_cur3V3
 .text.set_cur5V
                0x2001afa4       0x78 ./src/sub-systemCode/Global/GlobalParam.o
                0x2001afa4                set_cur5V
 .text.set_tempComm_LO
                0x2001b01c       0x78 ./src/sub-systemCode/Global/GlobalParam.o
                0x2001b01c                set_tempComm_LO
 .text.set_tempComm_PA
                0x2001b094       0x78 ./src/sub-systemCode/Global/GlobalParam.o
                0x2001b094                set_tempComm_PA
 .text.set_tempEPS
                0x2001b10c       0xb4 ./src/sub-systemCode/Global/GlobalParam.o
                0x2001b10c                set_tempEPS
 .text.set_tempBatt
                0x2001b1c0       0xb4 ./src/sub-systemCode/Global/GlobalParam.o
                0x2001b1c0                set_tempBatt
 .text.set_RxDoppler
                0x2001b274       0x78 ./src/sub-systemCode/Global/GlobalParam.o
                0x2001b274                set_RxDoppler
 .text.set_RxRSSI
                0x2001b2ec       0x78 ./src/sub-systemCode/Global/GlobalParam.o
                0x2001b2ec                set_RxRSSI
 .text.set_TxRefl
                0x2001b364       0x78 ./src/sub-systemCode/Global/GlobalParam.o
                0x2001b364                set_TxRefl
 .text.set_TxForw
                0x2001b3dc       0x78 ./src/sub-systemCode/Global/GlobalParam.o
                0x2001b3dc                set_TxForw
 .text.get_Attitude
                0x2001b454      0x10c ./src/sub-systemCode/Global/GlobalParam.o
                0x2001b454                get_Attitude
 .text.set_numOfAPRS
                0x2001b560       0x78 ./src/sub-systemCode/Global/GlobalParam.o
                0x2001b560                set_numOfAPRS
 .text.set_numOfDelayedCommand
                0x2001b5d8       0x78 ./src/sub-systemCode/Global/GlobalParam.o
                0x2001b5d8                set_numOfDelayedCommand
 .text.set_numOfResets
                0x2001b650       0x98 ./src/sub-systemCode/Global/GlobalParam.o
                0x2001b650                set_numOfResets
 .text.set_ground_conn
                0x2001b6e8       0x8c ./src/sub-systemCode/Global/GlobalParam.o
                0x2001b6e8                set_ground_conn
 .text.get_ground_conn
                0x2001b774       0x8c ./src/sub-systemCode/Global/GlobalParam.o
                0x2001b774                get_ground_conn
 .text.IsisAntS_getStatusData_sideA
                0x2001b800       0x3c ./src/sub-systemCode/Global/OnlineTM.o
                0x2001b800                IsisAntS_getStatusData_sideA
 .text.IsisAntS_getAlltelemetry_sideA
                0x2001b83c       0x3c ./src/sub-systemCode/Global/OnlineTM.o
                0x2001b83c                IsisAntS_getAlltelemetry_sideA
 .text.IsisAntS_getTemperature_sideA
                0x2001b878       0x3c ./src/sub-systemCode/Global/OnlineTM.o
                0x2001b878                IsisAntS_getTemperature_sideA
 .text.IsisAntS_getStatusData_sideB
                0x2001b8b4       0x3c ./src/sub-systemCode/Global/OnlineTM.o
                0x2001b8b4                IsisAntS_getStatusData_sideB
 .text.IsisAntS_getAlltelemetry_sideB
                0x2001b8f0       0x3c ./src/sub-systemCode/Global/OnlineTM.o
                0x2001b8f0                IsisAntS_getAlltelemetry_sideB
 .text.IsisAntS_getTemperature_sideB
                0x2001b92c       0x3c ./src/sub-systemCode/Global/OnlineTM.o
                0x2001b92c                IsisAntS_getTemperature_sideB
 .text.HK_collect_EPS
                0x2001b968       0x30 ./src/sub-systemCode/Global/OnlineTM.o
                0x2001b968                HK_collect_EPS
 .text.HK_collect_COMM
                0x2001b998       0x30 ./src/sub-systemCode/Global/OnlineTM.o
                0x2001b998                HK_collect_COMM
 .text.HK_collect_CAM
                0x2001b9c8       0x30 ./src/sub-systemCode/Global/OnlineTM.o
                0x2001b9c8                HK_collect_CAM
 .text.HK_collect_SP
                0x2001b9f8       0x30 ./src/sub-systemCode/Global/OnlineTM.o
                0x2001b9f8                HK_collect_SP
 .text.HK_collect_FS_A
                0x2001ba28       0x34 ./src/sub-systemCode/Global/OnlineTM.o
                0x2001ba28                HK_collect_FS_A
 .text.HK_collect_FS_B
                0x2001ba5c       0x34 ./src/sub-systemCode/Global/OnlineTM.o
                0x2001ba5c                HK_collect_FS_B
 .text.save_offlineSetting_FRAM
                0x2001ba90      0x26c ./src/sub-systemCode/Global/OnlineTM.o
                0x2001ba90                save_offlineSetting_FRAM
 .text.get_offlineSetting_FRAM
                0x2001bcfc       0x58 ./src/sub-systemCode/Global/OnlineTM.o
                0x2001bcfc                get_offlineSetting_FRAM
 .text.update_offlineSetting_FRAM
                0x2001bd54      0x360 ./src/sub-systemCode/Global/OnlineTM.o
                0x2001bd54                update_offlineSetting_FRAM
 .text.get_offlineSettingPacket
                0x2001c0b4       0xc4 ./src/sub-systemCode/Global/OnlineTM.o
                0x2001c0b4                get_offlineSettingPacket
 .text.get_item_by_index
                0x2001c178       0xdc ./src/sub-systemCode/Global/OnlineTM.o
                0x2001c178                get_item_by_index
 .text.get_pointer_item_by_index
                0x2001c254       0x48 ./src/sub-systemCode/Global/OnlineTM.o
                0x2001c254                get_pointer_item_by_index
 .text.init_onlineParam
                0x2001c29c     0x2f08 ./src/sub-systemCode/Global/OnlineTM.o
                0x2001c29c                init_onlineParam
 .text.reset_offline_TM_list
                0x2001f1a4      0x184 ./src/sub-systemCode/Global/OnlineTM.o
                0x2001f1a4                reset_offline_TM_list
 .text.get_online_packet
                0x2001f328      0x294 ./src/sub-systemCode/Global/OnlineTM.o
                0x2001f328                get_online_packet
 .text.save_onlineTM_param
                0x2001f5bc      0x1b4 ./src/sub-systemCode/Global/OnlineTM.o
                0x2001f5bc                save_onlineTM_param
 .text.add_onlineTM_param_to_save_list
                0x2001f770      0x3e4 ./src/sub-systemCode/Global/OnlineTM.o
                0x2001f770                add_onlineTM_param_to_save_list
 .text.delete_onlineTM_param_from_offline
                0x2001fb54      0x1a8 ./src/sub-systemCode/Global/OnlineTM.o
                0x2001fb54                delete_onlineTM_param_from_offline
 .text.save_onlineTM_logic
                0x2001fcfc      0x2bc ./src/sub-systemCode/Global/OnlineTM.o
                0x2001fcfc                save_onlineTM_logic
 .text.save_onlineTM_task
                0x2001ffb8       0xd8 ./src/sub-systemCode/Global/OnlineTM.o
                0x2001ffb8                save_onlineTM_task
 .text.delete_allTMFilesFromSD
                0x20020090      0x14c ./src/sub-systemCode/Global/TLM_management.o
                0x20020090                delete_allTMFilesFromSD
 .text.getNumOfFilesInFS
                0x200201dc       0x44 ./src/sub-systemCode/Global/TLM_management.o
 .text.setNumOfFilesInFS
                0x20020220       0x50 ./src/sub-systemCode/Global/TLM_management.o
 .text.f_managed_enterFS
                0x20020270       0x9c ./src/sub-systemCode/Global/TLM_management.o
                0x20020270                f_managed_enterFS
 .text.f_managed_releaseFS
                0x2002030c       0x4c ./src/sub-systemCode/Global/TLM_management.o
                0x2002030c                f_managed_releaseFS
 .text.f_managed_open
                0x20020358       0xf0 ./src/sub-systemCode/Global/TLM_management.o
                0x20020358                f_managed_open
 .text.f_managed_close
                0x20020448       0x80 ./src/sub-systemCode/Global/TLM_management.o
                0x20020448                f_managed_close
 .text.createSemahores_FS
                0x200204c8       0x7c ./src/sub-systemCode/Global/TLM_management.o
                0x200204c8                createSemahores_FS
 .text.InitializeFS
                0x20020544      0x1bc ./src/sub-systemCode/Global/TLM_management.o
                0x20020544                InitializeFS
 .text.c_fileCreate
                0x20020700       0xf4 ./src/sub-systemCode/Global/TLM_management.o
                0x20020700                c_fileCreate
 .text.writewithEpochtime
                0x200207f4       0x94 ./src/sub-systemCode/Global/TLM_management.o
 .text.get_C_FILE_struct
                0x20020888      0x104 ./src/sub-systemCode/Global/TLM_management.o
 .text.getFileIndex
                0x2002098c       0x64 ./src/sub-systemCode/Global/TLM_management.o
 .text.get_file_name_by_index
                0x200209f0       0x54 ./src/sub-systemCode/Global/TLM_management.o
                0x200209f0                get_file_name_by_index
 .text.c_fileReset
                0x20020a44      0x140 ./src/sub-systemCode/Global/TLM_management.o
                0x20020a44                c_fileReset
 .text.c_fileWrite
                0x20020b84      0x168 ./src/sub-systemCode/Global/TLM_management.o
                0x20020b84                c_fileWrite
 .text.deleteElementsFromFile
                0x20020cec      0x188 ./src/sub-systemCode/Global/TLM_management.o
 .text.c_fileDeleteElements
                0x20020e74      0x168 ./src/sub-systemCode/Global/TLM_management.o
                0x20020e74                c_fileDeleteElements
 .text.c_fileRead
                0x20020fdc      0x2f0 ./src/sub-systemCode/Global/TLM_management.o
                0x20020fdc                c_fileRead
 .text.DeInitializeFS
                0x200212cc       0xe0 ./src/sub-systemCode/Global/TLM_management.o
                0x200212cc                DeInitializeFS
 .text.xSemaphoreGive_extended
                0x200213ac       0x48 ./src/sub-systemCode/Global/freertosExtended.o
                0x200213ac                xSemaphoreGive_extended
 .text.xSemaphoreTake_extended
                0x200213f4       0x54 ./src/sub-systemCode/Global/freertosExtended.o
                0x200213f4                xSemaphoreTake_extended
 .text.WriteLog
                0x20021448       0x94 ./src/sub-systemCode/Global/logger.o
 .text.WriteErrorLog
                0x200214dc       0x64 ./src/sub-systemCode/Global/logger.o
                0x200214dc                WriteErrorLog
 .text.WritePayloadLog
                0x20021540       0x50 ./src/sub-systemCode/Global/logger.o
                0x20021540                WritePayloadLog
 .text.WriteEpsLog
                0x20021590       0x4c ./src/sub-systemCode/Global/logger.o
                0x20021590                WriteEpsLog
 .text.WriteTransponderLog
                0x200215dc       0x50 ./src/sub-systemCode/Global/logger.o
                0x200215dc                WriteTransponderLog
 .text.reset_APRS_list
                0x2002162c       0xa4 ./src/sub-systemCode/COMM/APRS.o
                0x2002162c                reset_APRS_list
 .text.send_APRS_Dump
                0x200216d0      0x1c0 ./src/sub-systemCode/COMM/APRS.o
                0x200216d0                send_APRS_Dump
 .text.get_APRS_list
                0x20021890       0x88 ./src/sub-systemCode/COMM/APRS.o
                0x20021890                get_APRS_list
 .text.find_CMD_in_list
                0x20021918       0x7c ./src/sub-systemCode/COMM/DelayedCommand_list.o
                0x20021918                find_CMD_in_list
 .text.find_empty_in_list
                0x20021994       0x74 ./src/sub-systemCode/COMM/DelayedCommand_list.o
                0x20021994                find_empty_in_list
 .text.check_delayCommandTime
                0x20021a08       0x8c ./src/sub-systemCode/COMM/DelayedCommand_list.o
                0x20021a08                check_delayCommandTime
 .text.execute_delayedCommand
                0x20021a94       0x8c ./src/sub-systemCode/COMM/DelayedCommand_list.o
                0x20021a94                execute_delayedCommand
 .text.check_delaycommand
                0x20021b20      0x17c ./src/sub-systemCode/COMM/DelayedCommand_list.o
                0x20021b20                check_delaycommand
 .text.reset_delayCommand
                0x20021c9c       0x8c ./src/sub-systemCode/COMM/DelayedCommand_list.o
                0x20021c9c                reset_delayCommand
 .text.add_delayCommand
                0x20021d28      0x1cc ./src/sub-systemCode/COMM/DelayedCommand_list.o
                0x20021d28                add_delayCommand
 .text.get_delayCommand_list
                0x20021ef4       0x80 ./src/sub-systemCode/COMM/DelayedCommand_list.o
                0x20021ef4                get_delayCommand_list
 .text.EmptyOldestCommand
                0x20021f74      0x108 ./src/sub-systemCode/COMM/DelayedCommand_list.o
                0x20021f74                EmptyOldestCommand
 .text.decode_TCpacket
                0x2002207c      0x16c ./src/sub-systemCode/COMM/GSC.o
                0x2002207c                decode_TCpacket
 .text.encode_TCpacket
                0x200221e8      0x114 ./src/sub-systemCode/COMM/GSC.o
                0x200221e8                encode_TCpacket
 .text.encode_TMpacket
                0x200222fc      0x104 ./src/sub-systemCode/COMM/GSC.o
                0x200222fc                encode_TMpacket
 .text.build_raw_ACK
                0x20022400       0xbc ./src/sub-systemCode/COMM/GSC.o
                0x20022400                build_raw_ACK
 .text.build_data_field_ACK
                0x200224bc       0x74 ./src/sub-systemCode/COMM/GSC.o
                0x200224bc                build_data_field_ACK
 .text.update_FRAM_bitRate
                0x20022530       0xd0 ./src/sub-systemCode/COMM/TRXVU.o
                0x20022530                update_FRAM_bitRate
 .text.toggle_idle_state
                0x20022600       0x94 ./src/sub-systemCode/COMM/TRXVU.o
                0x20022600                toggle_idle_state
 .text.TRXVU_init_hardWare
                0x20022694       0xac ./src/sub-systemCode/COMM/TRXVU.o
                0x20022694                TRXVU_init_hardWare
 .text.TRXVU_init_softWare
                0x20022740      0x100 ./src/sub-systemCode/COMM/TRXVU.o
                0x20022740                TRXVU_init_softWare
 .text.init_trxvu
                0x20022840       0x14 ./src/sub-systemCode/COMM/TRXVU.o
                0x20022840                init_trxvu
 .text.TRXVU_task
                0x20022854       0x9c ./src/sub-systemCode/COMM/TRXVU.o
                0x20022854                TRXVU_task
 .text.dump_logic
                0x200228f0      0x390 ./src/sub-systemCode/COMM/TRXVU.o
                0x200228f0                dump_logic
 .text.Dump_task
                0x20022c80      0x17c ./src/sub-systemCode/COMM/TRXVU.o
                0x20022c80                Dump_task
 .text.transponder_logic
                0x20022dfc       0xf8 ./src/sub-systemCode/COMM/TRXVU.o
                0x20022dfc                transponder_logic
 .text.Transponder_task
                0x20022ef4      0x224 ./src/sub-systemCode/COMM/TRXVU.o
                0x20022ef4                Transponder_task
 .text.lookForRequestToDelete_transponder
                0x20023118       0xc0 ./src/sub-systemCode/COMM/TRXVU.o
                0x20023118                lookForRequestToDelete_transponder
 .text.lookForRequestToDelete_dump
                0x200231d8       0x80 ./src/sub-systemCode/COMM/TRXVU.o
                0x200231d8                lookForRequestToDelete_dump
 .text.sendRequestToStop_dump
                0x20023258       0x8c ./src/sub-systemCode/COMM/TRXVU.o
                0x20023258                sendRequestToStop_dump
 .text.sendRequestToStop_transponder
                0x200232e4       0x8c ./src/sub-systemCode/COMM/TRXVU.o
                0x200232e4                sendRequestToStop_transponder
 .text.Rx_logic
                0x20023370      0x190 ./src/sub-systemCode/COMM/TRXVU.o
                0x20023370                Rx_logic
 .text.pass_above_Ground
                0x20023500      0x104 ./src/sub-systemCode/COMM/TRXVU.o
                0x20023500                pass_above_Ground
 .text.check_TRXVUState
                0x20023604       0xf0 ./src/sub-systemCode/COMM/TRXVU.o
                0x20023604                check_TRXVUState
 .text.trxvu_logic
                0x200236f4       0x20 ./src/sub-systemCode/COMM/TRXVU.o
                0x200236f4                trxvu_logic
 .text.Beacon_task
                0x20023714      0x17c ./src/sub-systemCode/COMM/TRXVU.o
                0x20023714                Beacon_task
 .text.buildAndSend_beacon
                0x20023890      0x5a0 ./src/sub-systemCode/COMM/TRXVU.o
                0x20023890                buildAndSend_beacon
 .text.reset_FRAM_TRXVU
                0x20023e30      0x160 ./src/sub-systemCode/COMM/TRXVU.o
                0x20023e30                reset_FRAM_TRXVU
 .text.TRX_sendFrame
                0x20023f90      0x1ac ./src/sub-systemCode/COMM/TRXVU.o
                0x20023f90                TRX_sendFrame
 .text.TRX_getFrameData
                0x2002413c      0x10c ./src/sub-systemCode/COMM/TRXVU.o
                0x2002413c                TRX_getFrameData
 .text.mute_Tx  0x20024248       0x20 ./src/sub-systemCode/COMM/TRXVU.o
                0x20024248                mute_Tx
 .text.unmute_Tx
                0x20024268       0x58 ./src/sub-systemCode/COMM/TRXVU.o
                0x20024268                unmute_Tx
 .text.check_time_off_mute
                0x200242c0       0x88 ./src/sub-systemCode/COMM/TRXVU.o
                0x200242c0                check_time_off_mute
 .text.set_mute_time
                0x20024348       0xb4 ./src/sub-systemCode/COMM/TRXVU.o
                0x20024348                set_mute_time
 .text.change_TRXVU_state
                0x200243fc       0xe0 ./src/sub-systemCode/COMM/TRXVU.o
                0x200243fc                change_TRXVU_state
 .text.change_trans_RSSI
                0x200244dc       0x60 ./src/sub-systemCode/COMM/TRXVU.o
                0x200244dc                change_trans_RSSI
 .text.AdcsReadI2cAck
                0x2002453c       0xfc ./src/sub-systemCode/ADCS/AdcsCommands.o
                0x2002453c                AdcsReadI2cAck
 .text.AdcsGenericI2cCmd
                0x20024638      0x198 ./src/sub-systemCode/ADCS/AdcsCommands.o
                0x20024638                AdcsGenericI2cCmd
 .text.SendAdcsTlm
                0x200247d0      0x14c ./src/sub-systemCode/ADCS/AdcsCommands.o
                0x200247d0                SendAdcsTlm
 .text.AdcsExecuteCommand
                0x2002491c     0x1e2c ./src/sub-systemCode/ADCS/AdcsCommands.o
                0x2002491c                AdcsExecuteCommand
 .text.cspaceADCS_getEstimatedAngles
                0x20026748       0x98 ./src/sub-systemCode/ADCS/AdcsGetDataAndTlm.o
                0x20026748                cspaceADCS_getEstimatedAngles
 .text.cspaceADCS_getEstimatedAnglesRates
                0x200267e0       0x98 ./src/sub-systemCode/ADCS/AdcsGetDataAndTlm.o
                0x200267e0                cspaceADCS_getEstimatedAnglesRates
 .text.cspaceADCS_getSatellitePosition
                0x20026878       0x98 ./src/sub-systemCode/ADCS/AdcsGetDataAndTlm.o
                0x20026878                cspaceADCS_getSatellitePosition
 .text.InitTlmElements
                0x20026910      0x238 ./src/sub-systemCode/ADCS/AdcsGetDataAndTlm.o
                0x20026910                InitTlmElements
 .text.CreateTlmElementFiles
                0x20026b48      0x178 ./src/sub-systemCode/ADCS/AdcsGetDataAndTlm.o
                0x20026b48                CreateTlmElementFiles
 .text.SaveElementTlmAtIndex
                0x20026cc0      0x4ec ./src/sub-systemCode/ADCS/AdcsGetDataAndTlm.o
                0x20026cc0                SaveElementTlmAtIndex
 .text.UpdateTlmElementAtIndex
                0x200271ac      0x150 ./src/sub-systemCode/ADCS/AdcsGetDataAndTlm.o
                0x200271ac                UpdateTlmElementAtIndex
 .text.UpdateTlmToSaveVector
                0x200272fc       0xc8 ./src/sub-systemCode/ADCS/AdcsGetDataAndTlm.o
                0x200272fc                UpdateTlmToSaveVector
 .text.UpdateTlmPeriodVector
                0x200273c4      0x120 ./src/sub-systemCode/ADCS/AdcsGetDataAndTlm.o
                0x200273c4                UpdateTlmPeriodVector
 .text.AdcsGetTlmOverrideFlag
                0x200274e4       0x5c ./src/sub-systemCode/ADCS/AdcsGetDataAndTlm.o
                0x200274e4                AdcsGetTlmOverrideFlag
 .text.AdcsSetTlmOverrideFlag
                0x20027540       0x9c ./src/sub-systemCode/ADCS/AdcsGetDataAndTlm.o
                0x20027540                AdcsSetTlmOverrideFlag
 .text.RestoreDefaultTlmElement
                0x200275dc      0x1ec ./src/sub-systemCode/ADCS/AdcsGetDataAndTlm.o
                0x200275dc                RestoreDefaultTlmElement
 .text.GetTlmElementAtIndex
                0x200277c8       0x80 ./src/sub-systemCode/ADCS/AdcsGetDataAndTlm.o
                0x200277c8                GetTlmElementAtIndex
 .text.GatherTlmAndData
                0x20027848       0xec ./src/sub-systemCode/ADCS/AdcsGetDataAndTlm.o
                0x20027848                GatherTlmAndData
 .text.UpdateAdcsFramParameters
                0x20027934      0x124 ./src/sub-systemCode/ADCS/AdcsMain.o
                0x20027934                UpdateAdcsFramParameters
 .text.AdcsInit
                0x20027a58      0x168 ./src/sub-systemCode/ADCS/AdcsMain.o
                0x20027a58                AdcsInit
 .text.AdcsTask
                0x20027bc0      0x110 ./src/sub-systemCode/ADCS/AdcsMain.o
                0x20027bc0                AdcsTask
 .text.AdcsTroubleShooting
                0x20027cd0       0x88 ./src/sub-systemCode/ADCS/AdcsTroubleShooting.o
                0x20027cd0                AdcsTroubleShooting
 .text.UpdateAdcsStateMachine
                0x20027d58       0x1c ./src/sub-systemCode/ADCS/StateMachine.o
                0x20027d58                UpdateAdcsStateMachine
 .text.save_time
                0x20027d74       0x9c ./src/main.o
                0x20027d74                save_time
 .text.Command_logic
                0x20027e10       0x6c ./src/main.o
                0x20027e10                Command_logic
 .text.taskMain
                0x20027e7c       0x6c ./src/main.o
                0x20027e7c                taskMain
 .text.main     0x20027ee8       0xc4 ./src/main.o
                0x20027ee8                main
 .text.GomEpsInitialize
                0x20027fac      0x148 C:/ISIS/workspace/HOOPOE3/satellite-subsystems/demo/..//satellite-subsystems/lib\libSatelliteSubsystemsD.a(GomEPS.o)
                0x20027fac                GomEpsInitialize
 .text.makeEPStransfer
                0x200280f4       0x3c C:/ISIS/workspace/HOOPOE3/satellite-subsystems/demo/..//satellite-subsystems/lib\libSatelliteSubsystemsD.a(GomEPS.o)
 .text.GomEpsPing
                0x20028130       0xf8 C:/ISIS/workspace/HOOPOE3/satellite-subsystems/demo/..//satellite-subsystems/lib\libSatelliteSubsystemsD.a(GomEPS.o)
                0x20028130                GomEpsPing
 .text.GomEpsSoftReset
                0x20028228       0xc4 C:/ISIS/workspace/HOOPOE3/satellite-subsystems/demo/..//satellite-subsystems/lib\libSatelliteSubsystemsD.a(GomEPS.o)
                0x20028228                GomEpsSoftReset
 .text.GomEpsHardReset
                0x200282ec       0xa8 C:/ISIS/workspace/HOOPOE3/satellite-subsystems/demo/..//satellite-subsystems/lib\libSatelliteSubsystemsD.a(GomEPS.o)
                0x200282ec                GomEpsHardReset
 .text.GomEpsGetHkData_param
                0x20028394      0x29c C:/ISIS/workspace/HOOPOE3/satellite-subsystems/demo/..//satellite-subsystems/lib\libSatelliteSubsystemsD.a(GomEPS.o)
                0x20028394                GomEpsGetHkData_param
 .text.GomEpsGetHkData_general
                0x20028630      0x45c C:/ISIS/workspace/HOOPOE3/satellite-subsystems/demo/..//satellite-subsystems/lib\libSatelliteSubsystemsD.a(GomEPS.o)
                0x20028630                GomEpsGetHkData_general
 .text.GomEpsGetHkData_vi
                0x20028a8c      0x188 C:/ISIS/workspace/HOOPOE3/satellite-subsystems/demo/..//satellite-subsystems/lib\libSatelliteSubsystemsD.a(GomEPS.o)
                0x20028a8c                GomEpsGetHkData_vi
 .text.GomEpsGetHkData_out
                0x20028c14      0x21c C:/ISIS/workspace/HOOPOE3/satellite-subsystems/demo/..//satellite-subsystems/lib\libSatelliteSubsystemsD.a(GomEPS.o)
                0x20028c14                GomEpsGetHkData_out
 .text.GomEpsGetHkData_wdt
                0x20028e30      0x2b4 C:/ISIS/workspace/HOOPOE3/satellite-subsystems/demo/..//satellite-subsystems/lib\libSatelliteSubsystemsD.a(GomEPS.o)
                0x20028e30                GomEpsGetHkData_wdt
 .text.GomEpsGetHkData_basic
                0x200290e4      0x22c C:/ISIS/workspace/HOOPOE3/satellite-subsystems/demo/..//satellite-subsystems/lib\libSatelliteSubsystemsD.a(GomEPS.o)
                0x200290e4                GomEpsGetHkData_basic
 .text.GomEpsSetOutput
                0x20029310       0xbc C:/ISIS/workspace/HOOPOE3/satellite-subsystems/demo/..//satellite-subsystems/lib\libSatelliteSubsystemsD.a(GomEPS.o)
                0x20029310                GomEpsSetOutput
 .text.GomEpsResetWDT
                0x200293cc       0xc4 C:/ISIS/workspace/HOOPOE3/satellite-subsystems/demo/..//satellite-subsystems/lib\libSatelliteSubsystemsD.a(GomEPS.o)
                0x200293cc                GomEpsResetWDT
 .text.GomEpsConfigGet
                0x20029490      0x16c C:/ISIS/workspace/HOOPOE3/satellite-subsystems/demo/..//satellite-subsystems/lib\libSatelliteSubsystemsD.a(GomEPS.o)
                0x20029490                GomEpsConfigGet
 .text.GomEpsConfigSet
                0x200295fc      0x184 C:/ISIS/workspace/HOOPOE3/satellite-subsystems/demo/..//satellite-subsystems/lib\libSatelliteSubsystemsD.a(GomEPS.o)
                0x200295fc                GomEpsConfigSet
 .text.GomEpsConfig2Get
                0x20029780      0x16c C:/ISIS/workspace/HOOPOE3/satellite-subsystems/demo/..//satellite-subsystems/lib\libSatelliteSubsystemsD.a(GomEPS.o)
                0x20029780                GomEpsConfig2Get
 .text.makeAntStransfer
                0x200298ec       0x4c C:/ISIS/workspace/HOOPOE3/satellite-subsystems/demo/..//satellite-subsystems/lib\libSatelliteSubsystemsD.a(IsisAntS.o)
 .text.checkInputsValid
                0x20029938       0x7c C:/ISIS/workspace/HOOPOE3/satellite-subsystems/demo/..//satellite-subsystems/lib\libSatelliteSubsystemsD.a(IsisAntS.o)
 .text.IsisAntS_initialize
                0x200299b4      0x26c C:/ISIS/workspace/HOOPOE3/satellite-subsystems/demo/..//satellite-subsystems/lib\libSatelliteSubsystemsD.a(IsisAntS.o)
                0x200299b4                IsisAntS_initialize
 .text.IsisAntS_setArmStatus
                0x20029c20      0x104 C:/ISIS/workspace/HOOPOE3/satellite-subsystems/demo/..//satellite-subsystems/lib\libSatelliteSubsystemsD.a(IsisAntS.o)
                0x20029c20                IsisAntS_setArmStatus
 .text.IsisAntS_getStatusData
                0x20029d24      0x120 C:/ISIS/workspace/HOOPOE3/satellite-subsystems/demo/..//satellite-subsystems/lib\libSatelliteSubsystemsD.a(IsisAntS.o)
                0x20029d24                IsisAntS_getStatusData
 .text.IsisAntS_getTemperature
                0x20029e44      0x120 C:/ISIS/workspace/HOOPOE3/satellite-subsystems/demo/..//satellite-subsystems/lib\libSatelliteSubsystemsD.a(IsisAntS.o)
                0x20029e44                IsisAntS_getTemperature
 .text.IsisAntS_getAlltelemetry
                0x20029f64      0x120 C:/ISIS/workspace/HOOPOE3/satellite-subsystems/demo/..//satellite-subsystems/lib\libSatelliteSubsystemsD.a(IsisAntS.o)
                0x20029f64                IsisAntS_getAlltelemetry
 .text.IsisAntS_reset
                0x2002a084      0x104 C:/ISIS/workspace/HOOPOE3/satellite-subsystems/demo/..//satellite-subsystems/lib\libSatelliteSubsystemsD.a(IsisAntS.o)
                0x2002a084                IsisAntS_reset
 .text.IsisSolarPanelv2_initialize
                0x2002a188       0xb4 C:/ISIS/workspace/HOOPOE3/satellite-subsystems/demo/..//satellite-subsystems/lib\libSatelliteSubsystemsD.a(IsisSolarPanelv2.o)
                0x2002a188                IsisSolarPanelv2_initialize
 .text.IsisSolarPanelv2_getTemperature
                0x2002a23c       0xc8 C:/ISIS/workspace/HOOPOE3/satellite-subsystems/demo/..//satellite-subsystems/lib\libSatelliteSubsystemsD.a(IsisSolarPanelv2.o)
                0x2002a23c                IsisSolarPanelv2_getTemperature
 .text.IsisSolarPanelv2_sleep
                0x2002a304       0xbc C:/ISIS/workspace/HOOPOE3/satellite-subsystems/demo/..//satellite-subsystems/lib\libSatelliteSubsystemsD.a(IsisSolarPanelv2.o)