Archive member included because of file (symbol)

c:/isis/application/toolchain/bin/../lib/gcc/arm-none-eabi/4.7.4/../../../../arm-none-eabi/lib\libc_s.a(lib_a-vfprintf_float.o)
                              (_printf_float)
c:/isis/application/toolchain/bin/../lib/gcc/arm-none-eabi/4.7.4/../../../../arm-none-eabi/lib\libc_s.a(lib_a-vfprintf_i.o)
                              c:/isis/application/toolchain/bin/../lib/gcc/arm-none-eabi/4.7.4/../../../../arm-none-eabi/lib\libc_s.a(lib_a-vfprintf_float.o) (_printf_common)
c:/isis/application/toolchain/bin/../lib/gcc/arm-none-eabi/4.7.4/../../../../arm-none-eabi/lib\libc_s.a(lib_a-vfscanf_float.o)
                              (_scanf_float)
c:/isis/application/toolchain/bin/../lib/gcc/arm-none-eabi/4.7.4/../../../../arm-none-eabi/lib\libc_s.a(lib_a-dtoa.o)
                              c:/isis/application/toolchain/bin/../lib/gcc/arm-none-eabi/4.7.4/../../../../arm-none-eabi/lib\libc_s.a(lib_a-vfprintf_float.o) (_dtoa_r)
c:/isis/application/toolchain/bin/../lib/gcc/arm-none-eabi/4.7.4/../../../../arm-none-eabi/lib\libc_s.a(lib_a-locale.o)
                              c:/isis/application/toolchain/bin/../lib/gcc/arm-none-eabi/4.7.4/../../../../arm-none-eabi/lib\libc_s.a(lib_a-vfprintf_float.o) (_localeconv_r)
c:/isis/application/toolchain/bin/../lib/gcc/arm-none-eabi/4.7.4/../../../../arm-none-eabi/lib\libc_s.a(lib_a-malloc.o)
                              c:/isis/application/toolchain/bin/../lib/gcc/arm-none-eabi/4.7.4/../../../../arm-none-eabi/lib\libc_s.a(lib_a-dtoa.o) (malloc)
c:/isis/application/toolchain/bin/../lib/gcc/arm-none-eabi/4.7.4/../../../../arm-none-eabi/lib\libc_s.a(lib_a-mallocr.o)
                              c:/isis/application/toolchain/bin/../lib/gcc/arm-none-eabi/4.7.4/../../../../arm-none-eabi/lib\libc_s.a(lib_a-malloc.o) (_malloc_r)
c:/isis/application/toolchain/bin/../lib/gcc/arm-none-eabi/4.7.4/../../../../arm-none-eabi/lib\libc_s.a(lib_a-memcpy.o)
                              c:/isis/application/toolchain/bin/../lib/gcc/arm-none-eabi/4.7.4/../../../../arm-none-eabi/lib\libc_s.a(lib_a-dtoa.o) (memcpy)
c:/isis/application/toolchain/bin/../lib/gcc/arm-none-eabi/4.7.4/../../../../arm-none-eabi/lib\libc_s.a(lib_a-mprec.o)
                              c:/isis/application/toolchain/bin/../lib/gcc/arm-none-eabi/4.7.4/../../../../arm-none-eabi/lib\libc_s.a(lib_a-dtoa.o) (_Balloc)
c:/isis/application/toolchain/bin/../lib/gcc/arm-none-eabi/4.7.4/../../../../arm-none-eabi/lib\libc_s.a(lib_a-s_fpclassify.o)
                              c:/isis/application/toolchain/bin/../lib/gcc/arm-none-eabi/4.7.4/../../../../arm-none-eabi/lib\libc_s.a(lib_a-vfprintf_float.o) (__fpclassifyd)
c:/isis/application/toolchain/bin/../lib/gcc/arm-none-eabi/4.7.4/../../../../arm-none-eabi/lib\libc_s.a(lib_a-sbrkr.o)
                              c:/isis/application/toolchain/bin/../lib/gcc/arm-none-eabi/4.7.4/../../../../arm-none-eabi/lib\libc_s.a(lib_a-mallocr.o) (_sbrk_r)
c:/isis/application/toolchain/bin/../lib/gcc/arm-none-eabi/4.7.4/../../../../arm-none-eabi/lib\libc_s.a(lib_a-sf_nan.o)
                              c:/isis/application/toolchain/bin/../lib/gcc/arm-none-eabi/4.7.4/../../../../arm-none-eabi/lib\libc_s.a(lib_a-vfscanf_float.o) (nanf)
c:/isis/application/toolchain/bin/../lib/gcc/arm-none-eabi/4.7.4/../../../../arm-none-eabi/lib\libc_s.a(lib_a-sprintf.o)
                              c:/isis/application/toolchain/bin/../lib/gcc/arm-none-eabi/4.7.4/../../../../arm-none-eabi/lib\libc_s.a(lib_a-vfscanf_float.o) (sprintf)
c:/isis/application/toolchain/bin/../lib/gcc/arm-none-eabi/4.7.4/../../../../arm-none-eabi/lib\libc_s.a(lib_a-strcmp.o)
                              c:/isis/application/toolchain/bin/../lib/gcc/arm-none-eabi/4.7.4/../../../../arm-none-eabi/lib\libc_s.a(lib_a-locale.o) (strcmp)
c:/isis/application/toolchain/bin/../lib/gcc/arm-none-eabi/4.7.4/../../../../arm-none-eabi/lib\libc_s.a(lib_a-strlen.o)
                              c:/isis/application/toolchain/bin/../lib/gcc/arm-none-eabi/4.7.4/../../../../arm-none-eabi/lib\libc_s.a(lib_a-vfprintf_float.o) (strlen)
c:/isis/application/toolchain/bin/../lib/gcc/arm-none-eabi/4.7.4/../../../../arm-none-eabi/lib\libc_s.a(lib_a-strtod.o)
                              c:/isis/application/toolchain/bin/../lib/gcc/arm-none-eabi/4.7.4/../../../../arm-none-eabi/lib\libc_s.a(lib_a-vfscanf_float.o) (_strtod_r)
c:/isis/application/toolchain/bin/../lib/gcc/arm-none-eabi/4.7.4/../../../../arm-none-eabi/lib\libc_s.a(lib_a-strtol.o)
                              c:/isis/application/toolchain/bin/../lib/gcc/arm-none-eabi/4.7.4/../../../../arm-none-eabi/lib\libc_s.a(lib_a-vfscanf_float.o) (_strtol_r)
c:/isis/application/toolchain/bin/../lib/gcc/arm-none-eabi/4.7.4/../../../../arm-none-eabi/lib\libc_s.a(lib_a-svfprintf.o)
                              c:/isis/application/toolchain/bin/../lib/gcc/arm-none-eabi/4.7.4/../../../../arm-none-eabi/lib\libc_s.a(lib_a-sprintf.o) (_svfprintf_r)
[...]
Memory Configuration

Name             Origin             Length             Attributes
sram0            0x00200000         0x00004000         w !xr
sram1            0x00300000         0x00004000         w !xr
sdram            0x20000000         0x02000000         w !xr
*default*        0x00000000         0xffffffff

Linker script and memory map

LOAD c:/isis/application/toolchain/bin/../lib/gcc/arm-none-eabi/4.7.4/../../../../arm-none-eabi/lib\libc_s.a
LOAD ./src/sub-systemCode/Main/CMD/COMM_CMD.o
LOAD ./src/sub-systemCode/Main/CMD/EPS_CMD.o
LOAD ./src/sub-systemCode/Main/CMD/General_CMD.o
LOAD ./src/sub-systemCode/Main/CMD/SW_CMD.o
LOAD ./src/sub-systemCode/Main/CMD/payload_CMD.o
LOAD ./src/sub-systemCode/Main/CMD/test_CMD.o
LOAD ./src/sub-systemCode/Main/Ants.o
LOAD ./src/sub-systemCode/Main/EPS.o
LOAD ./src/sub-systemCode/Main/HouseKeeping.o
LOAD ./src/sub-systemCode/Main/Main_Init.o
LOAD ./src/sub-systemCode/Main/commands.o
LOAD ./src/sub-systemCode/Global/Global.o
LOAD ./src/sub-systemCode/Global/GlobalParam.o
LOAD ./src/sub-systemCode/Global/TM_managment.o
LOAD ./src/sub-systemCode/COMM/APRS.o
LOAD ./src/sub-systemCode/COMM/DelayedCommand_list.o
LOAD ./src/sub-systemCode/COMM/GSC.o
LOAD ./src/sub-systemCode/COMM/TRXVU.o
LOAD ./src/sub-systemCode/ADCS/ADCS.o
LOAD ./src/sub-systemCode/ADCS/Stage_Table.o
LOAD ./src/main.o
LOAD C:/Hoopoe3/satellite-subsystems/demo/..//satellite-subsystems/lib\libSatelliteSubsystemsD.a
LOAD c:/isis/application/toolchain/bin/../lib/gcc/arm-none-eabi/4.7.4/../../../../arm-none-eabi/lib\libm.a
LOAD C:/Hoopoe3/satellite-subsystems/demo/../..//hal/hcc/lib\libHCCD.a
LOAD C:/Hoopoe3/satellite-subsystems/demo/../..//hal/hal/lib\libHALD.a
LOAD C:/Hoopoe3/satellite-subsystems/demo/../..//hal/freertos/lib\libFreeRTOSD.a
LOAD C:/Hoopoe3/satellite-subsystems/demo/../..//hal/at91/lib\libAt91D.a
START GROUP
LOAD c:/isis/application/toolchain/bin/../lib/gcc/arm-none-eabi/4.7.4\libgcc.a
LOAD c:/isis/application/toolchain/bin/../lib/gcc/arm-none-eabi/4.7.4/../../../../arm-none-eabi/lib\libc_s.a
END GROUP

.fixed          0x20000000    0x3c118
                0x20000000                . = ALIGN (0x4)
                0x20000000                _sfixed = .
 *(.startup)
 .startup       0x20000000      0x134 C:/Hoopoe3/satellite-subsystems/demo/../..//hal/at91/lib\libAt91D.a(board_cstartup.o)
                0x20000000                entry
 *(.text)
 .text          0x20000134       0x64 C:/Hoopoe3/satellite-subsystems/demo/../..//hal/at91/lib\libAt91D.a(cp15_asm.o)
                0x20000134                _readControlRegister
                0x20000140                _writeControlRegister
                0x20000148                _waitForInterrupt
                0x20000154                _writeTTB
                0x2000015c                _writeDomain
                0x20000164                _writeITLBLockdown
                0x2000016c                _prefetchICacheLine
                0x20000174                _flushDCache
                0x20000180                _flushWriteBuffer
                0x2000018c                _invalidateIDTLBs
 .text          0x20000198      0x114 c:/isis/application/toolchain/bin/../lib/gcc/arm-none-eabi/4.7.4\libgcc.a(_udivsi3.o)
                0x20000198                __aeabi_uidiv
                0x20000198                __udivsi3
                0x2000028c                __aeabi_uidivmod
 .text          0x200002ac      0x148 c:/isis/application/toolchain/bin/../lib/gcc/arm-none-eabi/4.7.4\libgcc.a(_divsi3.o)
                0x200002ac                __divsi3
                0x200002ac                __aeabi_idiv
                0x200003d4                __aeabi_idivmod
 .text          0x200003f4        0x4 c:/isis/application/toolchain/bin/../lib/gcc/arm-none-eabi/4.7.4\libgcc.a(_dvmd_tls.o)
                0x200003f4                __aeabi_idiv0
                0x200003f4                __aeabi_ldiv0
 .text          0x200003f8      0x41c c:/isis/application/toolchain/bin/../lib/gcc/arm-none-eabi/4.7.4\libgcc.a(_arm_addsubdf3.o)
                0x200003f8                __aeabi_drsub
                0x20000400                __aeabi_dsub
                0x20000400                __subdf3
                0x20000404                __aeabi_dadd
                0x20000404                __adddf3
                0x20000714                __floatunsidf
                0x20000714                __aeabi_ui2d
                0x20000738                __floatsidf
                0x20000738                __aeabi_i2d
                0x20000760                __aeabi_f2d
                0x20000760                __extendsfdf2
                0x200007a0                __floatundidf
                0x200007a0                __aeabi_ul2d
                0x200007b4                __floatdidf
                0x200007b4                __aeabi_l2d
 .text          0x20000814      0x49c c:/isis/application/toolchain/bin/../lib/gcc/arm-none-eabi/4.7.4\libgcc.a(_arm_muldivdf3.o)
                0x20000814                __aeabi_dmul
                0x20000814                __muldf3
                0x20000aa4                __divdf3
                0x20000aa4                __aeabi_ddiv
 .text          0x20000cb0      0x144 c:/isis/application/toolchain/bin/../lib/gcc/arm-none-eabi/4.7.4\libgcc.a(_arm_cmpdf2.o)
                0x20000cb0                __gtdf2
                0x20000cb0                __gedf2
                0x20000cb8                __ltdf2
                0x20000cb8                __ledf2
                0x20000cc0                __nedf2
                0x20000cc0                __eqdf2
                0x20000cc0                __cmpdf2
                0x20000d48                __aeabi_cdrcmple
                0x20000d64                __aeabi_cdcmpeq
                0x20000d64                __aeabi_cdcmple
                0x20000d7c                __aeabi_dcmpeq
                0x20000d94                __aeabi_dcmplt
                0x20000dac                __aeabi_dcmple
                0x20000dc4                __aeabi_dcmpge
                0x20000ddc                __aeabi_dcmpgt
 .text          0x20000df4       0x5c c:/isis/application/toolchain/bin/../lib/gcc/arm-none-eabi/4.7.4\libgcc.a(_arm_fixdfsi.o)
                0x20000df4                __aeabi_d2iz
                0x20000df4                __fixdfsi
 .text          0x20000e50       0x54 c:/isis/application/toolchain/bin/../lib/gcc/arm-none-eabi/4.7.4\libgcc.a(_arm_fixunsdfsi.o)
                0x20000e50                __aeabi_d2uiz
                0x20000e50                __fixunsdfsi
 .text          0x20000ea4       0xa0 c:/isis/application/toolchain/bin/../lib/gcc/arm-none-eabi/4.7.4\libgcc.a(_arm_truncdfsf2.o)
                0x20000ea4                __truncdfsf2
                0x20000ea4                __aeabi_d2f
 .text          0x20000f44      0x2ac c:/isis/application/toolchain/bin/../lib/gcc/arm-none-eabi/4.7.4\libgcc.a(_arm_addsubsf3.o)
                0x20000f44                __aeabi_frsub
                0x20000f4c                __subsf3
                0x20000f4c                __aeabi_fsub
                0x20000f50                __aeabi_fadd
                0x20000f50                __addsf3
                0x2000110c                __aeabi_ui2f
                0x2000110c                __floatunsisf
                0x20001114                __aeabi_i2f
                0x20001114                __floatsisf
                0x20001134                __aeabi_ul2f
                0x20001134                __floatundisf
                0x20001144                __aeabi_l2f
                0x20001144                __floatdisf
 .text          0x200011f0      0x2f8 c:/isis/application/toolchain/bin/../lib/gcc/arm-none-eabi/4.7.4\libgcc.a(_arm_muldivsf3.o)
                0x200011f0                __mulsf3
                0x200011f0                __aeabi_fmul
                0x20001388                __aeabi_fdiv
                0x20001388                __divsf3
 .text          0x200014e8       0x54 c:/isis/application/toolchain/bin/../lib/gcc/arm-none-eabi/4.7.4\libgcc.a(_arm_fixunssfsi.o)
                0x200014e8                __fixunssfsi
                0x200014e8                __aeabi_f2uiz
 *(.text*)
 .text.__cvt    0x2000153c      0x138 c:/isis/application/toolchain/bin/../lib/gcc/arm-none-eabi/4.7.4/../../../../arm-none-eabi/lib\libc_s.a(lib_a-vfprintf_float.o)
                0x2000153c                __cvt
 .text.__exponent
                0x20001674       0xa8 c:/isis/application/toolchain/bin/../lib/gcc/arm-none-eabi/4.7.4/../../../../arm-none-eabi/lib\libc_s.a(lib_a-vfprintf_float.o)
                0x20001674                __exponent
 .text._printf_float
                0x2000171c      0x7dc c:/isis/application/toolchain/bin/../lib/gcc/arm-none-eabi/4.7.4/../../../../arm-none-eabi/lib\libc_s.a(lib_a-vfprintf_float.o)
                0x2000171c                _printf_float
 .text._printf_common
                0x20001ef8      0x174 c:/isis/application/toolchain/bin/../lib/gcc/arm-none-eabi/4.7.4/../../../../arm-none-eabi/lib\libc_s.a(lib_a-vfprintf_i.o)
                0x20001ef8                _printf_common
 .text._printf_i
                0x2000206c      0x3c4 c:/isis/application/toolchain/bin/../lib/gcc/arm-none-eabi/4.7.4/../../../../arm-none-eabi/lib\libc_s.a(lib_a-vfprintf_i.o)
                0x2000206c                _printf_i
 .text._scanf_float
                0x20002430      0x5f4 c:/isis/application/toolchain/bin/../lib/gcc/arm-none-eabi/4.7.4/../../../../arm-none-eabi/lib\libc_s.a(lib_a-vfscanf_float.o)
                0x20002430                _scanf_float
 .text.quorem   0x20002a24      0x1ac c:/isis/application/toolchain/bin/../lib/gcc/arm-none-eabi/4.7.4/../../../../arm-none-eabi/lib\libc_s.a(lib_a-dtoa.o)
 .text._dtoa_r  0x20002bd0     0x1268 c:/isis/application/toolchain/bin/../lib/gcc/arm-none-eabi/4.7.4/../../../../arm-none-eabi/lib\libc_s.a(lib_a-dtoa.o)
                0x20002bd0                _dtoa_r
 .text._localeconv_r
                0x20003e38        0xc c:/isis/application/toolchain/bin/../lib/gcc/arm-none-eabi/4.7.4/../../../../arm-none-eabi/lib\libc_s.a(lib_a-locale.o)
                0x20003e38                _localeconv_r
 .text.malloc   0x20003e44       0x20 c:/isis/application/toolchain/bin/../lib/gcc/arm-none-eabi/4.7.4/../../../../arm-none-eabi/lib\libc_s.a(lib_a-malloc.o)
                0x20003e44                malloc
 .text.free     0x20003e64       0x20 c:/isis/application/toolchain/bin/../lib/gcc/arm-none-eabi/4.7.4/../../../../arm-none-eabi/lib\libc_s.a(lib_a-malloc.o)
                0x20003e64                free
 .text._malloc_r
                0x20003e84       0xfc c:/isis/application/toolchain/bin/../lib/gcc/arm-none-eabi/4.7.4/../../../../arm-none-eabi/lib\libc_s.a(lib_a-mallocr.o)
                0x20003e84                _malloc_r
 .text.memcpy   0x20003f80       0x20 c:/isis/application/toolchain/bin/../lib/gcc/arm-none-eabi/4.7.4/../../../../arm-none-eabi/lib\libc_s.a(lib_a-memcpy.o)
                0x20003f80                memcpy
 .text._Balloc  0x20003fa0       0xcc c:/isis/application/toolchain/bin/../lib/gcc/arm-none-eabi/4.7.4/../../../../arm-none-eabi/lib\libc_s.a(lib_a-mprec.o)
                0x20003fa0                _Balloc
 .text._Bfree   0x2000406c       0x5c c:/isis/application/toolchain/bin/../lib/gcc/arm-none-eabi/4.7.4/../../../../arm-none-eabi/lib\libc_s.a(lib_a-mprec.o)
                0x2000406c                _Bfree
 .text.__multadd
                0x200040c8       0xbc c:/isis/application/toolchain/bin/../lib/gcc/arm-none-eabi/4.7.4/../../../../arm-none-eabi/lib\libc_s.a(lib_a-mprec.o)
                0x200040c8                __multadd
 .text.__s2b    0x20004184       0xd8 c:/isis/application/toolchain/bin/../lib/gcc/arm-none-eabi/4.7.4/../../../../arm-none-eabi/lib\libc_s.a(lib_a-mprec.o)
                0x20004184                __s2b
 .text.__hi0bits
                0x2000425c       0x58 c:/isis/application/toolchain/bin/../lib/gcc/arm-none-eabi/4.7.4/../../../../arm-none-eabi/lib\libc_s.a(lib_a-mprec.o)
                0x2000425c                __hi0bits
 .text.__lo0bits
                0x200042b4       0x94 c:/isis/application/toolchain/bin/../lib/gcc/arm-none-eabi/4.7.4/../../../../arm-none-eabi/lib\libc_s.a(lib_a-mprec.o)
                0x200042b4                __lo0bits
 .text.__i2b    0x20004348       0x24 c:/isis/application/toolchain/bin/../lib/gcc/arm-none-eabi/4.7.4/../../../../arm-none-eabi/lib\libc_s.a(lib_a-mprec.o)
                0x20004348                __i2b
 .text.__multiply
                0x2000436c      0x1ac c:/isis/application/toolchain/bin/../lib/gcc/arm-none-eabi/4.7.4/../../../../arm-none-eabi/lib\libc_s.a(lib_a-mprec.o)
                0x2000436c                __multiply
 .text.__pow5mult
                0x20004518      0x10c c:/isis/application/toolchain/bin/../lib/gcc/arm-none-eabi/4.7.4/../../../../arm-none-eabi/lib\libc_s.a(lib_a-mprec.o)
                0x20004518                __pow5mult
 .text.__lshift
                0x20004624       0xf0 c:/isis/application/toolchain/bin/../lib/gcc/arm-none-eabi/4.7.4/../../../../arm-none-eabi/lib\libc_s.a(lib_a-mprec.o)
                0x20004624                __lshift
 .text.__mcmp   0x20004714       0x60 c:/isis/application/toolchain/bin/../lib/gcc/arm-none-eabi/4.7.4/../../../../arm-none-eabi/lib\libc_s.a(lib_a-mprec.o)
                0x20004714                __mcmp
 .text.__mdiff  0x20004774      0x128 c:/isis/application/toolchain/bin/../lib/gcc/arm-none-eabi/4.7.4/../../../../arm-none-eabi/lib\libc_s.a(lib_a-mprec.o)
                0x20004774                __mdiff
 .text.__ulp    0x2000489c       0x5c c:/isis/application/toolchain/bin/../lib/gcc/arm-none-eabi/4.7.4/../../../../arm-none-eabi/lib\libc_s.a(lib_a-mprec.o)
                0x2000489c                __ulp
 .text.__b2d    0x200048f8       0xc8 c:/isis/application/toolchain/bin/../lib/gcc/arm-none-eabi/4.7.4/../../../../arm-none-eabi/lib\libc_s.a(lib_a-mprec.o)
                0x200048f8                __b2d
 .text.__d2b    0x200049c0       0xfc c:/isis/application/toolchain/bin/../lib/gcc/arm-none-eabi/4.7.4/../../../../arm-none-eabi/lib\libc_s.a(lib_a-mprec.o)
                0x200049c0                __d2b
 .text.__ratio  0x20004abc       0x70 c:/isis/application/toolchain/bin/../lib/gcc/arm-none-eabi/4.7.4/../../../../arm-none-eabi/lib\libc_s.a(lib_a-mprec.o)
                0x20004abc                __ratio
 .text.__copybits
                0x20004b2c       0x4c c:/isis/application/toolchain/bin/../lib/gcc/arm-none-eabi/4.7.4/../../../../arm-none-eabi/lib\libc_s.a(lib_a-mprec.o)
                0x20004b2c                __copybits
 .text.__any_on
                0x20004b78       0x7c c:/isis/application/toolchain/bin/../lib/gcc/arm-none-eabi/4.7.4/../../../../arm-none-eabi/lib\libc_s.a(lib_a-mprec.o)
                0x20004b78                __any_on
 .text.__fpclassifyd
                0x20004bf4       0x6c c:/isis/application/toolchain/bin/../lib/gcc/arm-none-eabi/4.7.4/../../../../arm-none-eabi/lib\libc_s.a(lib_a-s_fpclassify.o)
                0x20004bf4                __fpclassifyd
 .text._sbrk_r  0x20004c60       0x3c c:/isis/application/toolchain/bin/../lib/gcc/arm-none-eabi/4.7.4/../../../../arm-none-eabi/lib\libc_s.a(lib_a-sbrkr.o)
                0x20004c60                _sbrk_r
 .text.nanf     0x20004c9c        0xc c:/isis/application/toolchain/bin/../lib/gcc/arm-none-eabi/4.7.4/../../../../arm-none-eabi/lib\libc_s.a(lib_a-sf_nan.o)
                0x20004c9c                nanf
 .text.sprintf  0x20004ca8       0x6c c:/isis/application/toolchain/bin/../lib/gcc/arm-none-eabi/4.7.4/../../../../arm-none-eabi/lib\libc_s.a(lib_a-sprintf.o)
                0x20004ca8                siprintf
                0x20004ca8                sprintf
 .text.strcmp   0x20004d14       0x1c c:/isis/application/toolchain/bin/../lib/gcc/arm-none-eabi/4.7.4/../../../../arm-none-eabi/lib\libc_s.a(lib_a-strcmp.o)
                0x20004d14                strcmp
 .text.strlen   0x20004d30       0x1c c:/isis/application/toolchain/bin/../lib/gcc/arm-none-eabi/4.7.4/../../../../arm-none-eabi/lib\libc_s.a(lib_a-strlen.o)
                0x20004d30                strlen
 .text.match    0x20004d4c       0x54 c:/isis/application/toolchain/bin/../lib/gcc/arm-none-eabi/4.7.4/../../../../arm-none-eabi/lib\libc_s.a(lib_a-strtod.o)
 .text._strtod_r
                0x20004da0     0x1168 c:/isis/application/toolchain/bin/../lib/gcc/arm-none-eabi/4.7.4/../../../../arm-none-eabi/lib\libc_s.a(lib_a-strtod.o)
                0x20004da0                _strtod_r
 .text._strtol_r
                0x20005f08      0x1b8 c:/isis/application/toolchain/bin/../lib/gcc/arm-none-eabi/4.7.4/../../../../arm-none-eabi/lib\libc_s.a(lib_a-strtol.o)
                0x20005f08                _strtol_r
 .text.__ssputc_r
                0x200060c0      0x10c c:/isis/application/toolchain/bin/../lib/gcc/arm-none-eabi/4.7.4/../../../../arm-none-eabi/lib\libc_s.a(lib_a-svfprintf.o)
                0x200060c0                __ssputc_r
 .text._svfprintf_r
                0x200061cc      0x328 c:/isis/application/toolchain/bin/../lib/gcc/arm-none-eabi/4.7.4/../../../../arm-none-eabi/lib\libc_s.a(lib_a-svfprintf.o)
                0x200061cc                _svfiprintf_r
                0x200061cc                _svfprintf_r
 .text._calloc_r
                0x200064f4       0x2c c:/isis/application/toolchain/bin/../lib/gcc/arm-none-eabi/4.7.4/../../../../arm-none-eabi/lib\libc_s.a(lib_a-callocr.o)
                0x200064f4                _calloc_r
 .text._free_r  0x20006520      0x108 c:/isis/application/toolchain/bin/../lib/gcc/arm-none-eabi/4.7.4/../../../../arm-none-eabi/lib\libc_s.a(lib_a-freer.o)
                0x20006520                _free_r
 .text.rshift   0x20006628       0xb0 c:/isis/application/toolchain/bin/../lib/gcc/arm-none-eabi/4.7.4/../../../../arm-none-eabi/lib\libc_s.a(lib_a-gdtoa-gethex.o)
 .text.htinit.constprop.0
                0x200066d8       0x34 c:/isis/application/toolchain/bin/../lib/gcc/arm-none-eabi/4.7.4/../../../../arm-none-eabi/lib\libc_s.a(lib_a-gdtoa-gethex.o)
 .text.__hexdig_init
                0x2000670c       0x38 c:/isis/application/toolchain/bin/../lib/gcc/arm-none-eabi/4.7.4/../../../../arm-none-eabi/lib\libc_s.a(lib_a-gdtoa-gethex.o)
                0x2000670c                __hexdig_init
 .text.__gethex
                0x20006744      0x6cc c:/isis/application/toolchain/bin/../lib/gcc/arm-none-eabi/4.7.4/../../../../arm-none-eabi/lib\libc_s.a(lib_a-gdtoa-gethex.o)
                0x20006744                __gethex
 .text.L_shift  0x20006e10       0x38 c:/isis/application/toolchain/bin/../lib/gcc/arm-none-eabi/4.7.4/../../../../arm-none-eabi/lib\libc_s.a(lib_a-gdtoa-hexnan.o)
 .text.__hexnan
                0x20006e48      0x1d8 c:/isis/application/toolchain/bin/../lib/gcc/arm-none-eabi/4.7.4/../../../../arm-none-eabi/lib\libc_s.a(lib_a-gdtoa-hexnan.o)
                0x20006e48                __hexnan
 .text.memchr   0x20007020       0x34 c:/isis/application/toolchain/bin/../lib/gcc/arm-none-eabi/4.7.4/../../../../arm-none-eabi/lib\libc_s.a(lib_a-memchr.o)
                0x20007020                memchr
 .text.memset   0x20007054       0x1c c:/isis/application/toolchain/bin/../lib/gcc/arm-none-eabi/4.7.4/../../../../arm-none-eabi/lib\libc_s.a(lib_a-memset.o)
                0x20007054                memset
 .text._realloc_r
                0x20007070       0x80 c:/isis/application/toolchain/bin/../lib/gcc/arm-none-eabi/4.7.4/../../../../arm-none-eabi/lib\libc_s.a(lib_a-reallocr.o)
                0x20007070                _realloc_r
 .text.strncmp  0x200070f0       0x64 c:/isis/application/toolchain/bin/../lib/gcc/arm-none-eabi/4.7.4/../../../../arm-none-eabi/lib\libc_s.a(lib_a-strncmp.o)
                0x200070f0                strncmp
 .text._malloc_usable_size_r
                0x20007154       0x1c c:/isis/application/toolchain/bin/../lib/gcc/arm-none-eabi/4.7.4/../../../../arm-none-eabi/lib\libc_s.a(lib_a-msizer.o)
                0x20007154                _malloc_usable_size_r
 .text.cmd_error
                0x20007170       0x38 ./src/sub-systemCode/Main/CMD/COMM_CMD.o
                0x20007170                cmd_error
 .text.cmd_mute
                0x200071a8       0xc4 ./src/sub-systemCode/Main/CMD/COMM_CMD.o
                0x200071a8                cmd_mute
 .text.cmd_unmute
                0x2000726c       0x4c ./src/sub-systemCode/Main/CMD/COMM_CMD.o
                0x2000726c                cmd_unmute
 .text.cmd_active_trans
                0x200072b8       0xc0 ./src/sub-systemCode/Main/CMD/COMM_CMD.o
                0x200072b8                cmd_active_trans
 .text.cmd_shut_trans
                0x20007378       0x38 ./src/sub-systemCode/Main/CMD/COMM_CMD.o
                0x20007378                cmd_shut_trans
 .text.cmd_change_trans_rssi
                0x200073b0       0xb8 ./src/sub-systemCode/Main/CMD/COMM_CMD.o
                0x200073b0                cmd_change_trans_rssi
 .text.cmd_aprs_dump
                0x20007468       0x50 ./src/sub-systemCode/Main/CMD/COMM_CMD.o
                0x20007468                cmd_aprs_dump
 .text.cmd_stop_dump
                0x200074b8       0x38 ./src/sub-systemCode/Main/CMD/COMM_CMD.o
                0x200074b8                cmd_stop_dump
 .text.cmd_time_frequency
                0x200074f0       0xc0 ./src/sub-systemCode/Main/CMD/COMM_CMD.o
                0x200074f0                cmd_time_frequency
 .text.cmd_upload_volt_logic
                0x200075b0      0x3d0 ./src/sub-systemCode/Main/CMD/EPS_CMD.o
                0x200075b0                cmd_upload_volt_logic
 .text.cmd_upload_volt_COMM
                0x20007980      0x1c8 ./src/sub-systemCode/Main/CMD/EPS_CMD.o
                0x20007980                cmd_upload_volt_COMM
 .text.cmd_heater_temp
                0x20007b48       0xc0 ./src/sub-systemCode/Main/CMD/EPS_CMD.o
                0x20007b48                cmd_heater_temp
 .text.cmd_SHUT_CAM
                0x20007c08       0x6c ./src/sub-systemCode/Main/CMD/EPS_CMD.o
                0x20007c08                cmd_SHUT_CAM
 .text.cmd_SHUT_ADCS
                0x20007c74       0x6c ./src/sub-systemCode/Main/CMD/EPS_CMD.o
                0x20007c74                cmd_SHUT_ADCS
 .text.cmd_allow_CAM
                0x20007ce0       0x6c ./src/sub-systemCode/Main/CMD/EPS_CMD.o
                0x20007ce0                cmd_allow_CAM
 .text.cmd_allow_ADCS
                0x20007d4c       0x6c ./src/sub-systemCode/Main/CMD/EPS_CMD.o
                0x20007d4c                cmd_allow_ADCS
 .text.cmd_generic_I2C
                0x20007db8       0xb8 ./src/sub-systemCode/Main/CMD/General_CMD.o
                0x20007db8                cmd_generic_I2C
 .text.cmd_dump
                0x20007e70       0xf0 ./src/sub-systemCode/Main/CMD/General_CMD.o
                0x20007e70                cmd_dump
 .text.cmd_delete_TM
                0x20007f60      0x1dc ./src/sub-systemCode/Main/CMD/General_CMD.o
                0x20007f60                cmd_delete_TM
 .text.cmd_reset_file
                0x2000813c      0x110 ./src/sub-systemCode/Main/CMD/General_CMD.o
                0x2000813c                cmd_reset_file
 .text.cmd_dummy_func
                0x2000824c       0x40 ./src/sub-systemCode/Main/CMD/General_CMD.o
                0x2000824c                cmd_dummy_func
 .text.cmd_soft_reset_cmponent
                0x2000828c       0xb0 ./src/sub-systemCode/Main/CMD/General_CMD.o
                0x2000828c                cmd_soft_reset_cmponent
 .text.cmd_hard_reset_cmponent
                0x2000833c       0xb0 ./src/sub-systemCode/Main/CMD/General_CMD.o
                0x2000833c                cmd_hard_reset_cmponent
 .text.cmd_reset_satellite
                0x200083ec       0x78 ./src/sub-systemCode/Main/CMD/General_CMD.o
                0x200083ec                cmd_reset_satellite
 .text.cmd_gracefull_reset_satellite
                0x20008464       0x78 ./src/sub-systemCode/Main/CMD/General_CMD.o
                0x20008464                cmd_gracefull_reset_satellite
 .text.cmd_upload_time
                0x200084dc       0xb0 ./src/sub-systemCode/Main/CMD/General_CMD.o
                0x200084dc                cmd_upload_time
 .text.cmd_ARM_DIARM
                0x2000858c       0xd4 ./src/sub-systemCode/Main/CMD/General_CMD.o
                0x2000858c                cmd_ARM_DIARM
 .text.cmd_reset_delayed_command_list
                0x20008660       0x3c ./src/sub-systemCode/Main/CMD/SW_CMD.o
                0x20008660                cmd_reset_delayed_command_list
 .text.cmd_reset_APRS_list
                0x2000869c       0x3c ./src/sub-systemCode/Main/CMD/SW_CMD.o
                0x2000869c                cmd_reset_APRS_list
 .text.cmd_reset_FRAM
                0x200086d8       0xe8 ./src/sub-systemCode/Main/CMD/SW_CMD.o
                0x200086d8                cmd_reset_FRAM
 .text.ARM_ants
                0x200087c0       0xb8 ./src/sub-systemCode/Main/Ants.o
                0x200087c0                ARM_ants
 .text.DISARM_ants
                0x20008878       0xb8 ./src/sub-systemCode/Main/Ants.o
                0x20008878                DISARM_ants
 .text.round_vol
                0x20008930      0x124 ./src/sub-systemCode/Main/EPS.o
                0x20008930                round_vol
 .text.get_shut_ADCS
                0x20008a54       0x48 ./src/sub-systemCode/Main/EPS.o
                0x20008a54                get_shut_ADCS
 .text.shut_ADCS
                0x20008a9c       0x44 ./src/sub-systemCode/Main/EPS.o
                0x20008a9c                shut_ADCS
 .text.get_shut_CAM
                0x20008ae0       0x48 ./src/sub-systemCode/Main/EPS.o
                0x20008ae0                get_shut_CAM
 .text.shut_CAM
                0x20008b28       0x44 ./src/sub-systemCode/Main/EPS.o
                0x20008b28                shut_CAM
 .text.update_powerLines
                0x20008b6c       0xec ./src/sub-systemCode/Main/EPS.o
                0x20008b6c                update_powerLines
 .text.init_enterMode
                0x20008c58       0x88 ./src/sub-systemCode/Main/EPS.o
                0x20008c58                init_enterMode
 .text.EPS_Init
                0x20008ce0      0x1c8 ./src/sub-systemCode/Main/EPS.o
                0x20008ce0                EPS_Init
 .text.reset_FRAM_EPS
                0x20008ea8       0xa4 ./src/sub-systemCode/Main/EPS.o
                0x20008ea8                reset_FRAM_EPS
 .text.reset_EPS_voltages
                0x20008f4c       0xbc ./src/sub-systemCode/Main/EPS.o
                0x20008f4c                reset_EPS_voltages
 .text.battery_downward
                0x20009008      0x114 ./src/sub-systemCode/Main/EPS.o
                0x20009008                battery_downward
 .text.battery_upward
                0x2000911c      0x120 ./src/sub-systemCode/Main/EPS.o
                0x2000911c                battery_upward
 .text.EPS_Conditioning
                0x2000923c      0x1a4 ./src/sub-systemCode/Main/EPS.o
                0x2000923c                EPS_Conditioning
 .text.overRide_ADCS
                0x200093e0       0x50 ./src/sub-systemCode/Main/EPS.o
                0x200093e0                overRide_ADCS
 .text.overRide_Camera
                0x20009430       0x38 ./src/sub-systemCode/Main/EPS.o
                0x20009430                overRide_Camera
 .text.EnterFullMode
                0x20009468       0xfc ./src/sub-systemCode/Main/EPS.o
                0x20009468                EnterFullMode
 .text.EnterCruiseMode
                0x20009564       0xec ./src/sub-systemCode/Main/EPS.o
                0x20009564                EnterCruiseMode
 .text.EnterSafeMode
                0x20009650       0xec ./src/sub-systemCode/Main/EPS.o
                0x20009650                EnterSafeMode
 .text.EnterCriticalMode
                0x2000973c       0xd8 ./src/sub-systemCode/Main/EPS.o
                0x2000973c                EnterCriticalMode
 .text.find_fileName
                0x20009814      0x59c ./src/sub-systemCode/Main/HouseKeeping.o
                0x20009814                find_fileName
 .text.size_of_element
                0x20009db0       0xd4 ./src/sub-systemCode/Main/HouseKeeping.o
                0x20009db0                size_of_element
 .text.save_ACK
                0x20009e84       0xa0 ./src/sub-systemCode/Main/HouseKeeping.o
                0x20009e84                save_ACK
 .text.set_GP_EPS
                0x20009f24      0x10c ./src/sub-systemCode/Main/HouseKeeping.o
                0x20009f24                set_GP_EPS
 .text.set_GP_COMM
                0x2000a030       0x88 ./src/sub-systemCode/Main/HouseKeeping.o
                0x2000a030                set_GP_COMM
 .text.SP_HK_collect
                0x2000a0b8      0x17c ./src/sub-systemCode/Main/HouseKeeping.o
                0x2000a0b8                SP_HK_collect
 .text.EPS_HK_collect
                0x2000a234      0x4d8 ./src/sub-systemCode/Main/HouseKeeping.o
                0x2000a234                EPS_HK_collect
 .text.CAM_HK_collect
                0x2000a70c      0x91c ./src/sub-systemCode/Main/HouseKeeping.o
                0x2000a70c                CAM_HK_collect
 .text.COMM_HK_collect
                0x2000b028      0x154 ./src/sub-systemCode/Main/HouseKeeping.o
                0x2000b028                COMM_HK_collect
 .text.COMM_create_file
                0x2000b17c       0x74 ./src/sub-systemCode/Main/HouseKeeping.o
                0x2000b17c                COMM_create_file
 .text.ACK_create_file
                0x2000b1f0       0x74 ./src/sub-systemCode/Main/HouseKeeping.o
                0x2000b1f0                ACK_create_file
 .text.EPS_create_file
                0x2000b264       0x74 ./src/sub-systemCode/Main/HouseKeeping.o
                0x2000b264                EPS_create_file
 .text.CAM_create_file
                0x2000b2d8       0x54 ./src/sub-systemCode/Main/HouseKeeping.o
                0x2000b2d8                CAM_create_file
 .text.SP_create_file
                0x2000b32c       0x54 ./src/sub-systemCode/Main/HouseKeeping.o
                0x2000b32c                SP_create_file
 .text.create_files
                0x2000b380       0x48 ./src/sub-systemCode/Main/HouseKeeping.o
                0x2000b380                create_files
 .text.save_SP_HK
                0x2000b3c8       0x70 ./src/sub-systemCode/Main/HouseKeeping.o
                0x2000b3c8                save_SP_HK
 .text.save_EPS_HK
                0x2000b438       0x70 ./src/sub-systemCode/Main/HouseKeeping.o
                0x2000b438                save_EPS_HK
 .text.save_CAM_HK
                0x2000b4a8       0x84 ./src/sub-systemCode/Main/HouseKeeping.o
                0x2000b4a8                save_CAM_HK
 .text.save_COMM_HK
                0x2000b52c       0x70 ./src/sub-systemCode/Main/HouseKeeping.o
                0x2000b52c                save_COMM_HK
 .text.EPS_HK_raw_BigEnE
                0x2000b59c      0x194 ./src/sub-systemCode/Main/HouseKeeping.o
                0x2000b59c                EPS_HK_raw_BigEnE
 .text.CAM_HK_raw_BigEnE
                0x2000b730      0x194 ./src/sub-systemCode/Main/HouseKeeping.o
                0x2000b730                CAM_HK_raw_BigEnE
 .text.COMM_HK_raw_BigEnE
                0x2000b8c4      0x194 ./src/sub-systemCode/Main/HouseKeeping.o
                0x2000b8c4                COMM_HK_raw_BigEnE
 .text.ADCS_HK_raw_BigEnE
                0x2000ba58      0x194 ./src/sub-systemCode/Main/HouseKeeping.o
                0x2000ba58                ADCS_HK_raw_BigEnE
 .text.ADCS_SC_raw_BigEnE
                0x2000bbec      0x188 ./src/sub-systemCode/Main/HouseKeeping.o
                0x2000bbec                ADCS_SC_raw_BigEnE
 .text.build_HK_spl_packet
                0x2000bd74      0x990 ./src/sub-systemCode/Main/HouseKeeping.o
                0x2000bd74                build_HK_spl_packet
 .text.HouseKeeping_highRate_Task
                0x2000c704       0x60 ./src/sub-systemCode/Main/HouseKeeping.o
                0x2000c704                HouseKeeping_highRate_Task
 .text.HouseKeeping_lowRate_Task
                0x2000c764       0x5c ./src/sub-systemCode/Main/HouseKeeping.o
                0x2000c764                HouseKeeping_lowRate_Task
 .text.test_menu
                0x2000c7c0       0xd8 ./src/sub-systemCode/Main/Main_Init.o
                0x2000c7c0                test_menu
 .text.numberOfRestarts
                0x2000c898       0x94 ./src/sub-systemCode/Main/Main_Init.o
                0x2000c898                numberOfRestarts
 .text.StartFRAM
                0x2000c92c       0x38 ./src/sub-systemCode/Main/Main_Init.o
                0x2000c92c                StartFRAM
 .text.StartI2C
                0x2000c964       0x44 ./src/sub-systemCode/Main/Main_Init.o
                0x2000c964                StartI2C
 .text.StartSPI
                0x2000c9a8       0x40 ./src/sub-systemCode/Main/Main_Init.o
                0x2000c9a8                StartSPI
 .text.StartTIME
                0x2000c9e8      0x118 ./src/sub-systemCode/Main/Main_Init.o
                0x2000c9e8                StartTIME
 .text.first_activation
                0x2000cb00       0x78 ./src/sub-systemCode/Main/Main_Init.o
                0x2000cb00                first_activation
 .text.InitSubsystems
                0x2000cb78       0x64 ./src/sub-systemCode/Main/Main_Init.o
                0x2000cb78                InitSubsystems
 .text.SubSystemTaskStart
                0x2000cbdc       0xe8 ./src/sub-systemCode/Main/Main_Init.o
                0x2000cbdc                SubSystemTaskStart
 .text.copy_command
                0x2000ccc4       0x80 ./src/sub-systemCode/Main/commands.o
                0x2000ccc4                copy_command
 .text.reset_command
                0x2000cd44       0x28 ./src/sub-systemCode/Main/commands.o
                0x2000cd44                reset_command
 .text.init_command
                0x2000cd6c       0xd4 ./src/sub-systemCode/Main/commands.o
                0x2000cd6c                init_command
 .text.add_command
                0x2000ce40      0x138 ./src/sub-systemCode/Main/commands.o
                0x2000ce40                add_command
 .text.get_command
                0x2000cf78      0x1cc ./src/sub-systemCode/Main/commands.o
                0x2000cf78                get_command
 .text.act_upon_command
                0x2000d144      0x200 ./src/sub-systemCode/Main/commands.o
                0x2000d144                act_upon_command
 .text.AUC_COMM
                0x2000d344      0x200 ./src/sub-systemCode/Main/commands.o
                0x2000d344                AUC_COMM
 .text.AUC_general
                0x2000d544      0x17c ./src/sub-systemCode/Main/commands.o
                0x2000d544                AUC_general
 .text.AUC_payload
                0x2000d6c0      0x110 ./src/sub-systemCode/Main/commands.o
                0x2000d6c0                AUC_payload
 .text.AUC_EPS  0x2000d7d0      0x248 ./src/sub-systemCode/Main/commands.o
                0x2000d7d0                AUC_EPS
 .text.AUC_ADCS
                0x2000da18       0x5c ./src/sub-systemCode/Main/commands.o
                0x2000da18                AUC_ADCS
 .text.AUC_GS   0x2000da74      0x1fc ./src/sub-systemCode/Main/commands.o
                0x2000da74                AUC_GS
 .text.AUC_SW   0x2000dc70       0xe4 ./src/sub-systemCode/Main/commands.o
                0x2000dc70                AUC_SW
 .text.AUC_special_operation
                0x2000dd54       0x8c ./src/sub-systemCode/Main/commands.o
                0x2000dd54                AUC_special_operation
 .text.check_int
                0x2000dde0       0x3c ./src/sub-systemCode/Global/Global.o
                0x2000dde0                check_int
 .text.check_portBASE_TYPE
                0x2000de1c       0x3c ./src/sub-systemCode/Global/Global.o
                0x2000de1c                check_portBASE_TYPE
 .text.soft_reset_subsystem
                0x2000de58       0xd8 ./src/sub-systemCode/Global/Global.o
                0x2000de58                soft_reset_subsystem
 .text.hard_reset_subsystem
                0x2000df30      0x104 ./src/sub-systemCode/Global/Global.o
                0x2000df30                hard_reset_subsystem
 .text.BigEnE_raw_to_uInt
                0x2000e034       0x94 ./src/sub-systemCode/Global/Global.o
                0x2000e034                BigEnE_raw_to_uInt
 .text.BigEnE_raw_to_uShort
                0x2000e0c8       0x50 ./src/sub-systemCode/Global/Global.o
                0x2000e0c8                BigEnE_raw_to_uShort
 .text.BigEnE_uInt_to_raw
                0x2000e118       0x78 ./src/sub-systemCode/Global/Global.o
                0x2000e118                BigEnE_uInt_to_raw
 .text.reset_FRAM_MAIN
                0x2000e190      0x19c ./src/sub-systemCode/Global/Global.o
                0x2000e190                reset_FRAM_MAIN
 .text.init_GP  0x2000e32c      0x300 ./src/sub-systemCode/Global/GlobalParam.o
                0x2000e32c                init_GP
 .text.get_system_state
                0x2000e62c      0x268 ./src/sub-systemCode/Global/GlobalParam.o
                0x2000e62c                get_system_state
 .text.set_system_state
                0x2000e894      0x298 ./src/sub-systemCode/Global/GlobalParam.o
                0x2000e894                set_system_state
 .text.get_current_global_param
                0x2000eb2c      0x5c8 ./src/sub-systemCode/Global/GlobalParam.o
                0x2000eb2c                get_current_global_param
 .text.set_Vbatt
                0x2000f0f4       0x8c ./src/sub-systemCode/Global/GlobalParam.o
                0x2000f0f4                set_Vbatt
 .text.get_Vbatt
                0x2000f180       0x8c ./src/sub-systemCode/Global/GlobalParam.o
                0x2000f180                get_Vbatt
 .text.set_curBat
                0x2000f20c       0x8c ./src/sub-systemCode/Global/GlobalParam.o
                0x2000f20c                set_curBat
 .text.set_cur3V3
                0x2000f298       0x8c ./src/sub-systemCode/Global/GlobalParam.o
                0x2000f298                set_cur3V3
 .text.set_cur5V
                0x2000f324       0x8c ./src/sub-systemCode/Global/GlobalParam.o
                0x2000f324                set_cur5V
 .text.set_tempComm_LO
                0x2000f3b0       0x8c ./src/sub-systemCode/Global/GlobalParam.o
                0x2000f3b0                set_tempComm_LO
 .text.set_tempComm_PA
                0x2000f43c       0x8c ./src/sub-systemCode/Global/GlobalParam.o
                0x2000f43c                set_tempComm_PA
 .text.set_tempEPS
                0x2000f4c8       0xc8 ./src/sub-systemCode/Global/GlobalParam.o
                0x2000f4c8                set_tempEPS
 .text.set_tempBatt
                0x2000f590       0xc8 ./src/sub-systemCode/Global/GlobalParam.o
                0x2000f590                set_tempBatt
 .text.set_RxDoppler
                0x2000f658       0x8c ./src/sub-systemCode/Global/GlobalParam.o
                0x2000f658                set_RxDoppler
 .text.set_RxRSSI
                0x2000f6e4       0x8c ./src/sub-systemCode/Global/GlobalParam.o
                0x2000f6e4                set_RxRSSI
 .text.set_TxRefl
                0x2000f770       0x8c ./src/sub-systemCode/Global/GlobalParam.o
                0x2000f770                set_TxRefl
 .text.set_TxForw
                0x2000f7fc       0x8c ./src/sub-systemCode/Global/GlobalParam.o
                0x2000f7fc                set_TxForw
 .text.get_ST   0x2000f888       0x8c ./src/sub-systemCode/Global/GlobalParam.o
                0x2000f888                get_ST
 .text.set_numOfAPRS
                0x2000f914       0x8c ./src/sub-systemCode/Global/GlobalParam.o
                0x2000f914                set_numOfAPRS
 .text.set_numOfDelayedCommand
                0x2000f9a0       0x8c ./src/sub-systemCode/Global/GlobalParam.o
                0x2000f9a0                set_numOfDelayedCommand
 .text.set_numOfResets
                0x2000fa2c       0xac ./src/sub-systemCode/Global/GlobalParam.o
                0x2000fa2c                set_numOfResets
 .text.set_ground_conn
                0x2000fad8       0xa0 ./src/sub-systemCode/Global/GlobalParam.o
                0x2000fad8                set_ground_conn
 .text.get_ground_conn
                0x2000fb78       0xa0 ./src/sub-systemCode/Global/GlobalParam.o
                0x2000fb78                get_ground_conn
 .text.delete_allTMFilesFromSD
                0x2000fc18       0xf8 ./src/sub-systemCode/Global/TM_managment.o
                0x2000fc18                delete_allTMFilesFromSD
 .text.getNumOfFilesInFS
                0x2000fd10       0x44 ./src/sub-systemCode/Global/TM_managment.o
 .text.setNumOfFilesInFS
                0x2000fd54       0x50 ./src/sub-systemCode/Global/TM_managment.o
 .text.InitializeFS
                0x2000fda4      0x174 ./src/sub-systemCode/Global/TM_managment.o
                0x2000fda4                InitializeFS
 .text.c_fileCreate
                0x2000ff18       0xf4 ./src/sub-systemCode/Global/TM_managment.o
                0x2000ff18                c_fileCreate
 .text.writewithEpochtime
                0x2001000c       0x9c ./src/sub-systemCode/Global/TM_managment.o
 .text.get_C_FILE_struct
                0x200100a8      0x104 ./src/sub-systemCode/Global/TM_managment.o
 .text.getFileIndex
                0x200101ac       0x4c ./src/sub-systemCode/Global/TM_managment.o
 .text.get_file_name_by_index
                0x200101f8       0x54 ./src/sub-systemCode/Global/TM_managment.o
                0x200101f8                get_file_name_by_index
 .text.c_fileReset
                0x2001024c       0xbc ./src/sub-systemCode/Global/TM_managment.o
                0x2001024c                c_fileReset
 .text.c_fileWrite
                0x20010308      0x11c ./src/sub-systemCode/Global/TM_managment.o
                0x20010308                c_fileWrite
 .text.c_fileRead
                0x20010424      0x28c ./src/sub-systemCode/Global/TM_managment.o
                0x20010424                c_fileRead
 .text.reset_APRS_list
                0x200106b0       0xa4 ./src/sub-systemCode/COMM/APRS.o
                0x200106b0                reset_APRS_list
 .text.send_APRS_Dump
                0x20010754      0x1c4 ./src/sub-systemCode/COMM/APRS.o
                0x20010754                send_APRS_Dump
 .text.check_APRS
                0x20010918      0x1a4 ./src/sub-systemCode/COMM/APRS.o
                0x20010918                check_APRS
 .text.get_APRS_list
                0x20010abc       0x88 ./src/sub-systemCode/COMM/APRS.o
                0x20010abc                get_APRS_list
 .text.find_CMD_in_list
                0x20010b44       0x7c ./src/sub-systemCode/COMM/DelayedCommand_list.o
                0x20010b44                find_CMD_in_list
 .text.find_empty_in_list
                0x20010bc0       0x74 ./src/sub-systemCode/COMM/DelayedCommand_list.o
                0x20010bc0                find_empty_in_list
 .text.check_delayCommandTime
                0x20010c34       0x8c ./src/sub-systemCode/COMM/DelayedCommand_list.o
                0x20010c34                check_delayCommandTime
 .text.execute_delayedCommand
                0x20010cc0       0x64 ./src/sub-systemCode/COMM/DelayedCommand_list.o
                0x20010cc0                execute_delayedCommand
 .text.check_delaycommand
                0x20010d24      0x17c ./src/sub-systemCode/COMM/DelayedCommand_list.o
                0x20010d24                check_delaycommand
 .text.reset_delayCommand
                0x20010ea0       0x8c ./src/sub-systemCode/COMM/DelayedCommand_list.o
                0x20010ea0                reset_delayCommand
 .text.add_delayCommand
                0x20010f2c      0x1a4 ./src/sub-systemCode/COMM/DelayedCommand_list.o
                0x20010f2c                add_delayCommand
 .text.get_delayCommand_list
                0x200110d0       0x80 ./src/sub-systemCode/COMM/DelayedCommand_list.o
                0x200110d0                get_delayCommand_list
 .text.EmptyOldestCommand
                0x20011150       0xfc ./src/sub-systemCode/COMM/DelayedCommand_list.o
                0x20011150                EmptyOldestCommand
 .text.decode_TCpacket
                0x2001124c      0x16c ./src/sub-systemCode/COMM/GSC.o
                0x2001124c                decode_TCpacket
 .text.encode_TCpacket
                0x200113b8      0x114 ./src/sub-systemCode/COMM/GSC.o
                0x200113b8                encode_TCpacket
 .text.encode_TMpacket
                0x200114cc      0x104 ./src/sub-systemCode/COMM/GSC.o
                0x200114cc                encode_TMpacket
 .text.build_raw_ACK
                0x200115d0       0xbc ./src/sub-systemCode/COMM/GSC.o
                0x200115d0                build_raw_ACK
 .text.build_data_field_ACK
                0x2001168c       0x74 ./src/sub-systemCode/COMM/GSC.o
                0x2001168c                build_data_field_ACK
 .text.init_trxvu
                0x20011700      0x134 ./src/sub-systemCode/COMM/TRXVU.o
                0x20011700                init_trxvu
 .text.TRXVU_task
                0x20011834      0x18c ./src/sub-systemCode/COMM/TRXVU.o
                0x20011834                TRXVU_task
 .text.dump_logic
                0x200119c0      0x2ec ./src/sub-systemCode/COMM/TRXVU.o
                0x200119c0                dump_logic
 .text.Dump_task
                0x20011cac      0x16c ./src/sub-systemCode/COMM/TRXVU.o
                0x20011cac                Dump_task
 .text.transponder_logic
                0x20011e18       0xbc ./src/sub-systemCode/COMM/TRXVU.o
                0x20011e18                transponder_logic
 .text.Transponder_task
                0x20011ed4      0x1e0 ./src/sub-systemCode/COMM/TRXVU.o
                0x20011ed4                Transponder_task
 .text.lookForRequestToDelete_transponder
                0x200120b4       0xac ./src/sub-systemCode/COMM/TRXVU.o
                0x200120b4                lookForRequestToDelete_transponder
 .text.lookForRequestToDelete_dump
                0x20012160       0x7c ./src/sub-systemCode/COMM/TRXVU.o
                0x20012160                lookForRequestToDelete_dump
 .text.sendRequestToStop_dump
                0x200121dc       0x8c ./src/sub-systemCode/COMM/TRXVU.o
                0x200121dc                sendRequestToStop_dump
 .text.sendRequestToStop_transponder
                0x20012268       0x98 ./src/sub-systemCode/COMM/TRXVU.o
                0x20012268                sendRequestToStop_transponder
 .text.Rx_logic
                0x20012300      0x188 ./src/sub-systemCode/COMM/TRXVU.o
                0x20012300                Rx_logic
 .text.pass_above_Ground
                0x20012488      0x104 ./src/sub-systemCode/COMM/TRXVU.o
                0x20012488                pass_above_Ground
 .text.trxvu_logic
                0x2001258c       0x1c ./src/sub-systemCode/COMM/TRXVU.o
                0x2001258c                trxvu_logic
 .text.Beacon_task
                0x200125a8      0x1d8 ./src/sub-systemCode/COMM/TRXVU.o
                0x200125a8                Beacon_task
 .text.buildAndSend_beacon
                0x20012780      0x614 ./src/sub-systemCode/COMM/TRXVU.o
                0x20012780                buildAndSend_beacon
 .text.reset_FRAM_TRXVU
                0x20012d94       0xc0 ./src/sub-systemCode/COMM/TRXVU.o
                0x20012d94                reset_FRAM_TRXVU
 .text.TRX_sendFrame
                0x20012e54      0x23c ./src/sub-systemCode/COMM/TRXVU.o
                0x20012e54                TRX_sendFrame
 .text.TRX_getFrameData
                0x20013090      0x128 ./src/sub-systemCode/COMM/TRXVU.o
                0x20013090                TRX_getFrameData
 .text.mute_Tx  0x200131b8       0x20 ./src/sub-systemCode/COMM/TRXVU.o
                0x200131b8                mute_Tx
 .text.unmute_Tx
                0x200131d8       0x54 ./src/sub-systemCode/COMM/TRXVU.o
                0x200131d8                unmute_Tx
 .text.check_time_off_mute
                0x2001322c       0x74 ./src/sub-systemCode/COMM/TRXVU.o
                0x2001322c                check_time_off_mute
 .text.set_mute_time
                0x200132a0       0xb4 ./src/sub-systemCode/COMM/TRXVU.o
                0x200132a0                set_mute_time
 .text.change_TRXVU_state
                0x20013354       0x98 ./src/sub-systemCode/COMM/TRXVU.o
                0x20013354                change_TRXVU_state
 .text.change_trans_RSSI
                0x200133ec       0x60 ./src/sub-systemCode/COMM/TRXVU.o
                0x200133ec                change_trans_RSSI
 .text.init_adcs
                0x2001344c      0x104 ./src/sub-systemCode/ADCS/ADCS.o
                0x2001344c                init_adcs
 .text.telemtryStart
                0x20013550      0x16c ./src/sub-systemCode/ADCS/Stage_Table.o
                0x20013550                telemtryStart
 .text.powerStart
                0x200136bc       0x5c ./src/sub-systemCode/ADCS/Stage_Table.o
                0x200136bc                powerStart
 .text.createTable
                0x20013718       0xb4 ./src/sub-systemCode/ADCS/Stage_Table.o
                0x20013718                createTable
 .text.buildControlMode
                0x200137cc       0x60 ./src/sub-systemCode/ADCS/Stage_Table.o
                0x200137cc                buildControlMode
 .text.Check_Table
                0x2001382c      0x178 ./src/sub-systemCode/ADCS/Stage_Table.o
                0x2001382c                Check_Table
 .text.updateTable
                0x200139a4      0x1f0 ./src/sub-systemCode/ADCS/Stage_Table.o
                0x200139a4                updateTable
 .text.translateCommandFULL
                0x20013b94       0x78 ./src/sub-systemCode/ADCS/Stage_Table.o
                0x20013b94                translateCommandFULL
 .text.getTableTo
                0x20013c0c       0x64 ./src/sub-systemCode/ADCS/Stage_Table.o
                0x20013c0c                getTableTo
 .text.save_time
                0x20013c70       0x9c ./src/main.o
                0x20013c70                save_time
 .text.Command_logic
                0x20013d0c       0x6c ./src/main.o
                0x20013d0c                Command_logic
 .text.taskMain
                0x20013d78       0x74 ./src/main.o
                0x20013d78                taskMain
 .text.main     0x20013dec       0xb8 ./src/main.o
                0x20013dec                main
 .text.GomEpsInitialize
                0x20013ea4      0x148 C:/Hoopoe3/satellite-subsystems/demo/..//satellite-subsystems/lib\libSatelliteSubsystemsD.a(GomEPS.o)
                0x20013ea4                GomEpsInitialize
 .text.makeEPStransfer
                0x20013fec       0x3c C:/Hoopoe3/satellite-subsystems/demo/..//satellite-subsystems/lib\libSatelliteSubsystemsD.a(GomEPS.o)
 .text.GomEpsSoftReset
                0x20014028       0xc4 C:/Hoopoe3/satellite-subsystems/demo/..//satellite-subsystems/lib\libSatelliteSubsystemsD.a(GomEPS.o)
                0x20014028                GomEpsSoftReset
 .text.GomEpsHardReset
                0x200140ec       0xa8 C:/Hoopoe3/satellite-subsystems/demo/..//satellite-subsystems/lib\libSatelliteSubsystemsD.a(GomEPS.o)
                0x200140ec                GomEpsHardReset
 .text.GomEpsGetHkData_general
                0x20014194      0x45c C:/Hoopoe3/satellite-subsystems/demo/..//satellite-subsystems/lib\libSatelliteSubsystemsD.a(GomEPS.o)
                0x20014194                GomEpsGetHkData_general
 .text.GomEpsGetHkData_basic
                0x200145f0      0x22c C:/Hoopoe3/satellite-subsystems/demo/..//satellite-subsystems/lib\libSatelliteSubsystemsD.a(GomEPS.o)
                0x200145f0                GomEpsGetHkData_basic
 .text.GomEpsSetOutput
                0x2001481c       0xbc C:/Hoopoe3/satellite-subsystems/demo/..//satellite-subsystems/lib\libSatelliteSubsystemsD.a(GomEPS.o)
                0x2001481c                GomEpsSetOutput
 .text.GomEpsConfigSet
                0x200148d8      0x184 C:/Hoopoe3/satellite-subsystems/demo/..//satellite-subsystems/lib\libSatelliteSubsystemsD.a(GomEPS.o)
                0x200148d8                GomEpsConfigSet
 .text.makeAntStransfer
                0x20014a5c       0x4c C:/Hoopoe3/satellite-subsystems/demo/..//satellite-subsystems/lib\libSatelliteSubsystemsD.a(IsisAntS.o)
 .text.checkInputsValid
                0x20014aa8       0x7c C:/Hoopoe3/satellite-subsystems/demo/..//satellite-subsystems/lib\libSatelliteSubsystemsD.a(IsisAntS.o)
 .text.IsisAntS_setArmStatus
                0x20014b24      0x104 C:/Hoopoe3/satellite-subsystems/demo/..//satellite-subsystems/lib\libSatelliteSubsystemsD.a(IsisAntS.o)
                0x20014b24                IsisAntS_setArmStatus
 .text.IsisAntS_reset
                0x20014c28      0x104 C:/Hoopoe3/satellite-subsystems/demo/..//satellite-subsystems/lib\libSatelliteSubsystemsD.a(IsisAntS.o)
                0x20014c28                IsisAntS_reset
 .text.IsisSolarPanelv2_initialize
                0x20014d2c       0xb4 C:/Hoopoe3/satellite-subsystems/demo/..//satellite-subsystems/lib\libSatelliteSubsystemsD.a(IsisSolarPanelv2.o)
                0x20014d2c                IsisSolarPanelv2_initialize
 .text.IsisSolarPanelv2_getTemperature
                0x20014de0       0xc8 C:/Hoopoe3/satellite-subsystems/demo/..//satellite-subsystems/lib\libSatelliteSubsystemsD.a(IsisSolarPanelv2.o)
                0x20014de0                IsisSolarPanelv2_getTemperature
 .text.IsisSolarPanelv2_sleep
                0x20014ea8       0xbc C:/Hoopoe3/satellite-subsystems/demo/..//satellite-subsystems/lib\libSatelliteSubsystemsD.a(IsisSolarPanelv2.o)
                0x20014ea8                IsisSolarPanelv2_sleep
 .text.IsisSolarPanelv2_wakeup
                0x20014f64       0x80 C:/Hoopoe3/satellite-subsystems/demo/..//satellite-subsystems/lib\libSatelliteSubsystemsD.a(IsisSolarPanelv2.o)
                0x20014f64                IsisSolarPanelv2_wakeup
 .text._Reset   0x20014fe4       0x20 C:/Hoopoe3/satellite-subsystems/demo/..//satellite-subsystems/lib\libSatelliteSubsystemsD.a(IsisSolarPanelv2.o)
 .text._WaitForStartup
                0x20015004       0x90 C:/Hoopoe3/satellite-subsystems/demo/..//satellite-subsystems/lib\libSatelliteSubsystemsD.a(IsisSolarPanelv2.o)
 .text._AssignAllChannels
                0x20015094       0x90 C:/Hoopoe3/satellite-subsystems/demo/..//satellite-subsystems/lib\libSatelliteSubsystemsD.a(IsisSolarPanelv2.o)
 .text._AssignThisChannel
                0x20015124       0xe8 C:/Hoopoe3/satellite-subsystems/demo/..//satellite-subsystems/lib\libSatelliteSubsystemsD.a(IsisSolarPanelv2.o)
 .text._InitiateConversion
                0x2001520c       0xac C:/Hoopoe3/satellite-subsystems/demo/..//satellite-subsystems/lib\libSatelliteSubsystemsD.a(IsisSolarPanelv2.o)
 .text._WaitForConversionComplete
                0x200152b8      0x100 C:/Hoopoe3/satellite-subsystems/demo/..//satellite-subsystems/lib\libSatelliteSubsystemsD.a(IsisSolarPanelv2.o)
 .text._ReadResult
                0x200153b8      0x158 C:/Hoopoe3/satellite-subsystems/demo/..//satellite-subsystems/lib\libSatelliteSubsystemsD.a(IsisSolarPanelv2.o)
 .text._ExtractByte
                0x20015510       0x38 C:/Hoopoe3/satellite-subsystems/demo/..//satellite-subsystems/lib\libSatelliteSubsystemsD.a(IsisSolarPanelv2.o)
 .text._ExtendSign
                0x20015548       0x6c C:/Hoopoe3/satellite-subsystems/demo/..//satellite-subsystems/lib\libSatelliteSubsystemsD.a(IsisSolarPanelv2.o)
 .text._PinsInit
                0x200155b4       0x50 C:/Hoopoe3/satellite-subsystems/demo/..//satellite-subsystems/lib\libSatelliteSubsystemsD.a(IsisSolarPanelv2.o)
 .text._SpiWriteRead
                0x20015604       0x70 C:/Hoopoe3/satellite-subsystems/demo/..//satellite-subsystems/lib\libSatelliteSubsystemsD.a(IsisSolarPanelv2.o)
 .text.IsisTrxvu_initialize
                0x20015674      0x2f4 C:/Hoopoe3/satellite-subsystems/demo/..//satellite-subsystems/lib\libSatelliteSubsystemsD.a(IsisTRXVU.o)
                0x20015674                IsisTrxvu_initialize
 .text.makeTRXVUtransfer
                0x20015968       0x44 C:/Hoopoe3/satellite-subsystems/demo/..//satellite-subsystems/lib\libSatelliteSubsystemsD.a(IsisTRXVU.o)
 .text.IsisTrxvu_componentSoftReset
                0x200159ac       0x6c C:/Hoopoe3/satellite-subsystems/demo/..//satellite-subsystems/lib\libSatelliteSubsystemsD.a(IsisTRXVU.o)
                0x200159ac                IsisTrxvu_componentSoftReset
 .text.IsisTrxvu_componentHardReset
                0x20015a18       0xc8 C:/Hoopoe3/satellite-subsystems/demo/..//satellite-subsystems/lib\libSatelliteSubsystemsD.a(IsisTRXVU.o)
                0x20015a18                IsisTrxvu_componentHardReset
 .text.IsisTrxvu_softReset
                0x20015ae0       0x74 C:/Hoopoe3/satellite-subsystems/demo/..//satellite-subsystems/lib\libSatelliteSubsystemsD.a(IsisTRXVU.o)
                0x20015ae0                IsisTrxvu_softReset
 .text.IsisTrxvu_hardReset
                0x20015b54       0x74 C:/Hoopoe3/satellite-subsystems/demo/..//satellite-subsystems/lib\libSatelliteSubsystemsD.a(IsisTRXVU.o)
                0x20015b54                IsisTrxvu_hardReset
 .text.IsisTrxvu_tcSendAX25DefClSign
                0x20015bc8       0xec C:/Hoopoe3/satellite-subsystems/demo/..//satellite-subsystems/lib\libSatelliteSubsystemsD.a(IsisTRXVU.o)
                0x20015bc8                IsisTrxvu_tcSendAX25DefClSign
 .text.IsisTrxvu_tcSetIdlestate
                0x20015cb4       0xa4 C:/Hoopoe3/satellite-subsystems/demo/..//satellite-subsystems/lib\libSatelliteSubsystemsD.a(IsisTRXVU.o)
                0x20015cb4                IsisTrxvu_tcSetIdlestate
 .text.IsisTrxvu_tcSetAx25Bitrate
                0x20015d58       0xc4 C:/Hoopoe3/satellite-subsystems/demo/..//satellite-subsystems/lib\libSatelliteSubsystemsD.a(IsisTRXVU.o)
                0x20015d58                IsisTrxvu_tcSetAx25Bitrate
 .text.IsisTrxvu_tcGetTelemetryAll_revC
                0x20015e1c       0xd0 C:/Hoopoe3/satellite-subsystems/demo/..//satellite-subsystems/lib\libSatelliteSubsystemsD.a(IsisTRXVU.o)
                0x20015e1c                IsisTrxvu_tcGetTelemetryAll_revC
 .text.IsisTrxvu_rcGetFrameCount
                0x20015eec       0xa0 C:/Hoopoe3/satellite-subsystems/demo/..//satellite-subsystems/lib\libSatelliteSubsystemsD.a(IsisTRXVU.o)
                0x20015eec                IsisTrxvu_rcGetFrameCount
 .text.IsisTrxvu_rcGetCommandFrame
                0x20015f8c      0x2d8 C:/Hoopoe3/satellite-subsystems/demo/..//satellite-subsystems/lib\libSatelliteSubsystemsD.a(IsisTRXVU.o)
                0x20015f8c                IsisTrxvu_rcGetCommandFrame
 .text.IsisTrxvu_rcGetTelemetryAll_revC
                0x20016264       0xec C:/Hoopoe3/satellite-subsystems/demo/..//satellite-subsystems/lib\libSatelliteSubsystemsD.a(IsisTRXVU.o)
                0x20016264                IsisTrxvu_rcGetTelemetryAll_revC
 .text.cspaceADCS_initialize
                0x20016350      0x18c C:/Hoopoe3/satellite-subsystems/demo/..//satellite-subsystems/lib\libSatelliteSubsystemsD.a(cspaceADCS.o)
                0x20016350                cspaceADCS_initialize
 .text.make_cspaceADCStransfer
                0x200164dc      0x1b4 C:/Hoopoe3/satellite-subsystems/demo/..//satellite-subsystems/lib\libSatelliteSubsystemsD.a(cspaceADCS.o)
 .text.cspaceADCS_componentReset
                0x20016690       0xbc C:/Hoopoe3/satellite-subsystems/demo/..//satellite-subsystems/lib\libSatelliteSubsystemsD.a(cspaceADCS.o)
                0x20016690                cspaceADCS_componentReset
 .text.cspaceADCS_setRunMode
                0x2001674c       0xbc C:/Hoopoe3/satellite-subsystems/demo/..//satellite-subsystems/lib\libSatelliteSubsystemsD.a(cspaceADCS.o)
                0x2001674c                cspaceADCS_setRunMode
 .text.cspaceADCS_setPwrCtrlDevice
                0x20016808       0xd0 C:/Hoopoe3/satellite-subsystems/demo/..//satellite-subsystems/lib\libSatelliteSubsystemsD.a(cspaceADCS.o)
                0x20016808                cspaceADCS_setPwrCtrlDevice
 .text.cspaceADCS_setAttCtrlMode
                0x200168d8       0xd0 C:/Hoopoe3/satellite-subsystems/demo/..//satellite-subsystems/lib\libSatelliteSubsystemsD.a(cspaceADCS.o)
                0x200168d8                cspaceADCS_setAttCtrlMode
 .text.cspaceADCS_setAttEstMode
                0x200169a8       0xbc C:/Hoopoe3/satellite-subsystems/demo/..//satellite-subsystems/lib\libSatelliteSubsystemsD.a(cspaceADCS.o)
                0x200169a8                cspaceADCS_setAttEstMode
 .text.cspaceADCS_getCurrentState
                0x20016a64       0xc4 C:/Hoopoe3/satellite-subsystems/demo/..//satellite-subsystems/lib\libSatelliteSubsystemsD.a(cspaceADCS.o)
                0x20016a64                cspaceADCS_getCurrentState
 .text.cspaceADCS_getPwrCtrlDevice
                0x20016b28       0xc4 C:/Hoopoe3/satellite-subsystems/demo/..//satellite-subsystems/lib\libSatelliteSubsystemsD.a(cspaceADCS.o)
                0x20016b28                cspaceADCS_getPwrCtrlDevice
 .text.GECKO_GetReg
                0x20016bec      0x110 C:/Hoopoe3/satellite-subsystems/demo/..//satellite-subsystems/lib\libSatelliteSubsystemsD.a(gecko_driver.o)
                0x20016bec                GECKO_GetReg
 .text.GECKO_GetVoltageInput5V
                0x20016cfc       0xf4 C:/Hoopoe3/satellite-subsystems/demo/..//satellite-subsystems/lib\libSatelliteSubsystemsD.a(gecko_driver.o)
                0x20016cfc                GECKO_GetVoltageInput5V
 .text.GECKO_GetCurrentInput5V
                0x20016df0      0x130 C:/Hoopoe3/satellite-subsystems/demo/..//satellite-subsystems/lib\libSatelliteSubsystemsD.a(gecko_driver.o)
                0x20016df0                GECKO_GetCurrentInput5V
 .text.GECKO_GetVoltageFPGA1V
                0x20016f20       0xd4 C:/Hoopoe3/satellite-subsystems/demo/..//satellite-subsystems/lib\libSatelliteSubsystemsD.a(gecko_driver.o)
                0x20016f20                GECKO_GetVoltageFPGA1V
 .text.GECKO_GetCurrentFPGA1V
                0x20016ff4      0x130 C:/Hoopoe3/satellite-subsystems/demo/..//satellite-subsystems/lib\libSatelliteSubsystemsD.a(gecko_driver.o)
                0x20016ff4                GECKO_GetCurrentFPGA1V
 .text.GECKO_GetVoltageFPGA1V8
                0x20017124       0xd4 C:/Hoopoe3/satellite-subsystems/demo/..//satellite-subsystems/lib\libSatelliteSubsystemsD.a(gecko_driver.o)
                0x20017124                GECKO_GetVoltageFPGA1V8
 .text.GECKO_GetCurrentFPGA1V8
                0x200171f8      0x130 C:/Hoopoe3/satellite-subsystems/demo/..//satellite-subsystems/lib\libSatelliteSubsystemsD.a(gecko_driver.o)
                0x200171f8                GECKO_GetCurrentFPGA1V8
 .text.GECKO_GetVoltageFPGA2V5
                0x20017328       0xe8 C:/Hoopoe3/satellite-subsystems/demo/..//satellite-subsystems/lib\libSatelliteSubsystemsD.a(gecko_driver.o)
                0x20017328                GECKO_GetVoltageFPGA2V5
 .text.GECKO_GetCurrentFPGA2V5
                0x20017410      0x130 C:/Hoopoe3/satellite-subsystems/demo/..//satellite-subsystems/lib\libSatelliteSubsystemsD.a(gecko_driver.o)
                0x20017410                GECKO_GetCurrentFPGA2V5
 .text.GECKO_GetVoltageFPGA3V3
                0x20017540       0xe8 C:/Hoopoe3/satellite-subsystems/demo/..//satellite-subsystems/lib\libSatelliteSubsystemsD.a(gecko_driver.o)
                0x20017540                GECKO_GetVoltageFPGA3V3
 .text.GECKO_GetCurrentFPGA3V3
                0x20017628      0x130 C:/Hoopoe3/satellite-subsystems/demo/..//satellite-subsystems/lib\libSatelliteSubsystemsD.a(gecko_driver.o)
                0x20017628                GECKO_GetCurrentFPGA3V3
 .text.GECKO_GetVoltageFlash1V8
                0x20017758       0xd4 C:/Hoopoe3/satellite-subsystems/demo/..//satellite-subsystems/lib\libSatelliteSubsystemsD.a(gecko_driver.o)
                0x20017758                GECKO_GetVoltageFlash1V8
 .text.GECKO_GetCurrentFlash1V8
                0x2001782c      0x130 C:/Hoopoe3/satellite-subsystems/demo/..//satellite-subsystems/lib\libSatelliteSubsystemsD.a(gecko_driver.o)
                0x2001782c                GECKO_GetCurrentFlash1V8
 .text.GECKO_GetVoltageFlash3V3
                0x2001795c       0xe8 C:/Hoopoe3/satellite-subsystems/demo/..//satellite-subsystems/lib\libSatelliteSubsystemsD.a(gecko_driver.o)
                0x2001795c                GECKO_GetVoltageFlash3V3
 .text.GECKO_GetCurrentFlash3V3
                0x20017a44      0x130 C:/Hoopoe3/satellite-subsystems/demo/..//satellite-subsystems/lib\libSatelliteSubsystemsD.a(gecko_driver.o)
                0x20017a44                GECKO_GetCurrentFlash3V3
 .text.GECKO_GetVoltageSNSR1V8
                0x20017b74       0xe8 C:/Hoopoe3/satellite-subsystems/demo/..//satellite-subsystems/lib\libSatelliteSubsystemsD.a(gecko_driver.o)
                0x20017b74                GECKO_GetVoltageSNSR1V8
 .text.GECKO_GetCurrentSNSR1V8
                0x20017c5c      0x130 C:/Hoopoe3/satellite-subsystems/demo/..//satellite-subsystems/lib\libSatelliteSubsystemsD.a(gecko_driver.o)
                0x20017c5c                GECKO_GetCurrentSNSR1V8
 .text.GECKO_GetVoltageSNSRVDDPIX
                0x20017d8c       0xe8 C:/Hoopoe3/satellite-subsystems/demo/..//satellite-subsystems/lib\libSatelliteSubsystemsD.a(gecko_driver.o)
                0x20017d8c                GECKO_GetVoltageSNSRVDDPIX
 .text.GECKO_GetCurrentSNSRVDDPIX
                0x20017e74      0x130 C:/Hoopoe3/satellite-subsystems/demo/..//satellite-subsystems/lib\libSatelliteSubsystemsD.a(gecko_driver.o)
                0x20017e74                GECKO_GetCurrentSNSRVDDPIX
 .text.GECKO_GetVoltageSNSR3V3
                0x20017fa4       0xe8 C:/Hoopoe3/satellite-subsystems/demo/..//satellite-subsystems/lib\libSatelliteSubsystemsD.a(gecko_driver.o)
                0x20017fa4                GECKO_GetVoltageSNSR3V3
 .text.GECKO_GetCurrentSNSR3V3
                0x2001808c      0x130 C:/Hoopoe3/satellite-subsystems/demo/..//satellite-subsystems/lib\libSatelliteSubsystemsD.a(gecko_driver.o)
                0x2001808c                GECKO_GetCurrentSNSR3V3
 .text.GECKO_GetVoltageFlashVTT09
                0x200181bc       0xd4 C:/Hoopoe3/satellite-subsystems/demo/..//satellite-subsystems/lib\libSatelliteSubsystemsD.a(gecko_driver.o)
                0x200181bc                GECKO_GetVoltageFlashVTT09
 .text.GECKO_GetTempSMU3AB
                0x20018290      0x35c C:/Hoopoe3/satellite-subsystems/demo/..//satellite-subsystems/lib\libSatelliteSubsystemsD.a(gecko_driver.o)
                0x20018290                GECKO_GetTempSMU3AB
 .text.GECKO_GetTempSMU3BC
                0x200185ec      0x360 C:/Hoopoe3/satellite-subsystems/demo/..//satellite-subsystems/lib\libSatelliteSubsystemsD.a(gecko_driver.o)
                0x200185ec                GECKO_GetTempSMU3BC
 .text.GECKO_GetTempREGU6
                0x2001894c      0x35c C:/Hoopoe3/satellite-subsystems/demo/..//satellite-subsystems/lib\libSatelliteSubsystemsD.a(gecko_driver.o)
                0x2001894c                GECKO_GetTempREGU6
 .text.GECKO_GetTempREGU8
                0x20018ca8      0x360 C:/Hoopoe3/satellite-subsystems/demo/..//satellite-subsystems/lib\libSatelliteSubsystemsD.a(gecko_driver.o)
                0x20018ca8                GECKO_GetTempREGU8
 .text.GECKO_GetTempFlash
                0x20019008      0x360 C:/Hoopoe3/satellite-subsystems/demo/..//satellite-subsystems/lib\libSatelliteSubsystemsD.a(gecko_driver.o)
                0x20019008                GECKO_GetTempFlash
 .text._SpiWriteRead
                0x20019368       0x70 C:/Hoopoe3/satellite-subsystems/demo/..//satellite-subsystems/lib\libSatelliteSubsystemsD.a(gecko_driver.o)
 .text.makeTRXCommonTransfer
                0x200193d8       0x34 C:/Hoopoe3/satellite-subsystems/demo/..//satellite-subsystems/lib\libSatelliteSubsystemsD.a(IsisTRXCommon.o)
 .text.IsisTrxCommon_componentReset
                0x2001940c       0x68 C:/Hoopoe3/satellite-subsystems/demo/..//satellite-subsystems/lib\libSatelliteSubsystemsD.a(IsisTRXCommon.o)
                0x2001940c                IsisTrxCommon_componentReset
 .text.IsisTrxCommon_TxSendAX25DefClSign
                0x20019474       0xf4 C:/Hoopoe3/satellite-subsystems/demo/..//satellite-subsystems/lib\libSatelliteSubsystemsD.a(IsisTRXCommon.o)
                0x20019474                IsisTrxCommon_TxSendAX25DefClSign
 .text.IsisTrxCommon_TxSetIdlestate
                0x20019568       0x78 C:/Hoopoe3/satellite-subsystems/demo/..//satellite-subsystems/lib\libSatelliteSubsystemsD.a(IsisTRXCommon.o)
                0x20019568                IsisTrxCommon_TxSetIdlestate
 .text.IsisTrxCommon_TxSetAx25Bitrate
                0x200195e0       0x78 C:/Hoopoe3/satellite-subsystems/demo/..//satellite-subsystems/lib\libSatelliteSubsystemsD.a(IsisTRXCommon.o)
                0x200195e0                IsisTrxCommon_TxSetAx25Bitrate
 .text.IsisTrxCommon_RxGetFrameCount
                0x20019658       0x8c C:/Hoopoe3/satellite-subsystems/demo/..//satellite-subsystems/lib\libSatelliteSubsystemsD.a(IsisTRXCommon.o)
                0x20019658                IsisTrxCommon_RxGetFrameCount
 .text.IsisTrxCommon_RxGetTelemetryAll_revC
                0x200196e4       0x8c C:/Hoopoe3/satellite-subsystems/demo/..//satellite-subsystems/lib\libSatelliteSubsystemsD.a(IsisTRXCommon.o)
                0x200196e4                IsisTrxCommon_RxGetTelemetryAll_revC
 .text.log      0x20019770      0x17c c:/isis/application/toolchain/bin/../lib/gcc/arm-none-eabi/4.7.4/../../../../arm-none-eabi/lib\libm.a(lib_a-w_log.o)
                0x20019770                log
 *fill*         0x200198ec        0x4 00
 .text.__ieee754_log
                0x200198f0      0x5c0 c:/isis/application/toolchain/bin/../lib/gcc/arm-none-eabi/4.7.4/../../../../arm-none-eabi/lib\libm.a(lib_a-e_log.o)
                0x200198f0                __ieee754_log
 .text.matherr  0x20019eb0        0x8 c:/isis/application/toolchain/bin/../lib/gcc/arm-none-eabi/4.7.4/../../../../arm-none-eabi/lib\libm.a(lib_a-s_matherr.o)
                0x20019eb0                matherr
 .text.nan      0x20019eb8       0x10 c:/isis/application/toolchain/bin/../lib/gcc/arm-none-eabi/4.7.4/../../../../arm-none-eabi/lib\libm.a(lib_a-s_nan.o)
                0x20019eb8                nan
 .text.fn_init  0x20019ec8      0x2e0 C:/Hoopoe3/satellite-subsystems/demo/../..//hal/hcc/lib\libHCCD.a(fat_common.o)
                0x20019ec8                fn_init
 .text._f_get16bitl
                0x2001a1a8       0x4c C:/Hoopoe3/satellite-subsystems/demo/../..//hal/hcc/lib\libHCCD.a(fat_common.o)
                0x2001a1a8                _f_get16bitl
 .text._f_set16bitl
                0x2001a1f4       0x54 C:/Hoopoe3/satellite-subsystems/demo/../..//hal/hcc/lib\libHCCD.a(fat_common.o)
                0x2001a1f4                _f_set16bitl
 .text._f_get32bitl
                0x2001a248       0x68 C:/Hoopoe3/satellite-subsystems/demo/../..//hal/hcc/lib\libHCCD.a(fat_common.o)
                0x2001a248                _f_get32bitl
 .text._f_set32bitl
                0x2001a2b0       0x78 C:/Hoopoe3/satellite-subsystems/demo/../..//hal/hcc/lib\libHCCD.a(fat_common.o)
                0x2001a2b0                _f_set32bitl
 .text._get8bit
                0x2001a328       0xa0 C:/Hoopoe3/satellite-subsystems/demo/../..//hal/hcc/lib\libHCCD.a(fat_common.o)
 .text._get16bitl
                0x2001a3c8       0x40 C:/Hoopoe3/satellite-subsystems/demo/../..//hal/hcc/lib\libHCCD.a(fat_common.o)
 .text._get32bitl
                0x2001a408       0x3c C:/Hoopoe3/satellite-subsystems/demo/../..//hal/hcc/lib\libHCCD.a(fat_common.o)
 .text._f_setcardremoved
                0x2001a444       0x94 C:/Hoopoe3/satellite-subsystems/demo/../..//hal/hcc/lib\libHCCD.a(fat_common.o)
 .text._f_checkstatus
                0x2001a4d8      0x104 C:/Hoopoe3/satellite-subsystems/demo/../..//hal/hcc/lib\libHCCD.a(fat_common.o)
                0x2001a4d8                _f_checkstatus
 .text._f_drvgetphy
                0x2001a5dc      0x114 C:/Hoopoe3/satellite-subsystems/demo/../..//hal/hcc/lib\libHCCD.a(fat_common.o)
 .text._f_drvwritesector
                0x2001a6f0       0xdc C:/Hoopoe3/satellite-subsystems/demo/../..//hal/hcc/lib\libHCCD.a(fat_common.o)
 .text._f_drvreadsector
                0x2001a7cc       0xa8 C:/Hoopoe3/satellite-subsystems/demo/../..//hal/hcc/lib\libHCCD.a(fat_common.o)
 .text._f_writesector
                0x2001a874      0x23c C:/Hoopoe3/satellite-subsystems/demo/../..//hal/hcc/lib\libHCCD.a(fat_common.o)
                0x2001a874                _f_writesector
 .text._f_readsector
                0x2001aab0      0x1dc C:/Hoopoe3/satellite-subsystems/demo/../..//hal/hcc/lib\libHCCD.a(fat_common.o)
                0x2001aab0                _f_readsector
 .text._f_getmaxcluster
                0x2001ac8c       0x94 C:/Hoopoe3/satellite-subsystems/demo/../..//hal/hcc/lib\libHCCD.a(fat_common.o)
                0x2001ac8c                _f_getmaxcluster
 .text._getsectorfromcluster
                0x2001ad20       0x68 C:/Hoopoe3/satellite-subsystems/demo/../..//hal/hcc/lib\libHCCD.a(fat_common.o)
 .text._f_buildsectors
                0x2001ad88      0x268 C:/Hoopoe3/satellite-subsystems/demo/../..//hal/hcc/lib\libHCCD.a(fat_common.o)
 .text._f_getbootrecord
                0x2001aff0      0x5e4 C:/Hoopoe3/satellite-subsystems/demo/../..//hal/hcc/lib\libHCCD.a(fat_common.o)
 .text._f_readbootrecord
                0x2001b5d4      0x4f8 C:/Hoopoe3/satellite-subsystems/demo/../..//hal/hcc/lib\libHCCD.a(fat_common.o)
 .text._f_flushcffiles
                0x2001bacc      0x17c C:/Hoopoe3/satellite-subsystems/demo/../..//hal/hcc/lib\libHCCD.a(fat_common.o)
                0x2001bacc                _f_flushcffiles
 .text._f_fatcache_flush
                0x2001bc48      0x270 C:/Hoopoe3/satellite-subsystems/demo/../..//hal/hcc/lib\libHCCD.a(fat_common.o)
                0x2001bc48                _f_fatcache_flush
 .text._f_writefatsector
                0x2001beb8      0x100 C:/Hoopoe3/satellite-subsystems/demo/../..//hal/hcc/lib\libHCCD.a(fat_common.o)
                0x2001beb8                _f_writefatsector
 .text._f_getfatsector
                0x2001bfb8      0x3bc C:/Hoopoe3/satellite-subsystems/demo/../..//hal/hcc/lib\libHCCD.a(fat_common.o)
 .text._f_setclustervalue
                0x2001c374      0x490 C:/Hoopoe3/satellite-subsystems/demo/../..//hal/hcc/lib\libHCCD.a(fat_common.o)
                0x2001c374                _f_setclustervalue
 .text._f_getclustervalue
                0x2001c804      0x388 C:/Hoopoe3/satellite-subsystems/demo/../..//hal/hcc/lib\libHCCD.a(fat_common.o)
                0x2001c804                _f_getclustervalue
 .text._f_close_drive_files
                0x2001cb8c       0xac C:/Hoopoe3/satellite-subsystems/demo/../..//hal/hcc/lib\libHCCD.a(fat_common.o)
 .text._f_inc_mount_count
                0x2001cc38       0xa4 C:/Hoopoe3/satellite-subsystems/demo/../..//hal/hcc/lib\libHCCD.a(fat_common.o)
 .text._f_getvolume
                0x2001ccdc      0x2f8 C:/Hoopoe3/satellite-subsystems/demo/../..//hal/hcc/lib\libHCCD.a(fat_common.o)
                0x2001ccdc                _f_getvolume
 .text.fn_createdriver
                0x2001cfd4      0x118 C:/Hoopoe3/satellite-subsystems/demo/../..//hal/hcc/lib\libHCCD.a(fat_common.o)
                0x2001cfd4                fn_createdriver
 .text.fn_initvolume
                0x2001d0ec      0x12c C:/Hoopoe3/satellite-subsystems/demo/../..//hal/hcc/lib\libHCCD.a(fat_common.o)
                0x2001d0ec                fn_initvolume
 .text.fn_initvolumepartition_sub
                0x2001d218       0xe0 C:/Hoopoe3/satellite-subsystems/demo/../..//hal/hcc/lib\libHCCD.a(fat_common.o)
 .text.fn_initvolumepartition
                0x2001d2f8       0xac C:/Hoopoe3/satellite-subsystems/demo/../..//hal/hcc/lib\libHCCD.a(fat_common.o)
                0x2001d2f8                fn_initvolumepartition
 .text._f_clustertopos
                0x2001d3a4       0xf8 C:/Hoopoe3/satellite-subsystems/demo/../..//hal/hcc/lib\libHCCD.a(fat_common.o)
                0x2001d3a4                _f_clustertopos
 .text._f_getcurrsector
                0x2001d49c      0x6c8 C:/Hoopoe3/satellite-subsystems/demo/../..//hal/hcc/lib\libHCCD.a(fat_common.o)
                0x2001d49c                _f_getcurrsector
 .text._f_getdecluster
                0x2001db64       0x90 C:/Hoopoe3/satellite-subsystems/demo/../..//hal/hcc/lib\libHCCD.a(fat_common.o)
                0x2001db64                _f_getdecluster
 .text._f_setdecluster
                0x2001dbf4       0x8c C:/Hoopoe3/satellite-subsystems/demo/../..//hal/hcc/lib\libHCCD.a(fat_common.o)
                0x2001dbf4                _f_setdecluster
 .text.fn_getdrive
                0x2001dc80       0x30 C:/Hoopoe3/satellite-subsystems/demo/../..//hal/hcc/lib\libHCCD.a(fat_common.o)
                0x2001dc80                fn_getdrive
 .text._f_getcurrenttimedate
                0x2001dcb0      0x138 C:/Hoopoe3/satellite-subsystems/demo/../..//hal/hcc/lib\libHCCD.a(fat_common.o)
                0x2001dcb0                _f_getcurrenttimedate
 .text._f_initentry
                0x2001dde8       0xa0 C:/Hoopoe3/satellite-subsystems/demo/../..//hal/hcc/lib\libHCCD.a(fat_common.o)
                0x2001dde8                _f_initentry
 .text._f_alloccluster
                0x2001de88      0x344 C:/Hoopoe3/satellite-subsystems/demo/../..//hal/hcc/lib\libHCCD.a(fat_common.o)
                0x2001de88                _f_alloccluster
 .text._f_dobadblock
                0x2001e1cc      0x2cc C:/Hoopoe3/satellite-subsystems/demo/../..//hal/hcc/lib\libHCCD.a(fat_common.o)
                0x2001e1cc                _f_dobadblock
 .text._f_checklocked
                0x2001e498       0xe4 C:/Hoopoe3/satellite-subsystems/demo/../..//hal/hcc/lib\libHCCD.a(fat_common.o)
                0x2001e498                _f_checklocked
 .text._f_checkappendlocked
                0x2001e57c      0x110 C:/Hoopoe3/satellite-subsystems/demo/../..//hal/hcc/lib\libHCCD.a(fat_common.o)
                0x2001e57c                _f_checkappendlocked
 .text._f_setsyncafile
                0x2001e68c      0x114 C:/Hoopoe3/satellite-subsystems/demo/../..//hal/hcc/lib\libHCCD.a(fat_common.o)
                0x2001e68c                _f_setsyncafile
 .text._f_syncfiles
                0x2001e7a0      0x128 C:/Hoopoe3/satellite-subsystems/demo/../..//hal/hcc/lib\libHCCD.a(fat_common.o)
                0x2001e7a0                _f_syncfiles
 .text._f_syncfilescontent
                0x2001e8c8      0x15c C:/Hoopoe3/satellite-subsystems/demo/../..//hal/hcc/lib\libHCCD.a(fat_common.o)
 .text.fn_getfreespace
                0x2001ea24      0x4c0 C:/Hoopoe3/satellite-subsystems/demo/../..//hal/hcc/lib\libHCCD.a(fat_common.o)
                0x2001ea24                fn_getfreespace
 .text._f_emptywritecache
                0x2001eee4      0x4a4 C:/Hoopoe3/satellite-subsystems/demo/../..//hal/hcc/lib\libHCCD.a(fat_common.o)
 .text._f_allocnextcluster
                0x2001f388      0x54c C:/Hoopoe3/satellite-subsystems/demo/../..//hal/hcc/lib\libHCCD.a(fat_common.o)
 .text._f_emptywritebuffer
                0x2001f8d4      0x20c C:/Hoopoe3/satellite-subsystems/demo/../..//hal/hcc/lib\libHCCD.a(fat_common.o)
 .text._f_writezeros
                0x2001fae0       0xf0 C:/Hoopoe3/satellite-subsystems/demo/../..//hal/hcc/lib\libHCCD.a(fat_common.o)
                0x2001fae0                _f_writezeros
 .text._f_extend_file
                0x2001fbd0      0x570 C:/Hoopoe3/satellite-subsystems/demo/../..//hal/hcc/lib\libHCCD.a(fat_common.o)
 .text._f_fseek
                0x20020140      0x9bc C:/Hoopoe3/satellite-subsystems/demo/../..//hal/hcc/lib\libHCCD.a(fat_common.o)
                0x20020140                _f_fseek
 .text._f_removechain
                0x20020afc      0x104 C:/Hoopoe3/satellite-subsystems/demo/../..//hal/hcc/lib\libHCCD.a(fat_common.o)
                0x20020afc                _f_removechain
 .text._f_updatefileentry
                0x20020c00      0x1cc C:/Hoopoe3/satellite-subsystems/demo/../..//hal/hcc/lib\libHCCD.a(fat_common.o)
 .text._f_checkreadlocked
                0x20020dcc      0x1bc C:/Hoopoe3/satellite-subsystems/demo/../..//hal/hcc/lib\libHCCD.a(fat_common.o)
                0x20020dcc                _f_checkreadlocked
 .text._f_check_handle
                0x20020f88       0x98 C:/Hoopoe3/satellite-subsystems/demo/../..//hal/hcc/lib\libHCCD.a(fat_common.o)
                0x20020f88                _f_check_handle
 .text._f_removesyncafile
                0x20021020      0x1ec C:/Hoopoe3/satellite-subsystems/demo/../..//hal/hcc/lib\libHCCD.a(fat_common.o)
 .text.fn_close
                0x2002120c      0x3f8 C:/Hoopoe3/satellite-subsystems/demo/../..//hal/hcc/lib\libHCCD.a(fat_common.o)
                0x2002120c                fn_close
 .text.fn_flush
                0x20021604      0x374 C:/Hoopoe3/satellite-subsystems/demo/../..//hal/hcc/lib\libHCCD.a(fat_common.o)
                0x20021604                fn_flush
 .text.fn_read  0x20021978      0x690 C:/Hoopoe3/satellite-subsystems/demo/../..//hal/hcc/lib\libHCCD.a(fat_common.o)
                0x20021978                fn_read
 .text._f_abortwrite
                0x20022008      0x100 C:/Hoopoe3/satellite-subsystems/demo/../..//hal/hcc/lib\libHCCD.a(fat_common.o)
 .text._f_checkwritecluster
                0x20022108       0xe4 C:/Hoopoe3/satellite-subsystems/demo/../..//hal/hcc/lib\libHCCD.a(fat_common.o)
 .text.fn_write
                0x200221ec      0x8a8 C:/Hoopoe3/satellite-subsystems/demo/../..//hal/hcc/lib\libHCCD.a(fat_common.o)
                0x200221ec                fn_write
 .text.fn_seek  0x20022a94      0x270 C:/Hoopoe3/satellite-subsystems/demo/../..//hal/hcc/lib\libHCCD.a(fat_common.o)
                0x20022a94                fn_seek
 .text.f_enterFS
                0x20022d04      0x1c0 C:/Hoopoe3/satellite-subsystems/demo/../..//hal/hcc/lib\libHCCD.a(fat_common.o)
                0x20022d04                f_enterFS
 .text.f_releaseFS
                0x20022ec4       0xb0 C:/Hoopoe3/satellite-subsystems/demo/../..//hal/hcc/lib\libHCCD.a(fat_common.o)
                0x20022ec4                f_releaseFS
 .text.fnGetTask
                0x20022f74       0xfc C:/Hoopoe3/satellite-subsystems/demo/../..//hal/hcc/lib\libHCCD.a(fat_common.o)
                0x20022f74                fnGetTask
 .text._f_mutex_get
                0x20023070       0x98 C:/Hoopoe3/satellite-subsystems/demo/../..//hal/hcc/lib\libHCCD.a(fat_common.o)
                0x20023070                _f_mutex_get
 .text._f_mutex_put
                0x20023108       0x54 C:/Hoopoe3/satellite-subsystems/demo/../..//hal/hcc/lib\libHCCD.a(fat_common.o)
                0x20023108                _f_mutex_put
 .text._fn_initseekdivisor
                0x2002315c      0x158 C:/Hoopoe3/satellite-subsystems/demo/../..//hal/hcc/lib\libHCCD.a(fat_common.o)
                0x2002315c                _fn_initseekdivisor
 .text._fn_updateseekpos
                0x200232b4       0xc4 C:/Hoopoe3/satellite-subsystems/demo/../..//hal/hcc/lib\libHCCD.a(fat_common.o)
 .text._f_findopensize
                0x20023378       0x2c C:/Hoopoe3/satellite-subsystems/demo/../..//hal/hcc/lib\libHCCD.a(fat_common.o)
                0x20023378                _f_findopensize
 .text.fn_setlasterror
                0x200233a4       0x34 C:/Hoopoe3/satellite-subsystems/demo/../..//hal/hcc/lib\libHCCD.a(fat_common.o)
                0x200233a4                fn_setlasterror
 .text.fn_setlasterror_noret
                0x200233d8       0x2c C:/Hoopoe3/satellite-subsystems/demo/../..//hal/hcc/lib\libHCCD.a(fat_common.o)
                0x200233d8                fn_setlasterror_noret
 .text.fm_initvolume
                0x20023404       0x70 C:/Hoopoe3/satellite-subsystems/demo/../..//hal/hcc/lib\libHCCD.a(fat_m.o)
                0x20023404                fm_initvolume
 .text.fm_getdrive
                0x20023474       0x70 C:/Hoopoe3/satellite-subsystems/demo/../..//hal/hcc/lib\libHCCD.a(fat_m.o)
                0x20023474                fm_getdrive
 .text.fm_getfreespace
                0x200234e4       0x68 C:/Hoopoe3/satellite-subsystems/demo/../..//hal/hcc/lib\libHCCD.a(fat_m.o)
                0x200234e4                fm_getfreespace
 .text.fm_findfirst
                0x2002354c       0x68 C:/Hoopoe3/satellite-subsystems/demo/../..//hal/hcc/lib\libHCCD.a(fat_m.o)
                0x2002354c                fm_findfirst
 .text.fm_findnext
                0x200235b4       0x60 C:/Hoopoe3/satellite-subsystems/demo/../..//hal/hcc/lib\libHCCD.a(fat_m.o)
                0x200235b4                fm_findnext
 .text.fm_filelength
                0x20023614       0x60 C:/Hoopoe3/satellite-subsystems/demo/../..//hal/hcc/lib\libHCCD.a(fat_m.o)
                0x20023614                fm_filelength
 .text.fm_close
                0x20023674       0x60 C:/Hoopoe3/satellite-subsystems/demo/../..//hal/hcc/lib\libHCCD.a(fat_m.o)
                0x20023674                fm_close
 .text.fm_flush
                0x200236d4       0x60 C:/Hoopoe3/satellite-subsystems/demo/../..//hal/hcc/lib\libHCCD.a(fat_m.o)
                0x200236d4                fm_flush
 .text.fm_open  0x20023734       0x68 C:/Hoopoe3/satellite-subsystems/demo/../..//hal/hcc/lib\libHCCD.a(fat_m.o)
                0x20023734                fm_open
 .text.fm_read  0x2002379c       0x7c C:/Hoopoe3/satellite-subsystems/demo/../..//hal/hcc/lib\libHCCD.a(fat_m.o)
                0x2002379c                fm_read
 .text.fm_write
                0x20023818       0x7c C:/Hoopoe3/satellite-subsystems/demo/../..//hal/hcc/lib\libHCCD.a(fat_m.o)
                0x20023818                fm_write
 .text.fm_seek  0x20023894       0x70 C:/Hoopoe3/satellite-subsystems/demo/../..//hal/hcc/lib\libHCCD.a(fat_m.o)
                0x20023894                fm_seek
 .text.fm_delete
                0x20023904       0x64 C:/Hoopoe3/satellite-subsystems/demo/../..//hal/hcc/lib\libHCCD.a(fat_m.o)
                0x20023904                fm_delete
 .text._s_checkzeroclusteratend
                0x20023968       0xf8 C:/Hoopoe3/satellite-subsystems/demo/../..//hal/hcc/lib\libHCCD.a(safefat.o)
 .text._s_clearclustercontent
                0x20023a60      0x108 C:/Hoopoe3/satellite-subsystems/demo/../..//hal/hcc/lib\libHCCD.a(safefat.o)
 .text._s_clearclustercontentdir
                0x20023b68      0x19c C:/Hoopoe3/satellite-subsystems/demo/../..//hal/hcc/lib\libHCCD.a(safefat.o)
 .text._s_writedirsector
                0x20023d04       0xd0 C:/Hoopoe3/satellite-subsystems/demo/../..//hal/hcc/lib\libHCCD.a(safefat.o)
 .text._s_getdirsector
                0x20023dd4      0x100 C:/Hoopoe3/satellite-subsystems/demo/../..//hal/hcc/lib\libHCCD.a(safefat.o)
 .text._s_addentry
                0x20023ed4      0x394 C:/Hoopoe3/satellite-subsystems/demo/../..//hal/hcc/lib\libHCCD.a(safefat.o)
 .text._s_findfile
                0x20024268      0x33c C:/Hoopoe3/satellite-subsystems/demo/../..//hal/hcc/lib\libHCCD.a(safefat.o)
 .text._s_findsubdir
                0x200245a4      0x248 C:/Hoopoe3/satellite-subsystems/demo/../..//hal/hcc/lib\libHCCD.a(safefat.o)
 .text._s_createfile
                0x200247ec      0x190 C:/Hoopoe3/satellite-subsystems/demo/../..//hal/hcc/lib\libHCCD.a(safefat.o)
 .text._s_findsaffile
                0x2002497c      0x1b8 C:/Hoopoe3/satellite-subsystems/demo/../..//hal/hcc/lib\libHCCD.a(safefat.o)
 .text._s_open  0x20024b34       0xe4 C:/Hoopoe3/satellite-subsystems/demo/../..//hal/hcc/lib\libHCCD.a(safefat.o)
 .text._s_open_saf
                0x20024c18       0xe8 C:/Hoopoe3/satellite-subsystems/demo/../..//hal/hcc/lib\libHCCD.a(safefat.o)
 .text._s_flush
                0x20024d00       0x84 C:/Hoopoe3/satellite-subsystems/demo/../..//hal/hcc/lib\libHCCD.a(safefat.o)
 .text._s_allocnextcluster
                0x20024d84      0x13c C:/Hoopoe3/satellite-subsystems/demo/../..//hal/hcc/lib\libHCCD.a(safefat.o)
 .text._s_getnextsector
                0x20024ec0       0xdc C:/Hoopoe3/satellite-subsystems/demo/../..//hal/hcc/lib\libHCCD.a(safefat.o)
 .text._s_seek  0x20024f9c      0x1e8 C:/Hoopoe3/satellite-subsystems/demo/../..//hal/hcc/lib\libHCCD.a(safefat.o)
 .text._s_read  0x20025184      0x228 C:/Hoopoe3/satellite-subsystems/demo/../..//hal/hcc/lib\libHCCD.a(safefat.o)
 .text._s_write
                0x200253ac      0x384 C:/Hoopoe3/satellite-subsystems/demo/../..//hal/hcc/lib\libHCCD.a(safefat.o)
 .text._s_restoreclusters
                0x20025730      0x270 C:/Hoopoe3/satellite-subsystems/demo/../..//hal/hcc/lib\libHCCD.a(safefat.o)
                0x20025730                _s_restoreclusters
 .text._s_findrestore
                0x200259a0      0x18c C:/Hoopoe3/satellite-subsystems/demo/../..//hal/hcc/lib\libHCCD.a(safefat.o)
 .text._s_cmd_writede
                0x20025b2c       0xd8 C:/Hoopoe3/satellite-subsystems/demo/../..//hal/hcc/lib\libHCCD.a(safefat.o)
 .text._s_cmd_setcluster
                0x20025c04       0x88 C:/Hoopoe3/satellite-subsystems/demo/../..//hal/hcc/lib\libHCCD.a(safefat.o)
 .text._s_cmd_deletechain
                0x20025c8c      0x100 C:/Hoopoe3/satellite-subsystems/demo/../..//hal/hcc/lib\libHCCD.a(safefat.o)
 .text._s_cmd_validatecfn
                0x20025d8c      0x308 C:/Hoopoe3/satellite-subsystems/demo/../..//hal/hcc/lib\libHCCD.a(safefat.o)
 .text._s_cmd_seteof
                0x20026094      0x3c4 C:/Hoopoe3/satellite-subsystems/demo/../..//hal/hcc/lib\libHCCD.a(safefat.o)
 .text.safe_docommands
                0x20026458      0x56c C:/Hoopoe3/satellite-subsystems/demo/../..//hal/hcc/lib\libHCCD.a(safefat.o)
                0x20026458                safe_docommands
 .text.safe_entercommand
                0x200269c4       0x68 C:/Hoopoe3/satellite-subsystems/demo/../..//hal/hcc/lib\libHCCD.a(safefat.o)
                0x200269c4                safe_entercommand
 .text.safe_ready
                0x20026a2c       0xf4 C:/Hoopoe3/satellite-subsystems/demo/../..//hal/hcc/lib\libHCCD.a(safefat.o)
                0x20026a2c                safe_ready
 .text.safe_copycfn
                0x20026b20       0xb8 C:/Hoopoe3/satellite-subsystems/demo/../..//hal/hcc/lib\libHCCD.a(safefat.o)
                0x20026b20                safe_copycfn
 .text.safe_cfremove
                0x20026bd8       0xb8 C:/Hoopoe3/satellite-subsystems/demo/../..//hal/hcc/lib\libHCCD.a(safefat.o)
                0x20026bd8                safe_cfremove
 .text.safe_writede
                0x20026c90      0x104 C:/Hoopoe3/satellite-subsystems/demo/../..//hal/hcc/lib\libHCCD.a(safefat.o)
                0x20026c90                safe_writede
 .text.safe_setcluster
                0x20026d94       0xcc C:/Hoopoe3/satellite-subsystems/demo/../..//hal/hcc/lib\libHCCD.a(safefat.o)
                0x20026d94                safe_setcluster
 .text.safe_deletechain
                0x20026e60      0x1c8 C:/Hoopoe3/satellite-subsystems/demo/../..//hal/hcc/lib\libHCCD.a(safefat.o)
                0x20026e60                safe_deletechain
 .text.safe_cfclose
                0x20027028      0x104 C:/Hoopoe3/satellite-subsystems/demo/../..//hal/hcc/lib\libHCCD.a(safefat.o)
                0x20027028                safe_cfclose
 .text.safe_cfflush
                0x2002712c      0x124 C:/Hoopoe3/satellite-subsystems/demo/../..//hal/hcc/lib\libHCCD.a(safefat.o)
                0x2002712c                safe_cfflush
 .text.safe_reset
                0x20027250       0x78 C:/Hoopoe3/satellite-subsystems/demo/../..//hal/hcc/lib\libHCCD.a(safefat.o)
                0x20027250                safe_reset
 .text.safe_loadcommands
                0x200272c8       0x78 C:/Hoopoe3/satellite-subsystems/demo/../..//hal/hcc/lib\libHCCD.a(safefat.o)
                0x200272c8                safe_loadcommands
 .text.safe_poweron
                0x20027340      0x1fc C:/Hoopoe3/satellite-subsystems/demo/../..//hal/hcc/lib\libHCCD.a(safefat.o)
                0x20027340                safe_poweron
 .text.cf_getname
                0x2002753c       0xc0 C:/Hoopoe3/satellite-subsystems/demo/../..//hal/hcc/lib\libHCCD.a(safefat.o)
 .text.cf_copyclusterchain
                0x200275fc      0x138 C:/Hoopoe3/satellite-subsystems/demo/../..//hal/hcc/lib\libHCCD.a(safefat.o)
 .text.cf_seektozero
                0x20027734       0x94 C:/Hoopoe3/satellite-subsystems/demo/../..//hal/hcc/lib\libHCCD.a(safefat.o)
                0x20027734                cf_seektozero
 .text.cf_create
                0x200277c8      0x3a8 C:/Hoopoe3/satellite-subsystems/demo/../..//hal/hcc/lib\libHCCD.a(safefat.o)
                0x200277c8                cf_create
 .text.cf_copyclustercontent
                0x20027b70      0x128 C:/Hoopoe3/satellite-subsystems/demo/../..//hal/hcc/lib\libHCCD.a(safefat.o)
                0x20027b70                cf_copyclustercontent
 .text.cf_copycfn
                0x20027c98      0x4bc C:/Hoopoe3/satellite-subsystems/demo/../..//hal/hcc/lib\libHCCD.a(safefat.o)
                0x20027c98                cf_copycfn
 .text.cf_remove
                0x20028154      0x344 C:/Hoopoe3/satellite-subsystems/demo/../..//hal/hcc/lib\libHCCD.a(safefat.o)
                0x20028154                cf_remove
 .text.cf_setclusternew
                0x20028498       0xf0 C:/Hoopoe3/satellite-subsystems/demo/../..//hal/hcc/lib\libHCCD.a(safefat.o)
                0x20028498                cf_setclusternew
 .text.cf_flush
                0x20028588       0x58 C:/Hoopoe3/satellite-subsystems/demo/../..//hal/hcc/lib\libHCCD.a(safefat.o)
                0x20028588                cf_flush
 .text.cf_getcluster
                0x200285e0      0x1b4 C:/Hoopoe3/satellite-subsystems/demo/../..//hal/hcc/lib\libHCCD.a(safefat.o)
                0x200285e0                cf_getcluster
 .text.cf_setnextcluster
                0x20028794      0x194 C:/Hoopoe3/satellite-subsystems/demo/../..//hal/hcc/lib\libHCCD.a(safefat.o)
                0x20028794                cf_setnextcluster
 .text.cf_getpositions
                0x20028928       0xbc C:/Hoopoe3/satellite-subsystems/demo/../..//hal/hcc/lib\libHCCD.a(safefat.o)
                0x20028928                cf_getpositions
 .text.cf_setpositions
                0x200289e4       0xb0 C:/Hoopoe3/satellite-subsystems/demo/../..//hal/hcc/lib\libHCCD.a(safefat.o)