Archive member included because of file (symbol)

c:/isis/application/toolchain/bin/../lib/gcc/arm-none-eabi/4.7.4/../../../../arm-none-eabi/lib\libc_s.a(lib_a-vfprintf_float.o)
                              (_printf_float)
c:/isis/application/toolchain/bin/../lib/gcc/arm-none-eabi/4.7.4/../../../../arm-none-eabi/lib\libc_s.a(lib_a-vfprintf_i.o)
                              c:/isis/application/toolchain/bin/../lib/gcc/arm-none-eabi/4.7.4/../../../../arm-none-eabi/lib\libc_s.a(lib_a-vfprintf_float.o) (_printf_common)
c:/isis/application/toolchain/bin/../lib/gcc/arm-none-eabi/4.7.4/../../../../arm-none-eabi/lib\libc_s.a(lib_a-vfscanf_float.o)
                              (_scanf_float)
c:/isis/application/toolchain/bin/../lib/gcc/arm-none-eabi/4.7.4/../../../../arm-none-eabi/lib\libc_s.a(lib_a-dtoa.o)
                              c:/isis/application/toolchain/bin/../lib/gcc/arm-none-eabi/4.7.4/../../../../arm-none-eabi/lib\libc_s.a(lib_a-vfprintf_float.o) (_dtoa_r)
c:/isis/application/toolchain/bin/../lib/gcc/arm-none-eabi/4.7.4/../../../../arm-none-eabi/lib\libc_s.a(lib_a-locale.o)
                              c:/isis/application/toolchain/bin/../lib/gcc/arm-none-eabi/4.7.4/../../../../arm-none-eabi/lib\libc_s.a(lib_a-vfprintf_float.o) (_localeconv_r)
c:/isis/application/toolchain/bin/../lib/gcc/arm-none-eabi/4.7.4/../../../../arm-none-eabi/lib\libc_s.a(lib_a-malloc.o)
                              c:/isis/application/toolchain/bin/../lib/gcc/arm-none-eabi/4.7.4/../../../../arm-none-eabi/lib\libc_s.a(lib_a-dtoa.o) (malloc)
c:/isis/application/toolchain/bin/../lib/gcc/arm-none-eabi/4.7.4/../../../../arm-none-eabi/lib\libc_s.a(lib_a-mallocr.o)
                              c:/isis/application/toolchain/bin/../lib/gcc/arm-none-eabi/4.7.4/../../../../arm-none-eabi/lib\libc_s.a(lib_a-malloc.o) (_malloc_r)
c:/isis/application/toolchain/bin/../lib/gcc/arm-none-eabi/4.7.4/../../../../arm-none-eabi/lib\libc_s.a(lib_a-memcpy.o)
                              c:/isis/application/toolchain/bin/../lib/gcc/arm-none-eabi/4.7.4/../../../../arm-none-eabi/lib\libc_s.a(lib_a-dtoa.o) (memcpy)
c:/isis/application/toolchain/bin/../lib/gcc/arm-none-eabi/4.7.4/../../../../arm-none-eabi/lib\libc_s.a(lib_a-mprec.o)
                              c:/isis/application/toolchain/bin/../lib/gcc/arm-none-eabi/4.7.4/../../../../arm-none-eabi/lib\libc_s.a(lib_a-dtoa.o) (_Balloc)
c:/isis/application/toolchain/bin/../lib/gcc/arm-none-eabi/4.7.4/../../../../arm-none-eabi/lib\libc_s.a(lib_a-s_fpclassify.o)
                              c:/isis/application/toolchain/bin/../lib/gcc/arm-none-eabi/4.7.4/../../../../arm-none-eabi/lib\libc_s.a(lib_a-vfprintf_float.o) (__fpclassifyd)
c:/isis/application/toolchain/bin/../lib/gcc/arm-none-eabi/4.7.4/../../../../arm-none-eabi/lib\libc_s.a(lib_a-sbrkr.o)
                              c:/isis/application/toolchain/bin/../lib/gcc/arm-none-eabi/4.7.4/../../../../arm-none-eabi/lib\libc_s.a(lib_a-mallocr.o) (_sbrk_r)
c:/isis/application/toolchain/bin/../lib/gcc/arm-none-eabi/4.7.4/../../../../arm-none-eabi/lib\libc_s.a(lib_a-sf_nan.o)
                              c:/isis/application/toolchain/bin/../lib/gcc/arm-none-eabi/4.7.4/../../../../arm-none-eabi/lib\libc_s.a(lib_a-vfscanf_float.o) (nanf)
c:/isis/application/toolchain/bin/../lib/gcc/arm-none-eabi/4.7.4/../../../../arm-none-eabi/lib\libc_s.a(lib_a-sprintf.o)
                              c:/isis/application/toolchain/bin/../lib/gcc/arm-none-eabi/4.7.4/../../../../arm-none-eabi/lib\libc_s.a(lib_a-vfscanf_float.o) (sprintf)
c:/isis/application/toolchain/bin/../lib/gcc/arm-none-eabi/4.7.4/../../../../arm-none-eabi/lib\libc_s.a(lib_a-strcmp.o)
                              c:/isis/application/toolchain/bin/../lib/gcc/arm-none-eabi/4.7.4/../../../../arm-none-eabi/lib\libc_s.a(lib_a-locale.o) (strcmp)
c:/isis/application/toolchain/bin/../lib/gcc/arm-none-eabi/4.7.4/../../../../arm-none-eabi/lib\libc_s.a(lib_a-strlen.o)
                              c:/isis/application/toolchain/bin/../lib/gcc/arm-none-eabi/4.7.4/../../../../arm-none-eabi/lib\libc_s.a(lib_a-vfprintf_float.o) (strlen)
c:/isis/application/toolchain/bin/../lib/gcc/arm-none-eabi/4.7.4/../../../../arm-none-eabi/lib\libc_s.a(lib_a-strtod.o)
                              c:/isis/application/toolchain/bin/../lib/gcc/arm-none-eabi/4.7.4/../../../../arm-none-eabi/lib\libc_s.a(lib_a-vfscanf_float.o) (_strtod_r)
c:/isis/application/toolchain/bin/../lib/gcc/arm-none-eabi/4.7.4/../../../../arm-none-eabi/lib\libc_s.a(lib_a-strtol.o)
                              c:/isis/application/toolchain/bin/../lib/gcc/arm-none-eabi/4.7.4/../../../../arm-none-eabi/lib\libc_s.a(lib_a-vfscanf_float.o) (_strtol_r)
c:/isis/application/toolchain/bin/../lib/gcc/arm-none-eabi/4.7.4/../../../../arm-none-eabi/lib\libc_s.a(lib_a-svfprintf.o)
                              c:/isis/application/toolchain/bin/../lib/gcc/arm-none-eabi/4.7.4/../../../../arm-none-eabi/lib\libc_s.a(lib_a-sprintf.o) (_svfprintf_r)
[...]
Memory Configuration

Name             Origin             Length             Attributes
sram0            0x00200000         0x00004000         w !xr
sram1            0x00300000         0x00004000         w !xr
sdram            0x20000000         0x02000000         w !xr
*default*        0x00000000         0xffffffff

Linker script and memory map

LOAD c:/isis/application/toolchain/bin/../lib/gcc/arm-none-eabi/4.7.4/../../../../arm-none-eabi/lib\libc_s.a
LOAD ./src/sub-systemCode/payload/Request Management/Dump/Butchering.o
LOAD ./src/sub-systemCode/payload/Request Management/Dump/imageDump.o
LOAD ./src/sub-systemCode/payload/Request Management/CameraManager.o
LOAD ./src/sub-systemCode/payload/Request Management/DB_RequestHandling.o
LOAD ./src/sub-systemCode/payload/Misc/Boolean_bit.o
LOAD ./src/sub-systemCode/payload/Misc/FRAM_Extended.o
LOAD ./src/sub-systemCode/payload/Drivers/GeckoCameraDriver.o
LOAD ./src/sub-systemCode/payload/DataBase/DataBase.o
LOAD ./src/sub-systemCode/payload/Compression/jpeg/bmp/rawToBMP.o
LOAD ./src/sub-systemCode/payload/Compression/jpeg/DCT.o
LOAD ./src/sub-systemCode/payload/Compression/jpeg/ImgCompressor.o
LOAD ./src/sub-systemCode/payload/Compression/jpeg/color_conv.o
LOAD ./src/sub-systemCode/payload/Compression/jpeg/jpeg.o
LOAD ./src/sub-systemCode/payload/Compression/jpeg/jpeg_encoder.o
LOAD ./src/sub-systemCode/payload/Compression/jpeg/jpeg_memory_alloc.o
LOAD ./src/sub-systemCode/payload/Compression/jpeg/jpeg_params.o
LOAD ./src/sub-systemCode/payload/Compression/jpeg/output_stream.o
LOAD ./src/sub-systemCode/payload/Compression/ImageConversion.o
LOAD ./src/sub-systemCode/Main/CMD/COMM_CMD.o
LOAD ./src/sub-systemCode/Main/CMD/EPS_CMD.o
LOAD ./src/sub-systemCode/Main/CMD/General_CMD.o
LOAD ./src/sub-systemCode/Main/CMD/SW_CMD.o
LOAD ./src/sub-systemCode/Main/CMD/payload_CMD.o
LOAD ./src/sub-systemCode/Main/CMD/test_CMD.o
LOAD ./src/sub-systemCode/Main/Ants.o
LOAD ./src/sub-systemCode/Main/EPS.o
LOAD ./src/sub-systemCode/Main/HouseKeeping.o
LOAD ./src/sub-systemCode/Main/Main_Init.o
LOAD ./src/sub-systemCode/Main/commands.o
LOAD ./src/sub-systemCode/Global/Global.o
LOAD ./src/sub-systemCode/Global/GlobalParam.o
LOAD ./src/sub-systemCode/Global/TM_managment.o
LOAD ./src/sub-systemCode/COMM/APRS.o
LOAD ./src/sub-systemCode/COMM/DelayedCommand_list.o
LOAD ./src/sub-systemCode/COMM/GSC.o
LOAD ./src/sub-systemCode/COMM/TRXVU.o
LOAD ./src/sub-systemCode/ADCS/ADCS.o
LOAD ./src/sub-systemCode/ADCS/Stage_Table.o
LOAD ./src/main.o
LOAD C:/HOOPOE3/satellite-subsystems/demo/..//satellite-subsystems/lib\libSatelliteSubsystemsD.a
LOAD c:/isis/application/toolchain/bin/../lib/gcc/arm-none-eabi/4.7.4/../../../../arm-none-eabi/lib\libm.a
LOAD C:/HOOPOE3/satellite-subsystems/demo/../..//hal/hcc/lib\libHCCD.a
LOAD C:/HOOPOE3/satellite-subsystems/demo/../..//hal/hal/lib\libHALD.a
LOAD C:/HOOPOE3/satellite-subsystems/demo/../..//hal/freertos/lib\libFreeRTOSD.a
LOAD C:/HOOPOE3/satellite-subsystems/demo/../..//hal/at91/lib\libAt91D.a
START GROUP
LOAD c:/isis/application/toolchain/bin/../lib/gcc/arm-none-eabi/4.7.4\libgcc.a
LOAD c:/isis/application/toolchain/bin/../lib/gcc/arm-none-eabi/4.7.4/../../../../arm-none-eabi/lib\libc_s.a
END GROUP

.fixed          0x20000000    0x45c2c
                0x20000000                . = ALIGN (0x4)
                0x20000000                _sfixed = .
 *(.startup)
 .startup       0x20000000      0x134 C:/HOOPOE3/satellite-subsystems/demo/../..//hal/at91/lib\libAt91D.a(board_cstartup.o)
                0x20000000                entry
 *(.text)
 .text          0x20000134       0x64 C:/HOOPOE3/satellite-subsystems/demo/../..//hal/at91/lib\libAt91D.a(cp15_asm.o)
                0x20000134                _readControlRegister
                0x20000140                _writeControlRegister
                0x20000148                _waitForInterrupt
                0x20000154                _writeTTB
                0x2000015c                _writeDomain
                0x20000164                _writeITLBLockdown
                0x2000016c                _prefetchICacheLine
                0x20000174                _flushDCache
                0x20000180                _flushWriteBuffer
                0x2000018c                _invalidateIDTLBs
 .text          0x20000198      0x114 c:/isis/application/toolchain/bin/../lib/gcc/arm-none-eabi/4.7.4\libgcc.a(_udivsi3.o)
                0x20000198                __aeabi_uidiv
                0x20000198                __udivsi3
                0x2000028c                __aeabi_uidivmod
 .text          0x200002ac      0x148 c:/isis/application/toolchain/bin/../lib/gcc/arm-none-eabi/4.7.4\libgcc.a(_divsi3.o)
                0x200002ac                __divsi3
                0x200002ac                __aeabi_idiv
                0x200003d4                __aeabi_idivmod
 .text          0x200003f4        0x4 c:/isis/application/toolchain/bin/../lib/gcc/arm-none-eabi/4.7.4\libgcc.a(_dvmd_tls.o)
                0x200003f4                __aeabi_idiv0
                0x200003f4                __aeabi_ldiv0
 .text          0x200003f8      0x41c c:/isis/application/toolchain/bin/../lib/gcc/arm-none-eabi/4.7.4\libgcc.a(_arm_addsubdf3.o)
                0x200003f8                __aeabi_drsub
                0x20000400                __aeabi_dsub
                0x20000400                __subdf3
                0x20000404                __aeabi_dadd
                0x20000404                __adddf3
                0x20000714                __floatunsidf
                0x20000714                __aeabi_ui2d
                0x20000738                __floatsidf
                0x20000738                __aeabi_i2d
                0x20000760                __aeabi_f2d
                0x20000760                __extendsfdf2
                0x200007a0                __floatundidf
                0x200007a0                __aeabi_ul2d
                0x200007b4                __floatdidf
                0x200007b4                __aeabi_l2d
 .text          0x20000814      0x49c c:/isis/application/toolchain/bin/../lib/gcc/arm-none-eabi/4.7.4\libgcc.a(_arm_muldivdf3.o)
                0x20000814                __aeabi_dmul
                0x20000814                __muldf3
                0x20000aa4                __divdf3
                0x20000aa4                __aeabi_ddiv
 .text          0x20000cb0      0x144 c:/isis/application/toolchain/bin/../lib/gcc/arm-none-eabi/4.7.4\libgcc.a(_arm_cmpdf2.o)
                0x20000cb0                __gtdf2
                0x20000cb0                __gedf2
                0x20000cb8                __ltdf2
                0x20000cb8                __ledf2
                0x20000cc0                __nedf2
                0x20000cc0                __eqdf2
                0x20000cc0                __cmpdf2
                0x20000d48                __aeabi_cdrcmple
                0x20000d64                __aeabi_cdcmpeq
                0x20000d64                __aeabi_cdcmple
                0x20000d7c                __aeabi_dcmpeq
                0x20000d94                __aeabi_dcmplt
                0x20000dac                __aeabi_dcmple
                0x20000dc4                __aeabi_dcmpge
                0x20000ddc                __aeabi_dcmpgt
 .text          0x20000df4       0x5c c:/isis/application/toolchain/bin/../lib/gcc/arm-none-eabi/4.7.4\libgcc.a(_arm_fixdfsi.o)
                0x20000df4                __aeabi_d2iz
                0x20000df4                __fixdfsi
 .text          0x20000e50       0x54 c:/isis/application/toolchain/bin/../lib/gcc/arm-none-eabi/4.7.4\libgcc.a(_arm_fixunsdfsi.o)
                0x20000e50                __aeabi_d2uiz
                0x20000e50                __fixunsdfsi
 .text          0x20000ea4       0xa0 c:/isis/application/toolchain/bin/../lib/gcc/arm-none-eabi/4.7.4\libgcc.a(_arm_truncdfsf2.o)
                0x20000ea4                __truncdfsf2
                0x20000ea4                __aeabi_d2f
 .text          0x20000f44      0x2ac c:/isis/application/toolchain/bin/../lib/gcc/arm-none-eabi/4.7.4\libgcc.a(_arm_addsubsf3.o)
                0x20000f44                __aeabi_frsub
                0x20000f4c                __subsf3
                0x20000f4c                __aeabi_fsub
                0x20000f50                __aeabi_fadd
                0x20000f50                __addsf3
                0x2000110c                __aeabi_ui2f
                0x2000110c                __floatunsisf
                0x20001114                __aeabi_i2f
                0x20001114                __floatsisf
                0x20001134                __aeabi_ul2f
                0x20001134                __floatundisf
                0x20001144                __aeabi_l2f
                0x20001144                __floatdisf
 .text          0x200011f0       0x5c c:/isis/application/toolchain/bin/../lib/gcc/arm-none-eabi/4.7.4\libgcc.a(_arm_fixsfsi.o)
                0x200011f0                __aeabi_f2iz
                0x200011f0                __fixsfsi
 *(.text*)
 .text.__cvt    0x2000124c      0x138 c:/isis/application/toolchain/bin/../lib/gcc/arm-none-eabi/4.7.4/../../../../arm-none-eabi/lib\libc_s.a(lib_a-vfprintf_float.o)
                0x2000124c                __cvt
 .text.__exponent
                0x20001384       0xa8 c:/isis/application/toolchain/bin/../lib/gcc/arm-none-eabi/4.7.4/../../../../arm-none-eabi/lib\libc_s.a(lib_a-vfprintf_float.o)
                0x20001384                __exponent
 .text._printf_float
                0x2000142c      0x7dc c:/isis/application/toolchain/bin/../lib/gcc/arm-none-eabi/4.7.4/../../../../arm-none-eabi/lib\libc_s.a(lib_a-vfprintf_float.o)
                0x2000142c                _printf_float
 .text._printf_common
                0x20001c08      0x174 c:/isis/application/toolchain/bin/../lib/gcc/arm-none-eabi/4.7.4/../../../../arm-none-eabi/lib\libc_s.a(lib_a-vfprintf_i.o)
                0x20001c08                _printf_common
 .text._printf_i
                0x20001d7c      0x3c4 c:/isis/application/toolchain/bin/../lib/gcc/arm-none-eabi/4.7.4/../../../../arm-none-eabi/lib\libc_s.a(lib_a-vfprintf_i.o)
                0x20001d7c                _printf_i
 .text._scanf_float
                0x20002140      0x5f4 c:/isis/application/toolchain/bin/../lib/gcc/arm-none-eabi/4.7.4/../../../../arm-none-eabi/lib\libc_s.a(lib_a-vfscanf_float.o)
                0x20002140                _scanf_float
 .text.quorem   0x20002734      0x1ac c:/isis/application/toolchain/bin/../lib/gcc/arm-none-eabi/4.7.4/../../../../arm-none-eabi/lib\libc_s.a(lib_a-dtoa.o)
 .text._dtoa_r  0x200028e0     0x1268 c:/isis/application/toolchain/bin/../lib/gcc/arm-none-eabi/4.7.4/../../../../arm-none-eabi/lib\libc_s.a(lib_a-dtoa.o)
                0x200028e0                _dtoa_r
 .text._localeconv_r
                0x20003b48        0xc c:/isis/application/toolchain/bin/../lib/gcc/arm-none-eabi/4.7.4/../../../../arm-none-eabi/lib\libc_s.a(lib_a-locale.o)
                0x20003b48                _localeconv_r
 .text.malloc   0x20003b54       0x20 c:/isis/application/toolchain/bin/../lib/gcc/arm-none-eabi/4.7.4/../../../../arm-none-eabi/lib\libc_s.a(lib_a-malloc.o)
                0x20003b54                malloc
 .text.free     0x20003b74       0x20 c:/isis/application/toolchain/bin/../lib/gcc/arm-none-eabi/4.7.4/../../../../arm-none-eabi/lib\libc_s.a(lib_a-malloc.o)
                0x20003b74                free
 .text._malloc_r
                0x20003b94       0xfc c:/isis/application/toolchain/bin/../lib/gcc/arm-none-eabi/4.7.4/../../../../arm-none-eabi/lib\libc_s.a(lib_a-mallocr.o)
                0x20003b94                _malloc_r
 .text.memcpy   0x20003c90       0x20 c:/isis/application/toolchain/bin/../lib/gcc/arm-none-eabi/4.7.4/../../../../arm-none-eabi/lib\libc_s.a(lib_a-memcpy.o)
                0x20003c90                memcpy
 .text._Balloc  0x20003cb0       0xcc c:/isis/application/toolchain/bin/../lib/gcc/arm-none-eabi/4.7.4/../../../../arm-none-eabi/lib\libc_s.a(lib_a-mprec.o)
                0x20003cb0                _Balloc
 .text._Bfree   0x20003d7c       0x5c c:/isis/application/toolchain/bin/../lib/gcc/arm-none-eabi/4.7.4/../../../../arm-none-eabi/lib\libc_s.a(lib_a-mprec.o)
                0x20003d7c                _Bfree
 .text.__multadd
                0x20003dd8       0xbc c:/isis/application/toolchain/bin/../lib/gcc/arm-none-eabi/4.7.4/../../../../arm-none-eabi/lib\libc_s.a(lib_a-mprec.o)
                0x20003dd8                __multadd
 .text.__s2b    0x20003e94       0xd8 c:/isis/application/toolchain/bin/../lib/gcc/arm-none-eabi/4.7.4/../../../../arm-none-eabi/lib\libc_s.a(lib_a-mprec.o)
                0x20003e94                __s2b
 .text.__hi0bits
                0x20003f6c       0x58 c:/isis/application/toolchain/bin/../lib/gcc/arm-none-eabi/4.7.4/../../../../arm-none-eabi/lib\libc_s.a(lib_a-mprec.o)
                0x20003f6c                __hi0bits
 .text.__lo0bits
                0x20003fc4       0x94 c:/isis/application/toolchain/bin/../lib/gcc/arm-none-eabi/4.7.4/../../../../arm-none-eabi/lib\libc_s.a(lib_a-mprec.o)
                0x20003fc4                __lo0bits
 .text.__i2b    0x20004058       0x24 c:/isis/application/toolchain/bin/../lib/gcc/arm-none-eabi/4.7.4/../../../../arm-none-eabi/lib\libc_s.a(lib_a-mprec.o)
                0x20004058                __i2b
 .text.__multiply
                0x2000407c      0x1ac c:/isis/application/toolchain/bin/../lib/gcc/arm-none-eabi/4.7.4/../../../../arm-none-eabi/lib\libc_s.a(lib_a-mprec.o)
                0x2000407c                __multiply
 .text.__pow5mult
                0x20004228      0x10c c:/isis/application/toolchain/bin/../lib/gcc/arm-none-eabi/4.7.4/../../../../arm-none-eabi/lib\libc_s.a(lib_a-mprec.o)
                0x20004228                __pow5mult
 .text.__lshift
                0x20004334       0xf0 c:/isis/application/toolchain/bin/../lib/gcc/arm-none-eabi/4.7.4/../../../../arm-none-eabi/lib\libc_s.a(lib_a-mprec.o)
                0x20004334                __lshift
 .text.__mcmp   0x20004424       0x60 c:/isis/application/toolchain/bin/../lib/gcc/arm-none-eabi/4.7.4/../../../../arm-none-eabi/lib\libc_s.a(lib_a-mprec.o)
                0x20004424                __mcmp
 .text.__mdiff  0x20004484      0x128 c:/isis/application/toolchain/bin/../lib/gcc/arm-none-eabi/4.7.4/../../../../arm-none-eabi/lib\libc_s.a(lib_a-mprec.o)
                0x20004484                __mdiff
 .text.__ulp    0x200045ac       0x5c c:/isis/application/toolchain/bin/../lib/gcc/arm-none-eabi/4.7.4/../../../../arm-none-eabi/lib\libc_s.a(lib_a-mprec.o)
                0x200045ac                __ulp
 .text.__b2d    0x20004608       0xc8 c:/isis/application/toolchain/bin/../lib/gcc/arm-none-eabi/4.7.4/../../../../arm-none-eabi/lib\libc_s.a(lib_a-mprec.o)
                0x20004608                __b2d
 .text.__d2b    0x200046d0       0xfc c:/isis/application/toolchain/bin/../lib/gcc/arm-none-eabi/4.7.4/../../../../arm-none-eabi/lib\libc_s.a(lib_a-mprec.o)
                0x200046d0                __d2b
 .text.__ratio  0x200047cc       0x70 c:/isis/application/toolchain/bin/../lib/gcc/arm-none-eabi/4.7.4/../../../../arm-none-eabi/lib\libc_s.a(lib_a-mprec.o)
                0x200047cc                __ratio
 .text.__copybits
                0x2000483c       0x4c c:/isis/application/toolchain/bin/../lib/gcc/arm-none-eabi/4.7.4/../../../../arm-none-eabi/lib\libc_s.a(lib_a-mprec.o)
                0x2000483c                __copybits
 .text.__any_on
                0x20004888       0x7c c:/isis/application/toolchain/bin/../lib/gcc/arm-none-eabi/4.7.4/../../../../arm-none-eabi/lib\libc_s.a(lib_a-mprec.o)
                0x20004888                __any_on
 .text.__fpclassifyd
                0x20004904       0x6c c:/isis/application/toolchain/bin/../lib/gcc/arm-none-eabi/4.7.4/../../../../arm-none-eabi/lib\libc_s.a(lib_a-s_fpclassify.o)
                0x20004904                __fpclassifyd
 .text._sbrk_r  0x20004970       0x3c c:/isis/application/toolchain/bin/../lib/gcc/arm-none-eabi/4.7.4/../../../../arm-none-eabi/lib\libc_s.a(lib_a-sbrkr.o)
                0x20004970                _sbrk_r
 .text.nanf     0x200049ac        0xc c:/isis/application/toolchain/bin/../lib/gcc/arm-none-eabi/4.7.4/../../../../arm-none-eabi/lib\libc_s.a(lib_a-sf_nan.o)
                0x200049ac                nanf
 .text.sprintf  0x200049b8       0x6c c:/isis/application/toolchain/bin/../lib/gcc/arm-none-eabi/4.7.4/../../../../arm-none-eabi/lib\libc_s.a(lib_a-sprintf.o)
                0x200049b8                siprintf
                0x200049b8                sprintf
 .text.strcmp   0x20004a24       0x1c c:/isis/application/toolchain/bin/../lib/gcc/arm-none-eabi/4.7.4/../../../../arm-none-eabi/lib\libc_s.a(lib_a-strcmp.o)
                0x20004a24                strcmp
 .text.strlen   0x20004a40       0x1c c:/isis/application/toolchain/bin/../lib/gcc/arm-none-eabi/4.7.4/../../../../arm-none-eabi/lib\libc_s.a(lib_a-strlen.o)
                0x20004a40                strlen
 .text.match    0x20004a5c       0x54 c:/isis/application/toolchain/bin/../lib/gcc/arm-none-eabi/4.7.4/../../../../arm-none-eabi/lib\libc_s.a(lib_a-strtod.o)
 .text._strtod_r
                0x20004ab0     0x1168 c:/isis/application/toolchain/bin/../lib/gcc/arm-none-eabi/4.7.4/../../../../arm-none-eabi/lib\libc_s.a(lib_a-strtod.o)
                0x20004ab0                _strtod_r
 .text._strtol_r
                0x20005c18      0x1b8 c:/isis/application/toolchain/bin/../lib/gcc/arm-none-eabi/4.7.4/../../../../arm-none-eabi/lib\libc_s.a(lib_a-strtol.o)
                0x20005c18                _strtol_r
 .text.__ssputc_r
                0x20005dd0      0x10c c:/isis/application/toolchain/bin/../lib/gcc/arm-none-eabi/4.7.4/../../../../arm-none-eabi/lib\libc_s.a(lib_a-svfprintf.o)
                0x20005dd0                __ssputc_r
 .text._svfprintf_r
                0x20005edc      0x328 c:/isis/application/toolchain/bin/../lib/gcc/arm-none-eabi/4.7.4/../../../../arm-none-eabi/lib\libc_s.a(lib_a-svfprintf.o)
                0x20005edc                _svfiprintf_r
                0x20005edc                _svfprintf_r
 .text._calloc_r
                0x20006204       0x2c c:/isis/application/toolchain/bin/../lib/gcc/arm-none-eabi/4.7.4/../../../../arm-none-eabi/lib\libc_s.a(lib_a-callocr.o)
                0x20006204                _calloc_r
 .text._free_r  0x20006230      0x108 c:/isis/application/toolchain/bin/../lib/gcc/arm-none-eabi/4.7.4/../../../../arm-none-eabi/lib\libc_s.a(lib_a-freer.o)
                0x20006230                _free_r
 .text.rshift   0x20006338       0xb0 c:/isis/application/toolchain/bin/../lib/gcc/arm-none-eabi/4.7.4/../../../../arm-none-eabi/lib\libc_s.a(lib_a-gdtoa-gethex.o)
 .text.htinit.constprop.0
                0x200063e8       0x34 c:/isis/application/toolchain/bin/../lib/gcc/arm-none-eabi/4.7.4/../../../../arm-none-eabi/lib\libc_s.a(lib_a-gdtoa-gethex.o)
 .text.__hexdig_init
                0x2000641c       0x38 c:/isis/application/toolchain/bin/../lib/gcc/arm-none-eabi/4.7.4/../../../../arm-none-eabi/lib\libc_s.a(lib_a-gdtoa-gethex.o)
                0x2000641c                __hexdig_init
 .text.__gethex
                0x20006454      0x6cc c:/isis/application/toolchain/bin/../lib/gcc/arm-none-eabi/4.7.4/../../../../arm-none-eabi/lib\libc_s.a(lib_a-gdtoa-gethex.o)
                0x20006454                __gethex
 .text.L_shift  0x20006b20       0x38 c:/isis/application/toolchain/bin/../lib/gcc/arm-none-eabi/4.7.4/../../../../arm-none-eabi/lib\libc_s.a(lib_a-gdtoa-hexnan.o)
 .text.__hexnan
                0x20006b58      0x1d8 c:/isis/application/toolchain/bin/../lib/gcc/arm-none-eabi/4.7.4/../../../../arm-none-eabi/lib\libc_s.a(lib_a-gdtoa-hexnan.o)
                0x20006b58                __hexnan
 .text.memchr   0x20006d30       0x34 c:/isis/application/toolchain/bin/../lib/gcc/arm-none-eabi/4.7.4/../../../../arm-none-eabi/lib\libc_s.a(lib_a-memchr.o)
                0x20006d30                memchr
 .text.memset   0x20006d64       0x1c c:/isis/application/toolchain/bin/../lib/gcc/arm-none-eabi/4.7.4/../../../../arm-none-eabi/lib\libc_s.a(lib_a-memset.o)
                0x20006d64                memset
 .text._realloc_r
                0x20006d80       0x80 c:/isis/application/toolchain/bin/../lib/gcc/arm-none-eabi/4.7.4/../../../../arm-none-eabi/lib\libc_s.a(lib_a-reallocr.o)
                0x20006d80                _realloc_r
 .text.strncmp  0x20006e00       0x64 c:/isis/application/toolchain/bin/../lib/gcc/arm-none-eabi/4.7.4/../../../../arm-none-eabi/lib\libc_s.a(lib_a-strncmp.o)
                0x20006e00                strncmp
 .text._malloc_usable_size_r
                0x20006e64       0x1c c:/isis/application/toolchain/bin/../lib/gcc/arm-none-eabi/4.7.4/../../../../arm-none-eabi/lib\libc_s.a(lib_a-msizer.o)
                0x20006e64                _malloc_usable_size_r
 .text.GetChunksFromRange
                0x20006e80      0x1d0 ./src/sub-systemCode/payload/Request Management/Dump/Butchering.o
                0x20006e80                GetChunksFromRange
 .text.GetChunkFromImage
                0x20007050      0x33c ./src/sub-systemCode/payload/Request Management/Dump/Butchering.o
                0x20007050                GetChunkFromImage
 .text.SimpleButcher
                0x2000738c       0xf4 ./src/sub-systemCode/payload/Request Management/Dump/Butchering.o
                0x2000738c                SimpleButcher
 .text.find_subType_ofImage
                0x20007480       0xe0 ./src/sub-systemCode/payload/Request Management/Dump/imageDump.o
                0x20007480                find_subType_ofImage
 .text.buildAndSend_chunck
                0x20007560      0x29c ./src/sub-systemCode/payload/Request Management/Dump/imageDump.o
                0x20007560                buildAndSend_chunck
 .text.bitField_imageDump
                0x200077fc      0x1ac ./src/sub-systemCode/payload/Request Management/Dump/imageDump.o
                0x200077fc                bitField_imageDump
 .text.thumbnail_Dump
                0x200079a8      0x244 ./src/sub-systemCode/payload/Request Management/Dump/imageDump.o
                0x200079a8                thumbnail_Dump
 .text.imageDataBase_Dump
                0x20007bec       0xf0 ./src/sub-systemCode/payload/Request Management/Dump/imageDump.o
                0x20007bec                imageDataBase_Dump
 .text.chunkField_imageDump
                0x20007cdc      0x1ac ./src/sub-systemCode/payload/Request Management/Dump/imageDump.o
                0x20007cdc                chunkField_imageDump
 .text.imageDump_task
                0x20007e88      0x3a0 ./src/sub-systemCode/payload/Request Management/Dump/imageDump.o
                0x20007e88                imageDump_task
 .text.CameraManagerTaskMain
                0x20008228       0xbc ./src/sub-systemCode/payload/Request Management/CameraManager.o
                0x20008228                CameraManagerTaskMain
 .text.initCamera
                0x200082e4       0x6c ./src/sub-systemCode/payload/Request Management/CameraManager.o
                0x200082e4                initCamera
 .text.KickStartCamera
                0x20008350       0xb4 ./src/sub-systemCode/payload/Request Management/CameraManager.o
                0x20008350                KickStartCamera
 .text.addRequestToQueue
                0x20008404       0xa8 ./src/sub-systemCode/payload/Request Management/CameraManager.o
                0x20008404                addRequestToQueue
 .text.removeRequestFromQueue
                0x200084ac       0x7c ./src/sub-systemCode/payload/Request Management/CameraManager.o
                0x200084ac                removeRequestFromQueue
 .text.Take_pictures_with_time_in_between
                0x20008528       0xa4 ./src/sub-systemCode/payload/Request Management/CameraManager.o
                0x20008528                Take_pictures_with_time_in_between
 .text.Gecko_TroubleShooter
                0x200085cc       0xdc ./src/sub-systemCode/payload/Request Management/CameraManager.o
                0x200085cc                Gecko_TroubleShooter
 .text.handleDump
                0x200086a8      0x108 ./src/sub-systemCode/payload/Request Management/CameraManager.o
                0x200086a8                handleDump
 .text.act_upon_request
                0x200087b0      0x2f0 ./src/sub-systemCode/payload/Request Management/CameraManager.o
                0x200087b0                act_upon_request
 .text.TakePicture
                0x20008aa0       0x4c ./src/sub-systemCode/payload/Request Management/DB_RequestHandling.o
                0x20008aa0                TakePicture
 .text.TakeSpecialPicture
                0x20008aec      0x10c ./src/sub-systemCode/payload/Request Management/DB_RequestHandling.o
                0x20008aec                TakeSpecialPicture
 .text.DeletePictureFile
                0x20008bf8       0x88 ./src/sub-systemCode/payload/Request Management/DB_RequestHandling.o
                0x20008bf8                DeletePictureFile
 .text.DeletePicture
                0x20008c80       0x68 ./src/sub-systemCode/payload/Request Management/DB_RequestHandling.o
                0x20008c80                DeletePicture
 .text.TransferPicture
                0x20008ce8       0x54 ./src/sub-systemCode/payload/Request Management/DB_RequestHandling.o
                0x20008ce8                TransferPicture
 .text.CreateThumbnail
                0x20008d3c       0x90 ./src/sub-systemCode/payload/Request Management/DB_RequestHandling.o
                0x20008d3c                CreateThumbnail
 .text.CreateJPG
                0x20008dcc       0x7c ./src/sub-systemCode/payload/Request Management/DB_RequestHandling.o
                0x20008dcc                CreateJPG
 .text.UpdatePhotographyValues
                0x20008e48       0xb4 ./src/sub-systemCode/payload/Request Management/DB_RequestHandling.o
                0x20008e48                UpdatePhotographyValues
 .text.convert2char
                0x20008efc      0x14c ./src/sub-systemCode/payload/Misc/Boolean_bit.o
                0x20008efc                convert2char
 .text.convert2byte
                0x20009048      0x1c8 ./src/sub-systemCode/payload/Misc/Boolean_bit.o
                0x20009048                convert2byte
 .text.bits2byte
                0x20009210      0x17c ./src/sub-systemCode/payload/Misc/Boolean_bit.o
                0x20009210                bits2byte
 .text.byte2bits
                0x2000938c      0x17c ./src/sub-systemCode/payload/Misc/Boolean_bit.o
                0x2000938c                byte2bits
 .text.char2bits
                0x20009508       0x44 ./src/sub-systemCode/payload/Misc/Boolean_bit.o
                0x20009508                char2bits
 .text.bits2char
                0x2000954c       0x3c ./src/sub-systemCode/payload/Misc/Boolean_bit.o
                0x2000954c                bits2char
 .text.Initialized_GPIO
                0x20009588       0x54 ./src/sub-systemCode/payload/Drivers/GeckoCameraDriver.o
                0x20009588                Initialized_GPIO
 .text.TurnOnGecko
                0x200095dc      0x128 ./src/sub-systemCode/payload/Drivers/GeckoCameraDriver.o
                0x200095dc                TurnOnGecko
 .text.TurnOffGecko
                0x20009704       0xc0 ./src/sub-systemCode/payload/Drivers/GeckoCameraDriver.o
                0x20009704                TurnOffGecko
 .text.initGecko
                0x200097c4       0x3c ./src/sub-systemCode/payload/Drivers/GeckoCameraDriver.o
                0x200097c4                initGecko
 .text.GECKO_TakeImage
                0x20009800      0x2c4 ./src/sub-systemCode/payload/Drivers/GeckoCameraDriver.o
                0x20009800                GECKO_TakeImage
 .text.GECKO_EraseBlock
                0x20009ac4       0xc0 ./src/sub-systemCode/payload/Drivers/GeckoCameraDriver.o
                0x20009ac4                GECKO_EraseBlock
 .text.getFileName
                0x20009b84      0x1a0 ./src/sub-systemCode/payload/DataBase/DataBase.o
 .text.zeroImageDataBase
                0x20009d24       0x84 ./src/sub-systemCode/payload/DataBase/DataBase.o
                0x20009d24                zeroImageDataBase
 .text.updateGeneralDataBaseParameters
                0x20009da8       0x5c ./src/sub-systemCode/payload/DataBase/DataBase.o
                0x20009da8                updateGeneralDataBaseParameters
 .text.SearchDataBase_byID
                0x20009e04      0x220 ./src/sub-systemCode/payload/DataBase/DataBase.o
                0x20009e04                SearchDataBase_byID
 .text.checkForFileType
                0x2000a024       0x68 ./src/sub-systemCode/payload/DataBase/DataBase.o
                0x2000a024                checkForFileType
 .text.updateFileTypes
                0x2000a08c       0xbc ./src/sub-systemCode/payload/DataBase/DataBase.o
                0x2000a08c                updateFileTypes
 .text.GetImageFactor
                0x2000a148       0xb8 ./src/sub-systemCode/payload/DataBase/DataBase.o
                0x2000a148                GetImageFactor
 .text.readImageToBuffer
                0x2000a200      0x130 ./src/sub-systemCode/payload/DataBase/DataBase.o
                0x2000a200                readImageToBuffer
 .text.saveImageFromBuffer
                0x2000a330      0x14c ./src/sub-systemCode/payload/DataBase/DataBase.o
                0x2000a330                saveImageFromBuffer
 .text.getDataBaseStart
                0x2000a47c       0x20 ./src/sub-systemCode/payload/DataBase/DataBase.o
                0x2000a47c                getDataBaseStart
 .text.setDataBaseValues
                0x2000a49c      0x1d8 ./src/sub-systemCode/payload/DataBase/DataBase.o
                0x2000a49c                setDataBaseValues
 .text.initImageDataBase
                0x2000a674      0x19c ./src/sub-systemCode/payload/DataBase/DataBase.o
                0x2000a674                initImageDataBase
 .text.resetImageDataBase
                0x2000a810       0x98 ./src/sub-systemCode/payload/DataBase/DataBase.o
                0x2000a810                resetImageDataBase
 .text.setCameraPhotographyValues
                0x2000a8a8      0x10c ./src/sub-systemCode/payload/DataBase/DataBase.o
                0x2000a8a8                setCameraPhotographyValues
 .text.transferImageToSD_withoutSearch
                0x2000a9b4      0x168 ./src/sub-systemCode/payload/DataBase/DataBase.o
                0x2000a9b4                transferImageToSD_withoutSearch
 .text.transferImageToSD
                0x2000ab1c       0xb4 ./src/sub-systemCode/payload/DataBase/DataBase.o
                0x2000ab1c                transferImageToSD
 .text.DeleteImageFromOBC_withoutSearch
                0x2000abd0       0xd4 ./src/sub-systemCode/payload/DataBase/DataBase.o
                0x2000abd0                DeleteImageFromOBC_withoutSearch
 .text.DeleteImageFromOBC
                0x2000aca4       0xb4 ./src/sub-systemCode/payload/DataBase/DataBase.o
                0x2000aca4                DeleteImageFromOBC
 .text.DeleteImageFromPayload
                0x2000ad58      0x24c ./src/sub-systemCode/payload/DataBase/DataBase.o
                0x2000ad58                DeleteImageFromPayload
 .text.clearImageDataBase
                0x2000afa4      0x13c ./src/sub-systemCode/payload/DataBase/DataBase.o
                0x2000afa4                clearImageDataBase
 .text.writeNewImageMetaDataToFRAM
                0x2000b0e0      0x234 ./src/sub-systemCode/payload/DataBase/DataBase.o
                0x2000b0e0                writeNewImageMetaDataToFRAM
 .text.takePicture
                0x2000b314      0x31c ./src/sub-systemCode/payload/DataBase/DataBase.o
                0x2000b314                takePicture
 .text.takePicture_withSpecialParameters
                0x2000b630       0xbc ./src/sub-systemCode/payload/DataBase/DataBase.o
                0x2000b630                takePicture_withSpecialParameters
 .text.GetImageFileName
                0x2000b6ec       0xc0 ./src/sub-systemCode/payload/DataBase/DataBase.o
                0x2000b6ec                GetImageFileName
 .text.getImageDataBaseBuffer
                0x2000b7ac      0x3fc ./src/sub-systemCode/payload/DataBase/DataBase.o
                0x2000b7ac                getImageDataBaseBuffer
 .text.get_ID_list_withDefaltThumbnail
                0x2000bba8      0x180 ./src/sub-systemCode/payload/DataBase/DataBase.o
                0x2000bba8                get_ID_list_withDefaltThumbnail
 .text.TransformRawToBMP
                0x2000bd28      0x1a8 ./src/sub-systemCode/payload/Compression/jpeg/bmp/rawToBMP.o
                0x2000bd28                TransformRawToBMP
 .text.interpolate
                0x2000bed0      0x8d0 ./src/sub-systemCode/payload/Compression/jpeg/bmp/rawToBMP.o
                0x2000bed0                interpolate
 .text.getInputAt
                0x2000c7a0      0x308 ./src/sub-systemCode/payload/Compression/jpeg/bmp/rawToBMP.o
                0x2000c7a0                getInputAt
 .text.f_writeF_FILEHeader
                0x2000caa8      0x2f0 ./src/sub-systemCode/payload/Compression/jpeg/bmp/rawToBMP.o
                0x2000caa8                f_writeF_FILEHeader
 .text.f_writeOutputRow
                0x2000cd98       0xbc ./src/sub-systemCode/payload/Compression/jpeg/bmp/rawToBMP.o
                0x2000cd98                f_writeOutputRow
 .text.dct      0x2000ce54      0x9c4 ./src/sub-systemCode/payload/Compression/jpeg/DCT.o
                0x2000ce54                dct
 .text.JPEG_compressor
                0x2000d818       0xf8 ./src/sub-systemCode/payload/Compression/jpeg/ImgCompressor.o
                0x2000d818                JPEG_compressor
 .text.Create_BMP_File
                0x2000d910       0xc8 ./src/sub-systemCode/payload/Compression/jpeg/ImgCompressor.o
                0x2000d910                Create_BMP_File
 .text.CompressImage
                0x2000d9d8      0x1b4 ./src/sub-systemCode/payload/Compression/jpeg/ImgCompressor.o
                0x2000d9d8                CompressImage
 .text.clamp    0x2000db8c       0x60 ./src/sub-systemCode/payload/Compression/jpeg/color_conv.o
                0x2000db8c                clamp
 .text.RGB_to_YCC
                0x2000dbec      0x1a8 ./src/sub-systemCode/payload/Compression/jpeg/color_conv.o
                0x2000dbec                RGB_to_YCC
 .text.RGB_to_Y
                0x2000dd94       0xc4 ./src/sub-systemCode/payload/Compression/jpeg/color_conv.o
                0x2000dd94                RGB_to_Y
 .text.Y_to_YCC
                0x2000de58       0x88 ./src/sub-systemCode/payload/Compression/jpeg/color_conv.o
                0x2000de58                Y_to_YCC
 .text.compress_image_to_jpeg_file
                0x2000dee0      0x184 ./src/sub-systemCode/payload/Compression/jpeg/jpeg.o
                0x2000dee0                compress_image_to_jpeg_file
 .text.emit_marker
                0x2000e064       0xc8 ./src/sub-systemCode/payload/Compression/jpeg/jpeg_encoder.o
                0x2000e064                emit_marker
 .text.emit_byte
                0x2000e12c       0x6c ./src/sub-systemCode/payload/Compression/jpeg/jpeg_encoder.o
                0x2000e12c                emit_byte
 .text.emit_word
                0x2000e198       0xd0 ./src/sub-systemCode/payload/Compression/jpeg/jpeg_encoder.o
                0x2000e198                emit_word
 .text.emit_jfif_app0
                0x2000e268       0xc0 ./src/sub-systemCode/payload/Compression/jpeg/jpeg_encoder.o
                0x2000e268                emit_jfif_app0
 .text.emit_dqt
                0x2000e328       0xd8 ./src/sub-systemCode/payload/Compression/jpeg/jpeg_encoder.o
                0x2000e328                emit_dqt
 .text.emit_sof
                0x2000e400      0x14c ./src/sub-systemCode/payload/Compression/jpeg/jpeg_encoder.o
                0x2000e400                emit_sof
 .text.emit_dht
                0x2000e54c      0x138 ./src/sub-systemCode/payload/Compression/jpeg/jpeg_encoder.o
                0x2000e54c                emit_dht
 .text.emit_dhts
                0x2000e684       0xd8 ./src/sub-systemCode/payload/Compression/jpeg/jpeg_encoder.o
                0x2000e684                emit_dhts
 .text.emit_sos
                0x2000e75c       0xec ./src/sub-systemCode/payload/Compression/jpeg/jpeg_encoder.o
                0x2000e75c                emit_sos
 .text.emit_markers
                0x2000e848       0x4c ./src/sub-systemCode/payload/Compression/jpeg/jpeg_encoder.o
                0x2000e848                emit_markers
 .text.compute_huffman_table
                0x2000e894      0x334 ./src/sub-systemCode/payload/Compression/jpeg/jpeg_encoder.o
                0x2000e894                compute_huffman_table
 .text.compute_quant_table
                0x2000ebc8      0x11c ./src/sub-systemCode/payload/Compression/jpeg/jpeg_encoder.o
                0x2000ebc8                compute_quant_table
 .text.first_pass_init
                0x2000ece4       0x54 ./src/sub-systemCode/payload/Compression/jpeg/jpeg_encoder.o
                0x2000ece4                first_pass_init
 .text.second_pass_init
                0x2000ed38      0x110 ./src/sub-systemCode/payload/Compression/jpeg/jpeg_encoder.o
                0x2000ed38                second_pass_init
 .text.jpg_open
                0x2000ee48      0x7b4 ./src/sub-systemCode/payload/Compression/jpeg/jpeg_encoder.o
                0x2000ee48                jpg_open
 .text.load_block_8_8_grey
                0x2000f5fc      0x164 ./src/sub-systemCode/payload/Compression/jpeg/jpeg_encoder.o
                0x2000f5fc                load_block_8_8_grey
 .text.load_block_8_8
                0x2000f760      0x198 ./src/sub-systemCode/payload/Compression/jpeg/jpeg_encoder.o
                0x2000f760                load_block_8_8
 .text.load_block_16_8
                0x2000f8f8      0x3cc ./src/sub-systemCode/payload/Compression/jpeg/jpeg_encoder.o
                0x2000f8f8                load_block_16_8
 .text.load_block_16_8_8
                0x2000fcc4      0x2a8 ./src/sub-systemCode/payload/Compression/jpeg/jpeg_encoder.o
                0x2000fcc4                load_block_16_8_8
 .text.load_coefficients
                0x2000ff6c      0x1c8 ./src/sub-systemCode/payload/Compression/jpeg/jpeg_encoder.o
                0x2000ff6c                load_coefficients
 .text.flush_output_buffer
                0x20010134       0xa0 ./src/sub-systemCode/payload/Compression/jpeg/jpeg_encoder.o
                0x20010134                flush_output_buffer
 .text.put_bits
                0x200101d4      0x170 ./src/sub-systemCode/payload/Compression/jpeg/jpeg_encoder.o
                0x200101d4                put_bits
 .text.code_coefficients_pass_two
                0x20010344      0x338 ./src/sub-systemCode/payload/Compression/jpeg/jpeg_encoder.o
                0x20010344                code_coefficients_pass_two
 .text.code_block
                0x2001067c       0x44 ./src/sub-systemCode/payload/Compression/jpeg/jpeg_encoder.o
                0x2001067c                code_block
 .text.process_mcu_row
                0x200106c0      0x328 ./src/sub-systemCode/payload/Compression/jpeg/jpeg_encoder.o
                0x200106c0                process_mcu_row
 .text.terminate_pass_two
                0x200109e8       0x44 ./src/sub-systemCode/payload/Compression/jpeg/jpeg_encoder.o
                0x200109e8                terminate_pass_two
 .text.process_end_of_image
                0x20010a2c       0xc0 ./src/sub-systemCode/payload/Compression/jpeg/jpeg_encoder.o
                0x20010a2c                process_end_of_image
 .text.load_mcu
                0x20010aec      0x29c ./src/sub-systemCode/payload/Compression/jpeg/jpeg_encoder.o
                0x20010aec                load_mcu
 .text.clear    0x20010d88      0x1e0 ./src/sub-systemCode/payload/Compression/jpeg/jpeg_encoder.o
                0x20010d88                clear
 .text.init     0x20010f68       0xe4 ./src/sub-systemCode/payload/Compression/jpeg/jpeg_encoder.o
                0x20010f68                init
 .text.deinit   0x2001104c      0x160 ./src/sub-systemCode/payload/Compression/jpeg/jpeg_encoder.o
                0x2001104c                deinit
 .text.process_scanline
                0x200111ac       0x6c ./src/sub-systemCode/payload/Compression/jpeg/jpeg_encoder.o
                0x200111ac                process_scanline
 .text.jpge_malloc
                0x20011218       0x28 ./src/sub-systemCode/payload/Compression/jpeg/jpeg_memory_alloc.o
                0x20011218                jpge_malloc
 .text.jpge_cmalloc
                0x20011240       0x48 ./src/sub-systemCode/payload/Compression/jpeg/jpeg_memory_alloc.o
                0x20011240                jpge_cmalloc
 .text.jpge_free
                0x20011288       0x24 ./src/sub-systemCode/payload/Compression/jpeg/jpeg_memory_alloc.o
                0x20011288                jpge_free
 .text.check    0x200112ac       0x78 ./src/sub-systemCode/payload/Compression/jpeg/jpeg_params.o
                0x200112ac                check
 .text.open_jpeg_file
                0x20011324       0xe0 ./src/sub-systemCode/payload/Compression/jpeg/output_stream.o
                0x20011324                open_jpeg_file
 .text.close_jpeg_file
                0x20011404      0x118 ./src/sub-systemCode/payload/Compression/jpeg/output_stream.o
                0x20011404                close_jpeg_file
 .text.put_buf  0x2001151c      0x258 ./src/sub-systemCode/payload/Compression/jpeg/output_stream.o
                0x2001151c                put_buf
 .text.GetBinnedPixel
                0x20011774       0xec ./src/sub-systemCode/payload/Compression/ImageConversion.o
 .text.BinImage
                0x20011860      0x2c8 ./src/sub-systemCode/payload/Compression/ImageConversion.o
                0x20011860                BinImage
 .text.ImageSkipping
                0x20011b28      0x2bc ./src/sub-systemCode/payload/Compression/ImageConversion.o
                0x20011b28                ImageSkipping
 .text.CreateImageThumbnail_withoutSearch
                0x20011de4      0x118 ./src/sub-systemCode/payload/Compression/ImageConversion.o
                0x20011de4                CreateImageThumbnail_withoutSearch
 .text.CreateImageThumbnail
                0x20011efc       0x94 ./src/sub-systemCode/payload/Compression/ImageConversion.o
                0x20011efc                CreateImageThumbnail
 .text.compressImage
                0x20011f90      0x12c ./src/sub-systemCode/payload/Compression/ImageConversion.o
                0x20011f90                compressImage
 .text.cmd_error
                0x200120bc       0x38 ./src/sub-systemCode/Main/CMD/COMM_CMD.o
                0x200120bc                cmd_error
 .text.cmd_mute
                0x200120f4       0xc4 ./src/sub-systemCode/Main/CMD/COMM_CMD.o
                0x200120f4                cmd_mute
 .text.cmd_unmute
                0x200121b8       0x50 ./src/sub-systemCode/Main/CMD/COMM_CMD.o
                0x200121b8                cmd_unmute
 .text.cmd_active_trans
                0x20012208       0xc0 ./src/sub-systemCode/Main/CMD/COMM_CMD.o
                0x20012208                cmd_active_trans
 .text.cmd_shut_trans
                0x200122c8       0x38 ./src/sub-systemCode/Main/CMD/COMM_CMD.o
                0x200122c8                cmd_shut_trans
 .text.cmd_change_trans_rssi
                0x20012300       0xb8 ./src/sub-systemCode/Main/CMD/COMM_CMD.o
                0x20012300                cmd_change_trans_rssi
 .text.cmd_aprs_dump
                0x200123b8       0x50 ./src/sub-systemCode/Main/CMD/COMM_CMD.o
                0x200123b8                cmd_aprs_dump
 .text.cmd_stop_dump
                0x20012408       0x38 ./src/sub-systemCode/Main/CMD/COMM_CMD.o
                0x20012408                cmd_stop_dump
 .text.cmd_time_frequency
                0x20012440       0xc0 ./src/sub-systemCode/Main/CMD/COMM_CMD.o
                0x20012440                cmd_time_frequency
 .text.cmd_upload_volt_logic
                0x20012500      0x3d0 ./src/sub-systemCode/Main/CMD/EPS_CMD.o
                0x20012500                cmd_upload_volt_logic
 .text.cmd_upload_volt_COMM
                0x200128d0      0x1c8 ./src/sub-systemCode/Main/CMD/EPS_CMD.o
                0x200128d0                cmd_upload_volt_COMM
 .text.cmd_heater_temp
                0x20012a98       0xc0 ./src/sub-systemCode/Main/CMD/EPS_CMD.o
                0x20012a98                cmd_heater_temp
 .text.cmd_SHUT_CAM
                0x20012b58       0x6c ./src/sub-systemCode/Main/CMD/EPS_CMD.o
                0x20012b58                cmd_SHUT_CAM
 .text.cmd_SHUT_ADCS
                0x20012bc4       0x6c ./src/sub-systemCode/Main/CMD/EPS_CMD.o
                0x20012bc4                cmd_SHUT_ADCS
 .text.cmd_allow_CAM
                0x20012c30       0x6c ./src/sub-systemCode/Main/CMD/EPS_CMD.o
                0x20012c30                cmd_allow_CAM
 .text.cmd_allow_ADCS
                0x20012c9c       0x6c ./src/sub-systemCode/Main/CMD/EPS_CMD.o
                0x20012c9c                cmd_allow_ADCS
 .text.cmd_generic_I2C
                0x20012d08       0xb4 ./src/sub-systemCode/Main/CMD/General_CMD.o
                0x20012d08                cmd_generic_I2C
 .text.cmd_dump
                0x20012dbc       0xf0 ./src/sub-systemCode/Main/CMD/General_CMD.o
                0x20012dbc                cmd_dump
 .text.cmd_delete_TM
                0x20012eac      0x1dc ./src/sub-systemCode/Main/CMD/General_CMD.o
                0x20012eac                cmd_delete_TM
 .text.cmd_reset_file
                0x20013088      0x110 ./src/sub-systemCode/Main/CMD/General_CMD.o
                0x20013088                cmd_reset_file
 .text.cmd_dummy_func
                0x20013198       0x40 ./src/sub-systemCode/Main/CMD/General_CMD.o
                0x20013198                cmd_dummy_func
 .text.cmd_soft_reset_cmponent
                0x200131d8       0xb0 ./src/sub-systemCode/Main/CMD/General_CMD.o
                0x200131d8                cmd_soft_reset_cmponent
 .text.cmd_hard_reset_cmponent
                0x20013288       0xb0 ./src/sub-systemCode/Main/CMD/General_CMD.o
                0x20013288                cmd_hard_reset_cmponent
 .text.cmd_reset_satellite
                0x20013338       0x78 ./src/sub-systemCode/Main/CMD/General_CMD.o
                0x20013338                cmd_reset_satellite
 .text.cmd_gracefull_reset_satellite
                0x200133b0       0x78 ./src/sub-systemCode/Main/CMD/General_CMD.o
                0x200133b0                cmd_gracefull_reset_satellite
 .text.cmd_upload_time
                0x20013428       0xb0 ./src/sub-systemCode/Main/CMD/General_CMD.o
                0x20013428                cmd_upload_time
 .text.cmd_ARM_DIARM
                0x200134d8       0xd4 ./src/sub-systemCode/Main/CMD/General_CMD.o
                0x200134d8                cmd_ARM_DIARM
 .text.cmd_reset_delayed_command_list
                0x200135ac       0x3c ./src/sub-systemCode/Main/CMD/SW_CMD.o
                0x200135ac                cmd_reset_delayed_command_list
 .text.cmd_reset_APRS_list
                0x200135e8       0x3c ./src/sub-systemCode/Main/CMD/SW_CMD.o
                0x200135e8                cmd_reset_APRS_list
 .text.cmd_reset_FRAM
                0x20013624       0xe8 ./src/sub-systemCode/Main/CMD/SW_CMD.o
                0x20013624                cmd_reset_FRAM
 .text.ARM_ants
                0x2001370c       0xb8 ./src/sub-systemCode/Main/Ants.o
                0x2001370c                ARM_ants
 .text.DISARM_ants
                0x200137c4       0xb8 ./src/sub-systemCode/Main/Ants.o
                0x200137c4                DISARM_ants
 .text.convert_vol
                0x2001387c      0x12c ./src/sub-systemCode/Main/EPS.o
                0x2001387c                convert_vol
 .text.get_shut_ADCS
                0x200139a8       0x48 ./src/sub-systemCode/Main/EPS.o
                0x200139a8                get_shut_ADCS
 .text.shut_ADCS
                0x200139f0       0x48 ./src/sub-systemCode/Main/EPS.o
                0x200139f0                shut_ADCS
 .text.get_shut_CAM
                0x20013a38       0x48 ./src/sub-systemCode/Main/EPS.o
                0x20013a38                get_shut_CAM
 .text.shut_CAM
                0x20013a80       0x48 ./src/sub-systemCode/Main/EPS.o
                0x20013a80                shut_CAM
 .text.EPS_Init
                0x20013ac8      0x1a0 ./src/sub-systemCode/Main/EPS.o
                0x20013ac8                EPS_Init
 .text.reset_FRAM_EPS
                0x20013c68       0xa4 ./src/sub-systemCode/Main/EPS.o
                0x20013c68                reset_FRAM_EPS
 .text.reset_EPS_voltages
                0x20013d0c       0xbc ./src/sub-systemCode/Main/EPS.o
                0x20013d0c                reset_EPS_voltages
 .text.EPS_Conditioning
                0x20013dc8      0x2ac ./src/sub-systemCode/Main/EPS.o
                0x20013dc8                EPS_Conditioning
 .text.overRide_ADCS
                0x20014074       0x50 ./src/sub-systemCode/Main/EPS.o
                0x20014074                overRide_ADCS
 .text.overRide_Camera
                0x200140c4       0x38 ./src/sub-systemCode/Main/EPS.o
                0x200140c4                overRide_Camera
 .text.EnterFullMode
                0x200140fc       0xec ./src/sub-systemCode/Main/EPS.o
                0x200140fc                EnterFullMode
 .text.EnterCruiseMode
                0x200141e8       0xdc ./src/sub-systemCode/Main/EPS.o
                0x200141e8                EnterCruiseMode
 .text.EnterSafeMode
                0x200142c4       0xdc ./src/sub-systemCode/Main/EPS.o
                0x200142c4                EnterSafeMode
 .text.EnterCriticalMode
                0x200143a0       0xc8 ./src/sub-systemCode/Main/EPS.o
                0x200143a0                EnterCriticalMode
 .text.convert_raw_voltage
                0x20014468       0xd8 ./src/sub-systemCode/Main/EPS.o
                0x20014468                convert_raw_voltage
 .text.find_fileName
                0x20014540      0x55c ./src/sub-systemCode/Main/HouseKeeping.o
                0x20014540                find_fileName
 .text.size_of_element
                0x20014a9c       0xac ./src/sub-systemCode/Main/HouseKeeping.o
                0x20014a9c                size_of_element
 .text.save_ACK
                0x20014b48       0xa0 ./src/sub-systemCode/Main/HouseKeeping.o
                0x20014b48                save_ACK
 .text.COMM_create_file
                0x20014be8       0x74 ./src/sub-systemCode/Main/HouseKeeping.o
                0x20014be8                COMM_create_file
 .text.ACK_create_file
                0x20014c5c       0x74 ./src/sub-systemCode/Main/HouseKeeping.o
                0x20014c5c                ACK_create_file
 .text.EPS_create_file
                0x20014cd0       0x74 ./src/sub-systemCode/Main/HouseKeeping.o
                0x20014cd0                EPS_create_file
 .text.CAM_create_file
                0x20014d44       0x54 ./src/sub-systemCode/Main/HouseKeeping.o
                0x20014d44                CAM_create_file
 .text.create_files
                0x20014d98       0x44 ./src/sub-systemCode/Main/HouseKeeping.o
                0x20014d98                create_files
 .text.EPS_HK_raw_BigEnE
                0x20014ddc      0x194 ./src/sub-systemCode/Main/HouseKeeping.o
                0x20014ddc                EPS_HK_raw_BigEnE
 .text.CAM_HK_raw_BigEnE
                0x20014f70      0x194 ./src/sub-systemCode/Main/HouseKeeping.o
                0x20014f70                CAM_HK_raw_BigEnE
 .text.COMM_HK_raw_BigEnE
                0x20015104      0x194 ./src/sub-systemCode/Main/HouseKeeping.o
                0x20015104                COMM_HK_raw_BigEnE
 .text.ADCS_HK_raw_BigEnE
                0x20015298      0x194 ./src/sub-systemCode/Main/HouseKeeping.o
                0x20015298                ADCS_HK_raw_BigEnE
 .text.ADCS_SC_raw_BigEnE
                0x2001542c      0x188 ./src/sub-systemCode/Main/HouseKeeping.o
                0x2001542c                ADCS_SC_raw_BigEnE
 .text.build_HK_spl_packet
                0x200155b4      0x918 ./src/sub-systemCode/Main/HouseKeeping.o
                0x200155b4                build_HK_spl_packet
 .text.reset_FIRST_activation
                0x20015ecc       0x34 ./src/sub-systemCode/Main/Main_Init.o
                0x20015ecc                reset_FIRST_activation
 .text.test_menu
                0x20015f00       0xb4 ./src/sub-systemCode/Main/Main_Init.o
                0x20015f00                test_menu
 .text.numberOfRestarts
                0x20015fb4       0x94 ./src/sub-systemCode/Main/Main_Init.o
                0x20015fb4                numberOfRestarts
 .text.StartFRAM
                0x20016048       0x38 ./src/sub-systemCode/Main/Main_Init.o
                0x20016048                StartFRAM
 .text.StartI2C
                0x20016080       0x44 ./src/sub-systemCode/Main/Main_Init.o
                0x20016080                StartI2C
 .text.StartSPI
                0x200160c4       0x40 ./src/sub-systemCode/Main/Main_Init.o
                0x200160c4                StartSPI
 .text.StartTIME
                0x20016104      0x118 ./src/sub-systemCode/Main/Main_Init.o
                0x20016104                StartTIME
 .text.first_activation
                0x2001621c       0x78 ./src/sub-systemCode/Main/Main_Init.o
                0x2001621c                first_activation
 .text.resetSD  0x20016294       0xc4 ./src/sub-systemCode/Main/Main_Init.o
                0x20016294                resetSD
 .text.InitSubsystems
                0x20016358       0x7c ./src/sub-systemCode/Main/Main_Init.o
                0x20016358                InitSubsystems
 .text.SubSystemTaskStart
                0x200163d4       0x74 ./src/sub-systemCode/Main/Main_Init.o
                0x200163d4                SubSystemTaskStart
 .text.copy_command
                0x20016448       0x80 ./src/sub-systemCode/Main/commands.o
                0x20016448                copy_command
 .text.reset_command
                0x200164c8       0x28 ./src/sub-systemCode/Main/commands.o
                0x200164c8                reset_command
 .text.init_command
                0x200164f0       0xd4 ./src/sub-systemCode/Main/commands.o
                0x200164f0                init_command
 .text.add_command
                0x200165c4      0x138 ./src/sub-systemCode/Main/commands.o
                0x200165c4                add_command
 .text.get_command
                0x200166fc      0x1cc ./src/sub-systemCode/Main/commands.o
                0x200166fc                get_command
 .text.act_upon_command
                0x200168c8      0x200 ./src/sub-systemCode/Main/commands.o
                0x200168c8                act_upon_command
 .text.AUC_COMM
                0x20016ac8      0x200 ./src/sub-systemCode/Main/commands.o
                0x20016ac8                AUC_COMM
 .text.AUC_general
                0x20016cc8      0x17c ./src/sub-systemCode/Main/commands.o
                0x20016cc8                AUC_general
 .text.AUC_payload
                0x20016e44      0x214 ./src/sub-systemCode/Main/commands.o
                0x20016e44                AUC_payload
 .text.AUC_EPS  0x20017058      0x248 ./src/sub-systemCode/Main/commands.o
                0x20017058                AUC_EPS
 .text.AUC_ADCS
                0x200172a0       0x5c ./src/sub-systemCode/Main/commands.o
                0x200172a0                AUC_ADCS
 .text.AUC_GS   0x200172fc      0x1fc ./src/sub-systemCode/Main/commands.o
                0x200172fc                AUC_GS
 .text.AUC_SW   0x200174f8       0xe4 ./src/sub-systemCode/Main/commands.o
                0x200174f8                AUC_SW
 .text.AUC_special_operation
                0x200175dc       0x8c ./src/sub-systemCode/Main/commands.o
                0x200175dc                AUC_special_operation
 .text.check_int
                0x20017668       0x3c ./src/sub-systemCode/Global/Global.o
                0x20017668                check_int
 .text.check_portBASE_TYPE
                0x200176a4       0x3c ./src/sub-systemCode/Global/Global.o
                0x200176a4                check_portBASE_TYPE
 .text.soft_reset_subsystem
                0x200176e0       0xd8 ./src/sub-systemCode/Global/Global.o
                0x200176e0                soft_reset_subsystem
 .text.hard_reset_subsystem
                0x200177b8       0xfc ./src/sub-systemCode/Global/Global.o
                0x200177b8                hard_reset_subsystem
 .text.BigEnE_raw_to_uInt
                0x200178b4       0x94 ./src/sub-systemCode/Global/Global.o
                0x200178b4                BigEnE_raw_to_uInt
 .text.BigEnE_raw_to_uShort
                0x20017948       0x50 ./src/sub-systemCode/Global/Global.o
                0x20017948                BigEnE_raw_to_uShort
 .text.BigEnE_uInt_to_raw
                0x20017998       0x78 ./src/sub-systemCode/Global/Global.o
                0x20017998                BigEnE_uInt_to_raw
 .text.reset_FRAM_MAIN
                0x20017a10      0x19c ./src/sub-systemCode/Global/Global.o
                0x20017a10                reset_FRAM_MAIN
 .text.getBitValueByIndex
                0x20017bac       0xd0 ./src/sub-systemCode/Global/Global.o
                0x20017bac                getBitValueByIndex
 .text.init_GP  0x20017c7c      0x35c ./src/sub-systemCode/Global/GlobalParam.o
                0x20017c7c                init_GP
 .text.get_system_state
                0x20017fd8      0x268 ./src/sub-systemCode/Global/GlobalParam.o
                0x20017fd8                get_system_state
 .text.set_system_state
                0x20018240      0x298 ./src/sub-systemCode/Global/GlobalParam.o
                0x20018240                set_system_state
 .text.set_Vbatt_previous
                0x200184d8       0xe8 ./src/sub-systemCode/Global/GlobalParam.o
                0x200184d8                set_Vbatt_previous
 .text.get_Vbatt_previous
                0x200185c0       0xc8 ./src/sub-systemCode/Global/GlobalParam.o
                0x200185c0                get_Vbatt_previous
 .text.set_Vbatt
                0x20018688       0xb8 ./src/sub-systemCode/Global/GlobalParam.o
                0x20018688                set_Vbatt
 .text.get_Vbatt
                0x20018740       0x8c ./src/sub-systemCode/Global/GlobalParam.o
                0x20018740                get_Vbatt
 .text.get_ST   0x200187cc       0x98 ./src/sub-systemCode/Global/GlobalParam.o
                0x200187cc                get_ST
 .text.get_Attitude
                0x20018864      0x128 ./src/sub-systemCode/Global/GlobalParam.o
                0x20018864                get_Attitude
 .text.set_numOfAPRS
                0x2001898c       0x8c ./src/sub-systemCode/Global/GlobalParam.o
                0x2001898c                set_numOfAPRS
 .text.set_numOfResets
                0x20018a18       0xac ./src/sub-systemCode/Global/GlobalParam.o
                0x20018a18                set_numOfResets
 .text.set_ground_conn
                0x20018ac4       0x88 ./src/sub-systemCode/Global/GlobalParam.o
                0x20018ac4                set_ground_conn
 .text.get_ground_conn
                0x20018b4c       0x94 ./src/sub-systemCode/Global/GlobalParam.o
                0x20018b4c                get_ground_conn
 .text.getNumOfFilesInFS
                0x20018be0       0x44 ./src/sub-systemCode/Global/TM_managment.o
 .text.setNumOfFilesInFS
                0x20018c24       0x50 ./src/sub-systemCode/Global/TM_managment.o
 .text.InitializeFS
                0x20018c74      0x170 ./src/sub-systemCode/Global/TM_managment.o
                0x20018c74                InitializeFS
 .text.c_fileCreate
                0x20018de4       0xf4 ./src/sub-systemCode/Global/TM_managment.o
                0x20018de4                c_fileCreate
 .text.writewithEpochtime
                0x20018ed8       0xb0 ./src/sub-systemCode/Global/TM_managment.o
 .text.get_C_FILE_struct
                0x20018f88      0x104 ./src/sub-systemCode/Global/TM_managment.o
 .text.getFileIndex
                0x2001908c       0x4c ./src/sub-systemCode/Global/TM_managment.o
 .text.get_file_name_by_index
                0x200190d8       0x48 ./src/sub-systemCode/Global/TM_managment.o
                0x200190d8                get_file_name_by_index
 .text.c_fileReset
                0x20019120       0xbc ./src/sub-systemCode/Global/TM_managment.o
                0x20019120                c_fileReset
 .text.c_fileWrite
                0x200191dc      0x100 ./src/sub-systemCode/Global/TM_managment.o
                0x200191dc                c_fileWrite
 .text.c_fileRead
                0x200192dc      0x270 ./src/sub-systemCode/Global/TM_managment.o
                0x200192dc                c_fileRead
 .text.reset_APRS_list
                0x2001954c       0xa4 ./src/sub-systemCode/COMM/APRS.o
                0x2001954c                reset_APRS_list
 .text.send_APRS_Dump
                0x200195f0      0x1c4 ./src/sub-systemCode/COMM/APRS.o
                0x200195f0                send_APRS_Dump
 .text.check_APRS
                0x200197b4      0x1a4 ./src/sub-systemCode/COMM/APRS.o
                0x200197b4                check_APRS
 .text.get_APRS_list
                0x20019958       0x88 ./src/sub-systemCode/COMM/APRS.o
                0x20019958                get_APRS_list
 .text.find_CMD_in_list
                0x200199e0       0x7c ./src/sub-systemCode/COMM/DelayedCommand_list.o
                0x200199e0                find_CMD_in_list
 .text.find_empty_in_list
                0x20019a5c       0x74 ./src/sub-systemCode/COMM/DelayedCommand_list.o
                0x20019a5c                find_empty_in_list
 .text.check_delayCommandTime
                0x20019ad0       0x8c ./src/sub-systemCode/COMM/DelayedCommand_list.o
                0x20019ad0                check_delayCommandTime
 .text.execute_delayedCommand
                0x20019b5c       0x64 ./src/sub-systemCode/COMM/DelayedCommand_list.o
                0x20019b5c                execute_delayedCommand
 .text.check_delaycommand
                0x20019bc0      0x170 ./src/sub-systemCode/COMM/DelayedCommand_list.o
                0x20019bc0                check_delaycommand
 .text.reset_delayCommand
                0x20019d30       0x8c ./src/sub-systemCode/COMM/DelayedCommand_list.o
                0x20019d30                reset_delayCommand
 .text.add_delayCommand
                0x20019dbc      0x1a4 ./src/sub-systemCode/COMM/DelayedCommand_list.o
                0x20019dbc                add_delayCommand
 .text.get_delayCommand_list
                0x20019f60       0x80 ./src/sub-systemCode/COMM/DelayedCommand_list.o
                0x20019f60                get_delayCommand_list
 .text.EmptyOldestCommand
                0x20019fe0       0xfc ./src/sub-systemCode/COMM/DelayedCommand_list.o
                0x20019fe0                EmptyOldestCommand
 .text.decode_TCpacket
                0x2001a0dc      0x16c ./src/sub-systemCode/COMM/GSC.o
                0x2001a0dc                decode_TCpacket
 .text.encode_TCpacket
                0x2001a248      0x114 ./src/sub-systemCode/COMM/GSC.o
                0x2001a248                encode_TCpacket
 .text.encode_TMpacket
                0x2001a35c      0x104 ./src/sub-systemCode/COMM/GSC.o
                0x2001a35c                encode_TMpacket
 .text.build_raw_ACK
                0x2001a460       0xbc ./src/sub-systemCode/COMM/GSC.o
                0x2001a460                build_raw_ACK
 .text.build_data_field_ACK
                0x2001a51c       0x74 ./src/sub-systemCode/COMM/GSC.o
                0x2001a51c                build_data_field_ACK
 .text.init_trxvu
                0x2001a590      0x160 ./src/sub-systemCode/COMM/TRXVU.o
                0x2001a590                init_trxvu
 .text.TRXVU_task
                0x2001a6f0      0x144 ./src/sub-systemCode/COMM/TRXVU.o
                0x2001a6f0                TRXVU_task
 .text.dump_logic
                0x2001a834      0x2dc ./src/sub-systemCode/COMM/TRXVU.o
                0x2001a834                dump_logic
 .text.Dump_task
                0x2001ab10      0x184 ./src/sub-systemCode/COMM/TRXVU.o
                0x2001ab10                Dump_task
 .text.transponder_logic
                0x2001ac94       0xbc ./src/sub-systemCode/COMM/TRXVU.o
                0x2001ac94                transponder_logic
 .text.Transponder_task
                0x2001ad50      0x1e0 ./src/sub-systemCode/COMM/TRXVU.o
                0x2001ad50                Transponder_task
 .text.lookForRequestToDelete_transponder
                0x2001af30       0xac ./src/sub-systemCode/COMM/TRXVU.o
                0x2001af30                lookForRequestToDelete_transponder
 .text.lookForRequestToDelete_dump
                0x2001afdc       0x7c ./src/sub-systemCode/COMM/TRXVU.o
                0x2001afdc                lookForRequestToDelete_dump
 .text.sendRequestToStop_dump
                0x2001b058       0x8c ./src/sub-systemCode/COMM/TRXVU.o
                0x2001b058                sendRequestToStop_dump
 .text.sendRequestToStop_transponder
                0x2001b0e4       0x98 ./src/sub-systemCode/COMM/TRXVU.o
                0x2001b0e4                sendRequestToStop_transponder
 .text.Rx_logic
                0x2001b17c      0x188 ./src/sub-systemCode/COMM/TRXVU.o
                0x2001b17c                Rx_logic
 .text.pass_above_Ground
                0x2001b304      0x104 ./src/sub-systemCode/COMM/TRXVU.o
                0x2001b304                pass_above_Ground
 .text.trxvu_logic
                0x2001b408       0x1c ./src/sub-systemCode/COMM/TRXVU.o
                0x2001b408                trxvu_logic
 .text.reset_FRAM_TRXVU
                0x2001b424       0xc0 ./src/sub-systemCode/COMM/TRXVU.o
                0x2001b424                reset_FRAM_TRXVU
 .text.TRX_sendFrame
                0x2001b4e4      0x1c8 ./src/sub-systemCode/COMM/TRXVU.o
                0x2001b4e4                TRX_sendFrame
 .text.TRX_getFrameData
                0x2001b6ac      0x128 ./src/sub-systemCode/COMM/TRXVU.o
                0x2001b6ac                TRX_getFrameData
 .text.mute_Tx  0x2001b7d4       0x20 ./src/sub-systemCode/COMM/TRXVU.o
                0x2001b7d4                mute_Tx
 .text.unmute_Tx
                0x2001b7f4       0x54 ./src/sub-systemCode/COMM/TRXVU.o
                0x2001b7f4                unmute_Tx
 .text.check_time_off_mute
                0x2001b848       0x74 ./src/sub-systemCode/COMM/TRXVU.o
                0x2001b848                check_time_off_mute
 .text.set_mute_time
                0x2001b8bc       0xb4 ./src/sub-systemCode/COMM/TRXVU.o
                0x2001b8bc                set_mute_time
 .text.change_TRXVU_state
                0x2001b970       0x98 ./src/sub-systemCode/COMM/TRXVU.o
                0x2001b970                change_TRXVU_state
 .text.change_trans_RSSI
                0x2001ba08       0x60 ./src/sub-systemCode/COMM/TRXVU.o
                0x2001ba08                change_trans_RSSI
 .text.ADCS_startLoop
                0x2001ba68      0x104 ./src/sub-systemCode/ADCS/ADCS.o
                0x2001ba68                ADCS_startLoop
 .text.telemtryStart
                0x2001bb6c      0x20c ./src/sub-systemCode/ADCS/Stage_Table.o
                0x2001bb6c                telemtryStart
 .text.powerStart
                0x2001bd78       0x5c ./src/sub-systemCode/ADCS/Stage_Table.o
                0x2001bd78                powerStart
 .text.createTable
                0x2001bdd4       0xb4 ./src/sub-systemCode/ADCS/Stage_Table.o
                0x2001bdd4                createTable
 .text.buildControlMode
                0x2001be88       0x60 ./src/sub-systemCode/ADCS/Stage_Table.o
                0x2001be88                buildControlMode
 .text.Check_Table
                0x2001bee8      0x178 ./src/sub-systemCode/ADCS/Stage_Table.o
                0x2001bee8                Check_Table
 .text.updateTable
                0x2001c060      0x1f0 ./src/sub-systemCode/ADCS/Stage_Table.o
                0x2001c060                updateTable
 .text.translateCommandFULL
                0x2001c250       0x78 ./src/sub-systemCode/ADCS/Stage_Table.o
                0x2001c250                translateCommandFULL
 .text.getTableTo
                0x2001c2c8       0x64 ./src/sub-systemCode/ADCS/Stage_Table.o
                0x2001c2c8                getTableTo
 .text.save_time
                0x2001c32c       0x9c ./src/main.o
                0x2001c32c                save_time
 .text.Command_logic
                0x2001c3c8       0x6c ./src/main.o
                0x2001c3c8                Command_logic
 .text.taskMain
                0x2001c434       0x74 ./src/main.o
                0x2001c434                taskMain
 .text.main     0x2001c4a8       0xbc ./src/main.o
                0x2001c4a8                main
 .text.GomEpsInitialize
                0x2001c564      0x148 C:/HOOPOE3/satellite-subsystems/demo/..//satellite-subsystems/lib\libSatelliteSubsystemsD.a(GomEPS.o)
                0x2001c564                GomEpsInitialize
 .text.makeEPStransfer
                0x2001c6ac       0x3c C:/HOOPOE3/satellite-subsystems/demo/..//satellite-subsystems/lib\libSatelliteSubsystemsD.a(GomEPS.o)
 .text.GomEpsSoftReset
                0x2001c6e8       0xc4 C:/HOOPOE3/satellite-subsystems/demo/..//satellite-subsystems/lib\libSatelliteSubsystemsD.a(GomEPS.o)
                0x2001c6e8                GomEpsSoftReset
 .text.GomEpsHardReset
                0x2001c7ac       0xa8 C:/HOOPOE3/satellite-subsystems/demo/..//satellite-subsystems/lib\libSatelliteSubsystemsD.a(GomEPS.o)
                0x2001c7ac                GomEpsHardReset
 .text.GomEpsGetHkData_general
                0x2001c854      0x45c C:/HOOPOE3/satellite-subsystems/demo/..//satellite-subsystems/lib\libSatelliteSubsystemsD.a(GomEPS.o)
                0x2001c854                GomEpsGetHkData_general
 .text.GomEpsGetHkData_basic
                0x2001ccb0      0x22c C:/HOOPOE3/satellite-subsystems/demo/..//satellite-subsystems/lib\libSatelliteSubsystemsD.a(GomEPS.o)
                0x2001ccb0                GomEpsGetHkData_basic
 .text.GomEpsSetOutput
                0x2001cedc       0xbc C:/HOOPOE3/satellite-subsystems/demo/..//satellite-subsystems/lib\libSatelliteSubsystemsD.a(GomEPS.o)
                0x2001cedc                GomEpsSetOutput
 .text.GomEpsResetWDT
                0x2001cf98       0xc4 C:/HOOPOE3/satellite-subsystems/demo/..//satellite-subsystems/lib\libSatelliteSubsystemsD.a(GomEPS.o)
                0x2001cf98                GomEpsResetWDT
 .text.GomEpsConfigSet
                0x2001d05c      0x184 C:/HOOPOE3/satellite-subsystems/demo/..//satellite-subsystems/lib\libSatelliteSubsystemsD.a(GomEPS.o)
                0x2001d05c                GomEpsConfigSet
 .text.makeAntStransfer
                0x2001d1e0       0x4c C:/HOOPOE3/satellite-subsystems/demo/..//satellite-subsystems/lib\libSatelliteSubsystemsD.a(IsisAntS.o)
 .text.checkInputsValid
                0x2001d22c       0x7c C:/HOOPOE3/satellite-subsystems/demo/..//satellite-subsystems/lib\libSatelliteSubsystemsD.a(IsisAntS.o)
 .text.IsisAntS_setArmStatus
                0x2001d2a8      0x104 C:/HOOPOE3/satellite-subsystems/demo/..//satellite-subsystems/lib\libSatelliteSubsystemsD.a(IsisAntS.o)
                0x2001d2a8                IsisAntS_setArmStatus
 .text.IsisAntS_reset
                0x2001d3ac      0x104 C:/HOOPOE3/satellite-subsystems/demo/..//satellite-subsystems/lib\libSatelliteSubsystemsD.a(IsisAntS.o)
                0x2001d3ac                IsisAntS_reset
 .text.IsisSolarPanelv2_initialize
                0x2001d4b0       0xb4 C:/HOOPOE3/satellite-subsystems/demo/..//satellite-subsystems/lib\libSatelliteSubsystemsD.a(IsisSolarPanelv2.o)
                0x2001d4b0                IsisSolarPanelv2_initialize
 .text.IsisSolarPanelv2_sleep
                0x2001d564       0xbc C:/HOOPOE3/satellite-subsystems/demo/..//satellite-subsystems/lib\libSatelliteSubsystemsD.a(IsisSolarPanelv2.o)
                0x2001d564                IsisSolarPanelv2_sleep
 .text._Reset   0x2001d620       0x20 C:/HOOPOE3/satellite-subsystems/demo/..//satellite-subsystems/lib\libSatelliteSubsystemsD.a(IsisSolarPanelv2.o)
 .text._WaitForStartup
                0x2001d640       0x90 C:/HOOPOE3/satellite-subsystems/demo/..//satellite-subsystems/lib\libSatelliteSubsystemsD.a(IsisSolarPanelv2.o)
 .text._AssignAllChannels
                0x2001d6d0       0x90 C:/HOOPOE3/satellite-subsystems/demo/..//satellite-subsystems/lib\libSatelliteSubsystemsD.a(IsisSolarPanelv2.o)
 .text._AssignThisChannel
                0x2001d760       0xe8 C:/HOOPOE3/satellite-subsystems/demo/..//satellite-subsystems/lib\libSatelliteSubsystemsD.a(IsisSolarPanelv2.o)
 .text._ExtractByte
                0x2001d848       0x38 C:/HOOPOE3/satellite-subsystems/demo/..//satellite-subsystems/lib\libSatelliteSubsystemsD.a(IsisSolarPanelv2.o)
 .text._PinsInit
                0x2001d880       0x50 C:/HOOPOE3/satellite-subsystems/demo/..//satellite-subsystems/lib\libSatelliteSubsystemsD.a(IsisSolarPanelv2.o)
 .text._SpiWriteRead
                0x2001d8d0       0x70 C:/HOOPOE3/satellite-subsystems/demo/..//satellite-subsystems/lib\libSatelliteSubsystemsD.a(IsisSolarPanelv2.o)
 .text.IsisTrxvu_initialize
                0x2001d940      0x2f4 C:/HOOPOE3/satellite-subsystems/demo/..//satellite-subsystems/lib\libSatelliteSubsystemsD.a(IsisTRXVU.o)
                0x2001d940                IsisTrxvu_initialize
 .text.makeTRXVUtransfer
                0x2001dc34       0x44 C:/HOOPOE3/satellite-subsystems/demo/..//satellite-subsystems/lib\libSatelliteSubsystemsD.a(IsisTRXVU.o)
 .text.IsisTrxvu_componentSoftReset
                0x2001dc78       0x6c C:/HOOPOE3/satellite-subsystems/demo/..//satellite-subsystems/lib\libSatelliteSubsystemsD.a(IsisTRXVU.o)
                0x2001dc78                IsisTrxvu_componentSoftReset
 .text.IsisTrxvu_componentHardReset
                0x2001dce4       0xc8 C:/HOOPOE3/satellite-subsystems/demo/..//satellite-subsystems/lib\libSatelliteSubsystemsD.a(IsisTRXVU.o)
                0x2001dce4                IsisTrxvu_componentHardReset
 .text.IsisTrxvu_softReset
                0x2001ddac       0x74 C:/HOOPOE3/satellite-subsystems/demo/..//satellite-subsystems/lib\libSatelliteSubsystemsD.a(IsisTRXVU.o)
                0x2001ddac                IsisTrxvu_softReset
 .text.IsisTrxvu_hardReset
                0x2001de20       0x74 C:/HOOPOE3/satellite-subsystems/demo/..//satellite-subsystems/lib\libSatelliteSubsystemsD.a(IsisTRXVU.o)
                0x2001de20                IsisTrxvu_hardReset
 .text.IsisTrxvu_tcSendAX25DefClSign
                0x2001de94       0xec C:/HOOPOE3/satellite-subsystems/demo/..//satellite-subsystems/lib\libSatelliteSubsystemsD.a(IsisTRXVU.o)
                0x2001de94                IsisTrxvu_tcSendAX25DefClSign
 .text.IsisTrxvu_tcSetDefToClSign
                0x2001df80       0x9c C:/HOOPOE3/satellite-subsystems/demo/..//satellite-subsystems/lib\libSatelliteSubsystemsD.a(IsisTRXVU.o)
                0x2001df80                IsisTrxvu_tcSetDefToClSign
 .text.IsisTrxvu_tcSetDefFromClSign
                0x2001e01c       0x9c C:/HOOPOE3/satellite-subsystems/demo/..//satellite-subsystems/lib\libSatelliteSubsystemsD.a(IsisTRXVU.o)
                0x2001e01c                IsisTrxvu_tcSetDefFromClSign
 .text.IsisTrxvu_tcSetIdlestate
                0x2001e0b8       0xa4 C:/HOOPOE3/satellite-subsystems/demo/..//satellite-subsystems/lib\libSatelliteSubsystemsD.a(IsisTRXVU.o)
                0x2001e0b8                IsisTrxvu_tcSetIdlestate
 .text.IsisTrxvu_tcSetAx25Bitrate
                0x2001e15c       0xc4 C:/HOOPOE3/satellite-subsystems/demo/..//satellite-subsystems/lib\libSatelliteSubsystemsD.a(IsisTRXVU.o)
                0x2001e15c                IsisTrxvu_tcSetAx25Bitrate
 .text.IsisTrxvu_rcGetFrameCount
                0x2001e220       0xa0 C:/HOOPOE3/satellite-subsystems/demo/..//satellite-subsystems/lib\libSatelliteSubsystemsD.a(IsisTRXVU.o)
                0x2001e220                IsisTrxvu_rcGetFrameCount
 .text.IsisTrxvu_rcGetCommandFrame
                0x2001e2c0      0x2d8 C:/HOOPOE3/satellite-subsystems/demo/..//satellite-subsystems/lib\libSatelliteSubsystemsD.a(IsisTRXVU.o)
                0x2001e2c0                IsisTrxvu_rcGetCommandFrame
 .text.cspaceADCS_initialize
                0x2001e598      0x18c C:/HOOPOE3/satellite-subsystems/demo/..//satellite-subsystems/lib\libSatelliteSubsystemsD.a(cspaceADCS.o)
                0x2001e598                cspaceADCS_initialize
 .text.make_cspaceADCStransfer
                0x2001e724      0x1b4 C:/HOOPOE3/satellite-subsystems/demo/..//satellite-subsystems/lib\libSatelliteSubsystemsD.a(cspaceADCS.o)
 .text.cspaceADCS_componentReset
                0x2001e8d8       0xbc C:/HOOPOE3/satellite-subsystems/demo/..//satellite-subsystems/lib\libSatelliteSubsystemsD.a(cspaceADCS.o)
                0x2001e8d8                cspaceADCS_componentReset
 .text.cspaceADCS_setRunMode
                0x2001e994       0xbc C:/HOOPOE3/satellite-subsystems/demo/..//satellite-subsystems/lib\libSatelliteSubsystemsD.a(cspaceADCS.o)
                0x2001e994                cspaceADCS_setRunMode
 .text.cspaceADCS_setPwrCtrlDevice
                0x2001ea50       0xd0 C:/HOOPOE3/satellite-subsystems/demo/..//satellite-subsystems/lib\libSatelliteSubsystemsD.a(cspaceADCS.o)
                0x2001ea50                cspaceADCS_setPwrCtrlDevice
 .text.cspaceADCS_setAttCtrlMode
                0x2001eb20       0xd0 C:/HOOPOE3/satellite-subsystems/demo/..//satellite-subsystems/lib\libSatelliteSubsystemsD.a(cspaceADCS.o)
                0x2001eb20                cspaceADCS_setAttCtrlMode
 .text.cspaceADCS_setAttEstMode
                0x2001ebf0       0xbc C:/HOOPOE3/satellite-subsystems/demo/..//satellite-subsystems/lib\libSatelliteSubsystemsD.a(cspaceADCS.o)
                0x2001ebf0                cspaceADCS_setAttEstMode
 .text.cspaceADCS_getCurrentState
                0x2001ecac       0xc4 C:/HOOPOE3/satellite-subsystems/demo/..//satellite-subsystems/lib\libSatelliteSubsystemsD.a(cspaceADCS.o)
                0x2001ecac                cspaceADCS_getCurrentState
 .text.cspaceADCS_getPwrCtrlDevice
                0x2001ed70       0xc4 C:/HOOPOE3/satellite-subsystems/demo/..//satellite-subsystems/lib\libSatelliteSubsystemsD.a(cspaceADCS.o)
                0x2001ed70                cspaceADCS_getPwrCtrlDevice
 .text.GECKO_Init
                0x2001ee34       0x40 C:/HOOPOE3/satellite-subsystems/demo/..//satellite-subsystems/lib\libSatelliteSubsystemsD.a(gecko_driver.o)
                0x2001ee34                GECKO_Init
 .text.GECKO_SetReg
                0x2001ee74      0x138 C:/HOOPOE3/satellite-subsystems/demo/..//satellite-subsystems/lib\libSatelliteSubsystemsD.a(gecko_driver.o)
                0x2001ee74                GECKO_SetReg
 .text.GECKO_GetReg
                0x2001efac      0x110 C:/HOOPOE3/satellite-subsystems/demo/..//satellite-subsystems/lib\libSatelliteSubsystemsD.a(gecko_driver.o)
                0x2001efac                GECKO_GetReg
 .text.GECKO_StartSample
                0x2001f0bc       0xb8 C:/HOOPOE3/satellite-subsystems/demo/..//satellite-subsystems/lib\libSatelliteSubsystemsD.a(gecko_driver.o)
                0x2001f0bc                GECKO_StartSample
 .text.GECKO_StartErase
                0x2001f174       0xb8 C:/HOOPOE3/satellite-subsystems/demo/..//satellite-subsystems/lib\libSatelliteSubsystemsD.a(gecko_driver.o)
                0x2001f174                GECKO_StartErase
 .text.GECKO_EnableTestPattern
                0x2001f22c       0xb8 C:/HOOPOE3/satellite-subsystems/demo/..//satellite-subsystems/lib\libSatelliteSubsystemsD.a(gecko_driver.o)
                0x2001f22c                GECKO_EnableTestPattern
 .text.GECKO_DisableTestPattern
                0x2001f2e4       0xb4 C:/HOOPOE3/satellite-subsystems/demo/..//satellite-subsystems/lib\libSatelliteSubsystemsD.a(gecko_driver.o)
                0x2001f2e4                GECKO_DisableTestPattern
 .text.GECKO_GetFlashInitDone
                0x2001f398       0x64 C:/HOOPOE3/satellite-subsystems/demo/..//satellite-subsystems/lib\libSatelliteSubsystemsD.a(gecko_driver.o)
                0x2001f398                GECKO_GetFlashInitDone
 .text.GECKO_GetSampleDone
                0x2001f3fc       0x64 C:/HOOPOE3/satellite-subsystems/demo/..//satellite-subsystems/lib\libSatelliteSubsystemsD.a(gecko_driver.o)
                0x2001f3fc                GECKO_GetSampleDone
 .text.GECKO_GetEraseDone
                0x2001f460       0x64 C:/HOOPOE3/satellite-subsystems/demo/..//satellite-subsystems/lib\libSatelliteSubsystemsD.a(gecko_driver.o)
                0x2001f460                GECKO_GetEraseDone
 .text.GECKO_ClearSampleDone
                0x2001f4c4       0xb4 C:/HOOPOE3/satellite-subsystems/demo/..//satellite-subsystems/lib\libSatelliteSubsystemsD.a(gecko_driver.o)
                0x2001f4c4                GECKO_ClearSampleDone
 .text.GECKO_ClearEraseDone
                0x2001f578       0xb4 C:/HOOPOE3/satellite-subsystems/demo/..//satellite-subsystems/lib\libSatelliteSubsystemsD.a(gecko_driver.o)
                0x2001f578                GECKO_ClearEraseDone
 .text.GECKO_SetImageID
                0x2001f62c       0xcc C:/HOOPOE3/satellite-subsystems/demo/..//satellite-subsystems/lib\libSatelliteSubsystemsD.a(gecko_driver.o)
                0x2001f62c                GECKO_SetImageID
 .text.GECKO_SetFrameAmount
                0x2001f6f8       0xbc C:/HOOPOE3/satellite-subsystems/demo/..//satellite-subsystems/lib\libSatelliteSubsystemsD.a(gecko_driver.o)
                0x2001f6f8                GECKO_SetFrameAmount
 .text.GECKO_SensorOn
                0x2001f7b4       0xb8 C:/HOOPOE3/satellite-subsystems/demo/..//satellite-subsystems/lib\libSatelliteSubsystemsD.a(gecko_driver.o)
                0x2001f7b4                GECKO_SensorOn
 .text.GECKO_SensorOff
                0x2001f86c       0xb4 C:/HOOPOE3/satellite-subsystems/demo/..//satellite-subsystems/lib\libSatelliteSubsystemsD.a(gecko_driver.o)
                0x2001f86c                GECKO_SensorOff
 .text.GECKO_SetFrameRate
                0x2001f920       0xc4 C:/HOOPOE3/satellite-subsystems/demo/..//satellite-subsystems/lib\libSatelliteSubsystemsD.a(gecko_driver.o)
                0x2001f920                GECKO_SetFrameRate
 .text.GECKO_GetTrainingDone
                0x2001f9e4       0x64 C:/HOOPOE3/satellite-subsystems/demo/..//satellite-subsystems/lib\libSatelliteSubsystemsD.a(gecko_driver.o)
                0x2001f9e4                GECKO_GetTrainingDone
 .text.GECKO_GetTrainingError
                0x2001fa48       0x64 C:/HOOPOE3/satellite-subsystems/demo/..//satellite-subsystems/lib\libSatelliteSubsystemsD.a(gecko_driver.o)
                0x2001fa48                GECKO_GetTrainingError
 .text.GECKO_SetAdcGain
                0x2001faac       0xc4 C:/HOOPOE3/satellite-subsystems/demo/..//satellite-subsystems/lib\libSatelliteSubsystemsD.a(gecko_driver.o)
                0x2001faac                GECKO_SetAdcGain
 .text.GECKO_SetPgaGain
                0x2001fb70       0xcc C:/HOOPOE3/satellite-subsystems/demo/..//satellite-subsystems/lib\libSatelliteSubsystemsD.a(gecko_driver.o)
                0x2001fb70                GECKO_SetPgaGain
 .text.GECKO_SetOffset
                0x2001fc3c       0xd0 C:/HOOPOE3/satellite-subsystems/demo/..//satellite-subsystems/lib\libSatelliteSubsystemsD.a(gecko_driver.o)
                0x2001fc3c                GECKO_SetOffset
 .text.GECKO_SetExposure
                0x2001fd0c       0xc4 C:/HOOPOE3/satellite-subsystems/demo/..//satellite-subsystems/lib\libSatelliteSubsystemsD.a(gecko_driver.o)
                0x2001fd0c                GECKO_SetExposure
 .text._SpiWriteRead
                0x2001fdd0       0x70 C:/HOOPOE3/satellite-subsystems/demo/..//satellite-subsystems/lib\libSatelliteSubsystemsD.a(gecko_driver.o)
 .text.makeTRXCommonTransfer
                0x2001fe40       0x34 C:/HOOPOE3/satellite-subsystems/demo/..//satellite-subsystems/lib\libSatelliteSubsystemsD.a(IsisTRXCommon.o)
 .text.IsisTrxCommon_componentReset
                0x2001fe74       0x68 C:/HOOPOE3/satellite-subsystems/demo/..//satellite-subsystems/lib\libSatelliteSubsystemsD.a(IsisTRXCommon.o)
                0x2001fe74                IsisTrxCommon_componentReset
 .text.IsisTrxCommon_TxSendAX25DefClSign
                0x2001fedc       0xf4 C:/HOOPOE3/satellite-subsystems/demo/..//satellite-subsystems/lib\libSatelliteSubsystemsD.a(IsisTRXCommon.o)
                0x2001fedc                IsisTrxCommon_TxSendAX25DefClSign
 .text.IsisTrxCommon_TxSetDefToClSign
                0x2001ffd0       0x84 C:/HOOPOE3/satellite-subsystems/demo/..//satellite-subsystems/lib\libSatelliteSubsystemsD.a(IsisTRXCommon.o)
                0x2001ffd0                IsisTrxCommon_TxSetDefToClSign
 .text.IsisTrxCommon_TxSetDefFromClSign
                0x20020054       0x84 C:/HOOPOE3/satellite-subsystems/demo/..//satellite-subsystems/lib\libSatelliteSubsystemsD.a(IsisTRXCommon.o)
                0x20020054                IsisTrxCommon_TxSetDefFromClSign
 .text.IsisTrxCommon_TxSetIdlestate
                0x200200d8       0x78 C:/HOOPOE3/satellite-subsystems/demo/..//satellite-subsystems/lib\libSatelliteSubsystemsD.a(IsisTRXCommon.o)
                0x200200d8                IsisTrxCommon_TxSetIdlestate
 .text.IsisTrxCommon_TxSetAx25Bitrate
                0x20020150       0x78 C:/HOOPOE3/satellite-subsystems/demo/..//satellite-subsystems/lib\libSatelliteSubsystemsD.a(IsisTRXCommon.o)
                0x20020150                IsisTrxCommon_TxSetAx25Bitrate
 .text.IsisTrxCommon_RxGetFrameCount
                0x200201c8       0x8c C:/HOOPOE3/satellite-subsystems/demo/..//satellite-subsystems/lib\libSatelliteSubsystemsD.a(IsisTRXCommon.o)
                0x200201c8                IsisTrxCommon_RxGetFrameCount
 *fill*         0x20020254        0x4 00
 .text.ceil     0x20020258      0x198 c:/isis/application/toolchain/bin/../lib/gcc/arm-none-eabi/4.7.4/../../../../arm-none-eabi/lib\libm.a(lib_a-s_ceil.o)
                0x20020258                ceil
 .text.pow      0x200203f0      0x500 c:/isis/application/toolchain/bin/../lib/gcc/arm-none-eabi/4.7.4/../../../../arm-none-eabi/lib\libm.a(lib_a-w_pow.o)
                0x200203f0                pow
 .text.__ieee754_pow
                0x200208f0     0x1000 c:/isis/application/toolchain/bin/../lib/gcc/arm-none-eabi/4.7.4/../../../../arm-none-eabi/lib\libm.a(lib_a-e_pow.o)
                0x200208f0                __ieee754_pow
 .text.__ieee754_sqrt
                0x200218f0      0x23c c:/isis/application/toolchain/bin/../lib/gcc/arm-none-eabi/4.7.4/../../../../arm-none-eabi/lib\libm.a(lib_a-e_sqrt.o)
                0x200218f0                __ieee754_sqrt
 .text.fabs     0x20021b2c        0x8 c:/isis/application/toolchain/bin/../lib/gcc/arm-none-eabi/4.7.4/../../../../arm-none-eabi/lib\libm.a(lib_a-s_fabs.o)
                0x20021b2c                fabs
 .text.finite   0x20021b34       0x10 c:/isis/application/toolchain/bin/../lib/gcc/arm-none-eabi/4.7.4/../../../../arm-none-eabi/lib\libm.a(lib_a-s_finite.o)
                0x20021b34                finite
 .text.matherr  0x20021b44        0x8 c:/isis/application/toolchain/bin/../lib/gcc/arm-none-eabi/4.7.4/../../../../arm-none-eabi/lib\libm.a(lib_a-s_matherr.o)
                0x20021b44                matherr
 .text.nan      0x20021b4c       0x10 c:/isis/application/toolchain/bin/../lib/gcc/arm-none-eabi/4.7.4/../../../../arm-none-eabi/lib\libm.a(lib_a-s_nan.o)
                0x20021b4c                nan
 .text.rint     0x20021b5c      0x1a0 c:/isis/application/toolchain/bin/../lib/gcc/arm-none-eabi/4.7.4/../../../../arm-none-eabi/lib\libm.a(lib_a-s_rint.o)
                0x20021b5c                rint
 *fill*         0x20021cfc        0x4 00
 .text.scalbn   0x20021d00      0x198 c:/isis/application/toolchain/bin/../lib/gcc/arm-none-eabi/4.7.4/../../../../arm-none-eabi/lib\libm.a(lib_a-s_scalbn.o)
                0x20021d00                scalbn
 .text.copysign
                0x20021e98       0x20 c:/isis/application/toolchain/bin/../lib/gcc/arm-none-eabi/4.7.4/../../../../arm-none-eabi/lib\libm.a(lib_a-s_copysign.o)
                0x20021e98                copysign
 .text.fn_init  0x20021eb8      0x2e0 C:/HOOPOE3/satellite-subsystems/demo/../..//hal/hcc/lib\libHCCD.a(fat_common.o)
                0x20021eb8                fn_init
 .text._f_get16bitl
                0x20022198       0x4c C:/HOOPOE3/satellite-subsystems/demo/../..//hal/hcc/lib\libHCCD.a(fat_common.o)
                0x20022198                _f_get16bitl
 .text._f_set16bitl
                0x200221e4       0x54 C:/HOOPOE3/satellite-subsystems/demo/../..//hal/hcc/lib\libHCCD.a(fat_common.o)
                0x200221e4                _f_set16bitl
 .text._f_get32bitl
                0x20022238       0x68 C:/HOOPOE3/satellite-subsystems/demo/../..//hal/hcc/lib\libHCCD.a(fat_common.o)
                0x20022238                _f_get32bitl
 .text._f_set32bitl
                0x200222a0       0x78 C:/HOOPOE3/satellite-subsystems/demo/../..//hal/hcc/lib\libHCCD.a(fat_common.o)
                0x200222a0                _f_set32bitl
 .text._get8bit
                0x20022318       0xa0 C:/HOOPOE3/satellite-subsystems/demo/../..//hal/hcc/lib\libHCCD.a(fat_common.o)
 .text._get16bitl
                0x200223b8       0x40 C:/HOOPOE3/satellite-subsystems/demo/../..//hal/hcc/lib\libHCCD.a(fat_common.o)
 .text._get32bitl
                0x200223f8       0x3c C:/HOOPOE3/satellite-subsystems/demo/../..//hal/hcc/lib\libHCCD.a(fat_common.o)
 .text._f_setcardremoved
                0x20022434       0x94 C:/HOOPOE3/satellite-subsystems/demo/../..//hal/hcc/lib\libHCCD.a(fat_common.o)
 .text._f_checkstatus
                0x200224c8      0x104 C:/HOOPOE3/satellite-subsystems/demo/../..//hal/hcc/lib\libHCCD.a(fat_common.o)
                0x200224c8                _f_checkstatus
 .text._f_drvgetphy
                0x200225cc      0x114 C:/HOOPOE3/satellite-subsystems/demo/../..//hal/hcc/lib\libHCCD.a(fat_common.o)
 .text._f_drvwritesector
                0x200226e0       0xdc C:/HOOPOE3/satellite-subsystems/demo/../..//hal/hcc/lib\libHCCD.a(fat_common.o)
 .text._f_drvreadsector
                0x200227bc       0xa8 C:/HOOPOE3/satellite-subsystems/demo/../..//hal/hcc/lib\libHCCD.a(fat_common.o)
 .text._f_writesector
                0x20022864      0x23c C:/HOOPOE3/satellite-subsystems/demo/../..//hal/hcc/lib\libHCCD.a(fat_common.o)
                0x20022864                _f_writesector
 .text._f_readsector
                0x20022aa0      0x1dc C:/HOOPOE3/satellite-subsystems/demo/../..//hal/hcc/lib\libHCCD.a(fat_common.o)
                0x20022aa0                _f_readsector
 .text._f_getmaxcluster
                0x20022c7c       0x94 C:/HOOPOE3/satellite-subsystems/demo/../..//hal/hcc/lib\libHCCD.a(fat_common.o)
                0x20022c7c                _f_getmaxcluster
 .text._getsectorfromcluster
                0x20022d10       0x68 C:/HOOPOE3/satellite-subsystems/demo/../..//hal/hcc/lib\libHCCD.a(fat_common.o)
 .text._f_buildsectors
                0x20022d78      0x268 C:/HOOPOE3/satellite-subsystems/demo/../..//hal/hcc/lib\libHCCD.a(fat_common.o)
 .text._f_getbootrecord
                0x20022fe0      0x5e4 C:/HOOPOE3/satellite-subsystems/demo/../..//hal/hcc/lib\libHCCD.a(fat_common.o)
 .text._f_readbootrecord
                0x200235c4      0x4f8 C:/HOOPOE3/satellite-subsystems/demo/../..//hal/hcc/lib\libHCCD.a(fat_common.o)
 .text._f_flushcffiles
                0x20023abc      0x17c C:/HOOPOE3/satellite-subsystems/demo/../..//hal/hcc/lib\libHCCD.a(fat_common.o)
                0x20023abc                _f_flushcffiles
 .text._f_fatcache_flush
                0x20023c38      0x270 C:/HOOPOE3/satellite-subsystems/demo/../..//hal/hcc/lib\libHCCD.a(fat_common.o)
                0x20023c38                _f_fatcache_flush
 .text._f_writefatsector
                0x20023ea8      0x100 C:/HOOPOE3/satellite-subsystems/demo/../..//hal/hcc/lib\libHCCD.a(fat_common.o)
                0x20023ea8                _f_writefatsector
 .text._f_getfatsector
                0x20023fa8      0x3bc C:/HOOPOE3/satellite-subsystems/demo/../..//hal/hcc/lib\libHCCD.a(fat_common.o)
 .text._f_setclustervalue
                0x20024364      0x490 C:/HOOPOE3/satellite-subsystems/demo/../..//hal/hcc/lib\libHCCD.a(fat_common.o)
                0x20024364                _f_setclustervalue
 .text._f_getclustervalue
                0x200247f4      0x388 C:/HOOPOE3/satellite-subsystems/demo/../..//hal/hcc/lib\libHCCD.a(fat_common.o)
                0x200247f4                _f_getclustervalue
 .text._f_close_drive_files
                0x20024b7c       0xac C:/HOOPOE3/satellite-subsystems/demo/../..//hal/hcc/lib\libHCCD.a(fat_common.o)
 .text._f_inc_mount_count
                0x20024c28       0xa4 C:/HOOPOE3/satellite-subsystems/demo/../..//hal/hcc/lib\libHCCD.a(fat_common.o)
 .text._f_getvolume
                0x20024ccc      0x2f8 C:/HOOPOE3/satellite-subsystems/demo/../..//hal/hcc/lib\libHCCD.a(fat_common.o)
                0x20024ccc                _f_getvolume
 .text.fn_createdriver
                0x20024fc4      0x118 C:/HOOPOE3/satellite-subsystems/demo/../..//hal/hcc/lib\libHCCD.a(fat_common.o)
                0x20024fc4                fn_createdriver
 .text.fn_initvolume
                0x200250dc      0x12c C:/HOOPOE3/satellite-subsystems/demo/../..//hal/hcc/lib\libHCCD.a(fat_common.o)
                0x200250dc                fn_initvolume
 .text.fn_initvolumepartition_sub
                0x20025208       0xe0 C:/HOOPOE3/satellite-subsystems/demo/../..//hal/hcc/lib\libHCCD.a(fat_common.o)
 .text.fn_initvolumepartition
                0x200252e8       0xac C:/HOOPOE3/satellite-subsystems/demo/../..//hal/hcc/lib\libHCCD.a(fat_common.o)
                0x200252e8                fn_initvolumepartition
 .text._f_clustertopos
                0x20025394       0xf8 C:/HOOPOE3/satellite-subsystems/demo/../..//hal/hcc/lib\libHCCD.a(fat_common.o)
                0x20025394                _f_clustertopos
 .text._f_getcurrsector