Archive member included because of file (symbol)

c:/isis/application/toolchain/bin/../lib/gcc/arm-none-eabi/4.7.4/../../../../arm-none-eabi/lib\libc_s.a(lib_a-vfprintf_float.o)
                              (_printf_float)
c:/isis/application/toolchain/bin/../lib/gcc/arm-none-eabi/4.7.4/../../../../arm-none-eabi/lib\libc_s.a(lib_a-vfprintf_i.o)
                              c:/isis/application/toolchain/bin/../lib/gcc/arm-none-eabi/4.7.4/../../../../arm-none-eabi/lib\libc_s.a(lib_a-vfprintf_float.o) (_printf_common)
c:/isis/application/toolchain/bin/../lib/gcc/arm-none-eabi/4.7.4/../../../../arm-none-eabi/lib\libc_s.a(lib_a-vfscanf_float.o)
                              (_scanf_float)
c:/isis/application/toolchain/bin/../lib/gcc/arm-none-eabi/4.7.4/../../../../arm-none-eabi/lib\libc_s.a(lib_a-dtoa.o)
                              c:/isis/application/toolchain/bin/../lib/gcc/arm-none-eabi/4.7.4/../../../../arm-none-eabi/lib\libc_s.a(lib_a-vfprintf_float.o) (_dtoa_r)
c:/isis/application/toolchain/bin/../lib/gcc/arm-none-eabi/4.7.4/../../../../arm-none-eabi/lib\libc_s.a(lib_a-locale.o)
                              c:/isis/application/toolchain/bin/../lib/gcc/arm-none-eabi/4.7.4/../../../../arm-none-eabi/lib\libc_s.a(lib_a-vfprintf_float.o) (_localeconv_r)
c:/isis/application/toolchain/bin/../lib/gcc/arm-none-eabi/4.7.4/../../../../arm-none-eabi/lib\libc_s.a(lib_a-malloc.o)
                              c:/isis/application/toolchain/bin/../lib/gcc/arm-none-eabi/4.7.4/../../../../arm-none-eabi/lib\libc_s.a(lib_a-dtoa.o) (malloc)
c:/isis/application/toolchain/bin/../lib/gcc/arm-none-eabi/4.7.4/../../../../arm-none-eabi/lib\libc_s.a(lib_a-mallocr.o)
                              c:/isis/application/toolchain/bin/../lib/gcc/arm-none-eabi/4.7.4/../../../../arm-none-eabi/lib\libc_s.a(lib_a-malloc.o) (_malloc_r)
c:/isis/application/toolchain/bin/../lib/gcc/arm-none-eabi/4.7.4/../../../../arm-none-eabi/lib\libc_s.a(lib_a-memcpy.o)
                              c:/isis/application/toolchain/bin/../lib/gcc/arm-none-eabi/4.7.4/../../../../arm-none-eabi/lib\libc_s.a(lib_a-dtoa.o) (memcpy)
c:/isis/application/toolchain/bin/../lib/gcc/arm-none-eabi/4.7.4/../../../../arm-none-eabi/lib\libc_s.a(lib_a-mprec.o)
                              c:/isis/application/toolchain/bin/../lib/gcc/arm-none-eabi/4.7.4/../../../../arm-none-eabi/lib\libc_s.a(lib_a-dtoa.o) (_Balloc)
c:/isis/application/toolchain/bin/../lib/gcc/arm-none-eabi/4.7.4/../../../../arm-none-eabi/lib\libc_s.a(lib_a-s_fpclassify.o)
                              c:/isis/application/toolchain/bin/../lib/gcc/arm-none-eabi/4.7.4/../../../../arm-none-eabi/lib\libc_s.a(lib_a-vfprintf_float.o) (__fpclassifyd)
c:/isis/application/toolchain/bin/../lib/gcc/arm-none-eabi/4.7.4/../../../../arm-none-eabi/lib\libc_s.a(lib_a-sbrkr.o)
                              c:/isis/application/toolchain/bin/../lib/gcc/arm-none-eabi/4.7.4/../../../../arm-none-eabi/lib\libc_s.a(lib_a-mallocr.o) (_sbrk_r)
c:/isis/application/toolchain/bin/../lib/gcc/arm-none-eabi/4.7.4/../../../../arm-none-eabi/lib\libc_s.a(lib_a-sf_nan.o)
                              c:/isis/application/toolchain/bin/../lib/gcc/arm-none-eabi/4.7.4/../../../../arm-none-eabi/lib\libc_s.a(lib_a-vfscanf_float.o) (nanf)
c:/isis/application/toolchain/bin/../lib/gcc/arm-none-eabi/4.7.4/../../../../arm-none-eabi/lib\libc_s.a(lib_a-sprintf.o)
                              c:/isis/application/toolchain/bin/../lib/gcc/arm-none-eabi/4.7.4/../../../../arm-none-eabi/lib\libc_s.a(lib_a-vfscanf_float.o) (sprintf)
c:/isis/application/toolchain/bin/../lib/gcc/arm-none-eabi/4.7.4/../../../../arm-none-eabi/lib\libc_s.a(lib_a-strcmp.o)
                              c:/isis/application/toolchain/bin/../lib/gcc/arm-none-eabi/4.7.4/../../../../arm-none-eabi/lib\libc_s.a(lib_a-locale.o) (strcmp)
c:/isis/application/toolchain/bin/../lib/gcc/arm-none-eabi/4.7.4/../../../../arm-none-eabi/lib\libc_s.a(lib_a-strlen.o)
                              c:/isis/application/toolchain/bin/../lib/gcc/arm-none-eabi/4.7.4/../../../../arm-none-eabi/lib\libc_s.a(lib_a-vfprintf_float.o) (strlen)
c:/isis/application/toolchain/bin/../lib/gcc/arm-none-eabi/4.7.4/../../../../arm-none-eabi/lib\libc_s.a(lib_a-strtod.o)
                              c:/isis/application/toolchain/bin/../lib/gcc/arm-none-eabi/4.7.4/../../../../arm-none-eabi/lib\libc_s.a(lib_a-vfscanf_float.o) (_strtod_r)
c:/isis/application/toolchain/bin/../lib/gcc/arm-none-eabi/4.7.4/../../../../arm-none-eabi/lib\libc_s.a(lib_a-strtol.o)
                              c:/isis/application/toolchain/bin/../lib/gcc/arm-none-eabi/4.7.4/../../../../arm-none-eabi/lib\libc_s.a(lib_a-vfscanf_float.o) (_strtol_r)
c:/isis/application/toolchain/bin/../lib/gcc/arm-none-eabi/4.7.4/../../../../arm-none-eabi/lib\libc_s.a(lib_a-svfprintf.o)
                              c:/isis/application/toolchain/bin/../lib/gcc/arm-none-eabi/4.7.4/../../../../arm-none-eabi/lib\libc_s.a(lib_a-sprintf.o) (_svfprintf_r)
[...]
Memory Configuration

Name             Origin             Length             Attributes
sram0            0x00200000         0x00004000         w !xr
sram1            0x00300000         0x00004000         w !xr
sdram            0x20000000         0x02000000         w !xr
*default*        0x00000000         0xffffffff

Linker script and memory map

LOAD c:/isis/application/toolchain/bin/../lib/gcc/arm-none-eabi/4.7.4/../../../../arm-none-eabi/lib\libc_s.a
LOAD ./src/sub-systemCode/payload/Request Management/Dump/Butchering.o
LOAD ./src/sub-systemCode/payload/Request Management/Dump/imageDump.o
LOAD ./src/sub-systemCode/payload/Request Management/CameraManeger.o
LOAD ./src/sub-systemCode/payload/Request Management/DB_RequestHandling.o
LOAD ./src/sub-systemCode/payload/Misc/Boolean_bit.o
LOAD ./src/sub-systemCode/payload/Misc/FileSystem.o
LOAD ./src/sub-systemCode/payload/Drivers/GeckoCameraDriver.o
LOAD ./src/sub-systemCode/payload/DataBase/DataBase.o
LOAD ./src/sub-systemCode/payload/Compression/jpeg/bmp/rawToBMP.o
LOAD ./src/sub-systemCode/payload/Compression/jpeg/DCT.o
LOAD ./src/sub-systemCode/payload/Compression/jpeg/ImgCompressor.o
LOAD ./src/sub-systemCode/payload/Compression/jpeg/color_conv.o
LOAD ./src/sub-systemCode/payload/Compression/jpeg/jpeg.o
LOAD ./src/sub-systemCode/payload/Compression/jpeg/jpeg_encoder.o
LOAD ./src/sub-systemCode/payload/Compression/jpeg/jpeg_memory_alloc.o
LOAD ./src/sub-systemCode/payload/Compression/jpeg/jpeg_params.o
LOAD ./src/sub-systemCode/payload/Compression/jpeg/output_stream.o
LOAD ./src/sub-systemCode/payload/Compression/ImageConversion.o
LOAD ./src/sub-systemCode/Main/CMD/ADCS_CMD.o
LOAD ./src/sub-systemCode/Main/CMD/COMM_CMD.o
LOAD ./src/sub-systemCode/Main/CMD/EPS_CMD.o
LOAD ./src/sub-systemCode/Main/CMD/General_CMD.o
LOAD ./src/sub-systemCode/Main/CMD/SW_CMD.o
LOAD ./src/sub-systemCode/Main/CMD/payload_CMD.o
LOAD ./src/sub-systemCode/Main/Ants.o
LOAD ./src/sub-systemCode/Main/EPS.o
LOAD ./src/sub-systemCode/Main/HouseKeeping.o
LOAD ./src/sub-systemCode/Main/Main_Init.o
LOAD ./src/sub-systemCode/Main/commands.o
LOAD ./src/sub-systemCode/Global/Global.o
LOAD ./src/sub-systemCode/Global/GlobalParam.o
LOAD ./src/sub-systemCode/Global/OnlineTM.o
LOAD ./src/sub-systemCode/Global/TLM_management.o
LOAD ./src/sub-systemCode/Global/freertosExtended.o
LOAD ./src/sub-systemCode/Global/logger.o
LOAD ./src/sub-systemCode/COMM/APRS.o
LOAD ./src/sub-systemCode/COMM/DelayedCommand_list.o
LOAD ./src/sub-systemCode/COMM/GSC.o
LOAD ./src/sub-systemCode/COMM/TRXVU.o
LOAD ./src/sub-systemCode/ADCS/AdcsCommands.o
LOAD ./src/sub-systemCode/ADCS/AdcsGetDataAndTlm.o
LOAD ./src/sub-systemCode/ADCS/AdcsMain.o
LOAD ./src/sub-systemCode/ADCS/AdcsTest.o
LOAD ./src/sub-systemCode/ADCS/AdcsTroubleShooting.o
LOAD ./src/sub-systemCode/ADCS/StateMachine.o
LOAD ./src/main.o
LOAD C:/HOOPOE3/satellite-subsystems/demo/..//satellite-subsystems/lib\libSatelliteSubsystemsD.a
LOAD c:/isis/application/toolchain/bin/../lib/gcc/arm-none-eabi/4.7.4/../../../../arm-none-eabi/lib\libm.a
LOAD C:/HOOPOE3/satellite-subsystems/demo/../..//hal/hcc/lib\libHCCD.a
LOAD C:/HOOPOE3/satellite-subsystems/demo/../..//hal/hal/lib\libHALD.a
LOAD C:/HOOPOE3/satellite-subsystems/demo/../..//hal/freertos/lib\libFreeRTOSD.a
LOAD C:/HOOPOE3/satellite-subsystems/demo/../..//hal/at91/lib\libAt91D.a
START GROUP
LOAD c:/isis/application/toolchain/bin/../lib/gcc/arm-none-eabi/4.7.4\libgcc.a
LOAD c:/isis/application/toolchain/bin/../lib/gcc/arm-none-eabi/4.7.4/../../../../arm-none-eabi/lib\libc_s.a
END GROUP

.fixed          0x20000000    0x59df8
                0x20000000                . = ALIGN (0x4)
                0x20000000                _sfixed = .
 *(.startup)
 .startup       0x20000000      0x134 C:/HOOPOE3/satellite-subsystems/demo/../..//hal/at91/lib\libAt91D.a(board_cstartup.o)
                0x20000000                entry
 *(.text)
 .text          0x20000134       0x64 C:/HOOPOE3/satellite-subsystems/demo/../..//hal/at91/lib\libAt91D.a(cp15_asm.o)
                0x20000134                _readControlRegister
                0x20000140                _writeControlRegister
                0x20000148                _waitForInterrupt
                0x20000154                _writeTTB
                0x2000015c                _writeDomain
                0x20000164                _writeITLBLockdown
                0x2000016c                _prefetchICacheLine
                0x20000174                _flushDCache
                0x20000180                _flushWriteBuffer
                0x2000018c                _invalidateIDTLBs
 .text          0x20000198      0x114 c:/isis/application/toolchain/bin/../lib/gcc/arm-none-eabi/4.7.4\libgcc.a(_udivsi3.o)
                0x20000198                __aeabi_uidiv
                0x20000198                __udivsi3
                0x2000028c                __aeabi_uidivmod
 .text          0x200002ac      0x148 c:/isis/application/toolchain/bin/../lib/gcc/arm-none-eabi/4.7.4\libgcc.a(_divsi3.o)
                0x200002ac                __divsi3
                0x200002ac                __aeabi_idiv
                0x200003d4                __aeabi_idivmod
 .text          0x200003f4        0x4 c:/isis/application/toolchain/bin/../lib/gcc/arm-none-eabi/4.7.4\libgcc.a(_dvmd_tls.o)
                0x200003f4                __aeabi_idiv0
                0x200003f4                __aeabi_ldiv0
 .text          0x200003f8      0x41c c:/isis/application/toolchain/bin/../lib/gcc/arm-none-eabi/4.7.4\libgcc.a(_arm_addsubdf3.o)
                0x200003f8                __aeabi_drsub
                0x20000400                __aeabi_dsub
                0x20000400                __subdf3
                0x20000404                __aeabi_dadd
                0x20000404                __adddf3
                0x20000714                __floatunsidf
                0x20000714                __aeabi_ui2d
                0x20000738                __floatsidf
                0x20000738                __aeabi_i2d
                0x20000760                __aeabi_f2d
                0x20000760                __extendsfdf2
                0x200007a0                __floatundidf
                0x200007a0                __aeabi_ul2d
                0x200007b4                __floatdidf
                0x200007b4                __aeabi_l2d
 .text          0x20000814      0x49c c:/isis/application/toolchain/bin/../lib/gcc/arm-none-eabi/4.7.4\libgcc.a(_arm_muldivdf3.o)
                0x20000814                __aeabi_dmul
                0x20000814                __muldf3
                0x20000aa4                __divdf3
                0x20000aa4                __aeabi_ddiv
 .text          0x20000cb0      0x144 c:/isis/application/toolchain/bin/../lib/gcc/arm-none-eabi/4.7.4\libgcc.a(_arm_cmpdf2.o)
                0x20000cb0                __gtdf2
                0x20000cb0                __gedf2
                0x20000cb8                __ltdf2
                0x20000cb8                __ledf2
                0x20000cc0                __nedf2
                0x20000cc0                __eqdf2
                0x20000cc0                __cmpdf2
                0x20000d48                __aeabi_cdrcmple
                0x20000d64                __aeabi_cdcmpeq
                0x20000d64                __aeabi_cdcmple
                0x20000d7c                __aeabi_dcmpeq
                0x20000d94                __aeabi_dcmplt
                0x20000dac                __aeabi_dcmple
                0x20000dc4                __aeabi_dcmpge
                0x20000ddc                __aeabi_dcmpgt
 .text          0x20000df4       0x5c c:/isis/application/toolchain/bin/../lib/gcc/arm-none-eabi/4.7.4\libgcc.a(_arm_fixdfsi.o)
                0x20000df4                __aeabi_d2iz
                0x20000df4                __fixdfsi
 .text          0x20000e50       0x54 c:/isis/application/toolchain/bin/../lib/gcc/arm-none-eabi/4.7.4\libgcc.a(_arm_fixunsdfsi.o)
                0x20000e50                __aeabi_d2uiz
                0x20000e50                __fixunsdfsi
 .text          0x20000ea4       0xa0 c:/isis/application/toolchain/bin/../lib/gcc/arm-none-eabi/4.7.4\libgcc.a(_arm_truncdfsf2.o)
                0x20000ea4                __truncdfsf2
                0x20000ea4                __aeabi_d2f
 .text          0x20000f44      0x2ac c:/isis/application/toolchain/bin/../lib/gcc/arm-none-eabi/4.7.4\libgcc.a(_arm_addsubsf3.o)
                0x20000f44                __aeabi_frsub
                0x20000f4c                __subsf3
                0x20000f4c                __aeabi_fsub
                0x20000f50                __aeabi_fadd
                0x20000f50                __addsf3
                0x2000110c                __aeabi_ui2f
                0x2000110c                __floatunsisf
                0x20001114                __aeabi_i2f
                0x20001114                __floatsisf
                0x20001134                __aeabi_ul2f
                0x20001134                __floatundisf
                0x20001144                __aeabi_l2f
                0x20001144                __floatdisf
 .text          0x200011f0      0x2f8 c:/isis/application/toolchain/bin/../lib/gcc/arm-none-eabi/4.7.4\libgcc.a(_arm_muldivsf3.o)
                0x200011f0                __mulsf3
                0x200011f0                __aeabi_fmul
                0x20001388                __aeabi_fdiv
                0x20001388                __divsf3
 .text          0x200014e8      0x114 c:/isis/application/toolchain/bin/../lib/gcc/arm-none-eabi/4.7.4\libgcc.a(_arm_cmpsf2.o)
                0x200014e8                __gesf2
                0x200014e8                __gtsf2
                0x200014f0                __lesf2
                0x200014f0                __ltsf2
                0x200014f8                __nesf2
                0x200014f8                __eqsf2
                0x200014f8                __cmpsf2
                0x2000155c                __aeabi_cfrcmple
                0x2000156c                __aeabi_cfcmpeq
                0x2000156c                __aeabi_cfcmple
                0x20001584                __aeabi_fcmpeq
                0x2000159c                __aeabi_fcmplt
                0x200015b4                __aeabi_fcmple
                0x200015cc                __aeabi_fcmpge
                0x200015e4                __aeabi_fcmpgt
 .text          0x200015fc       0x54 c:/isis/application/toolchain/bin/../lib/gcc/arm-none-eabi/4.7.4\libgcc.a(_arm_fixunssfsi.o)
                0x200015fc                __fixunssfsi
                0x200015fc                __aeabi_f2uiz
 *(.text*)
 .text.__cvt    0x20001650      0x138 c:/isis/application/toolchain/bin/../lib/gcc/arm-none-eabi/4.7.4/../../../../arm-none-eabi/lib\libc_s.a(lib_a-vfprintf_float.o)
                0x20001650                __cvt
 .text.__exponent
                0x20001788       0xa8 c:/isis/application/toolchain/bin/../lib/gcc/arm-none-eabi/4.7.4/../../../../arm-none-eabi/lib\libc_s.a(lib_a-vfprintf_float.o)
                0x20001788                __exponent
 .text._printf_float
                0x20001830      0x7dc c:/isis/application/toolchain/bin/../lib/gcc/arm-none-eabi/4.7.4/../../../../arm-none-eabi/lib\libc_s.a(lib_a-vfprintf_float.o)
                0x20001830                _printf_float
 .text._printf_common
                0x2000200c      0x174 c:/isis/application/toolchain/bin/../lib/gcc/arm-none-eabi/4.7.4/../../../../arm-none-eabi/lib\libc_s.a(lib_a-vfprintf_i.o)
                0x2000200c                _printf_common
 .text._printf_i
                0x20002180      0x3c4 c:/isis/application/toolchain/bin/../lib/gcc/arm-none-eabi/4.7.4/../../../../arm-none-eabi/lib\libc_s.a(lib_a-vfprintf_i.o)
                0x20002180                _printf_i
 .text._scanf_float
                0x20002544      0x5f4 c:/isis/application/toolchain/bin/../lib/gcc/arm-none-eabi/4.7.4/../../../../arm-none-eabi/lib\libc_s.a(lib_a-vfscanf_float.o)
                0x20002544                _scanf_float
 .text.quorem   0x20002b38      0x1ac c:/isis/application/toolchain/bin/../lib/gcc/arm-none-eabi/4.7.4/../../../../arm-none-eabi/lib\libc_s.a(lib_a-dtoa.o)
 .text._dtoa_r  0x20002ce4     0x1268 c:/isis/application/toolchain/bin/../lib/gcc/arm-none-eabi/4.7.4/../../../../arm-none-eabi/lib\libc_s.a(lib_a-dtoa.o)
                0x20002ce4                _dtoa_r
 .text._localeconv_r
                0x20003f4c        0xc c:/isis/application/toolchain/bin/../lib/gcc/arm-none-eabi/4.7.4/../../../../arm-none-eabi/lib\libc_s.a(lib_a-locale.o)
                0x20003f4c                _localeconv_r
 .text.malloc   0x20003f58       0x20 c:/isis/application/toolchain/bin/../lib/gcc/arm-none-eabi/4.7.4/../../../../arm-none-eabi/lib\libc_s.a(lib_a-malloc.o)
                0x20003f58                malloc
 .text.free     0x20003f78       0x20 c:/isis/application/toolchain/bin/../lib/gcc/arm-none-eabi/4.7.4/../../../../arm-none-eabi/lib\libc_s.a(lib_a-malloc.o)
                0x20003f78                free
 .text._malloc_r
                0x20003f98       0xfc c:/isis/application/toolchain/bin/../lib/gcc/arm-none-eabi/4.7.4/../../../../arm-none-eabi/lib\libc_s.a(lib_a-mallocr.o)
                0x20003f98                _malloc_r
 .text.memcpy   0x20004094       0x20 c:/isis/application/toolchain/bin/../lib/gcc/arm-none-eabi/4.7.4/../../../../arm-none-eabi/lib\libc_s.a(lib_a-memcpy.o)
                0x20004094                memcpy
 .text._Balloc  0x200040b4       0xcc c:/isis/application/toolchain/bin/../lib/gcc/arm-none-eabi/4.7.4/../../../../arm-none-eabi/lib\libc_s.a(lib_a-mprec.o)
                0x200040b4                _Balloc
 .text._Bfree   0x20004180       0x5c c:/isis/application/toolchain/bin/../lib/gcc/arm-none-eabi/4.7.4/../../../../arm-none-eabi/lib\libc_s.a(lib_a-mprec.o)
                0x20004180                _Bfree
 .text.__multadd
                0x200041dc       0xbc c:/isis/application/toolchain/bin/../lib/gcc/arm-none-eabi/4.7.4/../../../../arm-none-eabi/lib\libc_s.a(lib_a-mprec.o)
                0x200041dc                __multadd
 .text.__s2b    0x20004298       0xd8 c:/isis/application/toolchain/bin/../lib/gcc/arm-none-eabi/4.7.4/../../../../arm-none-eabi/lib\libc_s.a(lib_a-mprec.o)
                0x20004298                __s2b
 .text.__hi0bits
                0x20004370       0x58 c:/isis/application/toolchain/bin/../lib/gcc/arm-none-eabi/4.7.4/../../../../arm-none-eabi/lib\libc_s.a(lib_a-mprec.o)
                0x20004370                __hi0bits
 .text.__lo0bits
                0x200043c8       0x94 c:/isis/application/toolchain/bin/../lib/gcc/arm-none-eabi/4.7.4/../../../../arm-none-eabi/lib\libc_s.a(lib_a-mprec.o)
                0x200043c8                __lo0bits
 .text.__i2b    0x2000445c       0x24 c:/isis/application/toolchain/bin/../lib/gcc/arm-none-eabi/4.7.4/../../../../arm-none-eabi/lib\libc_s.a(lib_a-mprec.o)
                0x2000445c                __i2b
 .text.__multiply
                0x20004480      0x1ac c:/isis/application/toolchain/bin/../lib/gcc/arm-none-eabi/4.7.4/../../../../arm-none-eabi/lib\libc_s.a(lib_a-mprec.o)
                0x20004480                __multiply
 .text.__pow5mult
                0x2000462c      0x10c c:/isis/application/toolchain/bin/../lib/gcc/arm-none-eabi/4.7.4/../../../../arm-none-eabi/lib\libc_s.a(lib_a-mprec.o)
                0x2000462c                __pow5mult
 .text.__lshift
                0x20004738       0xf0 c:/isis/application/toolchain/bin/../lib/gcc/arm-none-eabi/4.7.4/../../../../arm-none-eabi/lib\libc_s.a(lib_a-mprec.o)
                0x20004738                __lshift
 .text.__mcmp   0x20004828       0x60 c:/isis/application/toolchain/bin/../lib/gcc/arm-none-eabi/4.7.4/../../../../arm-none-eabi/lib\libc_s.a(lib_a-mprec.o)
                0x20004828                __mcmp
 .text.__mdiff  0x20004888      0x128 c:/isis/application/toolchain/bin/../lib/gcc/arm-none-eabi/4.7.4/../../../../arm-none-eabi/lib\libc_s.a(lib_a-mprec.o)
                0x20004888                __mdiff
 .text.__ulp    0x200049b0       0x5c c:/isis/application/toolchain/bin/../lib/gcc/arm-none-eabi/4.7.4/../../../../arm-none-eabi/lib\libc_s.a(lib_a-mprec.o)
                0x200049b0                __ulp
 .text.__b2d    0x20004a0c       0xc8 c:/isis/application/toolchain/bin/../lib/gcc/arm-none-eabi/4.7.4/../../../../arm-none-eabi/lib\libc_s.a(lib_a-mprec.o)
                0x20004a0c                __b2d
 .text.__d2b    0x20004ad4       0xfc c:/isis/application/toolchain/bin/../lib/gcc/arm-none-eabi/4.7.4/../../../../arm-none-eabi/lib\libc_s.a(lib_a-mprec.o)
                0x20004ad4                __d2b
 .text.__ratio  0x20004bd0       0x70 c:/isis/application/toolchain/bin/../lib/gcc/arm-none-eabi/4.7.4/../../../../arm-none-eabi/lib\libc_s.a(lib_a-mprec.o)
                0x20004bd0                __ratio
 .text.__copybits
                0x20004c40       0x4c c:/isis/application/toolchain/bin/../lib/gcc/arm-none-eabi/4.7.4/../../../../arm-none-eabi/lib\libc_s.a(lib_a-mprec.o)
                0x20004c40                __copybits
 .text.__any_on
                0x20004c8c       0x7c c:/isis/application/toolchain/bin/../lib/gcc/arm-none-eabi/4.7.4/../../../../arm-none-eabi/lib\libc_s.a(lib_a-mprec.o)
                0x20004c8c                __any_on
 .text.__fpclassifyd
                0x20004d08       0x6c c:/isis/application/toolchain/bin/../lib/gcc/arm-none-eabi/4.7.4/../../../../arm-none-eabi/lib\libc_s.a(lib_a-s_fpclassify.o)
                0x20004d08                __fpclassifyd
 .text._sbrk_r  0x20004d74       0x3c c:/isis/application/toolchain/bin/../lib/gcc/arm-none-eabi/4.7.4/../../../../arm-none-eabi/lib\libc_s.a(lib_a-sbrkr.o)
                0x20004d74                _sbrk_r
 .text.nanf     0x20004db0        0xc c:/isis/application/toolchain/bin/../lib/gcc/arm-none-eabi/4.7.4/../../../../arm-none-eabi/lib\libc_s.a(lib_a-sf_nan.o)
                0x20004db0                nanf
 .text.sprintf  0x20004dbc       0x6c c:/isis/application/toolchain/bin/../lib/gcc/arm-none-eabi/4.7.4/../../../../arm-none-eabi/lib\libc_s.a(lib_a-sprintf.o)
                0x20004dbc                siprintf
                0x20004dbc                sprintf
 .text.strcmp   0x20004e28       0x1c c:/isis/application/toolchain/bin/../lib/gcc/arm-none-eabi/4.7.4/../../../../arm-none-eabi/lib\libc_s.a(lib_a-strcmp.o)
                0x20004e28                strcmp
 .text.strlen   0x20004e44       0x1c c:/isis/application/toolchain/bin/../lib/gcc/arm-none-eabi/4.7.4/../../../../arm-none-eabi/lib\libc_s.a(lib_a-strlen.o)
                0x20004e44                strlen
 .text.match    0x20004e60       0x54 c:/isis/application/toolchain/bin/../lib/gcc/arm-none-eabi/4.7.4/../../../../arm-none-eabi/lib\libc_s.a(lib_a-strtod.o)
 .text._strtod_r
                0x20004eb4     0x1168 c:/isis/application/toolchain/bin/../lib/gcc/arm-none-eabi/4.7.4/../../../../arm-none-eabi/lib\libc_s.a(lib_a-strtod.o)
                0x20004eb4                _strtod_r
 .text._strtol_r
                0x2000601c      0x1b8 c:/isis/application/toolchain/bin/../lib/gcc/arm-none-eabi/4.7.4/../../../../arm-none-eabi/lib\libc_s.a(lib_a-strtol.o)
                0x2000601c                _strtol_r
 .text.__ssputc_r
                0x200061d4      0x10c c:/isis/application/toolchain/bin/../lib/gcc/arm-none-eabi/4.7.4/../../../../arm-none-eabi/lib\libc_s.a(lib_a-svfprintf.o)
                0x200061d4                __ssputc_r
 .text._svfprintf_r
                0x200062e0      0x328 c:/isis/application/toolchain/bin/../lib/gcc/arm-none-eabi/4.7.4/../../../../arm-none-eabi/lib\libc_s.a(lib_a-svfprintf.o)
                0x200062e0                _svfiprintf_r
                0x200062e0                _svfprintf_r
 .text._calloc_r
                0x20006608       0x2c c:/isis/application/toolchain/bin/../lib/gcc/arm-none-eabi/4.7.4/../../../../arm-none-eabi/lib\libc_s.a(lib_a-callocr.o)
                0x20006608                _calloc_r
 .text._free_r  0x20006634      0x108 c:/isis/application/toolchain/bin/../lib/gcc/arm-none-eabi/4.7.4/../../../../arm-none-eabi/lib\libc_s.a(lib_a-freer.o)
                0x20006634                _free_r
 .text.rshift   0x2000673c       0xb0 c:/isis/application/toolchain/bin/../lib/gcc/arm-none-eabi/4.7.4/../../../../arm-none-eabi/lib\libc_s.a(lib_a-gdtoa-gethex.o)
 .text.htinit.constprop.0
                0x200067ec       0x34 c:/isis/application/toolchain/bin/../lib/gcc/arm-none-eabi/4.7.4/../../../../arm-none-eabi/lib\libc_s.a(lib_a-gdtoa-gethex.o)
 .text.__hexdig_init
                0x20006820       0x38 c:/isis/application/toolchain/bin/../lib/gcc/arm-none-eabi/4.7.4/../../../../arm-none-eabi/lib\libc_s.a(lib_a-gdtoa-gethex.o)
                0x20006820                __hexdig_init
 .text.__gethex
                0x20006858      0x6cc c:/isis/application/toolchain/bin/../lib/gcc/arm-none-eabi/4.7.4/../../../../arm-none-eabi/lib\libc_s.a(lib_a-gdtoa-gethex.o)
                0x20006858                __gethex
 .text.L_shift  0x20006f24       0x38 c:/isis/application/toolchain/bin/../lib/gcc/arm-none-eabi/4.7.4/../../../../arm-none-eabi/lib\libc_s.a(lib_a-gdtoa-hexnan.o)
 .text.__hexnan
                0x20006f5c      0x1d8 c:/isis/application/toolchain/bin/../lib/gcc/arm-none-eabi/4.7.4/../../../../arm-none-eabi/lib\libc_s.a(lib_a-gdtoa-hexnan.o)
                0x20006f5c                __hexnan
 .text.memchr   0x20007134       0x34 c:/isis/application/toolchain/bin/../lib/gcc/arm-none-eabi/4.7.4/../../../../arm-none-eabi/lib\libc_s.a(lib_a-memchr.o)
                0x20007134                memchr
 .text.memset   0x20007168       0x1c c:/isis/application/toolchain/bin/../lib/gcc/arm-none-eabi/4.7.4/../../../../arm-none-eabi/lib\libc_s.a(lib_a-memset.o)
                0x20007168                memset
 .text._realloc_r
                0x20007184       0x80 c:/isis/application/toolchain/bin/../lib/gcc/arm-none-eabi/4.7.4/../../../../arm-none-eabi/lib\libc_s.a(lib_a-reallocr.o)
                0x20007184                _realloc_r
 .text.strncmp  0x20007204       0x64 c:/isis/application/toolchain/bin/../lib/gcc/arm-none-eabi/4.7.4/../../../../arm-none-eabi/lib\libc_s.a(lib_a-strncmp.o)
                0x20007204                strncmp
 .text._malloc_usable_size_r
                0x20007268       0x1c c:/isis/application/toolchain/bin/../lib/gcc/arm-none-eabi/4.7.4/../../../../arm-none-eabi/lib\libc_s.a(lib_a-msizer.o)
                0x20007268                _malloc_usable_size_r
 .text.GetChunkFromImage
                0x20007284      0x2d0 ./src/sub-systemCode/payload/Request Management/Dump/Butchering.o
                0x20007284                GetChunkFromImage
 .text.SimpleButcher
                0x20007554       0xd8 ./src/sub-systemCode/payload/Request Management/Dump/Butchering.o
                0x20007554                SimpleButcher
 .text.readChunkDimentionsFromFRAM
                0x2000762c       0x80 ./src/sub-systemCode/payload/Request Management/Dump/imageDump.o
                0x2000762c                readChunkDimentionsFromFRAM
 .text.setChunkDimensions_inFRAM
                0x200076ac      0x10c ./src/sub-systemCode/payload/Request Management/Dump/imageDump.o
                0x200076ac                setChunkDimensions_inFRAM
 .text.find_subType_ofImage
                0x200077b8       0xe0 ./src/sub-systemCode/payload/Request Management/Dump/imageDump.o
                0x200077b8                find_subType_ofImage
 .text.buildAndSend_chunck
                0x20007898      0x320 ./src/sub-systemCode/payload/Request Management/Dump/imageDump.o
                0x20007898                buildAndSend_chunck
 .text.bitField_imageDump
                0x20007bb8      0x23c ./src/sub-systemCode/payload/Request Management/Dump/imageDump.o
                0x20007bb8                bitField_imageDump
 .text.imageDataBase_Dump
                0x20007df4      0x118 ./src/sub-systemCode/payload/Request Management/Dump/imageDump.o
                0x20007df4                imageDataBase_Dump
 .text.chunkField_imageDump
                0x20007f0c      0x258 ./src/sub-systemCode/payload/Request Management/Dump/imageDump.o
                0x20007f0c                chunkField_imageDump
 .text.imageDump_task
                0x20008164      0x43c ./src/sub-systemCode/payload/Request Management/Dump/imageDump.o
                0x20008164                imageDump_task
 .text.CameraManagerTaskMain
                0x200085a0      0x120 ./src/sub-systemCode/payload/Request Management/CameraManeger.o
                0x200085a0                CameraManagerTaskMain
 .text.initCamera
                0x200086c0       0xa4 ./src/sub-systemCode/payload/Request Management/CameraManeger.o
                0x200086c0                initCamera
 .text.KickStartCamera
                0x20008764       0xb4 ./src/sub-systemCode/payload/Request Management/CameraManeger.o
                0x20008764                KickStartCamera
 .text.addRequestToQueue
                0x20008818       0xa8 ./src/sub-systemCode/payload/Request Management/CameraManeger.o
                0x20008818                addRequestToQueue
 .text.removeRequestFromQueue
                0x200088c0       0x7c ./src/sub-systemCode/payload/Request Management/CameraManeger.o
                0x200088c0                removeRequestFromQueue
 .text.Take_pictures_with_time_in_between
                0x2000893c       0xe8 ./src/sub-systemCode/payload/Request Management/CameraManeger.o
                0x2000893c                Take_pictures_with_time_in_between
 .text.Gecko_TroubleShooter
                0x20008a24       0xdc ./src/sub-systemCode/payload/Request Management/CameraManeger.o
                0x20008a24                Gecko_TroubleShooter
 .text.startDumpTask
                0x20008b00       0x70 ./src/sub-systemCode/payload/Request Management/CameraManeger.o
                0x20008b00                startDumpTask
 .text.act_upon_request
                0x20008b70      0x4e0 ./src/sub-systemCode/payload/Request Management/CameraManeger.o
                0x20008b70                act_upon_request
 .text.TakePicture
                0x20009050       0x4c ./src/sub-systemCode/payload/Request Management/DB_RequestHandling.o
                0x20009050                TakePicture
 .text.TakeSpecialPicture
                0x2000909c      0x130 ./src/sub-systemCode/payload/Request Management/DB_RequestHandling.o
                0x2000909c                TakeSpecialPicture
 .text.DeletePictureFile
                0x200091cc       0x88 ./src/sub-systemCode/payload/Request Management/DB_RequestHandling.o
                0x200091cc                DeletePictureFile
 .text.DeletePicture
                0x20009254       0x6c ./src/sub-systemCode/payload/Request Management/DB_RequestHandling.o
                0x20009254                DeletePicture
 .text.TransferPicture
                0x200092c0       0x54 ./src/sub-systemCode/payload/Request Management/DB_RequestHandling.o
                0x200092c0                TransferPicture
 .text.CreateThumbnail
                0x20009314       0x80 ./src/sub-systemCode/payload/Request Management/DB_RequestHandling.o
                0x20009314                CreateThumbnail
 .text.CreateJPG
                0x20009394       0x7c ./src/sub-systemCode/payload/Request Management/DB_RequestHandling.o
                0x20009394                CreateJPG
 .text.UpdatePhotographyValues
                0x20009410       0xd8 ./src/sub-systemCode/payload/Request Management/DB_RequestHandling.o
                0x20009410                UpdatePhotographyValues
 .text.setChunkDimensions
                0x200094e8       0x64 ./src/sub-systemCode/payload/Request Management/DB_RequestHandling.o
                0x200094e8                setChunkDimensions
 .text.convert2char
                0x2000954c      0x14c ./src/sub-systemCode/payload/Misc/Boolean_bit.o
                0x2000954c                convert2char
 .text.convert2byte
                0x20009698      0x1c8 ./src/sub-systemCode/payload/Misc/Boolean_bit.o
                0x20009698                convert2byte
 .text.bits2byte
                0x20009860      0x17c ./src/sub-systemCode/payload/Misc/Boolean_bit.o
                0x20009860                bits2byte
 .text.byte2bits
                0x200099dc      0x17c ./src/sub-systemCode/payload/Misc/Boolean_bit.o
                0x200099dc                byte2bits
 .text.char2bits
                0x20009b58       0x44 ./src/sub-systemCode/payload/Misc/Boolean_bit.o
                0x20009b58                char2bits
 .text.bits2char
                0x20009b9c       0x3c ./src/sub-systemCode/payload/Misc/Boolean_bit.o
                0x20009b9c                bits2char
 .text.ReadFromFile
                0x20009bd8       0x6c ./src/sub-systemCode/payload/Misc/FileSystem.o
                0x20009bd8                ReadFromFile
 .text.WriteToFile
                0x20009c44       0x74 ./src/sub-systemCode/payload/Misc/FileSystem.o
                0x20009c44                WriteToFile
 .text.Initialized_GPIO
                0x20009cb8       0x54 ./src/sub-systemCode/payload/Drivers/GeckoCameraDriver.o
                0x20009cb8                Initialized_GPIO
 .text.TurnOnGecko
                0x20009d0c      0x140 ./src/sub-systemCode/payload/Drivers/GeckoCameraDriver.o
                0x20009d0c                TurnOnGecko
 .text.TurnOffGecko
                0x20009e4c       0xd8 ./src/sub-systemCode/payload/Drivers/GeckoCameraDriver.o
                0x20009e4c                TurnOffGecko
 .text.initGecko
                0x20009f24       0x3c ./src/sub-systemCode/payload/Drivers/GeckoCameraDriver.o
                0x20009f24                initGecko
 .text.GECKO_TakeImage
                0x20009f60      0x2f4 ./src/sub-systemCode/payload/Drivers/GeckoCameraDriver.o
                0x20009f60                GECKO_TakeImage
 .text.GECKO_ReadImage
                0x2000a254      0x234 ./src/sub-systemCode/payload/Drivers/GeckoCameraDriver.o
                0x2000a254                GECKO_ReadImage
 .text.GECKO_EraseBlock
                0x2000a488       0xf0 ./src/sub-systemCode/payload/Drivers/GeckoCameraDriver.o
                0x2000a488                GECKO_EraseBlock
 .text.getFileName
                0x2000a578      0x1a0 ./src/sub-systemCode/payload/DataBase/DataBase.o
 .text.zeroImageDataBase
                0x2000a718       0xfc ./src/sub-systemCode/payload/DataBase/DataBase.o
                0x2000a718                zeroImageDataBase
 .text.updateGeneralDataBaseParameters
                0x2000a814       0x5c ./src/sub-systemCode/payload/DataBase/DataBase.o
                0x2000a814                updateGeneralDataBaseParameters
 .text.SearchDataBase_byID
                0x2000a870      0x220 ./src/sub-systemCode/payload/DataBase/DataBase.o
                0x2000a870                SearchDataBase_byID
 .text.SearchDataBase_byMark
                0x2000aa90       0xa4 ./src/sub-systemCode/payload/DataBase/DataBase.o
                0x2000aa90                SearchDataBase_byMark
 .text.checkForFileType
                0x2000ab34       0x74 ./src/sub-systemCode/payload/DataBase/DataBase.o
                0x2000ab34                checkForFileType
 .text.updateFileTypes
                0x2000aba8       0xbc ./src/sub-systemCode/payload/DataBase/DataBase.o
                0x2000aba8                updateFileTypes
 .text.GetImageFactor
                0x2000ac64       0x58 ./src/sub-systemCode/payload/DataBase/DataBase.o
                0x2000ac64                GetImageFactor
 .text.readImageFromBuffer
                0x2000acbc      0x12c ./src/sub-systemCode/payload/DataBase/DataBase.o
                0x2000acbc                readImageFromBuffer
 .text.saveImageToBuffer
                0x2000ade8      0x12c ./src/sub-systemCode/payload/DataBase/DataBase.o
                0x2000ade8                saveImageToBuffer
 .text.getLatestID
                0x2000af14       0x48 ./src/sub-systemCode/payload/DataBase/DataBase.o
                0x2000af14                getLatestID
 .text.getDataBaseStart
                0x2000af5c       0x20 ./src/sub-systemCode/payload/DataBase/DataBase.o
                0x2000af5c                getDataBaseStart
 .text.setDataBaseValues
                0x2000af7c      0x208 ./src/sub-systemCode/payload/DataBase/DataBase.o
                0x2000af7c                setDataBaseValues
 .text.initImageDataBase
                0x2000b184      0x20c ./src/sub-systemCode/payload/DataBase/DataBase.o
                0x2000b184                initImageDataBase
 .text.resetImageDataBase
                0x2000b390       0x98 ./src/sub-systemCode/payload/DataBase/DataBase.o
                0x2000b390                resetImageDataBase
 .text.setCameraPhotographyValues
                0x2000b428      0x130 ./src/sub-systemCode/payload/DataBase/DataBase.o
                0x2000b428                setCameraPhotographyValues
 .text.transferImageToSD_withoutSearch
                0x2000b558      0x17c ./src/sub-systemCode/payload/DataBase/DataBase.o
                0x2000b558                transferImageToSD_withoutSearch
 .text.transferImageToSD
                0x2000b6d4       0xac ./src/sub-systemCode/payload/DataBase/DataBase.o
                0x2000b6d4                transferImageToSD
 .text.DeleteImageFromOBC_withoutSearch
                0x2000b780       0xf0 ./src/sub-systemCode/payload/DataBase/DataBase.o
                0x2000b780                DeleteImageFromOBC_withoutSearch
 .text.DeleteImageFromOBC
                0x2000b870       0xb8 ./src/sub-systemCode/payload/DataBase/DataBase.o
                0x2000b870                DeleteImageFromOBC
 .text.DeleteImageFromPayload
                0x2000b928      0x270 ./src/sub-systemCode/payload/DataBase/DataBase.o
                0x2000b928                DeleteImageFromPayload
 .text.clearImageDataBase
                0x2000bb98      0x128 ./src/sub-systemCode/payload/DataBase/DataBase.o
                0x2000bb98                clearImageDataBase
 .text.handleMarkedPictures
                0x2000bcc0      0x1dc ./src/sub-systemCode/payload/DataBase/DataBase.o
                0x2000bcc0                handleMarkedPictures
 .text.writeNewImageMetaDataToFRAM
                0x2000be9c      0x258 ./src/sub-systemCode/payload/DataBase/DataBase.o
                0x2000be9c                writeNewImageMetaDataToFRAM
 .text.takePicture
                0x2000c0f4      0x3ac ./src/sub-systemCode/payload/DataBase/DataBase.o
                0x2000c0f4                takePicture
 .text.takePicture_withSpecialParameters
                0x2000c4a0       0xbc ./src/sub-systemCode/payload/DataBase/DataBase.o
                0x2000c4a0                takePicture_withSpecialParameters
 .text.GetImageFileName
                0x2000c55c       0xd0 ./src/sub-systemCode/payload/DataBase/DataBase.o
                0x2000c55c                GetImageFileName
 .text.getDataBaseSize
                0x2000c62c       0x20 ./src/sub-systemCode/payload/DataBase/DataBase.o
                0x2000c62c                getDataBaseSize
 .text.getImageDataBaseBuffer
                0x2000c64c      0x240 ./src/sub-systemCode/payload/DataBase/DataBase.o
                0x2000c64c                getImageDataBaseBuffer
 .text.TransformRawToBMP
                0x2000c88c      0x1e0 ./src/sub-systemCode/payload/Compression/jpeg/bmp/rawToBMP.o
                0x2000c88c                TransformRawToBMP
 .text.interpolate
                0x2000ca6c      0x8d0 ./src/sub-systemCode/payload/Compression/jpeg/bmp/rawToBMP.o
                0x2000ca6c                interpolate
 .text.getInputAt
                0x2000d33c      0x308 ./src/sub-systemCode/payload/Compression/jpeg/bmp/rawToBMP.o
                0x2000d33c                getInputAt
 .text.f_writeF_FILEHeader
                0x2000d644      0x2f0 ./src/sub-systemCode/payload/Compression/jpeg/bmp/rawToBMP.o
                0x2000d644                f_writeF_FILEHeader
 .text.f_writeOutputRow
                0x2000d934       0xbc ./src/sub-systemCode/payload/Compression/jpeg/bmp/rawToBMP.o
                0x2000d934                f_writeOutputRow
 .text.dct      0x2000d9f0      0x9c4 ./src/sub-systemCode/payload/Compression/jpeg/DCT.o
                0x2000d9f0                dct
 .text.JPEG_compressor
                0x2000e3b4       0xfc ./src/sub-systemCode/payload/Compression/jpeg/ImgCompressor.o
                0x2000e3b4                JPEG_compressor
 .text.Create_BMP_File
                0x2000e4b0       0xf4 ./src/sub-systemCode/payload/Compression/jpeg/ImgCompressor.o
                0x2000e4b0                Create_BMP_File
 .text.CompressImage
                0x2000e5a4      0x1cc ./src/sub-systemCode/payload/Compression/jpeg/ImgCompressor.o
                0x2000e5a4                CompressImage
 .text.clamp    0x2000e770       0x60 ./src/sub-systemCode/payload/Compression/jpeg/color_conv.o
                0x2000e770                clamp
 .text.RGB_to_YCC
                0x2000e7d0      0x1a8 ./src/sub-systemCode/payload/Compression/jpeg/color_conv.o
                0x2000e7d0                RGB_to_YCC
 .text.RGB_to_Y
                0x2000e978       0xc4 ./src/sub-systemCode/payload/Compression/jpeg/color_conv.o
                0x2000e978                RGB_to_Y
 .text.Y_to_YCC
                0x2000ea3c       0x88 ./src/sub-systemCode/payload/Compression/jpeg/color_conv.o
                0x2000ea3c                Y_to_YCC
 .text.compress_image_to_jpeg_file
                0x2000eac4      0x1ac ./src/sub-systemCode/payload/Compression/jpeg/jpeg.o
                0x2000eac4                compress_image_to_jpeg_file
 .text.emit_marker
                0x2000ec70       0xc8 ./src/sub-systemCode/payload/Compression/jpeg/jpeg_encoder.o
                0x2000ec70                emit_marker
 .text.emit_byte
                0x2000ed38       0x6c ./src/sub-systemCode/payload/Compression/jpeg/jpeg_encoder.o
                0x2000ed38                emit_byte
 .text.emit_word
                0x2000eda4       0xd0 ./src/sub-systemCode/payload/Compression/jpeg/jpeg_encoder.o
                0x2000eda4                emit_word
 .text.emit_jfif_app0
                0x2000ee74       0xc0 ./src/sub-systemCode/payload/Compression/jpeg/jpeg_encoder.o
                0x2000ee74                emit_jfif_app0
 .text.emit_dqt
                0x2000ef34       0xd8 ./src/sub-systemCode/payload/Compression/jpeg/jpeg_encoder.o
                0x2000ef34                emit_dqt
 .text.emit_sof
                0x2000f00c      0x14c ./src/sub-systemCode/payload/Compression/jpeg/jpeg_encoder.o
                0x2000f00c                emit_sof
 .text.emit_dht
                0x2000f158      0x138 ./src/sub-systemCode/payload/Compression/jpeg/jpeg_encoder.o
                0x2000f158                emit_dht
 .text.emit_dhts
                0x2000f290       0xd8 ./src/sub-systemCode/payload/Compression/jpeg/jpeg_encoder.o
                0x2000f290                emit_dhts
 .text.emit_sos
                0x2000f368       0xec ./src/sub-systemCode/payload/Compression/jpeg/jpeg_encoder.o
                0x2000f368                emit_sos
 .text.emit_markers
                0x2000f454       0x4c ./src/sub-systemCode/payload/Compression/jpeg/jpeg_encoder.o
                0x2000f454                emit_markers
 .text.compute_huffman_table
                0x2000f4a0      0x334 ./src/sub-systemCode/payload/Compression/jpeg/jpeg_encoder.o
                0x2000f4a0                compute_huffman_table
 .text.compute_quant_table
                0x2000f7d4      0x11c ./src/sub-systemCode/payload/Compression/jpeg/jpeg_encoder.o
                0x2000f7d4                compute_quant_table
 .text.first_pass_init
                0x2000f8f0       0x54 ./src/sub-systemCode/payload/Compression/jpeg/jpeg_encoder.o
                0x2000f8f0                first_pass_init
 .text.second_pass_init
                0x2000f944      0x110 ./src/sub-systemCode/payload/Compression/jpeg/jpeg_encoder.o
                0x2000f944                second_pass_init
 .text.jpg_open
                0x2000fa54      0x7b4 ./src/sub-systemCode/payload/Compression/jpeg/jpeg_encoder.o
                0x2000fa54                jpg_open
 .text.load_block_8_8_grey
                0x20010208      0x164 ./src/sub-systemCode/payload/Compression/jpeg/jpeg_encoder.o
                0x20010208                load_block_8_8_grey
 .text.load_block_8_8
                0x2001036c      0x198 ./src/sub-systemCode/payload/Compression/jpeg/jpeg_encoder.o
                0x2001036c                load_block_8_8
 .text.load_block_16_8
                0x20010504      0x3cc ./src/sub-systemCode/payload/Compression/jpeg/jpeg_encoder.o
                0x20010504                load_block_16_8
 .text.load_block_16_8_8
                0x200108d0      0x2a8 ./src/sub-systemCode/payload/Compression/jpeg/jpeg_encoder.o
                0x200108d0                load_block_16_8_8
 .text.load_coefficients
                0x20010b78      0x1c8 ./src/sub-systemCode/payload/Compression/jpeg/jpeg_encoder.o
                0x20010b78                load_coefficients
 .text.flush_output_buffer
                0x20010d40       0xa0 ./src/sub-systemCode/payload/Compression/jpeg/jpeg_encoder.o
                0x20010d40                flush_output_buffer
 .text.put_bits
                0x20010de0      0x170 ./src/sub-systemCode/payload/Compression/jpeg/jpeg_encoder.o
                0x20010de0                put_bits
 .text.code_coefficients_pass_two
                0x20010f50      0x338 ./src/sub-systemCode/payload/Compression/jpeg/jpeg_encoder.o
                0x20010f50                code_coefficients_pass_two
 .text.code_block
                0x20011288       0x44 ./src/sub-systemCode/payload/Compression/jpeg/jpeg_encoder.o
                0x20011288                code_block
 .text.process_mcu_row
                0x200112cc      0x328 ./src/sub-systemCode/payload/Compression/jpeg/jpeg_encoder.o
                0x200112cc                process_mcu_row
 .text.terminate_pass_two
                0x200115f4       0x44 ./src/sub-systemCode/payload/Compression/jpeg/jpeg_encoder.o
                0x200115f4                terminate_pass_two
 .text.process_end_of_image
                0x20011638       0xc0 ./src/sub-systemCode/payload/Compression/jpeg/jpeg_encoder.o
                0x20011638                process_end_of_image
 .text.load_mcu
                0x200116f8      0x29c ./src/sub-systemCode/payload/Compression/jpeg/jpeg_encoder.o
                0x200116f8                load_mcu
 .text.clear    0x20011994      0x1e0 ./src/sub-systemCode/payload/Compression/jpeg/jpeg_encoder.o
                0x20011994                clear
 .text.init     0x20011b74       0xe4 ./src/sub-systemCode/payload/Compression/jpeg/jpeg_encoder.o
                0x20011b74                init
 .text.deinit   0x20011c58      0x160 ./src/sub-systemCode/payload/Compression/jpeg/jpeg_encoder.o
                0x20011c58                deinit
 .text.process_scanline
                0x20011db8       0x6c ./src/sub-systemCode/payload/Compression/jpeg/jpeg_encoder.o
                0x20011db8                process_scanline
 .text.jpge_malloc
                0x20011e24       0x28 ./src/sub-systemCode/payload/Compression/jpeg/jpeg_memory_alloc.o
                0x20011e24                jpge_malloc
 .text.jpge_cmalloc
                0x20011e4c       0x48 ./src/sub-systemCode/payload/Compression/jpeg/jpeg_memory_alloc.o
                0x20011e4c                jpge_cmalloc
 .text.jpge_free
                0x20011e94       0x24 ./src/sub-systemCode/payload/Compression/jpeg/jpeg_memory_alloc.o
                0x20011e94                jpge_free
 .text.check    0x20011eb8       0x78 ./src/sub-systemCode/payload/Compression/jpeg/jpeg_params.o
                0x20011eb8                check
 .text.open_jpeg_file
                0x20011f30       0xfc ./src/sub-systemCode/payload/Compression/jpeg/output_stream.o
                0x20011f30                open_jpeg_file
 .text.close_jpeg_file
                0x2001202c      0x118 ./src/sub-systemCode/payload/Compression/jpeg/output_stream.o
                0x2001202c                close_jpeg_file
 .text.put_buf  0x20012144      0x258 ./src/sub-systemCode/payload/Compression/jpeg/output_stream.o
                0x20012144                put_buf
 .text.GetBayerPixel
                0x2001239c       0xe8 ./src/sub-systemCode/payload/Compression/ImageConversion.o
 .text.BinImage
                0x20012484      0x2c8 ./src/sub-systemCode/payload/Compression/ImageConversion.o
                0x20012484                BinImage
 .text.ImageSkipping
                0x2001274c      0x2ac ./src/sub-systemCode/payload/Compression/ImageConversion.o
                0x2001274c                ImageSkipping
 .text.CreateImageThumbnail_withoutSearch
                0x200129f8      0x14c ./src/sub-systemCode/payload/Compression/ImageConversion.o
                0x200129f8                CreateImageThumbnail_withoutSearch
 .text.CreateImageThumbnail
                0x20012b44       0x98 ./src/sub-systemCode/payload/Compression/ImageConversion.o
                0x20012b44                CreateImageThumbnail
 .text.compressImage
                0x20012bdc      0x17c ./src/sub-systemCode/payload/Compression/ImageConversion.o
                0x20012bdc                compressImage
 .text.AdcsCmdQueueInit
                0x20012d58       0x4c ./src/sub-systemCode/Main/CMD/ADCS_CMD.o
                0x20012d58                AdcsCmdQueueInit
 .text.AdcsCmdQueueGet
                0x20012da4       0x8c ./src/sub-systemCode/Main/CMD/ADCS_CMD.o
                0x20012da4                AdcsCmdQueueGet
 .text.AdcsCmdQueueAdd
                0x20012e30       0x74 ./src/sub-systemCode/Main/CMD/ADCS_CMD.o
                0x20012e30                AdcsCmdQueueAdd
 .text.AdcsCmdQueueIsEmpty
                0x20012ea4       0x3c ./src/sub-systemCode/Main/CMD/ADCS_CMD.o
                0x20012ea4                AdcsCmdQueueIsEmpty
 .text.getAdcsQueueWaitPointer
                0x20012ee0       0x20 ./src/sub-systemCode/Main/CMD/ADCS_CMD.o
                0x20012ee0                getAdcsQueueWaitPointer
 .text.cmd_mute
                0x20012f00       0xc4 ./src/sub-systemCode/Main/CMD/COMM_CMD.o
                0x20012f00                cmd_mute
 .text.cmd_unmute
                0x20012fc4       0x4c ./src/sub-systemCode/Main/CMD/COMM_CMD.o
                0x20012fc4                cmd_unmute
 .text.cmd_active_trans
                0x20013010       0xc0 ./src/sub-systemCode/Main/CMD/COMM_CMD.o
                0x20013010                cmd_active_trans
 .text.cmd_shut_trans
                0x200130d0       0x38 ./src/sub-systemCode/Main/CMD/COMM_CMD.o
                0x200130d0                cmd_shut_trans
 .text.cmd_change_trans_rssi
                0x20013108      0x100 ./src/sub-systemCode/Main/CMD/COMM_CMD.o
                0x20013108                cmd_change_trans_rssi
 .text.cmd_aprs_dump
                0x20013208       0x50 ./src/sub-systemCode/Main/CMD/COMM_CMD.o
                0x20013208                cmd_aprs_dump
 .text.cmd_stop_dump
                0x20013258       0x38 ./src/sub-systemCode/Main/CMD/COMM_CMD.o
                0x20013258                cmd_stop_dump
 .text.cmd_time_frequency
                0x20013290       0xc0 ./src/sub-systemCode/Main/CMD/COMM_CMD.o
                0x20013290                cmd_time_frequency
 .text.cmd_change_def_bit_rate
                0x20013350      0x158 ./src/sub-systemCode/Main/CMD/COMM_CMD.o
                0x20013350                cmd_change_def_bit_rate
 .text.cmd_upload_volt_logic
                0x200134a8      0x334 ./src/sub-systemCode/Main/CMD/EPS_CMD.o
                0x200134a8                cmd_upload_volt_logic
 .text.cmd_upload_volt_COMM
                0x200137dc      0x1c8 ./src/sub-systemCode/Main/CMD/EPS_CMD.o
                0x200137dc                cmd_upload_volt_COMM
 .text.cmd_heater_temp
                0x200139a4       0xc0 ./src/sub-systemCode/Main/CMD/EPS_CMD.o
                0x200139a4                cmd_heater_temp
 .text.cmd_SHUT_CAM
                0x20013a64       0x6c ./src/sub-systemCode/Main/CMD/EPS_CMD.o
                0x20013a64                cmd_SHUT_CAM
 .text.cmd_SHUT_ADCS
                0x20013ad0       0x6c ./src/sub-systemCode/Main/CMD/EPS_CMD.o
                0x20013ad0                cmd_SHUT_ADCS
 .text.cmd_allow_CAM
                0x20013b3c       0x6c ./src/sub-systemCode/Main/CMD/EPS_CMD.o
                0x20013b3c                cmd_allow_CAM
 .text.cmd_allow_ADCS
                0x20013ba8       0x6c ./src/sub-systemCode/Main/CMD/EPS_CMD.o
                0x20013ba8                cmd_allow_ADCS
 .text.cmd_update_alpha
                0x20013c14       0xfc ./src/sub-systemCode/Main/CMD/EPS_CMD.o
                0x20013c14                cmd_update_alpha
 .text.cmd_generic_I2C
                0x20013d10       0xb4 ./src/sub-systemCode/Main/CMD/General_CMD.o
                0x20013d10                cmd_generic_I2C
 .text.cmd_dump
                0x20013dc4       0xf0 ./src/sub-systemCode/Main/CMD/General_CMD.o
                0x20013dc4                cmd_dump
 .text.cmd_delete_TM
                0x20013eb4      0x230 ./src/sub-systemCode/Main/CMD/General_CMD.o
                0x20013eb4                cmd_delete_TM
 .text.cmd_reset_file
                0x200140e4      0x118 ./src/sub-systemCode/Main/CMD/General_CMD.o
                0x200140e4                cmd_reset_file
 .text.cmd_dummy_func
                0x200141fc       0x40 ./src/sub-systemCode/Main/CMD/General_CMD.o
                0x200141fc                cmd_dummy_func
 .text.cmd_reset_TLM_SD
                0x2001423c       0x4c ./src/sub-systemCode/Main/CMD/General_CMD.o
                0x2001423c                cmd_reset_TLM_SD
 .text.cmd_soft_reset_cmponent
                0x20014288       0xac ./src/sub-systemCode/Main/CMD/General_CMD.o
                0x20014288                cmd_soft_reset_cmponent
 .text.cmd_hard_reset_cmponent
                0x20014334       0xac ./src/sub-systemCode/Main/CMD/General_CMD.o
                0x20014334                cmd_hard_reset_cmponent
 .text.cmd_reset_satellite
                0x200143e0       0x78 ./src/sub-systemCode/Main/CMD/General_CMD.o
                0x200143e0                cmd_reset_satellite
 .text.cmd_gracefull_reset_satellite
                0x20014458       0x78 ./src/sub-systemCode/Main/CMD/General_CMD.o
                0x20014458                cmd_gracefull_reset_satellite
 .text.cmd_upload_time
                0x200144d0       0xb0 ./src/sub-systemCode/Main/CMD/General_CMD.o
                0x200144d0                cmd_upload_time
 .text.cmd_ARM_DIARM
                0x20014580       0xd4 ./src/sub-systemCode/Main/CMD/General_CMD.o
                0x20014580                cmd_ARM_DIARM
 .text.cmd_get_onlineTM
                0x20014654      0x148 ./src/sub-systemCode/Main/CMD/General_CMD.o
                0x20014654                cmd_get_onlineTM
 .text.cmd_reset_off_line
                0x2001479c       0x68 ./src/sub-systemCode/Main/CMD/General_CMD.o
                0x2001479c                cmd_reset_off_line
 .text.cmd_add_item_off_line
                0x20014804       0xf4 ./src/sub-systemCode/Main/CMD/General_CMD.o
                0x20014804                cmd_add_item_off_line
 .text.cmd_delete_item_off_line
                0x200148f8       0x98 ./src/sub-systemCode/Main/CMD/General_CMD.o
                0x200148f8                cmd_delete_item_off_line
 .text.cmd_get_off_line_setting
                0x20014990      0x108 ./src/sub-systemCode/Main/CMD/General_CMD.o
                0x20014990                cmd_get_off_line_setting
 .text.cmd_reset_delayed_command_list
                0x20014a98       0x3c ./src/sub-systemCode/Main/CMD/SW_CMD.o
                0x20014a98                cmd_reset_delayed_command_list
 .text.cmd_reset_APRS_list
                0x20014ad4       0x3c ./src/sub-systemCode/Main/CMD/SW_CMD.o
                0x20014ad4                cmd_reset_APRS_list
 .text.cmd_reset_FRAM
                0x20014b10       0xf4 ./src/sub-systemCode/Main/CMD/SW_CMD.o
                0x20014b10                cmd_reset_FRAM
 .text.init_Ants
                0x20014c04       0x74 ./src/sub-systemCode/Main/Ants.o
                0x20014c04                init_Ants
 .text.ARM_ants
                0x20014c78       0xb8 ./src/sub-systemCode/Main/Ants.o
                0x20014c78                ARM_ants
 .text.DISARM_ants
                0x20014d30       0xb8 ./src/sub-systemCode/Main/Ants.o
                0x20014d30                DISARM_ants
 .text.checkDeployAttempt
                0x20014de8      0x128 ./src/sub-systemCode/Main/Ants.o
                0x20014de8                checkDeployAttempt
 .text.reset_deployStatusFRAM
                0x20014f10       0xc0 ./src/sub-systemCode/Main/Ants.o
                0x20014f10                reset_deployStatusFRAM
 .text.reset_FRAM_ants
                0x20014fd0       0x88 ./src/sub-systemCode/Main/Ants.o
                0x20014fd0                reset_FRAM_ants
 .text.DeployIfNeeded
                0x20015058      0x134 ./src/sub-systemCode/Main/Ants.o
                0x20015058                DeployIfNeeded
 .text.update_stopDeploy_FRAM
                0x2001518c       0x48 ./src/sub-systemCode/Main/Ants.o
                0x2001518c                update_stopDeploy_FRAM
 .text.round_vol
                0x200151d4      0x124 ./src/sub-systemCode/Main/EPS.o
                0x200151d4                round_vol
 .text.get_shut_ADCS
                0x200152f8       0x48 ./src/sub-systemCode/Main/EPS.o
                0x200152f8                get_shut_ADCS
 .text.shut_ADCS
                0x20015340       0x44 ./src/sub-systemCode/Main/EPS.o
                0x20015340                shut_ADCS
 .text.get_shut_CAM
                0x20015384       0x48 ./src/sub-systemCode/Main/EPS.o
                0x20015384                get_shut_CAM
 .text.shut_CAM
                0x200153cc       0x44 ./src/sub-systemCode/Main/EPS.o
                0x200153cc                shut_CAM
 .text.update_powerLines
                0x20015410       0xec ./src/sub-systemCode/Main/EPS.o
                0x20015410                update_powerLines
 .text.get_EPS_mode_t
                0x200154fc       0x24 ./src/sub-systemCode/Main/EPS.o
                0x200154fc                get_EPS_mode_t
 .text.init_enterMode
                0x20015520       0x88 ./src/sub-systemCode/Main/EPS.o
                0x20015520                init_enterMode
 .text.EPS_Init
                0x200155a8      0x1c8 ./src/sub-systemCode/Main/EPS.o
                0x200155a8                EPS_Init
 .text.reset_FRAM_EPS
                0x20015770       0xe0 ./src/sub-systemCode/Main/EPS.o
                0x20015770                reset_FRAM_EPS
 .text.reset_EPS_voltages
                0x20015850       0xbc ./src/sub-systemCode/Main/EPS.o
                0x20015850                reset_EPS_voltages
 .text.writeState_log
                0x2001590c       0xc0 ./src/sub-systemCode/Main/EPS.o
                0x2001590c                writeState_log
 .text.battery_downward
                0x200159cc      0x120 ./src/sub-systemCode/Main/EPS.o
                0x200159cc                battery_downward
 .text.battery_upward
                0x20015aec      0x12c ./src/sub-systemCode/Main/EPS.o
                0x20015aec                battery_upward
 .text.overRide_ADCS
                0x20015c18       0x50 ./src/sub-systemCode/Main/EPS.o
                0x20015c18                overRide_ADCS
 .text.overRide_Camera
                0x20015c68       0x38 ./src/sub-systemCode/Main/EPS.o
                0x20015c68                overRide_Camera
 .text.EPS_Conditioning
                0x20015ca0      0x258 ./src/sub-systemCode/Main/EPS.o
                0x20015ca0                EPS_Conditioning
 .text.EnterFullMode
                0x20015ef8       0xf0 ./src/sub-systemCode/Main/EPS.o
                0x20015ef8                EnterFullMode
 .text.EnterCruiseMode
                0x20015fe8       0xe0 ./src/sub-systemCode/Main/EPS.o
                0x20015fe8                EnterCruiseMode
 .text.EnterSafeMode
                0x200160c8       0xe0 ./src/sub-systemCode/Main/EPS.o
                0x200160c8                EnterSafeMode
 .text.EnterCriticalMode
                0x200161a8       0xcc ./src/sub-systemCode/Main/EPS.o
                0x200161a8                EnterCriticalMode
 .text.check_EPSTableCorrection
                0x20016274      0x120 ./src/sub-systemCode/Main/EPS.o
                0x20016274                check_EPSTableCorrection
 .text.save_ACK
                0x20016394      0x11c ./src/sub-systemCode/Main/HouseKeeping.o
                0x20016394                save_ACK
 .text.set_GP_EPS
                0x200164b0      0x10c ./src/sub-systemCode/Main/HouseKeeping.o
                0x200164b0                set_GP_EPS
 .text.set_GP_COMM
                0x200165bc       0x88 ./src/sub-systemCode/Main/HouseKeeping.o
                0x200165bc                set_GP_COMM
 .text.SP_HK_collect
                0x20016644      0x198 ./src/sub-systemCode/Main/HouseKeeping.o
                0x20016644                SP_HK_collect
 .text.EPS_HK_collect
                0x200167dc      0x50c ./src/sub-systemCode/Main/HouseKeeping.o
                0x200167dc                EPS_HK_collect
 .text.CAM_HK_collect
                0x20016ce8      0x91c ./src/sub-systemCode/Main/HouseKeeping.o
                0x20016ce8                CAM_HK_collect
 .text.COMM_HK_collect
                0x20017604      0x260 ./src/sub-systemCode/Main/HouseKeeping.o
                0x20017604                COMM_HK_collect
 .text.HK_find_ADCSTM_fileName
                0x20017864      0x3a4 ./src/sub-systemCode/Main/HouseKeeping.o
                0x20017864                HK_find_ADCSTM_fileName
 .text.HK_find_fileName
                0x20017c08      0x174 ./src/sub-systemCode/Main/HouseKeeping.o
                0x20017c08                HK_find_fileName
 .text.HK_find_ADCSTM_ElementSize
                0x20017d7c      0x110 ./src/sub-systemCode/Main/HouseKeeping.o
                0x20017d7c                HK_find_ADCSTM_ElementSize
 .text.HK_findElementSize
                0x20017e8c       0xd4 ./src/sub-systemCode/Main/HouseKeeping.o
                0x20017e8c                HK_findElementSize
 .text.build_HK_spl_packet
                0x20017f60      0x200 ./src/sub-systemCode/Main/HouseKeeping.o
                0x20017f60                build_HK_spl_packet
 .text.numberOfRestarts
                0x20018160       0x94 ./src/sub-systemCode/Main/Main_Init.o
                0x20018160                numberOfRestarts
 .text.StartFRAM
                0x200181f4       0x38 ./src/sub-systemCode/Main/Main_Init.o
                0x200181f4                StartFRAM
 .text.StartI2C
                0x2001822c       0x44 ./src/sub-systemCode/Main/Main_Init.o
                0x2001822c                StartI2C
 .text.StartSPI
                0x20018270       0x40 ./src/sub-systemCode/Main/Main_Init.o
                0x20018270                StartSPI
 .text.StartTIME
                0x200182b0      0x120 ./src/sub-systemCode/Main/Main_Init.o
                0x200182b0                StartTIME
 .text.first_activation
                0x200183d0       0x7c ./src/sub-systemCode/Main/Main_Init.o
                0x200183d0                first_activation
 .text.InitSubsystems
                0x2001844c       0x68 ./src/sub-systemCode/Main/Main_Init.o
                0x2001844c                InitSubsystems
 .text.SubSystemTaskStart
                0x200184b4       0xec ./src/sub-systemCode/Main/Main_Init.o
                0x200184b4                SubSystemTaskStart
 .text.save_ACK_s
                0x200185a0       0x68 ./src/sub-systemCode/Main/commands.o
                0x200185a0                save_ACK_s
 .text.copy_command
                0x20018608       0x80 ./src/sub-systemCode/Main/commands.o
                0x20018608                copy_command
 .text.reset_command
                0x20018688       0x28 ./src/sub-systemCode/Main/commands.o
                0x20018688                reset_command
 .text.init_command
                0x200186b0       0xd4 ./src/sub-systemCode/Main/commands.o
                0x200186b0                init_command
 .text.add_command
                0x20018784      0x118 ./src/sub-systemCode/Main/commands.o
                0x20018784                add_command
 .text.get_command
                0x2001889c      0x1ac ./src/sub-systemCode/Main/commands.o
                0x2001889c                get_command
 .text.act_upon_command
                0x20018a48      0x1e4 ./src/sub-systemCode/Main/commands.o
                0x20018a48                act_upon_command
 .text.cmd_error
                0x20018c2c       0x38 ./src/sub-systemCode/Main/commands.o
                0x20018c2c                cmd_error
 .text.AUC_COMM
                0x20018c64      0x25c ./src/sub-systemCode/Main/commands.o
                0x20018c64                AUC_COMM
 .text.AUC_general
                0x20018ec0      0x48c ./src/sub-systemCode/Main/commands.o
                0x20018ec0                AUC_general
 .text.AUC_payload
                0x2001934c      0x1e8 ./src/sub-systemCode/Main/commands.o
                0x2001934c                AUC_payload
 .text.AUC_EPS  0x20019534      0x28c ./src/sub-systemCode/Main/commands.o
                0x20019534                AUC_EPS
 .text.AUC_SW   0x200197c0       0xe4 ./src/sub-systemCode/Main/commands.o
                0x200197c0                AUC_SW
 .text.AUC_onlineTM
                0x200198a4      0x1ac ./src/sub-systemCode/Main/commands.o
                0x200198a4                AUC_onlineTM
 .text.AUC_special_operation
                0x20019a50       0x8c ./src/sub-systemCode/Main/commands.o
                0x20019a50                AUC_special_operation
 .text.check_int
                0x20019adc       0x20 ./src/sub-systemCode/Global/Global.o
                0x20019adc                check_int
 .text.check_portBASE_TYPE
                0x20019afc       0x20 ./src/sub-systemCode/Global/Global.o
                0x20019afc                check_portBASE_TYPE
 .text.soft_reset_subsystem
                0x20019b1c       0xd8 ./src/sub-systemCode/Global/Global.o
                0x20019b1c                soft_reset_subsystem
 .text.hard_reset_subsystem
                0x20019bf4      0x104 ./src/sub-systemCode/Global/Global.o
                0x20019bf4                hard_reset_subsystem
 .text.BigEnE_raw_to_uInt
                0x20019cf8       0x94 ./src/sub-systemCode/Global/Global.o
                0x20019cf8                BigEnE_raw_to_uInt
 .text.BigEnE_raw_to_uShort
                0x20019d8c       0x50 ./src/sub-systemCode/Global/Global.o
                0x20019d8c                BigEnE_raw_to_uShort
 .text.BigEnE_uInt_to_raw
                0x20019ddc       0x78 ./src/sub-systemCode/Global/Global.o
                0x20019ddc                BigEnE_uInt_to_raw
 .text.reset_FRAM_MAIN
                0x20019e54      0x140 ./src/sub-systemCode/Global/Global.o
                0x20019e54                reset_FRAM_MAIN
 .text.getBitValueByIndex
                0x20019f94       0xd0 ./src/sub-systemCode/Global/Global.o
                0x20019f94                getBitValueByIndex
 .text.terminateTask
                0x2001a064       0x18 ./src/sub-systemCode/Global/Global.o
                0x2001a064                terminateTask
 .text.init_GP  0x2001a07c      0x2e0 ./src/sub-systemCode/Global/GlobalParam.o
                0x2001a07c                init_GP
 .text.get_system_state
                0x2001a35c      0x254 ./src/sub-systemCode/Global/GlobalParam.o
                0x2001a35c                get_system_state
 .text.set_system_state
                0x2001a5b0      0x284 ./src/sub-systemCode/Global/GlobalParam.o
                0x2001a5b0                set_system_state
 .text.get_systems_state_param
                0x2001a834       0x78 ./src/sub-systemCode/Global/GlobalParam.o
                0x2001a834                get_systems_state_param
 .text.get_current_global_param
                0x2001a8ac      0x548 ./src/sub-systemCode/Global/GlobalParam.o
                0x2001a8ac                get_current_global_param
 .text.set_Vbatt
                0x2001adf4       0x78 ./src/sub-systemCode/Global/GlobalParam.o
                0x2001adf4                set_Vbatt
 .text.get_Vbatt
                0x2001ae6c       0x78 ./src/sub-systemCode/Global/GlobalParam.o
                0x2001ae6c                get_Vbatt
 .text.set_curBat
                0x2001aee4       0x78 ./src/sub-systemCode/Global/GlobalParam.o
                0x2001aee4                set_curBat
 .text.set_cur3V3
                0x2001af5c       0x78 ./src/sub-systemCode/Global/GlobalParam.o
                0x2001af5c                set_cur3V3
 .text.set_cur5V
                0x2001afd4       0x78 ./src/sub-systemCode/Global/GlobalParam.o
                0x2001afd4                set_cur5V
 .text.set_tempComm_LO
                0x2001b04c       0x78 ./src/sub-systemCode/Global/GlobalParam.o
                0x2001b04c                set_tempComm_LO
 .text.set_tempComm_PA
                0x2001b0c4       0x78 ./src/sub-systemCode/Global/GlobalParam.o
                0x2001b0c4                set_tempComm_PA
 .text.set_tempEPS
                0x2001b13c       0xb4 ./src/sub-systemCode/Global/GlobalParam.o
                0x2001b13c                set_tempEPS
 .text.set_tempBatt
                0x2001b1f0       0xb4 ./src/sub-systemCode/Global/GlobalParam.o
                0x2001b1f0                set_tempBatt
 .text.set_RxDoppler
                0x2001b2a4       0x78 ./src/sub-systemCode/Global/GlobalParam.o
                0x2001b2a4                set_RxDoppler
 .text.set_RxRSSI
                0x2001b31c       0x78 ./src/sub-systemCode/Global/GlobalParam.o
                0x2001b31c                set_RxRSSI
 .text.set_TxRefl
                0x2001b394       0x78 ./src/sub-systemCode/Global/GlobalParam.o
                0x2001b394                set_TxRefl
 .text.set_TxForw
                0x2001b40c       0x78 ./src/sub-systemCode/Global/GlobalParam.o
                0x2001b40c                set_TxForw
 .text.set_numOfAPRS
                0x2001b484       0x78 ./src/sub-systemCode/Global/GlobalParam.o
                0x2001b484                set_numOfAPRS
 .text.set_numOfDelayedCommand
                0x2001b4fc       0x78 ./src/sub-systemCode/Global/GlobalParam.o
                0x2001b4fc                set_numOfDelayedCommand
 .text.set_numOfResets
                0x2001b574       0x98 ./src/sub-systemCode/Global/GlobalParam.o
                0x2001b574                set_numOfResets
 .text.set_ground_conn
                0x2001b60c       0x8c ./src/sub-systemCode/Global/GlobalParam.o
                0x2001b60c                set_ground_conn
 .text.get_ground_conn
                0x2001b698       0x8c ./src/sub-systemCode/Global/GlobalParam.o
                0x2001b698                get_ground_conn
 .text.IsisAntS_getStatusData_sideA
                0x2001b724       0x3c ./src/sub-systemCode/Global/OnlineTM.o
                0x2001b724                IsisAntS_getStatusData_sideA
 .text.IsisAntS_getAlltelemetry_sideA
                0x2001b760       0x3c ./src/sub-systemCode/Global/OnlineTM.o
                0x2001b760                IsisAntS_getAlltelemetry_sideA
 .text.IsisAntS_getTemperature_sideA
                0x2001b79c       0x3c ./src/sub-systemCode/Global/OnlineTM.o
                0x2001b79c                IsisAntS_getTemperature_sideA
 .text.IsisAntS_getStatusData_sideB
                0x2001b7d8       0x3c ./src/sub-systemCode/Global/OnlineTM.o
                0x2001b7d8                IsisAntS_getStatusData_sideB
 .text.IsisAntS_getAlltelemetry_sideB
                0x2001b814       0x3c ./src/sub-systemCode/Global/OnlineTM.o
                0x2001b814                IsisAntS_getAlltelemetry_sideB
 .text.IsisAntS_getTemperature_sideB
                0x2001b850       0x3c ./src/sub-systemCode/Global/OnlineTM.o
                0x2001b850                IsisAntS_getTemperature_sideB
 .text.HK_collect_EPS
                0x2001b88c       0x30 ./src/sub-systemCode/Global/OnlineTM.o
                0x2001b88c                HK_collect_EPS
 .text.HK_collect_COMM
                0x2001b8bc       0x30 ./src/sub-systemCode/Global/OnlineTM.o
                0x2001b8bc                HK_collect_COMM
 .text.HK_collect_CAM
                0x2001b8ec       0x30 ./src/sub-systemCode/Global/OnlineTM.o
                0x2001b8ec                HK_collect_CAM
 .text.HK_collect_SP
                0x2001b91c       0x30 ./src/sub-systemCode/Global/OnlineTM.o
                0x2001b91c                HK_collect_SP
 .text.HK_collect_FS_A
                0x2001b94c       0x8c ./src/sub-systemCode/Global/OnlineTM.o
                0x2001b94c                HK_collect_FS_A
 .text.HK_collect_FS_B
                0x2001b9d8       0x8c ./src/sub-systemCode/Global/OnlineTM.o
                0x2001b9d8                HK_collect_FS_B
 .text.save_offlineSetting_FRAM
                0x2001ba64      0x26c ./src/sub-systemCode/Global/OnlineTM.o
                0x2001ba64                save_offlineSetting_FRAM
 .text.get_offlineSetting_FRAM
                0x2001bcd0       0x58 ./src/sub-systemCode/Global/OnlineTM.o
                0x2001bcd0                get_offlineSetting_FRAM
 .text.update_offlineSetting_FRAM
                0x2001bd28      0x360 ./src/sub-systemCode/Global/OnlineTM.o
                0x2001bd28                update_offlineSetting_FRAM
 .text.get_offlineSettingPacket
                0x2001c088       0xc4 ./src/sub-systemCode/Global/OnlineTM.o
                0x2001c088                get_offlineSettingPacket
 .text.get_item_by_index
                0x2001c14c       0xdc ./src/sub-systemCode/Global/OnlineTM.o
                0x2001c14c                get_item_by_index
 .text.get_pointer_item_by_index
                0x2001c228       0x48 ./src/sub-systemCode/Global/OnlineTM.o
                0x2001c228                get_pointer_item_by_index
 .text.init_onlineParam
                0x2001c270     0x2f70 ./src/sub-systemCode/Global/OnlineTM.o
                0x2001c270                init_onlineParam
 .text.reset_offline_TM_list
                0x2001f1e0      0x184 ./src/sub-systemCode/Global/OnlineTM.o
                0x2001f1e0                reset_offline_TM_list
 .text.get_online_packet
                0x2001f364      0x25c ./src/sub-systemCode/Global/OnlineTM.o
                0x2001f364                get_online_packet
 .text.save_onlineTM_param
                0x2001f5c0      0x1b4 ./src/sub-systemCode/Global/OnlineTM.o
                0x2001f5c0                save_onlineTM_param
 .text.add_onlineTM_param_to_save_list
                0x2001f774      0x3e4 ./src/sub-systemCode/Global/OnlineTM.o
                0x2001f774                add_onlineTM_param_to_save_list
 .text.delete_onlineTM_param_from_offline
                0x2001fb58      0x1a8 ./src/sub-systemCode/Global/OnlineTM.o
                0x2001fb58                delete_onlineTM_param_from_offline
 .text.save_onlineTM_logic
                0x2001fd00      0x2bc ./src/sub-systemCode/Global/OnlineTM.o
                0x2001fd00                save_onlineTM_logic
 .text.updateSD_state
                0x2001ffbc       0xa8 ./src/sub-systemCode/Global/OnlineTM.o
                0x2001ffbc                updateSD_state
 .text.save_onlineTM_task
                0x20020064       0xdc ./src/sub-systemCode/Global/OnlineTM.o
                0x20020064                save_onlineTM_task
 .text.delete_allTMFilesFromSD
                0x20020140      0x14c ./src/sub-systemCode/Global/TLM_management.o
                0x20020140                delete_allTMFilesFromSD
 .text.getNumOfFilesInFS
                0x2002028c       0x44 ./src/sub-systemCode/Global/TLM_management.o
 .text.setNumOfFilesInFS
                0x200202d0       0x50 ./src/sub-systemCode/Global/TLM_management.o
 .text.printSem
                0x20020320       0x6c ./src/sub-systemCode/Global/TLM_management.o
                0x20020320                printSem
 .text.updateVectorSem
                0x2002038c      0x1c8 ./src/sub-systemCode/Global/TLM_management.o
                0x2002038c                updateVectorSem
 .text.f_managed_enterFS
                0x20020554       0xc0 ./src/sub-systemCode/Global/TLM_management.o
                0x20020554                f_managed_enterFS
 .text.f_managed_releaseFS
                0x20020614       0x60 ./src/sub-systemCode/Global/TLM_management.o
                0x20020614                f_managed_releaseFS
 .text.f_managed_open
                0x20020674       0xd8 ./src/sub-systemCode/Global/TLM_management.o
                0x20020674                f_managed_open
 .text.f_managed_close
                0x2002074c       0x80 ./src/sub-systemCode/Global/TLM_management.o
                0x2002074c                f_managed_close
 .text.createSemahores_FS
                0x200207cc       0x7c ./src/sub-systemCode/Global/TLM_management.o
                0x200207cc                createSemahores_FS
 .text.InitializeFS
                0x20020848      0x214 ./src/sub-systemCode/Global/TLM_management.o
                0x20020848                InitializeFS
 .text.c_fileCreate
                0x20020a5c       0xf4 ./src/sub-systemCode/Global/TLM_management.o
                0x20020a5c                c_fileCreate
 .text.writewithEpochtime
                0x20020b50       0x94 ./src/sub-systemCode/Global/TLM_management.o
 .text.get_C_FILE_struct
                0x20020be4      0x104 ./src/sub-systemCode/Global/TLM_management.o
 .text.getFileIndex
                0x20020ce8       0x64 ./src/sub-systemCode/Global/TLM_management.o
 .text.get_file_name_by_index
                0x20020d4c       0x54 ./src/sub-systemCode/Global/TLM_management.o
                0x20020d4c                get_file_name_by_index
 .text.c_fileReset
                0x20020da0      0x140 ./src/sub-systemCode/Global/TLM_management.o
                0x20020da0                c_fileReset
 .text.c_fileWrite
                0x20020ee0      0x168 ./src/sub-systemCode/Global/TLM_management.o
                0x20020ee0                c_fileWrite
 .text.deleteElementsFromFile
                0x20021048      0x188 ./src/sub-systemCode/Global/TLM_management.o
 .text.c_fileDeleteElements
                0x200211d0      0x168 ./src/sub-systemCode/Global/TLM_management.o
                0x200211d0                c_fileDeleteElements
 .text.c_fileRead
                0x20021338      0x2f0 ./src/sub-systemCode/Global/TLM_management.o
                0x20021338                c_fileRead
 .text.DeInitializeFS
                0x20021628       0xe0 ./src/sub-systemCode/Global/TLM_management.o
                0x20021628                DeInitializeFS
 .text.xSemaphoreGive_extended
                0x20021708       0x48 ./src/sub-systemCode/Global/freertosExtended.o
                0x20021708                xSemaphoreGive_extended
 .text.xSemaphoreTake_extended
                0x20021750       0x54 ./src/sub-systemCode/Global/freertosExtended.o
                0x20021750                xSemaphoreTake_extended
 .text.WriteLog
                0x200217a4       0x94 ./src/sub-systemCode/Global/logger.o
 .text.WriteErrorLog
                0x20021838       0x64 ./src/sub-systemCode/Global/logger.o
                0x20021838                WriteErrorLog
 .text.WritePayloadLog
                0x2002189c       0x50 ./src/sub-systemCode/Global/logger.o
                0x2002189c                WritePayloadLog
 .text.WriteEpsLog
                0x200218ec       0x4c ./src/sub-systemCode/Global/logger.o
                0x200218ec                WriteEpsLog
 .text.WriteTransponderLog
                0x20021938       0x50 ./src/sub-systemCode/Global/logger.o
                0x20021938                WriteTransponderLog
 .text.reset_APRS_list
                0x20021988       0xa4 ./src/sub-systemCode/COMM/APRS.o
                0x20021988                reset_APRS_list
 .text.send_APRS_Dump
                0x20021a2c      0x1c0 ./src/sub-systemCode/COMM/APRS.o
                0x20021a2c                send_APRS_Dump
 .text.get_APRS_list
                0x20021bec       0x88 ./src/sub-systemCode/COMM/APRS.o
                0x20021bec                get_APRS_list
 .text.find_CMD_in_list
                0x20021c74       0x7c ./src/sub-systemCode/COMM/DelayedCommand_list.o
                0x20021c74                find_CMD_in_list
 .text.find_empty_in_list
                0x20021cf0       0x74 ./src/sub-systemCode/COMM/DelayedCommand_list.o
                0x20021cf0                find_empty_in_list
 .text.check_delayCommandTime
                0x20021d64       0x8c ./src/sub-systemCode/COMM/DelayedCommand_list.o
                0x20021d64                check_delayCommandTime
 .text.execute_delayedCommand
                0x20021df0       0x8c ./src/sub-systemCode/COMM/DelayedCommand_list.o
                0x20021df0                execute_delayedCommand
 .text.check_delaycommand
                0x20021e7c      0x17c ./src/sub-systemCode/COMM/DelayedCommand_list.o
                0x20021e7c                check_delaycommand
 .text.reset_delayCommand
                0x20021ff8       0x8c ./src/sub-systemCode/COMM/DelayedCommand_list.o
                0x20021ff8                reset_delayCommand
 .text.add_delayCommand
                0x20022084      0x1cc ./src/sub-systemCode/COMM/DelayedCommand_list.o
                0x20022084                add_delayCommand
 .text.get_delayCommand_list
                0x20022250       0x80 ./src/sub-systemCode/COMM/DelayedCommand_list.o
                0x20022250                get_delayCommand_list
 .text.EmptyOldestCommand
                0x200222d0      0x108 ./src/sub-systemCode/COMM/DelayedCommand_list.o
                0x200222d0                EmptyOldestCommand
 .text.decode_TCpacket
                0x200223d8      0x16c ./src/sub-systemCode/COMM/GSC.o
                0x200223d8                decode_TCpacket
 .text.encode_TCpacket
                0x20022544      0x114 ./src/sub-systemCode/COMM/GSC.o
                0x20022544                encode_TCpacket
 .text.encode_TMpacket
                0x20022658      0x104 ./src/sub-systemCode/COMM/GSC.o
                0x20022658                encode_TMpacket
 .text.build_raw_ACK
                0x2002275c       0xbc ./src/sub-systemCode/COMM/GSC.o
                0x2002275c                build_raw_ACK
 .text.build_data_field_ACK
                0x20022818       0x74 ./src/sub-systemCode/COMM/GSC.o
                0x20022818                build_data_field_ACK
 .text.update_FRAM_bitRate
                0x2002288c       0xd0 ./src/sub-systemCode/COMM/TRXVU.o
                0x2002288c                update_FRAM_bitRate
 .text.toggle_idle_state
                0x2002295c       0x94 ./src/sub-systemCode/COMM/TRXVU.o
                0x2002295c                toggle_idle_state
 .text.TRXVU_init_hardWare
                0x200229f0       0xac ./src/sub-systemCode/COMM/TRXVU.o
                0x200229f0                TRXVU_init_hardWare
 .text.TRXVU_init_softWare
                0x20022a9c      0x100 ./src/sub-systemCode/COMM/TRXVU.o
                0x20022a9c                TRXVU_init_softWare
 .text.init_trxvu
                0x20022b9c       0x14 ./src/sub-systemCode/COMM/TRXVU.o
                0x20022b9c                init_trxvu
 .text.TRXVU_task
                0x20022bb0       0x9c ./src/sub-systemCode/COMM/TRXVU.o
                0x20022bb0                TRXVU_task
 .text.dump_logic
                0x20022c4c      0x378 ./src/sub-systemCode/COMM/TRXVU.o
                0x20022c4c                dump_logic
 .text.Dump_task
                0x20022fc4      0x1a4 ./src/sub-systemCode/COMM/TRXVU.o
                0x20022fc4                Dump_task
 .text.transponder_logic
                0x20023168      0x110 ./src/sub-systemCode/COMM/TRXVU.o
                0x20023168                transponder_logic
 .text.Transponder_task
                0x20023278      0x218 ./src/sub-systemCode/COMM/TRXVU.o
                0x20023278                Transponder_task
 .text.lookForRequestToDelete_transponder
                0x20023490       0xb4 ./src/sub-systemCode/COMM/TRXVU.o
                0x20023490                lookForRequestToDelete_transponder
 .text.lookForRequestToDelete_dump
                0x20023544       0x80 ./src/sub-systemCode/COMM/TRXVU.o
                0x20023544                lookForRequestToDelete_dump
 .text.sendRequestToStop_dump
                0x200235c4       0x8c ./src/sub-systemCode/COMM/TRXVU.o
                0x200235c4                sendRequestToStop_dump
 .text.sendRequestToStop_transponder
                0x20023650       0x8c ./src/sub-systemCode/COMM/TRXVU.o
                0x20023650                sendRequestToStop_transponder
 .text.Rx_logic
                0x200236dc      0x190 ./src/sub-systemCode/COMM/TRXVU.o
                0x200236dc                Rx_logic
 .text.pass_above_Ground
                0x2002386c      0x104 ./src/sub-systemCode/COMM/TRXVU.o
                0x2002386c                pass_above_Ground
 .text.check_TRXVUState
                0x20023970       0xf0 ./src/sub-systemCode/COMM/TRXVU.o
                0x20023970                check_TRXVUState
 .text.trxvu_logic
                0x20023a60       0x20 ./src/sub-systemCode/COMM/TRXVU.o
                0x20023a60                trxvu_logic
 .text.Beacon_task
                0x20023a80      0x18c ./src/sub-systemCode/COMM/TRXVU.o
                0x20023a80                Beacon_task
 .text.buildAndSend_beacon
                0x20023c0c      0x5a0 ./src/sub-systemCode/COMM/TRXVU.o
                0x20023c0c                buildAndSend_beacon
 .text.reset_FRAM_TRXVU
                0x200241ac      0x160 ./src/sub-systemCode/COMM/TRXVU.o
                0x200241ac                reset_FRAM_TRXVU
 .text.TRX_sendFrame
                0x2002430c      0x1ac ./src/sub-systemCode/COMM/TRXVU.o
                0x2002430c                TRX_sendFrame
 .text.TRX_getFrameData
                0x200244b8      0x10c ./src/sub-systemCode/COMM/TRXVU.o
                0x200244b8                TRX_getFrameData
 .text.mute_Tx  0x200245c4       0x20 ./src/sub-systemCode/COMM/TRXVU.o
                0x200245c4                mute_Tx
 .text.unmute_Tx
                0x200245e4       0x58 ./src/sub-systemCode/COMM/TRXVU.o
                0x200245e4                unmute_Tx
 .text.check_time_off_mute
                0x2002463c       0x88 ./src/sub-systemCode/COMM/TRXVU.o
                0x2002463c                check_time_off_mute
 .text.set_mute_time
                0x200246c4       0xb4 ./src/sub-systemCode/COMM/TRXVU.o
                0x200246c4                set_mute_time
 .text.change_TRXVU_state
                0x20024778       0xe0 ./src/sub-systemCode/COMM/TRXVU.o
                0x20024778                change_TRXVU_state
 .text.change_trans_RSSI
                0x20024858       0x60 ./src/sub-systemCode/COMM/TRXVU.o
                0x20024858                change_trans_RSSI
 .text.AdcsReadI2cAck
                0x200248b8       0xfc ./src/sub-systemCode/ADCS/AdcsCommands.o
                0x200248b8                AdcsReadI2cAck
 .text.AdcsGenericI2cCmd
                0x200249b4      0x198 ./src/sub-systemCode/ADCS/AdcsCommands.o
                0x200249b4                AdcsGenericI2cCmd
 .text.SendAdcsTlm
                0x20024b4c      0x14c ./src/sub-systemCode/ADCS/AdcsCommands.o
                0x20024b4c                SendAdcsTlm
 .text.AdcsExecuteCommand
                0x20024c98     0x1e2c ./src/sub-systemCode/ADCS/AdcsCommands.o
                0x20024c98                AdcsExecuteCommand
 .text.cspaceADCS_getEstimatedAngles
                0x20026ac4       0x98 ./src/sub-systemCode/ADCS/AdcsGetDataAndTlm.o
                0x20026ac4                cspaceADCS_getEstimatedAngles
 .text.cspaceADCS_getEstimatedAnglesRates
                0x20026b5c       0x98 ./src/sub-systemCode/ADCS/AdcsGetDataAndTlm.o
                0x20026b5c                cspaceADCS_getEstimatedAnglesRates
 .text.cspaceADCS_getSatellitePosition
                0x20026bf4       0x98 ./src/sub-systemCode/ADCS/AdcsGetDataAndTlm.o
                0x20026bf4                cspaceADCS_getSatellitePosition
 .text.InitTlmElements
                0x20026c8c      0x238 ./src/sub-systemCode/ADCS/AdcsGetDataAndTlm.o
                0x20026c8c                InitTlmElements
 .text.CreateTlmElementFiles
                0x20026ec4      0x178 ./src/sub-systemCode/ADCS/AdcsGetDataAndTlm.o
                0x20026ec4                CreateTlmElementFiles
 .text.SaveElementTlmAtIndex
                0x2002703c      0x4ec ./src/sub-systemCode/ADCS/AdcsGetDataAndTlm.o
                0x2002703c                SaveElementTlmAtIndex
 .text.AdcsGetMeasAngSpeed
                0x20027528       0x54 ./src/sub-systemCode/ADCS/AdcsGetDataAndTlm.o
                0x20027528                AdcsGetMeasAngSpeed
 .text.UpdateTlmElementAtIndex
                0x2002757c      0x150 ./src/sub-systemCode/ADCS/AdcsGetDataAndTlm.o
                0x2002757c                UpdateTlmElementAtIndex
 .text.UpdateTlmToSaveVector
                0x200276cc       0xc8 ./src/sub-systemCode/ADCS/AdcsGetDataAndTlm.o
                0x200276cc                UpdateTlmToSaveVector
 .text.UpdateTlmPeriodVector
                0x20027794      0x120 ./src/sub-systemCode/ADCS/AdcsGetDataAndTlm.o
                0x20027794                UpdateTlmPeriodVector
 .text.AdcsGetTlmOverrideFlag
                0x200278b4       0x5c ./src/sub-systemCode/ADCS/AdcsGetDataAndTlm.o
                0x200278b4                AdcsGetTlmOverrideFlag
 .text.AdcsSetTlmOverrideFlag
                0x20027910       0x9c ./src/sub-systemCode/ADCS/AdcsGetDataAndTlm.o
                0x20027910                AdcsSetTlmOverrideFlag
 .text.RestoreDefaultTlmElement
                0x200279ac      0x1ec ./src/sub-systemCode/ADCS/AdcsGetDataAndTlm.o
                0x200279ac                RestoreDefaultTlmElement
 .text.GetTlmElementAtIndex
                0x20027b98       0x80 ./src/sub-systemCode/ADCS/AdcsGetDataAndTlm.o
                0x20027b98                GetTlmElementAtIndex
 .text.GatherTlmAndData
                0x20027c18       0xec ./src/sub-systemCode/ADCS/AdcsGetDataAndTlm.o
                0x20027c18                GatherTlmAndData
 .text.AdcsGetCssVector
                0x20027d04       0xc0 ./src/sub-systemCode/ADCS/AdcsGetDataAndTlm.o
                0x20027d04                AdcsGetCssVector
 .text.UpdateAdcsFramParameters
                0x20027dc4      0x124 ./src/sub-systemCode/ADCS/AdcsMain.o
                0x20027dc4                UpdateAdcsFramParameters
 .text.AdcsInit
                0x20027ee8      0x168 ./src/sub-systemCode/ADCS/AdcsMain.o
                0x20027ee8                AdcsInit
 .text.AdcsTask
                0x20028050      0x110 ./src/sub-systemCode/ADCS/AdcsMain.o
                0x20028050                AdcsTask
 .text.AdcsTroubleShooting
                0x20028160       0x88 ./src/sub-systemCode/ADCS/AdcsTroubleShooting.o
                0x20028160                AdcsTroubleShooting
 .text.UpdateAdcsStateMachine
                0x200281e8       0x1c ./src/sub-systemCode/ADCS/StateMachine.o
                0x200281e8                UpdateAdcsStateMachine
 .text.save_time
                0x20028204       0x9c ./src/main.o
                0x20028204                save_time
 .text.Command_logic
                0x200282a0       0x6c ./src/main.o
                0x200282a0                Command_logic
 .text.taskMain
                0x2002830c       0x6c ./src/main.o
                0x2002830c                taskMain
 .text.main     0x20028378       0xc4 ./src/main.o
                0x20028378                main
 .text.GomEpsInitialize
                0x2002843c      0x148 C:/HOOPOE3/satellite-subsystems/demo/..//satellite-subsystems/lib\libSatelliteSubsystemsD.a(GomEPS.o)
                0x2002843c                GomEpsInitialize
 .text.makeEPStransfer
                0x20028584       0x3c C:/HOOPOE3/satellite-subsystems/demo/..//satellite-subsystems/lib\libSatelliteSubsystemsD.a(GomEPS.o)
 .text.GomEpsPing
                0x200285c0       0xf8 C:/HOOPOE3/satellite-subsystems/demo/..//satellite-subsystems/lib\libSatelliteSubsystemsD.a(GomEPS.o)
                0x200285c0                GomEpsPing
 .text.GomEpsSoftReset
                0x200286b8       0xc4 C:/HOOPOE3/satellite-subsystems/demo/..//satellite-subsystems/lib\libSatelliteSubsystemsD.a(GomEPS.o)
                0x200286b8                GomEpsSoftReset
 .text.GomEpsHardReset
                0x2002877c       0xa8 C:/HOOPOE3/satellite-subsystems/demo/..//satellite-subsystems/lib\libSatelliteSubsystemsD.a(GomEPS.o)
                0x2002877c                GomEpsHardReset
 .text.GomEpsGetHkData_param
                0x20028824      0x29c C:/HOOPOE3/satellite-subsystems/demo/..//satellite-subsystems/lib\libSatelliteSubsystemsD.a(GomEPS.o)
                0x20028824                GomEpsGetHkData_param
 .text.GomEpsGetHkData_general
                0x20028ac0      0x45c C:/HOOPOE3/satellite-subsystems/demo/..//satellite-subsystems/lib\libSatelliteSubsystemsD.a(GomEPS.o)
                0x20028ac0                GomEpsGetHkData_general
 .text.GomEpsGetHkData_vi
                0x20028f1c      0x188 C:/HOOPOE3/satellite-subsystems/demo/..//satellite-subsystems/lib\libSatelliteSubsystemsD.a(GomEPS.o)
                0x20028f1c                GomEpsGetHkData_vi
 .text.GomEpsGetHkData_out
                0x200290a4      0x21c C:/HOOPOE3/satellite-subsystems/demo/..//satellite-subsystems/lib\libSatelliteSubsystemsD.a(GomEPS.o)
                0x200290a4                GomEpsGetHkData_out
 .text.GomEpsGetHkData_wdt
                0x200292c0      0x2b4 C:/HOOPOE3/satellite-subsystems/demo/..//satellite-subsystems/lib\libSatelliteSubsystemsD.a(GomEPS.o)
                0x200292c0                GomEpsGetHkData_wdt
 .text.GomEpsGetHkData_basic
                0x20029574      0x22c C:/HOOPOE3/satellite-subsystems/demo/..//satellite-subsystems/lib\libSatelliteSubsystemsD.a(GomEPS.o)
                0x20029574                GomEpsGetHkData_basic
 .text.GomEpsSetOutput
                0x200297a0       0xbc C:/HOOPOE3/satellite-subsystems/demo/..//satellite-subsystems/lib\libSatelliteSubsystemsD.a(GomEPS.o)
                0x200297a0                GomEpsSetOutput
 .text.GomEpsResetWDT
                0x2002985c       0xc4 C:/HOOPOE3/satellite-subsystems/demo/..//satellite-subsystems/lib\libSatelliteSubsystemsD.a(GomEPS.o)
                0x2002985c                GomEpsResetWDT
 .text.GomEpsConfigGet
                0x20029920      0x16c C:/HOOPOE3/satellite-subsystems/demo/..//satellite-subsystems/lib\libSatelliteSubsystemsD.a(GomEPS.o)
                0x20029920                GomEpsConfigGet
 .text.GomEpsConfigSet
                0x20029a8c      0x184 C:/HOOPOE3/satellite-subsystems/demo/..//satellite-subsystems/lib\libSatelliteSubsystemsD.a(GomEPS.o)
                0x20029a8c                GomEpsConfigSet
 .text.GomEpsConfig2Get
                0x20029c10      0x16c C:/HOOPOE3/satellite-subsystems/demo/..//satellite-subsystems/lib\libSatelliteSubsystemsD.a(GomEPS.o)
                0x20029c10                GomEpsConfig2Get
 .text.makeAntStransfer
                0x20029d7c       0x4c C:/HOOPOE3/satellite-subsystems/demo/..//satellite-subsystems/lib\libSatelliteSubsystemsD.a(IsisAntS.o)
 .text.checkInputsValid
                0x20029dc8       0x7c C:/HOOPOE3/satellite-subsystems/demo/..//satellite-subsystems/lib\libSatelliteSubsystemsD.a(IsisAntS.o)
 .text.IsisAntS_initialize
                0x20029e44      0x26c C:/HOOPOE3/satellite-subsystems/demo/..//satellite-subsystems/lib\libSatelliteSubsystemsD.a(IsisAntS.o)
                0x20029e44                IsisAntS_initialize
 .text.IsisAntS_setArmStatus
                0x2002a0b0      0x104 C:/HOOPOE3/satellite-subsystems/demo/..//satellite-subsystems/lib\libSatelliteSubsystemsD.a(IsisAntS.o)
                0x2002a0b0                IsisAntS_setArmStatus
 .text.IsisAntS_getStatusData
                0x2002a1b4      0x120 C:/HOOPOE3/satellite-subsystems/demo/..//satellite-subsystems/lib\libSatelliteSubsystemsD.a(IsisAntS.o)
                0x2002a1b4                IsisAntS_getStatusData
 .text.IsisAntS_getTemperature
                0x2002a2d4      0x120 C:/HOOPOE3/satellite-subsystems/demo/..//satellite-subsystems/lib\libSatelliteSubsystemsD.a(IsisAntS.o)
                0x2002a2d4                IsisAntS_getTemperature
 .text.IsisAntS_getAlltelemetry
                0x2002a3f4      0x120 C:/HOOPOE3/satellite-subsystems/demo/..//satellite-subsystems/lib\libSatelliteSubsystemsD.a(IsisAntS.o)
                0x2002a3f4                IsisAntS_getAlltelemetry
 .text.IsisAntS_reset
                0x2002a514      0x104 C:/HOOPOE3/satellite-subsystems/demo/..//satellite-subsystems/lib\libSatelliteSubsystemsD.a(IsisAntS.o)
                0x2002a514                IsisAntS_reset
 .text.IsisSolarPanelv2_initialize
                0x2002a618       0xb4 C:/HOOPOE3/satellite-subsystems/demo/..//satellite-subsystems/lib\libSatelliteSubsystemsD.a(IsisSolarPanelv2.o)
                0x2002a618                IsisSolarPanelv2_initialize
 .text.IsisSolarPanelv2_getTemperature
                0x2002a6cc       0xc8 C:/HOOPOE3/satellite-subsystems/demo/..//satellite-subsystems/lib\libSatelliteSubsystemsD.a(IsisSolarPanelv2.o)
                0x2002a6cc                IsisSolarPanelv2_getTemperature
 .text.IsisSolarPanelv2_sleep
                0x2002a794       0xbc C:/HOOPOE3/satellite-subsystems/demo/..//satellite-subsystems/lib\libSatelliteSubsystemsD.a(IsisSolarPanelv2.o)
                0x2002a794                IsisSolarPanelv2_sleep
 .text.IsisSolarPanelv2_wakeup
                0x2002a850       0x80 C:/HOOPOE3/satellite-subsystems/demo/..//satellite-subsystems/lib\libSatelliteSubsystemsD.a(IsisSolarPanelv2.o)