Archive member included because of file (symbol)

c:/isis/application/toolchain/bin/../lib/gcc/arm-none-eabi/4.7.4/../../../../arm-none-eabi/lib\libc_s.a(lib_a-vfprintf_float.o)
                              (_printf_float)
c:/isis/application/toolchain/bin/../lib/gcc/arm-none-eabi/4.7.4/../../../../arm-none-eabi/lib\libc_s.a(lib_a-vfprintf_i.o)
                              c:/isis/application/toolchain/bin/../lib/gcc/arm-none-eabi/4.7.4/../../../../arm-none-eabi/lib\libc_s.a(lib_a-vfprintf_float.o) (_printf_common)
c:/isis/application/toolchain/bin/../lib/gcc/arm-none-eabi/4.7.4/../../../../arm-none-eabi/lib\libc_s.a(lib_a-vfscanf_float.o)
                              (_scanf_float)
c:/isis/application/toolchain/bin/../lib/gcc/arm-none-eabi/4.7.4/../../../../arm-none-eabi/lib\libc_s.a(lib_a-dtoa.o)
                              c:/isis/application/toolchain/bin/../lib/gcc/arm-none-eabi/4.7.4/../../../../arm-none-eabi/lib\libc_s.a(lib_a-vfprintf_float.o) (_dtoa_r)
c:/isis/application/toolchain/bin/../lib/gcc/arm-none-eabi/4.7.4/../../../../arm-none-eabi/lib\libc_s.a(lib_a-locale.o)
                              c:/isis/application/toolchain/bin/../lib/gcc/arm-none-eabi/4.7.4/../../../../arm-none-eabi/lib\libc_s.a(lib_a-vfprintf_float.o) (_localeconv_r)
c:/isis/application/toolchain/bin/../lib/gcc/arm-none-eabi/4.7.4/../../../../arm-none-eabi/lib\libc_s.a(lib_a-malloc.o)
                              c:/isis/application/toolchain/bin/../lib/gcc/arm-none-eabi/4.7.4/../../../../arm-none-eabi/lib\libc_s.a(lib_a-dtoa.o) (malloc)
c:/isis/application/toolchain/bin/../lib/gcc/arm-none-eabi/4.7.4/../../../../arm-none-eabi/lib\libc_s.a(lib_a-mallocr.o)
                              c:/isis/application/toolchain/bin/../lib/gcc/arm-none-eabi/4.7.4/../../../../arm-none-eabi/lib\libc_s.a(lib_a-malloc.o) (_malloc_r)
c:/isis/application/toolchain/bin/../lib/gcc/arm-none-eabi/4.7.4/../../../../arm-none-eabi/lib\libc_s.a(lib_a-memcpy.o)
                              c:/isis/application/toolchain/bin/../lib/gcc/arm-none-eabi/4.7.4/../../../../arm-none-eabi/lib\libc_s.a(lib_a-dtoa.o) (memcpy)
c:/isis/application/toolchain/bin/../lib/gcc/arm-none-eabi/4.7.4/../../../../arm-none-eabi/lib\libc_s.a(lib_a-mprec.o)
                              c:/isis/application/toolchain/bin/../lib/gcc/arm-none-eabi/4.7.4/../../../../arm-none-eabi/lib\libc_s.a(lib_a-dtoa.o) (_Balloc)
c:/isis/application/toolchain/bin/../lib/gcc/arm-none-eabi/4.7.4/../../../../arm-none-eabi/lib\libc_s.a(lib_a-s_fpclassify.o)
                              c:/isis/application/toolchain/bin/../lib/gcc/arm-none-eabi/4.7.4/../../../../arm-none-eabi/lib\libc_s.a(lib_a-vfprintf_float.o) (__fpclassifyd)
c:/isis/application/toolchain/bin/../lib/gcc/arm-none-eabi/4.7.4/../../../../arm-none-eabi/lib\libc_s.a(lib_a-sbrkr.o)
                              c:/isis/application/toolchain/bin/../lib/gcc/arm-none-eabi/4.7.4/../../../../arm-none-eabi/lib\libc_s.a(lib_a-mallocr.o) (_sbrk_r)
c:/isis/application/toolchain/bin/../lib/gcc/arm-none-eabi/4.7.4/../../../../arm-none-eabi/lib\libc_s.a(lib_a-sf_nan.o)
                              c:/isis/application/toolchain/bin/../lib/gcc/arm-none-eabi/4.7.4/../../../../arm-none-eabi/lib\libc_s.a(lib_a-vfscanf_float.o) (nanf)
c:/isis/application/toolchain/bin/../lib/gcc/arm-none-eabi/4.7.4/../../../../arm-none-eabi/lib\libc_s.a(lib_a-sprintf.o)
                              c:/isis/application/toolchain/bin/../lib/gcc/arm-none-eabi/4.7.4/../../../../arm-none-eabi/lib\libc_s.a(lib_a-vfscanf_float.o) (sprintf)
c:/isis/application/toolchain/bin/../lib/gcc/arm-none-eabi/4.7.4/../../../../arm-none-eabi/lib\libc_s.a(lib_a-strcmp.o)
                              c:/isis/application/toolchain/bin/../lib/gcc/arm-none-eabi/4.7.4/../../../../arm-none-eabi/lib\libc_s.a(lib_a-locale.o) (strcmp)
c:/isis/application/toolchain/bin/../lib/gcc/arm-none-eabi/4.7.4/../../../../arm-none-eabi/lib\libc_s.a(lib_a-strlen.o)
                              c:/isis/application/toolchain/bin/../lib/gcc/arm-none-eabi/4.7.4/../../../../arm-none-eabi/lib\libc_s.a(lib_a-vfprintf_float.o) (strlen)
c:/isis/application/toolchain/bin/../lib/gcc/arm-none-eabi/4.7.4/../../../../arm-none-eabi/lib\libc_s.a(lib_a-strtod.o)
                              c:/isis/application/toolchain/bin/../lib/gcc/arm-none-eabi/4.7.4/../../../../arm-none-eabi/lib\libc_s.a(lib_a-vfscanf_float.o) (_strtod_r)
c:/isis/application/toolchain/bin/../lib/gcc/arm-none-eabi/4.7.4/../../../../arm-none-eabi/lib\libc_s.a(lib_a-strtol.o)
                              c:/isis/application/toolchain/bin/../lib/gcc/arm-none-eabi/4.7.4/../../../../arm-none-eabi/lib\libc_s.a(lib_a-vfscanf_float.o) (_strtol_r)
c:/isis/application/toolchain/bin/../lib/gcc/arm-none-eabi/4.7.4/../../../../arm-none-eabi/lib\libc_s.a(lib_a-svfprintf.o)
                              c:/isis/application/toolchain/bin/../lib/gcc/arm-none-eabi/4.7.4/../../../../arm-none-eabi/lib\libc_s.a(lib_a-sprintf.o) (_svfprintf_r)
[...]
Memory Configuration

Name             Origin             Length             Attributes
sram0            0x00200000         0x00004000         w !xr
sram1            0x00300000         0x00004000         w !xr
sdram            0x20000000         0x02000000         w !xr
*default*        0x00000000         0xffffffff

Linker script and memory map

LOAD c:/isis/application/toolchain/bin/../lib/gcc/arm-none-eabi/4.7.4/../../../../arm-none-eabi/lib\libc_s.a
LOAD ./src/sub-systemCode/payload/Request Management/Dump/Butchering.o
LOAD ./src/sub-systemCode/payload/Request Management/Dump/imageDump.o
LOAD ./src/sub-systemCode/payload/Request Management/AutomaticImageHandler.o
LOAD ./src/sub-systemCode/payload/Request Management/CameraManeger.o
LOAD ./src/sub-systemCode/payload/Request Management/DB_RequestHandling.o
LOAD ./src/sub-systemCode/payload/Misc/Boolean_bit.o
LOAD ./src/sub-systemCode/payload/Misc/FileSystem.o
LOAD ./src/sub-systemCode/payload/Drivers/GeckoCameraDriver.o
LOAD ./src/sub-systemCode/payload/DataBase/DataBase.o
LOAD ./src/sub-systemCode/payload/Compression/jpeg/bmp/rawToBMP.o
LOAD ./src/sub-systemCode/payload/Compression/jpeg/DCT.o
LOAD ./src/sub-systemCode/payload/Compression/jpeg/ImgCompressor.o
LOAD ./src/sub-systemCode/payload/Compression/jpeg/color_conv.o
LOAD ./src/sub-systemCode/payload/Compression/jpeg/jpeg.o
LOAD ./src/sub-systemCode/payload/Compression/jpeg/jpeg_encoder.o
LOAD ./src/sub-systemCode/payload/Compression/jpeg/jpeg_memory_alloc.o
LOAD ./src/sub-systemCode/payload/Compression/jpeg/jpeg_params.o
LOAD ./src/sub-systemCode/payload/Compression/jpeg/output_stream.o
LOAD ./src/sub-systemCode/payload/Compression/ImageConversion.o
LOAD ./src/sub-systemCode/Main/CMD/ADCS_CMD.o
LOAD ./src/sub-systemCode/Main/CMD/COMM_CMD.o
LOAD ./src/sub-systemCode/Main/CMD/EPS_CMD.o
LOAD ./src/sub-systemCode/Main/CMD/General_CMD.o
LOAD ./src/sub-systemCode/Main/CMD/SW_CMD.o
LOAD ./src/sub-systemCode/Main/CMD/payload_CMD.o
LOAD ./src/sub-systemCode/Main/Ants.o
LOAD ./src/sub-systemCode/Main/EPS.o
LOAD ./src/sub-systemCode/Main/HouseKeeping.o
LOAD ./src/sub-systemCode/Main/Main_Init.o
LOAD ./src/sub-systemCode/Main/commands.o
LOAD ./src/sub-systemCode/Global/GenericTaskSave.o
LOAD ./src/sub-systemCode/Global/Global.o
LOAD ./src/sub-systemCode/Global/GlobalParam.o
LOAD ./src/sub-systemCode/Global/OnlineTM.o
LOAD ./src/sub-systemCode/Global/TLM_management.o
LOAD ./src/sub-systemCode/Global/freertosExtended.o
LOAD ./src/sub-systemCode/Global/logger.o
LOAD ./src/sub-systemCode/CUF/CUF.o
LOAD ./src/sub-systemCode/CUF/uploadCodeTelemetry.o
LOAD ./src/sub-systemCode/COMM/APRS.o
LOAD ./src/sub-systemCode/COMM/DelayedCommand_list.o
LOAD ./src/sub-systemCode/COMM/GSC.o
LOAD ./src/sub-systemCode/COMM/TRXVU.o
LOAD ./src/sub-systemCode/ADCS/AdcsCommands.o
LOAD ./src/sub-systemCode/ADCS/AdcsGetDataAndTlm.o
LOAD ./src/sub-systemCode/ADCS/AdcsMain.o
LOAD ./src/sub-systemCode/ADCS/AdcsTroubleShooting.o
LOAD ./src/sub-systemCode/ADCS/StateMachine.o
LOAD ./src/main.o
LOAD C:/HOOPOE3/satellite-subsystems/demo/..//satellite-subsystems/lib\libSatelliteSubsystemsD.a
LOAD c:/isis/application/toolchain/bin/../lib/gcc/arm-none-eabi/4.7.4/../../../../arm-none-eabi/lib\libm.a
LOAD C:/HOOPOE3/satellite-subsystems/demo/../..//hal/hcc/lib\libHCCD.a
LOAD C:/HOOPOE3/satellite-subsystems/demo/../..//hal/hal/lib\libHALD.a
LOAD C:/HOOPOE3/satellite-subsystems/demo/../..//hal/freertos/lib\libFreeRTOSD.a
LOAD C:/HOOPOE3/satellite-subsystems/demo/../..//hal/at91/lib\libAt91D.a
START GROUP
LOAD c:/isis/application/toolchain/bin/../lib/gcc/arm-none-eabi/4.7.4\libgcc.a
LOAD c:/isis/application/toolchain/bin/../lib/gcc/arm-none-eabi/4.7.4/../../../../arm-none-eabi/lib\libc_s.a
END GROUP

.fixed          0x20000000    0x5dfe0
                0x20000000                . = ALIGN (0x4)
                0x20000000                _sfixed = .
 *(.startup)
 .startup       0x20000000      0x134 C:/HOOPOE3/satellite-subsystems/demo/../..//hal/at91/lib\libAt91D.a(board_cstartup.o)
                0x20000000                entry
 *(.text)
 .text          0x20000134       0x64 C:/HOOPOE3/satellite-subsystems/demo/../..//hal/at91/lib\libAt91D.a(cp15_asm.o)
                0x20000134                _readControlRegister
                0x20000140                _writeControlRegister
                0x20000148                _waitForInterrupt
                0x20000154                _writeTTB
                0x2000015c                _writeDomain
                0x20000164                _writeITLBLockdown
                0x2000016c                _prefetchICacheLine
                0x20000174                _flushDCache
                0x20000180                _flushWriteBuffer
                0x2000018c                _invalidateIDTLBs
 .text          0x20000198      0x114 c:/isis/application/toolchain/bin/../lib/gcc/arm-none-eabi/4.7.4\libgcc.a(_udivsi3.o)
                0x20000198                __aeabi_uidiv
                0x20000198                __udivsi3
                0x2000028c                __aeabi_uidivmod
 .text          0x200002ac      0x148 c:/isis/application/toolchain/bin/../lib/gcc/arm-none-eabi/4.7.4\libgcc.a(_divsi3.o)
                0x200002ac                __divsi3
                0x200002ac                __aeabi_idiv
                0x200003d4                __aeabi_idivmod
 .text          0x200003f4        0x4 c:/isis/application/toolchain/bin/../lib/gcc/arm-none-eabi/4.7.4\libgcc.a(_dvmd_tls.o)
                0x200003f4                __aeabi_idiv0
                0x200003f4                __aeabi_ldiv0
 .text          0x200003f8      0x41c c:/isis/application/toolchain/bin/../lib/gcc/arm-none-eabi/4.7.4\libgcc.a(_arm_addsubdf3.o)
                0x200003f8                __aeabi_drsub
                0x20000400                __aeabi_dsub
                0x20000400                __subdf3
                0x20000404                __aeabi_dadd
                0x20000404                __adddf3
                0x20000714                __floatunsidf
                0x20000714                __aeabi_ui2d
                0x20000738                __floatsidf
                0x20000738                __aeabi_i2d
                0x20000760                __aeabi_f2d
                0x20000760                __extendsfdf2
                0x200007a0                __floatundidf
                0x200007a0                __aeabi_ul2d
                0x200007b4                __floatdidf
                0x200007b4                __aeabi_l2d
 .text          0x20000814      0x49c c:/isis/application/toolchain/bin/../lib/gcc/arm-none-eabi/4.7.4\libgcc.a(_arm_muldivdf3.o)
                0x20000814                __aeabi_dmul
                0x20000814                __muldf3
                0x20000aa4                __divdf3
                0x20000aa4                __aeabi_ddiv
 .text          0x20000cb0      0x144 c:/isis/application/toolchain/bin/../lib/gcc/arm-none-eabi/4.7.4\libgcc.a(_arm_cmpdf2.o)
                0x20000cb0                __gtdf2
                0x20000cb0                __gedf2
                0x20000cb8                __ltdf2
                0x20000cb8                __ledf2
                0x20000cc0                __nedf2
                0x20000cc0                __eqdf2
                0x20000cc0                __cmpdf2
                0x20000d48                __aeabi_cdrcmple
                0x20000d64                __aeabi_cdcmpeq
                0x20000d64                __aeabi_cdcmple
                0x20000d7c                __aeabi_dcmpeq
                0x20000d94                __aeabi_dcmplt
                0x20000dac                __aeabi_dcmple
                0x20000dc4                __aeabi_dcmpge
                0x20000ddc                __aeabi_dcmpgt
 .text          0x20000df4       0x5c c:/isis/application/toolchain/bin/../lib/gcc/arm-none-eabi/4.7.4\libgcc.a(_arm_fixdfsi.o)
                0x20000df4                __aeabi_d2iz
                0x20000df4                __fixdfsi
 .text          0x20000e50       0x54 c:/isis/application/toolchain/bin/../lib/gcc/arm-none-eabi/4.7.4\libgcc.a(_arm_fixunsdfsi.o)
                0x20000e50                __aeabi_d2uiz
                0x20000e50                __fixunsdfsi
 .text          0x20000ea4       0xa0 c:/isis/application/toolchain/bin/../lib/gcc/arm-none-eabi/4.7.4\libgcc.a(_arm_truncdfsf2.o)
                0x20000ea4                __truncdfsf2
                0x20000ea4                __aeabi_d2f
 .text          0x20000f44      0x2ac c:/isis/application/toolchain/bin/../lib/gcc/arm-none-eabi/4.7.4\libgcc.a(_arm_addsubsf3.o)
                0x20000f44                __aeabi_frsub
                0x20000f4c                __subsf3
                0x20000f4c                __aeabi_fsub
                0x20000f50                __aeabi_fadd
                0x20000f50                __addsf3
                0x2000110c                __aeabi_ui2f
                0x2000110c                __floatunsisf
                0x20001114                __aeabi_i2f
                0x20001114                __floatsisf
                0x20001134                __aeabi_ul2f
                0x20001134                __floatundisf
                0x20001144                __aeabi_l2f
                0x20001144                __floatdisf
 .text          0x200011f0      0x2f8 c:/isis/application/toolchain/bin/../lib/gcc/arm-none-eabi/4.7.4\libgcc.a(_arm_muldivsf3.o)
                0x200011f0                __mulsf3
                0x200011f0                __aeabi_fmul
                0x20001388                __aeabi_fdiv
                0x20001388                __divsf3
 .text          0x200014e8      0x114 c:/isis/application/toolchain/bin/../lib/gcc/arm-none-eabi/4.7.4\libgcc.a(_arm_cmpsf2.o)
                0x200014e8                __gesf2
                0x200014e8                __gtsf2
                0x200014f0                __lesf2
                0x200014f0                __ltsf2
                0x200014f8                __nesf2
                0x200014f8                __eqsf2
                0x200014f8                __cmpsf2
                0x2000155c                __aeabi_cfrcmple
                0x2000156c                __aeabi_cfcmpeq
                0x2000156c                __aeabi_cfcmple
                0x20001584                __aeabi_fcmpeq
                0x2000159c                __aeabi_fcmplt
                0x200015b4                __aeabi_fcmple
                0x200015cc                __aeabi_fcmpge
                0x200015e4                __aeabi_fcmpgt
 .text          0x200015fc       0x54 c:/isis/application/toolchain/bin/../lib/gcc/arm-none-eabi/4.7.4\libgcc.a(_arm_fixunssfsi.o)
                0x200015fc                __fixunssfsi
                0x200015fc                __aeabi_f2uiz
 *(.text*)
 .text.__cvt    0x20001650      0x138 c:/isis/application/toolchain/bin/../lib/gcc/arm-none-eabi/4.7.4/../../../../arm-none-eabi/lib\libc_s.a(lib_a-vfprintf_float.o)
                0x20001650                __cvt
 .text.__exponent
                0x20001788       0xa8 c:/isis/application/toolchain/bin/../lib/gcc/arm-none-eabi/4.7.4/../../../../arm-none-eabi/lib\libc_s.a(lib_a-vfprintf_float.o)
                0x20001788                __exponent
 .text._printf_float
                0x20001830      0x7dc c:/isis/application/toolchain/bin/../lib/gcc/arm-none-eabi/4.7.4/../../../../arm-none-eabi/lib\libc_s.a(lib_a-vfprintf_float.o)
                0x20001830                _printf_float
 .text._printf_common
                0x2000200c      0x174 c:/isis/application/toolchain/bin/../lib/gcc/arm-none-eabi/4.7.4/../../../../arm-none-eabi/lib\libc_s.a(lib_a-vfprintf_i.o)
                0x2000200c                _printf_common
 .text._printf_i
                0x20002180      0x3c4 c:/isis/application/toolchain/bin/../lib/gcc/arm-none-eabi/4.7.4/../../../../arm-none-eabi/lib\libc_s.a(lib_a-vfprintf_i.o)
                0x20002180                _printf_i
 .text._scanf_float
                0x20002544      0x5f4 c:/isis/application/toolchain/bin/../lib/gcc/arm-none-eabi/4.7.4/../../../../arm-none-eabi/lib\libc_s.a(lib_a-vfscanf_float.o)
                0x20002544                _scanf_float
 .text.quorem   0x20002b38      0x1ac c:/isis/application/toolchain/bin/../lib/gcc/arm-none-eabi/4.7.4/../../../../arm-none-eabi/lib\libc_s.a(lib_a-dtoa.o)
 .text._dtoa_r  0x20002ce4     0x1268 c:/isis/application/toolchain/bin/../lib/gcc/arm-none-eabi/4.7.4/../../../../arm-none-eabi/lib\libc_s.a(lib_a-dtoa.o)
                0x20002ce4                _dtoa_r
 .text._localeconv_r
                0x20003f4c        0xc c:/isis/application/toolchain/bin/../lib/gcc/arm-none-eabi/4.7.4/../../../../arm-none-eabi/lib\libc_s.a(lib_a-locale.o)
                0x20003f4c                _localeconv_r
 .text.malloc   0x20003f58       0x20 c:/isis/application/toolchain/bin/../lib/gcc/arm-none-eabi/4.7.4/../../../../arm-none-eabi/lib\libc_s.a(lib_a-malloc.o)
                0x20003f58                malloc
 .text.free     0x20003f78       0x20 c:/isis/application/toolchain/bin/../lib/gcc/arm-none-eabi/4.7.4/../../../../arm-none-eabi/lib\libc_s.a(lib_a-malloc.o)
                0x20003f78                free
 .text._malloc_r
                0x20003f98       0xfc c:/isis/application/toolchain/bin/../lib/gcc/arm-none-eabi/4.7.4/../../../../arm-none-eabi/lib\libc_s.a(lib_a-mallocr.o)
                0x20003f98                _malloc_r
 .text.memcpy   0x20004094       0x20 c:/isis/application/toolchain/bin/../lib/gcc/arm-none-eabi/4.7.4/../../../../arm-none-eabi/lib\libc_s.a(lib_a-memcpy.o)
                0x20004094                memcpy
 .text._Balloc  0x200040b4       0xcc c:/isis/application/toolchain/bin/../lib/gcc/arm-none-eabi/4.7.4/../../../../arm-none-eabi/lib\libc_s.a(lib_a-mprec.o)
                0x200040b4                _Balloc
 .text._Bfree   0x20004180       0x5c c:/isis/application/toolchain/bin/../lib/gcc/arm-none-eabi/4.7.4/../../../../arm-none-eabi/lib\libc_s.a(lib_a-mprec.o)
                0x20004180                _Bfree
 .text.__multadd
                0x200041dc       0xbc c:/isis/application/toolchain/bin/../lib/gcc/arm-none-eabi/4.7.4/../../../../arm-none-eabi/lib\libc_s.a(lib_a-mprec.o)
                0x200041dc                __multadd
 .text.__s2b    0x20004298       0xd8 c:/isis/application/toolchain/bin/../lib/gcc/arm-none-eabi/4.7.4/../../../../arm-none-eabi/lib\libc_s.a(lib_a-mprec.o)
                0x20004298                __s2b
 .text.__hi0bits
                0x20004370       0x58 c:/isis/application/toolchain/bin/../lib/gcc/arm-none-eabi/4.7.4/../../../../arm-none-eabi/lib\libc_s.a(lib_a-mprec.o)
                0x20004370                __hi0bits
 .text.__lo0bits
                0x200043c8       0x94 c:/isis/application/toolchain/bin/../lib/gcc/arm-none-eabi/4.7.4/../../../../arm-none-eabi/lib\libc_s.a(lib_a-mprec.o)
                0x200043c8                __lo0bits
 .text.__i2b    0x2000445c       0x24 c:/isis/application/toolchain/bin/../lib/gcc/arm-none-eabi/4.7.4/../../../../arm-none-eabi/lib\libc_s.a(lib_a-mprec.o)
                0x2000445c                __i2b
 .text.__multiply
                0x20004480      0x1ac c:/isis/application/toolchain/bin/../lib/gcc/arm-none-eabi/4.7.4/../../../../arm-none-eabi/lib\libc_s.a(lib_a-mprec.o)
                0x20004480                __multiply
 .text.__pow5mult
                0x2000462c      0x10c c:/isis/application/toolchain/bin/../lib/gcc/arm-none-eabi/4.7.4/../../../../arm-none-eabi/lib\libc_s.a(lib_a-mprec.o)
                0x2000462c                __pow5mult
 .text.__lshift
                0x20004738       0xf0 c:/isis/application/toolchain/bin/../lib/gcc/arm-none-eabi/4.7.4/../../../../arm-none-eabi/lib\libc_s.a(lib_a-mprec.o)
                0x20004738                __lshift
 .text.__mcmp   0x20004828       0x60 c:/isis/application/toolchain/bin/../lib/gcc/arm-none-eabi/4.7.4/../../../../arm-none-eabi/lib\libc_s.a(lib_a-mprec.o)
                0x20004828                __mcmp
 .text.__mdiff  0x20004888      0x128 c:/isis/application/toolchain/bin/../lib/gcc/arm-none-eabi/4.7.4/../../../../arm-none-eabi/lib\libc_s.a(lib_a-mprec.o)
                0x20004888                __mdiff
 .text.__ulp    0x200049b0       0x5c c:/isis/application/toolchain/bin/../lib/gcc/arm-none-eabi/4.7.4/../../../../arm-none-eabi/lib\libc_s.a(lib_a-mprec.o)
                0x200049b0                __ulp
 .text.__b2d    0x20004a0c       0xc8 c:/isis/application/toolchain/bin/../lib/gcc/arm-none-eabi/4.7.4/../../../../arm-none-eabi/lib\libc_s.a(lib_a-mprec.o)
                0x20004a0c                __b2d
 .text.__d2b    0x20004ad4       0xfc c:/isis/application/toolchain/bin/../lib/gcc/arm-none-eabi/4.7.4/../../../../arm-none-eabi/lib\libc_s.a(lib_a-mprec.o)
                0x20004ad4                __d2b
 .text.__ratio  0x20004bd0       0x70 c:/isis/application/toolchain/bin/../lib/gcc/arm-none-eabi/4.7.4/../../../../arm-none-eabi/lib\libc_s.a(lib_a-mprec.o)
                0x20004bd0                __ratio
 .text.__copybits
                0x20004c40       0x4c c:/isis/application/toolchain/bin/../lib/gcc/arm-none-eabi/4.7.4/../../../../arm-none-eabi/lib\libc_s.a(lib_a-mprec.o)
                0x20004c40                __copybits
 .text.__any_on
                0x20004c8c       0x7c c:/isis/application/toolchain/bin/../lib/gcc/arm-none-eabi/4.7.4/../../../../arm-none-eabi/lib\libc_s.a(lib_a-mprec.o)
                0x20004c8c                __any_on
 .text.__fpclassifyd
                0x20004d08       0x6c c:/isis/application/toolchain/bin/../lib/gcc/arm-none-eabi/4.7.4/../../../../arm-none-eabi/lib\libc_s.a(lib_a-s_fpclassify.o)
                0x20004d08                __fpclassifyd
 .text._sbrk_r  0x20004d74       0x3c c:/isis/application/toolchain/bin/../lib/gcc/arm-none-eabi/4.7.4/../../../../arm-none-eabi/lib\libc_s.a(lib_a-sbrkr.o)
                0x20004d74                _sbrk_r
 .text.nanf     0x20004db0        0xc c:/isis/application/toolchain/bin/../lib/gcc/arm-none-eabi/4.7.4/../../../../arm-none-eabi/lib\libc_s.a(lib_a-sf_nan.o)
                0x20004db0                nanf
 .text.sprintf  0x20004dbc       0x6c c:/isis/application/toolchain/bin/../lib/gcc/arm-none-eabi/4.7.4/../../../../arm-none-eabi/lib\libc_s.a(lib_a-sprintf.o)
                0x20004dbc                siprintf
                0x20004dbc                sprintf
 .text.strcmp   0x20004e28       0x1c c:/isis/application/toolchain/bin/../lib/gcc/arm-none-eabi/4.7.4/../../../../arm-none-eabi/lib\libc_s.a(lib_a-strcmp.o)
                0x20004e28                strcmp
 .text.strlen   0x20004e44       0x1c c:/isis/application/toolchain/bin/../lib/gcc/arm-none-eabi/4.7.4/../../../../arm-none-eabi/lib\libc_s.a(lib_a-strlen.o)
                0x20004e44                strlen
 .text.match    0x20004e60       0x54 c:/isis/application/toolchain/bin/../lib/gcc/arm-none-eabi/4.7.4/../../../../arm-none-eabi/lib\libc_s.a(lib_a-strtod.o)
 .text._strtod_r
                0x20004eb4     0x1168 c:/isis/application/toolchain/bin/../lib/gcc/arm-none-eabi/4.7.4/../../../../arm-none-eabi/lib\libc_s.a(lib_a-strtod.o)
                0x20004eb4                _strtod_r
 .text._strtol_r
                0x2000601c      0x1b8 c:/isis/application/toolchain/bin/../lib/gcc/arm-none-eabi/4.7.4/../../../../arm-none-eabi/lib\libc_s.a(lib_a-strtol.o)
                0x2000601c                _strtol_r
 .text.__ssputc_r
                0x200061d4      0x10c c:/isis/application/toolchain/bin/../lib/gcc/arm-none-eabi/4.7.4/../../../../arm-none-eabi/lib\libc_s.a(lib_a-svfprintf.o)
                0x200061d4                __ssputc_r
 .text._svfprintf_r
                0x200062e0      0x328 c:/isis/application/toolchain/bin/../lib/gcc/arm-none-eabi/4.7.4/../../../../arm-none-eabi/lib\libc_s.a(lib_a-svfprintf.o)
                0x200062e0                _svfiprintf_r
                0x200062e0                _svfprintf_r
 .text._calloc_r
                0x20006608       0x2c c:/isis/application/toolchain/bin/../lib/gcc/arm-none-eabi/4.7.4/../../../../arm-none-eabi/lib\libc_s.a(lib_a-callocr.o)
                0x20006608                _calloc_r
 .text._free_r  0x20006634      0x108 c:/isis/application/toolchain/bin/../lib/gcc/arm-none-eabi/4.7.4/../../../../arm-none-eabi/lib\libc_s.a(lib_a-freer.o)
                0x20006634                _free_r
 .text.rshift   0x2000673c       0xb0 c:/isis/application/toolchain/bin/../lib/gcc/arm-none-eabi/4.7.4/../../../../arm-none-eabi/lib\libc_s.a(lib_a-gdtoa-gethex.o)
 .text.htinit.constprop.0
                0x200067ec       0x34 c:/isis/application/toolchain/bin/../lib/gcc/arm-none-eabi/4.7.4/../../../../arm-none-eabi/lib\libc_s.a(lib_a-gdtoa-gethex.o)
 .text.__hexdig_init
                0x20006820       0x38 c:/isis/application/toolchain/bin/../lib/gcc/arm-none-eabi/4.7.4/../../../../arm-none-eabi/lib\libc_s.a(lib_a-gdtoa-gethex.o)
                0x20006820                __hexdig_init
 .text.__gethex
                0x20006858      0x6cc c:/isis/application/toolchain/bin/../lib/gcc/arm-none-eabi/4.7.4/../../../../arm-none-eabi/lib\libc_s.a(lib_a-gdtoa-gethex.o)
                0x20006858                __gethex
 .text.L_shift  0x20006f24       0x38 c:/isis/application/toolchain/bin/../lib/gcc/arm-none-eabi/4.7.4/../../../../arm-none-eabi/lib\libc_s.a(lib_a-gdtoa-hexnan.o)
 .text.__hexnan
                0x20006f5c      0x1d8 c:/isis/application/toolchain/bin/../lib/gcc/arm-none-eabi/4.7.4/../../../../arm-none-eabi/lib\libc_s.a(lib_a-gdtoa-hexnan.o)
                0x20006f5c                __hexnan
 .text.memchr   0x20007134       0x34 c:/isis/application/toolchain/bin/../lib/gcc/arm-none-eabi/4.7.4/../../../../arm-none-eabi/lib\libc_s.a(lib_a-memchr.o)
                0x20007134                memchr
 .text.memset   0x20007168       0x1c c:/isis/application/toolchain/bin/../lib/gcc/arm-none-eabi/4.7.4/../../../../arm-none-eabi/lib\libc_s.a(lib_a-memset.o)
                0x20007168                memset
 .text._realloc_r
                0x20007184       0x80 c:/isis/application/toolchain/bin/../lib/gcc/arm-none-eabi/4.7.4/../../../../arm-none-eabi/lib\libc_s.a(lib_a-reallocr.o)
                0x20007184                _realloc_r
 .text.strncmp  0x20007204       0x64 c:/isis/application/toolchain/bin/../lib/gcc/arm-none-eabi/4.7.4/../../../../arm-none-eabi/lib\libc_s.a(lib_a-strncmp.o)
                0x20007204                strncmp
 .text._malloc_usable_size_r
                0x20007268       0x1c c:/isis/application/toolchain/bin/../lib/gcc/arm-none-eabi/4.7.4/../../../../arm-none-eabi/lib\libc_s.a(lib_a-msizer.o)
                0x20007268                _malloc_usable_size_r
 .text.GetChunkFromImage
                0x20007284      0x2d0 ./src/sub-systemCode/payload/Request Management/Dump/Butchering.o
                0x20007284                GetChunkFromImage
 .text.SimpleButcher
                0x20007554       0xd8 ./src/sub-systemCode/payload/Request Management/Dump/Butchering.o
                0x20007554                SimpleButcher
 .text.readChunkDimentionsFromFRAM
                0x2000762c       0x80 ./src/sub-systemCode/payload/Request Management/Dump/imageDump.o
                0x2000762c                readChunkDimentionsFromFRAM
 .text.setChunkDimensions_inFRAM
                0x200076ac      0x10c ./src/sub-systemCode/payload/Request Management/Dump/imageDump.o
                0x200076ac                setChunkDimensions_inFRAM
 .text.getLastImageChunkIndex
                0x200077b8      0x1c8 ./src/sub-systemCode/payload/Request Management/Dump/imageDump.o
                0x200077b8                getLastImageChunkIndex
 .text.find_subType_ofImage
                0x20007980       0xe0 ./src/sub-systemCode/payload/Request Management/Dump/imageDump.o
                0x20007980                find_subType_ofImage
 .text.buildAndSend_chunck
                0x20007a60      0x320 ./src/sub-systemCode/payload/Request Management/Dump/imageDump.o
                0x20007a60                buildAndSend_chunck
 .text.chunkField_imageDump
                0x20007d80      0x258 ./src/sub-systemCode/payload/Request Management/Dump/imageDump.o
                0x20007d80                chunkField_imageDump
 .text.bitField_imageDump
                0x20007fd8      0x23c ./src/sub-systemCode/payload/Request Management/Dump/imageDump.o
                0x20007fd8                bitField_imageDump
 .text.fileTypeDump
                0x20008214      0x170 ./src/sub-systemCode/payload/Request Management/Dump/imageDump.o
                0x20008214                fileTypeDump
 .text.imageDataBase_Dump
                0x20008384      0x118 ./src/sub-systemCode/payload/Request Management/Dump/imageDump.o
                0x20008384                imageDataBase_Dump
 .text.imageDump_task
                0x2000849c      0x4f4 ./src/sub-systemCode/payload/Request Management/Dump/imageDump.o
                0x2000849c                imageDump_task
 .text.KickStartImageDumpTask
                0x20008990       0x5c ./src/sub-systemCode/payload/Request Management/Dump/imageDump.o
                0x20008990                KickStartImageDumpTask
 .text.AutomaticImageHandlerTaskMain
                0x200089ec      0x12c ./src/sub-systemCode/payload/Request Management/AutomaticImageHandler.o
                0x200089ec                AutomaticImageHandlerTaskMain
 .text.KickStartAutomaticImageHandlerTask
                0x20008b18       0x70 ./src/sub-systemCode/payload/Request Management/AutomaticImageHandler.o
                0x20008b18                KickStartAutomaticImageHandlerTask
 .text.stopAction
                0x20008b88       0xc4 ./src/sub-systemCode/payload/Request Management/AutomaticImageHandler.o
                0x20008b88                stopAction
 .text.resumeAction
                0x20008c4c       0x68 ./src/sub-systemCode/payload/Request Management/AutomaticImageHandler.o
                0x20008c4c                resumeAction
 .text.handleErrors
                0x20008cb4       0x50 ./src/sub-systemCode/payload/Request Management/AutomaticImageHandler.o
                0x20008cb4                handleErrors
 .text.CameraManagerTaskMain
                0x20008d04       0xc8 ./src/sub-systemCode/payload/Request Management/CameraManeger.o
                0x20008d04                CameraManagerTaskMain
 .text.initCamera
                0x20008dcc       0xa4 ./src/sub-systemCode/payload/Request Management/CameraManeger.o
                0x20008dcc                initCamera
 .text.KickStartCamera
                0x20008e70       0xe4 ./src/sub-systemCode/payload/Request Management/CameraManeger.o
                0x20008e70                KickStartCamera
 .text.addRequestToQueue
                0x20008f54       0xa8 ./src/sub-systemCode/payload/Request Management/CameraManeger.o
                0x20008f54                addRequestToQueue
 .text.removeRequestFromQueue
                0x20008ffc       0x7c ./src/sub-systemCode/payload/Request Management/CameraManeger.o
                0x20008ffc                removeRequestFromQueue
 .text.Take_pictures_with_time_in_between
                0x20009078      0x114 ./src/sub-systemCode/payload/Request Management/CameraManeger.o
                0x20009078                Take_pictures_with_time_in_between
 .text.act_upon_request
                0x2000918c      0x518 ./src/sub-systemCode/payload/Request Management/CameraManeger.o
                0x2000918c                act_upon_request
 .text.TakePicture
                0x200096a4       0x4c ./src/sub-systemCode/payload/Request Management/DB_RequestHandling.o
                0x200096a4                TakePicture
 .text.TakeSpecialPicture
                0x200096f0      0x130 ./src/sub-systemCode/payload/Request Management/DB_RequestHandling.o
                0x200096f0                TakeSpecialPicture
 .text.DeletePictureFile
                0x20009820       0x88 ./src/sub-systemCode/payload/Request Management/DB_RequestHandling.o
                0x20009820                DeletePictureFile
 .text.DeletePicture
                0x200098a8       0x6c ./src/sub-systemCode/payload/Request Management/DB_RequestHandling.o
                0x200098a8                DeletePicture
 .text.TransferPicture
                0x20009914       0x54 ./src/sub-systemCode/payload/Request Management/DB_RequestHandling.o
                0x20009914                TransferPicture
 .text.CreateThumbnail
                0x20009968       0x80 ./src/sub-systemCode/payload/Request Management/DB_RequestHandling.o
                0x20009968                CreateThumbnail
 .text.CreateJPG
                0x200099e8       0x7c ./src/sub-systemCode/payload/Request Management/DB_RequestHandling.o
                0x200099e8                CreateJPG
 .text.UpdatePhotographyValues
                0x20009a64       0xd8 ./src/sub-systemCode/payload/Request Management/DB_RequestHandling.o
                0x20009a64                UpdatePhotographyValues
 .text.setChunkDimensions
                0x20009b3c       0x64 ./src/sub-systemCode/payload/Request Management/DB_RequestHandling.o
                0x20009b3c                setChunkDimensions
 .text.convert2char
                0x20009ba0      0x14c ./src/sub-systemCode/payload/Misc/Boolean_bit.o
                0x20009ba0                convert2char
 .text.convert2byte
                0x20009cec      0x1c8 ./src/sub-systemCode/payload/Misc/Boolean_bit.o
                0x20009cec                convert2byte
 .text.bits2byte
                0x20009eb4      0x17c ./src/sub-systemCode/payload/Misc/Boolean_bit.o
                0x20009eb4                bits2byte
 .text.byte2bits
                0x2000a030      0x17c ./src/sub-systemCode/payload/Misc/Boolean_bit.o
                0x2000a030                byte2bits
 .text.char2bits
                0x2000a1ac       0x44 ./src/sub-systemCode/payload/Misc/Boolean_bit.o
                0x2000a1ac                char2bits
 .text.bits2char
                0x2000a1f0       0x3c ./src/sub-systemCode/payload/Misc/Boolean_bit.o
                0x2000a1f0                bits2char
 .text.ReadFromFile
                0x2000a22c       0x6c ./src/sub-systemCode/payload/Misc/FileSystem.o
                0x2000a22c                ReadFromFile
 .text.WriteToFile
                0x2000a298       0x74 ./src/sub-systemCode/payload/Misc/FileSystem.o
                0x2000a298                WriteToFile
 .text.Initialized_GPIO
                0x2000a30c       0x54 ./src/sub-systemCode/payload/Drivers/GeckoCameraDriver.o
                0x2000a30c                Initialized_GPIO
 .text.TurnOnGecko
                0x2000a360      0x140 ./src/sub-systemCode/payload/Drivers/GeckoCameraDriver.o
                0x2000a360                TurnOnGecko
 .text.TurnOffGecko
                0x2000a4a0       0xd8 ./src/sub-systemCode/payload/Drivers/GeckoCameraDriver.o
                0x2000a4a0                TurnOffGecko
 .text.initGecko
                0x2000a578       0x3c ./src/sub-systemCode/payload/Drivers/GeckoCameraDriver.o
                0x2000a578                initGecko
 .text.GECKO_TakeImage
                0x2000a5b4      0x2f4 ./src/sub-systemCode/payload/Drivers/GeckoCameraDriver.o
                0x2000a5b4                GECKO_TakeImage
 .text.readStopFlag
                0x2000a8a8       0x48 ./src/sub-systemCode/payload/Drivers/GeckoCameraDriver.o
                0x2000a8a8                readStopFlag
 .text.setStopFlag
                0x2000a8f0       0x50 ./src/sub-systemCode/payload/Drivers/GeckoCameraDriver.o
                0x2000a8f0                setStopFlag
 .text.GECKO_ReadImage
                0x2000a940      0x230 ./src/sub-systemCode/payload/Drivers/GeckoCameraDriver.o
                0x2000a940                GECKO_ReadImage
 .text.GECKO_EraseBlock
                0x2000ab70       0xf0 ./src/sub-systemCode/payload/Drivers/GeckoCameraDriver.o
                0x2000ab70                GECKO_EraseBlock
 .text.getFileName
                0x2000ac60      0x190 ./src/sub-systemCode/payload/DataBase/DataBase.o
 .text.zeroImageDataBase
                0x2000adf0       0xfc ./src/sub-systemCode/payload/DataBase/DataBase.o
                0x2000adf0                zeroImageDataBase
 .text.updateGeneralDataBaseParameters
                0x2000aeec       0x5c ./src/sub-systemCode/payload/DataBase/DataBase.o
                0x2000aeec                updateGeneralDataBaseParameters
 .text.SearchDataBase_byID
                0x2000af48      0x234 ./src/sub-systemCode/payload/DataBase/DataBase.o
                0x2000af48                SearchDataBase_byID
 .text.SearchDataBase_byMark
                0x2000b17c       0xb8 ./src/sub-systemCode/payload/DataBase/DataBase.o
                0x2000b17c                SearchDataBase_byMark
 .text.SearchDataBase_forLatestMarkedImage
                0x2000b234       0x38 ./src/sub-systemCode/payload/DataBase/DataBase.o
                0x2000b234                SearchDataBase_forLatestMarkedImage
 .text.SearchDataBase_byTimeRange
                0x2000b26c      0x148 ./src/sub-systemCode/payload/DataBase/DataBase.o
                0x2000b26c                SearchDataBase_byTimeRange
 .text.SearchDataBase_forImageFileType_byTimeRange
                0x2000b3b4      0x11c ./src/sub-systemCode/payload/DataBase/DataBase.o
                0x2000b3b4                SearchDataBase_forImageFileType_byTimeRange
 .text.checkForFileType
                0x2000b4d0       0x74 ./src/sub-systemCode/payload/DataBase/DataBase.o
                0x2000b4d0                checkForFileType
 .text.updateFileTypes
                0x2000b544       0xbc ./src/sub-systemCode/payload/DataBase/DataBase.o
                0x2000b544                updateFileTypes
 .text.GetImageFactor
                0x2000b600       0x58 ./src/sub-systemCode/payload/DataBase/DataBase.o
                0x2000b600                GetImageFactor
 .text.readImageFromBuffer
                0x2000b658      0x12c ./src/sub-systemCode/payload/DataBase/DataBase.o
                0x2000b658                readImageFromBuffer
 .text.saveImageToBuffer
                0x2000b784      0x12c ./src/sub-systemCode/payload/DataBase/DataBase.o
                0x2000b784                saveImageToBuffer
 .text.getLatestID
                0x2000b8b0       0x48 ./src/sub-systemCode/payload/DataBase/DataBase.o
                0x2000b8b0                getLatestID
 .text.getDataBaseStart
                0x2000b8f8       0x20 ./src/sub-systemCode/payload/DataBase/DataBase.o
                0x2000b8f8                getDataBaseStart
 .text.getDataBaseEnd
                0x2000b918       0x20 ./src/sub-systemCode/payload/DataBase/DataBase.o
                0x2000b918                getDataBaseEnd
 .text.setDataBaseValues
                0x2000b938      0x208 ./src/sub-systemCode/payload/DataBase/DataBase.o
                0x2000b938                setDataBaseValues
 .text.initImageDataBase
                0x2000bb40      0x20c ./src/sub-systemCode/payload/DataBase/DataBase.o
                0x2000bb40                initImageDataBase
 .text.resetImageDataBase
                0x2000bd4c       0x98 ./src/sub-systemCode/payload/DataBase/DataBase.o
                0x2000bd4c                resetImageDataBase
 .text.setCameraPhotographyValues
                0x2000bde4      0x130 ./src/sub-systemCode/payload/DataBase/DataBase.o
                0x2000bde4                setCameraPhotographyValues
 .text.transferImageToSD_withoutSearch
                0x2000bf14      0x17c ./src/sub-systemCode/payload/DataBase/DataBase.o
                0x2000bf14                transferImageToSD_withoutSearch
 .text.transferImageToSD
                0x2000c090       0xac ./src/sub-systemCode/payload/DataBase/DataBase.o
                0x2000c090                transferImageToSD
 .text.DeleteImageFromOBC_withoutSearch
                0x2000c13c       0xf0 ./src/sub-systemCode/payload/DataBase/DataBase.o
                0x2000c13c                DeleteImageFromOBC_withoutSearch
 .text.DeleteImageFromOBC
                0x2000c22c       0xb8 ./src/sub-systemCode/payload/DataBase/DataBase.o
                0x2000c22c                DeleteImageFromOBC
 .text.DeleteImageFromPayload
                0x2000c2e4      0x270 ./src/sub-systemCode/payload/DataBase/DataBase.o
                0x2000c2e4                DeleteImageFromPayload
 .text.clearImageDataBase
                0x2000c554      0x13c ./src/sub-systemCode/payload/DataBase/DataBase.o
                0x2000c554                clearImageDataBase
 .text.handleMarkedPictures
                0x2000c690      0x21c ./src/sub-systemCode/payload/DataBase/DataBase.o
                0x2000c690                handleMarkedPictures
 .text.writeNewImageMetaDataToFRAM
                0x2000c8ac      0x21c ./src/sub-systemCode/payload/DataBase/DataBase.o
                0x2000c8ac                writeNewImageMetaDataToFRAM
 .text.takePicture
                0x2000cac8      0x344 ./src/sub-systemCode/payload/DataBase/DataBase.o
                0x2000cac8                takePicture
 .text.takePicture_withSpecialParameters
                0x2000ce0c       0xc4 ./src/sub-systemCode/payload/DataBase/DataBase.o
                0x2000ce0c                takePicture_withSpecialParameters
 .text.GetImageFileName_withSpecialParameters
                0x2000ced0       0x98 ./src/sub-systemCode/payload/DataBase/DataBase.o
                0x2000ced0                GetImageFileName_withSpecialParameters
 .text.GetImageFileName
                0x2000cf68       0x98 ./src/sub-systemCode/payload/DataBase/DataBase.o
                0x2000cf68                GetImageFileName
 .text.getDataBaseSize
                0x2000d000       0x20 ./src/sub-systemCode/payload/DataBase/DataBase.o
                0x2000d000                getDataBaseSize
 .text.getImageDataBaseBuffer
                0x2000d020      0x240 ./src/sub-systemCode/payload/DataBase/DataBase.o
                0x2000d020                getImageDataBaseBuffer
 .text.setAutoThumbnailCreation
                0x2000d260       0x30 ./src/sub-systemCode/payload/DataBase/DataBase.o
                0x2000d260                setAutoThumbnailCreation
 .text.Gecko_TroubleShooter
                0x2000d290       0xd8 ./src/sub-systemCode/payload/DataBase/DataBase.o
                0x2000d290                Gecko_TroubleShooter
 .text.TransformRawToBMP
                0x2000d368      0x1e0 ./src/sub-systemCode/payload/Compression/jpeg/bmp/rawToBMP.o
                0x2000d368                TransformRawToBMP
 .text.interpolate
                0x2000d548      0x8d0 ./src/sub-systemCode/payload/Compression/jpeg/bmp/rawToBMP.o
                0x2000d548                interpolate
 .text.getInputAt
                0x2000de18      0x308 ./src/sub-systemCode/payload/Compression/jpeg/bmp/rawToBMP.o
                0x2000de18                getInputAt
 .text.f_writeF_FILEHeader
                0x2000e120      0x2f0 ./src/sub-systemCode/payload/Compression/jpeg/bmp/rawToBMP.o
                0x2000e120                f_writeF_FILEHeader
 .text.f_writeOutputRow
                0x2000e410       0xbc ./src/sub-systemCode/payload/Compression/jpeg/bmp/rawToBMP.o
                0x2000e410                f_writeOutputRow
 .text.dct      0x2000e4cc      0x9c4 ./src/sub-systemCode/payload/Compression/jpeg/DCT.o
                0x2000e4cc                dct
 .text.JPEG_compressor
                0x2000ee90       0xfc ./src/sub-systemCode/payload/Compression/jpeg/ImgCompressor.o
                0x2000ee90                JPEG_compressor
 .text.Create_BMP_File
                0x2000ef8c       0xf4 ./src/sub-systemCode/payload/Compression/jpeg/ImgCompressor.o
                0x2000ef8c                Create_BMP_File
 .text.CompressImage
                0x2000f080      0x1cc ./src/sub-systemCode/payload/Compression/jpeg/ImgCompressor.o
                0x2000f080                CompressImage
 .text.clamp    0x2000f24c       0x60 ./src/sub-systemCode/payload/Compression/jpeg/color_conv.o
                0x2000f24c                clamp
 .text.RGB_to_YCC
                0x2000f2ac      0x1a8 ./src/sub-systemCode/payload/Compression/jpeg/color_conv.o
                0x2000f2ac                RGB_to_YCC
 .text.RGB_to_Y
                0x2000f454       0xc4 ./src/sub-systemCode/payload/Compression/jpeg/color_conv.o
                0x2000f454                RGB_to_Y
 .text.Y_to_YCC
                0x2000f518       0x88 ./src/sub-systemCode/payload/Compression/jpeg/color_conv.o
                0x2000f518                Y_to_YCC
 .text.compress_image_to_jpeg_file
                0x2000f5a0      0x1ac ./src/sub-systemCode/payload/Compression/jpeg/jpeg.o
                0x2000f5a0                compress_image_to_jpeg_file
 .text.emit_marker
                0x2000f74c       0xc8 ./src/sub-systemCode/payload/Compression/jpeg/jpeg_encoder.o
                0x2000f74c                emit_marker
 .text.emit_byte
                0x2000f814       0x6c ./src/sub-systemCode/payload/Compression/jpeg/jpeg_encoder.o
                0x2000f814                emit_byte
 .text.emit_word
                0x2000f880       0xd0 ./src/sub-systemCode/payload/Compression/jpeg/jpeg_encoder.o
                0x2000f880                emit_word
 .text.emit_jfif_app0
                0x2000f950       0xc0 ./src/sub-systemCode/payload/Compression/jpeg/jpeg_encoder.o
                0x2000f950                emit_jfif_app0
 .text.emit_dqt
                0x2000fa10       0xd8 ./src/sub-systemCode/payload/Compression/jpeg/jpeg_encoder.o
                0x2000fa10                emit_dqt
 .text.emit_sof
                0x2000fae8      0x14c ./src/sub-systemCode/payload/Compression/jpeg/jpeg_encoder.o
                0x2000fae8                emit_sof
 .text.emit_dht
                0x2000fc34      0x138 ./src/sub-systemCode/payload/Compression/jpeg/jpeg_encoder.o
                0x2000fc34                emit_dht
 .text.emit_dhts
                0x2000fd6c       0xd8 ./src/sub-systemCode/payload/Compression/jpeg/jpeg_encoder.o
                0x2000fd6c                emit_dhts
 .text.emit_sos
                0x2000fe44       0xec ./src/sub-systemCode/payload/Compression/jpeg/jpeg_encoder.o
                0x2000fe44                emit_sos
 .text.emit_markers
                0x2000ff30       0x4c ./src/sub-systemCode/payload/Compression/jpeg/jpeg_encoder.o
                0x2000ff30                emit_markers
 .text.compute_huffman_table
                0x2000ff7c      0x334 ./src/sub-systemCode/payload/Compression/jpeg/jpeg_encoder.o
                0x2000ff7c                compute_huffman_table
 .text.compute_quant_table
                0x200102b0      0x11c ./src/sub-systemCode/payload/Compression/jpeg/jpeg_encoder.o
                0x200102b0                compute_quant_table
 .text.first_pass_init
                0x200103cc       0x54 ./src/sub-systemCode/payload/Compression/jpeg/jpeg_encoder.o
                0x200103cc                first_pass_init
 .text.second_pass_init
                0x20010420      0x110 ./src/sub-systemCode/payload/Compression/jpeg/jpeg_encoder.o
                0x20010420                second_pass_init
 .text.jpg_open
                0x20010530      0x7b4 ./src/sub-systemCode/payload/Compression/jpeg/jpeg_encoder.o
                0x20010530                jpg_open
 .text.load_block_8_8_grey
                0x20010ce4      0x164 ./src/sub-systemCode/payload/Compression/jpeg/jpeg_encoder.o
                0x20010ce4                load_block_8_8_grey
 .text.load_block_8_8
                0x20010e48      0x198 ./src/sub-systemCode/payload/Compression/jpeg/jpeg_encoder.o
                0x20010e48                load_block_8_8
 .text.load_block_16_8
                0x20010fe0      0x3cc ./src/sub-systemCode/payload/Compression/jpeg/jpeg_encoder.o
                0x20010fe0                load_block_16_8
 .text.load_block_16_8_8
                0x200113ac      0x2a8 ./src/sub-systemCode/payload/Compression/jpeg/jpeg_encoder.o
                0x200113ac                load_block_16_8_8
 .text.load_coefficients
                0x20011654      0x1c8 ./src/sub-systemCode/payload/Compression/jpeg/jpeg_encoder.o
                0x20011654                load_coefficients
 .text.flush_output_buffer
                0x2001181c       0xa0 ./src/sub-systemCode/payload/Compression/jpeg/jpeg_encoder.o
                0x2001181c                flush_output_buffer
 .text.put_bits
                0x200118bc      0x170 ./src/sub-systemCode/payload/Compression/jpeg/jpeg_encoder.o
                0x200118bc                put_bits
 .text.code_coefficients_pass_two
                0x20011a2c      0x338 ./src/sub-systemCode/payload/Compression/jpeg/jpeg_encoder.o
                0x20011a2c                code_coefficients_pass_two
 .text.code_block
                0x20011d64       0x44 ./src/sub-systemCode/payload/Compression/jpeg/jpeg_encoder.o
                0x20011d64                code_block
 .text.process_mcu_row
                0x20011da8      0x328 ./src/sub-systemCode/payload/Compression/jpeg/jpeg_encoder.o
                0x20011da8                process_mcu_row
 .text.terminate_pass_two
                0x200120d0       0x44 ./src/sub-systemCode/payload/Compression/jpeg/jpeg_encoder.o
                0x200120d0                terminate_pass_two
 .text.process_end_of_image
                0x20012114       0xc0 ./src/sub-systemCode/payload/Compression/jpeg/jpeg_encoder.o
                0x20012114                process_end_of_image
 .text.load_mcu
                0x200121d4      0x29c ./src/sub-systemCode/payload/Compression/jpeg/jpeg_encoder.o
                0x200121d4                load_mcu
 .text.clear    0x20012470      0x1e0 ./src/sub-systemCode/payload/Compression/jpeg/jpeg_encoder.o
                0x20012470                clear
 .text.init     0x20012650       0xe4 ./src/sub-systemCode/payload/Compression/jpeg/jpeg_encoder.o
                0x20012650                init
 .text.deinit   0x20012734      0x160 ./src/sub-systemCode/payload/Compression/jpeg/jpeg_encoder.o
                0x20012734                deinit
 .text.process_scanline
                0x20012894       0x6c ./src/sub-systemCode/payload/Compression/jpeg/jpeg_encoder.o
                0x20012894                process_scanline
 .text.jpge_malloc
                0x20012900       0x28 ./src/sub-systemCode/payload/Compression/jpeg/jpeg_memory_alloc.o
                0x20012900                jpge_malloc
 .text.jpge_cmalloc
                0x20012928       0x48 ./src/sub-systemCode/payload/Compression/jpeg/jpeg_memory_alloc.o
                0x20012928                jpge_cmalloc
 .text.jpge_free
                0x20012970       0x24 ./src/sub-systemCode/payload/Compression/jpeg/jpeg_memory_alloc.o
                0x20012970                jpge_free
 .text.check    0x20012994       0x78 ./src/sub-systemCode/payload/Compression/jpeg/jpeg_params.o
                0x20012994                check
 .text.open_jpeg_file
                0x20012a0c       0xfc ./src/sub-systemCode/payload/Compression/jpeg/output_stream.o
                0x20012a0c                open_jpeg_file
 .text.close_jpeg_file
                0x20012b08      0x118 ./src/sub-systemCode/payload/Compression/jpeg/output_stream.o
                0x20012b08                close_jpeg_file
 .text.put_buf  0x20012c20      0x258 ./src/sub-systemCode/payload/Compression/jpeg/output_stream.o
                0x20012c20                put_buf
 .text.GetBayerPixel
                0x20012e78       0xe8 ./src/sub-systemCode/payload/Compression/ImageConversion.o
 .text.BinImage
                0x20012f60      0x2c8 ./src/sub-systemCode/payload/Compression/ImageConversion.o
                0x20012f60                BinImage
 .text.ImageSkipping
                0x20013228      0x2ac ./src/sub-systemCode/payload/Compression/ImageConversion.o
                0x20013228                ImageSkipping
 .text.CreateImageThumbnail_withoutSearch
                0x200134d4      0x14c ./src/sub-systemCode/payload/Compression/ImageConversion.o
                0x200134d4                CreateImageThumbnail_withoutSearch
 .text.CreateImageThumbnail
                0x20013620       0x98 ./src/sub-systemCode/payload/Compression/ImageConversion.o
                0x20013620                CreateImageThumbnail
 .text.compressImage
                0x200136b8      0x17c ./src/sub-systemCode/payload/Compression/ImageConversion.o
                0x200136b8                compressImage
 .text.AdcsCmdQueueInit
                0x20013834       0x4c ./src/sub-systemCode/Main/CMD/ADCS_CMD.o
                0x20013834                AdcsCmdQueueInit
 .text.AdcsCmdQueueGet
                0x20013880       0x8c ./src/sub-systemCode/Main/CMD/ADCS_CMD.o
                0x20013880                AdcsCmdQueueGet
 .text.AdcsCmdQueueAdd
                0x2001390c       0x74 ./src/sub-systemCode/Main/CMD/ADCS_CMD.o
                0x2001390c                AdcsCmdQueueAdd
 .text.AdcsCmdQueueIsEmpty
                0x20013980       0x3c ./src/sub-systemCode/Main/CMD/ADCS_CMD.o
                0x20013980                AdcsCmdQueueIsEmpty
 .text.getAdcsQueueWaitPointer
                0x200139bc       0x20 ./src/sub-systemCode/Main/CMD/ADCS_CMD.o
                0x200139bc                getAdcsQueueWaitPointer
 .text.cmd_mute
                0x200139dc       0xf4 ./src/sub-systemCode/Main/CMD/COMM_CMD.o
                0x200139dc                cmd_mute
 .text.cmd_unmute
                0x20013ad0       0x90 ./src/sub-systemCode/Main/CMD/COMM_CMD.o
                0x20013ad0                cmd_unmute
 .text.cmd_active_trans
                0x20013b60       0xc0 ./src/sub-systemCode/Main/CMD/COMM_CMD.o
                0x20013b60                cmd_active_trans
 .text.cmd_shut_trans
                0x20013c20       0x8c ./src/sub-systemCode/Main/CMD/COMM_CMD.o
                0x20013c20                cmd_shut_trans
 .text.cmd_change_trans_rssi
                0x20013cac      0x140 ./src/sub-systemCode/Main/CMD/COMM_CMD.o
                0x20013cac                cmd_change_trans_rssi
 .text.cmd_aprs_dump
                0x20013dec       0x38 ./src/sub-systemCode/Main/CMD/COMM_CMD.o
                0x20013dec                cmd_aprs_dump
 .text.cmd_stop_dump
                0x20013e24       0x8c ./src/sub-systemCode/Main/CMD/COMM_CMD.o
                0x20013e24                cmd_stop_dump
 .text.cmd_time_frequency
                0x20013eb0       0xf8 ./src/sub-systemCode/Main/CMD/COMM_CMD.o
                0x20013eb0                cmd_time_frequency
 .text.cmd_change_def_bit_rate
                0x20013fa8      0x1a8 ./src/sub-systemCode/Main/CMD/COMM_CMD.o
                0x20013fa8                cmd_change_def_bit_rate
 .text.cmd_upload_volt_logic
                0x20014150      0x370 ./src/sub-systemCode/Main/CMD/EPS_CMD.o
                0x20014150                cmd_upload_volt_logic
 .text.cmd_upload_volt_COMM
                0x200144c0      0x1d4 ./src/sub-systemCode/Main/CMD/EPS_CMD.o
                0x200144c0                cmd_upload_volt_COMM
 .text.cmd_heater_temp
                0x20014694       0xe4 ./src/sub-systemCode/Main/CMD/EPS_CMD.o
                0x20014694                cmd_heater_temp
 .text.cmd_SHUT_CAM
                0x20014778       0x78 ./src/sub-systemCode/Main/CMD/EPS_CMD.o
                0x20014778                cmd_SHUT_CAM
 .text.cmd_SHUT_ADCS
                0x200147f0       0x78 ./src/sub-systemCode/Main/CMD/EPS_CMD.o
                0x200147f0                cmd_SHUT_ADCS
 .text.cmd_allow_CAM
                0x20014868       0x78 ./src/sub-systemCode/Main/CMD/EPS_CMD.o
                0x20014868                cmd_allow_CAM
 .text.cmd_allow_ADCS
                0x200148e0       0x78 ./src/sub-systemCode/Main/CMD/EPS_CMD.o
                0x200148e0                cmd_allow_ADCS
 .text.cmd_update_alpha
                0x20014958      0x120 ./src/sub-systemCode/Main/CMD/EPS_CMD.o
                0x20014958                cmd_update_alpha
 .text.cmd_generic_I2C
                0x20014a78       0xe4 ./src/sub-systemCode/Main/CMD/General_CMD.o
                0x20014a78                cmd_generic_I2C
 .text.cmd_dump
                0x20014b5c       0xf0 ./src/sub-systemCode/Main/CMD/General_CMD.o
                0x20014b5c                cmd_dump
 .text.cmd_delete_TM
                0x20014c4c      0x24c ./src/sub-systemCode/Main/CMD/General_CMD.o
                0x20014c4c                cmd_delete_TM
 .text.cmd_reset_file
                0x20014e98      0x130 ./src/sub-systemCode/Main/CMD/General_CMD.o
                0x20014e98                cmd_reset_file
 .text.cmd_dummy_func
                0x20014fc8       0x40 ./src/sub-systemCode/Main/CMD/General_CMD.o
                0x20014fc8                cmd_dummy_func
 .text.cmd_reset_TLM_SD
                0x20015008       0x54 ./src/sub-systemCode/Main/CMD/General_CMD.o
                0x20015008                cmd_reset_TLM_SD
 .text.cmd_stop_TM
                0x2001505c       0x7c ./src/sub-systemCode/Main/CMD/General_CMD.o
                0x2001505c                cmd_stop_TM
 .text.cmd_resume_TM
                0x200150d8       0x7c ./src/sub-systemCode/Main/CMD/General_CMD.o
                0x200150d8                cmd_resume_TM
 .text.cmd_soft_reset_cmponent
                0x20015154       0xd0 ./src/sub-systemCode/Main/CMD/General_CMD.o
                0x20015154                cmd_soft_reset_cmponent
 .text.cmd_hard_reset_cmponent
                0x20015224       0xd0 ./src/sub-systemCode/Main/CMD/General_CMD.o
                0x20015224                cmd_hard_reset_cmponent
 .text.cmd_reset_satellite
                0x200152f4       0x90 ./src/sub-systemCode/Main/CMD/General_CMD.o
                0x200152f4                cmd_reset_satellite
 .text.cmd_gracefull_reset_satellite
                0x20015384       0x90 ./src/sub-systemCode/Main/CMD/General_CMD.o
                0x20015384                cmd_gracefull_reset_satellite
 .text.cmd_upload_time
                0x20015414       0xdc ./src/sub-systemCode/Main/CMD/General_CMD.o
                0x20015414                cmd_upload_time
 .text.cmd_ARM_DIARM
                0x200154f0      0x104 ./src/sub-systemCode/Main/CMD/General_CMD.o
                0x200154f0                cmd_ARM_DIARM
 .text.cmd_get_onlineTM
                0x200155f4      0x220 ./src/sub-systemCode/Main/CMD/General_CMD.o
                0x200155f4                cmd_get_onlineTM
 .text.cmd_reset_off_line
                0x20015814       0x74 ./src/sub-systemCode/Main/CMD/General_CMD.o
                0x20015814                cmd_reset_off_line
 .text.cmd_add_item_off_line
                0x20015888      0x124 ./src/sub-systemCode/Main/CMD/General_CMD.o
                0x20015888                cmd_add_item_off_line
 .text.cmd_delete_item_off_line
                0x200159ac       0xb0 ./src/sub-systemCode/Main/CMD/General_CMD.o
                0x200159ac                cmd_delete_item_off_line
 .text.cmd_get_off_line_setting
                0x20015a5c      0x1cc ./src/sub-systemCode/Main/CMD/General_CMD.o
                0x20015a5c                cmd_get_off_line_setting
 .text.cmd_reset_delayed_command_list
                0x20015c28       0x3c ./src/sub-systemCode/Main/CMD/SW_CMD.o
                0x20015c28                cmd_reset_delayed_command_list
 .text.cmd_reset_APRS_list
                0x20015c64       0x3c ./src/sub-systemCode/Main/CMD/SW_CMD.o
                0x20015c64                cmd_reset_APRS_list
 .text.cmd_reset_FRAM
                0x20015ca0      0x100 ./src/sub-systemCode/Main/CMD/SW_CMD.o
                0x20015ca0                cmd_reset_FRAM
 .text.cmd_FRAM_read
                0x20015da0      0x260 ./src/sub-systemCode/Main/CMD/SW_CMD.o
                0x20015da0                cmd_FRAM_read
 .text.cmd_FRAM_write
                0x20016000      0x114 ./src/sub-systemCode/Main/CMD/SW_CMD.o
                0x20016000                cmd_FRAM_write
 .text.ARM_ants
                0x20016114       0xb8 ./src/sub-systemCode/Main/Ants.o
                0x20016114                ARM_ants
 .text.DISARM_ants
                0x200161cc       0xf0 ./src/sub-systemCode/Main/Ants.o
                0x200161cc                DISARM_ants
 .text.reset_deployStatusFRAM
                0x200162bc       0xdc ./src/sub-systemCode/Main/Ants.o
                0x200162bc                reset_deployStatusFRAM
 .text.reset_FRAM_ants
                0x20016398       0xc4 ./src/sub-systemCode/Main/Ants.o
                0x20016398                reset_FRAM_ants
 .text.update_stopDeploy_FRAM
                0x2001645c       0x64 ./src/sub-systemCode/Main/Ants.o
                0x2001645c                update_stopDeploy_FRAM
 .text.round_vol
                0x200164c0      0x124 ./src/sub-systemCode/Main/EPS.o
                0x200164c0                round_vol
 .text.get_shut_ADCS
                0x200165e4       0x64 ./src/sub-systemCode/Main/EPS.o
                0x200165e4                get_shut_ADCS
 .text.shut_ADCS
                0x20016648       0x60 ./src/sub-systemCode/Main/EPS.o
                0x20016648                shut_ADCS
 .text.get_shut_CAM
                0x200166a8       0x64 ./src/sub-systemCode/Main/EPS.o
                0x200166a8                get_shut_CAM
 .text.shut_CAM
                0x2001670c       0x60 ./src/sub-systemCode/Main/EPS.o
                0x2001670c                shut_CAM
 .text.update_powerLines
                0x2001676c      0x124 ./src/sub-systemCode/Main/EPS.o
                0x2001676c                update_powerLines
 .text.get_EPS_mode_t
                0x20016890       0x24 ./src/sub-systemCode/Main/EPS.o
                0x20016890                get_EPS_mode_t
 .text.init_enterMode
                0x200168b4       0x88 ./src/sub-systemCode/Main/EPS.o
                0x200168b4                init_enterMode
 .text.EPS_Init
                0x2001693c      0x1c8 ./src/sub-systemCode/Main/EPS.o
                0x2001693c                EPS_Init
 .text.reset_FRAM_EPS
                0x20016b04      0x150 ./src/sub-systemCode/Main/EPS.o
                0x20016b04                reset_FRAM_EPS
 .text.reset_EPS_voltages
                0x20016c54      0x110 ./src/sub-systemCode/Main/EPS.o
                0x20016c54                reset_EPS_voltages
 .text.writeState_log
                0x20016d64       0xc4 ./src/sub-systemCode/Main/EPS.o
                0x20016d64                writeState_log
 .text.battery_downward
                0x20016e28      0x160 ./src/sub-systemCode/Main/EPS.o
                0x20016e28                battery_downward
 .text.battery_upward
                0x20016f88      0x16c ./src/sub-systemCode/Main/EPS.o
                0x20016f88                battery_upward
 .text.sanityCheck_EPS
                0x200170f4      0x184 ./src/sub-systemCode/Main/EPS.o
                0x200170f4                sanityCheck_EPS
 .text.overRide_ADCS
                0x20017278       0x50 ./src/sub-systemCode/Main/EPS.o
                0x20017278                overRide_ADCS
 .text.overRide_Camera
                0x200172c8       0x38 ./src/sub-systemCode/Main/EPS.o
                0x200172c8                overRide_Camera
 .text.EPS_Conditioning
                0x20017300      0x2a4 ./src/sub-systemCode/Main/EPS.o
                0x20017300                EPS_Conditioning
 .text.EnterFullMode
                0x200175a4       0xf0 ./src/sub-systemCode/Main/EPS.o
                0x200175a4                EnterFullMode
 .text.EnterCruiseMode
                0x20017694       0xe0 ./src/sub-systemCode/Main/EPS.o
                0x20017694                EnterCruiseMode
 .text.EnterSafeMode
                0x20017774       0xe0 ./src/sub-systemCode/Main/EPS.o
                0x20017774                EnterSafeMode
 .text.EnterCriticalMode
                0x20017854       0xcc ./src/sub-systemCode/Main/EPS.o
                0x20017854                EnterCriticalMode
 .text.check_EPSTableCorrection
                0x20017920      0x120 ./src/sub-systemCode/Main/EPS.o
                0x20017920                check_EPSTableCorrection
 .text.save_ACK
                0x20017a40       0xd4 ./src/sub-systemCode/Main/HouseKeeping.o
                0x20017a40                save_ACK
 .text.set_GP_EPS
                0x20017b14      0x10c ./src/sub-systemCode/Main/HouseKeeping.o
                0x20017b14                set_GP_EPS
 .text.set_GP_COMM
                0x20017c20       0x88 ./src/sub-systemCode/Main/HouseKeeping.o
                0x20017c20                set_GP_COMM
 .text.SP_HK_collect
                0x20017ca8      0x22c ./src/sub-systemCode/Main/HouseKeeping.o
                0x20017ca8                SP_HK_collect
 .text.EPS_HK_collect
                0x20017ed4      0x528 ./src/sub-systemCode/Main/HouseKeeping.o
                0x20017ed4                EPS_HK_collect
 .text.CAM_HK_collect
                0x200183fc      0x920 ./src/sub-systemCode/Main/HouseKeeping.o
                0x200183fc                CAM_HK_collect
 .text.COMM_HK_collect
                0x20018d1c      0x244 ./src/sub-systemCode/Main/HouseKeeping.o
                0x20018d1c                COMM_HK_collect
 .text.HK_find_ADCSTM_fileName
                0x20018f60      0x44c ./src/sub-systemCode/Main/HouseKeeping.o
                0x20018f60                HK_find_ADCSTM_fileName
 .text.HK_find_fileName
                0x200193ac      0x174 ./src/sub-systemCode/Main/HouseKeeping.o
                0x200193ac                HK_find_fileName
 .text.HK_find_ADCSTM_ElementSize
                0x20019520      0x1b8 ./src/sub-systemCode/Main/HouseKeeping.o
                0x20019520                HK_find_ADCSTM_ElementSize
 .text.HK_findElementSize
                0x200196d8       0xd4 ./src/sub-systemCode/Main/HouseKeeping.o
                0x200196d8                HK_findElementSize
 .text.build_HK_spl_packet
                0x200197ac      0x27c ./src/sub-systemCode/Main/HouseKeeping.o
                0x200197ac                build_HK_spl_packet
 .text.numberOfRestarts
                0x20019a28       0x94 ./src/sub-systemCode/Main/Main_Init.o
                0x20019a28                numberOfRestarts
 .text.StartFRAM
                0x20019abc       0x38 ./src/sub-systemCode/Main/Main_Init.o
                0x20019abc                StartFRAM
 .text.StartI2C
                0x20019af4       0x44 ./src/sub-systemCode/Main/Main_Init.o
                0x20019af4                StartI2C
 .text.StartSPI
                0x20019b38       0x40 ./src/sub-systemCode/Main/Main_Init.o
                0x20019b38                StartSPI
 .text.StartTIME
                0x20019b78      0x120 ./src/sub-systemCode/Main/Main_Init.o
                0x20019b78                StartTIME
 .text.first_activation
                0x20019c98       0x7c ./src/sub-systemCode/Main/Main_Init.o
                0x20019c98                first_activation
 .text.InitSubsystems
                0x20019d14       0x6c ./src/sub-systemCode/Main/Main_Init.o
                0x20019d14                InitSubsystems
 .text.SubSystemTaskStart
                0x20019d80      0x13c ./src/sub-systemCode/Main/Main_Init.o
                0x20019d80                SubSystemTaskStart
 .text.copy_command
                0x20019ebc       0x80 ./src/sub-systemCode/Main/commands.o
                0x20019ebc                copy_command
 .text.reset_command
                0x20019f3c       0x28 ./src/sub-systemCode/Main/commands.o
                0x20019f3c                reset_command
 .text.init_command
                0x20019f64       0xf4 ./src/sub-systemCode/Main/commands.o
                0x20019f64                init_command
 .text.add_command
                0x2001a058      0x12c ./src/sub-systemCode/Main/commands.o
                0x2001a058                add_command
 .text.get_command
                0x2001a184      0x1c0 ./src/sub-systemCode/Main/commands.o
                0x2001a184                get_command
 .text.act_upon_command
                0x2001a344      0x1e4 ./src/sub-systemCode/Main/commands.o
                0x2001a344                act_upon_command
 .text.cmd_error
                0x2001a528       0x38 ./src/sub-systemCode/Main/commands.o
                0x2001a528                cmd_error
 .text.AUC_COMM
                0x2001a560      0x25c ./src/sub-systemCode/Main/commands.o
                0x2001a560                AUC_COMM
 .text.AUC_general
                0x2001a7bc      0x364 ./src/sub-systemCode/Main/commands.o
                0x2001a7bc                AUC_general
 .text.AUC_payload
                0x2001ab20      0x248 ./src/sub-systemCode/Main/commands.o
                0x2001ab20                AUC_payload
 .text.AUC_EPS  0x2001ad68      0x28c ./src/sub-systemCode/Main/commands.o
                0x2001ad68                AUC_EPS
 .text.AUC_SW   0x2001aff4      0x1cc ./src/sub-systemCode/Main/commands.o
                0x2001aff4                AUC_SW
 .text.AUC_onlineTM
                0x2001b1c0      0x1f0 ./src/sub-systemCode/Main/commands.o
                0x2001b1c0                AUC_onlineTM
 .text.AUC_CUF  0x2001b3b0      0x168 ./src/sub-systemCode/Main/commands.o
                0x2001b3b0                AUC_CUF
 .text.init_GenericSaveQueue
                0x2001b518       0x3c ./src/sub-systemCode/Global/GenericTaskSave.o
                0x2001b518                init_GenericSaveQueue
 .text.add_GenericElement_queue
                0x2001b554       0x80 ./src/sub-systemCode/Global/GenericTaskSave.o
                0x2001b554                add_GenericElement_queue
 .text.GenericSave_Task
                0x2001b5d4      0x128 ./src/sub-systemCode/Global/GenericTaskSave.o
                0x2001b5d4                GenericSave_Task
 .text.check_int
                0x2001b6fc       0x20 ./src/sub-systemCode/Global/Global.o
                0x2001b6fc                check_int
 .text.check_portBASE_TYPE
                0x2001b71c       0x20 ./src/sub-systemCode/Global/Global.o
                0x2001b71c                check_portBASE_TYPE
 .text.soft_reset_subsystem
                0x2001b73c       0xf0 ./src/sub-systemCode/Global/Global.o
                0x2001b73c                soft_reset_subsystem
 .text.hard_reset_subsystem
                0x2001b82c      0x134 ./src/sub-systemCode/Global/Global.o
                0x2001b82c                hard_reset_subsystem
 .text.BigEnE_raw_to_uInt
                0x2001b960       0x94 ./src/sub-systemCode/Global/Global.o
                0x2001b960                BigEnE_raw_to_uInt
 .text.BigEnE_raw_to_uShort
                0x2001b9f4       0x50 ./src/sub-systemCode/Global/Global.o
                0x2001b9f4                BigEnE_raw_to_uShort
 .text.BigEnE_uInt_to_raw
                0x2001ba44       0x78 ./src/sub-systemCode/Global/Global.o
                0x2001ba44                BigEnE_uInt_to_raw
 .text.reset_FRAM_MAIN
                0x2001babc      0x1cc ./src/sub-systemCode/Global/Global.o
                0x2001babc                reset_FRAM_MAIN
 .text.getBitValueByIndex
                0x2001bc88       0xd0 ./src/sub-systemCode/Global/Global.o
                0x2001bc88                getBitValueByIndex
 .text.FRAM_write_exte
                0x2001bd58       0x84 ./src/sub-systemCode/Global/Global.o
                0x2001bd58                FRAM_write_exte
 .text.FRAM_read_exte
                0x2001bddc       0x84 ./src/sub-systemCode/Global/Global.o
                0x2001bddc                FRAM_read_exte
 .text.FRAM_writeAndVerify_exte
                0x2001be60       0x84 ./src/sub-systemCode/Global/Global.o
                0x2001be60                FRAM_writeAndVerify_exte
 .text.init_GP  0x2001bee4      0x368 ./src/sub-systemCode/Global/GlobalParam.o
                0x2001bee4                init_GP
 .text.get_system_state
                0x2001c24c      0x268 ./src/sub-systemCode/Global/GlobalParam.o
                0x2001c24c                get_system_state
 .text.set_system_state
                0x2001c4b4      0x298 ./src/sub-systemCode/Global/GlobalParam.o
                0x2001c4b4                set_system_state
 .text.get_systems_state_param
                0x2001c74c       0x8c ./src/sub-systemCode/Global/GlobalParam.o
                0x2001c74c                get_systems_state_param
 .text.get_current_global_param
                0x2001c7d8      0x55c ./src/sub-systemCode/Global/GlobalParam.o
                0x2001c7d8                get_current_global_param
 .text.set_Vbatt
                0x2001cd34       0x8c ./src/sub-systemCode/Global/GlobalParam.o
                0x2001cd34                set_Vbatt
 .text.get_Vbatt
                0x2001cdc0       0x8c ./src/sub-systemCode/Global/GlobalParam.o
                0x2001cdc0                get_Vbatt
 .text.set_curBat
                0x2001ce4c       0x8c ./src/sub-systemCode/Global/GlobalParam.o
                0x2001ce4c                set_curBat
 .text.set_cur3V3
                0x2001ced8       0x8c ./src/sub-systemCode/Global/GlobalParam.o
                0x2001ced8                set_cur3V3
 .text.set_cur5V
                0x2001cf64       0x8c ./src/sub-systemCode/Global/GlobalParam.o
                0x2001cf64                set_cur5V
 .text.set_tempComm_LO
                0x2001cff0       0x8c ./src/sub-systemCode/Global/GlobalParam.o
                0x2001cff0                set_tempComm_LO
 .text.set_tempComm_PA
                0x2001d07c       0x8c ./src/sub-systemCode/Global/GlobalParam.o
                0x2001d07c                set_tempComm_PA
 .text.set_tempEPS
                0x2001d108       0xc8 ./src/sub-systemCode/Global/GlobalParam.o
                0x2001d108                set_tempEPS
 .text.set_tempBatt
                0x2001d1d0       0xc8 ./src/sub-systemCode/Global/GlobalParam.o
                0x2001d1d0                set_tempBatt
 .text.set_RxDoppler
                0x2001d298       0x8c ./src/sub-systemCode/Global/GlobalParam.o
                0x2001d298                set_RxDoppler
 .text.set_RxRSSI
                0x2001d324       0x8c ./src/sub-systemCode/Global/GlobalParam.o
                0x2001d324                set_RxRSSI
 .text.set_TxRefl
                0x2001d3b0       0x8c ./src/sub-systemCode/Global/GlobalParam.o
                0x2001d3b0                set_TxRefl
 .text.set_TxForw
                0x2001d43c       0x8c ./src/sub-systemCode/Global/GlobalParam.o
                0x2001d43c                set_TxForw
 .text.set_EPSState
                0x2001d4c8       0x8c ./src/sub-systemCode/Global/GlobalParam.o
                0x2001d4c8                set_EPSState
 .text.set_numOfDelayedCommand
                0x2001d554       0x8c ./src/sub-systemCode/Global/GlobalParam.o
                0x2001d554                set_numOfDelayedCommand
 .text.set_numOfResets
                0x2001d5e0       0xac ./src/sub-systemCode/Global/GlobalParam.o
                0x2001d5e0                set_numOfResets
 .text.set_ground_conn
                0x2001d68c       0xa0 ./src/sub-systemCode/Global/GlobalParam.o
                0x2001d68c                set_ground_conn
 .text.get_ground_conn
                0x2001d72c       0xa0 ./src/sub-systemCode/Global/GlobalParam.o
                0x2001d72c                get_ground_conn
 .text.IsisAntS_getStatusData_sideA
                0x2001d7cc       0x3c ./src/sub-systemCode/Global/OnlineTM.o
                0x2001d7cc                IsisAntS_getStatusData_sideA
 .text.IsisAntS_getAlltelemetry_sideA
                0x2001d808       0x3c ./src/sub-systemCode/Global/OnlineTM.o
                0x2001d808                IsisAntS_getAlltelemetry_sideA
 .text.IsisAntS_getTemperature_sideA
                0x2001d844       0x3c ./src/sub-systemCode/Global/OnlineTM.o
                0x2001d844                IsisAntS_getTemperature_sideA
 .text.IsisAntS_getStatusData_sideB
                0x2001d880       0x3c ./src/sub-systemCode/Global/OnlineTM.o
                0x2001d880                IsisAntS_getStatusData_sideB
 .text.IsisAntS_getAlltelemetry_sideB
                0x2001d8bc       0x3c ./src/sub-systemCode/Global/OnlineTM.o
                0x2001d8bc                IsisAntS_getAlltelemetry_sideB
 .text.IsisAntS_getTemperature_sideB
                0x2001d8f8       0x3c ./src/sub-systemCode/Global/OnlineTM.o
                0x2001d8f8                IsisAntS_getTemperature_sideB
 .text.HK_collect_EPS
                0x2001d934       0x30 ./src/sub-systemCode/Global/OnlineTM.o
                0x2001d934                HK_collect_EPS
 .text.HK_collect_COMM
                0x2001d964       0x30 ./src/sub-systemCode/Global/OnlineTM.o
                0x2001d964                HK_collect_COMM
 .text.HK_collect_CAM
                0x2001d994       0x30 ./src/sub-systemCode/Global/OnlineTM.o
                0x2001d994                HK_collect_CAM
 .text.HK_collect_SP
                0x2001d9c4       0x30 ./src/sub-systemCode/Global/OnlineTM.o
                0x2001d9c4                HK_collect_SP
 .text.HK_collect_FS_A
                0x2001d9f4       0x9c ./src/sub-systemCode/Global/OnlineTM.o
                0x2001d9f4                HK_collect_FS_A
 .text.HK_collect_FS_B
                0x2001da90       0x9c ./src/sub-systemCode/Global/OnlineTM.o
                0x2001da90                HK_collect_FS_B
 .text.save_offlineSetting_FRAM
                0x2001db2c      0x26c ./src/sub-systemCode/Global/OnlineTM.o
                0x2001db2c                save_offlineSetting_FRAM
 .text.get_offlineSetting_FRAM
                0x2001dd98       0x58 ./src/sub-systemCode/Global/OnlineTM.o
                0x2001dd98                get_offlineSetting_FRAM
 .text.update_offlineSetting_FRAM
                0x2001ddf0      0x360 ./src/sub-systemCode/Global/OnlineTM.o
                0x2001ddf0                update_offlineSetting_FRAM
 .text.get_offlineSettingPacket
                0x2001e150       0xc4 ./src/sub-systemCode/Global/OnlineTM.o
                0x2001e150                get_offlineSettingPacket
 .text.get_item_by_index
                0x2001e214       0xdc ./src/sub-systemCode/Global/OnlineTM.o
                0x2001e214                get_item_by_index
 .text.get_pointer_item_by_index
                0x2001e2f0       0x48 ./src/sub-systemCode/Global/OnlineTM.o
                0x2001e2f0                get_pointer_item_by_index
 .text.init_onlineParam
                0x2001e338     0x2f70 ./src/sub-systemCode/Global/OnlineTM.o
                0x2001e338                init_onlineParam
 .text.reset_offline_TM_list
                0x200212a8      0x184 ./src/sub-systemCode/Global/OnlineTM.o
                0x200212a8                reset_offline_TM_list
 .text.get_online_packet
                0x2002142c      0x25c ./src/sub-systemCode/Global/OnlineTM.o
                0x2002142c                get_online_packet
 .text.save_onlineTM_param
                0x20021688      0x1b4 ./src/sub-systemCode/Global/OnlineTM.o
                0x20021688                save_onlineTM_param
 .text.add_onlineTM_param_to_save_list
                0x2002183c      0x3e4 ./src/sub-systemCode/Global/OnlineTM.o
                0x2002183c                add_onlineTM_param_to_save_list
 .text.delete_onlineTM_param_from_offline
                0x20021c20      0x1a8 ./src/sub-systemCode/Global/OnlineTM.o
                0x20021c20                delete_onlineTM_param_from_offline
 .text.save_onlineTM_logic
                0x20021dc8      0x2a8 ./src/sub-systemCode/Global/OnlineTM.o
                0x20021dc8                save_onlineTM_logic
 .text.updateSD_state
                0x20022070       0xbc ./src/sub-systemCode/Global/OnlineTM.o
                0x20022070                updateSD_state
 .text.save_onlineTM_task
                0x2002212c       0xe8 ./src/sub-systemCode/Global/OnlineTM.o
                0x2002212c                save_onlineTM_task
 .text.TLMfile  0x20022214       0xd0 ./src/sub-systemCode/Global/TLM_management.o
                0x20022214                TLMfile
 .text.deleteDir
                0x200222e4      0x118 ./src/sub-systemCode/Global/TLM_management.o
                0x200222e4                deleteDir
 .text.getNumOfFilesInFS
                0x200223fc       0x44 ./src/sub-systemCode/Global/TLM_management.o
 .text.setNumOfFilesInFS
                0x20022440       0x50 ./src/sub-systemCode/Global/TLM_management.o
 .text.f_managed_enterFS
                0x20022490       0x18 ./src/sub-systemCode/Global/TLM_management.o
                0x20022490                f_managed_enterFS
 .text.f_managed_releaseFS
                0x200224a8       0x18 ./src/sub-systemCode/Global/TLM_management.o
                0x200224a8                f_managed_releaseFS
 .text.f_managed_open
                0x200224c0      0x114 ./src/sub-systemCode/Global/TLM_management.o
                0x200224c0                f_managed_open
 .text.f_managed_close
                0x200225d4       0x94 ./src/sub-systemCode/Global/TLM_management.o
                0x200225d4                f_managed_close
 .text.createSemahores_FS
                0x20022668       0x48 ./src/sub-systemCode/Global/TLM_management.o
                0x20022668                createSemahores_FS
 .text.InitializeFS
                0x200226b0      0x19c ./src/sub-systemCode/Global/TLM_management.o
                0x200226b0                InitializeFS
 .text.c_fileCreate
                0x2002284c      0x11c ./src/sub-systemCode/Global/TLM_management.o
                0x2002284c                c_fileCreate
 .text.writewithEpochtime
                0x20022968       0xa8 ./src/sub-systemCode/Global/TLM_management.o
 .text.get_C_FILE_struct
                0x20022a10      0x104 ./src/sub-systemCode/Global/TLM_management.o
 .text.getFileIndex
                0x20022b14       0x64 ./src/sub-systemCode/Global/TLM_management.o
 .text.get_file_name_by_index
                0x20022b78       0x54 ./src/sub-systemCode/Global/TLM_management.o
                0x20022b78                get_file_name_by_index
 .text.c_fileReset
                0x20022bcc      0x140 ./src/sub-systemCode/Global/TLM_management.o
                0x20022bcc                c_fileReset
 .text.c_fileWrite
                0x20022d0c      0x174 ./src/sub-systemCode/Global/TLM_management.o
                0x20022d0c                c_fileWrite
 .text.deleteElementsFromFile
                0x20022e80      0x1a0 ./src/sub-systemCode/Global/TLM_management.o
 .text.c_fileDeleteElements
                0x20023020      0x168 ./src/sub-systemCode/Global/TLM_management.o
                0x20023020                c_fileDeleteElements
 .text.c_fileRead
                0x20023188      0x310 ./src/sub-systemCode/Global/TLM_management.o
                0x20023188                c_fileRead
 .text.DeInitializeFS
                0x20023498       0xdc ./src/sub-systemCode/Global/TLM_management.o
                0x20023498                DeInitializeFS
 .text.xSemaphoreGive_extended
                0x20023574       0x48 ./src/sub-systemCode/Global/freertosExtended.o
                0x20023574                xSemaphoreGive_extended
 .text.xSemaphoreTake_extended
                0x200235bc       0x54 ./src/sub-systemCode/Global/freertosExtended.o
                0x200235bc                xSemaphoreTake_extended
 .text.WriteLog
                0x20023610       0xb4 ./src/sub-systemCode/Global/logger.o
 .text.WriteErrorLog
                0x200236c4       0x64 ./src/sub-systemCode/Global/logger.o
                0x200236c4                WriteErrorLog
 .text.WriteResetLog
                0x20023728       0x54 ./src/sub-systemCode/Global/logger.o
                0x20023728                WriteResetLog
 .text.WritePayloadLog
                0x2002377c       0x50 ./src/sub-systemCode/Global/logger.o
                0x2002377c                WritePayloadLog
 .text.WriteEpsLog
                0x200237cc       0x4c ./src/sub-systemCode/Global/logger.o
                0x200237cc                WriteEpsLog
 .text.WriteTransponderLog
                0x20023818       0x50 ./src/sub-systemCode/Global/logger.o
                0x20023818                WriteTransponderLog
 .text.WriteCUFLog
                0x20023868       0x50 ./src/sub-systemCode/Global/logger.o
                0x20023868                WriteCUFLog
 .text.castCharPointerToInt
                0x200238b8       0x84 ./src/sub-systemCode/CUF/CUF.o
                0x200238b8                castCharPointerToInt
 .text.castCharArrayToIntArray
                0x2002393c       0xa4 ./src/sub-systemCode/CUF/CUF.o
                0x2002393c                castCharArrayToIntArray
 .text.SavePerminantCUF
                0x200239e0      0x1b0 ./src/sub-systemCode/CUF/CUF.o
                0x200239e0                SavePerminantCUF
 .text.LoadPerminantCUF
                0x20023b90      0x1ac ./src/sub-systemCode/CUF/CUF.o
                0x20023b90                LoadPerminantCUF
 .text.CheckResetThreashold
                0x20023d3c      0x160 ./src/sub-systemCode/CUF/CUF.o
                0x20023d3c                CheckResetThreashold
 .text.CUFManageRestart
                0x20023e9c      0x1d4 ./src/sub-systemCode/CUF/CUF.o
                0x20023e9c                CUFManageRestart
 .text.InitCUF  0x20024070      0x13c ./src/sub-systemCode/CUF/CUF.o
                0x20024070                InitCUF
 .text.CUFSwitch
                0x200241ac       0x30 ./src/sub-systemCode/CUF/CUF.o
                0x200241ac                CUFSwitch
 .text.GenerateSSH
                0x200241dc       0x98 ./src/sub-systemCode/CUF/CUF.o
                0x200241dc                GenerateSSH
 .text.getExtendedName
                0x20024274       0x84 ./src/sub-systemCode/CUF/CUF.o
                0x20024274                getExtendedName
 .text.AuthenticateCUF
                0x200242f8       0x74 ./src/sub-systemCode/CUF/CUF.o
                0x200242f8                AuthenticateCUF
 .text.UpdatePerminantCUF
                0x2002436c       0x94 ./src/sub-systemCode/CUF/CUF.o
                0x2002436c                UpdatePerminantCUF
 .text.RemoveCUF
                0x20024400      0x1cc ./src/sub-systemCode/CUF/CUF.o
                0x20024400                RemoveCUF
 .text.ExecuteCUF
                0x200245cc       0xe4 ./src/sub-systemCode/CUF/CUF.o
                0x200245cc                ExecuteCUF
 .text.IntegrateCUF
                0x200246b0      0x1a4 ./src/sub-systemCode/CUF/CUF.o
                0x200246b0                IntegrateCUF
 .text.AddToCUFTempArray
                0x20024854       0xa4 ./src/sub-systemCode/CUF/CUF.o
                0x20024854                AddToCUFTempArray
 .text.GetFromCUFTempArray
                0x200248f8       0xe8 ./src/sub-systemCode/CUF/CUF.o
                0x200248f8                GetFromCUFTempArray
 .text.DisableCUF
                0x200249e0       0xb4 ./src/sub-systemCode/CUF/CUF.o
                0x200249e0                DisableCUF
 .text.EnableCUF
                0x20024a94       0xb4 ./src/sub-systemCode/CUF/CUF.o
                0x20024a94                EnableCUF
 .text.initializeUpload
                0x20024b48       0x94 ./src/sub-systemCode/CUF/uploadCodeTelemetry.o
                0x20024b48                initializeUpload
 .text.removeFiles
                0x20024bdc      0x16c ./src/sub-systemCode/CUF/uploadCodeTelemetry.o
                0x20024bdc                removeFiles
 .text.loadBackup
                0x20024d48      0x144 ./src/sub-systemCode/CUF/uploadCodeTelemetry.o
                0x20024d48                loadBackup
 .text.addToArray
                0x20024e8c       0xd8 ./src/sub-systemCode/CUF/uploadCodeTelemetry.o
                0x20024e8c                addToArray
 .text.headerHandle
                0x20024f64       0xb8 ./src/sub-systemCode/CUF/uploadCodeTelemetry.o
                0x20024f64                headerHandle
 .text.startCUFintegration
                0x2002501c      0x1d0 ./src/sub-systemCode/CUF/uploadCodeTelemetry.o
                0x2002501c                startCUFintegration
 .text.saveBackup
                0x200251ec      0x118 ./src/sub-systemCode/CUF/uploadCodeTelemetry.o
                0x200251ec                saveBackup
 .text.saveAck  0x20025304       0x28 ./src/sub-systemCode/CUF/uploadCodeTelemetry.o
                0x20025304                saveAck
 .text.reset_APRS_list
                0x2002532c       0x20 ./src/sub-systemCode/COMM/APRS.o
                0x2002532c                reset_APRS_list
 .text.get_APRS_list
                0x2002534c       0x18 ./src/sub-systemCode/COMM/APRS.o
                0x2002534c                get_APRS_list
 .text.find_CMD_in_list
                0x20025364       0x7c ./src/sub-systemCode/COMM/DelayedCommand_list.o
                0x20025364                find_CMD_in_list
 .text.find_empty_in_list
                0x200253e0       0x74 ./src/sub-systemCode/COMM/DelayedCommand_list.o
                0x200253e0                find_empty_in_list
 .text.check_delayCommandTime
                0x20025454       0xa8 ./src/sub-systemCode/COMM/DelayedCommand_list.o
                0x20025454                check_delayCommandTime
 .text.execute_delayedCommand
                0x200254fc       0x8c ./src/sub-systemCode/COMM/DelayedCommand_list.o
                0x200254fc                execute_delayedCommand
 .text.check_delaycommand
                0x20025588      0x198 ./src/sub-systemCode/COMM/DelayedCommand_list.o
                0x20025588                check_delaycommand
 .text.reset_delayCommand
                0x20025720       0xc4 ./src/sub-systemCode/COMM/DelayedCommand_list.o
                0x20025720                reset_delayCommand
 .text.add_delayCommand
                0x200257e4      0x220 ./src/sub-systemCode/COMM/DelayedCommand_list.o
                0x200257e4                add_delayCommand
 .text.get_delayCommand_list
                0x20025a04       0xb8 ./src/sub-systemCode/COMM/DelayedCommand_list.o
                0x20025a04                get_delayCommand_list
 .text.EmptyOldestCommand
                0x20025abc      0x108 ./src/sub-systemCode/COMM/DelayedCommand_list.o
                0x20025abc                EmptyOldestCommand
 .text.decode_TCpacket
                0x20025bc4      0x16c ./src/sub-systemCode/COMM/GSC.o
                0x20025bc4                decode_TCpacket
 .text.encode_TCpacket
                0x20025d30      0x114 ./src/sub-systemCode/COMM/GSC.o
                0x20025d30                encode_TCpacket
 .text.encode_TMpacket
                0x20025e44      0x104 ./src/sub-systemCode/COMM/GSC.o
                0x20025e44                encode_TMpacket
 .text.build_raw_ACK
                0x20025f48       0xbc ./src/sub-systemCode/COMM/GSC.o
                0x20025f48                build_raw_ACK
 .text.build_data_field_ACK
                0x20026004       0x74 ./src/sub-systemCode/COMM/GSC.o
                0x20026004                build_data_field_ACK
 .text.update_FRAM_bitRate
                0x20026078      0x108 ./src/sub-systemCode/COMM/TRXVU.o
                0x20026078                update_FRAM_bitRate
 .text.idle_state_
                0x20026180       0x78 ./src/sub-systemCode/COMM/TRXVU.o
                0x20026180                idle_state_
 .text.toggle_idle_state
                0x200261f8       0x64 ./src/sub-systemCode/COMM/TRXVU.o
                0x200261f8                toggle_idle_state
 .text.TRXVU_init_hardWare
                0x2002625c       0xc8 ./src/sub-systemCode/COMM/TRXVU.o
                0x2002625c                TRXVU_init_hardWare
 .text.TRXVU_init_softWare
                0x20026324      0x160 ./src/sub-systemCode/COMM/TRXVU.o
                0x20026324                TRXVU_init_softWare
 .text.init_trxvu
                0x20026484       0x14 ./src/sub-systemCode/COMM/TRXVU.o
                0x20026484                init_trxvu
 .text.TRXVU_task
                0x20026498       0xb8 ./src/sub-systemCode/COMM/TRXVU.o
                0x20026498                TRXVU_task
 .text.dump_logic
                0x20026550      0x3bc ./src/sub-systemCode/COMM/TRXVU.o
                0x20026550                dump_logic
 .text.Dump_task
                0x2002690c      0x1a4 ./src/sub-systemCode/COMM/TRXVU.o
                0x2002690c                Dump_task
 .text.transponder_logic
                0x20026ab0      0x120 ./src/sub-systemCode/COMM/TRXVU.o
                0x20026ab0                transponder_logic
 .text.Transponder_task
                0x20026bd0      0x1b8 ./src/sub-systemCode/COMM/TRXVU.o
                0x20026bd0                Transponder_task
 .text.lookForRequestToDelete_transponder
                0x20026d88       0x8c ./src/sub-systemCode/COMM/TRXVU.o
                0x20026d88                lookForRequestToDelete_transponder
 .text.lookForRequestToDelete_dump
                0x20026e14       0x88 ./src/sub-systemCode/COMM/TRXVU.o
                0x20026e14                lookForRequestToDelete_dump
 .text.sendRequestToStop_dump
                0x20026e9c       0x8c ./src/sub-systemCode/COMM/TRXVU.o
                0x20026e9c                sendRequestToStop_dump
 .text.sendRequestToStop_transponder
                0x20026f28       0x8c ./src/sub-systemCode/COMM/TRXVU.o
                0x20026f28                sendRequestToStop_transponder
 .text.Rx_logic
                0x20026fb4      0x1e0 ./src/sub-systemCode/COMM/TRXVU.o
                0x20026fb4                Rx_logic
 .text.pass_above_Ground
                0x20027194      0x15c ./src/sub-systemCode/COMM/TRXVU.o
                0x20027194                pass_above_Ground
 .text.check_TRXVUState
                0x200272f0      0x11c ./src/sub-systemCode/COMM/TRXVU.o
                0x200272f0                check_TRXVUState
 .text.trxvu_logic
                0x2002740c       0x20 ./src/sub-systemCode/COMM/TRXVU.o
                0x2002740c                trxvu_logic
 .text.Beacon_task
                0x2002742c      0x190 ./src/sub-systemCode/COMM/TRXVU.o
                0x2002742c                Beacon_task
 .text.buildAndSend_beacon
                0x200275bc      0x5c0 ./src/sub-systemCode/COMM/TRXVU.o
                0x200275bc                buildAndSend_beacon
 .text.reset_FRAM_TRXVU
                0x20027b7c      0x208 ./src/sub-systemCode/COMM/TRXVU.o
                0x20027b7c                reset_FRAM_TRXVU
 .text.TRX_sendFrame
                0x20027d84      0x1c8 ./src/sub-systemCode/COMM/TRXVU.o
                0x20027d84                TRX_sendFrame
 .text.TRX_getFrameData
                0x20027f4c      0x144 ./src/sub-systemCode/COMM/TRXVU.o
                0x20027f4c                TRX_getFrameData
 .text.mute_Tx  0x20028090       0x64 ./src/sub-systemCode/COMM/TRXVU.o
                0x20028090                mute_Tx
 .text.unmute_Tx
                0x200280f4       0x58 ./src/sub-systemCode/COMM/TRXVU.o
                0x200280f4                unmute_Tx
 .text.check_time_off_mute
                0x2002814c       0xc0 ./src/sub-systemCode/COMM/TRXVU.o
                0x2002814c                check_time_off_mute
 .text.set_mute_time
                0x2002820c      0x100 ./src/sub-systemCode/COMM/TRXVU.o
                0x2002820c                set_mute_time
 .text.change_TRXVU_state
                0x2002830c      0x118 ./src/sub-systemCode/COMM/TRXVU.o
                0x2002830c                change_TRXVU_state
 .text.change_trans_RSSI
                0x20028424       0x7c ./src/sub-systemCode/COMM/TRXVU.o
                0x20028424                change_trans_RSSI
 .text.AdcsReadI2cAck
                0x200284a0       0xfc ./src/sub-systemCode/ADCS/AdcsCommands.o
                0x200284a0                AdcsReadI2cAck
 .text.AdcsGenericI2cCmd
                0x2002859c      0x198 ./src/sub-systemCode/ADCS/AdcsCommands.o
                0x2002859c                AdcsGenericI2cCmd
 .text.SendAdcsTlm
                0x20028734      0x14c ./src/sub-systemCode/ADCS/AdcsCommands.o
                0x20028734                SendAdcsTlm
 .text.AdcsExecuteCommand
                0x20028880     0x1b00 ./src/sub-systemCode/ADCS/AdcsCommands.o
                0x20028880                AdcsExecuteCommand
 .text.cspaceADCS_getEstimatedAngles
                0x2002a380       0x98 ./src/sub-systemCode/ADCS/AdcsGetDataAndTlm.o
                0x2002a380                cspaceADCS_getEstimatedAngles
 .text.cspaceADCS_getEstimatedAnglesRates
                0x2002a418       0x98 ./src/sub-systemCode/ADCS/AdcsGetDataAndTlm.o
                0x2002a418                cspaceADCS_getEstimatedAnglesRates
 .text.cspaceADCS_getSatellitePosition
                0x2002a4b0       0x98 ./src/sub-systemCode/ADCS/AdcsGetDataAndTlm.o
                0x2002a4b0                cspaceADCS_getSatellitePosition
 .text.InitTlmElements
                0x2002a548      0x238 ./src/sub-systemCode/ADCS/AdcsGetDataAndTlm.o
                0x2002a548                InitTlmElements
 .text.CreateTlmElementFiles
                0x2002a780      0x178 ./src/sub-systemCode/ADCS/AdcsGetDataAndTlm.o
                0x2002a780                CreateTlmElementFiles
 .text.SaveElementTlmAtIndex
                0x2002a8f8      0x3f0 ./src/sub-systemCode/ADCS/AdcsGetDataAndTlm.o
                0x2002a8f8                SaveElementTlmAtIndex
 .text.UpdateTlmElementAtIndex
                0x2002ace8      0x150 ./src/sub-systemCode/ADCS/AdcsGetDataAndTlm.o
                0x2002ace8                UpdateTlmElementAtIndex
 .text.UpdateTlmToSaveVector
                0x2002ae38       0xc8 ./src/sub-systemCode/ADCS/AdcsGetDataAndTlm.o
                0x2002ae38                UpdateTlmToSaveVector
 .text.UpdateTlmPeriodVector
                0x2002af00      0x120 ./src/sub-systemCode/ADCS/AdcsGetDataAndTlm.o
                0x2002af00                UpdateTlmPeriodVector
 .text.AdcsGetTlmOverrideFlag
                0x2002b020       0x5c ./src/sub-systemCode/ADCS/AdcsGetDataAndTlm.o
                0x2002b020                AdcsGetTlmOverrideFlag
 .text.AdcsSetTlmOverrideFlag
                0x2002b07c       0x9c ./src/sub-systemCode/ADCS/AdcsGetDataAndTlm.o
                0x2002b07c                AdcsSetTlmOverrideFlag
 .text.RestoreDefaultTlmElement
                0x2002b118      0x1ec ./src/sub-systemCode/ADCS/AdcsGetDataAndTlm.o