Archive member included because of file (symbol)

c:/isis/application/toolchain/bin/../lib/gcc/arm-none-eabi/4.7.4/../../../../arm-none-eabi/lib\libc_s.a(lib_a-vfprintf_float.o)
                              (_printf_float)
c:/isis/application/toolchain/bin/../lib/gcc/arm-none-eabi/4.7.4/../../../../arm-none-eabi/lib\libc_s.a(lib_a-vfprintf_i.o)
                              c:/isis/application/toolchain/bin/../lib/gcc/arm-none-eabi/4.7.4/../../../../arm-none-eabi/lib\libc_s.a(lib_a-vfprintf_float.o) (_printf_common)
c:/isis/application/toolchain/bin/../lib/gcc/arm-none-eabi/4.7.4/../../../../arm-none-eabi/lib\libc_s.a(lib_a-vfscanf_float.o)
                              (_scanf_float)
c:/isis/application/toolchain/bin/../lib/gcc/arm-none-eabi/4.7.4/../../../../arm-none-eabi/lib\libc_s.a(lib_a-dtoa.o)
                              c:/isis/application/toolchain/bin/../lib/gcc/arm-none-eabi/4.7.4/../../../../arm-none-eabi/lib\libc_s.a(lib_a-vfprintf_float.o) (_dtoa_r)
c:/isis/application/toolchain/bin/../lib/gcc/arm-none-eabi/4.7.4/../../../../arm-none-eabi/lib\libc_s.a(lib_a-locale.o)
                              c:/isis/application/toolchain/bin/../lib/gcc/arm-none-eabi/4.7.4/../../../../arm-none-eabi/lib\libc_s.a(lib_a-vfprintf_float.o) (_localeconv_r)
c:/isis/application/toolchain/bin/../lib/gcc/arm-none-eabi/4.7.4/../../../../arm-none-eabi/lib\libc_s.a(lib_a-malloc.o)
                              c:/isis/application/toolchain/bin/../lib/gcc/arm-none-eabi/4.7.4/../../../../arm-none-eabi/lib\libc_s.a(lib_a-dtoa.o) (malloc)
c:/isis/application/toolchain/bin/../lib/gcc/arm-none-eabi/4.7.4/../../../../arm-none-eabi/lib\libc_s.a(lib_a-mallocr.o)
                              c:/isis/application/toolchain/bin/../lib/gcc/arm-none-eabi/4.7.4/../../../../arm-none-eabi/lib\libc_s.a(lib_a-malloc.o) (_malloc_r)
c:/isis/application/toolchain/bin/../lib/gcc/arm-none-eabi/4.7.4/../../../../arm-none-eabi/lib\libc_s.a(lib_a-memcpy.o)
                              c:/isis/application/toolchain/bin/../lib/gcc/arm-none-eabi/4.7.4/../../../../arm-none-eabi/lib\libc_s.a(lib_a-dtoa.o) (memcpy)
c:/isis/application/toolchain/bin/../lib/gcc/arm-none-eabi/4.7.4/../../../../arm-none-eabi/lib\libc_s.a(lib_a-mprec.o)
                              c:/isis/application/toolchain/bin/../lib/gcc/arm-none-eabi/4.7.4/../../../../arm-none-eabi/lib\libc_s.a(lib_a-dtoa.o) (_Balloc)
c:/isis/application/toolchain/bin/../lib/gcc/arm-none-eabi/4.7.4/../../../../arm-none-eabi/lib\libc_s.a(lib_a-s_fpclassify.o)
                              c:/isis/application/toolchain/bin/../lib/gcc/arm-none-eabi/4.7.4/../../../../arm-none-eabi/lib\libc_s.a(lib_a-vfprintf_float.o) (__fpclassifyd)
c:/isis/application/toolchain/bin/../lib/gcc/arm-none-eabi/4.7.4/../../../../arm-none-eabi/lib\libc_s.a(lib_a-sbrkr.o)
                              c:/isis/application/toolchain/bin/../lib/gcc/arm-none-eabi/4.7.4/../../../../arm-none-eabi/lib\libc_s.a(lib_a-mallocr.o) (_sbrk_r)
c:/isis/application/toolchain/bin/../lib/gcc/arm-none-eabi/4.7.4/../../../../arm-none-eabi/lib\libc_s.a(lib_a-sf_nan.o)
                              c:/isis/application/toolchain/bin/../lib/gcc/arm-none-eabi/4.7.4/../../../../arm-none-eabi/lib\libc_s.a(lib_a-vfscanf_float.o) (nanf)
c:/isis/application/toolchain/bin/../lib/gcc/arm-none-eabi/4.7.4/../../../../arm-none-eabi/lib\libc_s.a(lib_a-sprintf.o)
                              c:/isis/application/toolchain/bin/../lib/gcc/arm-none-eabi/4.7.4/../../../../arm-none-eabi/lib\libc_s.a(lib_a-vfscanf_float.o) (sprintf)
c:/isis/application/toolchain/bin/../lib/gcc/arm-none-eabi/4.7.4/../../../../arm-none-eabi/lib\libc_s.a(lib_a-strcmp.o)
                              c:/isis/application/toolchain/bin/../lib/gcc/arm-none-eabi/4.7.4/../../../../arm-none-eabi/lib\libc_s.a(lib_a-locale.o) (strcmp)
c:/isis/application/toolchain/bin/../lib/gcc/arm-none-eabi/4.7.4/../../../../arm-none-eabi/lib\libc_s.a(lib_a-strlen.o)
                              c:/isis/application/toolchain/bin/../lib/gcc/arm-none-eabi/4.7.4/../../../../arm-none-eabi/lib\libc_s.a(lib_a-vfprintf_float.o) (strlen)
c:/isis/application/toolchain/bin/../lib/gcc/arm-none-eabi/4.7.4/../../../../arm-none-eabi/lib\libc_s.a(lib_a-strtod.o)
                              c:/isis/application/toolchain/bin/../lib/gcc/arm-none-eabi/4.7.4/../../../../arm-none-eabi/lib\libc_s.a(lib_a-vfscanf_float.o) (_strtod_r)
c:/isis/application/toolchain/bin/../lib/gcc/arm-none-eabi/4.7.4/../../../../arm-none-eabi/lib\libc_s.a(lib_a-strtol.o)
                              c:/isis/application/toolchain/bin/../lib/gcc/arm-none-eabi/4.7.4/../../../../arm-none-eabi/lib\libc_s.a(lib_a-vfscanf_float.o) (_strtol_r)
c:/isis/application/toolchain/bin/../lib/gcc/arm-none-eabi/4.7.4/../../../../arm-none-eabi/lib\libc_s.a(lib_a-svfprintf.o)
                              c:/isis/application/toolchain/bin/../lib/gcc/arm-none-eabi/4.7.4/../../../../arm-none-eabi/lib\libc_s.a(lib_a-sprintf.o) (_svfprintf_r)
[...]
Memory Configuration

Name             Origin             Length             Attributes
sram0            0x00200000         0x00004000         w !xr
sram1            0x00300000         0x00004000         w !xr
sdram            0x20000000         0x02000000         w !xr
*default*        0x00000000         0xffffffff

Linker script and memory map

LOAD c:/isis/application/toolchain/bin/../lib/gcc/arm-none-eabi/4.7.4/../../../../arm-none-eabi/lib\libc_s.a
LOAD ./src/sub-systemCode/Main/CMD/ADCS_CMD.o
LOAD ./src/sub-systemCode/Main/CMD/COMM_CMD.o
LOAD ./src/sub-systemCode/Main/CMD/EPS_CMD.o
LOAD ./src/sub-systemCode/Main/CMD/General_CMD.o
LOAD ./src/sub-systemCode/Main/CMD/SW_CMD.o
LOAD ./src/sub-systemCode/Main/CMD/payload_CMD.o
LOAD ./src/sub-systemCode/Main/Ants.o
LOAD ./src/sub-systemCode/Main/EPS.o
LOAD ./src/sub-systemCode/Main/HouseKeeping.o
LOAD ./src/sub-systemCode/Main/Main_Init.o
LOAD ./src/sub-systemCode/Main/commands.o
LOAD ./src/sub-systemCode/Global/GenericTaskSave.o
LOAD ./src/sub-systemCode/Global/Global.o
LOAD ./src/sub-systemCode/Global/GlobalParam.o
LOAD ./src/sub-systemCode/Global/OnlineTM.o
LOAD ./src/sub-systemCode/Global/TLM_management.o
LOAD ./src/sub-systemCode/Global/freertosExtended.o
LOAD ./src/sub-systemCode/Global/logger.o
LOAD ./src/sub-systemCode/CUF/CUF.o
LOAD ./src/sub-systemCode/CUF/uploadCodeTelemetry.o
LOAD ./src/sub-systemCode/COMM/APRS.o
LOAD ./src/sub-systemCode/COMM/DelayedCommand_list.o
LOAD ./src/sub-systemCode/COMM/GSC.o
LOAD ./src/sub-systemCode/COMM/TRXVU.o
LOAD ./src/sub-systemCode/ADCS/AdcsCommands.o
LOAD ./src/sub-systemCode/ADCS/AdcsGetDataAndTlm.o
LOAD ./src/sub-systemCode/ADCS/AdcsMain.o
LOAD ./src/sub-systemCode/ADCS/AdcsTroubleShooting.o
LOAD ./src/sub-systemCode/ADCS/StateMachine.o
LOAD ./src/main.o
LOAD C:/ISIS/workspace/HOOPOE3/satellite-subsystems/demo/..//satellite-subsystems/lib\libSatelliteSubsystemsD.a
LOAD c:/isis/application/toolchain/bin/../lib/gcc/arm-none-eabi/4.7.4/../../../../arm-none-eabi/lib\libm.a
LOAD C:/ISIS/workspace/HOOPOE3/satellite-subsystems/demo/../..//hal/hcc/lib\libHCCD.a
LOAD C:/ISIS/workspace/HOOPOE3/satellite-subsystems/demo/../..//hal/hal/lib\libHALD.a
LOAD C:/ISIS/workspace/HOOPOE3/satellite-subsystems/demo/../..//hal/freertos/lib\libFreeRTOSD.a
LOAD C:/ISIS/workspace/HOOPOE3/satellite-subsystems/demo/../..//hal/at91/lib\libAt91D.a
START GROUP
LOAD c:/isis/application/toolchain/bin/../lib/gcc/arm-none-eabi/4.7.4\libgcc.a
LOAD c:/isis/application/toolchain/bin/../lib/gcc/arm-none-eabi/4.7.4/../../../../arm-none-eabi/lib\libc_s.a
END GROUP

.fixed          0x20000000    0x67070
                0x20000000                . = ALIGN (0x4)
                0x20000000                _sfixed = .
 *(.startup)
 .startup       0x20000000      0x134 C:/ISIS/workspace/HOOPOE3/satellite-subsystems/demo/../..//hal/at91/lib\libAt91D.a(board_cstartup.o)
                0x20000000                entry
 *(.text)
 .text          0x20000134       0x64 C:/ISIS/workspace/HOOPOE3/satellite-subsystems/demo/../..//hal/at91/lib\libAt91D.a(cp15_asm.o)
                0x20000134                _readControlRegister
                0x20000140                _writeControlRegister
                0x20000148                _waitForInterrupt
                0x20000154                _writeTTB
                0x2000015c                _writeDomain
                0x20000164                _writeITLBLockdown
                0x2000016c                _prefetchICacheLine
                0x20000174                _flushDCache
                0x20000180                _flushWriteBuffer
                0x2000018c                _invalidateIDTLBs
 .text          0x20000198      0x114 c:/isis/application/toolchain/bin/../lib/gcc/arm-none-eabi/4.7.4\libgcc.a(_udivsi3.o)
                0x20000198                __aeabi_uidiv
                0x20000198                __udivsi3
                0x2000028c                __aeabi_uidivmod
 .text          0x200002ac      0x148 c:/isis/application/toolchain/bin/../lib/gcc/arm-none-eabi/4.7.4\libgcc.a(_divsi3.o)
                0x200002ac                __divsi3
                0x200002ac                __aeabi_idiv
                0x200003d4                __aeabi_idivmod
 .text          0x200003f4        0x4 c:/isis/application/toolchain/bin/../lib/gcc/arm-none-eabi/4.7.4\libgcc.a(_dvmd_tls.o)
                0x200003f4                __aeabi_idiv0
                0x200003f4                __aeabi_ldiv0
 .text          0x200003f8      0x41c c:/isis/application/toolchain/bin/../lib/gcc/arm-none-eabi/4.7.4\libgcc.a(_arm_addsubdf3.o)
                0x200003f8                __aeabi_drsub
                0x20000400                __aeabi_dsub
                0x20000400                __subdf3
                0x20000404                __aeabi_dadd
                0x20000404                __adddf3
                0x20000714                __floatunsidf
                0x20000714                __aeabi_ui2d
                0x20000738                __floatsidf
                0x20000738                __aeabi_i2d
                0x20000760                __aeabi_f2d
                0x20000760                __extendsfdf2
                0x200007a0                __floatundidf
                0x200007a0                __aeabi_ul2d
                0x200007b4                __floatdidf
                0x200007b4                __aeabi_l2d
 .text          0x20000814      0x49c c:/isis/application/toolchain/bin/../lib/gcc/arm-none-eabi/4.7.4\libgcc.a(_arm_muldivdf3.o)
                0x20000814                __aeabi_dmul
                0x20000814                __muldf3
                0x20000aa4                __divdf3
                0x20000aa4                __aeabi_ddiv
 .text          0x20000cb0      0x144 c:/isis/application/toolchain/bin/../lib/gcc/arm-none-eabi/4.7.4\libgcc.a(_arm_cmpdf2.o)
                0x20000cb0                __gtdf2
                0x20000cb0                __gedf2
                0x20000cb8                __ltdf2
                0x20000cb8                __ledf2
                0x20000cc0                __nedf2
                0x20000cc0                __eqdf2
                0x20000cc0                __cmpdf2
                0x20000d48                __aeabi_cdrcmple
                0x20000d64                __aeabi_cdcmpeq
                0x20000d64                __aeabi_cdcmple
                0x20000d7c                __aeabi_dcmpeq
                0x20000d94                __aeabi_dcmplt
                0x20000dac                __aeabi_dcmple
                0x20000dc4                __aeabi_dcmpge
                0x20000ddc                __aeabi_dcmpgt
 .text          0x20000df4       0x5c c:/isis/application/toolchain/bin/../lib/gcc/arm-none-eabi/4.7.4\libgcc.a(_arm_fixdfsi.o)
                0x20000df4                __aeabi_d2iz
                0x20000df4                __fixdfsi
 .text          0x20000e50       0x54 c:/isis/application/toolchain/bin/../lib/gcc/arm-none-eabi/4.7.4\libgcc.a(_arm_fixunsdfsi.o)
                0x20000e50                __aeabi_d2uiz
                0x20000e50                __fixunsdfsi
 .text          0x20000ea4       0xa0 c:/isis/application/toolchain/bin/../lib/gcc/arm-none-eabi/4.7.4\libgcc.a(_arm_truncdfsf2.o)
                0x20000ea4                __truncdfsf2
                0x20000ea4                __aeabi_d2f
 .text          0x20000f44      0x2ac c:/isis/application/toolchain/bin/../lib/gcc/arm-none-eabi/4.7.4\libgcc.a(_arm_addsubsf3.o)
                0x20000f44                __aeabi_frsub
                0x20000f4c                __subsf3
                0x20000f4c                __aeabi_fsub
                0x20000f50                __aeabi_fadd
                0x20000f50                __addsf3
                0x2000110c                __aeabi_ui2f
                0x2000110c                __floatunsisf
                0x20001114                __aeabi_i2f
                0x20001114                __floatsisf
                0x20001134                __aeabi_ul2f
                0x20001134                __floatundisf
                0x20001144                __aeabi_l2f
                0x20001144                __floatdisf
 .text          0x200011f0      0x2f8 c:/isis/application/toolchain/bin/../lib/gcc/arm-none-eabi/4.7.4\libgcc.a(_arm_muldivsf3.o)
                0x200011f0                __mulsf3
                0x200011f0                __aeabi_fmul
                0x20001388                __aeabi_fdiv
                0x20001388                __divsf3
 .text          0x200014e8      0x114 c:/isis/application/toolchain/bin/../lib/gcc/arm-none-eabi/4.7.4\libgcc.a(_arm_cmpsf2.o)
                0x200014e8                __gesf2
                0x200014e8                __gtsf2
                0x200014f0                __lesf2
                0x200014f0                __ltsf2
                0x200014f8                __nesf2
                0x200014f8                __eqsf2
                0x200014f8                __cmpsf2
                0x2000155c                __aeabi_cfrcmple
                0x2000156c                __aeabi_cfcmpeq
                0x2000156c                __aeabi_cfcmple
                0x20001584                __aeabi_fcmpeq
                0x2000159c                __aeabi_fcmplt
                0x200015b4                __aeabi_fcmple
                0x200015cc                __aeabi_fcmpge
                0x200015e4                __aeabi_fcmpgt
 .text          0x200015fc       0x5c c:/isis/application/toolchain/bin/../lib/gcc/arm-none-eabi/4.7.4\libgcc.a(_arm_fixsfsi.o)
                0x200015fc                __aeabi_f2iz
                0x200015fc                __fixsfsi
 .text          0x20001658       0x54 c:/isis/application/toolchain/bin/../lib/gcc/arm-none-eabi/4.7.4\libgcc.a(_arm_fixunssfsi.o)
                0x20001658                __fixunssfsi
                0x20001658                __aeabi_f2uiz
 *(.text*)
 .text.__cvt    0x200016ac      0x138 c:/isis/application/toolchain/bin/../lib/gcc/arm-none-eabi/4.7.4/../../../../arm-none-eabi/lib\libc_s.a(lib_a-vfprintf_float.o)
                0x200016ac                __cvt
 .text.__exponent
                0x200017e4       0xa8 c:/isis/application/toolchain/bin/../lib/gcc/arm-none-eabi/4.7.4/../../../../arm-none-eabi/lib\libc_s.a(lib_a-vfprintf_float.o)
                0x200017e4                __exponent
 .text._printf_float
                0x2000188c      0x7dc c:/isis/application/toolchain/bin/../lib/gcc/arm-none-eabi/4.7.4/../../../../arm-none-eabi/lib\libc_s.a(lib_a-vfprintf_float.o)
                0x2000188c                _printf_float
 .text._printf_common
                0x20002068      0x174 c:/isis/application/toolchain/bin/../lib/gcc/arm-none-eabi/4.7.4/../../../../arm-none-eabi/lib\libc_s.a(lib_a-vfprintf_i.o)
                0x20002068                _printf_common
 .text._printf_i
                0x200021dc      0x3c4 c:/isis/application/toolchain/bin/../lib/gcc/arm-none-eabi/4.7.4/../../../../arm-none-eabi/lib\libc_s.a(lib_a-vfprintf_i.o)
                0x200021dc                _printf_i
 .text._scanf_float
                0x200025a0      0x5f4 c:/isis/application/toolchain/bin/../lib/gcc/arm-none-eabi/4.7.4/../../../../arm-none-eabi/lib\libc_s.a(lib_a-vfscanf_float.o)
                0x200025a0                _scanf_float
 .text.quorem   0x20002b94      0x1ac c:/isis/application/toolchain/bin/../lib/gcc/arm-none-eabi/4.7.4/../../../../arm-none-eabi/lib\libc_s.a(lib_a-dtoa.o)
 .text._dtoa_r  0x20002d40     0x1268 c:/isis/application/toolchain/bin/../lib/gcc/arm-none-eabi/4.7.4/../../../../arm-none-eabi/lib\libc_s.a(lib_a-dtoa.o)
                0x20002d40                _dtoa_r
 .text._localeconv_r
                0x20003fa8        0xc c:/isis/application/toolchain/bin/../lib/gcc/arm-none-eabi/4.7.4/../../../../arm-none-eabi/lib\libc_s.a(lib_a-locale.o)
                0x20003fa8                _localeconv_r
 .text.malloc   0x20003fb4       0x20 c:/isis/application/toolchain/bin/../lib/gcc/arm-none-eabi/4.7.4/../../../../arm-none-eabi/lib\libc_s.a(lib_a-malloc.o)
                0x20003fb4                malloc
 .text.free     0x20003fd4       0x20 c:/isis/application/toolchain/bin/../lib/gcc/arm-none-eabi/4.7.4/../../../../arm-none-eabi/lib\libc_s.a(lib_a-malloc.o)
                0x20003fd4                free
 .text._malloc_r
                0x20003ff4       0xfc c:/isis/application/toolchain/bin/../lib/gcc/arm-none-eabi/4.7.4/../../../../arm-none-eabi/lib\libc_s.a(lib_a-mallocr.o)
                0x20003ff4                _malloc_r
 .text.memcpy   0x200040f0       0x20 c:/isis/application/toolchain/bin/../lib/gcc/arm-none-eabi/4.7.4/../../../../arm-none-eabi/lib\libc_s.a(lib_a-memcpy.o)
                0x200040f0                memcpy
 .text._Balloc  0x20004110       0xcc c:/isis/application/toolchain/bin/../lib/gcc/arm-none-eabi/4.7.4/../../../../arm-none-eabi/lib\libc_s.a(lib_a-mprec.o)
                0x20004110                _Balloc
 .text._Bfree   0x200041dc       0x5c c:/isis/application/toolchain/bin/../lib/gcc/arm-none-eabi/4.7.4/../../../../arm-none-eabi/lib\libc_s.a(lib_a-mprec.o)
                0x200041dc                _Bfree
 .text.__multadd
                0x20004238       0xbc c:/isis/application/toolchain/bin/../lib/gcc/arm-none-eabi/4.7.4/../../../../arm-none-eabi/lib\libc_s.a(lib_a-mprec.o)
                0x20004238                __multadd
 .text.__s2b    0x200042f4       0xd8 c:/isis/application/toolchain/bin/../lib/gcc/arm-none-eabi/4.7.4/../../../../arm-none-eabi/lib\libc_s.a(lib_a-mprec.o)
                0x200042f4                __s2b
 .text.__hi0bits
                0x200043cc       0x58 c:/isis/application/toolchain/bin/../lib/gcc/arm-none-eabi/4.7.4/../../../../arm-none-eabi/lib\libc_s.a(lib_a-mprec.o)
                0x200043cc                __hi0bits
 .text.__lo0bits
                0x20004424       0x94 c:/isis/application/toolchain/bin/../lib/gcc/arm-none-eabi/4.7.4/../../../../arm-none-eabi/lib\libc_s.a(lib_a-mprec.o)
                0x20004424                __lo0bits
 .text.__i2b    0x200044b8       0x24 c:/isis/application/toolchain/bin/../lib/gcc/arm-none-eabi/4.7.4/../../../../arm-none-eabi/lib\libc_s.a(lib_a-mprec.o)
                0x200044b8                __i2b
 .text.__multiply
                0x200044dc      0x1ac c:/isis/application/toolchain/bin/../lib/gcc/arm-none-eabi/4.7.4/../../../../arm-none-eabi/lib\libc_s.a(lib_a-mprec.o)
                0x200044dc                __multiply
 .text.__pow5mult
                0x20004688      0x10c c:/isis/application/toolchain/bin/../lib/gcc/arm-none-eabi/4.7.4/../../../../arm-none-eabi/lib\libc_s.a(lib_a-mprec.o)
                0x20004688                __pow5mult
 .text.__lshift
                0x20004794       0xf0 c:/isis/application/toolchain/bin/../lib/gcc/arm-none-eabi/4.7.4/../../../../arm-none-eabi/lib\libc_s.a(lib_a-mprec.o)
                0x20004794                __lshift
 .text.__mcmp   0x20004884       0x60 c:/isis/application/toolchain/bin/../lib/gcc/arm-none-eabi/4.7.4/../../../../arm-none-eabi/lib\libc_s.a(lib_a-mprec.o)
                0x20004884                __mcmp
 .text.__mdiff  0x200048e4      0x128 c:/isis/application/toolchain/bin/../lib/gcc/arm-none-eabi/4.7.4/../../../../arm-none-eabi/lib\libc_s.a(lib_a-mprec.o)
                0x200048e4                __mdiff
 .text.__ulp    0x20004a0c       0x5c c:/isis/application/toolchain/bin/../lib/gcc/arm-none-eabi/4.7.4/../../../../arm-none-eabi/lib\libc_s.a(lib_a-mprec.o)
                0x20004a0c                __ulp
 .text.__b2d    0x20004a68       0xc8 c:/isis/application/toolchain/bin/../lib/gcc/arm-none-eabi/4.7.4/../../../../arm-none-eabi/lib\libc_s.a(lib_a-mprec.o)
                0x20004a68                __b2d
 .text.__d2b    0x20004b30       0xfc c:/isis/application/toolchain/bin/../lib/gcc/arm-none-eabi/4.7.4/../../../../arm-none-eabi/lib\libc_s.a(lib_a-mprec.o)
                0x20004b30                __d2b
 .text.__ratio  0x20004c2c       0x70 c:/isis/application/toolchain/bin/../lib/gcc/arm-none-eabi/4.7.4/../../../../arm-none-eabi/lib\libc_s.a(lib_a-mprec.o)
                0x20004c2c                __ratio
 .text.__copybits
                0x20004c9c       0x4c c:/isis/application/toolchain/bin/../lib/gcc/arm-none-eabi/4.7.4/../../../../arm-none-eabi/lib\libc_s.a(lib_a-mprec.o)
                0x20004c9c                __copybits
 .text.__any_on
                0x20004ce8       0x7c c:/isis/application/toolchain/bin/../lib/gcc/arm-none-eabi/4.7.4/../../../../arm-none-eabi/lib\libc_s.a(lib_a-mprec.o)
                0x20004ce8                __any_on
 .text.__fpclassifyd
                0x20004d64       0x6c c:/isis/application/toolchain/bin/../lib/gcc/arm-none-eabi/4.7.4/../../../../arm-none-eabi/lib\libc_s.a(lib_a-s_fpclassify.o)
                0x20004d64                __fpclassifyd
 .text._sbrk_r  0x20004dd0       0x3c c:/isis/application/toolchain/bin/../lib/gcc/arm-none-eabi/4.7.4/../../../../arm-none-eabi/lib\libc_s.a(lib_a-sbrkr.o)
                0x20004dd0                _sbrk_r
 .text.nanf     0x20004e0c        0xc c:/isis/application/toolchain/bin/../lib/gcc/arm-none-eabi/4.7.4/../../../../arm-none-eabi/lib\libc_s.a(lib_a-sf_nan.o)
                0x20004e0c                nanf
 .text.sprintf  0x20004e18       0x6c c:/isis/application/toolchain/bin/../lib/gcc/arm-none-eabi/4.7.4/../../../../arm-none-eabi/lib\libc_s.a(lib_a-sprintf.o)
                0x20004e18                siprintf
                0x20004e18                sprintf
 .text.strcmp   0x20004e84       0x1c c:/isis/application/toolchain/bin/../lib/gcc/arm-none-eabi/4.7.4/../../../../arm-none-eabi/lib\libc_s.a(lib_a-strcmp.o)
                0x20004e84                strcmp
 .text.strlen   0x20004ea0       0x1c c:/isis/application/toolchain/bin/../lib/gcc/arm-none-eabi/4.7.4/../../../../arm-none-eabi/lib\libc_s.a(lib_a-strlen.o)
                0x20004ea0                strlen
 .text.match    0x20004ebc       0x54 c:/isis/application/toolchain/bin/../lib/gcc/arm-none-eabi/4.7.4/../../../../arm-none-eabi/lib\libc_s.a(lib_a-strtod.o)
 .text._strtod_r
                0x20004f10     0x1168 c:/isis/application/toolchain/bin/../lib/gcc/arm-none-eabi/4.7.4/../../../../arm-none-eabi/lib\libc_s.a(lib_a-strtod.o)
                0x20004f10                _strtod_r
 .text._strtol_r
                0x20006078      0x1b8 c:/isis/application/toolchain/bin/../lib/gcc/arm-none-eabi/4.7.4/../../../../arm-none-eabi/lib\libc_s.a(lib_a-strtol.o)
                0x20006078                _strtol_r
 .text.__ssputc_r
                0x20006230      0x10c c:/isis/application/toolchain/bin/../lib/gcc/arm-none-eabi/4.7.4/../../../../arm-none-eabi/lib\libc_s.a(lib_a-svfprintf.o)
                0x20006230                __ssputc_r
 .text._svfprintf_r
                0x2000633c      0x328 c:/isis/application/toolchain/bin/../lib/gcc/arm-none-eabi/4.7.4/../../../../arm-none-eabi/lib\libc_s.a(lib_a-svfprintf.o)
                0x2000633c                _svfiprintf_r
                0x2000633c                _svfprintf_r
 .text._calloc_r
                0x20006664       0x2c c:/isis/application/toolchain/bin/../lib/gcc/arm-none-eabi/4.7.4/../../../../arm-none-eabi/lib\libc_s.a(lib_a-callocr.o)
                0x20006664                _calloc_r
 .text._free_r  0x20006690      0x108 c:/isis/application/toolchain/bin/../lib/gcc/arm-none-eabi/4.7.4/../../../../arm-none-eabi/lib\libc_s.a(lib_a-freer.o)
                0x20006690                _free_r
 .text.rshift   0x20006798       0xb0 c:/isis/application/toolchain/bin/../lib/gcc/arm-none-eabi/4.7.4/../../../../arm-none-eabi/lib\libc_s.a(lib_a-gdtoa-gethex.o)
 .text.htinit.constprop.0
                0x20006848       0x34 c:/isis/application/toolchain/bin/../lib/gcc/arm-none-eabi/4.7.4/../../../../arm-none-eabi/lib\libc_s.a(lib_a-gdtoa-gethex.o)
 .text.__hexdig_init
                0x2000687c       0x38 c:/isis/application/toolchain/bin/../lib/gcc/arm-none-eabi/4.7.4/../../../../arm-none-eabi/lib\libc_s.a(lib_a-gdtoa-gethex.o)
                0x2000687c                __hexdig_init
 .text.__gethex
                0x200068b4      0x6cc c:/isis/application/toolchain/bin/../lib/gcc/arm-none-eabi/4.7.4/../../../../arm-none-eabi/lib\libc_s.a(lib_a-gdtoa-gethex.o)
                0x200068b4                __gethex
 .text.L_shift  0x20006f80       0x38 c:/isis/application/toolchain/bin/../lib/gcc/arm-none-eabi/4.7.4/../../../../arm-none-eabi/lib\libc_s.a(lib_a-gdtoa-hexnan.o)
 .text.__hexnan
                0x20006fb8      0x1d8 c:/isis/application/toolchain/bin/../lib/gcc/arm-none-eabi/4.7.4/../../../../arm-none-eabi/lib\libc_s.a(lib_a-gdtoa-hexnan.o)
                0x20006fb8                __hexnan
 .text.memchr   0x20007190       0x34 c:/isis/application/toolchain/bin/../lib/gcc/arm-none-eabi/4.7.4/../../../../arm-none-eabi/lib\libc_s.a(lib_a-memchr.o)
                0x20007190                memchr
 .text.memset   0x200071c4       0x1c c:/isis/application/toolchain/bin/../lib/gcc/arm-none-eabi/4.7.4/../../../../arm-none-eabi/lib\libc_s.a(lib_a-memset.o)
                0x200071c4                memset
 .text._realloc_r
                0x200071e0       0x80 c:/isis/application/toolchain/bin/../lib/gcc/arm-none-eabi/4.7.4/../../../../arm-none-eabi/lib\libc_s.a(lib_a-reallocr.o)
                0x200071e0                _realloc_r
 .text.strncmp  0x20007260       0x64 c:/isis/application/toolchain/bin/../lib/gcc/arm-none-eabi/4.7.4/../../../../arm-none-eabi/lib\libc_s.a(lib_a-strncmp.o)
                0x20007260                strncmp
 .text._malloc_usable_size_r
                0x200072c4       0x1c c:/isis/application/toolchain/bin/../lib/gcc/arm-none-eabi/4.7.4/../../../../arm-none-eabi/lib\libc_s.a(lib_a-msizer.o)
                0x200072c4                _malloc_usable_size_r
 .text.AdcsCmdQueueInit
                0x200072e0       0x4c ./src/sub-systemCode/Main/CMD/ADCS_CMD.o
                0x200072e0                AdcsCmdQueueInit
 .text.AdcsCmdQueueGet
                0x2000732c       0x8c ./src/sub-systemCode/Main/CMD/ADCS_CMD.o
                0x2000732c                AdcsCmdQueueGet
 .text.AdcsCmdQueueAdd
                0x200073b8       0x74 ./src/sub-systemCode/Main/CMD/ADCS_CMD.o
                0x200073b8                AdcsCmdQueueAdd
 .text.AdcsCmdQueueIsEmpty
                0x2000742c       0x3c ./src/sub-systemCode/Main/CMD/ADCS_CMD.o
                0x2000742c                AdcsCmdQueueIsEmpty
 .text.getAdcsQueueWaitPointer
                0x20007468       0x20 ./src/sub-systemCode/Main/CMD/ADCS_CMD.o
                0x20007468                getAdcsQueueWaitPointer
 .text.cmd_mute
                0x20007488       0xf4 ./src/sub-systemCode/Main/CMD/COMM_CMD.o
                0x20007488                cmd_mute
 .text.cmd_unmute
                0x2000757c       0x90 ./src/sub-systemCode/Main/CMD/COMM_CMD.o
                0x2000757c                cmd_unmute
 .text.cmd_active_trans
                0x2000760c       0xc0 ./src/sub-systemCode/Main/CMD/COMM_CMD.o
                0x2000760c                cmd_active_trans
 .text.cmd_shut_trans
                0x200076cc       0x8c ./src/sub-systemCode/Main/CMD/COMM_CMD.o
                0x200076cc                cmd_shut_trans
 .text.cmd_change_trans_rssi
                0x20007758      0x140 ./src/sub-systemCode/Main/CMD/COMM_CMD.o
                0x20007758                cmd_change_trans_rssi
 .text.cmd_aprs_dump
                0x20007898       0x38 ./src/sub-systemCode/Main/CMD/COMM_CMD.o
                0x20007898                cmd_aprs_dump
 .text.cmd_stop_dump
                0x200078d0       0x8c ./src/sub-systemCode/Main/CMD/COMM_CMD.o
                0x200078d0                cmd_stop_dump
 .text.cmd_time_frequency
                0x2000795c       0xf8 ./src/sub-systemCode/Main/CMD/COMM_CMD.o
                0x2000795c                cmd_time_frequency
 .text.cmd_change_def_bit_rate
                0x20007a54      0x1a8 ./src/sub-systemCode/Main/CMD/COMM_CMD.o
                0x20007a54                cmd_change_def_bit_rate
 .text.cmd_upload_volt_logic
                0x20007bfc      0x370 ./src/sub-systemCode/Main/CMD/EPS_CMD.o
                0x20007bfc                cmd_upload_volt_logic
 .text.cmd_upload_volt_COMM
                0x20007f6c      0x240 ./src/sub-systemCode/Main/CMD/EPS_CMD.o
                0x20007f6c                cmd_upload_volt_COMM
 .text.cmd_heater_temp
                0x200081ac       0xe4 ./src/sub-systemCode/Main/CMD/EPS_CMD.o
                0x200081ac                cmd_heater_temp
 .text.cmd_SHUT_ADCS
                0x20008290       0x78 ./src/sub-systemCode/Main/CMD/EPS_CMD.o
                0x20008290                cmd_SHUT_ADCS
 .text.cmd_allow_ADCS
                0x20008308       0x78 ./src/sub-systemCode/Main/CMD/EPS_CMD.o
                0x20008308                cmd_allow_ADCS
 .text.cmd_update_alpha
                0x20008380      0x120 ./src/sub-systemCode/Main/CMD/EPS_CMD.o
                0x20008380                cmd_update_alpha
 .text.cmd_resetGWT
                0x200084a0       0xa4 ./src/sub-systemCode/Main/CMD/EPS_CMD.o
                0x200084a0                cmd_resetGWT
 .text.cmd_generic_I2C
                0x20008544       0xe4 ./src/sub-systemCode/Main/CMD/General_CMD.o
                0x20008544                cmd_generic_I2C
 .text.cmd_dump
                0x20008628       0xfc ./src/sub-systemCode/Main/CMD/General_CMD.o
                0x20008628                cmd_dump
 .text.cmd_delete_TM
                0x20008724      0x24c ./src/sub-systemCode/Main/CMD/General_CMD.o
                0x20008724                cmd_delete_TM
 .text.cmd_reset_file
                0x20008970      0x130 ./src/sub-systemCode/Main/CMD/General_CMD.o
                0x20008970                cmd_reset_file
 .text.cmd_format_SD
                0x20008aa0       0xb4 ./src/sub-systemCode/Main/CMD/General_CMD.o
                0x20008aa0                cmd_format_SD
 .text.cmd_dummy_func
                0x20008b54       0x38 ./src/sub-systemCode/Main/CMD/General_CMD.o
                0x20008b54                cmd_dummy_func
 .text.cmd_reset_TLM_SD
                0x20008b8c       0x54 ./src/sub-systemCode/Main/CMD/General_CMD.o
                0x20008b8c                cmd_reset_TLM_SD
 .text.cmd_stop_TM
                0x20008be0       0x7c ./src/sub-systemCode/Main/CMD/General_CMD.o
                0x20008be0                cmd_stop_TM
 .text.cmd_resume_TM
                0x20008c5c       0x7c ./src/sub-systemCode/Main/CMD/General_CMD.o
                0x20008c5c                cmd_resume_TM
 .text.cmd_soft_reset_cmponent
                0x20008cd8       0xd0 ./src/sub-systemCode/Main/CMD/General_CMD.o
                0x20008cd8                cmd_soft_reset_cmponent
 .text.cmd_hard_reset_cmponent
                0x20008da8       0xd0 ./src/sub-systemCode/Main/CMD/General_CMD.o
                0x20008da8                cmd_hard_reset_cmponent
 .text.cmd_reset_satellite
                0x20008e78       0x90 ./src/sub-systemCode/Main/CMD/General_CMD.o
                0x20008e78                cmd_reset_satellite
 .text.cmd_gracefull_reset_satellite
                0x20008f08       0x90 ./src/sub-systemCode/Main/CMD/General_CMD.o
                0x20008f08                cmd_gracefull_reset_satellite
 .text.cmd_upload_time
                0x20008f98       0xc4 ./src/sub-systemCode/Main/CMD/General_CMD.o
                0x20008f98                cmd_upload_time
 .text.cmd_ARM_DIARM
                0x2000905c      0x104 ./src/sub-systemCode/Main/CMD/General_CMD.o
                0x2000905c                cmd_ARM_DIARM
 .text.cmd_deploy_ants
                0x20009160       0xcc ./src/sub-systemCode/Main/CMD/General_CMD.o
                0x20009160                cmd_deploy_ants
 .text.cmd_get_onlineTM
                0x2000922c      0x220 ./src/sub-systemCode/Main/CMD/General_CMD.o
                0x2000922c                cmd_get_onlineTM
 .text.cmd_reset_off_line
                0x2000944c       0x74 ./src/sub-systemCode/Main/CMD/General_CMD.o
                0x2000944c                cmd_reset_off_line
 .text.cmd_add_item_off_line
                0x200094c0      0x124 ./src/sub-systemCode/Main/CMD/General_CMD.o
                0x200094c0                cmd_add_item_off_line
 .text.cmd_delete_item_off_line
                0x200095e4       0xb0 ./src/sub-systemCode/Main/CMD/General_CMD.o
                0x200095e4                cmd_delete_item_off_line
 .text.cmd_get_off_line_setting
                0x20009694      0x1cc ./src/sub-systemCode/Main/CMD/General_CMD.o
                0x20009694                cmd_get_off_line_setting
 .text.cmd_reset_delayed_command_list
                0x20009860       0x38 ./src/sub-systemCode/Main/CMD/SW_CMD.o
                0x20009860                cmd_reset_delayed_command_list
 .text.cmd_reset_APRS_list
                0x20009898       0x3c ./src/sub-systemCode/Main/CMD/SW_CMD.o
                0x20009898                cmd_reset_APRS_list
 .text.cmd_reset_FRAM
                0x200098d4      0x100 ./src/sub-systemCode/Main/CMD/SW_CMD.o
                0x200098d4                cmd_reset_FRAM
 .text.cmd_FRAM_read
                0x200099d4      0x270 ./src/sub-systemCode/Main/CMD/SW_CMD.o
                0x200099d4                cmd_FRAM_read
 .text.cmd_FRAM_write
                0x20009c44      0x114 ./src/sub-systemCode/Main/CMD/SW_CMD.o
                0x20009c44                cmd_FRAM_write
 .text.init_Ants
                0x20009d58       0x90 ./src/sub-systemCode/Main/Ants.o
                0x20009d58                init_Ants
 .text.ARM_ants
                0x20009de8       0xb8 ./src/sub-systemCode/Main/Ants.o
                0x20009de8                ARM_ants
 .text.DISARM_ants
                0x20009ea0       0xf0 ./src/sub-systemCode/Main/Ants.o
                0x20009ea0                DISARM_ants
 .text.deploye_ants
                0x20009f90       0x90 ./src/sub-systemCode/Main/Ants.o
                0x20009f90                deploye_ants
 .text.checkDeployAttempt
                0x2000a020      0x180 ./src/sub-systemCode/Main/Ants.o
                0x2000a020                checkDeployAttempt
 .text.reset_deployStatusFRAM
                0x2000a1a0       0xdc ./src/sub-systemCode/Main/Ants.o
                0x2000a1a0                reset_deployStatusFRAM
 .text.reset_FRAM_ants
                0x2000a27c       0xc4 ./src/sub-systemCode/Main/Ants.o
                0x2000a27c                reset_FRAM_ants
 .text.DeployIfNeeded
                0x2000a340      0x188 ./src/sub-systemCode/Main/Ants.o
                0x2000a340                DeployIfNeeded
 .text.update_stopDeploy_FRAM
                0x2000a4c8       0x64 ./src/sub-systemCode/Main/Ants.o
                0x2000a4c8                update_stopDeploy_FRAM
 .text.round_vol
                0x2000a52c      0x124 ./src/sub-systemCode/Main/EPS.o
                0x2000a52c                round_vol
 .text.get_shut_ADCS
                0x2000a650       0x64 ./src/sub-systemCode/Main/EPS.o
                0x2000a650                get_shut_ADCS
 .text.shut_ADCS
                0x2000a6b4       0x60 ./src/sub-systemCode/Main/EPS.o
                0x2000a6b4                shut_ADCS
 .text.update_powerLines
                0x2000a714      0x124 ./src/sub-systemCode/Main/EPS.o
                0x2000a714                update_powerLines
 .text.get_EPS_mode_t
                0x2000a838       0x24 ./src/sub-systemCode/Main/EPS.o
                0x2000a838                get_EPS_mode_t
 .text.init_enterMode
                0x2000a85c       0x88 ./src/sub-systemCode/Main/EPS.o
                0x2000a85c                init_enterMode
 .text.EPS_Init
                0x2000a8e4      0x190 ./src/sub-systemCode/Main/EPS.o
                0x2000a8e4                EPS_Init
 .text.reset_FRAM_EPS
                0x2000aa74      0x150 ./src/sub-systemCode/Main/EPS.o
                0x2000aa74                reset_FRAM_EPS
 .text.reset_EPS_voltages
                0x2000abc4      0x110 ./src/sub-systemCode/Main/EPS.o
                0x2000abc4                reset_EPS_voltages
 .text.writeState_log
                0x2000acd4       0x94 ./src/sub-systemCode/Main/EPS.o
                0x2000acd4                writeState_log
 .text.battery_downward
                0x2000ad68       0xcc ./src/sub-systemCode/Main/EPS.o
 .text.battery_upward
                0x2000ae34       0xd8 ./src/sub-systemCode/Main/EPS.o
 .text.sanityCheck_EPS
                0x2000af0c      0x1b4 ./src/sub-systemCode/Main/EPS.o
 .text.overRide_ADCS
                0x2000b0c0       0x50 ./src/sub-systemCode/Main/EPS.o
                0x2000b0c0                overRide_ADCS
 .text.EPS_Conditioning
                0x2000b110      0x33c ./src/sub-systemCode/Main/EPS.o
                0x2000b110                EPS_Conditioning
 .text.EnterFullMode
                0x2000b44c       0xd4 ./src/sub-systemCode/Main/EPS.o
                0x2000b44c                EnterFullMode
 .text.EnterCruiseMode
                0x2000b520       0xd4 ./src/sub-systemCode/Main/EPS.o
                0x2000b520                EnterCruiseMode
 .text.EnterSafeMode
                0x2000b5f4       0xd4 ./src/sub-systemCode/Main/EPS.o
                0x2000b5f4                EnterSafeMode
 .text.EnterCriticalMode
                0x2000b6c8       0xc0 ./src/sub-systemCode/Main/EPS.o
                0x2000b6c8                EnterCriticalMode
 .text.get_FRAMVoltageTable
                0x2000b788       0xb0 ./src/sub-systemCode/Main/EPS.o
 .text.WriteCurrentTelemetry
                0x2000b838      0x104 ./src/sub-systemCode/Main/EPS.o
                0x2000b838                WriteCurrentTelemetry
 .text.convert_raw_voltage
                0x2000b93c       0xd8 ./src/sub-systemCode/Main/EPS.o
                0x2000b93c                convert_raw_voltage
 .text.check_EPSTableCorrection
                0x2000ba14      0x120 ./src/sub-systemCode/Main/EPS.o
                0x2000ba14                check_EPSTableCorrection
 .text.save_ACK
                0x2000bb34       0xc8 ./src/sub-systemCode/Main/HouseKeeping.o
                0x2000bb34                save_ACK
 .text.set_GP_EPS
                0x2000bbfc      0x10c ./src/sub-systemCode/Main/HouseKeeping.o
                0x2000bbfc                set_GP_EPS
 .text.set_GP_COMM
                0x2000bd08       0x88 ./src/sub-systemCode/Main/HouseKeeping.o
                0x2000bd08                set_GP_COMM
 .text.SP_HK_collect
                0x2000bd90      0x20c ./src/sub-systemCode/Main/HouseKeeping.o
                0x2000bd90                SP_HK_collect
 .text.EPS_HK_collect
                0x2000bf9c      0x528 ./src/sub-systemCode/Main/HouseKeeping.o
                0x2000bf9c                EPS_HK_collect
 .text.COMM_HK_collect
                0x2000c4c4      0x2d0 ./src/sub-systemCode/Main/HouseKeeping.o
                0x2000c4c4                COMM_HK_collect
 .text.FS_HK_collect
                0x2000c794      0x19c ./src/sub-systemCode/Main/HouseKeeping.o
                0x2000c794                FS_HK_collect
 .text.HK_find_ADCSTM_fileName
                0x2000c930      0x44c ./src/sub-systemCode/Main/HouseKeeping.o
                0x2000c930                HK_find_ADCSTM_fileName
 .text.HK_find_fileName
                0x2000cd7c      0x174 ./src/sub-systemCode/Main/HouseKeeping.o
                0x2000cd7c                HK_find_fileName
 .text.HK_find_ADCSTM_ElementSize
                0x2000cef0      0x1b8 ./src/sub-systemCode/Main/HouseKeeping.o
                0x2000cef0                HK_find_ADCSTM_ElementSize
 .text.HK_findElementSize
                0x2000d0a8       0xd4 ./src/sub-systemCode/Main/HouseKeeping.o
                0x2000d0a8                HK_findElementSize
 .text.build_HK_spl_packet
                0x2000d17c      0x27c ./src/sub-systemCode/Main/HouseKeeping.o
                0x2000d17c                build_HK_spl_packet
 .text.numberOfRestarts
                0x2000d3f8       0x94 ./src/sub-systemCode/Main/Main_Init.o
                0x2000d3f8                numberOfRestarts
 .text.StartFRAM
                0x2000d48c       0x1c ./src/sub-systemCode/Main/Main_Init.o
                0x2000d48c                StartFRAM
 .text.StartI2C
                0x2000d4a8       0x28 ./src/sub-systemCode/Main/Main_Init.o
                0x2000d4a8                StartI2C
 .text.StartSPI
                0x2000d4d0       0x24 ./src/sub-systemCode/Main/Main_Init.o
                0x2000d4d0                StartSPI
 .text.StartTIME
                0x2000d4f4      0x104 ./src/sub-systemCode/Main/Main_Init.o
                0x2000d4f4                StartTIME
 .text.first_activation
                0x2000d5f8       0x7c ./src/sub-systemCode/Main/Main_Init.o
                0x2000d5f8                first_activation
 .text.InitSubsystems
                0x2000d674       0x6c ./src/sub-systemCode/Main/Main_Init.o
                0x2000d674                InitSubsystems
 .text.SubSystemTaskStart
                0x2000d6e0      0x124 ./src/sub-systemCode/Main/Main_Init.o
                0x2000d6e0                SubSystemTaskStart
 .text.copy_command
                0x2000d804       0x80 ./src/sub-systemCode/Main/commands.o
                0x2000d804                copy_command
 .text.reset_command
                0x2000d884       0x28 ./src/sub-systemCode/Main/commands.o
                0x2000d884                reset_command
 .text.init_command
                0x2000d8ac       0xf4 ./src/sub-systemCode/Main/commands.o
                0x2000d8ac                init_command
 .text.add_command
                0x2000d9a0      0x12c ./src/sub-systemCode/Main/commands.o
                0x2000d9a0                add_command
 .text.get_command
                0x2000dacc      0x1c0 ./src/sub-systemCode/Main/commands.o
                0x2000dacc                get_command
 .text.act_upon_command
                0x2000dc8c      0x18c ./src/sub-systemCode/Main/commands.o
                0x2000dc8c                act_upon_command
 .text.cmd_error
                0x2000de18       0x38 ./src/sub-systemCode/Main/commands.o
                0x2000de18                cmd_error
 .text.AUC_COMM
                0x2000de50      0x25c ./src/sub-systemCode/Main/commands.o
                0x2000de50                AUC_COMM
 .text.AUC_general
                0x2000e0ac      0x3ec ./src/sub-systemCode/Main/commands.o
                0x2000e0ac                AUC_general
 .text.AUC_EPS  0x2000e498      0x24c ./src/sub-systemCode/Main/commands.o
                0x2000e498                AUC_EPS
 .text.AUC_SW   0x2000e6e4      0x1cc ./src/sub-systemCode/Main/commands.o
                0x2000e6e4                AUC_SW
 .text.AUC_onlineTM
                0x2000e8b0      0x1f0 ./src/sub-systemCode/Main/commands.o
                0x2000e8b0                AUC_onlineTM
 .text.AUC_CUF  0x2000eaa0      0x160 ./src/sub-systemCode/Main/commands.o
                0x2000eaa0                AUC_CUF
 .text.init_GenericSaveQueue
                0x2000ec00       0x3c ./src/sub-systemCode/Global/GenericTaskSave.o
                0x2000ec00                init_GenericSaveQueue
 .text.add_GenericElement_queue
                0x2000ec3c       0x80 ./src/sub-systemCode/Global/GenericTaskSave.o
                0x2000ec3c                add_GenericElement_queue
 .text.GenericSave_Task
                0x2000ecbc      0x128 ./src/sub-systemCode/Global/GenericTaskSave.o
                0x2000ecbc                GenericSave_Task
 .text.check_int
                0x2000ede4       0x20 ./src/sub-systemCode/Global/Global.o
                0x2000ede4                check_int
 .text.check_portBASE_TYPE
                0x2000ee04       0x20 ./src/sub-systemCode/Global/Global.o
                0x2000ee04                check_portBASE_TYPE
 .text.print_array
                0x2000ee24       0x20 ./src/sub-systemCode/Global/Global.o
                0x2000ee24                print_array
 .text.switch_endian
                0x2000ee44       0xc4 ./src/sub-systemCode/Global/Global.o
                0x2000ee44                switch_endian
 .text.double_little_endian
                0x2000ef08       0x98 ./src/sub-systemCode/Global/Global.o
                0x2000ef08                double_little_endian
 .text.soft_reset_subsystem
                0x2000efa0       0xfc ./src/sub-systemCode/Global/Global.o
                0x2000efa0                soft_reset_subsystem
 .text.hard_reset_subsystem
                0x2000f09c      0x138 ./src/sub-systemCode/Global/Global.o
                0x2000f09c                hard_reset_subsystem
 .text.BigEnE_raw_to_uInt
                0x2000f1d4       0x94 ./src/sub-systemCode/Global/Global.o
                0x2000f1d4                BigEnE_raw_to_uInt
 .text.BigEnE_raw_to_uShort
                0x2000f268       0x50 ./src/sub-systemCode/Global/Global.o
                0x2000f268                BigEnE_raw_to_uShort
 .text.BigEnE_uInt_to_raw
                0x2000f2b8       0x78 ./src/sub-systemCode/Global/Global.o
                0x2000f2b8                BigEnE_uInt_to_raw
 .text.BigEnE_raw_value
                0x2000f330       0xb8 ./src/sub-systemCode/Global/Global.o
                0x2000f330                BigEnE_raw_value
 .text.fram_byte_fix
                0x2000f3e8      0x16c ./src/sub-systemCode/Global/Global.o
                0x2000f3e8                fram_byte_fix
 .text.comapre_string
                0x2000f554       0x84 ./src/sub-systemCode/Global/Global.o
                0x2000f554                comapre_string
 .text.reset_FRAM_MAIN
                0x2000f5d8      0x1cc ./src/sub-systemCode/Global/Global.o
                0x2000f5d8                reset_FRAM_MAIN
 .text.getBitValueByIndex
                0x2000f7a4       0xd0 ./src/sub-systemCode/Global/Global.o
                0x2000f7a4                getBitValueByIndex
 .text.FRAM_write_exte
                0x2000f874       0x84 ./src/sub-systemCode/Global/Global.o
                0x2000f874                FRAM_write_exte
 .text.FRAM_read_exte
                0x2000f8f8       0x84 ./src/sub-systemCode/Global/Global.o
                0x2000f8f8                FRAM_read_exte
 .text.FRAM_writeAndVerify_exte
                0x2000f97c       0x84 ./src/sub-systemCode/Global/Global.o
                0x2000f97c                FRAM_writeAndVerify_exte
 .text.init_GP  0x2000fa00      0x364 ./src/sub-systemCode/Global/GlobalParam.o
                0x2000fa00                init_GP
 .text.get_system_state
                0x2000fd64      0x200 ./src/sub-systemCode/Global/GlobalParam.o
                0x2000fd64                get_system_state
 .text.set_system_state
                0x2000ff64      0x228 ./src/sub-systemCode/Global/GlobalParam.o
                0x2000ff64                set_system_state
 .text.get_systems_state_param
                0x2001018c       0x8c ./src/sub-systemCode/Global/GlobalParam.o
                0x2001018c                get_systems_state_param
 .text.get_current_global_param
                0x20010218      0x55c ./src/sub-systemCode/Global/GlobalParam.o
                0x20010218                get_current_global_param
 .text.set_Vbatt
                0x20010774       0x8c ./src/sub-systemCode/Global/GlobalParam.o
                0x20010774                set_Vbatt
 .text.get_Vbatt
                0x20010800       0x8c ./src/sub-systemCode/Global/GlobalParam.o
                0x20010800                get_Vbatt
 .text.get_curBat
                0x2001088c       0x94 ./src/sub-systemCode/Global/GlobalParam.o
                0x2001088c                get_curBat
 .text.set_curBat
                0x20010920       0x8c ./src/sub-systemCode/Global/GlobalParam.o
                0x20010920                set_curBat
 .text.get_cur3V3
                0x200109ac       0x94 ./src/sub-systemCode/Global/GlobalParam.o
                0x200109ac                get_cur3V3
 .text.set_cur3V3
                0x20010a40       0x8c ./src/sub-systemCode/Global/GlobalParam.o
                0x20010a40                set_cur3V3
 .text.get_cur5V
                0x20010acc       0x94 ./src/sub-systemCode/Global/GlobalParam.o
                0x20010acc                get_cur5V
 .text.set_cur5V
                0x20010b60       0x8c ./src/sub-systemCode/Global/GlobalParam.o
                0x20010b60                set_cur5V
 .text.get_tempComm_LO
                0x20010bec      0x108 ./src/sub-systemCode/Global/GlobalParam.o
                0x20010bec                get_tempComm_LO
 .text.set_tempComm_LO
                0x20010cf4       0x8c ./src/sub-systemCode/Global/GlobalParam.o
                0x20010cf4                set_tempComm_LO
 .text.get_tempComm_PA
                0x20010d80      0x108 ./src/sub-systemCode/Global/GlobalParam.o
                0x20010d80                get_tempComm_PA
 .text.set_tempComm_PA
                0x20010e88       0x8c ./src/sub-systemCode/Global/GlobalParam.o
                0x20010e88                set_tempComm_PA
 .text.get_tempEPS
                0x20010f14       0xe8 ./src/sub-systemCode/Global/GlobalParam.o
                0x20010f14                get_tempEPS
 .text.set_tempEPS
                0x20010ffc       0xc8 ./src/sub-systemCode/Global/GlobalParam.o
                0x20010ffc                set_tempEPS
 .text.get_tempBatt
                0x200110c4       0xe8 ./src/sub-systemCode/Global/GlobalParam.o
                0x200110c4                get_tempBatt
 .text.set_tempBatt
                0x200111ac       0xc8 ./src/sub-systemCode/Global/GlobalParam.o
                0x200111ac                set_tempBatt
 .text.get_RxDoppler
                0x20011274       0x94 ./src/sub-systemCode/Global/GlobalParam.o
                0x20011274                get_RxDoppler
 .text.set_RxDoppler
                0x20011308       0x8c ./src/sub-systemCode/Global/GlobalParam.o
                0x20011308                set_RxDoppler
 .text.get_RxRSSI
                0x20011394       0x94 ./src/sub-systemCode/Global/GlobalParam.o
                0x20011394                get_RxRSSI
 .text.set_RxRSSI
                0x20011428       0x8c ./src/sub-systemCode/Global/GlobalParam.o
                0x20011428                set_RxRSSI
 .text.get_TxRefl
                0x200114b4       0x94 ./src/sub-systemCode/Global/GlobalParam.o
                0x200114b4                get_TxRefl
 .text.set_TxRefl
                0x20011548       0x8c ./src/sub-systemCode/Global/GlobalParam.o
                0x20011548                set_TxRefl
 .text.get_TxForw
                0x200115d4       0x94 ./src/sub-systemCode/Global/GlobalParam.o
                0x200115d4                get_TxForw
 .text.set_TxForw
                0x20011668       0x8c ./src/sub-systemCode/Global/GlobalParam.o
                0x20011668                set_TxForw
 .text.get_Attitude
                0x200116f4      0x120 ./src/sub-systemCode/Global/GlobalParam.o
                0x200116f4                get_Attitude
 .text.set_Attitude
                0x20011814       0xe0 ./src/sub-systemCode/Global/GlobalParam.o
                0x20011814                set_Attitude
 .text.get_FS_failFlag
                0x200118f4       0x94 ./src/sub-systemCode/Global/GlobalParam.o
                0x200118f4                get_FS_failFlag
 .text.set_FS_failFlag
                0x20011988       0x8c ./src/sub-systemCode/Global/GlobalParam.o
                0x20011988                set_FS_failFlag
 .text.get_EPSState
                0x20011a14       0x94 ./src/sub-systemCode/Global/GlobalParam.o
                0x20011a14                get_EPSState
 .text.set_EPSState
                0x20011aa8       0x8c ./src/sub-systemCode/Global/GlobalParam.o
                0x20011aa8                set_EPSState
 .text.get_numOfDelayedCommand
                0x20011b34       0x94 ./src/sub-systemCode/Global/GlobalParam.o
                0x20011b34                get_numOfDelayedCommand
 .text.set_numOfDelayedCommand
                0x20011bc8       0x8c ./src/sub-systemCode/Global/GlobalParam.o
                0x20011bc8                set_numOfDelayedCommand
 .text.set_numOfResets
                0x20011c54       0xac ./src/sub-systemCode/Global/GlobalParam.o
                0x20011c54                set_numOfResets
 .text.get_numOfResets
                0x20011d00       0xa4 ./src/sub-systemCode/Global/GlobalParam.o
                0x20011d00                get_numOfResets
 .text.set_lastReset
                0x20011da4       0xac ./src/sub-systemCode/Global/GlobalParam.o
                0x20011da4                set_lastReset
 .text.get_lastReset
                0x20011e50       0xa4 ./src/sub-systemCode/Global/GlobalParam.o
                0x20011e50                get_lastReset
 .text.set_ground_conn
                0x20011ef4       0xa0 ./src/sub-systemCode/Global/GlobalParam.o
                0x20011ef4                set_ground_conn
 .text.get_ground_conn
                0x20011f94       0xa0 ./src/sub-systemCode/Global/GlobalParam.o
                0x20011f94                get_ground_conn
 .text.IsisAntS_getStatusData_sideA
                0x20012034       0x3c ./src/sub-systemCode/Global/OnlineTM.o
                0x20012034                IsisAntS_getStatusData_sideA
 .text.IsisAntS_getAlltelemetry_sideA
                0x20012070       0x3c ./src/sub-systemCode/Global/OnlineTM.o
                0x20012070                IsisAntS_getAlltelemetry_sideA
 .text.IsisAntS_getTemperature_sideA
                0x200120ac       0x3c ./src/sub-systemCode/Global/OnlineTM.o
                0x200120ac                IsisAntS_getTemperature_sideA
 .text.IsisAntS_getStatusData_sideB
                0x200120e8       0x3c ./src/sub-systemCode/Global/OnlineTM.o
                0x200120e8                IsisAntS_getStatusData_sideB
 .text.IsisAntS_getAlltelemetry_sideB
                0x20012124       0x3c ./src/sub-systemCode/Global/OnlineTM.o
                0x20012124                IsisAntS_getAlltelemetry_sideB
 .text.IsisAntS_getTemperature_sideB
                0x20012160       0x3c ./src/sub-systemCode/Global/OnlineTM.o
                0x20012160                IsisAntS_getTemperature_sideB
 .text.HK_collect_EPS
                0x2001219c       0x30 ./src/sub-systemCode/Global/OnlineTM.o
                0x2001219c                HK_collect_EPS
 .text.HK_collect_COMM
                0x200121cc       0x30 ./src/sub-systemCode/Global/OnlineTM.o
                0x200121cc                HK_collect_COMM
 .text.HK_collect_SP
                0x200121fc       0x30 ./src/sub-systemCode/Global/OnlineTM.o
                0x200121fc                HK_collect_SP
 .text.HK_collect_FS_A
                0x2001222c       0x9c ./src/sub-systemCode/Global/OnlineTM.o
                0x2001222c                HK_collect_FS_A
 .text.HK_collect_FS_B
                0x200122c8       0x9c ./src/sub-systemCode/Global/OnlineTM.o
                0x200122c8                HK_collect_FS_B
 .text.save_offlineSetting_FRAM
                0x20012364      0x26c ./src/sub-systemCode/Global/OnlineTM.o
                0x20012364                save_offlineSetting_FRAM
 .text.get_offlineSetting_FRAM
                0x200125d0       0x58 ./src/sub-systemCode/Global/OnlineTM.o
                0x200125d0                get_offlineSetting_FRAM
 .text.update_offlineSetting_FRAM
                0x20012628      0x360 ./src/sub-systemCode/Global/OnlineTM.o
                0x20012628                update_offlineSetting_FRAM
 .text.get_offlineSettingPacket
                0x20012988       0xc4 ./src/sub-systemCode/Global/OnlineTM.o
                0x20012988                get_offlineSettingPacket
 .text.get_item_by_index
                0x20012a4c       0xdc ./src/sub-systemCode/Global/OnlineTM.o
                0x20012a4c                get_item_by_index
 .text.get_pointer_item_by_index
                0x20012b28       0x48 ./src/sub-systemCode/Global/OnlineTM.o
                0x20012b28                get_pointer_item_by_index
 .text.init_onlineParam
                0x20012b70     0x2d74 ./src/sub-systemCode/Global/OnlineTM.o
                0x20012b70                init_onlineParam
 .text.reset_offline_TM_list
                0x200158e4      0x184 ./src/sub-systemCode/Global/OnlineTM.o
                0x200158e4                reset_offline_TM_list
 .text.get_online_packet
                0x20015a68      0x25c ./src/sub-systemCode/Global/OnlineTM.o
                0x20015a68                get_online_packet
 .text.save_onlineTM_param
                0x20015cc4      0x1b4 ./src/sub-systemCode/Global/OnlineTM.o
                0x20015cc4                save_onlineTM_param
 .text.add_onlineTM_param_to_save_list
                0x20015e78      0x3e4 ./src/sub-systemCode/Global/OnlineTM.o
                0x20015e78                add_onlineTM_param_to_save_list
 .text.delete_onlineTM_param_from_offline
                0x2001625c      0x1a8 ./src/sub-systemCode/Global/OnlineTM.o
                0x2001625c                delete_onlineTM_param_from_offline
 .text.save_onlineTM_logic
                0x20016404      0x2c0 ./src/sub-systemCode/Global/OnlineTM.o
                0x20016404                save_onlineTM_logic
 .text.updateSD_state
                0x200166c4       0xc0 ./src/sub-systemCode/Global/OnlineTM.o
                0x200166c4                updateSD_state
 .text.sleepRTC_second
                0x20016784       0x64 ./src/sub-systemCode/Global/OnlineTM.o
 .text.save_onlineTM_task
                0x200167e8       0xe8 ./src/sub-systemCode/Global/OnlineTM.o
                0x200167e8                save_onlineTM_task
 .text.getSdIndex
                0x200168d0       0x44 ./src/sub-systemCode/Global/TLM_management.o
 .text.reset_FRAM_FS
                0x20016914       0x4c ./src/sub-systemCode/Global/TLM_management.o
                0x20016914                reset_FRAM_FS
 .text.TLMfile  0x20016960       0x64 ./src/sub-systemCode/Global/TLM_management.o
                0x20016960                TLMfile
 .text.sd_format
                0x200169c4       0x28 ./src/sub-systemCode/Global/TLM_management.o
                0x200169c4                sd_format
 .text.deleteDir
                0x200169ec       0xfc ./src/sub-systemCode/Global/TLM_management.o
                0x200169ec                deleteDir
 .text.getNumOfFilesInFS
                0x20016ae8       0x44 ./src/sub-systemCode/Global/TLM_management.o
 .text.setNumOfFilesInFS
                0x20016b2c       0x48 ./src/sub-systemCode/Global/TLM_management.o
 .text.f_managed_enterFS
                0x20016b74       0x18 ./src/sub-systemCode/Global/TLM_management.o
                0x20016b74                f_managed_enterFS
 .text.f_managed_releaseFS
                0x20016b8c       0x18 ./src/sub-systemCode/Global/TLM_management.o
                0x20016b8c                f_managed_releaseFS
 .text.f_managed_open
                0x20016ba4      0x110 ./src/sub-systemCode/Global/TLM_management.o
                0x20016ba4                f_managed_open
 .text.f_managed_close
                0x20016cb4       0x84 ./src/sub-systemCode/Global/TLM_management.o
                0x20016cb4                f_managed_close
 .text.createSemahores_FS
                0x20016d38       0x48 ./src/sub-systemCode/Global/TLM_management.o
                0x20016d38                createSemahores_FS
 .text.InitializeFS
                0x20016d80      0x17c ./src/sub-systemCode/Global/TLM_management.o
                0x20016d80                InitializeFS
 .text.c_fileCreate
                0x20016efc      0x110 ./src/sub-systemCode/Global/TLM_management.o
                0x20016efc                c_fileCreate
 .text.writewithEpochtime
                0x2001700c       0x90 ./src/sub-systemCode/Global/TLM_management.o
 .text.get_C_FILE_struct
                0x2001709c       0xe4 ./src/sub-systemCode/Global/TLM_management.o
 .text.getFileIndex
                0x20017180       0x84 ./src/sub-systemCode/Global/TLM_management.o
 .text.get_file_name_by_index
                0x20017204       0x44 ./src/sub-systemCode/Global/TLM_management.o
                0x20017204                get_file_name_by_index
 .text.c_fileReset
                0x20017248       0xd0 ./src/sub-systemCode/Global/TLM_management.o
                0x20017248                c_fileReset
 .text.c_fileWrite
                0x20017318      0x154 ./src/sub-systemCode/Global/TLM_management.o
                0x20017318                c_fileWrite
 .text.deleteElementsFromFile
                0x2001746c      0x1a0 ./src/sub-systemCode/Global/TLM_management.o
 .text.c_fileDeleteElements
                0x2001760c      0x158 ./src/sub-systemCode/Global/TLM_management.o
                0x2001760c                c_fileDeleteElements
 .text.c_fileRead
                0x20017764      0x3a8 ./src/sub-systemCode/Global/TLM_management.o
                0x20017764                c_fileRead
 .text.DeInitializeFS
                0x20017b0c       0x30 ./src/sub-systemCode/Global/TLM_management.o
                0x20017b0c                DeInitializeFS
 .text.xSemaphoreGive_extended
                0x20017b3c       0x48 ./src/sub-systemCode/Global/freertosExtended.o
                0x20017b3c                xSemaphoreGive_extended
 .text.xSemaphoreTake_extended
                0x20017b84       0x54 ./src/sub-systemCode/Global/freertosExtended.o
                0x20017b84                xSemaphoreTake_extended
 .text.WriteLog
                0x20017bd8       0xa8 ./src/sub-systemCode/Global/logger.o
 .text.WriteErrorLog
                0x20017c80       0x64 ./src/sub-systemCode/Global/logger.o
                0x20017c80                WriteErrorLog
 .text.WriteResetLog
                0x20017ce4       0x54 ./src/sub-systemCode/Global/logger.o
                0x20017ce4                WriteResetLog
 .text.WritePayloadLog
                0x20017d38       0x50 ./src/sub-systemCode/Global/logger.o
                0x20017d38                WritePayloadLog
 .text.WriteEpsLog
                0x20017d88       0x4c ./src/sub-systemCode/Global/logger.o
                0x20017d88                WriteEpsLog
 .text.WriteTransponderLog
                0x20017dd4       0x50 ./src/sub-systemCode/Global/logger.o
                0x20017dd4                WriteTransponderLog
 .text.WriteAdcsLog
                0x20017e24       0x50 ./src/sub-systemCode/Global/logger.o
                0x20017e24                WriteAdcsLog
 .text.WriteCUFLog
                0x20017e74       0x50 ./src/sub-systemCode/Global/logger.o
                0x20017e74                WriteCUFLog
 .text.CUFTestFunction
                0x20017ec4       0x48 ./src/sub-systemCode/CUF/CUF.o
                0x20017ec4                CUFTestFunction
 .text.CUFTestFunction2
                0x20017f0c       0x28 ./src/sub-systemCode/CUF/CUF.o
                0x20017f0c                CUFTestFunction2
 .text.castCharPointerToInt
                0x20017f34       0x84 ./src/sub-systemCode/CUF/CUF.o
                0x20017f34                castCharPointerToInt
 .text.castCharArrayToIntArray
                0x20017fb8       0xa4 ./src/sub-systemCode/CUF/CUF.o
                0x20017fb8                castCharArrayToIntArray
 .text.SavePerminantCUF
                0x2001805c      0x1b0 ./src/sub-systemCode/CUF/CUF.o
                0x2001805c                SavePerminantCUF
 .text.LoadPerminantCUF
                0x2001820c      0x1ac ./src/sub-systemCode/CUF/CUF.o
                0x2001820c                LoadPerminantCUF
 .text.CheckResetThreashold
                0x200183b8      0x160 ./src/sub-systemCode/CUF/CUF.o
                0x200183b8                CheckResetThreashold
 .text.CUFManageRestart
                0x20018518      0x1d0 ./src/sub-systemCode/CUF/CUF.o
                0x20018518                CUFManageRestart
 .text.InitCUF  0x200186e8      0x12c ./src/sub-systemCode/CUF/CUF.o
                0x200186e8                InitCUF
 .text.CUFSwitch
                0x20018814       0x30 ./src/sub-systemCode/CUF/CUF.o
                0x20018814                CUFSwitch
 .text.GenerateSSH
                0x20018844       0xb8 ./src/sub-systemCode/CUF/CUF.o
                0x20018844                GenerateSSH
 .text.getExtendedName
                0x200188fc       0xc4 ./src/sub-systemCode/CUF/CUF.o
                0x200188fc                getExtendedName
 .text.AuthenticateCUF
                0x200189c0       0x84 ./src/sub-systemCode/CUF/CUF.o
                0x200189c0                AuthenticateCUF
 .text.UpdatePerminantCUF
                0x20018a44       0x94 ./src/sub-systemCode/CUF/CUF.o
                0x20018a44                UpdatePerminantCUF
 .text.RemoveCUF
                0x20018ad8      0x1c0 ./src/sub-systemCode/CUF/CUF.o
                0x20018ad8                RemoveCUF
 .text.ExecuteCUF
                0x20018c98       0xd4 ./src/sub-systemCode/CUF/CUF.o
                0x20018c98                ExecuteCUF
 .text.IntegrateCUF
                0x20018d6c      0x170 ./src/sub-systemCode/CUF/CUF.o
                0x20018d6c                IntegrateCUF
 .text.AddToCUFTempArray
                0x20018edc       0xa0 ./src/sub-systemCode/CUF/CUF.o
                0x20018edc                AddToCUFTempArray
 .text.GetFromCUFTempArray
                0x20018f7c       0xe0 ./src/sub-systemCode/CUF/CUF.o
                0x20018f7c                GetFromCUFTempArray
 .text.DisableCUF
                0x2001905c       0xb0 ./src/sub-systemCode/CUF/CUF.o
                0x2001905c                DisableCUF
 .text.EnableCUF
                0x2001910c       0xb0 ./src/sub-systemCode/CUF/CUF.o
                0x2001910c                EnableCUF
 .text.CUFTest  0x200191bc      0x12c ./src/sub-systemCode/CUF/CUF.o
                0x200191bc                CUFTest
 .text.funcsPointerToArr
                0x200192e8     0x35c0 ./src/sub-systemCode/CUF/CUF.o
                0x200192e8                funcsPointerToArr
 .text.initializeUpload
                0x2001c8a8       0x94 ./src/sub-systemCode/CUF/uploadCodeTelemetry.o
                0x2001c8a8                initializeUpload
 .text.removeFiles
                0x2001c93c      0x16c ./src/sub-systemCode/CUF/uploadCodeTelemetry.o
                0x2001c93c                removeFiles
 .text.loadBackup
                0x2001caa8      0x144 ./src/sub-systemCode/CUF/uploadCodeTelemetry.o
                0x2001caa8                loadBackup
 .text.addToArray
                0x2001cbec       0xcc ./src/sub-systemCode/CUF/uploadCodeTelemetry.o
                0x2001cbec                addToArray
 .text.headerHandle
                0x2001ccb8       0xb8 ./src/sub-systemCode/CUF/uploadCodeTelemetry.o
                0x2001ccb8                headerHandle
 .text.startCUFintegration
                0x2001cd70      0x134 ./src/sub-systemCode/CUF/uploadCodeTelemetry.o
                0x2001cd70                startCUFintegration
 .text.saveBackup
                0x2001cea4       0xfc ./src/sub-systemCode/CUF/uploadCodeTelemetry.o
                0x2001cea4                saveBackup
 .text.saveAck  0x2001cfa0       0x1c ./src/sub-systemCode/CUF/uploadCodeTelemetry.o
                0x2001cfa0                saveAck
 .text.reset_APRS_list
                0x2001cfbc       0x20 ./src/sub-systemCode/COMM/APRS.o
                0x2001cfbc                reset_APRS_list
 .text.send_APRS_Dump
                0x2001cfdc       0x20 ./src/sub-systemCode/COMM/APRS.o
                0x2001cfdc                send_APRS_Dump
 .text.check_APRS
                0x2001cffc       0x24 ./src/sub-systemCode/COMM/APRS.o
                0x2001cffc                check_APRS
 .text.get_APRS_list
                0x2001d020       0x18 ./src/sub-systemCode/COMM/APRS.o
                0x2001d020                get_APRS_list
 .text.find_CMD_in_list
                0x2001d038       0x7c ./src/sub-systemCode/COMM/DelayedCommand_list.o
                0x2001d038                find_CMD_in_list
 .text.find_empty_in_list
                0x2001d0b4       0x74 ./src/sub-systemCode/COMM/DelayedCommand_list.o
                0x2001d0b4                find_empty_in_list
 .text.check_delayCommandTime
                0x2001d128       0xa8 ./src/sub-systemCode/COMM/DelayedCommand_list.o
                0x2001d128                check_delayCommandTime
 .text.execute_delayedCommand
                0x2001d1d0       0x64 ./src/sub-systemCode/COMM/DelayedCommand_list.o
                0x2001d1d0                execute_delayedCommand
 .text.check_delaycommand
                0x2001d234      0x1e0 ./src/sub-systemCode/COMM/DelayedCommand_list.o
                0x2001d234                check_delaycommand
 .text.reset_delayCommand
                0x2001d414       0xc0 ./src/sub-systemCode/COMM/DelayedCommand_list.o
                0x2001d414                reset_delayCommand
 .text.add_delayCommand
                0x2001d4d4      0x24c ./src/sub-systemCode/COMM/DelayedCommand_list.o
                0x2001d4d4                add_delayCommand
 .text.get_delayCommand_list
                0x2001d720       0xd0 ./src/sub-systemCode/COMM/DelayedCommand_list.o
                0x2001d720                get_delayCommand_list
 .text.EmptyOldestCommand
                0x2001d7f0       0xfc ./src/sub-systemCode/COMM/DelayedCommand_list.o
                0x2001d7f0                EmptyOldestCommand
 .text.decode_TCpacket
                0x2001d8ec      0x16c ./src/sub-systemCode/COMM/GSC.o
                0x2001d8ec                decode_TCpacket
 .text.encode_TCpacket
                0x2001da58      0x114 ./src/sub-systemCode/COMM/GSC.o
                0x2001da58                encode_TCpacket
 .text.decode_TMpacket
                0x2001db6c       0xfc ./src/sub-systemCode/COMM/GSC.o
                0x2001db6c                decode_TMpacket
 .text.encode_TMpacket
                0x2001dc68      0x104 ./src/sub-systemCode/COMM/GSC.o
                0x2001dc68                encode_TMpacket
 .text.build_raw_ACK
                0x2001dd6c       0xbc ./src/sub-systemCode/COMM/GSC.o
                0x2001dd6c                build_raw_ACK
 .text.build_data_field_ACK
                0x2001de28       0x74 ./src/sub-systemCode/COMM/GSC.o
                0x2001de28                build_data_field_ACK
 .text.print_TM_spl_packet
                0x2001de9c       0xdc ./src/sub-systemCode/COMM/GSC.o
                0x2001de9c                print_TM_spl_packet
 .text.update_FRAM_bitRate
                0x2001df78       0xf8 ./src/sub-systemCode/COMM/TRXVU.o
                0x2001df78                update_FRAM_bitRate
 .text.idle_state_
                0x2001e070       0x78 ./src/sub-systemCode/COMM/TRXVU.o
                0x2001e070                idle_state_
 .text.toggle_idle_state
                0x2001e0e8       0x64 ./src/sub-systemCode/COMM/TRXVU.o
                0x2001e0e8                toggle_idle_state
 .text.TRXVU_init_hardWare
                0x2001e14c       0xc8 ./src/sub-systemCode/COMM/TRXVU.o
                0x2001e14c                TRXVU_init_hardWare
 .text.TRXVU_init_softWare
                0x2001e214      0x124 ./src/sub-systemCode/COMM/TRXVU.o
                0x2001e214                TRXVU_init_softWare
 .text.init_trxvu
                0x2001e338       0x14 ./src/sub-systemCode/COMM/TRXVU.o
                0x2001e338                init_trxvu
 .text.TRXVU_task
                0x2001e34c       0xb8 ./src/sub-systemCode/COMM/TRXVU.o
                0x2001e34c                TRXVU_task
 .text.dump_logic
                0x2001e404      0x3b8 ./src/sub-systemCode/COMM/TRXVU.o
                0x2001e404                dump_logic
 .text.Dump_task
                0x2001e7bc      0x1d4 ./src/sub-systemCode/COMM/TRXVU.o
                0x2001e7bc                Dump_task
 .text.transponder_logic
                0x2001e990      0x128 ./src/sub-systemCode/COMM/TRXVU.o
                0x2001e990                transponder_logic
 .text.Transponder_task
                0x2001eab8      0x1b0 ./src/sub-systemCode/COMM/TRXVU.o
                0x2001eab8                Transponder_task
 .text.lookForRequestToDelete_transponder
                0x2001ec68       0x8c ./src/sub-systemCode/COMM/TRXVU.o
                0x2001ec68                lookForRequestToDelete_transponder
 .text.lookForRequestToDelete_dump
                0x2001ecf4       0x88 ./src/sub-systemCode/COMM/TRXVU.o
                0x2001ecf4                lookForRequestToDelete_dump
 .text.sendRequestToStop_dump
                0x2001ed7c       0x8c ./src/sub-systemCode/COMM/TRXVU.o
                0x2001ed7c                sendRequestToStop_dump
 .text.sendRequestToStop_transponder
                0x2001ee08       0x8c ./src/sub-systemCode/COMM/TRXVU.o
                0x2001ee08                sendRequestToStop_transponder
 .text.Rx_logic
                0x2001ee94      0x1d4 ./src/sub-systemCode/COMM/TRXVU.o
                0x2001ee94                Rx_logic
 .text.pass_above_Ground
                0x2001f068      0x15c ./src/sub-systemCode/COMM/TRXVU.o
                0x2001f068                pass_above_Ground
 .text.check_TRXVUState
                0x2001f1c4      0x18c ./src/sub-systemCode/COMM/TRXVU.o
                0x2001f1c4                check_TRXVUState
 .text.trxvu_logic
                0x2001f350       0x20 ./src/sub-systemCode/COMM/TRXVU.o
                0x2001f350                trxvu_logic
 .text.Beacon_task
                0x2001f370      0x188 ./src/sub-systemCode/COMM/TRXVU.o
                0x2001f370                Beacon_task
 .text.buildAndSend_beacon
                0x2001f4f8      0x5c0 ./src/sub-systemCode/COMM/TRXVU.o
                0x2001f4f8                buildAndSend_beacon
 .text.reset_FRAM_TRXVU
                0x2001fab8      0x204 ./src/sub-systemCode/COMM/TRXVU.o
                0x2001fab8                reset_FRAM_TRXVU
 .text.TRX_sendFrame
                0x2001fcbc      0x1bc ./src/sub-systemCode/COMM/TRXVU.o
                0x2001fcbc                TRX_sendFrame
 .text.TRX_sendFrame_alt
                0x2001fe78      0x168 ./src/sub-systemCode/COMM/TRXVU.o
 .text.TRX_getFrameData
                0x2001ffe0      0x144 ./src/sub-systemCode/COMM/TRXVU.o
                0x2001ffe0                TRX_getFrameData
 .text.mute_Tx  0x20020124       0x64 ./src/sub-systemCode/COMM/TRXVU.o
                0x20020124                mute_Tx
 .text.unmute_Tx
                0x20020188       0x58 ./src/sub-systemCode/COMM/TRXVU.o
                0x20020188                unmute_Tx
 .text.check_time_off_mute
                0x200201e0       0xc4 ./src/sub-systemCode/COMM/TRXVU.o
                0x200201e0                check_time_off_mute
 .text.set_mute_time
                0x200202a4      0x100 ./src/sub-systemCode/COMM/TRXVU.o
                0x200202a4                set_mute_time
 .text.check_Tx_temp
                0x200203a4       0xc0 ./src/sub-systemCode/COMM/TRXVU.o
                0x200203a4                check_Tx_temp
 .text.change_TRXVU_state
                0x20020464      0x114 ./src/sub-systemCode/COMM/TRXVU.o
                0x20020464                change_TRXVU_state
 .text.change_trans_RSSI
                0x20020578       0x7c ./src/sub-systemCode/COMM/TRXVU.o
                0x20020578                change_trans_RSSI
 .text.AdcsReadI2cAck
                0x200205f4       0xfc ./src/sub-systemCode/ADCS/AdcsCommands.o
                0x200205f4                AdcsReadI2cAck
 .text.AdcsGenericI2cCmd
                0x200206f0      0x1b4 ./src/sub-systemCode/ADCS/AdcsCommands.o
                0x200206f0                AdcsGenericI2cCmd
 .text.SendAdcsTlm
                0x200208a4      0x14c ./src/sub-systemCode/ADCS/AdcsCommands.o
                0x200208a4                SendAdcsTlm
 .text.AdcsExecuteCommand
                0x200209f0     0x1bd0 ./src/sub-systemCode/ADCS/AdcsCommands.o
                0x200209f0                AdcsExecuteCommand
 .text.cspaceADCS_getEstimatedAngles
                0x200225c0       0x98 ./src/sub-systemCode/ADCS/AdcsGetDataAndTlm.o
                0x200225c0                cspaceADCS_getEstimatedAngles
 .text.cspaceADCS_getEstimatedAnglesRates
                0x20022658       0x98 ./src/sub-systemCode/ADCS/AdcsGetDataAndTlm.o
                0x20022658                cspaceADCS_getEstimatedAnglesRates
 .text.cspaceADCS_getSatellitePosition
                0x200226f0       0x98 ./src/sub-systemCode/ADCS/AdcsGetDataAndTlm.o
                0x200226f0                cspaceADCS_getSatellitePosition
 .text.InitTlmElements
                0x20022788      0x234 ./src/sub-systemCode/ADCS/AdcsGetDataAndTlm.o
                0x20022788                InitTlmElements
 .text.CreateTlmElementFiles
                0x200229bc      0x178 ./src/sub-systemCode/ADCS/AdcsGetDataAndTlm.o
                0x200229bc                CreateTlmElementFiles
 .text.SaveElementTlmAtIndex
                0x20022b34      0x4b0 ./src/sub-systemCode/ADCS/AdcsGetDataAndTlm.o
                0x20022b34                SaveElementTlmAtIndex
 .text.AdcsGetMeasAngSpeed
                0x20022fe4       0x54 ./src/sub-systemCode/ADCS/AdcsGetDataAndTlm.o
                0x20022fe4                AdcsGetMeasAngSpeed
 .text.AdcsGetCssVector
                0x20023038       0x70 ./src/sub-systemCode/ADCS/AdcsGetDataAndTlm.o
                0x20023038                AdcsGetCssVector
 .text.AdcsGetEstAngles
                0x200230a8       0x5c ./src/sub-systemCode/ADCS/AdcsGetDataAndTlm.o
                0x200230a8                AdcsGetEstAngles
 .text.UpdateTlmElementAtIndex
                0x20023104      0x184 ./src/sub-systemCode/ADCS/AdcsGetDataAndTlm.o
                0x20023104                UpdateTlmElementAtIndex
 .text.UpdateTlmToSaveVector
                0x20023288       0xd0 ./src/sub-systemCode/ADCS/AdcsGetDataAndTlm.o
                0x20023288                UpdateTlmToSaveVector
 .text.GetTlmToSaveVector
                0x20023358       0x94 ./src/sub-systemCode/ADCS/AdcsGetDataAndTlm.o
                0x20023358                GetTlmToSaveVector
 .text.UpdateTlmPeriodVector
                0x200233ec      0x12c ./src/sub-systemCode/ADCS/AdcsGetDataAndTlm.o
                0x200233ec                UpdateTlmPeriodVector
 .text.GetTlmPeriodVector
                0x20023518       0x9c ./src/sub-systemCode/ADCS/AdcsGetDataAndTlm.o
                0x20023518                GetTlmPeriodVector
 .text.GetOperationgFlags
                0x200235b4       0x9c ./src/sub-systemCode/ADCS/AdcsGetDataAndTlm.o
                0x200235b4                GetOperationgFlags
 .text.GetLastSaveTimes
                0x20023650       0xc4 ./src/sub-systemCode/ADCS/AdcsGetDataAndTlm.o
                0x20023650                GetLastSaveTimes
 .text.AdcsGetTlmOverrideFlag
                0x20023714       0x68 ./src/sub-systemCode/ADCS/AdcsGetDataAndTlm.o
                0x20023714                AdcsGetTlmOverrideFlag
 .text.AdcsSetTlmOverrideFlag
                0x2002377c       0xa8 ./src/sub-systemCode/ADCS/AdcsGetDataAndTlm.o
                0x2002377c                AdcsSetTlmOverrideFlag
 .text.RestoreDefaultTlmElement
                0x20023824      0x1f8 ./src/sub-systemCode/ADCS/AdcsGetDataAndTlm.o
                0x20023824                RestoreDefaultTlmElement
 .text.GetTlmElementAtIndex
                0x20023a1c       0x80 ./src/sub-systemCode/ADCS/AdcsGetDataAndTlm.o
                0x20023a1c                GetTlmElementAtIndex
 .text.GatherTlmAndData
                0x20023a9c       0xe0 ./src/sub-systemCode/ADCS/AdcsGetDataAndTlm.o
                0x20023a9c                GatherTlmAndData
 .text.UpdateAdcsFramParameters
                0x20023b7c      0x11c ./src/sub-systemCode/ADCS/AdcsMain.o
                0x20023b7c                UpdateAdcsFramParameters
 .text.AdcsInit
                0x20023c98      0x1e8 ./src/sub-systemCode/ADCS/AdcsMain.o
                0x20023c98                AdcsInit
 .text.AdcsTask
                0x20023e80      0x198 ./src/sub-systemCode/ADCS/AdcsMain.o
                0x20023e80                AdcsTask
 .text.AdcsTroubleShooting
                0x20024018       0x88 ./src/sub-systemCode/ADCS/AdcsTroubleShooting.o
                0x20024018                AdcsTroubleShooting
 .text.InitStateMachine
                0x200240a0       0x1c ./src/sub-systemCode/ADCS/StateMachine.o
                0x200240a0                InitStateMachine
 .text.UpdateAdcsStateMachine
                0x200240bc       0x1c ./src/sub-systemCode/ADCS/StateMachine.o
                0x200240bc                UpdateAdcsStateMachine
 .text.save_time
                0x200240d8       0x9c ./src/main.o
                0x200240d8                save_time
 .text.Command_logic
                0x20024174       0x6c ./src/main.o
                0x20024174                Command_logic
 .text.taskMain
                0x200241e0       0x60 ./src/main.o
                0x200241e0                taskMain
 .text.main     0x20024240       0x70 ./src/main.o
                0x20024240                main
 .text.GomEpsInitialize
                0x200242b0      0x148 C:/ISIS/workspace/HOOPOE3/satellite-subsystems/demo/..//satellite-subsystems/lib\libSatelliteSubsystemsD.a(GomEPS.o)
                0x200242b0                GomEpsInitialize
 .text.makeEPStransfer
                0x200243f8       0x3c C:/ISIS/workspace/HOOPOE3/satellite-subsystems/demo/..//satellite-subsystems/lib\libSatelliteSubsystemsD.a(GomEPS.o)
 .text.GomEpsPing
                0x20024434       0xf8 C:/ISIS/workspace/HOOPOE3/satellite-subsystems/demo/..//satellite-subsystems/lib\libSatelliteSubsystemsD.a(GomEPS.o)
                0x20024434                GomEpsPing
 .text.GomEpsSoftReset
                0x2002452c       0xc4 C:/ISIS/workspace/HOOPOE3/satellite-subsystems/demo/..//satellite-subsystems/lib\libSatelliteSubsystemsD.a(GomEPS.o)
                0x2002452c                GomEpsSoftReset
 .text.GomEpsHardReset
                0x200245f0       0xa8 C:/ISIS/workspace/HOOPOE3/satellite-subsystems/demo/..//satellite-subsystems/lib\libSatelliteSubsystemsD.a(GomEPS.o)
                0x200245f0                GomEpsHardReset
 .text.GomEpsGetHkData_param
                0x20024698      0x29c C:/ISIS/workspace/HOOPOE3/satellite-subsystems/demo/..//satellite-subsystems/lib\libSatelliteSubsystemsD.a(GomEPS.o)
                0x20024698                GomEpsGetHkData_param
 .text.GomEpsGetHkData_general
                0x20024934      0x45c C:/ISIS/workspace/HOOPOE3/satellite-subsystems/demo/..//satellite-subsystems/lib\libSatelliteSubsystemsD.a(GomEPS.o)
                0x20024934                GomEpsGetHkData_general
 .text.GomEpsGetHkData_vi
                0x20024d90      0x188 C:/ISIS/workspace/HOOPOE3/satellite-subsystems/demo/..//satellite-subsystems/lib\libSatelliteSubsystemsD.a(GomEPS.o)
                0x20024d90                GomEpsGetHkData_vi
 .text.GomEpsGetHkData_out
                0x20024f18      0x21c C:/ISIS/workspace/HOOPOE3/satellite-subsystems/demo/..//satellite-subsystems/lib\libSatelliteSubsystemsD.a(GomEPS.o)
                0x20024f18                GomEpsGetHkData_out
 .text.GomEpsGetHkData_wdt
                0x20025134      0x2b4 C:/ISIS/workspace/HOOPOE3/satellite-subsystems/demo/..//satellite-subsystems/lib\libSatelliteSubsystemsD.a(GomEPS.o)
                0x20025134                GomEpsGetHkData_wdt
 .text.GomEpsGetHkData_basic
                0x200253e8      0x22c C:/ISIS/workspace/HOOPOE3/satellite-subsystems/demo/..//satellite-subsystems/lib\libSatelliteSubsystemsD.a(GomEPS.o)
                0x200253e8                GomEpsGetHkData_basic
 .text.GomEpsSetOutput
                0x20025614       0xbc C:/ISIS/workspace/HOOPOE3/satellite-subsystems/demo/..//satellite-subsystems/lib\libSatelliteSubsystemsD.a(GomEPS.o)
                0x20025614                GomEpsSetOutput
 .text.GomEpsSetSingleOutput
                0x200256d0       0xe4 C:/ISIS/workspace/HOOPOE3/satellite-subsystems/demo/..//satellite-subsystems/lib\libSatelliteSubsystemsD.a(GomEPS.o)
                0x200256d0                GomEpsSetSingleOutput
 .text.GomEpsSetPhotovoltaicInputs
                0x200257b4      0x11c C:/ISIS/workspace/HOOPOE3/satellite-subsystems/demo/..//satellite-subsystems/lib\libSatelliteSubsystemsD.a(GomEPS.o)
                0x200257b4                GomEpsSetPhotovoltaicInputs
 .text.GomEpsSetPptMode
                0x200258d0       0xc0 C:/ISIS/workspace/HOOPOE3/satellite-subsystems/demo/..//satellite-subsystems/lib\libSatelliteSubsystemsD.a(GomEPS.o)
                0x200258d0                GomEpsSetPptMode
 .text.GomEpsSetHeaterAutoMode
                0x20025990       0xe8 C:/ISIS/workspace/HOOPOE3/satellite-subsystems/demo/..//satellite-subsystems/lib\libSatelliteSubsystemsD.a(GomEPS.o)
                0x20025990                GomEpsSetHeaterAutoMode
 .text.GomEpsResetCounters
                0x20025a78       0xc4 C:/ISIS/workspace/HOOPOE3/satellite-subsystems/demo/..//satellite-subsystems/lib\libSatelliteSubsystemsD.a(GomEPS.o)
                0x20025a78                GomEpsResetCounters
 .text.GomEpsResetWDT
                0x20025b3c       0xc4 C:/ISIS/workspace/HOOPOE3/satellite-subsystems/demo/..//satellite-subsystems/lib\libSatelliteSubsystemsD.a(GomEPS.o)
                0x20025b3c                GomEpsResetWDT
 .text.GomEpsConfigCMD
                0x20025c00       0xb8 C:/ISIS/workspace/HOOPOE3/satellite-subsystems/demo/..//satellite-subsystems/lib\libSatelliteSubsystemsD.a(GomEPS.o)
                0x20025c00                GomEpsConfigCMD
 .text.GomEpsConfigGet
                0x20025cb8      0x16c C:/ISIS/workspace/HOOPOE3/satellite-subsystems/demo/..//satellite-subsystems/lib\libSatelliteSubsystemsD.a(GomEPS.o)
                0x20025cb8                GomEpsConfigGet
 .text.GomEpsConfigSet
                0x20025e24      0x184 C:/ISIS/workspace/HOOPOE3/satellite-subsystems/demo/..//satellite-subsystems/lib\libSatelliteSubsystemsD.a(GomEPS.o)
                0x20025e24                GomEpsConfigSet
 .text.GomEpsConfig2CMD
                0x20025fa8       0xb8 C:/ISIS/workspace/HOOPOE3/satellite-subsystems/demo/..//satellite-subsystems/lib\libSatelliteSubsystemsD.a(GomEPS.o)
                0x20025fa8                GomEpsConfig2CMD
 .text.GomEpsConfig2Get
                0x20026060      0x16c C:/ISIS/workspace/HOOPOE3/satellite-subsystems/demo/..//satellite-subsystems/lib\libSatelliteSubsystemsD.a(GomEPS.o)
                0x20026060                GomEpsConfig2Get
 .text.GomEpsConfig2Set
                0x200261cc      0x184 C:/ISIS/workspace/HOOPOE3/satellite-subsystems/demo/..//satellite-subsystems/lib\libSatelliteSubsystemsD.a(GomEPS.o)
                0x200261cc                GomEpsConfig2Set
 .text.makeAntStransfer
                0x20026350       0x4c C:/ISIS/workspace/HOOPOE3/satellite-subsystems/demo/..//satellite-subsystems/lib\libSatelliteSubsystemsD.a(IsisAntS.o)
 .text.checkInputsValid
                0x2002639c       0x7c C:/ISIS/workspace/HOOPOE3/satellite-subsystems/demo/..//satellite-subsystems/lib\libSatelliteSubsystemsD.a(IsisAntS.o)
 .text.IsisAntS_initialize
                0x20026418      0x26c C:/ISIS/workspace/HOOPOE3/satellite-subsystems/demo/..//satellite-subsystems/lib\libSatelliteSubsystemsD.a(IsisAntS.o)
                0x20026418                IsisAntS_initialize
 .text.IsisAntS_setArmStatus
                0x20026684      0x104 C:/ISIS/workspace/HOOPOE3/satellite-subsystems/demo/..//satellite-subsystems/lib\libSatelliteSubsystemsD.a(IsisAntS.o)
                0x20026684                IsisAntS_setArmStatus
 .text.IsisAntS_attemptDeployment
                0x20026788      0x168 C:/ISIS/workspace/HOOPOE3/satellite-subsystems/demo/..//satellite-subsystems/lib\libSatelliteSubsystemsD.a(IsisAntS.o)
                0x20026788                IsisAntS_attemptDeployment
 .text.IsisAntS_getStatusData
                0x200268f0      0x120 C:/ISIS/workspace/HOOPOE3/satellite-subsystems/demo/..//satellite-subsystems/lib\libSatelliteSubsystemsD.a(IsisAntS.o)
                0x200268f0                IsisAntS_getStatusData
 .text.IsisAntS_getTemperature
                0x20026a10      0x120 C:/ISIS/workspace/HOOPOE3/satellite-subsystems/demo/..//satellite-subsystems/lib\libSatelliteSubsystemsD.a(IsisAntS.o)
                0x20026a10                IsisAntS_getTemperature
 .text.IsisAntS_getUptime
                0x20026b30      0x120 C:/ISIS/workspace/HOOPOE3/satellite-subsystems/demo/..//satellite-subsystems/lib\libSatelliteSubsystemsD.a(IsisAntS.o)
                0x20026b30                IsisAntS_getUptime
 .text.IsisAntS_getAlltelemetry
                0x20026c50      0x120 C:/ISIS/workspace/HOOPOE3/satellite-subsystems/demo/..//satellite-subsystems/lib\libSatelliteSubsystemsD.a(IsisAntS.o)
                0x20026c50                IsisAntS_getAlltelemetry
 .text.IsisAntS_getActivationCount
                0x20026d70      0x138 C:/ISIS/workspace/HOOPOE3/satellite-subsystems/demo/..//satellite-subsystems/lib\libSatelliteSubsystemsD.a(IsisAntS.o)
                0x20026d70                IsisAntS_getActivationCount
 .text.IsisAntS_getActivationTime
                0x20026ea8      0x138 C:/ISIS/workspace/HOOPOE3/satellite-subsystems/demo/..//satellite-subsystems/lib\libSatelliteSubsystemsD.a(IsisAntS.o)
                0x20026ea8                IsisAntS_getActivationTime
 .text.IsisAntS_reset
                0x20026fe0      0x104 C:/ISIS/workspace/HOOPOE3/satellite-subsystems/demo/..//satellite-subsystems/lib\libSatelliteSubsystemsD.a(IsisAntS.o)
                0x20026fe0                IsisAntS_reset
 .text.IsisAntS_cancelDeployment
                0x200270e4      0x104 C:/ISIS/workspace/HOOPOE3/satellite-subsystems/demo/..//satellite-subsystems/lib\libSatelliteSubsystemsD.a(IsisAntS.o)
                0x200270e4                IsisAntS_cancelDeployment
 .text.IsisAntS_autoDeployment
                0x200271e8      0x114 C:/ISIS/workspace/HOOPOE3/satellite-subsystems/demo/..//satellite-subsystems/lib\libSatelliteSubsystemsD.a(IsisAntS.o)
                0x200271e8                IsisAntS_autoDeployment
 .text._make_IsisEPStransfer
                0x200272fc       0x3c C:/ISIS/workspace/HOOPOE3/satellite-subsystems/demo/..//satellite-subsystems/lib\libSatelliteSubsystemsD.a(IsisEPS.o)
 .text.IsisEPS_initialize
                0x20027338      0x18c C:/ISIS/workspace/HOOPOE3/satellite-subsystems/demo/..//satellite-subsystems/lib\libSatelliteSubsystemsD.a(IsisEPS.o)
                0x20027338                IsisEPS_initialize
 .text.IsisEPS_hardReset
                0x200274c4       0xc8 C:/ISIS/workspace/HOOPOE3/satellite-subsystems/demo/..//satellite-subsystems/lib\libSatelliteSubsystemsD.a(IsisEPS.o)
                0x200274c4                IsisEPS_hardReset
 .text.IsisEPS_noOperation
                0x2002758c       0xac C:/ISIS/workspace/HOOPOE3/satellite-subsystems/demo/..//satellite-subsystems/lib\libSatelliteSubsystemsD.a(IsisEPS.o)
                0x2002758c                IsisEPS_noOperation
 .text.IsisEPS_cancelOperation
                0x20027638       0xac C:/ISIS/workspace/HOOPOE3/satellite-subsystems/demo/..//satellite-subsystems/lib\libSatelliteSubsystemsD.a(IsisEPS.o)
                0x20027638                IsisEPS_cancelOperation
 .text.IsisEPS_resetWDT
                0x200276e4       0xac C:/ISIS/workspace/HOOPOE3/satellite-subsystems/demo/..//satellite-subsystems/lib\libSatelliteSubsystemsD.a(IsisEPS.o)
                0x200276e4                IsisEPS_resetWDT
 .text.IsisEPS_outputBusGroupOn
                0x20027790       0xc4 C:/ISIS/workspace/HOOPOE3/satellite-subsystems/demo/..//satellite-subsystems/lib\libSatelliteSubsystemsD.a(IsisEPS.o)
                0x20027790                IsisEPS_outputBusGroupOn
 .text.IsisEPS_outputBusGroupOff
                0x20027854       0xc4 C:/ISIS/workspace/HOOPOE3/satellite-subsystems/demo/..//satellite-subsystems/lib\libSatelliteSubsystemsD.a(IsisEPS.o)
                0x20027854                IsisEPS_outputBusGroupOff
 .text.IsisEPS_outputBusGroupState
                0x20027918       0xc4 C:/ISIS/workspace/HOOPOE3/satellite-subsystems/demo/..//satellite-subsystems/lib\libSatelliteSubsystemsD.a(IsisEPS.o)
                0x20027918                IsisEPS_outputBusGroupState
 .text.IsisEPS_outputBus3v3On
                0x200279dc       0xbc C:/ISIS/workspace/HOOPOE3/satellite-subsystems/demo/..//satellite-subsystems/lib\libSatelliteSubsystemsD.a(IsisEPS.o)
                0x200279dc                IsisEPS_outputBus3v3On
 .text.IsisEPS_outputBus3v3Off
                0x20027a98       0xbc C:/ISIS/workspace/HOOPOE3/satellite-subsystems/demo/..//satellite-subsystems/lib\libSatelliteSubsystemsD.a(IsisEPS.o)
                0x20027a98                IsisEPS_outputBus3v3Off
 .text.IsisEPS_outputBus5vOn
                0x20027b54       0xbc C:/ISIS/workspace/HOOPOE3/satellite-subsystems/demo/..//satellite-subsystems/lib\libSatelliteSubsystemsD.a(IsisEPS.o)
                0x20027b54                IsisEPS_outputBus5vOn
 .text.IsisEPS_outputBus5vOff
                0x20027c10       0xbc C:/ISIS/workspace/HOOPOE3/satellite-subsystems/demo/..//satellite-subsystems/lib\libSatelliteSubsystemsD.a(IsisEPS.o)
                0x20027c10                IsisEPS_outputBus5vOff
 .text.IsisEPS_outputBusHvOn
                0x20027ccc       0xbc C:/ISIS/workspace/HOOPOE3/satellite-subsystems/demo/..//satellite-subsystems/lib\libSatelliteSubsystemsD.a(IsisEPS.o)
                0x20027ccc                IsisEPS_outputBusHvOn
 .text.IsisEPS_outputBusHvOff
                0x20027d88       0xbc C:/ISIS/workspace/HOOPOE3/satellite-subsystems/demo/..//satellite-subsystems/lib\libSatelliteSubsystemsD.a(IsisEPS.o)
                0x20027d88                IsisEPS_outputBusHvOff
 .text.IsisEPS_getSystemState
                0x20027e44      0x138 C:/ISIS/workspace/HOOPOE3/satellite-subsystems/demo/..//satellite-subsystems/lib\libSatelliteSubsystemsD.a(IsisEPS.o)
                0x20027e44                IsisEPS_getSystemState
 .text.IsisEPS_getRawHKDataMB
                0x20027f7c       0xf8 C:/ISIS/workspace/HOOPOE3/satellite-subsystems/demo/..//satellite-subsystems/lib\libSatelliteSubsystemsD.a(IsisEPS.o)
                0x20027f7c                IsisEPS_getRawHKDataMB
 .text.IsisEPS_getEngHKDataMB
                0x20028074       0xf8 C:/ISIS/workspace/HOOPOE3/satellite-subsystems/demo/..//satellite-subsystems/lib\libSatelliteSubsystemsD.a(IsisEPS.o)
                0x20028074                IsisEPS_getEngHKDataMB
 .text.IsisEPS_getRAEngHKDataMB
                0x2002816c       0xf8 C:/ISIS/workspace/HOOPOE3/satellite-subsystems/demo/..//satellite-subsystems/lib\libSatelliteSubsystemsD.a(IsisEPS.o)
                0x2002816c                IsisEPS_getRAEngHKDataMB
 .text.IsisEPS_getRawHKDataCDB
                0x20028264      0x154 C:/ISIS/workspace/HOOPOE3/satellite-subsystems/demo/..//satellite-subsystems/lib\libSatelliteSubsystemsD.a(IsisEPS.o)
                0x20028264                IsisEPS_getRawHKDataCDB
 .text.IsisEPS_getEngHKDataCDB
                0x200283b8      0x154 C:/ISIS/workspace/HOOPOE3/satellite-subsystems/demo/..//satellite-subsystems/lib\libSatelliteSubsystemsD.a(IsisEPS.o)
                0x200283b8                IsisEPS_getEngHKDataCDB
 .text.IsisEPS_getRAEngHKDataCDB
                0x2002850c      0x154 C:/ISIS/workspace/HOOPOE3/satellite-subsystems/demo/..//satellite-subsystems/lib\libSatelliteSubsystemsD.a(IsisEPS.o)
                0x2002850c                IsisEPS_getRAEngHKDataCDB
 .text.IsisEPS_getLOState3V3
                0x20028660      0x12c C:/ISIS/workspace/HOOPOE3/satellite-subsystems/demo/..//satellite-subsystems/lib\libSatelliteSubsystemsD.a(IsisEPS.o)
                0x20028660                IsisEPS_getLOState3V3
 .text.IsisEPS_getLOState5V
                0x2002878c      0x12c C:/ISIS/workspace/HOOPOE3/satellite-subsystems/demo/..//satellite-subsystems/lib\libSatelliteSubsystemsD.a(IsisEPS.o)
                0x2002878c                IsisEPS_getLOState5V
 .text.IsisEPS_getLOStateBV
                0x200288b8      0x12c C:/ISIS/workspace/HOOPOE3/satellite-subsystems/demo/..//satellite-subsystems/lib\libSatelliteSubsystemsD.a(IsisEPS.o)
                0x200288b8                IsisEPS_getLOStateBV
 .text.IsisEPS_getLOStateHV
                0x200289e4      0x12c C:/ISIS/workspace/HOOPOE3/satellite-subsystems/demo/..//satellite-subsystems/lib\libSatelliteSubsystemsD.a(IsisEPS.o)
                0x200289e4                IsisEPS_getLOStateHV
 .text.IsisEPS_getParSize
                0x20028b10      0x124 C:/ISIS/workspace/HOOPOE3/satellite-subsystems/demo/..//satellite-subsystems/lib\libSatelliteSubsystemsD.a(IsisEPS.o)
                0x20028b10                IsisEPS_getParSize
 .text.IsisEPS_getParameter
                0x20028c34      0x238 C:/ISIS/workspace/HOOPOE3/satellite-subsystems/demo/..//satellite-subsystems/lib\libSatelliteSubsystemsD.a(IsisEPS.o)
                0x20028c34                IsisEPS_getParameter
 .text.IsisEPS_setParameter
                0x20028e6c      0x264 C:/ISIS/workspace/HOOPOE3/satellite-subsystems/demo/..//satellite-subsystems/lib\libSatelliteSubsystemsD.a(IsisEPS.o)
                0x20028e6c                IsisEPS_setParameter
 .text.IsisEPS_resetParameter
                0x200290d0      0x238 C:/ISIS/workspace/HOOPOE3/satellite-subsystems/demo/..//satellite-subsystems/lib\libSatelliteSubsystemsD.a(IsisEPS.o)
                0x200290d0                IsisEPS_resetParameter
 .text.IsisEPS_resetConfig
                0x20029308       0xf4 C:/ISIS/workspace/HOOPOE3/satellite-subsystems/demo/..//satellite-subsystems/lib\libSatelliteSubsystemsD.a(IsisEPS.o)
                0x20029308                IsisEPS_resetConfig
 .text.IsisEPS_loadConfig
                0x200293fc       0xf4 C:/ISIS/workspace/HOOPOE3/satellite-subsystems/demo/..//satellite-subsystems/lib\libSatelliteSubsystemsD.a(IsisEPS.o)
                0x200293fc                IsisEPS_loadConfig
 .text.IsisEPS_saveConfig
                0x200294f0      0x118 C:/ISIS/workspace/HOOPOE3/satellite-subsystems/demo/..//satellite-subsystems/lib\libSatelliteSubsystemsD.a(IsisEPS.o)
                0x200294f0                IsisEPS_saveConfig
 .text.isisMTQv1_initialize