Archive member included because of file (symbol)

c:/isis/application/toolchain/bin/../lib/gcc/arm-none-eabi/4.7.4/../../../../arm-none-eabi/lib\libc_s.a(lib_a-vfprintf_float.o)
                              (_printf_float)
c:/isis/application/toolchain/bin/../lib/gcc/arm-none-eabi/4.7.4/../../../../arm-none-eabi/lib\libc_s.a(lib_a-vfprintf_i.o)
                              c:/isis/application/toolchain/bin/../lib/gcc/arm-none-eabi/4.7.4/../../../../arm-none-eabi/lib\libc_s.a(lib_a-vfprintf_float.o) (_printf_common)
c:/isis/application/toolchain/bin/../lib/gcc/arm-none-eabi/4.7.4/../../../../arm-none-eabi/lib\libc_s.a(lib_a-vfscanf_float.o)
                              (_scanf_float)
c:/isis/application/toolchain/bin/../lib/gcc/arm-none-eabi/4.7.4/../../../../arm-none-eabi/lib\libc_s.a(lib_a-dtoa.o)
                              c:/isis/application/toolchain/bin/../lib/gcc/arm-none-eabi/4.7.4/../../../../arm-none-eabi/lib\libc_s.a(lib_a-vfprintf_float.o) (_dtoa_r)
c:/isis/application/toolchain/bin/../lib/gcc/arm-none-eabi/4.7.4/../../../../arm-none-eabi/lib\libc_s.a(lib_a-locale.o)
                              c:/isis/application/toolchain/bin/../lib/gcc/arm-none-eabi/4.7.4/../../../../arm-none-eabi/lib\libc_s.a(lib_a-vfprintf_float.o) (_localeconv_r)
c:/isis/application/toolchain/bin/../lib/gcc/arm-none-eabi/4.7.4/../../../../arm-none-eabi/lib\libc_s.a(lib_a-malloc.o)
                              c:/isis/application/toolchain/bin/../lib/gcc/arm-none-eabi/4.7.4/../../../../arm-none-eabi/lib\libc_s.a(lib_a-dtoa.o) (malloc)
c:/isis/application/toolchain/bin/../lib/gcc/arm-none-eabi/4.7.4/../../../../arm-none-eabi/lib\libc_s.a(lib_a-mallocr.o)
                              c:/isis/application/toolchain/bin/../lib/gcc/arm-none-eabi/4.7.4/../../../../arm-none-eabi/lib\libc_s.a(lib_a-malloc.o) (_malloc_r)
c:/isis/application/toolchain/bin/../lib/gcc/arm-none-eabi/4.7.4/../../../../arm-none-eabi/lib\libc_s.a(lib_a-memcpy.o)
                              c:/isis/application/toolchain/bin/../lib/gcc/arm-none-eabi/4.7.4/../../../../arm-none-eabi/lib\libc_s.a(lib_a-dtoa.o) (memcpy)
c:/isis/application/toolchain/bin/../lib/gcc/arm-none-eabi/4.7.4/../../../../arm-none-eabi/lib\libc_s.a(lib_a-mprec.o)
                              c:/isis/application/toolchain/bin/../lib/gcc/arm-none-eabi/4.7.4/../../../../arm-none-eabi/lib\libc_s.a(lib_a-dtoa.o) (_Balloc)
c:/isis/application/toolchain/bin/../lib/gcc/arm-none-eabi/4.7.4/../../../../arm-none-eabi/lib\libc_s.a(lib_a-s_fpclassify.o)
                              c:/isis/application/toolchain/bin/../lib/gcc/arm-none-eabi/4.7.4/../../../../arm-none-eabi/lib\libc_s.a(lib_a-vfprintf_float.o) (__fpclassifyd)
c:/isis/application/toolchain/bin/../lib/gcc/arm-none-eabi/4.7.4/../../../../arm-none-eabi/lib\libc_s.a(lib_a-sbrkr.o)
                              c:/isis/application/toolchain/bin/../lib/gcc/arm-none-eabi/4.7.4/../../../../arm-none-eabi/lib\libc_s.a(lib_a-mallocr.o) (_sbrk_r)
c:/isis/application/toolchain/bin/../lib/gcc/arm-none-eabi/4.7.4/../../../../arm-none-eabi/lib\libc_s.a(lib_a-sf_nan.o)
                              c:/isis/application/toolchain/bin/../lib/gcc/arm-none-eabi/4.7.4/../../../../arm-none-eabi/lib\libc_s.a(lib_a-vfscanf_float.o) (nanf)
c:/isis/application/toolchain/bin/../lib/gcc/arm-none-eabi/4.7.4/../../../../arm-none-eabi/lib\libc_s.a(lib_a-sprintf.o)
                              c:/isis/application/toolchain/bin/../lib/gcc/arm-none-eabi/4.7.4/../../../../arm-none-eabi/lib\libc_s.a(lib_a-vfscanf_float.o) (sprintf)
c:/isis/application/toolchain/bin/../lib/gcc/arm-none-eabi/4.7.4/../../../../arm-none-eabi/lib\libc_s.a(lib_a-strcmp.o)
                              c:/isis/application/toolchain/bin/../lib/gcc/arm-none-eabi/4.7.4/../../../../arm-none-eabi/lib\libc_s.a(lib_a-locale.o) (strcmp)
c:/isis/application/toolchain/bin/../lib/gcc/arm-none-eabi/4.7.4/../../../../arm-none-eabi/lib\libc_s.a(lib_a-strlen.o)
                              c:/isis/application/toolchain/bin/../lib/gcc/arm-none-eabi/4.7.4/../../../../arm-none-eabi/lib\libc_s.a(lib_a-vfprintf_float.o) (strlen)
c:/isis/application/toolchain/bin/../lib/gcc/arm-none-eabi/4.7.4/../../../../arm-none-eabi/lib\libc_s.a(lib_a-strtod.o)
                              c:/isis/application/toolchain/bin/../lib/gcc/arm-none-eabi/4.7.4/../../../../arm-none-eabi/lib\libc_s.a(lib_a-vfscanf_float.o) (_strtod_r)
c:/isis/application/toolchain/bin/../lib/gcc/arm-none-eabi/4.7.4/../../../../arm-none-eabi/lib\libc_s.a(lib_a-strtol.o)
                              c:/isis/application/toolchain/bin/../lib/gcc/arm-none-eabi/4.7.4/../../../../arm-none-eabi/lib\libc_s.a(lib_a-vfscanf_float.o) (_strtol_r)
c:/isis/application/toolchain/bin/../lib/gcc/arm-none-eabi/4.7.4/../../../../arm-none-eabi/lib\libc_s.a(lib_a-svfprintf.o)
                              c:/isis/application/toolchain/bin/../lib/gcc/arm-none-eabi/4.7.4/../../../../arm-none-eabi/lib\libc_s.a(lib_a-sprintf.o) (_svfprintf_r)
[...]
Memory Configuration

Name             Origin             Length             Attributes
sram0            0x00200000         0x00004000         w !xr
sram1            0x00300000         0x00004000         w !xr
sdram            0x20000000         0x02000000         w !xr
*default*        0x00000000         0xffffffff

Linker script and memory map

LOAD c:/isis/application/toolchain/bin/../lib/gcc/arm-none-eabi/4.7.4/../../../../arm-none-eabi/lib\libc_s.a
LOAD ./src/sub-systemCode/payload/Request Management/Dump/Butchering.o
LOAD ./src/sub-systemCode/payload/Request Management/Dump/imageDump.o
LOAD ./src/sub-systemCode/payload/Request Management/CameraManeger.o
LOAD ./src/sub-systemCode/payload/Request Management/DB_RequestHandling.o
LOAD ./src/sub-systemCode/payload/Misc/Boolean_bit.o
LOAD ./src/sub-systemCode/payload/Misc/FileSystem.o
LOAD ./src/sub-systemCode/payload/Drivers/GeckoCameraDriver.o
LOAD ./src/sub-systemCode/payload/DataBase/DataBase.o
LOAD ./src/sub-systemCode/payload/Compression/jpeg/bmp/rawToBMP.o
LOAD ./src/sub-systemCode/payload/Compression/jpeg/DCT.o
LOAD ./src/sub-systemCode/payload/Compression/jpeg/ImgCompressor.o
LOAD ./src/sub-systemCode/payload/Compression/jpeg/color_conv.o
LOAD ./src/sub-systemCode/payload/Compression/jpeg/jpeg.o
LOAD ./src/sub-systemCode/payload/Compression/jpeg/jpeg_encoder.o
LOAD ./src/sub-systemCode/payload/Compression/jpeg/jpeg_memory_alloc.o
LOAD ./src/sub-systemCode/payload/Compression/jpeg/jpeg_params.o
LOAD ./src/sub-systemCode/payload/Compression/jpeg/output_stream.o
LOAD ./src/sub-systemCode/payload/Compression/ImageConversion.o
LOAD ./src/sub-systemCode/Main/CMD/ADCS_CMD.o
LOAD ./src/sub-systemCode/Main/CMD/COMM_CMD.o
LOAD ./src/sub-systemCode/Main/CMD/EPS_CMD.o
LOAD ./src/sub-systemCode/Main/CMD/General_CMD.o
LOAD ./src/sub-systemCode/Main/CMD/SW_CMD.o
LOAD ./src/sub-systemCode/Main/CMD/payload_CMD.o
LOAD ./src/sub-systemCode/Main/Ants.o
LOAD ./src/sub-systemCode/Main/EPS.o
LOAD ./src/sub-systemCode/Main/HouseKeeping.o
LOAD ./src/sub-systemCode/Main/Main_Init.o
LOAD ./src/sub-systemCode/Main/commands.o
LOAD ./src/sub-systemCode/Global/Global.o
LOAD ./src/sub-systemCode/Global/GlobalParam.o
LOAD ./src/sub-systemCode/Global/OnlineTM.o
LOAD ./src/sub-systemCode/Global/TLM_management.o
LOAD ./src/sub-systemCode/Global/freertosExtended.o
LOAD ./src/sub-systemCode/Global/logger.o
LOAD ./src/sub-systemCode/COMM/APRS.o
LOAD ./src/sub-systemCode/COMM/DelayedCommand_list.o
LOAD ./src/sub-systemCode/COMM/GSC.o
LOAD ./src/sub-systemCode/COMM/TRXVU.o
LOAD ./src/sub-systemCode/ADCS/AdcsCommands.o
LOAD ./src/sub-systemCode/ADCS/AdcsGetDataAndTlm.o
LOAD ./src/sub-systemCode/ADCS/AdcsMain.o
LOAD ./src/sub-systemCode/ADCS/AdcsTest.o
LOAD ./src/sub-systemCode/ADCS/AdcsTroubleShooting.o
LOAD ./src/sub-systemCode/ADCS/StateMachine.o
LOAD ./src/main.o
LOAD C:/HOOPOE3/satellite-subsystems/demo/..//satellite-subsystems/lib\libSatelliteSubsystemsD.a
LOAD c:/isis/application/toolchain/bin/../lib/gcc/arm-none-eabi/4.7.4/../../../../arm-none-eabi/lib\libm.a
LOAD C:/HOOPOE3/satellite-subsystems/demo/../..//hal/hcc/lib\libHCCD.a
LOAD C:/HOOPOE3/satellite-subsystems/demo/../..//hal/hal/lib\libHALD.a
LOAD C:/HOOPOE3/satellite-subsystems/demo/../..//hal/freertos/lib\libFreeRTOSD.a
LOAD C:/HOOPOE3/satellite-subsystems/demo/../..//hal/at91/lib\libAt91D.a
START GROUP
LOAD c:/isis/application/toolchain/bin/../lib/gcc/arm-none-eabi/4.7.4\libgcc.a
LOAD c:/isis/application/toolchain/bin/../lib/gcc/arm-none-eabi/4.7.4/../../../../arm-none-eabi/lib\libc_s.a
END GROUP

.fixed          0x20000000    0x58224
                0x20000000                . = ALIGN (0x4)
                0x20000000                _sfixed = .
 *(.startup)
 .startup       0x20000000      0x134 C:/HOOPOE3/satellite-subsystems/demo/../..//hal/at91/lib\libAt91D.a(board_cstartup.o)
                0x20000000                entry
 *(.text)
 .text          0x20000134       0x64 C:/HOOPOE3/satellite-subsystems/demo/../..//hal/at91/lib\libAt91D.a(cp15_asm.o)
                0x20000134                _readControlRegister
                0x20000140                _writeControlRegister
                0x20000148                _waitForInterrupt
                0x20000154                _writeTTB
                0x2000015c                _writeDomain
                0x20000164                _writeITLBLockdown
                0x2000016c                _prefetchICacheLine
                0x20000174                _flushDCache
                0x20000180                _flushWriteBuffer
                0x2000018c                _invalidateIDTLBs
 .text          0x20000198      0x114 c:/isis/application/toolchain/bin/../lib/gcc/arm-none-eabi/4.7.4\libgcc.a(_udivsi3.o)
                0x20000198                __aeabi_uidiv
                0x20000198                __udivsi3
                0x2000028c                __aeabi_uidivmod
 .text          0x200002ac      0x148 c:/isis/application/toolchain/bin/../lib/gcc/arm-none-eabi/4.7.4\libgcc.a(_divsi3.o)
                0x200002ac                __divsi3
                0x200002ac                __aeabi_idiv
                0x200003d4                __aeabi_idivmod
 .text          0x200003f4        0x4 c:/isis/application/toolchain/bin/../lib/gcc/arm-none-eabi/4.7.4\libgcc.a(_dvmd_tls.o)
                0x200003f4                __aeabi_idiv0
                0x200003f4                __aeabi_ldiv0
 .text          0x200003f8      0x41c c:/isis/application/toolchain/bin/../lib/gcc/arm-none-eabi/4.7.4\libgcc.a(_arm_addsubdf3.o)
                0x200003f8                __aeabi_drsub
                0x20000400                __aeabi_dsub
                0x20000400                __subdf3
                0x20000404                __aeabi_dadd
                0x20000404                __adddf3
                0x20000714                __floatunsidf
                0x20000714                __aeabi_ui2d
                0x20000738                __floatsidf
                0x20000738                __aeabi_i2d
                0x20000760                __aeabi_f2d
                0x20000760                __extendsfdf2
                0x200007a0                __floatundidf
                0x200007a0                __aeabi_ul2d
                0x200007b4                __floatdidf
                0x200007b4                __aeabi_l2d
 .text          0x20000814      0x49c c:/isis/application/toolchain/bin/../lib/gcc/arm-none-eabi/4.7.4\libgcc.a(_arm_muldivdf3.o)
                0x20000814                __aeabi_dmul
                0x20000814                __muldf3
                0x20000aa4                __divdf3
                0x20000aa4                __aeabi_ddiv
 .text          0x20000cb0      0x144 c:/isis/application/toolchain/bin/../lib/gcc/arm-none-eabi/4.7.4\libgcc.a(_arm_cmpdf2.o)
                0x20000cb0                __gtdf2
                0x20000cb0                __gedf2
                0x20000cb8                __ltdf2
                0x20000cb8                __ledf2
                0x20000cc0                __nedf2
                0x20000cc0                __eqdf2
                0x20000cc0                __cmpdf2
                0x20000d48                __aeabi_cdrcmple
                0x20000d64                __aeabi_cdcmpeq
                0x20000d64                __aeabi_cdcmple
                0x20000d7c                __aeabi_dcmpeq
                0x20000d94                __aeabi_dcmplt
                0x20000dac                __aeabi_dcmple
                0x20000dc4                __aeabi_dcmpge
                0x20000ddc                __aeabi_dcmpgt
 .text          0x20000df4       0x5c c:/isis/application/toolchain/bin/../lib/gcc/arm-none-eabi/4.7.4\libgcc.a(_arm_fixdfsi.o)
                0x20000df4                __aeabi_d2iz
                0x20000df4                __fixdfsi
 .text          0x20000e50       0x54 c:/isis/application/toolchain/bin/../lib/gcc/arm-none-eabi/4.7.4\libgcc.a(_arm_fixunsdfsi.o)
                0x20000e50                __aeabi_d2uiz
                0x20000e50                __fixunsdfsi
 .text          0x20000ea4       0xa0 c:/isis/application/toolchain/bin/../lib/gcc/arm-none-eabi/4.7.4\libgcc.a(_arm_truncdfsf2.o)
                0x20000ea4                __truncdfsf2
                0x20000ea4                __aeabi_d2f
 .text          0x20000f44      0x2ac c:/isis/application/toolchain/bin/../lib/gcc/arm-none-eabi/4.7.4\libgcc.a(_arm_addsubsf3.o)
                0x20000f44                __aeabi_frsub
                0x20000f4c                __subsf3
                0x20000f4c                __aeabi_fsub
                0x20000f50                __aeabi_fadd
                0x20000f50                __addsf3
                0x2000110c                __aeabi_ui2f
                0x2000110c                __floatunsisf
                0x20001114                __aeabi_i2f
                0x20001114                __floatsisf
                0x20001134                __aeabi_ul2f
                0x20001134                __floatundisf
                0x20001144                __aeabi_l2f
                0x20001144                __floatdisf
 .text          0x200011f0      0x2f8 c:/isis/application/toolchain/bin/../lib/gcc/arm-none-eabi/4.7.4\libgcc.a(_arm_muldivsf3.o)
                0x200011f0                __mulsf3
                0x200011f0                __aeabi_fmul
                0x20001388                __aeabi_fdiv
                0x20001388                __divsf3
 .text          0x200014e8      0x114 c:/isis/application/toolchain/bin/../lib/gcc/arm-none-eabi/4.7.4\libgcc.a(_arm_cmpsf2.o)
                0x200014e8                __gesf2
                0x200014e8                __gtsf2
                0x200014f0                __lesf2
                0x200014f0                __ltsf2
                0x200014f8                __nesf2
                0x200014f8                __eqsf2
                0x200014f8                __cmpsf2
                0x2000155c                __aeabi_cfrcmple
                0x2000156c                __aeabi_cfcmpeq
                0x2000156c                __aeabi_cfcmple
                0x20001584                __aeabi_fcmpeq
                0x2000159c                __aeabi_fcmplt
                0x200015b4                __aeabi_fcmple
                0x200015cc                __aeabi_fcmpge
                0x200015e4                __aeabi_fcmpgt
 .text          0x200015fc       0x5c c:/isis/application/toolchain/bin/../lib/gcc/arm-none-eabi/4.7.4\libgcc.a(_arm_fixsfsi.o)
                0x200015fc                __aeabi_f2iz
                0x200015fc                __fixsfsi
 .text          0x20001658       0x54 c:/isis/application/toolchain/bin/../lib/gcc/arm-none-eabi/4.7.4\libgcc.a(_arm_fixunssfsi.o)
                0x20001658                __fixunssfsi
                0x20001658                __aeabi_f2uiz
 *(.text*)
 .text.__cvt    0x200016ac      0x138 c:/isis/application/toolchain/bin/../lib/gcc/arm-none-eabi/4.7.4/../../../../arm-none-eabi/lib\libc_s.a(lib_a-vfprintf_float.o)
                0x200016ac                __cvt
 .text.__exponent
                0x200017e4       0xa8 c:/isis/application/toolchain/bin/../lib/gcc/arm-none-eabi/4.7.4/../../../../arm-none-eabi/lib\libc_s.a(lib_a-vfprintf_float.o)
                0x200017e4                __exponent
 .text._printf_float
                0x2000188c      0x7dc c:/isis/application/toolchain/bin/../lib/gcc/arm-none-eabi/4.7.4/../../../../arm-none-eabi/lib\libc_s.a(lib_a-vfprintf_float.o)
                0x2000188c                _printf_float
 .text._printf_common
                0x20002068      0x174 c:/isis/application/toolchain/bin/../lib/gcc/arm-none-eabi/4.7.4/../../../../arm-none-eabi/lib\libc_s.a(lib_a-vfprintf_i.o)
                0x20002068                _printf_common
 .text._printf_i
                0x200021dc      0x3c4 c:/isis/application/toolchain/bin/../lib/gcc/arm-none-eabi/4.7.4/../../../../arm-none-eabi/lib\libc_s.a(lib_a-vfprintf_i.o)
                0x200021dc                _printf_i
 .text._scanf_float
                0x200025a0      0x5f4 c:/isis/application/toolchain/bin/../lib/gcc/arm-none-eabi/4.7.4/../../../../arm-none-eabi/lib\libc_s.a(lib_a-vfscanf_float.o)
                0x200025a0                _scanf_float
 .text.quorem   0x20002b94      0x1ac c:/isis/application/toolchain/bin/../lib/gcc/arm-none-eabi/4.7.4/../../../../arm-none-eabi/lib\libc_s.a(lib_a-dtoa.o)
 .text._dtoa_r  0x20002d40     0x1268 c:/isis/application/toolchain/bin/../lib/gcc/arm-none-eabi/4.7.4/../../../../arm-none-eabi/lib\libc_s.a(lib_a-dtoa.o)
                0x20002d40                _dtoa_r
 .text._localeconv_r
                0x20003fa8        0xc c:/isis/application/toolchain/bin/../lib/gcc/arm-none-eabi/4.7.4/../../../../arm-none-eabi/lib\libc_s.a(lib_a-locale.o)
                0x20003fa8                _localeconv_r
 .text.malloc   0x20003fb4       0x20 c:/isis/application/toolchain/bin/../lib/gcc/arm-none-eabi/4.7.4/../../../../arm-none-eabi/lib\libc_s.a(lib_a-malloc.o)
                0x20003fb4                malloc
 .text.free     0x20003fd4       0x20 c:/isis/application/toolchain/bin/../lib/gcc/arm-none-eabi/4.7.4/../../../../arm-none-eabi/lib\libc_s.a(lib_a-malloc.o)
                0x20003fd4                free
 .text._malloc_r
                0x20003ff4       0xfc c:/isis/application/toolchain/bin/../lib/gcc/arm-none-eabi/4.7.4/../../../../arm-none-eabi/lib\libc_s.a(lib_a-mallocr.o)
                0x20003ff4                _malloc_r
 .text.memcpy   0x200040f0       0x20 c:/isis/application/toolchain/bin/../lib/gcc/arm-none-eabi/4.7.4/../../../../arm-none-eabi/lib\libc_s.a(lib_a-memcpy.o)
                0x200040f0                memcpy
 .text._Balloc  0x20004110       0xcc c:/isis/application/toolchain/bin/../lib/gcc/arm-none-eabi/4.7.4/../../../../arm-none-eabi/lib\libc_s.a(lib_a-mprec.o)
                0x20004110                _Balloc
 .text._Bfree   0x200041dc       0x5c c:/isis/application/toolchain/bin/../lib/gcc/arm-none-eabi/4.7.4/../../../../arm-none-eabi/lib\libc_s.a(lib_a-mprec.o)
                0x200041dc                _Bfree
 .text.__multadd
                0x20004238       0xbc c:/isis/application/toolchain/bin/../lib/gcc/arm-none-eabi/4.7.4/../../../../arm-none-eabi/lib\libc_s.a(lib_a-mprec.o)
                0x20004238                __multadd
 .text.__s2b    0x200042f4       0xd8 c:/isis/application/toolchain/bin/../lib/gcc/arm-none-eabi/4.7.4/../../../../arm-none-eabi/lib\libc_s.a(lib_a-mprec.o)
                0x200042f4                __s2b
 .text.__hi0bits
                0x200043cc       0x58 c:/isis/application/toolchain/bin/../lib/gcc/arm-none-eabi/4.7.4/../../../../arm-none-eabi/lib\libc_s.a(lib_a-mprec.o)
                0x200043cc                __hi0bits
 .text.__lo0bits
                0x20004424       0x94 c:/isis/application/toolchain/bin/../lib/gcc/arm-none-eabi/4.7.4/../../../../arm-none-eabi/lib\libc_s.a(lib_a-mprec.o)
                0x20004424                __lo0bits
 .text.__i2b    0x200044b8       0x24 c:/isis/application/toolchain/bin/../lib/gcc/arm-none-eabi/4.7.4/../../../../arm-none-eabi/lib\libc_s.a(lib_a-mprec.o)
                0x200044b8                __i2b
 .text.__multiply
                0x200044dc      0x1ac c:/isis/application/toolchain/bin/../lib/gcc/arm-none-eabi/4.7.4/../../../../arm-none-eabi/lib\libc_s.a(lib_a-mprec.o)
                0x200044dc                __multiply
 .text.__pow5mult
                0x20004688      0x10c c:/isis/application/toolchain/bin/../lib/gcc/arm-none-eabi/4.7.4/../../../../arm-none-eabi/lib\libc_s.a(lib_a-mprec.o)
                0x20004688                __pow5mult
 .text.__lshift
                0x20004794       0xf0 c:/isis/application/toolchain/bin/../lib/gcc/arm-none-eabi/4.7.4/../../../../arm-none-eabi/lib\libc_s.a(lib_a-mprec.o)
                0x20004794                __lshift
 .text.__mcmp   0x20004884       0x60 c:/isis/application/toolchain/bin/../lib/gcc/arm-none-eabi/4.7.4/../../../../arm-none-eabi/lib\libc_s.a(lib_a-mprec.o)
                0x20004884                __mcmp
 .text.__mdiff  0x200048e4      0x128 c:/isis/application/toolchain/bin/../lib/gcc/arm-none-eabi/4.7.4/../../../../arm-none-eabi/lib\libc_s.a(lib_a-mprec.o)
                0x200048e4                __mdiff
 .text.__ulp    0x20004a0c       0x5c c:/isis/application/toolchain/bin/../lib/gcc/arm-none-eabi/4.7.4/../../../../arm-none-eabi/lib\libc_s.a(lib_a-mprec.o)
                0x20004a0c                __ulp
 .text.__b2d    0x20004a68       0xc8 c:/isis/application/toolchain/bin/../lib/gcc/arm-none-eabi/4.7.4/../../../../arm-none-eabi/lib\libc_s.a(lib_a-mprec.o)
                0x20004a68                __b2d
 .text.__d2b    0x20004b30       0xfc c:/isis/application/toolchain/bin/../lib/gcc/arm-none-eabi/4.7.4/../../../../arm-none-eabi/lib\libc_s.a(lib_a-mprec.o)
                0x20004b30                __d2b
 .text.__ratio  0x20004c2c       0x70 c:/isis/application/toolchain/bin/../lib/gcc/arm-none-eabi/4.7.4/../../../../arm-none-eabi/lib\libc_s.a(lib_a-mprec.o)
                0x20004c2c                __ratio
 .text.__copybits
                0x20004c9c       0x4c c:/isis/application/toolchain/bin/../lib/gcc/arm-none-eabi/4.7.4/../../../../arm-none-eabi/lib\libc_s.a(lib_a-mprec.o)
                0x20004c9c                __copybits
 .text.__any_on
                0x20004ce8       0x7c c:/isis/application/toolchain/bin/../lib/gcc/arm-none-eabi/4.7.4/../../../../arm-none-eabi/lib\libc_s.a(lib_a-mprec.o)
                0x20004ce8                __any_on
 .text.__fpclassifyd
                0x20004d64       0x6c c:/isis/application/toolchain/bin/../lib/gcc/arm-none-eabi/4.7.4/../../../../arm-none-eabi/lib\libc_s.a(lib_a-s_fpclassify.o)
                0x20004d64                __fpclassifyd
 .text._sbrk_r  0x20004dd0       0x3c c:/isis/application/toolchain/bin/../lib/gcc/arm-none-eabi/4.7.4/../../../../arm-none-eabi/lib\libc_s.a(lib_a-sbrkr.o)
                0x20004dd0                _sbrk_r
 .text.nanf     0x20004e0c        0xc c:/isis/application/toolchain/bin/../lib/gcc/arm-none-eabi/4.7.4/../../../../arm-none-eabi/lib\libc_s.a(lib_a-sf_nan.o)
                0x20004e0c                nanf
 .text.sprintf  0x20004e18       0x6c c:/isis/application/toolchain/bin/../lib/gcc/arm-none-eabi/4.7.4/../../../../arm-none-eabi/lib\libc_s.a(lib_a-sprintf.o)
                0x20004e18                siprintf
                0x20004e18                sprintf
 .text.strcmp   0x20004e84       0x1c c:/isis/application/toolchain/bin/../lib/gcc/arm-none-eabi/4.7.4/../../../../arm-none-eabi/lib\libc_s.a(lib_a-strcmp.o)
                0x20004e84                strcmp
 .text.strlen   0x20004ea0       0x1c c:/isis/application/toolchain/bin/../lib/gcc/arm-none-eabi/4.7.4/../../../../arm-none-eabi/lib\libc_s.a(lib_a-strlen.o)
                0x20004ea0                strlen
 .text.match    0x20004ebc       0x54 c:/isis/application/toolchain/bin/../lib/gcc/arm-none-eabi/4.7.4/../../../../arm-none-eabi/lib\libc_s.a(lib_a-strtod.o)
 .text._strtod_r
                0x20004f10     0x1168 c:/isis/application/toolchain/bin/../lib/gcc/arm-none-eabi/4.7.4/../../../../arm-none-eabi/lib\libc_s.a(lib_a-strtod.o)
                0x20004f10                _strtod_r
 .text._strtol_r
                0x20006078      0x1b8 c:/isis/application/toolchain/bin/../lib/gcc/arm-none-eabi/4.7.4/../../../../arm-none-eabi/lib\libc_s.a(lib_a-strtol.o)
                0x20006078                _strtol_r
 .text.__ssputc_r
                0x20006230      0x10c c:/isis/application/toolchain/bin/../lib/gcc/arm-none-eabi/4.7.4/../../../../arm-none-eabi/lib\libc_s.a(lib_a-svfprintf.o)
                0x20006230                __ssputc_r
 .text._svfprintf_r
                0x2000633c      0x328 c:/isis/application/toolchain/bin/../lib/gcc/arm-none-eabi/4.7.4/../../../../arm-none-eabi/lib\libc_s.a(lib_a-svfprintf.o)
                0x2000633c                _svfiprintf_r
                0x2000633c                _svfprintf_r
 .text._calloc_r
                0x20006664       0x2c c:/isis/application/toolchain/bin/../lib/gcc/arm-none-eabi/4.7.4/../../../../arm-none-eabi/lib\libc_s.a(lib_a-callocr.o)
                0x20006664                _calloc_r
 .text._free_r  0x20006690      0x108 c:/isis/application/toolchain/bin/../lib/gcc/arm-none-eabi/4.7.4/../../../../arm-none-eabi/lib\libc_s.a(lib_a-freer.o)
                0x20006690                _free_r
 .text.rshift   0x20006798       0xb0 c:/isis/application/toolchain/bin/../lib/gcc/arm-none-eabi/4.7.4/../../../../arm-none-eabi/lib\libc_s.a(lib_a-gdtoa-gethex.o)
 .text.htinit.constprop.0
                0x20006848       0x34 c:/isis/application/toolchain/bin/../lib/gcc/arm-none-eabi/4.7.4/../../../../arm-none-eabi/lib\libc_s.a(lib_a-gdtoa-gethex.o)
 .text.__hexdig_init
                0x2000687c       0x38 c:/isis/application/toolchain/bin/../lib/gcc/arm-none-eabi/4.7.4/../../../../arm-none-eabi/lib\libc_s.a(lib_a-gdtoa-gethex.o)
                0x2000687c                __hexdig_init
 .text.__gethex
                0x200068b4      0x6cc c:/isis/application/toolchain/bin/../lib/gcc/arm-none-eabi/4.7.4/../../../../arm-none-eabi/lib\libc_s.a(lib_a-gdtoa-gethex.o)
                0x200068b4                __gethex
 .text.L_shift  0x20006f80       0x38 c:/isis/application/toolchain/bin/../lib/gcc/arm-none-eabi/4.7.4/../../../../arm-none-eabi/lib\libc_s.a(lib_a-gdtoa-hexnan.o)
 .text.__hexnan
                0x20006fb8      0x1d8 c:/isis/application/toolchain/bin/../lib/gcc/arm-none-eabi/4.7.4/../../../../arm-none-eabi/lib\libc_s.a(lib_a-gdtoa-hexnan.o)
                0x20006fb8                __hexnan
 .text.memchr   0x20007190       0x34 c:/isis/application/toolchain/bin/../lib/gcc/arm-none-eabi/4.7.4/../../../../arm-none-eabi/lib\libc_s.a(lib_a-memchr.o)
                0x20007190                memchr
 .text.memset   0x200071c4       0x1c c:/isis/application/toolchain/bin/../lib/gcc/arm-none-eabi/4.7.4/../../../../arm-none-eabi/lib\libc_s.a(lib_a-memset.o)
                0x200071c4                memset
 .text._realloc_r
                0x200071e0       0x80 c:/isis/application/toolchain/bin/../lib/gcc/arm-none-eabi/4.7.4/../../../../arm-none-eabi/lib\libc_s.a(lib_a-reallocr.o)
                0x200071e0                _realloc_r
 .text.strncmp  0x20007260       0x64 c:/isis/application/toolchain/bin/../lib/gcc/arm-none-eabi/4.7.4/../../../../arm-none-eabi/lib\libc_s.a(lib_a-strncmp.o)
                0x20007260                strncmp
 .text._malloc_usable_size_r
                0x200072c4       0x1c c:/isis/application/toolchain/bin/../lib/gcc/arm-none-eabi/4.7.4/../../../../arm-none-eabi/lib\libc_s.a(lib_a-msizer.o)
                0x200072c4                _malloc_usable_size_r
 .text.GetChunkFromImage
                0x200072e0      0x2e0 ./src/sub-systemCode/payload/Request Management/Dump/Butchering.o
                0x200072e0                GetChunkFromImage
 .text.SimpleButcher
                0x200075c0       0xf4 ./src/sub-systemCode/payload/Request Management/Dump/Butchering.o
                0x200075c0                SimpleButcher
 .text.readChunkDimentionsFromFRAM
                0x200076b4       0x80 ./src/sub-systemCode/payload/Request Management/Dump/imageDump.o
                0x200076b4                readChunkDimentionsFromFRAM
 .text.setChunkDimensions_inFRAM
                0x20007734      0x10c ./src/sub-systemCode/payload/Request Management/Dump/imageDump.o
                0x20007734                setChunkDimensions_inFRAM
 .text.find_subType_ofImage
                0x20007840       0xe0 ./src/sub-systemCode/payload/Request Management/Dump/imageDump.o
                0x20007840                find_subType_ofImage
 .text.buildAndSend_chunck
                0x20007920      0x320 ./src/sub-systemCode/payload/Request Management/Dump/imageDump.o
                0x20007920                buildAndSend_chunck
 .text.bitField_imageDump
                0x20007c40      0x2b8 ./src/sub-systemCode/payload/Request Management/Dump/imageDump.o
                0x20007c40                bitField_imageDump
 .text.imageDataBase_Dump
                0x20007ef8      0x104 ./src/sub-systemCode/payload/Request Management/Dump/imageDump.o
                0x20007ef8                imageDataBase_Dump
 .text.chunkField_imageDump
                0x20007ffc      0x258 ./src/sub-systemCode/payload/Request Management/Dump/imageDump.o
                0x20007ffc                chunkField_imageDump
 .text.imageDump_task
                0x20008254      0x400 ./src/sub-systemCode/payload/Request Management/Dump/imageDump.o
                0x20008254                imageDump_task
 .text.CameraManagerTaskMain
                0x20008654      0x180 ./src/sub-systemCode/payload/Request Management/CameraManeger.o
                0x20008654                CameraManagerTaskMain
 .text.initCamera
                0x200087d4       0xa4 ./src/sub-systemCode/payload/Request Management/CameraManeger.o
                0x200087d4                initCamera
 .text.KickStartCamera
                0x20008878       0xb4 ./src/sub-systemCode/payload/Request Management/CameraManeger.o
                0x20008878                KickStartCamera
 .text.addRequestToQueue
                0x2000892c       0xa8 ./src/sub-systemCode/payload/Request Management/CameraManeger.o
                0x2000892c                addRequestToQueue
 .text.removeRequestFromQueue
                0x200089d4       0x7c ./src/sub-systemCode/payload/Request Management/CameraManeger.o
                0x200089d4                removeRequestFromQueue
 .text.Take_pictures_with_time_in_between
                0x20008a50       0xb8 ./src/sub-systemCode/payload/Request Management/CameraManeger.o
                0x20008a50                Take_pictures_with_time_in_between
 .text.Gecko_TroubleShooter
                0x20008b08       0xdc ./src/sub-systemCode/payload/Request Management/CameraManeger.o
                0x20008b08                Gecko_TroubleShooter
 .text.startDumpTask
                0x20008be4       0x70 ./src/sub-systemCode/payload/Request Management/CameraManeger.o
                0x20008be4                startDumpTask
 .text.act_upon_request
                0x20008c54      0x3e8 ./src/sub-systemCode/payload/Request Management/CameraManeger.o
                0x20008c54                act_upon_request
 .text.TakePicture
                0x2000903c       0x4c ./src/sub-systemCode/payload/Request Management/DB_RequestHandling.o
                0x2000903c                TakePicture
 .text.TakeSpecialPicture
                0x20009088      0x104 ./src/sub-systemCode/payload/Request Management/DB_RequestHandling.o
                0x20009088                TakeSpecialPicture
 .text.DeletePictureFile
                0x2000918c       0x88 ./src/sub-systemCode/payload/Request Management/DB_RequestHandling.o
                0x2000918c                DeletePictureFile
 .text.DeletePicture
                0x20009214       0x6c ./src/sub-systemCode/payload/Request Management/DB_RequestHandling.o
                0x20009214                DeletePicture
 .text.TransferPicture
                0x20009280       0x54 ./src/sub-systemCode/payload/Request Management/DB_RequestHandling.o
                0x20009280                TransferPicture
 .text.CreateThumbnail
                0x200092d4       0x80 ./src/sub-systemCode/payload/Request Management/DB_RequestHandling.o
                0x200092d4                CreateThumbnail
 .text.CreateJPG
                0x20009354       0x7c ./src/sub-systemCode/payload/Request Management/DB_RequestHandling.o
                0x20009354                CreateJPG
 .text.UpdatePhotographyValues
                0x200093d0       0xb4 ./src/sub-systemCode/payload/Request Management/DB_RequestHandling.o
                0x200093d0                UpdatePhotographyValues
 .text.setChunkDimensions
                0x20009484       0x64 ./src/sub-systemCode/payload/Request Management/DB_RequestHandling.o
                0x20009484                setChunkDimensions
 .text.convert2char
                0x200094e8      0x14c ./src/sub-systemCode/payload/Misc/Boolean_bit.o
                0x200094e8                convert2char
 .text.convert2byte
                0x20009634      0x1c8 ./src/sub-systemCode/payload/Misc/Boolean_bit.o
                0x20009634                convert2byte
 .text.bits2byte
                0x200097fc      0x17c ./src/sub-systemCode/payload/Misc/Boolean_bit.o
                0x200097fc                bits2byte
 .text.byte2bits
                0x20009978      0x17c ./src/sub-systemCode/payload/Misc/Boolean_bit.o
                0x20009978                byte2bits
 .text.char2bits
                0x20009af4       0x44 ./src/sub-systemCode/payload/Misc/Boolean_bit.o
                0x20009af4                char2bits
 .text.bits2char
                0x20009b38       0x3c ./src/sub-systemCode/payload/Misc/Boolean_bit.o
                0x20009b38                bits2char
 .text.ReadFromFile
                0x20009b74       0x6c ./src/sub-systemCode/payload/Misc/FileSystem.o
                0x20009b74                ReadFromFile
 .text.WriteToFile
                0x20009be0       0x74 ./src/sub-systemCode/payload/Misc/FileSystem.o
                0x20009be0                WriteToFile
 .text.Initialized_GPIO
                0x20009c54       0x54 ./src/sub-systemCode/payload/Drivers/GeckoCameraDriver.o
                0x20009c54                Initialized_GPIO
 .text.TurnOnGecko
                0x20009ca8      0x140 ./src/sub-systemCode/payload/Drivers/GeckoCameraDriver.o
                0x20009ca8                TurnOnGecko
 .text.TurnOffGecko
                0x20009de8       0xd8 ./src/sub-systemCode/payload/Drivers/GeckoCameraDriver.o
                0x20009de8                TurnOffGecko
 .text.initGecko
                0x20009ec0       0x3c ./src/sub-systemCode/payload/Drivers/GeckoCameraDriver.o
                0x20009ec0                initGecko
 .text.GECKO_TakeImage
                0x20009efc      0x2f4 ./src/sub-systemCode/payload/Drivers/GeckoCameraDriver.o
                0x20009efc                GECKO_TakeImage
 .text.GECKO_ReadImage
                0x2000a1f0      0x234 ./src/sub-systemCode/payload/Drivers/GeckoCameraDriver.o
                0x2000a1f0                GECKO_ReadImage
 .text.GECKO_EraseBlock
                0x2000a424       0xf0 ./src/sub-systemCode/payload/Drivers/GeckoCameraDriver.o
                0x2000a424                GECKO_EraseBlock
 .text.getFileName
                0x2000a514      0x1a0 ./src/sub-systemCode/payload/DataBase/DataBase.o
 .text.zeroImageDataBase
                0x2000a6b4       0xfc ./src/sub-systemCode/payload/DataBase/DataBase.o
                0x2000a6b4                zeroImageDataBase
 .text.updateGeneralDataBaseParameters
                0x2000a7b0       0x5c ./src/sub-systemCode/payload/DataBase/DataBase.o
                0x2000a7b0                updateGeneralDataBaseParameters
 .text.SearchDataBase_byID
                0x2000a80c      0x220 ./src/sub-systemCode/payload/DataBase/DataBase.o
                0x2000a80c                SearchDataBase_byID
 .text.SearchDataBase_byMark
                0x2000aa2c       0xa4 ./src/sub-systemCode/payload/DataBase/DataBase.o
                0x2000aa2c                SearchDataBase_byMark
 .text.checkForFileType
                0x2000aad0       0x68 ./src/sub-systemCode/payload/DataBase/DataBase.o
                0x2000aad0                checkForFileType
 .text.updateFileTypes
                0x2000ab38       0xbc ./src/sub-systemCode/payload/DataBase/DataBase.o
                0x2000ab38                updateFileTypes
 .text.GetImageFactor
                0x2000abf4       0x58 ./src/sub-systemCode/payload/DataBase/DataBase.o
                0x2000abf4                GetImageFactor
 .text.readImageFromBuffer
                0x2000ac4c      0x12c ./src/sub-systemCode/payload/DataBase/DataBase.o
                0x2000ac4c                readImageFromBuffer
 .text.saveImageToBuffer
                0x2000ad78      0x12c ./src/sub-systemCode/payload/DataBase/DataBase.o
                0x2000ad78                saveImageToBuffer
 .text.getLatestID
                0x2000aea4       0x48 ./src/sub-systemCode/payload/DataBase/DataBase.o
                0x2000aea4                getLatestID
 .text.getDataBaseStart
                0x2000aeec       0x20 ./src/sub-systemCode/payload/DataBase/DataBase.o
                0x2000aeec                getDataBaseStart
 .text.setDataBaseValues
                0x2000af0c      0x1d8 ./src/sub-systemCode/payload/DataBase/DataBase.o
                0x2000af0c                setDataBaseValues
 .text.initImageDataBase
                0x2000b0e4      0x1b0 ./src/sub-systemCode/payload/DataBase/DataBase.o
                0x2000b0e4                initImageDataBase
 .text.resetImageDataBase
                0x2000b294       0x98 ./src/sub-systemCode/payload/DataBase/DataBase.o
                0x2000b294                resetImageDataBase
 .text.setCameraPhotographyValues
                0x2000b32c      0x10c ./src/sub-systemCode/payload/DataBase/DataBase.o
                0x2000b32c                setCameraPhotographyValues
 .text.transferImageToSD_withoutSearch
                0x2000b438      0x15c ./src/sub-systemCode/payload/DataBase/DataBase.o
                0x2000b438                transferImageToSD_withoutSearch
 .text.transferImageToSD
                0x2000b594       0xb4 ./src/sub-systemCode/payload/DataBase/DataBase.o
                0x2000b594                transferImageToSD
 .text.DeleteImageFromOBC_withoutSearch
                0x2000b648       0xe0 ./src/sub-systemCode/payload/DataBase/DataBase.o
                0x2000b648                DeleteImageFromOBC_withoutSearch
 .text.DeleteImageFromOBC
                0x2000b728       0xb4 ./src/sub-systemCode/payload/DataBase/DataBase.o
                0x2000b728                DeleteImageFromOBC
 .text.DeleteImageFromPayload
                0x2000b7dc      0x25c ./src/sub-systemCode/payload/DataBase/DataBase.o
                0x2000b7dc                DeleteImageFromPayload
 .text.clearImageDataBase
                0x2000ba38      0x114 ./src/sub-systemCode/payload/DataBase/DataBase.o
                0x2000ba38                clearImageDataBase
 .text.handleMarkedPictures
                0x2000bb4c      0x1dc ./src/sub-systemCode/payload/DataBase/DataBase.o
                0x2000bb4c                handleMarkedPictures
 .text.writeNewImageMetaDataToFRAM
                0x2000bd28      0x234 ./src/sub-systemCode/payload/DataBase/DataBase.o
                0x2000bd28                writeNewImageMetaDataToFRAM
 .text.takePicture
                0x2000bf5c      0x378 ./src/sub-systemCode/payload/DataBase/DataBase.o
                0x2000bf5c                takePicture
 .text.takePicture_withSpecialParameters
                0x2000c2d4       0xbc ./src/sub-systemCode/payload/DataBase/DataBase.o
                0x2000c2d4                takePicture_withSpecialParameters
 .text.GetImageFileName
                0x2000c390       0xc0 ./src/sub-systemCode/payload/DataBase/DataBase.o
                0x2000c390                GetImageFileName
 .text.getDataBaseSize
                0x2000c450       0x20 ./src/sub-systemCode/payload/DataBase/DataBase.o
                0x2000c450                getDataBaseSize
 .text.getImageDataBaseBuffer
                0x2000c470      0x240 ./src/sub-systemCode/payload/DataBase/DataBase.o
                0x2000c470                getImageDataBaseBuffer
 .text.TransformRawToBMP
                0x2000c6b0      0x1e0 ./src/sub-systemCode/payload/Compression/jpeg/bmp/rawToBMP.o
                0x2000c6b0                TransformRawToBMP
 .text.interpolate
                0x2000c890      0x8d0 ./src/sub-systemCode/payload/Compression/jpeg/bmp/rawToBMP.o
                0x2000c890                interpolate
 .text.getInputAt
                0x2000d160      0x308 ./src/sub-systemCode/payload/Compression/jpeg/bmp/rawToBMP.o
                0x2000d160                getInputAt
 .text.f_writeF_FILEHeader
                0x2000d468      0x2f0 ./src/sub-systemCode/payload/Compression/jpeg/bmp/rawToBMP.o
                0x2000d468                f_writeF_FILEHeader
 .text.f_writeOutputRow
                0x2000d758       0xbc ./src/sub-systemCode/payload/Compression/jpeg/bmp/rawToBMP.o
                0x2000d758                f_writeOutputRow
 .text.dct      0x2000d814      0x9c4 ./src/sub-systemCode/payload/Compression/jpeg/DCT.o
                0x2000d814                dct
 .text.JPEG_compressor
                0x2000e1d8       0xfc ./src/sub-systemCode/payload/Compression/jpeg/ImgCompressor.o
                0x2000e1d8                JPEG_compressor
 .text.Create_BMP_File
                0x2000e2d4       0xf4 ./src/sub-systemCode/payload/Compression/jpeg/ImgCompressor.o
                0x2000e2d4                Create_BMP_File
 .text.CompressImage
                0x2000e3c8      0x1cc ./src/sub-systemCode/payload/Compression/jpeg/ImgCompressor.o
                0x2000e3c8                CompressImage
 .text.clamp    0x2000e594       0x60 ./src/sub-systemCode/payload/Compression/jpeg/color_conv.o
                0x2000e594                clamp
 .text.RGB_to_YCC
                0x2000e5f4      0x1a8 ./src/sub-systemCode/payload/Compression/jpeg/color_conv.o
                0x2000e5f4                RGB_to_YCC
 .text.RGB_to_Y
                0x2000e79c       0xc4 ./src/sub-systemCode/payload/Compression/jpeg/color_conv.o
                0x2000e79c                RGB_to_Y
 .text.Y_to_YCC
                0x2000e860       0x88 ./src/sub-systemCode/payload/Compression/jpeg/color_conv.o
                0x2000e860                Y_to_YCC
 .text.compress_image_to_jpeg_file
                0x2000e8e8      0x1ac ./src/sub-systemCode/payload/Compression/jpeg/jpeg.o
                0x2000e8e8                compress_image_to_jpeg_file
 .text.emit_marker
                0x2000ea94       0xc8 ./src/sub-systemCode/payload/Compression/jpeg/jpeg_encoder.o
                0x2000ea94                emit_marker
 .text.emit_byte
                0x2000eb5c       0x6c ./src/sub-systemCode/payload/Compression/jpeg/jpeg_encoder.o
                0x2000eb5c                emit_byte
 .text.emit_word
                0x2000ebc8       0xd0 ./src/sub-systemCode/payload/Compression/jpeg/jpeg_encoder.o
                0x2000ebc8                emit_word
 .text.emit_jfif_app0
                0x2000ec98       0xc0 ./src/sub-systemCode/payload/Compression/jpeg/jpeg_encoder.o
                0x2000ec98                emit_jfif_app0
 .text.emit_dqt
                0x2000ed58       0xd8 ./src/sub-systemCode/payload/Compression/jpeg/jpeg_encoder.o
                0x2000ed58                emit_dqt
 .text.emit_sof
                0x2000ee30      0x14c ./src/sub-systemCode/payload/Compression/jpeg/jpeg_encoder.o
                0x2000ee30                emit_sof
 .text.emit_dht
                0x2000ef7c      0x138 ./src/sub-systemCode/payload/Compression/jpeg/jpeg_encoder.o
                0x2000ef7c                emit_dht
 .text.emit_dhts
                0x2000f0b4       0xd8 ./src/sub-systemCode/payload/Compression/jpeg/jpeg_encoder.o
                0x2000f0b4                emit_dhts
 .text.emit_sos
                0x2000f18c       0xec ./src/sub-systemCode/payload/Compression/jpeg/jpeg_encoder.o
                0x2000f18c                emit_sos
 .text.emit_markers
                0x2000f278       0x4c ./src/sub-systemCode/payload/Compression/jpeg/jpeg_encoder.o
                0x2000f278                emit_markers
 .text.compute_huffman_table
                0x2000f2c4      0x334 ./src/sub-systemCode/payload/Compression/jpeg/jpeg_encoder.o
                0x2000f2c4                compute_huffman_table
 .text.compute_quant_table
                0x2000f5f8      0x11c ./src/sub-systemCode/payload/Compression/jpeg/jpeg_encoder.o
                0x2000f5f8                compute_quant_table
 .text.first_pass_init
                0x2000f714       0x54 ./src/sub-systemCode/payload/Compression/jpeg/jpeg_encoder.o
                0x2000f714                first_pass_init
 .text.second_pass_init
                0x2000f768      0x110 ./src/sub-systemCode/payload/Compression/jpeg/jpeg_encoder.o
                0x2000f768                second_pass_init
 .text.jpg_open
                0x2000f878      0x7b4 ./src/sub-systemCode/payload/Compression/jpeg/jpeg_encoder.o
                0x2000f878                jpg_open
 .text.load_block_8_8_grey
                0x2001002c      0x164 ./src/sub-systemCode/payload/Compression/jpeg/jpeg_encoder.o
                0x2001002c                load_block_8_8_grey
 .text.load_block_8_8
                0x20010190      0x198 ./src/sub-systemCode/payload/Compression/jpeg/jpeg_encoder.o
                0x20010190                load_block_8_8
 .text.load_block_16_8
                0x20010328      0x3cc ./src/sub-systemCode/payload/Compression/jpeg/jpeg_encoder.o
                0x20010328                load_block_16_8
 .text.load_block_16_8_8
                0x200106f4      0x2a8 ./src/sub-systemCode/payload/Compression/jpeg/jpeg_encoder.o
                0x200106f4                load_block_16_8_8
 .text.load_coefficients
                0x2001099c      0x1c8 ./src/sub-systemCode/payload/Compression/jpeg/jpeg_encoder.o
                0x2001099c                load_coefficients
 .text.flush_output_buffer
                0x20010b64       0xa0 ./src/sub-systemCode/payload/Compression/jpeg/jpeg_encoder.o
                0x20010b64                flush_output_buffer
 .text.put_bits
                0x20010c04      0x170 ./src/sub-systemCode/payload/Compression/jpeg/jpeg_encoder.o
                0x20010c04                put_bits
 .text.code_coefficients_pass_two
                0x20010d74      0x338 ./src/sub-systemCode/payload/Compression/jpeg/jpeg_encoder.o
                0x20010d74                code_coefficients_pass_two
 .text.code_block
                0x200110ac       0x44 ./src/sub-systemCode/payload/Compression/jpeg/jpeg_encoder.o
                0x200110ac                code_block
 .text.process_mcu_row
                0x200110f0      0x328 ./src/sub-systemCode/payload/Compression/jpeg/jpeg_encoder.o
                0x200110f0                process_mcu_row
 .text.terminate_pass_two
                0x20011418       0x44 ./src/sub-systemCode/payload/Compression/jpeg/jpeg_encoder.o
                0x20011418                terminate_pass_two
 .text.process_end_of_image
                0x2001145c       0xc0 ./src/sub-systemCode/payload/Compression/jpeg/jpeg_encoder.o
                0x2001145c                process_end_of_image
 .text.load_mcu
                0x2001151c      0x29c ./src/sub-systemCode/payload/Compression/jpeg/jpeg_encoder.o
                0x2001151c                load_mcu
 .text.clear    0x200117b8      0x1e0 ./src/sub-systemCode/payload/Compression/jpeg/jpeg_encoder.o
                0x200117b8                clear
 .text.init     0x20011998       0xe4 ./src/sub-systemCode/payload/Compression/jpeg/jpeg_encoder.o
                0x20011998                init
 .text.deinit   0x20011a7c      0x160 ./src/sub-systemCode/payload/Compression/jpeg/jpeg_encoder.o
                0x20011a7c                deinit
 .text.process_scanline
                0x20011bdc       0x6c ./src/sub-systemCode/payload/Compression/jpeg/jpeg_encoder.o
                0x20011bdc                process_scanline
 .text.jpge_malloc
                0x20011c48       0x28 ./src/sub-systemCode/payload/Compression/jpeg/jpeg_memory_alloc.o
                0x20011c48                jpge_malloc
 .text.jpge_cmalloc
                0x20011c70       0x48 ./src/sub-systemCode/payload/Compression/jpeg/jpeg_memory_alloc.o
                0x20011c70                jpge_cmalloc
 .text.jpge_free
                0x20011cb8       0x24 ./src/sub-systemCode/payload/Compression/jpeg/jpeg_memory_alloc.o
                0x20011cb8                jpge_free
 .text.check    0x20011cdc       0x78 ./src/sub-systemCode/payload/Compression/jpeg/jpeg_params.o
                0x20011cdc                check
 .text.open_jpeg_file
                0x20011d54       0xfc ./src/sub-systemCode/payload/Compression/jpeg/output_stream.o
                0x20011d54                open_jpeg_file
 .text.close_jpeg_file
                0x20011e50      0x118 ./src/sub-systemCode/payload/Compression/jpeg/output_stream.o
                0x20011e50                close_jpeg_file
 .text.put_buf  0x20011f68      0x258 ./src/sub-systemCode/payload/Compression/jpeg/output_stream.o
                0x20011f68                put_buf
 .text.GetBayerPixel
                0x200121c0       0xe8 ./src/sub-systemCode/payload/Compression/ImageConversion.o
 .text.BinImage
                0x200122a8      0x2c8 ./src/sub-systemCode/payload/Compression/ImageConversion.o
                0x200122a8                BinImage
 .text.ImageSkipping
                0x20012570      0x2ac ./src/sub-systemCode/payload/Compression/ImageConversion.o
                0x20012570                ImageSkipping
 .text.CreateImageThumbnail_withoutSearch
                0x2001281c      0x14c ./src/sub-systemCode/payload/Compression/ImageConversion.o
                0x2001281c                CreateImageThumbnail_withoutSearch
 .text.CreateImageThumbnail
                0x20012968       0x94 ./src/sub-systemCode/payload/Compression/ImageConversion.o
                0x20012968                CreateImageThumbnail
 .text.compressImage
                0x200129fc      0x17c ./src/sub-systemCode/payload/Compression/ImageConversion.o
                0x200129fc                compressImage
 .text.AdcsCmdQueueInit
                0x20012b78       0x4c ./src/sub-systemCode/Main/CMD/ADCS_CMD.o
                0x20012b78                AdcsCmdQueueInit
 .text.AdcsCmdQueueGet
                0x20012bc4       0x8c ./src/sub-systemCode/Main/CMD/ADCS_CMD.o
                0x20012bc4                AdcsCmdQueueGet
 .text.AdcsCmdQueueAdd
                0x20012c50       0x74 ./src/sub-systemCode/Main/CMD/ADCS_CMD.o
                0x20012c50                AdcsCmdQueueAdd
 .text.AdcsCmdQueueIsEmpty
                0x20012cc4       0x3c ./src/sub-systemCode/Main/CMD/ADCS_CMD.o
                0x20012cc4                AdcsCmdQueueIsEmpty
 .text.getAdcsQueueWaitPointer
                0x20012d00       0x20 ./src/sub-systemCode/Main/CMD/ADCS_CMD.o
                0x20012d00                getAdcsQueueWaitPointer
 .text.cmd_mute
                0x20012d20       0xc4 ./src/sub-systemCode/Main/CMD/COMM_CMD.o
                0x20012d20                cmd_mute
 .text.cmd_unmute
                0x20012de4       0x4c ./src/sub-systemCode/Main/CMD/COMM_CMD.o
                0x20012de4                cmd_unmute
 .text.cmd_active_trans
                0x20012e30       0xc0 ./src/sub-systemCode/Main/CMD/COMM_CMD.o
                0x20012e30                cmd_active_trans
 .text.cmd_shut_trans
                0x20012ef0       0x38 ./src/sub-systemCode/Main/CMD/COMM_CMD.o
                0x20012ef0                cmd_shut_trans
 .text.cmd_change_trans_rssi
                0x20012f28      0x100 ./src/sub-systemCode/Main/CMD/COMM_CMD.o
                0x20012f28                cmd_change_trans_rssi
 .text.cmd_aprs_dump
                0x20013028       0x50 ./src/sub-systemCode/Main/CMD/COMM_CMD.o
                0x20013028                cmd_aprs_dump
 .text.cmd_stop_dump
                0x20013078       0x38 ./src/sub-systemCode/Main/CMD/COMM_CMD.o
                0x20013078                cmd_stop_dump
 .text.cmd_time_frequency
                0x200130b0       0xc0 ./src/sub-systemCode/Main/CMD/COMM_CMD.o
                0x200130b0                cmd_time_frequency
 .text.cmd_change_def_bit_rate
                0x20013170      0x158 ./src/sub-systemCode/Main/CMD/COMM_CMD.o
                0x20013170                cmd_change_def_bit_rate
 .text.cmd_upload_volt_logic
                0x200132c8      0x334 ./src/sub-systemCode/Main/CMD/EPS_CMD.o
                0x200132c8                cmd_upload_volt_logic
 .text.cmd_upload_volt_COMM
                0x200135fc      0x1c8 ./src/sub-systemCode/Main/CMD/EPS_CMD.o
                0x200135fc                cmd_upload_volt_COMM
 .text.cmd_heater_temp
                0x200137c4       0xc0 ./src/sub-systemCode/Main/CMD/EPS_CMD.o
                0x200137c4                cmd_heater_temp
 .text.cmd_SHUT_CAM
                0x20013884       0x6c ./src/sub-systemCode/Main/CMD/EPS_CMD.o
                0x20013884                cmd_SHUT_CAM
 .text.cmd_SHUT_ADCS
                0x200138f0       0x6c ./src/sub-systemCode/Main/CMD/EPS_CMD.o
                0x200138f0                cmd_SHUT_ADCS
 .text.cmd_allow_CAM
                0x2001395c       0x6c ./src/sub-systemCode/Main/CMD/EPS_CMD.o
                0x2001395c                cmd_allow_CAM
 .text.cmd_allow_ADCS
                0x200139c8       0x6c ./src/sub-systemCode/Main/CMD/EPS_CMD.o
                0x200139c8                cmd_allow_ADCS
 .text.cmd_update_alpha
                0x20013a34       0xfc ./src/sub-systemCode/Main/CMD/EPS_CMD.o
                0x20013a34                cmd_update_alpha
 .text.cmd_generic_I2C
                0x20013b30       0xb4 ./src/sub-systemCode/Main/CMD/General_CMD.o
                0x20013b30                cmd_generic_I2C
 .text.cmd_dump
                0x20013be4       0xf0 ./src/sub-systemCode/Main/CMD/General_CMD.o
                0x20013be4                cmd_dump
 .text.cmd_delete_TM
                0x20013cd4      0x230 ./src/sub-systemCode/Main/CMD/General_CMD.o
                0x20013cd4                cmd_delete_TM
 .text.cmd_reset_file
                0x20013f04      0x118 ./src/sub-systemCode/Main/CMD/General_CMD.o
                0x20013f04                cmd_reset_file
 .text.cmd_dummy_func
                0x2001401c       0x40 ./src/sub-systemCode/Main/CMD/General_CMD.o
                0x2001401c                cmd_dummy_func
 .text.cmd_reset_TLM_SD
                0x2001405c       0x4c ./src/sub-systemCode/Main/CMD/General_CMD.o
                0x2001405c                cmd_reset_TLM_SD
 .text.cmd_soft_reset_cmponent
                0x200140a8       0xac ./src/sub-systemCode/Main/CMD/General_CMD.o
                0x200140a8                cmd_soft_reset_cmponent
 .text.cmd_hard_reset_cmponent
                0x20014154       0xac ./src/sub-systemCode/Main/CMD/General_CMD.o
                0x20014154                cmd_hard_reset_cmponent
 .text.cmd_reset_satellite
                0x20014200       0x78 ./src/sub-systemCode/Main/CMD/General_CMD.o
                0x20014200                cmd_reset_satellite
 .text.cmd_gracefull_reset_satellite
                0x20014278       0x78 ./src/sub-systemCode/Main/CMD/General_CMD.o
                0x20014278                cmd_gracefull_reset_satellite
 .text.cmd_upload_time
                0x200142f0       0xb0 ./src/sub-systemCode/Main/CMD/General_CMD.o
                0x200142f0                cmd_upload_time
 .text.cmd_ARM_DIARM
                0x200143a0       0xd4 ./src/sub-systemCode/Main/CMD/General_CMD.o
                0x200143a0                cmd_ARM_DIARM
 .text.cmd_get_onlineTM
                0x20014474      0x148 ./src/sub-systemCode/Main/CMD/General_CMD.o
                0x20014474                cmd_get_onlineTM
 .text.cmd_reset_off_line
                0x200145bc       0x68 ./src/sub-systemCode/Main/CMD/General_CMD.o
                0x200145bc                cmd_reset_off_line
 .text.cmd_add_item_off_line
                0x20014624       0xf4 ./src/sub-systemCode/Main/CMD/General_CMD.o
                0x20014624                cmd_add_item_off_line
 .text.cmd_delete_item_off_line
                0x20014718       0x98 ./src/sub-systemCode/Main/CMD/General_CMD.o
                0x20014718                cmd_delete_item_off_line
 .text.cmd_get_off_line_setting
                0x200147b0      0x108 ./src/sub-systemCode/Main/CMD/General_CMD.o
                0x200147b0                cmd_get_off_line_setting
 .text.cmd_reset_delayed_command_list
                0x200148b8       0x3c ./src/sub-systemCode/Main/CMD/SW_CMD.o
                0x200148b8                cmd_reset_delayed_command_list
 .text.cmd_reset_APRS_list
                0x200148f4       0x3c ./src/sub-systemCode/Main/CMD/SW_CMD.o
                0x200148f4                cmd_reset_APRS_list
 .text.cmd_reset_FRAM
                0x20014930       0xe8 ./src/sub-systemCode/Main/CMD/SW_CMD.o
                0x20014930                cmd_reset_FRAM
 .text.ARM_ants
                0x20014a18       0xb8 ./src/sub-systemCode/Main/Ants.o
                0x20014a18                ARM_ants
 .text.DISARM_ants
                0x20014ad0       0xb8 ./src/sub-systemCode/Main/Ants.o
                0x20014ad0                DISARM_ants
 .text.round_vol
                0x20014b88      0x124 ./src/sub-systemCode/Main/EPS.o
                0x20014b88                round_vol
 .text.get_shut_ADCS
                0x20014cac       0x48 ./src/sub-systemCode/Main/EPS.o
                0x20014cac                get_shut_ADCS
 .text.shut_ADCS
                0x20014cf4       0x44 ./src/sub-systemCode/Main/EPS.o
                0x20014cf4                shut_ADCS
 .text.get_shut_CAM
                0x20014d38       0x48 ./src/sub-systemCode/Main/EPS.o
                0x20014d38                get_shut_CAM
 .text.shut_CAM
                0x20014d80       0x44 ./src/sub-systemCode/Main/EPS.o
                0x20014d80                shut_CAM
 .text.update_powerLines
                0x20014dc4       0xec ./src/sub-systemCode/Main/EPS.o
                0x20014dc4                update_powerLines
 .text.get_EPS_mode_t
                0x20014eb0       0x24 ./src/sub-systemCode/Main/EPS.o
                0x20014eb0                get_EPS_mode_t
 .text.init_enterMode
                0x20014ed4       0x88 ./src/sub-systemCode/Main/EPS.o
                0x20014ed4                init_enterMode
 .text.EPS_Init
                0x20014f5c      0x1dc ./src/sub-systemCode/Main/EPS.o
                0x20014f5c                EPS_Init
 .text.reset_FRAM_EPS
                0x20015138       0xe0 ./src/sub-systemCode/Main/EPS.o
                0x20015138                reset_FRAM_EPS
 .text.reset_EPS_voltages
                0x20015218       0xbc ./src/sub-systemCode/Main/EPS.o
                0x20015218                reset_EPS_voltages
 .text.battery_downward
                0x200152d4      0x114 ./src/sub-systemCode/Main/EPS.o
                0x200152d4                battery_downward
 .text.battery_upward
                0x200153e8      0x120 ./src/sub-systemCode/Main/EPS.o
                0x200153e8                battery_upward
 .text.EPS_Conditioning
                0x20015508      0x244 ./src/sub-systemCode/Main/EPS.o
                0x20015508                EPS_Conditioning
 .text.overRide_ADCS
                0x2001574c       0x50 ./src/sub-systemCode/Main/EPS.o
                0x2001574c                overRide_ADCS
 .text.overRide_Camera
                0x2001579c       0x38 ./src/sub-systemCode/Main/EPS.o
                0x2001579c                overRide_Camera
 .text.EnterFullMode
                0x200157d4       0xfc ./src/sub-systemCode/Main/EPS.o
                0x200157d4                EnterFullMode
 .text.EnterCruiseMode
                0x200158d0       0xec ./src/sub-systemCode/Main/EPS.o
                0x200158d0                EnterCruiseMode
 .text.EnterSafeMode
                0x200159bc       0xec ./src/sub-systemCode/Main/EPS.o
                0x200159bc                EnterSafeMode
 .text.EnterCriticalMode
                0x20015aa8       0xd8 ./src/sub-systemCode/Main/EPS.o
                0x20015aa8                EnterCriticalMode
 .text.check_EPSTableCorrection
                0x20015b80      0x120 ./src/sub-systemCode/Main/EPS.o
                0x20015b80                check_EPSTableCorrection
 .text.save_ACK
                0x20015ca0      0x11c ./src/sub-systemCode/Main/HouseKeeping.o
                0x20015ca0                save_ACK
 .text.set_GP_EPS
                0x20015dbc      0x10c ./src/sub-systemCode/Main/HouseKeeping.o
                0x20015dbc                set_GP_EPS
 .text.set_GP_COMM
                0x20015ec8       0x88 ./src/sub-systemCode/Main/HouseKeeping.o
                0x20015ec8                set_GP_COMM
 .text.SP_HK_collect
                0x20015f50      0x198 ./src/sub-systemCode/Main/HouseKeeping.o
                0x20015f50                SP_HK_collect
 .text.EPS_HK_collect
                0x200160e8      0x4f8 ./src/sub-systemCode/Main/HouseKeeping.o
                0x200160e8                EPS_HK_collect
 .text.CAM_HK_collect
                0x200165e0      0x91c ./src/sub-systemCode/Main/HouseKeeping.o
                0x200165e0                CAM_HK_collect
 .text.COMM_HK_collect
                0x20016efc      0x20c ./src/sub-systemCode/Main/HouseKeeping.o
                0x20016efc                COMM_HK_collect
 .text.FS_HK_collect
                0x20017108      0x18c ./src/sub-systemCode/Main/HouseKeeping.o
                0x20017108                FS_HK_collect
 .text.HK_find_ADCSTM_fileName
                0x20017294      0x284 ./src/sub-systemCode/Main/HouseKeeping.o
                0x20017294                HK_find_ADCSTM_fileName
 .text.HK_find_fileName
                0x20017518       0xfc ./src/sub-systemCode/Main/HouseKeeping.o
                0x20017518                HK_find_fileName
 .text.HK_find_ADCSTM_ElementSize
                0x20017614       0xc8 ./src/sub-systemCode/Main/HouseKeeping.o
                0x20017614                HK_find_ADCSTM_ElementSize
 .text.HK_findElementSize
                0x200176dc       0xac ./src/sub-systemCode/Main/HouseKeeping.o
                0x200176dc                HK_findElementSize
 .text.build_HK_spl_packet
                0x20017788      0x150 ./src/sub-systemCode/Main/HouseKeeping.o
                0x20017788                build_HK_spl_packet
 .text.reset_FIRST_activation
                0x200178d8       0x34 ./src/sub-systemCode/Main/Main_Init.o
                0x200178d8                reset_FIRST_activation
 .text.test_menu
                0x2001790c       0xb4 ./src/sub-systemCode/Main/Main_Init.o
                0x2001790c                test_menu
 .text.numberOfRestarts
                0x200179c0       0x94 ./src/sub-systemCode/Main/Main_Init.o
                0x200179c0                numberOfRestarts
 .text.StartFRAM
                0x20017a54       0x38 ./src/sub-systemCode/Main/Main_Init.o
                0x20017a54                StartFRAM
 .text.StartI2C
                0x20017a8c       0x44 ./src/sub-systemCode/Main/Main_Init.o
                0x20017a8c                StartI2C
 .text.StartSPI
                0x20017ad0       0x40 ./src/sub-systemCode/Main/Main_Init.o
                0x20017ad0                StartSPI
 .text.StartTIME
                0x20017b10      0x118 ./src/sub-systemCode/Main/Main_Init.o
                0x20017b10                StartTIME
 .text.first_activation
                0x20017c28       0x7c ./src/sub-systemCode/Main/Main_Init.o
                0x20017c28                first_activation
 .text.InitSubsystems
                0x20017ca4       0x64 ./src/sub-systemCode/Main/Main_Init.o
                0x20017ca4                InitSubsystems
 .text.SubSystemTaskStart
                0x20017d08       0xec ./src/sub-systemCode/Main/Main_Init.o
                0x20017d08                SubSystemTaskStart
 .text.save_ACK_s
                0x20017df4       0x5c ./src/sub-systemCode/Main/commands.o
                0x20017df4                save_ACK_s
 .text.copy_command
                0x20017e50       0x80 ./src/sub-systemCode/Main/commands.o
                0x20017e50                copy_command
 .text.reset_command
                0x20017ed0       0x28 ./src/sub-systemCode/Main/commands.o
                0x20017ed0                reset_command
 .text.init_command
                0x20017ef8       0xd4 ./src/sub-systemCode/Main/commands.o
                0x20017ef8                init_command
 .text.add_command
                0x20017fcc      0x118 ./src/sub-systemCode/Main/commands.o
                0x20017fcc                add_command
 .text.get_command
                0x200180e4      0x1ac ./src/sub-systemCode/Main/commands.o
                0x200180e4                get_command
 .text.act_upon_command
                0x20018290      0x1e4 ./src/sub-systemCode/Main/commands.o
                0x20018290                act_upon_command
 .text.cmd_error
                0x20018474       0x38 ./src/sub-systemCode/Main/commands.o
                0x20018474                cmd_error
 .text.AUC_COMM
                0x200184ac      0x25c ./src/sub-systemCode/Main/commands.o
                0x200184ac                AUC_COMM
 .text.AUC_general
                0x20018708      0x48c ./src/sub-systemCode/Main/commands.o
                0x20018708                AUC_general
 .text.AUC_payload
                0x20018b94      0x1e8 ./src/sub-systemCode/Main/commands.o
                0x20018b94                AUC_payload
 .text.AUC_EPS  0x20018d7c      0x28c ./src/sub-systemCode/Main/commands.o
                0x20018d7c                AUC_EPS
 .text.AUC_SW   0x20019008       0xe4 ./src/sub-systemCode/Main/commands.o
                0x20019008                AUC_SW
 .text.AUC_onlineTM
                0x200190ec      0x1ac ./src/sub-systemCode/Main/commands.o
                0x200190ec                AUC_onlineTM
 .text.AUC_special_operation
                0x20019298       0x8c ./src/sub-systemCode/Main/commands.o
                0x20019298                AUC_special_operation
 .text.check_int
                0x20019324       0x3c ./src/sub-systemCode/Global/Global.o
                0x20019324                check_int
 .text.check_portBASE_TYPE
                0x20019360       0x3c ./src/sub-systemCode/Global/Global.o
                0x20019360                check_portBASE_TYPE
 .text.soft_reset_subsystem
                0x2001939c       0xd8 ./src/sub-systemCode/Global/Global.o
                0x2001939c                soft_reset_subsystem
 .text.hard_reset_subsystem
                0x20019474      0x104 ./src/sub-systemCode/Global/Global.o
                0x20019474                hard_reset_subsystem
 .text.BigEnE_raw_to_uInt
                0x20019578       0x94 ./src/sub-systemCode/Global/Global.o
                0x20019578                BigEnE_raw_to_uInt
 .text.BigEnE_raw_to_uShort
                0x2001960c       0x50 ./src/sub-systemCode/Global/Global.o
                0x2001960c                BigEnE_raw_to_uShort
 .text.BigEnE_uInt_to_raw
                0x2001965c       0x78 ./src/sub-systemCode/Global/Global.o
                0x2001965c                BigEnE_uInt_to_raw
 .text.reset_FRAM_MAIN
                0x200196d4      0x19c ./src/sub-systemCode/Global/Global.o
                0x200196d4                reset_FRAM_MAIN
 .text.getBitValueByIndex
                0x20019870       0xd0 ./src/sub-systemCode/Global/Global.o
                0x20019870                getBitValueByIndex
 .text.terminateTask
                0x20019940       0x18 ./src/sub-systemCode/Global/Global.o
                0x20019940                terminateTask
 .text.init_GP  0x20019958      0x2e0 ./src/sub-systemCode/Global/GlobalParam.o
                0x20019958                init_GP
 .text.get_system_state
                0x20019c38      0x254 ./src/sub-systemCode/Global/GlobalParam.o
                0x20019c38                get_system_state
 .text.set_system_state
                0x20019e8c      0x284 ./src/sub-systemCode/Global/GlobalParam.o
                0x20019e8c                set_system_state
 .text.get_systems_state_param
                0x2001a110       0x78 ./src/sub-systemCode/Global/GlobalParam.o
                0x2001a110                get_systems_state_param
 .text.get_current_global_param
                0x2001a188      0x548 ./src/sub-systemCode/Global/GlobalParam.o
                0x2001a188                get_current_global_param
 .text.set_Vbatt
                0x2001a6d0       0x78 ./src/sub-systemCode/Global/GlobalParam.o
                0x2001a6d0                set_Vbatt
 .text.get_Vbatt
                0x2001a748       0x78 ./src/sub-systemCode/Global/GlobalParam.o
                0x2001a748                get_Vbatt
 .text.set_curBat
                0x2001a7c0       0x78 ./src/sub-systemCode/Global/GlobalParam.o
                0x2001a7c0                set_curBat
 .text.set_cur3V3
                0x2001a838       0x78 ./src/sub-systemCode/Global/GlobalParam.o
                0x2001a838                set_cur3V3
 .text.set_cur5V
                0x2001a8b0       0x78 ./src/sub-systemCode/Global/GlobalParam.o
                0x2001a8b0                set_cur5V
 .text.set_tempComm_LO
                0x2001a928       0x78 ./src/sub-systemCode/Global/GlobalParam.o
                0x2001a928                set_tempComm_LO
 .text.set_tempComm_PA
                0x2001a9a0       0x78 ./src/sub-systemCode/Global/GlobalParam.o
                0x2001a9a0                set_tempComm_PA
 .text.set_tempEPS
                0x2001aa18       0xb4 ./src/sub-systemCode/Global/GlobalParam.o
                0x2001aa18                set_tempEPS
 .text.set_tempBatt
                0x2001aacc       0xb4 ./src/sub-systemCode/Global/GlobalParam.o
                0x2001aacc                set_tempBatt
 .text.set_RxDoppler
                0x2001ab80       0x78 ./src/sub-systemCode/Global/GlobalParam.o
                0x2001ab80                set_RxDoppler
 .text.set_RxRSSI
                0x2001abf8       0x78 ./src/sub-systemCode/Global/GlobalParam.o
                0x2001abf8                set_RxRSSI
 .text.set_TxRefl
                0x2001ac70       0x78 ./src/sub-systemCode/Global/GlobalParam.o
                0x2001ac70                set_TxRefl
 .text.set_TxForw
                0x2001ace8       0x78 ./src/sub-systemCode/Global/GlobalParam.o
                0x2001ace8                set_TxForw
 .text.get_Attitude
                0x2001ad60      0x10c ./src/sub-systemCode/Global/GlobalParam.o
                0x2001ad60                get_Attitude
 .text.set_numOfAPRS
                0x2001ae6c       0x78 ./src/sub-systemCode/Global/GlobalParam.o
                0x2001ae6c                set_numOfAPRS
 .text.set_numOfDelayedCommand
                0x2001aee4       0x78 ./src/sub-systemCode/Global/GlobalParam.o
                0x2001aee4                set_numOfDelayedCommand
 .text.set_numOfResets
                0x2001af5c       0x98 ./src/sub-systemCode/Global/GlobalParam.o
                0x2001af5c                set_numOfResets
 .text.set_ground_conn
                0x2001aff4       0x8c ./src/sub-systemCode/Global/GlobalParam.o
                0x2001aff4                set_ground_conn
 .text.get_ground_conn
                0x2001b080       0x8c ./src/sub-systemCode/Global/GlobalParam.o
                0x2001b080                get_ground_conn
 .text.IsisAntS_getStatusData_sideA
                0x2001b10c       0x3c ./src/sub-systemCode/Global/OnlineTM.o
                0x2001b10c                IsisAntS_getStatusData_sideA
 .text.IsisAntS_getAlltelemetry_sideA
                0x2001b148       0x3c ./src/sub-systemCode/Global/OnlineTM.o
                0x2001b148                IsisAntS_getAlltelemetry_sideA
 .text.IsisAntS_getTemperature_sideA
                0x2001b184       0x3c ./src/sub-systemCode/Global/OnlineTM.o
                0x2001b184                IsisAntS_getTemperature_sideA
 .text.IsisAntS_getStatusData_sideB
                0x2001b1c0       0x3c ./src/sub-systemCode/Global/OnlineTM.o
                0x2001b1c0                IsisAntS_getStatusData_sideB
 .text.IsisAntS_getAlltelemetry_sideB
                0x2001b1fc       0x3c ./src/sub-systemCode/Global/OnlineTM.o
                0x2001b1fc                IsisAntS_getAlltelemetry_sideB
 .text.IsisAntS_getTemperature_sideB
                0x2001b238       0x3c ./src/sub-systemCode/Global/OnlineTM.o
                0x2001b238                IsisAntS_getTemperature_sideB
 .text.HK_collect_EPS
                0x2001b274       0x30 ./src/sub-systemCode/Global/OnlineTM.o
                0x2001b274                HK_collect_EPS
 .text.HK_collect_COMM
                0x2001b2a4       0x30 ./src/sub-systemCode/Global/OnlineTM.o
                0x2001b2a4                HK_collect_COMM
 .text.HK_collect_CAM
                0x2001b2d4       0x30 ./src/sub-systemCode/Global/OnlineTM.o
                0x2001b2d4                HK_collect_CAM
 .text.HK_collect_SP
                0x2001b304       0x30 ./src/sub-systemCode/Global/OnlineTM.o
                0x2001b304                HK_collect_SP
 .text.HK_collect_FS_A
                0x2001b334       0x34 ./src/sub-systemCode/Global/OnlineTM.o
                0x2001b334                HK_collect_FS_A
 .text.HK_collect_FS_B
                0x2001b368       0x34 ./src/sub-systemCode/Global/OnlineTM.o
                0x2001b368                HK_collect_FS_B
 .text.save_offlineSetting_FRAM
                0x2001b39c      0x26c ./src/sub-systemCode/Global/OnlineTM.o
                0x2001b39c                save_offlineSetting_FRAM
 .text.get_offlineSetting_FRAM
                0x2001b608       0x58 ./src/sub-systemCode/Global/OnlineTM.o
                0x2001b608                get_offlineSetting_FRAM
 .text.update_offlineSetting_FRAM
                0x2001b660      0x360 ./src/sub-systemCode/Global/OnlineTM.o
                0x2001b660                update_offlineSetting_FRAM
 .text.get_offlineSettingPacket
                0x2001b9c0       0xc4 ./src/sub-systemCode/Global/OnlineTM.o
                0x2001b9c0                get_offlineSettingPacket
 .text.get_item_by_index
                0x2001ba84       0xdc ./src/sub-systemCode/Global/OnlineTM.o
                0x2001ba84                get_item_by_index
 .text.get_pointer_item_by_index
                0x2001bb60       0x48 ./src/sub-systemCode/Global/OnlineTM.o
                0x2001bb60                get_pointer_item_by_index
 .text.init_onlineParam
                0x2001bba8     0x2f10 ./src/sub-systemCode/Global/OnlineTM.o
                0x2001bba8                init_onlineParam
 .text.reset_offline_TM_list
                0x2001eab8      0x194 ./src/sub-systemCode/Global/OnlineTM.o
                0x2001eab8                reset_offline_TM_list
 .text.get_online_packet
                0x2001ec4c      0x25c ./src/sub-systemCode/Global/OnlineTM.o
                0x2001ec4c                get_online_packet
 .text.save_onlineTM_param
                0x2001eea8      0x1b4 ./src/sub-systemCode/Global/OnlineTM.o
                0x2001eea8                save_onlineTM_param
 .text.add_onlineTM_param_to_save_list
                0x2001f05c      0x3d8 ./src/sub-systemCode/Global/OnlineTM.o
                0x2001f05c                add_onlineTM_param_to_save_list
 .text.delete_onlineTM_param_from_offline
                0x2001f434      0x1a8 ./src/sub-systemCode/Global/OnlineTM.o
                0x2001f434                delete_onlineTM_param_from_offline
 .text.save_onlineTM_logic
                0x2001f5dc      0x2bc ./src/sub-systemCode/Global/OnlineTM.o
                0x2001f5dc                save_onlineTM_logic
 .text.save_onlineTM_task
                0x2001f898       0xd8 ./src/sub-systemCode/Global/OnlineTM.o
                0x2001f898                save_onlineTM_task
 .text.delete_allTMFilesFromSD
                0x2001f970      0x14c ./src/sub-systemCode/Global/TLM_management.o
                0x2001f970                delete_allTMFilesFromSD
 .text.getNumOfFilesInFS
                0x2001fabc       0x44 ./src/sub-systemCode/Global/TLM_management.o
 .text.setNumOfFilesInFS
                0x2001fb00       0x50 ./src/sub-systemCode/Global/TLM_management.o
 .text.f_managed_enterFS
                0x2001fb50       0x9c ./src/sub-systemCode/Global/TLM_management.o
                0x2001fb50                f_managed_enterFS
 .text.f_managed_releaseFS
                0x2001fbec       0x4c ./src/sub-systemCode/Global/TLM_management.o
                0x2001fbec                f_managed_releaseFS
 .text.f_managed_open
                0x2001fc38      0x10c ./src/sub-systemCode/Global/TLM_management.o
                0x2001fc38                f_managed_open
 .text.f_managed_close
                0x2001fd44       0x98 ./src/sub-systemCode/Global/TLM_management.o
                0x2001fd44                f_managed_close
 .text.createSemahores_FS
                0x2001fddc       0x7c ./src/sub-systemCode/Global/TLM_management.o
                0x2001fddc                createSemahores_FS
 .text.InitializeFS
                0x2001fe58      0x1a8 ./src/sub-systemCode/Global/TLM_management.o
                0x2001fe58                InitializeFS
 .text.c_fileCreate
                0x20020000       0xf4 ./src/sub-systemCode/Global/TLM_management.o
                0x20020000                c_fileCreate
 .text.writewithEpochtime
                0x200200f4       0x94 ./src/sub-systemCode/Global/TLM_management.o
 .text.get_C_FILE_struct
                0x20020188      0x104 ./src/sub-systemCode/Global/TLM_management.o
 .text.getFileIndex
                0x2002028c       0x64 ./src/sub-systemCode/Global/TLM_management.o
 .text.get_file_name_by_index
                0x200202f0       0x54 ./src/sub-systemCode/Global/TLM_management.o
                0x200202f0                get_file_name_by_index
 .text.c_fileReset
                0x20020344      0x140 ./src/sub-systemCode/Global/TLM_management.o
                0x20020344                c_fileReset
 .text.c_fileWrite
                0x20020484      0x168 ./src/sub-systemCode/Global/TLM_management.o
                0x20020484                c_fileWrite
 .text.deleteElementsFromFile
                0x200205ec      0x188 ./src/sub-systemCode/Global/TLM_management.o
 .text.c_fileDeleteElements
                0x20020774      0x168 ./src/sub-systemCode/Global/TLM_management.o
                0x20020774                c_fileDeleteElements
 .text.c_fileRead
                0x200208dc      0x2c8 ./src/sub-systemCode/Global/TLM_management.o
                0x200208dc                c_fileRead
 .text.xSemaphoreGive_extended
                0x20020ba4       0x48 ./src/sub-systemCode/Global/freertosExtended.o
                0x20020ba4                xSemaphoreGive_extended
 .text.xSemaphoreTake_extended
                0x20020bec       0x54 ./src/sub-systemCode/Global/freertosExtended.o
                0x20020bec                xSemaphoreTake_extended
 .text.WriteLog
                0x20020c40       0x94 ./src/sub-systemCode/Global/logger.o
                0x20020c40                WriteLog
 .text.WritePayloadLog
                0x20020cd4       0x54 ./src/sub-systemCode/Global/logger.o
                0x20020cd4                WritePayloadLog
 .text.reset_APRS_list
                0x20020d28       0xa4 ./src/sub-systemCode/COMM/APRS.o
                0x20020d28                reset_APRS_list
 .text.send_APRS_Dump
                0x20020dcc      0x1c0 ./src/sub-systemCode/COMM/APRS.o
                0x20020dcc                send_APRS_Dump
 .text.get_APRS_list
                0x20020f8c       0x88 ./src/sub-systemCode/COMM/APRS.o
                0x20020f8c                get_APRS_list
 .text.find_CMD_in_list
                0x20021014       0x7c ./src/sub-systemCode/COMM/DelayedCommand_list.o
                0x20021014                find_CMD_in_list
 .text.find_empty_in_list
                0x20021090       0x74 ./src/sub-systemCode/COMM/DelayedCommand_list.o
                0x20021090                find_empty_in_list
 .text.check_delayCommandTime
                0x20021104       0x8c ./src/sub-systemCode/COMM/DelayedCommand_list.o
                0x20021104                check_delayCommandTime
 .text.execute_delayedCommand
                0x20021190       0x64 ./src/sub-systemCode/COMM/DelayedCommand_list.o
                0x20021190                execute_delayedCommand
 .text.check_delaycommand
                0x200211f4      0x17c ./src/sub-systemCode/COMM/DelayedCommand_list.o
                0x200211f4                check_delaycommand
 .text.reset_delayCommand
                0x20021370       0x8c ./src/sub-systemCode/COMM/DelayedCommand_list.o
                0x20021370                reset_delayCommand
 .text.add_delayCommand
                0x200213fc      0x1a4 ./src/sub-systemCode/COMM/DelayedCommand_list.o
                0x200213fc                add_delayCommand
 .text.get_delayCommand_list
                0x200215a0       0x80 ./src/sub-systemCode/COMM/DelayedCommand_list.o
                0x200215a0                get_delayCommand_list
 .text.EmptyOldestCommand
                0x20021620       0xfc ./src/sub-systemCode/COMM/DelayedCommand_list.o
                0x20021620                EmptyOldestCommand
 .text.decode_TCpacket
                0x2002171c      0x16c ./src/sub-systemCode/COMM/GSC.o
                0x2002171c                decode_TCpacket
 .text.encode_TCpacket
                0x20021888      0x114 ./src/sub-systemCode/COMM/GSC.o
                0x20021888                encode_TCpacket
 .text.encode_TMpacket
                0x2002199c      0x104 ./src/sub-systemCode/COMM/GSC.o
                0x2002199c                encode_TMpacket
 .text.build_raw_ACK
                0x20021aa0       0xbc ./src/sub-systemCode/COMM/GSC.o
                0x20021aa0                build_raw_ACK
 .text.build_data_field_ACK
                0x20021b5c       0x74 ./src/sub-systemCode/COMM/GSC.o
                0x20021b5c                build_data_field_ACK
 .text.update_FRAM_bitRate
                0x20021bd0       0xd0 ./src/sub-systemCode/COMM/TRXVU.o
                0x20021bd0                update_FRAM_bitRate
 .text.toggle_idle_state
                0x20021ca0       0x94 ./src/sub-systemCode/COMM/TRXVU.o
                0x20021ca0                toggle_idle_state
 .text.TRXVU_init_hardWare
                0x20021d34       0xac ./src/sub-systemCode/COMM/TRXVU.o
                0x20021d34                TRXVU_init_hardWare
 .text.TRXVU_init_softWare
                0x20021de0      0x100 ./src/sub-systemCode/COMM/TRXVU.o
                0x20021de0                TRXVU_init_softWare
 .text.init_trxvu
                0x20021ee0       0x14 ./src/sub-systemCode/COMM/TRXVU.o
                0x20021ee0                init_trxvu
 .text.TRXVU_task
                0x20021ef4       0xfc ./src/sub-systemCode/COMM/TRXVU.o
                0x20021ef4                TRXVU_task
 .text.dump_logic
                0x20021ff0      0x34c ./src/sub-systemCode/COMM/TRXVU.o
                0x20021ff0                dump_logic
 .text.Dump_task
                0x2002233c      0x17c ./src/sub-systemCode/COMM/TRXVU.o
                0x2002233c                Dump_task
 .text.transponder_logic
                0x200224b8       0xbc ./src/sub-systemCode/COMM/TRXVU.o
                0x200224b8                transponder_logic
 .text.Transponder_task
                0x20022574      0x224 ./src/sub-systemCode/COMM/TRXVU.o
                0x20022574                Transponder_task
 .text.lookForRequestToDelete_transponder
                0x20022798       0xb4 ./src/sub-systemCode/COMM/TRXVU.o
                0x20022798                lookForRequestToDelete_transponder
 .text.lookForRequestToDelete_dump
                0x2002284c       0x78 ./src/sub-systemCode/COMM/TRXVU.o
                0x2002284c                lookForRequestToDelete_dump
 .text.sendRequestToStop_dump
                0x200228c4       0x8c ./src/sub-systemCode/COMM/TRXVU.o
                0x200228c4                sendRequestToStop_dump
 .text.sendRequestToStop_transponder
                0x20022950       0x8c ./src/sub-systemCode/COMM/TRXVU.o
                0x20022950                sendRequestToStop_transponder
 .text.Rx_logic
                0x200229dc      0x18c ./src/sub-systemCode/COMM/TRXVU.o
                0x200229dc                Rx_logic
 .text.pass_above_Ground
                0x20022b68      0x104 ./src/sub-systemCode/COMM/TRXVU.o
                0x20022b68                pass_above_Ground
 .text.trxvu_logic
                0x20022c6c       0x1c ./src/sub-systemCode/COMM/TRXVU.o
                0x20022c6c                trxvu_logic
 .text.Beacon_task
                0x20022c88      0x17c ./src/sub-systemCode/COMM/TRXVU.o
                0x20022c88                Beacon_task
 .text.buildAndSend_beacon
                0x20022e04      0x5a0 ./src/sub-systemCode/COMM/TRXVU.o
                0x20022e04                buildAndSend_beacon
 .text.reset_FRAM_TRXVU
                0x200233a4      0x160 ./src/sub-systemCode/COMM/TRXVU.o
                0x200233a4                reset_FRAM_TRXVU
 .text.TRX_sendFrame
                0x20023504      0x1ac ./src/sub-systemCode/COMM/TRXVU.o
                0x20023504                TRX_sendFrame
 .text.TRX_getFrameData
                0x200236b0      0x10c ./src/sub-systemCode/COMM/TRXVU.o
                0x200236b0                TRX_getFrameData
 .text.mute_Tx  0x200237bc       0x20 ./src/sub-systemCode/COMM/TRXVU.o
                0x200237bc                mute_Tx
 .text.unmute_Tx
                0x200237dc       0x58 ./src/sub-systemCode/COMM/TRXVU.o
                0x200237dc                unmute_Tx
 .text.check_time_off_mute
                0x20023834       0x88 ./src/sub-systemCode/COMM/TRXVU.o
                0x20023834                check_time_off_mute
 .text.set_mute_time
                0x200238bc       0xb4 ./src/sub-systemCode/COMM/TRXVU.o
                0x200238bc                set_mute_time
 .text.change_TRXVU_state
                0x20023970       0xe0 ./src/sub-systemCode/COMM/TRXVU.o
                0x20023970                change_TRXVU_state
 .text.change_trans_RSSI
                0x20023a50       0x60 ./src/sub-systemCode/COMM/TRXVU.o
                0x20023a50                change_trans_RSSI
 .text.AdcsReadI2cAck
                0x20023ab0       0xfc ./src/sub-systemCode/ADCS/AdcsCommands.o
                0x20023ab0                AdcsReadI2cAck
 .text.AdcsGenericI2cCmd
                0x20023bac      0x198 ./src/sub-systemCode/ADCS/AdcsCommands.o
                0x20023bac                AdcsGenericI2cCmd
 .text.SendAdcsTlm
                0x20023d44      0x14c ./src/sub-systemCode/ADCS/AdcsCommands.o
                0x20023d44                SendAdcsTlm
 .text.AdcsExecuteCommand
                0x20023e90     0x1fa0 ./src/sub-systemCode/ADCS/AdcsCommands.o
                0x20023e90                AdcsExecuteCommand
 .text.InitTlmElements
                0x20025e30      0x204 ./src/sub-systemCode/ADCS/AdcsGetDataAndTlm.o
                0x20025e30                InitTlmElements
 .text.CreateTlmElementFiles
                0x20026034      0x178 ./src/sub-systemCode/ADCS/AdcsGetDataAndTlm.o
                0x20026034                CreateTlmElementFiles
 .text.SaveElementTlmAtIndex
                0x200261ac      0x4ec ./src/sub-systemCode/ADCS/AdcsGetDataAndTlm.o
                0x200261ac                SaveElementTlmAtIndex
 .text.UpdateTlmElementAtIndex
                0x20026698      0x150 ./src/sub-systemCode/ADCS/AdcsGetDataAndTlm.o
                0x20026698                UpdateTlmElementAtIndex
 .text.AdcsGetTlmOverrideFlag
                0x200267e8       0x5c ./src/sub-systemCode/ADCS/AdcsGetDataAndTlm.o
                0x200267e8                AdcsGetTlmOverrideFlag
 .text.AdcsSetTlmOverrideFlag
                0x20026844       0x9c ./src/sub-systemCode/ADCS/AdcsGetDataAndTlm.o
                0x20026844                AdcsSetTlmOverrideFlag
 .text.RestoreDefaultTlmElement
                0x200268e0      0x1d0 ./src/sub-systemCode/ADCS/AdcsGetDataAndTlm.o
                0x200268e0                RestoreDefaultTlmElement
 .text.GetTlmElementAtIndex
                0x20026ab0       0x80 ./src/sub-systemCode/ADCS/AdcsGetDataAndTlm.o
                0x20026ab0                GetTlmElementAtIndex
 .text.GatherTlmAndData
                0x20026b30      0x100 ./src/sub-systemCode/ADCS/AdcsGetDataAndTlm.o
                0x20026b30                GatherTlmAndData
 .text.AdcsInit
                0x20026c30      0x160 ./src/sub-systemCode/ADCS/AdcsMain.o
                0x20026c30                AdcsInit
 .text.AdcsTask
                0x20026d90      0x118 ./src/sub-systemCode/ADCS/AdcsMain.o
                0x20026d90                AdcsTask
 .text.AdcsTroubleShooting
                0x20026ea8       0x88 ./src/sub-systemCode/ADCS/AdcsTroubleShooting.o
                0x20026ea8                AdcsTroubleShooting
 .text.UpdateAdcsStateMachine
                0x20026f30       0x1c ./src/sub-systemCode/ADCS/StateMachine.o
                0x20026f30                UpdateAdcsStateMachine
 .text.save_time
                0x20026f4c       0x9c ./src/main.o
                0x20026f4c                save_time
 .text.Command_logic
                0x20026fe8       0x6c ./src/main.o
                0x20026fe8                Command_logic
 .text.taskMain
                0x20027054       0x74 ./src/main.o
                0x20027054                taskMain
 .text.main     0x200270c8       0xc4 ./src/main.o
                0x200270c8                main
 .text.GomEpsInitialize
                0x2002718c      0x148 C:/HOOPOE3/satellite-subsystems/demo/..//satellite-subsystems/lib\libSatelliteSubsystemsD.a(GomEPS.o)
                0x2002718c                GomEpsInitialize
 .text.makeEPStransfer
                0x200272d4       0x3c C:/HOOPOE3/satellite-subsystems/demo/..//satellite-subsystems/lib\libSatelliteSubsystemsD.a(GomEPS.o)
 .text.GomEpsPing
                0x20027310       0xf8 C:/HOOPOE3/satellite-subsystems/demo/..//satellite-subsystems/lib\libSatelliteSubsystemsD.a(GomEPS.o)
                0x20027310                GomEpsPing
 .text.GomEpsSoftReset
                0x20027408       0xc4 C:/HOOPOE3/satellite-subsystems/demo/..//satellite-subsystems/lib\libSatelliteSubsystemsD.a(GomEPS.o)
                0x20027408                GomEpsSoftReset
 .text.GomEpsHardReset
                0x200274cc       0xa8 C:/HOOPOE3/satellite-subsystems/demo/..//satellite-subsystems/lib\libSatelliteSubsystemsD.a(GomEPS.o)
                0x200274cc                GomEpsHardReset
 .text.GomEpsGetHkData_param
                0x20027574      0x29c C:/HOOPOE3/satellite-subsystems/demo/..//satellite-subsystems/lib\libSatelliteSubsystemsD.a(GomEPS.o)
                0x20027574                GomEpsGetHkData_param
 .text.GomEpsGetHkData_general
                0x20027810      0x45c C:/HOOPOE3/satellite-subsystems/demo/..//satellite-subsystems/lib\libSatelliteSubsystemsD.a(GomEPS.o)
                0x20027810                GomEpsGetHkData_general
 .text.GomEpsGetHkData_vi
                0x20027c6c      0x188 C:/HOOPOE3/satellite-subsystems/demo/..//satellite-subsystems/lib\libSatelliteSubsystemsD.a(GomEPS.o)
                0x20027c6c                GomEpsGetHkData_vi
 .text.GomEpsGetHkData_out
                0x20027df4      0x21c C:/HOOPOE3/satellite-subsystems/demo/..//satellite-subsystems/lib\libSatelliteSubsystemsD.a(GomEPS.o)
                0x20027df4                GomEpsGetHkData_out
 .text.GomEpsGetHkData_wdt
                0x20028010      0x2b4 C:/HOOPOE3/satellite-subsystems/demo/..//satellite-subsystems/lib\libSatelliteSubsystemsD.a(GomEPS.o)
                0x20028010                GomEpsGetHkData_wdt
 .text.GomEpsGetHkData_basic
                0x200282c4      0x22c C:/HOOPOE3/satellite-subsystems/demo/..//satellite-subsystems/lib\libSatelliteSubsystemsD.a(GomEPS.o)
                0x200282c4                GomEpsGetHkData_basic
 .text.GomEpsSetOutput
                0x200284f0       0xbc C:/HOOPOE3/satellite-subsystems/demo/..//satellite-subsystems/lib\libSatelliteSubsystemsD.a(GomEPS.o)
                0x200284f0                GomEpsSetOutput
 .text.GomEpsResetWDT
                0x200285ac       0xc4 C:/HOOPOE3/satellite-subsystems/demo/..//satellite-subsystems/lib\libSatelliteSubsystemsD.a(GomEPS.o)
                0x200285ac                GomEpsResetWDT
 .text.GomEpsConfigGet
                0x20028670      0x16c C:/HOOPOE3/satellite-subsystems/demo/..//satellite-subsystems/lib\libSatelliteSubsystemsD.a(GomEPS.o)
                0x20028670                GomEpsConfigGet
 .text.GomEpsConfigSet
                0x200287dc      0x184 C:/HOOPOE3/satellite-subsystems/demo/..//satellite-subsystems/lib\libSatelliteSubsystemsD.a(GomEPS.o)
                0x200287dc                GomEpsConfigSet
 .text.GomEpsConfig2Get
                0x20028960      0x16c C:/HOOPOE3/satellite-subsystems/demo/..//satellite-subsystems/lib\libSatelliteSubsystemsD.a(GomEPS.o)
                0x20028960                GomEpsConfig2Get
 .text.makeAntStransfer
                0x20028acc       0x4c C:/HOOPOE3/satellite-subsystems/demo/..//satellite-subsystems/lib\libSatelliteSubsystemsD.a(IsisAntS.o)
 .text.checkInputsValid
                0x20028b18       0x7c C:/HOOPOE3/satellite-subsystems/demo/..//satellite-subsystems/lib\libSatelliteSubsystemsD.a(IsisAntS.o)
 .text.IsisAntS_setArmStatus
                0x20028b94      0x104 C:/HOOPOE3/satellite-subsystems/demo/..//satellite-subsystems/lib\libSatelliteSubsystemsD.a(IsisAntS.o)
                0x20028b94                IsisAntS_setArmStatus
 .text.IsisAntS_getStatusData
                0x20028c98      0x120 C:/HOOPOE3/satellite-subsystems/demo/..//satellite-subsystems/lib\libSatelliteSubsystemsD.a(IsisAntS.o)
                0x20028c98                IsisAntS_getStatusData
 .text.IsisAntS_getTemperature
                0x20028db8      0x120 C:/HOOPOE3/satellite-subsystems/demo/..//satellite-subsystems/lib\libSatelliteSubsystemsD.a(IsisAntS.o)
                0x20028db8                IsisAntS_getTemperature
 .text.IsisAntS_getAlltelemetry
                0x20028ed8      0x120 C:/HOOPOE3/satellite-subsystems/demo/..//satellite-subsystems/lib\libSatelliteSubsystemsD.a(IsisAntS.o)
                0x20028ed8                IsisAntS_getAlltelemetry
 .text.IsisAntS_reset
                0x20028ff8      0x104 C:/HOOPOE3/satellite-subsystems/demo/..//satellite-subsystems/lib\libSatelliteSubsystemsD.a(IsisAntS.o)
                0x20028ff8                IsisAntS_reset
 .text.IsisSolarPanelv2_initialize
                0x200290fc       0xb4 C:/HOOPOE3/satellite-subsystems/demo/..//satellite-subsystems/lib\libSatelliteSubsystemsD.a(IsisSolarPanelv2.o)
                0x200290fc                IsisSolarPanelv2_initialize
 .text.IsisSolarPanelv2_getTemperature
                0x200291b0       0xc8 C:/HOOPOE3/satellite-subsystems/demo/..//satellite-subsystems/lib\libSatelliteSubsystemsD.a(IsisSolarPanelv2.o)
                0x200291b0                IsisSolarPanelv2_getTemperature
 .text.IsisSolarPanelv2_sleep
                0x20029278       0xbc C:/HOOPOE3/satellite-subsystems/demo/..//satellite-subsystems/lib\libSatelliteSubsystemsD.a(IsisSolarPanelv2.o)
                0x20029278                IsisSolarPanelv2_sleep
 .text.IsisSolarPanelv2_wakeup
                0x20029334       0x80 C:/HOOPOE3/satellite-subsystems/demo/..//satellite-subsystems/lib\libSatelliteSubsystemsD.a(IsisSolarPanelv2.o)
                0x20029334                IsisSolarPanelv2_wakeup
 .text._Reset   0x200293b4       0x20 C:/HOOPOE3/satellite-subsystems/demo/..//satellite-subsystems/lib\libSatelliteSubsystemsD.a(IsisSolarPanelv2.o)
 .text._WaitForStartup
                0x200293d4       0x90 C:/HOOPOE3/satellite-subsystems/demo/..//satellite-subsystems/lib\libSatelliteSubsystemsD.a(IsisSolarPanelv2.o)
 .text._AssignAllChannels
                0x20029464       0x90 C:/HOOPOE3/satellite-subsystems/demo/..//satellite-subsystems/lib\libSatelliteSubsystemsD.a(IsisSolarPanelv2.o)
 .text._AssignThisChannel
                0x200294f4       0xe8 C:/HOOPOE3/satellite-subsystems/demo/..//satellite-subsystems/lib\libSatelliteSubsystemsD.a(IsisSolarPanelv2.o)
 .text._InitiateConversion
                0x200295dc       0xac C:/HOOPOE3/satellite-subsystems/demo/..//satellite-subsystems/lib\libSatelliteSubsystemsD.a(IsisSolarPanelv2.o)
 .text._WaitForConversionComplete
                0x20029688      0x100 C:/HOOPOE3/satellite-subsystems/demo/..//satellite-subsystems/lib\libSatelliteSubsystemsD.a(IsisSolarPanelv2.o)
 .text._ReadResult
                0x20029788      0x158 C:/HOOPOE3/satellite-subsystems/demo/..//satellite-subsystems/lib\libSatelliteSubsystemsD.a(IsisSolarPanelv2.o)
 .text._ExtractByte
                0x200298e0       0x38 C:/HOOPOE3/satellite-subsystems/demo/..//satellite-subsystems/lib\libSatelliteSubsystemsD.a(IsisSolarPanelv2.o)
 .text._ExtendSign
                0x20029918       0x6c C:/HOOPOE3/satellite-subsystems/demo/..//satellite-subsystems/lib\libSatelliteSubsystemsD.a(IsisSolarPanelv2.o)
 .text._PinsInit
                0x20029984       0x50 C:/HOOPOE3/satellite-subsystems/demo/..//satellite-subsystems/lib\libSatelliteSubsystemsD.a(IsisSolarPanelv2.o)
 .text._SpiWriteRead
                0x200299d4       0x70 C:/HOOPOE3/satellite-subsystems/demo/..//satellite-subsystems/lib\libSatelliteSubsystemsD.a(IsisSolarPanelv2.o)
 .text.IsisTrxvu_initialize
                0x20029a44      0x2f4 C:/HOOPOE3/satellite-subsystems/demo/..//satellite-subsystems/lib\libSatelliteSubsystemsD.a(IsisTRXVU.o)
                0x20029a44                IsisTrxvu_initialize
 .text.makeTRXVUtransfer
                0x20029d38       0x44 C:/HOOPOE3/satellite-subsystems/demo/..//satellite-subsystems/lib\libSatelliteSubsystemsD.a(IsisTRXVU.o)
 .text.IsisTrxvu_componentSoftReset
                0x20029d7c       0x6c C:/HOOPOE3/satellite-subsystems/demo/..//satellite-subsystems/lib\libSatelliteSubsystemsD.a(IsisTRXVU.o)
                0x20029d7c                IsisTrxvu_componentSoftReset
 .text.IsisTrxvu_componentHardReset
                0x20029de8       0xc8 C:/HOOPOE3/satellite-subsystems/demo/..//satellite-subsystems/lib\libSatelliteSubsystemsD.a(IsisTRXVU.o)
                0x20029de8                IsisTrxvu_componentHardReset
 .text.IsisTrxvu_softReset
                0x20029eb0       0x74 C:/HOOPOE3/satellite-subsystems/demo/..//satellite-subsystems/lib\libSatelliteSubsystemsD.a(IsisTRXVU.o)
                0x20029eb0                IsisTrxvu_softReset
 .text.IsisTrxvu_hardReset