Archive member included because of file (symbol)

c:/isis/application/toolchain/bin/../lib/gcc/arm-none-eabi/4.7.4/../../../../arm-none-eabi/lib\libc_s.a(lib_a-vfprintf_float.o)
                              (_printf_float)
c:/isis/application/toolchain/bin/../lib/gcc/arm-none-eabi/4.7.4/../../../../arm-none-eabi/lib\libc_s.a(lib_a-vfprintf_i.o)
                              c:/isis/application/toolchain/bin/../lib/gcc/arm-none-eabi/4.7.4/../../../../arm-none-eabi/lib\libc_s.a(lib_a-vfprintf_float.o) (_printf_common)
c:/isis/application/toolchain/bin/../lib/gcc/arm-none-eabi/4.7.4/../../../../arm-none-eabi/lib\libc_s.a(lib_a-vfscanf_float.o)
                              (_scanf_float)
c:/isis/application/toolchain/bin/../lib/gcc/arm-none-eabi/4.7.4/../../../../arm-none-eabi/lib\libc_s.a(lib_a-dtoa.o)
                              c:/isis/application/toolchain/bin/../lib/gcc/arm-none-eabi/4.7.4/../../../../arm-none-eabi/lib\libc_s.a(lib_a-vfprintf_float.o) (_dtoa_r)
c:/isis/application/toolchain/bin/../lib/gcc/arm-none-eabi/4.7.4/../../../../arm-none-eabi/lib\libc_s.a(lib_a-locale.o)
                              c:/isis/application/toolchain/bin/../lib/gcc/arm-none-eabi/4.7.4/../../../../arm-none-eabi/lib\libc_s.a(lib_a-vfprintf_float.o) (_localeconv_r)
c:/isis/application/toolchain/bin/../lib/gcc/arm-none-eabi/4.7.4/../../../../arm-none-eabi/lib\libc_s.a(lib_a-malloc.o)
                              c:/isis/application/toolchain/bin/../lib/gcc/arm-none-eabi/4.7.4/../../../../arm-none-eabi/lib\libc_s.a(lib_a-dtoa.o) (malloc)
c:/isis/application/toolchain/bin/../lib/gcc/arm-none-eabi/4.7.4/../../../../arm-none-eabi/lib\libc_s.a(lib_a-mallocr.o)
                              c:/isis/application/toolchain/bin/../lib/gcc/arm-none-eabi/4.7.4/../../../../arm-none-eabi/lib\libc_s.a(lib_a-malloc.o) (_malloc_r)
c:/isis/application/toolchain/bin/../lib/gcc/arm-none-eabi/4.7.4/../../../../arm-none-eabi/lib\libc_s.a(lib_a-memcpy.o)
                              c:/isis/application/toolchain/bin/../lib/gcc/arm-none-eabi/4.7.4/../../../../arm-none-eabi/lib\libc_s.a(lib_a-dtoa.o) (memcpy)
c:/isis/application/toolchain/bin/../lib/gcc/arm-none-eabi/4.7.4/../../../../arm-none-eabi/lib\libc_s.a(lib_a-mprec.o)
                              c:/isis/application/toolchain/bin/../lib/gcc/arm-none-eabi/4.7.4/../../../../arm-none-eabi/lib\libc_s.a(lib_a-dtoa.o) (_Balloc)
c:/isis/application/toolchain/bin/../lib/gcc/arm-none-eabi/4.7.4/../../../../arm-none-eabi/lib\libc_s.a(lib_a-s_fpclassify.o)
                              c:/isis/application/toolchain/bin/../lib/gcc/arm-none-eabi/4.7.4/../../../../arm-none-eabi/lib\libc_s.a(lib_a-vfprintf_float.o) (__fpclassifyd)
c:/isis/application/toolchain/bin/../lib/gcc/arm-none-eabi/4.7.4/../../../../arm-none-eabi/lib\libc_s.a(lib_a-sbrkr.o)
                              c:/isis/application/toolchain/bin/../lib/gcc/arm-none-eabi/4.7.4/../../../../arm-none-eabi/lib\libc_s.a(lib_a-mallocr.o) (_sbrk_r)
c:/isis/application/toolchain/bin/../lib/gcc/arm-none-eabi/4.7.4/../../../../arm-none-eabi/lib\libc_s.a(lib_a-sf_nan.o)
                              c:/isis/application/toolchain/bin/../lib/gcc/arm-none-eabi/4.7.4/../../../../arm-none-eabi/lib\libc_s.a(lib_a-vfscanf_float.o) (nanf)
c:/isis/application/toolchain/bin/../lib/gcc/arm-none-eabi/4.7.4/../../../../arm-none-eabi/lib\libc_s.a(lib_a-sprintf.o)
                              c:/isis/application/toolchain/bin/../lib/gcc/arm-none-eabi/4.7.4/../../../../arm-none-eabi/lib\libc_s.a(lib_a-vfscanf_float.o) (sprintf)
c:/isis/application/toolchain/bin/../lib/gcc/arm-none-eabi/4.7.4/../../../../arm-none-eabi/lib\libc_s.a(lib_a-strcmp.o)
                              c:/isis/application/toolchain/bin/../lib/gcc/arm-none-eabi/4.7.4/../../../../arm-none-eabi/lib\libc_s.a(lib_a-locale.o) (strcmp)
c:/isis/application/toolchain/bin/../lib/gcc/arm-none-eabi/4.7.4/../../../../arm-none-eabi/lib\libc_s.a(lib_a-strlen.o)
                              c:/isis/application/toolchain/bin/../lib/gcc/arm-none-eabi/4.7.4/../../../../arm-none-eabi/lib\libc_s.a(lib_a-vfprintf_float.o) (strlen)
c:/isis/application/toolchain/bin/../lib/gcc/arm-none-eabi/4.7.4/../../../../arm-none-eabi/lib\libc_s.a(lib_a-strtod.o)
                              c:/isis/application/toolchain/bin/../lib/gcc/arm-none-eabi/4.7.4/../../../../arm-none-eabi/lib\libc_s.a(lib_a-vfscanf_float.o) (_strtod_r)
c:/isis/application/toolchain/bin/../lib/gcc/arm-none-eabi/4.7.4/../../../../arm-none-eabi/lib\libc_s.a(lib_a-strtol.o)
                              c:/isis/application/toolchain/bin/../lib/gcc/arm-none-eabi/4.7.4/../../../../arm-none-eabi/lib\libc_s.a(lib_a-vfscanf_float.o) (_strtol_r)
c:/isis/application/toolchain/bin/../lib/gcc/arm-none-eabi/4.7.4/../../../../arm-none-eabi/lib\libc_s.a(lib_a-svfprintf.o)
                              c:/isis/application/toolchain/bin/../lib/gcc/arm-none-eabi/4.7.4/../../../../arm-none-eabi/lib\libc_s.a(lib_a-sprintf.o) (_svfprintf_r)
[...]
Memory Configuration

Name             Origin             Length             Attributes
sram0            0x00200000         0x00004000         w !xr
sram1            0x00300000         0x00004000         w !xr
sdram            0x20000000         0x02000000         w !xr
*default*        0x00000000         0xffffffff

Linker script and memory map

LOAD c:/isis/application/toolchain/bin/../lib/gcc/arm-none-eabi/4.7.4/../../../../arm-none-eabi/lib\libc_s.a
LOAD ./src/sub-systemCode/payload/Request Management/Dump/Butchering.o
LOAD ./src/sub-systemCode/payload/Request Management/Dump/imageDump.o
LOAD ./src/sub-systemCode/payload/Request Management/AutomaticImageHandler.o
LOAD ./src/sub-systemCode/payload/Request Management/CameraManeger.o
LOAD ./src/sub-systemCode/payload/Request Management/DB_RequestHandling.o
LOAD ./src/sub-systemCode/payload/Misc/Boolean_bit.o
LOAD ./src/sub-systemCode/payload/Misc/FileSystem.o
LOAD ./src/sub-systemCode/payload/Drivers/GeckoCameraDriver.o
LOAD ./src/sub-systemCode/payload/DataBase/DataBase.o
LOAD ./src/sub-systemCode/payload/Compression/jpeg/bmp/rawToBMP.o
LOAD ./src/sub-systemCode/payload/Compression/jpeg/DCT.o
LOAD ./src/sub-systemCode/payload/Compression/jpeg/ImgCompressor.o
LOAD ./src/sub-systemCode/payload/Compression/jpeg/color_conv.o
LOAD ./src/sub-systemCode/payload/Compression/jpeg/jpeg.o
LOAD ./src/sub-systemCode/payload/Compression/jpeg/jpeg_encoder.o
LOAD ./src/sub-systemCode/payload/Compression/jpeg/jpeg_memory_alloc.o
LOAD ./src/sub-systemCode/payload/Compression/jpeg/jpeg_params.o
LOAD ./src/sub-systemCode/payload/Compression/jpeg/output_stream.o
LOAD ./src/sub-systemCode/payload/Compression/ImageConversion.o
LOAD ./src/sub-systemCode/Main/CMD/ADCS_CMD.o
LOAD ./src/sub-systemCode/Main/CMD/COMM_CMD.o
LOAD ./src/sub-systemCode/Main/CMD/EPS_CMD.o
LOAD ./src/sub-systemCode/Main/CMD/General_CMD.o
LOAD ./src/sub-systemCode/Main/CMD/SW_CMD.o
LOAD ./src/sub-systemCode/Main/CMD/payload_CMD.o
LOAD ./src/sub-systemCode/Main/Ants.o
LOAD ./src/sub-systemCode/Main/EPS.o
LOAD ./src/sub-systemCode/Main/HouseKeeping.o
LOAD ./src/sub-systemCode/Main/Main_Init.o
LOAD ./src/sub-systemCode/Main/commands.o
LOAD ./src/sub-systemCode/Global/GenericTaskSave.o
LOAD ./src/sub-systemCode/Global/Global.o
LOAD ./src/sub-systemCode/Global/GlobalParam.o
LOAD ./src/sub-systemCode/Global/OnlineTM.o
LOAD ./src/sub-systemCode/Global/TLM_management.o
LOAD ./src/sub-systemCode/Global/freertosExtended.o
LOAD ./src/sub-systemCode/Global/logger.o
LOAD ./src/sub-systemCode/CUF/CUF.o
LOAD ./src/sub-systemCode/CUF/uploadCodeTelemetry.o
LOAD ./src/sub-systemCode/COMM/APRS.o
LOAD ./src/sub-systemCode/COMM/DelayedCommand_list.o
LOAD ./src/sub-systemCode/COMM/GSC.o
LOAD ./src/sub-systemCode/COMM/TRXVU.o
LOAD ./src/sub-systemCode/ADCS/AdcsCommands.o
LOAD ./src/sub-systemCode/ADCS/AdcsGetDataAndTlm.o
LOAD ./src/sub-systemCode/ADCS/AdcsMain.o
LOAD ./src/sub-systemCode/ADCS/AdcsTroubleShooting.o
LOAD ./src/sub-systemCode/ADCS/StateMachine.o
LOAD ./src/main.o
LOAD C:/HOOPOE3/satellite-subsystems/demo/..//satellite-subsystems/lib\libSatelliteSubsystemsD.a
LOAD c:/isis/application/toolchain/bin/../lib/gcc/arm-none-eabi/4.7.4/../../../../arm-none-eabi/lib\libm.a
LOAD C:/HOOPOE3/satellite-subsystems/demo/../..//hal/hcc/lib\libHCCD.a
LOAD C:/HOOPOE3/satellite-subsystems/demo/../..//hal/hal/lib\libHALD.a
LOAD C:/HOOPOE3/satellite-subsystems/demo/../..//hal/freertos/lib\libFreeRTOSD.a
LOAD C:/HOOPOE3/satellite-subsystems/demo/../..//hal/at91/lib\libAt91D.a
START GROUP
LOAD c:/isis/application/toolchain/bin/../lib/gcc/arm-none-eabi/4.7.4\libgcc.a
LOAD c:/isis/application/toolchain/bin/../lib/gcc/arm-none-eabi/4.7.4/../../../../arm-none-eabi/lib\libc_s.a
END GROUP

.fixed          0x20000000    0x60aec
                0x20000000                . = ALIGN (0x4)
                0x20000000                _sfixed = .
 *(.startup)
 .startup       0x20000000      0x134 C:/HOOPOE3/satellite-subsystems/demo/../..//hal/at91/lib\libAt91D.a(board_cstartup.o)
                0x20000000                entry
 *(.text)
 .text          0x20000134       0x64 C:/HOOPOE3/satellite-subsystems/demo/../..//hal/at91/lib\libAt91D.a(cp15_asm.o)
                0x20000134                _readControlRegister
                0x20000140                _writeControlRegister
                0x20000148                _waitForInterrupt
                0x20000154                _writeTTB
                0x2000015c                _writeDomain
                0x20000164                _writeITLBLockdown
                0x2000016c                _prefetchICacheLine
                0x20000174                _flushDCache
                0x20000180                _flushWriteBuffer
                0x2000018c                _invalidateIDTLBs
 .text          0x20000198      0x114 c:/isis/application/toolchain/bin/../lib/gcc/arm-none-eabi/4.7.4\libgcc.a(_udivsi3.o)
                0x20000198                __aeabi_uidiv
                0x20000198                __udivsi3
                0x2000028c                __aeabi_uidivmod
 .text          0x200002ac      0x148 c:/isis/application/toolchain/bin/../lib/gcc/arm-none-eabi/4.7.4\libgcc.a(_divsi3.o)
                0x200002ac                __divsi3
                0x200002ac                __aeabi_idiv
                0x200003d4                __aeabi_idivmod
 .text          0x200003f4        0x4 c:/isis/application/toolchain/bin/../lib/gcc/arm-none-eabi/4.7.4\libgcc.a(_dvmd_tls.o)
                0x200003f4                __aeabi_idiv0
                0x200003f4                __aeabi_ldiv0
 .text          0x200003f8      0x41c c:/isis/application/toolchain/bin/../lib/gcc/arm-none-eabi/4.7.4\libgcc.a(_arm_addsubdf3.o)
                0x200003f8                __aeabi_drsub
                0x20000400                __aeabi_dsub
                0x20000400                __subdf3
                0x20000404                __aeabi_dadd
                0x20000404                __adddf3
                0x20000714                __floatunsidf
                0x20000714                __aeabi_ui2d
                0x20000738                __floatsidf
                0x20000738                __aeabi_i2d
                0x20000760                __aeabi_f2d
                0x20000760                __extendsfdf2
                0x200007a0                __floatundidf
                0x200007a0                __aeabi_ul2d
                0x200007b4                __floatdidf
                0x200007b4                __aeabi_l2d
 .text          0x20000814      0x49c c:/isis/application/toolchain/bin/../lib/gcc/arm-none-eabi/4.7.4\libgcc.a(_arm_muldivdf3.o)
                0x20000814                __aeabi_dmul
                0x20000814                __muldf3
                0x20000aa4                __divdf3
                0x20000aa4                __aeabi_ddiv
 .text          0x20000cb0      0x144 c:/isis/application/toolchain/bin/../lib/gcc/arm-none-eabi/4.7.4\libgcc.a(_arm_cmpdf2.o)
                0x20000cb0                __gtdf2
                0x20000cb0                __gedf2
                0x20000cb8                __ltdf2
                0x20000cb8                __ledf2
                0x20000cc0                __nedf2
                0x20000cc0                __eqdf2
                0x20000cc0                __cmpdf2
                0x20000d48                __aeabi_cdrcmple
                0x20000d64                __aeabi_cdcmpeq
                0x20000d64                __aeabi_cdcmple
                0x20000d7c                __aeabi_dcmpeq
                0x20000d94                __aeabi_dcmplt
                0x20000dac                __aeabi_dcmple
                0x20000dc4                __aeabi_dcmpge
                0x20000ddc                __aeabi_dcmpgt
 .text          0x20000df4       0x5c c:/isis/application/toolchain/bin/../lib/gcc/arm-none-eabi/4.7.4\libgcc.a(_arm_fixdfsi.o)
                0x20000df4                __aeabi_d2iz
                0x20000df4                __fixdfsi
 .text          0x20000e50       0x54 c:/isis/application/toolchain/bin/../lib/gcc/arm-none-eabi/4.7.4\libgcc.a(_arm_fixunsdfsi.o)
                0x20000e50                __aeabi_d2uiz
                0x20000e50                __fixunsdfsi
 .text          0x20000ea4       0xa0 c:/isis/application/toolchain/bin/../lib/gcc/arm-none-eabi/4.7.4\libgcc.a(_arm_truncdfsf2.o)
                0x20000ea4                __truncdfsf2
                0x20000ea4                __aeabi_d2f
 .text          0x20000f44      0x2ac c:/isis/application/toolchain/bin/../lib/gcc/arm-none-eabi/4.7.4\libgcc.a(_arm_addsubsf3.o)
                0x20000f44                __aeabi_frsub
                0x20000f4c                __subsf3
                0x20000f4c                __aeabi_fsub
                0x20000f50                __aeabi_fadd
                0x20000f50                __addsf3
                0x2000110c                __aeabi_ui2f
                0x2000110c                __floatunsisf
                0x20001114                __aeabi_i2f
                0x20001114                __floatsisf
                0x20001134                __aeabi_ul2f
                0x20001134                __floatundisf
                0x20001144                __aeabi_l2f
                0x20001144                __floatdisf
 .text          0x200011f0      0x2f8 c:/isis/application/toolchain/bin/../lib/gcc/arm-none-eabi/4.7.4\libgcc.a(_arm_muldivsf3.o)
                0x200011f0                __mulsf3
                0x200011f0                __aeabi_fmul
                0x20001388                __aeabi_fdiv
                0x20001388                __divsf3
 .text          0x200014e8      0x114 c:/isis/application/toolchain/bin/../lib/gcc/arm-none-eabi/4.7.4\libgcc.a(_arm_cmpsf2.o)
                0x200014e8                __gesf2
                0x200014e8                __gtsf2
                0x200014f0                __lesf2
                0x200014f0                __ltsf2
                0x200014f8                __nesf2
                0x200014f8                __eqsf2
                0x200014f8                __cmpsf2
                0x2000155c                __aeabi_cfrcmple
                0x2000156c                __aeabi_cfcmpeq
                0x2000156c                __aeabi_cfcmple
                0x20001584                __aeabi_fcmpeq
                0x2000159c                __aeabi_fcmplt
                0x200015b4                __aeabi_fcmple
                0x200015cc                __aeabi_fcmpge
                0x200015e4                __aeabi_fcmpgt
 .text          0x200015fc       0x54 c:/isis/application/toolchain/bin/../lib/gcc/arm-none-eabi/4.7.4\libgcc.a(_arm_fixunssfsi.o)
                0x200015fc                __fixunssfsi
                0x200015fc                __aeabi_f2uiz
 *(.text*)
 .text.__cvt    0x20001650      0x138 c:/isis/application/toolchain/bin/../lib/gcc/arm-none-eabi/4.7.4/../../../../arm-none-eabi/lib\libc_s.a(lib_a-vfprintf_float.o)
                0x20001650                __cvt
 .text.__exponent
                0x20001788       0xa8 c:/isis/application/toolchain/bin/../lib/gcc/arm-none-eabi/4.7.4/../../../../arm-none-eabi/lib\libc_s.a(lib_a-vfprintf_float.o)
                0x20001788                __exponent
 .text._printf_float
                0x20001830      0x7dc c:/isis/application/toolchain/bin/../lib/gcc/arm-none-eabi/4.7.4/../../../../arm-none-eabi/lib\libc_s.a(lib_a-vfprintf_float.o)
                0x20001830                _printf_float
 .text._printf_common
                0x2000200c      0x174 c:/isis/application/toolchain/bin/../lib/gcc/arm-none-eabi/4.7.4/../../../../arm-none-eabi/lib\libc_s.a(lib_a-vfprintf_i.o)
                0x2000200c                _printf_common
 .text._printf_i
                0x20002180      0x3c4 c:/isis/application/toolchain/bin/../lib/gcc/arm-none-eabi/4.7.4/../../../../arm-none-eabi/lib\libc_s.a(lib_a-vfprintf_i.o)
                0x20002180                _printf_i
 .text._scanf_float
                0x20002544      0x5f4 c:/isis/application/toolchain/bin/../lib/gcc/arm-none-eabi/4.7.4/../../../../arm-none-eabi/lib\libc_s.a(lib_a-vfscanf_float.o)
                0x20002544                _scanf_float
 .text.quorem   0x20002b38      0x1ac c:/isis/application/toolchain/bin/../lib/gcc/arm-none-eabi/4.7.4/../../../../arm-none-eabi/lib\libc_s.a(lib_a-dtoa.o)
 .text._dtoa_r  0x20002ce4     0x1268 c:/isis/application/toolchain/bin/../lib/gcc/arm-none-eabi/4.7.4/../../../../arm-none-eabi/lib\libc_s.a(lib_a-dtoa.o)
                0x20002ce4                _dtoa_r
 .text._localeconv_r
                0x20003f4c        0xc c:/isis/application/toolchain/bin/../lib/gcc/arm-none-eabi/4.7.4/../../../../arm-none-eabi/lib\libc_s.a(lib_a-locale.o)
                0x20003f4c                _localeconv_r
 .text.malloc   0x20003f58       0x20 c:/isis/application/toolchain/bin/../lib/gcc/arm-none-eabi/4.7.4/../../../../arm-none-eabi/lib\libc_s.a(lib_a-malloc.o)
                0x20003f58                malloc
 .text.free     0x20003f78       0x20 c:/isis/application/toolchain/bin/../lib/gcc/arm-none-eabi/4.7.4/../../../../arm-none-eabi/lib\libc_s.a(lib_a-malloc.o)
                0x20003f78                free
 .text._malloc_r
                0x20003f98       0xfc c:/isis/application/toolchain/bin/../lib/gcc/arm-none-eabi/4.7.4/../../../../arm-none-eabi/lib\libc_s.a(lib_a-mallocr.o)
                0x20003f98                _malloc_r
 .text.memcpy   0x20004094       0x20 c:/isis/application/toolchain/bin/../lib/gcc/arm-none-eabi/4.7.4/../../../../arm-none-eabi/lib\libc_s.a(lib_a-memcpy.o)
                0x20004094                memcpy
 .text._Balloc  0x200040b4       0xcc c:/isis/application/toolchain/bin/../lib/gcc/arm-none-eabi/4.7.4/../../../../arm-none-eabi/lib\libc_s.a(lib_a-mprec.o)
                0x200040b4                _Balloc
 .text._Bfree   0x20004180       0x5c c:/isis/application/toolchain/bin/../lib/gcc/arm-none-eabi/4.7.4/../../../../arm-none-eabi/lib\libc_s.a(lib_a-mprec.o)
                0x20004180                _Bfree
 .text.__multadd
                0x200041dc       0xbc c:/isis/application/toolchain/bin/../lib/gcc/arm-none-eabi/4.7.4/../../../../arm-none-eabi/lib\libc_s.a(lib_a-mprec.o)
                0x200041dc                __multadd
 .text.__s2b    0x20004298       0xd8 c:/isis/application/toolchain/bin/../lib/gcc/arm-none-eabi/4.7.4/../../../../arm-none-eabi/lib\libc_s.a(lib_a-mprec.o)
                0x20004298                __s2b
 .text.__hi0bits
                0x20004370       0x58 c:/isis/application/toolchain/bin/../lib/gcc/arm-none-eabi/4.7.4/../../../../arm-none-eabi/lib\libc_s.a(lib_a-mprec.o)
                0x20004370                __hi0bits
 .text.__lo0bits
                0x200043c8       0x94 c:/isis/application/toolchain/bin/../lib/gcc/arm-none-eabi/4.7.4/../../../../arm-none-eabi/lib\libc_s.a(lib_a-mprec.o)
                0x200043c8                __lo0bits
 .text.__i2b    0x2000445c       0x24 c:/isis/application/toolchain/bin/../lib/gcc/arm-none-eabi/4.7.4/../../../../arm-none-eabi/lib\libc_s.a(lib_a-mprec.o)
                0x2000445c                __i2b
 .text.__multiply
                0x20004480      0x1ac c:/isis/application/toolchain/bin/../lib/gcc/arm-none-eabi/4.7.4/../../../../arm-none-eabi/lib\libc_s.a(lib_a-mprec.o)
                0x20004480                __multiply
 .text.__pow5mult
                0x2000462c      0x10c c:/isis/application/toolchain/bin/../lib/gcc/arm-none-eabi/4.7.4/../../../../arm-none-eabi/lib\libc_s.a(lib_a-mprec.o)
                0x2000462c                __pow5mult
 .text.__lshift
                0x20004738       0xf0 c:/isis/application/toolchain/bin/../lib/gcc/arm-none-eabi/4.7.4/../../../../arm-none-eabi/lib\libc_s.a(lib_a-mprec.o)
                0x20004738                __lshift
 .text.__mcmp   0x20004828       0x60 c:/isis/application/toolchain/bin/../lib/gcc/arm-none-eabi/4.7.4/../../../../arm-none-eabi/lib\libc_s.a(lib_a-mprec.o)
                0x20004828                __mcmp
 .text.__mdiff  0x20004888      0x128 c:/isis/application/toolchain/bin/../lib/gcc/arm-none-eabi/4.7.4/../../../../arm-none-eabi/lib\libc_s.a(lib_a-mprec.o)
                0x20004888                __mdiff
 .text.__ulp    0x200049b0       0x5c c:/isis/application/toolchain/bin/../lib/gcc/arm-none-eabi/4.7.4/../../../../arm-none-eabi/lib\libc_s.a(lib_a-mprec.o)
                0x200049b0                __ulp
 .text.__b2d    0x20004a0c       0xc8 c:/isis/application/toolchain/bin/../lib/gcc/arm-none-eabi/4.7.4/../../../../arm-none-eabi/lib\libc_s.a(lib_a-mprec.o)
                0x20004a0c                __b2d
 .text.__d2b    0x20004ad4       0xfc c:/isis/application/toolchain/bin/../lib/gcc/arm-none-eabi/4.7.4/../../../../arm-none-eabi/lib\libc_s.a(lib_a-mprec.o)
                0x20004ad4                __d2b
 .text.__ratio  0x20004bd0       0x70 c:/isis/application/toolchain/bin/../lib/gcc/arm-none-eabi/4.7.4/../../../../arm-none-eabi/lib\libc_s.a(lib_a-mprec.o)
                0x20004bd0                __ratio
 .text.__copybits
                0x20004c40       0x4c c:/isis/application/toolchain/bin/../lib/gcc/arm-none-eabi/4.7.4/../../../../arm-none-eabi/lib\libc_s.a(lib_a-mprec.o)
                0x20004c40                __copybits
 .text.__any_on
                0x20004c8c       0x7c c:/isis/application/toolchain/bin/../lib/gcc/arm-none-eabi/4.7.4/../../../../arm-none-eabi/lib\libc_s.a(lib_a-mprec.o)
                0x20004c8c                __any_on
 .text.__fpclassifyd
                0x20004d08       0x6c c:/isis/application/toolchain/bin/../lib/gcc/arm-none-eabi/4.7.4/../../../../arm-none-eabi/lib\libc_s.a(lib_a-s_fpclassify.o)
                0x20004d08                __fpclassifyd
 .text._sbrk_r  0x20004d74       0x3c c:/isis/application/toolchain/bin/../lib/gcc/arm-none-eabi/4.7.4/../../../../arm-none-eabi/lib\libc_s.a(lib_a-sbrkr.o)
                0x20004d74                _sbrk_r
 .text.nanf     0x20004db0        0xc c:/isis/application/toolchain/bin/../lib/gcc/arm-none-eabi/4.7.4/../../../../arm-none-eabi/lib\libc_s.a(lib_a-sf_nan.o)
                0x20004db0                nanf
 .text.sprintf  0x20004dbc       0x6c c:/isis/application/toolchain/bin/../lib/gcc/arm-none-eabi/4.7.4/../../../../arm-none-eabi/lib\libc_s.a(lib_a-sprintf.o)
                0x20004dbc                siprintf
                0x20004dbc                sprintf
 .text.strcmp   0x20004e28       0x1c c:/isis/application/toolchain/bin/../lib/gcc/arm-none-eabi/4.7.4/../../../../arm-none-eabi/lib\libc_s.a(lib_a-strcmp.o)
                0x20004e28                strcmp
 .text.strlen   0x20004e44       0x1c c:/isis/application/toolchain/bin/../lib/gcc/arm-none-eabi/4.7.4/../../../../arm-none-eabi/lib\libc_s.a(lib_a-strlen.o)
                0x20004e44                strlen
 .text.match    0x20004e60       0x54 c:/isis/application/toolchain/bin/../lib/gcc/arm-none-eabi/4.7.4/../../../../arm-none-eabi/lib\libc_s.a(lib_a-strtod.o)
 .text._strtod_r
                0x20004eb4     0x1168 c:/isis/application/toolchain/bin/../lib/gcc/arm-none-eabi/4.7.4/../../../../arm-none-eabi/lib\libc_s.a(lib_a-strtod.o)
                0x20004eb4                _strtod_r
 .text._strtol_r
                0x2000601c      0x1b8 c:/isis/application/toolchain/bin/../lib/gcc/arm-none-eabi/4.7.4/../../../../arm-none-eabi/lib\libc_s.a(lib_a-strtol.o)
                0x2000601c                _strtol_r
 .text.__ssputc_r
                0x200061d4      0x10c c:/isis/application/toolchain/bin/../lib/gcc/arm-none-eabi/4.7.4/../../../../arm-none-eabi/lib\libc_s.a(lib_a-svfprintf.o)
                0x200061d4                __ssputc_r
 .text._svfprintf_r
                0x200062e0      0x328 c:/isis/application/toolchain/bin/../lib/gcc/arm-none-eabi/4.7.4/../../../../arm-none-eabi/lib\libc_s.a(lib_a-svfprintf.o)
                0x200062e0                _svfiprintf_r
                0x200062e0                _svfprintf_r
 .text._calloc_r
                0x20006608       0x2c c:/isis/application/toolchain/bin/../lib/gcc/arm-none-eabi/4.7.4/../../../../arm-none-eabi/lib\libc_s.a(lib_a-callocr.o)
                0x20006608                _calloc_r
 .text._free_r  0x20006634      0x108 c:/isis/application/toolchain/bin/../lib/gcc/arm-none-eabi/4.7.4/../../../../arm-none-eabi/lib\libc_s.a(lib_a-freer.o)
                0x20006634                _free_r
 .text.rshift   0x2000673c       0xb0 c:/isis/application/toolchain/bin/../lib/gcc/arm-none-eabi/4.7.4/../../../../arm-none-eabi/lib\libc_s.a(lib_a-gdtoa-gethex.o)
 .text.htinit.constprop.0
                0x200067ec       0x34 c:/isis/application/toolchain/bin/../lib/gcc/arm-none-eabi/4.7.4/../../../../arm-none-eabi/lib\libc_s.a(lib_a-gdtoa-gethex.o)
 .text.__hexdig_init
                0x20006820       0x38 c:/isis/application/toolchain/bin/../lib/gcc/arm-none-eabi/4.7.4/../../../../arm-none-eabi/lib\libc_s.a(lib_a-gdtoa-gethex.o)
                0x20006820                __hexdig_init
 .text.__gethex
                0x20006858      0x6cc c:/isis/application/toolchain/bin/../lib/gcc/arm-none-eabi/4.7.4/../../../../arm-none-eabi/lib\libc_s.a(lib_a-gdtoa-gethex.o)
                0x20006858                __gethex
 .text.L_shift  0x20006f24       0x38 c:/isis/application/toolchain/bin/../lib/gcc/arm-none-eabi/4.7.4/../../../../arm-none-eabi/lib\libc_s.a(lib_a-gdtoa-hexnan.o)
 .text.__hexnan
                0x20006f5c      0x1d8 c:/isis/application/toolchain/bin/../lib/gcc/arm-none-eabi/4.7.4/../../../../arm-none-eabi/lib\libc_s.a(lib_a-gdtoa-hexnan.o)
                0x20006f5c                __hexnan
 .text.memchr   0x20007134       0x34 c:/isis/application/toolchain/bin/../lib/gcc/arm-none-eabi/4.7.4/../../../../arm-none-eabi/lib\libc_s.a(lib_a-memchr.o)
                0x20007134                memchr
 .text.memset   0x20007168       0x1c c:/isis/application/toolchain/bin/../lib/gcc/arm-none-eabi/4.7.4/../../../../arm-none-eabi/lib\libc_s.a(lib_a-memset.o)
                0x20007168                memset
 .text._realloc_r
                0x20007184       0x80 c:/isis/application/toolchain/bin/../lib/gcc/arm-none-eabi/4.7.4/../../../../arm-none-eabi/lib\libc_s.a(lib_a-reallocr.o)
                0x20007184                _realloc_r
 .text.strncmp  0x20007204       0x64 c:/isis/application/toolchain/bin/../lib/gcc/arm-none-eabi/4.7.4/../../../../arm-none-eabi/lib\libc_s.a(lib_a-strncmp.o)
                0x20007204                strncmp
 .text._malloc_usable_size_r
                0x20007268       0x1c c:/isis/application/toolchain/bin/../lib/gcc/arm-none-eabi/4.7.4/../../../../arm-none-eabi/lib\libc_s.a(lib_a-msizer.o)
                0x20007268                _malloc_usable_size_r
 .text.GetChunkFromImage
                0x20007284      0x2d0 ./src/sub-systemCode/payload/Request Management/Dump/Butchering.o
                0x20007284                GetChunkFromImage
 .text.SimpleButcher
                0x20007554       0xd8 ./src/sub-systemCode/payload/Request Management/Dump/Butchering.o
                0x20007554                SimpleButcher
 .text.readChunkDimentionsFromFRAM
                0x2000762c       0x80 ./src/sub-systemCode/payload/Request Management/Dump/imageDump.o
                0x2000762c                readChunkDimentionsFromFRAM
 .text.setChunkDimensions_inFRAM
                0x200076ac      0x10c ./src/sub-systemCode/payload/Request Management/Dump/imageDump.o
                0x200076ac                setChunkDimensions_inFRAM
 .text.getLastImageChunkIndex
                0x200077b8      0x1bc ./src/sub-systemCode/payload/Request Management/Dump/imageDump.o
                0x200077b8                getLastImageChunkIndex
 .text.find_subType_ofImage
                0x20007974       0xe0 ./src/sub-systemCode/payload/Request Management/Dump/imageDump.o
                0x20007974                find_subType_ofImage
 .text.buildAndSend_chunck
                0x20007a54      0x320 ./src/sub-systemCode/payload/Request Management/Dump/imageDump.o
                0x20007a54                buildAndSend_chunck
 .text.chunkField_imageDump
                0x20007d74      0x258 ./src/sub-systemCode/payload/Request Management/Dump/imageDump.o
                0x20007d74                chunkField_imageDump
 .text.bitField_imageDump
                0x20007fcc      0x23c ./src/sub-systemCode/payload/Request Management/Dump/imageDump.o
                0x20007fcc                bitField_imageDump
 .text.fileTypeDump
                0x20008208      0x174 ./src/sub-systemCode/payload/Request Management/Dump/imageDump.o
                0x20008208                fileTypeDump
 .text.imageDataBase_Dump
                0x2000837c      0x118 ./src/sub-systemCode/payload/Request Management/Dump/imageDump.o
                0x2000837c                imageDataBase_Dump
 .text.exitImageDumpTask
                0x20008494       0x18 ./src/sub-systemCode/payload/Request Management/Dump/imageDump.o
 .text.imageDump_task
                0x200084ac      0x41c ./src/sub-systemCode/payload/Request Management/Dump/imageDump.o
                0x200084ac                imageDump_task
 .text.KickStartImageDumpTask
                0x200088c8       0x60 ./src/sub-systemCode/payload/Request Management/Dump/imageDump.o
                0x200088c8                KickStartImageDumpTask
 .text.SendGeckoRegisters
                0x20008928      0x194 ./src/sub-systemCode/payload/Request Management/Dump/imageDump.o
                0x20008928                SendGeckoRegisters
 .text.create_xAutomaticImageHandlingTaskSuspensionFlag
                0x20008abc       0x58 ./src/sub-systemCode/payload/Request Management/AutomaticImageHandler.o
                0x20008abc                create_xAutomaticImageHandlingTaskSuspensionFlag
 .text.get_automatic_image_handling_task_suspension_flag
                0x20008b14       0x68 ./src/sub-systemCode/payload/Request Management/AutomaticImageHandler.o
                0x20008b14                get_automatic_image_handling_task_suspension_flag
 .text.set_automatic_image_handling_task_suspension_flag
                0x20008b7c       0x5c ./src/sub-systemCode/payload/Request Management/AutomaticImageHandler.o
                0x20008b7c                set_automatic_image_handling_task_suspension_flag
 .text.create_xAutomaticImageHandlingReadyForLongTermStop
                0x20008bd8       0x58 ./src/sub-systemCode/payload/Request Management/AutomaticImageHandler.o
                0x20008bd8                create_xAutomaticImageHandlingReadyForLongTermStop
 .text.get_automatic_image_handling_ready_for_long_term_stop
                0x20008c30       0x68 ./src/sub-systemCode/payload/Request Management/AutomaticImageHandler.o
                0x20008c30                get_automatic_image_handling_ready_for_long_term_stop
 .text.set_automatic_image_handling_ready_for_long_term_stop
                0x20008c98       0x5c ./src/sub-systemCode/payload/Request Management/AutomaticImageHandler.o
                0x20008c98                set_automatic_image_handling_ready_for_long_term_stop
 .text.create_xAutomaticImageHandling_taskHandle
                0x20008cf4       0x68 ./src/sub-systemCode/payload/Request Management/AutomaticImageHandler.o
                0x20008cf4                create_xAutomaticImageHandling_taskHandle
 .text.suspendAutomaticImageHandlingTask
                0x20008d5c       0x6c ./src/sub-systemCode/payload/Request Management/AutomaticImageHandler.o
                0x20008d5c                suspendAutomaticImageHandlingTask
 .text.resumeAutomaticImageHandlingTask
                0x20008dc8       0x64 ./src/sub-systemCode/payload/Request Management/AutomaticImageHandler.o
                0x20008dc8                resumeAutomaticImageHandlingTask
 .text.checkIfInAutomaticImageHandlingTask
                0x20008e2c       0x9c ./src/sub-systemCode/payload/Request Management/AutomaticImageHandler.o
                0x20008e2c                checkIfInAutomaticImageHandlingTask
 .text.resumeAction
                0x20008ec8       0x34 ./src/sub-systemCode/payload/Request Management/AutomaticImageHandler.o
                0x20008ec8                resumeAction
 .text.stopAction
                0x20008efc       0x48 ./src/sub-systemCode/payload/Request Management/AutomaticImageHandler.o
                0x20008efc                stopAction
 .text.AutomaticImageHandlerTaskMain
                0x20008f44       0xf0 ./src/sub-systemCode/payload/Request Management/AutomaticImageHandler.o
                0x20008f44                AutomaticImageHandlerTaskMain
 .text.initAutomaticImageHandlerTask
                0x20009034       0x1c ./src/sub-systemCode/payload/Request Management/AutomaticImageHandler.o
                0x20009034                initAutomaticImageHandlerTask
 .text.KickStartAutomaticImageHandlerTask
                0x20009050       0x90 ./src/sub-systemCode/payload/Request Management/AutomaticImageHandler.o
                0x20009050                KickStartAutomaticImageHandlerTask
 .text.CameraManagerTaskMain
                0x200090e0      0x104 ./src/sub-systemCode/payload/Request Management/CameraManeger.o
                0x200090e0                CameraManagerTaskMain
 .text.setGeckoParametersInFRAM
                0x200091e4       0x3c ./src/sub-systemCode/payload/Request Management/CameraManeger.o
                0x200091e4                setGeckoParametersInFRAM
 .text.getGeckoParametersFromFRAM
                0x20009220       0x3c ./src/sub-systemCode/payload/Request Management/CameraManeger.o
                0x20009220                getGeckoParametersFromFRAM
 .text.createFolders
                0x2000925c      0x2cc ./src/sub-systemCode/payload/Request Management/CameraManeger.o
                0x2000925c                createFolders
 .text.initCamera
                0x20009528       0xe8 ./src/sub-systemCode/payload/Request Management/CameraManeger.o
                0x20009528                initCamera
 .text.inner_init
                0x20009610       0x40 ./src/sub-systemCode/payload/Request Management/CameraManeger.o
 .text.KickStartCamera
                0x20009650       0xa4 ./src/sub-systemCode/payload/Request Management/CameraManeger.o
                0x20009650                KickStartCamera
 .text.addRequestToQueue
                0x200096f4       0xa8 ./src/sub-systemCode/payload/Request Management/CameraManeger.o
                0x200096f4                addRequestToQueue
 .text.removeRequestFromQueue
                0x2000979c       0x7c ./src/sub-systemCode/payload/Request Management/CameraManeger.o
                0x2000979c                removeRequestFromQueue
 .text.resetQueue
                0x20009818       0x2c ./src/sub-systemCode/payload/Request Management/CameraManeger.o
                0x20009818                resetQueue
 .text.Take_pictures_with_time_in_between
                0x20009844      0x12c ./src/sub-systemCode/payload/Request Management/CameraManeger.o
                0x20009844                Take_pictures_with_time_in_between
 .text.act_upon_request
                0x20009970      0x5c8 ./src/sub-systemCode/payload/Request Management/CameraManeger.o
                0x20009970                act_upon_request
 .text.TakePicture
                0x20009f38       0x4c ./src/sub-systemCode/payload/Request Management/DB_RequestHandling.o
                0x20009f38                TakePicture
 .text.TakeSpecialPicture
                0x20009f84      0x130 ./src/sub-systemCode/payload/Request Management/DB_RequestHandling.o
                0x20009f84                TakeSpecialPicture
 .text.DeletePictureFile
                0x2000a0b4       0x88 ./src/sub-systemCode/payload/Request Management/DB_RequestHandling.o
                0x2000a0b4                DeletePictureFile
 .text.DeletePicture
                0x2000a13c       0x6c ./src/sub-systemCode/payload/Request Management/DB_RequestHandling.o
                0x2000a13c                DeletePicture
 .text.TransferPicture
                0x2000a1a8       0x54 ./src/sub-systemCode/payload/Request Management/DB_RequestHandling.o
                0x2000a1a8                TransferPicture
 .text.CreateThumbnail
                0x2000a1fc       0x80 ./src/sub-systemCode/payload/Request Management/DB_RequestHandling.o
                0x2000a1fc                CreateThumbnail
 .text.CreateJPG
                0x2000a27c       0x7c ./src/sub-systemCode/payload/Request Management/DB_RequestHandling.o
                0x2000a27c                CreateJPG
 .text.UpdatePhotographyValues
                0x2000a2f8       0xd8 ./src/sub-systemCode/payload/Request Management/DB_RequestHandling.o
                0x2000a2f8                UpdatePhotographyValues
 .text.setChunkDimensions
                0x2000a3d0       0x74 ./src/sub-systemCode/payload/Request Management/DB_RequestHandling.o
                0x2000a3d0                setChunkDimensions
 .text.GeckoSetRegister
                0x2000a444       0x6c ./src/sub-systemCode/payload/Request Management/DB_RequestHandling.o
                0x2000a444                GeckoSetRegister
 .text.convert2char
                0x2000a4b0      0x14c ./src/sub-systemCode/payload/Misc/Boolean_bit.o
                0x2000a4b0                convert2char
 .text.convert2byte
                0x2000a5fc      0x1c8 ./src/sub-systemCode/payload/Misc/Boolean_bit.o
                0x2000a5fc                convert2byte
 .text.bits2byte
                0x2000a7c4      0x17c ./src/sub-systemCode/payload/Misc/Boolean_bit.o
                0x2000a7c4                bits2byte
 .text.byte2bits
                0x2000a940      0x17c ./src/sub-systemCode/payload/Misc/Boolean_bit.o
                0x2000a940                byte2bits
 .text.char2bits
                0x2000aabc       0x44 ./src/sub-systemCode/payload/Misc/Boolean_bit.o
                0x2000aabc                char2bits
 .text.bits2char
                0x2000ab00       0x3c ./src/sub-systemCode/payload/Misc/Boolean_bit.o
                0x2000ab00                bits2char
 .text.ReadFromFile
                0x2000ab3c       0x6c ./src/sub-systemCode/payload/Misc/FileSystem.o
                0x2000ab3c                ReadFromFile
 .text.WriteToFile
                0x2000aba8       0x74 ./src/sub-systemCode/payload/Misc/FileSystem.o
                0x2000aba8                WriteToFile
 .text.gecko_power_mux_init
                0x2000ac1c       0xb4 ./src/sub-systemCode/payload/Drivers/GeckoCameraDriver.o
                0x2000ac1c                gecko_power_mux_init
 .text.gecko_power_mux_deinit
                0x2000acd0       0x94 ./src/sub-systemCode/payload/Drivers/GeckoCameraDriver.o
                0x2000acd0                gecko_power_mux_deinit
 .text.gecko_power_mux_get
                0x2000ad64       0xe4 ./src/sub-systemCode/payload/Drivers/GeckoCameraDriver.o
                0x2000ad64                gecko_power_mux_get
 .text.gecko_get_current_3v3
                0x2000ae48       0x44 ./src/sub-systemCode/payload/Drivers/GeckoCameraDriver.o
                0x2000ae48                gecko_get_current_3v3
 .text.gecko_get_voltage_3v3
                0x2000ae8c       0x44 ./src/sub-systemCode/payload/Drivers/GeckoCameraDriver.o
                0x2000ae8c                gecko_get_voltage_3v3
 .text.gecko_get_current_5v
                0x2000aed0       0x44 ./src/sub-systemCode/payload/Drivers/GeckoCameraDriver.o
                0x2000aed0                gecko_get_current_5v
 .text.gecko_get_voltage_5v
                0x2000af14       0x4c ./src/sub-systemCode/payload/Drivers/GeckoCameraDriver.o
                0x2000af14                gecko_get_voltage_5v
 .text.Initialized_GPIO
                0x2000af60       0x54 ./src/sub-systemCode/payload/Drivers/GeckoCameraDriver.o
                0x2000af60                Initialized_GPIO
 .text.De_Initialized_GPIO
                0x2000afb4       0x3c ./src/sub-systemCode/payload/Drivers/GeckoCameraDriver.o
                0x2000afb4                De_Initialized_GPIO
 .text.TurnOnGecko_gpio
                0x2000aff0      0x1a4 ./src/sub-systemCode/payload/Drivers/GeckoCameraDriver.o
                0x2000aff0                TurnOnGecko_gpio
 .text.TurnOffGecko_gpio
                0x2000b194       0xcc ./src/sub-systemCode/payload/Drivers/GeckoCameraDriver.o
                0x2000b194                TurnOffGecko_gpio
 .text.create_xGeckoStateSemaphore
                0x2000b260       0x58 ./src/sub-systemCode/payload/Drivers/GeckoCameraDriver.o
                0x2000b260                create_xGeckoStateSemaphore
 .text.set_gecko_state
                0x2000b2b8       0x7c ./src/sub-systemCode/payload/Drivers/GeckoCameraDriver.o
                0x2000b2b8                set_gecko_state
 .text.TurnOnGecko
                0x2000b334       0x1c ./src/sub-systemCode/payload/Drivers/GeckoCameraDriver.o
                0x2000b334                TurnOnGecko
 .text.TurnOffGecko
                0x2000b350       0x1c ./src/sub-systemCode/payload/Drivers/GeckoCameraDriver.o
                0x2000b350                TurnOffGecko
 .text.getPIOs  0x2000b36c      0x138 ./src/sub-systemCode/payload/Drivers/GeckoCameraDriver.o
                0x2000b36c                getPIOs
 .text.initGecko
                0x2000b4a4       0x3c ./src/sub-systemCode/payload/Drivers/GeckoCameraDriver.o
                0x2000b4a4                initGecko
 .text.GECKO_TakeImage
                0x2000b4e0      0x30c ./src/sub-systemCode/payload/Drivers/GeckoCameraDriver.o
                0x2000b4e0                GECKO_TakeImage
 .text.GECKO_ReadImage
                0x2000b7ec      0x298 ./src/sub-systemCode/payload/Drivers/GeckoCameraDriver.o
                0x2000b7ec                GECKO_ReadImage
 .text.GECKO_EraseBlock
                0x2000ba84       0xdc ./src/sub-systemCode/payload/Drivers/GeckoCameraDriver.o
                0x2000ba84                GECKO_EraseBlock
 .text.GECKO_GetRegister
                0x2000bb60       0x68 ./src/sub-systemCode/payload/Drivers/GeckoCameraDriver.o
                0x2000bb60                GECKO_GetRegister
 .text.GECKO_SetRegister
                0x2000bbc8       0x68 ./src/sub-systemCode/payload/Drivers/GeckoCameraDriver.o
                0x2000bbc8                GECKO_SetRegister
 .text.getFileName
                0x2000bc30      0x1f8 ./src/sub-systemCode/payload/DataBase/DataBase.o
 .text.zeroImageDataBase
                0x2000be28       0x90 ./src/sub-systemCode/payload/DataBase/DataBase.o
                0x2000be28                zeroImageDataBase
 .text.updateGeneralDataBaseParameters
                0x2000beb8       0x5c ./src/sub-systemCode/payload/DataBase/DataBase.o
                0x2000beb8                updateGeneralDataBaseParameters
 .text.SearchDataBase_byID
                0x2000bf14      0x234 ./src/sub-systemCode/payload/DataBase/DataBase.o
                0x2000bf14                SearchDataBase_byID
 .text.SearchDataBase_byMark
                0x2000c148       0xb8 ./src/sub-systemCode/payload/DataBase/DataBase.o
                0x2000c148                SearchDataBase_byMark
 .text.SearchDataBase_forLatestMarkedImage
                0x2000c200       0x38 ./src/sub-systemCode/payload/DataBase/DataBase.o
                0x2000c200                SearchDataBase_forLatestMarkedImage
 .text.SearchDataBase_byTimeRange
                0x2000c238      0x148 ./src/sub-systemCode/payload/DataBase/DataBase.o
                0x2000c238                SearchDataBase_byTimeRange
 .text.SearchDataBase_forImageFileType_byTimeRange
                0x2000c380      0x118 ./src/sub-systemCode/payload/DataBase/DataBase.o
                0x2000c380                SearchDataBase_forImageFileType_byTimeRange
 .text.checkForFileType
                0x2000c498       0x74 ./src/sub-systemCode/payload/DataBase/DataBase.o
                0x2000c498                checkForFileType
 .text.updateFileTypes
                0x2000c50c       0xdc ./src/sub-systemCode/payload/DataBase/DataBase.o
                0x2000c50c                updateFileTypes
 .text.GetImageFactor
                0x2000c5e8       0x58 ./src/sub-systemCode/payload/DataBase/DataBase.o
                0x2000c5e8                GetImageFactor
 .text.readImageFromBuffer
                0x2000c640      0x12c ./src/sub-systemCode/payload/DataBase/DataBase.o
                0x2000c640                readImageFromBuffer
 .text.saveImageToBuffer
                0x2000c76c      0x12c ./src/sub-systemCode/payload/DataBase/DataBase.o
                0x2000c76c                saveImageToBuffer
 .text.getLatestID
                0x2000c898       0x48 ./src/sub-systemCode/payload/DataBase/DataBase.o
                0x2000c898                getLatestID
 .text.getDataBaseStart
                0x2000c8e0       0x20 ./src/sub-systemCode/payload/DataBase/DataBase.o
                0x2000c8e0                getDataBaseStart
 .text.getDataBaseEnd
                0x2000c900       0x20 ./src/sub-systemCode/payload/DataBase/DataBase.o
                0x2000c900                getDataBaseEnd
 .text.setDataBaseValues
                0x2000c920      0x208 ./src/sub-systemCode/payload/DataBase/DataBase.o
                0x2000c920                setDataBaseValues
 .text.initImageDataBase
                0x2000cb28      0x20c ./src/sub-systemCode/payload/DataBase/DataBase.o
                0x2000cb28                initImageDataBase
 .text.resetImageDataBase
                0x2000cd34       0x98 ./src/sub-systemCode/payload/DataBase/DataBase.o
                0x2000cd34                resetImageDataBase
 .text.setCameraPhotographyValues
                0x2000cdcc      0x130 ./src/sub-systemCode/payload/DataBase/DataBase.o
                0x2000cdcc                setCameraPhotographyValues
 .text.transferImageToSD_withoutSearch
                0x2000cefc      0x190 ./src/sub-systemCode/payload/DataBase/DataBase.o
                0x2000cefc                transferImageToSD_withoutSearch
 .text.transferImageToSD
                0x2000d08c       0xbc ./src/sub-systemCode/payload/DataBase/DataBase.o
                0x2000d08c                transferImageToSD
 .text.DeleteImageFromOBC_withoutSearch
                0x2000d148      0x100 ./src/sub-systemCode/payload/DataBase/DataBase.o
                0x2000d148                DeleteImageFromOBC_withoutSearch
 .text.DeleteImageFromOBC
                0x2000d248       0xbc ./src/sub-systemCode/payload/DataBase/DataBase.o
                0x2000d248                DeleteImageFromOBC
 .text.DeleteImageFromPayload
                0x2000d304      0x2cc ./src/sub-systemCode/payload/DataBase/DataBase.o
                0x2000d304                DeleteImageFromPayload
 .text.clearImageDataBase
                0x2000d5d0      0x190 ./src/sub-systemCode/payload/DataBase/DataBase.o
                0x2000d5d0                clearImageDataBase
 .text.handleMarkedPictures
                0x2000d760      0x2e8 ./src/sub-systemCode/payload/DataBase/DataBase.o
                0x2000d760                handleMarkedPictures
 .text.writeNewImageMetaDataToFRAM
                0x2000da48      0x234 ./src/sub-systemCode/payload/DataBase/DataBase.o
                0x2000da48                writeNewImageMetaDataToFRAM
 .text.takePicture
                0x2000dc7c      0x4f0 ./src/sub-systemCode/payload/DataBase/DataBase.o
                0x2000dc7c                takePicture
 .text.takePicture_withSpecialParameters
                0x2000e16c       0xf4 ./src/sub-systemCode/payload/DataBase/DataBase.o
                0x2000e16c                takePicture_withSpecialParameters
 .text.GetImageFileName_withSpecialParameters
                0x2000e260       0x9c ./src/sub-systemCode/payload/DataBase/DataBase.o
                0x2000e260                GetImageFileName_withSpecialParameters
 .text.GetImageFileName
                0x2000e2fc       0x9c ./src/sub-systemCode/payload/DataBase/DataBase.o
                0x2000e2fc                GetImageFileName
 .text.getImageDataBaseBuffer
                0x2000e398      0x240 ./src/sub-systemCode/payload/DataBase/DataBase.o
                0x2000e398                getImageDataBaseBuffer
 .text.setAutoThumbnailCreation
                0x2000e5d8       0x30 ./src/sub-systemCode/payload/DataBase/DataBase.o
                0x2000e5d8                setAutoThumbnailCreation
 .text.Gecko_TroubleShooter
                0x2000e608       0xe4 ./src/sub-systemCode/payload/DataBase/DataBase.o
                0x2000e608                Gecko_TroubleShooter
 .text.TransformRawToBMP
                0x2000e6ec      0x1b8 ./src/sub-systemCode/payload/Compression/jpeg/bmp/rawToBMP.o
                0x2000e6ec                TransformRawToBMP
 .text.interpolate
                0x2000e8a4      0x8d0 ./src/sub-systemCode/payload/Compression/jpeg/bmp/rawToBMP.o
                0x2000e8a4                interpolate
 .text.getInputAt
                0x2000f174      0x288 ./src/sub-systemCode/payload/Compression/jpeg/bmp/rawToBMP.o
                0x2000f174                getInputAt
 .text.f_writeF_FILEHeader
                0x2000f3fc      0x2d8 ./src/sub-systemCode/payload/Compression/jpeg/bmp/rawToBMP.o
                0x2000f3fc                f_writeF_FILEHeader
 .text.f_writeOutputRow
                0x2000f6d4       0xa4 ./src/sub-systemCode/payload/Compression/jpeg/bmp/rawToBMP.o
                0x2000f6d4                f_writeOutputRow
 .text.dct      0x2000f778      0x9c4 ./src/sub-systemCode/payload/Compression/jpeg/DCT.o
                0x2000f778                dct
 .text.JPEG_compressor
                0x2001013c       0xfc ./src/sub-systemCode/payload/Compression/jpeg/ImgCompressor.o
                0x2001013c                JPEG_compressor
 .text.Create_BMP_File
                0x20010238       0xf4 ./src/sub-systemCode/payload/Compression/jpeg/ImgCompressor.o
                0x20010238                Create_BMP_File
 .text.CompressImage
                0x2001032c      0x1cc ./src/sub-systemCode/payload/Compression/jpeg/ImgCompressor.o
                0x2001032c                CompressImage
 .text.clamp    0x200104f8       0x60 ./src/sub-systemCode/payload/Compression/jpeg/color_conv.o
                0x200104f8                clamp
 .text.RGB_to_YCC
                0x20010558      0x1a8 ./src/sub-systemCode/payload/Compression/jpeg/color_conv.o
                0x20010558                RGB_to_YCC
 .text.RGB_to_Y
                0x20010700       0xc4 ./src/sub-systemCode/payload/Compression/jpeg/color_conv.o
                0x20010700                RGB_to_Y
 .text.Y_to_YCC
                0x200107c4       0x88 ./src/sub-systemCode/payload/Compression/jpeg/color_conv.o
                0x200107c4                Y_to_YCC
 .text.compress_image_to_jpeg_file
                0x2001084c      0x1ac ./src/sub-systemCode/payload/Compression/jpeg/jpeg.o
                0x2001084c                compress_image_to_jpeg_file
 .text.emit_marker
                0x200109f8       0xc8 ./src/sub-systemCode/payload/Compression/jpeg/jpeg_encoder.o
                0x200109f8                emit_marker
 .text.emit_byte
                0x20010ac0       0x6c ./src/sub-systemCode/payload/Compression/jpeg/jpeg_encoder.o
                0x20010ac0                emit_byte
 .text.emit_word
                0x20010b2c       0xd0 ./src/sub-systemCode/payload/Compression/jpeg/jpeg_encoder.o
                0x20010b2c                emit_word
 .text.emit_jfif_app0
                0x20010bfc       0xc0 ./src/sub-systemCode/payload/Compression/jpeg/jpeg_encoder.o
                0x20010bfc                emit_jfif_app0
 .text.emit_dqt
                0x20010cbc       0xd8 ./src/sub-systemCode/payload/Compression/jpeg/jpeg_encoder.o
                0x20010cbc                emit_dqt
 .text.emit_sof
                0x20010d94      0x14c ./src/sub-systemCode/payload/Compression/jpeg/jpeg_encoder.o
                0x20010d94                emit_sof
 .text.emit_dht
                0x20010ee0      0x138 ./src/sub-systemCode/payload/Compression/jpeg/jpeg_encoder.o
                0x20010ee0                emit_dht
 .text.emit_dhts
                0x20011018       0xd8 ./src/sub-systemCode/payload/Compression/jpeg/jpeg_encoder.o
                0x20011018                emit_dhts
 .text.emit_sos
                0x200110f0       0xec ./src/sub-systemCode/payload/Compression/jpeg/jpeg_encoder.o
                0x200110f0                emit_sos
 .text.emit_markers
                0x200111dc       0x4c ./src/sub-systemCode/payload/Compression/jpeg/jpeg_encoder.o
                0x200111dc                emit_markers
 .text.compute_huffman_table
                0x20011228      0x334 ./src/sub-systemCode/payload/Compression/jpeg/jpeg_encoder.o
                0x20011228                compute_huffman_table
 .text.compute_quant_table
                0x2001155c      0x11c ./src/sub-systemCode/payload/Compression/jpeg/jpeg_encoder.o
                0x2001155c                compute_quant_table
 .text.first_pass_init
                0x20011678       0x54 ./src/sub-systemCode/payload/Compression/jpeg/jpeg_encoder.o
                0x20011678                first_pass_init
 .text.second_pass_init
                0x200116cc      0x110 ./src/sub-systemCode/payload/Compression/jpeg/jpeg_encoder.o
                0x200116cc                second_pass_init
 .text.jpg_open
                0x200117dc      0x7b4 ./src/sub-systemCode/payload/Compression/jpeg/jpeg_encoder.o
                0x200117dc                jpg_open
 .text.load_block_8_8_grey
                0x20011f90      0x164 ./src/sub-systemCode/payload/Compression/jpeg/jpeg_encoder.o
                0x20011f90                load_block_8_8_grey
 .text.load_block_8_8
                0x200120f4      0x198 ./src/sub-systemCode/payload/Compression/jpeg/jpeg_encoder.o
                0x200120f4                load_block_8_8
 .text.load_block_16_8
                0x2001228c      0x3cc ./src/sub-systemCode/payload/Compression/jpeg/jpeg_encoder.o
                0x2001228c                load_block_16_8
 .text.load_block_16_8_8
                0x20012658      0x2a8 ./src/sub-systemCode/payload/Compression/jpeg/jpeg_encoder.o
                0x20012658                load_block_16_8_8
 .text.load_coefficients
                0x20012900      0x1c8 ./src/sub-systemCode/payload/Compression/jpeg/jpeg_encoder.o
                0x20012900                load_coefficients
 .text.flush_output_buffer
                0x20012ac8       0xa0 ./src/sub-systemCode/payload/Compression/jpeg/jpeg_encoder.o
                0x20012ac8                flush_output_buffer
 .text.put_bits
                0x20012b68      0x170 ./src/sub-systemCode/payload/Compression/jpeg/jpeg_encoder.o
                0x20012b68                put_bits
 .text.code_coefficients_pass_two
                0x20012cd8      0x338 ./src/sub-systemCode/payload/Compression/jpeg/jpeg_encoder.o
                0x20012cd8                code_coefficients_pass_two
 .text.code_block
                0x20013010       0x44 ./src/sub-systemCode/payload/Compression/jpeg/jpeg_encoder.o
                0x20013010                code_block
 .text.process_mcu_row
                0x20013054      0x328 ./src/sub-systemCode/payload/Compression/jpeg/jpeg_encoder.o
                0x20013054                process_mcu_row
 .text.terminate_pass_two
                0x2001337c       0x44 ./src/sub-systemCode/payload/Compression/jpeg/jpeg_encoder.o
                0x2001337c                terminate_pass_two
 .text.process_end_of_image
                0x200133c0       0xc0 ./src/sub-systemCode/payload/Compression/jpeg/jpeg_encoder.o
                0x200133c0                process_end_of_image
 .text.load_mcu
                0x20013480      0x29c ./src/sub-systemCode/payload/Compression/jpeg/jpeg_encoder.o
                0x20013480                load_mcu
 .text.clear    0x2001371c      0x1e0 ./src/sub-systemCode/payload/Compression/jpeg/jpeg_encoder.o
                0x2001371c                clear
 .text.init     0x200138fc       0xe4 ./src/sub-systemCode/payload/Compression/jpeg/jpeg_encoder.o
                0x200138fc                init
 .text.deinit   0x200139e0      0x160 ./src/sub-systemCode/payload/Compression/jpeg/jpeg_encoder.o
                0x200139e0                deinit
 .text.process_scanline
                0x20013b40       0x6c ./src/sub-systemCode/payload/Compression/jpeg/jpeg_encoder.o
                0x20013b40                process_scanline
 .text.jpge_malloc
                0x20013bac       0x28 ./src/sub-systemCode/payload/Compression/jpeg/jpeg_memory_alloc.o
                0x20013bac                jpge_malloc
 .text.jpge_cmalloc
                0x20013bd4       0x48 ./src/sub-systemCode/payload/Compression/jpeg/jpeg_memory_alloc.o
                0x20013bd4                jpge_cmalloc
 .text.jpge_free
                0x20013c1c       0x24 ./src/sub-systemCode/payload/Compression/jpeg/jpeg_memory_alloc.o
                0x20013c1c                jpge_free
 .text.check    0x20013c40       0x78 ./src/sub-systemCode/payload/Compression/jpeg/jpeg_params.o
                0x20013c40                check
 .text.open_jpeg_file
                0x20013cb8       0xfc ./src/sub-systemCode/payload/Compression/jpeg/output_stream.o
                0x20013cb8                open_jpeg_file
 .text.close_jpeg_file
                0x20013db4      0x118 ./src/sub-systemCode/payload/Compression/jpeg/output_stream.o
                0x20013db4                close_jpeg_file
 .text.put_buf  0x20013ecc      0x258 ./src/sub-systemCode/payload/Compression/jpeg/output_stream.o
                0x20013ecc                put_buf
 .text.GetBayerPixel
                0x20014124       0xe8 ./src/sub-systemCode/payload/Compression/ImageConversion.o
 .text.BinImage
                0x2001420c      0x2c8 ./src/sub-systemCode/payload/Compression/ImageConversion.o
                0x2001420c                BinImage
 .text.ImageSkipping
                0x200144d4      0x2ac ./src/sub-systemCode/payload/Compression/ImageConversion.o
                0x200144d4                ImageSkipping
 .text.CreateImageThumbnail_withoutSearch
                0x20014780      0x158 ./src/sub-systemCode/payload/Compression/ImageConversion.o
                0x20014780                CreateImageThumbnail_withoutSearch
 .text.CreateImageThumbnail
                0x200148d8       0x9c ./src/sub-systemCode/payload/Compression/ImageConversion.o
                0x200148d8                CreateImageThumbnail
 .text.compressImage
                0x20014974      0x184 ./src/sub-systemCode/payload/Compression/ImageConversion.o
                0x20014974                compressImage
 .text.AdcsCmdQueueInit
                0x20014af8       0x4c ./src/sub-systemCode/Main/CMD/ADCS_CMD.o
                0x20014af8                AdcsCmdQueueInit
 .text.AdcsCmdQueueGet
                0x20014b44       0x8c ./src/sub-systemCode/Main/CMD/ADCS_CMD.o
                0x20014b44                AdcsCmdQueueGet
 .text.AdcsCmdQueueAdd
                0x20014bd0       0x74 ./src/sub-systemCode/Main/CMD/ADCS_CMD.o
                0x20014bd0                AdcsCmdQueueAdd
 .text.AdcsCmdQueueIsEmpty
                0x20014c44       0x3c ./src/sub-systemCode/Main/CMD/ADCS_CMD.o
                0x20014c44                AdcsCmdQueueIsEmpty
 .text.getAdcsQueueWaitPointer
                0x20014c80       0x20 ./src/sub-systemCode/Main/CMD/ADCS_CMD.o
                0x20014c80                getAdcsQueueWaitPointer
 .text.cmd_mute
                0x20014ca0       0xf4 ./src/sub-systemCode/Main/CMD/COMM_CMD.o
                0x20014ca0                cmd_mute
 .text.cmd_unmute
                0x20014d94       0x90 ./src/sub-systemCode/Main/CMD/COMM_CMD.o
                0x20014d94                cmd_unmute
 .text.cmd_active_trans
                0x20014e24       0xc0 ./src/sub-systemCode/Main/CMD/COMM_CMD.o
                0x20014e24                cmd_active_trans
 .text.cmd_shut_trans
                0x20014ee4       0x8c ./src/sub-systemCode/Main/CMD/COMM_CMD.o
                0x20014ee4                cmd_shut_trans
 .text.cmd_change_trans_rssi
                0x20014f70      0x140 ./src/sub-systemCode/Main/CMD/COMM_CMD.o
                0x20014f70                cmd_change_trans_rssi
 .text.cmd_aprs_dump
                0x200150b0       0x38 ./src/sub-systemCode/Main/CMD/COMM_CMD.o
                0x200150b0                cmd_aprs_dump
 .text.cmd_stop_dump
                0x200150e8       0x8c ./src/sub-systemCode/Main/CMD/COMM_CMD.o
                0x200150e8                cmd_stop_dump
 .text.cmd_time_frequency
                0x20015174       0xec ./src/sub-systemCode/Main/CMD/COMM_CMD.o
                0x20015174                cmd_time_frequency
 .text.cmd_change_def_bit_rate
                0x20015260      0x1a8 ./src/sub-systemCode/Main/CMD/COMM_CMD.o
                0x20015260                cmd_change_def_bit_rate
 .text.cmd_upload_volt_logic
                0x20015408      0x370 ./src/sub-systemCode/Main/CMD/EPS_CMD.o
                0x20015408                cmd_upload_volt_logic
 .text.cmd_upload_volt_COMM
                0x20015778      0x1d4 ./src/sub-systemCode/Main/CMD/EPS_CMD.o
                0x20015778                cmd_upload_volt_COMM
 .text.cmd_heater_temp
                0x2001594c       0xe4 ./src/sub-systemCode/Main/CMD/EPS_CMD.o
                0x2001594c                cmd_heater_temp
 .text.cmd_SHUT_CAM
                0x20015a30       0x78 ./src/sub-systemCode/Main/CMD/EPS_CMD.o
                0x20015a30                cmd_SHUT_CAM
 .text.cmd_SHUT_ADCS
                0x20015aa8       0x78 ./src/sub-systemCode/Main/CMD/EPS_CMD.o
                0x20015aa8                cmd_SHUT_ADCS
 .text.cmd_allow_CAM
                0x20015b20       0x78 ./src/sub-systemCode/Main/CMD/EPS_CMD.o
                0x20015b20                cmd_allow_CAM
 .text.cmd_allow_ADCS
                0x20015b98       0x78 ./src/sub-systemCode/Main/CMD/EPS_CMD.o
                0x20015b98                cmd_allow_ADCS
 .text.cmd_update_alpha
                0x20015c10      0x120 ./src/sub-systemCode/Main/CMD/EPS_CMD.o
                0x20015c10                cmd_update_alpha
 .text.cmd_resetGWT
                0x20015d30       0xa4 ./src/sub-systemCode/Main/CMD/EPS_CMD.o
                0x20015d30                cmd_resetGWT
 .text.cmd_generic_I2C
                0x20015dd4       0xe4 ./src/sub-systemCode/Main/CMD/General_CMD.o
                0x20015dd4                cmd_generic_I2C
 .text.cmd_dump
                0x20015eb8       0xfc ./src/sub-systemCode/Main/CMD/General_CMD.o
                0x20015eb8                cmd_dump
 .text.cmd_delete_TM
                0x20015fb4      0x24c ./src/sub-systemCode/Main/CMD/General_CMD.o
                0x20015fb4                cmd_delete_TM
 .text.cmd_reset_file
                0x20016200      0x130 ./src/sub-systemCode/Main/CMD/General_CMD.o
                0x20016200                cmd_reset_file
 .text.cmd_format_SD
                0x20016330       0x7c ./src/sub-systemCode/Main/CMD/General_CMD.o
                0x20016330                cmd_format_SD
 .text.cmd_dummy_func
                0x200163ac       0x38 ./src/sub-systemCode/Main/CMD/General_CMD.o
                0x200163ac                cmd_dummy_func
 .text.cmd_reset_TLM_SD
                0x200163e4       0x54 ./src/sub-systemCode/Main/CMD/General_CMD.o
                0x200163e4                cmd_reset_TLM_SD
 .text.cmd_stop_TM
                0x20016438       0x7c ./src/sub-systemCode/Main/CMD/General_CMD.o
                0x20016438                cmd_stop_TM
 .text.cmd_resume_TM
                0x200164b4       0x7c ./src/sub-systemCode/Main/CMD/General_CMD.o
                0x200164b4                cmd_resume_TM
 .text.cmd_soft_reset_cmponent
                0x20016530       0xd0 ./src/sub-systemCode/Main/CMD/General_CMD.o
                0x20016530                cmd_soft_reset_cmponent
 .text.cmd_hard_reset_cmponent
                0x20016600       0xd0 ./src/sub-systemCode/Main/CMD/General_CMD.o
                0x20016600                cmd_hard_reset_cmponent
 .text.cmd_reset_satellite
                0x200166d0       0x90 ./src/sub-systemCode/Main/CMD/General_CMD.o
                0x200166d0                cmd_reset_satellite
 .text.cmd_gracefull_reset_satellite
                0x20016760       0x90 ./src/sub-systemCode/Main/CMD/General_CMD.o
                0x20016760                cmd_gracefull_reset_satellite
 .text.cmd_upload_time
                0x200167f0       0xc4 ./src/sub-systemCode/Main/CMD/General_CMD.o
                0x200167f0                cmd_upload_time
 .text.cmd_ARM_DIARM
                0x200168b4      0x104 ./src/sub-systemCode/Main/CMD/General_CMD.o
                0x200168b4                cmd_ARM_DIARM
 .text.cmd_deploy_ants
                0x200169b8       0x3c ./src/sub-systemCode/Main/CMD/General_CMD.o
                0x200169b8                cmd_deploy_ants
 .text.cmd_get_onlineTM
                0x200169f4      0x220 ./src/sub-systemCode/Main/CMD/General_CMD.o
                0x200169f4                cmd_get_onlineTM
 .text.cmd_reset_off_line
                0x20016c14       0x74 ./src/sub-systemCode/Main/CMD/General_CMD.o
                0x20016c14                cmd_reset_off_line
 .text.cmd_add_item_off_line
                0x20016c88      0x124 ./src/sub-systemCode/Main/CMD/General_CMD.o
                0x20016c88                cmd_add_item_off_line
 .text.cmd_delete_item_off_line
                0x20016dac       0xb0 ./src/sub-systemCode/Main/CMD/General_CMD.o
                0x20016dac                cmd_delete_item_off_line
 .text.cmd_get_off_line_setting
                0x20016e5c      0x1cc ./src/sub-systemCode/Main/CMD/General_CMD.o
                0x20016e5c                cmd_get_off_line_setting
 .text.cmd_reset_delayed_command_list
                0x20017028       0x3c ./src/sub-systemCode/Main/CMD/SW_CMD.o
                0x20017028                cmd_reset_delayed_command_list
 .text.cmd_reset_APRS_list
                0x20017064       0x3c ./src/sub-systemCode/Main/CMD/SW_CMD.o
                0x20017064                cmd_reset_APRS_list
 .text.cmd_reset_FRAM
                0x200170a0      0x100 ./src/sub-systemCode/Main/CMD/SW_CMD.o
                0x200170a0                cmd_reset_FRAM
 .text.cmd_FRAM_read
                0x200171a0      0x270 ./src/sub-systemCode/Main/CMD/SW_CMD.o
                0x200171a0                cmd_FRAM_read
 .text.cmd_FRAM_write
                0x20017410      0x114 ./src/sub-systemCode/Main/CMD/SW_CMD.o
                0x20017410                cmd_FRAM_write
 .text.ARM_ants
                0x20017524       0xb8 ./src/sub-systemCode/Main/Ants.o
                0x20017524                ARM_ants
 .text.DISARM_ants
                0x200175dc       0xf0 ./src/sub-systemCode/Main/Ants.o
                0x200175dc                DISARM_ants
 .text.reset_deployStatusFRAM
                0x200176cc       0xdc ./src/sub-systemCode/Main/Ants.o
                0x200176cc                reset_deployStatusFRAM
 .text.reset_FRAM_ants
                0x200177a8       0xc4 ./src/sub-systemCode/Main/Ants.o
                0x200177a8                reset_FRAM_ants
 .text.update_stopDeploy_FRAM
                0x2001786c       0x64 ./src/sub-systemCode/Main/Ants.o
                0x2001786c                update_stopDeploy_FRAM
 .text.round_vol
                0x200178d0      0x124 ./src/sub-systemCode/Main/EPS.o
                0x200178d0                round_vol
 .text.get_shut_ADCS
                0x200179f4       0x64 ./src/sub-systemCode/Main/EPS.o
                0x200179f4                get_shut_ADCS
 .text.shut_ADCS
                0x20017a58       0x60 ./src/sub-systemCode/Main/EPS.o
                0x20017a58                shut_ADCS
 .text.get_shut_CAM
                0x20017ab8       0x64 ./src/sub-systemCode/Main/EPS.o
                0x20017ab8                get_shut_CAM
 .text.shut_CAM
                0x20017b1c       0x60 ./src/sub-systemCode/Main/EPS.o
                0x20017b1c                shut_CAM
 .text.update_powerLines
                0x20017b7c      0x124 ./src/sub-systemCode/Main/EPS.o
                0x20017b7c                update_powerLines
 .text.updateCam_powerLines
                0x20017ca0       0x3c ./src/sub-systemCode/Main/EPS.o
                0x20017ca0                updateCam_powerLines
 .text.get_EPS_mode_t
                0x20017cdc       0x24 ./src/sub-systemCode/Main/EPS.o
                0x20017cdc                get_EPS_mode_t
 .text.init_enterMode
                0x20017d00       0x88 ./src/sub-systemCode/Main/EPS.o
                0x20017d00                init_enterMode
 .text.EPS_Init
                0x20017d88      0x190 ./src/sub-systemCode/Main/EPS.o
                0x20017d88                EPS_Init
 .text.reset_FRAM_EPS
                0x20017f18      0x150 ./src/sub-systemCode/Main/EPS.o
                0x20017f18                reset_FRAM_EPS
 .text.reset_EPS_voltages
                0x20018068      0x110 ./src/sub-systemCode/Main/EPS.o
                0x20018068                reset_EPS_voltages
 .text.writeState_log
                0x20018178       0xd4 ./src/sub-systemCode/Main/EPS.o
                0x20018178                writeState_log
 .text.battery_downward
                0x2001824c       0xcc ./src/sub-systemCode/Main/EPS.o
 .text.battery_upward
                0x20018318       0xd8 ./src/sub-systemCode/Main/EPS.o
 .text.sanityCheck_EPS
                0x200183f0      0x1b4 ./src/sub-systemCode/Main/EPS.o
 .text.overRide_ADCS
                0x200185a4       0x50 ./src/sub-systemCode/Main/EPS.o
                0x200185a4                overRide_ADCS
 .text.overRide_Camera
                0x200185f4       0x38 ./src/sub-systemCode/Main/EPS.o
                0x200185f4                overRide_Camera
 .text.EPS_Conditioning
                0x2001862c      0x340 ./src/sub-systemCode/Main/EPS.o
                0x2001862c                EPS_Conditioning
 .text.EnterFullMode
                0x2001896c       0xf0 ./src/sub-systemCode/Main/EPS.o
                0x2001896c                EnterFullMode
 .text.EnterCruiseMode
                0x20018a5c       0xe0 ./src/sub-systemCode/Main/EPS.o
                0x20018a5c                EnterCruiseMode
 .text.EnterSafeMode
                0x20018b3c       0xe0 ./src/sub-systemCode/Main/EPS.o
                0x20018b3c                EnterSafeMode
 .text.EnterCriticalMode
                0x20018c1c       0xcc ./src/sub-systemCode/Main/EPS.o
                0x20018c1c                EnterCriticalMode
 .text.get_FRAMVoltageTable
                0x20018ce8       0xa4 ./src/sub-systemCode/Main/EPS.o
 .text.check_EPSTableCorrection
                0x20018d8c      0x120 ./src/sub-systemCode/Main/EPS.o
                0x20018d8c                check_EPSTableCorrection
 .text.save_ACK
                0x20018eac       0xc8 ./src/sub-systemCode/Main/HouseKeeping.o
                0x20018eac                save_ACK
 .text.set_GP_EPS
                0x20018f74      0x10c ./src/sub-systemCode/Main/HouseKeeping.o
                0x20018f74                set_GP_EPS
 .text.set_GP_COMM
                0x20019080       0x88 ./src/sub-systemCode/Main/HouseKeeping.o
                0x20019080                set_GP_COMM
 .text.SP_HK_collect
                0x20019108      0x22c ./src/sub-systemCode/Main/HouseKeeping.o
                0x20019108                SP_HK_collect
 .text.EPS_HK_collect
                0x20019334      0x528 ./src/sub-systemCode/Main/HouseKeeping.o
                0x20019334                EPS_HK_collect
 .text.CAM_HK_collect
                0x2001985c      0xa00 ./src/sub-systemCode/Main/HouseKeeping.o
                0x2001985c                CAM_HK_collect
 .text.COMM_HK_collect
                0x2001a25c      0x244 ./src/sub-systemCode/Main/HouseKeeping.o
                0x2001a25c                COMM_HK_collect
 .text.HK_find_ADCSTM_fileName
                0x2001a4a0      0x44c ./src/sub-systemCode/Main/HouseKeeping.o
                0x2001a4a0                HK_find_ADCSTM_fileName
 .text.HK_find_fileName
                0x2001a8ec      0x174 ./src/sub-systemCode/Main/HouseKeeping.o
                0x2001a8ec                HK_find_fileName
 .text.HK_find_ADCSTM_ElementSize
                0x2001aa60      0x1b8 ./src/sub-systemCode/Main/HouseKeeping.o
                0x2001aa60                HK_find_ADCSTM_ElementSize
 .text.HK_findElementSize
                0x2001ac18       0xd4 ./src/sub-systemCode/Main/HouseKeeping.o
                0x2001ac18                HK_findElementSize
 .text.build_HK_spl_packet
                0x2001acec      0x27c ./src/sub-systemCode/Main/HouseKeeping.o
                0x2001acec                build_HK_spl_packet
 .text.numberOfRestarts
                0x2001af68       0x94 ./src/sub-systemCode/Main/Main_Init.o
                0x2001af68                numberOfRestarts
 .text.StartFRAM
                0x2001affc       0x38 ./src/sub-systemCode/Main/Main_Init.o
                0x2001affc                StartFRAM
 .text.StartI2C
                0x2001b034       0x44 ./src/sub-systemCode/Main/Main_Init.o
                0x2001b034                StartI2C
 .text.StartSPI
                0x2001b078       0x40 ./src/sub-systemCode/Main/Main_Init.o
                0x2001b078                StartSPI
 .text.StartTIME
                0x2001b0b8      0x120 ./src/sub-systemCode/Main/Main_Init.o
                0x2001b0b8                StartTIME
 .text.first_activation
                0x2001b1d8       0x7c ./src/sub-systemCode/Main/Main_Init.o
                0x2001b1d8                first_activation
 .text.InitSubsystems
                0x2001b254       0x68 ./src/sub-systemCode/Main/Main_Init.o
                0x2001b254                InitSubsystems
 .text.SubSystemTaskStart
                0x2001b2bc      0x13c ./src/sub-systemCode/Main/Main_Init.o
                0x2001b2bc                SubSystemTaskStart
 .text.copy_command
                0x2001b3f8       0x80 ./src/sub-systemCode/Main/commands.o
                0x2001b3f8                copy_command
 .text.reset_command
                0x2001b478       0x28 ./src/sub-systemCode/Main/commands.o
                0x2001b478                reset_command
 .text.init_command
                0x2001b4a0       0xf4 ./src/sub-systemCode/Main/commands.o
                0x2001b4a0                init_command
 .text.add_command
                0x2001b594      0x12c ./src/sub-systemCode/Main/commands.o
                0x2001b594                add_command
 .text.get_command
                0x2001b6c0      0x1c0 ./src/sub-systemCode/Main/commands.o
                0x2001b6c0                get_command
 .text.act_upon_command
                0x2001b880      0x1cc ./src/sub-systemCode/Main/commands.o
                0x2001b880                act_upon_command
 .text.cmd_error
                0x2001ba4c       0x38 ./src/sub-systemCode/Main/commands.o
                0x2001ba4c                cmd_error
 .text.AUC_COMM
                0x2001ba84      0x25c ./src/sub-systemCode/Main/commands.o
                0x2001ba84                AUC_COMM
 .text.AUC_general
                0x2001bce0      0x3c8 ./src/sub-systemCode/Main/commands.o
                0x2001bce0                AUC_general
 .text.AUC_payload
                0x2001c0a8      0x278 ./src/sub-systemCode/Main/commands.o
                0x2001c0a8                AUC_payload
 .text.AUC_EPS  0x2001c320      0x2dc ./src/sub-systemCode/Main/commands.o
                0x2001c320                AUC_EPS
 .text.AUC_SW   0x2001c5fc      0x1cc ./src/sub-systemCode/Main/commands.o
                0x2001c5fc                AUC_SW
 .text.AUC_onlineTM
                0x2001c7c8      0x1f0 ./src/sub-systemCode/Main/commands.o
                0x2001c7c8                AUC_onlineTM
 .text.AUC_CUF  0x2001c9b8      0x160 ./src/sub-systemCode/Main/commands.o
                0x2001c9b8                AUC_CUF
 .text.init_GenericSaveQueue
                0x2001cb18       0x3c ./src/sub-systemCode/Global/GenericTaskSave.o
                0x2001cb18                init_GenericSaveQueue
 .text.add_GenericElement_queue
                0x2001cb54       0x80 ./src/sub-systemCode/Global/GenericTaskSave.o
                0x2001cb54                add_GenericElement_queue
 .text.GenericSave_Task
                0x2001cbd4      0x128 ./src/sub-systemCode/Global/GenericTaskSave.o
                0x2001cbd4                GenericSave_Task
 .text.check_int
                0x2001ccfc       0x20 ./src/sub-systemCode/Global/Global.o
                0x2001ccfc                check_int
 .text.check_portBASE_TYPE
                0x2001cd1c       0x20 ./src/sub-systemCode/Global/Global.o
                0x2001cd1c                check_portBASE_TYPE
 .text.soft_reset_subsystem
                0x2001cd3c       0xfc ./src/sub-systemCode/Global/Global.o
                0x2001cd3c                soft_reset_subsystem
 .text.hard_reset_subsystem
                0x2001ce38      0x140 ./src/sub-systemCode/Global/Global.o
                0x2001ce38                hard_reset_subsystem
 .text.BigEnE_raw_to_uInt
                0x2001cf78       0x94 ./src/sub-systemCode/Global/Global.o
                0x2001cf78                BigEnE_raw_to_uInt
 .text.BigEnE_raw_to_uShort
                0x2001d00c       0x50 ./src/sub-systemCode/Global/Global.o
                0x2001d00c                BigEnE_raw_to_uShort
 .text.BigEnE_uInt_to_raw
                0x2001d05c       0x78 ./src/sub-systemCode/Global/Global.o
                0x2001d05c                BigEnE_uInt_to_raw
 .text.reset_FRAM_MAIN
                0x2001d0d4      0x1cc ./src/sub-systemCode/Global/Global.o
                0x2001d0d4                reset_FRAM_MAIN
 .text.getBitValueByIndex
                0x2001d2a0       0xd0 ./src/sub-systemCode/Global/Global.o
                0x2001d2a0                getBitValueByIndex
 .text.FRAM_write_exte
                0x2001d370       0x98 ./src/sub-systemCode/Global/Global.o
                0x2001d370                FRAM_write_exte
 .text.FRAM_read_exte
                0x2001d408       0x98 ./src/sub-systemCode/Global/Global.o
                0x2001d408                FRAM_read_exte
 .text.FRAM_writeAndVerify_exte
                0x2001d4a0       0x98 ./src/sub-systemCode/Global/Global.o
                0x2001d4a0                FRAM_writeAndVerify_exte
 .text.init_GP  0x2001d538      0x368 ./src/sub-systemCode/Global/GlobalParam.o
                0x2001d538                init_GP
 .text.get_system_state
                0x2001d8a0      0x268 ./src/sub-systemCode/Global/GlobalParam.o
                0x2001d8a0                get_system_state
 .text.set_system_state
                0x2001db08      0x298 ./src/sub-systemCode/Global/GlobalParam.o
                0x2001db08                set_system_state
 .text.get_systems_state_param
                0x2001dda0       0x8c ./src/sub-systemCode/Global/GlobalParam.o
                0x2001dda0                get_systems_state_param
 .text.get_current_global_param
                0x2001de2c      0x55c ./src/sub-systemCode/Global/GlobalParam.o
                0x2001de2c                get_current_global_param
 .text.set_Vbatt
                0x2001e388       0x8c ./src/sub-systemCode/Global/GlobalParam.o
                0x2001e388                set_Vbatt
 .text.get_Vbatt
                0x2001e414       0x8c ./src/sub-systemCode/Global/GlobalParam.o
                0x2001e414                get_Vbatt
 .text.set_curBat
                0x2001e4a0       0x8c ./src/sub-systemCode/Global/GlobalParam.o
                0x2001e4a0                set_curBat
 .text.set_cur3V3
                0x2001e52c       0x8c ./src/sub-systemCode/Global/GlobalParam.o
                0x2001e52c                set_cur3V3
 .text.set_cur5V
                0x2001e5b8       0x8c ./src/sub-systemCode/Global/GlobalParam.o
                0x2001e5b8                set_cur5V
 .text.set_tempComm_LO
                0x2001e644       0x8c ./src/sub-systemCode/Global/GlobalParam.o
                0x2001e644                set_tempComm_LO
 .text.set_tempComm_PA
                0x2001e6d0       0x8c ./src/sub-systemCode/Global/GlobalParam.o
                0x2001e6d0                set_tempComm_PA
 .text.set_tempEPS
                0x2001e75c       0xc8 ./src/sub-systemCode/Global/GlobalParam.o
                0x2001e75c                set_tempEPS
 .text.set_tempBatt
                0x2001e824       0xc8 ./src/sub-systemCode/Global/GlobalParam.o
                0x2001e824                set_tempBatt
 .text.set_RxDoppler
                0x2001e8ec       0x8c ./src/sub-systemCode/Global/GlobalParam.o
                0x2001e8ec                set_RxDoppler
 .text.set_RxRSSI
                0x2001e978       0x8c ./src/sub-systemCode/Global/GlobalParam.o
                0x2001e978                set_RxRSSI
 .text.set_TxRefl
                0x2001ea04       0x8c ./src/sub-systemCode/Global/GlobalParam.o
                0x2001ea04                set_TxRefl
 .text.set_TxForw
                0x2001ea90       0x8c ./src/sub-systemCode/Global/GlobalParam.o
                0x2001ea90                set_TxForw
 .text.set_FS_failFlag
                0x2001eb1c       0x8c ./src/sub-systemCode/Global/GlobalParam.o
                0x2001eb1c                set_FS_failFlag
 .text.set_EPSState
                0x2001eba8       0x8c ./src/sub-systemCode/Global/GlobalParam.o
                0x2001eba8                set_EPSState
 .text.set_numOfDelayedCommand
                0x2001ec34       0x8c ./src/sub-systemCode/Global/GlobalParam.o
                0x2001ec34                set_numOfDelayedCommand
 .text.set_numOfResets
                0x2001ecc0       0xac ./src/sub-systemCode/Global/GlobalParam.o
                0x2001ecc0                set_numOfResets
 .text.set_ground_conn
                0x2001ed6c       0xa0 ./src/sub-systemCode/Global/GlobalParam.o
                0x2001ed6c                set_ground_conn
 .text.get_ground_conn
                0x2001ee0c       0xa0 ./src/sub-systemCode/Global/GlobalParam.o
                0x2001ee0c                get_ground_conn
 .text.IsisAntS_getStatusData_sideA
                0x2001eeac       0x3c ./src/sub-systemCode/Global/OnlineTM.o
                0x2001eeac                IsisAntS_getStatusData_sideA
 .text.IsisAntS_getAlltelemetry_sideA
                0x2001eee8       0x3c ./src/sub-systemCode/Global/OnlineTM.o
                0x2001eee8                IsisAntS_getAlltelemetry_sideA
 .text.IsisAntS_getTemperature_sideA
                0x2001ef24       0x3c ./src/sub-systemCode/Global/OnlineTM.o
                0x2001ef24                IsisAntS_getTemperature_sideA
 .text.IsisAntS_getStatusData_sideB
                0x2001ef60       0x3c ./src/sub-systemCode/Global/OnlineTM.o
                0x2001ef60                IsisAntS_getStatusData_sideB
 .text.IsisAntS_getAlltelemetry_sideB
                0x2001ef9c       0x3c ./src/sub-systemCode/Global/OnlineTM.o
                0x2001ef9c                IsisAntS_getAlltelemetry_sideB
 .text.IsisAntS_getTemperature_sideB
                0x2001efd8       0x3c ./src/sub-systemCode/Global/OnlineTM.o
                0x2001efd8                IsisAntS_getTemperature_sideB
 .text.HK_collect_EPS
                0x2001f014       0x30 ./src/sub-systemCode/Global/OnlineTM.o
                0x2001f014                HK_collect_EPS
 .text.HK_collect_COMM
                0x2001f044       0x30 ./src/sub-systemCode/Global/OnlineTM.o
                0x2001f044                HK_collect_COMM
 .text.HK_collect_CAM
                0x2001f074       0x30 ./src/sub-systemCode/Global/OnlineTM.o
                0x2001f074                HK_collect_CAM
 .text.HK_collect_SP
                0x2001f0a4       0x30 ./src/sub-systemCode/Global/OnlineTM.o
                0x2001f0a4                HK_collect_SP
 .text.HK_collect_FS_A
                0x2001f0d4       0x9c ./src/sub-systemCode/Global/OnlineTM.o
                0x2001f0d4                HK_collect_FS_A
 .text.HK_collect_FS_B
                0x2001f170       0x9c ./src/sub-systemCode/Global/OnlineTM.o
                0x2001f170                HK_collect_FS_B
 .text.save_offlineSetting_FRAM
                0x2001f20c      0x26c ./src/sub-systemCode/Global/OnlineTM.o
                0x2001f20c                save_offlineSetting_FRAM
 .text.get_offlineSetting_FRAM
                0x2001f478       0x58 ./src/sub-systemCode/Global/OnlineTM.o
                0x2001f478                get_offlineSetting_FRAM
 .text.update_offlineSetting_FRAM
                0x2001f4d0      0x360 ./src/sub-systemCode/Global/OnlineTM.o
                0x2001f4d0                update_offlineSetting_FRAM
 .text.get_offlineSettingPacket
                0x2001f830       0xc4 ./src/sub-systemCode/Global/OnlineTM.o
                0x2001f830                get_offlineSettingPacket
 .text.get_item_by_index
                0x2001f8f4       0xdc ./src/sub-systemCode/Global/OnlineTM.o
                0x2001f8f4                get_item_by_index
 .text.get_pointer_item_by_index
                0x2001f9d0       0x48 ./src/sub-systemCode/Global/OnlineTM.o
                0x2001f9d0                get_pointer_item_by_index
 .text.init_onlineParam
                0x2001fa18     0x2f54 ./src/sub-systemCode/Global/OnlineTM.o
                0x2001fa18                init_onlineParam
 .text.reset_offline_TM_list
                0x2002296c      0x184 ./src/sub-systemCode/Global/OnlineTM.o
                0x2002296c                reset_offline_TM_list
 .text.get_online_packet
                0x20022af0      0x25c ./src/sub-systemCode/Global/OnlineTM.o
                0x20022af0                get_online_packet
 .text.save_onlineTM_param
                0x20022d4c      0x1b4 ./src/sub-systemCode/Global/OnlineTM.o
                0x20022d4c                save_onlineTM_param
 .text.add_onlineTM_param_to_save_list
                0x20022f00      0x3e4 ./src/sub-systemCode/Global/OnlineTM.o
                0x20022f00                add_onlineTM_param_to_save_list
 .text.delete_onlineTM_param_from_offline
                0x200232e4      0x1a8 ./src/sub-systemCode/Global/OnlineTM.o
                0x200232e4                delete_onlineTM_param_from_offline
 .text.save_onlineTM_logic
                0x2002348c      0x2c0 ./src/sub-systemCode/Global/OnlineTM.o
                0x2002348c                save_onlineTM_logic
 .text.updateSD_state
                0x2002374c       0xc0 ./src/sub-systemCode/Global/OnlineTM.o
                0x2002374c                updateSD_state
 .text.sleepRTC_second
                0x2002380c       0x64 ./src/sub-systemCode/Global/OnlineTM.o
 .text.save_onlineTM_task
                0x20023870       0xe8 ./src/sub-systemCode/Global/OnlineTM.o
                0x20023870                save_onlineTM_task
 .text.reset_FRAM_FS
                0x20023958       0x4c ./src/sub-systemCode/Global/TLM_management.o
                0x20023958                reset_FRAM_FS
 .text.sd_format
                0x200239a4       0x28 ./src/sub-systemCode/Global/TLM_management.o
                0x200239a4                sd_format
 .text.deleteDir
                0x200239cc       0x2c ./src/sub-systemCode/Global/TLM_management.o
                0x200239cc                deleteDir
 .text.getNumOfFilesInFS
                0x200239f8       0x44 ./src/sub-systemCode/Global/TLM_management.o
 .text.setNumOfFilesInFS
                0x20023a3c       0x50 ./src/sub-systemCode/Global/TLM_management.o
 .text.f_managed_enterFS
                0x20023a8c       0x18 ./src/sub-systemCode/Global/TLM_management.o
                0x20023a8c                f_managed_enterFS
 .text.f_managed_releaseFS
                0x20023aa4       0x18 ./src/sub-systemCode/Global/TLM_management.o
                0x20023aa4                f_managed_releaseFS
 .text.f_managed_open
                0x20023abc      0x100 ./src/sub-systemCode/Global/TLM_management.o
                0x20023abc                f_managed_open
 .text.f_managed_close
                0x20023bbc       0x84 ./src/sub-systemCode/Global/TLM_management.o
                0x20023bbc                f_managed_close
 .text.createSemahores_FS
                0x20023c40       0x48 ./src/sub-systemCode/Global/TLM_management.o
                0x20023c40                createSemahores_FS
 .text.InitializeFS
                0x20023c88      0x138 ./src/sub-systemCode/Global/TLM_management.o
                0x20023c88                InitializeFS
 .text.c_fileCreate
                0x20023dc0      0x110 ./src/sub-systemCode/Global/TLM_management.o
                0x20023dc0                c_fileCreate
 .text.writewithEpochtime
                0x20023ed0       0x90 ./src/sub-systemCode/Global/TLM_management.o
 .text.get_C_FILE_struct
                0x20023f60       0xe4 ./src/sub-systemCode/Global/TLM_management.o
 .text.getFileIndex
                0x20024044       0x58 ./src/sub-systemCode/Global/TLM_management.o
 .text.get_file_name_by_index
                0x2002409c       0x44 ./src/sub-systemCode/Global/TLM_management.o
                0x2002409c                get_file_name_by_index
 .text.c_fileReset
                0x200240e0       0xe0 ./src/sub-systemCode/Global/TLM_management.o
                0x200240e0                c_fileReset
 .text.c_fileWrite
                0x200241c0      0x154 ./src/sub-systemCode/Global/TLM_management.o
                0x200241c0                c_fileWrite
 .text.deleteElementsFromFile
                0x20024314      0x1a0 ./src/sub-systemCode/Global/TLM_management.o
 .text.c_fileDeleteElements
                0x200244b4      0x158 ./src/sub-systemCode/Global/TLM_management.o
                0x200244b4                c_fileDeleteElements
 .text.c_fileRead
                0x2002460c      0x300 ./src/sub-systemCode/Global/TLM_management.o
                0x2002460c                c_fileRead
 .text.DeInitializeFS
                0x2002490c       0x30 ./src/sub-systemCode/Global/TLM_management.o
                0x2002490c                DeInitializeFS
 .text.xSemaphoreGive_extended
                0x2002493c       0x48 ./src/sub-systemCode/Global/freertosExtended.o
                0x2002493c                xSemaphoreGive_extended
 .text.xSemaphoreTake_extended
                0x20024984       0x54 ./src/sub-systemCode/Global/freertosExtended.o
                0x20024984                xSemaphoreTake_extended
 .text.WriteLog
                0x200249d8       0xa8 ./src/sub-systemCode/Global/logger.o
 .text.WriteErrorLog
                0x20024a80       0x64 ./src/sub-systemCode/Global/logger.o
                0x20024a80                WriteErrorLog
 .text.WritePayloadLog
                0x20024ae4       0x50 ./src/sub-systemCode/Global/logger.o
                0x20024ae4                WritePayloadLog
 .text.WriteEpsLog
                0x20024b34       0x4c ./src/sub-systemCode/Global/logger.o
                0x20024b34                WriteEpsLog
 .text.WriteTransponderLog
                0x20024b80       0x50 ./src/sub-systemCode/Global/logger.o
                0x20024b80                WriteTransponderLog
 .text.WriteAdcsLog
                0x20024bd0       0x50 ./src/sub-systemCode/Global/logger.o
                0x20024bd0                WriteAdcsLog
 .text.WriteCUFLog
                0x20024c20       0x50 ./src/sub-systemCode/Global/logger.o
                0x20024c20                WriteCUFLog
 .text.castCharPointerToInt
                0x20024c70       0x84 ./src/sub-systemCode/CUF/CUF.o
                0x20024c70                castCharPointerToInt
 .text.castCharArrayToIntArray
                0x20024cf4       0xa4 ./src/sub-systemCode/CUF/CUF.o
                0x20024cf4                castCharArrayToIntArray
 .text.SavePerminantCUF
                0x20024d98      0x1b0 ./src/sub-systemCode/CUF/CUF.o
                0x20024d98                SavePerminantCUF
 .text.CUFSwitch
                0x20024f48       0x30 ./src/sub-systemCode/CUF/CUF.o
                0x20024f48                CUFSwitch
 .text.GenerateSSH
                0x20024f78       0xb8 ./src/sub-systemCode/CUF/CUF.o
                0x20024f78                GenerateSSH
 .text.getExtendedName
                0x20025030       0xc4 ./src/sub-systemCode/CUF/CUF.o
                0x20025030                getExtendedName
 .text.AuthenticateCUF
                0x200250f4       0x84 ./src/sub-systemCode/CUF/CUF.o
                0x200250f4                AuthenticateCUF
 .text.UpdatePerminantCUF
                0x20025178       0x94 ./src/sub-systemCode/CUF/CUF.o
                0x20025178                UpdatePerminantCUF
 .text.RemoveCUF
                0x2002520c      0x1c0 ./src/sub-systemCode/CUF/CUF.o
                0x2002520c                RemoveCUF
 .text.ExecuteCUF
                0x200253cc       0xd4 ./src/sub-systemCode/CUF/CUF.o
                0x200253cc                ExecuteCUF
 .text.IntegrateCUF
                0x200254a0      0x170 ./src/sub-systemCode/CUF/CUF.o
                0x200254a0                IntegrateCUF
 .text.AddToCUFTempArray
                0x20025610       0xa0 ./src/sub-systemCode/CUF/CUF.o
                0x20025610                AddToCUFTempArray
 .text.GetFromCUFTempArray
                0x200256b0       0xe0 ./src/sub-systemCode/CUF/CUF.o
                0x200256b0                GetFromCUFTempArray
 .text.DisableCUF
                0x20025790       0xb0 ./src/sub-systemCode/CUF/CUF.o
                0x20025790                DisableCUF
 .text.EnableCUF
                0x20025840       0xb0 ./src/sub-systemCode/CUF/CUF.o
                0x20025840                EnableCUF
 .text.initializeUpload
                0x200258f0       0x94 ./src/sub-systemCode/CUF/uploadCodeTelemetry.o
                0x200258f0                initializeUpload
 .text.removeFiles
                0x20025984      0x16c ./src/sub-systemCode/CUF/uploadCodeTelemetry.o
                0x20025984                removeFiles
 .text.loadBackup
                0x20025af0      0x144 ./src/sub-systemCode/CUF/uploadCodeTelemetry.o
                0x20025af0                loadBackup
 .text.addToArray
                0x20025c34       0xcc ./src/sub-systemCode/CUF/uploadCodeTelemetry.o
                0x20025c34                addToArray
 .text.headerHandle
                0x20025d00       0xb8 ./src/sub-systemCode/CUF/uploadCodeTelemetry.o
                0x20025d00                headerHandle
 .text.startCUFintegration
                0x20025db8      0x134 ./src/sub-systemCode/CUF/uploadCodeTelemetry.o
                0x20025db8                startCUFintegration
 .text.saveBackup
                0x20025eec       0xfc ./src/sub-systemCode/CUF/uploadCodeTelemetry.o
                0x20025eec                saveBackup
 .text.saveAck  0x20025fe8       0x1c ./src/sub-systemCode/CUF/uploadCodeTelemetry.o
                0x20025fe8                saveAck
 .text.reset_APRS_list
                0x20026004       0x20 ./src/sub-systemCode/COMM/APRS.o
                0x20026004                reset_APRS_list
 .text.get_APRS_list
                0x20026024       0x18 ./src/sub-systemCode/COMM/APRS.o
                0x20026024                get_APRS_list
 .text.find_CMD_in_list
                0x2002603c       0x7c ./src/sub-systemCode/COMM/DelayedCommand_list.o
                0x2002603c                find_CMD_in_list
 .text.find_empty_in_list
                0x200260b8       0x74 ./src/sub-systemCode/COMM/DelayedCommand_list.o
                0x200260b8                find_empty_in_list
 .text.check_delayCommandTime
                0x2002612c       0xa8 ./src/sub-systemCode/COMM/DelayedCommand_list.o
                0x2002612c                check_delayCommandTime
 .text.execute_delayedCommand
                0x200261d4       0x64 ./src/sub-systemCode/COMM/DelayedCommand_list.o
                0x200261d4                execute_delayedCommand
 .text.check_delaycommand
                0x20026238      0x19c ./src/sub-systemCode/COMM/DelayedCommand_list.o
                0x20026238                check_delaycommand
 .text.reset_delayCommand
                0x200263d4       0xc4 ./src/sub-systemCode/COMM/DelayedCommand_list.o
                0x200263d4                reset_delayCommand
 .text.add_delayCommand
                0x20026498      0x1f4 ./src/sub-systemCode/COMM/DelayedCommand_list.o
                0x20026498                add_delayCommand
 .text.get_delayCommand_list
                0x2002668c       0xc0 ./src/sub-systemCode/COMM/DelayedCommand_list.o
                0x2002668c                get_delayCommand_list
 .text.EmptyOldestCommand
                0x2002674c       0xfc ./src/sub-systemCode/COMM/DelayedCommand_list.o
                0x2002674c                EmptyOldestCommand
 .text.decode_TCpacket
                0x20026848      0x16c ./src/sub-systemCode/COMM/GSC.o
                0x20026848                decode_TCpacket
 .text.encode_TCpacket
                0x200269b4      0x114 ./src/sub-systemCode/COMM/GSC.o
                0x200269b4                encode_TCpacket
 .text.encode_TMpacket
                0x20026ac8      0x104 ./src/sub-systemCode/COMM/GSC.o
                0x20026ac8                encode_TMpacket
 .text.build_raw_ACK
                0x20026bcc       0xbc ./src/sub-systemCode/COMM/GSC.o
                0x20026bcc                build_raw_ACK
 .text.build_data_field_ACK
                0x20026c88       0x74 ./src/sub-systemCode/COMM/GSC.o
                0x20026c88                build_data_field_ACK
 .text.update_FRAM_bitRate
                0x20026cfc       0xf8 ./src/sub-systemCode/COMM/TRXVU.o
                0x20026cfc                update_FRAM_bitRate
 .text.idle_state_
                0x20026df4       0x78 ./src/sub-systemCode/COMM/TRXVU.o
                0x20026df4                idle_state_
 .text.toggle_idle_state
                0x20026e6c       0x64 ./src/sub-systemCode/COMM/TRXVU.o
                0x20026e6c                toggle_idle_state
 .text.TRXVU_init_hardWare
                0x20026ed0       0xc8 ./src/sub-systemCode/COMM/TRXVU.o
                0x20026ed0                TRXVU_init_hardWare
 .text.TRXVU_init_softWare
                0x20026f98      0x124 ./src/sub-systemCode/COMM/TRXVU.o
                0x20026f98                TRXVU_init_softWare
 .text.init_trxvu