Archive member included because of file (symbol)

c:/isis/application/toolchain/bin/../lib/gcc/arm-none-eabi/4.7.4/../../../../arm-none-eabi/lib\libc_s.a(lib_a-vfprintf_float.o)
                              (_printf_float)
c:/isis/application/toolchain/bin/../lib/gcc/arm-none-eabi/4.7.4/../../../../arm-none-eabi/lib\libc_s.a(lib_a-vfprintf_i.o)
                              c:/isis/application/toolchain/bin/../lib/gcc/arm-none-eabi/4.7.4/../../../../arm-none-eabi/lib\libc_s.a(lib_a-vfprintf_float.o) (_printf_common)
c:/isis/application/toolchain/bin/../lib/gcc/arm-none-eabi/4.7.4/../../../../arm-none-eabi/lib\libc_s.a(lib_a-vfscanf_float.o)
                              (_scanf_float)
c:/isis/application/toolchain/bin/../lib/gcc/arm-none-eabi/4.7.4/../../../../arm-none-eabi/lib\libc_s.a(lib_a-dtoa.o)
                              c:/isis/application/toolchain/bin/../lib/gcc/arm-none-eabi/4.7.4/../../../../arm-none-eabi/lib\libc_s.a(lib_a-vfprintf_float.o) (_dtoa_r)
c:/isis/application/toolchain/bin/../lib/gcc/arm-none-eabi/4.7.4/../../../../arm-none-eabi/lib\libc_s.a(lib_a-locale.o)
                              c:/isis/application/toolchain/bin/../lib/gcc/arm-none-eabi/4.7.4/../../../../arm-none-eabi/lib\libc_s.a(lib_a-vfprintf_float.o) (_localeconv_r)
c:/isis/application/toolchain/bin/../lib/gcc/arm-none-eabi/4.7.4/../../../../arm-none-eabi/lib\libc_s.a(lib_a-malloc.o)
                              c:/isis/application/toolchain/bin/../lib/gcc/arm-none-eabi/4.7.4/../../../../arm-none-eabi/lib\libc_s.a(lib_a-dtoa.o) (malloc)
c:/isis/application/toolchain/bin/../lib/gcc/arm-none-eabi/4.7.4/../../../../arm-none-eabi/lib\libc_s.a(lib_a-mallocr.o)
                              c:/isis/application/toolchain/bin/../lib/gcc/arm-none-eabi/4.7.4/../../../../arm-none-eabi/lib\libc_s.a(lib_a-malloc.o) (_malloc_r)
c:/isis/application/toolchain/bin/../lib/gcc/arm-none-eabi/4.7.4/../../../../arm-none-eabi/lib\libc_s.a(lib_a-memcpy.o)
                              c:/isis/application/toolchain/bin/../lib/gcc/arm-none-eabi/4.7.4/../../../../arm-none-eabi/lib\libc_s.a(lib_a-dtoa.o) (memcpy)
c:/isis/application/toolchain/bin/../lib/gcc/arm-none-eabi/4.7.4/../../../../arm-none-eabi/lib\libc_s.a(lib_a-mprec.o)
                              c:/isis/application/toolchain/bin/../lib/gcc/arm-none-eabi/4.7.4/../../../../arm-none-eabi/lib\libc_s.a(lib_a-dtoa.o) (_Balloc)
c:/isis/application/toolchain/bin/../lib/gcc/arm-none-eabi/4.7.4/../../../../arm-none-eabi/lib\libc_s.a(lib_a-s_fpclassify.o)
                              c:/isis/application/toolchain/bin/../lib/gcc/arm-none-eabi/4.7.4/../../../../arm-none-eabi/lib\libc_s.a(lib_a-vfprintf_float.o) (__fpclassifyd)
c:/isis/application/toolchain/bin/../lib/gcc/arm-none-eabi/4.7.4/../../../../arm-none-eabi/lib\libc_s.a(lib_a-sbrkr.o)
                              c:/isis/application/toolchain/bin/../lib/gcc/arm-none-eabi/4.7.4/../../../../arm-none-eabi/lib\libc_s.a(lib_a-mallocr.o) (_sbrk_r)
c:/isis/application/toolchain/bin/../lib/gcc/arm-none-eabi/4.7.4/../../../../arm-none-eabi/lib\libc_s.a(lib_a-sf_nan.o)
                              c:/isis/application/toolchain/bin/../lib/gcc/arm-none-eabi/4.7.4/../../../../arm-none-eabi/lib\libc_s.a(lib_a-vfscanf_float.o) (nanf)
c:/isis/application/toolchain/bin/../lib/gcc/arm-none-eabi/4.7.4/../../../../arm-none-eabi/lib\libc_s.a(lib_a-sprintf.o)
                              c:/isis/application/toolchain/bin/../lib/gcc/arm-none-eabi/4.7.4/../../../../arm-none-eabi/lib\libc_s.a(lib_a-vfscanf_float.o) (sprintf)
c:/isis/application/toolchain/bin/../lib/gcc/arm-none-eabi/4.7.4/../../../../arm-none-eabi/lib\libc_s.a(lib_a-strcmp.o)
                              c:/isis/application/toolchain/bin/../lib/gcc/arm-none-eabi/4.7.4/../../../../arm-none-eabi/lib\libc_s.a(lib_a-locale.o) (strcmp)
c:/isis/application/toolchain/bin/../lib/gcc/arm-none-eabi/4.7.4/../../../../arm-none-eabi/lib\libc_s.a(lib_a-strlen.o)
                              c:/isis/application/toolchain/bin/../lib/gcc/arm-none-eabi/4.7.4/../../../../arm-none-eabi/lib\libc_s.a(lib_a-vfprintf_float.o) (strlen)
c:/isis/application/toolchain/bin/../lib/gcc/arm-none-eabi/4.7.4/../../../../arm-none-eabi/lib\libc_s.a(lib_a-strtod.o)
                              c:/isis/application/toolchain/bin/../lib/gcc/arm-none-eabi/4.7.4/../../../../arm-none-eabi/lib\libc_s.a(lib_a-vfscanf_float.o) (_strtod_r)
c:/isis/application/toolchain/bin/../lib/gcc/arm-none-eabi/4.7.4/../../../../arm-none-eabi/lib\libc_s.a(lib_a-strtol.o)
                              c:/isis/application/toolchain/bin/../lib/gcc/arm-none-eabi/4.7.4/../../../../arm-none-eabi/lib\libc_s.a(lib_a-vfscanf_float.o) (_strtol_r)
c:/isis/application/toolchain/bin/../lib/gcc/arm-none-eabi/4.7.4/../../../../arm-none-eabi/lib\libc_s.a(lib_a-svfprintf.o)
                              c:/isis/application/toolchain/bin/../lib/gcc/arm-none-eabi/4.7.4/../../../../arm-none-eabi/lib\libc_s.a(lib_a-sprintf.o) (_svfprintf_r)
[...]
Memory Configuration

Name             Origin             Length             Attributes
sram0            0x00200000         0x00004000         w !xr
sram1            0x00300000         0x00004000         w !xr
sdram            0x20000000         0x02000000         w !xr
*default*        0x00000000         0xffffffff

Linker script and memory map

LOAD c:/isis/application/toolchain/bin/../lib/gcc/arm-none-eabi/4.7.4/../../../../arm-none-eabi/lib\libc_s.a
LOAD ./src/sub-systemCode/payload/Request Management/Dump/Butchering.o
LOAD ./src/sub-systemCode/payload/Request Management/Dump/imageDump.o
LOAD ./src/sub-systemCode/payload/Request Management/CameraManeger.o
LOAD ./src/sub-systemCode/payload/Request Management/DB_RequestHandling.o
LOAD ./src/sub-systemCode/payload/Misc/Boolean_bit.o
LOAD ./src/sub-systemCode/payload/Misc/FileSystem.o
LOAD ./src/sub-systemCode/payload/Drivers/GeckoCameraDriver.o
LOAD ./src/sub-systemCode/payload/DataBase/DataBase.o
LOAD ./src/sub-systemCode/payload/Compression/jpeg/bmp/rawToBMP.o
LOAD ./src/sub-systemCode/payload/Compression/jpeg/DCT.o
LOAD ./src/sub-systemCode/payload/Compression/jpeg/ImgCompressor.o
LOAD ./src/sub-systemCode/payload/Compression/jpeg/color_conv.o
LOAD ./src/sub-systemCode/payload/Compression/jpeg/jpeg.o
LOAD ./src/sub-systemCode/payload/Compression/jpeg/jpeg_encoder.o
LOAD ./src/sub-systemCode/payload/Compression/jpeg/jpeg_memory_alloc.o
LOAD ./src/sub-systemCode/payload/Compression/jpeg/jpeg_params.o
LOAD ./src/sub-systemCode/payload/Compression/jpeg/output_stream.o
LOAD ./src/sub-systemCode/payload/Compression/ImageConversion.o
LOAD ./src/sub-systemCode/Main/CMD/COMM_CMD.o
LOAD ./src/sub-systemCode/Main/CMD/EPS_CMD.o
LOAD ./src/sub-systemCode/Main/CMD/General_CMD.o
LOAD ./src/sub-systemCode/Main/CMD/SW_CMD.o
LOAD ./src/sub-systemCode/Main/CMD/payload_CMD.o
LOAD ./src/sub-systemCode/Main/Ants.o
LOAD ./src/sub-systemCode/Main/EPS.o
LOAD ./src/sub-systemCode/Main/HouseKeeping.o
LOAD ./src/sub-systemCode/Main/Main_Init.o
LOAD ./src/sub-systemCode/Main/commands.o
LOAD ./src/sub-systemCode/Global/Global.o
LOAD ./src/sub-systemCode/Global/GlobalParam.o
LOAD ./src/sub-systemCode/Global/OnlineTM.o
LOAD ./src/sub-systemCode/Global/TLM_management.o
LOAD ./src/sub-systemCode/COMM/APRS.o
LOAD ./src/sub-systemCode/COMM/DelayedCommand_list.o
LOAD ./src/sub-systemCode/COMM/GSC.o
LOAD ./src/sub-systemCode/COMM/TRXVU.o
LOAD ./src/sub-systemCode/ADCS/ADCS.o
LOAD ./src/sub-systemCode/ADCS/Stage_Table.o
LOAD ./src/main.o
LOAD C:/ISIS/workspace/HOOPOE3/satellite-subsystems/demo/..//satellite-subsystems/lib\libSatelliteSubsystemsD.a
LOAD c:/isis/application/toolchain/bin/../lib/gcc/arm-none-eabi/4.7.4/../../../../arm-none-eabi/lib\libm.a
LOAD C:/ISIS/workspace/HOOPOE3/satellite-subsystems/demo/../..//hal/hcc/lib\libHCCD.a
LOAD C:/ISIS/workspace/HOOPOE3/satellite-subsystems/demo/../..//hal/hal/lib\libHALD.a
LOAD C:/ISIS/workspace/HOOPOE3/satellite-subsystems/demo/../..//hal/freertos/lib\libFreeRTOSD.a
LOAD C:/ISIS/workspace/HOOPOE3/satellite-subsystems/demo/../..//hal/at91/lib\libAt91D.a
START GROUP
LOAD c:/isis/application/toolchain/bin/../lib/gcc/arm-none-eabi/4.7.4\libgcc.a
LOAD c:/isis/application/toolchain/bin/../lib/gcc/arm-none-eabi/4.7.4/../../../../arm-none-eabi/lib\libc_s.a
END GROUP

.fixed          0x20000000    0x495b8
                0x20000000                . = ALIGN (0x4)
                0x20000000                _sfixed = .
 *(.startup)
 .startup       0x20000000      0x134 C:/ISIS/workspace/HOOPOE3/satellite-subsystems/demo/../..//hal/at91/lib\libAt91D.a(board_cstartup.o)
                0x20000000                entry
 *(.text)
 .text          0x20000134       0x64 C:/ISIS/workspace/HOOPOE3/satellite-subsystems/demo/../..//hal/at91/lib\libAt91D.a(cp15_asm.o)
                0x20000134                _readControlRegister
                0x20000140                _writeControlRegister
                0x20000148                _waitForInterrupt
                0x20000154                _writeTTB
                0x2000015c                _writeDomain
                0x20000164                _writeITLBLockdown
                0x2000016c                _prefetchICacheLine
                0x20000174                _flushDCache
                0x20000180                _flushWriteBuffer
                0x2000018c                _invalidateIDTLBs
 .text          0x20000198      0x114 c:/isis/application/toolchain/bin/../lib/gcc/arm-none-eabi/4.7.4\libgcc.a(_udivsi3.o)
                0x20000198                __aeabi_uidiv
                0x20000198                __udivsi3
                0x2000028c                __aeabi_uidivmod
 .text          0x200002ac      0x148 c:/isis/application/toolchain/bin/../lib/gcc/arm-none-eabi/4.7.4\libgcc.a(_divsi3.o)
                0x200002ac                __divsi3
                0x200002ac                __aeabi_idiv
                0x200003d4                __aeabi_idivmod
 .text          0x200003f4        0x4 c:/isis/application/toolchain/bin/../lib/gcc/arm-none-eabi/4.7.4\libgcc.a(_dvmd_tls.o)
                0x200003f4                __aeabi_idiv0
                0x200003f4                __aeabi_ldiv0
 .text          0x200003f8      0x41c c:/isis/application/toolchain/bin/../lib/gcc/arm-none-eabi/4.7.4\libgcc.a(_arm_addsubdf3.o)
                0x200003f8                __aeabi_drsub
                0x20000400                __aeabi_dsub
                0x20000400                __subdf3
                0x20000404                __aeabi_dadd
                0x20000404                __adddf3
                0x20000714                __floatunsidf
                0x20000714                __aeabi_ui2d
                0x20000738                __floatsidf
                0x20000738                __aeabi_i2d
                0x20000760                __aeabi_f2d
                0x20000760                __extendsfdf2
                0x200007a0                __floatundidf
                0x200007a0                __aeabi_ul2d
                0x200007b4                __floatdidf
                0x200007b4                __aeabi_l2d
 .text          0x20000814      0x49c c:/isis/application/toolchain/bin/../lib/gcc/arm-none-eabi/4.7.4\libgcc.a(_arm_muldivdf3.o)
                0x20000814                __aeabi_dmul
                0x20000814                __muldf3
                0x20000aa4                __divdf3
                0x20000aa4                __aeabi_ddiv
 .text          0x20000cb0      0x144 c:/isis/application/toolchain/bin/../lib/gcc/arm-none-eabi/4.7.4\libgcc.a(_arm_cmpdf2.o)
                0x20000cb0                __gtdf2
                0x20000cb0                __gedf2
                0x20000cb8                __ltdf2
                0x20000cb8                __ledf2
                0x20000cc0                __nedf2
                0x20000cc0                __eqdf2
                0x20000cc0                __cmpdf2
                0x20000d48                __aeabi_cdrcmple
                0x20000d64                __aeabi_cdcmpeq
                0x20000d64                __aeabi_cdcmple
                0x20000d7c                __aeabi_dcmpeq
                0x20000d94                __aeabi_dcmplt
                0x20000dac                __aeabi_dcmple
                0x20000dc4                __aeabi_dcmpge
                0x20000ddc                __aeabi_dcmpgt
 .text          0x20000df4       0x5c c:/isis/application/toolchain/bin/../lib/gcc/arm-none-eabi/4.7.4\libgcc.a(_arm_fixdfsi.o)
                0x20000df4                __aeabi_d2iz
                0x20000df4                __fixdfsi
 .text          0x20000e50       0x54 c:/isis/application/toolchain/bin/../lib/gcc/arm-none-eabi/4.7.4\libgcc.a(_arm_fixunsdfsi.o)
                0x20000e50                __aeabi_d2uiz
                0x20000e50                __fixunsdfsi
 .text          0x20000ea4       0xa0 c:/isis/application/toolchain/bin/../lib/gcc/arm-none-eabi/4.7.4\libgcc.a(_arm_truncdfsf2.o)
                0x20000ea4                __truncdfsf2
                0x20000ea4                __aeabi_d2f
 .text          0x20000f44      0x2ac c:/isis/application/toolchain/bin/../lib/gcc/arm-none-eabi/4.7.4\libgcc.a(_arm_addsubsf3.o)
                0x20000f44                __aeabi_frsub
                0x20000f4c                __subsf3
                0x20000f4c                __aeabi_fsub
                0x20000f50                __aeabi_fadd
                0x20000f50                __addsf3
                0x2000110c                __aeabi_ui2f
                0x2000110c                __floatunsisf
                0x20001114                __aeabi_i2f
                0x20001114                __floatsisf
                0x20001134                __aeabi_ul2f
                0x20001134                __floatundisf
                0x20001144                __aeabi_l2f
                0x20001144                __floatdisf
 .text          0x200011f0       0x5c c:/isis/application/toolchain/bin/../lib/gcc/arm-none-eabi/4.7.4\libgcc.a(_arm_fixsfsi.o)
                0x200011f0                __aeabi_f2iz
                0x200011f0                __fixsfsi
 *(.text*)
 .text.__cvt    0x2000124c      0x138 c:/isis/application/toolchain/bin/../lib/gcc/arm-none-eabi/4.7.4/../../../../arm-none-eabi/lib\libc_s.a(lib_a-vfprintf_float.o)
                0x2000124c                __cvt
 .text.__exponent
                0x20001384       0xa8 c:/isis/application/toolchain/bin/../lib/gcc/arm-none-eabi/4.7.4/../../../../arm-none-eabi/lib\libc_s.a(lib_a-vfprintf_float.o)
                0x20001384                __exponent
 .text._printf_float
                0x2000142c      0x7dc c:/isis/application/toolchain/bin/../lib/gcc/arm-none-eabi/4.7.4/../../../../arm-none-eabi/lib\libc_s.a(lib_a-vfprintf_float.o)
                0x2000142c                _printf_float
 .text._printf_common
                0x20001c08      0x174 c:/isis/application/toolchain/bin/../lib/gcc/arm-none-eabi/4.7.4/../../../../arm-none-eabi/lib\libc_s.a(lib_a-vfprintf_i.o)
                0x20001c08                _printf_common
 .text._printf_i
                0x20001d7c      0x3c4 c:/isis/application/toolchain/bin/../lib/gcc/arm-none-eabi/4.7.4/../../../../arm-none-eabi/lib\libc_s.a(lib_a-vfprintf_i.o)
                0x20001d7c                _printf_i
 .text._scanf_float
                0x20002140      0x5f4 c:/isis/application/toolchain/bin/../lib/gcc/arm-none-eabi/4.7.4/../../../../arm-none-eabi/lib\libc_s.a(lib_a-vfscanf_float.o)
                0x20002140                _scanf_float
 .text.quorem   0x20002734      0x1ac c:/isis/application/toolchain/bin/../lib/gcc/arm-none-eabi/4.7.4/../../../../arm-none-eabi/lib\libc_s.a(lib_a-dtoa.o)
 .text._dtoa_r  0x200028e0     0x1268 c:/isis/application/toolchain/bin/../lib/gcc/arm-none-eabi/4.7.4/../../../../arm-none-eabi/lib\libc_s.a(lib_a-dtoa.o)
                0x200028e0                _dtoa_r
 .text._localeconv_r
                0x20003b48        0xc c:/isis/application/toolchain/bin/../lib/gcc/arm-none-eabi/4.7.4/../../../../arm-none-eabi/lib\libc_s.a(lib_a-locale.o)
                0x20003b48                _localeconv_r
 .text.malloc   0x20003b54       0x20 c:/isis/application/toolchain/bin/../lib/gcc/arm-none-eabi/4.7.4/../../../../arm-none-eabi/lib\libc_s.a(lib_a-malloc.o)
                0x20003b54                malloc
 .text.free     0x20003b74       0x20 c:/isis/application/toolchain/bin/../lib/gcc/arm-none-eabi/4.7.4/../../../../arm-none-eabi/lib\libc_s.a(lib_a-malloc.o)
                0x20003b74                free
 .text._malloc_r
                0x20003b94       0xfc c:/isis/application/toolchain/bin/../lib/gcc/arm-none-eabi/4.7.4/../../../../arm-none-eabi/lib\libc_s.a(lib_a-mallocr.o)
                0x20003b94                _malloc_r
 .text.memcpy   0x20003c90       0x20 c:/isis/application/toolchain/bin/../lib/gcc/arm-none-eabi/4.7.4/../../../../arm-none-eabi/lib\libc_s.a(lib_a-memcpy.o)
                0x20003c90                memcpy
 .text._Balloc  0x20003cb0       0xcc c:/isis/application/toolchain/bin/../lib/gcc/arm-none-eabi/4.7.4/../../../../arm-none-eabi/lib\libc_s.a(lib_a-mprec.o)
                0x20003cb0                _Balloc
 .text._Bfree   0x20003d7c       0x5c c:/isis/application/toolchain/bin/../lib/gcc/arm-none-eabi/4.7.4/../../../../arm-none-eabi/lib\libc_s.a(lib_a-mprec.o)
                0x20003d7c                _Bfree
 .text.__multadd
                0x20003dd8       0xbc c:/isis/application/toolchain/bin/../lib/gcc/arm-none-eabi/4.7.4/../../../../arm-none-eabi/lib\libc_s.a(lib_a-mprec.o)
                0x20003dd8                __multadd
 .text.__s2b    0x20003e94       0xd8 c:/isis/application/toolchain/bin/../lib/gcc/arm-none-eabi/4.7.4/../../../../arm-none-eabi/lib\libc_s.a(lib_a-mprec.o)
                0x20003e94                __s2b
 .text.__hi0bits
                0x20003f6c       0x58 c:/isis/application/toolchain/bin/../lib/gcc/arm-none-eabi/4.7.4/../../../../arm-none-eabi/lib\libc_s.a(lib_a-mprec.o)
                0x20003f6c                __hi0bits
 .text.__lo0bits
                0x20003fc4       0x94 c:/isis/application/toolchain/bin/../lib/gcc/arm-none-eabi/4.7.4/../../../../arm-none-eabi/lib\libc_s.a(lib_a-mprec.o)
                0x20003fc4                __lo0bits
 .text.__i2b    0x20004058       0x24 c:/isis/application/toolchain/bin/../lib/gcc/arm-none-eabi/4.7.4/../../../../arm-none-eabi/lib\libc_s.a(lib_a-mprec.o)
                0x20004058                __i2b
 .text.__multiply
                0x2000407c      0x1ac c:/isis/application/toolchain/bin/../lib/gcc/arm-none-eabi/4.7.4/../../../../arm-none-eabi/lib\libc_s.a(lib_a-mprec.o)
                0x2000407c                __multiply
 .text.__pow5mult
                0x20004228      0x10c c:/isis/application/toolchain/bin/../lib/gcc/arm-none-eabi/4.7.4/../../../../arm-none-eabi/lib\libc_s.a(lib_a-mprec.o)
                0x20004228                __pow5mult
 .text.__lshift
                0x20004334       0xf0 c:/isis/application/toolchain/bin/../lib/gcc/arm-none-eabi/4.7.4/../../../../arm-none-eabi/lib\libc_s.a(lib_a-mprec.o)
                0x20004334                __lshift
 .text.__mcmp   0x20004424       0x60 c:/isis/application/toolchain/bin/../lib/gcc/arm-none-eabi/4.7.4/../../../../arm-none-eabi/lib\libc_s.a(lib_a-mprec.o)
                0x20004424                __mcmp
 .text.__mdiff  0x20004484      0x128 c:/isis/application/toolchain/bin/../lib/gcc/arm-none-eabi/4.7.4/../../../../arm-none-eabi/lib\libc_s.a(lib_a-mprec.o)
                0x20004484                __mdiff
 .text.__ulp    0x200045ac       0x5c c:/isis/application/toolchain/bin/../lib/gcc/arm-none-eabi/4.7.4/../../../../arm-none-eabi/lib\libc_s.a(lib_a-mprec.o)
                0x200045ac                __ulp
 .text.__b2d    0x20004608       0xc8 c:/isis/application/toolchain/bin/../lib/gcc/arm-none-eabi/4.7.4/../../../../arm-none-eabi/lib\libc_s.a(lib_a-mprec.o)
                0x20004608                __b2d
 .text.__d2b    0x200046d0       0xfc c:/isis/application/toolchain/bin/../lib/gcc/arm-none-eabi/4.7.4/../../../../arm-none-eabi/lib\libc_s.a(lib_a-mprec.o)
                0x200046d0                __d2b
 .text.__ratio  0x200047cc       0x70 c:/isis/application/toolchain/bin/../lib/gcc/arm-none-eabi/4.7.4/../../../../arm-none-eabi/lib\libc_s.a(lib_a-mprec.o)
                0x200047cc                __ratio
 .text.__copybits
                0x2000483c       0x4c c:/isis/application/toolchain/bin/../lib/gcc/arm-none-eabi/4.7.4/../../../../arm-none-eabi/lib\libc_s.a(lib_a-mprec.o)
                0x2000483c                __copybits
 .text.__any_on
                0x20004888       0x7c c:/isis/application/toolchain/bin/../lib/gcc/arm-none-eabi/4.7.4/../../../../arm-none-eabi/lib\libc_s.a(lib_a-mprec.o)
                0x20004888                __any_on
 .text.__fpclassifyd
                0x20004904       0x6c c:/isis/application/toolchain/bin/../lib/gcc/arm-none-eabi/4.7.4/../../../../arm-none-eabi/lib\libc_s.a(lib_a-s_fpclassify.o)
                0x20004904                __fpclassifyd
 .text._sbrk_r  0x20004970       0x3c c:/isis/application/toolchain/bin/../lib/gcc/arm-none-eabi/4.7.4/../../../../arm-none-eabi/lib\libc_s.a(lib_a-sbrkr.o)
                0x20004970                _sbrk_r
 .text.nanf     0x200049ac        0xc c:/isis/application/toolchain/bin/../lib/gcc/arm-none-eabi/4.7.4/../../../../arm-none-eabi/lib\libc_s.a(lib_a-sf_nan.o)
                0x200049ac                nanf
 .text.sprintf  0x200049b8       0x6c c:/isis/application/toolchain/bin/../lib/gcc/arm-none-eabi/4.7.4/../../../../arm-none-eabi/lib\libc_s.a(lib_a-sprintf.o)
                0x200049b8                siprintf
                0x200049b8                sprintf
 .text.strcmp   0x20004a24       0x1c c:/isis/application/toolchain/bin/../lib/gcc/arm-none-eabi/4.7.4/../../../../arm-none-eabi/lib\libc_s.a(lib_a-strcmp.o)
                0x20004a24                strcmp
 .text.strlen   0x20004a40       0x1c c:/isis/application/toolchain/bin/../lib/gcc/arm-none-eabi/4.7.4/../../../../arm-none-eabi/lib\libc_s.a(lib_a-strlen.o)
                0x20004a40                strlen
 .text.match    0x20004a5c       0x54 c:/isis/application/toolchain/bin/../lib/gcc/arm-none-eabi/4.7.4/../../../../arm-none-eabi/lib\libc_s.a(lib_a-strtod.o)
 .text._strtod_r
                0x20004ab0     0x1168 c:/isis/application/toolchain/bin/../lib/gcc/arm-none-eabi/4.7.4/../../../../arm-none-eabi/lib\libc_s.a(lib_a-strtod.o)
                0x20004ab0                _strtod_r
 .text._strtol_r
                0x20005c18      0x1b8 c:/isis/application/toolchain/bin/../lib/gcc/arm-none-eabi/4.7.4/../../../../arm-none-eabi/lib\libc_s.a(lib_a-strtol.o)
                0x20005c18                _strtol_r
 .text.__ssputc_r
                0x20005dd0      0x10c c:/isis/application/toolchain/bin/../lib/gcc/arm-none-eabi/4.7.4/../../../../arm-none-eabi/lib\libc_s.a(lib_a-svfprintf.o)
                0x20005dd0                __ssputc_r
 .text._svfprintf_r
                0x20005edc      0x328 c:/isis/application/toolchain/bin/../lib/gcc/arm-none-eabi/4.7.4/../../../../arm-none-eabi/lib\libc_s.a(lib_a-svfprintf.o)
                0x20005edc                _svfiprintf_r
                0x20005edc                _svfprintf_r
 .text._calloc_r
                0x20006204       0x2c c:/isis/application/toolchain/bin/../lib/gcc/arm-none-eabi/4.7.4/../../../../arm-none-eabi/lib\libc_s.a(lib_a-callocr.o)
                0x20006204                _calloc_r
 .text._free_r  0x20006230      0x108 c:/isis/application/toolchain/bin/../lib/gcc/arm-none-eabi/4.7.4/../../../../arm-none-eabi/lib\libc_s.a(lib_a-freer.o)
                0x20006230                _free_r
 .text.rshift   0x20006338       0xb0 c:/isis/application/toolchain/bin/../lib/gcc/arm-none-eabi/4.7.4/../../../../arm-none-eabi/lib\libc_s.a(lib_a-gdtoa-gethex.o)
 .text.htinit.constprop.0
                0x200063e8       0x34 c:/isis/application/toolchain/bin/../lib/gcc/arm-none-eabi/4.7.4/../../../../arm-none-eabi/lib\libc_s.a(lib_a-gdtoa-gethex.o)
 .text.__hexdig_init
                0x2000641c       0x38 c:/isis/application/toolchain/bin/../lib/gcc/arm-none-eabi/4.7.4/../../../../arm-none-eabi/lib\libc_s.a(lib_a-gdtoa-gethex.o)
                0x2000641c                __hexdig_init
 .text.__gethex
                0x20006454      0x6cc c:/isis/application/toolchain/bin/../lib/gcc/arm-none-eabi/4.7.4/../../../../arm-none-eabi/lib\libc_s.a(lib_a-gdtoa-gethex.o)
                0x20006454                __gethex
 .text.L_shift  0x20006b20       0x38 c:/isis/application/toolchain/bin/../lib/gcc/arm-none-eabi/4.7.4/../../../../arm-none-eabi/lib\libc_s.a(lib_a-gdtoa-hexnan.o)
 .text.__hexnan
                0x20006b58      0x1d8 c:/isis/application/toolchain/bin/../lib/gcc/arm-none-eabi/4.7.4/../../../../arm-none-eabi/lib\libc_s.a(lib_a-gdtoa-hexnan.o)
                0x20006b58                __hexnan
 .text.memchr   0x20006d30       0x34 c:/isis/application/toolchain/bin/../lib/gcc/arm-none-eabi/4.7.4/../../../../arm-none-eabi/lib\libc_s.a(lib_a-memchr.o)
                0x20006d30                memchr
 .text.memset   0x20006d64       0x1c c:/isis/application/toolchain/bin/../lib/gcc/arm-none-eabi/4.7.4/../../../../arm-none-eabi/lib\libc_s.a(lib_a-memset.o)
                0x20006d64                memset
 .text._realloc_r
                0x20006d80       0x80 c:/isis/application/toolchain/bin/../lib/gcc/arm-none-eabi/4.7.4/../../../../arm-none-eabi/lib\libc_s.a(lib_a-reallocr.o)
                0x20006d80                _realloc_r
 .text.strncmp  0x20006e00       0x64 c:/isis/application/toolchain/bin/../lib/gcc/arm-none-eabi/4.7.4/../../../../arm-none-eabi/lib\libc_s.a(lib_a-strncmp.o)
                0x20006e00                strncmp
 .text._malloc_usable_size_r
                0x20006e64       0x1c c:/isis/application/toolchain/bin/../lib/gcc/arm-none-eabi/4.7.4/../../../../arm-none-eabi/lib\libc_s.a(lib_a-msizer.o)
                0x20006e64                _malloc_usable_size_r
 .text.GetChunkFromImage
                0x20006e80      0x2d0 ./src/sub-systemCode/payload/Request Management/Dump/Butchering.o
                0x20006e80                GetChunkFromImage
 .text.SimpleButcher
                0x20007150       0xf4 ./src/sub-systemCode/payload/Request Management/Dump/Butchering.o
                0x20007150                SimpleButcher
 .text.find_subType_ofImage
                0x20007244       0xe0 ./src/sub-systemCode/payload/Request Management/Dump/imageDump.o
                0x20007244                find_subType_ofImage
 .text.buildAndSend_chunck
                0x20007324      0x29c ./src/sub-systemCode/payload/Request Management/Dump/imageDump.o
                0x20007324                buildAndSend_chunck
 .text.bitField_imageDump
                0x200075c0      0x1d8 ./src/sub-systemCode/payload/Request Management/Dump/imageDump.o
                0x200075c0                bitField_imageDump
 .text.thumbnail_Dump
                0x20007798      0x1f8 ./src/sub-systemCode/payload/Request Management/Dump/imageDump.o
                0x20007798                thumbnail_Dump
 .text.imageDataBase_Dump
                0x20007990      0x12c ./src/sub-systemCode/payload/Request Management/Dump/imageDump.o
                0x20007990                imageDataBase_Dump
 .text.chunkField_imageDump
                0x20007abc      0x1cc ./src/sub-systemCode/payload/Request Management/Dump/imageDump.o
                0x20007abc                chunkField_imageDump
 .text.imageDump_task
                0x20007c88      0x408 ./src/sub-systemCode/payload/Request Management/Dump/imageDump.o
                0x20007c88                imageDump_task
 .text.CameraManagerTaskMain
                0x20008090      0x100 ./src/sub-systemCode/payload/Request Management/CameraManeger.o
                0x20008090                CameraManagerTaskMain
 .text.initCamera
                0x20008190       0x70 ./src/sub-systemCode/payload/Request Management/CameraManeger.o
                0x20008190                initCamera
 .text.KickStartCamera
                0x20008200       0xb4 ./src/sub-systemCode/payload/Request Management/CameraManeger.o
                0x20008200                KickStartCamera
 .text.addRequestToQueue
                0x200082b4       0xa8 ./src/sub-systemCode/payload/Request Management/CameraManeger.o
                0x200082b4                addRequestToQueue
 .text.removeRequestFromQueue
                0x2000835c       0x7c ./src/sub-systemCode/payload/Request Management/CameraManeger.o
                0x2000835c                removeRequestFromQueue
 .text.Take_pictures_with_time_in_between
                0x200083d8       0xa4 ./src/sub-systemCode/payload/Request Management/CameraManeger.o
                0x200083d8                Take_pictures_with_time_in_between
 .text.Gecko_TroubleShooter
                0x2000847c       0xdc ./src/sub-systemCode/payload/Request Management/CameraManeger.o
                0x2000847c                Gecko_TroubleShooter
 .text.handleDump
                0x20008558      0x108 ./src/sub-systemCode/payload/Request Management/CameraManeger.o
                0x20008558                handleDump
 .text.act_upon_request
                0x20008660      0x2f0 ./src/sub-systemCode/payload/Request Management/CameraManeger.o
                0x20008660                act_upon_request
 .text.TakePicture
                0x20008950       0x4c ./src/sub-systemCode/payload/Request Management/DB_RequestHandling.o
                0x20008950                TakePicture
 .text.TakeSpecialPicture
                0x2000899c      0x10c ./src/sub-systemCode/payload/Request Management/DB_RequestHandling.o
                0x2000899c                TakeSpecialPicture
 .text.DeletePictureFile
                0x20008aa8       0x88 ./src/sub-systemCode/payload/Request Management/DB_RequestHandling.o
                0x20008aa8                DeletePictureFile
 .text.DeletePicture
                0x20008b30       0x68 ./src/sub-systemCode/payload/Request Management/DB_RequestHandling.o
                0x20008b30                DeletePicture
 .text.TransferPicture
                0x20008b98       0x54 ./src/sub-systemCode/payload/Request Management/DB_RequestHandling.o
                0x20008b98                TransferPicture
 .text.CreateThumbnail
                0x20008bec       0x90 ./src/sub-systemCode/payload/Request Management/DB_RequestHandling.o
                0x20008bec                CreateThumbnail
 .text.CreateJPG
                0x20008c7c       0x7c ./src/sub-systemCode/payload/Request Management/DB_RequestHandling.o
                0x20008c7c                CreateJPG
 .text.UpdatePhotographyValues
                0x20008cf8       0xb4 ./src/sub-systemCode/payload/Request Management/DB_RequestHandling.o
                0x20008cf8                UpdatePhotographyValues
 .text.convert2char
                0x20008dac      0x14c ./src/sub-systemCode/payload/Misc/Boolean_bit.o
                0x20008dac                convert2char
 .text.convert2byte
                0x20008ef8      0x1c8 ./src/sub-systemCode/payload/Misc/Boolean_bit.o
                0x20008ef8                convert2byte
 .text.bits2byte
                0x200090c0      0x17c ./src/sub-systemCode/payload/Misc/Boolean_bit.o
                0x200090c0                bits2byte
 .text.byte2bits
                0x2000923c      0x17c ./src/sub-systemCode/payload/Misc/Boolean_bit.o
                0x2000923c                byte2bits
 .text.char2bits
                0x200093b8       0x44 ./src/sub-systemCode/payload/Misc/Boolean_bit.o
                0x200093b8                char2bits
 .text.bits2char
                0x200093fc       0x3c ./src/sub-systemCode/payload/Misc/Boolean_bit.o
                0x200093fc                bits2char
 .text.keepTryingTo_enterFS
                0x20009438       0x38 ./src/sub-systemCode/payload/Misc/FileSystem.o
                0x20009438                keepTryingTo_enterFS
 .text.releaseFS
                0x20009470       0x3c ./src/sub-systemCode/payload/Misc/FileSystem.o
                0x20009470                releaseFS
 .text.OpenFile
                0x200094ac       0x58 ./src/sub-systemCode/payload/Misc/FileSystem.o
                0x200094ac                OpenFile
 .text.CloseFile
                0x20009504       0x48 ./src/sub-systemCode/payload/Misc/FileSystem.o
                0x20009504                CloseFile
 .text.DeleteFile
                0x2000954c       0x64 ./src/sub-systemCode/payload/Misc/FileSystem.o
                0x2000954c                DeleteFile
 .text.ReadFromFile
                0x200095b0       0x80 ./src/sub-systemCode/payload/Misc/FileSystem.o
                0x200095b0                ReadFromFile
 .text.WriteToFile
                0x20009630       0xbc ./src/sub-systemCode/payload/Misc/FileSystem.o
                0x20009630                WriteToFile
 .text.Initialized_GPIO
                0x200096ec       0x54 ./src/sub-systemCode/payload/Drivers/GeckoCameraDriver.o
                0x200096ec                Initialized_GPIO
 .text.TurnOnGecko
                0x20009740      0x128 ./src/sub-systemCode/payload/Drivers/GeckoCameraDriver.o
                0x20009740                TurnOnGecko
 .text.TurnOffGecko
                0x20009868       0xc0 ./src/sub-systemCode/payload/Drivers/GeckoCameraDriver.o
                0x20009868                TurnOffGecko
 .text.initGecko
                0x20009928       0x3c ./src/sub-systemCode/payload/Drivers/GeckoCameraDriver.o
                0x20009928                initGecko
 .text.GECKO_TakeImage
                0x20009964      0x2c4 ./src/sub-systemCode/payload/Drivers/GeckoCameraDriver.o
                0x20009964                GECKO_TakeImage
 .text.GECKO_ReadImage
                0x20009c28      0x1f8 ./src/sub-systemCode/payload/Drivers/GeckoCameraDriver.o
                0x20009c28                GECKO_ReadImage
 .text.GECKO_EraseBlock
                0x20009e20       0xc0 ./src/sub-systemCode/payload/Drivers/GeckoCameraDriver.o
                0x20009e20                GECKO_EraseBlock
 .text.getFileName
                0x20009ee0      0x1a0 ./src/sub-systemCode/payload/DataBase/DataBase.o
 .text.zeroImageDataBase
                0x2000a080       0x84 ./src/sub-systemCode/payload/DataBase/DataBase.o
                0x2000a080                zeroImageDataBase
 .text.updateGeneralDataBaseParameters
                0x2000a104       0x5c ./src/sub-systemCode/payload/DataBase/DataBase.o
                0x2000a104                updateGeneralDataBaseParameters
 .text.SearchDataBase_byID
                0x2000a160      0x220 ./src/sub-systemCode/payload/DataBase/DataBase.o
                0x2000a160                SearchDataBase_byID
 .text.SearchDataBase_byMark
                0x2000a380       0xa4 ./src/sub-systemCode/payload/DataBase/DataBase.o
                0x2000a380                SearchDataBase_byMark
 .text.checkForFileType
                0x2000a424       0x68 ./src/sub-systemCode/payload/DataBase/DataBase.o
                0x2000a424                checkForFileType
 .text.updateFileTypes
                0x2000a48c       0xbc ./src/sub-systemCode/payload/DataBase/DataBase.o
                0x2000a48c                updateFileTypes
 .text.GetImageFactor
                0x2000a548       0x58 ./src/sub-systemCode/payload/DataBase/DataBase.o
                0x2000a548                GetImageFactor
 .text.readImageToBuffer
                0x2000a5a0      0x120 ./src/sub-systemCode/payload/DataBase/DataBase.o
                0x2000a5a0                readImageToBuffer
 .text.saveImageFromBuffer
                0x2000a6c0      0x120 ./src/sub-systemCode/payload/DataBase/DataBase.o
                0x2000a6c0                saveImageFromBuffer
 .text.getDataBaseStart
                0x2000a7e0       0x20 ./src/sub-systemCode/payload/DataBase/DataBase.o
                0x2000a7e0                getDataBaseStart
 .text.setDataBaseValues
                0x2000a800      0x1d8 ./src/sub-systemCode/payload/DataBase/DataBase.o
                0x2000a800                setDataBaseValues
 .text.initImageDataBase
                0x2000a9d8      0x1b0 ./src/sub-systemCode/payload/DataBase/DataBase.o
                0x2000a9d8                initImageDataBase
 .text.resetImageDataBase
                0x2000ab88       0x98 ./src/sub-systemCode/payload/DataBase/DataBase.o
                0x2000ab88                resetImageDataBase
 .text.setCameraPhotographyValues
                0x2000ac20      0x10c ./src/sub-systemCode/payload/DataBase/DataBase.o
                0x2000ac20                setCameraPhotographyValues
 .text.transferImageToSD_withoutSearch
                0x2000ad2c      0x1b8 ./src/sub-systemCode/payload/DataBase/DataBase.o
                0x2000ad2c                transferImageToSD_withoutSearch
 .text.transferImageToSD
                0x2000aee4       0xb4 ./src/sub-systemCode/payload/DataBase/DataBase.o
                0x2000aee4                transferImageToSD
 .text.DeleteImageFromOBC_withoutSearch
                0x2000af98       0xe0 ./src/sub-systemCode/payload/DataBase/DataBase.o
                0x2000af98                DeleteImageFromOBC_withoutSearch
 .text.DeleteImageFromOBC
                0x2000b078       0xb4 ./src/sub-systemCode/payload/DataBase/DataBase.o
                0x2000b078                DeleteImageFromOBC
 .text.DeleteImageFromPayload
                0x2000b12c      0x24c ./src/sub-systemCode/payload/DataBase/DataBase.o
                0x2000b12c                DeleteImageFromPayload
 .text.clearImageDataBase
                0x2000b378      0x13c ./src/sub-systemCode/payload/DataBase/DataBase.o
                0x2000b378                clearImageDataBase
 .text.handleMarkedPictures
                0x2000b4b4      0x1f4 ./src/sub-systemCode/payload/DataBase/DataBase.o
                0x2000b4b4                handleMarkedPictures
 .text.writeNewImageMetaDataToFRAM
                0x2000b6a8      0x234 ./src/sub-systemCode/payload/DataBase/DataBase.o
                0x2000b6a8                writeNewImageMetaDataToFRAM
 .text.takePicture
                0x2000b8dc      0x31c ./src/sub-systemCode/payload/DataBase/DataBase.o
                0x2000b8dc                takePicture
 .text.takePicture_withSpecialParameters
                0x2000bbf8       0xbc ./src/sub-systemCode/payload/DataBase/DataBase.o
                0x2000bbf8                takePicture_withSpecialParameters
 .text.GetImageFileName
                0x2000bcb4       0xc0 ./src/sub-systemCode/payload/DataBase/DataBase.o
                0x2000bcb4                GetImageFileName
 .text.getImageDataBaseBuffer
                0x2000bd74      0x3fc ./src/sub-systemCode/payload/DataBase/DataBase.o
                0x2000bd74                getImageDataBaseBuffer
 .text.get_ID_list_withDefaltThumbnail
                0x2000c170      0x180 ./src/sub-systemCode/payload/DataBase/DataBase.o
                0x2000c170                get_ID_list_withDefaltThumbnail
 .text.TransformRawToBMP
                0x2000c2f0      0x1a8 ./src/sub-systemCode/payload/Compression/jpeg/bmp/rawToBMP.o
                0x2000c2f0                TransformRawToBMP
 .text.interpolate
                0x2000c498      0x8d0 ./src/sub-systemCode/payload/Compression/jpeg/bmp/rawToBMP.o
                0x2000c498                interpolate
 .text.getInputAt
                0x2000cd68      0x308 ./src/sub-systemCode/payload/Compression/jpeg/bmp/rawToBMP.o
                0x2000cd68                getInputAt
 .text.f_writeF_FILEHeader
                0x2000d070      0x2f0 ./src/sub-systemCode/payload/Compression/jpeg/bmp/rawToBMP.o
                0x2000d070                f_writeF_FILEHeader
 .text.f_writeOutputRow
                0x2000d360       0xbc ./src/sub-systemCode/payload/Compression/jpeg/bmp/rawToBMP.o
                0x2000d360                f_writeOutputRow
 .text.dct      0x2000d41c      0x9c4 ./src/sub-systemCode/payload/Compression/jpeg/DCT.o
                0x2000d41c                dct
 .text.JPEG_compressor
                0x2000dde0       0xf8 ./src/sub-systemCode/payload/Compression/jpeg/ImgCompressor.o
                0x2000dde0                JPEG_compressor
 .text.Create_BMP_File
                0x2000ded8       0xd8 ./src/sub-systemCode/payload/Compression/jpeg/ImgCompressor.o
                0x2000ded8                Create_BMP_File
 .text.CompressImage
                0x2000dfb0      0x1b4 ./src/sub-systemCode/payload/Compression/jpeg/ImgCompressor.o
                0x2000dfb0                CompressImage
 .text.clamp    0x2000e164       0x60 ./src/sub-systemCode/payload/Compression/jpeg/color_conv.o
                0x2000e164                clamp
 .text.RGB_to_YCC
                0x2000e1c4      0x1a8 ./src/sub-systemCode/payload/Compression/jpeg/color_conv.o
                0x2000e1c4                RGB_to_YCC
 .text.RGB_to_Y
                0x2000e36c       0xc4 ./src/sub-systemCode/payload/Compression/jpeg/color_conv.o
                0x2000e36c                RGB_to_Y
 .text.Y_to_YCC
                0x2000e430       0x88 ./src/sub-systemCode/payload/Compression/jpeg/color_conv.o
                0x2000e430                Y_to_YCC
 .text.compress_image_to_jpeg_file
                0x2000e4b8      0x184 ./src/sub-systemCode/payload/Compression/jpeg/jpeg.o
                0x2000e4b8                compress_image_to_jpeg_file
 .text.emit_marker
                0x2000e63c       0xc8 ./src/sub-systemCode/payload/Compression/jpeg/jpeg_encoder.o
                0x2000e63c                emit_marker
 .text.emit_byte
                0x2000e704       0x6c ./src/sub-systemCode/payload/Compression/jpeg/jpeg_encoder.o
                0x2000e704                emit_byte
 .text.emit_word
                0x2000e770       0xd0 ./src/sub-systemCode/payload/Compression/jpeg/jpeg_encoder.o
                0x2000e770                emit_word
 .text.emit_jfif_app0
                0x2000e840       0xc0 ./src/sub-systemCode/payload/Compression/jpeg/jpeg_encoder.o
                0x2000e840                emit_jfif_app0
 .text.emit_dqt
                0x2000e900       0xd8 ./src/sub-systemCode/payload/Compression/jpeg/jpeg_encoder.o
                0x2000e900                emit_dqt
 .text.emit_sof
                0x2000e9d8      0x14c ./src/sub-systemCode/payload/Compression/jpeg/jpeg_encoder.o
                0x2000e9d8                emit_sof
 .text.emit_dht
                0x2000eb24      0x138 ./src/sub-systemCode/payload/Compression/jpeg/jpeg_encoder.o
                0x2000eb24                emit_dht
 .text.emit_dhts
                0x2000ec5c       0xd8 ./src/sub-systemCode/payload/Compression/jpeg/jpeg_encoder.o
                0x2000ec5c                emit_dhts
 .text.emit_sos
                0x2000ed34       0xec ./src/sub-systemCode/payload/Compression/jpeg/jpeg_encoder.o
                0x2000ed34                emit_sos
 .text.emit_markers
                0x2000ee20       0x4c ./src/sub-systemCode/payload/Compression/jpeg/jpeg_encoder.o
                0x2000ee20                emit_markers
 .text.compute_huffman_table
                0x2000ee6c      0x334 ./src/sub-systemCode/payload/Compression/jpeg/jpeg_encoder.o
                0x2000ee6c                compute_huffman_table
 .text.compute_quant_table
                0x2000f1a0      0x11c ./src/sub-systemCode/payload/Compression/jpeg/jpeg_encoder.o
                0x2000f1a0                compute_quant_table
 .text.first_pass_init
                0x2000f2bc       0x54 ./src/sub-systemCode/payload/Compression/jpeg/jpeg_encoder.o
                0x2000f2bc                first_pass_init
 .text.second_pass_init
                0x2000f310      0x110 ./src/sub-systemCode/payload/Compression/jpeg/jpeg_encoder.o
                0x2000f310                second_pass_init
 .text.jpg_open
                0x2000f420      0x7b4 ./src/sub-systemCode/payload/Compression/jpeg/jpeg_encoder.o
                0x2000f420                jpg_open
 .text.load_block_8_8_grey
                0x2000fbd4      0x164 ./src/sub-systemCode/payload/Compression/jpeg/jpeg_encoder.o
                0x2000fbd4                load_block_8_8_grey
 .text.load_block_8_8
                0x2000fd38      0x198 ./src/sub-systemCode/payload/Compression/jpeg/jpeg_encoder.o
                0x2000fd38                load_block_8_8
 .text.load_block_16_8
                0x2000fed0      0x3cc ./src/sub-systemCode/payload/Compression/jpeg/jpeg_encoder.o
                0x2000fed0                load_block_16_8
 .text.load_block_16_8_8
                0x2001029c      0x2a8 ./src/sub-systemCode/payload/Compression/jpeg/jpeg_encoder.o
                0x2001029c                load_block_16_8_8
 .text.load_coefficients
                0x20010544      0x1c8 ./src/sub-systemCode/payload/Compression/jpeg/jpeg_encoder.o
                0x20010544                load_coefficients
 .text.flush_output_buffer
                0x2001070c       0xa0 ./src/sub-systemCode/payload/Compression/jpeg/jpeg_encoder.o
                0x2001070c                flush_output_buffer
 .text.put_bits
                0x200107ac      0x170 ./src/sub-systemCode/payload/Compression/jpeg/jpeg_encoder.o
                0x200107ac                put_bits
 .text.code_coefficients_pass_two
                0x2001091c      0x338 ./src/sub-systemCode/payload/Compression/jpeg/jpeg_encoder.o
                0x2001091c                code_coefficients_pass_two
 .text.code_block
                0x20010c54       0x44 ./src/sub-systemCode/payload/Compression/jpeg/jpeg_encoder.o
                0x20010c54                code_block
 .text.process_mcu_row
                0x20010c98      0x328 ./src/sub-systemCode/payload/Compression/jpeg/jpeg_encoder.o
                0x20010c98                process_mcu_row
 .text.terminate_pass_two
                0x20010fc0       0x44 ./src/sub-systemCode/payload/Compression/jpeg/jpeg_encoder.o
                0x20010fc0                terminate_pass_two
 .text.process_end_of_image
                0x20011004       0xc0 ./src/sub-systemCode/payload/Compression/jpeg/jpeg_encoder.o
                0x20011004                process_end_of_image
 .text.load_mcu
                0x200110c4      0x29c ./src/sub-systemCode/payload/Compression/jpeg/jpeg_encoder.o
                0x200110c4                load_mcu
 .text.clear    0x20011360      0x1e0 ./src/sub-systemCode/payload/Compression/jpeg/jpeg_encoder.o
                0x20011360                clear
 .text.init     0x20011540       0xe4 ./src/sub-systemCode/payload/Compression/jpeg/jpeg_encoder.o
                0x20011540                init
 .text.deinit   0x20011624      0x160 ./src/sub-systemCode/payload/Compression/jpeg/jpeg_encoder.o
                0x20011624                deinit
 .text.process_scanline
                0x20011784       0x6c ./src/sub-systemCode/payload/Compression/jpeg/jpeg_encoder.o
                0x20011784                process_scanline
 .text.jpge_malloc
                0x200117f0       0x28 ./src/sub-systemCode/payload/Compression/jpeg/jpeg_memory_alloc.o
                0x200117f0                jpge_malloc
 .text.jpge_cmalloc
                0x20011818       0x48 ./src/sub-systemCode/payload/Compression/jpeg/jpeg_memory_alloc.o
                0x20011818                jpge_cmalloc
 .text.jpge_free
                0x20011860       0x24 ./src/sub-systemCode/payload/Compression/jpeg/jpeg_memory_alloc.o
                0x20011860                jpge_free
 .text.check    0x20011884       0x78 ./src/sub-systemCode/payload/Compression/jpeg/jpeg_params.o
                0x20011884                check
 .text.open_jpeg_file
                0x200118fc       0xe0 ./src/sub-systemCode/payload/Compression/jpeg/output_stream.o
                0x200118fc                open_jpeg_file
 .text.close_jpeg_file
                0x200119dc      0x118 ./src/sub-systemCode/payload/Compression/jpeg/output_stream.o
                0x200119dc                close_jpeg_file
 .text.put_buf  0x20011af4      0x258 ./src/sub-systemCode/payload/Compression/jpeg/output_stream.o
                0x20011af4                put_buf
 .text.GetBinnedPixel
                0x20011d4c       0xe8 ./src/sub-systemCode/payload/Compression/ImageConversion.o
 .text.BinImage
                0x20011e34      0x2c8 ./src/sub-systemCode/payload/Compression/ImageConversion.o
                0x20011e34                BinImage
 .text.ImageSkipping
                0x200120fc      0x2ac ./src/sub-systemCode/payload/Compression/ImageConversion.o
                0x200120fc                ImageSkipping
 .text.CreateImageThumbnail_withoutSearch
                0x200123a8      0x14c ./src/sub-systemCode/payload/Compression/ImageConversion.o
                0x200123a8                CreateImageThumbnail_withoutSearch
 .text.CreateImageThumbnail
                0x200124f4       0x94 ./src/sub-systemCode/payload/Compression/ImageConversion.o
                0x200124f4                CreateImageThumbnail
 .text.compressImage
                0x20012588      0x12c ./src/sub-systemCode/payload/Compression/ImageConversion.o
                0x20012588                compressImage
 .text.cmd_mute
                0x200126b4       0xc4 ./src/sub-systemCode/Main/CMD/COMM_CMD.o
                0x200126b4                cmd_mute
 .text.cmd_unmute
                0x20012778       0x50 ./src/sub-systemCode/Main/CMD/COMM_CMD.o
                0x20012778                cmd_unmute
 .text.cmd_active_trans
                0x200127c8       0xc0 ./src/sub-systemCode/Main/CMD/COMM_CMD.o
                0x200127c8                cmd_active_trans
 .text.cmd_shut_trans
                0x20012888       0x38 ./src/sub-systemCode/Main/CMD/COMM_CMD.o
                0x20012888                cmd_shut_trans
 .text.cmd_change_trans_rssi
                0x200128c0      0x100 ./src/sub-systemCode/Main/CMD/COMM_CMD.o
                0x200128c0                cmd_change_trans_rssi
 .text.cmd_aprs_dump
                0x200129c0       0x50 ./src/sub-systemCode/Main/CMD/COMM_CMD.o
                0x200129c0                cmd_aprs_dump
 .text.cmd_stop_dump
                0x20012a10       0x38 ./src/sub-systemCode/Main/CMD/COMM_CMD.o
                0x20012a10                cmd_stop_dump
 .text.cmd_time_frequency
                0x20012a48       0xc0 ./src/sub-systemCode/Main/CMD/COMM_CMD.o
                0x20012a48                cmd_time_frequency
 .text.cmd_change_def_bit_rate
                0x20012b08      0x158 ./src/sub-systemCode/Main/CMD/COMM_CMD.o
                0x20012b08                cmd_change_def_bit_rate
 .text.cmd_upload_volt_logic
                0x20012c60      0x3d0 ./src/sub-systemCode/Main/CMD/EPS_CMD.o
                0x20012c60                cmd_upload_volt_logic
 .text.cmd_upload_volt_COMM
                0x20013030      0x1c8 ./src/sub-systemCode/Main/CMD/EPS_CMD.o
                0x20013030                cmd_upload_volt_COMM
 .text.cmd_heater_temp
                0x200131f8       0xc0 ./src/sub-systemCode/Main/CMD/EPS_CMD.o
                0x200131f8                cmd_heater_temp
 .text.cmd_SHUT_CAM
                0x200132b8       0x6c ./src/sub-systemCode/Main/CMD/EPS_CMD.o
                0x200132b8                cmd_SHUT_CAM
 .text.cmd_SHUT_ADCS
                0x20013324       0x6c ./src/sub-systemCode/Main/CMD/EPS_CMD.o
                0x20013324                cmd_SHUT_ADCS
 .text.cmd_allow_CAM
                0x20013390       0x6c ./src/sub-systemCode/Main/CMD/EPS_CMD.o
                0x20013390                cmd_allow_CAM
 .text.cmd_allow_ADCS
                0x200133fc       0x6c ./src/sub-systemCode/Main/CMD/EPS_CMD.o
                0x200133fc                cmd_allow_ADCS
 .text.cmd_generic_I2C
                0x20013468       0xb4 ./src/sub-systemCode/Main/CMD/General_CMD.o
                0x20013468                cmd_generic_I2C
 .text.cmd_dump
                0x2001351c       0xf0 ./src/sub-systemCode/Main/CMD/General_CMD.o
                0x2001351c                cmd_dump
 .text.cmd_delete_TM
                0x2001360c      0x1dc ./src/sub-systemCode/Main/CMD/General_CMD.o
                0x2001360c                cmd_delete_TM
 .text.cmd_reset_file
                0x200137e8      0x110 ./src/sub-systemCode/Main/CMD/General_CMD.o
                0x200137e8                cmd_reset_file
 .text.cmd_dummy_func
                0x200138f8       0x40 ./src/sub-systemCode/Main/CMD/General_CMD.o
                0x200138f8                cmd_dummy_func
 .text.cmd_soft_reset_cmponent
                0x20013938       0xb0 ./src/sub-systemCode/Main/CMD/General_CMD.o
                0x20013938                cmd_soft_reset_cmponent
 .text.cmd_hard_reset_cmponent
                0x200139e8       0xb0 ./src/sub-systemCode/Main/CMD/General_CMD.o
                0x200139e8                cmd_hard_reset_cmponent
 .text.cmd_reset_satellite
                0x20013a98       0x78 ./src/sub-systemCode/Main/CMD/General_CMD.o
                0x20013a98                cmd_reset_satellite
 .text.cmd_gracefull_reset_satellite
                0x20013b10       0x78 ./src/sub-systemCode/Main/CMD/General_CMD.o
                0x20013b10                cmd_gracefull_reset_satellite
 .text.cmd_upload_time
                0x20013b88       0xb0 ./src/sub-systemCode/Main/CMD/General_CMD.o
                0x20013b88                cmd_upload_time
 .text.cmd_ARM_DIARM
                0x20013c38       0xd4 ./src/sub-systemCode/Main/CMD/General_CMD.o
                0x20013c38                cmd_ARM_DIARM
 .text.cmd_get_onlineTM
                0x20013d0c       0xb8 ./src/sub-systemCode/Main/CMD/General_CMD.o
                0x20013d0c                cmd_get_onlineTM
 .text.cmd_reset_off_line
                0x20013dc4       0x68 ./src/sub-systemCode/Main/CMD/General_CMD.o
                0x20013dc4                cmd_reset_off_line
 .text.cmd_add_item_off_line
                0x20013e2c       0xf0 ./src/sub-systemCode/Main/CMD/General_CMD.o
                0x20013e2c                cmd_add_item_off_line
 .text.cmd_reset_delayed_command_list
                0x20013f1c       0x3c ./src/sub-systemCode/Main/CMD/SW_CMD.o
                0x20013f1c                cmd_reset_delayed_command_list
 .text.cmd_reset_APRS_list
                0x20013f58       0x3c ./src/sub-systemCode/Main/CMD/SW_CMD.o
                0x20013f58                cmd_reset_APRS_list
 .text.cmd_reset_FRAM
                0x20013f94       0xe8 ./src/sub-systemCode/Main/CMD/SW_CMD.o
                0x20013f94                cmd_reset_FRAM
 .text.ARM_ants
                0x2001407c       0xb8 ./src/sub-systemCode/Main/Ants.o
                0x2001407c                ARM_ants
 .text.DISARM_ants
                0x20014134       0xb8 ./src/sub-systemCode/Main/Ants.o
                0x20014134                DISARM_ants
 .text.round_vol
                0x200141ec      0x124 ./src/sub-systemCode/Main/EPS.o
                0x200141ec                round_vol
 .text.get_shut_ADCS
                0x20014310       0x48 ./src/sub-systemCode/Main/EPS.o
                0x20014310                get_shut_ADCS
 .text.shut_ADCS
                0x20014358       0x44 ./src/sub-systemCode/Main/EPS.o
                0x20014358                shut_ADCS
 .text.get_shut_CAM
                0x2001439c       0x48 ./src/sub-systemCode/Main/EPS.o
                0x2001439c                get_shut_CAM
 .text.shut_CAM
                0x200143e4       0x44 ./src/sub-systemCode/Main/EPS.o
                0x200143e4                shut_CAM
 .text.update_powerLines
                0x20014428       0xec ./src/sub-systemCode/Main/EPS.o
                0x20014428                update_powerLines
 .text.init_enterMode
                0x20014514       0x88 ./src/sub-systemCode/Main/EPS.o
                0x20014514                init_enterMode
 .text.EPS_Init
                0x2001459c      0x1c8 ./src/sub-systemCode/Main/EPS.o
                0x2001459c                EPS_Init
 .text.reset_FRAM_EPS
                0x20014764       0xa4 ./src/sub-systemCode/Main/EPS.o
                0x20014764                reset_FRAM_EPS
 .text.reset_EPS_voltages
                0x20014808       0xbc ./src/sub-systemCode/Main/EPS.o
                0x20014808                reset_EPS_voltages
 .text.battery_downward
                0x200148c4      0x114 ./src/sub-systemCode/Main/EPS.o
                0x200148c4                battery_downward
 .text.battery_upward
                0x200149d8      0x120 ./src/sub-systemCode/Main/EPS.o
                0x200149d8                battery_upward
 .text.EPS_Conditioning
                0x20014af8      0x1a4 ./src/sub-systemCode/Main/EPS.o
                0x20014af8                EPS_Conditioning
 .text.overRide_ADCS
                0x20014c9c       0x50 ./src/sub-systemCode/Main/EPS.o
                0x20014c9c                overRide_ADCS
 .text.overRide_Camera
                0x20014cec       0x38 ./src/sub-systemCode/Main/EPS.o
                0x20014cec                overRide_Camera
 .text.EnterFullMode
                0x20014d24       0xfc ./src/sub-systemCode/Main/EPS.o
                0x20014d24                EnterFullMode
 .text.EnterCruiseMode
                0x20014e20       0xec ./src/sub-systemCode/Main/EPS.o
                0x20014e20                EnterCruiseMode
 .text.EnterSafeMode
                0x20014f0c       0xec ./src/sub-systemCode/Main/EPS.o
                0x20014f0c                EnterSafeMode
 .text.EnterCriticalMode
                0x20014ff8       0xd8 ./src/sub-systemCode/Main/EPS.o
                0x20014ff8                EnterCriticalMode
 .text.find_fileName
                0x200150d0      0x5e4 ./src/sub-systemCode/Main/HouseKeeping.o
                0x200150d0                find_fileName
 .text.size_of_element
                0x200156b4      0x108 ./src/sub-systemCode/Main/HouseKeeping.o
                0x200156b4                size_of_element
 .text.save_ACK
                0x200157bc       0xa0 ./src/sub-systemCode/Main/HouseKeeping.o
                0x200157bc                save_ACK
 .text.COMM_create_file
                0x2001585c       0x74 ./src/sub-systemCode/Main/HouseKeeping.o
                0x2001585c                COMM_create_file
 .text.ACK_create_file
                0x200158d0       0x74 ./src/sub-systemCode/Main/HouseKeeping.o
                0x200158d0                ACK_create_file
 .text.EPS_create_file
                0x20015944       0x74 ./src/sub-systemCode/Main/HouseKeeping.o
                0x20015944                EPS_create_file
 .text.CAM_create_file
                0x200159b8       0x54 ./src/sub-systemCode/Main/HouseKeeping.o
                0x200159b8                CAM_create_file
 .text.SP_create_file
                0x20015a0c       0x54 ./src/sub-systemCode/Main/HouseKeeping.o
                0x20015a0c                SP_create_file
 .text.create_files
                0x20015a60       0x48 ./src/sub-systemCode/Main/HouseKeeping.o
                0x20015a60                create_files
 .text.EPS_HK_raw_BigEnE
                0x20015aa8      0x194 ./src/sub-systemCode/Main/HouseKeeping.o
                0x20015aa8                EPS_HK_raw_BigEnE
 .text.CAM_HK_raw_BigEnE
                0x20015c3c      0x194 ./src/sub-systemCode/Main/HouseKeeping.o
                0x20015c3c                CAM_HK_raw_BigEnE
 .text.COMM_HK_raw_BigEnE
                0x20015dd0      0x194 ./src/sub-systemCode/Main/HouseKeeping.o
                0x20015dd0                COMM_HK_raw_BigEnE
 .text.ADCS_HK_raw_BigEnE
                0x20015f64      0x194 ./src/sub-systemCode/Main/HouseKeeping.o
                0x20015f64                ADCS_HK_raw_BigEnE
 .text.ADCS_SC_raw_BigEnE
                0x200160f8      0x188 ./src/sub-systemCode/Main/HouseKeeping.o
                0x200160f8                ADCS_SC_raw_BigEnE
 .text.build_HK_spl_packet
                0x20016280      0xa2c ./src/sub-systemCode/Main/HouseKeeping.o
                0x20016280                build_HK_spl_packet
 .text.reset_FIRST_activation
                0x20016cac       0x34 ./src/sub-systemCode/Main/Main_Init.o
                0x20016cac                reset_FIRST_activation
 .text.test_menu
                0x20016ce0       0xb4 ./src/sub-systemCode/Main/Main_Init.o
                0x20016ce0                test_menu
 .text.numberOfRestarts
                0x20016d94       0x94 ./src/sub-systemCode/Main/Main_Init.o
                0x20016d94                numberOfRestarts
 .text.StartFRAM
                0x20016e28       0x38 ./src/sub-systemCode/Main/Main_Init.o
                0x20016e28                StartFRAM
 .text.StartI2C
                0x20016e60       0x44 ./src/sub-systemCode/Main/Main_Init.o
                0x20016e60                StartI2C
 .text.StartSPI
                0x20016ea4       0x40 ./src/sub-systemCode/Main/Main_Init.o
                0x20016ea4                StartSPI
 .text.StartTIME
                0x20016ee4      0x118 ./src/sub-systemCode/Main/Main_Init.o
                0x20016ee4                StartTIME
 .text.first_activation
                0x20016ffc       0x78 ./src/sub-systemCode/Main/Main_Init.o
                0x20016ffc                first_activation
 .text.resetSD  0x20017074       0xc4 ./src/sub-systemCode/Main/Main_Init.o
                0x20017074                resetSD
 .text.InitSubsystems
                0x20017138       0x84 ./src/sub-systemCode/Main/Main_Init.o
                0x20017138                InitSubsystems
 .text.SubSystemTaskStart
                0x200171bc       0x74 ./src/sub-systemCode/Main/Main_Init.o
                0x200171bc                SubSystemTaskStart
 .text.copy_command
                0x20017230       0x80 ./src/sub-systemCode/Main/commands.o
                0x20017230                copy_command
 .text.reset_command
                0x200172b0       0x28 ./src/sub-systemCode/Main/commands.o
                0x200172b0                reset_command
 .text.init_command
                0x200172d8       0xd4 ./src/sub-systemCode/Main/commands.o
                0x200172d8                init_command
 .text.add_command
                0x200173ac      0x138 ./src/sub-systemCode/Main/commands.o
                0x200173ac                add_command
 .text.get_command
                0x200174e4      0x1cc ./src/sub-systemCode/Main/commands.o
                0x200174e4                get_command
 .text.act_upon_command
                0x200176b0      0x240 ./src/sub-systemCode/Main/commands.o
                0x200176b0                act_upon_command
 .text.cmd_error
                0x200178f0       0x38 ./src/sub-systemCode/Main/commands.o
                0x200178f0                cmd_error
 .text.AUC_COMM
                0x20017928      0x25c ./src/sub-systemCode/Main/commands.o
                0x20017928                AUC_COMM
 .text.AUC_general
                0x20017b84      0x17c ./src/sub-systemCode/Main/commands.o
                0x20017b84                AUC_general
 .text.AUC_payload
                0x20017d00      0x214 ./src/sub-systemCode/Main/commands.o
                0x20017d00                AUC_payload
 .text.AUC_EPS  0x20017f14      0x248 ./src/sub-systemCode/Main/commands.o
                0x20017f14                AUC_EPS
 .text.AUC_ADCS
                0x2001815c       0x5c ./src/sub-systemCode/Main/commands.o
                0x2001815c                AUC_ADCS
 .text.AUC_GS   0x200181b8      0x1fc ./src/sub-systemCode/Main/commands.o
                0x200181b8                AUC_GS
 .text.AUC_SW   0x200183b4       0xe4 ./src/sub-systemCode/Main/commands.o
                0x200183b4                AUC_SW
 .text.AUC_onlineTM
                0x20018498      0x16c ./src/sub-systemCode/Main/commands.o
                0x20018498                AUC_onlineTM
 .text.AUC_special_operation
                0x20018604       0x8c ./src/sub-systemCode/Main/commands.o
                0x20018604                AUC_special_operation
 .text.check_int
                0x20018690       0x3c ./src/sub-systemCode/Global/Global.o
                0x20018690                check_int
 .text.check_portBASE_TYPE
                0x200186cc       0x3c ./src/sub-systemCode/Global/Global.o
                0x200186cc                check_portBASE_TYPE
 .text.soft_reset_subsystem
                0x20018708       0xd8 ./src/sub-systemCode/Global/Global.o
                0x20018708                soft_reset_subsystem
 .text.hard_reset_subsystem
                0x200187e0       0xfc ./src/sub-systemCode/Global/Global.o
                0x200187e0                hard_reset_subsystem
 .text.BigEnE_raw_to_uInt
                0x200188dc       0x94 ./src/sub-systemCode/Global/Global.o
                0x200188dc                BigEnE_raw_to_uInt
 .text.BigEnE_raw_to_uShort
                0x20018970       0x50 ./src/sub-systemCode/Global/Global.o
                0x20018970                BigEnE_raw_to_uShort
 .text.BigEnE_uInt_to_raw
                0x200189c0       0x78 ./src/sub-systemCode/Global/Global.o
                0x200189c0                BigEnE_uInt_to_raw
 .text.reset_FRAM_MAIN
                0x20018a38      0x19c ./src/sub-systemCode/Global/Global.o
                0x20018a38                reset_FRAM_MAIN
 .text.getBitValueByIndex
                0x20018bd4       0xd0 ./src/sub-systemCode/Global/Global.o
                0x20018bd4                getBitValueByIndex
 .text.init_GP  0x20018ca4      0x300 ./src/sub-systemCode/Global/GlobalParam.o
                0x20018ca4                init_GP
 .text.get_system_state
                0x20018fa4      0x268 ./src/sub-systemCode/Global/GlobalParam.o
                0x20018fa4                get_system_state
 .text.set_system_state
                0x2001920c      0x298 ./src/sub-systemCode/Global/GlobalParam.o
                0x2001920c                set_system_state
 .text.get_current_global_param
                0x200194a4      0x5c8 ./src/sub-systemCode/Global/GlobalParam.o
                0x200194a4                get_current_global_param
 .text.set_Vbatt
                0x20019a6c       0x8c ./src/sub-systemCode/Global/GlobalParam.o
                0x20019a6c                set_Vbatt
 .text.get_Vbatt
                0x20019af8       0x8c ./src/sub-systemCode/Global/GlobalParam.o
                0x20019af8                get_Vbatt
 .text.get_ST   0x20019b84       0x8c ./src/sub-systemCode/Global/GlobalParam.o
                0x20019b84                get_ST
 .text.get_Attitude
                0x20019c10      0x128 ./src/sub-systemCode/Global/GlobalParam.o
                0x20019c10                get_Attitude
 .text.set_numOfAPRS
                0x20019d38       0x8c ./src/sub-systemCode/Global/GlobalParam.o
                0x20019d38                set_numOfAPRS
 .text.set_numOfResets
                0x20019dc4       0xac ./src/sub-systemCode/Global/GlobalParam.o
                0x20019dc4                set_numOfResets
 .text.set_ground_conn
                0x20019e70       0xa0 ./src/sub-systemCode/Global/GlobalParam.o
                0x20019e70                set_ground_conn
 .text.get_ground_conn
                0x20019f10       0xa0 ./src/sub-systemCode/Global/GlobalParam.o
                0x20019f10                get_ground_conn
 .text.IsisAntS_getStatusData_sideA
                0x20019fb0       0x3c ./src/sub-systemCode/Global/OnlineTM.o
                0x20019fb0                IsisAntS_getStatusData_sideA
 .text.IsisAntS_getAlltelemetry_sideA
                0x20019fec       0x3c ./src/sub-systemCode/Global/OnlineTM.o
                0x20019fec                IsisAntS_getAlltelemetry_sideA
 .text.IsisAntS_getTemperature_sideA
                0x2001a028       0x3c ./src/sub-systemCode/Global/OnlineTM.o
                0x2001a028                IsisAntS_getTemperature_sideA
 .text.IsisAntS_getStatusData_sideB
                0x2001a064       0x3c ./src/sub-systemCode/Global/OnlineTM.o
                0x2001a064                IsisAntS_getStatusData_sideB
 .text.IsisAntS_getAlltelemetry_sideB
                0x2001a0a0       0x3c ./src/sub-systemCode/Global/OnlineTM.o
                0x2001a0a0                IsisAntS_getAlltelemetry_sideB
 .text.IsisAntS_getTemperature_sideB
                0x2001a0dc       0x3c ./src/sub-systemCode/Global/OnlineTM.o
                0x2001a0dc                IsisAntS_getTemperature_sideB
 .text.get_item_by_index
                0x2001a118       0xd8 ./src/sub-systemCode/Global/OnlineTM.o
                0x2001a118                get_item_by_index
 .text.init_onlineParam
                0x2001a1f0      0xc80 ./src/sub-systemCode/Global/OnlineTM.o
                0x2001a1f0                init_onlineParam
 .text.reset_offline_TM_list
                0x2001ae70       0x50 ./src/sub-systemCode/Global/OnlineTM.o
                0x2001ae70                reset_offline_TM_list
 .text.get_online_packet
                0x2001aec0      0x254 ./src/sub-systemCode/Global/OnlineTM.o
                0x2001aec0                get_online_packet
 .text.add_onlineTM_param_to_save_list
                0x2001b114      0x214 ./src/sub-systemCode/Global/OnlineTM.o
                0x2001b114                add_onlineTM_param_to_save_list
 .text.delete_allTMFilesFromSD
                0x2001b328       0xf8 ./src/sub-systemCode/Global/TLM_management.o
                0x2001b328                delete_allTMFilesFromSD
 .text.getNumOfFilesInFS
                0x2001b420       0x44 ./src/sub-systemCode/Global/TLM_management.o
 .text.setNumOfFilesInFS
                0x2001b464       0x50 ./src/sub-systemCode/Global/TLM_management.o
 .text.f_managed_enterFS
                0x2001b4b4       0x9c ./src/sub-systemCode/Global/TLM_management.o
                0x2001b4b4                f_managed_enterFS
 .text.f_managed_releaseFS
                0x2001b550       0x4c ./src/sub-systemCode/Global/TLM_management.o
                0x2001b550                f_managed_releaseFS
 .text.f_managed_open
                0x2001b59c       0xb4 ./src/sub-systemCode/Global/TLM_management.o
                0x2001b59c                f_managed_open
 .text.f_managed_close
                0x2001b650       0x74 ./src/sub-systemCode/Global/TLM_management.o
                0x2001b650                f_managed_close
 .text.createSemahores_FS
                0x2001b6c4       0x7c ./src/sub-systemCode/Global/TLM_management.o
                0x2001b6c4                createSemahores_FS
 .text.InitializeFS
                0x2001b740      0x1a8 ./src/sub-systemCode/Global/TLM_management.o
                0x2001b740                InitializeFS
 .text.c_fileCreate
                0x2001b8e8       0xf4 ./src/sub-systemCode/Global/TLM_management.o
                0x2001b8e8                c_fileCreate
 .text.writewithEpochtime
                0x2001b9dc       0x9c ./src/sub-systemCode/Global/TLM_management.o
 .text.get_C_FILE_struct
                0x2001ba78      0x104 ./src/sub-systemCode/Global/TLM_management.o
 .text.getFileIndex
                0x2001bb7c       0x4c ./src/sub-systemCode/Global/TLM_management.o
 .text.get_file_name_by_index
                0x2001bbc8       0x54 ./src/sub-systemCode/Global/TLM_management.o
                0x2001bbc8                get_file_name_by_index
 .text.c_fileReset
                0x2001bc1c       0xbc ./src/sub-systemCode/Global/TLM_management.o
                0x2001bc1c                c_fileReset
 .text.c_fileWrite
                0x2001bcd8      0x138 ./src/sub-systemCode/Global/TLM_management.o
                0x2001bcd8                c_fileWrite
 .text.c_fileRead
                0x2001be10      0x2bc ./src/sub-systemCode/Global/TLM_management.o
                0x2001be10                c_fileRead
 .text.reset_APRS_list
                0x2001c0cc       0xa4 ./src/sub-systemCode/COMM/APRS.o
                0x2001c0cc                reset_APRS_list
 .text.send_APRS_Dump
                0x2001c170      0x1c0 ./src/sub-systemCode/COMM/APRS.o
                0x2001c170                send_APRS_Dump
 .text.check_APRS
                0x2001c330      0x1a4 ./src/sub-systemCode/COMM/APRS.o
                0x2001c330                check_APRS
 .text.get_APRS_list
                0x2001c4d4       0x88 ./src/sub-systemCode/COMM/APRS.o
                0x2001c4d4                get_APRS_list
 .text.find_CMD_in_list
                0x2001c55c       0x7c ./src/sub-systemCode/COMM/DelayedCommand_list.o
                0x2001c55c                find_CMD_in_list
 .text.find_empty_in_list
                0x2001c5d8       0x74 ./src/sub-systemCode/COMM/DelayedCommand_list.o
                0x2001c5d8                find_empty_in_list
 .text.check_delayCommandTime
                0x2001c64c       0x8c ./src/sub-systemCode/COMM/DelayedCommand_list.o
                0x2001c64c                check_delayCommandTime
 .text.execute_delayedCommand
                0x2001c6d8       0x64 ./src/sub-systemCode/COMM/DelayedCommand_list.o
                0x2001c6d8                execute_delayedCommand
 .text.check_delaycommand
                0x2001c73c      0x170 ./src/sub-systemCode/COMM/DelayedCommand_list.o
                0x2001c73c                check_delaycommand
 .text.reset_delayCommand
                0x2001c8ac       0x8c ./src/sub-systemCode/COMM/DelayedCommand_list.o
                0x2001c8ac                reset_delayCommand
 .text.add_delayCommand
                0x2001c938      0x1a4 ./src/sub-systemCode/COMM/DelayedCommand_list.o
                0x2001c938                add_delayCommand
 .text.get_delayCommand_list
                0x2001cadc       0x80 ./src/sub-systemCode/COMM/DelayedCommand_list.o
                0x2001cadc                get_delayCommand_list
 .text.EmptyOldestCommand
                0x2001cb5c       0xfc ./src/sub-systemCode/COMM/DelayedCommand_list.o
                0x2001cb5c                EmptyOldestCommand
 .text.decode_TCpacket
                0x2001cc58      0x16c ./src/sub-systemCode/COMM/GSC.o
                0x2001cc58                decode_TCpacket
 .text.encode_TCpacket
                0x2001cdc4      0x114 ./src/sub-systemCode/COMM/GSC.o
                0x2001cdc4                encode_TCpacket
 .text.encode_TMpacket
                0x2001ced8      0x104 ./src/sub-systemCode/COMM/GSC.o
                0x2001ced8                encode_TMpacket
 .text.build_raw_ACK
                0x2001cfdc       0xbc ./src/sub-systemCode/COMM/GSC.o
                0x2001cfdc                build_raw_ACK
 .text.build_data_field_ACK
                0x2001d098       0x74 ./src/sub-systemCode/COMM/GSC.o
                0x2001d098                build_data_field_ACK
 .text.toggle_idle_state
                0x2001d10c       0x64 ./src/sub-systemCode/COMM/TRXVU.o
                0x2001d10c                toggle_idle_state
 .text.TRXVU_init_hardWare
                0x2001d170       0x98 ./src/sub-systemCode/COMM/TRXVU.o
                0x2001d170                TRXVU_init_hardWare
 .text.TRXVU_init_softWare
                0x2001d208      0x1a4 ./src/sub-systemCode/COMM/TRXVU.o
                0x2001d208                TRXVU_init_softWare
 .text.init_trxvu
                0x2001d3ac       0x14 ./src/sub-systemCode/COMM/TRXVU.o
                0x2001d3ac                init_trxvu
 .text.TRXVU_task
                0x2001d3c0       0x9c ./src/sub-systemCode/COMM/TRXVU.o
                0x2001d3c0                TRXVU_task
 .text.dump_logic
                0x2001d45c      0x324 ./src/sub-systemCode/COMM/TRXVU.o
                0x2001d45c                dump_logic
 .text.Dump_task
                0x2001d780      0x16c ./src/sub-systemCode/COMM/TRXVU.o
                0x2001d780                Dump_task
 .text.transponder_logic
                0x2001d8ec       0xbc ./src/sub-systemCode/COMM/TRXVU.o
                0x2001d8ec                transponder_logic
 .text.Transponder_task
                0x2001d9a8      0x1f4 ./src/sub-systemCode/COMM/TRXVU.o
                0x2001d9a8                Transponder_task
 .text.lookForRequestToDelete_transponder
                0x2001db9c       0xac ./src/sub-systemCode/COMM/TRXVU.o
                0x2001db9c                lookForRequestToDelete_transponder
 .text.lookForRequestToDelete_dump
                0x2001dc48       0x7c ./src/sub-systemCode/COMM/TRXVU.o
                0x2001dc48                lookForRequestToDelete_dump
 .text.sendRequestToStop_dump
                0x2001dcc4       0x8c ./src/sub-systemCode/COMM/TRXVU.o
                0x2001dcc4                sendRequestToStop_dump
 .text.sendRequestToStop_transponder
                0x2001dd50       0x98 ./src/sub-systemCode/COMM/TRXVU.o
                0x2001dd50                sendRequestToStop_transponder
 .text.Rx_logic
                0x2001dde8      0x184 ./src/sub-systemCode/COMM/TRXVU.o
                0x2001dde8                Rx_logic
 .text.pass_above_Ground
                0x2001df6c      0x104 ./src/sub-systemCode/COMM/TRXVU.o
                0x2001df6c                pass_above_Ground
 .text.trxvu_logic
                0x2001e070       0x1c ./src/sub-systemCode/COMM/TRXVU.o
                0x2001e070                trxvu_logic
 .text.Beacon_task
                0x2001e08c      0x170 ./src/sub-systemCode/COMM/TRXVU.o
                0x2001e08c                Beacon_task
 .text.buildAndSend_beacon
                0x2001e1fc      0x604 ./src/sub-systemCode/COMM/TRXVU.o
                0x2001e1fc                buildAndSend_beacon
 .text.reset_FRAM_TRXVU
                0x2001e800      0x160 ./src/sub-systemCode/COMM/TRXVU.o
                0x2001e800                reset_FRAM_TRXVU
 .text.TRX_sendFrame
                0x2001e960      0x1c0 ./src/sub-systemCode/COMM/TRXVU.o
                0x2001e960                TRX_sendFrame
 .text.TRX_getFrameData
                0x2001eb20      0x128 ./src/sub-systemCode/COMM/TRXVU.o
                0x2001eb20                TRX_getFrameData
 .text.mute_Tx  0x2001ec48       0x20 ./src/sub-systemCode/COMM/TRXVU.o
                0x2001ec48                mute_Tx
 .text.unmute_Tx
                0x2001ec68       0x60 ./src/sub-systemCode/COMM/TRXVU.o
                0x2001ec68                unmute_Tx
 .text.check_time_off_mute
                0x2001ecc8       0x88 ./src/sub-systemCode/COMM/TRXVU.o
                0x2001ecc8                check_time_off_mute
 .text.set_mute_time
                0x2001ed50       0xb4 ./src/sub-systemCode/COMM/TRXVU.o
                0x2001ed50                set_mute_time
 .text.change_TRXVU_state
                0x2001ee04       0xd0 ./src/sub-systemCode/COMM/TRXVU.o
                0x2001ee04                change_TRXVU_state
 .text.change_trans_RSSI
                0x2001eed4       0x60 ./src/sub-systemCode/COMM/TRXVU.o
                0x2001eed4                change_trans_RSSI
 .text.init_adcs
                0x2001ef34      0x104 ./src/sub-systemCode/ADCS/ADCS.o
                0x2001ef34                init_adcs
 .text.telemtryStart
                0x2001f038      0x16c ./src/sub-systemCode/ADCS/Stage_Table.o
                0x2001f038                telemtryStart
 .text.powerStart
                0x2001f1a4       0x5c ./src/sub-systemCode/ADCS/Stage_Table.o
                0x2001f1a4                powerStart
 .text.createTable
                0x2001f200       0xb4 ./src/sub-systemCode/ADCS/Stage_Table.o
                0x2001f200                createTable
 .text.buildControlMode
                0x2001f2b4       0x60 ./src/sub-systemCode/ADCS/Stage_Table.o
                0x2001f2b4                buildControlMode
 .text.Check_Table
                0x2001f314      0x178 ./src/sub-systemCode/ADCS/Stage_Table.o
                0x2001f314                Check_Table
 .text.updateTable
                0x2001f48c      0x1f0 ./src/sub-systemCode/ADCS/Stage_Table.o
                0x2001f48c                updateTable
 .text.translateCommandFULL
                0x2001f67c       0x78 ./src/sub-systemCode/ADCS/Stage_Table.o
                0x2001f67c                translateCommandFULL
 .text.getTableTo
                0x2001f6f4       0x64 ./src/sub-systemCode/ADCS/Stage_Table.o
                0x2001f6f4                getTableTo
 .text.save_time
                0x2001f758       0x9c ./src/main.o
                0x2001f758                save_time
 .text.Command_logic
                0x2001f7f4       0x6c ./src/main.o
                0x2001f7f4                Command_logic
 .text.taskMain
                0x2001f860       0x74 ./src/main.o
                0x2001f860                taskMain
 .text.main     0x2001f8d4       0xbc ./src/main.o
                0x2001f8d4                main
 .text.GomEpsInitialize
                0x2001f990      0x148 C:/ISIS/workspace/HOOPOE3/satellite-subsystems/demo/..//satellite-subsystems/lib\libSatelliteSubsystemsD.a(GomEPS.o)
                0x2001f990                GomEpsInitialize
 .text.makeEPStransfer
                0x2001fad8       0x3c C:/ISIS/workspace/HOOPOE3/satellite-subsystems/demo/..//satellite-subsystems/lib\libSatelliteSubsystemsD.a(GomEPS.o)
 .text.GomEpsSoftReset
                0x2001fb14       0xc4 C:/ISIS/workspace/HOOPOE3/satellite-subsystems/demo/..//satellite-subsystems/lib\libSatelliteSubsystemsD.a(GomEPS.o)
                0x2001fb14                GomEpsSoftReset
 .text.GomEpsHardReset
                0x2001fbd8       0xa8 C:/ISIS/workspace/HOOPOE3/satellite-subsystems/demo/..//satellite-subsystems/lib\libSatelliteSubsystemsD.a(GomEPS.o)
                0x2001fbd8                GomEpsHardReset
 .text.GomEpsGetHkData_param
                0x2001fc80      0x29c C:/ISIS/workspace/HOOPOE3/satellite-subsystems/demo/..//satellite-subsystems/lib\libSatelliteSubsystemsD.a(GomEPS.o)
                0x2001fc80                GomEpsGetHkData_param
 .text.GomEpsGetHkData_general
                0x2001ff1c      0x45c C:/ISIS/workspace/HOOPOE3/satellite-subsystems/demo/..//satellite-subsystems/lib\libSatelliteSubsystemsD.a(GomEPS.o)
                0x2001ff1c                GomEpsGetHkData_general
 .text.GomEpsGetHkData_vi
                0x20020378      0x188 C:/ISIS/workspace/HOOPOE3/satellite-subsystems/demo/..//satellite-subsystems/lib\libSatelliteSubsystemsD.a(GomEPS.o)
                0x20020378                GomEpsGetHkData_vi
 .text.GomEpsGetHkData_out
                0x20020500      0x21c C:/ISIS/workspace/HOOPOE3/satellite-subsystems/demo/..//satellite-subsystems/lib\libSatelliteSubsystemsD.a(GomEPS.o)
                0x20020500                GomEpsGetHkData_out
 .text.GomEpsGetHkData_wdt
                0x2002071c      0x2b4 C:/ISIS/workspace/HOOPOE3/satellite-subsystems/demo/..//satellite-subsystems/lib\libSatelliteSubsystemsD.a(GomEPS.o)
                0x2002071c                GomEpsGetHkData_wdt
 .text.GomEpsGetHkData_basic
                0x200209d0      0x22c C:/ISIS/workspace/HOOPOE3/satellite-subsystems/demo/..//satellite-subsystems/lib\libSatelliteSubsystemsD.a(GomEPS.o)
                0x200209d0                GomEpsGetHkData_basic
 .text.GomEpsSetOutput
                0x20020bfc       0xbc C:/ISIS/workspace/HOOPOE3/satellite-subsystems/demo/..//satellite-subsystems/lib\libSatelliteSubsystemsD.a(GomEPS.o)
                0x20020bfc                GomEpsSetOutput
 .text.GomEpsResetWDT
                0x20020cb8       0xc4 C:/ISIS/workspace/HOOPOE3/satellite-subsystems/demo/..//satellite-subsystems/lib\libSatelliteSubsystemsD.a(GomEPS.o)
                0x20020cb8                GomEpsResetWDT
 .text.GomEpsConfigGet
                0x20020d7c      0x16c C:/ISIS/workspace/HOOPOE3/satellite-subsystems/demo/..//satellite-subsystems/lib\libSatelliteSubsystemsD.a(GomEPS.o)
                0x20020d7c                GomEpsConfigGet
 .text.GomEpsConfigSet
                0x20020ee8      0x184 C:/ISIS/workspace/HOOPOE3/satellite-subsystems/demo/..//satellite-subsystems/lib\libSatelliteSubsystemsD.a(GomEPS.o)
                0x20020ee8                GomEpsConfigSet
 .text.GomEpsConfig2Get
                0x2002106c      0x16c C:/ISIS/workspace/HOOPOE3/satellite-subsystems/demo/..//satellite-subsystems/lib\libSatelliteSubsystemsD.a(GomEPS.o)
                0x2002106c                GomEpsConfig2Get
 .text.makeAntStransfer
                0x200211d8       0x4c C:/ISIS/workspace/HOOPOE3/satellite-subsystems/demo/..//satellite-subsystems/lib\libSatelliteSubsystemsD.a(IsisAntS.o)
 .text.checkInputsValid
                0x20021224       0x7c C:/ISIS/workspace/HOOPOE3/satellite-subsystems/demo/..//satellite-subsystems/lib\libSatelliteSubsystemsD.a(IsisAntS.o)
 .text.IsisAntS_setArmStatus
                0x200212a0      0x104 C:/ISIS/workspace/HOOPOE3/satellite-subsystems/demo/..//satellite-subsystems/lib\libSatelliteSubsystemsD.a(IsisAntS.o)
                0x200212a0                IsisAntS_setArmStatus
 .text.IsisAntS_getStatusData
                0x200213a4      0x120 C:/ISIS/workspace/HOOPOE3/satellite-subsystems/demo/..//satellite-subsystems/lib\libSatelliteSubsystemsD.a(IsisAntS.o)
                0x200213a4                IsisAntS_getStatusData
 .text.IsisAntS_getTemperature
                0x200214c4      0x120 C:/ISIS/workspace/HOOPOE3/satellite-subsystems/demo/..//satellite-subsystems/lib\libSatelliteSubsystemsD.a(IsisAntS.o)
                0x200214c4                IsisAntS_getTemperature
 .text.IsisAntS_getAlltelemetry
                0x200215e4      0x120 C:/ISIS/workspace/HOOPOE3/satellite-subsystems/demo/..//satellite-subsystems/lib\libSatelliteSubsystemsD.a(IsisAntS.o)
                0x200215e4                IsisAntS_getAlltelemetry
 .text.IsisAntS_reset
                0x20021704      0x104 C:/ISIS/workspace/HOOPOE3/satellite-subsystems/demo/..//satellite-subsystems/lib\libSatelliteSubsystemsD.a(IsisAntS.o)
                0x20021704                IsisAntS_reset
 .text.IsisSolarPanelv2_initialize
                0x20021808       0xb4 C:/ISIS/workspace/HOOPOE3/satellite-subsystems/demo/..//satellite-subsystems/lib\libSatelliteSubsystemsD.a(IsisSolarPanelv2.o)
                0x20021808                IsisSolarPanelv2_initialize
 .text.IsisSolarPanelv2_sleep
                0x200218bc       0xbc C:/ISIS/workspace/HOOPOE3/satellite-subsystems/demo/..//satellite-subsystems/lib\libSatelliteSubsystemsD.a(IsisSolarPanelv2.o)
                0x200218bc                IsisSolarPanelv2_sleep
 .text._Reset   0x20021978       0x20 C:/ISIS/workspace/HOOPOE3/satellite-subsystems/demo/..//satellite-subsystems/lib\libSatelliteSubsystemsD.a(IsisSolarPanelv2.o)
 .text._WaitForStartup
                0x20021998       0x90 C:/ISIS/workspace/HOOPOE3/satellite-subsystems/demo/..//satellite-subsystems/lib\libSatelliteSubsystemsD.a(IsisSolarPanelv2.o)
 .text._AssignAllChannels
                0x20021a28       0x90 C:/ISIS/workspace/HOOPOE3/satellite-subsystems/demo/..//satellite-subsystems/lib\libSatelliteSubsystemsD.a(IsisSolarPanelv2.o)
 .text._AssignThisChannel
                0x20021ab8       0xe8 C:/ISIS/workspace/HOOPOE3/satellite-subsystems/demo/..//satellite-subsystems/lib\libSatelliteSubsystemsD.a(IsisSolarPanelv2.o)
 .text._ExtractByte
                0x20021ba0       0x38 C:/ISIS/workspace/HOOPOE3/satellite-subsystems/demo/..//satellite-subsystems/lib\libSatelliteSubsystemsD.a(IsisSolarPanelv2.o)
 .text._PinsInit
                0x20021bd8       0x50 C:/ISIS/workspace/HOOPOE3/satellite-subsystems/demo/..//satellite-subsystems/lib\libSatelliteSubsystemsD.a(IsisSolarPanelv2.o)
 .text._SpiWriteRead
                0x20021c28       0x70 C:/ISIS/workspace/HOOPOE3/satellite-subsystems/demo/..//satellite-subsystems/lib\libSatelliteSubsystemsD.a(IsisSolarPanelv2.o)
 .text.IsisTrxvu_initialize
                0x20021c98      0x2f4 C:/ISIS/workspace/HOOPOE3/satellite-subsystems/demo/..//satellite-subsystems/lib\libSatelliteSubsystemsD.a(IsisTRXVU.o)
                0x20021c98                IsisTrxvu_initialize
 .text.makeTRXVUtransfer
                0x20021f8c       0x44 C:/ISIS/workspace/HOOPOE3/satellite-subsystems/demo/..//satellite-subsystems/lib\libSatelliteSubsystemsD.a(IsisTRXVU.o)
 .text.IsisTrxvu_componentSoftReset
                0x20021fd0       0x6c C:/ISIS/workspace/HOOPOE3/satellite-subsystems/demo/..//satellite-subsystems/lib\libSatelliteSubsystemsD.a(IsisTRXVU.o)
                0x20021fd0                IsisTrxvu_componentSoftReset
 .text.IsisTrxvu_componentHardReset
                0x2002203c       0xc8 C:/ISIS/workspace/HOOPOE3/satellite-subsystems/demo/..//satellite-subsystems/lib\libSatelliteSubsystemsD.a(IsisTRXVU.o)
                0x2002203c                IsisTrxvu_componentHardReset
 .text.IsisTrxvu_softReset
                0x20022104       0x74 C:/ISIS/workspace/HOOPOE3/satellite-subsystems/demo/..//satellite-subsystems/lib\libSatelliteSubsystemsD.a(IsisTRXVU.o)
                0x20022104                IsisTrxvu_softReset
 .text.IsisTrxvu_hardReset
                0x20022178       0x74 C:/ISIS/workspace/HOOPOE3/satellite-subsystems/demo/..//satellite-subsystems/lib\libSatelliteSubsystemsD.a(IsisTRXVU.o)
                0x20022178                IsisTrxvu_hardReset
 .text.IsisTrxvu_tcSendAX25DefClSign
                0x200221ec       0xec C:/ISIS/workspace/HOOPOE3/satellite-subsystems/demo/..//satellite-subsystems/lib\libSatelliteSubsystemsD.a(IsisTRXVU.o)
                0x200221ec                IsisTrxvu_tcSendAX25DefClSign
 .text.IsisTrxvu_tcSetIdlestate
                0x200222d8       0xa4 C:/ISIS/workspace/HOOPOE3/satellite-subsystems/demo/..//satellite-subsystems/lib\libSatelliteSubsystemsD.a(IsisTRXVU.o)
                0x200222d8                IsisTrxvu_tcSetIdlestate
 .text.IsisTrxvu_tcSetAx25Bitrate
                0x2002237c       0xc4 C:/ISIS/workspace/HOOPOE3/satellite-subsystems/demo/..//satellite-subsystems/lib\libSatelliteSubsystemsD.a(IsisTRXVU.o)
                0x2002237c                IsisTrxvu_tcSetAx25Bitrate
 .text.IsisTrxvu_tcGetTelemetryAll
                0x20022440       0xd0 C:/ISIS/workspace/HOOPOE3/satellite-subsystems/demo/..//satellite-subsystems/lib\libSatelliteSubsystemsD.a(IsisTRXVU.o)
                0x20022440                IsisTrxvu_tcGetTelemetryAll
 .text.IsisTrxvu_tcGetTelemetryAll_revC
                0x20022510       0xd0 C:/ISIS/workspace/HOOPOE3/satellite-subsystems/demo/..//satellite-subsystems/lib\libSatelliteSubsystemsD.a(IsisTRXVU.o)
                0x20022510                IsisTrxvu_tcGetTelemetryAll_revC
 .text.IsisTrxvu_rcGetFrameCount
                0x200225e0       0xa0 C:/ISIS/workspace/HOOPOE3/satellite-subsystems/demo/..//satellite-subsystems/lib\libSatelliteSubsystemsD.a(IsisTRXVU.o)
                0x200225e0                IsisTrxvu_rcGetFrameCount
 .text.IsisTrxvu_rcGetCommandFrame
                0x20022680      0x2d8 C:/ISIS/workspace/HOOPOE3/satellite-subsystems/demo/..//satellite-subsystems/lib\libSatelliteSubsystemsD.a(IsisTRXVU.o)
                0x20022680                IsisTrxvu_rcGetCommandFrame
 .text.IsisTrxvu_rcGetTelemetryAll
                0x20022958       0xd0 C:/ISIS/workspace/HOOPOE3/satellite-subsystems/demo/..//satellite-subsystems/lib\libSatelliteSubsystemsD.a(IsisTRXVU.o)
                0x20022958                IsisTrxvu_rcGetTelemetryAll
 .text.IsisTrxvu_rcGetTelemetryAll_revC
                0x20022a28       0xec C:/ISIS/workspace/HOOPOE3/satellite-subsystems/demo/..//satellite-subsystems/lib\libSatelliteSubsystemsD.a(IsisTRXVU.o)
                0x20022a28                IsisTrxvu_rcGetTelemetryAll_revC
 .text.cspaceADCS_initialize
                0x20022b14      0x18c C:/ISIS/workspace/HOOPOE3/satellite-subsystems/demo/..//satellite-subsystems/lib\libSatelliteSubsystemsD.a(cspaceADCS.o)
                0x20022b14                cspaceADCS_initialize
 .text.make_cspaceADCStransfer
                0x20022ca0      0x1b4 C:/ISIS/workspace/HOOPOE3/satellite-subsystems/demo/..//satellite-subsystems/lib\libSatelliteSubsystemsD.a(cspaceADCS.o)
 .text.cspaceADCS_componentReset
                0x20022e54       0xbc C:/ISIS/workspace/HOOPOE3/satellite-subsystems/demo/..//satellite-subsystems/lib\libSatelliteSubsystemsD.a(cspaceADCS.o)
                0x20022e54                cspaceADCS_componentReset
 .text.cspaceADCS_setRunMode
                0x20022f10       0xbc C:/ISIS/workspace/HOOPOE3/satellite-subsystems/demo/..//satellite-subsystems/lib\libSatelliteSubsystemsD.a(cspaceADCS.o)
                0x20022f10                cspaceADCS_setRunMode
 .text.cspaceADCS_setPwrCtrlDevice
                0x20022fcc       0xd0 C:/ISIS/workspace/HOOPOE3/satellite-subsystems/demo/..//satellite-subsystems/lib\libSatelliteSubsystemsD.a(cspaceADCS.o)
                0x20022fcc                cspaceADCS_setPwrCtrlDevice
 .text.cspaceADCS_setAttCtrlMode
                0x2002309c       0xd0 C:/ISIS/workspace/HOOPOE3/satellite-subsystems/demo/..//satellite-subsystems/lib\libSatelliteSubsystemsD.a(cspaceADCS.o)
                0x2002309c                cspaceADCS_setAttCtrlMode
 .text.cspaceADCS_setAttEstMode
                0x2002316c       0xbc C:/ISIS/workspace/HOOPOE3/satellite-subsystems/demo/..//satellite-subsystems/lib\libSatelliteSubsystemsD.a(cspaceADCS.o)
                0x2002316c                cspaceADCS_setAttEstMode
 .text.cspaceADCS_getCurrentState
                0x20023228       0xc4 C:/ISIS/workspace/HOOPOE3/satellite-subsystems/demo/..//satellite-subsystems/lib\libSatelliteSubsystemsD.a(cspaceADCS.o)
                0x20023228                cspaceADCS_getCurrentState
 .text.cspaceADCS_getPwrCtrlDevice
                0x200232ec       0xc4 C:/ISIS/workspace/HOOPOE3/satellite-subsystems/demo/..//satellite-subsystems/lib\libSatelliteSubsystemsD.a(cspaceADCS.o)
                0x200232ec                cspaceADCS_getPwrCtrlDevice
 .text.GECKO_Init
                0x200233b0       0x40 C:/ISIS/workspace/HOOPOE3/satellite-subsystems/demo/..//satellite-subsystems/lib\libSatelliteSubsystemsD.a(gecko_driver.o)
                0x200233b0                GECKO_Init
 .text.GECKO_SetReg
                0x200233f0      0x138 C:/ISIS/workspace/HOOPOE3/satellite-subsystems/demo/..//satellite-subsystems/lib\libSatelliteSubsystemsD.a(gecko_driver.o)
                0x200233f0                GECKO_SetReg
 .text.GECKO_GetReg
                0x20023528      0x110 C:/ISIS/workspace/HOOPOE3/satellite-subsystems/demo/..//satellite-subsystems/lib\libSatelliteSubsystemsD.a(gecko_driver.o)
                0x20023528                GECKO_GetReg
 .text.GECKO_GetImgData
                0x20023638       0x5c C:/ISIS/workspace/HOOPOE3/satellite-subsystems/demo/..//satellite-subsystems/lib\libSatelliteSubsystemsD.a(gecko_driver.o)
                0x20023638                GECKO_GetImgData
 .text.GECKO_StartReadout
                0x20023694       0xb8 C:/ISIS/workspace/HOOPOE3/satellite-subsystems/demo/..//satellite-subsystems/lib\libSatelliteSubsystemsD.a(gecko_driver.o)
                0x20023694                GECKO_StartReadout
 .text.GECKO_StartSample
                0x2002374c       0xb8 C:/ISIS/workspace/HOOPOE3/satellite-subsystems/demo/..//satellite-subsystems/lib\libSatelliteSubsystemsD.a(gecko_driver.o)
                0x2002374c                GECKO_StartSample
 .text.GECKO_StartErase
                0x20023804       0xb8 C:/ISIS/workspace/HOOPOE3/satellite-subsystems/demo/..//satellite-subsystems/lib\libSatelliteSubsystemsD.a(gecko_driver.o)
                0x20023804                GECKO_StartErase
 .text.GECKO_EnableTestPattern
                0x200238bc       0xb8 C:/ISIS/workspace/HOOPOE3/satellite-subsystems/demo/..//satellite-subsystems/lib\libSatelliteSubsystemsD.a(gecko_driver.o)
                0x200238bc                GECKO_EnableTestPattern
 .text.GECKO_DisableTestPattern
                0x20023974       0xb4 C:/ISIS/workspace/HOOPOE3/satellite-subsystems/demo/..//satellite-subsystems/lib\libSatelliteSubsystemsD.a(gecko_driver.o)
                0x20023974                GECKO_DisableTestPattern
 .text.GECKO_GetFlashInitDone
                0x20023a28       0x64 C:/ISIS/workspace/HOOPOE3/satellite-subsystems/demo/..//satellite-subsystems/lib\libSatelliteSubsystemsD.a(gecko_driver.o)
                0x20023a28                GECKO_GetFlashInitDone
 .text.GECKO_GetReadReady
                0x20023a8c       0x64 C:/ISIS/workspace/HOOPOE3/satellite-subsystems/demo/..//satellite-subsystems/lib\libSatelliteSubsystemsD.a(gecko_driver.o)
                0x20023a8c                GECKO_GetReadReady
 .text.GECKO_GetReadDone
                0x20023af0       0x64 C:/ISIS/workspace/HOOPOE3/satellite-subsystems/demo/..//satellite-subsystems/lib\libSatelliteSubsystemsD.a(gecko_driver.o)
                0x20023af0                GECKO_GetReadDone
 .text.GECKO_GetSampleDone
                0x20023b54       0x64 C:/ISIS/workspace/HOOPOE3/satellite-subsystems/demo/..//satellite-subsystems/lib\libSatelliteSubsystemsD.a(gecko_driver.o)
                0x20023b54                GECKO_GetSampleDone
 .text.GECKO_GetEraseDone
                0x20023bb8       0x64 C:/ISIS/workspace/HOOPOE3/satellite-subsystems/demo/..//satellite-subsystems/lib\libSatelliteSubsystemsD.a(gecko_driver.o)
                0x20023bb8                GECKO_GetEraseDone
 .text.GECKO_ClearReadDone
                0x20023c1c       0xb4 C:/ISIS/workspace/HOOPOE3/satellite-subsystems/demo/..//satellite-subsystems/lib\libSatelliteSubsystemsD.a(gecko_driver.o)
                0x20023c1c                GECKO_ClearReadDone
 .text.GECKO_ClearSampleDone
                0x20023cd0       0xb4 C:/ISIS/workspace/HOOPOE3/satellite-subsystems/demo/..//satellite-subsystems/lib\libSatelliteSubsystemsD.a(gecko_driver.o)
                0x20023cd0                GECKO_ClearSampleDone
 .text.GECKO_ClearEraseDone
                0x20023d84       0xb4 C:/ISIS/workspace/HOOPOE3/satellite-subsystems/demo/..//satellite-subsystems/lib\libSatelliteSubsystemsD.a(gecko_driver.o)
                0x20023d84                GECKO_ClearEraseDone
 .text.GECKO_SetImageID
                0x20023e38       0xcc C:/ISIS/workspace/HOOPOE3/satellite-subsystems/demo/..//satellite-subsystems/lib\libSatelliteSubsystemsD.a(gecko_driver.o)
                0x20023e38                GECKO_SetImageID
 .text.GECKO_SetFrameAmount
                0x20023f04       0xbc C:/ISIS/workspace/HOOPOE3/satellite-subsystems/demo/..//satellite-subsystems/lib\libSatelliteSubsystemsD.a(gecko_driver.o)
                0x20023f04                GECKO_SetFrameAmount
 .text.GECKO_SensorOn
                0x20023fc0       0xb8 C:/ISIS/workspace/HOOPOE3/satellite-subsystems/demo/..//satellite-subsystems/lib\libSatelliteSubsystemsD.a(gecko_driver.o)
                0x20023fc0                GECKO_SensorOn
 .text.GECKO_SensorOff
                0x20024078       0xb4 C:/ISIS/workspace/HOOPOE3/satellite-subsystems/demo/..//satellite-subsystems/lib\libSatelliteSubsystemsD.a(gecko_driver.o)
                0x20024078                GECKO_SensorOff
 .text.GECKO_SetFrameRate
                0x2002412c       0xc4 C:/ISIS/workspace/HOOPOE3/satellite-subsystems/demo/..//satellite-subsystems/lib\libSatelliteSubsystemsD.a(gecko_driver.o)
                0x2002412c                GECKO_SetFrameRate
 .text.GECKO_GetTrainingDone
                0x200241f0       0x64 C:/ISIS/workspace/HOOPOE3/satellite-subsystems/demo/..//satellite-subsystems/lib\libSatelliteSubsystemsD.a(gecko_driver.o)
                0x200241f0                GECKO_GetTrainingDone
 .text.GECKO_GetTrainingError