Archive member included because of file (symbol)

c:/isis/application/toolchain/bin/../lib/gcc/arm-none-eabi/4.7.4/../../../../arm-none-eabi/lib\libc_s.a(lib_a-vfprintf_float.o)
                              (_printf_float)
c:/isis/application/toolchain/bin/../lib/gcc/arm-none-eabi/4.7.4/../../../../arm-none-eabi/lib\libc_s.a(lib_a-vfprintf_i.o)
                              c:/isis/application/toolchain/bin/../lib/gcc/arm-none-eabi/4.7.4/../../../../arm-none-eabi/lib\libc_s.a(lib_a-vfprintf_float.o) (_printf_common)
c:/isis/application/toolchain/bin/../lib/gcc/arm-none-eabi/4.7.4/../../../../arm-none-eabi/lib\libc_s.a(lib_a-vfscanf_float.o)
                              (_scanf_float)
c:/isis/application/toolchain/bin/../lib/gcc/arm-none-eabi/4.7.4/../../../../arm-none-eabi/lib\libc_s.a(lib_a-dtoa.o)
                              c:/isis/application/toolchain/bin/../lib/gcc/arm-none-eabi/4.7.4/../../../../arm-none-eabi/lib\libc_s.a(lib_a-vfprintf_float.o) (_dtoa_r)
c:/isis/application/toolchain/bin/../lib/gcc/arm-none-eabi/4.7.4/../../../../arm-none-eabi/lib\libc_s.a(lib_a-locale.o)
                              c:/isis/application/toolchain/bin/../lib/gcc/arm-none-eabi/4.7.4/../../../../arm-none-eabi/lib\libc_s.a(lib_a-vfprintf_float.o) (_localeconv_r)
c:/isis/application/toolchain/bin/../lib/gcc/arm-none-eabi/4.7.4/../../../../arm-none-eabi/lib\libc_s.a(lib_a-malloc.o)
                              c:/isis/application/toolchain/bin/../lib/gcc/arm-none-eabi/4.7.4/../../../../arm-none-eabi/lib\libc_s.a(lib_a-dtoa.o) (malloc)
c:/isis/application/toolchain/bin/../lib/gcc/arm-none-eabi/4.7.4/../../../../arm-none-eabi/lib\libc_s.a(lib_a-mallocr.o)
                              c:/isis/application/toolchain/bin/../lib/gcc/arm-none-eabi/4.7.4/../../../../arm-none-eabi/lib\libc_s.a(lib_a-malloc.o) (_malloc_r)
c:/isis/application/toolchain/bin/../lib/gcc/arm-none-eabi/4.7.4/../../../../arm-none-eabi/lib\libc_s.a(lib_a-memcpy.o)
                              c:/isis/application/toolchain/bin/../lib/gcc/arm-none-eabi/4.7.4/../../../../arm-none-eabi/lib\libc_s.a(lib_a-dtoa.o) (memcpy)
c:/isis/application/toolchain/bin/../lib/gcc/arm-none-eabi/4.7.4/../../../../arm-none-eabi/lib\libc_s.a(lib_a-mprec.o)
                              c:/isis/application/toolchain/bin/../lib/gcc/arm-none-eabi/4.7.4/../../../../arm-none-eabi/lib\libc_s.a(lib_a-dtoa.o) (_Balloc)
c:/isis/application/toolchain/bin/../lib/gcc/arm-none-eabi/4.7.4/../../../../arm-none-eabi/lib\libc_s.a(lib_a-s_fpclassify.o)
                              c:/isis/application/toolchain/bin/../lib/gcc/arm-none-eabi/4.7.4/../../../../arm-none-eabi/lib\libc_s.a(lib_a-vfprintf_float.o) (__fpclassifyd)
c:/isis/application/toolchain/bin/../lib/gcc/arm-none-eabi/4.7.4/../../../../arm-none-eabi/lib\libc_s.a(lib_a-sbrkr.o)
                              c:/isis/application/toolchain/bin/../lib/gcc/arm-none-eabi/4.7.4/../../../../arm-none-eabi/lib\libc_s.a(lib_a-mallocr.o) (_sbrk_r)
c:/isis/application/toolchain/bin/../lib/gcc/arm-none-eabi/4.7.4/../../../../arm-none-eabi/lib\libc_s.a(lib_a-sf_nan.o)
                              c:/isis/application/toolchain/bin/../lib/gcc/arm-none-eabi/4.7.4/../../../../arm-none-eabi/lib\libc_s.a(lib_a-vfscanf_float.o) (nanf)
c:/isis/application/toolchain/bin/../lib/gcc/arm-none-eabi/4.7.4/../../../../arm-none-eabi/lib\libc_s.a(lib_a-sprintf.o)
                              c:/isis/application/toolchain/bin/../lib/gcc/arm-none-eabi/4.7.4/../../../../arm-none-eabi/lib\libc_s.a(lib_a-vfscanf_float.o) (sprintf)
c:/isis/application/toolchain/bin/../lib/gcc/arm-none-eabi/4.7.4/../../../../arm-none-eabi/lib\libc_s.a(lib_a-strcmp.o)
                              c:/isis/application/toolchain/bin/../lib/gcc/arm-none-eabi/4.7.4/../../../../arm-none-eabi/lib\libc_s.a(lib_a-locale.o) (strcmp)
c:/isis/application/toolchain/bin/../lib/gcc/arm-none-eabi/4.7.4/../../../../arm-none-eabi/lib\libc_s.a(lib_a-strlen.o)
                              c:/isis/application/toolchain/bin/../lib/gcc/arm-none-eabi/4.7.4/../../../../arm-none-eabi/lib\libc_s.a(lib_a-vfprintf_float.o) (strlen)
c:/isis/application/toolchain/bin/../lib/gcc/arm-none-eabi/4.7.4/../../../../arm-none-eabi/lib\libc_s.a(lib_a-strtod.o)
                              c:/isis/application/toolchain/bin/../lib/gcc/arm-none-eabi/4.7.4/../../../../arm-none-eabi/lib\libc_s.a(lib_a-vfscanf_float.o) (_strtod_r)
c:/isis/application/toolchain/bin/../lib/gcc/arm-none-eabi/4.7.4/../../../../arm-none-eabi/lib\libc_s.a(lib_a-strtol.o)
                              c:/isis/application/toolchain/bin/../lib/gcc/arm-none-eabi/4.7.4/../../../../arm-none-eabi/lib\libc_s.a(lib_a-vfscanf_float.o) (_strtol_r)
c:/isis/application/toolchain/bin/../lib/gcc/arm-none-eabi/4.7.4/../../../../arm-none-eabi/lib\libc_s.a(lib_a-svfprintf.o)
                              c:/isis/application/toolchain/bin/../lib/gcc/arm-none-eabi/4.7.4/../../../../arm-none-eabi/lib\libc_s.a(lib_a-sprintf.o) (_svfprintf_r)
[...]
Memory Configuration

Name             Origin             Length             Attributes
sram0            0x00200000         0x00004000         w !xr
sram1            0x00300000         0x00004000         w !xr
sdram            0x20000000         0x02000000         w !xr
*default*        0x00000000         0xffffffff

Linker script and memory map

LOAD c:/isis/application/toolchain/bin/../lib/gcc/arm-none-eabi/4.7.4/../../../../arm-none-eabi/lib\libc_s.a
LOAD ./src/sub-systemCode/Main/CMD/COMM_CMD.o
LOAD ./src/sub-systemCode/Main/CMD/EPS_CMD.o
LOAD ./src/sub-systemCode/Main/CMD/General_CMD.o
LOAD ./src/sub-systemCode/Main/CMD/SW_CMD.o
LOAD ./src/sub-systemCode/Main/CMD/payload_CMD.o
LOAD ./src/sub-systemCode/Main/Ants.o
LOAD ./src/sub-systemCode/Main/EPS.o
LOAD ./src/sub-systemCode/Main/HouseKeeping.o
LOAD ./src/sub-systemCode/Main/Main_Init.o
LOAD ./src/sub-systemCode/Main/commands.o
LOAD ./src/sub-systemCode/Global/Global.o
LOAD ./src/sub-systemCode/Global/GlobalParam.o
LOAD ./src/sub-systemCode/Global/OnlineTM.o
LOAD ./src/sub-systemCode/Global/TLM_management.o
LOAD ./src/sub-systemCode/COMM/APRS.o
LOAD ./src/sub-systemCode/COMM/DelayedCommand_list.o
LOAD ./src/sub-systemCode/COMM/GSC.o
LOAD ./src/sub-systemCode/COMM/TRXVU.o
LOAD ./src/sub-systemCode/ADCS/ADCS.o
LOAD ./src/sub-systemCode/ADCS/Stage_Table.o
LOAD ./src/main.o
LOAD C:/HOOPOE3/satellite-subsystems/demo/..//satellite-subsystems/lib\libSatelliteSubsystemsD.a
LOAD c:/isis/application/toolchain/bin/../lib/gcc/arm-none-eabi/4.7.4/../../../../arm-none-eabi/lib\libm.a
LOAD C:/HOOPOE3/satellite-subsystems/demo/../..//hal/hcc/lib\libHCCD.a
LOAD C:/HOOPOE3/satellite-subsystems/demo/../..//hal/hal/lib\libHALD.a
LOAD C:/HOOPOE3/satellite-subsystems/demo/../..//hal/freertos/lib\libFreeRTOSD.a
LOAD C:/HOOPOE3/satellite-subsystems/demo/../..//hal/at91/lib\libAt91D.a
START GROUP
LOAD c:/isis/application/toolchain/bin/../lib/gcc/arm-none-eabi/4.7.4\libgcc.a
LOAD c:/isis/application/toolchain/bin/../lib/gcc/arm-none-eabi/4.7.4/../../../../arm-none-eabi/lib\libc_s.a
END GROUP

.fixed          0x20000000    0x410b8
                0x20000000                . = ALIGN (0x4)
                0x20000000                _sfixed = .
 *(.startup)
 .startup       0x20000000      0x134 C:/HOOPOE3/satellite-subsystems/demo/../..//hal/at91/lib\libAt91D.a(board_cstartup.o)
                0x20000000                entry
 *(.text)
 .text          0x20000134       0x64 C:/HOOPOE3/satellite-subsystems/demo/../..//hal/at91/lib\libAt91D.a(cp15_asm.o)
                0x20000134                _readControlRegister
                0x20000140                _writeControlRegister
                0x20000148                _waitForInterrupt
                0x20000154                _writeTTB
                0x2000015c                _writeDomain
                0x20000164                _writeITLBLockdown
                0x2000016c                _prefetchICacheLine
                0x20000174                _flushDCache
                0x20000180                _flushWriteBuffer
                0x2000018c                _invalidateIDTLBs
 .text          0x20000198      0x114 c:/isis/application/toolchain/bin/../lib/gcc/arm-none-eabi/4.7.4\libgcc.a(_udivsi3.o)
                0x20000198                __aeabi_uidiv
                0x20000198                __udivsi3
                0x2000028c                __aeabi_uidivmod
 .text          0x200002ac      0x148 c:/isis/application/toolchain/bin/../lib/gcc/arm-none-eabi/4.7.4\libgcc.a(_divsi3.o)
                0x200002ac                __divsi3
                0x200002ac                __aeabi_idiv
                0x200003d4                __aeabi_idivmod
 .text          0x200003f4        0x4 c:/isis/application/toolchain/bin/../lib/gcc/arm-none-eabi/4.7.4\libgcc.a(_dvmd_tls.o)
                0x200003f4                __aeabi_idiv0
                0x200003f4                __aeabi_ldiv0
 .text          0x200003f8      0x41c c:/isis/application/toolchain/bin/../lib/gcc/arm-none-eabi/4.7.4\libgcc.a(_arm_addsubdf3.o)
                0x200003f8                __aeabi_drsub
                0x20000400                __aeabi_dsub
                0x20000400                __subdf3
                0x20000404                __aeabi_dadd
                0x20000404                __adddf3
                0x20000714                __floatunsidf
                0x20000714                __aeabi_ui2d
                0x20000738                __floatsidf
                0x20000738                __aeabi_i2d
                0x20000760                __aeabi_f2d
                0x20000760                __extendsfdf2
                0x200007a0                __floatundidf
                0x200007a0                __aeabi_ul2d
                0x200007b4                __floatdidf
                0x200007b4                __aeabi_l2d
 .text          0x20000814      0x49c c:/isis/application/toolchain/bin/../lib/gcc/arm-none-eabi/4.7.4\libgcc.a(_arm_muldivdf3.o)
                0x20000814                __aeabi_dmul
                0x20000814                __muldf3
                0x20000aa4                __divdf3
                0x20000aa4                __aeabi_ddiv
 .text          0x20000cb0      0x144 c:/isis/application/toolchain/bin/../lib/gcc/arm-none-eabi/4.7.4\libgcc.a(_arm_cmpdf2.o)
                0x20000cb0                __gtdf2
                0x20000cb0                __gedf2
                0x20000cb8                __ltdf2
                0x20000cb8                __ledf2
                0x20000cc0                __nedf2
                0x20000cc0                __eqdf2
                0x20000cc0                __cmpdf2
                0x20000d48                __aeabi_cdrcmple
                0x20000d64                __aeabi_cdcmpeq
                0x20000d64                __aeabi_cdcmple
                0x20000d7c                __aeabi_dcmpeq
                0x20000d94                __aeabi_dcmplt
                0x20000dac                __aeabi_dcmple
                0x20000dc4                __aeabi_dcmpge
                0x20000ddc                __aeabi_dcmpgt
 .text          0x20000df4       0x5c c:/isis/application/toolchain/bin/../lib/gcc/arm-none-eabi/4.7.4\libgcc.a(_arm_fixdfsi.o)
                0x20000df4                __aeabi_d2iz
                0x20000df4                __fixdfsi
 .text          0x20000e50       0x54 c:/isis/application/toolchain/bin/../lib/gcc/arm-none-eabi/4.7.4\libgcc.a(_arm_fixunsdfsi.o)
                0x20000e50                __aeabi_d2uiz
                0x20000e50                __fixunsdfsi
 .text          0x20000ea4       0xa0 c:/isis/application/toolchain/bin/../lib/gcc/arm-none-eabi/4.7.4\libgcc.a(_arm_truncdfsf2.o)
                0x20000ea4                __truncdfsf2
                0x20000ea4                __aeabi_d2f
 .text          0x20000f44      0x2ac c:/isis/application/toolchain/bin/../lib/gcc/arm-none-eabi/4.7.4\libgcc.a(_arm_addsubsf3.o)
                0x20000f44                __aeabi_frsub
                0x20000f4c                __subsf3
                0x20000f4c                __aeabi_fsub
                0x20000f50                __aeabi_fadd
                0x20000f50                __addsf3
                0x2000110c                __aeabi_ui2f
                0x2000110c                __floatunsisf
                0x20001114                __aeabi_i2f
                0x20001114                __floatsisf
                0x20001134                __aeabi_ul2f
                0x20001134                __floatundisf
                0x20001144                __aeabi_l2f
                0x20001144                __floatdisf
 .text          0x200011f0      0x2f8 c:/isis/application/toolchain/bin/../lib/gcc/arm-none-eabi/4.7.4\libgcc.a(_arm_muldivsf3.o)
                0x200011f0                __mulsf3
                0x200011f0                __aeabi_fmul
                0x20001388                __aeabi_fdiv
                0x20001388                __divsf3
 .text          0x200014e8      0x114 c:/isis/application/toolchain/bin/../lib/gcc/arm-none-eabi/4.7.4\libgcc.a(_arm_cmpsf2.o)
                0x200014e8                __gesf2
                0x200014e8                __gtsf2
                0x200014f0                __lesf2
                0x200014f0                __ltsf2
                0x200014f8                __nesf2
                0x200014f8                __eqsf2
                0x200014f8                __cmpsf2
                0x2000155c                __aeabi_cfrcmple
                0x2000156c                __aeabi_cfcmpeq
                0x2000156c                __aeabi_cfcmple
                0x20001584                __aeabi_fcmpeq
                0x2000159c                __aeabi_fcmplt
                0x200015b4                __aeabi_fcmple
                0x200015cc                __aeabi_fcmpge
                0x200015e4                __aeabi_fcmpgt
 .text          0x200015fc       0x54 c:/isis/application/toolchain/bin/../lib/gcc/arm-none-eabi/4.7.4\libgcc.a(_arm_fixunssfsi.o)
                0x200015fc                __fixunssfsi
                0x200015fc                __aeabi_f2uiz
 *(.text*)
 .text.__cvt    0x20001650      0x138 c:/isis/application/toolchain/bin/../lib/gcc/arm-none-eabi/4.7.4/../../../../arm-none-eabi/lib\libc_s.a(lib_a-vfprintf_float.o)
                0x20001650                __cvt
 .text.__exponent
                0x20001788       0xa8 c:/isis/application/toolchain/bin/../lib/gcc/arm-none-eabi/4.7.4/../../../../arm-none-eabi/lib\libc_s.a(lib_a-vfprintf_float.o)
                0x20001788                __exponent
 .text._printf_float
                0x20001830      0x7dc c:/isis/application/toolchain/bin/../lib/gcc/arm-none-eabi/4.7.4/../../../../arm-none-eabi/lib\libc_s.a(lib_a-vfprintf_float.o)
                0x20001830                _printf_float
 .text._printf_common
                0x2000200c      0x174 c:/isis/application/toolchain/bin/../lib/gcc/arm-none-eabi/4.7.4/../../../../arm-none-eabi/lib\libc_s.a(lib_a-vfprintf_i.o)
                0x2000200c                _printf_common
 .text._printf_i
                0x20002180      0x3c4 c:/isis/application/toolchain/bin/../lib/gcc/arm-none-eabi/4.7.4/../../../../arm-none-eabi/lib\libc_s.a(lib_a-vfprintf_i.o)
                0x20002180                _printf_i
 .text._scanf_float
                0x20002544      0x5f4 c:/isis/application/toolchain/bin/../lib/gcc/arm-none-eabi/4.7.4/../../../../arm-none-eabi/lib\libc_s.a(lib_a-vfscanf_float.o)
                0x20002544                _scanf_float
 .text.quorem   0x20002b38      0x1ac c:/isis/application/toolchain/bin/../lib/gcc/arm-none-eabi/4.7.4/../../../../arm-none-eabi/lib\libc_s.a(lib_a-dtoa.o)
 .text._dtoa_r  0x20002ce4     0x1268 c:/isis/application/toolchain/bin/../lib/gcc/arm-none-eabi/4.7.4/../../../../arm-none-eabi/lib\libc_s.a(lib_a-dtoa.o)
                0x20002ce4                _dtoa_r
 .text._localeconv_r
                0x20003f4c        0xc c:/isis/application/toolchain/bin/../lib/gcc/arm-none-eabi/4.7.4/../../../../arm-none-eabi/lib\libc_s.a(lib_a-locale.o)
                0x20003f4c                _localeconv_r
 .text.malloc   0x20003f58       0x20 c:/isis/application/toolchain/bin/../lib/gcc/arm-none-eabi/4.7.4/../../../../arm-none-eabi/lib\libc_s.a(lib_a-malloc.o)
                0x20003f58                malloc
 .text.free     0x20003f78       0x20 c:/isis/application/toolchain/bin/../lib/gcc/arm-none-eabi/4.7.4/../../../../arm-none-eabi/lib\libc_s.a(lib_a-malloc.o)
                0x20003f78                free
 .text._malloc_r
                0x20003f98       0xfc c:/isis/application/toolchain/bin/../lib/gcc/arm-none-eabi/4.7.4/../../../../arm-none-eabi/lib\libc_s.a(lib_a-mallocr.o)
                0x20003f98                _malloc_r
 .text.memcpy   0x20004094       0x20 c:/isis/application/toolchain/bin/../lib/gcc/arm-none-eabi/4.7.4/../../../../arm-none-eabi/lib\libc_s.a(lib_a-memcpy.o)
                0x20004094                memcpy
 .text._Balloc  0x200040b4       0xcc c:/isis/application/toolchain/bin/../lib/gcc/arm-none-eabi/4.7.4/../../../../arm-none-eabi/lib\libc_s.a(lib_a-mprec.o)
                0x200040b4                _Balloc
 .text._Bfree   0x20004180       0x5c c:/isis/application/toolchain/bin/../lib/gcc/arm-none-eabi/4.7.4/../../../../arm-none-eabi/lib\libc_s.a(lib_a-mprec.o)
                0x20004180                _Bfree
 .text.__multadd
                0x200041dc       0xbc c:/isis/application/toolchain/bin/../lib/gcc/arm-none-eabi/4.7.4/../../../../arm-none-eabi/lib\libc_s.a(lib_a-mprec.o)
                0x200041dc                __multadd
 .text.__s2b    0x20004298       0xd8 c:/isis/application/toolchain/bin/../lib/gcc/arm-none-eabi/4.7.4/../../../../arm-none-eabi/lib\libc_s.a(lib_a-mprec.o)
                0x20004298                __s2b
 .text.__hi0bits
                0x20004370       0x58 c:/isis/application/toolchain/bin/../lib/gcc/arm-none-eabi/4.7.4/../../../../arm-none-eabi/lib\libc_s.a(lib_a-mprec.o)
                0x20004370                __hi0bits
 .text.__lo0bits
                0x200043c8       0x94 c:/isis/application/toolchain/bin/../lib/gcc/arm-none-eabi/4.7.4/../../../../arm-none-eabi/lib\libc_s.a(lib_a-mprec.o)
                0x200043c8                __lo0bits
 .text.__i2b    0x2000445c       0x24 c:/isis/application/toolchain/bin/../lib/gcc/arm-none-eabi/4.7.4/../../../../arm-none-eabi/lib\libc_s.a(lib_a-mprec.o)
                0x2000445c                __i2b
 .text.__multiply
                0x20004480      0x1ac c:/isis/application/toolchain/bin/../lib/gcc/arm-none-eabi/4.7.4/../../../../arm-none-eabi/lib\libc_s.a(lib_a-mprec.o)
                0x20004480                __multiply
 .text.__pow5mult
                0x2000462c      0x10c c:/isis/application/toolchain/bin/../lib/gcc/arm-none-eabi/4.7.4/../../../../arm-none-eabi/lib\libc_s.a(lib_a-mprec.o)
                0x2000462c                __pow5mult
 .text.__lshift
                0x20004738       0xf0 c:/isis/application/toolchain/bin/../lib/gcc/arm-none-eabi/4.7.4/../../../../arm-none-eabi/lib\libc_s.a(lib_a-mprec.o)
                0x20004738                __lshift
 .text.__mcmp   0x20004828       0x60 c:/isis/application/toolchain/bin/../lib/gcc/arm-none-eabi/4.7.4/../../../../arm-none-eabi/lib\libc_s.a(lib_a-mprec.o)
                0x20004828                __mcmp
 .text.__mdiff  0x20004888      0x128 c:/isis/application/toolchain/bin/../lib/gcc/arm-none-eabi/4.7.4/../../../../arm-none-eabi/lib\libc_s.a(lib_a-mprec.o)
                0x20004888                __mdiff
 .text.__ulp    0x200049b0       0x5c c:/isis/application/toolchain/bin/../lib/gcc/arm-none-eabi/4.7.4/../../../../arm-none-eabi/lib\libc_s.a(lib_a-mprec.o)
                0x200049b0                __ulp
 .text.__b2d    0x20004a0c       0xc8 c:/isis/application/toolchain/bin/../lib/gcc/arm-none-eabi/4.7.4/../../../../arm-none-eabi/lib\libc_s.a(lib_a-mprec.o)
                0x20004a0c                __b2d
 .text.__d2b    0x20004ad4       0xfc c:/isis/application/toolchain/bin/../lib/gcc/arm-none-eabi/4.7.4/../../../../arm-none-eabi/lib\libc_s.a(lib_a-mprec.o)
                0x20004ad4                __d2b
 .text.__ratio  0x20004bd0       0x70 c:/isis/application/toolchain/bin/../lib/gcc/arm-none-eabi/4.7.4/../../../../arm-none-eabi/lib\libc_s.a(lib_a-mprec.o)
                0x20004bd0                __ratio
 .text.__copybits
                0x20004c40       0x4c c:/isis/application/toolchain/bin/../lib/gcc/arm-none-eabi/4.7.4/../../../../arm-none-eabi/lib\libc_s.a(lib_a-mprec.o)
                0x20004c40                __copybits
 .text.__any_on
                0x20004c8c       0x7c c:/isis/application/toolchain/bin/../lib/gcc/arm-none-eabi/4.7.4/../../../../arm-none-eabi/lib\libc_s.a(lib_a-mprec.o)
                0x20004c8c                __any_on
 .text.__fpclassifyd
                0x20004d08       0x6c c:/isis/application/toolchain/bin/../lib/gcc/arm-none-eabi/4.7.4/../../../../arm-none-eabi/lib\libc_s.a(lib_a-s_fpclassify.o)
                0x20004d08                __fpclassifyd
 .text._sbrk_r  0x20004d74       0x3c c:/isis/application/toolchain/bin/../lib/gcc/arm-none-eabi/4.7.4/../../../../arm-none-eabi/lib\libc_s.a(lib_a-sbrkr.o)
                0x20004d74                _sbrk_r
 .text.nanf     0x20004db0        0xc c:/isis/application/toolchain/bin/../lib/gcc/arm-none-eabi/4.7.4/../../../../arm-none-eabi/lib\libc_s.a(lib_a-sf_nan.o)
                0x20004db0                nanf
 .text.sprintf  0x20004dbc       0x6c c:/isis/application/toolchain/bin/../lib/gcc/arm-none-eabi/4.7.4/../../../../arm-none-eabi/lib\libc_s.a(lib_a-sprintf.o)
                0x20004dbc                siprintf
                0x20004dbc                sprintf
 .text.strcmp   0x20004e28       0x1c c:/isis/application/toolchain/bin/../lib/gcc/arm-none-eabi/4.7.4/../../../../arm-none-eabi/lib\libc_s.a(lib_a-strcmp.o)
                0x20004e28                strcmp
 .text.strlen   0x20004e44       0x1c c:/isis/application/toolchain/bin/../lib/gcc/arm-none-eabi/4.7.4/../../../../arm-none-eabi/lib\libc_s.a(lib_a-strlen.o)
                0x20004e44                strlen
 .text.match    0x20004e60       0x54 c:/isis/application/toolchain/bin/../lib/gcc/arm-none-eabi/4.7.4/../../../../arm-none-eabi/lib\libc_s.a(lib_a-strtod.o)
 .text._strtod_r
                0x20004eb4     0x1168 c:/isis/application/toolchain/bin/../lib/gcc/arm-none-eabi/4.7.4/../../../../arm-none-eabi/lib\libc_s.a(lib_a-strtod.o)
                0x20004eb4                _strtod_r
 .text._strtol_r
                0x2000601c      0x1b8 c:/isis/application/toolchain/bin/../lib/gcc/arm-none-eabi/4.7.4/../../../../arm-none-eabi/lib\libc_s.a(lib_a-strtol.o)
                0x2000601c                _strtol_r
 .text.__ssputc_r
                0x200061d4      0x10c c:/isis/application/toolchain/bin/../lib/gcc/arm-none-eabi/4.7.4/../../../../arm-none-eabi/lib\libc_s.a(lib_a-svfprintf.o)
                0x200061d4                __ssputc_r
 .text._svfprintf_r
                0x200062e0      0x328 c:/isis/application/toolchain/bin/../lib/gcc/arm-none-eabi/4.7.4/../../../../arm-none-eabi/lib\libc_s.a(lib_a-svfprintf.o)
                0x200062e0                _svfiprintf_r
                0x200062e0                _svfprintf_r
 .text._calloc_r
                0x20006608       0x2c c:/isis/application/toolchain/bin/../lib/gcc/arm-none-eabi/4.7.4/../../../../arm-none-eabi/lib\libc_s.a(lib_a-callocr.o)
                0x20006608                _calloc_r
 .text._free_r  0x20006634      0x108 c:/isis/application/toolchain/bin/../lib/gcc/arm-none-eabi/4.7.4/../../../../arm-none-eabi/lib\libc_s.a(lib_a-freer.o)
                0x20006634                _free_r
 .text.rshift   0x2000673c       0xb0 c:/isis/application/toolchain/bin/../lib/gcc/arm-none-eabi/4.7.4/../../../../arm-none-eabi/lib\libc_s.a(lib_a-gdtoa-gethex.o)
 .text.htinit.constprop.0
                0x200067ec       0x34 c:/isis/application/toolchain/bin/../lib/gcc/arm-none-eabi/4.7.4/../../../../arm-none-eabi/lib\libc_s.a(lib_a-gdtoa-gethex.o)
 .text.__hexdig_init
                0x20006820       0x38 c:/isis/application/toolchain/bin/../lib/gcc/arm-none-eabi/4.7.4/../../../../arm-none-eabi/lib\libc_s.a(lib_a-gdtoa-gethex.o)
                0x20006820                __hexdig_init
 .text.__gethex
                0x20006858      0x6cc c:/isis/application/toolchain/bin/../lib/gcc/arm-none-eabi/4.7.4/../../../../arm-none-eabi/lib\libc_s.a(lib_a-gdtoa-gethex.o)
                0x20006858                __gethex
 .text.L_shift  0x20006f24       0x38 c:/isis/application/toolchain/bin/../lib/gcc/arm-none-eabi/4.7.4/../../../../arm-none-eabi/lib\libc_s.a(lib_a-gdtoa-hexnan.o)
 .text.__hexnan
                0x20006f5c      0x1d8 c:/isis/application/toolchain/bin/../lib/gcc/arm-none-eabi/4.7.4/../../../../arm-none-eabi/lib\libc_s.a(lib_a-gdtoa-hexnan.o)
                0x20006f5c                __hexnan
 .text.memchr   0x20007134       0x34 c:/isis/application/toolchain/bin/../lib/gcc/arm-none-eabi/4.7.4/../../../../arm-none-eabi/lib\libc_s.a(lib_a-memchr.o)
                0x20007134                memchr
 .text.memset   0x20007168       0x1c c:/isis/application/toolchain/bin/../lib/gcc/arm-none-eabi/4.7.4/../../../../arm-none-eabi/lib\libc_s.a(lib_a-memset.o)
                0x20007168                memset
 .text._realloc_r
                0x20007184       0x80 c:/isis/application/toolchain/bin/../lib/gcc/arm-none-eabi/4.7.4/../../../../arm-none-eabi/lib\libc_s.a(lib_a-reallocr.o)
                0x20007184                _realloc_r
 .text.strncmp  0x20007204       0x64 c:/isis/application/toolchain/bin/../lib/gcc/arm-none-eabi/4.7.4/../../../../arm-none-eabi/lib\libc_s.a(lib_a-strncmp.o)
                0x20007204                strncmp
 .text._malloc_usable_size_r
                0x20007268       0x1c c:/isis/application/toolchain/bin/../lib/gcc/arm-none-eabi/4.7.4/../../../../arm-none-eabi/lib\libc_s.a(lib_a-msizer.o)
                0x20007268                _malloc_usable_size_r
 .text.cmd_mute
                0x20007284       0xc4 ./src/sub-systemCode/Main/CMD/COMM_CMD.o
                0x20007284                cmd_mute
 .text.cmd_unmute
                0x20007348       0x4c ./src/sub-systemCode/Main/CMD/COMM_CMD.o
                0x20007348                cmd_unmute
 .text.cmd_active_trans
                0x20007394       0xc0 ./src/sub-systemCode/Main/CMD/COMM_CMD.o
                0x20007394                cmd_active_trans
 .text.cmd_shut_trans
                0x20007454       0x38 ./src/sub-systemCode/Main/CMD/COMM_CMD.o
                0x20007454                cmd_shut_trans
 .text.cmd_change_trans_rssi
                0x2000748c      0x100 ./src/sub-systemCode/Main/CMD/COMM_CMD.o
                0x2000748c                cmd_change_trans_rssi
 .text.cmd_aprs_dump
                0x2000758c       0x50 ./src/sub-systemCode/Main/CMD/COMM_CMD.o
                0x2000758c                cmd_aprs_dump
 .text.cmd_stop_dump
                0x200075dc       0x38 ./src/sub-systemCode/Main/CMD/COMM_CMD.o
                0x200075dc                cmd_stop_dump
 .text.cmd_time_frequency
                0x20007614       0xc0 ./src/sub-systemCode/Main/CMD/COMM_CMD.o
                0x20007614                cmd_time_frequency
 .text.cmd_change_def_bit_rate
                0x200076d4      0x158 ./src/sub-systemCode/Main/CMD/COMM_CMD.o
                0x200076d4                cmd_change_def_bit_rate
 .text.cmd_upload_volt_logic
                0x2000782c      0x334 ./src/sub-systemCode/Main/CMD/EPS_CMD.o
                0x2000782c                cmd_upload_volt_logic
 .text.cmd_upload_volt_COMM
                0x20007b60      0x1c8 ./src/sub-systemCode/Main/CMD/EPS_CMD.o
                0x20007b60                cmd_upload_volt_COMM
 .text.cmd_heater_temp
                0x20007d28       0xc0 ./src/sub-systemCode/Main/CMD/EPS_CMD.o
                0x20007d28                cmd_heater_temp
 .text.cmd_SHUT_CAM
                0x20007de8       0x6c ./src/sub-systemCode/Main/CMD/EPS_CMD.o
                0x20007de8                cmd_SHUT_CAM
 .text.cmd_SHUT_ADCS
                0x20007e54       0x6c ./src/sub-systemCode/Main/CMD/EPS_CMD.o
                0x20007e54                cmd_SHUT_ADCS
 .text.cmd_allow_CAM
                0x20007ec0       0x6c ./src/sub-systemCode/Main/CMD/EPS_CMD.o
                0x20007ec0                cmd_allow_CAM
 .text.cmd_allow_ADCS
                0x20007f2c       0x6c ./src/sub-systemCode/Main/CMD/EPS_CMD.o
                0x20007f2c                cmd_allow_ADCS
 .text.cmd_update_alpha
                0x20007f98       0xfc ./src/sub-systemCode/Main/CMD/EPS_CMD.o
                0x20007f98                cmd_update_alpha
 .text.cmd_generic_I2C
                0x20008094       0xb4 ./src/sub-systemCode/Main/CMD/General_CMD.o
                0x20008094                cmd_generic_I2C
 .text.cmd_dump
                0x20008148       0xf0 ./src/sub-systemCode/Main/CMD/General_CMD.o
                0x20008148                cmd_dump
 .text.cmd_delete_TM
                0x20008238      0x234 ./src/sub-systemCode/Main/CMD/General_CMD.o
                0x20008238                cmd_delete_TM
 .text.cmd_reset_file
                0x2000846c      0x11c ./src/sub-systemCode/Main/CMD/General_CMD.o
                0x2000846c                cmd_reset_file
 .text.cmd_dummy_func
                0x20008588       0x40 ./src/sub-systemCode/Main/CMD/General_CMD.o
                0x20008588                cmd_dummy_func
 .text.cmd_soft_reset_cmponent
                0x200085c8       0xac ./src/sub-systemCode/Main/CMD/General_CMD.o
                0x200085c8                cmd_soft_reset_cmponent
 .text.cmd_hard_reset_cmponent
                0x20008674       0xac ./src/sub-systemCode/Main/CMD/General_CMD.o
                0x20008674                cmd_hard_reset_cmponent
 .text.cmd_reset_satellite
                0x20008720       0x78 ./src/sub-systemCode/Main/CMD/General_CMD.o
                0x20008720                cmd_reset_satellite
 .text.cmd_gracefull_reset_satellite
                0x20008798       0x78 ./src/sub-systemCode/Main/CMD/General_CMD.o
                0x20008798                cmd_gracefull_reset_satellite
 .text.cmd_upload_time
                0x20008810       0xb0 ./src/sub-systemCode/Main/CMD/General_CMD.o
                0x20008810                cmd_upload_time
 .text.cmd_ARM_DIARM
                0x200088c0       0xd4 ./src/sub-systemCode/Main/CMD/General_CMD.o
                0x200088c0                cmd_ARM_DIARM
 .text.cmd_get_onlineTM
                0x20008994       0xb8 ./src/sub-systemCode/Main/CMD/General_CMD.o
                0x20008994                cmd_get_onlineTM
 .text.cmd_reset_off_line
                0x20008a4c       0x68 ./src/sub-systemCode/Main/CMD/General_CMD.o
                0x20008a4c                cmd_reset_off_line
 .text.cmd_add_item_off_line
                0x20008ab4       0xf0 ./src/sub-systemCode/Main/CMD/General_CMD.o
                0x20008ab4                cmd_add_item_off_line
 .text.cmd_reset_delayed_command_list
                0x20008ba4       0x3c ./src/sub-systemCode/Main/CMD/SW_CMD.o
                0x20008ba4                cmd_reset_delayed_command_list
 .text.cmd_reset_APRS_list
                0x20008be0       0x3c ./src/sub-systemCode/Main/CMD/SW_CMD.o
                0x20008be0                cmd_reset_APRS_list
 .text.cmd_reset_FRAM
                0x20008c1c       0xe8 ./src/sub-systemCode/Main/CMD/SW_CMD.o
                0x20008c1c                cmd_reset_FRAM
 .text.ARM_ants
                0x20008d04       0xb8 ./src/sub-systemCode/Main/Ants.o
                0x20008d04                ARM_ants
 .text.DISARM_ants
                0x20008dbc       0xb8 ./src/sub-systemCode/Main/Ants.o
                0x20008dbc                DISARM_ants
 .text.round_vol
                0x20008e74      0x124 ./src/sub-systemCode/Main/EPS.o
                0x20008e74                round_vol
 .text.get_shut_ADCS
                0x20008f98       0x48 ./src/sub-systemCode/Main/EPS.o
                0x20008f98                get_shut_ADCS
 .text.shut_ADCS
                0x20008fe0       0x44 ./src/sub-systemCode/Main/EPS.o
                0x20008fe0                shut_ADCS
 .text.get_shut_CAM
                0x20009024       0x48 ./src/sub-systemCode/Main/EPS.o
                0x20009024                get_shut_CAM
 .text.shut_CAM
                0x2000906c       0x44 ./src/sub-systemCode/Main/EPS.o
                0x2000906c                shut_CAM
 .text.update_powerLines
                0x200090b0       0xec ./src/sub-systemCode/Main/EPS.o
                0x200090b0                update_powerLines
 .text.init_enterMode
                0x2000919c       0x88 ./src/sub-systemCode/Main/EPS.o
                0x2000919c                init_enterMode
 .text.EPS_Init
                0x20009224      0x1c8 ./src/sub-systemCode/Main/EPS.o
                0x20009224                EPS_Init
 .text.reset_FRAM_EPS
                0x200093ec       0xe0 ./src/sub-systemCode/Main/EPS.o
                0x200093ec                reset_FRAM_EPS
 .text.reset_EPS_voltages
                0x200094cc       0xbc ./src/sub-systemCode/Main/EPS.o
                0x200094cc                reset_EPS_voltages
 .text.battery_downward
                0x20009588      0x114 ./src/sub-systemCode/Main/EPS.o
                0x20009588                battery_downward
 .text.battery_upward
                0x2000969c      0x120 ./src/sub-systemCode/Main/EPS.o
                0x2000969c                battery_upward
 .text.EPS_Conditioning
                0x200097bc      0x230 ./src/sub-systemCode/Main/EPS.o
                0x200097bc                EPS_Conditioning
 .text.overRide_ADCS
                0x200099ec       0x50 ./src/sub-systemCode/Main/EPS.o
                0x200099ec                overRide_ADCS
 .text.overRide_Camera
                0x20009a3c       0x38 ./src/sub-systemCode/Main/EPS.o
                0x20009a3c                overRide_Camera
 .text.EnterFullMode
                0x20009a74       0xfc ./src/sub-systemCode/Main/EPS.o
                0x20009a74                EnterFullMode
 .text.EnterCruiseMode
                0x20009b70       0xec ./src/sub-systemCode/Main/EPS.o
                0x20009b70                EnterCruiseMode
 .text.EnterSafeMode
                0x20009c5c       0xec ./src/sub-systemCode/Main/EPS.o
                0x20009c5c                EnterSafeMode
 .text.EnterCriticalMode
                0x20009d48       0xd8 ./src/sub-systemCode/Main/EPS.o
                0x20009d48                EnterCriticalMode
 .text.check_EPSTableCorrection
                0x20009e20      0x120 ./src/sub-systemCode/Main/EPS.o
                0x20009e20                check_EPSTableCorrection
 .text.save_ACK
                0x20009f40       0xa0 ./src/sub-systemCode/Main/HouseKeeping.o
                0x20009f40                save_ACK
 .text.set_GP_EPS
                0x20009fe0      0x10c ./src/sub-systemCode/Main/HouseKeeping.o
                0x20009fe0                set_GP_EPS
 .text.set_GP_COMM
                0x2000a0ec       0x88 ./src/sub-systemCode/Main/HouseKeeping.o
                0x2000a0ec                set_GP_COMM
 .text.SP_HK_collect
                0x2000a174      0x17c ./src/sub-systemCode/Main/HouseKeeping.o
                0x2000a174                SP_HK_collect
 .text.EPS_HK_collect
                0x2000a2f0      0x4d8 ./src/sub-systemCode/Main/HouseKeeping.o
                0x2000a2f0                EPS_HK_collect
 .text.CAM_HK_collect
                0x2000a7c8      0x91c ./src/sub-systemCode/Main/HouseKeeping.o
                0x2000a7c8                CAM_HK_collect
 .text.COMM_HK_collect
                0x2000b0e4      0x20c ./src/sub-systemCode/Main/HouseKeeping.o
                0x2000b0e4                COMM_HK_collect
 .text.test_menu
                0x2000b2f0       0xd8 ./src/sub-systemCode/Main/Main_Init.o
                0x2000b2f0                test_menu
 .text.numberOfRestarts
                0x2000b3c8       0x94 ./src/sub-systemCode/Main/Main_Init.o
                0x2000b3c8                numberOfRestarts
 .text.StartFRAM
                0x2000b45c       0x38 ./src/sub-systemCode/Main/Main_Init.o
                0x2000b45c                StartFRAM
 .text.StartI2C
                0x2000b494       0x44 ./src/sub-systemCode/Main/Main_Init.o
                0x2000b494                StartI2C
 .text.StartSPI
                0x2000b4d8       0x40 ./src/sub-systemCode/Main/Main_Init.o
                0x2000b4d8                StartSPI
 .text.StartTIME
                0x2000b518      0x118 ./src/sub-systemCode/Main/Main_Init.o
                0x2000b518                StartTIME
 .text.first_activation
                0x2000b630       0x78 ./src/sub-systemCode/Main/Main_Init.o
                0x2000b630                first_activation
 .text.InitSubsystems
                0x2000b6a8       0x68 ./src/sub-systemCode/Main/Main_Init.o
                0x2000b6a8                InitSubsystems
 .text.SubSystemTaskStart
                0x2000b710       0x9c ./src/sub-systemCode/Main/Main_Init.o
                0x2000b710                SubSystemTaskStart
 .text.save_ACK_s
                0x2000b7ac       0x5c ./src/sub-systemCode/Main/commands.o
                0x2000b7ac                save_ACK_s
 .text.copy_command
                0x2000b808       0x80 ./src/sub-systemCode/Main/commands.o
                0x2000b808                copy_command
 .text.reset_command
                0x2000b888       0x28 ./src/sub-systemCode/Main/commands.o
                0x2000b888                reset_command
 .text.init_command
                0x2000b8b0       0xd4 ./src/sub-systemCode/Main/commands.o
                0x2000b8b0                init_command
 .text.add_command
                0x2000b984      0x138 ./src/sub-systemCode/Main/commands.o
                0x2000b984                add_command
 .text.get_command
                0x2000babc      0x1cc ./src/sub-systemCode/Main/commands.o
                0x2000babc                get_command
 .text.act_upon_command
                0x2000bc88      0x200 ./src/sub-systemCode/Main/commands.o
                0x2000bc88                act_upon_command
 .text.cmd_error
                0x2000be88       0x38 ./src/sub-systemCode/Main/commands.o
                0x2000be88                cmd_error
 .text.AUC_COMM
                0x2000bec0      0x25c ./src/sub-systemCode/Main/commands.o
                0x2000bec0                AUC_COMM
 .text.AUC_general
                0x2000c11c      0x474 ./src/sub-systemCode/Main/commands.o
                0x2000c11c                AUC_general
 .text.AUC_payload
                0x2000c590      0x110 ./src/sub-systemCode/Main/commands.o
                0x2000c590                AUC_payload
 .text.AUC_EPS  0x2000c6a0      0x28c ./src/sub-systemCode/Main/commands.o
                0x2000c6a0                AUC_EPS
 .text.AUC_ADCS
                0x2000c92c       0x5c ./src/sub-systemCode/Main/commands.o
                0x2000c92c                AUC_ADCS
 .text.AUC_SW   0x2000c988       0xe4 ./src/sub-systemCode/Main/commands.o
                0x2000c988                AUC_SW
 .text.AUC_onlineTM
                0x2000ca6c      0x16c ./src/sub-systemCode/Main/commands.o
                0x2000ca6c                AUC_onlineTM
 .text.AUC_special_operation
                0x2000cbd8       0x8c ./src/sub-systemCode/Main/commands.o
                0x2000cbd8                AUC_special_operation
 .text.check_int
                0x2000cc64       0x3c ./src/sub-systemCode/Global/Global.o
                0x2000cc64                check_int
 .text.check_portBASE_TYPE
                0x2000cca0       0x3c ./src/sub-systemCode/Global/Global.o
                0x2000cca0                check_portBASE_TYPE
 .text.soft_reset_subsystem
                0x2000ccdc       0xd8 ./src/sub-systemCode/Global/Global.o
                0x2000ccdc                soft_reset_subsystem
 .text.hard_reset_subsystem
                0x2000cdb4      0x104 ./src/sub-systemCode/Global/Global.o
                0x2000cdb4                hard_reset_subsystem
 .text.BigEnE_raw_to_uInt
                0x2000ceb8       0x94 ./src/sub-systemCode/Global/Global.o
                0x2000ceb8                BigEnE_raw_to_uInt
 .text.BigEnE_raw_to_uShort
                0x2000cf4c       0x50 ./src/sub-systemCode/Global/Global.o
                0x2000cf4c                BigEnE_raw_to_uShort
 .text.BigEnE_uInt_to_raw
                0x2000cf9c       0x78 ./src/sub-systemCode/Global/Global.o
                0x2000cf9c                BigEnE_uInt_to_raw
 .text.reset_FRAM_MAIN
                0x2000d014      0x1a0 ./src/sub-systemCode/Global/Global.o
                0x2000d014                reset_FRAM_MAIN
 .text.terminateTask
                0x2000d1b4       0x18 ./src/sub-systemCode/Global/Global.o
                0x2000d1b4                terminateTask
 .text.init_GP  0x2000d1cc      0x300 ./src/sub-systemCode/Global/GlobalParam.o
                0x2000d1cc                init_GP
 .text.get_system_state
                0x2000d4cc      0x268 ./src/sub-systemCode/Global/GlobalParam.o
                0x2000d4cc                get_system_state
 .text.set_system_state
                0x2000d734      0x298 ./src/sub-systemCode/Global/GlobalParam.o
                0x2000d734                set_system_state
 .text.get_current_global_param
                0x2000d9cc      0x5c8 ./src/sub-systemCode/Global/GlobalParam.o
                0x2000d9cc                get_current_global_param
 .text.set_Vbatt
                0x2000df94       0x8c ./src/sub-systemCode/Global/GlobalParam.o
                0x2000df94                set_Vbatt
 .text.get_Vbatt
                0x2000e020       0x8c ./src/sub-systemCode/Global/GlobalParam.o
                0x2000e020                get_Vbatt
 .text.set_curBat
                0x2000e0ac       0x8c ./src/sub-systemCode/Global/GlobalParam.o
                0x2000e0ac                set_curBat
 .text.set_cur3V3
                0x2000e138       0x8c ./src/sub-systemCode/Global/GlobalParam.o
                0x2000e138                set_cur3V3
 .text.set_cur5V
                0x2000e1c4       0x8c ./src/sub-systemCode/Global/GlobalParam.o
                0x2000e1c4                set_cur5V
 .text.set_tempComm_LO
                0x2000e250       0x8c ./src/sub-systemCode/Global/GlobalParam.o
                0x2000e250                set_tempComm_LO
 .text.set_tempComm_PA
                0x2000e2dc       0x8c ./src/sub-systemCode/Global/GlobalParam.o
                0x2000e2dc                set_tempComm_PA
 .text.set_tempEPS
                0x2000e368       0xc8 ./src/sub-systemCode/Global/GlobalParam.o
                0x2000e368                set_tempEPS
 .text.set_tempBatt
                0x2000e430       0xc8 ./src/sub-systemCode/Global/GlobalParam.o
                0x2000e430                set_tempBatt
 .text.set_RxDoppler
                0x2000e4f8       0x8c ./src/sub-systemCode/Global/GlobalParam.o
                0x2000e4f8                set_RxDoppler
 .text.set_RxRSSI
                0x2000e584       0x8c ./src/sub-systemCode/Global/GlobalParam.o
                0x2000e584                set_RxRSSI
 .text.set_TxRefl
                0x2000e610       0x8c ./src/sub-systemCode/Global/GlobalParam.o
                0x2000e610                set_TxRefl
 .text.set_TxForw
                0x2000e69c       0x8c ./src/sub-systemCode/Global/GlobalParam.o
                0x2000e69c                set_TxForw
 .text.get_ST   0x2000e728       0x8c ./src/sub-systemCode/Global/GlobalParam.o
                0x2000e728                get_ST
 .text.set_numOfAPRS
                0x2000e7b4       0x8c ./src/sub-systemCode/Global/GlobalParam.o
                0x2000e7b4                set_numOfAPRS
 .text.set_numOfDelayedCommand
                0x2000e840       0x8c ./src/sub-systemCode/Global/GlobalParam.o
                0x2000e840                set_numOfDelayedCommand
 .text.set_numOfResets
                0x2000e8cc       0xac ./src/sub-systemCode/Global/GlobalParam.o
                0x2000e8cc                set_numOfResets
 .text.set_ground_conn
                0x2000e978       0xa0 ./src/sub-systemCode/Global/GlobalParam.o
                0x2000e978                set_ground_conn
 .text.get_ground_conn
                0x2000ea18       0xa0 ./src/sub-systemCode/Global/GlobalParam.o
                0x2000ea18                get_ground_conn
 .text.IsisAntS_getStatusData_sideA
                0x2000eab8       0x3c ./src/sub-systemCode/Global/OnlineTM.o
                0x2000eab8                IsisAntS_getStatusData_sideA
 .text.IsisAntS_getAlltelemetry_sideA
                0x2000eaf4       0x3c ./src/sub-systemCode/Global/OnlineTM.o
                0x2000eaf4                IsisAntS_getAlltelemetry_sideA
 .text.IsisAntS_getTemperature_sideA
                0x2000eb30       0x3c ./src/sub-systemCode/Global/OnlineTM.o
                0x2000eb30                IsisAntS_getTemperature_sideA
 .text.IsisAntS_getStatusData_sideB
                0x2000eb6c       0x3c ./src/sub-systemCode/Global/OnlineTM.o
                0x2000eb6c                IsisAntS_getStatusData_sideB
 .text.IsisAntS_getAlltelemetry_sideB
                0x2000eba8       0x3c ./src/sub-systemCode/Global/OnlineTM.o
                0x2000eba8                IsisAntS_getAlltelemetry_sideB
 .text.IsisAntS_getTemperature_sideB
                0x2000ebe4       0x3c ./src/sub-systemCode/Global/OnlineTM.o
                0x2000ebe4                IsisAntS_getTemperature_sideB
 .text.HK_collect_EPS
                0x2000ec20       0x30 ./src/sub-systemCode/Global/OnlineTM.o
                0x2000ec20                HK_collect_EPS
 .text.HK_collect_COMM
                0x2000ec50       0x30 ./src/sub-systemCode/Global/OnlineTM.o
                0x2000ec50                HK_collect_COMM
 .text.HK_collect_CAM
                0x2000ec80       0x30 ./src/sub-systemCode/Global/OnlineTM.o
                0x2000ec80                HK_collect_CAM
 .text.HK_collect_SP
                0x2000ecb0       0x30 ./src/sub-systemCode/Global/OnlineTM.o
                0x2000ecb0                HK_collect_SP
 .text.save_offlineSetting_FRAM
                0x2000ece0      0x1e8 ./src/sub-systemCode/Global/OnlineTM.o
                0x2000ece0                save_offlineSetting_FRAM
 .text.get_offlineSetting_FRAM
                0x2000eec8       0x58 ./src/sub-systemCode/Global/OnlineTM.o
                0x2000eec8                get_offlineSetting_FRAM
 .text.set_offlineSetting_FRAM
                0x2000ef20      0x1ac ./src/sub-systemCode/Global/OnlineTM.o
                0x2000ef20                set_offlineSetting_FRAM
 .text.init_onlineParam
                0x2000f0cc     0x2bb0 ./src/sub-systemCode/Global/OnlineTM.o
                0x2000f0cc                init_onlineParam
 .text.reset_offline_TM_list
                0x20011c7c       0x94 ./src/sub-systemCode/Global/OnlineTM.o
                0x20011c7c                reset_offline_TM_list
 .text.get_online_packet
                0x20011d10      0x254 ./src/sub-systemCode/Global/OnlineTM.o
                0x20011d10                get_online_packet
 .text.save_onlineTM_param
                0x20011f64      0x1a4 ./src/sub-systemCode/Global/OnlineTM.o
                0x20011f64                save_onlineTM_param
 .text.add_onlineTM_param_to_save_list
                0x20012108      0x214 ./src/sub-systemCode/Global/OnlineTM.o
                0x20012108                add_onlineTM_param_to_save_list
 .text.delete_onlineTM_param_from_offline
                0x2001231c      0x100 ./src/sub-systemCode/Global/OnlineTM.o
                0x2001231c                delete_onlineTM_param_from_offline
 .text.save_onlineTM_logic
                0x2001241c      0x188 ./src/sub-systemCode/Global/OnlineTM.o
                0x2001241c                save_onlineTM_logic
 .text.save_onlineTM_task
                0x200125a4       0x54 ./src/sub-systemCode/Global/OnlineTM.o
                0x200125a4                save_onlineTM_task
 .text.delete_allTMFilesFromSD
                0x200125f8       0xf8 ./src/sub-systemCode/Global/TLM_management.o
                0x200125f8                delete_allTMFilesFromSD
 .text.getNumOfFilesInFS
                0x200126f0       0x44 ./src/sub-systemCode/Global/TLM_management.o
 .text.setNumOfFilesInFS
                0x20012734       0x50 ./src/sub-systemCode/Global/TLM_management.o
 .text.f_managed_enterFS
                0x20012784       0xb0 ./src/sub-systemCode/Global/TLM_management.o
                0x20012784                f_managed_enterFS
 .text.f_managed_releaseFS
                0x20012834       0x58 ./src/sub-systemCode/Global/TLM_management.o
                0x20012834                f_managed_releaseFS
 .text.f_managed_open
                0x2001288c      0x10c ./src/sub-systemCode/Global/TLM_management.o
                0x2001288c                f_managed_open
 .text.f_managed_close
                0x20012998       0x7c ./src/sub-systemCode/Global/TLM_management.o
                0x20012998                f_managed_close
 .text.createSemahores_FS
                0x20012a14       0x7c ./src/sub-systemCode/Global/TLM_management.o
                0x20012a14                createSemahores_FS
 .text.InitializeFS
                0x20012a90      0x1a8 ./src/sub-systemCode/Global/TLM_management.o
                0x20012a90                InitializeFS
 .text.c_fileCreate
                0x20012c38       0xf4 ./src/sub-systemCode/Global/TLM_management.o
                0x20012c38                c_fileCreate
 .text.writewithEpochtime
                0x20012d2c       0xa4 ./src/sub-systemCode/Global/TLM_management.o
 .text.get_C_FILE_struct
                0x20012dd0      0x104 ./src/sub-systemCode/Global/TLM_management.o
 .text.getFileIndex
                0x20012ed4       0x4c ./src/sub-systemCode/Global/TLM_management.o
 .text.get_file_name_by_index
                0x20012f20       0x54 ./src/sub-systemCode/Global/TLM_management.o
                0x20012f20                get_file_name_by_index
 .text.c_fileReset
                0x20012f74       0xbc ./src/sub-systemCode/Global/TLM_management.o
                0x20012f74                c_fileReset
 .text.c_fileWrite
                0x20013030      0x140 ./src/sub-systemCode/Global/TLM_management.o
                0x20013030                c_fileWrite
 .text.deleteElementsFromFile
                0x20013170      0x184 ./src/sub-systemCode/Global/TLM_management.o
 .text.c_fileDeleteElements
                0x200132f4      0x168 ./src/sub-systemCode/Global/TLM_management.o
                0x200132f4                c_fileDeleteElements
 .text.c_fileRead
                0x2001345c      0x2b4 ./src/sub-systemCode/Global/TLM_management.o
                0x2001345c                c_fileRead
 .text.reset_APRS_list
                0x20013710       0xa4 ./src/sub-systemCode/COMM/APRS.o
                0x20013710                reset_APRS_list
 .text.send_APRS_Dump
                0x200137b4      0x1c0 ./src/sub-systemCode/COMM/APRS.o
                0x200137b4                send_APRS_Dump
 .text.get_APRS_list
                0x20013974       0x88 ./src/sub-systemCode/COMM/APRS.o
                0x20013974                get_APRS_list
 .text.find_CMD_in_list
                0x200139fc       0x7c ./src/sub-systemCode/COMM/DelayedCommand_list.o
                0x200139fc                find_CMD_in_list
 .text.find_empty_in_list
                0x20013a78       0x74 ./src/sub-systemCode/COMM/DelayedCommand_list.o
                0x20013a78                find_empty_in_list
 .text.check_delayCommandTime
                0x20013aec       0x8c ./src/sub-systemCode/COMM/DelayedCommand_list.o
                0x20013aec                check_delayCommandTime
 .text.execute_delayedCommand
                0x20013b78       0x64 ./src/sub-systemCode/COMM/DelayedCommand_list.o
                0x20013b78                execute_delayedCommand
 .text.check_delaycommand
                0x20013bdc      0x17c ./src/sub-systemCode/COMM/DelayedCommand_list.o
                0x20013bdc                check_delaycommand
 .text.reset_delayCommand
                0x20013d58       0x8c ./src/sub-systemCode/COMM/DelayedCommand_list.o
                0x20013d58                reset_delayCommand
 .text.add_delayCommand
                0x20013de4      0x1a4 ./src/sub-systemCode/COMM/DelayedCommand_list.o
                0x20013de4                add_delayCommand
 .text.get_delayCommand_list
                0x20013f88       0x80 ./src/sub-systemCode/COMM/DelayedCommand_list.o
                0x20013f88                get_delayCommand_list
 .text.EmptyOldestCommand
                0x20014008       0xfc ./src/sub-systemCode/COMM/DelayedCommand_list.o
                0x20014008                EmptyOldestCommand
 .text.decode_TCpacket
                0x20014104      0x16c ./src/sub-systemCode/COMM/GSC.o
                0x20014104                decode_TCpacket
 .text.encode_TCpacket
                0x20014270      0x114 ./src/sub-systemCode/COMM/GSC.o
                0x20014270                encode_TCpacket
 .text.encode_TMpacket
                0x20014384      0x104 ./src/sub-systemCode/COMM/GSC.o
                0x20014384                encode_TMpacket
 .text.build_raw_ACK
                0x20014488       0xbc ./src/sub-systemCode/COMM/GSC.o
                0x20014488                build_raw_ACK
 .text.build_data_field_ACK
                0x20014544       0x74 ./src/sub-systemCode/COMM/GSC.o
                0x20014544                build_data_field_ACK
 .text.update_FRAM_bitRate
                0x200145b8       0xd0 ./src/sub-systemCode/COMM/TRXVU.o
                0x200145b8                update_FRAM_bitRate
 .text.toggle_idle_state
                0x20014688       0x94 ./src/sub-systemCode/COMM/TRXVU.o
                0x20014688                toggle_idle_state
 .text.TRXVU_init_hardWare
                0x2001471c       0x98 ./src/sub-systemCode/COMM/TRXVU.o
                0x2001471c                TRXVU_init_hardWare
 .text.TRXVU_init_softWare
                0x200147b4      0x100 ./src/sub-systemCode/COMM/TRXVU.o
                0x200147b4                TRXVU_init_softWare
 .text.init_trxvu
                0x200148b4       0x14 ./src/sub-systemCode/COMM/TRXVU.o
                0x200148b4                init_trxvu
 .text.TRXVU_task
                0x200148c8       0x9c ./src/sub-systemCode/COMM/TRXVU.o
                0x200148c8                TRXVU_task
 .text.dump_logic
                0x20014964      0x32c ./src/sub-systemCode/COMM/TRXVU.o
                0x20014964                dump_logic
 .text.Dump_task
                0x20014c90      0x17c ./src/sub-systemCode/COMM/TRXVU.o
                0x20014c90                Dump_task
 .text.transponder_logic
                0x20014e0c       0xbc ./src/sub-systemCode/COMM/TRXVU.o
                0x20014e0c                transponder_logic
 .text.Transponder_task
                0x20014ec8      0x238 ./src/sub-systemCode/COMM/TRXVU.o
                0x20014ec8                Transponder_task
 .text.lookForRequestToDelete_transponder
                0x20015100       0xc0 ./src/sub-systemCode/COMM/TRXVU.o
                0x20015100                lookForRequestToDelete_transponder
 .text.lookForRequestToDelete_dump
                0x200151c0       0x78 ./src/sub-systemCode/COMM/TRXVU.o
                0x200151c0                lookForRequestToDelete_dump
 .text.sendRequestToStop_dump
                0x20015238       0x8c ./src/sub-systemCode/COMM/TRXVU.o
                0x20015238                sendRequestToStop_dump
 .text.sendRequestToStop_transponder
                0x200152c4       0x8c ./src/sub-systemCode/COMM/TRXVU.o
                0x200152c4                sendRequestToStop_transponder
 .text.Rx_logic
                0x20015350      0x184 ./src/sub-systemCode/COMM/TRXVU.o
                0x20015350                Rx_logic
 .text.pass_above_Ground
                0x200154d4      0x104 ./src/sub-systemCode/COMM/TRXVU.o
                0x200154d4                pass_above_Ground
 .text.trxvu_logic
                0x200155d8       0x1c ./src/sub-systemCode/COMM/TRXVU.o
                0x200155d8                trxvu_logic
 .text.Beacon_task
                0x200155f4      0x170 ./src/sub-systemCode/COMM/TRXVU.o
                0x200155f4                Beacon_task
 .text.buildAndSend_beacon
                0x20015764      0x604 ./src/sub-systemCode/COMM/TRXVU.o
                0x20015764                buildAndSend_beacon
 .text.reset_FRAM_TRXVU
                0x20015d68      0x160 ./src/sub-systemCode/COMM/TRXVU.o
                0x20015d68                reset_FRAM_TRXVU
 .text.TRX_sendFrame
                0x20015ec8      0x1c0 ./src/sub-systemCode/COMM/TRXVU.o
                0x20015ec8                TRX_sendFrame
 .text.TRX_getFrameData
                0x20016088      0x10c ./src/sub-systemCode/COMM/TRXVU.o
                0x20016088                TRX_getFrameData
 .text.mute_Tx  0x20016194       0x20 ./src/sub-systemCode/COMM/TRXVU.o
                0x20016194                mute_Tx
 .text.unmute_Tx
                0x200161b4       0x58 ./src/sub-systemCode/COMM/TRXVU.o
                0x200161b4                unmute_Tx
 .text.check_time_off_mute
                0x2001620c       0x88 ./src/sub-systemCode/COMM/TRXVU.o
                0x2001620c                check_time_off_mute
 .text.set_mute_time
                0x20016294       0xb4 ./src/sub-systemCode/COMM/TRXVU.o
                0x20016294                set_mute_time
 .text.change_TRXVU_state
                0x20016348       0xe0 ./src/sub-systemCode/COMM/TRXVU.o
                0x20016348                change_TRXVU_state
 .text.change_trans_RSSI
                0x20016428       0x60 ./src/sub-systemCode/COMM/TRXVU.o
                0x20016428                change_trans_RSSI
 .text.init_adcs
                0x20016488      0x104 ./src/sub-systemCode/ADCS/ADCS.o
                0x20016488                init_adcs
 .text.telemtryStart
                0x2001658c      0x16c ./src/sub-systemCode/ADCS/Stage_Table.o
                0x2001658c                telemtryStart
 .text.powerStart
                0x200166f8       0x5c ./src/sub-systemCode/ADCS/Stage_Table.o
                0x200166f8                powerStart
 .text.createTable
                0x20016754       0xb4 ./src/sub-systemCode/ADCS/Stage_Table.o
                0x20016754                createTable
 .text.buildControlMode
                0x20016808       0x60 ./src/sub-systemCode/ADCS/Stage_Table.o
                0x20016808                buildControlMode
 .text.Check_Table
                0x20016868      0x178 ./src/sub-systemCode/ADCS/Stage_Table.o
                0x20016868                Check_Table
 .text.updateTable
                0x200169e0      0x1f0 ./src/sub-systemCode/ADCS/Stage_Table.o
                0x200169e0                updateTable
 .text.translateCommandFULL
                0x20016bd0       0x78 ./src/sub-systemCode/ADCS/Stage_Table.o
                0x20016bd0                translateCommandFULL
 .text.getTableTo
                0x20016c48       0x64 ./src/sub-systemCode/ADCS/Stage_Table.o
                0x20016c48                getTableTo
 .text.save_time
                0x20016cac       0x9c ./src/main.o
                0x20016cac                save_time
 .text.Command_logic
                0x20016d48       0x6c ./src/main.o
                0x20016d48                Command_logic
 .text.taskMain
                0x20016db4       0x74 ./src/main.o
                0x20016db4                taskMain
 .text.main     0x20016e28       0xbc ./src/main.o
                0x20016e28                main
 .text.GomEpsInitialize
                0x20016ee4      0x148 C:/HOOPOE3/satellite-subsystems/demo/..//satellite-subsystems/lib\libSatelliteSubsystemsD.a(GomEPS.o)
                0x20016ee4                GomEpsInitialize
 .text.makeEPStransfer
                0x2001702c       0x3c C:/HOOPOE3/satellite-subsystems/demo/..//satellite-subsystems/lib\libSatelliteSubsystemsD.a(GomEPS.o)
 .text.GomEpsSoftReset
                0x20017068       0xc4 C:/HOOPOE3/satellite-subsystems/demo/..//satellite-subsystems/lib\libSatelliteSubsystemsD.a(GomEPS.o)
                0x20017068                GomEpsSoftReset
 .text.GomEpsHardReset
                0x2001712c       0xa8 C:/HOOPOE3/satellite-subsystems/demo/..//satellite-subsystems/lib\libSatelliteSubsystemsD.a(GomEPS.o)
                0x2001712c                GomEpsHardReset
 .text.GomEpsGetHkData_param
                0x200171d4      0x29c C:/HOOPOE3/satellite-subsystems/demo/..//satellite-subsystems/lib\libSatelliteSubsystemsD.a(GomEPS.o)
                0x200171d4                GomEpsGetHkData_param
 .text.GomEpsGetHkData_general
                0x20017470      0x45c C:/HOOPOE3/satellite-subsystems/demo/..//satellite-subsystems/lib\libSatelliteSubsystemsD.a(GomEPS.o)
                0x20017470                GomEpsGetHkData_general
 .text.GomEpsGetHkData_vi
                0x200178cc      0x188 C:/HOOPOE3/satellite-subsystems/demo/..//satellite-subsystems/lib\libSatelliteSubsystemsD.a(GomEPS.o)
                0x200178cc                GomEpsGetHkData_vi
 .text.GomEpsGetHkData_out
                0x20017a54      0x21c C:/HOOPOE3/satellite-subsystems/demo/..//satellite-subsystems/lib\libSatelliteSubsystemsD.a(GomEPS.o)
                0x20017a54                GomEpsGetHkData_out
 .text.GomEpsGetHkData_wdt
                0x20017c70      0x2b4 C:/HOOPOE3/satellite-subsystems/demo/..//satellite-subsystems/lib\libSatelliteSubsystemsD.a(GomEPS.o)
                0x20017c70                GomEpsGetHkData_wdt
 .text.GomEpsGetHkData_basic
                0x20017f24      0x22c C:/HOOPOE3/satellite-subsystems/demo/..//satellite-subsystems/lib\libSatelliteSubsystemsD.a(GomEPS.o)
                0x20017f24                GomEpsGetHkData_basic
 .text.GomEpsSetOutput
                0x20018150       0xbc C:/HOOPOE3/satellite-subsystems/demo/..//satellite-subsystems/lib\libSatelliteSubsystemsD.a(GomEPS.o)
                0x20018150                GomEpsSetOutput
 .text.GomEpsConfigGet
                0x2001820c      0x16c C:/HOOPOE3/satellite-subsystems/demo/..//satellite-subsystems/lib\libSatelliteSubsystemsD.a(GomEPS.o)
                0x2001820c                GomEpsConfigGet
 .text.GomEpsConfigSet
                0x20018378      0x184 C:/HOOPOE3/satellite-subsystems/demo/..//satellite-subsystems/lib\libSatelliteSubsystemsD.a(GomEPS.o)
                0x20018378                GomEpsConfigSet
 .text.GomEpsConfig2Get
                0x200184fc      0x16c C:/HOOPOE3/satellite-subsystems/demo/..//satellite-subsystems/lib\libSatelliteSubsystemsD.a(GomEPS.o)
                0x200184fc                GomEpsConfig2Get
 .text.makeAntStransfer
                0x20018668       0x4c C:/HOOPOE3/satellite-subsystems/demo/..//satellite-subsystems/lib\libSatelliteSubsystemsD.a(IsisAntS.o)
 .text.checkInputsValid
                0x200186b4       0x7c C:/HOOPOE3/satellite-subsystems/demo/..//satellite-subsystems/lib\libSatelliteSubsystemsD.a(IsisAntS.o)
 .text.IsisAntS_setArmStatus
                0x20018730      0x104 C:/HOOPOE3/satellite-subsystems/demo/..//satellite-subsystems/lib\libSatelliteSubsystemsD.a(IsisAntS.o)
                0x20018730                IsisAntS_setArmStatus
 .text.IsisAntS_getStatusData
                0x20018834      0x120 C:/HOOPOE3/satellite-subsystems/demo/..//satellite-subsystems/lib\libSatelliteSubsystemsD.a(IsisAntS.o)
                0x20018834                IsisAntS_getStatusData
 .text.IsisAntS_getTemperature
                0x20018954      0x120 C:/HOOPOE3/satellite-subsystems/demo/..//satellite-subsystems/lib\libSatelliteSubsystemsD.a(IsisAntS.o)
                0x20018954                IsisAntS_getTemperature
 .text.IsisAntS_getAlltelemetry
                0x20018a74      0x120 C:/HOOPOE3/satellite-subsystems/demo/..//satellite-subsystems/lib\libSatelliteSubsystemsD.a(IsisAntS.o)
                0x20018a74                IsisAntS_getAlltelemetry
 .text.IsisAntS_reset
                0x20018b94      0x104 C:/HOOPOE3/satellite-subsystems/demo/..//satellite-subsystems/lib\libSatelliteSubsystemsD.a(IsisAntS.o)
                0x20018b94                IsisAntS_reset
 .text.IsisSolarPanelv2_initialize
                0x20018c98       0xb4 C:/HOOPOE3/satellite-subsystems/demo/..//satellite-subsystems/lib\libSatelliteSubsystemsD.a(IsisSolarPanelv2.o)
                0x20018c98                IsisSolarPanelv2_initialize
 .text.IsisSolarPanelv2_getTemperature
                0x20018d4c       0xc8 C:/HOOPOE3/satellite-subsystems/demo/..//satellite-subsystems/lib\libSatelliteSubsystemsD.a(IsisSolarPanelv2.o)
                0x20018d4c                IsisSolarPanelv2_getTemperature
 .text.IsisSolarPanelv2_sleep
                0x20018e14       0xbc C:/HOOPOE3/satellite-subsystems/demo/..//satellite-subsystems/lib\libSatelliteSubsystemsD.a(IsisSolarPanelv2.o)
                0x20018e14                IsisSolarPanelv2_sleep
 .text.IsisSolarPanelv2_wakeup
                0x20018ed0       0x80 C:/HOOPOE3/satellite-subsystems/demo/..//satellite-subsystems/lib\libSatelliteSubsystemsD.a(IsisSolarPanelv2.o)
                0x20018ed0                IsisSolarPanelv2_wakeup
 .text._Reset   0x20018f50       0x20 C:/HOOPOE3/satellite-subsystems/demo/..//satellite-subsystems/lib\libSatelliteSubsystemsD.a(IsisSolarPanelv2.o)
 .text._WaitForStartup
                0x20018f70       0x90 C:/HOOPOE3/satellite-subsystems/demo/..//satellite-subsystems/lib\libSatelliteSubsystemsD.a(IsisSolarPanelv2.o)
 .text._AssignAllChannels
                0x20019000       0x90 C:/HOOPOE3/satellite-subsystems/demo/..//satellite-subsystems/lib\libSatelliteSubsystemsD.a(IsisSolarPanelv2.o)
 .text._AssignThisChannel
                0x20019090       0xe8 C:/HOOPOE3/satellite-subsystems/demo/..//satellite-subsystems/lib\libSatelliteSubsystemsD.a(IsisSolarPanelv2.o)
 .text._InitiateConversion
                0x20019178       0xac C:/HOOPOE3/satellite-subsystems/demo/..//satellite-subsystems/lib\libSatelliteSubsystemsD.a(IsisSolarPanelv2.o)
 .text._WaitForConversionComplete
                0x20019224      0x100 C:/HOOPOE3/satellite-subsystems/demo/..//satellite-subsystems/lib\libSatelliteSubsystemsD.a(IsisSolarPanelv2.o)
 .text._ReadResult
                0x20019324      0x158 C:/HOOPOE3/satellite-subsystems/demo/..//satellite-subsystems/lib\libSatelliteSubsystemsD.a(IsisSolarPanelv2.o)
 .text._ExtractByte
                0x2001947c       0x38 C:/HOOPOE3/satellite-subsystems/demo/..//satellite-subsystems/lib\libSatelliteSubsystemsD.a(IsisSolarPanelv2.o)
 .text._ExtendSign
                0x200194b4       0x6c C:/HOOPOE3/satellite-subsystems/demo/..//satellite-subsystems/lib\libSatelliteSubsystemsD.a(IsisSolarPanelv2.o)
 .text._PinsInit
                0x20019520       0x50 C:/HOOPOE3/satellite-subsystems/demo/..//satellite-subsystems/lib\libSatelliteSubsystemsD.a(IsisSolarPanelv2.o)
 .text._SpiWriteRead
                0x20019570       0x70 C:/HOOPOE3/satellite-subsystems/demo/..//satellite-subsystems/lib\libSatelliteSubsystemsD.a(IsisSolarPanelv2.o)
 .text.IsisTrxvu_initialize
                0x200195e0      0x2f4 C:/HOOPOE3/satellite-subsystems/demo/..//satellite-subsystems/lib\libSatelliteSubsystemsD.a(IsisTRXVU.o)
                0x200195e0                IsisTrxvu_initialize
 .text.makeTRXVUtransfer
                0x200198d4       0x44 C:/HOOPOE3/satellite-subsystems/demo/..//satellite-subsystems/lib\libSatelliteSubsystemsD.a(IsisTRXVU.o)
 .text.IsisTrxvu_componentSoftReset
                0x20019918       0x6c C:/HOOPOE3/satellite-subsystems/demo/..//satellite-subsystems/lib\libSatelliteSubsystemsD.a(IsisTRXVU.o)
                0x20019918                IsisTrxvu_componentSoftReset
 .text.IsisTrxvu_componentHardReset
                0x20019984       0xc8 C:/HOOPOE3/satellite-subsystems/demo/..//satellite-subsystems/lib\libSatelliteSubsystemsD.a(IsisTRXVU.o)
                0x20019984                IsisTrxvu_componentHardReset
 .text.IsisTrxvu_softReset
                0x20019a4c       0x74 C:/HOOPOE3/satellite-subsystems/demo/..//satellite-subsystems/lib\libSatelliteSubsystemsD.a(IsisTRXVU.o)
                0x20019a4c                IsisTrxvu_softReset
 .text.IsisTrxvu_hardReset
                0x20019ac0       0x74 C:/HOOPOE3/satellite-subsystems/demo/..//satellite-subsystems/lib\libSatelliteSubsystemsD.a(IsisTRXVU.o)
                0x20019ac0                IsisTrxvu_hardReset
 .text.IsisTrxvu_tcSendAX25DefClSign
                0x20019b34       0xec C:/HOOPOE3/satellite-subsystems/demo/..//satellite-subsystems/lib\libSatelliteSubsystemsD.a(IsisTRXVU.o)
                0x20019b34                IsisTrxvu_tcSendAX25DefClSign
 .text.IsisTrxvu_tcSetIdlestate
                0x20019c20       0xa4 C:/HOOPOE3/satellite-subsystems/demo/..//satellite-subsystems/lib\libSatelliteSubsystemsD.a(IsisTRXVU.o)
                0x20019c20                IsisTrxvu_tcSetIdlestate
 .text.IsisTrxvu_tcSetAx25Bitrate
                0x20019cc4       0xc4 C:/HOOPOE3/satellite-subsystems/demo/..//satellite-subsystems/lib\libSatelliteSubsystemsD.a(IsisTRXVU.o)
                0x20019cc4                IsisTrxvu_tcSetAx25Bitrate
 .text.IsisTrxvu_tcGetTelemetryAll
                0x20019d88       0xd0 C:/HOOPOE3/satellite-subsystems/demo/..//satellite-subsystems/lib\libSatelliteSubsystemsD.a(IsisTRXVU.o)
                0x20019d88                IsisTrxvu_tcGetTelemetryAll
 .text.IsisTrxvu_tcGetTelemetryAll_revC
                0x20019e58       0xd0 C:/HOOPOE3/satellite-subsystems/demo/..//satellite-subsystems/lib\libSatelliteSubsystemsD.a(IsisTRXVU.o)
                0x20019e58                IsisTrxvu_tcGetTelemetryAll_revC
 .text.IsisTrxvu_rcGetFrameCount
                0x20019f28       0xa0 C:/HOOPOE3/satellite-subsystems/demo/..//satellite-subsystems/lib\libSatelliteSubsystemsD.a(IsisTRXVU.o)
                0x20019f28                IsisTrxvu_rcGetFrameCount
 .text.IsisTrxvu_rcGetCommandFrame
                0x20019fc8      0x2d8 C:/HOOPOE3/satellite-subsystems/demo/..//satellite-subsystems/lib\libSatelliteSubsystemsD.a(IsisTRXVU.o)
                0x20019fc8                IsisTrxvu_rcGetCommandFrame
 .text.IsisTrxvu_rcGetTelemetryAll
                0x2001a2a0       0xd0 C:/HOOPOE3/satellite-subsystems/demo/..//satellite-subsystems/lib\libSatelliteSubsystemsD.a(IsisTRXVU.o)
                0x2001a2a0                IsisTrxvu_rcGetTelemetryAll
 .text.IsisTrxvu_rcGetTelemetryAll_revC
                0x2001a370       0xec C:/HOOPOE3/satellite-subsystems/demo/..//satellite-subsystems/lib\libSatelliteSubsystemsD.a(IsisTRXVU.o)
                0x2001a370                IsisTrxvu_rcGetTelemetryAll_revC
 .text.cspaceADCS_initialize
                0x2001a45c      0x18c C:/HOOPOE3/satellite-subsystems/demo/..//satellite-subsystems/lib\libSatelliteSubsystemsD.a(cspaceADCS.o)
                0x2001a45c                cspaceADCS_initialize
 .text.make_cspaceADCStransfer
                0x2001a5e8      0x1b4 C:/HOOPOE3/satellite-subsystems/demo/..//satellite-subsystems/lib\libSatelliteSubsystemsD.a(cspaceADCS.o)
 .text.cspaceADCS_componentReset
                0x2001a79c       0xbc C:/HOOPOE3/satellite-subsystems/demo/..//satellite-subsystems/lib\libSatelliteSubsystemsD.a(cspaceADCS.o)
                0x2001a79c                cspaceADCS_componentReset
 .text.cspaceADCS_setRunMode
                0x2001a858       0xbc C:/HOOPOE3/satellite-subsystems/demo/..//satellite-subsystems/lib\libSatelliteSubsystemsD.a(cspaceADCS.o)
                0x2001a858                cspaceADCS_setRunMode
 .text.cspaceADCS_setPwrCtrlDevice
                0x2001a914       0xd0 C:/HOOPOE3/satellite-subsystems/demo/..//satellite-subsystems/lib\libSatelliteSubsystemsD.a(cspaceADCS.o)
                0x2001a914                cspaceADCS_setPwrCtrlDevice
 .text.cspaceADCS_setAttCtrlMode
                0x2001a9e4       0xd0 C:/HOOPOE3/satellite-subsystems/demo/..//satellite-subsystems/lib\libSatelliteSubsystemsD.a(cspaceADCS.o)
                0x2001a9e4                cspaceADCS_setAttCtrlMode
 .text.cspaceADCS_setAttEstMode
                0x2001aab4       0xbc C:/HOOPOE3/satellite-subsystems/demo/..//satellite-subsystems/lib\libSatelliteSubsystemsD.a(cspaceADCS.o)
                0x2001aab4                cspaceADCS_setAttEstMode
 .text.cspaceADCS_getCurrentState
                0x2001ab70       0xc4 C:/HOOPOE3/satellite-subsystems/demo/..//satellite-subsystems/lib\libSatelliteSubsystemsD.a(cspaceADCS.o)
                0x2001ab70                cspaceADCS_getCurrentState
 .text.cspaceADCS_getPowTempMeasTLM
                0x2001ac34       0xc4 C:/HOOPOE3/satellite-subsystems/demo/..//satellite-subsystems/lib\libSatelliteSubsystemsD.a(cspaceADCS.o)
                0x2001ac34                cspaceADCS_getPowTempMeasTLM
 .text.cspaceADCS_getPwrCtrlDevice
                0x2001acf8       0xc4 C:/HOOPOE3/satellite-subsystems/demo/..//satellite-subsystems/lib\libSatelliteSubsystemsD.a(cspaceADCS.o)
                0x2001acf8                cspaceADCS_getPwrCtrlDevice
 .text.GECKO_GetReg
                0x2001adbc      0x110 C:/HOOPOE3/satellite-subsystems/demo/..//satellite-subsystems/lib\libSatelliteSubsystemsD.a(gecko_driver.o)
                0x2001adbc                GECKO_GetReg
 .text.GECKO_GetVoltageInput5V
                0x2001aecc       0xf4 C:/HOOPOE3/satellite-subsystems/demo/..//satellite-subsystems/lib\libSatelliteSubsystemsD.a(gecko_driver.o)
                0x2001aecc                GECKO_GetVoltageInput5V
 .text.GECKO_GetCurrentInput5V
                0x2001afc0      0x130 C:/HOOPOE3/satellite-subsystems/demo/..//satellite-subsystems/lib\libSatelliteSubsystemsD.a(gecko_driver.o)
                0x2001afc0                GECKO_GetCurrentInput5V
 .text.GECKO_GetVoltageFPGA1V
                0x2001b0f0       0xd4 C:/HOOPOE3/satellite-subsystems/demo/..//satellite-subsystems/lib\libSatelliteSubsystemsD.a(gecko_driver.o)
                0x2001b0f0                GECKO_GetVoltageFPGA1V
 .text.GECKO_GetCurrentFPGA1V
                0x2001b1c4      0x130 C:/HOOPOE3/satellite-subsystems/demo/..//satellite-subsystems/lib\libSatelliteSubsystemsD.a(gecko_driver.o)
                0x2001b1c4                GECKO_GetCurrentFPGA1V
 .text.GECKO_GetVoltageFPGA1V8
                0x2001b2f4       0xd4 C:/HOOPOE3/satellite-subsystems/demo/..//satellite-subsystems/lib\libSatelliteSubsystemsD.a(gecko_driver.o)
                0x2001b2f4                GECKO_GetVoltageFPGA1V8
 .text.GECKO_GetCurrentFPGA1V8
                0x2001b3c8      0x130 C:/HOOPOE3/satellite-subsystems/demo/..//satellite-subsystems/lib\libSatelliteSubsystemsD.a(gecko_driver.o)
                0x2001b3c8                GECKO_GetCurrentFPGA1V8
 .text.GECKO_GetVoltageFPGA2V5
                0x2001b4f8       0xe8 C:/HOOPOE3/satellite-subsystems/demo/..//satellite-subsystems/lib\libSatelliteSubsystemsD.a(gecko_driver.o)
                0x2001b4f8                GECKO_GetVoltageFPGA2V5
 .text.GECKO_GetCurrentFPGA2V5
                0x2001b5e0      0x130 C:/HOOPOE3/satellite-subsystems/demo/..//satellite-subsystems/lib\libSatelliteSubsystemsD.a(gecko_driver.o)
                0x2001b5e0                GECKO_GetCurrentFPGA2V5
 .text.GECKO_GetVoltageFPGA3V3
                0x2001b710       0xe8 C:/HOOPOE3/satellite-subsystems/demo/..//satellite-subsystems/lib\libSatelliteSubsystemsD.a(gecko_driver.o)
                0x2001b710                GECKO_GetVoltageFPGA3V3
 .text.GECKO_GetCurrentFPGA3V3
                0x2001b7f8      0x130 C:/HOOPOE3/satellite-subsystems/demo/..//satellite-subsystems/lib\libSatelliteSubsystemsD.a(gecko_driver.o)
                0x2001b7f8                GECKO_GetCurrentFPGA3V3
 .text.GECKO_GetVoltageFlash1V8
                0x2001b928       0xd4 C:/HOOPOE3/satellite-subsystems/demo/..//satellite-subsystems/lib\libSatelliteSubsystemsD.a(gecko_driver.o)
                0x2001b928                GECKO_GetVoltageFlash1V8
 .text.GECKO_GetCurrentFlash1V8
                0x2001b9fc      0x130 C:/HOOPOE3/satellite-subsystems/demo/..//satellite-subsystems/lib\libSatelliteSubsystemsD.a(gecko_driver.o)
                0x2001b9fc                GECKO_GetCurrentFlash1V8
 .text.GECKO_GetVoltageFlash3V3
                0x2001bb2c       0xe8 C:/HOOPOE3/satellite-subsystems/demo/..//satellite-subsystems/lib\libSatelliteSubsystemsD.a(gecko_driver.o)
                0x2001bb2c                GECKO_GetVoltageFlash3V3
 .text.GECKO_GetCurrentFlash3V3
                0x2001bc14      0x130 C:/HOOPOE3/satellite-subsystems/demo/..//satellite-subsystems/lib\libSatelliteSubsystemsD.a(gecko_driver.o)
                0x2001bc14                GECKO_GetCurrentFlash3V3
 .text.GECKO_GetVoltageSNSR1V8
                0x2001bd44       0xe8 C:/HOOPOE3/satellite-subsystems/demo/..//satellite-subsystems/lib\libSatelliteSubsystemsD.a(gecko_driver.o)
                0x2001bd44                GECKO_GetVoltageSNSR1V8
 .text.GECKO_GetCurrentSNSR1V8
                0x2001be2c      0x130 C:/HOOPOE3/satellite-subsystems/demo/..//satellite-subsystems/lib\libSatelliteSubsystemsD.a(gecko_driver.o)
                0x2001be2c                GECKO_GetCurrentSNSR1V8
 .text.GECKO_GetVoltageSNSRVDDPIX
                0x2001bf5c       0xe8 C:/HOOPOE3/satellite-subsystems/demo/..//satellite-subsystems/lib\libSatelliteSubsystemsD.a(gecko_driver.o)
                0x2001bf5c                GECKO_GetVoltageSNSRVDDPIX
 .text.GECKO_GetCurrentSNSRVDDPIX
                0x2001c044      0x130 C:/HOOPOE3/satellite-subsystems/demo/..//satellite-subsystems/lib\libSatelliteSubsystemsD.a(gecko_driver.o)
                0x2001c044                GECKO_GetCurrentSNSRVDDPIX
 .text.GECKO_GetVoltageSNSR3V3
                0x2001c174       0xe8 C:/HOOPOE3/satellite-subsystems/demo/..//satellite-subsystems/lib\libSatelliteSubsystemsD.a(gecko_driver.o)
                0x2001c174                GECKO_GetVoltageSNSR3V3
 .text.GECKO_GetCurrentSNSR3V3
                0x2001c25c      0x130 C:/HOOPOE3/satellite-subsystems/demo/..//satellite-subsystems/lib\libSatelliteSubsystemsD.a(gecko_driver.o)
                0x2001c25c                GECKO_GetCurrentSNSR3V3
 .text.GECKO_GetVoltageFlashVTT09
                0x2001c38c       0xd4 C:/HOOPOE3/satellite-subsystems/demo/..//satellite-subsystems/lib\libSatelliteSubsystemsD.a(gecko_driver.o)
                0x2001c38c                GECKO_GetVoltageFlashVTT09
 .text.GECKO_GetTempSMU3AB
                0x2001c460      0x35c C:/HOOPOE3/satellite-subsystems/demo/..//satellite-subsystems/lib\libSatelliteSubsystemsD.a(gecko_driver.o)
                0x2001c460                GECKO_GetTempSMU3AB
 .text.GECKO_GetTempSMU3BC
                0x2001c7bc      0x360 C:/HOOPOE3/satellite-subsystems/demo/..//satellite-subsystems/lib\libSatelliteSubsystemsD.a(gecko_driver.o)
                0x2001c7bc                GECKO_GetTempSMU3BC
 .text.GECKO_GetTempREGU6
                0x2001cb1c      0x35c C:/HOOPOE3/satellite-subsystems/demo/..//satellite-subsystems/lib\libSatelliteSubsystemsD.a(gecko_driver.o)
                0x2001cb1c                GECKO_GetTempREGU6
 .text.GECKO_GetTempREGU8
                0x2001ce78      0x360 C:/HOOPOE3/satellite-subsystems/demo/..//satellite-subsystems/lib\libSatelliteSubsystemsD.a(gecko_driver.o)
                0x2001ce78                GECKO_GetTempREGU8
 .text.GECKO_GetTempFlash
                0x2001d1d8      0x360 C:/HOOPOE3/satellite-subsystems/demo/..//satellite-subsystems/lib\libSatelliteSubsystemsD.a(gecko_driver.o)
                0x2001d1d8                GECKO_GetTempFlash
 .text._SpiWriteRead
                0x2001d538       0x70 C:/HOOPOE3/satellite-subsystems/demo/..//satellite-subsystems/lib\libSatelliteSubsystemsD.a(gecko_driver.o)
 .text.makeTRXCommonTransfer
                0x2001d5a8       0x34 C:/HOOPOE3/satellite-subsystems/demo/..//satellite-subsystems/lib\libSatelliteSubsystemsD.a(IsisTRXCommon.o)
 .text.IsisTrxCommon_componentReset
                0x2001d5dc       0x68 C:/HOOPOE3/satellite-subsystems/demo/..//satellite-subsystems/lib\libSatelliteSubsystemsD.a(IsisTRXCommon.o)
                0x2001d5dc                IsisTrxCommon_componentReset
 .text.IsisTrxCommon_TxSendAX25DefClSign
                0x2001d644       0xf4 C:/HOOPOE3/satellite-subsystems/demo/..//satellite-subsystems/lib\libSatelliteSubsystemsD.a(IsisTRXCommon.o)
                0x2001d644                IsisTrxCommon_TxSendAX25DefClSign
 .text.IsisTrxCommon_TxSetIdlestate
                0x2001d738       0x78 C:/HOOPOE3/satellite-subsystems/demo/..//satellite-subsystems/lib\libSatelliteSubsystemsD.a(IsisTRXCommon.o)
                0x2001d738                IsisTrxCommon_TxSetIdlestate
 .text.IsisTrxCommon_TxSetAx25Bitrate
                0x2001d7b0       0x78 C:/HOOPOE3/satellite-subsystems/demo/..//satellite-subsystems/lib\libSatelliteSubsystemsD.a(IsisTRXCommon.o)
                0x2001d7b0                IsisTrxCommon_TxSetAx25Bitrate
 .text.IsisTrxCommon_RxGetFrameCount
                0x2001d828       0x8c C:/HOOPOE3/satellite-subsystems/demo/..//satellite-subsystems/lib\libSatelliteSubsystemsD.a(IsisTRXCommon.o)
                0x2001d828                IsisTrxCommon_RxGetFrameCount
 .text.IsisTrxCommon_RxGetTelemetryAll_revC
                0x2001d8b4       0x8c C:/HOOPOE3/satellite-subsystems/demo/..//satellite-subsystems/lib\libSatelliteSubsystemsD.a(IsisTRXCommon.o)
                0x2001d8b4                IsisTrxCommon_RxGetTelemetryAll_revC
 .text.log      0x2001d940      0x17c c:/isis/application/toolchain/bin/../lib/gcc/arm-none-eabi/4.7.4/../../../../arm-none-eabi/lib\libm.a(lib_a-w_log.o)
                0x2001d940                log
 *fill*         0x2001dabc        0x4 00
 .text.__ieee754_log
                0x2001dac0      0x5c0 c:/isis/application/toolchain/bin/../lib/gcc/arm-none-eabi/4.7.4/../../../../arm-none-eabi/lib\libm.a(lib_a-e_log.o)
                0x2001dac0                __ieee754_log
 .text.matherr  0x2001e080        0x8 c:/isis/application/toolchain/bin/../lib/gcc/arm-none-eabi/4.7.4/../../../../arm-none-eabi/lib\libm.a(lib_a-s_matherr.o)
                0x2001e080                matherr
 .text.nan      0x2001e088       0x10 c:/isis/application/toolchain/bin/../lib/gcc/arm-none-eabi/4.7.4/../../../../arm-none-eabi/lib\libm.a(lib_a-s_nan.o)
                0x2001e088                nan
 .text.fn_init  0x2001e098      0x2e0 C:/HOOPOE3/satellite-subsystems/demo/../..//hal/hcc/lib\libHCCD.a(fat_common.o)
                0x2001e098                fn_init
 .text._f_get16bitl
                0x2001e378       0x4c C:/HOOPOE3/satellite-subsystems/demo/../..//hal/hcc/lib\libHCCD.a(fat_common.o)
                0x2001e378                _f_get16bitl
 .text._f_set16bitl
                0x2001e3c4       0x54 C:/HOOPOE3/satellite-subsystems/demo/../..//hal/hcc/lib\libHCCD.a(fat_common.o)
                0x2001e3c4                _f_set16bitl
 .text._f_get32bitl
                0x2001e418       0x68 C:/HOOPOE3/satellite-subsystems/demo/../..//hal/hcc/lib\libHCCD.a(fat_common.o)
                0x2001e418                _f_get32bitl
 .text._f_set32bitl
                0x2001e480       0x78 C:/HOOPOE3/satellite-subsystems/demo/../..//hal/hcc/lib\libHCCD.a(fat_common.o)
                0x2001e480                _f_set32bitl
 .text._get8bit
                0x2001e4f8       0xa0 C:/HOOPOE3/satellite-subsystems/demo/../..//hal/hcc/lib\libHCCD.a(fat_common.o)
 .text._get16bitl
                0x2001e598       0x40 C:/HOOPOE3/satellite-subsystems/demo/../..//hal/hcc/lib\libHCCD.a(fat_common.o)
 .text._get32bitl
                0x2001e5d8       0x3c C:/HOOPOE3/satellite-subsystems/demo/../..//hal/hcc/lib\libHCCD.a(fat_common.o)
 .text._f_setcardremoved
                0x2001e614       0x94 C:/HOOPOE3/satellite-subsystems/demo/../..//hal/hcc/lib\libHCCD.a(fat_common.o)
 .text._f_checkstatus
                0x2001e6a8      0x104 C:/HOOPOE3/satellite-subsystems/demo/../..//hal/hcc/lib\libHCCD.a(fat_common.o)
                0x2001e6a8                _f_checkstatus
 .text._f_drvgetphy
                0x2001e7ac      0x114 C:/HOOPOE3/satellite-subsystems/demo/../..//hal/hcc/lib\libHCCD.a(fat_common.o)
 .text._f_drvwritesector
                0x2001e8c0       0xdc C:/HOOPOE3/satellite-subsystems/demo/../..//hal/hcc/lib\libHCCD.a(fat_common.o)
 .text._f_drvreadsector
                0x2001e99c       0xa8 C:/HOOPOE3/satellite-subsystems/demo/../..//hal/hcc/lib\libHCCD.a(fat_common.o)
 .text._f_writesector
                0x2001ea44      0x23c C:/HOOPOE3/satellite-subsystems/demo/../..//hal/hcc/lib\libHCCD.a(fat_common.o)
                0x2001ea44                _f_writesector
 .text._f_readsector
                0x2001ec80      0x1dc C:/HOOPOE3/satellite-subsystems/demo/../..//hal/hcc/lib\libHCCD.a(fat_common.o)
                0x2001ec80                _f_readsector
 .text._f_getmaxcluster
                0x2001ee5c       0x94 C:/HOOPOE3/satellite-subsystems/demo/../..//hal/hcc/lib\libHCCD.a(fat_common.o)
                0x2001ee5c                _f_getmaxcluster
 .text._getsectorfromcluster
                0x2001eef0       0x68 C:/HOOPOE3/satellite-subsystems/demo/../..//hal/hcc/lib\libHCCD.a(fat_common.o)
 .text._f_buildsectors
                0x2001ef58      0x268 C:/HOOPOE3/satellite-subsystems/demo/../..//hal/hcc/lib\libHCCD.a(fat_common.o)
 .text._f_getbootrecord
                0x2001f1c0      0x5e4 C:/HOOPOE3/satellite-subsystems/demo/../..//hal/hcc/lib\libHCCD.a(fat_common.o)
 .text._f_readbootrecord
                0x2001f7a4      0x4f8 C:/HOOPOE3/satellite-subsystems/demo/../..//hal/hcc/lib\libHCCD.a(fat_common.o)
 .text._f_flushcffiles
                0x2001fc9c      0x17c C:/HOOPOE3/satellite-subsystems/demo/../..//hal/hcc/lib\libHCCD.a(fat_common.o)
                0x2001fc9c                _f_flushcffiles
 .text._f_fatcache_flush
                0x2001fe18      0x270 C:/HOOPOE3/satellite-subsystems/demo/../..//hal/hcc/lib\libHCCD.a(fat_common.o)
                0x2001fe18                _f_fatcache_flush
 .text._f_writefatsector
                0x20020088      0x100 C:/HOOPOE3/satellite-subsystems/demo/../..//hal/hcc/lib\libHCCD.a(fat_common.o)
                0x20020088                _f_writefatsector
 .text._f_getfatsector
                0x20020188      0x3bc C:/HOOPOE3/satellite-subsystems/demo/../..//hal/hcc/lib\libHCCD.a(fat_common.o)
 .text._f_setclustervalue
                0x20020544      0x490 C:/HOOPOE3/satellite-subsystems/demo/../..//hal/hcc/lib\libHCCD.a(fat_common.o)
                0x20020544                _f_setclustervalue
 .text._f_getclustervalue
                0x200209d4      0x388 C:/HOOPOE3/satellite-subsystems/demo/../..//hal/hcc/lib\libHCCD.a(fat_common.o)
                0x200209d4                _f_getclustervalue
 .text._f_close_drive_files
                0x20020d5c       0xac C:/HOOPOE3/satellite-subsystems/demo/../..//hal/hcc/lib\libHCCD.a(fat_common.o)
 .text._f_inc_mount_count
                0x20020e08       0xa4 C:/HOOPOE3/satellite-subsystems/demo/../..//hal/hcc/lib\libHCCD.a(fat_common.o)
 .text._f_getvolume
                0x20020eac      0x2f8 C:/HOOPOE3/satellite-subsystems/demo/../..//hal/hcc/lib\libHCCD.a(fat_common.o)
                0x20020eac                _f_getvolume
 .text.fn_createdriver
                0x200211a4      0x118 C:/HOOPOE3/satellite-subsystems/demo/../..//hal/hcc/lib\libHCCD.a(fat_common.o)
                0x200211a4                fn_createdriver
 .text.fn_initvolume
                0x200212bc      0x12c C:/HOOPOE3/satellite-subsystems/demo/../..//hal/hcc/lib\libHCCD.a(fat_common.o)
                0x200212bc                fn_initvolume
 .text.fn_initvolumepartition_sub
                0x200213e8       0xe0 C:/HOOPOE3/satellite-subsystems/demo/../..//hal/hcc/lib\libHCCD.a(fat_common.o)
 .text.fn_initvolumepartition
                0x200214c8       0xac C:/HOOPOE3/satellite-subsystems/demo/../..//hal/hcc/lib\libHCCD.a(fat_common.o)
                0x200214c8                fn_initvolumepartition
 .text._f_clustertopos
                0x20021574       0xf8 C:/HOOPOE3/satellite-subsystems/demo/../..//hal/hcc/lib\libHCCD.a(fat_common.o)
                0x20021574                _f_clustertopos
 .text._f_getcurrsector
                0x2002166c      0x6c8 C:/HOOPOE3/satellite-subsystems/demo/../..//hal/hcc/lib\libHCCD.a(fat_common.o)
                0x2002166c                _f_getcurrsector
 .text._f_getdecluster
                0x20021d34       0x90 C:/HOOPOE3/satellite-subsystems/demo/../..//hal/hcc/lib\libHCCD.a(fat_common.o)
                0x20021d34                _f_getdecluster
 .text._f_setdecluster
                0x20021dc4       0x8c C:/HOOPOE3/satellite-subsystems/demo/../..//hal/hcc/lib\libHCCD.a(fat_common.o)
                0x20021dc4                _f_setdecluster
 .text.fn_getdrive
                0x20021e50       0x30 C:/HOOPOE3/satellite-subsystems/demo/../..//hal/hcc/lib\libHCCD.a(fat_common.o)
                0x20021e50                fn_getdrive
 .text._f_getcurrenttimedate
                0x20021e80      0x138 C:/HOOPOE3/satellite-subsystems/demo/../..//hal/hcc/lib\libHCCD.a(fat_common.o)
                0x20021e80                _f_getcurrenttimedate
 .text._f_initentry
                0x20021fb8       0xa0 C:/HOOPOE3/satellite-subsystems/demo/../..//hal/hcc/lib\libHCCD.a(fat_common.o)
                0x20021fb8                _f_initentry
 .text._f_alloccluster
                0x20022058      0x344 C:/HOOPOE3/satellite-subsystems/demo/../..//hal/hcc/lib\libHCCD.a(fat_common.o)
                0x20022058                _f_alloccluster
 .text._f_dobadblock
                0x2002239c      0x2cc C:/HOOPOE3/satellite-subsystems/demo/../..//hal/hcc/lib\libHCCD.a(fat_common.o)
                0x2002239c                _f_dobadblock
 .text._f_checklocked
                0x20022668       0xe4 C:/HOOPOE3/satellite-subsystems/demo/../..//hal/hcc/lib\libHCCD.a(fat_common.o)
                0x20022668                _f_checklocked
 .text._f_checkappendlocked
                0x2002274c      0x110 C:/HOOPOE3/satellite-subsystems/demo/../..//hal/hcc/lib\libHCCD.a(fat_common.o)
                0x2002274c                _f_checkappendlocked
 .text._f_setsyncafile
                0x2002285c      0x114 C:/HOOPOE3/satellite-subsystems/demo/../..//hal/hcc/lib\libHCCD.a(fat_common.o)
                0x2002285c                _f_setsyncafile
 .text._f_syncfiles
                0x20022970      0x128 C:/HOOPOE3/satellite-subsystems/demo/../..//hal/hcc/lib\libHCCD.a(fat_common.o)
                0x20022970                _f_syncfiles
 .text._f_syncfilescontent
                0x20022a98      0x15c C:/HOOPOE3/satellite-subsystems/demo/../..//hal/hcc/lib\libHCCD.a(fat_common.o)
 .text.fn_getfreespace
                0x20022bf4      0x4c0 C:/HOOPOE3/satellite-subsystems/demo/../..//hal/hcc/lib\libHCCD.a(fat_common.o)
                0x20022bf4                fn_getfreespace
 .text._f_emptywritecache
                0x200230b4      0x4a4 C:/HOOPOE3/satellite-subsystems/demo/../..//hal/hcc/lib\libHCCD.a(fat_common.o)
 .text._f_allocnextcluster
                0x20023558      0x54c C:/HOOPOE3/satellite-subsystems/demo/../..//hal/hcc/lib\libHCCD.a(fat_common.o)
 .text._f_emptywritebuffer
                0x20023aa4      0x20c C:/HOOPOE3/satellite-subsystems/demo/../..//hal/hcc/lib\libHCCD.a(fat_common.o)
 .text._f_writezeros
                0x20023cb0       0xf0 C:/HOOPOE3/satellite-subsystems/demo/../..//hal/hcc/lib\libHCCD.a(fat_common.o)
                0x20023cb0                _f_writezeros
 .text._f_extend_file
                0x20023da0      0x570 C:/HOOPOE3/satellite-subsystems/demo/../..//hal/hcc/lib\libHCCD.a(fat_common.o)
 .text._f_fseek
                0x20024310      0x9bc C:/HOOPOE3/satellite-subsystems/demo/../..//hal/hcc/lib\libHCCD.a(fat_common.o)
                0x20024310                _f_fseek
 .text._f_removechain
                0x20024ccc      0x104 C:/HOOPOE3/satellite-subsystems/demo/../..//hal/hcc/lib\libHCCD.a(fat_common.o)
                0x20024ccc                _f_removechain
 .text._f_updatefileentry
                0x20024dd0      0x1cc C:/HOOPOE3/satellite-subsystems/demo/../..//hal/hcc/lib\libHCCD.a(fat_common.o)
 .text._f_checkreadlocked
                0x20024f9c      0x1bc C:/HOOPOE3/satellite-subsystems/demo/../..//hal/hcc/lib\libHCCD.a(fat_common.o)
                0x20024f9c                _f_checkreadlocked
 .text._f_check_handle
                0x20025158       0x98 C:/HOOPOE3/satellite-subsystems/demo/../..//hal/hcc/lib\libHCCD.a(fat_common.o)
                0x20025158                _f_check_handle
 .text._f_removesyncafile
                0x200251f0      0x1ec C:/HOOPOE3/satellite-subsystems/demo/../..//hal/hcc/lib\libHCCD.a(fat_common.o)
 .text.fn_close
                0x200253dc      0x3f8 C:/HOOPOE3/satellite-subsystems/demo/../..//hal/hcc/lib\libHCCD.a(fat_common.o)
                0x200253dc                fn_close
 .text.fn_flush
                0x200257d4      0x374 C:/HOOPOE3/satellite-subsystems/demo/../..//hal/hcc/lib\libHCCD.a(fat_common.o)
                0x200257d4                fn_flush
 .text.fn_read  0x20025b48      0x690 C:/HOOPOE3/satellite-subsystems/demo/../..//hal/hcc/lib\libHCCD.a(fat_common.o)
                0x20025b48                fn_read
 .text._f_abortwrite
                0x200261d8      0x100 C:/HOOPOE3/satellite-subsystems/demo/../..//hal/hcc/lib\libHCCD.a(fat_common.o)
 .text._f_checkwritecluster
                0x200262d8       0xe4 C:/HOOPOE3/satellite-subsystems/demo/../..//hal/hcc/lib\libHCCD.a(fat_common.o)
 .text.fn_write
                0x200263bc      0x8a8 C:/HOOPOE3/satellite-subsystems/demo/../..//hal/hcc/lib\libHCCD.a(fat_common.o)
                0x200263bc                fn_write
 .text.fn_seek  0x20026c64      0x270 C:/HOOPOE3/satellite-subsystems/demo/../..//hal/hcc/lib\libHCCD.a(fat_common.o)
                0x20026c64                fn_seek
 .text.f_enterFS
                0x20026ed4      0x1c0 C:/HOOPOE3/satellite-subsystems/demo/../..//hal/hcc/lib\libHCCD.a(fat_common.o)
                0x20026ed4                f_enterFS
 .text.f_releaseFS
                0x20027094       0xb0 C:/HOOPOE3/satellite-subsystems/demo/../..//hal/hcc/lib\libHCCD.a(fat_common.o)
                0x20027094                f_releaseFS
 .text.fnGetTask
                0x20027144       0xfc C:/HOOPOE3/satellite-subsystems/demo/../..//hal/hcc/lib\libHCCD.a(fat_common.o)
                0x20027144                fnGetTask
 .text._f_mutex_get
                0x20027240       0x98 C:/HOOPOE3/satellite-subsystems/demo/../..//hal/hcc/lib\libHCCD.a(fat_common.o)
                0x20027240                _f_mutex_get
 .text._f_mutex_put
                0x200272d8       0x54 C:/HOOPOE3/satellite-subsystems/demo/../..//hal/hcc/lib\libHCCD.a(fat_common.o)
                0x200272d8                _f_mutex_put
 .text._fn_initseekdivisor
                0x2002732c      0x158 C:/HOOPOE3/satellite-subsystems/demo/../..//hal/hcc/lib\libHCCD.a(fat_common.o)
                0x2002732c                _fn_initseekdivisor
 .text._fn_updateseekpos
                0x20027484       0xc4 C:/HOOPOE3/satellite-subsystems/demo/../..//hal/hcc/lib\libHCCD.a(fat_common.o)
 .text._f_findopensize
                0x20027548       0x2c C:/HOOPOE3/satellite-subsystems/demo/../..//hal/hcc/lib\libHCCD.a(fat_common.o)
                0x20027548                _f_findopensize
 .text.fn_setlasterror
                0x20027574       0x34 C:/HOOPOE3/satellite-subsystems/demo/../..//hal/hcc/lib\libHCCD.a(fat_common.o)
                0x20027574                fn_setlasterror
 .text.fn_setlasterror_noret
                0x200275a8       0x2c C:/HOOPOE3/satellite-subsystems/demo/../..//hal/hcc/lib\libHCCD.a(fat_common.o)
                0x200275a8                fn_setlasterror_noret
 .text.fm_initvolume
                0x200275d4       0x70 C:/HOOPOE3/satellite-subsystems/demo/../..//hal/hcc/lib\libHCCD.a(fat_m.o)
                0x200275d4                fm_initvolume
 .text.fm_getdrive
                0x20027644       0x70 C:/HOOPOE3/satellite-subsystems/demo/../..//hal/hcc/lib\libHCCD.a(fat_m.o)
                0x20027644                fm_getdrive
 .text.fm_getfreespace
                0x200276b4       0x68 C:/HOOPOE3/satellite-subsystems/demo/../..//hal/hcc/lib\libHCCD.a(fat_m.o)
                0x200276b4                fm_getfreespace
 .text.fm_findfirst
                0x2002771c       0x68 C:/HOOPOE3/satellite-subsystems/demo/../..//hal/hcc/lib\libHCCD.a(fat_m.o)
                0x2002771c                fm_findfirst
 .text.fm_findnext
                0x20027784       0x60 C:/HOOPOE3/satellite-subsystems/demo/../..//hal/hcc/lib\libHCCD.a(fat_m.o)
                0x20027784                fm_findnext
 .text.fm_rename
                0x200277e4       0x68 C:/HOOPOE3/satellite-subsystems/demo/../..//hal/hcc/lib\libHCCD.a(fat_m.o)
                0x200277e4                fm_rename
 .text.fm_filelength
                0x2002784c       0x60 C:/HOOPOE3/satellite-subsystems/demo/../..//hal/hcc/lib\libHCCD.a(fat_m.o)
                0x2002784c                fm_filelength
 .text.fm_close
                0x200278ac       0x60 C:/HOOPOE3/satellite-subsystems/demo/../..//hal/hcc/lib\libHCCD.a(fat_m.o)
                0x200278ac                fm_close
 .text.fm_flush
                0x2002790c       0x60 C:/HOOPOE3/satellite-subsystems/demo/../..//hal/hcc/lib\libHCCD.a(fat_m.o)
                0x2002790c                fm_flush
 .text.fm_open  0x2002796c       0x68 C:/HOOPOE3/satellite-subsystems/demo/../..//hal/hcc/lib\libHCCD.a(fat_m.o)
                0x2002796c                fm_open
 .text.fm_read  0x200279d4       0x7c C:/HOOPOE3/satellite-subsystems/demo/../..//hal/hcc/lib\libHCCD.a(fat_m.o)
                0x200279d4                fm_read
 .text.fm_write
                0x20027a50       0x7c C:/HOOPOE3/satellite-subsystems/demo/../..//hal/hcc/lib\libHCCD.a(fat_m.o)
                0x20027a50                fm_write
 .text.fm_seek  0x20027acc       0x70 C:/HOOPOE3/satellite-subsystems/demo/../..//hal/hcc/lib\libHCCD.a(fat_m.o)
                0x20027acc                fm_seek
 .text.fm_delete
                0x20027b3c       0x64 C:/HOOPOE3/satellite-subsystems/demo/../..//hal/hcc/lib\libHCCD.a(fat_m.o)
                0x20027b3c                fm_delete
 .text.fm_getlasterror
                0x20027ba0       0x40 C:/HOOPOE3/satellite-subsystems/demo/../..//hal/hcc/lib\libHCCD.a(fat_m.o)
                0x20027ba0                fm_getlasterror
 .text._s_checkzeroclusteratend
                0x20027be0       0xf8 C:/HOOPOE3/satellite-subsystems/demo/../..//hal/hcc/lib\libHCCD.a(safefat.o)
 .text._s_clearclustercontent
                0x20027cd8      0x108 C:/HOOPOE3/satellite-subsystems/demo/../..//hal/hcc/lib\libHCCD.a(safefat.o)
 .text._s_clearclustercontentdir
                0x20027de0      0x19c C:/HOOPOE3/satellite-subsystems/demo/../..//hal/hcc/lib\libHCCD.a(safefat.o)
 .text._s_writedirsector
                0x20027f7c       0xd0 C:/HOOPOE3/satellite-subsystems/demo/../..//hal/hcc/lib\libHCCD.a(safefat.o)
 .text._s_getdirsector
                0x2002804c      0x100 C:/HOOPOE3/satellite-subsystems/demo/../..//hal/hcc/lib\libHCCD.a(safefat.o)
 .text._s_addentry