Archive member included because of file (symbol)

c:/isis/application/toolchain/bin/../lib/gcc/arm-none-eabi/4.7.4/../../../../arm-none-eabi/lib\libc_s.a(lib_a-vfprintf_float.o)
                              (_printf_float)
c:/isis/application/toolchain/bin/../lib/gcc/arm-none-eabi/4.7.4/../../../../arm-none-eabi/lib\libc_s.a(lib_a-vfprintf_i.o)
                              c:/isis/application/toolchain/bin/../lib/gcc/arm-none-eabi/4.7.4/../../../../arm-none-eabi/lib\libc_s.a(lib_a-vfprintf_float.o) (_printf_common)
c:/isis/application/toolchain/bin/../lib/gcc/arm-none-eabi/4.7.4/../../../../arm-none-eabi/lib\libc_s.a(lib_a-vfscanf_float.o)
                              (_scanf_float)
c:/isis/application/toolchain/bin/../lib/gcc/arm-none-eabi/4.7.4/../../../../arm-none-eabi/lib\libc_s.a(lib_a-dtoa.o)
                              c:/isis/application/toolchain/bin/../lib/gcc/arm-none-eabi/4.7.4/../../../../arm-none-eabi/lib\libc_s.a(lib_a-vfprintf_float.o) (_dtoa_r)
c:/isis/application/toolchain/bin/../lib/gcc/arm-none-eabi/4.7.4/../../../../arm-none-eabi/lib\libc_s.a(lib_a-locale.o)
                              c:/isis/application/toolchain/bin/../lib/gcc/arm-none-eabi/4.7.4/../../../../arm-none-eabi/lib\libc_s.a(lib_a-vfprintf_float.o) (_localeconv_r)
c:/isis/application/toolchain/bin/../lib/gcc/arm-none-eabi/4.7.4/../../../../arm-none-eabi/lib\libc_s.a(lib_a-malloc.o)
                              c:/isis/application/toolchain/bin/../lib/gcc/arm-none-eabi/4.7.4/../../../../arm-none-eabi/lib\libc_s.a(lib_a-dtoa.o) (malloc)
c:/isis/application/toolchain/bin/../lib/gcc/arm-none-eabi/4.7.4/../../../../arm-none-eabi/lib\libc_s.a(lib_a-mallocr.o)
                              c:/isis/application/toolchain/bin/../lib/gcc/arm-none-eabi/4.7.4/../../../../arm-none-eabi/lib\libc_s.a(lib_a-malloc.o) (_malloc_r)
c:/isis/application/toolchain/bin/../lib/gcc/arm-none-eabi/4.7.4/../../../../arm-none-eabi/lib\libc_s.a(lib_a-memcpy.o)
                              c:/isis/application/toolchain/bin/../lib/gcc/arm-none-eabi/4.7.4/../../../../arm-none-eabi/lib\libc_s.a(lib_a-dtoa.o) (memcpy)
c:/isis/application/toolchain/bin/../lib/gcc/arm-none-eabi/4.7.4/../../../../arm-none-eabi/lib\libc_s.a(lib_a-mprec.o)
                              c:/isis/application/toolchain/bin/../lib/gcc/arm-none-eabi/4.7.4/../../../../arm-none-eabi/lib\libc_s.a(lib_a-dtoa.o) (_Balloc)
c:/isis/application/toolchain/bin/../lib/gcc/arm-none-eabi/4.7.4/../../../../arm-none-eabi/lib\libc_s.a(lib_a-s_fpclassify.o)
                              c:/isis/application/toolchain/bin/../lib/gcc/arm-none-eabi/4.7.4/../../../../arm-none-eabi/lib\libc_s.a(lib_a-vfprintf_float.o) (__fpclassifyd)
c:/isis/application/toolchain/bin/../lib/gcc/arm-none-eabi/4.7.4/../../../../arm-none-eabi/lib\libc_s.a(lib_a-sbrkr.o)
                              c:/isis/application/toolchain/bin/../lib/gcc/arm-none-eabi/4.7.4/../../../../arm-none-eabi/lib\libc_s.a(lib_a-mallocr.o) (_sbrk_r)
c:/isis/application/toolchain/bin/../lib/gcc/arm-none-eabi/4.7.4/../../../../arm-none-eabi/lib\libc_s.a(lib_a-sf_nan.o)
                              c:/isis/application/toolchain/bin/../lib/gcc/arm-none-eabi/4.7.4/../../../../arm-none-eabi/lib\libc_s.a(lib_a-vfscanf_float.o) (nanf)
c:/isis/application/toolchain/bin/../lib/gcc/arm-none-eabi/4.7.4/../../../../arm-none-eabi/lib\libc_s.a(lib_a-sprintf.o)
                              c:/isis/application/toolchain/bin/../lib/gcc/arm-none-eabi/4.7.4/../../../../arm-none-eabi/lib\libc_s.a(lib_a-vfscanf_float.o) (sprintf)
c:/isis/application/toolchain/bin/../lib/gcc/arm-none-eabi/4.7.4/../../../../arm-none-eabi/lib\libc_s.a(lib_a-strcmp.o)
                              c:/isis/application/toolchain/bin/../lib/gcc/arm-none-eabi/4.7.4/../../../../arm-none-eabi/lib\libc_s.a(lib_a-locale.o) (strcmp)
c:/isis/application/toolchain/bin/../lib/gcc/arm-none-eabi/4.7.4/../../../../arm-none-eabi/lib\libc_s.a(lib_a-strlen.o)
                              c:/isis/application/toolchain/bin/../lib/gcc/arm-none-eabi/4.7.4/../../../../arm-none-eabi/lib\libc_s.a(lib_a-vfprintf_float.o) (strlen)
c:/isis/application/toolchain/bin/../lib/gcc/arm-none-eabi/4.7.4/../../../../arm-none-eabi/lib\libc_s.a(lib_a-strtod.o)
                              c:/isis/application/toolchain/bin/../lib/gcc/arm-none-eabi/4.7.4/../../../../arm-none-eabi/lib\libc_s.a(lib_a-vfscanf_float.o) (_strtod_r)
c:/isis/application/toolchain/bin/../lib/gcc/arm-none-eabi/4.7.4/../../../../arm-none-eabi/lib\libc_s.a(lib_a-strtol.o)
                              c:/isis/application/toolchain/bin/../lib/gcc/arm-none-eabi/4.7.4/../../../../arm-none-eabi/lib\libc_s.a(lib_a-vfscanf_float.o) (_strtol_r)
c:/isis/application/toolchain/bin/../lib/gcc/arm-none-eabi/4.7.4/../../../../arm-none-eabi/lib\libc_s.a(lib_a-svfprintf.o)
                              c:/isis/application/toolchain/bin/../lib/gcc/arm-none-eabi/4.7.4/../../../../arm-none-eabi/lib\libc_s.a(lib_a-sprintf.o) (_svfprintf_r)
[...]
Memory Configuration

Name             Origin             Length             Attributes
sram0            0x00200000         0x00004000         w !xr
sram1            0x00300000         0x00004000         w !xr
sdram            0x20000000         0x02000000         w !xr
*default*        0x00000000         0xffffffff

Linker script and memory map

LOAD c:/isis/application/toolchain/bin/../lib/gcc/arm-none-eabi/4.7.4/../../../../arm-none-eabi/lib\libc_s.a
LOAD ./src/sub-systemCode/payload/Request Management/Dump/Butchering.o
LOAD ./src/sub-systemCode/payload/Request Management/Dump/imageDump.o
LOAD ./src/sub-systemCode/payload/Request Management/AutomaticImageHandler.o
LOAD ./src/sub-systemCode/payload/Request Management/CameraManeger.o
LOAD ./src/sub-systemCode/payload/Request Management/DB_RequestHandling.o
LOAD ./src/sub-systemCode/payload/Misc/Boolean_bit.o
LOAD ./src/sub-systemCode/payload/Misc/FileSystem.o
LOAD ./src/sub-systemCode/payload/Drivers/GeckoCameraDriver.o
LOAD ./src/sub-systemCode/payload/DataBase/DataBase.o
LOAD ./src/sub-systemCode/payload/Compression/jpeg/bmp/rawToBMP.o
LOAD ./src/sub-systemCode/payload/Compression/jpeg/DCT.o
LOAD ./src/sub-systemCode/payload/Compression/jpeg/ImgCompressor.o
LOAD ./src/sub-systemCode/payload/Compression/jpeg/color_conv.o
LOAD ./src/sub-systemCode/payload/Compression/jpeg/jpeg.o
LOAD ./src/sub-systemCode/payload/Compression/jpeg/jpeg_encoder.o
LOAD ./src/sub-systemCode/payload/Compression/jpeg/jpeg_memory_alloc.o
LOAD ./src/sub-systemCode/payload/Compression/jpeg/jpeg_params.o
LOAD ./src/sub-systemCode/payload/Compression/jpeg/output_stream.o
LOAD ./src/sub-systemCode/payload/Compression/ImageConversion.o
LOAD ./src/sub-systemCode/Main/CMD/ADCS_CMD.o
LOAD ./src/sub-systemCode/Main/CMD/COMM_CMD.o
LOAD ./src/sub-systemCode/Main/CMD/EPS_CMD.o
LOAD ./src/sub-systemCode/Main/CMD/General_CMD.o
LOAD ./src/sub-systemCode/Main/CMD/SW_CMD.o
LOAD ./src/sub-systemCode/Main/CMD/payload_CMD.o
LOAD ./src/sub-systemCode/Main/Ants.o
LOAD ./src/sub-systemCode/Main/EPS.o
LOAD ./src/sub-systemCode/Main/HouseKeeping.o
LOAD ./src/sub-systemCode/Main/Main_Init.o
LOAD ./src/sub-systemCode/Main/commands.o
LOAD ./src/sub-systemCode/Global/GenericTaskSave.o
LOAD ./src/sub-systemCode/Global/Global.o
LOAD ./src/sub-systemCode/Global/GlobalParam.o
LOAD ./src/sub-systemCode/Global/OnlineTM.o
LOAD ./src/sub-systemCode/Global/TLM_management.o
LOAD ./src/sub-systemCode/Global/freertosExtended.o
LOAD ./src/sub-systemCode/Global/logger.o
LOAD ./src/sub-systemCode/CUF/CUF.o
LOAD ./src/sub-systemCode/CUF/uploadCodeTelemetry.o
LOAD ./src/sub-systemCode/COMM/APRS.o
LOAD ./src/sub-systemCode/COMM/DelayedCommand_list.o
LOAD ./src/sub-systemCode/COMM/GSC.o
LOAD ./src/sub-systemCode/COMM/TRXVU.o
LOAD ./src/sub-systemCode/ADCS/AdcsCommands.o
LOAD ./src/sub-systemCode/ADCS/AdcsGetDataAndTlm.o
LOAD ./src/sub-systemCode/ADCS/AdcsMain.o
LOAD ./src/sub-systemCode/ADCS/AdcsTroubleShooting.o
LOAD ./src/sub-systemCode/ADCS/StateMachine.o
LOAD ./src/main.o
LOAD C:/HOOPOE3/satellite-subsystems/demo/..//satellite-subsystems/lib\libSatelliteSubsystemsD.a
LOAD c:/isis/application/toolchain/bin/../lib/gcc/arm-none-eabi/4.7.4/../../../../arm-none-eabi/lib\libm.a
LOAD C:/HOOPOE3/satellite-subsystems/demo/../..//hal/hcc/lib\libHCCD.a
LOAD C:/HOOPOE3/satellite-subsystems/demo/../..//hal/hal/lib\libHALD.a
LOAD C:/HOOPOE3/satellite-subsystems/demo/../..//hal/freertos/lib\libFreeRTOSD.a
LOAD C:/HOOPOE3/satellite-subsystems/demo/../..//hal/at91/lib\libAt91D.a
START GROUP
LOAD c:/isis/application/toolchain/bin/../lib/gcc/arm-none-eabi/4.7.4\libgcc.a
LOAD c:/isis/application/toolchain/bin/../lib/gcc/arm-none-eabi/4.7.4/../../../../arm-none-eabi/lib\libc_s.a
END GROUP

.fixed          0x20000000    0x613e4
                0x20000000                . = ALIGN (0x4)
                0x20000000                _sfixed = .
 *(.startup)
 .startup       0x20000000      0x134 C:/HOOPOE3/satellite-subsystems/demo/../..//hal/at91/lib\libAt91D.a(board_cstartup.o)
                0x20000000                entry
 *(.text)
 .text          0x20000134       0x64 C:/HOOPOE3/satellite-subsystems/demo/../..//hal/at91/lib\libAt91D.a(cp15_asm.o)
                0x20000134                _readControlRegister
                0x20000140                _writeControlRegister
                0x20000148                _waitForInterrupt
                0x20000154                _writeTTB
                0x2000015c                _writeDomain
                0x20000164                _writeITLBLockdown
                0x2000016c                _prefetchICacheLine
                0x20000174                _flushDCache
                0x20000180                _flushWriteBuffer
                0x2000018c                _invalidateIDTLBs
 .text          0x20000198      0x114 c:/isis/application/toolchain/bin/../lib/gcc/arm-none-eabi/4.7.4\libgcc.a(_udivsi3.o)
                0x20000198                __aeabi_uidiv
                0x20000198                __udivsi3
                0x2000028c                __aeabi_uidivmod
 .text          0x200002ac      0x148 c:/isis/application/toolchain/bin/../lib/gcc/arm-none-eabi/4.7.4\libgcc.a(_divsi3.o)
                0x200002ac                __divsi3
                0x200002ac                __aeabi_idiv
                0x200003d4                __aeabi_idivmod
 .text          0x200003f4        0x4 c:/isis/application/toolchain/bin/../lib/gcc/arm-none-eabi/4.7.4\libgcc.a(_dvmd_tls.o)
                0x200003f4                __aeabi_idiv0
                0x200003f4                __aeabi_ldiv0
 .text          0x200003f8      0x41c c:/isis/application/toolchain/bin/../lib/gcc/arm-none-eabi/4.7.4\libgcc.a(_arm_addsubdf3.o)
                0x200003f8                __aeabi_drsub
                0x20000400                __aeabi_dsub
                0x20000400                __subdf3
                0x20000404                __aeabi_dadd
                0x20000404                __adddf3
                0x20000714                __floatunsidf
                0x20000714                __aeabi_ui2d
                0x20000738                __floatsidf
                0x20000738                __aeabi_i2d
                0x20000760                __aeabi_f2d
                0x20000760                __extendsfdf2
                0x200007a0                __floatundidf
                0x200007a0                __aeabi_ul2d
                0x200007b4                __floatdidf
                0x200007b4                __aeabi_l2d
 .text          0x20000814      0x49c c:/isis/application/toolchain/bin/../lib/gcc/arm-none-eabi/4.7.4\libgcc.a(_arm_muldivdf3.o)
                0x20000814                __aeabi_dmul
                0x20000814                __muldf3
                0x20000aa4                __divdf3
                0x20000aa4                __aeabi_ddiv
 .text          0x20000cb0      0x144 c:/isis/application/toolchain/bin/../lib/gcc/arm-none-eabi/4.7.4\libgcc.a(_arm_cmpdf2.o)
                0x20000cb0                __gtdf2
                0x20000cb0                __gedf2
                0x20000cb8                __ltdf2
                0x20000cb8                __ledf2
                0x20000cc0                __nedf2
                0x20000cc0                __eqdf2
                0x20000cc0                __cmpdf2
                0x20000d48                __aeabi_cdrcmple
                0x20000d64                __aeabi_cdcmpeq
                0x20000d64                __aeabi_cdcmple
                0x20000d7c                __aeabi_dcmpeq
                0x20000d94                __aeabi_dcmplt
                0x20000dac                __aeabi_dcmple
                0x20000dc4                __aeabi_dcmpge
                0x20000ddc                __aeabi_dcmpgt
 .text          0x20000df4       0x5c c:/isis/application/toolchain/bin/../lib/gcc/arm-none-eabi/4.7.4\libgcc.a(_arm_fixdfsi.o)
                0x20000df4                __aeabi_d2iz
                0x20000df4                __fixdfsi
 .text          0x20000e50       0x54 c:/isis/application/toolchain/bin/../lib/gcc/arm-none-eabi/4.7.4\libgcc.a(_arm_fixunsdfsi.o)
                0x20000e50                __aeabi_d2uiz
                0x20000e50                __fixunsdfsi
 .text          0x20000ea4       0xa0 c:/isis/application/toolchain/bin/../lib/gcc/arm-none-eabi/4.7.4\libgcc.a(_arm_truncdfsf2.o)
                0x20000ea4                __truncdfsf2
                0x20000ea4                __aeabi_d2f
 .text          0x20000f44      0x2ac c:/isis/application/toolchain/bin/../lib/gcc/arm-none-eabi/4.7.4\libgcc.a(_arm_addsubsf3.o)
                0x20000f44                __aeabi_frsub
                0x20000f4c                __subsf3
                0x20000f4c                __aeabi_fsub
                0x20000f50                __aeabi_fadd
                0x20000f50                __addsf3
                0x2000110c                __aeabi_ui2f
                0x2000110c                __floatunsisf
                0x20001114                __aeabi_i2f
                0x20001114                __floatsisf
                0x20001134                __aeabi_ul2f
                0x20001134                __floatundisf
                0x20001144                __aeabi_l2f
                0x20001144                __floatdisf
 .text          0x200011f0      0x2f8 c:/isis/application/toolchain/bin/../lib/gcc/arm-none-eabi/4.7.4\libgcc.a(_arm_muldivsf3.o)
                0x200011f0                __mulsf3
                0x200011f0                __aeabi_fmul
                0x20001388                __aeabi_fdiv
                0x20001388                __divsf3
 .text          0x200014e8      0x114 c:/isis/application/toolchain/bin/../lib/gcc/arm-none-eabi/4.7.4\libgcc.a(_arm_cmpsf2.o)
                0x200014e8                __gesf2
                0x200014e8                __gtsf2
                0x200014f0                __lesf2
                0x200014f0                __ltsf2
                0x200014f8                __nesf2
                0x200014f8                __eqsf2
                0x200014f8                __cmpsf2
                0x2000155c                __aeabi_cfrcmple
                0x2000156c                __aeabi_cfcmpeq
                0x2000156c                __aeabi_cfcmple
                0x20001584                __aeabi_fcmpeq
                0x2000159c                __aeabi_fcmplt
                0x200015b4                __aeabi_fcmple
                0x200015cc                __aeabi_fcmpge
                0x200015e4                __aeabi_fcmpgt
 .text          0x200015fc       0x54 c:/isis/application/toolchain/bin/../lib/gcc/arm-none-eabi/4.7.4\libgcc.a(_arm_fixunssfsi.o)
                0x200015fc                __fixunssfsi
                0x200015fc                __aeabi_f2uiz
 *(.text*)
 .text.__cvt    0x20001650      0x138 c:/isis/application/toolchain/bin/../lib/gcc/arm-none-eabi/4.7.4/../../../../arm-none-eabi/lib\libc_s.a(lib_a-vfprintf_float.o)
                0x20001650                __cvt
 .text.__exponent
                0x20001788       0xa8 c:/isis/application/toolchain/bin/../lib/gcc/arm-none-eabi/4.7.4/../../../../arm-none-eabi/lib\libc_s.a(lib_a-vfprintf_float.o)
                0x20001788                __exponent
 .text._printf_float
                0x20001830      0x7dc c:/isis/application/toolchain/bin/../lib/gcc/arm-none-eabi/4.7.4/../../../../arm-none-eabi/lib\libc_s.a(lib_a-vfprintf_float.o)
                0x20001830                _printf_float
 .text._printf_common
                0x2000200c      0x174 c:/isis/application/toolchain/bin/../lib/gcc/arm-none-eabi/4.7.4/../../../../arm-none-eabi/lib\libc_s.a(lib_a-vfprintf_i.o)
                0x2000200c                _printf_common
 .text._printf_i
                0x20002180      0x3c4 c:/isis/application/toolchain/bin/../lib/gcc/arm-none-eabi/4.7.4/../../../../arm-none-eabi/lib\libc_s.a(lib_a-vfprintf_i.o)
                0x20002180                _printf_i
 .text._scanf_float
                0x20002544      0x5f4 c:/isis/application/toolchain/bin/../lib/gcc/arm-none-eabi/4.7.4/../../../../arm-none-eabi/lib\libc_s.a(lib_a-vfscanf_float.o)
                0x20002544                _scanf_float
 .text.quorem   0x20002b38      0x1ac c:/isis/application/toolchain/bin/../lib/gcc/arm-none-eabi/4.7.4/../../../../arm-none-eabi/lib\libc_s.a(lib_a-dtoa.o)
 .text._dtoa_r  0x20002ce4     0x1268 c:/isis/application/toolchain/bin/../lib/gcc/arm-none-eabi/4.7.4/../../../../arm-none-eabi/lib\libc_s.a(lib_a-dtoa.o)
                0x20002ce4                _dtoa_r
 .text._localeconv_r
                0x20003f4c        0xc c:/isis/application/toolchain/bin/../lib/gcc/arm-none-eabi/4.7.4/../../../../arm-none-eabi/lib\libc_s.a(lib_a-locale.o)
                0x20003f4c                _localeconv_r
 .text.malloc   0x20003f58       0x20 c:/isis/application/toolchain/bin/../lib/gcc/arm-none-eabi/4.7.4/../../../../arm-none-eabi/lib\libc_s.a(lib_a-malloc.o)
                0x20003f58                malloc
 .text.free     0x20003f78       0x20 c:/isis/application/toolchain/bin/../lib/gcc/arm-none-eabi/4.7.4/../../../../arm-none-eabi/lib\libc_s.a(lib_a-malloc.o)
                0x20003f78                free
 .text._malloc_r
                0x20003f98       0xfc c:/isis/application/toolchain/bin/../lib/gcc/arm-none-eabi/4.7.4/../../../../arm-none-eabi/lib\libc_s.a(lib_a-mallocr.o)
                0x20003f98                _malloc_r
 .text.memcpy   0x20004094       0x20 c:/isis/application/toolchain/bin/../lib/gcc/arm-none-eabi/4.7.4/../../../../arm-none-eabi/lib\libc_s.a(lib_a-memcpy.o)
                0x20004094                memcpy
 .text._Balloc  0x200040b4       0xcc c:/isis/application/toolchain/bin/../lib/gcc/arm-none-eabi/4.7.4/../../../../arm-none-eabi/lib\libc_s.a(lib_a-mprec.o)
                0x200040b4                _Balloc
 .text._Bfree   0x20004180       0x5c c:/isis/application/toolchain/bin/../lib/gcc/arm-none-eabi/4.7.4/../../../../arm-none-eabi/lib\libc_s.a(lib_a-mprec.o)
                0x20004180                _Bfree
 .text.__multadd
                0x200041dc       0xbc c:/isis/application/toolchain/bin/../lib/gcc/arm-none-eabi/4.7.4/../../../../arm-none-eabi/lib\libc_s.a(lib_a-mprec.o)
                0x200041dc                __multadd
 .text.__s2b    0x20004298       0xd8 c:/isis/application/toolchain/bin/../lib/gcc/arm-none-eabi/4.7.4/../../../../arm-none-eabi/lib\libc_s.a(lib_a-mprec.o)
                0x20004298                __s2b
 .text.__hi0bits
                0x20004370       0x58 c:/isis/application/toolchain/bin/../lib/gcc/arm-none-eabi/4.7.4/../../../../arm-none-eabi/lib\libc_s.a(lib_a-mprec.o)
                0x20004370                __hi0bits
 .text.__lo0bits
                0x200043c8       0x94 c:/isis/application/toolchain/bin/../lib/gcc/arm-none-eabi/4.7.4/../../../../arm-none-eabi/lib\libc_s.a(lib_a-mprec.o)
                0x200043c8                __lo0bits
 .text.__i2b    0x2000445c       0x24 c:/isis/application/toolchain/bin/../lib/gcc/arm-none-eabi/4.7.4/../../../../arm-none-eabi/lib\libc_s.a(lib_a-mprec.o)
                0x2000445c                __i2b
 .text.__multiply
                0x20004480      0x1ac c:/isis/application/toolchain/bin/../lib/gcc/arm-none-eabi/4.7.4/../../../../arm-none-eabi/lib\libc_s.a(lib_a-mprec.o)
                0x20004480                __multiply
 .text.__pow5mult
                0x2000462c      0x10c c:/isis/application/toolchain/bin/../lib/gcc/arm-none-eabi/4.7.4/../../../../arm-none-eabi/lib\libc_s.a(lib_a-mprec.o)
                0x2000462c                __pow5mult
 .text.__lshift
                0x20004738       0xf0 c:/isis/application/toolchain/bin/../lib/gcc/arm-none-eabi/4.7.4/../../../../arm-none-eabi/lib\libc_s.a(lib_a-mprec.o)
                0x20004738                __lshift
 .text.__mcmp   0x20004828       0x60 c:/isis/application/toolchain/bin/../lib/gcc/arm-none-eabi/4.7.4/../../../../arm-none-eabi/lib\libc_s.a(lib_a-mprec.o)
                0x20004828                __mcmp
 .text.__mdiff  0x20004888      0x128 c:/isis/application/toolchain/bin/../lib/gcc/arm-none-eabi/4.7.4/../../../../arm-none-eabi/lib\libc_s.a(lib_a-mprec.o)
                0x20004888                __mdiff
 .text.__ulp    0x200049b0       0x5c c:/isis/application/toolchain/bin/../lib/gcc/arm-none-eabi/4.7.4/../../../../arm-none-eabi/lib\libc_s.a(lib_a-mprec.o)
                0x200049b0                __ulp
 .text.__b2d    0x20004a0c       0xc8 c:/isis/application/toolchain/bin/../lib/gcc/arm-none-eabi/4.7.4/../../../../arm-none-eabi/lib\libc_s.a(lib_a-mprec.o)
                0x20004a0c                __b2d
 .text.__d2b    0x20004ad4       0xfc c:/isis/application/toolchain/bin/../lib/gcc/arm-none-eabi/4.7.4/../../../../arm-none-eabi/lib\libc_s.a(lib_a-mprec.o)
                0x20004ad4                __d2b
 .text.__ratio  0x20004bd0       0x70 c:/isis/application/toolchain/bin/../lib/gcc/arm-none-eabi/4.7.4/../../../../arm-none-eabi/lib\libc_s.a(lib_a-mprec.o)
                0x20004bd0                __ratio
 .text.__copybits
                0x20004c40       0x4c c:/isis/application/toolchain/bin/../lib/gcc/arm-none-eabi/4.7.4/../../../../arm-none-eabi/lib\libc_s.a(lib_a-mprec.o)
                0x20004c40                __copybits
 .text.__any_on
                0x20004c8c       0x7c c:/isis/application/toolchain/bin/../lib/gcc/arm-none-eabi/4.7.4/../../../../arm-none-eabi/lib\libc_s.a(lib_a-mprec.o)
                0x20004c8c                __any_on
 .text.__fpclassifyd
                0x20004d08       0x6c c:/isis/application/toolchain/bin/../lib/gcc/arm-none-eabi/4.7.4/../../../../arm-none-eabi/lib\libc_s.a(lib_a-s_fpclassify.o)
                0x20004d08                __fpclassifyd
 .text._sbrk_r  0x20004d74       0x3c c:/isis/application/toolchain/bin/../lib/gcc/arm-none-eabi/4.7.4/../../../../arm-none-eabi/lib\libc_s.a(lib_a-sbrkr.o)
                0x20004d74                _sbrk_r
 .text.nanf     0x20004db0        0xc c:/isis/application/toolchain/bin/../lib/gcc/arm-none-eabi/4.7.4/../../../../arm-none-eabi/lib\libc_s.a(lib_a-sf_nan.o)
                0x20004db0                nanf
 .text.sprintf  0x20004dbc       0x6c c:/isis/application/toolchain/bin/../lib/gcc/arm-none-eabi/4.7.4/../../../../arm-none-eabi/lib\libc_s.a(lib_a-sprintf.o)
                0x20004dbc                siprintf
                0x20004dbc                sprintf
 .text.strcmp   0x20004e28       0x1c c:/isis/application/toolchain/bin/../lib/gcc/arm-none-eabi/4.7.4/../../../../arm-none-eabi/lib\libc_s.a(lib_a-strcmp.o)
                0x20004e28                strcmp
 .text.strlen   0x20004e44       0x1c c:/isis/application/toolchain/bin/../lib/gcc/arm-none-eabi/4.7.4/../../../../arm-none-eabi/lib\libc_s.a(lib_a-strlen.o)
                0x20004e44                strlen
 .text.match    0x20004e60       0x54 c:/isis/application/toolchain/bin/../lib/gcc/arm-none-eabi/4.7.4/../../../../arm-none-eabi/lib\libc_s.a(lib_a-strtod.o)
 .text._strtod_r
                0x20004eb4     0x1168 c:/isis/application/toolchain/bin/../lib/gcc/arm-none-eabi/4.7.4/../../../../arm-none-eabi/lib\libc_s.a(lib_a-strtod.o)
                0x20004eb4                _strtod_r
 .text._strtol_r
                0x2000601c      0x1b8 c:/isis/application/toolchain/bin/../lib/gcc/arm-none-eabi/4.7.4/../../../../arm-none-eabi/lib\libc_s.a(lib_a-strtol.o)
                0x2000601c                _strtol_r
 .text.__ssputc_r
                0x200061d4      0x10c c:/isis/application/toolchain/bin/../lib/gcc/arm-none-eabi/4.7.4/../../../../arm-none-eabi/lib\libc_s.a(lib_a-svfprintf.o)
                0x200061d4                __ssputc_r
 .text._svfprintf_r
                0x200062e0      0x328 c:/isis/application/toolchain/bin/../lib/gcc/arm-none-eabi/4.7.4/../../../../arm-none-eabi/lib\libc_s.a(lib_a-svfprintf.o)
                0x200062e0                _svfiprintf_r
                0x200062e0                _svfprintf_r
 .text._calloc_r
                0x20006608       0x2c c:/isis/application/toolchain/bin/../lib/gcc/arm-none-eabi/4.7.4/../../../../arm-none-eabi/lib\libc_s.a(lib_a-callocr.o)
                0x20006608                _calloc_r
 .text._free_r  0x20006634      0x108 c:/isis/application/toolchain/bin/../lib/gcc/arm-none-eabi/4.7.4/../../../../arm-none-eabi/lib\libc_s.a(lib_a-freer.o)
                0x20006634                _free_r
 .text.rshift   0x2000673c       0xb0 c:/isis/application/toolchain/bin/../lib/gcc/arm-none-eabi/4.7.4/../../../../arm-none-eabi/lib\libc_s.a(lib_a-gdtoa-gethex.o)
 .text.htinit.constprop.0
                0x200067ec       0x34 c:/isis/application/toolchain/bin/../lib/gcc/arm-none-eabi/4.7.4/../../../../arm-none-eabi/lib\libc_s.a(lib_a-gdtoa-gethex.o)
 .text.__hexdig_init
                0x20006820       0x38 c:/isis/application/toolchain/bin/../lib/gcc/arm-none-eabi/4.7.4/../../../../arm-none-eabi/lib\libc_s.a(lib_a-gdtoa-gethex.o)
                0x20006820                __hexdig_init
 .text.__gethex
                0x20006858      0x6cc c:/isis/application/toolchain/bin/../lib/gcc/arm-none-eabi/4.7.4/../../../../arm-none-eabi/lib\libc_s.a(lib_a-gdtoa-gethex.o)
                0x20006858                __gethex
 .text.L_shift  0x20006f24       0x38 c:/isis/application/toolchain/bin/../lib/gcc/arm-none-eabi/4.7.4/../../../../arm-none-eabi/lib\libc_s.a(lib_a-gdtoa-hexnan.o)
 .text.__hexnan
                0x20006f5c      0x1d8 c:/isis/application/toolchain/bin/../lib/gcc/arm-none-eabi/4.7.4/../../../../arm-none-eabi/lib\libc_s.a(lib_a-gdtoa-hexnan.o)
                0x20006f5c                __hexnan
 .text.memchr   0x20007134       0x34 c:/isis/application/toolchain/bin/../lib/gcc/arm-none-eabi/4.7.4/../../../../arm-none-eabi/lib\libc_s.a(lib_a-memchr.o)
                0x20007134                memchr
 .text.memset   0x20007168       0x1c c:/isis/application/toolchain/bin/../lib/gcc/arm-none-eabi/4.7.4/../../../../arm-none-eabi/lib\libc_s.a(lib_a-memset.o)
                0x20007168                memset
 .text._realloc_r
                0x20007184       0x80 c:/isis/application/toolchain/bin/../lib/gcc/arm-none-eabi/4.7.4/../../../../arm-none-eabi/lib\libc_s.a(lib_a-reallocr.o)
                0x20007184                _realloc_r
 .text.strncmp  0x20007204       0x64 c:/isis/application/toolchain/bin/../lib/gcc/arm-none-eabi/4.7.4/../../../../arm-none-eabi/lib\libc_s.a(lib_a-strncmp.o)
                0x20007204                strncmp
 .text._malloc_usable_size_r
                0x20007268       0x1c c:/isis/application/toolchain/bin/../lib/gcc/arm-none-eabi/4.7.4/../../../../arm-none-eabi/lib\libc_s.a(lib_a-msizer.o)
                0x20007268                _malloc_usable_size_r
 .text.GetChunkFromImage
                0x20007284      0x2d0 ./src/sub-systemCode/payload/Request Management/Dump/Butchering.o
                0x20007284                GetChunkFromImage
 .text.SimpleButcher
                0x20007554       0xd8 ./src/sub-systemCode/payload/Request Management/Dump/Butchering.o
                0x20007554                SimpleButcher
 .text.readChunkDimentionsFromFRAM
                0x2000762c       0x80 ./src/sub-systemCode/payload/Request Management/Dump/imageDump.o
                0x2000762c                readChunkDimentionsFromFRAM
 .text.setChunkDimensions_inFRAM
                0x200076ac      0x10c ./src/sub-systemCode/payload/Request Management/Dump/imageDump.o
                0x200076ac                setChunkDimensions_inFRAM
 .text.getLastImageChunkIndex
                0x200077b8      0x1bc ./src/sub-systemCode/payload/Request Management/Dump/imageDump.o
                0x200077b8                getLastImageChunkIndex
 .text.find_subType_ofImage
                0x20007974       0xe0 ./src/sub-systemCode/payload/Request Management/Dump/imageDump.o
                0x20007974                find_subType_ofImage
 .text.buildAndSend_chunck
                0x20007a54      0x320 ./src/sub-systemCode/payload/Request Management/Dump/imageDump.o
                0x20007a54                buildAndSend_chunck
 .text.chunkField_imageDump
                0x20007d74      0x258 ./src/sub-systemCode/payload/Request Management/Dump/imageDump.o
                0x20007d74                chunkField_imageDump
 .text.bitField_imageDump
                0x20007fcc      0x23c ./src/sub-systemCode/payload/Request Management/Dump/imageDump.o
                0x20007fcc                bitField_imageDump
 .text.fileTypeDump
                0x20008208      0x174 ./src/sub-systemCode/payload/Request Management/Dump/imageDump.o
                0x20008208                fileTypeDump
 .text.imageDataBase_Dump
                0x2000837c      0x118 ./src/sub-systemCode/payload/Request Management/Dump/imageDump.o
                0x2000837c                imageDataBase_Dump
 .text.exitImageDumpTask
                0x20008494       0x18 ./src/sub-systemCode/payload/Request Management/Dump/imageDump.o
 .text.imageDump_task
                0x200084ac      0x41c ./src/sub-systemCode/payload/Request Management/Dump/imageDump.o
                0x200084ac                imageDump_task
 .text.KickStartImageDumpTask
                0x200088c8       0x60 ./src/sub-systemCode/payload/Request Management/Dump/imageDump.o
                0x200088c8                KickStartImageDumpTask
 .text.SendGeckoRegisters
                0x20008928      0x194 ./src/sub-systemCode/payload/Request Management/Dump/imageDump.o
                0x20008928                SendGeckoRegisters
 .text.create_xAutomaticImageHandlingTaskSuspensionFlag
                0x20008abc       0x58 ./src/sub-systemCode/payload/Request Management/AutomaticImageHandler.o
                0x20008abc                create_xAutomaticImageHandlingTaskSuspensionFlag
 .text.get_automatic_image_handling_task_suspension_flag
                0x20008b14       0x68 ./src/sub-systemCode/payload/Request Management/AutomaticImageHandler.o
                0x20008b14                get_automatic_image_handling_task_suspension_flag
 .text.set_automatic_image_handling_task_suspension_flag
                0x20008b7c       0x5c ./src/sub-systemCode/payload/Request Management/AutomaticImageHandler.o
                0x20008b7c                set_automatic_image_handling_task_suspension_flag
 .text.create_xAutomaticImageHandlingReadyForLongTermStop
                0x20008bd8       0x58 ./src/sub-systemCode/payload/Request Management/AutomaticImageHandler.o
                0x20008bd8                create_xAutomaticImageHandlingReadyForLongTermStop
 .text.get_automatic_image_handling_ready_for_long_term_stop
                0x20008c30       0x68 ./src/sub-systemCode/payload/Request Management/AutomaticImageHandler.o
                0x20008c30                get_automatic_image_handling_ready_for_long_term_stop
 .text.set_automatic_image_handling_ready_for_long_term_stop
                0x20008c98       0x5c ./src/sub-systemCode/payload/Request Management/AutomaticImageHandler.o
                0x20008c98                set_automatic_image_handling_ready_for_long_term_stop
 .text.create_xAutomaticImageHandling_taskHandle
                0x20008cf4       0x68 ./src/sub-systemCode/payload/Request Management/AutomaticImageHandler.o
                0x20008cf4                create_xAutomaticImageHandling_taskHandle
 .text.suspendAutomaticImageHandlingTask
                0x20008d5c       0x6c ./src/sub-systemCode/payload/Request Management/AutomaticImageHandler.o
                0x20008d5c                suspendAutomaticImageHandlingTask
 .text.resumeAutomaticImageHandlingTask
                0x20008dc8       0x64 ./src/sub-systemCode/payload/Request Management/AutomaticImageHandler.o
                0x20008dc8                resumeAutomaticImageHandlingTask
 .text.checkIfInAutomaticImageHandlingTask
                0x20008e2c       0x9c ./src/sub-systemCode/payload/Request Management/AutomaticImageHandler.o
                0x20008e2c                checkIfInAutomaticImageHandlingTask
 .text.resumeAction
                0x20008ec8       0x34 ./src/sub-systemCode/payload/Request Management/AutomaticImageHandler.o
                0x20008ec8                resumeAction
 .text.stopAction
                0x20008efc       0x48 ./src/sub-systemCode/payload/Request Management/AutomaticImageHandler.o
                0x20008efc                stopAction
 .text.AutomaticImageHandlerTaskMain
                0x20008f44       0xf0 ./src/sub-systemCode/payload/Request Management/AutomaticImageHandler.o
                0x20008f44                AutomaticImageHandlerTaskMain
 .text.initAutomaticImageHandlerTask
                0x20009034       0x1c ./src/sub-systemCode/payload/Request Management/AutomaticImageHandler.o
                0x20009034                initAutomaticImageHandlerTask
 .text.KickStartAutomaticImageHandlerTask
                0x20009050       0x90 ./src/sub-systemCode/payload/Request Management/AutomaticImageHandler.o
                0x20009050                KickStartAutomaticImageHandlerTask
 .text.CameraManagerTaskMain
                0x200090e0      0x104 ./src/sub-systemCode/payload/Request Management/CameraManeger.o
                0x200090e0                CameraManagerTaskMain
 .text.setGeckoParametersInFRAM
                0x200091e4       0x3c ./src/sub-systemCode/payload/Request Management/CameraManeger.o
                0x200091e4                setGeckoParametersInFRAM
 .text.getGeckoParametersFromFRAM
                0x20009220       0x3c ./src/sub-systemCode/payload/Request Management/CameraManeger.o
                0x20009220                getGeckoParametersFromFRAM
 .text.createFolders
                0x2000925c      0x2cc ./src/sub-systemCode/payload/Request Management/CameraManeger.o
                0x2000925c                createFolders
 .text.initCamera
                0x20009528       0xe8 ./src/sub-systemCode/payload/Request Management/CameraManeger.o
                0x20009528                initCamera
 .text.inner_init
                0x20009610       0x40 ./src/sub-systemCode/payload/Request Management/CameraManeger.o
 .text.KickStartCamera
                0x20009650       0xa4 ./src/sub-systemCode/payload/Request Management/CameraManeger.o
                0x20009650                KickStartCamera
 .text.addRequestToQueue
                0x200096f4       0xa8 ./src/sub-systemCode/payload/Request Management/CameraManeger.o
                0x200096f4                addRequestToQueue
 .text.removeRequestFromQueue
                0x2000979c       0x7c ./src/sub-systemCode/payload/Request Management/CameraManeger.o
                0x2000979c                removeRequestFromQueue
 .text.resetQueue
                0x20009818       0x2c ./src/sub-systemCode/payload/Request Management/CameraManeger.o
                0x20009818                resetQueue
 .text.Take_pictures_with_time_in_between
                0x20009844      0x12c ./src/sub-systemCode/payload/Request Management/CameraManeger.o
                0x20009844                Take_pictures_with_time_in_between
 .text.act_upon_request
                0x20009970      0x5c8 ./src/sub-systemCode/payload/Request Management/CameraManeger.o
                0x20009970                act_upon_request
 .text.TakePicture
                0x20009f38       0x4c ./src/sub-systemCode/payload/Request Management/DB_RequestHandling.o
                0x20009f38                TakePicture
 .text.TakeSpecialPicture
                0x20009f84      0x130 ./src/sub-systemCode/payload/Request Management/DB_RequestHandling.o
                0x20009f84                TakeSpecialPicture
 .text.DeletePictureFile
                0x2000a0b4       0x88 ./src/sub-systemCode/payload/Request Management/DB_RequestHandling.o
                0x2000a0b4                DeletePictureFile
 .text.DeletePicture
                0x2000a13c       0x6c ./src/sub-systemCode/payload/Request Management/DB_RequestHandling.o
                0x2000a13c                DeletePicture
 .text.TransferPicture
                0x2000a1a8       0x54 ./src/sub-systemCode/payload/Request Management/DB_RequestHandling.o
                0x2000a1a8                TransferPicture
 .text.CreateThumbnail
                0x2000a1fc       0x80 ./src/sub-systemCode/payload/Request Management/DB_RequestHandling.o
                0x2000a1fc                CreateThumbnail
 .text.CreateJPG
                0x2000a27c       0x7c ./src/sub-systemCode/payload/Request Management/DB_RequestHandling.o
                0x2000a27c                CreateJPG
 .text.UpdatePhotographyValues
                0x2000a2f8       0xd8 ./src/sub-systemCode/payload/Request Management/DB_RequestHandling.o
                0x2000a2f8                UpdatePhotographyValues
 .text.setChunkDimensions
                0x2000a3d0       0x74 ./src/sub-systemCode/payload/Request Management/DB_RequestHandling.o
                0x2000a3d0                setChunkDimensions
 .text.GeckoSetRegister
                0x2000a444       0x6c ./src/sub-systemCode/payload/Request Management/DB_RequestHandling.o
                0x2000a444                GeckoSetRegister
 .text.convert2char
                0x2000a4b0      0x14c ./src/sub-systemCode/payload/Misc/Boolean_bit.o
                0x2000a4b0                convert2char
 .text.convert2byte
                0x2000a5fc      0x1c8 ./src/sub-systemCode/payload/Misc/Boolean_bit.o
                0x2000a5fc                convert2byte
 .text.bits2byte
                0x2000a7c4      0x17c ./src/sub-systemCode/payload/Misc/Boolean_bit.o
                0x2000a7c4                bits2byte
 .text.byte2bits
                0x2000a940      0x17c ./src/sub-systemCode/payload/Misc/Boolean_bit.o
                0x2000a940                byte2bits
 .text.char2bits
                0x2000aabc       0x44 ./src/sub-systemCode/payload/Misc/Boolean_bit.o
                0x2000aabc                char2bits
 .text.bits2char
                0x2000ab00       0x3c ./src/sub-systemCode/payload/Misc/Boolean_bit.o
                0x2000ab00                bits2char
 .text.ReadFromFile
                0x2000ab3c       0x6c ./src/sub-systemCode/payload/Misc/FileSystem.o
                0x2000ab3c                ReadFromFile
 .text.WriteToFile
                0x2000aba8       0x74 ./src/sub-systemCode/payload/Misc/FileSystem.o
                0x2000aba8                WriteToFile
 .text.gecko_power_mux_init
                0x2000ac1c       0xb4 ./src/sub-systemCode/payload/Drivers/GeckoCameraDriver.o
                0x2000ac1c                gecko_power_mux_init
 .text.gecko_power_mux_deinit
                0x2000acd0       0x94 ./src/sub-systemCode/payload/Drivers/GeckoCameraDriver.o
                0x2000acd0                gecko_power_mux_deinit
 .text.gecko_power_mux_get
                0x2000ad64       0xe4 ./src/sub-systemCode/payload/Drivers/GeckoCameraDriver.o
                0x2000ad64                gecko_power_mux_get
 .text.gecko_get_current_3v3
                0x2000ae48       0x44 ./src/sub-systemCode/payload/Drivers/GeckoCameraDriver.o
                0x2000ae48                gecko_get_current_3v3
 .text.gecko_get_voltage_3v3
                0x2000ae8c       0x44 ./src/sub-systemCode/payload/Drivers/GeckoCameraDriver.o
                0x2000ae8c                gecko_get_voltage_3v3
 .text.gecko_get_current_5v
                0x2000aed0       0x44 ./src/sub-systemCode/payload/Drivers/GeckoCameraDriver.o
                0x2000aed0                gecko_get_current_5v
 .text.gecko_get_voltage_5v
                0x2000af14       0x4c ./src/sub-systemCode/payload/Drivers/GeckoCameraDriver.o
                0x2000af14                gecko_get_voltage_5v
 .text.Initialized_GPIO
                0x2000af60       0x54 ./src/sub-systemCode/payload/Drivers/GeckoCameraDriver.o
                0x2000af60                Initialized_GPIO
 .text.De_Initialized_GPIO
                0x2000afb4       0x3c ./src/sub-systemCode/payload/Drivers/GeckoCameraDriver.o
                0x2000afb4                De_Initialized_GPIO
 .text.TurnOnGecko_gpio
                0x2000aff0      0x1a4 ./src/sub-systemCode/payload/Drivers/GeckoCameraDriver.o
                0x2000aff0                TurnOnGecko_gpio
 .text.TurnOffGecko_gpio
                0x2000b194       0xcc ./src/sub-systemCode/payload/Drivers/GeckoCameraDriver.o
                0x2000b194                TurnOffGecko_gpio
 .text.create_xGeckoStateSemaphore
                0x2000b260       0x58 ./src/sub-systemCode/payload/Drivers/GeckoCameraDriver.o
                0x2000b260                create_xGeckoStateSemaphore
 .text.set_gecko_state
                0x2000b2b8       0x7c ./src/sub-systemCode/payload/Drivers/GeckoCameraDriver.o
                0x2000b2b8                set_gecko_state
 .text.TurnOnGecko
                0x2000b334       0x1c ./src/sub-systemCode/payload/Drivers/GeckoCameraDriver.o
                0x2000b334                TurnOnGecko
 .text.TurnOffGecko
                0x2000b350       0x1c ./src/sub-systemCode/payload/Drivers/GeckoCameraDriver.o
                0x2000b350                TurnOffGecko
 .text.getPIOs  0x2000b36c      0x138 ./src/sub-systemCode/payload/Drivers/GeckoCameraDriver.o
                0x2000b36c                getPIOs
 .text.initGecko
                0x2000b4a4       0x3c ./src/sub-systemCode/payload/Drivers/GeckoCameraDriver.o
                0x2000b4a4                initGecko
 .text.GECKO_TakeImage
                0x2000b4e0      0x30c ./src/sub-systemCode/payload/Drivers/GeckoCameraDriver.o
                0x2000b4e0                GECKO_TakeImage
 .text.GECKO_ReadImage
                0x2000b7ec      0x298 ./src/sub-systemCode/payload/Drivers/GeckoCameraDriver.o
                0x2000b7ec                GECKO_ReadImage
 .text.GECKO_EraseBlock
                0x2000ba84       0xdc ./src/sub-systemCode/payload/Drivers/GeckoCameraDriver.o
                0x2000ba84                GECKO_EraseBlock
 .text.GECKO_GetRegister
                0x2000bb60       0x68 ./src/sub-systemCode/payload/Drivers/GeckoCameraDriver.o
                0x2000bb60                GECKO_GetRegister
 .text.GECKO_SetRegister
                0x2000bbc8       0x68 ./src/sub-systemCode/payload/Drivers/GeckoCameraDriver.o
                0x2000bbc8                GECKO_SetRegister
 .text.getFileName
                0x2000bc30      0x1f8 ./src/sub-systemCode/payload/DataBase/DataBase.o
 .text.zeroImageDataBase
                0x2000be28       0x90 ./src/sub-systemCode/payload/DataBase/DataBase.o
                0x2000be28                zeroImageDataBase
 .text.updateGeneralDataBaseParameters
                0x2000beb8       0x5c ./src/sub-systemCode/payload/DataBase/DataBase.o
                0x2000beb8                updateGeneralDataBaseParameters
 .text.SearchDataBase_byID
                0x2000bf14      0x234 ./src/sub-systemCode/payload/DataBase/DataBase.o
                0x2000bf14                SearchDataBase_byID
 .text.SearchDataBase_byMark
                0x2000c148       0xb8 ./src/sub-systemCode/payload/DataBase/DataBase.o
                0x2000c148                SearchDataBase_byMark
 .text.SearchDataBase_forLatestMarkedImage
                0x2000c200       0x38 ./src/sub-systemCode/payload/DataBase/DataBase.o
                0x2000c200                SearchDataBase_forLatestMarkedImage
 .text.SearchDataBase_byTimeRange
                0x2000c238      0x148 ./src/sub-systemCode/payload/DataBase/DataBase.o
                0x2000c238                SearchDataBase_byTimeRange
 .text.SearchDataBase_forImageFileType_byTimeRange
                0x2000c380      0x118 ./src/sub-systemCode/payload/DataBase/DataBase.o
                0x2000c380                SearchDataBase_forImageFileType_byTimeRange
 .text.checkForFileType
                0x2000c498       0x74 ./src/sub-systemCode/payload/DataBase/DataBase.o
                0x2000c498                checkForFileType
 .text.updateFileTypes
                0x2000c50c       0xdc ./src/sub-systemCode/payload/DataBase/DataBase.o
                0x2000c50c                updateFileTypes
 .text.GetImageFactor
                0x2000c5e8       0x58 ./src/sub-systemCode/payload/DataBase/DataBase.o
                0x2000c5e8                GetImageFactor
 .text.readImageFromBuffer
                0x2000c640      0x12c ./src/sub-systemCode/payload/DataBase/DataBase.o
                0x2000c640                readImageFromBuffer
 .text.saveImageToBuffer
                0x2000c76c      0x12c ./src/sub-systemCode/payload/DataBase/DataBase.o
                0x2000c76c                saveImageToBuffer
 .text.getLatestID
                0x2000c898       0x48 ./src/sub-systemCode/payload/DataBase/DataBase.o
                0x2000c898                getLatestID
 .text.getDataBaseStart
                0x2000c8e0       0x20 ./src/sub-systemCode/payload/DataBase/DataBase.o
                0x2000c8e0                getDataBaseStart
 .text.getDataBaseEnd
                0x2000c900       0x20 ./src/sub-systemCode/payload/DataBase/DataBase.o
                0x2000c900                getDataBaseEnd
 .text.setDataBaseValues
                0x2000c920      0x208 ./src/sub-systemCode/payload/DataBase/DataBase.o
                0x2000c920                setDataBaseValues
 .text.initImageDataBase
                0x2000cb28      0x20c ./src/sub-systemCode/payload/DataBase/DataBase.o
                0x2000cb28                initImageDataBase
 .text.resetImageDataBase
                0x2000cd34       0x98 ./src/sub-systemCode/payload/DataBase/DataBase.o
                0x2000cd34                resetImageDataBase
 .text.setCameraPhotographyValues
                0x2000cdcc      0x130 ./src/sub-systemCode/payload/DataBase/DataBase.o
                0x2000cdcc                setCameraPhotographyValues
 .text.transferImageToSD_withoutSearch
                0x2000cefc      0x190 ./src/sub-systemCode/payload/DataBase/DataBase.o
                0x2000cefc                transferImageToSD_withoutSearch
 .text.transferImageToSD
                0x2000d08c       0xbc ./src/sub-systemCode/payload/DataBase/DataBase.o
                0x2000d08c                transferImageToSD
 .text.DeleteImageFromOBC_withoutSearch
                0x2000d148      0x100 ./src/sub-systemCode/payload/DataBase/DataBase.o
                0x2000d148                DeleteImageFromOBC_withoutSearch
 .text.DeleteImageFromOBC
                0x2000d248       0xbc ./src/sub-systemCode/payload/DataBase/DataBase.o
                0x2000d248                DeleteImageFromOBC
 .text.DeleteImageFromPayload
                0x2000d304      0x2cc ./src/sub-systemCode/payload/DataBase/DataBase.o
                0x2000d304                DeleteImageFromPayload
 .text.clearImageDataBase
                0x2000d5d0      0x190 ./src/sub-systemCode/payload/DataBase/DataBase.o
                0x2000d5d0                clearImageDataBase
 .text.handleMarkedPictures
                0x2000d760      0x2e8 ./src/sub-systemCode/payload/DataBase/DataBase.o
                0x2000d760                handleMarkedPictures
 .text.writeNewImageMetaDataToFRAM
                0x2000da48      0x234 ./src/sub-systemCode/payload/DataBase/DataBase.o
                0x2000da48                writeNewImageMetaDataToFRAM
 .text.takePicture
                0x2000dc7c      0x4f0 ./src/sub-systemCode/payload/DataBase/DataBase.o
                0x2000dc7c                takePicture
 .text.takePicture_withSpecialParameters
                0x2000e16c       0xf4 ./src/sub-systemCode/payload/DataBase/DataBase.o
                0x2000e16c                takePicture_withSpecialParameters
 .text.GetImageFileName_withSpecialParameters
                0x2000e260       0x9c ./src/sub-systemCode/payload/DataBase/DataBase.o
                0x2000e260                GetImageFileName_withSpecialParameters
 .text.GetImageFileName
                0x2000e2fc       0x9c ./src/sub-systemCode/payload/DataBase/DataBase.o
                0x2000e2fc                GetImageFileName
 .text.getImageDataBaseBuffer
                0x2000e398      0x240 ./src/sub-systemCode/payload/DataBase/DataBase.o
                0x2000e398                getImageDataBaseBuffer
 .text.setAutoThumbnailCreation
                0x2000e5d8       0x30 ./src/sub-systemCode/payload/DataBase/DataBase.o
                0x2000e5d8                setAutoThumbnailCreation
 .text.Gecko_TroubleShooter
                0x2000e608       0xe4 ./src/sub-systemCode/payload/DataBase/DataBase.o
                0x2000e608                Gecko_TroubleShooter
 .text.TransformRawToBMP
                0x2000e6ec      0x1b8 ./src/sub-systemCode/payload/Compression/jpeg/bmp/rawToBMP.o
                0x2000e6ec                TransformRawToBMP
 .text.interpolate
                0x2000e8a4      0x8d0 ./src/sub-systemCode/payload/Compression/jpeg/bmp/rawToBMP.o
                0x2000e8a4                interpolate
 .text.getInputAt
                0x2000f174      0x288 ./src/sub-systemCode/payload/Compression/jpeg/bmp/rawToBMP.o
                0x2000f174                getInputAt
 .text.f_writeF_FILEHeader
                0x2000f3fc      0x2d8 ./src/sub-systemCode/payload/Compression/jpeg/bmp/rawToBMP.o
                0x2000f3fc                f_writeF_FILEHeader
 .text.f_writeOutputRow
                0x2000f6d4       0xa4 ./src/sub-systemCode/payload/Compression/jpeg/bmp/rawToBMP.o
                0x2000f6d4                f_writeOutputRow
 .text.dct      0x2000f778      0x9c4 ./src/sub-systemCode/payload/Compression/jpeg/DCT.o
                0x2000f778                dct
 .text.JPEG_compressor
                0x2001013c       0xfc ./src/sub-systemCode/payload/Compression/jpeg/ImgCompressor.o
                0x2001013c                JPEG_compressor
 .text.Create_BMP_File
                0x20010238       0xf4 ./src/sub-systemCode/payload/Compression/jpeg/ImgCompressor.o
                0x20010238                Create_BMP_File
 .text.CompressImage
                0x2001032c      0x1cc ./src/sub-systemCode/payload/Compression/jpeg/ImgCompressor.o
                0x2001032c                CompressImage
 .text.clamp    0x200104f8       0x60 ./src/sub-systemCode/payload/Compression/jpeg/color_conv.o
                0x200104f8                clamp
 .text.RGB_to_YCC
                0x20010558      0x1a8 ./src/sub-systemCode/payload/Compression/jpeg/color_conv.o
                0x20010558                RGB_to_YCC
 .text.RGB_to_Y
                0x20010700       0xc4 ./src/sub-systemCode/payload/Compression/jpeg/color_conv.o
                0x20010700                RGB_to_Y
 .text.Y_to_YCC
                0x200107c4       0x88 ./src/sub-systemCode/payload/Compression/jpeg/color_conv.o
                0x200107c4                Y_to_YCC
 .text.compress_image_to_jpeg_file
                0x2001084c      0x1ac ./src/sub-systemCode/payload/Compression/jpeg/jpeg.o
                0x2001084c                compress_image_to_jpeg_file
 .text.emit_marker
                0x200109f8       0xc8 ./src/sub-systemCode/payload/Compression/jpeg/jpeg_encoder.o
                0x200109f8                emit_marker
 .text.emit_byte
                0x20010ac0       0x6c ./src/sub-systemCode/payload/Compression/jpeg/jpeg_encoder.o
                0x20010ac0                emit_byte
 .text.emit_word
                0x20010b2c       0xd0 ./src/sub-systemCode/payload/Compression/jpeg/jpeg_encoder.o
                0x20010b2c                emit_word
 .text.emit_jfif_app0
                0x20010bfc       0xc0 ./src/sub-systemCode/payload/Compression/jpeg/jpeg_encoder.o
                0x20010bfc                emit_jfif_app0
 .text.emit_dqt
                0x20010cbc       0xd8 ./src/sub-systemCode/payload/Compression/jpeg/jpeg_encoder.o
                0x20010cbc                emit_dqt
 .text.emit_sof
                0x20010d94      0x14c ./src/sub-systemCode/payload/Compression/jpeg/jpeg_encoder.o
                0x20010d94                emit_sof
 .text.emit_dht
                0x20010ee0      0x138 ./src/sub-systemCode/payload/Compression/jpeg/jpeg_encoder.o
                0x20010ee0                emit_dht
 .text.emit_dhts
                0x20011018       0xd8 ./src/sub-systemCode/payload/Compression/jpeg/jpeg_encoder.o
                0x20011018                emit_dhts
 .text.emit_sos
                0x200110f0       0xec ./src/sub-systemCode/payload/Compression/jpeg/jpeg_encoder.o
                0x200110f0                emit_sos
 .text.emit_markers
                0x200111dc       0x4c ./src/sub-systemCode/payload/Compression/jpeg/jpeg_encoder.o
                0x200111dc                emit_markers
 .text.compute_huffman_table
                0x20011228      0x334 ./src/sub-systemCode/payload/Compression/jpeg/jpeg_encoder.o
                0x20011228                compute_huffman_table
 .text.compute_quant_table
                0x2001155c      0x11c ./src/sub-systemCode/payload/Compression/jpeg/jpeg_encoder.o
                0x2001155c                compute_quant_table
 .text.first_pass_init
                0x20011678       0x54 ./src/sub-systemCode/payload/Compression/jpeg/jpeg_encoder.o
                0x20011678                first_pass_init
 .text.second_pass_init
                0x200116cc      0x110 ./src/sub-systemCode/payload/Compression/jpeg/jpeg_encoder.o
                0x200116cc                second_pass_init
 .text.jpg_open
                0x200117dc      0x7b4 ./src/sub-systemCode/payload/Compression/jpeg/jpeg_encoder.o
                0x200117dc                jpg_open
 .text.load_block_8_8_grey
                0x20011f90      0x164 ./src/sub-systemCode/payload/Compression/jpeg/jpeg_encoder.o
                0x20011f90                load_block_8_8_grey
 .text.load_block_8_8
                0x200120f4      0x198 ./src/sub-systemCode/payload/Compression/jpeg/jpeg_encoder.o
                0x200120f4                load_block_8_8
 .text.load_block_16_8
                0x2001228c      0x3cc ./src/sub-systemCode/payload/Compression/jpeg/jpeg_encoder.o
                0x2001228c                load_block_16_8
 .text.load_block_16_8_8
                0x20012658      0x2a8 ./src/sub-systemCode/payload/Compression/jpeg/jpeg_encoder.o
                0x20012658                load_block_16_8_8
 .text.load_coefficients
                0x20012900      0x1c8 ./src/sub-systemCode/payload/Compression/jpeg/jpeg_encoder.o
                0x20012900                load_coefficients
 .text.flush_output_buffer
                0x20012ac8       0xa0 ./src/sub-systemCode/payload/Compression/jpeg/jpeg_encoder.o
                0x20012ac8                flush_output_buffer
 .text.put_bits
                0x20012b68      0x170 ./src/sub-systemCode/payload/Compression/jpeg/jpeg_encoder.o
                0x20012b68                put_bits
 .text.code_coefficients_pass_two
                0x20012cd8      0x338 ./src/sub-systemCode/payload/Compression/jpeg/jpeg_encoder.o
                0x20012cd8                code_coefficients_pass_two
 .text.code_block
                0x20013010       0x44 ./src/sub-systemCode/payload/Compression/jpeg/jpeg_encoder.o
                0x20013010                code_block
 .text.process_mcu_row
                0x20013054      0x328 ./src/sub-systemCode/payload/Compression/jpeg/jpeg_encoder.o
                0x20013054                process_mcu_row
 .text.terminate_pass_two
                0x2001337c       0x44 ./src/sub-systemCode/payload/Compression/jpeg/jpeg_encoder.o
                0x2001337c                terminate_pass_two
 .text.process_end_of_image
                0x200133c0       0xc0 ./src/sub-systemCode/payload/Compression/jpeg/jpeg_encoder.o
                0x200133c0                process_end_of_image
 .text.load_mcu
                0x20013480      0x29c ./src/sub-systemCode/payload/Compression/jpeg/jpeg_encoder.o
                0x20013480                load_mcu
 .text.clear    0x2001371c      0x1e0 ./src/sub-systemCode/payload/Compression/jpeg/jpeg_encoder.o
                0x2001371c                clear
 .text.init     0x200138fc       0xe4 ./src/sub-systemCode/payload/Compression/jpeg/jpeg_encoder.o
                0x200138fc                init
 .text.deinit   0x200139e0      0x160 ./src/sub-systemCode/payload/Compression/jpeg/jpeg_encoder.o
                0x200139e0                deinit
 .text.process_scanline
                0x20013b40       0x6c ./src/sub-systemCode/payload/Compression/jpeg/jpeg_encoder.o
                0x20013b40                process_scanline
 .text.jpge_malloc
                0x20013bac       0x28 ./src/sub-systemCode/payload/Compression/jpeg/jpeg_memory_alloc.o
                0x20013bac                jpge_malloc
 .text.jpge_cmalloc
                0x20013bd4       0x48 ./src/sub-systemCode/payload/Compression/jpeg/jpeg_memory_alloc.o
                0x20013bd4                jpge_cmalloc
 .text.jpge_free
                0x20013c1c       0x24 ./src/sub-systemCode/payload/Compression/jpeg/jpeg_memory_alloc.o
                0x20013c1c                jpge_free
 .text.check    0x20013c40       0x78 ./src/sub-systemCode/payload/Compression/jpeg/jpeg_params.o
                0x20013c40                check
 .text.open_jpeg_file
                0x20013cb8       0xfc ./src/sub-systemCode/payload/Compression/jpeg/output_stream.o
                0x20013cb8                open_jpeg_file
 .text.close_jpeg_file
                0x20013db4      0x118 ./src/sub-systemCode/payload/Compression/jpeg/output_stream.o
                0x20013db4                close_jpeg_file
 .text.put_buf  0x20013ecc      0x258 ./src/sub-systemCode/payload/Compression/jpeg/output_stream.o
                0x20013ecc                put_buf
 .text.GetBayerPixel
                0x20014124       0xe8 ./src/sub-systemCode/payload/Compression/ImageConversion.o
 .text.BinImage
                0x2001420c      0x2c8 ./src/sub-systemCode/payload/Compression/ImageConversion.o
                0x2001420c                BinImage
 .text.ImageSkipping
                0x200144d4      0x2ac ./src/sub-systemCode/payload/Compression/ImageConversion.o
                0x200144d4                ImageSkipping
 .text.CreateImageThumbnail_withoutSearch
                0x20014780      0x158 ./src/sub-systemCode/payload/Compression/ImageConversion.o
                0x20014780                CreateImageThumbnail_withoutSearch
 .text.CreateImageThumbnail
                0x200148d8       0x9c ./src/sub-systemCode/payload/Compression/ImageConversion.o
                0x200148d8                CreateImageThumbnail
 .text.compressImage
                0x20014974      0x184 ./src/sub-systemCode/payload/Compression/ImageConversion.o
                0x20014974                compressImage
 .text.AdcsCmdQueueInit
                0x20014af8       0x4c ./src/sub-systemCode/Main/CMD/ADCS_CMD.o
                0x20014af8                AdcsCmdQueueInit
 .text.AdcsCmdQueueGet
                0x20014b44       0x8c ./src/sub-systemCode/Main/CMD/ADCS_CMD.o
                0x20014b44                AdcsCmdQueueGet
 .text.AdcsCmdQueueAdd
                0x20014bd0       0x74 ./src/sub-systemCode/Main/CMD/ADCS_CMD.o
                0x20014bd0                AdcsCmdQueueAdd
 .text.AdcsCmdQueueIsEmpty
                0x20014c44       0x3c ./src/sub-systemCode/Main/CMD/ADCS_CMD.o
                0x20014c44                AdcsCmdQueueIsEmpty
 .text.getAdcsQueueWaitPointer
                0x20014c80       0x20 ./src/sub-systemCode/Main/CMD/ADCS_CMD.o
                0x20014c80                getAdcsQueueWaitPointer
 .text.cmd_mute
                0x20014ca0       0xf4 ./src/sub-systemCode/Main/CMD/COMM_CMD.o
                0x20014ca0                cmd_mute
 .text.cmd_unmute
                0x20014d94       0x90 ./src/sub-systemCode/Main/CMD/COMM_CMD.o
                0x20014d94                cmd_unmute
 .text.cmd_active_trans
                0x20014e24       0xc0 ./src/sub-systemCode/Main/CMD/COMM_CMD.o
                0x20014e24                cmd_active_trans
 .text.cmd_shut_trans
                0x20014ee4       0x8c ./src/sub-systemCode/Main/CMD/COMM_CMD.o
                0x20014ee4                cmd_shut_trans
 .text.cmd_change_trans_rssi
                0x20014f70      0x140 ./src/sub-systemCode/Main/CMD/COMM_CMD.o
                0x20014f70                cmd_change_trans_rssi
 .text.cmd_aprs_dump
                0x200150b0       0x38 ./src/sub-systemCode/Main/CMD/COMM_CMD.o
                0x200150b0                cmd_aprs_dump
 .text.cmd_stop_dump
                0x200150e8       0x8c ./src/sub-systemCode/Main/CMD/COMM_CMD.o
                0x200150e8                cmd_stop_dump
 .text.cmd_time_frequency
                0x20015174       0xf8 ./src/sub-systemCode/Main/CMD/COMM_CMD.o
                0x20015174                cmd_time_frequency
 .text.cmd_change_def_bit_rate
                0x2001526c      0x1a8 ./src/sub-systemCode/Main/CMD/COMM_CMD.o
                0x2001526c                cmd_change_def_bit_rate
 .text.cmd_upload_volt_logic
                0x20015414      0x370 ./src/sub-systemCode/Main/CMD/EPS_CMD.o
                0x20015414                cmd_upload_volt_logic
 .text.cmd_upload_volt_COMM
                0x20015784      0x240 ./src/sub-systemCode/Main/CMD/EPS_CMD.o
                0x20015784                cmd_upload_volt_COMM
 .text.cmd_heater_temp
                0x200159c4       0xe4 ./src/sub-systemCode/Main/CMD/EPS_CMD.o
                0x200159c4                cmd_heater_temp
 .text.cmd_SHUT_CAM
                0x20015aa8       0x78 ./src/sub-systemCode/Main/CMD/EPS_CMD.o
                0x20015aa8                cmd_SHUT_CAM
 .text.cmd_SHUT_ADCS
                0x20015b20       0x78 ./src/sub-systemCode/Main/CMD/EPS_CMD.o
                0x20015b20                cmd_SHUT_ADCS
 .text.cmd_allow_CAM
                0x20015b98       0x78 ./src/sub-systemCode/Main/CMD/EPS_CMD.o
                0x20015b98                cmd_allow_CAM
 .text.cmd_allow_ADCS
                0x20015c10       0x78 ./src/sub-systemCode/Main/CMD/EPS_CMD.o
                0x20015c10                cmd_allow_ADCS
 .text.cmd_update_alpha
                0x20015c88      0x120 ./src/sub-systemCode/Main/CMD/EPS_CMD.o
                0x20015c88                cmd_update_alpha
 .text.cmd_resetGWT
                0x20015da8       0xa4 ./src/sub-systemCode/Main/CMD/EPS_CMD.o
                0x20015da8                cmd_resetGWT
 .text.cmd_generic_I2C
                0x20015e4c       0xe4 ./src/sub-systemCode/Main/CMD/General_CMD.o
                0x20015e4c                cmd_generic_I2C
 .text.cmd_dump
                0x20015f30       0xfc ./src/sub-systemCode/Main/CMD/General_CMD.o
                0x20015f30                cmd_dump
 .text.cmd_delete_TM
                0x2001602c      0x24c ./src/sub-systemCode/Main/CMD/General_CMD.o
                0x2001602c                cmd_delete_TM
 .text.cmd_reset_file
                0x20016278      0x130 ./src/sub-systemCode/Main/CMD/General_CMD.o
                0x20016278                cmd_reset_file
 .text.cmd_format_SD
                0x200163a8       0x7c ./src/sub-systemCode/Main/CMD/General_CMD.o
                0x200163a8                cmd_format_SD
 .text.cmd_dummy_func
                0x20016424       0x38 ./src/sub-systemCode/Main/CMD/General_CMD.o
                0x20016424                cmd_dummy_func
 .text.cmd_reset_TLM_SD
                0x2001645c       0x54 ./src/sub-systemCode/Main/CMD/General_CMD.o
                0x2001645c                cmd_reset_TLM_SD
 .text.cmd_stop_TM
                0x200164b0       0x7c ./src/sub-systemCode/Main/CMD/General_CMD.o
                0x200164b0                cmd_stop_TM
 .text.cmd_resume_TM
                0x2001652c       0x7c ./src/sub-systemCode/Main/CMD/General_CMD.o
                0x2001652c                cmd_resume_TM
 .text.cmd_soft_reset_cmponent
                0x200165a8       0xd0 ./src/sub-systemCode/Main/CMD/General_CMD.o
                0x200165a8                cmd_soft_reset_cmponent
 .text.cmd_hard_reset_cmponent
                0x20016678       0xd0 ./src/sub-systemCode/Main/CMD/General_CMD.o
                0x20016678                cmd_hard_reset_cmponent
 .text.cmd_reset_satellite
                0x20016748       0x90 ./src/sub-systemCode/Main/CMD/General_CMD.o
                0x20016748                cmd_reset_satellite
 .text.cmd_gracefull_reset_satellite
                0x200167d8       0x90 ./src/sub-systemCode/Main/CMD/General_CMD.o
                0x200167d8                cmd_gracefull_reset_satellite
 .text.cmd_upload_time
                0x20016868       0xc4 ./src/sub-systemCode/Main/CMD/General_CMD.o
                0x20016868                cmd_upload_time
 .text.cmd_ARM_DIARM
                0x2001692c      0x104 ./src/sub-systemCode/Main/CMD/General_CMD.o
                0x2001692c                cmd_ARM_DIARM
 .text.cmd_deploy_ants
                0x20016a30       0xcc ./src/sub-systemCode/Main/CMD/General_CMD.o
                0x20016a30                cmd_deploy_ants
 .text.cmd_get_onlineTM
                0x20016afc      0x220 ./src/sub-systemCode/Main/CMD/General_CMD.o
                0x20016afc                cmd_get_onlineTM
 .text.cmd_reset_off_line
                0x20016d1c       0x74 ./src/sub-systemCode/Main/CMD/General_CMD.o
                0x20016d1c                cmd_reset_off_line
 .text.cmd_add_item_off_line
                0x20016d90      0x124 ./src/sub-systemCode/Main/CMD/General_CMD.o
                0x20016d90                cmd_add_item_off_line
 .text.cmd_delete_item_off_line
                0x20016eb4       0xb0 ./src/sub-systemCode/Main/CMD/General_CMD.o
                0x20016eb4                cmd_delete_item_off_line
 .text.cmd_get_off_line_setting
                0x20016f64      0x1cc ./src/sub-systemCode/Main/CMD/General_CMD.o
                0x20016f64                cmd_get_off_line_setting
 .text.cmd_reset_delayed_command_list
                0x20017130       0x38 ./src/sub-systemCode/Main/CMD/SW_CMD.o
                0x20017130                cmd_reset_delayed_command_list
 .text.cmd_reset_APRS_list
                0x20017168       0x3c ./src/sub-systemCode/Main/CMD/SW_CMD.o
                0x20017168                cmd_reset_APRS_list
 .text.cmd_reset_FRAM
                0x200171a4      0x100 ./src/sub-systemCode/Main/CMD/SW_CMD.o
                0x200171a4                cmd_reset_FRAM
 .text.cmd_FRAM_read
                0x200172a4      0x270 ./src/sub-systemCode/Main/CMD/SW_CMD.o
                0x200172a4                cmd_FRAM_read
 .text.cmd_FRAM_write
                0x20017514      0x114 ./src/sub-systemCode/Main/CMD/SW_CMD.o
                0x20017514                cmd_FRAM_write
 .text.init_Ants
                0x20017628       0x90 ./src/sub-systemCode/Main/Ants.o
                0x20017628                init_Ants
 .text.ARM_ants
                0x200176b8       0xb8 ./src/sub-systemCode/Main/Ants.o
                0x200176b8                ARM_ants
 .text.DISARM_ants
                0x20017770       0xf0 ./src/sub-systemCode/Main/Ants.o
                0x20017770                DISARM_ants
 .text.deploye_ants
                0x20017860       0x90 ./src/sub-systemCode/Main/Ants.o
                0x20017860                deploye_ants
 .text.checkDeployAttempt
                0x200178f0      0x180 ./src/sub-systemCode/Main/Ants.o
                0x200178f0                checkDeployAttempt
 .text.reset_deployStatusFRAM
                0x20017a70       0xdc ./src/sub-systemCode/Main/Ants.o
                0x20017a70                reset_deployStatusFRAM
 .text.reset_FRAM_ants
                0x20017b4c       0xc4 ./src/sub-systemCode/Main/Ants.o
                0x20017b4c                reset_FRAM_ants
 .text.DeployIfNeeded
                0x20017c10      0x188 ./src/sub-systemCode/Main/Ants.o
                0x20017c10                DeployIfNeeded
 .text.update_stopDeploy_FRAM
                0x20017d98       0x64 ./src/sub-systemCode/Main/Ants.o
                0x20017d98                update_stopDeploy_FRAM
 .text.round_vol
                0x20017dfc      0x124 ./src/sub-systemCode/Main/EPS.o
                0x20017dfc                round_vol
 .text.get_shut_ADCS
                0x20017f20       0x64 ./src/sub-systemCode/Main/EPS.o
                0x20017f20                get_shut_ADCS
 .text.shut_ADCS
                0x20017f84       0x60 ./src/sub-systemCode/Main/EPS.o
                0x20017f84                shut_ADCS
 .text.get_shut_CAM
                0x20017fe4       0x64 ./src/sub-systemCode/Main/EPS.o
                0x20017fe4                get_shut_CAM
 .text.shut_CAM
                0x20018048       0x60 ./src/sub-systemCode/Main/EPS.o
                0x20018048                shut_CAM
 .text.update_powerLines
                0x200180a8      0x124 ./src/sub-systemCode/Main/EPS.o
                0x200180a8                update_powerLines
 .text.updateCam_powerLines
                0x200181cc       0x3c ./src/sub-systemCode/Main/EPS.o
                0x200181cc                updateCam_powerLines
 .text.get_EPS_mode_t
                0x20018208       0x24 ./src/sub-systemCode/Main/EPS.o
                0x20018208                get_EPS_mode_t
 .text.init_enterMode
                0x2001822c       0x88 ./src/sub-systemCode/Main/EPS.o
                0x2001822c                init_enterMode
 .text.EPS_Init
                0x200182b4      0x190 ./src/sub-systemCode/Main/EPS.o
                0x200182b4                EPS_Init
 .text.reset_FRAM_EPS
                0x20018444      0x150 ./src/sub-systemCode/Main/EPS.o
                0x20018444                reset_FRAM_EPS
 .text.reset_EPS_voltages
                0x20018594      0x110 ./src/sub-systemCode/Main/EPS.o
                0x20018594                reset_EPS_voltages
 .text.writeState_log
                0x200186a4       0xa4 ./src/sub-systemCode/Main/EPS.o
                0x200186a4                writeState_log
 .text.battery_downward
                0x20018748       0xcc ./src/sub-systemCode/Main/EPS.o
 .text.battery_upward
                0x20018814       0xd8 ./src/sub-systemCode/Main/EPS.o
 .text.sanityCheck_EPS
                0x200188ec      0x1b4 ./src/sub-systemCode/Main/EPS.o
 .text.overRide_ADCS
                0x20018aa0       0x50 ./src/sub-systemCode/Main/EPS.o
                0x20018aa0                overRide_ADCS
 .text.overRide_Camera
                0x20018af0       0x38 ./src/sub-systemCode/Main/EPS.o
                0x20018af0                overRide_Camera
 .text.EPS_Conditioning
                0x20018b28      0x340 ./src/sub-systemCode/Main/EPS.o
                0x20018b28                EPS_Conditioning
 .text.EnterFullMode
                0x20018e68       0xf0 ./src/sub-systemCode/Main/EPS.o
                0x20018e68                EnterFullMode
 .text.EnterCruiseMode
                0x20018f58       0xe0 ./src/sub-systemCode/Main/EPS.o
                0x20018f58                EnterCruiseMode
 .text.EnterSafeMode
                0x20019038       0xe0 ./src/sub-systemCode/Main/EPS.o
                0x20019038                EnterSafeMode
 .text.EnterCriticalMode
                0x20019118       0xcc ./src/sub-systemCode/Main/EPS.o
                0x20019118                EnterCriticalMode
 .text.get_FRAMVoltageTable
                0x200191e4       0xa4 ./src/sub-systemCode/Main/EPS.o
 .text.check_EPSTableCorrection
                0x20019288      0x120 ./src/sub-systemCode/Main/EPS.o
                0x20019288                check_EPSTableCorrection
 .text.save_ACK
                0x200193a8       0xc8 ./src/sub-systemCode/Main/HouseKeeping.o
                0x200193a8                save_ACK
 .text.set_GP_EPS
                0x20019470      0x10c ./src/sub-systemCode/Main/HouseKeeping.o
                0x20019470                set_GP_EPS
 .text.set_GP_COMM
                0x2001957c       0x88 ./src/sub-systemCode/Main/HouseKeeping.o
                0x2001957c                set_GP_COMM
 .text.SP_HK_collect
                0x20019604      0x22c ./src/sub-systemCode/Main/HouseKeeping.o
                0x20019604                SP_HK_collect
 .text.EPS_HK_collect
                0x20019830      0x528 ./src/sub-systemCode/Main/HouseKeeping.o
                0x20019830                EPS_HK_collect
 .text.CAM_HK_collect
                0x20019d58      0xa00 ./src/sub-systemCode/Main/HouseKeeping.o
                0x20019d58                CAM_HK_collect
 .text.COMM_HK_collect
                0x2001a758      0x2d0 ./src/sub-systemCode/Main/HouseKeeping.o
                0x2001a758                COMM_HK_collect
 .text.HK_find_ADCSTM_fileName
                0x2001aa28      0x44c ./src/sub-systemCode/Main/HouseKeeping.o
                0x2001aa28                HK_find_ADCSTM_fileName
 .text.HK_find_fileName
                0x2001ae74      0x174 ./src/sub-systemCode/Main/HouseKeeping.o
                0x2001ae74                HK_find_fileName
 .text.HK_find_ADCSTM_ElementSize
                0x2001afe8      0x1b8 ./src/sub-systemCode/Main/HouseKeeping.o
                0x2001afe8                HK_find_ADCSTM_ElementSize
 .text.HK_findElementSize
                0x2001b1a0       0xd4 ./src/sub-systemCode/Main/HouseKeeping.o
                0x2001b1a0                HK_findElementSize
 .text.build_HK_spl_packet
                0x2001b274      0x27c ./src/sub-systemCode/Main/HouseKeeping.o
                0x2001b274                build_HK_spl_packet
 .text.numberOfRestarts
                0x2001b4f0       0x94 ./src/sub-systemCode/Main/Main_Init.o
                0x2001b4f0                numberOfRestarts
 .text.StartFRAM
                0x2001b584       0x1c ./src/sub-systemCode/Main/Main_Init.o
                0x2001b584                StartFRAM
 .text.StartI2C
                0x2001b5a0       0x28 ./src/sub-systemCode/Main/Main_Init.o
                0x2001b5a0                StartI2C
 .text.StartSPI
                0x2001b5c8       0x24 ./src/sub-systemCode/Main/Main_Init.o
                0x2001b5c8                StartSPI
 .text.StartTIME
                0x2001b5ec      0x104 ./src/sub-systemCode/Main/Main_Init.o
                0x2001b5ec                StartTIME
 .text.first_activation
                0x2001b6f0       0x7c ./src/sub-systemCode/Main/Main_Init.o
                0x2001b6f0                first_activation
 .text.InitSubsystems
                0x2001b76c       0x70 ./src/sub-systemCode/Main/Main_Init.o
                0x2001b76c                InitSubsystems
 .text.SubSystemTaskStart
                0x2001b7dc      0x13c ./src/sub-systemCode/Main/Main_Init.o
                0x2001b7dc                SubSystemTaskStart
 .text.copy_command
                0x2001b918       0x80 ./src/sub-systemCode/Main/commands.o
                0x2001b918                copy_command
 .text.reset_command
                0x2001b998       0x28 ./src/sub-systemCode/Main/commands.o
                0x2001b998                reset_command
 .text.init_command
                0x2001b9c0       0xf4 ./src/sub-systemCode/Main/commands.o
                0x2001b9c0                init_command
 .text.add_command
                0x2001bab4      0x12c ./src/sub-systemCode/Main/commands.o
                0x2001bab4                add_command
 .text.get_command
                0x2001bbe0      0x1c0 ./src/sub-systemCode/Main/commands.o
                0x2001bbe0                get_command
 .text.act_upon_command
                0x2001bda0      0x1cc ./src/sub-systemCode/Main/commands.o
                0x2001bda0                act_upon_command
 .text.cmd_error
                0x2001bf6c       0x38 ./src/sub-systemCode/Main/commands.o
                0x2001bf6c                cmd_error
 .text.AUC_COMM
                0x2001bfa4      0x25c ./src/sub-systemCode/Main/commands.o
                0x2001bfa4                AUC_COMM
 .text.AUC_general
                0x2001c200      0x3c8 ./src/sub-systemCode/Main/commands.o
                0x2001c200                AUC_general
 .text.AUC_payload
                0x2001c5c8      0x278 ./src/sub-systemCode/Main/commands.o
                0x2001c5c8                AUC_payload
 .text.AUC_EPS  0x2001c840      0x2dc ./src/sub-systemCode/Main/commands.o
                0x2001c840                AUC_EPS
 .text.AUC_SW   0x2001cb1c      0x1cc ./src/sub-systemCode/Main/commands.o
                0x2001cb1c                AUC_SW
 .text.AUC_onlineTM
                0x2001cce8      0x1f0 ./src/sub-systemCode/Main/commands.o
                0x2001cce8                AUC_onlineTM
 .text.AUC_CUF  0x2001ced8      0x160 ./src/sub-systemCode/Main/commands.o
                0x2001ced8                AUC_CUF
 .text.init_GenericSaveQueue
                0x2001d038       0x3c ./src/sub-systemCode/Global/GenericTaskSave.o
                0x2001d038                init_GenericSaveQueue
 .text.add_GenericElement_queue
                0x2001d074       0x80 ./src/sub-systemCode/Global/GenericTaskSave.o
                0x2001d074                add_GenericElement_queue
 .text.GenericSave_Task
                0x2001d0f4      0x128 ./src/sub-systemCode/Global/GenericTaskSave.o
                0x2001d0f4                GenericSave_Task
 .text.check_int
                0x2001d21c       0x20 ./src/sub-systemCode/Global/Global.o
                0x2001d21c                check_int
 .text.check_portBASE_TYPE
                0x2001d23c       0x20 ./src/sub-systemCode/Global/Global.o
                0x2001d23c                check_portBASE_TYPE
 .text.soft_reset_subsystem
                0x2001d25c       0xfc ./src/sub-systemCode/Global/Global.o
                0x2001d25c                soft_reset_subsystem
 .text.hard_reset_subsystem
                0x2001d358      0x140 ./src/sub-systemCode/Global/Global.o
                0x2001d358                hard_reset_subsystem
 .text.BigEnE_raw_to_uInt
                0x2001d498       0x94 ./src/sub-systemCode/Global/Global.o
                0x2001d498                BigEnE_raw_to_uInt
 .text.BigEnE_raw_to_uShort
                0x2001d52c       0x50 ./src/sub-systemCode/Global/Global.o
                0x2001d52c                BigEnE_raw_to_uShort
 .text.BigEnE_uInt_to_raw
                0x2001d57c       0x78 ./src/sub-systemCode/Global/Global.o
                0x2001d57c                BigEnE_uInt_to_raw
 .text.reset_FRAM_MAIN
                0x2001d5f4      0x1cc ./src/sub-systemCode/Global/Global.o
                0x2001d5f4                reset_FRAM_MAIN
 .text.getBitValueByIndex
                0x2001d7c0       0xd0 ./src/sub-systemCode/Global/Global.o
                0x2001d7c0                getBitValueByIndex
 .text.FRAM_write_exte
                0x2001d890       0x98 ./src/sub-systemCode/Global/Global.o
                0x2001d890                FRAM_write_exte
 .text.FRAM_read_exte
                0x2001d928       0x98 ./src/sub-systemCode/Global/Global.o
                0x2001d928                FRAM_read_exte
 .text.FRAM_writeAndVerify_exte
                0x2001d9c0       0x98 ./src/sub-systemCode/Global/Global.o
                0x2001d9c0                FRAM_writeAndVerify_exte
 .text.init_GP  0x2001da58      0x368 ./src/sub-systemCode/Global/GlobalParam.o
                0x2001da58                init_GP
 .text.get_system_state
                0x2001ddc0      0x268 ./src/sub-systemCode/Global/GlobalParam.o
                0x2001ddc0                get_system_state
 .text.set_system_state
                0x2001e028      0x298 ./src/sub-systemCode/Global/GlobalParam.o
                0x2001e028                set_system_state
 .text.get_systems_state_param
                0x2001e2c0       0x8c ./src/sub-systemCode/Global/GlobalParam.o
                0x2001e2c0                get_systems_state_param
 .text.get_current_global_param
                0x2001e34c      0x55c ./src/sub-systemCode/Global/GlobalParam.o
                0x2001e34c                get_current_global_param
 .text.set_Vbatt
                0x2001e8a8       0x8c ./src/sub-systemCode/Global/GlobalParam.o
                0x2001e8a8                set_Vbatt
 .text.get_Vbatt
                0x2001e934       0x8c ./src/sub-systemCode/Global/GlobalParam.o
                0x2001e934                get_Vbatt
 .text.set_curBat
                0x2001e9c0       0x8c ./src/sub-systemCode/Global/GlobalParam.o
                0x2001e9c0                set_curBat
 .text.set_cur3V3
                0x2001ea4c       0x8c ./src/sub-systemCode/Global/GlobalParam.o
                0x2001ea4c                set_cur3V3
 .text.set_cur5V
                0x2001ead8       0x8c ./src/sub-systemCode/Global/GlobalParam.o
                0x2001ead8                set_cur5V
 .text.set_tempComm_LO
                0x2001eb64       0x8c ./src/sub-systemCode/Global/GlobalParam.o
                0x2001eb64                set_tempComm_LO
 .text.set_tempComm_PA
                0x2001ebf0       0x8c ./src/sub-systemCode/Global/GlobalParam.o
                0x2001ebf0                set_tempComm_PA
 .text.set_tempEPS
                0x2001ec7c       0xc8 ./src/sub-systemCode/Global/GlobalParam.o
                0x2001ec7c                set_tempEPS
 .text.set_tempBatt
                0x2001ed44       0xc8 ./src/sub-systemCode/Global/GlobalParam.o
                0x2001ed44                set_tempBatt
 .text.set_RxDoppler
                0x2001ee0c       0x8c ./src/sub-systemCode/Global/GlobalParam.o
                0x2001ee0c                set_RxDoppler
 .text.set_RxRSSI
                0x2001ee98       0x8c ./src/sub-systemCode/Global/GlobalParam.o
                0x2001ee98                set_RxRSSI
 .text.set_TxRefl
                0x2001ef24       0x8c ./src/sub-systemCode/Global/GlobalParam.o
                0x2001ef24                set_TxRefl
 .text.set_TxForw
                0x2001efb0       0x8c ./src/sub-systemCode/Global/GlobalParam.o
                0x2001efb0                set_TxForw
 .text.set_FS_failFlag
                0x2001f03c       0x8c ./src/sub-systemCode/Global/GlobalParam.o
                0x2001f03c                set_FS_failFlag
 .text.set_EPSState
                0x2001f0c8       0x8c ./src/sub-systemCode/Global/GlobalParam.o
                0x2001f0c8                set_EPSState
 .text.set_numOfDelayedCommand
                0x2001f154       0x8c ./src/sub-systemCode/Global/GlobalParam.o
                0x2001f154                set_numOfDelayedCommand
 .text.set_numOfResets
                0x2001f1e0       0xac ./src/sub-systemCode/Global/GlobalParam.o
                0x2001f1e0                set_numOfResets
 .text.set_ground_conn
                0x2001f28c       0xa0 ./src/sub-systemCode/Global/GlobalParam.o
                0x2001f28c                set_ground_conn
 .text.get_ground_conn
                0x2001f32c       0xa0 ./src/sub-systemCode/Global/GlobalParam.o
                0x2001f32c                get_ground_conn
 .text.IsisAntS_getStatusData_sideA
                0x2001f3cc       0x3c ./src/sub-systemCode/Global/OnlineTM.o
                0x2001f3cc                IsisAntS_getStatusData_sideA
 .text.IsisAntS_getAlltelemetry_sideA
                0x2001f408       0x3c ./src/sub-systemCode/Global/OnlineTM.o
                0x2001f408                IsisAntS_getAlltelemetry_sideA
 .text.IsisAntS_getTemperature_sideA
                0x2001f444       0x3c ./src/sub-systemCode/Global/OnlineTM.o
                0x2001f444                IsisAntS_getTemperature_sideA
 .text.IsisAntS_getStatusData_sideB
                0x2001f480       0x3c ./src/sub-systemCode/Global/OnlineTM.o
                0x2001f480                IsisAntS_getStatusData_sideB
 .text.IsisAntS_getAlltelemetry_sideB
                0x2001f4bc       0x3c ./src/sub-systemCode/Global/OnlineTM.o
                0x2001f4bc                IsisAntS_getAlltelemetry_sideB
 .text.IsisAntS_getTemperature_sideB
                0x2001f4f8       0x3c ./src/sub-systemCode/Global/OnlineTM.o
                0x2001f4f8                IsisAntS_getTemperature_sideB
 .text.HK_collect_EPS
                0x2001f534       0x30 ./src/sub-systemCode/Global/OnlineTM.o
                0x2001f534                HK_collect_EPS
 .text.HK_collect_COMM
                0x2001f564       0x30 ./src/sub-systemCode/Global/OnlineTM.o
                0x2001f564                HK_collect_COMM
 .text.HK_collect_CAM
                0x2001f594       0x30 ./src/sub-systemCode/Global/OnlineTM.o
                0x2001f594                HK_collect_CAM
 .text.HK_collect_SP
                0x2001f5c4       0x30 ./src/sub-systemCode/Global/OnlineTM.o
                0x2001f5c4                HK_collect_SP
 .text.HK_collect_FS_A
                0x2001f5f4       0x9c ./src/sub-systemCode/Global/OnlineTM.o
                0x2001f5f4                HK_collect_FS_A
 .text.HK_collect_FS_B
                0x2001f690       0x9c ./src/sub-systemCode/Global/OnlineTM.o
                0x2001f690                HK_collect_FS_B
 .text.save_offlineSetting_FRAM
                0x2001f72c      0x26c ./src/sub-systemCode/Global/OnlineTM.o
                0x2001f72c                save_offlineSetting_FRAM
 .text.get_offlineSetting_FRAM
                0x2001f998       0x58 ./src/sub-systemCode/Global/OnlineTM.o
                0x2001f998                get_offlineSetting_FRAM
 .text.update_offlineSetting_FRAM
                0x2001f9f0      0x360 ./src/sub-systemCode/Global/OnlineTM.o
                0x2001f9f0                update_offlineSetting_FRAM
 .text.get_offlineSettingPacket
                0x2001fd50       0xc4 ./src/sub-systemCode/Global/OnlineTM.o
                0x2001fd50                get_offlineSettingPacket
 .text.get_item_by_index
                0x2001fe14       0xdc ./src/sub-systemCode/Global/OnlineTM.o
                0x2001fe14                get_item_by_index
 .text.get_pointer_item_by_index
                0x2001fef0       0x48 ./src/sub-systemCode/Global/OnlineTM.o
                0x2001fef0                get_pointer_item_by_index
 .text.init_onlineParam
                0x2001ff38     0x2f54 ./src/sub-systemCode/Global/OnlineTM.o
                0x2001ff38                init_onlineParam
 .text.reset_offline_TM_list
                0x20022e8c      0x184 ./src/sub-systemCode/Global/OnlineTM.o
                0x20022e8c                reset_offline_TM_list
 .text.get_online_packet
                0x20023010      0x25c ./src/sub-systemCode/Global/OnlineTM.o
                0x20023010                get_online_packet
 .text.save_onlineTM_param
                0x2002326c      0x1b4 ./src/sub-systemCode/Global/OnlineTM.o
                0x2002326c                save_onlineTM_param
 .text.add_onlineTM_param_to_save_list
                0x20023420      0x3e4 ./src/sub-systemCode/Global/OnlineTM.o
                0x20023420                add_onlineTM_param_to_save_list
 .text.delete_onlineTM_param_from_offline
                0x20023804      0x1a8 ./src/sub-systemCode/Global/OnlineTM.o
                0x20023804                delete_onlineTM_param_from_offline
 .text.save_onlineTM_logic
                0x200239ac      0x2c0 ./src/sub-systemCode/Global/OnlineTM.o
                0x200239ac                save_onlineTM_logic
 .text.updateSD_state
                0x20023c6c       0xc0 ./src/sub-systemCode/Global/OnlineTM.o
                0x20023c6c                updateSD_state
 .text.sleepRTC_second
                0x20023d2c       0x64 ./src/sub-systemCode/Global/OnlineTM.o
 .text.save_onlineTM_task
                0x20023d90       0xe8 ./src/sub-systemCode/Global/OnlineTM.o
                0x20023d90                save_onlineTM_task
 .text.reset_FRAM_FS
                0x20023e78       0x4c ./src/sub-systemCode/Global/TLM_management.o
                0x20023e78                reset_FRAM_FS
 .text.sd_format
                0x20023ec4       0x28 ./src/sub-systemCode/Global/TLM_management.o
                0x20023ec4                sd_format
 .text.deleteDir
                0x20023eec       0x2c ./src/sub-systemCode/Global/TLM_management.o
                0x20023eec                deleteDir
 .text.getNumOfFilesInFS
                0x20023f18       0x44 ./src/sub-systemCode/Global/TLM_management.o
 .text.setNumOfFilesInFS
                0x20023f5c       0x50 ./src/sub-systemCode/Global/TLM_management.o
 .text.f_managed_enterFS
                0x20023fac       0x18 ./src/sub-systemCode/Global/TLM_management.o
                0x20023fac                f_managed_enterFS
 .text.f_managed_releaseFS
                0x20023fc4       0x18 ./src/sub-systemCode/Global/TLM_management.o
                0x20023fc4                f_managed_releaseFS
 .text.f_managed_open
                0x20023fdc      0x100 ./src/sub-systemCode/Global/TLM_management.o
                0x20023fdc                f_managed_open
 .text.f_managed_close
                0x200240dc       0x84 ./src/sub-systemCode/Global/TLM_management.o
                0x200240dc                f_managed_close
 .text.createSemahores_FS
                0x20024160       0x48 ./src/sub-systemCode/Global/TLM_management.o
                0x20024160                createSemahores_FS
 .text.InitializeFS
                0x200241a8      0x138 ./src/sub-systemCode/Global/TLM_management.o
                0x200241a8                InitializeFS
 .text.c_fileCreate
                0x200242e0      0x110 ./src/sub-systemCode/Global/TLM_management.o
                0x200242e0                c_fileCreate
 .text.writewithEpochtime
                0x200243f0       0x90 ./src/sub-systemCode/Global/TLM_management.o
 .text.get_C_FILE_struct
                0x20024480       0xe4 ./src/sub-systemCode/Global/TLM_management.o
 .text.getFileIndex
                0x20024564       0x58 ./src/sub-systemCode/Global/TLM_management.o
 .text.get_file_name_by_index
                0x200245bc       0x44 ./src/sub-systemCode/Global/TLM_management.o
                0x200245bc                get_file_name_by_index
 .text.c_fileReset
                0x20024600       0xe0 ./src/sub-systemCode/Global/TLM_management.o
                0x20024600                c_fileReset
 .text.c_fileWrite
                0x200246e0      0x154 ./src/sub-systemCode/Global/TLM_management.o
                0x200246e0                c_fileWrite
 .text.deleteElementsFromFile
                0x20024834      0x1a0 ./src/sub-systemCode/Global/TLM_management.o
 .text.c_fileDeleteElements
                0x200249d4      0x158 ./src/sub-systemCode/Global/TLM_management.o
                0x200249d4                c_fileDeleteElements
 .text.c_fileRead
                0x20024b2c      0x300 ./src/sub-systemCode/Global/TLM_management.o
                0x20024b2c                c_fileRead
 .text.DeInitializeFS
                0x20024e2c       0x30 ./src/sub-systemCode/Global/TLM_management.o
                0x20024e2c                DeInitializeFS
 .text.xSemaphoreGive_extended
                0x20024e5c       0x48 ./src/sub-systemCode/Global/freertosExtended.o
                0x20024e5c                xSemaphoreGive_extended
 .text.xSemaphoreTake_extended
                0x20024ea4       0x54 ./src/sub-systemCode/Global/freertosExtended.o
                0x20024ea4                xSemaphoreTake_extended
 .text.WriteLog
                0x20024ef8       0xa8 ./src/sub-systemCode/Global/logger.o
 .text.WriteErrorLog
                0x20024fa0       0x64 ./src/sub-systemCode/Global/logger.o
                0x20024fa0                WriteErrorLog
 .text.WriteResetLog
                0x20025004       0x54 ./src/sub-systemCode/Global/logger.o
                0x20025004                WriteResetLog
 .text.WritePayloadLog
                0x20025058       0x50 ./src/sub-systemCode/Global/logger.o
                0x20025058                WritePayloadLog
 .text.WriteEpsLog
                0x200250a8       0x4c ./src/sub-systemCode/Global/logger.o
                0x200250a8                WriteEpsLog
 .text.WriteTransponderLog
                0x200250f4       0x50 ./src/sub-systemCode/Global/logger.o
                0x200250f4                WriteTransponderLog
 .text.WriteAdcsLog
                0x20025144       0x50 ./src/sub-systemCode/Global/logger.o
                0x20025144                WriteAdcsLog
 .text.WriteCUFLog
                0x20025194       0x50 ./src/sub-systemCode/Global/logger.o
                0x20025194                WriteCUFLog
 .text.castCharPointerToInt
                0x200251e4       0x84 ./src/sub-systemCode/CUF/CUF.o
                0x200251e4                castCharPointerToInt
 .text.castCharArrayToIntArray
                0x20025268       0xa4 ./src/sub-systemCode/CUF/CUF.o
                0x20025268                castCharArrayToIntArray
 .text.SavePerminantCUF
                0x2002530c      0x1b0 ./src/sub-systemCode/CUF/CUF.o
                0x2002530c                SavePerminantCUF
 .text.CUFSwitch
                0x200254bc       0x30 ./src/sub-systemCode/CUF/CUF.o
                0x200254bc                CUFSwitch
 .text.GenerateSSH
                0x200254ec       0xb8 ./src/sub-systemCode/CUF/CUF.o
                0x200254ec                GenerateSSH
 .text.getExtendedName
                0x200255a4       0xc4 ./src/sub-systemCode/CUF/CUF.o
                0x200255a4                getExtendedName
 .text.AuthenticateCUF
                0x20025668       0x84 ./src/sub-systemCode/CUF/CUF.o
                0x20025668                AuthenticateCUF
 .text.UpdatePerminantCUF
                0x200256ec       0x94 ./src/sub-systemCode/CUF/CUF.o
                0x200256ec                UpdatePerminantCUF
 .text.RemoveCUF
                0x20025780      0x1c0 ./src/sub-systemCode/CUF/CUF.o
                0x20025780                RemoveCUF
 .text.ExecuteCUF
                0x20025940       0xd4 ./src/sub-systemCode/CUF/CUF.o
                0x20025940                ExecuteCUF
 .text.IntegrateCUF
                0x20025a14      0x170 ./src/sub-systemCode/CUF/CUF.o
                0x20025a14                IntegrateCUF
 .text.AddToCUFTempArray
                0x20025b84       0xa0 ./src/sub-systemCode/CUF/CUF.o
                0x20025b84                AddToCUFTempArray
 .text.GetFromCUFTempArray
                0x20025c24       0xe0 ./src/sub-systemCode/CUF/CUF.o
                0x20025c24                GetFromCUFTempArray
 .text.DisableCUF
                0x20025d04       0xb0 ./src/sub-systemCode/CUF/CUF.o
                0x20025d04                DisableCUF
 .text.EnableCUF
                0x20025db4       0xb0 ./src/sub-systemCode/CUF/CUF.o
                0x20025db4                EnableCUF
 .text.initializeUpload
                0x20025e64       0x94 ./src/sub-systemCode/CUF/uploadCodeTelemetry.o
                0x20025e64                initializeUpload
 .text.removeFiles
                0x20025ef8      0x16c ./src/sub-systemCode/CUF/uploadCodeTelemetry.o
                0x20025ef8                removeFiles
 .text.loadBackup
                0x20026064      0x144 ./src/sub-systemCode/CUF/uploadCodeTelemetry.o
                0x20026064                loadBackup
 .text.addToArray
                0x200261a8       0xcc ./src/sub-systemCode/CUF/uploadCodeTelemetry.o
                0x200261a8                addToArray
 .text.headerHandle
                0x20026274       0xb8 ./src/sub-systemCode/CUF/uploadCodeTelemetry.o
                0x20026274                headerHandle
 .text.startCUFintegration
                0x2002632c      0x134 ./src/sub-systemCode/CUF/uploadCodeTelemetry.o
                0x2002632c                startCUFintegration
 .text.saveBackup
                0x20026460       0xfc ./src/sub-systemCode/CUF/uploadCodeTelemetry.o
                0x20026460                saveBackup
 .text.saveAck  0x2002655c       0x1c ./src/sub-systemCode/CUF/uploadCodeTelemetry.o
                0x2002655c                saveAck
 .text.reset_APRS_list
                0x20026578       0x20 ./src/sub-systemCode/COMM/APRS.o
                0x20026578                reset_APRS_list
 .text.get_APRS_list
                0x20026598       0x18 ./src/sub-systemCode/COMM/APRS.o
                0x20026598                get_APRS_list
 .text.find_CMD_in_list
                0x200265b0       0x7c ./src/sub-systemCode/COMM/DelayedCommand_list.o
                0x200265b0                find_CMD_in_list
 .text.find_empty_in_list
                0x2002662c       0x74 ./src/sub-systemCode/COMM/DelayedCommand_list.o
                0x2002662c                find_empty_in_list
 .text.check_delayCommandTime
                0x200266a0       0xa8 ./src/sub-systemCode/COMM/DelayedCommand_list.o
                0x200266a0                check_delayCommandTime
 .text.execute_delayedCommand
                0x20026748       0x64 ./src/sub-systemCode/COMM/DelayedCommand_list.o
                0x20026748                execute_delayedCommand
 .text.check_delaycommand
                0x200267ac      0x1e0 ./src/sub-systemCode/COMM/DelayedCommand_list.o
                0x200267ac                check_delaycommand
 .text.reset_delayCommand
                0x2002698c       0xc0 ./src/sub-systemCode/COMM/DelayedCommand_list.o
                0x2002698c                reset_delayCommand
 .text.add_delayCommand
                0x20026a4c      0x24c ./src/sub-systemCode/COMM/DelayedCommand_list.o
                0x20026a4c                add_delayCommand
 .text.get_delayCommand_list
                0x20026c98       0xd0 ./src/sub-systemCode/COMM/DelayedCommand_list.o
                0x20026c98                get_delayCommand_list
 .text.EmptyOldestCommand
                0x20026d68       0xfc ./src/sub-systemCode/COMM/DelayedCommand_list.o
                0x20026d68                EmptyOldestCommand
 .text.decode_TCpacket
                0x20026e64      0x16c ./src/sub-systemCode/COMM/GSC.o
                0x20026e64                decode_TCpacket
 .text.encode_TCpacket
                0x20026fd0      0x114 ./src/sub-systemCode/COMM/GSC.o
                0x20026fd0                encode_TCpacket
 .text.encode_TMpacket
                0x200270e4      0x104 ./src/sub-systemCode/COMM/GSC.o
                0x200270e4                encode_TMpacket
 .text.build_raw_ACK
                0x200271e8       0xbc ./src/sub-systemCode/COMM/GSC.o
                0x200271e8                build_raw_ACK
 .text.build_data_field_ACK
                0x200272a4       0x74 ./src/sub-systemCode/COMM/GSC.o
                0x200272a4                build_data_field_ACK
 .text.update_FRAM_bitRate