Archive member included because of file (symbol)

c:/isis/application/toolchain/bin/../lib/gcc/arm-none-eabi/4.7.4/../../../../arm-none-eabi/lib\libc_s.a(lib_a-vfprintf_float.o)
                              (_printf_float)
c:/isis/application/toolchain/bin/../lib/gcc/arm-none-eabi/4.7.4/../../../../arm-none-eabi/lib\libc_s.a(lib_a-vfprintf_i.o)
                              c:/isis/application/toolchain/bin/../lib/gcc/arm-none-eabi/4.7.4/../../../../arm-none-eabi/lib\libc_s.a(lib_a-vfprintf_float.o) (_printf_common)
c:/isis/application/toolchain/bin/../lib/gcc/arm-none-eabi/4.7.4/../../../../arm-none-eabi/lib\libc_s.a(lib_a-vfscanf_float.o)
                              (_scanf_float)
c:/isis/application/toolchain/bin/../lib/gcc/arm-none-eabi/4.7.4/../../../../arm-none-eabi/lib\libc_s.a(lib_a-dtoa.o)
                              c:/isis/application/toolchain/bin/../lib/gcc/arm-none-eabi/4.7.4/../../../../arm-none-eabi/lib\libc_s.a(lib_a-vfprintf_float.o) (_dtoa_r)
c:/isis/application/toolchain/bin/../lib/gcc/arm-none-eabi/4.7.4/../../../../arm-none-eabi/lib\libc_s.a(lib_a-locale.o)
                              c:/isis/application/toolchain/bin/../lib/gcc/arm-none-eabi/4.7.4/../../../../arm-none-eabi/lib\libc_s.a(lib_a-vfprintf_float.o) (_localeconv_r)
c:/isis/application/toolchain/bin/../lib/gcc/arm-none-eabi/4.7.4/../../../../arm-none-eabi/lib\libc_s.a(lib_a-malloc.o)
                              c:/isis/application/toolchain/bin/../lib/gcc/arm-none-eabi/4.7.4/../../../../arm-none-eabi/lib\libc_s.a(lib_a-dtoa.o) (malloc)
c:/isis/application/toolchain/bin/../lib/gcc/arm-none-eabi/4.7.4/../../../../arm-none-eabi/lib\libc_s.a(lib_a-mallocr.o)
                              c:/isis/application/toolchain/bin/../lib/gcc/arm-none-eabi/4.7.4/../../../../arm-none-eabi/lib\libc_s.a(lib_a-malloc.o) (_malloc_r)
c:/isis/application/toolchain/bin/../lib/gcc/arm-none-eabi/4.7.4/../../../../arm-none-eabi/lib\libc_s.a(lib_a-memcpy.o)
                              c:/isis/application/toolchain/bin/../lib/gcc/arm-none-eabi/4.7.4/../../../../arm-none-eabi/lib\libc_s.a(lib_a-dtoa.o) (memcpy)
c:/isis/application/toolchain/bin/../lib/gcc/arm-none-eabi/4.7.4/../../../../arm-none-eabi/lib\libc_s.a(lib_a-mprec.o)
                              c:/isis/application/toolchain/bin/../lib/gcc/arm-none-eabi/4.7.4/../../../../arm-none-eabi/lib\libc_s.a(lib_a-dtoa.o) (_Balloc)
c:/isis/application/toolchain/bin/../lib/gcc/arm-none-eabi/4.7.4/../../../../arm-none-eabi/lib\libc_s.a(lib_a-s_fpclassify.o)
                              c:/isis/application/toolchain/bin/../lib/gcc/arm-none-eabi/4.7.4/../../../../arm-none-eabi/lib\libc_s.a(lib_a-vfprintf_float.o) (__fpclassifyd)
c:/isis/application/toolchain/bin/../lib/gcc/arm-none-eabi/4.7.4/../../../../arm-none-eabi/lib\libc_s.a(lib_a-sbrkr.o)
                              c:/isis/application/toolchain/bin/../lib/gcc/arm-none-eabi/4.7.4/../../../../arm-none-eabi/lib\libc_s.a(lib_a-mallocr.o) (_sbrk_r)
c:/isis/application/toolchain/bin/../lib/gcc/arm-none-eabi/4.7.4/../../../../arm-none-eabi/lib\libc_s.a(lib_a-sf_nan.o)
                              c:/isis/application/toolchain/bin/../lib/gcc/arm-none-eabi/4.7.4/../../../../arm-none-eabi/lib\libc_s.a(lib_a-vfscanf_float.o) (nanf)
c:/isis/application/toolchain/bin/../lib/gcc/arm-none-eabi/4.7.4/../../../../arm-none-eabi/lib\libc_s.a(lib_a-sprintf.o)
                              c:/isis/application/toolchain/bin/../lib/gcc/arm-none-eabi/4.7.4/../../../../arm-none-eabi/lib\libc_s.a(lib_a-vfscanf_float.o) (sprintf)
c:/isis/application/toolchain/bin/../lib/gcc/arm-none-eabi/4.7.4/../../../../arm-none-eabi/lib\libc_s.a(lib_a-strcmp.o)
                              c:/isis/application/toolchain/bin/../lib/gcc/arm-none-eabi/4.7.4/../../../../arm-none-eabi/lib\libc_s.a(lib_a-locale.o) (strcmp)
c:/isis/application/toolchain/bin/../lib/gcc/arm-none-eabi/4.7.4/../../../../arm-none-eabi/lib\libc_s.a(lib_a-strlen.o)
                              c:/isis/application/toolchain/bin/../lib/gcc/arm-none-eabi/4.7.4/../../../../arm-none-eabi/lib\libc_s.a(lib_a-vfprintf_float.o) (strlen)
c:/isis/application/toolchain/bin/../lib/gcc/arm-none-eabi/4.7.4/../../../../arm-none-eabi/lib\libc_s.a(lib_a-strtod.o)
                              c:/isis/application/toolchain/bin/../lib/gcc/arm-none-eabi/4.7.4/../../../../arm-none-eabi/lib\libc_s.a(lib_a-vfscanf_float.o) (_strtod_r)
c:/isis/application/toolchain/bin/../lib/gcc/arm-none-eabi/4.7.4/../../../../arm-none-eabi/lib\libc_s.a(lib_a-strtol.o)
                              c:/isis/application/toolchain/bin/../lib/gcc/arm-none-eabi/4.7.4/../../../../arm-none-eabi/lib\libc_s.a(lib_a-vfscanf_float.o) (_strtol_r)
c:/isis/application/toolchain/bin/../lib/gcc/arm-none-eabi/4.7.4/../../../../arm-none-eabi/lib\libc_s.a(lib_a-svfprintf.o)
                              c:/isis/application/toolchain/bin/../lib/gcc/arm-none-eabi/4.7.4/../../../../arm-none-eabi/lib\libc_s.a(lib_a-sprintf.o) (_svfprintf_r)
[...]
Memory Configuration

Name             Origin             Length             Attributes
sram0            0x00200000         0x00004000         w !xr
sram1            0x00300000         0x00004000         w !xr
sdram            0x20000000         0x02000000         w !xr
*default*        0x00000000         0xffffffff

Linker script and memory map

LOAD c:/isis/application/toolchain/bin/../lib/gcc/arm-none-eabi/4.7.4/../../../../arm-none-eabi/lib\libc_s.a
LOAD ./src/sub-systemCode/Main/CMD/COMM_CMD.o
LOAD ./src/sub-systemCode/Main/CMD/EPS_CMD.o
LOAD ./src/sub-systemCode/Main/CMD/General_CMD.o
LOAD ./src/sub-systemCode/Main/CMD/SW_CMD.o
LOAD ./src/sub-systemCode/Main/CMD/payload_CMD.o
LOAD ./src/sub-systemCode/Main/CMD/test_CMD.o
LOAD ./src/sub-systemCode/Main/Ants.o
LOAD ./src/sub-systemCode/Main/EPS.o
LOAD ./src/sub-systemCode/Main/HouseKeeping.o
LOAD ./src/sub-systemCode/Main/Main_Init.o
LOAD ./src/sub-systemCode/Main/commands.o
LOAD ./src/sub-systemCode/Global/Global.o
LOAD ./src/sub-systemCode/Global/GlobalParam.o
LOAD ./src/sub-systemCode/Global/TM_managment.o
LOAD ./src/sub-systemCode/COMM/APRS.o
LOAD ./src/sub-systemCode/COMM/DelayedCommand_list.o
LOAD ./src/sub-systemCode/COMM/GSC.o
LOAD ./src/sub-systemCode/COMM/TRXVU.o
LOAD ./src/sub-systemCode/ADCS/ADCS.o
LOAD ./src/sub-systemCode/ADCS/Stage_Table.o
LOAD ./src/main.o
LOAD C:/Hoopoe3/satellite-subsystems/demo/..//satellite-subsystems/lib\libSatelliteSubsystemsD.a
LOAD c:/isis/application/toolchain/bin/../lib/gcc/arm-none-eabi/4.7.4/../../../../arm-none-eabi/lib\libm.a
LOAD C:/Hoopoe3/satellite-subsystems/demo/../..//hal/hcc/lib\libHCCD.a
LOAD C:/Hoopoe3/satellite-subsystems/demo/../..//hal/hal/lib\libHALD.a
LOAD C:/Hoopoe3/satellite-subsystems/demo/../..//hal/freertos/lib\libFreeRTOSD.a
LOAD C:/Hoopoe3/satellite-subsystems/demo/../..//hal/at91/lib\libAt91D.a
START GROUP
LOAD c:/isis/application/toolchain/bin/../lib/gcc/arm-none-eabi/4.7.4\libgcc.a
LOAD c:/isis/application/toolchain/bin/../lib/gcc/arm-none-eabi/4.7.4/../../../../arm-none-eabi/lib\libc_s.a
END GROUP

.fixed          0x20000000    0x3c204
                0x20000000                . = ALIGN (0x4)
                0x20000000                _sfixed = .
 *(.startup)
 .startup       0x20000000      0x134 C:/Hoopoe3/satellite-subsystems/demo/../..//hal/at91/lib\libAt91D.a(board_cstartup.o)
                0x20000000                entry
 *(.text)
 .text          0x20000134       0x64 C:/Hoopoe3/satellite-subsystems/demo/../..//hal/at91/lib\libAt91D.a(cp15_asm.o)
                0x20000134                _readControlRegister
                0x20000140                _writeControlRegister
                0x20000148                _waitForInterrupt
                0x20000154                _writeTTB
                0x2000015c                _writeDomain
                0x20000164                _writeITLBLockdown
                0x2000016c                _prefetchICacheLine
                0x20000174                _flushDCache
                0x20000180                _flushWriteBuffer
                0x2000018c                _invalidateIDTLBs
 .text          0x20000198      0x114 c:/isis/application/toolchain/bin/../lib/gcc/arm-none-eabi/4.7.4\libgcc.a(_udivsi3.o)
                0x20000198                __aeabi_uidiv
                0x20000198                __udivsi3
                0x2000028c                __aeabi_uidivmod
 .text          0x200002ac      0x148 c:/isis/application/toolchain/bin/../lib/gcc/arm-none-eabi/4.7.4\libgcc.a(_divsi3.o)
                0x200002ac                __divsi3
                0x200002ac                __aeabi_idiv
                0x200003d4                __aeabi_idivmod
 .text          0x200003f4        0x4 c:/isis/application/toolchain/bin/../lib/gcc/arm-none-eabi/4.7.4\libgcc.a(_dvmd_tls.o)
                0x200003f4                __aeabi_idiv0
                0x200003f4                __aeabi_ldiv0
 .text          0x200003f8      0x41c c:/isis/application/toolchain/bin/../lib/gcc/arm-none-eabi/4.7.4\libgcc.a(_arm_addsubdf3.o)
                0x200003f8                __aeabi_drsub
                0x20000400                __aeabi_dsub
                0x20000400                __subdf3
                0x20000404                __aeabi_dadd
                0x20000404                __adddf3
                0x20000714                __floatunsidf
                0x20000714                __aeabi_ui2d
                0x20000738                __floatsidf
                0x20000738                __aeabi_i2d
                0x20000760                __aeabi_f2d
                0x20000760                __extendsfdf2
                0x200007a0                __floatundidf
                0x200007a0                __aeabi_ul2d
                0x200007b4                __floatdidf
                0x200007b4                __aeabi_l2d
 .text          0x20000814      0x49c c:/isis/application/toolchain/bin/../lib/gcc/arm-none-eabi/4.7.4\libgcc.a(_arm_muldivdf3.o)
                0x20000814                __aeabi_dmul
                0x20000814                __muldf3
                0x20000aa4                __divdf3
                0x20000aa4                __aeabi_ddiv
 .text          0x20000cb0      0x144 c:/isis/application/toolchain/bin/../lib/gcc/arm-none-eabi/4.7.4\libgcc.a(_arm_cmpdf2.o)
                0x20000cb0                __gtdf2
                0x20000cb0                __gedf2
                0x20000cb8                __ltdf2
                0x20000cb8                __ledf2
                0x20000cc0                __nedf2
                0x20000cc0                __eqdf2
                0x20000cc0                __cmpdf2
                0x20000d48                __aeabi_cdrcmple
                0x20000d64                __aeabi_cdcmpeq
                0x20000d64                __aeabi_cdcmple
                0x20000d7c                __aeabi_dcmpeq
                0x20000d94                __aeabi_dcmplt
                0x20000dac                __aeabi_dcmple
                0x20000dc4                __aeabi_dcmpge
                0x20000ddc                __aeabi_dcmpgt
 .text          0x20000df4       0x5c c:/isis/application/toolchain/bin/../lib/gcc/arm-none-eabi/4.7.4\libgcc.a(_arm_fixdfsi.o)
                0x20000df4                __aeabi_d2iz
                0x20000df4                __fixdfsi
 .text          0x20000e50       0x54 c:/isis/application/toolchain/bin/../lib/gcc/arm-none-eabi/4.7.4\libgcc.a(_arm_fixunsdfsi.o)
                0x20000e50                __aeabi_d2uiz
                0x20000e50                __fixunsdfsi
 .text          0x20000ea4       0xa0 c:/isis/application/toolchain/bin/../lib/gcc/arm-none-eabi/4.7.4\libgcc.a(_arm_truncdfsf2.o)
                0x20000ea4                __truncdfsf2
                0x20000ea4                __aeabi_d2f
 .text          0x20000f44      0x2ac c:/isis/application/toolchain/bin/../lib/gcc/arm-none-eabi/4.7.4\libgcc.a(_arm_addsubsf3.o)
                0x20000f44                __aeabi_frsub
                0x20000f4c                __subsf3
                0x20000f4c                __aeabi_fsub
                0x20000f50                __aeabi_fadd
                0x20000f50                __addsf3
                0x2000110c                __aeabi_ui2f
                0x2000110c                __floatunsisf
                0x20001114                __aeabi_i2f
                0x20001114                __floatsisf
                0x20001134                __aeabi_ul2f
                0x20001134                __floatundisf
                0x20001144                __aeabi_l2f
                0x20001144                __floatdisf
 .text          0x200011f0      0x2f8 c:/isis/application/toolchain/bin/../lib/gcc/arm-none-eabi/4.7.4\libgcc.a(_arm_muldivsf3.o)
                0x200011f0                __mulsf3
                0x200011f0                __aeabi_fmul
                0x20001388                __aeabi_fdiv
                0x20001388                __divsf3
 .text          0x200014e8       0x54 c:/isis/application/toolchain/bin/../lib/gcc/arm-none-eabi/4.7.4\libgcc.a(_arm_fixunssfsi.o)
                0x200014e8                __fixunssfsi
                0x200014e8                __aeabi_f2uiz
 *(.text*)
 .text.__cvt    0x2000153c      0x138 c:/isis/application/toolchain/bin/../lib/gcc/arm-none-eabi/4.7.4/../../../../arm-none-eabi/lib\libc_s.a(lib_a-vfprintf_float.o)
                0x2000153c                __cvt
 .text.__exponent
                0x20001674       0xa8 c:/isis/application/toolchain/bin/../lib/gcc/arm-none-eabi/4.7.4/../../../../arm-none-eabi/lib\libc_s.a(lib_a-vfprintf_float.o)
                0x20001674                __exponent
 .text._printf_float
                0x2000171c      0x7dc c:/isis/application/toolchain/bin/../lib/gcc/arm-none-eabi/4.7.4/../../../../arm-none-eabi/lib\libc_s.a(lib_a-vfprintf_float.o)
                0x2000171c                _printf_float
 .text._printf_common
                0x20001ef8      0x174 c:/isis/application/toolchain/bin/../lib/gcc/arm-none-eabi/4.7.4/../../../../arm-none-eabi/lib\libc_s.a(lib_a-vfprintf_i.o)
                0x20001ef8                _printf_common
 .text._printf_i
                0x2000206c      0x3c4 c:/isis/application/toolchain/bin/../lib/gcc/arm-none-eabi/4.7.4/../../../../arm-none-eabi/lib\libc_s.a(lib_a-vfprintf_i.o)
                0x2000206c                _printf_i
 .text._scanf_float
                0x20002430      0x5f4 c:/isis/application/toolchain/bin/../lib/gcc/arm-none-eabi/4.7.4/../../../../arm-none-eabi/lib\libc_s.a(lib_a-vfscanf_float.o)
                0x20002430                _scanf_float
 .text.quorem   0x20002a24      0x1ac c:/isis/application/toolchain/bin/../lib/gcc/arm-none-eabi/4.7.4/../../../../arm-none-eabi/lib\libc_s.a(lib_a-dtoa.o)
 .text._dtoa_r  0x20002bd0     0x1268 c:/isis/application/toolchain/bin/../lib/gcc/arm-none-eabi/4.7.4/../../../../arm-none-eabi/lib\libc_s.a(lib_a-dtoa.o)
                0x20002bd0                _dtoa_r
 .text._localeconv_r
                0x20003e38        0xc c:/isis/application/toolchain/bin/../lib/gcc/arm-none-eabi/4.7.4/../../../../arm-none-eabi/lib\libc_s.a(lib_a-locale.o)
                0x20003e38                _localeconv_r
 .text.malloc   0x20003e44       0x20 c:/isis/application/toolchain/bin/../lib/gcc/arm-none-eabi/4.7.4/../../../../arm-none-eabi/lib\libc_s.a(lib_a-malloc.o)
                0x20003e44                malloc
 .text.free     0x20003e64       0x20 c:/isis/application/toolchain/bin/../lib/gcc/arm-none-eabi/4.7.4/../../../../arm-none-eabi/lib\libc_s.a(lib_a-malloc.o)
                0x20003e64                free
 .text._malloc_r
                0x20003e84       0xfc c:/isis/application/toolchain/bin/../lib/gcc/arm-none-eabi/4.7.4/../../../../arm-none-eabi/lib\libc_s.a(lib_a-mallocr.o)
                0x20003e84                _malloc_r
 .text.memcpy   0x20003f80       0x20 c:/isis/application/toolchain/bin/../lib/gcc/arm-none-eabi/4.7.4/../../../../arm-none-eabi/lib\libc_s.a(lib_a-memcpy.o)
                0x20003f80                memcpy
 .text._Balloc  0x20003fa0       0xcc c:/isis/application/toolchain/bin/../lib/gcc/arm-none-eabi/4.7.4/../../../../arm-none-eabi/lib\libc_s.a(lib_a-mprec.o)
                0x20003fa0                _Balloc
 .text._Bfree   0x2000406c       0x5c c:/isis/application/toolchain/bin/../lib/gcc/arm-none-eabi/4.7.4/../../../../arm-none-eabi/lib\libc_s.a(lib_a-mprec.o)
                0x2000406c                _Bfree
 .text.__multadd
                0x200040c8       0xbc c:/isis/application/toolchain/bin/../lib/gcc/arm-none-eabi/4.7.4/../../../../arm-none-eabi/lib\libc_s.a(lib_a-mprec.o)
                0x200040c8                __multadd
 .text.__s2b    0x20004184       0xd8 c:/isis/application/toolchain/bin/../lib/gcc/arm-none-eabi/4.7.4/../../../../arm-none-eabi/lib\libc_s.a(lib_a-mprec.o)
                0x20004184                __s2b
 .text.__hi0bits
                0x2000425c       0x58 c:/isis/application/toolchain/bin/../lib/gcc/arm-none-eabi/4.7.4/../../../../arm-none-eabi/lib\libc_s.a(lib_a-mprec.o)
                0x2000425c                __hi0bits
 .text.__lo0bits
                0x200042b4       0x94 c:/isis/application/toolchain/bin/../lib/gcc/arm-none-eabi/4.7.4/../../../../arm-none-eabi/lib\libc_s.a(lib_a-mprec.o)
                0x200042b4                __lo0bits
 .text.__i2b    0x20004348       0x24 c:/isis/application/toolchain/bin/../lib/gcc/arm-none-eabi/4.7.4/../../../../arm-none-eabi/lib\libc_s.a(lib_a-mprec.o)
                0x20004348                __i2b
 .text.__multiply
                0x2000436c      0x1ac c:/isis/application/toolchain/bin/../lib/gcc/arm-none-eabi/4.7.4/../../../../arm-none-eabi/lib\libc_s.a(lib_a-mprec.o)
                0x2000436c                __multiply
 .text.__pow5mult
                0x20004518      0x10c c:/isis/application/toolchain/bin/../lib/gcc/arm-none-eabi/4.7.4/../../../../arm-none-eabi/lib\libc_s.a(lib_a-mprec.o)
                0x20004518                __pow5mult
 .text.__lshift
                0x20004624       0xf0 c:/isis/application/toolchain/bin/../lib/gcc/arm-none-eabi/4.7.4/../../../../arm-none-eabi/lib\libc_s.a(lib_a-mprec.o)
                0x20004624                __lshift
 .text.__mcmp   0x20004714       0x60 c:/isis/application/toolchain/bin/../lib/gcc/arm-none-eabi/4.7.4/../../../../arm-none-eabi/lib\libc_s.a(lib_a-mprec.o)
                0x20004714                __mcmp
 .text.__mdiff  0x20004774      0x128 c:/isis/application/toolchain/bin/../lib/gcc/arm-none-eabi/4.7.4/../../../../arm-none-eabi/lib\libc_s.a(lib_a-mprec.o)
                0x20004774                __mdiff
 .text.__ulp    0x2000489c       0x5c c:/isis/application/toolchain/bin/../lib/gcc/arm-none-eabi/4.7.4/../../../../arm-none-eabi/lib\libc_s.a(lib_a-mprec.o)
                0x2000489c                __ulp
 .text.__b2d    0x200048f8       0xc8 c:/isis/application/toolchain/bin/../lib/gcc/arm-none-eabi/4.7.4/../../../../arm-none-eabi/lib\libc_s.a(lib_a-mprec.o)
                0x200048f8                __b2d
 .text.__d2b    0x200049c0       0xfc c:/isis/application/toolchain/bin/../lib/gcc/arm-none-eabi/4.7.4/../../../../arm-none-eabi/lib\libc_s.a(lib_a-mprec.o)
                0x200049c0                __d2b
 .text.__ratio  0x20004abc       0x70 c:/isis/application/toolchain/bin/../lib/gcc/arm-none-eabi/4.7.4/../../../../arm-none-eabi/lib\libc_s.a(lib_a-mprec.o)
                0x20004abc                __ratio
 .text.__copybits
                0x20004b2c       0x4c c:/isis/application/toolchain/bin/../lib/gcc/arm-none-eabi/4.7.4/../../../../arm-none-eabi/lib\libc_s.a(lib_a-mprec.o)
                0x20004b2c                __copybits
 .text.__any_on
                0x20004b78       0x7c c:/isis/application/toolchain/bin/../lib/gcc/arm-none-eabi/4.7.4/../../../../arm-none-eabi/lib\libc_s.a(lib_a-mprec.o)
                0x20004b78                __any_on
 .text.__fpclassifyd
                0x20004bf4       0x6c c:/isis/application/toolchain/bin/../lib/gcc/arm-none-eabi/4.7.4/../../../../arm-none-eabi/lib\libc_s.a(lib_a-s_fpclassify.o)
                0x20004bf4                __fpclassifyd
 .text._sbrk_r  0x20004c60       0x3c c:/isis/application/toolchain/bin/../lib/gcc/arm-none-eabi/4.7.4/../../../../arm-none-eabi/lib\libc_s.a(lib_a-sbrkr.o)
                0x20004c60                _sbrk_r
 .text.nanf     0x20004c9c        0xc c:/isis/application/toolchain/bin/../lib/gcc/arm-none-eabi/4.7.4/../../../../arm-none-eabi/lib\libc_s.a(lib_a-sf_nan.o)
                0x20004c9c                nanf
 .text.sprintf  0x20004ca8       0x6c c:/isis/application/toolchain/bin/../lib/gcc/arm-none-eabi/4.7.4/../../../../arm-none-eabi/lib\libc_s.a(lib_a-sprintf.o)
                0x20004ca8                siprintf
                0x20004ca8                sprintf
 .text.strcmp   0x20004d14       0x1c c:/isis/application/toolchain/bin/../lib/gcc/arm-none-eabi/4.7.4/../../../../arm-none-eabi/lib\libc_s.a(lib_a-strcmp.o)
                0x20004d14                strcmp
 .text.strlen   0x20004d30       0x1c c:/isis/application/toolchain/bin/../lib/gcc/arm-none-eabi/4.7.4/../../../../arm-none-eabi/lib\libc_s.a(lib_a-strlen.o)
                0x20004d30                strlen
 .text.match    0x20004d4c       0x54 c:/isis/application/toolchain/bin/../lib/gcc/arm-none-eabi/4.7.4/../../../../arm-none-eabi/lib\libc_s.a(lib_a-strtod.o)
 .text._strtod_r
                0x20004da0     0x1168 c:/isis/application/toolchain/bin/../lib/gcc/arm-none-eabi/4.7.4/../../../../arm-none-eabi/lib\libc_s.a(lib_a-strtod.o)
                0x20004da0                _strtod_r
 .text._strtol_r
                0x20005f08      0x1b8 c:/isis/application/toolchain/bin/../lib/gcc/arm-none-eabi/4.7.4/../../../../arm-none-eabi/lib\libc_s.a(lib_a-strtol.o)
                0x20005f08                _strtol_r
 .text.__ssputc_r
                0x200060c0      0x10c c:/isis/application/toolchain/bin/../lib/gcc/arm-none-eabi/4.7.4/../../../../arm-none-eabi/lib\libc_s.a(lib_a-svfprintf.o)
                0x200060c0                __ssputc_r
 .text._svfprintf_r
                0x200061cc      0x328 c:/isis/application/toolchain/bin/../lib/gcc/arm-none-eabi/4.7.4/../../../../arm-none-eabi/lib\libc_s.a(lib_a-svfprintf.o)
                0x200061cc                _svfiprintf_r
                0x200061cc                _svfprintf_r
 .text._calloc_r
                0x200064f4       0x2c c:/isis/application/toolchain/bin/../lib/gcc/arm-none-eabi/4.7.4/../../../../arm-none-eabi/lib\libc_s.a(lib_a-callocr.o)
                0x200064f4                _calloc_r
 .text._free_r  0x20006520      0x108 c:/isis/application/toolchain/bin/../lib/gcc/arm-none-eabi/4.7.4/../../../../arm-none-eabi/lib\libc_s.a(lib_a-freer.o)
                0x20006520                _free_r
 .text.rshift   0x20006628       0xb0 c:/isis/application/toolchain/bin/../lib/gcc/arm-none-eabi/4.7.4/../../../../arm-none-eabi/lib\libc_s.a(lib_a-gdtoa-gethex.o)
 .text.htinit.constprop.0
                0x200066d8       0x34 c:/isis/application/toolchain/bin/../lib/gcc/arm-none-eabi/4.7.4/../../../../arm-none-eabi/lib\libc_s.a(lib_a-gdtoa-gethex.o)
 .text.__hexdig_init
                0x2000670c       0x38 c:/isis/application/toolchain/bin/../lib/gcc/arm-none-eabi/4.7.4/../../../../arm-none-eabi/lib\libc_s.a(lib_a-gdtoa-gethex.o)
                0x2000670c                __hexdig_init
 .text.__gethex
                0x20006744      0x6cc c:/isis/application/toolchain/bin/../lib/gcc/arm-none-eabi/4.7.4/../../../../arm-none-eabi/lib\libc_s.a(lib_a-gdtoa-gethex.o)
                0x20006744                __gethex
 .text.L_shift  0x20006e10       0x38 c:/isis/application/toolchain/bin/../lib/gcc/arm-none-eabi/4.7.4/../../../../arm-none-eabi/lib\libc_s.a(lib_a-gdtoa-hexnan.o)
 .text.__hexnan
                0x20006e48      0x1d8 c:/isis/application/toolchain/bin/../lib/gcc/arm-none-eabi/4.7.4/../../../../arm-none-eabi/lib\libc_s.a(lib_a-gdtoa-hexnan.o)
                0x20006e48                __hexnan
 .text.memchr   0x20007020       0x34 c:/isis/application/toolchain/bin/../lib/gcc/arm-none-eabi/4.7.4/../../../../arm-none-eabi/lib\libc_s.a(lib_a-memchr.o)
                0x20007020                memchr
 .text.memset   0x20007054       0x1c c:/isis/application/toolchain/bin/../lib/gcc/arm-none-eabi/4.7.4/../../../../arm-none-eabi/lib\libc_s.a(lib_a-memset.o)
                0x20007054                memset
 .text._realloc_r
                0x20007070       0x80 c:/isis/application/toolchain/bin/../lib/gcc/arm-none-eabi/4.7.4/../../../../arm-none-eabi/lib\libc_s.a(lib_a-reallocr.o)
                0x20007070                _realloc_r
 .text.strncmp  0x200070f0       0x64 c:/isis/application/toolchain/bin/../lib/gcc/arm-none-eabi/4.7.4/../../../../arm-none-eabi/lib\libc_s.a(lib_a-strncmp.o)
                0x200070f0                strncmp
 .text._malloc_usable_size_r
                0x20007154       0x1c c:/isis/application/toolchain/bin/../lib/gcc/arm-none-eabi/4.7.4/../../../../arm-none-eabi/lib\libc_s.a(lib_a-msizer.o)
                0x20007154                _malloc_usable_size_r
 .text.cmd_error
                0x20007170       0x38 ./src/sub-systemCode/Main/CMD/COMM_CMD.o
                0x20007170                cmd_error
 .text.cmd_mute
                0x200071a8       0xc4 ./src/sub-systemCode/Main/CMD/COMM_CMD.o
                0x200071a8                cmd_mute
 .text.cmd_unmute
                0x2000726c       0x4c ./src/sub-systemCode/Main/CMD/COMM_CMD.o
                0x2000726c                cmd_unmute
 .text.cmd_active_trans
                0x200072b8       0xc0 ./src/sub-systemCode/Main/CMD/COMM_CMD.o
                0x200072b8                cmd_active_trans
 .text.cmd_shut_trans
                0x20007378       0x38 ./src/sub-systemCode/Main/CMD/COMM_CMD.o
                0x20007378                cmd_shut_trans
 .text.cmd_change_trans_rssi
                0x200073b0       0xb8 ./src/sub-systemCode/Main/CMD/COMM_CMD.o
                0x200073b0                cmd_change_trans_rssi
 .text.cmd_aprs_dump
                0x20007468       0x50 ./src/sub-systemCode/Main/CMD/COMM_CMD.o
                0x20007468                cmd_aprs_dump
 .text.cmd_stop_dump
                0x200074b8       0x38 ./src/sub-systemCode/Main/CMD/COMM_CMD.o
                0x200074b8                cmd_stop_dump
 .text.cmd_time_frequency
                0x200074f0       0xc0 ./src/sub-systemCode/Main/CMD/COMM_CMD.o
                0x200074f0                cmd_time_frequency
 .text.cmd_upload_volt_logic
                0x200075b0      0x3d0 ./src/sub-systemCode/Main/CMD/EPS_CMD.o
                0x200075b0                cmd_upload_volt_logic
 .text.cmd_upload_volt_COMM
                0x20007980      0x1c8 ./src/sub-systemCode/Main/CMD/EPS_CMD.o
                0x20007980                cmd_upload_volt_COMM
 .text.cmd_heater_temp
                0x20007b48       0xc0 ./src/sub-systemCode/Main/CMD/EPS_CMD.o
                0x20007b48                cmd_heater_temp
 .text.cmd_SHUT_CAM
                0x20007c08       0x6c ./src/sub-systemCode/Main/CMD/EPS_CMD.o
                0x20007c08                cmd_SHUT_CAM
 .text.cmd_SHUT_ADCS
                0x20007c74       0x6c ./src/sub-systemCode/Main/CMD/EPS_CMD.o
                0x20007c74                cmd_SHUT_ADCS
 .text.cmd_allow_CAM
                0x20007ce0       0x6c ./src/sub-systemCode/Main/CMD/EPS_CMD.o
                0x20007ce0                cmd_allow_CAM
 .text.cmd_allow_ADCS
                0x20007d4c       0x6c ./src/sub-systemCode/Main/CMD/EPS_CMD.o
                0x20007d4c                cmd_allow_ADCS
 .text.cmd_generic_I2C
                0x20007db8       0xb4 ./src/sub-systemCode/Main/CMD/General_CMD.o
                0x20007db8                cmd_generic_I2C
 .text.cmd_dump
                0x20007e6c       0xf0 ./src/sub-systemCode/Main/CMD/General_CMD.o
                0x20007e6c                cmd_dump
 .text.cmd_delete_TM
                0x20007f5c      0x1dc ./src/sub-systemCode/Main/CMD/General_CMD.o
                0x20007f5c                cmd_delete_TM
 .text.cmd_reset_file
                0x20008138      0x110 ./src/sub-systemCode/Main/CMD/General_CMD.o
                0x20008138                cmd_reset_file
 .text.cmd_dummy_func
                0x20008248       0x40 ./src/sub-systemCode/Main/CMD/General_CMD.o
                0x20008248                cmd_dummy_func
 .text.cmd_soft_reset_cmponent
                0x20008288       0xb0 ./src/sub-systemCode/Main/CMD/General_CMD.o
                0x20008288                cmd_soft_reset_cmponent
 .text.cmd_hard_reset_cmponent
                0x20008338       0xb0 ./src/sub-systemCode/Main/CMD/General_CMD.o
                0x20008338                cmd_hard_reset_cmponent
 .text.cmd_reset_satellite
                0x200083e8       0x78 ./src/sub-systemCode/Main/CMD/General_CMD.o
                0x200083e8                cmd_reset_satellite
 .text.cmd_gracefull_reset_satellite
                0x20008460       0x78 ./src/sub-systemCode/Main/CMD/General_CMD.o
                0x20008460                cmd_gracefull_reset_satellite
 .text.cmd_upload_time
                0x200084d8       0xb0 ./src/sub-systemCode/Main/CMD/General_CMD.o
                0x200084d8                cmd_upload_time
 .text.cmd_ARM_DIARM
                0x20008588       0xd4 ./src/sub-systemCode/Main/CMD/General_CMD.o
                0x20008588                cmd_ARM_DIARM
 .text.cmd_reset_delayed_command_list
                0x2000865c       0x3c ./src/sub-systemCode/Main/CMD/SW_CMD.o
                0x2000865c                cmd_reset_delayed_command_list
 .text.cmd_reset_APRS_list
                0x20008698       0x3c ./src/sub-systemCode/Main/CMD/SW_CMD.o
                0x20008698                cmd_reset_APRS_list
 .text.cmd_reset_FRAM
                0x200086d4       0xe8 ./src/sub-systemCode/Main/CMD/SW_CMD.o
                0x200086d4                cmd_reset_FRAM
 .text.ARM_ants
                0x200087bc       0xb8 ./src/sub-systemCode/Main/Ants.o
                0x200087bc                ARM_ants
 .text.DISARM_ants
                0x20008874       0xb8 ./src/sub-systemCode/Main/Ants.o
                0x20008874                DISARM_ants
 .text.round_vol
                0x2000892c      0x124 ./src/sub-systemCode/Main/EPS.o
                0x2000892c                round_vol
 .text.get_shut_ADCS
                0x20008a50       0x48 ./src/sub-systemCode/Main/EPS.o
                0x20008a50                get_shut_ADCS
 .text.shut_ADCS
                0x20008a98       0x44 ./src/sub-systemCode/Main/EPS.o
                0x20008a98                shut_ADCS
 .text.get_shut_CAM
                0x20008adc       0x48 ./src/sub-systemCode/Main/EPS.o
                0x20008adc                get_shut_CAM
 .text.shut_CAM
                0x20008b24       0x44 ./src/sub-systemCode/Main/EPS.o
                0x20008b24                shut_CAM
 .text.update_powerLines
                0x20008b68       0xec ./src/sub-systemCode/Main/EPS.o
                0x20008b68                update_powerLines
 .text.init_enterMode
                0x20008c54       0x88 ./src/sub-systemCode/Main/EPS.o
                0x20008c54                init_enterMode
 .text.EPS_Init
                0x20008cdc      0x1c8 ./src/sub-systemCode/Main/EPS.o
                0x20008cdc                EPS_Init
 .text.reset_FRAM_EPS
                0x20008ea4       0xa4 ./src/sub-systemCode/Main/EPS.o
                0x20008ea4                reset_FRAM_EPS
 .text.reset_EPS_voltages
                0x20008f48       0xbc ./src/sub-systemCode/Main/EPS.o
                0x20008f48                reset_EPS_voltages
 .text.battery_downward
                0x20009004      0x114 ./src/sub-systemCode/Main/EPS.o
                0x20009004                battery_downward
 .text.battery_upward
                0x20009118      0x120 ./src/sub-systemCode/Main/EPS.o
                0x20009118                battery_upward
 .text.EPS_Conditioning
                0x20009238      0x1a4 ./src/sub-systemCode/Main/EPS.o
                0x20009238                EPS_Conditioning
 .text.overRide_ADCS
                0x200093dc       0x50 ./src/sub-systemCode/Main/EPS.o
                0x200093dc                overRide_ADCS
 .text.overRide_Camera
                0x2000942c       0x38 ./src/sub-systemCode/Main/EPS.o
                0x2000942c                overRide_Camera
 .text.EnterFullMode
                0x20009464       0xfc ./src/sub-systemCode/Main/EPS.o
                0x20009464                EnterFullMode
 .text.EnterCruiseMode
                0x20009560       0xec ./src/sub-systemCode/Main/EPS.o
                0x20009560                EnterCruiseMode
 .text.EnterSafeMode
                0x2000964c       0xec ./src/sub-systemCode/Main/EPS.o
                0x2000964c                EnterSafeMode
 .text.EnterCriticalMode
                0x20009738       0xd8 ./src/sub-systemCode/Main/EPS.o
                0x20009738                EnterCriticalMode
 .text.find_fileName
                0x20009810      0x588 ./src/sub-systemCode/Main/HouseKeeping.o
                0x20009810                find_fileName
 .text.size_of_element
                0x20009d98       0xd4 ./src/sub-systemCode/Main/HouseKeeping.o
                0x20009d98                size_of_element
 .text.save_ACK
                0x20009e6c       0xa0 ./src/sub-systemCode/Main/HouseKeeping.o
                0x20009e6c                save_ACK
 .text.set_GP_EPS
                0x20009f0c      0x10c ./src/sub-systemCode/Main/HouseKeeping.o
                0x20009f0c                set_GP_EPS
 .text.set_GP_COMM
                0x2000a018       0x88 ./src/sub-systemCode/Main/HouseKeeping.o
                0x2000a018                set_GP_COMM
 .text.SP_HK_collect
                0x2000a0a0      0x17c ./src/sub-systemCode/Main/HouseKeeping.o
                0x2000a0a0                SP_HK_collect
 .text.EPS_HK_collect
                0x2000a21c      0x4d8 ./src/sub-systemCode/Main/HouseKeeping.o
                0x2000a21c                EPS_HK_collect
 .text.CAM_HK_collect
                0x2000a6f4      0x91c ./src/sub-systemCode/Main/HouseKeeping.o
                0x2000a6f4                CAM_HK_collect
 .text.COMM_HK_collect
                0x2000b010      0x154 ./src/sub-systemCode/Main/HouseKeeping.o
                0x2000b010                COMM_HK_collect
 .text.COMM_create_file
                0x2000b164       0x74 ./src/sub-systemCode/Main/HouseKeeping.o
                0x2000b164                COMM_create_file
 .text.ACK_create_file
                0x2000b1d8       0x74 ./src/sub-systemCode/Main/HouseKeeping.o
                0x2000b1d8                ACK_create_file
 .text.EPS_create_file
                0x2000b24c       0x74 ./src/sub-systemCode/Main/HouseKeeping.o
                0x2000b24c                EPS_create_file
 .text.CAM_create_file
                0x2000b2c0       0x54 ./src/sub-systemCode/Main/HouseKeeping.o
                0x2000b2c0                CAM_create_file
 .text.SP_create_file
                0x2000b314       0x54 ./src/sub-systemCode/Main/HouseKeeping.o
                0x2000b314                SP_create_file
 .text.create_files
                0x2000b368       0x48 ./src/sub-systemCode/Main/HouseKeeping.o
                0x2000b368                create_files
 .text.save_SP_HK
                0x2000b3b0       0x70 ./src/sub-systemCode/Main/HouseKeeping.o
                0x2000b3b0                save_SP_HK
 .text.save_EPS_HK
                0x2000b420       0x70 ./src/sub-systemCode/Main/HouseKeeping.o
                0x2000b420                save_EPS_HK
 .text.save_CAM_HK
                0x2000b490       0x70 ./src/sub-systemCode/Main/HouseKeeping.o
                0x2000b490                save_CAM_HK
 .text.save_COMM_HK
                0x2000b500       0x70 ./src/sub-systemCode/Main/HouseKeeping.o
                0x2000b500                save_COMM_HK
 .text.EPS_HK_raw_BigEnE
                0x2000b570      0x194 ./src/sub-systemCode/Main/HouseKeeping.o
                0x2000b570                EPS_HK_raw_BigEnE
 .text.CAM_HK_raw_BigEnE
                0x2000b704      0x194 ./src/sub-systemCode/Main/HouseKeeping.o
                0x2000b704                CAM_HK_raw_BigEnE
 .text.COMM_HK_raw_BigEnE
                0x2000b898      0x194 ./src/sub-systemCode/Main/HouseKeeping.o
                0x2000b898                COMM_HK_raw_BigEnE
 .text.ADCS_HK_raw_BigEnE
                0x2000ba2c      0x194 ./src/sub-systemCode/Main/HouseKeeping.o
                0x2000ba2c                ADCS_HK_raw_BigEnE
 .text.ADCS_SC_raw_BigEnE
                0x2000bbc0      0x188 ./src/sub-systemCode/Main/HouseKeeping.o
                0x2000bbc0                ADCS_SC_raw_BigEnE
 .text.build_HK_spl_packet
                0x2000bd48      0x970 ./src/sub-systemCode/Main/HouseKeeping.o
                0x2000bd48                build_HK_spl_packet
 .text.HouseKeeping_highRate_Task
                0x2000c6b8       0x60 ./src/sub-systemCode/Main/HouseKeeping.o
                0x2000c6b8                HouseKeeping_highRate_Task
 .text.HouseKeeping_lowRate_Task
                0x2000c718       0x5c ./src/sub-systemCode/Main/HouseKeeping.o
                0x2000c718                HouseKeeping_lowRate_Task
 .text.test_menu
                0x2000c774       0xd8 ./src/sub-systemCode/Main/Main_Init.o
                0x2000c774                test_menu
 .text.numberOfRestarts
                0x2000c84c       0x94 ./src/sub-systemCode/Main/Main_Init.o
                0x2000c84c                numberOfRestarts
 .text.StartFRAM
                0x2000c8e0       0x38 ./src/sub-systemCode/Main/Main_Init.o
                0x2000c8e0                StartFRAM
 .text.StartI2C
                0x2000c918       0x44 ./src/sub-systemCode/Main/Main_Init.o
                0x2000c918                StartI2C
 .text.StartSPI
                0x2000c95c       0x40 ./src/sub-systemCode/Main/Main_Init.o
                0x2000c95c                StartSPI
 .text.StartTIME
                0x2000c99c      0x118 ./src/sub-systemCode/Main/Main_Init.o
                0x2000c99c                StartTIME
 .text.first_activation
                0x2000cab4       0x78 ./src/sub-systemCode/Main/Main_Init.o
                0x2000cab4                first_activation
 .text.InitSubsystems
                0x2000cb2c       0x64 ./src/sub-systemCode/Main/Main_Init.o
                0x2000cb2c                InitSubsystems
 .text.SubSystemTaskStart
                0x2000cb90       0xe8 ./src/sub-systemCode/Main/Main_Init.o
                0x2000cb90                SubSystemTaskStart
 .text.copy_command
                0x2000cc78       0x80 ./src/sub-systemCode/Main/commands.o
                0x2000cc78                copy_command
 .text.reset_command
                0x2000ccf8       0x28 ./src/sub-systemCode/Main/commands.o
                0x2000ccf8                reset_command
 .text.init_command
                0x2000cd20       0xd4 ./src/sub-systemCode/Main/commands.o
                0x2000cd20                init_command
 .text.add_command
                0x2000cdf4      0x138 ./src/sub-systemCode/Main/commands.o
                0x2000cdf4                add_command
 .text.get_command
                0x2000cf2c      0x1cc ./src/sub-systemCode/Main/commands.o
                0x2000cf2c                get_command
 .text.act_upon_command
                0x2000d0f8      0x200 ./src/sub-systemCode/Main/commands.o
                0x2000d0f8                act_upon_command
 .text.AUC_COMM
                0x2000d2f8      0x200 ./src/sub-systemCode/Main/commands.o
                0x2000d2f8                AUC_COMM
 .text.AUC_general
                0x2000d4f8      0x17c ./src/sub-systemCode/Main/commands.o
                0x2000d4f8                AUC_general
 .text.AUC_payload
                0x2000d674      0x110 ./src/sub-systemCode/Main/commands.o
                0x2000d674                AUC_payload
 .text.AUC_EPS  0x2000d784      0x248 ./src/sub-systemCode/Main/commands.o
                0x2000d784                AUC_EPS
 .text.AUC_ADCS
                0x2000d9cc       0x5c ./src/sub-systemCode/Main/commands.o
                0x2000d9cc                AUC_ADCS
 .text.AUC_GS   0x2000da28      0x1fc ./src/sub-systemCode/Main/commands.o
                0x2000da28                AUC_GS
 .text.AUC_SW   0x2000dc24       0xe4 ./src/sub-systemCode/Main/commands.o
                0x2000dc24                AUC_SW
 .text.AUC_special_operation
                0x2000dd08       0x8c ./src/sub-systemCode/Main/commands.o
                0x2000dd08                AUC_special_operation
 .text.check_int
                0x2000dd94       0x3c ./src/sub-systemCode/Global/Global.o
                0x2000dd94                check_int
 .text.check_portBASE_TYPE
                0x2000ddd0       0x3c ./src/sub-systemCode/Global/Global.o
                0x2000ddd0                check_portBASE_TYPE
 .text.soft_reset_subsystem
                0x2000de0c       0xd8 ./src/sub-systemCode/Global/Global.o
                0x2000de0c                soft_reset_subsystem
 .text.hard_reset_subsystem
                0x2000dee4       0xfc ./src/sub-systemCode/Global/Global.o
                0x2000dee4                hard_reset_subsystem
 .text.BigEnE_raw_to_uInt
                0x2000dfe0       0x94 ./src/sub-systemCode/Global/Global.o
                0x2000dfe0                BigEnE_raw_to_uInt
 .text.BigEnE_raw_to_uShort
                0x2000e074       0x50 ./src/sub-systemCode/Global/Global.o
                0x2000e074                BigEnE_raw_to_uShort
 .text.BigEnE_uInt_to_raw
                0x2000e0c4       0x78 ./src/sub-systemCode/Global/Global.o
                0x2000e0c4                BigEnE_uInt_to_raw
 .text.reset_FRAM_MAIN
                0x2000e13c      0x19c ./src/sub-systemCode/Global/Global.o
                0x2000e13c                reset_FRAM_MAIN
 .text.init_GP  0x2000e2d8      0x300 ./src/sub-systemCode/Global/GlobalParam.o
                0x2000e2d8                init_GP
 .text.get_system_state
                0x2000e5d8      0x268 ./src/sub-systemCode/Global/GlobalParam.o
                0x2000e5d8                get_system_state
 .text.set_system_state
                0x2000e840      0x298 ./src/sub-systemCode/Global/GlobalParam.o
                0x2000e840                set_system_state
 .text.get_current_global_param
                0x2000ead8      0x5c8 ./src/sub-systemCode/Global/GlobalParam.o
                0x2000ead8                get_current_global_param
 .text.set_Vbatt
                0x2000f0a0       0x8c ./src/sub-systemCode/Global/GlobalParam.o
                0x2000f0a0                set_Vbatt
 .text.get_Vbatt
                0x2000f12c       0x8c ./src/sub-systemCode/Global/GlobalParam.o
                0x2000f12c                get_Vbatt
 .text.set_curBat
                0x2000f1b8       0x8c ./src/sub-systemCode/Global/GlobalParam.o
                0x2000f1b8                set_curBat
 .text.set_cur3V3
                0x2000f244       0x8c ./src/sub-systemCode/Global/GlobalParam.o
                0x2000f244                set_cur3V3
 .text.set_cur5V
                0x2000f2d0       0x8c ./src/sub-systemCode/Global/GlobalParam.o
                0x2000f2d0                set_cur5V
 .text.set_tempComm_LO
                0x2000f35c       0x8c ./src/sub-systemCode/Global/GlobalParam.o
                0x2000f35c                set_tempComm_LO
 .text.set_tempComm_PA
                0x2000f3e8       0x8c ./src/sub-systemCode/Global/GlobalParam.o
                0x2000f3e8                set_tempComm_PA
 .text.set_tempEPS
                0x2000f474       0xc8 ./src/sub-systemCode/Global/GlobalParam.o
                0x2000f474                set_tempEPS
 .text.set_tempBatt
                0x2000f53c       0xc8 ./src/sub-systemCode/Global/GlobalParam.o
                0x2000f53c                set_tempBatt
 .text.set_RxDoppler
                0x2000f604       0x8c ./src/sub-systemCode/Global/GlobalParam.o
                0x2000f604                set_RxDoppler
 .text.set_RxRSSI
                0x2000f690       0x8c ./src/sub-systemCode/Global/GlobalParam.o
                0x2000f690                set_RxRSSI
 .text.set_TxRefl
                0x2000f71c       0x8c ./src/sub-systemCode/Global/GlobalParam.o
                0x2000f71c                set_TxRefl
 .text.set_TxForw
                0x2000f7a8       0x8c ./src/sub-systemCode/Global/GlobalParam.o
                0x2000f7a8                set_TxForw
 .text.get_ST   0x2000f834       0x8c ./src/sub-systemCode/Global/GlobalParam.o
                0x2000f834                get_ST
 .text.set_numOfAPRS
                0x2000f8c0       0x8c ./src/sub-systemCode/Global/GlobalParam.o
                0x2000f8c0                set_numOfAPRS
 .text.set_numOfDelayedCommand
                0x2000f94c       0x8c ./src/sub-systemCode/Global/GlobalParam.o
                0x2000f94c                set_numOfDelayedCommand
 .text.set_numOfResets
                0x2000f9d8       0xac ./src/sub-systemCode/Global/GlobalParam.o
                0x2000f9d8                set_numOfResets
 .text.set_ground_conn
                0x2000fa84       0xa0 ./src/sub-systemCode/Global/GlobalParam.o
                0x2000fa84                set_ground_conn
 .text.get_ground_conn
                0x2000fb24       0xa0 ./src/sub-systemCode/Global/GlobalParam.o
                0x2000fb24                get_ground_conn
 .text.delete_allTMFilesFromSD
                0x2000fbc4       0xf8 ./src/sub-systemCode/Global/TM_managment.o
                0x2000fbc4                delete_allTMFilesFromSD
 .text.getNumOfFilesInFS
                0x2000fcbc       0x44 ./src/sub-systemCode/Global/TM_managment.o
 .text.setNumOfFilesInFS
                0x2000fd00       0x50 ./src/sub-systemCode/Global/TM_managment.o
 .text.InitializeFS
                0x2000fd50      0x174 ./src/sub-systemCode/Global/TM_managment.o
                0x2000fd50                InitializeFS
 .text.c_fileCreate
                0x2000fec4       0xf4 ./src/sub-systemCode/Global/TM_managment.o
                0x2000fec4                c_fileCreate
 .text.writewithEpochtime
                0x20010060       0x9c ./src/sub-systemCode/Global/TM_managment.o
 .text.get_C_FILE_struct
                0x200100fc      0x104 ./src/sub-systemCode/Global/TM_managment.o
 .text.getFileIndex
                0x20010200       0x4c ./src/sub-systemCode/Global/TM_managment.o
 .text.get_file_name_by_index
                0x2001024c       0x54 ./src/sub-systemCode/Global/TM_managment.o
                0x2001024c                get_file_name_by_index
 .text.c_fileReset
                0x200102a0       0xbc ./src/sub-systemCode/Global/TM_managment.o
                0x200102a0                c_fileReset
 .text.c_fileWrite
                0x2001035c      0x11c ./src/sub-systemCode/Global/TM_managment.o
                0x2001035c                c_fileWrite
 .text.c_fileRead
                0x20010478      0x28c ./src/sub-systemCode/Global/TM_managment.o
                0x20010478                c_fileRead
 .text.reset_APRS_list
                0x20010704       0xa4 ./src/sub-systemCode/COMM/APRS.o
                0x20010704                reset_APRS_list
 .text.send_APRS_Dump
                0x200107a8      0x1c4 ./src/sub-systemCode/COMM/APRS.o
                0x200107a8                send_APRS_Dump
 .text.check_APRS
                0x2001096c      0x1a4 ./src/sub-systemCode/COMM/APRS.o
                0x2001096c                check_APRS
 .text.get_APRS_list
                0x20010b10       0x88 ./src/sub-systemCode/COMM/APRS.o
                0x20010b10                get_APRS_list
 .text.find_CMD_in_list
                0x20010b98       0x7c ./src/sub-systemCode/COMM/DelayedCommand_list.o
                0x20010b98                find_CMD_in_list
 .text.find_empty_in_list
                0x20010c14       0x74 ./src/sub-systemCode/COMM/DelayedCommand_list.o
                0x20010c14                find_empty_in_list
 .text.check_delayCommandTime
                0x20010c88       0x8c ./src/sub-systemCode/COMM/DelayedCommand_list.o
                0x20010c88                check_delayCommandTime
 .text.execute_delayedCommand
                0x20010d14       0x64 ./src/sub-systemCode/COMM/DelayedCommand_list.o
                0x20010d14                execute_delayedCommand
 .text.check_delaycommand
                0x20010d78      0x17c ./src/sub-systemCode/COMM/DelayedCommand_list.o
                0x20010d78                check_delaycommand
 .text.reset_delayCommand
                0x20010ef4       0x8c ./src/sub-systemCode/COMM/DelayedCommand_list.o
                0x20010ef4                reset_delayCommand
 .text.add_delayCommand
                0x20010f80      0x1a4 ./src/sub-systemCode/COMM/DelayedCommand_list.o
                0x20010f80                add_delayCommand
 .text.get_delayCommand_list
                0x20011124       0x80 ./src/sub-systemCode/COMM/DelayedCommand_list.o
                0x20011124                get_delayCommand_list
 .text.EmptyOldestCommand
                0x200111a4       0xfc ./src/sub-systemCode/COMM/DelayedCommand_list.o
                0x200111a4                EmptyOldestCommand
 .text.decode_TCpacket
                0x200112a0      0x16c ./src/sub-systemCode/COMM/GSC.o
                0x200112a0                decode_TCpacket
 .text.encode_TCpacket
                0x2001140c      0x114 ./src/sub-systemCode/COMM/GSC.o
                0x2001140c                encode_TCpacket
 .text.encode_TMpacket
                0x20011520      0x104 ./src/sub-systemCode/COMM/GSC.o
                0x20011520                encode_TMpacket
 .text.build_raw_ACK
                0x20011624       0xbc ./src/sub-systemCode/COMM/GSC.o
                0x20011624                build_raw_ACK
 .text.build_data_field_ACK
                0x200116e0       0x74 ./src/sub-systemCode/COMM/GSC.o
                0x200116e0                build_data_field_ACK
 .text.init_trxvu
                0x20011754      0x134 ./src/sub-systemCode/COMM/TRXVU.o
                0x20011754                init_trxvu
 .text.TRXVU_task
                0x20011888      0x18c ./src/sub-systemCode/COMM/TRXVU.o
                0x20011888                TRXVU_task
 .text.dump_logic
                0x20011a14      0x2ec ./src/sub-systemCode/COMM/TRXVU.o
                0x20011a14                dump_logic
 .text.Dump_task
                0x20011d00      0x16c ./src/sub-systemCode/COMM/TRXVU.o
                0x20011d00                Dump_task
 .text.transponder_logic
                0x20011e6c       0xbc ./src/sub-systemCode/COMM/TRXVU.o
                0x20011e6c                transponder_logic
 .text.Transponder_task
                0x20011f28      0x1e0 ./src/sub-systemCode/COMM/TRXVU.o
                0x20011f28                Transponder_task
 .text.lookForRequestToDelete_transponder
                0x20012108       0xac ./src/sub-systemCode/COMM/TRXVU.o
                0x20012108                lookForRequestToDelete_transponder
 .text.lookForRequestToDelete_dump
                0x200121b4       0x7c ./src/sub-systemCode/COMM/TRXVU.o
                0x200121b4                lookForRequestToDelete_dump
 .text.sendRequestToStop_dump
                0x20012230       0x8c ./src/sub-systemCode/COMM/TRXVU.o
                0x20012230                sendRequestToStop_dump
 .text.sendRequestToStop_transponder
                0x200122bc       0x98 ./src/sub-systemCode/COMM/TRXVU.o
                0x200122bc                sendRequestToStop_transponder
 .text.Rx_logic
                0x20012354      0x188 ./src/sub-systemCode/COMM/TRXVU.o
                0x20012354                Rx_logic
 .text.pass_above_Ground
                0x200124dc      0x104 ./src/sub-systemCode/COMM/TRXVU.o
                0x200124dc                pass_above_Ground
 .text.trxvu_logic
                0x200125e0       0x1c ./src/sub-systemCode/COMM/TRXVU.o
                0x200125e0                trxvu_logic
 .text.Beacon_task
                0x200125fc      0x1d8 ./src/sub-systemCode/COMM/TRXVU.o
                0x200125fc                Beacon_task
 .text.buildAndSend_beacon
                0x200127d4      0x614 ./src/sub-systemCode/COMM/TRXVU.o
                0x200127d4                buildAndSend_beacon
 .text.reset_FRAM_TRXVU
                0x20012de8       0xc0 ./src/sub-systemCode/COMM/TRXVU.o
                0x20012de8                reset_FRAM_TRXVU
 .text.TRX_sendFrame
                0x20012ea8      0x23c ./src/sub-systemCode/COMM/TRXVU.o
                0x20012ea8                TRX_sendFrame
 .text.TRX_getFrameData
                0x200130e4      0x128 ./src/sub-systemCode/COMM/TRXVU.o
                0x200130e4                TRX_getFrameData
 .text.mute_Tx  0x2001320c       0x20 ./src/sub-systemCode/COMM/TRXVU.o
                0x2001320c                mute_Tx
 .text.unmute_Tx
                0x2001322c       0x54 ./src/sub-systemCode/COMM/TRXVU.o
                0x2001322c                unmute_Tx
 .text.check_time_off_mute
                0x20013280       0x74 ./src/sub-systemCode/COMM/TRXVU.o
                0x20013280                check_time_off_mute
 .text.set_mute_time
                0x200132f4       0xb4 ./src/sub-systemCode/COMM/TRXVU.o
                0x200132f4                set_mute_time
 .text.change_TRXVU_state
                0x200133a8       0x98 ./src/sub-systemCode/COMM/TRXVU.o
                0x200133a8                change_TRXVU_state
 .text.change_trans_RSSI
                0x20013440       0x60 ./src/sub-systemCode/COMM/TRXVU.o
                0x20013440                change_trans_RSSI
 .text.init_adcs
                0x200134a0      0x104 ./src/sub-systemCode/ADCS/ADCS.o
                0x200134a0                init_adcs
 .text.telemtryStart
                0x200135a4      0x16c ./src/sub-systemCode/ADCS/Stage_Table.o
                0x200135a4                telemtryStart
 .text.powerStart
                0x20013710       0x5c ./src/sub-systemCode/ADCS/Stage_Table.o
                0x20013710                powerStart
 .text.createTable
                0x2001376c       0xb4 ./src/sub-systemCode/ADCS/Stage_Table.o
                0x2001376c                createTable
 .text.buildControlMode
                0x20013820       0x60 ./src/sub-systemCode/ADCS/Stage_Table.o
                0x20013820                buildControlMode
 .text.Check_Table
                0x20013880      0x178 ./src/sub-systemCode/ADCS/Stage_Table.o
                0x20013880                Check_Table
 .text.updateTable
                0x200139f8      0x1f0 ./src/sub-systemCode/ADCS/Stage_Table.o
                0x200139f8                updateTable
 .text.translateCommandFULL
                0x20013be8       0x78 ./src/sub-systemCode/ADCS/Stage_Table.o
                0x20013be8                translateCommandFULL
 .text.getTableTo
                0x20013c60       0x64 ./src/sub-systemCode/ADCS/Stage_Table.o
                0x20013c60                getTableTo
 .text.save_time
                0x20013cc4       0x9c ./src/main.o
                0x20013cc4                save_time
 .text.Command_logic
                0x20013d60       0x6c ./src/main.o
                0x20013d60                Command_logic
 .text.taskMain
                0x20013dcc       0x74 ./src/main.o
                0x20013dcc                taskMain
 .text.main     0x20013e40       0xb8 ./src/main.o
                0x20013e40                main
 .text.GomEpsInitialize
                0x20013ef8      0x148 C:/HOOPOE3/satellite-subsystems/demo/..//satellite-subsystems/lib\libSatelliteSubsystemsD.a(GomEPS.o)
                0x20013ef8                GomEpsInitialize
 .text.makeEPStransfer
                0x20014040       0x3c C:/HOOPOE3/satellite-subsystems/demo/..//satellite-subsystems/lib\libSatelliteSubsystemsD.a(GomEPS.o)
 .text.GomEpsSoftReset
                0x2001407c       0xc4 C:/HOOPOE3/satellite-subsystems/demo/..//satellite-subsystems/lib\libSatelliteSubsystemsD.a(GomEPS.o)
                0x2001407c                GomEpsSoftReset
 .text.GomEpsHardReset
                0x20014140       0xa8 C:/HOOPOE3/satellite-subsystems/demo/..//satellite-subsystems/lib\libSatelliteSubsystemsD.a(GomEPS.o)
                0x20014140                GomEpsHardReset
 .text.GomEpsGetHkData_general
                0x200141e8      0x45c C:/HOOPOE3/satellite-subsystems/demo/..//satellite-subsystems/lib\libSatelliteSubsystemsD.a(GomEPS.o)
                0x200141e8                GomEpsGetHkData_general
 .text.GomEpsGetHkData_basic
                0x20014644      0x22c C:/HOOPOE3/satellite-subsystems/demo/..//satellite-subsystems/lib\libSatelliteSubsystemsD.a(GomEPS.o)
                0x20014644                GomEpsGetHkData_basic
 .text.GomEpsSetOutput
                0x20014870       0xbc C:/HOOPOE3/satellite-subsystems/demo/..//satellite-subsystems/lib\libSatelliteSubsystemsD.a(GomEPS.o)
                0x20014870                GomEpsSetOutput
 .text.GomEpsConfigSet
                0x2001492c      0x184 C:/HOOPOE3/satellite-subsystems/demo/..//satellite-subsystems/lib\libSatelliteSubsystemsD.a(GomEPS.o)
                0x2001492c                GomEpsConfigSet
 .text.makeAntStransfer
                0x20014ab0       0x4c C:/HOOPOE3/satellite-subsystems/demo/..//satellite-subsystems/lib\libSatelliteSubsystemsD.a(IsisAntS.o)
 .text.checkInputsValid
                0x20014afc       0x7c C:/HOOPOE3/satellite-subsystems/demo/..//satellite-subsystems/lib\libSatelliteSubsystemsD.a(IsisAntS.o)
 .text.IsisAntS_setArmStatus
                0x20014b78      0x104 C:/HOOPOE3/satellite-subsystems/demo/..//satellite-subsystems/lib\libSatelliteSubsystemsD.a(IsisAntS.o)
                0x20014b78                IsisAntS_setArmStatus
 .text.IsisAntS_reset
                0x20014c7c      0x104 C:/HOOPOE3/satellite-subsystems/demo/..//satellite-subsystems/lib\libSatelliteSubsystemsD.a(IsisAntS.o)
                0x20014c7c                IsisAntS_reset
 .text.IsisSolarPanelv2_initialize
                0x20014d80       0xb4 C:/HOOPOE3/satellite-subsystems/demo/..//satellite-subsystems/lib\libSatelliteSubsystemsD.a(IsisSolarPanelv2.o)
                0x20014d80                IsisSolarPanelv2_initialize
 .text.IsisSolarPanelv2_getTemperature
                0x20014e34       0xc8 C:/HOOPOE3/satellite-subsystems/demo/..//satellite-subsystems/lib\libSatelliteSubsystemsD.a(IsisSolarPanelv2.o)
                0x20014e34                IsisSolarPanelv2_getTemperature
 .text.IsisSolarPanelv2_sleep
                0x20014efc       0xbc C:/HOOPOE3/satellite-subsystems/demo/..//satellite-subsystems/lib\libSatelliteSubsystemsD.a(IsisSolarPanelv2.o)
                0x20014efc                IsisSolarPanelv2_sleep
 .text.IsisSolarPanelv2_wakeup
                0x20014fb8       0x80 C:/HOOPOE3/satellite-subsystems/demo/..//satellite-subsystems/lib\libSatelliteSubsystemsD.a(IsisSolarPanelv2.o)
                0x20014fb8                IsisSolarPanelv2_wakeup
 .text._Reset   0x20015038       0x20 C:/HOOPOE3/satellite-subsystems/demo/..//satellite-subsystems/lib\libSatelliteSubsystemsD.a(IsisSolarPanelv2.o)
 .text._WaitForStartup
                0x20015058       0x90 C:/HOOPOE3/satellite-subsystems/demo/..//satellite-subsystems/lib\libSatelliteSubsystemsD.a(IsisSolarPanelv2.o)
 .text._AssignAllChannels
                0x200150e8       0x90 C:/HOOPOE3/satellite-subsystems/demo/..//satellite-subsystems/lib\libSatelliteSubsystemsD.a(IsisSolarPanelv2.o)
 .text._AssignThisChannel
                0x20015178       0xe8 C:/HOOPOE3/satellite-subsystems/demo/..//satellite-subsystems/lib\libSatelliteSubsystemsD.a(IsisSolarPanelv2.o)
 .text._InitiateConversion
                0x20015260       0xac C:/HOOPOE3/satellite-subsystems/demo/..//satellite-subsystems/lib\libSatelliteSubsystemsD.a(IsisSolarPanelv2.o)
 .text._WaitForConversionComplete
                0x2001530c      0x100 C:/HOOPOE3/satellite-subsystems/demo/..//satellite-subsystems/lib\libSatelliteSubsystemsD.a(IsisSolarPanelv2.o)
 .text._ReadResult
                0x2001540c      0x158 C:/HOOPOE3/satellite-subsystems/demo/..//satellite-subsystems/lib\libSatelliteSubsystemsD.a(IsisSolarPanelv2.o)
 .text._ExtractByte
                0x20015564       0x38 C:/HOOPOE3/satellite-subsystems/demo/..//satellite-subsystems/lib\libSatelliteSubsystemsD.a(IsisSolarPanelv2.o)
 .text._ExtendSign
                0x2001559c       0x6c C:/HOOPOE3/satellite-subsystems/demo/..//satellite-subsystems/lib\libSatelliteSubsystemsD.a(IsisSolarPanelv2.o)
 .text._PinsInit
                0x20015608       0x50 C:/HOOPOE3/satellite-subsystems/demo/..//satellite-subsystems/lib\libSatelliteSubsystemsD.a(IsisSolarPanelv2.o)
 .text._SpiWriteRead
                0x20015658       0x70 C:/HOOPOE3/satellite-subsystems/demo/..//satellite-subsystems/lib\libSatelliteSubsystemsD.a(IsisSolarPanelv2.o)
 .text.IsisTrxvu_initialize
                0x200156c8      0x2f4 C:/HOOPOE3/satellite-subsystems/demo/..//satellite-subsystems/lib\libSatelliteSubsystemsD.a(IsisTRXVU.o)
                0x200156c8                IsisTrxvu_initialize
 .text.makeTRXVUtransfer
                0x200159bc       0x44 C:/HOOPOE3/satellite-subsystems/demo/..//satellite-subsystems/lib\libSatelliteSubsystemsD.a(IsisTRXVU.o)
 .text.IsisTrxvu_componentSoftReset
                0x20015a00       0x6c C:/HOOPOE3/satellite-subsystems/demo/..//satellite-subsystems/lib\libSatelliteSubsystemsD.a(IsisTRXVU.o)
                0x20015a00                IsisTrxvu_componentSoftReset
 .text.IsisTrxvu_componentHardReset
                0x20015a6c       0xc8 C:/HOOPOE3/satellite-subsystems/demo/..//satellite-subsystems/lib\libSatelliteSubsystemsD.a(IsisTRXVU.o)
                0x20015a6c                IsisTrxvu_componentHardReset
 .text.IsisTrxvu_softReset
                0x20015b34       0x74 C:/HOOPOE3/satellite-subsystems/demo/..//satellite-subsystems/lib\libSatelliteSubsystemsD.a(IsisTRXVU.o)
                0x20015b34                IsisTrxvu_softReset
 .text.IsisTrxvu_hardReset
                0x20015ba8       0x74 C:/HOOPOE3/satellite-subsystems/demo/..//satellite-subsystems/lib\libSatelliteSubsystemsD.a(IsisTRXVU.o)
                0x20015ba8                IsisTrxvu_hardReset
 .text.IsisTrxvu_tcSendAX25DefClSign
                0x20015c1c       0xec C:/HOOPOE3/satellite-subsystems/demo/..//satellite-subsystems/lib\libSatelliteSubsystemsD.a(IsisTRXVU.o)
                0x20015c1c                IsisTrxvu_tcSendAX25DefClSign
 .text.IsisTrxvu_tcSetIdlestate
                0x20015d08       0xa4 C:/HOOPOE3/satellite-subsystems/demo/..//satellite-subsystems/lib\libSatelliteSubsystemsD.a(IsisTRXVU.o)
                0x20015d08                IsisTrxvu_tcSetIdlestate
 .text.IsisTrxvu_tcSetAx25Bitrate
                0x20015dac       0xc4 C:/HOOPOE3/satellite-subsystems/demo/..//satellite-subsystems/lib\libSatelliteSubsystemsD.a(IsisTRXVU.o)
                0x20015dac                IsisTrxvu_tcSetAx25Bitrate
 .text.IsisTrxvu_tcGetTelemetryAll_revC
                0x20015e70       0xd0 C:/HOOPOE3/satellite-subsystems/demo/..//satellite-subsystems/lib\libSatelliteSubsystemsD.a(IsisTRXVU.o)
                0x20015e70                IsisTrxvu_tcGetTelemetryAll_revC
 .text.IsisTrxvu_rcGetFrameCount
                0x20015f40       0xa0 C:/HOOPOE3/satellite-subsystems/demo/..//satellite-subsystems/lib\libSatelliteSubsystemsD.a(IsisTRXVU.o)
                0x20015f40                IsisTrxvu_rcGetFrameCount
 .text.IsisTrxvu_rcGetCommandFrame
                0x20015fe0      0x2d8 C:/HOOPOE3/satellite-subsystems/demo/..//satellite-subsystems/lib\libSatelliteSubsystemsD.a(IsisTRXVU.o)
                0x20015fe0                IsisTrxvu_rcGetCommandFrame
 .text.IsisTrxvu_rcGetTelemetryAll_revC
                0x200162b8       0xec C:/HOOPOE3/satellite-subsystems/demo/..//satellite-subsystems/lib\libSatelliteSubsystemsD.a(IsisTRXVU.o)
                0x200162b8                IsisTrxvu_rcGetTelemetryAll_revC
 .text.cspaceADCS_initialize
                0x200163a4      0x18c C:/HOOPOE3/satellite-subsystems/demo/..//satellite-subsystems/lib\libSatelliteSubsystemsD.a(cspaceADCS.o)
                0x200163a4                cspaceADCS_initialize
 .text.make_cspaceADCStransfer
                0x20016530      0x1b4 C:/HOOPOE3/satellite-subsystems/demo/..//satellite-subsystems/lib\libSatelliteSubsystemsD.a(cspaceADCS.o)
 .text.cspaceADCS_componentReset
                0x200166e4       0xbc C:/HOOPOE3/satellite-subsystems/demo/..//satellite-subsystems/lib\libSatelliteSubsystemsD.a(cspaceADCS.o)
                0x200166e4                cspaceADCS_componentReset
 .text.cspaceADCS_setRunMode
                0x200167a0       0xbc C:/HOOPOE3/satellite-subsystems/demo/..//satellite-subsystems/lib\libSatelliteSubsystemsD.a(cspaceADCS.o)
                0x200167a0                cspaceADCS_setRunMode
 .text.cspaceADCS_setPwrCtrlDevice
                0x2001685c       0xd0 C:/HOOPOE3/satellite-subsystems/demo/..//satellite-subsystems/lib\libSatelliteSubsystemsD.a(cspaceADCS.o)
                0x2001685c                cspaceADCS_setPwrCtrlDevice
 .text.cspaceADCS_setAttCtrlMode
                0x2001692c       0xd0 C:/HOOPOE3/satellite-subsystems/demo/..//satellite-subsystems/lib\libSatelliteSubsystemsD.a(cspaceADCS.o)
                0x2001692c                cspaceADCS_setAttCtrlMode
 .text.cspaceADCS_setAttEstMode
                0x200169fc       0xbc C:/HOOPOE3/satellite-subsystems/demo/..//satellite-subsystems/lib\libSatelliteSubsystemsD.a(cspaceADCS.o)
                0x200169fc                cspaceADCS_setAttEstMode
 .text.cspaceADCS_getCurrentState
                0x20016ab8       0xc4 C:/HOOPOE3/satellite-subsystems/demo/..//satellite-subsystems/lib\libSatelliteSubsystemsD.a(cspaceADCS.o)
                0x20016ab8                cspaceADCS_getCurrentState
 .text.cspaceADCS_getPwrCtrlDevice
                0x20016b7c       0xc4 C:/HOOPOE3/satellite-subsystems/demo/..//satellite-subsystems/lib\libSatelliteSubsystemsD.a(cspaceADCS.o)
                0x20016b7c                cspaceADCS_getPwrCtrlDevice
 .text.GECKO_GetReg
                0x20016c40      0x110 C:/HOOPOE3/satellite-subsystems/demo/..//satellite-subsystems/lib\libSatelliteSubsystemsD.a(gecko_driver.o)
                0x20016c40                GECKO_GetReg
 .text.GECKO_GetVoltageInput5V
                0x20016d50       0xf4 C:/HOOPOE3/satellite-subsystems/demo/..//satellite-subsystems/lib\libSatelliteSubsystemsD.a(gecko_driver.o)
                0x20016d50                GECKO_GetVoltageInput5V
 .text.GECKO_GetCurrentInput5V
                0x20016e44      0x130 C:/HOOPOE3/satellite-subsystems/demo/..//satellite-subsystems/lib\libSatelliteSubsystemsD.a(gecko_driver.o)
                0x20016e44                GECKO_GetCurrentInput5V
 .text.GECKO_GetVoltageFPGA1V
                0x20016f74       0xd4 C:/HOOPOE3/satellite-subsystems/demo/..//satellite-subsystems/lib\libSatelliteSubsystemsD.a(gecko_driver.o)
                0x20016f74                GECKO_GetVoltageFPGA1V
 .text.GECKO_GetCurrentFPGA1V
                0x20017048      0x130 C:/HOOPOE3/satellite-subsystems/demo/..//satellite-subsystems/lib\libSatelliteSubsystemsD.a(gecko_driver.o)
                0x20017048                GECKO_GetCurrentFPGA1V
 .text.GECKO_GetVoltageFPGA1V8
                0x20017178       0xd4 C:/HOOPOE3/satellite-subsystems/demo/..//satellite-subsystems/lib\libSatelliteSubsystemsD.a(gecko_driver.o)
                0x20017178                GECKO_GetVoltageFPGA1V8
 .text.GECKO_GetCurrentFPGA1V8
                0x2001724c      0x130 C:/HOOPOE3/satellite-subsystems/demo/..//satellite-subsystems/lib\libSatelliteSubsystemsD.a(gecko_driver.o)
                0x2001724c                GECKO_GetCurrentFPGA1V8
 .text.GECKO_GetVoltageFPGA2V5
                0x2001737c       0xe8 C:/HOOPOE3/satellite-subsystems/demo/..//satellite-subsystems/lib\libSatelliteSubsystemsD.a(gecko_driver.o)
                0x2001737c                GECKO_GetVoltageFPGA2V5
 .text.GECKO_GetCurrentFPGA2V5
                0x20017464      0x130 C:/HOOPOE3/satellite-subsystems/demo/..//satellite-subsystems/lib\libSatelliteSubsystemsD.a(gecko_driver.o)
                0x20017464                GECKO_GetCurrentFPGA2V5
 .text.GECKO_GetVoltageFPGA3V3
                0x20017594       0xe8 C:/HOOPOE3/satellite-subsystems/demo/..//satellite-subsystems/lib\libSatelliteSubsystemsD.a(gecko_driver.o)
                0x20017594                GECKO_GetVoltageFPGA3V3
 .text.GECKO_GetCurrentFPGA3V3
                0x2001767c      0x130 C:/HOOPOE3/satellite-subsystems/demo/..//satellite-subsystems/lib\libSatelliteSubsystemsD.a(gecko_driver.o)
                0x2001767c                GECKO_GetCurrentFPGA3V3
 .text.GECKO_GetVoltageFlash1V8
                0x200177ac       0xd4 C:/HOOPOE3/satellite-subsystems/demo/..//satellite-subsystems/lib\libSatelliteSubsystemsD.a(gecko_driver.o)
                0x200177ac                GECKO_GetVoltageFlash1V8
 .text.GECKO_GetCurrentFlash1V8
                0x20017880      0x130 C:/HOOPOE3/satellite-subsystems/demo/..//satellite-subsystems/lib\libSatelliteSubsystemsD.a(gecko_driver.o)
                0x20017880                GECKO_GetCurrentFlash1V8
 .text.GECKO_GetVoltageFlash3V3
                0x200179b0       0xe8 C:/HOOPOE3/satellite-subsystems/demo/..//satellite-subsystems/lib\libSatelliteSubsystemsD.a(gecko_driver.o)
                0x200179b0                GECKO_GetVoltageFlash3V3
 .text.GECKO_GetCurrentFlash3V3
                0x20017a98      0x130 C:/HOOPOE3/satellite-subsystems/demo/..//satellite-subsystems/lib\libSatelliteSubsystemsD.a(gecko_driver.o)
                0x20017a98                GECKO_GetCurrentFlash3V3
 .text.GECKO_GetVoltageSNSR1V8
                0x20017bc8       0xe8 C:/HOOPOE3/satellite-subsystems/demo/..//satellite-subsystems/lib\libSatelliteSubsystemsD.a(gecko_driver.o)
                0x20017bc8                GECKO_GetVoltageSNSR1V8
 .text.GECKO_GetCurrentSNSR1V8
                0x20017cb0      0x130 C:/HOOPOE3/satellite-subsystems/demo/..//satellite-subsystems/lib\libSatelliteSubsystemsD.a(gecko_driver.o)
                0x20017cb0                GECKO_GetCurrentSNSR1V8
 .text.GECKO_GetVoltageSNSRVDDPIX
                0x20017de0       0xe8 C:/HOOPOE3/satellite-subsystems/demo/..//satellite-subsystems/lib\libSatelliteSubsystemsD.a(gecko_driver.o)
                0x20017de0                GECKO_GetVoltageSNSRVDDPIX
 .text.GECKO_GetCurrentSNSRVDDPIX
                0x20017ec8      0x130 C:/HOOPOE3/satellite-subsystems/demo/..//satellite-subsystems/lib\libSatelliteSubsystemsD.a(gecko_driver.o)
                0x20017ec8                GECKO_GetCurrentSNSRVDDPIX
 .text.GECKO_GetVoltageSNSR3V3
                0x20017ff8       0xe8 C:/HOOPOE3/satellite-subsystems/demo/..//satellite-subsystems/lib\libSatelliteSubsystemsD.a(gecko_driver.o)
                0x20017ff8                GECKO_GetVoltageSNSR3V3
 .text.GECKO_GetCurrentSNSR3V3
                0x200180e0      0x130 C:/HOOPOE3/satellite-subsystems/demo/..//satellite-subsystems/lib\libSatelliteSubsystemsD.a(gecko_driver.o)
                0x200180e0                GECKO_GetCurrentSNSR3V3
 .text.GECKO_GetVoltageFlashVTT09
                0x20018210       0xd4 C:/HOOPOE3/satellite-subsystems/demo/..//satellite-subsystems/lib\libSatelliteSubsystemsD.a(gecko_driver.o)
                0x20018210                GECKO_GetVoltageFlashVTT09
 .text.GECKO_GetTempSMU3AB
                0x200182e4      0x35c C:/HOOPOE3/satellite-subsystems/demo/..//satellite-subsystems/lib\libSatelliteSubsystemsD.a(gecko_driver.o)
                0x200182e4                GECKO_GetTempSMU3AB
 .text.GECKO_GetTempSMU3BC
                0x20018640      0x360 C:/HOOPOE3/satellite-subsystems/demo/..//satellite-subsystems/lib\libSatelliteSubsystemsD.a(gecko_driver.o)
                0x20018640                GECKO_GetTempSMU3BC
 .text.GECKO_GetTempREGU6
                0x200189a0      0x35c C:/HOOPOE3/satellite-subsystems/demo/..//satellite-subsystems/lib\libSatelliteSubsystemsD.a(gecko_driver.o)
                0x200189a0                GECKO_GetTempREGU6
 .text.GECKO_GetTempREGU8
                0x20018cfc      0x360 C:/HOOPOE3/satellite-subsystems/demo/..//satellite-subsystems/lib\libSatelliteSubsystemsD.a(gecko_driver.o)
                0x20018cfc                GECKO_GetTempREGU8
 .text.GECKO_GetTempFlash
                0x2001905c      0x360 C:/HOOPOE3/satellite-subsystems/demo/..//satellite-subsystems/lib\libSatelliteSubsystemsD.a(gecko_driver.o)
                0x2001905c                GECKO_GetTempFlash
 .text._SpiWriteRead
                0x200193bc       0x70 C:/HOOPOE3/satellite-subsystems/demo/..//satellite-subsystems/lib\libSatelliteSubsystemsD.a(gecko_driver.o)
 .text.makeTRXCommonTransfer
                0x2001942c       0x34 C:/HOOPOE3/satellite-subsystems/demo/..//satellite-subsystems/lib\libSatelliteSubsystemsD.a(IsisTRXCommon.o)
 .text.IsisTrxCommon_componentReset
                0x20019460       0x68 C:/HOOPOE3/satellite-subsystems/demo/..//satellite-subsystems/lib\libSatelliteSubsystemsD.a(IsisTRXCommon.o)
                0x20019460                IsisTrxCommon_componentReset
 .text.IsisTrxCommon_TxSendAX25DefClSign
                0x200194c8       0xf4 C:/HOOPOE3/satellite-subsystems/demo/..//satellite-subsystems/lib\libSatelliteSubsystemsD.a(IsisTRXCommon.o)
                0x200194c8                IsisTrxCommon_TxSendAX25DefClSign
 .text.IsisTrxCommon_TxSetIdlestate
                0x200195bc       0x78 C:/HOOPOE3/satellite-subsystems/demo/..//satellite-subsystems/lib\libSatelliteSubsystemsD.a(IsisTRXCommon.o)
                0x200195bc                IsisTrxCommon_TxSetIdlestate
 .text.IsisTrxCommon_TxSetAx25Bitrate
                0x20019634       0x78 C:/HOOPOE3/satellite-subsystems/demo/..//satellite-subsystems/lib\libSatelliteSubsystemsD.a(IsisTRXCommon.o)
                0x20019634                IsisTrxCommon_TxSetAx25Bitrate
 .text.IsisTrxCommon_RxGetFrameCount
                0x200196ac       0x8c C:/HOOPOE3/satellite-subsystems/demo/..//satellite-subsystems/lib\libSatelliteSubsystemsD.a(IsisTRXCommon.o)
                0x200196ac                IsisTrxCommon_RxGetFrameCount
 .text.IsisTrxCommon_RxGetTelemetryAll_revC
                0x20019738       0x8c C:/HOOPOE3/satellite-subsystems/demo/..//satellite-subsystems/lib\libSatelliteSubsystemsD.a(IsisTRXCommon.o)
                0x20019738                IsisTrxCommon_RxGetTelemetryAll_revC
 .text.log      0x200197c4      0x17c c:/isis/application/toolchain/bin/../lib/gcc/arm-none-eabi/4.7.4/../../../../arm-none-eabi/lib\libm.a(lib_a-w_log.o)
                0x200197c4                log
 .text.__ieee754_log
                0x20019940      0x5c0 c:/isis/application/toolchain/bin/../lib/gcc/arm-none-eabi/4.7.4/../../../../arm-none-eabi/lib\libm.a(lib_a-e_log.o)
                0x20019940                __ieee754_log
 .text.matherr  0x20019f00        0x8 c:/isis/application/toolchain/bin/../lib/gcc/arm-none-eabi/4.7.4/../../../../arm-none-eabi/lib\libm.a(lib_a-s_matherr.o)
                0x20019f00                matherr
 .text.nan      0x20019f08       0x10 c:/isis/application/toolchain/bin/../lib/gcc/arm-none-eabi/4.7.4/../../../../arm-none-eabi/lib\libm.a(lib_a-s_nan.o)
                0x20019f08                nan
 .text.fn_init  0x20019f18      0x2e0 C:/HOOPOE3/satellite-subsystems/demo/../..//hal/hcc/lib\libHCCD.a(fat_common.o)
                0x20019f18                fn_init
 .text._f_get16bitl
                0x2001a1f8       0x4c C:/HOOPOE3/satellite-subsystems/demo/../..//hal/hcc/lib\libHCCD.a(fat_common.o)
                0x2001a1f8                _f_get16bitl
 .text._f_set16bitl
                0x2001a244       0x54 C:/HOOPOE3/satellite-subsystems/demo/../..//hal/hcc/lib\libHCCD.a(fat_common.o)
                0x2001a244                _f_set16bitl
 .text._f_get32bitl
                0x2001a298       0x68 C:/HOOPOE3/satellite-subsystems/demo/../..//hal/hcc/lib\libHCCD.a(fat_common.o)
                0x2001a298                _f_get32bitl
 .text._f_set32bitl
                0x2001a300       0x78 C:/HOOPOE3/satellite-subsystems/demo/../..//hal/hcc/lib\libHCCD.a(fat_common.o)
                0x2001a300                _f_set32bitl
 .text._get8bit
                0x2001a378       0xa0 C:/HOOPOE3/satellite-subsystems/demo/../..//hal/hcc/lib\libHCCD.a(fat_common.o)
 .text._get16bitl
                0x2001a418       0x40 C:/HOOPOE3/satellite-subsystems/demo/../..//hal/hcc/lib\libHCCD.a(fat_common.o)
 .text._get32bitl
                0x2001a458       0x3c C:/HOOPOE3/satellite-subsystems/demo/../..//hal/hcc/lib\libHCCD.a(fat_common.o)
 .text._f_setcardremoved
                0x2001a494       0x94 C:/HOOPOE3/satellite-subsystems/demo/../..//hal/hcc/lib\libHCCD.a(fat_common.o)
 .text._f_checkstatus
                0x2001a528      0x104 C:/HOOPOE3/satellite-subsystems/demo/../..//hal/hcc/lib\libHCCD.a(fat_common.o)
                0x2001a528                _f_checkstatus
 .text._f_drvgetphy
                0x2001a62c      0x114 C:/HOOPOE3/satellite-subsystems/demo/../..//hal/hcc/lib\libHCCD.a(fat_common.o)
 .text._f_drvwritesector
                0x2001a740       0xdc C:/HOOPOE3/satellite-subsystems/demo/../..//hal/hcc/lib\libHCCD.a(fat_common.o)
 .text._f_drvreadsector
                0x2001a81c       0xa8 C:/HOOPOE3/satellite-subsystems/demo/../..//hal/hcc/lib\libHCCD.a(fat_common.o)
 .text._f_writesector
                0x2001a8c4      0x23c C:/HOOPOE3/satellite-subsystems/demo/../..//hal/hcc/lib\libHCCD.a(fat_common.o)
                0x2001a8c4                _f_writesector
 .text._f_readsector
                0x2001ab00      0x1dc C:/HOOPOE3/satellite-subsystems/demo/../..//hal/hcc/lib\libHCCD.a(fat_common.o)
                0x2001ab00                _f_readsector
 .text._f_getmaxcluster
                0x2001acdc       0x94 C:/HOOPOE3/satellite-subsystems/demo/../..//hal/hcc/lib\libHCCD.a(fat_common.o)
                0x2001acdc                _f_getmaxcluster
 .text._getsectorfromcluster
                0x2001ad70       0x68 C:/HOOPOE3/satellite-subsystems/demo/../..//hal/hcc/lib\libHCCD.a(fat_common.o)
 .text._f_buildsectors
                0x2001add8      0x268 C:/HOOPOE3/satellite-subsystems/demo/../..//hal/hcc/lib\libHCCD.a(fat_common.o)
 .text._f_getbootrecord
                0x2001b040      0x5e4 C:/HOOPOE3/satellite-subsystems/demo/../..//hal/hcc/lib\libHCCD.a(fat_common.o)
 .text._f_readbootrecord
                0x2001b624      0x4f8 C:/HOOPOE3/satellite-subsystems/demo/../..//hal/hcc/lib\libHCCD.a(fat_common.o)
 .text._f_flushcffiles
                0x2001bb1c      0x17c C:/HOOPOE3/satellite-subsystems/demo/../..//hal/hcc/lib\libHCCD.a(fat_common.o)
                0x2001bb1c                _f_flushcffiles
 .text._f_fatcache_flush
                0x2001bc98      0x270 C:/HOOPOE3/satellite-subsystems/demo/../..//hal/hcc/lib\libHCCD.a(fat_common.o)
                0x2001bc98                _f_fatcache_flush
 .text._f_writefatsector
                0x2001bf08      0x100 C:/HOOPOE3/satellite-subsystems/demo/../..//hal/hcc/lib\libHCCD.a(fat_common.o)
                0x2001bf08                _f_writefatsector
 .text._f_getfatsector
                0x2001c008      0x3bc C:/HOOPOE3/satellite-subsystems/demo/../..//hal/hcc/lib\libHCCD.a(fat_common.o)
 .text._f_setclustervalue
                0x2001c3c4      0x490 C:/HOOPOE3/satellite-subsystems/demo/../..//hal/hcc/lib\libHCCD.a(fat_common.o)
                0x2001c3c4                _f_setclustervalue
 .text._f_getclustervalue
                0x2001c854      0x388 C:/HOOPOE3/satellite-subsystems/demo/../..//hal/hcc/lib\libHCCD.a(fat_common.o)
                0x2001c854                _f_getclustervalue
 .text._f_close_drive_files
                0x2001cbdc       0xac C:/HOOPOE3/satellite-subsystems/demo/../..//hal/hcc/lib\libHCCD.a(fat_common.o)
 .text._f_inc_mount_count
                0x2001cc88       0xa4 C:/HOOPOE3/satellite-subsystems/demo/../..//hal/hcc/lib\libHCCD.a(fat_common.o)
 .text._f_getvolume
                0x2001cd2c      0x2f8 C:/HOOPOE3/satellite-subsystems/demo/../..//hal/hcc/lib\libHCCD.a(fat_common.o)
                0x2001cd2c                _f_getvolume
 .text.fn_createdriver
                0x2001d024      0x118 C:/HOOPOE3/satellite-subsystems/demo/../..//hal/hcc/lib\libHCCD.a(fat_common.o)
                0x2001d024                fn_createdriver
 .text.fn_initvolume
                0x2001d13c      0x12c C:/HOOPOE3/satellite-subsystems/demo/../..//hal/hcc/lib\libHCCD.a(fat_common.o)
                0x2001d13c                fn_initvolume
 .text.fn_initvolumepartition_sub
                0x2001d268       0xe0 C:/HOOPOE3/satellite-subsystems/demo/../..//hal/hcc/lib\libHCCD.a(fat_common.o)
 .text.fn_initvolumepartition
                0x2001d348       0xac C:/HOOPOE3/satellite-subsystems/demo/../..//hal/hcc/lib\libHCCD.a(fat_common.o)
                0x2001d348                fn_initvolumepartition
 .text._f_clustertopos
                0x2001d3f4       0xf8 C:/HOOPOE3/satellite-subsystems/demo/../..//hal/hcc/lib\libHCCD.a(fat_common.o)
                0x2001d3f4                _f_clustertopos
 .text._f_getcurrsector
                0x2001d4ec      0x6c8 C:/HOOPOE3/satellite-subsystems/demo/../..//hal/hcc/lib\libHCCD.a(fat_common.o)
                0x2001d4ec                _f_getcurrsector
 .text._f_getdecluster
                0x2001dbb4       0x90 C:/HOOPOE3/satellite-subsystems/demo/../..//hal/hcc/lib\libHCCD.a(fat_common.o)
                0x2001dbb4                _f_getdecluster
 .text._f_setdecluster
                0x2001dc44       0x8c C:/HOOPOE3/satellite-subsystems/demo/../..//hal/hcc/lib\libHCCD.a(fat_common.o)
                0x2001dc44                _f_setdecluster
 .text.fn_getdrive
                0x2001dcd0       0x30 C:/HOOPOE3/satellite-subsystems/demo/../..//hal/hcc/lib\libHCCD.a(fat_common.o)
                0x2001dcd0                fn_getdrive
 .text._f_getcurrenttimedate
                0x2001dd00      0x138 C:/HOOPOE3/satellite-subsystems/demo/../..//hal/hcc/lib\libHCCD.a(fat_common.o)
                0x2001dd00                _f_getcurrenttimedate
 .text._f_initentry
                0x2001de38       0xa0 C:/HOOPOE3/satellite-subsystems/demo/../..//hal/hcc/lib\libHCCD.a(fat_common.o)
                0x2001de38                _f_initentry
 .text._f_alloccluster
                0x2001ded8      0x344 C:/HOOPOE3/satellite-subsystems/demo/../..//hal/hcc/lib\libHCCD.a(fat_common.o)
                0x2001ded8                _f_alloccluster
 .text._f_dobadblock
                0x2001e21c      0x2cc C:/HOOPOE3/satellite-subsystems/demo/../..//hal/hcc/lib\libHCCD.a(fat_common.o)
                0x2001e21c                _f_dobadblock
 .text._f_checklocked
                0x2001e4e8       0xe4 C:/HOOPOE3/satellite-subsystems/demo/../..//hal/hcc/lib\libHCCD.a(fat_common.o)
                0x2001e4e8                _f_checklocked
 .text._f_checkappendlocked
                0x2001e5cc      0x110 C:/HOOPOE3/satellite-subsystems/demo/../..//hal/hcc/lib\libHCCD.a(fat_common.o)
                0x2001e5cc                _f_checkappendlocked
 .text._f_setsyncafile
                0x2001e6dc      0x114 C:/HOOPOE3/satellite-subsystems/demo/../..//hal/hcc/lib\libHCCD.a(fat_common.o)
                0x2001e6dc                _f_setsyncafile
 .text._f_syncfiles
                0x2001e7f0      0x128 C:/HOOPOE3/satellite-subsystems/demo/../..//hal/hcc/lib\libHCCD.a(fat_common.o)
                0x2001e7f0                _f_syncfiles
 .text._f_syncfilescontent
                0x2001e918      0x15c C:/HOOPOE3/satellite-subsystems/demo/../..//hal/hcc/lib\libHCCD.a(fat_common.o)
 .text.fn_getfreespace
                0x2001ea74      0x4c0 C:/HOOPOE3/satellite-subsystems/demo/../..//hal/hcc/lib\libHCCD.a(fat_common.o)
                0x2001ea74                fn_getfreespace
 .text._f_emptywritecache
                0x2001ef34      0x4a4 C:/HOOPOE3/satellite-subsystems/demo/../..//hal/hcc/lib\libHCCD.a(fat_common.o)
 .text._f_allocnextcluster
                0x2001f3d8      0x54c C:/HOOPOE3/satellite-subsystems/demo/../..//hal/hcc/lib\libHCCD.a(fat_common.o)
 .text._f_emptywritebuffer
                0x2001f924      0x20c C:/HOOPOE3/satellite-subsystems/demo/../..//hal/hcc/lib\libHCCD.a(fat_common.o)
 .text._f_writezeros
                0x2001fb30       0xf0 C:/HOOPOE3/satellite-subsystems/demo/../..//hal/hcc/lib\libHCCD.a(fat_common.o)
                0x2001fb30                _f_writezeros
 .text._f_extend_file
                0x2001fc20      0x570 C:/HOOPOE3/satellite-subsystems/demo/../..//hal/hcc/lib\libHCCD.a(fat_common.o)
 .text._f_fseek
                0x20020190      0x9bc C:/HOOPOE3/satellite-subsystems/demo/../..//hal/hcc/lib\libHCCD.a(fat_common.o)
                0x20020190                _f_fseek
 .text._f_removechain
                0x20020b4c      0x104 C:/HOOPOE3/satellite-subsystems/demo/../..//hal/hcc/lib\libHCCD.a(fat_common.o)
                0x20020b4c                _f_removechain
 .text._f_updatefileentry
                0x20020c50      0x1cc C:/HOOPOE3/satellite-subsystems/demo/../..//hal/hcc/lib\libHCCD.a(fat_common.o)
 .text._f_checkreadlocked
                0x20020e1c      0x1bc C:/HOOPOE3/satellite-subsystems/demo/../..//hal/hcc/lib\libHCCD.a(fat_common.o)
                0x20020e1c                _f_checkreadlocked
 .text._f_check_handle
                0x20020fd8       0x98 C:/HOOPOE3/satellite-subsystems/demo/../..//hal/hcc/lib\libHCCD.a(fat_common.o)
                0x20020fd8                _f_check_handle
 .text._f_removesyncafile
                0x20021070      0x1ec C:/HOOPOE3/satellite-subsystems/demo/../..//hal/hcc/lib\libHCCD.a(fat_common.o)
 .text.fn_close
                0x2002125c      0x3f8 C:/HOOPOE3/satellite-subsystems/demo/../..//hal/hcc/lib\libHCCD.a(fat_common.o)
                0x2002125c                fn_close
 .text.fn_flush
                0x20021654      0x374 C:/HOOPOE3/satellite-subsystems/demo/../..//hal/hcc/lib\libHCCD.a(fat_common.o)
                0x20021654                fn_flush
 .text.fn_read  0x200219c8      0x690 C:/HOOPOE3/satellite-subsystems/demo/../..//hal/hcc/lib\libHCCD.a(fat_common.o)
                0x200219c8                fn_read
 .text._f_abortwrite
                0x20022058      0x100 C:/HOOPOE3/satellite-subsystems/demo/../..//hal/hcc/lib\libHCCD.a(fat_common.o)
 .text._f_checkwritecluster
                0x20022158       0xe4 C:/HOOPOE3/satellite-subsystems/demo/../..//hal/hcc/lib\libHCCD.a(fat_common.o)
 .text.fn_write
                0x2002223c      0x8a8 C:/HOOPOE3/satellite-subsystems/demo/../..//hal/hcc/lib\libHCCD.a(fat_common.o)
                0x2002223c                fn_write
 .text.fn_seek  0x20022ae4      0x270 C:/HOOPOE3/satellite-subsystems/demo/../..//hal/hcc/lib\libHCCD.a(fat_common.o)
                0x20022ae4                fn_seek
 .text.f_enterFS
                0x20022d54      0x1c0 C:/HOOPOE3/satellite-subsystems/demo/../..//hal/hcc/lib\libHCCD.a(fat_common.o)
                0x20022d54                f_enterFS
 .text.f_releaseFS
                0x20022f14       0xb0 C:/HOOPOE3/satellite-subsystems/demo/../..//hal/hcc/lib\libHCCD.a(fat_common.o)
                0x20022f14                f_releaseFS
 .text.fnGetTask
                0x20022fc4       0xfc C:/HOOPOE3/satellite-subsystems/demo/../..//hal/hcc/lib\libHCCD.a(fat_common.o)
                0x20022fc4                fnGetTask
 .text._f_mutex_get
                0x200230c0       0x98 C:/HOOPOE3/satellite-subsystems/demo/../..//hal/hcc/lib\libHCCD.a(fat_common.o)
                0x200230c0                _f_mutex_get
 .text._f_mutex_put
                0x20023158       0x54 C:/HOOPOE3/satellite-subsystems/demo/../..//hal/hcc/lib\libHCCD.a(fat_common.o)
                0x20023158                _f_mutex_put
 .text._fn_initseekdivisor
                0x200231ac      0x158 C:/HOOPOE3/satellite-subsystems/demo/../..//hal/hcc/lib\libHCCD.a(fat_common.o)
                0x200231ac                _fn_initseekdivisor
 .text._fn_updateseekpos
                0x20023304       0xc4 C:/HOOPOE3/satellite-subsystems/demo/../..//hal/hcc/lib\libHCCD.a(fat_common.o)
 .text._f_findopensize
                0x200233c8       0x2c C:/HOOPOE3/satellite-subsystems/demo/../..//hal/hcc/lib\libHCCD.a(fat_common.o)
                0x200233c8                _f_findopensize
 .text.fn_setlasterror
                0x200233f4       0x34 C:/HOOPOE3/satellite-subsystems/demo/../..//hal/hcc/lib\libHCCD.a(fat_common.o)
                0x200233f4                fn_setlasterror
 .text.fn_setlasterror_noret
                0x20023428       0x2c C:/HOOPOE3/satellite-subsystems/demo/../..//hal/hcc/lib\libHCCD.a(fat_common.o)
                0x20023428                fn_setlasterror_noret
 .text.fm_initvolume
                0x20023454       0x70 C:/HOOPOE3/satellite-subsystems/demo/../..//hal/hcc/lib\libHCCD.a(fat_m.o)
                0x20023454                fm_initvolume
 .text.fm_getdrive
                0x200234c4       0x70 C:/HOOPOE3/satellite-subsystems/demo/../..//hal/hcc/lib\libHCCD.a(fat_m.o)
                0x200234c4                fm_getdrive
 .text.fm_getfreespace
                0x20023534       0x68 C:/HOOPOE3/satellite-subsystems/demo/../..//hal/hcc/lib\libHCCD.a(fat_m.o)
                0x20023534                fm_getfreespace
 .text.fm_findfirst
                0x2002359c       0x68 C:/HOOPOE3/satellite-subsystems/demo/../..//hal/hcc/lib\libHCCD.a(fat_m.o)
                0x2002359c                fm_findfirst
 .text.fm_findnext
                0x20023604       0x60 C:/HOOPOE3/satellite-subsystems/demo/../..//hal/hcc/lib\libHCCD.a(fat_m.o)
                0x20023604                fm_findnext
 .text.fm_filelength
                0x20023664       0x60 C:/HOOPOE3/satellite-subsystems/demo/../..//hal/hcc/lib\libHCCD.a(fat_m.o)
                0x20023664                fm_filelength
 .text.fm_close
                0x200236c4       0x60 C:/HOOPOE3/satellite-subsystems/demo/../..//hal/hcc/lib\libHCCD.a(fat_m.o)
                0x200236c4                fm_close
 .text.fm_flush
                0x20023724       0x60 C:/HOOPOE3/satellite-subsystems/demo/../..//hal/hcc/lib\libHCCD.a(fat_m.o)
                0x20023724                fm_flush
 .text.fm_open  0x20023784       0x68 C:/HOOPOE3/satellite-subsystems/demo/../..//hal/hcc/lib\libHCCD.a(fat_m.o)
                0x20023784                fm_open
 .text.fm_read  0x200237ec       0x7c C:/HOOPOE3/satellite-subsystems/demo/../..//hal/hcc/lib\libHCCD.a(fat_m.o)
                0x200237ec                fm_read
 .text.fm_write
                0x20023868       0x7c C:/HOOPOE3/satellite-subsystems/demo/../..//hal/hcc/lib\libHCCD.a(fat_m.o)
                0x20023868                fm_write
 .text.fm_seek  0x200238e4       0x70 C:/HOOPOE3/satellite-subsystems/demo/../..//hal/hcc/lib\libHCCD.a(fat_m.o)
                0x200238e4                fm_seek
 .text.fm_delete
                0x20023954       0x64 C:/HOOPOE3/satellite-subsystems/demo/../..//hal/hcc/lib\libHCCD.a(fat_m.o)
                0x20023954                fm_delete
 .text._s_checkzeroclusteratend
                0x200239b8       0xf8 C:/HOOPOE3/satellite-subsystems/demo/../..//hal/hcc/lib\libHCCD.a(safefat.o)
 .text._s_clearclustercontent
                0x20023ab0      0x108 C:/HOOPOE3/satellite-subsystems/demo/../..//hal/hcc/lib\libHCCD.a(safefat.o)
 .text._s_clearclustercontentdir
                0x20023bb8      0x19c C:/HOOPOE3/satellite-subsystems/demo/../..//hal/hcc/lib\libHCCD.a(safefat.o)
 .text._s_writedirsector
                0x20023d54       0xd0 C:/HOOPOE3/satellite-subsystems/demo/../..//hal/hcc/lib\libHCCD.a(safefat.o)
 .text._s_getdirsector
                0x20023e24      0x100 C:/HOOPOE3/satellite-subsystems/demo/../..//hal/hcc/lib\libHCCD.a(safefat.o)
 .text._s_addentry
                0x20023f24      0x394 C:/HOOPOE3/satellite-subsystems/demo/../..//hal/hcc/lib\libHCCD.a(safefat.o)
 .text._s_findfile
                0x200242b8      0x33c C:/HOOPOE3/satellite-subsystems/demo/../..//hal/hcc/lib\libHCCD.a(safefat.o)
 .text._s_findsubdir
                0x200245f4      0x248 C:/HOOPOE3/satellite-subsystems/demo/../..//hal/hcc/lib\libHCCD.a(safefat.o)
 .text._s_createfile
                0x2002483c      0x190 C:/HOOPOE3/satellite-subsystems/demo/../..//hal/hcc/lib\libHCCD.a(safefat.o)
 .text._s_findsaffile
                0x200249cc      0x1b8 C:/HOOPOE3/satellite-subsystems/demo/../..//hal/hcc/lib\libHCCD.a(safefat.o)
 .text._s_open  0x20024b84       0xe4 C:/HOOPOE3/satellite-subsystems/demo/../..//hal/hcc/lib\libHCCD.a(safefat.o)
 .text._s_open_saf
                0x20024c68       0xe8 C:/HOOPOE3/satellite-subsystems/demo/../..//hal/hcc/lib\libHCCD.a(safefat.o)
 .text._s_flush
                0x20024d50       0x84 C:/HOOPOE3/satellite-subsystems/demo/../..//hal/hcc/lib\libHCCD.a(safefat.o)
 .text._s_allocnextcluster
                0x20024dd4      0x13c C:/HOOPOE3/satellite-subsystems/demo/../..//hal/hcc/lib\libHCCD.a(safefat.o)
 .text._s_getnextsector
                0x20024f10       0xdc C:/HOOPOE3/satellite-subsystems/demo/../..//hal/hcc/lib\libHCCD.a(safefat.o)
 .text._s_seek  0x20024fec      0x1e8 C:/HOOPOE3/satellite-subsystems/demo/../..//hal/hcc/lib\libHCCD.a(safefat.o)
 .text._s_read  0x200251d4      0x228 C:/HOOPOE3/satellite-subsystems/demo/../..//hal/hcc/lib\libHCCD.a(safefat.o)
 .text._s_write
                0x200253fc      0x384 C:/HOOPOE3/satellite-subsystems/demo/../..//hal/hcc/lib\libHCCD.a(safefat.o)
 .text._s_restoreclusters
                0x20025780      0x270 C:/HOOPOE3/satellite-subsystems/demo/../..//hal/hcc/lib\libHCCD.a(safefat.o)
                0x20025780                _s_restoreclusters
 .text._s_findrestore
                0x200259f0      0x18c C:/HOOPOE3/satellite-subsystems/demo/../..//hal/hcc/lib\libHCCD.a(safefat.o)
 .text._s_cmd_writede
                0x20025b7c       0xd8 C:/HOOPOE3/satellite-subsystems/demo/../..//hal/hcc/lib\libHCCD.a(safefat.o)
 .text._s_cmd_setcluster
                0x20025c54       0x88 C:/HOOPOE3/satellite-subsystems/demo/../..//hal/hcc/lib\libHCCD.a(safefat.o)
 .text._s_cmd_deletechain
                0x20025cdc      0x100 C:/HOOPOE3/satellite-subsystems/demo/../..//hal/hcc/lib\libHCCD.a(safefat.o)
 .text._s_cmd_validatecfn
                0x20025ddc      0x308 C:/HOOPOE3/satellite-subsystems/demo/../..//hal/hcc/lib\libHCCD.a(safefat.o)
 .text._s_cmd_seteof
                0x200260e4      0x3c4 C:/HOOPOE3/satellite-subsystems/demo/../..//hal/hcc/lib\libHCCD.a(safefat.o)
 .text.safe_docommands
                0x200264a8      0x56c C:/HOOPOE3/satellite-subsystems/demo/../..//hal/hcc/lib\libHCCD.a(safefat.o)
                0x200264a8                safe_docommands
 .text.safe_entercommand
                0x20026a14       0x68 C:/HOOPOE3/satellite-subsystems/demo/../..//hal/hcc/lib\libHCCD.a(safefat.o)
                0x20026a14                safe_entercommand
 .text.safe_ready
                0x20026a7c       0xf4 C:/HOOPOE3/satellite-subsystems/demo/../..//hal/hcc/lib\libHCCD.a(safefat.o)
                0x20026a7c                safe_ready
 .text.safe_copycfn
                0x20026b70       0xb8 C:/HOOPOE3/satellite-subsystems/demo/../..//hal/hcc/lib\libHCCD.a(safefat.o)
                0x20026b70                safe_copycfn
 .text.safe_cfremove
                0x20026c28       0xb8 C:/HOOPOE3/satellite-subsystems/demo/../..//hal/hcc/lib\libHCCD.a(safefat.o)
                0x20026c28                safe_cfremove
 .text.safe_writede
                0x20026ce0      0x104 C:/HOOPOE3/satellite-subsystems/demo/../..//hal/hcc/lib\libHCCD.a(safefat.o)
                0x20026ce0                safe_writede
 .text.safe_setcluster
                0x20026de4       0xcc C:/HOOPOE3/satellite-subsystems/demo/../..//hal/hcc/lib\libHCCD.a(safefat.o)
                0x20026de4                safe_setcluster
 .text.safe_deletechain
                0x20026eb0      0x1c8 C:/HOOPOE3/satellite-subsystems/demo/../..//hal/hcc/lib\libHCCD.a(safefat.o)
                0x20026eb0                safe_deletechain
 .text.safe_cfclose
                0x20027078      0x104 C:/HOOPOE3/satellite-subsystems/demo/../..//hal/hcc/lib\libHCCD.a(safefat.o)
                0x20027078                safe_cfclose
 .text.safe_cfflush
                0x2002717c      0x124 C:/HOOPOE3/satellite-subsystems/demo/../..//hal/hcc/lib\libHCCD.a(safefat.o)
                0x2002717c                safe_cfflush
 .text.safe_reset
                0x200272a0       0x78 C:/HOOPOE3/satellite-subsystems/demo/../..//hal/hcc/lib\libHCCD.a(safefat.o)
                0x200272a0                safe_reset
 .text.safe_loadcommands
                0x20027318       0x78 C:/HOOPOE3/satellite-subsystems/demo/../..//hal/hcc/lib\libHCCD.a(safefat.o)
                0x20027318                safe_loadcommands
 .text.safe_poweron
                0x20027390      0x1fc C:/HOOPOE3/satellite-subsystems/demo/../..//hal/hcc/lib\libHCCD.a(safefat.o)
                0x20027390                safe_poweron
 .text.cf_getname
                0x2002758c       0xc0 C:/HOOPOE3/satellite-subsystems/demo/../..//hal/hcc/lib\libHCCD.a(safefat.o)
 .text.cf_copyclusterchain
                0x2002764c      0x138 C:/HOOPOE3/satellite-subsystems/demo/../..//hal/hcc/lib\libHCCD.a(safefat.o)
 .text.cf_seektozero
                0x20027784       0x94 C:/HOOPOE3/satellite-subsystems/demo/../..//hal/hcc/lib\libHCCD.a(safefat.o)
                0x20027784                cf_seektozero
 .text.cf_create
                0x20027818      0x3a8 C:/HOOPOE3/satellite-subsystems/demo/../..//hal/hcc/lib\libHCCD.a(safefat.o)
                0x20027818                cf_create
 .text.cf_copyclustercontent
                0x20027bc0      0x128 C:/HOOPOE3/satellite-subsystems/demo/../..//hal/hcc/lib\libHCCD.a(safefat.o)
                0x20027bc0                cf_copyclustercontent
 .text.cf_copycfn
                0x20027ce8      0x4bc C:/HOOPOE3/satellite-subsystems/demo/../..//hal/hcc/lib\libHCCD.a(safefat.o)
                0x20027ce8                cf_copycfn
 .text.cf_remove
                0x200281a4      0x344 C:/HOOPOE3/satellite-subsystems/demo/../..//hal/hcc/lib\libHCCD.a(safefat.o)
                0x200281a4                cf_remove
 .text.cf_setclusternew
                0x200284e8       0xf0 C:/HOOPOE3/satellite-subsystems/demo/../..//hal/hcc/lib\libHCCD.a(safefat.o)
                0x200284e8                cf_setclusternew
 .text.cf_flush
                0x200285d8       0x58 C:/HOOPOE3/satellite-subsystems/demo/../..//hal/hcc/lib\libHCCD.a(safefat.o)
                0x200285d8                cf_flush
 .text.cf_getcluster
                0x20028630      0x1b4 C:/HOOPOE3/satellite-subsystems/demo/../..//hal/hcc/lib\libHCCD.a(safefat.o)
                0x20028630                cf_getcluster
 .text.cf_setnextcluster
                0x200287e4      0x194 C:/HOOPOE3/satellite-subsystems/demo/../..//hal/hcc/lib\libHCCD.a(safefat.o)
                0x200287e4                cf_setnextcluster
 .text.cf_getpositions
                0x20028978       0xbc C:/HOOPOE3/satellite-subsystems/demo/../..//hal/hcc/lib\libHCCD.a(safefat.o)
                0x20028978                cf_getpositions
 .text.cf_setpositions
                0x20028a34       0xb0 C:/HOOPOE3/satellite-subsystems/demo/../..//hal/hcc/lib\libHCCD.a(safefat.o)