Archive member included because of file (symbol)

c:/isis/application/toolchain/bin/../lib/gcc/arm-none-eabi/4.7.4/../../../../arm-none-eabi/lib\libc_s.a(lib_a-vfprintf_float.o)
                              (_printf_float)
c:/isis/application/toolchain/bin/../lib/gcc/arm-none-eabi/4.7.4/../../../../arm-none-eabi/lib\libc_s.a(lib_a-vfprintf_i.o)
                              c:/isis/application/toolchain/bin/../lib/gcc/arm-none-eabi/4.7.4/../../../../arm-none-eabi/lib\libc_s.a(lib_a-vfprintf_float.o) (_printf_common)
c:/isis/application/toolchain/bin/../lib/gcc/arm-none-eabi/4.7.4/../../../../arm-none-eabi/lib\libc_s.a(lib_a-vfscanf_float.o)
                              (_scanf_float)
c:/isis/application/toolchain/bin/../lib/gcc/arm-none-eabi/4.7.4/../../../../arm-none-eabi/lib\libc_s.a(lib_a-dtoa.o)
                              c:/isis/application/toolchain/bin/../lib/gcc/arm-none-eabi/4.7.4/../../../../arm-none-eabi/lib\libc_s.a(lib_a-vfprintf_float.o) (_dtoa_r)
c:/isis/application/toolchain/bin/../lib/gcc/arm-none-eabi/4.7.4/../../../../arm-none-eabi/lib\libc_s.a(lib_a-locale.o)
                              c:/isis/application/toolchain/bin/../lib/gcc/arm-none-eabi/4.7.4/../../../../arm-none-eabi/lib\libc_s.a(lib_a-vfprintf_float.o) (_localeconv_r)
c:/isis/application/toolchain/bin/../lib/gcc/arm-none-eabi/4.7.4/../../../../arm-none-eabi/lib\libc_s.a(lib_a-malloc.o)
                              c:/isis/application/toolchain/bin/../lib/gcc/arm-none-eabi/4.7.4/../../../../arm-none-eabi/lib\libc_s.a(lib_a-dtoa.o) (malloc)
c:/isis/application/toolchain/bin/../lib/gcc/arm-none-eabi/4.7.4/../../../../arm-none-eabi/lib\libc_s.a(lib_a-mallocr.o)
                              c:/isis/application/toolchain/bin/../lib/gcc/arm-none-eabi/4.7.4/../../../../arm-none-eabi/lib\libc_s.a(lib_a-malloc.o) (_malloc_r)
c:/isis/application/toolchain/bin/../lib/gcc/arm-none-eabi/4.7.4/../../../../arm-none-eabi/lib\libc_s.a(lib_a-memcpy.o)
                              c:/isis/application/toolchain/bin/../lib/gcc/arm-none-eabi/4.7.4/../../../../arm-none-eabi/lib\libc_s.a(lib_a-dtoa.o) (memcpy)
c:/isis/application/toolchain/bin/../lib/gcc/arm-none-eabi/4.7.4/../../../../arm-none-eabi/lib\libc_s.a(lib_a-mprec.o)
                              c:/isis/application/toolchain/bin/../lib/gcc/arm-none-eabi/4.7.4/../../../../arm-none-eabi/lib\libc_s.a(lib_a-dtoa.o) (_Balloc)
c:/isis/application/toolchain/bin/../lib/gcc/arm-none-eabi/4.7.4/../../../../arm-none-eabi/lib\libc_s.a(lib_a-s_fpclassify.o)
                              c:/isis/application/toolchain/bin/../lib/gcc/arm-none-eabi/4.7.4/../../../../arm-none-eabi/lib\libc_s.a(lib_a-vfprintf_float.o) (__fpclassifyd)
c:/isis/application/toolchain/bin/../lib/gcc/arm-none-eabi/4.7.4/../../../../arm-none-eabi/lib\libc_s.a(lib_a-sbrkr.o)
                              c:/isis/application/toolchain/bin/../lib/gcc/arm-none-eabi/4.7.4/../../../../arm-none-eabi/lib\libc_s.a(lib_a-mallocr.o) (_sbrk_r)
c:/isis/application/toolchain/bin/../lib/gcc/arm-none-eabi/4.7.4/../../../../arm-none-eabi/lib\libc_s.a(lib_a-sf_nan.o)
                              c:/isis/application/toolchain/bin/../lib/gcc/arm-none-eabi/4.7.4/../../../../arm-none-eabi/lib\libc_s.a(lib_a-vfscanf_float.o) (nanf)
c:/isis/application/toolchain/bin/../lib/gcc/arm-none-eabi/4.7.4/../../../../arm-none-eabi/lib\libc_s.a(lib_a-sprintf.o)
                              c:/isis/application/toolchain/bin/../lib/gcc/arm-none-eabi/4.7.4/../../../../arm-none-eabi/lib\libc_s.a(lib_a-vfscanf_float.o) (sprintf)
c:/isis/application/toolchain/bin/../lib/gcc/arm-none-eabi/4.7.4/../../../../arm-none-eabi/lib\libc_s.a(lib_a-strcmp.o)
                              c:/isis/application/toolchain/bin/../lib/gcc/arm-none-eabi/4.7.4/../../../../arm-none-eabi/lib\libc_s.a(lib_a-locale.o) (strcmp)
c:/isis/application/toolchain/bin/../lib/gcc/arm-none-eabi/4.7.4/../../../../arm-none-eabi/lib\libc_s.a(lib_a-strlen.o)
                              c:/isis/application/toolchain/bin/../lib/gcc/arm-none-eabi/4.7.4/../../../../arm-none-eabi/lib\libc_s.a(lib_a-vfprintf_float.o) (strlen)
c:/isis/application/toolchain/bin/../lib/gcc/arm-none-eabi/4.7.4/../../../../arm-none-eabi/lib\libc_s.a(lib_a-strtod.o)
                              c:/isis/application/toolchain/bin/../lib/gcc/arm-none-eabi/4.7.4/../../../../arm-none-eabi/lib\libc_s.a(lib_a-vfscanf_float.o) (_strtod_r)
c:/isis/application/toolchain/bin/../lib/gcc/arm-none-eabi/4.7.4/../../../../arm-none-eabi/lib\libc_s.a(lib_a-strtol.o)
                              c:/isis/application/toolchain/bin/../lib/gcc/arm-none-eabi/4.7.4/../../../../arm-none-eabi/lib\libc_s.a(lib_a-vfscanf_float.o) (_strtol_r)
c:/isis/application/toolchain/bin/../lib/gcc/arm-none-eabi/4.7.4/../../../../arm-none-eabi/lib\libc_s.a(lib_a-svfprintf.o)
                              c:/isis/application/toolchain/bin/../lib/gcc/arm-none-eabi/4.7.4/../../../../arm-none-eabi/lib\libc_s.a(lib_a-sprintf.o) (_svfprintf_r)
[...]
Memory Configuration

Name             Origin             Length             Attributes
sram0            0x00200000         0x00004000         w !xr
sram1            0x00300000         0x00004000         w !xr
sdram            0x20000000         0x02000000         w !xr
*default*        0x00000000         0xffffffff

Linker script and memory map

LOAD c:/isis/application/toolchain/bin/../lib/gcc/arm-none-eabi/4.7.4/../../../../arm-none-eabi/lib\libc_s.a
LOAD ./src/sub-systemCode/payload/Request Management/Dump/Butchering.o
LOAD ./src/sub-systemCode/payload/Request Management/Dump/imageDump.o
LOAD ./src/sub-systemCode/payload/Request Management/CameraManeger.o
LOAD ./src/sub-systemCode/payload/Request Management/DB_RequestHandling.o
LOAD ./src/sub-systemCode/payload/Misc/Boolean_bit.o
LOAD ./src/sub-systemCode/payload/Misc/FileSystem.o
LOAD ./src/sub-systemCode/payload/Drivers/GeckoCameraDriver.o
LOAD ./src/sub-systemCode/payload/DataBase/DataBase.o
LOAD ./src/sub-systemCode/payload/Compression/jpeg/bmp/rawToBMP.o
LOAD ./src/sub-systemCode/payload/Compression/jpeg/DCT.o
LOAD ./src/sub-systemCode/payload/Compression/jpeg/ImgCompressor.o
LOAD ./src/sub-systemCode/payload/Compression/jpeg/color_conv.o
LOAD ./src/sub-systemCode/payload/Compression/jpeg/jpeg.o
LOAD ./src/sub-systemCode/payload/Compression/jpeg/jpeg_encoder.o
LOAD ./src/sub-systemCode/payload/Compression/jpeg/jpeg_memory_alloc.o
LOAD ./src/sub-systemCode/payload/Compression/jpeg/jpeg_params.o
LOAD ./src/sub-systemCode/payload/Compression/jpeg/output_stream.o
LOAD ./src/sub-systemCode/payload/Compression/ImageConversion.o
LOAD ./src/sub-systemCode/Main/CMD/ADCS_CMD.o
LOAD ./src/sub-systemCode/Main/CMD/COMM_CMD.o
LOAD ./src/sub-systemCode/Main/CMD/EPS_CMD.o
LOAD ./src/sub-systemCode/Main/CMD/General_CMD.o
LOAD ./src/sub-systemCode/Main/CMD/SW_CMD.o
LOAD ./src/sub-systemCode/Main/CMD/payload_CMD.o
LOAD ./src/sub-systemCode/Main/Ants.o
LOAD ./src/sub-systemCode/Main/EPS.o
LOAD ./src/sub-systemCode/Main/HouseKeeping.o
LOAD ./src/sub-systemCode/Main/Main_Init.o
LOAD ./src/sub-systemCode/Main/commands.o
LOAD ./src/sub-systemCode/Global/GenericTaskSave.o
LOAD ./src/sub-systemCode/Global/Global.o
LOAD ./src/sub-systemCode/Global/GlobalParam.o
LOAD ./src/sub-systemCode/Global/OnlineTM.o
LOAD ./src/sub-systemCode/Global/TLM_management.o
LOAD ./src/sub-systemCode/Global/freertosExtended.o
LOAD ./src/sub-systemCode/Global/logger.o
LOAD ./src/sub-systemCode/CUF/CUF.o
LOAD ./src/sub-systemCode/CUF/uploadCodeTelemetry.o
LOAD ./src/sub-systemCode/COMM/APRS.o
LOAD ./src/sub-systemCode/COMM/DelayedCommand_list.o
LOAD ./src/sub-systemCode/COMM/GSC.o
LOAD ./src/sub-systemCode/COMM/TRXVU.o
LOAD ./src/sub-systemCode/ADCS/AdcsCommands.o
LOAD ./src/sub-systemCode/ADCS/AdcsGetDataAndTlm.o
LOAD ./src/sub-systemCode/ADCS/AdcsMain.o
LOAD ./src/sub-systemCode/ADCS/AdcsTroubleShooting.o
LOAD ./src/sub-systemCode/ADCS/StateMachine.o
LOAD ./src/main.o
LOAD C:/HOOPOE3/satellite-subsystems/demo/..//satellite-subsystems/lib\libSatelliteSubsystemsD.a
LOAD c:/isis/application/toolchain/bin/../lib/gcc/arm-none-eabi/4.7.4/../../../../arm-none-eabi/lib\libm.a
LOAD C:/HOOPOE3/satellite-subsystems/demo/../..//hal/hcc/lib\libHCCD.a
LOAD C:/HOOPOE3/satellite-subsystems/demo/../..//hal/hal/lib\libHALD.a
LOAD C:/HOOPOE3/satellite-subsystems/demo/../..//hal/freertos/lib\libFreeRTOSD.a
LOAD C:/HOOPOE3/satellite-subsystems/demo/../..//hal/at91/lib\libAt91D.a
START GROUP
LOAD c:/isis/application/toolchain/bin/../lib/gcc/arm-none-eabi/4.7.4\libgcc.a
LOAD c:/isis/application/toolchain/bin/../lib/gcc/arm-none-eabi/4.7.4/../../../../arm-none-eabi/lib\libc_s.a
END GROUP

.fixed          0x20000000    0x5b320
                0x20000000                . = ALIGN (0x4)
                0x20000000                _sfixed = .
 *(.startup)
 .startup       0x20000000      0x134 C:/HOOPOE3/satellite-subsystems/demo/../..//hal/at91/lib\libAt91D.a(board_cstartup.o)
                0x20000000                entry
 *(.text)
 .text          0x20000134       0x64 C:/HOOPOE3/satellite-subsystems/demo/../..//hal/at91/lib\libAt91D.a(cp15_asm.o)
                0x20000134                _readControlRegister
                0x20000140                _writeControlRegister
                0x20000148                _waitForInterrupt
                0x20000154                _writeTTB
                0x2000015c                _writeDomain
                0x20000164                _writeITLBLockdown
                0x2000016c                _prefetchICacheLine
                0x20000174                _flushDCache
                0x20000180                _flushWriteBuffer
                0x2000018c                _invalidateIDTLBs
 .text          0x20000198      0x114 c:/isis/application/toolchain/bin/../lib/gcc/arm-none-eabi/4.7.4\libgcc.a(_udivsi3.o)
                0x20000198                __aeabi_uidiv
                0x20000198                __udivsi3
                0x2000028c                __aeabi_uidivmod
 .text          0x200002ac      0x148 c:/isis/application/toolchain/bin/../lib/gcc/arm-none-eabi/4.7.4\libgcc.a(_divsi3.o)
                0x200002ac                __divsi3
                0x200002ac                __aeabi_idiv
                0x200003d4                __aeabi_idivmod
 .text          0x200003f4        0x4 c:/isis/application/toolchain/bin/../lib/gcc/arm-none-eabi/4.7.4\libgcc.a(_dvmd_tls.o)
                0x200003f4                __aeabi_idiv0
                0x200003f4                __aeabi_ldiv0
 .text          0x200003f8      0x41c c:/isis/application/toolchain/bin/../lib/gcc/arm-none-eabi/4.7.4\libgcc.a(_arm_addsubdf3.o)
                0x200003f8                __aeabi_drsub
                0x20000400                __aeabi_dsub
                0x20000400                __subdf3
                0x20000404                __aeabi_dadd
                0x20000404                __adddf3
                0x20000714                __floatunsidf
                0x20000714                __aeabi_ui2d
                0x20000738                __floatsidf
                0x20000738                __aeabi_i2d
                0x20000760                __aeabi_f2d
                0x20000760                __extendsfdf2
                0x200007a0                __floatundidf
                0x200007a0                __aeabi_ul2d
                0x200007b4                __floatdidf
                0x200007b4                __aeabi_l2d
 .text          0x20000814      0x49c c:/isis/application/toolchain/bin/../lib/gcc/arm-none-eabi/4.7.4\libgcc.a(_arm_muldivdf3.o)
                0x20000814                __aeabi_dmul
                0x20000814                __muldf3
                0x20000aa4                __divdf3
                0x20000aa4                __aeabi_ddiv
 .text          0x20000cb0      0x144 c:/isis/application/toolchain/bin/../lib/gcc/arm-none-eabi/4.7.4\libgcc.a(_arm_cmpdf2.o)
                0x20000cb0                __gtdf2
                0x20000cb0                __gedf2
                0x20000cb8                __ltdf2
                0x20000cb8                __ledf2
                0x20000cc0                __nedf2
                0x20000cc0                __eqdf2
                0x20000cc0                __cmpdf2
                0x20000d48                __aeabi_cdrcmple
                0x20000d64                __aeabi_cdcmpeq
                0x20000d64                __aeabi_cdcmple
                0x20000d7c                __aeabi_dcmpeq
                0x20000d94                __aeabi_dcmplt
                0x20000dac                __aeabi_dcmple
                0x20000dc4                __aeabi_dcmpge
                0x20000ddc                __aeabi_dcmpgt
 .text          0x20000df4       0x5c c:/isis/application/toolchain/bin/../lib/gcc/arm-none-eabi/4.7.4\libgcc.a(_arm_fixdfsi.o)
                0x20000df4                __aeabi_d2iz
                0x20000df4                __fixdfsi
 .text          0x20000e50       0x54 c:/isis/application/toolchain/bin/../lib/gcc/arm-none-eabi/4.7.4\libgcc.a(_arm_fixunsdfsi.o)
                0x20000e50                __aeabi_d2uiz
                0x20000e50                __fixunsdfsi
 .text          0x20000ea4       0xa0 c:/isis/application/toolchain/bin/../lib/gcc/arm-none-eabi/4.7.4\libgcc.a(_arm_truncdfsf2.o)
                0x20000ea4                __truncdfsf2
                0x20000ea4                __aeabi_d2f
 .text          0x20000f44      0x2ac c:/isis/application/toolchain/bin/../lib/gcc/arm-none-eabi/4.7.4\libgcc.a(_arm_addsubsf3.o)
                0x20000f44                __aeabi_frsub
                0x20000f4c                __subsf3
                0x20000f4c                __aeabi_fsub
                0x20000f50                __aeabi_fadd
                0x20000f50                __addsf3
                0x2000110c                __aeabi_ui2f
                0x2000110c                __floatunsisf
                0x20001114                __aeabi_i2f
                0x20001114                __floatsisf
                0x20001134                __aeabi_ul2f
                0x20001134                __floatundisf
                0x20001144                __aeabi_l2f
                0x20001144                __floatdisf
 .text          0x200011f0      0x2f8 c:/isis/application/toolchain/bin/../lib/gcc/arm-none-eabi/4.7.4\libgcc.a(_arm_muldivsf3.o)
                0x200011f0                __mulsf3
                0x200011f0                __aeabi_fmul
                0x20001388                __aeabi_fdiv
                0x20001388                __divsf3
 .text          0x200014e8      0x114 c:/isis/application/toolchain/bin/../lib/gcc/arm-none-eabi/4.7.4\libgcc.a(_arm_cmpsf2.o)
                0x200014e8                __gesf2
                0x200014e8                __gtsf2
                0x200014f0                __lesf2
                0x200014f0                __ltsf2
                0x200014f8                __nesf2
                0x200014f8                __eqsf2
                0x200014f8                __cmpsf2
                0x2000155c                __aeabi_cfrcmple
                0x2000156c                __aeabi_cfcmpeq
                0x2000156c                __aeabi_cfcmple
                0x20001584                __aeabi_fcmpeq
                0x2000159c                __aeabi_fcmplt
                0x200015b4                __aeabi_fcmple
                0x200015cc                __aeabi_fcmpge
                0x200015e4                __aeabi_fcmpgt
 .text          0x200015fc       0x54 c:/isis/application/toolchain/bin/../lib/gcc/arm-none-eabi/4.7.4\libgcc.a(_arm_fixunssfsi.o)
                0x200015fc                __fixunssfsi
                0x200015fc                __aeabi_f2uiz
 *(.text*)
 .text.__cvt    0x20001650      0x138 c:/isis/application/toolchain/bin/../lib/gcc/arm-none-eabi/4.7.4/../../../../arm-none-eabi/lib\libc_s.a(lib_a-vfprintf_float.o)
                0x20001650                __cvt
 .text.__exponent
                0x20001788       0xa8 c:/isis/application/toolchain/bin/../lib/gcc/arm-none-eabi/4.7.4/../../../../arm-none-eabi/lib\libc_s.a(lib_a-vfprintf_float.o)
                0x20001788                __exponent
 .text._printf_float
                0x20001830      0x7dc c:/isis/application/toolchain/bin/../lib/gcc/arm-none-eabi/4.7.4/../../../../arm-none-eabi/lib\libc_s.a(lib_a-vfprintf_float.o)
                0x20001830                _printf_float
 .text._printf_common
                0x2000200c      0x174 c:/isis/application/toolchain/bin/../lib/gcc/arm-none-eabi/4.7.4/../../../../arm-none-eabi/lib\libc_s.a(lib_a-vfprintf_i.o)
                0x2000200c                _printf_common
 .text._printf_i
                0x20002180      0x3c4 c:/isis/application/toolchain/bin/../lib/gcc/arm-none-eabi/4.7.4/../../../../arm-none-eabi/lib\libc_s.a(lib_a-vfprintf_i.o)
                0x20002180                _printf_i
 .text._scanf_float
                0x20002544      0x5f4 c:/isis/application/toolchain/bin/../lib/gcc/arm-none-eabi/4.7.4/../../../../arm-none-eabi/lib\libc_s.a(lib_a-vfscanf_float.o)
                0x20002544                _scanf_float
 .text.quorem   0x20002b38      0x1ac c:/isis/application/toolchain/bin/../lib/gcc/arm-none-eabi/4.7.4/../../../../arm-none-eabi/lib\libc_s.a(lib_a-dtoa.o)
 .text._dtoa_r  0x20002ce4     0x1268 c:/isis/application/toolchain/bin/../lib/gcc/arm-none-eabi/4.7.4/../../../../arm-none-eabi/lib\libc_s.a(lib_a-dtoa.o)
                0x20002ce4                _dtoa_r
 .text._localeconv_r
                0x20003f4c        0xc c:/isis/application/toolchain/bin/../lib/gcc/arm-none-eabi/4.7.4/../../../../arm-none-eabi/lib\libc_s.a(lib_a-locale.o)
                0x20003f4c                _localeconv_r
 .text.malloc   0x20003f58       0x20 c:/isis/application/toolchain/bin/../lib/gcc/arm-none-eabi/4.7.4/../../../../arm-none-eabi/lib\libc_s.a(lib_a-malloc.o)
                0x20003f58                malloc
 .text.free     0x20003f78       0x20 c:/isis/application/toolchain/bin/../lib/gcc/arm-none-eabi/4.7.4/../../../../arm-none-eabi/lib\libc_s.a(lib_a-malloc.o)
                0x20003f78                free
 .text._malloc_r
                0x20003f98       0xfc c:/isis/application/toolchain/bin/../lib/gcc/arm-none-eabi/4.7.4/../../../../arm-none-eabi/lib\libc_s.a(lib_a-mallocr.o)
                0x20003f98                _malloc_r
 .text.memcpy   0x20004094       0x20 c:/isis/application/toolchain/bin/../lib/gcc/arm-none-eabi/4.7.4/../../../../arm-none-eabi/lib\libc_s.a(lib_a-memcpy.o)
                0x20004094                memcpy
 .text._Balloc  0x200040b4       0xcc c:/isis/application/toolchain/bin/../lib/gcc/arm-none-eabi/4.7.4/../../../../arm-none-eabi/lib\libc_s.a(lib_a-mprec.o)
                0x200040b4                _Balloc
 .text._Bfree   0x20004180       0x5c c:/isis/application/toolchain/bin/../lib/gcc/arm-none-eabi/4.7.4/../../../../arm-none-eabi/lib\libc_s.a(lib_a-mprec.o)
                0x20004180                _Bfree
 .text.__multadd
                0x200041dc       0xbc c:/isis/application/toolchain/bin/../lib/gcc/arm-none-eabi/4.7.4/../../../../arm-none-eabi/lib\libc_s.a(lib_a-mprec.o)
                0x200041dc                __multadd
 .text.__s2b    0x20004298       0xd8 c:/isis/application/toolchain/bin/../lib/gcc/arm-none-eabi/4.7.4/../../../../arm-none-eabi/lib\libc_s.a(lib_a-mprec.o)
                0x20004298                __s2b
 .text.__hi0bits
                0x20004370       0x58 c:/isis/application/toolchain/bin/../lib/gcc/arm-none-eabi/4.7.4/../../../../arm-none-eabi/lib\libc_s.a(lib_a-mprec.o)
                0x20004370                __hi0bits
 .text.__lo0bits
                0x200043c8       0x94 c:/isis/application/toolchain/bin/../lib/gcc/arm-none-eabi/4.7.4/../../../../arm-none-eabi/lib\libc_s.a(lib_a-mprec.o)
                0x200043c8                __lo0bits
 .text.__i2b    0x2000445c       0x24 c:/isis/application/toolchain/bin/../lib/gcc/arm-none-eabi/4.7.4/../../../../arm-none-eabi/lib\libc_s.a(lib_a-mprec.o)
                0x2000445c                __i2b
 .text.__multiply
                0x20004480      0x1ac c:/isis/application/toolchain/bin/../lib/gcc/arm-none-eabi/4.7.4/../../../../arm-none-eabi/lib\libc_s.a(lib_a-mprec.o)
                0x20004480                __multiply
 .text.__pow5mult
                0x2000462c      0x10c c:/isis/application/toolchain/bin/../lib/gcc/arm-none-eabi/4.7.4/../../../../arm-none-eabi/lib\libc_s.a(lib_a-mprec.o)
                0x2000462c                __pow5mult
 .text.__lshift
                0x20004738       0xf0 c:/isis/application/toolchain/bin/../lib/gcc/arm-none-eabi/4.7.4/../../../../arm-none-eabi/lib\libc_s.a(lib_a-mprec.o)
                0x20004738                __lshift
 .text.__mcmp   0x20004828       0x60 c:/isis/application/toolchain/bin/../lib/gcc/arm-none-eabi/4.7.4/../../../../arm-none-eabi/lib\libc_s.a(lib_a-mprec.o)
                0x20004828                __mcmp
 .text.__mdiff  0x20004888      0x128 c:/isis/application/toolchain/bin/../lib/gcc/arm-none-eabi/4.7.4/../../../../arm-none-eabi/lib\libc_s.a(lib_a-mprec.o)
                0x20004888                __mdiff
 .text.__ulp    0x200049b0       0x5c c:/isis/application/toolchain/bin/../lib/gcc/arm-none-eabi/4.7.4/../../../../arm-none-eabi/lib\libc_s.a(lib_a-mprec.o)
                0x200049b0                __ulp
 .text.__b2d    0x20004a0c       0xc8 c:/isis/application/toolchain/bin/../lib/gcc/arm-none-eabi/4.7.4/../../../../arm-none-eabi/lib\libc_s.a(lib_a-mprec.o)
                0x20004a0c                __b2d
 .text.__d2b    0x20004ad4       0xfc c:/isis/application/toolchain/bin/../lib/gcc/arm-none-eabi/4.7.4/../../../../arm-none-eabi/lib\libc_s.a(lib_a-mprec.o)
                0x20004ad4                __d2b
 .text.__ratio  0x20004bd0       0x70 c:/isis/application/toolchain/bin/../lib/gcc/arm-none-eabi/4.7.4/../../../../arm-none-eabi/lib\libc_s.a(lib_a-mprec.o)
                0x20004bd0                __ratio
 .text.__copybits
                0x20004c40       0x4c c:/isis/application/toolchain/bin/../lib/gcc/arm-none-eabi/4.7.4/../../../../arm-none-eabi/lib\libc_s.a(lib_a-mprec.o)
                0x20004c40                __copybits
 .text.__any_on
                0x20004c8c       0x7c c:/isis/application/toolchain/bin/../lib/gcc/arm-none-eabi/4.7.4/../../../../arm-none-eabi/lib\libc_s.a(lib_a-mprec.o)
                0x20004c8c                __any_on
 .text.__fpclassifyd
                0x20004d08       0x6c c:/isis/application/toolchain/bin/../lib/gcc/arm-none-eabi/4.7.4/../../../../arm-none-eabi/lib\libc_s.a(lib_a-s_fpclassify.o)
                0x20004d08                __fpclassifyd
 .text._sbrk_r  0x20004d74       0x3c c:/isis/application/toolchain/bin/../lib/gcc/arm-none-eabi/4.7.4/../../../../arm-none-eabi/lib\libc_s.a(lib_a-sbrkr.o)
                0x20004d74                _sbrk_r
 .text.nanf     0x20004db0        0xc c:/isis/application/toolchain/bin/../lib/gcc/arm-none-eabi/4.7.4/../../../../arm-none-eabi/lib\libc_s.a(lib_a-sf_nan.o)
                0x20004db0                nanf
 .text.sprintf  0x20004dbc       0x6c c:/isis/application/toolchain/bin/../lib/gcc/arm-none-eabi/4.7.4/../../../../arm-none-eabi/lib\libc_s.a(lib_a-sprintf.o)
                0x20004dbc                siprintf
                0x20004dbc                sprintf
 .text.strcmp   0x20004e28       0x1c c:/isis/application/toolchain/bin/../lib/gcc/arm-none-eabi/4.7.4/../../../../arm-none-eabi/lib\libc_s.a(lib_a-strcmp.o)
                0x20004e28                strcmp
 .text.strlen   0x20004e44       0x1c c:/isis/application/toolchain/bin/../lib/gcc/arm-none-eabi/4.7.4/../../../../arm-none-eabi/lib\libc_s.a(lib_a-strlen.o)
                0x20004e44                strlen
 .text.match    0x20004e60       0x54 c:/isis/application/toolchain/bin/../lib/gcc/arm-none-eabi/4.7.4/../../../../arm-none-eabi/lib\libc_s.a(lib_a-strtod.o)
 .text._strtod_r
                0x20004eb4     0x1168 c:/isis/application/toolchain/bin/../lib/gcc/arm-none-eabi/4.7.4/../../../../arm-none-eabi/lib\libc_s.a(lib_a-strtod.o)
                0x20004eb4                _strtod_r
 .text._strtol_r
                0x2000601c      0x1b8 c:/isis/application/toolchain/bin/../lib/gcc/arm-none-eabi/4.7.4/../../../../arm-none-eabi/lib\libc_s.a(lib_a-strtol.o)
                0x2000601c                _strtol_r
 .text.__ssputc_r
                0x200061d4      0x10c c:/isis/application/toolchain/bin/../lib/gcc/arm-none-eabi/4.7.4/../../../../arm-none-eabi/lib\libc_s.a(lib_a-svfprintf.o)
                0x200061d4                __ssputc_r
 .text._svfprintf_r
                0x200062e0      0x328 c:/isis/application/toolchain/bin/../lib/gcc/arm-none-eabi/4.7.4/../../../../arm-none-eabi/lib\libc_s.a(lib_a-svfprintf.o)
                0x200062e0                _svfiprintf_r
                0x200062e0                _svfprintf_r
 .text._calloc_r
                0x20006608       0x2c c:/isis/application/toolchain/bin/../lib/gcc/arm-none-eabi/4.7.4/../../../../arm-none-eabi/lib\libc_s.a(lib_a-callocr.o)
                0x20006608                _calloc_r
 .text._free_r  0x20006634      0x108 c:/isis/application/toolchain/bin/../lib/gcc/arm-none-eabi/4.7.4/../../../../arm-none-eabi/lib\libc_s.a(lib_a-freer.o)
                0x20006634                _free_r
 .text.rshift   0x2000673c       0xb0 c:/isis/application/toolchain/bin/../lib/gcc/arm-none-eabi/4.7.4/../../../../arm-none-eabi/lib\libc_s.a(lib_a-gdtoa-gethex.o)
 .text.htinit.constprop.0
                0x200067ec       0x34 c:/isis/application/toolchain/bin/../lib/gcc/arm-none-eabi/4.7.4/../../../../arm-none-eabi/lib\libc_s.a(lib_a-gdtoa-gethex.o)
 .text.__hexdig_init
                0x20006820       0x38 c:/isis/application/toolchain/bin/../lib/gcc/arm-none-eabi/4.7.4/../../../../arm-none-eabi/lib\libc_s.a(lib_a-gdtoa-gethex.o)
                0x20006820                __hexdig_init
 .text.__gethex
                0x20006858      0x6cc c:/isis/application/toolchain/bin/../lib/gcc/arm-none-eabi/4.7.4/../../../../arm-none-eabi/lib\libc_s.a(lib_a-gdtoa-gethex.o)
                0x20006858                __gethex
 .text.L_shift  0x20006f24       0x38 c:/isis/application/toolchain/bin/../lib/gcc/arm-none-eabi/4.7.4/../../../../arm-none-eabi/lib\libc_s.a(lib_a-gdtoa-hexnan.o)
 .text.__hexnan
                0x20006f5c      0x1d8 c:/isis/application/toolchain/bin/../lib/gcc/arm-none-eabi/4.7.4/../../../../arm-none-eabi/lib\libc_s.a(lib_a-gdtoa-hexnan.o)
                0x20006f5c                __hexnan
 .text.memchr   0x20007134       0x34 c:/isis/application/toolchain/bin/../lib/gcc/arm-none-eabi/4.7.4/../../../../arm-none-eabi/lib\libc_s.a(lib_a-memchr.o)
                0x20007134                memchr
 .text.memset   0x20007168       0x1c c:/isis/application/toolchain/bin/../lib/gcc/arm-none-eabi/4.7.4/../../../../arm-none-eabi/lib\libc_s.a(lib_a-memset.o)
                0x20007168                memset
 .text._realloc_r
                0x20007184       0x80 c:/isis/application/toolchain/bin/../lib/gcc/arm-none-eabi/4.7.4/../../../../arm-none-eabi/lib\libc_s.a(lib_a-reallocr.o)
                0x20007184                _realloc_r
 .text.strncmp  0x20007204       0x64 c:/isis/application/toolchain/bin/../lib/gcc/arm-none-eabi/4.7.4/../../../../arm-none-eabi/lib\libc_s.a(lib_a-strncmp.o)
                0x20007204                strncmp
 .text._malloc_usable_size_r
                0x20007268       0x1c c:/isis/application/toolchain/bin/../lib/gcc/arm-none-eabi/4.7.4/../../../../arm-none-eabi/lib\libc_s.a(lib_a-msizer.o)
                0x20007268                _malloc_usable_size_r
 .text.GetChunkFromImage
                0x20007284      0x2d0 ./src/sub-systemCode/payload/Request Management/Dump/Butchering.o
                0x20007284                GetChunkFromImage
 .text.SimpleButcher
                0x20007554       0xd8 ./src/sub-systemCode/payload/Request Management/Dump/Butchering.o
                0x20007554                SimpleButcher
 .text.readChunkDimentionsFromFRAM
                0x2000762c       0x80 ./src/sub-systemCode/payload/Request Management/Dump/imageDump.o
                0x2000762c                readChunkDimentionsFromFRAM
 .text.setChunkDimensions_inFRAM
                0x200076ac      0x10c ./src/sub-systemCode/payload/Request Management/Dump/imageDump.o
                0x200076ac                setChunkDimensions_inFRAM
 .text.find_subType_ofImage
                0x200077b8       0xe0 ./src/sub-systemCode/payload/Request Management/Dump/imageDump.o
                0x200077b8                find_subType_ofImage
 .text.buildAndSend_chunck
                0x20007898      0x320 ./src/sub-systemCode/payload/Request Management/Dump/imageDump.o
                0x20007898                buildAndSend_chunck
 .text.bitField_imageDump
                0x20007bb8      0x23c ./src/sub-systemCode/payload/Request Management/Dump/imageDump.o
                0x20007bb8                bitField_imageDump
 .text.imageDataBase_Dump
                0x20007df4      0x118 ./src/sub-systemCode/payload/Request Management/Dump/imageDump.o
                0x20007df4                imageDataBase_Dump
 .text.chunkField_imageDump
                0x20007f0c      0x258 ./src/sub-systemCode/payload/Request Management/Dump/imageDump.o
                0x20007f0c                chunkField_imageDump
 .text.imageDump_task
                0x20008164      0x464 ./src/sub-systemCode/payload/Request Management/Dump/imageDump.o
                0x20008164                imageDump_task
 .text.CameraManagerTaskMain
                0x200085c8      0x14c ./src/sub-systemCode/payload/Request Management/CameraManeger.o
                0x200085c8                CameraManagerTaskMain
 .text.initCamera
                0x20008714       0xa4 ./src/sub-systemCode/payload/Request Management/CameraManeger.o
                0x20008714                initCamera
 .text.KickStartCamera
                0x200087b8       0xe4 ./src/sub-systemCode/payload/Request Management/CameraManeger.o
                0x200087b8                KickStartCamera
 .text.addRequestToQueue
                0x2000889c       0xa8 ./src/sub-systemCode/payload/Request Management/CameraManeger.o
                0x2000889c                addRequestToQueue
 .text.removeRequestFromQueue
                0x20008944       0x7c ./src/sub-systemCode/payload/Request Management/CameraManeger.o
                0x20008944                removeRequestFromQueue
 .text.Take_pictures_with_time_in_between
                0x200089c0       0xec ./src/sub-systemCode/payload/Request Management/CameraManeger.o
                0x200089c0                Take_pictures_with_time_in_between
 .text.Gecko_TroubleShooter
                0x20008aac       0xd8 ./src/sub-systemCode/payload/Request Management/CameraManeger.o
                0x20008aac                Gecko_TroubleShooter
 .text.startDumpTask
                0x20008b84       0x70 ./src/sub-systemCode/payload/Request Management/CameraManeger.o
                0x20008b84                startDumpTask
 .text.act_upon_request
                0x20008bf4      0x4f8 ./src/sub-systemCode/payload/Request Management/CameraManeger.o
                0x20008bf4                act_upon_request
 .text.TakePicture
                0x200090ec       0x4c ./src/sub-systemCode/payload/Request Management/DB_RequestHandling.o
                0x200090ec                TakePicture
 .text.TakeSpecialPicture
                0x20009138      0x130 ./src/sub-systemCode/payload/Request Management/DB_RequestHandling.o
                0x20009138                TakeSpecialPicture
 .text.DeletePictureFile
                0x20009268       0x88 ./src/sub-systemCode/payload/Request Management/DB_RequestHandling.o
                0x20009268                DeletePictureFile
 .text.DeletePicture
                0x200092f0       0x6c ./src/sub-systemCode/payload/Request Management/DB_RequestHandling.o
                0x200092f0                DeletePicture
 .text.TransferPicture
                0x2000935c       0x54 ./src/sub-systemCode/payload/Request Management/DB_RequestHandling.o
                0x2000935c                TransferPicture
 .text.CreateThumbnail
                0x200093b0       0x80 ./src/sub-systemCode/payload/Request Management/DB_RequestHandling.o
                0x200093b0                CreateThumbnail
 .text.CreateJPG
                0x20009430       0x7c ./src/sub-systemCode/payload/Request Management/DB_RequestHandling.o
                0x20009430                CreateJPG
 .text.UpdatePhotographyValues
                0x200094ac       0xd8 ./src/sub-systemCode/payload/Request Management/DB_RequestHandling.o
                0x200094ac                UpdatePhotographyValues
 .text.setChunkDimensions
                0x20009584       0x64 ./src/sub-systemCode/payload/Request Management/DB_RequestHandling.o
                0x20009584                setChunkDimensions
 .text.convert2char
                0x200095e8      0x14c ./src/sub-systemCode/payload/Misc/Boolean_bit.o
                0x200095e8                convert2char
 .text.convert2byte
                0x20009734      0x1c8 ./src/sub-systemCode/payload/Misc/Boolean_bit.o
                0x20009734                convert2byte
 .text.bits2byte
                0x200098fc      0x17c ./src/sub-systemCode/payload/Misc/Boolean_bit.o
                0x200098fc                bits2byte
 .text.byte2bits
                0x20009a78      0x17c ./src/sub-systemCode/payload/Misc/Boolean_bit.o
                0x20009a78                byte2bits
 .text.char2bits
                0x20009bf4       0x44 ./src/sub-systemCode/payload/Misc/Boolean_bit.o
                0x20009bf4                char2bits
 .text.bits2char
                0x20009c38       0x3c ./src/sub-systemCode/payload/Misc/Boolean_bit.o
                0x20009c38                bits2char
 .text.ReadFromFile
                0x20009c74       0x6c ./src/sub-systemCode/payload/Misc/FileSystem.o
                0x20009c74                ReadFromFile
 .text.WriteToFile
                0x20009ce0       0x74 ./src/sub-systemCode/payload/Misc/FileSystem.o
                0x20009ce0                WriteToFile
 .text.Initialized_GPIO
                0x20009d54       0x54 ./src/sub-systemCode/payload/Drivers/GeckoCameraDriver.o
                0x20009d54                Initialized_GPIO
 .text.TurnOnGecko
                0x20009da8      0x140 ./src/sub-systemCode/payload/Drivers/GeckoCameraDriver.o
                0x20009da8                TurnOnGecko
 .text.TurnOffGecko
                0x20009ee8       0xd8 ./src/sub-systemCode/payload/Drivers/GeckoCameraDriver.o
                0x20009ee8                TurnOffGecko
 .text.initGecko
                0x20009fc0       0x3c ./src/sub-systemCode/payload/Drivers/GeckoCameraDriver.o
                0x20009fc0                initGecko
 .text.GECKO_TakeImage
                0x20009ffc      0x2f4 ./src/sub-systemCode/payload/Drivers/GeckoCameraDriver.o
                0x20009ffc                GECKO_TakeImage
 .text.GECKO_ReadImage
                0x2000a2f0      0x234 ./src/sub-systemCode/payload/Drivers/GeckoCameraDriver.o
                0x2000a2f0                GECKO_ReadImage
 .text.GECKO_EraseBlock
                0x2000a524       0xf0 ./src/sub-systemCode/payload/Drivers/GeckoCameraDriver.o
                0x2000a524                GECKO_EraseBlock
 .text.getFileName
                0x2000a614      0x190 ./src/sub-systemCode/payload/DataBase/DataBase.o
 .text.zeroImageDataBase
                0x2000a7a4       0xfc ./src/sub-systemCode/payload/DataBase/DataBase.o
                0x2000a7a4                zeroImageDataBase
 .text.updateGeneralDataBaseParameters
                0x2000a8a0       0x5c ./src/sub-systemCode/payload/DataBase/DataBase.o
                0x2000a8a0                updateGeneralDataBaseParameters
 .text.SearchDataBase_byID
                0x2000a8fc      0x234 ./src/sub-systemCode/payload/DataBase/DataBase.o
                0x2000a8fc                SearchDataBase_byID
 .text.SearchDataBase_byMark
                0x2000ab30       0xb8 ./src/sub-systemCode/payload/DataBase/DataBase.o
                0x2000ab30                SearchDataBase_byMark
 .text.checkForFileType
                0x2000abe8       0x74 ./src/sub-systemCode/payload/DataBase/DataBase.o
                0x2000abe8                checkForFileType
 .text.updateFileTypes
                0x2000ac5c       0xbc ./src/sub-systemCode/payload/DataBase/DataBase.o
                0x2000ac5c                updateFileTypes
 .text.GetImageFactor
                0x2000ad18       0x58 ./src/sub-systemCode/payload/DataBase/DataBase.o
                0x2000ad18                GetImageFactor
 .text.readImageFromBuffer
                0x2000ad70      0x12c ./src/sub-systemCode/payload/DataBase/DataBase.o
                0x2000ad70                readImageFromBuffer
 .text.saveImageToBuffer
                0x2000ae9c      0x12c ./src/sub-systemCode/payload/DataBase/DataBase.o
                0x2000ae9c                saveImageToBuffer
 .text.getLatestID
                0x2000afc8       0x48 ./src/sub-systemCode/payload/DataBase/DataBase.o
                0x2000afc8                getLatestID
 .text.getDataBaseStart
                0x2000b010       0x20 ./src/sub-systemCode/payload/DataBase/DataBase.o
                0x2000b010                getDataBaseStart
 .text.setDataBaseValues
                0x2000b030      0x208 ./src/sub-systemCode/payload/DataBase/DataBase.o
                0x2000b030                setDataBaseValues
 .text.initImageDataBase
                0x2000b238      0x20c ./src/sub-systemCode/payload/DataBase/DataBase.o
                0x2000b238                initImageDataBase
 .text.resetImageDataBase
                0x2000b444       0x98 ./src/sub-systemCode/payload/DataBase/DataBase.o
                0x2000b444                resetImageDataBase
 .text.setCameraPhotographyValues
                0x2000b4dc      0x130 ./src/sub-systemCode/payload/DataBase/DataBase.o
                0x2000b4dc                setCameraPhotographyValues
 .text.transferImageToSD_withoutSearch
                0x2000b60c      0x17c ./src/sub-systemCode/payload/DataBase/DataBase.o
                0x2000b60c                transferImageToSD_withoutSearch
 .text.transferImageToSD
                0x2000b788       0xac ./src/sub-systemCode/payload/DataBase/DataBase.o
                0x2000b788                transferImageToSD
 .text.DeleteImageFromOBC_withoutSearch
                0x2000b834       0xf0 ./src/sub-systemCode/payload/DataBase/DataBase.o
                0x2000b834                DeleteImageFromOBC_withoutSearch
 .text.DeleteImageFromOBC
                0x2000b924       0xb8 ./src/sub-systemCode/payload/DataBase/DataBase.o
                0x2000b924                DeleteImageFromOBC
 .text.DeleteImageFromPayload
                0x2000b9dc      0x270 ./src/sub-systemCode/payload/DataBase/DataBase.o
                0x2000b9dc                DeleteImageFromPayload
 .text.clearImageDataBase
                0x2000bc4c      0x13c ./src/sub-systemCode/payload/DataBase/DataBase.o
                0x2000bc4c                clearImageDataBase
 .text.handleMarkedPictures
                0x2000bd88      0x278 ./src/sub-systemCode/payload/DataBase/DataBase.o
                0x2000bd88                handleMarkedPictures
 .text.writeNewImageMetaDataToFRAM
                0x2000c000      0x21c ./src/sub-systemCode/payload/DataBase/DataBase.o
                0x2000c000                writeNewImageMetaDataToFRAM
 .text.takePicture
                0x2000c21c      0x344 ./src/sub-systemCode/payload/DataBase/DataBase.o
                0x2000c21c                takePicture
 .text.takePicture_withSpecialParameters
                0x2000c560       0xbc ./src/sub-systemCode/payload/DataBase/DataBase.o
                0x2000c560                takePicture_withSpecialParameters
 .text.GetImageFileName
                0x2000c61c       0xd0 ./src/sub-systemCode/payload/DataBase/DataBase.o
                0x2000c61c                GetImageFileName
 .text.getDataBaseSize
                0x2000c6ec       0x20 ./src/sub-systemCode/payload/DataBase/DataBase.o
                0x2000c6ec                getDataBaseSize
 .text.getImageDataBaseBuffer
                0x2000c70c      0x240 ./src/sub-systemCode/payload/DataBase/DataBase.o
                0x2000c70c                getImageDataBaseBuffer
 .text.setAutoThumbnailCreation
                0x2000c94c       0x30 ./src/sub-systemCode/payload/DataBase/DataBase.o
                0x2000c94c                setAutoThumbnailCreation
 .text.TransformRawToBMP
                0x2000c97c      0x1e0 ./src/sub-systemCode/payload/Compression/jpeg/bmp/rawToBMP.o
                0x2000c97c                TransformRawToBMP
 .text.interpolate
                0x2000cb5c      0x8d0 ./src/sub-systemCode/payload/Compression/jpeg/bmp/rawToBMP.o
                0x2000cb5c                interpolate
 .text.getInputAt
                0x2000d42c      0x308 ./src/sub-systemCode/payload/Compression/jpeg/bmp/rawToBMP.o
                0x2000d42c                getInputAt
 .text.f_writeF_FILEHeader
                0x2000d734      0x2f0 ./src/sub-systemCode/payload/Compression/jpeg/bmp/rawToBMP.o
                0x2000d734                f_writeF_FILEHeader
 .text.f_writeOutputRow
                0x2000da24       0xbc ./src/sub-systemCode/payload/Compression/jpeg/bmp/rawToBMP.o
                0x2000da24                f_writeOutputRow
 .text.dct      0x2000dae0      0x9c4 ./src/sub-systemCode/payload/Compression/jpeg/DCT.o
                0x2000dae0                dct
 .text.JPEG_compressor
                0x2000e4a4       0xfc ./src/sub-systemCode/payload/Compression/jpeg/ImgCompressor.o
                0x2000e4a4                JPEG_compressor
 .text.Create_BMP_File
                0x2000e5a0       0xf4 ./src/sub-systemCode/payload/Compression/jpeg/ImgCompressor.o
                0x2000e5a0                Create_BMP_File
 .text.CompressImage
                0x2000e694      0x1cc ./src/sub-systemCode/payload/Compression/jpeg/ImgCompressor.o
                0x2000e694                CompressImage
 .text.clamp    0x2000e860       0x60 ./src/sub-systemCode/payload/Compression/jpeg/color_conv.o
                0x2000e860                clamp
 .text.RGB_to_YCC
                0x2000e8c0      0x1a8 ./src/sub-systemCode/payload/Compression/jpeg/color_conv.o
                0x2000e8c0                RGB_to_YCC
 .text.RGB_to_Y
                0x2000ea68       0xc4 ./src/sub-systemCode/payload/Compression/jpeg/color_conv.o
                0x2000ea68                RGB_to_Y
 .text.Y_to_YCC
                0x2000eb2c       0x88 ./src/sub-systemCode/payload/Compression/jpeg/color_conv.o
                0x2000eb2c                Y_to_YCC
 .text.compress_image_to_jpeg_file
                0x2000ebb4      0x1ac ./src/sub-systemCode/payload/Compression/jpeg/jpeg.o
                0x2000ebb4                compress_image_to_jpeg_file
 .text.emit_marker
                0x2000ed60       0xc8 ./src/sub-systemCode/payload/Compression/jpeg/jpeg_encoder.o
                0x2000ed60                emit_marker
 .text.emit_byte
                0x2000ee28       0x6c ./src/sub-systemCode/payload/Compression/jpeg/jpeg_encoder.o
                0x2000ee28                emit_byte
 .text.emit_word
                0x2000ee94       0xd0 ./src/sub-systemCode/payload/Compression/jpeg/jpeg_encoder.o
                0x2000ee94                emit_word
 .text.emit_jfif_app0
                0x2000ef64       0xc0 ./src/sub-systemCode/payload/Compression/jpeg/jpeg_encoder.o
                0x2000ef64                emit_jfif_app0
 .text.emit_dqt
                0x2000f024       0xd8 ./src/sub-systemCode/payload/Compression/jpeg/jpeg_encoder.o
                0x2000f024                emit_dqt
 .text.emit_sof
                0x2000f0fc      0x14c ./src/sub-systemCode/payload/Compression/jpeg/jpeg_encoder.o
                0x2000f0fc                emit_sof
 .text.emit_dht
                0x2000f248      0x138 ./src/sub-systemCode/payload/Compression/jpeg/jpeg_encoder.o
                0x2000f248                emit_dht
 .text.emit_dhts
                0x2000f380       0xd8 ./src/sub-systemCode/payload/Compression/jpeg/jpeg_encoder.o
                0x2000f380                emit_dhts
 .text.emit_sos
                0x2000f458       0xec ./src/sub-systemCode/payload/Compression/jpeg/jpeg_encoder.o
                0x2000f458                emit_sos
 .text.emit_markers
                0x2000f544       0x4c ./src/sub-systemCode/payload/Compression/jpeg/jpeg_encoder.o
                0x2000f544                emit_markers
 .text.compute_huffman_table
                0x2000f590      0x334 ./src/sub-systemCode/payload/Compression/jpeg/jpeg_encoder.o
                0x2000f590                compute_huffman_table
 .text.compute_quant_table
                0x2000f8c4      0x11c ./src/sub-systemCode/payload/Compression/jpeg/jpeg_encoder.o
                0x2000f8c4                compute_quant_table
 .text.first_pass_init
                0x2000f9e0       0x54 ./src/sub-systemCode/payload/Compression/jpeg/jpeg_encoder.o
                0x2000f9e0                first_pass_init
 .text.second_pass_init
                0x2000fa34      0x110 ./src/sub-systemCode/payload/Compression/jpeg/jpeg_encoder.o
                0x2000fa34                second_pass_init
 .text.jpg_open
                0x2000fb44      0x7b4 ./src/sub-systemCode/payload/Compression/jpeg/jpeg_encoder.o
                0x2000fb44                jpg_open
 .text.load_block_8_8_grey
                0x200102f8      0x164 ./src/sub-systemCode/payload/Compression/jpeg/jpeg_encoder.o
                0x200102f8                load_block_8_8_grey
 .text.load_block_8_8
                0x2001045c      0x198 ./src/sub-systemCode/payload/Compression/jpeg/jpeg_encoder.o
                0x2001045c                load_block_8_8
 .text.load_block_16_8
                0x200105f4      0x3cc ./src/sub-systemCode/payload/Compression/jpeg/jpeg_encoder.o
                0x200105f4                load_block_16_8
 .text.load_block_16_8_8
                0x200109c0      0x2a8 ./src/sub-systemCode/payload/Compression/jpeg/jpeg_encoder.o
                0x200109c0                load_block_16_8_8
 .text.load_coefficients
                0x20010c68      0x1c8 ./src/sub-systemCode/payload/Compression/jpeg/jpeg_encoder.o
                0x20010c68                load_coefficients
 .text.flush_output_buffer
                0x20010e30       0xa0 ./src/sub-systemCode/payload/Compression/jpeg/jpeg_encoder.o
                0x20010e30                flush_output_buffer
 .text.put_bits
                0x20010ed0      0x170 ./src/sub-systemCode/payload/Compression/jpeg/jpeg_encoder.o
                0x20010ed0                put_bits
 .text.code_coefficients_pass_two
                0x20011040      0x338 ./src/sub-systemCode/payload/Compression/jpeg/jpeg_encoder.o
                0x20011040                code_coefficients_pass_two
 .text.code_block
                0x20011378       0x44 ./src/sub-systemCode/payload/Compression/jpeg/jpeg_encoder.o
                0x20011378                code_block
 .text.process_mcu_row
                0x200113bc      0x328 ./src/sub-systemCode/payload/Compression/jpeg/jpeg_encoder.o
                0x200113bc                process_mcu_row
 .text.terminate_pass_two
                0x200116e4       0x44 ./src/sub-systemCode/payload/Compression/jpeg/jpeg_encoder.o
                0x200116e4                terminate_pass_two
 .text.process_end_of_image
                0x20011728       0xc0 ./src/sub-systemCode/payload/Compression/jpeg/jpeg_encoder.o
                0x20011728                process_end_of_image
 .text.load_mcu
                0x200117e8      0x29c ./src/sub-systemCode/payload/Compression/jpeg/jpeg_encoder.o
                0x200117e8                load_mcu
 .text.clear    0x20011a84      0x1e0 ./src/sub-systemCode/payload/Compression/jpeg/jpeg_encoder.o
                0x20011a84                clear
 .text.init     0x20011c64       0xe4 ./src/sub-systemCode/payload/Compression/jpeg/jpeg_encoder.o
                0x20011c64                init
 .text.deinit   0x20011d48      0x160 ./src/sub-systemCode/payload/Compression/jpeg/jpeg_encoder.o
                0x20011d48                deinit
 .text.process_scanline
                0x20011ea8       0x6c ./src/sub-systemCode/payload/Compression/jpeg/jpeg_encoder.o
                0x20011ea8                process_scanline
 .text.jpge_malloc
                0x20011f14       0x28 ./src/sub-systemCode/payload/Compression/jpeg/jpeg_memory_alloc.o
                0x20011f14                jpge_malloc
 .text.jpge_cmalloc
                0x20011f3c       0x48 ./src/sub-systemCode/payload/Compression/jpeg/jpeg_memory_alloc.o
                0x20011f3c                jpge_cmalloc
 .text.jpge_free
                0x20011f84       0x24 ./src/sub-systemCode/payload/Compression/jpeg/jpeg_memory_alloc.o
                0x20011f84                jpge_free
 .text.check    0x20011fa8       0x78 ./src/sub-systemCode/payload/Compression/jpeg/jpeg_params.o
                0x20011fa8                check
 .text.open_jpeg_file
                0x20012020       0xfc ./src/sub-systemCode/payload/Compression/jpeg/output_stream.o
                0x20012020                open_jpeg_file
 .text.close_jpeg_file
                0x2001211c      0x118 ./src/sub-systemCode/payload/Compression/jpeg/output_stream.o
                0x2001211c                close_jpeg_file
 .text.put_buf  0x20012234      0x258 ./src/sub-systemCode/payload/Compression/jpeg/output_stream.o
                0x20012234                put_buf
 .text.GetBayerPixel
                0x2001248c       0xe8 ./src/sub-systemCode/payload/Compression/ImageConversion.o
 .text.BinImage
                0x20012574      0x2c8 ./src/sub-systemCode/payload/Compression/ImageConversion.o
                0x20012574                BinImage
 .text.ImageSkipping
                0x2001283c      0x2ac ./src/sub-systemCode/payload/Compression/ImageConversion.o
                0x2001283c                ImageSkipping
 .text.CreateImageThumbnail_withoutSearch
                0x20012ae8      0x14c ./src/sub-systemCode/payload/Compression/ImageConversion.o
                0x20012ae8                CreateImageThumbnail_withoutSearch
 .text.CreateImageThumbnail
                0x20012c34       0x98 ./src/sub-systemCode/payload/Compression/ImageConversion.o
                0x20012c34                CreateImageThumbnail
 .text.compressImage
                0x20012ccc      0x17c ./src/sub-systemCode/payload/Compression/ImageConversion.o
                0x20012ccc                compressImage
 .text.AdcsCmdQueueInit
                0x20012e48       0x4c ./src/sub-systemCode/Main/CMD/ADCS_CMD.o
                0x20012e48                AdcsCmdQueueInit
 .text.AdcsCmdQueueGet
                0x20012e94       0x8c ./src/sub-systemCode/Main/CMD/ADCS_CMD.o
                0x20012e94                AdcsCmdQueueGet
 .text.AdcsCmdQueueAdd
                0x20012f20       0x74 ./src/sub-systemCode/Main/CMD/ADCS_CMD.o
                0x20012f20                AdcsCmdQueueAdd
 .text.AdcsCmdQueueIsEmpty
                0x20012f94       0x3c ./src/sub-systemCode/Main/CMD/ADCS_CMD.o
                0x20012f94                AdcsCmdQueueIsEmpty
 .text.getAdcsQueueWaitPointer
                0x20012fd0       0x20 ./src/sub-systemCode/Main/CMD/ADCS_CMD.o
                0x20012fd0                getAdcsQueueWaitPointer
 .text.cmd_mute
                0x20012ff0       0xf4 ./src/sub-systemCode/Main/CMD/COMM_CMD.o
                0x20012ff0                cmd_mute
 .text.cmd_unmute
                0x200130e4       0x90 ./src/sub-systemCode/Main/CMD/COMM_CMD.o
                0x200130e4                cmd_unmute
 .text.cmd_active_trans
                0x20013174       0xc0 ./src/sub-systemCode/Main/CMD/COMM_CMD.o
                0x20013174                cmd_active_trans
 .text.cmd_shut_trans
                0x20013234       0x8c ./src/sub-systemCode/Main/CMD/COMM_CMD.o
                0x20013234                cmd_shut_trans
 .text.cmd_change_trans_rssi
                0x200132c0      0x124 ./src/sub-systemCode/Main/CMD/COMM_CMD.o
                0x200132c0                cmd_change_trans_rssi
 .text.cmd_aprs_dump
                0x200133e4       0x38 ./src/sub-systemCode/Main/CMD/COMM_CMD.o
                0x200133e4                cmd_aprs_dump
 .text.cmd_stop_dump
                0x2001341c       0x8c ./src/sub-systemCode/Main/CMD/COMM_CMD.o
                0x2001341c                cmd_stop_dump
 .text.cmd_time_frequency
                0x200134a8       0xe4 ./src/sub-systemCode/Main/CMD/COMM_CMD.o
                0x200134a8                cmd_time_frequency
 .text.cmd_change_def_bit_rate
                0x2001358c      0x188 ./src/sub-systemCode/Main/CMD/COMM_CMD.o
                0x2001358c                cmd_change_def_bit_rate
 .text.cmd_upload_volt_logic
                0x20013714      0x370 ./src/sub-systemCode/Main/CMD/EPS_CMD.o
                0x20013714                cmd_upload_volt_logic
 .text.cmd_upload_volt_COMM
                0x20013a84      0x1d4 ./src/sub-systemCode/Main/CMD/EPS_CMD.o
                0x20013a84                cmd_upload_volt_COMM
 .text.cmd_heater_temp
                0x20013c58       0xe4 ./src/sub-systemCode/Main/CMD/EPS_CMD.o
                0x20013c58                cmd_heater_temp
 .text.cmd_SHUT_CAM
                0x20013d3c       0x78 ./src/sub-systemCode/Main/CMD/EPS_CMD.o
                0x20013d3c                cmd_SHUT_CAM
 .text.cmd_SHUT_ADCS
                0x20013db4       0x78 ./src/sub-systemCode/Main/CMD/EPS_CMD.o
                0x20013db4                cmd_SHUT_ADCS
 .text.cmd_allow_CAM
                0x20013e2c       0x78 ./src/sub-systemCode/Main/CMD/EPS_CMD.o
                0x20013e2c                cmd_allow_CAM
 .text.cmd_allow_ADCS
                0x20013ea4       0x78 ./src/sub-systemCode/Main/CMD/EPS_CMD.o
                0x20013ea4                cmd_allow_ADCS
 .text.cmd_update_alpha
                0x20013f1c      0x120 ./src/sub-systemCode/Main/CMD/EPS_CMD.o
                0x20013f1c                cmd_update_alpha
 .text.cmd_generic_I2C
                0x2001403c       0xe4 ./src/sub-systemCode/Main/CMD/General_CMD.o
                0x2001403c                cmd_generic_I2C
 .text.cmd_dump
                0x20014120       0xf0 ./src/sub-systemCode/Main/CMD/General_CMD.o
                0x20014120                cmd_dump
 .text.cmd_delete_TM
                0x20014210      0x238 ./src/sub-systemCode/Main/CMD/General_CMD.o
                0x20014210                cmd_delete_TM
 .text.cmd_reset_file
                0x20014448      0x130 ./src/sub-systemCode/Main/CMD/General_CMD.o
                0x20014448                cmd_reset_file
 .text.cmd_dummy_func
                0x20014578       0x40 ./src/sub-systemCode/Main/CMD/General_CMD.o
                0x20014578                cmd_dummy_func
 .text.cmd_reset_TLM_SD
                0x200145b8       0x38 ./src/sub-systemCode/Main/CMD/General_CMD.o
                0x200145b8                cmd_reset_TLM_SD
 .text.cmd_stop_TM
                0x200145f0       0x7c ./src/sub-systemCode/Main/CMD/General_CMD.o
                0x200145f0                cmd_stop_TM
 .text.cmd_resume_TM
                0x2001466c       0x7c ./src/sub-systemCode/Main/CMD/General_CMD.o
                0x2001466c                cmd_resume_TM
 .text.cmd_soft_reset_cmponent
                0x200146e8       0xd0 ./src/sub-systemCode/Main/CMD/General_CMD.o
                0x200146e8                cmd_soft_reset_cmponent
 .text.cmd_hard_reset_cmponent
                0x200147b8       0xd0 ./src/sub-systemCode/Main/CMD/General_CMD.o
                0x200147b8                cmd_hard_reset_cmponent
 .text.cmd_reset_satellite
                0x20014888       0x90 ./src/sub-systemCode/Main/CMD/General_CMD.o
                0x20014888                cmd_reset_satellite
 .text.cmd_gracefull_reset_satellite
                0x20014918       0x90 ./src/sub-systemCode/Main/CMD/General_CMD.o
                0x20014918                cmd_gracefull_reset_satellite
 .text.cmd_upload_time
                0x200149a8       0xc8 ./src/sub-systemCode/Main/CMD/General_CMD.o
                0x200149a8                cmd_upload_time
 .text.cmd_ARM_DIARM
                0x20014a70      0x104 ./src/sub-systemCode/Main/CMD/General_CMD.o
                0x20014a70                cmd_ARM_DIARM
 .text.cmd_get_onlineTM
                0x20014b74      0x220 ./src/sub-systemCode/Main/CMD/General_CMD.o
                0x20014b74                cmd_get_onlineTM
 .text.cmd_reset_off_line
                0x20014d94       0x74 ./src/sub-systemCode/Main/CMD/General_CMD.o
                0x20014d94                cmd_reset_off_line
 .text.cmd_add_item_off_line
                0x20014e08      0x124 ./src/sub-systemCode/Main/CMD/General_CMD.o
                0x20014e08                cmd_add_item_off_line
 .text.cmd_delete_item_off_line
                0x20014f2c       0xb0 ./src/sub-systemCode/Main/CMD/General_CMD.o
                0x20014f2c                cmd_delete_item_off_line
 .text.cmd_get_off_line_setting
                0x20014fdc      0x1cc ./src/sub-systemCode/Main/CMD/General_CMD.o
                0x20014fdc                cmd_get_off_line_setting
 .text.cmd_reset_delayed_command_list
                0x200151a8       0x3c ./src/sub-systemCode/Main/CMD/SW_CMD.o
                0x200151a8                cmd_reset_delayed_command_list
 .text.cmd_reset_APRS_list
                0x200151e4       0x3c ./src/sub-systemCode/Main/CMD/SW_CMD.o
                0x200151e4                cmd_reset_APRS_list
 .text.cmd_reset_FRAM
                0x20015220      0x100 ./src/sub-systemCode/Main/CMD/SW_CMD.o
                0x20015220                cmd_reset_FRAM
 .text.ARM_ants
                0x20015320       0xb8 ./src/sub-systemCode/Main/Ants.o
                0x20015320                ARM_ants
 .text.DISARM_ants
                0x200153d8       0xb8 ./src/sub-systemCode/Main/Ants.o
                0x200153d8                DISARM_ants
 .text.reset_deployStatusFRAM
                0x20015490       0xc0 ./src/sub-systemCode/Main/Ants.o
                0x20015490                reset_deployStatusFRAM
 .text.reset_FRAM_ants
                0x20015550       0x88 ./src/sub-systemCode/Main/Ants.o
                0x20015550                reset_FRAM_ants
 .text.update_stopDeploy_FRAM
                0x200155d8       0x48 ./src/sub-systemCode/Main/Ants.o
                0x200155d8                update_stopDeploy_FRAM
 .text.round_vol
                0x20015620      0x124 ./src/sub-systemCode/Main/EPS.o
                0x20015620                round_vol
 .text.get_shut_ADCS
                0x20015744       0x48 ./src/sub-systemCode/Main/EPS.o
                0x20015744                get_shut_ADCS
 .text.shut_ADCS
                0x2001578c       0x44 ./src/sub-systemCode/Main/EPS.o
                0x2001578c                shut_ADCS
 .text.get_shut_CAM
                0x200157d0       0x48 ./src/sub-systemCode/Main/EPS.o
                0x200157d0                get_shut_CAM
 .text.shut_CAM
                0x20015818       0x44 ./src/sub-systemCode/Main/EPS.o
                0x20015818                shut_CAM
 .text.update_powerLines
                0x2001585c       0xec ./src/sub-systemCode/Main/EPS.o
                0x2001585c                update_powerLines
 .text.get_EPS_mode_t
                0x20015948       0x24 ./src/sub-systemCode/Main/EPS.o
                0x20015948                get_EPS_mode_t
 .text.init_enterMode
                0x2001596c       0x88 ./src/sub-systemCode/Main/EPS.o
                0x2001596c                init_enterMode
 .text.EPS_Init
                0x200159f4      0x1c8 ./src/sub-systemCode/Main/EPS.o
                0x200159f4                EPS_Init
 .text.reset_FRAM_EPS
                0x20015bbc       0xe0 ./src/sub-systemCode/Main/EPS.o
                0x20015bbc                reset_FRAM_EPS
 .text.reset_EPS_voltages
                0x20015c9c       0xbc ./src/sub-systemCode/Main/EPS.o
                0x20015c9c                reset_EPS_voltages
 .text.writeState_log
                0x20015d58       0xac ./src/sub-systemCode/Main/EPS.o
                0x20015d58                writeState_log
 .text.battery_downward
                0x20015e04      0x120 ./src/sub-systemCode/Main/EPS.o
                0x20015e04                battery_downward
 .text.battery_upward
                0x20015f24      0x12c ./src/sub-systemCode/Main/EPS.o
                0x20015f24                battery_upward
 .text.overRide_ADCS
                0x20016050       0x50 ./src/sub-systemCode/Main/EPS.o
                0x20016050                overRide_ADCS
 .text.overRide_Camera
                0x200160a0       0x38 ./src/sub-systemCode/Main/EPS.o
                0x200160a0                overRide_Camera
 .text.EPS_Conditioning
                0x200160d8      0x258 ./src/sub-systemCode/Main/EPS.o
                0x200160d8                EPS_Conditioning
 .text.EnterFullMode
                0x20016330       0xf0 ./src/sub-systemCode/Main/EPS.o
                0x20016330                EnterFullMode
 .text.EnterCruiseMode
                0x20016420       0xe0 ./src/sub-systemCode/Main/EPS.o
                0x20016420                EnterCruiseMode
 .text.EnterSafeMode
                0x20016500       0xe0 ./src/sub-systemCode/Main/EPS.o
                0x20016500                EnterSafeMode
 .text.EnterCriticalMode
                0x200165e0       0xcc ./src/sub-systemCode/Main/EPS.o
                0x200165e0                EnterCriticalMode
 .text.check_EPSTableCorrection
                0x200166ac      0x120 ./src/sub-systemCode/Main/EPS.o
                0x200166ac                check_EPSTableCorrection
 .text.save_ACK
                0x200167cc       0xec ./src/sub-systemCode/Main/HouseKeeping.o
                0x200167cc                save_ACK
 .text.set_GP_EPS
                0x200168b8      0x10c ./src/sub-systemCode/Main/HouseKeeping.o
                0x200168b8                set_GP_EPS
 .text.set_GP_COMM
                0x200169c4       0x88 ./src/sub-systemCode/Main/HouseKeeping.o
                0x200169c4                set_GP_COMM
 .text.SP_HK_collect
                0x20016a4c      0x198 ./src/sub-systemCode/Main/HouseKeeping.o
                0x20016a4c                SP_HK_collect
 .text.EPS_HK_collect
                0x20016be4      0x50c ./src/sub-systemCode/Main/HouseKeeping.o
                0x20016be4                EPS_HK_collect
 .text.CAM_HK_collect
                0x200170f0      0x91c ./src/sub-systemCode/Main/HouseKeeping.o
                0x200170f0                CAM_HK_collect
 .text.COMM_HK_collect
                0x20017a0c      0x20c ./src/sub-systemCode/Main/HouseKeeping.o
                0x20017a0c                COMM_HK_collect
 .text.HK_find_ADCSTM_fileName
                0x20017c18      0x44c ./src/sub-systemCode/Main/HouseKeeping.o
                0x20017c18                HK_find_ADCSTM_fileName
 .text.HK_find_fileName
                0x20018064      0x174 ./src/sub-systemCode/Main/HouseKeeping.o
                0x20018064                HK_find_fileName
 .text.HK_find_ADCSTM_ElementSize
                0x200181d8      0x1b8 ./src/sub-systemCode/Main/HouseKeeping.o
                0x200181d8                HK_find_ADCSTM_ElementSize
 .text.HK_findElementSize
                0x20018390       0xd4 ./src/sub-systemCode/Main/HouseKeeping.o
                0x20018390                HK_findElementSize
 .text.build_HK_spl_packet
                0x20018464      0x27c ./src/sub-systemCode/Main/HouseKeeping.o
                0x20018464                build_HK_spl_packet
 .text.numberOfRestarts
                0x200186e0       0x94 ./src/sub-systemCode/Main/Main_Init.o
                0x200186e0                numberOfRestarts
 .text.StartFRAM
                0x20018774       0x38 ./src/sub-systemCode/Main/Main_Init.o
                0x20018774                StartFRAM
 .text.StartI2C
                0x200187ac       0x44 ./src/sub-systemCode/Main/Main_Init.o
                0x200187ac                StartI2C
 .text.StartSPI
                0x200187f0       0x40 ./src/sub-systemCode/Main/Main_Init.o
                0x200187f0                StartSPI
 .text.StartTIME
                0x20018830      0x120 ./src/sub-systemCode/Main/Main_Init.o
                0x20018830                StartTIME
 .text.first_activation
                0x20018950       0x7c ./src/sub-systemCode/Main/Main_Init.o
                0x20018950                first_activation
 .text.InitSubsystems
                0x200189cc       0x64 ./src/sub-systemCode/Main/Main_Init.o
                0x200189cc                InitSubsystems
 .text.SubSystemTaskStart
                0x20018a30      0x130 ./src/sub-systemCode/Main/Main_Init.o
                0x20018a30                SubSystemTaskStart
 .text.copy_command
                0x20018b60       0x80 ./src/sub-systemCode/Main/commands.o
                0x20018b60                copy_command
 .text.reset_command
                0x20018be0       0x28 ./src/sub-systemCode/Main/commands.o
                0x20018be0                reset_command
 .text.init_command
                0x20018c08       0xd4 ./src/sub-systemCode/Main/commands.o
                0x20018c08                init_command
 .text.add_command
                0x20018cdc      0x118 ./src/sub-systemCode/Main/commands.o
                0x20018cdc                add_command
 .text.get_command
                0x20018df4      0x1ac ./src/sub-systemCode/Main/commands.o
                0x20018df4                get_command
 .text.act_upon_command
                0x20018fa0      0x1e4 ./src/sub-systemCode/Main/commands.o
                0x20018fa0                act_upon_command
 .text.cmd_error
                0x20019184       0x38 ./src/sub-systemCode/Main/commands.o
                0x20019184                cmd_error
 .text.AUC_COMM
                0x200191bc      0x25c ./src/sub-systemCode/Main/commands.o
                0x200191bc                AUC_COMM
 .text.AUC_general
                0x20019418      0x364 ./src/sub-systemCode/Main/commands.o
                0x20019418                AUC_general
 .text.AUC_payload
                0x2001977c      0x238 ./src/sub-systemCode/Main/commands.o
                0x2001977c                AUC_payload
 .text.AUC_EPS  0x200199b4      0x28c ./src/sub-systemCode/Main/commands.o
                0x200199b4                AUC_EPS
 .text.AUC_SW   0x20019c40       0xe4 ./src/sub-systemCode/Main/commands.o
                0x20019c40                AUC_SW
 .text.AUC_onlineTM
                0x20019d24      0x1f0 ./src/sub-systemCode/Main/commands.o
                0x20019d24                AUC_onlineTM
 .text.AUC_CUF  0x20019f14      0x168 ./src/sub-systemCode/Main/commands.o
                0x20019f14                AUC_CUF
 .text.init_GenericSaveQueue
                0x2001a07c       0x3c ./src/sub-systemCode/Global/GenericTaskSave.o
                0x2001a07c                init_GenericSaveQueue
 .text.add_GenericElement_queue
                0x2001a0b8       0x80 ./src/sub-systemCode/Global/GenericTaskSave.o
                0x2001a0b8                add_GenericElement_queue
 .text.GenericSave_Task
                0x2001a138      0x128 ./src/sub-systemCode/Global/GenericTaskSave.o
                0x2001a138                GenericSave_Task
 .text.check_int
                0x2001a260       0x20 ./src/sub-systemCode/Global/Global.o
                0x2001a260                check_int
 .text.check_portBASE_TYPE
                0x2001a280       0x20 ./src/sub-systemCode/Global/Global.o
                0x2001a280                check_portBASE_TYPE
 .text.soft_reset_subsystem
                0x2001a2a0       0xd8 ./src/sub-systemCode/Global/Global.o
                0x2001a2a0                soft_reset_subsystem
 .text.hard_reset_subsystem
                0x2001a378      0x104 ./src/sub-systemCode/Global/Global.o
                0x2001a378                hard_reset_subsystem
 .text.BigEnE_raw_to_uInt
                0x2001a47c       0x94 ./src/sub-systemCode/Global/Global.o
                0x2001a47c                BigEnE_raw_to_uInt
 .text.BigEnE_raw_to_uShort
                0x2001a510       0x50 ./src/sub-systemCode/Global/Global.o
                0x2001a510                BigEnE_raw_to_uShort
 .text.BigEnE_uInt_to_raw
                0x2001a560       0x78 ./src/sub-systemCode/Global/Global.o
                0x2001a560                BigEnE_uInt_to_raw
 .text.reset_FRAM_MAIN
                0x2001a5d8      0x140 ./src/sub-systemCode/Global/Global.o
                0x2001a5d8                reset_FRAM_MAIN
 .text.getBitValueByIndex
                0x2001a718       0xd0 ./src/sub-systemCode/Global/Global.o
                0x2001a718                getBitValueByIndex
 .text.FRAM_write_exte
                0x2001a7e8       0x84 ./src/sub-systemCode/Global/Global.o
                0x2001a7e8                FRAM_write_exte
 .text.FRAM_read_exte
                0x2001a86c       0x84 ./src/sub-systemCode/Global/Global.o
                0x2001a86c                FRAM_read_exte
 .text.FRAM_writeAndVerify_exte
                0x2001a8f0       0x84 ./src/sub-systemCode/Global/Global.o
                0x2001a8f0                FRAM_writeAndVerify_exte
 .text.init_GP  0x2001a974      0x2e0 ./src/sub-systemCode/Global/GlobalParam.o
                0x2001a974                init_GP
 .text.get_system_state
                0x2001ac54      0x254 ./src/sub-systemCode/Global/GlobalParam.o
                0x2001ac54                get_system_state
 .text.set_system_state
                0x2001aea8      0x284 ./src/sub-systemCode/Global/GlobalParam.o
                0x2001aea8                set_system_state
 .text.get_systems_state_param
                0x2001b12c       0x78 ./src/sub-systemCode/Global/GlobalParam.o
                0x2001b12c                get_systems_state_param
 .text.get_current_global_param
                0x2001b1a4      0x548 ./src/sub-systemCode/Global/GlobalParam.o
                0x2001b1a4                get_current_global_param
 .text.set_Vbatt
                0x2001b6ec       0x78 ./src/sub-systemCode/Global/GlobalParam.o
                0x2001b6ec                set_Vbatt
 .text.get_Vbatt
                0x2001b764       0x78 ./src/sub-systemCode/Global/GlobalParam.o
                0x2001b764                get_Vbatt
 .text.set_curBat
                0x2001b7dc       0x78 ./src/sub-systemCode/Global/GlobalParam.o
                0x2001b7dc                set_curBat
 .text.set_cur3V3
                0x2001b854       0x78 ./src/sub-systemCode/Global/GlobalParam.o
                0x2001b854                set_cur3V3
 .text.set_cur5V
                0x2001b8cc       0x78 ./src/sub-systemCode/Global/GlobalParam.o
                0x2001b8cc                set_cur5V
 .text.set_tempComm_LO
                0x2001b944       0x78 ./src/sub-systemCode/Global/GlobalParam.o
                0x2001b944                set_tempComm_LO
 .text.set_tempComm_PA
                0x2001b9bc       0x78 ./src/sub-systemCode/Global/GlobalParam.o
                0x2001b9bc                set_tempComm_PA
 .text.set_tempEPS
                0x2001ba34       0xb4 ./src/sub-systemCode/Global/GlobalParam.o
                0x2001ba34                set_tempEPS
 .text.set_tempBatt
                0x2001bae8       0xb4 ./src/sub-systemCode/Global/GlobalParam.o
                0x2001bae8                set_tempBatt
 .text.set_RxDoppler
                0x2001bb9c       0x78 ./src/sub-systemCode/Global/GlobalParam.o
                0x2001bb9c                set_RxDoppler
 .text.set_RxRSSI
                0x2001bc14       0x78 ./src/sub-systemCode/Global/GlobalParam.o
                0x2001bc14                set_RxRSSI
 .text.set_TxRefl
                0x2001bc8c       0x78 ./src/sub-systemCode/Global/GlobalParam.o
                0x2001bc8c                set_TxRefl
 .text.set_TxForw
                0x2001bd04       0x78 ./src/sub-systemCode/Global/GlobalParam.o
                0x2001bd04                set_TxForw
 .text.set_numOfAPRS
                0x2001bd7c       0x78 ./src/sub-systemCode/Global/GlobalParam.o
                0x2001bd7c                set_numOfAPRS
 .text.set_numOfDelayedCommand
                0x2001bdf4       0x78 ./src/sub-systemCode/Global/GlobalParam.o
                0x2001bdf4                set_numOfDelayedCommand
 .text.set_numOfResets
                0x2001be6c       0x98 ./src/sub-systemCode/Global/GlobalParam.o
                0x2001be6c                set_numOfResets
 .text.set_ground_conn
                0x2001bf04       0x8c ./src/sub-systemCode/Global/GlobalParam.o
                0x2001bf04                set_ground_conn
 .text.get_ground_conn
                0x2001bf90       0x8c ./src/sub-systemCode/Global/GlobalParam.o
                0x2001bf90                get_ground_conn
 .text.IsisAntS_getStatusData_sideA
                0x2001c01c       0x3c ./src/sub-systemCode/Global/OnlineTM.o
                0x2001c01c                IsisAntS_getStatusData_sideA
 .text.IsisAntS_getAlltelemetry_sideA
                0x2001c058       0x3c ./src/sub-systemCode/Global/OnlineTM.o
                0x2001c058                IsisAntS_getAlltelemetry_sideA
 .text.IsisAntS_getTemperature_sideA
                0x2001c094       0x3c ./src/sub-systemCode/Global/OnlineTM.o
                0x2001c094                IsisAntS_getTemperature_sideA
 .text.IsisAntS_getStatusData_sideB
                0x2001c0d0       0x3c ./src/sub-systemCode/Global/OnlineTM.o
                0x2001c0d0                IsisAntS_getStatusData_sideB
 .text.IsisAntS_getAlltelemetry_sideB
                0x2001c10c       0x3c ./src/sub-systemCode/Global/OnlineTM.o
                0x2001c10c                IsisAntS_getAlltelemetry_sideB
 .text.IsisAntS_getTemperature_sideB
                0x2001c148       0x3c ./src/sub-systemCode/Global/OnlineTM.o
                0x2001c148                IsisAntS_getTemperature_sideB
 .text.HK_collect_EPS
                0x2001c184       0x30 ./src/sub-systemCode/Global/OnlineTM.o
                0x2001c184                HK_collect_EPS
 .text.HK_collect_COMM
                0x2001c1b4       0x30 ./src/sub-systemCode/Global/OnlineTM.o
                0x2001c1b4                HK_collect_COMM
 .text.HK_collect_CAM
                0x2001c1e4       0x30 ./src/sub-systemCode/Global/OnlineTM.o
                0x2001c1e4                HK_collect_CAM
 .text.HK_collect_SP
                0x2001c214       0x30 ./src/sub-systemCode/Global/OnlineTM.o
                0x2001c214                HK_collect_SP
 .text.HK_collect_FS_A
                0x2001c244       0x8c ./src/sub-systemCode/Global/OnlineTM.o
                0x2001c244                HK_collect_FS_A
 .text.HK_collect_FS_B
                0x2001c2d0       0x8c ./src/sub-systemCode/Global/OnlineTM.o
                0x2001c2d0                HK_collect_FS_B
 .text.save_offlineSetting_FRAM
                0x2001c35c      0x26c ./src/sub-systemCode/Global/OnlineTM.o
                0x2001c35c                save_offlineSetting_FRAM
 .text.get_offlineSetting_FRAM
                0x2001c5c8       0x58 ./src/sub-systemCode/Global/OnlineTM.o
                0x2001c5c8                get_offlineSetting_FRAM
 .text.update_offlineSetting_FRAM
                0x2001c620      0x360 ./src/sub-systemCode/Global/OnlineTM.o
                0x2001c620                update_offlineSetting_FRAM
 .text.get_offlineSettingPacket
                0x2001c980       0xc4 ./src/sub-systemCode/Global/OnlineTM.o
                0x2001c980                get_offlineSettingPacket
 .text.get_item_by_index
                0x2001ca44       0xdc ./src/sub-systemCode/Global/OnlineTM.o
                0x2001ca44                get_item_by_index
 .text.get_pointer_item_by_index
                0x2001cb20       0x48 ./src/sub-systemCode/Global/OnlineTM.o
                0x2001cb20                get_pointer_item_by_index
 .text.init_onlineParam
                0x2001cb68     0x2f70 ./src/sub-systemCode/Global/OnlineTM.o
                0x2001cb68                init_onlineParam
 .text.reset_offline_TM_list
                0x2001fad8      0x184 ./src/sub-systemCode/Global/OnlineTM.o
                0x2001fad8                reset_offline_TM_list
 .text.get_online_packet
                0x2001fc5c      0x25c ./src/sub-systemCode/Global/OnlineTM.o
                0x2001fc5c                get_online_packet
 .text.save_onlineTM_param
                0x2001feb8      0x1b4 ./src/sub-systemCode/Global/OnlineTM.o
                0x2001feb8                save_onlineTM_param
 .text.add_onlineTM_param_to_save_list
                0x2002006c      0x3e4 ./src/sub-systemCode/Global/OnlineTM.o
                0x2002006c                add_onlineTM_param_to_save_list
 .text.delete_onlineTM_param_from_offline
                0x20020450      0x1a8 ./src/sub-systemCode/Global/OnlineTM.o
                0x20020450                delete_onlineTM_param_from_offline
 .text.save_onlineTM_logic
                0x200205f8      0x2bc ./src/sub-systemCode/Global/OnlineTM.o
                0x200205f8                save_onlineTM_logic
 .text.updateSD_state
                0x200208b4       0xa8 ./src/sub-systemCode/Global/OnlineTM.o
                0x200208b4                updateSD_state
 .text.save_onlineTM_task
                0x2002095c       0xdc ./src/sub-systemCode/Global/OnlineTM.o
                0x2002095c                save_onlineTM_task
 .text.delete_allTMFilesFromSD
                0x20020a38      0x154 ./src/sub-systemCode/Global/TLM_management.o
                0x20020a38                delete_allTMFilesFromSD
 .text.getNumOfFilesInFS
                0x20020b8c       0x44 ./src/sub-systemCode/Global/TLM_management.o
 .text.setNumOfFilesInFS
                0x20020bd0       0x50 ./src/sub-systemCode/Global/TLM_management.o
 .text.f_managed_enterFS
                0x20020c20       0x18 ./src/sub-systemCode/Global/TLM_management.o
                0x20020c20                f_managed_enterFS
 .text.f_managed_releaseFS
                0x20020c38       0x18 ./src/sub-systemCode/Global/TLM_management.o
                0x20020c38                f_managed_releaseFS
 .text.f_managed_open
                0x20020c50       0xfc ./src/sub-systemCode/Global/TLM_management.o
                0x20020c50                f_managed_open
 .text.f_managed_close
                0x20020d4c       0x80 ./src/sub-systemCode/Global/TLM_management.o
                0x20020d4c                f_managed_close
 .text.createSemahores_FS
                0x20020dcc       0x48 ./src/sub-systemCode/Global/TLM_management.o
                0x20020dcc                createSemahores_FS
 .text.InitializeFS
                0x20020e14      0x180 ./src/sub-systemCode/Global/TLM_management.o
                0x20020e14                InitializeFS
 .text.c_fileCreate
                0x20020f94       0xf4 ./src/sub-systemCode/Global/TLM_management.o
                0x20020f94                c_fileCreate
 .text.writewithEpochtime
                0x20021088       0x94 ./src/sub-systemCode/Global/TLM_management.o
 .text.get_C_FILE_struct
                0x2002111c      0x104 ./src/sub-systemCode/Global/TLM_management.o
 .text.getFileIndex
                0x20021220       0x64 ./src/sub-systemCode/Global/TLM_management.o
 .text.get_file_name_by_index
                0x20021284       0x54 ./src/sub-systemCode/Global/TLM_management.o
                0x20021284                get_file_name_by_index
 .text.c_fileReset
                0x200212d8      0x140 ./src/sub-systemCode/Global/TLM_management.o
                0x200212d8                c_fileReset
 .text.c_fileWrite
                0x20021418      0x168 ./src/sub-systemCode/Global/TLM_management.o
                0x20021418                c_fileWrite
 .text.deleteElementsFromFile
                0x20021580      0x188 ./src/sub-systemCode/Global/TLM_management.o
 .text.c_fileDeleteElements
                0x20021708      0x168 ./src/sub-systemCode/Global/TLM_management.o
                0x20021708                c_fileDeleteElements
 .text.c_fileRead
                0x20021870      0x2f0 ./src/sub-systemCode/Global/TLM_management.o
                0x20021870                c_fileRead
 .text.DeInitializeFS
                0x20021b60       0xdc ./src/sub-systemCode/Global/TLM_management.o
                0x20021b60                DeInitializeFS
 .text.xSemaphoreGive_extended
                0x20021c3c       0x48 ./src/sub-systemCode/Global/freertosExtended.o
                0x20021c3c                xSemaphoreGive_extended
 .text.xSemaphoreTake_extended
                0x20021c84       0x54 ./src/sub-systemCode/Global/freertosExtended.o
                0x20021c84                xSemaphoreTake_extended
 .text.WriteLog
                0x20021cd8       0xb4 ./src/sub-systemCode/Global/logger.o
 .text.WriteErrorLog
                0x20021d8c       0x64 ./src/sub-systemCode/Global/logger.o
                0x20021d8c                WriteErrorLog
 .text.WritePayloadLog
                0x20021df0       0x50 ./src/sub-systemCode/Global/logger.o
                0x20021df0                WritePayloadLog
 .text.WriteEpsLog
                0x20021e40       0x4c ./src/sub-systemCode/Global/logger.o
                0x20021e40                WriteEpsLog
 .text.WriteTransponderLog
                0x20021e8c       0x50 ./src/sub-systemCode/Global/logger.o
                0x20021e8c                WriteTransponderLog
 .text.castCharPointerToInt
                0x20021edc       0x84 ./src/sub-systemCode/CUF/CUF.o
                0x20021edc                castCharPointerToInt
 .text.castCharArrayToIntArray
                0x20021f60       0xa4 ./src/sub-systemCode/CUF/CUF.o
                0x20021f60                castCharArrayToIntArray
 .text.SavePerminantCUF
                0x20022004      0x184 ./src/sub-systemCode/CUF/CUF.o
                0x20022004                SavePerminantCUF
 .text.CUFSwitch
                0x20022188       0x30 ./src/sub-systemCode/CUF/CUF.o
                0x20022188                CUFSwitch
 .text.GenerateSSH
                0x200221b8       0x8c ./src/sub-systemCode/CUF/CUF.o
                0x200221b8                GenerateSSH
 .text.AuthenticateCUF
                0x20022244       0x64 ./src/sub-systemCode/CUF/CUF.o
                0x20022244                AuthenticateCUF
 .text.UpdatePerminantCUF
                0x200222a8       0x84 ./src/sub-systemCode/CUF/CUF.o
                0x200222a8                UpdatePerminantCUF
 .text.RemoveCUF
                0x2002232c      0x1ac ./src/sub-systemCode/CUF/CUF.o
                0x2002232c                RemoveCUF
 .text.CreateCUF
                0x200224d8      0x114 ./src/sub-systemCode/CUF/CUF.o
                0x200224d8                CreateCUF
 .text.ExecuteCUF
                0x200225ec      0x210 ./src/sub-systemCode/CUF/CUF.o
                0x200225ec                ExecuteCUF
 .text.IntegrateCUF
                0x200227fc      0x1a4 ./src/sub-systemCode/CUF/CUF.o
                0x200227fc                IntegrateCUF
 .text.AddToCUFTempArray
                0x200229a0       0xa4 ./src/sub-systemCode/CUF/CUF.o
                0x200229a0                AddToCUFTempArray
 .text.GetFromCUFTempArray
                0x20022a44       0xe8 ./src/sub-systemCode/CUF/CUF.o
                0x20022a44                GetFromCUFTempArray
 .text.DisableCUF
                0x20022b2c       0x84 ./src/sub-systemCode/CUF/CUF.o
                0x20022b2c                DisableCUF
 .text.EnableCUF
                0x20022bb0       0x84 ./src/sub-systemCode/CUF/CUF.o
                0x20022bb0                EnableCUF
 .text.initializeUpload
                0x20022c34       0x9c ./src/sub-systemCode/CUF/uploadCodeTelemetry.o
                0x20022c34                initializeUpload
 .text.removeFiles
                0x20022cd0       0xc0 ./src/sub-systemCode/CUF/uploadCodeTelemetry.o
                0x20022cd0                removeFiles
 .text.loadBackup
                0x20022d90      0x134 ./src/sub-systemCode/CUF/uploadCodeTelemetry.o
                0x20022d90                loadBackup
 .text.addToArray
                0x20022ec4       0xd8 ./src/sub-systemCode/CUF/uploadCodeTelemetry.o
                0x20022ec4                addToArray
 .text.headerHandle
                0x20022f9c       0xa8 ./src/sub-systemCode/CUF/uploadCodeTelemetry.o
                0x20022f9c                headerHandle
 .text.startCUFintegration
                0x20023044      0x1e4 ./src/sub-systemCode/CUF/uploadCodeTelemetry.o
                0x20023044                startCUFintegration
 .text.saveBackup
                0x20023228      0x100 ./src/sub-systemCode/CUF/uploadCodeTelemetry.o
                0x20023228                saveBackup
 .text.saveAck  0x20023328       0x28 ./src/sub-systemCode/CUF/uploadCodeTelemetry.o
                0x20023328                saveAck
 .text.reset_APRS_list
                0x20023350       0xa4 ./src/sub-systemCode/COMM/APRS.o
                0x20023350                reset_APRS_list
 .text.get_APRS_list
                0x200233f4       0x88 ./src/sub-systemCode/COMM/APRS.o
                0x200233f4                get_APRS_list
 .text.find_CMD_in_list
                0x2002347c       0x7c ./src/sub-systemCode/COMM/DelayedCommand_list.o
                0x2002347c                find_CMD_in_list
 .text.find_empty_in_list
                0x200234f8       0x74 ./src/sub-systemCode/COMM/DelayedCommand_list.o
                0x200234f8                find_empty_in_list
 .text.check_delayCommandTime
                0x2002356c       0x8c ./src/sub-systemCode/COMM/DelayedCommand_list.o
                0x2002356c                check_delayCommandTime
 .text.execute_delayedCommand
                0x200235f8       0x8c ./src/sub-systemCode/COMM/DelayedCommand_list.o
                0x200235f8                execute_delayedCommand
 .text.check_delaycommand
                0x20023684      0x17c ./src/sub-systemCode/COMM/DelayedCommand_list.o
                0x20023684                check_delaycommand
 .text.reset_delayCommand
                0x20023800       0x8c ./src/sub-systemCode/COMM/DelayedCommand_list.o
                0x20023800                reset_delayCommand
 .text.add_delayCommand
                0x2002388c      0x1cc ./src/sub-systemCode/COMM/DelayedCommand_list.o
                0x2002388c                add_delayCommand
 .text.get_delayCommand_list
                0x20023a58       0x80 ./src/sub-systemCode/COMM/DelayedCommand_list.o
                0x20023a58                get_delayCommand_list
 .text.EmptyOldestCommand
                0x20023ad8      0x108 ./src/sub-systemCode/COMM/DelayedCommand_list.o
                0x20023ad8                EmptyOldestCommand
 .text.decode_TCpacket
                0x20023be0      0x16c ./src/sub-systemCode/COMM/GSC.o
                0x20023be0                decode_TCpacket
 .text.encode_TCpacket
                0x20023d4c      0x114 ./src/sub-systemCode/COMM/GSC.o
                0x20023d4c                encode_TCpacket
 .text.encode_TMpacket
                0x20023e60      0x104 ./src/sub-systemCode/COMM/GSC.o
                0x20023e60                encode_TMpacket
 .text.build_raw_ACK
                0x20023f64       0xbc ./src/sub-systemCode/COMM/GSC.o
                0x20023f64                build_raw_ACK
 .text.build_data_field_ACK
                0x20024020       0x74 ./src/sub-systemCode/COMM/GSC.o
                0x20024020                build_data_field_ACK
 .text.update_FRAM_bitRate
                0x20024094       0xd0 ./src/sub-systemCode/COMM/TRXVU.o
                0x20024094                update_FRAM_bitRate
 .text.toggle_idle_state
                0x20024164       0x94 ./src/sub-systemCode/COMM/TRXVU.o
                0x20024164                toggle_idle_state
 .text.TRXVU_init_hardWare
                0x200241f8       0xac ./src/sub-systemCode/COMM/TRXVU.o
                0x200241f8                TRXVU_init_hardWare
 .text.TRXVU_init_softWare
                0x200242a4      0x100 ./src/sub-systemCode/COMM/TRXVU.o
                0x200242a4                TRXVU_init_softWare
 .text.init_trxvu
                0x200243a4       0x14 ./src/sub-systemCode/COMM/TRXVU.o
                0x200243a4                init_trxvu
 .text.TRXVU_task
                0x200243b8       0x9c ./src/sub-systemCode/COMM/TRXVU.o
                0x200243b8                TRXVU_task
 .text.dump_logic
                0x20024454      0x39c ./src/sub-systemCode/COMM/TRXVU.o
                0x20024454                dump_logic
 .text.Dump_task
                0x200247f0      0x188 ./src/sub-systemCode/COMM/TRXVU.o
                0x200247f0                Dump_task
 .text.transponder_logic
                0x20024978       0xe8 ./src/sub-systemCode/COMM/TRXVU.o
                0x20024978                transponder_logic
 .text.Transponder_task
                0x20024a60      0x1b8 ./src/sub-systemCode/COMM/TRXVU.o
                0x20024a60                Transponder_task
 .text.lookForRequestToDelete_transponder
                0x20024c18       0x8c ./src/sub-systemCode/COMM/TRXVU.o
                0x20024c18                lookForRequestToDelete_transponder
 .text.lookForRequestToDelete_dump
                0x20024ca4       0x88 ./src/sub-systemCode/COMM/TRXVU.o
                0x20024ca4                lookForRequestToDelete_dump
 .text.sendRequestToStop_dump
                0x20024d2c       0x8c ./src/sub-systemCode/COMM/TRXVU.o
                0x20024d2c                sendRequestToStop_dump
 .text.sendRequestToStop_transponder
                0x20024db8       0x8c ./src/sub-systemCode/COMM/TRXVU.o
                0x20024db8                sendRequestToStop_transponder
 .text.Rx_logic
                0x20024e44      0x190 ./src/sub-systemCode/COMM/TRXVU.o
                0x20024e44                Rx_logic
 .text.pass_above_Ground
                0x20024fd4      0x104 ./src/sub-systemCode/COMM/TRXVU.o
                0x20024fd4                pass_above_Ground
 .text.check_TRXVUState
                0x200250d8       0xf0 ./src/sub-systemCode/COMM/TRXVU.o
                0x200250d8                check_TRXVUState
 .text.trxvu_logic
                0x200251c8       0x20 ./src/sub-systemCode/COMM/TRXVU.o
                0x200251c8                trxvu_logic
 .text.Beacon_task
                0x200251e8      0x18c ./src/sub-systemCode/COMM/TRXVU.o
                0x200251e8                Beacon_task
 .text.buildAndSend_beacon
                0x20025374      0x5a0 ./src/sub-systemCode/COMM/TRXVU.o
                0x20025374                buildAndSend_beacon
 .text.reset_FRAM_TRXVU
                0x20025914      0x160 ./src/sub-systemCode/COMM/TRXVU.o
                0x20025914                reset_FRAM_TRXVU
 .text.TRX_sendFrame
                0x20025a74      0x1ac ./src/sub-systemCode/COMM/TRXVU.o
                0x20025a74                TRX_sendFrame
 .text.TRX_getFrameData
                0x20025c20      0x10c ./src/sub-systemCode/COMM/TRXVU.o
                0x20025c20                TRX_getFrameData
 .text.mute_Tx  0x20025d2c       0x20 ./src/sub-systemCode/COMM/TRXVU.o
                0x20025d2c                mute_Tx
 .text.unmute_Tx
                0x20025d4c       0x58 ./src/sub-systemCode/COMM/TRXVU.o
                0x20025d4c                unmute_Tx
 .text.check_time_off_mute
                0x20025da4       0x88 ./src/sub-systemCode/COMM/TRXVU.o
                0x20025da4                check_time_off_mute
 .text.set_mute_time
                0x20025e2c       0xc8 ./src/sub-systemCode/COMM/TRXVU.o
                0x20025e2c                set_mute_time
 .text.change_TRXVU_state
                0x20025ef4       0xe0 ./src/sub-systemCode/COMM/TRXVU.o
                0x20025ef4                change_TRXVU_state
 .text.change_trans_RSSI
                0x20025fd4       0x60 ./src/sub-systemCode/COMM/TRXVU.o
                0x20025fd4                change_trans_RSSI
 .text.AdcsReadI2cAck
                0x20026034       0xfc ./src/sub-systemCode/ADCS/AdcsCommands.o
                0x20026034                AdcsReadI2cAck
 .text.AdcsGenericI2cCmd
                0x20026130      0x198 ./src/sub-systemCode/ADCS/AdcsCommands.o
                0x20026130                AdcsGenericI2cCmd
 .text.SendAdcsTlm
                0x200262c8      0x1b8 ./src/sub-systemCode/ADCS/AdcsCommands.o
                0x200262c8                SendAdcsTlm
 .text.AdcsExecuteCommand
                0x20026480     0x1e84 ./src/sub-systemCode/ADCS/AdcsCommands.o
                0x20026480                AdcsExecuteCommand
 .text.cspaceADCS_getEstimatedAngles
                0x20028304       0x98 ./src/sub-systemCode/ADCS/AdcsGetDataAndTlm.o
                0x20028304                cspaceADCS_getEstimatedAngles
 .text.cspaceADCS_getEstimatedAnglesRates
                0x2002839c       0x98 ./src/sub-systemCode/ADCS/AdcsGetDataAndTlm.o
                0x2002839c                cspaceADCS_getEstimatedAnglesRates
 .text.cspaceADCS_getSatellitePosition
                0x20028434       0x98 ./src/sub-systemCode/ADCS/AdcsGetDataAndTlm.o
                0x20028434                cspaceADCS_getSatellitePosition
 .text.InitTlmElements
                0x200284cc      0x238 ./src/sub-systemCode/ADCS/AdcsGetDataAndTlm.o
                0x200284cc                InitTlmElements
 .text.CreateTlmElementFiles
                0x20028704      0x178 ./src/sub-systemCode/ADCS/AdcsGetDataAndTlm.o
                0x20028704                CreateTlmElementFiles
 .text.SaveElementTlmAtIndex
                0x2002887c      0x424 ./src/sub-systemCode/ADCS/AdcsGetDataAndTlm.o
                0x2002887c                SaveElementTlmAtIndex
 .text.UpdateTlmElementAtIndex
                0x20028ca0      0x150 ./src/sub-systemCode/ADCS/AdcsGetDataAndTlm.o
                0x20028ca0                UpdateTlmElementAtIndex
 .text.UpdateTlmToSaveVector
                0x20028df0       0xc8 ./src/sub-systemCode/ADCS/AdcsGetDataAndTlm.o
                0x20028df0                UpdateTlmToSaveVector
 .text.UpdateTlmPeriodVector
                0x20028eb8      0x120 ./src/sub-systemCode/ADCS/AdcsGetDataAndTlm.o
                0x20028eb8                UpdateTlmPeriodVector
 .text.AdcsGetTlmOverrideFlag
                0x20028fd8       0x5c ./src/sub-systemCode/ADCS/AdcsGetDataAndTlm.o
                0x20028fd8                AdcsGetTlmOverrideFlag
 .text.AdcsSetTlmOverrideFlag
                0x20029034       0x9c ./src/sub-systemCode/ADCS/AdcsGetDataAndTlm.o
                0x20029034                AdcsSetTlmOverrideFlag
 .text.RestoreDefaultTlmElement
                0x200290d0      0x1ec ./src/sub-systemCode/ADCS/AdcsGetDataAndTlm.o
                0x200290d0                RestoreDefaultTlmElement
 .text.GetTlmElementAtIndex
                0x200292bc       0x80 ./src/sub-systemCode/ADCS/AdcsGetDataAndTlm.o
                0x200292bc                GetTlmElementAtIndex
 .text.GatherTlmAndData
                0x2002933c       0xd0 ./src/sub-systemCode/ADCS/AdcsGetDataAndTlm.o
                0x2002933c                GatherTlmAndData
 .text.UpdateAdcsFramParameters
                0x2002940c      0x124 ./src/sub-systemCode/ADCS/AdcsMain.o
                0x2002940c                UpdateAdcsFramParameters
 .text.AdcsInit
                0x20029530      0x168 ./src/sub-systemCode/ADCS/AdcsMain.o
                0x20029530                AdcsInit
 .text.AdcsTask
                0x20029698      0x128 ./src/sub-systemCode/ADCS/AdcsMain.o
                0x20029698                AdcsTask
 .text.AdcsTroubleShooting
                0x200297c0       0x88 ./src/sub-systemCode/ADCS/AdcsTroubleShooting.o
                0x200297c0                AdcsTroubleShooting
 .text.UpdateAdcsStateMachine
                0x20029848       0x1c ./src/sub-systemCode/ADCS/StateMachine.o
                0x20029848                UpdateAdcsStateMachine
 .text.save_time
                0x20029864       0x9c ./src/main.o
                0x20029864                save_time
 .text.Command_logic
                0x20029900       0x6c ./src/main.o
                0x20029900                Command_logic
 .text.taskMain
                0x2002996c       0x68 ./src/main.o
                0x2002996c                taskMain
 .text.main     0x200299d4       0x88 ./src/main.o
                0x200299d4                main
 .text.GomEpsInitialize
                0x20029a5c      0x148 C:/HOOPOE3/satellite-subsystems/demo/..//satellite-subsystems/lib\libSatelliteSubsystemsD.a(GomEPS.o)
                0x20029a5c                GomEpsInitialize
 .text.makeEPStransfer
                0x20029ba4       0x3c C:/HOOPOE3/satellite-subsystems/demo/..//satellite-subsystems/lib\libSatelliteSubsystemsD.a(GomEPS.o)
 .text.GomEpsPing
                0x20029be0       0xf8 C:/HOOPOE3/satellite-subsystems/demo/..//satellite-subsystems/lib\libSatelliteSubsystemsD.a(GomEPS.o)
                0x20029be0                GomEpsPing
 .text.GomEpsSoftReset
                0x20029cd8       0xc4 C:/HOOPOE3/satellite-subsystems/demo/..//satellite-subsystems/lib\libSatelliteSubsystemsD.a(GomEPS.o)
                0x20029cd8                GomEpsSoftReset
 .text.GomEpsHardReset
                0x20029d9c       0xa8 C:/HOOPOE3/satellite-subsystems/demo/..//satellite-subsystems/lib\libSatelliteSubsystemsD.a(GomEPS.o)
                0x20029d9c                GomEpsHardReset
 .text.GomEpsGetHkData_param
                0x20029e44      0x29c C:/HOOPOE3/satellite-subsystems/demo/..//satellite-subsystems/lib\libSatelliteSubsystemsD.a(GomEPS.o)
                0x20029e44                GomEpsGetHkData_param
 .text.GomEpsGetHkData_general
                0x2002a0e0      0x45c C:/HOOPOE3/satellite-subsystems/demo/..//satellite-subsystems/lib\libSatelliteSubsystemsD.a(GomEPS.o)
                0x2002a0e0                GomEpsGetHkData_general
 .text.GomEpsGetHkData_vi
                0x2002a53c      0x188 C:/HOOPOE3/satellite-subsystems/demo/..//satellite-subsystems/lib\libSatelliteSubsystemsD.a(GomEPS.o)
                0x2002a53c                GomEpsGetHkData_vi
 .text.GomEpsGetHkData_out
                0x2002a6c4      0x21c C:/HOOPOE3/satellite-subsystems/demo/..//satellite-subsystems/lib\libSatelliteSubsystemsD.a(GomEPS.o)
                0x2002a6c4                GomEpsGetHkData_out
 .text.GomEpsGetHkData_wdt
                0x2002a8e0      0x2b4 C:/HOOPOE3/satellite-subsystems/demo/..//satellite-subsystems/lib\libSatelliteSubsystemsD.a(GomEPS.o)
                0x2002a8e0                GomEpsGetHkData_wdt
 .text.GomEpsGetHkData_basic
                0x2002ab94      0x22c C:/HOOPOE3/satellite-subsystems/demo/..//satellite-subsystems/lib\libSatelliteSubsystemsD.a(GomEPS.o)
                0x2002ab94                GomEpsGetHkData_basic
 .text.GomEpsSetOutput
                0x2002adc0       0xbc C:/HOOPOE3/satellite-subsystems/demo/..//satellite-subsystems/lib\libSatelliteSubsystemsD.a(GomEPS.o)
                0x2002adc0                GomEpsSetOutput
 .text.GomEpsResetWDT