Archive member included because of file (symbol)

c:/isis/application/toolchain/bin/../lib/gcc/arm-none-eabi/4.7.4/../../../../arm-none-eabi/lib\libc_s.a(lib_a-vfprintf_float.o)
                              (_printf_float)
c:/isis/application/toolchain/bin/../lib/gcc/arm-none-eabi/4.7.4/../../../../arm-none-eabi/lib\libc_s.a(lib_a-vfprintf_i.o)
                              c:/isis/application/toolchain/bin/../lib/gcc/arm-none-eabi/4.7.4/../../../../arm-none-eabi/lib\libc_s.a(lib_a-vfprintf_float.o) (_printf_common)
c:/isis/application/toolchain/bin/../lib/gcc/arm-none-eabi/4.7.4/../../../../arm-none-eabi/lib\libc_s.a(lib_a-vfscanf_float.o)
                              (_scanf_float)
c:/isis/application/toolchain/bin/../lib/gcc/arm-none-eabi/4.7.4/../../../../arm-none-eabi/lib\libc_s.a(lib_a-dtoa.o)
                              c:/isis/application/toolchain/bin/../lib/gcc/arm-none-eabi/4.7.4/../../../../arm-none-eabi/lib\libc_s.a(lib_a-vfprintf_float.o) (_dtoa_r)
c:/isis/application/toolchain/bin/../lib/gcc/arm-none-eabi/4.7.4/../../../../arm-none-eabi/lib\libc_s.a(lib_a-locale.o)
                              c:/isis/application/toolchain/bin/../lib/gcc/arm-none-eabi/4.7.4/../../../../arm-none-eabi/lib\libc_s.a(lib_a-vfprintf_float.o) (_localeconv_r)
c:/isis/application/toolchain/bin/../lib/gcc/arm-none-eabi/4.7.4/../../../../arm-none-eabi/lib\libc_s.a(lib_a-malloc.o)
                              c:/isis/application/toolchain/bin/../lib/gcc/arm-none-eabi/4.7.4/../../../../arm-none-eabi/lib\libc_s.a(lib_a-dtoa.o) (malloc)
c:/isis/application/toolchain/bin/../lib/gcc/arm-none-eabi/4.7.4/../../../../arm-none-eabi/lib\libc_s.a(lib_a-mallocr.o)
                              c:/isis/application/toolchain/bin/../lib/gcc/arm-none-eabi/4.7.4/../../../../arm-none-eabi/lib\libc_s.a(lib_a-malloc.o) (_malloc_r)
c:/isis/application/toolchain/bin/../lib/gcc/arm-none-eabi/4.7.4/../../../../arm-none-eabi/lib\libc_s.a(lib_a-memcpy.o)
                              c:/isis/application/toolchain/bin/../lib/gcc/arm-none-eabi/4.7.4/../../../../arm-none-eabi/lib\libc_s.a(lib_a-dtoa.o) (memcpy)
c:/isis/application/toolchain/bin/../lib/gcc/arm-none-eabi/4.7.4/../../../../arm-none-eabi/lib\libc_s.a(lib_a-mprec.o)
                              c:/isis/application/toolchain/bin/../lib/gcc/arm-none-eabi/4.7.4/../../../../arm-none-eabi/lib\libc_s.a(lib_a-dtoa.o) (_Balloc)
c:/isis/application/toolchain/bin/../lib/gcc/arm-none-eabi/4.7.4/../../../../arm-none-eabi/lib\libc_s.a(lib_a-s_fpclassify.o)
                              c:/isis/application/toolchain/bin/../lib/gcc/arm-none-eabi/4.7.4/../../../../arm-none-eabi/lib\libc_s.a(lib_a-vfprintf_float.o) (__fpclassifyd)
c:/isis/application/toolchain/bin/../lib/gcc/arm-none-eabi/4.7.4/../../../../arm-none-eabi/lib\libc_s.a(lib_a-sbrkr.o)
                              c:/isis/application/toolchain/bin/../lib/gcc/arm-none-eabi/4.7.4/../../../../arm-none-eabi/lib\libc_s.a(lib_a-mallocr.o) (_sbrk_r)
c:/isis/application/toolchain/bin/../lib/gcc/arm-none-eabi/4.7.4/../../../../arm-none-eabi/lib\libc_s.a(lib_a-sf_nan.o)
                              c:/isis/application/toolchain/bin/../lib/gcc/arm-none-eabi/4.7.4/../../../../arm-none-eabi/lib\libc_s.a(lib_a-vfscanf_float.o) (nanf)
c:/isis/application/toolchain/bin/../lib/gcc/arm-none-eabi/4.7.4/../../../../arm-none-eabi/lib\libc_s.a(lib_a-sprintf.o)
                              c:/isis/application/toolchain/bin/../lib/gcc/arm-none-eabi/4.7.4/../../../../arm-none-eabi/lib\libc_s.a(lib_a-vfscanf_float.o) (sprintf)
c:/isis/application/toolchain/bin/../lib/gcc/arm-none-eabi/4.7.4/../../../../arm-none-eabi/lib\libc_s.a(lib_a-strcmp.o)
                              c:/isis/application/toolchain/bin/../lib/gcc/arm-none-eabi/4.7.4/../../../../arm-none-eabi/lib\libc_s.a(lib_a-locale.o) (strcmp)
c:/isis/application/toolchain/bin/../lib/gcc/arm-none-eabi/4.7.4/../../../../arm-none-eabi/lib\libc_s.a(lib_a-strlen.o)
                              c:/isis/application/toolchain/bin/../lib/gcc/arm-none-eabi/4.7.4/../../../../arm-none-eabi/lib\libc_s.a(lib_a-vfprintf_float.o) (strlen)
c:/isis/application/toolchain/bin/../lib/gcc/arm-none-eabi/4.7.4/../../../../arm-none-eabi/lib\libc_s.a(lib_a-strtod.o)
                              c:/isis/application/toolchain/bin/../lib/gcc/arm-none-eabi/4.7.4/../../../../arm-none-eabi/lib\libc_s.a(lib_a-vfscanf_float.o) (_strtod_r)
c:/isis/application/toolchain/bin/../lib/gcc/arm-none-eabi/4.7.4/../../../../arm-none-eabi/lib\libc_s.a(lib_a-strtol.o)
                              c:/isis/application/toolchain/bin/../lib/gcc/arm-none-eabi/4.7.4/../../../../arm-none-eabi/lib\libc_s.a(lib_a-vfscanf_float.o) (_strtol_r)
c:/isis/application/toolchain/bin/../lib/gcc/arm-none-eabi/4.7.4/../../../../arm-none-eabi/lib\libc_s.a(lib_a-svfprintf.o)
                              c:/isis/application/toolchain/bin/../lib/gcc/arm-none-eabi/4.7.4/../../../../arm-none-eabi/lib\libc_s.a(lib_a-sprintf.o) (_svfprintf_r)
[...]
Memory Configuration

Name             Origin             Length             Attributes
sram0            0x00200000         0x00004000         w !xr
sram1            0x00300000         0x00004000         w !xr
sdram            0x20000000         0x02000000         w !xr
*default*        0x00000000         0xffffffff

Linker script and memory map

LOAD c:/isis/application/toolchain/bin/../lib/gcc/arm-none-eabi/4.7.4/../../../../arm-none-eabi/lib\libc_s.a
LOAD ./src/sub-systemCode/payload/Request Management/Dump/Butchering.o
LOAD ./src/sub-systemCode/payload/Request Management/Dump/imageDump.o
LOAD ./src/sub-systemCode/payload/Request Management/AutomaticImageHandler.o
LOAD ./src/sub-systemCode/payload/Request Management/CameraManeger.o
LOAD ./src/sub-systemCode/payload/Request Management/DB_RequestHandling.o
LOAD ./src/sub-systemCode/payload/Misc/Boolean_bit.o
LOAD ./src/sub-systemCode/payload/Misc/FileSystem.o
LOAD ./src/sub-systemCode/payload/Drivers/GeckoCameraDriver.o
LOAD ./src/sub-systemCode/payload/DataBase/DataBase.o
LOAD ./src/sub-systemCode/payload/Compression/jpeg/bmp/rawToBMP.o
LOAD ./src/sub-systemCode/payload/Compression/jpeg/DCT.o
LOAD ./src/sub-systemCode/payload/Compression/jpeg/ImgCompressor.o
LOAD ./src/sub-systemCode/payload/Compression/jpeg/color_conv.o
LOAD ./src/sub-systemCode/payload/Compression/jpeg/jpeg.o
LOAD ./src/sub-systemCode/payload/Compression/jpeg/jpeg_encoder.o
LOAD ./src/sub-systemCode/payload/Compression/jpeg/jpeg_memory_alloc.o
LOAD ./src/sub-systemCode/payload/Compression/jpeg/jpeg_params.o
LOAD ./src/sub-systemCode/payload/Compression/jpeg/output_stream.o
LOAD ./src/sub-systemCode/payload/Compression/ImageConversion.o
LOAD ./src/sub-systemCode/Main/CMD/ADCS_CMD.o
LOAD ./src/sub-systemCode/Main/CMD/COMM_CMD.o
LOAD ./src/sub-systemCode/Main/CMD/EPS_CMD.o
LOAD ./src/sub-systemCode/Main/CMD/General_CMD.o
LOAD ./src/sub-systemCode/Main/CMD/SW_CMD.o
LOAD ./src/sub-systemCode/Main/CMD/payload_CMD.o
LOAD ./src/sub-systemCode/Main/Ants.o
LOAD ./src/sub-systemCode/Main/EPS.o
LOAD ./src/sub-systemCode/Main/HouseKeeping.o
LOAD ./src/sub-systemCode/Main/Main_Init.o
LOAD ./src/sub-systemCode/Main/commands.o
LOAD ./src/sub-systemCode/Global/GenericTaskSave.o
LOAD ./src/sub-systemCode/Global/Global.o
LOAD ./src/sub-systemCode/Global/GlobalParam.o
LOAD ./src/sub-systemCode/Global/OnlineTM.o
LOAD ./src/sub-systemCode/Global/TLM_management.o
LOAD ./src/sub-systemCode/Global/freertosExtended.o
LOAD ./src/sub-systemCode/Global/logger.o
LOAD ./src/sub-systemCode/CUF/CUF.o
LOAD ./src/sub-systemCode/CUF/uploadCodeTelemetry.o
LOAD ./src/sub-systemCode/COMM/APRS.o
LOAD ./src/sub-systemCode/COMM/DelayedCommand_list.o
LOAD ./src/sub-systemCode/COMM/GSC.o
LOAD ./src/sub-systemCode/COMM/TRXVU.o
LOAD ./src/sub-systemCode/ADCS/AdcsCommands.o
LOAD ./src/sub-systemCode/ADCS/AdcsGetDataAndTlm.o
LOAD ./src/sub-systemCode/ADCS/AdcsMain.o
LOAD ./src/sub-systemCode/ADCS/AdcsTroubleShooting.o
LOAD ./src/sub-systemCode/ADCS/StateMachine.o
LOAD ./src/main.o
LOAD C:/HOOPOE3/satellite-subsystems/demo/..//satellite-subsystems/lib\libSatelliteSubsystemsD.a
LOAD c:/isis/application/toolchain/bin/../lib/gcc/arm-none-eabi/4.7.4/../../../../arm-none-eabi/lib\libm.a
LOAD C:/HOOPOE3/satellite-subsystems/demo/../..//hal/hcc/lib\libHCCD.a
LOAD C:/HOOPOE3/satellite-subsystems/demo/../..//hal/hal/lib\libHALD.a
LOAD C:/HOOPOE3/satellite-subsystems/demo/../..//hal/freertos/lib\libFreeRTOSD.a
LOAD C:/HOOPOE3/satellite-subsystems/demo/../..//hal/at91/lib\libAt91D.a
START GROUP
LOAD c:/isis/application/toolchain/bin/../lib/gcc/arm-none-eabi/4.7.4\libgcc.a
LOAD c:/isis/application/toolchain/bin/../lib/gcc/arm-none-eabi/4.7.4/../../../../arm-none-eabi/lib\libc_s.a
END GROUP

.fixed          0x20000000    0x3357c
                0x20000000                . = ALIGN (0x4)
                0x20000000                _sfixed = .
 *(.startup)
 .startup       0x20000000      0x134 C:/HOOPOE3/satellite-subsystems/demo/../..//hal/at91/lib\libAt91D.a(board_cstartup.o)
                0x20000000                entry
 *(.text)
 .text          0x20000134       0x64 C:/HOOPOE3/satellite-subsystems/demo/../..//hal/at91/lib\libAt91D.a(cp15_asm.o)
                0x20000134                _readControlRegister
                0x20000140                _writeControlRegister
                0x20000148                _waitForInterrupt
                0x20000154                _writeTTB
                0x2000015c                _writeDomain
                0x20000164                _writeITLBLockdown
                0x2000016c                _prefetchICacheLine
                0x20000174                _flushDCache
                0x20000180                _flushWriteBuffer
                0x2000018c                _invalidateIDTLBs
 .text          0x20000198      0x114 c:/isis/application/toolchain/bin/../lib/gcc/arm-none-eabi/4.7.4\libgcc.a(_udivsi3.o)
                0x20000198                __aeabi_uidiv
                0x20000198                __udivsi3
                0x2000028c                __aeabi_uidivmod
 .text          0x200002ac      0x148 c:/isis/application/toolchain/bin/../lib/gcc/arm-none-eabi/4.7.4\libgcc.a(_divsi3.o)
                0x200002ac                __divsi3
                0x200002ac                __aeabi_idiv
                0x200003d4                __aeabi_idivmod
 .text          0x200003f4        0x4 c:/isis/application/toolchain/bin/../lib/gcc/arm-none-eabi/4.7.4\libgcc.a(_dvmd_tls.o)
                0x200003f4                __aeabi_idiv0
                0x200003f4                __aeabi_ldiv0
 .text          0x200003f8      0x41c c:/isis/application/toolchain/bin/../lib/gcc/arm-none-eabi/4.7.4\libgcc.a(_arm_addsubdf3.o)
                0x200003f8                __aeabi_drsub
                0x20000400                __aeabi_dsub
                0x20000400                __subdf3
                0x20000404                __aeabi_dadd
                0x20000404                __adddf3
                0x20000714                __floatunsidf
                0x20000714                __aeabi_ui2d
                0x20000738                __floatsidf
                0x20000738                __aeabi_i2d
                0x20000760                __aeabi_f2d
                0x20000760                __extendsfdf2
                0x200007a0                __floatundidf
                0x200007a0                __aeabi_ul2d
                0x200007b4                __floatdidf
                0x200007b4                __aeabi_l2d
 .text          0x20000814      0x49c c:/isis/application/toolchain/bin/../lib/gcc/arm-none-eabi/4.7.4\libgcc.a(_arm_muldivdf3.o)
                0x20000814                __aeabi_dmul
                0x20000814                __muldf3
                0x20000aa4                __divdf3
                0x20000aa4                __aeabi_ddiv
 .text          0x20000cb0      0x144 c:/isis/application/toolchain/bin/../lib/gcc/arm-none-eabi/4.7.4\libgcc.a(_arm_cmpdf2.o)
                0x20000cb0                __gtdf2
                0x20000cb0                __gedf2
                0x20000cb8                __ltdf2
                0x20000cb8                __ledf2
                0x20000cc0                __nedf2
                0x20000cc0                __eqdf2
                0x20000cc0                __cmpdf2
                0x20000d48                __aeabi_cdrcmple
                0x20000d64                __aeabi_cdcmpeq
                0x20000d64                __aeabi_cdcmple
                0x20000d7c                __aeabi_dcmpeq
                0x20000d94                __aeabi_dcmplt
                0x20000dac                __aeabi_dcmple
                0x20000dc4                __aeabi_dcmpge
                0x20000ddc                __aeabi_dcmpgt
 .text          0x20000df4       0x5c c:/isis/application/toolchain/bin/../lib/gcc/arm-none-eabi/4.7.4\libgcc.a(_arm_fixdfsi.o)
                0x20000df4                __aeabi_d2iz
                0x20000df4                __fixdfsi
 .text          0x20000e50       0x54 c:/isis/application/toolchain/bin/../lib/gcc/arm-none-eabi/4.7.4\libgcc.a(_arm_fixunsdfsi.o)
                0x20000e50                __aeabi_d2uiz
                0x20000e50                __fixunsdfsi
 .text          0x20000ea4       0xa0 c:/isis/application/toolchain/bin/../lib/gcc/arm-none-eabi/4.7.4\libgcc.a(_arm_truncdfsf2.o)
                0x20000ea4                __truncdfsf2
                0x20000ea4                __aeabi_d2f
 .text          0x20000f44      0x2ac c:/isis/application/toolchain/bin/../lib/gcc/arm-none-eabi/4.7.4\libgcc.a(_arm_addsubsf3.o)
                0x20000f44                __aeabi_frsub
                0x20000f4c                __subsf3
                0x20000f4c                __aeabi_fsub
                0x20000f50                __aeabi_fadd
                0x20000f50                __addsf3
                0x2000110c                __aeabi_ui2f
                0x2000110c                __floatunsisf
                0x20001114                __aeabi_i2f
                0x20001114                __floatsisf
                0x20001134                __aeabi_ul2f
                0x20001134                __floatundisf
                0x20001144                __aeabi_l2f
                0x20001144                __floatdisf
 .text          0x200011f0      0x2f8 c:/isis/application/toolchain/bin/../lib/gcc/arm-none-eabi/4.7.4\libgcc.a(_arm_muldivsf3.o)
                0x200011f0                __mulsf3
                0x200011f0                __aeabi_fmul
                0x20001388                __aeabi_fdiv
                0x20001388                __divsf3
 .text          0x200014e8       0x54 c:/isis/application/toolchain/bin/../lib/gcc/arm-none-eabi/4.7.4\libgcc.a(_arm_fixunssfsi.o)
                0x200014e8                __fixunssfsi
                0x200014e8                __aeabi_f2uiz
 *(.text*)
 .text.__cvt    0x2000153c      0x138 c:/isis/application/toolchain/bin/../lib/gcc/arm-none-eabi/4.7.4/../../../../arm-none-eabi/lib\libc_s.a(lib_a-vfprintf_float.o)
                0x2000153c                __cvt
 .text.__exponent
                0x20001674       0xa8 c:/isis/application/toolchain/bin/../lib/gcc/arm-none-eabi/4.7.4/../../../../arm-none-eabi/lib\libc_s.a(lib_a-vfprintf_float.o)
                0x20001674                __exponent
 .text._printf_float
                0x2000171c      0x7dc c:/isis/application/toolchain/bin/../lib/gcc/arm-none-eabi/4.7.4/../../../../arm-none-eabi/lib\libc_s.a(lib_a-vfprintf_float.o)
                0x2000171c                _printf_float
 .text._printf_common
                0x20001ef8      0x174 c:/isis/application/toolchain/bin/../lib/gcc/arm-none-eabi/4.7.4/../../../../arm-none-eabi/lib\libc_s.a(lib_a-vfprintf_i.o)
                0x20001ef8                _printf_common
 .text._printf_i
                0x2000206c      0x3c4 c:/isis/application/toolchain/bin/../lib/gcc/arm-none-eabi/4.7.4/../../../../arm-none-eabi/lib\libc_s.a(lib_a-vfprintf_i.o)
                0x2000206c                _printf_i
 .text._scanf_float
                0x20002430      0x5f4 c:/isis/application/toolchain/bin/../lib/gcc/arm-none-eabi/4.7.4/../../../../arm-none-eabi/lib\libc_s.a(lib_a-vfscanf_float.o)
                0x20002430                _scanf_float
 .text.quorem   0x20002a24      0x1ac c:/isis/application/toolchain/bin/../lib/gcc/arm-none-eabi/4.7.4/../../../../arm-none-eabi/lib\libc_s.a(lib_a-dtoa.o)
 .text._dtoa_r  0x20002bd0     0x1268 c:/isis/application/toolchain/bin/../lib/gcc/arm-none-eabi/4.7.4/../../../../arm-none-eabi/lib\libc_s.a(lib_a-dtoa.o)
                0x20002bd0                _dtoa_r
 .text._localeconv_r
                0x20003e38        0xc c:/isis/application/toolchain/bin/../lib/gcc/arm-none-eabi/4.7.4/../../../../arm-none-eabi/lib\libc_s.a(lib_a-locale.o)
                0x20003e38                _localeconv_r
 .text.malloc   0x20003e44       0x20 c:/isis/application/toolchain/bin/../lib/gcc/arm-none-eabi/4.7.4/../../../../arm-none-eabi/lib\libc_s.a(lib_a-malloc.o)
                0x20003e44                malloc
 .text.free     0x20003e64       0x20 c:/isis/application/toolchain/bin/../lib/gcc/arm-none-eabi/4.7.4/../../../../arm-none-eabi/lib\libc_s.a(lib_a-malloc.o)
                0x20003e64                free
 .text._malloc_r
                0x20003e84       0xfc c:/isis/application/toolchain/bin/../lib/gcc/arm-none-eabi/4.7.4/../../../../arm-none-eabi/lib\libc_s.a(lib_a-mallocr.o)
                0x20003e84                _malloc_r
 .text.memcpy   0x20003f80       0x20 c:/isis/application/toolchain/bin/../lib/gcc/arm-none-eabi/4.7.4/../../../../arm-none-eabi/lib\libc_s.a(lib_a-memcpy.o)
                0x20003f80                memcpy
 .text._Balloc  0x20003fa0       0xcc c:/isis/application/toolchain/bin/../lib/gcc/arm-none-eabi/4.7.4/../../../../arm-none-eabi/lib\libc_s.a(lib_a-mprec.o)
                0x20003fa0                _Balloc
 .text._Bfree   0x2000406c       0x5c c:/isis/application/toolchain/bin/../lib/gcc/arm-none-eabi/4.7.4/../../../../arm-none-eabi/lib\libc_s.a(lib_a-mprec.o)
                0x2000406c                _Bfree
 .text.__multadd
                0x200040c8       0xbc c:/isis/application/toolchain/bin/../lib/gcc/arm-none-eabi/4.7.4/../../../../arm-none-eabi/lib\libc_s.a(lib_a-mprec.o)
                0x200040c8                __multadd
 .text.__s2b    0x20004184       0xd8 c:/isis/application/toolchain/bin/../lib/gcc/arm-none-eabi/4.7.4/../../../../arm-none-eabi/lib\libc_s.a(lib_a-mprec.o)
                0x20004184                __s2b
 .text.__hi0bits
                0x2000425c       0x58 c:/isis/application/toolchain/bin/../lib/gcc/arm-none-eabi/4.7.4/../../../../arm-none-eabi/lib\libc_s.a(lib_a-mprec.o)
                0x2000425c                __hi0bits
 .text.__lo0bits
                0x200042b4       0x94 c:/isis/application/toolchain/bin/../lib/gcc/arm-none-eabi/4.7.4/../../../../arm-none-eabi/lib\libc_s.a(lib_a-mprec.o)
                0x200042b4                __lo0bits
 .text.__i2b    0x20004348       0x24 c:/isis/application/toolchain/bin/../lib/gcc/arm-none-eabi/4.7.4/../../../../arm-none-eabi/lib\libc_s.a(lib_a-mprec.o)
                0x20004348                __i2b
 .text.__multiply
                0x2000436c      0x1ac c:/isis/application/toolchain/bin/../lib/gcc/arm-none-eabi/4.7.4/../../../../arm-none-eabi/lib\libc_s.a(lib_a-mprec.o)
                0x2000436c                __multiply
 .text.__pow5mult
                0x20004518      0x10c c:/isis/application/toolchain/bin/../lib/gcc/arm-none-eabi/4.7.4/../../../../arm-none-eabi/lib\libc_s.a(lib_a-mprec.o)
                0x20004518                __pow5mult
 .text.__lshift
                0x20004624       0xf0 c:/isis/application/toolchain/bin/../lib/gcc/arm-none-eabi/4.7.4/../../../../arm-none-eabi/lib\libc_s.a(lib_a-mprec.o)
                0x20004624                __lshift
 .text.__mcmp   0x20004714       0x60 c:/isis/application/toolchain/bin/../lib/gcc/arm-none-eabi/4.7.4/../../../../arm-none-eabi/lib\libc_s.a(lib_a-mprec.o)
                0x20004714                __mcmp
 .text.__mdiff  0x20004774      0x128 c:/isis/application/toolchain/bin/../lib/gcc/arm-none-eabi/4.7.4/../../../../arm-none-eabi/lib\libc_s.a(lib_a-mprec.o)
                0x20004774                __mdiff
 .text.__ulp    0x2000489c       0x5c c:/isis/application/toolchain/bin/../lib/gcc/arm-none-eabi/4.7.4/../../../../arm-none-eabi/lib\libc_s.a(lib_a-mprec.o)
                0x2000489c                __ulp
 .text.__b2d    0x200048f8       0xc8 c:/isis/application/toolchain/bin/../lib/gcc/arm-none-eabi/4.7.4/../../../../arm-none-eabi/lib\libc_s.a(lib_a-mprec.o)
                0x200048f8                __b2d
 .text.__d2b    0x200049c0       0xfc c:/isis/application/toolchain/bin/../lib/gcc/arm-none-eabi/4.7.4/../../../../arm-none-eabi/lib\libc_s.a(lib_a-mprec.o)
                0x200049c0                __d2b
 .text.__ratio  0x20004abc       0x70 c:/isis/application/toolchain/bin/../lib/gcc/arm-none-eabi/4.7.4/../../../../arm-none-eabi/lib\libc_s.a(lib_a-mprec.o)
                0x20004abc                __ratio
 .text.__copybits
                0x20004b2c       0x4c c:/isis/application/toolchain/bin/../lib/gcc/arm-none-eabi/4.7.4/../../../../arm-none-eabi/lib\libc_s.a(lib_a-mprec.o)
                0x20004b2c                __copybits
 .text.__any_on
                0x20004b78       0x7c c:/isis/application/toolchain/bin/../lib/gcc/arm-none-eabi/4.7.4/../../../../arm-none-eabi/lib\libc_s.a(lib_a-mprec.o)
                0x20004b78                __any_on
 .text.__fpclassifyd
                0x20004bf4       0x6c c:/isis/application/toolchain/bin/../lib/gcc/arm-none-eabi/4.7.4/../../../../arm-none-eabi/lib\libc_s.a(lib_a-s_fpclassify.o)
                0x20004bf4                __fpclassifyd
 .text._sbrk_r  0x20004c60       0x3c c:/isis/application/toolchain/bin/../lib/gcc/arm-none-eabi/4.7.4/../../../../arm-none-eabi/lib\libc_s.a(lib_a-sbrkr.o)
                0x20004c60                _sbrk_r
 .text.nanf     0x20004c9c        0xc c:/isis/application/toolchain/bin/../lib/gcc/arm-none-eabi/4.7.4/../../../../arm-none-eabi/lib\libc_s.a(lib_a-sf_nan.o)
                0x20004c9c                nanf
 .text.sprintf  0x20004ca8       0x6c c:/isis/application/toolchain/bin/../lib/gcc/arm-none-eabi/4.7.4/../../../../arm-none-eabi/lib\libc_s.a(lib_a-sprintf.o)
                0x20004ca8                siprintf
                0x20004ca8                sprintf
 .text.strlen   0x20004d14       0x1c c:/isis/application/toolchain/bin/../lib/gcc/arm-none-eabi/4.7.4/../../../../arm-none-eabi/lib\libc_s.a(lib_a-strlen.o)
                0x20004d14                strlen
 .text.match    0x20004d30       0x54 c:/isis/application/toolchain/bin/../lib/gcc/arm-none-eabi/4.7.4/../../../../arm-none-eabi/lib\libc_s.a(lib_a-strtod.o)
 .text._strtod_r
                0x20004d84     0x1168 c:/isis/application/toolchain/bin/../lib/gcc/arm-none-eabi/4.7.4/../../../../arm-none-eabi/lib\libc_s.a(lib_a-strtod.o)
                0x20004d84                _strtod_r
 .text._strtol_r
                0x20005eec      0x1b8 c:/isis/application/toolchain/bin/../lib/gcc/arm-none-eabi/4.7.4/../../../../arm-none-eabi/lib\libc_s.a(lib_a-strtol.o)
                0x20005eec                _strtol_r
 .text.__ssputc_r
                0x200060a4      0x10c c:/isis/application/toolchain/bin/../lib/gcc/arm-none-eabi/4.7.4/../../../../arm-none-eabi/lib\libc_s.a(lib_a-svfprintf.o)
                0x200060a4                __ssputc_r
 .text._svfprintf_r
                0x200061b0      0x328 c:/isis/application/toolchain/bin/../lib/gcc/arm-none-eabi/4.7.4/../../../../arm-none-eabi/lib\libc_s.a(lib_a-svfprintf.o)
                0x200061b0                _svfiprintf_r
                0x200061b0                _svfprintf_r
 .text._calloc_r
                0x200064d8       0x2c c:/isis/application/toolchain/bin/../lib/gcc/arm-none-eabi/4.7.4/../../../../arm-none-eabi/lib\libc_s.a(lib_a-callocr.o)
                0x200064d8                _calloc_r
 .text._free_r  0x20006504      0x108 c:/isis/application/toolchain/bin/../lib/gcc/arm-none-eabi/4.7.4/../../../../arm-none-eabi/lib\libc_s.a(lib_a-freer.o)
                0x20006504                _free_r
 .text.rshift   0x2000660c       0xb0 c:/isis/application/toolchain/bin/../lib/gcc/arm-none-eabi/4.7.4/../../../../arm-none-eabi/lib\libc_s.a(lib_a-gdtoa-gethex.o)
 .text.htinit.constprop.0
                0x200066bc       0x34 c:/isis/application/toolchain/bin/../lib/gcc/arm-none-eabi/4.7.4/../../../../arm-none-eabi/lib\libc_s.a(lib_a-gdtoa-gethex.o)
 .text.__hexdig_init
                0x200066f0       0x38 c:/isis/application/toolchain/bin/../lib/gcc/arm-none-eabi/4.7.4/../../../../arm-none-eabi/lib\libc_s.a(lib_a-gdtoa-gethex.o)
                0x200066f0                __hexdig_init
 .text.__gethex
                0x20006728      0x6cc c:/isis/application/toolchain/bin/../lib/gcc/arm-none-eabi/4.7.4/../../../../arm-none-eabi/lib\libc_s.a(lib_a-gdtoa-gethex.o)
                0x20006728                __gethex
 .text.L_shift  0x20006df4       0x38 c:/isis/application/toolchain/bin/../lib/gcc/arm-none-eabi/4.7.4/../../../../arm-none-eabi/lib\libc_s.a(lib_a-gdtoa-hexnan.o)
 .text.__hexnan
                0x20006e2c      0x1d8 c:/isis/application/toolchain/bin/../lib/gcc/arm-none-eabi/4.7.4/../../../../arm-none-eabi/lib\libc_s.a(lib_a-gdtoa-hexnan.o)
                0x20006e2c                __hexnan
 .text.memchr   0x20007004       0x34 c:/isis/application/toolchain/bin/../lib/gcc/arm-none-eabi/4.7.4/../../../../arm-none-eabi/lib\libc_s.a(lib_a-memchr.o)
                0x20007004                memchr
 .text.memset   0x20007038       0x1c c:/isis/application/toolchain/bin/../lib/gcc/arm-none-eabi/4.7.4/../../../../arm-none-eabi/lib\libc_s.a(lib_a-memset.o)
                0x20007038                memset
 .text._realloc_r
                0x20007054       0x80 c:/isis/application/toolchain/bin/../lib/gcc/arm-none-eabi/4.7.4/../../../../arm-none-eabi/lib\libc_s.a(lib_a-reallocr.o)
                0x20007054                _realloc_r
 .text.strncmp  0x200070d4       0x64 c:/isis/application/toolchain/bin/../lib/gcc/arm-none-eabi/4.7.4/../../../../arm-none-eabi/lib\libc_s.a(lib_a-strncmp.o)
                0x200070d4                strncmp
 .text._malloc_usable_size_r
                0x20007138       0x1c c:/isis/application/toolchain/bin/../lib/gcc/arm-none-eabi/4.7.4/../../../../arm-none-eabi/lib\libc_s.a(lib_a-msizer.o)
                0x20007138                _malloc_usable_size_r
 .text.readChunkDimentionsFromFRAM
                0x20007154       0x80 ./src/sub-systemCode/payload/Request Management/Dump/imageDump.o
                0x20007154                readChunkDimentionsFromFRAM
 .text.setChunkDimensions_inFRAM
                0x200071d4      0x10c ./src/sub-systemCode/payload/Request Management/Dump/imageDump.o
                0x200071d4                setChunkDimensions_inFRAM
 .text.create_xAutomaticImageHandlingTaskSuspensionFlag
                0x200072e0       0x58 ./src/sub-systemCode/payload/Request Management/AutomaticImageHandler.o
                0x200072e0                create_xAutomaticImageHandlingTaskSuspensionFlag
 .text.create_xAutomaticImageHandlingReadyForLongTermStop
                0x20007338       0x58 ./src/sub-systemCode/payload/Request Management/AutomaticImageHandler.o
                0x20007338                create_xAutomaticImageHandlingReadyForLongTermStop
 .text.create_xAutomaticImageHandling_taskHandle
                0x20007390       0x68 ./src/sub-systemCode/payload/Request Management/AutomaticImageHandler.o
                0x20007390                create_xAutomaticImageHandling_taskHandle
 .text.initAutomaticImageHandlerTask
                0x200073f8       0x1c ./src/sub-systemCode/payload/Request Management/AutomaticImageHandler.o
                0x200073f8                initAutomaticImageHandlerTask
 .text.setGeckoParametersInFRAM
                0x20007414       0x3c ./src/sub-systemCode/payload/Request Management/CameraManeger.o
                0x20007414                setGeckoParametersInFRAM
 .text.createFolders
                0x20007450      0x2cc ./src/sub-systemCode/payload/Request Management/CameraManeger.o
                0x20007450                createFolders
 .text.initCamera
                0x2000771c       0xe4 ./src/sub-systemCode/payload/Request Management/CameraManeger.o
                0x2000771c                initCamera
 .text.gecko_power_mux_init
                0x20007800       0xb4 ./src/sub-systemCode/payload/Drivers/GeckoCameraDriver.o
                0x20007800                gecko_power_mux_init
 .text.gecko_power_mux_deinit
                0x200078b4       0x94 ./src/sub-systemCode/payload/Drivers/GeckoCameraDriver.o
                0x200078b4                gecko_power_mux_deinit
 .text.gecko_power_mux_get
                0x20007948       0xe4 ./src/sub-systemCode/payload/Drivers/GeckoCameraDriver.o
                0x20007948                gecko_power_mux_get
 .text.gecko_get_current_3v3
                0x20007a2c       0x44 ./src/sub-systemCode/payload/Drivers/GeckoCameraDriver.o
                0x20007a2c                gecko_get_current_3v3
 .text.gecko_get_voltage_3v3
                0x20007a70       0x44 ./src/sub-systemCode/payload/Drivers/GeckoCameraDriver.o
                0x20007a70                gecko_get_voltage_3v3
 .text.gecko_get_current_5v
                0x20007ab4       0x44 ./src/sub-systemCode/payload/Drivers/GeckoCameraDriver.o
                0x20007ab4                gecko_get_current_5v
 .text.gecko_get_voltage_5v
                0x20007af8       0x4c ./src/sub-systemCode/payload/Drivers/GeckoCameraDriver.o
                0x20007af8                gecko_get_voltage_5v
 .text.Initialized_GPIO
                0x20007b44       0x54 ./src/sub-systemCode/payload/Drivers/GeckoCameraDriver.o
                0x20007b44                Initialized_GPIO
 .text.create_xGeckoStateSemaphore
                0x20007b98       0x58 ./src/sub-systemCode/payload/Drivers/GeckoCameraDriver.o
                0x20007b98                create_xGeckoStateSemaphore
 .text.initGecko
                0x20007bf0       0x3c ./src/sub-systemCode/payload/Drivers/GeckoCameraDriver.o
                0x20007bf0                initGecko
 .text.zeroImageDataBase
                0x20007c2c       0x90 ./src/sub-systemCode/payload/DataBase/DataBase.o
                0x20007c2c                zeroImageDataBase
 .text.updateGeneralDataBaseParameters
                0x20007cbc       0x5c ./src/sub-systemCode/payload/DataBase/DataBase.o
                0x20007cbc                updateGeneralDataBaseParameters
 .text.setDataBaseValues
                0x20007d18      0x208 ./src/sub-systemCode/payload/DataBase/DataBase.o
                0x20007d18                setDataBaseValues
 .text.initImageDataBase
                0x20007f20      0x20c ./src/sub-systemCode/payload/DataBase/DataBase.o
                0x20007f20                initImageDataBase
 .text.setCameraPhotographyValues
                0x2000812c      0x130 ./src/sub-systemCode/payload/DataBase/DataBase.o
                0x2000812c                setCameraPhotographyValues
 .text.AdcsCmdQueueInit
                0x2000825c       0x4c ./src/sub-systemCode/Main/CMD/ADCS_CMD.o
                0x2000825c                AdcsCmdQueueInit
 .text.getAdcsQueueWaitPointer
                0x200082a8       0x20 ./src/sub-systemCode/Main/CMD/ADCS_CMD.o
                0x200082a8                getAdcsQueueWaitPointer
 .text.round_vol
                0x200082c8      0x124 ./src/sub-systemCode/Main/EPS.o
                0x200082c8                round_vol
 .text.get_shut_ADCS
                0x200083ec       0x64 ./src/sub-systemCode/Main/EPS.o
                0x200083ec                get_shut_ADCS
 .text.get_shut_CAM
                0x20008450       0x64 ./src/sub-systemCode/Main/EPS.o
                0x20008450                get_shut_CAM
 .text.update_powerLines
                0x200084b4      0x124 ./src/sub-systemCode/Main/EPS.o
                0x200084b4                update_powerLines
 .text.get_EPS_mode_t
                0x200085d8       0x24 ./src/sub-systemCode/Main/EPS.o
                0x200085d8                get_EPS_mode_t
 .text.init_enterMode
                0x200085fc       0x88 ./src/sub-systemCode/Main/EPS.o
                0x200085fc                init_enterMode
 .text.EPS_Init
                0x20008684      0x190 ./src/sub-systemCode/Main/EPS.o
                0x20008684                EPS_Init
 .text.reset_FRAM_EPS
                0x20008814      0x150 ./src/sub-systemCode/Main/EPS.o
                0x20008814                reset_FRAM_EPS
 .text.reset_EPS_voltages
                0x20008964      0x110 ./src/sub-systemCode/Main/EPS.o
                0x20008964                reset_EPS_voltages
 .text.overRide_ADCS
                0x20008a74       0x50 ./src/sub-systemCode/Main/EPS.o
                0x20008a74                overRide_ADCS
 .text.overRide_Camera
                0x20008ac4       0x38 ./src/sub-systemCode/Main/EPS.o
                0x20008ac4                overRide_Camera
 .text.EnterFullMode
                0x20008afc       0xf0 ./src/sub-systemCode/Main/EPS.o
                0x20008afc                EnterFullMode
 .text.EnterCruiseMode
                0x20008bec       0xe0 ./src/sub-systemCode/Main/EPS.o
                0x20008bec                EnterCruiseMode
 .text.EnterSafeMode
                0x20008ccc       0xe0 ./src/sub-systemCode/Main/EPS.o
                0x20008ccc                EnterSafeMode
 .text.EnterCriticalMode
                0x20008dac       0xcc ./src/sub-systemCode/Main/EPS.o
                0x20008dac                EnterCriticalMode
 .text.get_FRAMVoltageTable
                0x20008e78       0xa4 ./src/sub-systemCode/Main/EPS.o
 .text.check_EPSTableCorrection
                0x20008f1c      0x120 ./src/sub-systemCode/Main/EPS.o
                0x20008f1c                check_EPSTableCorrection
 .text.set_GP_EPS
                0x2000903c      0x10c ./src/sub-systemCode/Main/HouseKeeping.o
                0x2000903c                set_GP_EPS
 .text.set_GP_COMM
                0x20009148       0x88 ./src/sub-systemCode/Main/HouseKeeping.o
                0x20009148                set_GP_COMM
 .text.SP_HK_collect
                0x200091d0      0x22c ./src/sub-systemCode/Main/HouseKeeping.o
                0x200091d0                SP_HK_collect
 .text.EPS_HK_collect
                0x200093fc      0x528 ./src/sub-systemCode/Main/HouseKeeping.o
                0x200093fc                EPS_HK_collect
 .text.CAM_HK_collect
                0x20009924      0xa00 ./src/sub-systemCode/Main/HouseKeeping.o
                0x20009924                CAM_HK_collect
 .text.COMM_HK_collect
                0x2000a324      0x244 ./src/sub-systemCode/Main/HouseKeeping.o
                0x2000a324                COMM_HK_collect
 .text.numberOfRestarts
                0x2000a568       0x94 ./src/sub-systemCode/Main/Main_Init.o
                0x2000a568                numberOfRestarts
 .text.StartFRAM
                0x2000a5fc       0x38 ./src/sub-systemCode/Main/Main_Init.o
                0x2000a5fc                StartFRAM
 .text.StartI2C
                0x2000a634       0x44 ./src/sub-systemCode/Main/Main_Init.o
                0x2000a634                StartI2C
 .text.StartSPI
                0x2000a678       0x40 ./src/sub-systemCode/Main/Main_Init.o
                0x2000a678                StartSPI
 .text.StartTIME
                0x2000a6b8      0x120 ./src/sub-systemCode/Main/Main_Init.o
                0x2000a6b8                StartTIME
 .text.first_activation
                0x2000a7d8       0x4c ./src/sub-systemCode/Main/Main_Init.o
                0x2000a7d8                first_activation
 .text.InitSubsystems
                0x2000a824       0x68 ./src/sub-systemCode/Main/Main_Init.o
                0x2000a824                InitSubsystems
 .text.reset_command
                0x2000a88c       0x28 ./src/sub-systemCode/Main/commands.o
                0x2000a88c                reset_command
 .text.init_command
                0x2000a8b4       0xf4 ./src/sub-systemCode/Main/commands.o
                0x2000a8b4                init_command
 .text.init_GenericSaveQueue
                0x2000a9a8       0x3c ./src/sub-systemCode/Global/GenericTaskSave.o
                0x2000a9a8                init_GenericSaveQueue
 .text.add_GenericElement_queue
                0x2000a9e4       0x80 ./src/sub-systemCode/Global/GenericTaskSave.o
                0x2000a9e4                add_GenericElement_queue
 .text.check_int
                0x2000aa64       0x20 ./src/sub-systemCode/Global/Global.o
                0x2000aa64                check_int
 .text.check_portBASE_TYPE
                0x2000aa84       0x20 ./src/sub-systemCode/Global/Global.o
                0x2000aa84                check_portBASE_TYPE
 .text.reset_FRAM_MAIN
                0x2000aaa4      0x1cc ./src/sub-systemCode/Global/Global.o
                0x2000aaa4                reset_FRAM_MAIN
 .text.FRAM_write_exte
                0x2000ac70       0x84 ./src/sub-systemCode/Global/Global.o
                0x2000ac70                FRAM_write_exte
 .text.FRAM_read_exte
                0x2000acf4       0x84 ./src/sub-systemCode/Global/Global.o
                0x2000acf4                FRAM_read_exte
 .text.FRAM_writeAndVerify_exte
                0x2000ad78       0x84 ./src/sub-systemCode/Global/Global.o
                0x2000ad78                FRAM_writeAndVerify_exte
 .text.init_GP  0x2000adfc      0x368 ./src/sub-systemCode/Global/GlobalParam.o
                0x2000adfc                init_GP
 .text.get_system_state
                0x2000b164      0x268 ./src/sub-systemCode/Global/GlobalParam.o
                0x2000b164                get_system_state
 .text.set_system_state
                0x2000b3cc      0x298 ./src/sub-systemCode/Global/GlobalParam.o
                0x2000b3cc                set_system_state
 .text.get_systems_state_param
                0x2000b664       0x8c ./src/sub-systemCode/Global/GlobalParam.o
                0x2000b664                get_systems_state_param
 .text.set_Vbatt
                0x2000b6f0       0x8c ./src/sub-systemCode/Global/GlobalParam.o
                0x2000b6f0                set_Vbatt
 .text.set_curBat
                0x2000b77c       0x8c ./src/sub-systemCode/Global/GlobalParam.o
                0x2000b77c                set_curBat
 .text.set_cur3V3
                0x2000b808       0x8c ./src/sub-systemCode/Global/GlobalParam.o
                0x2000b808                set_cur3V3
 .text.set_cur5V
                0x2000b894       0x8c ./src/sub-systemCode/Global/GlobalParam.o
                0x2000b894                set_cur5V
 .text.set_tempComm_LO
                0x2000b920       0x8c ./src/sub-systemCode/Global/GlobalParam.o
                0x2000b920                set_tempComm_LO
 .text.set_tempComm_PA
                0x2000b9ac       0x8c ./src/sub-systemCode/Global/GlobalParam.o
                0x2000b9ac                set_tempComm_PA
 .text.set_tempEPS
                0x2000ba38       0xc8 ./src/sub-systemCode/Global/GlobalParam.o
                0x2000ba38                set_tempEPS
 .text.set_tempBatt
                0x2000bb00       0xc8 ./src/sub-systemCode/Global/GlobalParam.o
                0x2000bb00                set_tempBatt
 .text.set_RxDoppler
                0x2000bbc8       0x8c ./src/sub-systemCode/Global/GlobalParam.o
                0x2000bbc8                set_RxDoppler
 .text.set_RxRSSI
                0x2000bc54       0x8c ./src/sub-systemCode/Global/GlobalParam.o
                0x2000bc54                set_RxRSSI
 .text.set_TxRefl
                0x2000bce0       0x8c ./src/sub-systemCode/Global/GlobalParam.o
                0x2000bce0                set_TxRefl
 .text.set_TxForw
                0x2000bd6c       0x8c ./src/sub-systemCode/Global/GlobalParam.o
                0x2000bd6c                set_TxForw
 .text.set_numOfResets
                0x2000bdf8       0xac ./src/sub-systemCode/Global/GlobalParam.o
                0x2000bdf8                set_numOfResets
 .text.IsisAntS_getStatusData_sideA
                0x2000bea4       0x3c ./src/sub-systemCode/Global/OnlineTM.o
                0x2000bea4                IsisAntS_getStatusData_sideA
 .text.IsisAntS_getAlltelemetry_sideA
                0x2000bee0       0x3c ./src/sub-systemCode/Global/OnlineTM.o
                0x2000bee0                IsisAntS_getAlltelemetry_sideA
 .text.IsisAntS_getTemperature_sideA
                0x2000bf1c       0x3c ./src/sub-systemCode/Global/OnlineTM.o
                0x2000bf1c                IsisAntS_getTemperature_sideA
 .text.IsisAntS_getStatusData_sideB
                0x2000bf58       0x3c ./src/sub-systemCode/Global/OnlineTM.o
                0x2000bf58                IsisAntS_getStatusData_sideB
 .text.IsisAntS_getAlltelemetry_sideB
                0x2000bf94       0x3c ./src/sub-systemCode/Global/OnlineTM.o
                0x2000bf94                IsisAntS_getAlltelemetry_sideB
 .text.IsisAntS_getTemperature_sideB
                0x2000bfd0       0x3c ./src/sub-systemCode/Global/OnlineTM.o
                0x2000bfd0                IsisAntS_getTemperature_sideB
 .text.HK_collect_EPS
                0x2000c00c       0x30 ./src/sub-systemCode/Global/OnlineTM.o
                0x2000c00c                HK_collect_EPS
 .text.HK_collect_COMM
                0x2000c03c       0x30 ./src/sub-systemCode/Global/OnlineTM.o
                0x2000c03c                HK_collect_COMM
 .text.HK_collect_CAM
                0x2000c06c       0x30 ./src/sub-systemCode/Global/OnlineTM.o
                0x2000c06c                HK_collect_CAM
 .text.HK_collect_SP
                0x2000c09c       0x30 ./src/sub-systemCode/Global/OnlineTM.o
                0x2000c09c                HK_collect_SP
 .text.HK_collect_FS_A
                0x2000c0cc       0x9c ./src/sub-systemCode/Global/OnlineTM.o
                0x2000c0cc                HK_collect_FS_A
 .text.HK_collect_FS_B
                0x2000c168       0x9c ./src/sub-systemCode/Global/OnlineTM.o
                0x2000c168                HK_collect_FS_B
 .text.save_offlineSetting_FRAM
                0x2000c204      0x26c ./src/sub-systemCode/Global/OnlineTM.o
                0x2000c204                save_offlineSetting_FRAM
 .text.init_onlineParam
                0x2000c470     0x2f54 ./src/sub-systemCode/Global/OnlineTM.o
                0x2000c470                init_onlineParam
 .text.reset_offline_TM_list
                0x2000f3c4      0x184 ./src/sub-systemCode/Global/OnlineTM.o
                0x2000f3c4                reset_offline_TM_list
 .text.add_onlineTM_param_to_save_list
                0x2000f548      0x3e4 ./src/sub-systemCode/Global/OnlineTM.o
                0x2000f548                add_onlineTM_param_to_save_list
 .text.sd_format
                0x2000f92c       0x28 ./src/sub-systemCode/Global/TLM_management.o
                0x2000f92c                sd_format
 .text.getNumOfFilesInFS
                0x2000f954       0x44 ./src/sub-systemCode/Global/TLM_management.o
 .text.setNumOfFilesInFS
                0x2000f998       0x50 ./src/sub-systemCode/Global/TLM_management.o
 .text.f_managed_enterFS
                0x2000f9e8       0x18 ./src/sub-systemCode/Global/TLM_management.o
                0x2000f9e8                f_managed_enterFS
 .text.createSemahores_FS
                0x2000fa00       0x48 ./src/sub-systemCode/Global/TLM_management.o
                0x2000fa00                createSemahores_FS
 .text.InitializeFS
                0x2000fa48      0x138 ./src/sub-systemCode/Global/TLM_management.o
                0x2000fa48                InitializeFS
 .text.c_fileCreate
                0x2000fb80      0x110 ./src/sub-systemCode/Global/TLM_management.o
                0x2000fb80                c_fileCreate
 .text.DeInitializeFS
                0x2000fc90       0x30 ./src/sub-systemCode/Global/TLM_management.o
                0x2000fc90                DeInitializeFS
 .text.xSemaphoreGive_extended
                0x2000fcc0       0x48 ./src/sub-systemCode/Global/freertosExtended.o
                0x2000fcc0                xSemaphoreGive_extended
 .text.xSemaphoreTake_extended
                0x2000fd08       0x54 ./src/sub-systemCode/Global/freertosExtended.o
                0x2000fd08                xSemaphoreTake_extended
 .text.WriteLog
                0x2000fd5c       0xa8 ./src/sub-systemCode/Global/logger.o
 .text.WriteErrorLog
                0x2000fe04       0x64 ./src/sub-systemCode/Global/logger.o
                0x2000fe04                WriteErrorLog
 .text.WriteAdcsLog
                0x2000fe68       0x50 ./src/sub-systemCode/Global/logger.o
                0x2000fe68                WriteAdcsLog
 .text.reset_APRS_list
                0x2000feb8       0x20 ./src/sub-systemCode/COMM/APRS.o
                0x2000feb8                reset_APRS_list
 .text.get_APRS_list
                0x2000fed8       0x18 ./src/sub-systemCode/COMM/APRS.o
                0x2000fed8                get_APRS_list
 .text.reset_delayCommand
                0x2000fef0       0xc4 ./src/sub-systemCode/COMM/DelayedCommand_list.o
                0x2000fef0                reset_delayCommand
 .text.get_delayCommand_list
                0x2000ffb4       0xb8 ./src/sub-systemCode/COMM/DelayedCommand_list.o
                0x2000ffb4                get_delayCommand_list
 .text.update_FRAM_bitRate
                0x2001006c       0xf4 ./src/sub-systemCode/COMM/TRXVU.o
                0x2001006c                update_FRAM_bitRate
 .text.idle_state_
                0x20010160       0x78 ./src/sub-systemCode/COMM/TRXVU.o
                0x20010160                idle_state_
 .text.toggle_idle_state
                0x200101d8       0x64 ./src/sub-systemCode/COMM/TRXVU.o
                0x200101d8                toggle_idle_state
 .text.TRXVU_init_hardWare
                0x2001023c       0xc8 ./src/sub-systemCode/COMM/TRXVU.o
                0x2001023c                TRXVU_init_hardWare
 .text.TRXVU_init_softWare
                0x20010304      0x124 ./src/sub-systemCode/COMM/TRXVU.o
                0x20010304                TRXVU_init_softWare
 .text.init_trxvu
                0x20010428       0x14 ./src/sub-systemCode/COMM/TRXVU.o
                0x20010428                init_trxvu
 .text.reset_FRAM_TRXVU
                0x2001043c      0x208 ./src/sub-systemCode/COMM/TRXVU.o
                0x2001043c                reset_FRAM_TRXVU
 .text.change_TRXVU_state
                0x20010644      0x100 ./src/sub-systemCode/COMM/TRXVU.o
                0x20010644                change_TRXVU_state
 .text.change_trans_RSSI
                0x20010744       0x7c ./src/sub-systemCode/COMM/TRXVU.o
                0x20010744                change_trans_RSSI
 .text.AdcsReadI2cAck
                0x200107c0       0xfc ./src/sub-systemCode/ADCS/AdcsCommands.o
                0x200107c0                AdcsReadI2cAck
 .text.AdcsGenericI2cCmd
                0x200108bc      0x1bc ./src/sub-systemCode/ADCS/AdcsCommands.o
                0x200108bc                AdcsGenericI2cCmd
 .text.cspaceADCS_getEstimatedAngles
                0x20010a78       0x98 ./src/sub-systemCode/ADCS/AdcsGetDataAndTlm.o
                0x20010a78                cspaceADCS_getEstimatedAngles
 .text.cspaceADCS_getEstimatedAnglesRates
                0x20010b10       0x98 ./src/sub-systemCode/ADCS/AdcsGetDataAndTlm.o
                0x20010b10                cspaceADCS_getEstimatedAnglesRates
 .text.cspaceADCS_getSatellitePosition
                0x20010ba8       0x98 ./src/sub-systemCode/ADCS/AdcsGetDataAndTlm.o
                0x20010ba8                cspaceADCS_getSatellitePosition
 .text.InitTlmElements
                0x20010c40      0x234 ./src/sub-systemCode/ADCS/AdcsGetDataAndTlm.o
                0x20010c40                InitTlmElements
 .text.CreateTlmElementFiles
                0x20010e74      0x178 ./src/sub-systemCode/ADCS/AdcsGetDataAndTlm.o
                0x20010e74                CreateTlmElementFiles
 .text.AdcsInit
                0x20010fec      0x1e8 ./src/sub-systemCode/ADCS/AdcsMain.o
                0x20010fec                AdcsInit
 .text.taskMain
                0x200111d4       0x5c ./src/main.o
                0x200111d4                taskMain
 .text.main     0x20011230       0x70 ./src/main.o
                0x20011230                main
 .text.GomEpsInitialize
                0x200112a0      0x148 C:/HOOPOE3/satellite-subsystems/demo/..//satellite-subsystems/lib\libSatelliteSubsystemsD.a(GomEPS.o)
                0x200112a0                GomEpsInitialize
 .text.makeEPStransfer
                0x200113e8       0x3c C:/HOOPOE3/satellite-subsystems/demo/..//satellite-subsystems/lib\libSatelliteSubsystemsD.a(GomEPS.o)
 .text.GomEpsGetHkData_param
                0x20011424      0x29c C:/HOOPOE3/satellite-subsystems/demo/..//satellite-subsystems/lib\libSatelliteSubsystemsD.a(GomEPS.o)
                0x20011424                GomEpsGetHkData_param
 .text.GomEpsGetHkData_general
                0x200116c0      0x45c C:/HOOPOE3/satellite-subsystems/demo/..//satellite-subsystems/lib\libSatelliteSubsystemsD.a(GomEPS.o)
                0x200116c0                GomEpsGetHkData_general
 .text.GomEpsGetHkData_vi
                0x20011b1c      0x188 C:/HOOPOE3/satellite-subsystems/demo/..//satellite-subsystems/lib\libSatelliteSubsystemsD.a(GomEPS.o)
                0x20011b1c                GomEpsGetHkData_vi
 .text.GomEpsGetHkData_out
                0x20011ca4      0x21c C:/HOOPOE3/satellite-subsystems/demo/..//satellite-subsystems/lib\libSatelliteSubsystemsD.a(GomEPS.o)
                0x20011ca4                GomEpsGetHkData_out
 .text.GomEpsGetHkData_wdt
                0x20011ec0      0x2b4 C:/HOOPOE3/satellite-subsystems/demo/..//satellite-subsystems/lib\libSatelliteSubsystemsD.a(GomEPS.o)
                0x20011ec0                GomEpsGetHkData_wdt
 .text.GomEpsGetHkData_basic
                0x20012174      0x22c C:/HOOPOE3/satellite-subsystems/demo/..//satellite-subsystems/lib\libSatelliteSubsystemsD.a(GomEPS.o)
                0x20012174                GomEpsGetHkData_basic
 .text.GomEpsSetOutput
                0x200123a0       0xbc C:/HOOPOE3/satellite-subsystems/demo/..//satellite-subsystems/lib\libSatelliteSubsystemsD.a(GomEPS.o)
                0x200123a0                GomEpsSetOutput
 .text.GomEpsConfigGet
                0x2001245c      0x16c C:/HOOPOE3/satellite-subsystems/demo/..//satellite-subsystems/lib\libSatelliteSubsystemsD.a(GomEPS.o)
                0x2001245c                GomEpsConfigGet
 .text.GomEpsConfig2Get
                0x200125c8      0x16c C:/HOOPOE3/satellite-subsystems/demo/..//satellite-subsystems/lib\libSatelliteSubsystemsD.a(GomEPS.o)
                0x200125c8                GomEpsConfig2Get
 .text.makeAntStransfer
                0x20012734       0x4c C:/HOOPOE3/satellite-subsystems/demo/..//satellite-subsystems/lib\libSatelliteSubsystemsD.a(IsisAntS.o)
 .text.checkInputsValid
                0x20012780       0x7c C:/HOOPOE3/satellite-subsystems/demo/..//satellite-subsystems/lib\libSatelliteSubsystemsD.a(IsisAntS.o)
 .text.IsisAntS_getStatusData
                0x200127fc      0x120 C:/HOOPOE3/satellite-subsystems/demo/..//satellite-subsystems/lib\libSatelliteSubsystemsD.a(IsisAntS.o)
                0x200127fc                IsisAntS_getStatusData
 .text.IsisAntS_getTemperature
                0x2001291c      0x120 C:/HOOPOE3/satellite-subsystems/demo/..//satellite-subsystems/lib\libSatelliteSubsystemsD.a(IsisAntS.o)
                0x2001291c                IsisAntS_getTemperature
 .text.IsisAntS_getAlltelemetry
                0x20012a3c      0x120 C:/HOOPOE3/satellite-subsystems/demo/..//satellite-subsystems/lib\libSatelliteSubsystemsD.a(IsisAntS.o)
                0x20012a3c                IsisAntS_getAlltelemetry
 .text.IsisSolarPanelv2_initialize
                0x20012b5c       0xb4 C:/HOOPOE3/satellite-subsystems/demo/..//satellite-subsystems/lib\libSatelliteSubsystemsD.a(IsisSolarPanelv2.o)
                0x20012b5c                IsisSolarPanelv2_initialize
 .text.IsisSolarPanelv2_getTemperature
                0x20012c10       0xc8 C:/HOOPOE3/satellite-subsystems/demo/..//satellite-subsystems/lib\libSatelliteSubsystemsD.a(IsisSolarPanelv2.o)
                0x20012c10                IsisSolarPanelv2_getTemperature
 .text.IsisSolarPanelv2_sleep
                0x20012cd8       0xbc C:/HOOPOE3/satellite-subsystems/demo/..//satellite-subsystems/lib\libSatelliteSubsystemsD.a(IsisSolarPanelv2.o)
                0x20012cd8                IsisSolarPanelv2_sleep
 .text.IsisSolarPanelv2_wakeup
                0x20012d94       0x80 C:/HOOPOE3/satellite-subsystems/demo/..//satellite-subsystems/lib\libSatelliteSubsystemsD.a(IsisSolarPanelv2.o)
                0x20012d94                IsisSolarPanelv2_wakeup
 .text._Reset   0x20012e14       0x20 C:/HOOPOE3/satellite-subsystems/demo/..//satellite-subsystems/lib\libSatelliteSubsystemsD.a(IsisSolarPanelv2.o)
 .text._WaitForStartup
                0x20012e34       0x90 C:/HOOPOE3/satellite-subsystems/demo/..//satellite-subsystems/lib\libSatelliteSubsystemsD.a(IsisSolarPanelv2.o)
 .text._AssignAllChannels
                0x20012ec4       0x90 C:/HOOPOE3/satellite-subsystems/demo/..//satellite-subsystems/lib\libSatelliteSubsystemsD.a(IsisSolarPanelv2.o)
 .text._AssignThisChannel
                0x20012f54       0xe8 C:/HOOPOE3/satellite-subsystems/demo/..//satellite-subsystems/lib\libSatelliteSubsystemsD.a(IsisSolarPanelv2.o)
 .text._InitiateConversion
                0x2001303c       0xac C:/HOOPOE3/satellite-subsystems/demo/..//satellite-subsystems/lib\libSatelliteSubsystemsD.a(IsisSolarPanelv2.o)
 .text._WaitForConversionComplete
                0x200130e8      0x100 C:/HOOPOE3/satellite-subsystems/demo/..//satellite-subsystems/lib\libSatelliteSubsystemsD.a(IsisSolarPanelv2.o)
 .text._ReadResult
                0x200131e8      0x158 C:/HOOPOE3/satellite-subsystems/demo/..//satellite-subsystems/lib\libSatelliteSubsystemsD.a(IsisSolarPanelv2.o)
 .text._ExtractByte
                0x20013340       0x38 C:/HOOPOE3/satellite-subsystems/demo/..//satellite-subsystems/lib\libSatelliteSubsystemsD.a(IsisSolarPanelv2.o)
 .text._ExtendSign
                0x20013378       0x6c C:/HOOPOE3/satellite-subsystems/demo/..//satellite-subsystems/lib\libSatelliteSubsystemsD.a(IsisSolarPanelv2.o)
 .text._PinsInit
                0x200133e4       0x50 C:/HOOPOE3/satellite-subsystems/demo/..//satellite-subsystems/lib\libSatelliteSubsystemsD.a(IsisSolarPanelv2.o)
 .text._SpiWriteRead
                0x20013434       0x70 C:/HOOPOE3/satellite-subsystems/demo/..//satellite-subsystems/lib\libSatelliteSubsystemsD.a(IsisSolarPanelv2.o)
 .text.IsisTrxvu_initialize
                0x200134a4      0x2f4 C:/HOOPOE3/satellite-subsystems/demo/..//satellite-subsystems/lib\libSatelliteSubsystemsD.a(IsisTRXVU.o)
                0x200134a4                IsisTrxvu_initialize
 .text.makeTRXVUtransfer
                0x20013798       0x44 C:/HOOPOE3/satellite-subsystems/demo/..//satellite-subsystems/lib\libSatelliteSubsystemsD.a(IsisTRXVU.o)
 .text.IsisTrxvu_tcSetIdlestate
                0x200137dc       0xa4 C:/HOOPOE3/satellite-subsystems/demo/..//satellite-subsystems/lib\libSatelliteSubsystemsD.a(IsisTRXVU.o)
                0x200137dc                IsisTrxvu_tcSetIdlestate
 .text.IsisTrxvu_tcSetAx25Bitrate
                0x20013880       0xc4 C:/HOOPOE3/satellite-subsystems/demo/..//satellite-subsystems/lib\libSatelliteSubsystemsD.a(IsisTRXVU.o)
                0x20013880                IsisTrxvu_tcSetAx25Bitrate
 .text.IsisTrxvu_tcGetTelemetryAll
                0x20013944       0xd0 C:/HOOPOE3/satellite-subsystems/demo/..//satellite-subsystems/lib\libSatelliteSubsystemsD.a(IsisTRXVU.o)
                0x20013944                IsisTrxvu_tcGetTelemetryAll
 .text.IsisTrxvu_tcGetTelemetryAll_revC
                0x20013a14       0xd0 C:/HOOPOE3/satellite-subsystems/demo/..//satellite-subsystems/lib\libSatelliteSubsystemsD.a(IsisTRXVU.o)
                0x20013a14                IsisTrxvu_tcGetTelemetryAll_revC
 .text.IsisTrxvu_rcGetTelemetryAll
                0x20013ae4       0xd0 C:/HOOPOE3/satellite-subsystems/demo/..//satellite-subsystems/lib\libSatelliteSubsystemsD.a(IsisTRXVU.o)
                0x20013ae4                IsisTrxvu_rcGetTelemetryAll
 .text.IsisTrxvu_rcGetTelemetryAll_revC
                0x20013bb4       0xec C:/HOOPOE3/satellite-subsystems/demo/..//satellite-subsystems/lib\libSatelliteSubsystemsD.a(IsisTRXVU.o)
                0x20013bb4                IsisTrxvu_rcGetTelemetryAll_revC
 .text.cspaceADCS_initialize
                0x20013ca0      0x18c C:/HOOPOE3/satellite-subsystems/demo/..//satellite-subsystems/lib\libSatelliteSubsystemsD.a(cspaceADCS.o)
                0x20013ca0                cspaceADCS_initialize
 .text.make_cspaceADCStransfer
                0x20013e2c      0x1b4 C:/HOOPOE3/satellite-subsystems/demo/..//satellite-subsystems/lib\libSatelliteSubsystemsD.a(cspaceADCS.o)
 .text.cspaceADCS_getCurrentTime
                0x20013fe0       0xc4 C:/HOOPOE3/satellite-subsystems/demo/..//satellite-subsystems/lib\libSatelliteSubsystemsD.a(cspaceADCS.o)
                0x20013fe0                cspaceADCS_getCurrentTime
 .text.cspaceADCS_getMagneticFieldVec
                0x200140a4       0xc4 C:/HOOPOE3/satellite-subsystems/demo/..//satellite-subsystems/lib\libSatelliteSubsystemsD.a(cspaceADCS.o)
                0x200140a4                cspaceADCS_getMagneticFieldVec
 .text.cspaceADCS_getCoarseSunVec
                0x20014168       0xc4 C:/HOOPOE3/satellite-subsystems/demo/..//satellite-subsystems/lib\libSatelliteSubsystemsD.a(cspaceADCS.o)
                0x20014168                cspaceADCS_getCoarseSunVec
 .text.cspaceADCS_getFineSunVec
                0x2001422c       0xc4 C:/HOOPOE3/satellite-subsystems/demo/..//satellite-subsystems/lib\libSatelliteSubsystemsD.a(cspaceADCS.o)
                0x2001422c                cspaceADCS_getFineSunVec
 .text.cspaceADCS_getSensorRates
                0x200142f0       0xc4 C:/HOOPOE3/satellite-subsystems/demo/..//satellite-subsystems/lib\libSatelliteSubsystemsD.a(cspaceADCS.o)
                0x200142f0                cspaceADCS_getSensorRates
 .text.cspaceADCS_getWheelSpeed
                0x200143b4       0xc4 C:/HOOPOE3/satellite-subsystems/demo/..//satellite-subsystems/lib\libSatelliteSubsystemsD.a(cspaceADCS.o)
                0x200143b4                cspaceADCS_getWheelSpeed
 .text.cspaceADCS_getMagnetorquerCmd
                0x20014478       0xc4 C:/HOOPOE3/satellite-subsystems/demo/..//satellite-subsystems/lib\libSatelliteSubsystemsD.a(cspaceADCS.o)
                0x20014478                cspaceADCS_getMagnetorquerCmd
 .text.cspaceADCS_getRawCss1_6Measurements
                0x2001453c       0xc4 C:/HOOPOE3/satellite-subsystems/demo/..//satellite-subsystems/lib\libSatelliteSubsystemsD.a(cspaceADCS.o)
                0x2001453c                cspaceADCS_getRawCss1_6Measurements
 .text.cspaceADCS_getRawCss7_10Measurements
                0x20014600       0xc4 C:/HOOPOE3/satellite-subsystems/demo/..//satellite-subsystems/lib\libSatelliteSubsystemsD.a(cspaceADCS.o)
                0x20014600                cspaceADCS_getRawCss7_10Measurements
 .text.cspaceADCS_getRawMagnetometerMeas
                0x200146c4       0xc4 C:/HOOPOE3/satellite-subsystems/demo/..//satellite-subsystems/lib\libSatelliteSubsystemsD.a(cspaceADCS.o)
                0x200146c4                cspaceADCS_getRawMagnetometerMeas
 .text.cspaceADCS_getCControlCurrentMeasurements
                0x20014788       0xc4 C:/HOOPOE3/satellite-subsystems/demo/..//satellite-subsystems/lib\libSatelliteSubsystemsD.a(cspaceADCS.o)
                0x20014788                cspaceADCS_getCControlCurrentMeasurements
 .text.cspaceADCS_getStateTlm
                0x2001484c       0xc4 C:/HOOPOE3/satellite-subsystems/demo/..//satellite-subsystems/lib\libSatelliteSubsystemsD.a(cspaceADCS.o)
                0x2001484c                cspaceADCS_getStateTlm
 .text.cspaceADCS_getEstimationMetadata
                0x20014910       0xc4 C:/HOOPOE3/satellite-subsystems/demo/..//satellite-subsystems/lib\libSatelliteSubsystemsD.a(cspaceADCS.o)
                0x20014910                cspaceADCS_getEstimationMetadata
 .text.cspaceADCS_getPowTempMeasTLM
                0x200149d4       0xc4 C:/HOOPOE3/satellite-subsystems/demo/..//satellite-subsystems/lib\libSatelliteSubsystemsD.a(cspaceADCS.o)
                0x200149d4                cspaceADCS_getPowTempMeasTLM
 .text.cspaceADCS_getMiscCurrentMeas
                0x20014a98       0xc4 C:/HOOPOE3/satellite-subsystems/demo/..//satellite-subsystems/lib\libSatelliteSubsystemsD.a(cspaceADCS.o)
                0x20014a98                cspaceADCS_getMiscCurrentMeas
 .text.GECKO_Init
                0x20014b5c       0x40 C:/HOOPOE3/satellite-subsystems/demo/..//satellite-subsystems/lib\libSatelliteSubsystemsD.a(gecko_driver.o)
                0x20014b5c                GECKO_Init
 .text.GECKO_GetReg
                0x20014b9c      0x110 C:/HOOPOE3/satellite-subsystems/demo/..//satellite-subsystems/lib\libSatelliteSubsystemsD.a(gecko_driver.o)
                0x20014b9c                GECKO_GetReg
 .text.GECKO_GetVoltageInput5V
                0x20014cac       0xf4 C:/HOOPOE3/satellite-subsystems/demo/..//satellite-subsystems/lib\libSatelliteSubsystemsD.a(gecko_driver.o)
                0x20014cac                GECKO_GetVoltageInput5V
 .text.GECKO_GetCurrentInput5V
                0x20014da0      0x130 C:/HOOPOE3/satellite-subsystems/demo/..//satellite-subsystems/lib\libSatelliteSubsystemsD.a(gecko_driver.o)
                0x20014da0                GECKO_GetCurrentInput5V
 .text.GECKO_GetVoltageFPGA1V
                0x20014ed0       0xd4 C:/HOOPOE3/satellite-subsystems/demo/..//satellite-subsystems/lib\libSatelliteSubsystemsD.a(gecko_driver.o)
                0x20014ed0                GECKO_GetVoltageFPGA1V
 .text.GECKO_GetCurrentFPGA1V
                0x20014fa4      0x130 C:/HOOPOE3/satellite-subsystems/demo/..//satellite-subsystems/lib\libSatelliteSubsystemsD.a(gecko_driver.o)
                0x20014fa4                GECKO_GetCurrentFPGA1V
 .text.GECKO_GetVoltageFPGA1V8
                0x200150d4       0xd4 C:/HOOPOE3/satellite-subsystems/demo/..//satellite-subsystems/lib\libSatelliteSubsystemsD.a(gecko_driver.o)
                0x200150d4                GECKO_GetVoltageFPGA1V8
 .text.GECKO_GetCurrentFPGA1V8
                0x200151a8      0x130 C:/HOOPOE3/satellite-subsystems/demo/..//satellite-subsystems/lib\libSatelliteSubsystemsD.a(gecko_driver.o)
                0x200151a8                GECKO_GetCurrentFPGA1V8
 .text.GECKO_GetVoltageFPGA2V5
                0x200152d8       0xe8 C:/HOOPOE3/satellite-subsystems/demo/..//satellite-subsystems/lib\libSatelliteSubsystemsD.a(gecko_driver.o)
                0x200152d8                GECKO_GetVoltageFPGA2V5
 .text.GECKO_GetCurrentFPGA2V5
                0x200153c0      0x130 C:/HOOPOE3/satellite-subsystems/demo/..//satellite-subsystems/lib\libSatelliteSubsystemsD.a(gecko_driver.o)
                0x200153c0                GECKO_GetCurrentFPGA2V5
 .text.GECKO_GetVoltageFPGA3V3
                0x200154f0       0xe8 C:/HOOPOE3/satellite-subsystems/demo/..//satellite-subsystems/lib\libSatelliteSubsystemsD.a(gecko_driver.o)
                0x200154f0                GECKO_GetVoltageFPGA3V3
 .text.GECKO_GetCurrentFPGA3V3
                0x200155d8      0x130 C:/HOOPOE3/satellite-subsystems/demo/..//satellite-subsystems/lib\libSatelliteSubsystemsD.a(gecko_driver.o)
                0x200155d8                GECKO_GetCurrentFPGA3V3
 .text.GECKO_GetVoltageFlash1V8
                0x20015708       0xd4 C:/HOOPOE3/satellite-subsystems/demo/..//satellite-subsystems/lib\libSatelliteSubsystemsD.a(gecko_driver.o)
                0x20015708                GECKO_GetVoltageFlash1V8
 .text.GECKO_GetCurrentFlash1V8
                0x200157dc      0x130 C:/HOOPOE3/satellite-subsystems/demo/..//satellite-subsystems/lib\libSatelliteSubsystemsD.a(gecko_driver.o)
                0x200157dc                GECKO_GetCurrentFlash1V8
 .text.GECKO_GetVoltageFlash3V3
                0x2001590c       0xe8 C:/HOOPOE3/satellite-subsystems/demo/..//satellite-subsystems/lib\libSatelliteSubsystemsD.a(gecko_driver.o)
                0x2001590c                GECKO_GetVoltageFlash3V3
 .text.GECKO_GetCurrentFlash3V3
                0x200159f4      0x130 C:/HOOPOE3/satellite-subsystems/demo/..//satellite-subsystems/lib\libSatelliteSubsystemsD.a(gecko_driver.o)
                0x200159f4                GECKO_GetCurrentFlash3V3
 .text.GECKO_GetVoltageSNSR1V8
                0x20015b24       0xe8 C:/HOOPOE3/satellite-subsystems/demo/..//satellite-subsystems/lib\libSatelliteSubsystemsD.a(gecko_driver.o)
                0x20015b24                GECKO_GetVoltageSNSR1V8
 .text.GECKO_GetCurrentSNSR1V8
                0x20015c0c      0x130 C:/HOOPOE3/satellite-subsystems/demo/..//satellite-subsystems/lib\libSatelliteSubsystemsD.a(gecko_driver.o)
                0x20015c0c                GECKO_GetCurrentSNSR1V8
 .text.GECKO_GetVoltageSNSRVDDPIX
                0x20015d3c       0xe8 C:/HOOPOE3/satellite-subsystems/demo/..//satellite-subsystems/lib\libSatelliteSubsystemsD.a(gecko_driver.o)
                0x20015d3c                GECKO_GetVoltageSNSRVDDPIX
 .text.GECKO_GetCurrentSNSRVDDPIX
                0x20015e24      0x130 C:/HOOPOE3/satellite-subsystems/demo/..//satellite-subsystems/lib\libSatelliteSubsystemsD.a(gecko_driver.o)
                0x20015e24                GECKO_GetCurrentSNSRVDDPIX
 .text.GECKO_GetVoltageSNSR3V3
                0x20015f54       0xe8 C:/HOOPOE3/satellite-subsystems/demo/..//satellite-subsystems/lib\libSatelliteSubsystemsD.a(gecko_driver.o)
                0x20015f54                GECKO_GetVoltageSNSR3V3
 .text.GECKO_GetCurrentSNSR3V3
                0x2001603c      0x130 C:/HOOPOE3/satellite-subsystems/demo/..//satellite-subsystems/lib\libSatelliteSubsystemsD.a(gecko_driver.o)
                0x2001603c                GECKO_GetCurrentSNSR3V3
 .text.GECKO_GetVoltageFlashVTT09
                0x2001616c       0xd4 C:/HOOPOE3/satellite-subsystems/demo/..//satellite-subsystems/lib\libSatelliteSubsystemsD.a(gecko_driver.o)
                0x2001616c                GECKO_GetVoltageFlashVTT09
 .text.GECKO_GetTempSMU3AB
                0x20016240      0x35c C:/HOOPOE3/satellite-subsystems/demo/..//satellite-subsystems/lib\libSatelliteSubsystemsD.a(gecko_driver.o)
                0x20016240                GECKO_GetTempSMU3AB
 .text.GECKO_GetTempSMU3BC
                0x2001659c      0x360 C:/HOOPOE3/satellite-subsystems/demo/..//satellite-subsystems/lib\libSatelliteSubsystemsD.a(gecko_driver.o)
                0x2001659c                GECKO_GetTempSMU3BC
 .text.GECKO_GetTempREGU6
                0x200168fc      0x35c C:/HOOPOE3/satellite-subsystems/demo/..//satellite-subsystems/lib\libSatelliteSubsystemsD.a(gecko_driver.o)
                0x200168fc                GECKO_GetTempREGU6
 .text.GECKO_GetTempREGU8
                0x20016c58      0x360 C:/HOOPOE3/satellite-subsystems/demo/..//satellite-subsystems/lib\libSatelliteSubsystemsD.a(gecko_driver.o)
                0x20016c58                GECKO_GetTempREGU8
 .text.GECKO_GetTempFlash
                0x20016fb8      0x360 C:/HOOPOE3/satellite-subsystems/demo/..//satellite-subsystems/lib\libSatelliteSubsystemsD.a(gecko_driver.o)
                0x20016fb8                GECKO_GetTempFlash
 .text._SpiWriteRead
                0x20017318       0x70 C:/HOOPOE3/satellite-subsystems/demo/..//satellite-subsystems/lib\libSatelliteSubsystemsD.a(gecko_driver.o)
 .text.makeTRXCommonTransfer
                0x20017388       0x34 C:/HOOPOE3/satellite-subsystems/demo/..//satellite-subsystems/lib\libSatelliteSubsystemsD.a(IsisTRXCommon.o)
 .text.IsisTrxCommon_TxSetIdlestate
                0x200173bc       0x78 C:/HOOPOE3/satellite-subsystems/demo/..//satellite-subsystems/lib\libSatelliteSubsystemsD.a(IsisTRXCommon.o)
                0x200173bc                IsisTrxCommon_TxSetIdlestate
 .text.IsisTrxCommon_TxSetAx25Bitrate
                0x20017434       0x78 C:/HOOPOE3/satellite-subsystems/demo/..//satellite-subsystems/lib\libSatelliteSubsystemsD.a(IsisTRXCommon.o)
                0x20017434                IsisTrxCommon_TxSetAx25Bitrate
 .text.IsisTrxCommon_RxGetTelemetryAll_revC
                0x200174ac       0x8c C:/HOOPOE3/satellite-subsystems/demo/..//satellite-subsystems/lib\libSatelliteSubsystemsD.a(IsisTRXCommon.o)
                0x200174ac                IsisTrxCommon_RxGetTelemetryAll_revC
 .text.log      0x20017538      0x17c c:/isis/application/toolchain/bin/../lib/gcc/arm-none-eabi/4.7.4/../../../../arm-none-eabi/lib\libm.a(lib_a-w_log.o)
                0x20017538                log
 *fill*         0x200176b4        0x4 00
 .text.__ieee754_log
                0x200176b8      0x5c0 c:/isis/application/toolchain/bin/../lib/gcc/arm-none-eabi/4.7.4/../../../../arm-none-eabi/lib\libm.a(lib_a-e_log.o)
                0x200176b8                __ieee754_log
 .text.matherr  0x20017c78        0x8 c:/isis/application/toolchain/bin/../lib/gcc/arm-none-eabi/4.7.4/../../../../arm-none-eabi/lib\libm.a(lib_a-s_matherr.o)
                0x20017c78                matherr
 .text.nan      0x20017c80       0x10 c:/isis/application/toolchain/bin/../lib/gcc/arm-none-eabi/4.7.4/../../../../arm-none-eabi/lib\libm.a(lib_a-s_nan.o)
                0x20017c80                nan
 .text.fn_init  0x20017c90      0x2e0 C:/HOOPOE3/satellite-subsystems/demo/../..//hal/hcc/lib\libHCCD.a(fat_common.o)
                0x20017c90                fn_init
 .text.fsn_delete
                0x20017f70       0xc8 C:/HOOPOE3/satellite-subsystems/demo/../..//hal/hcc/lib\libHCCD.a(fat_common.o)
                0x20017f70                fsn_delete
 .text._f_get16bitl
                0x20018038       0x4c C:/HOOPOE3/satellite-subsystems/demo/../..//hal/hcc/lib\libHCCD.a(fat_common.o)
                0x20018038                _f_get16bitl
 .text._f_set16bitl
                0x20018084       0x54 C:/HOOPOE3/satellite-subsystems/demo/../..//hal/hcc/lib\libHCCD.a(fat_common.o)
                0x20018084                _f_set16bitl
 .text._f_get32bitl
                0x200180d8       0x68 C:/HOOPOE3/satellite-subsystems/demo/../..//hal/hcc/lib\libHCCD.a(fat_common.o)
                0x200180d8                _f_get32bitl
 .text._f_set32bitl
                0x20018140       0x78 C:/HOOPOE3/satellite-subsystems/demo/../..//hal/hcc/lib\libHCCD.a(fat_common.o)
                0x20018140                _f_set32bitl
 .text._get8bit
                0x200181b8       0xa0 C:/HOOPOE3/satellite-subsystems/demo/../..//hal/hcc/lib\libHCCD.a(fat_common.o)
 .text._get16bitl
                0x20018258       0x40 C:/HOOPOE3/satellite-subsystems/demo/../..//hal/hcc/lib\libHCCD.a(fat_common.o)
 .text._get32bitl
                0x20018298       0x3c C:/HOOPOE3/satellite-subsystems/demo/../..//hal/hcc/lib\libHCCD.a(fat_common.o)
 .text._set8bitzero
                0x200182d4       0x6c C:/HOOPOE3/satellite-subsystems/demo/../..//hal/hcc/lib\libHCCD.a(fat_common.o)
 .text._set8bit
                0x20018340       0xa0 C:/HOOPOE3/satellite-subsystems/demo/../..//hal/hcc/lib\libHCCD.a(fat_common.o)
 .text._set16bitl
                0x200183e0       0x3c C:/HOOPOE3/satellite-subsystems/demo/../..//hal/hcc/lib\libHCCD.a(fat_common.o)
 .text._set32bitl
                0x2001841c       0x34 C:/HOOPOE3/satellite-subsystems/demo/../..//hal/hcc/lib\libHCCD.a(fat_common.o)
 .text._f_setcardremoved
                0x20018450       0x94 C:/HOOPOE3/satellite-subsystems/demo/../..//hal/hcc/lib\libHCCD.a(fat_common.o)
 .text._f_checkstatus
                0x200184e4      0x104 C:/HOOPOE3/satellite-subsystems/demo/../..//hal/hcc/lib\libHCCD.a(fat_common.o)
                0x200184e4                _f_checkstatus
 .text._f_drvgetphy
                0x200185e8      0x114 C:/HOOPOE3/satellite-subsystems/demo/../..//hal/hcc/lib\libHCCD.a(fat_common.o)
 .text._f_drvwritesector
                0x200186fc       0xdc C:/HOOPOE3/satellite-subsystems/demo/../..//hal/hcc/lib\libHCCD.a(fat_common.o)
 .text._f_drvreadsector
                0x200187d8       0xa8 C:/HOOPOE3/satellite-subsystems/demo/../..//hal/hcc/lib\libHCCD.a(fat_common.o)
 .text._f_writesector
                0x20018880      0x23c C:/HOOPOE3/satellite-subsystems/demo/../..//hal/hcc/lib\libHCCD.a(fat_common.o)
                0x20018880                _f_writesector
 .text._f_readsector
                0x20018abc      0x1dc C:/HOOPOE3/satellite-subsystems/demo/../..//hal/hcc/lib\libHCCD.a(fat_common.o)
                0x20018abc                _f_readsector
 .text._f_getmaxcluster
                0x20018c98       0x94 C:/HOOPOE3/satellite-subsystems/demo/../..//hal/hcc/lib\libHCCD.a(fat_common.o)
                0x20018c98                _f_getmaxcluster
 .text._getsectorfromcluster
                0x20018d2c       0x68 C:/HOOPOE3/satellite-subsystems/demo/../..//hal/hcc/lib\libHCCD.a(fat_common.o)
 .text._f_buildsectors
                0x20018d94      0x268 C:/HOOPOE3/satellite-subsystems/demo/../..//hal/hcc/lib\libHCCD.a(fat_common.o)
 .text._f_getbootrecord
                0x20018ffc      0x5e4 C:/HOOPOE3/satellite-subsystems/demo/../..//hal/hcc/lib\libHCCD.a(fat_common.o)
 .text._f_readbootrecord
                0x200195e0      0x4f8 C:/HOOPOE3/satellite-subsystems/demo/../..//hal/hcc/lib\libHCCD.a(fat_common.o)
 .text._f_writebootrecord
                0x20019ad8      0x5e4 C:/HOOPOE3/satellite-subsystems/demo/../..//hal/hcc/lib\libHCCD.a(fat_common.o)
 .text._f_flushcffiles
                0x2001a0bc      0x17c C:/HOOPOE3/satellite-subsystems/demo/../..//hal/hcc/lib\libHCCD.a(fat_common.o)
                0x2001a0bc                _f_flushcffiles
 .text._f_fatcache_flush
                0x2001a238      0x270 C:/HOOPOE3/satellite-subsystems/demo/../..//hal/hcc/lib\libHCCD.a(fat_common.o)
                0x2001a238                _f_fatcache_flush
 .text._f_writefatsector
                0x2001a4a8      0x100 C:/HOOPOE3/satellite-subsystems/demo/../..//hal/hcc/lib\libHCCD.a(fat_common.o)
                0x2001a4a8                _f_writefatsector
 .text._f_getfatsector
                0x2001a5a8      0x3bc C:/HOOPOE3/satellite-subsystems/demo/../..//hal/hcc/lib\libHCCD.a(fat_common.o)
 .text._f_setclustervalue
                0x2001a964      0x490 C:/HOOPOE3/satellite-subsystems/demo/../..//hal/hcc/lib\libHCCD.a(fat_common.o)
                0x2001a964                _f_setclustervalue
 .text._f_getclustervalue
                0x2001adf4      0x388 C:/HOOPOE3/satellite-subsystems/demo/../..//hal/hcc/lib\libHCCD.a(fat_common.o)
                0x2001adf4                _f_getclustervalue
 .text._f_close_drive_files
                0x2001b17c       0xac C:/HOOPOE3/satellite-subsystems/demo/../..//hal/hcc/lib\libHCCD.a(fat_common.o)
 .text._f_inc_mount_count
                0x2001b228       0xa4 C:/HOOPOE3/satellite-subsystems/demo/../..//hal/hcc/lib\libHCCD.a(fat_common.o)
 .text._f_getvolume
                0x2001b2cc      0x2f8 C:/HOOPOE3/satellite-subsystems/demo/../..//hal/hcc/lib\libHCCD.a(fat_common.o)
                0x2001b2cc                _f_getvolume
 .text.fn_createdriver
                0x2001b5c4      0x118 C:/HOOPOE3/satellite-subsystems/demo/../..//hal/hcc/lib\libHCCD.a(fat_common.o)
                0x2001b5c4                fn_createdriver
 .text.fn_initvolume
                0x2001b6dc      0x12c C:/HOOPOE3/satellite-subsystems/demo/../..//hal/hcc/lib\libHCCD.a(fat_common.o)
                0x2001b6dc                fn_initvolume
 .text.fn_releasedriver
                0x2001b808       0xf4 C:/HOOPOE3/satellite-subsystems/demo/../..//hal/hcc/lib\libHCCD.a(fat_common.o)
                0x2001b808                fn_releasedriver
 .text.fn_initvolumepartition_sub
                0x2001b8fc       0xe0 C:/HOOPOE3/satellite-subsystems/demo/../..//hal/hcc/lib\libHCCD.a(fat_common.o)
 .text.fn_initvolumepartition
                0x2001b9dc       0xac C:/HOOPOE3/satellite-subsystems/demo/../..//hal/hcc/lib\libHCCD.a(fat_common.o)
                0x2001b9dc                fn_initvolumepartition
 .text.fn_delvolume
                0x2001ba88      0x194 C:/HOOPOE3/satellite-subsystems/demo/../..//hal/hcc/lib\libHCCD.a(fat_common.o)
                0x2001ba88                fn_delvolume
 .text._f_clustertopos
                0x2001bc1c       0xf8 C:/HOOPOE3/satellite-subsystems/demo/../..//hal/hcc/lib\libHCCD.a(fat_common.o)
                0x2001bc1c                _f_clustertopos
 .text._f_prepareformat
                0x2001bd14      0x8b8 C:/HOOPOE3/satellite-subsystems/demo/../..//hal/hcc/lib\libHCCD.a(fat_common.o)
 .text._f_resetfatentries
                0x2001c5cc      0x410 C:/HOOPOE3/satellite-subsystems/demo/../..//hal/hcc/lib\libHCCD.a(fat_common.o)
 .text._f_resetrootdir
                0x2001c9dc       0xcc C:/HOOPOE3/satellite-subsystems/demo/../..//hal/hcc/lib\libHCCD.a(fat_common.o)
 .text._f_postformat
                0x2001caa8      0x178 C:/HOOPOE3/satellite-subsystems/demo/../..//hal/hcc/lib\libHCCD.a(fat_common.o)
 .text.fn_format
                0x2001cc20      0x148 C:/HOOPOE3/satellite-subsystems/demo/../..//hal/hcc/lib\libHCCD.a(fat_common.o)
                0x2001cc20                fn_format
 .text._f_getdecluster
                0x2001cd68       0x90 C:/HOOPOE3/satellite-subsystems/demo/../..//hal/hcc/lib\libHCCD.a(fat_common.o)
                0x2001cd68                _f_getdecluster
 .text._f_setdecluster
                0x2001cdf8       0x8c C:/HOOPOE3/satellite-subsystems/demo/../..//hal/hcc/lib\libHCCD.a(fat_common.o)
                0x2001cdf8                _f_setdecluster
 .text.fn_getdrive
                0x2001ce84       0x30 C:/HOOPOE3/satellite-subsystems/demo/../..//hal/hcc/lib\libHCCD.a(fat_common.o)
                0x2001ce84                fn_getdrive
 .text._f_getcurrenttimedate
                0x2001ceb4      0x138 C:/HOOPOE3/satellite-subsystems/demo/../..//hal/hcc/lib\libHCCD.a(fat_common.o)
                0x2001ceb4                _f_getcurrenttimedate
 .text._f_initentry
                0x2001cfec       0xa0 C:/HOOPOE3/satellite-subsystems/demo/../..//hal/hcc/lib\libHCCD.a(fat_common.o)
                0x2001cfec                _f_initentry
 .text._f_alloccluster
                0x2001d08c      0x344 C:/HOOPOE3/satellite-subsystems/demo/../..//hal/hcc/lib\libHCCD.a(fat_common.o)
                0x2001d08c                _f_alloccluster
 .text.f_enterFS
                0x2001d3d0      0x1c0 C:/HOOPOE3/satellite-subsystems/demo/../..//hal/hcc/lib\libHCCD.a(fat_common.o)
                0x2001d3d0                f_enterFS
 .text.fnGetTask
                0x2001d590       0xfc C:/HOOPOE3/satellite-subsystems/demo/../..//hal/hcc/lib\libHCCD.a(fat_common.o)
                0x2001d590                fnGetTask
 .text._f_mutex_get
                0x2001d68c       0x98 C:/HOOPOE3/satellite-subsystems/demo/../..//hal/hcc/lib\libHCCD.a(fat_common.o)
                0x2001d68c                _f_mutex_get
 .text._f_mutex_put
                0x2001d724       0x54 C:/HOOPOE3/satellite-subsystems/demo/../..//hal/hcc/lib\libHCCD.a(fat_common.o)
                0x2001d724                _f_mutex_put
 .text.fn_setlasterror
                0x2001d778       0x34 C:/HOOPOE3/satellite-subsystems/demo/../..//hal/hcc/lib\libHCCD.a(fat_common.o)
                0x2001d778                fn_setlasterror
 .text.fn_setlasterror_noret
                0x2001d7ac       0x2c C:/HOOPOE3/satellite-subsystems/demo/../..//hal/hcc/lib\libHCCD.a(fat_common.o)
                0x2001d7ac                fn_setlasterror_noret
 .text.fm_initvolume
                0x2001d7d8       0x70 C:/HOOPOE3/satellite-subsystems/demo/../..//hal/hcc/lib\libHCCD.a(fat_m.o)
                0x2001d7d8                fm_initvolume
 .text.fm_delvolume
                0x2001d848       0x60 C:/HOOPOE3/satellite-subsystems/demo/../..//hal/hcc/lib\libHCCD.a(fat_m.o)
                0x2001d848                fm_delvolume
 .text.fm_format
                0x2001d8a8       0x68 C:/HOOPOE3/satellite-subsystems/demo/../..//hal/hcc/lib\libHCCD.a(fat_m.o)
                0x2001d8a8                fm_format
 .text.fm_mkdir
                0x2001d910       0x60 C:/HOOPOE3/satellite-subsystems/demo/../..//hal/hcc/lib\libHCCD.a(fat_m.o)
                0x2001d910                fm_mkdir
 .text._s_checkzeroclusteratend
                0x2001d970       0xf8 C:/HOOPOE3/satellite-subsystems/demo/../..//hal/hcc/lib\libHCCD.a(safefat.o)
 .text._s_clearclustercontent
                0x2001da68      0x108 C:/HOOPOE3/satellite-subsystems/demo/../..//hal/hcc/lib\libHCCD.a(safefat.o)
 .text._s_clearclustercontentdir
                0x2001db70      0x19c C:/HOOPOE3/satellite-subsystems/demo/../..//hal/hcc/lib\libHCCD.a(safefat.o)
 .text._s_writedirsector
                0x2001dd0c       0xd0 C:/HOOPOE3/satellite-subsystems/demo/../..//hal/hcc/lib\libHCCD.a(safefat.o)
 .text._s_getdirsector
                0x2001dddc      0x100 C:/HOOPOE3/satellite-subsystems/demo/../..//hal/hcc/lib\libHCCD.a(safefat.o)
 .text._s_addentry
                0x2001dedc      0x394 C:/HOOPOE3/satellite-subsystems/demo/../..//hal/hcc/lib\libHCCD.a(safefat.o)
 .text._s_findfile
                0x2001e270      0x33c C:/HOOPOE3/satellite-subsystems/demo/../..//hal/hcc/lib\libHCCD.a(safefat.o)
 .text._s_findsubdir
                0x2001e5ac      0x248 C:/HOOPOE3/satellite-subsystems/demo/../..//hal/hcc/lib\libHCCD.a(safefat.o)
 .text._s_createfile
                0x2001e7f4      0x190 C:/HOOPOE3/satellite-subsystems/demo/../..//hal/hcc/lib\libHCCD.a(safefat.o)
 .text._s_findsaffile
                0x2001e984      0x1b8 C:/HOOPOE3/satellite-subsystems/demo/../..//hal/hcc/lib\libHCCD.a(safefat.o)
 .text._s_open  0x2001eb3c       0xe4 C:/HOOPOE3/satellite-subsystems/demo/../..//hal/hcc/lib\libHCCD.a(safefat.o)
 .text._s_open_saf
                0x2001ec20       0xe8 C:/HOOPOE3/satellite-subsystems/demo/../..//hal/hcc/lib\libHCCD.a(safefat.o)
 .text._s_flush
                0x2001ed08       0x84 C:/HOOPOE3/satellite-subsystems/demo/../..//hal/hcc/lib\libHCCD.a(safefat.o)
 .text._s_allocnextcluster
                0x2001ed8c      0x13c C:/HOOPOE3/satellite-subsystems/demo/../..//hal/hcc/lib\libHCCD.a(safefat.o)
 .text._s_getnextsector
                0x2001eec8       0xdc C:/HOOPOE3/satellite-subsystems/demo/../..//hal/hcc/lib\libHCCD.a(safefat.o)
 .text._s_seek  0x2001efa4      0x1e8 C:/HOOPOE3/satellite-subsystems/demo/../..//hal/hcc/lib\libHCCD.a(safefat.o)
 .text._s_get_len
                0x2001f18c      0x10c C:/HOOPOE3/satellite-subsystems/demo/../..//hal/hcc/lib\libHCCD.a(safefat.o)
 .text._s_set_len
                0x2001f298       0xb4 C:/HOOPOE3/satellite-subsystems/demo/../..//hal/hcc/lib\libHCCD.a(safefat.o)
 .text.safe_fix_filelengths
                0x2001f34c       0xcc C:/HOOPOE3/satellite-subsystems/demo/../..//hal/hcc/lib\libHCCD.a(safefat.o)
                0x2001f34c                safe_fix_filelengths
 .text._s_read  0x2001f418      0x228 C:/HOOPOE3/satellite-subsystems/demo/../..//hal/hcc/lib\libHCCD.a(safefat.o)
 .text._s_write
                0x2001f640      0x384 C:/HOOPOE3/satellite-subsystems/demo/../..//hal/hcc/lib\libHCCD.a(safefat.o)
 .text._s_restoreclusters
                0x2001f9c4      0x270 C:/HOOPOE3/satellite-subsystems/demo/../..//hal/hcc/lib\libHCCD.a(safefat.o)
                0x2001f9c4                _s_restoreclusters
 .text._s_findrestore
                0x2001fc34      0x18c C:/HOOPOE3/satellite-subsystems/demo/../..//hal/hcc/lib\libHCCD.a(safefat.o)
 .text._s_cmd_writede
                0x2001fdc0       0xd8 C:/HOOPOE3/satellite-subsystems/demo/../..//hal/hcc/lib\libHCCD.a(safefat.o)
 .text._s_cmd_setcluster
                0x2001fe98       0x88 C:/HOOPOE3/satellite-subsystems/demo/../..//hal/hcc/lib\libHCCD.a(safefat.o)
 .text._s_cmd_deletechain
                0x2001ff20      0x100 C:/HOOPOE3/satellite-subsystems/demo/../..//hal/hcc/lib\libHCCD.a(safefat.o)
 .text._s_cmd_validatecfn
                0x20020020      0x308 C:/HOOPOE3/satellite-subsystems/demo/../..//hal/hcc/lib\libHCCD.a(safefat.o)
 .text._s_cmd_seteof
                0x20020328      0x3c4 C:/HOOPOE3/satellite-subsystems/demo/../..//hal/hcc/lib\libHCCD.a(safefat.o)
 .text.safe_docommands
                0x200206ec      0x56c C:/HOOPOE3/satellite-subsystems/demo/../..//hal/hcc/lib\libHCCD.a(safefat.o)
                0x200206ec                safe_docommands
 .text.safe_entercommand
                0x20020c58       0x68 C:/HOOPOE3/satellite-subsystems/demo/../..//hal/hcc/lib\libHCCD.a(safefat.o)
                0x20020c58                safe_entercommand
 .text.safe_ready
                0x20020cc0       0xf4 C:/HOOPOE3/satellite-subsystems/demo/../..//hal/hcc/lib\libHCCD.a(safefat.o)
                0x20020cc0                safe_ready
 .text.safe_copycfn
                0x20020db4       0xb8 C:/HOOPOE3/satellite-subsystems/demo/../..//hal/hcc/lib\libHCCD.a(safefat.o)
                0x20020db4                safe_copycfn
 .text.safe_cfremove
                0x20020e6c       0xb8 C:/HOOPOE3/satellite-subsystems/demo/../..//hal/hcc/lib\libHCCD.a(safefat.o)
                0x20020e6c                safe_cfremove
 .text.safe_writede
                0x20020f24      0x104 C:/HOOPOE3/satellite-subsystems/demo/../..//hal/hcc/lib\libHCCD.a(safefat.o)
                0x20020f24                safe_writede
 .text.safe_setcluster
                0x20021028       0xcc C:/HOOPOE3/satellite-subsystems/demo/../..//hal/hcc/lib\libHCCD.a(safefat.o)
                0x20021028                safe_setcluster
 .text.safe_deletechain
                0x200210f4      0x1c8 C:/HOOPOE3/satellite-subsystems/demo/../..//hal/hcc/lib\libHCCD.a(safefat.o)
                0x200210f4                safe_deletechain
 .text.safe_reset
                0x200212bc       0x78 C:/HOOPOE3/satellite-subsystems/demo/../..//hal/hcc/lib\libHCCD.a(safefat.o)
                0x200212bc                safe_reset
 .text.safe_loadcommands
                0x20021334       0x78 C:/HOOPOE3/satellite-subsystems/demo/../..//hal/hcc/lib\libHCCD.a(safefat.o)
                0x20021334                safe_loadcommands
 .text.safe_poweron
                0x200213ac      0x1fc C:/HOOPOE3/satellite-subsystems/demo/../..//hal/hcc/lib\libHCCD.a(safefat.o)
                0x200213ac                safe_poweron
 .text.cf_copyclustercontent
                0x200215a8      0x128 C:/HOOPOE3/satellite-subsystems/demo/../..//hal/hcc/lib\libHCCD.a(safefat.o)
                0x200215a8                cf_copyclustercontent
 .text.cf_copycfn
                0x200216d0      0x4bc C:/HOOPOE3/satellite-subsystems/demo/../..//hal/hcc/lib\libHCCD.a(safefat.o)
                0x200216d0                cf_copycfn
 .text.cf_remove
                0x20021b8c      0x344 C:/HOOPOE3/satellite-subsystems/demo/../..//hal/hcc/lib\libHCCD.a(safefat.o)
                0x20021b8c                cf_remove
 .text.cf_flush
                0x20021ed0       0x58 C:/HOOPOE3/satellite-subsystems/demo/../..//hal/hcc/lib\libHCCD.a(safefat.o)
                0x20021ed0                cf_flush
 .text.mcipdc_cmd
                0x20021f28      0x22c C:/HOOPOE3/satellite-subsystems/demo/../..//hal/hcc/lib\libHCCD.a(atmel_mcipdc.o)
 .text.mcipdc_stop
                0x20022154       0xfc C:/HOOPOE3/satellite-subsystems/demo/../..//hal/hcc/lib\libHCCD.a(atmel_mcipdc.o)
                0x20022154                mcipdc_stop
 .text.mcipdc_read
                0x20022250      0x27c C:/HOOPOE3/satellite-subsystems/demo/../..//hal/hcc/lib\libHCCD.a(atmel_mcipdc.o)
 .text.mcipdc_write
                0x200224cc      0x298 C:/HOOPOE3/satellite-subsystems/demo/../..//hal/hcc/lib\libHCCD.a(atmel_mcipdc.o)
 .text.mcipdc_readsector
                0x20022764       0x9c C:/HOOPOE3/satellite-subsystems/demo/../..//hal/hcc/lib\libHCCD.a(atmel_mcipdc.o)
                0x20022764                mcipdc_readsector
 .text.mcipdc_readmultiplesector
                0x20022800      0x124 C:/HOOPOE3/satellite-subsystems/demo/../..//hal/hcc/lib\libHCCD.a(atmel_mcipdc.o)
                0x20022800                mcipdc_readmultiplesector
 .text.mcipdc_writesector
                0x20022924       0x90 C:/HOOPOE3/satellite-subsystems/demo/../..//hal/hcc/lib\libHCCD.a(atmel_mcipdc.o)
                0x20022924                mcipdc_writesector
 .text.mcipdc_writemultiplesector
                0x200229b4      0x120 C:/HOOPOE3/satellite-subsystems/demo/../..//hal/hcc/lib\libHCCD.a(atmel_mcipdc.o)
                0x200229b4                mcipdc_writemultiplesector
 .text.mcipdc_set_speed
                0x20022ad4       0xb0 C:/HOOPOE3/satellite-subsystems/demo/../..//hal/hcc/lib\libHCCD.a(atmel_mcipdc.o)
 .text.mcipdc_get_speed
                0x20022b84       0x48 C:/HOOPOE3/satellite-subsystems/demo/../..//hal/hcc/lib\libHCCD.a(atmel_mcipdc.o)
 .text._get_csd_bits
                0x20022bcc      0x14c C:/HOOPOE3/satellite-subsystems/demo/../..//hal/hcc/lib\libHCCD.a(atmel_mcipdc.o)
 .text.mcipdc_initcard
                0x20022d18      0x8f4 C:/HOOPOE3/satellite-subsystems/demo/../..//hal/hcc/lib\libHCCD.a(atmel_mcipdc.o)
 .text.mcipdc_getstatus
                0x2002360c       0xe8 C:/HOOPOE3/satellite-subsystems/demo/../..//hal/hcc/lib\libHCCD.a(atmel_mcipdc.o)
 .text.mcipdc_getphy
                0x200236f4       0x90 C:/HOOPOE3/satellite-subsystems/demo/../..//hal/hcc/lib\libHCCD.a(atmel_mcipdc.o)
 .text.mcipdc_release
                0x20023784       0x50 C:/HOOPOE3/satellite-subsystems/demo/../..//hal/hcc/lib\libHCCD.a(atmel_mcipdc.o)
 .text.atmel_mcipdc_initfunc
                0x200237d4      0x160 C:/HOOPOE3/satellite-subsystems/demo/../..//hal/hcc/lib\libHCCD.a(atmel_mcipdc.o)
                0x200237d4                atmel_mcipdc_initfunc
 .text.oal_mutex_create
                0x20023934       0x54 C:/HOOPOE3/satellite-subsystems/demo/../..//hal/hcc/lib\libHCCD.a(oalp_mutex.o)
                0x20023934                oal_mutex_create
 .text.oal_mutex_delete
                0x20023988       0x30 C:/HOOPOE3/satellite-subsystems/demo/../..//hal/hcc/lib\libHCCD.a(oalp_mutex.o)
                0x20023988                oal_mutex_delete
 .text.oal_mutex_get
                0x200239b8       0x58 C:/HOOPOE3/satellite-subsystems/demo/../..//hal/hcc/lib\libHCCD.a(oalp_mutex.o)
                0x200239b8                oal_mutex_get
 .text.oal_mutex_put
                0x20023a10       0x58 C:/HOOPOE3/satellite-subsystems/demo/../..//hal/hcc/lib\libHCCD.a(oalp_mutex.o)
                0x20023a10                oal_mutex_put
 .text.oal_task_get_id
                0x20023a68       0x18 C:/HOOPOE3/satellite-subsystems/demo/../..//hal/hcc/lib\libHCCD.a(oalp_task.o)
                0x20023a68                oal_task_get_id
 .text.mcipdc_hw_init
                0x20023a80       0xe8 C:/HOOPOE3/satellite-subsystems/demo/../..//hal/hcc/lib\libHCCD.a(atmel_mcipdc_hw.o)
                0x20023a80                mcipdc_hw_init
 .text.mcipdc_hw_delete
                0x20023b68       0x78 C:/HOOPOE3/satellite-subsystems/demo/../..//hal/hcc/lib\libHCCD.a(atmel_mcipdc_hw.o)
                0x20023b68                mcipdc_hw_delete
 .text.mcipdc_hw_card_plugged
                0x20023be0       0x1c C:/HOOPOE3/satellite-subsystems/demo/../..//hal/hcc/lib\libHCCD.a(atmel_mcipdc_hw.o)
                0x20023be0                mcipdc_hw_card_plugged
 .text.mcipdc_hw_card_writeprotect
                0x20023bfc       0x1c C:/HOOPOE3/satellite-subsystems/demo/../..//hal/hcc/lib\libHCCD.a(atmel_mcipdc_hw.o)
                0x20023bfc                mcipdc_hw_card_writeprotect
 .text.psp_getrand
                0x20023c18      0x14c C:/HOOPOE3/satellite-subsystems/demo/../..//hal/hcc/lib\libHCCD.a(psp_rand.o)
                0x20023c18                psp_getrand
 .text.psp_getcurrenttimedate
                0x20023d64       0x8c C:/HOOPOE3/satellite-subsystems/demo/../..//hal/hcc/lib\libHCCD.a(psp_rtc.o)
                0x20023d64                psp_getcurrenttimedate
 .text._hcc_get_buf_dsc
                0x20023df0       0x8c C:/HOOPOE3/satellite-subsystems/demo/../..//hal/hcc/lib\libHCCD.a(hcc_mem.o)
 .text._hcc_check_free_pages
                0x20023e7c      0x18c C:/HOOPOE3/satellite-subsystems/demo/../..//hal/hcc/lib\libHCCD.a(hcc_mem.o)
 .text._hcc_mark_pages
                0x20024008      0x158 C:/HOOPOE3/satellite-subsystems/demo/../..//hal/hcc/lib\libHCCD.a(hcc_mem.o)
 .text._hcc_clear_lock_dsc
                0x20024160       0x80 C:/HOOPOE3/satellite-subsystems/demo/../..//hal/hcc/lib\libHCCD.a(hcc_mem.o)
 .text._hcc_lock_access
                0x200241e0      0x128 C:/HOOPOE3/satellite-subsystems/demo/../..//hal/hcc/lib\libHCCD.a(hcc_mem.o)
 .text._hcc_unlock_access
                0x20024308       0x30 C:/HOOPOE3/satellite-subsystems/demo/../..//hal/hcc/lib\libHCCD.a(hcc_mem.o)
 .text.hcc_mem_alloc
                0x20024338      0x454 C:/HOOPOE3/satellite-subsystems/demo/../..//hal/hcc/lib\libHCCD.a(hcc_mem.o)
                0x20024338                hcc_mem_alloc
 .text.hcc_mem_free
                0x2002478c      0x178 C:/HOOPOE3/satellite-subsystems/demo/../..//hal/hcc/lib\libHCCD.a(hcc_mem.o)
                0x2002478c                hcc_mem_free
 .text.hcc_mem_add
                0x20024904      0x3b0 C:/HOOPOE3/satellite-subsystems/demo/../..//hal/hcc/lib\libHCCD.a(hcc_mem.o)
                0x20024904                hcc_mem_add
 .text.hcc_mem_init
                0x20024cb4      0x164 C:/HOOPOE3/satellite-subsystems/demo/../..//hal/hcc/lib\libHCCD.a(hcc_mem.o)
                0x20024cb4                hcc_mem_init
 .text.hcc_mem_delete
                0x20024e18       0x94 C:/HOOPOE3/satellite-subsystems/demo/../..//hal/hcc/lib\libHCCD.a(hcc_mem.o)
                0x20024e18                hcc_mem_delete
 .text._f_invalidatedir
                0x20024eac       0x28 C:/HOOPOE3/satellite-subsystems/demo/../..//hal/hcc/lib\libHCCD.a(fat.o)
                0x20024eac                _f_invalidatedir
 .text._f_getdirsector
                0x20024ed4       0x88 C:/HOOPOE3/satellite-subsystems/demo/../..//hal/hcc/lib\libHCCD.a(fat.o)
                0x20024ed4                _f_getdirsector
 .text._f_writedirsector
                0x20024f5c       0x74 C:/HOOPOE3/satellite-subsystems/demo/../..//hal/hcc/lib\libHCCD.a(fat.o)
                0x20024f5c                _f_writedirsector
 .text._f_checknameinv
                0x20024fd0      0x180 C:/HOOPOE3/satellite-subsystems/demo/../..//hal/hcc/lib\libHCCD.a(fat.o)
 .text._f_checkname
                0x20025150       0x7c C:/HOOPOE3/satellite-subsystems/demo/../..//hal/hcc/lib\libHCCD.a(fat.o)
 .text._f_checknamewc
                0x200251cc       0xf8 C:/HOOPOE3/satellite-subsystems/demo/../..//hal/hcc/lib\libHCCD.a(fat.o)
 .text._f_setnameext
                0x200252c4      0x300 C:/HOOPOE3/satellite-subsystems/demo/../..//hal/hcc/lib\libHCCD.a(fat.o)
 .text._f_setfsname
                0x200255c4      0x584 C:/HOOPOE3/satellite-subsystems/demo/../..//hal/hcc/lib\libHCCD.a(fat.o)
 .text._f_findfile
                0x20025b48      0x30c C:/HOOPOE3/satellite-subsystems/demo/../..//hal/hcc/lib\libHCCD.a(fat.o)
 .text._f_findpath
                0x20025e54      0x35c C:/HOOPOE3/satellite-subsystems/demo/../..//hal/hcc/lib\libHCCD.a(fat.o)
 .text.fn_getdcwd
                0x200261b0      0x1e0 C:/HOOPOE3/satellite-subsystems/demo/../..//hal/hcc/lib\libHCCD.a(fat.o)
                0x200261b0                fn_getdcwd
 .text._f_lock_resfile
                0x20026390       0x6c C:/HOOPOE3/satellite-subsystems/demo/../..//hal/hcc/lib\libHCCD.a(fat.o)
 .text._f_unlock_resfile
                0x200263fc       0x40 C:/HOOPOE3/satellite-subsystems/demo/../..//hal/hcc/lib\libHCCD.a(fat.o)
 .text._f_getintfile
                0x2002643c      0x124 C:/HOOPOE3/satellite-subsystems/demo/../..//hal/hcc/lib\libHCCD.a(fat.o)
 .text._f_addentry
                0x20026560      0x540 C:/HOOPOE3/satellite-subsystems/demo/../..//hal/hcc/lib\libHCCD.a(fat.o)
 .text.fn_mkdir
                0x20026aa0      0x75c C:/HOOPOE3/satellite-subsystems/demo/../..//hal/hcc/lib\libHCCD.a(fat.o)
                0x20026aa0                fn_mkdir
 .text.hcc_mem_buf_alloc
                0x200271fc       0xe4 C:/HOOPOE3/satellite-subsystems/demo/../..//hal/hcc/lib\libHCCD.a(psp_hcc_mem.o)
                0x200271fc                hcc_mem_buf_alloc
 .text.hcc_mem_buf_free
                0x200272e0       0x6c C:/HOOPOE3/satellite-subsystems/demo/../..//hal/hcc/lib\libHCCD.a(psp_hcc_mem.o)
                0x200272e0                hcc_mem_buf_free
 .text.ADC_ConvertRaw10bitToMillivolt
                0x2002734c       0x50 C:/HOOPOE3/satellite-subsystems/demo/../..//hal/hal/lib\libHALD.a(ADC.o)
                0x2002734c                ADC_ConvertRaw10bitToMillivolt
 .text.ADC_SingleShot
                0x2002739c      0x230 C:/HOOPOE3/satellite-subsystems/demo/../..//hal/hal/lib\libHALD.a(ADC.o)
                0x2002739c                ADC_SingleShot
 .text.validateTransferParameters
                0x200275cc      0x10c C:/HOOPOE3/satellite-subsystems/demo/../..//hal/hal/lib\libHALD.a(I2C.o)
 .text.I2C_queueTransfer
                0x200276d8       0xe8 C:/HOOPOE3/satellite-subsystems/demo/../..//hal/hal/lib\libHALD.a(I2C.o)
                0x200276d8                I2C_queueTransfer
 .text.I2C_internalCallback
                0x200277c0       0x64 C:/HOOPOE3/satellite-subsystems/demo/../..//hal/hal/lib\libHALD.a(I2C.o)
 .text.I2C_doBlockingTransfer
                0x20027824      0x160 C:/HOOPOE3/satellite-subsystems/demo/../..//hal/hal/lib\libHALD.a(I2C.o)
 .text.I2C_write
                0x20027984      0x110 C:/HOOPOE3/satellite-subsystems/demo/../..//hal/hal/lib\libHALD.a(I2C.o)
                0x20027984                I2C_write
 .text.I2C_read
                0x20027a94      0x110 C:/HOOPOE3/satellite-subsystems/demo/../..//hal/hal/lib\libHALD.a(I2C.o)
                0x20027a94                I2C_read
 .text.I2C_writeRead
                0x20027ba4      0x180 C:/HOOPOE3/satellite-subsystems/demo/../..//hal/hal/lib\libHALD.a(I2C.o)
                0x20027ba4                I2C_writeRead
 .text.I2C_start
                0x20027d24      0x2e8 C:/HOOPOE3/satellite-subsystems/demo/../..//hal/hal/lib\libHALD.a(I2C.o)
                0x20027d24                I2C_start
 .text.I2C_stop
                0x2002800c      0x184 C:/HOOPOE3/satellite-subsystems/demo/../..//hal/hal/lib\libHALD.a(I2C.o)
                0x2002800c                I2C_stop
 .text.I2C_setTransferTimeout
                0x20028190       0x48 C:/HOOPOE3/satellite-subsystems/demo/../..//hal/hal/lib\libHALD.a(I2C.o)
                0x20028190                I2C_setTransferTimeout
 .text.LED_glow
                0x200281d8       0x58 C:/HOOPOE3/satellite-subsystems/demo/../..//hal/hal/lib\libHALD.a(LED.o)
                0x200281d8                LED_glow
 .text.LED_dark
                0x20028230       0x58 C:/HOOPOE3/satellite-subsystems/demo/../..//hal/hal/lib\libHALD.a(LED.o)
                0x20028230                LED_dark
 .text.LED_toggle