Archive member included because of file (symbol)

c:/isis/application/toolchain/bin/../lib/gcc/arm-none-eabi/4.7.4/../../../../arm-none-eabi/lib\libc_s.a(lib_a-vfprintf_float.o)
                              (_printf_float)
c:/isis/application/toolchain/bin/../lib/gcc/arm-none-eabi/4.7.4/../../../../arm-none-eabi/lib\libc_s.a(lib_a-vfprintf_i.o)
                              c:/isis/application/toolchain/bin/../lib/gcc/arm-none-eabi/4.7.4/../../../../arm-none-eabi/lib\libc_s.a(lib_a-vfprintf_float.o) (_printf_common)
c:/isis/application/toolchain/bin/../lib/gcc/arm-none-eabi/4.7.4/../../../../arm-none-eabi/lib\libc_s.a(lib_a-vfscanf_float.o)
                              (_scanf_float)
c:/isis/application/toolchain/bin/../lib/gcc/arm-none-eabi/4.7.4/../../../../arm-none-eabi/lib\libc_s.a(lib_a-dtoa.o)
                              c:/isis/application/toolchain/bin/../lib/gcc/arm-none-eabi/4.7.4/../../../../arm-none-eabi/lib\libc_s.a(lib_a-vfprintf_float.o) (_dtoa_r)
c:/isis/application/toolchain/bin/../lib/gcc/arm-none-eabi/4.7.4/../../../../arm-none-eabi/lib\libc_s.a(lib_a-locale.o)
                              c:/isis/application/toolchain/bin/../lib/gcc/arm-none-eabi/4.7.4/../../../../arm-none-eabi/lib\libc_s.a(lib_a-vfprintf_float.o) (_localeconv_r)
c:/isis/application/toolchain/bin/../lib/gcc/arm-none-eabi/4.7.4/../../../../arm-none-eabi/lib\libc_s.a(lib_a-malloc.o)
                              c:/isis/application/toolchain/bin/../lib/gcc/arm-none-eabi/4.7.4/../../../../arm-none-eabi/lib\libc_s.a(lib_a-dtoa.o) (malloc)
c:/isis/application/toolchain/bin/../lib/gcc/arm-none-eabi/4.7.4/../../../../arm-none-eabi/lib\libc_s.a(lib_a-mallocr.o)
                              c:/isis/application/toolchain/bin/../lib/gcc/arm-none-eabi/4.7.4/../../../../arm-none-eabi/lib\libc_s.a(lib_a-malloc.o) (_malloc_r)
c:/isis/application/toolchain/bin/../lib/gcc/arm-none-eabi/4.7.4/../../../../arm-none-eabi/lib\libc_s.a(lib_a-memcpy.o)
                              c:/isis/application/toolchain/bin/../lib/gcc/arm-none-eabi/4.7.4/../../../../arm-none-eabi/lib\libc_s.a(lib_a-dtoa.o) (memcpy)
c:/isis/application/toolchain/bin/../lib/gcc/arm-none-eabi/4.7.4/../../../../arm-none-eabi/lib\libc_s.a(lib_a-mprec.o)
                              c:/isis/application/toolchain/bin/../lib/gcc/arm-none-eabi/4.7.4/../../../../arm-none-eabi/lib\libc_s.a(lib_a-dtoa.o) (_Balloc)
c:/isis/application/toolchain/bin/../lib/gcc/arm-none-eabi/4.7.4/../../../../arm-none-eabi/lib\libc_s.a(lib_a-s_fpclassify.o)
                              c:/isis/application/toolchain/bin/../lib/gcc/arm-none-eabi/4.7.4/../../../../arm-none-eabi/lib\libc_s.a(lib_a-vfprintf_float.o) (__fpclassifyd)
c:/isis/application/toolchain/bin/../lib/gcc/arm-none-eabi/4.7.4/../../../../arm-none-eabi/lib\libc_s.a(lib_a-sbrkr.o)
                              c:/isis/application/toolchain/bin/../lib/gcc/arm-none-eabi/4.7.4/../../../../arm-none-eabi/lib\libc_s.a(lib_a-mallocr.o) (_sbrk_r)
c:/isis/application/toolchain/bin/../lib/gcc/arm-none-eabi/4.7.4/../../../../arm-none-eabi/lib\libc_s.a(lib_a-sf_nan.o)
                              c:/isis/application/toolchain/bin/../lib/gcc/arm-none-eabi/4.7.4/../../../../arm-none-eabi/lib\libc_s.a(lib_a-vfscanf_float.o) (nanf)
c:/isis/application/toolchain/bin/../lib/gcc/arm-none-eabi/4.7.4/../../../../arm-none-eabi/lib\libc_s.a(lib_a-sprintf.o)
                              c:/isis/application/toolchain/bin/../lib/gcc/arm-none-eabi/4.7.4/../../../../arm-none-eabi/lib\libc_s.a(lib_a-vfscanf_float.o) (sprintf)
c:/isis/application/toolchain/bin/../lib/gcc/arm-none-eabi/4.7.4/../../../../arm-none-eabi/lib\libc_s.a(lib_a-strcmp.o)
                              c:/isis/application/toolchain/bin/../lib/gcc/arm-none-eabi/4.7.4/../../../../arm-none-eabi/lib\libc_s.a(lib_a-locale.o) (strcmp)
c:/isis/application/toolchain/bin/../lib/gcc/arm-none-eabi/4.7.4/../../../../arm-none-eabi/lib\libc_s.a(lib_a-strlen.o)
                              c:/isis/application/toolchain/bin/../lib/gcc/arm-none-eabi/4.7.4/../../../../arm-none-eabi/lib\libc_s.a(lib_a-vfprintf_float.o) (strlen)
c:/isis/application/toolchain/bin/../lib/gcc/arm-none-eabi/4.7.4/../../../../arm-none-eabi/lib\libc_s.a(lib_a-strtod.o)
                              c:/isis/application/toolchain/bin/../lib/gcc/arm-none-eabi/4.7.4/../../../../arm-none-eabi/lib\libc_s.a(lib_a-vfscanf_float.o) (_strtod_r)
c:/isis/application/toolchain/bin/../lib/gcc/arm-none-eabi/4.7.4/../../../../arm-none-eabi/lib\libc_s.a(lib_a-strtol.o)
                              c:/isis/application/toolchain/bin/../lib/gcc/arm-none-eabi/4.7.4/../../../../arm-none-eabi/lib\libc_s.a(lib_a-vfscanf_float.o) (_strtol_r)
c:/isis/application/toolchain/bin/../lib/gcc/arm-none-eabi/4.7.4/../../../../arm-none-eabi/lib\libc_s.a(lib_a-svfprintf.o)
                              c:/isis/application/toolchain/bin/../lib/gcc/arm-none-eabi/4.7.4/../../../../arm-none-eabi/lib\libc_s.a(lib_a-sprintf.o) (_svfprintf_r)
[...]
Memory Configuration

Name             Origin             Length             Attributes
sram0            0x00200000         0x00004000         w !xr
sram1            0x00300000         0x00004000         w !xr
sdram            0x20000000         0x02000000         w !xr
*default*        0x00000000         0xffffffff

Linker script and memory map

LOAD c:/isis/application/toolchain/bin/../lib/gcc/arm-none-eabi/4.7.4/../../../../arm-none-eabi/lib\libc_s.a
LOAD ./src/sub-systemCode/payload/Request Management/Dump/Butchering.o
LOAD ./src/sub-systemCode/payload/Request Management/Dump/imageDump.o
LOAD ./src/sub-systemCode/payload/Request Management/CameraManeger.o
LOAD ./src/sub-systemCode/payload/Request Management/DB_RequestHandling.o
LOAD ./src/sub-systemCode/payload/Misc/Boolean_bit.o
LOAD ./src/sub-systemCode/payload/Misc/FileSystem.o
LOAD ./src/sub-systemCode/payload/Drivers/GeckoCameraDriver.o
LOAD ./src/sub-systemCode/payload/DataBase/DataBase.o
LOAD ./src/sub-systemCode/payload/Compression/jpeg/bmp/rawToBMP.o
LOAD ./src/sub-systemCode/payload/Compression/jpeg/DCT.o
LOAD ./src/sub-systemCode/payload/Compression/jpeg/ImgCompressor.o
LOAD ./src/sub-systemCode/payload/Compression/jpeg/color_conv.o
LOAD ./src/sub-systemCode/payload/Compression/jpeg/jpeg.o
LOAD ./src/sub-systemCode/payload/Compression/jpeg/jpeg_encoder.o
LOAD ./src/sub-systemCode/payload/Compression/jpeg/jpeg_memory_alloc.o
LOAD ./src/sub-systemCode/payload/Compression/jpeg/jpeg_params.o
LOAD ./src/sub-systemCode/payload/Compression/jpeg/output_stream.o
LOAD ./src/sub-systemCode/payload/Compression/ImageConversion.o
LOAD ./src/sub-systemCode/Main/CMD/ADCS_CMD.o
LOAD ./src/sub-systemCode/Main/CMD/COMM_CMD.o
LOAD ./src/sub-systemCode/Main/CMD/EPS_CMD.o
LOAD ./src/sub-systemCode/Main/CMD/General_CMD.o
LOAD ./src/sub-systemCode/Main/CMD/SW_CMD.o
LOAD ./src/sub-systemCode/Main/CMD/payload_CMD.o
LOAD ./src/sub-systemCode/Main/Ants.o
LOAD ./src/sub-systemCode/Main/EPS.o
LOAD ./src/sub-systemCode/Main/HouseKeeping.o
LOAD ./src/sub-systemCode/Main/Main_Init.o
LOAD ./src/sub-systemCode/Main/commands.o
LOAD ./src/sub-systemCode/Global/Global.o
LOAD ./src/sub-systemCode/Global/GlobalParam.o
LOAD ./src/sub-systemCode/Global/OnlineTM.o
LOAD ./src/sub-systemCode/Global/TLM_management.o
LOAD ./src/sub-systemCode/Global/freertosExtended.o
LOAD ./src/sub-systemCode/Global/logger.o
LOAD ./src/sub-systemCode/COMM/APRS.o
LOAD ./src/sub-systemCode/COMM/DelayedCommand_list.o
LOAD ./src/sub-systemCode/COMM/GSC.o
LOAD ./src/sub-systemCode/COMM/TRXVU.o
LOAD ./src/sub-systemCode/ADCS/AdcsCommands.o
LOAD ./src/sub-systemCode/ADCS/AdcsGetDataAndTlm.o
LOAD ./src/sub-systemCode/ADCS/AdcsMain.o
LOAD ./src/sub-systemCode/ADCS/AdcsTroubleShooting.o
LOAD ./src/sub-systemCode/ADCS/StateMachine.o
LOAD ./src/main.o
LOAD C:/HOOPOE3/satellite-subsystems/demo/..//satellite-subsystems/lib\libSatelliteSubsystemsD.a
LOAD c:/isis/application/toolchain/bin/../lib/gcc/arm-none-eabi/4.7.4/../../../../arm-none-eabi/lib\libm.a
LOAD C:/HOOPOE3/satellite-subsystems/demo/../..//hal/hcc/lib\libHCCD.a
LOAD C:/HOOPOE3/satellite-subsystems/demo/../..//hal/hal/lib\libHALD.a
LOAD C:/HOOPOE3/satellite-subsystems/demo/../..//hal/freertos/lib\libFreeRTOSD.a
LOAD C:/HOOPOE3/satellite-subsystems/demo/../..//hal/at91/lib\libAt91D.a
START GROUP
LOAD c:/isis/application/toolchain/bin/../lib/gcc/arm-none-eabi/4.7.4\libgcc.a
LOAD c:/isis/application/toolchain/bin/../lib/gcc/arm-none-eabi/4.7.4/../../../../arm-none-eabi/lib\libc_s.a
END GROUP

.fixed          0x20000000    0x5951c
                0x20000000                . = ALIGN (0x4)
                0x20000000                _sfixed = .
 *(.startup)
 .startup       0x20000000      0x134 C:/HOOPOE3/satellite-subsystems/demo/../..//hal/at91/lib\libAt91D.a(board_cstartup.o)
                0x20000000                entry
 *(.text)
 .text          0x20000134       0x64 C:/HOOPOE3/satellite-subsystems/demo/../..//hal/at91/lib\libAt91D.a(cp15_asm.o)
                0x20000134                _readControlRegister
                0x20000140                _writeControlRegister
                0x20000148                _waitForInterrupt
                0x20000154                _writeTTB
                0x2000015c                _writeDomain
                0x20000164                _writeITLBLockdown
                0x2000016c                _prefetchICacheLine
                0x20000174                _flushDCache
                0x20000180                _flushWriteBuffer
                0x2000018c                _invalidateIDTLBs
 .text          0x20000198      0x114 c:/isis/application/toolchain/bin/../lib/gcc/arm-none-eabi/4.7.4\libgcc.a(_udivsi3.o)
                0x20000198                __aeabi_uidiv
                0x20000198                __udivsi3
                0x2000028c                __aeabi_uidivmod
 .text          0x200002ac      0x148 c:/isis/application/toolchain/bin/../lib/gcc/arm-none-eabi/4.7.4\libgcc.a(_divsi3.o)
                0x200002ac                __divsi3
                0x200002ac                __aeabi_idiv
                0x200003d4                __aeabi_idivmod
 .text          0x200003f4        0x4 c:/isis/application/toolchain/bin/../lib/gcc/arm-none-eabi/4.7.4\libgcc.a(_dvmd_tls.o)
                0x200003f4                __aeabi_idiv0
                0x200003f4                __aeabi_ldiv0
 .text          0x200003f8      0x41c c:/isis/application/toolchain/bin/../lib/gcc/arm-none-eabi/4.7.4\libgcc.a(_arm_addsubdf3.o)
                0x200003f8                __aeabi_drsub
                0x20000400                __aeabi_dsub
                0x20000400                __subdf3
                0x20000404                __aeabi_dadd
                0x20000404                __adddf3
                0x20000714                __floatunsidf
                0x20000714                __aeabi_ui2d
                0x20000738                __floatsidf
                0x20000738                __aeabi_i2d
                0x20000760                __aeabi_f2d
                0x20000760                __extendsfdf2
                0x200007a0                __floatundidf
                0x200007a0                __aeabi_ul2d
                0x200007b4                __floatdidf
                0x200007b4                __aeabi_l2d
 .text          0x20000814      0x49c c:/isis/application/toolchain/bin/../lib/gcc/arm-none-eabi/4.7.4\libgcc.a(_arm_muldivdf3.o)
                0x20000814                __aeabi_dmul
                0x20000814                __muldf3
                0x20000aa4                __divdf3
                0x20000aa4                __aeabi_ddiv
 .text          0x20000cb0      0x144 c:/isis/application/toolchain/bin/../lib/gcc/arm-none-eabi/4.7.4\libgcc.a(_arm_cmpdf2.o)
                0x20000cb0                __gtdf2
                0x20000cb0                __gedf2
                0x20000cb8                __ltdf2
                0x20000cb8                __ledf2
                0x20000cc0                __nedf2
                0x20000cc0                __eqdf2
                0x20000cc0                __cmpdf2
                0x20000d48                __aeabi_cdrcmple
                0x20000d64                __aeabi_cdcmpeq
                0x20000d64                __aeabi_cdcmple
                0x20000d7c                __aeabi_dcmpeq
                0x20000d94                __aeabi_dcmplt
                0x20000dac                __aeabi_dcmple
                0x20000dc4                __aeabi_dcmpge
                0x20000ddc                __aeabi_dcmpgt
 .text          0x20000df4       0x5c c:/isis/application/toolchain/bin/../lib/gcc/arm-none-eabi/4.7.4\libgcc.a(_arm_fixdfsi.o)
                0x20000df4                __aeabi_d2iz
                0x20000df4                __fixdfsi
 .text          0x20000e50       0x54 c:/isis/application/toolchain/bin/../lib/gcc/arm-none-eabi/4.7.4\libgcc.a(_arm_fixunsdfsi.o)
                0x20000e50                __aeabi_d2uiz
                0x20000e50                __fixunsdfsi
 .text          0x20000ea4       0xa0 c:/isis/application/toolchain/bin/../lib/gcc/arm-none-eabi/4.7.4\libgcc.a(_arm_truncdfsf2.o)
                0x20000ea4                __truncdfsf2
                0x20000ea4                __aeabi_d2f
 .text          0x20000f44      0x2ac c:/isis/application/toolchain/bin/../lib/gcc/arm-none-eabi/4.7.4\libgcc.a(_arm_addsubsf3.o)
                0x20000f44                __aeabi_frsub
                0x20000f4c                __subsf3
                0x20000f4c                __aeabi_fsub
                0x20000f50                __aeabi_fadd
                0x20000f50                __addsf3
                0x2000110c                __aeabi_ui2f
                0x2000110c                __floatunsisf
                0x20001114                __aeabi_i2f
                0x20001114                __floatsisf
                0x20001134                __aeabi_ul2f
                0x20001134                __floatundisf
                0x20001144                __aeabi_l2f
                0x20001144                __floatdisf
 .text          0x200011f0      0x2f8 c:/isis/application/toolchain/bin/../lib/gcc/arm-none-eabi/4.7.4\libgcc.a(_arm_muldivsf3.o)
                0x200011f0                __mulsf3
                0x200011f0                __aeabi_fmul
                0x20001388                __aeabi_fdiv
                0x20001388                __divsf3
 .text          0x200014e8      0x114 c:/isis/application/toolchain/bin/../lib/gcc/arm-none-eabi/4.7.4\libgcc.a(_arm_cmpsf2.o)
                0x200014e8                __gesf2
                0x200014e8                __gtsf2
                0x200014f0                __lesf2
                0x200014f0                __ltsf2
                0x200014f8                __nesf2
                0x200014f8                __eqsf2
                0x200014f8                __cmpsf2
                0x2000155c                __aeabi_cfrcmple
                0x2000156c                __aeabi_cfcmpeq
                0x2000156c                __aeabi_cfcmple
                0x20001584                __aeabi_fcmpeq
                0x2000159c                __aeabi_fcmplt
                0x200015b4                __aeabi_fcmple
                0x200015cc                __aeabi_fcmpge
                0x200015e4                __aeabi_fcmpgt
 .text          0x200015fc       0x5c c:/isis/application/toolchain/bin/../lib/gcc/arm-none-eabi/4.7.4\libgcc.a(_arm_fixsfsi.o)
                0x200015fc                __aeabi_f2iz
                0x200015fc                __fixsfsi
 .text          0x20001658       0x54 c:/isis/application/toolchain/bin/../lib/gcc/arm-none-eabi/4.7.4\libgcc.a(_arm_fixunssfsi.o)
                0x20001658                __fixunssfsi
                0x20001658                __aeabi_f2uiz
 *(.text*)
 .text.__cvt    0x200016ac      0x138 c:/isis/application/toolchain/bin/../lib/gcc/arm-none-eabi/4.7.4/../../../../arm-none-eabi/lib\libc_s.a(lib_a-vfprintf_float.o)
                0x200016ac                __cvt
 .text.__exponent
                0x200017e4       0xa8 c:/isis/application/toolchain/bin/../lib/gcc/arm-none-eabi/4.7.4/../../../../arm-none-eabi/lib\libc_s.a(lib_a-vfprintf_float.o)
                0x200017e4                __exponent
 .text._printf_float
                0x2000188c      0x7dc c:/isis/application/toolchain/bin/../lib/gcc/arm-none-eabi/4.7.4/../../../../arm-none-eabi/lib\libc_s.a(lib_a-vfprintf_float.o)
                0x2000188c                _printf_float
 .text._printf_common
                0x20002068      0x174 c:/isis/application/toolchain/bin/../lib/gcc/arm-none-eabi/4.7.4/../../../../arm-none-eabi/lib\libc_s.a(lib_a-vfprintf_i.o)
                0x20002068                _printf_common
 .text._printf_i
                0x200021dc      0x3c4 c:/isis/application/toolchain/bin/../lib/gcc/arm-none-eabi/4.7.4/../../../../arm-none-eabi/lib\libc_s.a(lib_a-vfprintf_i.o)
                0x200021dc                _printf_i
 .text._scanf_float
                0x200025a0      0x5f4 c:/isis/application/toolchain/bin/../lib/gcc/arm-none-eabi/4.7.4/../../../../arm-none-eabi/lib\libc_s.a(lib_a-vfscanf_float.o)
                0x200025a0                _scanf_float
 .text.quorem   0x20002b94      0x1ac c:/isis/application/toolchain/bin/../lib/gcc/arm-none-eabi/4.7.4/../../../../arm-none-eabi/lib\libc_s.a(lib_a-dtoa.o)
 .text._dtoa_r  0x20002d40     0x1268 c:/isis/application/toolchain/bin/../lib/gcc/arm-none-eabi/4.7.4/../../../../arm-none-eabi/lib\libc_s.a(lib_a-dtoa.o)
                0x20002d40                _dtoa_r
 .text._localeconv_r
                0x20003fa8        0xc c:/isis/application/toolchain/bin/../lib/gcc/arm-none-eabi/4.7.4/../../../../arm-none-eabi/lib\libc_s.a(lib_a-locale.o)
                0x20003fa8                _localeconv_r
 .text.malloc   0x20003fb4       0x20 c:/isis/application/toolchain/bin/../lib/gcc/arm-none-eabi/4.7.4/../../../../arm-none-eabi/lib\libc_s.a(lib_a-malloc.o)
                0x20003fb4                malloc
 .text.free     0x20003fd4       0x20 c:/isis/application/toolchain/bin/../lib/gcc/arm-none-eabi/4.7.4/../../../../arm-none-eabi/lib\libc_s.a(lib_a-malloc.o)
                0x20003fd4                free
 .text._malloc_r
                0x20003ff4       0xfc c:/isis/application/toolchain/bin/../lib/gcc/arm-none-eabi/4.7.4/../../../../arm-none-eabi/lib\libc_s.a(lib_a-mallocr.o)
                0x20003ff4                _malloc_r
 .text.memcpy   0x200040f0       0x20 c:/isis/application/toolchain/bin/../lib/gcc/arm-none-eabi/4.7.4/../../../../arm-none-eabi/lib\libc_s.a(lib_a-memcpy.o)
                0x200040f0                memcpy
 .text._Balloc  0x20004110       0xcc c:/isis/application/toolchain/bin/../lib/gcc/arm-none-eabi/4.7.4/../../../../arm-none-eabi/lib\libc_s.a(lib_a-mprec.o)
                0x20004110                _Balloc
 .text._Bfree   0x200041dc       0x5c c:/isis/application/toolchain/bin/../lib/gcc/arm-none-eabi/4.7.4/../../../../arm-none-eabi/lib\libc_s.a(lib_a-mprec.o)
                0x200041dc                _Bfree
 .text.__multadd
                0x20004238       0xbc c:/isis/application/toolchain/bin/../lib/gcc/arm-none-eabi/4.7.4/../../../../arm-none-eabi/lib\libc_s.a(lib_a-mprec.o)
                0x20004238                __multadd
 .text.__s2b    0x200042f4       0xd8 c:/isis/application/toolchain/bin/../lib/gcc/arm-none-eabi/4.7.4/../../../../arm-none-eabi/lib\libc_s.a(lib_a-mprec.o)
                0x200042f4                __s2b
 .text.__hi0bits
                0x200043cc       0x58 c:/isis/application/toolchain/bin/../lib/gcc/arm-none-eabi/4.7.4/../../../../arm-none-eabi/lib\libc_s.a(lib_a-mprec.o)
                0x200043cc                __hi0bits
 .text.__lo0bits
                0x20004424       0x94 c:/isis/application/toolchain/bin/../lib/gcc/arm-none-eabi/4.7.4/../../../../arm-none-eabi/lib\libc_s.a(lib_a-mprec.o)
                0x20004424                __lo0bits
 .text.__i2b    0x200044b8       0x24 c:/isis/application/toolchain/bin/../lib/gcc/arm-none-eabi/4.7.4/../../../../arm-none-eabi/lib\libc_s.a(lib_a-mprec.o)
                0x200044b8                __i2b
 .text.__multiply
                0x200044dc      0x1ac c:/isis/application/toolchain/bin/../lib/gcc/arm-none-eabi/4.7.4/../../../../arm-none-eabi/lib\libc_s.a(lib_a-mprec.o)
                0x200044dc                __multiply
 .text.__pow5mult
                0x20004688      0x10c c:/isis/application/toolchain/bin/../lib/gcc/arm-none-eabi/4.7.4/../../../../arm-none-eabi/lib\libc_s.a(lib_a-mprec.o)
                0x20004688                __pow5mult
 .text.__lshift
                0x20004794       0xf0 c:/isis/application/toolchain/bin/../lib/gcc/arm-none-eabi/4.7.4/../../../../arm-none-eabi/lib\libc_s.a(lib_a-mprec.o)
                0x20004794                __lshift
 .text.__mcmp   0x20004884       0x60 c:/isis/application/toolchain/bin/../lib/gcc/arm-none-eabi/4.7.4/../../../../arm-none-eabi/lib\libc_s.a(lib_a-mprec.o)
                0x20004884                __mcmp
 .text.__mdiff  0x200048e4      0x128 c:/isis/application/toolchain/bin/../lib/gcc/arm-none-eabi/4.7.4/../../../../arm-none-eabi/lib\libc_s.a(lib_a-mprec.o)
                0x200048e4                __mdiff
 .text.__ulp    0x20004a0c       0x5c c:/isis/application/toolchain/bin/../lib/gcc/arm-none-eabi/4.7.4/../../../../arm-none-eabi/lib\libc_s.a(lib_a-mprec.o)
                0x20004a0c                __ulp
 .text.__b2d    0x20004a68       0xc8 c:/isis/application/toolchain/bin/../lib/gcc/arm-none-eabi/4.7.4/../../../../arm-none-eabi/lib\libc_s.a(lib_a-mprec.o)
                0x20004a68                __b2d
 .text.__d2b    0x20004b30       0xfc c:/isis/application/toolchain/bin/../lib/gcc/arm-none-eabi/4.7.4/../../../../arm-none-eabi/lib\libc_s.a(lib_a-mprec.o)
                0x20004b30                __d2b
 .text.__ratio  0x20004c2c       0x70 c:/isis/application/toolchain/bin/../lib/gcc/arm-none-eabi/4.7.4/../../../../arm-none-eabi/lib\libc_s.a(lib_a-mprec.o)
                0x20004c2c                __ratio
 .text.__copybits
                0x20004c9c       0x4c c:/isis/application/toolchain/bin/../lib/gcc/arm-none-eabi/4.7.4/../../../../arm-none-eabi/lib\libc_s.a(lib_a-mprec.o)
                0x20004c9c                __copybits
 .text.__any_on
                0x20004ce8       0x7c c:/isis/application/toolchain/bin/../lib/gcc/arm-none-eabi/4.7.4/../../../../arm-none-eabi/lib\libc_s.a(lib_a-mprec.o)
                0x20004ce8                __any_on
 .text.__fpclassifyd
                0x20004d64       0x6c c:/isis/application/toolchain/bin/../lib/gcc/arm-none-eabi/4.7.4/../../../../arm-none-eabi/lib\libc_s.a(lib_a-s_fpclassify.o)
                0x20004d64                __fpclassifyd
 .text._sbrk_r  0x20004dd0       0x3c c:/isis/application/toolchain/bin/../lib/gcc/arm-none-eabi/4.7.4/../../../../arm-none-eabi/lib\libc_s.a(lib_a-sbrkr.o)
                0x20004dd0                _sbrk_r
 .text.nanf     0x20004e0c        0xc c:/isis/application/toolchain/bin/../lib/gcc/arm-none-eabi/4.7.4/../../../../arm-none-eabi/lib\libc_s.a(lib_a-sf_nan.o)
                0x20004e0c                nanf
 .text.sprintf  0x20004e18       0x6c c:/isis/application/toolchain/bin/../lib/gcc/arm-none-eabi/4.7.4/../../../../arm-none-eabi/lib\libc_s.a(lib_a-sprintf.o)
                0x20004e18                siprintf
                0x20004e18                sprintf
 .text.strcmp   0x20004e84       0x1c c:/isis/application/toolchain/bin/../lib/gcc/arm-none-eabi/4.7.4/../../../../arm-none-eabi/lib\libc_s.a(lib_a-strcmp.o)
                0x20004e84                strcmp
 .text.strlen   0x20004ea0       0x1c c:/isis/application/toolchain/bin/../lib/gcc/arm-none-eabi/4.7.4/../../../../arm-none-eabi/lib\libc_s.a(lib_a-strlen.o)
                0x20004ea0                strlen
 .text.match    0x20004ebc       0x54 c:/isis/application/toolchain/bin/../lib/gcc/arm-none-eabi/4.7.4/../../../../arm-none-eabi/lib\libc_s.a(lib_a-strtod.o)
 .text._strtod_r
                0x20004f10     0x1168 c:/isis/application/toolchain/bin/../lib/gcc/arm-none-eabi/4.7.4/../../../../arm-none-eabi/lib\libc_s.a(lib_a-strtod.o)
                0x20004f10                _strtod_r
 .text._strtol_r
                0x20006078      0x1b8 c:/isis/application/toolchain/bin/../lib/gcc/arm-none-eabi/4.7.4/../../../../arm-none-eabi/lib\libc_s.a(lib_a-strtol.o)
                0x20006078                _strtol_r
 .text.__ssputc_r
                0x20006230      0x10c c:/isis/application/toolchain/bin/../lib/gcc/arm-none-eabi/4.7.4/../../../../arm-none-eabi/lib\libc_s.a(lib_a-svfprintf.o)
                0x20006230                __ssputc_r
 .text._svfprintf_r
                0x2000633c      0x328 c:/isis/application/toolchain/bin/../lib/gcc/arm-none-eabi/4.7.4/../../../../arm-none-eabi/lib\libc_s.a(lib_a-svfprintf.o)
                0x2000633c                _svfiprintf_r
                0x2000633c                _svfprintf_r
 .text._calloc_r
                0x20006664       0x2c c:/isis/application/toolchain/bin/../lib/gcc/arm-none-eabi/4.7.4/../../../../arm-none-eabi/lib\libc_s.a(lib_a-callocr.o)
                0x20006664                _calloc_r
 .text._free_r  0x20006690      0x108 c:/isis/application/toolchain/bin/../lib/gcc/arm-none-eabi/4.7.4/../../../../arm-none-eabi/lib\libc_s.a(lib_a-freer.o)
                0x20006690                _free_r
 .text.rshift   0x20006798       0xb0 c:/isis/application/toolchain/bin/../lib/gcc/arm-none-eabi/4.7.4/../../../../arm-none-eabi/lib\libc_s.a(lib_a-gdtoa-gethex.o)
 .text.htinit.constprop.0
                0x20006848       0x34 c:/isis/application/toolchain/bin/../lib/gcc/arm-none-eabi/4.7.4/../../../../arm-none-eabi/lib\libc_s.a(lib_a-gdtoa-gethex.o)
 .text.__hexdig_init
                0x2000687c       0x38 c:/isis/application/toolchain/bin/../lib/gcc/arm-none-eabi/4.7.4/../../../../arm-none-eabi/lib\libc_s.a(lib_a-gdtoa-gethex.o)
                0x2000687c                __hexdig_init
 .text.__gethex
                0x200068b4      0x6cc c:/isis/application/toolchain/bin/../lib/gcc/arm-none-eabi/4.7.4/../../../../arm-none-eabi/lib\libc_s.a(lib_a-gdtoa-gethex.o)
                0x200068b4                __gethex
 .text.L_shift  0x20006f80       0x38 c:/isis/application/toolchain/bin/../lib/gcc/arm-none-eabi/4.7.4/../../../../arm-none-eabi/lib\libc_s.a(lib_a-gdtoa-hexnan.o)
 .text.__hexnan
                0x20006fb8      0x1d8 c:/isis/application/toolchain/bin/../lib/gcc/arm-none-eabi/4.7.4/../../../../arm-none-eabi/lib\libc_s.a(lib_a-gdtoa-hexnan.o)
                0x20006fb8                __hexnan
 .text.memchr   0x20007190       0x34 c:/isis/application/toolchain/bin/../lib/gcc/arm-none-eabi/4.7.4/../../../../arm-none-eabi/lib\libc_s.a(lib_a-memchr.o)
                0x20007190                memchr
 .text.memset   0x200071c4       0x1c c:/isis/application/toolchain/bin/../lib/gcc/arm-none-eabi/4.7.4/../../../../arm-none-eabi/lib\libc_s.a(lib_a-memset.o)
                0x200071c4                memset
 .text._realloc_r
                0x200071e0       0x80 c:/isis/application/toolchain/bin/../lib/gcc/arm-none-eabi/4.7.4/../../../../arm-none-eabi/lib\libc_s.a(lib_a-reallocr.o)
                0x200071e0                _realloc_r
 .text.strncmp  0x20007260       0x64 c:/isis/application/toolchain/bin/../lib/gcc/arm-none-eabi/4.7.4/../../../../arm-none-eabi/lib\libc_s.a(lib_a-strncmp.o)
                0x20007260                strncmp
 .text._malloc_usable_size_r
                0x200072c4       0x1c c:/isis/application/toolchain/bin/../lib/gcc/arm-none-eabi/4.7.4/../../../../arm-none-eabi/lib\libc_s.a(lib_a-msizer.o)
                0x200072c4                _malloc_usable_size_r
 .text.GetChunkFromImage
                0x200072e0      0x2e0 ./src/sub-systemCode/payload/Request Management/Dump/Butchering.o
                0x200072e0                GetChunkFromImage
 .text.SimpleButcher
                0x200075c0       0xf4 ./src/sub-systemCode/payload/Request Management/Dump/Butchering.o
                0x200075c0                SimpleButcher
 .text.readChunkDimentionsFromFRAM
                0x200076b4       0x80 ./src/sub-systemCode/payload/Request Management/Dump/imageDump.o
                0x200076b4                readChunkDimentionsFromFRAM
 .text.setChunkDimensions_inFRAM
                0x20007734      0x10c ./src/sub-systemCode/payload/Request Management/Dump/imageDump.o
                0x20007734                setChunkDimensions_inFRAM
 .text.find_subType_ofImage
                0x20007840       0xe0 ./src/sub-systemCode/payload/Request Management/Dump/imageDump.o
                0x20007840                find_subType_ofImage
 .text.buildAndSend_chunck
                0x20007920      0x320 ./src/sub-systemCode/payload/Request Management/Dump/imageDump.o
                0x20007920                buildAndSend_chunck
 .text.bitField_imageDump
                0x20007c40      0x2b8 ./src/sub-systemCode/payload/Request Management/Dump/imageDump.o
                0x20007c40                bitField_imageDump
 .text.imageDataBase_Dump
                0x20007ef8      0x104 ./src/sub-systemCode/payload/Request Management/Dump/imageDump.o
                0x20007ef8                imageDataBase_Dump
 .text.chunkField_imageDump
                0x20007ffc      0x258 ./src/sub-systemCode/payload/Request Management/Dump/imageDump.o
                0x20007ffc                chunkField_imageDump
 .text.imageDump_task
                0x20008254      0x400 ./src/sub-systemCode/payload/Request Management/Dump/imageDump.o
                0x20008254                imageDump_task
 .text.CameraManagerTaskMain
                0x20008654      0x120 ./src/sub-systemCode/payload/Request Management/CameraManeger.o
                0x20008654                CameraManagerTaskMain
 .text.initCamera
                0x20008774       0xa4 ./src/sub-systemCode/payload/Request Management/CameraManeger.o
                0x20008774                initCamera
 .text.KickStartCamera
                0x20008818       0xb4 ./src/sub-systemCode/payload/Request Management/CameraManeger.o
                0x20008818                KickStartCamera
 .text.addRequestToQueue
                0x200088cc       0xa8 ./src/sub-systemCode/payload/Request Management/CameraManeger.o
                0x200088cc                addRequestToQueue
 .text.removeRequestFromQueue
                0x20008974       0x7c ./src/sub-systemCode/payload/Request Management/CameraManeger.o
                0x20008974                removeRequestFromQueue
 .text.Take_pictures_with_time_in_between
                0x200089f0       0xb8 ./src/sub-systemCode/payload/Request Management/CameraManeger.o
                0x200089f0                Take_pictures_with_time_in_between
 .text.Gecko_TroubleShooter
                0x20008aa8       0xdc ./src/sub-systemCode/payload/Request Management/CameraManeger.o
                0x20008aa8                Gecko_TroubleShooter
 .text.startDumpTask
                0x20008b84       0x70 ./src/sub-systemCode/payload/Request Management/CameraManeger.o
                0x20008b84                startDumpTask
 .text.act_upon_request
                0x20008bf4      0x3d4 ./src/sub-systemCode/payload/Request Management/CameraManeger.o
                0x20008bf4                act_upon_request
 .text.TakePicture
                0x20008fc8       0x4c ./src/sub-systemCode/payload/Request Management/DB_RequestHandling.o
                0x20008fc8                TakePicture
 .text.TakeSpecialPicture
                0x20009014      0x104 ./src/sub-systemCode/payload/Request Management/DB_RequestHandling.o
                0x20009014                TakeSpecialPicture
 .text.DeletePictureFile
                0x20009118       0x88 ./src/sub-systemCode/payload/Request Management/DB_RequestHandling.o
                0x20009118                DeletePictureFile
 .text.DeletePicture
                0x200091a0       0x6c ./src/sub-systemCode/payload/Request Management/DB_RequestHandling.o
                0x200091a0                DeletePicture
 .text.TransferPicture
                0x2000920c       0x54 ./src/sub-systemCode/payload/Request Management/DB_RequestHandling.o
                0x2000920c                TransferPicture
 .text.CreateThumbnail
                0x20009260       0x80 ./src/sub-systemCode/payload/Request Management/DB_RequestHandling.o
                0x20009260                CreateThumbnail
 .text.CreateJPG
                0x200092e0       0x7c ./src/sub-systemCode/payload/Request Management/DB_RequestHandling.o
                0x200092e0                CreateJPG
 .text.UpdatePhotographyValues
                0x2000935c       0xb4 ./src/sub-systemCode/payload/Request Management/DB_RequestHandling.o
                0x2000935c                UpdatePhotographyValues
 .text.setChunkDimensions
                0x20009410       0x64 ./src/sub-systemCode/payload/Request Management/DB_RequestHandling.o
                0x20009410                setChunkDimensions
 .text.convert2char
                0x20009474      0x14c ./src/sub-systemCode/payload/Misc/Boolean_bit.o
                0x20009474                convert2char
 .text.convert2byte
                0x200095c0      0x1c8 ./src/sub-systemCode/payload/Misc/Boolean_bit.o
                0x200095c0                convert2byte
 .text.bits2byte
                0x20009788      0x17c ./src/sub-systemCode/payload/Misc/Boolean_bit.o
                0x20009788                bits2byte
 .text.byte2bits
                0x20009904      0x17c ./src/sub-systemCode/payload/Misc/Boolean_bit.o
                0x20009904                byte2bits
 .text.char2bits
                0x20009a80       0x44 ./src/sub-systemCode/payload/Misc/Boolean_bit.o
                0x20009a80                char2bits
 .text.bits2char
                0x20009ac4       0x3c ./src/sub-systemCode/payload/Misc/Boolean_bit.o
                0x20009ac4                bits2char
 .text.ReadFromFile
                0x20009b00       0x6c ./src/sub-systemCode/payload/Misc/FileSystem.o
                0x20009b00                ReadFromFile
 .text.WriteToFile
                0x20009b6c       0x74 ./src/sub-systemCode/payload/Misc/FileSystem.o
                0x20009b6c                WriteToFile
 .text.Initialized_GPIO
                0x20009be0       0x54 ./src/sub-systemCode/payload/Drivers/GeckoCameraDriver.o
                0x20009be0                Initialized_GPIO
 .text.TurnOnGecko
                0x20009c34      0x140 ./src/sub-systemCode/payload/Drivers/GeckoCameraDriver.o
                0x20009c34                TurnOnGecko
 .text.TurnOffGecko
                0x20009d74       0xd8 ./src/sub-systemCode/payload/Drivers/GeckoCameraDriver.o
                0x20009d74                TurnOffGecko
 .text.initGecko
                0x20009e4c       0x3c ./src/sub-systemCode/payload/Drivers/GeckoCameraDriver.o
                0x20009e4c                initGecko
 .text.GECKO_TakeImage
                0x20009e88      0x2f4 ./src/sub-systemCode/payload/Drivers/GeckoCameraDriver.o
                0x20009e88                GECKO_TakeImage
 .text.GECKO_ReadImage
                0x2000a17c      0x234 ./src/sub-systemCode/payload/Drivers/GeckoCameraDriver.o
                0x2000a17c                GECKO_ReadImage
 .text.GECKO_EraseBlock
                0x2000a3b0       0xf0 ./src/sub-systemCode/payload/Drivers/GeckoCameraDriver.o
                0x2000a3b0                GECKO_EraseBlock
 .text.getFileName
                0x2000a4a0      0x1a0 ./src/sub-systemCode/payload/DataBase/DataBase.o
 .text.zeroImageDataBase
                0x2000a640       0xfc ./src/sub-systemCode/payload/DataBase/DataBase.o
                0x2000a640                zeroImageDataBase
 .text.updateGeneralDataBaseParameters
                0x2000a73c       0x5c ./src/sub-systemCode/payload/DataBase/DataBase.o
                0x2000a73c                updateGeneralDataBaseParameters
 .text.SearchDataBase_byID
                0x2000a798      0x220 ./src/sub-systemCode/payload/DataBase/DataBase.o
                0x2000a798                SearchDataBase_byID
 .text.SearchDataBase_byMark
                0x2000a9b8       0xa4 ./src/sub-systemCode/payload/DataBase/DataBase.o
                0x2000a9b8                SearchDataBase_byMark
 .text.checkForFileType
                0x2000aa5c       0x68 ./src/sub-systemCode/payload/DataBase/DataBase.o
                0x2000aa5c                checkForFileType
 .text.updateFileTypes
                0x2000aac4       0xbc ./src/sub-systemCode/payload/DataBase/DataBase.o
                0x2000aac4                updateFileTypes
 .text.GetImageFactor
                0x2000ab80       0x58 ./src/sub-systemCode/payload/DataBase/DataBase.o
                0x2000ab80                GetImageFactor
 .text.readImageFromBuffer
                0x2000abd8      0x12c ./src/sub-systemCode/payload/DataBase/DataBase.o
                0x2000abd8                readImageFromBuffer
 .text.saveImageToBuffer
                0x2000ad04      0x12c ./src/sub-systemCode/payload/DataBase/DataBase.o
                0x2000ad04                saveImageToBuffer
 .text.getLatestID
                0x2000ae30       0x48 ./src/sub-systemCode/payload/DataBase/DataBase.o
                0x2000ae30                getLatestID
 .text.getDataBaseStart
                0x2000ae78       0x20 ./src/sub-systemCode/payload/DataBase/DataBase.o
                0x2000ae78                getDataBaseStart
 .text.setDataBaseValues
                0x2000ae98      0x1d8 ./src/sub-systemCode/payload/DataBase/DataBase.o
                0x2000ae98                setDataBaseValues
 .text.initImageDataBase
                0x2000b070      0x1b0 ./src/sub-systemCode/payload/DataBase/DataBase.o
                0x2000b070                initImageDataBase
 .text.resetImageDataBase
                0x2000b220       0x98 ./src/sub-systemCode/payload/DataBase/DataBase.o
                0x2000b220                resetImageDataBase
 .text.setCameraPhotographyValues
                0x2000b2b8      0x10c ./src/sub-systemCode/payload/DataBase/DataBase.o
                0x2000b2b8                setCameraPhotographyValues
 .text.transferImageToSD_withoutSearch
                0x2000b3c4      0x15c ./src/sub-systemCode/payload/DataBase/DataBase.o
                0x2000b3c4                transferImageToSD_withoutSearch
 .text.transferImageToSD
                0x2000b520       0xb4 ./src/sub-systemCode/payload/DataBase/DataBase.o
                0x2000b520                transferImageToSD
 .text.DeleteImageFromOBC_withoutSearch
                0x2000b5d4       0xe0 ./src/sub-systemCode/payload/DataBase/DataBase.o
                0x2000b5d4                DeleteImageFromOBC_withoutSearch
 .text.DeleteImageFromOBC
                0x2000b6b4       0xb4 ./src/sub-systemCode/payload/DataBase/DataBase.o
                0x2000b6b4                DeleteImageFromOBC
 .text.DeleteImageFromPayload
                0x2000b768      0x25c ./src/sub-systemCode/payload/DataBase/DataBase.o
                0x2000b768                DeleteImageFromPayload
 .text.clearImageDataBase
                0x2000b9c4      0x114 ./src/sub-systemCode/payload/DataBase/DataBase.o
                0x2000b9c4                clearImageDataBase
 .text.handleMarkedPictures
                0x2000bad8      0x1dc ./src/sub-systemCode/payload/DataBase/DataBase.o
                0x2000bad8                handleMarkedPictures
 .text.writeNewImageMetaDataToFRAM
                0x2000bcb4      0x234 ./src/sub-systemCode/payload/DataBase/DataBase.o
                0x2000bcb4                writeNewImageMetaDataToFRAM
 .text.takePicture
                0x2000bee8      0x378 ./src/sub-systemCode/payload/DataBase/DataBase.o
                0x2000bee8                takePicture
 .text.takePicture_withSpecialParameters
                0x2000c260       0xbc ./src/sub-systemCode/payload/DataBase/DataBase.o
                0x2000c260                takePicture_withSpecialParameters
 .text.GetImageFileName
                0x2000c31c       0xc0 ./src/sub-systemCode/payload/DataBase/DataBase.o
                0x2000c31c                GetImageFileName
 .text.getDataBaseSize
                0x2000c3dc       0x20 ./src/sub-systemCode/payload/DataBase/DataBase.o
                0x2000c3dc                getDataBaseSize
 .text.getImageDataBaseBuffer
                0x2000c3fc      0x240 ./src/sub-systemCode/payload/DataBase/DataBase.o
                0x2000c3fc                getImageDataBaseBuffer
 .text.TransformRawToBMP
                0x2000c63c      0x1e0 ./src/sub-systemCode/payload/Compression/jpeg/bmp/rawToBMP.o
                0x2000c63c                TransformRawToBMP
 .text.interpolate
                0x2000c81c      0x8d0 ./src/sub-systemCode/payload/Compression/jpeg/bmp/rawToBMP.o
                0x2000c81c                interpolate
 .text.getInputAt
                0x2000d0ec      0x308 ./src/sub-systemCode/payload/Compression/jpeg/bmp/rawToBMP.o
                0x2000d0ec                getInputAt
 .text.f_writeF_FILEHeader
                0x2000d3f4      0x2f0 ./src/sub-systemCode/payload/Compression/jpeg/bmp/rawToBMP.o
                0x2000d3f4                f_writeF_FILEHeader
 .text.f_writeOutputRow
                0x2000d6e4       0xbc ./src/sub-systemCode/payload/Compression/jpeg/bmp/rawToBMP.o
                0x2000d6e4                f_writeOutputRow
 .text.dct      0x2000d7a0      0x9c4 ./src/sub-systemCode/payload/Compression/jpeg/DCT.o
                0x2000d7a0                dct
 .text.JPEG_compressor
                0x2000e164       0xfc ./src/sub-systemCode/payload/Compression/jpeg/ImgCompressor.o
                0x2000e164                JPEG_compressor
 .text.Create_BMP_File
                0x2000e260       0xf4 ./src/sub-systemCode/payload/Compression/jpeg/ImgCompressor.o
                0x2000e260                Create_BMP_File
 .text.CompressImage
                0x2000e354      0x1cc ./src/sub-systemCode/payload/Compression/jpeg/ImgCompressor.o
                0x2000e354                CompressImage
 .text.clamp    0x2000e520       0x60 ./src/sub-systemCode/payload/Compression/jpeg/color_conv.o
                0x2000e520                clamp
 .text.RGB_to_YCC
                0x2000e580      0x1a8 ./src/sub-systemCode/payload/Compression/jpeg/color_conv.o
                0x2000e580                RGB_to_YCC
 .text.RGB_to_Y
                0x2000e728       0xc4 ./src/sub-systemCode/payload/Compression/jpeg/color_conv.o
                0x2000e728                RGB_to_Y
 .text.Y_to_YCC
                0x2000e7ec       0x88 ./src/sub-systemCode/payload/Compression/jpeg/color_conv.o
                0x2000e7ec                Y_to_YCC
 .text.compress_image_to_jpeg_file
                0x2000e874      0x1ac ./src/sub-systemCode/payload/Compression/jpeg/jpeg.o
                0x2000e874                compress_image_to_jpeg_file
 .text.emit_marker
                0x2000ea20       0xc8 ./src/sub-systemCode/payload/Compression/jpeg/jpeg_encoder.o
                0x2000ea20                emit_marker
 .text.emit_byte
                0x2000eae8       0x6c ./src/sub-systemCode/payload/Compression/jpeg/jpeg_encoder.o
                0x2000eae8                emit_byte
 .text.emit_word
                0x2000eb54       0xd0 ./src/sub-systemCode/payload/Compression/jpeg/jpeg_encoder.o
                0x2000eb54                emit_word
 .text.emit_jfif_app0
                0x2000ec24       0xc0 ./src/sub-systemCode/payload/Compression/jpeg/jpeg_encoder.o
                0x2000ec24                emit_jfif_app0
 .text.emit_dqt
                0x2000ece4       0xd8 ./src/sub-systemCode/payload/Compression/jpeg/jpeg_encoder.o
                0x2000ece4                emit_dqt
 .text.emit_sof
                0x2000edbc      0x14c ./src/sub-systemCode/payload/Compression/jpeg/jpeg_encoder.o
                0x2000edbc                emit_sof
 .text.emit_dht
                0x2000ef08      0x138 ./src/sub-systemCode/payload/Compression/jpeg/jpeg_encoder.o
                0x2000ef08                emit_dht
 .text.emit_dhts
                0x2000f040       0xd8 ./src/sub-systemCode/payload/Compression/jpeg/jpeg_encoder.o
                0x2000f040                emit_dhts
 .text.emit_sos
                0x2000f118       0xec ./src/sub-systemCode/payload/Compression/jpeg/jpeg_encoder.o
                0x2000f118                emit_sos
 .text.emit_markers
                0x2000f204       0x4c ./src/sub-systemCode/payload/Compression/jpeg/jpeg_encoder.o
                0x2000f204                emit_markers
 .text.compute_huffman_table
                0x2000f250      0x334 ./src/sub-systemCode/payload/Compression/jpeg/jpeg_encoder.o
                0x2000f250                compute_huffman_table
 .text.compute_quant_table
                0x2000f584      0x11c ./src/sub-systemCode/payload/Compression/jpeg/jpeg_encoder.o
                0x2000f584                compute_quant_table
 .text.first_pass_init
                0x2000f6a0       0x54 ./src/sub-systemCode/payload/Compression/jpeg/jpeg_encoder.o
                0x2000f6a0                first_pass_init
 .text.second_pass_init
                0x2000f6f4      0x110 ./src/sub-systemCode/payload/Compression/jpeg/jpeg_encoder.o
                0x2000f6f4                second_pass_init
 .text.jpg_open
                0x2000f804      0x7b4 ./src/sub-systemCode/payload/Compression/jpeg/jpeg_encoder.o
                0x2000f804                jpg_open
 .text.load_block_8_8_grey
                0x2000ffb8      0x164 ./src/sub-systemCode/payload/Compression/jpeg/jpeg_encoder.o
                0x2000ffb8                load_block_8_8_grey
 .text.load_block_8_8
                0x2001011c      0x198 ./src/sub-systemCode/payload/Compression/jpeg/jpeg_encoder.o
                0x2001011c                load_block_8_8
 .text.load_block_16_8
                0x200102b4      0x3cc ./src/sub-systemCode/payload/Compression/jpeg/jpeg_encoder.o
                0x200102b4                load_block_16_8
 .text.load_block_16_8_8
                0x20010680      0x2a8 ./src/sub-systemCode/payload/Compression/jpeg/jpeg_encoder.o
                0x20010680                load_block_16_8_8
 .text.load_coefficients
                0x20010928      0x1c8 ./src/sub-systemCode/payload/Compression/jpeg/jpeg_encoder.o
                0x20010928                load_coefficients
 .text.flush_output_buffer
                0x20010af0       0xa0 ./src/sub-systemCode/payload/Compression/jpeg/jpeg_encoder.o
                0x20010af0                flush_output_buffer
 .text.put_bits
                0x20010b90      0x170 ./src/sub-systemCode/payload/Compression/jpeg/jpeg_encoder.o
                0x20010b90                put_bits
 .text.code_coefficients_pass_two
                0x20010d00      0x338 ./src/sub-systemCode/payload/Compression/jpeg/jpeg_encoder.o
                0x20010d00                code_coefficients_pass_two
 .text.code_block
                0x20011038       0x44 ./src/sub-systemCode/payload/Compression/jpeg/jpeg_encoder.o
                0x20011038                code_block
 .text.process_mcu_row
                0x2001107c      0x328 ./src/sub-systemCode/payload/Compression/jpeg/jpeg_encoder.o
                0x2001107c                process_mcu_row
 .text.terminate_pass_two
                0x200113a4       0x44 ./src/sub-systemCode/payload/Compression/jpeg/jpeg_encoder.o
                0x200113a4                terminate_pass_two
 .text.process_end_of_image
                0x200113e8       0xc0 ./src/sub-systemCode/payload/Compression/jpeg/jpeg_encoder.o
                0x200113e8                process_end_of_image
 .text.load_mcu
                0x200114a8      0x29c ./src/sub-systemCode/payload/Compression/jpeg/jpeg_encoder.o
                0x200114a8                load_mcu
 .text.clear    0x20011744      0x1e0 ./src/sub-systemCode/payload/Compression/jpeg/jpeg_encoder.o
                0x20011744                clear
 .text.init     0x20011924       0xe4 ./src/sub-systemCode/payload/Compression/jpeg/jpeg_encoder.o
                0x20011924                init
 .text.deinit   0x20011a08      0x160 ./src/sub-systemCode/payload/Compression/jpeg/jpeg_encoder.o
                0x20011a08                deinit
 .text.process_scanline
                0x20011b68       0x6c ./src/sub-systemCode/payload/Compression/jpeg/jpeg_encoder.o
                0x20011b68                process_scanline
 .text.jpge_malloc
                0x20011bd4       0x28 ./src/sub-systemCode/payload/Compression/jpeg/jpeg_memory_alloc.o
                0x20011bd4                jpge_malloc
 .text.jpge_cmalloc
                0x20011bfc       0x48 ./src/sub-systemCode/payload/Compression/jpeg/jpeg_memory_alloc.o
                0x20011bfc                jpge_cmalloc
 .text.jpge_free
                0x20011c44       0x24 ./src/sub-systemCode/payload/Compression/jpeg/jpeg_memory_alloc.o
                0x20011c44                jpge_free
 .text.check    0x20011c68       0x78 ./src/sub-systemCode/payload/Compression/jpeg/jpeg_params.o
                0x20011c68                check
 .text.open_jpeg_file
                0x20011ce0       0xfc ./src/sub-systemCode/payload/Compression/jpeg/output_stream.o
                0x20011ce0                open_jpeg_file
 .text.close_jpeg_file
                0x20011ddc      0x118 ./src/sub-systemCode/payload/Compression/jpeg/output_stream.o
                0x20011ddc                close_jpeg_file
 .text.put_buf  0x20011ef4      0x258 ./src/sub-systemCode/payload/Compression/jpeg/output_stream.o
                0x20011ef4                put_buf
 .text.GetBayerPixel
                0x2001214c       0xe8 ./src/sub-systemCode/payload/Compression/ImageConversion.o
 .text.BinImage
                0x20012234      0x2c8 ./src/sub-systemCode/payload/Compression/ImageConversion.o
                0x20012234                BinImage
 .text.ImageSkipping
                0x200124fc      0x2ac ./src/sub-systemCode/payload/Compression/ImageConversion.o
                0x200124fc                ImageSkipping
 .text.CreateImageThumbnail_withoutSearch
                0x200127a8      0x14c ./src/sub-systemCode/payload/Compression/ImageConversion.o
                0x200127a8                CreateImageThumbnail_withoutSearch
 .text.CreateImageThumbnail
                0x200128f4       0x94 ./src/sub-systemCode/payload/Compression/ImageConversion.o
                0x200128f4                CreateImageThumbnail
 .text.compressImage
                0x20012988      0x17c ./src/sub-systemCode/payload/Compression/ImageConversion.o
                0x20012988                compressImage
 .text.AdcsCmdQueueInit
                0x20012b04       0x4c ./src/sub-systemCode/Main/CMD/ADCS_CMD.o
                0x20012b04                AdcsCmdQueueInit
 .text.AdcsCmdQueueGet
                0x20012b50       0x8c ./src/sub-systemCode/Main/CMD/ADCS_CMD.o
                0x20012b50                AdcsCmdQueueGet
 .text.AdcsCmdQueueAdd
                0x20012bdc       0x74 ./src/sub-systemCode/Main/CMD/ADCS_CMD.o
                0x20012bdc                AdcsCmdQueueAdd
 .text.AdcsCmdQueueIsEmpty
                0x20012c50       0x3c ./src/sub-systemCode/Main/CMD/ADCS_CMD.o
                0x20012c50                AdcsCmdQueueIsEmpty
 .text.getAdcsQueueWaitPointer
                0x20012c8c       0x20 ./src/sub-systemCode/Main/CMD/ADCS_CMD.o
                0x20012c8c                getAdcsQueueWaitPointer
 .text.cmd_mute
                0x20012cac       0xc4 ./src/sub-systemCode/Main/CMD/COMM_CMD.o
                0x20012cac                cmd_mute
 .text.cmd_unmute
                0x20012d70       0x4c ./src/sub-systemCode/Main/CMD/COMM_CMD.o
                0x20012d70                cmd_unmute
 .text.cmd_active_trans
                0x20012dbc       0xc0 ./src/sub-systemCode/Main/CMD/COMM_CMD.o
                0x20012dbc                cmd_active_trans
 .text.cmd_shut_trans
                0x20012e7c       0x38 ./src/sub-systemCode/Main/CMD/COMM_CMD.o
                0x20012e7c                cmd_shut_trans
 .text.cmd_change_trans_rssi
                0x20012eb4      0x100 ./src/sub-systemCode/Main/CMD/COMM_CMD.o
                0x20012eb4                cmd_change_trans_rssi
 .text.cmd_aprs_dump
                0x20012fb4       0x50 ./src/sub-systemCode/Main/CMD/COMM_CMD.o
                0x20012fb4                cmd_aprs_dump
 .text.cmd_stop_dump
                0x20013004       0x38 ./src/sub-systemCode/Main/CMD/COMM_CMD.o
                0x20013004                cmd_stop_dump
 .text.cmd_time_frequency
                0x2001303c       0xc0 ./src/sub-systemCode/Main/CMD/COMM_CMD.o
                0x2001303c                cmd_time_frequency
 .text.cmd_change_def_bit_rate
                0x200130fc      0x158 ./src/sub-systemCode/Main/CMD/COMM_CMD.o
                0x200130fc                cmd_change_def_bit_rate
 .text.cmd_upload_volt_logic
                0x20013254      0x334 ./src/sub-systemCode/Main/CMD/EPS_CMD.o
                0x20013254                cmd_upload_volt_logic
 .text.cmd_upload_volt_COMM
                0x20013588      0x1c8 ./src/sub-systemCode/Main/CMD/EPS_CMD.o
                0x20013588                cmd_upload_volt_COMM
 .text.cmd_heater_temp
                0x20013750       0xc0 ./src/sub-systemCode/Main/CMD/EPS_CMD.o
                0x20013750                cmd_heater_temp
 .text.cmd_SHUT_CAM
                0x20013810       0x6c ./src/sub-systemCode/Main/CMD/EPS_CMD.o
                0x20013810                cmd_SHUT_CAM
 .text.cmd_SHUT_ADCS
                0x2001387c       0x6c ./src/sub-systemCode/Main/CMD/EPS_CMD.o
                0x2001387c                cmd_SHUT_ADCS
 .text.cmd_allow_CAM
                0x200138e8       0x6c ./src/sub-systemCode/Main/CMD/EPS_CMD.o
                0x200138e8                cmd_allow_CAM
 .text.cmd_allow_ADCS
                0x20013954       0x6c ./src/sub-systemCode/Main/CMD/EPS_CMD.o
                0x20013954                cmd_allow_ADCS
 .text.cmd_update_alpha
                0x200139c0       0xfc ./src/sub-systemCode/Main/CMD/EPS_CMD.o
                0x200139c0                cmd_update_alpha
 .text.cmd_generic_I2C
                0x20013abc       0xb4 ./src/sub-systemCode/Main/CMD/General_CMD.o
                0x20013abc                cmd_generic_I2C
 .text.cmd_dump
                0x20013b70       0xf0 ./src/sub-systemCode/Main/CMD/General_CMD.o
                0x20013b70                cmd_dump
 .text.cmd_delete_TM
                0x20013c60      0x230 ./src/sub-systemCode/Main/CMD/General_CMD.o
                0x20013c60                cmd_delete_TM
 .text.cmd_reset_file
                0x20013e90      0x118 ./src/sub-systemCode/Main/CMD/General_CMD.o
                0x20013e90                cmd_reset_file
 .text.cmd_dummy_func
                0x20013fa8       0x40 ./src/sub-systemCode/Main/CMD/General_CMD.o
                0x20013fa8                cmd_dummy_func
 .text.cmd_reset_TLM_SD
                0x20013fe8       0x4c ./src/sub-systemCode/Main/CMD/General_CMD.o
                0x20013fe8                cmd_reset_TLM_SD
 .text.cmd_soft_reset_cmponent
                0x20014034       0xac ./src/sub-systemCode/Main/CMD/General_CMD.o
                0x20014034                cmd_soft_reset_cmponent
 .text.cmd_hard_reset_cmponent
                0x200140e0       0xac ./src/sub-systemCode/Main/CMD/General_CMD.o
                0x200140e0                cmd_hard_reset_cmponent
 .text.cmd_reset_satellite
                0x2001418c       0x78 ./src/sub-systemCode/Main/CMD/General_CMD.o
                0x2001418c                cmd_reset_satellite
 .text.cmd_gracefull_reset_satellite
                0x20014204       0x78 ./src/sub-systemCode/Main/CMD/General_CMD.o
                0x20014204                cmd_gracefull_reset_satellite
 .text.cmd_upload_time
                0x2001427c       0xb0 ./src/sub-systemCode/Main/CMD/General_CMD.o
                0x2001427c                cmd_upload_time
 .text.cmd_ARM_DIARM
                0x2001432c       0xd4 ./src/sub-systemCode/Main/CMD/General_CMD.o
                0x2001432c                cmd_ARM_DIARM
 .text.cmd_get_onlineTM
                0x20014400      0x148 ./src/sub-systemCode/Main/CMD/General_CMD.o
                0x20014400                cmd_get_onlineTM
 .text.cmd_reset_off_line
                0x20014548       0x68 ./src/sub-systemCode/Main/CMD/General_CMD.o
                0x20014548                cmd_reset_off_line
 .text.cmd_add_item_off_line
                0x200145b0       0xf4 ./src/sub-systemCode/Main/CMD/General_CMD.o
                0x200145b0                cmd_add_item_off_line
 .text.cmd_delete_item_off_line
                0x200146a4       0x98 ./src/sub-systemCode/Main/CMD/General_CMD.o
                0x200146a4                cmd_delete_item_off_line
 .text.cmd_get_off_line_setting
                0x2001473c      0x108 ./src/sub-systemCode/Main/CMD/General_CMD.o
                0x2001473c                cmd_get_off_line_setting
 .text.cmd_reset_delayed_command_list
                0x20014844       0x3c ./src/sub-systemCode/Main/CMD/SW_CMD.o
                0x20014844                cmd_reset_delayed_command_list
 .text.cmd_reset_APRS_list
                0x20014880       0x3c ./src/sub-systemCode/Main/CMD/SW_CMD.o
                0x20014880                cmd_reset_APRS_list
 .text.cmd_reset_FRAM
                0x200148bc       0xe8 ./src/sub-systemCode/Main/CMD/SW_CMD.o
                0x200148bc                cmd_reset_FRAM
 .text.ARM_ants
                0x200149a4       0xb8 ./src/sub-systemCode/Main/Ants.o
                0x200149a4                ARM_ants
 .text.DISARM_ants
                0x20014a5c       0xb8 ./src/sub-systemCode/Main/Ants.o
                0x20014a5c                DISARM_ants
 .text.round_vol
                0x20014b14      0x124 ./src/sub-systemCode/Main/EPS.o
                0x20014b14                round_vol
 .text.get_shut_ADCS
                0x20014c38       0x48 ./src/sub-systemCode/Main/EPS.o
                0x20014c38                get_shut_ADCS
 .text.shut_ADCS
                0x20014c80       0x44 ./src/sub-systemCode/Main/EPS.o
                0x20014c80                shut_ADCS
 .text.get_shut_CAM
                0x20014cc4       0x48 ./src/sub-systemCode/Main/EPS.o
                0x20014cc4                get_shut_CAM
 .text.shut_CAM
                0x20014d0c       0x44 ./src/sub-systemCode/Main/EPS.o
                0x20014d0c                shut_CAM
 .text.update_powerLines
                0x20014d50       0xec ./src/sub-systemCode/Main/EPS.o
                0x20014d50                update_powerLines
 .text.get_EPS_mode_t
                0x20014e3c       0x24 ./src/sub-systemCode/Main/EPS.o
                0x20014e3c                get_EPS_mode_t
 .text.init_enterMode
                0x20014e60       0x88 ./src/sub-systemCode/Main/EPS.o
                0x20014e60                init_enterMode
 .text.EPS_Init
                0x20014ee8      0x1bc ./src/sub-systemCode/Main/EPS.o
                0x20014ee8                EPS_Init
 .text.reset_FRAM_EPS
                0x200150a4       0xe0 ./src/sub-systemCode/Main/EPS.o
                0x200150a4                reset_FRAM_EPS
 .text.reset_EPS_voltages
                0x20015184       0xbc ./src/sub-systemCode/Main/EPS.o
                0x20015184                reset_EPS_voltages
 .text.battery_downward
                0x20015240      0x108 ./src/sub-systemCode/Main/EPS.o
                0x20015240                battery_downward
 .text.battery_upward
                0x20015348      0x114 ./src/sub-systemCode/Main/EPS.o
                0x20015348                battery_upward
 .text.EPS_Conditioning
                0x2001545c      0x230 ./src/sub-systemCode/Main/EPS.o
                0x2001545c                EPS_Conditioning
 .text.overRide_ADCS
                0x2001568c       0x50 ./src/sub-systemCode/Main/EPS.o
                0x2001568c                overRide_ADCS
 .text.overRide_Camera
                0x200156dc       0x38 ./src/sub-systemCode/Main/EPS.o
                0x200156dc                overRide_Camera
 .text.EnterFullMode
                0x20015714       0xfc ./src/sub-systemCode/Main/EPS.o
                0x20015714                EnterFullMode
 .text.EnterCruiseMode
                0x20015810       0xec ./src/sub-systemCode/Main/EPS.o
                0x20015810                EnterCruiseMode
 .text.EnterSafeMode
                0x200158fc       0xec ./src/sub-systemCode/Main/EPS.o
                0x200158fc                EnterSafeMode
 .text.EnterCriticalMode
                0x200159e8       0xd8 ./src/sub-systemCode/Main/EPS.o
                0x200159e8                EnterCriticalMode
 .text.check_EPSTableCorrection
                0x20015ac0      0x120 ./src/sub-systemCode/Main/EPS.o
                0x20015ac0                check_EPSTableCorrection
 .text.save_ACK
                0x20015be0      0x11c ./src/sub-systemCode/Main/HouseKeeping.o
                0x20015be0                save_ACK
 .text.set_GP_EPS
                0x20015cfc      0x10c ./src/sub-systemCode/Main/HouseKeeping.o
                0x20015cfc                set_GP_EPS
 .text.set_GP_COMM
                0x20015e08       0x88 ./src/sub-systemCode/Main/HouseKeeping.o
                0x20015e08                set_GP_COMM
 .text.SP_HK_collect
                0x20015e90      0x198 ./src/sub-systemCode/Main/HouseKeeping.o
                0x20015e90                SP_HK_collect
 .text.EPS_HK_collect
                0x20016028      0x50c ./src/sub-systemCode/Main/HouseKeeping.o
                0x20016028                EPS_HK_collect
 .text.CAM_HK_collect
                0x20016534      0x91c ./src/sub-systemCode/Main/HouseKeeping.o
                0x20016534                CAM_HK_collect
 .text.COMM_HK_collect
                0x20016e50      0x20c ./src/sub-systemCode/Main/HouseKeeping.o
                0x20016e50                COMM_HK_collect
 .text.FS_HK_collect
                0x2001705c      0x18c ./src/sub-systemCode/Main/HouseKeeping.o
                0x2001705c                FS_HK_collect
 .text.HK_find_ADCSTM_fileName
                0x200171e8      0x3a4 ./src/sub-systemCode/Main/HouseKeeping.o
                0x200171e8                HK_find_ADCSTM_fileName
 .text.HK_find_fileName
                0x2001758c       0xfc ./src/sub-systemCode/Main/HouseKeeping.o
                0x2001758c                HK_find_fileName
 .text.HK_find_ADCSTM_ElementSize
                0x20017688      0x110 ./src/sub-systemCode/Main/HouseKeeping.o
                0x20017688                HK_find_ADCSTM_ElementSize
 .text.HK_findElementSize
                0x20017798       0xac ./src/sub-systemCode/Main/HouseKeeping.o
                0x20017798                HK_findElementSize
 .text.build_HK_spl_packet
                0x20017844      0x150 ./src/sub-systemCode/Main/HouseKeeping.o
                0x20017844                build_HK_spl_packet
 .text.numberOfRestarts
                0x20017994       0x94 ./src/sub-systemCode/Main/Main_Init.o
                0x20017994                numberOfRestarts
 .text.StartFRAM
                0x20017a28       0x38 ./src/sub-systemCode/Main/Main_Init.o
                0x20017a28                StartFRAM
 .text.StartI2C
                0x20017a60       0x44 ./src/sub-systemCode/Main/Main_Init.o
                0x20017a60                StartI2C
 .text.StartSPI
                0x20017aa4       0x40 ./src/sub-systemCode/Main/Main_Init.o
                0x20017aa4                StartSPI
 .text.StartTIME
                0x20017ae4      0x118 ./src/sub-systemCode/Main/Main_Init.o
                0x20017ae4                StartTIME
 .text.first_activation
                0x20017bfc       0x7c ./src/sub-systemCode/Main/Main_Init.o
                0x20017bfc                first_activation
 .text.InitSubsystems
                0x20017c78       0x60 ./src/sub-systemCode/Main/Main_Init.o
                0x20017c78                InitSubsystems
 .text.CommissionAdcsMode
                0x20017cd8      0x2ec ./src/sub-systemCode/Main/Main_Init.o
                0x20017cd8                CommissionAdcsMode
 .text.TestAdcsCommissioningTask
                0x20017fc4      0x25c ./src/sub-systemCode/Main/Main_Init.o
                0x20017fc4                TestAdcsCommissioningTask
 .text.SubSystemTaskStart
                0x20018220      0x138 ./src/sub-systemCode/Main/Main_Init.o
                0x20018220                SubSystemTaskStart
 .text.save_ACK_s
                0x20018358       0x5c ./src/sub-systemCode/Main/commands.o
                0x20018358                save_ACK_s
 .text.copy_command
                0x200183b4       0x80 ./src/sub-systemCode/Main/commands.o
                0x200183b4                copy_command
 .text.reset_command
                0x20018434       0x28 ./src/sub-systemCode/Main/commands.o
                0x20018434                reset_command
 .text.init_command
                0x2001845c       0xd4 ./src/sub-systemCode/Main/commands.o
                0x2001845c                init_command
 .text.add_command
                0x20018530      0x118 ./src/sub-systemCode/Main/commands.o
                0x20018530                add_command
 .text.get_command
                0x20018648      0x1ac ./src/sub-systemCode/Main/commands.o
                0x20018648                get_command
 .text.act_upon_command
                0x200187f4      0x1e4 ./src/sub-systemCode/Main/commands.o
                0x200187f4                act_upon_command
 .text.cmd_error
                0x200189d8       0x38 ./src/sub-systemCode/Main/commands.o
                0x200189d8                cmd_error
 .text.AUC_COMM
                0x20018a10      0x25c ./src/sub-systemCode/Main/commands.o
                0x20018a10                AUC_COMM
 .text.AUC_general
                0x20018c6c      0x48c ./src/sub-systemCode/Main/commands.o
                0x20018c6c                AUC_general
 .text.AUC_payload
                0x200190f8      0x1e8 ./src/sub-systemCode/Main/commands.o
                0x200190f8                AUC_payload
 .text.AUC_EPS  0x200192e0      0x28c ./src/sub-systemCode/Main/commands.o
                0x200192e0                AUC_EPS
 .text.AUC_SW   0x2001956c       0xe4 ./src/sub-systemCode/Main/commands.o
                0x2001956c                AUC_SW
 .text.AUC_onlineTM
                0x20019650      0x1ac ./src/sub-systemCode/Main/commands.o
                0x20019650                AUC_onlineTM
 .text.AUC_special_operation
                0x200197fc       0x8c ./src/sub-systemCode/Main/commands.o
                0x200197fc                AUC_special_operation
 .text.check_int
                0x20019888       0x20 ./src/sub-systemCode/Global/Global.o
                0x20019888                check_int
 .text.check_portBASE_TYPE
                0x200198a8       0x20 ./src/sub-systemCode/Global/Global.o
                0x200198a8                check_portBASE_TYPE
 .text.soft_reset_subsystem
                0x200198c8       0xd8 ./src/sub-systemCode/Global/Global.o
                0x200198c8                soft_reset_subsystem
 .text.hard_reset_subsystem
                0x200199a0      0x104 ./src/sub-systemCode/Global/Global.o
                0x200199a0                hard_reset_subsystem
 .text.BigEnE_raw_to_uInt
                0x20019aa4       0x94 ./src/sub-systemCode/Global/Global.o
                0x20019aa4                BigEnE_raw_to_uInt
 .text.BigEnE_raw_to_uShort
                0x20019b38       0x50 ./src/sub-systemCode/Global/Global.o
                0x20019b38                BigEnE_raw_to_uShort
 .text.BigEnE_uInt_to_raw
                0x20019b88       0x78 ./src/sub-systemCode/Global/Global.o
                0x20019b88                BigEnE_uInt_to_raw
 .text.reset_FRAM_MAIN
                0x20019c00      0x19c ./src/sub-systemCode/Global/Global.o
                0x20019c00                reset_FRAM_MAIN
 .text.getBitValueByIndex
                0x20019d9c       0xd0 ./src/sub-systemCode/Global/Global.o
                0x20019d9c                getBitValueByIndex
 .text.terminateTask
                0x20019e6c       0x18 ./src/sub-systemCode/Global/Global.o
                0x20019e6c                terminateTask
 .text.init_GP  0x20019e84      0x2e0 ./src/sub-systemCode/Global/GlobalParam.o
                0x20019e84                init_GP
 .text.get_system_state
                0x2001a164      0x254 ./src/sub-systemCode/Global/GlobalParam.o
                0x2001a164                get_system_state
 .text.set_system_state
                0x2001a3b8      0x284 ./src/sub-systemCode/Global/GlobalParam.o
                0x2001a3b8                set_system_state
 .text.get_systems_state_param
                0x2001a63c       0x78 ./src/sub-systemCode/Global/GlobalParam.o
                0x2001a63c                get_systems_state_param
 .text.get_current_global_param
                0x2001a6b4      0x548 ./src/sub-systemCode/Global/GlobalParam.o
                0x2001a6b4                get_current_global_param
 .text.set_Vbatt
                0x2001abfc       0x78 ./src/sub-systemCode/Global/GlobalParam.o
                0x2001abfc                set_Vbatt
 .text.get_Vbatt
                0x2001ac74       0x78 ./src/sub-systemCode/Global/GlobalParam.o
                0x2001ac74                get_Vbatt
 .text.set_curBat
                0x2001acec       0x78 ./src/sub-systemCode/Global/GlobalParam.o
                0x2001acec                set_curBat
 .text.set_cur3V3
                0x2001ad64       0x78 ./src/sub-systemCode/Global/GlobalParam.o
                0x2001ad64                set_cur3V3
 .text.set_cur5V
                0x2001addc       0x78 ./src/sub-systemCode/Global/GlobalParam.o
                0x2001addc                set_cur5V
 .text.set_tempComm_LO
                0x2001ae54       0x78 ./src/sub-systemCode/Global/GlobalParam.o
                0x2001ae54                set_tempComm_LO
 .text.set_tempComm_PA
                0x2001aecc       0x78 ./src/sub-systemCode/Global/GlobalParam.o
                0x2001aecc                set_tempComm_PA
 .text.set_tempEPS
                0x2001af44       0xb4 ./src/sub-systemCode/Global/GlobalParam.o
                0x2001af44                set_tempEPS
 .text.set_tempBatt
                0x2001aff8       0xb4 ./src/sub-systemCode/Global/GlobalParam.o
                0x2001aff8                set_tempBatt
 .text.set_RxDoppler
                0x2001b0ac       0x78 ./src/sub-systemCode/Global/GlobalParam.o
                0x2001b0ac                set_RxDoppler
 .text.set_RxRSSI
                0x2001b124       0x78 ./src/sub-systemCode/Global/GlobalParam.o
                0x2001b124                set_RxRSSI
 .text.set_TxRefl
                0x2001b19c       0x78 ./src/sub-systemCode/Global/GlobalParam.o
                0x2001b19c                set_TxRefl
 .text.set_TxForw
                0x2001b214       0x78 ./src/sub-systemCode/Global/GlobalParam.o
                0x2001b214                set_TxForw
 .text.get_Attitude
                0x2001b28c      0x10c ./src/sub-systemCode/Global/GlobalParam.o
                0x2001b28c                get_Attitude
 .text.set_numOfAPRS
                0x2001b398       0x78 ./src/sub-systemCode/Global/GlobalParam.o
                0x2001b398                set_numOfAPRS
 .text.set_numOfDelayedCommand
                0x2001b410       0x78 ./src/sub-systemCode/Global/GlobalParam.o
                0x2001b410                set_numOfDelayedCommand
 .text.set_numOfResets
                0x2001b488       0x98 ./src/sub-systemCode/Global/GlobalParam.o
                0x2001b488                set_numOfResets
 .text.set_ground_conn
                0x2001b520       0x8c ./src/sub-systemCode/Global/GlobalParam.o
                0x2001b520                set_ground_conn
 .text.get_ground_conn
                0x2001b5ac       0x8c ./src/sub-systemCode/Global/GlobalParam.o
                0x2001b5ac                get_ground_conn
 .text.IsisAntS_getStatusData_sideA
                0x2001b638       0x3c ./src/sub-systemCode/Global/OnlineTM.o
                0x2001b638                IsisAntS_getStatusData_sideA
 .text.IsisAntS_getAlltelemetry_sideA
                0x2001b674       0x3c ./src/sub-systemCode/Global/OnlineTM.o
                0x2001b674                IsisAntS_getAlltelemetry_sideA
 .text.IsisAntS_getTemperature_sideA
                0x2001b6b0       0x3c ./src/sub-systemCode/Global/OnlineTM.o
                0x2001b6b0                IsisAntS_getTemperature_sideA
 .text.IsisAntS_getStatusData_sideB
                0x2001b6ec       0x3c ./src/sub-systemCode/Global/OnlineTM.o
                0x2001b6ec                IsisAntS_getStatusData_sideB
 .text.IsisAntS_getAlltelemetry_sideB
                0x2001b728       0x3c ./src/sub-systemCode/Global/OnlineTM.o
                0x2001b728                IsisAntS_getAlltelemetry_sideB
 .text.IsisAntS_getTemperature_sideB
                0x2001b764       0x3c ./src/sub-systemCode/Global/OnlineTM.o
                0x2001b764                IsisAntS_getTemperature_sideB
 .text.HK_collect_EPS
                0x2001b7a0       0x30 ./src/sub-systemCode/Global/OnlineTM.o
                0x2001b7a0                HK_collect_EPS
 .text.HK_collect_COMM
                0x2001b7d0       0x30 ./src/sub-systemCode/Global/OnlineTM.o
                0x2001b7d0                HK_collect_COMM
 .text.HK_collect_CAM
                0x2001b800       0x30 ./src/sub-systemCode/Global/OnlineTM.o
                0x2001b800                HK_collect_CAM
 .text.HK_collect_SP
                0x2001b830       0x30 ./src/sub-systemCode/Global/OnlineTM.o
                0x2001b830                HK_collect_SP
 .text.HK_collect_FS_A
                0x2001b860       0x34 ./src/sub-systemCode/Global/OnlineTM.o
                0x2001b860                HK_collect_FS_A
 .text.HK_collect_FS_B
                0x2001b894       0x34 ./src/sub-systemCode/Global/OnlineTM.o
                0x2001b894                HK_collect_FS_B
 .text.save_offlineSetting_FRAM
                0x2001b8c8      0x26c ./src/sub-systemCode/Global/OnlineTM.o
                0x2001b8c8                save_offlineSetting_FRAM
 .text.get_offlineSetting_FRAM
                0x2001bb34       0x58 ./src/sub-systemCode/Global/OnlineTM.o
                0x2001bb34                get_offlineSetting_FRAM
 .text.update_offlineSetting_FRAM
                0x2001bb8c      0x360 ./src/sub-systemCode/Global/OnlineTM.o
                0x2001bb8c                update_offlineSetting_FRAM
 .text.get_offlineSettingPacket
                0x2001beec       0xc4 ./src/sub-systemCode/Global/OnlineTM.o
                0x2001beec                get_offlineSettingPacket
 .text.get_item_by_index
                0x2001bfb0       0xdc ./src/sub-systemCode/Global/OnlineTM.o
                0x2001bfb0                get_item_by_index
 .text.get_pointer_item_by_index
                0x2001c08c       0x48 ./src/sub-systemCode/Global/OnlineTM.o
                0x2001c08c                get_pointer_item_by_index
 .text.init_onlineParam
                0x2001c0d4     0x2f10 ./src/sub-systemCode/Global/OnlineTM.o
                0x2001c0d4                init_onlineParam
 .text.reset_offline_TM_list
                0x2001efe4      0x194 ./src/sub-systemCode/Global/OnlineTM.o
                0x2001efe4                reset_offline_TM_list
 .text.get_online_packet
                0x2001f178      0x25c ./src/sub-systemCode/Global/OnlineTM.o
                0x2001f178                get_online_packet
 .text.save_onlineTM_param
                0x2001f3d4      0x1b4 ./src/sub-systemCode/Global/OnlineTM.o
                0x2001f3d4                save_onlineTM_param
 .text.add_onlineTM_param_to_save_list
                0x2001f588      0x3d8 ./src/sub-systemCode/Global/OnlineTM.o
                0x2001f588                add_onlineTM_param_to_save_list
 .text.delete_onlineTM_param_from_offline
                0x2001f960      0x1a8 ./src/sub-systemCode/Global/OnlineTM.o
                0x2001f960                delete_onlineTM_param_from_offline
 .text.save_onlineTM_logic
                0x2001fb08      0x26c ./src/sub-systemCode/Global/OnlineTM.o
                0x2001fb08                save_onlineTM_logic
 .text.save_onlineTM_task
                0x2001fd74       0xd8 ./src/sub-systemCode/Global/OnlineTM.o
                0x2001fd74                save_onlineTM_task
 .text.delete_allTMFilesFromSD
                0x2001fe4c      0x14c ./src/sub-systemCode/Global/TLM_management.o
                0x2001fe4c                delete_allTMFilesFromSD
 .text.getNumOfFilesInFS
                0x2001ff98       0x44 ./src/sub-systemCode/Global/TLM_management.o
 .text.setNumOfFilesInFS
                0x2001ffdc       0x50 ./src/sub-systemCode/Global/TLM_management.o
 .text.f_managed_enterFS
                0x2002002c       0x9c ./src/sub-systemCode/Global/TLM_management.o
                0x2002002c                f_managed_enterFS
 .text.f_managed_releaseFS
                0x200200c8       0x4c ./src/sub-systemCode/Global/TLM_management.o
                0x200200c8                f_managed_releaseFS
 .text.f_managed_open
                0x20020114       0xf0 ./src/sub-systemCode/Global/TLM_management.o
                0x20020114                f_managed_open
 .text.f_managed_close
                0x20020204       0x80 ./src/sub-systemCode/Global/TLM_management.o
                0x20020204                f_managed_close
 .text.createSemahores_FS
                0x20020284       0x7c ./src/sub-systemCode/Global/TLM_management.o
                0x20020284                createSemahores_FS
 .text.InitializeFS
                0x20020300      0x1a8 ./src/sub-systemCode/Global/TLM_management.o
                0x20020300                InitializeFS
 .text.c_fileCreate
                0x200204a8       0xf4 ./src/sub-systemCode/Global/TLM_management.o
                0x200204a8                c_fileCreate
 .text.writewithEpochtime
                0x2002059c       0x94 ./src/sub-systemCode/Global/TLM_management.o
 .text.get_C_FILE_struct
                0x20020630      0x104 ./src/sub-systemCode/Global/TLM_management.o
 .text.getFileIndex
                0x20020734       0x64 ./src/sub-systemCode/Global/TLM_management.o
 .text.get_file_name_by_index
                0x20020798       0x54 ./src/sub-systemCode/Global/TLM_management.o
                0x20020798                get_file_name_by_index
 .text.c_fileReset
                0x200207ec      0x140 ./src/sub-systemCode/Global/TLM_management.o
                0x200207ec                c_fileReset
 .text.c_fileWrite
                0x2002092c      0x168 ./src/sub-systemCode/Global/TLM_management.o
                0x2002092c                c_fileWrite
 .text.deleteElementsFromFile
                0x20020a94      0x188 ./src/sub-systemCode/Global/TLM_management.o
 .text.c_fileDeleteElements
                0x20020c1c      0x168 ./src/sub-systemCode/Global/TLM_management.o
                0x20020c1c                c_fileDeleteElements
 .text.c_fileRead
                0x20020d84      0x2c8 ./src/sub-systemCode/Global/TLM_management.o
                0x20020d84                c_fileRead
 .text.xSemaphoreGive_extended
                0x2002104c       0x48 ./src/sub-systemCode/Global/freertosExtended.o
                0x2002104c                xSemaphoreGive_extended
 .text.xSemaphoreTake_extended
                0x20021094       0x54 ./src/sub-systemCode/Global/freertosExtended.o
                0x20021094                xSemaphoreTake_extended
 .text.WriteLog
                0x200210e8       0x94 ./src/sub-systemCode/Global/logger.o
                0x200210e8                WriteLog
 .text.WritePayloadLog
                0x2002117c       0x54 ./src/sub-systemCode/Global/logger.o
                0x2002117c                WritePayloadLog
 .text.reset_APRS_list
                0x200211d0       0xa4 ./src/sub-systemCode/COMM/APRS.o
                0x200211d0                reset_APRS_list
 .text.send_APRS_Dump
                0x20021274      0x1c0 ./src/sub-systemCode/COMM/APRS.o
                0x20021274                send_APRS_Dump
 .text.get_APRS_list
                0x20021434       0x88 ./src/sub-systemCode/COMM/APRS.o
                0x20021434                get_APRS_list
 .text.find_CMD_in_list
                0x200214bc       0x7c ./src/sub-systemCode/COMM/DelayedCommand_list.o
                0x200214bc                find_CMD_in_list
 .text.find_empty_in_list
                0x20021538       0x74 ./src/sub-systemCode/COMM/DelayedCommand_list.o
                0x20021538                find_empty_in_list
 .text.check_delayCommandTime
                0x200215ac       0x8c ./src/sub-systemCode/COMM/DelayedCommand_list.o
                0x200215ac                check_delayCommandTime
 .text.execute_delayedCommand
                0x20021638       0x8c ./src/sub-systemCode/COMM/DelayedCommand_list.o
                0x20021638                execute_delayedCommand
 .text.check_delaycommand
                0x200216c4      0x17c ./src/sub-systemCode/COMM/DelayedCommand_list.o
                0x200216c4                check_delaycommand
 .text.reset_delayCommand
                0x20021840       0x8c ./src/sub-systemCode/COMM/DelayedCommand_list.o
                0x20021840                reset_delayCommand
 .text.add_delayCommand
                0x200218cc      0x1cc ./src/sub-systemCode/COMM/DelayedCommand_list.o
                0x200218cc                add_delayCommand
 .text.get_delayCommand_list
                0x20021a98       0x80 ./src/sub-systemCode/COMM/DelayedCommand_list.o
                0x20021a98                get_delayCommand_list
 .text.EmptyOldestCommand
                0x20021b18      0x108 ./src/sub-systemCode/COMM/DelayedCommand_list.o
                0x20021b18                EmptyOldestCommand
 .text.decode_TCpacket
                0x20021c20      0x16c ./src/sub-systemCode/COMM/GSC.o
                0x20021c20                decode_TCpacket
 .text.encode_TCpacket
                0x20021d8c      0x114 ./src/sub-systemCode/COMM/GSC.o
                0x20021d8c                encode_TCpacket
 .text.encode_TMpacket
                0x20021ea0      0x104 ./src/sub-systemCode/COMM/GSC.o
                0x20021ea0                encode_TMpacket
 .text.build_raw_ACK
                0x20021fa4       0xbc ./src/sub-systemCode/COMM/GSC.o
                0x20021fa4                build_raw_ACK
 .text.build_data_field_ACK
                0x20022060       0x74 ./src/sub-systemCode/COMM/GSC.o
                0x20022060                build_data_field_ACK
 .text.update_FRAM_bitRate
                0x200220d4       0xd0 ./src/sub-systemCode/COMM/TRXVU.o
                0x200220d4                update_FRAM_bitRate
 .text.toggle_idle_state
                0x200221a4       0x94 ./src/sub-systemCode/COMM/TRXVU.o
                0x200221a4                toggle_idle_state
 .text.TRXVU_init_hardWare
                0x20022238       0xac ./src/sub-systemCode/COMM/TRXVU.o
                0x20022238                TRXVU_init_hardWare
 .text.TRXVU_init_softWare
                0x200222e4      0x100 ./src/sub-systemCode/COMM/TRXVU.o
                0x200222e4                TRXVU_init_softWare
 .text.init_trxvu
                0x200223e4       0x14 ./src/sub-systemCode/COMM/TRXVU.o
                0x200223e4                init_trxvu
 .text.TRXVU_task
                0x200223f8       0x9c ./src/sub-systemCode/COMM/TRXVU.o
                0x200223f8                TRXVU_task
 .text.dump_logic
                0x20022494      0x334 ./src/sub-systemCode/COMM/TRXVU.o
                0x20022494                dump_logic
 .text.Dump_task
                0x200227c8      0x17c ./src/sub-systemCode/COMM/TRXVU.o
                0x200227c8                Dump_task
 .text.transponder_logic
                0x20022944       0xbc ./src/sub-systemCode/COMM/TRXVU.o
                0x20022944                transponder_logic
 .text.Transponder_task
                0x20022a00      0x224 ./src/sub-systemCode/COMM/TRXVU.o
                0x20022a00                Transponder_task
 .text.lookForRequestToDelete_transponder
                0x20022c24       0xb4 ./src/sub-systemCode/COMM/TRXVU.o
                0x20022c24                lookForRequestToDelete_transponder
 .text.lookForRequestToDelete_dump
                0x20022cd8       0x78 ./src/sub-systemCode/COMM/TRXVU.o
                0x20022cd8                lookForRequestToDelete_dump
 .text.sendRequestToStop_dump
                0x20022d50       0x8c ./src/sub-systemCode/COMM/TRXVU.o
                0x20022d50                sendRequestToStop_dump
 .text.sendRequestToStop_transponder
                0x20022ddc       0x8c ./src/sub-systemCode/COMM/TRXVU.o
                0x20022ddc                sendRequestToStop_transponder
 .text.Rx_logic
                0x20022e68      0x18c ./src/sub-systemCode/COMM/TRXVU.o
                0x20022e68                Rx_logic
 .text.pass_above_Ground
                0x20022ff4      0x104 ./src/sub-systemCode/COMM/TRXVU.o
                0x20022ff4                pass_above_Ground
 .text.check_TRXVUState
                0x200230f8       0xf0 ./src/sub-systemCode/COMM/TRXVU.o
                0x200230f8                check_TRXVUState
 .text.trxvu_logic
                0x200231e8       0x20 ./src/sub-systemCode/COMM/TRXVU.o
                0x200231e8                trxvu_logic
 .text.Beacon_task
                0x20023208      0x170 ./src/sub-systemCode/COMM/TRXVU.o
                0x20023208                Beacon_task
 .text.buildAndSend_beacon
                0x20023378      0x5a0 ./src/sub-systemCode/COMM/TRXVU.o
                0x20023378                buildAndSend_beacon
 .text.reset_FRAM_TRXVU
                0x20023918      0x160 ./src/sub-systemCode/COMM/TRXVU.o
                0x20023918                reset_FRAM_TRXVU
 .text.TRX_sendFrame
                0x20023a78      0x1ac ./src/sub-systemCode/COMM/TRXVU.o
                0x20023a78                TRX_sendFrame
 .text.TRX_getFrameData
                0x20023c24      0x10c ./src/sub-systemCode/COMM/TRXVU.o
                0x20023c24                TRX_getFrameData
 .text.mute_Tx  0x20023d30       0x20 ./src/sub-systemCode/COMM/TRXVU.o
                0x20023d30                mute_Tx
 .text.unmute_Tx
                0x20023d50       0x58 ./src/sub-systemCode/COMM/TRXVU.o
                0x20023d50                unmute_Tx
 .text.check_time_off_mute
                0x20023da8       0x88 ./src/sub-systemCode/COMM/TRXVU.o
                0x20023da8                check_time_off_mute
 .text.set_mute_time
                0x20023e30       0xb4 ./src/sub-systemCode/COMM/TRXVU.o
                0x20023e30                set_mute_time
 .text.change_TRXVU_state
                0x20023ee4       0xe0 ./src/sub-systemCode/COMM/TRXVU.o
                0x20023ee4                change_TRXVU_state
 .text.change_trans_RSSI
                0x20023fc4       0x60 ./src/sub-systemCode/COMM/TRXVU.o
                0x20023fc4                change_trans_RSSI
 .text.AdcsReadI2cAck
                0x20024024       0xfc ./src/sub-systemCode/ADCS/AdcsCommands.o
                0x20024024                AdcsReadI2cAck
 .text.AdcsGenericI2cCmd
                0x20024120      0x198 ./src/sub-systemCode/ADCS/AdcsCommands.o
                0x20024120                AdcsGenericI2cCmd
 .text.SendAdcsTlm
                0x200242b8      0x1b8 ./src/sub-systemCode/ADCS/AdcsCommands.o
                0x200242b8                SendAdcsTlm
 .text.AdcsExecuteCommand
                0x20024470     0x1e48 ./src/sub-systemCode/ADCS/AdcsCommands.o
                0x20024470                AdcsExecuteCommand
 .text.cspaceADCS_getEstimatedAngles
                0x200262b8       0x98 ./src/sub-systemCode/ADCS/AdcsGetDataAndTlm.o
                0x200262b8                cspaceADCS_getEstimatedAngles
 .text.cspaceADCS_getEstimatedAnglesRates
                0x20026350       0x98 ./src/sub-systemCode/ADCS/AdcsGetDataAndTlm.o
                0x20026350                cspaceADCS_getEstimatedAnglesRates
 .text.cspaceADCS_getSatellitePosition
                0x200263e8       0x98 ./src/sub-systemCode/ADCS/AdcsGetDataAndTlm.o
                0x200263e8                cspaceADCS_getSatellitePosition
 .text.InitTlmElements
                0x20026480      0x238 ./src/sub-systemCode/ADCS/AdcsGetDataAndTlm.o
                0x20026480                InitTlmElements
 .text.CreateTlmElementFiles
                0x200266b8      0x178 ./src/sub-systemCode/ADCS/AdcsGetDataAndTlm.o
                0x200266b8                CreateTlmElementFiles
 .text.SaveElementTlmAtIndex
                0x20026830      0x4f4 ./src/sub-systemCode/ADCS/AdcsGetDataAndTlm.o
                0x20026830                SaveElementTlmAtIndex
 .text.UpdateTlmElementAtIndex
                0x20026d24      0x150 ./src/sub-systemCode/ADCS/AdcsGetDataAndTlm.o
                0x20026d24                UpdateTlmElementAtIndex
 .text.UpdateTlmToSaveVector
                0x20026e74       0xc8 ./src/sub-systemCode/ADCS/AdcsGetDataAndTlm.o
                0x20026e74                UpdateTlmToSaveVector
 .text.UpdateTlmPeriodVector
                0x20026f3c      0x120 ./src/sub-systemCode/ADCS/AdcsGetDataAndTlm.o
                0x20026f3c                UpdateTlmPeriodVector
 .text.AdcsGetTlmOverrideFlag
                0x2002705c       0x5c ./src/sub-systemCode/ADCS/AdcsGetDataAndTlm.o
                0x2002705c                AdcsGetTlmOverrideFlag
 .text.AdcsSetTlmOverrideFlag
                0x200270b8       0x9c ./src/sub-systemCode/ADCS/AdcsGetDataAndTlm.o
                0x200270b8                AdcsSetTlmOverrideFlag
 .text.RestoreDefaultTlmElement
                0x20027154      0x1ec ./src/sub-systemCode/ADCS/AdcsGetDataAndTlm.o
                0x20027154                RestoreDefaultTlmElement
 .text.GetTlmElementAtIndex
                0x20027340       0x80 ./src/sub-systemCode/ADCS/AdcsGetDataAndTlm.o
                0x20027340                GetTlmElementAtIndex
 .text.GatherTlmAndData
                0x200273c0       0xec ./src/sub-systemCode/ADCS/AdcsGetDataAndTlm.o
                0x200273c0                GatherTlmAndData
 .text.UpdateAdcsFramParameters
                0x200274ac      0x124 ./src/sub-systemCode/ADCS/AdcsMain.o
                0x200274ac                UpdateAdcsFramParameters
 .text.AdcsInit
                0x200275d0      0x140 ./src/sub-systemCode/ADCS/AdcsMain.o
                0x200275d0                AdcsInit
 .text.AdcsTask
                0x20027710      0x110 ./src/sub-systemCode/ADCS/AdcsMain.o
                0x20027710                AdcsTask
 .text.AdcsTroubleShooting
                0x20027820       0x88 ./src/sub-systemCode/ADCS/AdcsTroubleShooting.o
                0x20027820                AdcsTroubleShooting
 .text.UpdateAdcsStateMachine
                0x200278a8       0x1c ./src/sub-systemCode/ADCS/StateMachine.o
                0x200278a8                UpdateAdcsStateMachine
 .text.save_time
                0x200278c4       0x9c ./src/main.o
                0x200278c4                save_time
 .text.Command_logic
                0x20027960       0x6c ./src/main.o
                0x20027960                Command_logic
 .text.taskMain
                0x200279cc       0x74 ./src/main.o
                0x200279cc                taskMain
 .text.main     0x20027a40       0xc4 ./src/main.o
                0x20027a40                main
 .text.GomEpsInitialize
                0x20027b04      0x148 C:/HOOPOE3/satellite-subsystems/demo/..//satellite-subsystems/lib\libSatelliteSubsystemsD.a(GomEPS.o)
                0x20027b04                GomEpsInitialize
 .text.makeEPStransfer
                0x20027c4c       0x3c C:/HOOPOE3/satellite-subsystems/demo/..//satellite-subsystems/lib\libSatelliteSubsystemsD.a(GomEPS.o)
 .text.GomEpsPing
                0x20027c88       0xf8 C:/HOOPOE3/satellite-subsystems/demo/..//satellite-subsystems/lib\libSatelliteSubsystemsD.a(GomEPS.o)
                0x20027c88                GomEpsPing
 .text.GomEpsSoftReset
                0x20027d80       0xc4 C:/HOOPOE3/satellite-subsystems/demo/..//satellite-subsystems/lib\libSatelliteSubsystemsD.a(GomEPS.o)
                0x20027d80                GomEpsSoftReset
 .text.GomEpsHardReset
                0x20027e44       0xa8 C:/HOOPOE3/satellite-subsystems/demo/..//satellite-subsystems/lib\libSatelliteSubsystemsD.a(GomEPS.o)
                0x20027e44                GomEpsHardReset
 .text.GomEpsGetHkData_param
                0x20027eec      0x29c C:/HOOPOE3/satellite-subsystems/demo/..//satellite-subsystems/lib\libSatelliteSubsystemsD.a(GomEPS.o)
                0x20027eec                GomEpsGetHkData_param
 .text.GomEpsGetHkData_general
                0x20028188      0x45c C:/HOOPOE3/satellite-subsystems/demo/..//satellite-subsystems/lib\libSatelliteSubsystemsD.a(GomEPS.o)
                0x20028188                GomEpsGetHkData_general
 .text.GomEpsGetHkData_vi
                0x200285e4      0x188 C:/HOOPOE3/satellite-subsystems/demo/..//satellite-subsystems/lib\libSatelliteSubsystemsD.a(GomEPS.o)
                0x200285e4                GomEpsGetHkData_vi
 .text.GomEpsGetHkData_out
                0x2002876c      0x21c C:/HOOPOE3/satellite-subsystems/demo/..//satellite-subsystems/lib\libSatelliteSubsystemsD.a(GomEPS.o)
                0x2002876c                GomEpsGetHkData_out
 .text.GomEpsGetHkData_wdt
                0x20028988      0x2b4 C:/HOOPOE3/satellite-subsystems/demo/..//satellite-subsystems/lib\libSatelliteSubsystemsD.a(GomEPS.o)
                0x20028988                GomEpsGetHkData_wdt
 .text.GomEpsGetHkData_basic
                0x20028c3c      0x22c C:/HOOPOE3/satellite-subsystems/demo/..//satellite-subsystems/lib\libSatelliteSubsystemsD.a(GomEPS.o)
                0x20028c3c                GomEpsGetHkData_basic
 .text.GomEpsSetOutput
                0x20028e68       0xbc C:/HOOPOE3/satellite-subsystems/demo/..//satellite-subsystems/lib\libSatelliteSubsystemsD.a(GomEPS.o)
                0x20028e68                GomEpsSetOutput
 .text.GomEpsResetWDT
                0x20028f24       0xc4 C:/HOOPOE3/satellite-subsystems/demo/..//satellite-subsystems/lib\libSatelliteSubsystemsD.a(GomEPS.o)
                0x20028f24                GomEpsResetWDT
 .text.GomEpsConfigGet
                0x20028fe8      0x16c C:/HOOPOE3/satellite-subsystems/demo/..//satellite-subsystems/lib\libSatelliteSubsystemsD.a(GomEPS.o)
                0x20028fe8                GomEpsConfigGet
 .text.GomEpsConfigSet
                0x20029154      0x184 C:/HOOPOE3/satellite-subsystems/demo/..//satellite-subsystems/lib\libSatelliteSubsystemsD.a(GomEPS.o)
                0x20029154                GomEpsConfigSet
 .text.GomEpsConfig2Get
                0x200292d8      0x16c C:/HOOPOE3/satellite-subsystems/demo/..//satellite-subsystems/lib\libSatelliteSubsystemsD.a(GomEPS.o)
                0x200292d8                GomEpsConfig2Get
 .text.makeAntStransfer
                0x20029444       0x4c C:/HOOPOE3/satellite-subsystems/demo/..//satellite-subsystems/lib\libSatelliteSubsystemsD.a(IsisAntS.o)
 .text.checkInputsValid
                0x20029490       0x7c C:/HOOPOE3/satellite-subsystems/demo/..//satellite-subsystems/lib\libSatelliteSubsystemsD.a(IsisAntS.o)
 .text.IsisAntS_setArmStatus
                0x2002950c      0x104 C:/HOOPOE3/satellite-subsystems/demo/..//satellite-subsystems/lib\libSatelliteSubsystemsD.a(IsisAntS.o)
                0x2002950c                IsisAntS_setArmStatus
 .text.IsisAntS_getStatusData
                0x20029610      0x120 C:/HOOPOE3/satellite-subsystems/demo/..//satellite-subsystems/lib\libSatelliteSubsystemsD.a(IsisAntS.o)
                0x20029610                IsisAntS_getStatusData
 .text.IsisAntS_getTemperature
                0x20029730      0x120 C:/HOOPOE3/satellite-subsystems/demo/..//satellite-subsystems/lib\libSatelliteSubsystemsD.a(IsisAntS.o)
                0x20029730                IsisAntS_getTemperature
 .text.IsisAntS_getAlltelemetry
                0x20029850      0x120 C:/HOOPOE3/satellite-subsystems/demo/..//satellite-subsystems/lib\libSatelliteSubsystemsD.a(IsisAntS.o)
                0x20029850                IsisAntS_getAlltelemetry
 .text.IsisAntS_reset
                0x20029970      0x104 C:/HOOPOE3/satellite-subsystems/demo/..//satellite-subsystems/lib\libSatelliteSubsystemsD.a(IsisAntS.o)
                0x20029970                IsisAntS_reset
 .text.IsisSolarPanelv2_initialize
                0x20029a74       0xb4 C:/HOOPOE3/satellite-subsystems/demo/..//satellite-subsystems/lib\libSatelliteSubsystemsD.a(IsisSolarPanelv2.o)
                0x20029a74                IsisSolarPanelv2_initialize
 .text.IsisSolarPanelv2_getTemperature
                0x20029b28       0xc8 C:/HOOPOE3/satellite-subsystems/demo/..//satellite-subsystems/lib\libSatelliteSubsystemsD.a(IsisSolarPanelv2.o)
                0x20029b28                IsisSolarPanelv2_getTemperature
 .text.IsisSolarPanelv2_sleep
                0x20029bf0       0xbc C:/HOOPOE3/satellite-subsystems/demo/..//satellite-subsystems/lib\libSatelliteSubsystemsD.a(IsisSolarPanelv2.o)
                0x20029bf0                IsisSolarPanelv2_sleep
 .text.IsisSolarPanelv2_wakeup
                0x20029cac       0x80 C:/HOOPOE3/satellite-subsystems/demo/..//satellite-subsystems/lib\libSatelliteSubsystemsD.a(IsisSolarPanelv2.o)
                0x20029cac                IsisSolarPanelv2_wakeup
 .text._Reset   0x20029d2c       0x20 C:/HOOPOE3/satellite-subsystems/demo/..//satellite-subsystems/lib\libSatelliteSubsystemsD.a(IsisSolarPanelv2.o)
 .text._WaitForStartup
                0x20029d4c       0x90 C:/HOOPOE3/satellite-subsystems/demo/..//satellite-subsystems/lib\libSatelliteSubsystemsD.a(IsisSolarPanelv2.o)
 .text._AssignAllChannels
                0x20029ddc       0x90 C:/HOOPOE3/satellite-subsystems/demo/..//satellite-subsystems/lib\libSatelliteSubsystemsD.a(IsisSolarPanelv2.o)
 .text._AssignThisChannel
                0x20029e6c       0xe8 C:/HOOPOE3/satellite-subsystems/demo/..//satellite-subsystems/lib\libSatelliteSubsystemsD.a(IsisSolarPanelv2.o)
 .text._InitiateConversion
                0x20029f54       0xac C:/HOOPOE3/satellite-subsystems/demo/..//satellite-subsystems/lib\libSatelliteSubsystemsD.a(IsisSolarPanelv2.o)
 .text._WaitForConversionComplete
                0x2002a000      0x100 C:/HOOPOE3/satellite-subsystems/demo/..//satellite-subsystems/lib\libSatelliteSubsystemsD.a(IsisSolarPanelv2.o)
 .text._ReadResult
                0x2002a100      0x158 C:/HOOPOE3/satellite-subsystems/demo/..//satellite-subsystems/lib\libSatelliteSubsystemsD.a(IsisSolarPanelv2.o)
 .text._ExtractByte
                0x2002a258       0x38 C:/HOOPOE3/satellite-subsystems/demo/..//satellite-subsystems/lib\libSatelliteSubsystemsD.a(IsisSolarPanelv2.o)
 .text._ExtendSign
                0x2002a290       0x6c C:/HOOPOE3/satellite-subsystems/demo/..//satellite-subsystems/lib\libSatelliteSubsystemsD.a(IsisSolarPanelv2.o)
 .text._PinsInit
                0x2002a2fc       0x50 C:/HOOPOE3/satellite-subsystems/demo/..//satellite-subsystems/lib\libSatelliteSubsystemsD.a(IsisSolarPanelv2.o)
 .text._SpiWriteRead