Archive member included because of file (symbol)

c:/isis/application/toolchain/bin/../lib/gcc/arm-none-eabi/4.7.4/../../../../arm-none-eabi/lib\libc_s.a(lib_a-vfprintf_float.o)
                              (_printf_float)
c:/isis/application/toolchain/bin/../lib/gcc/arm-none-eabi/4.7.4/../../../../arm-none-eabi/lib\libc_s.a(lib_a-vfprintf_i.o)
                              c:/isis/application/toolchain/bin/../lib/gcc/arm-none-eabi/4.7.4/../../../../arm-none-eabi/lib\libc_s.a(lib_a-vfprintf_float.o) (_printf_common)
c:/isis/application/toolchain/bin/../lib/gcc/arm-none-eabi/4.7.4/../../../../arm-none-eabi/lib\libc_s.a(lib_a-vfscanf_float.o)
                              (_scanf_float)
c:/isis/application/toolchain/bin/../lib/gcc/arm-none-eabi/4.7.4/../../../../arm-none-eabi/lib\libc_s.a(lib_a-dtoa.o)
                              c:/isis/application/toolchain/bin/../lib/gcc/arm-none-eabi/4.7.4/../../../../arm-none-eabi/lib\libc_s.a(lib_a-vfprintf_float.o) (_dtoa_r)
c:/isis/application/toolchain/bin/../lib/gcc/arm-none-eabi/4.7.4/../../../../arm-none-eabi/lib\libc_s.a(lib_a-locale.o)
                              c:/isis/application/toolchain/bin/../lib/gcc/arm-none-eabi/4.7.4/../../../../arm-none-eabi/lib\libc_s.a(lib_a-vfprintf_float.o) (_localeconv_r)
c:/isis/application/toolchain/bin/../lib/gcc/arm-none-eabi/4.7.4/../../../../arm-none-eabi/lib\libc_s.a(lib_a-malloc.o)
                              c:/isis/application/toolchain/bin/../lib/gcc/arm-none-eabi/4.7.4/../../../../arm-none-eabi/lib\libc_s.a(lib_a-dtoa.o) (malloc)
c:/isis/application/toolchain/bin/../lib/gcc/arm-none-eabi/4.7.4/../../../../arm-none-eabi/lib\libc_s.a(lib_a-mallocr.o)
                              c:/isis/application/toolchain/bin/../lib/gcc/arm-none-eabi/4.7.4/../../../../arm-none-eabi/lib\libc_s.a(lib_a-malloc.o) (_malloc_r)
c:/isis/application/toolchain/bin/../lib/gcc/arm-none-eabi/4.7.4/../../../../arm-none-eabi/lib\libc_s.a(lib_a-memcpy.o)
                              c:/isis/application/toolchain/bin/../lib/gcc/arm-none-eabi/4.7.4/../../../../arm-none-eabi/lib\libc_s.a(lib_a-dtoa.o) (memcpy)
c:/isis/application/toolchain/bin/../lib/gcc/arm-none-eabi/4.7.4/../../../../arm-none-eabi/lib\libc_s.a(lib_a-mprec.o)
                              c:/isis/application/toolchain/bin/../lib/gcc/arm-none-eabi/4.7.4/../../../../arm-none-eabi/lib\libc_s.a(lib_a-dtoa.o) (_Balloc)
c:/isis/application/toolchain/bin/../lib/gcc/arm-none-eabi/4.7.4/../../../../arm-none-eabi/lib\libc_s.a(lib_a-s_fpclassify.o)
                              c:/isis/application/toolchain/bin/../lib/gcc/arm-none-eabi/4.7.4/../../../../arm-none-eabi/lib\libc_s.a(lib_a-vfprintf_float.o) (__fpclassifyd)
c:/isis/application/toolchain/bin/../lib/gcc/arm-none-eabi/4.7.4/../../../../arm-none-eabi/lib\libc_s.a(lib_a-sbrkr.o)
                              c:/isis/application/toolchain/bin/../lib/gcc/arm-none-eabi/4.7.4/../../../../arm-none-eabi/lib\libc_s.a(lib_a-mallocr.o) (_sbrk_r)
c:/isis/application/toolchain/bin/../lib/gcc/arm-none-eabi/4.7.4/../../../../arm-none-eabi/lib\libc_s.a(lib_a-sf_nan.o)
                              c:/isis/application/toolchain/bin/../lib/gcc/arm-none-eabi/4.7.4/../../../../arm-none-eabi/lib\libc_s.a(lib_a-vfscanf_float.o) (nanf)
c:/isis/application/toolchain/bin/../lib/gcc/arm-none-eabi/4.7.4/../../../../arm-none-eabi/lib\libc_s.a(lib_a-sprintf.o)
                              c:/isis/application/toolchain/bin/../lib/gcc/arm-none-eabi/4.7.4/../../../../arm-none-eabi/lib\libc_s.a(lib_a-vfscanf_float.o) (sprintf)
c:/isis/application/toolchain/bin/../lib/gcc/arm-none-eabi/4.7.4/../../../../arm-none-eabi/lib\libc_s.a(lib_a-strcmp.o)
                              c:/isis/application/toolchain/bin/../lib/gcc/arm-none-eabi/4.7.4/../../../../arm-none-eabi/lib\libc_s.a(lib_a-locale.o) (strcmp)
c:/isis/application/toolchain/bin/../lib/gcc/arm-none-eabi/4.7.4/../../../../arm-none-eabi/lib\libc_s.a(lib_a-strlen.o)
                              c:/isis/application/toolchain/bin/../lib/gcc/arm-none-eabi/4.7.4/../../../../arm-none-eabi/lib\libc_s.a(lib_a-vfprintf_float.o) (strlen)
c:/isis/application/toolchain/bin/../lib/gcc/arm-none-eabi/4.7.4/../../../../arm-none-eabi/lib\libc_s.a(lib_a-strtod.o)
                              c:/isis/application/toolchain/bin/../lib/gcc/arm-none-eabi/4.7.4/../../../../arm-none-eabi/lib\libc_s.a(lib_a-vfscanf_float.o) (_strtod_r)
c:/isis/application/toolchain/bin/../lib/gcc/arm-none-eabi/4.7.4/../../../../arm-none-eabi/lib\libc_s.a(lib_a-strtol.o)
                              c:/isis/application/toolchain/bin/../lib/gcc/arm-none-eabi/4.7.4/../../../../arm-none-eabi/lib\libc_s.a(lib_a-vfscanf_float.o) (_strtol_r)
c:/isis/application/toolchain/bin/../lib/gcc/arm-none-eabi/4.7.4/../../../../arm-none-eabi/lib\libc_s.a(lib_a-svfprintf.o)
                              c:/isis/application/toolchain/bin/../lib/gcc/arm-none-eabi/4.7.4/../../../../arm-none-eabi/lib\libc_s.a(lib_a-sprintf.o) (_svfprintf_r)
[...]
Memory Configuration

Name             Origin             Length             Attributes
sram0            0x00200000         0x00004000         w !xr
sram1            0x00300000         0x00004000         w !xr
sdram            0x20000000         0x02000000         w !xr
*default*        0x00000000         0xffffffff

Linker script and memory map

LOAD c:/isis/application/toolchain/bin/../lib/gcc/arm-none-eabi/4.7.4/../../../../arm-none-eabi/lib\libc_s.a
LOAD ./src/sub-systemCode/payload/Request Management/Dump/Butchering.o
LOAD ./src/sub-systemCode/payload/Request Management/Dump/imageDump.o
LOAD ./src/sub-systemCode/payload/Request Management/AutomaticImageHandler.o
LOAD ./src/sub-systemCode/payload/Request Management/CameraManeger.o
LOAD ./src/sub-systemCode/payload/Request Management/DB_RequestHandling.o
LOAD ./src/sub-systemCode/payload/Misc/Boolean_bit.o
LOAD ./src/sub-systemCode/payload/Misc/FileSystem.o
LOAD ./src/sub-systemCode/payload/Drivers/GeckoCameraDriver.o
LOAD ./src/sub-systemCode/payload/DataBase/DataBase.o
LOAD ./src/sub-systemCode/payload/Compression/jpeg/bmp/rawToBMP.o
LOAD ./src/sub-systemCode/payload/Compression/jpeg/DCT.o
LOAD ./src/sub-systemCode/payload/Compression/jpeg/ImgCompressor.o
LOAD ./src/sub-systemCode/payload/Compression/jpeg/color_conv.o
LOAD ./src/sub-systemCode/payload/Compression/jpeg/jpeg.o
LOAD ./src/sub-systemCode/payload/Compression/jpeg/jpeg_encoder.o
LOAD ./src/sub-systemCode/payload/Compression/jpeg/jpeg_memory_alloc.o
LOAD ./src/sub-systemCode/payload/Compression/jpeg/jpeg_params.o
LOAD ./src/sub-systemCode/payload/Compression/jpeg/output_stream.o
LOAD ./src/sub-systemCode/payload/Compression/ImageConversion.o
LOAD ./src/sub-systemCode/Main/CMD/ADCS_CMD.o
LOAD ./src/sub-systemCode/Main/CMD/COMM_CMD.o
LOAD ./src/sub-systemCode/Main/CMD/EPS_CMD.o
LOAD ./src/sub-systemCode/Main/CMD/General_CMD.o
LOAD ./src/sub-systemCode/Main/CMD/SW_CMD.o
LOAD ./src/sub-systemCode/Main/CMD/payload_CMD.o
LOAD ./src/sub-systemCode/Main/Ants.o
LOAD ./src/sub-systemCode/Main/EPS.o
LOAD ./src/sub-systemCode/Main/HouseKeeping.o
LOAD ./src/sub-systemCode/Main/Main_Init.o
LOAD ./src/sub-systemCode/Main/commands.o
LOAD ./src/sub-systemCode/Global/GenericTaskSave.o
LOAD ./src/sub-systemCode/Global/Global.o
LOAD ./src/sub-systemCode/Global/GlobalParam.o
LOAD ./src/sub-systemCode/Global/OnlineTM.o
LOAD ./src/sub-systemCode/Global/TLM_management.o
LOAD ./src/sub-systemCode/Global/freertosExtended.o
LOAD ./src/sub-systemCode/Global/logger.o
LOAD ./src/sub-systemCode/CUF/CUF.o
LOAD ./src/sub-systemCode/CUF/uploadCodeTelemetry.o
LOAD ./src/sub-systemCode/COMM/APRS.o
LOAD ./src/sub-systemCode/COMM/DelayedCommand_list.o
LOAD ./src/sub-systemCode/COMM/GSC.o
LOAD ./src/sub-systemCode/COMM/TRXVU.o
LOAD ./src/sub-systemCode/ADCS/AdcsCommands.o
LOAD ./src/sub-systemCode/ADCS/AdcsGetDataAndTlm.o
LOAD ./src/sub-systemCode/ADCS/AdcsMain.o
LOAD ./src/sub-systemCode/ADCS/AdcsTroubleShooting.o
LOAD ./src/sub-systemCode/ADCS/StateMachine.o
LOAD ./src/main.o
LOAD C:/HOOPOE3/satellite-subsystems/demo/..//satellite-subsystems/lib\libSatelliteSubsystemsD.a
LOAD c:/isis/application/toolchain/bin/../lib/gcc/arm-none-eabi/4.7.4/../../../../arm-none-eabi/lib\libm.a
LOAD C:/HOOPOE3/satellite-subsystems/demo/../..//hal/hcc/lib\libHCCD.a
LOAD C:/HOOPOE3/satellite-subsystems/demo/../..//hal/hal/lib\libHALD.a
LOAD C:/HOOPOE3/satellite-subsystems/demo/../..//hal/freertos/lib\libFreeRTOSD.a
LOAD C:/HOOPOE3/satellite-subsystems/demo/../..//hal/at91/lib\libAt91D.a
START GROUP
LOAD c:/isis/application/toolchain/bin/../lib/gcc/arm-none-eabi/4.7.4\libgcc.a
LOAD c:/isis/application/toolchain/bin/../lib/gcc/arm-none-eabi/4.7.4/../../../../arm-none-eabi/lib\libc_s.a
END GROUP

.fixed          0x20000000     0xd1ac
                0x20000000                . = ALIGN (0x4)
                0x20000000                _sfixed = .
 *(.startup)
 .startup       0x20000000      0x134 C:/HOOPOE3/satellite-subsystems/demo/../..//hal/at91/lib\libAt91D.a(board_cstartup.o)
                0x20000000                entry
 *(.text)
 .text          0x20000134       0x64 C:/HOOPOE3/satellite-subsystems/demo/../..//hal/at91/lib\libAt91D.a(cp15_asm.o)
                0x20000134                _readControlRegister
                0x20000140                _writeControlRegister
                0x20000148                _waitForInterrupt
                0x20000154                _writeTTB
                0x2000015c                _writeDomain
                0x20000164                _writeITLBLockdown
                0x2000016c                _prefetchICacheLine
                0x20000174                _flushDCache
                0x20000180                _flushWriteBuffer
                0x2000018c                _invalidateIDTLBs
 .text          0x20000198      0x114 c:/isis/application/toolchain/bin/../lib/gcc/arm-none-eabi/4.7.4\libgcc.a(_udivsi3.o)
                0x20000198                __aeabi_uidiv
                0x20000198                __udivsi3
                0x2000028c                __aeabi_uidivmod
 .text          0x200002ac      0x148 c:/isis/application/toolchain/bin/../lib/gcc/arm-none-eabi/4.7.4\libgcc.a(_divsi3.o)
                0x200002ac                __divsi3
                0x200002ac                __aeabi_idiv
                0x200003d4                __aeabi_idivmod
 .text          0x200003f4        0x4 c:/isis/application/toolchain/bin/../lib/gcc/arm-none-eabi/4.7.4\libgcc.a(_dvmd_tls.o)
                0x200003f4                __aeabi_idiv0
                0x200003f4                __aeabi_ldiv0
 .text          0x200003f8      0x41c c:/isis/application/toolchain/bin/../lib/gcc/arm-none-eabi/4.7.4\libgcc.a(_arm_addsubdf3.o)
                0x200003f8                __aeabi_drsub
                0x20000400                __aeabi_dsub
                0x20000400                __subdf3
                0x20000404                __aeabi_dadd
                0x20000404                __adddf3
                0x20000714                __floatunsidf
                0x20000714                __aeabi_ui2d
                0x20000738                __floatsidf
                0x20000738                __aeabi_i2d
                0x20000760                __aeabi_f2d
                0x20000760                __extendsfdf2
                0x200007a0                __floatundidf
                0x200007a0                __aeabi_ul2d
                0x200007b4                __floatdidf
                0x200007b4                __aeabi_l2d
 .text          0x20000814      0x49c c:/isis/application/toolchain/bin/../lib/gcc/arm-none-eabi/4.7.4\libgcc.a(_arm_muldivdf3.o)
                0x20000814                __aeabi_dmul
                0x20000814                __muldf3
                0x20000aa4                __divdf3
                0x20000aa4                __aeabi_ddiv
 .text          0x20000cb0      0x144 c:/isis/application/toolchain/bin/../lib/gcc/arm-none-eabi/4.7.4\libgcc.a(_arm_cmpdf2.o)
                0x20000cb0                __gtdf2
                0x20000cb0                __gedf2
                0x20000cb8                __ltdf2
                0x20000cb8                __ledf2
                0x20000cc0                __nedf2
                0x20000cc0                __eqdf2
                0x20000cc0                __cmpdf2
                0x20000d48                __aeabi_cdrcmple
                0x20000d64                __aeabi_cdcmpeq
                0x20000d64                __aeabi_cdcmple
                0x20000d7c                __aeabi_dcmpeq
                0x20000d94                __aeabi_dcmplt
                0x20000dac                __aeabi_dcmple
                0x20000dc4                __aeabi_dcmpge
                0x20000ddc                __aeabi_dcmpgt
 .text          0x20000df4       0x5c c:/isis/application/toolchain/bin/../lib/gcc/arm-none-eabi/4.7.4\libgcc.a(_arm_fixdfsi.o)
                0x20000df4                __aeabi_d2iz
                0x20000df4                __fixdfsi
 .text          0x20000e50       0x54 c:/isis/application/toolchain/bin/../lib/gcc/arm-none-eabi/4.7.4\libgcc.a(_arm_fixunsdfsi.o)
                0x20000e50                __aeabi_d2uiz
                0x20000e50                __fixunsdfsi
 .text          0x20000ea4       0xa0 c:/isis/application/toolchain/bin/../lib/gcc/arm-none-eabi/4.7.4\libgcc.a(_arm_truncdfsf2.o)
                0x20000ea4                __truncdfsf2
                0x20000ea4                __aeabi_d2f
 *(.text*)
 .text.__cvt    0x20000f44      0x138 c:/isis/application/toolchain/bin/../lib/gcc/arm-none-eabi/4.7.4/../../../../arm-none-eabi/lib\libc_s.a(lib_a-vfprintf_float.o)
                0x20000f44                __cvt
 .text.__exponent
                0x2000107c       0xa8 c:/isis/application/toolchain/bin/../lib/gcc/arm-none-eabi/4.7.4/../../../../arm-none-eabi/lib\libc_s.a(lib_a-vfprintf_float.o)
                0x2000107c                __exponent
 .text._printf_float
                0x20001124      0x7dc c:/isis/application/toolchain/bin/../lib/gcc/arm-none-eabi/4.7.4/../../../../arm-none-eabi/lib\libc_s.a(lib_a-vfprintf_float.o)
                0x20001124                _printf_float
 .text._printf_common
                0x20001900      0x174 c:/isis/application/toolchain/bin/../lib/gcc/arm-none-eabi/4.7.4/../../../../arm-none-eabi/lib\libc_s.a(lib_a-vfprintf_i.o)
                0x20001900                _printf_common
 .text._printf_i
                0x20001a74      0x3c4 c:/isis/application/toolchain/bin/../lib/gcc/arm-none-eabi/4.7.4/../../../../arm-none-eabi/lib\libc_s.a(lib_a-vfprintf_i.o)
                0x20001a74                _printf_i
 .text._scanf_float
                0x20001e38      0x5f4 c:/isis/application/toolchain/bin/../lib/gcc/arm-none-eabi/4.7.4/../../../../arm-none-eabi/lib\libc_s.a(lib_a-vfscanf_float.o)
                0x20001e38                _scanf_float
 .text.quorem   0x2000242c      0x1ac c:/isis/application/toolchain/bin/../lib/gcc/arm-none-eabi/4.7.4/../../../../arm-none-eabi/lib\libc_s.a(lib_a-dtoa.o)
 .text._dtoa_r  0x200025d8     0x1268 c:/isis/application/toolchain/bin/../lib/gcc/arm-none-eabi/4.7.4/../../../../arm-none-eabi/lib\libc_s.a(lib_a-dtoa.o)
                0x200025d8                _dtoa_r
 .text._localeconv_r
                0x20003840        0xc c:/isis/application/toolchain/bin/../lib/gcc/arm-none-eabi/4.7.4/../../../../arm-none-eabi/lib\libc_s.a(lib_a-locale.o)
                0x20003840                _localeconv_r
 .text.malloc   0x2000384c       0x20 c:/isis/application/toolchain/bin/../lib/gcc/arm-none-eabi/4.7.4/../../../../arm-none-eabi/lib\libc_s.a(lib_a-malloc.o)
                0x2000384c                malloc
 .text.free     0x2000386c       0x20 c:/isis/application/toolchain/bin/../lib/gcc/arm-none-eabi/4.7.4/../../../../arm-none-eabi/lib\libc_s.a(lib_a-malloc.o)
                0x2000386c                free
 .text._malloc_r
                0x2000388c       0xfc c:/isis/application/toolchain/bin/../lib/gcc/arm-none-eabi/4.7.4/../../../../arm-none-eabi/lib\libc_s.a(lib_a-mallocr.o)
                0x2000388c                _malloc_r
 .text.memcpy   0x20003988       0x20 c:/isis/application/toolchain/bin/../lib/gcc/arm-none-eabi/4.7.4/../../../../arm-none-eabi/lib\libc_s.a(lib_a-memcpy.o)
                0x20003988                memcpy
 .text._Balloc  0x200039a8       0xcc c:/isis/application/toolchain/bin/../lib/gcc/arm-none-eabi/4.7.4/../../../../arm-none-eabi/lib\libc_s.a(lib_a-mprec.o)
                0x200039a8                _Balloc
 .text._Bfree   0x20003a74       0x5c c:/isis/application/toolchain/bin/../lib/gcc/arm-none-eabi/4.7.4/../../../../arm-none-eabi/lib\libc_s.a(lib_a-mprec.o)
                0x20003a74                _Bfree
 .text.__multadd
                0x20003ad0       0xbc c:/isis/application/toolchain/bin/../lib/gcc/arm-none-eabi/4.7.4/../../../../arm-none-eabi/lib\libc_s.a(lib_a-mprec.o)
                0x20003ad0                __multadd
 .text.__s2b    0x20003b8c       0xd8 c:/isis/application/toolchain/bin/../lib/gcc/arm-none-eabi/4.7.4/../../../../arm-none-eabi/lib\libc_s.a(lib_a-mprec.o)
                0x20003b8c                __s2b
 .text.__hi0bits
                0x20003c64       0x58 c:/isis/application/toolchain/bin/../lib/gcc/arm-none-eabi/4.7.4/../../../../arm-none-eabi/lib\libc_s.a(lib_a-mprec.o)
                0x20003c64                __hi0bits
 .text.__lo0bits
                0x20003cbc       0x94 c:/isis/application/toolchain/bin/../lib/gcc/arm-none-eabi/4.7.4/../../../../arm-none-eabi/lib\libc_s.a(lib_a-mprec.o)
                0x20003cbc                __lo0bits
 .text.__i2b    0x20003d50       0x24 c:/isis/application/toolchain/bin/../lib/gcc/arm-none-eabi/4.7.4/../../../../arm-none-eabi/lib\libc_s.a(lib_a-mprec.o)
                0x20003d50                __i2b
 .text.__multiply
                0x20003d74      0x1ac c:/isis/application/toolchain/bin/../lib/gcc/arm-none-eabi/4.7.4/../../../../arm-none-eabi/lib\libc_s.a(lib_a-mprec.o)
                0x20003d74                __multiply
 .text.__pow5mult
                0x20003f20      0x10c c:/isis/application/toolchain/bin/../lib/gcc/arm-none-eabi/4.7.4/../../../../arm-none-eabi/lib\libc_s.a(lib_a-mprec.o)
                0x20003f20                __pow5mult
 .text.__lshift
                0x2000402c       0xf0 c:/isis/application/toolchain/bin/../lib/gcc/arm-none-eabi/4.7.4/../../../../arm-none-eabi/lib\libc_s.a(lib_a-mprec.o)
                0x2000402c                __lshift
 .text.__mcmp   0x2000411c       0x60 c:/isis/application/toolchain/bin/../lib/gcc/arm-none-eabi/4.7.4/../../../../arm-none-eabi/lib\libc_s.a(lib_a-mprec.o)
                0x2000411c                __mcmp
 .text.__mdiff  0x2000417c      0x128 c:/isis/application/toolchain/bin/../lib/gcc/arm-none-eabi/4.7.4/../../../../arm-none-eabi/lib\libc_s.a(lib_a-mprec.o)
                0x2000417c                __mdiff
 .text.__ulp    0x200042a4       0x5c c:/isis/application/toolchain/bin/../lib/gcc/arm-none-eabi/4.7.4/../../../../arm-none-eabi/lib\libc_s.a(lib_a-mprec.o)
                0x200042a4                __ulp
 .text.__b2d    0x20004300       0xc8 c:/isis/application/toolchain/bin/../lib/gcc/arm-none-eabi/4.7.4/../../../../arm-none-eabi/lib\libc_s.a(lib_a-mprec.o)
                0x20004300                __b2d
 .text.__d2b    0x200043c8       0xfc c:/isis/application/toolchain/bin/../lib/gcc/arm-none-eabi/4.7.4/../../../../arm-none-eabi/lib\libc_s.a(lib_a-mprec.o)
                0x200043c8                __d2b
 .text.__ratio  0x200044c4       0x70 c:/isis/application/toolchain/bin/../lib/gcc/arm-none-eabi/4.7.4/../../../../arm-none-eabi/lib\libc_s.a(lib_a-mprec.o)
                0x200044c4                __ratio
 .text.__copybits
                0x20004534       0x4c c:/isis/application/toolchain/bin/../lib/gcc/arm-none-eabi/4.7.4/../../../../arm-none-eabi/lib\libc_s.a(lib_a-mprec.o)
                0x20004534                __copybits
 .text.__any_on
                0x20004580       0x7c c:/isis/application/toolchain/bin/../lib/gcc/arm-none-eabi/4.7.4/../../../../arm-none-eabi/lib\libc_s.a(lib_a-mprec.o)
                0x20004580                __any_on
 .text.__fpclassifyd
                0x200045fc       0x6c c:/isis/application/toolchain/bin/../lib/gcc/arm-none-eabi/4.7.4/../../../../arm-none-eabi/lib\libc_s.a(lib_a-s_fpclassify.o)
                0x200045fc                __fpclassifyd
 .text._sbrk_r  0x20004668       0x3c c:/isis/application/toolchain/bin/../lib/gcc/arm-none-eabi/4.7.4/../../../../arm-none-eabi/lib\libc_s.a(lib_a-sbrkr.o)
                0x20004668                _sbrk_r
 .text.nanf     0x200046a4        0xc c:/isis/application/toolchain/bin/../lib/gcc/arm-none-eabi/4.7.4/../../../../arm-none-eabi/lib\libc_s.a(lib_a-sf_nan.o)
                0x200046a4                nanf
 .text.sprintf  0x200046b0       0x6c c:/isis/application/toolchain/bin/../lib/gcc/arm-none-eabi/4.7.4/../../../../arm-none-eabi/lib\libc_s.a(lib_a-sprintf.o)
                0x200046b0                siprintf
                0x200046b0                sprintf
 .text.strlen   0x2000471c       0x1c c:/isis/application/toolchain/bin/../lib/gcc/arm-none-eabi/4.7.4/../../../../arm-none-eabi/lib\libc_s.a(lib_a-strlen.o)
                0x2000471c                strlen
 .text.match    0x20004738       0x54 c:/isis/application/toolchain/bin/../lib/gcc/arm-none-eabi/4.7.4/../../../../arm-none-eabi/lib\libc_s.a(lib_a-strtod.o)
 .text._strtod_r
                0x2000478c     0x1168 c:/isis/application/toolchain/bin/../lib/gcc/arm-none-eabi/4.7.4/../../../../arm-none-eabi/lib\libc_s.a(lib_a-strtod.o)
                0x2000478c                _strtod_r
 .text._strtol_r
                0x200058f4      0x1b8 c:/isis/application/toolchain/bin/../lib/gcc/arm-none-eabi/4.7.4/../../../../arm-none-eabi/lib\libc_s.a(lib_a-strtol.o)
                0x200058f4                _strtol_r
 .text.__ssputc_r
                0x20005aac      0x10c c:/isis/application/toolchain/bin/../lib/gcc/arm-none-eabi/4.7.4/../../../../arm-none-eabi/lib\libc_s.a(lib_a-svfprintf.o)
                0x20005aac                __ssputc_r
 .text._svfprintf_r
                0x20005bb8      0x328 c:/isis/application/toolchain/bin/../lib/gcc/arm-none-eabi/4.7.4/../../../../arm-none-eabi/lib\libc_s.a(lib_a-svfprintf.o)
                0x20005bb8                _svfiprintf_r
                0x20005bb8                _svfprintf_r
 .text._calloc_r
                0x20005ee0       0x2c c:/isis/application/toolchain/bin/../lib/gcc/arm-none-eabi/4.7.4/../../../../arm-none-eabi/lib\libc_s.a(lib_a-callocr.o)
                0x20005ee0                _calloc_r
 .text._free_r  0x20005f0c      0x108 c:/isis/application/toolchain/bin/../lib/gcc/arm-none-eabi/4.7.4/../../../../arm-none-eabi/lib\libc_s.a(lib_a-freer.o)
                0x20005f0c                _free_r
 .text.rshift   0x20006014       0xb0 c:/isis/application/toolchain/bin/../lib/gcc/arm-none-eabi/4.7.4/../../../../arm-none-eabi/lib\libc_s.a(lib_a-gdtoa-gethex.o)
 .text.htinit.constprop.0
                0x200060c4       0x34 c:/isis/application/toolchain/bin/../lib/gcc/arm-none-eabi/4.7.4/../../../../arm-none-eabi/lib\libc_s.a(lib_a-gdtoa-gethex.o)
 .text.__hexdig_init
                0x200060f8       0x38 c:/isis/application/toolchain/bin/../lib/gcc/arm-none-eabi/4.7.4/../../../../arm-none-eabi/lib\libc_s.a(lib_a-gdtoa-gethex.o)
                0x200060f8                __hexdig_init
 .text.__gethex
                0x20006130      0x6cc c:/isis/application/toolchain/bin/../lib/gcc/arm-none-eabi/4.7.4/../../../../arm-none-eabi/lib\libc_s.a(lib_a-gdtoa-gethex.o)
                0x20006130                __gethex
 .text.L_shift  0x200067fc       0x38 c:/isis/application/toolchain/bin/../lib/gcc/arm-none-eabi/4.7.4/../../../../arm-none-eabi/lib\libc_s.a(lib_a-gdtoa-hexnan.o)
 .text.__hexnan
                0x20006834      0x1d8 c:/isis/application/toolchain/bin/../lib/gcc/arm-none-eabi/4.7.4/../../../../arm-none-eabi/lib\libc_s.a(lib_a-gdtoa-hexnan.o)
                0x20006834                __hexnan
 .text.memchr   0x20006a0c       0x34 c:/isis/application/toolchain/bin/../lib/gcc/arm-none-eabi/4.7.4/../../../../arm-none-eabi/lib\libc_s.a(lib_a-memchr.o)
                0x20006a0c                memchr
 .text.memset   0x20006a40       0x1c c:/isis/application/toolchain/bin/../lib/gcc/arm-none-eabi/4.7.4/../../../../arm-none-eabi/lib\libc_s.a(lib_a-memset.o)
                0x20006a40                memset
 .text._realloc_r
                0x20006a5c       0x80 c:/isis/application/toolchain/bin/../lib/gcc/arm-none-eabi/4.7.4/../../../../arm-none-eabi/lib\libc_s.a(lib_a-reallocr.o)
                0x20006a5c                _realloc_r
 .text.strncmp  0x20006adc       0x64 c:/isis/application/toolchain/bin/../lib/gcc/arm-none-eabi/4.7.4/../../../../arm-none-eabi/lib\libc_s.a(lib_a-strncmp.o)
                0x20006adc                strncmp
 .text._malloc_usable_size_r
                0x20006b40       0x1c c:/isis/application/toolchain/bin/../lib/gcc/arm-none-eabi/4.7.4/../../../../arm-none-eabi/lib\libc_s.a(lib_a-msizer.o)
                0x20006b40                _malloc_usable_size_r
 .text.taskMain
                0x20006b5c       0x38 ./src/main.o
                0x20006b5c                taskMain
 .text.main     0x20006b94       0x70 ./src/main.o
                0x20006b94                main
 .text.clearPDCtransfers
                0x20006c04       0xdc C:/HOOPOE3/satellite-subsystems/demo/../..//hal/hal/lib\libHALD.a(SPI.o)
 .text.SPI_start
                0x20006ce0      0x4c0 C:/HOOPOE3/satellite-subsystems/demo/../..//hal/hal/lib\libHALD.a(SPI.o)
                0x20006ce0                SPI_start
 .text.SPI_stop
                0x200071a0      0x22c C:/HOOPOE3/satellite-subsystems/demo/../..//hal/hal/lib\libHALD.a(SPI.o)
                0x200071a0                SPI_stop
 .text.SPI_queueTransfer
                0x200073cc      0x190 C:/HOOPOE3/satellite-subsystems/demo/../..//hal/hal/lib\libHALD.a(SPI.o)
                0x200073cc                SPI_queueTransfer
 .text.waitForTransfer
                0x2000755c       0x68 C:/HOOPOE3/satellite-subsystems/demo/../..//hal/hal/lib\libHALD.a(SPI.o)
 .text.SPI_getDriverState
                0x200075c4       0x58 C:/HOOPOE3/satellite-subsystems/demo/../..//hal/hal/lib\libHALD.a(SPI.o)
                0x200075c4                SPI_getDriverState
 .text.FRAM_start
                0x2000761c       0xf4 C:/HOOPOE3/satellite-subsystems/demo/../..//hal/hal/lib\libHALD.a(FRAM.o)
                0x2000761c                FRAM_start
 .text.FRAM_dummyCallback
                0x20007710       0x24 C:/HOOPOE3/satellite-subsystems/demo/../..//hal/hal/lib\libHALD.a(FRAM.o)
                0x20007710                FRAM_dummyCallback
 .text.FRAM_unlockingCallback
                0x20007734       0x78 C:/HOOPOE3/satellite-subsystems/demo/../..//hal/hal/lib\libHALD.a(FRAM.o)
                0x20007734                FRAM_unlockingCallback
 .text.doBlockingTransfer
                0x200077ac       0x88 C:/HOOPOE3/satellite-subsystems/demo/../..//hal/hal/lib\libHALD.a(FRAM.o)
 .text.FRAM_writePacket
                0x20007834      0x148 C:/HOOPOE3/satellite-subsystems/demo/../..//hal/hal/lib\libHALD.a(FRAM.o)
 .text.FRAM_write
                0x2000797c      0x1c8 C:/HOOPOE3/satellite-subsystems/demo/../..//hal/hal/lib\libHALD.a(FRAM.o)
                0x2000797c                FRAM_write
 .text.WDT_start
                0x20007b44       0x48 C:/HOOPOE3/satellite-subsystems/demo/../..//hal/hal/lib\libHALD.a(WatchDogTimerNoOS.o)
                0x20007b44                WDT_start
 .text.vListInitialise
                0x20007b8c       0x64 C:/HOOPOE3/satellite-subsystems/demo/../..//hal/freertos/lib\libFreeRTOSD.a(list.o)
                0x20007b8c                vListInitialise
 .text.vListInitialiseItem
                0x20007bf0       0x28 C:/HOOPOE3/satellite-subsystems/demo/../..//hal/freertos/lib\libFreeRTOSD.a(list.o)
                0x20007bf0                vListInitialiseItem
 .text.vListInsertEnd
                0x20007c18       0x84 C:/HOOPOE3/satellite-subsystems/demo/../..//hal/freertos/lib\libFreeRTOSD.a(list.o)
                0x20007c18                vListInsertEnd
 .text.vListInsert
                0x20007c9c       0xd4 C:/HOOPOE3/satellite-subsystems/demo/../..//hal/freertos/lib\libFreeRTOSD.a(list.o)
                0x20007c9c                vListInsert
 .text.uxListRemove
                0x20007d70       0xa0 C:/HOOPOE3/satellite-subsystems/demo/../..//hal/freertos/lib\libFreeRTOSD.a(list.o)
                0x20007d70                uxListRemove
 .text.xQueueGenericReset
                0x20007e10      0x150 C:/HOOPOE3/satellite-subsystems/demo/../..//hal/freertos/lib\libFreeRTOSD.a(queue.o)
                0x20007e10                xQueueGenericReset
 .text.xQueueGenericCreate
                0x20007f60       0xfc C:/HOOPOE3/satellite-subsystems/demo/../..//hal/freertos/lib\libFreeRTOSD.a(queue.o)
                0x20007f60                xQueueGenericCreate
 .text.xQueueCreateMutex
                0x2000805c      0x110 C:/HOOPOE3/satellite-subsystems/demo/../..//hal/freertos/lib\libFreeRTOSD.a(queue.o)
                0x2000805c                xQueueCreateMutex
 .text.xQueueGenericSend
                0x2000816c      0x268 C:/HOOPOE3/satellite-subsystems/demo/../..//hal/freertos/lib\libFreeRTOSD.a(queue.o)
                0x2000816c                xQueueGenericSend
 .text.xQueueGenericSendFromISR
                0x200083d4      0x19c C:/HOOPOE3/satellite-subsystems/demo/../..//hal/freertos/lib\libFreeRTOSD.a(queue.o)
                0x200083d4                xQueueGenericSendFromISR
 .text.xQueueGenericReceive
                0x20008570      0x2cc C:/HOOPOE3/satellite-subsystems/demo/../..//hal/freertos/lib\libFreeRTOSD.a(queue.o)
                0x20008570                xQueueGenericReceive
 .text.vQueueDelete
                0x2000883c       0x78 C:/HOOPOE3/satellite-subsystems/demo/../..//hal/freertos/lib\libFreeRTOSD.a(queue.o)
                0x2000883c                vQueueDelete
 .text.prvCopyDataToQueue
                0x200088b4      0x190 C:/HOOPOE3/satellite-subsystems/demo/../..//hal/freertos/lib\libFreeRTOSD.a(queue.o)
 .text.prvCopyDataFromQueue
                0x20008a44       0x90 C:/HOOPOE3/satellite-subsystems/demo/../..//hal/freertos/lib\libFreeRTOSD.a(queue.o)
 .text.prvUnlockQueue
                0x20008ad4      0x100 C:/HOOPOE3/satellite-subsystems/demo/../..//hal/freertos/lib\libFreeRTOSD.a(queue.o)
 .text.prvIsQueueEmpty
                0x20008bd4       0x4c C:/HOOPOE3/satellite-subsystems/demo/../..//hal/freertos/lib\libFreeRTOSD.a(queue.o)
 .text.prvIsQueueFull
                0x20008c20       0x54 C:/HOOPOE3/satellite-subsystems/demo/../..//hal/freertos/lib\libFreeRTOSD.a(queue.o)
 .text.vQueueUnregisterQueue
                0x20008c74       0x80 C:/HOOPOE3/satellite-subsystems/demo/../..//hal/freertos/lib\libFreeRTOSD.a(queue.o)
                0x20008c74                vQueueUnregisterQueue
 .text.xTaskGenericCreate
                0x20008cf4      0x2ac C:/HOOPOE3/satellite-subsystems/demo/../..//hal/freertos/lib\libFreeRTOSD.a(tasks.o)
                0x20008cf4                xTaskGenericCreate
 .text.vTaskDelete
                0x20008fa0       0xe8 C:/HOOPOE3/satellite-subsystems/demo/../..//hal/freertos/lib\libFreeRTOSD.a(tasks.o)
                0x20008fa0                vTaskDelete
 .text.vTaskDelay
                0x20009088       0x80 C:/HOOPOE3/satellite-subsystems/demo/../..//hal/freertos/lib\libFreeRTOSD.a(tasks.o)
                0x20009088                vTaskDelay
 .text.vTaskStartScheduler
                0x20009108       0xd4 C:/HOOPOE3/satellite-subsystems/demo/../..//hal/freertos/lib\libFreeRTOSD.a(tasks.o)
                0x20009108                vTaskStartScheduler
 .text.vTaskSuspendAll
                0x200091dc       0x2c C:/HOOPOE3/satellite-subsystems/demo/../..//hal/freertos/lib\libFreeRTOSD.a(tasks.o)
                0x200091dc                vTaskSuspendAll
 .text.xTaskResumeAll
                0x20009208      0x1f4 C:/HOOPOE3/satellite-subsystems/demo/../..//hal/freertos/lib\libFreeRTOSD.a(tasks.o)
                0x20009208                xTaskResumeAll
 .text.xTaskIncrementTick
                0x200093fc      0x298 C:/HOOPOE3/satellite-subsystems/demo/../..//hal/freertos/lib\libFreeRTOSD.a(tasks.o)
                0x200093fc                xTaskIncrementTick
 .text.vTaskSwitchContext
                0x20009694      0x18c C:/HOOPOE3/satellite-subsystems/demo/../..//hal/freertos/lib\libFreeRTOSD.a(tasks.o)
                0x20009694                vTaskSwitchContext
 .text.vTaskPlaceOnEventList
                0x20009820       0xcc C:/HOOPOE3/satellite-subsystems/demo/../..//hal/freertos/lib\libFreeRTOSD.a(tasks.o)
                0x20009820                vTaskPlaceOnEventList
 .text.xTaskRemoveFromEventList
                0x200098ec      0x160 C:/HOOPOE3/satellite-subsystems/demo/../..//hal/freertos/lib\libFreeRTOSD.a(tasks.o)
                0x200098ec                xTaskRemoveFromEventList
 .text.vTaskSetTimeOutState
                0x20009a4c       0x78 C:/HOOPOE3/satellite-subsystems/demo/../..//hal/freertos/lib\libFreeRTOSD.a(tasks.o)
                0x20009a4c                vTaskSetTimeOutState
 .text.xTaskCheckForTimeOut
                0x20009ac4      0x158 C:/HOOPOE3/satellite-subsystems/demo/../..//hal/freertos/lib\libFreeRTOSD.a(tasks.o)
                0x20009ac4                xTaskCheckForTimeOut
 .text.vTaskMissedYield
                0x20009c1c       0x24 C:/HOOPOE3/satellite-subsystems/demo/../..//hal/freertos/lib\libFreeRTOSD.a(tasks.o)
                0x20009c1c                vTaskMissedYield
 .text.prvIdleTask
                0x20009c40       0x20 C:/HOOPOE3/satellite-subsystems/demo/../..//hal/freertos/lib\libFreeRTOSD.a(tasks.o)
 .text.prvInitialiseTCBVariables
                0x20009c60      0x110 C:/HOOPOE3/satellite-subsystems/demo/../..//hal/freertos/lib\libFreeRTOSD.a(tasks.o)
 .text.prvInitialiseTaskLists
                0x20009d70       0xbc C:/HOOPOE3/satellite-subsystems/demo/../..//hal/freertos/lib\libFreeRTOSD.a(tasks.o)
 .text.prvCheckTasksWaitingTermination
                0x20009e2c       0xbc C:/HOOPOE3/satellite-subsystems/demo/../..//hal/freertos/lib\libFreeRTOSD.a(tasks.o)
 .text.prvAddCurrentTaskToDelayedList
                0x20009ee8       0xb4 C:/HOOPOE3/satellite-subsystems/demo/../..//hal/freertos/lib\libFreeRTOSD.a(tasks.o)
 .text.prvAllocateTCBAndStack
                0x20009f9c       0xb4 C:/HOOPOE3/satellite-subsystems/demo/../..//hal/freertos/lib\libFreeRTOSD.a(tasks.o)
 .text.prvDeleteTCB
                0x2000a050       0x30 C:/HOOPOE3/satellite-subsystems/demo/../..//hal/freertos/lib\libFreeRTOSD.a(tasks.o)
 .text.xTaskGetCurrentTaskHandle
                0x2000a080       0x30 C:/HOOPOE3/satellite-subsystems/demo/../..//hal/freertos/lib\libFreeRTOSD.a(tasks.o)
                0x2000a080                xTaskGetCurrentTaskHandle
 .text.xTaskGetSchedulerState
                0x2000a0b0       0x68 C:/HOOPOE3/satellite-subsystems/demo/../..//hal/freertos/lib\libFreeRTOSD.a(tasks.o)
                0x2000a0b0                xTaskGetSchedulerState
 .text.vTaskPriorityInherit
                0x2000a118      0x148 C:/HOOPOE3/satellite-subsystems/demo/../..//hal/freertos/lib\libFreeRTOSD.a(tasks.o)
                0x2000a118                vTaskPriorityInherit
 .text.vTaskPriorityDisinherit
                0x2000a260       0xdc C:/HOOPOE3/satellite-subsystems/demo/../..//hal/freertos/lib\libFreeRTOSD.a(tasks.o)
                0x2000a260                vTaskPriorityDisinherit
 .text.vApplicationStackOverflowHook
                0x2000a33c       0x4c C:/HOOPOE3/satellite-subsystems/demo/../..//hal/freertos/lib\libFreeRTOSD.a(hooks.o)
                0x2000a33c                vApplicationStackOverflowHook
 .text.vApplicationIdleHook
                0x2000a388       0x18 C:/HOOPOE3/satellite-subsystems/demo/../..//hal/freertos/lib\libFreeRTOSD.a(hooks.o)
                0x2000a388                vApplicationIdleHook
 .text.pvPortMalloc
                0x2000a3a0       0x28 C:/HOOPOE3/satellite-subsystems/demo/../..//hal/freertos/lib\libFreeRTOSD.a(standardMemMang.o)
                0x2000a3a0                pvPortMalloc
 .text.vPortFree
                0x2000a3c8       0x20 C:/HOOPOE3/satellite-subsystems/demo/../..//hal/freertos/lib\libFreeRTOSD.a(standardMemMang.o)
                0x2000a3c8                vPortFree
 .text.pxPortInitialiseStack
                0x2000a3e8      0x218 C:/HOOPOE3/satellite-subsystems/demo/../..//hal/freertos/lib\libFreeRTOSD.a(port.o)
                0x2000a3e8                pxPortInitialiseStack
 .text.xPortStartScheduler
                0x2000a600       0x1c C:/HOOPOE3/satellite-subsystems/demo/../..//hal/freertos/lib\libFreeRTOSD.a(port.o)
                0x2000a600                xPortStartScheduler
 .text.prvSetupTimerInterrupt
                0x2000a61c       0x54 C:/HOOPOE3/satellite-subsystems/demo/../..//hal/freertos/lib\libFreeRTOSD.a(port.o)
 .text.vPortISRStartFirstTask
                0x2000a670       0x64 C:/HOOPOE3/satellite-subsystems/demo/../..//hal/freertos/lib\libFreeRTOSD.a(port.o)
 .text.vPortEnterCritical
                0x2000a6d4       0x40 C:/HOOPOE3/satellite-subsystems/demo/../..//hal/freertos/lib\libFreeRTOSD.a(port.o)
                0x2000a6d4                vPortEnterCritical
 .text.vPortExitCritical
                0x2000a714       0x60 C:/HOOPOE3/satellite-subsystems/demo/../..//hal/freertos/lib\libFreeRTOSD.a(port.o)
                0x2000a714                vPortExitCritical
 .text._read    0x2000a774       0xa4 C:/HOOPOE3/satellite-subsystems/demo/../..//hal/at91/lib\libAt91D.a(syscalls.o)
                0x2000a774                _read
 .text._write   0x2000a818       0xb8 C:/HOOPOE3/satellite-subsystems/demo/../..//hal/at91/lib\libAt91D.a(syscalls.o)
                0x2000a818                _write
 .text._lseek   0x2000a8d0       0x2c C:/HOOPOE3/satellite-subsystems/demo/../..//hal/at91/lib\libAt91D.a(syscalls.o)
                0x2000a8d0                _lseek
 .text._close   0x2000a8fc       0x24 C:/HOOPOE3/satellite-subsystems/demo/../..//hal/at91/lib\libAt91D.a(syscalls.o)
                0x2000a8fc                _close
 .text._fstat   0x2000a920       0x28 C:/HOOPOE3/satellite-subsystems/demo/../..//hal/at91/lib\libAt91D.a(syscalls.o)
                0x2000a920                _fstat
 .text._isatty  0x2000a948       0x38 C:/HOOPOE3/satellite-subsystems/demo/../..//hal/at91/lib\libAt91D.a(syscalls.o)
                0x2000a948                _isatty
 .text._sbrk    0x2000a980       0xac C:/HOOPOE3/satellite-subsystems/demo/../..//hal/at91/lib\libAt91D.a(syscalls.o)
                0x2000a980                _sbrk
 .text.defaultSpuriousHandler
                0x2000aa2c       0x18 C:/HOOPOE3/satellite-subsystems/demo/../..//hal/at91/lib\libAt91D.a(board_lowlevel.o)
                0x2000aa2c                defaultSpuriousHandler
 .text.defaultFiqHandler
                0x2000aa44       0x18 C:/HOOPOE3/satellite-subsystems/demo/../..//hal/at91/lib\libAt91D.a(board_lowlevel.o)
                0x2000aa44                defaultFiqHandler
 .text.defaultIrqHandler
                0x2000aa5c       0x18 C:/HOOPOE3/satellite-subsystems/demo/../..//hal/at91/lib\libAt91D.a(board_lowlevel.o)
                0x2000aa5c                defaultIrqHandler
 .text.LowLevelInit
                0x2000aa74       0xf4 C:/HOOPOE3/satellite-subsystems/demo/../..//hal/at91/lib\libAt91D.a(board_lowlevel.o)
                0x2000aa74                LowLevelInit
 .text.BOARD_RemapRam
                0x2000ab68       0x24 C:/HOOPOE3/satellite-subsystems/demo/../..//hal/at91/lib\libAt91D.a(board_memories.o)
                0x2000ab68                BOARD_RemapRam
 .text.AIC_ConfigureIT
                0x2000ab8c       0x74 C:/HOOPOE3/satellite-subsystems/demo/../..//hal/at91/lib\libAt91D.a(aic.o)
                0x2000ab8c                AIC_ConfigureIT
 .text.AIC_EnableIT
                0x2000ac00       0x34 C:/HOOPOE3/satellite-subsystems/demo/../..//hal/at91/lib\libAt91D.a(aic.o)
                0x2000ac00                AIC_EnableIT
 .text.AIC_DisableIT
                0x2000ac34       0x34 C:/HOOPOE3/satellite-subsystems/demo/../..//hal/at91/lib\libAt91D.a(aic.o)
                0x2000ac34                AIC_DisableIT
 .text.CP15_Enable_I_Cache
                0x2000ac68       0x4c C:/HOOPOE3/satellite-subsystems/demo/../..//hal/at91/lib\libAt91D.a(cp15.o)
                0x2000ac68                CP15_Enable_I_Cache
 .text.CP15_Disable_I_Cache
                0x2000acb4       0x5c C:/HOOPOE3/satellite-subsystems/demo/../..//hal/at91/lib\libAt91D.a(cp15.o)
                0x2000acb4                CP15_Disable_I_Cache
 .text.CP15_DisableMMU
                0x2000ad10       0x68 C:/HOOPOE3/satellite-subsystems/demo/../..//hal/at91/lib\libAt91D.a(cp15.o)
                0x2000ad10                CP15_DisableMMU
 .text.CP15_Disable_D_Cache
                0x2000ad78       0x5c C:/HOOPOE3/satellite-subsystems/demo/../..//hal/at91/lib\libAt91D.a(cp15.o)
                0x2000ad78                CP15_Disable_D_Cache
 .text.DBGU_PutChar
                0x2000add4       0x60 C:/HOOPOE3/satellite-subsystems/demo/../..//hal/at91/lib\libAt91D.a(dbgu.o)
                0x2000add4                DBGU_PutChar
 .text.DBGU_GetChar
                0x2000ae34       0x40 C:/HOOPOE3/satellite-subsystems/demo/../..//hal/at91/lib\libAt91D.a(dbgu.o)
                0x2000ae34                DBGU_GetChar
 .text.PIO_SetPeripheralA
                0x2000ae74       0x74 C:/HOOPOE3/satellite-subsystems/demo/../..//hal/at91/lib\libAt91D.a(pio.o)
 .text.PIO_SetPeripheralB
                0x2000aee8       0x74 C:/HOOPOE3/satellite-subsystems/demo/../..//hal/at91/lib\libAt91D.a(pio.o)
 .text.PIO_SetInput
                0x2000af5c       0x9c C:/HOOPOE3/satellite-subsystems/demo/../..//hal/at91/lib\libAt91D.a(pio.o)
 .text.PIO_SetOutput
                0x2000aff8       0xc4 C:/HOOPOE3/satellite-subsystems/demo/../..//hal/at91/lib\libAt91D.a(pio.o)
 .text.PIO_Configure
                0x2000b0bc      0x1ec C:/HOOPOE3/satellite-subsystems/demo/../..//hal/at91/lib\libAt91D.a(pio.o)
                0x2000b0bc                PIO_Configure
 .text.PIT_Init
                0x2000b2a8       0x68 C:/HOOPOE3/satellite-subsystems/demo/../..//hal/at91/lib\libAt91D.a(pit.o)
                0x2000b2a8                PIT_Init
 .text.PIT_Enable
                0x2000b310       0x2c C:/HOOPOE3/satellite-subsystems/demo/../..//hal/at91/lib\libAt91D.a(pit.o)
                0x2000b310                PIT_Enable
 .text.PIT_EnableIT
                0x2000b33c       0x2c C:/HOOPOE3/satellite-subsystems/demo/../..//hal/at91/lib\libAt91D.a(pit.o)
                0x2000b33c                PIT_EnableIT
 .text.PMC_DisablePeripheral
                0x2000b368       0xa4 C:/HOOPOE3/satellite-subsystems/demo/../..//hal/at91/lib\libAt91D.a(pmc.o)
                0x2000b368                PMC_DisablePeripheral
 .text.SPI_Enable
                0x2000b40c       0x28 C:/HOOPOE3/satellite-subsystems/demo/../..//hal/at91/lib\libAt91D.a(spi_at91.o)
                0x2000b40c                SPI_Enable
 .text.SPI_Disable
                0x2000b434       0x28 C:/HOOPOE3/satellite-subsystems/demo/../..//hal/at91/lib\libAt91D.a(spi_at91.o)
                0x2000b434                SPI_Disable
 .text.SPI_Configure
                0x2000b45c       0x6c C:/HOOPOE3/satellite-subsystems/demo/../..//hal/at91/lib\libAt91D.a(spi_at91.o)
                0x2000b45c                SPI_Configure
 .text.SPI_ConfigureNPCS
                0x2000b4c8       0x38 C:/HOOPOE3/satellite-subsystems/demo/../..//hal/at91/lib\libAt91D.a(spi_at91.o)
                0x2000b4c8                SPI_ConfigureNPCS
 .text.disableCaches
                0x2000b500       0x18 C:/HOOPOE3/satellite-subsystems/demo/../..//hal/at91/lib\libAt91D.a(ExitHandler.o)
 .text.restart  0x2000b518       0x28 C:/HOOPOE3/satellite-subsystems/demo/../..//hal/at91/lib\libAt91D.a(ExitHandler.o)
                0x2000b518                restart
 .text.restartPrefetchAbort
                0x2000b540       0x28 C:/HOOPOE3/satellite-subsystems/demo/../..//hal/at91/lib\libAt91D.a(ExitHandler.o)
                0x2000b540                restartPrefetchAbort
 .text.restartDataAbort
                0x2000b568       0x28 C:/HOOPOE3/satellite-subsystems/demo/../..//hal/at91/lib\libAt91D.a(ExitHandler.o)
                0x2000b568                restartDataAbort
 .text.__errno  0x2000b590       0x10 c:/isis/application/toolchain/bin/../lib/gcc/arm-none-eabi/4.7.4/../../../../arm-none-eabi/lib\libc_s.a(lib_a-errno.o)
                0x2000b590                __errno
 .text.printf   0x2000b5a0       0x50 c:/isis/application/toolchain/bin/../lib/gcc/arm-none-eabi/4.7.4/../../../../arm-none-eabi/lib\libc_s.a(lib_a-printf.o)
                0x2000b5a0                iprintf
                0x2000b5a0                printf
 .text.puts     0x2000b5f0       0x64 c:/isis/application/toolchain/bin/../lib/gcc/arm-none-eabi/4.7.4/../../../../arm-none-eabi/lib\libc_s.a(lib_a-puts.o)
                0x2000b5f0                puts
 .text.__sfputc_r
                0x2000b654       0x50 c:/isis/application/toolchain/bin/../lib/gcc/arm-none-eabi/4.7.4/../../../../arm-none-eabi/lib\libc_s.a(lib_a-vfprintf.o)
                0x2000b654                __sfputc_r
 .text._vfprintf_r
                0x2000b6a4      0x360 c:/isis/application/toolchain/bin/../lib/gcc/arm-none-eabi/4.7.4/../../../../arm-none-eabi/lib\libc_s.a(lib_a-vfprintf.o)
                0x2000b6a4                _vfprintf_r
                0x2000b6a4                _vfiprintf_r
 .text.__swbuf_r
                0x2000ba04      0x138 c:/isis/application/toolchain/bin/../lib/gcc/arm-none-eabi/4.7.4/../../../../arm-none-eabi/lib\libc_s.a(lib_a-wbuf.o)
                0x2000ba04                __swbuf_r
 .text.__swsetup_r
                0x2000bb3c      0x154 c:/isis/application/toolchain/bin/../lib/gcc/arm-none-eabi/4.7.4/../../../../arm-none-eabi/lib\libc_s.a(lib_a-wsetup.o)
                0x2000bb3c                __swsetup_r
 .text._fflush_r
                0x2000bc90      0x244 c:/isis/application/toolchain/bin/../lib/gcc/arm-none-eabi/4.7.4/../../../../arm-none-eabi/lib\libc_s.a(lib_a-fflush.o)
                0x2000bc90                _fflush_r
 .text._cleanup_r
                0x2000bed4       0x5c c:/isis/application/toolchain/bin/../lib/gcc/arm-none-eabi/4.7.4/../../../../arm-none-eabi/lib\libc_s.a(lib_a-findfp.o)
                0x2000bed4                _cleanup_r
 .text.std.isra.0
                0x2000bf30       0x7c c:/isis/application/toolchain/bin/../lib/gcc/arm-none-eabi/4.7.4/../../../../arm-none-eabi/lib\libc_s.a(lib_a-findfp.o)
 .text.__sfmoreglue
                0x2000bfac       0x44 c:/isis/application/toolchain/bin/../lib/gcc/arm-none-eabi/4.7.4/../../../../arm-none-eabi/lib\libc_s.a(lib_a-findfp.o)
                0x2000bfac                __sfmoreglue
 .text.__sinit  0x2000bff0       0x90 c:/isis/application/toolchain/bin/../lib/gcc/arm-none-eabi/4.7.4/../../../../arm-none-eabi/lib\libc_s.a(lib_a-findfp.o)
                0x2000bff0                __sinit
 .text.__sfp    0x2000c080       0xdc c:/isis/application/toolchain/bin/../lib/gcc/arm-none-eabi/4.7.4/../../../../arm-none-eabi/lib\libc_s.a(lib_a-findfp.o)
                0x2000c080                __sfp
 .text.__smakebuf_r
                0x2000c15c       0xf8 c:/isis/application/toolchain/bin/../lib/gcc/arm-none-eabi/4.7.4/../../../../arm-none-eabi/lib\libc_s.a(lib_a-makebuf.o)
                0x2000c15c                __smakebuf_r
 .text._putc_r  0x2000c254       0xd0 c:/isis/application/toolchain/bin/../lib/gcc/arm-none-eabi/4.7.4/../../../../arm-none-eabi/lib\libc_s.a(lib_a-putc.o)
                0x2000c254                _putc_r
 .text.__sread  0x2000c324       0x34 c:/isis/application/toolchain/bin/../lib/gcc/arm-none-eabi/4.7.4/../../../../arm-none-eabi/lib\libc_s.a(lib_a-stdio.o)
                0x2000c324                __sread
 .text.__swrite
                0x2000c358       0x54 c:/isis/application/toolchain/bin/../lib/gcc/arm-none-eabi/4.7.4/../../../../arm-none-eabi/lib\libc_s.a(lib_a-stdio.o)
                0x2000c358                __swrite
 .text.__sseek  0x2000c3ac       0x34 c:/isis/application/toolchain/bin/../lib/gcc/arm-none-eabi/4.7.4/../../../../arm-none-eabi/lib\libc_s.a(lib_a-stdio.o)
                0x2000c3ac                __sseek
 .text.__sclose
                0x2000c3e0       0x14 c:/isis/application/toolchain/bin/../lib/gcc/arm-none-eabi/4.7.4/../../../../arm-none-eabi/lib\libc_s.a(lib_a-stdio.o)
                0x2000c3e0                __sclose
 .text._write_r
                0x2000c3f4       0x44 c:/isis/application/toolchain/bin/../lib/gcc/arm-none-eabi/4.7.4/../../../../arm-none-eabi/lib\libc_s.a(lib_a-writer.o)
                0x2000c3f4                _write_r
 .text._close_r
                0x2000c438       0x3c c:/isis/application/toolchain/bin/../lib/gcc/arm-none-eabi/4.7.4/../../../../arm-none-eabi/lib\libc_s.a(lib_a-closer.o)
                0x2000c438                _close_r
 .text._fstat_r
                0x2000c474       0x40 c:/isis/application/toolchain/bin/../lib/gcc/arm-none-eabi/4.7.4/../../../../arm-none-eabi/lib\libc_s.a(lib_a-fstatr.o)
                0x2000c474                _fstat_r
 .text._isatty_r
                0x2000c4b4       0x3c c:/isis/application/toolchain/bin/../lib/gcc/arm-none-eabi/4.7.4/../../../../arm-none-eabi/lib\libc_s.a(lib_a-isattyr.o)
                0x2000c4b4                _isatty_r
 .text._lseek_r
                0x2000c4f0       0x44 c:/isis/application/toolchain/bin/../lib/gcc/arm-none-eabi/4.7.4/../../../../arm-none-eabi/lib\libc_s.a(lib_a-lseekr.o)
                0x2000c4f0                _lseek_r
 .text._read_r  0x2000c534       0x44 c:/isis/application/toolchain/bin/../lib/gcc/arm-none-eabi/4.7.4/../../../../arm-none-eabi/lib\libc_s.a(lib_a-readr.o)
                0x2000c534                _read_r
 *(.rodata)
 .rodata        0x2000c578       0x54 ./src/main.o
 .rodata        0x2000c5cc      0x324 C:/HOOPOE3/satellite-subsystems/demo/../..//hal/hal/lib\libHALD.a(SPI.o)
 .rodata        0x2000c8f0        0xc C:/HOOPOE3/satellite-subsystems/demo/../..//hal/hal/lib\libHALD.a(WatchDogTimerNoOS.o)
 .rodata        0x2000c8fc       0x40 C:/HOOPOE3/satellite-subsystems/demo/../..//hal/freertos/lib\libFreeRTOSD.a(queue.o)
 .rodata        0x2000c93c       0x48 C:/HOOPOE3/satellite-subsystems/demo/../..//hal/freertos/lib\libFreeRTOSD.a(tasks.o)
 .rodata        0x2000c984       0x58 C:/HOOPOE3/satellite-subsystems/demo/../..//hal/freertos/lib\libFreeRTOSD.a(hooks.o)
 .rodata        0x2000c9dc       0x3c C:/HOOPOE3/satellite-subsystems/demo/../..//hal/at91/lib\libAt91D.a(syscalls.o)
 .rodata        0x2000ca18       0xa8 C:/HOOPOE3/satellite-subsystems/demo/../..//hal/at91/lib\libAt91D.a(board_lowlevel.o)
 .rodata        0x2000cac0      0x158 C:/HOOPOE3/satellite-subsystems/demo/../..//hal/at91/lib\libAt91D.a(cp15.o)
 .rodata        0x2000cc18      0x118 C:/HOOPOE3/satellite-subsystems/demo/../..//hal/at91/lib\libAt91D.a(pmc.o)
 .rodata        0x2000cd30       0x8c C:/HOOPOE3/satellite-subsystems/demo/../..//hal/at91/lib\libAt91D.a(ExitHandler.o)
 *(.rodata*)
 .rodata.str1.1
                0x2000cdbc       0x10 c:/isis/application/toolchain/bin/../lib/gcc/arm-none-eabi/4.7.4/../../../../arm-none-eabi/lib\libc_s.a(lib_a-vfprintf_float.o)
 .rodata.str1.1
                0x2000cdcc       0x22 c:/isis/application/toolchain/bin/../lib/gcc/arm-none-eabi/4.7.4/../../../../arm-none-eabi/lib\libc_s.a(lib_a-vfprintf_i.o)
 .rodata.str1.1
                0x2000cdee        0x5 c:/isis/application/toolchain/bin/../lib/gcc/arm-none-eabi/4.7.4/../../../../arm-none-eabi/lib\libc_s.a(lib_a-vfscanf_float.o)
 .rodata.str1.1
                0x2000cdf3        0xf c:/isis/application/toolchain/bin/../lib/gcc/arm-none-eabi/4.7.4/../../../../arm-none-eabi/lib\libc_s.a(lib_a-dtoa.o)
 .rodata.str1.1
                0x2000ce02        0xa c:/isis/application/toolchain/bin/../lib/gcc/arm-none-eabi/4.7.4/../../../../arm-none-eabi/lib\libc_s.a(lib_a-locale.o)
                                  0xb (size before relaxing)
 *fill*         0x2000ce0c        0x4 00
 .rodata.__mprec_tens
                0x2000ce10       0xc8 c:/isis/application/toolchain/bin/../lib/gcc/arm-none-eabi/4.7.4/../../../../arm-none-eabi/lib\libc_s.a(lib_a-mprec.o)
                0x2000ce10                __mprec_tens
 .rodata.p05.5252
                0x2000ced8        0xc c:/isis/application/toolchain/bin/../lib/gcc/arm-none-eabi/4.7.4/../../../../arm-none-eabi/lib\libc_s.a(lib_a-mprec.o)
 *fill*         0x2000cee4        0x4 00
 .rodata.__mprec_bigtens
                0x2000cee8       0x28 c:/isis/application/toolchain/bin/../lib/gcc/arm-none-eabi/4.7.4/../../../../arm-none-eabi/lib\libc_s.a(lib_a-mprec.o)
                0x2000cee8                __mprec_bigtens
 .rodata.str1.1
                0x00000000        0xa c:/isis/application/toolchain/bin/../lib/gcc/arm-none-eabi/4.7.4/../../../../arm-none-eabi/lib\libc_s.a(lib_a-strtod.o)
                                  0xc (size before relaxing)
 .rodata.tinytens
                0x2000cf10       0x28 c:/isis/application/toolchain/bin/../lib/gcc/arm-none-eabi/4.7.4/../../../../arm-none-eabi/lib\libc_s.a(lib_a-strtod.o)
 .rodata.str1.1
                0x2000cf38       0x11 c:/isis/application/toolchain/bin/../lib/gcc/arm-none-eabi/4.7.4/../../../../arm-none-eabi/lib\libc_s.a(lib_a-svfprintf.o)
 .rodata._ctype_
                0x2000cf49      0x101 c:/isis/application/toolchain/bin/../lib/gcc/arm-none-eabi/4.7.4/../../../../arm-none-eabi/lib\libc_s.a(lib_a-ctype_.o)
                0x2000cf49                _ctype_
 .rodata.str1.1
                0x2000d04a        0xb c:/isis/application/toolchain/bin/../lib/gcc/arm-none-eabi/4.7.4/../../../../arm-none-eabi/lib\libc_s.a(lib_a-gdtoa-gethex.o)
                                 0x19 (size before relaxing)
 .rodata.str1.1
                0x00000000        0x2 c:/isis/application/toolchain/bin/../lib/gcc/arm-none-eabi/4.7.4/../../../../arm-none-eabi/lib\libc_s.a(lib_a-impure.o)
 *fill*         0x2000d055        0x3 00
 .rodata._global_impure_ptr
                0x2000d058        0x4 c:/isis/application/toolchain/bin/../lib/gcc/arm-none-eabi/4.7.4/../../../../arm-none-eabi/lib\libc_s.a(lib_a-impure.o)
                0x2000d058                _global_impure_ptr
 .rodata.str1.1
                0x00000000       0x11 c:/isis/application/toolchain/bin/../lib/gcc/arm-none-eabi/4.7.4/../../../../arm-none-eabi/lib\libc_s.a(lib_a-vfprintf.o)
 .rodata.__sf_fake_stdin
                0x2000d05c       0x20 c:/isis/application/toolchain/bin/../lib/gcc/arm-none-eabi/4.7.4/../../../../arm-none-eabi/lib\libc_s.a(lib_a-findfp.o)
                0x2000d05c                __sf_fake_stdin
 .rodata.__sf_fake_stdout
                0x2000d07c       0x20 c:/isis/application/toolchain/bin/../lib/gcc/arm-none-eabi/4.7.4/../../../../arm-none-eabi/lib\libc_s.a(lib_a-findfp.o)
                0x2000d07c                __sf_fake_stdout
 .rodata.__sf_fake_stderr
                0x2000d09c       0x20 c:/isis/application/toolchain/bin/../lib/gcc/arm-none-eabi/4.7.4/../../../../arm-none-eabi/lib\libc_s.a(lib_a-findfp.o)
                0x2000d09c                __sf_fake_stderr
 *(.rodata.*)
 *(.glue_7)
 .glue_7        0x00000000        0x0 linker stubs
 *(.glue_7t)
 .glue_7t       0x00000000        0x0 linker stubs
 *(.vfp11_veneer)
 .vfp11_veneer  0x00000000        0x0 linker stubs
 *(.v4_bx)
 .v4_bx         0x00000000        0x0 linker stubs
 *(.data)
 .data          0x2000d0bc        0xc C:/HOOPOE3/satellite-subsystems/demo/../..//hal/hal/lib\libHALD.a(SPI.o)
 .data          0x2000d0c8       0x10 C:/HOOPOE3/satellite-subsystems/demo/../..//hal/hal/lib\libHALD.a(FRAM.o)
 .data          0x2000d0d8        0x4 C:/HOOPOE3/satellite-subsystems/demo/../..//hal/freertos/lib\libFreeRTOSD.a(tasks.o)
 .data          0x2000d0dc        0x4 C:/HOOPOE3/satellite-subsystems/demo/../..//hal/freertos/lib\libFreeRTOSD.a(port.o)
                0x2000d0dc                ulCriticalNesting
 *(.data.*)
 .data.lconv    0x2000d0e0       0x38 c:/isis/application/toolchain/bin/../lib/gcc/arm-none-eabi/4.7.4/../../../../arm-none-eabi/lib\libc_s.a(lib_a-locale.o)
 .data.fpi.5208
                0x2000d118       0x14 c:/isis/application/toolchain/bin/../lib/gcc/arm-none-eabi/4.7.4/../../../../arm-none-eabi/lib\libc_s.a(lib_a-strtod.o)
 .data.fpinan.5244
                0x2000d12c       0x14 c:/isis/application/toolchain/bin/../lib/gcc/arm-none-eabi/4.7.4/../../../../arm-none-eabi/lib\libc_s.a(lib_a-strtod.o)
 .data.__ctype_ptr__
                0x2000d140        0x4 c:/isis/application/toolchain/bin/../lib/gcc/arm-none-eabi/4.7.4/../../../../arm-none-eabi/lib\libc_s.a(lib_a-ctype_.o)
                0x2000d140                __ctype_ptr__
 .data.impure_data
                0x2000d144       0x64 c:/isis/application/toolchain/bin/../lib/gcc/arm-none-eabi/4.7.4/../../../../arm-none-eabi/lib\libc_s.a(lib_a-impure.o)
 .data._impure_ptr
                0x2000d1a8        0x4 c:/isis/application/toolchain/bin/../lib/gcc/arm-none-eabi/4.7.4/../../../../arm-none-eabi/lib\libc_s.a(lib_a-impure.o)
                0x2000d1a8                _impure_ptr
 *(.dyn)
 *(.iplt)
 .iplt          0x00000000        0x0 c:/isis/application/toolchain/bin/../lib/gcc/arm-none-eabi/4.7.4/../../../../arm-none-eabi/lib\libc_s.a(lib_a-vfprintf_float.o)
 *(.igot)
 *(.igot.plt)
 .igot.plt      0x00000000        0x0 c:/isis/application/toolchain/bin/../lib/gcc/arm-none-eabi/4.7.4/../../../../arm-none-eabi/lib\libc_s.a(lib_a-vfprintf_float.o)
 *(.rel.dyn)
 *(.rel.iplt)
 .rel.iplt      0x00000000        0x0 c:/isis/application/toolchain/bin/../lib/gcc/arm-none-eabi/4.7.4/../../../../arm-none-eabi/lib\libc_s.a(lib_a-vfprintf_float.o)
                0x2000d1ac                . = ALIGN (0x4)
                0x2000d1ac                _efixed = .

.ARM.exidx      0x2000d1ac        0x0
 *(.ARM.exidx)
                0x2000d1ac                _eexidx = .

.ARM.extab      0x2000d1ac        0x0
 *(.ARM.extab)
                0x2000d1ac                _eextab = .

.prerelocate    0x00000000        0x0 load address 0x2000d1ac
                0x00000000                . = ALIGN (0x4)
                0x00000000                _sprerelocate = .
                0x00000000                . = ALIGN (0x4)
                0x00000000                _eprerelocate = .

.postrelocate   0x00200000      0xcc0 load address 0x2000d1ac
                0x00200000                . = ALIGN (0x4)
                0x00200000                _spostrelocate = .
 *(.vectors)
 .vectors       0x00200000       0xd4 C:/HOOPOE3/satellite-subsystems/demo/../..//hal/at91/lib\libAt91D.a(board_cstartup.o)
 *(.sramfunc)
 .sramfunc      0x002000d4      0xa58 C:/HOOPOE3/satellite-subsystems/demo/../..//hal/hal/lib\libHALD.a(SPI.o)
                0x002000d4                taskSPI0regulator
                0x0020057c                taskSPI1regulator
                0x00200900                ISR_SPI0master
                0x002009c0                ISR_SPI1master
 .sramfunc      0x00200b2c       0xf0 C:/HOOPOE3/satellite-subsystems/demo/../..//hal/freertos/lib\libFreeRTOSD.a(port.o)
                0x00200b2c                vPortTickISR
                0x00200b68                vPortYieldProcessor
 .sramfunc      0x00200c1c       0x48 C:/HOOPOE3/satellite-subsystems/demo/../..//hal/at91/lib\libAt91D.a(ExitHandler.o)
                0x00200c1c                gracefulReset
 *fill*         0x00200c64        0x4 00
 .sramfunc.stub
                0x00200c68       0x58 linker stubs
 *(.ramfunc)
                0x00200cc0                . = ALIGN (0x4)
                0x00200cc0                _epostrelocate = .

.sramdata       0x00300000        0x4 load address 0x2000de6c
                0x00300000                . = ALIGN (0x4)
                0x00300000                _ssramdata = .
 *(.sramdata)
 .sramdata      0x00300000        0x4 C:/HOOPOE3/satellite-subsystems/demo/../..//hal/hal/lib\libHALD.a(WatchDogTimerNoOS.o)
                0x00300004                . = ALIGN (0x4)
                0x00300004                _esramdata = .

.srambss        0x00300004        0x0
                0x00300004                . = ALIGN (0x4)
                0x00300004                _ssrambss = .
 *(.srambss)
                0x00300004                . = ALIGN (0x4)
                0x00300004                _esrambss = .

.bss            0x2000d1ac      0x56c
                0x2000d1ac                _szero = .
 *(.bss)
 .bss           0x2000d1ac       0x50 C:/HOOPOE3/satellite-subsystems/demo/../..//hal/hal/lib\libHALD.a(SPI.o)
 .bss           0x2000d1fc      0x214 C:/HOOPOE3/satellite-subsystems/demo/../..//hal/hal/lib\libHALD.a(FRAM.o)
 .bss           0x2000d410       0xfc C:/HOOPOE3/satellite-subsystems/demo/../..//hal/freertos/lib\libFreeRTOSD.a(tasks.o)
                0x2000d410                pxCurrentTCB
 .bss           0x2000d50c        0x4 C:/HOOPOE3/satellite-subsystems/demo/../..//hal/at91/lib\libAt91D.a(syscalls.o)
 *(.bss.*)
 .bss.__malloc_free_list
                0x2000d510        0x4 c:/isis/application/toolchain/bin/../lib/gcc/arm-none-eabi/4.7.4/../../../../arm-none-eabi/lib\libc_s.a(lib_a-mallocr.o)
                0x2000d510                __malloc_free_list
 *(COMMON)
 COMMON         0x2000d514      0x100 c:/isis/application/toolchain/bin/../lib/gcc/arm-none-eabi/4.7.4/../../../../arm-none-eabi/lib\libc_s.a(lib_a-gdtoa-gethex.o)
                0x2000d514                __hexdig
 COMMON         0x2000d614        0x4 c:/isis/application/toolchain/bin/../lib/gcc/arm-none-eabi/4.7.4/../../../../arm-none-eabi/lib\libc_s.a(lib_a-reent.o)
                0x2000d614                errno
 COMMON         0x2000d618      0x100 C:/HOOPOE3/satellite-subsystems/demo/../..//hal/freertos/lib\libFreeRTOSD.a(queue.o)
                0x2000d618                xQueueRegistry
 *(COMMON.*)
                0x2000d718                . = ALIGN (0x4)
                0x2000d718                _ezero = .
                0x2000d718                _sheap_ = .
                0x21700000                _eheap_ = 0x21700000
                0x21fffc00                _sstack = 0x21fffc00
                0x2000d718                end = .
OUTPUT(Hoopoe3.elf elf32-littlearm)

.ARM.attributes
                0x00000000       0x30
 .ARM.attributes
                0x00000000       0x30 c:/isis/application/toolchain/bin/../lib/gcc/arm-none-eabi/4.7.4/../../../../arm-none-eabi/lib\libc_s.a(lib_a-vfprintf_float.o)
 .ARM.attributes
                0x00000030       0x30 c:/isis/application/toolchain/bin/../lib/gcc/arm-none-eabi/4.7.4/../../../../arm-none-eabi/lib\libc_s.a(lib_a-vfprintf_i.o)
 .ARM.attributes
                0x00000060       0x30 c:/isis/application/toolchain/bin/../lib/gcc/arm-none-eabi/4.7.4/../../../../arm-none-eabi/lib\libc_s.a(lib_a-vfscanf_float.o)
 .ARM.attributes
                0x00000090       0x30 c:/isis/application/toolchain/bin/../lib/gcc/arm-none-eabi/4.7.4/../../../../arm-none-eabi/lib\libc_s.a(lib_a-dtoa.o)
 .ARM.attributes
                0x000000c0       0x30 c:/isis/application/toolchain/bin/../lib/gcc/arm-none-eabi/4.7.4/../../../../arm-none-eabi/lib\libc_s.a(lib_a-locale.o)
 .ARM.attributes
                0x000000f0       0x30 c:/isis/application/toolchain/bin/../lib/gcc/arm-none-eabi/4.7.4/../../../../arm-none-eabi/lib\libc_s.a(lib_a-malloc.o)
 .ARM.attributes
                0x00000120       0x30 c:/isis/application/toolchain/bin/../lib/gcc/arm-none-eabi/4.7.4/../../../../arm-none-eabi/lib\libc_s.a(lib_a-mallocr.o)
 .ARM.attributes
                0x00000150       0x30 c:/isis/application/toolchain/bin/../lib/gcc/arm-none-eabi/4.7.4/../../../../arm-none-eabi/lib\libc_s.a(lib_a-memcpy.o)
 .ARM.attributes
                0x00000180       0x30 c:/isis/application/toolchain/bin/../lib/gcc/arm-none-eabi/4.7.4/../../../../arm-none-eabi/lib\libc_s.a(lib_a-mprec.o)
 .ARM.attributes
                0x000001b0       0x30 c:/isis/application/toolchain/bin/../lib/gcc/arm-none-eabi/4.7.4/../../../../arm-none-eabi/lib\libc_s.a(lib_a-s_fpclassify.o)
 .ARM.attributes
                0x000001e0       0x30 c:/isis/application/toolchain/bin/../lib/gcc/arm-none-eabi/4.7.4/../../../../arm-none-eabi/lib\libc_s.a(lib_a-sbrkr.o)
 .ARM.attributes
                0x00000210       0x30 c:/isis/application/toolchain/bin/../lib/gcc/arm-none-eabi/4.7.4/../../../../arm-none-eabi/lib\libc_s.a(lib_a-sf_nan.o)
 .ARM.attributes
                0x00000240       0x30 c:/isis/application/toolchain/bin/../lib/gcc/arm-none-eabi/4.7.4/../../../../arm-none-eabi/lib\libc_s.a(lib_a-sprintf.o)
 .ARM.attributes
                0x00000270       0x30 c:/isis/application/toolchain/bin/../lib/gcc/arm-none-eabi/4.7.4/../../../../arm-none-eabi/lib\libc_s.a(lib_a-strlen.o)
 .ARM.attributes
                0x000002a0       0x30 c:/isis/application/toolchain/bin/../lib/gcc/arm-none-eabi/4.7.4/../../../../arm-none-eabi/lib\libc_s.a(lib_a-strtod.o)
 .ARM.attributes
                0x000002d0       0x30 c:/isis/application/toolchain/bin/../lib/gcc/arm-none-eabi/4.7.4/../../../../arm-none-eabi/lib\libc_s.a(lib_a-strtol.o)
 .ARM.attributes
                0x00000300       0x30 c:/isis/application/toolchain/bin/../lib/gcc/arm-none-eabi/4.7.4/../../../../arm-none-eabi/lib\libc_s.a(lib_a-svfprintf.o)
 .ARM.attributes
                0x00000330       0x30 c:/isis/application/toolchain/bin/../lib/gcc/arm-none-eabi/4.7.4/../../../../arm-none-eabi/lib\libc_s.a(lib_a-callocr.o)
 .ARM.attributes
                0x00000360       0x30 c:/isis/application/toolchain/bin/../lib/gcc/arm-none-eabi/4.7.4/../../../../arm-none-eabi/lib\libc_s.a(lib_a-ctype_.o)
 .ARM.attributes
                0x00000390       0x30 c:/isis/application/toolchain/bin/../lib/gcc/arm-none-eabi/4.7.4/../../../../arm-none-eabi/lib\libc_s.a(lib_a-freer.o)
 .ARM.attributes
                0x000003c0       0x30 c:/isis/application/toolchain/bin/../lib/gcc/arm-none-eabi/4.7.4/../../../../arm-none-eabi/lib\libc_s.a(lib_a-gdtoa-gethex.o)
 .ARM.attributes
                0x000003f0       0x30 c:/isis/application/toolchain/bin/../lib/gcc/arm-none-eabi/4.7.4/../../../../arm-none-eabi/lib\libc_s.a(lib_a-gdtoa-hexnan.o)
 .ARM.attributes
                0x00000420       0x30 c:/isis/application/toolchain/bin/../lib/gcc/arm-none-eabi/4.7.4/../../../../arm-none-eabi/lib\libc_s.a(lib_a-impure.o)
 .ARM.attributes
                0x00000450       0x30 c:/isis/application/toolchain/bin/../lib/gcc/arm-none-eabi/4.7.4/../../../../arm-none-eabi/lib\libc_s.a(lib_a-memchr.o)
 .ARM.attributes
                0x00000480       0x30 c:/isis/application/toolchain/bin/../lib/gcc/arm-none-eabi/4.7.4/../../../../arm-none-eabi/lib\libc_s.a(lib_a-memset.o)
 .ARM.attributes
                0x000004b0       0x30 c:/isis/application/toolchain/bin/../lib/gcc/arm-none-eabi/4.7.4/../../../../arm-none-eabi/lib\libc_s.a(lib_a-reallocr.o)
 .ARM.attributes
                0x000004e0       0x30 c:/isis/application/toolchain/bin/../lib/gcc/arm-none-eabi/4.7.4/../../../../arm-none-eabi/lib\libc_s.a(lib_a-reent.o)
 .ARM.attributes
                0x00000510       0x30 c:/isis/application/toolchain/bin/../lib/gcc/arm-none-eabi/4.7.4/../../../../arm-none-eabi/lib\libc_s.a(lib_a-strncmp.o)
 .ARM.attributes
                0x00000540       0x30 c:/isis/application/toolchain/bin/../lib/gcc/arm-none-eabi/4.7.4/../../../../arm-none-eabi/lib\libc_s.a(lib_a-msizer.o)
 .ARM.attributes
                0x00000570       0x32 ./src/main.o
 .ARM.attributes
                0x000005a2       0x32 C:/HOOPOE3/satellite-subsystems/demo/../..//hal/hal/lib\libHALD.a(SPI.o)
 .ARM.attributes
                0x000005d4       0x32 C:/HOOPOE3/satellite-subsystems/demo/../..//hal/hal/lib\libHALD.a(FRAM.o)
 .ARM.attributes
                0x00000606       0x32 C:/HOOPOE3/satellite-subsystems/demo/../..//hal/hal/lib\libHALD.a(WatchDogTimerNoOS.o)
 .ARM.attributes
                0x00000638       0x32 C:/HOOPOE3/satellite-subsystems/demo/../..//hal/freertos/lib\libFreeRTOSD.a(list.o)
 .ARM.attributes
                0x0000066a       0x32 C:/HOOPOE3/satellite-subsystems/demo/../..//hal/freertos/lib\libFreeRTOSD.a(queue.o)
 .ARM.attributes
                0x0000069c       0x32 C:/HOOPOE3/satellite-subsystems/demo/../..//hal/freertos/lib\libFreeRTOSD.a(tasks.o)
 .ARM.attributes
                0x000006ce       0x32 C:/HOOPOE3/satellite-subsystems/demo/../..//hal/freertos/lib\libFreeRTOSD.a(hooks.o)
 .ARM.attributes
                0x00000700       0x32 C:/HOOPOE3/satellite-subsystems/demo/../..//hal/freertos/lib\libFreeRTOSD.a(standardMemMang.o)
 .ARM.attributes
                0x00000732       0x32 C:/HOOPOE3/satellite-subsystems/demo/../..//hal/freertos/lib\libFreeRTOSD.a(port.o)
 .ARM.attributes
                0x00000764       0x32 C:/HOOPOE3/satellite-subsystems/demo/../..//hal/at91/lib\libAt91D.a(syscalls.o)
 .ARM.attributes
                0x00000796       0x32 C:/HOOPOE3/satellite-subsystems/demo/../..//hal/at91/lib\libAt91D.a(board_lowlevel.o)
 .ARM.attributes
                0x000007c8       0x32 C:/HOOPOE3/satellite-subsystems/demo/../..//hal/at91/lib\libAt91D.a(board_memories.o)
 .ARM.attributes
                0x000007fa       0x32 C:/HOOPOE3/satellite-subsystems/demo/../..//hal/at91/lib\libAt91D.a(aic.o)
 .ARM.attributes
                0x0000082c       0x32 C:/HOOPOE3/satellite-subsystems/demo/../..//hal/at91/lib\libAt91D.a(cp15.o)
 .ARM.attributes
                0x0000085e       0x32 C:/HOOPOE3/satellite-subsystems/demo/../..//hal/at91/lib\libAt91D.a(dbgu.o)
 .ARM.attributes
                0x00000890       0x32 C:/HOOPOE3/satellite-subsystems/demo/../..//hal/at91/lib\libAt91D.a(pio.o)
 .ARM.attributes
                0x000008c2       0x32 C:/HOOPOE3/satellite-subsystems/demo/../..//hal/at91/lib\libAt91D.a(pit.o)
 .ARM.attributes
                0x000008f4       0x32 C:/HOOPOE3/satellite-subsystems/demo/../..//hal/at91/lib\libAt91D.a(pmc.o)
 .ARM.attributes
                0x00000926       0x32 C:/HOOPOE3/satellite-subsystems/demo/../..//hal/at91/lib\libAt91D.a(spi_at91.o)
 .ARM.attributes
                0x00000958       0x32 C:/HOOPOE3/satellite-subsystems/demo/../..//hal/at91/lib\libAt91D.a(ExitHandler.o)
 .ARM.attributes
                0x0000098a       0x22 C:/HOOPOE3/satellite-subsystems/demo/../..//hal/at91/lib\libAt91D.a(board_cstartup.o)
 .ARM.attributes
                0x000009ac       0x22 C:/HOOPOE3/satellite-subsystems/demo/../..//hal/at91/lib\libAt91D.a(cp15_asm.o)
 .ARM.attributes
                0x000009ce       0x18 c:/isis/application/toolchain/bin/../lib/gcc/arm-none-eabi/4.7.4\libgcc.a(_udivsi3.o)
 .ARM.attributes
                0x000009e6       0x18 c:/isis/application/toolchain/bin/../lib/gcc/arm-none-eabi/4.7.4\libgcc.a(_divsi3.o)
 .ARM.attributes
                0x000009fe       0x18 c:/isis/application/toolchain/bin/../lib/gcc/arm-none-eabi/4.7.4\libgcc.a(_dvmd_tls.o)
 .ARM.attributes
                0x00000a16       0x18 c:/isis/application/toolchain/bin/../lib/gcc/arm-none-eabi/4.7.4\libgcc.a(_arm_addsubdf3.o)
 .ARM.attributes
                0x00000a2e       0x18 c:/isis/application/toolchain/bin/../lib/gcc/arm-none-eabi/4.7.4\libgcc.a(_arm_muldivdf3.o)
 .ARM.attributes
                0x00000a46       0x18 c:/isis/application/toolchain/bin/../lib/gcc/arm-none-eabi/4.7.4\libgcc.a(_arm_cmpdf2.o)
 .ARM.attributes
                0x00000a5e       0x18 c:/isis/application/toolchain/bin/../lib/gcc/arm-none-eabi/4.7.4\libgcc.a(_arm_fixdfsi.o)
 .ARM.attributes
                0x00000a76       0x18 c:/isis/application/toolchain/bin/../lib/gcc/arm-none-eabi/4.7.4\libgcc.a(_arm_fixunsdfsi.o)
 .ARM.attributes
                0x00000a8e       0x18 c:/isis/application/toolchain/bin/../lib/gcc/arm-none-eabi/4.7.4\libgcc.a(_arm_truncdfsf2.o)
 .ARM.attributes
                0x00000aa6       0x30 c:/isis/application/toolchain/bin/../lib/gcc/arm-none-eabi/4.7.4/../../../../arm-none-eabi/lib\libc_s.a(lib_a-errno.o)
 .ARM.attributes
                0x00000ad6       0x30 c:/isis/application/toolchain/bin/../lib/gcc/arm-none-eabi/4.7.4/../../../../arm-none-eabi/lib\libc_s.a(lib_a-printf.o)
 .ARM.attributes
                0x00000b06       0x30 c:/isis/application/toolchain/bin/../lib/gcc/arm-none-eabi/4.7.4/../../../../arm-none-eabi/lib\libc_s.a(lib_a-puts.o)
 .ARM.attributes
                0x00000b36       0x30 c:/isis/application/toolchain/bin/../lib/gcc/arm-none-eabi/4.7.4/../../../../arm-none-eabi/lib\libc_s.a(lib_a-vfprintf.o)
 .ARM.attributes
                0x00000b66       0x30 c:/isis/application/toolchain/bin/../lib/gcc/arm-none-eabi/4.7.4/../../../../arm-none-eabi/lib\libc_s.a(lib_a-wbuf.o)
 .ARM.attributes
                0x00000b96       0x30 c:/isis/application/toolchain/bin/../lib/gcc/arm-none-eabi/4.7.4/../../../../arm-none-eabi/lib\libc_s.a(lib_a-wsetup.o)
 .ARM.attributes
                0x00000bc6       0x30 c:/isis/application/toolchain/bin/../lib/gcc/arm-none-eabi/4.7.4/../../../../arm-none-eabi/lib\libc_s.a(lib_a-fflush.o)
 .ARM.attributes
                0x00000bf6       0x30 c:/isis/application/toolchain/bin/../lib/gcc/arm-none-eabi/4.7.4/../../../../arm-none-eabi/lib\libc_s.a(lib_a-findfp.o)
 .ARM.attributes
                0x00000c26       0x30 c:/isis/application/toolchain/bin/../lib/gcc/arm-none-eabi/4.7.4/../../../../arm-none-eabi/lib\libc_s.a(lib_a-makebuf.o)
 .ARM.attributes
                0x00000c56       0x30 c:/isis/application/toolchain/bin/../lib/gcc/arm-none-eabi/4.7.4/../../../../arm-none-eabi/lib\libc_s.a(lib_a-putc.o)
 .ARM.attributes
                0x00000c86       0x30 c:/isis/application/toolchain/bin/../lib/gcc/arm-none-eabi/4.7.4/../../../../arm-none-eabi/lib\libc_s.a(lib_a-stdio.o)
 .ARM.attributes
                0x00000cb6       0x30 c:/isis/application/toolchain/bin/../lib/gcc/arm-none-eabi/4.7.4/../../../../arm-none-eabi/lib\libc_s.a(lib_a-writer.o)
 .ARM.attributes
                0x00000ce6       0x30 c:/isis/application/toolchain/bin/../lib/gcc/arm-none-eabi/4.7.4/../../../../arm-none-eabi/lib\libc_s.a(lib_a-closer.o)
 .ARM.attributes
                0x00000d16       0x30 c:/isis/application/toolchain/bin/../lib/gcc/arm-none-eabi/4.7.4/../../../../arm-none-eabi/lib\libc_s.a(lib_a-fstatr.o)
 .ARM.attributes
                0x00000d46       0x30 c:/isis/application/toolchain/bin/../lib/gcc/arm-none-eabi/4.7.4/../../../../arm-none-eabi/lib\libc_s.a(lib_a-isattyr.o)
 .ARM.attributes
                0x00000d76       0x30 c:/isis/application/toolchain/bin/../lib/gcc/arm-none-eabi/4.7.4/../../../../arm-none-eabi/lib\libc_s.a(lib_a-lseekr.o)
 .ARM.attributes
                0x00000da6       0x30 c:/isis/application/toolchain/bin/../lib/gcc/arm-none-eabi/4.7.4/../../../../arm-none-eabi/lib\libc_s.a(lib_a-readr.o)

.comment        0x00000000       0x70
 .comment       0x00000000       0x70 ./src/main.o
                                 0x71 (size before relaxing)
 .comment       0x00000000       0x71 C:/HOOPOE3/satellite-subsystems/demo/../..//hal/hal/lib\libHALD.a(SPI.o)
 .comment       0x00000000       0x71 C:/HOOPOE3/satellite-subsystems/demo/../..//hal/hal/lib\libHALD.a(FRAM.o)
 .comment       0x00000000       0x71 C:/HOOPOE3/satellite-subsystems/demo/../..//hal/hal/lib\libHALD.a(WatchDogTimerNoOS.o)
 .comment       0x00000000       0x71 C:/HOOPOE3/satellite-subsystems/demo/../..//hal/freertos/lib\libFreeRTOSD.a(list.o)
 .comment       0x00000000       0x71 C:/HOOPOE3/satellite-subsystems/demo/../..//hal/freertos/lib\libFreeRTOSD.a(queue.o)
 .comment       0x00000000       0x71 C:/HOOPOE3/satellite-subsystems/demo/../..//hal/freertos/lib\libFreeRTOSD.a(tasks.o)
 .comment       0x00000000       0x71 C:/HOOPOE3/satellite-subsystems/demo/../..//hal/freertos/lib\libFreeRTOSD.a(hooks.o)
 .comment       0x00000000       0x71 C:/HOOPOE3/satellite-subsystems/demo/../..//hal/freertos/lib\libFreeRTOSD.a(standardMemMang.o)
 .comment       0x00000000       0x71 C:/HOOPOE3/satellite-subsystems/demo/../..//hal/freertos/lib\libFreeRTOSD.a(port.o)
 .comment       0x00000000       0x71 C:/HOOPOE3/satellite-subsystems/demo/../..//hal/at91/lib\libAt91D.a(syscalls.o)
 .comment       0x00000000       0x71 C:/HOOPOE3/satellite-subsystems/demo/../..//hal/at91/lib\libAt91D.a(board_lowlevel.o)
 .comment       0x00000000       0x71 C:/HOOPOE3/satellite-subsystems/demo/../..//hal/at91/lib\libAt91D.a(board_memories.o)
 .comment       0x00000000       0x71 C:/HOOPOE3/satellite-subsystems/demo/../..//hal/at91/lib\libAt91D.a(aic.o)
 .comment       0x00000000       0x71 C:/HOOPOE3/satellite-subsystems/demo/../..//hal/at91/lib\libAt91D.a(cp15.o)
 .comment       0x00000000       0x71 C:/HOOPOE3/satellite-subsystems/demo/../..//hal/at91/lib\libAt91D.a(dbgu.o)
 .comment       0x00000000       0x71 C:/HOOPOE3/satellite-subsystems/demo/../..//hal/at91/lib\libAt91D.a(pio.o)
 .comment       0x00000000       0x71 C:/HOOPOE3/satellite-subsystems/demo/../..//hal/at91/lib\libAt91D.a(pit.o)
 .comment       0x00000000       0x71 C:/HOOPOE3/satellite-subsystems/demo/../..//hal/at91/lib\libAt91D.a(pmc.o)
 .comment       0x00000000       0x71 C:/HOOPOE3/satellite-subsystems/demo/../..//hal/at91/lib\libAt91D.a(spi_at91.o)
 .comment       0x00000000       0x71 C:/HOOPOE3/satellite-subsystems/demo/../..//hal/at91/lib\libAt91D.a(ExitHandler.o)

.debug_frame    0x00000000     0x2518
 .debug_frame   0x00000000       0x80 c:/isis/application/toolchain/bin/../lib/gcc/arm-none-eabi/4.7.4/../../../../arm-none-eabi/lib\libc_s.a(lib_a-vfprintf_float.o)
 .debug_frame   0x00000080       0x5c c:/isis/application/toolchain/bin/../lib/gcc/arm-none-eabi/4.7.4/../../../../arm-none-eabi/lib\libc_s.a(lib_a-vfprintf_i.o)
 .debug_frame   0x000000dc       0x38 c:/isis/application/toolchain/bin/../lib/gcc/arm-none-eabi/4.7.4/../../../../arm-none-eabi/lib\libc_s.a(lib_a-vfscanf_float.o)
 .debug_frame   0x00000114       0x64 c:/isis/application/toolchain/bin/../lib/gcc/arm-none-eabi/4.7.4/../../../../arm-none-eabi/lib\libc_s.a(lib_a-dtoa.o)
 .debug_frame   0x00000178       0x98 c:/isis/application/toolchain/bin/../lib/gcc/arm-none-eabi/4.7.4/../../../../arm-none-eabi/lib\libc_s.a(lib_a-locale.o)
 .debug_frame   0x00000210       0x40 c:/isis/application/toolchain/bin/../lib/gcc/arm-none-eabi/4.7.4/../../../../arm-none-eabi/lib\libc_s.a(lib_a-malloc.o)
 .debug_frame   0x00000250       0x2c c:/isis/application/toolchain/bin/../lib/gcc/arm-none-eabi/4.7.4/../../../../arm-none-eabi/lib\libc_s.a(lib_a-mallocr.o)
 .debug_frame   0x0000027c       0x20 c:/isis/application/toolchain/bin/../lib/gcc/arm-none-eabi/4.7.4/../../../../arm-none-eabi/lib\libc_s.a(lib_a-memcpy.o)
 .debug_frame   0x0000029c      0x22c c:/isis/application/toolchain/bin/../lib/gcc/arm-none-eabi/4.7.4/../../../../arm-none-eabi/lib\libc_s.a(lib_a-mprec.o)
 .debug_frame   0x000004c8       0x20 c:/isis/application/toolchain/bin/../lib/gcc/arm-none-eabi/4.7.4/../../../../arm-none-eabi/lib\libc_s.a(lib_a-s_fpclassify.o)
 .debug_frame   0x000004e8       0x2c c:/isis/application/toolchain/bin/../lib/gcc/arm-none-eabi/4.7.4/../../../../arm-none-eabi/lib\libc_s.a(lib_a-sbrkr.o)
 .debug_frame   0x00000514       0x20 c:/isis/application/toolchain/bin/../lib/gcc/arm-none-eabi/4.7.4/../../../../arm-none-eabi/lib\libc_s.a(lib_a-sf_nan.o)
 .debug_frame   0x00000534       0x54 c:/isis/application/toolchain/bin/../lib/gcc/arm-none-eabi/4.7.4/../../../../arm-none-eabi/lib\libc_s.a(lib_a-sprintf.o)
 .debug_frame   0x00000588       0x20 c:/isis/application/toolchain/bin/../lib/gcc/arm-none-eabi/4.7.4/../../../../arm-none-eabi/lib\libc_s.a(lib_a-strlen.o)
 .debug_frame   0x000005a8       0x80 c:/isis/application/toolchain/bin/../lib/gcc/arm-none-eabi/4.7.4/../../../../arm-none-eabi/lib\libc_s.a(lib_a-strtod.o)
 .debug_frame   0x00000628       0x54 c:/isis/application/toolchain/bin/../lib/gcc/arm-none-eabi/4.7.4/../../../../arm-none-eabi/lib\libc_s.a(lib_a-strtol.o)
 .debug_frame   0x0000067c       0x88 c:/isis/application/toolchain/bin/../lib/gcc/arm-none-eabi/4.7.4/../../../../arm-none-eabi/lib\libc_s.a(lib_a-svfprintf.o)
 .debug_frame   0x00000704       0x2c c:/isis/application/toolchain/bin/../lib/gcc/arm-none-eabi/4.7.4/../../../../arm-none-eabi/lib\libc_s.a(lib_a-callocr.o)
 .debug_frame   0x00000730       0x28 c:/isis/application/toolchain/bin/../lib/gcc/arm-none-eabi/4.7.4/../../../../arm-none-eabi/lib\libc_s.a(lib_a-freer.o)
 .debug_frame   0x00000758       0x84 c:/isis/application/toolchain/bin/../lib/gcc/arm-none-eabi/4.7.4/../../../../arm-none-eabi/lib\libc_s.a(lib_a-gdtoa-gethex.o)
 .debug_frame   0x000007dc       0x54 c:/isis/application/toolchain/bin/../lib/gcc/arm-none-eabi/4.7.4/../../../../arm-none-eabi/lib\libc_s.a(lib_a-gdtoa-hexnan.o)
 .debug_frame   0x00000830       0x20 c:/isis/application/toolchain/bin/../lib/gcc/arm-none-eabi/4.7.4/../../../../arm-none-eabi/lib\libc_s.a(lib_a-memchr.o)
 .debug_frame   0x00000850       0x20 c:/isis/application/toolchain/bin/../lib/gcc/arm-none-eabi/4.7.4/../../../../arm-none-eabi/lib\libc_s.a(lib_a-memset.o)
 .debug_frame   0x00000870       0x30 c:/isis/application/toolchain/bin/../lib/gcc/arm-none-eabi/4.7.4/../../../../arm-none-eabi/lib\libc_s.a(lib_a-reallocr.o)
 .debug_frame   0x000008a0       0x64 c:/isis/application/toolchain/bin/../lib/gcc/arm-none-eabi/4.7.4/../../../../arm-none-eabi/lib\libc_s.a(lib_a-reent.o)
 .debug_frame   0x00000904       0x28 c:/isis/application/toolchain/bin/../lib/gcc/arm-none-eabi/4.7.4/../../../../arm-none-eabi/lib\libc_s.a(lib_a-strncmp.o)
 .debug_frame   0x0000092c       0x20 c:/isis/application/toolchain/bin/../lib/gcc/arm-none-eabi/4.7.4/../../../../arm-none-eabi/lib\libc_s.a(lib_a-msizer.o)
 .debug_frame   0x0000094c       0x80 ./src/main.o
 .debug_frame   0x000009cc      0x160 C:/HOOPOE3/satellite-subsystems/demo/../..//hal/hal/lib\libHALD.a(SPI.o)
 .debug_frame   0x00000b2c      0x194 C:/HOOPOE3/satellite-subsystems/demo/../..//hal/hal/lib\libHALD.a(FRAM.o)
 .debug_frame   0x00000cc0       0x64 C:/HOOPOE3/satellite-subsystems/demo/../..//hal/hal/lib\libHALD.a(WatchDogTimerNoOS.o)
 .debug_frame   0x00000d24       0x88 C:/HOOPOE3/satellite-subsystems/demo/../..//hal/freertos/lib\libFreeRTOSD.a(list.o)
 .debug_frame   0x00000dac      0x2b0 C:/HOOPOE3/satellite-subsystems/demo/../..//hal/freertos/lib\libFreeRTOSD.a(queue.o)
 .debug_frame   0x0000105c      0x404 C:/HOOPOE3/satellite-subsystems/demo/../..//hal/freertos/lib\libFreeRTOSD.a(tasks.o)
 .debug_frame   0x00001460       0x44 C:/HOOPOE3/satellite-subsystems/demo/../..//hal/freertos/lib\libFreeRTOSD.a(hooks.o)
 .debug_frame   0x000014a4       0x78 C:/HOOPOE3/satellite-subsystems/demo/../..//hal/freertos/lib\libFreeRTOSD.a(standardMemMang.o)
 .debug_frame   0x0000151c      0x10c C:/HOOPOE3/satellite-subsystems/demo/../..//hal/freertos/lib\libFreeRTOSD.a(port.o)
 .debug_frame   0x00001628      0x1e0 C:/HOOPOE3/satellite-subsystems/demo/../..//hal/at91/lib\libAt91D.a(syscalls.o)
 .debug_frame   0x00001808       0x98 C:/HOOPOE3/satellite-subsystems/demo/../..//hal/at91/lib\libAt91D.a(board_lowlevel.o)
 .debug_frame   0x000018a0       0x74 C:/HOOPOE3/satellite-subsystems/demo/../..//hal/at91/lib\libAt91D.a(board_memories.o)
 .debug_frame   0x00001914       0x58 C:/HOOPOE3/satellite-subsystems/demo/../..//hal/at91/lib\libAt91D.a(aic.o)
 .debug_frame   0x0000196c      0x10c C:/HOOPOE3/satellite-subsystems/demo/../..//hal/at91/lib\libAt91D.a(cp15.o)
 .debug_frame   0x00001a78       0xcc C:/HOOPOE3/satellite-subsystems/demo/../..//hal/at91/lib\libAt91D.a(dbgu.o)
 .debug_frame   0x00001b44      0x104 C:/HOOPOE3/satellite-subsystems/demo/../..//hal/at91/lib\libAt91D.a(pio.o)
 .debug_frame   0x00001c48       0xe8 C:/HOOPOE3/satellite-subsystems/demo/../..//hal/at91/lib\libAt91D.a(pit.o)
 .debug_frame   0x00001d30       0xe4 C:/HOOPOE3/satellite-subsystems/demo/../..//hal/at91/lib\libAt91D.a(pmc.o)
 .debug_frame   0x00001e14       0xe8 C:/HOOPOE3/satellite-subsystems/demo/../..//hal/at91/lib\libAt91D.a(spi_at91.o)
 .debug_frame   0x00001efc       0x9c C:/HOOPOE3/satellite-subsystems/demo/../..//hal/at91/lib\libAt91D.a(ExitHandler.o)
 .debug_frame   0x00001f98       0x20 c:/isis/application/toolchain/bin/../lib/gcc/arm-none-eabi/4.7.4\libgcc.a(_udivsi3.o)
 .debug_frame   0x00001fb8       0x20 c:/isis/application/toolchain/bin/../lib/gcc/arm-none-eabi/4.7.4\libgcc.a(_divsi3.o)
 .debug_frame   0x00001fd8       0x20 c:/isis/application/toolchain/bin/../lib/gcc/arm-none-eabi/4.7.4/../../../../arm-none-eabi/lib\libc_s.a(lib_a-errno.o)
 .debug_frame   0x00001ff8       0x60 c:/isis/application/toolchain/bin/../lib/gcc/arm-none-eabi/4.7.4/../../../../arm-none-eabi/lib\libc_s.a(lib_a-printf.o)
 .debug_frame   0x00002058       0x48 c:/isis/application/toolchain/bin/../lib/gcc/arm-none-eabi/4.7.4/../../../../arm-none-eabi/lib\libc_s.a(lib_a-puts.o)
 .debug_frame   0x000020a0       0x8c c:/isis/application/toolchain/bin/../lib/gcc/arm-none-eabi/4.7.4/../../../../arm-none-eabi/lib\libc_s.a(lib_a-vfprintf.o)
 .debug_frame   0x0000212c       0x3c c:/isis/application/toolchain/bin/../lib/gcc/arm-none-eabi/4.7.4/../../../../arm-none-eabi/lib\libc_s.a(lib_a-wbuf.o)
 .debug_frame   0x00002168       0x2c c:/isis/application/toolchain/bin/../lib/gcc/arm-none-eabi/4.7.4/../../../../arm-none-eabi/lib\libc_s.a(lib_a-wsetup.o)
 .debug_frame   0x00002194       0x48 c:/isis/application/toolchain/bin/../lib/gcc/arm-none-eabi/4.7.4/../../../../arm-none-eabi/lib\libc_s.a(lib_a-fflush.o)
 .debug_frame   0x000021dc      0x140 c:/isis/application/toolchain/bin/../lib/gcc/arm-none-eabi/4.7.4/../../../../arm-none-eabi/lib\libc_s.a(lib_a-findfp.o)
 .debug_frame   0x0000231c       0x30 c:/isis/application/toolchain/bin/../lib/gcc/arm-none-eabi/4.7.4/../../../../arm-none-eabi/lib\libc_s.a(lib_a-makebuf.o)
 .debug_frame   0x0000234c       0x3c c:/isis/application/toolchain/bin/../lib/gcc/arm-none-eabi/4.7.4/../../../../arm-none-eabi/lib\libc_s.a(lib_a-putc.o)
 .debug_frame   0x00002388       0x88 c:/isis/application/toolchain/bin/../lib/gcc/arm-none-eabi/4.7.4/../../../../arm-none-eabi/lib\libc_s.a(lib_a-stdio.o)
 .debug_frame   0x00002410       0x2c c:/isis/application/toolchain/bin/../lib/gcc/arm-none-eabi/4.7.4/../../../../arm-none-eabi/lib\libc_s.a(lib_a-writer.o)
 .debug_frame   0x0000243c       0x2c c:/isis/application/toolchain/bin/../lib/gcc/arm-none-eabi/4.7.4/../../../../arm-none-eabi/lib\libc_s.a(lib_a-closer.o)
 .debug_frame   0x00002468       0x2c c:/isis/application/toolchain/bin/../lib/gcc/arm-none-eabi/4.7.4/../../../../arm-none-eabi/lib\libc_s.a(lib_a-fstatr.o)
 .debug_frame   0x00002494       0x2c c:/isis/application/toolchain/bin/../lib/gcc/arm-none-eabi/4.7.4/../../../../arm-none-eabi/lib\libc_s.a(lib_a-isattyr.o)
 .debug_frame   0x000024c0       0x2c c:/isis/application/toolchain/bin/../lib/gcc/arm-none-eabi/4.7.4/../../../../arm-none-eabi/lib\libc_s.a(lib_a-lseekr.o)
 .debug_frame   0x000024ec       0x2c c:/isis/application/toolchain/bin/../lib/gcc/arm-none-eabi/4.7.4/../../../../arm-none-eabi/lib\libc_s.a(lib_a-readr.o)

.debug_info     0x00000000     0x78e6
 .debug_info    0x00000000      0x1f8 ./src/main.o
 .debug_info    0x000001f8      0xdf5 C:/HOOPOE3/satellite-subsystems/demo/../..//hal/hal/lib\libHALD.a(SPI.o)
 .debug_info    0x00000fed      0x832 C:/HOOPOE3/satellite-subsystems/demo/../..//hal/hal/lib\libHALD.a(FRAM.o)
 .debug_info    0x0000181f      0x3f1 C:/HOOPOE3/satellite-subsystems/demo/../..//hal/hal/lib\libHALD.a(WatchDogTimerNoOS.o)
 .debug_info    0x00001c10      0x2aa C:/HOOPOE3/satellite-subsystems/demo/../..//hal/freertos/lib\libFreeRTOSD.a(list.o)
 .debug_info    0x00001eba      0xadf C:/HOOPOE3/satellite-subsystems/demo/../..//hal/freertos/lib\libFreeRTOSD.a(queue.o)
 .debug_info    0x00002999      0xede C:/HOOPOE3/satellite-subsystems/demo/../..//hal/freertos/lib\libFreeRTOSD.a(tasks.o)
 .debug_info    0x00003877       0xde C:/HOOPOE3/satellite-subsystems/demo/../..//hal/freertos/lib\libFreeRTOSD.a(hooks.o)
 .debug_info    0x00003955      0x110 C:/HOOPOE3/satellite-subsystems/demo/../..//hal/freertos/lib\libFreeRTOSD.a(standardMemMang.o)
 .debug_info    0x00003a65      0x330 C:/HOOPOE3/satellite-subsystems/demo/../..//hal/freertos/lib\libFreeRTOSD.a(port.o)
 .debug_info    0x00003d95      0x628 C:/HOOPOE3/satellite-subsystems/demo/../..//hal/at91/lib\libAt91D.a(syscalls.o)
 .debug_info    0x000043bd      0x651 C:/HOOPOE3/satellite-subsystems/demo/../..//hal/at91/lib\libAt91D.a(board_lowlevel.o)
 .debug_info    0x00004a0e      0x956 C:/HOOPOE3/satellite-subsystems/demo/../..//hal/at91/lib\libAt91D.a(board_memories.o)
 .debug_info    0x00005364      0x287 C:/HOOPOE3/satellite-subsystems/demo/../..//hal/at91/lib\libAt91D.a(aic.o)
 .debug_info    0x000055eb      0x1f7 C:/HOOPOE3/satellite-subsystems/demo/../..//hal/at91/lib\libAt91D.a(cp15.o)
 .debug_info    0x000057e2      0xc6e C:/HOOPOE3/satellite-subsystems/demo/../..//hal/at91/lib\libAt91D.a(dbgu.o)
 .debug_info    0x00006450      0x734 C:/HOOPOE3/satellite-subsystems/demo/../..//hal/at91/lib\libAt91D.a(pio.o)
 .debug_info    0x00006b84      0x1ae C:/HOOPOE3/satellite-subsystems/demo/../..//hal/at91/lib\libAt91D.a(pit.o)
 .debug_info    0x00006d32      0x2fd C:/HOOPOE3/satellite-subsystems/demo/../..//hal/at91/lib\libAt91D.a(pmc.o)
 .debug_info    0x0000702f      0x576 C:/HOOPOE3/satellite-subsystems/demo/../..//hal/at91/lib\libAt91D.a(spi_at91.o)
 .debug_info    0x000075a5      0x22e C:/HOOPOE3/satellite-subsystems/demo/../..//hal/at91/lib\libAt91D.a(ExitHandler.o)
 .debug_info    0x000077d3       0x92 C:/HOOPOE3/satellite-subsystems/demo/../..//hal/at91/lib\libAt91D.a(board_cstartup.o)
 .debug_info    0x00007865       0x81 C:/HOOPOE3/satellite-subsystems/demo/../..//hal/at91/lib\libAt91D.a(cp15_asm.o)

.debug_abbrev   0x00000000     0x19f2
 .debug_abbrev  0x00000000       0xc6 ./src/main.o
 .debug_abbrev  0x000000c6      0x242 C:/HOOPOE3/satellite-subsystems/demo/../..//hal/hal/lib\libHALD.a(SPI.o)
 .debug_abbrev  0x00000308      0x257 C:/HOOPOE3/satellite-subsystems/demo/../..//hal/hal/lib\libHALD.a(FRAM.o)
 .debug_abbrev  0x0000055f       0xf6 C:/HOOPOE3/satellite-subsystems/demo/../..//hal/hal/lib\libHALD.a(WatchDogTimerNoOS.o)
 .debug_abbrev  0x00000655       0xc0 C:/HOOPOE3/satellite-subsystems/demo/../..//hal/freertos/lib\libFreeRTOSD.a(list.o)
 .debug_abbrev  0x00000715      0x1af C:/HOOPOE3/satellite-subsystems/demo/../..//hal/freertos/lib\libFreeRTOSD.a(queue.o)
 .debug_abbrev  0x000008c4      0x1e9 C:/HOOPOE3/satellite-subsystems/demo/../..//hal/freertos/lib\libFreeRTOSD.a(tasks.o)
 .debug_abbrev  0x00000aad       0x8a C:/HOOPOE3/satellite-subsystems/demo/../..//hal/freertos/lib\libFreeRTOSD.a(hooks.o)
 .debug_abbrev  0x00000b37       0xc6 C:/HOOPOE3/satellite-subsystems/demo/../..//hal/freertos/lib\libFreeRTOSD.a(standardMemMang.o)
 .debug_abbrev  0x00000bfd      0x1dc C:/HOOPOE3/satellite-subsystems/demo/../..//hal/freertos/lib\libFreeRTOSD.a(port.o)
 .debug_abbrev  0x00000dd9      0x152 C:/HOOPOE3/satellite-subsystems/demo/../..//hal/at91/lib\libAt91D.a(syscalls.o)
 .debug_abbrev  0x00000f2b       0xea C:/HOOPOE3/satellite-subsystems/demo/../..//hal/at91/lib\libAt91D.a(board_lowlevel.o)
 .debug_abbrev  0x00001015      0x149 C:/HOOPOE3/satellite-subsystems/demo/../..//hal/at91/lib\libAt91D.a(board_memories.o)
 .debug_abbrev  0x0000115e       0xc3 C:/HOOPOE3/satellite-subsystems/demo/../..//hal/at91/lib\libAt91D.a(aic.o)
 .debug_abbrev  0x00001221       0x89 C:/HOOPOE3/satellite-subsystems/demo/../..//hal/at91/lib\libAt91D.a(cp15.o)
 .debug_abbrev  0x000012aa      0x1f7 C:/HOOPOE3/satellite-subsystems/demo/../..//hal/at91/lib\libAt91D.a(dbgu.o)
 .debug_abbrev  0x000014a1      0x185 C:/HOOPOE3/satellite-subsystems/demo/../..//hal/at91/lib\libAt91D.a(pio.o)
 .debug_abbrev  0x00001626       0xd3 C:/HOOPOE3/satellite-subsystems/demo/../..//hal/at91/lib\libAt91D.a(pit.o)
 .debug_abbrev  0x000016f9      0x115 C:/HOOPOE3/satellite-subsystems/demo/../..//hal/at91/lib\libAt91D.a(pmc.o)
 .debug_abbrev  0x0000180e       0xff C:/HOOPOE3/satellite-subsystems/demo/../..//hal/at91/lib\libAt91D.a(spi_at91.o)
 .debug_abbrev  0x0000190d       0xbf C:/HOOPOE3/satellite-subsystems/demo/../..//hal/at91/lib\libAt91D.a(ExitHandler.o)
 .debug_abbrev  0x000019cc       0x12 C:/HOOPOE3/satellite-subsystems/demo/../..//hal/at91/lib\libAt91D.a(board_cstartup.o)
 .debug_abbrev  0x000019de       0x14 C:/HOOPOE3/satellite-subsystems/demo/../..//hal/at91/lib\libAt91D.a(cp15_asm.o)

.debug_loc      0x00000000     0x226c
 .debug_loc     0x00000000       0xb0 ./src/main.o
 .debug_loc     0x000000b0      0x210 C:/HOOPOE3/satellite-subsystems/demo/../..//hal/hal/lib\libHALD.a(SPI.o)
 .debug_loc     0x000002c0      0x268 C:/HOOPOE3/satellite-subsystems/demo/../..//hal/hal/lib\libHALD.a(FRAM.o)
 .debug_loc     0x00000528       0x84 C:/HOOPOE3/satellite-subsystems/demo/../..//hal/hal/lib\libHALD.a(WatchDogTimerNoOS.o)
 .debug_loc     0x000005ac       0xdc C:/HOOPOE3/satellite-subsystems/demo/../..//hal/freertos/lib\libFreeRTOSD.a(list.o)
 .debug_loc     0x00000688      0x420 C:/HOOPOE3/satellite-subsystems/demo/../..//hal/freertos/lib\libFreeRTOSD.a(queue.o)
 .debug_loc     0x00000aa8      0x65c C:/HOOPOE3/satellite-subsystems/demo/../..//hal/freertos/lib\libFreeRTOSD.a(tasks.o)
 .debug_loc     0x00001104       0x58 C:/HOOPOE3/satellite-subsystems/demo/../..//hal/freertos/lib\libFreeRTOSD.a(hooks.o)
 .debug_loc     0x0000115c       0xb0 C:/HOOPOE3/satellite-subsystems/demo/../..//hal/freertos/lib\libFreeRTOSD.a(standardMemMang.o)
 .debug_loc     0x0000120c      0x160 C:/HOOPOE3/satellite-subsystems/demo/../..//hal/freertos/lib\libFreeRTOSD.a(port.o)
 .debug_loc     0x0000136c      0x324 C:/HOOPOE3/satellite-subsystems/demo/../..//hal/at91/lib\libAt91D.a(syscalls.o)
 .debug_loc     0x00001690       0xdc C:/HOOPOE3/satellite-subsystems/demo/../..//hal/at91/lib\libAt91D.a(board_lowlevel.o)
 .debug_loc     0x0000176c       0xb0 C:/HOOPOE3/satellite-subsystems/demo/../..//hal/at91/lib\libAt91D.a(board_memories.o)
 .debug_loc     0x0000181c       0x84 C:/HOOPOE3/satellite-subsystems/demo/../..//hal/at91/lib\libAt91D.a(aic.o)
 .debug_loc     0x000018a0      0x18c C:/HOOPOE3/satellite-subsystems/demo/../..//hal/at91/lib\libAt91D.a(cp15.o)
 .debug_loc     0x00001a2c      0x134 C:/HOOPOE3/satellite-subsystems/demo/../..//hal/at91/lib\libAt91D.a(dbgu.o)
 .debug_loc     0x00001b60      0x1b8 C:/HOOPOE3/satellite-subsystems/demo/../..//hal/at91/lib\libAt91D.a(pio.o)
 .debug_loc     0x00001d18      0x18c C:/HOOPOE3/satellite-subsystems/demo/../..//hal/at91/lib\libAt91D.a(pit.o)
 .debug_loc     0x00001ea4      0x160 C:/HOOPOE3/satellite-subsystems/demo/../..//hal/at91/lib\libAt91D.a(pmc.o)
 .debug_loc     0x00002004      0x18c C:/HOOPOE3/satellite-subsystems/demo/../..//hal/at91/lib\libAt91D.a(spi_at91.o)
 .debug_loc     0x00002190       0xdc C:/HOOPOE3/satellite-subsystems/demo/../..//hal/at91/lib\libAt91D.a(ExitHandler.o)

.debug_aranges  0x00000000      0x898
 .debug_aranges
                0x00000000       0x38 ./src/main.o
 .debug_aranges
                0x00000038       0x78 C:/HOOPOE3/satellite-subsystems/demo/../..//hal/hal/lib\libHALD.a(SPI.o)
 .debug_aranges
                0x000000b0       0x88 C:/HOOPOE3/satellite-subsystems/demo/../..//hal/hal/lib\libHALD.a(FRAM.o)
 .debug_aranges
                0x00000138       0x30 C:/HOOPOE3/satellite-subsystems/demo/../..//hal/hal/lib\libHALD.a(WatchDogTimerNoOS.o)
 .debug_aranges
                0x00000168       0x40 C:/HOOPOE3/satellite-subsystems/demo/../..//hal/freertos/lib\libFreeRTOSD.a(list.o)
 .debug_aranges
                0x000001a8       0xd8 C:/HOOPOE3/satellite-subsystems/demo/../..//hal/freertos/lib\libFreeRTOSD.a(queue.o)
 .debug_aranges
                0x00000280      0x140 C:/HOOPOE3/satellite-subsystems/demo/../..//hal/freertos/lib\libFreeRTOSD.a(tasks.o)
 .debug_aranges
                0x000003c0       0x28 C:/HOOPOE3/satellite-subsystems/demo/../..//hal/freertos/lib\libFreeRTOSD.a(hooks.o)
 .debug_aranges
                0x000003e8       0x38 C:/HOOPOE3/satellite-subsystems/demo/../..//hal/freertos/lib\libFreeRTOSD.a(standardMemMang.o)
 .debug_aranges
                0x00000420       0x70 C:/HOOPOE3/satellite-subsystems/demo/../..//hal/freertos/lib\libFreeRTOSD.a(port.o)
 .debug_aranges
                0x00000490       0xa8 C:/HOOPOE3/satellite-subsystems/demo/../..//hal/at91/lib\libAt91D.a(syscalls.o)
 .debug_aranges
                0x00000538       0x40 C:/HOOPOE3/satellite-subsystems/demo/../..//hal/at91/lib\libAt91D.a(board_lowlevel.o)
 .debug_aranges
                0x00000578       0x38 C:/HOOPOE3/satellite-subsystems/demo/../..//hal/at91/lib\libAt91D.a(board_memories.o)
 .debug_aranges
                0x000005b0       0x30 C:/HOOPOE3/satellite-subsystems/demo/../..//hal/at91/lib\libAt91D.a(aic.o)
 .debug_aranges
                0x000005e0       0x60 C:/HOOPOE3/satellite-subsystems/demo/../..//hal/at91/lib\libAt91D.a(cp15.o)
 .debug_aranges
                0x00000640       0x50 C:/HOOPOE3/satellite-subsystems/demo/../..//hal/at91/lib\libAt91D.a(dbgu.o)
 .debug_aranges
                0x00000690       0x68 C:/HOOPOE3/satellite-subsystems/demo/../..//hal/at91/lib\libAt91D.a(pio.o)
 .debug_aranges
                0x000006f8       0x60 C:/HOOPOE3/satellite-subsystems/demo/../..//hal/at91/lib\libAt91D.a(pit.o)
 .debug_aranges
                0x00000758       0x58 C:/HOOPOE3/satellite-subsystems/demo/../..//hal/at91/lib\libAt91D.a(pmc.o)
 .debug_aranges
                0x000007b0       0x60 C:/HOOPOE3/satellite-subsystems/demo/../..//hal/at91/lib\libAt91D.a(spi_at91.o)
 .debug_aranges
                0x00000810       0x40 C:/HOOPOE3/satellite-subsystems/demo/../..//hal/at91/lib\libAt91D.a(ExitHandler.o)
 .debug_aranges
                0x00000850       0x28 C:/HOOPOE3/satellite-subsystems/demo/../..//hal/at91/lib\libAt91D.a(board_cstartup.o)
 .debug_aranges
                0x00000878       0x20 C:/HOOPOE3/satellite-subsystems/demo/../..//hal/at91/lib\libAt91D.a(cp15_asm.o)

.debug_ranges   0x00000000      0x738
 .debug_ranges  0x00000000       0x28 ./src/main.o
 .debug_ranges  0x00000028       0x68 C:/HOOPOE3/satellite-subsystems/demo/../..//hal/hal/lib\libHALD.a(SPI.o)
 .debug_ranges  0x00000090       0x78 C:/HOOPOE3/satellite-subsystems/demo/../..//hal/hal/lib\libHALD.a(FRAM.o)
 .debug_ranges  0x00000108       0x20 C:/HOOPOE3/satellite-subsystems/demo/../..//hal/hal/lib\libHALD.a(WatchDogTimerNoOS.o)
 .debug_ranges  0x00000128       0x30 C:/HOOPOE3/satellite-subsystems/demo/../..//hal/freertos/lib\libFreeRTOSD.a(list.o)
 .debug_ranges  0x00000158       0xc8 C:/HOOPOE3/satellite-subsystems/demo/../..//hal/freertos/lib\libFreeRTOSD.a(queue.o)
 .debug_ranges  0x00000220      0x148 C:/HOOPOE3/satellite-subsystems/demo/../..//hal/freertos/lib\libFreeRTOSD.a(tasks.o)
 .debug_ranges  0x00000368       0x18 C:/HOOPOE3/satellite-subsystems/demo/../..//hal/freertos/lib\libFreeRTOSD.a(hooks.o)
 .debug_ranges  0x00000380       0x28 C:/HOOPOE3/satellite-subsystems/demo/../..//hal/freertos/lib\libFreeRTOSD.a(standardMemMang.o)
 .debug_ranges  0x000003a8       0x60 C:/HOOPOE3/satellite-subsystems/demo/../..//hal/freertos/lib\libFreeRTOSD.a(port.o)
 .debug_ranges  0x00000408       0x98 C:/HOOPOE3/satellite-subsystems/demo/../..//hal/at91/lib\libAt91D.a(syscalls.o)
 .debug_ranges  0x000004a0       0x30 C:/HOOPOE3/satellite-subsystems/demo/../..//hal/at91/lib\libAt91D.a(board_lowlevel.o)