Archive member included because of file (symbol)

c:/isis/application/toolchain/bin/../lib/gcc/arm-none-eabi/4.7.4/../../../../arm-none-eabi/lib\libc_s.a(lib_a-vfprintf_float.o)
                              (_printf_float)
c:/isis/application/toolchain/bin/../lib/gcc/arm-none-eabi/4.7.4/../../../../arm-none-eabi/lib\libc_s.a(lib_a-vfprintf_i.o)
                              c:/isis/application/toolchain/bin/../lib/gcc/arm-none-eabi/4.7.4/../../../../arm-none-eabi/lib\libc_s.a(lib_a-vfprintf_float.o) (_printf_common)
c:/isis/application/toolchain/bin/../lib/gcc/arm-none-eabi/4.7.4/../../../../arm-none-eabi/lib\libc_s.a(lib_a-vfscanf_float.o)
                              (_scanf_float)
c:/isis/application/toolchain/bin/../lib/gcc/arm-none-eabi/4.7.4/../../../../arm-none-eabi/lib\libc_s.a(lib_a-dtoa.o)
                              c:/isis/application/toolchain/bin/../lib/gcc/arm-none-eabi/4.7.4/../../../../arm-none-eabi/lib\libc_s.a(lib_a-vfprintf_float.o) (_dtoa_r)
c:/isis/application/toolchain/bin/../lib/gcc/arm-none-eabi/4.7.4/../../../../arm-none-eabi/lib\libc_s.a(lib_a-locale.o)
                              c:/isis/application/toolchain/bin/../lib/gcc/arm-none-eabi/4.7.4/../../../../arm-none-eabi/lib\libc_s.a(lib_a-vfprintf_float.o) (_localeconv_r)
c:/isis/application/toolchain/bin/../lib/gcc/arm-none-eabi/4.7.4/../../../../arm-none-eabi/lib\libc_s.a(lib_a-malloc.o)
                              c:/isis/application/toolchain/bin/../lib/gcc/arm-none-eabi/4.7.4/../../../../arm-none-eabi/lib\libc_s.a(lib_a-dtoa.o) (malloc)
c:/isis/application/toolchain/bin/../lib/gcc/arm-none-eabi/4.7.4/../../../../arm-none-eabi/lib\libc_s.a(lib_a-mallocr.o)
                              c:/isis/application/toolchain/bin/../lib/gcc/arm-none-eabi/4.7.4/../../../../arm-none-eabi/lib\libc_s.a(lib_a-malloc.o) (_malloc_r)
c:/isis/application/toolchain/bin/../lib/gcc/arm-none-eabi/4.7.4/../../../../arm-none-eabi/lib\libc_s.a(lib_a-memcpy.o)
                              c:/isis/application/toolchain/bin/../lib/gcc/arm-none-eabi/4.7.4/../../../../arm-none-eabi/lib\libc_s.a(lib_a-dtoa.o) (memcpy)
c:/isis/application/toolchain/bin/../lib/gcc/arm-none-eabi/4.7.4/../../../../arm-none-eabi/lib\libc_s.a(lib_a-mprec.o)
                              c:/isis/application/toolchain/bin/../lib/gcc/arm-none-eabi/4.7.4/../../../../arm-none-eabi/lib\libc_s.a(lib_a-dtoa.o) (_Balloc)
c:/isis/application/toolchain/bin/../lib/gcc/arm-none-eabi/4.7.4/../../../../arm-none-eabi/lib\libc_s.a(lib_a-s_fpclassify.o)
                              c:/isis/application/toolchain/bin/../lib/gcc/arm-none-eabi/4.7.4/../../../../arm-none-eabi/lib\libc_s.a(lib_a-vfprintf_float.o) (__fpclassifyd)
c:/isis/application/toolchain/bin/../lib/gcc/arm-none-eabi/4.7.4/../../../../arm-none-eabi/lib\libc_s.a(lib_a-sbrkr.o)
                              c:/isis/application/toolchain/bin/../lib/gcc/arm-none-eabi/4.7.4/../../../../arm-none-eabi/lib\libc_s.a(lib_a-mallocr.o) (_sbrk_r)
c:/isis/application/toolchain/bin/../lib/gcc/arm-none-eabi/4.7.4/../../../../arm-none-eabi/lib\libc_s.a(lib_a-sf_nan.o)
                              c:/isis/application/toolchain/bin/../lib/gcc/arm-none-eabi/4.7.4/../../../../arm-none-eabi/lib\libc_s.a(lib_a-vfscanf_float.o) (nanf)
c:/isis/application/toolchain/bin/../lib/gcc/arm-none-eabi/4.7.4/../../../../arm-none-eabi/lib\libc_s.a(lib_a-sprintf.o)
                              c:/isis/application/toolchain/bin/../lib/gcc/arm-none-eabi/4.7.4/../../../../arm-none-eabi/lib\libc_s.a(lib_a-vfscanf_float.o) (sprintf)
c:/isis/application/toolchain/bin/../lib/gcc/arm-none-eabi/4.7.4/../../../../arm-none-eabi/lib\libc_s.a(lib_a-strcmp.o)
                              c:/isis/application/toolchain/bin/../lib/gcc/arm-none-eabi/4.7.4/../../../../arm-none-eabi/lib\libc_s.a(lib_a-locale.o) (strcmp)
c:/isis/application/toolchain/bin/../lib/gcc/arm-none-eabi/4.7.4/../../../../arm-none-eabi/lib\libc_s.a(lib_a-strlen.o)
                              c:/isis/application/toolchain/bin/../lib/gcc/arm-none-eabi/4.7.4/../../../../arm-none-eabi/lib\libc_s.a(lib_a-vfprintf_float.o) (strlen)
c:/isis/application/toolchain/bin/../lib/gcc/arm-none-eabi/4.7.4/../../../../arm-none-eabi/lib\libc_s.a(lib_a-strtod.o)
                              c:/isis/application/toolchain/bin/../lib/gcc/arm-none-eabi/4.7.4/../../../../arm-none-eabi/lib\libc_s.a(lib_a-vfscanf_float.o) (_strtod_r)
c:/isis/application/toolchain/bin/../lib/gcc/arm-none-eabi/4.7.4/../../../../arm-none-eabi/lib\libc_s.a(lib_a-strtol.o)
                              c:/isis/application/toolchain/bin/../lib/gcc/arm-none-eabi/4.7.4/../../../../arm-none-eabi/lib\libc_s.a(lib_a-vfscanf_float.o) (_strtol_r)
c:/isis/application/toolchain/bin/../lib/gcc/arm-none-eabi/4.7.4/../../../../arm-none-eabi/lib\libc_s.a(lib_a-svfprintf.o)
                              c:/isis/application/toolchain/bin/../lib/gcc/arm-none-eabi/4.7.4/../../../../arm-none-eabi/lib\libc_s.a(lib_a-sprintf.o) (_svfprintf_r)
[...]
Memory Configuration

Name             Origin             Length             Attributes
sram0            0x00200000         0x00004000         w !xr
sram1            0x00300000         0x00004000         w !xr
sdram            0x20000000         0x02000000         w !xr
*default*        0x00000000         0xffffffff

Linker script and memory map

LOAD c:/isis/application/toolchain/bin/../lib/gcc/arm-none-eabi/4.7.4/../../../../arm-none-eabi/lib\libc_s.a
LOAD ./src/sub-systemCode/payload/Request Management/Dump/Butchering.o
LOAD ./src/sub-systemCode/payload/Request Management/Dump/imageDump.o
LOAD ./src/sub-systemCode/payload/Request Management/CameraManeger.o
LOAD ./src/sub-systemCode/payload/Request Management/DB_RequestHandling.o
LOAD ./src/sub-systemCode/payload/Misc/Boolean_bit.o
LOAD ./src/sub-systemCode/payload/Misc/FileSystem.o
LOAD ./src/sub-systemCode/payload/Drivers/GeckoCameraDriver.o
LOAD ./src/sub-systemCode/payload/DataBase/DataBase.o
LOAD ./src/sub-systemCode/payload/Compression/jpeg/bmp/rawToBMP.o
LOAD ./src/sub-systemCode/payload/Compression/jpeg/DCT.o
LOAD ./src/sub-systemCode/payload/Compression/jpeg/ImgCompressor.o
LOAD ./src/sub-systemCode/payload/Compression/jpeg/color_conv.o
LOAD ./src/sub-systemCode/payload/Compression/jpeg/jpeg.o
LOAD ./src/sub-systemCode/payload/Compression/jpeg/jpeg_encoder.o
LOAD ./src/sub-systemCode/payload/Compression/jpeg/jpeg_memory_alloc.o
LOAD ./src/sub-systemCode/payload/Compression/jpeg/jpeg_params.o
LOAD ./src/sub-systemCode/payload/Compression/jpeg/output_stream.o
LOAD ./src/sub-systemCode/payload/Compression/ImageConversion.o
LOAD ./src/sub-systemCode/Main/CMD/COMM_CMD.o
LOAD ./src/sub-systemCode/Main/CMD/EPS_CMD.o
LOAD ./src/sub-systemCode/Main/CMD/General_CMD.o
LOAD ./src/sub-systemCode/Main/CMD/SW_CMD.o
LOAD ./src/sub-systemCode/Main/CMD/payload_CMD.o
LOAD ./src/sub-systemCode/Main/Ants.o
LOAD ./src/sub-systemCode/Main/EPS.o
LOAD ./src/sub-systemCode/Main/HouseKeeping.o
LOAD ./src/sub-systemCode/Main/Main_Init.o
LOAD ./src/sub-systemCode/Main/commands.o
LOAD ./src/sub-systemCode/Global/Global.o
LOAD ./src/sub-systemCode/Global/GlobalParam.o
LOAD ./src/sub-systemCode/Global/OnlineTM.o
LOAD ./src/sub-systemCode/Global/TLM_management.o
LOAD ./src/sub-systemCode/Global/logger.o
LOAD ./src/sub-systemCode/COMM/APRS.o
LOAD ./src/sub-systemCode/COMM/DelayedCommand_list.o
LOAD ./src/sub-systemCode/COMM/GSC.o
LOAD ./src/sub-systemCode/COMM/TRXVU.o
LOAD ./src/sub-systemCode/ADCS/ADCS.o
LOAD ./src/sub-systemCode/ADCS/Stage_Table.o
LOAD ./src/main.o
LOAD C:/HOOPOE3/satellite-subsystems/demo/..//satellite-subsystems/lib\libSatelliteSubsystemsD.a
LOAD c:/isis/application/toolchain/bin/../lib/gcc/arm-none-eabi/4.7.4/../../../../arm-none-eabi/lib\libm.a
LOAD C:/HOOPOE3/satellite-subsystems/demo/../..//hal/hcc/lib\libHCCD.a
LOAD C:/HOOPOE3/satellite-subsystems/demo/../..//hal/hal/lib\libHALD.a
LOAD C:/HOOPOE3/satellite-subsystems/demo/../..//hal/freertos/lib\libFreeRTOSD.a
LOAD C:/HOOPOE3/satellite-subsystems/demo/../..//hal/at91/lib\libAt91D.a
START GROUP
LOAD c:/isis/application/toolchain/bin/../lib/gcc/arm-none-eabi/4.7.4\libgcc.a
LOAD c:/isis/application/toolchain/bin/../lib/gcc/arm-none-eabi/4.7.4/../../../../arm-none-eabi/lib\libc_s.a
END GROUP

.fixed          0x20000000    0x4e418
                0x20000000                . = ALIGN (0x4)
                0x20000000                _sfixed = .
 *(.startup)
 .startup       0x20000000      0x134 C:/HOOPOE3/satellite-subsystems/demo/../..//hal/at91/lib\libAt91D.a(board_cstartup.o)
                0x20000000                entry
 *(.text)
 .text          0x20000134       0x64 C:/HOOPOE3/satellite-subsystems/demo/../..//hal/at91/lib\libAt91D.a(cp15_asm.o)
                0x20000134                _readControlRegister
                0x20000140                _writeControlRegister
                0x20000148                _waitForInterrupt
                0x20000154                _writeTTB
                0x2000015c                _writeDomain
                0x20000164                _writeITLBLockdown
                0x2000016c                _prefetchICacheLine
                0x20000174                _flushDCache
                0x20000180                _flushWriteBuffer
                0x2000018c                _invalidateIDTLBs
 .text          0x20000198      0x114 c:/isis/application/toolchain/bin/../lib/gcc/arm-none-eabi/4.7.4\libgcc.a(_udivsi3.o)
                0x20000198                __aeabi_uidiv
                0x20000198                __udivsi3
                0x2000028c                __aeabi_uidivmod
 .text          0x200002ac      0x148 c:/isis/application/toolchain/bin/../lib/gcc/arm-none-eabi/4.7.4\libgcc.a(_divsi3.o)
                0x200002ac                __divsi3
                0x200002ac                __aeabi_idiv
                0x200003d4                __aeabi_idivmod
 .text          0x200003f4        0x4 c:/isis/application/toolchain/bin/../lib/gcc/arm-none-eabi/4.7.4\libgcc.a(_dvmd_tls.o)
                0x200003f4                __aeabi_idiv0
                0x200003f4                __aeabi_ldiv0
 .text          0x200003f8      0x41c c:/isis/application/toolchain/bin/../lib/gcc/arm-none-eabi/4.7.4\libgcc.a(_arm_addsubdf3.o)
                0x200003f8                __aeabi_drsub
                0x20000400                __aeabi_dsub
                0x20000400                __subdf3
                0x20000404                __aeabi_dadd
                0x20000404                __adddf3
                0x20000714                __floatunsidf
                0x20000714                __aeabi_ui2d
                0x20000738                __floatsidf
                0x20000738                __aeabi_i2d
                0x20000760                __aeabi_f2d
                0x20000760                __extendsfdf2
                0x200007a0                __floatundidf
                0x200007a0                __aeabi_ul2d
                0x200007b4                __floatdidf
                0x200007b4                __aeabi_l2d
 .text          0x20000814      0x49c c:/isis/application/toolchain/bin/../lib/gcc/arm-none-eabi/4.7.4\libgcc.a(_arm_muldivdf3.o)
                0x20000814                __aeabi_dmul
                0x20000814                __muldf3
                0x20000aa4                __divdf3
                0x20000aa4                __aeabi_ddiv
 .text          0x20000cb0      0x144 c:/isis/application/toolchain/bin/../lib/gcc/arm-none-eabi/4.7.4\libgcc.a(_arm_cmpdf2.o)
                0x20000cb0                __gtdf2
                0x20000cb0                __gedf2
                0x20000cb8                __ltdf2
                0x20000cb8                __ledf2
                0x20000cc0                __nedf2
                0x20000cc0                __eqdf2
                0x20000cc0                __cmpdf2
                0x20000d48                __aeabi_cdrcmple
                0x20000d64                __aeabi_cdcmpeq
                0x20000d64                __aeabi_cdcmple
                0x20000d7c                __aeabi_dcmpeq
                0x20000d94                __aeabi_dcmplt
                0x20000dac                __aeabi_dcmple
                0x20000dc4                __aeabi_dcmpge
                0x20000ddc                __aeabi_dcmpgt
 .text          0x20000df4       0x5c c:/isis/application/toolchain/bin/../lib/gcc/arm-none-eabi/4.7.4\libgcc.a(_arm_fixdfsi.o)
                0x20000df4                __aeabi_d2iz
                0x20000df4                __fixdfsi
 .text          0x20000e50       0x54 c:/isis/application/toolchain/bin/../lib/gcc/arm-none-eabi/4.7.4\libgcc.a(_arm_fixunsdfsi.o)
                0x20000e50                __aeabi_d2uiz
                0x20000e50                __fixunsdfsi
 .text          0x20000ea4       0xa0 c:/isis/application/toolchain/bin/../lib/gcc/arm-none-eabi/4.7.4\libgcc.a(_arm_truncdfsf2.o)
                0x20000ea4                __truncdfsf2
                0x20000ea4                __aeabi_d2f
 .text          0x20000f44      0x2ac c:/isis/application/toolchain/bin/../lib/gcc/arm-none-eabi/4.7.4\libgcc.a(_arm_addsubsf3.o)
                0x20000f44                __aeabi_frsub
                0x20000f4c                __subsf3
                0x20000f4c                __aeabi_fsub
                0x20000f50                __aeabi_fadd
                0x20000f50                __addsf3
                0x2000110c                __aeabi_ui2f
                0x2000110c                __floatunsisf
                0x20001114                __aeabi_i2f
                0x20001114                __floatsisf
                0x20001134                __aeabi_ul2f
                0x20001134                __floatundisf
                0x20001144                __aeabi_l2f
                0x20001144                __floatdisf
 .text          0x200011f0      0x2f8 c:/isis/application/toolchain/bin/../lib/gcc/arm-none-eabi/4.7.4\libgcc.a(_arm_muldivsf3.o)
                0x200011f0                __mulsf3
                0x200011f0                __aeabi_fmul
                0x20001388                __aeabi_fdiv
                0x20001388                __divsf3
 .text          0x200014e8       0x5c c:/isis/application/toolchain/bin/../lib/gcc/arm-none-eabi/4.7.4\libgcc.a(_arm_fixsfsi.o)
                0x200014e8                __aeabi_f2iz
                0x200014e8                __fixsfsi
 .text          0x20001544       0x54 c:/isis/application/toolchain/bin/../lib/gcc/arm-none-eabi/4.7.4\libgcc.a(_arm_fixunssfsi.o)
                0x20001544                __fixunssfsi
                0x20001544                __aeabi_f2uiz
 *(.text*)
 .text.__cvt    0x20001598      0x138 c:/isis/application/toolchain/bin/../lib/gcc/arm-none-eabi/4.7.4/../../../../arm-none-eabi/lib\libc_s.a(lib_a-vfprintf_float.o)
                0x20001598                __cvt
 .text.__exponent
                0x200016d0       0xa8 c:/isis/application/toolchain/bin/../lib/gcc/arm-none-eabi/4.7.4/../../../../arm-none-eabi/lib\libc_s.a(lib_a-vfprintf_float.o)
                0x200016d0                __exponent
 .text._printf_float
                0x20001778      0x7dc c:/isis/application/toolchain/bin/../lib/gcc/arm-none-eabi/4.7.4/../../../../arm-none-eabi/lib\libc_s.a(lib_a-vfprintf_float.o)
                0x20001778                _printf_float
 .text._printf_common
                0x20001f54      0x174 c:/isis/application/toolchain/bin/../lib/gcc/arm-none-eabi/4.7.4/../../../../arm-none-eabi/lib\libc_s.a(lib_a-vfprintf_i.o)
                0x20001f54                _printf_common
 .text._printf_i
                0x200020c8      0x3c4 c:/isis/application/toolchain/bin/../lib/gcc/arm-none-eabi/4.7.4/../../../../arm-none-eabi/lib\libc_s.a(lib_a-vfprintf_i.o)
                0x200020c8                _printf_i
 .text._scanf_float
                0x2000248c      0x5f4 c:/isis/application/toolchain/bin/../lib/gcc/arm-none-eabi/4.7.4/../../../../arm-none-eabi/lib\libc_s.a(lib_a-vfscanf_float.o)
                0x2000248c                _scanf_float
 .text.quorem   0x20002a80      0x1ac c:/isis/application/toolchain/bin/../lib/gcc/arm-none-eabi/4.7.4/../../../../arm-none-eabi/lib\libc_s.a(lib_a-dtoa.o)
 .text._dtoa_r  0x20002c2c     0x1268 c:/isis/application/toolchain/bin/../lib/gcc/arm-none-eabi/4.7.4/../../../../arm-none-eabi/lib\libc_s.a(lib_a-dtoa.o)
                0x20002c2c                _dtoa_r
 .text._localeconv_r
                0x20003e94        0xc c:/isis/application/toolchain/bin/../lib/gcc/arm-none-eabi/4.7.4/../../../../arm-none-eabi/lib\libc_s.a(lib_a-locale.o)
                0x20003e94                _localeconv_r
 .text.malloc   0x20003ea0       0x20 c:/isis/application/toolchain/bin/../lib/gcc/arm-none-eabi/4.7.4/../../../../arm-none-eabi/lib\libc_s.a(lib_a-malloc.o)
                0x20003ea0                malloc
 .text.free     0x20003ec0       0x20 c:/isis/application/toolchain/bin/../lib/gcc/arm-none-eabi/4.7.4/../../../../arm-none-eabi/lib\libc_s.a(lib_a-malloc.o)
                0x20003ec0                free
 .text._malloc_r
                0x20003ee0       0xfc c:/isis/application/toolchain/bin/../lib/gcc/arm-none-eabi/4.7.4/../../../../arm-none-eabi/lib\libc_s.a(lib_a-mallocr.o)
                0x20003ee0                _malloc_r
 .text.memcpy   0x20003fdc       0x20 c:/isis/application/toolchain/bin/../lib/gcc/arm-none-eabi/4.7.4/../../../../arm-none-eabi/lib\libc_s.a(lib_a-memcpy.o)
                0x20003fdc                memcpy
 .text._Balloc  0x20003ffc       0xcc c:/isis/application/toolchain/bin/../lib/gcc/arm-none-eabi/4.7.4/../../../../arm-none-eabi/lib\libc_s.a(lib_a-mprec.o)
                0x20003ffc                _Balloc
 .text._Bfree   0x200040c8       0x5c c:/isis/application/toolchain/bin/../lib/gcc/arm-none-eabi/4.7.4/../../../../arm-none-eabi/lib\libc_s.a(lib_a-mprec.o)
                0x200040c8                _Bfree
 .text.__multadd
                0x20004124       0xbc c:/isis/application/toolchain/bin/../lib/gcc/arm-none-eabi/4.7.4/../../../../arm-none-eabi/lib\libc_s.a(lib_a-mprec.o)
                0x20004124                __multadd
 .text.__s2b    0x200041e0       0xd8 c:/isis/application/toolchain/bin/../lib/gcc/arm-none-eabi/4.7.4/../../../../arm-none-eabi/lib\libc_s.a(lib_a-mprec.o)
                0x200041e0                __s2b
 .text.__hi0bits
                0x200042b8       0x58 c:/isis/application/toolchain/bin/../lib/gcc/arm-none-eabi/4.7.4/../../../../arm-none-eabi/lib\libc_s.a(lib_a-mprec.o)
                0x200042b8                __hi0bits
 .text.__lo0bits
                0x20004310       0x94 c:/isis/application/toolchain/bin/../lib/gcc/arm-none-eabi/4.7.4/../../../../arm-none-eabi/lib\libc_s.a(lib_a-mprec.o)
                0x20004310                __lo0bits
 .text.__i2b    0x200043a4       0x24 c:/isis/application/toolchain/bin/../lib/gcc/arm-none-eabi/4.7.4/../../../../arm-none-eabi/lib\libc_s.a(lib_a-mprec.o)
                0x200043a4                __i2b
 .text.__multiply
                0x200043c8      0x1ac c:/isis/application/toolchain/bin/../lib/gcc/arm-none-eabi/4.7.4/../../../../arm-none-eabi/lib\libc_s.a(lib_a-mprec.o)
                0x200043c8                __multiply
 .text.__pow5mult
                0x20004574      0x10c c:/isis/application/toolchain/bin/../lib/gcc/arm-none-eabi/4.7.4/../../../../arm-none-eabi/lib\libc_s.a(lib_a-mprec.o)
                0x20004574                __pow5mult
 .text.__lshift
                0x20004680       0xf0 c:/isis/application/toolchain/bin/../lib/gcc/arm-none-eabi/4.7.4/../../../../arm-none-eabi/lib\libc_s.a(lib_a-mprec.o)
                0x20004680                __lshift
 .text.__mcmp   0x20004770       0x60 c:/isis/application/toolchain/bin/../lib/gcc/arm-none-eabi/4.7.4/../../../../arm-none-eabi/lib\libc_s.a(lib_a-mprec.o)
                0x20004770                __mcmp
 .text.__mdiff  0x200047d0      0x128 c:/isis/application/toolchain/bin/../lib/gcc/arm-none-eabi/4.7.4/../../../../arm-none-eabi/lib\libc_s.a(lib_a-mprec.o)
                0x200047d0                __mdiff
 .text.__ulp    0x200048f8       0x5c c:/isis/application/toolchain/bin/../lib/gcc/arm-none-eabi/4.7.4/../../../../arm-none-eabi/lib\libc_s.a(lib_a-mprec.o)
                0x200048f8                __ulp
 .text.__b2d    0x20004954       0xc8 c:/isis/application/toolchain/bin/../lib/gcc/arm-none-eabi/4.7.4/../../../../arm-none-eabi/lib\libc_s.a(lib_a-mprec.o)
                0x20004954                __b2d
 .text.__d2b    0x20004a1c       0xfc c:/isis/application/toolchain/bin/../lib/gcc/arm-none-eabi/4.7.4/../../../../arm-none-eabi/lib\libc_s.a(lib_a-mprec.o)
                0x20004a1c                __d2b
 .text.__ratio  0x20004b18       0x70 c:/isis/application/toolchain/bin/../lib/gcc/arm-none-eabi/4.7.4/../../../../arm-none-eabi/lib\libc_s.a(lib_a-mprec.o)
                0x20004b18                __ratio
 .text.__copybits
                0x20004b88       0x4c c:/isis/application/toolchain/bin/../lib/gcc/arm-none-eabi/4.7.4/../../../../arm-none-eabi/lib\libc_s.a(lib_a-mprec.o)
                0x20004b88                __copybits
 .text.__any_on
                0x20004bd4       0x7c c:/isis/application/toolchain/bin/../lib/gcc/arm-none-eabi/4.7.4/../../../../arm-none-eabi/lib\libc_s.a(lib_a-mprec.o)
                0x20004bd4                __any_on
 .text.__fpclassifyd
                0x20004c50       0x6c c:/isis/application/toolchain/bin/../lib/gcc/arm-none-eabi/4.7.4/../../../../arm-none-eabi/lib\libc_s.a(lib_a-s_fpclassify.o)
                0x20004c50                __fpclassifyd
 .text._sbrk_r  0x20004cbc       0x3c c:/isis/application/toolchain/bin/../lib/gcc/arm-none-eabi/4.7.4/../../../../arm-none-eabi/lib\libc_s.a(lib_a-sbrkr.o)
                0x20004cbc                _sbrk_r
 .text.nanf     0x20004cf8        0xc c:/isis/application/toolchain/bin/../lib/gcc/arm-none-eabi/4.7.4/../../../../arm-none-eabi/lib\libc_s.a(lib_a-sf_nan.o)
                0x20004cf8                nanf
 .text.sprintf  0x20004d04       0x6c c:/isis/application/toolchain/bin/../lib/gcc/arm-none-eabi/4.7.4/../../../../arm-none-eabi/lib\libc_s.a(lib_a-sprintf.o)
                0x20004d04                siprintf
                0x20004d04                sprintf
 .text.strcmp   0x20004d70       0x1c c:/isis/application/toolchain/bin/../lib/gcc/arm-none-eabi/4.7.4/../../../../arm-none-eabi/lib\libc_s.a(lib_a-strcmp.o)
                0x20004d70                strcmp
 .text.strlen   0x20004d8c       0x1c c:/isis/application/toolchain/bin/../lib/gcc/arm-none-eabi/4.7.4/../../../../arm-none-eabi/lib\libc_s.a(lib_a-strlen.o)
                0x20004d8c                strlen
 .text.match    0x20004da8       0x54 c:/isis/application/toolchain/bin/../lib/gcc/arm-none-eabi/4.7.4/../../../../arm-none-eabi/lib\libc_s.a(lib_a-strtod.o)
 .text._strtod_r
                0x20004dfc     0x1168 c:/isis/application/toolchain/bin/../lib/gcc/arm-none-eabi/4.7.4/../../../../arm-none-eabi/lib\libc_s.a(lib_a-strtod.o)
                0x20004dfc                _strtod_r
 .text._strtol_r
                0x20005f64      0x1b8 c:/isis/application/toolchain/bin/../lib/gcc/arm-none-eabi/4.7.4/../../../../arm-none-eabi/lib\libc_s.a(lib_a-strtol.o)
                0x20005f64                _strtol_r
 .text.__ssputc_r
                0x2000611c      0x10c c:/isis/application/toolchain/bin/../lib/gcc/arm-none-eabi/4.7.4/../../../../arm-none-eabi/lib\libc_s.a(lib_a-svfprintf.o)
                0x2000611c                __ssputc_r
 .text._svfprintf_r
                0x20006228      0x328 c:/isis/application/toolchain/bin/../lib/gcc/arm-none-eabi/4.7.4/../../../../arm-none-eabi/lib\libc_s.a(lib_a-svfprintf.o)
                0x20006228                _svfiprintf_r
                0x20006228                _svfprintf_r
 .text._calloc_r
                0x20006550       0x2c c:/isis/application/toolchain/bin/../lib/gcc/arm-none-eabi/4.7.4/../../../../arm-none-eabi/lib\libc_s.a(lib_a-callocr.o)
                0x20006550                _calloc_r
 .text._free_r  0x2000657c      0x108 c:/isis/application/toolchain/bin/../lib/gcc/arm-none-eabi/4.7.4/../../../../arm-none-eabi/lib\libc_s.a(lib_a-freer.o)
                0x2000657c                _free_r
 .text.rshift   0x20006684       0xb0 c:/isis/application/toolchain/bin/../lib/gcc/arm-none-eabi/4.7.4/../../../../arm-none-eabi/lib\libc_s.a(lib_a-gdtoa-gethex.o)
 .text.htinit.constprop.0
                0x20006734       0x34 c:/isis/application/toolchain/bin/../lib/gcc/arm-none-eabi/4.7.4/../../../../arm-none-eabi/lib\libc_s.a(lib_a-gdtoa-gethex.o)
 .text.__hexdig_init
                0x20006768       0x38 c:/isis/application/toolchain/bin/../lib/gcc/arm-none-eabi/4.7.4/../../../../arm-none-eabi/lib\libc_s.a(lib_a-gdtoa-gethex.o)
                0x20006768                __hexdig_init
 .text.__gethex
                0x200067a0      0x6cc c:/isis/application/toolchain/bin/../lib/gcc/arm-none-eabi/4.7.4/../../../../arm-none-eabi/lib\libc_s.a(lib_a-gdtoa-gethex.o)
                0x200067a0                __gethex
 .text.L_shift  0x20006e6c       0x38 c:/isis/application/toolchain/bin/../lib/gcc/arm-none-eabi/4.7.4/../../../../arm-none-eabi/lib\libc_s.a(lib_a-gdtoa-hexnan.o)
 .text.__hexnan
                0x20006ea4      0x1d8 c:/isis/application/toolchain/bin/../lib/gcc/arm-none-eabi/4.7.4/../../../../arm-none-eabi/lib\libc_s.a(lib_a-gdtoa-hexnan.o)
                0x20006ea4                __hexnan
 .text.memchr   0x2000707c       0x34 c:/isis/application/toolchain/bin/../lib/gcc/arm-none-eabi/4.7.4/../../../../arm-none-eabi/lib\libc_s.a(lib_a-memchr.o)
                0x2000707c                memchr
 .text.memset   0x200070b0       0x1c c:/isis/application/toolchain/bin/../lib/gcc/arm-none-eabi/4.7.4/../../../../arm-none-eabi/lib\libc_s.a(lib_a-memset.o)
                0x200070b0                memset
 .text._realloc_r
                0x200070cc       0x80 c:/isis/application/toolchain/bin/../lib/gcc/arm-none-eabi/4.7.4/../../../../arm-none-eabi/lib\libc_s.a(lib_a-reallocr.o)
                0x200070cc                _realloc_r
 .text.strncmp  0x2000714c       0x64 c:/isis/application/toolchain/bin/../lib/gcc/arm-none-eabi/4.7.4/../../../../arm-none-eabi/lib\libc_s.a(lib_a-strncmp.o)
                0x2000714c                strncmp
 .text._malloc_usable_size_r
                0x200071b0       0x1c c:/isis/application/toolchain/bin/../lib/gcc/arm-none-eabi/4.7.4/../../../../arm-none-eabi/lib\libc_s.a(lib_a-msizer.o)
                0x200071b0                _malloc_usable_size_r
 .text.GetChunkFromImage
                0x200071cc      0x2e0 ./src/sub-systemCode/payload/Request Management/Dump/Butchering.o
                0x200071cc                GetChunkFromImage
 .text.SimpleButcher
                0x200074ac       0xf4 ./src/sub-systemCode/payload/Request Management/Dump/Butchering.o
                0x200074ac                SimpleButcher
 .text.readChunkDimentionsFromFRAM
                0x200075a0       0x80 ./src/sub-systemCode/payload/Request Management/Dump/imageDump.o
                0x200075a0                readChunkDimentionsFromFRAM
 .text.setChunkDimensions_inFRAM
                0x20007620      0x10c ./src/sub-systemCode/payload/Request Management/Dump/imageDump.o
                0x20007620                setChunkDimensions_inFRAM
 .text.find_subType_ofImage
                0x2000772c       0xe0 ./src/sub-systemCode/payload/Request Management/Dump/imageDump.o
                0x2000772c                find_subType_ofImage
 .text.buildAndSend_chunck
                0x2000780c      0x320 ./src/sub-systemCode/payload/Request Management/Dump/imageDump.o
                0x2000780c                buildAndSend_chunck
 .text.bitField_imageDump
                0x20007b2c      0x288 ./src/sub-systemCode/payload/Request Management/Dump/imageDump.o
                0x20007b2c                bitField_imageDump
 .text.imageDataBase_Dump
                0x20007db4      0x104 ./src/sub-systemCode/payload/Request Management/Dump/imageDump.o
                0x20007db4                imageDataBase_Dump
 .text.chunkField_imageDump
                0x20007eb8      0x27c ./src/sub-systemCode/payload/Request Management/Dump/imageDump.o
                0x20007eb8                chunkField_imageDump
 .text.imageDump_task
                0x20008134      0x42c ./src/sub-systemCode/payload/Request Management/Dump/imageDump.o
                0x20008134                imageDump_task
 .text.CameraManagerTaskMain
                0x20008560       0xbc ./src/sub-systemCode/payload/Request Management/CameraManeger.o
                0x20008560                CameraManagerTaskMain
 .text.initCamera
                0x2000861c       0xa4 ./src/sub-systemCode/payload/Request Management/CameraManeger.o
                0x2000861c                initCamera
 .text.KickStartCamera
                0x200086c0       0xb4 ./src/sub-systemCode/payload/Request Management/CameraManeger.o
                0x200086c0                KickStartCamera
 .text.addRequestToQueue
                0x20008774       0xa8 ./src/sub-systemCode/payload/Request Management/CameraManeger.o
                0x20008774                addRequestToQueue
 .text.removeRequestFromQueue
                0x2000881c       0x7c ./src/sub-systemCode/payload/Request Management/CameraManeger.o
                0x2000881c                removeRequestFromQueue
 .text.Take_pictures_with_time_in_between
                0x20008898       0xa4 ./src/sub-systemCode/payload/Request Management/CameraManeger.o
                0x20008898                Take_pictures_with_time_in_between
 .text.Gecko_TroubleShooter
                0x2000893c       0xdc ./src/sub-systemCode/payload/Request Management/CameraManeger.o
                0x2000893c                Gecko_TroubleShooter
 .text.startDumpTask
                0x20008a18       0x70 ./src/sub-systemCode/payload/Request Management/CameraManeger.o
                0x20008a18                startDumpTask
 .text.act_upon_request
                0x20008a88      0x314 ./src/sub-systemCode/payload/Request Management/CameraManeger.o
                0x20008a88                act_upon_request
 .text.TakePicture
                0x20008d9c       0x4c ./src/sub-systemCode/payload/Request Management/DB_RequestHandling.o
                0x20008d9c                TakePicture
 .text.TakeSpecialPicture
                0x20008de8      0x104 ./src/sub-systemCode/payload/Request Management/DB_RequestHandling.o
                0x20008de8                TakeSpecialPicture
 .text.DeletePictureFile
                0x20008eec       0x88 ./src/sub-systemCode/payload/Request Management/DB_RequestHandling.o
                0x20008eec                DeletePictureFile
 .text.DeletePicture
                0x20008f74       0x6c ./src/sub-systemCode/payload/Request Management/DB_RequestHandling.o
                0x20008f74                DeletePicture
 .text.TransferPicture
                0x20008fe0       0x54 ./src/sub-systemCode/payload/Request Management/DB_RequestHandling.o
                0x20008fe0                TransferPicture
 .text.CreateThumbnail
                0x20009034       0x80 ./src/sub-systemCode/payload/Request Management/DB_RequestHandling.o
                0x20009034                CreateThumbnail
 .text.CreateJPG
                0x200090b4       0x7c ./src/sub-systemCode/payload/Request Management/DB_RequestHandling.o
                0x200090b4                CreateJPG
 .text.UpdatePhotographyValues
                0x20009130       0xb4 ./src/sub-systemCode/payload/Request Management/DB_RequestHandling.o
                0x20009130                UpdatePhotographyValues
 .text.setChunkDimensions
                0x200091e4       0x64 ./src/sub-systemCode/payload/Request Management/DB_RequestHandling.o
                0x200091e4                setChunkDimensions
 .text.convert2char
                0x20009248      0x14c ./src/sub-systemCode/payload/Misc/Boolean_bit.o
                0x20009248                convert2char
 .text.convert2byte
                0x20009394      0x1c8 ./src/sub-systemCode/payload/Misc/Boolean_bit.o
                0x20009394                convert2byte
 .text.bits2byte
                0x2000955c      0x17c ./src/sub-systemCode/payload/Misc/Boolean_bit.o
                0x2000955c                bits2byte
 .text.byte2bits
                0x200096d8      0x17c ./src/sub-systemCode/payload/Misc/Boolean_bit.o
                0x200096d8                byte2bits
 .text.char2bits
                0x20009854       0x44 ./src/sub-systemCode/payload/Misc/Boolean_bit.o
                0x20009854                char2bits
 .text.bits2char
                0x20009898       0x3c ./src/sub-systemCode/payload/Misc/Boolean_bit.o
                0x20009898                bits2char
 .text.keepTryingTo_enterFS
                0x200098d4       0x24 ./src/sub-systemCode/payload/Misc/FileSystem.o
                0x200098d4                keepTryingTo_enterFS
 .text.releaseFS
                0x200098f8       0x18 ./src/sub-systemCode/payload/Misc/FileSystem.o
                0x200098f8                releaseFS
 .text.OpenFile
                0x20009910       0x64 ./src/sub-systemCode/payload/Misc/FileSystem.o
                0x20009910                OpenFile
 .text.CloseFile
                0x20009974       0x4c ./src/sub-systemCode/payload/Misc/FileSystem.o
                0x20009974                CloseFile
 .text.DeleteFile
                0x200099c0       0x60 ./src/sub-systemCode/payload/Misc/FileSystem.o
                0x200099c0                DeleteFile
 .text.ReadFromFile
                0x20009a20       0x7c ./src/sub-systemCode/payload/Misc/FileSystem.o
                0x20009a20                ReadFromFile
 .text.WriteToFile
                0x20009a9c       0xb4 ./src/sub-systemCode/payload/Misc/FileSystem.o
                0x20009a9c                WriteToFile
 .text.Initialized_GPIO
                0x20009b50       0x54 ./src/sub-systemCode/payload/Drivers/GeckoCameraDriver.o
                0x20009b50                Initialized_GPIO
 .text.TurnOnGecko
                0x20009ba4      0x134 ./src/sub-systemCode/payload/Drivers/GeckoCameraDriver.o
                0x20009ba4                TurnOnGecko
 .text.TurnOffGecko
                0x20009cd8       0xcc ./src/sub-systemCode/payload/Drivers/GeckoCameraDriver.o
                0x20009cd8                TurnOffGecko
 .text.initGecko
                0x20009da4       0x3c ./src/sub-systemCode/payload/Drivers/GeckoCameraDriver.o
                0x20009da4                initGecko
 .text.GECKO_TakeImage
                0x20009de0      0x2f4 ./src/sub-systemCode/payload/Drivers/GeckoCameraDriver.o
                0x20009de0                GECKO_TakeImage
 .text.GECKO_ReadImage
                0x2000a0d4      0x234 ./src/sub-systemCode/payload/Drivers/GeckoCameraDriver.o
                0x2000a0d4                GECKO_ReadImage
 .text.GECKO_EraseBlock
                0x2000a308       0xf0 ./src/sub-systemCode/payload/Drivers/GeckoCameraDriver.o
                0x2000a308                GECKO_EraseBlock
 .text.getFileName
                0x2000a3f8      0x1a0 ./src/sub-systemCode/payload/DataBase/DataBase.o
 .text.zeroImageDataBase
                0x2000a598       0xfc ./src/sub-systemCode/payload/DataBase/DataBase.o
                0x2000a598                zeroImageDataBase
 .text.updateGeneralDataBaseParameters
                0x2000a694       0x5c ./src/sub-systemCode/payload/DataBase/DataBase.o
                0x2000a694                updateGeneralDataBaseParameters
 .text.SearchDataBase_byID
                0x2000a6f0      0x220 ./src/sub-systemCode/payload/DataBase/DataBase.o
                0x2000a6f0                SearchDataBase_byID
 .text.checkForFileType
                0x2000a910       0x68 ./src/sub-systemCode/payload/DataBase/DataBase.o
                0x2000a910                checkForFileType
 .text.updateFileTypes
                0x2000a978       0xbc ./src/sub-systemCode/payload/DataBase/DataBase.o
                0x2000a978                updateFileTypes
 .text.GetImageFactor
                0x2000aa34       0x58 ./src/sub-systemCode/payload/DataBase/DataBase.o
                0x2000aa34                GetImageFactor
 .text.readImageFromBuffer
                0x2000aa8c      0x12c ./src/sub-systemCode/payload/DataBase/DataBase.o
                0x2000aa8c                readImageFromBuffer
 .text.saveImageToBuffer
                0x2000abb8      0x12c ./src/sub-systemCode/payload/DataBase/DataBase.o
                0x2000abb8                saveImageToBuffer
 .text.getLatestID
                0x2000ace4       0x48 ./src/sub-systemCode/payload/DataBase/DataBase.o
                0x2000ace4                getLatestID
 .text.getDataBaseStart
                0x2000ad2c       0x20 ./src/sub-systemCode/payload/DataBase/DataBase.o
                0x2000ad2c                getDataBaseStart
 .text.setDataBaseValues
                0x2000ad4c      0x1d8 ./src/sub-systemCode/payload/DataBase/DataBase.o
                0x2000ad4c                setDataBaseValues
 .text.initImageDataBase
                0x2000af24      0x1b0 ./src/sub-systemCode/payload/DataBase/DataBase.o
                0x2000af24                initImageDataBase
 .text.resetImageDataBase
                0x2000b0d4       0x98 ./src/sub-systemCode/payload/DataBase/DataBase.o
                0x2000b0d4                resetImageDataBase
 .text.setCameraPhotographyValues
                0x2000b16c      0x10c ./src/sub-systemCode/payload/DataBase/DataBase.o
                0x2000b16c                setCameraPhotographyValues
 .text.transferImageToSD_withoutSearch
                0x2000b278      0x15c ./src/sub-systemCode/payload/DataBase/DataBase.o
                0x2000b278                transferImageToSD_withoutSearch
 .text.transferImageToSD
                0x2000b3d4       0xb4 ./src/sub-systemCode/payload/DataBase/DataBase.o
                0x2000b3d4                transferImageToSD
 .text.DeleteImageFromOBC_withoutSearch
                0x2000b488       0xe0 ./src/sub-systemCode/payload/DataBase/DataBase.o
                0x2000b488                DeleteImageFromOBC_withoutSearch
 .text.DeleteImageFromOBC
                0x2000b568       0xb4 ./src/sub-systemCode/payload/DataBase/DataBase.o
                0x2000b568                DeleteImageFromOBC
 .text.DeleteImageFromPayload
                0x2000b61c      0x25c ./src/sub-systemCode/payload/DataBase/DataBase.o
                0x2000b61c                DeleteImageFromPayload
 .text.clearImageDataBase
                0x2000b878      0x114 ./src/sub-systemCode/payload/DataBase/DataBase.o
                0x2000b878                clearImageDataBase
 .text.writeNewImageMetaDataToFRAM
                0x2000b98c      0x234 ./src/sub-systemCode/payload/DataBase/DataBase.o
                0x2000b98c                writeNewImageMetaDataToFRAM
 .text.takePicture
                0x2000bbc0      0x370 ./src/sub-systemCode/payload/DataBase/DataBase.o
                0x2000bbc0                takePicture
 .text.takePicture_withSpecialParameters
                0x2000bf30       0xbc ./src/sub-systemCode/payload/DataBase/DataBase.o
                0x2000bf30                takePicture_withSpecialParameters
 .text.GetImageFileName
                0x2000bfec       0xc0 ./src/sub-systemCode/payload/DataBase/DataBase.o
                0x2000bfec                GetImageFileName
 .text.getDataBaseSize
                0x2000c0ac       0x20 ./src/sub-systemCode/payload/DataBase/DataBase.o
                0x2000c0ac                getDataBaseSize
 .text.getImageDataBaseBuffer
                0x2000c0cc      0x240 ./src/sub-systemCode/payload/DataBase/DataBase.o
                0x2000c0cc                getImageDataBaseBuffer
 .text.TransformRawToBMP
                0x2000c30c      0x1a8 ./src/sub-systemCode/payload/Compression/jpeg/bmp/rawToBMP.o
                0x2000c30c                TransformRawToBMP
 .text.interpolate
                0x2000c4b4      0x8d0 ./src/sub-systemCode/payload/Compression/jpeg/bmp/rawToBMP.o
                0x2000c4b4                interpolate
 .text.getInputAt
                0x2000cd84      0x308 ./src/sub-systemCode/payload/Compression/jpeg/bmp/rawToBMP.o
                0x2000cd84                getInputAt
 .text.f_writeF_FILEHeader
                0x2000d08c      0x2f0 ./src/sub-systemCode/payload/Compression/jpeg/bmp/rawToBMP.o
                0x2000d08c                f_writeF_FILEHeader
 .text.f_writeOutputRow
                0x2000d37c       0xbc ./src/sub-systemCode/payload/Compression/jpeg/bmp/rawToBMP.o
                0x2000d37c                f_writeOutputRow
 .text.dct      0x2000d438      0x9c4 ./src/sub-systemCode/payload/Compression/jpeg/DCT.o
                0x2000d438                dct
 .text.JPEG_compressor
                0x2000ddfc      0x104 ./src/sub-systemCode/payload/Compression/jpeg/ImgCompressor.o
                0x2000ddfc                JPEG_compressor
 .text.Create_BMP_File
                0x2000df00       0xf4 ./src/sub-systemCode/payload/Compression/jpeg/ImgCompressor.o
                0x2000df00                Create_BMP_File
 .text.CompressImage
                0x2000dff4      0x1cc ./src/sub-systemCode/payload/Compression/jpeg/ImgCompressor.o
                0x2000dff4                CompressImage
 .text.clamp    0x2000e1c0       0x60 ./src/sub-systemCode/payload/Compression/jpeg/color_conv.o
                0x2000e1c0                clamp
 .text.RGB_to_YCC
                0x2000e220      0x1a8 ./src/sub-systemCode/payload/Compression/jpeg/color_conv.o
                0x2000e220                RGB_to_YCC
 .text.RGB_to_Y
                0x2000e3c8       0xc4 ./src/sub-systemCode/payload/Compression/jpeg/color_conv.o
                0x2000e3c8                RGB_to_Y
 .text.Y_to_YCC
                0x2000e48c       0x88 ./src/sub-systemCode/payload/Compression/jpeg/color_conv.o
                0x2000e48c                Y_to_YCC
 .text.compress_image_to_jpeg_file
                0x2000e514      0x18c ./src/sub-systemCode/payload/Compression/jpeg/jpeg.o
                0x2000e514                compress_image_to_jpeg_file
 .text.emit_marker
                0x2000e6a0       0xc8 ./src/sub-systemCode/payload/Compression/jpeg/jpeg_encoder.o
                0x2000e6a0                emit_marker
 .text.emit_byte
                0x2000e768       0x6c ./src/sub-systemCode/payload/Compression/jpeg/jpeg_encoder.o
                0x2000e768                emit_byte
 .text.emit_word
                0x2000e7d4       0xd0 ./src/sub-systemCode/payload/Compression/jpeg/jpeg_encoder.o
                0x2000e7d4                emit_word
 .text.emit_jfif_app0
                0x2000e8a4       0xc0 ./src/sub-systemCode/payload/Compression/jpeg/jpeg_encoder.o
                0x2000e8a4                emit_jfif_app0
 .text.emit_dqt
                0x2000e964       0xd8 ./src/sub-systemCode/payload/Compression/jpeg/jpeg_encoder.o
                0x2000e964                emit_dqt
 .text.emit_sof
                0x2000ea3c      0x14c ./src/sub-systemCode/payload/Compression/jpeg/jpeg_encoder.o
                0x2000ea3c                emit_sof
 .text.emit_dht
                0x2000eb88      0x138 ./src/sub-systemCode/payload/Compression/jpeg/jpeg_encoder.o
                0x2000eb88                emit_dht
 .text.emit_dhts
                0x2000ecc0       0xd8 ./src/sub-systemCode/payload/Compression/jpeg/jpeg_encoder.o
                0x2000ecc0                emit_dhts
 .text.emit_sos
                0x2000ed98       0xec ./src/sub-systemCode/payload/Compression/jpeg/jpeg_encoder.o
                0x2000ed98                emit_sos
 .text.emit_markers
                0x2000ee84       0x4c ./src/sub-systemCode/payload/Compression/jpeg/jpeg_encoder.o
                0x2000ee84                emit_markers
 .text.compute_huffman_table
                0x2000eed0      0x334 ./src/sub-systemCode/payload/Compression/jpeg/jpeg_encoder.o
                0x2000eed0                compute_huffman_table
 .text.compute_quant_table
                0x2000f204      0x11c ./src/sub-systemCode/payload/Compression/jpeg/jpeg_encoder.o
                0x2000f204                compute_quant_table
 .text.first_pass_init
                0x2000f320       0x54 ./src/sub-systemCode/payload/Compression/jpeg/jpeg_encoder.o
                0x2000f320                first_pass_init
 .text.second_pass_init
                0x2000f374      0x110 ./src/sub-systemCode/payload/Compression/jpeg/jpeg_encoder.o
                0x2000f374                second_pass_init
 .text.jpg_open
                0x2000f484      0x7b4 ./src/sub-systemCode/payload/Compression/jpeg/jpeg_encoder.o
                0x2000f484                jpg_open
 .text.load_block_8_8_grey
                0x2000fc38      0x164 ./src/sub-systemCode/payload/Compression/jpeg/jpeg_encoder.o
                0x2000fc38                load_block_8_8_grey
 .text.load_block_8_8
                0x2000fd9c      0x198 ./src/sub-systemCode/payload/Compression/jpeg/jpeg_encoder.o
                0x2000fd9c                load_block_8_8
 .text.load_block_16_8
                0x2000ff34      0x3cc ./src/sub-systemCode/payload/Compression/jpeg/jpeg_encoder.o
                0x2000ff34                load_block_16_8
 .text.load_block_16_8_8
                0x20010300      0x2a8 ./src/sub-systemCode/payload/Compression/jpeg/jpeg_encoder.o
                0x20010300                load_block_16_8_8
 .text.load_coefficients
                0x200105a8      0x1c8 ./src/sub-systemCode/payload/Compression/jpeg/jpeg_encoder.o
                0x200105a8                load_coefficients
 .text.flush_output_buffer
                0x20010770       0xa0 ./src/sub-systemCode/payload/Compression/jpeg/jpeg_encoder.o
                0x20010770                flush_output_buffer
 .text.put_bits
                0x20010810      0x170 ./src/sub-systemCode/payload/Compression/jpeg/jpeg_encoder.o
                0x20010810                put_bits
 .text.code_coefficients_pass_two
                0x20010980      0x338 ./src/sub-systemCode/payload/Compression/jpeg/jpeg_encoder.o
                0x20010980                code_coefficients_pass_two
 .text.code_block
                0x20010cb8       0x44 ./src/sub-systemCode/payload/Compression/jpeg/jpeg_encoder.o
                0x20010cb8                code_block
 .text.process_mcu_row
                0x20010cfc      0x328 ./src/sub-systemCode/payload/Compression/jpeg/jpeg_encoder.o
                0x20010cfc                process_mcu_row
 .text.terminate_pass_two
                0x20011024       0x44 ./src/sub-systemCode/payload/Compression/jpeg/jpeg_encoder.o
                0x20011024                terminate_pass_two
 .text.process_end_of_image
                0x20011068       0xc0 ./src/sub-systemCode/payload/Compression/jpeg/jpeg_encoder.o
                0x20011068                process_end_of_image
 .text.load_mcu
                0x20011128      0x29c ./src/sub-systemCode/payload/Compression/jpeg/jpeg_encoder.o
                0x20011128                load_mcu
 .text.clear    0x200113c4      0x1e0 ./src/sub-systemCode/payload/Compression/jpeg/jpeg_encoder.o
                0x200113c4                clear
 .text.init     0x200115a4       0xe4 ./src/sub-systemCode/payload/Compression/jpeg/jpeg_encoder.o
                0x200115a4                init
 .text.deinit   0x20011688      0x160 ./src/sub-systemCode/payload/Compression/jpeg/jpeg_encoder.o
                0x20011688                deinit
 .text.process_scanline
                0x200117e8       0x6c ./src/sub-systemCode/payload/Compression/jpeg/jpeg_encoder.o
                0x200117e8                process_scanline
 .text.jpge_malloc
                0x20011854       0x28 ./src/sub-systemCode/payload/Compression/jpeg/jpeg_memory_alloc.o
                0x20011854                jpge_malloc
 .text.jpge_cmalloc
                0x2001187c       0x48 ./src/sub-systemCode/payload/Compression/jpeg/jpeg_memory_alloc.o
                0x2001187c                jpge_cmalloc
 .text.jpge_free
                0x200118c4       0x24 ./src/sub-systemCode/payload/Compression/jpeg/jpeg_memory_alloc.o
                0x200118c4                jpge_free
 .text.check    0x200118e8       0x78 ./src/sub-systemCode/payload/Compression/jpeg/jpeg_params.o
                0x200118e8                check
 .text.open_jpeg_file
                0x20011960       0xfc ./src/sub-systemCode/payload/Compression/jpeg/output_stream.o
                0x20011960                open_jpeg_file
 .text.close_jpeg_file
                0x20011a5c      0x118 ./src/sub-systemCode/payload/Compression/jpeg/output_stream.o
                0x20011a5c                close_jpeg_file
 .text.put_buf  0x20011b74      0x258 ./src/sub-systemCode/payload/Compression/jpeg/output_stream.o
                0x20011b74                put_buf
 .text.GetBayerPixel
                0x20011dcc       0xe8 ./src/sub-systemCode/payload/Compression/ImageConversion.o
 .text.BinImage
                0x20011eb4      0x2c8 ./src/sub-systemCode/payload/Compression/ImageConversion.o
                0x20011eb4                BinImage
 .text.ImageSkipping
                0x2001217c      0x2ac ./src/sub-systemCode/payload/Compression/ImageConversion.o
                0x2001217c                ImageSkipping
 .text.CreateImageThumbnail_withoutSearch
                0x20012428      0x14c ./src/sub-systemCode/payload/Compression/ImageConversion.o
                0x20012428                CreateImageThumbnail_withoutSearch
 .text.CreateImageThumbnail
                0x20012574       0x94 ./src/sub-systemCode/payload/Compression/ImageConversion.o
                0x20012574                CreateImageThumbnail
 .text.compressImage
                0x20012608      0x17c ./src/sub-systemCode/payload/Compression/ImageConversion.o
                0x20012608                compressImage
 .text.cmd_mute
                0x20012784       0xc4 ./src/sub-systemCode/Main/CMD/COMM_CMD.o
                0x20012784                cmd_mute
 .text.cmd_unmute
                0x20012848       0x50 ./src/sub-systemCode/Main/CMD/COMM_CMD.o
                0x20012848                cmd_unmute
 .text.cmd_active_trans
                0x20012898       0xc0 ./src/sub-systemCode/Main/CMD/COMM_CMD.o
                0x20012898                cmd_active_trans
 .text.cmd_shut_trans
                0x20012958       0x38 ./src/sub-systemCode/Main/CMD/COMM_CMD.o
                0x20012958                cmd_shut_trans
 .text.cmd_change_trans_rssi
                0x20012990      0x100 ./src/sub-systemCode/Main/CMD/COMM_CMD.o
                0x20012990                cmd_change_trans_rssi
 .text.cmd_aprs_dump
                0x20012a90       0x50 ./src/sub-systemCode/Main/CMD/COMM_CMD.o
                0x20012a90                cmd_aprs_dump
 .text.cmd_stop_dump
                0x20012ae0       0x38 ./src/sub-systemCode/Main/CMD/COMM_CMD.o
                0x20012ae0                cmd_stop_dump
 .text.cmd_time_frequency
                0x20012b18       0xc0 ./src/sub-systemCode/Main/CMD/COMM_CMD.o
                0x20012b18                cmd_time_frequency
 .text.cmd_change_def_bit_rate
                0x20012bd8      0x158 ./src/sub-systemCode/Main/CMD/COMM_CMD.o
                0x20012bd8                cmd_change_def_bit_rate
 .text.cmd_upload_volt_logic
                0x20012d30      0x3d0 ./src/sub-systemCode/Main/CMD/EPS_CMD.o
                0x20012d30                cmd_upload_volt_logic
 .text.cmd_upload_volt_COMM
                0x20013100      0x1c8 ./src/sub-systemCode/Main/CMD/EPS_CMD.o
                0x20013100                cmd_upload_volt_COMM
 .text.cmd_heater_temp
                0x200132c8       0xc0 ./src/sub-systemCode/Main/CMD/EPS_CMD.o
                0x200132c8                cmd_heater_temp
 .text.cmd_SHUT_CAM
                0x20013388       0x6c ./src/sub-systemCode/Main/CMD/EPS_CMD.o
                0x20013388                cmd_SHUT_CAM
 .text.cmd_SHUT_ADCS
                0x200133f4       0x6c ./src/sub-systemCode/Main/CMD/EPS_CMD.o
                0x200133f4                cmd_SHUT_ADCS
 .text.cmd_allow_CAM
                0x20013460       0x6c ./src/sub-systemCode/Main/CMD/EPS_CMD.o
                0x20013460                cmd_allow_CAM
 .text.cmd_allow_ADCS
                0x200134cc       0x6c ./src/sub-systemCode/Main/CMD/EPS_CMD.o
                0x200134cc                cmd_allow_ADCS
 .text.cmd_generic_I2C
                0x20013538       0xb4 ./src/sub-systemCode/Main/CMD/General_CMD.o
                0x20013538                cmd_generic_I2C
 .text.cmd_dump
                0x200135ec       0xf0 ./src/sub-systemCode/Main/CMD/General_CMD.o
                0x200135ec                cmd_dump
 .text.cmd_delete_TM
                0x200136dc      0x1dc ./src/sub-systemCode/Main/CMD/General_CMD.o
                0x200136dc                cmd_delete_TM
 .text.cmd_reset_file
                0x200138b8      0x110 ./src/sub-systemCode/Main/CMD/General_CMD.o
                0x200138b8                cmd_reset_file
 .text.cmd_dummy_func
                0x200139c8       0x40 ./src/sub-systemCode/Main/CMD/General_CMD.o
                0x200139c8                cmd_dummy_func
 .text.cmd_soft_reset_cmponent
                0x20013a08       0xb0 ./src/sub-systemCode/Main/CMD/General_CMD.o
                0x20013a08                cmd_soft_reset_cmponent
 .text.cmd_hard_reset_cmponent
                0x20013ab8       0xb0 ./src/sub-systemCode/Main/CMD/General_CMD.o
                0x20013ab8                cmd_hard_reset_cmponent
 .text.cmd_reset_satellite
                0x20013b68       0x78 ./src/sub-systemCode/Main/CMD/General_CMD.o
                0x20013b68                cmd_reset_satellite
 .text.cmd_gracefull_reset_satellite
                0x20013be0       0x78 ./src/sub-systemCode/Main/CMD/General_CMD.o
                0x20013be0                cmd_gracefull_reset_satellite
 .text.cmd_upload_time
                0x20013c58       0xb0 ./src/sub-systemCode/Main/CMD/General_CMD.o
                0x20013c58                cmd_upload_time
 .text.cmd_ARM_DIARM
                0x20013d08       0xd4 ./src/sub-systemCode/Main/CMD/General_CMD.o
                0x20013d08                cmd_ARM_DIARM
 .text.cmd_get_onlineTM
                0x20013ddc       0xb8 ./src/sub-systemCode/Main/CMD/General_CMD.o
                0x20013ddc                cmd_get_onlineTM
 .text.cmd_reset_off_line
                0x20013e94       0x68 ./src/sub-systemCode/Main/CMD/General_CMD.o
                0x20013e94                cmd_reset_off_line
 .text.cmd_add_item_off_line
                0x20013efc       0xf0 ./src/sub-systemCode/Main/CMD/General_CMD.o
                0x20013efc                cmd_add_item_off_line
 .text.cmd_reset_delayed_command_list
                0x20013fec       0x3c ./src/sub-systemCode/Main/CMD/SW_CMD.o
                0x20013fec                cmd_reset_delayed_command_list
 .text.cmd_reset_APRS_list
                0x20014028       0x3c ./src/sub-systemCode/Main/CMD/SW_CMD.o
                0x20014028                cmd_reset_APRS_list
 .text.cmd_reset_FRAM
                0x20014064       0xe8 ./src/sub-systemCode/Main/CMD/SW_CMD.o
                0x20014064                cmd_reset_FRAM
 .text.ARM_ants
                0x2001414c       0xb8 ./src/sub-systemCode/Main/Ants.o
                0x2001414c                ARM_ants
 .text.DISARM_ants
                0x20014204       0xb8 ./src/sub-systemCode/Main/Ants.o
                0x20014204                DISARM_ants
 .text.round_vol
                0x200142bc      0x124 ./src/sub-systemCode/Main/EPS.o
                0x200142bc                round_vol
 .text.get_shut_ADCS
                0x200143e0       0x48 ./src/sub-systemCode/Main/EPS.o
                0x200143e0                get_shut_ADCS
 .text.shut_ADCS
                0x20014428       0x44 ./src/sub-systemCode/Main/EPS.o
                0x20014428                shut_ADCS
 .text.get_shut_CAM
                0x2001446c       0x48 ./src/sub-systemCode/Main/EPS.o
                0x2001446c                get_shut_CAM
 .text.shut_CAM
                0x200144b4       0x44 ./src/sub-systemCode/Main/EPS.o
                0x200144b4                shut_CAM
 .text.update_powerLines
                0x200144f8       0xec ./src/sub-systemCode/Main/EPS.o
                0x200144f8                update_powerLines
 .text.init_enterMode
                0x200145e4       0x88 ./src/sub-systemCode/Main/EPS.o
                0x200145e4                init_enterMode
 .text.EPS_Init
                0x2001466c      0x1c8 ./src/sub-systemCode/Main/EPS.o
                0x2001466c                EPS_Init
 .text.reset_FRAM_EPS
                0x20014834       0xa4 ./src/sub-systemCode/Main/EPS.o
                0x20014834                reset_FRAM_EPS
 .text.reset_EPS_voltages
                0x200148d8       0xbc ./src/sub-systemCode/Main/EPS.o
                0x200148d8                reset_EPS_voltages
 .text.EPS_Conditioning
                0x20014994      0x158 ./src/sub-systemCode/Main/EPS.o
                0x20014994                EPS_Conditioning
 .text.overRide_ADCS
                0x20014aec       0x50 ./src/sub-systemCode/Main/EPS.o
                0x20014aec                overRide_ADCS
 .text.overRide_Camera
                0x20014b3c       0x38 ./src/sub-systemCode/Main/EPS.o
                0x20014b3c                overRide_Camera
 .text.EnterFullMode
                0x20014b74       0xfc ./src/sub-systemCode/Main/EPS.o
                0x20014b74                EnterFullMode
 .text.EnterCruiseMode
                0x20014c70       0xec ./src/sub-systemCode/Main/EPS.o
                0x20014c70                EnterCruiseMode
 .text.EnterSafeMode
                0x20014d5c       0xec ./src/sub-systemCode/Main/EPS.o
                0x20014d5c                EnterSafeMode
 .text.EnterCriticalMode
                0x20014e48       0xd8 ./src/sub-systemCode/Main/EPS.o
                0x20014e48                EnterCriticalMode
 .text.find_fileName
                0x20014f20      0x5e4 ./src/sub-systemCode/Main/HouseKeeping.o
                0x20014f20                find_fileName
 .text.size_of_element
                0x20015504      0x108 ./src/sub-systemCode/Main/HouseKeeping.o
                0x20015504                size_of_element
 .text.save_ACK
                0x2001560c       0xc0 ./src/sub-systemCode/Main/HouseKeeping.o
                0x2001560c                save_ACK
 .text.set_GP_EPS
                0x200156cc      0x10c ./src/sub-systemCode/Main/HouseKeeping.o
                0x200156cc                set_GP_EPS
 .text.set_GP_COMM
                0x200157d8       0x88 ./src/sub-systemCode/Main/HouseKeeping.o
                0x200157d8                set_GP_COMM
 .text.SP_HK_collect
                0x20015860      0x17c ./src/sub-systemCode/Main/HouseKeeping.o
                0x20015860                SP_HK_collect
 .text.EPS_HK_collect
                0x200159dc      0x4d8 ./src/sub-systemCode/Main/HouseKeeping.o
                0x200159dc                EPS_HK_collect
 .text.CAM_HK_collect
                0x20015eb4      0x91c ./src/sub-systemCode/Main/HouseKeeping.o
                0x20015eb4                CAM_HK_collect
 .text.COMM_HK_collect
                0x200167d0      0x154 ./src/sub-systemCode/Main/HouseKeeping.o
                0x200167d0                COMM_HK_collect
 .text.COMM_create_file
                0x20016924       0x74 ./src/sub-systemCode/Main/HouseKeeping.o
                0x20016924                COMM_create_file
 .text.ACK_create_file
                0x20016998       0x74 ./src/sub-systemCode/Main/HouseKeeping.o
                0x20016998                ACK_create_file
 .text.EPS_create_file
                0x20016a0c       0x74 ./src/sub-systemCode/Main/HouseKeeping.o
                0x20016a0c                EPS_create_file
 .text.CAM_create_file
                0x20016a80       0x54 ./src/sub-systemCode/Main/HouseKeeping.o
                0x20016a80                CAM_create_file
 .text.SP_create_file
                0x20016ad4       0x54 ./src/sub-systemCode/Main/HouseKeeping.o
                0x20016ad4                SP_create_file
 .text.create_files
                0x20016b28       0x48 ./src/sub-systemCode/Main/HouseKeeping.o
                0x20016b28                create_files
 .text.save_SP_HK
                0x20016b70       0x70 ./src/sub-systemCode/Main/HouseKeeping.o
                0x20016b70                save_SP_HK
 .text.save_EPS_HK
                0x20016be0       0x70 ./src/sub-systemCode/Main/HouseKeeping.o
                0x20016be0                save_EPS_HK
 .text.save_CAM_HK
                0x20016c50       0x84 ./src/sub-systemCode/Main/HouseKeeping.o
                0x20016c50                save_CAM_HK
 .text.save_COMM_HK
                0x20016cd4       0x70 ./src/sub-systemCode/Main/HouseKeeping.o
                0x20016cd4                save_COMM_HK
 .text.EPS_HK_raw_BigEnE
                0x20016d44      0x194 ./src/sub-systemCode/Main/HouseKeeping.o
                0x20016d44                EPS_HK_raw_BigEnE
 .text.CAM_HK_raw_BigEnE
                0x20016ed8      0x194 ./src/sub-systemCode/Main/HouseKeeping.o
                0x20016ed8                CAM_HK_raw_BigEnE
 .text.COMM_HK_raw_BigEnE
                0x2001706c      0x194 ./src/sub-systemCode/Main/HouseKeeping.o
                0x2001706c                COMM_HK_raw_BigEnE
 .text.ADCS_HK_raw_BigEnE
                0x20017200      0x194 ./src/sub-systemCode/Main/HouseKeeping.o
                0x20017200                ADCS_HK_raw_BigEnE
 .text.ADCS_SC_raw_BigEnE
                0x20017394      0x188 ./src/sub-systemCode/Main/HouseKeeping.o
                0x20017394                ADCS_SC_raw_BigEnE
 .text.build_HK_spl_packet
                0x2001751c      0xa2c ./src/sub-systemCode/Main/HouseKeeping.o
                0x2001751c                build_HK_spl_packet
 .text.HouseKeeping_highRate_Task
                0x20017f48       0x78 ./src/sub-systemCode/Main/HouseKeeping.o
                0x20017f48                HouseKeeping_highRate_Task
 .text.HouseKeeping_lowRate_Task
                0x20017fc0       0x74 ./src/sub-systemCode/Main/HouseKeeping.o
                0x20017fc0                HouseKeeping_lowRate_Task
 .text.reset_FIRST_activation
                0x20018034       0x34 ./src/sub-systemCode/Main/Main_Init.o
                0x20018034                reset_FIRST_activation
 .text.test_menu
                0x20018068       0xb4 ./src/sub-systemCode/Main/Main_Init.o
                0x20018068                test_menu
 .text.printImage
                0x2001811c      0x158 ./src/sub-systemCode/Main/Main_Init.o
 .text.numberOfRestarts
                0x20018274       0x94 ./src/sub-systemCode/Main/Main_Init.o
                0x20018274                numberOfRestarts
 .text.StartFRAM
                0x20018308       0x38 ./src/sub-systemCode/Main/Main_Init.o
                0x20018308                StartFRAM
 .text.StartI2C
                0x20018340       0x44 ./src/sub-systemCode/Main/Main_Init.o
                0x20018340                StartI2C
 .text.StartSPI
                0x20018384       0x40 ./src/sub-systemCode/Main/Main_Init.o
                0x20018384                StartSPI
 .text.StartTIME
                0x200183c4      0x118 ./src/sub-systemCode/Main/Main_Init.o
                0x200183c4                StartTIME
 .text.first_activation
                0x200184dc       0x78 ./src/sub-systemCode/Main/Main_Init.o
                0x200184dc                first_activation
 .text.pre_written_test
                0x20018554       0xb4 ./src/sub-systemCode/Main/Main_Init.o
                0x20018554                pre_written_test
 .text.InitSubsystems
                0x20018608       0xfc ./src/sub-systemCode/Main/Main_Init.o
                0x20018608                InitSubsystems
 .text.SubSystemTaskStart
                0x20018704       0xec ./src/sub-systemCode/Main/Main_Init.o
                0x20018704                SubSystemTaskStart
 .text.copy_command
                0x200187f0       0x80 ./src/sub-systemCode/Main/commands.o
                0x200187f0                copy_command
 .text.reset_command
                0x20018870       0x28 ./src/sub-systemCode/Main/commands.o
                0x20018870                reset_command
 .text.init_command
                0x20018898       0xd4 ./src/sub-systemCode/Main/commands.o
                0x20018898                init_command
 .text.add_command
                0x2001896c      0x138 ./src/sub-systemCode/Main/commands.o
                0x2001896c                add_command
 .text.get_command
                0x20018aa4      0x1cc ./src/sub-systemCode/Main/commands.o
                0x20018aa4                get_command
 .text.act_upon_command
                0x20018c70      0x240 ./src/sub-systemCode/Main/commands.o
                0x20018c70                act_upon_command
 .text.cmd_error
                0x20018eb0       0x38 ./src/sub-systemCode/Main/commands.o
                0x20018eb0                cmd_error
 .text.AUC_COMM
                0x20018ee8      0x25c ./src/sub-systemCode/Main/commands.o
                0x20018ee8                AUC_COMM
 .text.AUC_general
                0x20019144      0x17c ./src/sub-systemCode/Main/commands.o
                0x20019144                AUC_general
 .text.AUC_payload
                0x200192c0      0x204 ./src/sub-systemCode/Main/commands.o
                0x200192c0                AUC_payload
 .text.AUC_EPS  0x200194c4      0x248 ./src/sub-systemCode/Main/commands.o
                0x200194c4                AUC_EPS
 .text.AUC_ADCS
                0x2001970c       0x5c ./src/sub-systemCode/Main/commands.o
                0x2001970c                AUC_ADCS
 .text.AUC_GS   0x20019768      0x1fc ./src/sub-systemCode/Main/commands.o
                0x20019768                AUC_GS
 .text.AUC_SW   0x20019964       0xe4 ./src/sub-systemCode/Main/commands.o
                0x20019964                AUC_SW
 .text.AUC_onlineTM
                0x20019a48      0x16c ./src/sub-systemCode/Main/commands.o
                0x20019a48                AUC_onlineTM
 .text.AUC_special_operation
                0x20019bb4       0x8c ./src/sub-systemCode/Main/commands.o
                0x20019bb4                AUC_special_operation
 .text.check_int
                0x20019c40       0x3c ./src/sub-systemCode/Global/Global.o
                0x20019c40                check_int
 .text.check_portBASE_TYPE
                0x20019c7c       0x3c ./src/sub-systemCode/Global/Global.o
                0x20019c7c                check_portBASE_TYPE
 .text.soft_reset_subsystem
                0x20019cb8       0xd8 ./src/sub-systemCode/Global/Global.o
                0x20019cb8                soft_reset_subsystem
 .text.hard_reset_subsystem
                0x20019d90       0xfc ./src/sub-systemCode/Global/Global.o
                0x20019d90                hard_reset_subsystem
 .text.BigEnE_raw_to_uInt
                0x20019e8c       0x94 ./src/sub-systemCode/Global/Global.o
                0x20019e8c                BigEnE_raw_to_uInt
 .text.BigEnE_raw_to_uShort
                0x20019f20       0x50 ./src/sub-systemCode/Global/Global.o
                0x20019f20                BigEnE_raw_to_uShort
 .text.BigEnE_uInt_to_raw
                0x20019f70       0x78 ./src/sub-systemCode/Global/Global.o
                0x20019f70                BigEnE_uInt_to_raw
 .text.reset_FRAM_MAIN
                0x20019fe8      0x19c ./src/sub-systemCode/Global/Global.o
                0x20019fe8                reset_FRAM_MAIN
 .text.getBitValueByIndex
                0x2001a184       0xd0 ./src/sub-systemCode/Global/Global.o
                0x2001a184                getBitValueByIndex
 .text.init_GP  0x2001a254      0x300 ./src/sub-systemCode/Global/GlobalParam.o
                0x2001a254                init_GP
 .text.get_system_state
                0x2001a554      0x268 ./src/sub-systemCode/Global/GlobalParam.o
                0x2001a554                get_system_state
 .text.set_system_state
                0x2001a7bc      0x298 ./src/sub-systemCode/Global/GlobalParam.o
                0x2001a7bc                set_system_state
 .text.get_current_global_param
                0x2001aa54      0x5c8 ./src/sub-systemCode/Global/GlobalParam.o
                0x2001aa54                get_current_global_param
 .text.set_Vbatt
                0x2001b01c       0x8c ./src/sub-systemCode/Global/GlobalParam.o
                0x2001b01c                set_Vbatt
 .text.get_Vbatt
                0x2001b0a8       0x8c ./src/sub-systemCode/Global/GlobalParam.o
                0x2001b0a8                get_Vbatt
 .text.set_curBat
                0x2001b134       0x8c ./src/sub-systemCode/Global/GlobalParam.o
                0x2001b134                set_curBat
 .text.set_cur3V3
                0x2001b1c0       0x8c ./src/sub-systemCode/Global/GlobalParam.o
                0x2001b1c0                set_cur3V3
 .text.set_cur5V
                0x2001b24c       0x8c ./src/sub-systemCode/Global/GlobalParam.o
                0x2001b24c                set_cur5V
 .text.set_tempComm_LO
                0x2001b2d8       0x8c ./src/sub-systemCode/Global/GlobalParam.o
                0x2001b2d8                set_tempComm_LO
 .text.set_tempComm_PA
                0x2001b364       0x8c ./src/sub-systemCode/Global/GlobalParam.o
                0x2001b364                set_tempComm_PA
 .text.set_tempEPS
                0x2001b3f0       0xc8 ./src/sub-systemCode/Global/GlobalParam.o
                0x2001b3f0                set_tempEPS
 .text.set_tempBatt
                0x2001b4b8       0xc8 ./src/sub-systemCode/Global/GlobalParam.o
                0x2001b4b8                set_tempBatt
 .text.set_RxDoppler
                0x2001b580       0x8c ./src/sub-systemCode/Global/GlobalParam.o
                0x2001b580                set_RxDoppler
 .text.set_RxRSSI
                0x2001b60c       0x8c ./src/sub-systemCode/Global/GlobalParam.o
                0x2001b60c                set_RxRSSI
 .text.set_TxRefl
                0x2001b698       0x8c ./src/sub-systemCode/Global/GlobalParam.o
                0x2001b698                set_TxRefl
 .text.set_TxForw
                0x2001b724       0x8c ./src/sub-systemCode/Global/GlobalParam.o
                0x2001b724                set_TxForw
 .text.get_ST   0x2001b7b0       0x8c ./src/sub-systemCode/Global/GlobalParam.o
                0x2001b7b0                get_ST
 .text.get_Attitude
                0x2001b83c      0x128 ./src/sub-systemCode/Global/GlobalParam.o
                0x2001b83c                get_Attitude
 .text.set_numOfAPRS
                0x2001b964       0x8c ./src/sub-systemCode/Global/GlobalParam.o
                0x2001b964                set_numOfAPRS
 .text.set_numOfResets
                0x2001b9f0       0xac ./src/sub-systemCode/Global/GlobalParam.o
                0x2001b9f0                set_numOfResets
 .text.set_ground_conn
                0x2001ba9c       0xa0 ./src/sub-systemCode/Global/GlobalParam.o
                0x2001ba9c                set_ground_conn
 .text.get_ground_conn
                0x2001bb3c       0xa0 ./src/sub-systemCode/Global/GlobalParam.o
                0x2001bb3c                get_ground_conn
 .text.IsisAntS_getStatusData_sideA
                0x2001bbdc       0x3c ./src/sub-systemCode/Global/OnlineTM.o
                0x2001bbdc                IsisAntS_getStatusData_sideA
 .text.IsisAntS_getAlltelemetry_sideA
                0x2001bc18       0x3c ./src/sub-systemCode/Global/OnlineTM.o
                0x2001bc18                IsisAntS_getAlltelemetry_sideA
 .text.IsisAntS_getTemperature_sideA
                0x2001bc54       0x3c ./src/sub-systemCode/Global/OnlineTM.o
                0x2001bc54                IsisAntS_getTemperature_sideA
 .text.IsisAntS_getStatusData_sideB
                0x2001bc90       0x3c ./src/sub-systemCode/Global/OnlineTM.o
                0x2001bc90                IsisAntS_getStatusData_sideB
 .text.IsisAntS_getAlltelemetry_sideB
                0x2001bccc       0x3c ./src/sub-systemCode/Global/OnlineTM.o
                0x2001bccc                IsisAntS_getAlltelemetry_sideB
 .text.IsisAntS_getTemperature_sideB
                0x2001bd08       0x3c ./src/sub-systemCode/Global/OnlineTM.o
                0x2001bd08                IsisAntS_getTemperature_sideB
 .text.get_item_by_index
                0x2001bd44       0xd8 ./src/sub-systemCode/Global/OnlineTM.o
                0x2001bd44                get_item_by_index
 .text.init_onlineParam
                0x2001be1c      0xc80 ./src/sub-systemCode/Global/OnlineTM.o
                0x2001be1c                init_onlineParam
 .text.reset_offline_TM_list
                0x2001ca9c       0x50 ./src/sub-systemCode/Global/OnlineTM.o
                0x2001ca9c                reset_offline_TM_list
 .text.get_online_packet
                0x2001caec      0x254 ./src/sub-systemCode/Global/OnlineTM.o
                0x2001caec                get_online_packet
 .text.add_onlineTM_param_to_save_list
                0x2001cd40      0x214 ./src/sub-systemCode/Global/OnlineTM.o
                0x2001cd40                add_onlineTM_param_to_save_list
 .text.delete_allTMFilesFromSD
                0x2001cf54       0xf8 ./src/sub-systemCode/Global/TLM_management.o
                0x2001cf54                delete_allTMFilesFromSD
 .text.getNumOfFilesInFS
                0x2001d04c       0x44 ./src/sub-systemCode/Global/TLM_management.o
 .text.setNumOfFilesInFS
                0x2001d090       0x50 ./src/sub-systemCode/Global/TLM_management.o
 .text.f_managed_enterFS
                0x2001d0e0       0x24 ./src/sub-systemCode/Global/TLM_management.o
                0x2001d0e0                f_managed_enterFS
 .text.f_managed_releaseFS
                0x2001d104       0x18 ./src/sub-systemCode/Global/TLM_management.o
                0x2001d104                f_managed_releaseFS
 .text.f_managed_open
                0x2001d11c       0x3c ./src/sub-systemCode/Global/TLM_management.o
                0x2001d11c                f_managed_open
 .text.f_managed_close
                0x2001d158       0x2c ./src/sub-systemCode/Global/TLM_management.o
                0x2001d158                f_managed_close
 .text.InitializeFS
                0x2001d184      0x188 ./src/sub-systemCode/Global/TLM_management.o
                0x2001d184                InitializeFS
 .text.c_fileCreate
                0x2001d30c       0xf4 ./src/sub-systemCode/Global/TLM_management.o
                0x2001d30c                c_fileCreate
 .text.writewithEpochtime
                0x2001d400       0x9c ./src/sub-systemCode/Global/TLM_management.o
 .text.get_C_FILE_struct
                0x2001d49c      0x104 ./src/sub-systemCode/Global/TLM_management.o
 .text.getFileIndex
                0x2001d5a0       0x4c ./src/sub-systemCode/Global/TLM_management.o
 .text.get_file_name_by_index
                0x2001d5ec       0x54 ./src/sub-systemCode/Global/TLM_management.o
                0x2001d5ec                get_file_name_by_index
 .text.c_fileReset
                0x2001d640       0xbc ./src/sub-systemCode/Global/TLM_management.o
                0x2001d640                c_fileReset
 .text.c_fileWrite
                0x2001d6fc      0x138 ./src/sub-systemCode/Global/TLM_management.o
                0x2001d6fc                c_fileWrite
 .text.c_fileRead
                0x2001d834      0x2bc ./src/sub-systemCode/Global/TLM_management.o
                0x2001d834                c_fileRead
 .text.WriteLog
                0x2001daf0       0x94 ./src/sub-systemCode/Global/logger.o
                0x2001daf0                WriteLog
 .text.WritePayloadLog
                0x2001db84       0x54 ./src/sub-systemCode/Global/logger.o
                0x2001db84                WritePayloadLog
 .text.reset_APRS_list
                0x2001dbd8       0xa4 ./src/sub-systemCode/COMM/APRS.o
                0x2001dbd8                reset_APRS_list
 .text.send_APRS_Dump
                0x2001dc7c      0x1c0 ./src/sub-systemCode/COMM/APRS.o
                0x2001dc7c                send_APRS_Dump
 .text.check_APRS
                0x2001de3c      0x1a4 ./src/sub-systemCode/COMM/APRS.o
                0x2001de3c                check_APRS
 .text.get_APRS_list
                0x2001dfe0       0x88 ./src/sub-systemCode/COMM/APRS.o
                0x2001dfe0                get_APRS_list
 .text.find_CMD_in_list
                0x2001e068       0x7c ./src/sub-systemCode/COMM/DelayedCommand_list.o
                0x2001e068                find_CMD_in_list
 .text.find_empty_in_list
                0x2001e0e4       0x74 ./src/sub-systemCode/COMM/DelayedCommand_list.o
                0x2001e0e4                find_empty_in_list
 .text.check_delayCommandTime
                0x2001e158       0x8c ./src/sub-systemCode/COMM/DelayedCommand_list.o
                0x2001e158                check_delayCommandTime
 .text.execute_delayedCommand
                0x2001e1e4       0x64 ./src/sub-systemCode/COMM/DelayedCommand_list.o
                0x2001e1e4                execute_delayedCommand
 .text.check_delaycommand
                0x2001e248      0x170 ./src/sub-systemCode/COMM/DelayedCommand_list.o
                0x2001e248                check_delaycommand
 .text.reset_delayCommand
                0x2001e3b8       0x8c ./src/sub-systemCode/COMM/DelayedCommand_list.o
                0x2001e3b8                reset_delayCommand
 .text.add_delayCommand
                0x2001e444      0x1a4 ./src/sub-systemCode/COMM/DelayedCommand_list.o
                0x2001e444                add_delayCommand
 .text.get_delayCommand_list
                0x2001e5e8       0x80 ./src/sub-systemCode/COMM/DelayedCommand_list.o
                0x2001e5e8                get_delayCommand_list
 .text.EmptyOldestCommand
                0x2001e668       0xfc ./src/sub-systemCode/COMM/DelayedCommand_list.o
                0x2001e668                EmptyOldestCommand
 .text.decode_TCpacket
                0x2001e764      0x16c ./src/sub-systemCode/COMM/GSC.o
                0x2001e764                decode_TCpacket
 .text.encode_TCpacket
                0x2001e8d0      0x114 ./src/sub-systemCode/COMM/GSC.o
                0x2001e8d0                encode_TCpacket
 .text.encode_TMpacket
                0x2001e9e4      0x104 ./src/sub-systemCode/COMM/GSC.o
                0x2001e9e4                encode_TMpacket
 .text.build_raw_ACK
                0x2001eae8       0xbc ./src/sub-systemCode/COMM/GSC.o
                0x2001eae8                build_raw_ACK
 .text.build_data_field_ACK
                0x2001eba4       0x74 ./src/sub-systemCode/COMM/GSC.o
                0x2001eba4                build_data_field_ACK
 .text.toggle_idle_state
                0x2001ec18       0x64 ./src/sub-systemCode/COMM/TRXVU.o
                0x2001ec18                toggle_idle_state
 .text.TRXVU_init_hardWare
                0x2001ec7c       0x98 ./src/sub-systemCode/COMM/TRXVU.o
                0x2001ec7c                TRXVU_init_hardWare
 .text.TRXVU_init_softWare
                0x2001ed14      0x1a4 ./src/sub-systemCode/COMM/TRXVU.o
                0x2001ed14                TRXVU_init_softWare
 .text.init_trxvu
                0x2001eeb8       0x14 ./src/sub-systemCode/COMM/TRXVU.o
                0x2001eeb8                init_trxvu
 .text.TRXVU_task
                0x2001eecc       0x9c ./src/sub-systemCode/COMM/TRXVU.o
                0x2001eecc                TRXVU_task
 .text.dump_logic
                0x2001ef68      0x324 ./src/sub-systemCode/COMM/TRXVU.o
                0x2001ef68                dump_logic
 .text.Dump_task
                0x2001f28c      0x16c ./src/sub-systemCode/COMM/TRXVU.o
                0x2001f28c                Dump_task
 .text.transponder_logic
                0x2001f3f8       0xbc ./src/sub-systemCode/COMM/TRXVU.o
                0x2001f3f8                transponder_logic
 .text.Transponder_task
                0x2001f4b4      0x1f4 ./src/sub-systemCode/COMM/TRXVU.o
                0x2001f4b4                Transponder_task
 .text.lookForRequestToDelete_transponder
                0x2001f6a8       0xac ./src/sub-systemCode/COMM/TRXVU.o
                0x2001f6a8                lookForRequestToDelete_transponder
 .text.lookForRequestToDelete_dump
                0x2001f754       0x7c ./src/sub-systemCode/COMM/TRXVU.o
                0x2001f754                lookForRequestToDelete_dump
 .text.sendRequestToStop_dump
                0x2001f7d0       0x8c ./src/sub-systemCode/COMM/TRXVU.o
                0x2001f7d0                sendRequestToStop_dump
 .text.sendRequestToStop_transponder
                0x2001f85c       0x98 ./src/sub-systemCode/COMM/TRXVU.o
                0x2001f85c                sendRequestToStop_transponder
 .text.Rx_logic
                0x2001f8f4      0x184 ./src/sub-systemCode/COMM/TRXVU.o
                0x2001f8f4                Rx_logic
 .text.pass_above_Ground
                0x2001fa78      0x104 ./src/sub-systemCode/COMM/TRXVU.o
                0x2001fa78                pass_above_Ground
 .text.trxvu_logic
                0x2001fb7c       0x1c ./src/sub-systemCode/COMM/TRXVU.o
                0x2001fb7c                trxvu_logic
 .text.Beacon_task
                0x2001fb98      0x170 ./src/sub-systemCode/COMM/TRXVU.o
                0x2001fb98                Beacon_task
 .text.buildAndSend_beacon
                0x2001fd08      0x604 ./src/sub-systemCode/COMM/TRXVU.o
                0x2001fd08                buildAndSend_beacon
 .text.reset_FRAM_TRXVU
                0x2002030c      0x160 ./src/sub-systemCode/COMM/TRXVU.o
                0x2002030c                reset_FRAM_TRXVU
 .text.TRX_sendFrame
                0x2002046c      0x1c0 ./src/sub-systemCode/COMM/TRXVU.o
                0x2002046c                TRX_sendFrame
 .text.TRX_getFrameData
                0x2002062c      0x128 ./src/sub-systemCode/COMM/TRXVU.o
                0x2002062c                TRX_getFrameData
 .text.mute_Tx  0x20020754       0x20 ./src/sub-systemCode/COMM/TRXVU.o
                0x20020754                mute_Tx
 .text.unmute_Tx
                0x20020774       0x60 ./src/sub-systemCode/COMM/TRXVU.o
                0x20020774                unmute_Tx
 .text.check_time_off_mute
                0x200207d4       0x88 ./src/sub-systemCode/COMM/TRXVU.o
                0x200207d4                check_time_off_mute
 .text.set_mute_time
                0x2002085c       0xb4 ./src/sub-systemCode/COMM/TRXVU.o
                0x2002085c                set_mute_time
 .text.change_TRXVU_state
                0x20020910       0xd0 ./src/sub-systemCode/COMM/TRXVU.o
                0x20020910                change_TRXVU_state
 .text.change_trans_RSSI
                0x200209e0       0x60 ./src/sub-systemCode/COMM/TRXVU.o
                0x200209e0                change_trans_RSSI
 .text.init_adcs
                0x20020a40      0x104 ./src/sub-systemCode/ADCS/ADCS.o
                0x20020a40                init_adcs
 .text.telemtryStart
                0x20020b44      0x16c ./src/sub-systemCode/ADCS/Stage_Table.o
                0x20020b44                telemtryStart
 .text.powerStart
                0x20020cb0       0x5c ./src/sub-systemCode/ADCS/Stage_Table.o
                0x20020cb0                powerStart
 .text.createTable
                0x20020d0c       0xb4 ./src/sub-systemCode/ADCS/Stage_Table.o
                0x20020d0c                createTable
 .text.buildControlMode
                0x20020dc0       0x60 ./src/sub-systemCode/ADCS/Stage_Table.o
                0x20020dc0                buildControlMode
 .text.Check_Table
                0x20020e20      0x178 ./src/sub-systemCode/ADCS/Stage_Table.o
                0x20020e20                Check_Table
 .text.updateTable
                0x20020f98      0x1f0 ./src/sub-systemCode/ADCS/Stage_Table.o
                0x20020f98                updateTable
 .text.translateCommandFULL
                0x20021188       0x78 ./src/sub-systemCode/ADCS/Stage_Table.o
                0x20021188                translateCommandFULL
 .text.getTableTo
                0x20021200       0x64 ./src/sub-systemCode/ADCS/Stage_Table.o
                0x20021200                getTableTo
 .text.save_time
                0x20021264       0x9c ./src/main.o
                0x20021264                save_time
 .text.Command_logic
                0x20021300       0x6c ./src/main.o
                0x20021300                Command_logic
 .text.taskMain
                0x2002136c       0x74 ./src/main.o
                0x2002136c                taskMain
 .text.main     0x200213e0       0xbc ./src/main.o
                0x200213e0                main
 .text.GomEpsInitialize
                0x2002149c      0x148 C:/HOOPOE3/satellite-subsystems/demo/..//satellite-subsystems/lib\libSatelliteSubsystemsD.a(GomEPS.o)
                0x2002149c                GomEpsInitialize
 .text.makeEPStransfer
                0x200215e4       0x3c C:/HOOPOE3/satellite-subsystems/demo/..//satellite-subsystems/lib\libSatelliteSubsystemsD.a(GomEPS.o)
 .text.GomEpsPing
                0x20021620       0xf8 C:/HOOPOE3/satellite-subsystems/demo/..//satellite-subsystems/lib\libSatelliteSubsystemsD.a(GomEPS.o)
                0x20021620                GomEpsPing
 .text.GomEpsSoftReset
                0x20021718       0xc4 C:/HOOPOE3/satellite-subsystems/demo/..//satellite-subsystems/lib\libSatelliteSubsystemsD.a(GomEPS.o)
                0x20021718                GomEpsSoftReset
 .text.GomEpsHardReset
                0x200217dc       0xa8 C:/HOOPOE3/satellite-subsystems/demo/..//satellite-subsystems/lib\libSatelliteSubsystemsD.a(GomEPS.o)
                0x200217dc                GomEpsHardReset
 .text.GomEpsGetHkData_param
                0x20021884      0x29c C:/HOOPOE3/satellite-subsystems/demo/..//satellite-subsystems/lib\libSatelliteSubsystemsD.a(GomEPS.o)
                0x20021884                GomEpsGetHkData_param
 .text.GomEpsGetHkData_general
                0x20021b20      0x45c C:/HOOPOE3/satellite-subsystems/demo/..//satellite-subsystems/lib\libSatelliteSubsystemsD.a(GomEPS.o)
                0x20021b20                GomEpsGetHkData_general
 .text.GomEpsGetHkData_vi
                0x20021f7c      0x188 C:/HOOPOE3/satellite-subsystems/demo/..//satellite-subsystems/lib\libSatelliteSubsystemsD.a(GomEPS.o)
                0x20021f7c                GomEpsGetHkData_vi
 .text.GomEpsGetHkData_out
                0x20022104      0x21c C:/HOOPOE3/satellite-subsystems/demo/..//satellite-subsystems/lib\libSatelliteSubsystemsD.a(GomEPS.o)
                0x20022104                GomEpsGetHkData_out
 .text.GomEpsGetHkData_wdt
                0x20022320      0x2b4 C:/HOOPOE3/satellite-subsystems/demo/..//satellite-subsystems/lib\libSatelliteSubsystemsD.a(GomEPS.o)
                0x20022320                GomEpsGetHkData_wdt
 .text.GomEpsGetHkData_basic
                0x200225d4      0x22c C:/HOOPOE3/satellite-subsystems/demo/..//satellite-subsystems/lib\libSatelliteSubsystemsD.a(GomEPS.o)
                0x200225d4                GomEpsGetHkData_basic
 .text.GomEpsSetOutput
                0x20022800       0xbc C:/HOOPOE3/satellite-subsystems/demo/..//satellite-subsystems/lib\libSatelliteSubsystemsD.a(GomEPS.o)
                0x20022800                GomEpsSetOutput
 .text.GomEpsResetWDT
                0x200228bc       0xc4 C:/HOOPOE3/satellite-subsystems/demo/..//satellite-subsystems/lib\libSatelliteSubsystemsD.a(GomEPS.o)
                0x200228bc                GomEpsResetWDT
 .text.GomEpsConfigGet
                0x20022980      0x16c C:/HOOPOE3/satellite-subsystems/demo/..//satellite-subsystems/lib\libSatelliteSubsystemsD.a(GomEPS.o)
                0x20022980                GomEpsConfigGet
 .text.GomEpsConfigSet
                0x20022aec      0x184 C:/HOOPOE3/satellite-subsystems/demo/..//satellite-subsystems/lib\libSatelliteSubsystemsD.a(GomEPS.o)
                0x20022aec                GomEpsConfigSet
 .text.GomEpsConfig2Get
                0x20022c70      0x16c C:/HOOPOE3/satellite-subsystems/demo/..//satellite-subsystems/lib\libSatelliteSubsystemsD.a(GomEPS.o)
                0x20022c70                GomEpsConfig2Get
 .text.makeAntStransfer
                0x20022ddc       0x4c C:/HOOPOE3/satellite-subsystems/demo/..//satellite-subsystems/lib\libSatelliteSubsystemsD.a(IsisAntS.o)
 .text.checkInputsValid
                0x20022e28       0x7c C:/HOOPOE3/satellite-subsystems/demo/..//satellite-subsystems/lib\libSatelliteSubsystemsD.a(IsisAntS.o)
 .text.IsisAntS_setArmStatus
                0x20022ea4      0x104 C:/HOOPOE3/satellite-subsystems/demo/..//satellite-subsystems/lib\libSatelliteSubsystemsD.a(IsisAntS.o)
                0x20022ea4                IsisAntS_setArmStatus
 .text.IsisAntS_getStatusData
                0x20022fa8      0x120 C:/HOOPOE3/satellite-subsystems/demo/..//satellite-subsystems/lib\libSatelliteSubsystemsD.a(IsisAntS.o)
                0x20022fa8                IsisAntS_getStatusData
 .text.IsisAntS_getTemperature
                0x200230c8      0x120 C:/HOOPOE3/satellite-subsystems/demo/..//satellite-subsystems/lib\libSatelliteSubsystemsD.a(IsisAntS.o)
                0x200230c8                IsisAntS_getTemperature
 .text.IsisAntS_getAlltelemetry
                0x200231e8      0x120 C:/HOOPOE3/satellite-subsystems/demo/..//satellite-subsystems/lib\libSatelliteSubsystemsD.a(IsisAntS.o)
                0x200231e8                IsisAntS_getAlltelemetry
 .text.IsisAntS_reset
                0x20023308      0x104 C:/HOOPOE3/satellite-subsystems/demo/..//satellite-subsystems/lib\libSatelliteSubsystemsD.a(IsisAntS.o)
                0x20023308                IsisAntS_reset
 .text.IsisSolarPanelv2_initialize
                0x2002340c       0xb4 C:/HOOPOE3/satellite-subsystems/demo/..//satellite-subsystems/lib\libSatelliteSubsystemsD.a(IsisSolarPanelv2.o)
                0x2002340c                IsisSolarPanelv2_initialize
 .text.IsisSolarPanelv2_getTemperature
                0x200234c0       0xc8 C:/HOOPOE3/satellite-subsystems/demo/..//satellite-subsystems/lib\libSatelliteSubsystemsD.a(IsisSolarPanelv2.o)
                0x200234c0                IsisSolarPanelv2_getTemperature
 .text.IsisSolarPanelv2_sleep
                0x20023588       0xbc C:/HOOPOE3/satellite-subsystems/demo/..//satellite-subsystems/lib\libSatelliteSubsystemsD.a(IsisSolarPanelv2.o)
                0x20023588                IsisSolarPanelv2_sleep
 .text.IsisSolarPanelv2_wakeup
                0x20023644       0x80 C:/HOOPOE3/satellite-subsystems/demo/..//satellite-subsystems/lib\libSatelliteSubsystemsD.a(IsisSolarPanelv2.o)
                0x20023644                IsisSolarPanelv2_wakeup
 .text._Reset   0x200236c4       0x20 C:/HOOPOE3/satellite-subsystems/demo/..//satellite-subsystems/lib\libSatelliteSubsystemsD.a(IsisSolarPanelv2.o)
 .text._WaitForStartup
                0x200236e4       0x90 C:/HOOPOE3/satellite-subsystems/demo/..//satellite-subsystems/lib\libSatelliteSubsystemsD.a(IsisSolarPanelv2.o)
 .text._AssignAllChannels
                0x20023774       0x90 C:/HOOPOE3/satellite-subsystems/demo/..//satellite-subsystems/lib\libSatelliteSubsystemsD.a(IsisSolarPanelv2.o)
 .text._AssignThisChannel
                0x20023804       0xe8 C:/HOOPOE3/satellite-subsystems/demo/..//satellite-subsystems/lib\libSatelliteSubsystemsD.a(IsisSolarPanelv2.o)
 .text._InitiateConversion
                0x200238ec       0xac C:/HOOPOE3/satellite-subsystems/demo/..//satellite-subsystems/lib\libSatelliteSubsystemsD.a(IsisSolarPanelv2.o)
 .text._WaitForConversionComplete
                0x20023998      0x100 C:/HOOPOE3/satellite-subsystems/demo/..//satellite-subsystems/lib\libSatelliteSubsystemsD.a(IsisSolarPanelv2.o)
 .text._ReadResult
                0x20023a98      0x158 C:/HOOPOE3/satellite-subsystems/demo/..//satellite-subsystems/lib\libSatelliteSubsystemsD.a(IsisSolarPanelv2.o)
 .text._ExtractByte
                0x20023bf0       0x38 C:/HOOPOE3/satellite-subsystems/demo/..//satellite-subsystems/lib\libSatelliteSubsystemsD.a(IsisSolarPanelv2.o)
 .text._ExtendSign
                0x20023c28       0x6c C:/HOOPOE3/satellite-subsystems/demo/..//satellite-subsystems/lib\libSatelliteSubsystemsD.a(IsisSolarPanelv2.o)
 .text._PinsInit
                0x20023c94       0x50 C:/HOOPOE3/satellite-subsystems/demo/..//satellite-subsystems/lib\libSatelliteSubsystemsD.a(IsisSolarPanelv2.o)
 .text._SpiWriteRead
                0x20023ce4       0x70 C:/HOOPOE3/satellite-subsystems/demo/..//satellite-subsystems/lib\libSatelliteSubsystemsD.a(IsisSolarPanelv2.o)
 .text.IsisTrxvu_initialize
                0x20023d54      0x2f4 C:/HOOPOE3/satellite-subsystems/demo/..//satellite-subsystems/lib\libSatelliteSubsystemsD.a(IsisTRXVU.o)
                0x20023d54                IsisTrxvu_initialize
 .text.makeTRXVUtransfer
                0x20024048       0x44 C:/HOOPOE3/satellite-subsystems/demo/..//satellite-subsystems/lib\libSatelliteSubsystemsD.a(IsisTRXVU.o)
 .text.IsisTrxvu_componentSoftReset
                0x2002408c       0x6c C:/HOOPOE3/satellite-subsystems/demo/..//satellite-subsystems/lib\libSatelliteSubsystemsD.a(IsisTRXVU.o)
                0x2002408c                IsisTrxvu_componentSoftReset
 .text.IsisTrxvu_componentHardReset
                0x200240f8       0xc8 C:/HOOPOE3/satellite-subsystems/demo/..//satellite-subsystems/lib\libSatelliteSubsystemsD.a(IsisTRXVU.o)
                0x200240f8                IsisTrxvu_componentHardReset
 .text.IsisTrxvu_softReset
                0x200241c0       0x74 C:/HOOPOE3/satellite-subsystems/demo/..//satellite-subsystems/lib\libSatelliteSubsystemsD.a(IsisTRXVU.o)
                0x200241c0                IsisTrxvu_softReset
 .text.IsisTrxvu_hardReset
                0x20024234       0x74 C:/HOOPOE3/satellite-subsystems/demo/..//satellite-subsystems/lib\libSatelliteSubsystemsD.a(IsisTRXVU.o)
                0x20024234                IsisTrxvu_hardReset
 .text.IsisTrxvu_tcSendAX25DefClSign
                0x200242a8       0xec C:/HOOPOE3/satellite-subsystems/demo/..//satellite-subsystems/lib\libSatelliteSubsystemsD.a(IsisTRXVU.o)
                0x200242a8                IsisTrxvu_tcSendAX25DefClSign
 .text.IsisTrxvu_tcSetIdlestate
                0x20024394       0xa4 C:/HOOPOE3/satellite-subsystems/demo/..//satellite-subsystems/lib\libSatelliteSubsystemsD.a(IsisTRXVU.o)
                0x20024394                IsisTrxvu_tcSetIdlestate
 .text.IsisTrxvu_tcSetAx25Bitrate
                0x20024438       0xc4 C:/HOOPOE3/satellite-subsystems/demo/..//satellite-subsystems/lib\libSatelliteSubsystemsD.a(IsisTRXVU.o)
                0x20024438                IsisTrxvu_tcSetAx25Bitrate
 .text.IsisTrxvu_tcGetTelemetryAll
                0x200244fc       0xd0 C:/HOOPOE3/satellite-subsystems/demo/..//satellite-subsystems/lib\libSatelliteSubsystemsD.a(IsisTRXVU.o)
                0x200244fc                IsisTrxvu_tcGetTelemetryAll
 .text.IsisTrxvu_tcGetTelemetryAll_revC
                0x200245cc       0xd0 C:/HOOPOE3/satellite-subsystems/demo/..//satellite-subsystems/lib\libSatelliteSubsystemsD.a(IsisTRXVU.o)
                0x200245cc                IsisTrxvu_tcGetTelemetryAll_revC
 .text.IsisTrxvu_rcGetFrameCount
                0x2002469c       0xa0 C:/HOOPOE3/satellite-subsystems/demo/..//satellite-subsystems/lib\libSatelliteSubsystemsD.a(IsisTRXVU.o)
                0x2002469c                IsisTrxvu_rcGetFrameCount
 .text.IsisTrxvu_rcGetCommandFrame
                0x2002473c      0x2d8 C:/HOOPOE3/satellite-subsystems/demo/..//satellite-subsystems/lib\libSatelliteSubsystemsD.a(IsisTRXVU.o)
                0x2002473c                IsisTrxvu_rcGetCommandFrame
 .text.IsisTrxvu_rcGetTelemetryAll
                0x20024a14       0xd0 C:/HOOPOE3/satellite-subsystems/demo/..//satellite-subsystems/lib\libSatelliteSubsystemsD.a(IsisTRXVU.o)
                0x20024a14                IsisTrxvu_rcGetTelemetryAll
 .text.IsisTrxvu_rcGetTelemetryAll_revC
                0x20024ae4       0xec C:/HOOPOE3/satellite-subsystems/demo/..//satellite-subsystems/lib\libSatelliteSubsystemsD.a(IsisTRXVU.o)
                0x20024ae4                IsisTrxvu_rcGetTelemetryAll_revC
 .text.cspaceADCS_initialize
                0x20024bd0      0x18c C:/HOOPOE3/satellite-subsystems/demo/..//satellite-subsystems/lib\libSatelliteSubsystemsD.a(cspaceADCS.o)
                0x20024bd0                cspaceADCS_initialize
 .text.make_cspaceADCStransfer
                0x20024d5c      0x1b4 C:/HOOPOE3/satellite-subsystems/demo/..//satellite-subsystems/lib\libSatelliteSubsystemsD.a(cspaceADCS.o)
 .text.cspaceADCS_componentReset
                0x20024f10       0xbc C:/HOOPOE3/satellite-subsystems/demo/..//satellite-subsystems/lib\libSatelliteSubsystemsD.a(cspaceADCS.o)
                0x20024f10                cspaceADCS_componentReset
 .text.cspaceADCS_setRunMode
                0x20024fcc       0xbc C:/HOOPOE3/satellite-subsystems/demo/..//satellite-subsystems/lib\libSatelliteSubsystemsD.a(cspaceADCS.o)
                0x20024fcc                cspaceADCS_setRunMode
 .text.cspaceADCS_setPwrCtrlDevice
                0x20025088       0xd0 C:/HOOPOE3/satellite-subsystems/demo/..//satellite-subsystems/lib\libSatelliteSubsystemsD.a(cspaceADCS.o)
                0x20025088                cspaceADCS_setPwrCtrlDevice
 .text.cspaceADCS_setAttCtrlMode
                0x20025158       0xd0 C:/HOOPOE3/satellite-subsystems/demo/..//satellite-subsystems/lib\libSatelliteSubsystemsD.a(cspaceADCS.o)
                0x20025158                cspaceADCS_setAttCtrlMode
 .text.cspaceADCS_setAttEstMode
                0x20025228       0xbc C:/HOOPOE3/satellite-subsystems/demo/..//satellite-subsystems/lib\libSatelliteSubsystemsD.a(cspaceADCS.o)
                0x20025228                cspaceADCS_setAttEstMode
 .text.cspaceADCS_getCurrentState
                0x200252e4       0xc4 C:/HOOPOE3/satellite-subsystems/demo/..//satellite-subsystems/lib\libSatelliteSubsystemsD.a(cspaceADCS.o)
                0x200252e4                cspaceADCS_getCurrentState
 .text.cspaceADCS_getPwrCtrlDevice
                0x200253a8       0xc4 C:/HOOPOE3/satellite-subsystems/demo/..//satellite-subsystems/lib\libSatelliteSubsystemsD.a(cspaceADCS.o)
                0x200253a8                cspaceADCS_getPwrCtrlDevice
 .text.GECKO_Init
                0x2002546c       0x40 C:/HOOPOE3/satellite-subsystems/demo/..//satellite-subsystems/lib\libSatelliteSubsystemsD.a(gecko_driver.o)
                0x2002546c                GECKO_Init
 .text.GECKO_SetReg
                0x200254ac      0x138 C:/HOOPOE3/satellite-subsystems/demo/..//satellite-subsystems/lib\libSatelliteSubsystemsD.a(gecko_driver.o)
                0x200254ac                GECKO_SetReg
 .text.GECKO_GetReg
                0x200255e4      0x110 C:/HOOPOE3/satellite-subsystems/demo/..//satellite-subsystems/lib\libSatelliteSubsystemsD.a(gecko_driver.o)
                0x200255e4                GECKO_GetReg
 .text.GECKO_GetImgData
                0x200256f4       0x5c C:/HOOPOE3/satellite-subsystems/demo/..//satellite-subsystems/lib\libSatelliteSubsystemsD.a(gecko_driver.o)
                0x200256f4                GECKO_GetImgData
 .text.GECKO_StartReadout