Archive member included because of file (symbol)

c:/isis/application/toolchain/bin/../lib/gcc/arm-none-eabi/4.7.4/../../../../arm-none-eabi/lib\libc_s.a(lib_a-vfprintf_float.o)
                              (_printf_float)
c:/isis/application/toolchain/bin/../lib/gcc/arm-none-eabi/4.7.4/../../../../arm-none-eabi/lib\libc_s.a(lib_a-vfprintf_i.o)
                              c:/isis/application/toolchain/bin/../lib/gcc/arm-none-eabi/4.7.4/../../../../arm-none-eabi/lib\libc_s.a(lib_a-vfprintf_float.o) (_printf_common)
c:/isis/application/toolchain/bin/../lib/gcc/arm-none-eabi/4.7.4/../../../../arm-none-eabi/lib\libc_s.a(lib_a-vfscanf_float.o)
                              (_scanf_float)
c:/isis/application/toolchain/bin/../lib/gcc/arm-none-eabi/4.7.4/../../../../arm-none-eabi/lib\libc_s.a(lib_a-dtoa.o)
                              c:/isis/application/toolchain/bin/../lib/gcc/arm-none-eabi/4.7.4/../../../../arm-none-eabi/lib\libc_s.a(lib_a-vfprintf_float.o) (_dtoa_r)
c:/isis/application/toolchain/bin/../lib/gcc/arm-none-eabi/4.7.4/../../../../arm-none-eabi/lib\libc_s.a(lib_a-locale.o)
                              c:/isis/application/toolchain/bin/../lib/gcc/arm-none-eabi/4.7.4/../../../../arm-none-eabi/lib\libc_s.a(lib_a-vfprintf_float.o) (_localeconv_r)
c:/isis/application/toolchain/bin/../lib/gcc/arm-none-eabi/4.7.4/../../../../arm-none-eabi/lib\libc_s.a(lib_a-malloc.o)
                              c:/isis/application/toolchain/bin/../lib/gcc/arm-none-eabi/4.7.4/../../../../arm-none-eabi/lib\libc_s.a(lib_a-dtoa.o) (malloc)
c:/isis/application/toolchain/bin/../lib/gcc/arm-none-eabi/4.7.4/../../../../arm-none-eabi/lib\libc_s.a(lib_a-mallocr.o)
                              c:/isis/application/toolchain/bin/../lib/gcc/arm-none-eabi/4.7.4/../../../../arm-none-eabi/lib\libc_s.a(lib_a-malloc.o) (_malloc_r)
c:/isis/application/toolchain/bin/../lib/gcc/arm-none-eabi/4.7.4/../../../../arm-none-eabi/lib\libc_s.a(lib_a-memcpy.o)
                              c:/isis/application/toolchain/bin/../lib/gcc/arm-none-eabi/4.7.4/../../../../arm-none-eabi/lib\libc_s.a(lib_a-dtoa.o) (memcpy)
c:/isis/application/toolchain/bin/../lib/gcc/arm-none-eabi/4.7.4/../../../../arm-none-eabi/lib\libc_s.a(lib_a-mprec.o)
                              c:/isis/application/toolchain/bin/../lib/gcc/arm-none-eabi/4.7.4/../../../../arm-none-eabi/lib\libc_s.a(lib_a-dtoa.o) (_Balloc)
c:/isis/application/toolchain/bin/../lib/gcc/arm-none-eabi/4.7.4/../../../../arm-none-eabi/lib\libc_s.a(lib_a-s_fpclassify.o)
                              c:/isis/application/toolchain/bin/../lib/gcc/arm-none-eabi/4.7.4/../../../../arm-none-eabi/lib\libc_s.a(lib_a-vfprintf_float.o) (__fpclassifyd)
c:/isis/application/toolchain/bin/../lib/gcc/arm-none-eabi/4.7.4/../../../../arm-none-eabi/lib\libc_s.a(lib_a-sbrkr.o)
                              c:/isis/application/toolchain/bin/../lib/gcc/arm-none-eabi/4.7.4/../../../../arm-none-eabi/lib\libc_s.a(lib_a-mallocr.o) (_sbrk_r)
c:/isis/application/toolchain/bin/../lib/gcc/arm-none-eabi/4.7.4/../../../../arm-none-eabi/lib\libc_s.a(lib_a-sf_nan.o)
                              c:/isis/application/toolchain/bin/../lib/gcc/arm-none-eabi/4.7.4/../../../../arm-none-eabi/lib\libc_s.a(lib_a-vfscanf_float.o) (nanf)
c:/isis/application/toolchain/bin/../lib/gcc/arm-none-eabi/4.7.4/../../../../arm-none-eabi/lib\libc_s.a(lib_a-sprintf.o)
                              c:/isis/application/toolchain/bin/../lib/gcc/arm-none-eabi/4.7.4/../../../../arm-none-eabi/lib\libc_s.a(lib_a-vfscanf_float.o) (sprintf)
c:/isis/application/toolchain/bin/../lib/gcc/arm-none-eabi/4.7.4/../../../../arm-none-eabi/lib\libc_s.a(lib_a-strcmp.o)
                              c:/isis/application/toolchain/bin/../lib/gcc/arm-none-eabi/4.7.4/../../../../arm-none-eabi/lib\libc_s.a(lib_a-locale.o) (strcmp)
c:/isis/application/toolchain/bin/../lib/gcc/arm-none-eabi/4.7.4/../../../../arm-none-eabi/lib\libc_s.a(lib_a-strlen.o)
                              c:/isis/application/toolchain/bin/../lib/gcc/arm-none-eabi/4.7.4/../../../../arm-none-eabi/lib\libc_s.a(lib_a-vfprintf_float.o) (strlen)
c:/isis/application/toolchain/bin/../lib/gcc/arm-none-eabi/4.7.4/../../../../arm-none-eabi/lib\libc_s.a(lib_a-strtod.o)
                              c:/isis/application/toolchain/bin/../lib/gcc/arm-none-eabi/4.7.4/../../../../arm-none-eabi/lib\libc_s.a(lib_a-vfscanf_float.o) (_strtod_r)
c:/isis/application/toolchain/bin/../lib/gcc/arm-none-eabi/4.7.4/../../../../arm-none-eabi/lib\libc_s.a(lib_a-strtol.o)
                              c:/isis/application/toolchain/bin/../lib/gcc/arm-none-eabi/4.7.4/../../../../arm-none-eabi/lib\libc_s.a(lib_a-vfscanf_float.o) (_strtol_r)
c:/isis/application/toolchain/bin/../lib/gcc/arm-none-eabi/4.7.4/../../../../arm-none-eabi/lib\libc_s.a(lib_a-svfprintf.o)
                              c:/isis/application/toolchain/bin/../lib/gcc/arm-none-eabi/4.7.4/../../../../arm-none-eabi/lib\libc_s.a(lib_a-sprintf.o) (_svfprintf_r)
[...]
Memory Configuration

Name             Origin             Length             Attributes
sram0            0x00200000         0x00004000         w !xr
sram1            0x00300000         0x00004000         w !xr
sdram            0x20000000         0x02000000         w !xr
*default*        0x00000000         0xffffffff

Linker script and memory map

LOAD c:/isis/application/toolchain/bin/../lib/gcc/arm-none-eabi/4.7.4/../../../../arm-none-eabi/lib\libc_s.a
LOAD ./src/sub-systemCode/Main/CMD/ADCS_CMD.o
LOAD ./src/sub-systemCode/Main/CMD/COMM_CMD.o
LOAD ./src/sub-systemCode/Main/CMD/EPS_CMD.o
LOAD ./src/sub-systemCode/Main/CMD/General_CMD.o
LOAD ./src/sub-systemCode/Main/CMD/SW_CMD.o
LOAD ./src/sub-systemCode/Main/CMD/payload_CMD.o
LOAD ./src/sub-systemCode/Main/CMD/test_CMD.o
LOAD ./src/sub-systemCode/Main/Ants.o
LOAD ./src/sub-systemCode/Main/EPS.o
LOAD ./src/sub-systemCode/Main/HouseKeeping.o
LOAD ./src/sub-systemCode/Main/Main_Init.o
LOAD ./src/sub-systemCode/Main/commands.o
LOAD ./src/sub-systemCode/Global/Global.o
LOAD ./src/sub-systemCode/Global/GlobalParam.o
LOAD ./src/sub-systemCode/Global/TM_managment.o
LOAD ./src/sub-systemCode/COMM/APRS.o
LOAD ./src/sub-systemCode/COMM/DelayedCommand_list.o
LOAD ./src/sub-systemCode/COMM/GSC.o
LOAD ./src/sub-systemCode/COMM/TRXVU.o
LOAD ./src/sub-systemCode/ADCS/AdcsCommands.o
LOAD ./src/sub-systemCode/ADCS/AdcsGetDataAndTlm.o
LOAD ./src/sub-systemCode/ADCS/AdcsMain.o
LOAD ./src/sub-systemCode/ADCS/AdcsTest.o
LOAD ./src/sub-systemCode/ADCS/AdcsTroubleShooting.o
LOAD ./src/sub-systemCode/ADCS/StateMachine.o
LOAD ./src/main.o
LOAD C:/HOOPOE3/satellite-subsystems/demo/..//satellite-subsystems/lib\libSatelliteSubsystemsD.a
LOAD c:/isis/application/toolchain/bin/../lib/gcc/arm-none-eabi/4.7.4/../../../../arm-none-eabi/lib\libm.a
LOAD C:/HOOPOE3/satellite-subsystems/demo/../..//hal/hcc/lib\libHCCD.a
LOAD C:/HOOPOE3/satellite-subsystems/demo/../..//hal/hal/lib\libHALD.a
LOAD C:/HOOPOE3/satellite-subsystems/demo/../..//hal/freertos/lib\libFreeRTOSD.a
LOAD C:/HOOPOE3/satellite-subsystems/demo/../..//hal/at91/lib\libAt91D.a
START GROUP
LOAD c:/isis/application/toolchain/bin/../lib/gcc/arm-none-eabi/4.7.4\libgcc.a
LOAD c:/isis/application/toolchain/bin/../lib/gcc/arm-none-eabi/4.7.4/../../../../arm-none-eabi/lib\libc_s.a
END GROUP

.fixed          0x20000000    0x312e4
                0x20000000                . = ALIGN (0x4)
                0x20000000                _sfixed = .
 *(.startup)
 .startup       0x20000000      0x134 C:/HOOPOE3/satellite-subsystems/demo/../..//hal/at91/lib\libAt91D.a(board_cstartup.o)
                0x20000000                entry
 *(.text)
 .text          0x20000134       0x64 C:/HOOPOE3/satellite-subsystems/demo/../..//hal/at91/lib\libAt91D.a(cp15_asm.o)
                0x20000134                _readControlRegister
                0x20000140                _writeControlRegister
                0x20000148                _waitForInterrupt
                0x20000154                _writeTTB
                0x2000015c                _writeDomain
                0x20000164                _writeITLBLockdown
                0x2000016c                _prefetchICacheLine
                0x20000174                _flushDCache
                0x20000180                _flushWriteBuffer
                0x2000018c                _invalidateIDTLBs
 .text          0x20000198      0x114 c:/isis/application/toolchain/bin/../lib/gcc/arm-none-eabi/4.7.4\libgcc.a(_udivsi3.o)
                0x20000198                __aeabi_uidiv
                0x20000198                __udivsi3
                0x2000028c                __aeabi_uidivmod
 .text          0x200002ac      0x148 c:/isis/application/toolchain/bin/../lib/gcc/arm-none-eabi/4.7.4\libgcc.a(_divsi3.o)
                0x200002ac                __divsi3
                0x200002ac                __aeabi_idiv
                0x200003d4                __aeabi_idivmod
 .text          0x200003f4        0x4 c:/isis/application/toolchain/bin/../lib/gcc/arm-none-eabi/4.7.4\libgcc.a(_dvmd_tls.o)
                0x200003f4                __aeabi_idiv0
                0x200003f4                __aeabi_ldiv0
 .text          0x200003f8      0x41c c:/isis/application/toolchain/bin/../lib/gcc/arm-none-eabi/4.7.4\libgcc.a(_arm_addsubdf3.o)
                0x200003f8                __aeabi_drsub
                0x20000400                __aeabi_dsub
                0x20000400                __subdf3
                0x20000404                __aeabi_dadd
                0x20000404                __adddf3
                0x20000714                __floatunsidf
                0x20000714                __aeabi_ui2d
                0x20000738                __floatsidf
                0x20000738                __aeabi_i2d
                0x20000760                __aeabi_f2d
                0x20000760                __extendsfdf2
                0x200007a0                __floatundidf
                0x200007a0                __aeabi_ul2d
                0x200007b4                __floatdidf
                0x200007b4                __aeabi_l2d
 .text          0x20000814      0x49c c:/isis/application/toolchain/bin/../lib/gcc/arm-none-eabi/4.7.4\libgcc.a(_arm_muldivdf3.o)
                0x20000814                __aeabi_dmul
                0x20000814                __muldf3
                0x20000aa4                __divdf3
                0x20000aa4                __aeabi_ddiv
 .text          0x20000cb0      0x144 c:/isis/application/toolchain/bin/../lib/gcc/arm-none-eabi/4.7.4\libgcc.a(_arm_cmpdf2.o)
                0x20000cb0                __gtdf2
                0x20000cb0                __gedf2
                0x20000cb8                __ltdf2
                0x20000cb8                __ledf2
                0x20000cc0                __nedf2
                0x20000cc0                __eqdf2
                0x20000cc0                __cmpdf2
                0x20000d48                __aeabi_cdrcmple
                0x20000d64                __aeabi_cdcmpeq
                0x20000d64                __aeabi_cdcmple
                0x20000d7c                __aeabi_dcmpeq
                0x20000d94                __aeabi_dcmplt
                0x20000dac                __aeabi_dcmple
                0x20000dc4                __aeabi_dcmpge
                0x20000ddc                __aeabi_dcmpgt
 .text          0x20000df4       0x5c c:/isis/application/toolchain/bin/../lib/gcc/arm-none-eabi/4.7.4\libgcc.a(_arm_fixdfsi.o)
                0x20000df4                __aeabi_d2iz
                0x20000df4                __fixdfsi
 .text          0x20000e50       0x54 c:/isis/application/toolchain/bin/../lib/gcc/arm-none-eabi/4.7.4\libgcc.a(_arm_fixunsdfsi.o)
                0x20000e50                __aeabi_d2uiz
                0x20000e50                __fixunsdfsi
 .text          0x20000ea4       0xa0 c:/isis/application/toolchain/bin/../lib/gcc/arm-none-eabi/4.7.4\libgcc.a(_arm_truncdfsf2.o)
                0x20000ea4                __truncdfsf2
                0x20000ea4                __aeabi_d2f
 *(.text*)
 .text.__cvt    0x20000f44      0x138 c:/isis/application/toolchain/bin/../lib/gcc/arm-none-eabi/4.7.4/../../../../arm-none-eabi/lib\libc_s.a(lib_a-vfprintf_float.o)
                0x20000f44                __cvt
 .text.__exponent
                0x2000107c       0xa8 c:/isis/application/toolchain/bin/../lib/gcc/arm-none-eabi/4.7.4/../../../../arm-none-eabi/lib\libc_s.a(lib_a-vfprintf_float.o)
                0x2000107c                __exponent
 .text._printf_float
                0x20001124      0x7dc c:/isis/application/toolchain/bin/../lib/gcc/arm-none-eabi/4.7.4/../../../../arm-none-eabi/lib\libc_s.a(lib_a-vfprintf_float.o)
                0x20001124                _printf_float
 .text._printf_common
                0x20001900      0x174 c:/isis/application/toolchain/bin/../lib/gcc/arm-none-eabi/4.7.4/../../../../arm-none-eabi/lib\libc_s.a(lib_a-vfprintf_i.o)
                0x20001900                _printf_common
 .text._printf_i
                0x20001a74      0x3c4 c:/isis/application/toolchain/bin/../lib/gcc/arm-none-eabi/4.7.4/../../../../arm-none-eabi/lib\libc_s.a(lib_a-vfprintf_i.o)
                0x20001a74                _printf_i
 .text._scanf_float
                0x20001e38      0x5f4 c:/isis/application/toolchain/bin/../lib/gcc/arm-none-eabi/4.7.4/../../../../arm-none-eabi/lib\libc_s.a(lib_a-vfscanf_float.o)
                0x20001e38                _scanf_float
 .text.quorem   0x2000242c      0x1ac c:/isis/application/toolchain/bin/../lib/gcc/arm-none-eabi/4.7.4/../../../../arm-none-eabi/lib\libc_s.a(lib_a-dtoa.o)
 .text._dtoa_r  0x200025d8     0x1268 c:/isis/application/toolchain/bin/../lib/gcc/arm-none-eabi/4.7.4/../../../../arm-none-eabi/lib\libc_s.a(lib_a-dtoa.o)
                0x200025d8                _dtoa_r
 .text._localeconv_r
                0x20003840        0xc c:/isis/application/toolchain/bin/../lib/gcc/arm-none-eabi/4.7.4/../../../../arm-none-eabi/lib\libc_s.a(lib_a-locale.o)
                0x20003840                _localeconv_r
 .text.malloc   0x2000384c       0x20 c:/isis/application/toolchain/bin/../lib/gcc/arm-none-eabi/4.7.4/../../../../arm-none-eabi/lib\libc_s.a(lib_a-malloc.o)
                0x2000384c                malloc
 .text.free     0x2000386c       0x20 c:/isis/application/toolchain/bin/../lib/gcc/arm-none-eabi/4.7.4/../../../../arm-none-eabi/lib\libc_s.a(lib_a-malloc.o)
                0x2000386c                free
 .text._malloc_r
                0x2000388c       0xfc c:/isis/application/toolchain/bin/../lib/gcc/arm-none-eabi/4.7.4/../../../../arm-none-eabi/lib\libc_s.a(lib_a-mallocr.o)
                0x2000388c                _malloc_r
 .text.memcpy   0x20003988       0x20 c:/isis/application/toolchain/bin/../lib/gcc/arm-none-eabi/4.7.4/../../../../arm-none-eabi/lib\libc_s.a(lib_a-memcpy.o)
                0x20003988                memcpy
 .text._Balloc  0x200039a8       0xcc c:/isis/application/toolchain/bin/../lib/gcc/arm-none-eabi/4.7.4/../../../../arm-none-eabi/lib\libc_s.a(lib_a-mprec.o)
                0x200039a8                _Balloc
 .text._Bfree   0x20003a74       0x5c c:/isis/application/toolchain/bin/../lib/gcc/arm-none-eabi/4.7.4/../../../../arm-none-eabi/lib\libc_s.a(lib_a-mprec.o)
                0x20003a74                _Bfree
 .text.__multadd
                0x20003ad0       0xbc c:/isis/application/toolchain/bin/../lib/gcc/arm-none-eabi/4.7.4/../../../../arm-none-eabi/lib\libc_s.a(lib_a-mprec.o)
                0x20003ad0                __multadd
 .text.__s2b    0x20003b8c       0xd8 c:/isis/application/toolchain/bin/../lib/gcc/arm-none-eabi/4.7.4/../../../../arm-none-eabi/lib\libc_s.a(lib_a-mprec.o)
                0x20003b8c                __s2b
 .text.__hi0bits
                0x20003c64       0x58 c:/isis/application/toolchain/bin/../lib/gcc/arm-none-eabi/4.7.4/../../../../arm-none-eabi/lib\libc_s.a(lib_a-mprec.o)
                0x20003c64                __hi0bits
 .text.__lo0bits
                0x20003cbc       0x94 c:/isis/application/toolchain/bin/../lib/gcc/arm-none-eabi/4.7.4/../../../../arm-none-eabi/lib\libc_s.a(lib_a-mprec.o)
                0x20003cbc                __lo0bits
 .text.__i2b    0x20003d50       0x24 c:/isis/application/toolchain/bin/../lib/gcc/arm-none-eabi/4.7.4/../../../../arm-none-eabi/lib\libc_s.a(lib_a-mprec.o)
                0x20003d50                __i2b
 .text.__multiply
                0x20003d74      0x1ac c:/isis/application/toolchain/bin/../lib/gcc/arm-none-eabi/4.7.4/../../../../arm-none-eabi/lib\libc_s.a(lib_a-mprec.o)
                0x20003d74                __multiply
 .text.__pow5mult
                0x20003f20      0x10c c:/isis/application/toolchain/bin/../lib/gcc/arm-none-eabi/4.7.4/../../../../arm-none-eabi/lib\libc_s.a(lib_a-mprec.o)
                0x20003f20                __pow5mult
 .text.__lshift
                0x2000402c       0xf0 c:/isis/application/toolchain/bin/../lib/gcc/arm-none-eabi/4.7.4/../../../../arm-none-eabi/lib\libc_s.a(lib_a-mprec.o)
                0x2000402c                __lshift
 .text.__mcmp   0x2000411c       0x60 c:/isis/application/toolchain/bin/../lib/gcc/arm-none-eabi/4.7.4/../../../../arm-none-eabi/lib\libc_s.a(lib_a-mprec.o)
                0x2000411c                __mcmp
 .text.__mdiff  0x2000417c      0x128 c:/isis/application/toolchain/bin/../lib/gcc/arm-none-eabi/4.7.4/../../../../arm-none-eabi/lib\libc_s.a(lib_a-mprec.o)
                0x2000417c                __mdiff
 .text.__ulp    0x200042a4       0x5c c:/isis/application/toolchain/bin/../lib/gcc/arm-none-eabi/4.7.4/../../../../arm-none-eabi/lib\libc_s.a(lib_a-mprec.o)
                0x200042a4                __ulp
 .text.__b2d    0x20004300       0xc8 c:/isis/application/toolchain/bin/../lib/gcc/arm-none-eabi/4.7.4/../../../../arm-none-eabi/lib\libc_s.a(lib_a-mprec.o)
                0x20004300                __b2d
 .text.__d2b    0x200043c8       0xfc c:/isis/application/toolchain/bin/../lib/gcc/arm-none-eabi/4.7.4/../../../../arm-none-eabi/lib\libc_s.a(lib_a-mprec.o)
                0x200043c8                __d2b
 .text.__ratio  0x200044c4       0x70 c:/isis/application/toolchain/bin/../lib/gcc/arm-none-eabi/4.7.4/../../../../arm-none-eabi/lib\libc_s.a(lib_a-mprec.o)
                0x200044c4                __ratio
 .text.__copybits
                0x20004534       0x4c c:/isis/application/toolchain/bin/../lib/gcc/arm-none-eabi/4.7.4/../../../../arm-none-eabi/lib\libc_s.a(lib_a-mprec.o)
                0x20004534                __copybits
 .text.__any_on
                0x20004580       0x7c c:/isis/application/toolchain/bin/../lib/gcc/arm-none-eabi/4.7.4/../../../../arm-none-eabi/lib\libc_s.a(lib_a-mprec.o)
                0x20004580                __any_on
 .text.__fpclassifyd
                0x200045fc       0x6c c:/isis/application/toolchain/bin/../lib/gcc/arm-none-eabi/4.7.4/../../../../arm-none-eabi/lib\libc_s.a(lib_a-s_fpclassify.o)
                0x200045fc                __fpclassifyd
 .text._sbrk_r  0x20004668       0x3c c:/isis/application/toolchain/bin/../lib/gcc/arm-none-eabi/4.7.4/../../../../arm-none-eabi/lib\libc_s.a(lib_a-sbrkr.o)
                0x20004668                _sbrk_r
 .text.nanf     0x200046a4        0xc c:/isis/application/toolchain/bin/../lib/gcc/arm-none-eabi/4.7.4/../../../../arm-none-eabi/lib\libc_s.a(lib_a-sf_nan.o)
                0x200046a4                nanf
 .text.sprintf  0x200046b0       0x6c c:/isis/application/toolchain/bin/../lib/gcc/arm-none-eabi/4.7.4/../../../../arm-none-eabi/lib\libc_s.a(lib_a-sprintf.o)
                0x200046b0                siprintf
                0x200046b0                sprintf
 .text.strcmp   0x2000471c       0x1c c:/isis/application/toolchain/bin/../lib/gcc/arm-none-eabi/4.7.4/../../../../arm-none-eabi/lib\libc_s.a(lib_a-strcmp.o)
                0x2000471c                strcmp
 .text.strlen   0x20004738       0x1c c:/isis/application/toolchain/bin/../lib/gcc/arm-none-eabi/4.7.4/../../../../arm-none-eabi/lib\libc_s.a(lib_a-strlen.o)
                0x20004738                strlen
 .text.match    0x20004754       0x54 c:/isis/application/toolchain/bin/../lib/gcc/arm-none-eabi/4.7.4/../../../../arm-none-eabi/lib\libc_s.a(lib_a-strtod.o)
 .text._strtod_r
                0x200047a8     0x1168 c:/isis/application/toolchain/bin/../lib/gcc/arm-none-eabi/4.7.4/../../../../arm-none-eabi/lib\libc_s.a(lib_a-strtod.o)
                0x200047a8                _strtod_r
 .text._strtol_r
                0x20005910      0x1b8 c:/isis/application/toolchain/bin/../lib/gcc/arm-none-eabi/4.7.4/../../../../arm-none-eabi/lib\libc_s.a(lib_a-strtol.o)
                0x20005910                _strtol_r
 .text.__ssputc_r
                0x20005ac8      0x10c c:/isis/application/toolchain/bin/../lib/gcc/arm-none-eabi/4.7.4/../../../../arm-none-eabi/lib\libc_s.a(lib_a-svfprintf.o)
                0x20005ac8                __ssputc_r
 .text._svfprintf_r
                0x20005bd4      0x328 c:/isis/application/toolchain/bin/../lib/gcc/arm-none-eabi/4.7.4/../../../../arm-none-eabi/lib\libc_s.a(lib_a-svfprintf.o)
                0x20005bd4                _svfiprintf_r
                0x20005bd4                _svfprintf_r
 .text._calloc_r
                0x20005efc       0x2c c:/isis/application/toolchain/bin/../lib/gcc/arm-none-eabi/4.7.4/../../../../arm-none-eabi/lib\libc_s.a(lib_a-callocr.o)
                0x20005efc                _calloc_r
 .text._free_r  0x20005f28      0x108 c:/isis/application/toolchain/bin/../lib/gcc/arm-none-eabi/4.7.4/../../../../arm-none-eabi/lib\libc_s.a(lib_a-freer.o)
                0x20005f28                _free_r
 .text.rshift   0x20006030       0xb0 c:/isis/application/toolchain/bin/../lib/gcc/arm-none-eabi/4.7.4/../../../../arm-none-eabi/lib\libc_s.a(lib_a-gdtoa-gethex.o)
 .text.htinit.constprop.0
                0x200060e0       0x34 c:/isis/application/toolchain/bin/../lib/gcc/arm-none-eabi/4.7.4/../../../../arm-none-eabi/lib\libc_s.a(lib_a-gdtoa-gethex.o)
 .text.__hexdig_init
                0x20006114       0x38 c:/isis/application/toolchain/bin/../lib/gcc/arm-none-eabi/4.7.4/../../../../arm-none-eabi/lib\libc_s.a(lib_a-gdtoa-gethex.o)
                0x20006114                __hexdig_init
 .text.__gethex
                0x2000614c      0x6cc c:/isis/application/toolchain/bin/../lib/gcc/arm-none-eabi/4.7.4/../../../../arm-none-eabi/lib\libc_s.a(lib_a-gdtoa-gethex.o)
                0x2000614c                __gethex
 .text.L_shift  0x20006818       0x38 c:/isis/application/toolchain/bin/../lib/gcc/arm-none-eabi/4.7.4/../../../../arm-none-eabi/lib\libc_s.a(lib_a-gdtoa-hexnan.o)
 .text.__hexnan
                0x20006850      0x1d8 c:/isis/application/toolchain/bin/../lib/gcc/arm-none-eabi/4.7.4/../../../../arm-none-eabi/lib\libc_s.a(lib_a-gdtoa-hexnan.o)
                0x20006850                __hexnan
 .text.memchr   0x20006a28       0x34 c:/isis/application/toolchain/bin/../lib/gcc/arm-none-eabi/4.7.4/../../../../arm-none-eabi/lib\libc_s.a(lib_a-memchr.o)
                0x20006a28                memchr
 .text.memset   0x20006a5c       0x1c c:/isis/application/toolchain/bin/../lib/gcc/arm-none-eabi/4.7.4/../../../../arm-none-eabi/lib\libc_s.a(lib_a-memset.o)
                0x20006a5c                memset
 .text._realloc_r
                0x20006a78       0x80 c:/isis/application/toolchain/bin/../lib/gcc/arm-none-eabi/4.7.4/../../../../arm-none-eabi/lib\libc_s.a(lib_a-reallocr.o)
                0x20006a78                _realloc_r
 .text.strncmp  0x20006af8       0x64 c:/isis/application/toolchain/bin/../lib/gcc/arm-none-eabi/4.7.4/../../../../arm-none-eabi/lib\libc_s.a(lib_a-strncmp.o)
                0x20006af8                strncmp
 .text._malloc_usable_size_r
                0x20006b5c       0x1c c:/isis/application/toolchain/bin/../lib/gcc/arm-none-eabi/4.7.4/../../../../arm-none-eabi/lib\libc_s.a(lib_a-msizer.o)
                0x20006b5c                _malloc_usable_size_r
 .text.AdcsCmdQueueInit
                0x20006b78       0x4c ./src/sub-systemCode/Main/CMD/ADCS_CMD.o
                0x20006b78                AdcsCmdQueueInit
 .text.AdcsCmdQueueGet
                0x20006bc4       0x84 ./src/sub-systemCode/Main/CMD/ADCS_CMD.o
                0x20006bc4                AdcsCmdQueueGet
 .text.AdcsCmdQueueIsEmpty
                0x20006c48       0x3c ./src/sub-systemCode/Main/CMD/ADCS_CMD.o
                0x20006c48                AdcsCmdQueueIsEmpty
 .text.getAdcsQueueWaitPointer
                0x20006c84       0x20 ./src/sub-systemCode/Main/CMD/ADCS_CMD.o
                0x20006c84                getAdcsQueueWaitPointer
 .text.convert_vol
                0x20006ca4      0x12c ./src/sub-systemCode/Main/EPS.o
                0x20006ca4                convert_vol
 .text.get_shut_ADCS
                0x20006dd0       0x48 ./src/sub-systemCode/Main/EPS.o
                0x20006dd0                get_shut_ADCS
 .text.get_shut_CAM
                0x20006e18       0x48 ./src/sub-systemCode/Main/EPS.o
                0x20006e18                get_shut_CAM
 .text.EPS_Init
                0x20006e60      0x1a0 ./src/sub-systemCode/Main/EPS.o
                0x20006e60                EPS_Init
 .text.reset_FRAM_EPS
                0x20007000       0xa4 ./src/sub-systemCode/Main/EPS.o
                0x20007000                reset_FRAM_EPS
 .text.reset_EPS_voltages
                0x200070a4       0xbc ./src/sub-systemCode/Main/EPS.o
                0x200070a4                reset_EPS_voltages
 .text.overRide_ADCS
                0x20007160       0x50 ./src/sub-systemCode/Main/EPS.o
                0x20007160                overRide_ADCS
 .text.overRide_Camera
                0x200071b0       0x38 ./src/sub-systemCode/Main/EPS.o
                0x200071b0                overRide_Camera
 .text.EnterFullMode
                0x200071e8       0xec ./src/sub-systemCode/Main/EPS.o
                0x200071e8                EnterFullMode
 .text.EnterCruiseMode
                0x200072d4       0xdc ./src/sub-systemCode/Main/EPS.o
                0x200072d4                EnterCruiseMode
 .text.EnterSafeMode
                0x200073b0       0xdc ./src/sub-systemCode/Main/EPS.o
                0x200073b0                EnterSafeMode
 .text.EnterCriticalMode
                0x2000748c       0xc8 ./src/sub-systemCode/Main/EPS.o
                0x2000748c                EnterCriticalMode
 .text.COMM_create_file
                0x20007554       0x74 ./src/sub-systemCode/Main/HouseKeeping.o
                0x20007554                COMM_create_file
 .text.ACK_create_file
                0x200075c8       0x74 ./src/sub-systemCode/Main/HouseKeeping.o
                0x200075c8                ACK_create_file
 .text.EPS_create_file
                0x2000763c       0x74 ./src/sub-systemCode/Main/HouseKeeping.o
                0x2000763c                EPS_create_file
 .text.CAM_create_file
                0x200076b0       0x54 ./src/sub-systemCode/Main/HouseKeeping.o
                0x200076b0                CAM_create_file
 .text.SP_create_file
                0x20007704       0x54 ./src/sub-systemCode/Main/HouseKeeping.o
                0x20007704                SP_create_file
 .text.create_files
                0x20007758       0x48 ./src/sub-systemCode/Main/HouseKeeping.o
                0x20007758                create_files
 .text.test_menu
                0x200077a0       0xd8 ./src/sub-systemCode/Main/Main_Init.o
                0x200077a0                test_menu
 .text.numberOfRestarts
                0x20007878       0x94 ./src/sub-systemCode/Main/Main_Init.o
                0x20007878                numberOfRestarts
 .text.StartFRAM
                0x2000790c       0x38 ./src/sub-systemCode/Main/Main_Init.o
                0x2000790c                StartFRAM
 .text.StartI2C
                0x20007944       0x44 ./src/sub-systemCode/Main/Main_Init.o
                0x20007944                StartI2C
 .text.StartSPI
                0x20007988       0x40 ./src/sub-systemCode/Main/Main_Init.o
                0x20007988                StartSPI
 .text.StartTIME
                0x200079c8      0x118 ./src/sub-systemCode/Main/Main_Init.o
                0x200079c8                StartTIME
 .text.first_activation
                0x20007ae0       0x78 ./src/sub-systemCode/Main/Main_Init.o
                0x20007ae0                first_activation
 .text.InitSubsystems
                0x20007b58       0x58 ./src/sub-systemCode/Main/Main_Init.o
                0x20007b58                InitSubsystems
 .text.no_reset_task
                0x20007bb0       0xe4 ./src/sub-systemCode/Main/Main_Init.o
                0x20007bb0                no_reset_task
 .text.SubSystemTaskStart
                0x20007c94       0x9c ./src/sub-systemCode/Main/Main_Init.o
                0x20007c94                SubSystemTaskStart
 .text.check_int
                0x20007d30       0x3c ./src/sub-systemCode/Global/Global.o
                0x20007d30                check_int
 .text.check_portBASE_TYPE
                0x20007d6c       0x3c ./src/sub-systemCode/Global/Global.o
                0x20007d6c                check_portBASE_TYPE
 .text.BigEnE_uInt_to_raw
                0x20007da8       0x78 ./src/sub-systemCode/Global/Global.o
                0x20007da8                BigEnE_uInt_to_raw
 .text.reset_FRAM_MAIN
                0x20007e20      0x19c ./src/sub-systemCode/Global/Global.o
                0x20007e20                reset_FRAM_MAIN
 .text.init_GP  0x20007fbc      0x324 ./src/sub-systemCode/Global/GlobalParam.o
                0x20007fbc                init_GP
 .text.get_system_state
                0x200082e0      0x268 ./src/sub-systemCode/Global/GlobalParam.o
                0x200082e0                get_system_state
 .text.set_system_state
                0x20008548      0x298 ./src/sub-systemCode/Global/GlobalParam.o
                0x20008548                set_system_state
 .text.set_Vbatt_previous
                0x200087e0       0xe8 ./src/sub-systemCode/Global/GlobalParam.o
                0x200087e0                set_Vbatt_previous
 .text.set_Vbatt
                0x200088c8       0xb8 ./src/sub-systemCode/Global/GlobalParam.o
                0x200088c8                set_Vbatt
 .text.set_numOfAPRS
                0x20008980       0x8c ./src/sub-systemCode/Global/GlobalParam.o
                0x20008980                set_numOfAPRS
 .text.set_numOfResets
                0x20008a0c       0xac ./src/sub-systemCode/Global/GlobalParam.o
                0x20008a0c                set_numOfResets
 .text.delete_allTMFilesFromSD
                0x20008ab8       0xf8 ./src/sub-systemCode/Global/TM_managment.o
                0x20008ab8                delete_allTMFilesFromSD
 .text.getNumOfFilesInFS
                0x20008bb0       0x44 ./src/sub-systemCode/Global/TM_managment.o
 .text.setNumOfFilesInFS
                0x20008bf4       0x50 ./src/sub-systemCode/Global/TM_managment.o
 .text.InitializeFS
                0x20008c44      0x174 ./src/sub-systemCode/Global/TM_managment.o
                0x20008c44                InitializeFS
 .text.c_fileCreate
                0x20008db8       0xf4 ./src/sub-systemCode/Global/TM_managment.o
                0x20008db8                c_fileCreate
 .text.writewithEpochtime
                0x20008eac       0x9c ./src/sub-systemCode/Global/TM_managment.o
 .text.get_C_FILE_struct
                0x20008f48      0x104 ./src/sub-systemCode/Global/TM_managment.o
 .text.getFileIndex
                0x2000904c       0x4c ./src/sub-systemCode/Global/TM_managment.o
 .text.get_file_name_by_index
                0x20009098       0x54 ./src/sub-systemCode/Global/TM_managment.o
                0x20009098                get_file_name_by_index
 .text.c_fileReset
                0x200090ec       0xbc ./src/sub-systemCode/Global/TM_managment.o
                0x200090ec                c_fileReset
 .text.c_fileWrite
                0x200091a8      0x11c ./src/sub-systemCode/Global/TM_managment.o
                0x200091a8                c_fileWrite
 .text.reset_APRS_list
                0x200092c4       0xa4 ./src/sub-systemCode/COMM/APRS.o
                0x200092c4                reset_APRS_list
 .text.reset_delayCommand
                0x20009368       0x8c ./src/sub-systemCode/COMM/DelayedCommand_list.o
                0x20009368                reset_delayCommand
 .text.encode_TMpacket
                0x200093f4      0x104 ./src/sub-systemCode/COMM/GSC.o
                0x200093f4                encode_TMpacket
 .text.reset_FRAM_TRXVU
                0x200094f8       0xc0 ./src/sub-systemCode/COMM/TRXVU.o
                0x200094f8                reset_FRAM_TRXVU
 .text.TRX_sendFrame
                0x200095b8       0x98 ./src/sub-systemCode/COMM/TRXVU.o
                0x200095b8                TRX_sendFrame
 .text.AdcsReadI2cAck
                0x20009650       0xf4 ./src/sub-systemCode/ADCS/AdcsCommands.o
                0x20009650                AdcsReadI2cAck
 .text.AdcsGenericI2cCmd
                0x20009744      0x120 ./src/sub-systemCode/ADCS/AdcsCommands.o
                0x20009744                AdcsGenericI2cCmd
 .text.SendAdcsTlm
                0x20009864      0x148 ./src/sub-systemCode/ADCS/AdcsCommands.o
                0x20009864                SendAdcsTlm
 .text.AdcsExecuteCommand
                0x200099ac     0x1740 ./src/sub-systemCode/ADCS/AdcsCommands.o
                0x200099ac                AdcsExecuteCommand
 .text.GatherTlmAndData
                0x2000b0ec       0xd0 ./src/sub-systemCode/ADCS/AdcsGetDataAndTlm.o
                0x2000b0ec                GatherTlmAndData
 .text.SaveElementTlmAtIndex
                0x2000b1bc      0x2c4 ./src/sub-systemCode/ADCS/AdcsGetDataAndTlm.o
                0x2000b1bc                SaveElementTlmAtIndex
 .text.AdcsInit
                0x2000b480      0x130 ./src/sub-systemCode/ADCS/AdcsMain.o
                0x2000b480                AdcsInit
 .text.AdcsTask
                0x2000b5b0      0x10c ./src/sub-systemCode/ADCS/AdcsMain.o
                0x2000b5b0                AdcsTask
 .text.AdcsTroubleShooting
                0x2000b6bc       0xc4 ./src/sub-systemCode/ADCS/AdcsTroubleShooting.o
                0x2000b6bc                AdcsTroubleShooting
 .text.UpdateAdcsStateMachine
                0x2000b780       0x1c ./src/sub-systemCode/ADCS/StateMachine.o
                0x2000b780                UpdateAdcsStateMachine
 .text.TestSetAdcsModes
                0x2000b79c      0x1d0 ./src/main.o
                0x2000b79c                TestSetAdcsModes
 .text.TestAdcsPrintTlm
                0x2000b96c      0x3c0 ./src/main.o
                0x2000b96c                TestAdcsPrintTlm
 .text.taskMain
                0x2000bd2c       0x64 ./src/main.o
                0x2000bd2c                taskMain
 .text.main     0x2000bd90       0xc0 ./src/main.o
                0x2000bd90                main
 .text.GomEpsInitialize
                0x2000be50      0x148 C:/HOOPOE3/satellite-subsystems/demo/..//satellite-subsystems/lib\libSatelliteSubsystemsD.a(GomEPS.o)
                0x2000be50                GomEpsInitialize
 .text.makeEPStransfer
                0x2000bf98       0x3c C:/HOOPOE3/satellite-subsystems/demo/..//satellite-subsystems/lib\libSatelliteSubsystemsD.a(GomEPS.o)
 .text.GomEpsGetHkData_general
                0x2000bfd4      0x45c C:/HOOPOE3/satellite-subsystems/demo/..//satellite-subsystems/lib\libSatelliteSubsystemsD.a(GomEPS.o)
                0x2000bfd4                GomEpsGetHkData_general
 .text.GomEpsGetHkData_basic
                0x2000c430      0x22c C:/HOOPOE3/satellite-subsystems/demo/..//satellite-subsystems/lib\libSatelliteSubsystemsD.a(GomEPS.o)
                0x2000c430                GomEpsGetHkData_basic
 .text.GomEpsSetOutput
                0x2000c65c       0xbc C:/HOOPOE3/satellite-subsystems/demo/..//satellite-subsystems/lib\libSatelliteSubsystemsD.a(GomEPS.o)
                0x2000c65c                GomEpsSetOutput
 .text.IsisSolarPanelv2_initialize
                0x2000c718       0xb4 C:/HOOPOE3/satellite-subsystems/demo/..//satellite-subsystems/lib\libSatelliteSubsystemsD.a(IsisSolarPanelv2.o)
                0x2000c718                IsisSolarPanelv2_initialize
 .text.IsisSolarPanelv2_sleep
                0x2000c7cc       0xbc C:/HOOPOE3/satellite-subsystems/demo/..//satellite-subsystems/lib\libSatelliteSubsystemsD.a(IsisSolarPanelv2.o)
                0x2000c7cc                IsisSolarPanelv2_sleep
 .text._Reset   0x2000c888       0x20 C:/HOOPOE3/satellite-subsystems/demo/..//satellite-subsystems/lib\libSatelliteSubsystemsD.a(IsisSolarPanelv2.o)
 .text._WaitForStartup
                0x2000c8a8       0x90 C:/HOOPOE3/satellite-subsystems/demo/..//satellite-subsystems/lib\libSatelliteSubsystemsD.a(IsisSolarPanelv2.o)
 .text._AssignAllChannels
                0x2000c938       0x90 C:/HOOPOE3/satellite-subsystems/demo/..//satellite-subsystems/lib\libSatelliteSubsystemsD.a(IsisSolarPanelv2.o)
 .text._AssignThisChannel
                0x2000c9c8       0xe8 C:/HOOPOE3/satellite-subsystems/demo/..//satellite-subsystems/lib\libSatelliteSubsystemsD.a(IsisSolarPanelv2.o)
 .text._ExtractByte
                0x2000cab0       0x38 C:/HOOPOE3/satellite-subsystems/demo/..//satellite-subsystems/lib\libSatelliteSubsystemsD.a(IsisSolarPanelv2.o)
 .text._PinsInit
                0x2000cae8       0x50 C:/HOOPOE3/satellite-subsystems/demo/..//satellite-subsystems/lib\libSatelliteSubsystemsD.a(IsisSolarPanelv2.o)
 .text._SpiWriteRead
                0x2000cb38       0x70 C:/HOOPOE3/satellite-subsystems/demo/..//satellite-subsystems/lib\libSatelliteSubsystemsD.a(IsisSolarPanelv2.o)
 .text.cspaceADCS_initialize
                0x2000cba8      0x18c C:/HOOPOE3/satellite-subsystems/demo/..//satellite-subsystems/lib\libSatelliteSubsystemsD.a(cspaceADCS.o)
                0x2000cba8                cspaceADCS_initialize
 .text.make_cspaceADCStransfer
                0x2000cd34      0x1b4 C:/HOOPOE3/satellite-subsystems/demo/..//satellite-subsystems/lib\libSatelliteSubsystemsD.a(cspaceADCS.o)
 .text.cspaceADCS_componentReset
                0x2000cee8       0xbc C:/HOOPOE3/satellite-subsystems/demo/..//satellite-subsystems/lib\libSatelliteSubsystemsD.a(cspaceADCS.o)
                0x2000cee8                cspaceADCS_componentReset
 .text.cspaceADCS_setCurrentTime
                0x2000cfa4       0xd0 C:/HOOPOE3/satellite-subsystems/demo/..//satellite-subsystems/lib\libSatelliteSubsystemsD.a(cspaceADCS.o)
                0x2000cfa4                cspaceADCS_setCurrentTime
 .text.cspaceADCS_cacheStateADCS
                0x2000d074       0xd0 C:/HOOPOE3/satellite-subsystems/demo/..//satellite-subsystems/lib\libSatelliteSubsystemsD.a(cspaceADCS.o)
                0x2000d074                cspaceADCS_cacheStateADCS
 .text.cspaceADCS_setRunMode
                0x2000d144       0xbc C:/HOOPOE3/satellite-subsystems/demo/..//satellite-subsystems/lib\libSatelliteSubsystemsD.a(cspaceADCS.o)
                0x2000d144                cspaceADCS_setRunMode
 .text.cspaceADCS_setPwrCtrlDevice
                0x2000d200       0xd0 C:/HOOPOE3/satellite-subsystems/demo/..//satellite-subsystems/lib\libSatelliteSubsystemsD.a(cspaceADCS.o)
                0x2000d200                cspaceADCS_setPwrCtrlDevice
 .text.cspaceADCS_clearErrors
                0x2000d2d0       0xb8 C:/HOOPOE3/satellite-subsystems/demo/..//satellite-subsystems/lib\libSatelliteSubsystemsD.a(cspaceADCS.o)
                0x2000d2d0                cspaceADCS_clearErrors
 .text.cspaceADCS_setAttCtrlMode
                0x2000d388       0xd0 C:/HOOPOE3/satellite-subsystems/demo/..//satellite-subsystems/lib\libSatelliteSubsystemsD.a(cspaceADCS.o)
                0x2000d388                cspaceADCS_setAttCtrlMode
 .text.cspaceADCS_setAttEstMode
                0x2000d458       0xbc C:/HOOPOE3/satellite-subsystems/demo/..//satellite-subsystems/lib\libSatelliteSubsystemsD.a(cspaceADCS.o)
                0x2000d458                cspaceADCS_setAttEstMode
 .text.cspaceADCS_setMagOutput
                0x2000d514       0xd0 C:/HOOPOE3/satellite-subsystems/demo/..//satellite-subsystems/lib\libSatelliteSubsystemsD.a(cspaceADCS.o)
                0x2000d514                cspaceADCS_setMagOutput
 .text.cspaceADCS_setWheelSpeed
                0x2000d5e4       0xd0 C:/HOOPOE3/satellite-subsystems/demo/..//satellite-subsystems/lib\libSatelliteSubsystemsD.a(cspaceADCS.o)
                0x2000d5e4                cspaceADCS_setWheelSpeed
 .text.cspaceADCS_setMagMountConfig
                0x2000d6b4       0xd0 C:/HOOPOE3/satellite-subsystems/demo/..//satellite-subsystems/lib\libSatelliteSubsystemsD.a(cspaceADCS.o)
                0x2000d6b4                cspaceADCS_setMagMountConfig
 .text.cspaceADCS_setMagOffsetScalingConfig
                0x2000d784       0xd0 C:/HOOPOE3/satellite-subsystems/demo/..//satellite-subsystems/lib\libSatelliteSubsystemsD.a(cspaceADCS.o)
                0x2000d784                cspaceADCS_setMagOffsetScalingConfig
 .text.cspaceADCS_setMagSensConfig
                0x2000d854       0xd0 C:/HOOPOE3/satellite-subsystems/demo/..//satellite-subsystems/lib\libSatelliteSubsystemsD.a(cspaceADCS.o)
                0x2000d854                cspaceADCS_setMagSensConfig
 .text.cspaceADCS_setRateSensorConfig
                0x2000d924       0xd0 C:/HOOPOE3/satellite-subsystems/demo/..//satellite-subsystems/lib\libSatelliteSubsystemsD.a(cspaceADCS.o)
                0x2000d924                cspaceADCS_setRateSensorConfig
 .text.cspaceADCS_setStarTrackerConfig
                0x2000d9f4       0xd0 C:/HOOPOE3/satellite-subsystems/demo/..//satellite-subsystems/lib\libSatelliteSubsystemsD.a(cspaceADCS.o)
                0x2000d9f4                cspaceADCS_setStarTrackerConfig
 .text.cspaceADCS_setEstimationParam1
                0x2000dac4       0xd0 C:/HOOPOE3/satellite-subsystems/demo/..//satellite-subsystems/lib\libSatelliteSubsystemsD.a(cspaceADCS.o)
                0x2000dac4                cspaceADCS_setEstimationParam1
 .text.cspaceADCS_setEstimationParam2
                0x2000db94       0xd0 C:/HOOPOE3/satellite-subsystems/demo/..//satellite-subsystems/lib\libSatelliteSubsystemsD.a(cspaceADCS.o)
                0x2000db94                cspaceADCS_setEstimationParam2
 .text.cspaceADCS_setSGP4OrbitParameters
                0x2000dc64       0xcc C:/HOOPOE3/satellite-subsystems/demo/..//satellite-subsystems/lib\libSatelliteSubsystemsD.a(cspaceADCS.o)
                0x2000dc64                cspaceADCS_setSGP4OrbitParameters
 .text.cspaceADCS_setMagnetometerMode
                0x2000dd30       0xb8 C:/HOOPOE3/satellite-subsystems/demo/..//satellite-subsystems/lib\libSatelliteSubsystemsD.a(cspaceADCS.o)
                0x2000dd30                cspaceADCS_setMagnetometerMode
 .text.cspaceADCS_saveConfig
                0x2000dde8       0xac C:/HOOPOE3/satellite-subsystems/demo/..//satellite-subsystems/lib\libSatelliteSubsystemsD.a(cspaceADCS.o)
                0x2000dde8                cspaceADCS_saveConfig
 .text.cspaceADCS_saveOrbitParam
                0x2000de94       0xac C:/HOOPOE3/satellite-subsystems/demo/..//satellite-subsystems/lib\libSatelliteSubsystemsD.a(cspaceADCS.o)
                0x2000de94                cspaceADCS_saveOrbitParam
 .text.cspaceADCS_saveImage
                0x2000df40       0xd8 C:/HOOPOE3/satellite-subsystems/demo/..//satellite-subsystems/lib\libSatelliteSubsystemsD.a(cspaceADCS.o)
                0x2000df40                cspaceADCS_saveImage
 .text.cspaceADCS_BLSetBootIndex
                0x2000e018      0x124 C:/HOOPOE3/satellite-subsystems/demo/..//satellite-subsystems/lib\libSatelliteSubsystemsD.a(cspaceADCS.o)
                0x2000e018                cspaceADCS_BLSetBootIndex
 .text.cspaceADCS_BLRunSelectedProgram
                0x2000e13c      0x114 C:/HOOPOE3/satellite-subsystems/demo/..//satellite-subsystems/lib\libSatelliteSubsystemsD.a(cspaceADCS.o)
                0x2000e13c                cspaceADCS_BLRunSelectedProgram
 .text.cspaceADCS_getGeneralInfo
                0x2000e250       0xc4 C:/HOOPOE3/satellite-subsystems/demo/..//satellite-subsystems/lib\libSatelliteSubsystemsD.a(cspaceADCS.o)
                0x2000e250                cspaceADCS_getGeneralInfo
 .text.cspaceADCS_getBootProgramInfo
                0x2000e314       0xc4 C:/HOOPOE3/satellite-subsystems/demo/..//satellite-subsystems/lib\libSatelliteSubsystemsD.a(cspaceADCS.o)
                0x2000e314                cspaceADCS_getBootProgramInfo
 .text.cspaceADCS_getSRAMLatchupCounters
                0x2000e3d8       0xc4 C:/HOOPOE3/satellite-subsystems/demo/..//satellite-subsystems/lib\libSatelliteSubsystemsD.a(cspaceADCS.o)
                0x2000e3d8                cspaceADCS_getSRAMLatchupCounters
 .text.cspaceADCS_getEDACCounters
                0x2000e49c       0xc4 C:/HOOPOE3/satellite-subsystems/demo/..//satellite-subsystems/lib\libSatelliteSubsystemsD.a(cspaceADCS.o)
                0x2000e49c                cspaceADCS_getEDACCounters
 .text.cspaceADCS_getCurrentTime
                0x2000e560       0xc4 C:/HOOPOE3/satellite-subsystems/demo/..//satellite-subsystems/lib\libSatelliteSubsystemsD.a(cspaceADCS.o)
                0x2000e560                cspaceADCS_getCurrentTime
 .text.cspaceADCS_getCommStatus
                0x2000e624       0xc4 C:/HOOPOE3/satellite-subsystems/demo/..//satellite-subsystems/lib\libSatelliteSubsystemsD.a(cspaceADCS.o)
                0x2000e624                cspaceADCS_getCommStatus
 .text.cspaceADCS_getCurrentState
                0x2000e6e8       0xc4 C:/HOOPOE3/satellite-subsystems/demo/..//satellite-subsystems/lib\libSatelliteSubsystemsD.a(cspaceADCS.o)
                0x2000e6e8                cspaceADCS_getCurrentState
 .text.cspaceADCS_getMagneticFieldVec
                0x2000e7ac       0xc4 C:/HOOPOE3/satellite-subsystems/demo/..//satellite-subsystems/lib\libSatelliteSubsystemsD.a(cspaceADCS.o)
                0x2000e7ac                cspaceADCS_getMagneticFieldVec
 .text.cspaceADCS_getCoarseSunVec
                0x2000e870       0xc4 C:/HOOPOE3/satellite-subsystems/demo/..//satellite-subsystems/lib\libSatelliteSubsystemsD.a(cspaceADCS.o)
                0x2000e870                cspaceADCS_getCoarseSunVec
 .text.cspaceADCS_getFineSunVec
                0x2000e934       0xc4 C:/HOOPOE3/satellite-subsystems/demo/..//satellite-subsystems/lib\libSatelliteSubsystemsD.a(cspaceADCS.o)
                0x2000e934                cspaceADCS_getFineSunVec
 .text.cspaceADCS_getNadirVector
                0x2000e9f8       0xc4 C:/HOOPOE3/satellite-subsystems/demo/..//satellite-subsystems/lib\libSatelliteSubsystemsD.a(cspaceADCS.o)
                0x2000e9f8                cspaceADCS_getNadirVector
 .text.cspaceADCS_getSensorRates
                0x2000eabc       0xc4 C:/HOOPOE3/satellite-subsystems/demo/..//satellite-subsystems/lib\libSatelliteSubsystemsD.a(cspaceADCS.o)
                0x2000eabc                cspaceADCS_getSensorRates
 .text.cspaceADCS_getWheelSpeed
                0x2000eb80       0xc4 C:/HOOPOE3/satellite-subsystems/demo/..//satellite-subsystems/lib\libSatelliteSubsystemsD.a(cspaceADCS.o)
                0x2000eb80                cspaceADCS_getWheelSpeed
 .text.cspaceADCS_getMagnetorquerCmd
                0x2000ec44       0xc4 C:/HOOPOE3/satellite-subsystems/demo/..//satellite-subsystems/lib\libSatelliteSubsystemsD.a(cspaceADCS.o)
                0x2000ec44                cspaceADCS_getMagnetorquerCmd
 .text.cspaceADCS_getWheelSpeedCmd
                0x2000ed08       0xc4 C:/HOOPOE3/satellite-subsystems/demo/..//satellite-subsystems/lib\libSatelliteSubsystemsD.a(cspaceADCS.o)
                0x2000ed08                cspaceADCS_getWheelSpeedCmd
 .text.cspaceADCS_getRawCss1_6Measurements
                0x2000edcc       0xc4 C:/HOOPOE3/satellite-subsystems/demo/..//satellite-subsystems/lib\libSatelliteSubsystemsD.a(cspaceADCS.o)
                0x2000edcc                cspaceADCS_getRawCss1_6Measurements
 .text.cspaceADCS_getRawCss7_10Measurements
                0x2000ee90       0xc4 C:/HOOPOE3/satellite-subsystems/demo/..//satellite-subsystems/lib\libSatelliteSubsystemsD.a(cspaceADCS.o)
                0x2000ee90                cspaceADCS_getRawCss7_10Measurements
 .text.cspaceADCS_getRawMagnetometerMeas
                0x2000ef54       0xc4 C:/HOOPOE3/satellite-subsystems/demo/..//satellite-subsystems/lib\libSatelliteSubsystemsD.a(cspaceADCS.o)
                0x2000ef54                cspaceADCS_getRawMagnetometerMeas
 .text.cspaceADCS_getCSenseCurrentMeasurements
                0x2000f018       0xc4 C:/HOOPOE3/satellite-subsystems/demo/..//satellite-subsystems/lib\libSatelliteSubsystemsD.a(cspaceADCS.o)
                0x2000f018                cspaceADCS_getCSenseCurrentMeasurements
 .text.cspaceADCS_getCControlCurrentMeasurements
                0x2000f0dc       0xc4 C:/HOOPOE3/satellite-subsystems/demo/..//satellite-subsystems/lib\libSatelliteSubsystemsD.a(cspaceADCS.o)
                0x2000f0dc                cspaceADCS_getCControlCurrentMeasurements
 .text.cspaceADCS_getWheelCurrentsTlm
                0x2000f1a0       0xc4 C:/HOOPOE3/satellite-subsystems/demo/..//satellite-subsystems/lib\libSatelliteSubsystemsD.a(cspaceADCS.o)
                0x2000f1a0                cspaceADCS_getWheelCurrentsTlm
 .text.cspaceADCS_getADCSTemperatureTlm
                0x2000f264       0xc4 C:/HOOPOE3/satellite-subsystems/demo/..//satellite-subsystems/lib\libSatelliteSubsystemsD.a(cspaceADCS.o)
                0x2000f264                cspaceADCS_getADCSTemperatureTlm
 .text.cspaceADCS_getRateSensorTempTlm
                0x2000f328       0xc4 C:/HOOPOE3/satellite-subsystems/demo/..//satellite-subsystems/lib\libSatelliteSubsystemsD.a(cspaceADCS.o)
                0x2000f328                cspaceADCS_getRateSensorTempTlm
 .text.cspaceADCS_getRawGpsStatus
                0x2000f3ec       0xc4 C:/HOOPOE3/satellite-subsystems/demo/..//satellite-subsystems/lib\libSatelliteSubsystemsD.a(cspaceADCS.o)
                0x2000f3ec                cspaceADCS_getRawGpsStatus
 .text.cspaceADCS_getRawGpsTime
                0x2000f4b0       0xc4 C:/HOOPOE3/satellite-subsystems/demo/..//satellite-subsystems/lib\libSatelliteSubsystemsD.a(cspaceADCS.o)
                0x2000f4b0                cspaceADCS_getRawGpsTime
 .text.cspaceADCS_getRawGpsX
                0x2000f574       0xc4 C:/HOOPOE3/satellite-subsystems/demo/..//satellite-subsystems/lib\libSatelliteSubsystemsD.a(cspaceADCS.o)
                0x2000f574                cspaceADCS_getRawGpsX
 .text.cspaceADCS_getRawGpsY
                0x2000f638       0xc4 C:/HOOPOE3/satellite-subsystems/demo/..//satellite-subsystems/lib\libSatelliteSubsystemsD.a(cspaceADCS.o)
                0x2000f638                cspaceADCS_getRawGpsY
 .text.cspaceADCS_getRawGpsZ
                0x2000f6fc       0xc4 C:/HOOPOE3/satellite-subsystems/demo/..//satellite-subsystems/lib\libSatelliteSubsystemsD.a(cspaceADCS.o)
                0x2000f6fc                cspaceADCS_getRawGpsZ
 .text.cspaceADCS_getStateTlm
                0x2000f7c0       0xc4 C:/HOOPOE3/satellite-subsystems/demo/..//satellite-subsystems/lib\libSatelliteSubsystemsD.a(cspaceADCS.o)
                0x2000f7c0                cspaceADCS_getStateTlm
 .text.cspaceADCS_getADCSMeasurements
                0x2000f884       0xc4 C:/HOOPOE3/satellite-subsystems/demo/..//satellite-subsystems/lib\libSatelliteSubsystemsD.a(cspaceADCS.o)
                0x2000f884                cspaceADCS_getADCSMeasurements
 .text.cspaceADCS_getActuatorsCmds
                0x2000f948       0xc4 C:/HOOPOE3/satellite-subsystems/demo/..//satellite-subsystems/lib\libSatelliteSubsystemsD.a(cspaceADCS.o)
                0x2000f948                cspaceADCS_getActuatorsCmds
 .text.cspaceADCS_getEstimationMetadata
                0x2000fa0c       0xc4 C:/HOOPOE3/satellite-subsystems/demo/..//satellite-subsystems/lib\libSatelliteSubsystemsD.a(cspaceADCS.o)
                0x2000fa0c                cspaceADCS_getEstimationMetadata
 .text.cspaceADCS_getStartrackerTLM
                0x2000fad0       0xc4 C:/HOOPOE3/satellite-subsystems/demo/..//satellite-subsystems/lib\libSatelliteSubsystemsD.a(cspaceADCS.o)
                0x2000fad0                cspaceADCS_getStartrackerTLM
 .text.cspaceADCS_getRawSensorMeasurements
                0x2000fb94       0xc4 C:/HOOPOE3/satellite-subsystems/demo/..//satellite-subsystems/lib\libSatelliteSubsystemsD.a(cspaceADCS.o)
                0x2000fb94                cspaceADCS_getRawSensorMeasurements
 .text.cspaceADCS_getPowTempMeasTLM
                0x2000fc58       0xc4 C:/HOOPOE3/satellite-subsystems/demo/..//satellite-subsystems/lib\libSatelliteSubsystemsD.a(cspaceADCS.o)
                0x2000fc58                cspaceADCS_getPowTempMeasTLM
 .text.cspaceADCS_getADCSExcTimes
                0x2000fd1c       0xc4 C:/HOOPOE3/satellite-subsystems/demo/..//satellite-subsystems/lib\libSatelliteSubsystemsD.a(cspaceADCS.o)
                0x2000fd1c                cspaceADCS_getADCSExcTimes
 .text.cspaceADCS_getPwrCtrlDevice
                0x2000fde0       0xc4 C:/HOOPOE3/satellite-subsystems/demo/..//satellite-subsystems/lib\libSatelliteSubsystemsD.a(cspaceADCS.o)
                0x2000fde0                cspaceADCS_getPwrCtrlDevice
 .text.cspaceADCS_getMiscCurrentMeas
                0x2000fea4       0xc4 C:/HOOPOE3/satellite-subsystems/demo/..//satellite-subsystems/lib\libSatelliteSubsystemsD.a(cspaceADCS.o)
                0x2000fea4                cspaceADCS_getMiscCurrentMeas
 .text.cspaceADCS_getCommandedAttitudeAngles
                0x2000ff68       0xc4 C:/HOOPOE3/satellite-subsystems/demo/..//satellite-subsystems/lib\libSatelliteSubsystemsD.a(cspaceADCS.o)
                0x2000ff68                cspaceADCS_getCommandedAttitudeAngles
 .text.cspaceADCS_getADCSRawGPSMeas
                0x2001002c       0xc4 C:/HOOPOE3/satellite-subsystems/demo/..//satellite-subsystems/lib\libSatelliteSubsystemsD.a(cspaceADCS.o)
                0x2001002c                cspaceADCS_getADCSRawGPSMeas
 .text.cspaceADCS_getADCRawRedMag
                0x200100f0       0xc4 C:/HOOPOE3/satellite-subsystems/demo/..//satellite-subsystems/lib\libSatelliteSubsystemsD.a(cspaceADCS.o)
                0x200100f0                cspaceADCS_getADCRawRedMag
 .text.cspaceADCS_getACPExecutionState
                0x200101b4       0xc4 C:/HOOPOE3/satellite-subsystems/demo/..//satellite-subsystems/lib\libSatelliteSubsystemsD.a(cspaceADCS.o)
                0x200101b4                cspaceADCS_getACPExecutionState
 .text.cspaceADCS_getADCSConfiguration
                0x20010278       0xc4 C:/HOOPOE3/satellite-subsystems/demo/..//satellite-subsystems/lib\libSatelliteSubsystemsD.a(cspaceADCS.o)
                0x20010278                cspaceADCS_getADCSConfiguration
 .text.cspaceADCS_getSGP4OrbitParameters
                0x2001033c       0xc4 C:/HOOPOE3/satellite-subsystems/demo/..//satellite-subsystems/lib\libSatelliteSubsystemsD.a(cspaceADCS.o)
                0x2001033c                cspaceADCS_getSGP4OrbitParameters
 .text.fn_init  0x20010400      0x2e0 C:/HOOPOE3/satellite-subsystems/demo/../..//hal/hcc/lib\libHCCD.a(fat_common.o)
                0x20010400                fn_init
 .text._f_get16bitl
                0x200106e0       0x4c C:/HOOPOE3/satellite-subsystems/demo/../..//hal/hcc/lib\libHCCD.a(fat_common.o)
                0x200106e0                _f_get16bitl
 .text._f_set16bitl
                0x2001072c       0x54 C:/HOOPOE3/satellite-subsystems/demo/../..//hal/hcc/lib\libHCCD.a(fat_common.o)
                0x2001072c                _f_set16bitl
 .text._f_get32bitl
                0x20010780       0x68 C:/HOOPOE3/satellite-subsystems/demo/../..//hal/hcc/lib\libHCCD.a(fat_common.o)
                0x20010780                _f_get32bitl
 .text._f_set32bitl
                0x200107e8       0x78 C:/HOOPOE3/satellite-subsystems/demo/../..//hal/hcc/lib\libHCCD.a(fat_common.o)
                0x200107e8                _f_set32bitl
 .text._get8bit
                0x20010860       0xa0 C:/HOOPOE3/satellite-subsystems/demo/../..//hal/hcc/lib\libHCCD.a(fat_common.o)
 .text._get16bitl
                0x20010900       0x40 C:/HOOPOE3/satellite-subsystems/demo/../..//hal/hcc/lib\libHCCD.a(fat_common.o)
 .text._get32bitl
                0x20010940       0x3c C:/HOOPOE3/satellite-subsystems/demo/../..//hal/hcc/lib\libHCCD.a(fat_common.o)
 .text._f_setcardremoved
                0x2001097c       0x94 C:/HOOPOE3/satellite-subsystems/demo/../..//hal/hcc/lib\libHCCD.a(fat_common.o)
 .text._f_checkstatus
                0x20010a10      0x104 C:/HOOPOE3/satellite-subsystems/demo/../..//hal/hcc/lib\libHCCD.a(fat_common.o)
                0x20010a10                _f_checkstatus
 .text._f_drvgetphy
                0x20010b14      0x114 C:/HOOPOE3/satellite-subsystems/demo/../..//hal/hcc/lib\libHCCD.a(fat_common.o)
 .text._f_drvwritesector
                0x20010c28       0xdc C:/HOOPOE3/satellite-subsystems/demo/../..//hal/hcc/lib\libHCCD.a(fat_common.o)
 .text._f_drvreadsector
                0x20010d04       0xa8 C:/HOOPOE3/satellite-subsystems/demo/../..//hal/hcc/lib\libHCCD.a(fat_common.o)
 .text._f_writesector
                0x20010dac      0x23c C:/HOOPOE3/satellite-subsystems/demo/../..//hal/hcc/lib\libHCCD.a(fat_common.o)
                0x20010dac                _f_writesector
 .text._f_readsector
                0x20010fe8      0x1dc C:/HOOPOE3/satellite-subsystems/demo/../..//hal/hcc/lib\libHCCD.a(fat_common.o)
                0x20010fe8                _f_readsector
 .text._f_getmaxcluster
                0x200111c4       0x94 C:/HOOPOE3/satellite-subsystems/demo/../..//hal/hcc/lib\libHCCD.a(fat_common.o)
                0x200111c4                _f_getmaxcluster
 .text._getsectorfromcluster
                0x20011258       0x68 C:/HOOPOE3/satellite-subsystems/demo/../..//hal/hcc/lib\libHCCD.a(fat_common.o)
 .text._f_buildsectors
                0x200112c0      0x268 C:/HOOPOE3/satellite-subsystems/demo/../..//hal/hcc/lib\libHCCD.a(fat_common.o)
 .text._f_getbootrecord
                0x20011528      0x5e4 C:/HOOPOE3/satellite-subsystems/demo/../..//hal/hcc/lib\libHCCD.a(fat_common.o)
 .text._f_readbootrecord
                0x20011b0c      0x4f8 C:/HOOPOE3/satellite-subsystems/demo/../..//hal/hcc/lib\libHCCD.a(fat_common.o)
 .text._f_flushcffiles
                0x20012004      0x17c C:/HOOPOE3/satellite-subsystems/demo/../..//hal/hcc/lib\libHCCD.a(fat_common.o)
                0x20012004                _f_flushcffiles
 .text._f_fatcache_flush
                0x20012180      0x270 C:/HOOPOE3/satellite-subsystems/demo/../..//hal/hcc/lib\libHCCD.a(fat_common.o)
                0x20012180                _f_fatcache_flush
 .text._f_writefatsector
                0x200123f0      0x100 C:/HOOPOE3/satellite-subsystems/demo/../..//hal/hcc/lib\libHCCD.a(fat_common.o)
                0x200123f0                _f_writefatsector
 .text._f_getfatsector
                0x200124f0      0x3bc C:/HOOPOE3/satellite-subsystems/demo/../..//hal/hcc/lib\libHCCD.a(fat_common.o)
 .text._f_setclustervalue
                0x200128ac      0x490 C:/HOOPOE3/satellite-subsystems/demo/../..//hal/hcc/lib\libHCCD.a(fat_common.o)
                0x200128ac                _f_setclustervalue
 .text._f_getclustervalue
                0x20012d3c      0x388 C:/HOOPOE3/satellite-subsystems/demo/../..//hal/hcc/lib\libHCCD.a(fat_common.o)
                0x20012d3c                _f_getclustervalue
 .text._f_close_drive_files
                0x200130c4       0xac C:/HOOPOE3/satellite-subsystems/demo/../..//hal/hcc/lib\libHCCD.a(fat_common.o)
 .text._f_inc_mount_count
                0x20013170       0xa4 C:/HOOPOE3/satellite-subsystems/demo/../..//hal/hcc/lib\libHCCD.a(fat_common.o)
 .text._f_getvolume
                0x20013214      0x2f8 C:/HOOPOE3/satellite-subsystems/demo/../..//hal/hcc/lib\libHCCD.a(fat_common.o)
                0x20013214                _f_getvolume
 .text.fn_createdriver
                0x2001350c      0x118 C:/HOOPOE3/satellite-subsystems/demo/../..//hal/hcc/lib\libHCCD.a(fat_common.o)
                0x2001350c                fn_createdriver
 .text.fn_initvolume
                0x20013624      0x12c C:/HOOPOE3/satellite-subsystems/demo/../..//hal/hcc/lib\libHCCD.a(fat_common.o)
                0x20013624                fn_initvolume
 .text.fn_initvolumepartition_sub
                0x20013750       0xe0 C:/HOOPOE3/satellite-subsystems/demo/../..//hal/hcc/lib\libHCCD.a(fat_common.o)
 .text.fn_initvolumepartition
                0x20013830       0xac C:/HOOPOE3/satellite-subsystems/demo/../..//hal/hcc/lib\libHCCD.a(fat_common.o)
                0x20013830                fn_initvolumepartition
 .text._f_clustertopos
                0x200138dc       0xf8 C:/HOOPOE3/satellite-subsystems/demo/../..//hal/hcc/lib\libHCCD.a(fat_common.o)
                0x200138dc                _f_clustertopos
 .text._f_getcurrsector
                0x200139d4      0x6c8 C:/HOOPOE3/satellite-subsystems/demo/../..//hal/hcc/lib\libHCCD.a(fat_common.o)
                0x200139d4                _f_getcurrsector
 .text._f_getdecluster
                0x2001409c       0x90 C:/HOOPOE3/satellite-subsystems/demo/../..//hal/hcc/lib\libHCCD.a(fat_common.o)
                0x2001409c                _f_getdecluster
 .text._f_setdecluster
                0x2001412c       0x8c C:/HOOPOE3/satellite-subsystems/demo/../..//hal/hcc/lib\libHCCD.a(fat_common.o)
                0x2001412c                _f_setdecluster
 .text.fn_getdrive
                0x200141b8       0x30 C:/HOOPOE3/satellite-subsystems/demo/../..//hal/hcc/lib\libHCCD.a(fat_common.o)
                0x200141b8                fn_getdrive
 .text._f_getcurrenttimedate
                0x200141e8      0x138 C:/HOOPOE3/satellite-subsystems/demo/../..//hal/hcc/lib\libHCCD.a(fat_common.o)
                0x200141e8                _f_getcurrenttimedate
 .text._f_initentry
                0x20014320       0xa0 C:/HOOPOE3/satellite-subsystems/demo/../..//hal/hcc/lib\libHCCD.a(fat_common.o)
                0x20014320                _f_initentry
 .text._f_alloccluster
                0x200143c0      0x344 C:/HOOPOE3/satellite-subsystems/demo/../..//hal/hcc/lib\libHCCD.a(fat_common.o)
                0x200143c0                _f_alloccluster
 .text._f_dobadblock
                0x20014704      0x2cc C:/HOOPOE3/satellite-subsystems/demo/../..//hal/hcc/lib\libHCCD.a(fat_common.o)
                0x20014704                _f_dobadblock
 .text._f_checklocked
                0x200149d0       0xe4 C:/HOOPOE3/satellite-subsystems/demo/../..//hal/hcc/lib\libHCCD.a(fat_common.o)
                0x200149d0                _f_checklocked
 .text._f_checkappendlocked
                0x20014ab4      0x110 C:/HOOPOE3/satellite-subsystems/demo/../..//hal/hcc/lib\libHCCD.a(fat_common.o)
                0x20014ab4                _f_checkappendlocked
 .text._f_setsyncafile
                0x20014bc4      0x114 C:/HOOPOE3/satellite-subsystems/demo/../..//hal/hcc/lib\libHCCD.a(fat_common.o)
                0x20014bc4                _f_setsyncafile
 .text._f_syncfiles
                0x20014cd8      0x128 C:/HOOPOE3/satellite-subsystems/demo/../..//hal/hcc/lib\libHCCD.a(fat_common.o)
                0x20014cd8                _f_syncfiles
 .text._f_syncfilescontent
                0x20014e00      0x15c C:/HOOPOE3/satellite-subsystems/demo/../..//hal/hcc/lib\libHCCD.a(fat_common.o)
 .text.fn_getfreespace
                0x20014f5c      0x4c0 C:/HOOPOE3/satellite-subsystems/demo/../..//hal/hcc/lib\libHCCD.a(fat_common.o)
                0x20014f5c                fn_getfreespace
 .text._f_emptywritecache
                0x2001541c      0x4a4 C:/HOOPOE3/satellite-subsystems/demo/../..//hal/hcc/lib\libHCCD.a(fat_common.o)
 .text._f_allocnextcluster
                0x200158c0      0x54c C:/HOOPOE3/satellite-subsystems/demo/../..//hal/hcc/lib\libHCCD.a(fat_common.o)
 .text._f_emptywritebuffer
                0x20015e0c      0x20c C:/HOOPOE3/satellite-subsystems/demo/../..//hal/hcc/lib\libHCCD.a(fat_common.o)
 .text._f_writezeros
                0x20016018       0xf0 C:/HOOPOE3/satellite-subsystems/demo/../..//hal/hcc/lib\libHCCD.a(fat_common.o)
                0x20016018                _f_writezeros
 .text._f_extend_file
                0x20016108      0x570 C:/HOOPOE3/satellite-subsystems/demo/../..//hal/hcc/lib\libHCCD.a(fat_common.o)
 .text._f_fseek
                0x20016678      0x9bc C:/HOOPOE3/satellite-subsystems/demo/../..//hal/hcc/lib\libHCCD.a(fat_common.o)
                0x20016678                _f_fseek
 .text._f_removechain
                0x20017034      0x104 C:/HOOPOE3/satellite-subsystems/demo/../..//hal/hcc/lib\libHCCD.a(fat_common.o)
                0x20017034                _f_removechain
 .text._f_updatefileentry
                0x20017138      0x1cc C:/HOOPOE3/satellite-subsystems/demo/../..//hal/hcc/lib\libHCCD.a(fat_common.o)
 .text._f_checkreadlocked
                0x20017304      0x1bc C:/HOOPOE3/satellite-subsystems/demo/../..//hal/hcc/lib\libHCCD.a(fat_common.o)
                0x20017304                _f_checkreadlocked
 .text._f_check_handle
                0x200174c0       0x98 C:/HOOPOE3/satellite-subsystems/demo/../..//hal/hcc/lib\libHCCD.a(fat_common.o)
                0x200174c0                _f_check_handle
 .text._f_removesyncafile
                0x20017558      0x1ec C:/HOOPOE3/satellite-subsystems/demo/../..//hal/hcc/lib\libHCCD.a(fat_common.o)
 .text.fn_close
                0x20017744      0x3f8 C:/HOOPOE3/satellite-subsystems/demo/../..//hal/hcc/lib\libHCCD.a(fat_common.o)
                0x20017744                fn_close
 .text.fn_flush
                0x20017b3c      0x374 C:/HOOPOE3/satellite-subsystems/demo/../..//hal/hcc/lib\libHCCD.a(fat_common.o)
                0x20017b3c                fn_flush
 .text._f_abortwrite
                0x20017eb0      0x100 C:/HOOPOE3/satellite-subsystems/demo/../..//hal/hcc/lib\libHCCD.a(fat_common.o)
 .text._f_checkwritecluster
                0x20017fb0       0xe4 C:/HOOPOE3/satellite-subsystems/demo/../..//hal/hcc/lib\libHCCD.a(fat_common.o)
 .text.fn_write
                0x20018094      0x8a8 C:/HOOPOE3/satellite-subsystems/demo/../..//hal/hcc/lib\libHCCD.a(fat_common.o)
                0x20018094                fn_write
 .text.f_enterFS
                0x2001893c      0x1c0 C:/HOOPOE3/satellite-subsystems/demo/../..//hal/hcc/lib\libHCCD.a(fat_common.o)
                0x2001893c                f_enterFS
 .text.f_releaseFS
                0x20018afc       0xb0 C:/HOOPOE3/satellite-subsystems/demo/../..//hal/hcc/lib\libHCCD.a(fat_common.o)
                0x20018afc                f_releaseFS
 .text.fnGetTask
                0x20018bac       0xfc C:/HOOPOE3/satellite-subsystems/demo/../..//hal/hcc/lib\libHCCD.a(fat_common.o)
                0x20018bac                fnGetTask
 .text._f_mutex_get
                0x20018ca8       0x98 C:/HOOPOE3/satellite-subsystems/demo/../..//hal/hcc/lib\libHCCD.a(fat_common.o)
                0x20018ca8                _f_mutex_get
 .text._f_mutex_put
                0x20018d40       0x54 C:/HOOPOE3/satellite-subsystems/demo/../..//hal/hcc/lib\libHCCD.a(fat_common.o)
                0x20018d40                _f_mutex_put
 .text._fn_initseekdivisor
                0x20018d94      0x158 C:/HOOPOE3/satellite-subsystems/demo/../..//hal/hcc/lib\libHCCD.a(fat_common.o)
                0x20018d94                _fn_initseekdivisor
 .text._fn_updateseekpos
                0x20018eec       0xc4 C:/HOOPOE3/satellite-subsystems/demo/../..//hal/hcc/lib\libHCCD.a(fat_common.o)
 .text._f_findopensize
                0x20018fb0       0x2c C:/HOOPOE3/satellite-subsystems/demo/../..//hal/hcc/lib\libHCCD.a(fat_common.o)
                0x20018fb0                _f_findopensize
 .text.fn_setlasterror
                0x20018fdc       0x34 C:/HOOPOE3/satellite-subsystems/demo/../..//hal/hcc/lib\libHCCD.a(fat_common.o)
                0x20018fdc                fn_setlasterror
 .text.fn_setlasterror_noret
                0x20019010       0x2c C:/HOOPOE3/satellite-subsystems/demo/../..//hal/hcc/lib\libHCCD.a(fat_common.o)
                0x20019010                fn_setlasterror_noret
 .text.fm_initvolume
                0x2001903c       0x70 C:/HOOPOE3/satellite-subsystems/demo/../..//hal/hcc/lib\libHCCD.a(fat_m.o)
                0x2001903c                fm_initvolume
 .text.fm_getdrive
                0x200190ac       0x70 C:/HOOPOE3/satellite-subsystems/demo/../..//hal/hcc/lib\libHCCD.a(fat_m.o)
                0x200190ac                fm_getdrive
 .text.fm_getfreespace
                0x2001911c       0x68 C:/HOOPOE3/satellite-subsystems/demo/../..//hal/hcc/lib\libHCCD.a(fat_m.o)
                0x2001911c                fm_getfreespace
 .text.fm_findfirst
                0x20019184       0x68 C:/HOOPOE3/satellite-subsystems/demo/../..//hal/hcc/lib\libHCCD.a(fat_m.o)
                0x20019184                fm_findfirst
 .text.fm_findnext
                0x200191ec       0x60 C:/HOOPOE3/satellite-subsystems/demo/../..//hal/hcc/lib\libHCCD.a(fat_m.o)
                0x200191ec                fm_findnext
 .text.fm_close
                0x2001924c       0x60 C:/HOOPOE3/satellite-subsystems/demo/../..//hal/hcc/lib\libHCCD.a(fat_m.o)
                0x2001924c                fm_close
 .text.fm_flush
                0x200192ac       0x60 C:/HOOPOE3/satellite-subsystems/demo/../..//hal/hcc/lib\libHCCD.a(fat_m.o)
                0x200192ac                fm_flush
 .text.fm_open  0x2001930c       0x68 C:/HOOPOE3/satellite-subsystems/demo/../..//hal/hcc/lib\libHCCD.a(fat_m.o)
                0x2001930c                fm_open
 .text.fm_write
                0x20019374       0x7c C:/HOOPOE3/satellite-subsystems/demo/../..//hal/hcc/lib\libHCCD.a(fat_m.o)
                0x20019374                fm_write
 .text.fm_delete
                0x200193f0       0x64 C:/HOOPOE3/satellite-subsystems/demo/../..//hal/hcc/lib\libHCCD.a(fat_m.o)
                0x200193f0                fm_delete
 .text._s_checkzeroclusteratend
                0x20019454       0xf8 C:/HOOPOE3/satellite-subsystems/demo/../..//hal/hcc/lib\libHCCD.a(safefat.o)
 .text._s_clearclustercontent
                0x2001954c      0x108 C:/HOOPOE3/satellite-subsystems/demo/../..//hal/hcc/lib\libHCCD.a(safefat.o)
 .text._s_clearclustercontentdir
                0x20019654      0x19c C:/HOOPOE3/satellite-subsystems/demo/../..//hal/hcc/lib\libHCCD.a(safefat.o)
 .text._s_writedirsector
                0x200197f0       0xd0 C:/HOOPOE3/satellite-subsystems/demo/../..//hal/hcc/lib\libHCCD.a(safefat.o)
 .text._s_getdirsector
                0x200198c0      0x100 C:/HOOPOE3/satellite-subsystems/demo/../..//hal/hcc/lib\libHCCD.a(safefat.o)
 .text._s_addentry
                0x200199c0      0x394 C:/HOOPOE3/satellite-subsystems/demo/../..//hal/hcc/lib\libHCCD.a(safefat.o)
 .text._s_findfile
                0x20019d54      0x33c C:/HOOPOE3/satellite-subsystems/demo/../..//hal/hcc/lib\libHCCD.a(safefat.o)
 .text._s_findsubdir
                0x2001a090      0x248 C:/HOOPOE3/satellite-subsystems/demo/../..//hal/hcc/lib\libHCCD.a(safefat.o)
 .text._s_createfile
                0x2001a2d8      0x190 C:/HOOPOE3/satellite-subsystems/demo/../..//hal/hcc/lib\libHCCD.a(safefat.o)
 .text._s_findsaffile
                0x2001a468      0x1b8 C:/HOOPOE3/satellite-subsystems/demo/../..//hal/hcc/lib\libHCCD.a(safefat.o)
 .text._s_open  0x2001a620       0xe4 C:/HOOPOE3/satellite-subsystems/demo/../..//hal/hcc/lib\libHCCD.a(safefat.o)
 .text._s_open_saf
                0x2001a704       0xe8 C:/HOOPOE3/satellite-subsystems/demo/../..//hal/hcc/lib\libHCCD.a(safefat.o)
 .text._s_flush
                0x2001a7ec       0x84 C:/HOOPOE3/satellite-subsystems/demo/../..//hal/hcc/lib\libHCCD.a(safefat.o)
 .text._s_allocnextcluster
                0x2001a870      0x13c C:/HOOPOE3/satellite-subsystems/demo/../..//hal/hcc/lib\libHCCD.a(safefat.o)
 .text._s_getnextsector
                0x2001a9ac       0xdc C:/HOOPOE3/satellite-subsystems/demo/../..//hal/hcc/lib\libHCCD.a(safefat.o)
 .text._s_seek  0x2001aa88      0x1e8 C:/HOOPOE3/satellite-subsystems/demo/../..//hal/hcc/lib\libHCCD.a(safefat.o)
 .text._s_read  0x2001ac70      0x228 C:/HOOPOE3/satellite-subsystems/demo/../..//hal/hcc/lib\libHCCD.a(safefat.o)
 .text._s_write
                0x2001ae98      0x384 C:/HOOPOE3/satellite-subsystems/demo/../..//hal/hcc/lib\libHCCD.a(safefat.o)
 .text._s_restoreclusters
                0x2001b21c      0x270 C:/HOOPOE3/satellite-subsystems/demo/../..//hal/hcc/lib\libHCCD.a(safefat.o)
                0x2001b21c                _s_restoreclusters
 .text._s_findrestore
                0x2001b48c      0x18c C:/HOOPOE3/satellite-subsystems/demo/../..//hal/hcc/lib\libHCCD.a(safefat.o)
 .text._s_cmd_writede
                0x2001b618       0xd8 C:/HOOPOE3/satellite-subsystems/demo/../..//hal/hcc/lib\libHCCD.a(safefat.o)
 .text._s_cmd_setcluster
                0x2001b6f0       0x88 C:/HOOPOE3/satellite-subsystems/demo/../..//hal/hcc/lib\libHCCD.a(safefat.o)
 .text._s_cmd_deletechain
                0x2001b778      0x100 C:/HOOPOE3/satellite-subsystems/demo/../..//hal/hcc/lib\libHCCD.a(safefat.o)
 .text._s_cmd_validatecfn
                0x2001b878      0x308 C:/HOOPOE3/satellite-subsystems/demo/../..//hal/hcc/lib\libHCCD.a(safefat.o)
 .text._s_cmd_seteof
                0x2001bb80      0x3c4 C:/HOOPOE3/satellite-subsystems/demo/../..//hal/hcc/lib\libHCCD.a(safefat.o)
 .text.safe_docommands
                0x2001bf44      0x56c C:/HOOPOE3/satellite-subsystems/demo/../..//hal/hcc/lib\libHCCD.a(safefat.o)
                0x2001bf44                safe_docommands
 .text.safe_entercommand
                0x2001c4b0       0x68 C:/HOOPOE3/satellite-subsystems/demo/../..//hal/hcc/lib\libHCCD.a(safefat.o)
                0x2001c4b0                safe_entercommand
 .text.safe_ready
                0x2001c518       0xf4 C:/HOOPOE3/satellite-subsystems/demo/../..//hal/hcc/lib\libHCCD.a(safefat.o)
                0x2001c518                safe_ready
 .text.safe_copycfn
                0x2001c60c       0xb8 C:/HOOPOE3/satellite-subsystems/demo/../..//hal/hcc/lib\libHCCD.a(safefat.o)
                0x2001c60c                safe_copycfn
 .text.safe_cfremove
                0x2001c6c4       0xb8 C:/HOOPOE3/satellite-subsystems/demo/../..//hal/hcc/lib\libHCCD.a(safefat.o)
                0x2001c6c4                safe_cfremove
 .text.safe_writede
                0x2001c77c      0x104 C:/HOOPOE3/satellite-subsystems/demo/../..//hal/hcc/lib\libHCCD.a(safefat.o)
                0x2001c77c                safe_writede
 .text.safe_setcluster
                0x2001c880       0xcc C:/HOOPOE3/satellite-subsystems/demo/../..//hal/hcc/lib\libHCCD.a(safefat.o)
                0x2001c880                safe_setcluster
 .text.safe_deletechain
                0x2001c94c      0x1c8 C:/HOOPOE3/satellite-subsystems/demo/../..//hal/hcc/lib\libHCCD.a(safefat.o)
                0x2001c94c                safe_deletechain
 .text.safe_cfclose
                0x2001cb14      0x104 C:/HOOPOE3/satellite-subsystems/demo/../..//hal/hcc/lib\libHCCD.a(safefat.o)
                0x2001cb14                safe_cfclose
 .text.safe_cfflush
                0x2001cc18      0x124 C:/HOOPOE3/satellite-subsystems/demo/../..//hal/hcc/lib\libHCCD.a(safefat.o)
                0x2001cc18                safe_cfflush
 .text.safe_reset
                0x2001cd3c       0x78 C:/HOOPOE3/satellite-subsystems/demo/../..//hal/hcc/lib\libHCCD.a(safefat.o)
                0x2001cd3c                safe_reset
 .text.safe_loadcommands
                0x2001cdb4       0x78 C:/HOOPOE3/satellite-subsystems/demo/../..//hal/hcc/lib\libHCCD.a(safefat.o)
                0x2001cdb4                safe_loadcommands
 .text.safe_poweron
                0x2001ce2c      0x1fc C:/HOOPOE3/satellite-subsystems/demo/../..//hal/hcc/lib\libHCCD.a(safefat.o)
                0x2001ce2c                safe_poweron
 .text.cf_getname
                0x2001d028       0xc0 C:/HOOPOE3/satellite-subsystems/demo/../..//hal/hcc/lib\libHCCD.a(safefat.o)
 .text.cf_copyclusterchain
                0x2001d0e8      0x138 C:/HOOPOE3/satellite-subsystems/demo/../..//hal/hcc/lib\libHCCD.a(safefat.o)
 .text.cf_seektozero
                0x2001d220       0x94 C:/HOOPOE3/satellite-subsystems/demo/../..//hal/hcc/lib\libHCCD.a(safefat.o)
                0x2001d220                cf_seektozero
 .text.cf_create
                0x2001d2b4      0x3a8 C:/HOOPOE3/satellite-subsystems/demo/../..//hal/hcc/lib\libHCCD.a(safefat.o)
                0x2001d2b4                cf_create
 .text.cf_copyclustercontent
                0x2001d65c      0x128 C:/HOOPOE3/satellite-subsystems/demo/../..//hal/hcc/lib\libHCCD.a(safefat.o)
                0x2001d65c                cf_copyclustercontent
 .text.cf_copycfn
                0x2001d784      0x4bc C:/HOOPOE3/satellite-subsystems/demo/../..//hal/hcc/lib\libHCCD.a(safefat.o)
                0x2001d784                cf_copycfn
 .text.cf_remove
                0x2001dc40      0x344 C:/HOOPOE3/satellite-subsystems/demo/../..//hal/hcc/lib\libHCCD.a(safefat.o)
                0x2001dc40                cf_remove
 .text.cf_setclusternew
                0x2001df84       0xf0 C:/HOOPOE3/satellite-subsystems/demo/../..//hal/hcc/lib\libHCCD.a(safefat.o)
                0x2001df84                cf_setclusternew
 .text.cf_flush
                0x2001e074       0x58 C:/HOOPOE3/satellite-subsystems/demo/../..//hal/hcc/lib\libHCCD.a(safefat.o)
                0x2001e074                cf_flush
 .text.cf_getcluster
                0x2001e0cc      0x1b4 C:/HOOPOE3/satellite-subsystems/demo/../..//hal/hcc/lib\libHCCD.a(safefat.o)
                0x2001e0cc                cf_getcluster
 .text.cf_setnextcluster
                0x2001e280      0x194 C:/HOOPOE3/satellite-subsystems/demo/../..//hal/hcc/lib\libHCCD.a(safefat.o)
                0x2001e280                cf_setnextcluster
 .text.cf_getpositions
                0x2001e414       0xbc C:/HOOPOE3/satellite-subsystems/demo/../..//hal/hcc/lib\libHCCD.a(safefat.o)
                0x2001e414                cf_getpositions
 .text.cf_setpositions
                0x2001e4d0       0xb0 C:/HOOPOE3/satellite-subsystems/demo/../..//hal/hcc/lib\libHCCD.a(safefat.o)
                0x2001e4d0                cf_setpositions
 .text.cf_opensyncafile
                0x2001e580      0x150 C:/HOOPOE3/satellite-subsystems/demo/../..//hal/hcc/lib\libHCCD.a(safefat.o)
                0x2001e580                cf_opensyncafile
 .text.cf_reloadcfo
                0x2001e6d0       0xd8 C:/HOOPOE3/satellite-subsystems/demo/../..//hal/hcc/lib\libHCCD.a(safefat.o)
                0x2001e6d0                cf_reloadcfo
 .text.mcipdc_cmd
                0x2001e7a8      0x22c C:/HOOPOE3/satellite-subsystems/demo/../..//hal/hcc/lib\libHCCD.a(atmel_mcipdc.o)
 .text.mcipdc_stop
                0x2001e9d4       0xfc C:/HOOPOE3/satellite-subsystems/demo/../..//hal/hcc/lib\libHCCD.a(atmel_mcipdc.o)
                0x2001e9d4                mcipdc_stop
 .text.mcipdc_read
                0x2001ead0      0x27c C:/HOOPOE3/satellite-subsystems/demo/../..//hal/hcc/lib\libHCCD.a(atmel_mcipdc.o)
 .text.mcipdc_write
                0x2001ed4c      0x298 C:/HOOPOE3/satellite-subsystems/demo/../..//hal/hcc/lib\libHCCD.a(atmel_mcipdc.o)
 .text.mcipdc_readsector
                0x2001efe4       0x9c C:/HOOPOE3/satellite-subsystems/demo/../..//hal/hcc/lib\libHCCD.a(atmel_mcipdc.o)
                0x2001efe4                mcipdc_readsector
 .text.mcipdc_readmultiplesector
                0x2001f080      0x124 C:/HOOPOE3/satellite-subsystems/demo/../..//hal/hcc/lib\libHCCD.a(atmel_mcipdc.o)
                0x2001f080                mcipdc_readmultiplesector
 .text.mcipdc_writesector
                0x2001f1a4       0x90 C:/HOOPOE3/satellite-subsystems/demo/../..//hal/hcc/lib\libHCCD.a(atmel_mcipdc.o)
                0x2001f1a4                mcipdc_writesector
 .text.mcipdc_writemultiplesector
                0x2001f234      0x120 C:/HOOPOE3/satellite-subsystems/demo/../..//hal/hcc/lib\libHCCD.a(atmel_mcipdc.o)
                0x2001f234                mcipdc_writemultiplesector
 .text.mcipdc_set_speed
                0x2001f354       0xb0 C:/HOOPOE3/satellite-subsystems/demo/../..//hal/hcc/lib\libHCCD.a(atmel_mcipdc.o)
 .text.mcipdc_get_speed
                0x2001f404       0x48 C:/HOOPOE3/satellite-subsystems/demo/../..//hal/hcc/lib\libHCCD.a(atmel_mcipdc.o)
 .text._get_csd_bits
                0x2001f44c      0x14c C:/HOOPOE3/satellite-subsystems/demo/../..//hal/hcc/lib\libHCCD.a(atmel_mcipdc.o)
 .text.mcipdc_initcard
                0x2001f598      0x8f4 C:/HOOPOE3/satellite-subsystems/demo/../..//hal/hcc/lib\libHCCD.a(atmel_mcipdc.o)
 .text.mcipdc_getstatus
                0x2001fe8c       0xe8 C:/HOOPOE3/satellite-subsystems/demo/../..//hal/hcc/lib\libHCCD.a(atmel_mcipdc.o)
 .text.mcipdc_getphy
                0x2001ff74       0x90 C:/HOOPOE3/satellite-subsystems/demo/../..//hal/hcc/lib\libHCCD.a(atmel_mcipdc.o)
 .text.mcipdc_release
                0x20020004       0x50 C:/HOOPOE3/satellite-subsystems/demo/../..//hal/hcc/lib\libHCCD.a(atmel_mcipdc.o)
 .text.atmel_mcipdc_initfunc
                0x20020054      0x160 C:/HOOPOE3/satellite-subsystems/demo/../..//hal/hcc/lib\libHCCD.a(atmel_mcipdc.o)
                0x20020054                atmel_mcipdc_initfunc
 .text.oal_mutex_create
                0x200201b4       0x54 C:/HOOPOE3/satellite-subsystems/demo/../..//hal/hcc/lib\libHCCD.a(oalp_mutex.o)
                0x200201b4                oal_mutex_create
 .text.oal_mutex_delete
                0x20020208       0x30 C:/HOOPOE3/satellite-subsystems/demo/../..//hal/hcc/lib\libHCCD.a(oalp_mutex.o)
                0x20020208                oal_mutex_delete
 .text.oal_mutex_get
                0x20020238       0x58 C:/HOOPOE3/satellite-subsystems/demo/../..//hal/hcc/lib\libHCCD.a(oalp_mutex.o)
                0x20020238                oal_mutex_get
 .text.oal_mutex_put
                0x20020290       0x58 C:/HOOPOE3/satellite-subsystems/demo/../..//hal/hcc/lib\libHCCD.a(oalp_mutex.o)
                0x20020290                oal_mutex_put
 .text.oal_task_get_id
                0x200202e8       0x18 C:/HOOPOE3/satellite-subsystems/demo/../..//hal/hcc/lib\libHCCD.a(oalp_task.o)
                0x200202e8                oal_task_get_id
 .text.mcipdc_hw_init
                0x20020300       0xe8 C:/HOOPOE3/satellite-subsystems/demo/../..//hal/hcc/lib\libHCCD.a(atmel_mcipdc_hw.o)
                0x20020300                mcipdc_hw_init
 .text.mcipdc_hw_delete
                0x200203e8       0x78 C:/HOOPOE3/satellite-subsystems/demo/../..//hal/hcc/lib\libHCCD.a(atmel_mcipdc_hw.o)
                0x200203e8                mcipdc_hw_delete
 .text.mcipdc_hw_card_plugged
                0x20020460       0x1c C:/HOOPOE3/satellite-subsystems/demo/../..//hal/hcc/lib\libHCCD.a(atmel_mcipdc_hw.o)
                0x20020460                mcipdc_hw_card_plugged
 .text.mcipdc_hw_card_writeprotect
                0x2002047c       0x1c C:/HOOPOE3/satellite-subsystems/demo/../..//hal/hcc/lib\libHCCD.a(atmel_mcipdc_hw.o)
                0x2002047c                mcipdc_hw_card_writeprotect
 .text.psp_getcurrenttimedate
                0x20020498       0x8c C:/HOOPOE3/satellite-subsystems/demo/../..//hal/hcc/lib\libHCCD.a(psp_rtc.o)
                0x20020498                psp_getcurrenttimedate
 .text._hcc_get_buf_dsc
                0x20020524       0x8c C:/HOOPOE3/satellite-subsystems/demo/../..//hal/hcc/lib\libHCCD.a(hcc_mem.o)
 .text._hcc_check_free_pages
                0x200205b0      0x18c C:/HOOPOE3/satellite-subsystems/demo/../..//hal/hcc/lib\libHCCD.a(hcc_mem.o)
 .text._hcc_mark_pages
                0x2002073c      0x158 C:/HOOPOE3/satellite-subsystems/demo/../..//hal/hcc/lib\libHCCD.a(hcc_mem.o)
 .text._hcc_clear_lock_dsc
                0x20020894       0x80 C:/HOOPOE3/satellite-subsystems/demo/../..//hal/hcc/lib\libHCCD.a(hcc_mem.o)
 .text._hcc_lock_access
                0x20020914      0x128 C:/HOOPOE3/satellite-subsystems/demo/../..//hal/hcc/lib\libHCCD.a(hcc_mem.o)
 .text._hcc_unlock_access
                0x20020a3c       0x30 C:/HOOPOE3/satellite-subsystems/demo/../..//hal/hcc/lib\libHCCD.a(hcc_mem.o)
 .text.hcc_mem_alloc
                0x20020a6c      0x454 C:/HOOPOE3/satellite-subsystems/demo/../..//hal/hcc/lib\libHCCD.a(hcc_mem.o)
                0x20020a6c                hcc_mem_alloc
 .text.hcc_mem_free
                0x20020ec0      0x178 C:/HOOPOE3/satellite-subsystems/demo/../..//hal/hcc/lib\libHCCD.a(hcc_mem.o)
                0x20020ec0                hcc_mem_free
 .text.hcc_mem_add
                0x20021038      0x3b0 C:/HOOPOE3/satellite-subsystems/demo/../..//hal/hcc/lib\libHCCD.a(hcc_mem.o)
                0x20021038                hcc_mem_add
 .text.hcc_mem_init
                0x200213e8      0x164 C:/HOOPOE3/satellite-subsystems/demo/../..//hal/hcc/lib\libHCCD.a(hcc_mem.o)
                0x200213e8                hcc_mem_init
 .text._f_invalidatedir
                0x2002154c       0x28 C:/HOOPOE3/satellite-subsystems/demo/../..//hal/hcc/lib\libHCCD.a(fat.o)
                0x2002154c                _f_invalidatedir
 .text._f_getdirsector
                0x20021574       0x88 C:/HOOPOE3/satellite-subsystems/demo/../..//hal/hcc/lib\libHCCD.a(fat.o)
                0x20021574                _f_getdirsector
 .text._f_writedirsector
                0x200215fc       0x74 C:/HOOPOE3/satellite-subsystems/demo/../..//hal/hcc/lib\libHCCD.a(fat.o)
                0x200215fc                _f_writedirsector
 .text._f_checknameinv
                0x20021670      0x180 C:/HOOPOE3/satellite-subsystems/demo/../..//hal/hcc/lib\libHCCD.a(fat.o)
 .text._f_checkname
                0x200217f0       0x7c C:/HOOPOE3/satellite-subsystems/demo/../..//hal/hcc/lib\libHCCD.a(fat.o)
 .text._f_checknamewc
                0x2002186c       0xf8 C:/HOOPOE3/satellite-subsystems/demo/../..//hal/hcc/lib\libHCCD.a(fat.o)
 .text._f_setnameext
                0x20021964      0x300 C:/HOOPOE3/satellite-subsystems/demo/../..//hal/hcc/lib\libHCCD.a(fat.o)
 .text._f_setfsname
                0x20021c64      0x584 C:/HOOPOE3/satellite-subsystems/demo/../..//hal/hcc/lib\libHCCD.a(fat.o)
 .text._f_findfile
                0x200221e8      0x30c C:/HOOPOE3/satellite-subsystems/demo/../..//hal/hcc/lib\libHCCD.a(fat.o)
 .text._f_cmp_wname
                0x200224f4      0x274 C:/HOOPOE3/satellite-subsystems/demo/../..//hal/hcc/lib\libHCCD.a(fat.o)
 .text._f_to_string
                0x20022768      0x130 C:/HOOPOE3/satellite-subsystems/demo/../..//hal/hcc/lib\libHCCD.a(fat.o)
 .text._f_findfilewc
                0x20022898      0x278 C:/HOOPOE3/satellite-subsystems/demo/../..//hal/hcc/lib\libHCCD.a(fat.o)
 .text._f_getfilename
                0x20022b10      0x20c C:/HOOPOE3/satellite-subsystems/demo/../..//hal/hcc/lib\libHCCD.a(fat.o)
 .text._f_findpath
                0x20022d1c      0x35c C:/HOOPOE3/satellite-subsystems/demo/../..//hal/hcc/lib\libHCCD.a(fat.o)
 .text.fn_getdcwd
                0x20023078      0x1e0 C:/HOOPOE3/satellite-subsystems/demo/../..//hal/hcc/lib\libHCCD.a(fat.o)
                0x20023078                fn_getdcwd
 .text.fn_findfirst
                0x20023258      0x13c C:/HOOPOE3/satellite-subsystems/demo/../..//hal/hcc/lib\libHCCD.a(fat.o)
                0x20023258                fn_findfirst
 .text.fn_findnext
                0x20023394      0x360 C:/HOOPOE3/satellite-subsystems/demo/../..//hal/hcc/lib\libHCCD.a(fat.o)
                0x20023394                fn_findnext
 .text._f_lock_resfile
                0x200236f4       0x6c C:/HOOPOE3/satellite-subsystems/demo/../..//hal/hcc/lib\libHCCD.a(fat.o)
 .text._f_unlock_resfile
                0x20023760       0x40 C:/HOOPOE3/satellite-subsystems/demo/../..//hal/hcc/lib\libHCCD.a(fat.o)
 .text._f_getintfile
                0x200237a0      0x124 C:/HOOPOE3/satellite-subsystems/demo/../..//hal/hcc/lib\libHCCD.a(fat.o)
 .text._f_addentry
                0x200238c4      0x540 C:/HOOPOE3/satellite-subsystems/demo/../..//hal/hcc/lib\libHCCD.a(fat.o)
 .text.fn_open_sub
                0x20023e04     0x1698 C:/HOOPOE3/satellite-subsystems/demo/../..//hal/hcc/lib\libHCCD.a(fat.o)
 .text.fn_open  0x2002549c       0x44 C:/HOOPOE3/satellite-subsystems/demo/../..//hal/hcc/lib\libHCCD.a(fat.o)
                0x2002549c                fn_open
 .text.fn_delete
                0x200254e0      0x490 C:/HOOPOE3/satellite-subsystems/demo/../..//hal/hcc/lib\libHCCD.a(fat.o)
                0x200254e0                fn_delete
 .text.hcc_mem_buf_alloc
                0x20025970       0xe4 C:/HOOPOE3/satellite-subsystems/demo/../..//hal/hcc/lib\libHCCD.a(psp_hcc_mem.o)
                0x20025970                hcc_mem_buf_alloc
 .text.validateTransferParameters
                0x20025a54      0x10c C:/HOOPOE3/satellite-subsystems/demo/../..//hal/hal/lib\libHALD.a(I2C.o)
 .text.I2C_queueTransfer
                0x20025b60       0xe8 C:/HOOPOE3/satellite-subsystems/demo/../..//hal/hal/lib\libHALD.a(I2C.o)
                0x20025b60                I2C_queueTransfer
 .text.I2C_internalCallback
                0x20025c48       0x64 C:/HOOPOE3/satellite-subsystems/demo/../..//hal/hal/lib\libHALD.a(I2C.o)
 .text.I2C_doBlockingTransfer
                0x20025cac      0x160 C:/HOOPOE3/satellite-subsystems/demo/../..//hal/hal/lib\libHALD.a(I2C.o)
 .text.I2C_write
                0x20025e0c      0x110 C:/HOOPOE3/satellite-subsystems/demo/../..//hal/hal/lib\libHALD.a(I2C.o)
                0x20025e0c                I2C_write
 .text.I2C_read
                0x20025f1c      0x110 C:/HOOPOE3/satellite-subsystems/demo/../..//hal/hal/lib\libHALD.a(I2C.o)
                0x20025f1c                I2C_read
 .text.I2C_writeRead
                0x2002602c      0x180 C:/HOOPOE3/satellite-subsystems/demo/../..//hal/hal/lib\libHALD.a(I2C.o)
                0x2002602c                I2C_writeRead
 .text.I2C_start
                0x200261ac      0x2e8 C:/HOOPOE3/satellite-subsystems/demo/../..//hal/hal/lib\libHALD.a(I2C.o)
                0x200261ac                I2C_start
 .text.I2C_stop
                0x20026494      0x184 C:/HOOPOE3/satellite-subsystems/demo/../..//hal/hal/lib\libHALD.a(I2C.o)
                0x20026494                I2C_stop
 .text.I2C_setTransferTimeout
                0x20026618       0x48 C:/HOOPOE3/satellite-subsystems/demo/../..//hal/hal/lib\libHALD.a(I2C.o)
                0x20026618                I2C_setTransferTimeout
 .text.clearPDCtransfers
                0x20026660       0xdc C:/HOOPOE3/satellite-subsystems/demo/../..//hal/hal/lib\libHALD.a(SPI.o)
 .text.SPI_start
                0x2002673c      0x4c0 C:/HOOPOE3/satellite-subsystems/demo/../..//hal/hal/lib\libHALD.a(SPI.o)
                0x2002673c                SPI_start
 .text.SPI_stop
                0x20026bfc      0x22c C:/HOOPOE3/satellite-subsystems/demo/../..//hal/hal/lib\libHALD.a(SPI.o)
                0x20026bfc                SPI_stop
 .text.SPI_queueTransfer
                0x20026e28      0x190 C:/HOOPOE3/satellite-subsystems/demo/../..//hal/hal/lib\libHALD.a(SPI.o)
                0x20026e28                SPI_queueTransfer
 .text.SPI_internalCallback
                0x20026fb8       0x64 C:/HOOPOE3/satellite-subsystems/demo/../..//hal/hal/lib\libHALD.a(SPI.o)
 .text.SPI_writeRead
                0x2002701c      0x188 C:/HOOPOE3/satellite-subsystems/demo/../..//hal/hal/lib\libHALD.a(SPI.o)
                0x2002701c                SPI_writeRead
 .text.waitForTransfer
                0x200271a4       0x68 C:/HOOPOE3/satellite-subsystems/demo/../..//hal/hal/lib\libHALD.a(SPI.o)
 .text.SPI_getDriverState
                0x2002720c       0x58 C:/HOOPOE3/satellite-subsystems/demo/../..//hal/hal/lib\libHALD.a(SPI.o)
                0x2002720c                SPI_getDriverState
 .text.FRAM_start
                0x20027264       0xf4 C:/HOOPOE3/satellite-subsystems/demo/../..//hal/hal/lib\libHALD.a(FRAM.o)
                0x20027264                FRAM_start
 .text.FRAM_dummyCallback
                0x20027358       0x24 C:/HOOPOE3/satellite-subsystems/demo/../..//hal/hal/lib\libHALD.a(FRAM.o)
                0x20027358                FRAM_dummyCallback
 .text.FRAM_unlockingCallback
                0x2002737c       0x78 C:/HOOPOE3/satellite-subsystems/demo/../..//hal/hal/lib\libHALD.a(FRAM.o)
                0x2002737c                FRAM_unlockingCallback
 .text.doBlockingTransfer
                0x200273f4       0x88 C:/HOOPOE3/satellite-subsystems/demo/../..//hal/hal/lib\libHALD.a(FRAM.o)
 .text.FRAM_writePacket
                0x2002747c      0x148 C:/HOOPOE3/satellite-subsystems/demo/../..//hal/hal/lib\libHALD.a(FRAM.o)
 .text.FRAM_write
                0x200275c4      0x1c8 C:/HOOPOE3/satellite-subsystems/demo/../..//hal/hal/lib\libHALD.a(FRAM.o)
                0x200275c4                FRAM_write
 .text.FRAM_readPacket
                0x2002778c      0x114 C:/HOOPOE3/satellite-subsystems/demo/../..//hal/hal/lib\libHALD.a(FRAM.o)
 .text.FRAM_read
                0x200278a0      0x1d4 C:/HOOPOE3/satellite-subsystems/demo/../..//hal/hal/lib\libHALD.a(FRAM.o)
                0x200278a0                FRAM_read
 .text.Time_start
                0x20027a74      0x150 C:/HOOPOE3/satellite-subsystems/demo/../..//hal/hal/lib\libHALD.a(Time.o)
                0x20027a74                Time_start
 .text.taskTimeSync
                0x20027bc4       0x38 C:/HOOPOE3/satellite-subsystems/demo/../..//hal/hal/lib\libHALD.a(Time.o)
 .text.Time_set
                0x20027bfc      0x278 C:/HOOPOE3/satellite-subsystems/demo/../..//hal/hal/lib\libHALD.a(Time.o)
                0x20027bfc                Time_set
 .text.Time_isLeapYear
                0x20027e74       0x98 C:/HOOPOE3/satellite-subsystems/demo/../..//hal/hal/lib\libHALD.a(Time.o)
                0x20027e74                Time_isLeapYear
 .text.Time_get
                0x20027f0c      0x410 C:/HOOPOE3/satellite-subsystems/demo/../..//hal/hal/lib\libHALD.a(Time.o)
                0x20027f0c                Time_get
 .text.Time_getUnixEpoch
                0x2002831c       0xf4 C:/HOOPOE3/satellite-subsystems/demo/../..//hal/hal/lib\libHALD.a(Time.o)
                0x2002831c                Time_getUnixEpoch
 .text.secondsOfYearToTime
                0x20028410      0x328 C:/HOOPOE3/satellite-subsystems/demo/../..//hal/hal/lib\libHALD.a(Time.o)
 .text.Time_setUnixEpoch
                0x20028738      0x100 C:/HOOPOE3/satellite-subsystems/demo/../..//hal/hal/lib\libHALD.a(Time.o)
                0x20028738                Time_setUnixEpoch
 .text.Time_sync
                0x20028838      0x2b8 C:/HOOPOE3/satellite-subsystems/demo/../..//hal/hal/lib\libHALD.a(Time.o)
                0x20028838                Time_sync
 .text.Time_syncIfNeeded
                0x20028af0       0x70 C:/HOOPOE3/satellite-subsystems/demo/../..//hal/hal/lib\libHALD.a(Time.o)
                0x20028af0                Time_syncIfNeeded
 .text.Time_setSyncInterval
                0x20028b60       0x38 C:/HOOPOE3/satellite-subsystems/demo/../..//hal/hal/lib\libHALD.a(Time.o)
                0x20028b60                Time_setSyncInterval
 .text.WDT_start
                0x20028b98       0x48 C:/HOOPOE3/satellite-subsystems/demo/../..//hal/hal/lib\libHALD.a(WatchDogTimerNoOS.o)
                0x20028b98                WDT_start
 .text.WDT_startWatchdogKickTask
                0x20028be0       0xb4 C:/HOOPOE3/satellite-subsystems/demo/../..//hal/hal/lib\libHALD.a(WatchDogTimerOS.o)
                0x20028be0                WDT_startWatchdogKickTask
 .text.WDT_forceKickEveryNms
                0x20028c94       0x50 C:/HOOPOE3/satellite-subsystems/demo/../..//hal/hal/lib\libHALD.a(WatchDogTimerOS.o)
                0x20028c94                WDT_forceKickEveryNms
 .text.UTIL_DbguGetInteger
                0x20028ce4      0x124 C:/HOOPOE3/satellite-subsystems/demo/../..//hal/hal/lib\libHALD.a(util.o)
                0x20028ce4                UTIL_DbguGetInteger
 .text.UTIL_DbguGetIntegerMinMax
                0x20028e08       0xa4 C:/HOOPOE3/satellite-subsystems/demo/../..//hal/hal/lib\libHALD.a(util.o)
                0x20028e08                UTIL_DbguGetIntegerMinMax
 .text.LED_glow
                0x20028eac       0x58 C:/HOOPOE3/satellite-subsystems/demo/../..//hal/hal/lib\libHALD.a(LED.o)
                0x20028eac                LED_glow
 .text.LED_dark
                0x20028f04       0x58 C:/HOOPOE3/satellite-subsystems/demo/../..//hal/hal/lib\libHALD.a(LED.o)
                0x20028f04                LED_dark
 .text.LED_toggle
                0x20028f5c       0x50 C:/HOOPOE3/satellite-subsystems/demo/../..//hal/hal/lib\libHALD.a(LED.o)
                0x20028f5c                LED_toggle
 .text.RTC_start
                0x20028fac       0x3c C:/HOOPOE3/satellite-subsystems/demo/../..//hal/hal/lib\libHALD.a(RTC.o)
                0x20028fac                RTC_start
 .text.RTC_setTime
                0x20028fe8      0x2a4 C:/HOOPOE3/satellite-subsystems/demo/../..//hal/hal/lib\libHALD.a(RTC.o)
                0x20028fe8                RTC_setTime
 .text.RTC_getTime
                0x2002928c      0x224 C:/HOOPOE3/satellite-subsystems/demo/../..//hal/hal/lib\libHALD.a(RTC.o)
                0x2002928c                RTC_getTime
 .text.RTC_checkTimeValid
                0x200294b0       0xdc C:/HOOPOE3/satellite-subsystems/demo/../..//hal/hal/lib\libHALD.a(RTC.o)
                0x200294b0                RTC_checkTimeValid
 .text.RTT_start
                0x2002958c       0x24 C:/HOOPOE3/satellite-subsystems/demo/../..//hal/hal/lib\libHALD.a(RTT.o)
                0x2002958c                RTT_start
 .text.xQueueGenericReset
                0x200295b0      0x150 C:/HOOPOE3/satellite-subsystems/demo/../..//hal/freertos/lib\libFreeRTOSD.a(queue.o)
                0x200295b0                xQueueGenericReset
 .text.xQueueGenericCreate
                0x20029700       0xfc C:/HOOPOE3/satellite-subsystems/demo/../..//hal/freertos/lib\libFreeRTOSD.a(queue.o)
                0x20029700                xQueueGenericCreate
 .text.xQueueCreateMutex
                0x200297fc      0x110 C:/HOOPOE3/satellite-subsystems/demo/../..//hal/freertos/lib\libFreeRTOSD.a(queue.o)
                0x200297fc                xQueueCreateMutex
 .text.xQueueGenericSend
                0x2002990c      0x268 C:/HOOPOE3/satellite-subsystems/demo/../..//hal/freertos/lib\libFreeRTOSD.a(queue.o)
                0x2002990c                xQueueGenericSend
 .text.xQueueGenericSendFromISR
                0x20029b74      0x19c C:/HOOPOE3/satellite-subsystems/demo/../..//hal/freertos/lib\libFreeRTOSD.a(queue.o)
                0x20029b74                xQueueGenericSendFromISR
 .text.xQueueGenericReceive
                0x20029d10      0x2cc C:/HOOPOE3/satellite-subsystems/demo/../..//hal/freertos/lib\libFreeRTOSD.a(queue.o)
                0x20029d10                xQueueGenericReceive
 .text.uxQueueMessagesWaiting
                0x20029fdc       0x6c C:/HOOPOE3/satellite-subsystems/demo/../..//hal/freertos/lib\libFreeRTOSD.a(queue.o)
                0x20029fdc                uxQueueMessagesWaiting
 .text.vQueueDelete
                0x2002a048       0x78 C:/HOOPOE3/satellite-subsystems/demo/../..//hal/freertos/lib\libFreeRTOSD.a(queue.o)
                0x2002a048                vQueueDelete
 .text.prvCopyDataToQueue
                0x2002a0c0      0x190 C:/HOOPOE3/satellite-subsystems/demo/../..//hal/freertos/lib\libFreeRTOSD.a(queue.o)
 .text.prvCopyDataFromQueue