Archive member included because of file (symbol)

c:/isis/application/toolchain/bin/../lib/gcc/arm-none-eabi/4.7.4/../../../../arm-none-eabi/lib\libc_s.a(lib_a-vfprintf_float.o)
                              (_printf_float)
c:/isis/application/toolchain/bin/../lib/gcc/arm-none-eabi/4.7.4/../../../../arm-none-eabi/lib\libc_s.a(lib_a-vfprintf_i.o)
                              c:/isis/application/toolchain/bin/../lib/gcc/arm-none-eabi/4.7.4/../../../../arm-none-eabi/lib\libc_s.a(lib_a-vfprintf_float.o) (_printf_common)
c:/isis/application/toolchain/bin/../lib/gcc/arm-none-eabi/4.7.4/../../../../arm-none-eabi/lib\libc_s.a(lib_a-vfscanf_float.o)
                              (_scanf_float)
c:/isis/application/toolchain/bin/../lib/gcc/arm-none-eabi/4.7.4/../../../../arm-none-eabi/lib\libc_s.a(lib_a-dtoa.o)
                              c:/isis/application/toolchain/bin/../lib/gcc/arm-none-eabi/4.7.4/../../../../arm-none-eabi/lib\libc_s.a(lib_a-vfprintf_float.o) (_dtoa_r)
c:/isis/application/toolchain/bin/../lib/gcc/arm-none-eabi/4.7.4/../../../../arm-none-eabi/lib\libc_s.a(lib_a-locale.o)
                              c:/isis/application/toolchain/bin/../lib/gcc/arm-none-eabi/4.7.4/../../../../arm-none-eabi/lib\libc_s.a(lib_a-vfprintf_float.o) (_localeconv_r)
c:/isis/application/toolchain/bin/../lib/gcc/arm-none-eabi/4.7.4/../../../../arm-none-eabi/lib\libc_s.a(lib_a-malloc.o)
                              c:/isis/application/toolchain/bin/../lib/gcc/arm-none-eabi/4.7.4/../../../../arm-none-eabi/lib\libc_s.a(lib_a-dtoa.o) (malloc)
c:/isis/application/toolchain/bin/../lib/gcc/arm-none-eabi/4.7.4/../../../../arm-none-eabi/lib\libc_s.a(lib_a-mallocr.o)
                              c:/isis/application/toolchain/bin/../lib/gcc/arm-none-eabi/4.7.4/../../../../arm-none-eabi/lib\libc_s.a(lib_a-malloc.o) (_malloc_r)
c:/isis/application/toolchain/bin/../lib/gcc/arm-none-eabi/4.7.4/../../../../arm-none-eabi/lib\libc_s.a(lib_a-memcpy.o)
                              c:/isis/application/toolchain/bin/../lib/gcc/arm-none-eabi/4.7.4/../../../../arm-none-eabi/lib\libc_s.a(lib_a-dtoa.o) (memcpy)
c:/isis/application/toolchain/bin/../lib/gcc/arm-none-eabi/4.7.4/../../../../arm-none-eabi/lib\libc_s.a(lib_a-mprec.o)
                              c:/isis/application/toolchain/bin/../lib/gcc/arm-none-eabi/4.7.4/../../../../arm-none-eabi/lib\libc_s.a(lib_a-dtoa.o) (_Balloc)
c:/isis/application/toolchain/bin/../lib/gcc/arm-none-eabi/4.7.4/../../../../arm-none-eabi/lib\libc_s.a(lib_a-s_fpclassify.o)
                              c:/isis/application/toolchain/bin/../lib/gcc/arm-none-eabi/4.7.4/../../../../arm-none-eabi/lib\libc_s.a(lib_a-vfprintf_float.o) (__fpclassifyd)
c:/isis/application/toolchain/bin/../lib/gcc/arm-none-eabi/4.7.4/../../../../arm-none-eabi/lib\libc_s.a(lib_a-sbrkr.o)
                              c:/isis/application/toolchain/bin/../lib/gcc/arm-none-eabi/4.7.4/../../../../arm-none-eabi/lib\libc_s.a(lib_a-mallocr.o) (_sbrk_r)
c:/isis/application/toolchain/bin/../lib/gcc/arm-none-eabi/4.7.4/../../../../arm-none-eabi/lib\libc_s.a(lib_a-sf_nan.o)
                              c:/isis/application/toolchain/bin/../lib/gcc/arm-none-eabi/4.7.4/../../../../arm-none-eabi/lib\libc_s.a(lib_a-vfscanf_float.o) (nanf)
c:/isis/application/toolchain/bin/../lib/gcc/arm-none-eabi/4.7.4/../../../../arm-none-eabi/lib\libc_s.a(lib_a-sprintf.o)
                              c:/isis/application/toolchain/bin/../lib/gcc/arm-none-eabi/4.7.4/../../../../arm-none-eabi/lib\libc_s.a(lib_a-vfscanf_float.o) (sprintf)
c:/isis/application/toolchain/bin/../lib/gcc/arm-none-eabi/4.7.4/../../../../arm-none-eabi/lib\libc_s.a(lib_a-strcmp.o)
                              c:/isis/application/toolchain/bin/../lib/gcc/arm-none-eabi/4.7.4/../../../../arm-none-eabi/lib\libc_s.a(lib_a-locale.o) (strcmp)
c:/isis/application/toolchain/bin/../lib/gcc/arm-none-eabi/4.7.4/../../../../arm-none-eabi/lib\libc_s.a(lib_a-strlen.o)
                              c:/isis/application/toolchain/bin/../lib/gcc/arm-none-eabi/4.7.4/../../../../arm-none-eabi/lib\libc_s.a(lib_a-vfprintf_float.o) (strlen)
c:/isis/application/toolchain/bin/../lib/gcc/arm-none-eabi/4.7.4/../../../../arm-none-eabi/lib\libc_s.a(lib_a-strtod.o)
                              c:/isis/application/toolchain/bin/../lib/gcc/arm-none-eabi/4.7.4/../../../../arm-none-eabi/lib\libc_s.a(lib_a-vfscanf_float.o) (_strtod_r)
c:/isis/application/toolchain/bin/../lib/gcc/arm-none-eabi/4.7.4/../../../../arm-none-eabi/lib\libc_s.a(lib_a-strtol.o)
                              c:/isis/application/toolchain/bin/../lib/gcc/arm-none-eabi/4.7.4/../../../../arm-none-eabi/lib\libc_s.a(lib_a-vfscanf_float.o) (_strtol_r)
c:/isis/application/toolchain/bin/../lib/gcc/arm-none-eabi/4.7.4/../../../../arm-none-eabi/lib\libc_s.a(lib_a-svfprintf.o)
                              c:/isis/application/toolchain/bin/../lib/gcc/arm-none-eabi/4.7.4/../../../../arm-none-eabi/lib\libc_s.a(lib_a-sprintf.o) (_svfprintf_r)
[...]
Memory Configuration

Name             Origin             Length             Attributes
sram0            0x00200000         0x00004000         w !xr
sram1            0x00300000         0x00004000         w !xr
sdram            0x20000000         0x02000000         w !xr
*default*        0x00000000         0xffffffff

Linker script and memory map

LOAD c:/isis/application/toolchain/bin/../lib/gcc/arm-none-eabi/4.7.4/../../../../arm-none-eabi/lib\libc_s.a
LOAD ./src/sub-systemCode/payload/Request Management/Dump/Butchering.o
LOAD ./src/sub-systemCode/payload/Request Management/Dump/imageDump.o
LOAD ./src/sub-systemCode/payload/Request Management/CameraManeger.o
LOAD ./src/sub-systemCode/payload/Request Management/DB_RequestHandling.o
LOAD ./src/sub-systemCode/payload/Misc/Boolean_bit.o
LOAD ./src/sub-systemCode/payload/Misc/FileSystem.o
LOAD ./src/sub-systemCode/payload/Drivers/GeckoCameraDriver.o
LOAD ./src/sub-systemCode/payload/DataBase/DataBase.o
LOAD ./src/sub-systemCode/payload/Compression/jpeg/bmp/rawToBMP.o
LOAD ./src/sub-systemCode/payload/Compression/jpeg/DCT.o
LOAD ./src/sub-systemCode/payload/Compression/jpeg/ImgCompressor.o
LOAD ./src/sub-systemCode/payload/Compression/jpeg/color_conv.o
LOAD ./src/sub-systemCode/payload/Compression/jpeg/jpeg.o
LOAD ./src/sub-systemCode/payload/Compression/jpeg/jpeg_encoder.o
LOAD ./src/sub-systemCode/payload/Compression/jpeg/jpeg_memory_alloc.o
LOAD ./src/sub-systemCode/payload/Compression/jpeg/jpeg_params.o
LOAD ./src/sub-systemCode/payload/Compression/jpeg/output_stream.o
LOAD ./src/sub-systemCode/payload/Compression/ImageConversion.o
LOAD ./src/sub-systemCode/Main/CMD/COMM_CMD.o
LOAD ./src/sub-systemCode/Main/CMD/EPS_CMD.o
LOAD ./src/sub-systemCode/Main/CMD/General_CMD.o
LOAD ./src/sub-systemCode/Main/CMD/SW_CMD.o
LOAD ./src/sub-systemCode/Main/CMD/payload_CMD.o
LOAD ./src/sub-systemCode/Main/Ants.o
LOAD ./src/sub-systemCode/Main/EPS.o
LOAD ./src/sub-systemCode/Main/HouseKeeping.o
LOAD ./src/sub-systemCode/Main/Main_Init.o
LOAD ./src/sub-systemCode/Main/commands.o
LOAD ./src/sub-systemCode/Global/Global.o
LOAD ./src/sub-systemCode/Global/GlobalParam.o
LOAD ./src/sub-systemCode/Global/OnlineTM.o
LOAD ./src/sub-systemCode/Global/TLM_management.o
LOAD ./src/sub-systemCode/COMM/APRS.o
LOAD ./src/sub-systemCode/COMM/DelayedCommand_list.o
LOAD ./src/sub-systemCode/COMM/GSC.o
LOAD ./src/sub-systemCode/COMM/TRXVU.o
LOAD ./src/sub-systemCode/ADCS/ADCS.o
LOAD ./src/sub-systemCode/ADCS/Stage_Table.o
LOAD ./src/main.o
LOAD C:/HOOPOE3/satellite-subsystems/demo/..//satellite-subsystems/lib\libSatelliteSubsystemsD.a
LOAD c:/isis/application/toolchain/bin/../lib/gcc/arm-none-eabi/4.7.4/../../../../arm-none-eabi/lib\libm.a
LOAD C:/HOOPOE3/satellite-subsystems/demo/../..//hal/hcc/lib\libHCCD.a
LOAD C:/HOOPOE3/satellite-subsystems/demo/../..//hal/hal/lib\libHALD.a
LOAD C:/HOOPOE3/satellite-subsystems/demo/../..//hal/freertos/lib\libFreeRTOSD.a
LOAD C:/HOOPOE3/satellite-subsystems/demo/../..//hal/at91/lib\libAt91D.a
START GROUP
LOAD c:/isis/application/toolchain/bin/../lib/gcc/arm-none-eabi/4.7.4\libgcc.a
LOAD c:/isis/application/toolchain/bin/../lib/gcc/arm-none-eabi/4.7.4/../../../../arm-none-eabi/lib\libc_s.a
END GROUP

.fixed          0x20000000    0x4e1a8
                0x20000000                . = ALIGN (0x4)
                0x20000000                _sfixed = .
 *(.startup)
 .startup       0x20000000      0x134 C:/HOOPOE3/satellite-subsystems/demo/../..//hal/at91/lib\libAt91D.a(board_cstartup.o)
                0x20000000                entry
 *(.text)
 .text          0x20000134       0x64 C:/HOOPOE3/satellite-subsystems/demo/../..//hal/at91/lib\libAt91D.a(cp15_asm.o)
                0x20000134                _readControlRegister
                0x20000140                _writeControlRegister
                0x20000148                _waitForInterrupt
                0x20000154                _writeTTB
                0x2000015c                _writeDomain
                0x20000164                _writeITLBLockdown
                0x2000016c                _prefetchICacheLine
                0x20000174                _flushDCache
                0x20000180                _flushWriteBuffer
                0x2000018c                _invalidateIDTLBs
 .text          0x20000198      0x114 c:/isis/application/toolchain/bin/../lib/gcc/arm-none-eabi/4.7.4\libgcc.a(_udivsi3.o)
                0x20000198                __aeabi_uidiv
                0x20000198                __udivsi3
                0x2000028c                __aeabi_uidivmod
 .text          0x200002ac      0x148 c:/isis/application/toolchain/bin/../lib/gcc/arm-none-eabi/4.7.4\libgcc.a(_divsi3.o)
                0x200002ac                __divsi3
                0x200002ac                __aeabi_idiv
                0x200003d4                __aeabi_idivmod
 .text          0x200003f4        0x4 c:/isis/application/toolchain/bin/../lib/gcc/arm-none-eabi/4.7.4\libgcc.a(_dvmd_tls.o)
                0x200003f4                __aeabi_idiv0
                0x200003f4                __aeabi_ldiv0
 .text          0x200003f8      0x41c c:/isis/application/toolchain/bin/../lib/gcc/arm-none-eabi/4.7.4\libgcc.a(_arm_addsubdf3.o)
                0x200003f8                __aeabi_drsub
                0x20000400                __aeabi_dsub
                0x20000400                __subdf3
                0x20000404                __aeabi_dadd
                0x20000404                __adddf3
                0x20000714                __floatunsidf
                0x20000714                __aeabi_ui2d
                0x20000738                __floatsidf
                0x20000738                __aeabi_i2d
                0x20000760                __aeabi_f2d
                0x20000760                __extendsfdf2
                0x200007a0                __floatundidf
                0x200007a0                __aeabi_ul2d
                0x200007b4                __floatdidf
                0x200007b4                __aeabi_l2d
 .text          0x20000814      0x49c c:/isis/application/toolchain/bin/../lib/gcc/arm-none-eabi/4.7.4\libgcc.a(_arm_muldivdf3.o)
                0x20000814                __aeabi_dmul
                0x20000814                __muldf3
                0x20000aa4                __divdf3
                0x20000aa4                __aeabi_ddiv
 .text          0x20000cb0      0x144 c:/isis/application/toolchain/bin/../lib/gcc/arm-none-eabi/4.7.4\libgcc.a(_arm_cmpdf2.o)
                0x20000cb0                __gtdf2
                0x20000cb0                __gedf2
                0x20000cb8                __ltdf2
                0x20000cb8                __ledf2
                0x20000cc0                __nedf2
                0x20000cc0                __eqdf2
                0x20000cc0                __cmpdf2
                0x20000d48                __aeabi_cdrcmple
                0x20000d64                __aeabi_cdcmpeq
                0x20000d64                __aeabi_cdcmple
                0x20000d7c                __aeabi_dcmpeq
                0x20000d94                __aeabi_dcmplt
                0x20000dac                __aeabi_dcmple
                0x20000dc4                __aeabi_dcmpge
                0x20000ddc                __aeabi_dcmpgt
 .text          0x20000df4       0x5c c:/isis/application/toolchain/bin/../lib/gcc/arm-none-eabi/4.7.4\libgcc.a(_arm_fixdfsi.o)
                0x20000df4                __aeabi_d2iz
                0x20000df4                __fixdfsi
 .text          0x20000e50       0x54 c:/isis/application/toolchain/bin/../lib/gcc/arm-none-eabi/4.7.4\libgcc.a(_arm_fixunsdfsi.o)
                0x20000e50                __aeabi_d2uiz
                0x20000e50                __fixunsdfsi
 .text          0x20000ea4       0xa0 c:/isis/application/toolchain/bin/../lib/gcc/arm-none-eabi/4.7.4\libgcc.a(_arm_truncdfsf2.o)
                0x20000ea4                __truncdfsf2
                0x20000ea4                __aeabi_d2f
 .text          0x20000f44      0x2ac c:/isis/application/toolchain/bin/../lib/gcc/arm-none-eabi/4.7.4\libgcc.a(_arm_addsubsf3.o)
                0x20000f44                __aeabi_frsub
                0x20000f4c                __subsf3
                0x20000f4c                __aeabi_fsub
                0x20000f50                __aeabi_fadd
                0x20000f50                __addsf3
                0x2000110c                __aeabi_ui2f
                0x2000110c                __floatunsisf
                0x20001114                __aeabi_i2f
                0x20001114                __floatsisf
                0x20001134                __aeabi_ul2f
                0x20001134                __floatundisf
                0x20001144                __aeabi_l2f
                0x20001144                __floatdisf
 .text          0x200011f0      0x2f8 c:/isis/application/toolchain/bin/../lib/gcc/arm-none-eabi/4.7.4\libgcc.a(_arm_muldivsf3.o)
                0x200011f0                __mulsf3
                0x200011f0                __aeabi_fmul
                0x20001388                __aeabi_fdiv
                0x20001388                __divsf3
 .text          0x200014e8       0x5c c:/isis/application/toolchain/bin/../lib/gcc/arm-none-eabi/4.7.4\libgcc.a(_arm_fixsfsi.o)
                0x200014e8                __aeabi_f2iz
                0x200014e8                __fixsfsi
 .text          0x20001544       0x54 c:/isis/application/toolchain/bin/../lib/gcc/arm-none-eabi/4.7.4\libgcc.a(_arm_fixunssfsi.o)
                0x20001544                __fixunssfsi
                0x20001544                __aeabi_f2uiz
 *(.text*)
 .text.__cvt    0x20001598      0x138 c:/isis/application/toolchain/bin/../lib/gcc/arm-none-eabi/4.7.4/../../../../arm-none-eabi/lib\libc_s.a(lib_a-vfprintf_float.o)
                0x20001598                __cvt
 .text.__exponent
                0x200016d0       0xa8 c:/isis/application/toolchain/bin/../lib/gcc/arm-none-eabi/4.7.4/../../../../arm-none-eabi/lib\libc_s.a(lib_a-vfprintf_float.o)
                0x200016d0                __exponent
 .text._printf_float
                0x20001778      0x7dc c:/isis/application/toolchain/bin/../lib/gcc/arm-none-eabi/4.7.4/../../../../arm-none-eabi/lib\libc_s.a(lib_a-vfprintf_float.o)
                0x20001778                _printf_float
 .text._printf_common
                0x20001f54      0x174 c:/isis/application/toolchain/bin/../lib/gcc/arm-none-eabi/4.7.4/../../../../arm-none-eabi/lib\libc_s.a(lib_a-vfprintf_i.o)
                0x20001f54                _printf_common
 .text._printf_i
                0x200020c8      0x3c4 c:/isis/application/toolchain/bin/../lib/gcc/arm-none-eabi/4.7.4/../../../../arm-none-eabi/lib\libc_s.a(lib_a-vfprintf_i.o)
                0x200020c8                _printf_i
 .text._scanf_float
                0x2000248c      0x5f4 c:/isis/application/toolchain/bin/../lib/gcc/arm-none-eabi/4.7.4/../../../../arm-none-eabi/lib\libc_s.a(lib_a-vfscanf_float.o)
                0x2000248c                _scanf_float
 .text.quorem   0x20002a80      0x1ac c:/isis/application/toolchain/bin/../lib/gcc/arm-none-eabi/4.7.4/../../../../arm-none-eabi/lib\libc_s.a(lib_a-dtoa.o)
 .text._dtoa_r  0x20002c2c     0x1268 c:/isis/application/toolchain/bin/../lib/gcc/arm-none-eabi/4.7.4/../../../../arm-none-eabi/lib\libc_s.a(lib_a-dtoa.o)
                0x20002c2c                _dtoa_r
 .text._localeconv_r
                0x20003e94        0xc c:/isis/application/toolchain/bin/../lib/gcc/arm-none-eabi/4.7.4/../../../../arm-none-eabi/lib\libc_s.a(lib_a-locale.o)
                0x20003e94                _localeconv_r
 .text.malloc   0x20003ea0       0x20 c:/isis/application/toolchain/bin/../lib/gcc/arm-none-eabi/4.7.4/../../../../arm-none-eabi/lib\libc_s.a(lib_a-malloc.o)
                0x20003ea0                malloc
 .text.free     0x20003ec0       0x20 c:/isis/application/toolchain/bin/../lib/gcc/arm-none-eabi/4.7.4/../../../../arm-none-eabi/lib\libc_s.a(lib_a-malloc.o)
                0x20003ec0                free
 .text._malloc_r
                0x20003ee0       0xfc c:/isis/application/toolchain/bin/../lib/gcc/arm-none-eabi/4.7.4/../../../../arm-none-eabi/lib\libc_s.a(lib_a-mallocr.o)
                0x20003ee0                _malloc_r
 .text.memcpy   0x20003fdc       0x20 c:/isis/application/toolchain/bin/../lib/gcc/arm-none-eabi/4.7.4/../../../../arm-none-eabi/lib\libc_s.a(lib_a-memcpy.o)
                0x20003fdc                memcpy
 .text._Balloc  0x20003ffc       0xcc c:/isis/application/toolchain/bin/../lib/gcc/arm-none-eabi/4.7.4/../../../../arm-none-eabi/lib\libc_s.a(lib_a-mprec.o)
                0x20003ffc                _Balloc
 .text._Bfree   0x200040c8       0x5c c:/isis/application/toolchain/bin/../lib/gcc/arm-none-eabi/4.7.4/../../../../arm-none-eabi/lib\libc_s.a(lib_a-mprec.o)
                0x200040c8                _Bfree
 .text.__multadd
                0x20004124       0xbc c:/isis/application/toolchain/bin/../lib/gcc/arm-none-eabi/4.7.4/../../../../arm-none-eabi/lib\libc_s.a(lib_a-mprec.o)
                0x20004124                __multadd
 .text.__s2b    0x200041e0       0xd8 c:/isis/application/toolchain/bin/../lib/gcc/arm-none-eabi/4.7.4/../../../../arm-none-eabi/lib\libc_s.a(lib_a-mprec.o)
                0x200041e0                __s2b
 .text.__hi0bits
                0x200042b8       0x58 c:/isis/application/toolchain/bin/../lib/gcc/arm-none-eabi/4.7.4/../../../../arm-none-eabi/lib\libc_s.a(lib_a-mprec.o)
                0x200042b8                __hi0bits
 .text.__lo0bits
                0x20004310       0x94 c:/isis/application/toolchain/bin/../lib/gcc/arm-none-eabi/4.7.4/../../../../arm-none-eabi/lib\libc_s.a(lib_a-mprec.o)
                0x20004310                __lo0bits
 .text.__i2b    0x200043a4       0x24 c:/isis/application/toolchain/bin/../lib/gcc/arm-none-eabi/4.7.4/../../../../arm-none-eabi/lib\libc_s.a(lib_a-mprec.o)
                0x200043a4                __i2b
 .text.__multiply
                0x200043c8      0x1ac c:/isis/application/toolchain/bin/../lib/gcc/arm-none-eabi/4.7.4/../../../../arm-none-eabi/lib\libc_s.a(lib_a-mprec.o)
                0x200043c8                __multiply
 .text.__pow5mult
                0x20004574      0x10c c:/isis/application/toolchain/bin/../lib/gcc/arm-none-eabi/4.7.4/../../../../arm-none-eabi/lib\libc_s.a(lib_a-mprec.o)
                0x20004574                __pow5mult
 .text.__lshift
                0x20004680       0xf0 c:/isis/application/toolchain/bin/../lib/gcc/arm-none-eabi/4.7.4/../../../../arm-none-eabi/lib\libc_s.a(lib_a-mprec.o)
                0x20004680                __lshift
 .text.__mcmp   0x20004770       0x60 c:/isis/application/toolchain/bin/../lib/gcc/arm-none-eabi/4.7.4/../../../../arm-none-eabi/lib\libc_s.a(lib_a-mprec.o)
                0x20004770                __mcmp
 .text.__mdiff  0x200047d0      0x128 c:/isis/application/toolchain/bin/../lib/gcc/arm-none-eabi/4.7.4/../../../../arm-none-eabi/lib\libc_s.a(lib_a-mprec.o)
                0x200047d0                __mdiff
 .text.__ulp    0x200048f8       0x5c c:/isis/application/toolchain/bin/../lib/gcc/arm-none-eabi/4.7.4/../../../../arm-none-eabi/lib\libc_s.a(lib_a-mprec.o)
                0x200048f8                __ulp
 .text.__b2d    0x20004954       0xc8 c:/isis/application/toolchain/bin/../lib/gcc/arm-none-eabi/4.7.4/../../../../arm-none-eabi/lib\libc_s.a(lib_a-mprec.o)
                0x20004954                __b2d
 .text.__d2b    0x20004a1c       0xfc c:/isis/application/toolchain/bin/../lib/gcc/arm-none-eabi/4.7.4/../../../../arm-none-eabi/lib\libc_s.a(lib_a-mprec.o)
                0x20004a1c                __d2b
 .text.__ratio  0x20004b18       0x70 c:/isis/application/toolchain/bin/../lib/gcc/arm-none-eabi/4.7.4/../../../../arm-none-eabi/lib\libc_s.a(lib_a-mprec.o)
                0x20004b18                __ratio
 .text.__copybits
                0x20004b88       0x4c c:/isis/application/toolchain/bin/../lib/gcc/arm-none-eabi/4.7.4/../../../../arm-none-eabi/lib\libc_s.a(lib_a-mprec.o)
                0x20004b88                __copybits
 .text.__any_on
                0x20004bd4       0x7c c:/isis/application/toolchain/bin/../lib/gcc/arm-none-eabi/4.7.4/../../../../arm-none-eabi/lib\libc_s.a(lib_a-mprec.o)
                0x20004bd4                __any_on
 .text.__fpclassifyd
                0x20004c50       0x6c c:/isis/application/toolchain/bin/../lib/gcc/arm-none-eabi/4.7.4/../../../../arm-none-eabi/lib\libc_s.a(lib_a-s_fpclassify.o)
                0x20004c50                __fpclassifyd
 .text._sbrk_r  0x20004cbc       0x3c c:/isis/application/toolchain/bin/../lib/gcc/arm-none-eabi/4.7.4/../../../../arm-none-eabi/lib\libc_s.a(lib_a-sbrkr.o)
                0x20004cbc                _sbrk_r
 .text.nanf     0x20004cf8        0xc c:/isis/application/toolchain/bin/../lib/gcc/arm-none-eabi/4.7.4/../../../../arm-none-eabi/lib\libc_s.a(lib_a-sf_nan.o)
                0x20004cf8                nanf
 .text.sprintf  0x20004d04       0x6c c:/isis/application/toolchain/bin/../lib/gcc/arm-none-eabi/4.7.4/../../../../arm-none-eabi/lib\libc_s.a(lib_a-sprintf.o)
                0x20004d04                siprintf
                0x20004d04                sprintf
 .text.strcmp   0x20004d70       0x1c c:/isis/application/toolchain/bin/../lib/gcc/arm-none-eabi/4.7.4/../../../../arm-none-eabi/lib\libc_s.a(lib_a-strcmp.o)
                0x20004d70                strcmp
 .text.strlen   0x20004d8c       0x1c c:/isis/application/toolchain/bin/../lib/gcc/arm-none-eabi/4.7.4/../../../../arm-none-eabi/lib\libc_s.a(lib_a-strlen.o)
                0x20004d8c                strlen
 .text.match    0x20004da8       0x54 c:/isis/application/toolchain/bin/../lib/gcc/arm-none-eabi/4.7.4/../../../../arm-none-eabi/lib\libc_s.a(lib_a-strtod.o)
 .text._strtod_r
                0x20004dfc     0x1168 c:/isis/application/toolchain/bin/../lib/gcc/arm-none-eabi/4.7.4/../../../../arm-none-eabi/lib\libc_s.a(lib_a-strtod.o)
                0x20004dfc                _strtod_r
 .text._strtol_r
                0x20005f64      0x1b8 c:/isis/application/toolchain/bin/../lib/gcc/arm-none-eabi/4.7.4/../../../../arm-none-eabi/lib\libc_s.a(lib_a-strtol.o)
                0x20005f64                _strtol_r
 .text.__ssputc_r
                0x2000611c      0x10c c:/isis/application/toolchain/bin/../lib/gcc/arm-none-eabi/4.7.4/../../../../arm-none-eabi/lib\libc_s.a(lib_a-svfprintf.o)
                0x2000611c                __ssputc_r
 .text._svfprintf_r
                0x20006228      0x328 c:/isis/application/toolchain/bin/../lib/gcc/arm-none-eabi/4.7.4/../../../../arm-none-eabi/lib\libc_s.a(lib_a-svfprintf.o)
                0x20006228                _svfiprintf_r
                0x20006228                _svfprintf_r
 .text._calloc_r
                0x20006550       0x2c c:/isis/application/toolchain/bin/../lib/gcc/arm-none-eabi/4.7.4/../../../../arm-none-eabi/lib\libc_s.a(lib_a-callocr.o)
                0x20006550                _calloc_r
 .text._free_r  0x2000657c      0x108 c:/isis/application/toolchain/bin/../lib/gcc/arm-none-eabi/4.7.4/../../../../arm-none-eabi/lib\libc_s.a(lib_a-freer.o)
                0x2000657c                _free_r
 .text.rshift   0x20006684       0xb0 c:/isis/application/toolchain/bin/../lib/gcc/arm-none-eabi/4.7.4/../../../../arm-none-eabi/lib\libc_s.a(lib_a-gdtoa-gethex.o)
 .text.htinit.constprop.0
                0x20006734       0x34 c:/isis/application/toolchain/bin/../lib/gcc/arm-none-eabi/4.7.4/../../../../arm-none-eabi/lib\libc_s.a(lib_a-gdtoa-gethex.o)
 .text.__hexdig_init
                0x20006768       0x38 c:/isis/application/toolchain/bin/../lib/gcc/arm-none-eabi/4.7.4/../../../../arm-none-eabi/lib\libc_s.a(lib_a-gdtoa-gethex.o)
                0x20006768                __hexdig_init
 .text.__gethex
                0x200067a0      0x6cc c:/isis/application/toolchain/bin/../lib/gcc/arm-none-eabi/4.7.4/../../../../arm-none-eabi/lib\libc_s.a(lib_a-gdtoa-gethex.o)
                0x200067a0                __gethex
 .text.L_shift  0x20006e6c       0x38 c:/isis/application/toolchain/bin/../lib/gcc/arm-none-eabi/4.7.4/../../../../arm-none-eabi/lib\libc_s.a(lib_a-gdtoa-hexnan.o)
 .text.__hexnan
                0x20006ea4      0x1d8 c:/isis/application/toolchain/bin/../lib/gcc/arm-none-eabi/4.7.4/../../../../arm-none-eabi/lib\libc_s.a(lib_a-gdtoa-hexnan.o)
                0x20006ea4                __hexnan
 .text.memchr   0x2000707c       0x34 c:/isis/application/toolchain/bin/../lib/gcc/arm-none-eabi/4.7.4/../../../../arm-none-eabi/lib\libc_s.a(lib_a-memchr.o)
                0x2000707c                memchr
 .text.memset   0x200070b0       0x1c c:/isis/application/toolchain/bin/../lib/gcc/arm-none-eabi/4.7.4/../../../../arm-none-eabi/lib\libc_s.a(lib_a-memset.o)
                0x200070b0                memset
 .text._realloc_r
                0x200070cc       0x80 c:/isis/application/toolchain/bin/../lib/gcc/arm-none-eabi/4.7.4/../../../../arm-none-eabi/lib\libc_s.a(lib_a-reallocr.o)
                0x200070cc                _realloc_r
 .text.strncmp  0x2000714c       0x64 c:/isis/application/toolchain/bin/../lib/gcc/arm-none-eabi/4.7.4/../../../../arm-none-eabi/lib\libc_s.a(lib_a-strncmp.o)
                0x2000714c                strncmp
 .text._malloc_usable_size_r
                0x200071b0       0x1c c:/isis/application/toolchain/bin/../lib/gcc/arm-none-eabi/4.7.4/../../../../arm-none-eabi/lib\libc_s.a(lib_a-msizer.o)
                0x200071b0                _malloc_usable_size_r
 .text.GetChunkFromImage
                0x200071cc      0x2d0 ./src/sub-systemCode/payload/Request Management/Dump/Butchering.o
                0x200071cc                GetChunkFromImage
 .text.SimpleButcher
                0x2000749c       0xf4 ./src/sub-systemCode/payload/Request Management/Dump/Butchering.o
                0x2000749c                SimpleButcher
 .text.find_subType_ofImage
                0x20007590       0xe0 ./src/sub-systemCode/payload/Request Management/Dump/imageDump.o
                0x20007590                find_subType_ofImage
 .text.buildAndSend_chunck
                0x20007670      0x29c ./src/sub-systemCode/payload/Request Management/Dump/imageDump.o
                0x20007670                buildAndSend_chunck
 .text.bitField_imageDump
                0x2000790c      0x1d8 ./src/sub-systemCode/payload/Request Management/Dump/imageDump.o
                0x2000790c                bitField_imageDump
 .text.thumbnail_Dump
                0x20007ae4      0x1f8 ./src/sub-systemCode/payload/Request Management/Dump/imageDump.o
                0x20007ae4                thumbnail_Dump
 .text.imageDataBase_Dump
                0x20007cdc      0x12c ./src/sub-systemCode/payload/Request Management/Dump/imageDump.o
                0x20007cdc                imageDataBase_Dump
 .text.chunkField_imageDump
                0x20007e08      0x1d4 ./src/sub-systemCode/payload/Request Management/Dump/imageDump.o
                0x20007e08                chunkField_imageDump
 .text.imageDump_task
                0x20007fdc      0x408 ./src/sub-systemCode/payload/Request Management/Dump/imageDump.o
                0x20007fdc                imageDump_task
 .text.CameraManagerTaskMain
                0x200083e4       0xbc ./src/sub-systemCode/payload/Request Management/CameraManeger.o
                0x200083e4                CameraManagerTaskMain
 .text.initCamera
                0x200084a0       0x70 ./src/sub-systemCode/payload/Request Management/CameraManeger.o
                0x200084a0                initCamera
 .text.KickStartCamera
                0x20008510       0xb4 ./src/sub-systemCode/payload/Request Management/CameraManeger.o
                0x20008510                KickStartCamera
 .text.addRequestToQueue
                0x200085c4       0xa8 ./src/sub-systemCode/payload/Request Management/CameraManeger.o
                0x200085c4                addRequestToQueue
 .text.removeRequestFromQueue
                0x2000866c       0x7c ./src/sub-systemCode/payload/Request Management/CameraManeger.o
                0x2000866c                removeRequestFromQueue
 .text.Take_pictures_with_time_in_between
                0x200086e8       0xa4 ./src/sub-systemCode/payload/Request Management/CameraManeger.o
                0x200086e8                Take_pictures_with_time_in_between
 .text.Gecko_TroubleShooter
                0x2000878c       0xdc ./src/sub-systemCode/payload/Request Management/CameraManeger.o
                0x2000878c                Gecko_TroubleShooter
 .text.handleDump
                0x20008868      0x108 ./src/sub-systemCode/payload/Request Management/CameraManeger.o
                0x20008868                handleDump
 .text.act_upon_request
                0x20008970      0x2f0 ./src/sub-systemCode/payload/Request Management/CameraManeger.o
                0x20008970                act_upon_request
 .text.TakePicture
                0x20008c60       0x4c ./src/sub-systemCode/payload/Request Management/DB_RequestHandling.o
                0x20008c60                TakePicture
 .text.TakeSpecialPicture
                0x20008cac      0x10c ./src/sub-systemCode/payload/Request Management/DB_RequestHandling.o
                0x20008cac                TakeSpecialPicture
 .text.DeletePictureFile
                0x20008db8       0x88 ./src/sub-systemCode/payload/Request Management/DB_RequestHandling.o
                0x20008db8                DeletePictureFile
 .text.DeletePicture
                0x20008e40       0x68 ./src/sub-systemCode/payload/Request Management/DB_RequestHandling.o
                0x20008e40                DeletePicture
 .text.TransferPicture
                0x20008ea8       0x54 ./src/sub-systemCode/payload/Request Management/DB_RequestHandling.o
                0x20008ea8                TransferPicture
 .text.CreateThumbnail
                0x20008efc       0x90 ./src/sub-systemCode/payload/Request Management/DB_RequestHandling.o
                0x20008efc                CreateThumbnail
 .text.CreateJPG
                0x20008f8c       0x7c ./src/sub-systemCode/payload/Request Management/DB_RequestHandling.o
                0x20008f8c                CreateJPG
 .text.UpdatePhotographyValues
                0x20009008       0xb4 ./src/sub-systemCode/payload/Request Management/DB_RequestHandling.o
                0x20009008                UpdatePhotographyValues
 .text.convert2char
                0x200090bc      0x14c ./src/sub-systemCode/payload/Misc/Boolean_bit.o
                0x200090bc                convert2char
 .text.convert2byte
                0x20009208      0x1c8 ./src/sub-systemCode/payload/Misc/Boolean_bit.o
                0x20009208                convert2byte
 .text.bits2byte
                0x200093d0      0x17c ./src/sub-systemCode/payload/Misc/Boolean_bit.o
                0x200093d0                bits2byte
 .text.byte2bits
                0x2000954c      0x17c ./src/sub-systemCode/payload/Misc/Boolean_bit.o
                0x2000954c                byte2bits
 .text.char2bits
                0x200096c8       0x44 ./src/sub-systemCode/payload/Misc/Boolean_bit.o
                0x200096c8                char2bits
 .text.bits2char
                0x2000970c       0x3c ./src/sub-systemCode/payload/Misc/Boolean_bit.o
                0x2000970c                bits2char
 .text.keepTryingTo_enterFS
                0x20009748       0x24 ./src/sub-systemCode/payload/Misc/FileSystem.o
                0x20009748                keepTryingTo_enterFS
 .text.releaseFS
                0x2000976c       0x14 ./src/sub-systemCode/payload/Misc/FileSystem.o
                0x2000976c                releaseFS
 .text.OpenFile
                0x20009780       0x64 ./src/sub-systemCode/payload/Misc/FileSystem.o
                0x20009780                OpenFile
 .text.CloseFile
                0x200097e4       0x4c ./src/sub-systemCode/payload/Misc/FileSystem.o
                0x200097e4                CloseFile
 .text.DeleteFile
                0x20009830       0x60 ./src/sub-systemCode/payload/Misc/FileSystem.o
                0x20009830                DeleteFile
 .text.ReadFromFile
                0x20009890       0x7c ./src/sub-systemCode/payload/Misc/FileSystem.o
                0x20009890                ReadFromFile
 .text.WriteToFile
                0x2000990c       0xb4 ./src/sub-systemCode/payload/Misc/FileSystem.o
                0x2000990c                WriteToFile
 .text.Initialized_GPIO
                0x200099c0       0x54 ./src/sub-systemCode/payload/Drivers/GeckoCameraDriver.o
                0x200099c0                Initialized_GPIO
 .text.TurnOnGecko
                0x20009a14      0x128 ./src/sub-systemCode/payload/Drivers/GeckoCameraDriver.o
                0x20009a14                TurnOnGecko
 .text.TurnOffGecko
                0x20009b3c       0xc0 ./src/sub-systemCode/payload/Drivers/GeckoCameraDriver.o
                0x20009b3c                TurnOffGecko
 .text.initGecko
                0x20009bfc       0x3c ./src/sub-systemCode/payload/Drivers/GeckoCameraDriver.o
                0x20009bfc                initGecko
 .text.GECKO_TakeImage
                0x20009c38      0x2c4 ./src/sub-systemCode/payload/Drivers/GeckoCameraDriver.o
                0x20009c38                GECKO_TakeImage
 .text.GECKO_ReadImage
                0x20009efc      0x1f8 ./src/sub-systemCode/payload/Drivers/GeckoCameraDriver.o
                0x20009efc                GECKO_ReadImage
 .text.GECKO_EraseBlock
                0x2000a0f4       0xc0 ./src/sub-systemCode/payload/Drivers/GeckoCameraDriver.o
                0x2000a0f4                GECKO_EraseBlock
 .text.getFileName
                0x2000a1b4      0x1a0 ./src/sub-systemCode/payload/DataBase/DataBase.o
 .text.zeroImageDataBase
                0x2000a354       0x84 ./src/sub-systemCode/payload/DataBase/DataBase.o
                0x2000a354                zeroImageDataBase
 .text.updateGeneralDataBaseParameters
                0x2000a3d8       0x5c ./src/sub-systemCode/payload/DataBase/DataBase.o
                0x2000a3d8                updateGeneralDataBaseParameters
 .text.SearchDataBase_byID
                0x2000a434      0x220 ./src/sub-systemCode/payload/DataBase/DataBase.o
                0x2000a434                SearchDataBase_byID
 .text.checkForFileType
                0x2000a654       0x68 ./src/sub-systemCode/payload/DataBase/DataBase.o
                0x2000a654                checkForFileType
 .text.updateFileTypes
                0x2000a6bc       0xbc ./src/sub-systemCode/payload/DataBase/DataBase.o
                0x2000a6bc                updateFileTypes
 .text.GetImageFactor
                0x2000a778       0x58 ./src/sub-systemCode/payload/DataBase/DataBase.o
                0x2000a778                GetImageFactor
 .text.readImageFromBuffer
                0x2000a7d0      0x12c ./src/sub-systemCode/payload/DataBase/DataBase.o
                0x2000a7d0                readImageFromBuffer
 .text.saveImageToBuffer
                0x2000a8fc      0x12c ./src/sub-systemCode/payload/DataBase/DataBase.o
                0x2000a8fc                saveImageToBuffer
 .text.getDataBaseStart
                0x2000aa28       0x20 ./src/sub-systemCode/payload/DataBase/DataBase.o
                0x2000aa28                getDataBaseStart
 .text.setDataBaseValues
                0x2000aa48      0x1d8 ./src/sub-systemCode/payload/DataBase/DataBase.o
                0x2000aa48                setDataBaseValues
 .text.initImageDataBase
                0x2000ac20      0x1b0 ./src/sub-systemCode/payload/DataBase/DataBase.o
                0x2000ac20                initImageDataBase
 .text.resetImageDataBase
                0x2000add0       0x98 ./src/sub-systemCode/payload/DataBase/DataBase.o
                0x2000add0                resetImageDataBase
 .text.setCameraPhotographyValues
                0x2000ae68      0x10c ./src/sub-systemCode/payload/DataBase/DataBase.o
                0x2000ae68                setCameraPhotographyValues
 .text.transferImageToSD_withoutSearch
                0x2000af74      0x144 ./src/sub-systemCode/payload/DataBase/DataBase.o
                0x2000af74                transferImageToSD_withoutSearch
 .text.transferImageToSD
                0x2000b0b8       0xb4 ./src/sub-systemCode/payload/DataBase/DataBase.o
                0x2000b0b8                transferImageToSD
 .text.DeleteImageFromOBC_withoutSearch
                0x2000b16c       0xe0 ./src/sub-systemCode/payload/DataBase/DataBase.o
                0x2000b16c                DeleteImageFromOBC_withoutSearch
 .text.DeleteImageFromOBC
                0x2000b24c       0xb4 ./src/sub-systemCode/payload/DataBase/DataBase.o
                0x2000b24c                DeleteImageFromOBC
 .text.DeleteImageFromPayload
                0x2000b300      0x24c ./src/sub-systemCode/payload/DataBase/DataBase.o
                0x2000b300                DeleteImageFromPayload
 .text.clearImageDataBase
                0x2000b54c      0x13c ./src/sub-systemCode/payload/DataBase/DataBase.o
                0x2000b54c                clearImageDataBase
 .text.writeNewImageMetaDataToFRAM
                0x2000b688      0x234 ./src/sub-systemCode/payload/DataBase/DataBase.o
                0x2000b688                writeNewImageMetaDataToFRAM
 .text.takePicture
                0x2000b8bc      0x31c ./src/sub-systemCode/payload/DataBase/DataBase.o
                0x2000b8bc                takePicture
 .text.takePicture_withSpecialParameters
                0x2000bbd8       0xbc ./src/sub-systemCode/payload/DataBase/DataBase.o
                0x2000bbd8                takePicture_withSpecialParameters
 .text.GetImageFileName
                0x2000bc94       0xc0 ./src/sub-systemCode/payload/DataBase/DataBase.o
                0x2000bc94                GetImageFileName
 .text.getImageDataBaseBuffer
                0x2000bd54      0x3fc ./src/sub-systemCode/payload/DataBase/DataBase.o
                0x2000bd54                getImageDataBaseBuffer
 .text.get_ID_list_withDefaltThumbnail
                0x2000c150      0x180 ./src/sub-systemCode/payload/DataBase/DataBase.o
                0x2000c150                get_ID_list_withDefaltThumbnail
 .text.TransformRawToBMP
                0x2000c2d0      0x1a8 ./src/sub-systemCode/payload/Compression/jpeg/bmp/rawToBMP.o
                0x2000c2d0                TransformRawToBMP
 .text.interpolate
                0x2000c478      0x8d0 ./src/sub-systemCode/payload/Compression/jpeg/bmp/rawToBMP.o
                0x2000c478                interpolate
 .text.getInputAt
                0x2000cd48      0x308 ./src/sub-systemCode/payload/Compression/jpeg/bmp/rawToBMP.o
                0x2000cd48                getInputAt
 .text.f_writeF_FILEHeader
                0x2000d050      0x2f0 ./src/sub-systemCode/payload/Compression/jpeg/bmp/rawToBMP.o
                0x2000d050                f_writeF_FILEHeader
 .text.f_writeOutputRow
                0x2000d340       0xbc ./src/sub-systemCode/payload/Compression/jpeg/bmp/rawToBMP.o
                0x2000d340                f_writeOutputRow
 .text.dct      0x2000d3fc      0x9c4 ./src/sub-systemCode/payload/Compression/jpeg/DCT.o
                0x2000d3fc                dct
 .text.JPEG_compressor
                0x2000ddc0      0x100 ./src/sub-systemCode/payload/Compression/jpeg/ImgCompressor.o
                0x2000ddc0                JPEG_compressor
 .text.Create_BMP_File
                0x2000dec0       0xe8 ./src/sub-systemCode/payload/Compression/jpeg/ImgCompressor.o
                0x2000dec0                Create_BMP_File
 .text.CompressImage
                0x2000dfa8      0x1b4 ./src/sub-systemCode/payload/Compression/jpeg/ImgCompressor.o
                0x2000dfa8                CompressImage
 .text.clamp    0x2000e15c       0x60 ./src/sub-systemCode/payload/Compression/jpeg/color_conv.o
                0x2000e15c                clamp
 .text.RGB_to_YCC
                0x2000e1bc      0x1a8 ./src/sub-systemCode/payload/Compression/jpeg/color_conv.o
                0x2000e1bc                RGB_to_YCC
 .text.RGB_to_Y
                0x2000e364       0xc4 ./src/sub-systemCode/payload/Compression/jpeg/color_conv.o
                0x2000e364                RGB_to_Y
 .text.Y_to_YCC
                0x2000e428       0x88 ./src/sub-systemCode/payload/Compression/jpeg/color_conv.o
                0x2000e428                Y_to_YCC
 .text.compress_image_to_jpeg_file
                0x2000e4b0      0x184 ./src/sub-systemCode/payload/Compression/jpeg/jpeg.o
                0x2000e4b0                compress_image_to_jpeg_file
 .text.emit_marker
                0x2000e634       0xc8 ./src/sub-systemCode/payload/Compression/jpeg/jpeg_encoder.o
                0x2000e634                emit_marker
 .text.emit_byte
                0x2000e6fc       0x6c ./src/sub-systemCode/payload/Compression/jpeg/jpeg_encoder.o
                0x2000e6fc                emit_byte
 .text.emit_word
                0x2000e768       0xd0 ./src/sub-systemCode/payload/Compression/jpeg/jpeg_encoder.o
                0x2000e768                emit_word
 .text.emit_jfif_app0
                0x2000e838       0xc0 ./src/sub-systemCode/payload/Compression/jpeg/jpeg_encoder.o
                0x2000e838                emit_jfif_app0
 .text.emit_dqt
                0x2000e8f8       0xd8 ./src/sub-systemCode/payload/Compression/jpeg/jpeg_encoder.o
                0x2000e8f8                emit_dqt
 .text.emit_sof
                0x2000e9d0      0x14c ./src/sub-systemCode/payload/Compression/jpeg/jpeg_encoder.o
                0x2000e9d0                emit_sof
 .text.emit_dht
                0x2000eb1c      0x138 ./src/sub-systemCode/payload/Compression/jpeg/jpeg_encoder.o
                0x2000eb1c                emit_dht
 .text.emit_dhts
                0x2000ec54       0xd8 ./src/sub-systemCode/payload/Compression/jpeg/jpeg_encoder.o
                0x2000ec54                emit_dhts
 .text.emit_sos
                0x2000ed2c       0xec ./src/sub-systemCode/payload/Compression/jpeg/jpeg_encoder.o
                0x2000ed2c                emit_sos
 .text.emit_markers
                0x2000ee18       0x4c ./src/sub-systemCode/payload/Compression/jpeg/jpeg_encoder.o
                0x2000ee18                emit_markers
 .text.compute_huffman_table
                0x2000ee64      0x334 ./src/sub-systemCode/payload/Compression/jpeg/jpeg_encoder.o
                0x2000ee64                compute_huffman_table
 .text.compute_quant_table
                0x2000f198      0x11c ./src/sub-systemCode/payload/Compression/jpeg/jpeg_encoder.o
                0x2000f198                compute_quant_table
 .text.first_pass_init
                0x2000f2b4       0x54 ./src/sub-systemCode/payload/Compression/jpeg/jpeg_encoder.o
                0x2000f2b4                first_pass_init
 .text.second_pass_init
                0x2000f308      0x110 ./src/sub-systemCode/payload/Compression/jpeg/jpeg_encoder.o
                0x2000f308                second_pass_init
 .text.jpg_open
                0x2000f418      0x7b4 ./src/sub-systemCode/payload/Compression/jpeg/jpeg_encoder.o
                0x2000f418                jpg_open
 .text.load_block_8_8_grey
                0x2000fbcc      0x164 ./src/sub-systemCode/payload/Compression/jpeg/jpeg_encoder.o
                0x2000fbcc                load_block_8_8_grey
 .text.load_block_8_8
                0x2000fd30      0x198 ./src/sub-systemCode/payload/Compression/jpeg/jpeg_encoder.o
                0x2000fd30                load_block_8_8
 .text.load_block_16_8
                0x2000fec8      0x3cc ./src/sub-systemCode/payload/Compression/jpeg/jpeg_encoder.o
                0x2000fec8                load_block_16_8
 .text.load_block_16_8_8
                0x20010294      0x2a8 ./src/sub-systemCode/payload/Compression/jpeg/jpeg_encoder.o
                0x20010294                load_block_16_8_8
 .text.load_coefficients
                0x2001053c      0x1c8 ./src/sub-systemCode/payload/Compression/jpeg/jpeg_encoder.o
                0x2001053c                load_coefficients
 .text.flush_output_buffer
                0x20010704       0xa0 ./src/sub-systemCode/payload/Compression/jpeg/jpeg_encoder.o
                0x20010704                flush_output_buffer
 .text.put_bits
                0x200107a4      0x170 ./src/sub-systemCode/payload/Compression/jpeg/jpeg_encoder.o
                0x200107a4                put_bits
 .text.code_coefficients_pass_two
                0x20010914      0x338 ./src/sub-systemCode/payload/Compression/jpeg/jpeg_encoder.o
                0x20010914                code_coefficients_pass_two
 .text.code_block
                0x20010c4c       0x44 ./src/sub-systemCode/payload/Compression/jpeg/jpeg_encoder.o
                0x20010c4c                code_block
 .text.process_mcu_row
                0x20010c90      0x328 ./src/sub-systemCode/payload/Compression/jpeg/jpeg_encoder.o
                0x20010c90                process_mcu_row
 .text.terminate_pass_two
                0x20010fb8       0x44 ./src/sub-systemCode/payload/Compression/jpeg/jpeg_encoder.o
                0x20010fb8                terminate_pass_two
 .text.process_end_of_image
                0x20010ffc       0xc0 ./src/sub-systemCode/payload/Compression/jpeg/jpeg_encoder.o
                0x20010ffc                process_end_of_image
 .text.load_mcu
                0x200110bc      0x29c ./src/sub-systemCode/payload/Compression/jpeg/jpeg_encoder.o
                0x200110bc                load_mcu
 .text.clear    0x20011358      0x1e0 ./src/sub-systemCode/payload/Compression/jpeg/jpeg_encoder.o
                0x20011358                clear
 .text.init     0x20011538       0xe4 ./src/sub-systemCode/payload/Compression/jpeg/jpeg_encoder.o
                0x20011538                init
 .text.deinit   0x2001161c      0x160 ./src/sub-systemCode/payload/Compression/jpeg/jpeg_encoder.o
                0x2001161c                deinit
 .text.process_scanline
                0x2001177c       0x6c ./src/sub-systemCode/payload/Compression/jpeg/jpeg_encoder.o
                0x2001177c                process_scanline
 .text.jpge_malloc
                0x200117e8       0x28 ./src/sub-systemCode/payload/Compression/jpeg/jpeg_memory_alloc.o
                0x200117e8                jpge_malloc
 .text.jpge_cmalloc
                0x20011810       0x48 ./src/sub-systemCode/payload/Compression/jpeg/jpeg_memory_alloc.o
                0x20011810                jpge_cmalloc
 .text.jpge_free
                0x20011858       0x24 ./src/sub-systemCode/payload/Compression/jpeg/jpeg_memory_alloc.o
                0x20011858                jpge_free
 .text.check    0x2001187c       0x78 ./src/sub-systemCode/payload/Compression/jpeg/jpeg_params.o
                0x2001187c                check
 .text.open_jpeg_file
                0x200118f4       0xe0 ./src/sub-systemCode/payload/Compression/jpeg/output_stream.o
                0x200118f4                open_jpeg_file
 .text.close_jpeg_file
                0x200119d4      0x118 ./src/sub-systemCode/payload/Compression/jpeg/output_stream.o
                0x200119d4                close_jpeg_file
 .text.put_buf  0x20011aec      0x258 ./src/sub-systemCode/payload/Compression/jpeg/output_stream.o
                0x20011aec                put_buf
 .text.GetBinnedPixel
                0x20011d44       0xe8 ./src/sub-systemCode/payload/Compression/ImageConversion.o
 .text.BinImage
                0x20011e2c      0x2c8 ./src/sub-systemCode/payload/Compression/ImageConversion.o
                0x20011e2c                BinImage
 .text.ImageSkipping
                0x200120f4      0x2ac ./src/sub-systemCode/payload/Compression/ImageConversion.o
                0x200120f4                ImageSkipping
 .text.CreateImageThumbnail_withoutSearch
                0x200123a0      0x14c ./src/sub-systemCode/payload/Compression/ImageConversion.o
                0x200123a0                CreateImageThumbnail_withoutSearch
 .text.CreateImageThumbnail
                0x200124ec       0x94 ./src/sub-systemCode/payload/Compression/ImageConversion.o
                0x200124ec                CreateImageThumbnail
 .text.compressImage
                0x20012580      0x12c ./src/sub-systemCode/payload/Compression/ImageConversion.o
                0x20012580                compressImage
 .text.cmd_mute
                0x200126ac       0xc4 ./src/sub-systemCode/Main/CMD/COMM_CMD.o
                0x200126ac                cmd_mute
 .text.cmd_unmute
                0x20012770       0x50 ./src/sub-systemCode/Main/CMD/COMM_CMD.o
                0x20012770                cmd_unmute
 .text.cmd_active_trans
                0x200127c0       0xc0 ./src/sub-systemCode/Main/CMD/COMM_CMD.o
                0x200127c0                cmd_active_trans
 .text.cmd_shut_trans
                0x20012880       0x38 ./src/sub-systemCode/Main/CMD/COMM_CMD.o
                0x20012880                cmd_shut_trans
 .text.cmd_change_trans_rssi
                0x200128b8      0x100 ./src/sub-systemCode/Main/CMD/COMM_CMD.o
                0x200128b8                cmd_change_trans_rssi
 .text.cmd_aprs_dump
                0x200129b8       0x50 ./src/sub-systemCode/Main/CMD/COMM_CMD.o
                0x200129b8                cmd_aprs_dump
 .text.cmd_stop_dump
                0x20012a08       0x38 ./src/sub-systemCode/Main/CMD/COMM_CMD.o
                0x20012a08                cmd_stop_dump
 .text.cmd_time_frequency
                0x20012a40       0xc0 ./src/sub-systemCode/Main/CMD/COMM_CMD.o
                0x20012a40                cmd_time_frequency
 .text.cmd_change_def_bit_rate
                0x20012b00      0x158 ./src/sub-systemCode/Main/CMD/COMM_CMD.o
                0x20012b00                cmd_change_def_bit_rate
 .text.cmd_upload_volt_logic
                0x20012c58      0x3d0 ./src/sub-systemCode/Main/CMD/EPS_CMD.o
                0x20012c58                cmd_upload_volt_logic
 .text.cmd_upload_volt_COMM
                0x20013028      0x1c8 ./src/sub-systemCode/Main/CMD/EPS_CMD.o
                0x20013028                cmd_upload_volt_COMM
 .text.cmd_heater_temp
                0x200131f0       0xc0 ./src/sub-systemCode/Main/CMD/EPS_CMD.o
                0x200131f0                cmd_heater_temp
 .text.cmd_SHUT_CAM
                0x200132b0       0x6c ./src/sub-systemCode/Main/CMD/EPS_CMD.o
                0x200132b0                cmd_SHUT_CAM
 .text.cmd_SHUT_ADCS
                0x2001331c       0x6c ./src/sub-systemCode/Main/CMD/EPS_CMD.o
                0x2001331c                cmd_SHUT_ADCS
 .text.cmd_allow_CAM
                0x20013388       0x6c ./src/sub-systemCode/Main/CMD/EPS_CMD.o
                0x20013388                cmd_allow_CAM
 .text.cmd_allow_ADCS
                0x200133f4       0x6c ./src/sub-systemCode/Main/CMD/EPS_CMD.o
                0x200133f4                cmd_allow_ADCS
 .text.cmd_generic_I2C
                0x20013460       0xb4 ./src/sub-systemCode/Main/CMD/General_CMD.o
                0x20013460                cmd_generic_I2C
 .text.cmd_dump
                0x20013514       0xf0 ./src/sub-systemCode/Main/CMD/General_CMD.o
                0x20013514                cmd_dump
 .text.cmd_delete_TM
                0x20013604      0x1dc ./src/sub-systemCode/Main/CMD/General_CMD.o
                0x20013604                cmd_delete_TM
 .text.cmd_reset_file
                0x200137e0      0x110 ./src/sub-systemCode/Main/CMD/General_CMD.o
                0x200137e0                cmd_reset_file
 .text.cmd_dummy_func
                0x200138f0       0x40 ./src/sub-systemCode/Main/CMD/General_CMD.o
                0x200138f0                cmd_dummy_func
 .text.cmd_soft_reset_cmponent
                0x20013930       0xb0 ./src/sub-systemCode/Main/CMD/General_CMD.o
                0x20013930                cmd_soft_reset_cmponent
 .text.cmd_hard_reset_cmponent
                0x200139e0       0xb0 ./src/sub-systemCode/Main/CMD/General_CMD.o
                0x200139e0                cmd_hard_reset_cmponent
 .text.cmd_reset_satellite
                0x20013a90       0x78 ./src/sub-systemCode/Main/CMD/General_CMD.o
                0x20013a90                cmd_reset_satellite
 .text.cmd_gracefull_reset_satellite
                0x20013b08       0x78 ./src/sub-systemCode/Main/CMD/General_CMD.o
                0x20013b08                cmd_gracefull_reset_satellite
 .text.cmd_upload_time
                0x20013b80       0xb0 ./src/sub-systemCode/Main/CMD/General_CMD.o
                0x20013b80                cmd_upload_time
 .text.cmd_ARM_DIARM
                0x20013c30       0xd4 ./src/sub-systemCode/Main/CMD/General_CMD.o
                0x20013c30                cmd_ARM_DIARM
 .text.cmd_get_onlineTM
                0x20013d04       0xb8 ./src/sub-systemCode/Main/CMD/General_CMD.o
                0x20013d04                cmd_get_onlineTM
 .text.cmd_reset_off_line
                0x20013dbc       0x68 ./src/sub-systemCode/Main/CMD/General_CMD.o
                0x20013dbc                cmd_reset_off_line
 .text.cmd_add_item_off_line
                0x20013e24       0xf0 ./src/sub-systemCode/Main/CMD/General_CMD.o
                0x20013e24                cmd_add_item_off_line
 .text.cmd_reset_delayed_command_list
                0x20013f14       0x3c ./src/sub-systemCode/Main/CMD/SW_CMD.o
                0x20013f14                cmd_reset_delayed_command_list
 .text.cmd_reset_APRS_list
                0x20013f50       0x3c ./src/sub-systemCode/Main/CMD/SW_CMD.o
                0x20013f50                cmd_reset_APRS_list
 .text.cmd_reset_FRAM
                0x20013f8c       0xe8 ./src/sub-systemCode/Main/CMD/SW_CMD.o
                0x20013f8c                cmd_reset_FRAM
 .text.ARM_ants
                0x20014074       0xb8 ./src/sub-systemCode/Main/Ants.o
                0x20014074                ARM_ants
 .text.DISARM_ants
                0x2001412c       0xb8 ./src/sub-systemCode/Main/Ants.o
                0x2001412c                DISARM_ants
 .text.round_vol
                0x200141e4      0x124 ./src/sub-systemCode/Main/EPS.o
                0x200141e4                round_vol
 .text.get_shut_ADCS
                0x20014308       0x48 ./src/sub-systemCode/Main/EPS.o
                0x20014308                get_shut_ADCS
 .text.shut_ADCS
                0x20014350       0x44 ./src/sub-systemCode/Main/EPS.o
                0x20014350                shut_ADCS
 .text.get_shut_CAM
                0x20014394       0x48 ./src/sub-systemCode/Main/EPS.o
                0x20014394                get_shut_CAM
 .text.shut_CAM
                0x200143dc       0x44 ./src/sub-systemCode/Main/EPS.o
                0x200143dc                shut_CAM
 .text.update_powerLines
                0x20014420       0xec ./src/sub-systemCode/Main/EPS.o
                0x20014420                update_powerLines
 .text.init_enterMode
                0x2001450c       0x88 ./src/sub-systemCode/Main/EPS.o
                0x2001450c                init_enterMode
 .text.EPS_Init
                0x20014594      0x1c8 ./src/sub-systemCode/Main/EPS.o
                0x20014594                EPS_Init
 .text.reset_FRAM_EPS
                0x2001475c       0xa4 ./src/sub-systemCode/Main/EPS.o
                0x2001475c                reset_FRAM_EPS
 .text.reset_EPS_voltages
                0x20014800       0xbc ./src/sub-systemCode/Main/EPS.o
                0x20014800                reset_EPS_voltages
 .text.battery_downward
                0x200148bc      0x114 ./src/sub-systemCode/Main/EPS.o
                0x200148bc                battery_downward
 .text.battery_upward
                0x200149d0      0x120 ./src/sub-systemCode/Main/EPS.o
                0x200149d0                battery_upward
 .text.EPS_Conditioning
                0x20014af0      0x1a4 ./src/sub-systemCode/Main/EPS.o
                0x20014af0                EPS_Conditioning
 .text.overRide_ADCS
                0x20014c94       0x50 ./src/sub-systemCode/Main/EPS.o
                0x20014c94                overRide_ADCS
 .text.overRide_Camera
                0x20014ce4       0x38 ./src/sub-systemCode/Main/EPS.o
                0x20014ce4                overRide_Camera
 .text.EnterFullMode
                0x20014d1c       0xfc ./src/sub-systemCode/Main/EPS.o
                0x20014d1c                EnterFullMode
 .text.EnterCruiseMode
                0x20014e18       0xec ./src/sub-systemCode/Main/EPS.o
                0x20014e18                EnterCruiseMode
 .text.EnterSafeMode
                0x20014f04       0xec ./src/sub-systemCode/Main/EPS.o
                0x20014f04                EnterSafeMode
 .text.EnterCriticalMode
                0x20014ff0       0xd8 ./src/sub-systemCode/Main/EPS.o
                0x20014ff0                EnterCriticalMode
 .text.find_fileName
                0x200150c8      0x5e4 ./src/sub-systemCode/Main/HouseKeeping.o
                0x200150c8                find_fileName
 .text.size_of_element
                0x200156ac      0x108 ./src/sub-systemCode/Main/HouseKeeping.o
                0x200156ac                size_of_element
 .text.save_ACK
                0x200157b4       0xc0 ./src/sub-systemCode/Main/HouseKeeping.o
                0x200157b4                save_ACK
 .text.set_GP_EPS
                0x20015874      0x10c ./src/sub-systemCode/Main/HouseKeeping.o
                0x20015874                set_GP_EPS
 .text.set_GP_COMM
                0x20015980       0x88 ./src/sub-systemCode/Main/HouseKeeping.o
                0x20015980                set_GP_COMM
 .text.SP_HK_collect
                0x20015a08      0x17c ./src/sub-systemCode/Main/HouseKeeping.o
                0x20015a08                SP_HK_collect
 .text.EPS_HK_collect
                0x20015b84      0x4d8 ./src/sub-systemCode/Main/HouseKeeping.o
                0x20015b84                EPS_HK_collect
 .text.CAM_HK_collect
                0x2001605c      0x91c ./src/sub-systemCode/Main/HouseKeeping.o
                0x2001605c                CAM_HK_collect
 .text.COMM_HK_collect
                0x20016978      0x154 ./src/sub-systemCode/Main/HouseKeeping.o
                0x20016978                COMM_HK_collect
 .text.COMM_create_file
                0x20016acc       0x74 ./src/sub-systemCode/Main/HouseKeeping.o
                0x20016acc                COMM_create_file
 .text.ACK_create_file
                0x20016b40       0x74 ./src/sub-systemCode/Main/HouseKeeping.o
                0x20016b40                ACK_create_file
 .text.EPS_create_file
                0x20016bb4       0x74 ./src/sub-systemCode/Main/HouseKeeping.o
                0x20016bb4                EPS_create_file
 .text.CAM_create_file
                0x20016c28       0x54 ./src/sub-systemCode/Main/HouseKeeping.o
                0x20016c28                CAM_create_file
 .text.SP_create_file
                0x20016c7c       0x54 ./src/sub-systemCode/Main/HouseKeeping.o
                0x20016c7c                SP_create_file
 .text.create_files
                0x20016cd0       0x48 ./src/sub-systemCode/Main/HouseKeeping.o
                0x20016cd0                create_files
 .text.save_SP_HK
                0x20016d18       0x70 ./src/sub-systemCode/Main/HouseKeeping.o
                0x20016d18                save_SP_HK
 .text.save_EPS_HK
                0x20016d88       0x70 ./src/sub-systemCode/Main/HouseKeeping.o
                0x20016d88                save_EPS_HK
 .text.save_CAM_HK
                0x20016df8       0x84 ./src/sub-systemCode/Main/HouseKeeping.o
                0x20016df8                save_CAM_HK
 .text.save_COMM_HK
                0x20016e7c       0x70 ./src/sub-systemCode/Main/HouseKeeping.o
                0x20016e7c                save_COMM_HK
 .text.EPS_HK_raw_BigEnE
                0x20016eec      0x194 ./src/sub-systemCode/Main/HouseKeeping.o
                0x20016eec                EPS_HK_raw_BigEnE
 .text.CAM_HK_raw_BigEnE
                0x20017080      0x194 ./src/sub-systemCode/Main/HouseKeeping.o
                0x20017080                CAM_HK_raw_BigEnE
 .text.COMM_HK_raw_BigEnE
                0x20017214      0x194 ./src/sub-systemCode/Main/HouseKeeping.o
                0x20017214                COMM_HK_raw_BigEnE
 .text.ADCS_HK_raw_BigEnE
                0x200173a8      0x194 ./src/sub-systemCode/Main/HouseKeeping.o
                0x200173a8                ADCS_HK_raw_BigEnE
 .text.ADCS_SC_raw_BigEnE
                0x2001753c      0x188 ./src/sub-systemCode/Main/HouseKeeping.o
                0x2001753c                ADCS_SC_raw_BigEnE
 .text.build_HK_spl_packet
                0x200176c4      0xa2c ./src/sub-systemCode/Main/HouseKeeping.o
                0x200176c4                build_HK_spl_packet
 .text.HouseKeeping_highRate_Task
                0x200180f0       0x78 ./src/sub-systemCode/Main/HouseKeeping.o
                0x200180f0                HouseKeeping_highRate_Task
 .text.HouseKeeping_lowRate_Task
                0x20018168       0x74 ./src/sub-systemCode/Main/HouseKeeping.o
                0x20018168                HouseKeeping_lowRate_Task
 .text.reset_FIRST_activation
                0x200181dc       0x34 ./src/sub-systemCode/Main/Main_Init.o
                0x200181dc                reset_FIRST_activation
 .text.test_menu
                0x20018210       0xb4 ./src/sub-systemCode/Main/Main_Init.o
                0x20018210                test_menu
 .text.numberOfRestarts
                0x200182c4       0x94 ./src/sub-systemCode/Main/Main_Init.o
                0x200182c4                numberOfRestarts
 .text.StartFRAM
                0x20018358       0x38 ./src/sub-systemCode/Main/Main_Init.o
                0x20018358                StartFRAM
 .text.StartI2C
                0x20018390       0x44 ./src/sub-systemCode/Main/Main_Init.o
                0x20018390                StartI2C
 .text.StartSPI
                0x200183d4       0x40 ./src/sub-systemCode/Main/Main_Init.o
                0x200183d4                StartSPI
 .text.StartTIME
                0x20018414      0x118 ./src/sub-systemCode/Main/Main_Init.o
                0x20018414                StartTIME
 .text.first_activation
                0x2001852c       0x78 ./src/sub-systemCode/Main/Main_Init.o
                0x2001852c                first_activation
 .text.resetSD  0x200185a4       0xc4 ./src/sub-systemCode/Main/Main_Init.o
                0x200185a4                resetSD
 .text.InitSubsystems
                0x20018668       0x84 ./src/sub-systemCode/Main/Main_Init.o
                0x20018668                InitSubsystems
 .text.SubSystemTaskStart
                0x200186ec       0xec ./src/sub-systemCode/Main/Main_Init.o
                0x200186ec                SubSystemTaskStart
 .text.copy_command
                0x200187d8       0x80 ./src/sub-systemCode/Main/commands.o
                0x200187d8                copy_command
 .text.reset_command
                0x20018858       0x28 ./src/sub-systemCode/Main/commands.o
                0x20018858                reset_command
 .text.init_command
                0x20018880       0xd4 ./src/sub-systemCode/Main/commands.o
                0x20018880                init_command
 .text.add_command
                0x20018954      0x138 ./src/sub-systemCode/Main/commands.o
                0x20018954                add_command
 .text.get_command
                0x20018a8c      0x1cc ./src/sub-systemCode/Main/commands.o
                0x20018a8c                get_command
 .text.act_upon_command
                0x20018c58      0x240 ./src/sub-systemCode/Main/commands.o
                0x20018c58                act_upon_command
 .text.cmd_error
                0x20018e98       0x38 ./src/sub-systemCode/Main/commands.o
                0x20018e98                cmd_error
 .text.AUC_COMM
                0x20018ed0      0x25c ./src/sub-systemCode/Main/commands.o
                0x20018ed0                AUC_COMM
 .text.AUC_general
                0x2001912c      0x17c ./src/sub-systemCode/Main/commands.o
                0x2001912c                AUC_general
 .text.AUC_payload
                0x200192a8      0x214 ./src/sub-systemCode/Main/commands.o
                0x200192a8                AUC_payload
 .text.AUC_EPS  0x200194bc      0x248 ./src/sub-systemCode/Main/commands.o
                0x200194bc                AUC_EPS
 .text.AUC_ADCS
                0x20019704       0x5c ./src/sub-systemCode/Main/commands.o
                0x20019704                AUC_ADCS
 .text.AUC_GS   0x20019760      0x1fc ./src/sub-systemCode/Main/commands.o
                0x20019760                AUC_GS
 .text.AUC_SW   0x2001995c       0xe4 ./src/sub-systemCode/Main/commands.o
                0x2001995c                AUC_SW
 .text.AUC_onlineTM
                0x20019a40      0x16c ./src/sub-systemCode/Main/commands.o
                0x20019a40                AUC_onlineTM
 .text.AUC_special_operation
                0x20019bac       0x8c ./src/sub-systemCode/Main/commands.o
                0x20019bac                AUC_special_operation
 .text.check_int
                0x20019c38       0x3c ./src/sub-systemCode/Global/Global.o
                0x20019c38                check_int
 .text.check_portBASE_TYPE
                0x20019c74       0x3c ./src/sub-systemCode/Global/Global.o
                0x20019c74                check_portBASE_TYPE
 .text.soft_reset_subsystem
                0x20019cb0       0xd8 ./src/sub-systemCode/Global/Global.o
                0x20019cb0                soft_reset_subsystem
 .text.hard_reset_subsystem
                0x20019d88       0xfc ./src/sub-systemCode/Global/Global.o
                0x20019d88                hard_reset_subsystem
 .text.BigEnE_raw_to_uInt
                0x20019e84       0x94 ./src/sub-systemCode/Global/Global.o
                0x20019e84                BigEnE_raw_to_uInt
 .text.BigEnE_raw_to_uShort
                0x20019f18       0x50 ./src/sub-systemCode/Global/Global.o
                0x20019f18                BigEnE_raw_to_uShort
 .text.BigEnE_uInt_to_raw
                0x20019f68       0x78 ./src/sub-systemCode/Global/Global.o
                0x20019f68                BigEnE_uInt_to_raw
 .text.reset_FRAM_MAIN
                0x20019fe0      0x19c ./src/sub-systemCode/Global/Global.o
                0x20019fe0                reset_FRAM_MAIN
 .text.getBitValueByIndex
                0x2001a17c       0xd0 ./src/sub-systemCode/Global/Global.o
                0x2001a17c                getBitValueByIndex
 .text.init_GP  0x2001a24c      0x300 ./src/sub-systemCode/Global/GlobalParam.o
                0x2001a24c                init_GP
 .text.get_system_state
                0x2001a54c      0x268 ./src/sub-systemCode/Global/GlobalParam.o
                0x2001a54c                get_system_state
 .text.set_system_state
                0x2001a7b4      0x298 ./src/sub-systemCode/Global/GlobalParam.o
                0x2001a7b4                set_system_state
 .text.get_current_global_param
                0x2001aa4c      0x5c8 ./src/sub-systemCode/Global/GlobalParam.o
                0x2001aa4c                get_current_global_param
 .text.set_Vbatt
                0x2001b014       0x8c ./src/sub-systemCode/Global/GlobalParam.o
                0x2001b014                set_Vbatt
 .text.get_Vbatt
                0x2001b0a0       0x8c ./src/sub-systemCode/Global/GlobalParam.o
                0x2001b0a0                get_Vbatt
 .text.set_curBat
                0x2001b12c       0x8c ./src/sub-systemCode/Global/GlobalParam.o
                0x2001b12c                set_curBat
 .text.set_cur3V3
                0x2001b1b8       0x8c ./src/sub-systemCode/Global/GlobalParam.o
                0x2001b1b8                set_cur3V3
 .text.set_cur5V
                0x2001b244       0x8c ./src/sub-systemCode/Global/GlobalParam.o
                0x2001b244                set_cur5V
 .text.set_tempComm_LO
                0x2001b2d0       0x8c ./src/sub-systemCode/Global/GlobalParam.o
                0x2001b2d0                set_tempComm_LO
 .text.set_tempComm_PA
                0x2001b35c       0x8c ./src/sub-systemCode/Global/GlobalParam.o
                0x2001b35c                set_tempComm_PA
 .text.set_tempEPS
                0x2001b3e8       0xc8 ./src/sub-systemCode/Global/GlobalParam.o
                0x2001b3e8                set_tempEPS
 .text.set_tempBatt
                0x2001b4b0       0xc8 ./src/sub-systemCode/Global/GlobalParam.o
                0x2001b4b0                set_tempBatt
 .text.set_RxDoppler
                0x2001b578       0x8c ./src/sub-systemCode/Global/GlobalParam.o
                0x2001b578                set_RxDoppler
 .text.set_RxRSSI
                0x2001b604       0x8c ./src/sub-systemCode/Global/GlobalParam.o
                0x2001b604                set_RxRSSI
 .text.set_TxRefl
                0x2001b690       0x8c ./src/sub-systemCode/Global/GlobalParam.o
                0x2001b690                set_TxRefl
 .text.set_TxForw
                0x2001b71c       0x8c ./src/sub-systemCode/Global/GlobalParam.o
                0x2001b71c                set_TxForw
 .text.get_ST   0x2001b7a8       0x8c ./src/sub-systemCode/Global/GlobalParam.o
                0x2001b7a8                get_ST
 .text.get_Attitude
                0x2001b834      0x128 ./src/sub-systemCode/Global/GlobalParam.o
                0x2001b834                get_Attitude
 .text.set_numOfAPRS
                0x2001b95c       0x8c ./src/sub-systemCode/Global/GlobalParam.o
                0x2001b95c                set_numOfAPRS
 .text.set_numOfResets
                0x2001b9e8       0xac ./src/sub-systemCode/Global/GlobalParam.o
                0x2001b9e8                set_numOfResets
 .text.set_ground_conn
                0x2001ba94       0xa0 ./src/sub-systemCode/Global/GlobalParam.o
                0x2001ba94                set_ground_conn
 .text.get_ground_conn
                0x2001bb34       0xa0 ./src/sub-systemCode/Global/GlobalParam.o
                0x2001bb34                get_ground_conn
 .text.IsisAntS_getStatusData_sideA
                0x2001bbd4       0x3c ./src/sub-systemCode/Global/OnlineTM.o
                0x2001bbd4                IsisAntS_getStatusData_sideA
 .text.IsisAntS_getAlltelemetry_sideA
                0x2001bc10       0x3c ./src/sub-systemCode/Global/OnlineTM.o
                0x2001bc10                IsisAntS_getAlltelemetry_sideA
 .text.IsisAntS_getTemperature_sideA
                0x2001bc4c       0x3c ./src/sub-systemCode/Global/OnlineTM.o
                0x2001bc4c                IsisAntS_getTemperature_sideA
 .text.IsisAntS_getStatusData_sideB
                0x2001bc88       0x3c ./src/sub-systemCode/Global/OnlineTM.o
                0x2001bc88                IsisAntS_getStatusData_sideB
 .text.IsisAntS_getAlltelemetry_sideB
                0x2001bcc4       0x3c ./src/sub-systemCode/Global/OnlineTM.o
                0x2001bcc4                IsisAntS_getAlltelemetry_sideB
 .text.IsisAntS_getTemperature_sideB
                0x2001bd00       0x3c ./src/sub-systemCode/Global/OnlineTM.o
                0x2001bd00                IsisAntS_getTemperature_sideB
 .text.get_item_by_index
                0x2001bd3c       0xd8 ./src/sub-systemCode/Global/OnlineTM.o
                0x2001bd3c                get_item_by_index
 .text.init_onlineParam
                0x2001be14      0xc80 ./src/sub-systemCode/Global/OnlineTM.o
                0x2001be14                init_onlineParam
 .text.reset_offline_TM_list
                0x2001ca94       0x50 ./src/sub-systemCode/Global/OnlineTM.o
                0x2001ca94                reset_offline_TM_list
 .text.get_online_packet
                0x2001cae4      0x254 ./src/sub-systemCode/Global/OnlineTM.o
                0x2001cae4                get_online_packet
 .text.add_onlineTM_param_to_save_list
                0x2001cd38      0x214 ./src/sub-systemCode/Global/OnlineTM.o
                0x2001cd38                add_onlineTM_param_to_save_list
 .text.delete_allTMFilesFromSD
                0x2001cf4c       0xf8 ./src/sub-systemCode/Global/TLM_management.o
                0x2001cf4c                delete_allTMFilesFromSD
 .text.getNumOfFilesInFS
                0x2001d044       0x44 ./src/sub-systemCode/Global/TLM_management.o
 .text.setNumOfFilesInFS
                0x2001d088       0x50 ./src/sub-systemCode/Global/TLM_management.o
 .text.f_managed_enterFS
                0x2001d0d8       0x24 ./src/sub-systemCode/Global/TLM_management.o
                0x2001d0d8                f_managed_enterFS
 .text.f_managed_releaseFS
                0x2001d0fc       0x18 ./src/sub-systemCode/Global/TLM_management.o
                0x2001d0fc                f_managed_releaseFS
 .text.f_managed_open
                0x2001d114       0x3c ./src/sub-systemCode/Global/TLM_management.o
                0x2001d114                f_managed_open
 .text.f_managed_close
                0x2001d150       0x2c ./src/sub-systemCode/Global/TLM_management.o
                0x2001d150                f_managed_close
 .text.InitializeFS
                0x2001d17c      0x188 ./src/sub-systemCode/Global/TLM_management.o
                0x2001d17c                InitializeFS
 .text.c_fileCreate
                0x2001d304       0xf4 ./src/sub-systemCode/Global/TLM_management.o
                0x2001d304                c_fileCreate
 .text.writewithEpochtime
                0x2001d3f8       0x9c ./src/sub-systemCode/Global/TLM_management.o
 .text.get_C_FILE_struct
                0x2001d494      0x104 ./src/sub-systemCode/Global/TLM_management.o
 .text.getFileIndex
                0x2001d598       0x4c ./src/sub-systemCode/Global/TLM_management.o
 .text.get_file_name_by_index
                0x2001d5e4       0x54 ./src/sub-systemCode/Global/TLM_management.o
                0x2001d5e4                get_file_name_by_index
 .text.c_fileReset
                0x2001d638       0xbc ./src/sub-systemCode/Global/TLM_management.o
                0x2001d638                c_fileReset
 .text.c_fileWrite
                0x2001d6f4      0x138 ./src/sub-systemCode/Global/TLM_management.o
                0x2001d6f4                c_fileWrite
 .text.c_fileRead
                0x2001d82c      0x2bc ./src/sub-systemCode/Global/TLM_management.o
                0x2001d82c                c_fileRead
 .text.reset_APRS_list
                0x2001dae8       0xa4 ./src/sub-systemCode/COMM/APRS.o
                0x2001dae8                reset_APRS_list
 .text.send_APRS_Dump
                0x2001db8c      0x1c0 ./src/sub-systemCode/COMM/APRS.o
                0x2001db8c                send_APRS_Dump
 .text.check_APRS
                0x2001dd4c      0x1a4 ./src/sub-systemCode/COMM/APRS.o
                0x2001dd4c                check_APRS
 .text.get_APRS_list
                0x2001def0       0x88 ./src/sub-systemCode/COMM/APRS.o
                0x2001def0                get_APRS_list
 .text.find_CMD_in_list
                0x2001df78       0x7c ./src/sub-systemCode/COMM/DelayedCommand_list.o
                0x2001df78                find_CMD_in_list
 .text.find_empty_in_list
                0x2001dff4       0x74 ./src/sub-systemCode/COMM/DelayedCommand_list.o
                0x2001dff4                find_empty_in_list
 .text.check_delayCommandTime
                0x2001e068       0x8c ./src/sub-systemCode/COMM/DelayedCommand_list.o
                0x2001e068                check_delayCommandTime
 .text.execute_delayedCommand
                0x2001e0f4       0x64 ./src/sub-systemCode/COMM/DelayedCommand_list.o
                0x2001e0f4                execute_delayedCommand
 .text.check_delaycommand
                0x2001e158      0x170 ./src/sub-systemCode/COMM/DelayedCommand_list.o
                0x2001e158                check_delaycommand
 .text.reset_delayCommand
                0x2001e2c8       0x8c ./src/sub-systemCode/COMM/DelayedCommand_list.o
                0x2001e2c8                reset_delayCommand
 .text.add_delayCommand
                0x2001e354      0x1a4 ./src/sub-systemCode/COMM/DelayedCommand_list.o
                0x2001e354                add_delayCommand
 .text.get_delayCommand_list
                0x2001e4f8       0x80 ./src/sub-systemCode/COMM/DelayedCommand_list.o
                0x2001e4f8                get_delayCommand_list
 .text.EmptyOldestCommand
                0x2001e578       0xfc ./src/sub-systemCode/COMM/DelayedCommand_list.o
                0x2001e578                EmptyOldestCommand
 .text.decode_TCpacket
                0x2001e674      0x16c ./src/sub-systemCode/COMM/GSC.o
                0x2001e674                decode_TCpacket
 .text.encode_TCpacket
                0x2001e7e0      0x114 ./src/sub-systemCode/COMM/GSC.o
                0x2001e7e0                encode_TCpacket
 .text.encode_TMpacket
                0x2001e8f4      0x104 ./src/sub-systemCode/COMM/GSC.o
                0x2001e8f4                encode_TMpacket
 .text.build_raw_ACK
                0x2001e9f8       0xbc ./src/sub-systemCode/COMM/GSC.o
                0x2001e9f8                build_raw_ACK
 .text.build_data_field_ACK
                0x2001eab4       0x74 ./src/sub-systemCode/COMM/GSC.o
                0x2001eab4                build_data_field_ACK
 .text.toggle_idle_state
                0x2001eb28       0x64 ./src/sub-systemCode/COMM/TRXVU.o
                0x2001eb28                toggle_idle_state
 .text.TRXVU_init_hardWare
                0x2001eb8c       0x98 ./src/sub-systemCode/COMM/TRXVU.o
                0x2001eb8c                TRXVU_init_hardWare
 .text.TRXVU_init_softWare
                0x2001ec24      0x1a4 ./src/sub-systemCode/COMM/TRXVU.o
                0x2001ec24                TRXVU_init_softWare
 .text.init_trxvu
                0x2001edc8       0x14 ./src/sub-systemCode/COMM/TRXVU.o
                0x2001edc8                init_trxvu
 .text.TRXVU_task
                0x2001eddc       0x9c ./src/sub-systemCode/COMM/TRXVU.o
                0x2001eddc                TRXVU_task
 .text.dump_logic
                0x2001ee78      0x324 ./src/sub-systemCode/COMM/TRXVU.o
                0x2001ee78                dump_logic
 .text.Dump_task
                0x2001f19c      0x16c ./src/sub-systemCode/COMM/TRXVU.o
                0x2001f19c                Dump_task
 .text.transponder_logic
                0x2001f308       0xbc ./src/sub-systemCode/COMM/TRXVU.o
                0x2001f308                transponder_logic
 .text.Transponder_task
                0x2001f3c4      0x1f4 ./src/sub-systemCode/COMM/TRXVU.o
                0x2001f3c4                Transponder_task
 .text.lookForRequestToDelete_transponder
                0x2001f5b8       0xac ./src/sub-systemCode/COMM/TRXVU.o
                0x2001f5b8                lookForRequestToDelete_transponder
 .text.lookForRequestToDelete_dump
                0x2001f664       0x7c ./src/sub-systemCode/COMM/TRXVU.o
                0x2001f664                lookForRequestToDelete_dump
 .text.sendRequestToStop_dump
                0x2001f6e0       0x8c ./src/sub-systemCode/COMM/TRXVU.o
                0x2001f6e0                sendRequestToStop_dump
 .text.sendRequestToStop_transponder
                0x2001f76c       0x98 ./src/sub-systemCode/COMM/TRXVU.o
                0x2001f76c                sendRequestToStop_transponder
 .text.Rx_logic
                0x2001f804      0x184 ./src/sub-systemCode/COMM/TRXVU.o
                0x2001f804                Rx_logic
 .text.pass_above_Ground
                0x2001f988      0x104 ./src/sub-systemCode/COMM/TRXVU.o
                0x2001f988                pass_above_Ground
 .text.trxvu_logic
                0x2001fa8c       0x1c ./src/sub-systemCode/COMM/TRXVU.o
                0x2001fa8c                trxvu_logic
 .text.Beacon_task
                0x2001faa8      0x170 ./src/sub-systemCode/COMM/TRXVU.o
                0x2001faa8                Beacon_task
 .text.buildAndSend_beacon
                0x2001fc18      0x604 ./src/sub-systemCode/COMM/TRXVU.o
                0x2001fc18                buildAndSend_beacon
 .text.reset_FRAM_TRXVU
                0x2002021c      0x160 ./src/sub-systemCode/COMM/TRXVU.o
                0x2002021c                reset_FRAM_TRXVU
 .text.TRX_sendFrame
                0x2002037c      0x1c0 ./src/sub-systemCode/COMM/TRXVU.o
                0x2002037c                TRX_sendFrame
 .text.TRX_getFrameData
                0x2002053c      0x128 ./src/sub-systemCode/COMM/TRXVU.o
                0x2002053c                TRX_getFrameData
 .text.mute_Tx  0x20020664       0x20 ./src/sub-systemCode/COMM/TRXVU.o
                0x20020664                mute_Tx
 .text.unmute_Tx
                0x20020684       0x60 ./src/sub-systemCode/COMM/TRXVU.o
                0x20020684                unmute_Tx
 .text.check_time_off_mute
                0x200206e4       0x88 ./src/sub-systemCode/COMM/TRXVU.o
                0x200206e4                check_time_off_mute
 .text.set_mute_time
                0x2002076c       0xb4 ./src/sub-systemCode/COMM/TRXVU.o
                0x2002076c                set_mute_time
 .text.change_TRXVU_state
                0x20020820       0xd0 ./src/sub-systemCode/COMM/TRXVU.o
                0x20020820                change_TRXVU_state
 .text.change_trans_RSSI
                0x200208f0       0x60 ./src/sub-systemCode/COMM/TRXVU.o
                0x200208f0                change_trans_RSSI
 .text.init_adcs
                0x20020950      0x104 ./src/sub-systemCode/ADCS/ADCS.o
                0x20020950                init_adcs
 .text.telemtryStart
                0x20020a54      0x16c ./src/sub-systemCode/ADCS/Stage_Table.o
                0x20020a54                telemtryStart
 .text.powerStart
                0x20020bc0       0x5c ./src/sub-systemCode/ADCS/Stage_Table.o
                0x20020bc0                powerStart
 .text.createTable
                0x20020c1c       0xb4 ./src/sub-systemCode/ADCS/Stage_Table.o
                0x20020c1c                createTable
 .text.buildControlMode
                0x20020cd0       0x60 ./src/sub-systemCode/ADCS/Stage_Table.o
                0x20020cd0                buildControlMode
 .text.Check_Table
                0x20020d30      0x178 ./src/sub-systemCode/ADCS/Stage_Table.o
                0x20020d30                Check_Table
 .text.updateTable
                0x20020ea8      0x1f0 ./src/sub-systemCode/ADCS/Stage_Table.o
                0x20020ea8                updateTable
 .text.translateCommandFULL
                0x20021098       0x78 ./src/sub-systemCode/ADCS/Stage_Table.o
                0x20021098                translateCommandFULL
 .text.getTableTo
                0x20021110       0x64 ./src/sub-systemCode/ADCS/Stage_Table.o
                0x20021110                getTableTo
 .text.save_time
                0x20021174       0x9c ./src/main.o
                0x20021174                save_time
 .text.Command_logic
                0x20021210       0x6c ./src/main.o
                0x20021210                Command_logic
 .text.taskMain
                0x2002127c       0x74 ./src/main.o
                0x2002127c                taskMain
 .text.main     0x200212f0       0xbc ./src/main.o
                0x200212f0                main
 .text.GomEpsInitialize
                0x200213ac      0x148 C:/HOOPOE3/satellite-subsystems/demo/..//satellite-subsystems/lib\libSatelliteSubsystemsD.a(GomEPS.o)
                0x200213ac                GomEpsInitialize
 .text.makeEPStransfer
                0x200214f4       0x3c C:/HOOPOE3/satellite-subsystems/demo/..//satellite-subsystems/lib\libSatelliteSubsystemsD.a(GomEPS.o)
 .text.GomEpsSoftReset
                0x20021530       0xc4 C:/HOOPOE3/satellite-subsystems/demo/..//satellite-subsystems/lib\libSatelliteSubsystemsD.a(GomEPS.o)
                0x20021530                GomEpsSoftReset
 .text.GomEpsHardReset
                0x200215f4       0xa8 C:/HOOPOE3/satellite-subsystems/demo/..//satellite-subsystems/lib\libSatelliteSubsystemsD.a(GomEPS.o)
                0x200215f4                GomEpsHardReset
 .text.GomEpsGetHkData_param
                0x2002169c      0x29c C:/HOOPOE3/satellite-subsystems/demo/..//satellite-subsystems/lib\libSatelliteSubsystemsD.a(GomEPS.o)
                0x2002169c                GomEpsGetHkData_param
 .text.GomEpsGetHkData_general
                0x20021938      0x45c C:/HOOPOE3/satellite-subsystems/demo/..//satellite-subsystems/lib\libSatelliteSubsystemsD.a(GomEPS.o)
                0x20021938                GomEpsGetHkData_general
 .text.GomEpsGetHkData_vi
                0x20021d94      0x188 C:/HOOPOE3/satellite-subsystems/demo/..//satellite-subsystems/lib\libSatelliteSubsystemsD.a(GomEPS.o)
                0x20021d94                GomEpsGetHkData_vi
 .text.GomEpsGetHkData_out
                0x20021f1c      0x21c C:/HOOPOE3/satellite-subsystems/demo/..//satellite-subsystems/lib\libSatelliteSubsystemsD.a(GomEPS.o)
                0x20021f1c                GomEpsGetHkData_out
 .text.GomEpsGetHkData_wdt
                0x20022138      0x2b4 C:/HOOPOE3/satellite-subsystems/demo/..//satellite-subsystems/lib\libSatelliteSubsystemsD.a(GomEPS.o)
                0x20022138                GomEpsGetHkData_wdt
 .text.GomEpsGetHkData_basic
                0x200223ec      0x22c C:/HOOPOE3/satellite-subsystems/demo/..//satellite-subsystems/lib\libSatelliteSubsystemsD.a(GomEPS.o)
                0x200223ec                GomEpsGetHkData_basic
 .text.GomEpsSetOutput
                0x20022618       0xbc C:/HOOPOE3/satellite-subsystems/demo/..//satellite-subsystems/lib\libSatelliteSubsystemsD.a(GomEPS.o)
                0x20022618                GomEpsSetOutput
 .text.GomEpsResetWDT
                0x200226d4       0xc4 C:/HOOPOE3/satellite-subsystems/demo/..//satellite-subsystems/lib\libSatelliteSubsystemsD.a(GomEPS.o)
                0x200226d4                GomEpsResetWDT
 .text.GomEpsConfigGet
                0x20022798      0x16c C:/HOOPOE3/satellite-subsystems/demo/..//satellite-subsystems/lib\libSatelliteSubsystemsD.a(GomEPS.o)
                0x20022798                GomEpsConfigGet
 .text.GomEpsConfigSet
                0x20022904      0x184 C:/HOOPOE3/satellite-subsystems/demo/..//satellite-subsystems/lib\libSatelliteSubsystemsD.a(GomEPS.o)
                0x20022904                GomEpsConfigSet
 .text.GomEpsConfig2Get
                0x20022a88      0x16c C:/HOOPOE3/satellite-subsystems/demo/..//satellite-subsystems/lib\libSatelliteSubsystemsD.a(GomEPS.o)
                0x20022a88                GomEpsConfig2Get
 .text.makeAntStransfer
                0x20022bf4       0x4c C:/HOOPOE3/satellite-subsystems/demo/..//satellite-subsystems/lib\libSatelliteSubsystemsD.a(IsisAntS.o)
 .text.checkInputsValid
                0x20022c40       0x7c C:/HOOPOE3/satellite-subsystems/demo/..//satellite-subsystems/lib\libSatelliteSubsystemsD.a(IsisAntS.o)
 .text.IsisAntS_setArmStatus
                0x20022cbc      0x104 C:/HOOPOE3/satellite-subsystems/demo/..//satellite-subsystems/lib\libSatelliteSubsystemsD.a(IsisAntS.o)
                0x20022cbc                IsisAntS_setArmStatus
 .text.IsisAntS_getStatusData
                0x20022dc0      0x120 C:/HOOPOE3/satellite-subsystems/demo/..//satellite-subsystems/lib\libSatelliteSubsystemsD.a(IsisAntS.o)
                0x20022dc0                IsisAntS_getStatusData
 .text.IsisAntS_getTemperature
                0x20022ee0      0x120 C:/HOOPOE3/satellite-subsystems/demo/..//satellite-subsystems/lib\libSatelliteSubsystemsD.a(IsisAntS.o)
                0x20022ee0                IsisAntS_getTemperature
 .text.IsisAntS_getAlltelemetry
                0x20023000      0x120 C:/HOOPOE3/satellite-subsystems/demo/..//satellite-subsystems/lib\libSatelliteSubsystemsD.a(IsisAntS.o)
                0x20023000                IsisAntS_getAlltelemetry
 .text.IsisAntS_reset
                0x20023120      0x104 C:/HOOPOE3/satellite-subsystems/demo/..//satellite-subsystems/lib\libSatelliteSubsystemsD.a(IsisAntS.o)
                0x20023120                IsisAntS_reset
 .text.IsisSolarPanelv2_initialize
                0x20023224       0xb4 C:/HOOPOE3/satellite-subsystems/demo/..//satellite-subsystems/lib\libSatelliteSubsystemsD.a(IsisSolarPanelv2.o)
                0x20023224                IsisSolarPanelv2_initialize
 .text.IsisSolarPanelv2_getTemperature
                0x200232d8       0xc8 C:/HOOPOE3/satellite-subsystems/demo/..//satellite-subsystems/lib\libSatelliteSubsystemsD.a(IsisSolarPanelv2.o)
                0x200232d8                IsisSolarPanelv2_getTemperature
 .text.IsisSolarPanelv2_sleep
                0x200233a0       0xbc C:/HOOPOE3/satellite-subsystems/demo/..//satellite-subsystems/lib\libSatelliteSubsystemsD.a(IsisSolarPanelv2.o)
                0x200233a0                IsisSolarPanelv2_sleep
 .text.IsisSolarPanelv2_wakeup
                0x2002345c       0x80 C:/HOOPOE3/satellite-subsystems/demo/..//satellite-subsystems/lib\libSatelliteSubsystemsD.a(IsisSolarPanelv2.o)
                0x2002345c                IsisSolarPanelv2_wakeup
 .text._Reset   0x200234dc       0x20 C:/HOOPOE3/satellite-subsystems/demo/..//satellite-subsystems/lib\libSatelliteSubsystemsD.a(IsisSolarPanelv2.o)
 .text._WaitForStartup
                0x200234fc       0x90 C:/HOOPOE3/satellite-subsystems/demo/..//satellite-subsystems/lib\libSatelliteSubsystemsD.a(IsisSolarPanelv2.o)
 .text._AssignAllChannels
                0x2002358c       0x90 C:/HOOPOE3/satellite-subsystems/demo/..//satellite-subsystems/lib\libSatelliteSubsystemsD.a(IsisSolarPanelv2.o)
 .text._AssignThisChannel
                0x2002361c       0xe8 C:/HOOPOE3/satellite-subsystems/demo/..//satellite-subsystems/lib\libSatelliteSubsystemsD.a(IsisSolarPanelv2.o)
 .text._InitiateConversion
                0x20023704       0xac C:/HOOPOE3/satellite-subsystems/demo/..//satellite-subsystems/lib\libSatelliteSubsystemsD.a(IsisSolarPanelv2.o)
 .text._WaitForConversionComplete
                0x200237b0      0x100 C:/HOOPOE3/satellite-subsystems/demo/..//satellite-subsystems/lib\libSatelliteSubsystemsD.a(IsisSolarPanelv2.o)
 .text._ReadResult
                0x200238b0      0x158 C:/HOOPOE3/satellite-subsystems/demo/..//satellite-subsystems/lib\libSatelliteSubsystemsD.a(IsisSolarPanelv2.o)
 .text._ExtractByte
                0x20023a08       0x38 C:/HOOPOE3/satellite-subsystems/demo/..//satellite-subsystems/lib\libSatelliteSubsystemsD.a(IsisSolarPanelv2.o)
 .text._ExtendSign
                0x20023a40       0x6c C:/HOOPOE3/satellite-subsystems/demo/..//satellite-subsystems/lib\libSatelliteSubsystemsD.a(IsisSolarPanelv2.o)
 .text._PinsInit
                0x20023aac       0x50 C:/HOOPOE3/satellite-subsystems/demo/..//satellite-subsystems/lib\libSatelliteSubsystemsD.a(IsisSolarPanelv2.o)
 .text._SpiWriteRead
                0x20023afc       0x70 C:/HOOPOE3/satellite-subsystems/demo/..//satellite-subsystems/lib\libSatelliteSubsystemsD.a(IsisSolarPanelv2.o)
 .text.IsisTrxvu_initialize
                0x20023b6c      0x2f4 C:/HOOPOE3/satellite-subsystems/demo/..//satellite-subsystems/lib\libSatelliteSubsystemsD.a(IsisTRXVU.o)
                0x20023b6c                IsisTrxvu_initialize
 .text.makeTRXVUtransfer
                0x20023e60       0x44 C:/HOOPOE3/satellite-subsystems/demo/..//satellite-subsystems/lib\libSatelliteSubsystemsD.a(IsisTRXVU.o)
 .text.IsisTrxvu_componentSoftReset
                0x20023ea4       0x6c C:/HOOPOE3/satellite-subsystems/demo/..//satellite-subsystems/lib\libSatelliteSubsystemsD.a(IsisTRXVU.o)
                0x20023ea4                IsisTrxvu_componentSoftReset
 .text.IsisTrxvu_componentHardReset
                0x20023f10       0xc8 C:/HOOPOE3/satellite-subsystems/demo/..//satellite-subsystems/lib\libSatelliteSubsystemsD.a(IsisTRXVU.o)
                0x20023f10                IsisTrxvu_componentHardReset
 .text.IsisTrxvu_softReset
                0x20023fd8       0x74 C:/HOOPOE3/satellite-subsystems/demo/..//satellite-subsystems/lib\libSatelliteSubsystemsD.a(IsisTRXVU.o)
                0x20023fd8                IsisTrxvu_softReset
 .text.IsisTrxvu_hardReset
                0x2002404c       0x74 C:/HOOPOE3/satellite-subsystems/demo/..//satellite-subsystems/lib\libSatelliteSubsystemsD.a(IsisTRXVU.o)
                0x2002404c                IsisTrxvu_hardReset
 .text.IsisTrxvu_tcSendAX25DefClSign
                0x200240c0       0xec C:/HOOPOE3/satellite-subsystems/demo/..//satellite-subsystems/lib\libSatelliteSubsystemsD.a(IsisTRXVU.o)
                0x200240c0                IsisTrxvu_tcSendAX25DefClSign
 .text.IsisTrxvu_tcSetIdlestate
                0x200241ac       0xa4 C:/HOOPOE3/satellite-subsystems/demo/..//satellite-subsystems/lib\libSatelliteSubsystemsD.a(IsisTRXVU.o)
                0x200241ac                IsisTrxvu_tcSetIdlestate
 .text.IsisTrxvu_tcSetAx25Bitrate
                0x20024250       0xc4 C:/HOOPOE3/satellite-subsystems/demo/..//satellite-subsystems/lib\libSatelliteSubsystemsD.a(IsisTRXVU.o)
                0x20024250                IsisTrxvu_tcSetAx25Bitrate
 .text.IsisTrxvu_tcGetTelemetryAll
                0x20024314       0xd0 C:/HOOPOE3/satellite-subsystems/demo/..//satellite-subsystems/lib\libSatelliteSubsystemsD.a(IsisTRXVU.o)
                0x20024314                IsisTrxvu_tcGetTelemetryAll
 .text.IsisTrxvu_tcGetTelemetryAll_revC
                0x200243e4       0xd0 C:/HOOPOE3/satellite-subsystems/demo/..//satellite-subsystems/lib\libSatelliteSubsystemsD.a(IsisTRXVU.o)
                0x200243e4                IsisTrxvu_tcGetTelemetryAll_revC
 .text.IsisTrxvu_rcGetFrameCount
                0x200244b4       0xa0 C:/HOOPOE3/satellite-subsystems/demo/..//satellite-subsystems/lib\libSatelliteSubsystemsD.a(IsisTRXVU.o)
                0x200244b4                IsisTrxvu_rcGetFrameCount
 .text.IsisTrxvu_rcGetCommandFrame
                0x20024554      0x2d8 C:/HOOPOE3/satellite-subsystems/demo/..//satellite-subsystems/lib\libSatelliteSubsystemsD.a(IsisTRXVU.o)
                0x20024554                IsisTrxvu_rcGetCommandFrame
 .text.IsisTrxvu_rcGetTelemetryAll
                0x2002482c       0xd0 C:/HOOPOE3/satellite-subsystems/demo/..//satellite-subsystems/lib\libSatelliteSubsystemsD.a(IsisTRXVU.o)
                0x2002482c                IsisTrxvu_rcGetTelemetryAll
 .text.IsisTrxvu_rcGetTelemetryAll_revC
                0x200248fc       0xec C:/HOOPOE3/satellite-subsystems/demo/..//satellite-subsystems/lib\libSatelliteSubsystemsD.a(IsisTRXVU.o)
                0x200248fc                IsisTrxvu_rcGetTelemetryAll_revC
 .text.cspaceADCS_initialize
                0x200249e8      0x18c C:/HOOPOE3/satellite-subsystems/demo/..//satellite-subsystems/lib\libSatelliteSubsystemsD.a(cspaceADCS.o)
                0x200249e8                cspaceADCS_initialize
 .text.make_cspaceADCStransfer
                0x20024b74      0x1b4 C:/HOOPOE3/satellite-subsystems/demo/..//satellite-subsystems/lib\libSatelliteSubsystemsD.a(cspaceADCS.o)
 .text.cspaceADCS_componentReset
                0x20024d28       0xbc C:/HOOPOE3/satellite-subsystems/demo/..//satellite-subsystems/lib\libSatelliteSubsystemsD.a(cspaceADCS.o)
                0x20024d28                cspaceADCS_componentReset
 .text.cspaceADCS_setRunMode
                0x20024de4       0xbc C:/HOOPOE3/satellite-subsystems/demo/..//satellite-subsystems/lib\libSatelliteSubsystemsD.a(cspaceADCS.o)
                0x20024de4                cspaceADCS_setRunMode
 .text.cspaceADCS_setPwrCtrlDevice
                0x20024ea0       0xd0 C:/HOOPOE3/satellite-subsystems/demo/..//satellite-subsystems/lib\libSatelliteSubsystemsD.a(cspaceADCS.o)
                0x20024ea0                cspaceADCS_setPwrCtrlDevice
 .text.cspaceADCS_setAttCtrlMode
                0x20024f70       0xd0 C:/HOOPOE3/satellite-subsystems/demo/..//satellite-subsystems/lib\libSatelliteSubsystemsD.a(cspaceADCS.o)
                0x20024f70                cspaceADCS_setAttCtrlMode
 .text.cspaceADCS_setAttEstMode
                0x20025040       0xbc C:/HOOPOE3/satellite-subsystems/demo/..//satellite-subsystems/lib\libSatelliteSubsystemsD.a(cspaceADCS.o)
                0x20025040                cspaceADCS_setAttEstMode
 .text.cspaceADCS_getCurrentState
                0x200250fc       0xc4 C:/HOOPOE3/satellite-subsystems/demo/..//satellite-subsystems/lib\libSatelliteSubsystemsD.a(cspaceADCS.o)
                0x200250fc                cspaceADCS_getCurrentState
 .text.cspaceADCS_getPwrCtrlDevice
                0x200251c0       0xc4 C:/HOOPOE3/satellite-subsystems/demo/..//satellite-subsystems/lib\libSatelliteSubsystemsD.a(cspaceADCS.o)
                0x200251c0                cspaceADCS_getPwrCtrlDevice
 .text.GECKO_Init
                0x20025284       0x40 C:/HOOPOE3/satellite-subsystems/demo/..//satellite-subsystems/lib\libSatelliteSubsystemsD.a(gecko_driver.o)
                0x20025284                GECKO_Init
 .text.GECKO_SetReg
                0x200252c4      0x138 C:/HOOPOE3/satellite-subsystems/demo/..//satellite-subsystems/lib\libSatelliteSubsystemsD.a(gecko_driver.o)
                0x200252c4                GECKO_SetReg
 .text.GECKO_GetReg
                0x200253fc      0x110 C:/HOOPOE3/satellite-subsystems/demo/..//satellite-subsystems/lib\libSatelliteSubsystemsD.a(gecko_driver.o)
                0x200253fc                GECKO_GetReg
 .text.GECKO_GetImgData
                0x2002550c       0x5c C:/HOOPOE3/satellite-subsystems/demo/..//satellite-subsystems/lib\libSatelliteSubsystemsD.a(gecko_driver.o)
                0x2002550c                GECKO_GetImgData
 .text.GECKO_StartReadout
                0x20025568       0xb8 C:/HOOPOE3/satellite-subsystems/demo/..//satellite-subsystems/lib\libSatelliteSubsystemsD.a(gecko_driver.o)
                0x20025568                GECKO_StartReadout
 .text.GECKO_StartSample
                0x20025620       0xb8 C:/HOOPOE3/satellite-subsystems/demo/..//satellite-subsystems/lib\libSatelliteSubsystemsD.a(gecko_driver.o)
                0x20025620                GECKO_StartSample
 .text.GECKO_StartErase
                0x200256d8       0xb8 C:/HOOPOE3/satellite-subsystems/demo/..//satellite-subsystems/lib\libSatelliteSubsystemsD.a(gecko_driver.o)
                0x200256d8                GECKO_StartErase
 .text.GECKO_EnableTestPattern
                0x20025790       0xb8 C:/HOOPOE3/satellite-subsystems/demo/..//satellite-subsystems/lib\libSatelliteSubsystemsD.a(gecko_driver.o)
                0x20025790                GECKO_EnableTestPattern
 .text.GECKO_DisableTestPattern