Archive member included because of file (symbol)

c:/isis/application/toolchain/bin/../lib/gcc/arm-none-eabi/4.7.4/../../../../arm-none-eabi/lib\libc_s.a(lib_a-vfprintf_float.o)
                              (_printf_float)
c:/isis/application/toolchain/bin/../lib/gcc/arm-none-eabi/4.7.4/../../../../arm-none-eabi/lib\libc_s.a(lib_a-vfprintf_i.o)
                              c:/isis/application/toolchain/bin/../lib/gcc/arm-none-eabi/4.7.4/../../../../arm-none-eabi/lib\libc_s.a(lib_a-vfprintf_float.o) (_printf_common)
c:/isis/application/toolchain/bin/../lib/gcc/arm-none-eabi/4.7.4/../../../../arm-none-eabi/lib\libc_s.a(lib_a-vfscanf_float.o)
                              (_scanf_float)
c:/isis/application/toolchain/bin/../lib/gcc/arm-none-eabi/4.7.4/../../../../arm-none-eabi/lib\libc_s.a(lib_a-dtoa.o)
                              c:/isis/application/toolchain/bin/../lib/gcc/arm-none-eabi/4.7.4/../../../../arm-none-eabi/lib\libc_s.a(lib_a-vfprintf_float.o) (_dtoa_r)
c:/isis/application/toolchain/bin/../lib/gcc/arm-none-eabi/4.7.4/../../../../arm-none-eabi/lib\libc_s.a(lib_a-locale.o)
                              c:/isis/application/toolchain/bin/../lib/gcc/arm-none-eabi/4.7.4/../../../../arm-none-eabi/lib\libc_s.a(lib_a-vfprintf_float.o) (_localeconv_r)
c:/isis/application/toolchain/bin/../lib/gcc/arm-none-eabi/4.7.4/../../../../arm-none-eabi/lib\libc_s.a(lib_a-malloc.o)
                              c:/isis/application/toolchain/bin/../lib/gcc/arm-none-eabi/4.7.4/../../../../arm-none-eabi/lib\libc_s.a(lib_a-dtoa.o) (malloc)
c:/isis/application/toolchain/bin/../lib/gcc/arm-none-eabi/4.7.4/../../../../arm-none-eabi/lib\libc_s.a(lib_a-mallocr.o)
                              c:/isis/application/toolchain/bin/../lib/gcc/arm-none-eabi/4.7.4/../../../../arm-none-eabi/lib\libc_s.a(lib_a-malloc.o) (_malloc_r)
c:/isis/application/toolchain/bin/../lib/gcc/arm-none-eabi/4.7.4/../../../../arm-none-eabi/lib\libc_s.a(lib_a-memcpy.o)
                              c:/isis/application/toolchain/bin/../lib/gcc/arm-none-eabi/4.7.4/../../../../arm-none-eabi/lib\libc_s.a(lib_a-dtoa.o) (memcpy)
c:/isis/application/toolchain/bin/../lib/gcc/arm-none-eabi/4.7.4/../../../../arm-none-eabi/lib\libc_s.a(lib_a-mprec.o)
                              c:/isis/application/toolchain/bin/../lib/gcc/arm-none-eabi/4.7.4/../../../../arm-none-eabi/lib\libc_s.a(lib_a-dtoa.o) (_Balloc)
c:/isis/application/toolchain/bin/../lib/gcc/arm-none-eabi/4.7.4/../../../../arm-none-eabi/lib\libc_s.a(lib_a-s_fpclassify.o)
                              c:/isis/application/toolchain/bin/../lib/gcc/arm-none-eabi/4.7.4/../../../../arm-none-eabi/lib\libc_s.a(lib_a-vfprintf_float.o) (__fpclassifyd)
c:/isis/application/toolchain/bin/../lib/gcc/arm-none-eabi/4.7.4/../../../../arm-none-eabi/lib\libc_s.a(lib_a-sbrkr.o)
                              c:/isis/application/toolchain/bin/../lib/gcc/arm-none-eabi/4.7.4/../../../../arm-none-eabi/lib\libc_s.a(lib_a-mallocr.o) (_sbrk_r)
c:/isis/application/toolchain/bin/../lib/gcc/arm-none-eabi/4.7.4/../../../../arm-none-eabi/lib\libc_s.a(lib_a-sf_nan.o)
                              c:/isis/application/toolchain/bin/../lib/gcc/arm-none-eabi/4.7.4/../../../../arm-none-eabi/lib\libc_s.a(lib_a-vfscanf_float.o) (nanf)
c:/isis/application/toolchain/bin/../lib/gcc/arm-none-eabi/4.7.4/../../../../arm-none-eabi/lib\libc_s.a(lib_a-sprintf.o)
                              c:/isis/application/toolchain/bin/../lib/gcc/arm-none-eabi/4.7.4/../../../../arm-none-eabi/lib\libc_s.a(lib_a-vfscanf_float.o) (sprintf)
c:/isis/application/toolchain/bin/../lib/gcc/arm-none-eabi/4.7.4/../../../../arm-none-eabi/lib\libc_s.a(lib_a-strcmp.o)
                              c:/isis/application/toolchain/bin/../lib/gcc/arm-none-eabi/4.7.4/../../../../arm-none-eabi/lib\libc_s.a(lib_a-locale.o) (strcmp)
c:/isis/application/toolchain/bin/../lib/gcc/arm-none-eabi/4.7.4/../../../../arm-none-eabi/lib\libc_s.a(lib_a-strlen.o)
                              c:/isis/application/toolchain/bin/../lib/gcc/arm-none-eabi/4.7.4/../../../../arm-none-eabi/lib\libc_s.a(lib_a-vfprintf_float.o) (strlen)
c:/isis/application/toolchain/bin/../lib/gcc/arm-none-eabi/4.7.4/../../../../arm-none-eabi/lib\libc_s.a(lib_a-strtod.o)
                              c:/isis/application/toolchain/bin/../lib/gcc/arm-none-eabi/4.7.4/../../../../arm-none-eabi/lib\libc_s.a(lib_a-vfscanf_float.o) (_strtod_r)
c:/isis/application/toolchain/bin/../lib/gcc/arm-none-eabi/4.7.4/../../../../arm-none-eabi/lib\libc_s.a(lib_a-strtol.o)
                              c:/isis/application/toolchain/bin/../lib/gcc/arm-none-eabi/4.7.4/../../../../arm-none-eabi/lib\libc_s.a(lib_a-vfscanf_float.o) (_strtol_r)
c:/isis/application/toolchain/bin/../lib/gcc/arm-none-eabi/4.7.4/../../../../arm-none-eabi/lib\libc_s.a(lib_a-svfprintf.o)
                              c:/isis/application/toolchain/bin/../lib/gcc/arm-none-eabi/4.7.4/../../../../arm-none-eabi/lib\libc_s.a(lib_a-sprintf.o) (_svfprintf_r)
[...]
Memory Configuration

Name             Origin             Length             Attributes
sram0            0x00200000         0x00004000         w !xr
sram1            0x00300000         0x00004000         w !xr
sdram            0x20000000         0x02000000         w !xr
*default*        0x00000000         0xffffffff

Linker script and memory map

LOAD c:/isis/application/toolchain/bin/../lib/gcc/arm-none-eabi/4.7.4/../../../../arm-none-eabi/lib\libc_s.a
LOAD ./src/sub-systemCode/payload/Request Management/Dump/Butchering.o
LOAD ./src/sub-systemCode/payload/Request Management/Dump/imageDump.o
LOAD ./src/sub-systemCode/payload/Request Management/AutomaticImageHandler.o
LOAD ./src/sub-systemCode/payload/Request Management/CameraManeger.o
LOAD ./src/sub-systemCode/payload/Request Management/DB_RequestHandling.o
LOAD ./src/sub-systemCode/payload/Misc/Boolean_bit.o
LOAD ./src/sub-systemCode/payload/Misc/FileSystem.o
LOAD ./src/sub-systemCode/payload/Drivers/GeckoCameraDriver.o
LOAD ./src/sub-systemCode/payload/DataBase/DataBase.o
LOAD ./src/sub-systemCode/payload/Compression/jpeg/bmp/rawToBMP.o
LOAD ./src/sub-systemCode/payload/Compression/jpeg/DCT.o
LOAD ./src/sub-systemCode/payload/Compression/jpeg/ImgCompressor.o
LOAD ./src/sub-systemCode/payload/Compression/jpeg/color_conv.o
LOAD ./src/sub-systemCode/payload/Compression/jpeg/jpeg.o
LOAD ./src/sub-systemCode/payload/Compression/jpeg/jpeg_encoder.o
LOAD ./src/sub-systemCode/payload/Compression/jpeg/jpeg_memory_alloc.o
LOAD ./src/sub-systemCode/payload/Compression/jpeg/jpeg_params.o
LOAD ./src/sub-systemCode/payload/Compression/jpeg/output_stream.o
LOAD ./src/sub-systemCode/payload/Compression/ImageConversion.o
LOAD ./src/sub-systemCode/Main/CMD/ADCS_CMD.o
LOAD ./src/sub-systemCode/Main/CMD/COMM_CMD.o
LOAD ./src/sub-systemCode/Main/CMD/EPS_CMD.o
LOAD ./src/sub-systemCode/Main/CMD/General_CMD.o
LOAD ./src/sub-systemCode/Main/CMD/SW_CMD.o
LOAD ./src/sub-systemCode/Main/CMD/payload_CMD.o
LOAD ./src/sub-systemCode/Main/Ants.o
LOAD ./src/sub-systemCode/Main/EPS.o
LOAD ./src/sub-systemCode/Main/HouseKeeping.o
LOAD ./src/sub-systemCode/Main/Main_Init.o
LOAD ./src/sub-systemCode/Main/commands.o
LOAD ./src/sub-systemCode/Global/GenericTaskSave.o
LOAD ./src/sub-systemCode/Global/Global.o
LOAD ./src/sub-systemCode/Global/GlobalParam.o
LOAD ./src/sub-systemCode/Global/OnlineTM.o
LOAD ./src/sub-systemCode/Global/TLM_management.o
LOAD ./src/sub-systemCode/Global/freertosExtended.o
LOAD ./src/sub-systemCode/Global/logger.o
LOAD ./src/sub-systemCode/CUF/CUF.o
LOAD ./src/sub-systemCode/CUF/uploadCodeTelemetry.o
LOAD ./src/sub-systemCode/COMM/APRS.o
LOAD ./src/sub-systemCode/COMM/DelayedCommand_list.o
LOAD ./src/sub-systemCode/COMM/GSC.o
LOAD ./src/sub-systemCode/COMM/TRXVU.o
LOAD ./src/sub-systemCode/ADCS/AdcsCommands.o
LOAD ./src/sub-systemCode/ADCS/AdcsGetDataAndTlm.o
LOAD ./src/sub-systemCode/ADCS/AdcsMain.o
LOAD ./src/sub-systemCode/ADCS/AdcsTroubleShooting.o
LOAD ./src/sub-systemCode/ADCS/StateMachine.o
LOAD ./src/main.o
LOAD C:/HOOPOE3/satellite-subsystems/demo/..//satellite-subsystems/lib\libSatelliteSubsystemsD.a
LOAD c:/isis/application/toolchain/bin/../lib/gcc/arm-none-eabi/4.7.4/../../../../arm-none-eabi/lib\libm.a
LOAD C:/HOOPOE3/satellite-subsystems/demo/../..//hal/hcc/lib\libHCCD.a
LOAD C:/HOOPOE3/satellite-subsystems/demo/../..//hal/hal/lib\libHALD.a
LOAD C:/HOOPOE3/satellite-subsystems/demo/../..//hal/freertos/lib\libFreeRTOSD.a
LOAD C:/HOOPOE3/satellite-subsystems/demo/../..//hal/at91/lib\libAt91D.a
START GROUP
LOAD c:/isis/application/toolchain/bin/../lib/gcc/arm-none-eabi/4.7.4\libgcc.a
LOAD c:/isis/application/toolchain/bin/../lib/gcc/arm-none-eabi/4.7.4/../../../../arm-none-eabi/lib\libc_s.a
END GROUP

.fixed          0x20000000    0x8ea78
                0x20000000                . = ALIGN (0x4)
                0x20000000                _sfixed = .
 *(.startup)
 .startup       0x20000000      0x134 C:/HOOPOE3/satellite-subsystems/demo/../..//hal/at91/lib\libAt91D.a(board_cstartup.o)
                0x20000000                entry
 *(.text)
 .text          0x20000134       0x64 C:/HOOPOE3/satellite-subsystems/demo/../..//hal/at91/lib\libAt91D.a(cp15_asm.o)
                0x20000134                _readControlRegister
                0x20000140                _writeControlRegister
                0x20000148                _waitForInterrupt
                0x20000154                _writeTTB
                0x2000015c                _writeDomain
                0x20000164                _writeITLBLockdown
                0x2000016c                _prefetchICacheLine
                0x20000174                _flushDCache
                0x20000180                _flushWriteBuffer
                0x2000018c                _invalidateIDTLBs
 .text          0x20000198      0x114 c:/isis/application/toolchain/bin/../lib/gcc/arm-none-eabi/4.7.4\libgcc.a(_udivsi3.o)
                0x20000198                __aeabi_uidiv
                0x20000198                __udivsi3
                0x2000028c                __aeabi_uidivmod
 .text          0x200002ac      0x148 c:/isis/application/toolchain/bin/../lib/gcc/arm-none-eabi/4.7.4\libgcc.a(_divsi3.o)
                0x200002ac                __divsi3
                0x200002ac                __aeabi_idiv
                0x200003d4                __aeabi_idivmod
 .text          0x200003f4        0x4 c:/isis/application/toolchain/bin/../lib/gcc/arm-none-eabi/4.7.4\libgcc.a(_dvmd_tls.o)
                0x200003f4                __aeabi_idiv0
                0x200003f4                __aeabi_ldiv0
 .text          0x200003f8      0x41c c:/isis/application/toolchain/bin/../lib/gcc/arm-none-eabi/4.7.4\libgcc.a(_arm_addsubdf3.o)
                0x200003f8                __aeabi_drsub
                0x20000400                __aeabi_dsub
                0x20000400                __subdf3
                0x20000404                __aeabi_dadd
                0x20000404                __adddf3
                0x20000714                __floatunsidf
                0x20000714                __aeabi_ui2d
                0x20000738                __floatsidf
                0x20000738                __aeabi_i2d
                0x20000760                __aeabi_f2d
                0x20000760                __extendsfdf2
                0x200007a0                __floatundidf
                0x200007a0                __aeabi_ul2d
                0x200007b4                __floatdidf
                0x200007b4                __aeabi_l2d
 .text          0x20000814      0x49c c:/isis/application/toolchain/bin/../lib/gcc/arm-none-eabi/4.7.4\libgcc.a(_arm_muldivdf3.o)
                0x20000814                __aeabi_dmul
                0x20000814                __muldf3
                0x20000aa4                __divdf3
                0x20000aa4                __aeabi_ddiv
 .text          0x20000cb0      0x144 c:/isis/application/toolchain/bin/../lib/gcc/arm-none-eabi/4.7.4\libgcc.a(_arm_cmpdf2.o)
                0x20000cb0                __gtdf2
                0x20000cb0                __gedf2
                0x20000cb8                __ltdf2
                0x20000cb8                __ledf2
                0x20000cc0                __nedf2
                0x20000cc0                __eqdf2
                0x20000cc0                __cmpdf2
                0x20000d48                __aeabi_cdrcmple
                0x20000d64                __aeabi_cdcmpeq
                0x20000d64                __aeabi_cdcmple
                0x20000d7c                __aeabi_dcmpeq
                0x20000d94                __aeabi_dcmplt
                0x20000dac                __aeabi_dcmple
                0x20000dc4                __aeabi_dcmpge
                0x20000ddc                __aeabi_dcmpgt
 .text          0x20000df4       0x5c c:/isis/application/toolchain/bin/../lib/gcc/arm-none-eabi/4.7.4\libgcc.a(_arm_fixdfsi.o)
                0x20000df4                __aeabi_d2iz
                0x20000df4                __fixdfsi
 .text          0x20000e50       0x54 c:/isis/application/toolchain/bin/../lib/gcc/arm-none-eabi/4.7.4\libgcc.a(_arm_fixunsdfsi.o)
                0x20000e50                __aeabi_d2uiz
                0x20000e50                __fixunsdfsi
 .text          0x20000ea4       0xa0 c:/isis/application/toolchain/bin/../lib/gcc/arm-none-eabi/4.7.4\libgcc.a(_arm_truncdfsf2.o)
                0x20000ea4                __truncdfsf2
                0x20000ea4                __aeabi_d2f
 .text          0x20000f44      0x2ac c:/isis/application/toolchain/bin/../lib/gcc/arm-none-eabi/4.7.4\libgcc.a(_arm_addsubsf3.o)
                0x20000f44                __aeabi_frsub
                0x20000f4c                __subsf3
                0x20000f4c                __aeabi_fsub
                0x20000f50                __aeabi_fadd
                0x20000f50                __addsf3
                0x2000110c                __aeabi_ui2f
                0x2000110c                __floatunsisf
                0x20001114                __aeabi_i2f
                0x20001114                __floatsisf
                0x20001134                __aeabi_ul2f
                0x20001134                __floatundisf
                0x20001144                __aeabi_l2f
                0x20001144                __floatdisf
 .text          0x200011f0      0x2f8 c:/isis/application/toolchain/bin/../lib/gcc/arm-none-eabi/4.7.4\libgcc.a(_arm_muldivsf3.o)
                0x200011f0                __mulsf3
                0x200011f0                __aeabi_fmul
                0x20001388                __aeabi_fdiv
                0x20001388                __divsf3
 .text          0x200014e8      0x114 c:/isis/application/toolchain/bin/../lib/gcc/arm-none-eabi/4.7.4\libgcc.a(_arm_cmpsf2.o)
                0x200014e8                __gesf2
                0x200014e8                __gtsf2
                0x200014f0                __lesf2
                0x200014f0                __ltsf2
                0x200014f8                __nesf2
                0x200014f8                __eqsf2
                0x200014f8                __cmpsf2
                0x2000155c                __aeabi_cfrcmple
                0x2000156c                __aeabi_cfcmpeq
                0x2000156c                __aeabi_cfcmple
                0x20001584                __aeabi_fcmpeq
                0x2000159c                __aeabi_fcmplt
                0x200015b4                __aeabi_fcmple
                0x200015cc                __aeabi_fcmpge
                0x200015e4                __aeabi_fcmpgt
 .text          0x200015fc       0x5c c:/isis/application/toolchain/bin/../lib/gcc/arm-none-eabi/4.7.4\libgcc.a(_arm_fixsfsi.o)
                0x200015fc                __aeabi_f2iz
                0x200015fc                __fixsfsi
 .text          0x20001658       0x54 c:/isis/application/toolchain/bin/../lib/gcc/arm-none-eabi/4.7.4\libgcc.a(_arm_fixunssfsi.o)
                0x20001658                __fixunssfsi
                0x20001658                __aeabi_f2uiz
 *(.text*)
 .text.__cvt    0x200016ac      0x138 c:/isis/application/toolchain/bin/../lib/gcc/arm-none-eabi/4.7.4/../../../../arm-none-eabi/lib\libc_s.a(lib_a-vfprintf_float.o)
                0x200016ac                __cvt
 .text.__exponent
                0x200017e4       0xa8 c:/isis/application/toolchain/bin/../lib/gcc/arm-none-eabi/4.7.4/../../../../arm-none-eabi/lib\libc_s.a(lib_a-vfprintf_float.o)
                0x200017e4                __exponent
 .text._printf_float
                0x2000188c      0x7dc c:/isis/application/toolchain/bin/../lib/gcc/arm-none-eabi/4.7.4/../../../../arm-none-eabi/lib\libc_s.a(lib_a-vfprintf_float.o)
                0x2000188c                _printf_float
 .text._printf_common
                0x20002068      0x174 c:/isis/application/toolchain/bin/../lib/gcc/arm-none-eabi/4.7.4/../../../../arm-none-eabi/lib\libc_s.a(lib_a-vfprintf_i.o)
                0x20002068                _printf_common
 .text._printf_i
                0x200021dc      0x3c4 c:/isis/application/toolchain/bin/../lib/gcc/arm-none-eabi/4.7.4/../../../../arm-none-eabi/lib\libc_s.a(lib_a-vfprintf_i.o)
                0x200021dc                _printf_i
 .text._scanf_float
                0x200025a0      0x5f4 c:/isis/application/toolchain/bin/../lib/gcc/arm-none-eabi/4.7.4/../../../../arm-none-eabi/lib\libc_s.a(lib_a-vfscanf_float.o)
                0x200025a0                _scanf_float
 .text.quorem   0x20002b94      0x1ac c:/isis/application/toolchain/bin/../lib/gcc/arm-none-eabi/4.7.4/../../../../arm-none-eabi/lib\libc_s.a(lib_a-dtoa.o)
 .text._dtoa_r  0x20002d40     0x1268 c:/isis/application/toolchain/bin/../lib/gcc/arm-none-eabi/4.7.4/../../../../arm-none-eabi/lib\libc_s.a(lib_a-dtoa.o)
                0x20002d40                _dtoa_r
 .text._localeconv_r
                0x20003fa8        0xc c:/isis/application/toolchain/bin/../lib/gcc/arm-none-eabi/4.7.4/../../../../arm-none-eabi/lib\libc_s.a(lib_a-locale.o)
                0x20003fa8                _localeconv_r
 .text.malloc   0x20003fb4       0x20 c:/isis/application/toolchain/bin/../lib/gcc/arm-none-eabi/4.7.4/../../../../arm-none-eabi/lib\libc_s.a(lib_a-malloc.o)
                0x20003fb4                malloc
 .text.free     0x20003fd4       0x20 c:/isis/application/toolchain/bin/../lib/gcc/arm-none-eabi/4.7.4/../../../../arm-none-eabi/lib\libc_s.a(lib_a-malloc.o)
                0x20003fd4                free
 .text._malloc_r
                0x20003ff4       0xfc c:/isis/application/toolchain/bin/../lib/gcc/arm-none-eabi/4.7.4/../../../../arm-none-eabi/lib\libc_s.a(lib_a-mallocr.o)
                0x20003ff4                _malloc_r
 .text.memcpy   0x200040f0       0x20 c:/isis/application/toolchain/bin/../lib/gcc/arm-none-eabi/4.7.4/../../../../arm-none-eabi/lib\libc_s.a(lib_a-memcpy.o)
                0x200040f0                memcpy
 .text._Balloc  0x20004110       0xcc c:/isis/application/toolchain/bin/../lib/gcc/arm-none-eabi/4.7.4/../../../../arm-none-eabi/lib\libc_s.a(lib_a-mprec.o)
                0x20004110                _Balloc
 .text._Bfree   0x200041dc       0x5c c:/isis/application/toolchain/bin/../lib/gcc/arm-none-eabi/4.7.4/../../../../arm-none-eabi/lib\libc_s.a(lib_a-mprec.o)
                0x200041dc                _Bfree
 .text.__multadd
                0x20004238       0xbc c:/isis/application/toolchain/bin/../lib/gcc/arm-none-eabi/4.7.4/../../../../arm-none-eabi/lib\libc_s.a(lib_a-mprec.o)
                0x20004238                __multadd
 .text.__s2b    0x200042f4       0xd8 c:/isis/application/toolchain/bin/../lib/gcc/arm-none-eabi/4.7.4/../../../../arm-none-eabi/lib\libc_s.a(lib_a-mprec.o)
                0x200042f4                __s2b
 .text.__hi0bits
                0x200043cc       0x58 c:/isis/application/toolchain/bin/../lib/gcc/arm-none-eabi/4.7.4/../../../../arm-none-eabi/lib\libc_s.a(lib_a-mprec.o)
                0x200043cc                __hi0bits
 .text.__lo0bits
                0x20004424       0x94 c:/isis/application/toolchain/bin/../lib/gcc/arm-none-eabi/4.7.4/../../../../arm-none-eabi/lib\libc_s.a(lib_a-mprec.o)
                0x20004424                __lo0bits
 .text.__i2b    0x200044b8       0x24 c:/isis/application/toolchain/bin/../lib/gcc/arm-none-eabi/4.7.4/../../../../arm-none-eabi/lib\libc_s.a(lib_a-mprec.o)
                0x200044b8                __i2b
 .text.__multiply
                0x200044dc      0x1ac c:/isis/application/toolchain/bin/../lib/gcc/arm-none-eabi/4.7.4/../../../../arm-none-eabi/lib\libc_s.a(lib_a-mprec.o)
                0x200044dc                __multiply
 .text.__pow5mult
                0x20004688      0x10c c:/isis/application/toolchain/bin/../lib/gcc/arm-none-eabi/4.7.4/../../../../arm-none-eabi/lib\libc_s.a(lib_a-mprec.o)
                0x20004688                __pow5mult
 .text.__lshift
                0x20004794       0xf0 c:/isis/application/toolchain/bin/../lib/gcc/arm-none-eabi/4.7.4/../../../../arm-none-eabi/lib\libc_s.a(lib_a-mprec.o)
                0x20004794                __lshift
 .text.__mcmp   0x20004884       0x60 c:/isis/application/toolchain/bin/../lib/gcc/arm-none-eabi/4.7.4/../../../../arm-none-eabi/lib\libc_s.a(lib_a-mprec.o)
                0x20004884                __mcmp
 .text.__mdiff  0x200048e4      0x128 c:/isis/application/toolchain/bin/../lib/gcc/arm-none-eabi/4.7.4/../../../../arm-none-eabi/lib\libc_s.a(lib_a-mprec.o)
                0x200048e4                __mdiff
 .text.__ulp    0x20004a0c       0x5c c:/isis/application/toolchain/bin/../lib/gcc/arm-none-eabi/4.7.4/../../../../arm-none-eabi/lib\libc_s.a(lib_a-mprec.o)
                0x20004a0c                __ulp
 .text.__b2d    0x20004a68       0xc8 c:/isis/application/toolchain/bin/../lib/gcc/arm-none-eabi/4.7.4/../../../../arm-none-eabi/lib\libc_s.a(lib_a-mprec.o)
                0x20004a68                __b2d
 .text.__d2b    0x20004b30       0xfc c:/isis/application/toolchain/bin/../lib/gcc/arm-none-eabi/4.7.4/../../../../arm-none-eabi/lib\libc_s.a(lib_a-mprec.o)
                0x20004b30                __d2b
 .text.__ratio  0x20004c2c       0x70 c:/isis/application/toolchain/bin/../lib/gcc/arm-none-eabi/4.7.4/../../../../arm-none-eabi/lib\libc_s.a(lib_a-mprec.o)
                0x20004c2c                __ratio
 .text.__copybits
                0x20004c9c       0x4c c:/isis/application/toolchain/bin/../lib/gcc/arm-none-eabi/4.7.4/../../../../arm-none-eabi/lib\libc_s.a(lib_a-mprec.o)
                0x20004c9c                __copybits
 .text.__any_on
                0x20004ce8       0x7c c:/isis/application/toolchain/bin/../lib/gcc/arm-none-eabi/4.7.4/../../../../arm-none-eabi/lib\libc_s.a(lib_a-mprec.o)
                0x20004ce8                __any_on
 .text.__fpclassifyd
                0x20004d64       0x6c c:/isis/application/toolchain/bin/../lib/gcc/arm-none-eabi/4.7.4/../../../../arm-none-eabi/lib\libc_s.a(lib_a-s_fpclassify.o)
                0x20004d64                __fpclassifyd
 .text._sbrk_r  0x20004dd0       0x3c c:/isis/application/toolchain/bin/../lib/gcc/arm-none-eabi/4.7.4/../../../../arm-none-eabi/lib\libc_s.a(lib_a-sbrkr.o)
                0x20004dd0                _sbrk_r
 .text.nanf     0x20004e0c        0xc c:/isis/application/toolchain/bin/../lib/gcc/arm-none-eabi/4.7.4/../../../../arm-none-eabi/lib\libc_s.a(lib_a-sf_nan.o)
                0x20004e0c                nanf
 .text.sprintf  0x20004e18       0x6c c:/isis/application/toolchain/bin/../lib/gcc/arm-none-eabi/4.7.4/../../../../arm-none-eabi/lib\libc_s.a(lib_a-sprintf.o)
                0x20004e18                siprintf
                0x20004e18                sprintf
 .text.strcmp   0x20004e84       0x1c c:/isis/application/toolchain/bin/../lib/gcc/arm-none-eabi/4.7.4/../../../../arm-none-eabi/lib\libc_s.a(lib_a-strcmp.o)
                0x20004e84                strcmp
 .text.strlen   0x20004ea0       0x1c c:/isis/application/toolchain/bin/../lib/gcc/arm-none-eabi/4.7.4/../../../../arm-none-eabi/lib\libc_s.a(lib_a-strlen.o)
                0x20004ea0                strlen
 .text.match    0x20004ebc       0x54 c:/isis/application/toolchain/bin/../lib/gcc/arm-none-eabi/4.7.4/../../../../arm-none-eabi/lib\libc_s.a(lib_a-strtod.o)
 .text._strtod_r
                0x20004f10     0x1168 c:/isis/application/toolchain/bin/../lib/gcc/arm-none-eabi/4.7.4/../../../../arm-none-eabi/lib\libc_s.a(lib_a-strtod.o)
                0x20004f10                _strtod_r
 .text._strtol_r
                0x20006078      0x1b8 c:/isis/application/toolchain/bin/../lib/gcc/arm-none-eabi/4.7.4/../../../../arm-none-eabi/lib\libc_s.a(lib_a-strtol.o)
                0x20006078                _strtol_r
 .text.__ssputc_r
                0x20006230      0x10c c:/isis/application/toolchain/bin/../lib/gcc/arm-none-eabi/4.7.4/../../../../arm-none-eabi/lib\libc_s.a(lib_a-svfprintf.o)
                0x20006230                __ssputc_r
 .text._svfprintf_r
                0x2000633c      0x328 c:/isis/application/toolchain/bin/../lib/gcc/arm-none-eabi/4.7.4/../../../../arm-none-eabi/lib\libc_s.a(lib_a-svfprintf.o)
                0x2000633c                _svfiprintf_r
                0x2000633c                _svfprintf_r
 .text._calloc_r
                0x20006664       0x2c c:/isis/application/toolchain/bin/../lib/gcc/arm-none-eabi/4.7.4/../../../../arm-none-eabi/lib\libc_s.a(lib_a-callocr.o)
                0x20006664                _calloc_r
 .text._free_r  0x20006690      0x108 c:/isis/application/toolchain/bin/../lib/gcc/arm-none-eabi/4.7.4/../../../../arm-none-eabi/lib\libc_s.a(lib_a-freer.o)
                0x20006690                _free_r
 .text.rshift   0x20006798       0xb0 c:/isis/application/toolchain/bin/../lib/gcc/arm-none-eabi/4.7.4/../../../../arm-none-eabi/lib\libc_s.a(lib_a-gdtoa-gethex.o)
 .text.htinit.constprop.0
                0x20006848       0x34 c:/isis/application/toolchain/bin/../lib/gcc/arm-none-eabi/4.7.4/../../../../arm-none-eabi/lib\libc_s.a(lib_a-gdtoa-gethex.o)
 .text.__hexdig_init
                0x2000687c       0x38 c:/isis/application/toolchain/bin/../lib/gcc/arm-none-eabi/4.7.4/../../../../arm-none-eabi/lib\libc_s.a(lib_a-gdtoa-gethex.o)
                0x2000687c                __hexdig_init
 .text.__gethex
                0x200068b4      0x6cc c:/isis/application/toolchain/bin/../lib/gcc/arm-none-eabi/4.7.4/../../../../arm-none-eabi/lib\libc_s.a(lib_a-gdtoa-gethex.o)
                0x200068b4                __gethex
 .text.L_shift  0x20006f80       0x38 c:/isis/application/toolchain/bin/../lib/gcc/arm-none-eabi/4.7.4/../../../../arm-none-eabi/lib\libc_s.a(lib_a-gdtoa-hexnan.o)
 .text.__hexnan
                0x20006fb8      0x1d8 c:/isis/application/toolchain/bin/../lib/gcc/arm-none-eabi/4.7.4/../../../../arm-none-eabi/lib\libc_s.a(lib_a-gdtoa-hexnan.o)
                0x20006fb8                __hexnan
 .text.memchr   0x20007190       0x34 c:/isis/application/toolchain/bin/../lib/gcc/arm-none-eabi/4.7.4/../../../../arm-none-eabi/lib\libc_s.a(lib_a-memchr.o)
                0x20007190                memchr
 .text.memset   0x200071c4       0x1c c:/isis/application/toolchain/bin/../lib/gcc/arm-none-eabi/4.7.4/../../../../arm-none-eabi/lib\libc_s.a(lib_a-memset.o)
                0x200071c4                memset
 .text._realloc_r
                0x200071e0       0x80 c:/isis/application/toolchain/bin/../lib/gcc/arm-none-eabi/4.7.4/../../../../arm-none-eabi/lib\libc_s.a(lib_a-reallocr.o)
                0x200071e0                _realloc_r
 .text.strncmp  0x20007260       0x64 c:/isis/application/toolchain/bin/../lib/gcc/arm-none-eabi/4.7.4/../../../../arm-none-eabi/lib\libc_s.a(lib_a-strncmp.o)
                0x20007260                strncmp
 .text._malloc_usable_size_r
                0x200072c4       0x1c c:/isis/application/toolchain/bin/../lib/gcc/arm-none-eabi/4.7.4/../../../../arm-none-eabi/lib\libc_s.a(lib_a-msizer.o)
                0x200072c4                _malloc_usable_size_r
 .text.GetChunkFromImage
                0x200072e0      0x2d0 ./src/sub-systemCode/payload/Request Management/Dump/Butchering.o
                0x200072e0                GetChunkFromImage
 .text.SimpleButcher
                0x200075b0       0xd8 ./src/sub-systemCode/payload/Request Management/Dump/Butchering.o
                0x200075b0                SimpleButcher
 .text.readChunkDimentionsFromFRAM
                0x20007688       0x80 ./src/sub-systemCode/payload/Request Management/Dump/imageDump.o
                0x20007688                readChunkDimentionsFromFRAM
 .text.setChunkDimensions_inFRAM
                0x20007708      0x10c ./src/sub-systemCode/payload/Request Management/Dump/imageDump.o
                0x20007708                setChunkDimensions_inFRAM
 .text.getLastImageChunkIndex
                0x20007814      0x1bc ./src/sub-systemCode/payload/Request Management/Dump/imageDump.o
                0x20007814                getLastImageChunkIndex
 .text.find_subType_ofImage
                0x200079d0       0xe0 ./src/sub-systemCode/payload/Request Management/Dump/imageDump.o
                0x200079d0                find_subType_ofImage
 .text.buildAndSend_chunck
                0x20007ab0      0x320 ./src/sub-systemCode/payload/Request Management/Dump/imageDump.o
                0x20007ab0                buildAndSend_chunck
 .text.chunkField_imageDump
                0x20007dd0      0x258 ./src/sub-systemCode/payload/Request Management/Dump/imageDump.o
                0x20007dd0                chunkField_imageDump
 .text.bitField_imageDump
                0x20008028      0x23c ./src/sub-systemCode/payload/Request Management/Dump/imageDump.o
                0x20008028                bitField_imageDump
 .text.fileTypeDump
                0x20008264      0x174 ./src/sub-systemCode/payload/Request Management/Dump/imageDump.o
                0x20008264                fileTypeDump
 .text.imageDataBase_Dump
                0x200083d8      0x118 ./src/sub-systemCode/payload/Request Management/Dump/imageDump.o
                0x200083d8                imageDataBase_Dump
 .text.exitImageDumpTask
                0x200084f0       0x18 ./src/sub-systemCode/payload/Request Management/Dump/imageDump.o
 .text.imageDump_task
                0x20008508      0x41c ./src/sub-systemCode/payload/Request Management/Dump/imageDump.o
                0x20008508                imageDump_task
 .text.KickStartImageDumpTask
                0x20008924       0x60 ./src/sub-systemCode/payload/Request Management/Dump/imageDump.o
                0x20008924                KickStartImageDumpTask
 .text.SendGeckoRegisters
                0x20008984      0x194 ./src/sub-systemCode/payload/Request Management/Dump/imageDump.o
                0x20008984                SendGeckoRegisters
 .text.create_xAutomaticImageHandlingTaskSuspensionFlag
                0x20008b18       0x58 ./src/sub-systemCode/payload/Request Management/AutomaticImageHandler.o
                0x20008b18                create_xAutomaticImageHandlingTaskSuspensionFlag
 .text.get_automatic_image_handling_task_suspension_flag
                0x20008b70       0x68 ./src/sub-systemCode/payload/Request Management/AutomaticImageHandler.o
                0x20008b70                get_automatic_image_handling_task_suspension_flag
 .text.set_automatic_image_handling_task_suspension_flag
                0x20008bd8       0x5c ./src/sub-systemCode/payload/Request Management/AutomaticImageHandler.o
                0x20008bd8                set_automatic_image_handling_task_suspension_flag
 .text.create_xAutomaticImageHandlingReadyForLongTermStop
                0x20008c34       0x58 ./src/sub-systemCode/payload/Request Management/AutomaticImageHandler.o
                0x20008c34                create_xAutomaticImageHandlingReadyForLongTermStop
 .text.get_automatic_image_handling_ready_for_long_term_stop
                0x20008c8c       0x68 ./src/sub-systemCode/payload/Request Management/AutomaticImageHandler.o
                0x20008c8c                get_automatic_image_handling_ready_for_long_term_stop
 .text.set_automatic_image_handling_ready_for_long_term_stop
                0x20008cf4       0x5c ./src/sub-systemCode/payload/Request Management/AutomaticImageHandler.o
                0x20008cf4                set_automatic_image_handling_ready_for_long_term_stop
 .text.create_xAutomaticImageHandling_taskHandle
                0x20008d50       0x68 ./src/sub-systemCode/payload/Request Management/AutomaticImageHandler.o
                0x20008d50                create_xAutomaticImageHandling_taskHandle
 .text.suspendAutomaticImageHandlingTask
                0x20008db8       0x6c ./src/sub-systemCode/payload/Request Management/AutomaticImageHandler.o
                0x20008db8                suspendAutomaticImageHandlingTask
 .text.resumeAutomaticImageHandlingTask
                0x20008e24       0x64 ./src/sub-systemCode/payload/Request Management/AutomaticImageHandler.o
                0x20008e24                resumeAutomaticImageHandlingTask
 .text.checkIfInAutomaticImageHandlingTask
                0x20008e88       0x9c ./src/sub-systemCode/payload/Request Management/AutomaticImageHandler.o
                0x20008e88                checkIfInAutomaticImageHandlingTask
 .text.resumeAction
                0x20008f24       0x34 ./src/sub-systemCode/payload/Request Management/AutomaticImageHandler.o
                0x20008f24                resumeAction
 .text.stopAction
                0x20008f58       0x48 ./src/sub-systemCode/payload/Request Management/AutomaticImageHandler.o
                0x20008f58                stopAction
 .text.AutomaticImageHandlerTaskMain
                0x20008fa0       0xf0 ./src/sub-systemCode/payload/Request Management/AutomaticImageHandler.o
                0x20008fa0                AutomaticImageHandlerTaskMain
 .text.initAutomaticImageHandlerTask
                0x20009090       0x1c ./src/sub-systemCode/payload/Request Management/AutomaticImageHandler.o
                0x20009090                initAutomaticImageHandlerTask
 .text.KickStartAutomaticImageHandlerTask
                0x200090ac       0x90 ./src/sub-systemCode/payload/Request Management/AutomaticImageHandler.o
                0x200090ac                KickStartAutomaticImageHandlerTask
 .text.CameraManagerTaskMain
                0x2000913c      0x104 ./src/sub-systemCode/payload/Request Management/CameraManeger.o
                0x2000913c                CameraManagerTaskMain
 .text.setGeckoParametersInFRAM
                0x20009240       0x3c ./src/sub-systemCode/payload/Request Management/CameraManeger.o
                0x20009240                setGeckoParametersInFRAM
 .text.getGeckoParametersFromFRAM
                0x2000927c       0x3c ./src/sub-systemCode/payload/Request Management/CameraManeger.o
                0x2000927c                getGeckoParametersFromFRAM
 .text.createFolders
                0x200092b8      0x2cc ./src/sub-systemCode/payload/Request Management/CameraManeger.o
                0x200092b8                createFolders
 .text.initCamera
                0x20009584       0xe4 ./src/sub-systemCode/payload/Request Management/CameraManeger.o
                0x20009584                initCamera
 .text.inner_init
                0x20009668       0x40 ./src/sub-systemCode/payload/Request Management/CameraManeger.o
 .text.KickStartCamera
                0x200096a8       0xa4 ./src/sub-systemCode/payload/Request Management/CameraManeger.o
                0x200096a8                KickStartCamera
 .text.addRequestToQueue
                0x2000974c       0xa8 ./src/sub-systemCode/payload/Request Management/CameraManeger.o
                0x2000974c                addRequestToQueue
 .text.removeRequestFromQueue
                0x200097f4       0x7c ./src/sub-systemCode/payload/Request Management/CameraManeger.o
                0x200097f4                removeRequestFromQueue
 .text.resetQueue
                0x20009870       0x2c ./src/sub-systemCode/payload/Request Management/CameraManeger.o
                0x20009870                resetQueue
 .text.Take_pictures_with_time_in_between
                0x2000989c      0x118 ./src/sub-systemCode/payload/Request Management/CameraManeger.o
                0x2000989c                Take_pictures_with_time_in_between
 .text.act_upon_request
                0x200099b4      0x5a8 ./src/sub-systemCode/payload/Request Management/CameraManeger.o
                0x200099b4                act_upon_request
 .text.send_request_to_reset_database
                0x20009f5c       0x84 ./src/sub-systemCode/payload/Request Management/CameraManeger.o
                0x20009f5c                send_request_to_reset_database
 .text.TakePicture
                0x20009fe0       0x4c ./src/sub-systemCode/payload/Request Management/DB_RequestHandling.o
                0x20009fe0                TakePicture
 .text.TakeSpecialPicture
                0x2000a02c      0x130 ./src/sub-systemCode/payload/Request Management/DB_RequestHandling.o
                0x2000a02c                TakeSpecialPicture
 .text.DeletePictureFile
                0x2000a15c       0x88 ./src/sub-systemCode/payload/Request Management/DB_RequestHandling.o
                0x2000a15c                DeletePictureFile
 .text.DeletePicture
                0x2000a1e4       0x6c ./src/sub-systemCode/payload/Request Management/DB_RequestHandling.o
                0x2000a1e4                DeletePicture
 .text.TransferPicture
                0x2000a250       0x54 ./src/sub-systemCode/payload/Request Management/DB_RequestHandling.o
                0x2000a250                TransferPicture
 .text.CreateThumbnail
                0x2000a2a4       0x80 ./src/sub-systemCode/payload/Request Management/DB_RequestHandling.o
                0x2000a2a4                CreateThumbnail
 .text.CreateJPG
                0x2000a324       0x7c ./src/sub-systemCode/payload/Request Management/DB_RequestHandling.o
                0x2000a324                CreateJPG
 .text.UpdatePhotographyValues
                0x2000a3a0       0xd8 ./src/sub-systemCode/payload/Request Management/DB_RequestHandling.o
                0x2000a3a0                UpdatePhotographyValues
 .text.setChunkDimensions
                0x2000a478       0x74 ./src/sub-systemCode/payload/Request Management/DB_RequestHandling.o
                0x2000a478                setChunkDimensions
 .text.GeckoSetRegister
                0x2000a4ec       0x6c ./src/sub-systemCode/payload/Request Management/DB_RequestHandling.o
                0x2000a4ec                GeckoSetRegister
 .text.convert2char
                0x2000a558      0x14c ./src/sub-systemCode/payload/Misc/Boolean_bit.o
                0x2000a558                convert2char
 .text.convert2byte
                0x2000a6a4      0x1c8 ./src/sub-systemCode/payload/Misc/Boolean_bit.o
                0x2000a6a4                convert2byte
 .text.bits2byte
                0x2000a86c      0x17c ./src/sub-systemCode/payload/Misc/Boolean_bit.o
                0x2000a86c                bits2byte
 .text.byte2bits
                0x2000a9e8      0x17c ./src/sub-systemCode/payload/Misc/Boolean_bit.o
                0x2000a9e8                byte2bits
 .text.char2bits
                0x2000ab64       0x44 ./src/sub-systemCode/payload/Misc/Boolean_bit.o
                0x2000ab64                char2bits
 .text.bits2char
                0x2000aba8       0x3c ./src/sub-systemCode/payload/Misc/Boolean_bit.o
                0x2000aba8                bits2char
 .text.ReadFromFile
                0x2000abe4       0x6c ./src/sub-systemCode/payload/Misc/FileSystem.o
                0x2000abe4                ReadFromFile
 .text.WriteToFile
                0x2000ac50       0x74 ./src/sub-systemCode/payload/Misc/FileSystem.o
                0x2000ac50                WriteToFile
 .text.gecko_power_mux_init
                0x2000acc4       0xb4 ./src/sub-systemCode/payload/Drivers/GeckoCameraDriver.o
                0x2000acc4                gecko_power_mux_init
 .text.gecko_power_mux_deinit
                0x2000ad78       0x94 ./src/sub-systemCode/payload/Drivers/GeckoCameraDriver.o
                0x2000ad78                gecko_power_mux_deinit
 .text.gecko_power_mux_get
                0x2000ae0c       0xe4 ./src/sub-systemCode/payload/Drivers/GeckoCameraDriver.o
                0x2000ae0c                gecko_power_mux_get
 .text.gecko_get_current_3v3
                0x2000aef0       0x44 ./src/sub-systemCode/payload/Drivers/GeckoCameraDriver.o
                0x2000aef0                gecko_get_current_3v3
 .text.gecko_get_voltage_3v3
                0x2000af34       0x44 ./src/sub-systemCode/payload/Drivers/GeckoCameraDriver.o
                0x2000af34                gecko_get_voltage_3v3
 .text.gecko_get_current_5v
                0x2000af78       0x44 ./src/sub-systemCode/payload/Drivers/GeckoCameraDriver.o
                0x2000af78                gecko_get_current_5v
 .text.gecko_get_voltage_5v
                0x2000afbc       0x4c ./src/sub-systemCode/payload/Drivers/GeckoCameraDriver.o
                0x2000afbc                gecko_get_voltage_5v
 .text.Initialized_GPIO
                0x2000b008       0x54 ./src/sub-systemCode/payload/Drivers/GeckoCameraDriver.o
                0x2000b008                Initialized_GPIO
 .text.De_Initialized_GPIO
                0x2000b05c       0x3c ./src/sub-systemCode/payload/Drivers/GeckoCameraDriver.o
                0x2000b05c                De_Initialized_GPIO
 .text.TurnOnGecko_gpio
                0x2000b098      0x150 ./src/sub-systemCode/payload/Drivers/GeckoCameraDriver.o
                0x2000b098                TurnOnGecko_gpio
 .text.TurnOffGecko_gpio
                0x2000b1e8       0xc0 ./src/sub-systemCode/payload/Drivers/GeckoCameraDriver.o
                0x2000b1e8                TurnOffGecko_gpio
 .text.create_xGeckoStateSemaphore
                0x2000b2a8       0x58 ./src/sub-systemCode/payload/Drivers/GeckoCameraDriver.o
                0x2000b2a8                create_xGeckoStateSemaphore
 .text.set_gecko_state
                0x2000b300       0x7c ./src/sub-systemCode/payload/Drivers/GeckoCameraDriver.o
                0x2000b300                set_gecko_state
 .text.TurnOnGecko
                0x2000b37c       0x1c ./src/sub-systemCode/payload/Drivers/GeckoCameraDriver.o
                0x2000b37c                TurnOnGecko
 .text.TurnOffGecko
                0x2000b398       0x1c ./src/sub-systemCode/payload/Drivers/GeckoCameraDriver.o
                0x2000b398                TurnOffGecko
 .text.getPIOs  0x2000b3b4      0x138 ./src/sub-systemCode/payload/Drivers/GeckoCameraDriver.o
                0x2000b3b4                getPIOs
 .text.initGecko
                0x2000b4ec       0x3c ./src/sub-systemCode/payload/Drivers/GeckoCameraDriver.o
                0x2000b4ec                initGecko
 .text.GECKO_Reset
                0x2000b528       0x14 ./src/sub-systemCode/payload/Drivers/GeckoCameraDriver.o
                0x2000b528                GECKO_Reset
 .text.GECKO_TakeImage
                0x2000b53c      0x2c4 ./src/sub-systemCode/payload/Drivers/GeckoCameraDriver.o
                0x2000b53c                GECKO_TakeImage
 .text.GECKO_ReadImage
                0x2000b800      0x26c ./src/sub-systemCode/payload/Drivers/GeckoCameraDriver.o
                0x2000b800                GECKO_ReadImage
 .text.GECKO_EraseBlock
                0x2000ba6c       0xdc ./src/sub-systemCode/payload/Drivers/GeckoCameraDriver.o
                0x2000ba6c                GECKO_EraseBlock
 .text.GECKO_GetRegister
                0x2000bb48       0x68 ./src/sub-systemCode/payload/Drivers/GeckoCameraDriver.o
                0x2000bb48                GECKO_GetRegister
 .text.GECKO_SetRegister
                0x2000bbb0       0x68 ./src/sub-systemCode/payload/Drivers/GeckoCameraDriver.o
                0x2000bbb0                GECKO_SetRegister
 .text.getFileName
                0x2000bc18      0x1f8 ./src/sub-systemCode/payload/DataBase/DataBase.o
 .text.zeroImageDataBase
                0x2000be10       0x90 ./src/sub-systemCode/payload/DataBase/DataBase.o
                0x2000be10                zeroImageDataBase
 .text.updateGeneralDataBaseParameters
                0x2000bea0       0x5c ./src/sub-systemCode/payload/DataBase/DataBase.o
                0x2000bea0                updateGeneralDataBaseParameters
 .text.SearchDataBase_byID
                0x2000befc       0xe8 ./src/sub-systemCode/payload/DataBase/DataBase.o
                0x2000befc                SearchDataBase_byID
 .text.SearchDataBase_byMark
                0x2000bfe4       0xb8 ./src/sub-systemCode/payload/DataBase/DataBase.o
                0x2000bfe4                SearchDataBase_byMark
 .text.SearchDataBase_forLatestMarkedImage
                0x2000c09c       0x38 ./src/sub-systemCode/payload/DataBase/DataBase.o
                0x2000c09c                SearchDataBase_forLatestMarkedImage
 .text.SearchDataBase_byTimeRange
                0x2000c0d4      0x148 ./src/sub-systemCode/payload/DataBase/DataBase.o
                0x2000c0d4                SearchDataBase_byTimeRange
 .text.SearchDataBase_forImageFileType_byTimeRange
                0x2000c21c      0x118 ./src/sub-systemCode/payload/DataBase/DataBase.o
                0x2000c21c                SearchDataBase_forImageFileType_byTimeRange
 .text.checkForFileType
                0x2000c334       0x74 ./src/sub-systemCode/payload/DataBase/DataBase.o
                0x2000c334                checkForFileType
 .text.updateFileTypes
                0x2000c3a8       0xdc ./src/sub-systemCode/payload/DataBase/DataBase.o
                0x2000c3a8                updateFileTypes
 .text.GetImageFactor
                0x2000c484       0x58 ./src/sub-systemCode/payload/DataBase/DataBase.o
                0x2000c484                GetImageFactor
 .text.readImageFromBuffer
                0x2000c4dc      0x12c ./src/sub-systemCode/payload/DataBase/DataBase.o
                0x2000c4dc                readImageFromBuffer
 .text.saveImageToBuffer
                0x2000c608      0x12c ./src/sub-systemCode/payload/DataBase/DataBase.o
                0x2000c608                saveImageToBuffer
 .text.getLatestID
                0x2000c734       0x48 ./src/sub-systemCode/payload/DataBase/DataBase.o
                0x2000c734                getLatestID
 .text.getNumberOfFrames
                0x2000c77c       0x4c ./src/sub-systemCode/payload/DataBase/DataBase.o
                0x2000c77c                getNumberOfFrames
 .text.getDataBaseStart
                0x2000c7c8       0x20 ./src/sub-systemCode/payload/DataBase/DataBase.o
                0x2000c7c8                getDataBaseStart
 .text.getDataBaseEnd
                0x2000c7e8       0x20 ./src/sub-systemCode/payload/DataBase/DataBase.o
                0x2000c7e8                getDataBaseEnd
 .text.setDataBaseValues
                0x2000c808       0xd0 ./src/sub-systemCode/payload/DataBase/DataBase.o
                0x2000c808                setDataBaseValues
 .text.initImageDataBase
                0x2000c8d8       0xd4 ./src/sub-systemCode/payload/DataBase/DataBase.o
                0x2000c8d8                initImageDataBase
 .text.resetImageDataBase
                0x2000c9ac       0x98 ./src/sub-systemCode/payload/DataBase/DataBase.o
                0x2000c9ac                resetImageDataBase
 .text.setCameraPhotographyValues
                0x2000ca44      0x130 ./src/sub-systemCode/payload/DataBase/DataBase.o
                0x2000ca44                setCameraPhotographyValues
 .text.transferImageToSD_withoutSearch
                0x2000cb74      0x180 ./src/sub-systemCode/payload/DataBase/DataBase.o
                0x2000cb74                transferImageToSD_withoutSearch
 .text.transferImageToSD
                0x2000ccf4       0xbc ./src/sub-systemCode/payload/DataBase/DataBase.o
                0x2000ccf4                transferImageToSD
 .text.DeleteImageFromOBC_withoutSearch
                0x2000cdb0      0x100 ./src/sub-systemCode/payload/DataBase/DataBase.o
                0x2000cdb0                DeleteImageFromOBC_withoutSearch
 .text.DeleteImageFromOBC
                0x2000ceb0       0xbc ./src/sub-systemCode/payload/DataBase/DataBase.o
                0x2000ceb0                DeleteImageFromOBC
 .text.DeleteImageFromPayload
                0x2000cf6c      0x2bc ./src/sub-systemCode/payload/DataBase/DataBase.o
                0x2000cf6c                DeleteImageFromPayload
 .text.clearImageDataBase
                0x2000d228      0x190 ./src/sub-systemCode/payload/DataBase/DataBase.o
                0x2000d228                clearImageDataBase
 .text.handleMarkedPictures
                0x2000d3b8      0x2e8 ./src/sub-systemCode/payload/DataBase/DataBase.o
                0x2000d3b8                handleMarkedPictures
 .text.writeNewImageMetaDataToFRAM
                0x2000d6a0      0x234 ./src/sub-systemCode/payload/DataBase/DataBase.o
                0x2000d6a0                writeNewImageMetaDataToFRAM
 .text.takePicture
                0x2000d8d4      0x4f0 ./src/sub-systemCode/payload/DataBase/DataBase.o
                0x2000d8d4                takePicture
 .text.takePicture_withSpecialParameters
                0x2000ddc4       0xf4 ./src/sub-systemCode/payload/DataBase/DataBase.o
                0x2000ddc4                takePicture_withSpecialParameters
 .text.GetImageFileName_withSpecialParameters
                0x2000deb8       0x9c ./src/sub-systemCode/payload/DataBase/DataBase.o
                0x2000deb8                GetImageFileName_withSpecialParameters
 .text.GetImageFileName
                0x2000df54       0x9c ./src/sub-systemCode/payload/DataBase/DataBase.o
                0x2000df54                GetImageFileName
 .text.getDataBaseSize
                0x2000dff0       0x20 ./src/sub-systemCode/payload/DataBase/DataBase.o
                0x2000dff0                getDataBaseSize
 .text.getImageDataBaseBuffer
                0x2000e010      0x144 ./src/sub-systemCode/payload/DataBase/DataBase.o
                0x2000e010                getImageDataBaseBuffer
 .text.setAutoThumbnailCreation
                0x2000e154       0x30 ./src/sub-systemCode/payload/DataBase/DataBase.o
                0x2000e154                setAutoThumbnailCreation
 .text.Gecko_TroubleShooter
                0x2000e184       0xe4 ./src/sub-systemCode/payload/DataBase/DataBase.o
                0x2000e184                Gecko_TroubleShooter
 .text.TransformRawToBMP
                0x2000e268      0x1b8 ./src/sub-systemCode/payload/Compression/jpeg/bmp/rawToBMP.o
                0x2000e268                TransformRawToBMP
 .text.interpolate
                0x2000e420      0x8d0 ./src/sub-systemCode/payload/Compression/jpeg/bmp/rawToBMP.o
                0x2000e420                interpolate
 .text.getInputAt
                0x2000ecf0      0x288 ./src/sub-systemCode/payload/Compression/jpeg/bmp/rawToBMP.o
                0x2000ecf0                getInputAt
 .text.f_writeF_FILEHeader
                0x2000ef78      0x2d8 ./src/sub-systemCode/payload/Compression/jpeg/bmp/rawToBMP.o
                0x2000ef78                f_writeF_FILEHeader
 .text.f_writeOutputRow
                0x2000f250       0xa4 ./src/sub-systemCode/payload/Compression/jpeg/bmp/rawToBMP.o
                0x2000f250                f_writeOutputRow
 .text.dct      0x2000f2f4      0x9c4 ./src/sub-systemCode/payload/Compression/jpeg/DCT.o
                0x2000f2f4                dct
 .text.JPEG_compressor
                0x2000fcb8       0xac ./src/sub-systemCode/payload/Compression/jpeg/ImgCompressor.o
                0x2000fcb8                JPEG_compressor
 .text.Create_BMP_File
                0x2000fd64       0xf4 ./src/sub-systemCode/payload/Compression/jpeg/ImgCompressor.o
                0x2000fd64                Create_BMP_File
 .text.CompressImage
                0x2000fe58      0x1b4 ./src/sub-systemCode/payload/Compression/jpeg/ImgCompressor.o
                0x2000fe58                CompressImage
 .text.clamp    0x2001000c       0x60 ./src/sub-systemCode/payload/Compression/jpeg/color_conv.o
                0x2001000c                clamp
 .text.RGB_to_YCC
                0x2001006c      0x1a8 ./src/sub-systemCode/payload/Compression/jpeg/color_conv.o
                0x2001006c                RGB_to_YCC
 .text.RGB_to_Y
                0x20010214       0xc4 ./src/sub-systemCode/payload/Compression/jpeg/color_conv.o
                0x20010214                RGB_to_Y
 .text.Y_to_YCC
                0x200102d8       0x88 ./src/sub-systemCode/payload/Compression/jpeg/color_conv.o
                0x200102d8                Y_to_YCC
 .text.compress_image_to_jpeg_file
                0x20010360      0x1ac ./src/sub-systemCode/payload/Compression/jpeg/jpeg.o
                0x20010360                compress_image_to_jpeg_file
 .text.compress_image_to_jpeg_file_in_memory
                0x2001050c      0x1fc ./src/sub-systemCode/payload/Compression/jpeg/jpeg.o
                0x2001050c                compress_image_to_jpeg_file_in_memory
 .text.emit_marker
                0x20010708       0xc8 ./src/sub-systemCode/payload/Compression/jpeg/jpeg_encoder.o
                0x20010708                emit_marker
 .text.emit_byte
                0x200107d0       0x6c ./src/sub-systemCode/payload/Compression/jpeg/jpeg_encoder.o
                0x200107d0                emit_byte
 .text.emit_word
                0x2001083c       0xd0 ./src/sub-systemCode/payload/Compression/jpeg/jpeg_encoder.o
                0x2001083c                emit_word
 .text.emit_jfif_app0
                0x2001090c       0xc0 ./src/sub-systemCode/payload/Compression/jpeg/jpeg_encoder.o
                0x2001090c                emit_jfif_app0
 .text.emit_dqt
                0x200109cc       0xd8 ./src/sub-systemCode/payload/Compression/jpeg/jpeg_encoder.o
                0x200109cc                emit_dqt
 .text.emit_sof
                0x20010aa4      0x14c ./src/sub-systemCode/payload/Compression/jpeg/jpeg_encoder.o
                0x20010aa4                emit_sof
 .text.emit_dht
                0x20010bf0      0x138 ./src/sub-systemCode/payload/Compression/jpeg/jpeg_encoder.o
                0x20010bf0                emit_dht
 .text.emit_dhts
                0x20010d28       0xd8 ./src/sub-systemCode/payload/Compression/jpeg/jpeg_encoder.o
                0x20010d28                emit_dhts
 .text.emit_sos
                0x20010e00       0xec ./src/sub-systemCode/payload/Compression/jpeg/jpeg_encoder.o
                0x20010e00                emit_sos
 .text.emit_markers
                0x20010eec       0x4c ./src/sub-systemCode/payload/Compression/jpeg/jpeg_encoder.o
                0x20010eec                emit_markers
 .text.compute_huffman_table
                0x20010f38      0x334 ./src/sub-systemCode/payload/Compression/jpeg/jpeg_encoder.o
                0x20010f38                compute_huffman_table
 .text.compute_quant_table
                0x2001126c      0x11c ./src/sub-systemCode/payload/Compression/jpeg/jpeg_encoder.o
                0x2001126c                compute_quant_table
 .text.first_pass_init
                0x20011388       0x54 ./src/sub-systemCode/payload/Compression/jpeg/jpeg_encoder.o
                0x20011388                first_pass_init
 .text.second_pass_init
                0x200113dc      0x110 ./src/sub-systemCode/payload/Compression/jpeg/jpeg_encoder.o
                0x200113dc                second_pass_init
 .text.jpg_open
                0x200114ec      0x7b4 ./src/sub-systemCode/payload/Compression/jpeg/jpeg_encoder.o
                0x200114ec                jpg_open
 .text.load_block_8_8_grey
                0x20011ca0      0x164 ./src/sub-systemCode/payload/Compression/jpeg/jpeg_encoder.o
                0x20011ca0                load_block_8_8_grey
 .text.load_block_8_8
                0x20011e04      0x198 ./src/sub-systemCode/payload/Compression/jpeg/jpeg_encoder.o
                0x20011e04                load_block_8_8
 .text.load_block_16_8
                0x20011f9c      0x3cc ./src/sub-systemCode/payload/Compression/jpeg/jpeg_encoder.o
                0x20011f9c                load_block_16_8
 .text.load_block_16_8_8
                0x20012368      0x2a8 ./src/sub-systemCode/payload/Compression/jpeg/jpeg_encoder.o
                0x20012368                load_block_16_8_8
 .text.load_coefficients
                0x20012610      0x1c8 ./src/sub-systemCode/payload/Compression/jpeg/jpeg_encoder.o
                0x20012610                load_coefficients
 .text.flush_output_buffer
                0x200127d8       0xa0 ./src/sub-systemCode/payload/Compression/jpeg/jpeg_encoder.o
                0x200127d8                flush_output_buffer
 .text.put_bits
                0x20012878      0x170 ./src/sub-systemCode/payload/Compression/jpeg/jpeg_encoder.o
                0x20012878                put_bits
 .text.code_coefficients_pass_two
                0x200129e8      0x338 ./src/sub-systemCode/payload/Compression/jpeg/jpeg_encoder.o
                0x200129e8                code_coefficients_pass_two
 .text.code_block
                0x20012d20       0x44 ./src/sub-systemCode/payload/Compression/jpeg/jpeg_encoder.o
                0x20012d20                code_block
 .text.process_mcu_row
                0x20012d64      0x328 ./src/sub-systemCode/payload/Compression/jpeg/jpeg_encoder.o
                0x20012d64                process_mcu_row
 .text.terminate_pass_two
                0x2001308c       0x44 ./src/sub-systemCode/payload/Compression/jpeg/jpeg_encoder.o
                0x2001308c                terminate_pass_two
 .text.process_end_of_image
                0x200130d0       0xc0 ./src/sub-systemCode/payload/Compression/jpeg/jpeg_encoder.o
                0x200130d0                process_end_of_image
 .text.load_mcu
                0x20013190      0x29c ./src/sub-systemCode/payload/Compression/jpeg/jpeg_encoder.o
                0x20013190                load_mcu
 .text.clear    0x2001342c      0x1e0 ./src/sub-systemCode/payload/Compression/jpeg/jpeg_encoder.o
                0x2001342c                clear
 .text.init     0x2001360c       0xe4 ./src/sub-systemCode/payload/Compression/jpeg/jpeg_encoder.o
                0x2001360c                init
 .text.deinit   0x200136f0      0x160 ./src/sub-systemCode/payload/Compression/jpeg/jpeg_encoder.o
                0x200136f0                deinit
 .text.process_scanline
                0x20013850       0x6c ./src/sub-systemCode/payload/Compression/jpeg/jpeg_encoder.o
                0x20013850                process_scanline
 .text.jpge_malloc
                0x200138bc       0x28 ./src/sub-systemCode/payload/Compression/jpeg/jpeg_memory_alloc.o
                0x200138bc                jpge_malloc
 .text.jpge_cmalloc
                0x200138e4       0x48 ./src/sub-systemCode/payload/Compression/jpeg/jpeg_memory_alloc.o
                0x200138e4                jpge_cmalloc
 .text.jpge_free
                0x2001392c       0x24 ./src/sub-systemCode/payload/Compression/jpeg/jpeg_memory_alloc.o
                0x2001392c                jpge_free
 .text.check    0x20013950       0x78 ./src/sub-systemCode/payload/Compression/jpeg/jpeg_params.o
                0x20013950                check
 .text.open_jpeg_file
                0x200139c8       0xfc ./src/sub-systemCode/payload/Compression/jpeg/output_stream.o
                0x200139c8                open_jpeg_file
 .text.close_jpeg_file
                0x20013ac4      0x118 ./src/sub-systemCode/payload/Compression/jpeg/output_stream.o
                0x20013ac4                close_jpeg_file
 .text.init_jpeg_mem
                0x20013bdc       0x7c ./src/sub-systemCode/payload/Compression/jpeg/output_stream.o
                0x20013bdc                init_jpeg_mem
 .text.close_jpeg_mem
                0x20013c58       0x60 ./src/sub-systemCode/payload/Compression/jpeg/output_stream.o
                0x20013c58                close_jpeg_mem
 .text.put_buf  0x20013cb8      0x258 ./src/sub-systemCode/payload/Compression/jpeg/output_stream.o
                0x20013cb8                put_buf
 .text.get_size
                0x20013f10       0x7c ./src/sub-systemCode/payload/Compression/jpeg/output_stream.o
                0x20013f10                get_size
 .text.GetBayerPixel
                0x20013f8c       0xe8 ./src/sub-systemCode/payload/Compression/ImageConversion.o
 .text.BinImage
                0x20014074      0x2c8 ./src/sub-systemCode/payload/Compression/ImageConversion.o
                0x20014074                BinImage
 .text.ImageSkipping
                0x2001433c      0x2ac ./src/sub-systemCode/payload/Compression/ImageConversion.o
                0x2001433c                ImageSkipping
 .text.CreateImageThumbnail_withoutSearch
                0x200145e8      0x158 ./src/sub-systemCode/payload/Compression/ImageConversion.o
                0x200145e8                CreateImageThumbnail_withoutSearch
 .text.CreateImageThumbnail
                0x20014740       0x9c ./src/sub-systemCode/payload/Compression/ImageConversion.o
                0x20014740                CreateImageThumbnail
 .text.compressImage
                0x200147dc      0x184 ./src/sub-systemCode/payload/Compression/ImageConversion.o
                0x200147dc                compressImage
 .text.AdcsCmdQueueInit
                0x20014960       0x4c ./src/sub-systemCode/Main/CMD/ADCS_CMD.o
                0x20014960                AdcsCmdQueueInit
 .text.AdcsCmdQueueGet
                0x200149ac       0x8c ./src/sub-systemCode/Main/CMD/ADCS_CMD.o
                0x200149ac                AdcsCmdQueueGet
 .text.AdcsCmdQueueAdd
                0x20014a38       0x74 ./src/sub-systemCode/Main/CMD/ADCS_CMD.o
                0x20014a38                AdcsCmdQueueAdd
 .text.AdcsCmdQueueIsEmpty
                0x20014aac       0x3c ./src/sub-systemCode/Main/CMD/ADCS_CMD.o
                0x20014aac                AdcsCmdQueueIsEmpty
 .text.getAdcsQueueWaitPointer
                0x20014ae8       0x20 ./src/sub-systemCode/Main/CMD/ADCS_CMD.o
                0x20014ae8                getAdcsQueueWaitPointer
 .text.cmd_mute
                0x20014b08       0xf4 ./src/sub-systemCode/Main/CMD/COMM_CMD.o
                0x20014b08                cmd_mute
 .text.cmd_unmute
                0x20014bfc       0x90 ./src/sub-systemCode/Main/CMD/COMM_CMD.o
                0x20014bfc                cmd_unmute
 .text.cmd_active_trans
                0x20014c8c       0xc0 ./src/sub-systemCode/Main/CMD/COMM_CMD.o
                0x20014c8c                cmd_active_trans
 .text.cmd_shut_trans
                0x20014d4c       0x8c ./src/sub-systemCode/Main/CMD/COMM_CMD.o
                0x20014d4c                cmd_shut_trans
 .text.cmd_change_trans_rssi
                0x20014dd8      0x140 ./src/sub-systemCode/Main/CMD/COMM_CMD.o
                0x20014dd8                cmd_change_trans_rssi
 .text.cmd_aprs_dump
                0x20014f18       0x38 ./src/sub-systemCode/Main/CMD/COMM_CMD.o
                0x20014f18                cmd_aprs_dump
 .text.cmd_stop_dump
                0x20014f50       0x8c ./src/sub-systemCode/Main/CMD/COMM_CMD.o
                0x20014f50                cmd_stop_dump
 .text.cmd_time_frequency
                0x20014fdc       0xf8 ./src/sub-systemCode/Main/CMD/COMM_CMD.o
                0x20014fdc                cmd_time_frequency
 .text.cmd_change_def_bit_rate
                0x200150d4      0x1a8 ./src/sub-systemCode/Main/CMD/COMM_CMD.o
                0x200150d4                cmd_change_def_bit_rate
 .text.cmd_upload_volt_logic
                0x2001527c      0x370 ./src/sub-systemCode/Main/CMD/EPS_CMD.o
                0x2001527c                cmd_upload_volt_logic
 .text.cmd_upload_volt_COMM
                0x200155ec      0x240 ./src/sub-systemCode/Main/CMD/EPS_CMD.o
                0x200155ec                cmd_upload_volt_COMM
 .text.cmd_heater_temp
                0x2001582c       0xe4 ./src/sub-systemCode/Main/CMD/EPS_CMD.o
                0x2001582c                cmd_heater_temp
 .text.cmd_SHUT_CAM
                0x20015910       0x78 ./src/sub-systemCode/Main/CMD/EPS_CMD.o
                0x20015910                cmd_SHUT_CAM
 .text.cmd_SHUT_ADCS
                0x20015988       0x78 ./src/sub-systemCode/Main/CMD/EPS_CMD.o
                0x20015988                cmd_SHUT_ADCS
 .text.cmd_allow_CAM
                0x20015a00       0x78 ./src/sub-systemCode/Main/CMD/EPS_CMD.o
                0x20015a00                cmd_allow_CAM
 .text.cmd_allow_ADCS
                0x20015a78       0x78 ./src/sub-systemCode/Main/CMD/EPS_CMD.o
                0x20015a78                cmd_allow_ADCS
 .text.cmd_update_alpha
                0x20015af0      0x120 ./src/sub-systemCode/Main/CMD/EPS_CMD.o
                0x20015af0                cmd_update_alpha
 .text.cmd_resetGWT
                0x20015c10       0xa4 ./src/sub-systemCode/Main/CMD/EPS_CMD.o
                0x20015c10                cmd_resetGWT
 .text.cmd_generic_I2C
                0x20015cb4       0xe4 ./src/sub-systemCode/Main/CMD/General_CMD.o
                0x20015cb4                cmd_generic_I2C
 .text.cmd_dump
                0x20015d98       0xfc ./src/sub-systemCode/Main/CMD/General_CMD.o
                0x20015d98                cmd_dump
 .text.cmd_delete_TM
                0x20015e94      0x24c ./src/sub-systemCode/Main/CMD/General_CMD.o
                0x20015e94                cmd_delete_TM
 .text.cmd_reset_file
                0x200160e0      0x130 ./src/sub-systemCode/Main/CMD/General_CMD.o
                0x200160e0                cmd_reset_file
 .text.cmd_format_SD
                0x20016210       0x7c ./src/sub-systemCode/Main/CMD/General_CMD.o
                0x20016210                cmd_format_SD
 .text.cmd_dummy_func
                0x2001628c       0x38 ./src/sub-systemCode/Main/CMD/General_CMD.o
                0x2001628c                cmd_dummy_func
 .text.cmd_reset_TLM_SD
                0x200162c4       0x54 ./src/sub-systemCode/Main/CMD/General_CMD.o
                0x200162c4                cmd_reset_TLM_SD
 .text.cmd_stop_TM
                0x20016318       0x7c ./src/sub-systemCode/Main/CMD/General_CMD.o
                0x20016318                cmd_stop_TM
 .text.cmd_resume_TM
                0x20016394       0x7c ./src/sub-systemCode/Main/CMD/General_CMD.o
                0x20016394                cmd_resume_TM
 .text.cmd_soft_reset_cmponent
                0x20016410       0xd0 ./src/sub-systemCode/Main/CMD/General_CMD.o
                0x20016410                cmd_soft_reset_cmponent
 .text.cmd_hard_reset_cmponent
                0x200164e0       0xd0 ./src/sub-systemCode/Main/CMD/General_CMD.o
                0x200164e0                cmd_hard_reset_cmponent
 .text.cmd_reset_satellite
                0x200165b0       0x90 ./src/sub-systemCode/Main/CMD/General_CMD.o
                0x200165b0                cmd_reset_satellite
 .text.cmd_gracefull_reset_satellite
                0x20016640       0x90 ./src/sub-systemCode/Main/CMD/General_CMD.o
                0x20016640                cmd_gracefull_reset_satellite
 .text.cmd_upload_time
                0x200166d0       0xc4 ./src/sub-systemCode/Main/CMD/General_CMD.o
                0x200166d0                cmd_upload_time
 .text.cmd_ARM_DIARM
                0x20016794      0x104 ./src/sub-systemCode/Main/CMD/General_CMD.o
                0x20016794                cmd_ARM_DIARM
 .text.cmd_deploy_ants
                0x20016898       0xcc ./src/sub-systemCode/Main/CMD/General_CMD.o
                0x20016898                cmd_deploy_ants
 .text.cmd_get_onlineTM
                0x20016964      0x220 ./src/sub-systemCode/Main/CMD/General_CMD.o
                0x20016964                cmd_get_onlineTM
 .text.cmd_reset_off_line
                0x20016b84       0x74 ./src/sub-systemCode/Main/CMD/General_CMD.o
                0x20016b84                cmd_reset_off_line
 .text.cmd_add_item_off_line
                0x20016bf8      0x124 ./src/sub-systemCode/Main/CMD/General_CMD.o
                0x20016bf8                cmd_add_item_off_line
 .text.cmd_delete_item_off_line
                0x20016d1c       0xb0 ./src/sub-systemCode/Main/CMD/General_CMD.o
                0x20016d1c                cmd_delete_item_off_line
 .text.cmd_get_off_line_setting
                0x20016dcc      0x1cc ./src/sub-systemCode/Main/CMD/General_CMD.o
                0x20016dcc                cmd_get_off_line_setting
 .text.cmd_reset_delayed_command_list
                0x20016f98       0x38 ./src/sub-systemCode/Main/CMD/SW_CMD.o
                0x20016f98                cmd_reset_delayed_command_list
 .text.cmd_reset_APRS_list
                0x20016fd0       0x3c ./src/sub-systemCode/Main/CMD/SW_CMD.o
                0x20016fd0                cmd_reset_APRS_list
 .text.cmd_reset_FRAM
                0x2001700c      0x108 ./src/sub-systemCode/Main/CMD/SW_CMD.o
                0x2001700c                cmd_reset_FRAM
 .text.cmd_FRAM_read
                0x20017114      0x270 ./src/sub-systemCode/Main/CMD/SW_CMD.o
                0x20017114                cmd_FRAM_read
 .text.cmd_FRAM_write
                0x20017384      0x114 ./src/sub-systemCode/Main/CMD/SW_CMD.o
                0x20017384                cmd_FRAM_write
 .text.init_Ants
                0x20017498       0x90 ./src/sub-systemCode/Main/Ants.o
                0x20017498                init_Ants
 .text.ARM_ants
                0x20017528       0xb8 ./src/sub-systemCode/Main/Ants.o
                0x20017528                ARM_ants
 .text.DISARM_ants
                0x200175e0       0xf0 ./src/sub-systemCode/Main/Ants.o
                0x200175e0                DISARM_ants
 .text.deploye_ants
                0x200176d0       0x90 ./src/sub-systemCode/Main/Ants.o
                0x200176d0                deploye_ants
 .text.checkDeployAttempt
                0x20017760      0x180 ./src/sub-systemCode/Main/Ants.o
                0x20017760                checkDeployAttempt
 .text.reset_deployStatusFRAM
                0x200178e0       0xdc ./src/sub-systemCode/Main/Ants.o
                0x200178e0                reset_deployStatusFRAM
 .text.reset_FRAM_ants
                0x200179bc       0xc4 ./src/sub-systemCode/Main/Ants.o
                0x200179bc                reset_FRAM_ants
 .text.DeployIfNeeded
                0x20017a80      0x188 ./src/sub-systemCode/Main/Ants.o
                0x20017a80                DeployIfNeeded
 .text.update_stopDeploy_FRAM
                0x20017c08       0x64 ./src/sub-systemCode/Main/Ants.o
                0x20017c08                update_stopDeploy_FRAM
 .text.round_vol
                0x20017c6c      0x124 ./src/sub-systemCode/Main/EPS.o
                0x20017c6c                round_vol
 .text.get_shut_ADCS
                0x20017d90       0x64 ./src/sub-systemCode/Main/EPS.o
                0x20017d90                get_shut_ADCS
 .text.shut_ADCS
                0x20017df4       0x60 ./src/sub-systemCode/Main/EPS.o
                0x20017df4                shut_ADCS
 .text.get_shut_CAM
                0x20017e54       0x64 ./src/sub-systemCode/Main/EPS.o
                0x20017e54                get_shut_CAM
 .text.shut_CAM
                0x20017eb8       0x60 ./src/sub-systemCode/Main/EPS.o
                0x20017eb8                shut_CAM
 .text.update_powerLines
                0x20017f18      0x124 ./src/sub-systemCode/Main/EPS.o
                0x20017f18                update_powerLines
 .text.updateCam_powerLines
                0x2001803c       0x3c ./src/sub-systemCode/Main/EPS.o
                0x2001803c                updateCam_powerLines
 .text.get_EPS_mode_t
                0x20018078       0x24 ./src/sub-systemCode/Main/EPS.o
                0x20018078                get_EPS_mode_t
 .text.init_enterMode
                0x2001809c       0x88 ./src/sub-systemCode/Main/EPS.o
                0x2001809c                init_enterMode
 .text.EPS_Init
                0x20018124      0x190 ./src/sub-systemCode/Main/EPS.o
                0x20018124                EPS_Init
 .text.reset_FRAM_EPS
                0x200182b4      0x150 ./src/sub-systemCode/Main/EPS.o
                0x200182b4                reset_FRAM_EPS
 .text.reset_EPS_voltages
                0x20018404      0x110 ./src/sub-systemCode/Main/EPS.o
                0x20018404                reset_EPS_voltages
 .text.writeState_log
                0x20018514       0xa4 ./src/sub-systemCode/Main/EPS.o
                0x20018514                writeState_log
 .text.battery_downward
                0x200185b8       0xcc ./src/sub-systemCode/Main/EPS.o
 .text.battery_upward
                0x20018684       0xd8 ./src/sub-systemCode/Main/EPS.o
 .text.sanityCheck_EPS
                0x2001875c      0x1b4 ./src/sub-systemCode/Main/EPS.o
 .text.overRide_ADCS
                0x20018910       0x50 ./src/sub-systemCode/Main/EPS.o
                0x20018910                overRide_ADCS
 .text.overRide_Camera
                0x20018960       0x38 ./src/sub-systemCode/Main/EPS.o
                0x20018960                overRide_Camera
 .text.EPS_Conditioning
                0x20018998      0x340 ./src/sub-systemCode/Main/EPS.o
                0x20018998                EPS_Conditioning
 .text.EnterFullMode
                0x20018cd8       0xf0 ./src/sub-systemCode/Main/EPS.o
                0x20018cd8                EnterFullMode
 .text.EnterCruiseMode
                0x20018dc8       0xe0 ./src/sub-systemCode/Main/EPS.o
                0x20018dc8                EnterCruiseMode
 .text.EnterSafeMode
                0x20018ea8       0xe0 ./src/sub-systemCode/Main/EPS.o
                0x20018ea8                EnterSafeMode
 .text.EnterCriticalMode
                0x20018f88       0xcc ./src/sub-systemCode/Main/EPS.o
                0x20018f88                EnterCriticalMode
 .text.get_FRAMVoltageTable
                0x20019054       0xa4 ./src/sub-systemCode/Main/EPS.o
 .text.WriteCurrentTelemetry
                0x200190f8      0x104 ./src/sub-systemCode/Main/EPS.o
                0x200190f8                WriteCurrentTelemetry
 .text.convert_raw_voltage
                0x200191fc       0xd8 ./src/sub-systemCode/Main/EPS.o
                0x200191fc                convert_raw_voltage
 .text.check_EPSTableCorrection
                0x200192d4      0x120 ./src/sub-systemCode/Main/EPS.o
                0x200192d4                check_EPSTableCorrection
 .text.save_ACK
                0x200193f4       0xc8 ./src/sub-systemCode/Main/HouseKeeping.o
                0x200193f4                save_ACK
 .text.set_GP_EPS
                0x200194bc      0x10c ./src/sub-systemCode/Main/HouseKeeping.o
                0x200194bc                set_GP_EPS
 .text.set_GP_COMM
                0x200195c8       0x88 ./src/sub-systemCode/Main/HouseKeeping.o
                0x200195c8                set_GP_COMM
 .text.SP_HK_collect
                0x20019650      0x22c ./src/sub-systemCode/Main/HouseKeeping.o
                0x20019650                SP_HK_collect
 .text.EPS_HK_collect
                0x2001987c      0x528 ./src/sub-systemCode/Main/HouseKeeping.o
                0x2001987c                EPS_HK_collect
 .text.CAM_HK_collect
                0x20019da4      0xa00 ./src/sub-systemCode/Main/HouseKeeping.o
                0x20019da4                CAM_HK_collect
 .text.COMM_HK_collect
                0x2001a7a4      0x2d0 ./src/sub-systemCode/Main/HouseKeeping.o
                0x2001a7a4                COMM_HK_collect
 .text.FS_HK_collect
                0x2001aa74      0x19c ./src/sub-systemCode/Main/HouseKeeping.o
                0x2001aa74                FS_HK_collect
 .text.HK_find_ADCSTM_fileName
                0x2001ac10      0x44c ./src/sub-systemCode/Main/HouseKeeping.o
                0x2001ac10                HK_find_ADCSTM_fileName
 .text.HK_find_fileName
                0x2001b05c      0x174 ./src/sub-systemCode/Main/HouseKeeping.o
                0x2001b05c                HK_find_fileName
 .text.HK_find_ADCSTM_ElementSize
                0x2001b1d0      0x1b8 ./src/sub-systemCode/Main/HouseKeeping.o
                0x2001b1d0                HK_find_ADCSTM_ElementSize
 .text.HK_findElementSize
                0x2001b388       0xd4 ./src/sub-systemCode/Main/HouseKeeping.o
                0x2001b388                HK_findElementSize
 .text.build_HK_spl_packet
                0x2001b45c      0x27c ./src/sub-systemCode/Main/HouseKeeping.o
                0x2001b45c                build_HK_spl_packet
 .text.numberOfRestarts
                0x2001b6d8       0x94 ./src/sub-systemCode/Main/Main_Init.o
                0x2001b6d8                numberOfRestarts
 .text.StartFRAM
                0x2001b76c       0x1c ./src/sub-systemCode/Main/Main_Init.o
                0x2001b76c                StartFRAM
 .text.StartI2C
                0x2001b788       0x28 ./src/sub-systemCode/Main/Main_Init.o
                0x2001b788                StartI2C
 .text.StartSPI
                0x2001b7b0       0x24 ./src/sub-systemCode/Main/Main_Init.o
                0x2001b7b0                StartSPI
 .text.StartTIME
                0x2001b7d4      0x104 ./src/sub-systemCode/Main/Main_Init.o
                0x2001b7d4                StartTIME
 .text.first_activation
                0x2001b8d8       0x7c ./src/sub-systemCode/Main/Main_Init.o
                0x2001b8d8                first_activation
 .text.InitSubsystems
                0x2001b954       0x78 ./src/sub-systemCode/Main/Main_Init.o
                0x2001b954                InitSubsystems
 .text.SubSystemTaskStart
                0x2001b9cc      0x13c ./src/sub-systemCode/Main/Main_Init.o
                0x2001b9cc                SubSystemTaskStart
 .text.copy_command
                0x2001bb08       0x80 ./src/sub-systemCode/Main/commands.o
                0x2001bb08                copy_command
 .text.reset_command
                0x2001bb88       0x28 ./src/sub-systemCode/Main/commands.o
                0x2001bb88                reset_command
 .text.init_command
                0x2001bbb0       0xf4 ./src/sub-systemCode/Main/commands.o
                0x2001bbb0                init_command
 .text.add_command
                0x2001bca4      0x12c ./src/sub-systemCode/Main/commands.o
                0x2001bca4                add_command
 .text.get_command
                0x2001bdd0      0x1c0 ./src/sub-systemCode/Main/commands.o
                0x2001bdd0                get_command
 .text.act_upon_command
                0x2001bf90      0x1cc ./src/sub-systemCode/Main/commands.o
                0x2001bf90                act_upon_command
 .text.cmd_error
                0x2001c15c       0x38 ./src/sub-systemCode/Main/commands.o
                0x2001c15c                cmd_error
 .text.AUC_COMM
                0x2001c194      0x25c ./src/sub-systemCode/Main/commands.o
                0x2001c194                AUC_COMM
 .text.AUC_general
                0x2001c3f0      0x3c8 ./src/sub-systemCode/Main/commands.o
                0x2001c3f0                AUC_general
 .text.AUC_payload
                0x2001c7b8      0x25c ./src/sub-systemCode/Main/commands.o
                0x2001c7b8                AUC_payload
 .text.AUC_EPS  0x2001ca14      0x2dc ./src/sub-systemCode/Main/commands.o
                0x2001ca14                AUC_EPS
 .text.AUC_SW   0x2001ccf0      0x1cc ./src/sub-systemCode/Main/commands.o
                0x2001ccf0                AUC_SW
 .text.AUC_onlineTM
                0x2001cebc      0x1f0 ./src/sub-systemCode/Main/commands.o
                0x2001cebc                AUC_onlineTM
 .text.AUC_CUF  0x2001d0ac      0x160 ./src/sub-systemCode/Main/commands.o
                0x2001d0ac                AUC_CUF
 .text.init_GenericSaveQueue
                0x2001d20c       0x3c ./src/sub-systemCode/Global/GenericTaskSave.o
                0x2001d20c                init_GenericSaveQueue
 .text.add_GenericElement_queue
                0x2001d248       0x80 ./src/sub-systemCode/Global/GenericTaskSave.o
                0x2001d248                add_GenericElement_queue
 .text.GenericSave_Task
                0x2001d2c8      0x128 ./src/sub-systemCode/Global/GenericTaskSave.o
                0x2001d2c8                GenericSave_Task
 .text.check_int
                0x2001d3f0       0x20 ./src/sub-systemCode/Global/Global.o
                0x2001d3f0                check_int
 .text.check_portBASE_TYPE
                0x2001d410       0x20 ./src/sub-systemCode/Global/Global.o
                0x2001d410                check_portBASE_TYPE
 .text.print_array
                0x2001d430       0x20 ./src/sub-systemCode/Global/Global.o
                0x2001d430                print_array
 .text.switch_endian
                0x2001d450       0xc4 ./src/sub-systemCode/Global/Global.o
                0x2001d450                switch_endian
 .text.double_little_endian
                0x2001d514       0x98 ./src/sub-systemCode/Global/Global.o
                0x2001d514                double_little_endian
 .text.soft_reset_subsystem
                0x2001d5ac       0xfc ./src/sub-systemCode/Global/Global.o
                0x2001d5ac                soft_reset_subsystem
 .text.hard_reset_subsystem
                0x2001d6a8      0x144 ./src/sub-systemCode/Global/Global.o
                0x2001d6a8                hard_reset_subsystem
 .text.BigEnE_raw_to_uInt
                0x2001d7ec       0x94 ./src/sub-systemCode/Global/Global.o
                0x2001d7ec                BigEnE_raw_to_uInt
 .text.BigEnE_raw_to_uShort
                0x2001d880       0x50 ./src/sub-systemCode/Global/Global.o
                0x2001d880                BigEnE_raw_to_uShort
 .text.BigEnE_uInt_to_raw
                0x2001d8d0       0x78 ./src/sub-systemCode/Global/Global.o
                0x2001d8d0                BigEnE_uInt_to_raw
 .text.BigEnE_raw_value
                0x2001d948       0xb8 ./src/sub-systemCode/Global/Global.o
                0x2001d948                BigEnE_raw_value
 .text.fram_byte_fix
                0x2001da00      0x16c ./src/sub-systemCode/Global/Global.o
                0x2001da00                fram_byte_fix
 .text.comapre_string
                0x2001db6c       0x84 ./src/sub-systemCode/Global/Global.o
                0x2001db6c                comapre_string
 .text.reset_FRAM_MAIN
                0x2001dbf0      0x1cc ./src/sub-systemCode/Global/Global.o
                0x2001dbf0                reset_FRAM_MAIN
 .text.getBitValueByIndex
                0x2001ddbc       0xd0 ./src/sub-systemCode/Global/Global.o
                0x2001ddbc                getBitValueByIndex
 .text.FRAM_write_exte
                0x2001de8c       0x98 ./src/sub-systemCode/Global/Global.o
                0x2001de8c                FRAM_write_exte
 .text.FRAM_read_exte
                0x2001df24       0x98 ./src/sub-systemCode/Global/Global.o
                0x2001df24                FRAM_read_exte
 .text.FRAM_writeAndVerify_exte
                0x2001dfbc       0x98 ./src/sub-systemCode/Global/Global.o
                0x2001dfbc                FRAM_writeAndVerify_exte
 .text.init_GP  0x2001e054      0x368 ./src/sub-systemCode/Global/GlobalParam.o
                0x2001e054                init_GP
 .text.get_system_state
                0x2001e3bc      0x268 ./src/sub-systemCode/Global/GlobalParam.o
                0x2001e3bc                get_system_state
 .text.set_system_state
                0x2001e624      0x298 ./src/sub-systemCode/Global/GlobalParam.o
                0x2001e624                set_system_state
 .text.get_systems_state_param
                0x2001e8bc       0x8c ./src/sub-systemCode/Global/GlobalParam.o
                0x2001e8bc                get_systems_state_param
 .text.get_current_global_param
                0x2001e948      0x55c ./src/sub-systemCode/Global/GlobalParam.o
                0x2001e948                get_current_global_param
 .text.set_Vbatt
                0x2001eea4       0x8c ./src/sub-systemCode/Global/GlobalParam.o
                0x2001eea4                set_Vbatt
 .text.get_Vbatt
                0x2001ef30       0x8c ./src/sub-systemCode/Global/GlobalParam.o
                0x2001ef30                get_Vbatt
 .text.get_curBat
                0x2001efbc       0x94 ./src/sub-systemCode/Global/GlobalParam.o
                0x2001efbc                get_curBat
 .text.set_curBat
                0x2001f050       0x8c ./src/sub-systemCode/Global/GlobalParam.o
                0x2001f050                set_curBat
 .text.get_cur3V3
                0x2001f0dc       0x94 ./src/sub-systemCode/Global/GlobalParam.o
                0x2001f0dc                get_cur3V3
 .text.set_cur3V3
                0x2001f170       0x8c ./src/sub-systemCode/Global/GlobalParam.o
                0x2001f170                set_cur3V3
 .text.get_cur5V
                0x2001f1fc       0x94 ./src/sub-systemCode/Global/GlobalParam.o
                0x2001f1fc                get_cur5V
 .text.set_cur5V
                0x2001f290       0x8c ./src/sub-systemCode/Global/GlobalParam.o
                0x2001f290                set_cur5V
 .text.get_tempComm_LO
                0x2001f31c      0x108 ./src/sub-systemCode/Global/GlobalParam.o
                0x2001f31c                get_tempComm_LO
 .text.set_tempComm_LO
                0x2001f424       0x8c ./src/sub-systemCode/Global/GlobalParam.o
                0x2001f424                set_tempComm_LO
 .text.get_tempComm_PA
                0x2001f4b0      0x108 ./src/sub-systemCode/Global/GlobalParam.o
                0x2001f4b0                get_tempComm_PA
 .text.set_tempComm_PA
                0x2001f5b8       0x8c ./src/sub-systemCode/Global/GlobalParam.o
                0x2001f5b8                set_tempComm_PA
 .text.get_tempEPS
                0x2001f644       0xe8 ./src/sub-systemCode/Global/GlobalParam.o
                0x2001f644                get_tempEPS
 .text.set_tempEPS
                0x2001f72c       0xc8 ./src/sub-systemCode/Global/GlobalParam.o
                0x2001f72c                set_tempEPS
 .text.get_tempBatt
                0x2001f7f4       0xe8 ./src/sub-systemCode/Global/GlobalParam.o
                0x2001f7f4                get_tempBatt
 .text.set_tempBatt
                0x2001f8dc       0xc8 ./src/sub-systemCode/Global/GlobalParam.o
                0x2001f8dc                set_tempBatt
 .text.get_RxDoppler
                0x2001f9a4       0x94 ./src/sub-systemCode/Global/GlobalParam.o
                0x2001f9a4                get_RxDoppler
 .text.set_RxDoppler
                0x2001fa38       0x8c ./src/sub-systemCode/Global/GlobalParam.o
                0x2001fa38                set_RxDoppler
 .text.get_RxRSSI
                0x2001fac4       0x94 ./src/sub-systemCode/Global/GlobalParam.o
                0x2001fac4                get_RxRSSI
 .text.set_RxRSSI
                0x2001fb58       0x8c ./src/sub-systemCode/Global/GlobalParam.o
                0x2001fb58                set_RxRSSI
 .text.get_TxRefl
                0x2001fbe4       0x94 ./src/sub-systemCode/Global/GlobalParam.o
                0x2001fbe4                get_TxRefl
 .text.set_TxRefl
                0x2001fc78       0x8c ./src/sub-systemCode/Global/GlobalParam.o
                0x2001fc78                set_TxRefl
 .text.get_TxForw
                0x2001fd04       0x94 ./src/sub-systemCode/Global/GlobalParam.o
                0x2001fd04                get_TxForw
 .text.set_TxForw
                0x2001fd98       0x8c ./src/sub-systemCode/Global/GlobalParam.o
                0x2001fd98                set_TxForw
 .text.get_Attitude
                0x2001fe24      0x120 ./src/sub-systemCode/Global/GlobalParam.o
                0x2001fe24                get_Attitude
 .text.set_Attitude
                0x2001ff44       0xe0 ./src/sub-systemCode/Global/GlobalParam.o
                0x2001ff44                set_Attitude
 .text.get_FS_failFlag
                0x20020024       0x94 ./src/sub-systemCode/Global/GlobalParam.o
                0x20020024                get_FS_failFlag
 .text.set_FS_failFlag
                0x200200b8       0x8c ./src/sub-systemCode/Global/GlobalParam.o
                0x200200b8                set_FS_failFlag
 .text.get_EPSState
                0x20020144       0x94 ./src/sub-systemCode/Global/GlobalParam.o
                0x20020144                get_EPSState
 .text.set_EPSState
                0x200201d8       0x8c ./src/sub-systemCode/Global/GlobalParam.o
                0x200201d8                set_EPSState
 .text.get_numOfDelayedCommand
                0x20020264       0x94 ./src/sub-systemCode/Global/GlobalParam.o
                0x20020264                get_numOfDelayedCommand
 .text.set_numOfDelayedCommand
                0x200202f8       0x8c ./src/sub-systemCode/Global/GlobalParam.o
                0x200202f8                set_numOfDelayedCommand
 .text.set_numOfResets
                0x20020384       0xac ./src/sub-systemCode/Global/GlobalParam.o
                0x20020384                set_numOfResets
 .text.get_numOfResets
                0x20020430       0xa4 ./src/sub-systemCode/Global/GlobalParam.o
                0x20020430                get_numOfResets
 .text.set_lastReset
                0x200204d4       0xac ./src/sub-systemCode/Global/GlobalParam.o
                0x200204d4                set_lastReset
 .text.get_lastReset
                0x20020580       0xa4 ./src/sub-systemCode/Global/GlobalParam.o
                0x20020580                get_lastReset
 .text.set_ground_conn
                0x20020624       0xa0 ./src/sub-systemCode/Global/GlobalParam.o
                0x20020624                set_ground_conn
 .text.get_ground_conn
                0x200206c4       0xa0 ./src/sub-systemCode/Global/GlobalParam.o
                0x200206c4                get_ground_conn
 .text.IsisAntS_getStatusData_sideA
                0x20020764       0x3c ./src/sub-systemCode/Global/OnlineTM.o
                0x20020764                IsisAntS_getStatusData_sideA
 .text.IsisAntS_getAlltelemetry_sideA
                0x200207a0       0x3c ./src/sub-systemCode/Global/OnlineTM.o
                0x200207a0                IsisAntS_getAlltelemetry_sideA
 .text.IsisAntS_getTemperature_sideA
                0x200207dc       0x3c ./src/sub-systemCode/Global/OnlineTM.o
                0x200207dc                IsisAntS_getTemperature_sideA
 .text.IsisAntS_getStatusData_sideB
                0x20020818       0x3c ./src/sub-systemCode/Global/OnlineTM.o
                0x20020818                IsisAntS_getStatusData_sideB
 .text.IsisAntS_getAlltelemetry_sideB
                0x20020854       0x3c ./src/sub-systemCode/Global/OnlineTM.o
                0x20020854                IsisAntS_getAlltelemetry_sideB
 .text.IsisAntS_getTemperature_sideB
                0x20020890       0x3c ./src/sub-systemCode/Global/OnlineTM.o
                0x20020890                IsisAntS_getTemperature_sideB
 .text.HK_collect_EPS
                0x200208cc       0x30 ./src/sub-systemCode/Global/OnlineTM.o
                0x200208cc                HK_collect_EPS
 .text.HK_collect_COMM
                0x200208fc       0x30 ./src/sub-systemCode/Global/OnlineTM.o
                0x200208fc                HK_collect_COMM
 .text.HK_collect_CAM
                0x2002092c       0x30 ./src/sub-systemCode/Global/OnlineTM.o
                0x2002092c                HK_collect_CAM
 .text.HK_collect_SP
                0x2002095c       0x30 ./src/sub-systemCode/Global/OnlineTM.o
                0x2002095c                HK_collect_SP
 .text.HK_collect_FS_A
                0x2002098c       0x9c ./src/sub-systemCode/Global/OnlineTM.o
                0x2002098c                HK_collect_FS_A
 .text.HK_collect_FS_B
                0x20020a28       0x9c ./src/sub-systemCode/Global/OnlineTM.o
                0x20020a28                HK_collect_FS_B
 .text.save_offlineSetting_FRAM
                0x20020ac4      0x26c ./src/sub-systemCode/Global/OnlineTM.o
                0x20020ac4                save_offlineSetting_FRAM
 .text.get_offlineSetting_FRAM
                0x20020d30       0x58 ./src/sub-systemCode/Global/OnlineTM.o
                0x20020d30                get_offlineSetting_FRAM
 .text.update_offlineSetting_FRAM
                0x20020d88      0x360 ./src/sub-systemCode/Global/OnlineTM.o
                0x20020d88                update_offlineSetting_FRAM
 .text.get_offlineSettingPacket
                0x200210e8       0xc4 ./src/sub-systemCode/Global/OnlineTM.o
                0x200210e8                get_offlineSettingPacket
 .text.get_item_by_index
                0x200211ac       0xdc ./src/sub-systemCode/Global/OnlineTM.o
                0x200211ac                get_item_by_index
 .text.get_pointer_item_by_index
                0x20021288       0x48 ./src/sub-systemCode/Global/OnlineTM.o
                0x20021288                get_pointer_item_by_index
 .text.init_onlineParam
                0x200212d0     0x2f54 ./src/sub-systemCode/Global/OnlineTM.o
                0x200212d0                init_onlineParam
 .text.reset_offline_TM_list
                0x20024224      0x184 ./src/sub-systemCode/Global/OnlineTM.o
                0x20024224                reset_offline_TM_list
 .text.get_online_packet
                0x200243a8      0x25c ./src/sub-systemCode/Global/OnlineTM.o
                0x200243a8                get_online_packet
 .text.save_onlineTM_param
                0x20024604      0x1b4 ./src/sub-systemCode/Global/OnlineTM.o
                0x20024604                save_onlineTM_param
 .text.add_onlineTM_param_to_save_list
                0x200247b8      0x3e4 ./src/sub-systemCode/Global/OnlineTM.o
                0x200247b8                add_onlineTM_param_to_save_list
 .text.delete_onlineTM_param_from_offline
                0x20024b9c      0x1a8 ./src/sub-systemCode/Global/OnlineTM.o
                0x20024b9c                delete_onlineTM_param_from_offline
 .text.save_onlineTM_logic
                0x20024d44      0x2c0 ./src/sub-systemCode/Global/OnlineTM.o
                0x20024d44                save_onlineTM_logic
 .text.updateSD_state
                0x20025004       0xc0 ./src/sub-systemCode/Global/OnlineTM.o
                0x20025004                updateSD_state
 .text.sleepRTC_second
                0x200250c4       0x64 ./src/sub-systemCode/Global/OnlineTM.o
 .text.save_onlineTM_task
                0x20025128       0xe8 ./src/sub-systemCode/Global/OnlineTM.o
                0x20025128                save_onlineTM_task
 .text.reset_FRAM_FS
                0x20025210       0x4c ./src/sub-systemCode/Global/TLM_management.o
                0x20025210                reset_FRAM_FS
 .text.sd_format
                0x2002525c       0x28 ./src/sub-systemCode/Global/TLM_management.o
                0x2002525c                sd_format
 .text.deleteDir
                0x20025284       0x2c ./src/sub-systemCode/Global/TLM_management.o
                0x20025284                deleteDir
 .text.getNumOfFilesInFS
                0x200252b0       0x44 ./src/sub-systemCode/Global/TLM_management.o
 .text.setNumOfFilesInFS
                0x200252f4       0x50 ./src/sub-systemCode/Global/TLM_management.o
 .text.f_managed_enterFS
                0x20025344       0x18 ./src/sub-systemCode/Global/TLM_management.o
                0x20025344                f_managed_enterFS
 .text.f_managed_releaseFS
                0x2002535c       0x18 ./src/sub-systemCode/Global/TLM_management.o
                0x2002535c                f_managed_releaseFS
 .text.f_managed_open
                0x20025374       0xf4 ./src/sub-systemCode/Global/TLM_management.o
                0x20025374                f_managed_open
 .text.f_managed_close
                0x20025468       0x84 ./src/sub-systemCode/Global/TLM_management.o
                0x20025468                f_managed_close
 .text.createSemahores_FS
                0x200254ec       0x48 ./src/sub-systemCode/Global/TLM_management.o
                0x200254ec                createSemahores_FS
 .text.InitializeFS
                0x20025534      0x138 ./src/sub-systemCode/Global/TLM_management.o
                0x20025534                InitializeFS
 .text.c_fileCreate
                0x2002566c      0x110 ./src/sub-systemCode/Global/TLM_management.o
                0x2002566c                c_fileCreate
 .text.writewithEpochtime
                0x2002577c       0x90 ./src/sub-systemCode/Global/TLM_management.o
 .text.get_C_FILE_struct
                0x2002580c       0xe4 ./src/sub-systemCode/Global/TLM_management.o
 .text.getFileIndex
                0x200258f0       0x58 ./src/sub-systemCode/Global/TLM_management.o
 .text.get_file_name_by_index
                0x20025948       0x44 ./src/sub-systemCode/Global/TLM_management.o
                0x20025948                get_file_name_by_index
 .text.c_fileReset
                0x2002598c       0xe0 ./src/sub-systemCode/Global/TLM_management.o
                0x2002598c                c_fileReset
 .text.c_fileWrite
                0x20025a6c      0x154 ./src/sub-systemCode/Global/TLM_management.o
                0x20025a6c                c_fileWrite
 .text.deleteElementsFromFile
                0x20025bc0      0x1a0 ./src/sub-systemCode/Global/TLM_management.o
 .text.c_fileDeleteElements
                0x20025d60      0x158 ./src/sub-systemCode/Global/TLM_management.o
                0x20025d60                c_fileDeleteElements
 .text.c_fileRead
                0x20025eb8      0x304 ./src/sub-systemCode/Global/TLM_management.o
                0x20025eb8                c_fileRead
 .text.print_file
                0x200261bc      0x188 ./src/sub-systemCode/Global/TLM_management.o
                0x200261bc                print_file
 .text.DeInitializeFS
                0x20026344       0x30 ./src/sub-systemCode/Global/TLM_management.o
                0x20026344                DeInitializeFS
 .text.xSemaphoreGive_extended
                0x20026374       0x48 ./src/sub-systemCode/Global/freertosExtended.o
                0x20026374                xSemaphoreGive_extended
 .text.xSemaphoreTake_extended
                0x200263bc       0x54 ./src/sub-systemCode/Global/freertosExtended.o
                0x200263bc                xSemaphoreTake_extended
 .text.WriteLog
                0x20026410       0xa8 ./src/sub-systemCode/Global/logger.o
 .text.WriteErrorLog
                0x200264b8       0x64 ./src/sub-systemCode/Global/logger.o
                0x200264b8                WriteErrorLog
 .text.WriteResetLog
                0x2002651c       0x54 ./src/sub-systemCode/Global/logger.o
                0x2002651c                WriteResetLog
 .text.WritePayloadLog
                0x20026570       0x50 ./src/sub-systemCode/Global/logger.o
                0x20026570                WritePayloadLog
 .text.WriteEpsLog
                0x200265c0       0x4c ./src/sub-systemCode/Global/logger.o
                0x200265c0                WriteEpsLog
 .text.WriteTransponderLog
                0x2002660c       0x50 ./src/sub-systemCode/Global/logger.o
                0x2002660c                WriteTransponderLog
 .text.WriteAdcsLog
                0x2002665c       0x50 ./src/sub-systemCode/Global/logger.o
                0x2002665c                WriteAdcsLog
 .text.WriteCUFLog
                0x200266ac       0x50 ./src/sub-systemCode/Global/logger.o