Archive member included because of file (symbol)

c:/isis/application/toolchain/bin/../lib/gcc/arm-none-eabi/4.7.4/../../../../arm-none-eabi/lib\libc_s.a(lib_a-vfprintf_float.o)
                              (_printf_float)
c:/isis/application/toolchain/bin/../lib/gcc/arm-none-eabi/4.7.4/../../../../arm-none-eabi/lib\libc_s.a(lib_a-vfprintf_i.o)
                              c:/isis/application/toolchain/bin/../lib/gcc/arm-none-eabi/4.7.4/../../../../arm-none-eabi/lib\libc_s.a(lib_a-vfprintf_float.o) (_printf_common)
c:/isis/application/toolchain/bin/../lib/gcc/arm-none-eabi/4.7.4/../../../../arm-none-eabi/lib\libc_s.a(lib_a-vfscanf_float.o)
                              (_scanf_float)
c:/isis/application/toolchain/bin/../lib/gcc/arm-none-eabi/4.7.4/../../../../arm-none-eabi/lib\libc_s.a(lib_a-dtoa.o)
                              c:/isis/application/toolchain/bin/../lib/gcc/arm-none-eabi/4.7.4/../../../../arm-none-eabi/lib\libc_s.a(lib_a-vfprintf_float.o) (_dtoa_r)
c:/isis/application/toolchain/bin/../lib/gcc/arm-none-eabi/4.7.4/../../../../arm-none-eabi/lib\libc_s.a(lib_a-locale.o)
                              c:/isis/application/toolchain/bin/../lib/gcc/arm-none-eabi/4.7.4/../../../../arm-none-eabi/lib\libc_s.a(lib_a-vfprintf_float.o) (_localeconv_r)
c:/isis/application/toolchain/bin/../lib/gcc/arm-none-eabi/4.7.4/../../../../arm-none-eabi/lib\libc_s.a(lib_a-malloc.o)
                              c:/isis/application/toolchain/bin/../lib/gcc/arm-none-eabi/4.7.4/../../../../arm-none-eabi/lib\libc_s.a(lib_a-dtoa.o) (malloc)
c:/isis/application/toolchain/bin/../lib/gcc/arm-none-eabi/4.7.4/../../../../arm-none-eabi/lib\libc_s.a(lib_a-mallocr.o)
                              c:/isis/application/toolchain/bin/../lib/gcc/arm-none-eabi/4.7.4/../../../../arm-none-eabi/lib\libc_s.a(lib_a-malloc.o) (_malloc_r)
c:/isis/application/toolchain/bin/../lib/gcc/arm-none-eabi/4.7.4/../../../../arm-none-eabi/lib\libc_s.a(lib_a-memcpy.o)
                              c:/isis/application/toolchain/bin/../lib/gcc/arm-none-eabi/4.7.4/../../../../arm-none-eabi/lib\libc_s.a(lib_a-dtoa.o) (memcpy)
c:/isis/application/toolchain/bin/../lib/gcc/arm-none-eabi/4.7.4/../../../../arm-none-eabi/lib\libc_s.a(lib_a-mprec.o)
                              c:/isis/application/toolchain/bin/../lib/gcc/arm-none-eabi/4.7.4/../../../../arm-none-eabi/lib\libc_s.a(lib_a-dtoa.o) (_Balloc)
c:/isis/application/toolchain/bin/../lib/gcc/arm-none-eabi/4.7.4/../../../../arm-none-eabi/lib\libc_s.a(lib_a-s_fpclassify.o)
                              c:/isis/application/toolchain/bin/../lib/gcc/arm-none-eabi/4.7.4/../../../../arm-none-eabi/lib\libc_s.a(lib_a-vfprintf_float.o) (__fpclassifyd)
c:/isis/application/toolchain/bin/../lib/gcc/arm-none-eabi/4.7.4/../../../../arm-none-eabi/lib\libc_s.a(lib_a-sbrkr.o)
                              c:/isis/application/toolchain/bin/../lib/gcc/arm-none-eabi/4.7.4/../../../../arm-none-eabi/lib\libc_s.a(lib_a-mallocr.o) (_sbrk_r)
c:/isis/application/toolchain/bin/../lib/gcc/arm-none-eabi/4.7.4/../../../../arm-none-eabi/lib\libc_s.a(lib_a-sf_nan.o)
                              c:/isis/application/toolchain/bin/../lib/gcc/arm-none-eabi/4.7.4/../../../../arm-none-eabi/lib\libc_s.a(lib_a-vfscanf_float.o) (nanf)
c:/isis/application/toolchain/bin/../lib/gcc/arm-none-eabi/4.7.4/../../../../arm-none-eabi/lib\libc_s.a(lib_a-sprintf.o)
                              c:/isis/application/toolchain/bin/../lib/gcc/arm-none-eabi/4.7.4/../../../../arm-none-eabi/lib\libc_s.a(lib_a-vfscanf_float.o) (sprintf)
c:/isis/application/toolchain/bin/../lib/gcc/arm-none-eabi/4.7.4/../../../../arm-none-eabi/lib\libc_s.a(lib_a-strcmp.o)
                              c:/isis/application/toolchain/bin/../lib/gcc/arm-none-eabi/4.7.4/../../../../arm-none-eabi/lib\libc_s.a(lib_a-locale.o) (strcmp)
c:/isis/application/toolchain/bin/../lib/gcc/arm-none-eabi/4.7.4/../../../../arm-none-eabi/lib\libc_s.a(lib_a-strlen.o)
                              c:/isis/application/toolchain/bin/../lib/gcc/arm-none-eabi/4.7.4/../../../../arm-none-eabi/lib\libc_s.a(lib_a-vfprintf_float.o) (strlen)
c:/isis/application/toolchain/bin/../lib/gcc/arm-none-eabi/4.7.4/../../../../arm-none-eabi/lib\libc_s.a(lib_a-strtod.o)
                              c:/isis/application/toolchain/bin/../lib/gcc/arm-none-eabi/4.7.4/../../../../arm-none-eabi/lib\libc_s.a(lib_a-vfscanf_float.o) (_strtod_r)
c:/isis/application/toolchain/bin/../lib/gcc/arm-none-eabi/4.7.4/../../../../arm-none-eabi/lib\libc_s.a(lib_a-strtol.o)
                              c:/isis/application/toolchain/bin/../lib/gcc/arm-none-eabi/4.7.4/../../../../arm-none-eabi/lib\libc_s.a(lib_a-vfscanf_float.o) (_strtol_r)
c:/isis/application/toolchain/bin/../lib/gcc/arm-none-eabi/4.7.4/../../../../arm-none-eabi/lib\libc_s.a(lib_a-svfprintf.o)
                              c:/isis/application/toolchain/bin/../lib/gcc/arm-none-eabi/4.7.4/../../../../arm-none-eabi/lib\libc_s.a(lib_a-sprintf.o) (_svfprintf_r)
[...]
Memory Configuration

Name             Origin             Length             Attributes
sram0            0x00200000         0x00004000         w !xr
sram1            0x00300000         0x00004000         w !xr
sdram            0x20000000         0x02000000         w !xr
*default*        0x00000000         0xffffffff

Linker script and memory map

LOAD c:/isis/application/toolchain/bin/../lib/gcc/arm-none-eabi/4.7.4/../../../../arm-none-eabi/lib\libc_s.a
LOAD ./src/Tests/ADCtest.o
LOAD ./src/Tests/FloatingPointTest.o
LOAD ./src/Tests/I2CslaveTest.o
LOAD ./src/Tests/I2Ctest.o
LOAD ./src/Tests/LEDtest.o
LOAD ./src/Tests/PWMtest.o
LOAD ./src/Tests/PinTest.o
LOAD ./src/Tests/SDCardTest.o
LOAD ./src/Tests/SPI_FRAM_RTCtest.o
LOAD ./src/Tests/SupervisorTest.o
LOAD ./src/Tests/ThermalTest.o
LOAD ./src/Tests/TimeTest.o
LOAD ./src/Tests/UARTtest.o
LOAD ./src/Tests/USBdeviceTest.o
LOAD ./src/Tests/boardTest.o
LOAD ./src/Tests/checksumTest.o
LOAD ./src/Demo/demo_sd.o
LOAD ./src/Demo/demo_uart.o
LOAD ./src/freertos_hooks.o
LOAD ./src/main.o
LOAD C:/Users/user1/Documents/hoopoe-2/hal/demo/..//hcc/lib\libHCCD.a
LOAD C:/Users/user1/Documents/hoopoe-2/hal/demo/..//hal/lib\libHALD.a
LOAD C:/Users/user1/Documents/hoopoe-2/hal/demo/..//freertos/lib\libFreeRTOSD.a
LOAD C:/Users/user1/Documents/hoopoe-2/hal/demo/..//at91/lib\libAt91D.a
START GROUP
LOAD c:/isis/application/toolchain/bin/../lib/gcc/arm-none-eabi/4.7.4\libgcc.a
LOAD c:/isis/application/toolchain/bin/../lib/gcc/arm-none-eabi/4.7.4/../../../../arm-none-eabi/lib\libc_s.a
END GROUP

.fixed          0x20000000    0x4c690
                0x20000000                . = ALIGN (0x4)
                0x20000000                _sfixed = .
 *(.startup)
 .startup       0x20000000      0x134 C:/Users/user1/Documents/hoopoe-2/hal/demo/..//at91/lib\libAt91D.a(board_cstartup.o)
                0x20000000                entry
 *(.text)
 .text          0x20000134       0x64 C:/Users/user1/Documents/hoopoe-2/hal/demo/..//at91/lib\libAt91D.a(cp15_asm.o)
                0x20000134                _readControlRegister
                0x20000140                _writeControlRegister
                0x20000148                _waitForInterrupt
                0x20000154                _writeTTB
                0x2000015c                _writeDomain
                0x20000164                _writeITLBLockdown
                0x2000016c                _prefetchICacheLine
                0x20000174                _flushDCache
                0x20000180                _flushWriteBuffer
                0x2000018c                _invalidateIDTLBs
 .text          0x20000198      0x114 c:/isis/application/toolchain/bin/../lib/gcc/arm-none-eabi/4.7.4\libgcc.a(_udivsi3.o)
                0x20000198                __aeabi_uidiv
                0x20000198                __udivsi3
                0x2000028c                __aeabi_uidivmod
 .text          0x200002ac      0x148 c:/isis/application/toolchain/bin/../lib/gcc/arm-none-eabi/4.7.4\libgcc.a(_divsi3.o)
                0x200002ac                __divsi3
                0x200002ac                __aeabi_idiv
                0x200003d4                __aeabi_idivmod
 .text          0x200003f4        0x4 c:/isis/application/toolchain/bin/../lib/gcc/arm-none-eabi/4.7.4\libgcc.a(_dvmd_tls.o)
                0x200003f4                __aeabi_idiv0
                0x200003f4                __aeabi_ldiv0
 .text          0x200003f8      0x41c c:/isis/application/toolchain/bin/../lib/gcc/arm-none-eabi/4.7.4\libgcc.a(_arm_addsubdf3.o)
                0x200003f8                __aeabi_drsub
                0x20000400                __aeabi_dsub
                0x20000400                __subdf3
                0x20000404                __aeabi_dadd
                0x20000404                __adddf3
                0x20000714                __floatunsidf
                0x20000714                __aeabi_ui2d
                0x20000738                __floatsidf
                0x20000738                __aeabi_i2d
                0x20000760                __aeabi_f2d
                0x20000760                __extendsfdf2
                0x200007a0                __floatundidf
                0x200007a0                __aeabi_ul2d
                0x200007b4                __floatdidf
                0x200007b4                __aeabi_l2d
 .text          0x20000814      0x49c c:/isis/application/toolchain/bin/../lib/gcc/arm-none-eabi/4.7.4\libgcc.a(_arm_muldivdf3.o)
                0x20000814                __aeabi_dmul
                0x20000814                __muldf3
                0x20000aa4                __divdf3
                0x20000aa4                __aeabi_ddiv
 .text          0x20000cb0      0x144 c:/isis/application/toolchain/bin/../lib/gcc/arm-none-eabi/4.7.4\libgcc.a(_arm_cmpdf2.o)
                0x20000cb0                __gtdf2
                0x20000cb0                __gedf2
                0x20000cb8                __ltdf2
                0x20000cb8                __ledf2
                0x20000cc0                __nedf2
                0x20000cc0                __eqdf2
                0x20000cc0                __cmpdf2
                0x20000d48                __aeabi_cdrcmple
                0x20000d64                __aeabi_cdcmpeq
                0x20000d64                __aeabi_cdcmple
                0x20000d7c                __aeabi_dcmpeq
                0x20000d94                __aeabi_dcmplt
                0x20000dac                __aeabi_dcmple
                0x20000dc4                __aeabi_dcmpge
                0x20000ddc                __aeabi_dcmpgt
 .text          0x20000df4       0x5c c:/isis/application/toolchain/bin/../lib/gcc/arm-none-eabi/4.7.4\libgcc.a(_arm_fixdfsi.o)
                0x20000df4                __aeabi_d2iz
                0x20000df4                __fixdfsi
 .text          0x20000e50       0x54 c:/isis/application/toolchain/bin/../lib/gcc/arm-none-eabi/4.7.4\libgcc.a(_arm_fixunsdfsi.o)
                0x20000e50                __aeabi_d2uiz
                0x20000e50                __fixunsdfsi
 .text          0x20000ea4       0xa0 c:/isis/application/toolchain/bin/../lib/gcc/arm-none-eabi/4.7.4\libgcc.a(_arm_truncdfsf2.o)
                0x20000ea4                __truncdfsf2
                0x20000ea4                __aeabi_d2f
 .text          0x20000f44      0x2ac c:/isis/application/toolchain/bin/../lib/gcc/arm-none-eabi/4.7.4\libgcc.a(_arm_addsubsf3.o)
                0x20000f44                __aeabi_frsub
                0x20000f4c                __subsf3
                0x20000f4c                __aeabi_fsub
                0x20000f50                __aeabi_fadd
                0x20000f50                __addsf3
                0x2000110c                __aeabi_ui2f
                0x2000110c                __floatunsisf
                0x20001114                __aeabi_i2f
                0x20001114                __floatsisf
                0x20001134                __aeabi_ul2f
                0x20001134                __floatundisf
                0x20001144                __aeabi_l2f
                0x20001144                __floatdisf
 .text          0x200011f0      0x2f8 c:/isis/application/toolchain/bin/../lib/gcc/arm-none-eabi/4.7.4\libgcc.a(_arm_muldivsf3.o)
                0x200011f0                __mulsf3
                0x200011f0                __aeabi_fmul
                0x20001388                __aeabi_fdiv
                0x20001388                __divsf3
 .text          0x200014e8      0x114 c:/isis/application/toolchain/bin/../lib/gcc/arm-none-eabi/4.7.4\libgcc.a(_arm_cmpsf2.o)
                0x200014e8                __gesf2
                0x200014e8                __gtsf2
                0x200014f0                __lesf2
                0x200014f0                __ltsf2
                0x200014f8                __nesf2
                0x200014f8                __eqsf2
                0x200014f8                __cmpsf2
                0x2000155c                __aeabi_cfrcmple
                0x2000156c                __aeabi_cfcmpeq
                0x2000156c                __aeabi_cfcmple
                0x20001584                __aeabi_fcmpeq
                0x2000159c                __aeabi_fcmplt
                0x200015b4                __aeabi_fcmple
                0x200015cc                __aeabi_fcmpge
                0x200015e4                __aeabi_fcmpgt
 .text          0x200015fc       0x5c c:/isis/application/toolchain/bin/../lib/gcc/arm-none-eabi/4.7.4\libgcc.a(_arm_fixsfsi.o)
                0x200015fc                __aeabi_f2iz
                0x200015fc                __fixsfsi
 .text          0x20001658       0x54 c:/isis/application/toolchain/bin/../lib/gcc/arm-none-eabi/4.7.4\libgcc.a(_arm_fixunssfsi.o)
                0x20001658                __fixunssfsi
                0x20001658                __aeabi_f2uiz
 *(.text*)
 .text.__cvt    0x200016ac      0x138 c:/isis/application/toolchain/bin/../lib/gcc/arm-none-eabi/4.7.4/../../../../arm-none-eabi/lib\libc_s.a(lib_a-vfprintf_float.o)
                0x200016ac                __cvt
 .text.__exponent
                0x200017e4       0xa8 c:/isis/application/toolchain/bin/../lib/gcc/arm-none-eabi/4.7.4/../../../../arm-none-eabi/lib\libc_s.a(lib_a-vfprintf_float.o)
                0x200017e4                __exponent
 .text._printf_float
                0x2000188c      0x7dc c:/isis/application/toolchain/bin/../lib/gcc/arm-none-eabi/4.7.4/../../../../arm-none-eabi/lib\libc_s.a(lib_a-vfprintf_float.o)
                0x2000188c                _printf_float
 .text._printf_common
                0x20002068      0x174 c:/isis/application/toolchain/bin/../lib/gcc/arm-none-eabi/4.7.4/../../../../arm-none-eabi/lib\libc_s.a(lib_a-vfprintf_i.o)
                0x20002068                _printf_common
 .text._printf_i
                0x200021dc      0x3c4 c:/isis/application/toolchain/bin/../lib/gcc/arm-none-eabi/4.7.4/../../../../arm-none-eabi/lib\libc_s.a(lib_a-vfprintf_i.o)
                0x200021dc                _printf_i
 .text._scanf_float
                0x200025a0      0x5f4 c:/isis/application/toolchain/bin/../lib/gcc/arm-none-eabi/4.7.4/../../../../arm-none-eabi/lib\libc_s.a(lib_a-vfscanf_float.o)
                0x200025a0                _scanf_float
 .text.quorem   0x20002b94      0x1ac c:/isis/application/toolchain/bin/../lib/gcc/arm-none-eabi/4.7.4/../../../../arm-none-eabi/lib\libc_s.a(lib_a-dtoa.o)
 .text._dtoa_r  0x20002d40     0x1268 c:/isis/application/toolchain/bin/../lib/gcc/arm-none-eabi/4.7.4/../../../../arm-none-eabi/lib\libc_s.a(lib_a-dtoa.o)
                0x20002d40                _dtoa_r
 .text._localeconv_r
                0x20003fa8        0xc c:/isis/application/toolchain/bin/../lib/gcc/arm-none-eabi/4.7.4/../../../../arm-none-eabi/lib\libc_s.a(lib_a-locale.o)
                0x20003fa8                _localeconv_r
 .text.malloc   0x20003fb4       0x20 c:/isis/application/toolchain/bin/../lib/gcc/arm-none-eabi/4.7.4/../../../../arm-none-eabi/lib\libc_s.a(lib_a-malloc.o)
                0x20003fb4                malloc
 .text.free     0x20003fd4       0x20 c:/isis/application/toolchain/bin/../lib/gcc/arm-none-eabi/4.7.4/../../../../arm-none-eabi/lib\libc_s.a(lib_a-malloc.o)
                0x20003fd4                free
 .text._malloc_r
                0x20003ff4       0xfc c:/isis/application/toolchain/bin/../lib/gcc/arm-none-eabi/4.7.4/../../../../arm-none-eabi/lib\libc_s.a(lib_a-mallocr.o)
                0x20003ff4                _malloc_r
 .text.memcpy   0x200040f0       0x20 c:/isis/application/toolchain/bin/../lib/gcc/arm-none-eabi/4.7.4/../../../../arm-none-eabi/lib\libc_s.a(lib_a-memcpy.o)
                0x200040f0                memcpy
 .text._Balloc  0x20004110       0xcc c:/isis/application/toolchain/bin/../lib/gcc/arm-none-eabi/4.7.4/../../../../arm-none-eabi/lib\libc_s.a(lib_a-mprec.o)
                0x20004110                _Balloc
 .text._Bfree   0x200041dc       0x5c c:/isis/application/toolchain/bin/../lib/gcc/arm-none-eabi/4.7.4/../../../../arm-none-eabi/lib\libc_s.a(lib_a-mprec.o)
                0x200041dc                _Bfree
 .text.__multadd
                0x20004238       0xbc c:/isis/application/toolchain/bin/../lib/gcc/arm-none-eabi/4.7.4/../../../../arm-none-eabi/lib\libc_s.a(lib_a-mprec.o)
                0x20004238                __multadd
 .text.__s2b    0x200042f4       0xd8 c:/isis/application/toolchain/bin/../lib/gcc/arm-none-eabi/4.7.4/../../../../arm-none-eabi/lib\libc_s.a(lib_a-mprec.o)
                0x200042f4                __s2b
 .text.__hi0bits
                0x200043cc       0x58 c:/isis/application/toolchain/bin/../lib/gcc/arm-none-eabi/4.7.4/../../../../arm-none-eabi/lib\libc_s.a(lib_a-mprec.o)
                0x200043cc                __hi0bits
 .text.__lo0bits
                0x20004424       0x94 c:/isis/application/toolchain/bin/../lib/gcc/arm-none-eabi/4.7.4/../../../../arm-none-eabi/lib\libc_s.a(lib_a-mprec.o)
                0x20004424                __lo0bits
 .text.__i2b    0x200044b8       0x24 c:/isis/application/toolchain/bin/../lib/gcc/arm-none-eabi/4.7.4/../../../../arm-none-eabi/lib\libc_s.a(lib_a-mprec.o)
                0x200044b8                __i2b
 .text.__multiply
                0x200044dc      0x1ac c:/isis/application/toolchain/bin/../lib/gcc/arm-none-eabi/4.7.4/../../../../arm-none-eabi/lib\libc_s.a(lib_a-mprec.o)
                0x200044dc                __multiply
 .text.__pow5mult
                0x20004688      0x10c c:/isis/application/toolchain/bin/../lib/gcc/arm-none-eabi/4.7.4/../../../../arm-none-eabi/lib\libc_s.a(lib_a-mprec.o)
                0x20004688                __pow5mult
 .text.__lshift
                0x20004794       0xf0 c:/isis/application/toolchain/bin/../lib/gcc/arm-none-eabi/4.7.4/../../../../arm-none-eabi/lib\libc_s.a(lib_a-mprec.o)
                0x20004794                __lshift
 .text.__mcmp   0x20004884       0x60 c:/isis/application/toolchain/bin/../lib/gcc/arm-none-eabi/4.7.4/../../../../arm-none-eabi/lib\libc_s.a(lib_a-mprec.o)
                0x20004884                __mcmp
 .text.__mdiff  0x200048e4      0x128 c:/isis/application/toolchain/bin/../lib/gcc/arm-none-eabi/4.7.4/../../../../arm-none-eabi/lib\libc_s.a(lib_a-mprec.o)
                0x200048e4                __mdiff
 .text.__ulp    0x20004a0c       0x5c c:/isis/application/toolchain/bin/../lib/gcc/arm-none-eabi/4.7.4/../../../../arm-none-eabi/lib\libc_s.a(lib_a-mprec.o)
                0x20004a0c                __ulp
 .text.__b2d    0x20004a68       0xc8 c:/isis/application/toolchain/bin/../lib/gcc/arm-none-eabi/4.7.4/../../../../arm-none-eabi/lib\libc_s.a(lib_a-mprec.o)
                0x20004a68                __b2d
 .text.__d2b    0x20004b30       0xfc c:/isis/application/toolchain/bin/../lib/gcc/arm-none-eabi/4.7.4/../../../../arm-none-eabi/lib\libc_s.a(lib_a-mprec.o)
                0x20004b30                __d2b
 .text.__ratio  0x20004c2c       0x70 c:/isis/application/toolchain/bin/../lib/gcc/arm-none-eabi/4.7.4/../../../../arm-none-eabi/lib\libc_s.a(lib_a-mprec.o)
                0x20004c2c                __ratio
 .text.__copybits
                0x20004c9c       0x4c c:/isis/application/toolchain/bin/../lib/gcc/arm-none-eabi/4.7.4/../../../../arm-none-eabi/lib\libc_s.a(lib_a-mprec.o)
                0x20004c9c                __copybits
 .text.__any_on
                0x20004ce8       0x7c c:/isis/application/toolchain/bin/../lib/gcc/arm-none-eabi/4.7.4/../../../../arm-none-eabi/lib\libc_s.a(lib_a-mprec.o)
                0x20004ce8                __any_on
 .text.__fpclassifyd
                0x20004d64       0x6c c:/isis/application/toolchain/bin/../lib/gcc/arm-none-eabi/4.7.4/../../../../arm-none-eabi/lib\libc_s.a(lib_a-s_fpclassify.o)
                0x20004d64                __fpclassifyd
 .text._sbrk_r  0x20004dd0       0x3c c:/isis/application/toolchain/bin/../lib/gcc/arm-none-eabi/4.7.4/../../../../arm-none-eabi/lib\libc_s.a(lib_a-sbrkr.o)
                0x20004dd0                _sbrk_r
 .text.nanf     0x20004e0c        0xc c:/isis/application/toolchain/bin/../lib/gcc/arm-none-eabi/4.7.4/../../../../arm-none-eabi/lib\libc_s.a(lib_a-sf_nan.o)
                0x20004e0c                nanf
 .text.sprintf  0x20004e18       0x6c c:/isis/application/toolchain/bin/../lib/gcc/arm-none-eabi/4.7.4/../../../../arm-none-eabi/lib\libc_s.a(lib_a-sprintf.o)
                0x20004e18                siprintf
                0x20004e18                sprintf
 .text.strlen   0x20004e84       0x1c c:/isis/application/toolchain/bin/../lib/gcc/arm-none-eabi/4.7.4/../../../../arm-none-eabi/lib\libc_s.a(lib_a-strlen.o)
                0x20004e84                strlen
 .text.match    0x20004ea0       0x54 c:/isis/application/toolchain/bin/../lib/gcc/arm-none-eabi/4.7.4/../../../../arm-none-eabi/lib\libc_s.a(lib_a-strtod.o)
 .text._strtod_r
                0x20004ef4     0x1168 c:/isis/application/toolchain/bin/../lib/gcc/arm-none-eabi/4.7.4/../../../../arm-none-eabi/lib\libc_s.a(lib_a-strtod.o)
                0x20004ef4                _strtod_r
 .text._strtol_r
                0x2000605c      0x1b8 c:/isis/application/toolchain/bin/../lib/gcc/arm-none-eabi/4.7.4/../../../../arm-none-eabi/lib\libc_s.a(lib_a-strtol.o)
                0x2000605c                _strtol_r
 .text.__ssputc_r
                0x20006214      0x10c c:/isis/application/toolchain/bin/../lib/gcc/arm-none-eabi/4.7.4/../../../../arm-none-eabi/lib\libc_s.a(lib_a-svfprintf.o)
                0x20006214                __ssputc_r
 .text._svfprintf_r
                0x20006320      0x328 c:/isis/application/toolchain/bin/../lib/gcc/arm-none-eabi/4.7.4/../../../../arm-none-eabi/lib\libc_s.a(lib_a-svfprintf.o)
                0x20006320                _svfiprintf_r
                0x20006320                _svfprintf_r
 .text._calloc_r
                0x20006648       0x2c c:/isis/application/toolchain/bin/../lib/gcc/arm-none-eabi/4.7.4/../../../../arm-none-eabi/lib\libc_s.a(lib_a-callocr.o)
                0x20006648                _calloc_r
 .text._free_r  0x20006674      0x108 c:/isis/application/toolchain/bin/../lib/gcc/arm-none-eabi/4.7.4/../../../../arm-none-eabi/lib\libc_s.a(lib_a-freer.o)
                0x20006674                _free_r
 .text.rshift   0x2000677c       0xb0 c:/isis/application/toolchain/bin/../lib/gcc/arm-none-eabi/4.7.4/../../../../arm-none-eabi/lib\libc_s.a(lib_a-gdtoa-gethex.o)
 .text.htinit.constprop.0
                0x2000682c       0x34 c:/isis/application/toolchain/bin/../lib/gcc/arm-none-eabi/4.7.4/../../../../arm-none-eabi/lib\libc_s.a(lib_a-gdtoa-gethex.o)
 .text.__hexdig_init
                0x20006860       0x38 c:/isis/application/toolchain/bin/../lib/gcc/arm-none-eabi/4.7.4/../../../../arm-none-eabi/lib\libc_s.a(lib_a-gdtoa-gethex.o)
                0x20006860                __hexdig_init
 .text.__gethex
                0x20006898      0x6cc c:/isis/application/toolchain/bin/../lib/gcc/arm-none-eabi/4.7.4/../../../../arm-none-eabi/lib\libc_s.a(lib_a-gdtoa-gethex.o)
                0x20006898                __gethex
 .text.L_shift  0x20006f64       0x38 c:/isis/application/toolchain/bin/../lib/gcc/arm-none-eabi/4.7.4/../../../../arm-none-eabi/lib\libc_s.a(lib_a-gdtoa-hexnan.o)
 .text.__hexnan
                0x20006f9c      0x1d8 c:/isis/application/toolchain/bin/../lib/gcc/arm-none-eabi/4.7.4/../../../../arm-none-eabi/lib\libc_s.a(lib_a-gdtoa-hexnan.o)
                0x20006f9c                __hexnan
 .text.memchr   0x20007174       0x34 c:/isis/application/toolchain/bin/../lib/gcc/arm-none-eabi/4.7.4/../../../../arm-none-eabi/lib\libc_s.a(lib_a-memchr.o)
                0x20007174                memchr
 .text.memset   0x200071a8       0x1c c:/isis/application/toolchain/bin/../lib/gcc/arm-none-eabi/4.7.4/../../../../arm-none-eabi/lib\libc_s.a(lib_a-memset.o)
                0x200071a8                memset
 .text._realloc_r
                0x200071c4       0x80 c:/isis/application/toolchain/bin/../lib/gcc/arm-none-eabi/4.7.4/../../../../arm-none-eabi/lib\libc_s.a(lib_a-reallocr.o)
                0x200071c4                _realloc_r
 .text.strncmp  0x20007244       0x64 c:/isis/application/toolchain/bin/../lib/gcc/arm-none-eabi/4.7.4/../../../../arm-none-eabi/lib\libc_s.a(lib_a-strncmp.o)
                0x20007244                strncmp
 .text._malloc_usable_size_r
                0x200072a8       0x1c c:/isis/application/toolchain/bin/../lib/gcc/arm-none-eabi/4.7.4/../../../../arm-none-eabi/lib\libc_s.a(lib_a-msizer.o)
                0x200072a8                _malloc_usable_size_r
 .text.adcCallback
                0x200072c4       0x88 ./src/Tests/ADCtest.o
                0x200072c4                adcCallback
 .text.convertToMilliVolts_10bit
                0x2000734c       0x50 ./src/Tests/ADCtest.o
                0x2000734c                convertToMilliVolts_10bit
 .text.convertToMilliVolts_8bit
                0x2000739c       0x44 ./src/Tests/ADCtest.o
                0x2000739c                convertToMilliVolts_8bit
 .text.ADCtest_initalize
                0x200073e0      0x14c ./src/Tests/ADCtest.o
                0x200073e0                ADCtest_initalize
 .text.ADCtest_printReadout
                0x2000752c      0x16c ./src/Tests/ADCtest.o
                0x2000752c                ADCtest_printReadout
 .text.taskADCtest
                0x20007698       0x20 ./src/Tests/ADCtest.o
                0x20007698                taskADCtest
 .text.ADCtest  0x200076b8       0x58 ./src/Tests/ADCtest.o
                0x200076b8                ADCtest
 .text.ADCtestSingleShot
                0x20007710       0x94 ./src/Tests/ADCtest.o
                0x20007710                ADCtestSingleShot
 .text.I2Ccallback
                0x200077a4       0x64 ./src/Tests/I2Ctest.o
                0x200077a4                I2Ccallback
 .text.doBlockingI2CTransfer
                0x20007808       0xb8 ./src/Tests/I2Ctest.o
                0x20007808                doBlockingI2CTransfer
 .text.taskQueuedI2Ctest1
                0x200078c0      0x258 ./src/Tests/I2Ctest.o
                0x200078c0                taskQueuedI2Ctest1
 .text.taskQueuedI2Ctest2
                0x20007b18      0x258 ./src/Tests/I2Ctest.o
                0x20007b18                taskQueuedI2Ctest2
 .text.taskQueuedI2Ctest3
                0x20007d70      0x1a8 ./src/Tests/I2Ctest.o
                0x20007d70                taskQueuedI2Ctest3
 .text.I2Ctest  0x20007f18      0x10c ./src/Tests/I2Ctest.o
                0x20007f18                I2Ctest
 .text.taskLED2
                0x20008024       0x28 ./src/Tests/LEDtest.o
                0x20008024                taskLED2
 .text.taskLED3
                0x2000804c       0x28 ./src/Tests/LEDtest.o
                0x2000804c                taskLED3
 .text.LEDtest  0x20008074       0xd8 ./src/Tests/LEDtest.o
                0x20008074                LEDtest
 .text.taskPWMtest
                0x2000814c      0x194 ./src/Tests/PWMtest.o
                0x2000814c                taskPWMtest
 .text.PWMtest  0x200082e0       0x58 ./src/Tests/PWMtest.o
                0x200082e0                PWMtest
 .text.PinTest  0x20008338      0x218 ./src/Tests/PinTest.o
                0x20008338                PinTest
 .text.SDCardTest
                0x20008550       0xb8 ./src/Tests/SDCardTest.o
                0x20008550                SDCardTest
 .text.taskRTCtest
                0x20008608      0x198 ./src/Tests/SPI_FRAM_RTCtest.o
                0x20008608                taskRTCtest
 .text.SPI_FRAM_RTCtest
                0x200087a0       0x90 ./src/Tests/SPI_FRAM_RTCtest.o
                0x200087a0                SPI_FRAM_RTCtest
 .text.uSdelay  0x20008830       0x88 ./src/Tests/SupervisorTest.o
 .text.taskSupervisorTest
                0x200088b8      0xa28 ./src/Tests/SupervisorTest.o
 .text.SupervisorTest
                0x200092e0       0xd0 ./src/Tests/SupervisorTest.o
                0x200092e0                SupervisorTest
 .text.initEpochTest
                0x200093b0      0x190 ./src/Tests/TimeTest.o
 .text.taskEpochTest
                0x20009540      0x26c ./src/Tests/TimeTest.o
                0x20009540                taskEpochTest
 .text.TimeTest
                0x200097ac       0x58 ./src/Tests/TimeTest.o
                0x200097ac                TimeTest
 .text.taskUARTtest
                0x20009804      0x238 ./src/Tests/UARTtest.o
                0x20009804                taskUARTtest
 .text.UARTtest
                0x20009a3c      0x188 ./src/Tests/UARTtest.o
                0x20009a3c                UARTtest
 .text.ISR_Vbus
                0x20009bc4       0x60 ./src/Tests/USBdeviceTest.o
 .text.VBus_Configure
                0x20009c24       0x6c ./src/Tests/USBdeviceTest.o
 .text.LowPowerMode
                0x20009c90       0x10 ./src/Tests/USBdeviceTest.o
                0x20009c90                LowPowerMode
 .text.USBDCallbacks_Resumed
                0x20009ca0       0x24 ./src/Tests/USBdeviceTest.o
                0x20009ca0                USBDCallbacks_Resumed
 .text.USBDCallbacks_Suspended
                0x20009cc4       0x24 ./src/Tests/USBdeviceTest.o
                0x20009cc4                USBDCallbacks_Suspended
 .text.USBdeviceTest
                0x20009ce8      0x218 ./src/Tests/USBdeviceTest.o
                0x20009ce8                USBdeviceTest
 .text.taskBoardTest
                0x20009f00      0x6dc ./src/Tests/boardTest.o
                0x20009f00                taskBoardTest
 .text.boardTest
                0x2000a5dc       0x58 ./src/Tests/boardTest.o
                0x2000a5dc                boardTest
 .text.checksumTest
                0x2000a634      0x734 ./src/Tests/checksumTest.o
                0x2000a634                checksumTest
 .text.vApplicationStackOverflowHook
                0x2000ad68       0x4c ./src/freertos_hooks.o
                0x2000ad68                vApplicationStackOverflowHook
 .text.vApplicationIdleHook
                0x2000adb4       0x14 ./src/freertos_hooks.o
                0x2000adb4                vApplicationIdleHook
 .text.selectAndExecuteTest
                0x2000adc8      0x220 ./src/main.o
                0x2000adc8                selectAndExecuteTest
 .text.taskMain
                0x2000afe8       0x9c ./src/main.o
                0x2000afe8                taskMain
 .text.main     0x2000b084      0x178 ./src/main.o
                0x2000b084                main
 .text.fn_init  0x2000b1fc      0x2e0 C:/Users/user1/Documents/hoopoe-2/hal/demo/..//hcc/lib\libHCCD.a(fat_common.o)
                0x2000b1fc                fn_init
 .text.fsn_delete
                0x2000b4dc       0xc8 C:/Users/user1/Documents/hoopoe-2/hal/demo/..//hcc/lib\libHCCD.a(fat_common.o)
                0x2000b4dc                fsn_delete
 .text._f_get16bitl
                0x2000b5a4       0x4c C:/Users/user1/Documents/hoopoe-2/hal/demo/..//hcc/lib\libHCCD.a(fat_common.o)
                0x2000b5a4                _f_get16bitl
 .text._f_set16bitl
                0x2000b5f0       0x54 C:/Users/user1/Documents/hoopoe-2/hal/demo/..//hcc/lib\libHCCD.a(fat_common.o)
                0x2000b5f0                _f_set16bitl
 .text._f_get32bitl
                0x2000b644       0x68 C:/Users/user1/Documents/hoopoe-2/hal/demo/..//hcc/lib\libHCCD.a(fat_common.o)
                0x2000b644                _f_get32bitl
 .text._f_set32bitl
                0x2000b6ac       0x78 C:/Users/user1/Documents/hoopoe-2/hal/demo/..//hcc/lib\libHCCD.a(fat_common.o)
                0x2000b6ac                _f_set32bitl
 .text._get8bit
                0x2000b724       0xa0 C:/Users/user1/Documents/hoopoe-2/hal/demo/..//hcc/lib\libHCCD.a(fat_common.o)
 .text._get16bitl
                0x2000b7c4       0x40 C:/Users/user1/Documents/hoopoe-2/hal/demo/..//hcc/lib\libHCCD.a(fat_common.o)
 .text._get32bitl
                0x2000b804       0x3c C:/Users/user1/Documents/hoopoe-2/hal/demo/..//hcc/lib\libHCCD.a(fat_common.o)
 .text._set8bitzero
                0x2000b840       0x6c C:/Users/user1/Documents/hoopoe-2/hal/demo/..//hcc/lib\libHCCD.a(fat_common.o)
 .text._set8bit
                0x2000b8ac       0xa0 C:/Users/user1/Documents/hoopoe-2/hal/demo/..//hcc/lib\libHCCD.a(fat_common.o)
 .text._set16bitl
                0x2000b94c       0x3c C:/Users/user1/Documents/hoopoe-2/hal/demo/..//hcc/lib\libHCCD.a(fat_common.o)
 .text._set32bitl
                0x2000b988       0x34 C:/Users/user1/Documents/hoopoe-2/hal/demo/..//hcc/lib\libHCCD.a(fat_common.o)
 .text._f_setcardremoved
                0x2000b9bc       0x94 C:/Users/user1/Documents/hoopoe-2/hal/demo/..//hcc/lib\libHCCD.a(fat_common.o)
 .text._f_checkstatus
                0x2000ba50      0x104 C:/Users/user1/Documents/hoopoe-2/hal/demo/..//hcc/lib\libHCCD.a(fat_common.o)
                0x2000ba50                _f_checkstatus
 .text._f_drvgetphy
                0x2000bb54      0x114 C:/Users/user1/Documents/hoopoe-2/hal/demo/..//hcc/lib\libHCCD.a(fat_common.o)
 .text._f_drvwritesector
                0x2000bc68       0xdc C:/Users/user1/Documents/hoopoe-2/hal/demo/..//hcc/lib\libHCCD.a(fat_common.o)
 .text._f_drvreadsector
                0x2000bd44       0xa8 C:/Users/user1/Documents/hoopoe-2/hal/demo/..//hcc/lib\libHCCD.a(fat_common.o)
 .text._f_writesector
                0x2000bdec      0x23c C:/Users/user1/Documents/hoopoe-2/hal/demo/..//hcc/lib\libHCCD.a(fat_common.o)
                0x2000bdec                _f_writesector
 .text._f_readsector
                0x2000c028      0x1dc C:/Users/user1/Documents/hoopoe-2/hal/demo/..//hcc/lib\libHCCD.a(fat_common.o)
                0x2000c028                _f_readsector
 .text._f_getmaxcluster
                0x2000c204       0x94 C:/Users/user1/Documents/hoopoe-2/hal/demo/..//hcc/lib\libHCCD.a(fat_common.o)
                0x2000c204                _f_getmaxcluster
 .text._getsectorfromcluster
                0x2000c298       0x68 C:/Users/user1/Documents/hoopoe-2/hal/demo/..//hcc/lib\libHCCD.a(fat_common.o)
 .text._f_buildsectors
                0x2000c300      0x268 C:/Users/user1/Documents/hoopoe-2/hal/demo/..//hcc/lib\libHCCD.a(fat_common.o)
 .text._f_getbootrecord
                0x2000c568      0x5e4 C:/Users/user1/Documents/hoopoe-2/hal/demo/..//hcc/lib\libHCCD.a(fat_common.o)
 .text._f_readbootrecord
                0x2000cb4c      0x4f8 C:/Users/user1/Documents/hoopoe-2/hal/demo/..//hcc/lib\libHCCD.a(fat_common.o)
 .text._f_writebootrecord
                0x2000d044      0x5e4 C:/Users/user1/Documents/hoopoe-2/hal/demo/..//hcc/lib\libHCCD.a(fat_common.o)
 .text._f_flushcffiles
                0x2000d628      0x17c C:/Users/user1/Documents/hoopoe-2/hal/demo/..//hcc/lib\libHCCD.a(fat_common.o)
                0x2000d628                _f_flushcffiles
 .text._f_fatcache_flush
                0x2000d7a4      0x270 C:/Users/user1/Documents/hoopoe-2/hal/demo/..//hcc/lib\libHCCD.a(fat_common.o)
                0x2000d7a4                _f_fatcache_flush
 .text._f_writefatsector
                0x2000da14      0x100 C:/Users/user1/Documents/hoopoe-2/hal/demo/..//hcc/lib\libHCCD.a(fat_common.o)
                0x2000da14                _f_writefatsector
 .text._f_getfatsector
                0x2000db14      0x3bc C:/Users/user1/Documents/hoopoe-2/hal/demo/..//hcc/lib\libHCCD.a(fat_common.o)
 .text._f_setclustervalue
                0x2000ded0      0x490 C:/Users/user1/Documents/hoopoe-2/hal/demo/..//hcc/lib\libHCCD.a(fat_common.o)
                0x2000ded0                _f_setclustervalue
 .text._f_getclustervalue
                0x2000e360      0x388 C:/Users/user1/Documents/hoopoe-2/hal/demo/..//hcc/lib\libHCCD.a(fat_common.o)
                0x2000e360                _f_getclustervalue
 .text._f_close_drive_files
                0x2000e6e8       0xac C:/Users/user1/Documents/hoopoe-2/hal/demo/..//hcc/lib\libHCCD.a(fat_common.o)
 .text._f_inc_mount_count
                0x2000e794       0xa4 C:/Users/user1/Documents/hoopoe-2/hal/demo/..//hcc/lib\libHCCD.a(fat_common.o)
 .text._f_getvolume
                0x2000e838      0x2f8 C:/Users/user1/Documents/hoopoe-2/hal/demo/..//hcc/lib\libHCCD.a(fat_common.o)
                0x2000e838                _f_getvolume
 .text.fn_createdriver
                0x2000eb30      0x118 C:/Users/user1/Documents/hoopoe-2/hal/demo/..//hcc/lib\libHCCD.a(fat_common.o)
                0x2000eb30                fn_createdriver
 .text.fn_initvolume
                0x2000ec48      0x12c C:/Users/user1/Documents/hoopoe-2/hal/demo/..//hcc/lib\libHCCD.a(fat_common.o)
                0x2000ec48                fn_initvolume
 .text.fn_releasedriver
                0x2000ed74       0xf4 C:/Users/user1/Documents/hoopoe-2/hal/demo/..//hcc/lib\libHCCD.a(fat_common.o)
                0x2000ed74                fn_releasedriver
 .text.fn_initvolumepartition_sub
                0x2000ee68       0xe0 C:/Users/user1/Documents/hoopoe-2/hal/demo/..//hcc/lib\libHCCD.a(fat_common.o)
 .text.fn_initvolumepartition
                0x2000ef48       0xac C:/Users/user1/Documents/hoopoe-2/hal/demo/..//hcc/lib\libHCCD.a(fat_common.o)
                0x2000ef48                fn_initvolumepartition
 .text.fn_checkvolume
                0x2000eff4       0x44 C:/Users/user1/Documents/hoopoe-2/hal/demo/..//hcc/lib\libHCCD.a(fat_common.o)
                0x2000eff4                fn_checkvolume
 .text.fn_delvolume
                0x2000f038      0x194 C:/Users/user1/Documents/hoopoe-2/hal/demo/..//hcc/lib\libHCCD.a(fat_common.o)
                0x2000f038                fn_delvolume
 .text.fn_get_volume_count
                0x2000f1cc       0xa8 C:/Users/user1/Documents/hoopoe-2/hal/demo/..//hcc/lib\libHCCD.a(fat_common.o)
                0x2000f1cc                fn_get_volume_count
 .text.fn_get_volume_list
                0x2000f274       0xc4 C:/Users/user1/Documents/hoopoe-2/hal/demo/..//hcc/lib\libHCCD.a(fat_common.o)
                0x2000f274                fn_get_volume_list
 .text._f_clustertopos
                0x2000f338       0xf8 C:/Users/user1/Documents/hoopoe-2/hal/demo/..//hcc/lib\libHCCD.a(fat_common.o)
                0x2000f338                _f_clustertopos
 .text._f_prepareformat
                0x2000f430      0x8b8 C:/Users/user1/Documents/hoopoe-2/hal/demo/..//hcc/lib\libHCCD.a(fat_common.o)
 .text._f_resetfatentries
                0x2000fce8      0x410 C:/Users/user1/Documents/hoopoe-2/hal/demo/..//hcc/lib\libHCCD.a(fat_common.o)
 .text._f_resetrootdir
                0x200100f8       0xcc C:/Users/user1/Documents/hoopoe-2/hal/demo/..//hcc/lib\libHCCD.a(fat_common.o)
 .text._f_postformat
                0x200101c4      0x178 C:/Users/user1/Documents/hoopoe-2/hal/demo/..//hcc/lib\libHCCD.a(fat_common.o)
 .text.fn_format
                0x2001033c      0x148 C:/Users/user1/Documents/hoopoe-2/hal/demo/..//hcc/lib\libHCCD.a(fat_common.o)
                0x2001033c                fn_format
 .text._f_getcurrsector
                0x20010484      0x6c8 C:/Users/user1/Documents/hoopoe-2/hal/demo/..//hcc/lib\libHCCD.a(fat_common.o)
                0x20010484                _f_getcurrsector
 .text._f_getdecluster
                0x20010b4c       0x90 C:/Users/user1/Documents/hoopoe-2/hal/demo/..//hcc/lib\libHCCD.a(fat_common.o)
                0x20010b4c                _f_getdecluster
 .text._f_setdecluster
                0x20010bdc       0x8c C:/Users/user1/Documents/hoopoe-2/hal/demo/..//hcc/lib\libHCCD.a(fat_common.o)
                0x20010bdc                _f_setdecluster
 .text.fn_getdrive
                0x20010c68       0x30 C:/Users/user1/Documents/hoopoe-2/hal/demo/..//hcc/lib\libHCCD.a(fat_common.o)
                0x20010c68                fn_getdrive
 .text.fn_chdrive
                0x20010c98       0xb0 C:/Users/user1/Documents/hoopoe-2/hal/demo/..//hcc/lib\libHCCD.a(fat_common.o)
                0x20010c98                fn_chdrive
 .text._f_getcurrenttimedate
                0x20010d48      0x138 C:/Users/user1/Documents/hoopoe-2/hal/demo/..//hcc/lib\libHCCD.a(fat_common.o)
                0x20010d48                _f_getcurrenttimedate
 .text._f_initentry
                0x20010e80       0xa0 C:/Users/user1/Documents/hoopoe-2/hal/demo/..//hcc/lib\libHCCD.a(fat_common.o)
                0x20010e80                _f_initentry
 .text._f_alloccluster
                0x20010f20      0x344 C:/Users/user1/Documents/hoopoe-2/hal/demo/..//hcc/lib\libHCCD.a(fat_common.o)
                0x20010f20                _f_alloccluster
 .text._f_dobadblock
                0x20011264      0x2cc C:/Users/user1/Documents/hoopoe-2/hal/demo/..//hcc/lib\libHCCD.a(fat_common.o)
                0x20011264                _f_dobadblock
 .text._f_checklocked
                0x20011530       0xe4 C:/Users/user1/Documents/hoopoe-2/hal/demo/..//hcc/lib\libHCCD.a(fat_common.o)
                0x20011530                _f_checklocked
 .text._f_checkappendlocked
                0x20011614      0x110 C:/Users/user1/Documents/hoopoe-2/hal/demo/..//hcc/lib\libHCCD.a(fat_common.o)
                0x20011614                _f_checkappendlocked
 .text._f_setsyncafile
                0x20011724      0x114 C:/Users/user1/Documents/hoopoe-2/hal/demo/..//hcc/lib\libHCCD.a(fat_common.o)
                0x20011724                _f_setsyncafile
 .text._f_syncfiles
                0x20011838      0x128 C:/Users/user1/Documents/hoopoe-2/hal/demo/..//hcc/lib\libHCCD.a(fat_common.o)
                0x20011838                _f_syncfiles
 .text._f_syncfilescontent
                0x20011960      0x15c C:/Users/user1/Documents/hoopoe-2/hal/demo/..//hcc/lib\libHCCD.a(fat_common.o)
 .text.fn_getfreespace
                0x20011abc      0x4c0 C:/Users/user1/Documents/hoopoe-2/hal/demo/..//hcc/lib\libHCCD.a(fat_common.o)
                0x20011abc                fn_getfreespace
 .text._f_emptywritecache
                0x20011f7c      0x4a4 C:/Users/user1/Documents/hoopoe-2/hal/demo/..//hcc/lib\libHCCD.a(fat_common.o)
 .text._f_allocnextcluster
                0x20012420      0x54c C:/Users/user1/Documents/hoopoe-2/hal/demo/..//hcc/lib\libHCCD.a(fat_common.o)
 .text._f_emptywritebuffer
                0x2001296c      0x20c C:/Users/user1/Documents/hoopoe-2/hal/demo/..//hcc/lib\libHCCD.a(fat_common.o)
 .text._f_writezeros
                0x20012b78       0xf0 C:/Users/user1/Documents/hoopoe-2/hal/demo/..//hcc/lib\libHCCD.a(fat_common.o)
                0x20012b78                _f_writezeros
 .text._f_extend_file
                0x20012c68      0x570 C:/Users/user1/Documents/hoopoe-2/hal/demo/..//hcc/lib\libHCCD.a(fat_common.o)
 .text._f_fseek
                0x200131d8      0x9bc C:/Users/user1/Documents/hoopoe-2/hal/demo/..//hcc/lib\libHCCD.a(fat_common.o)
                0x200131d8                _f_fseek
 .text._f_removechain
                0x20013b94      0x104 C:/Users/user1/Documents/hoopoe-2/hal/demo/..//hcc/lib\libHCCD.a(fat_common.o)
                0x20013b94                _f_removechain
 .text._f_updatefileentry
                0x20013c98      0x1cc C:/Users/user1/Documents/hoopoe-2/hal/demo/..//hcc/lib\libHCCD.a(fat_common.o)
 .text._f_checkreadlocked
                0x20013e64      0x1bc C:/Users/user1/Documents/hoopoe-2/hal/demo/..//hcc/lib\libHCCD.a(fat_common.o)
                0x20013e64                _f_checkreadlocked
 .text._f_check_handle
                0x20014020       0x98 C:/Users/user1/Documents/hoopoe-2/hal/demo/..//hcc/lib\libHCCD.a(fat_common.o)
                0x20014020                _f_check_handle
 .text._f_removesyncafile
                0x200140b8      0x1ec C:/Users/user1/Documents/hoopoe-2/hal/demo/..//hcc/lib\libHCCD.a(fat_common.o)
 .text.fn_close
                0x200142a4      0x3f8 C:/Users/user1/Documents/hoopoe-2/hal/demo/..//hcc/lib\libHCCD.a(fat_common.o)
                0x200142a4                fn_close
 .text.fn_flush
                0x2001469c      0x374 C:/Users/user1/Documents/hoopoe-2/hal/demo/..//hcc/lib\libHCCD.a(fat_common.o)
                0x2001469c                fn_flush
 .text.fn_read  0x20014a10      0x690 C:/Users/user1/Documents/hoopoe-2/hal/demo/..//hcc/lib\libHCCD.a(fat_common.o)
                0x20014a10                fn_read
 .text._f_abortwrite
                0x200150a0      0x100 C:/Users/user1/Documents/hoopoe-2/hal/demo/..//hcc/lib\libHCCD.a(fat_common.o)
 .text._f_checkwritecluster
                0x200151a0       0xe4 C:/Users/user1/Documents/hoopoe-2/hal/demo/..//hcc/lib\libHCCD.a(fat_common.o)
 .text.fn_write
                0x20015284      0x8a8 C:/Users/user1/Documents/hoopoe-2/hal/demo/..//hcc/lib\libHCCD.a(fat_common.o)
                0x20015284                fn_write
 .text.fn_seek  0x20015b2c      0x270 C:/Users/user1/Documents/hoopoe-2/hal/demo/..//hcc/lib\libHCCD.a(fat_common.o)
                0x20015b2c                fn_seek
 .text.fn_tell  0x20015d9c      0x19c C:/Users/user1/Documents/hoopoe-2/hal/demo/..//hcc/lib\libHCCD.a(fat_common.o)
                0x20015d9c                fn_tell
 .text.fn_eof   0x20015f38       0xf8 C:/Users/user1/Documents/hoopoe-2/hal/demo/..//hcc/lib\libHCCD.a(fat_common.o)
                0x20015f38                fn_eof
 .text.fn_rewind
                0x20016030       0x38 C:/Users/user1/Documents/hoopoe-2/hal/demo/..//hcc/lib\libHCCD.a(fat_common.o)
                0x20016030                fn_rewind
 .text.fn_putc  0x20016068       0x68 C:/Users/user1/Documents/hoopoe-2/hal/demo/..//hcc/lib\libHCCD.a(fat_common.o)
                0x20016068                fn_putc
 .text.fn_getc  0x200160d0       0x58 C:/Users/user1/Documents/hoopoe-2/hal/demo/..//hcc/lib\libHCCD.a(fat_common.o)
                0x200160d0                fn_getc
 .text.f_enterFS
                0x20016128      0x1c0 C:/Users/user1/Documents/hoopoe-2/hal/demo/..//hcc/lib\libHCCD.a(fat_common.o)
                0x20016128                f_enterFS
 .text.f_releaseFS
                0x200162e8       0xb0 C:/Users/user1/Documents/hoopoe-2/hal/demo/..//hcc/lib\libHCCD.a(fat_common.o)
                0x200162e8                f_releaseFS
 .text.fnGetTask
                0x20016398       0xfc C:/Users/user1/Documents/hoopoe-2/hal/demo/..//hcc/lib\libHCCD.a(fat_common.o)
                0x20016398                fnGetTask
 .text._f_mutex_get
                0x20016494       0x98 C:/Users/user1/Documents/hoopoe-2/hal/demo/..//hcc/lib\libHCCD.a(fat_common.o)
                0x20016494                _f_mutex_get
 .text._f_mutex_put
                0x2001652c       0x54 C:/Users/user1/Documents/hoopoe-2/hal/demo/..//hcc/lib\libHCCD.a(fat_common.o)
                0x2001652c                _f_mutex_put
 .text.fn_get_oem
                0x20016580       0xfc C:/Users/user1/Documents/hoopoe-2/hal/demo/..//hcc/lib\libHCCD.a(fat_common.o)
                0x20016580                fn_get_oem
 .text.fn_ftruncate
                0x2001667c       0x64 C:/Users/user1/Documents/hoopoe-2/hal/demo/..//hcc/lib\libHCCD.a(fat_common.o)
                0x2001667c                fn_ftruncate
 .text.fn_seteof
                0x200166e0      0x468 C:/Users/user1/Documents/hoopoe-2/hal/demo/..//hcc/lib\libHCCD.a(fat_common.o)
                0x200166e0                fn_seteof
 .text._fn_initseekdivisor
                0x20016b48      0x158 C:/Users/user1/Documents/hoopoe-2/hal/demo/..//hcc/lib\libHCCD.a(fat_common.o)
                0x20016b48                _fn_initseekdivisor
 .text._fn_updateseekpos
                0x20016ca0       0xc4 C:/Users/user1/Documents/hoopoe-2/hal/demo/..//hcc/lib\libHCCD.a(fat_common.o)
 .text._fn_removeseekpos
                0x20016d64       0xc0 C:/Users/user1/Documents/hoopoe-2/hal/demo/..//hcc/lib\libHCCD.a(fat_common.o)
                0x20016d64                _fn_removeseekpos
 .text._f_findopensize
                0x20016e24       0x2c C:/Users/user1/Documents/hoopoe-2/hal/demo/..//hcc/lib\libHCCD.a(fat_common.o)
                0x20016e24                _f_findopensize
 .text.fn_fstat
                0x20016e50      0x250 C:/Users/user1/Documents/hoopoe-2/hal/demo/..//hcc/lib\libHCCD.a(fat_common.o)
                0x20016e50                fn_fstat
 .text.fn_setlasterror
                0x200170a0       0x34 C:/Users/user1/Documents/hoopoe-2/hal/demo/..//hcc/lib\libHCCD.a(fat_common.o)
                0x200170a0                fn_setlasterror
 .text.fn_setlasterror_noret
                0x200170d4       0x2c C:/Users/user1/Documents/hoopoe-2/hal/demo/..//hcc/lib\libHCCD.a(fat_common.o)
                0x200170d4                fn_setlasterror_noret
 .text.fm_initvolume
                0x20017100       0x70 C:/Users/user1/Documents/hoopoe-2/hal/demo/..//hcc/lib\libHCCD.a(fat_m.o)
                0x20017100                fm_initvolume
 .text.fm_checkvolume
                0x20017170       0x60 C:/Users/user1/Documents/hoopoe-2/hal/demo/..//hcc/lib\libHCCD.a(fat_m.o)
                0x20017170                fm_checkvolume
 .text.fm_delvolume
                0x200171d0       0x60 C:/Users/user1/Documents/hoopoe-2/hal/demo/..//hcc/lib\libHCCD.a(fat_m.o)
                0x200171d0                fm_delvolume
 .text.fm_get_volume_count
                0x20017230       0x58 C:/Users/user1/Documents/hoopoe-2/hal/demo/..//hcc/lib\libHCCD.a(fat_m.o)
                0x20017230                fm_get_volume_count
 .text.fm_get_volume_list
                0x20017288       0x60 C:/Users/user1/Documents/hoopoe-2/hal/demo/..//hcc/lib\libHCCD.a(fat_m.o)
                0x20017288                fm_get_volume_list
 .text.fm_format
                0x200172e8       0x68 C:/Users/user1/Documents/hoopoe-2/hal/demo/..//hcc/lib\libHCCD.a(fat_m.o)
                0x200172e8                fm_format
 .text.fm_getcwd
                0x20017350       0x68 C:/Users/user1/Documents/hoopoe-2/hal/demo/..//hcc/lib\libHCCD.a(fat_m.o)
                0x20017350                fm_getcwd
 .text.fm_getdcwd
                0x200173b8       0x70 C:/Users/user1/Documents/hoopoe-2/hal/demo/..//hcc/lib\libHCCD.a(fat_m.o)
                0x200173b8                fm_getdcwd
 .text.fm_chdrive
                0x20017428       0x60 C:/Users/user1/Documents/hoopoe-2/hal/demo/..//hcc/lib\libHCCD.a(fat_m.o)
                0x20017428                fm_chdrive
 .text.fm_getdrive
                0x20017488       0x70 C:/Users/user1/Documents/hoopoe-2/hal/demo/..//hcc/lib\libHCCD.a(fat_m.o)
                0x20017488                fm_getdrive
 .text.fm_getfreespace
                0x200174f8       0x68 C:/Users/user1/Documents/hoopoe-2/hal/demo/..//hcc/lib\libHCCD.a(fat_m.o)
                0x200174f8                fm_getfreespace
 .text.fm_chdir
                0x20017560       0x60 C:/Users/user1/Documents/hoopoe-2/hal/demo/..//hcc/lib\libHCCD.a(fat_m.o)
                0x20017560                fm_chdir
 .text.fm_mkdir
                0x200175c0       0x60 C:/Users/user1/Documents/hoopoe-2/hal/demo/..//hcc/lib\libHCCD.a(fat_m.o)
                0x200175c0                fm_mkdir
 .text.fm_rmdir
                0x20017620       0x60 C:/Users/user1/Documents/hoopoe-2/hal/demo/..//hcc/lib\libHCCD.a(fat_m.o)
                0x20017620                fm_rmdir
 .text.fm_findfirst
                0x20017680       0x68 C:/Users/user1/Documents/hoopoe-2/hal/demo/..//hcc/lib\libHCCD.a(fat_m.o)
                0x20017680                fm_findfirst
 .text.fm_findnext
                0x200176e8       0x60 C:/Users/user1/Documents/hoopoe-2/hal/demo/..//hcc/lib\libHCCD.a(fat_m.o)
                0x200176e8                fm_findnext
 .text.fm_move  0x20017748       0x68 C:/Users/user1/Documents/hoopoe-2/hal/demo/..//hcc/lib\libHCCD.a(fat_m.o)
                0x20017748                fm_move
 .text.fm_rename
                0x200177b0       0x68 C:/Users/user1/Documents/hoopoe-2/hal/demo/..//hcc/lib\libHCCD.a(fat_m.o)
                0x200177b0                fm_rename
 .text.fm_filelength
                0x20017818       0x60 C:/Users/user1/Documents/hoopoe-2/hal/demo/..//hcc/lib\libHCCD.a(fat_m.o)
                0x20017818                fm_filelength
 .text.fm_close
                0x20017878       0x60 C:/Users/user1/Documents/hoopoe-2/hal/demo/..//hcc/lib\libHCCD.a(fat_m.o)
                0x20017878                fm_close
 .text.fm_flush
                0x200178d8       0x60 C:/Users/user1/Documents/hoopoe-2/hal/demo/..//hcc/lib\libHCCD.a(fat_m.o)
                0x200178d8                fm_flush
 .text.fm_open  0x20017938       0x68 C:/Users/user1/Documents/hoopoe-2/hal/demo/..//hcc/lib\libHCCD.a(fat_m.o)
                0x20017938                fm_open
 .text.fm_open_nonsafe
                0x200179a0       0x68 C:/Users/user1/Documents/hoopoe-2/hal/demo/..//hcc/lib\libHCCD.a(fat_m.o)
                0x200179a0                fm_open_nonsafe
 .text.fm_read  0x20017a08       0x7c C:/Users/user1/Documents/hoopoe-2/hal/demo/..//hcc/lib\libHCCD.a(fat_m.o)
                0x20017a08                fm_read
 .text.fm_write
                0x20017a84       0x7c C:/Users/user1/Documents/hoopoe-2/hal/demo/..//hcc/lib\libHCCD.a(fat_m.o)
                0x20017a84                fm_write
 .text.fm_seek  0x20017b00       0x70 C:/Users/user1/Documents/hoopoe-2/hal/demo/..//hcc/lib\libHCCD.a(fat_m.o)
                0x20017b00                fm_seek
 .text.fm_tell  0x20017b70       0x60 C:/Users/user1/Documents/hoopoe-2/hal/demo/..//hcc/lib\libHCCD.a(fat_m.o)
                0x20017b70                fm_tell
 .text.fm_getc  0x20017bd0       0x60 C:/Users/user1/Documents/hoopoe-2/hal/demo/..//hcc/lib\libHCCD.a(fat_m.o)
                0x20017bd0                fm_getc
 .text.fm_putc  0x20017c30       0x68 C:/Users/user1/Documents/hoopoe-2/hal/demo/..//hcc/lib\libHCCD.a(fat_m.o)
                0x20017c30                fm_putc
 .text.fm_rewind
                0x20017c98       0x60 C:/Users/user1/Documents/hoopoe-2/hal/demo/..//hcc/lib\libHCCD.a(fat_m.o)
                0x20017c98                fm_rewind
 .text.fm_eof   0x20017cf8       0x60 C:/Users/user1/Documents/hoopoe-2/hal/demo/..//hcc/lib\libHCCD.a(fat_m.o)
                0x20017cf8                fm_eof
 .text.fm_gettimedate
                0x20017d58       0x70 C:/Users/user1/Documents/hoopoe-2/hal/demo/..//hcc/lib\libHCCD.a(fat_m.o)
                0x20017d58                fm_gettimedate
 .text.fm_stat  0x20017dc8       0x68 C:/Users/user1/Documents/hoopoe-2/hal/demo/..//hcc/lib\libHCCD.a(fat_m.o)
                0x20017dc8                fm_stat
 .text.fm_fstat
                0x20017e30       0x68 C:/Users/user1/Documents/hoopoe-2/hal/demo/..//hcc/lib\libHCCD.a(fat_m.o)
                0x20017e30                fm_fstat
 .text.fm_settimedate
                0x20017e98       0x74 C:/Users/user1/Documents/hoopoe-2/hal/demo/..//hcc/lib\libHCCD.a(fat_m.o)
                0x20017e98                fm_settimedate
 .text.fm_delete
                0x20017f0c       0x64 C:/Users/user1/Documents/hoopoe-2/hal/demo/..//hcc/lib\libHCCD.a(fat_m.o)
                0x20017f0c                fm_delete
 .text.fm_getattr
                0x20017f70       0x68 C:/Users/user1/Documents/hoopoe-2/hal/demo/..//hcc/lib\libHCCD.a(fat_m.o)
                0x20017f70                fm_getattr
 .text.fm_setattr
                0x20017fd8       0x70 C:/Users/user1/Documents/hoopoe-2/hal/demo/..//hcc/lib\libHCCD.a(fat_m.o)
                0x20017fd8                fm_setattr
 .text.fm_getlabel
                0x20018048       0x70 C:/Users/user1/Documents/hoopoe-2/hal/demo/..//hcc/lib\libHCCD.a(fat_m.o)
                0x20018048                fm_getlabel
 .text.fm_setlabel
                0x200180b8       0x68 C:/Users/user1/Documents/hoopoe-2/hal/demo/..//hcc/lib\libHCCD.a(fat_m.o)
                0x200180b8                fm_setlabel
 .text.fm_truncate
                0x20018120       0x68 C:/Users/user1/Documents/hoopoe-2/hal/demo/..//hcc/lib\libHCCD.a(fat_m.o)
                0x20018120                fm_truncate
 .text.fm_get_oem
                0x20018188       0x70 C:/Users/user1/Documents/hoopoe-2/hal/demo/..//hcc/lib\libHCCD.a(fat_m.o)
                0x20018188                fm_get_oem
 .text.fm_ftruncate
                0x200181f8       0x68 C:/Users/user1/Documents/hoopoe-2/hal/demo/..//hcc/lib\libHCCD.a(fat_m.o)
                0x200181f8                fm_ftruncate
 .text.fm_seteof
                0x20018260       0x60 C:/Users/user1/Documents/hoopoe-2/hal/demo/..//hcc/lib\libHCCD.a(fat_m.o)
                0x20018260                fm_seteof
 .text.fm_getlasterror
                0x200182c0       0x40 C:/Users/user1/Documents/hoopoe-2/hal/demo/..//hcc/lib\libHCCD.a(fat_m.o)
                0x200182c0                fm_getlasterror
 .text._s_checkzeroclusteratend
                0x20018300       0xf8 C:/Users/user1/Documents/hoopoe-2/hal/demo/..//hcc/lib\libHCCD.a(safefat.o)
 .text._s_clearclustercontent
                0x200183f8      0x108 C:/Users/user1/Documents/hoopoe-2/hal/demo/..//hcc/lib\libHCCD.a(safefat.o)
 .text._s_clearclustercontentdir
                0x20018500      0x19c C:/Users/user1/Documents/hoopoe-2/hal/demo/..//hcc/lib\libHCCD.a(safefat.o)
 .text._s_writedirsector
                0x2001869c       0xd0 C:/Users/user1/Documents/hoopoe-2/hal/demo/..//hcc/lib\libHCCD.a(safefat.o)
 .text._s_getdirsector
                0x2001876c      0x100 C:/Users/user1/Documents/hoopoe-2/hal/demo/..//hcc/lib\libHCCD.a(safefat.o)
 .text._s_addentry
                0x2001886c      0x394 C:/Users/user1/Documents/hoopoe-2/hal/demo/..//hcc/lib\libHCCD.a(safefat.o)
 .text._s_findfile
                0x20018c00      0x33c C:/Users/user1/Documents/hoopoe-2/hal/demo/..//hcc/lib\libHCCD.a(safefat.o)
 .text._s_findsubdir
                0x20018f3c      0x248 C:/Users/user1/Documents/hoopoe-2/hal/demo/..//hcc/lib\libHCCD.a(safefat.o)
 .text._s_createfile
                0x20019184      0x190 C:/Users/user1/Documents/hoopoe-2/hal/demo/..//hcc/lib\libHCCD.a(safefat.o)
 .text._s_findsaffile
                0x20019314      0x1b8 C:/Users/user1/Documents/hoopoe-2/hal/demo/..//hcc/lib\libHCCD.a(safefat.o)
 .text._s_open  0x200194cc       0xe4 C:/Users/user1/Documents/hoopoe-2/hal/demo/..//hcc/lib\libHCCD.a(safefat.o)
 .text._s_open_saf
                0x200195b0       0xe8 C:/Users/user1/Documents/hoopoe-2/hal/demo/..//hcc/lib\libHCCD.a(safefat.o)
 .text._s_flush
                0x20019698       0x84 C:/Users/user1/Documents/hoopoe-2/hal/demo/..//hcc/lib\libHCCD.a(safefat.o)
 .text._s_allocnextcluster
                0x2001971c      0x13c C:/Users/user1/Documents/hoopoe-2/hal/demo/..//hcc/lib\libHCCD.a(safefat.o)
 .text._s_getnextsector
                0x20019858       0xdc C:/Users/user1/Documents/hoopoe-2/hal/demo/..//hcc/lib\libHCCD.a(safefat.o)
 .text._s_seek  0x20019934      0x1e8 C:/Users/user1/Documents/hoopoe-2/hal/demo/..//hcc/lib\libHCCD.a(safefat.o)
 .text._s_get_len
                0x20019b1c      0x10c C:/Users/user1/Documents/hoopoe-2/hal/demo/..//hcc/lib\libHCCD.a(safefat.o)
 .text._s_set_len
                0x20019c28       0xb4 C:/Users/user1/Documents/hoopoe-2/hal/demo/..//hcc/lib\libHCCD.a(safefat.o)
 .text.safe_fix_filelengths
                0x20019cdc       0xcc C:/Users/user1/Documents/hoopoe-2/hal/demo/..//hcc/lib\libHCCD.a(safefat.o)
                0x20019cdc                safe_fix_filelengths
 .text._s_read  0x20019da8      0x228 C:/Users/user1/Documents/hoopoe-2/hal/demo/..//hcc/lib\libHCCD.a(safefat.o)
 .text._s_write
                0x20019fd0      0x384 C:/Users/user1/Documents/hoopoe-2/hal/demo/..//hcc/lib\libHCCD.a(safefat.o)
 .text._s_restoreclusters
                0x2001a354      0x270 C:/Users/user1/Documents/hoopoe-2/hal/demo/..//hcc/lib\libHCCD.a(safefat.o)
                0x2001a354                _s_restoreclusters
 .text._s_findrestore
                0x2001a5c4      0x18c C:/Users/user1/Documents/hoopoe-2/hal/demo/..//hcc/lib\libHCCD.a(safefat.o)
 .text._s_cmd_writede
                0x2001a750       0xd8 C:/Users/user1/Documents/hoopoe-2/hal/demo/..//hcc/lib\libHCCD.a(safefat.o)
 .text._s_cmd_setcluster
                0x2001a828       0x88 C:/Users/user1/Documents/hoopoe-2/hal/demo/..//hcc/lib\libHCCD.a(safefat.o)
 .text._s_cmd_deletechain
                0x2001a8b0      0x100 C:/Users/user1/Documents/hoopoe-2/hal/demo/..//hcc/lib\libHCCD.a(safefat.o)
 .text._s_cmd_validatecfn
                0x2001a9b0      0x308 C:/Users/user1/Documents/hoopoe-2/hal/demo/..//hcc/lib\libHCCD.a(safefat.o)
 .text._s_cmd_seteof
                0x2001acb8      0x3c4 C:/Users/user1/Documents/hoopoe-2/hal/demo/..//hcc/lib\libHCCD.a(safefat.o)
 .text.safe_docommands
                0x2001b07c      0x56c C:/Users/user1/Documents/hoopoe-2/hal/demo/..//hcc/lib\libHCCD.a(safefat.o)
                0x2001b07c                safe_docommands
 .text.safe_entercommand
                0x2001b5e8       0x68 C:/Users/user1/Documents/hoopoe-2/hal/demo/..//hcc/lib\libHCCD.a(safefat.o)
                0x2001b5e8                safe_entercommand
 .text.safe_ready
                0x2001b650       0xf4 C:/Users/user1/Documents/hoopoe-2/hal/demo/..//hcc/lib\libHCCD.a(safefat.o)
                0x2001b650                safe_ready
 .text.safe_copycfn
                0x2001b744       0xb8 C:/Users/user1/Documents/hoopoe-2/hal/demo/..//hcc/lib\libHCCD.a(safefat.o)
                0x2001b744                safe_copycfn
 .text.safe_cfremove
                0x2001b7fc       0xb8 C:/Users/user1/Documents/hoopoe-2/hal/demo/..//hcc/lib\libHCCD.a(safefat.o)
                0x2001b7fc                safe_cfremove
 .text.safe_writede
                0x2001b8b4      0x104 C:/Users/user1/Documents/hoopoe-2/hal/demo/..//hcc/lib\libHCCD.a(safefat.o)
                0x2001b8b4                safe_writede
 .text.safe_setcluster
                0x2001b9b8       0xcc C:/Users/user1/Documents/hoopoe-2/hal/demo/..//hcc/lib\libHCCD.a(safefat.o)
                0x2001b9b8                safe_setcluster
 .text.safe_deletechain
                0x2001ba84      0x1c8 C:/Users/user1/Documents/hoopoe-2/hal/demo/..//hcc/lib\libHCCD.a(safefat.o)
                0x2001ba84                safe_deletechain
 .text.safe_cfclose
                0x2001bc4c      0x104 C:/Users/user1/Documents/hoopoe-2/hal/demo/..//hcc/lib\libHCCD.a(safefat.o)
                0x2001bc4c                safe_cfclose
 .text.safe_seteof
                0x2001bd50      0x1a0 C:/Users/user1/Documents/hoopoe-2/hal/demo/..//hcc/lib\libHCCD.a(safefat.o)
                0x2001bd50                safe_seteof
 .text.safe_cfflush
                0x2001bef0      0x124 C:/Users/user1/Documents/hoopoe-2/hal/demo/..//hcc/lib\libHCCD.a(safefat.o)
                0x2001bef0                safe_cfflush
 .text.safe_reset
                0x2001c014       0x78 C:/Users/user1/Documents/hoopoe-2/hal/demo/..//hcc/lib\libHCCD.a(safefat.o)
                0x2001c014                safe_reset
 .text.safe_loadcommands
                0x2001c08c       0x78 C:/Users/user1/Documents/hoopoe-2/hal/demo/..//hcc/lib\libHCCD.a(safefat.o)
                0x2001c08c                safe_loadcommands
 .text.safe_poweron
                0x2001c104      0x1fc C:/Users/user1/Documents/hoopoe-2/hal/demo/..//hcc/lib\libHCCD.a(safefat.o)
                0x2001c104                safe_poweron
 .text.cf_getname
                0x2001c300       0xc0 C:/Users/user1/Documents/hoopoe-2/hal/demo/..//hcc/lib\libHCCD.a(safefat.o)
 .text.cf_copyclusterchain
                0x2001c3c0      0x138 C:/Users/user1/Documents/hoopoe-2/hal/demo/..//hcc/lib\libHCCD.a(safefat.o)
 .text.cf_seektozero
                0x2001c4f8       0x94 C:/Users/user1/Documents/hoopoe-2/hal/demo/..//hcc/lib\libHCCD.a(safefat.o)
                0x2001c4f8                cf_seektozero
 .text.cf_create
                0x2001c58c      0x3a8 C:/Users/user1/Documents/hoopoe-2/hal/demo/..//hcc/lib\libHCCD.a(safefat.o)
                0x2001c58c                cf_create
 .text.cf_copyclustercontent
                0x2001c934      0x128 C:/Users/user1/Documents/hoopoe-2/hal/demo/..//hcc/lib\libHCCD.a(safefat.o)
                0x2001c934                cf_copyclustercontent
 .text.cf_copycfn
                0x2001ca5c      0x4bc C:/Users/user1/Documents/hoopoe-2/hal/demo/..//hcc/lib\libHCCD.a(safefat.o)
                0x2001ca5c                cf_copycfn
 .text.cf_remove
                0x2001cf18      0x344 C:/Users/user1/Documents/hoopoe-2/hal/demo/..//hcc/lib\libHCCD.a(safefat.o)
                0x2001cf18                cf_remove
 .text.cf_setclusternew
                0x2001d25c       0xf0 C:/Users/user1/Documents/hoopoe-2/hal/demo/..//hcc/lib\libHCCD.a(safefat.o)
                0x2001d25c                cf_setclusternew
 .text.cf_flush
                0x2001d34c       0x58 C:/Users/user1/Documents/hoopoe-2/hal/demo/..//hcc/lib\libHCCD.a(safefat.o)
                0x2001d34c                cf_flush
 .text.cf_getcluster
                0x2001d3a4      0x1b4 C:/Users/user1/Documents/hoopoe-2/hal/demo/..//hcc/lib\libHCCD.a(safefat.o)
                0x2001d3a4                cf_getcluster
 .text.cf_setnextcluster
                0x2001d558      0x194 C:/Users/user1/Documents/hoopoe-2/hal/demo/..//hcc/lib\libHCCD.a(safefat.o)
                0x2001d558                cf_setnextcluster
 .text.cf_getpositions
                0x2001d6ec       0xbc C:/Users/user1/Documents/hoopoe-2/hal/demo/..//hcc/lib\libHCCD.a(safefat.o)
                0x2001d6ec                cf_getpositions
 .text.cf_setpositions
                0x2001d7a8       0xb0 C:/Users/user1/Documents/hoopoe-2/hal/demo/..//hcc/lib\libHCCD.a(safefat.o)
                0x2001d7a8                cf_setpositions
 .text.cf_opensyncafile
                0x2001d858      0x150 C:/Users/user1/Documents/hoopoe-2/hal/demo/..//hcc/lib\libHCCD.a(safefat.o)
                0x2001d858                cf_opensyncafile
 .text.cf_reloadcfo
                0x2001d9a8       0xd8 C:/Users/user1/Documents/hoopoe-2/hal/demo/..//hcc/lib\libHCCD.a(safefat.o)
                0x2001d9a8                cf_reloadcfo
 .text.open_alternating
                0x2001da80       0x58 C:/Users/user1/Documents/hoopoe-2/hal/demo/..//hcc/lib\libHCCD.a(fat_test.o)
                0x2001da80                open_alternating
 .text.f_nameconv
                0x2001dad8       0xb8 C:/Users/user1/Documents/hoopoe-2/hal/demo/..//hcc/lib\libHCCD.a(fat_test.o)
 .text.STRCMP   0x2001db90       0x8c C:/Users/user1/Documents/hoopoe-2/hal/demo/..//hcc/lib\libHCCD.a(fat_test.o)
 .text._f_checkcwd
                0x2001dc1c      0x108 C:/Users/user1/Documents/hoopoe-2/hal/demo/..//hcc/lib\libHCCD.a(fat_test.o)
 .text.checkfilecontent
                0x2001dd24       0xb8 C:/Users/user1/Documents/hoopoe-2/hal/demo/..//hcc/lib\libHCCD.a(fat_test.o)
 .text.f_formatting
                0x2001dddc      0x304 C:/Users/user1/Documents/hoopoe-2/hal/demo/..//hcc/lib\libHCCD.a(fat_test.o)
                0x2001dddc                f_formatting
 .text.f_dirtest
                0x2001e0e0     0x10fc C:/Users/user1/Documents/hoopoe-2/hal/demo/..//hcc/lib\libHCCD.a(fat_test.o)
 .text.f_findingtest
                0x2001f1dc      0xf54 C:/Users/user1/Documents/hoopoe-2/hal/demo/..//hcc/lib\libHCCD.a(fat_test.o)
 .text.f_powerfail
                0x20020130      0x7d4 C:/Users/user1/Documents/hoopoe-2/hal/demo/..//hcc/lib\libHCCD.a(fat_test.o)
 .text.f_seeking
                0x20020904     0x25f0 C:/Users/user1/Documents/hoopoe-2/hal/demo/..//hcc/lib\libHCCD.a(fat_test.o)
 .text.f_opening
                0x20022ef4     0x17a4 C:/Users/user1/Documents/hoopoe-2/hal/demo/..//hcc/lib\libHCCD.a(fat_test.o)
 .text.f_appending
                0x20024698      0x58c C:/Users/user1/Documents/hoopoe-2/hal/demo/..//hcc/lib\libHCCD.a(fat_test.o)
 .text.f_writing
                0x20024c24     0x1a54 C:/Users/user1/Documents/hoopoe-2/hal/demo/..//hcc/lib\libHCCD.a(fat_test.o)
 .text.f_dots   0x20026678      0x638 C:/Users/user1/Documents/hoopoe-2/hal/demo/..//hcc/lib\libHCCD.a(fat_test.o)
 .text.f_rit    0x20026cb0      0x4b8 C:/Users/user1/Documents/hoopoe-2/hal/demo/..//hcc/lib\libHCCD.a(fat_test.o)
 .text.f_truncating
                0x20027168      0x7a4 C:/Users/user1/Documents/hoopoe-2/hal/demo/..//hcc/lib\libHCCD.a(fat_test.o)
 .text.f_seekpos
                0x2002790c     0x165c C:/Users/user1/Documents/hoopoe-2/hal/demo/..//hcc/lib\libHCCD.a(fat_test.o)
 .text.f_misc   0x20028f68     0x1e08 C:/Users/user1/Documents/hoopoe-2/hal/demo/..//hcc/lib\libHCCD.a(fat_test.o)
 .text.f_renaming
                0x2002ad70      0xb50 C:/Users/user1/Documents/hoopoe-2/hal/demo/..//hcc/lib\libHCCD.a(fat_test.o)
 .text.print_version
                0x2002b8c0       0x3c C:/Users/user1/Documents/hoopoe-2/hal/demo/..//hcc/lib\libHCCD.a(fat_test.o)
 .text.chdir_up
                0x2002b8fc      0x11c C:/Users/user1/Documents/hoopoe-2/hal/demo/..//hcc/lib\libHCCD.a(fat_test.o)
 .text.create_dirname
                0x2002ba18       0xd4 C:/Users/user1/Documents/hoopoe-2/hal/demo/..//hcc/lib\libHCCD.a(fat_test.o)
 .text.long_dirnames
                0x2002baec      0x5d8 C:/Users/user1/Documents/hoopoe-2/hal/demo/..//hcc/lib\libHCCD.a(fat_test.o)
 .text.f_dotest
                0x2002c0c4      0x35c C:/Users/user1/Documents/hoopoe-2/hal/demo/..//hcc/lib\libHCCD.a(fat_test.o)
                0x2002c0c4                f_dotest
 .text.mcipdc_cmd
                0x2002c420      0x22c C:/Users/user1/Documents/hoopoe-2/hal/demo/..//hcc/lib\libHCCD.a(atmel_mcipdc.o)
 .text.mcipdc_stop
                0x2002c64c       0xfc C:/Users/user1/Documents/hoopoe-2/hal/demo/..//hcc/lib\libHCCD.a(atmel_mcipdc.o)
                0x2002c64c                mcipdc_stop
 .text.mcipdc_read
                0x2002c748      0x27c C:/Users/user1/Documents/hoopoe-2/hal/demo/..//hcc/lib\libHCCD.a(atmel_mcipdc.o)
 .text.mcipdc_write
                0x2002c9c4      0x298 C:/Users/user1/Documents/hoopoe-2/hal/demo/..//hcc/lib\libHCCD.a(atmel_mcipdc.o)
 .text.mcipdc_readsector
                0x2002cc5c       0x9c C:/Users/user1/Documents/hoopoe-2/hal/demo/..//hcc/lib\libHCCD.a(atmel_mcipdc.o)
                0x2002cc5c                mcipdc_readsector
 .text.mcipdc_readmultiplesector
                0x2002ccf8      0x124 C:/Users/user1/Documents/hoopoe-2/hal/demo/..//hcc/lib\libHCCD.a(atmel_mcipdc.o)
                0x2002ccf8                mcipdc_readmultiplesector
 .text.mcipdc_writesector
                0x2002ce1c       0x90 C:/Users/user1/Documents/hoopoe-2/hal/demo/..//hcc/lib\libHCCD.a(atmel_mcipdc.o)
                0x2002ce1c                mcipdc_writesector
 .text.mcipdc_writemultiplesector
                0x2002ceac      0x120 C:/Users/user1/Documents/hoopoe-2/hal/demo/..//hcc/lib\libHCCD.a(atmel_mcipdc.o)
                0x2002ceac                mcipdc_writemultiplesector
 .text.mcipdc_set_speed
                0x2002cfcc       0xb0 C:/Users/user1/Documents/hoopoe-2/hal/demo/..//hcc/lib\libHCCD.a(atmel_mcipdc.o)
 .text.mcipdc_get_speed
                0x2002d07c       0x48 C:/Users/user1/Documents/hoopoe-2/hal/demo/..//hcc/lib\libHCCD.a(atmel_mcipdc.o)
 .text._get_csd_bits
                0x2002d0c4      0x14c C:/Users/user1/Documents/hoopoe-2/hal/demo/..//hcc/lib\libHCCD.a(atmel_mcipdc.o)
 .text.mcipdc_initcard
                0x2002d210      0x8f4 C:/Users/user1/Documents/hoopoe-2/hal/demo/..//hcc/lib\libHCCD.a(atmel_mcipdc.o)
 .text.mcipdc_getstatus
                0x2002db04       0xe8 C:/Users/user1/Documents/hoopoe-2/hal/demo/..//hcc/lib\libHCCD.a(atmel_mcipdc.o)
 .text.mcipdc_getphy
                0x2002dbec       0x90 C:/Users/user1/Documents/hoopoe-2/hal/demo/..//hcc/lib\libHCCD.a(atmel_mcipdc.o)
 .text.mcipdc_release
                0x2002dc7c       0x50 C:/Users/user1/Documents/hoopoe-2/hal/demo/..//hcc/lib\libHCCD.a(atmel_mcipdc.o)
 .text.atmel_mcipdc_initfunc
                0x2002dccc      0x160 C:/Users/user1/Documents/hoopoe-2/hal/demo/..//hcc/lib\libHCCD.a(atmel_mcipdc.o)
                0x2002dccc                atmel_mcipdc_initfunc
 .text.oal_mutex_create
                0x2002de2c       0x54 C:/Users/user1/Documents/hoopoe-2/hal/demo/..//hcc/lib\libHCCD.a(oalp_mutex.o)
                0x2002de2c                oal_mutex_create
 .text.oal_mutex_delete
                0x2002de80       0x30 C:/Users/user1/Documents/hoopoe-2/hal/demo/..//hcc/lib\libHCCD.a(oalp_mutex.o)
                0x2002de80                oal_mutex_delete
 .text.oal_mutex_get
                0x2002deb0       0x58 C:/Users/user1/Documents/hoopoe-2/hal/demo/..//hcc/lib\libHCCD.a(oalp_mutex.o)
                0x2002deb0                oal_mutex_get
 .text.oal_mutex_put
                0x2002df08       0x58 C:/Users/user1/Documents/hoopoe-2/hal/demo/..//hcc/lib\libHCCD.a(oalp_mutex.o)
                0x2002df08                oal_mutex_put
 .text.oal_task_get_id
                0x2002df60       0x18 C:/Users/user1/Documents/hoopoe-2/hal/demo/..//hcc/lib\libHCCD.a(oalp_task.o)
                0x2002df60                oal_task_get_id
 .text.mcipdc_hw_init
                0x2002df78       0xe8 C:/Users/user1/Documents/hoopoe-2/hal/demo/..//hcc/lib\libHCCD.a(atmel_mcipdc_hw.o)
                0x2002df78                mcipdc_hw_init
 .text.mcipdc_hw_delete
                0x2002e060       0x78 C:/Users/user1/Documents/hoopoe-2/hal/demo/..//hcc/lib\libHCCD.a(atmel_mcipdc_hw.o)
                0x2002e060                mcipdc_hw_delete
 .text.mcipdc_hw_card_plugged
                0x2002e0d8       0x1c C:/Users/user1/Documents/hoopoe-2/hal/demo/..//hcc/lib\libHCCD.a(atmel_mcipdc_hw.o)
                0x2002e0d8                mcipdc_hw_card_plugged
 .text.mcipdc_hw_card_writeprotect
                0x2002e0f4       0x1c C:/Users/user1/Documents/hoopoe-2/hal/demo/..//hcc/lib\libHCCD.a(atmel_mcipdc_hw.o)
                0x2002e0f4                mcipdc_hw_card_writeprotect
 .text._f_poweron
                0x2002e110       0x78 C:/Users/user1/Documents/hoopoe-2/hal/demo/..//hcc/lib\libHCCD.a(fat_testport.o)
                0x2002e110                _f_poweron
 .text._f_poweroff
                0x2002e188       0x2c C:/Users/user1/Documents/hoopoe-2/hal/demo/..//hcc/lib\libHCCD.a(fat_testport.o)
                0x2002e188                _f_poweroff
 .text._f_dump  0x2002e1b4       0x28 C:/Users/user1/Documents/hoopoe-2/hal/demo/..//hcc/lib\libHCCD.a(fat_testport.o)
                0x2002e1b4                _f_dump
 .text._f_result
                0x2002e1dc       0x58 C:/Users/user1/Documents/hoopoe-2/hal/demo/..//hcc/lib\libHCCD.a(fat_testport.o)
                0x2002e1dc                _f_result
 .text.psp_getrand
                0x2002e234      0x14c C:/Users/user1/Documents/hoopoe-2/hal/demo/..//hcc/lib\libHCCD.a(psp_rand.o)
                0x2002e234                psp_getrand
 .text.psp_getcurrenttimedate
                0x2002e380       0x8c C:/Users/user1/Documents/hoopoe-2/hal/demo/..//hcc/lib\libHCCD.a(psp_rtc.o)
                0x2002e380                psp_getcurrenttimedate
 .text._hcc_get_buf_dsc
                0x2002e40c       0x8c C:/Users/user1/Documents/hoopoe-2/hal/demo/..//hcc/lib\libHCCD.a(hcc_mem.o)
 .text._hcc_check_free_pages
                0x2002e498      0x18c C:/Users/user1/Documents/hoopoe-2/hal/demo/..//hcc/lib\libHCCD.a(hcc_mem.o)
 .text._hcc_mark_pages
                0x2002e624      0x158 C:/Users/user1/Documents/hoopoe-2/hal/demo/..//hcc/lib\libHCCD.a(hcc_mem.o)
 .text._hcc_clear_lock_dsc
                0x2002e77c       0x80 C:/Users/user1/Documents/hoopoe-2/hal/demo/..//hcc/lib\libHCCD.a(hcc_mem.o)
 .text._hcc_lock_access
                0x2002e7fc      0x128 C:/Users/user1/Documents/hoopoe-2/hal/demo/..//hcc/lib\libHCCD.a(hcc_mem.o)
 .text._hcc_unlock_access
                0x2002e924       0x30 C:/Users/user1/Documents/hoopoe-2/hal/demo/..//hcc/lib\libHCCD.a(hcc_mem.o)
 .text.hcc_mem_alloc
                0x2002e954      0x454 C:/Users/user1/Documents/hoopoe-2/hal/demo/..//hcc/lib\libHCCD.a(hcc_mem.o)
                0x2002e954                hcc_mem_alloc
 .text.hcc_mem_free
                0x2002eda8      0x178 C:/Users/user1/Documents/hoopoe-2/hal/demo/..//hcc/lib\libHCCD.a(hcc_mem.o)
                0x2002eda8                hcc_mem_free
 .text.hcc_mem_add
                0x2002ef20      0x3b0 C:/Users/user1/Documents/hoopoe-2/hal/demo/..//hcc/lib\libHCCD.a(hcc_mem.o)
                0x2002ef20                hcc_mem_add
 .text.hcc_mem_init
                0x2002f2d0      0x164 C:/Users/user1/Documents/hoopoe-2/hal/demo/..//hcc/lib\libHCCD.a(hcc_mem.o)
                0x2002f2d0                hcc_mem_init
 .text.hcc_mem_delete
                0x2002f434       0x94 C:/Users/user1/Documents/hoopoe-2/hal/demo/..//hcc/lib\libHCCD.a(hcc_mem.o)
                0x2002f434                hcc_mem_delete
 .text._f_invalidatedir
                0x2002f4c8       0x28 C:/Users/user1/Documents/hoopoe-2/hal/demo/..//hcc/lib\libHCCD.a(fat.o)
                0x2002f4c8                _f_invalidatedir
 .text._f_getdirsector
                0x2002f4f0       0x88 C:/Users/user1/Documents/hoopoe-2/hal/demo/..//hcc/lib\libHCCD.a(fat.o)
                0x2002f4f0                _f_getdirsector
 .text._f_writedirsector
                0x2002f578       0x74 C:/Users/user1/Documents/hoopoe-2/hal/demo/..//hcc/lib\libHCCD.a(fat.o)
                0x2002f578                _f_writedirsector
 .text._f_checknameinv
                0x2002f5ec      0x180 C:/Users/user1/Documents/hoopoe-2/hal/demo/..//hcc/lib\libHCCD.a(fat.o)
 .text._f_checkname
                0x2002f76c       0x7c C:/Users/user1/Documents/hoopoe-2/hal/demo/..//hcc/lib\libHCCD.a(fat.o)
 .text._f_checknamewc
                0x2002f7e8       0xf8 C:/Users/user1/Documents/hoopoe-2/hal/demo/..//hcc/lib\libHCCD.a(fat.o)
 .text._f_setnameext
                0x2002f8e0      0x300 C:/Users/user1/Documents/hoopoe-2/hal/demo/..//hcc/lib\libHCCD.a(fat.o)
 .text._f_setfsname
                0x2002fbe0      0x584 C:/Users/user1/Documents/hoopoe-2/hal/demo/..//hcc/lib\libHCCD.a(fat.o)
 .text._f_findfile
                0x20030164      0x30c C:/Users/user1/Documents/hoopoe-2/hal/demo/..//hcc/lib\libHCCD.a(fat.o)
 .text._f_cmp_wname
                0x20030470      0x274 C:/Users/user1/Documents/hoopoe-2/hal/demo/..//hcc/lib\libHCCD.a(fat.o)
 .text._f_to_string
                0x200306e4      0x130 C:/Users/user1/Documents/hoopoe-2/hal/demo/..//hcc/lib\libHCCD.a(fat.o)
 .text._f_findfilewc
                0x20030814      0x278 C:/Users/user1/Documents/hoopoe-2/hal/demo/..//hcc/lib\libHCCD.a(fat.o)
 .text._f_getfilename
                0x20030a8c      0x20c C:/Users/user1/Documents/hoopoe-2/hal/demo/..//hcc/lib\libHCCD.a(fat.o)
 .text._f_findpath
                0x20030c98      0x35c C:/Users/user1/Documents/hoopoe-2/hal/demo/..//hcc/lib\libHCCD.a(fat.o)
 .text.fn_getdcwd
                0x20030ff4      0x1e0 C:/Users/user1/Documents/hoopoe-2/hal/demo/..//hcc/lib\libHCCD.a(fat.o)
                0x20030ff4                fn_getdcwd
 .text.fn_getcwd
                0x200311d4      0x1e8 C:/Users/user1/Documents/hoopoe-2/hal/demo/..//hcc/lib\libHCCD.a(fat.o)
                0x200311d4                fn_getcwd
 .text.fn_findfirst
                0x200313bc      0x13c C:/Users/user1/Documents/hoopoe-2/hal/demo/..//hcc/lib\libHCCD.a(fat.o)
                0x200313bc                fn_findfirst
 .text.fn_findnext
                0x200314f8      0x360 C:/Users/user1/Documents/hoopoe-2/hal/demo/..//hcc/lib\libHCCD.a(fat.o)
                0x200314f8                fn_findnext
 .text.fn_chdir
                0x20031858      0x240 C:/Users/user1/Documents/hoopoe-2/hal/demo/..//hcc/lib\libHCCD.a(fat.o)
                0x20031858                fn_chdir
 .text.fn_move  0x20031a98      0xad0 C:/Users/user1/Documents/hoopoe-2/hal/demo/..//hcc/lib\libHCCD.a(fat.o)
                0x20031a98                fn_move
 .text.fn_rename
                0x20032568      0x214 C:/Users/user1/Documents/hoopoe-2/hal/demo/..//hcc/lib\libHCCD.a(fat.o)
                0x20032568                fn_rename
 .text._f_lock_resfile
                0x2003277c       0x6c C:/Users/user1/Documents/hoopoe-2/hal/demo/..//hcc/lib\libHCCD.a(fat.o)
 .text._f_unlock_resfile
                0x200327e8       0x40 C:/Users/user1/Documents/hoopoe-2/hal/demo/..//hcc/lib\libHCCD.a(fat.o)
 .text._f_getintfile
                0x20032828      0x124 C:/Users/user1/Documents/hoopoe-2/hal/demo/..//hcc/lib\libHCCD.a(fat.o)
 .text._f_addentry
                0x2003294c      0x540 C:/Users/user1/Documents/hoopoe-2/hal/demo/..//hcc/lib\libHCCD.a(fat.o)
 .text.fn_mkdir
                0x20032e8c      0x75c C:/Users/user1/Documents/hoopoe-2/hal/demo/..//hcc/lib\libHCCD.a(fat.o)
                0x20032e8c                fn_mkdir
 .text.fn_filelength
                0x200335e8      0x1cc C:/Users/user1/Documents/hoopoe-2/hal/demo/..//hcc/lib\libHCCD.a(fat.o)
                0x200335e8                fn_filelength
 .text.fn_open_sub
                0x200337b4     0x1698 C:/Users/user1/Documents/hoopoe-2/hal/demo/..//hcc/lib\libHCCD.a(fat.o)
 .text.fn_open  0x20034e4c       0x44 C:/Users/user1/Documents/hoopoe-2/hal/demo/..//hcc/lib\libHCCD.a(fat.o)
                0x20034e4c                fn_open
 .text.fn_open_nonsafe
                0x20034e90       0x44 C:/Users/user1/Documents/hoopoe-2/hal/demo/..//hcc/lib\libHCCD.a(fat.o)
                0x20034e90                fn_open_nonsafe
 .text.fn_settimedate
                0x20034ed4      0x324 C:/Users/user1/Documents/hoopoe-2/hal/demo/..//hcc/lib\libHCCD.a(fat.o)
                0x20034ed4                fn_settimedate
 .text.fn_gettimedate
                0x200351f8      0x1bc C:/Users/user1/Documents/hoopoe-2/hal/demo/..//hcc/lib\libHCCD.a(fat.o)
                0x200351f8                fn_gettimedate
 .text.fn_stat  0x200353b4      0x26c C:/Users/user1/Documents/hoopoe-2/hal/demo/..//hcc/lib\libHCCD.a(fat.o)
                0x200353b4                fn_stat
 .text.fn_delete
                0x20035620      0x490 C:/Users/user1/Documents/hoopoe-2/hal/demo/..//hcc/lib\libHCCD.a(fat.o)
                0x20035620                fn_delete
 .text.fn_getattr
                0x20035ab0      0x17c C:/Users/user1/Documents/hoopoe-2/hal/demo/..//hcc/lib\libHCCD.a(fat.o)
                0x20035ab0                fn_getattr
 .text.fn_setattr
                0x20035c2c      0x328 C:/Users/user1/Documents/hoopoe-2/hal/demo/..//hcc/lib\libHCCD.a(fat.o)
                0x20035c2c                fn_setattr
 .text.fn_rmdir
                0x20035f54      0x5ac C:/Users/user1/Documents/hoopoe-2/hal/demo/..//hcc/lib\libHCCD.a(fat.o)
                0x20035f54                fn_rmdir
 .text.fn_getlabel
                0x20036500      0x39c C:/Users/user1/Documents/hoopoe-2/hal/demo/..//hcc/lib\libHCCD.a(fat.o)
                0x20036500                fn_getlabel
 .text.fn_setlabel
                0x2003689c      0x574 C:/Users/user1/Documents/hoopoe-2/hal/demo/..//hcc/lib\libHCCD.a(fat.o)
                0x2003689c                fn_setlabel
 .text.fn_truncate
                0x20036e10      0x7b4 C:/Users/user1/Documents/hoopoe-2/hal/demo/..//hcc/lib\libHCCD.a(fat.o)
                0x20036e10                fn_truncate
 .text.hcc_mem_buf_alloc
                0x200375c4       0xe4 C:/Users/user1/Documents/hoopoe-2/hal/demo/..//hcc/lib\libHCCD.a(psp_hcc_mem.o)
                0x200375c4                hcc_mem_buf_alloc
 .text.hcc_mem_buf_free
                0x200376a8       0x6c C:/Users/user1/Documents/hoopoe-2/hal/demo/..//hcc/lib\libHCCD.a(psp_hcc_mem.o)
                0x200376a8                hcc_mem_buf_free
 .text.checksum_prepareLUTCRC32
                0x20037714       0x80 C:/Users/user1/Documents/hoopoe-2/hal/demo/..//hal/lib\libHALD.a(checksum.o)
                0x20037714                checksum_prepareLUTCRC32
 .text.checksum_calculateCRC32LUT
                0x20037794       0xa8 C:/Users/user1/Documents/hoopoe-2/hal/demo/..//hal/lib\libHALD.a(checksum.o)
                0x20037794                checksum_calculateCRC32LUT
 .text.checksum_calculateCRC32
                0x2003783c      0x184 C:/Users/user1/Documents/hoopoe-2/hal/demo/..//hal/lib\libHALD.a(checksum.o)
                0x2003783c                checksum_calculateCRC32
 .text.checksum_prepareLUTCRC16
                0x200379c0       0x8c C:/Users/user1/Documents/hoopoe-2/hal/demo/..//hal/lib\libHALD.a(checksum.o)
                0x200379c0                checksum_prepareLUTCRC16
 .text.checksum_calculateCRC16LUT
                0x20037a4c      0x158 C:/Users/user1/Documents/hoopoe-2/hal/demo/..//hal/lib\libHALD.a(checksum.o)
                0x20037a4c                checksum_calculateCRC16LUT
 .text.checksum_calculateCRC16
                0x20037ba4      0x124 C:/Users/user1/Documents/hoopoe-2/hal/demo/..//hal/lib\libHALD.a(checksum.o)
                0x20037ba4                checksum_calculateCRC16
 .text.checksum_prepareLUTCRC8
                0x20037cc8       0x88 C:/Users/user1/Documents/hoopoe-2/hal/demo/..//hal/lib\libHALD.a(checksum.o)
                0x20037cc8                checksum_prepareLUTCRC8
 .text.checksum_calculateCRC8LUT
                0x20037d50       0xa0 C:/Users/user1/Documents/hoopoe-2/hal/demo/..//hal/lib\libHALD.a(checksum.o)
                0x20037d50                checksum_calculateCRC8LUT
 .text.checksum_calculateCRC8
                0x20037df0      0x120 C:/Users/user1/Documents/hoopoe-2/hal/demo/..//hal/lib\libHALD.a(checksum.o)
                0x20037df0                checksum_calculateCRC8
 .text.Supervisor_start
                0x20037f10      0x238 C:/Users/user1/Documents/hoopoe-2/hal/demo/..//hal/lib\libHALD.a(supervisor.o)
                0x20037f10                Supervisor_start
 .text.SuperVisor_prepareAndCommunicateI2C
                0x20038148      0x294 C:/Users/user1/Documents/hoopoe-2/hal/demo/..//hal/lib\libHALD.a(supervisor.o)
 .text.Supervisor_prepareAndCommunicateSPI
                0x200383dc       0xc8 C:/Users/user1/Documents/hoopoe-2/hal/demo/..//hal/lib\libHALD.a(supervisor.o)
 .text.Supervisor_performCommunication
                0x200384a4      0x320 C:/Users/user1/Documents/hoopoe-2/hal/demo/..//hal/lib\libHALD.a(supervisor.o)
 .text.Supervisor_reset
                0x200387c4       0x58 C:/Users/user1/Documents/hoopoe-2/hal/demo/..//hal/lib\libHALD.a(supervisor.o)
                0x200387c4                Supervisor_reset
 .text.Supervisor_powerCycleIobc
                0x2003881c       0x58 C:/Users/user1/Documents/hoopoe-2/hal/demo/..//hal/lib\libHALD.a(supervisor.o)
                0x2003881c                Supervisor_powerCycleIobc
 .text.Supervisor_getVersion
                0x20038874       0x58 C:/Users/user1/Documents/hoopoe-2/hal/demo/..//hal/lib\libHALD.a(supervisor.o)
                0x20038874                Supervisor_getVersion
 .text.Supervisor_getHousekeeping
                0x200388cc       0x58 C:/Users/user1/Documents/hoopoe-2/hal/demo/..//hal/lib\libHALD.a(supervisor.o)
                0x200388cc                Supervisor_getHousekeeping
 .text.Supervisor_calculateAdcValues
                0x20038924      0x3c4 C:/Users/user1/Documents/hoopoe-2/hal/demo/..//hal/lib\libHALD.a(supervisor.o)
                0x20038924                Supervisor_calculateAdcValues
 .text.Supervisor_voltageToTempBinarySearch
                0x20038ce8      0x1ac C:/Users/user1/Documents/hoopoe-2/hal/demo/..//hal/lib\libHALD.a(supervisor.o)
 .text.Supervisor_CalculateCRC
                0x20038e94       0x8c C:/Users/user1/Documents/hoopoe-2/hal/demo/..//hal/lib\libHALD.a(supervisor.o)
 .text.ADC_ConvertRaw10bitToMillivolt
                0x20038f20       0x50 C:/Users/user1/Documents/hoopoe-2/hal/demo/..//hal/lib\libHALD.a(ADC.o)
                0x20038f20                ADC_ConvertRaw10bitToMillivolt
 .text.ADC_SingleShot
                0x20038f70      0x230 C:/Users/user1/Documents/hoopoe-2/hal/demo/..//hal/lib\libHALD.a(ADC.o)
                0x20038f70                ADC_SingleShot
 .text.ADC_start
                0x200391a0      0x5d8 C:/Users/user1/Documents/hoopoe-2/hal/demo/..//hal/lib\libHALD.a(ADC.o)
                0x200391a0                ADC_start
 .text.clearPDCtransfers
                0x20039778       0x88 C:/Users/user1/Documents/hoopoe-2/hal/demo/..//hal/lib\libHALD.a(ADC.o)
 .text.ADC_stop
                0x20039800       0x94 C:/Users/user1/Documents/hoopoe-2/hal/demo/..//hal/lib\libHALD.a(ADC.o)
                0x20039800                ADC_stop
 .text.validateTransferParameters
                0x20039894      0x10c C:/Users/user1/Documents/hoopoe-2/hal/demo/..//hal/lib\libHALD.a(I2C.o)
 .text.I2C_queueTransfer
                0x200399a0       0xe8 C:/Users/user1/Documents/hoopoe-2/hal/demo/..//hal/lib\libHALD.a(I2C.o)
                0x200399a0                I2C_queueTransfer
 .text.I2C_internalCallback
                0x20039a88       0x64 C:/Users/user1/Documents/hoopoe-2/hal/demo/..//hal/lib\libHALD.a(I2C.o)
 .text.I2C_doBlockingTransfer
                0x20039aec      0x160 C:/Users/user1/Documents/hoopoe-2/hal/demo/..//hal/lib\libHALD.a(I2C.o)
 .text.I2C_write
                0x20039c4c      0x110 C:/Users/user1/Documents/hoopoe-2/hal/demo/..//hal/lib\libHALD.a(I2C.o)
                0x20039c4c                I2C_write
 .text.I2C_writeRead
                0x20039d5c      0x180 C:/Users/user1/Documents/hoopoe-2/hal/demo/..//hal/lib\libHALD.a(I2C.o)
                0x20039d5c                I2C_writeRead
 .text.I2C_start
                0x20039edc      0x2e8 C:/Users/user1/Documents/hoopoe-2/hal/demo/..//hal/lib\libHALD.a(I2C.o)
                0x20039edc                I2C_start
 .text.I2C_stop
                0x2003a1c4      0x184 C:/Users/user1/Documents/hoopoe-2/hal/demo/..//hal/lib\libHALD.a(I2C.o)
                0x2003a1c4                I2C_stop
 .text.I2C_setTransferTimeout
                0x2003a348       0x48 C:/Users/user1/Documents/hoopoe-2/hal/demo/..//hal/lib\libHALD.a(I2C.o)
                0x2003a348                I2C_setTransferTimeout
 .text.uSdelay  0x2003a390       0x88 C:/Users/user1/Documents/hoopoe-2/hal/demo/..//hal/lib\libHALD.a(LED.o)
 .text.LED_start
                0x2003a418       0x1c C:/Users/user1/Documents/hoopoe-2/hal/demo/..//hal/lib\libHALD.a(LED.o)
                0x2003a418                LED_start
 .text.LED_glow
                0x2003a434       0x58 C:/Users/user1/Documents/hoopoe-2/hal/demo/..//hal/lib\libHALD.a(LED.o)
                0x2003a434                LED_glow
 .text.LED_dark
                0x2003a48c       0x58 C:/Users/user1/Documents/hoopoe-2/hal/demo/..//hal/lib\libHALD.a(LED.o)
                0x2003a48c                LED_dark
 .text.LED_toggle
                0x2003a4e4       0x50 C:/Users/user1/Documents/hoopoe-2/hal/demo/..//hal/lib\libHALD.a(LED.o)
                0x2003a4e4                LED_toggle
 .text.LED_wave
                0x2003a534       0xd0 C:/Users/user1/Documents/hoopoe-2/hal/demo/..//hal/lib\libHALD.a(LED.o)
                0x2003a534                LED_wave
 .text.LED_waveReverse
                0x2003a604       0xd0 C:/Users/user1/Documents/hoopoe-2/hal/demo/..//hal/lib\libHALD.a(LED.o)
                0x2003a604                LED_waveReverse
 .text.PWM_startUp
                0x2003a6d4       0xe8 C:/Users/user1/Documents/hoopoe-2/hal/demo/..//hal/lib\libHALD.a(PWM.o)
 .text.PWM_start
                0x2003a7bc       0x8c C:/Users/user1/Documents/hoopoe-2/hal/demo/..//hal/lib\libHALD.a(PWM.o)
                0x2003a7bc                PWM_start
 .text.PWM_setRawDutyCycles
                0x2003a848      0x170 C:/Users/user1/Documents/hoopoe-2/hal/demo/..//hal/lib\libHALD.a(PWM.o)
                0x2003a848                PWM_setRawDutyCycles
 .text.PWM_setAllDutyCyclesFull
                0x2003a9b8       0x74 C:/Users/user1/Documents/hoopoe-2/hal/demo/..//hal/lib\libHALD.a(PWM.o)
                0x2003a9b8                PWM_setAllDutyCyclesFull
 .text.PWM_setDutyCycles
                0x2003aa2c       0xcc C:/Users/user1/Documents/hoopoe-2/hal/demo/..//hal/lib\libHALD.a(PWM.o)
                0x2003aa2c                PWM_setDutyCycles
 .text.clearPDCtransfers
                0x2003aaf8       0xdc C:/Users/user1/Documents/hoopoe-2/hal/demo/..//hal/lib\libHALD.a(SPI.o)
 .text.SPI_start
                0x2003abd4      0x4c0 C:/Users/user1/Documents/hoopoe-2/hal/demo/..//hal/lib\libHALD.a(SPI.o)
                0x2003abd4                SPI_start
 .text.SPI_stop
                0x2003b094      0x22c C:/Users/user1/Documents/hoopoe-2/hal/demo/..//hal/lib\libHALD.a(SPI.o)
                0x2003b094                SPI_stop
 .text.SPI_queueTransfer
                0x2003b2c0      0x190 C:/Users/user1/Documents/hoopoe-2/hal/demo/..//hal/lib\libHALD.a(SPI.o)
                0x2003b2c0                SPI_queueTransfer
 .text.SPI_internalCallback
                0x2003b450       0x64 C:/Users/user1/Documents/hoopoe-2/hal/demo/..//hal/lib\libHALD.a(SPI.o)
 .text.SPI_writeRead
                0x2003b4b4      0x188 C:/Users/user1/Documents/hoopoe-2/hal/demo/..//hal/lib\libHALD.a(SPI.o)
                0x2003b4b4                SPI_writeRead
 .text.waitForTransfer
                0x2003b63c       0x68 C:/Users/user1/Documents/hoopoe-2/hal/demo/..//hal/lib\libHALD.a(SPI.o)
 .text.SPI_getDriverState
                0x2003b6a4       0x58 C:/Users/user1/Documents/hoopoe-2/hal/demo/..//hal/lib\libHALD.a(SPI.o)
                0x2003b6a4                SPI_getDriverState
 .text.clearPDCtransfers
                0x2003b6fc       0xdc C:/Users/user1/Documents/hoopoe-2/hal/demo/..//hal/lib\libHALD.a(UART.o)
 .text.UART_start
                0x2003b7d8      0x6d4 C:/Users/user1/Documents/hoopoe-2/hal/demo/..//hal/lib\libHALD.a(UART.o)
                0x2003b7d8                UART_start
 .text.UART_stop
                0x2003beac      0x250 C:/Users/user1/Documents/hoopoe-2/hal/demo/..//hal/lib\libHALD.a(UART.o)
                0x2003beac                UART_stop
 .text.UART_queueTransfer
                0x2003c0fc      0x1a8 C:/Users/user1/Documents/hoopoe-2/hal/demo/..//hal/lib\libHALD.a(UART.o)
                0x2003c0fc                UART_queueTransfer
 .text.UART_write
                0x2003c2a4      0x204 C:/Users/user1/Documents/hoopoe-2/hal/demo/..//hal/lib\libHALD.a(UART.o)
                0x2003c2a4                UART_write
 .text.UART_read
                0x2003c4a8      0x204 C:/Users/user1/Documents/hoopoe-2/hal/demo/..//hal/lib\libHALD.a(UART.o)
                0x2003c4a8                UART_read
 .text.taskWriteRegulator
                0x2003c6ac      0x2c0 C:/Users/user1/Documents/hoopoe-2/hal/demo/..//hal/lib\libHALD.a(UART.o)
 .text.taskReadRegulator
                0x2003c96c      0x2b4 C:/Users/user1/Documents/hoopoe-2/hal/demo/..//hal/lib\libHALD.a(UART.o)
 .text.FRAM_start
                0x2003cc20       0xf4 C:/Users/user1/Documents/hoopoe-2/hal/demo/..//hal/lib\libHALD.a(FRAM.o)
                0x2003cc20                FRAM_start
 .text.FRAM_dummyCallback
                0x2003cd14       0x24 C:/Users/user1/Documents/hoopoe-2/hal/demo/..//hal/lib\libHALD.a(FRAM.o)
                0x2003cd14                FRAM_dummyCallback
 .text.FRAM_unlockingCallback
                0x2003cd38       0x78 C:/Users/user1/Documents/hoopoe-2/hal/demo/..//hal/lib\libHALD.a(FRAM.o)
                0x2003cd38                FRAM_unlockingCallback
 .text.doBlockingTransfer
                0x2003cdb0       0x88 C:/Users/user1/Documents/hoopoe-2/hal/demo/..//hal/lib\libHALD.a(FRAM.o)
 .text.FRAM_writePacket
                0x2003ce38      0x148 C:/Users/user1/Documents/hoopoe-2/hal/demo/..//hal/lib\libHALD.a(FRAM.o)
 .text.FRAM_readPacket
                0x2003cf80      0x114 C:/Users/user1/Documents/hoopoe-2/hal/demo/..//hal/lib\libHALD.a(FRAM.o)
 .text.FRAM_writeAndVerifyPacket
                0x2003d094       0x8c C:/Users/user1/Documents/hoopoe-2/hal/demo/..//hal/lib\libHALD.a(FRAM.o)
 .text.FRAM_writeAndVerify
                0x2003d120      0x1e4 C:/Users/user1/Documents/hoopoe-2/hal/demo/..//hal/lib\libHALD.a(FRAM.o)
                0x2003d120                FRAM_writeAndVerify
 .text.RTC_start
                0x2003d304       0x3c C:/Users/user1/Documents/hoopoe-2/hal/demo/..//hal/lib\libHALD.a(RTC.o)
                0x2003d304                RTC_start
 .text.RTC_setTime
                0x2003d340      0x2a4 C:/Users/user1/Documents/hoopoe-2/hal/demo/..//hal/lib\libHALD.a(RTC.o)
                0x2003d340                RTC_setTime
 .text.RTC_getTime
                0x2003d5e4      0x224 C:/Users/user1/Documents/hoopoe-2/hal/demo/..//hal/lib\libHALD.a(RTC.o)
                0x2003d5e4                RTC_getTime
 .text.RTC_testGetSet
                0x2003d808      0x178 C:/Users/user1/Documents/hoopoe-2/hal/demo/..//hal/lib\libHALD.a(RTC.o)
                0x2003d808                RTC_testGetSet
 .text.RTC_checkTimeValid
                0x2003d980       0xdc C:/Users/user1/Documents/hoopoe-2/hal/demo/..//hal/lib\libHALD.a(RTC.o)
                0x2003d980                RTC_checkTimeValid
 .text.RTC_getTemperature
                0x2003da5c      0x104 C:/Users/user1/Documents/hoopoe-2/hal/demo/..//hal/lib\libHALD.a(RTC.o)
                0x2003da5c                RTC_getTemperature
 .text.Time_start
                0x2003db60      0x150 C:/Users/user1/Documents/hoopoe-2/hal/demo/..//hal/lib\libHALD.a(Time.o)
                0x2003db60                Time_start
 .text.taskTimeSync
                0x2003dcb0       0x38 C:/Users/user1/Documents/hoopoe-2/hal/demo/..//hal/lib\libHALD.a(Time.o)
 .text.Time_set
                0x2003dce8      0x278 C:/Users/user1/Documents/hoopoe-2/hal/demo/..//hal/lib\libHALD.a(Time.o)
                0x2003dce8                Time_set
 .text.Time_isLeapYear
                0x2003df60       0x98 C:/Users/user1/Documents/hoopoe-2/hal/demo/..//hal/lib\libHALD.a(Time.o)
                0x2003df60                Time_isLeapYear
 .text.Time_get
                0x2003dff8      0x410 C:/Users/user1/Documents/hoopoe-2/hal/demo/..//hal/lib\libHALD.a(Time.o)
                0x2003dff8                Time_get
 .text.Time_getUnixEpoch
                0x2003e408       0xf4 C:/Users/user1/Documents/hoopoe-2/hal/demo/..//hal/lib\libHALD.a(Time.o)
                0x2003e408                Time_getUnixEpoch
 .text.secondsOfYearToTime
                0x2003e4fc      0x328 C:/Users/user1/Documents/hoopoe-2/hal/demo/..//hal/lib\libHALD.a(Time.o)
 .text.Time_setUnixEpoch
                0x2003e824      0x100 C:/Users/user1/Documents/hoopoe-2/hal/demo/..//hal/lib\libHALD.a(Time.o)
                0x2003e824                Time_setUnixEpoch
 .text.Time_sync
                0x2003e924      0x2b8 C:/Users/user1/Documents/hoopoe-2/hal/demo/..//hal/lib\libHALD.a(Time.o)
                0x2003e924                Time_sync
 .text.Time_syncIfNeeded